[109.587s][debug][gc,phases,ref     ] GC(2492)         FinalRef (ms):            skipped
[109.587s][debug][gc,phases,ref     ] GC(2492)         Total (ms):               skipped
[109.587s][debug][gc,phases,ref     ] GC(2492)       Notify and keep alive finalizable: 0.0ms
[109.587s][debug][gc,phases,ref     ] GC(2492)         FinalRef (ms):            skipped
[109.587s][debug][gc,phases,ref     ] GC(2492)       Notify PhantomReferences: 0.0ms
[109.587s][debug][gc,phases,ref     ] GC(2492)         PhantomRef (ms):          skipped
[109.587s][debug][gc,phases,ref     ] GC(2492)       SoftReference:
[109.587s][debug][gc,phases,ref     ] GC(2492)         Discovered: 0
[109.587s][debug][gc,phases,ref     ] GC(2492)         Cleared: 0
[109.587s][debug][gc,phases,ref     ] GC(2492)       WeakReference:
[109.587s][debug][gc,phases,ref     ] GC(2492)         Discovered: 0
[109.587s][debug][gc,phases,ref     ] GC(2492)         Cleared: 0
[109.587s][debug][gc,phases,ref     ] GC(2492)       FinalReference:
[109.587s][debug][gc,phases,ref     ] GC(2492)         Discovered: 0
[109.587s][debug][gc,phases,ref     ] GC(2492)         Cleared: 0
[109.587s][debug][gc,phases,ref     ] GC(2492)       PhantomReference:
[109.587s][debug][gc,phases,ref     ] GC(2492)         Discovered: 0
[109.587s][debug][gc,phases,ref     ] GC(2492)         Cleared: 0
[109.587s][debug][gc,phases         ] GC(2492)     Weak Processing: 0.0ms
[109.587s][debug][gc,phases         ] GC(2492)       JVMTI weak processing: 0.0ms
[109.587s][debug][gc,phases         ] GC(2492)         Dead: 0
[109.587s][debug][gc,phases         ] GC(2492)         Total: 0
[109.587s][debug][gc,phases         ] GC(2492)       JFR weak processing: 0.0ms
[109.587s][debug][gc,phases         ] GC(2492)         Dead: 0
[109.587s][debug][gc,phases         ] GC(2492)         Total: 0
[109.587s][debug][gc,phases         ] GC(2492)       JNI weak                  Min:  0.0, Avg:  0.0, Max:  0.0, Diff:  0.0, Sum:  0.0, Workers: 5
[109.587s][debug][gc,phases         ] GC(2492)         Dead                      Min: 0, Avg:  0.0, Max: 0, Diff: 0, Sum: 0, Workers: 5
[109.587s][debug][gc,phases         ] GC(2492)         Total                     Min: 0, Avg: 20.4, Max: 62, Diff: 62, Sum: 102, Workers: 5
[109.587s][debug][gc,phases         ] GC(2492)       VM weak                   Min:  0.0, Avg:  0.0, Max:  0.0, Diff:  0.0, Sum:  0.0, Workers: 5
[109.587s][debug][gc,phases         ] GC(2492)         Dead                      Min: 0, Avg:  0.0, Max: 0, Diff: 0, Sum: 0, Workers: 5
[109.587s][debug][gc,phases         ] GC(2492)         Total                     Min: 0, Avg: 42.4, Max: 64, Diff: 64, Sum: 212, Workers: 5
[109.587s][debug][gc,phases         ] GC(2492)       StringTable weak          Min:  0.0, Avg:  0.0, Max:  0.0, Diff:  0.0, Sum:  0.1, Workers: 5
[109.587s][debug][gc,phases         ] GC(2492)         Dead                      Min: 0, Avg:  0.0, Max: 0, Diff: 0, Sum: 0, Workers: 5
[109.587s][debug][gc,phases         ] GC(2492)         Total                     Min: 0, Avg: 684.6, Max: 896, Diff: 896, Sum: 3423, Workers: 5
[109.587s][debug][gc,phases         ] GC(2492)       ResolvedMethodTable weak  Min:  0.0, Avg:  0.0, Max:  0.0, Diff:  0.0, Sum:  0.0, Workers: 5
[109.587s][debug][gc,phases         ] GC(2492)         Dead                      Min: 0, Avg:  0.0, Max: 0, Diff: 0, Sum: 0, Workers: 5
[109.587s][debug][gc,phases         ] GC(2492)         Total                     Min: 0, Avg: 114.6, Max: 189, Diff: 189, Sum: 573, Workers: 5
[109.587s][debug][gc,phases         ] GC(2492)     Merge Per-Thread State: 0.0ms
[109.587s][debug][gc,phases         ] GC(2492)       Copied Bytes              Min: 456, Avg: 400320.0, Max: 800320, Diff: 799864, Sum: 3202560, Workers: 8
[109.587s][debug][gc,phases         ] GC(2492)       LAB Waste                 Min: 0, Avg:  0.0, Max: 0, Diff: 0, Sum: 0, Workers: 8
[109.587s][debug][gc,phases         ] GC(2492)       LAB Undo Waste            Min: 0, Avg:  0.0, Max: 0, Diff: 0, Sum: 0, Workers: 8
[109.587s][debug][gc,phases         ] GC(2492)     Code Roots Purge: 0.0ms
[109.588s][debug][gc,phases         ] GC(2492)     Redirty Cards: 0.0ms
[109.588s][debug][gc,phases         ] GC(2492)     DerivedPointerTable Update: 0.0ms
[109.588s][debug][gc,phases         ] GC(2492)     Free Collection Set: 0.2ms
[109.588s][debug][gc,phases         ] GC(2492)     Rebuild Free List: 0.1ms
[109.588s][debug][gc,phases         ] GC(2492)     Humongous Reclaim: 0.0ms
[109.588s][debug][gc,phases         ] GC(2492)     Start New Collection Set: 0.0ms
[109.588s][debug][gc,phases         ] GC(2492)     Resize TLABs: 0.0ms
[109.588s][debug][gc,phases         ] GC(2492)     Expand Heap After Collection: 0.0ms
[109.588s][info ][gc,phases         ] GC(2492)   Other: 0.3ms
[109.588s][info ][gc,heap           ] GC(2492) Eden regions: 770->0(771)
[109.588s][info ][gc,heap           ] GC(2492) Survivor regions: 5->4(97)
[109.588s][info ][gc,heap           ] GC(2492) Old regions: 18->18
[109.588s][info ][gc,heap           ] GC(2492) Archive regions: 2->2
[109.588s][info ][gc,heap           ] GC(2492) Humongous regions: 0->0
[109.588s][info ][gc,metaspace      ] GC(2492) Metaspace: 10016K(10624K)->10016K(10624K) NonClass: 8864K(9216K)->8864K(9216K) Class: 1152K(1408K)->1152K(1408K)
[109.588s][debug][gc,heap           ] GC(2492) Heap after GC invocations=2493 (full 1): garbage-first heap   total 1324032K, used 22553K [0x0000000700000000, 0x0000000800000000)
[109.588s][debug][gc,heap           ] GC(2492)   region size 1024K, 4 young (4096K), 4 survivors (4096K)
[109.588s][debug][gc,heap           ] GC(2492)  Metaspace       used 10016K, capacity 10304K, committed 10624K, reserved 1058816K
[109.588s][debug][gc,heap           ] GC(2492)   class space    used 1152K, capacity 1266K, committed 1408K, reserved 1048576K
[109.588s][info ][gc                ] GC(2492) Pause Young (Normal) (G1 Evacuation Pause) 792M->22M(1293M) 3.110ms
[109.588s][info ][gc,cpu            ] GC(2492) User=0.00s Sys=0.00s Real=0.00s
[109.588s][info ][safepoint         ] Safepoint "G1CollectForAllocation", Time since last: 41366144 ns, Reaching safepoint: 126820 ns, At safepoint: 3297508 ns, Total: 3424328 ns
[109.627s][debug][gc,heap           ] GC(2493) Heap before GC invocations=2493 (full 1): garbage-first heap   total 1324032K, used 811033K [0x0000000700000000, 0x0000000800000000)
[109.627s][debug][gc,heap           ] GC(2493)   region size 1024K, 775 young (793600K), 4 survivors (4096K)
[109.627s][debug][gc,heap           ] GC(2493)  Metaspace       used 10016K, capacity 10304K, committed 10624K, reserved 1058816K
[109.627s][debug][gc,heap           ] GC(2493)   class space    used 1152K, capacity 1266K, committed 1408K, reserved 1048576K
[109.627s][info ][gc,start          ] GC(2493) Pause Young (Normal) (G1 Evacuation Pause)
[109.627s][info ][gc,task           ] GC(2493) Using 8 workers of 8 for evacuation
[109.627s][debug][gc,tlab           ] GC(2493) TLAB totals: thrds: 8  refills: 12 max: 2 slow allocs: 1533 max 212 waste: 32.9% gc: 1208128B max: 239704B slow: 55104B max: 14304B fast: 0B max: 0B
[109.627s][debug][gc,age            ] GC(2493) Desired survivor size 50855936 bytes, new threshold 15 (max threshold 15)
[109.627s][debug][gc,alloc,region   ] GC(2493) Mutator Allocation stats, regions: 771, wasted size: 180M (23.4%)
[109.628s][debug][gc,ergo           ] GC(2493) Running G1 Merge Heap Roots using 8 workers for 775 regions
[109.628s][debug][gc,remset         ] GC(2493) Visited cards 512 Total dirty 4096 (12.50%) Total old 3215360 (0.02%)
[109.628s][debug][gc,ergo           ] GC(2493) Running G1 Clear Card Table Task using 2 workers for 2 units of work for 777 regions.
[109.628s][debug][gc,ref            ] GC(2493) Skipped phase1 of Reference Processing due to unavailable references
[109.628s][debug][gc,ref            ] GC(2493) Skipped phase2 of Reference Processing due to unavailable references
[109.628s][debug][gc,ref            ] GC(2493) Skipped phase3 of Reference Processing due to unavailable references
[109.628s][debug][gc,ref            ] GC(2493) Skipped phase4 of Reference Processing due to unavailable references
[109.628s][debug][gc,ergo           ] GC(2493) Running G1 Free Collection Set using 8 workers for collection set length 775 (1293)
[109.629s][debug][gc,ergo           ] GC(2493) Running G1 Rebuild Free List Task using 8 workers for rebuilding free list of 0 (4096) regions
[109.629s][trace][gc,age            ] GC(2493) Age table with threshold 15 (max threshold 15)
[109.629s][trace][gc,age            ] GC(2493) - age   1:    3202560 bytes,    3202560 total
[109.629s][debug][gc,plab           ] GC(2493) Young PLAB allocation: allocated: 16512B, wasted: 0B, unused: 14064B, used: 2448B, undo waste: 0B, 
[109.629s][debug][gc,plab           ] GC(2493) Young other allocation: region end waste: 733248B, regions filled: 4, direct allocated: 3200112B, failure used: 0B, failure wasted: 0B
[109.629s][debug][gc,plab           ] GC(2493) Young sizing: calculated: 0B, actual: 2064B
[109.629s][debug][gc,plab           ] GC(2493) Old PLAB allocation: allocated: 0B, wasted: 0B, unused: 0B, used: 0B, undo waste: 0B, 
[109.629s][debug][gc,plab           ] GC(2493) Old other allocation: region end waste: 0B, regions filled: 1, direct allocated: 0B, failure used: 0B, failure wasted: 0B
[109.629s][debug][gc,plab           ] GC(2493) Old sizing: calculated: 0B, actual: 2064B
[109.629s][debug][gc,ihop           ] GC(2493) Basic information (value update), threshold: 610113945B (45.00), target occupancy: 1355808768B, current occupancy: 23097136B, recent allocation size: 0B, recent allocation duration: 41.33ms, recent old gen allocation rate: 0.00B/s, recent marking phase length: 30.68ms
[109.629s][debug][gc,ihop           ] GC(2493) Adaptive IHOP information (value update), threshold: 610113945B (47.37), internal target occupancy: 1288018329B, occupancy: 23097136B, additional buffer size: 812646400B, predicted old gen allocation rate: 100.85B/s, predicted marking phase length: 61.36ms, prediction active: false
[109.629s][debug][gc,ergo,refine    ] GC(2493) Concurrent refinement times: Logged Cards Scan time goal: 20.00ms Logged Cards Scan time: 0.00ms HCC time: 0.00ms
[109.629s][debug][gc,ergo,refine    ] GC(2493) Updated Refinement Zones: green: 2048, yellow: 6144, red: 10240
[109.629s][info ][gc,phases         ] GC(2493)   Pre Evacuate Collection Set: 0.1ms
[109.629s][debug][gc,phases         ] GC(2493)     Prepare TLABs: 0.0ms
[109.629s][debug][gc,phases         ] GC(2493)     Choose Collection Set: 0.0ms
[109.629s][debug][gc,phases         ] GC(2493)     Region Register: 0.1ms
[109.629s][debug][gc,phases         ] GC(2493)     Prepare Heap Roots: 0.0ms
[109.629s][info ][gc,phases         ] GC(2493)   Merge Heap Roots: 0.1ms
[109.629s][debug][gc,phases         ] GC(2493)     Prepare Merge Heap Roots: 0.0ms
[109.629s][debug][gc,phases         ] GC(2493)     Eager Reclaim (ms):       skipped
[109.629s][debug][gc,phases         ] GC(2493)     Remembered Sets (ms):     Min:  0.0, Avg:  0.0, Max:  0.1, Diff:  0.0, Sum:  0.3, Workers: 8
[109.629s][debug][gc,phases         ] GC(2493)       Merged Sparse:            Min: 0, Avg:  0.0, Max: 0, Diff: 0, Sum: 0, Workers: 8
[109.629s][debug][gc,phases         ] GC(2493)       Merged Fine:              Min: 0, Avg:  0.0, Max: 0, Diff: 0, Sum: 0, Workers: 8
[109.629s][debug][gc,phases         ] GC(2493)       Merged Coarse:            Min: 0, Avg:  0.0, Max: 0, Diff: 0, Sum: 0, Workers: 8
[109.629s][debug][gc,phases         ] GC(2493)       Dirty Cards:              Min: 0, Avg:  0.0, Max: 0, Diff: 0, Sum: 0, Workers: 8
[109.629s][debug][gc,phases         ] GC(2493)     Hot Card Cache (ms):      Min:  0.0, Avg:  0.0, Max:  0.0, Diff:  0.0, Sum:  0.0, Workers: 8
[109.629s][debug][gc,phases         ] GC(2493)       Dirty Cards:              Min: 0, Avg:  0.0, Max: 0, Diff: 0, Sum: 0, Workers: 8
[109.629s][debug][gc,phases         ] GC(2493)       Skipped Cards:            Min: 0, Avg:  0.0, Max: 0, Diff: 0, Sum: 0, Workers: 8
[109.629s][debug][gc,phases         ] GC(2493)     Log Buffers (ms):         Min:  0.0, Avg:  0.0, Max:  0.0, Diff:  0.0, Sum:  0.0, Workers: 8
[109.629s][debug][gc,phases         ] GC(2493)       Dirty Cards:              Min: 0, Avg:  0.2, Max: 1, Diff: 1, Sum: 2, Workers: 8
[109.629s][debug][gc,phases         ] GC(2493)       Skipped Cards:            Min: 0, Avg:  0.0, Max: 0, Diff: 0, Sum: 0, Workers: 8
[109.629s][info ][gc,phases         ] GC(2493)   Evacuate Collection Set: 0.4ms
[109.629s][debug][gc,phases         ] GC(2493)     Ext Root Scanning (ms):   Min:  0.1, Avg:  0.2, Max:  0.3, Diff:  0.2, Sum:  1.4, Workers: 8
[109.629s][debug][gc,phases         ] GC(2493)     Scan Heap Roots (ms):     Min:  0.0, Avg:  0.0, Max:  0.0, Diff:  0.0, Sum:  0.0, Workers: 8
[109.629s][debug][gc,phases         ] GC(2493)       Scanned Cards:            Min: 0, Avg:  0.2, Max: 2, Diff: 2, Sum: 2, Workers: 8
[109.629s][debug][gc,phases         ] GC(2493)       Scanned Blocks:           Min: 0, Avg:  0.2, Max: 2, Diff: 2, Sum: 2, Workers: 8
[109.629s][debug][gc,phases         ] GC(2493)       Claimed Chunks:           Min: 0, Avg:  0.2, Max: 2, Diff: 2, Sum: 2, Workers: 8
[109.629s][debug][gc,phases         ] GC(2493)     Code Root Scan (ms):      Min:  0.0, Avg:  0.0, Max:  0.0, Diff:  0.0, Sum:  0.1, Workers: 8
[109.629s][debug][gc,phases         ] GC(2493)     Object Copy (ms):         Min:  0.0, Avg:  0.0, Max:  0.0, Diff:  0.0, Sum:  0.0, Workers: 8
[109.629s][debug][gc,phases         ] GC(2493)     Termination (ms):         Min:  0.0, Avg:  0.1, Max:  0.1, Diff:  0.1, Sum:  0.6, Workers: 8
[109.629s][debug][gc,phases         ] GC(2493)       Termination Attempts:     Min: 1, Avg:  1.2, Max: 2, Diff: 1, Sum: 10, Workers: 8
[109.629s][debug][gc,phases         ] GC(2493)     GC Worker Other (ms):     Min:  0.0, Avg:  0.0, Max:  0.1, Diff:  0.1, Sum:  0.3, Workers: 8
[109.629s][debug][gc,phases         ] GC(2493)     GC Worker Total (ms):     Min:  0.3, Avg:  0.3, Max:  0.3, Diff:  0.0, Sum:  2.5, Workers: 8
[109.629s][info ][gc,phases         ] GC(2493)   Post Evacuate Collection Set: 0.5ms
[109.629s][debug][gc,phases         ] GC(2493)     Code Roots Fixup: 0.0ms
[109.629s][debug][gc,phases         ] GC(2493)     Clear Card Table: 0.2ms
[109.629s][debug][gc,phases         ] GC(2493)     Reference Processing: 0.1ms
[109.629s][debug][gc,phases,ref     ] GC(2493)       Reconsider SoftReferences: 0.0ms
[109.629s][debug][gc,phases,ref     ] GC(2493)         SoftRef (ms):             skipped
[109.629s][debug][gc,phases,ref     ] GC(2493)       Notify Soft/WeakReferences: 0.0ms
[109.629s][debug][gc,phases,ref     ] GC(2493)         SoftRef (ms):             skipped
[109.629s][debug][gc,phases,ref     ] GC(2493)         WeakRef (ms):             skipped
[109.629s][debug][gc,phases,ref     ] GC(2493)         FinalRef (ms):            skipped
[109.629s][debug][gc,phases,ref     ] GC(2493)         Total (ms):               skipped
[109.629s][debug][gc,phases,ref     ] GC(2493)       Notify and keep alive finalizable: 0.0ms
[109.629s][debug][gc,phases,ref     ] GC(2493)         FinalRef (ms):            skipped
[109.629s][debug][gc,phases,ref     ] GC(2493)       Notify PhantomReferences: 0.0ms
[109.629s][debug][gc,phases,ref     ] GC(2493)         PhantomRef (ms):          skipped
[109.629s][debug][gc,phases,ref     ] GC(2493)       SoftReference:
[109.629s][debug][gc,phases,ref     ] GC(2493)         Discovered: 0
[109.629s][debug][gc,phases,ref     ] GC(2493)         Cleared: 0
[109.629s][debug][gc,phases,ref     ] GC(2493)       WeakReference:
[109.629s][debug][gc,phases,ref     ] GC(2493)         Discovered: 0
[109.629s][debug][gc,phases,ref     ] GC(2493)         Cleared: 0
[109.629s][debug][gc,phases,ref     ] GC(2493)       FinalReference:
[109.629s][debug][gc,phases,ref     ] GC(2493)         Discovered: 0
[109.629s][debug][gc,phases,ref     ] GC(2493)         Cleared: 0
[109.629s][debug][gc,phases,ref     ] GC(2493)       PhantomReference:
[109.629s][debug][gc,phases,ref     ] GC(2493)         Discovered: 0
[109.629s][debug][gc,phases,ref     ] GC(2493)         Cleared: 0
[109.629s][debug][gc,phases         ] GC(2493)     Weak Processing: 0.0ms
[109.629s][debug][gc,phases         ] GC(2493)       JVMTI weak processing: 0.0ms
[109.629s][debug][gc,phases         ] GC(2493)         Dead: 0
[109.629s][debug][gc,phases         ] GC(2493)         Total: 0
[109.629s][debug][gc,phases         ] GC(2493)       JFR weak processing: 0.0ms
[109.629s][debug][gc,phases         ] GC(2493)         Dead: 0
[109.629s][debug][gc,phases         ] GC(2493)         Total: 0
[109.629s][debug][gc,phases         ] GC(2493)       JNI weak                  Min:  0.0, Avg:  0.0, Max:  0.0, Diff:  0.0, Sum:  0.0, Workers: 5
[109.629s][debug][gc,phases         ] GC(2493)         Dead                      Min: 0, Avg:  0.0, Max: 0, Diff: 0, Sum: 0, Workers: 5
[109.629s][debug][gc,phases         ] GC(2493)         Total                     Min: 0, Avg: 20.4, Max: 62, Diff: 62, Sum: 102, Workers: 5
[109.629s][debug][gc,phases         ] GC(2493)       VM weak                   Min:  0.0, Avg:  0.0, Max:  0.0, Diff:  0.0, Sum:  0.0, Workers: 5
[109.629s][debug][gc,phases         ] GC(2493)         Dead                      Min: 0, Avg:  0.0, Max: 0, Diff: 0, Sum: 0, Workers: 5
[109.629s][debug][gc,phases         ] GC(2493)         Total                     Min: 0, Avg: 42.4, Max: 64, Diff: 64, Sum: 212, Workers: 5
[109.629s][debug][gc,phases         ] GC(2493)       StringTable weak          Min:  0.0, Avg:  0.0, Max:  0.0, Diff:  0.0, Sum:  0.1, Workers: 5
[109.629s][debug][gc,phases         ] GC(2493)         Dead                      Min: 0, Avg:  0.0, Max: 0, Diff: 0, Sum: 0, Workers: 5
[109.629s][debug][gc,phases         ] GC(2493)         Total                     Min: 0, Avg: 684.6, Max: 960, Diff: 960, Sum: 3423, Workers: 5
[109.629s][debug][gc,phases         ] GC(2493)       ResolvedMethodTable weak  Min:  0.0, Avg:  0.0, Max:  0.0, Diff:  0.0, Sum:  0.0, Workers: 5
[109.629s][debug][gc,phases         ] GC(2493)         Dead                      Min: 0, Avg:  0.0, Max: 0, Diff: 0, Sum: 0, Workers: 5
[109.629s][debug][gc,phases         ] GC(2493)         Total                     Min: 0, Avg: 114.6, Max: 189, Diff: 189, Sum: 573, Workers: 5
[109.629s][debug][gc,phases         ] GC(2493)     Merge Per-Thread State: 0.0ms
[109.629s][debug][gc,phases         ] GC(2493)       Copied Bytes              Min: 72, Avg: 400320.0, Max: 800096, Diff: 800024, Sum: 3202560, Workers: 8
[109.629s][debug][gc,phases         ] GC(2493)       LAB Waste                 Min: 0, Avg:  0.0, Max: 0, Diff: 0, Sum: 0, Workers: 8
[109.629s][debug][gc,phases         ] GC(2493)       LAB Undo Waste            Min: 0, Avg:  0.0, Max: 0, Diff: 0, Sum: 0, Workers: 8
[109.629s][debug][gc,phases         ] GC(2493)     Code Roots Purge: 0.0ms
[109.629s][debug][gc,phases         ] GC(2493)     Redirty Cards: 0.0ms
[109.629s][debug][gc,phases         ] GC(2493)     DerivedPointerTable Update: 0.0ms
[109.629s][debug][gc,phases         ] GC(2493)     Free Collection Set: 0.2ms
[109.629s][debug][gc,phases         ] GC(2493)     Rebuild Free List: 0.1ms
[109.629s][debug][gc,phases         ] GC(2493)     Humongous Reclaim: 0.0ms
[109.629s][debug][gc,phases         ] GC(2493)     Start New Collection Set: 0.0ms
[109.629s][debug][gc,phases         ] GC(2493)     Resize TLABs: 0.0ms
[109.629s][debug][gc,phases         ] GC(2493)     Expand Heap After Collection: 0.0ms
[109.629s][info ][gc,phases         ] GC(2493)   Other: 0.3ms
[109.629s][info ][gc,heap           ] GC(2493) Eden regions: 771->0(771)
[109.629s][info ][gc,heap           ] GC(2493) Survivor regions: 4->4(97)
[109.629s][info ][gc,heap           ] GC(2493) Old regions: 18->18
[109.629s][info ][gc,heap           ] GC(2493) Archive regions: 2->2
[109.629s][info ][gc,heap           ] GC(2493) Humongous regions: 0->0
[109.629s][info ][gc,metaspace      ] GC(2493) Metaspace: 10016K(10624K)->10016K(10624K) NonClass: 8864K(9216K)->8864K(9216K) Class: 1152K(1408K)->1152K(1408K)
[109.629s][debug][gc,heap           ] GC(2493) Heap after GC invocations=2494 (full 1): garbage-first heap   total 1324032K, used 22555K [0x0000000700000000, 0x0000000800000000)
[109.629s][debug][gc,heap           ] GC(2493)   region size 1024K, 4 young (4096K), 4 survivors (4096K)
[109.629s][debug][gc,heap           ] GC(2493)  Metaspace       used 10016K, capacity 10304K, committed 10624K, reserved 1058816K
[109.629s][debug][gc,heap           ] GC(2493)   class space    used 1152K, capacity 1266K, committed 1408K, reserved 1048576K
[109.629s][info ][gc                ] GC(2493) Pause Young (Normal) (G1 Evacuation Pause) 792M->22M(1293M) 2.156ms
[109.629s][info ][gc,cpu            ] GC(2493) User=0.01s Sys=0.00s Real=0.00s
[109.630s][info ][safepoint         ] Safepoint "G1CollectForAllocation", Time since last: 39263934 ns, Reaching safepoint: 214592 ns, At safepoint: 2437864 ns, Total: 2652456 ns
[109.668s][debug][gc,heap           ] GC(2494) Heap before GC invocations=2494 (full 1): garbage-first heap   total 1324032K, used 811035K [0x0000000700000000, 0x0000000800000000)
[109.668s][debug][gc,heap           ] GC(2494)   region size 1024K, 775 young (793600K), 4 survivors (4096K)
[109.668s][debug][gc,heap           ] GC(2494)  Metaspace       used 10016K, capacity 10304K, committed 10624K, reserved 1058816K
[109.668s][debug][gc,heap           ] GC(2494)   class space    used 1152K, capacity 1266K, committed 1408K, reserved 1048576K
[109.668s][info ][gc,start          ] GC(2494) Pause Young (Normal) (G1 Evacuation Pause)
[109.668s][info ][gc,task           ] GC(2494) Using 8 workers of 8 for evacuation
[109.668s][debug][gc,tlab           ] GC(2494) TLAB totals: thrds: 8  refills: 14 max: 3 slow allocs: 1535 max 232 waste: 25.5% gc: 971080B max: 212768B slow: 46536B max: 15488B fast: 0B max: 0B
[109.668s][debug][gc,age            ] GC(2494) Desired survivor size 50855936 bytes, new threshold 15 (max threshold 15)
[109.668s][debug][gc,alloc,region   ] GC(2494) Mutator Allocation stats, regions: 771, wasted size: 180M (23.4%)
[109.668s][debug][gc,ergo           ] GC(2494) Running G1 Merge Heap Roots using 8 workers for 775 regions
[109.668s][debug][gc,remset         ] GC(2494) Visited cards 256 Total dirty 2048 (12.50%) Total old 3215360 (0.01%)
[109.668s][debug][gc,ergo           ] GC(2494) Running G1 Clear Card Table Task using 2 workers for 2 units of work for 776 regions.
[109.669s][debug][gc,ref            ] GC(2494) Skipped phase1 of Reference Processing due to unavailable references
[109.669s][debug][gc,ref            ] GC(2494) Skipped phase2 of Reference Processing due to unavailable references
[109.669s][debug][gc,ref            ] GC(2494) Skipped phase3 of Reference Processing due to unavailable references
[109.669s][debug][gc,ref            ] GC(2494) Skipped phase4 of Reference Processing due to unavailable references
[109.669s][debug][gc,ergo           ] GC(2494) Running G1 Free Collection Set using 8 workers for collection set length 775 (1293)
[109.669s][debug][gc,ergo           ] GC(2494) Running G1 Rebuild Free List Task using 8 workers for rebuilding free list of 0 (4096) regions
[109.669s][trace][gc,age            ] GC(2494) Age table with threshold 15 (max threshold 15)
[109.669s][trace][gc,age            ] GC(2494) - age   1:    3202488 bytes,    3202488 total
[109.669s][debug][gc,plab           ] GC(2494) Young PLAB allocation: allocated: 16512B, wasted: 0B, unused: 14144B, used: 2368B, undo waste: 0B, 
[109.669s][debug][gc,plab           ] GC(2494) Young other allocation: region end waste: 731184B, regions filled: 4, direct allocated: 3200120B, failure used: 0B, failure wasted: 0B
[109.669s][debug][gc,plab           ] GC(2494) Young sizing: calculated: 0B, actual: 2064B
[109.669s][debug][gc,plab           ] GC(2494) Old PLAB allocation: allocated: 0B, wasted: 0B, unused: 0B, used: 0B, undo waste: 0B, 
[109.669s][debug][gc,plab           ] GC(2494) Old other allocation: region end waste: 0B, regions filled: 1, direct allocated: 0B, failure used: 0B, failure wasted: 0B
[109.669s][debug][gc,plab           ] GC(2494) Old sizing: calculated: 0B, actual: 2064B
[109.669s][debug][gc,ihop           ] GC(2494) Basic information (value update), threshold: 610113945B (45.00), target occupancy: 1355808768B, current occupancy: 23095080B, recent allocation size: 0B, recent allocation duration: 38.98ms, recent old gen allocation rate: 0.00B/s, recent marking phase length: 30.68ms
[109.669s][debug][gc,ihop           ] GC(2494) Adaptive IHOP information (value update), threshold: 610113945B (47.37), internal target occupancy: 1288018329B, occupancy: 23095080B, additional buffer size: 812646400B, predicted old gen allocation rate: 98.29B/s, predicted marking phase length: 61.36ms, prediction active: false
[109.669s][debug][gc,ergo,refine    ] GC(2494) Concurrent refinement times: Logged Cards Scan time goal: 20.00ms Logged Cards Scan time: 0.00ms HCC time: 0.00ms
[109.669s][debug][gc,ergo,refine    ] GC(2494) Updated Refinement Zones: green: 2048, yellow: 6144, red: 10240
[109.669s][info ][gc,phases         ] GC(2494)   Pre Evacuate Collection Set: 0.1ms
[109.669s][debug][gc,phases         ] GC(2494)     Prepare TLABs: 0.0ms
[109.669s][debug][gc,phases         ] GC(2494)     Choose Collection Set: 0.0ms
[109.669s][debug][gc,phases         ] GC(2494)     Region Register: 0.1ms
[109.669s][debug][gc,phases         ] GC(2494)     Prepare Heap Roots: 0.0ms
[109.669s][info ][gc,phases         ] GC(2494)   Merge Heap Roots: 0.1ms
[109.669s][debug][gc,phases         ] GC(2494)     Prepare Merge Heap Roots: 0.0ms
[109.669s][debug][gc,phases         ] GC(2494)     Eager Reclaim (ms):       skipped
[109.669s][debug][gc,phases         ] GC(2494)     Remembered Sets (ms):     Min:  0.0, Avg:  0.0, Max:  0.0, Diff:  0.0, Sum:  0.2, Workers: 8
[109.669s][debug][gc,phases         ] GC(2494)       Merged Sparse:            Min: 0, Avg:  0.0, Max: 0, Diff: 0, Sum: 0, Workers: 8
[109.669s][debug][gc,phases         ] GC(2494)       Merged Fine:              Min: 0, Avg:  0.0, Max: 0, Diff: 0, Sum: 0, Workers: 8
[109.669s][debug][gc,phases         ] GC(2494)       Merged Coarse:            Min: 0, Avg:  0.0, Max: 0, Diff: 0, Sum: 0, Workers: 8
[109.669s][debug][gc,phases         ] GC(2494)       Dirty Cards:              Min: 0, Avg:  0.0, Max: 0, Diff: 0, Sum: 0, Workers: 8
[109.669s][debug][gc,phases         ] GC(2494)     Hot Card Cache (ms):      Min:  0.0, Avg:  0.0, Max:  0.0, Diff:  0.0, Sum:  0.0, Workers: 8
[109.669s][debug][gc,phases         ] GC(2494)       Dirty Cards:              Min: 0, Avg:  0.0, Max: 0, Diff: 0, Sum: 0, Workers: 8
[109.669s][debug][gc,phases         ] GC(2494)       Skipped Cards:            Min: 0, Avg:  0.0, Max: 0, Diff: 0, Sum: 0, Workers: 8
[109.669s][debug][gc,phases         ] GC(2494)     Log Buffers (ms):         Min:  0.0, Avg:  0.0, Max:  0.0, Diff:  0.0, Sum:  0.0, Workers: 8
[109.669s][debug][gc,phases         ] GC(2494)       Dirty Cards:              Min: 0, Avg:  0.1, Max: 1, Diff: 1, Sum: 1, Workers: 8
[109.669s][debug][gc,phases         ] GC(2494)       Skipped Cards:            Min: 0, Avg:  0.0, Max: 0, Diff: 0, Sum: 0, Workers: 8
[109.669s][info ][gc,phases         ] GC(2494)   Evacuate Collection Set: 0.4ms
[109.669s][debug][gc,phases         ] GC(2494)     Ext Root Scanning (ms):   Min:  0.2, Avg:  0.2, Max:  0.3, Diff:  0.1, Sum:  1.9, Workers: 8
[109.669s][debug][gc,phases         ] GC(2494)     Scan Heap Roots (ms):     Min:  0.0, Avg:  0.0, Max:  0.0, Diff:  0.0, Sum:  0.0, Workers: 8
[109.669s][debug][gc,phases         ] GC(2494)       Scanned Cards:            Min: 0, Avg:  0.1, Max: 1, Diff: 1, Sum: 1, Workers: 8
[109.669s][debug][gc,phases         ] GC(2494)       Scanned Blocks:           Min: 0, Avg:  0.1, Max: 1, Diff: 1, Sum: 1, Workers: 8
[109.669s][debug][gc,phases         ] GC(2494)       Claimed Chunks:           Min: 0, Avg:  0.1, Max: 1, Diff: 1, Sum: 1, Workers: 8
[109.669s][debug][gc,phases         ] GC(2494)     Code Root Scan (ms):      Min:  0.0, Avg:  0.0, Max:  0.0, Diff:  0.0, Sum:  0.1, Workers: 8
[109.669s][debug][gc,phases         ] GC(2494)     Object Copy (ms):         Min:  0.0, Avg:  0.0, Max:  0.0, Diff:  0.0, Sum:  0.0, Workers: 8
[109.669s][debug][gc,phases         ] GC(2494)     Termination (ms):         Min:  0.0, Avg:  0.1, Max:  0.1, Diff:  0.0, Sum:  0.5, Workers: 8
[109.669s][debug][gc,phases         ] GC(2494)       Termination Attempts:     Min: 1, Avg:  1.0, Max: 1, Diff: 0, Sum: 8, Workers: 8
[109.669s][debug][gc,phases         ] GC(2494)     GC Worker Other (ms):     Min:  0.0, Avg:  0.0, Max:  0.1, Diff:  0.1, Sum:  0.3, Workers: 8
[109.669s][debug][gc,phases         ] GC(2494)     GC Worker Total (ms):     Min:  0.3, Avg:  0.3, Max:  0.4, Diff:  0.1, Sum:  2.7, Workers: 8
[109.669s][info ][gc,phases         ] GC(2494)   Post Evacuate Collection Set: 0.6ms
[109.669s][debug][gc,phases         ] GC(2494)     Code Roots Fixup: 0.0ms
[109.669s][debug][gc,phases         ] GC(2494)     Clear Card Table: 0.2ms
[109.669s][debug][gc,phases         ] GC(2494)     Reference Processing: 0.0ms
[109.669s][debug][gc,phases,ref     ] GC(2494)       Reconsider SoftReferences: 0.0ms
[109.669s][debug][gc,phases,ref     ] GC(2494)         SoftRef (ms):             skipped
[109.669s][debug][gc,phases,ref     ] GC(2494)       Notify Soft/WeakReferences: 0.0ms
[109.669s][debug][gc,phases,ref     ] GC(2494)         SoftRef (ms):             skipped
[109.669s][debug][gc,phases,ref     ] GC(2494)         WeakRef (ms):             skipped
[109.669s][debug][gc,phases,ref     ] GC(2494)         FinalRef (ms):            skipped
[109.669s][debug][gc,phases,ref     ] GC(2494)         Total (ms):               skipped
[109.669s][debug][gc,phases,ref     ] GC(2494)       Notify and keep alive finalizable: 0.0ms
[109.669s][debug][gc,phases,ref     ] GC(2494)         FinalRef (ms):            skipped
[109.669s][debug][gc,phases,ref     ] GC(2494)       Notify PhantomReferences: 0.0ms
[109.669s][debug][gc,phases,ref     ] GC(2494)         PhantomRef (ms):          skipped
[109.669s][debug][gc,phases,ref     ] GC(2494)       SoftReference:
[109.669s][debug][gc,phases,ref     ] GC(2494)         Discovered: 0
[109.669s][debug][gc,phases,ref     ] GC(2494)         Cleared: 0
[109.669s][debug][gc,phases,ref     ] GC(2494)       WeakReference:
[109.669s][debug][gc,phases,ref     ] GC(2494)         Discovered: 0
[109.669s][debug][gc,phases,ref     ] GC(2494)         Cleared: 0
[109.669s][debug][gc,phases,ref     ] GC(2494)       FinalReference:
[109.669s][debug][gc,phases,ref     ] GC(2494)         Discovered: 0
[109.669s][debug][gc,phases,ref     ] GC(2494)         Cleared: 0
[109.669s][debug][gc,phases,ref     ] GC(2494)       PhantomReference:
[109.669s][debug][gc,phases,ref     ] GC(2494)         Discovered: 0
[109.669s][debug][gc,phases,ref     ] GC(2494)         Cleared: 0
[109.669s][debug][gc,phases         ] GC(2494)     Weak Processing: 0.0ms
[109.669s][debug][gc,phases         ] GC(2494)       JVMTI weak processing: 0.0ms
[109.669s][debug][gc,phases         ] GC(2494)         Dead: 0
[109.669s][debug][gc,phases         ] GC(2494)         Total: 0
[109.669s][debug][gc,phases         ] GC(2494)       JFR weak processing: 0.0ms
[109.669s][debug][gc,phases         ] GC(2494)         Dead: 0
[109.669s][debug][gc,phases         ] GC(2494)         Total: 0
[109.669s][debug][gc,phases         ] GC(2494)       JNI weak                  Min:  0.0, Avg:  0.0, Max:  0.0, Diff:  0.0, Sum:  0.0, Workers: 5
[109.669s][debug][gc,phases         ] GC(2494)         Dead                      Min: 0, Avg:  0.0, Max: 0, Diff: 0, Sum: 0, Workers: 5
[109.669s][debug][gc,phases         ] GC(2494)         Total                     Min: 0, Avg: 20.4, Max: 102, Diff: 102, Sum: 102, Workers: 5
[109.669s][debug][gc,phases         ] GC(2494)       VM weak                   Min:  0.0, Avg:  0.0, Max:  0.0, Diff:  0.0, Sum:  0.0, Workers: 5
[109.669s][debug][gc,phases         ] GC(2494)         Dead                      Min: 0, Avg:  0.0, Max: 0, Diff: 0, Sum: 0, Workers: 5
[109.670s][debug][gc,phases         ] GC(2494)         Total                     Min: 0, Avg: 42.4, Max: 192, Diff: 192, Sum: 212, Workers: 5
[109.670s][debug][gc,phases         ] GC(2494)       StringTable weak          Min:  0.0, Avg:  0.0, Max:  0.0, Diff:  0.0, Sum:  0.1, Workers: 5
[109.670s][debug][gc,phases         ] GC(2494)         Dead                      Min: 0, Avg:  0.0, Max: 0, Diff: 0, Sum: 0, Workers: 5
[109.670s][debug][gc,phases         ] GC(2494)         Total                     Min: 0, Avg: 684.6, Max: 1024, Diff: 1024, Sum: 3423, Workers: 5
[109.670s][debug][gc,phases         ] GC(2494)       ResolvedMethodTable weak  Min:  0.0, Avg:  0.0, Max:  0.0, Diff:  0.0, Sum:  0.0, Workers: 5
[109.670s][debug][gc,phases         ] GC(2494)         Dead                      Min: 0, Avg:  0.0, Max: 0, Diff: 0, Sum: 0, Workers: 5
[109.670s][debug][gc,phases         ] GC(2494)         Total                     Min: 0, Avg: 114.6, Max: 189, Diff: 189, Sum: 573, Workers: 5
[109.670s][debug][gc,phases         ] GC(2494)     Merge Per-Thread State: 0.0ms
[109.670s][debug][gc,phases         ] GC(2494)       Copied Bytes              Min: 1176, Avg: 400311.0, Max: 800096, Diff: 798920, Sum: 3202488, Workers: 8
[109.670s][debug][gc,phases         ] GC(2494)       LAB Waste                 Min: 0, Avg:  0.0, Max: 0, Diff: 0, Sum: 0, Workers: 8
[109.670s][debug][gc,phases         ] GC(2494)       LAB Undo Waste            Min: 0, Avg:  0.0, Max: 0, Diff: 0, Sum: 0, Workers: 8
[109.670s][debug][gc,phases         ] GC(2494)     Code Roots Purge: 0.0ms
[109.670s][debug][gc,phases         ] GC(2494)     Redirty Cards: 0.0ms
[109.670s][debug][gc,phases         ] GC(2494)     DerivedPointerTable Update: 0.0ms
[109.670s][debug][gc,phases         ] GC(2494)     Free Collection Set: 0.2ms
[109.670s][debug][gc,phases         ] GC(2494)     Rebuild Free List: 0.1ms
[109.670s][debug][gc,phases         ] GC(2494)     Humongous Reclaim: 0.0ms
[109.670s][debug][gc,phases         ] GC(2494)     Start New Collection Set: 0.0ms
[109.670s][debug][gc,phases         ] GC(2494)     Resize TLABs: 0.0ms
[109.670s][debug][gc,phases         ] GC(2494)     Expand Heap After Collection: 0.0ms
[109.670s][info ][gc,phases         ] GC(2494)   Other: 0.3ms
[109.670s][info ][gc,heap           ] GC(2494) Eden regions: 771->0(771)
[109.670s][info ][gc,heap           ] GC(2494) Survivor regions: 4->4(97)
[109.670s][info ][gc,heap           ] GC(2494) Old regions: 18->18
[109.670s][info ][gc,heap           ] GC(2494) Archive regions: 2->2
[109.670s][info ][gc,heap           ] GC(2494) Humongous regions: 0->0
[109.670s][info ][gc,metaspace      ] GC(2494) Metaspace: 10016K(10624K)->10016K(10624K) NonClass: 8864K(9216K)->8864K(9216K) Class: 1152K(1408K)->1152K(1408K)
[109.670s][debug][gc,heap           ] GC(2494) Heap after GC invocations=2495 (full 1): garbage-first heap   total 1324032K, used 22553K [0x0000000700000000, 0x0000000800000000)
[109.670s][debug][gc,heap           ] GC(2494)   region size 1024K, 4 young (4096K), 4 survivors (4096K)
[109.670s][debug][gc,heap           ] GC(2494)  Metaspace       used 10016K, capacity 10304K, committed 10624K, reserved 1058816K
[109.670s][debug][gc,heap           ] GC(2494)   class space    used 1152K, capacity 1266K, committed 1408K, reserved 1048576K
[109.670s][info ][gc                ] GC(2494) Pause Young (Normal) (G1 Evacuation Pause) 792M->22M(1293M) 2.116ms
[109.670s][info ][gc,cpu            ] GC(2494) User=0.00s Sys=0.00s Real=0.00s
[109.670s][info ][safepoint         ] Safepoint "G1CollectForAllocation", Time since last: 37671530 ns, Reaching safepoint: 196583 ns, At safepoint: 2377973 ns, Total: 2574556 ns
[109.708s][debug][gc,heap           ] GC(2495) Heap before GC invocations=2495 (full 1): garbage-first heap   total 1324032K, used 811033K [0x0000000700000000, 0x0000000800000000)
[109.708s][debug][gc,heap           ] GC(2495)   region size 1024K, 775 young (793600K), 4 survivors (4096K)
[109.708s][debug][gc,heap           ] GC(2495)  Metaspace       used 10016K, capacity 10304K, committed 10624K, reserved 1058816K
[109.708s][debug][gc,heap           ] GC(2495)   class space    used 1152K, capacity 1266K, committed 1408K, reserved 1048576K
[109.708s][info ][gc,start          ] GC(2495) Pause Young (Normal) (G1 Evacuation Pause)
[109.708s][info ][gc,task           ] GC(2495) Using 8 workers of 8 for evacuation
[109.708s][debug][gc,tlab           ] GC(2495) TLAB totals: thrds: 8  refills: 12 max: 2 slow allocs: 1534 max 210 waste: 28.3% gc: 973656B max: 226208B slow: 43304B max: 14304B fast: 0B max: 0B
[109.708s][debug][gc,age            ] GC(2495) Desired survivor size 50855936 bytes, new threshold 15 (max threshold 15)
[109.708s][debug][gc,alloc,region   ] GC(2495) Mutator Allocation stats, regions: 771, wasted size: 180M (23.4%)
[109.708s][debug][gc,ergo           ] GC(2495) Running G1 Merge Heap Roots using 8 workers for 775 regions
[109.708s][debug][gc,remset         ] GC(2495) Visited cards 512 Total dirty 4096 (12.50%) Total old 3215360 (0.02%)
[109.709s][debug][gc,ergo           ] GC(2495) Running G1 Clear Card Table Task using 2 workers for 2 units of work for 777 regions.
[109.709s][debug][gc,ref            ] GC(2495) Skipped phase1 of Reference Processing due to unavailable references
[109.709s][debug][gc,ref            ] GC(2495) Skipped phase2 of Reference Processing due to unavailable references
[109.709s][debug][gc,ref            ] GC(2495) Skipped phase3 of Reference Processing due to unavailable references
[109.709s][debug][gc,ref            ] GC(2495) Skipped phase4 of Reference Processing due to unavailable references
[109.709s][debug][gc,ergo           ] GC(2495) Running G1 Free Collection Set using 8 workers for collection set length 775 (1293)
[109.709s][debug][gc,ergo           ] GC(2495) Running G1 Rebuild Free List Task using 8 workers for rebuilding free list of 0 (4096) regions
[109.710s][trace][gc,age            ] GC(2495) Age table with threshold 15 (max threshold 15)
[109.710s][trace][gc,age            ] GC(2495) - age   1:    4002576 bytes,    4002576 total
[109.710s][debug][gc,plab           ] GC(2495) Young PLAB allocation: allocated: 16512B, wasted: 0B, unused: 14064B, used: 2448B, undo waste: 0B, 
[109.710s][debug][gc,plab           ] GC(2495) Young other allocation: region end waste: 985936B, regions filled: 5, direct allocated: 4000128B, failure used: 0B, failure wasted: 0B
[109.710s][debug][gc,plab           ] GC(2495) Young sizing: calculated: 0B, actual: 2064B
[109.710s][debug][gc,plab           ] GC(2495) Old PLAB allocation: allocated: 0B, wasted: 0B, unused: 0B, used: 0B, undo waste: 0B, 
[109.710s][debug][gc,plab           ] GC(2495) Old other allocation: region end waste: 0B, regions filled: 1, direct allocated: 0B, failure used: 0B, failure wasted: 0B
[109.710s][debug][gc,plab           ] GC(2495) Old sizing: calculated: 0B, actual: 2064B
[109.710s][debug][gc,ihop           ] GC(2495) Basic information (value update), threshold: 610113945B (45.00), target occupancy: 1355808768B, current occupancy: 24149840B, recent allocation size: 0B, recent allocation duration: 39.16ms, recent old gen allocation rate: 0.00B/s, recent marking phase length: 30.68ms
[109.710s][debug][gc,ihop           ] GC(2495) Adaptive IHOP information (value update), threshold: 610113945B (47.37), internal target occupancy: 1288018329B, occupancy: 24149840B, additional buffer size: 812646400B, predicted old gen allocation rate: 95.80B/s, predicted marking phase length: 61.36ms, prediction active: false
[109.710s][debug][gc,ergo,refine    ] GC(2495) Concurrent refinement times: Logged Cards Scan time goal: 20.00ms Logged Cards Scan time: 0.00ms HCC time: 0.00ms
[109.710s][debug][gc,ergo,refine    ] GC(2495) Updated Refinement Zones: green: 2048, yellow: 6144, red: 10240
[109.710s][info ][gc,phases         ] GC(2495)   Pre Evacuate Collection Set: 0.1ms
[109.710s][debug][gc,phases         ] GC(2495)     Prepare TLABs: 0.0ms
[109.710s][debug][gc,phases         ] GC(2495)     Choose Collection Set: 0.0ms
[109.710s][debug][gc,phases         ] GC(2495)     Region Register: 0.1ms
[109.710s][debug][gc,phases         ] GC(2495)     Prepare Heap Roots: 0.0ms
[109.710s][info ][gc,phases         ] GC(2495)   Merge Heap Roots: 0.1ms
[109.710s][debug][gc,phases         ] GC(2495)     Prepare Merge Heap Roots: 0.0ms
[109.710s][debug][gc,phases         ] GC(2495)     Eager Reclaim (ms):       skipped
[109.710s][debug][gc,phases         ] GC(2495)     Remembered Sets (ms):     Min:  0.0, Avg:  0.0, Max:  0.1, Diff:  0.0, Sum:  0.2, Workers: 8
[109.710s][debug][gc,phases         ] GC(2495)       Merged Sparse:            Min: 0, Avg:  0.0, Max: 0, Diff: 0, Sum: 0, Workers: 8
[109.710s][debug][gc,phases         ] GC(2495)       Merged Fine:              Min: 0, Avg:  0.0, Max: 0, Diff: 0, Sum: 0, Workers: 8
[109.710s][debug][gc,phases         ] GC(2495)       Merged Coarse:            Min: 0, Avg:  0.0, Max: 0, Diff: 0, Sum: 0, Workers: 8
[109.710s][debug][gc,phases         ] GC(2495)       Dirty Cards:              Min: 0, Avg:  0.0, Max: 0, Diff: 0, Sum: 0, Workers: 8
[109.710s][debug][gc,phases         ] GC(2495)     Hot Card Cache (ms):      Min:  0.0, Avg:  0.0, Max:  0.0, Diff:  0.0, Sum:  0.0, Workers: 8
[109.710s][debug][gc,phases         ] GC(2495)       Dirty Cards:              Min: 0, Avg:  0.0, Max: 0, Diff: 0, Sum: 0, Workers: 8
[109.710s][debug][gc,phases         ] GC(2495)       Skipped Cards:            Min: 0, Avg:  0.0, Max: 0, Diff: 0, Sum: 0, Workers: 8
[109.710s][debug][gc,phases         ] GC(2495)     Log Buffers (ms):         Min:  0.0, Avg:  0.0, Max:  0.0, Diff:  0.0, Sum:  0.0, Workers: 8
[109.710s][debug][gc,phases         ] GC(2495)       Dirty Cards:              Min: 0, Avg:  0.2, Max: 2, Diff: 2, Sum: 2, Workers: 8
[109.710s][debug][gc,phases         ] GC(2495)       Skipped Cards:            Min: 0, Avg:  0.0, Max: 0, Diff: 0, Sum: 0, Workers: 8
[109.710s][info ][gc,phases         ] GC(2495)   Evacuate Collection Set: 0.5ms
[109.710s][debug][gc,phases         ] GC(2495)     Ext Root Scanning (ms):   Min:  0.1, Avg:  0.3, Max:  0.4, Diff:  0.3, Sum:  2.2, Workers: 8
[109.710s][debug][gc,phases         ] GC(2495)     Scan Heap Roots (ms):     Min:  0.0, Avg:  0.0, Max:  0.0, Diff:  0.0, Sum:  0.0, Workers: 8
[109.710s][debug][gc,phases         ] GC(2495)       Scanned Cards:            Min: 0, Avg:  0.2, Max: 2, Diff: 2, Sum: 2, Workers: 8
[109.710s][debug][gc,phases         ] GC(2495)       Scanned Blocks:           Min: 0, Avg:  0.2, Max: 2, Diff: 2, Sum: 2, Workers: 8
[109.710s][debug][gc,phases         ] GC(2495)       Claimed Chunks:           Min: 0, Avg:  0.2, Max: 2, Diff: 2, Sum: 2, Workers: 8
[109.710s][debug][gc,phases         ] GC(2495)     Code Root Scan (ms):      Min:  0.0, Avg:  0.0, Max:  0.1, Diff:  0.1, Sum:  0.1, Workers: 8
[109.710s][debug][gc,phases         ] GC(2495)     Object Copy (ms):         Min:  0.0, Avg:  0.0, Max:  0.0, Diff:  0.0, Sum:  0.0, Workers: 8
[109.710s][debug][gc,phases         ] GC(2495)     Termination (ms):         Min:  0.0, Avg:  0.1, Max:  0.1, Diff:  0.1, Sum:  0.8, Workers: 8
[109.710s][debug][gc,phases         ] GC(2495)       Termination Attempts:     Min: 1, Avg:  1.8, Max: 3, Diff: 2, Sum: 14, Workers: 8
[109.710s][debug][gc,phases         ] GC(2495)     GC Worker Other (ms):     Min:  0.0, Avg:  0.0, Max:  0.1, Diff:  0.1, Sum:  0.3, Workers: 8
[109.710s][debug][gc,phases         ] GC(2495)     GC Worker Total (ms):     Min:  0.4, Avg:  0.4, Max:  0.5, Diff:  0.0, Sum:  3.4, Workers: 8
[109.710s][info ][gc,phases         ] GC(2495)   Post Evacuate Collection Set: 0.6ms
[109.710s][debug][gc,phases         ] GC(2495)     Code Roots Fixup: 0.0ms
[109.710s][debug][gc,phases         ] GC(2495)     Clear Card Table: 0.1ms
[109.710s][debug][gc,phases         ] GC(2495)     Reference Processing: 0.0ms
[109.710s][debug][gc,phases,ref     ] GC(2495)       Reconsider SoftReferences: 0.0ms
[109.710s][debug][gc,phases,ref     ] GC(2495)         SoftRef (ms):             skipped
[109.710s][debug][gc,phases,ref     ] GC(2495)       Notify Soft/WeakReferences: 0.0ms
[109.710s][debug][gc,phases,ref     ] GC(2495)         SoftRef (ms):             skipped
[109.710s][debug][gc,phases,ref     ] GC(2495)         WeakRef (ms):             skipped
[109.710s][debug][gc,phases,ref     ] GC(2495)         FinalRef (ms):            skipped
[109.710s][debug][gc,phases,ref     ] GC(2495)         Total (ms):               skipped
[109.710s][debug][gc,phases,ref     ] GC(2495)       Notify and keep alive finalizable: 0.0ms
[109.710s][debug][gc,phases,ref     ] GC(2495)         FinalRef (ms):            skipped
[109.710s][debug][gc,phases,ref     ] GC(2495)       Notify PhantomReferences: 0.0ms
[109.710s][debug][gc,phases,ref     ] GC(2495)         PhantomRef (ms):          skipped
[109.710s][debug][gc,phases,ref     ] GC(2495)       SoftReference:
[109.710s][debug][gc,phases,ref     ] GC(2495)         Discovered: 0
[109.710s][debug][gc,phases,ref     ] GC(2495)         Cleared: 0
[109.710s][debug][gc,phases,ref     ] GC(2495)       WeakReference:
[109.710s][debug][gc,phases,ref     ] GC(2495)         Discovered: 0
[109.710s][debug][gc,phases,ref     ] GC(2495)         Cleared: 0
[109.710s][debug][gc,phases,ref     ] GC(2495)       FinalReference:
[109.710s][debug][gc,phases,ref     ] GC(2495)         Discovered: 0
[109.710s][debug][gc,phases,ref     ] GC(2495)         Cleared: 0
[109.710s][debug][gc,phases,ref     ] GC(2495)       PhantomReference:
[109.710s][debug][gc,phases,ref     ] GC(2495)         Discovered: 0
[109.710s][debug][gc,phases,ref     ] GC(2495)         Cleared: 0
[109.710s][debug][gc,phases         ] GC(2495)     Weak Processing: 0.1ms
[109.710s][debug][gc,phases         ] GC(2495)       JVMTI weak processing: 0.0ms
[109.710s][debug][gc,phases         ] GC(2495)         Dead: 0
[109.710s][debug][gc,phases         ] GC(2495)         Total: 0
[109.710s][debug][gc,phases         ] GC(2495)       JFR weak processing: 0.0ms
[109.710s][debug][gc,phases         ] GC(2495)         Dead: 0
[109.710s][debug][gc,phases         ] GC(2495)         Total: 0
[109.710s][debug][gc,phases         ] GC(2495)       JNI weak                  Min:  0.0, Avg:  0.0, Max:  0.0, Diff:  0.0, Sum:  0.0, Workers: 5
[109.710s][debug][gc,phases         ] GC(2495)         Dead                      Min: 0, Avg:  0.0, Max: 0, Diff: 0, Sum: 0, Workers: 5
[109.710s][debug][gc,phases         ] GC(2495)         Total                     Min: 0, Avg: 20.4, Max: 102, Diff: 102, Sum: 102, Workers: 5
[109.710s][debug][gc,phases         ] GC(2495)       VM weak                   Min:  0.0, Avg:  0.0, Max:  0.0, Diff:  0.0, Sum:  0.0, Workers: 5
[109.710s][debug][gc,phases         ] GC(2495)         Dead                      Min: 0, Avg:  0.0, Max: 0, Diff: 0, Sum: 0, Workers: 5
[109.710s][debug][gc,phases         ] GC(2495)         Total                     Min: 0, Avg: 42.4, Max: 212, Diff: 212, Sum: 212, Workers: 5
[109.710s][debug][gc,phases         ] GC(2495)       StringTable weak          Min:  0.0, Avg:  0.0, Max:  0.0, Diff:  0.0, Sum:  0.0, Workers: 5
[109.710s][debug][gc,phases         ] GC(2495)         Dead                      Min: 0, Avg:  0.0, Max: 0, Diff: 0, Sum: 0, Workers: 5
[109.710s][debug][gc,phases         ] GC(2495)         Total                     Min: 0, Avg: 684.6, Max: 3168, Diff: 3168, Sum: 3423, Workers: 5
[109.710s][debug][gc,phases         ] GC(2495)       ResolvedMethodTable weak  Min:  0.0, Avg:  0.0, Max:  0.0, Diff:  0.0, Sum:  0.0, Workers: 5
[109.710s][debug][gc,phases         ] GC(2495)         Dead                      Min: 0, Avg:  0.0, Max: 0, Diff: 0, Sum: 0, Workers: 5
[109.710s][debug][gc,phases         ] GC(2495)         Total                     Min: 0, Avg: 114.6, Max: 317, Diff: 317, Sum: 573, Workers: 5
[109.710s][debug][gc,phases         ] GC(2495)     Merge Per-Thread State: 0.0ms
[109.710s][debug][gc,phases         ] GC(2495)       Copied Bytes              Min: 376, Avg: 500322.0, Max: 800320, Diff: 799944, Sum: 4002576, Workers: 8
[109.710s][debug][gc,phases         ] GC(2495)       LAB Waste                 Min: 0, Avg:  0.0, Max: 0, Diff: 0, Sum: 0, Workers: 8
[109.710s][debug][gc,phases         ] GC(2495)       LAB Undo Waste            Min: 0, Avg:  0.0, Max: 0, Diff: 0, Sum: 0, Workers: 8
[109.710s][debug][gc,phases         ] GC(2495)     Code Roots Purge: 0.0ms
[109.710s][debug][gc,phases         ] GC(2495)     Redirty Cards: 0.0ms
[109.710s][debug][gc,phases         ] GC(2495)     DerivedPointerTable Update: 0.0ms
[109.710s][debug][gc,phases         ] GC(2495)     Free Collection Set: 0.2ms
[109.710s][debug][gc,phases         ] GC(2495)     Rebuild Free List: 0.1ms
[109.710s][debug][gc,phases         ] GC(2495)     Humongous Reclaim: 0.0ms
[109.710s][debug][gc,phases         ] GC(2495)     Start New Collection Set: 0.0ms
[109.710s][debug][gc,phases         ] GC(2495)     Resize TLABs: 0.0ms
[109.710s][debug][gc,phases         ] GC(2495)     Expand Heap After Collection: 0.0ms
[109.710s][info ][gc,phases         ] GC(2495)   Other: 0.3ms
[109.710s][info ][gc,heap           ] GC(2495) Eden regions: 771->0(770)
[109.710s][info ][gc,heap           ] GC(2495) Survivor regions: 4->5(97)
[109.710s][info ][gc,heap           ] GC(2495) Old regions: 18->18
[109.710s][info ][gc,heap           ] GC(2495) Archive regions: 2->2
[109.710s][info ][gc,heap           ] GC(2495) Humongous regions: 0->0
[109.710s][info ][gc,metaspace      ] GC(2495) Metaspace: 10016K(10624K)->10016K(10624K) NonClass: 8864K(9216K)->8864K(9216K) Class: 1152K(1408K)->1152K(1408K)
[109.710s][debug][gc,heap           ] GC(2495) Heap after GC invocations=2496 (full 1): garbage-first heap   total 1324032K, used 23583K [0x0000000700000000, 0x0000000800000000)
[109.710s][debug][gc,heap           ] GC(2495)   region size 1024K, 5 young (5120K), 5 survivors (5120K)
[109.710s][debug][gc,heap           ] GC(2495)  Metaspace       used 10016K, capacity 10304K, committed 10624K, reserved 1058816K
[109.710s][debug][gc,heap           ] GC(2495)   class space    used 1152K, capacity 1266K, committed 1408K, reserved 1048576K
[109.710s][info ][gc                ] GC(2495) Pause Young (Normal) (G1 Evacuation Pause) 792M->23M(1293M) 2.216ms
[109.710s][info ][gc,cpu            ] GC(2495) User=0.01s Sys=0.00s Real=0.00s
[109.710s][info ][safepoint         ] Safepoint "G1CollectForAllocation", Time since last: 37965426 ns, Reaching safepoint: 139509 ns, At safepoint: 2386258 ns, Total: 2525767 ns
[109.749s][debug][gc,heap           ] GC(2496) Heap before GC invocations=2496 (full 1): garbage-first heap   total 1324032K, used 811039K [0x0000000700000000, 0x0000000800000000)
[109.749s][debug][gc,heap           ] GC(2496)   region size 1024K, 775 young (793600K), 5 survivors (5120K)
[109.749s][debug][gc,heap           ] GC(2496)  Metaspace       used 10016K, capacity 10304K, committed 10624K, reserved 1058816K
[109.749s][debug][gc,heap           ] GC(2496)   class space    used 1152K, capacity 1266K, committed 1408K, reserved 1048576K
[109.749s][info ][gc,start          ] GC(2496) Pause Young (Normal) (G1 Evacuation Pause)
[109.749s][info ][gc,task           ] GC(2496) Using 8 workers of 8 for evacuation
[109.749s][debug][gc,tlab           ] GC(2496) TLAB totals: thrds: 8  refills: 15 max: 3 slow allocs: 1532 max 224 waste: 23.2% gc: 960432B max: 229584B slow: 60208B max: 16192B fast: 0B max: 0B
[109.750s][debug][gc,age            ] GC(2496) Desired survivor size 50855936 bytes, new threshold 15 (max threshold 15)
[109.750s][debug][gc,alloc,region   ] GC(2496) Mutator Allocation stats, regions: 770, wasted size: 180M (23.4%)
[109.750s][debug][gc,ergo           ] GC(2496) Running G1 Merge Heap Roots using 8 workers for 775 regions
[109.750s][debug][gc,remset         ] GC(2496) Visited cards 256 Total dirty 2048 (12.50%) Total old 3215360 (0.01%)
[109.750s][debug][gc,ergo           ] GC(2496) Running G1 Clear Card Table Task using 2 workers for 2 units of work for 776 regions.
[109.750s][debug][gc,ref            ] GC(2496) Skipped phase1 of Reference Processing due to unavailable references
[109.750s][debug][gc,ref            ] GC(2496) Skipped phase2 of Reference Processing due to unavailable references
[109.750s][debug][gc,ref            ] GC(2496) Skipped phase3 of Reference Processing due to unavailable references
[109.750s][debug][gc,ref            ] GC(2496) Skipped phase4 of Reference Processing due to unavailable references
[109.751s][debug][gc,ergo           ] GC(2496) Running G1 Free Collection Set using 8 workers for collection set length 775 (1293)
[109.751s][debug][gc,ergo           ] GC(2496) Running G1 Rebuild Free List Task using 8 workers for rebuilding free list of 0 (4096) regions
[109.751s][trace][gc,age            ] GC(2496) Age table with threshold 15 (max threshold 15)
[109.751s][trace][gc,age            ] GC(2496) - age   1:    3202552 bytes,    3202552 total
[109.751s][debug][gc,plab           ] GC(2496) Young PLAB allocation: allocated: 16512B, wasted: 0B, unused: 14064B, used: 2448B, undo waste: 0B, 
[109.751s][debug][gc,plab           ] GC(2496) Young other allocation: region end waste: 735320B, regions filled: 4, direct allocated: 3200104B, failure used: 0B, failure wasted: 0B
[109.751s][debug][gc,plab           ] GC(2496) Young sizing: calculated: 0B, actual: 2064B
[109.751s][debug][gc,plab           ] GC(2496) Old PLAB allocation: allocated: 0B, wasted: 0B, unused: 0B, used: 0B, undo waste: 0B, 
[109.751s][debug][gc,plab           ] GC(2496) Old other allocation: region end waste: 0B, regions filled: 1, direct allocated: 0B, failure used: 0B, failure wasted: 0B
[109.751s][debug][gc,plab           ] GC(2496) Old sizing: calculated: 0B, actual: 2064B
[109.751s][debug][gc,ihop           ] GC(2496) Basic information (value update), threshold: 610113945B (45.00), target occupancy: 1355808768B, current occupancy: 23099200B, recent allocation size: 0B, recent allocation duration: 39.93ms, recent old gen allocation rate: 0.00B/s, recent marking phase length: 30.68ms
[109.751s][debug][gc,ihop           ] GC(2496) Adaptive IHOP information (value update), threshold: 610113945B (47.37), internal target occupancy: 1288018329B, occupancy: 23099200B, additional buffer size: 812646400B, predicted old gen allocation rate: 93.37B/s, predicted marking phase length: 61.36ms, prediction active: false
[109.751s][debug][gc,ergo,refine    ] GC(2496) Concurrent refinement times: Logged Cards Scan time goal: 20.00ms Logged Cards Scan time: 0.00ms HCC time: 0.00ms
[109.751s][debug][gc,ergo,refine    ] GC(2496) Updated Refinement Zones: green: 2048, yellow: 6144, red: 10240
[109.751s][info ][gc,phases         ] GC(2496)   Pre Evacuate Collection Set: 0.1ms
[109.751s][debug][gc,phases         ] GC(2496)     Prepare TLABs: 0.1ms
[109.751s][debug][gc,phases         ] GC(2496)     Choose Collection Set: 0.0ms
[109.751s][debug][gc,phases         ] GC(2496)     Region Register: 0.1ms
[109.751s][debug][gc,phases         ] GC(2496)     Prepare Heap Roots: 0.0ms
[109.751s][info ][gc,phases         ] GC(2496)   Merge Heap Roots: 0.1ms
[109.751s][debug][gc,phases         ] GC(2496)     Prepare Merge Heap Roots: 0.0ms
[109.751s][debug][gc,phases         ] GC(2496)     Eager Reclaim (ms):       skipped
[109.751s][debug][gc,phases         ] GC(2496)     Remembered Sets (ms):     Min:  0.0, Avg:  0.0, Max:  0.0, Diff:  0.0, Sum:  0.2, Workers: 8
[109.751s][debug][gc,phases         ] GC(2496)       Merged Sparse:            Min: 0, Avg:  0.0, Max: 0, Diff: 0, Sum: 0, Workers: 8
[109.751s][debug][gc,phases         ] GC(2496)       Merged Fine:              Min: 0, Avg:  0.0, Max: 0, Diff: 0, Sum: 0, Workers: 8
[109.751s][debug][gc,phases         ] GC(2496)       Merged Coarse:            Min: 0, Avg:  0.0, Max: 0, Diff: 0, Sum: 0, Workers: 8
[109.751s][debug][gc,phases         ] GC(2496)       Dirty Cards:              Min: 0, Avg:  0.0, Max: 0, Diff: 0, Sum: 0, Workers: 8
[109.751s][debug][gc,phases         ] GC(2496)     Hot Card Cache (ms):      Min:  0.0, Avg:  0.0, Max:  0.0, Diff:  0.0, Sum:  0.0, Workers: 8
[109.751s][debug][gc,phases         ] GC(2496)       Dirty Cards:              Min: 0, Avg:  0.0, Max: 0, Diff: 0, Sum: 0, Workers: 8
[109.751s][debug][gc,phases         ] GC(2496)       Skipped Cards:            Min: 0, Avg:  0.0, Max: 0, Diff: 0, Sum: 0, Workers: 8
[109.751s][debug][gc,phases         ] GC(2496)     Log Buffers (ms):         Min:  0.0, Avg:  0.0, Max:  0.0, Diff:  0.0, Sum:  0.0, Workers: 8
[109.751s][debug][gc,phases         ] GC(2496)       Dirty Cards:              Min: 0, Avg:  0.1, Max: 1, Diff: 1, Sum: 1, Workers: 8
[109.751s][debug][gc,phases         ] GC(2496)       Skipped Cards:            Min: 0, Avg:  0.0, Max: 0, Diff: 0, Sum: 0, Workers: 8
[109.751s][info ][gc,phases         ] GC(2496)   Evacuate Collection Set: 0.4ms
[109.751s][debug][gc,phases         ] GC(2496)     Ext Root Scanning (ms):   Min:  0.0, Avg:  0.2, Max:  0.3, Diff:  0.2, Sum:  1.4, Workers: 8
[109.751s][debug][gc,phases         ] GC(2496)     Scan Heap Roots (ms):     Min:  0.0, Avg:  0.0, Max:  0.0, Diff:  0.0, Sum:  0.0, Workers: 8
[109.751s][debug][gc,phases         ] GC(2496)       Scanned Cards:            Min: 0, Avg:  0.1, Max: 1, Diff: 1, Sum: 1, Workers: 8
[109.751s][debug][gc,phases         ] GC(2496)       Scanned Blocks:           Min: 0, Avg:  0.1, Max: 1, Diff: 1, Sum: 1, Workers: 8
[109.751s][debug][gc,phases         ] GC(2496)       Claimed Chunks:           Min: 0, Avg:  0.1, Max: 1, Diff: 1, Sum: 1, Workers: 8
[109.751s][debug][gc,phases         ] GC(2496)     Code Root Scan (ms):      Min:  0.0, Avg:  0.0, Max:  0.0, Diff:  0.0, Sum:  0.1, Workers: 8
[109.751s][debug][gc,phases         ] GC(2496)     Object Copy (ms):         Min:  0.0, Avg:  0.0, Max:  0.0, Diff:  0.0, Sum:  0.1, Workers: 8
[109.751s][debug][gc,phases         ] GC(2496)     Termination (ms):         Min:  0.0, Avg:  0.1, Max:  0.1, Diff:  0.1, Sum:  0.8, Workers: 8
[109.751s][debug][gc,phases         ] GC(2496)       Termination Attempts:     Min: 1, Avg:  1.4, Max: 2, Diff: 1, Sum: 11, Workers: 8
[109.751s][debug][gc,phases         ] GC(2496)     GC Worker Other (ms):     Min:  0.0, Avg:  0.0, Max:  0.1, Diff:  0.1, Sum:  0.3, Workers: 8
[109.751s][debug][gc,phases         ] GC(2496)     GC Worker Total (ms):     Min:  0.3, Avg:  0.3, Max:  0.4, Diff:  0.1, Sum:  2.7, Workers: 8
[109.751s][info ][gc,phases         ] GC(2496)   Post Evacuate Collection Set: 0.6ms
[109.751s][debug][gc,phases         ] GC(2496)     Code Roots Fixup: 0.0ms
[109.751s][debug][gc,phases         ] GC(2496)     Clear Card Table: 0.2ms
[109.751s][debug][gc,phases         ] GC(2496)     Reference Processing: 0.0ms
[109.751s][debug][gc,phases,ref     ] GC(2496)       Reconsider SoftReferences: 0.0ms
[109.751s][debug][gc,phases,ref     ] GC(2496)         SoftRef (ms):             skipped
[109.751s][debug][gc,phases,ref     ] GC(2496)       Notify Soft/WeakReferences: 0.0ms
[109.751s][debug][gc,phases,ref     ] GC(2496)         SoftRef (ms):             skipped
[109.751s][debug][gc,phases,ref     ] GC(2496)         WeakRef (ms):             skipped
[109.751s][debug][gc,phases,ref     ] GC(2496)         FinalRef (ms):            skipped
[109.751s][debug][gc,phases,ref     ] GC(2496)         Total (ms):               skipped
[109.751s][debug][gc,phases,ref     ] GC(2496)       Notify and keep alive finalizable: 0.0ms
[109.751s][debug][gc,phases,ref     ] GC(2496)         FinalRef (ms):            skipped
[109.751s][debug][gc,phases,ref     ] GC(2496)       Notify PhantomReferences: 0.0ms
[109.751s][debug][gc,phases,ref     ] GC(2496)         PhantomRef (ms):          skipped
[109.751s][debug][gc,phases,ref     ] GC(2496)       SoftReference:
[109.751s][debug][gc,phases,ref     ] GC(2496)         Discovered: 0
[109.751s][debug][gc,phases,ref     ] GC(2496)         Cleared: 0
[109.751s][debug][gc,phases,ref     ] GC(2496)       WeakReference:
[109.751s][debug][gc,phases,ref     ] GC(2496)         Discovered: 0
[109.751s][debug][gc,phases,ref     ] GC(2496)         Cleared: 0
[109.751s][debug][gc,phases,ref     ] GC(2496)       FinalReference:
[109.751s][debug][gc,phases,ref     ] GC(2496)         Discovered: 0
[109.751s][debug][gc,phases,ref     ] GC(2496)         Cleared: 0
[109.751s][debug][gc,phases,ref     ] GC(2496)       PhantomReference:
[109.751s][debug][gc,phases,ref     ] GC(2496)         Discovered: 0
[109.751s][debug][gc,phases,ref     ] GC(2496)         Cleared: 0
[109.751s][debug][gc,phases         ] GC(2496)     Weak Processing: 0.1ms
[109.751s][debug][gc,phases         ] GC(2496)       JVMTI weak processing: 0.0ms
[109.751s][debug][gc,phases         ] GC(2496)         Dead: 0
[109.751s][debug][gc,phases         ] GC(2496)         Total: 0
[109.751s][debug][gc,phases         ] GC(2496)       JFR weak processing: 0.0ms
[109.751s][debug][gc,phases         ] GC(2496)         Dead: 0
[109.751s][debug][gc,phases         ] GC(2496)         Total: 0
[109.751s][debug][gc,phases         ] GC(2496)       JNI weak                  Min:  0.0, Avg:  0.0, Max:  0.0, Diff:  0.0, Sum:  0.0, Workers: 5
[109.751s][debug][gc,phases         ] GC(2496)         Dead                      Min: 0, Avg:  0.0, Max: 0, Diff: 0, Sum: 0, Workers: 5
[109.751s][debug][gc,phases         ] GC(2496)         Total                     Min: 0, Avg: 20.4, Max: 102, Diff: 102, Sum: 102, Workers: 5
[109.751s][debug][gc,phases         ] GC(2496)       VM weak                   Min:  0.0, Avg:  0.0, Max:  0.0, Diff:  0.0, Sum:  0.0, Workers: 5
[109.751s][debug][gc,phases         ] GC(2496)         Dead                      Min: 0, Avg:  0.0, Max: 0, Diff: 0, Sum: 0, Workers: 5
[109.751s][debug][gc,phases         ] GC(2496)         Total                     Min: 0, Avg: 42.4, Max: 212, Diff: 212, Sum: 212, Workers: 5
[109.751s][debug][gc,phases         ] GC(2496)       StringTable weak          Min:  0.0, Avg:  0.0, Max:  0.0, Diff:  0.0, Sum:  0.0, Workers: 5
[109.751s][debug][gc,phases         ] GC(2496)         Dead                      Min: 0, Avg:  0.0, Max: 0, Diff: 0, Sum: 0, Workers: 5
[109.751s][debug][gc,phases         ] GC(2496)         Total                     Min: 0, Avg: 684.6, Max: 2943, Diff: 2943, Sum: 3423, Workers: 5
[109.752s][debug][gc,phases         ] GC(2496)       ResolvedMethodTable weak  Min:  0.0, Avg:  0.0, Max:  0.0, Diff:  0.0, Sum:  0.0, Workers: 5
[109.752s][debug][gc,phases         ] GC(2496)         Dead                      Min: 0, Avg:  0.0, Max: 0, Diff: 0, Sum: 0, Workers: 5
[109.752s][debug][gc,phases         ] GC(2496)         Total                     Min: 0, Avg: 114.6, Max: 317, Diff: 317, Sum: 573, Workers: 5
[109.752s][debug][gc,phases         ] GC(2496)     Merge Per-Thread State: 0.0ms
[109.752s][debug][gc,phases         ] GC(2496)       Copied Bytes              Min: 72, Avg: 400319.0, Max: 800256, Diff: 800184, Sum: 3202552, Workers: 8
[109.752s][debug][gc,phases         ] GC(2496)       LAB Waste                 Min: 0, Avg:  0.0, Max: 0, Diff: 0, Sum: 0, Workers: 8
[109.752s][debug][gc,phases         ] GC(2496)       LAB Undo Waste            Min: 0, Avg:  0.0, Max: 0, Diff: 0, Sum: 0, Workers: 8
[109.752s][debug][gc,phases         ] GC(2496)     Code Roots Purge: 0.0ms
[109.752s][debug][gc,phases         ] GC(2496)     Redirty Cards: 0.0ms
[109.752s][debug][gc,phases         ] GC(2496)     DerivedPointerTable Update: 0.0ms
[109.752s][debug][gc,phases         ] GC(2496)     Free Collection Set: 0.2ms
[109.752s][debug][gc,phases         ] GC(2496)     Rebuild Free List: 0.1ms
[109.752s][debug][gc,phases         ] GC(2496)     Humongous Reclaim: 0.0ms
[109.752s][debug][gc,phases         ] GC(2496)     Start New Collection Set: 0.0ms
[109.752s][debug][gc,phases         ] GC(2496)     Resize TLABs: 0.0ms
[109.752s][debug][gc,phases         ] GC(2496)     Expand Heap After Collection: 0.0ms
[109.752s][info ][gc,phases         ] GC(2496)   Other: 0.4ms
[109.752s][info ][gc,heap           ] GC(2496) Eden regions: 770->0(771)
[109.752s][info ][gc,heap           ] GC(2496) Survivor regions: 5->4(97)
[109.752s][info ][gc,heap           ] GC(2496) Old regions: 18->18
[109.752s][info ][gc,heap           ] GC(2496) Archive regions: 2->2
[109.752s][info ][gc,heap           ] GC(2496) Humongous regions: 0->0
[109.752s][info ][gc,metaspace      ] GC(2496) Metaspace: 10016K(10624K)->10016K(10624K) NonClass: 8864K(9216K)->8864K(9216K) Class: 1152K(1408K)->1152K(1408K)
[109.752s][debug][gc,heap           ] GC(2496) Heap after GC invocations=2497 (full 1): garbage-first heap   total 1324032K, used 22557K [0x0000000700000000, 0x0000000800000000)
[109.752s][debug][gc,heap           ] GC(2496)   region size 1024K, 4 young (4096K), 4 survivors (4096K)
[109.752s][debug][gc,heap           ] GC(2496)  Metaspace       used 10016K, capacity 10304K, committed 10624K, reserved 1058816K
[109.752s][debug][gc,heap           ] GC(2496)   class space    used 1152K, capacity 1266K, committed 1408K, reserved 1048576K
[109.752s][info ][gc                ] GC(2496) Pause Young (Normal) (G1 Evacuation Pause) 792M->22M(1293M) 2.257ms
[109.752s][info ][gc,cpu            ] GC(2496) User=0.00s Sys=0.00s Real=0.00s
[109.752s][info ][safepoint         ] Safepoint "G1CollectForAllocation", Time since last: 38812257 ns, Reaching safepoint: 136233 ns, At safepoint: 2466325 ns, Total: 2602558 ns
[109.790s][debug][gc,heap           ] GC(2497) Heap before GC invocations=2497 (full 1): garbage-first heap   total 1324032K, used 811037K [0x0000000700000000, 0x0000000800000000)
[109.790s][debug][gc,heap           ] GC(2497)   region size 1024K, 775 young (793600K), 4 survivors (4096K)
[109.790s][debug][gc,heap           ] GC(2497)  Metaspace       used 10016K, capacity 10304K, committed 10624K, reserved 1058816K
[109.790s][debug][gc,heap           ] GC(2497)   class space    used 1152K, capacity 1266K, committed 1408K, reserved 1048576K
[109.790s][info ][gc,start          ] GC(2497) Pause Young (Normal) (G1 Evacuation Pause)
[109.790s][info ][gc,task           ] GC(2497) Using 8 workers of 8 for evacuation
[109.790s][debug][gc,tlab           ] GC(2497) TLAB totals: thrds: 8  refills: 14 max: 3 slow allocs: 1537 max 215 waste: 32.9% gc: 1206056B max: 242232B slow: 58792B max: 15096B fast: 0B max: 0B
[109.790s][debug][gc,age            ] GC(2497) Desired survivor size 50855936 bytes, new threshold 15 (max threshold 15)
[109.790s][debug][gc,alloc,region   ] GC(2497) Mutator Allocation stats, regions: 771, wasted size: 180M (23.4%)
[109.790s][debug][gc,ergo           ] GC(2497) Running G1 Merge Heap Roots using 8 workers for 775 regions
[109.790s][debug][gc,remset         ] GC(2497) Visited cards 256 Total dirty 2048 (12.50%) Total old 3215360 (0.01%)
[109.791s][debug][gc,ergo           ] GC(2497) Running G1 Clear Card Table Task using 2 workers for 2 units of work for 776 regions.
[109.791s][debug][gc,ref            ] GC(2497) Skipped phase1 of Reference Processing due to unavailable references
[109.791s][debug][gc,ref            ] GC(2497) Skipped phase2 of Reference Processing due to unavailable references
[109.791s][debug][gc,ref            ] GC(2497) Skipped phase3 of Reference Processing due to unavailable references
[109.791s][debug][gc,ref            ] GC(2497) Skipped phase4 of Reference Processing due to unavailable references
[109.791s][debug][gc,ergo           ] GC(2497) Running G1 Free Collection Set using 8 workers for collection set length 775 (1293)
[109.791s][debug][gc,ergo           ] GC(2497) Running G1 Rebuild Free List Task using 8 workers for rebuilding free list of 0 (4096) regions
[109.791s][trace][gc,age            ] GC(2497) Age table with threshold 15 (max threshold 15)
[109.791s][trace][gc,age            ] GC(2497) - age   1:    2402536 bytes,    2402536 total
[109.791s][debug][gc,plab           ] GC(2497) Young PLAB allocation: allocated: 16512B, wasted: 0B, unused: 14064B, used: 2448B, undo waste: 0B, 
[109.791s][debug][gc,plab           ] GC(2497) Young other allocation: region end waste: 482640B, regions filled: 3, direct allocated: 2400088B, failure used: 0B, failure wasted: 0B
[109.791s][debug][gc,plab           ] GC(2497) Young sizing: calculated: 0B, actual: 2064B
[109.791s][debug][gc,plab           ] GC(2497) Old PLAB allocation: allocated: 0B, wasted: 0B, unused: 0B, used: 0B, undo waste: 0B, 
[109.791s][debug][gc,plab           ] GC(2497) Old other allocation: region end waste: 0B, regions filled: 1, direct allocated: 0B, failure used: 0B, failure wasted: 0B
[109.791s][debug][gc,plab           ] GC(2497) Old sizing: calculated: 0B, actual: 2064B
[109.791s][debug][gc,ihop           ] GC(2497) Basic information (value update), threshold: 610113945B (45.00), target occupancy: 1355808768B, current occupancy: 22046504B, recent allocation size: 0B, recent allocation duration: 39.07ms, recent old gen allocation rate: 0.00B/s, recent marking phase length: 30.68ms
[109.791s][debug][gc,ihop           ] GC(2497) Adaptive IHOP information (value update), threshold: 610113945B (47.37), internal target occupancy: 1288018329B, occupancy: 22046504B, additional buffer size: 812646400B, predicted old gen allocation rate: 91.00B/s, predicted marking phase length: 61.36ms, prediction active: false
[109.791s][debug][gc,ergo,refine    ] GC(2497) Concurrent refinement times: Logged Cards Scan time goal: 20.00ms Logged Cards Scan time: 0.00ms HCC time: 0.00ms
[109.791s][debug][gc,ergo,refine    ] GC(2497) Updated Refinement Zones: green: 2048, yellow: 6144, red: 10240
[109.791s][info ][gc,phases         ] GC(2497)   Pre Evacuate Collection Set: 0.1ms
[109.791s][debug][gc,phases         ] GC(2497)     Prepare TLABs: 0.0ms
[109.791s][debug][gc,phases         ] GC(2497)     Choose Collection Set: 0.0ms
[109.791s][debug][gc,phases         ] GC(2497)     Region Register: 0.1ms
[109.791s][debug][gc,phases         ] GC(2497)     Prepare Heap Roots: 0.0ms
[109.791s][info ][gc,phases         ] GC(2497)   Merge Heap Roots: 0.2ms
[109.791s][debug][gc,phases         ] GC(2497)     Prepare Merge Heap Roots: 0.0ms
[109.791s][debug][gc,phases         ] GC(2497)     Eager Reclaim (ms):       skipped
[109.791s][debug][gc,phases         ] GC(2497)     Remembered Sets (ms):     Min:  0.0, Avg:  0.0, Max:  0.0, Diff:  0.0, Sum:  0.2, Workers: 8
[109.791s][debug][gc,phases         ] GC(2497)       Merged Sparse:            Min: 0, Avg:  0.0, Max: 0, Diff: 0, Sum: 0, Workers: 8
[109.791s][debug][gc,phases         ] GC(2497)       Merged Fine:              Min: 0, Avg:  0.0, Max: 0, Diff: 0, Sum: 0, Workers: 8
[109.791s][debug][gc,phases         ] GC(2497)       Merged Coarse:            Min: 0, Avg:  0.0, Max: 0, Diff: 0, Sum: 0, Workers: 8
[109.791s][debug][gc,phases         ] GC(2497)       Dirty Cards:              Min: 0, Avg:  0.0, Max: 0, Diff: 0, Sum: 0, Workers: 8
[109.791s][debug][gc,phases         ] GC(2497)     Hot Card Cache (ms):      Min:  0.0, Avg:  0.0, Max:  0.0, Diff:  0.0, Sum:  0.0, Workers: 8
[109.791s][debug][gc,phases         ] GC(2497)       Dirty Cards:              Min: 0, Avg:  0.0, Max: 0, Diff: 0, Sum: 0, Workers: 8
[109.791s][debug][gc,phases         ] GC(2497)       Skipped Cards:            Min: 0, Avg:  0.0, Max: 0, Diff: 0, Sum: 0, Workers: 8
[109.791s][debug][gc,phases         ] GC(2497)     Log Buffers (ms):         Min:  0.0, Avg:  0.0, Max:  0.0, Diff:  0.0, Sum:  0.0, Workers: 8
[109.791s][debug][gc,phases         ] GC(2497)       Dirty Cards:              Min: 0, Avg:  0.1, Max: 1, Diff: 1, Sum: 1, Workers: 8
[109.791s][debug][gc,phases         ] GC(2497)       Skipped Cards:            Min: 0, Avg:  0.0, Max: 0, Diff: 0, Sum: 0, Workers: 8
[109.791s][info ][gc,phases         ] GC(2497)   Evacuate Collection Set: 0.3ms
[109.791s][debug][gc,phases         ] GC(2497)     Ext Root Scanning (ms):   Min:  0.0, Avg:  0.1, Max:  0.2, Diff:  0.2, Sum:  1.0, Workers: 8
[109.791s][debug][gc,phases         ] GC(2497)     Scan Heap Roots (ms):     Min:  0.0, Avg:  0.0, Max:  0.0, Diff:  0.0, Sum:  0.0, Workers: 8
[109.791s][debug][gc,phases         ] GC(2497)       Scanned Cards:            Min: 0, Avg:  0.1, Max: 1, Diff: 1, Sum: 1, Workers: 8
[109.791s][debug][gc,phases         ] GC(2497)       Scanned Blocks:           Min: 0, Avg:  0.1, Max: 1, Diff: 1, Sum: 1, Workers: 8
[109.791s][debug][gc,phases         ] GC(2497)       Claimed Chunks:           Min: 0, Avg:  0.1, Max: 1, Diff: 1, Sum: 1, Workers: 8
[109.791s][debug][gc,phases         ] GC(2497)     Code Root Scan (ms):      Min:  0.0, Avg:  0.0, Max:  0.0, Diff:  0.0, Sum:  0.1, Workers: 8
[109.791s][debug][gc,phases         ] GC(2497)     Object Copy (ms):         Min:  0.0, Avg:  0.0, Max:  0.0, Diff:  0.0, Sum:  0.0, Workers: 8
[109.791s][debug][gc,phases         ] GC(2497)     Termination (ms):         Min:  0.0, Avg:  0.1, Max:  0.1, Diff:  0.1, Sum:  0.5, Workers: 8
[109.791s][debug][gc,phases         ] GC(2497)       Termination Attempts:     Min: 1, Avg:  1.2, Max: 2, Diff: 1, Sum: 10, Workers: 8
[109.792s][debug][gc,phases         ] GC(2497)     GC Worker Other (ms):     Min:  0.0, Avg:  0.0, Max:  0.1, Diff:  0.1, Sum:  0.3, Workers: 8
[109.792s][debug][gc,phases         ] GC(2497)     GC Worker Total (ms):     Min:  0.2, Avg:  0.3, Max:  0.3, Diff:  0.1, Sum:  2.0, Workers: 8
[109.792s][info ][gc,phases         ] GC(2497)   Post Evacuate Collection Set: 0.5ms
[109.792s][debug][gc,phases         ] GC(2497)     Code Roots Fixup: 0.0ms
[109.792s][debug][gc,phases         ] GC(2497)     Clear Card Table: 0.2ms
[109.792s][debug][gc,phases         ] GC(2497)     Reference Processing: 0.0ms
[109.792s][debug][gc,phases,ref     ] GC(2497)       Reconsider SoftReferences: 0.0ms
[109.792s][debug][gc,phases,ref     ] GC(2497)         SoftRef (ms):             skipped
[109.792s][debug][gc,phases,ref     ] GC(2497)       Notify Soft/WeakReferences: 0.0ms
[109.792s][debug][gc,phases,ref     ] GC(2497)         SoftRef (ms):             skipped
[109.792s][debug][gc,phases,ref     ] GC(2497)         WeakRef (ms):             skipped
[109.792s][debug][gc,phases,ref     ] GC(2497)         FinalRef (ms):            skipped
[109.792s][debug][gc,phases,ref     ] GC(2497)         Total (ms):               skipped
[109.792s][debug][gc,phases,ref     ] GC(2497)       Notify and keep alive finalizable: 0.0ms
[109.792s][debug][gc,phases,ref     ] GC(2497)         FinalRef (ms):            skipped
[109.792s][debug][gc,phases,ref     ] GC(2497)       Notify PhantomReferences: 0.0ms
[109.792s][debug][gc,phases,ref     ] GC(2497)         PhantomRef (ms):          skipped
[109.792s][debug][gc,phases,ref     ] GC(2497)       SoftReference:
[109.792s][debug][gc,phases,ref     ] GC(2497)         Discovered: 0
[109.792s][debug][gc,phases,ref     ] GC(2497)         Cleared: 0
[109.792s][debug][gc,phases,ref     ] GC(2497)       WeakReference:
[109.792s][debug][gc,phases,ref     ] GC(2497)         Discovered: 0
[109.792s][debug][gc,phases,ref     ] GC(2497)         Cleared: 0
[109.792s][debug][gc,phases,ref     ] GC(2497)       FinalReference:
[109.792s][debug][gc,phases,ref     ] GC(2497)         Discovered: 0
[109.792s][debug][gc,phases,ref     ] GC(2497)         Cleared: 0
[109.792s][debug][gc,phases,ref     ] GC(2497)       PhantomReference:
[109.792s][debug][gc,phases,ref     ] GC(2497)         Discovered: 0
[109.792s][debug][gc,phases,ref     ] GC(2497)         Cleared: 0
[109.792s][debug][gc,phases         ] GC(2497)     Weak Processing: 0.1ms
[109.792s][debug][gc,phases         ] GC(2497)       JVMTI weak processing: 0.0ms
[109.792s][debug][gc,phases         ] GC(2497)         Dead: 0
[109.792s][debug][gc,phases         ] GC(2497)         Total: 0
[109.792s][debug][gc,phases         ] GC(2497)       JFR weak processing: 0.0ms
[109.792s][debug][gc,phases         ] GC(2497)         Dead: 0
[109.792s][debug][gc,phases         ] GC(2497)         Total: 0
[109.792s][debug][gc,phases         ] GC(2497)       JNI weak                  Min:  0.0, Avg:  0.0, Max:  0.0, Diff:  0.0, Sum:  0.0, Workers: 5
[109.792s][debug][gc,phases         ] GC(2497)         Dead                      Min: 0, Avg:  0.0, Max: 0, Diff: 0, Sum: 0, Workers: 5
[109.792s][debug][gc,phases         ] GC(2497)         Total                     Min: 0, Avg: 20.4, Max: 62, Diff: 62, Sum: 102, Workers: 5
[109.792s][debug][gc,phases         ] GC(2497)       VM weak                   Min:  0.0, Avg:  0.0, Max:  0.0, Diff:  0.0, Sum:  0.0, Workers: 5
[109.792s][debug][gc,phases         ] GC(2497)         Dead                      Min: 0, Avg:  0.0, Max: 0, Diff: 0, Sum: 0, Workers: 5
[109.792s][debug][gc,phases         ] GC(2497)         Total                     Min: 0, Avg: 42.4, Max: 128, Diff: 128, Sum: 212, Workers: 5
[109.792s][debug][gc,phases         ] GC(2497)       StringTable weak          Min:  0.0, Avg:  0.0, Max:  0.0, Diff:  0.0, Sum:  0.1, Workers: 5
[109.792s][debug][gc,phases         ] GC(2497)         Dead                      Min: 0, Avg:  0.0, Max: 0, Diff: 0, Sum: 0, Workers: 5
[109.792s][debug][gc,phases         ] GC(2497)         Total                     Min: 0, Avg: 684.6, Max: 1727, Diff: 1727, Sum: 3423, Workers: 5
[109.792s][debug][gc,phases         ] GC(2497)       ResolvedMethodTable weak  Min:  0.0, Avg:  0.0, Max:  0.0, Diff:  0.0, Sum:  0.0, Workers: 5
[109.792s][debug][gc,phases         ] GC(2497)         Dead                      Min: 0, Avg:  0.0, Max: 0, Diff: 0, Sum: 0, Workers: 5
[109.792s][debug][gc,phases         ] GC(2497)         Total                     Min: 0, Avg: 114.6, Max: 317, Diff: 317, Sum: 573, Workers: 5
[109.792s][debug][gc,phases         ] GC(2497)     Merge Per-Thread State: 0.0ms
[109.792s][debug][gc,phases         ] GC(2497)       Copied Bytes              Min: 72, Avg: 300317.0, Max: 800320, Diff: 800248, Sum: 2402536, Workers: 8
[109.792s][debug][gc,phases         ] GC(2497)       LAB Waste                 Min: 0, Avg:  0.0, Max: 0, Diff: 0, Sum: 0, Workers: 8
[109.792s][debug][gc,phases         ] GC(2497)       LAB Undo Waste            Min: 0, Avg:  0.0, Max: 0, Diff: 0, Sum: 0, Workers: 8
[109.792s][debug][gc,phases         ] GC(2497)     Code Roots Purge: 0.0ms
[109.792s][debug][gc,phases         ] GC(2497)     Redirty Cards: 0.0ms
[109.792s][debug][gc,phases         ] GC(2497)     DerivedPointerTable Update: 0.0ms
[109.792s][debug][gc,phases         ] GC(2497)     Free Collection Set: 0.2ms
[109.792s][debug][gc,phases         ] GC(2497)     Rebuild Free List: 0.1ms
[109.792s][debug][gc,phases         ] GC(2497)     Humongous Reclaim: 0.0ms
[109.792s][debug][gc,phases         ] GC(2497)     Start New Collection Set: 0.0ms
[109.792s][debug][gc,phases         ] GC(2497)     Resize TLABs: 0.0ms
[109.792s][debug][gc,phases         ] GC(2497)     Expand Heap After Collection: 0.0ms
[109.792s][info ][gc,phases         ] GC(2497)   Other: 0.3ms
[109.792s][info ][gc,heap           ] GC(2497) Eden regions: 771->0(772)
[109.792s][info ][gc,heap           ] GC(2497) Survivor regions: 4->3(97)
[109.792s][info ][gc,heap           ] GC(2497) Old regions: 18->18
[109.792s][info ][gc,heap           ] GC(2497) Archive regions: 2->2
[109.792s][info ][gc,heap           ] GC(2497) Humongous regions: 0->0
[109.792s][info ][gc,metaspace      ] GC(2497) Metaspace: 10016K(10624K)->10016K(10624K) NonClass: 8864K(9216K)->8864K(9216K) Class: 1152K(1408K)->1152K(1408K)
[109.792s][debug][gc,heap           ] GC(2497) Heap after GC invocations=2498 (full 1): garbage-first heap   total 1324032K, used 21529K [0x0000000700000000, 0x0000000800000000)
[109.792s][debug][gc,heap           ] GC(2497)   region size 1024K, 3 young (3072K), 3 survivors (3072K)
[109.792s][debug][gc,heap           ] GC(2497)  Metaspace       used 10016K, capacity 10304K, committed 10624K, reserved 1058816K
[109.792s][debug][gc,heap           ] GC(2497)   class space    used 1152K, capacity 1266K, committed 1408K, reserved 1048576K
[109.792s][info ][gc                ] GC(2497) Pause Young (Normal) (G1 Evacuation Pause) 792M->21M(1293M) 1.981ms
[109.792s][info ][gc,cpu            ] GC(2497) User=0.01s Sys=0.00s Real=0.01s
[109.792s][info ][safepoint         ] Safepoint "G1CollectForAllocation", Time since last: 37972939 ns, Reaching safepoint: 125304 ns, At safepoint: 2143737 ns, Total: 2269041 ns
[109.830s][debug][gc,heap           ] GC(2498) Heap before GC invocations=2498 (full 1): garbage-first heap   total 1324032K, used 811033K [0x0000000700000000, 0x0000000800000000)
[109.830s][debug][gc,heap           ] GC(2498)   region size 1024K, 775 young (793600K), 3 survivors (3072K)
[109.830s][debug][gc,heap           ] GC(2498)  Metaspace       used 10016K, capacity 10304K, committed 10624K, reserved 1058816K
[109.830s][debug][gc,heap           ] GC(2498)   class space    used 1152K, capacity 1266K, committed 1408K, reserved 1048576K
[109.830s][info ][gc,start          ] GC(2498) Pause Young (Normal) (G1 Evacuation Pause)
[109.830s][info ][gc,task           ] GC(2498) Using 8 workers of 8 for evacuation
[109.830s][debug][gc,tlab           ] GC(2498) TLAB totals: thrds: 8  refills: 14 max: 4 slow allocs: 1534 max 221 waste: 19.1% gc: 834840B max: 145304B slow: 58400B max: 16744B fast: 0B max: 0B
[109.830s][debug][gc,age            ] GC(2498) Desired survivor size 50855936 bytes, new threshold 15 (max threshold 15)
[109.830s][debug][gc,alloc,region   ] GC(2498) Mutator Allocation stats, regions: 772, wasted size: 180M (23.4%)
[109.830s][debug][gc,ergo           ] GC(2498) Running G1 Merge Heap Roots using 8 workers for 775 regions
[109.830s][debug][gc,remset         ] GC(2498) Visited cards 512 Total dirty 4096 (12.50%) Total old 3215360 (0.02%)
[109.831s][debug][gc,ergo           ] GC(2498) Running G1 Clear Card Table Task using 2 workers for 2 units of work for 777 regions.
[109.831s][debug][gc,ref            ] GC(2498) Skipped phase1 of Reference Processing due to unavailable references
[109.831s][debug][gc,ref            ] GC(2498) Skipped phase2 of Reference Processing due to unavailable references
[109.831s][debug][gc,ref            ] GC(2498) Skipped phase3 of Reference Processing due to unavailable references
[109.831s][debug][gc,ref            ] GC(2498) Skipped phase4 of Reference Processing due to unavailable references
[109.831s][debug][gc,ergo           ] GC(2498) Running G1 Free Collection Set using 8 workers for collection set length 775 (1293)
[109.831s][debug][gc,ergo           ] GC(2498) Running G1 Rebuild Free List Task using 8 workers for rebuilding free list of 0 (4096) regions
[109.831s][trace][gc,age            ] GC(2498) Age table with threshold 15 (max threshold 15)
[109.831s][trace][gc,age            ] GC(2498) - age   1:    2402544 bytes,    2402544 total
[109.831s][debug][gc,plab           ] GC(2498) Young PLAB allocation: allocated: 16512B, wasted: 0B, unused: 14064B, used: 2448B, undo waste: 0B, 
[109.831s][debug][gc,plab           ] GC(2498) Young other allocation: region end waste: 480576B, regions filled: 3, direct allocated: 2400096B, failure used: 0B, failure wasted: 0B
[109.831s][debug][gc,plab           ] GC(2498) Young sizing: calculated: 0B, actual: 2064B
[109.831s][debug][gc,plab           ] GC(2498) Old PLAB allocation: allocated: 0B, wasted: 0B, unused: 0B, used: 0B, undo waste: 0B, 
[109.831s][debug][gc,plab           ] GC(2498) Old other allocation: region end waste: 0B, regions filled: 1, direct allocated: 0B, failure used: 0B, failure wasted: 0B
[109.831s][debug][gc,plab           ] GC(2498) Old sizing: calculated: 0B, actual: 2064B
[109.831s][debug][gc,ihop           ] GC(2498) Basic information (value update), threshold: 610113945B (45.00), target occupancy: 1355808768B, current occupancy: 22044448B, recent allocation size: 0B, recent allocation duration: 38.81ms, recent old gen allocation rate: 0.00B/s, recent marking phase length: 30.68ms
[109.831s][debug][gc,ihop           ] GC(2498) Adaptive IHOP information (value update), threshold: 610113945B (47.37), internal target occupancy: 1288018329B, occupancy: 22044448B, additional buffer size: 812646400B, predicted old gen allocation rate: 88.70B/s, predicted marking phase length: 61.36ms, prediction active: false
[109.831s][debug][gc,ergo,refine    ] GC(2498) Concurrent refinement times: Logged Cards Scan time goal: 20.00ms Logged Cards Scan time: 0.00ms HCC time: 0.00ms
[109.831s][debug][gc,ergo,refine    ] GC(2498) Updated Refinement Zones: green: 2048, yellow: 6144, red: 10240
[109.831s][info ][gc,phases         ] GC(2498)   Pre Evacuate Collection Set: 0.1ms
[109.831s][debug][gc,phases         ] GC(2498)     Prepare TLABs: 0.0ms
[109.831s][debug][gc,phases         ] GC(2498)     Choose Collection Set: 0.0ms
[109.831s][debug][gc,phases         ] GC(2498)     Region Register: 0.1ms
[109.831s][debug][gc,phases         ] GC(2498)     Prepare Heap Roots: 0.0ms
[109.831s][info ][gc,phases         ] GC(2498)   Merge Heap Roots: 0.2ms
[109.831s][debug][gc,phases         ] GC(2498)     Prepare Merge Heap Roots: 0.0ms
[109.831s][debug][gc,phases         ] GC(2498)     Eager Reclaim (ms):       skipped
[109.831s][debug][gc,phases         ] GC(2498)     Remembered Sets (ms):     Min:  0.0, Avg:  0.0, Max:  0.0, Diff:  0.0, Sum:  0.2, Workers: 8
[109.831s][debug][gc,phases         ] GC(2498)       Merged Sparse:            Min: 0, Avg:  0.0, Max: 0, Diff: 0, Sum: 0, Workers: 8
[109.832s][debug][gc,phases         ] GC(2498)       Merged Fine:              Min: 0, Avg:  0.0, Max: 0, Diff: 0, Sum: 0, Workers: 8
[109.832s][debug][gc,phases         ] GC(2498)       Merged Coarse:            Min: 0, Avg:  0.0, Max: 0, Diff: 0, Sum: 0, Workers: 8
[109.832s][debug][gc,phases         ] GC(2498)       Dirty Cards:              Min: 0, Avg:  0.0, Max: 0, Diff: 0, Sum: 0, Workers: 8
[109.832s][debug][gc,phases         ] GC(2498)     Hot Card Cache (ms):      Min:  0.0, Avg:  0.0, Max:  0.0, Diff:  0.0, Sum:  0.0, Workers: 8
[109.832s][debug][gc,phases         ] GC(2498)       Dirty Cards:              Min: 0, Avg:  0.0, Max: 0, Diff: 0, Sum: 0, Workers: 8
[109.832s][debug][gc,phases         ] GC(2498)       Skipped Cards:            Min: 0, Avg:  0.0, Max: 0, Diff: 0, Sum: 0, Workers: 8
[109.832s][debug][gc,phases         ] GC(2498)     Log Buffers (ms):         Min:  0.0, Avg:  0.0, Max:  0.0, Diff:  0.0, Sum:  0.0, Workers: 8
[109.832s][debug][gc,phases         ] GC(2498)       Dirty Cards:              Min: 0, Avg:  0.2, Max: 1, Diff: 1, Sum: 2, Workers: 8
[109.832s][debug][gc,phases         ] GC(2498)       Skipped Cards:            Min: 0, Avg:  0.0, Max: 0, Diff: 0, Sum: 0, Workers: 8
[109.832s][info ][gc,phases         ] GC(2498)   Evacuate Collection Set: 0.4ms
[109.832s][debug][gc,phases         ] GC(2498)     Ext Root Scanning (ms):   Min:  0.1, Avg:  0.2, Max:  0.2, Diff:  0.2, Sum:  1.2, Workers: 8
[109.832s][debug][gc,phases         ] GC(2498)     Scan Heap Roots (ms):     Min:  0.0, Avg:  0.0, Max:  0.0, Diff:  0.0, Sum:  0.0, Workers: 8
[109.832s][debug][gc,phases         ] GC(2498)       Scanned Cards:            Min: 0, Avg:  0.2, Max: 2, Diff: 2, Sum: 2, Workers: 8
[109.832s][debug][gc,phases         ] GC(2498)       Scanned Blocks:           Min: 0, Avg:  0.2, Max: 2, Diff: 2, Sum: 2, Workers: 8
[109.832s][debug][gc,phases         ] GC(2498)       Claimed Chunks:           Min: 0, Avg:  0.2, Max: 2, Diff: 2, Sum: 2, Workers: 8
[109.832s][debug][gc,phases         ] GC(2498)     Code Root Scan (ms):      Min:  0.0, Avg:  0.0, Max:  0.0, Diff:  0.0, Sum:  0.1, Workers: 8
[109.832s][debug][gc,phases         ] GC(2498)     Object Copy (ms):         Min:  0.0, Avg:  0.0, Max:  0.0, Diff:  0.0, Sum:  0.0, Workers: 8
[109.832s][debug][gc,phases         ] GC(2498)     Termination (ms):         Min:  0.0, Avg:  0.1, Max:  0.1, Diff:  0.0, Sum:  0.5, Workers: 8
[109.832s][debug][gc,phases         ] GC(2498)       Termination Attempts:     Min: 1, Avg:  1.0, Max: 1, Diff: 0, Sum: 8, Workers: 8
[109.832s][debug][gc,phases         ] GC(2498)     GC Worker Other (ms):     Min:  0.0, Avg:  0.0, Max:  0.1, Diff:  0.1, Sum:  0.3, Workers: 8
[109.832s][debug][gc,phases         ] GC(2498)     GC Worker Total (ms):     Min:  0.2, Avg:  0.3, Max:  0.3, Diff:  0.1, Sum:  2.2, Workers: 8
[109.832s][info ][gc,phases         ] GC(2498)   Post Evacuate Collection Set: 0.5ms
[109.832s][debug][gc,phases         ] GC(2498)     Code Roots Fixup: 0.0ms
[109.832s][debug][gc,phases         ] GC(2498)     Clear Card Table: 0.2ms
[109.832s][debug][gc,phases         ] GC(2498)     Reference Processing: 0.0ms
[109.832s][debug][gc,phases,ref     ] GC(2498)       Reconsider SoftReferences: 0.0ms
[109.832s][debug][gc,phases,ref     ] GC(2498)         SoftRef (ms):             skipped
[109.832s][debug][gc,phases,ref     ] GC(2498)       Notify Soft/WeakReferences: 0.0ms
[109.832s][debug][gc,phases,ref     ] GC(2498)         SoftRef (ms):             skipped
[109.832s][debug][gc,phases,ref     ] GC(2498)         WeakRef (ms):             skipped
[109.832s][debug][gc,phases,ref     ] GC(2498)         FinalRef (ms):            skipped
[109.832s][debug][gc,phases,ref     ] GC(2498)         Total (ms):               skipped
[109.832s][debug][gc,phases,ref     ] GC(2498)       Notify and keep alive finalizable: 0.0ms
[109.832s][debug][gc,phases,ref     ] GC(2498)         FinalRef (ms):            skipped
[109.832s][debug][gc,phases,ref     ] GC(2498)       Notify PhantomReferences: 0.0ms
[109.832s][debug][gc,phases,ref     ] GC(2498)         PhantomRef (ms):          skipped
[109.832s][debug][gc,phases,ref     ] GC(2498)       SoftReference:
[109.832s][debug][gc,phases,ref     ] GC(2498)         Discovered: 0
[109.832s][debug][gc,phases,ref     ] GC(2498)         Cleared: 0
[109.832s][debug][gc,phases,ref     ] GC(2498)       WeakReference:
[109.832s][debug][gc,phases,ref     ] GC(2498)         Discovered: 0
[109.832s][debug][gc,phases,ref     ] GC(2498)         Cleared: 0
[109.832s][debug][gc,phases,ref     ] GC(2498)       FinalReference:
[109.832s][debug][gc,phases,ref     ] GC(2498)         Discovered: 0
[109.832s][debug][gc,phases,ref     ] GC(2498)         Cleared: 0
[109.832s][debug][gc,phases,ref     ] GC(2498)       PhantomReference:
[109.832s][debug][gc,phases,ref     ] GC(2498)         Discovered: 0
[109.832s][debug][gc,phases,ref     ] GC(2498)         Cleared: 0
[109.832s][debug][gc,phases         ] GC(2498)     Weak Processing: 0.0ms
[109.832s][debug][gc,phases         ] GC(2498)       JVMTI weak processing: 0.0ms
[109.832s][debug][gc,phases         ] GC(2498)         Dead: 0
[109.832s][debug][gc,phases         ] GC(2498)         Total: 0
[109.832s][debug][gc,phases         ] GC(2498)       JFR weak processing: 0.0ms
[109.832s][debug][gc,phases         ] GC(2498)         Dead: 0
[109.832s][debug][gc,phases         ] GC(2498)         Total: 0
[109.832s][debug][gc,phases         ] GC(2498)       JNI weak                  Min:  0.0, Avg:  0.0, Max:  0.0, Diff:  0.0, Sum:  0.0, Workers: 5
[109.832s][debug][gc,phases         ] GC(2498)         Dead                      Min: 0, Avg:  0.0, Max: 0, Diff: 0, Sum: 0, Workers: 5
[109.832s][debug][gc,phases         ] GC(2498)         Total                     Min: 0, Avg: 20.4, Max: 62, Diff: 62, Sum: 102, Workers: 5
[109.832s][debug][gc,phases         ] GC(2498)       VM weak                   Min:  0.0, Avg:  0.0, Max:  0.0, Diff:  0.0, Sum:  0.0, Workers: 5
[109.832s][debug][gc,phases         ] GC(2498)         Dead                      Min: 0, Avg:  0.0, Max: 0, Diff: 0, Sum: 0, Workers: 5
[109.832s][debug][gc,phases         ] GC(2498)         Total                     Min: 0, Avg: 42.4, Max: 64, Diff: 64, Sum: 212, Workers: 5
[109.832s][debug][gc,phases         ] GC(2498)       StringTable weak          Min:  0.0, Avg:  0.0, Max:  0.0, Diff:  0.0, Sum:  0.1, Workers: 5
[109.832s][debug][gc,phases         ] GC(2498)         Dead                      Min: 0, Avg:  0.0, Max: 0, Diff: 0, Sum: 0, Workers: 5
[109.832s][debug][gc,phases         ] GC(2498)         Total                     Min: 575, Avg: 684.6, Max: 768, Diff: 193, Sum: 3423, Workers: 5
[109.832s][debug][gc,phases         ] GC(2498)       ResolvedMethodTable weak  Min:  0.0, Avg:  0.0, Max:  0.0, Diff:  0.0, Sum:  0.0, Workers: 5
[109.832s][debug][gc,phases         ] GC(2498)         Dead                      Min: 0, Avg:  0.0, Max: 0, Diff: 0, Sum: 0, Workers: 5
[109.832s][debug][gc,phases         ] GC(2498)         Total                     Min: 64, Avg: 114.6, Max: 128, Diff: 64, Sum: 573, Workers: 5
[109.832s][debug][gc,phases         ] GC(2498)     Merge Per-Thread State: 0.0ms
[109.832s][debug][gc,phases         ] GC(2498)       Copied Bytes              Min: 152, Avg: 300318.0, Max: 400904, Diff: 400752, Sum: 2402544, Workers: 8
[109.832s][debug][gc,phases         ] GC(2498)       LAB Waste                 Min: 0, Avg:  0.0, Max: 0, Diff: 0, Sum: 0, Workers: 8
[109.832s][debug][gc,phases         ] GC(2498)       LAB Undo Waste            Min: 0, Avg:  0.0, Max: 0, Diff: 0, Sum: 0, Workers: 8
[109.832s][debug][gc,phases         ] GC(2498)     Code Roots Purge: 0.0ms
[109.832s][debug][gc,phases         ] GC(2498)     Redirty Cards: 0.0ms
[109.832s][debug][gc,phases         ] GC(2498)     DerivedPointerTable Update: 0.0ms
[109.832s][debug][gc,phases         ] GC(2498)     Free Collection Set: 0.2ms
[109.832s][debug][gc,phases         ] GC(2498)     Rebuild Free List: 0.1ms
[109.832s][debug][gc,phases         ] GC(2498)     Humongous Reclaim: 0.0ms
[109.832s][debug][gc,phases         ] GC(2498)     Start New Collection Set: 0.0ms
[109.832s][debug][gc,phases         ] GC(2498)     Resize TLABs: 0.0ms
[109.832s][debug][gc,phases         ] GC(2498)     Expand Heap After Collection: 0.0ms
[109.832s][info ][gc,phases         ] GC(2498)   Other: 0.3ms
[109.832s][info ][gc,heap           ] GC(2498) Eden regions: 772->0(772)
[109.832s][info ][gc,heap           ] GC(2498) Survivor regions: 3->3(97)
[109.832s][info ][gc,heap           ] GC(2498) Old regions: 18->18
[109.832s][info ][gc,heap           ] GC(2498) Archive regions: 2->2
[109.832s][info ][gc,heap           ] GC(2498) Humongous regions: 0->0
[109.832s][info ][gc,metaspace      ] GC(2498) Metaspace: 10016K(10624K)->10016K(10624K) NonClass: 8864K(9216K)->8864K(9216K) Class: 1152K(1408K)->1152K(1408K)
[109.832s][debug][gc,heap           ] GC(2498) Heap after GC invocations=2499 (full 1): garbage-first heap   total 1324032K, used 21527K [0x0000000700000000, 0x0000000800000000)
[109.832s][debug][gc,heap           ] GC(2498)   region size 1024K, 3 young (3072K), 3 survivors (3072K)
[109.832s][debug][gc,heap           ] GC(2498)  Metaspace       used 10016K, capacity 10304K, committed 10624K, reserved 1058816K
[109.832s][debug][gc,heap           ] GC(2498)   class space    used 1152K, capacity 1266K, committed 1408K, reserved 1048576K
[109.832s][info ][gc                ] GC(2498) Pause Young (Normal) (G1 Evacuation Pause) 792M->21M(1293M) 2.116ms
[109.832s][info ][gc,cpu            ] GC(2498) User=0.01s Sys=0.00s Real=0.01s
[109.832s][info ][safepoint         ] Safepoint "G1CollectForAllocation", Time since last: 37708233 ns, Reaching safepoint: 195771 ns, At safepoint: 2278916 ns, Total: 2474687 ns
[109.870s][debug][gc,heap           ] GC(2499) Heap before GC invocations=2499 (full 1): garbage-first heap   total 1324032K, used 811031K [0x0000000700000000, 0x0000000800000000)
[109.870s][debug][gc,heap           ] GC(2499)   region size 1024K, 775 young (793600K), 3 survivors (3072K)
[109.870s][debug][gc,heap           ] GC(2499)  Metaspace       used 10016K, capacity 10304K, committed 10624K, reserved 1058816K
[109.870s][debug][gc,heap           ] GC(2499)   class space    used 1152K, capacity 1266K, committed 1408K, reserved 1048576K
[109.870s][info ][gc,start          ] GC(2499) Pause Young (Normal) (G1 Evacuation Pause)
[109.870s][info ][gc,task           ] GC(2499) Using 8 workers of 8 for evacuation
[109.871s][debug][gc,tlab           ] GC(2499) TLAB totals: thrds: 8  refills: 12 max: 2 slow allocs: 1538 max 208 waste: 27.7% gc: 1082168B max: 226200B slow: 55184B max: 13912B fast: 0B max: 0B
[109.871s][debug][gc,age            ] GC(2499) Desired survivor size 50855936 bytes, new threshold 15 (max threshold 15)
[109.871s][debug][gc,alloc,region   ] GC(2499) Mutator Allocation stats, regions: 772, wasted size: 180M (23.4%)
[109.871s][debug][gc,ergo           ] GC(2499) Running G1 Merge Heap Roots using 8 workers for 775 regions
[109.871s][debug][gc,remset         ] GC(2499) Visited cards 256 Total dirty 2048 (12.50%) Total old 3215360 (0.01%)
[109.871s][debug][gc,ergo           ] GC(2499) Running G1 Clear Card Table Task using 2 workers for 2 units of work for 776 regions.
[109.871s][debug][gc,ref            ] GC(2499) Skipped phase1 of Reference Processing due to unavailable references
[109.871s][debug][gc,ref            ] GC(2499) Skipped phase2 of Reference Processing due to unavailable references
[109.871s][debug][gc,ref            ] GC(2499) Skipped phase3 of Reference Processing due to unavailable references
[109.871s][debug][gc,ref            ] GC(2499) Skipped phase4 of Reference Processing due to unavailable references
[109.872s][debug][gc,ergo           ] GC(2499) Running G1 Free Collection Set using 8 workers for collection set length 775 (1293)
[109.872s][debug][gc,ergo           ] GC(2499) Running G1 Rebuild Free List Task using 8 workers for rebuilding free list of 0 (4096) regions
[109.872s][trace][gc,age            ] GC(2499) Age table with threshold 15 (max threshold 15)
[109.872s][trace][gc,age            ] GC(2499) - age   1:    3202560 bytes,    3202560 total
[109.872s][debug][gc,plab           ] GC(2499) Young PLAB allocation: allocated: 16512B, wasted: 0B, unused: 14064B, used: 2448B, undo waste: 0B, 
[109.872s][debug][gc,plab           ] GC(2499) Young other allocation: region end waste: 735312B, regions filled: 4, direct allocated: 3200112B, failure used: 0B, failure wasted: 0B
[109.872s][debug][gc,plab           ] GC(2499) Young sizing: calculated: 0B, actual: 2064B
[109.872s][debug][gc,plab           ] GC(2499) Old PLAB allocation: allocated: 0B, wasted: 0B, unused: 0B, used: 0B, undo waste: 0B, 
[109.872s][debug][gc,plab           ] GC(2499) Old other allocation: region end waste: 0B, regions filled: 1, direct allocated: 0B, failure used: 0B, failure wasted: 0B
[109.872s][debug][gc,plab           ] GC(2499) Old sizing: calculated: 0B, actual: 2064B
[109.872s][debug][gc,ihop           ] GC(2499) Basic information (value update), threshold: 610113945B (45.00), target occupancy: 1355808768B, current occupancy: 23099200B, recent allocation size: 0B, recent allocation duration: 39.13ms, recent old gen allocation rate: 0.00B/s, recent marking phase length: 30.68ms
[109.872s][debug][gc,ihop           ] GC(2499) Adaptive IHOP information (value update), threshold: 610113945B (47.37), internal target occupancy: 1288018329B, occupancy: 23099200B, additional buffer size: 812646400B, predicted old gen allocation rate: 86.45B/s, predicted marking phase length: 61.36ms, prediction active: false
[109.872s][debug][gc,ergo,refine    ] GC(2499) Concurrent refinement times: Logged Cards Scan time goal: 20.00ms Logged Cards Scan time: 0.00ms HCC time: 0.00ms
[109.872s][debug][gc,ergo,refine    ] GC(2499) Updated Refinement Zones: green: 2048, yellow: 6144, red: 10240
[109.872s][info ][gc,phases         ] GC(2499)   Pre Evacuate Collection Set: 0.1ms
[109.872s][debug][gc,phases         ] GC(2499)     Prepare TLABs: 0.0ms
[109.872s][debug][gc,phases         ] GC(2499)     Choose Collection Set: 0.0ms
[109.872s][debug][gc,phases         ] GC(2499)     Region Register: 0.1ms
[109.872s][debug][gc,phases         ] GC(2499)     Prepare Heap Roots: 0.0ms
[109.872s][info ][gc,phases         ] GC(2499)   Merge Heap Roots: 0.2ms
[109.872s][debug][gc,phases         ] GC(2499)     Prepare Merge Heap Roots: 0.0ms
[109.872s][debug][gc,phases         ] GC(2499)     Eager Reclaim (ms):       skipped
[109.872s][debug][gc,phases         ] GC(2499)     Remembered Sets (ms):     Min:  0.0, Avg:  0.0, Max:  0.0, Diff:  0.0, Sum:  0.3, Workers: 8
[109.872s][debug][gc,phases         ] GC(2499)       Merged Sparse:            Min: 0, Avg:  0.0, Max: 0, Diff: 0, Sum: 0, Workers: 8
[109.872s][debug][gc,phases         ] GC(2499)       Merged Fine:              Min: 0, Avg:  0.0, Max: 0, Diff: 0, Sum: 0, Workers: 8
[109.872s][debug][gc,phases         ] GC(2499)       Merged Coarse:            Min: 0, Avg:  0.0, Max: 0, Diff: 0, Sum: 0, Workers: 8
[109.872s][debug][gc,phases         ] GC(2499)       Dirty Cards:              Min: 0, Avg:  0.0, Max: 0, Diff: 0, Sum: 0, Workers: 8
[109.872s][debug][gc,phases         ] GC(2499)     Hot Card Cache (ms):      Min:  0.0, Avg:  0.0, Max:  0.0, Diff:  0.0, Sum:  0.0, Workers: 8
[109.872s][debug][gc,phases         ] GC(2499)       Dirty Cards:              Min: 0, Avg:  0.0, Max: 0, Diff: 0, Sum: 0, Workers: 8
[109.872s][debug][gc,phases         ] GC(2499)       Skipped Cards:            Min: 0, Avg:  0.0, Max: 0, Diff: 0, Sum: 0, Workers: 8
[109.872s][debug][gc,phases         ] GC(2499)     Log Buffers (ms):         Min:  0.0, Avg:  0.0, Max:  0.0, Diff:  0.0, Sum:  0.0, Workers: 8
[109.872s][debug][gc,phases         ] GC(2499)       Dirty Cards:              Min: 0, Avg:  0.1, Max: 1, Diff: 1, Sum: 1, Workers: 8
[109.872s][debug][gc,phases         ] GC(2499)       Skipped Cards:            Min: 0, Avg:  0.0, Max: 0, Diff: 0, Sum: 0, Workers: 8
[109.872s][info ][gc,phases         ] GC(2499)   Evacuate Collection Set: 0.4ms
[109.872s][debug][gc,phases         ] GC(2499)     Ext Root Scanning (ms):   Min:  0.0, Avg:  0.2, Max:  0.3, Diff:  0.3, Sum:  1.6, Workers: 8
[109.872s][debug][gc,phases         ] GC(2499)     Scan Heap Roots (ms):     Min:  0.0, Avg:  0.0, Max:  0.0, Diff:  0.0, Sum:  0.0, Workers: 8
[109.872s][debug][gc,phases         ] GC(2499)       Scanned Cards:            Min: 0, Avg:  0.1, Max: 1, Diff: 1, Sum: 1, Workers: 8
[109.872s][debug][gc,phases         ] GC(2499)       Scanned Blocks:           Min: 0, Avg:  0.1, Max: 1, Diff: 1, Sum: 1, Workers: 8
[109.872s][debug][gc,phases         ] GC(2499)       Claimed Chunks:           Min: 0, Avg:  0.1, Max: 1, Diff: 1, Sum: 1, Workers: 8
[109.872s][debug][gc,phases         ] GC(2499)     Code Root Scan (ms):      Min:  0.0, Avg:  0.0, Max:  0.1, Diff:  0.1, Sum:  0.1, Workers: 8
[109.872s][debug][gc,phases         ] GC(2499)     Object Copy (ms):         Min:  0.0, Avg:  0.0, Max:  0.0, Diff:  0.0, Sum:  0.1, Workers: 8
[109.872s][debug][gc,phases         ] GC(2499)     Termination (ms):         Min:  0.0, Avg:  0.1, Max:  0.1, Diff:  0.1, Sum:  0.7, Workers: 8
[109.872s][debug][gc,phases         ] GC(2499)       Termination Attempts:     Min: 1, Avg:  1.8, Max: 4, Diff: 3, Sum: 14, Workers: 8
[109.872s][debug][gc,phases         ] GC(2499)     GC Worker Other (ms):     Min:  0.0, Avg:  0.0, Max:  0.1, Diff:  0.1, Sum:  0.3, Workers: 8
[109.872s][debug][gc,phases         ] GC(2499)     GC Worker Total (ms):     Min:  0.3, Avg:  0.3, Max:  0.4, Diff:  0.0, Sum:  2.8, Workers: 8
[109.872s][info ][gc,phases         ] GC(2499)   Post Evacuate Collection Set: 0.6ms
[109.872s][debug][gc,phases         ] GC(2499)     Code Roots Fixup: 0.0ms
[109.872s][debug][gc,phases         ] GC(2499)     Clear Card Table: 0.2ms
[109.872s][debug][gc,phases         ] GC(2499)     Reference Processing: 0.0ms
[109.872s][debug][gc,phases,ref     ] GC(2499)       Reconsider SoftReferences: 0.0ms
[109.872s][debug][gc,phases,ref     ] GC(2499)         SoftRef (ms):             skipped
[109.872s][debug][gc,phases,ref     ] GC(2499)       Notify Soft/WeakReferences: 0.0ms
[109.872s][debug][gc,phases,ref     ] GC(2499)         SoftRef (ms):             skipped
[109.872s][debug][gc,phases,ref     ] GC(2499)         WeakRef (ms):             skipped
[109.872s][debug][gc,phases,ref     ] GC(2499)         FinalRef (ms):            skipped
[109.872s][debug][gc,phases,ref     ] GC(2499)         Total (ms):               skipped
[109.872s][debug][gc,phases,ref     ] GC(2499)       Notify and keep alive finalizable: 0.0ms
[109.872s][debug][gc,phases,ref     ] GC(2499)         FinalRef (ms):            skipped
[109.872s][debug][gc,phases,ref     ] GC(2499)       Notify PhantomReferences: 0.0ms
[109.872s][debug][gc,phases,ref     ] GC(2499)         PhantomRef (ms):          skipped
[109.872s][debug][gc,phases,ref     ] GC(2499)       SoftReference:
[109.872s][debug][gc,phases,ref     ] GC(2499)         Discovered: 0
[109.872s][debug][gc,phases,ref     ] GC(2499)         Cleared: 0
[109.872s][debug][gc,phases,ref     ] GC(2499)       WeakReference:
[109.872s][debug][gc,phases,ref     ] GC(2499)         Discovered: 0
[109.872s][debug][gc,phases,ref     ] GC(2499)         Cleared: 0
[109.872s][debug][gc,phases,ref     ] GC(2499)       FinalReference:
[109.872s][debug][gc,phases,ref     ] GC(2499)         Discovered: 0
[109.872s][debug][gc,phases,ref     ] GC(2499)         Cleared: 0
[109.872s][debug][gc,phases,ref     ] GC(2499)       PhantomReference:
[109.872s][debug][gc,phases,ref     ] GC(2499)         Discovered: 0
[109.872s][debug][gc,phases,ref     ] GC(2499)         Cleared: 0
[109.872s][debug][gc,phases         ] GC(2499)     Weak Processing: 0.0ms
[109.872s][debug][gc,phases         ] GC(2499)       JVMTI weak processing: 0.0ms
[109.872s][debug][gc,phases         ] GC(2499)         Dead: 0
[109.872s][debug][gc,phases         ] GC(2499)         Total: 0
[109.872s][debug][gc,phases         ] GC(2499)       JFR weak processing: 0.0ms
[109.872s][debug][gc,phases         ] GC(2499)         Dead: 0
[109.872s][debug][gc,phases         ] GC(2499)         Total: 0
[109.872s][debug][gc,phases         ] GC(2499)       JNI weak                  Min:  0.0, Avg:  0.0, Max:  0.0, Diff:  0.0, Sum:  0.0, Workers: 5
[109.872s][debug][gc,phases         ] GC(2499)         Dead                      Min: 0, Avg:  0.0, Max: 0, Diff: 0, Sum: 0, Workers: 5
[109.872s][debug][gc,phases         ] GC(2499)         Total                     Min: 0, Avg: 20.4, Max: 62, Diff: 62, Sum: 102, Workers: 5
[109.872s][debug][gc,phases         ] GC(2499)       VM weak                   Min:  0.0, Avg:  0.0, Max:  0.0, Diff:  0.0, Sum:  0.0, Workers: 5
[109.872s][debug][gc,phases         ] GC(2499)         Dead                      Min: 0, Avg:  0.0, Max: 0, Diff: 0, Sum: 0, Workers: 5
[109.872s][debug][gc,phases         ] GC(2499)         Total                     Min: 0, Avg: 42.4, Max: 84, Diff: 84, Sum: 212, Workers: 5
[109.872s][debug][gc,phases         ] GC(2499)       StringTable weak          Min:  0.0, Avg:  0.0, Max:  0.0, Diff:  0.0, Sum:  0.1, Workers: 5
[109.872s][debug][gc,phases         ] GC(2499)         Dead                      Min: 0, Avg:  0.0, Max: 0, Diff: 0, Sum: 0, Workers: 5
[109.872s][debug][gc,phases         ] GC(2499)         Total                     Min: 0, Avg: 684.6, Max: 895, Diff: 895, Sum: 3423, Workers: 5
[109.872s][debug][gc,phases         ] GC(2499)       ResolvedMethodTable weak  Min:  0.0, Avg:  0.0, Max:  0.0, Diff:  0.0, Sum:  0.0, Workers: 5
[109.872s][debug][gc,phases         ] GC(2499)         Dead                      Min: 0, Avg:  0.0, Max: 0, Diff: 0, Sum: 0, Workers: 5
[109.872s][debug][gc,phases         ] GC(2499)         Total                     Min: 0, Avg: 114.6, Max: 189, Diff: 189, Sum: 573, Workers: 5
[109.872s][debug][gc,phases         ] GC(2499)     Merge Per-Thread State: 0.0ms
[109.873s][debug][gc,phases         ] GC(2499)       Copied Bytes              Min: 768, Avg: 400320.0, Max: 800320, Diff: 799552, Sum: 3202560, Workers: 8
[109.873s][debug][gc,phases         ] GC(2499)       LAB Waste                 Min: 0, Avg:  0.0, Max: 0, Diff: 0, Sum: 0, Workers: 8
[109.873s][debug][gc,phases         ] GC(2499)       LAB Undo Waste            Min: 0, Avg:  0.0, Max: 0, Diff: 0, Sum: 0, Workers: 8
[109.873s][debug][gc,phases         ] GC(2499)     Code Roots Purge: 0.0ms
[109.873s][debug][gc,phases         ] GC(2499)     Redirty Cards: 0.0ms
[109.873s][debug][gc,phases         ] GC(2499)     DerivedPointerTable Update: 0.0ms
[109.873s][debug][gc,phases         ] GC(2499)     Free Collection Set: 0.2ms
[109.873s][debug][gc,phases         ] GC(2499)     Rebuild Free List: 0.1ms
[109.873s][debug][gc,phases         ] GC(2499)     Humongous Reclaim: 0.0ms
[109.873s][debug][gc,phases         ] GC(2499)     Start New Collection Set: 0.0ms
[109.873s][debug][gc,phases         ] GC(2499)     Resize TLABs: 0.0ms
[109.873s][debug][gc,phases         ] GC(2499)     Expand Heap After Collection: 0.0ms
[109.873s][info ][gc,phases         ] GC(2499)   Other: 0.3ms
[109.873s][info ][gc,heap           ] GC(2499) Eden regions: 772->0(771)
[109.873s][info ][gc,heap           ] GC(2499) Survivor regions: 3->4(97)
[109.873s][info ][gc,heap           ] GC(2499) Old regions: 18->18
[109.873s][info ][gc,heap           ] GC(2499) Archive regions: 2->2
[109.873s][info ][gc,heap           ] GC(2499) Humongous regions: 0->0
[109.873s][info ][gc,metaspace      ] GC(2499) Metaspace: 10016K(10624K)->10016K(10624K) NonClass: 8864K(9216K)->8864K(9216K) Class: 1152K(1408K)->1152K(1408K)
[109.873s][debug][gc,heap           ] GC(2499) Heap after GC invocations=2500 (full 1): garbage-first heap   total 1324032K, used 22557K [0x0000000700000000, 0x0000000800000000)
[109.873s][debug][gc,heap           ] GC(2499)   region size 1024K, 4 young (4096K), 4 survivors (4096K)
[109.873s][debug][gc,heap           ] GC(2499)  Metaspace       used 10016K, capacity 10304K, committed 10624K, reserved 1058816K
[109.873s][debug][gc,heap           ] GC(2499)   class space    used 1152K, capacity 1266K, committed 1408K, reserved 1048576K
[109.873s][info ][gc                ] GC(2499) Pause Young (Normal) (G1 Evacuation Pause) 792M->22M(1293M) 2.168ms
[109.873s][info ][gc,cpu            ] GC(2499) User=0.00s Sys=0.00s Real=0.01s
[109.873s][info ][safepoint         ] Safepoint "G1CollectForAllocation", Time since last: 38045815 ns, Reaching safepoint: 132101 ns, At safepoint: 2358907 ns, Total: 2491008 ns
[109.911s][debug][gc,heap           ] GC(2500) Heap before GC invocations=2500 (full 1): garbage-first heap   total 1324032K, used 811037K [0x0000000700000000, 0x0000000800000000)
[109.911s][debug][gc,heap           ] GC(2500)   region size 1024K, 775 young (793600K), 4 survivors (4096K)
[109.911s][debug][gc,heap           ] GC(2500)  Metaspace       used 10016K, capacity 10304K, committed 10624K, reserved 1058816K
[109.911s][debug][gc,heap           ] GC(2500)   class space    used 1152K, capacity 1266K, committed 1408K, reserved 1048576K
[109.911s][info ][gc,start          ] GC(2500) Pause Young (Normal) (G1 Evacuation Pause)
[109.911s][info ][gc,task           ] GC(2500) Using 8 workers of 8 for evacuation
[109.911s][debug][gc,tlab           ] GC(2500) TLAB totals: thrds: 8  refills: 12 max: 2 slow allocs: 1538 max 235 waste: 25.7% gc: 862984B max: 230864B slow: 29720B max: 13912B fast: 0B max: 0B
[109.911s][debug][gc,age            ] GC(2500) Desired survivor size 50855936 bytes, new threshold 15 (max threshold 15)
[109.911s][debug][gc,alloc,region   ] GC(2500) Mutator Allocation stats, regions: 771, wasted size: 180M (23.4%)
[109.911s][debug][gc,ergo           ] GC(2500) Running G1 Merge Heap Roots using 8 workers for 775 regions
[109.911s][debug][gc,remset         ] GC(2500) Visited cards 512 Total dirty 4096 (12.50%) Total old 3215360 (0.02%)
[109.911s][debug][gc,ergo           ] GC(2500) Running G1 Clear Card Table Task using 2 workers for 2 units of work for 777 regions.
[109.912s][debug][gc,ref            ] GC(2500) Skipped phase1 of Reference Processing due to unavailable references
[109.912s][debug][gc,ref            ] GC(2500) Skipped phase2 of Reference Processing due to unavailable references
[109.912s][debug][gc,ref            ] GC(2500) Skipped phase3 of Reference Processing due to unavailable references
[109.912s][debug][gc,ref            ] GC(2500) Skipped phase4 of Reference Processing due to unavailable references
[109.912s][debug][gc,ergo           ] GC(2500) Running G1 Free Collection Set using 8 workers for collection set length 775 (1293)
[109.912s][debug][gc,ergo           ] GC(2500) Running G1 Rebuild Free List Task using 8 workers for rebuilding free list of 0 (4096) regions
[109.912s][trace][gc,age            ] GC(2500) Age table with threshold 15 (max threshold 15)
[109.912s][trace][gc,age            ] GC(2500) - age   1:    2402496 bytes,    2402496 total
[109.912s][debug][gc,plab           ] GC(2500) Young PLAB allocation: allocated: 16512B, wasted: 0B, unused: 14104B, used: 2408B, undo waste: 0B, 
[109.912s][debug][gc,plab           ] GC(2500) Young other allocation: region end waste: 486768B, regions filled: 3, direct allocated: 2400088B, failure used: 0B, failure wasted: 0B
[109.912s][debug][gc,plab           ] GC(2500) Young sizing: calculated: 0B, actual: 2064B
[109.912s][debug][gc,plab           ] GC(2500) Old PLAB allocation: allocated: 0B, wasted: 0B, unused: 0B, used: 0B, undo waste: 0B, 
[109.912s][debug][gc,plab           ] GC(2500) Old other allocation: region end waste: 0B, regions filled: 1, direct allocated: 0B, failure used: 0B, failure wasted: 0B
[109.912s][debug][gc,plab           ] GC(2500) Old sizing: calculated: 0B, actual: 2064B
[109.912s][debug][gc,ihop           ] GC(2500) Basic information (value update), threshold: 610113945B (45.00), target occupancy: 1355808768B, current occupancy: 22050632B, recent allocation size: 0B, recent allocation duration: 38.75ms, recent old gen allocation rate: 0.00B/s, recent marking phase length: 30.68ms
[109.912s][debug][gc,ihop           ] GC(2500) Adaptive IHOP information (value update), threshold: 610113945B (47.37), internal target occupancy: 1288018329B, occupancy: 22050632B, additional buffer size: 812646400B, predicted old gen allocation rate: 84.26B/s, predicted marking phase length: 61.36ms, prediction active: false
[109.912s][debug][gc,ergo,refine    ] GC(2500) Concurrent refinement times: Logged Cards Scan time goal: 20.00ms Logged Cards Scan time: 0.00ms HCC time: 0.00ms
[109.912s][debug][gc,ergo,refine    ] GC(2500) Updated Refinement Zones: green: 2048, yellow: 6144, red: 10240
[109.912s][info ][gc,phases         ] GC(2500)   Pre Evacuate Collection Set: 0.1ms
[109.912s][debug][gc,phases         ] GC(2500)     Prepare TLABs: 0.0ms
[109.912s][debug][gc,phases         ] GC(2500)     Choose Collection Set: 0.0ms
[109.912s][debug][gc,phases         ] GC(2500)     Region Register: 0.1ms
[109.912s][debug][gc,phases         ] GC(2500)     Prepare Heap Roots: 0.0ms
[109.912s][info ][gc,phases         ] GC(2500)   Merge Heap Roots: 0.1ms
[109.912s][debug][gc,phases         ] GC(2500)     Prepare Merge Heap Roots: 0.0ms
[109.912s][debug][gc,phases         ] GC(2500)     Eager Reclaim (ms):       skipped
[109.912s][debug][gc,phases         ] GC(2500)     Remembered Sets (ms):     Min:  0.0, Avg:  0.0, Max:  0.0, Diff:  0.0, Sum:  0.3, Workers: 8
[109.912s][debug][gc,phases         ] GC(2500)       Merged Sparse:            Min: 0, Avg:  0.0, Max: 0, Diff: 0, Sum: 0, Workers: 8
[109.912s][debug][gc,phases         ] GC(2500)       Merged Fine:              Min: 0, Avg:  0.0, Max: 0, Diff: 0, Sum: 0, Workers: 8
[109.912s][debug][gc,phases         ] GC(2500)       Merged Coarse:            Min: 0, Avg:  0.0, Max: 0, Diff: 0, Sum: 0, Workers: 8
[109.912s][debug][gc,phases         ] GC(2500)       Dirty Cards:              Min: 0, Avg:  0.0, Max: 0, Diff: 0, Sum: 0, Workers: 8
[109.912s][debug][gc,phases         ] GC(2500)     Hot Card Cache (ms):      Min:  0.0, Avg:  0.0, Max:  0.0, Diff:  0.0, Sum:  0.0, Workers: 8
[109.912s][debug][gc,phases         ] GC(2500)       Dirty Cards:              Min: 0, Avg:  0.0, Max: 0, Diff: 0, Sum: 0, Workers: 8
[109.912s][debug][gc,phases         ] GC(2500)       Skipped Cards:            Min: 0, Avg:  0.0, Max: 0, Diff: 0, Sum: 0, Workers: 8
[109.912s][debug][gc,phases         ] GC(2500)     Log Buffers (ms):         Min:  0.0, Avg:  0.0, Max:  0.0, Diff:  0.0, Sum:  0.0, Workers: 8
[109.912s][debug][gc,phases         ] GC(2500)       Dirty Cards:              Min: 0, Avg:  0.2, Max: 1, Diff: 1, Sum: 2, Workers: 8
[109.912s][debug][gc,phases         ] GC(2500)       Skipped Cards:            Min: 0, Avg:  0.0, Max: 0, Diff: 0, Sum: 0, Workers: 8
[109.912s][info ][gc,phases         ] GC(2500)   Evacuate Collection Set: 0.4ms
[109.912s][debug][gc,phases         ] GC(2500)     Ext Root Scanning (ms):   Min:  0.0, Avg:  0.2, Max:  0.3, Diff:  0.3, Sum:  1.3, Workers: 8
[109.912s][debug][gc,phases         ] GC(2500)     Scan Heap Roots (ms):     Min:  0.0, Avg:  0.0, Max:  0.0, Diff:  0.0, Sum:  0.0, Workers: 8
[109.912s][debug][gc,phases         ] GC(2500)       Scanned Cards:            Min: 0, Avg:  0.2, Max: 2, Diff: 2, Sum: 2, Workers: 8
[109.912s][debug][gc,phases         ] GC(2500)       Scanned Blocks:           Min: 0, Avg:  0.2, Max: 2, Diff: 2, Sum: 2, Workers: 8
[109.912s][debug][gc,phases         ] GC(2500)       Claimed Chunks:           Min: 0, Avg:  0.2, Max: 2, Diff: 2, Sum: 2, Workers: 8
[109.912s][debug][gc,phases         ] GC(2500)     Code Root Scan (ms):      Min:  0.0, Avg:  0.0, Max:  0.0, Diff:  0.0, Sum:  0.1, Workers: 8
[109.912s][debug][gc,phases         ] GC(2500)     Object Copy (ms):         Min:  0.0, Avg:  0.0, Max:  0.0, Diff:  0.0, Sum:  0.0, Workers: 8
[109.912s][debug][gc,phases         ] GC(2500)     Termination (ms):         Min:  0.0, Avg:  0.1, Max:  0.1, Diff:  0.1, Sum:  0.6, Workers: 8
[109.912s][debug][gc,phases         ] GC(2500)       Termination Attempts:     Min: 1, Avg:  1.0, Max: 1, Diff: 0, Sum: 8, Workers: 8
[109.912s][debug][gc,phases         ] GC(2500)     GC Worker Other (ms):     Min:  0.0, Avg:  0.0, Max:  0.1, Diff:  0.1, Sum:  0.3, Workers: 8
[109.912s][debug][gc,phases         ] GC(2500)     GC Worker Total (ms):     Min:  0.1, Avg:  0.3, Max:  0.3, Diff:  0.3, Sum:  2.3, Workers: 8
[109.912s][info ][gc,phases         ] GC(2500)   Post Evacuate Collection Set: 0.5ms
[109.912s][debug][gc,phases         ] GC(2500)     Code Roots Fixup: 0.0ms
[109.912s][debug][gc,phases         ] GC(2500)     Clear Card Table: 0.2ms
[109.912s][debug][gc,phases         ] GC(2500)     Reference Processing: 0.0ms
[109.912s][debug][gc,phases,ref     ] GC(2500)       Reconsider SoftReferences: 0.0ms
[109.912s][debug][gc,phases,ref     ] GC(2500)         SoftRef (ms):             skipped
[109.912s][debug][gc,phases,ref     ] GC(2500)       Notify Soft/WeakReferences: 0.0ms
[109.912s][debug][gc,phases,ref     ] GC(2500)         SoftRef (ms):             skipped
[109.912s][debug][gc,phases,ref     ] GC(2500)         WeakRef (ms):             skipped
[109.912s][debug][gc,phases,ref     ] GC(2500)         FinalRef (ms):            skipped
[109.912s][debug][gc,phases,ref     ] GC(2500)         Total (ms):               skipped
[109.912s][debug][gc,phases,ref     ] GC(2500)       Notify and keep alive finalizable: 0.0ms
[109.912s][debug][gc,phases,ref     ] GC(2500)         FinalRef (ms):            skipped
[109.912s][debug][gc,phases,ref     ] GC(2500)       Notify PhantomReferences: 0.0ms
[109.912s][debug][gc,phases,ref     ] GC(2500)         PhantomRef (ms):          skipped
[109.912s][debug][gc,phases,ref     ] GC(2500)       SoftReference:
[109.912s][debug][gc,phases,ref     ] GC(2500)         Discovered: 0
[109.912s][debug][gc,phases,ref     ] GC(2500)         Cleared: 0
[109.912s][debug][gc,phases,ref     ] GC(2500)       WeakReference:
[109.912s][debug][gc,phases,ref     ] GC(2500)         Discovered: 0
[109.912s][debug][gc,phases,ref     ] GC(2500)         Cleared: 0
[109.912s][debug][gc,phases,ref     ] GC(2500)       FinalReference:
[109.912s][debug][gc,phases,ref     ] GC(2500)         Discovered: 0
[109.912s][debug][gc,phases,ref     ] GC(2500)         Cleared: 0
[109.912s][debug][gc,phases,ref     ] GC(2500)       PhantomReference:
[109.912s][debug][gc,phases,ref     ] GC(2500)         Discovered: 0
[109.912s][debug][gc,phases,ref     ] GC(2500)         Cleared: 0
[109.912s][debug][gc,phases         ] GC(2500)     Weak Processing: 0.1ms
[109.912s][debug][gc,phases         ] GC(2500)       JVMTI weak processing: 0.0ms
[109.912s][debug][gc,phases         ] GC(2500)         Dead: 0
[109.912s][debug][gc,phases         ] GC(2500)         Total: 0
[109.912s][debug][gc,phases         ] GC(2500)       JFR weak processing: 0.0ms
[109.912s][debug][gc,phases         ] GC(2500)         Dead: 0
[109.912s][debug][gc,phases         ] GC(2500)         Total: 0
[109.912s][debug][gc,phases         ] GC(2500)       JNI weak                  Min:  0.0, Avg:  0.0, Max:  0.0, Diff:  0.0, Sum:  0.0, Workers: 5
[109.912s][debug][gc,phases         ] GC(2500)         Dead                      Min: 0, Avg:  0.0, Max: 0, Diff: 0, Sum: 0, Workers: 5
[109.912s][debug][gc,phases         ] GC(2500)         Total                     Min: 0, Avg: 20.4, Max: 62, Diff: 62, Sum: 102, Workers: 5
[109.912s][debug][gc,phases         ] GC(2500)       VM weak                   Min:  0.0, Avg:  0.0, Max:  0.0, Diff:  0.0, Sum:  0.0, Workers: 5
[109.912s][debug][gc,phases         ] GC(2500)         Dead                      Min: 0, Avg:  0.0, Max: 0, Diff: 0, Sum: 0, Workers: 5
[109.912s][debug][gc,phases         ] GC(2500)         Total                     Min: 0, Avg: 42.4, Max: 128, Diff: 128, Sum: 212, Workers: 5
[109.912s][debug][gc,phases         ] GC(2500)       StringTable weak          Min:  0.0, Avg:  0.0, Max:  0.0, Diff:  0.0, Sum:  0.1, Workers: 5
[109.912s][debug][gc,phases         ] GC(2500)         Dead                      Min: 0, Avg:  0.0, Max: 0, Diff: 0, Sum: 0, Workers: 5
[109.913s][debug][gc,phases         ] GC(2500)         Total                     Min: 0, Avg: 684.6, Max: 1727, Diff: 1727, Sum: 3423, Workers: 5
[109.913s][debug][gc,phases         ] GC(2500)       ResolvedMethodTable weak  Min:  0.0, Avg:  0.0, Max:  0.0, Diff:  0.0, Sum:  0.0, Workers: 5
[109.913s][debug][gc,phases         ] GC(2500)         Dead                      Min: 0, Avg:  0.0, Max: 0, Diff: 0, Sum: 0, Workers: 5
[109.913s][debug][gc,phases         ] GC(2500)         Total                     Min: 0, Avg: 114.6, Max: 317, Diff: 317, Sum: 573, Workers: 5
[109.913s][debug][gc,phases         ] GC(2500)     Merge Per-Thread State: 0.0ms
[109.913s][debug][gc,phases         ] GC(2500)       Copied Bytes              Min: 64, Avg: 300312.0, Max: 800336, Diff: 800272, Sum: 2402496, Workers: 8
[109.913s][debug][gc,phases         ] GC(2500)       LAB Waste                 Min: 0, Avg:  0.0, Max: 0, Diff: 0, Sum: 0, Workers: 8
[109.913s][debug][gc,phases         ] GC(2500)       LAB Undo Waste            Min: 0, Avg:  0.0, Max: 0, Diff: 0, Sum: 0, Workers: 8
[109.913s][debug][gc,phases         ] GC(2500)     Code Roots Purge: 0.0ms
[109.913s][debug][gc,phases         ] GC(2500)     Redirty Cards: 0.0ms
[109.913s][debug][gc,phases         ] GC(2500)     DerivedPointerTable Update: 0.0ms
[109.913s][debug][gc,phases         ] GC(2500)     Free Collection Set: 0.2ms
[109.913s][debug][gc,phases         ] GC(2500)     Rebuild Free List: 0.1ms
[109.913s][debug][gc,phases         ] GC(2500)     Humongous Reclaim: 0.0ms
[109.913s][debug][gc,phases         ] GC(2500)     Start New Collection Set: 0.0ms
[109.913s][debug][gc,phases         ] GC(2500)     Resize TLABs: 0.0ms
[109.913s][debug][gc,phases         ] GC(2500)     Expand Heap After Collection: 0.0ms
[109.913s][info ][gc,phases         ] GC(2500)   Other: 0.3ms
[109.913s][info ][gc,heap           ] GC(2500) Eden regions: 771->0(772)
[109.913s][info ][gc,heap           ] GC(2500) Survivor regions: 4->3(97)
[109.913s][info ][gc,heap           ] GC(2500) Old regions: 18->18
[109.913s][info ][gc,heap           ] GC(2500) Archive regions: 2->2
[109.913s][info ][gc,heap           ] GC(2500) Humongous regions: 0->0
[109.913s][info ][gc,metaspace      ] GC(2500) Metaspace: 10016K(10624K)->10016K(10624K) NonClass: 8864K(9216K)->8864K(9216K) Class: 1152K(1408K)->1152K(1408K)
[109.913s][debug][gc,heap           ] GC(2500) Heap after GC invocations=2501 (full 1): garbage-first heap   total 1324032K, used 21533K [0x0000000700000000, 0x0000000800000000)
[109.913s][debug][gc,heap           ] GC(2500)   region size 1024K, 3 young (3072K), 3 survivors (3072K)
[109.913s][debug][gc,heap           ] GC(2500)  Metaspace       used 10016K, capacity 10304K, committed 10624K, reserved 1058816K
[109.913s][debug][gc,heap           ] GC(2500)   class space    used 1152K, capacity 1266K, committed 1408K, reserved 1048576K
[109.913s][info ][gc                ] GC(2500) Pause Young (Normal) (G1 Evacuation Pause) 792M->21M(1293M) 2.060ms
[109.913s][info ][gc,cpu            ] GC(2500) User=0.00s Sys=0.01s Real=0.01s
[109.913s][info ][safepoint         ] Safepoint "G1CollectForAllocation", Time since last: 37613300 ns, Reaching safepoint: 149386 ns, At safepoint: 2247844 ns, Total: 2397230 ns
[109.951s][debug][gc,heap           ] GC(2501) Heap before GC invocations=2501 (full 1): garbage-first heap   total 1324032K, used 811037K [0x0000000700000000, 0x0000000800000000)
[109.951s][debug][gc,heap           ] GC(2501)   region size 1024K, 775 young (793600K), 3 survivors (3072K)
[109.951s][debug][gc,heap           ] GC(2501)  Metaspace       used 10016K, capacity 10304K, committed 10624K, reserved 1058816K
[109.951s][debug][gc,heap           ] GC(2501)   class space    used 1152K, capacity 1266K, committed 1408K, reserved 1048576K
[109.951s][info ][gc,start          ] GC(2501) Pause Young (Normal) (G1 Evacuation Pause)
[109.951s][info ][gc,task           ] GC(2501) Using 8 workers of 8 for evacuation
[109.951s][debug][gc,tlab           ] GC(2501) TLAB totals: thrds: 8  refills: 11 max: 2 slow allocs: 1537 max 214 waste: 36.7% gc: 1221648B max: 233392B slow: 40536B max: 13648B fast: 0B max: 0B
[109.951s][debug][gc,age            ] GC(2501) Desired survivor size 50855936 bytes, new threshold 15 (max threshold 15)
[109.951s][debug][gc,alloc,region   ] GC(2501) Mutator Allocation stats, regions: 772, wasted size: 180M (23.4%)
[109.951s][debug][gc,ergo           ] GC(2501) Running G1 Merge Heap Roots using 8 workers for 775 regions
[109.952s][debug][gc,remset         ] GC(2501) Visited cards 256 Total dirty 2048 (12.50%) Total old 3215360 (0.01%)
[109.952s][debug][gc,ergo           ] GC(2501) Running G1 Clear Card Table Task using 2 workers for 2 units of work for 776 regions.
[109.952s][debug][gc,ref            ] GC(2501) Skipped phase1 of Reference Processing due to unavailable references
[109.952s][debug][gc,ref            ] GC(2501) Skipped phase2 of Reference Processing due to unavailable references
[109.952s][debug][gc,ref            ] GC(2501) Skipped phase3 of Reference Processing due to unavailable references
[109.952s][debug][gc,ref            ] GC(2501) Skipped phase4 of Reference Processing due to unavailable references
[109.952s][debug][gc,ergo           ] GC(2501) Running G1 Free Collection Set using 8 workers for collection set length 775 (1293)
[109.952s][debug][gc,ergo           ] GC(2501) Running G1 Rebuild Free List Task using 8 workers for rebuilding free list of 0 (4096) regions
[109.953s][trace][gc,age            ] GC(2501) Age table with threshold 15 (max threshold 15)
[109.953s][trace][gc,age            ] GC(2501) - age   1:    3202552 bytes,    3202552 total
[109.953s][debug][gc,plab           ] GC(2501) Young PLAB allocation: allocated: 16512B, wasted: 0B, unused: 14064B, used: 2448B, undo waste: 0B, 
[109.953s][debug][gc,plab           ] GC(2501) Young other allocation: region end waste: 735320B, regions filled: 4, direct allocated: 3200104B, failure used: 0B, failure wasted: 0B
[109.953s][debug][gc,plab           ] GC(2501) Young sizing: calculated: 0B, actual: 2064B
[109.953s][debug][gc,plab           ] GC(2501) Old PLAB allocation: allocated: 0B, wasted: 0B, unused: 0B, used: 0B, undo waste: 0B, 
[109.953s][debug][gc,plab           ] GC(2501) Old other allocation: region end waste: 0B, regions filled: 1, direct allocated: 0B, failure used: 0B, failure wasted: 0B
[109.953s][debug][gc,plab           ] GC(2501) Old sizing: calculated: 0B, actual: 2064B
[109.953s][debug][gc,ihop           ] GC(2501) Basic information (value update), threshold: 610113945B (45.00), target occupancy: 1355808768B, current occupancy: 23099200B, recent allocation size: 0B, recent allocation duration: 39.28ms, recent old gen allocation rate: 0.00B/s, recent marking phase length: 30.68ms
[109.953s][debug][gc,ihop           ] GC(2501) Adaptive IHOP information (value update), threshold: 610113945B (47.37), internal target occupancy: 1288018329B, occupancy: 23099200B, additional buffer size: 812646400B, predicted old gen allocation rate: 82.12B/s, predicted marking phase length: 61.36ms, prediction active: false
[109.953s][debug][gc,ergo,refine    ] GC(2501) Concurrent refinement times: Logged Cards Scan time goal: 20.00ms Logged Cards Scan time: 0.00ms HCC time: 0.00ms
[109.953s][debug][gc,ergo,refine    ] GC(2501) Updated Refinement Zones: green: 2048, yellow: 6144, red: 10240
[109.953s][info ][gc,phases         ] GC(2501)   Pre Evacuate Collection Set: 0.1ms
[109.953s][debug][gc,phases         ] GC(2501)     Prepare TLABs: 0.0ms
[109.953s][debug][gc,phases         ] GC(2501)     Choose Collection Set: 0.0ms
[109.953s][debug][gc,phases         ] GC(2501)     Region Register: 0.1ms
[109.953s][debug][gc,phases         ] GC(2501)     Prepare Heap Roots: 0.0ms
[109.953s][info ][gc,phases         ] GC(2501)   Merge Heap Roots: 0.1ms
[109.953s][debug][gc,phases         ] GC(2501)     Prepare Merge Heap Roots: 0.0ms
[109.953s][debug][gc,phases         ] GC(2501)     Eager Reclaim (ms):       skipped
[109.953s][debug][gc,phases         ] GC(2501)     Remembered Sets (ms):     Min:  0.0, Avg:  0.0, Max:  0.0, Diff:  0.0, Sum:  0.2, Workers: 8
[109.953s][debug][gc,phases         ] GC(2501)       Merged Sparse:            Min: 0, Avg:  0.0, Max: 0, Diff: 0, Sum: 0, Workers: 8
[109.953s][debug][gc,phases         ] GC(2501)       Merged Fine:              Min: 0, Avg:  0.0, Max: 0, Diff: 0, Sum: 0, Workers: 8
[109.953s][debug][gc,phases         ] GC(2501)       Merged Coarse:            Min: 0, Avg:  0.0, Max: 0, Diff: 0, Sum: 0, Workers: 8
[109.953s][debug][gc,phases         ] GC(2501)       Dirty Cards:              Min: 0, Avg:  0.0, Max: 0, Diff: 0, Sum: 0, Workers: 8
[109.953s][debug][gc,phases         ] GC(2501)     Hot Card Cache (ms):      Min:  0.0, Avg:  0.0, Max:  0.0, Diff:  0.0, Sum:  0.0, Workers: 8
[109.953s][debug][gc,phases         ] GC(2501)       Dirty Cards:              Min: 0, Avg:  0.0, Max: 0, Diff: 0, Sum: 0, Workers: 8
[109.953s][debug][gc,phases         ] GC(2501)       Skipped Cards:            Min: 0, Avg:  0.0, Max: 0, Diff: 0, Sum: 0, Workers: 8
[109.953s][debug][gc,phases         ] GC(2501)     Log Buffers (ms):         Min:  0.0, Avg:  0.0, Max:  0.0, Diff:  0.0, Sum:  0.0, Workers: 8
[109.953s][debug][gc,phases         ] GC(2501)       Dirty Cards:              Min: 0, Avg:  0.1, Max: 1, Diff: 1, Sum: 1, Workers: 8
[109.953s][debug][gc,phases         ] GC(2501)       Skipped Cards:            Min: 0, Avg:  0.0, Max: 0, Diff: 0, Sum: 0, Workers: 8
[109.953s][info ][gc,phases         ] GC(2501)   Evacuate Collection Set: 0.4ms
[109.953s][debug][gc,phases         ] GC(2501)     Ext Root Scanning (ms):   Min:  0.0, Avg:  0.2, Max:  0.3, Diff:  0.2, Sum:  1.5, Workers: 8
[109.953s][debug][gc,phases         ] GC(2501)     Scan Heap Roots (ms):     Min:  0.0, Avg:  0.0, Max:  0.0, Diff:  0.0, Sum:  0.0, Workers: 8
[109.953s][debug][gc,phases         ] GC(2501)       Scanned Cards:            Min: 0, Avg:  0.1, Max: 1, Diff: 1, Sum: 1, Workers: 8
[109.953s][debug][gc,phases         ] GC(2501)       Scanned Blocks:           Min: 0, Avg:  0.1, Max: 1, Diff: 1, Sum: 1, Workers: 8
[109.953s][debug][gc,phases         ] GC(2501)       Claimed Chunks:           Min: 0, Avg:  0.1, Max: 1, Diff: 1, Sum: 1, Workers: 8
[109.953s][debug][gc,phases         ] GC(2501)     Code Root Scan (ms):      Min:  0.0, Avg:  0.0, Max:  0.1, Diff:  0.1, Sum:  0.1, Workers: 8
[109.953s][debug][gc,phases         ] GC(2501)     Object Copy (ms):         Min:  0.0, Avg:  0.0, Max:  0.0, Diff:  0.0, Sum:  0.0, Workers: 8
[109.953s][debug][gc,phases         ] GC(2501)     Termination (ms):         Min:  0.0, Avg:  0.1, Max:  0.1, Diff:  0.1, Sum:  0.8, Workers: 8
[109.953s][debug][gc,phases         ] GC(2501)       Termination Attempts:     Min: 1, Avg:  1.4, Max: 3, Diff: 2, Sum: 11, Workers: 8
[109.953s][debug][gc,phases         ] GC(2501)     GC Worker Other (ms):     Min:  0.0, Avg:  0.0, Max:  0.1, Diff:  0.1, Sum:  0.3, Workers: 8
[109.953s][debug][gc,phases         ] GC(2501)     GC Worker Total (ms):     Min:  0.3, Avg:  0.3, Max:  0.4, Diff:  0.1, Sum:  2.8, Workers: 8
[109.953s][info ][gc,phases         ] GC(2501)   Post Evacuate Collection Set: 0.6ms
[109.953s][debug][gc,phases         ] GC(2501)     Code Roots Fixup: 0.0ms
[109.953s][debug][gc,phases         ] GC(2501)     Clear Card Table: 0.2ms
[109.953s][debug][gc,phases         ] GC(2501)     Reference Processing: 0.0ms
[109.953s][debug][gc,phases,ref     ] GC(2501)       Reconsider SoftReferences: 0.0ms
[109.953s][debug][gc,phases,ref     ] GC(2501)         SoftRef (ms):             skipped
[109.953s][debug][gc,phases,ref     ] GC(2501)       Notify Soft/WeakReferences: 0.0ms
[109.953s][debug][gc,phases,ref     ] GC(2501)         SoftRef (ms):             skipped
[109.953s][debug][gc,phases,ref     ] GC(2501)         WeakRef (ms):             skipped
[109.953s][debug][gc,phases,ref     ] GC(2501)         FinalRef (ms):            skipped
[109.953s][debug][gc,phases,ref     ] GC(2501)         Total (ms):               skipped
[109.953s][debug][gc,phases,ref     ] GC(2501)       Notify and keep alive finalizable: 0.0ms
[109.953s][debug][gc,phases,ref     ] GC(2501)         FinalRef (ms):            skipped
[109.953s][debug][gc,phases,ref     ] GC(2501)       Notify PhantomReferences: 0.0ms
[109.953s][debug][gc,phases,ref     ] GC(2501)         PhantomRef (ms):          skipped
[109.953s][debug][gc,phases,ref     ] GC(2501)       SoftReference:
[109.953s][debug][gc,phases,ref     ] GC(2501)         Discovered: 0
[109.953s][debug][gc,phases,ref     ] GC(2501)         Cleared: 0
[109.953s][debug][gc,phases,ref     ] GC(2501)       WeakReference:
[109.953s][debug][gc,phases,ref     ] GC(2501)         Discovered: 0
[109.953s][debug][gc,phases,ref     ] GC(2501)         Cleared: 0
[109.953s][debug][gc,phases,ref     ] GC(2501)       FinalReference:
[109.953s][debug][gc,phases,ref     ] GC(2501)         Discovered: 0
[109.953s][debug][gc,phases,ref     ] GC(2501)         Cleared: 0
[109.953s][debug][gc,phases,ref     ] GC(2501)       PhantomReference:
[109.953s][debug][gc,phases,ref     ] GC(2501)         Discovered: 0
[109.953s][debug][gc,phases,ref     ] GC(2501)         Cleared: 0
[109.953s][debug][gc,phases         ] GC(2501)     Weak Processing: 0.1ms
[109.953s][debug][gc,phases         ] GC(2501)       JVMTI weak processing: 0.0ms
[109.953s][debug][gc,phases         ] GC(2501)         Dead: 0
[109.953s][debug][gc,phases         ] GC(2501)         Total: 0
[109.953s][debug][gc,phases         ] GC(2501)       JFR weak processing: 0.0ms
[109.953s][debug][gc,phases         ] GC(2501)         Dead: 0
[109.953s][debug][gc,phases         ] GC(2501)         Total: 0
[109.953s][debug][gc,phases         ] GC(2501)       JNI weak                  Min:  0.0, Avg:  0.0, Max:  0.0, Diff:  0.0, Sum:  0.0, Workers: 5
[109.953s][debug][gc,phases         ] GC(2501)         Dead                      Min: 0, Avg:  0.0, Max: 0, Diff: 0, Sum: 0, Workers: 5
[109.953s][debug][gc,phases         ] GC(2501)         Total                     Min: 0, Avg: 20.4, Max: 62, Diff: 62, Sum: 102, Workers: 5
[109.953s][debug][gc,phases         ] GC(2501)       VM weak                   Min:  0.0, Avg:  0.0, Max:  0.0, Diff:  0.0, Sum:  0.0, Workers: 5
[109.953s][debug][gc,phases         ] GC(2501)         Dead                      Min: 0, Avg:  0.0, Max: 0, Diff: 0, Sum: 0, Workers: 5
[109.953s][debug][gc,phases         ] GC(2501)         Total                     Min: 0, Avg: 42.4, Max: 128, Diff: 128, Sum: 212, Workers: 5
[109.953s][debug][gc,phases         ] GC(2501)       StringTable weak          Min:  0.0, Avg:  0.0, Max:  0.0, Diff:  0.0, Sum:  0.1, Workers: 5
[109.953s][debug][gc,phases         ] GC(2501)         Dead                      Min: 0, Avg:  0.0, Max: 0, Diff: 0, Sum: 0, Workers: 5
[109.953s][debug][gc,phases         ] GC(2501)         Total                     Min: 0, Avg: 684.6, Max: 1727, Diff: 1727, Sum: 3423, Workers: 5
[109.953s][debug][gc,phases         ] GC(2501)       ResolvedMethodTable weak  Min:  0.0, Avg:  0.0, Max:  0.0, Diff:  0.0, Sum:  0.0, Workers: 5
[109.953s][debug][gc,phases         ] GC(2501)         Dead                      Min: 0, Avg:  0.0, Max: 0, Diff: 0, Sum: 0, Workers: 5
[109.953s][debug][gc,phases         ] GC(2501)         Total                     Min: 0, Avg: 114.6, Max: 253, Diff: 253, Sum: 573, Workers: 5
[109.953s][debug][gc,phases         ] GC(2501)     Merge Per-Thread State: 0.0ms
[109.953s][debug][gc,phases         ] GC(2501)       Copied Bytes              Min: 72, Avg: 400319.0, Max: 800096, Diff: 800024, Sum: 3202552, Workers: 8
[109.953s][debug][gc,phases         ] GC(2501)       LAB Waste                 Min: 0, Avg:  0.0, Max: 0, Diff: 0, Sum: 0, Workers: 8
[109.953s][debug][gc,phases         ] GC(2501)       LAB Undo Waste            Min: 0, Avg:  0.0, Max: 0, Diff: 0, Sum: 0, Workers: 8
[109.953s][debug][gc,phases         ] GC(2501)     Code Roots Purge: 0.0ms
[109.953s][debug][gc,phases         ] GC(2501)     Redirty Cards: 0.0ms
[109.953s][debug][gc,phases         ] GC(2501)     DerivedPointerTable Update: 0.0ms
[109.953s][debug][gc,phases         ] GC(2501)     Free Collection Set: 0.2ms
[109.953s][debug][gc,phases         ] GC(2501)     Rebuild Free List: 0.1ms
[109.953s][debug][gc,phases         ] GC(2501)     Humongous Reclaim: 0.0ms
[109.953s][debug][gc,phases         ] GC(2501)     Start New Collection Set: 0.0ms
[109.953s][debug][gc,phases         ] GC(2501)     Resize TLABs: 0.0ms
[109.953s][debug][gc,phases         ] GC(2501)     Expand Heap After Collection: 0.0ms
[109.953s][info ][gc,phases         ] GC(2501)   Other: 0.3ms
[109.953s][info ][gc,heap           ] GC(2501) Eden regions: 772->0(771)
[109.953s][info ][gc,heap           ] GC(2501) Survivor regions: 3->4(97)
[109.953s][info ][gc,heap           ] GC(2501) Old regions: 18->18
[109.953s][info ][gc,heap           ] GC(2501) Archive regions: 2->2
[109.953s][info ][gc,heap           ] GC(2501) Humongous regions: 0->0
[109.953s][info ][gc,metaspace      ] GC(2501) Metaspace: 10016K(10624K)->10016K(10624K) NonClass: 8864K(9216K)->8864K(9216K) Class: 1152K(1408K)->1152K(1408K)
[109.953s][debug][gc,heap           ] GC(2501) Heap after GC invocations=2502 (full 1): garbage-first heap   total 1324032K, used 22557K [0x0000000700000000, 0x0000000800000000)
[109.953s][debug][gc,heap           ] GC(2501)   region size 1024K, 4 young (4096K), 4 survivors (4096K)
[109.953s][debug][gc,heap           ] GC(2501)  Metaspace       used 10016K, capacity 10304K, committed 10624K, reserved 1058816K
[109.953s][debug][gc,heap           ] GC(2501)   class space    used 1152K, capacity 1266K, committed 1408K, reserved 1048576K
[109.953s][info ][gc                ] GC(2501) Pause Young (Normal) (G1 Evacuation Pause) 792M->22M(1293M) 2.173ms
[109.953s][info ][gc,cpu            ] GC(2501) User=0.00s Sys=0.00s Real=0.01s
[109.953s][info ][safepoint         ] Safepoint "G1CollectForAllocation", Time since last: 38185979 ns, Reaching safepoint: 184682 ns, At safepoint: 2340836 ns, Total: 2525518 ns
[109.994s][debug][gc,heap           ] GC(2502) Heap before GC invocations=2502 (full 1): garbage-first heap   total 1324032K, used 811037K [0x0000000700000000, 0x0000000800000000)
[109.994s][debug][gc,heap           ] GC(2502)   region size 1024K, 775 young (793600K), 4 survivors (4096K)
[109.994s][debug][gc,heap           ] GC(2502)  Metaspace       used 10016K, capacity 10304K, committed 10624K, reserved 1058816K
[109.994s][debug][gc,heap           ] GC(2502)   class space    used 1152K, capacity 1266K, committed 1408K, reserved 1048576K
[109.994s][info ][gc,start          ] GC(2502) Pause Young (Normal) (G1 Evacuation Pause)
[109.994s][info ][gc,task           ] GC(2502) Using 8 workers of 8 for evacuation
[109.994s][debug][gc,tlab           ] GC(2502) TLAB totals: thrds: 8  refills: 12 max: 2 slow allocs: 1536 max 217 waste: 31.9% gc: 985752B max: 152488B slow: 30576B max: 14304B fast: 0B max: 0B
[109.995s][debug][gc,age            ] GC(2502) Desired survivor size 50855936 bytes, new threshold 15 (max threshold 15)
[109.995s][debug][gc,alloc,region   ] GC(2502) Mutator Allocation stats, regions: 771, wasted size: 180M (23.4%)
[109.995s][debug][gc,ergo           ] GC(2502) Running G1 Merge Heap Roots using 8 workers for 775 regions
[109.995s][debug][gc,remset         ] GC(2502) Visited cards 256 Total dirty 2048 (12.50%) Total old 3215360 (0.01%)
[109.995s][debug][gc,ergo           ] GC(2502) Running G1 Clear Card Table Task using 2 workers for 2 units of work for 776 regions.
[109.995s][debug][gc,ref            ] GC(2502) Skipped phase1 of Reference Processing due to unavailable references
[109.995s][debug][gc,ref            ] GC(2502) Skipped phase2 of Reference Processing due to unavailable references
[109.995s][debug][gc,ref            ] GC(2502) Skipped phase3 of Reference Processing due to unavailable references
[109.995s][debug][gc,ref            ] GC(2502) Skipped phase4 of Reference Processing due to unavailable references
[109.996s][debug][gc,ergo           ] GC(2502) Running G1 Free Collection Set using 8 workers for collection set length 775 (1293)
[109.996s][debug][gc,ergo           ] GC(2502) Running G1 Rebuild Free List Task using 8 workers for rebuilding free list of 0 (4096) regions
[109.996s][trace][gc,age            ] GC(2502) Age table with threshold 15 (max threshold 15)
[109.996s][trace][gc,age            ] GC(2502) - age   1:    3202576 bytes,    3202576 total
[109.996s][debug][gc,plab           ] GC(2502) Young PLAB allocation: allocated: 16512B, wasted: 0B, unused: 14064B, used: 2448B, undo waste: 0B, 
[109.996s][debug][gc,plab           ] GC(2502) Young other allocation: region end waste: 729120B, regions filled: 4, direct allocated: 3200128B, failure used: 0B, failure wasted: 0B
[109.996s][debug][gc,plab           ] GC(2502) Young sizing: calculated: 0B, actual: 2064B
[109.996s][debug][gc,plab           ] GC(2502) Old PLAB allocation: allocated: 0B, wasted: 0B, unused: 0B, used: 0B, undo waste: 0B, 
[109.996s][debug][gc,plab           ] GC(2502) Old other allocation: region end waste: 0B, regions filled: 1, direct allocated: 0B, failure used: 0B, failure wasted: 0B
[109.996s][debug][gc,plab           ] GC(2502) Old sizing: calculated: 0B, actual: 2064B
[109.996s][debug][gc,ihop           ] GC(2502) Basic information (value update), threshold: 610113945B (45.00), target occupancy: 1355808768B, current occupancy: 23093024B, recent allocation size: 0B, recent allocation duration: 41.88ms, recent old gen allocation rate: 0.00B/s, recent marking phase length: 30.68ms
[109.996s][debug][gc,ihop           ] GC(2502) Adaptive IHOP information (value update), threshold: 610113945B (47.37), internal target occupancy: 1288018329B, occupancy: 23093024B, additional buffer size: 812646400B, predicted old gen allocation rate: 80.04B/s, predicted marking phase length: 61.36ms, prediction active: false
[109.996s][debug][gc,ergo,refine    ] GC(2502) Concurrent refinement times: Logged Cards Scan time goal: 20.00ms Logged Cards Scan time: 0.00ms HCC time: 0.00ms
[109.996s][debug][gc,ergo,refine    ] GC(2502) Updated Refinement Zones: green: 2048, yellow: 6144, red: 10240
[109.996s][info ][gc,phases         ] GC(2502)   Pre Evacuate Collection Set: 0.1ms
[109.996s][debug][gc,phases         ] GC(2502)     Prepare TLABs: 0.0ms
[109.996s][debug][gc,phases         ] GC(2502)     Choose Collection Set: 0.0ms
[109.996s][debug][gc,phases         ] GC(2502)     Region Register: 0.1ms
[109.996s][debug][gc,phases         ] GC(2502)     Prepare Heap Roots: 0.0ms
[109.996s][info ][gc,phases         ] GC(2502)   Merge Heap Roots: 0.1ms
[109.996s][debug][gc,phases         ] GC(2502)     Prepare Merge Heap Roots: 0.0ms
[109.996s][debug][gc,phases         ] GC(2502)     Eager Reclaim (ms):       skipped
[109.996s][debug][gc,phases         ] GC(2502)     Remembered Sets (ms):     Min:  0.0, Avg:  0.0, Max:  0.1, Diff:  0.0, Sum:  0.3, Workers: 8
[109.996s][debug][gc,phases         ] GC(2502)       Merged Sparse:            Min: 0, Avg:  0.0, Max: 0, Diff: 0, Sum: 0, Workers: 8
[109.996s][debug][gc,phases         ] GC(2502)       Merged Fine:              Min: 0, Avg:  0.0, Max: 0, Diff: 0, Sum: 0, Workers: 8
[109.996s][debug][gc,phases         ] GC(2502)       Merged Coarse:            Min: 0, Avg:  0.0, Max: 0, Diff: 0, Sum: 0, Workers: 8
[109.996s][debug][gc,phases         ] GC(2502)       Dirty Cards:              Min: 0, Avg:  0.0, Max: 0, Diff: 0, Sum: 0, Workers: 8
[109.996s][debug][gc,phases         ] GC(2502)     Hot Card Cache (ms):      Min:  0.0, Avg:  0.0, Max:  0.0, Diff:  0.0, Sum:  0.0, Workers: 8
[109.996s][debug][gc,phases         ] GC(2502)       Dirty Cards:              Min: 0, Avg:  0.0, Max: 0, Diff: 0, Sum: 0, Workers: 8
[109.996s][debug][gc,phases         ] GC(2502)       Skipped Cards:            Min: 0, Avg:  0.0, Max: 0, Diff: 0, Sum: 0, Workers: 8
[109.996s][debug][gc,phases         ] GC(2502)     Log Buffers (ms):         Min:  0.0, Avg:  0.0, Max:  0.0, Diff:  0.0, Sum:  0.0, Workers: 8
[109.996s][debug][gc,phases         ] GC(2502)       Dirty Cards:              Min: 0, Avg:  0.1, Max: 1, Diff: 1, Sum: 1, Workers: 8
[109.996s][debug][gc,phases         ] GC(2502)       Skipped Cards:            Min: 0, Avg:  0.0, Max: 0, Diff: 0, Sum: 0, Workers: 8
[109.996s][info ][gc,phases         ] GC(2502)   Evacuate Collection Set: 0.4ms
[109.996s][debug][gc,phases         ] GC(2502)     Ext Root Scanning (ms):   Min:  0.2, Avg:  0.2, Max:  0.3, Diff:  0.1, Sum:  2.0, Workers: 8
[109.996s][debug][gc,phases         ] GC(2502)     Scan Heap Roots (ms):     Min:  0.0, Avg:  0.0, Max:  0.0, Diff:  0.0, Sum:  0.0, Workers: 8
[109.996s][debug][gc,phases         ] GC(2502)       Scanned Cards:            Min: 0, Avg:  0.1, Max: 1, Diff: 1, Sum: 1, Workers: 8
[109.996s][debug][gc,phases         ] GC(2502)       Scanned Blocks:           Min: 0, Avg:  0.1, Max: 1, Diff: 1, Sum: 1, Workers: 8
[109.996s][debug][gc,phases         ] GC(2502)       Claimed Chunks:           Min: 0, Avg:  0.1, Max: 1, Diff: 1, Sum: 1, Workers: 8
[109.996s][debug][gc,phases         ] GC(2502)     Code Root Scan (ms):      Min:  0.0, Avg:  0.0, Max:  0.0, Diff:  0.0, Sum:  0.2, Workers: 8
[109.996s][debug][gc,phases         ] GC(2502)     Object Copy (ms):         Min:  0.0, Avg:  0.0, Max:  0.0, Diff:  0.0, Sum:  0.0, Workers: 8
[109.996s][debug][gc,phases         ] GC(2502)     Termination (ms):         Min:  0.1, Avg:  0.1, Max:  0.1, Diff:  0.0, Sum:  0.6, Workers: 8
[109.996s][debug][gc,phases         ] GC(2502)       Termination Attempts:     Min: 1, Avg:  1.0, Max: 1, Diff: 0, Sum: 8, Workers: 8
[109.996s][debug][gc,phases         ] GC(2502)     GC Worker Other (ms):     Min:  0.0, Avg:  0.0, Max:  0.1, Diff:  0.0, Sum:  0.4, Workers: 8
[109.996s][debug][gc,phases         ] GC(2502)     GC Worker Total (ms):     Min:  0.4, Avg:  0.4, Max:  0.4, Diff:  0.1, Sum:  3.1, Workers: 8
[109.996s][info ][gc,phases         ] GC(2502)   Post Evacuate Collection Set: 0.6ms
[109.996s][debug][gc,phases         ] GC(2502)     Code Roots Fixup: 0.0ms
[109.996s][debug][gc,phases         ] GC(2502)     Clear Card Table: 0.2ms
[109.996s][debug][gc,phases         ] GC(2502)     Reference Processing: 0.0ms
[109.996s][debug][gc,phases,ref     ] GC(2502)       Reconsider SoftReferences: 0.0ms
[109.996s][debug][gc,phases,ref     ] GC(2502)         SoftRef (ms):             skipped
[109.996s][debug][gc,phases,ref     ] GC(2502)       Notify Soft/WeakReferences: 0.0ms
[109.996s][debug][gc,phases,ref     ] GC(2502)         SoftRef (ms):             skipped
[109.996s][debug][gc,phases,ref     ] GC(2502)         WeakRef (ms):             skipped
[109.996s][debug][gc,phases,ref     ] GC(2502)         FinalRef (ms):            skipped
[109.996s][debug][gc,phases,ref     ] GC(2502)         Total (ms):               skipped
[109.996s][debug][gc,phases,ref     ] GC(2502)       Notify and keep alive finalizable: 0.0ms
[109.996s][debug][gc,phases,ref     ] GC(2502)         FinalRef (ms):            skipped
[109.996s][debug][gc,phases,ref     ] GC(2502)       Notify PhantomReferences: 0.0ms
[109.996s][debug][gc,phases,ref     ] GC(2502)         PhantomRef (ms):          skipped
[109.996s][debug][gc,phases,ref     ] GC(2502)       SoftReference:
[109.996s][debug][gc,phases,ref     ] GC(2502)         Discovered: 0
[109.996s][debug][gc,phases,ref     ] GC(2502)         Cleared: 0
[109.996s][debug][gc,phases,ref     ] GC(2502)       WeakReference:
[109.996s][debug][gc,phases,ref     ] GC(2502)         Discovered: 0
[109.996s][debug][gc,phases,ref     ] GC(2502)         Cleared: 0
[109.996s][debug][gc,phases,ref     ] GC(2502)       FinalReference:
[109.996s][debug][gc,phases,ref     ] GC(2502)         Discovered: 0
[109.996s][debug][gc,phases,ref     ] GC(2502)         Cleared: 0
[109.996s][debug][gc,phases,ref     ] GC(2502)       PhantomReference:
[109.996s][debug][gc,phases,ref     ] GC(2502)         Discovered: 0
[109.996s][debug][gc,phases,ref     ] GC(2502)         Cleared: 0
[109.996s][debug][gc,phases         ] GC(2502)     Weak Processing: 0.1ms
[109.996s][debug][gc,phases         ] GC(2502)       JVMTI weak processing: 0.0ms
[109.996s][debug][gc,phases         ] GC(2502)         Dead: 0
[109.996s][debug][gc,phases         ] GC(2502)         Total: 0
[109.996s][debug][gc,phases         ] GC(2502)       JFR weak processing: 0.0ms
[109.996s][debug][gc,phases         ] GC(2502)         Dead: 0
[109.996s][debug][gc,phases         ] GC(2502)         Total: 0
[109.996s][debug][gc,phases         ] GC(2502)       JNI weak                  Min:  0.0, Avg:  0.0, Max:  0.0, Diff:  0.0, Sum:  0.0, Workers: 5
[109.996s][debug][gc,phases         ] GC(2502)         Dead                      Min: 0, Avg:  0.0, Max: 0, Diff: 0, Sum: 0, Workers: 5
[109.996s][debug][gc,phases         ] GC(2502)         Total                     Min: 0, Avg: 20.4, Max: 62, Diff: 62, Sum: 102, Workers: 5
[109.996s][debug][gc,phases         ] GC(2502)       VM weak                   Min:  0.0, Avg:  0.0, Max:  0.0, Diff:  0.0, Sum:  0.0, Workers: 5
[109.996s][debug][gc,phases         ] GC(2502)         Dead                      Min: 0, Avg:  0.0, Max: 0, Diff: 0, Sum: 0, Workers: 5
[109.996s][debug][gc,phases         ] GC(2502)         Total                     Min: 0, Avg: 42.4, Max: 128, Diff: 128, Sum: 212, Workers: 5
[109.996s][debug][gc,phases         ] GC(2502)       StringTable weak          Min:  0.0, Avg:  0.0, Max:  0.0, Diff:  0.0, Sum:  0.1, Workers: 5
[109.996s][debug][gc,phases         ] GC(2502)         Dead                      Min: 0, Avg:  0.0, Max: 0, Diff: 0, Sum: 0, Workers: 5
[109.996s][debug][gc,phases         ] GC(2502)         Total                     Min: 0, Avg: 684.6, Max: 1727, Diff: 1727, Sum: 3423, Workers: 5
[109.996s][debug][gc,phases         ] GC(2502)       ResolvedMethodTable weak  Min:  0.0, Avg:  0.0, Max:  0.0, Diff:  0.0, Sum:  0.0, Workers: 5
[109.997s][debug][gc,phases         ] GC(2502)         Dead                      Min: 0, Avg:  0.0, Max: 0, Diff: 0, Sum: 0, Workers: 5
[109.997s][debug][gc,phases         ] GC(2502)         Total                     Min: 0, Avg: 114.6, Max: 317, Diff: 317, Sum: 573, Workers: 5
[109.997s][debug][gc,phases         ] GC(2502)     Merge Per-Thread State: 0.0ms
[109.997s][debug][gc,phases         ] GC(2502)       Copied Bytes              Min: 400088, Avg: 400322.0, Max: 400840, Diff: 752, Sum: 3202576, Workers: 8
[109.997s][debug][gc,phases         ] GC(2502)       LAB Waste                 Min: 0, Avg:  0.0, Max: 0, Diff: 0, Sum: 0, Workers: 8
[109.997s][debug][gc,phases         ] GC(2502)       LAB Undo Waste            Min: 0, Avg:  0.0, Max: 0, Diff: 0, Sum: 0, Workers: 8
[109.997s][debug][gc,phases         ] GC(2502)     Code Roots Purge: 0.0ms
[109.997s][debug][gc,phases         ] GC(2502)     Redirty Cards: 0.0ms
[109.997s][debug][gc,phases         ] GC(2502)     DerivedPointerTable Update: 0.0ms
[109.997s][debug][gc,phases         ] GC(2502)     Free Collection Set: 0.2ms
[109.997s][debug][gc,phases         ] GC(2502)     Rebuild Free List: 0.1ms
[109.997s][debug][gc,phases         ] GC(2502)     Humongous Reclaim: 0.0ms
[109.997s][debug][gc,phases         ] GC(2502)     Start New Collection Set: 0.0ms
[109.997s][debug][gc,phases         ] GC(2502)     Resize TLABs: 0.0ms
[109.997s][debug][gc,phases         ] GC(2502)     Expand Heap After Collection: 0.0ms
[109.997s][info ][gc,phases         ] GC(2502)   Other: 0.3ms
[109.997s][info ][gc,heap           ] GC(2502) Eden regions: 771->0(771)
[109.997s][info ][gc,heap           ] GC(2502) Survivor regions: 4->4(97)
[109.997s][info ][gc,heap           ] GC(2502) Old regions: 18->18
[109.997s][info ][gc,heap           ] GC(2502) Archive regions: 2->2
[109.997s][info ][gc,heap           ] GC(2502) Humongous regions: 0->0
[109.997s][info ][gc,metaspace      ] GC(2502) Metaspace: 10016K(10624K)->10016K(10624K) NonClass: 8864K(9216K)->8864K(9216K) Class: 1152K(1408K)->1152K(1408K)
[109.997s][debug][gc,heap           ] GC(2502) Heap after GC invocations=2503 (full 1): garbage-first heap   total 1324032K, used 22551K [0x0000000700000000, 0x0000000800000000)
[109.997s][debug][gc,heap           ] GC(2502)   region size 1024K, 4 young (4096K), 4 survivors (4096K)
[109.997s][debug][gc,heap           ] GC(2502)  Metaspace       used 10016K, capacity 10304K, committed 10624K, reserved 1058816K
[109.997s][debug][gc,heap           ] GC(2502)   class space    used 1152K, capacity 1266K, committed 1408K, reserved 1048576K
[109.997s][info ][gc                ] GC(2502) Pause Young (Normal) (G1 Evacuation Pause) 792M->22M(1293M) 2.207ms
[109.997s][info ][gc,cpu            ] GC(2502) User=0.01s Sys=0.00s Real=0.00s
[109.997s][info ][safepoint         ] Safepoint "G1CollectForAllocation", Time since last: 38686443 ns, Reaching safepoint: 2217220 ns, At safepoint: 2376592 ns, Total: 4593812 ns
[110.034s][debug][gc,heap           ] GC(2503) Heap before GC invocations=2503 (full 1): garbage-first heap   total 1324032K, used 811031K [0x0000000700000000, 0x0000000800000000)
[110.034s][debug][gc,heap           ] GC(2503)   region size 1024K, 775 young (793600K), 4 survivors (4096K)
[110.034s][debug][gc,heap           ] GC(2503)  Metaspace       used 10016K, capacity 10304K, committed 10624K, reserved 1058816K
[110.034s][debug][gc,heap           ] GC(2503)   class space    used 1152K, capacity 1266K, committed 1408K, reserved 1048576K
[110.034s][info ][gc,start          ] GC(2503) Pause Young (Normal) (G1 Evacuation Pause)
[110.034s][info ][gc,task           ] GC(2503) Using 8 workers of 8 for evacuation
[110.034s][debug][gc,tlab           ] GC(2503) TLAB totals: thrds: 8  refills: 17 max: 3 slow allocs: 1532 max 233 waste: 23.3% gc: 1069120B max: 211032B slow: 75624B max: 15568B fast: 0B max: 0B
[110.034s][debug][gc,age            ] GC(2503) Desired survivor size 50855936 bytes, new threshold 15 (max threshold 15)
[110.034s][debug][gc,alloc,region   ] GC(2503) Mutator Allocation stats, regions: 771, wasted size: 180M (23.4%)
[110.035s][debug][gc,ergo           ] GC(2503) Running G1 Merge Heap Roots using 8 workers for 775 regions
[110.035s][debug][gc,remset         ] GC(2503) Visited cards 512 Total dirty 4096 (12.50%) Total old 3215360 (0.02%)
[110.035s][debug][gc,ergo           ] GC(2503) Running G1 Clear Card Table Task using 2 workers for 2 units of work for 777 regions.
[110.035s][debug][gc,ref            ] GC(2503) Skipped phase1 of Reference Processing due to unavailable references
[110.035s][debug][gc,ref            ] GC(2503) Skipped phase2 of Reference Processing due to unavailable references
[110.035s][debug][gc,ref            ] GC(2503) Skipped phase3 of Reference Processing due to unavailable references
[110.035s][debug][gc,ref            ] GC(2503) Skipped phase4 of Reference Processing due to unavailable references
[110.035s][debug][gc,ergo           ] GC(2503) Running G1 Free Collection Set using 8 workers for collection set length 775 (1293)
[110.036s][debug][gc,ergo           ] GC(2503) Running G1 Rebuild Free List Task using 8 workers for rebuilding free list of 0 (4096) regions
[110.036s][trace][gc,age            ] GC(2503) Age table with threshold 15 (max threshold 15)
[110.036s][trace][gc,age            ] GC(2503) - age   1:    4002576 bytes,    4002576 total
[110.036s][debug][gc,plab           ] GC(2503) Young PLAB allocation: allocated: 16512B, wasted: 0B, unused: 14064B, used: 2448B, undo waste: 0B, 
[110.036s][debug][gc,plab           ] GC(2503) Young other allocation: region end waste: 985936B, regions filled: 5, direct allocated: 4000128B, failure used: 0B, failure wasted: 0B
[110.036s][debug][gc,plab           ] GC(2503) Young sizing: calculated: 0B, actual: 2064B
[110.036s][debug][gc,plab           ] GC(2503) Old PLAB allocation: allocated: 0B, wasted: 0B, unused: 0B, used: 0B, undo waste: 0B, 
[110.036s][debug][gc,plab           ] GC(2503) Old other allocation: region end waste: 0B, regions filled: 1, direct allocated: 0B, failure used: 0B, failure wasted: 0B
[110.036s][debug][gc,plab           ] GC(2503) Old sizing: calculated: 0B, actual: 2064B
[110.036s][debug][gc,ihop           ] GC(2503) Basic information (value update), threshold: 610113945B (45.00), target occupancy: 1355808768B, current occupancy: 24149840B, recent allocation size: 0B, recent allocation duration: 38.38ms, recent old gen allocation rate: 0.00B/s, recent marking phase length: 30.68ms
[110.036s][debug][gc,ihop           ] GC(2503) Adaptive IHOP information (value update), threshold: 610113945B (47.37), internal target occupancy: 1288018329B, occupancy: 24149840B, additional buffer size: 812646400B, predicted old gen allocation rate: 78.01B/s, predicted marking phase length: 61.36ms, prediction active: false
[110.036s][debug][gc,ergo,refine    ] GC(2503) Concurrent refinement times: Logged Cards Scan time goal: 20.00ms Logged Cards Scan time: 0.00ms HCC time: 0.00ms
[110.036s][debug][gc,ergo,refine    ] GC(2503) Updated Refinement Zones: green: 2048, yellow: 6144, red: 10240
[110.036s][info ][gc,phases         ] GC(2503)   Pre Evacuate Collection Set: 0.1ms
[110.036s][debug][gc,phases         ] GC(2503)     Prepare TLABs: 0.0ms
[110.036s][debug][gc,phases         ] GC(2503)     Choose Collection Set: 0.0ms
[110.036s][debug][gc,phases         ] GC(2503)     Region Register: 0.1ms
[110.036s][debug][gc,phases         ] GC(2503)     Prepare Heap Roots: 0.0ms
[110.036s][info ][gc,phases         ] GC(2503)   Merge Heap Roots: 0.1ms
[110.036s][debug][gc,phases         ] GC(2503)     Prepare Merge Heap Roots: 0.0ms
[110.036s][debug][gc,phases         ] GC(2503)     Eager Reclaim (ms):       skipped
[110.036s][debug][gc,phases         ] GC(2503)     Remembered Sets (ms):     Min:  0.0, Avg:  0.0, Max:  0.0, Diff:  0.0, Sum:  0.3, Workers: 8
[110.036s][debug][gc,phases         ] GC(2503)       Merged Sparse:            Min: 0, Avg:  0.0, Max: 0, Diff: 0, Sum: 0, Workers: 8
[110.036s][debug][gc,phases         ] GC(2503)       Merged Fine:              Min: 0, Avg:  0.0, Max: 0, Diff: 0, Sum: 0, Workers: 8
[110.036s][debug][gc,phases         ] GC(2503)       Merged Coarse:            Min: 0, Avg:  0.0, Max: 0, Diff: 0, Sum: 0, Workers: 8
[110.036s][debug][gc,phases         ] GC(2503)       Dirty Cards:              Min: 0, Avg:  0.0, Max: 0, Diff: 0, Sum: 0, Workers: 8
[110.036s][debug][gc,phases         ] GC(2503)     Hot Card Cache (ms):      Min:  0.0, Avg:  0.0, Max:  0.0, Diff:  0.0, Sum:  0.0, Workers: 8
[110.036s][debug][gc,phases         ] GC(2503)       Dirty Cards:              Min: 0, Avg:  0.0, Max: 0, Diff: 0, Sum: 0, Workers: 8
[110.036s][debug][gc,phases         ] GC(2503)       Skipped Cards:            Min: 0, Avg:  0.0, Max: 0, Diff: 0, Sum: 0, Workers: 8
[110.036s][debug][gc,phases         ] GC(2503)     Log Buffers (ms):         Min:  0.0, Avg:  0.0, Max:  0.0, Diff:  0.0, Sum:  0.0, Workers: 8
[110.036s][debug][gc,phases         ] GC(2503)       Dirty Cards:              Min: 0, Avg:  0.2, Max: 1, Diff: 1, Sum: 2, Workers: 8
[110.036s][debug][gc,phases         ] GC(2503)       Skipped Cards:            Min: 0, Avg:  0.0, Max: 0, Diff: 0, Sum: 0, Workers: 8
[110.036s][info ][gc,phases         ] GC(2503)   Evacuate Collection Set: 0.5ms
[110.036s][debug][gc,phases         ] GC(2503)     Ext Root Scanning (ms):   Min:  0.1, Avg:  0.3, Max:  0.4, Diff:  0.4, Sum:  2.3, Workers: 8
[110.036s][debug][gc,phases         ] GC(2503)     Scan Heap Roots (ms):     Min:  0.0, Avg:  0.0, Max:  0.0, Diff:  0.0, Sum:  0.0, Workers: 8
[110.036s][debug][gc,phases         ] GC(2503)       Scanned Cards:            Min: 0, Avg:  0.2, Max: 2, Diff: 2, Sum: 2, Workers: 8
[110.036s][debug][gc,phases         ] GC(2503)       Scanned Blocks:           Min: 0, Avg:  0.2, Max: 2, Diff: 2, Sum: 2, Workers: 8
[110.036s][debug][gc,phases         ] GC(2503)       Claimed Chunks:           Min: 0, Avg:  0.2, Max: 2, Diff: 2, Sum: 2, Workers: 8
[110.036s][debug][gc,phases         ] GC(2503)     Code Root Scan (ms):      Min:  0.0, Avg:  0.0, Max:  0.1, Diff:  0.1, Sum:  0.1, Workers: 8
[110.036s][debug][gc,phases         ] GC(2503)     Object Copy (ms):         Min:  0.0, Avg:  0.0, Max:  0.0, Diff:  0.0, Sum:  0.1, Workers: 8
[110.036s][debug][gc,phases         ] GC(2503)     Termination (ms):         Min:  0.0, Avg:  0.1, Max:  0.2, Diff:  0.2, Sum:  0.8, Workers: 8
[110.036s][debug][gc,phases         ] GC(2503)       Termination Attempts:     Min: 1, Avg:  1.6, Max: 3, Diff: 2, Sum: 13, Workers: 8
[110.036s][debug][gc,phases         ] GC(2503)     GC Worker Other (ms):     Min:  0.0, Avg:  0.0, Max:  0.1, Diff:  0.1, Sum:  0.4, Workers: 8
[110.036s][debug][gc,phases         ] GC(2503)     GC Worker Total (ms):     Min:  0.4, Avg:  0.5, Max:  0.5, Diff:  0.1, Sum:  3.7, Workers: 8
[110.036s][info ][gc,phases         ] GC(2503)   Post Evacuate Collection Set: 0.6ms
[110.036s][debug][gc,phases         ] GC(2503)     Code Roots Fixup: 0.0ms
[110.036s][debug][gc,phases         ] GC(2503)     Clear Card Table: 0.2ms
[110.036s][debug][gc,phases         ] GC(2503)     Reference Processing: 0.0ms
[110.036s][debug][gc,phases,ref     ] GC(2503)       Reconsider SoftReferences: 0.0ms
[110.036s][debug][gc,phases,ref     ] GC(2503)         SoftRef (ms):             skipped
[110.036s][debug][gc,phases,ref     ] GC(2503)       Notify Soft/WeakReferences: 0.0ms
[110.036s][debug][gc,phases,ref     ] GC(2503)         SoftRef (ms):             skipped
[110.036s][debug][gc,phases,ref     ] GC(2503)         WeakRef (ms):             skipped
[110.036s][debug][gc,phases,ref     ] GC(2503)         FinalRef (ms):            skipped
[110.036s][debug][gc,phases,ref     ] GC(2503)         Total (ms):               skipped
[110.036s][debug][gc,phases,ref     ] GC(2503)       Notify and keep alive finalizable: 0.0ms
[110.036s][debug][gc,phases,ref     ] GC(2503)         FinalRef (ms):            skipped
[110.036s][debug][gc,phases,ref     ] GC(2503)       Notify PhantomReferences: 0.0ms
[110.036s][debug][gc,phases,ref     ] GC(2503)         PhantomRef (ms):          skipped
[110.036s][debug][gc,phases,ref     ] GC(2503)       SoftReference:
[110.036s][debug][gc,phases,ref     ] GC(2503)         Discovered: 0
[110.036s][debug][gc,phases,ref     ] GC(2503)         Cleared: 0
[110.036s][debug][gc,phases,ref     ] GC(2503)       WeakReference:
[110.036s][debug][gc,phases,ref     ] GC(2503)         Discovered: 0
[110.036s][debug][gc,phases,ref     ] GC(2503)         Cleared: 0
[110.036s][debug][gc,phases,ref     ] GC(2503)       FinalReference:
[110.036s][debug][gc,phases,ref     ] GC(2503)         Discovered: 0
[110.036s][debug][gc,phases,ref     ] GC(2503)         Cleared: 0
[110.036s][debug][gc,phases,ref     ] GC(2503)       PhantomReference:
[110.036s][debug][gc,phases,ref     ] GC(2503)         Discovered: 0
[110.036s][debug][gc,phases,ref     ] GC(2503)         Cleared: 0
[110.036s][debug][gc,phases         ] GC(2503)     Weak Processing: 0.0ms
[110.036s][debug][gc,phases         ] GC(2503)       JVMTI weak processing: 0.0ms
[110.036s][debug][gc,phases         ] GC(2503)         Dead: 0
[110.036s][debug][gc,phases         ] GC(2503)         Total: 0
[110.036s][debug][gc,phases         ] GC(2503)       JFR weak processing: 0.0ms
[110.036s][debug][gc,phases         ] GC(2503)         Dead: 0
[110.036s][debug][gc,phases         ] GC(2503)         Total: 0
[110.036s][debug][gc,phases         ] GC(2503)       JNI weak                  Min:  0.0, Avg:  0.0, Max:  0.0, Diff:  0.0, Sum:  0.0, Workers: 5
[110.036s][debug][gc,phases         ] GC(2503)         Dead                      Min: 0, Avg:  0.0, Max: 0, Diff: 0, Sum: 0, Workers: 5
[110.036s][debug][gc,phases         ] GC(2503)         Total                     Min: 0, Avg: 20.4, Max: 62, Diff: 62, Sum: 102, Workers: 5
[110.036s][debug][gc,phases         ] GC(2503)       VM weak                   Min:  0.0, Avg:  0.0, Max:  0.0, Diff:  0.0, Sum:  0.0, Workers: 5
[110.036s][debug][gc,phases         ] GC(2503)         Dead                      Min: 0, Avg:  0.0, Max: 0, Diff: 0, Sum: 0, Workers: 5
[110.036s][debug][gc,phases         ] GC(2503)         Total                     Min: 0, Avg: 42.4, Max: 84, Diff: 84, Sum: 212, Workers: 5
[110.036s][debug][gc,phases         ] GC(2503)       StringTable weak          Min:  0.0, Avg:  0.0, Max:  0.0, Diff:  0.0, Sum:  0.1, Workers: 5
[110.036s][debug][gc,phases         ] GC(2503)         Dead                      Min: 0, Avg:  0.0, Max: 0, Diff: 0, Sum: 0, Workers: 5
[110.036s][debug][gc,phases         ] GC(2503)         Total                     Min: 0, Avg: 684.6, Max: 1152, Diff: 1152, Sum: 3423, Workers: 5
[110.036s][debug][gc,phases         ] GC(2503)       ResolvedMethodTable weak  Min:  0.0, Avg:  0.0, Max:  0.0, Diff:  0.0, Sum:  0.0, Workers: 5
[110.036s][debug][gc,phases         ] GC(2503)         Dead                      Min: 0, Avg:  0.0, Max: 0, Diff: 0, Sum: 0, Workers: 5
[110.036s][debug][gc,phases         ] GC(2503)         Total                     Min: 0, Avg: 114.6, Max: 192, Diff: 192, Sum: 573, Workers: 5
[110.036s][debug][gc,phases         ] GC(2503)     Merge Per-Thread State: 0.0ms
[110.036s][debug][gc,phases         ] GC(2503)       Copied Bytes              Min: 744, Avg: 500322.0, Max: 800256, Diff: 799512, Sum: 4002576, Workers: 8
[110.036s][debug][gc,phases         ] GC(2503)       LAB Waste                 Min: 0, Avg:  0.0, Max: 0, Diff: 0, Sum: 0, Workers: 8
[110.036s][debug][gc,phases         ] GC(2503)       LAB Undo Waste            Min: 0, Avg:  0.0, Max: 0, Diff: 0, Sum: 0, Workers: 8
[110.036s][debug][gc,phases         ] GC(2503)     Code Roots Purge: 0.0ms
[110.036s][debug][gc,phases         ] GC(2503)     Redirty Cards: 0.0ms
[110.036s][debug][gc,phases         ] GC(2503)     DerivedPointerTable Update: 0.0ms
[110.036s][debug][gc,phases         ] GC(2503)     Free Collection Set: 0.2ms
[110.036s][debug][gc,phases         ] GC(2503)     Rebuild Free List: 0.1ms
[110.036s][debug][gc,phases         ] GC(2503)     Humongous Reclaim: 0.0ms
[110.036s][debug][gc,phases         ] GC(2503)     Start New Collection Set: 0.0ms
[110.036s][debug][gc,phases         ] GC(2503)     Resize TLABs: 0.0ms
[110.036s][debug][gc,phases         ] GC(2503)     Expand Heap After Collection: 0.0ms
[110.036s][info ][gc,phases         ] GC(2503)   Other: 0.3ms
[110.036s][info ][gc,heap           ] GC(2503) Eden regions: 771->0(770)
[110.036s][info ][gc,heap           ] GC(2503) Survivor regions: 4->5(97)
[110.037s][info ][gc,heap           ] GC(2503) Old regions: 18->18
[110.037s][info ][gc,heap           ] GC(2503) Archive regions: 2->2
[110.037s][info ][gc,heap           ] GC(2503) Humongous regions: 0->0
[110.037s][info ][gc,metaspace      ] GC(2503) Metaspace: 10016K(10624K)->10016K(10624K) NonClass: 8864K(9216K)->8864K(9216K) Class: 1152K(1408K)->1152K(1408K)
[110.037s][debug][gc,heap           ] GC(2503) Heap after GC invocations=2504 (full 1): garbage-first heap   total 1324032K, used 23583K [0x0000000700000000, 0x0000000800000000)
[110.037s][debug][gc,heap           ] GC(2503)   region size 1024K, 5 young (5120K), 5 survivors (5120K)
[110.037s][debug][gc,heap           ] GC(2503)  Metaspace       used 10016K, capacity 10304K, committed 10624K, reserved 1058816K
[110.037s][debug][gc,heap           ] GC(2503)   class space    used 1152K, capacity 1266K, committed 1408K, reserved 1048576K
[110.037s][info ][gc                ] GC(2503) Pause Young (Normal) (G1 Evacuation Pause) 792M->23M(1293M) 2.276ms
[110.037s][info ][gc,cpu            ] GC(2503) User=0.01s Sys=0.00s Real=0.00s
[110.037s][info ][safepoint         ] Safepoint "G1CollectForAllocation", Time since last: 37208621 ns, Reaching safepoint: 194910 ns, At safepoint: 2603004 ns, Total: 2797914 ns
[110.079s][debug][gc,heap           ] GC(2504) Heap before GC invocations=2504 (full 1): garbage-first heap   total 1324032K, used 811039K [0x0000000700000000, 0x0000000800000000)
[110.079s][debug][gc,heap           ] GC(2504)   region size 1024K, 775 young (793600K), 5 survivors (5120K)
[110.079s][debug][gc,heap           ] GC(2504)  Metaspace       used 10016K, capacity 10304K, committed 10624K, reserved 1058816K
[110.079s][debug][gc,heap           ] GC(2504)   class space    used 1152K, capacity 1266K, committed 1408K, reserved 1048576K
[110.079s][info ][gc,start          ] GC(2504) Pause Young (Normal) (G1 Evacuation Pause)
[110.079s][info ][gc,task           ] GC(2504) Using 8 workers of 8 for evacuation
[110.079s][debug][gc,tlab           ] GC(2504) TLAB totals: thrds: 8  refills: 13 max: 3 slow allocs: 1532 max 237 waste: 30.8% gc: 1098696B max: 247296B slow: 44024B max: 15488B fast: 0B max: 0B
[110.079s][debug][gc,age            ] GC(2504) Desired survivor size 50855936 bytes, new threshold 15 (max threshold 15)
[110.079s][debug][gc,alloc,region   ] GC(2504) Mutator Allocation stats, regions: 770, wasted size: 180M (23.4%)
[110.079s][debug][gc,ergo           ] GC(2504) Running G1 Merge Heap Roots using 8 workers for 775 regions
[110.079s][debug][gc,remset         ] GC(2504) Visited cards 256 Total dirty 2048 (12.50%) Total old 3215360 (0.01%)
[110.080s][debug][gc,ergo           ] GC(2504) Running G1 Clear Card Table Task using 2 workers for 2 units of work for 776 regions.
[110.080s][debug][gc,ref            ] GC(2504) Skipped phase1 of Reference Processing due to unavailable references
[110.080s][debug][gc,ref            ] GC(2504) Skipped phase2 of Reference Processing due to unavailable references
[110.080s][debug][gc,ref            ] GC(2504) Skipped phase3 of Reference Processing due to unavailable references
[110.080s][debug][gc,ref            ] GC(2504) Skipped phase4 of Reference Processing due to unavailable references
[110.080s][debug][gc,ergo           ] GC(2504) Running G1 Free Collection Set using 8 workers for collection set length 775 (1293)
[110.080s][debug][gc,ergo           ] GC(2504) Running G1 Rebuild Free List Task using 8 workers for rebuilding free list of 0 (4096) regions
[110.080s][trace][gc,age            ] GC(2504) Age table with threshold 15 (max threshold 15)
[110.080s][trace][gc,age            ] GC(2504) - age   1:    4802600 bytes,    4802600 total
[110.080s][debug][gc,plab           ] GC(2504) Young PLAB allocation: allocated: 16512B, wasted: 0B, unused: 14064B, used: 2448B, undo waste: 0B, 
[110.080s][debug][gc,plab           ] GC(2504) Young other allocation: region end waste: 1238624B, regions filled: 6, direct allocated: 4800152B, failure used: 0B, failure wasted: 0B
[110.080s][debug][gc,plab           ] GC(2504) Young sizing: calculated: 0B, actual: 2064B
[110.080s][debug][gc,plab           ] GC(2504) Old PLAB allocation: allocated: 0B, wasted: 0B, unused: 0B, used: 0B, undo waste: 0B, 
[110.080s][debug][gc,plab           ] GC(2504) Old other allocation: region end waste: 0B, regions filled: 1, direct allocated: 0B, failure used: 0B, failure wasted: 0B
[110.080s][debug][gc,plab           ] GC(2504) Old sizing: calculated: 0B, actual: 2064B
[110.080s][debug][gc,ihop           ] GC(2504) Basic information (value update), threshold: 610113945B (45.00), target occupancy: 1355808768B, current occupancy: 25202552B, recent allocation size: 0B, recent allocation duration: 42.89ms, recent old gen allocation rate: 0.00B/s, recent marking phase length: 30.68ms
[110.080s][debug][gc,ihop           ] GC(2504) Adaptive IHOP information (value update), threshold: 610113945B (47.37), internal target occupancy: 1288018329B, occupancy: 25202552B, additional buffer size: 812646400B, predicted old gen allocation rate: 76.04B/s, predicted marking phase length: 61.36ms, prediction active: false
[110.080s][debug][gc,ergo,refine    ] GC(2504) Concurrent refinement times: Logged Cards Scan time goal: 20.00ms Logged Cards Scan time: 0.00ms HCC time: 0.00ms
[110.080s][debug][gc,ergo,refine    ] GC(2504) Updated Refinement Zones: green: 2048, yellow: 6144, red: 10240
[110.080s][info ][gc,phases         ] GC(2504)   Pre Evacuate Collection Set: 0.1ms
[110.080s][debug][gc,phases         ] GC(2504)     Prepare TLABs: 0.0ms
[110.080s][debug][gc,phases         ] GC(2504)     Choose Collection Set: 0.0ms
[110.080s][debug][gc,phases         ] GC(2504)     Region Register: 0.1ms
[110.080s][debug][gc,phases         ] GC(2504)     Prepare Heap Roots: 0.0ms
[110.080s][info ][gc,phases         ] GC(2504)   Merge Heap Roots: 0.2ms
[110.080s][debug][gc,phases         ] GC(2504)     Prepare Merge Heap Roots: 0.0ms
[110.080s][debug][gc,phases         ] GC(2504)     Eager Reclaim (ms):       skipped
[110.080s][debug][gc,phases         ] GC(2504)     Remembered Sets (ms):     Min:  0.0, Avg:  0.0, Max:  0.0, Diff:  0.0, Sum:  0.3, Workers: 8
[110.080s][debug][gc,phases         ] GC(2504)       Merged Sparse:            Min: 0, Avg:  0.0, Max: 0, Diff: 0, Sum: 0, Workers: 8
[110.080s][debug][gc,phases         ] GC(2504)       Merged Fine:              Min: 0, Avg:  0.0, Max: 0, Diff: 0, Sum: 0, Workers: 8
[110.080s][debug][gc,phases         ] GC(2504)       Merged Coarse:            Min: 0, Avg:  0.0, Max: 0, Diff: 0, Sum: 0, Workers: 8
[110.081s][debug][gc,phases         ] GC(2504)       Dirty Cards:              Min: 0, Avg:  0.0, Max: 0, Diff: 0, Sum: 0, Workers: 8
[110.081s][debug][gc,phases         ] GC(2504)     Hot Card Cache (ms):      Min:  0.0, Avg:  0.0, Max:  0.0, Diff:  0.0, Sum:  0.0, Workers: 8
[110.081s][debug][gc,phases         ] GC(2504)       Dirty Cards:              Min: 0, Avg:  0.0, Max: 0, Diff: 0, Sum: 0, Workers: 8
[110.081s][debug][gc,phases         ] GC(2504)       Skipped Cards:            Min: 0, Avg:  0.0, Max: 0, Diff: 0, Sum: 0, Workers: 8
[110.081s][debug][gc,phases         ] GC(2504)     Log Buffers (ms):         Min:  0.0, Avg:  0.0, Max:  0.0, Diff:  0.0, Sum:  0.0, Workers: 8
[110.081s][debug][gc,phases         ] GC(2504)       Dirty Cards:              Min: 0, Avg:  0.1, Max: 1, Diff: 1, Sum: 1, Workers: 8
[110.081s][debug][gc,phases         ] GC(2504)       Skipped Cards:            Min: 0, Avg:  0.0, Max: 0, Diff: 0, Sum: 0, Workers: 8
[110.081s][info ][gc,phases         ] GC(2504)   Evacuate Collection Set: 0.6ms
[110.081s][debug][gc,phases         ] GC(2504)     Ext Root Scanning (ms):   Min:  0.0, Avg:  0.3, Max:  0.5, Diff:  0.4, Sum:  2.5, Workers: 8
[110.081s][debug][gc,phases         ] GC(2504)     Scan Heap Roots (ms):     Min:  0.0, Avg:  0.0, Max:  0.0, Diff:  0.0, Sum:  0.0, Workers: 8
[110.081s][debug][gc,phases         ] GC(2504)       Scanned Cards:            Min: 0, Avg:  0.1, Max: 1, Diff: 1, Sum: 1, Workers: 8
[110.081s][debug][gc,phases         ] GC(2504)       Scanned Blocks:           Min: 0, Avg:  0.1, Max: 1, Diff: 1, Sum: 1, Workers: 8
[110.081s][debug][gc,phases         ] GC(2504)       Claimed Chunks:           Min: 0, Avg:  0.1, Max: 1, Diff: 1, Sum: 1, Workers: 8
[110.081s][debug][gc,phases         ] GC(2504)     Code Root Scan (ms):      Min:  0.0, Avg:  0.0, Max:  0.0, Diff:  0.0, Sum:  0.2, Workers: 8
[110.081s][debug][gc,phases         ] GC(2504)     Object Copy (ms):         Min:  0.0, Avg:  0.0, Max:  0.0, Diff:  0.0, Sum:  0.0, Workers: 8
[110.081s][debug][gc,phases         ] GC(2504)     Termination (ms):         Min:  0.0, Avg:  0.1, Max:  0.1, Diff:  0.0, Sum:  0.4, Workers: 8
[110.081s][debug][gc,phases         ] GC(2504)       Termination Attempts:     Min: 1, Avg:  1.0, Max: 1, Diff: 0, Sum: 8, Workers: 8
[110.081s][debug][gc,phases         ] GC(2504)     GC Worker Other (ms):     Min:  0.0, Avg:  0.1, Max:  0.4, Diff:  0.4, Sum:  0.8, Workers: 8
[110.081s][debug][gc,phases         ] GC(2504)     GC Worker Total (ms):     Min:  0.2, Avg:  0.5, Max:  0.5, Diff:  0.4, Sum:  3.9, Workers: 8
[110.081s][info ][gc,phases         ] GC(2504)   Post Evacuate Collection Set: 0.6ms
[110.081s][debug][gc,phases         ] GC(2504)     Code Roots Fixup: 0.0ms
[110.081s][debug][gc,phases         ] GC(2504)     Clear Card Table: 0.2ms
[110.081s][debug][gc,phases         ] GC(2504)     Reference Processing: 0.1ms
[110.081s][debug][gc,phases,ref     ] GC(2504)       Reconsider SoftReferences: 0.0ms
[110.081s][debug][gc,phases,ref     ] GC(2504)         SoftRef (ms):             skipped
[110.081s][debug][gc,phases,ref     ] GC(2504)       Notify Soft/WeakReferences: 0.0ms
[110.081s][debug][gc,phases,ref     ] GC(2504)         SoftRef (ms):             skipped
[110.081s][debug][gc,phases,ref     ] GC(2504)         WeakRef (ms):             skipped
[110.081s][debug][gc,phases,ref     ] GC(2504)         FinalRef (ms):            skipped
[110.081s][debug][gc,phases,ref     ] GC(2504)         Total (ms):               skipped
[110.081s][debug][gc,phases,ref     ] GC(2504)       Notify and keep alive finalizable: 0.0ms
[110.081s][debug][gc,phases,ref     ] GC(2504)         FinalRef (ms):            skipped
[110.081s][debug][gc,phases,ref     ] GC(2504)       Notify PhantomReferences: 0.0ms
[110.081s][debug][gc,phases,ref     ] GC(2504)         PhantomRef (ms):          skipped
[110.081s][debug][gc,phases,ref     ] GC(2504)       SoftReference:
[110.081s][debug][gc,phases,ref     ] GC(2504)         Discovered: 0
[110.081s][debug][gc,phases,ref     ] GC(2504)         Cleared: 0
[110.081s][debug][gc,phases,ref     ] GC(2504)       WeakReference:
[110.081s][debug][gc,phases,ref     ] GC(2504)         Discovered: 0
[110.081s][debug][gc,phases,ref     ] GC(2504)         Cleared: 0
[110.081s][debug][gc,phases,ref     ] GC(2504)       FinalReference:
[110.081s][debug][gc,phases,ref     ] GC(2504)         Discovered: 0
[110.081s][debug][gc,phases,ref     ] GC(2504)         Cleared: 0
[110.081s][debug][gc,phases,ref     ] GC(2504)       PhantomReference:
[110.081s][debug][gc,phases,ref     ] GC(2504)         Discovered: 0
[110.081s][debug][gc,phases,ref     ] GC(2504)         Cleared: 0
[110.081s][debug][gc,phases         ] GC(2504)     Weak Processing: 0.0ms
[110.081s][debug][gc,phases         ] GC(2504)       JVMTI weak processing: 0.0ms
[110.081s][debug][gc,phases         ] GC(2504)         Dead: 0
[110.081s][debug][gc,phases         ] GC(2504)         Total: 0
[110.081s][debug][gc,phases         ] GC(2504)       JFR weak processing: 0.0ms
[110.081s][debug][gc,phases         ] GC(2504)         Dead: 0
[110.081s][debug][gc,phases         ] GC(2504)         Total: 0
[110.081s][debug][gc,phases         ] GC(2504)       JNI weak                  Min:  0.0, Avg:  0.0, Max:  0.0, Diff:  0.0, Sum:  0.0, Workers: 5
[110.081s][debug][gc,phases         ] GC(2504)         Dead                      Min: 0, Avg:  0.0, Max: 0, Diff: 0, Sum: 0, Workers: 5
[110.081s][debug][gc,phases         ] GC(2504)         Total                     Min: 0, Avg: 20.4, Max: 62, Diff: 62, Sum: 102, Workers: 5
[110.081s][debug][gc,phases         ] GC(2504)       VM weak                   Min:  0.0, Avg:  0.0, Max:  0.0, Diff:  0.0, Sum:  0.0, Workers: 5
[110.081s][debug][gc,phases         ] GC(2504)         Dead                      Min: 0, Avg:  0.0, Max: 0, Diff: 0, Sum: 0, Workers: 5
[110.081s][debug][gc,phases         ] GC(2504)         Total                     Min: 0, Avg: 42.4, Max: 128, Diff: 128, Sum: 212, Workers: 5
[110.081s][debug][gc,phases         ] GC(2504)       StringTable weak          Min:  0.0, Avg:  0.0, Max:  0.0, Diff:  0.0, Sum:  0.1, Workers: 5
[110.081s][debug][gc,phases         ] GC(2504)         Dead                      Min: 0, Avg:  0.0, Max: 0, Diff: 0, Sum: 0, Workers: 5
[110.081s][debug][gc,phases         ] GC(2504)         Total                     Min: 0, Avg: 684.6, Max: 960, Diff: 960, Sum: 3423, Workers: 5
[110.081s][debug][gc,phases         ] GC(2504)       ResolvedMethodTable weak  Min:  0.0, Avg:  0.0, Max:  0.0, Diff:  0.0, Sum:  0.0, Workers: 5
[110.081s][debug][gc,phases         ] GC(2504)         Dead                      Min: 0, Avg:  0.0, Max: 0, Diff: 0, Sum: 0, Workers: 5
[110.081s][debug][gc,phases         ] GC(2504)         Total                     Min: 64, Avg: 114.6, Max: 128, Diff: 64, Sum: 573, Workers: 5
[110.081s][debug][gc,phases         ] GC(2504)     Merge Per-Thread State: 0.0ms
[110.081s][debug][gc,phases         ] GC(2504)       Copied Bytes              Min: 80, Avg: 600325.0, Max: 800864, Diff: 800784, Sum: 4802600, Workers: 8
[110.081s][debug][gc,phases         ] GC(2504)       LAB Waste                 Min: 0, Avg:  0.0, Max: 0, Diff: 0, Sum: 0, Workers: 8
[110.081s][debug][gc,phases         ] GC(2504)       LAB Undo Waste            Min: 0, Avg:  0.0, Max: 0, Diff: 0, Sum: 0, Workers: 8
[110.081s][debug][gc,phases         ] GC(2504)     Code Roots Purge: 0.0ms
[110.081s][debug][gc,phases         ] GC(2504)     Redirty Cards: 0.0ms
[110.081s][debug][gc,phases         ] GC(2504)     DerivedPointerTable Update: 0.0ms
[110.081s][debug][gc,phases         ] GC(2504)     Free Collection Set: 0.2ms
[110.081s][debug][gc,phases         ] GC(2504)     Rebuild Free List: 0.1ms
[110.081s][debug][gc,phases         ] GC(2504)     Humongous Reclaim: 0.0ms
[110.081s][debug][gc,phases         ] GC(2504)     Start New Collection Set: 0.0ms
[110.081s][debug][gc,phases         ] GC(2504)     Resize TLABs: 0.0ms
[110.081s][debug][gc,phases         ] GC(2504)     Expand Heap After Collection: 0.0ms
[110.081s][info ][gc,phases         ] GC(2504)   Other: 0.4ms
[110.081s][info ][gc,heap           ] GC(2504) Eden regions: 770->0(769)
[110.081s][info ][gc,heap           ] GC(2504) Survivor regions: 5->6(97)
[110.081s][info ][gc,heap           ] GC(2504) Old regions: 18->18
[110.081s][info ][gc,heap           ] GC(2504) Archive regions: 2->2
[110.081s][info ][gc,heap           ] GC(2504) Humongous regions: 0->0
[110.081s][info ][gc,metaspace      ] GC(2504) Metaspace: 10016K(10624K)->10016K(10624K) NonClass: 8864K(9216K)->8864K(9216K) Class: 1152K(1408K)->1152K(1408K)
[110.081s][debug][gc,heap           ] GC(2504) Heap after GC invocations=2505 (full 1): garbage-first heap   total 1324032K, used 24611K [0x0000000700000000, 0x0000000800000000)
[110.081s][debug][gc,heap           ] GC(2504)   region size 1024K, 6 young (6144K), 6 survivors (6144K)
[110.081s][debug][gc,heap           ] GC(2504)  Metaspace       used 10016K, capacity 10304K, committed 10624K, reserved 1058816K
[110.081s][debug][gc,heap           ] GC(2504)   class space    used 1152K, capacity 1266K, committed 1408K, reserved 1048576K
[110.081s][info ][gc                ] GC(2504) Pause Young (Normal) (G1 Evacuation Pause) 792M->24M(1293M) 2.499ms
[110.081s][info ][gc,cpu            ] GC(2504) User=0.01s Sys=0.00s Real=0.00s
[110.081s][info ][safepoint         ] Safepoint "G1CollectForAllocation", Time since last: 41579619 ns, Reaching safepoint: 206057 ns, At safepoint: 2707186 ns, Total: 2913243 ns
[110.119s][debug][gc,heap           ] GC(2505) Heap before GC invocations=2505 (full 1): garbage-first heap   total 1324032K, used 811043K [0x0000000700000000, 0x0000000800000000)
[110.119s][debug][gc,heap           ] GC(2505)   region size 1024K, 775 young (793600K), 6 survivors (6144K)
[110.119s][debug][gc,heap           ] GC(2505)  Metaspace       used 10016K, capacity 10304K, committed 10624K, reserved 1058816K
[110.119s][debug][gc,heap           ] GC(2505)   class space    used 1152K, capacity 1266K, committed 1408K, reserved 1048576K
[110.119s][info ][gc,start          ] GC(2505) Pause Young (Normal) (G1 Evacuation Pause)
[110.119s][info ][gc,task           ] GC(2505) Using 8 workers of 8 for evacuation
[110.119s][debug][gc,tlab           ] GC(2505) TLAB totals: thrds: 8  refills: 16 max: 3 slow allocs: 1532 max 216 waste: 21.4% gc: 1039712B max: 240976B slow: 97952B max: 15488B fast: 0B max: 0B
[110.119s][debug][gc,age            ] GC(2505) Desired survivor size 50855936 bytes, new threshold 15 (max threshold 15)
[110.119s][debug][gc,alloc,region   ] GC(2505) Mutator Allocation stats, regions: 769, wasted size: 180M (23.4%)
[110.119s][debug][gc,ergo           ] GC(2505) Running G1 Merge Heap Roots using 8 workers for 775 regions
[110.120s][debug][gc,remset         ] GC(2505) Visited cards 512 Total dirty 4096 (12.50%) Total old 3215360 (0.02%)
[110.120s][debug][gc,ergo           ] GC(2505) Running G1 Clear Card Table Task using 2 workers for 2 units of work for 777 regions.
[110.120s][debug][gc,ref            ] GC(2505) Skipped phase1 of Reference Processing due to unavailable references
[110.120s][debug][gc,ref            ] GC(2505) Skipped phase2 of Reference Processing due to unavailable references
[110.120s][debug][gc,ref            ] GC(2505) Skipped phase3 of Reference Processing due to unavailable references
[110.120s][debug][gc,ref            ] GC(2505) Skipped phase4 of Reference Processing due to unavailable references
[110.120s][debug][gc,ergo           ] GC(2505) Running G1 Free Collection Set using 8 workers for collection set length 775 (1293)
[110.120s][debug][gc,ergo           ] GC(2505) Running G1 Rebuild Free List Task using 8 workers for rebuilding free list of 0 (4096) regions
[110.121s][trace][gc,age            ] GC(2505) Age table with threshold 15 (max threshold 15)
[110.121s][trace][gc,age            ] GC(2505) - age   1:    2402544 bytes,    2402544 total
[110.121s][debug][gc,plab           ] GC(2505) Young PLAB allocation: allocated: 14448B, wasted: 0B, unused: 12000B, used: 2448B, undo waste: 0B, 
[110.121s][debug][gc,plab           ] GC(2505) Young other allocation: region end waste: 484704B, regions filled: 3, direct allocated: 2400096B, failure used: 0B, failure wasted: 0B
[110.121s][debug][gc,plab           ] GC(2505) Young sizing: calculated: 0B, actual: 2064B
[110.121s][debug][gc,plab           ] GC(2505) Old PLAB allocation: allocated: 0B, wasted: 0B, unused: 0B, used: 0B, undo waste: 0B, 
[110.121s][debug][gc,plab           ] GC(2505) Old other allocation: region end waste: 0B, regions filled: 1, direct allocated: 0B, failure used: 0B, failure wasted: 0B
[110.121s][debug][gc,plab           ] GC(2505) Old sizing: calculated: 0B, actual: 2064B
[110.121s][debug][gc,ihop           ] GC(2505) Basic information (value update), threshold: 610113945B (45.00), target occupancy: 1355808768B, current occupancy: 22046512B, recent allocation size: 0B, recent allocation duration: 38.88ms, recent old gen allocation rate: 0.00B/s, recent marking phase length: 30.68ms
[110.121s][debug][gc,ihop           ] GC(2505) Adaptive IHOP information (value update), threshold: 610113945B (47.37), internal target occupancy: 1288018329B, occupancy: 22046512B, additional buffer size: 812646400B, predicted old gen allocation rate: 74.11B/s, predicted marking phase length: 61.36ms, prediction active: false
[110.121s][debug][gc,ergo,refine    ] GC(2505) Concurrent refinement times: Logged Cards Scan time goal: 20.00ms Logged Cards Scan time: 0.00ms HCC time: 0.00ms
[110.121s][debug][gc,ergo,refine    ] GC(2505) Updated Refinement Zones: green: 2048, yellow: 6144, red: 10240
[110.121s][info ][gc,phases         ] GC(2505)   Pre Evacuate Collection Set: 0.1ms
[110.121s][debug][gc,phases         ] GC(2505)     Prepare TLABs: 0.0ms
[110.121s][debug][gc,phases         ] GC(2505)     Choose Collection Set: 0.0ms
[110.121s][debug][gc,phases         ] GC(2505)     Region Register: 0.1ms
[110.121s][debug][gc,phases         ] GC(2505)     Prepare Heap Roots: 0.0ms
[110.121s][info ][gc,phases         ] GC(2505)   Merge Heap Roots: 0.1ms
[110.121s][debug][gc,phases         ] GC(2505)     Prepare Merge Heap Roots: 0.0ms
[110.121s][debug][gc,phases         ] GC(2505)     Eager Reclaim (ms):       skipped
[110.121s][debug][gc,phases         ] GC(2505)     Remembered Sets (ms):     Min:  0.0, Avg:  0.0, Max:  0.0, Diff:  0.0, Sum:  0.2, Workers: 8
[110.121s][debug][gc,phases         ] GC(2505)       Merged Sparse:            Min: 0, Avg:  0.0, Max: 0, Diff: 0, Sum: 0, Workers: 8
[110.121s][debug][gc,phases         ] GC(2505)       Merged Fine:              Min: 0, Avg:  0.0, Max: 0, Diff: 0, Sum: 0, Workers: 8
[110.121s][debug][gc,phases         ] GC(2505)       Merged Coarse:            Min: 0, Avg:  0.0, Max: 0, Diff: 0, Sum: 0, Workers: 8
[110.121s][debug][gc,phases         ] GC(2505)       Dirty Cards:              Min: 0, Avg:  0.0, Max: 0, Diff: 0, Sum: 0, Workers: 8
[110.121s][debug][gc,phases         ] GC(2505)     Hot Card Cache (ms):      Min:  0.0, Avg:  0.0, Max:  0.0, Diff:  0.0, Sum:  0.0, Workers: 8
[110.121s][debug][gc,phases         ] GC(2505)       Dirty Cards:              Min: 0, Avg:  0.0, Max: 0, Diff: 0, Sum: 0, Workers: 8
[110.121s][debug][gc,phases         ] GC(2505)       Skipped Cards:            Min: 0, Avg:  0.0, Max: 0, Diff: 0, Sum: 0, Workers: 8
[110.121s][debug][gc,phases         ] GC(2505)     Log Buffers (ms):         Min:  0.0, Avg:  0.0, Max:  0.0, Diff:  0.0, Sum:  0.0, Workers: 8
[110.121s][debug][gc,phases         ] GC(2505)       Dirty Cards:              Min: 0, Avg:  0.2, Max: 1, Diff: 1, Sum: 2, Workers: 8
[110.121s][debug][gc,phases         ] GC(2505)       Skipped Cards:            Min: 0, Avg:  0.0, Max: 0, Diff: 0, Sum: 0, Workers: 8
[110.121s][info ][gc,phases         ] GC(2505)   Evacuate Collection Set: 0.3ms
[110.121s][debug][gc,phases         ] GC(2505)     Ext Root Scanning (ms):   Min:  0.0, Avg:  0.2, Max:  0.2, Diff:  0.2, Sum:  1.3, Workers: 8
[110.121s][debug][gc,phases         ] GC(2505)     Scan Heap Roots (ms):     Min:  0.0, Avg:  0.0, Max:  0.0, Diff:  0.0, Sum:  0.0, Workers: 8
[110.121s][debug][gc,phases         ] GC(2505)       Scanned Cards:            Min: 0, Avg:  0.2, Max: 1, Diff: 1, Sum: 2, Workers: 8
[110.121s][debug][gc,phases         ] GC(2505)       Scanned Blocks:           Min: 0, Avg:  0.2, Max: 1, Diff: 1, Sum: 2, Workers: 8
[110.121s][debug][gc,phases         ] GC(2505)       Claimed Chunks:           Min: 0, Avg:  0.2, Max: 1, Diff: 1, Sum: 2, Workers: 8
[110.121s][debug][gc,phases         ] GC(2505)     Code Root Scan (ms):      Min:  0.0, Avg:  0.0, Max:  0.0, Diff:  0.0, Sum:  0.1, Workers: 8
[110.121s][debug][gc,phases         ] GC(2505)     Object Copy (ms):         Min:  0.0, Avg:  0.0, Max:  0.0, Diff:  0.0, Sum:  0.0, Workers: 8
[110.121s][debug][gc,phases         ] GC(2505)     Termination (ms):         Min:  0.0, Avg:  0.1, Max:  0.1, Diff:  0.0, Sum:  0.4, Workers: 8
[110.121s][debug][gc,phases         ] GC(2505)       Termination Attempts:     Min: 1, Avg:  1.0, Max: 1, Diff: 0, Sum: 8, Workers: 8
[110.121s][debug][gc,phases         ] GC(2505)     GC Worker Other (ms):     Min:  0.0, Avg:  0.0, Max:  0.1, Diff:  0.0, Sum:  0.3, Workers: 8
[110.121s][debug][gc,phases         ] GC(2505)     GC Worker Total (ms):     Min:  0.0, Avg:  0.3, Max:  0.3, Diff:  0.3, Sum:  2.2, Workers: 8
[110.121s][info ][gc,phases         ] GC(2505)   Post Evacuate Collection Set: 0.6ms
[110.121s][debug][gc,phases         ] GC(2505)     Code Roots Fixup: 0.0ms
[110.121s][debug][gc,phases         ] GC(2505)     Clear Card Table: 0.3ms
[110.121s][debug][gc,phases         ] GC(2505)     Reference Processing: 0.1ms
[110.121s][debug][gc,phases,ref     ] GC(2505)       Reconsider SoftReferences: 0.0ms
[110.121s][debug][gc,phases,ref     ] GC(2505)         SoftRef (ms):             skipped
[110.121s][debug][gc,phases,ref     ] GC(2505)       Notify Soft/WeakReferences: 0.0ms
[110.121s][debug][gc,phases,ref     ] GC(2505)         SoftRef (ms):             skipped
[110.121s][debug][gc,phases,ref     ] GC(2505)         WeakRef (ms):             skipped
[110.121s][debug][gc,phases,ref     ] GC(2505)         FinalRef (ms):            skipped
[110.121s][debug][gc,phases,ref     ] GC(2505)         Total (ms):               skipped
[110.121s][debug][gc,phases,ref     ] GC(2505)       Notify and keep alive finalizable: 0.0ms
[110.121s][debug][gc,phases,ref     ] GC(2505)         FinalRef (ms):            skipped
[110.121s][debug][gc,phases,ref     ] GC(2505)       Notify PhantomReferences: 0.0ms
[110.121s][debug][gc,phases,ref     ] GC(2505)         PhantomRef (ms):          skipped
[110.121s][debug][gc,phases,ref     ] GC(2505)       SoftReference:
[110.121s][debug][gc,phases,ref     ] GC(2505)         Discovered: 0
[110.121s][debug][gc,phases,ref     ] GC(2505)         Cleared: 0
[110.121s][debug][gc,phases,ref     ] GC(2505)       WeakReference:
[110.121s][debug][gc,phases,ref     ] GC(2505)         Discovered: 0
[110.121s][debug][gc,phases,ref     ] GC(2505)         Cleared: 0
[110.121s][debug][gc,phases,ref     ] GC(2505)       FinalReference:
[110.121s][debug][gc,phases,ref     ] GC(2505)         Discovered: 0
[110.121s][debug][gc,phases,ref     ] GC(2505)         Cleared: 0
[110.121s][debug][gc,phases,ref     ] GC(2505)       PhantomReference:
[110.121s][debug][gc,phases,ref     ] GC(2505)         Discovered: 0
[110.121s][debug][gc,phases,ref     ] GC(2505)         Cleared: 0
[110.121s][debug][gc,phases         ] GC(2505)     Weak Processing: 0.0ms
[110.121s][debug][gc,phases         ] GC(2505)       JVMTI weak processing: 0.0ms
[110.121s][debug][gc,phases         ] GC(2505)         Dead: 0
[110.121s][debug][gc,phases         ] GC(2505)         Total: 0
[110.121s][debug][gc,phases         ] GC(2505)       JFR weak processing: 0.0ms
[110.121s][debug][gc,phases         ] GC(2505)         Dead: 0
[110.121s][debug][gc,phases         ] GC(2505)         Total: 0
[110.121s][debug][gc,phases         ] GC(2505)       JNI weak                  Min:  0.0, Avg:  0.0, Max:  0.0, Diff:  0.0, Sum:  0.0, Workers: 5
[110.121s][debug][gc,phases         ] GC(2505)         Dead                      Min: 0, Avg:  0.0, Max: 0, Diff: 0, Sum: 0, Workers: 5
[110.121s][debug][gc,phases         ] GC(2505)         Total                     Min: 0, Avg: 20.4, Max: 62, Diff: 62, Sum: 102, Workers: 5
[110.121s][debug][gc,phases         ] GC(2505)       VM weak                   Min:  0.0, Avg:  0.0, Max:  0.0, Diff:  0.0, Sum:  0.0, Workers: 5
[110.121s][debug][gc,phases         ] GC(2505)         Dead                      Min: 0, Avg:  0.0, Max: 0, Diff: 0, Sum: 0, Workers: 5
[110.121s][debug][gc,phases         ] GC(2505)         Total                     Min: 0, Avg: 42.4, Max: 128, Diff: 128, Sum: 212, Workers: 5
[110.121s][debug][gc,phases         ] GC(2505)       StringTable weak          Min:  0.0, Avg:  0.0, Max:  0.0, Diff:  0.0, Sum:  0.1, Workers: 5
[110.121s][debug][gc,phases         ] GC(2505)         Dead                      Min: 0, Avg:  0.0, Max: 0, Diff: 0, Sum: 0, Workers: 5
[110.121s][debug][gc,phases         ] GC(2505)         Total                     Min: 640, Avg: 684.6, Max: 736, Diff: 96, Sum: 3423, Workers: 5
[110.121s][debug][gc,phases         ] GC(2505)       ResolvedMethodTable weak  Min:  0.0, Avg:  0.0, Max:  0.0, Diff:  0.0, Sum:  0.0, Workers: 5
[110.121s][debug][gc,phases         ] GC(2505)         Dead                      Min: 0, Avg:  0.0, Max: 0, Diff: 0, Sum: 0, Workers: 5
[110.121s][debug][gc,phases         ] GC(2505)         Total                     Min: 64, Avg: 114.6, Max: 128, Diff: 64, Sum: 573, Workers: 5
[110.121s][debug][gc,phases         ] GC(2505)     Merge Per-Thread State: 0.0ms
[110.121s][debug][gc,phases         ] GC(2505)       Copied Bytes              Min: 0, Avg: 300318.0, Max: 400600, Diff: 400600, Sum: 2402544, Workers: 8
[110.121s][debug][gc,phases         ] GC(2505)       LAB Waste                 Min: 0, Avg:  0.0, Max: 0, Diff: 0, Sum: 0, Workers: 8
[110.121s][debug][gc,phases         ] GC(2505)       LAB Undo Waste            Min: 0, Avg:  0.0, Max: 0, Diff: 0, Sum: 0, Workers: 8
[110.121s][debug][gc,phases         ] GC(2505)     Code Roots Purge: 0.0ms
[110.121s][debug][gc,phases         ] GC(2505)     Redirty Cards: 0.0ms
[110.121s][debug][gc,phases         ] GC(2505)     DerivedPointerTable Update: 0.0ms
[110.121s][debug][gc,phases         ] GC(2505)     Free Collection Set: 0.2ms
[110.121s][debug][gc,phases         ] GC(2505)     Rebuild Free List: 0.0ms
[110.121s][debug][gc,phases         ] GC(2505)     Humongous Reclaim: 0.0ms
[110.121s][debug][gc,phases         ] GC(2505)     Start New Collection Set: 0.0ms
[110.121s][debug][gc,phases         ] GC(2505)     Resize TLABs: 0.0ms
[110.121s][debug][gc,phases         ] GC(2505)     Expand Heap After Collection: 0.0ms
[110.121s][info ][gc,phases         ] GC(2505)   Other: 0.4ms
[110.121s][info ][gc,heap           ] GC(2505) Eden regions: 769->0(772)
[110.121s][info ][gc,heap           ] GC(2505) Survivor regions: 6->3(97)
[110.121s][info ][gc,heap           ] GC(2505) Old regions: 18->18
[110.121s][info ][gc,heap           ] GC(2505) Archive regions: 2->2
[110.121s][info ][gc,heap           ] GC(2505) Humongous regions: 0->0
[110.121s][info ][gc,metaspace      ] GC(2505) Metaspace: 10016K(10624K)->10016K(10624K) NonClass: 8864K(9216K)->8864K(9216K) Class: 1152K(1408K)->1152K(1408K)
[110.121s][debug][gc,heap           ] GC(2505) Heap after GC invocations=2506 (full 1): garbage-first heap   total 1324032K, used 21529K [0x0000000700000000, 0x0000000800000000)
[110.121s][debug][gc,heap           ] GC(2505)   region size 1024K, 3 young (3072K), 3 survivors (3072K)
[110.121s][debug][gc,heap           ] GC(2505)  Metaspace       used 10016K, capacity 10304K, committed 10624K, reserved 1058816K
[110.121s][debug][gc,heap           ] GC(2505)   class space    used 1152K, capacity 1266K, committed 1408K, reserved 1048576K
[110.121s][info ][gc                ] GC(2505) Pause Young (Normal) (G1 Evacuation Pause) 792M->21M(1293M) 2.225ms
[110.121s][info ][gc,cpu            ] GC(2505) User=0.00s Sys=0.00s Real=0.00s
[110.122s][info ][safepoint         ] Safepoint "G1CollectForAllocation", Time since last: 37687250 ns, Reaching safepoint: 158281 ns, At safepoint: 2466441 ns, Total: 2624722 ns
[110.159s][debug][gc,heap           ] GC(2506) Heap before GC invocations=2506 (full 1): garbage-first heap   total 1324032K, used 811033K [0x0000000700000000, 0x0000000800000000)
[110.159s][debug][gc,heap           ] GC(2506)   region size 1024K, 775 young (793600K), 3 survivors (3072K)
[110.159s][debug][gc,heap           ] GC(2506)  Metaspace       used 10016K, capacity 10304K, committed 10624K, reserved 1058816K
[110.159s][debug][gc,heap           ] GC(2506)   class space    used 1152K, capacity 1266K, committed 1408K, reserved 1048576K
[110.159s][info ][gc,start          ] GC(2506) Pause Young (Normal) (G1 Evacuation Pause)
[110.159s][info ][gc,task           ] GC(2506) Using 8 workers of 8 for evacuation
[110.159s][debug][gc,tlab           ] GC(2506) TLAB totals: thrds: 8  refills: 12 max: 2 slow allocs: 1537 max 203 waste: 36.8% gc: 1221208B max: 242240B slow: 42912B max: 13912B fast: 0B max: 0B
[110.159s][debug][gc,age            ] GC(2506) Desired survivor size 50855936 bytes, new threshold 15 (max threshold 15)
[110.159s][debug][gc,alloc,region   ] GC(2506) Mutator Allocation stats, regions: 772, wasted size: 180M (23.4%)
[110.160s][debug][gc,ergo           ] GC(2506) Running G1 Merge Heap Roots using 8 workers for 775 regions
[110.160s][debug][gc,remset         ] GC(2506) Visited cards 256 Total dirty 2048 (12.50%) Total old 3215360 (0.01%)
[110.160s][debug][gc,ergo           ] GC(2506) Running G1 Clear Card Table Task using 2 workers for 2 units of work for 776 regions.
[110.160s][debug][gc,ref            ] GC(2506) Skipped phase1 of Reference Processing due to unavailable references
[110.160s][debug][gc,ref            ] GC(2506) Skipped phase2 of Reference Processing due to unavailable references
[110.160s][debug][gc,ref            ] GC(2506) Skipped phase3 of Reference Processing due to unavailable references
[110.160s][debug][gc,ref            ] GC(2506) Skipped phase4 of Reference Processing due to unavailable references
[110.160s][debug][gc,ergo           ] GC(2506) Running G1 Free Collection Set using 8 workers for collection set length 775 (1293)
[110.160s][debug][gc,ergo           ] GC(2506) Running G1 Rebuild Free List Task using 8 workers for rebuilding free list of 0 (4096) regions
[110.161s][trace][gc,age            ] GC(2506) Age table with threshold 15 (max threshold 15)
[110.161s][trace][gc,age            ] GC(2506) - age   1:    3202568 bytes,    3202568 total
[110.161s][debug][gc,plab           ] GC(2506) Young PLAB allocation: allocated: 16512B, wasted: 0B, unused: 14064B, used: 2448B, undo waste: 0B, 
[110.161s][debug][gc,plab           ] GC(2506) Young other allocation: region end waste: 731184B, regions filled: 4, direct allocated: 3200120B, failure used: 0B, failure wasted: 0B
[110.161s][debug][gc,plab           ] GC(2506) Young sizing: calculated: 0B, actual: 2064B
[110.161s][debug][gc,plab           ] GC(2506) Old PLAB allocation: allocated: 0B, wasted: 0B, unused: 0B, used: 0B, undo waste: 0B, 
[110.161s][debug][gc,plab           ] GC(2506) Old other allocation: region end waste: 0B, regions filled: 1, direct allocated: 0B, failure used: 0B, failure wasted: 0B
[110.161s][debug][gc,plab           ] GC(2506) Old sizing: calculated: 0B, actual: 2064B
[110.161s][debug][gc,ihop           ] GC(2506) Basic information (value update), threshold: 610113945B (45.00), target occupancy: 1355808768B, current occupancy: 23095080B, recent allocation size: 0B, recent allocation duration: 38.75ms, recent old gen allocation rate: 0.00B/s, recent marking phase length: 30.68ms
[110.161s][debug][gc,ihop           ] GC(2506) Adaptive IHOP information (value update), threshold: 610113945B (47.37), internal target occupancy: 1288018329B, occupancy: 23095080B, additional buffer size: 812646400B, predicted old gen allocation rate: 72.23B/s, predicted marking phase length: 61.36ms, prediction active: false
[110.161s][debug][gc,ergo,refine    ] GC(2506) Concurrent refinement times: Logged Cards Scan time goal: 20.00ms Logged Cards Scan time: 0.00ms HCC time: 0.00ms
[110.161s][debug][gc,ergo,refine    ] GC(2506) Updated Refinement Zones: green: 2048, yellow: 6144, red: 10240
[110.161s][info ][gc,phases         ] GC(2506)   Pre Evacuate Collection Set: 0.1ms
[110.161s][debug][gc,phases         ] GC(2506)     Prepare TLABs: 0.0ms
[110.161s][debug][gc,phases         ] GC(2506)     Choose Collection Set: 0.0ms
[110.161s][debug][gc,phases         ] GC(2506)     Region Register: 0.1ms
[110.161s][debug][gc,phases         ] GC(2506)     Prepare Heap Roots: 0.0ms
[110.161s][info ][gc,phases         ] GC(2506)   Merge Heap Roots: 0.1ms
[110.161s][debug][gc,phases         ] GC(2506)     Prepare Merge Heap Roots: 0.0ms
[110.161s][debug][gc,phases         ] GC(2506)     Eager Reclaim (ms):       skipped
[110.161s][debug][gc,phases         ] GC(2506)     Remembered Sets (ms):     Min:  0.0, Avg:  0.0, Max:  0.1, Diff:  0.0, Sum:  0.3, Workers: 8
[110.161s][debug][gc,phases         ] GC(2506)       Merged Sparse:            Min: 0, Avg:  0.0, Max: 0, Diff: 0, Sum: 0, Workers: 8
[110.161s][debug][gc,phases         ] GC(2506)       Merged Fine:              Min: 0, Avg:  0.0, Max: 0, Diff: 0, Sum: 0, Workers: 8
[110.161s][debug][gc,phases         ] GC(2506)       Merged Coarse:            Min: 0, Avg:  0.0, Max: 0, Diff: 0, Sum: 0, Workers: 8
[110.161s][debug][gc,phases         ] GC(2506)       Dirty Cards:              Min: 0, Avg:  0.0, Max: 0, Diff: 0, Sum: 0, Workers: 8
[110.161s][debug][gc,phases         ] GC(2506)     Hot Card Cache (ms):      Min:  0.0, Avg:  0.0, Max:  0.0, Diff:  0.0, Sum:  0.0, Workers: 8
[110.161s][debug][gc,phases         ] GC(2506)       Dirty Cards:              Min: 0, Avg:  0.0, Max: 0, Diff: 0, Sum: 0, Workers: 8
[110.161s][debug][gc,phases         ] GC(2506)       Skipped Cards:            Min: 0, Avg:  0.0, Max: 0, Diff: 0, Sum: 0, Workers: 8
[110.161s][debug][gc,phases         ] GC(2506)     Log Buffers (ms):         Min:  0.0, Avg:  0.0, Max:  0.0, Diff:  0.0, Sum:  0.0, Workers: 8
[110.161s][debug][gc,phases         ] GC(2506)       Dirty Cards:              Min: 0, Avg:  0.1, Max: 1, Diff: 1, Sum: 1, Workers: 8
[110.161s][debug][gc,phases         ] GC(2506)       Skipped Cards:            Min: 0, Avg:  0.0, Max: 0, Diff: 0, Sum: 0, Workers: 8
[110.161s][info ][gc,phases         ] GC(2506)   Evacuate Collection Set: 0.4ms
[110.161s][debug][gc,phases         ] GC(2506)     Ext Root Scanning (ms):   Min:  0.2, Avg:  0.2, Max:  0.3, Diff:  0.1, Sum:  1.8, Workers: 8
[110.161s][debug][gc,phases         ] GC(2506)     Scan Heap Roots (ms):     Min:  0.0, Avg:  0.0, Max:  0.0, Diff:  0.0, Sum:  0.0, Workers: 8
[110.161s][debug][gc,phases         ] GC(2506)       Scanned Cards:            Min: 0, Avg:  0.1, Max: 1, Diff: 1, Sum: 1, Workers: 8
[110.161s][debug][gc,phases         ] GC(2506)       Scanned Blocks:           Min: 0, Avg:  0.1, Max: 1, Diff: 1, Sum: 1, Workers: 8
[110.161s][debug][gc,phases         ] GC(2506)       Claimed Chunks:           Min: 0, Avg:  0.1, Max: 1, Diff: 1, Sum: 1, Workers: 8
[110.161s][debug][gc,phases         ] GC(2506)     Code Root Scan (ms):      Min:  0.0, Avg:  0.0, Max:  0.0, Diff:  0.0, Sum:  0.1, Workers: 8
[110.161s][debug][gc,phases         ] GC(2506)     Object Copy (ms):         Min:  0.0, Avg:  0.0, Max:  0.0, Diff:  0.0, Sum:  0.0, Workers: 8
[110.161s][debug][gc,phases         ] GC(2506)     Termination (ms):         Min:  0.0, Avg:  0.1, Max:  0.1, Diff:  0.0, Sum:  0.4, Workers: 8
[110.161s][debug][gc,phases         ] GC(2506)       Termination Attempts:     Min: 1, Avg:  1.0, Max: 1, Diff: 0, Sum: 8, Workers: 8
[110.161s][debug][gc,phases         ] GC(2506)     GC Worker Other (ms):     Min:  0.0, Avg:  0.0, Max:  0.1, Diff:  0.0, Sum:  0.4, Workers: 8
[110.161s][debug][gc,phases         ] GC(2506)     GC Worker Total (ms):     Min:  0.3, Avg:  0.3, Max:  0.4, Diff:  0.0, Sum:  2.8, Workers: 8
[110.161s][info ][gc,phases         ] GC(2506)   Post Evacuate Collection Set: 0.5ms
[110.161s][debug][gc,phases         ] GC(2506)     Code Roots Fixup: 0.0ms
[110.161s][debug][gc,phases         ] GC(2506)     Clear Card Table: 0.1ms
[110.161s][debug][gc,phases         ] GC(2506)     Reference Processing: 0.0ms
[110.161s][debug][gc,phases,ref     ] GC(2506)       Reconsider SoftReferences: 0.0ms
[110.161s][debug][gc,phases,ref     ] GC(2506)         SoftRef (ms):             skipped
[110.161s][debug][gc,phases,ref     ] GC(2506)       Notify Soft/WeakReferences: 0.0ms
[110.161s][debug][gc,phases,ref     ] GC(2506)         SoftRef (ms):             skipped
[110.161s][debug][gc,phases,ref     ] GC(2506)         WeakRef (ms):             skipped
[110.161s][debug][gc,phases,ref     ] GC(2506)         FinalRef (ms):            skipped
[110.161s][debug][gc,phases,ref     ] GC(2506)         Total (ms):               skipped
[110.161s][debug][gc,phases,ref     ] GC(2506)       Notify and keep alive finalizable: 0.0ms
[110.161s][debug][gc,phases,ref     ] GC(2506)         FinalRef (ms):            skipped
[110.161s][debug][gc,phases,ref     ] GC(2506)       Notify PhantomReferences: 0.0ms
[110.161s][debug][gc,phases,ref     ] GC(2506)         PhantomRef (ms):          skipped
[110.161s][debug][gc,phases,ref     ] GC(2506)       SoftReference:
[110.161s][debug][gc,phases,ref     ] GC(2506)         Discovered: 0
[110.161s][debug][gc,phases,ref     ] GC(2506)         Cleared: 0
[110.161s][debug][gc,phases,ref     ] GC(2506)       WeakReference:
[110.161s][debug][gc,phases,ref     ] GC(2506)         Discovered: 0
[110.161s][debug][gc,phases,ref     ] GC(2506)         Cleared: 0
[110.161s][debug][gc,phases,ref     ] GC(2506)       FinalReference:
[110.161s][debug][gc,phases,ref     ] GC(2506)         Discovered: 0
[110.161s][debug][gc,phases,ref     ] GC(2506)         Cleared: 0
[110.161s][debug][gc,phases,ref     ] GC(2506)       PhantomReference:
[110.161s][debug][gc,phases,ref     ] GC(2506)         Discovered: 0
[110.161s][debug][gc,phases,ref     ] GC(2506)         Cleared: 0
[110.161s][debug][gc,phases         ] GC(2506)     Weak Processing: 0.0ms
[110.161s][debug][gc,phases         ] GC(2506)       JVMTI weak processing: 0.0ms
[110.161s][debug][gc,phases         ] GC(2506)         Dead: 0
[110.161s][debug][gc,phases         ] GC(2506)         Total: 0
[110.161s][debug][gc,phases         ] GC(2506)       JFR weak processing: 0.0ms
[110.161s][debug][gc,phases         ] GC(2506)         Dead: 0
[110.161s][debug][gc,phases         ] GC(2506)         Total: 0
[110.161s][debug][gc,phases         ] GC(2506)       JNI weak                  Min:  0.0, Avg:  0.0, Max:  0.0, Diff:  0.0, Sum:  0.0, Workers: 5
[110.161s][debug][gc,phases         ] GC(2506)         Dead                      Min: 0, Avg:  0.0, Max: 0, Diff: 0, Sum: 0, Workers: 5
[110.161s][debug][gc,phases         ] GC(2506)         Total                     Min: 0, Avg: 20.4, Max: 62, Diff: 62, Sum: 102, Workers: 5
[110.161s][debug][gc,phases         ] GC(2506)       VM weak                   Min:  0.0, Avg:  0.0, Max:  0.0, Diff:  0.0, Sum:  0.0, Workers: 5
[110.161s][debug][gc,phases         ] GC(2506)         Dead                      Min: 0, Avg:  0.0, Max: 0, Diff: 0, Sum: 0, Workers: 5
[110.161s][debug][gc,phases         ] GC(2506)         Total                     Min: 0, Avg: 42.4, Max: 128, Diff: 128, Sum: 212, Workers: 5
[110.161s][debug][gc,phases         ] GC(2506)       StringTable weak          Min:  0.0, Avg:  0.0, Max:  0.0, Diff:  0.0, Sum:  0.1, Workers: 5
[110.161s][debug][gc,phases         ] GC(2506)         Dead                      Min: 0, Avg:  0.0, Max: 0, Diff: 0, Sum: 0, Workers: 5
[110.161s][debug][gc,phases         ] GC(2506)         Total                     Min: 0, Avg: 684.6, Max: 1088, Diff: 1088, Sum: 3423, Workers: 5
[110.161s][debug][gc,phases         ] GC(2506)       ResolvedMethodTable weak  Min:  0.0, Avg:  0.0, Max:  0.0, Diff:  0.0, Sum:  0.0, Workers: 5
[110.161s][debug][gc,phases         ] GC(2506)         Dead                      Min: 0, Avg:  0.0, Max: 0, Diff: 0, Sum: 0, Workers: 5
[110.161s][debug][gc,phases         ] GC(2506)         Total                     Min: 0, Avg: 114.6, Max: 189, Diff: 189, Sum: 573, Workers: 5
[110.161s][debug][gc,phases         ] GC(2506)     Merge Per-Thread State: 0.0ms
[110.161s][debug][gc,phases         ] GC(2506)       Copied Bytes              Min: 664, Avg: 400321.0, Max: 800096, Diff: 799432, Sum: 3202568, Workers: 8
[110.161s][debug][gc,phases         ] GC(2506)       LAB Waste                 Min: 0, Avg:  0.0, Max: 0, Diff: 0, Sum: 0, Workers: 8
[110.161s][debug][gc,phases         ] GC(2506)       LAB Undo Waste            Min: 0, Avg:  0.0, Max: 0, Diff: 0, Sum: 0, Workers: 8
[110.161s][debug][gc,phases         ] GC(2506)     Code Roots Purge: 0.0ms
[110.161s][debug][gc,phases         ] GC(2506)     Redirty Cards: 0.0ms
[110.161s][debug][gc,phases         ] GC(2506)     DerivedPointerTable Update: 0.0ms
[110.161s][debug][gc,phases         ] GC(2506)     Free Collection Set: 0.2ms
[110.161s][debug][gc,phases         ] GC(2506)     Rebuild Free List: 0.1ms
[110.161s][debug][gc,phases         ] GC(2506)     Humongous Reclaim: 0.0ms
[110.161s][debug][gc,phases         ] GC(2506)     Start New Collection Set: 0.0ms
[110.161s][debug][gc,phases         ] GC(2506)     Resize TLABs: 0.0ms
[110.161s][debug][gc,phases         ] GC(2506)     Expand Heap After Collection: 0.0ms
[110.161s][info ][gc,phases         ] GC(2506)   Other: 0.3ms
[110.161s][info ][gc,heap           ] GC(2506) Eden regions: 772->0(771)
[110.161s][info ][gc,heap           ] GC(2506) Survivor regions: 3->4(97)
[110.161s][info ][gc,heap           ] GC(2506) Old regions: 18->18
[110.161s][info ][gc,heap           ] GC(2506) Archive regions: 2->2
[110.161s][info ][gc,heap           ] GC(2506) Humongous regions: 0->0
[110.161s][info ][gc,metaspace      ] GC(2506) Metaspace: 10016K(10624K)->10016K(10624K) NonClass: 8864K(9216K)->8864K(9216K) Class: 1152K(1408K)->1152K(1408K)
[110.161s][debug][gc,heap           ] GC(2506) Heap after GC invocations=2507 (full 1): garbage-first heap   total 1324032K, used 22553K [0x0000000700000000, 0x0000000800000000)
[110.161s][debug][gc,heap           ] GC(2506)   region size 1024K, 4 young (4096K), 4 survivors (4096K)
[110.161s][debug][gc,heap           ] GC(2506)  Metaspace       used 10016K, capacity 10304K, committed 10624K, reserved 1058816K
[110.161s][debug][gc,heap           ] GC(2506)   class space    used 1152K, capacity 1266K, committed 1408K, reserved 1048576K
[110.161s][info ][gc                ] GC(2506) Pause Young (Normal) (G1 Evacuation Pause) 792M->22M(1293M) 1.970ms
[110.161s][info ][gc,cpu            ] GC(2506) User=0.00s Sys=0.00s Real=0.00s
[110.161s][info ][safepoint         ] Safepoint "G1CollectForAllocation", Time since last: 37521164 ns, Reaching safepoint: 115311 ns, At safepoint: 2178440 ns, Total: 2293751 ns
[110.199s][debug][gc,heap           ] GC(2507) Heap before GC invocations=2507 (full 1): garbage-first heap   total 1324032K, used 811033K [0x0000000700000000, 0x0000000800000000)
[110.199s][debug][gc,heap           ] GC(2507)   region size 1024K, 775 young (793600K), 4 survivors (4096K)
[110.199s][debug][gc,heap           ] GC(2507)  Metaspace       used 10016K, capacity 10304K, committed 10624K, reserved 1058816K
[110.199s][debug][gc,heap           ] GC(2507)   class space    used 1152K, capacity 1266K, committed 1408K, reserved 1048576K
[110.200s][info ][gc,start          ] GC(2507) Pause Young (Normal) (G1 Evacuation Pause)
[110.200s][info ][gc,task           ] GC(2507) Using 8 workers of 8 for evacuation
[110.200s][debug][gc,tlab           ] GC(2507) TLAB totals: thrds: 8  refills: 11 max: 3 slow allocs: 1539 max 232 waste: 31.8% gc: 986528B max: 239712B slow: 29008B max: 15096B fast: 0B max: 0B
[110.200s][debug][gc,age            ] GC(2507) Desired survivor size 50855936 bytes, new threshold 15 (max threshold 15)
[110.200s][debug][gc,alloc,region   ] GC(2507) Mutator Allocation stats, regions: 771, wasted size: 180M (23.4%)
[110.200s][debug][gc,ergo           ] GC(2507) Running G1 Merge Heap Roots using 8 workers for 775 regions
[110.200s][debug][gc,remset         ] GC(2507) Visited cards 256 Total dirty 2048 (12.50%) Total old 3215360 (0.01%)
[110.200s][debug][gc,ergo           ] GC(2507) Running G1 Clear Card Table Task using 2 workers for 2 units of work for 776 regions.
[110.201s][debug][gc,ref            ] GC(2507) Skipped phase1 of Reference Processing due to unavailable references
[110.201s][debug][gc,ref            ] GC(2507) Skipped phase2 of Reference Processing due to unavailable references
[110.201s][debug][gc,ref            ] GC(2507) Skipped phase3 of Reference Processing due to unavailable references
[110.201s][debug][gc,ref            ] GC(2507) Skipped phase4 of Reference Processing due to unavailable references
[110.201s][debug][gc,ergo           ] GC(2507) Running G1 Free Collection Set using 8 workers for collection set length 775 (1293)
[110.201s][debug][gc,ergo           ] GC(2507) Running G1 Rebuild Free List Task using 8 workers for rebuilding free list of 0 (4096) regions
[110.201s][trace][gc,age            ] GC(2507) Age table with threshold 15 (max threshold 15)
[110.201s][trace][gc,age            ] GC(2507) - age   1:    3202560 bytes,    3202560 total
[110.201s][debug][gc,plab           ] GC(2507) Young PLAB allocation: allocated: 16512B, wasted: 0B, unused: 14064B, used: 2448B, undo waste: 0B, 
[110.201s][debug][gc,plab           ] GC(2507) Young other allocation: region end waste: 733248B, regions filled: 4, direct allocated: 3200112B, failure used: 0B, failure wasted: 0B
[110.201s][debug][gc,plab           ] GC(2507) Young sizing: calculated: 0B, actual: 2064B
[110.201s][debug][gc,plab           ] GC(2507) Old PLAB allocation: allocated: 0B, wasted: 0B, unused: 0B, used: 0B, undo waste: 0B, 
[110.201s][debug][gc,plab           ] GC(2507) Old other allocation: region end waste: 0B, regions filled: 1, direct allocated: 0B, failure used: 0B, failure wasted: 0B
[110.201s][debug][gc,plab           ] GC(2507) Old sizing: calculated: 0B, actual: 2064B
[110.201s][debug][gc,ihop           ] GC(2507) Basic information (value update), threshold: 610113945B (45.00), target occupancy: 1355808768B, current occupancy: 23097136B, recent allocation size: 0B, recent allocation duration: 38.98ms, recent old gen allocation rate: 0.00B/s, recent marking phase length: 30.68ms
[110.201s][debug][gc,ihop           ] GC(2507) Adaptive IHOP information (value update), threshold: 610113945B (47.37), internal target occupancy: 1288018329B, occupancy: 23097136B, additional buffer size: 812646400B, predicted old gen allocation rate: 70.40B/s, predicted marking phase length: 61.36ms, prediction active: false
[110.201s][debug][gc,ergo,refine    ] GC(2507) Concurrent refinement times: Logged Cards Scan time goal: 20.00ms Logged Cards Scan time: 0.00ms HCC time: 0.00ms
[110.201s][debug][gc,ergo,refine    ] GC(2507) Updated Refinement Zones: green: 2048, yellow: 6144, red: 10240
[110.201s][info ][gc,phases         ] GC(2507)   Pre Evacuate Collection Set: 0.1ms
[110.201s][debug][gc,phases         ] GC(2507)     Prepare TLABs: 0.0ms
[110.201s][debug][gc,phases         ] GC(2507)     Choose Collection Set: 0.0ms
[110.201s][debug][gc,phases         ] GC(2507)     Region Register: 0.1ms
[110.201s][debug][gc,phases         ] GC(2507)     Prepare Heap Roots: 0.0ms
[110.201s][info ][gc,phases         ] GC(2507)   Merge Heap Roots: 0.2ms
[110.201s][debug][gc,phases         ] GC(2507)     Prepare Merge Heap Roots: 0.0ms
[110.201s][debug][gc,phases         ] GC(2507)     Eager Reclaim (ms):       skipped
[110.201s][debug][gc,phases         ] GC(2507)     Remembered Sets (ms):     Min:  0.0, Avg:  0.0, Max:  0.0, Diff:  0.0, Sum:  0.2, Workers: 8
[110.201s][debug][gc,phases         ] GC(2507)       Merged Sparse:            Min: 0, Avg:  0.0, Max: 0, Diff: 0, Sum: 0, Workers: 8
[110.201s][debug][gc,phases         ] GC(2507)       Merged Fine:              Min: 0, Avg:  0.0, Max: 0, Diff: 0, Sum: 0, Workers: 8
[110.201s][debug][gc,phases         ] GC(2507)       Merged Coarse:            Min: 0, Avg:  0.0, Max: 0, Diff: 0, Sum: 0, Workers: 8
[110.201s][debug][gc,phases         ] GC(2507)       Dirty Cards:              Min: 0, Avg:  0.0, Max: 0, Diff: 0, Sum: 0, Workers: 8
[110.201s][debug][gc,phases         ] GC(2507)     Hot Card Cache (ms):      Min:  0.0, Avg:  0.0, Max:  0.0, Diff:  0.0, Sum:  0.0, Workers: 8
[110.201s][debug][gc,phases         ] GC(2507)       Dirty Cards:              Min: 0, Avg:  0.0, Max: 0, Diff: 0, Sum: 0, Workers: 8
[110.201s][debug][gc,phases         ] GC(2507)       Skipped Cards:            Min: 0, Avg:  0.0, Max: 0, Diff: 0, Sum: 0, Workers: 8
[110.201s][debug][gc,phases         ] GC(2507)     Log Buffers (ms):         Min:  0.0, Avg:  0.0, Max:  0.0, Diff:  0.0, Sum:  0.0, Workers: 8
[110.201s][debug][gc,phases         ] GC(2507)       Dirty Cards:              Min: 0, Avg:  0.1, Max: 1, Diff: 1, Sum: 1, Workers: 8
[110.201s][debug][gc,phases         ] GC(2507)       Skipped Cards:            Min: 0, Avg:  0.0, Max: 0, Diff: 0, Sum: 0, Workers: 8
[110.201s][info ][gc,phases         ] GC(2507)   Evacuate Collection Set: 0.5ms
[110.201s][debug][gc,phases         ] GC(2507)     Ext Root Scanning (ms):   Min:  0.1, Avg:  0.2, Max:  0.3, Diff:  0.3, Sum:  1.8, Workers: 8
[110.201s][debug][gc,phases         ] GC(2507)     Scan Heap Roots (ms):     Min:  0.0, Avg:  0.0, Max:  0.0, Diff:  0.0, Sum:  0.0, Workers: 8
[110.201s][debug][gc,phases         ] GC(2507)       Scanned Cards:            Min: 0, Avg:  0.1, Max: 1, Diff: 1, Sum: 1, Workers: 8
[110.201s][debug][gc,phases         ] GC(2507)       Scanned Blocks:           Min: 0, Avg:  0.1, Max: 1, Diff: 1, Sum: 1, Workers: 8
[110.201s][debug][gc,phases         ] GC(2507)       Claimed Chunks:           Min: 0, Avg:  0.1, Max: 1, Diff: 1, Sum: 1, Workers: 8
[110.201s][debug][gc,phases         ] GC(2507)     Code Root Scan (ms):      Min:  0.0, Avg:  0.0, Max:  0.1, Diff:  0.1, Sum:  0.1, Workers: 8
[110.201s][debug][gc,phases         ] GC(2507)     Object Copy (ms):         Min:  0.0, Avg:  0.0, Max:  0.0, Diff:  0.0, Sum:  0.0, Workers: 8
[110.201s][debug][gc,phases         ] GC(2507)     Termination (ms):         Min:  0.0, Avg:  0.1, Max:  0.1, Diff:  0.1, Sum:  0.6, Workers: 8
[110.201s][debug][gc,phases         ] GC(2507)       Termination Attempts:     Min: 1, Avg:  1.2, Max: 2, Diff: 1, Sum: 10, Workers: 8
[110.201s][debug][gc,phases         ] GC(2507)     GC Worker Other (ms):     Min:  0.0, Avg:  0.0, Max:  0.1, Diff:  0.1, Sum:  0.3, Workers: 8
[110.201s][debug][gc,phases         ] GC(2507)     GC Worker Total (ms):     Min:  0.3, Avg:  0.4, Max:  0.4, Diff:  0.1, Sum:  3.0, Workers: 8
[110.201s][info ][gc,phases         ] GC(2507)   Post Evacuate Collection Set: 0.6ms
[110.201s][debug][gc,phases         ] GC(2507)     Code Roots Fixup: 0.0ms
[110.201s][debug][gc,phases         ] GC(2507)     Clear Card Table: 0.2ms
[110.201s][debug][gc,phases         ] GC(2507)     Reference Processing: 0.0ms
[110.201s][debug][gc,phases,ref     ] GC(2507)       Reconsider SoftReferences: 0.0ms
[110.201s][debug][gc,phases,ref     ] GC(2507)         SoftRef (ms):             skipped
[110.201s][debug][gc,phases,ref     ] GC(2507)       Notify Soft/WeakReferences: 0.0ms
[110.201s][debug][gc,phases,ref     ] GC(2507)         SoftRef (ms):             skipped
[110.201s][debug][gc,phases,ref     ] GC(2507)         WeakRef (ms):             skipped
[110.201s][debug][gc,phases,ref     ] GC(2507)         FinalRef (ms):            skipped
[110.201s][debug][gc,phases,ref     ] GC(2507)         Total (ms):               skipped
[110.201s][debug][gc,phases,ref     ] GC(2507)       Notify and keep alive finalizable: 0.0ms
[110.201s][debug][gc,phases,ref     ] GC(2507)         FinalRef (ms):            skipped
[110.201s][debug][gc,phases,ref     ] GC(2507)       Notify PhantomReferences: 0.0ms
[110.201s][debug][gc,phases,ref     ] GC(2507)         PhantomRef (ms):          skipped
[110.201s][debug][gc,phases,ref     ] GC(2507)       SoftReference:
[110.201s][debug][gc,phases,ref     ] GC(2507)         Discovered: 0
[110.201s][debug][gc,phases,ref     ] GC(2507)         Cleared: 0
[110.201s][debug][gc,phases,ref     ] GC(2507)       WeakReference:
[110.201s][debug][gc,phases,ref     ] GC(2507)         Discovered: 0
[110.201s][debug][gc,phases,ref     ] GC(2507)         Cleared: 0
[110.201s][debug][gc,phases,ref     ] GC(2507)       FinalReference:
[110.201s][debug][gc,phases,ref     ] GC(2507)         Discovered: 0
[110.201s][debug][gc,phases,ref     ] GC(2507)         Cleared: 0
[110.201s][debug][gc,phases,ref     ] GC(2507)       PhantomReference:
[110.201s][debug][gc,phases,ref     ] GC(2507)         Discovered: 0
[110.201s][debug][gc,phases,ref     ] GC(2507)         Cleared: 0
[110.201s][debug][gc,phases         ] GC(2507)     Weak Processing: 0.1ms
[110.202s][debug][gc,phases         ] GC(2507)       JVMTI weak processing: 0.0ms
[110.202s][debug][gc,phases         ] GC(2507)         Dead: 0
[110.202s][debug][gc,phases         ] GC(2507)         Total: 0
[110.202s][debug][gc,phases         ] GC(2507)       JFR weak processing: 0.0ms
[110.202s][debug][gc,phases         ] GC(2507)         Dead: 0
[110.202s][debug][gc,phases         ] GC(2507)         Total: 0
[110.202s][debug][gc,phases         ] GC(2507)       JNI weak                  Min:  0.0, Avg:  0.0, Max:  0.0, Diff:  0.0, Sum:  0.0, Workers: 5
[110.202s][debug][gc,phases         ] GC(2507)         Dead                      Min: 0, Avg:  0.0, Max: 0, Diff: 0, Sum: 0, Workers: 5
[110.202s][debug][gc,phases         ] GC(2507)         Total                     Min: 0, Avg: 20.4, Max: 102, Diff: 102, Sum: 102, Workers: 5
[110.202s][debug][gc,phases         ] GC(2507)       VM weak                   Min:  0.0, Avg:  0.0, Max:  0.0, Diff:  0.0, Sum:  0.0, Workers: 5
[110.202s][debug][gc,phases         ] GC(2507)         Dead                      Min: 0, Avg:  0.0, Max: 0, Diff: 0, Sum: 0, Workers: 5
[110.202s][debug][gc,phases         ] GC(2507)         Total                     Min: 0, Avg: 42.4, Max: 212, Diff: 212, Sum: 212, Workers: 5
[110.202s][debug][gc,phases         ] GC(2507)       StringTable weak          Min:  0.0, Avg:  0.0, Max:  0.0, Diff:  0.0, Sum:  0.1, Workers: 5
[110.202s][debug][gc,phases         ] GC(2507)         Dead                      Min: 0, Avg:  0.0, Max: 0, Diff: 0, Sum: 0, Workers: 5
[110.202s][debug][gc,phases         ] GC(2507)         Total                     Min: 160, Avg: 684.6, Max: 2688, Diff: 2528, Sum: 3423, Workers: 5
[110.202s][debug][gc,phases         ] GC(2507)       ResolvedMethodTable weak  Min:  0.0, Avg:  0.0, Max:  0.0, Diff:  0.0, Sum:  0.0, Workers: 5
[110.202s][debug][gc,phases         ] GC(2507)         Dead                      Min: 0, Avg:  0.0, Max: 0, Diff: 0, Sum: 0, Workers: 5
[110.202s][debug][gc,phases         ] GC(2507)         Total                     Min: 64, Avg: 114.6, Max: 128, Diff: 64, Sum: 573, Workers: 5
[110.202s][debug][gc,phases         ] GC(2507)     Merge Per-Thread State: 0.0ms
[110.202s][debug][gc,phases         ] GC(2507)       Copied Bytes              Min: 520, Avg: 400320.0, Max: 800096, Diff: 799576, Sum: 3202560, Workers: 8
[110.202s][debug][gc,phases         ] GC(2507)       LAB Waste                 Min: 0, Avg:  0.0, Max: 0, Diff: 0, Sum: 0, Workers: 8
[110.202s][debug][gc,phases         ] GC(2507)       LAB Undo Waste            Min: 0, Avg:  0.0, Max: 0, Diff: 0, Sum: 0, Workers: 8
[110.202s][debug][gc,phases         ] GC(2507)     Code Roots Purge: 0.0ms
[110.202s][debug][gc,phases         ] GC(2507)     Redirty Cards: 0.0ms
[110.202s][debug][gc,phases         ] GC(2507)     DerivedPointerTable Update: 0.0ms
[110.202s][debug][gc,phases         ] GC(2507)     Free Collection Set: 0.2ms
[110.202s][debug][gc,phases         ] GC(2507)     Rebuild Free List: 0.1ms
[110.202s][debug][gc,phases         ] GC(2507)     Humongous Reclaim: 0.0ms
[110.202s][debug][gc,phases         ] GC(2507)     Start New Collection Set: 0.0ms
[110.202s][debug][gc,phases         ] GC(2507)     Resize TLABs: 0.0ms
[110.202s][debug][gc,phases         ] GC(2507)     Expand Heap After Collection: 0.0ms
[110.202s][info ][gc,phases         ] GC(2507)   Other: 0.3ms
[110.202s][info ][gc,heap           ] GC(2507) Eden regions: 771->0(771)
[110.202s][info ][gc,heap           ] GC(2507) Survivor regions: 4->4(97)
[110.202s][info ][gc,heap           ] GC(2507) Old regions: 18->18
[110.202s][info ][gc,heap           ] GC(2507) Archive regions: 2->2
[110.202s][info ][gc,heap           ] GC(2507) Humongous regions: 0->0
[110.202s][info ][gc,metaspace      ] GC(2507) Metaspace: 10016K(10624K)->10016K(10624K) NonClass: 8864K(9216K)->8864K(9216K) Class: 1152K(1408K)->1152K(1408K)
[110.202s][debug][gc,heap           ] GC(2507) Heap after GC invocations=2508 (full 1): garbage-first heap   total 1324032K, used 22555K [0x0000000700000000, 0x0000000800000000)
[110.202s][debug][gc,heap           ] GC(2507)   region size 1024K, 4 young (4096K), 4 survivors (4096K)
[110.202s][debug][gc,heap           ] GC(2507)  Metaspace       used 10016K, capacity 10304K, committed 10624K, reserved 1058816K
[110.202s][debug][gc,heap           ] GC(2507)   class space    used 1152K, capacity 1266K, committed 1408K, reserved 1048576K
[110.202s][info ][gc                ] GC(2507) Pause Young (Normal) (G1 Evacuation Pause) 792M->22M(1293M) 2.289ms
[110.202s][info ][gc,cpu            ] GC(2507) User=0.01s Sys=0.00s Real=0.00s
[110.202s][info ][safepoint         ] Safepoint "G1CollectForAllocation", Time since last: 37895271 ns, Reaching safepoint: 144113 ns, At safepoint: 2463603 ns, Total: 2607716 ns
[110.240s][debug][gc,heap           ] GC(2508) Heap before GC invocations=2508 (full 1): garbage-first heap   total 1324032K, used 811035K [0x0000000700000000, 0x0000000800000000)
[110.240s][debug][gc,heap           ] GC(2508)   region size 1024K, 775 young (793600K), 4 survivors (4096K)
[110.240s][debug][gc,heap           ] GC(2508)  Metaspace       used 10016K, capacity 10304K, committed 10624K, reserved 1058816K
[110.240s][debug][gc,heap           ] GC(2508)   class space    used 1152K, capacity 1266K, committed 1408K, reserved 1048576K
[110.240s][info ][gc,start          ] GC(2508) Pause Young (Normal) (G1 Evacuation Pause)
[110.240s][info ][gc,task           ] GC(2508) Using 8 workers of 8 for evacuation
[110.240s][debug][gc,tlab           ] GC(2508) TLAB totals: thrds: 8  refills: 9 max: 2 slow allocs: 1537 max 244 waste: 26.1% gc: 752976B max: 152088B slow: 13440B max: 13440B fast: 0B max: 0B
[110.240s][debug][gc,age            ] GC(2508) Desired survivor size 50855936 bytes, new threshold 15 (max threshold 15)
[110.240s][debug][gc,alloc,region   ] GC(2508) Mutator Allocation stats, regions: 771, wasted size: 180M (23.5%)
[110.240s][debug][gc,ergo           ] GC(2508) Running G1 Merge Heap Roots using 8 workers for 775 regions
[110.240s][debug][gc,remset         ] GC(2508) Visited cards 512 Total dirty 4096 (12.50%) Total old 3215360 (0.02%)
[110.240s][debug][gc,ergo           ] GC(2508) Running G1 Clear Card Table Task using 2 workers for 2 units of work for 777 regions.
[110.241s][debug][gc,ref            ] GC(2508) Skipped phase1 of Reference Processing due to unavailable references
[110.241s][debug][gc,ref            ] GC(2508) Skipped phase2 of Reference Processing due to unavailable references
[110.241s][debug][gc,ref            ] GC(2508) Skipped phase3 of Reference Processing due to unavailable references
[110.241s][debug][gc,ref            ] GC(2508) Skipped phase4 of Reference Processing due to unavailable references
[110.241s][debug][gc,ergo           ] GC(2508) Running G1 Free Collection Set using 8 workers for collection set length 775 (1293)
[110.241s][debug][gc,ergo           ] GC(2508) Running G1 Rebuild Free List Task using 8 workers for rebuilding free list of 0 (4096) regions
[110.241s][trace][gc,age            ] GC(2508) Age table with threshold 15 (max threshold 15)
[110.241s][trace][gc,age            ] GC(2508) - age   1:    3202496 bytes,    3202496 total
[110.241s][debug][gc,plab           ] GC(2508) Young PLAB allocation: allocated: 14448B, wasted: 0B, unused: 12064B, used: 2384B, undo waste: 0B, 
[110.241s][debug][gc,plab           ] GC(2508) Young other allocation: region end waste: 735312B, regions filled: 4, direct allocated: 3200112B, failure used: 0B, failure wasted: 0B
[110.241s][debug][gc,plab           ] GC(2508) Young sizing: calculated: 0B, actual: 2064B
[110.241s][debug][gc,plab           ] GC(2508) Old PLAB allocation: allocated: 0B, wasted: 0B, unused: 0B, used: 0B, undo waste: 0B, 
[110.241s][debug][gc,plab           ] GC(2508) Old other allocation: region end waste: 0B, regions filled: 1, direct allocated: 0B, failure used: 0B, failure wasted: 0B
[110.241s][debug][gc,plab           ] GC(2508) Old sizing: calculated: 0B, actual: 2064B
[110.241s][debug][gc,ihop           ] GC(2508) Basic information (value update), threshold: 610113945B (45.00), target occupancy: 1355808768B, current occupancy: 23097136B, recent allocation size: 0B, recent allocation duration: 38.57ms, recent old gen allocation rate: 0.00B/s, recent marking phase length: 30.68ms
[110.241s][debug][gc,ihop           ] GC(2508) Adaptive IHOP information (value update), threshold: 610113945B (47.37), internal target occupancy: 1288018329B, occupancy: 23097136B, additional buffer size: 812646400B, predicted old gen allocation rate: 68.62B/s, predicted marking phase length: 61.36ms, prediction active: false
[110.241s][debug][gc,ergo,refine    ] GC(2508) Concurrent refinement times: Logged Cards Scan time goal: 20.00ms Logged Cards Scan time: 0.00ms HCC time: 0.00ms
[110.241s][debug][gc,ergo,refine    ] GC(2508) Updated Refinement Zones: green: 2048, yellow: 6144, red: 10240
[110.241s][info ][gc,phases         ] GC(2508)   Pre Evacuate Collection Set: 0.1ms
[110.241s][debug][gc,phases         ] GC(2508)     Prepare TLABs: 0.0ms
[110.241s][debug][gc,phases         ] GC(2508)     Choose Collection Set: 0.0ms
[110.241s][debug][gc,phases         ] GC(2508)     Region Register: 0.1ms
[110.241s][debug][gc,phases         ] GC(2508)     Prepare Heap Roots: 0.0ms
[110.241s][info ][gc,phases         ] GC(2508)   Merge Heap Roots: 0.2ms
[110.241s][debug][gc,phases         ] GC(2508)     Prepare Merge Heap Roots: 0.0ms
[110.241s][debug][gc,phases         ] GC(2508)     Eager Reclaim (ms):       skipped
[110.241s][debug][gc,phases         ] GC(2508)     Remembered Sets (ms):     Min:  0.0, Avg:  0.1, Max:  0.1, Diff:  0.0, Sum:  0.4, Workers: 8
[110.241s][debug][gc,phases         ] GC(2508)       Merged Sparse:            Min: 0, Avg:  0.0, Max: 0, Diff: 0, Sum: 0, Workers: 8
[110.241s][debug][gc,phases         ] GC(2508)       Merged Fine:              Min: 0, Avg:  0.0, Max: 0, Diff: 0, Sum: 0, Workers: 8
[110.241s][debug][gc,phases         ] GC(2508)       Merged Coarse:            Min: 0, Avg:  0.0, Max: 0, Diff: 0, Sum: 0, Workers: 8
[110.241s][debug][gc,phases         ] GC(2508)       Dirty Cards:              Min: 0, Avg:  0.0, Max: 0, Diff: 0, Sum: 0, Workers: 8
[110.241s][debug][gc,phases         ] GC(2508)     Hot Card Cache (ms):      Min:  0.0, Avg:  0.0, Max:  0.0, Diff:  0.0, Sum:  0.0, Workers: 8
[110.241s][debug][gc,phases         ] GC(2508)       Dirty Cards:              Min: 0, Avg:  0.0, Max: 0, Diff: 0, Sum: 0, Workers: 8
[110.241s][debug][gc,phases         ] GC(2508)       Skipped Cards:            Min: 0, Avg:  0.0, Max: 0, Diff: 0, Sum: 0, Workers: 8
[110.241s][debug][gc,phases         ] GC(2508)     Log Buffers (ms):         Min:  0.0, Avg:  0.0, Max:  0.0, Diff:  0.0, Sum:  0.0, Workers: 8
[110.241s][debug][gc,phases         ] GC(2508)       Dirty Cards:              Min: 0, Avg:  0.2, Max: 1, Diff: 1, Sum: 2, Workers: 8
[110.241s][debug][gc,phases         ] GC(2508)       Skipped Cards:            Min: 0, Avg:  0.0, Max: 0, Diff: 0, Sum: 0, Workers: 8
[110.241s][info ][gc,phases         ] GC(2508)   Evacuate Collection Set: 0.4ms
[110.241s][debug][gc,phases         ] GC(2508)     Ext Root Scanning (ms):   Min:  0.0, Avg:  0.2, Max:  0.3, Diff:  0.3, Sum:  1.8, Workers: 8
[110.241s][debug][gc,phases         ] GC(2508)     Scan Heap Roots (ms):     Min:  0.0, Avg:  0.0, Max:  0.0, Diff:  0.0, Sum:  0.0, Workers: 8
[110.241s][debug][gc,phases         ] GC(2508)       Scanned Cards:            Min: 0, Avg:  0.2, Max: 2, Diff: 2, Sum: 2, Workers: 8
[110.241s][debug][gc,phases         ] GC(2508)       Scanned Blocks:           Min: 0, Avg:  0.2, Max: 2, Diff: 2, Sum: 2, Workers: 8
[110.241s][debug][gc,phases         ] GC(2508)       Claimed Chunks:           Min: 0, Avg:  0.2, Max: 2, Diff: 2, Sum: 2, Workers: 8
[110.241s][debug][gc,phases         ] GC(2508)     Code Root Scan (ms):      Min:  0.0, Avg:  0.0, Max:  0.0, Diff:  0.0, Sum:  0.1, Workers: 8
[110.241s][debug][gc,phases         ] GC(2508)     Object Copy (ms):         Min:  0.0, Avg:  0.0, Max:  0.0, Diff:  0.0, Sum:  0.0, Workers: 8
[110.241s][debug][gc,phases         ] GC(2508)     Termination (ms):         Min:  0.0, Avg:  0.0, Max:  0.1, Diff:  0.0, Sum:  0.4, Workers: 8
[110.241s][debug][gc,phases         ] GC(2508)       Termination Attempts:     Min: 1, Avg:  1.0, Max: 1, Diff: 0, Sum: 8, Workers: 8
[110.241s][debug][gc,phases         ] GC(2508)     GC Worker Other (ms):     Min:  0.0, Avg:  0.1, Max:  0.1, Diff:  0.1, Sum:  0.4, Workers: 8
[110.241s][debug][gc,phases         ] GC(2508)     GC Worker Total (ms):     Min:  0.1, Avg:  0.4, Max:  0.4, Diff:  0.3, Sum:  2.8, Workers: 8
[110.241s][info ][gc,phases         ] GC(2508)   Post Evacuate Collection Set: 0.7ms
[110.241s][debug][gc,phases         ] GC(2508)     Code Roots Fixup: 0.0ms
[110.241s][debug][gc,phases         ] GC(2508)     Clear Card Table: 0.2ms
[110.241s][debug][gc,phases         ] GC(2508)     Reference Processing: 0.1ms
[110.241s][debug][gc,phases,ref     ] GC(2508)       Reconsider SoftReferences: 0.0ms
[110.241s][debug][gc,phases,ref     ] GC(2508)         SoftRef (ms):             skipped
[110.241s][debug][gc,phases,ref     ] GC(2508)       Notify Soft/WeakReferences: 0.0ms
[110.241s][debug][gc,phases,ref     ] GC(2508)         SoftRef (ms):             skipped
[110.241s][debug][gc,phases,ref     ] GC(2508)         WeakRef (ms):             skipped
[110.242s][debug][gc,phases,ref     ] GC(2508)         FinalRef (ms):            skipped
[110.242s][debug][gc,phases,ref     ] GC(2508)         Total (ms):               skipped
[110.242s][debug][gc,phases,ref     ] GC(2508)       Notify and keep alive finalizable: 0.0ms
[110.242s][debug][gc,phases,ref     ] GC(2508)         FinalRef (ms):            skipped
[110.242s][debug][gc,phases,ref     ] GC(2508)       Notify PhantomReferences: 0.0ms
[110.242s][debug][gc,phases,ref     ] GC(2508)         PhantomRef (ms):          skipped
[110.242s][debug][gc,phases,ref     ] GC(2508)       SoftReference:
[110.242s][debug][gc,phases,ref     ] GC(2508)         Discovered: 0
[110.242s][debug][gc,phases,ref     ] GC(2508)         Cleared: 0
[110.242s][debug][gc,phases,ref     ] GC(2508)       WeakReference:
[110.242s][debug][gc,phases,ref     ] GC(2508)         Discovered: 0
[110.242s][debug][gc,phases,ref     ] GC(2508)         Cleared: 0
[110.242s][debug][gc,phases,ref     ] GC(2508)       FinalReference:
[110.242s][debug][gc,phases,ref     ] GC(2508)         Discovered: 0
[110.242s][debug][gc,phases,ref     ] GC(2508)         Cleared: 0
[110.242s][debug][gc,phases,ref     ] GC(2508)       PhantomReference:
[110.242s][debug][gc,phases,ref     ] GC(2508)         Discovered: 0
[110.242s][debug][gc,phases,ref     ] GC(2508)         Cleared: 0
[110.242s][debug][gc,phases         ] GC(2508)     Weak Processing: 0.1ms
[110.242s][debug][gc,phases         ] GC(2508)       JVMTI weak processing: 0.0ms
[110.242s][debug][gc,phases         ] GC(2508)         Dead: 0
[110.242s][debug][gc,phases         ] GC(2508)         Total: 0
[110.242s][debug][gc,phases         ] GC(2508)       JFR weak processing: 0.0ms
[110.242s][debug][gc,phases         ] GC(2508)         Dead: 0
[110.242s][debug][gc,phases         ] GC(2508)         Total: 0
[110.242s][debug][gc,phases         ] GC(2508)       JNI weak                  Min:  0.0, Avg:  0.0, Max:  0.0, Diff:  0.0, Sum:  0.0, Workers: 5
[110.242s][debug][gc,phases         ] GC(2508)         Dead                      Min: 0, Avg:  0.0, Max: 0, Diff: 0, Sum: 0, Workers: 5
[110.242s][debug][gc,phases         ] GC(2508)         Total                     Min: 0, Avg: 20.4, Max: 102, Diff: 102, Sum: 102, Workers: 5
[110.242s][debug][gc,phases         ] GC(2508)       VM weak                   Min:  0.0, Avg:  0.0, Max:  0.0, Diff:  0.0, Sum:  0.0, Workers: 5
[110.242s][debug][gc,phases         ] GC(2508)         Dead                      Min: 0, Avg:  0.0, Max: 0, Diff: 0, Sum: 0, Workers: 5
[110.242s][debug][gc,phases         ] GC(2508)         Total                     Min: 0, Avg: 42.4, Max: 212, Diff: 212, Sum: 212, Workers: 5
[110.242s][debug][gc,phases         ] GC(2508)       StringTable weak          Min:  0.0, Avg:  0.0, Max:  0.0, Diff:  0.0, Sum:  0.1, Workers: 5
[110.242s][debug][gc,phases         ] GC(2508)         Dead                      Min: 0, Avg:  0.0, Max: 0, Diff: 0, Sum: 0, Workers: 5
[110.242s][debug][gc,phases         ] GC(2508)         Total                     Min: 96, Avg: 684.6, Max: 1152, Diff: 1056, Sum: 3423, Workers: 5
[110.242s][debug][gc,phases         ] GC(2508)       ResolvedMethodTable weak  Min:  0.0, Avg:  0.0, Max:  0.0, Diff:  0.0, Sum:  0.0, Workers: 5
[110.242s][debug][gc,phases         ] GC(2508)         Dead                      Min: 0, Avg:  0.0, Max: 0, Diff: 0, Sum: 0, Workers: 5
[110.242s][debug][gc,phases         ] GC(2508)         Total                     Min: 0, Avg: 114.6, Max: 189, Diff: 189, Sum: 573, Workers: 5
[110.242s][debug][gc,phases         ] GC(2508)     Merge Per-Thread State: 0.0ms
[110.242s][debug][gc,phases         ] GC(2508)       Copied Bytes              Min: 0, Avg: 400312.0, Max: 800544, Diff: 800544, Sum: 3202496, Workers: 8
[110.242s][debug][gc,phases         ] GC(2508)       LAB Waste                 Min: 0, Avg:  0.0, Max: 0, Diff: 0, Sum: 0, Workers: 8
[110.242s][debug][gc,phases         ] GC(2508)       LAB Undo Waste            Min: 0, Avg:  0.0, Max: 0, Diff: 0, Sum: 0, Workers: 8
[110.242s][debug][gc,phases         ] GC(2508)     Code Roots Purge: 0.0ms
[110.242s][debug][gc,phases         ] GC(2508)     Redirty Cards: 0.0ms
[110.242s][debug][gc,phases         ] GC(2508)     DerivedPointerTable Update: 0.0ms
[110.242s][debug][gc,phases         ] GC(2508)     Free Collection Set: 0.2ms
[110.242s][debug][gc,phases         ] GC(2508)     Rebuild Free List: 0.1ms
[110.242s][debug][gc,phases         ] GC(2508)     Humongous Reclaim: 0.0ms
[110.242s][debug][gc,phases         ] GC(2508)     Start New Collection Set: 0.0ms
[110.242s][debug][gc,phases         ] GC(2508)     Resize TLABs: 0.0ms
[110.242s][debug][gc,phases         ] GC(2508)     Expand Heap After Collection: 0.0ms
[110.242s][info ][gc,phases         ] GC(2508)   Other: 0.3ms
[110.242s][info ][gc,heap           ] GC(2508) Eden regions: 771->0(771)
[110.242s][info ][gc,heap           ] GC(2508) Survivor regions: 4->4(97)
[110.242s][info ][gc,heap           ] GC(2508) Old regions: 18->18
[110.242s][info ][gc,heap           ] GC(2508) Archive regions: 2->2
[110.242s][info ][gc,heap           ] GC(2508) Humongous regions: 0->0
[110.242s][info ][gc,metaspace      ] GC(2508) Metaspace: 10016K(10624K)->10016K(10624K) NonClass: 8864K(9216K)->8864K(9216K) Class: 1152K(1408K)->1152K(1408K)
[110.242s][debug][gc,heap           ] GC(2508) Heap after GC invocations=2509 (full 1): garbage-first heap   total 1324032K, used 22555K [0x0000000700000000, 0x0000000800000000)
[110.242s][debug][gc,heap           ] GC(2508)   region size 1024K, 4 young (4096K), 4 survivors (4096K)
[110.242s][debug][gc,heap           ] GC(2508)  Metaspace       used 10016K, capacity 10304K, committed 10624K, reserved 1058816K
[110.242s][debug][gc,heap           ] GC(2508)   class space    used 1152K, capacity 1266K, committed 1408K, reserved 1048576K
[110.242s][info ][gc                ] GC(2508) Pause Young (Normal) (G1 Evacuation Pause) 792M->22M(1293M) 2.306ms
[110.242s][info ][gc,cpu            ] GC(2508) User=0.01s Sys=0.00s Real=0.01s
[110.242s][info ][safepoint         ] Safepoint "G1CollectForAllocation", Time since last: 37472990 ns, Reaching safepoint: 136962 ns, At safepoint: 2492271 ns, Total: 2629233 ns
[110.281s][debug][gc,heap           ] GC(2509) Heap before GC invocations=2509 (full 1): garbage-first heap   total 1324032K, used 811035K [0x0000000700000000, 0x0000000800000000)
[110.281s][debug][gc,heap           ] GC(2509)   region size 1024K, 775 young (793600K), 4 survivors (4096K)
[110.281s][debug][gc,heap           ] GC(2509)  Metaspace       used 10016K, capacity 10304K, committed 10624K, reserved 1058816K
[110.281s][debug][gc,heap           ] GC(2509)   class space    used 1152K, capacity 1266K, committed 1408K, reserved 1048576K
[110.281s][info ][gc,start          ] GC(2509) Pause Young (Normal) (G1 Evacuation Pause)
[110.281s][info ][gc,task           ] GC(2509) Using 8 workers of 8 for evacuation
[110.281s][debug][gc,tlab           ] GC(2509) TLAB totals: thrds: 8  refills: 14 max: 3 slow allocs: 1537 max 217 waste: 25.5% gc: 970536B max: 237568B slow: 45856B max: 15488B fast: 0B max: 0B
[110.281s][debug][gc,age            ] GC(2509) Desired survivor size 50855936 bytes, new threshold 15 (max threshold 15)
[110.281s][debug][gc,alloc,region   ] GC(2509) Mutator Allocation stats, regions: 771, wasted size: 180M (23.4%)
[110.281s][debug][gc,ergo           ] GC(2509) Running G1 Merge Heap Roots using 8 workers for 775 regions
[110.281s][debug][gc,remset         ] GC(2509) Visited cards 256 Total dirty 2048 (12.50%) Total old 3215360 (0.01%)
[110.281s][debug][gc,ergo           ] GC(2509) Running G1 Clear Card Table Task using 2 workers for 2 units of work for 776 regions.
[110.282s][debug][gc,ref            ] GC(2509) Skipped phase1 of Reference Processing due to unavailable references
[110.282s][debug][gc,ref            ] GC(2509) Skipped phase2 of Reference Processing due to unavailable references
[110.282s][debug][gc,ref            ] GC(2509) Skipped phase3 of Reference Processing due to unavailable references
[110.282s][debug][gc,ref            ] GC(2509) Skipped phase4 of Reference Processing due to unavailable references
[110.282s][debug][gc,ergo           ] GC(2509) Running G1 Free Collection Set using 8 workers for collection set length 775 (1293)
[110.282s][debug][gc,ergo           ] GC(2509) Running G1 Rebuild Free List Task using 8 workers for rebuilding free list of 0 (4096) regions
[110.282s][trace][gc,age            ] GC(2509) Age table with threshold 15 (max threshold 15)
[110.282s][trace][gc,age            ] GC(2509) - age   1:    2402536 bytes,    2402536 total
[110.282s][debug][gc,plab           ] GC(2509) Young PLAB allocation: allocated: 16512B, wasted: 0B, unused: 14064B, used: 2448B, undo waste: 0B, 
[110.282s][debug][gc,plab           ] GC(2509) Young other allocation: region end waste: 486768B, regions filled: 3, direct allocated: 2400088B, failure used: 0B, failure wasted: 0B
[110.282s][debug][gc,plab           ] GC(2509) Young sizing: calculated: 0B, actual: 2064B
[110.282s][debug][gc,plab           ] GC(2509) Old PLAB allocation: allocated: 0B, wasted: 0B, unused: 0B, used: 0B, undo waste: 0B, 
[110.282s][debug][gc,plab           ] GC(2509) Old other allocation: region end waste: 0B, regions filled: 1, direct allocated: 0B, failure used: 0B, failure wasted: 0B
[110.282s][debug][gc,plab           ] GC(2509) Old sizing: calculated: 0B, actual: 2064B
[110.282s][debug][gc,ihop           ] GC(2509) Basic information (value update), threshold: 610113945B (45.00), target occupancy: 1355808768B, current occupancy: 22050632B, recent allocation size: 0B, recent allocation duration: 39.56ms, recent old gen allocation rate: 0.00B/s, recent marking phase length: 30.68ms
[110.282s][debug][gc,ihop           ] GC(2509) Adaptive IHOP information (value update), threshold: 610113945B (47.37), internal target occupancy: 1288018329B, occupancy: 22050632B, additional buffer size: 812646400B, predicted old gen allocation rate: 66.88B/s, predicted marking phase length: 61.36ms, prediction active: false
[110.282s][debug][gc,ergo,refine    ] GC(2509) Concurrent refinement times: Logged Cards Scan time goal: 20.00ms Logged Cards Scan time: 0.00ms HCC time: 0.00ms
[110.282s][debug][gc,ergo,refine    ] GC(2509) Updated Refinement Zones: green: 2048, yellow: 6144, red: 10240
[110.282s][info ][gc,phases         ] GC(2509)   Pre Evacuate Collection Set: 0.1ms
[110.282s][debug][gc,phases         ] GC(2509)     Prepare TLABs: 0.0ms
[110.282s][debug][gc,phases         ] GC(2509)     Choose Collection Set: 0.0ms
[110.282s][debug][gc,phases         ] GC(2509)     Region Register: 0.1ms
[110.282s][debug][gc,phases         ] GC(2509)     Prepare Heap Roots: 0.0ms
[110.282s][info ][gc,phases         ] GC(2509)   Merge Heap Roots: 0.1ms
[110.282s][debug][gc,phases         ] GC(2509)     Prepare Merge Heap Roots: 0.0ms
[110.282s][debug][gc,phases         ] GC(2509)     Eager Reclaim (ms):       skipped
[110.282s][debug][gc,phases         ] GC(2509)     Remembered Sets (ms):     Min:  0.0, Avg:  0.0, Max:  0.0, Diff:  0.0, Sum:  0.2, Workers: 8
[110.282s][debug][gc,phases         ] GC(2509)       Merged Sparse:            Min: 0, Avg:  0.0, Max: 0, Diff: 0, Sum: 0, Workers: 8
[110.282s][debug][gc,phases         ] GC(2509)       Merged Fine:              Min: 0, Avg:  0.0, Max: 0, Diff: 0, Sum: 0, Workers: 8
[110.282s][debug][gc,phases         ] GC(2509)       Merged Coarse:            Min: 0, Avg:  0.0, Max: 0, Diff: 0, Sum: 0, Workers: 8
[110.282s][debug][gc,phases         ] GC(2509)       Dirty Cards:              Min: 0, Avg:  0.0, Max: 0, Diff: 0, Sum: 0, Workers: 8
[110.282s][debug][gc,phases         ] GC(2509)     Hot Card Cache (ms):      Min:  0.0, Avg:  0.0, Max:  0.0, Diff:  0.0, Sum:  0.0, Workers: 8
[110.282s][debug][gc,phases         ] GC(2509)       Dirty Cards:              Min: 0, Avg:  0.0, Max: 0, Diff: 0, Sum: 0, Workers: 8
[110.282s][debug][gc,phases         ] GC(2509)       Skipped Cards:            Min: 0, Avg:  0.0, Max: 0, Diff: 0, Sum: 0, Workers: 8
[110.282s][debug][gc,phases         ] GC(2509)     Log Buffers (ms):         Min:  0.0, Avg:  0.0, Max:  0.0, Diff:  0.0, Sum:  0.0, Workers: 8
[110.282s][debug][gc,phases         ] GC(2509)       Dirty Cards:              Min: 0, Avg:  0.1, Max: 1, Diff: 1, Sum: 1, Workers: 8
[110.282s][debug][gc,phases         ] GC(2509)       Skipped Cards:            Min: 0, Avg:  0.0, Max: 0, Diff: 0, Sum: 0, Workers: 8
[110.282s][info ][gc,phases         ] GC(2509)   Evacuate Collection Set: 0.4ms
[110.282s][debug][gc,phases         ] GC(2509)     Ext Root Scanning (ms):   Min:  0.0, Avg:  0.1, Max:  0.3, Diff:  0.3, Sum:  1.2, Workers: 8
[110.282s][debug][gc,phases         ] GC(2509)     Scan Heap Roots (ms):     Min:  0.0, Avg:  0.0, Max:  0.0, Diff:  0.0, Sum:  0.0, Workers: 8
[110.282s][debug][gc,phases         ] GC(2509)       Scanned Cards:            Min: 0, Avg:  0.1, Max: 1, Diff: 1, Sum: 1, Workers: 8
[110.282s][debug][gc,phases         ] GC(2509)       Scanned Blocks:           Min: 0, Avg:  0.1, Max: 1, Diff: 1, Sum: 1, Workers: 8
[110.282s][debug][gc,phases         ] GC(2509)       Claimed Chunks:           Min: 0, Avg:  0.1, Max: 1, Diff: 1, Sum: 1, Workers: 8
[110.282s][debug][gc,phases         ] GC(2509)     Code Root Scan (ms):      Min:  0.0, Avg:  0.0, Max:  0.0, Diff:  0.0, Sum:  0.1, Workers: 8
[110.282s][debug][gc,phases         ] GC(2509)     Object Copy (ms):         Min:  0.0, Avg:  0.0, Max:  0.0, Diff:  0.0, Sum:  0.0, Workers: 8
[110.282s][debug][gc,phases         ] GC(2509)     Termination (ms):         Min:  0.0, Avg:  0.1, Max:  0.2, Diff:  0.2, Sum:  0.9, Workers: 8
[110.282s][debug][gc,phases         ] GC(2509)       Termination Attempts:     Min: 1, Avg:  1.2, Max: 2, Diff: 1, Sum: 10, Workers: 8
[110.282s][debug][gc,phases         ] GC(2509)     GC Worker Other (ms):     Min:  0.0, Avg:  0.0, Max:  0.1, Diff:  0.1, Sum:  0.3, Workers: 8
[110.282s][debug][gc,phases         ] GC(2509)     GC Worker Total (ms):     Min:  0.3, Avg:  0.3, Max:  0.4, Diff:  0.1, Sum:  2.5, Workers: 8
[110.282s][info ][gc,phases         ] GC(2509)   Post Evacuate Collection Set: 0.5ms
[110.282s][debug][gc,phases         ] GC(2509)     Code Roots Fixup: 0.0ms
[110.282s][debug][gc,phases         ] GC(2509)     Clear Card Table: 0.1ms
[110.282s][debug][gc,phases         ] GC(2509)     Reference Processing: 0.0ms
[110.282s][debug][gc,phases,ref     ] GC(2509)       Reconsider SoftReferences: 0.0ms
[110.282s][debug][gc,phases,ref     ] GC(2509)         SoftRef (ms):             skipped
[110.282s][debug][gc,phases,ref     ] GC(2509)       Notify Soft/WeakReferences: 0.0ms
[110.282s][debug][gc,phases,ref     ] GC(2509)         SoftRef (ms):             skipped
[110.282s][debug][gc,phases,ref     ] GC(2509)         WeakRef (ms):             skipped
[110.282s][debug][gc,phases,ref     ] GC(2509)         FinalRef (ms):            skipped
[110.282s][debug][gc,phases,ref     ] GC(2509)         Total (ms):               skipped
[110.282s][debug][gc,phases,ref     ] GC(2509)       Notify and keep alive finalizable: 0.0ms
[110.282s][debug][gc,phases,ref     ] GC(2509)         FinalRef (ms):            skipped
[110.282s][debug][gc,phases,ref     ] GC(2509)       Notify PhantomReferences: 0.0ms
[110.282s][debug][gc,phases,ref     ] GC(2509)         PhantomRef (ms):          skipped
[110.282s][debug][gc,phases,ref     ] GC(2509)       SoftReference:
[110.282s][debug][gc,phases,ref     ] GC(2509)         Discovered: 0
[110.282s][debug][gc,phases,ref     ] GC(2509)         Cleared: 0
[110.282s][debug][gc,phases,ref     ] GC(2509)       WeakReference:
[110.282s][debug][gc,phases,ref     ] GC(2509)         Discovered: 0
[110.282s][debug][gc,phases,ref     ] GC(2509)         Cleared: 0
[110.282s][debug][gc,phases,ref     ] GC(2509)       FinalReference:
[110.282s][debug][gc,phases,ref     ] GC(2509)         Discovered: 0
[110.283s][debug][gc,phases,ref     ] GC(2509)         Cleared: 0
[110.283s][debug][gc,phases,ref     ] GC(2509)       PhantomReference:
[110.283s][debug][gc,phases,ref     ] GC(2509)         Discovered: 0
[110.283s][debug][gc,phases,ref     ] GC(2509)         Cleared: 0
[110.283s][debug][gc,phases         ] GC(2509)     Weak Processing: 0.1ms
[110.283s][debug][gc,phases         ] GC(2509)       JVMTI weak processing: 0.0ms
[110.283s][debug][gc,phases         ] GC(2509)         Dead: 0
[110.283s][debug][gc,phases         ] GC(2509)         Total: 0
[110.283s][debug][gc,phases         ] GC(2509)       JFR weak processing: 0.0ms
[110.283s][debug][gc,phases         ] GC(2509)         Dead: 0
[110.283s][debug][gc,phases         ] GC(2509)         Total: 0
[110.283s][debug][gc,phases         ] GC(2509)       JNI weak                  Min:  0.0, Avg:  0.0, Max:  0.0, Diff:  0.0, Sum:  0.0, Workers: 5
[110.283s][debug][gc,phases         ] GC(2509)         Dead                      Min: 0, Avg:  0.0, Max: 0, Diff: 0, Sum: 0, Workers: 5
[110.283s][debug][gc,phases         ] GC(2509)         Total                     Min: 0, Avg: 20.4, Max: 102, Diff: 102, Sum: 102, Workers: 5
[110.283s][debug][gc,phases         ] GC(2509)       VM weak                   Min:  0.0, Avg:  0.0, Max:  0.0, Diff:  0.0, Sum:  0.0, Workers: 5
[110.283s][debug][gc,phases         ] GC(2509)         Dead                      Min: 0, Avg:  0.0, Max: 0, Diff: 0, Sum: 0, Workers: 5
[110.283s][debug][gc,phases         ] GC(2509)         Total                     Min: 0, Avg: 42.4, Max: 212, Diff: 212, Sum: 212, Workers: 5
[110.283s][debug][gc,phases         ] GC(2509)       StringTable weak          Min:  0.0, Avg:  0.0, Max:  0.0, Diff:  0.0, Sum:  0.0, Workers: 5
[110.283s][debug][gc,phases         ] GC(2509)         Dead                      Min: 0, Avg:  0.0, Max: 0, Diff: 0, Sum: 0, Workers: 5
[110.283s][debug][gc,phases         ] GC(2509)         Total                     Min: 0, Avg: 684.6, Max: 2687, Diff: 2687, Sum: 3423, Workers: 5
[110.283s][debug][gc,phases         ] GC(2509)       ResolvedMethodTable weak  Min:  0.0, Avg:  0.0, Max:  0.0, Diff:  0.0, Sum:  0.0, Workers: 5
[110.283s][debug][gc,phases         ] GC(2509)         Dead                      Min: 0, Avg:  0.0, Max: 0, Diff: 0, Sum: 0, Workers: 5
[110.283s][debug][gc,phases         ] GC(2509)         Total                     Min: 0, Avg: 114.6, Max: 256, Diff: 256, Sum: 573, Workers: 5
[110.283s][debug][gc,phases         ] GC(2509)     Merge Per-Thread State: 0.0ms
[110.283s][debug][gc,phases         ] GC(2509)       Copied Bytes              Min: 456, Avg: 300317.0, Max: 800320, Diff: 799864, Sum: 2402536, Workers: 8
[110.283s][debug][gc,phases         ] GC(2509)       LAB Waste                 Min: 0, Avg:  0.0, Max: 0, Diff: 0, Sum: 0, Workers: 8
[110.283s][debug][gc,phases         ] GC(2509)       LAB Undo Waste            Min: 0, Avg:  0.0, Max: 0, Diff: 0, Sum: 0, Workers: 8
[110.283s][debug][gc,phases         ] GC(2509)     Code Roots Purge: 0.0ms
[110.283s][debug][gc,phases         ] GC(2509)     Redirty Cards: 0.0ms
[110.283s][debug][gc,phases         ] GC(2509)     DerivedPointerTable Update: 0.0ms
[110.283s][debug][gc,phases         ] GC(2509)     Free Collection Set: 0.2ms
[110.283s][debug][gc,phases         ] GC(2509)     Rebuild Free List: 0.1ms
[110.283s][debug][gc,phases         ] GC(2509)     Humongous Reclaim: 0.0ms
[110.283s][debug][gc,phases         ] GC(2509)     Start New Collection Set: 0.0ms
[110.283s][debug][gc,phases         ] GC(2509)     Resize TLABs: 0.0ms
[110.283s][debug][gc,phases         ] GC(2509)     Expand Heap After Collection: 0.0ms
[110.283s][info ][gc,phases         ] GC(2509)   Other: 0.4ms
[110.283s][info ][gc,heap           ] GC(2509) Eden regions: 771->0(772)
[110.283s][info ][gc,heap           ] GC(2509) Survivor regions: 4->3(97)
[110.283s][info ][gc,heap           ] GC(2509) Old regions: 18->18
[110.283s][info ][gc,heap           ] GC(2509) Archive regions: 2->2
[110.283s][info ][gc,heap           ] GC(2509) Humongous regions: 0->0
[110.283s][info ][gc,metaspace      ] GC(2509) Metaspace: 10016K(10624K)->10016K(10624K) NonClass: 8864K(9216K)->8864K(9216K) Class: 1152K(1408K)->1152K(1408K)
[110.283s][debug][gc,heap           ] GC(2509) Heap after GC invocations=2510 (full 1): garbage-first heap   total 1324032K, used 21533K [0x0000000700000000, 0x0000000800000000)
[110.283s][debug][gc,heap           ] GC(2509)   region size 1024K, 3 young (3072K), 3 survivors (3072K)
[110.283s][debug][gc,heap           ] GC(2509)  Metaspace       used 10016K, capacity 10304K, committed 10624K, reserved 1058816K
[110.283s][debug][gc,heap           ] GC(2509)   class space    used 1152K, capacity 1266K, committed 1408K, reserved 1048576K
[110.283s][info ][gc                ] GC(2509) Pause Young (Normal) (G1 Evacuation Pause) 792M->21M(1293M) 2.179ms
[110.283s][info ][gc,cpu            ] GC(2509) User=0.00s Sys=0.00s Real=0.01s
[110.283s][info ][safepoint         ] Safepoint "G1CollectForAllocation", Time since last: 38336674 ns, Reaching safepoint: 194363 ns, At safepoint: 2421256 ns, Total: 2615619 ns
[110.321s][debug][gc,heap           ] GC(2510) Heap before GC invocations=2510 (full 1): garbage-first heap   total 1324032K, used 811037K [0x0000000700000000, 0x0000000800000000)
[110.321s][debug][gc,heap           ] GC(2510)   region size 1024K, 775 young (793600K), 3 survivors (3072K)
[110.321s][debug][gc,heap           ] GC(2510)  Metaspace       used 10016K, capacity 10304K, committed 10624K, reserved 1058816K
[110.321s][debug][gc,heap           ] GC(2510)   class space    used 1152K, capacity 1266K, committed 1408K, reserved 1048576K
[110.321s][info ][gc,start          ] GC(2510) Pause Young (Normal) (G1 Evacuation Pause)
[110.321s][info ][gc,task           ] GC(2510) Using 8 workers of 8 for evacuation
[110.321s][debug][gc,tlab           ] GC(2510) TLAB totals: thrds: 8  refills: 12 max: 3 slow allocs: 1538 max 213 waste: 30.7% gc: 1096968B max: 239712B slow: 41976B max: 15096B fast: 0B max: 0B
[110.321s][debug][gc,age            ] GC(2510) Desired survivor size 50855936 bytes, new threshold 15 (max threshold 15)
[110.321s][debug][gc,alloc,region   ] GC(2510) Mutator Allocation stats, regions: 772, wasted size: 180M (23.4%)
[110.322s][debug][gc,ergo           ] GC(2510) Running G1 Merge Heap Roots using 8 workers for 775 regions
[110.322s][debug][gc,remset         ] GC(2510) Visited cards 512 Total dirty 4096 (12.50%) Total old 3215360 (0.02%)
[110.322s][debug][gc,ergo           ] GC(2510) Running G1 Clear Card Table Task using 2 workers for 2 units of work for 777 regions.
[110.322s][debug][gc,ref            ] GC(2510) Skipped phase1 of Reference Processing due to unavailable references
[110.322s][debug][gc,ref            ] GC(2510) Skipped phase2 of Reference Processing due to unavailable references
[110.322s][debug][gc,ref            ] GC(2510) Skipped phase3 of Reference Processing due to unavailable references
[110.322s][debug][gc,ref            ] GC(2510) Skipped phase4 of Reference Processing due to unavailable references
[110.322s][debug][gc,ergo           ] GC(2510) Running G1 Free Collection Set using 8 workers for collection set length 775 (1293)
[110.323s][debug][gc,ergo           ] GC(2510) Running G1 Rebuild Free List Task using 8 workers for rebuilding free list of 0 (4096) regions
[110.323s][trace][gc,age            ] GC(2510) Age table with threshold 15 (max threshold 15)
[110.323s][trace][gc,age            ] GC(2510) - age   1:    2402544 bytes,    2402544 total
[110.323s][debug][gc,plab           ] GC(2510) Young PLAB allocation: allocated: 16512B, wasted: 0B, unused: 14064B, used: 2448B, undo waste: 0B, 
[110.323s][debug][gc,plab           ] GC(2510) Young other allocation: region end waste: 480576B, regions filled: 3, direct allocated: 2400096B, failure used: 0B, failure wasted: 0B
[110.323s][debug][gc,plab           ] GC(2510) Young sizing: calculated: 0B, actual: 2064B
[110.323s][debug][gc,plab           ] GC(2510) Old PLAB allocation: allocated: 0B, wasted: 0B, unused: 0B, used: 0B, undo waste: 0B, 
[110.323s][debug][gc,plab           ] GC(2510) Old other allocation: region end waste: 0B, regions filled: 1, direct allocated: 0B, failure used: 0B, failure wasted: 0B
[110.323s][debug][gc,plab           ] GC(2510) Old sizing: calculated: 0B, actual: 2064B
[110.323s][debug][gc,ihop           ] GC(2510) Basic information (value update), threshold: 610113945B (45.00), target occupancy: 1355808768B, current occupancy: 22044448B, recent allocation size: 0B, recent allocation duration: 39.27ms, recent old gen allocation rate: 0.00B/s, recent marking phase length: 30.68ms
[110.323s][debug][gc,ihop           ] GC(2510) Adaptive IHOP information (value update), threshold: 610113945B (47.37), internal target occupancy: 1288018329B, occupancy: 22044448B, additional buffer size: 812646400B, predicted old gen allocation rate: 65.18B/s, predicted marking phase length: 61.36ms, prediction active: false
[110.323s][debug][gc,ergo,refine    ] GC(2510) Concurrent refinement times: Logged Cards Scan time goal: 20.00ms Logged Cards Scan time: 0.00ms HCC time: 0.00ms
[110.323s][debug][gc,ergo,refine    ] GC(2510) Updated Refinement Zones: green: 2048, yellow: 6144, red: 10240
[110.323s][info ][gc,phases         ] GC(2510)   Pre Evacuate Collection Set: 0.2ms
[110.323s][debug][gc,phases         ] GC(2510)     Prepare TLABs: 0.0ms
[110.323s][debug][gc,phases         ] GC(2510)     Choose Collection Set: 0.0ms
[110.323s][debug][gc,phases         ] GC(2510)     Region Register: 0.1ms
[110.323s][debug][gc,phases         ] GC(2510)     Prepare Heap Roots: 0.0ms
[110.323s][info ][gc,phases         ] GC(2510)   Merge Heap Roots: 0.1ms
[110.323s][debug][gc,phases         ] GC(2510)     Prepare Merge Heap Roots: 0.0ms
[110.323s][debug][gc,phases         ] GC(2510)     Eager Reclaim (ms):       skipped
[110.323s][debug][gc,phases         ] GC(2510)     Remembered Sets (ms):     Min:  0.0, Avg:  0.0, Max:  0.0, Diff:  0.0, Sum:  0.3, Workers: 8
[110.323s][debug][gc,phases         ] GC(2510)       Merged Sparse:            Min: 0, Avg:  0.0, Max: 0, Diff: 0, Sum: 0, Workers: 8
[110.323s][debug][gc,phases         ] GC(2510)       Merged Fine:              Min: 0, Avg:  0.0, Max: 0, Diff: 0, Sum: 0, Workers: 8
[110.323s][debug][gc,phases         ] GC(2510)       Merged Coarse:            Min: 0, Avg:  0.0, Max: 0, Diff: 0, Sum: 0, Workers: 8
[110.323s][debug][gc,phases         ] GC(2510)       Dirty Cards:              Min: 0, Avg:  0.0, Max: 0, Diff: 0, Sum: 0, Workers: 8
[110.323s][debug][gc,phases         ] GC(2510)     Hot Card Cache (ms):      Min:  0.0, Avg:  0.0, Max:  0.0, Diff:  0.0, Sum:  0.0, Workers: 8
[110.323s][debug][gc,phases         ] GC(2510)       Dirty Cards:              Min: 0, Avg:  0.0, Max: 0, Diff: 0, Sum: 0, Workers: 8
[110.323s][debug][gc,phases         ] GC(2510)       Skipped Cards:            Min: 0, Avg:  0.0, Max: 0, Diff: 0, Sum: 0, Workers: 8
[110.323s][debug][gc,phases         ] GC(2510)     Log Buffers (ms):         Min:  0.0, Avg:  0.0, Max:  0.0, Diff:  0.0, Sum:  0.0, Workers: 8
[110.323s][debug][gc,phases         ] GC(2510)       Dirty Cards:              Min: 0, Avg:  0.2, Max: 2, Diff: 2, Sum: 2, Workers: 8
[110.323s][debug][gc,phases         ] GC(2510)       Skipped Cards:            Min: 0, Avg:  0.0, Max: 0, Diff: 0, Sum: 0, Workers: 8
[110.323s][info ][gc,phases         ] GC(2510)   Evacuate Collection Set: 0.3ms
[110.323s][debug][gc,phases         ] GC(2510)     Ext Root Scanning (ms):   Min:  0.1, Avg:  0.1, Max:  0.2, Diff:  0.1, Sum:  1.2, Workers: 8
[110.323s][debug][gc,phases         ] GC(2510)     Scan Heap Roots (ms):     Min:  0.0, Avg:  0.0, Max:  0.0, Diff:  0.0, Sum:  0.0, Workers: 8
[110.323s][debug][gc,phases         ] GC(2510)       Scanned Cards:            Min: 0, Avg:  0.2, Max: 2, Diff: 2, Sum: 2, Workers: 8
[110.323s][debug][gc,phases         ] GC(2510)       Scanned Blocks:           Min: 0, Avg:  0.2, Max: 2, Diff: 2, Sum: 2, Workers: 8
[110.323s][debug][gc,phases         ] GC(2510)       Claimed Chunks:           Min: 0, Avg:  0.2, Max: 2, Diff: 2, Sum: 2, Workers: 8
[110.323s][debug][gc,phases         ] GC(2510)     Code Root Scan (ms):      Min:  0.0, Avg:  0.0, Max:  0.0, Diff:  0.0, Sum:  0.1, Workers: 8
[110.323s][debug][gc,phases         ] GC(2510)     Object Copy (ms):         Min:  0.0, Avg:  0.0, Max:  0.0, Diff:  0.0, Sum:  0.0, Workers: 8
[110.323s][debug][gc,phases         ] GC(2510)     Termination (ms):         Min:  0.0, Avg:  0.1, Max:  0.1, Diff:  0.0, Sum:  0.4, Workers: 8
[110.323s][debug][gc,phases         ] GC(2510)       Termination Attempts:     Min: 1, Avg:  1.0, Max: 1, Diff: 0, Sum: 8, Workers: 8
[110.323s][debug][gc,phases         ] GC(2510)     GC Worker Other (ms):     Min:  0.0, Avg:  0.0, Max:  0.1, Diff:  0.1, Sum:  0.4, Workers: 8
[110.323s][debug][gc,phases         ] GC(2510)     GC Worker Total (ms):     Min:  0.3, Avg:  0.3, Max:  0.3, Diff:  0.0, Sum:  2.2, Workers: 8
[110.323s][info ][gc,phases         ] GC(2510)   Post Evacuate Collection Set: 0.5ms
[110.323s][debug][gc,phases         ] GC(2510)     Code Roots Fixup: 0.0ms
[110.323s][debug][gc,phases         ] GC(2510)     Clear Card Table: 0.2ms
[110.323s][debug][gc,phases         ] GC(2510)     Reference Processing: 0.0ms
[110.323s][debug][gc,phases,ref     ] GC(2510)       Reconsider SoftReferences: 0.0ms
[110.323s][debug][gc,phases,ref     ] GC(2510)         SoftRef (ms):             skipped
[110.323s][debug][gc,phases,ref     ] GC(2510)       Notify Soft/WeakReferences: 0.0ms
[110.323s][debug][gc,phases,ref     ] GC(2510)         SoftRef (ms):             skipped
[110.323s][debug][gc,phases,ref     ] GC(2510)         WeakRef (ms):             skipped
[110.323s][debug][gc,phases,ref     ] GC(2510)         FinalRef (ms):            skipped
[110.323s][debug][gc,phases,ref     ] GC(2510)         Total (ms):               skipped
[110.323s][debug][gc,phases,ref     ] GC(2510)       Notify and keep alive finalizable: 0.0ms
[110.323s][debug][gc,phases,ref     ] GC(2510)         FinalRef (ms):            skipped
[110.323s][debug][gc,phases,ref     ] GC(2510)       Notify PhantomReferences: 0.0ms
[110.323s][debug][gc,phases,ref     ] GC(2510)         PhantomRef (ms):          skipped
[110.323s][debug][gc,phases,ref     ] GC(2510)       SoftReference:
[110.323s][debug][gc,phases,ref     ] GC(2510)         Discovered: 0
[110.323s][debug][gc,phases,ref     ] GC(2510)         Cleared: 0
[110.323s][debug][gc,phases,ref     ] GC(2510)       WeakReference:
[110.323s][debug][gc,phases,ref     ] GC(2510)         Discovered: 0
[110.323s][debug][gc,phases,ref     ] GC(2510)         Cleared: 0
[110.323s][debug][gc,phases,ref     ] GC(2510)       FinalReference:
[110.323s][debug][gc,phases,ref     ] GC(2510)         Discovered: 0
[110.323s][debug][gc,phases,ref     ] GC(2510)         Cleared: 0
[110.323s][debug][gc,phases,ref     ] GC(2510)       PhantomReference:
[110.323s][debug][gc,phases,ref     ] GC(2510)         Discovered: 0
[110.323s][debug][gc,phases,ref     ] GC(2510)         Cleared: 0
[110.323s][debug][gc,phases         ] GC(2510)     Weak Processing: 0.0ms
[110.323s][debug][gc,phases         ] GC(2510)       JVMTI weak processing: 0.0ms
[110.323s][debug][gc,phases         ] GC(2510)         Dead: 0
[110.323s][debug][gc,phases         ] GC(2510)         Total: 0
[110.323s][debug][gc,phases         ] GC(2510)       JFR weak processing: 0.0ms
[110.323s][debug][gc,phases         ] GC(2510)         Dead: 0
[110.323s][debug][gc,phases         ] GC(2510)         Total: 0
[110.323s][debug][gc,phases         ] GC(2510)       JNI weak                  Min:  0.0, Avg:  0.0, Max:  0.0, Diff:  0.0, Sum:  0.0, Workers: 5
[110.323s][debug][gc,phases         ] GC(2510)         Dead                      Min: 0, Avg:  0.0, Max: 0, Diff: 0, Sum: 0, Workers: 5
[110.323s][debug][gc,phases         ] GC(2510)         Total                     Min: 0, Avg: 20.4, Max: 62, Diff: 62, Sum: 102, Workers: 5
[110.323s][debug][gc,phases         ] GC(2510)       VM weak                   Min:  0.0, Avg:  0.0, Max:  0.0, Diff:  0.0, Sum:  0.0, Workers: 5
[110.323s][debug][gc,phases         ] GC(2510)         Dead                      Min: 0, Avg:  0.0, Max: 0, Diff: 0, Sum: 0, Workers: 5
[110.323s][debug][gc,phases         ] GC(2510)         Total                     Min: 0, Avg: 42.4, Max: 84, Diff: 84, Sum: 212, Workers: 5
[110.323s][debug][gc,phases         ] GC(2510)       StringTable weak          Min:  0.0, Avg:  0.0, Max:  0.0, Diff:  0.0, Sum:  0.1, Workers: 5
[110.323s][debug][gc,phases         ] GC(2510)         Dead                      Min: 0, Avg:  0.0, Max: 0, Diff: 0, Sum: 0, Workers: 5
[110.323s][debug][gc,phases         ] GC(2510)         Total                     Min: 0, Avg: 684.6, Max: 895, Diff: 895, Sum: 3423, Workers: 5
[110.323s][debug][gc,phases         ] GC(2510)       ResolvedMethodTable weak  Min:  0.0, Avg:  0.0, Max:  0.0, Diff:  0.0, Sum:  0.0, Workers: 5
[110.323s][debug][gc,phases         ] GC(2510)         Dead                      Min: 0, Avg:  0.0, Max: 0, Diff: 0, Sum: 0, Workers: 5
[110.323s][debug][gc,phases         ] GC(2510)         Total                     Min: 0, Avg: 114.6, Max: 189, Diff: 189, Sum: 573, Workers: 5
[110.323s][debug][gc,phases         ] GC(2510)     Merge Per-Thread State: 0.0ms
[110.323s][debug][gc,phases         ] GC(2510)       Copied Bytes              Min: 72, Avg: 300318.0, Max: 400696, Diff: 400624, Sum: 2402544, Workers: 8
[110.323s][debug][gc,phases         ] GC(2510)       LAB Waste                 Min: 0, Avg:  0.0, Max: 0, Diff: 0, Sum: 0, Workers: 8
[110.323s][debug][gc,phases         ] GC(2510)       LAB Undo Waste            Min: 0, Avg:  0.0, Max: 0, Diff: 0, Sum: 0, Workers: 8
[110.323s][debug][gc,phases         ] GC(2510)     Code Roots Purge: 0.0ms
[110.323s][debug][gc,phases         ] GC(2510)     Redirty Cards: 0.0ms
[110.323s][debug][gc,phases         ] GC(2510)     DerivedPointerTable Update: 0.0ms
[110.323s][debug][gc,phases         ] GC(2510)     Free Collection Set: 0.2ms
[110.323s][debug][gc,phases         ] GC(2510)     Rebuild Free List: 0.0ms
[110.323s][debug][gc,phases         ] GC(2510)     Humongous Reclaim: 0.0ms
[110.323s][debug][gc,phases         ] GC(2510)     Start New Collection Set: 0.0ms
[110.323s][debug][gc,phases         ] GC(2510)     Resize TLABs: 0.0ms
[110.323s][debug][gc,phases         ] GC(2510)     Expand Heap After Collection: 0.0ms
[110.323s][info ][gc,phases         ] GC(2510)   Other: 0.5ms
[110.323s][info ][gc,heap           ] GC(2510) Eden regions: 772->0(772)
[110.323s][info ][gc,heap           ] GC(2510) Survivor regions: 3->3(97)
[110.323s][info ][gc,heap           ] GC(2510) Old regions: 18->18
[110.323s][info ][gc,heap           ] GC(2510) Archive regions: 2->2
[110.323s][info ][gc,heap           ] GC(2510) Humongous regions: 0->0
[110.323s][info ][gc,metaspace      ] GC(2510) Metaspace: 10016K(10624K)->10016K(10624K) NonClass: 8864K(9216K)->8864K(9216K) Class: 1152K(1408K)->1152K(1408K)
[110.323s][debug][gc,heap           ] GC(2510) Heap after GC invocations=2511 (full 1): garbage-first heap   total 1324032K, used 21527K [0x0000000700000000, 0x0000000800000000)
[110.323s][debug][gc,heap           ] GC(2510)   region size 1024K, 3 young (3072K), 3 survivors (3072K)
[110.323s][debug][gc,heap           ] GC(2510)  Metaspace       used 10016K, capacity 10304K, committed 10624K, reserved 1058816K
[110.323s][debug][gc,heap           ] GC(2510)   class space    used 1152K, capacity 1266K, committed 1408K, reserved 1048576K
[110.323s][info ][gc                ] GC(2510) Pause Young (Normal) (G1 Evacuation Pause) 792M->21M(1293M) 2.205ms
[110.323s][info ][gc,cpu            ] GC(2510) User=0.00s Sys=0.00s Real=0.01s
[110.324s][info ][safepoint         ] Safepoint "G1CollectForAllocation", Time since last: 37998446 ns, Reaching safepoint: 147704 ns, At safepoint: 2474254 ns, Total: 2621958 ns
[110.362s][debug][gc,heap           ] GC(2511) Heap before GC invocations=2511 (full 1): garbage-first heap   total 1324032K, used 811031K [0x0000000700000000, 0x0000000800000000)
[110.362s][debug][gc,heap           ] GC(2511)   region size 1024K, 775 young (793600K), 3 survivors (3072K)
[110.362s][debug][gc,heap           ] GC(2511)  Metaspace       used 10016K, capacity 10304K, committed 10624K, reserved 1058816K
[110.362s][debug][gc,heap           ] GC(2511)   class space    used 1152K, capacity 1266K, committed 1408K, reserved 1048576K
[110.362s][info ][gc,start          ] GC(2511) Pause Young (Normal) (G1 Evacuation Pause)
[110.362s][info ][gc,task           ] GC(2511) Using 8 workers of 8 for evacuation
[110.362s][debug][gc,tlab           ] GC(2511) TLAB totals: thrds: 8  refills: 12 max: 2 slow allocs: 1535 max 211 waste: 25.5% gc: 973016B max: 232128B slow: 43776B max: 14304B fast: 0B max: 0B
[110.362s][debug][gc,age            ] GC(2511) Desired survivor size 50855936 bytes, new threshold 15 (max threshold 15)
[110.362s][debug][gc,alloc,region   ] GC(2511) Mutator Allocation stats, regions: 772, wasted size: 180M (23.4%)
[110.362s][debug][gc,ergo           ] GC(2511) Running G1 Merge Heap Roots using 8 workers for 775 regions
[110.362s][debug][gc,remset         ] GC(2511) Visited cards 256 Total dirty 2048 (12.50%) Total old 3215360 (0.01%)
[110.363s][debug][gc,ergo           ] GC(2511) Running G1 Clear Card Table Task using 2 workers for 2 units of work for 776 regions.
[110.363s][debug][gc,ref            ] GC(2511) Skipped phase1 of Reference Processing due to unavailable references
[110.363s][debug][gc,ref            ] GC(2511) Skipped phase2 of Reference Processing due to unavailable references
[110.363s][debug][gc,ref            ] GC(2511) Skipped phase3 of Reference Processing due to unavailable references
[110.363s][debug][gc,ref            ] GC(2511) Skipped phase4 of Reference Processing due to unavailable references
[110.363s][debug][gc,ergo           ] GC(2511) Running G1 Free Collection Set using 8 workers for collection set length 775 (1293)
[110.363s][debug][gc,ergo           ] GC(2511) Running G1 Rebuild Free List Task using 8 workers for rebuilding free list of 0 (4096) regions
[110.363s][trace][gc,age            ] GC(2511) Age table with threshold 15 (max threshold 15)
[110.363s][trace][gc,age            ] GC(2511) - age   1:    4002592 bytes,    4002592 total
[110.363s][debug][gc,plab           ] GC(2511) Young PLAB allocation: allocated: 16512B, wasted: 0B, unused: 14064B, used: 2448B, undo waste: 0B, 
[110.363s][debug][gc,plab           ] GC(2511) Young other allocation: region end waste: 981792B, regions filled: 5, direct allocated: 4000144B, failure used: 0B, failure wasted: 0B
[110.363s][debug][gc,plab           ] GC(2511) Young sizing: calculated: 0B, actual: 2064B
[110.363s][debug][gc,plab           ] GC(2511) Old PLAB allocation: allocated: 0B, wasted: 0B, unused: 0B, used: 0B, undo waste: 0B, 
[110.363s][debug][gc,plab           ] GC(2511) Old other allocation: region end waste: 0B, regions filled: 1, direct allocated: 0B, failure used: 0B, failure wasted: 0B
[110.363s][debug][gc,plab           ] GC(2511) Old sizing: calculated: 0B, actual: 2064B
[110.363s][debug][gc,ihop           ] GC(2511) Basic information (value update), threshold: 610113945B (45.00), target occupancy: 1355808768B, current occupancy: 24145712B, recent allocation size: 0B, recent allocation duration: 39.10ms, recent old gen allocation rate: 0.00B/s, recent marking phase length: 30.68ms
[110.363s][debug][gc,ihop           ] GC(2511) Adaptive IHOP information (value update), threshold: 610113945B (47.37), internal target occupancy: 1288018329B, occupancy: 24145712B, additional buffer size: 812646400B, predicted old gen allocation rate: 63.53B/s, predicted marking phase length: 61.36ms, prediction active: false
[110.363s][debug][gc,ergo,refine    ] GC(2511) Concurrent refinement times: Logged Cards Scan time goal: 20.00ms Logged Cards Scan time: 0.00ms HCC time: 0.00ms
[110.363s][debug][gc,ergo,refine    ] GC(2511) Updated Refinement Zones: green: 2048, yellow: 6144, red: 10240
[110.363s][info ][gc,phases         ] GC(2511)   Pre Evacuate Collection Set: 0.1ms
[110.363s][debug][gc,phases         ] GC(2511)     Prepare TLABs: 0.0ms
[110.363s][debug][gc,phases         ] GC(2511)     Choose Collection Set: 0.0ms
[110.363s][debug][gc,phases         ] GC(2511)     Region Register: 0.1ms
[110.363s][debug][gc,phases         ] GC(2511)     Prepare Heap Roots: 0.0ms
[110.363s][info ][gc,phases         ] GC(2511)   Merge Heap Roots: 0.1ms
[110.363s][debug][gc,phases         ] GC(2511)     Prepare Merge Heap Roots: 0.0ms
[110.363s][debug][gc,phases         ] GC(2511)     Eager Reclaim (ms):       skipped
[110.363s][debug][gc,phases         ] GC(2511)     Remembered Sets (ms):     Min:  0.0, Avg:  0.0, Max:  0.0, Diff:  0.0, Sum:  0.2, Workers: 8
[110.363s][debug][gc,phases         ] GC(2511)       Merged Sparse:            Min: 0, Avg:  0.0, Max: 0, Diff: 0, Sum: 0, Workers: 8
[110.363s][debug][gc,phases         ] GC(2511)       Merged Fine:              Min: 0, Avg:  0.0, Max: 0, Diff: 0, Sum: 0, Workers: 8
[110.363s][debug][gc,phases         ] GC(2511)       Merged Coarse:            Min: 0, Avg:  0.0, Max: 0, Diff: 0, Sum: 0, Workers: 8
[110.363s][debug][gc,phases         ] GC(2511)       Dirty Cards:              Min: 0, Avg:  0.0, Max: 0, Diff: 0, Sum: 0, Workers: 8
[110.363s][debug][gc,phases         ] GC(2511)     Hot Card Cache (ms):      Min:  0.0, Avg:  0.0, Max:  0.0, Diff:  0.0, Sum:  0.0, Workers: 8
[110.363s][debug][gc,phases         ] GC(2511)       Dirty Cards:              Min: 0, Avg:  0.0, Max: 0, Diff: 0, Sum: 0, Workers: 8
[110.363s][debug][gc,phases         ] GC(2511)       Skipped Cards:            Min: 0, Avg:  0.0, Max: 0, Diff: 0, Sum: 0, Workers: 8
[110.363s][debug][gc,phases         ] GC(2511)     Log Buffers (ms):         Min:  0.0, Avg:  0.0, Max:  0.0, Diff:  0.0, Sum:  0.0, Workers: 8
[110.363s][debug][gc,phases         ] GC(2511)       Dirty Cards:              Min: 0, Avg:  0.1, Max: 1, Diff: 1, Sum: 1, Workers: 8
[110.363s][debug][gc,phases         ] GC(2511)       Skipped Cards:            Min: 0, Avg:  0.0, Max: 0, Diff: 0, Sum: 0, Workers: 8
[110.363s][info ][gc,phases         ] GC(2511)   Evacuate Collection Set: 0.5ms
[110.363s][debug][gc,phases         ] GC(2511)     Ext Root Scanning (ms):   Min:  0.3, Avg:  0.3, Max:  0.3, Diff:  0.1, Sum:  2.3, Workers: 8
[110.363s][debug][gc,phases         ] GC(2511)     Scan Heap Roots (ms):     Min:  0.0, Avg:  0.0, Max:  0.0, Diff:  0.0, Sum:  0.0, Workers: 8
[110.363s][debug][gc,phases         ] GC(2511)       Scanned Cards:            Min: 0, Avg:  0.1, Max: 1, Diff: 1, Sum: 1, Workers: 8
[110.363s][debug][gc,phases         ] GC(2511)       Scanned Blocks:           Min: 0, Avg:  0.1, Max: 1, Diff: 1, Sum: 1, Workers: 8
[110.363s][debug][gc,phases         ] GC(2511)       Claimed Chunks:           Min: 0, Avg:  0.1, Max: 1, Diff: 1, Sum: 1, Workers: 8
[110.363s][debug][gc,phases         ] GC(2511)     Code Root Scan (ms):      Min:  0.0, Avg:  0.0, Max:  0.0, Diff:  0.0, Sum:  0.1, Workers: 8
[110.363s][debug][gc,phases         ] GC(2511)     Object Copy (ms):         Min:  0.0, Avg:  0.0, Max:  0.0, Diff:  0.0, Sum:  0.0, Workers: 8
[110.363s][debug][gc,phases         ] GC(2511)     Termination (ms):         Min:  0.0, Avg:  0.1, Max:  0.1, Diff:  0.0, Sum:  0.4, Workers: 8
[110.363s][debug][gc,phases         ] GC(2511)       Termination Attempts:     Min: 1, Avg:  1.0, Max: 1, Diff: 0, Sum: 8, Workers: 8
[110.363s][debug][gc,phases         ] GC(2511)     GC Worker Other (ms):     Min:  0.0, Avg:  0.0, Max:  0.1, Diff:  0.0, Sum:  0.4, Workers: 8
[110.363s][debug][gc,phases         ] GC(2511)     GC Worker Total (ms):     Min:  0.4, Avg:  0.4, Max:  0.4, Diff:  0.0, Sum:  3.3, Workers: 8
[110.363s][info ][gc,phases         ] GC(2511)   Post Evacuate Collection Set: 0.5ms
[110.363s][debug][gc,phases         ] GC(2511)     Code Roots Fixup: 0.0ms
[110.363s][debug][gc,phases         ] GC(2511)     Clear Card Table: 0.2ms
[110.363s][debug][gc,phases         ] GC(2511)     Reference Processing: 0.0ms
[110.363s][debug][gc,phases,ref     ] GC(2511)       Reconsider SoftReferences: 0.0ms
[110.363s][debug][gc,phases,ref     ] GC(2511)         SoftRef (ms):             skipped
[110.363s][debug][gc,phases,ref     ] GC(2511)       Notify Soft/WeakReferences: 0.0ms
[110.363s][debug][gc,phases,ref     ] GC(2511)         SoftRef (ms):             skipped
[110.363s][debug][gc,phases,ref     ] GC(2511)         WeakRef (ms):             skipped
[110.363s][debug][gc,phases,ref     ] GC(2511)         FinalRef (ms):            skipped
[110.364s][debug][gc,phases,ref     ] GC(2511)         Total (ms):               skipped
[110.364s][debug][gc,phases,ref     ] GC(2511)       Notify and keep alive finalizable: 0.0ms
[110.364s][debug][gc,phases,ref     ] GC(2511)         FinalRef (ms):            skipped
[110.364s][debug][gc,phases,ref     ] GC(2511)       Notify PhantomReferences: 0.0ms
[110.364s][debug][gc,phases,ref     ] GC(2511)         PhantomRef (ms):          skipped
[110.364s][debug][gc,phases,ref     ] GC(2511)       SoftReference:
[110.364s][debug][gc,phases,ref     ] GC(2511)         Discovered: 0
[110.364s][debug][gc,phases,ref     ] GC(2511)         Cleared: 0
[110.364s][debug][gc,phases,ref     ] GC(2511)       WeakReference:
[110.364s][debug][gc,phases,ref     ] GC(2511)         Discovered: 0
[110.364s][debug][gc,phases,ref     ] GC(2511)         Cleared: 0
[110.364s][debug][gc,phases,ref     ] GC(2511)       FinalReference:
[110.364s][debug][gc,phases,ref     ] GC(2511)         Discovered: 0
[110.364s][debug][gc,phases,ref     ] GC(2511)         Cleared: 0
[110.364s][debug][gc,phases,ref     ] GC(2511)       PhantomReference:
[110.364s][debug][gc,phases,ref     ] GC(2511)         Discovered: 0
[110.364s][debug][gc,phases,ref     ] GC(2511)         Cleared: 0
[110.364s][debug][gc,phases         ] GC(2511)     Weak Processing: 0.1ms
[110.364s][debug][gc,phases         ] GC(2511)       JVMTI weak processing: 0.0ms
[110.364s][debug][gc,phases         ] GC(2511)         Dead: 0
[110.364s][debug][gc,phases         ] GC(2511)         Total: 0
[110.364s][debug][gc,phases         ] GC(2511)       JFR weak processing: 0.0ms
[110.364s][debug][gc,phases         ] GC(2511)         Dead: 0
[110.364s][debug][gc,phases         ] GC(2511)         Total: 0
[110.364s][debug][gc,phases         ] GC(2511)       JNI weak                  Min:  0.0, Avg:  0.0, Max:  0.0, Diff:  0.0, Sum:  0.0, Workers: 5
[110.364s][debug][gc,phases         ] GC(2511)         Dead                      Min: 0, Avg:  0.0, Max: 0, Diff: 0, Sum: 0, Workers: 5
[110.364s][debug][gc,phases         ] GC(2511)         Total                     Min: 0, Avg: 20.4, Max: 102, Diff: 102, Sum: 102, Workers: 5
[110.364s][debug][gc,phases         ] GC(2511)       VM weak                   Min:  0.0, Avg:  0.0, Max:  0.0, Diff:  0.0, Sum:  0.0, Workers: 5
[110.364s][debug][gc,phases         ] GC(2511)         Dead                      Min: 0, Avg:  0.0, Max: 0, Diff: 0, Sum: 0, Workers: 5
[110.364s][debug][gc,phases         ] GC(2511)         Total                     Min: 0, Avg: 42.4, Max: 212, Diff: 212, Sum: 212, Workers: 5
[110.364s][debug][gc,phases         ] GC(2511)       StringTable weak          Min:  0.0, Avg:  0.0, Max:  0.0, Diff:  0.0, Sum:  0.0, Workers: 5
[110.364s][debug][gc,phases         ] GC(2511)         Dead                      Min: 0, Avg:  0.0, Max: 0, Diff: 0, Sum: 0, Workers: 5
[110.364s][debug][gc,phases         ] GC(2511)         Total                     Min: 0, Avg: 684.6, Max: 2592, Diff: 2592, Sum: 3423, Workers: 5
[110.364s][debug][gc,phases         ] GC(2511)       ResolvedMethodTable weak  Min:  0.0, Avg:  0.0, Max:  0.0, Diff:  0.0, Sum:  0.0, Workers: 5
[110.364s][debug][gc,phases         ] GC(2511)         Dead                      Min: 0, Avg:  0.0, Max: 0, Diff: 0, Sum: 0, Workers: 5
[110.364s][debug][gc,phases         ] GC(2511)         Total                     Min: 0, Avg: 114.6, Max: 192, Diff: 192, Sum: 573, Workers: 5
[110.364s][debug][gc,phases         ] GC(2511)     Merge Per-Thread State: 0.0ms
[110.364s][debug][gc,phases         ] GC(2511)       Copied Bytes              Min: 400088, Avg: 500324.0, Max: 800096, Diff: 400008, Sum: 4002592, Workers: 8
[110.364s][debug][gc,phases         ] GC(2511)       LAB Waste                 Min: 0, Avg:  0.0, Max: 0, Diff: 0, Sum: 0, Workers: 8
[110.364s][debug][gc,phases         ] GC(2511)       LAB Undo Waste            Min: 0, Avg:  0.0, Max: 0, Diff: 0, Sum: 0, Workers: 8
[110.364s][debug][gc,phases         ] GC(2511)     Code Roots Purge: 0.0ms
[110.364s][debug][gc,phases         ] GC(2511)     Redirty Cards: 0.0ms
[110.364s][debug][gc,phases         ] GC(2511)     DerivedPointerTable Update: 0.0ms
[110.364s][debug][gc,phases         ] GC(2511)     Free Collection Set: 0.2ms
[110.364s][debug][gc,phases         ] GC(2511)     Rebuild Free List: 0.1ms
[110.364s][debug][gc,phases         ] GC(2511)     Humongous Reclaim: 0.0ms
[110.364s][debug][gc,phases         ] GC(2511)     Start New Collection Set: 0.0ms
[110.364s][debug][gc,phases         ] GC(2511)     Resize TLABs: 0.0ms
[110.364s][debug][gc,phases         ] GC(2511)     Expand Heap After Collection: 0.0ms
[110.364s][info ][gc,phases         ] GC(2511)   Other: 0.3ms
[110.364s][info ][gc,heap           ] GC(2511) Eden regions: 772->0(770)
[110.364s][info ][gc,heap           ] GC(2511) Survivor regions: 3->5(97)
[110.364s][info ][gc,heap           ] GC(2511) Old regions: 18->18
[110.364s][info ][gc,heap           ] GC(2511) Archive regions: 2->2
[110.364s][info ][gc,heap           ] GC(2511) Humongous regions: 0->0
[110.364s][info ][gc,metaspace      ] GC(2511) Metaspace: 10016K(10624K)->10016K(10624K) NonClass: 8864K(9216K)->8864K(9216K) Class: 1152K(1408K)->1152K(1408K)
[110.364s][debug][gc,heap           ] GC(2511) Heap after GC invocations=2512 (full 1): garbage-first heap   total 1324032K, used 23579K [0x0000000700000000, 0x0000000800000000)
[110.364s][debug][gc,heap           ] GC(2511)   region size 1024K, 5 young (5120K), 5 survivors (5120K)
[110.364s][debug][gc,heap           ] GC(2511)  Metaspace       used 10016K, capacity 10304K, committed 10624K, reserved 1058816K
[110.364s][debug][gc,heap           ] GC(2511)   class space    used 1152K, capacity 1266K, committed 1408K, reserved 1048576K
[110.364s][info ][gc                ] GC(2511) Pause Young (Normal) (G1 Evacuation Pause) 792M->23M(1293M) 2.160ms
[110.364s][info ][gc,cpu            ] GC(2511) User=0.00s Sys=0.00s Real=0.01s
[110.364s][info ][safepoint         ] Safepoint "G1CollectForAllocation", Time since last: 37922740 ns, Reaching safepoint: 156804 ns, At safepoint: 2327508 ns, Total: 2484312 ns
[110.402s][debug][gc,heap           ] GC(2512) Heap before GC invocations=2512 (full 1): garbage-first heap   total 1324032K, used 811035K [0x0000000700000000, 0x0000000800000000)
[110.402s][debug][gc,heap           ] GC(2512)   region size 1024K, 775 young (793600K), 5 survivors (5120K)
[110.402s][debug][gc,heap           ] GC(2512)  Metaspace       used 10016K, capacity 10304K, committed 10624K, reserved 1058816K
[110.402s][debug][gc,heap           ] GC(2512)   class space    used 1152K, capacity 1266K, committed 1408K, reserved 1048576K
[110.402s][info ][gc,start          ] GC(2512) Pause Young (Normal) (G1 Evacuation Pause)
[110.402s][info ][gc,task           ] GC(2512) Using 8 workers of 8 for evacuation
[110.402s][debug][gc,tlab           ] GC(2512) TLAB totals: thrds: 8  refills: 16 max: 3 slow allocs: 1536 max 214 waste: 19.5% gc: 939888B max: 225800B slow: 73512B max: 15488B fast: 0B max: 0B
[110.402s][debug][gc,age            ] GC(2512) Desired survivor size 50855936 bytes, new threshold 15 (max threshold 15)
[110.402s][debug][gc,alloc,region   ] GC(2512) Mutator Allocation stats, regions: 770, wasted size: 180M (23.4%)
[110.403s][debug][gc,ergo           ] GC(2512) Running G1 Merge Heap Roots using 8 workers for 775 regions
[110.403s][debug][gc,remset         ] GC(2512) Visited cards 256 Total dirty 2048 (12.50%) Total old 3215360 (0.01%)
[110.403s][debug][gc,ergo           ] GC(2512) Running G1 Clear Card Table Task using 2 workers for 2 units of work for 776 regions.
[110.403s][debug][gc,ref            ] GC(2512) Skipped phase1 of Reference Processing due to unavailable references
[110.403s][debug][gc,ref            ] GC(2512) Skipped phase2 of Reference Processing due to unavailable references
[110.403s][debug][gc,ref            ] GC(2512) Skipped phase3 of Reference Processing due to unavailable references
[110.403s][debug][gc,ref            ] GC(2512) Skipped phase4 of Reference Processing due to unavailable references
[110.403s][debug][gc,ergo           ] GC(2512) Running G1 Free Collection Set using 8 workers for collection set length 775 (1293)
[110.403s][debug][gc,ergo           ] GC(2512) Running G1 Rebuild Free List Task using 8 workers for rebuilding free list of 0 (4096) regions
[110.403s][trace][gc,age            ] GC(2512) Age table with threshold 15 (max threshold 15)
[110.403s][trace][gc,age            ] GC(2512) - age   1:    1602512 bytes,    1602512 total
[110.403s][debug][gc,plab           ] GC(2512) Young PLAB allocation: allocated: 16512B, wasted: 0B, unused: 14064B, used: 2448B, undo waste: 0B, 
[110.403s][debug][gc,plab           ] GC(2512) Young other allocation: region end waste: 238224B, regions filled: 2, direct allocated: 1600064B, failure used: 0B, failure wasted: 0B
[110.403s][debug][gc,plab           ] GC(2512) Young sizing: calculated: 0B, actual: 2064B
[110.403s][debug][gc,plab           ] GC(2512) Old PLAB allocation: allocated: 0B, wasted: 0B, unused: 0B, used: 0B, undo waste: 0B, 
[110.403s][debug][gc,plab           ] GC(2512) Old other allocation: region end waste: 0B, regions filled: 1, direct allocated: 0B, failure used: 0B, failure wasted: 0B
[110.403s][debug][gc,plab           ] GC(2512) Old sizing: calculated: 0B, actual: 2064B
[110.403s][debug][gc,ihop           ] GC(2512) Basic information (value update), threshold: 610113945B (45.00), target occupancy: 1355808768B, current occupancy: 21002064B, recent allocation size: 0B, recent allocation duration: 39.16ms, recent old gen allocation rate: 0.00B/s, recent marking phase length: 30.68ms
[110.403s][debug][gc,ihop           ] GC(2512) Adaptive IHOP information (value update), threshold: 610113945B (47.37), internal target occupancy: 1288018329B, occupancy: 21002064B, additional buffer size: 812646400B, predicted old gen allocation rate: 61.92B/s, predicted marking phase length: 61.36ms, prediction active: false
[110.403s][debug][gc,ergo,refine    ] GC(2512) Concurrent refinement times: Logged Cards Scan time goal: 20.00ms Logged Cards Scan time: 0.00ms HCC time: 0.00ms
[110.403s][debug][gc,ergo,refine    ] GC(2512) Updated Refinement Zones: green: 2048, yellow: 6144, red: 10240
[110.404s][info ][gc,phases         ] GC(2512)   Pre Evacuate Collection Set: 0.1ms
[110.404s][debug][gc,phases         ] GC(2512)     Prepare TLABs: 0.0ms
[110.404s][debug][gc,phases         ] GC(2512)     Choose Collection Set: 0.0ms
[110.404s][debug][gc,phases         ] GC(2512)     Region Register: 0.1ms
[110.404s][debug][gc,phases         ] GC(2512)     Prepare Heap Roots: 0.0ms
[110.404s][info ][gc,phases         ] GC(2512)   Merge Heap Roots: 0.1ms
[110.404s][debug][gc,phases         ] GC(2512)     Prepare Merge Heap Roots: 0.0ms
[110.404s][debug][gc,phases         ] GC(2512)     Eager Reclaim (ms):       skipped
[110.404s][debug][gc,phases         ] GC(2512)     Remembered Sets (ms):     Min:  0.0, Avg:  0.0, Max:  0.0, Diff:  0.0, Sum:  0.3, Workers: 8
[110.404s][debug][gc,phases         ] GC(2512)       Merged Sparse:            Min: 0, Avg:  0.0, Max: 0, Diff: 0, Sum: 0, Workers: 8
[110.404s][debug][gc,phases         ] GC(2512)       Merged Fine:              Min: 0, Avg:  0.0, Max: 0, Diff: 0, Sum: 0, Workers: 8
[110.404s][debug][gc,phases         ] GC(2512)       Merged Coarse:            Min: 0, Avg:  0.0, Max: 0, Diff: 0, Sum: 0, Workers: 8
[110.404s][debug][gc,phases         ] GC(2512)       Dirty Cards:              Min: 0, Avg:  0.0, Max: 0, Diff: 0, Sum: 0, Workers: 8
[110.404s][debug][gc,phases         ] GC(2512)     Hot Card Cache (ms):      Min:  0.0, Avg:  0.0, Max:  0.0, Diff:  0.0, Sum:  0.0, Workers: 8
[110.404s][debug][gc,phases         ] GC(2512)       Dirty Cards:              Min: 0, Avg:  0.0, Max: 0, Diff: 0, Sum: 0, Workers: 8
[110.404s][debug][gc,phases         ] GC(2512)       Skipped Cards:            Min: 0, Avg:  0.0, Max: 0, Diff: 0, Sum: 0, Workers: 8
[110.404s][debug][gc,phases         ] GC(2512)     Log Buffers (ms):         Min:  0.0, Avg:  0.0, Max:  0.0, Diff:  0.0, Sum:  0.0, Workers: 8
[110.404s][debug][gc,phases         ] GC(2512)       Dirty Cards:              Min: 0, Avg:  0.1, Max: 1, Diff: 1, Sum: 1, Workers: 8
[110.404s][debug][gc,phases         ] GC(2512)       Skipped Cards:            Min: 0, Avg:  0.0, Max: 0, Diff: 0, Sum: 0, Workers: 8
[110.404s][info ][gc,phases         ] GC(2512)   Evacuate Collection Set: 0.2ms
[110.404s][debug][gc,phases         ] GC(2512)     Ext Root Scanning (ms):   Min:  0.0, Avg:  0.1, Max:  0.2, Diff:  0.2, Sum:  0.7, Workers: 8
[110.404s][debug][gc,phases         ] GC(2512)     Scan Heap Roots (ms):     Min:  0.0, Avg:  0.0, Max:  0.0, Diff:  0.0, Sum:  0.0, Workers: 8
[110.404s][debug][gc,phases         ] GC(2512)       Scanned Cards:            Min: 0, Avg:  0.1, Max: 1, Diff: 1, Sum: 1, Workers: 8
[110.404s][debug][gc,phases         ] GC(2512)       Scanned Blocks:           Min: 0, Avg:  0.1, Max: 1, Diff: 1, Sum: 1, Workers: 8
[110.404s][debug][gc,phases         ] GC(2512)       Claimed Chunks:           Min: 0, Avg:  0.1, Max: 1, Diff: 1, Sum: 1, Workers: 8
[110.404s][debug][gc,phases         ] GC(2512)     Code Root Scan (ms):      Min:  0.0, Avg:  0.0, Max:  0.0, Diff:  0.0, Sum:  0.1, Workers: 8
[110.404s][debug][gc,phases         ] GC(2512)     Object Copy (ms):         Min:  0.0, Avg:  0.0, Max:  0.0, Diff:  0.0, Sum:  0.0, Workers: 8
[110.404s][debug][gc,phases         ] GC(2512)     Termination (ms):         Min:  0.0, Avg:  0.0, Max:  0.1, Diff:  0.0, Sum:  0.4, Workers: 8
[110.404s][debug][gc,phases         ] GC(2512)       Termination Attempts:     Min: 1, Avg:  1.0, Max: 1, Diff: 0, Sum: 8, Workers: 8
[110.404s][debug][gc,phases         ] GC(2512)     GC Worker Other (ms):     Min:  0.0, Avg:  0.0, Max:  0.1, Diff:  0.0, Sum:  0.3, Workers: 8
[110.404s][debug][gc,phases         ] GC(2512)     GC Worker Total (ms):     Min:  0.2, Avg:  0.2, Max:  0.2, Diff:  0.0, Sum:  1.6, Workers: 8
[110.404s][info ][gc,phases         ] GC(2512)   Post Evacuate Collection Set: 0.5ms
[110.404s][debug][gc,phases         ] GC(2512)     Code Roots Fixup: 0.0ms
[110.404s][debug][gc,phases         ] GC(2512)     Clear Card Table: 0.2ms
[110.404s][debug][gc,phases         ] GC(2512)     Reference Processing: 0.0ms
[110.404s][debug][gc,phases,ref     ] GC(2512)       Reconsider SoftReferences: 0.0ms
[110.404s][debug][gc,phases,ref     ] GC(2512)         SoftRef (ms):             skipped
[110.404s][debug][gc,phases,ref     ] GC(2512)       Notify Soft/WeakReferences: 0.0ms
[110.404s][debug][gc,phases,ref     ] GC(2512)         SoftRef (ms):             skipped
[110.404s][debug][gc,phases,ref     ] GC(2512)         WeakRef (ms):             skipped
[110.404s][debug][gc,phases,ref     ] GC(2512)         FinalRef (ms):            skipped
[110.404s][debug][gc,phases,ref     ] GC(2512)         Total (ms):               skipped
[110.404s][debug][gc,phases,ref     ] GC(2512)       Notify and keep alive finalizable: 0.0ms
[110.404s][debug][gc,phases,ref     ] GC(2512)         FinalRef (ms):            skipped
[110.404s][debug][gc,phases,ref     ] GC(2512)       Notify PhantomReferences: 0.0ms
[110.404s][debug][gc,phases,ref     ] GC(2512)         PhantomRef (ms):          skipped
[110.404s][debug][gc,phases,ref     ] GC(2512)       SoftReference:
[110.404s][debug][gc,phases,ref     ] GC(2512)         Discovered: 0
[110.404s][debug][gc,phases,ref     ] GC(2512)         Cleared: 0
[110.404s][debug][gc,phases,ref     ] GC(2512)       WeakReference:
[110.404s][debug][gc,phases,ref     ] GC(2512)         Discovered: 0
[110.404s][debug][gc,phases,ref     ] GC(2512)         Cleared: 0
[110.404s][debug][gc,phases,ref     ] GC(2512)       FinalReference:
[110.404s][debug][gc,phases,ref     ] GC(2512)         Discovered: 0
[110.404s][debug][gc,phases,ref     ] GC(2512)         Cleared: 0
[110.404s][debug][gc,phases,ref     ] GC(2512)       PhantomReference:
[110.404s][debug][gc,phases,ref     ] GC(2512)         Discovered: 0
[110.404s][debug][gc,phases,ref     ] GC(2512)         Cleared: 0
[110.404s][debug][gc,phases         ] GC(2512)     Weak Processing: 0.0ms
[110.404s][debug][gc,phases         ] GC(2512)       JVMTI weak processing: 0.0ms
[110.404s][debug][gc,phases         ] GC(2512)         Dead: 0
[110.404s][debug][gc,phases         ] GC(2512)         Total: 0
[110.404s][debug][gc,phases         ] GC(2512)       JFR weak processing: 0.0ms
[110.404s][debug][gc,phases         ] GC(2512)         Dead: 0
[110.404s][debug][gc,phases         ] GC(2512)         Total: 0
[110.404s][debug][gc,phases         ] GC(2512)       JNI weak                  Min:  0.0, Avg:  0.0, Max:  0.0, Diff:  0.0, Sum:  0.0, Workers: 5
[110.404s][debug][gc,phases         ] GC(2512)         Dead                      Min: 0, Avg:  0.0, Max: 0, Diff: 0, Sum: 0, Workers: 5
[110.404s][debug][gc,phases         ] GC(2512)         Total                     Min: 0, Avg: 20.4, Max: 62, Diff: 62, Sum: 102, Workers: 5
[110.404s][debug][gc,phases         ] GC(2512)       VM weak                   Min:  0.0, Avg:  0.0, Max:  0.0, Diff:  0.0, Sum:  0.0, Workers: 5
[110.404s][debug][gc,phases         ] GC(2512)         Dead                      Min: 0, Avg:  0.0, Max: 0, Diff: 0, Sum: 0, Workers: 5
[110.404s][debug][gc,phases         ] GC(2512)         Total                     Min: 0, Avg: 42.4, Max: 128, Diff: 128, Sum: 212, Workers: 5
[110.404s][debug][gc,phases         ] GC(2512)       StringTable weak          Min:  0.0, Avg:  0.0, Max:  0.0, Diff:  0.0, Sum:  0.1, Workers: 5
[110.404s][debug][gc,phases         ] GC(2512)         Dead                      Min: 0, Avg:  0.0, Max: 0, Diff: 0, Sum: 0, Workers: 5
[110.404s][debug][gc,phases         ] GC(2512)         Total                     Min: 0, Avg: 684.6, Max: 896, Diff: 896, Sum: 3423, Workers: 5
[110.404s][debug][gc,phases         ] GC(2512)       ResolvedMethodTable weak  Min:  0.0, Avg:  0.0, Max:  0.0, Diff:  0.0, Sum:  0.0, Workers: 5
[110.404s][debug][gc,phases         ] GC(2512)         Dead                      Min: 0, Avg:  0.0, Max: 0, Diff: 0, Sum: 0, Workers: 5
[110.404s][debug][gc,phases         ] GC(2512)         Total                     Min: 0, Avg: 114.6, Max: 189, Diff: 189, Sum: 573, Workers: 5
[110.404s][debug][gc,phases         ] GC(2512)     Merge Per-Thread State: 0.0ms
[110.404s][debug][gc,phases         ] GC(2512)       Copied Bytes              Min: 64, Avg: 200314.0, Max: 400480, Diff: 400416, Sum: 1602512, Workers: 8
[110.404s][debug][gc,phases         ] GC(2512)       LAB Waste                 Min: 0, Avg:  0.0, Max: 0, Diff: 0, Sum: 0, Workers: 8
[110.404s][debug][gc,phases         ] GC(2512)       LAB Undo Waste            Min: 0, Avg:  0.0, Max: 0, Diff: 0, Sum: 0, Workers: 8
[110.404s][debug][gc,phases         ] GC(2512)     Code Roots Purge: 0.0ms
[110.404s][debug][gc,phases         ] GC(2512)     Redirty Cards: 0.0ms
[110.404s][debug][gc,phases         ] GC(2512)     DerivedPointerTable Update: 0.0ms
[110.404s][debug][gc,phases         ] GC(2512)     Free Collection Set: 0.2ms
[110.404s][debug][gc,phases         ] GC(2512)     Rebuild Free List: 0.1ms
[110.404s][debug][gc,phases         ] GC(2512)     Humongous Reclaim: 0.0ms
[110.404s][debug][gc,phases         ] GC(2512)     Start New Collection Set: 0.0ms
[110.404s][debug][gc,phases         ] GC(2512)     Resize TLABs: 0.0ms
[110.404s][debug][gc,phases         ] GC(2512)     Expand Heap After Collection: 0.0ms
[110.404s][info ][gc,phases         ] GC(2512)   Other: 0.3ms
[110.404s][info ][gc,heap           ] GC(2512) Eden regions: 770->0(773)
[110.404s][info ][gc,heap           ] GC(2512) Survivor regions: 5->2(97)
[110.404s][info ][gc,heap           ] GC(2512) Old regions: 18->18
[110.404s][info ][gc,heap           ] GC(2512) Archive regions: 2->2
[110.404s][info ][gc,heap           ] GC(2512) Humongous regions: 0->0
[110.404s][info ][gc,metaspace      ] GC(2512) Metaspace: 10016K(10624K)->10016K(10624K) NonClass: 8864K(9216K)->8864K(9216K) Class: 1152K(1408K)->1152K(1408K)
[110.404s][debug][gc,heap           ] GC(2512) Heap after GC invocations=2513 (full 1): garbage-first heap   total 1324032K, used 20509K [0x0000000700000000, 0x0000000800000000)
[110.404s][debug][gc,heap           ] GC(2512)   region size 1024K, 2 young (2048K), 2 survivors (2048K)
[110.404s][debug][gc,heap           ] GC(2512)  Metaspace       used 10016K, capacity 10304K, committed 10624K, reserved 1058816K
[110.404s][debug][gc,heap           ] GC(2512)   class space    used 1152K, capacity 1266K, committed 1408K, reserved 1048576K
[110.404s][info ][gc                ] GC(2512) Pause Young (Normal) (G1 Evacuation Pause) 792M->20M(1293M) 1.930ms
[110.404s][info ][gc,cpu            ] GC(2512) User=0.01s Sys=0.01s Real=0.00s
[110.404s][info ][safepoint         ] Safepoint "G1CollectForAllocation", Time since last: 38000373 ns, Reaching safepoint: 219067 ns, At safepoint: 2041186 ns, Total: 2260253 ns
[110.442s][debug][gc,heap           ] GC(2513) Heap before GC invocations=2513 (full 1): garbage-first heap   total 1324032K, used 811037K [0x0000000700000000, 0x0000000800000000)
[110.442s][debug][gc,heap           ] GC(2513)   region size 1024K, 775 young (793600K), 2 survivors (2048K)
[110.442s][debug][gc,heap           ] GC(2513)  Metaspace       used 10016K, capacity 10304K, committed 10624K, reserved 1058816K
[110.442s][debug][gc,heap           ] GC(2513)   class space    used 1152K, capacity 1266K, committed 1408K, reserved 1048576K
[110.442s][info ][gc,start          ] GC(2513) Pause Young (Normal) (G1 Evacuation Pause)
[110.442s][info ][gc,task           ] GC(2513) Using 8 workers of 8 for evacuation
[110.442s][debug][gc,tlab           ] GC(2513) TLAB totals: thrds: 8  refills: 13 max: 3 slow allocs: 1536 max 230 waste: 28.3% gc: 972320B max: 148304B slow: 45744B max: 15952B fast: 0B max: 0B
[110.442s][debug][gc,age            ] GC(2513) Desired survivor size 50855936 bytes, new threshold 15 (max threshold 15)
[110.442s][debug][gc,alloc,region   ] GC(2513) Mutator Allocation stats, regions: 773, wasted size: 181M (23.4%)
[110.442s][debug][gc,ergo           ] GC(2513) Running G1 Merge Heap Roots using 8 workers for 775 regions
[110.442s][debug][gc,remset         ] GC(2513) Visited cards 512 Total dirty 4096 (12.50%) Total old 3215360 (0.02%)
[110.443s][debug][gc,ergo           ] GC(2513) Running G1 Clear Card Table Task using 2 workers for 2 units of work for 777 regions.
[110.443s][debug][gc,ref            ] GC(2513) Skipped phase1 of Reference Processing due to unavailable references
[110.443s][debug][gc,ref            ] GC(2513) Skipped phase2 of Reference Processing due to unavailable references
[110.443s][debug][gc,ref            ] GC(2513) Skipped phase3 of Reference Processing due to unavailable references
[110.443s][debug][gc,ref            ] GC(2513) Skipped phase4 of Reference Processing due to unavailable references
[110.443s][debug][gc,ergo           ] GC(2513) Running G1 Free Collection Set using 8 workers for collection set length 775 (1293)
[110.443s][debug][gc,ergo           ] GC(2513) Running G1 Rebuild Free List Task using 8 workers for rebuilding free list of 0 (4096) regions
[110.444s][trace][gc,age            ] GC(2513) Age table with threshold 15 (max threshold 15)
[110.444s][trace][gc,age            ] GC(2513) - age   1:    3202680 bytes,    3202680 total
[110.444s][debug][gc,plab           ] GC(2513) Young PLAB allocation: allocated: 16512B, wasted: 0B, unused: 13944B, used: 2568B, undo waste: 0B, 
[110.444s][debug][gc,plab           ] GC(2513) Young other allocation: region end waste: 733248B, regions filled: 4, direct allocated: 3200112B, failure used: 0B, failure wasted: 0B
[110.444s][debug][gc,plab           ] GC(2513) Young sizing: calculated: 0B, actual: 2064B
[110.444s][debug][gc,plab           ] GC(2513) Old PLAB allocation: allocated: 0B, wasted: 0B, unused: 0B, used: 0B, undo waste: 0B, 
[110.444s][debug][gc,plab           ] GC(2513) Old other allocation: region end waste: 0B, regions filled: 1, direct allocated: 0B, failure used: 0B, failure wasted: 0B
[110.444s][debug][gc,plab           ] GC(2513) Old sizing: calculated: 0B, actual: 2064B
[110.444s][debug][gc,ihop           ] GC(2513) Basic information (value update), threshold: 610113945B (45.00), target occupancy: 1355808768B, current occupancy: 23097136B, recent allocation size: 0B, recent allocation duration: 38.68ms, recent old gen allocation rate: 0.00B/s, recent marking phase length: 30.68ms
[110.444s][debug][gc,ihop           ] GC(2513) Adaptive IHOP information (value update), threshold: 610113945B (47.37), internal target occupancy: 1288018329B, occupancy: 23097136B, additional buffer size: 812646400B, predicted old gen allocation rate: 60.35B/s, predicted marking phase length: 61.36ms, prediction active: false
[110.444s][debug][gc,ergo,refine    ] GC(2513) Concurrent refinement times: Logged Cards Scan time goal: 20.00ms Logged Cards Scan time: 0.00ms HCC time: 0.00ms
[110.444s][debug][gc,ergo,refine    ] GC(2513) Updated Refinement Zones: green: 2048, yellow: 6144, red: 10240
[110.444s][info ][gc,phases         ] GC(2513)   Pre Evacuate Collection Set: 0.1ms
[110.444s][debug][gc,phases         ] GC(2513)     Prepare TLABs: 0.0ms
[110.444s][debug][gc,phases         ] GC(2513)     Choose Collection Set: 0.0ms
[110.444s][debug][gc,phases         ] GC(2513)     Region Register: 0.1ms
[110.444s][debug][gc,phases         ] GC(2513)     Prepare Heap Roots: 0.0ms
[110.444s][info ][gc,phases         ] GC(2513)   Merge Heap Roots: 0.2ms
[110.444s][debug][gc,phases         ] GC(2513)     Prepare Merge Heap Roots: 0.0ms
[110.444s][debug][gc,phases         ] GC(2513)     Eager Reclaim (ms):       skipped
[110.444s][debug][gc,phases         ] GC(2513)     Remembered Sets (ms):     Min:  0.0, Avg:  0.0, Max:  0.1, Diff:  0.0, Sum:  0.4, Workers: 8
[110.444s][debug][gc,phases         ] GC(2513)       Merged Sparse:            Min: 0, Avg:  0.0, Max: 0, Diff: 0, Sum: 0, Workers: 8
[110.444s][debug][gc,phases         ] GC(2513)       Merged Fine:              Min: 0, Avg:  0.0, Max: 0, Diff: 0, Sum: 0, Workers: 8
[110.444s][debug][gc,phases         ] GC(2513)       Merged Coarse:            Min: 0, Avg:  0.0, Max: 0, Diff: 0, Sum: 0, Workers: 8
[110.444s][debug][gc,phases         ] GC(2513)       Dirty Cards:              Min: 0, Avg:  0.0, Max: 0, Diff: 0, Sum: 0, Workers: 8
[110.444s][debug][gc,phases         ] GC(2513)     Hot Card Cache (ms):      Min:  0.0, Avg:  0.0, Max:  0.0, Diff:  0.0, Sum:  0.0, Workers: 8
[110.444s][debug][gc,phases         ] GC(2513)       Dirty Cards:              Min: 0, Avg:  0.0, Max: 0, Diff: 0, Sum: 0, Workers: 8
[110.444s][debug][gc,phases         ] GC(2513)       Skipped Cards:            Min: 0, Avg:  0.0, Max: 0, Diff: 0, Sum: 0, Workers: 8
[110.444s][debug][gc,phases         ] GC(2513)     Log Buffers (ms):         Min:  0.0, Avg:  0.0, Max:  0.0, Diff:  0.0, Sum:  0.0, Workers: 8
[110.444s][debug][gc,phases         ] GC(2513)       Dirty Cards:              Min: 0, Avg:  0.2, Max: 2, Diff: 2, Sum: 2, Workers: 8
[110.444s][debug][gc,phases         ] GC(2513)       Skipped Cards:            Min: 0, Avg:  0.0, Max: 0, Diff: 0, Sum: 0, Workers: 8
[110.444s][info ][gc,phases         ] GC(2513)   Evacuate Collection Set: 0.4ms
[110.444s][debug][gc,phases         ] GC(2513)     Ext Root Scanning (ms):   Min:  0.0, Avg:  0.2, Max:  0.3, Diff:  0.2, Sum:  1.7, Workers: 8
[110.444s][debug][gc,phases         ] GC(2513)     Scan Heap Roots (ms):     Min:  0.0, Avg:  0.0, Max:  0.0, Diff:  0.0, Sum:  0.0, Workers: 8
[110.444s][debug][gc,phases         ] GC(2513)       Scanned Cards:            Min: 0, Avg:  0.2, Max: 2, Diff: 2, Sum: 2, Workers: 8
[110.444s][debug][gc,phases         ] GC(2513)       Scanned Blocks:           Min: 0, Avg:  0.2, Max: 2, Diff: 2, Sum: 2, Workers: 8
[110.444s][debug][gc,phases         ] GC(2513)       Claimed Chunks:           Min: 0, Avg:  0.2, Max: 2, Diff: 2, Sum: 2, Workers: 8
[110.444s][debug][gc,phases         ] GC(2513)     Code Root Scan (ms):      Min:  0.0, Avg:  0.0, Max:  0.0, Diff:  0.0, Sum:  0.1, Workers: 8
[110.444s][debug][gc,phases         ] GC(2513)     Object Copy (ms):         Min:  0.0, Avg:  0.0, Max:  0.0, Diff:  0.0, Sum:  0.0, Workers: 8
[110.444s][debug][gc,phases         ] GC(2513)     Termination (ms):         Min:  0.1, Avg:  0.1, Max:  0.2, Diff:  0.1, Sum:  1.1, Workers: 8
[110.444s][debug][gc,phases         ] GC(2513)       Termination Attempts:     Min: 1, Avg:  1.2, Max: 2, Diff: 1, Sum: 10, Workers: 8
[110.444s][debug][gc,phases         ] GC(2513)     GC Worker Other (ms):     Min:  0.0, Avg:  0.0, Max:  0.1, Diff:  0.1, Sum:  0.3, Workers: 8
[110.444s][debug][gc,phases         ] GC(2513)     GC Worker Total (ms):     Min:  0.4, Avg:  0.4, Max:  0.4, Diff:  0.0, Sum:  3.2, Workers: 8
[110.444s][info ][gc,phases         ] GC(2513)   Post Evacuate Collection Set: 0.6ms
[110.444s][debug][gc,phases         ] GC(2513)     Code Roots Fixup: 0.0ms
[110.444s][debug][gc,phases         ] GC(2513)     Clear Card Table: 0.1ms
[110.444s][debug][gc,phases         ] GC(2513)     Reference Processing: 0.0ms
[110.444s][debug][gc,phases,ref     ] GC(2513)       Reconsider SoftReferences: 0.0ms
[110.444s][debug][gc,phases,ref     ] GC(2513)         SoftRef (ms):             skipped
[110.444s][debug][gc,phases,ref     ] GC(2513)       Notify Soft/WeakReferences: 0.0ms
[110.444s][debug][gc,phases,ref     ] GC(2513)         SoftRef (ms):             skipped
[110.444s][debug][gc,phases,ref     ] GC(2513)         WeakRef (ms):             skipped
[110.444s][debug][gc,phases,ref     ] GC(2513)         FinalRef (ms):            skipped
[110.444s][debug][gc,phases,ref     ] GC(2513)         Total (ms):               skipped
[110.444s][debug][gc,phases,ref     ] GC(2513)       Notify and keep alive finalizable: 0.0ms
[110.444s][debug][gc,phases,ref     ] GC(2513)         FinalRef (ms):            skipped
[110.444s][debug][gc,phases,ref     ] GC(2513)       Notify PhantomReferences: 0.0ms
[110.444s][debug][gc,phases,ref     ] GC(2513)         PhantomRef (ms):          skipped
[110.444s][debug][gc,phases,ref     ] GC(2513)       SoftReference:
[110.444s][debug][gc,phases,ref     ] GC(2513)         Discovered: 0
[110.444s][debug][gc,phases,ref     ] GC(2513)         Cleared: 0
[110.444s][debug][gc,phases,ref     ] GC(2513)       WeakReference:
[110.444s][debug][gc,phases,ref     ] GC(2513)         Discovered: 0
[110.444s][debug][gc,phases,ref     ] GC(2513)         Cleared: 0
[110.444s][debug][gc,phases,ref     ] GC(2513)       FinalReference:
[110.444s][debug][gc,phases,ref     ] GC(2513)         Discovered: 0
[110.444s][debug][gc,phases,ref     ] GC(2513)         Cleared: 0
[110.444s][debug][gc,phases,ref     ] GC(2513)       PhantomReference:
[110.444s][debug][gc,phases,ref     ] GC(2513)         Discovered: 0
[110.444s][debug][gc,phases,ref     ] GC(2513)         Cleared: 0
[110.444s][debug][gc,phases         ] GC(2513)     Weak Processing: 0.0ms
[110.444s][debug][gc,phases         ] GC(2513)       JVMTI weak processing: 0.0ms
[110.444s][debug][gc,phases         ] GC(2513)         Dead: 0
[110.444s][debug][gc,phases         ] GC(2513)         Total: 0
[110.444s][debug][gc,phases         ] GC(2513)       JFR weak processing: 0.0ms
[110.444s][debug][gc,phases         ] GC(2513)         Dead: 0
[110.444s][debug][gc,phases         ] GC(2513)         Total: 0
[110.444s][debug][gc,phases         ] GC(2513)       JNI weak                  Min:  0.0, Avg:  0.0, Max:  0.0, Diff:  0.0, Sum:  0.0, Workers: 5
[110.444s][debug][gc,phases         ] GC(2513)         Dead                      Min: 0, Avg:  0.0, Max: 0, Diff: 0, Sum: 0, Workers: 5
[110.444s][debug][gc,phases         ] GC(2513)         Total                     Min: 0, Avg: 20.4, Max: 62, Diff: 62, Sum: 102, Workers: 5
[110.444s][debug][gc,phases         ] GC(2513)       VM weak                   Min:  0.0, Avg:  0.0, Max:  0.0, Diff:  0.0, Sum:  0.0, Workers: 5
[110.444s][debug][gc,phases         ] GC(2513)         Dead                      Min: 0, Avg:  0.0, Max: 0, Diff: 0, Sum: 0, Workers: 5
[110.444s][debug][gc,phases         ] GC(2513)         Total                     Min: 0, Avg: 42.4, Max: 64, Diff: 64, Sum: 212, Workers: 5
[110.444s][debug][gc,phases         ] GC(2513)       StringTable weak          Min:  0.0, Avg:  0.0, Max:  0.0, Diff:  0.0, Sum:  0.1, Workers: 5
[110.444s][debug][gc,phases         ] GC(2513)         Dead                      Min: 0, Avg:  0.0, Max: 0, Diff: 0, Sum: 0, Workers: 5
[110.444s][debug][gc,phases         ] GC(2513)         Total                     Min: 0, Avg: 684.6, Max: 896, Diff: 896, Sum: 3423, Workers: 5
[110.444s][debug][gc,phases         ] GC(2513)       ResolvedMethodTable weak  Min:  0.0, Avg:  0.0, Max:  0.0, Diff:  0.0, Sum:  0.0, Workers: 5
[110.444s][debug][gc,phases         ] GC(2513)         Dead                      Min: 0, Avg:  0.0, Max: 0, Diff: 0, Sum: 0, Workers: 5
[110.444s][debug][gc,phases         ] GC(2513)         Total                     Min: 0, Avg: 114.6, Max: 189, Diff: 189, Sum: 573, Workers: 5
[110.444s][debug][gc,phases         ] GC(2513)     Merge Per-Thread State: 0.0ms
[110.444s][debug][gc,phases         ] GC(2513)       Copied Bytes              Min: 520, Avg: 400335.0, Max: 800544, Diff: 800024, Sum: 3202680, Workers: 8
[110.444s][debug][gc,phases         ] GC(2513)       LAB Waste                 Min: 0, Avg:  0.0, Max: 0, Diff: 0, Sum: 0, Workers: 8
[110.444s][debug][gc,phases         ] GC(2513)       LAB Undo Waste            Min: 0, Avg:  0.0, Max: 0, Diff: 0, Sum: 0, Workers: 8
[110.444s][debug][gc,phases         ] GC(2513)     Code Roots Purge: 0.0ms
[110.444s][debug][gc,phases         ] GC(2513)     Redirty Cards: 0.0ms
[110.444s][debug][gc,phases         ] GC(2513)     DerivedPointerTable Update: 0.0ms
[110.444s][debug][gc,phases         ] GC(2513)     Free Collection Set: 0.2ms
[110.444s][debug][gc,phases         ] GC(2513)     Rebuild Free List: 0.1ms
[110.444s][debug][gc,phases         ] GC(2513)     Humongous Reclaim: 0.0ms
[110.444s][debug][gc,phases         ] GC(2513)     Start New Collection Set: 0.0ms
[110.444s][debug][gc,phases         ] GC(2513)     Resize TLABs: 0.0ms
[110.444s][debug][gc,phases         ] GC(2513)     Expand Heap After Collection: 0.0ms
[110.444s][info ][gc,phases         ] GC(2513)   Other: 0.3ms
[110.444s][info ][gc,heap           ] GC(2513) Eden regions: 773->0(771)
[110.444s][info ][gc,heap           ] GC(2513) Survivor regions: 2->4(97)
[110.444s][info ][gc,heap           ] GC(2513) Old regions: 18->18
[110.444s][info ][gc,heap           ] GC(2513) Archive regions: 2->2
[110.444s][info ][gc,heap           ] GC(2513) Humongous regions: 0->0
[110.444s][info ][gc,metaspace      ] GC(2513) Metaspace: 10016K(10624K)->10016K(10624K) NonClass: 8864K(9216K)->8864K(9216K) Class: 1152K(1408K)->1152K(1408K)
[110.444s][debug][gc,heap           ] GC(2513) Heap after GC invocations=2514 (full 1): garbage-first heap   total 1324032K, used 22555K [0x0000000700000000, 0x0000000800000000)
[110.444s][debug][gc,heap           ] GC(2513)   region size 1024K, 4 young (4096K), 4 survivors (4096K)
[110.444s][debug][gc,heap           ] GC(2513)  Metaspace       used 10016K, capacity 10304K, committed 10624K, reserved 1058816K
[110.444s][debug][gc,heap           ] GC(2513)   class space    used 1152K, capacity 1266K, committed 1408K, reserved 1048576K
[110.444s][info ][gc                ] GC(2513) Pause Young (Normal) (G1 Evacuation Pause) 792M->22M(1293M) 2.200ms
[110.444s][info ][gc,cpu            ] GC(2513) User=0.01s Sys=0.00s Real=0.00s
[110.444s][info ][safepoint         ] Safepoint "G1CollectForAllocation", Time since last: 37577293 ns, Reaching safepoint: 212959 ns, At safepoint: 2375718 ns, Total: 2588677 ns
[110.482s][debug][gc,heap           ] GC(2514) Heap before GC invocations=2514 (full 1): garbage-first heap   total 1324032K, used 811035K [0x0000000700000000, 0x0000000800000000)
[110.482s][debug][gc,heap           ] GC(2514)   region size 1024K, 775 young (793600K), 4 survivors (4096K)
[110.482s][debug][gc,heap           ] GC(2514)  Metaspace       used 10016K, capacity 10304K, committed 10624K, reserved 1058816K
[110.482s][debug][gc,heap           ] GC(2514)   class space    used 1152K, capacity 1266K, committed 1408K, reserved 1048576K
[110.482s][info ][gc,start          ] GC(2514) Pause Young (Normal) (G1 Evacuation Pause)
[110.482s][info ][gc,task           ] GC(2514) Using 8 workers of 8 for evacuation
[110.482s][debug][gc,tlab           ] GC(2514) TLAB totals: thrds: 8  refills: 13 max: 3 slow allocs: 1536 max 216 waste: 25.4% gc: 955288B max: 246024B slow: 58032B max: 15576B fast: 0B max: 0B
[110.482s][debug][gc,age            ] GC(2514) Desired survivor size 50855936 bytes, new threshold 15 (max threshold 15)
[110.482s][debug][gc,alloc,region   ] GC(2514) Mutator Allocation stats, regions: 771, wasted size: 180M (23.4%)
[110.482s][debug][gc,ergo           ] GC(2514) Running G1 Merge Heap Roots using 8 workers for 775 regions
[110.483s][debug][gc,remset         ] GC(2514) Visited cards 256 Total dirty 2048 (12.50%) Total old 3215360 (0.01%)
[110.483s][debug][gc,ergo           ] GC(2514) Running G1 Clear Card Table Task using 2 workers for 2 units of work for 776 regions.
[110.483s][debug][gc,ref            ] GC(2514) Skipped phase1 of Reference Processing due to unavailable references
[110.483s][debug][gc,ref            ] GC(2514) Skipped phase2 of Reference Processing due to unavailable references
[110.483s][debug][gc,ref            ] GC(2514) Skipped phase3 of Reference Processing due to unavailable references
[110.483s][debug][gc,ref            ] GC(2514) Skipped phase4 of Reference Processing due to unavailable references
[110.483s][debug][gc,ergo           ] GC(2514) Running G1 Free Collection Set using 8 workers for collection set length 775 (1293)
[110.483s][debug][gc,ergo           ] GC(2514) Running G1 Rebuild Free List Task using 8 workers for rebuilding free list of 0 (4096) regions
[110.484s][trace][gc,age            ] GC(2514) Age table with threshold 15 (max threshold 15)
[110.484s][trace][gc,age            ] GC(2514) - age   1:    2402528 bytes,    2402528 total
[110.484s][debug][gc,plab           ] GC(2514) Young PLAB allocation: allocated: 16512B, wasted: 0B, unused: 14064B, used: 2448B, undo waste: 0B, 
[110.484s][debug][gc,plab           ] GC(2514) Young other allocation: region end waste: 484704B, regions filled: 3, direct allocated: 2400080B, failure used: 0B, failure wasted: 0B
[110.484s][debug][gc,plab           ] GC(2514) Young sizing: calculated: 0B, actual: 2064B
[110.484s][debug][gc,plab           ] GC(2514) Old PLAB allocation: allocated: 0B, wasted: 0B, unused: 0B, used: 0B, undo waste: 0B, 
[110.484s][debug][gc,plab           ] GC(2514) Old other allocation: region end waste: 0B, regions filled: 1, direct allocated: 0B, failure used: 0B, failure wasted: 0B
[110.484s][debug][gc,plab           ] GC(2514) Old sizing: calculated: 0B, actual: 2064B
[110.484s][debug][gc,ihop           ] GC(2514) Basic information (value update), threshold: 610113945B (45.00), target occupancy: 1355808768B, current occupancy: 22048560B, recent allocation size: 0B, recent allocation duration: 38.70ms, recent old gen allocation rate: 0.00B/s, recent marking phase length: 30.68ms
[110.484s][debug][gc,ihop           ] GC(2514) Adaptive IHOP information (value update), threshold: 610113945B (47.37), internal target occupancy: 1288018329B, occupancy: 22048560B, additional buffer size: 812646400B, predicted old gen allocation rate: 58.82B/s, predicted marking phase length: 61.36ms, prediction active: false
[110.484s][debug][gc,ergo,refine    ] GC(2514) Concurrent refinement times: Logged Cards Scan time goal: 20.00ms Logged Cards Scan time: 0.00ms HCC time: 0.00ms
[110.484s][debug][gc,ergo,refine    ] GC(2514) Updated Refinement Zones: green: 2048, yellow: 6144, red: 10240
[110.484s][info ][gc,phases         ] GC(2514)   Pre Evacuate Collection Set: 0.1ms
[110.484s][debug][gc,phases         ] GC(2514)     Prepare TLABs: 0.0ms
[110.484s][debug][gc,phases         ] GC(2514)     Choose Collection Set: 0.0ms
[110.484s][debug][gc,phases         ] GC(2514)     Region Register: 0.1ms
[110.484s][debug][gc,phases         ] GC(2514)     Prepare Heap Roots: 0.0ms
[110.484s][info ][gc,phases         ] GC(2514)   Merge Heap Roots: 0.1ms
[110.484s][debug][gc,phases         ] GC(2514)     Prepare Merge Heap Roots: 0.0ms
[110.484s][debug][gc,phases         ] GC(2514)     Eager Reclaim (ms):       skipped
[110.484s][debug][gc,phases         ] GC(2514)     Remembered Sets (ms):     Min:  0.0, Avg:  0.0, Max:  0.0, Diff:  0.0, Sum:  0.2, Workers: 8
[110.484s][debug][gc,phases         ] GC(2514)       Merged Sparse:            Min: 0, Avg:  0.0, Max: 0, Diff: 0, Sum: 0, Workers: 8
[110.484s][debug][gc,phases         ] GC(2514)       Merged Fine:              Min: 0, Avg:  0.0, Max: 0, Diff: 0, Sum: 0, Workers: 8
[110.484s][debug][gc,phases         ] GC(2514)       Merged Coarse:            Min: 0, Avg:  0.0, Max: 0, Diff: 0, Sum: 0, Workers: 8
[110.484s][debug][gc,phases         ] GC(2514)       Dirty Cards:              Min: 0, Avg:  0.0, Max: 0, Diff: 0, Sum: 0, Workers: 8
[110.484s][debug][gc,phases         ] GC(2514)     Hot Card Cache (ms):      Min:  0.0, Avg:  0.0, Max:  0.0, Diff:  0.0, Sum:  0.0, Workers: 8
[110.484s][debug][gc,phases         ] GC(2514)       Dirty Cards:              Min: 0, Avg:  0.0, Max: 0, Diff: 0, Sum: 0, Workers: 8
[110.484s][debug][gc,phases         ] GC(2514)       Skipped Cards:            Min: 0, Avg:  0.0, Max: 0, Diff: 0, Sum: 0, Workers: 8
[110.484s][debug][gc,phases         ] GC(2514)     Log Buffers (ms):         Min:  0.0, Avg:  0.0, Max:  0.0, Diff:  0.0, Sum:  0.0, Workers: 8
[110.484s][debug][gc,phases         ] GC(2514)       Dirty Cards:              Min: 0, Avg:  0.1, Max: 1, Diff: 1, Sum: 1, Workers: 8
[110.484s][debug][gc,phases         ] GC(2514)       Skipped Cards:            Min: 0, Avg:  0.0, Max: 0, Diff: 0, Sum: 0, Workers: 8
[110.484s][info ][gc,phases         ] GC(2514)   Evacuate Collection Set: 0.3ms
[110.484s][debug][gc,phases         ] GC(2514)     Ext Root Scanning (ms):   Min:  0.0, Avg:  0.1, Max:  0.3, Diff:  0.2, Sum:  1.0, Workers: 8
[110.484s][debug][gc,phases         ] GC(2514)     Scan Heap Roots (ms):     Min:  0.0, Avg:  0.0, Max:  0.0, Diff:  0.0, Sum:  0.0, Workers: 8
[110.484s][debug][gc,phases         ] GC(2514)       Scanned Cards:            Min: 0, Avg:  0.1, Max: 1, Diff: 1, Sum: 1, Workers: 8
[110.484s][debug][gc,phases         ] GC(2514)       Scanned Blocks:           Min: 0, Avg:  0.1, Max: 1, Diff: 1, Sum: 1, Workers: 8
[110.484s][debug][gc,phases         ] GC(2514)       Claimed Chunks:           Min: 0, Avg:  0.1, Max: 1, Diff: 1, Sum: 1, Workers: 8
[110.484s][debug][gc,phases         ] GC(2514)     Code Root Scan (ms):      Min:  0.0, Avg:  0.0, Max:  0.0, Diff:  0.0, Sum:  0.1, Workers: 8
[110.484s][debug][gc,phases         ] GC(2514)     Object Copy (ms):         Min:  0.0, Avg:  0.0, Max:  0.0, Diff:  0.0, Sum:  0.0, Workers: 8
[110.484s][debug][gc,phases         ] GC(2514)     Termination (ms):         Min:  0.0, Avg:  0.1, Max:  0.1, Diff:  0.1, Sum:  0.7, Workers: 8
[110.484s][debug][gc,phases         ] GC(2514)       Termination Attempts:     Min: 1, Avg:  1.1, Max: 2, Diff: 1, Sum: 9, Workers: 8
[110.484s][debug][gc,phases         ] GC(2514)     GC Worker Other (ms):     Min:  0.0, Avg:  0.0, Max:  0.1, Diff:  0.1, Sum:  0.4, Workers: 8
[110.484s][debug][gc,phases         ] GC(2514)     GC Worker Total (ms):     Min:  0.3, Avg:  0.3, Max:  0.3, Diff:  0.0, Sum:  2.3, Workers: 8
[110.484s][info ][gc,phases         ] GC(2514)   Post Evacuate Collection Set: 0.6ms
[110.484s][debug][gc,phases         ] GC(2514)     Code Roots Fixup: 0.0ms
[110.484s][debug][gc,phases         ] GC(2514)     Clear Card Table: 0.2ms
[110.484s][debug][gc,phases         ] GC(2514)     Reference Processing: 0.0ms
[110.484s][debug][gc,phases,ref     ] GC(2514)       Reconsider SoftReferences: 0.0ms
[110.484s][debug][gc,phases,ref     ] GC(2514)         SoftRef (ms):             skipped
[110.484s][debug][gc,phases,ref     ] GC(2514)       Notify Soft/WeakReferences: 0.0ms
[110.484s][debug][gc,phases,ref     ] GC(2514)         SoftRef (ms):             skipped
[110.484s][debug][gc,phases,ref     ] GC(2514)         WeakRef (ms):             skipped
[110.484s][debug][gc,phases,ref     ] GC(2514)         FinalRef (ms):            skipped
[110.484s][debug][gc,phases,ref     ] GC(2514)         Total (ms):               skipped
[110.484s][debug][gc,phases,ref     ] GC(2514)       Notify and keep alive finalizable: 0.0ms
[110.484s][debug][gc,phases,ref     ] GC(2514)         FinalRef (ms):            skipped
[110.484s][debug][gc,phases,ref     ] GC(2514)       Notify PhantomReferences: 0.0ms
[110.484s][debug][gc,phases,ref     ] GC(2514)         PhantomRef (ms):          skipped
[110.484s][debug][gc,phases,ref     ] GC(2514)       SoftReference:
[110.484s][debug][gc,phases,ref     ] GC(2514)         Discovered: 0
[110.484s][debug][gc,phases,ref     ] GC(2514)         Cleared: 0
[110.484s][debug][gc,phases,ref     ] GC(2514)       WeakReference:
[110.484s][debug][gc,phases,ref     ] GC(2514)         Discovered: 0
[110.484s][debug][gc,phases,ref     ] GC(2514)         Cleared: 0
[110.484s][debug][gc,phases,ref     ] GC(2514)       FinalReference:
[110.484s][debug][gc,phases,ref     ] GC(2514)         Discovered: 0
[110.484s][debug][gc,phases,ref     ] GC(2514)         Cleared: 0
[110.484s][debug][gc,phases,ref     ] GC(2514)       PhantomReference:
[110.484s][debug][gc,phases,ref     ] GC(2514)         Discovered: 0
[110.484s][debug][gc,phases,ref     ] GC(2514)         Cleared: 0
[110.484s][debug][gc,phases         ] GC(2514)     Weak Processing: 0.0ms
[110.484s][debug][gc,phases         ] GC(2514)       JVMTI weak processing: 0.0ms
[110.484s][debug][gc,phases         ] GC(2514)         Dead: 0
[110.484s][debug][gc,phases         ] GC(2514)         Total: 0
[110.484s][debug][gc,phases         ] GC(2514)       JFR weak processing: 0.0ms
[110.484s][debug][gc,phases         ] GC(2514)         Dead: 0
[110.484s][debug][gc,phases         ] GC(2514)         Total: 0
[110.484s][debug][gc,phases         ] GC(2514)       JNI weak                  Min:  0.0, Avg:  0.0, Max:  0.0, Diff:  0.0, Sum:  0.0, Workers: 5
[110.484s][debug][gc,phases         ] GC(2514)         Dead                      Min: 0, Avg:  0.0, Max: 0, Diff: 0, Sum: 0, Workers: 5
[110.484s][debug][gc,phases         ] GC(2514)         Total                     Min: 0, Avg: 20.4, Max: 62, Diff: 62, Sum: 102, Workers: 5
[110.484s][debug][gc,phases         ] GC(2514)       VM weak                   Min:  0.0, Avg:  0.0, Max:  0.0, Diff:  0.0, Sum:  0.0, Workers: 5
[110.484s][debug][gc,phases         ] GC(2514)         Dead                      Min: 0, Avg:  0.0, Max: 0, Diff: 0, Sum: 0, Workers: 5
[110.484s][debug][gc,phases         ] GC(2514)         Total                     Min: 0, Avg: 42.4, Max: 128, Diff: 128, Sum: 212, Workers: 5
[110.484s][debug][gc,phases         ] GC(2514)       StringTable weak          Min:  0.0, Avg:  0.0, Max:  0.0, Diff:  0.0, Sum:  0.1, Workers: 5
[110.484s][debug][gc,phases         ] GC(2514)         Dead                      Min: 0, Avg:  0.0, Max: 0, Diff: 0, Sum: 0, Workers: 5
[110.484s][debug][gc,phases         ] GC(2514)         Total                     Min: 0, Avg: 684.6, Max: 1312, Diff: 1312, Sum: 3423, Workers: 5
[110.484s][debug][gc,phases         ] GC(2514)       ResolvedMethodTable weak  Min:  0.0, Avg:  0.0, Max:  0.0, Diff:  0.0, Sum:  0.0, Workers: 5
[110.484s][debug][gc,phases         ] GC(2514)         Dead                      Min: 0, Avg:  0.0, Max: 0, Diff: 0, Sum: 0, Workers: 5
[110.484s][debug][gc,phases         ] GC(2514)         Total                     Min: 0, Avg: 114.6, Max: 192, Diff: 192, Sum: 573, Workers: 5
[110.484s][debug][gc,phases         ] GC(2514)     Merge Per-Thread State: 0.0ms
[110.484s][debug][gc,phases         ] GC(2514)       Copied Bytes              Min: 72, Avg: 300316.0, Max: 800464, Diff: 800392, Sum: 2402528, Workers: 8
[110.484s][debug][gc,phases         ] GC(2514)       LAB Waste                 Min: 0, Avg:  0.0, Max: 0, Diff: 0, Sum: 0, Workers: 8
[110.484s][debug][gc,phases         ] GC(2514)       LAB Undo Waste            Min: 0, Avg:  0.0, Max: 0, Diff: 0, Sum: 0, Workers: 8
[110.484s][debug][gc,phases         ] GC(2514)     Code Roots Purge: 0.0ms
[110.484s][debug][gc,phases         ] GC(2514)     Redirty Cards: 0.0ms
[110.484s][debug][gc,phases         ] GC(2514)     DerivedPointerTable Update: 0.0ms
[110.484s][debug][gc,phases         ] GC(2514)     Free Collection Set: 0.2ms
[110.484s][debug][gc,phases         ] GC(2514)     Rebuild Free List: 0.1ms
[110.484s][debug][gc,phases         ] GC(2514)     Humongous Reclaim: 0.0ms
[110.484s][debug][gc,phases         ] GC(2514)     Start New Collection Set: 0.0ms
[110.484s][debug][gc,phases         ] GC(2514)     Resize TLABs: 0.0ms
[110.484s][debug][gc,phases         ] GC(2514)     Expand Heap After Collection: 0.0ms
[110.484s][info ][gc,phases         ] GC(2514)   Other: 0.3ms
[110.484s][info ][gc,heap           ] GC(2514) Eden regions: 771->0(772)
[110.484s][info ][gc,heap           ] GC(2514) Survivor regions: 4->3(97)
[110.484s][info ][gc,heap           ] GC(2514) Old regions: 18->18
[110.484s][info ][gc,heap           ] GC(2514) Archive regions: 2->2
[110.484s][info ][gc,heap           ] GC(2514) Humongous regions: 0->0
[110.484s][info ][gc,metaspace      ] GC(2514) Metaspace: 10016K(10624K)->10016K(10624K) NonClass: 8864K(9216K)->8864K(9216K) Class: 1152K(1408K)->1152K(1408K)
[110.484s][debug][gc,heap           ] GC(2514) Heap after GC invocations=2515 (full 1): garbage-first heap   total 1324032K, used 21531K [0x0000000700000000, 0x0000000800000000)
[110.484s][debug][gc,heap           ] GC(2514)   region size 1024K, 3 young (3072K), 3 survivors (3072K)
[110.484s][debug][gc,heap           ] GC(2514)  Metaspace       used 10016K, capacity 10304K, committed 10624K, reserved 1058816K
[110.484s][debug][gc,heap           ] GC(2514)   class space    used 1152K, capacity 1266K, committed 1408K, reserved 1048576K
[110.484s][info ][gc                ] GC(2514) Pause Young (Normal) (G1 Evacuation Pause) 792M->21M(1293M) 2.102ms
[110.484s][info ][gc,cpu            ] GC(2514) User=0.01s Sys=0.00s Real=0.00s
[110.484s][info ][safepoint         ] Safepoint "G1CollectForAllocation", Time since last: 37577689 ns, Reaching safepoint: 163431 ns, At safepoint: 2286065 ns, Total: 2449496 ns
[110.522s][debug][gc,heap           ] GC(2515) Heap before GC invocations=2515 (full 1): garbage-first heap   total 1324032K, used 811035K [0x0000000700000000, 0x0000000800000000)
[110.522s][debug][gc,heap           ] GC(2515)   region size 1024K, 775 young (793600K), 3 survivors (3072K)
[110.522s][debug][gc,heap           ] GC(2515)  Metaspace       used 10016K, capacity 10304K, committed 10624K, reserved 1058816K
[110.522s][debug][gc,heap           ] GC(2515)   class space    used 1152K, capacity 1266K, committed 1408K, reserved 1048576K
[110.522s][info ][gc,start          ] GC(2515) Pause Young (Normal) (G1 Evacuation Pause)
[110.522s][info ][gc,task           ] GC(2515) Using 8 workers of 8 for evacuation
[110.522s][debug][gc,tlab           ] GC(2515) TLAB totals: thrds: 8  refills: 12 max: 2 slow allocs: 1537 max 222 waste: 27.6% gc: 1080856B max: 235048B slow: 56040B max: 14304B fast: 0B max: 0B
[110.522s][debug][gc,age            ] GC(2515) Desired survivor size 50855936 bytes, new threshold 15 (max threshold 15)
[110.522s][debug][gc,alloc,region   ] GC(2515) Mutator Allocation stats, regions: 772, wasted size: 180M (23.4%)
[110.522s][debug][gc,ergo           ] GC(2515) Running G1 Merge Heap Roots using 8 workers for 775 regions
[110.522s][debug][gc,remset         ] GC(2515) Visited cards 256 Total dirty 2048 (12.50%) Total old 3215360 (0.01%)
[110.523s][debug][gc,ergo           ] GC(2515) Running G1 Clear Card Table Task using 2 workers for 2 units of work for 776 regions.
[110.523s][debug][gc,ref            ] GC(2515) Skipped phase1 of Reference Processing due to unavailable references
[110.523s][debug][gc,ref            ] GC(2515) Skipped phase2 of Reference Processing due to unavailable references
[110.523s][debug][gc,ref            ] GC(2515) Skipped phase3 of Reference Processing due to unavailable references
[110.523s][debug][gc,ref            ] GC(2515) Skipped phase4 of Reference Processing due to unavailable references
[110.523s][debug][gc,ergo           ] GC(2515) Running G1 Free Collection Set using 8 workers for collection set length 775 (1293)
[110.523s][debug][gc,ergo           ] GC(2515) Running G1 Rebuild Free List Task using 8 workers for rebuilding free list of 0 (4096) regions
[110.523s][trace][gc,age            ] GC(2515) Age table with threshold 15 (max threshold 15)
[110.523s][trace][gc,age            ] GC(2515) - age   1:    2402536 bytes,    2402536 total
[110.523s][debug][gc,plab           ] GC(2515) Young PLAB allocation: allocated: 16512B, wasted: 0B, unused: 14064B, used: 2448B, undo waste: 0B, 
[110.523s][debug][gc,plab           ] GC(2515) Young other allocation: region end waste: 484704B, regions filled: 3, direct allocated: 2400088B, failure used: 0B, failure wasted: 0B
[110.523s][debug][gc,plab           ] GC(2515) Young sizing: calculated: 0B, actual: 2064B
[110.523s][debug][gc,plab           ] GC(2515) Old PLAB allocation: allocated: 0B, wasted: 0B, unused: 0B, used: 0B, undo waste: 0B, 
[110.523s][debug][gc,plab           ] GC(2515) Old other allocation: region end waste: 0B, regions filled: 1, direct allocated: 0B, failure used: 0B, failure wasted: 0B
[110.523s][debug][gc,plab           ] GC(2515) Old sizing: calculated: 0B, actual: 2064B
[110.523s][debug][gc,ihop           ] GC(2515) Basic information (value update), threshold: 610113945B (45.00), target occupancy: 1355808768B, current occupancy: 22048568B, recent allocation size: 0B, recent allocation duration: 38.29ms, recent old gen allocation rate: 0.00B/s, recent marking phase length: 30.68ms
[110.523s][debug][gc,ihop           ] GC(2515) Adaptive IHOP information (value update), threshold: 610113945B (47.37), internal target occupancy: 1288018329B, occupancy: 22048568B, additional buffer size: 812646400B, predicted old gen allocation rate: 57.33B/s, predicted marking phase length: 61.36ms, prediction active: false
[110.523s][debug][gc,ergo,refine    ] GC(2515) Concurrent refinement times: Logged Cards Scan time goal: 20.00ms Logged Cards Scan time: 0.00ms HCC time: 0.00ms
[110.523s][debug][gc,ergo,refine    ] GC(2515) Updated Refinement Zones: green: 2048, yellow: 6144, red: 10240
[110.523s][info ][gc,phases         ] GC(2515)   Pre Evacuate Collection Set: 0.1ms
[110.523s][debug][gc,phases         ] GC(2515)     Prepare TLABs: 0.0ms
[110.523s][debug][gc,phases         ] GC(2515)     Choose Collection Set: 0.0ms
[110.523s][debug][gc,phases         ] GC(2515)     Region Register: 0.1ms
[110.523s][debug][gc,phases         ] GC(2515)     Prepare Heap Roots: 0.0ms
[110.523s][info ][gc,phases         ] GC(2515)   Merge Heap Roots: 0.1ms
[110.523s][debug][gc,phases         ] GC(2515)     Prepare Merge Heap Roots: 0.0ms
[110.523s][debug][gc,phases         ] GC(2515)     Eager Reclaim (ms):       skipped
[110.523s][debug][gc,phases         ] GC(2515)     Remembered Sets (ms):     Min:  0.0, Avg:  0.0, Max:  0.0, Diff:  0.0, Sum:  0.3, Workers: 8
[110.523s][debug][gc,phases         ] GC(2515)       Merged Sparse:            Min: 0, Avg:  0.0, Max: 0, Diff: 0, Sum: 0, Workers: 8
[110.523s][debug][gc,phases         ] GC(2515)       Merged Fine:              Min: 0, Avg:  0.0, Max: 0, Diff: 0, Sum: 0, Workers: 8
[110.523s][debug][gc,phases         ] GC(2515)       Merged Coarse:            Min: 0, Avg:  0.0, Max: 0, Diff: 0, Sum: 0, Workers: 8
[110.523s][debug][gc,phases         ] GC(2515)       Dirty Cards:              Min: 0, Avg:  0.0, Max: 0, Diff: 0, Sum: 0, Workers: 8
[110.523s][debug][gc,phases         ] GC(2515)     Hot Card Cache (ms):      Min:  0.0, Avg:  0.0, Max:  0.0, Diff:  0.0, Sum:  0.0, Workers: 8
[110.523s][debug][gc,phases         ] GC(2515)       Dirty Cards:              Min: 0, Avg:  0.0, Max: 0, Diff: 0, Sum: 0, Workers: 8
[110.523s][debug][gc,phases         ] GC(2515)       Skipped Cards:            Min: 0, Avg:  0.0, Max: 0, Diff: 0, Sum: 0, Workers: 8
[110.523s][debug][gc,phases         ] GC(2515)     Log Buffers (ms):         Min:  0.0, Avg:  0.0, Max:  0.0, Diff:  0.0, Sum:  0.0, Workers: 8
[110.523s][debug][gc,phases         ] GC(2515)       Dirty Cards:              Min: 0, Avg:  0.1, Max: 1, Diff: 1, Sum: 1, Workers: 8
[110.523s][debug][gc,phases         ] GC(2515)       Skipped Cards:            Min: 0, Avg:  0.0, Max: 0, Diff: 0, Sum: 0, Workers: 8
[110.523s][info ][gc,phases         ] GC(2515)   Evacuate Collection Set: 0.3ms
[110.523s][debug][gc,phases         ] GC(2515)     Ext Root Scanning (ms):   Min:  0.1, Avg:  0.1, Max:  0.2, Diff:  0.2, Sum:  1.2, Workers: 8
[110.523s][debug][gc,phases         ] GC(2515)     Scan Heap Roots (ms):     Min:  0.0, Avg:  0.0, Max:  0.0, Diff:  0.0, Sum:  0.0, Workers: 8
[110.523s][debug][gc,phases         ] GC(2515)       Scanned Cards:            Min: 0, Avg:  0.1, Max: 1, Diff: 1, Sum: 1, Workers: 8
[110.523s][debug][gc,phases         ] GC(2515)       Scanned Blocks:           Min: 0, Avg:  0.1, Max: 1, Diff: 1, Sum: 1, Workers: 8
[110.523s][debug][gc,phases         ] GC(2515)       Claimed Chunks:           Min: 0, Avg:  0.1, Max: 1, Diff: 1, Sum: 1, Workers: 8
[110.523s][debug][gc,phases         ] GC(2515)     Code Root Scan (ms):      Min:  0.0, Avg:  0.0, Max:  0.1, Diff:  0.1, Sum:  0.1, Workers: 8
[110.523s][debug][gc,phases         ] GC(2515)     Object Copy (ms):         Min:  0.0, Avg:  0.0, Max:  0.0, Diff:  0.0, Sum:  0.0, Workers: 8
[110.523s][debug][gc,phases         ] GC(2515)     Termination (ms):         Min:  0.1, Avg:  0.1, Max:  0.1, Diff:  0.1, Sum:  0.7, Workers: 8
[110.523s][debug][gc,phases         ] GC(2515)       Termination Attempts:     Min: 1, Avg:  1.4, Max: 2, Diff: 1, Sum: 11, Workers: 8
[110.523s][debug][gc,phases         ] GC(2515)     GC Worker Other (ms):     Min:  0.0, Avg:  0.0, Max:  0.1, Diff:  0.1, Sum:  0.4, Workers: 8
[110.524s][debug][gc,phases         ] GC(2515)     GC Worker Total (ms):     Min:  0.3, Avg:  0.3, Max:  0.3, Diff:  0.0, Sum:  2.4, Workers: 8
[110.524s][info ][gc,phases         ] GC(2515)   Post Evacuate Collection Set: 0.6ms
[110.524s][debug][gc,phases         ] GC(2515)     Code Roots Fixup: 0.0ms
[110.524s][debug][gc,phases         ] GC(2515)     Clear Card Table: 0.2ms
[110.524s][debug][gc,phases         ] GC(2515)     Reference Processing: 0.1ms
[110.524s][debug][gc,phases,ref     ] GC(2515)       Reconsider SoftReferences: 0.0ms
[110.524s][debug][gc,phases,ref     ] GC(2515)         SoftRef (ms):             skipped
[110.524s][debug][gc,phases,ref     ] GC(2515)       Notify Soft/WeakReferences: 0.0ms
[110.524s][debug][gc,phases,ref     ] GC(2515)         SoftRef (ms):             skipped
[110.524s][debug][gc,phases,ref     ] GC(2515)         WeakRef (ms):             skipped
[110.524s][debug][gc,phases,ref     ] GC(2515)         FinalRef (ms):            skipped
[110.524s][debug][gc,phases,ref     ] GC(2515)         Total (ms):               skipped
[110.524s][debug][gc,phases,ref     ] GC(2515)       Notify and keep alive finalizable: 0.0ms
[110.524s][debug][gc,phases,ref     ] GC(2515)         FinalRef (ms):            skipped
[110.524s][debug][gc,phases,ref     ] GC(2515)       Notify PhantomReferences: 0.0ms
[110.524s][debug][gc,phases,ref     ] GC(2515)         PhantomRef (ms):          skipped
[110.524s][debug][gc,phases,ref     ] GC(2515)       SoftReference:
[110.524s][debug][gc,phases,ref     ] GC(2515)         Discovered: 0
[110.524s][debug][gc,phases,ref     ] GC(2515)         Cleared: 0
[110.524s][debug][gc,phases,ref     ] GC(2515)       WeakReference:
[110.524s][debug][gc,phases,ref     ] GC(2515)         Discovered: 0
[110.524s][debug][gc,phases,ref     ] GC(2515)         Cleared: 0
[110.524s][debug][gc,phases,ref     ] GC(2515)       FinalReference:
[110.524s][debug][gc,phases,ref     ] GC(2515)         Discovered: 0
[110.524s][debug][gc,phases,ref     ] GC(2515)         Cleared: 0
[110.524s][debug][gc,phases,ref     ] GC(2515)       PhantomReference:
[110.524s][debug][gc,phases,ref     ] GC(2515)         Discovered: 0
[110.524s][debug][gc,phases,ref     ] GC(2515)         Cleared: 0
[110.524s][debug][gc,phases         ] GC(2515)     Weak Processing: 0.0ms
[110.524s][debug][gc,phases         ] GC(2515)       JVMTI weak processing: 0.0ms
[110.524s][debug][gc,phases         ] GC(2515)         Dead: 0
[110.524s][debug][gc,phases         ] GC(2515)         Total: 0
[110.524s][debug][gc,phases         ] GC(2515)       JFR weak processing: 0.0ms
[110.524s][debug][gc,phases         ] GC(2515)         Dead: 0
[110.524s][debug][gc,phases         ] GC(2515)         Total: 0
[110.524s][debug][gc,phases         ] GC(2515)       JNI weak                  Min:  0.0, Avg:  0.0, Max:  0.0, Diff:  0.0, Sum:  0.0, Workers: 5
[110.524s][debug][gc,phases         ] GC(2515)         Dead                      Min: 0, Avg:  0.0, Max: 0, Diff: 0, Sum: 0, Workers: 5
[110.524s][debug][gc,phases         ] GC(2515)         Total                     Min: 0, Avg: 20.4, Max: 62, Diff: 62, Sum: 102, Workers: 5
[110.524s][debug][gc,phases         ] GC(2515)       VM weak                   Min:  0.0, Avg:  0.0, Max:  0.0, Diff:  0.0, Sum:  0.0, Workers: 5
[110.524s][debug][gc,phases         ] GC(2515)         Dead                      Min: 0, Avg:  0.0, Max: 0, Diff: 0, Sum: 0, Workers: 5
[110.524s][debug][gc,phases         ] GC(2515)         Total                     Min: 0, Avg: 42.4, Max: 84, Diff: 84, Sum: 212, Workers: 5
[110.524s][debug][gc,phases         ] GC(2515)       StringTable weak          Min:  0.0, Avg:  0.0, Max:  0.0, Diff:  0.0, Sum:  0.0, Workers: 5
[110.524s][debug][gc,phases         ] GC(2515)         Dead                      Min: 0, Avg:  0.0, Max: 0, Diff: 0, Sum: 0, Workers: 5
[110.524s][debug][gc,phases         ] GC(2515)         Total                     Min: 0, Avg: 684.6, Max: 1376, Diff: 1376, Sum: 3423, Workers: 5
[110.524s][debug][gc,phases         ] GC(2515)       ResolvedMethodTable weak  Min:  0.0, Avg:  0.0, Max:  0.0, Diff:  0.0, Sum:  0.0, Workers: 5
[110.524s][debug][gc,phases         ] GC(2515)         Dead                      Min: 0, Avg:  0.0, Max: 0, Diff: 0, Sum: 0, Workers: 5
[110.524s][debug][gc,phases         ] GC(2515)         Total                     Min: 0, Avg: 114.6, Max: 192, Diff: 192, Sum: 573, Workers: 5
[110.524s][debug][gc,phases         ] GC(2515)     Merge Per-Thread State: 0.0ms
[110.524s][debug][gc,phases         ] GC(2515)       Copied Bytes              Min: 80, Avg: 300317.0, Max: 800176, Diff: 800096, Sum: 2402536, Workers: 8
[110.524s][debug][gc,phases         ] GC(2515)       LAB Waste                 Min: 0, Avg:  0.0, Max: 0, Diff: 0, Sum: 0, Workers: 8
[110.524s][debug][gc,phases         ] GC(2515)       LAB Undo Waste            Min: 0, Avg:  0.0, Max: 0, Diff: 0, Sum: 0, Workers: 8
[110.524s][debug][gc,phases         ] GC(2515)     Code Roots Purge: 0.0ms
[110.524s][debug][gc,phases         ] GC(2515)     Redirty Cards: 0.0ms
[110.524s][debug][gc,phases         ] GC(2515)     DerivedPointerTable Update: 0.0ms
[110.524s][debug][gc,phases         ] GC(2515)     Free Collection Set: 0.2ms
[110.524s][debug][gc,phases         ] GC(2515)     Rebuild Free List: 0.1ms
[110.524s][debug][gc,phases         ] GC(2515)     Humongous Reclaim: 0.0ms
[110.524s][debug][gc,phases         ] GC(2515)     Start New Collection Set: 0.0ms
[110.524s][debug][gc,phases         ] GC(2515)     Resize TLABs: 0.0ms
[110.524s][debug][gc,phases         ] GC(2515)     Expand Heap After Collection: 0.0ms
[110.524s][info ][gc,phases         ] GC(2515)   Other: 0.3ms
[110.524s][info ][gc,heap           ] GC(2515) Eden regions: 772->0(772)
[110.524s][info ][gc,heap           ] GC(2515) Survivor regions: 3->3(97)
[110.524s][info ][gc,heap           ] GC(2515) Old regions: 18->18
[110.524s][info ][gc,heap           ] GC(2515) Archive regions: 2->2
[110.524s][info ][gc,heap           ] GC(2515) Humongous regions: 0->0
[110.524s][info ][gc,metaspace      ] GC(2515) Metaspace: 10016K(10624K)->10016K(10624K) NonClass: 8864K(9216K)->8864K(9216K) Class: 1152K(1408K)->1152K(1408K)
[110.524s][debug][gc,heap           ] GC(2515) Heap after GC invocations=2516 (full 1): garbage-first heap   total 1324032K, used 21531K [0x0000000700000000, 0x0000000800000000)
[110.524s][debug][gc,heap           ] GC(2515)   region size 1024K, 3 young (3072K), 3 survivors (3072K)
[110.524s][debug][gc,heap           ] GC(2515)  Metaspace       used 10016K, capacity 10304K, committed 10624K, reserved 1058816K
[110.524s][debug][gc,heap           ] GC(2515)   class space    used 1152K, capacity 1266K, committed 1408K, reserved 1048576K
[110.524s][info ][gc                ] GC(2515) Pause Young (Normal) (G1 Evacuation Pause) 792M->21M(1293M) 2.133ms
[110.524s][info ][gc,cpu            ] GC(2515) User=0.01s Sys=0.00s Real=0.00s
[110.524s][info ][safepoint         ] Safepoint "G1CollectForAllocation", Time since last: 37134243 ns, Reaching safepoint: 195707 ns, At safepoint: 2404680 ns, Total: 2600387 ns
[110.567s][debug][gc,heap           ] GC(2516) Heap before GC invocations=2516 (full 1): garbage-first heap   total 1324032K, used 811035K [0x0000000700000000, 0x0000000800000000)
[110.567s][debug][gc,heap           ] GC(2516)   region size 1024K, 775 young (793600K), 3 survivors (3072K)
[110.567s][debug][gc,heap           ] GC(2516)  Metaspace       used 10016K, capacity 10304K, committed 10624K, reserved 1058816K
[110.567s][debug][gc,heap           ] GC(2516)   class space    used 1152K, capacity 1266K, committed 1408K, reserved 1048576K
[110.567s][info ][gc,start          ] GC(2516) Pause Young (Normal) (G1 Evacuation Pause)
[110.567s][info ][gc,task           ] GC(2516) Using 8 workers of 8 for evacuation
[110.567s][debug][gc,tlab           ] GC(2516) TLAB totals: thrds: 8  refills: 12 max: 2 slow allocs: 1537 max 279 waste: 31.9% gc: 987672B max: 230464B slow: 30184B max: 13912B fast: 0B max: 0B
[110.567s][debug][gc,age            ] GC(2516) Desired survivor size 50855936 bytes, new threshold 15 (max threshold 15)
[110.567s][debug][gc,alloc,region   ] GC(2516) Mutator Allocation stats, regions: 772, wasted size: 180M (23.4%)
[110.567s][debug][gc,ergo           ] GC(2516) Running G1 Merge Heap Roots using 8 workers for 775 regions
[110.567s][debug][gc,remset         ] GC(2516) Visited cards 512 Total dirty 4096 (12.50%) Total old 3215360 (0.02%)
[110.568s][debug][gc,ergo           ] GC(2516) Running G1 Clear Card Table Task using 2 workers for 2 units of work for 777 regions.
[110.568s][debug][gc,ref            ] GC(2516) Skipped phase1 of Reference Processing due to unavailable references
[110.568s][debug][gc,ref            ] GC(2516) Skipped phase2 of Reference Processing due to unavailable references
[110.568s][debug][gc,ref            ] GC(2516) Skipped phase3 of Reference Processing due to unavailable references
[110.568s][debug][gc,ref            ] GC(2516) Skipped phase4 of Reference Processing due to unavailable references
[110.568s][debug][gc,ergo           ] GC(2516) Running G1 Free Collection Set using 8 workers for collection set length 775 (1293)
[110.568s][debug][gc,ergo           ] GC(2516) Running G1 Rebuild Free List Task using 8 workers for rebuilding free list of 0 (4096) regions
[110.568s][trace][gc,age            ] GC(2516) Age table with threshold 15 (max threshold 15)
[110.568s][trace][gc,age            ] GC(2516) - age   1:    3202496 bytes,    3202496 total
[110.568s][debug][gc,plab           ] GC(2516) Young PLAB allocation: allocated: 16512B, wasted: 0B, unused: 14128B, used: 2384B, undo waste: 0B, 
[110.568s][debug][gc,plab           ] GC(2516) Young other allocation: region end waste: 733248B, regions filled: 4, direct allocated: 3200112B, failure used: 0B, failure wasted: 0B
[110.568s][debug][gc,plab           ] GC(2516) Young sizing: calculated: 0B, actual: 2064B
[110.568s][debug][gc,plab           ] GC(2516) Old PLAB allocation: allocated: 0B, wasted: 0B, unused: 0B, used: 0B, undo waste: 0B, 
[110.568s][debug][gc,plab           ] GC(2516) Old other allocation: region end waste: 0B, regions filled: 1, direct allocated: 0B, failure used: 0B, failure wasted: 0B
[110.568s][debug][gc,plab           ] GC(2516) Old sizing: calculated: 0B, actual: 2064B
[110.568s][debug][gc,ihop           ] GC(2516) Basic information (value update), threshold: 610113945B (45.00), target occupancy: 1355808768B, current occupancy: 23097136B, recent allocation size: 0B, recent allocation duration: 43.65ms, recent old gen allocation rate: 0.00B/s, recent marking phase length: 30.68ms
[110.568s][debug][gc,ihop           ] GC(2516) Adaptive IHOP information (value update), threshold: 610113945B (47.37), internal target occupancy: 1288018329B, occupancy: 23097136B, additional buffer size: 812646400B, predicted old gen allocation rate: 55.88B/s, predicted marking phase length: 61.36ms, prediction active: false
[110.568s][debug][gc,ergo,refine    ] GC(2516) Concurrent refinement times: Logged Cards Scan time goal: 20.00ms Logged Cards Scan time: 0.00ms HCC time: 0.00ms
[110.568s][debug][gc,ergo,refine    ] GC(2516) Updated Refinement Zones: green: 2048, yellow: 6144, red: 10240
[110.568s][info ][gc,phases         ] GC(2516)   Pre Evacuate Collection Set: 0.1ms
[110.568s][debug][gc,phases         ] GC(2516)     Prepare TLABs: 0.0ms
[110.568s][debug][gc,phases         ] GC(2516)     Choose Collection Set: 0.0ms
[110.568s][debug][gc,phases         ] GC(2516)     Region Register: 0.1ms
[110.568s][debug][gc,phases         ] GC(2516)     Prepare Heap Roots: 0.0ms
[110.568s][info ][gc,phases         ] GC(2516)   Merge Heap Roots: 0.1ms
[110.569s][debug][gc,phases         ] GC(2516)     Prepare Merge Heap Roots: 0.0ms
[110.569s][debug][gc,phases         ] GC(2516)     Eager Reclaim (ms):       skipped
[110.569s][debug][gc,phases         ] GC(2516)     Remembered Sets (ms):     Min:  0.0, Avg:  0.0, Max:  0.0, Diff:  0.0, Sum:  0.3, Workers: 8
[110.569s][debug][gc,phases         ] GC(2516)       Merged Sparse:            Min: 0, Avg:  0.0, Max: 0, Diff: 0, Sum: 0, Workers: 8
[110.569s][debug][gc,phases         ] GC(2516)       Merged Fine:              Min: 0, Avg:  0.0, Max: 0, Diff: 0, Sum: 0, Workers: 8
[110.569s][debug][gc,phases         ] GC(2516)       Merged Coarse:            Min: 0, Avg:  0.0, Max: 0, Diff: 0, Sum: 0, Workers: 8
[110.569s][debug][gc,phases         ] GC(2516)       Dirty Cards:              Min: 0, Avg:  0.0, Max: 0, Diff: 0, Sum: 0, Workers: 8
[110.569s][debug][gc,phases         ] GC(2516)     Hot Card Cache (ms):      Min:  0.0, Avg:  0.0, Max:  0.0, Diff:  0.0, Sum:  0.0, Workers: 8
[110.569s][debug][gc,phases         ] GC(2516)       Dirty Cards:              Min: 0, Avg:  0.0, Max: 0, Diff: 0, Sum: 0, Workers: 8
[110.569s][debug][gc,phases         ] GC(2516)       Skipped Cards:            Min: 0, Avg:  0.0, Max: 0, Diff: 0, Sum: 0, Workers: 8
[110.569s][debug][gc,phases         ] GC(2516)     Log Buffers (ms):         Min:  0.0, Avg:  0.0, Max:  0.0, Diff:  0.0, Sum:  0.0, Workers: 8
[110.569s][debug][gc,phases         ] GC(2516)       Dirty Cards:              Min: 0, Avg:  0.2, Max: 1, Diff: 1, Sum: 2, Workers: 8
[110.569s][debug][gc,phases         ] GC(2516)       Skipped Cards:            Min: 0, Avg:  0.0, Max: 0, Diff: 0, Sum: 0, Workers: 8
[110.569s][info ][gc,phases         ] GC(2516)   Evacuate Collection Set: 0.4ms
[110.569s][debug][gc,phases         ] GC(2516)     Ext Root Scanning (ms):   Min:  0.1, Avg:  0.2, Max:  0.3, Diff:  0.2, Sum:  1.7, Workers: 8
[110.569s][debug][gc,phases         ] GC(2516)     Scan Heap Roots (ms):     Min:  0.0, Avg:  0.0, Max:  0.0, Diff:  0.0, Sum:  0.0, Workers: 8
[110.569s][debug][gc,phases         ] GC(2516)       Scanned Cards:            Min: 0, Avg:  0.2, Max: 2, Diff: 2, Sum: 2, Workers: 8
[110.569s][debug][gc,phases         ] GC(2516)       Scanned Blocks:           Min: 0, Avg:  0.2, Max: 2, Diff: 2, Sum: 2, Workers: 8
[110.569s][debug][gc,phases         ] GC(2516)       Claimed Chunks:           Min: 0, Avg:  0.2, Max: 2, Diff: 2, Sum: 2, Workers: 8
[110.569s][debug][gc,phases         ] GC(2516)     Code Root Scan (ms):      Min:  0.0, Avg:  0.0, Max:  0.1, Diff:  0.1, Sum:  0.1, Workers: 8
[110.569s][debug][gc,phases         ] GC(2516)     Object Copy (ms):         Min:  0.0, Avg:  0.0, Max:  0.0, Diff:  0.0, Sum:  0.0, Workers: 8
[110.569s][debug][gc,phases         ] GC(2516)     Termination (ms):         Min:  0.0, Avg:  0.1, Max:  0.1, Diff:  0.1, Sum:  0.6, Workers: 8
[110.569s][debug][gc,phases         ] GC(2516)       Termination Attempts:     Min: 1, Avg:  1.1, Max: 2, Diff: 1, Sum: 9, Workers: 8
[110.569s][debug][gc,phases         ] GC(2516)     GC Worker Other (ms):     Min:  0.0, Avg:  0.0, Max:  0.1, Diff:  0.1, Sum:  0.4, Workers: 8
[110.569s][debug][gc,phases         ] GC(2516)     GC Worker Total (ms):     Min:  0.3, Avg:  0.4, Max:  0.4, Diff:  0.0, Sum:  2.9, Workers: 8
[110.569s][info ][gc,phases         ] GC(2516)   Post Evacuate Collection Set: 0.7ms
[110.569s][debug][gc,phases         ] GC(2516)     Code Roots Fixup: 0.0ms
[110.569s][debug][gc,phases         ] GC(2516)     Clear Card Table: 0.2ms
[110.569s][debug][gc,phases         ] GC(2516)     Reference Processing: 0.0ms
[110.569s][debug][gc,phases,ref     ] GC(2516)       Reconsider SoftReferences: 0.0ms
[110.569s][debug][gc,phases,ref     ] GC(2516)         SoftRef (ms):             skipped
[110.569s][debug][gc,phases,ref     ] GC(2516)       Notify Soft/WeakReferences: 0.0ms
[110.569s][debug][gc,phases,ref     ] GC(2516)         SoftRef (ms):             skipped
[110.569s][debug][gc,phases,ref     ] GC(2516)         WeakRef (ms):             skipped
[110.569s][debug][gc,phases,ref     ] GC(2516)         FinalRef (ms):            skipped
[110.569s][debug][gc,phases,ref     ] GC(2516)         Total (ms):               skipped
[110.569s][debug][gc,phases,ref     ] GC(2516)       Notify and keep alive finalizable: 0.0ms
[110.569s][debug][gc,phases,ref     ] GC(2516)         FinalRef (ms):            skipped
[110.569s][debug][gc,phases,ref     ] GC(2516)       Notify PhantomReferences: 0.0ms
[110.569s][debug][gc,phases,ref     ] GC(2516)         PhantomRef (ms):          skipped
[110.569s][debug][gc,phases,ref     ] GC(2516)       SoftReference:
[110.569s][debug][gc,phases,ref     ] GC(2516)         Discovered: 0
[110.569s][debug][gc,phases,ref     ] GC(2516)         Cleared: 0
[110.569s][debug][gc,phases,ref     ] GC(2516)       WeakReference:
[110.569s][debug][gc,phases,ref     ] GC(2516)         Discovered: 0
[110.569s][debug][gc,phases,ref     ] GC(2516)         Cleared: 0
[110.569s][debug][gc,phases,ref     ] GC(2516)       FinalReference:
[110.569s][debug][gc,phases,ref     ] GC(2516)         Discovered: 0
[110.569s][debug][gc,phases,ref     ] GC(2516)         Cleared: 0
[110.569s][debug][gc,phases,ref     ] GC(2516)       PhantomReference:
[110.569s][debug][gc,phases,ref     ] GC(2516)         Discovered: 0
[110.569s][debug][gc,phases,ref     ] GC(2516)         Cleared: 0
[110.569s][debug][gc,phases         ] GC(2516)     Weak Processing: 0.0ms
[110.569s][debug][gc,phases         ] GC(2516)       JVMTI weak processing: 0.0ms
[110.569s][debug][gc,phases         ] GC(2516)         Dead: 0
[110.569s][debug][gc,phases         ] GC(2516)         Total: 0
[110.569s][debug][gc,phases         ] GC(2516)       JFR weak processing: 0.0ms
[110.569s][debug][gc,phases         ] GC(2516)         Dead: 0
[110.569s][debug][gc,phases         ] GC(2516)         Total: 0
[110.569s][debug][gc,phases         ] GC(2516)       JNI weak                  Min:  0.0, Avg:  0.0, Max:  0.0, Diff:  0.0, Sum:  0.0, Workers: 5
[110.569s][debug][gc,phases         ] GC(2516)         Dead                      Min: 0, Avg:  0.0, Max: 0, Diff: 0, Sum: 0, Workers: 5
[110.569s][debug][gc,phases         ] GC(2516)         Total                     Min: 0, Avg: 20.4, Max: 62, Diff: 62, Sum: 102, Workers: 5
[110.569s][debug][gc,phases         ] GC(2516)       VM weak                   Min:  0.0, Avg:  0.0, Max:  0.0, Diff:  0.0, Sum:  0.0, Workers: 5
[110.569s][debug][gc,phases         ] GC(2516)         Dead                      Min: 0, Avg:  0.0, Max: 0, Diff: 0, Sum: 0, Workers: 5
[110.569s][debug][gc,phases         ] GC(2516)         Total                     Min: 0, Avg: 42.4, Max: 64, Diff: 64, Sum: 212, Workers: 5
[110.569s][debug][gc,phases         ] GC(2516)       StringTable weak          Min:  0.0, Avg:  0.0, Max:  0.0, Diff:  0.0, Sum:  0.1, Workers: 5
[110.569s][debug][gc,phases         ] GC(2516)         Dead                      Min: 0, Avg:  0.0, Max: 0, Diff: 0, Sum: 0, Workers: 5
[110.569s][debug][gc,phases         ] GC(2516)         Total                     Min: 575, Avg: 684.6, Max: 832, Diff: 257, Sum: 3423, Workers: 5
[110.569s][debug][gc,phases         ] GC(2516)       ResolvedMethodTable weak  Min:  0.0, Avg:  0.0, Max:  0.0, Diff:  0.0, Sum:  0.0, Workers: 5
[110.569s][debug][gc,phases         ] GC(2516)         Dead                      Min: 0, Avg:  0.0, Max: 0, Diff: 0, Sum: 0, Workers: 5
[110.569s][debug][gc,phases         ] GC(2516)         Total                     Min: 64, Avg: 114.6, Max: 189, Diff: 125, Sum: 573, Workers: 5
[110.569s][debug][gc,phases         ] GC(2516)     Merge Per-Thread State: 0.1ms
[110.569s][debug][gc,phases         ] GC(2516)       Copied Bytes              Min: 304, Avg: 400312.0, Max: 800136, Diff: 799832, Sum: 3202496, Workers: 8
[110.569s][debug][gc,phases         ] GC(2516)       LAB Waste                 Min: 0, Avg:  0.0, Max: 0, Diff: 0, Sum: 0, Workers: 8
[110.569s][debug][gc,phases         ] GC(2516)       LAB Undo Waste            Min: 0, Avg:  0.0, Max: 0, Diff: 0, Sum: 0, Workers: 8
[110.569s][debug][gc,phases         ] GC(2516)     Code Roots Purge: 0.0ms
[110.569s][debug][gc,phases         ] GC(2516)     Redirty Cards: 0.1ms
[110.569s][debug][gc,phases         ] GC(2516)     DerivedPointerTable Update: 0.0ms
[110.569s][debug][gc,phases         ] GC(2516)     Free Collection Set: 0.2ms
[110.569s][debug][gc,phases         ] GC(2516)     Rebuild Free List: 0.1ms
[110.569s][debug][gc,phases         ] GC(2516)     Humongous Reclaim: 0.0ms
[110.569s][debug][gc,phases         ] GC(2516)     Start New Collection Set: 0.0ms
[110.569s][debug][gc,phases         ] GC(2516)     Resize TLABs: 0.0ms
[110.569s][debug][gc,phases         ] GC(2516)     Expand Heap After Collection: 0.0ms
[110.569s][info ][gc,phases         ] GC(2516)   Other: 0.4ms
[110.569s][info ][gc,heap           ] GC(2516) Eden regions: 772->0(771)
[110.569s][info ][gc,heap           ] GC(2516) Survivor regions: 3->4(97)
[110.569s][info ][gc,heap           ] GC(2516) Old regions: 18->18
[110.569s][info ][gc,heap           ] GC(2516) Archive regions: 2->2
[110.569s][info ][gc,heap           ] GC(2516) Humongous regions: 0->0
[110.569s][info ][gc,metaspace      ] GC(2516) Metaspace: 10016K(10624K)->10016K(10624K) NonClass: 8864K(9216K)->8864K(9216K) Class: 1152K(1408K)->1152K(1408K)
[110.569s][debug][gc,heap           ] GC(2516) Heap after GC invocations=2517 (full 1): garbage-first heap   total 1324032K, used 22555K [0x0000000700000000, 0x0000000800000000)
[110.569s][debug][gc,heap           ] GC(2516)   region size 1024K, 4 young (4096K), 4 survivors (4096K)
[110.569s][debug][gc,heap           ] GC(2516)  Metaspace       used 10016K, capacity 10304K, committed 10624K, reserved 1058816K
[110.569s][debug][gc,heap           ] GC(2516)   class space    used 1152K, capacity 1266K, committed 1408K, reserved 1048576K
[110.569s][info ][gc                ] GC(2516) Pause Young (Normal) (G1 Evacuation Pause) 792M->22M(1293M) 2.481ms
[110.569s][info ][gc,cpu            ] GC(2516) User=0.01s Sys=0.00s Real=0.00s
[110.569s][info ][safepoint         ] Safepoint "G1CollectForAllocation", Time since last: 42340518 ns, Reaching safepoint: 190544 ns, At safepoint: 2760096 ns, Total: 2950640 ns
[110.608s][debug][gc,heap           ] GC(2517) Heap before GC invocations=2517 (full 1): garbage-first heap   total 1324032K, used 811035K [0x0000000700000000, 0x0000000800000000)
[110.609s][debug][gc,heap           ] GC(2517)   region size 1024K, 775 young (793600K), 4 survivors (4096K)
[110.609s][debug][gc,heap           ] GC(2517)  Metaspace       used 10016K, capacity 10304K, committed 10624K, reserved 1058816K
[110.609s][debug][gc,heap           ] GC(2517)   class space    used 1152K, capacity 1266K, committed 1408K, reserved 1048576K
[110.609s][info ][gc,start          ] GC(2517) Pause Young (Normal) (G1 Evacuation Pause)
[110.609s][info ][gc,task           ] GC(2517) Using 8 workers of 8 for evacuation
[110.609s][debug][gc,tlab           ] GC(2517) TLAB totals: thrds: 8  refills: 14 max: 3 slow allocs: 1536 max 229 waste: 27.7% gc: 1081640B max: 216960B slow: 57736B max: 15488B fast: 0B max: 0B
[110.609s][debug][gc,age            ] GC(2517) Desired survivor size 50855936 bytes, new threshold 15 (max threshold 15)
[110.609s][debug][gc,alloc,region   ] GC(2517) Mutator Allocation stats, regions: 771, wasted size: 180M (23.4%)
[110.609s][debug][gc,ergo           ] GC(2517) Running G1 Merge Heap Roots using 8 workers for 775 regions
[110.609s][debug][gc,remset         ] GC(2517) Visited cards 256 Total dirty 2048 (12.50%) Total old 3215360 (0.01%)
[110.609s][debug][gc,ergo           ] GC(2517) Running G1 Clear Card Table Task using 2 workers for 2 units of work for 776 regions.
[110.610s][debug][gc,ref            ] GC(2517) Skipped phase1 of Reference Processing due to unavailable references
[110.610s][debug][gc,ref            ] GC(2517) Skipped phase2 of Reference Processing due to unavailable references
[110.610s][debug][gc,ref            ] GC(2517) Skipped phase3 of Reference Processing due to unavailable references
[110.610s][debug][gc,ref            ] GC(2517) Skipped phase4 of Reference Processing due to unavailable references
[110.610s][debug][gc,ergo           ] GC(2517) Running G1 Free Collection Set using 8 workers for collection set length 775 (1293)
[110.610s][debug][gc,ergo           ] GC(2517) Running G1 Rebuild Free List Task using 8 workers for rebuilding free list of 0 (4096) regions
[110.610s][trace][gc,age            ] GC(2517) Age table with threshold 15 (max threshold 15)
[110.610s][trace][gc,age            ] GC(2517) - age   1:    3202728 bytes,    3202728 total
[110.610s][debug][gc,plab           ] GC(2517) Young PLAB allocation: allocated: 16512B, wasted: 0B, unused: 13904B, used: 2608B, undo waste: 0B, 
[110.610s][debug][gc,plab           ] GC(2517) Young other allocation: region end waste: 731184B, regions filled: 4, direct allocated: 3200120B, failure used: 0B, failure wasted: 0B
[110.610s][debug][gc,plab           ] GC(2517) Young sizing: calculated: 0B, actual: 2064B
[110.610s][debug][gc,plab           ] GC(2517) Old PLAB allocation: allocated: 0B, wasted: 0B, unused: 0B, used: 0B, undo waste: 0B, 
[110.610s][debug][gc,plab           ] GC(2517) Old other allocation: region end waste: 0B, regions filled: 1, direct allocated: 0B, failure used: 0B, failure wasted: 0B
[110.610s][debug][gc,plab           ] GC(2517) Old sizing: calculated: 0B, actual: 2064B
[110.610s][debug][gc,ihop           ] GC(2517) Basic information (value update), threshold: 610113945B (45.00), target occupancy: 1355808768B, current occupancy: 23095080B, recent allocation size: 0B, recent allocation duration: 40.25ms, recent old gen allocation rate: 0.00B/s, recent marking phase length: 30.68ms
[110.610s][debug][gc,ihop           ] GC(2517) Adaptive IHOP information (value update), threshold: 610113945B (47.37), internal target occupancy: 1288018329B, occupancy: 23095080B, additional buffer size: 812646400B, predicted old gen allocation rate: 54.46B/s, predicted marking phase length: 61.36ms, prediction active: false
[110.610s][debug][gc,ergo,refine    ] GC(2517) Concurrent refinement times: Logged Cards Scan time goal: 20.00ms Logged Cards Scan time: 0.00ms HCC time: 0.00ms
[110.610s][debug][gc,ergo,refine    ] GC(2517) Updated Refinement Zones: green: 2048, yellow: 6144, red: 10240
[110.610s][info ][gc,phases         ] GC(2517)   Pre Evacuate Collection Set: 0.1ms
[110.610s][debug][gc,phases         ] GC(2517)     Prepare TLABs: 0.0ms
[110.610s][debug][gc,phases         ] GC(2517)     Choose Collection Set: 0.0ms
[110.610s][debug][gc,phases         ] GC(2517)     Region Register: 0.1ms
[110.610s][debug][gc,phases         ] GC(2517)     Prepare Heap Roots: 0.0ms
[110.610s][info ][gc,phases         ] GC(2517)   Merge Heap Roots: 0.1ms
[110.610s][debug][gc,phases         ] GC(2517)     Prepare Merge Heap Roots: 0.0ms
[110.610s][debug][gc,phases         ] GC(2517)     Eager Reclaim (ms):       skipped
[110.610s][debug][gc,phases         ] GC(2517)     Remembered Sets (ms):     Min:  0.0, Avg:  0.0, Max:  0.0, Diff:  0.0, Sum:  0.2, Workers: 8
[110.610s][debug][gc,phases         ] GC(2517)       Merged Sparse:            Min: 0, Avg:  0.0, Max: 0, Diff: 0, Sum: 0, Workers: 8
[110.610s][debug][gc,phases         ] GC(2517)       Merged Fine:              Min: 0, Avg:  0.0, Max: 0, Diff: 0, Sum: 0, Workers: 8
[110.610s][debug][gc,phases         ] GC(2517)       Merged Coarse:            Min: 0, Avg:  0.0, Max: 0, Diff: 0, Sum: 0, Workers: 8
[110.610s][debug][gc,phases         ] GC(2517)       Dirty Cards:              Min: 0, Avg:  0.0, Max: 0, Diff: 0, Sum: 0, Workers: 8
[110.610s][debug][gc,phases         ] GC(2517)     Hot Card Cache (ms):      Min:  0.0, Avg:  0.0, Max:  0.0, Diff:  0.0, Sum:  0.0, Workers: 8
[110.610s][debug][gc,phases         ] GC(2517)       Dirty Cards:              Min: 0, Avg:  0.0, Max: 0, Diff: 0, Sum: 0, Workers: 8
[110.610s][debug][gc,phases         ] GC(2517)       Skipped Cards:            Min: 0, Avg:  0.0, Max: 0, Diff: 0, Sum: 0, Workers: 8
[110.610s][debug][gc,phases         ] GC(2517)     Log Buffers (ms):         Min:  0.0, Avg:  0.0, Max:  0.0, Diff:  0.0, Sum:  0.0, Workers: 8
[110.610s][debug][gc,phases         ] GC(2517)       Dirty Cards:              Min: 0, Avg:  0.1, Max: 1, Diff: 1, Sum: 1, Workers: 8
[110.610s][debug][gc,phases         ] GC(2517)       Skipped Cards:            Min: 0, Avg:  0.0, Max: 0, Diff: 0, Sum: 0, Workers: 8
[110.610s][info ][gc,phases         ] GC(2517)   Evacuate Collection Set: 0.4ms
[110.610s][debug][gc,phases         ] GC(2517)     Ext Root Scanning (ms):   Min:  0.2, Avg:  0.2, Max:  0.3, Diff:  0.1, Sum:  1.9, Workers: 8
[110.610s][debug][gc,phases         ] GC(2517)     Scan Heap Roots (ms):     Min:  0.0, Avg:  0.0, Max:  0.0, Diff:  0.0, Sum:  0.0, Workers: 8
[110.610s][debug][gc,phases         ] GC(2517)       Scanned Cards:            Min: 0, Avg:  0.1, Max: 1, Diff: 1, Sum: 1, Workers: 8
[110.610s][debug][gc,phases         ] GC(2517)       Scanned Blocks:           Min: 0, Avg:  0.1, Max: 1, Diff: 1, Sum: 1, Workers: 8
[110.610s][debug][gc,phases         ] GC(2517)       Claimed Chunks:           Min: 0, Avg:  0.1, Max: 1, Diff: 1, Sum: 1, Workers: 8
[110.610s][debug][gc,phases         ] GC(2517)     Code Root Scan (ms):      Min:  0.0, Avg:  0.0, Max:  0.0, Diff:  0.0, Sum:  0.1, Workers: 8
[110.610s][debug][gc,phases         ] GC(2517)     Object Copy (ms):         Min:  0.0, Avg:  0.0, Max:  0.0, Diff:  0.0, Sum:  0.0, Workers: 8
[110.610s][debug][gc,phases         ] GC(2517)     Termination (ms):         Min:  0.1, Avg:  0.1, Max:  0.1, Diff:  0.0, Sum:  0.7, Workers: 8
[110.610s][debug][gc,phases         ] GC(2517)       Termination Attempts:     Min: 1, Avg:  1.0, Max: 1, Diff: 0, Sum: 8, Workers: 8
[110.610s][debug][gc,phases         ] GC(2517)     GC Worker Other (ms):     Min:  0.0, Avg:  0.1, Max:  0.1, Diff:  0.0, Sum:  0.4, Workers: 8
[110.610s][debug][gc,phases         ] GC(2517)     GC Worker Total (ms):     Min:  0.4, Avg:  0.4, Max:  0.4, Diff:  0.1, Sum:  3.2, Workers: 8
[110.610s][info ][gc,phases         ] GC(2517)   Post Evacuate Collection Set: 0.6ms
[110.610s][debug][gc,phases         ] GC(2517)     Code Roots Fixup: 0.0ms
[110.610s][debug][gc,phases         ] GC(2517)     Clear Card Table: 0.2ms
[110.610s][debug][gc,phases         ] GC(2517)     Reference Processing: 0.0ms
[110.610s][debug][gc,phases,ref     ] GC(2517)       Reconsider SoftReferences: 0.0ms
[110.610s][debug][gc,phases,ref     ] GC(2517)         SoftRef (ms):             skipped
[110.610s][debug][gc,phases,ref     ] GC(2517)       Notify Soft/WeakReferences: 0.0ms
[110.610s][debug][gc,phases,ref     ] GC(2517)         SoftRef (ms):             skipped
[110.610s][debug][gc,phases,ref     ] GC(2517)         WeakRef (ms):             skipped
[110.610s][debug][gc,phases,ref     ] GC(2517)         FinalRef (ms):            skipped
[110.610s][debug][gc,phases,ref     ] GC(2517)         Total (ms):               skipped
[110.610s][debug][gc,phases,ref     ] GC(2517)       Notify and keep alive finalizable: 0.0ms
[110.610s][debug][gc,phases,ref     ] GC(2517)         FinalRef (ms):            skipped
[110.610s][debug][gc,phases,ref     ] GC(2517)       Notify PhantomReferences: 0.0ms
[110.610s][debug][gc,phases,ref     ] GC(2517)         PhantomRef (ms):          skipped
[110.610s][debug][gc,phases,ref     ] GC(2517)       SoftReference:
[110.610s][debug][gc,phases,ref     ] GC(2517)         Discovered: 0
[110.610s][debug][gc,phases,ref     ] GC(2517)         Cleared: 0
[110.610s][debug][gc,phases,ref     ] GC(2517)       WeakReference:
[110.610s][debug][gc,phases,ref     ] GC(2517)         Discovered: 0
[110.610s][debug][gc,phases,ref     ] GC(2517)         Cleared: 0
[110.610s][debug][gc,phases,ref     ] GC(2517)       FinalReference:
[110.610s][debug][gc,phases,ref     ] GC(2517)         Discovered: 0
[110.610s][debug][gc,phases,ref     ] GC(2517)         Cleared: 0
[110.610s][debug][gc,phases,ref     ] GC(2517)       PhantomReference:
[110.610s][debug][gc,phases,ref     ] GC(2517)         Discovered: 0
[110.610s][debug][gc,phases,ref     ] GC(2517)         Cleared: 0
[110.610s][debug][gc,phases         ] GC(2517)     Weak Processing: 0.1ms
[110.610s][debug][gc,phases         ] GC(2517)       JVMTI weak processing: 0.0ms
[110.611s][debug][gc,phases         ] GC(2517)         Dead: 0
[110.611s][debug][gc,phases         ] GC(2517)         Total: 0
[110.611s][debug][gc,phases         ] GC(2517)       JFR weak processing: 0.0ms
[110.611s][debug][gc,phases         ] GC(2517)         Dead: 0
[110.611s][debug][gc,phases         ] GC(2517)         Total: 0
[110.611s][debug][gc,phases         ] GC(2517)       JNI weak                  Min:  0.0, Avg:  0.0, Max:  0.0, Diff:  0.0, Sum:  0.0, Workers: 5
[110.611s][debug][gc,phases         ] GC(2517)         Dead                      Min: 0, Avg:  0.0, Max: 0, Diff: 0, Sum: 0, Workers: 5
[110.611s][debug][gc,phases         ] GC(2517)         Total                     Min: 0, Avg: 20.4, Max: 62, Diff: 62, Sum: 102, Workers: 5
[110.611s][debug][gc,phases         ] GC(2517)       VM weak                   Min:  0.0, Avg:  0.0, Max:  0.0, Diff:  0.0, Sum:  0.0, Workers: 5
[110.611s][debug][gc,phases         ] GC(2517)         Dead                      Min: 0, Avg:  0.0, Max: 0, Diff: 0, Sum: 0, Workers: 5
[110.611s][debug][gc,phases         ] GC(2517)         Total                     Min: 0, Avg: 42.4, Max: 128, Diff: 128, Sum: 212, Workers: 5
[110.611s][debug][gc,phases         ] GC(2517)       StringTable weak          Min:  0.0, Avg:  0.0, Max:  0.0, Diff:  0.0, Sum:  0.1, Workers: 5
[110.611s][debug][gc,phases         ] GC(2517)         Dead                      Min: 0, Avg:  0.0, Max: 0, Diff: 0, Sum: 0, Workers: 5
[110.611s][debug][gc,phases         ] GC(2517)         Total                     Min: 0, Avg: 684.6, Max: 1727, Diff: 1727, Sum: 3423, Workers: 5
[110.611s][debug][gc,phases         ] GC(2517)       ResolvedMethodTable weak  Min:  0.0, Avg:  0.0, Max:  0.0, Diff:  0.0, Sum:  0.0, Workers: 5
[110.611s][debug][gc,phases         ] GC(2517)         Dead                      Min: 0, Avg:  0.0, Max: 0, Diff: 0, Sum: 0, Workers: 5
[110.611s][debug][gc,phases         ] GC(2517)         Total                     Min: 0, Avg: 114.6, Max: 317, Diff: 317, Sum: 573, Workers: 5
[110.611s][debug][gc,phases         ] GC(2517)     Merge Per-Thread State: 0.0ms
[110.611s][debug][gc,phases         ] GC(2517)       Copied Bytes              Min: 232, Avg: 400341.0, Max: 800096, Diff: 799864, Sum: 3202728, Workers: 8
[110.611s][debug][gc,phases         ] GC(2517)       LAB Waste                 Min: 0, Avg:  0.0, Max: 0, Diff: 0, Sum: 0, Workers: 8
[110.611s][debug][gc,phases         ] GC(2517)       LAB Undo Waste            Min: 0, Avg:  0.0, Max: 0, Diff: 0, Sum: 0, Workers: 8
[110.611s][debug][gc,phases         ] GC(2517)     Code Roots Purge: 0.0ms
[110.611s][debug][gc,phases         ] GC(2517)     Redirty Cards: 0.0ms
[110.611s][debug][gc,phases         ] GC(2517)     DerivedPointerTable Update: 0.0ms
[110.611s][debug][gc,phases         ] GC(2517)     Free Collection Set: 0.2ms
[110.611s][debug][gc,phases         ] GC(2517)     Rebuild Free List: 0.1ms
[110.611s][debug][gc,phases         ] GC(2517)     Humongous Reclaim: 0.0ms
[110.611s][debug][gc,phases         ] GC(2517)     Start New Collection Set: 0.0ms
[110.611s][debug][gc,phases         ] GC(2517)     Resize TLABs: 0.0ms
[110.611s][debug][gc,phases         ] GC(2517)     Expand Heap After Collection: 0.0ms
[110.611s][info ][gc,phases         ] GC(2517)   Other: 0.4ms
[110.611s][info ][gc,heap           ] GC(2517) Eden regions: 771->0(771)
[110.611s][info ][gc,heap           ] GC(2517) Survivor regions: 4->4(97)
[110.611s][info ][gc,heap           ] GC(2517) Old regions: 18->18
[110.611s][info ][gc,heap           ] GC(2517) Archive regions: 2->2
[110.611s][info ][gc,heap           ] GC(2517) Humongous regions: 0->0
[110.611s][info ][gc,metaspace      ] GC(2517) Metaspace: 10016K(10624K)->10016K(10624K) NonClass: 8864K(9216K)->8864K(9216K) Class: 1152K(1408K)->1152K(1408K)
[110.611s][debug][gc,heap           ] GC(2517) Heap after GC invocations=2518 (full 1): garbage-first heap   total 1324032K, used 22553K [0x0000000700000000, 0x0000000800000000)
[110.611s][debug][gc,heap           ] GC(2517)   region size 1024K, 4 young (4096K), 4 survivors (4096K)
[110.611s][debug][gc,heap           ] GC(2517)  Metaspace       used 10016K, capacity 10304K, committed 10624K, reserved 1058816K
[110.611s][debug][gc,heap           ] GC(2517)   class space    used 1152K, capacity 1266K, committed 1408K, reserved 1048576K
[110.611s][info ][gc                ] GC(2517) Pause Young (Normal) (G1 Evacuation Pause) 792M->22M(1293M) 2.209ms
[110.611s][info ][gc,cpu            ] GC(2517) User=0.00s Sys=0.00s Real=0.00s
[110.611s][info ][safepoint         ] Safepoint "G1CollectForAllocation", Time since last: 38898130 ns, Reaching safepoint: 132931 ns, At safepoint: 2388256 ns, Total: 2521187 ns
[110.649s][debug][gc,heap           ] GC(2518) Heap before GC invocations=2518 (full 1): garbage-first heap   total 1324032K, used 811033K [0x0000000700000000, 0x0000000800000000)
[110.649s][debug][gc,heap           ] GC(2518)   region size 1024K, 775 young (793600K), 4 survivors (4096K)
[110.649s][debug][gc,heap           ] GC(2518)  Metaspace       used 10016K, capacity 10304K, committed 10624K, reserved 1058816K
[110.649s][debug][gc,heap           ] GC(2518)   class space    used 1152K, capacity 1266K, committed 1408K, reserved 1048576K
[110.649s][info ][gc,start          ] GC(2518) Pause Young (Normal) (G1 Evacuation Pause)
[110.649s][info ][gc,task           ] GC(2518) Using 8 workers of 8 for evacuation
[110.649s][debug][gc,tlab           ] GC(2518) TLAB totals: thrds: 8  refills: 14 max: 3 slow allocs: 1534 max 211 waste: 27.7% gc: 1082960B max: 232528B slow: 57784B max: 15096B fast: 0B max: 0B
[110.649s][debug][gc,age            ] GC(2518) Desired survivor size 50855936 bytes, new threshold 15 (max threshold 15)
[110.649s][debug][gc,alloc,region   ] GC(2518) Mutator Allocation stats, regions: 771, wasted size: 180M (23.4%)
[110.650s][debug][gc,ergo           ] GC(2518) Running G1 Merge Heap Roots using 8 workers for 775 regions
[110.650s][debug][gc,remset         ] GC(2518) Visited cards 512 Total dirty 4096 (12.50%) Total old 3215360 (0.02%)
[110.650s][debug][gc,ergo           ] GC(2518) Running G1 Clear Card Table Task using 2 workers for 2 units of work for 777 regions.
[110.650s][debug][gc,ref            ] GC(2518) Skipped phase1 of Reference Processing due to unavailable references
[110.650s][debug][gc,ref            ] GC(2518) Skipped phase2 of Reference Processing due to unavailable references
[110.650s][debug][gc,ref            ] GC(2518) Skipped phase3 of Reference Processing due to unavailable references
[110.650s][debug][gc,ref            ] GC(2518) Skipped phase4 of Reference Processing due to unavailable references
[110.651s][debug][gc,ergo           ] GC(2518) Running G1 Free Collection Set using 8 workers for collection set length 775 (1293)
[110.651s][debug][gc,ergo           ] GC(2518) Running G1 Rebuild Free List Task using 8 workers for rebuilding free list of 0 (4096) regions
[110.651s][trace][gc,age            ] GC(2518) Age table with threshold 15 (max threshold 15)
[110.651s][trace][gc,age            ] GC(2518) - age   1:    3202576 bytes,    3202576 total
[110.651s][debug][gc,plab           ] GC(2518) Young PLAB allocation: allocated: 16512B, wasted: 0B, unused: 14064B, used: 2448B, undo waste: 0B, 
[110.651s][debug][gc,plab           ] GC(2518) Young other allocation: region end waste: 729120B, regions filled: 4, direct allocated: 3200128B, failure used: 0B, failure wasted: 0B
[110.651s][debug][gc,plab           ] GC(2518) Young sizing: calculated: 0B, actual: 2064B
[110.651s][debug][gc,plab           ] GC(2518) Old PLAB allocation: allocated: 0B, wasted: 0B, unused: 0B, used: 0B, undo waste: 0B, 
[110.651s][debug][gc,plab           ] GC(2518) Old other allocation: region end waste: 0B, regions filled: 1, direct allocated: 0B, failure used: 0B, failure wasted: 0B
[110.651s][debug][gc,plab           ] GC(2518) Old sizing: calculated: 0B, actual: 2064B
[110.651s][debug][gc,ihop           ] GC(2518) Basic information (value update), threshold: 610113945B (45.00), target occupancy: 1355808768B, current occupancy: 23093024B, recent allocation size: 0B, recent allocation duration: 39.36ms, recent old gen allocation rate: 0.00B/s, recent marking phase length: 30.68ms
[110.651s][debug][gc,ihop           ] GC(2518) Adaptive IHOP information (value update), threshold: 610113945B (47.37), internal target occupancy: 1288018329B, occupancy: 23093024B, additional buffer size: 812646400B, predicted old gen allocation rate: 53.08B/s, predicted marking phase length: 61.36ms, prediction active: false
[110.651s][debug][gc,ergo,refine    ] GC(2518) Concurrent refinement times: Logged Cards Scan time goal: 20.00ms Logged Cards Scan time: 0.00ms HCC time: 0.00ms
[110.651s][debug][gc,ergo,refine    ] GC(2518) Updated Refinement Zones: green: 2048, yellow: 6144, red: 10240
[110.651s][info ][gc,phases         ] GC(2518)   Pre Evacuate Collection Set: 0.1ms
[110.651s][debug][gc,phases         ] GC(2518)     Prepare TLABs: 0.0ms
[110.651s][debug][gc,phases         ] GC(2518)     Choose Collection Set: 0.0ms
[110.651s][debug][gc,phases         ] GC(2518)     Region Register: 0.1ms
[110.651s][debug][gc,phases         ] GC(2518)     Prepare Heap Roots: 0.0ms
[110.651s][info ][gc,phases         ] GC(2518)   Merge Heap Roots: 0.1ms
[110.651s][debug][gc,phases         ] GC(2518)     Prepare Merge Heap Roots: 0.0ms
[110.651s][debug][gc,phases         ] GC(2518)     Eager Reclaim (ms):       skipped
[110.651s][debug][gc,phases         ] GC(2518)     Remembered Sets (ms):     Min:  0.0, Avg:  0.0, Max:  0.1, Diff:  0.0, Sum:  0.3, Workers: 8
[110.651s][debug][gc,phases         ] GC(2518)       Merged Sparse:            Min: 0, Avg:  0.0, Max: 0, Diff: 0, Sum: 0, Workers: 8
[110.651s][debug][gc,phases         ] GC(2518)       Merged Fine:              Min: 0, Avg:  0.0, Max: 0, Diff: 0, Sum: 0, Workers: 8
[110.651s][debug][gc,phases         ] GC(2518)       Merged Coarse:            Min: 0, Avg:  0.0, Max: 0, Diff: 0, Sum: 0, Workers: 8
[110.651s][debug][gc,phases         ] GC(2518)       Dirty Cards:              Min: 0, Avg:  0.0, Max: 0, Diff: 0, Sum: 0, Workers: 8
[110.651s][debug][gc,phases         ] GC(2518)     Hot Card Cache (ms):      Min:  0.0, Avg:  0.0, Max:  0.0, Diff:  0.0, Sum:  0.0, Workers: 8
[110.651s][debug][gc,phases         ] GC(2518)       Dirty Cards:              Min: 0, Avg:  0.0, Max: 0, Diff: 0, Sum: 0, Workers: 8
[110.651s][debug][gc,phases         ] GC(2518)       Skipped Cards:            Min: 0, Avg:  0.0, Max: 0, Diff: 0, Sum: 0, Workers: 8
[110.651s][debug][gc,phases         ] GC(2518)     Log Buffers (ms):         Min:  0.0, Avg:  0.0, Max:  0.0, Diff:  0.0, Sum:  0.0, Workers: 8
[110.651s][debug][gc,phases         ] GC(2518)       Dirty Cards:              Min: 0, Avg:  0.2, Max: 2, Diff: 2, Sum: 2, Workers: 8
[110.651s][debug][gc,phases         ] GC(2518)       Skipped Cards:            Min: 0, Avg:  0.0, Max: 0, Diff: 0, Sum: 0, Workers: 8
[110.651s][info ][gc,phases         ] GC(2518)   Evacuate Collection Set: 0.5ms
[110.651s][debug][gc,phases         ] GC(2518)     Ext Root Scanning (ms):   Min:  0.2, Avg:  0.3, Max:  0.3, Diff:  0.1, Sum:  2.1, Workers: 8
[110.651s][debug][gc,phases         ] GC(2518)     Scan Heap Roots (ms):     Min:  0.0, Avg:  0.0, Max:  0.0, Diff:  0.0, Sum:  0.0, Workers: 8
[110.651s][debug][gc,phases         ] GC(2518)       Scanned Cards:            Min: 0, Avg:  0.2, Max: 1, Diff: 1, Sum: 2, Workers: 8
[110.651s][debug][gc,phases         ] GC(2518)       Scanned Blocks:           Min: 0, Avg:  0.2, Max: 1, Diff: 1, Sum: 2, Workers: 8
[110.651s][debug][gc,phases         ] GC(2518)       Claimed Chunks:           Min: 0, Avg:  0.2, Max: 1, Diff: 1, Sum: 2, Workers: 8
[110.651s][debug][gc,phases         ] GC(2518)     Code Root Scan (ms):      Min:  0.0, Avg:  0.0, Max:  0.0, Diff:  0.0, Sum:  0.2, Workers: 8
[110.651s][debug][gc,phases         ] GC(2518)     Object Copy (ms):         Min:  0.0, Avg:  0.0, Max:  0.0, Diff:  0.0, Sum:  0.0, Workers: 8
[110.651s][debug][gc,phases         ] GC(2518)     Termination (ms):         Min:  0.1, Avg:  0.1, Max:  0.1, Diff:  0.0, Sum:  0.7, Workers: 8
[110.651s][debug][gc,phases         ] GC(2518)       Termination Attempts:     Min: 1, Avg:  1.0, Max: 1, Diff: 0, Sum: 8, Workers: 8
[110.651s][debug][gc,phases         ] GC(2518)     GC Worker Other (ms):     Min:  0.0, Avg:  0.0, Max:  0.1, Diff:  0.0, Sum:  0.4, Workers: 8
[110.651s][debug][gc,phases         ] GC(2518)     GC Worker Total (ms):     Min:  0.4, Avg:  0.4, Max:  0.5, Diff:  0.1, Sum:  3.4, Workers: 8
[110.651s][info ][gc,phases         ] GC(2518)   Post Evacuate Collection Set: 0.6ms
[110.651s][debug][gc,phases         ] GC(2518)     Code Roots Fixup: 0.0ms
[110.651s][debug][gc,phases         ] GC(2518)     Clear Card Table: 0.2ms
[110.651s][debug][gc,phases         ] GC(2518)     Reference Processing: 0.0ms
[110.651s][debug][gc,phases,ref     ] GC(2518)       Reconsider SoftReferences: 0.0ms
[110.651s][debug][gc,phases,ref     ] GC(2518)         SoftRef (ms):             skipped
[110.651s][debug][gc,phases,ref     ] GC(2518)       Notify Soft/WeakReferences: 0.0ms
[110.651s][debug][gc,phases,ref     ] GC(2518)         SoftRef (ms):             skipped
[110.651s][debug][gc,phases,ref     ] GC(2518)         WeakRef (ms):             skipped
[110.651s][debug][gc,phases,ref     ] GC(2518)         FinalRef (ms):            skipped
[110.651s][debug][gc,phases,ref     ] GC(2518)         Total (ms):               skipped
[110.651s][debug][gc,phases,ref     ] GC(2518)       Notify and keep alive finalizable: 0.0ms
[110.651s][debug][gc,phases,ref     ] GC(2518)         FinalRef (ms):            skipped
[110.651s][debug][gc,phases,ref     ] GC(2518)       Notify PhantomReferences: 0.0ms
[110.651s][debug][gc,phases,ref     ] GC(2518)         PhantomRef (ms):          skipped
[110.651s][debug][gc,phases,ref     ] GC(2518)       SoftReference:
[110.651s][debug][gc,phases,ref     ] GC(2518)         Discovered: 0
[110.651s][debug][gc,phases,ref     ] GC(2518)         Cleared: 0
[110.651s][debug][gc,phases,ref     ] GC(2518)       WeakReference:
[110.651s][debug][gc,phases,ref     ] GC(2518)         Discovered: 0
[110.651s][debug][gc,phases,ref     ] GC(2518)         Cleared: 0
[110.651s][debug][gc,phases,ref     ] GC(2518)       FinalReference:
[110.651s][debug][gc,phases,ref     ] GC(2518)         Discovered: 0
[110.651s][debug][gc,phases,ref     ] GC(2518)         Cleared: 0
[110.651s][debug][gc,phases,ref     ] GC(2518)       PhantomReference:
[110.651s][debug][gc,phases,ref     ] GC(2518)         Discovered: 0
[110.651s][debug][gc,phases,ref     ] GC(2518)         Cleared: 0
[110.651s][debug][gc,phases         ] GC(2518)     Weak Processing: 0.1ms
[110.651s][debug][gc,phases         ] GC(2518)       JVMTI weak processing: 0.0ms
[110.651s][debug][gc,phases         ] GC(2518)         Dead: 0
[110.651s][debug][gc,phases         ] GC(2518)         Total: 0
[110.651s][debug][gc,phases         ] GC(2518)       JFR weak processing: 0.0ms
[110.651s][debug][gc,phases         ] GC(2518)         Dead: 0
[110.651s][debug][gc,phases         ] GC(2518)         Total: 0
[110.651s][debug][gc,phases         ] GC(2518)       JNI weak                  Min:  0.0, Avg:  0.0, Max:  0.0, Diff:  0.0, Sum:  0.0, Workers: 5
[110.651s][debug][gc,phases         ] GC(2518)         Dead                      Min: 0, Avg:  0.0, Max: 0, Diff: 0, Sum: 0, Workers: 5
[110.651s][debug][gc,phases         ] GC(2518)         Total                     Min: 0, Avg: 20.4, Max: 102, Diff: 102, Sum: 102, Workers: 5
[110.651s][debug][gc,phases         ] GC(2518)       VM weak                   Min:  0.0, Avg:  0.0, Max:  0.0, Diff:  0.0, Sum:  0.0, Workers: 5
[110.651s][debug][gc,phases         ] GC(2518)         Dead                      Min: 0, Avg:  0.0, Max: 0, Diff: 0, Sum: 0, Workers: 5
[110.651s][debug][gc,phases         ] GC(2518)         Total                     Min: 0, Avg: 42.4, Max: 212, Diff: 212, Sum: 212, Workers: 5
[110.651s][debug][gc,phases         ] GC(2518)       StringTable weak          Min:  0.0, Avg:  0.0, Max:  0.0, Diff:  0.0, Sum:  0.0, Workers: 5
[110.651s][debug][gc,phases         ] GC(2518)         Dead                      Min: 0, Avg:  0.0, Max: 0, Diff: 0, Sum: 0, Workers: 5
[110.651s][debug][gc,phases         ] GC(2518)         Total                     Min: 0, Avg: 684.6, Max: 3071, Diff: 3071, Sum: 3423, Workers: 5
[110.651s][debug][gc,phases         ] GC(2518)       ResolvedMethodTable weak  Min:  0.0, Avg:  0.0, Max:  0.0, Diff:  0.0, Sum:  0.0, Workers: 5
[110.651s][debug][gc,phases         ] GC(2518)         Dead                      Min: 0, Avg:  0.0, Max: 0, Diff: 0, Sum: 0, Workers: 5
[110.651s][debug][gc,phases         ] GC(2518)         Total                     Min: 0, Avg: 114.6, Max: 317, Diff: 317, Sum: 573, Workers: 5
[110.651s][debug][gc,phases         ] GC(2518)     Merge Per-Thread State: 0.1ms
[110.651s][debug][gc,phases         ] GC(2518)       Copied Bytes              Min: 400088, Avg: 400322.0, Max: 400744, Diff: 656, Sum: 3202576, Workers: 8
[110.651s][debug][gc,phases         ] GC(2518)       LAB Waste                 Min: 0, Avg:  0.0, Max: 0, Diff: 0, Sum: 0, Workers: 8
[110.651s][debug][gc,phases         ] GC(2518)       LAB Undo Waste            Min: 0, Avg:  0.0, Max: 0, Diff: 0, Sum: 0, Workers: 8
[110.651s][debug][gc,phases         ] GC(2518)     Code Roots Purge: 0.0ms
[110.651s][debug][gc,phases         ] GC(2518)     Redirty Cards: 0.0ms
[110.651s][debug][gc,phases         ] GC(2518)     DerivedPointerTable Update: 0.0ms
[110.651s][debug][gc,phases         ] GC(2518)     Free Collection Set: 0.2ms
[110.651s][debug][gc,phases         ] GC(2518)     Rebuild Free List: 0.1ms
[110.651s][debug][gc,phases         ] GC(2518)     Humongous Reclaim: 0.0ms
[110.651s][debug][gc,phases         ] GC(2518)     Start New Collection Set: 0.0ms
[110.651s][debug][gc,phases         ] GC(2518)     Resize TLABs: 0.0ms
[110.651s][debug][gc,phases         ] GC(2518)     Expand Heap After Collection: 0.0ms
[110.652s][info ][gc,phases         ] GC(2518)   Other: 0.3ms
[110.652s][info ][gc,heap           ] GC(2518) Eden regions: 771->0(771)
[110.652s][info ][gc,heap           ] GC(2518) Survivor regions: 4->4(97)
[110.652s][info ][gc,heap           ] GC(2518) Old regions: 18->18
[110.652s][info ][gc,heap           ] GC(2518) Archive regions: 2->2
[110.652s][info ][gc,heap           ] GC(2518) Humongous regions: 0->0
[110.652s][info ][gc,metaspace      ] GC(2518) Metaspace: 10016K(10624K)->10016K(10624K) NonClass: 8864K(9216K)->8864K(9216K) Class: 1152K(1408K)->1152K(1408K)
[110.652s][debug][gc,heap           ] GC(2518) Heap after GC invocations=2519 (full 1): garbage-first heap   total 1324032K, used 22551K [0x0000000700000000, 0x0000000800000000)
[110.652s][debug][gc,heap           ] GC(2518)   region size 1024K, 4 young (4096K), 4 survivors (4096K)
[110.652s][debug][gc,heap           ] GC(2518)  Metaspace       used 10016K, capacity 10304K, committed 10624K, reserved 1058816K
[110.652s][debug][gc,heap           ] GC(2518)   class space    used 1152K, capacity 1266K, committed 1408K, reserved 1048576K
[110.652s][info ][gc                ] GC(2518) Pause Young (Normal) (G1 Evacuation Pause) 792M->22M(1293M) 2.203ms
[110.652s][info ][gc,cpu            ] GC(2518) User=0.01s Sys=0.00s Real=0.00s
[110.652s][info ][safepoint         ] Safepoint "G1CollectForAllocation", Time since last: 38272633 ns, Reaching safepoint: 160164 ns, At safepoint: 2368227 ns, Total: 2528391 ns
[110.690s][debug][gc,heap           ] GC(2519) Heap before GC invocations=2519 (full 1): garbage-first heap   total 1324032K, used 811031K [0x0000000700000000, 0x0000000800000000)
[110.690s][debug][gc,heap           ] GC(2519)   region size 1024K, 775 young (793600K), 4 survivors (4096K)
[110.690s][debug][gc,heap           ] GC(2519)  Metaspace       used 10016K, capacity 10304K, committed 10624K, reserved 1058816K
[110.690s][debug][gc,heap           ] GC(2519)   class space    used 1152K, capacity 1266K, committed 1408K, reserved 1048576K
[110.690s][info ][gc,start          ] GC(2519) Pause Young (Normal) (G1 Evacuation Pause)
[110.690s][info ][gc,task           ] GC(2519) Using 8 workers of 8 for evacuation
[110.690s][debug][gc,tlab           ] GC(2519) TLAB totals: thrds: 8  refills: 12 max: 2 slow allocs: 1539 max 208 waste: 32.9% gc: 1205208B max: 239712B slow: 55648B max: 13912B fast: 0B max: 0B
[110.690s][debug][gc,age            ] GC(2519) Desired survivor size 50855936 bytes, new threshold 15 (max threshold 15)
[110.690s][debug][gc,alloc,region   ] GC(2519) Mutator Allocation stats, regions: 771, wasted size: 180M (23.4%)
[110.690s][debug][gc,ergo           ] GC(2519) Running G1 Merge Heap Roots using 8 workers for 775 regions
[110.690s][debug][gc,remset         ] GC(2519) Visited cards 256 Total dirty 2048 (12.50%) Total old 3215360 (0.01%)
[110.691s][debug][gc,ergo           ] GC(2519) Running G1 Clear Card Table Task using 2 workers for 2 units of work for 776 regions.
[110.691s][debug][gc,ref            ] GC(2519) Skipped phase1 of Reference Processing due to unavailable references
[110.691s][debug][gc,ref            ] GC(2519) Skipped phase2 of Reference Processing due to unavailable references
[110.691s][debug][gc,ref            ] GC(2519) Skipped phase3 of Reference Processing due to unavailable references
[110.691s][debug][gc,ref            ] GC(2519) Skipped phase4 of Reference Processing due to unavailable references
[110.691s][debug][gc,ergo           ] GC(2519) Running G1 Free Collection Set using 8 workers for collection set length 775 (1293)
[110.691s][debug][gc,ergo           ] GC(2519) Running G1 Rebuild Free List Task using 8 workers for rebuilding free list of 0 (4096) regions
[110.691s][trace][gc,age            ] GC(2519) Age table with threshold 15 (max threshold 15)
[110.691s][trace][gc,age            ] GC(2519) - age   1:    3202488 bytes,    3202488 total
[110.691s][debug][gc,plab           ] GC(2519) Young PLAB allocation: allocated: 16512B, wasted: 0B, unused: 14144B, used: 2368B, undo waste: 0B, 
[110.691s][debug][gc,plab           ] GC(2519) Young other allocation: region end waste: 731184B, regions filled: 4, direct allocated: 3200120B, failure used: 0B, failure wasted: 0B
[110.691s][debug][gc,plab           ] GC(2519) Young sizing: calculated: 0B, actual: 2064B
[110.691s][debug][gc,plab           ] GC(2519) Old PLAB allocation: allocated: 0B, wasted: 0B, unused: 0B, used: 0B, undo waste: 0B, 
[110.691s][debug][gc,plab           ] GC(2519) Old other allocation: region end waste: 0B, regions filled: 1, direct allocated: 0B, failure used: 0B, failure wasted: 0B
[110.691s][debug][gc,plab           ] GC(2519) Old sizing: calculated: 0B, actual: 2064B
[110.691s][debug][gc,ihop           ] GC(2519) Basic information (value update), threshold: 610113945B (45.00), target occupancy: 1355808768B, current occupancy: 23095080B, recent allocation size: 0B, recent allocation duration: 39.02ms, recent old gen allocation rate: 0.00B/s, recent marking phase length: 30.68ms
[110.691s][debug][gc,ihop           ] GC(2519) Adaptive IHOP information (value update), threshold: 610113945B (47.37), internal target occupancy: 1288018329B, occupancy: 23095080B, additional buffer size: 812646400B, predicted old gen allocation rate: 51.74B/s, predicted marking phase length: 61.36ms, prediction active: false
[110.691s][debug][gc,ergo,refine    ] GC(2519) Concurrent refinement times: Logged Cards Scan time goal: 20.00ms Logged Cards Scan time: 0.00ms HCC time: 0.00ms
[110.691s][debug][gc,ergo,refine    ] GC(2519) Updated Refinement Zones: green: 2048, yellow: 6144, red: 10240
[110.691s][info ][gc,phases         ] GC(2519)   Pre Evacuate Collection Set: 0.1ms
[110.691s][debug][gc,phases         ] GC(2519)     Prepare TLABs: 0.0ms
[110.691s][debug][gc,phases         ] GC(2519)     Choose Collection Set: 0.0ms
[110.691s][debug][gc,phases         ] GC(2519)     Region Register: 0.1ms
[110.691s][debug][gc,phases         ] GC(2519)     Prepare Heap Roots: 0.0ms
[110.691s][info ][gc,phases         ] GC(2519)   Merge Heap Roots: 0.1ms
[110.691s][debug][gc,phases         ] GC(2519)     Prepare Merge Heap Roots: 0.0ms
[110.691s][debug][gc,phases         ] GC(2519)     Eager Reclaim (ms):       skipped
[110.691s][debug][gc,phases         ] GC(2519)     Remembered Sets (ms):     Min:  0.0, Avg:  0.0, Max:  0.0, Diff:  0.0, Sum:  0.2, Workers: 8
[110.691s][debug][gc,phases         ] GC(2519)       Merged Sparse:            Min: 0, Avg:  0.0, Max: 0, Diff: 0, Sum: 0, Workers: 8
[110.691s][debug][gc,phases         ] GC(2519)       Merged Fine:              Min: 0, Avg:  0.0, Max: 0, Diff: 0, Sum: 0, Workers: 8
[110.691s][debug][gc,phases         ] GC(2519)       Merged Coarse:            Min: 0, Avg:  0.0, Max: 0, Diff: 0, Sum: 0, Workers: 8
[110.691s][debug][gc,phases         ] GC(2519)       Dirty Cards:              Min: 0, Avg:  0.0, Max: 0, Diff: 0, Sum: 0, Workers: 8
[110.691s][debug][gc,phases         ] GC(2519)     Hot Card Cache (ms):      Min:  0.0, Avg:  0.0, Max:  0.0, Diff:  0.0, Sum:  0.0, Workers: 8
[110.691s][debug][gc,phases         ] GC(2519)       Dirty Cards:              Min: 0, Avg:  0.0, Max: 0, Diff: 0, Sum: 0, Workers: 8
[110.691s][debug][gc,phases         ] GC(2519)       Skipped Cards:            Min: 0, Avg:  0.0, Max: 0, Diff: 0, Sum: 0, Workers: 8
[110.691s][debug][gc,phases         ] GC(2519)     Log Buffers (ms):         Min:  0.0, Avg:  0.0, Max:  0.0, Diff:  0.0, Sum:  0.0, Workers: 8
[110.691s][debug][gc,phases         ] GC(2519)       Dirty Cards:              Min: 0, Avg:  0.1, Max: 1, Diff: 1, Sum: 1, Workers: 8
[110.691s][debug][gc,phases         ] GC(2519)       Skipped Cards:            Min: 0, Avg:  0.0, Max: 0, Diff: 0, Sum: 0, Workers: 8
[110.691s][info ][gc,phases         ] GC(2519)   Evacuate Collection Set: 0.4ms
[110.691s][debug][gc,phases         ] GC(2519)     Ext Root Scanning (ms):   Min:  0.1, Avg:  0.2, Max:  0.3, Diff:  0.1, Sum:  1.6, Workers: 8
[110.691s][debug][gc,phases         ] GC(2519)     Scan Heap Roots (ms):     Min:  0.0, Avg:  0.0, Max:  0.0, Diff:  0.0, Sum:  0.0, Workers: 8
[110.691s][debug][gc,phases         ] GC(2519)       Scanned Cards:            Min: 0, Avg:  0.1, Max: 1, Diff: 1, Sum: 1, Workers: 8
[110.691s][debug][gc,phases         ] GC(2519)       Scanned Blocks:           Min: 0, Avg:  0.1, Max: 1, Diff: 1, Sum: 1, Workers: 8
[110.691s][debug][gc,phases         ] GC(2519)       Claimed Chunks:           Min: 0, Avg:  0.1, Max: 1, Diff: 1, Sum: 1, Workers: 8
[110.691s][debug][gc,phases         ] GC(2519)     Code Root Scan (ms):      Min:  0.0, Avg:  0.0, Max:  0.0, Diff:  0.0, Sum:  0.1, Workers: 8
[110.691s][debug][gc,phases         ] GC(2519)     Object Copy (ms):         Min:  0.0, Avg:  0.0, Max:  0.0, Diff:  0.0, Sum:  0.0, Workers: 8
[110.691s][debug][gc,phases         ] GC(2519)     Termination (ms):         Min:  0.0, Avg:  0.1, Max:  0.1, Diff:  0.0, Sum:  0.4, Workers: 8
[110.691s][debug][gc,phases         ] GC(2519)       Termination Attempts:     Min: 1, Avg:  1.2, Max: 2, Diff: 1, Sum: 10, Workers: 8
[110.692s][debug][gc,phases         ] GC(2519)     GC Worker Other (ms):     Min:  0.0, Avg:  0.0, Max:  0.1, Diff:  0.1, Sum:  0.3, Workers: 8
[110.692s][debug][gc,phases         ] GC(2519)     GC Worker Total (ms):     Min:  0.3, Avg:  0.3, Max:  0.3, Diff:  0.1, Sum:  2.5, Workers: 8
[110.692s][info ][gc,phases         ] GC(2519)   Post Evacuate Collection Set: 0.6ms
[110.692s][debug][gc,phases         ] GC(2519)     Code Roots Fixup: 0.0ms
[110.692s][debug][gc,phases         ] GC(2519)     Clear Card Table: 0.2ms
[110.692s][debug][gc,phases         ] GC(2519)     Reference Processing: 0.0ms
[110.692s][debug][gc,phases,ref     ] GC(2519)       Reconsider SoftReferences: 0.0ms
[110.692s][debug][gc,phases,ref     ] GC(2519)         SoftRef (ms):             skipped
[110.692s][debug][gc,phases,ref     ] GC(2519)       Notify Soft/WeakReferences: 0.0ms
[110.692s][debug][gc,phases,ref     ] GC(2519)         SoftRef (ms):             skipped
[110.692s][debug][gc,phases,ref     ] GC(2519)         WeakRef (ms):             skipped
[110.692s][debug][gc,phases,ref     ] GC(2519)         FinalRef (ms):            skipped
[110.692s][debug][gc,phases,ref     ] GC(2519)         Total (ms):               skipped
[110.692s][debug][gc,phases,ref     ] GC(2519)       Notify and keep alive finalizable: 0.0ms
[110.692s][debug][gc,phases,ref     ] GC(2519)         FinalRef (ms):            skipped
[110.692s][debug][gc,phases,ref     ] GC(2519)       Notify PhantomReferences: 0.0ms
[110.692s][debug][gc,phases,ref     ] GC(2519)         PhantomRef (ms):          skipped
[110.692s][debug][gc,phases,ref     ] GC(2519)       SoftReference:
[110.692s][debug][gc,phases,ref     ] GC(2519)         Discovered: 0
[110.692s][debug][gc,phases,ref     ] GC(2519)         Cleared: 0
[110.692s][debug][gc,phases,ref     ] GC(2519)       WeakReference:
[110.692s][debug][gc,phases,ref     ] GC(2519)         Discovered: 0
[110.692s][debug][gc,phases,ref     ] GC(2519)         Cleared: 0
[110.692s][debug][gc,phases,ref     ] GC(2519)       FinalReference:
[110.692s][debug][gc,phases,ref     ] GC(2519)         Discovered: 0
[110.692s][debug][gc,phases,ref     ] GC(2519)         Cleared: 0
[110.692s][debug][gc,phases,ref     ] GC(2519)       PhantomReference:
[110.692s][debug][gc,phases,ref     ] GC(2519)         Discovered: 0
[110.692s][debug][gc,phases,ref     ] GC(2519)         Cleared: 0
[110.692s][debug][gc,phases         ] GC(2519)     Weak Processing: 0.1ms
[110.692s][debug][gc,phases         ] GC(2519)       JVMTI weak processing: 0.0ms
[110.692s][debug][gc,phases         ] GC(2519)         Dead: 0
[110.692s][debug][gc,phases         ] GC(2519)         Total: 0
[110.692s][debug][gc,phases         ] GC(2519)       JFR weak processing: 0.0ms
[110.692s][debug][gc,phases         ] GC(2519)         Dead: 0
[110.692s][debug][gc,phases         ] GC(2519)         Total: 0
[110.692s][debug][gc,phases         ] GC(2519)       JNI weak                  Min:  0.0, Avg:  0.0, Max:  0.0, Diff:  0.0, Sum:  0.0, Workers: 5
[110.692s][debug][gc,phases         ] GC(2519)         Dead                      Min: 0, Avg:  0.0, Max: 0, Diff: 0, Sum: 0, Workers: 5
[110.692s][debug][gc,phases         ] GC(2519)         Total                     Min: 0, Avg: 20.4, Max: 62, Diff: 62, Sum: 102, Workers: 5
[110.692s][debug][gc,phases         ] GC(2519)       VM weak                   Min:  0.0, Avg:  0.0, Max:  0.0, Diff:  0.0, Sum:  0.0, Workers: 5
[110.692s][debug][gc,phases         ] GC(2519)         Dead                      Min: 0, Avg:  0.0, Max: 0, Diff: 0, Sum: 0, Workers: 5
[110.692s][debug][gc,phases         ] GC(2519)         Total                     Min: 0, Avg: 42.4, Max: 128, Diff: 128, Sum: 212, Workers: 5
[110.692s][debug][gc,phases         ] GC(2519)       StringTable weak          Min:  0.0, Avg:  0.0, Max:  0.0, Diff:  0.0, Sum:  0.0, Workers: 5
[110.692s][debug][gc,phases         ] GC(2519)         Dead                      Min: 0, Avg:  0.0, Max: 0, Diff: 0, Sum: 0, Workers: 5
[110.692s][debug][gc,phases         ] GC(2519)         Total                     Min: 0, Avg: 684.6, Max: 1727, Diff: 1727, Sum: 3423, Workers: 5
[110.692s][debug][gc,phases         ] GC(2519)       ResolvedMethodTable weak  Min:  0.0, Avg:  0.0, Max:  0.0, Diff:  0.0, Sum:  0.0, Workers: 5
[110.692s][debug][gc,phases         ] GC(2519)         Dead                      Min: 0, Avg:  0.0, Max: 0, Diff: 0, Sum: 0, Workers: 5
[110.692s][debug][gc,phases         ] GC(2519)         Total                     Min: 0, Avg: 114.6, Max: 317, Diff: 317, Sum: 573, Workers: 5
[110.692s][debug][gc,phases         ] GC(2519)     Merge Per-Thread State: 0.0ms
[110.692s][debug][gc,phases         ] GC(2519)       Copied Bytes              Min: 456, Avg: 400311.0, Max: 800096, Diff: 799640, Sum: 3202488, Workers: 8
[110.692s][debug][gc,phases         ] GC(2519)       LAB Waste                 Min: 0, Avg:  0.0, Max: 0, Diff: 0, Sum: 0, Workers: 8
[110.692s][debug][gc,phases         ] GC(2519)       LAB Undo Waste            Min: 0, Avg:  0.0, Max: 0, Diff: 0, Sum: 0, Workers: 8
[110.692s][debug][gc,phases         ] GC(2519)     Code Roots Purge: 0.0ms
[110.692s][debug][gc,phases         ] GC(2519)     Redirty Cards: 0.0ms
[110.692s][debug][gc,phases         ] GC(2519)     DerivedPointerTable Update: 0.0ms
[110.692s][debug][gc,phases         ] GC(2519)     Free Collection Set: 0.2ms
[110.692s][debug][gc,phases         ] GC(2519)     Rebuild Free List: 0.1ms
[110.692s][debug][gc,phases         ] GC(2519)     Humongous Reclaim: 0.0ms
[110.692s][debug][gc,phases         ] GC(2519)     Start New Collection Set: 0.0ms
[110.692s][debug][gc,phases         ] GC(2519)     Resize TLABs: 0.0ms
[110.692s][debug][gc,phases         ] GC(2519)     Expand Heap After Collection: 0.0ms
[110.692s][info ][gc,phases         ] GC(2519)   Other: 0.3ms
[110.692s][info ][gc,heap           ] GC(2519) Eden regions: 771->0(771)
[110.692s][info ][gc,heap           ] GC(2519) Survivor regions: 4->4(97)
[110.692s][info ][gc,heap           ] GC(2519) Old regions: 18->18
[110.692s][info ][gc,heap           ] GC(2519) Archive regions: 2->2
[110.692s][info ][gc,heap           ] GC(2519) Humongous regions: 0->0
[110.692s][info ][gc,metaspace      ] GC(2519) Metaspace: 10016K(10624K)->10016K(10624K) NonClass: 8864K(9216K)->8864K(9216K) Class: 1152K(1408K)->1152K(1408K)
[110.692s][debug][gc,heap           ] GC(2519) Heap after GC invocations=2520 (full 1): garbage-first heap   total 1324032K, used 22553K [0x0000000700000000, 0x0000000800000000)
[110.692s][debug][gc,heap           ] GC(2519)   region size 1024K, 4 young (4096K), 4 survivors (4096K)
[110.692s][debug][gc,heap           ] GC(2519)  Metaspace       used 10016K, capacity 10304K, committed 10624K, reserved 1058816K
[110.692s][debug][gc,heap           ] GC(2519)   class space    used 1152K, capacity 1266K, committed 1408K, reserved 1048576K
[110.692s][info ][gc                ] GC(2519) Pause Young (Normal) (G1 Evacuation Pause) 792M->22M(1293M) 2.060ms
[110.692s][info ][gc,cpu            ] GC(2519) User=0.00s Sys=0.00s Real=0.01s
[110.692s][info ][safepoint         ] Safepoint "G1CollectForAllocation", Time since last: 37990970 ns, Reaching safepoint: 121350 ns, At safepoint: 2205788 ns, Total: 2327138 ns
[110.733s][debug][gc,heap           ] GC(2520) Heap before GC invocations=2520 (full 1): garbage-first heap   total 1324032K, used 811033K [0x0000000700000000, 0x0000000800000000)
[110.733s][debug][gc,heap           ] GC(2520)   region size 1024K, 775 young (793600K), 4 survivors (4096K)
[110.733s][debug][gc,heap           ] GC(2520)  Metaspace       used 10016K, capacity 10304K, committed 10624K, reserved 1058816K
[110.733s][debug][gc,heap           ] GC(2520)   class space    used 1152K, capacity 1266K, committed 1408K, reserved 1048576K
[110.733s][info ][gc,start          ] GC(2520) Pause Young (Normal) (G1 Evacuation Pause)
[110.733s][info ][gc,task           ] GC(2520) Using 8 workers of 8 for evacuation
[110.733s][debug][gc,tlab           ] GC(2520) TLAB totals: thrds: 8  refills: 9 max: 2 slow allocs: 1536 max 232 waste: 26.1% gc: 753064B max: 145304B slow: 13440B max: 13440B fast: 0B max: 0B
[110.733s][debug][gc,age            ] GC(2520) Desired survivor size 50855936 bytes, new threshold 15 (max threshold 15)
[110.733s][debug][gc,alloc,region   ] GC(2520) Mutator Allocation stats, regions: 771, wasted size: 180M (23.5%)
[110.733s][debug][gc,ergo           ] GC(2520) Running G1 Merge Heap Roots using 8 workers for 775 regions
[110.733s][debug][gc,remset         ] GC(2520) Visited cards 512 Total dirty 4096 (12.50%) Total old 3215360 (0.02%)
[110.734s][debug][gc,ergo           ] GC(2520) Running G1 Clear Card Table Task using 2 workers for 2 units of work for 777 regions.
[110.734s][debug][gc,ref            ] GC(2520) Skipped phase1 of Reference Processing due to unavailable references
[110.734s][debug][gc,ref            ] GC(2520) Skipped phase2 of Reference Processing due to unavailable references
[110.734s][debug][gc,ref            ] GC(2520) Skipped phase3 of Reference Processing due to unavailable references
[110.734s][debug][gc,ref            ] GC(2520) Skipped phase4 of Reference Processing due to unavailable references
[110.734s][debug][gc,ergo           ] GC(2520) Running G1 Free Collection Set using 8 workers for collection set length 775 (1293)
[110.735s][debug][gc,ergo           ] GC(2520) Running G1 Rebuild Free List Task using 8 workers for rebuilding free list of 0 (4096) regions
[110.735s][trace][gc,age            ] GC(2520) Age table with threshold 15 (max threshold 15)
[110.735s][trace][gc,age            ] GC(2520) - age   1:    3202560 bytes,    3202560 total
[110.735s][debug][gc,plab           ] GC(2520) Young PLAB allocation: allocated: 12384B, wasted: 0B, unused: 9936B, used: 2448B, undo waste: 0B, 
[110.735s][debug][gc,plab           ] GC(2520) Young other allocation: region end waste: 735312B, regions filled: 4, direct allocated: 3200112B, failure used: 0B, failure wasted: 0B
[110.735s][debug][gc,plab           ] GC(2520) Young sizing: calculated: 0B, actual: 2064B
[110.735s][debug][gc,plab           ] GC(2520) Old PLAB allocation: allocated: 0B, wasted: 0B, unused: 0B, used: 0B, undo waste: 0B, 
[110.735s][debug][gc,plab           ] GC(2520) Old other allocation: region end waste: 0B, regions filled: 1, direct allocated: 0B, failure used: 0B, failure wasted: 0B
[110.735s][debug][gc,plab           ] GC(2520) Old sizing: calculated: 0B, actual: 2064B
[110.735s][debug][gc,ihop           ] GC(2520) Basic information (value update), threshold: 610113945B (45.00), target occupancy: 1355808768B, current occupancy: 23095072B, recent allocation size: 0B, recent allocation duration: 41.76ms, recent old gen allocation rate: 0.00B/s, recent marking phase length: 30.68ms
[110.735s][debug][gc,ihop           ] GC(2520) Adaptive IHOP information (value update), threshold: 610113945B (47.37), internal target occupancy: 1288018329B, occupancy: 23095072B, additional buffer size: 812646400B, predicted old gen allocation rate: 50.43B/s, predicted marking phase length: 61.36ms, prediction active: false
[110.735s][debug][gc,ergo,refine    ] GC(2520) Concurrent refinement times: Logged Cards Scan time goal: 20.00ms Logged Cards Scan time: 0.00ms HCC time: 0.00ms
[110.735s][debug][gc,ergo,refine    ] GC(2520) Updated Refinement Zones: green: 2048, yellow: 6144, red: 10240
[110.735s][info ][gc,phases         ] GC(2520)   Pre Evacuate Collection Set: 0.1ms
[110.735s][debug][gc,phases         ] GC(2520)     Prepare TLABs: 0.0ms
[110.735s][debug][gc,phases         ] GC(2520)     Choose Collection Set: 0.0ms
[110.735s][debug][gc,phases         ] GC(2520)     Region Register: 0.1ms
[110.735s][debug][gc,phases         ] GC(2520)     Prepare Heap Roots: 0.0ms
[110.735s][info ][gc,phases         ] GC(2520)   Merge Heap Roots: 0.2ms
[110.735s][debug][gc,phases         ] GC(2520)     Prepare Merge Heap Roots: 0.0ms
[110.735s][debug][gc,phases         ] GC(2520)     Eager Reclaim (ms):       skipped
[110.735s][debug][gc,phases         ] GC(2520)     Remembered Sets (ms):     Min:  0.0, Avg:  0.0, Max:  0.1, Diff:  0.1, Sum:  0.4, Workers: 8
[110.735s][debug][gc,phases         ] GC(2520)       Merged Sparse:            Min: 0, Avg:  0.0, Max: 0, Diff: 0, Sum: 0, Workers: 8
[110.735s][debug][gc,phases         ] GC(2520)       Merged Fine:              Min: 0, Avg:  0.0, Max: 0, Diff: 0, Sum: 0, Workers: 8
[110.735s][debug][gc,phases         ] GC(2520)       Merged Coarse:            Min: 0, Avg:  0.0, Max: 0, Diff: 0, Sum: 0, Workers: 8
[110.735s][debug][gc,phases         ] GC(2520)       Dirty Cards:              Min: 0, Avg:  0.0, Max: 0, Diff: 0, Sum: 0, Workers: 8
[110.735s][debug][gc,phases         ] GC(2520)     Hot Card Cache (ms):      Min:  0.0, Avg:  0.0, Max:  0.0, Diff:  0.0, Sum:  0.0, Workers: 8
[110.735s][debug][gc,phases         ] GC(2520)       Dirty Cards:              Min: 0, Avg:  0.0, Max: 0, Diff: 0, Sum: 0, Workers: 8
[110.735s][debug][gc,phases         ] GC(2520)       Skipped Cards:            Min: 0, Avg:  0.0, Max: 0, Diff: 0, Sum: 0, Workers: 8
[110.735s][debug][gc,phases         ] GC(2520)     Log Buffers (ms):         Min:  0.0, Avg:  0.0, Max:  0.0, Diff:  0.0, Sum:  0.0, Workers: 8
[110.735s][debug][gc,phases         ] GC(2520)       Dirty Cards:              Min: 0, Avg:  0.2, Max: 2, Diff: 2, Sum: 2, Workers: 8
[110.735s][debug][gc,phases         ] GC(2520)       Skipped Cards:            Min: 0, Avg:  0.0, Max: 0, Diff: 0, Sum: 0, Workers: 8
[110.735s][info ][gc,phases         ] GC(2520)   Evacuate Collection Set: 0.5ms
[110.735s][debug][gc,phases         ] GC(2520)     Ext Root Scanning (ms):   Min:  0.0, Avg:  0.2, Max:  0.3, Diff:  0.3, Sum:  1.7, Workers: 8
[110.735s][debug][gc,phases         ] GC(2520)     Scan Heap Roots (ms):     Min:  0.0, Avg:  0.0, Max:  0.0, Diff:  0.0, Sum:  0.0, Workers: 8
[110.735s][debug][gc,phases         ] GC(2520)       Scanned Cards:            Min: 0, Avg:  0.2, Max: 1, Diff: 1, Sum: 2, Workers: 8
[110.735s][debug][gc,phases         ] GC(2520)       Scanned Blocks:           Min: 0, Avg:  0.2, Max: 1, Diff: 1, Sum: 2, Workers: 8
[110.735s][debug][gc,phases         ] GC(2520)       Claimed Chunks:           Min: 0, Avg:  0.2, Max: 1, Diff: 1, Sum: 2, Workers: 8
[110.735s][debug][gc,phases         ] GC(2520)     Code Root Scan (ms):      Min:  0.0, Avg:  0.0, Max:  0.0, Diff:  0.0, Sum:  0.1, Workers: 8
[110.735s][debug][gc,phases         ] GC(2520)     Object Copy (ms):         Min:  0.0, Avg:  0.0, Max:  0.0, Diff:  0.0, Sum:  0.0, Workers: 8
[110.735s][debug][gc,phases         ] GC(2520)     Termination (ms):         Min:  0.0, Avg:  0.1, Max:  0.1, Diff:  0.1, Sum:  0.5, Workers: 8
[110.735s][debug][gc,phases         ] GC(2520)       Termination Attempts:     Min: 1, Avg:  1.0, Max: 1, Diff: 0, Sum: 8, Workers: 8
[110.735s][debug][gc,phases         ] GC(2520)     GC Worker Other (ms):     Min:  0.0, Avg:  0.0, Max:  0.1, Diff:  0.1, Sum:  0.4, Workers: 8
[110.735s][debug][gc,phases         ] GC(2520)     GC Worker Total (ms):     Min:  0.0, Avg:  0.3, Max:  0.4, Diff:  0.4, Sum:  2.7, Workers: 8
[110.735s][info ][gc,phases         ] GC(2520)   Post Evacuate Collection Set: 0.8ms
[110.735s][debug][gc,phases         ] GC(2520)     Code Roots Fixup: 0.0ms
[110.735s][debug][gc,phases         ] GC(2520)     Clear Card Table: 0.3ms
[110.735s][debug][gc,phases         ] GC(2520)     Reference Processing: 0.1ms
[110.735s][debug][gc,phases,ref     ] GC(2520)       Reconsider SoftReferences: 0.0ms
[110.735s][debug][gc,phases,ref     ] GC(2520)         SoftRef (ms):             skipped
[110.735s][debug][gc,phases,ref     ] GC(2520)       Notify Soft/WeakReferences: 0.0ms
[110.735s][debug][gc,phases,ref     ] GC(2520)         SoftRef (ms):             skipped
[110.735s][debug][gc,phases,ref     ] GC(2520)         WeakRef (ms):             skipped
[110.735s][debug][gc,phases,ref     ] GC(2520)         FinalRef (ms):            skipped
[110.735s][debug][gc,phases,ref     ] GC(2520)         Total (ms):               skipped
[110.735s][debug][gc,phases,ref     ] GC(2520)       Notify and keep alive finalizable: 0.0ms
[110.735s][debug][gc,phases,ref     ] GC(2520)         FinalRef (ms):            skipped
[110.735s][debug][gc,phases,ref     ] GC(2520)       Notify PhantomReferences: 0.0ms
[110.735s][debug][gc,phases,ref     ] GC(2520)         PhantomRef (ms):          skipped
[110.735s][debug][gc,phases,ref     ] GC(2520)       SoftReference:
[110.735s][debug][gc,phases,ref     ] GC(2520)         Discovered: 0
[110.735s][debug][gc,phases,ref     ] GC(2520)         Cleared: 0
[110.735s][debug][gc,phases,ref     ] GC(2520)       WeakReference:
[110.735s][debug][gc,phases,ref     ] GC(2520)         Discovered: 0
[110.735s][debug][gc,phases,ref     ] GC(2520)         Cleared: 0
[110.735s][debug][gc,phases,ref     ] GC(2520)       FinalReference:
[110.735s][debug][gc,phases,ref     ] GC(2520)         Discovered: 0
[110.735s][debug][gc,phases,ref     ] GC(2520)         Cleared: 0
[110.735s][debug][gc,phases,ref     ] GC(2520)       PhantomReference:
[110.735s][debug][gc,phases,ref     ] GC(2520)         Discovered: 0
[110.735s][debug][gc,phases,ref     ] GC(2520)         Cleared: 0
[110.735s][debug][gc,phases         ] GC(2520)     Weak Processing: 0.0ms
[110.735s][debug][gc,phases         ] GC(2520)       JVMTI weak processing: 0.0ms
[110.735s][debug][gc,phases         ] GC(2520)         Dead: 0
[110.735s][debug][gc,phases         ] GC(2520)         Total: 0
[110.735s][debug][gc,phases         ] GC(2520)       JFR weak processing: 0.0ms
[110.735s][debug][gc,phases         ] GC(2520)         Dead: 0
[110.735s][debug][gc,phases         ] GC(2520)         Total: 0
[110.735s][debug][gc,phases         ] GC(2520)       JNI weak                  Min:  0.0, Avg:  0.0, Max:  0.0, Diff:  0.0, Sum:  0.0, Workers: 5
[110.735s][debug][gc,phases         ] GC(2520)         Dead                      Min: 0, Avg:  0.0, Max: 0, Diff: 0, Sum: 0, Workers: 5
[110.735s][debug][gc,phases         ] GC(2520)         Total                     Min: 0, Avg: 20.4, Max: 62, Diff: 62, Sum: 102, Workers: 5
[110.735s][debug][gc,phases         ] GC(2520)       VM weak                   Min:  0.0, Avg:  0.0, Max:  0.0, Diff:  0.0, Sum:  0.0, Workers: 5
[110.735s][debug][gc,phases         ] GC(2520)         Dead                      Min: 0, Avg:  0.0, Max: 0, Diff: 0, Sum: 0, Workers: 5
[110.735s][debug][gc,phases         ] GC(2520)         Total                     Min: 0, Avg: 42.4, Max: 128, Diff: 128, Sum: 212, Workers: 5
[110.735s][debug][gc,phases         ] GC(2520)       StringTable weak          Min:  0.0, Avg:  0.0, Max:  0.0, Diff:  0.0, Sum:  0.1, Workers: 5
[110.735s][debug][gc,phases         ] GC(2520)         Dead                      Min: 0, Avg:  0.0, Max: 0, Diff: 0, Sum: 0, Workers: 5
[110.735s][debug][gc,phases         ] GC(2520)         Total                     Min: 575, Avg: 684.6, Max: 768, Diff: 193, Sum: 3423, Workers: 5
[110.735s][debug][gc,phases         ] GC(2520)       ResolvedMethodTable weak  Min:  0.0, Avg:  0.0, Max:  0.0, Diff:  0.0, Sum:  0.0, Workers: 5
[110.735s][debug][gc,phases         ] GC(2520)         Dead                      Min: 0, Avg:  0.0, Max: 0, Diff: 0, Sum: 0, Workers: 5
[110.735s][debug][gc,phases         ] GC(2520)         Total                     Min: 64, Avg: 114.6, Max: 128, Diff: 64, Sum: 573, Workers: 5
[110.735s][debug][gc,phases         ] GC(2520)     Merge Per-Thread State: 0.0ms
[110.735s][debug][gc,phases         ] GC(2520)       Copied Bytes              Min: 0, Avg: 400320.0, Max: 800608, Diff: 800608, Sum: 3202560, Workers: 8
[110.735s][debug][gc,phases         ] GC(2520)       LAB Waste                 Min: 0, Avg:  0.0, Max: 0, Diff: 0, Sum: 0, Workers: 8
[110.735s][debug][gc,phases         ] GC(2520)       LAB Undo Waste            Min: 0, Avg:  0.0, Max: 0, Diff: 0, Sum: 0, Workers: 8
[110.735s][debug][gc,phases         ] GC(2520)     Code Roots Purge: 0.0ms
[110.735s][debug][gc,phases         ] GC(2520)     Redirty Cards: 0.0ms
[110.735s][debug][gc,phases         ] GC(2520)     DerivedPointerTable Update: 0.0ms
[110.735s][debug][gc,phases         ] GC(2520)     Free Collection Set: 0.2ms
[110.735s][debug][gc,phases         ] GC(2520)     Rebuild Free List: 0.1ms
[110.735s][debug][gc,phases         ] GC(2520)     Humongous Reclaim: 0.0ms
[110.735s][debug][gc,phases         ] GC(2520)     Start New Collection Set: 0.0ms
[110.735s][debug][gc,phases         ] GC(2520)     Resize TLABs: 0.0ms
[110.735s][debug][gc,phases         ] GC(2520)     Expand Heap After Collection: 0.0ms
[110.735s][info ][gc,phases         ] GC(2520)   Other: 0.3ms
[110.735s][info ][gc,heap           ] GC(2520) Eden regions: 771->0(771)
[110.735s][info ][gc,heap           ] GC(2520) Survivor regions: 4->4(97)
[110.735s][info ][gc,heap           ] GC(2520) Old regions: 18->18
[110.735s][info ][gc,heap           ] GC(2520) Archive regions: 2->2
[110.735s][info ][gc,heap           ] GC(2520) Humongous regions: 0->0
[110.735s][info ][gc,metaspace      ] GC(2520) Metaspace: 10016K(10624K)->10016K(10624K) NonClass: 8864K(9216K)->8864K(9216K) Class: 1152K(1408K)->1152K(1408K)
[110.735s][debug][gc,heap           ] GC(2520) Heap after GC invocations=2521 (full 1): garbage-first heap   total 1324032K, used 22553K [0x0000000700000000, 0x0000000800000000)
[110.735s][debug][gc,heap           ] GC(2520)   region size 1024K, 4 young (4096K), 4 survivors (4096K)
[110.735s][debug][gc,heap           ] GC(2520)  Metaspace       used 10016K, capacity 10304K, committed 10624K, reserved 1058816K
[110.735s][debug][gc,heap           ] GC(2520)   class space    used 1152K, capacity 1266K, committed 1408K, reserved 1048576K
[110.735s][info ][gc                ] GC(2520) Pause Young (Normal) (G1 Evacuation Pause) 792M->22M(1293M) 2.476ms
[110.735s][info ][gc,cpu            ] GC(2520) User=0.00s Sys=0.00s Real=0.00s
[110.736s][info ][safepoint         ] Safepoint "G1CollectForAllocation", Time since last: 40776142 ns, Reaching safepoint: 141346 ns, At safepoint: 2636132 ns, Total: 2777478 ns
[110.775s][debug][gc,heap           ] GC(2521) Heap before GC invocations=2521 (full 1): garbage-first heap   total 1324032K, used 811033K [0x0000000700000000, 0x0000000800000000)
[110.775s][debug][gc,heap           ] GC(2521)   region size 1024K, 775 young (793600K), 4 survivors (4096K)
[110.775s][debug][gc,heap           ] GC(2521)  Metaspace       used 10016K, capacity 10304K, committed 10624K, reserved 1058816K
[110.775s][debug][gc,heap           ] GC(2521)   class space    used 1152K, capacity 1266K, committed 1408K, reserved 1048576K
[110.775s][info ][gc,start          ] GC(2521) Pause Young (Normal) (G1 Evacuation Pause)
[110.775s][info ][gc,task           ] GC(2521) Using 8 workers of 8 for evacuation
[110.775s][debug][gc,tlab           ] GC(2521) TLAB totals: thrds: 8  refills: 12 max: 2 slow allocs: 1536 max 212 waste: 27.7% gc: 1082576B max: 232520B slow: 55576B max: 14304B fast: 0B max: 0B
[110.775s][debug][gc,age            ] GC(2521) Desired survivor size 50855936 bytes, new threshold 15 (max threshold 15)
[110.775s][debug][gc,alloc,region   ] GC(2521) Mutator Allocation stats, regions: 771, wasted size: 180M (23.4%)
[110.775s][debug][gc,ergo           ] GC(2521) Running G1 Merge Heap Roots using 8 workers for 775 regions
[110.776s][debug][gc,remset         ] GC(2521) Visited cards 256 Total dirty 2048 (12.50%) Total old 3215360 (0.01%)
[110.776s][debug][gc,ergo           ] GC(2521) Running G1 Clear Card Table Task using 2 workers for 2 units of work for 776 regions.
[110.776s][debug][gc,ref            ] GC(2521) Skipped phase1 of Reference Processing due to unavailable references
[110.776s][debug][gc,ref            ] GC(2521) Skipped phase2 of Reference Processing due to unavailable references
[110.776s][debug][gc,ref            ] GC(2521) Skipped phase3 of Reference Processing due to unavailable references
[110.776s][debug][gc,ref            ] GC(2521) Skipped phase4 of Reference Processing due to unavailable references
[110.776s][debug][gc,ergo           ] GC(2521) Running G1 Free Collection Set using 8 workers for collection set length 775 (1293)
[110.776s][debug][gc,ergo           ] GC(2521) Running G1 Rebuild Free List Task using 8 workers for rebuilding free list of 0 (4096) regions
[110.777s][trace][gc,age            ] GC(2521) Age table with threshold 15 (max threshold 15)
[110.777s][trace][gc,age            ] GC(2521) - age   1:    2402456 bytes,    2402456 total
[110.777s][debug][gc,plab           ] GC(2521) Young PLAB allocation: allocated: 16512B, wasted: 0B, unused: 14144B, used: 2368B, undo waste: 0B, 
[110.777s][debug][gc,plab           ] GC(2521) Young other allocation: region end waste: 482640B, regions filled: 3, direct allocated: 2400088B, failure used: 0B, failure wasted: 0B
[110.777s][debug][gc,plab           ] GC(2521) Young sizing: calculated: 0B, actual: 2064B
[110.777s][debug][gc,plab           ] GC(2521) Old PLAB allocation: allocated: 0B, wasted: 0B, unused: 0B, used: 0B, undo waste: 0B, 
[110.777s][debug][gc,plab           ] GC(2521) Old other allocation: region end waste: 0B, regions filled: 1, direct allocated: 0B, failure used: 0B, failure wasted: 0B
[110.777s][debug][gc,plab           ] GC(2521) Old sizing: calculated: 0B, actual: 2064B
[110.777s][debug][gc,ihop           ] GC(2521) Basic information (value update), threshold: 610113945B (45.00), target occupancy: 1355808768B, current occupancy: 22046504B, recent allocation size: 0B, recent allocation duration: 40.55ms, recent old gen allocation rate: 0.00B/s, recent marking phase length: 30.68ms
[110.777s][debug][gc,ihop           ] GC(2521) Adaptive IHOP information (value update), threshold: 610113945B (47.37), internal target occupancy: 1288018329B, occupancy: 22046504B, additional buffer size: 812646400B, predicted old gen allocation rate: 49.15B/s, predicted marking phase length: 61.36ms, prediction active: false
[110.777s][debug][gc,ergo,refine    ] GC(2521) Concurrent refinement times: Logged Cards Scan time goal: 20.00ms Logged Cards Scan time: 0.00ms HCC time: 0.00ms
[110.777s][debug][gc,ergo,refine    ] GC(2521) Updated Refinement Zones: green: 2048, yellow: 6144, red: 10240
[110.777s][info ][gc,phases         ] GC(2521)   Pre Evacuate Collection Set: 0.2ms
[110.777s][debug][gc,phases         ] GC(2521)     Prepare TLABs: 0.0ms
[110.777s][debug][gc,phases         ] GC(2521)     Choose Collection Set: 0.0ms
[110.777s][debug][gc,phases         ] GC(2521)     Region Register: 0.1ms
[110.777s][debug][gc,phases         ] GC(2521)     Prepare Heap Roots: 0.0ms
[110.777s][info ][gc,phases         ] GC(2521)   Merge Heap Roots: 0.1ms
[110.777s][debug][gc,phases         ] GC(2521)     Prepare Merge Heap Roots: 0.0ms
[110.777s][debug][gc,phases         ] GC(2521)     Eager Reclaim (ms):       skipped
[110.777s][debug][gc,phases         ] GC(2521)     Remembered Sets (ms):     Min:  0.0, Avg:  0.0, Max:  0.0, Diff:  0.0, Sum:  0.3, Workers: 8
[110.777s][debug][gc,phases         ] GC(2521)       Merged Sparse:            Min: 0, Avg:  0.0, Max: 0, Diff: 0, Sum: 0, Workers: 8
[110.777s][debug][gc,phases         ] GC(2521)       Merged Fine:              Min: 0, Avg:  0.0, Max: 0, Diff: 0, Sum: 0, Workers: 8
[110.777s][debug][gc,phases         ] GC(2521)       Merged Coarse:            Min: 0, Avg:  0.0, Max: 0, Diff: 0, Sum: 0, Workers: 8
[110.777s][debug][gc,phases         ] GC(2521)       Dirty Cards:              Min: 0, Avg:  0.0, Max: 0, Diff: 0, Sum: 0, Workers: 8
[110.777s][debug][gc,phases         ] GC(2521)     Hot Card Cache (ms):      Min:  0.0, Avg:  0.0, Max:  0.0, Diff:  0.0, Sum:  0.0, Workers: 8
[110.777s][debug][gc,phases         ] GC(2521)       Dirty Cards:              Min: 0, Avg:  0.0, Max: 0, Diff: 0, Sum: 0, Workers: 8
[110.777s][debug][gc,phases         ] GC(2521)       Skipped Cards:            Min: 0, Avg:  0.0, Max: 0, Diff: 0, Sum: 0, Workers: 8
[110.777s][debug][gc,phases         ] GC(2521)     Log Buffers (ms):         Min:  0.0, Avg:  0.0, Max:  0.0, Diff:  0.0, Sum:  0.0, Workers: 8
[110.777s][debug][gc,phases         ] GC(2521)       Dirty Cards:              Min: 0, Avg:  0.1, Max: 1, Diff: 1, Sum: 1, Workers: 8
[110.777s][debug][gc,phases         ] GC(2521)       Skipped Cards:            Min: 0, Avg:  0.0, Max: 0, Diff: 0, Sum: 0, Workers: 8
[110.777s][info ][gc,phases         ] GC(2521)   Evacuate Collection Set: 0.3ms
[110.777s][debug][gc,phases         ] GC(2521)     Ext Root Scanning (ms):   Min:  0.0, Avg:  0.1, Max:  0.3, Diff:  0.3, Sum:  1.2, Workers: 8
[110.777s][debug][gc,phases         ] GC(2521)     Scan Heap Roots (ms):     Min:  0.0, Avg:  0.0, Max:  0.0, Diff:  0.0, Sum:  0.0, Workers: 8
[110.777s][debug][gc,phases         ] GC(2521)       Scanned Cards:            Min: 0, Avg:  0.1, Max: 1, Diff: 1, Sum: 1, Workers: 8
[110.777s][debug][gc,phases         ] GC(2521)       Scanned Blocks:           Min: 0, Avg:  0.1, Max: 1, Diff: 1, Sum: 1, Workers: 8
[110.777s][debug][gc,phases         ] GC(2521)       Claimed Chunks:           Min: 0, Avg:  0.1, Max: 1, Diff: 1, Sum: 1, Workers: 8
[110.777s][debug][gc,phases         ] GC(2521)     Code Root Scan (ms):      Min:  0.0, Avg:  0.0, Max:  0.0, Diff:  0.0, Sum:  0.1, Workers: 8
[110.777s][debug][gc,phases         ] GC(2521)     Object Copy (ms):         Min:  0.0, Avg:  0.0, Max:  0.0, Diff:  0.0, Sum:  0.0, Workers: 8
[110.777s][debug][gc,phases         ] GC(2521)     Termination (ms):         Min:  0.0, Avg:  0.1, Max:  0.1, Diff:  0.1, Sum:  0.7, Workers: 8
[110.777s][debug][gc,phases         ] GC(2521)       Termination Attempts:     Min: 1, Avg:  1.2, Max: 2, Diff: 1, Sum: 10, Workers: 8
[110.777s][debug][gc,phases         ] GC(2521)     GC Worker Other (ms):     Min:  0.0, Avg:  0.1, Max:  0.1, Diff:  0.1, Sum:  0.4, Workers: 8
[110.777s][debug][gc,phases         ] GC(2521)     GC Worker Total (ms):     Min:  0.2, Avg:  0.3, Max:  0.3, Diff:  0.1, Sum:  2.4, Workers: 8
[110.777s][info ][gc,phases         ] GC(2521)   Post Evacuate Collection Set: 0.6ms
[110.777s][debug][gc,phases         ] GC(2521)     Code Roots Fixup: 0.0ms
[110.777s][debug][gc,phases         ] GC(2521)     Clear Card Table: 0.2ms
[110.777s][debug][gc,phases         ] GC(2521)     Reference Processing: 0.0ms
[110.777s][debug][gc,phases,ref     ] GC(2521)       Reconsider SoftReferences: 0.0ms
[110.777s][debug][gc,phases,ref     ] GC(2521)         SoftRef (ms):             skipped
[110.777s][debug][gc,phases,ref     ] GC(2521)       Notify Soft/WeakReferences: 0.0ms
[110.777s][debug][gc,phases,ref     ] GC(2521)         SoftRef (ms):             skipped
[110.777s][debug][gc,phases,ref     ] GC(2521)         WeakRef (ms):             skipped
[110.777s][debug][gc,phases,ref     ] GC(2521)         FinalRef (ms):            skipped
[110.777s][debug][gc,phases,ref     ] GC(2521)         Total (ms):               skipped
[110.777s][debug][gc,phases,ref     ] GC(2521)       Notify and keep alive finalizable: 0.0ms
[110.777s][debug][gc,phases,ref     ] GC(2521)         FinalRef (ms):            skipped
[110.777s][debug][gc,phases,ref     ] GC(2521)       Notify PhantomReferences: 0.0ms
[110.777s][debug][gc,phases,ref     ] GC(2521)         PhantomRef (ms):          skipped
[110.777s][debug][gc,phases,ref     ] GC(2521)       SoftReference:
[110.777s][debug][gc,phases,ref     ] GC(2521)         Discovered: 0
[110.777s][debug][gc,phases,ref     ] GC(2521)         Cleared: 0
[110.777s][debug][gc,phases,ref     ] GC(2521)       WeakReference:
[110.777s][debug][gc,phases,ref     ] GC(2521)         Discovered: 0
[110.777s][debug][gc,phases,ref     ] GC(2521)         Cleared: 0
[110.777s][debug][gc,phases,ref     ] GC(2521)       FinalReference:
[110.777s][debug][gc,phases,ref     ] GC(2521)         Discovered: 0
[110.777s][debug][gc,phases,ref     ] GC(2521)         Cleared: 0
[110.777s][debug][gc,phases,ref     ] GC(2521)       PhantomReference:
[110.777s][debug][gc,phases,ref     ] GC(2521)         Discovered: 0
[110.777s][debug][gc,phases,ref     ] GC(2521)         Cleared: 0
[110.777s][debug][gc,phases         ] GC(2521)     Weak Processing: 0.0ms
[110.777s][debug][gc,phases         ] GC(2521)       JVMTI weak processing: 0.0ms
[110.777s][debug][gc,phases         ] GC(2521)         Dead: 0
[110.777s][debug][gc,phases         ] GC(2521)         Total: 0
[110.777s][debug][gc,phases         ] GC(2521)       JFR weak processing: 0.0ms
[110.777s][debug][gc,phases         ] GC(2521)         Dead: 0
[110.777s][debug][gc,phases         ] GC(2521)         Total: 0
[110.777s][debug][gc,phases         ] GC(2521)       JNI weak                  Min:  0.0, Avg:  0.0, Max:  0.0, Diff:  0.0, Sum:  0.0, Workers: 5
[110.777s][debug][gc,phases         ] GC(2521)         Dead                      Min: 0, Avg:  0.0, Max: 0, Diff: 0, Sum: 0, Workers: 5
[110.777s][debug][gc,phases         ] GC(2521)         Total                     Min: 0, Avg: 20.4, Max: 62, Diff: 62, Sum: 102, Workers: 5
[110.777s][debug][gc,phases         ] GC(2521)       VM weak                   Min:  0.0, Avg:  0.0, Max:  0.0, Diff:  0.0, Sum:  0.0, Workers: 5
[110.777s][debug][gc,phases         ] GC(2521)         Dead                      Min: 0, Avg:  0.0, Max: 0, Diff: 0, Sum: 0, Workers: 5
[110.777s][debug][gc,phases         ] GC(2521)         Total                     Min: 0, Avg: 42.4, Max: 64, Diff: 64, Sum: 212, Workers: 5
[110.777s][debug][gc,phases         ] GC(2521)       StringTable weak          Min:  0.0, Avg:  0.0, Max:  0.0, Diff:  0.0, Sum:  0.1, Workers: 5
[110.777s][debug][gc,phases         ] GC(2521)         Dead                      Min: 0, Avg:  0.0, Max: 0, Diff: 0, Sum: 0, Workers: 5
[110.777s][debug][gc,phases         ] GC(2521)         Total                     Min: 639, Avg: 684.6, Max: 736, Diff: 97, Sum: 3423, Workers: 5
[110.777s][debug][gc,phases         ] GC(2521)       ResolvedMethodTable weak  Min:  0.0, Avg:  0.0, Max:  0.0, Diff:  0.0, Sum:  0.0, Workers: 5
[110.777s][debug][gc,phases         ] GC(2521)         Dead                      Min: 0, Avg:  0.0, Max: 0, Diff: 0, Sum: 0, Workers: 5
[110.777s][debug][gc,phases         ] GC(2521)         Total                     Min: 64, Avg: 114.6, Max: 128, Diff: 64, Sum: 573, Workers: 5
[110.777s][debug][gc,phases         ] GC(2521)     Merge Per-Thread State: 0.0ms
[110.777s][debug][gc,phases         ] GC(2521)       Copied Bytes              Min: 72, Avg: 300307.0, Max: 800152, Diff: 800080, Sum: 2402456, Workers: 8
[110.777s][debug][gc,phases         ] GC(2521)       LAB Waste                 Min: 0, Avg:  0.0, Max: 0, Diff: 0, Sum: 0, Workers: 8
[110.777s][debug][gc,phases         ] GC(2521)       LAB Undo Waste            Min: 0, Avg:  0.0, Max: 0, Diff: 0, Sum: 0, Workers: 8
[110.777s][debug][gc,phases         ] GC(2521)     Code Roots Purge: 0.0ms
[110.777s][debug][gc,phases         ] GC(2521)     Redirty Cards: 0.0ms
[110.777s][debug][gc,phases         ] GC(2521)     DerivedPointerTable Update: 0.0ms
[110.777s][debug][gc,phases         ] GC(2521)     Free Collection Set: 0.2ms
[110.777s][debug][gc,phases         ] GC(2521)     Rebuild Free List: 0.1ms
[110.777s][debug][gc,phases         ] GC(2521)     Humongous Reclaim: 0.0ms
[110.777s][debug][gc,phases         ] GC(2521)     Start New Collection Set: 0.0ms
[110.777s][debug][gc,phases         ] GC(2521)     Resize TLABs: 0.0ms
[110.777s][debug][gc,phases         ] GC(2521)     Expand Heap After Collection: 0.0ms
[110.777s][info ][gc,phases         ] GC(2521)   Other: 0.5ms
[110.777s][info ][gc,heap           ] GC(2521) Eden regions: 771->0(772)
[110.777s][info ][gc,heap           ] GC(2521) Survivor regions: 4->3(97)
[110.777s][info ][gc,heap           ] GC(2521) Old regions: 18->18
[110.777s][info ][gc,heap           ] GC(2521) Archive regions: 2->2
[110.777s][info ][gc,heap           ] GC(2521) Humongous regions: 0->0
[110.777s][info ][gc,metaspace      ] GC(2521) Metaspace: 10016K(10624K)->10016K(10624K) NonClass: 8864K(9216K)->8864K(9216K) Class: 1152K(1408K)->1152K(1408K)
[110.777s][debug][gc,heap           ] GC(2521) Heap after GC invocations=2522 (full 1): garbage-first heap   total 1324032K, used 21529K [0x0000000700000000, 0x0000000800000000)
[110.777s][debug][gc,heap           ] GC(2521)   region size 1024K, 3 young (3072K), 3 survivors (3072K)
[110.777s][debug][gc,heap           ] GC(2521)  Metaspace       used 10016K, capacity 10304K, committed 10624K, reserved 1058816K
[110.777s][debug][gc,heap           ] GC(2521)   class space    used 1152K, capacity 1266K, committed 1408K, reserved 1048576K
[110.777s][info ][gc                ] GC(2521) Pause Young (Normal) (G1 Evacuation Pause) 792M->21M(1293M) 2.225ms
[110.777s][info ][gc,cpu            ] GC(2521) User=0.00s Sys=0.00s Real=0.00s
[110.778s][info ][safepoint         ] Safepoint "G1CollectForAllocation", Time since last: 39263974 ns, Reaching safepoint: 217717 ns, At safepoint: 2579919 ns, Total: 2797636 ns
[110.817s][debug][gc,heap           ] GC(2522) Heap before GC invocations=2522 (full 1): garbage-first heap   total 1324032K, used 811033K [0x0000000700000000, 0x0000000800000000)
[110.817s][debug][gc,heap           ] GC(2522)   region size 1024K, 775 young (793600K), 3 survivors (3072K)
[110.817s][debug][gc,heap           ] GC(2522)  Metaspace       used 10016K, capacity 10304K, committed 10624K, reserved 1058816K
[110.817s][debug][gc,heap           ] GC(2522)   class space    used 1152K, capacity 1266K, committed 1408K, reserved 1048576K
[110.817s][info ][gc,start          ] GC(2522) Pause Young (Normal) (G1 Evacuation Pause)
[110.817s][info ][gc,task           ] GC(2522) Using 8 workers of 8 for evacuation
[110.817s][debug][gc,tlab           ] GC(2522) TLAB totals: thrds: 8  refills: 13 max: 2 slow allocs: 1540 max 215 waste: 25.4% gc: 970496B max: 233392B slow: 43632B max: 13912B fast: 0B max: 0B
[110.817s][debug][gc,age            ] GC(2522) Desired survivor size 50855936 bytes, new threshold 15 (max threshold 15)
[110.817s][debug][gc,alloc,region   ] GC(2522) Mutator Allocation stats, regions: 772, wasted size: 180M (23.4%)
[110.818s][debug][gc,ergo           ] GC(2522) Running G1 Merge Heap Roots using 8 workers for 775 regions
[110.818s][debug][gc,remset         ] GC(2522) Visited cards 256 Total dirty 2048 (12.50%) Total old 3215360 (0.01%)
[110.818s][debug][gc,ergo           ] GC(2522) Running G1 Clear Card Table Task using 2 workers for 2 units of work for 776 regions.
[110.818s][debug][gc,ref            ] GC(2522) Skipped phase1 of Reference Processing due to unavailable references
[110.818s][debug][gc,ref            ] GC(2522) Skipped phase2 of Reference Processing due to unavailable references
[110.818s][debug][gc,ref            ] GC(2522) Skipped phase3 of Reference Processing due to unavailable references
[110.818s][debug][gc,ref            ] GC(2522) Skipped phase4 of Reference Processing due to unavailable references
[110.818s][debug][gc,ergo           ] GC(2522) Running G1 Free Collection Set using 8 workers for collection set length 775 (1293)
[110.818s][debug][gc,ergo           ] GC(2522) Running G1 Rebuild Free List Task using 8 workers for rebuilding free list of 0 (4096) regions
[110.819s][trace][gc,age            ] GC(2522) Age table with threshold 15 (max threshold 15)
[110.819s][trace][gc,age            ] GC(2522) - age   1:     802480 bytes,     802480 total
[110.819s][debug][gc,plab           ] GC(2522) Young PLAB allocation: allocated: 16512B, wasted: 0B, unused: 14064B, used: 2448B, undo waste: 0B, 
[110.819s][debug][gc,plab           ] GC(2522) Young other allocation: region end waste: 0B, regions filled: 1, direct allocated: 800032B, failure used: 0B, failure wasted: 0B
[110.819s][debug][gc,plab           ] GC(2522) Young sizing: calculated: 488B, actual: 2064B
[110.819s][debug][gc,plab           ] GC(2522) Old PLAB allocation: allocated: 0B, wasted: 0B, unused: 0B, used: 0B, undo waste: 0B, 
[110.819s][debug][gc,plab           ] GC(2522) Old other allocation: region end waste: 0B, regions filled: 1, direct allocated: 0B, failure used: 0B, failure wasted: 0B
[110.819s][debug][gc,plab           ] GC(2522) Old sizing: calculated: 0B, actual: 2064B
[110.819s][debug][gc,ihop           ] GC(2522) Basic information (value update), threshold: 610113945B (45.00), target occupancy: 1355808768B, current occupancy: 19963808B, recent allocation size: 0B, recent allocation duration: 40.78ms, recent old gen allocation rate: 0.00B/s, recent marking phase length: 30.68ms
[110.819s][debug][gc,ihop           ] GC(2522) Adaptive IHOP information (value update), threshold: 610113945B (47.37), internal target occupancy: 1288018329B, occupancy: 19963808B, additional buffer size: 812646400B, predicted old gen allocation rate: 47.91B/s, predicted marking phase length: 61.36ms, prediction active: false
[110.819s][debug][gc,ergo,refine    ] GC(2522) Concurrent refinement times: Logged Cards Scan time goal: 20.00ms Logged Cards Scan time: 0.00ms HCC time: 0.00ms
[110.819s][debug][gc,ergo,refine    ] GC(2522) Updated Refinement Zones: green: 2048, yellow: 6144, red: 10240
[110.819s][info ][gc,phases         ] GC(2522)   Pre Evacuate Collection Set: 0.1ms
[110.819s][debug][gc,phases         ] GC(2522)     Prepare TLABs: 0.0ms
[110.819s][debug][gc,phases         ] GC(2522)     Choose Collection Set: 0.0ms
[110.819s][debug][gc,phases         ] GC(2522)     Region Register: 0.1ms
[110.819s][debug][gc,phases         ] GC(2522)     Prepare Heap Roots: 0.0ms
[110.819s][info ][gc,phases         ] GC(2522)   Merge Heap Roots: 0.1ms
[110.819s][debug][gc,phases         ] GC(2522)     Prepare Merge Heap Roots: 0.0ms
[110.819s][debug][gc,phases         ] GC(2522)     Eager Reclaim (ms):       skipped
[110.819s][debug][gc,phases         ] GC(2522)     Remembered Sets (ms):     Min:  0.0, Avg:  0.0, Max:  0.0, Diff:  0.0, Sum:  0.3, Workers: 8
[110.819s][debug][gc,phases         ] GC(2522)       Merged Sparse:            Min: 0, Avg:  0.0, Max: 0, Diff: 0, Sum: 0, Workers: 8
[110.819s][debug][gc,phases         ] GC(2522)       Merged Fine:              Min: 0, Avg:  0.0, Max: 0, Diff: 0, Sum: 0, Workers: 8
[110.819s][debug][gc,phases         ] GC(2522)       Merged Coarse:            Min: 0, Avg:  0.0, Max: 0, Diff: 0, Sum: 0, Workers: 8
[110.819s][debug][gc,phases         ] GC(2522)       Dirty Cards:              Min: 0, Avg:  0.0, Max: 0, Diff: 0, Sum: 0, Workers: 8
[110.819s][debug][gc,phases         ] GC(2522)     Hot Card Cache (ms):      Min:  0.0, Avg:  0.0, Max:  0.0, Diff:  0.0, Sum:  0.0, Workers: 8
[110.819s][debug][gc,phases         ] GC(2522)       Dirty Cards:              Min: 0, Avg:  0.0, Max: 0, Diff: 0, Sum: 0, Workers: 8
[110.819s][debug][gc,phases         ] GC(2522)       Skipped Cards:            Min: 0, Avg:  0.0, Max: 0, Diff: 0, Sum: 0, Workers: 8
[110.819s][debug][gc,phases         ] GC(2522)     Log Buffers (ms):         Min:  0.0, Avg:  0.0, Max:  0.0, Diff:  0.0, Sum:  0.0, Workers: 8
[110.819s][debug][gc,phases         ] GC(2522)       Dirty Cards:              Min: 0, Avg:  0.1, Max: 1, Diff: 1, Sum: 1, Workers: 8
[110.819s][debug][gc,phases         ] GC(2522)       Skipped Cards:            Min: 0, Avg:  0.0, Max: 0, Diff: 0, Sum: 0, Workers: 8
[110.819s][info ][gc,phases         ] GC(2522)   Evacuate Collection Set: 0.2ms
[110.819s][debug][gc,phases         ] GC(2522)     Ext Root Scanning (ms):   Min:  0.0, Avg:  0.1, Max:  0.1, Diff:  0.1, Sum:  0.5, Workers: 8
[110.819s][debug][gc,phases         ] GC(2522)     Scan Heap Roots (ms):     Min:  0.0, Avg:  0.0, Max:  0.0, Diff:  0.0, Sum:  0.0, Workers: 8
[110.819s][debug][gc,phases         ] GC(2522)       Scanned Cards:            Min: 0, Avg:  0.1, Max: 1, Diff: 1, Sum: 1, Workers: 8
[110.819s][debug][gc,phases         ] GC(2522)       Scanned Blocks:           Min: 0, Avg:  0.1, Max: 1, Diff: 1, Sum: 1, Workers: 8
[110.819s][debug][gc,phases         ] GC(2522)       Claimed Chunks:           Min: 0, Avg:  0.1, Max: 1, Diff: 1, Sum: 1, Workers: 8
[110.819s][debug][gc,phases         ] GC(2522)     Code Root Scan (ms):      Min:  0.0, Avg:  0.0, Max:  0.0, Diff:  0.0, Sum:  0.1, Workers: 8
[110.819s][debug][gc,phases         ] GC(2522)     Object Copy (ms):         Min:  0.0, Avg:  0.0, Max:  0.0, Diff:  0.0, Sum:  0.0, Workers: 8
[110.819s][debug][gc,phases         ] GC(2522)     Termination (ms):         Min:  0.0, Avg:  0.1, Max:  0.1, Diff:  0.0, Sum:  0.4, Workers: 8
[110.819s][debug][gc,phases         ] GC(2522)       Termination Attempts:     Min: 1, Avg:  1.0, Max: 1, Diff: 0, Sum: 8, Workers: 8
[110.819s][debug][gc,phases         ] GC(2522)     GC Worker Other (ms):     Min:  0.0, Avg:  0.0, Max:  0.1, Diff:  0.0, Sum:  0.3, Workers: 8
[110.819s][debug][gc,phases         ] GC(2522)     GC Worker Total (ms):     Min:  0.2, Avg:  0.2, Max:  0.2, Diff:  0.0, Sum:  1.4, Workers: 8
[110.819s][info ][gc,phases         ] GC(2522)   Post Evacuate Collection Set: 0.6ms
[110.819s][debug][gc,phases         ] GC(2522)     Code Roots Fixup: 0.0ms
[110.819s][debug][gc,phases         ] GC(2522)     Clear Card Table: 0.2ms
[110.819s][debug][gc,phases         ] GC(2522)     Reference Processing: 0.1ms
[110.819s][debug][gc,phases,ref     ] GC(2522)       Reconsider SoftReferences: 0.1ms
[110.819s][debug][gc,phases,ref     ] GC(2522)         SoftRef (ms):             skipped
[110.819s][debug][gc,phases,ref     ] GC(2522)       Notify Soft/WeakReferences: 0.0ms
[110.819s][debug][gc,phases,ref     ] GC(2522)         SoftRef (ms):             skipped
[110.819s][debug][gc,phases,ref     ] GC(2522)         WeakRef (ms):             skipped
[110.819s][debug][gc,phases,ref     ] GC(2522)         FinalRef (ms):            skipped
[110.819s][debug][gc,phases,ref     ] GC(2522)         Total (ms):               skipped
[110.819s][debug][gc,phases,ref     ] GC(2522)       Notify and keep alive finalizable: 0.0ms
[110.819s][debug][gc,phases,ref     ] GC(2522)         FinalRef (ms):            skipped
[110.819s][debug][gc,phases,ref     ] GC(2522)       Notify PhantomReferences: 0.0ms
[110.819s][debug][gc,phases,ref     ] GC(2522)         PhantomRef (ms):          skipped
[110.819s][debug][gc,phases,ref     ] GC(2522)       SoftReference:
[110.819s][debug][gc,phases,ref     ] GC(2522)         Discovered: 0
[110.819s][debug][gc,phases,ref     ] GC(2522)         Cleared: 0
[110.819s][debug][gc,phases,ref     ] GC(2522)       WeakReference:
[110.819s][debug][gc,phases,ref     ] GC(2522)         Discovered: 0
[110.819s][debug][gc,phases,ref     ] GC(2522)         Cleared: 0
[110.819s][debug][gc,phases,ref     ] GC(2522)       FinalReference:
[110.819s][debug][gc,phases,ref     ] GC(2522)         Discovered: 0
[110.819s][debug][gc,phases,ref     ] GC(2522)         Cleared: 0
[110.819s][debug][gc,phases,ref     ] GC(2522)       PhantomReference:
[110.819s][debug][gc,phases,ref     ] GC(2522)         Discovered: 0
[110.819s][debug][gc,phases,ref     ] GC(2522)         Cleared: 0
[110.819s][debug][gc,phases         ] GC(2522)     Weak Processing: 0.0ms
[110.819s][debug][gc,phases         ] GC(2522)       JVMTI weak processing: 0.0ms
[110.819s][debug][gc,phases         ] GC(2522)         Dead: 0
[110.819s][debug][gc,phases         ] GC(2522)         Total: 0
[110.819s][debug][gc,phases         ] GC(2522)       JFR weak processing: 0.0ms
[110.819s][debug][gc,phases         ] GC(2522)         Dead: 0
[110.819s][debug][gc,phases         ] GC(2522)         Total: 0
[110.819s][debug][gc,phases         ] GC(2522)       JNI weak                  Min:  0.0, Avg:  0.0, Max:  0.0, Diff:  0.0, Sum:  0.0, Workers: 5
[110.819s][debug][gc,phases         ] GC(2522)         Dead                      Min: 0, Avg:  0.0, Max: 0, Diff: 0, Sum: 0, Workers: 5
[110.819s][debug][gc,phases         ] GC(2522)         Total                     Min: 0, Avg: 20.4, Max: 102, Diff: 102, Sum: 102, Workers: 5
[110.819s][debug][gc,phases         ] GC(2522)       VM weak                   Min:  0.0, Avg:  0.0, Max:  0.0, Diff:  0.0, Sum:  0.0, Workers: 5
[110.819s][debug][gc,phases         ] GC(2522)         Dead                      Min: 0, Avg:  0.0, Max: 0, Diff: 0, Sum: 0, Workers: 5
[110.819s][debug][gc,phases         ] GC(2522)         Total                     Min: 0, Avg: 42.4, Max: 84, Diff: 84, Sum: 212, Workers: 5
[110.819s][debug][gc,phases         ] GC(2522)       StringTable weak          Min:  0.0, Avg:  0.0, Max:  0.0, Diff:  0.0, Sum:  0.0, Workers: 5
[110.819s][debug][gc,phases         ] GC(2522)         Dead                      Min: 0, Avg:  0.0, Max: 0, Diff: 0, Sum: 0, Workers: 5
[110.819s][debug][gc,phases         ] GC(2522)         Total                     Min: 63, Avg: 684.6, Max: 1184, Diff: 1121, Sum: 3423, Workers: 5
[110.819s][debug][gc,phases         ] GC(2522)       ResolvedMethodTable weak  Min:  0.0, Avg:  0.0, Max:  0.0, Diff:  0.0, Sum:  0.0, Workers: 5
[110.819s][debug][gc,phases         ] GC(2522)         Dead                      Min: 0, Avg:  0.0, Max: 0, Diff: 0, Sum: 0, Workers: 5
[110.819s][debug][gc,phases         ] GC(2522)         Total                     Min: 61, Avg: 114.6, Max: 128, Diff: 67, Sum: 573, Workers: 5
[110.819s][debug][gc,phases         ] GC(2522)     Merge Per-Thread State: 0.0ms
[110.819s][debug][gc,phases         ] GC(2522)       Copied Bytes              Min: 288, Avg: 100310.0, Max: 400248, Diff: 399960, Sum: 802480, Workers: 8
[110.819s][debug][gc,phases         ] GC(2522)       LAB Waste                 Min: 0, Avg:  0.0, Max: 0, Diff: 0, Sum: 0, Workers: 8
[110.819s][debug][gc,phases         ] GC(2522)       LAB Undo Waste            Min: 0, Avg:  0.0, Max: 0, Diff: 0, Sum: 0, Workers: 8
[110.819s][debug][gc,phases         ] GC(2522)     Code Roots Purge: 0.0ms
[110.819s][debug][gc,phases         ] GC(2522)     Redirty Cards: 0.0ms
[110.819s][debug][gc,phases         ] GC(2522)     DerivedPointerTable Update: 0.0ms
[110.819s][debug][gc,phases         ] GC(2522)     Free Collection Set: 0.2ms
[110.819s][debug][gc,phases         ] GC(2522)     Rebuild Free List: 0.0ms
[110.819s][debug][gc,phases         ] GC(2522)     Humongous Reclaim: 0.0ms
[110.819s][debug][gc,phases         ] GC(2522)     Start New Collection Set: 0.0ms
[110.819s][debug][gc,phases         ] GC(2522)     Resize TLABs: 0.0ms
[110.819s][debug][gc,phases         ] GC(2522)     Expand Heap After Collection: 0.0ms
[110.819s][info ][gc,phases         ] GC(2522)   Other: 0.4ms
[110.819s][info ][gc,heap           ] GC(2522) Eden regions: 772->0(774)
[110.819s][info ][gc,heap           ] GC(2522) Survivor regions: 3->1(97)
[110.819s][info ][gc,heap           ] GC(2522) Old regions: 18->18
[110.819s][info ][gc,heap           ] GC(2522) Archive regions: 2->2
[110.819s][info ][gc,heap           ] GC(2522) Humongous regions: 0->0
[110.819s][info ][gc,metaspace      ] GC(2522) Metaspace: 10016K(10624K)->10016K(10624K) NonClass: 8864K(9216K)->8864K(9216K) Class: 1152K(1408K)->1152K(1408K)
[110.819s][debug][gc,heap           ] GC(2522) Heap after GC invocations=2523 (full 1): garbage-first heap   total 1324032K, used 19495K [0x0000000700000000, 0x0000000800000000)
[110.819s][debug][gc,heap           ] GC(2522)   region size 1024K, 1 young (1024K), 1 survivors (1024K)
[110.819s][debug][gc,heap           ] GC(2522)  Metaspace       used 10016K, capacity 10304K, committed 10624K, reserved 1058816K
[110.819s][debug][gc,heap           ] GC(2522)   class space    used 1152K, capacity 1266K, committed 1408K, reserved 1048576K
[110.819s][info ][gc                ] GC(2522) Pause Young (Normal) (G1 Evacuation Pause) 792M->19M(1293M) 2.110ms
[110.819s][info ][gc,cpu            ] GC(2522) User=0.00s Sys=0.00s Real=0.00s
[110.820s][info ][safepoint         ] Safepoint "G1CollectForAllocation", Time since last: 39485955 ns, Reaching safepoint: 137638 ns, At safepoint: 2290747 ns, Total: 2428385 ns
[110.858s][debug][gc,heap           ] GC(2523) Heap before GC invocations=2523 (full 1): garbage-first heap   total 1324032K, used 811047K [0x0000000700000000, 0x0000000800000000)
[110.858s][debug][gc,heap           ] GC(2523)   region size 1024K, 775 young (793600K), 1 survivors (1024K)
[110.858s][debug][gc,heap           ] GC(2523)  Metaspace       used 10016K, capacity 10304K, committed 10624K, reserved 1058816K
[110.858s][debug][gc,heap           ] GC(2523)   class space    used 1152K, capacity 1266K, committed 1408K, reserved 1048576K
[110.858s][info ][gc,start          ] GC(2523) Pause Young (Normal) (G1 Evacuation Pause)
[110.858s][info ][gc,task           ] GC(2523) Using 8 workers of 8 for evacuation
[110.858s][debug][gc,tlab           ] GC(2523) TLAB totals: thrds: 8  refills: 9 max: 2 slow allocs: 1542 max 214 waste: 42.4% gc: 999632B max: 240976B slow: 13912B max: 13912B fast: 0B max: 0B
[110.858s][debug][gc,age            ] GC(2523) Desired survivor size 50855936 bytes, new threshold 15 (max threshold 15)
[110.858s][debug][gc,alloc,region   ] GC(2523) Mutator Allocation stats, regions: 774, wasted size: 181M (23.4%)
[110.858s][debug][gc,ergo           ] GC(2523) Running G1 Merge Heap Roots using 8 workers for 775 regions
[110.858s][debug][gc,remset         ] GC(2523) Visited cards 512 Total dirty 4096 (12.50%) Total old 3215360 (0.02%)
[110.858s][debug][gc,ergo           ] GC(2523) Running G1 Clear Card Table Task using 2 workers for 2 units of work for 777 regions.
[110.859s][debug][gc,ref            ] GC(2523) Skipped phase1 of Reference Processing due to unavailable references
[110.859s][debug][gc,ref            ] GC(2523) Skipped phase2 of Reference Processing due to unavailable references
[110.859s][debug][gc,ref            ] GC(2523) Skipped phase3 of Reference Processing due to unavailable references
[110.859s][debug][gc,ref            ] GC(2523) Skipped phase4 of Reference Processing due to unavailable references
[110.859s][debug][gc,ergo           ] GC(2523) Running G1 Free Collection Set using 8 workers for collection set length 775 (1293)
[110.859s][debug][gc,ergo           ] GC(2523) Running G1 Rebuild Free List Task using 8 workers for rebuilding free list of 0 (4096) regions
[110.859s][trace][gc,age            ] GC(2523) Age table with threshold 15 (max threshold 15)
[110.859s][trace][gc,age            ] GC(2523) - age   1:    4002576 bytes,    4002576 total
[110.859s][debug][gc,plab           ] GC(2523) Young PLAB allocation: allocated: 16512B, wasted: 0B, unused: 14064B, used: 2448B, undo waste: 0B, 
[110.859s][debug][gc,plab           ] GC(2523) Young other allocation: region end waste: 985936B, regions filled: 5, direct allocated: 4000128B, failure used: 0B, failure wasted: 0B
[110.859s][debug][gc,plab           ] GC(2523) Young sizing: calculated: 0B, actual: 2064B
[110.859s][debug][gc,plab           ] GC(2523) Old PLAB allocation: allocated: 0B, wasted: 0B, unused: 0B, used: 0B, undo waste: 0B, 
[110.859s][debug][gc,plab           ] GC(2523) Old other allocation: region end waste: 0B, regions filled: 1, direct allocated: 0B, failure used: 0B, failure wasted: 0B
[110.859s][debug][gc,plab           ] GC(2523) Old sizing: calculated: 0B, actual: 2064B
[110.859s][debug][gc,ihop           ] GC(2523) Basic information (value update), threshold: 610113945B (45.00), target occupancy: 1355808768B, current occupancy: 24149840B, recent allocation size: 0B, recent allocation duration: 39.02ms, recent old gen allocation rate: 0.00B/s, recent marking phase length: 30.68ms
[110.859s][debug][gc,ihop           ] GC(2523) Adaptive IHOP information (value update), threshold: 610113945B (47.37), internal target occupancy: 1288018329B, occupancy: 24149840B, additional buffer size: 812646400B, predicted old gen allocation rate: 46.69B/s, predicted marking phase length: 61.36ms, prediction active: false
[110.859s][debug][gc,ergo,refine    ] GC(2523) Concurrent refinement times: Logged Cards Scan time goal: 20.00ms Logged Cards Scan time: 0.00ms HCC time: 0.00ms
[110.859s][debug][gc,ergo,refine    ] GC(2523) Updated Refinement Zones: green: 2048, yellow: 6144, red: 10240
[110.859s][info ][gc,phases         ] GC(2523)   Pre Evacuate Collection Set: 0.1ms
[110.859s][debug][gc,phases         ] GC(2523)     Prepare TLABs: 0.0ms
[110.859s][debug][gc,phases         ] GC(2523)     Choose Collection Set: 0.0ms
[110.859s][debug][gc,phases         ] GC(2523)     Region Register: 0.1ms
[110.859s][debug][gc,phases         ] GC(2523)     Prepare Heap Roots: 0.0ms
[110.859s][info ][gc,phases         ] GC(2523)   Merge Heap Roots: 0.1ms
[110.859s][debug][gc,phases         ] GC(2523)     Prepare Merge Heap Roots: 0.0ms
[110.859s][debug][gc,phases         ] GC(2523)     Eager Reclaim (ms):       skipped
[110.859s][debug][gc,phases         ] GC(2523)     Remembered Sets (ms):     Min:  0.0, Avg:  0.0, Max:  0.0, Diff:  0.0, Sum:  0.2, Workers: 8
[110.859s][debug][gc,phases         ] GC(2523)       Merged Sparse:            Min: 0, Avg:  0.0, Max: 0, Diff: 0, Sum: 0, Workers: 8
[110.859s][debug][gc,phases         ] GC(2523)       Merged Fine:              Min: 0, Avg:  0.0, Max: 0, Diff: 0, Sum: 0, Workers: 8
[110.859s][debug][gc,phases         ] GC(2523)       Merged Coarse:            Min: 0, Avg:  0.0, Max: 0, Diff: 0, Sum: 0, Workers: 8
[110.859s][debug][gc,phases         ] GC(2523)       Dirty Cards:              Min: 0, Avg:  0.0, Max: 0, Diff: 0, Sum: 0, Workers: 8
[110.859s][debug][gc,phases         ] GC(2523)     Hot Card Cache (ms):      Min:  0.0, Avg:  0.0, Max:  0.0, Diff:  0.0, Sum:  0.0, Workers: 8
[110.859s][debug][gc,phases         ] GC(2523)       Dirty Cards:              Min: 0, Avg:  0.0, Max: 0, Diff: 0, Sum: 0, Workers: 8
[110.859s][debug][gc,phases         ] GC(2523)       Skipped Cards:            Min: 0, Avg:  0.0, Max: 0, Diff: 0, Sum: 0, Workers: 8
[110.859s][debug][gc,phases         ] GC(2523)     Log Buffers (ms):         Min:  0.0, Avg:  0.0, Max:  0.0, Diff:  0.0, Sum:  0.0, Workers: 8
[110.859s][debug][gc,phases         ] GC(2523)       Dirty Cards:              Min: 0, Avg:  0.2, Max: 2, Diff: 2, Sum: 2, Workers: 8
[110.859s][debug][gc,phases         ] GC(2523)       Skipped Cards:            Min: 0, Avg:  0.0, Max: 0, Diff: 0, Sum: 0, Workers: 8
[110.859s][info ][gc,phases         ] GC(2523)   Evacuate Collection Set: 0.5ms
[110.859s][debug][gc,phases         ] GC(2523)     Ext Root Scanning (ms):   Min:  0.1, Avg:  0.2, Max:  0.4, Diff:  0.3, Sum:  2.0, Workers: 8
[110.859s][debug][gc,phases         ] GC(2523)     Scan Heap Roots (ms):     Min:  0.0, Avg:  0.0, Max:  0.0, Diff:  0.0, Sum:  0.0, Workers: 8
[110.859s][debug][gc,phases         ] GC(2523)       Scanned Cards:            Min: 0, Avg:  0.2, Max: 2, Diff: 2, Sum: 2, Workers: 8
[110.859s][debug][gc,phases         ] GC(2523)       Scanned Blocks:           Min: 0, Avg:  0.2, Max: 2, Diff: 2, Sum: 2, Workers: 8
[110.859s][debug][gc,phases         ] GC(2523)       Claimed Chunks:           Min: 0, Avg:  0.2, Max: 2, Diff: 2, Sum: 2, Workers: 8
[110.859s][debug][gc,phases         ] GC(2523)     Code Root Scan (ms):      Min:  0.0, Avg:  0.0, Max:  0.1, Diff:  0.1, Sum:  0.1, Workers: 8
[110.859s][debug][gc,phases         ] GC(2523)     Object Copy (ms):         Min:  0.0, Avg:  0.0, Max:  0.0, Diff:  0.0, Sum:  0.0, Workers: 8
[110.859s][debug][gc,phases         ] GC(2523)     Termination (ms):         Min:  0.0, Avg:  0.1, Max:  0.2, Diff:  0.1, Sum:  0.8, Workers: 8
[110.859s][debug][gc,phases         ] GC(2523)       Termination Attempts:     Min: 1, Avg:  1.5, Max: 2, Diff: 1, Sum: 12, Workers: 8
[110.859s][debug][gc,phases         ] GC(2523)     GC Worker Other (ms):     Min:  0.0, Avg:  0.0, Max:  0.1, Diff:  0.1, Sum:  0.3, Workers: 8
[110.859s][debug][gc,phases         ] GC(2523)     GC Worker Total (ms):     Min:  0.4, Avg:  0.4, Max:  0.4, Diff:  0.1, Sum:  3.3, Workers: 8
[110.859s][info ][gc,phases         ] GC(2523)   Post Evacuate Collection Set: 0.5ms
[110.859s][debug][gc,phases         ] GC(2523)     Code Roots Fixup: 0.0ms
[110.859s][debug][gc,phases         ] GC(2523)     Clear Card Table: 0.2ms
[110.859s][debug][gc,phases         ] GC(2523)     Reference Processing: 0.0ms
[110.859s][debug][gc,phases,ref     ] GC(2523)       Reconsider SoftReferences: 0.0ms
[110.859s][debug][gc,phases,ref     ] GC(2523)         SoftRef (ms):             skipped
[110.859s][debug][gc,phases,ref     ] GC(2523)       Notify Soft/WeakReferences: 0.0ms
[110.859s][debug][gc,phases,ref     ] GC(2523)         SoftRef (ms):             skipped
[110.859s][debug][gc,phases,ref     ] GC(2523)         WeakRef (ms):             skipped
[110.859s][debug][gc,phases,ref     ] GC(2523)         FinalRef (ms):            skipped
[110.859s][debug][gc,phases,ref     ] GC(2523)         Total (ms):               skipped
[110.859s][debug][gc,phases,ref     ] GC(2523)       Notify and keep alive finalizable: 0.0ms
[110.859s][debug][gc,phases,ref     ] GC(2523)         FinalRef (ms):            skipped
[110.859s][debug][gc,phases,ref     ] GC(2523)       Notify PhantomReferences: 0.0ms
[110.859s][debug][gc,phases,ref     ] GC(2523)         PhantomRef (ms):          skipped
[110.859s][debug][gc,phases,ref     ] GC(2523)       SoftReference:
[110.859s][debug][gc,phases,ref     ] GC(2523)         Discovered: 0
[110.859s][debug][gc,phases,ref     ] GC(2523)         Cleared: 0
[110.859s][debug][gc,phases,ref     ] GC(2523)       WeakReference:
[110.859s][debug][gc,phases,ref     ] GC(2523)         Discovered: 0
[110.859s][debug][gc,phases,ref     ] GC(2523)         Cleared: 0
[110.859s][debug][gc,phases,ref     ] GC(2523)       FinalReference:
[110.859s][debug][gc,phases,ref     ] GC(2523)         Discovered: 0
[110.859s][debug][gc,phases,ref     ] GC(2523)         Cleared: 0
[110.859s][debug][gc,phases,ref     ] GC(2523)       PhantomReference:
[110.859s][debug][gc,phases,ref     ] GC(2523)         Discovered: 0
[110.859s][debug][gc,phases,ref     ] GC(2523)         Cleared: 0
[110.859s][debug][gc,phases         ] GC(2523)     Weak Processing: 0.1ms
[110.859s][debug][gc,phases         ] GC(2523)       JVMTI weak processing: 0.0ms
[110.859s][debug][gc,phases         ] GC(2523)         Dead: 0
[110.859s][debug][gc,phases         ] GC(2523)         Total: 0
[110.859s][debug][gc,phases         ] GC(2523)       JFR weak processing: 0.0ms
[110.859s][debug][gc,phases         ] GC(2523)         Dead: 0
[110.859s][debug][gc,phases         ] GC(2523)         Total: 0
[110.859s][debug][gc,phases         ] GC(2523)       JNI weak                  Min:  0.0, Avg:  0.0, Max:  0.0, Diff:  0.0, Sum:  0.0, Workers: 5
[110.859s][debug][gc,phases         ] GC(2523)         Dead                      Min: 0, Avg:  0.0, Max: 0, Diff: 0, Sum: 0, Workers: 5
[110.859s][debug][gc,phases         ] GC(2523)         Total                     Min: 0, Avg: 20.4, Max: 102, Diff: 102, Sum: 102, Workers: 5
[110.859s][debug][gc,phases         ] GC(2523)       VM weak                   Min:  0.0, Avg:  0.0, Max:  0.0, Diff:  0.0, Sum:  0.0, Workers: 5
[110.859s][debug][gc,phases         ] GC(2523)         Dead                      Min: 0, Avg:  0.0, Max: 0, Diff: 0, Sum: 0, Workers: 5
[110.859s][debug][gc,phases         ] GC(2523)         Total                     Min: 0, Avg: 42.4, Max: 212, Diff: 212, Sum: 212, Workers: 5
[110.859s][debug][gc,phases         ] GC(2523)       StringTable weak          Min:  0.0, Avg:  0.0, Max:  0.0, Diff:  0.0, Sum:  0.0, Workers: 5
[110.860s][debug][gc,phases         ] GC(2523)         Dead                      Min: 0, Avg:  0.0, Max: 0, Diff: 0, Sum: 0, Workers: 5
[110.860s][debug][gc,phases         ] GC(2523)         Total                     Min: 0, Avg: 684.6, Max: 2879, Diff: 2879, Sum: 3423, Workers: 5
[110.860s][debug][gc,phases         ] GC(2523)       ResolvedMethodTable weak  Min:  0.0, Avg:  0.0, Max:  0.0, Diff:  0.0, Sum:  0.0, Workers: 5
[110.860s][debug][gc,phases         ] GC(2523)         Dead                      Min: 0, Avg:  0.0, Max: 0, Diff: 0, Sum: 0, Workers: 5
[110.860s][debug][gc,phases         ] GC(2523)         Total                     Min: 0, Avg: 114.6, Max: 192, Diff: 192, Sum: 573, Workers: 5
[110.860s][debug][gc,phases         ] GC(2523)     Merge Per-Thread State: 0.0ms
[110.860s][debug][gc,phases         ] GC(2523)       Copied Bytes              Min: 584, Avg: 500322.0, Max: 800320, Diff: 799736, Sum: 4002576, Workers: 8
[110.860s][debug][gc,phases         ] GC(2523)       LAB Waste                 Min: 0, Avg:  0.0, Max: 0, Diff: 0, Sum: 0, Workers: 8
[110.860s][debug][gc,phases         ] GC(2523)       LAB Undo Waste            Min: 0, Avg:  0.0, Max: 0, Diff: 0, Sum: 0, Workers: 8
[110.860s][debug][gc,phases         ] GC(2523)     Code Roots Purge: 0.0ms
[110.860s][debug][gc,phases         ] GC(2523)     Redirty Cards: 0.0ms
[110.860s][debug][gc,phases         ] GC(2523)     DerivedPointerTable Update: 0.0ms
[110.860s][debug][gc,phases         ] GC(2523)     Free Collection Set: 0.1ms
[110.860s][debug][gc,phases         ] GC(2523)     Rebuild Free List: 0.1ms
[110.860s][debug][gc,phases         ] GC(2523)     Humongous Reclaim: 0.0ms
[110.860s][debug][gc,phases         ] GC(2523)     Start New Collection Set: 0.0ms
[110.860s][debug][gc,phases         ] GC(2523)     Resize TLABs: 0.0ms
[110.860s][debug][gc,phases         ] GC(2523)     Expand Heap After Collection: 0.0ms
[110.860s][info ][gc,phases         ] GC(2523)   Other: 0.3ms
[110.860s][info ][gc,heap           ] GC(2523) Eden regions: 774->0(770)
[110.860s][info ][gc,heap           ] GC(2523) Survivor regions: 1->5(97)
[110.860s][info ][gc,heap           ] GC(2523) Old regions: 18->18
[110.860s][info ][gc,heap           ] GC(2523) Archive regions: 2->2
[110.860s][info ][gc,heap           ] GC(2523) Humongous regions: 0->0
[110.860s][info ][gc,metaspace      ] GC(2523) Metaspace: 10016K(10624K)->10016K(10624K) NonClass: 8864K(9216K)->8864K(9216K) Class: 1152K(1408K)->1152K(1408K)
[110.860s][debug][gc,heap           ] GC(2523) Heap after GC invocations=2524 (full 1): garbage-first heap   total 1324032K, used 23583K [0x0000000700000000, 0x0000000800000000)
[110.860s][debug][gc,heap           ] GC(2523)   region size 1024K, 5 young (5120K), 5 survivors (5120K)
[110.860s][debug][gc,heap           ] GC(2523)  Metaspace       used 10016K, capacity 10304K, committed 10624K, reserved 1058816K
[110.860s][debug][gc,heap           ] GC(2523)   class space    used 1152K, capacity 1266K, committed 1408K, reserved 1048576K
[110.860s][info ][gc                ] GC(2523) Pause Young (Normal) (G1 Evacuation Pause) 792M->23M(1293M) 2.083ms
[110.860s][info ][gc,cpu            ] GC(2523) User=0.01s Sys=0.00s Real=0.00s
[110.860s][info ][safepoint         ] Safepoint "G1CollectForAllocation", Time since last: 37816804 ns, Reaching safepoint: 172528 ns, At safepoint: 2264138 ns, Total: 2436666 ns
[110.898s][debug][gc,heap           ] GC(2524) Heap before GC invocations=2524 (full 1): garbage-first heap   total 1324032K, used 811039K [0x0000000700000000, 0x0000000800000000)
[110.898s][debug][gc,heap           ] GC(2524)   region size 1024K, 775 young (793600K), 5 survivors (5120K)
[110.898s][debug][gc,heap           ] GC(2524)  Metaspace       used 10016K, capacity 10304K, committed 10624K, reserved 1058816K
[110.898s][debug][gc,heap           ] GC(2524)   class space    used 1152K, capacity 1266K, committed 1408K, reserved 1048576K
[110.898s][info ][gc,start          ] GC(2524) Pause Young (Normal) (G1 Evacuation Pause)
[110.898s][info ][gc,task           ] GC(2524) Using 8 workers of 8 for evacuation
[110.898s][debug][gc,tlab           ] GC(2524) TLAB totals: thrds: 8  refills: 14 max: 3 slow allocs: 1534 max 212 waste: 30.7% gc: 1083048B max: 230864B slow: 57080B max: 15488B fast: 0B max: 0B
[110.898s][debug][gc,age            ] GC(2524) Desired survivor size 50855936 bytes, new threshold 15 (max threshold 15)
[110.898s][debug][gc,alloc,region   ] GC(2524) Mutator Allocation stats, regions: 770, wasted size: 180M (23.4%)
[110.898s][debug][gc,ergo           ] GC(2524) Running G1 Merge Heap Roots using 8 workers for 775 regions
[110.898s][debug][gc,remset         ] GC(2524) Visited cards 256 Total dirty 2048 (12.50%) Total old 3215360 (0.01%)
[110.899s][debug][gc,ergo           ] GC(2524) Running G1 Clear Card Table Task using 2 workers for 2 units of work for 776 regions.
[110.899s][debug][gc,ref            ] GC(2524) Skipped phase1 of Reference Processing due to unavailable references
[110.899s][debug][gc,ref            ] GC(2524) Skipped phase2 of Reference Processing due to unavailable references
[110.899s][debug][gc,ref            ] GC(2524) Skipped phase3 of Reference Processing due to unavailable references
[110.899s][debug][gc,ref            ] GC(2524) Skipped phase4 of Reference Processing due to unavailable references
[110.899s][debug][gc,ergo           ] GC(2524) Running G1 Free Collection Set using 8 workers for collection set length 775 (1293)
[110.899s][debug][gc,ergo           ] GC(2524) Running G1 Rebuild Free List Task using 8 workers for rebuilding free list of 0 (4096) regions
[110.899s][trace][gc,age            ] GC(2524) Age table with threshold 15 (max threshold 15)
[110.899s][trace][gc,age            ] GC(2524) - age   1:    2402544 bytes,    2402544 total
[110.899s][debug][gc,plab           ] GC(2524) Young PLAB allocation: allocated: 16512B, wasted: 0B, unused: 14064B, used: 2448B, undo waste: 0B, 
[110.899s][debug][gc,plab           ] GC(2524) Young other allocation: region end waste: 482640B, regions filled: 3, direct allocated: 2400096B, failure used: 0B, failure wasted: 0B
[110.899s][debug][gc,plab           ] GC(2524) Young sizing: calculated: 0B, actual: 2064B
[110.899s][debug][gc,plab           ] GC(2524) Old PLAB allocation: allocated: 0B, wasted: 0B, unused: 0B, used: 0B, undo waste: 0B, 
[110.899s][debug][gc,plab           ] GC(2524) Old other allocation: region end waste: 0B, regions filled: 1, direct allocated: 0B, failure used: 0B, failure wasted: 0B
[110.899s][debug][gc,plab           ] GC(2524) Old sizing: calculated: 0B, actual: 2064B
[110.899s][debug][gc,ihop           ] GC(2524) Basic information (value update), threshold: 610113945B (45.00), target occupancy: 1355808768B, current occupancy: 22046512B, recent allocation size: 0B, recent allocation duration: 38.93ms, recent old gen allocation rate: 0.00B/s, recent marking phase length: 30.68ms
[110.899s][debug][gc,ihop           ] GC(2524) Adaptive IHOP information (value update), threshold: 610113945B (47.37), internal target occupancy: 1288018329B, occupancy: 22046512B, additional buffer size: 812646400B, predicted old gen allocation rate: 45.51B/s, predicted marking phase length: 61.36ms, prediction active: false
[110.899s][debug][gc,ergo,refine    ] GC(2524) Concurrent refinement times: Logged Cards Scan time goal: 20.00ms Logged Cards Scan time: 0.00ms HCC time: 0.00ms
[110.899s][debug][gc,ergo,refine    ] GC(2524) Updated Refinement Zones: green: 2048, yellow: 6144, red: 10240
[110.899s][info ][gc,phases         ] GC(2524)   Pre Evacuate Collection Set: 0.1ms
[110.899s][debug][gc,phases         ] GC(2524)     Prepare TLABs: 0.0ms
[110.899s][debug][gc,phases         ] GC(2524)     Choose Collection Set: 0.0ms
[110.899s][debug][gc,phases         ] GC(2524)     Region Register: 0.1ms
[110.899s][debug][gc,phases         ] GC(2524)     Prepare Heap Roots: 0.0ms
[110.899s][info ][gc,phases         ] GC(2524)   Merge Heap Roots: 0.1ms
[110.899s][debug][gc,phases         ] GC(2524)     Prepare Merge Heap Roots: 0.0ms
[110.899s][debug][gc,phases         ] GC(2524)     Eager Reclaim (ms):       skipped
[110.899s][debug][gc,phases         ] GC(2524)     Remembered Sets (ms):     Min:  0.0, Avg:  0.0, Max:  0.1, Diff:  0.0, Sum:  0.3, Workers: 8
[110.899s][debug][gc,phases         ] GC(2524)       Merged Sparse:            Min: 0, Avg:  0.0, Max: 0, Diff: 0, Sum: 0, Workers: 8
[110.899s][debug][gc,phases         ] GC(2524)       Merged Fine:              Min: 0, Avg:  0.0, Max: 0, Diff: 0, Sum: 0, Workers: 8
[110.899s][debug][gc,phases         ] GC(2524)       Merged Coarse:            Min: 0, Avg:  0.0, Max: 0, Diff: 0, Sum: 0, Workers: 8
[110.899s][debug][gc,phases         ] GC(2524)       Dirty Cards:              Min: 0, Avg:  0.0, Max: 0, Diff: 0, Sum: 0, Workers: 8
[110.899s][debug][gc,phases         ] GC(2524)     Hot Card Cache (ms):      Min:  0.0, Avg:  0.0, Max:  0.0, Diff:  0.0, Sum:  0.0, Workers: 8
[110.899s][debug][gc,phases         ] GC(2524)       Dirty Cards:              Min: 0, Avg:  0.0, Max: 0, Diff: 0, Sum: 0, Workers: 8
[110.899s][debug][gc,phases         ] GC(2524)       Skipped Cards:            Min: 0, Avg:  0.0, Max: 0, Diff: 0, Sum: 0, Workers: 8
[110.899s][debug][gc,phases         ] GC(2524)     Log Buffers (ms):         Min:  0.0, Avg:  0.0, Max:  0.0, Diff:  0.0, Sum:  0.0, Workers: 8
[110.899s][debug][gc,phases         ] GC(2524)       Dirty Cards:              Min: 0, Avg:  0.1, Max: 1, Diff: 1, Sum: 1, Workers: 8
[110.899s][debug][gc,phases         ] GC(2524)       Skipped Cards:            Min: 0, Avg:  0.0, Max: 0, Diff: 0, Sum: 0, Workers: 8
[110.899s][info ][gc,phases         ] GC(2524)   Evacuate Collection Set: 0.3ms
[110.899s][debug][gc,phases         ] GC(2524)     Ext Root Scanning (ms):   Min:  0.1, Avg:  0.2, Max:  0.3, Diff:  0.2, Sum:  1.3, Workers: 8
[110.899s][debug][gc,phases         ] GC(2524)     Scan Heap Roots (ms):     Min:  0.0, Avg:  0.0, Max:  0.0, Diff:  0.0, Sum:  0.0, Workers: 8
[110.899s][debug][gc,phases         ] GC(2524)       Scanned Cards:            Min: 0, Avg:  0.1, Max: 1, Diff: 1, Sum: 1, Workers: 8
[110.899s][debug][gc,phases         ] GC(2524)       Scanned Blocks:           Min: 0, Avg:  0.1, Max: 1, Diff: 1, Sum: 1, Workers: 8
[110.899s][debug][gc,phases         ] GC(2524)       Claimed Chunks:           Min: 0, Avg:  0.1, Max: 1, Diff: 1, Sum: 1, Workers: 8
[110.899s][debug][gc,phases         ] GC(2524)     Code Root Scan (ms):      Min:  0.0, Avg:  0.0, Max:  0.0, Diff:  0.0, Sum:  0.1, Workers: 8
[110.899s][debug][gc,phases         ] GC(2524)     Object Copy (ms):         Min:  0.0, Avg:  0.0, Max:  0.0, Diff:  0.0, Sum:  0.0, Workers: 8
[110.899s][debug][gc,phases         ] GC(2524)     Termination (ms):         Min:  0.0, Avg:  0.1, Max:  0.1, Diff:  0.1, Sum:  0.6, Workers: 8
[110.899s][debug][gc,phases         ] GC(2524)       Termination Attempts:     Min: 1, Avg:  1.1, Max: 2, Diff: 1, Sum: 9, Workers: 8
[110.899s][debug][gc,phases         ] GC(2524)     GC Worker Other (ms):     Min:  0.0, Avg:  0.0, Max:  0.1, Diff:  0.0, Sum:  0.4, Workers: 8
[110.900s][debug][gc,phases         ] GC(2524)     GC Worker Total (ms):     Min:  0.3, Avg:  0.3, Max:  0.3, Diff:  0.0, Sum:  2.4, Workers: 8
[110.900s][info ][gc,phases         ] GC(2524)   Post Evacuate Collection Set: 0.6ms
[110.900s][debug][gc,phases         ] GC(2524)     Code Roots Fixup: 0.0ms
[110.900s][debug][gc,phases         ] GC(2524)     Clear Card Table: 0.2ms
[110.900s][debug][gc,phases         ] GC(2524)     Reference Processing: 0.0ms
[110.900s][debug][gc,phases,ref     ] GC(2524)       Reconsider SoftReferences: 0.0ms
[110.900s][debug][gc,phases,ref     ] GC(2524)         SoftRef (ms):             skipped
[110.900s][debug][gc,phases,ref     ] GC(2524)       Notify Soft/WeakReferences: 0.0ms
[110.900s][debug][gc,phases,ref     ] GC(2524)         SoftRef (ms):             skipped
[110.900s][debug][gc,phases,ref     ] GC(2524)         WeakRef (ms):             skipped
[110.900s][debug][gc,phases,ref     ] GC(2524)         FinalRef (ms):            skipped
[110.900s][debug][gc,phases,ref     ] GC(2524)         Total (ms):               skipped
[110.900s][debug][gc,phases,ref     ] GC(2524)       Notify and keep alive finalizable: 0.0ms
[110.900s][debug][gc,phases,ref     ] GC(2524)         FinalRef (ms):            skipped
[110.900s][debug][gc,phases,ref     ] GC(2524)       Notify PhantomReferences: 0.0ms
[110.900s][debug][gc,phases,ref     ] GC(2524)         PhantomRef (ms):          skipped
[110.900s][debug][gc,phases,ref     ] GC(2524)       SoftReference:
[110.900s][debug][gc,phases,ref     ] GC(2524)         Discovered: 0
[110.900s][debug][gc,phases,ref     ] GC(2524)         Cleared: 0
[110.900s][debug][gc,phases,ref     ] GC(2524)       WeakReference:
[110.900s][debug][gc,phases,ref     ] GC(2524)         Discovered: 0
[110.900s][debug][gc,phases,ref     ] GC(2524)         Cleared: 0
[110.900s][debug][gc,phases,ref     ] GC(2524)       FinalReference:
[110.900s][debug][gc,phases,ref     ] GC(2524)         Discovered: 0
[110.900s][debug][gc,phases,ref     ] GC(2524)         Cleared: 0
[110.900s][debug][gc,phases,ref     ] GC(2524)       PhantomReference:
[110.900s][debug][gc,phases,ref     ] GC(2524)         Discovered: 0
[110.900s][debug][gc,phases,ref     ] GC(2524)         Cleared: 0
[110.900s][debug][gc,phases         ] GC(2524)     Weak Processing: 0.0ms
[110.900s][debug][gc,phases         ] GC(2524)       JVMTI weak processing: 0.0ms
[110.900s][debug][gc,phases         ] GC(2524)         Dead: 0
[110.900s][debug][gc,phases         ] GC(2524)         Total: 0
[110.900s][debug][gc,phases         ] GC(2524)       JFR weak processing: 0.0ms
[110.900s][debug][gc,phases         ] GC(2524)         Dead: 0
[110.900s][debug][gc,phases         ] GC(2524)         Total: 0
[110.900s][debug][gc,phases         ] GC(2524)       JNI weak                  Min:  0.0, Avg:  0.0, Max:  0.0, Diff:  0.0, Sum:  0.0, Workers: 5
[110.900s][debug][gc,phases         ] GC(2524)         Dead                      Min: 0, Avg:  0.0, Max: 0, Diff: 0, Sum: 0, Workers: 5
[110.900s][debug][gc,phases         ] GC(2524)         Total                     Min: 0, Avg: 20.4, Max: 62, Diff: 62, Sum: 102, Workers: 5
[110.900s][debug][gc,phases         ] GC(2524)       VM weak                   Min:  0.0, Avg:  0.0, Max:  0.0, Diff:  0.0, Sum:  0.0, Workers: 5
[110.900s][debug][gc,phases         ] GC(2524)         Dead                      Min: 0, Avg:  0.0, Max: 0, Diff: 0, Sum: 0, Workers: 5
[110.900s][debug][gc,phases         ] GC(2524)         Total                     Min: 0, Avg: 42.4, Max: 64, Diff: 64, Sum: 212, Workers: 5
[110.900s][debug][gc,phases         ] GC(2524)       StringTable weak          Min:  0.0, Avg:  0.0, Max:  0.0, Diff:  0.0, Sum:  0.1, Workers: 5
[110.900s][debug][gc,phases         ] GC(2524)         Dead                      Min: 0, Avg:  0.0, Max: 0, Diff: 0, Sum: 0, Workers: 5
[110.900s][debug][gc,phases         ] GC(2524)         Total                     Min: 0, Avg: 684.6, Max: 896, Diff: 896, Sum: 3423, Workers: 5
[110.900s][debug][gc,phases         ] GC(2524)       ResolvedMethodTable weak  Min:  0.0, Avg:  0.0, Max:  0.0, Diff:  0.0, Sum:  0.0, Workers: 5
[110.900s][debug][gc,phases         ] GC(2524)         Dead                      Min: 0, Avg:  0.0, Max: 0, Diff: 0, Sum: 0, Workers: 5
[110.900s][debug][gc,phases         ] GC(2524)         Total                     Min: 0, Avg: 114.6, Max: 189, Diff: 189, Sum: 573, Workers: 5
[110.900s][debug][gc,phases         ] GC(2524)     Merge Per-Thread State: 0.0ms
[110.900s][debug][gc,phases         ] GC(2524)       Copied Bytes              Min: 296, Avg: 300318.0, Max: 400888, Diff: 400592, Sum: 2402544, Workers: 8
[110.900s][debug][gc,phases         ] GC(2524)       LAB Waste                 Min: 0, Avg:  0.0, Max: 0, Diff: 0, Sum: 0, Workers: 8
[110.900s][debug][gc,phases         ] GC(2524)       LAB Undo Waste            Min: 0, Avg:  0.0, Max: 0, Diff: 0, Sum: 0, Workers: 8
[110.900s][debug][gc,phases         ] GC(2524)     Code Roots Purge: 0.0ms
[110.900s][debug][gc,phases         ] GC(2524)     Redirty Cards: 0.0ms
[110.900s][debug][gc,phases         ] GC(2524)     DerivedPointerTable Update: 0.0ms
[110.900s][debug][gc,phases         ] GC(2524)     Free Collection Set: 0.2ms
[110.900s][debug][gc,phases         ] GC(2524)     Rebuild Free List: 0.1ms
[110.900s][debug][gc,phases         ] GC(2524)     Humongous Reclaim: 0.0ms
[110.900s][debug][gc,phases         ] GC(2524)     Start New Collection Set: 0.0ms
[110.900s][debug][gc,phases         ] GC(2524)     Resize TLABs: 0.0ms
[110.900s][debug][gc,phases         ] GC(2524)     Expand Heap After Collection: 0.0ms
[110.900s][info ][gc,phases         ] GC(2524)   Other: 0.4ms
[110.900s][info ][gc,heap           ] GC(2524) Eden regions: 770->0(772)
[110.900s][info ][gc,heap           ] GC(2524) Survivor regions: 5->3(97)
[110.900s][info ][gc,heap           ] GC(2524) Old regions: 18->18
[110.900s][info ][gc,heap           ] GC(2524) Archive regions: 2->2
[110.900s][info ][gc,heap           ] GC(2524) Humongous regions: 0->0
[110.900s][info ][gc,metaspace      ] GC(2524) Metaspace: 10016K(10624K)->10016K(10624K) NonClass: 8864K(9216K)->8864K(9216K) Class: 1152K(1408K)->1152K(1408K)
[110.900s][debug][gc,heap           ] GC(2524) Heap after GC invocations=2525 (full 1): garbage-first heap   total 1324032K, used 21529K [0x0000000700000000, 0x0000000800000000)
[110.900s][debug][gc,heap           ] GC(2524)   region size 1024K, 3 young (3072K), 3 survivors (3072K)
[110.900s][debug][gc,heap           ] GC(2524)  Metaspace       used 10016K, capacity 10304K, committed 10624K, reserved 1058816K
[110.900s][debug][gc,heap           ] GC(2524)   class space    used 1152K, capacity 1266K, committed 1408K, reserved 1048576K
[110.900s][info ][gc                ] GC(2524) Pause Young (Normal) (G1 Evacuation Pause) 792M->21M(1293M) 2.040ms
[110.900s][info ][gc,cpu            ] GC(2524) User=0.01s Sys=0.00s Real=0.00s
[110.900s][info ][safepoint         ] Safepoint "G1CollectForAllocation", Time since last: 37802830 ns, Reaching safepoint: 195546 ns, At safepoint: 2298939 ns, Total: 2494485 ns
[110.940s][debug][gc,heap           ] GC(2525) Heap before GC invocations=2525 (full 1): garbage-first heap   total 1324032K, used 811033K [0x0000000700000000, 0x0000000800000000)
[110.940s][debug][gc,heap           ] GC(2525)   region size 1024K, 775 young (793600K), 3 survivors (3072K)
[110.940s][debug][gc,heap           ] GC(2525)  Metaspace       used 10016K, capacity 10304K, committed 10624K, reserved 1058816K
[110.940s][debug][gc,heap           ] GC(2525)   class space    used 1152K, capacity 1266K, committed 1408K, reserved 1048576K
[110.940s][info ][gc,start          ] GC(2525) Pause Young (Normal) (G1 Evacuation Pause)
[110.940s][info ][gc,task           ] GC(2525) Using 8 workers of 8 for evacuation
[110.940s][debug][gc,tlab           ] GC(2525) TLAB totals: thrds: 8  refills: 14 max: 3 slow allocs: 1536 max 220 waste: 39.0% gc: 1331160B max: 241840B slow: 58408B max: 15096B fast: 0B max: 0B
[110.940s][debug][gc,age            ] GC(2525) Desired survivor size 50855936 bytes, new threshold 15 (max threshold 15)
[110.940s][debug][gc,alloc,region   ] GC(2525) Mutator Allocation stats, regions: 772, wasted size: 180M (23.4%)
[110.940s][debug][gc,ergo           ] GC(2525) Running G1 Merge Heap Roots using 8 workers for 775 regions
[110.940s][debug][gc,remset         ] GC(2525) Visited cards 512 Total dirty 4096 (12.50%) Total old 3215360 (0.02%)
[110.940s][debug][gc,ergo           ] GC(2525) Running G1 Clear Card Table Task using 2 workers for 2 units of work for 777 regions.
[110.941s][debug][gc,ref            ] GC(2525) Skipped phase1 of Reference Processing due to unavailable references
[110.941s][debug][gc,ref            ] GC(2525) Skipped phase2 of Reference Processing due to unavailable references
[110.941s][debug][gc,ref            ] GC(2525) Skipped phase3 of Reference Processing due to unavailable references
[110.941s][debug][gc,ref            ] GC(2525) Skipped phase4 of Reference Processing due to unavailable references
[110.941s][debug][gc,ergo           ] GC(2525) Running G1 Free Collection Set using 8 workers for collection set length 775 (1293)
[110.941s][debug][gc,ergo           ] GC(2525) Running G1 Rebuild Free List Task using 8 workers for rebuilding free list of 0 (4096) regions
[110.941s][trace][gc,age            ] GC(2525) Age table with threshold 15 (max threshold 15)
[110.941s][trace][gc,age            ] GC(2525) - age   1:    2402528 bytes,    2402528 total
[110.941s][debug][gc,plab           ] GC(2525) Young PLAB allocation: allocated: 16512B, wasted: 0B, unused: 14064B, used: 2448B, undo waste: 0B, 
[110.941s][debug][gc,plab           ] GC(2525) Young other allocation: region end waste: 484704B, regions filled: 3, direct allocated: 2400080B, failure used: 0B, failure wasted: 0B
[110.941s][debug][gc,plab           ] GC(2525) Young sizing: calculated: 0B, actual: 2064B
[110.941s][debug][gc,plab           ] GC(2525) Old PLAB allocation: allocated: 0B, wasted: 0B, unused: 0B, used: 0B, undo waste: 0B, 
[110.941s][debug][gc,plab           ] GC(2525) Old other allocation: region end waste: 0B, regions filled: 1, direct allocated: 0B, failure used: 0B, failure wasted: 0B
[110.941s][debug][gc,plab           ] GC(2525) Old sizing: calculated: 0B, actual: 2064B
[110.941s][debug][gc,ihop           ] GC(2525) Basic information (value update), threshold: 610113945B (45.00), target occupancy: 1355808768B, current occupancy: 22048560B, recent allocation size: 0B, recent allocation duration: 40.45ms, recent old gen allocation rate: 0.00B/s, recent marking phase length: 30.68ms
[110.941s][debug][gc,ihop           ] GC(2525) Adaptive IHOP information (value update), threshold: 610113945B (47.37), internal target occupancy: 1288018329B, occupancy: 22048560B, additional buffer size: 812646400B, predicted old gen allocation rate: 44.36B/s, predicted marking phase length: 61.36ms, prediction active: false
[110.941s][debug][gc,ergo,refine    ] GC(2525) Concurrent refinement times: Logged Cards Scan time goal: 20.00ms Logged Cards Scan time: 0.00ms HCC time: 0.00ms
[110.941s][debug][gc,ergo,refine    ] GC(2525) Updated Refinement Zones: green: 2048, yellow: 6144, red: 10240
[110.941s][info ][gc,phases         ] GC(2525)   Pre Evacuate Collection Set: 0.1ms
[110.941s][debug][gc,phases         ] GC(2525)     Prepare TLABs: 0.0ms
[110.941s][debug][gc,phases         ] GC(2525)     Choose Collection Set: 0.0ms
[110.941s][debug][gc,phases         ] GC(2525)     Region Register: 0.1ms
[110.941s][debug][gc,phases         ] GC(2525)     Prepare Heap Roots: 0.0ms
[110.941s][info ][gc,phases         ] GC(2525)   Merge Heap Roots: 0.1ms
[110.941s][debug][gc,phases         ] GC(2525)     Prepare Merge Heap Roots: 0.0ms
[110.941s][debug][gc,phases         ] GC(2525)     Eager Reclaim (ms):       skipped
[110.941s][debug][gc,phases         ] GC(2525)     Remembered Sets (ms):     Min:  0.0, Avg:  0.0, Max:  0.1, Diff:  0.0, Sum:  0.3, Workers: 8
[110.941s][debug][gc,phases         ] GC(2525)       Merged Sparse:            Min: 0, Avg:  0.0, Max: 0, Diff: 0, Sum: 0, Workers: 8
[110.941s][debug][gc,phases         ] GC(2525)       Merged Fine:              Min: 0, Avg:  0.0, Max: 0, Diff: 0, Sum: 0, Workers: 8
[110.941s][debug][gc,phases         ] GC(2525)       Merged Coarse:            Min: 0, Avg:  0.0, Max: 0, Diff: 0, Sum: 0, Workers: 8
[110.941s][debug][gc,phases         ] GC(2525)       Dirty Cards:              Min: 0, Avg:  0.0, Max: 0, Diff: 0, Sum: 0, Workers: 8
[110.941s][debug][gc,phases         ] GC(2525)     Hot Card Cache (ms):      Min:  0.0, Avg:  0.0, Max:  0.0, Diff:  0.0, Sum:  0.0, Workers: 8
[110.941s][debug][gc,phases         ] GC(2525)       Dirty Cards:              Min: 0, Avg:  0.0, Max: 0, Diff: 0, Sum: 0, Workers: 8
[110.941s][debug][gc,phases         ] GC(2525)       Skipped Cards:            Min: 0, Avg:  0.0, Max: 0, Diff: 0, Sum: 0, Workers: 8
[110.941s][debug][gc,phases         ] GC(2525)     Log Buffers (ms):         Min:  0.0, Avg:  0.0, Max:  0.0, Diff:  0.0, Sum:  0.0, Workers: 8
[110.941s][debug][gc,phases         ] GC(2525)       Dirty Cards:              Min: 0, Avg:  0.2, Max: 1, Diff: 1, Sum: 2, Workers: 8
[110.941s][debug][gc,phases         ] GC(2525)       Skipped Cards:            Min: 0, Avg:  0.0, Max: 0, Diff: 0, Sum: 0, Workers: 8
[110.941s][info ][gc,phases         ] GC(2525)   Evacuate Collection Set: 0.3ms
[110.941s][debug][gc,phases         ] GC(2525)     Ext Root Scanning (ms):   Min:  0.0, Avg:  0.1, Max:  0.2, Diff:  0.2, Sum:  0.9, Workers: 8
[110.941s][debug][gc,phases         ] GC(2525)     Scan Heap Roots (ms):     Min:  0.0, Avg:  0.0, Max:  0.0, Diff:  0.0, Sum:  0.0, Workers: 8
[110.941s][debug][gc,phases         ] GC(2525)       Scanned Cards:            Min: 0, Avg:  0.2, Max: 1, Diff: 1, Sum: 2, Workers: 8
[110.941s][debug][gc,phases         ] GC(2525)       Scanned Blocks:           Min: 0, Avg:  0.2, Max: 1, Diff: 1, Sum: 2, Workers: 8
[110.941s][debug][gc,phases         ] GC(2525)       Claimed Chunks:           Min: 0, Avg:  0.2, Max: 1, Diff: 1, Sum: 2, Workers: 8
[110.941s][debug][gc,phases         ] GC(2525)     Code Root Scan (ms):      Min:  0.0, Avg:  0.0, Max:  0.0, Diff:  0.0, Sum:  0.1, Workers: 8
[110.941s][debug][gc,phases         ] GC(2525)     Object Copy (ms):         Min:  0.0, Avg:  0.0, Max:  0.0, Diff:  0.0, Sum:  0.0, Workers: 8
[110.941s][debug][gc,phases         ] GC(2525)     Termination (ms):         Min:  0.0, Avg:  0.1, Max:  0.1, Diff:  0.1, Sum:  0.7, Workers: 8
[110.941s][debug][gc,phases         ] GC(2525)       Termination Attempts:     Min: 1, Avg:  1.1, Max: 2, Diff: 1, Sum: 9, Workers: 8
[110.941s][debug][gc,phases         ] GC(2525)     GC Worker Other (ms):     Min:  0.0, Avg:  0.0, Max:  0.1, Diff:  0.1, Sum:  0.4, Workers: 8
[110.941s][debug][gc,phases         ] GC(2525)     GC Worker Total (ms):     Min:  0.2, Avg:  0.3, Max:  0.3, Diff:  0.0, Sum:  2.1, Workers: 8
[110.941s][info ][gc,phases         ] GC(2525)   Post Evacuate Collection Set: 0.5ms
[110.941s][debug][gc,phases         ] GC(2525)     Code Roots Fixup: 0.0ms
[110.941s][debug][gc,phases         ] GC(2525)     Clear Card Table: 0.2ms
[110.941s][debug][gc,phases         ] GC(2525)     Reference Processing: 0.0ms
[110.941s][debug][gc,phases,ref     ] GC(2525)       Reconsider SoftReferences: 0.0ms
[110.941s][debug][gc,phases,ref     ] GC(2525)         SoftRef (ms):             skipped
[110.941s][debug][gc,phases,ref     ] GC(2525)       Notify Soft/WeakReferences: 0.0ms
[110.941s][debug][gc,phases,ref     ] GC(2525)         SoftRef (ms):             skipped
[110.941s][debug][gc,phases,ref     ] GC(2525)         WeakRef (ms):             skipped
[110.941s][debug][gc,phases,ref     ] GC(2525)         FinalRef (ms):            skipped
[110.941s][debug][gc,phases,ref     ] GC(2525)         Total (ms):               skipped
[110.941s][debug][gc,phases,ref     ] GC(2525)       Notify and keep alive finalizable: 0.0ms
[110.941s][debug][gc,phases,ref     ] GC(2525)         FinalRef (ms):            skipped
[110.941s][debug][gc,phases,ref     ] GC(2525)       Notify PhantomReferences: 0.0ms
[110.941s][debug][gc,phases,ref     ] GC(2525)         PhantomRef (ms):          skipped
[110.941s][debug][gc,phases,ref     ] GC(2525)       SoftReference:
[110.941s][debug][gc,phases,ref     ] GC(2525)         Discovered: 0
[110.941s][debug][gc,phases,ref     ] GC(2525)         Cleared: 0
[110.941s][debug][gc,phases,ref     ] GC(2525)       WeakReference:
[110.941s][debug][gc,phases,ref     ] GC(2525)         Discovered: 0
[110.941s][debug][gc,phases,ref     ] GC(2525)         Cleared: 0
[110.941s][debug][gc,phases,ref     ] GC(2525)       FinalReference:
[110.941s][debug][gc,phases,ref     ] GC(2525)         Discovered: 0
[110.941s][debug][gc,phases,ref     ] GC(2525)         Cleared: 0
[110.941s][debug][gc,phases,ref     ] GC(2525)       PhantomReference:
[110.941s][debug][gc,phases,ref     ] GC(2525)         Discovered: 0
[110.941s][debug][gc,phases,ref     ] GC(2525)         Cleared: 0
[110.941s][debug][gc,phases         ] GC(2525)     Weak Processing: 0.1ms
[110.941s][debug][gc,phases         ] GC(2525)       JVMTI weak processing: 0.0ms
[110.941s][debug][gc,phases         ] GC(2525)         Dead: 0
[110.941s][debug][gc,phases         ] GC(2525)         Total: 0
[110.941s][debug][gc,phases         ] GC(2525)       JFR weak processing: 0.0ms
[110.941s][debug][gc,phases         ] GC(2525)         Dead: 0
[110.941s][debug][gc,phases         ] GC(2525)         Total: 0
[110.941s][debug][gc,phases         ] GC(2525)       JNI weak                  Min:  0.0, Avg:  0.0, Max:  0.0, Diff:  0.0, Sum:  0.0, Workers: 5
[110.941s][debug][gc,phases         ] GC(2525)         Dead                      Min: 0, Avg:  0.0, Max: 0, Diff: 0, Sum: 0, Workers: 5
[110.941s][debug][gc,phases         ] GC(2525)         Total                     Min: 0, Avg: 20.4, Max: 102, Diff: 102, Sum: 102, Workers: 5
[110.941s][debug][gc,phases         ] GC(2525)       VM weak                   Min:  0.0, Avg:  0.0, Max:  0.0, Diff:  0.0, Sum:  0.0, Workers: 5
[110.941s][debug][gc,phases         ] GC(2525)         Dead                      Min: 0, Avg:  0.0, Max: 0, Diff: 0, Sum: 0, Workers: 5
[110.941s][debug][gc,phases         ] GC(2525)         Total                     Min: 0, Avg: 42.4, Max: 128, Diff: 128, Sum: 212, Workers: 5
[110.941s][debug][gc,phases         ] GC(2525)       StringTable weak          Min:  0.0, Avg:  0.0, Max:  0.0, Diff:  0.0, Sum:  0.0, Workers: 5
[110.941s][debug][gc,phases         ] GC(2525)         Dead                      Min: 0, Avg:  0.0, Max: 0, Diff: 0, Sum: 0, Workers: 5
[110.941s][debug][gc,phases         ] GC(2525)         Total                     Min: 0, Avg: 684.6, Max: 1407, Diff: 1407, Sum: 3423, Workers: 5
[110.941s][debug][gc,phases         ] GC(2525)       ResolvedMethodTable weak  Min:  0.0, Avg:  0.0, Max:  0.0, Diff:  0.0, Sum:  0.0, Workers: 5
[110.941s][debug][gc,phases         ] GC(2525)         Dead                      Min: 0, Avg:  0.0, Max: 0, Diff: 0, Sum: 0, Workers: 5
[110.941s][debug][gc,phases         ] GC(2525)         Total                     Min: 0, Avg: 114.6, Max: 256, Diff: 256, Sum: 573, Workers: 5
[110.941s][debug][gc,phases         ] GC(2525)     Merge Per-Thread State: 0.0ms
[110.942s][debug][gc,phases         ] GC(2525)       Copied Bytes              Min: 232, Avg: 300316.0, Max: 800168, Diff: 799936, Sum: 2402528, Workers: 8
[110.942s][debug][gc,phases         ] GC(2525)       LAB Waste                 Min: 0, Avg:  0.0, Max: 0, Diff: 0, Sum: 0, Workers: 8
[110.942s][debug][gc,phases         ] GC(2525)       LAB Undo Waste            Min: 0, Avg:  0.0, Max: 0, Diff: 0, Sum: 0, Workers: 8
[110.942s][debug][gc,phases         ] GC(2525)     Code Roots Purge: 0.0ms
[110.942s][debug][gc,phases         ] GC(2525)     Redirty Cards: 0.0ms
[110.942s][debug][gc,phases         ] GC(2525)     DerivedPointerTable Update: 0.0ms
[110.942s][debug][gc,phases         ] GC(2525)     Free Collection Set: 0.2ms
[110.942s][debug][gc,phases         ] GC(2525)     Rebuild Free List: 0.1ms
[110.942s][debug][gc,phases         ] GC(2525)     Humongous Reclaim: 0.0ms
[110.942s][debug][gc,phases         ] GC(2525)     Start New Collection Set: 0.0ms
[110.942s][debug][gc,phases         ] GC(2525)     Resize TLABs: 0.0ms
[110.942s][debug][gc,phases         ] GC(2525)     Expand Heap After Collection: 0.0ms
[110.942s][info ][gc,phases         ] GC(2525)   Other: 0.3ms
[110.942s][info ][gc,heap           ] GC(2525) Eden regions: 772->0(772)
[110.942s][info ][gc,heap           ] GC(2525) Survivor regions: 3->3(97)
[110.942s][info ][gc,heap           ] GC(2525) Old regions: 18->18
[110.942s][info ][gc,heap           ] GC(2525) Archive regions: 2->2
[110.942s][info ][gc,heap           ] GC(2525) Humongous regions: 0->0
[110.942s][info ][gc,metaspace      ] GC(2525) Metaspace: 10016K(10624K)->10016K(10624K) NonClass: 8864K(9216K)->8864K(9216K) Class: 1152K(1408K)->1152K(1408K)
[110.942s][debug][gc,heap           ] GC(2525) Heap after GC invocations=2526 (full 1): garbage-first heap   total 1324032K, used 21531K [0x0000000700000000, 0x0000000800000000)
[110.942s][debug][gc,heap           ] GC(2525)   region size 1024K, 3 young (3072K), 3 survivors (3072K)
[110.942s][debug][gc,heap           ] GC(2525)  Metaspace       used 10016K, capacity 10304K, committed 10624K, reserved 1058816K
[110.942s][debug][gc,heap           ] GC(2525)   class space    used 1152K, capacity 1266K, committed 1408K, reserved 1048576K
[110.942s][info ][gc                ] GC(2525) Pause Young (Normal) (G1 Evacuation Pause) 792M->21M(1293M) 2.004ms
[110.942s][info ][gc,cpu            ] GC(2525) User=0.01s Sys=0.00s Real=0.00s
[110.942s][info ][safepoint         ] Safepoint "G1CollectForAllocation", Time since last: 39306214 ns, Reaching safepoint: 198200 ns, At safepoint: 2172536 ns, Total: 2370736 ns
[110.980s][debug][gc,heap           ] GC(2526) Heap before GC invocations=2526 (full 1): garbage-first heap   total 1324032K, used 811035K [0x0000000700000000, 0x0000000800000000)
[110.980s][debug][gc,heap           ] GC(2526)   region size 1024K, 775 young (793600K), 3 survivors (3072K)
[110.980s][debug][gc,heap           ] GC(2526)  Metaspace       used 10016K, capacity 10304K, committed 10624K, reserved 1058816K
[110.980s][debug][gc,heap           ] GC(2526)   class space    used 1152K, capacity 1266K, committed 1408K, reserved 1048576K
[110.980s][info ][gc,start          ] GC(2526) Pause Young (Normal) (G1 Evacuation Pause)
[110.980s][info ][gc,task           ] GC(2526) Using 8 workers of 8 for evacuation
[110.980s][debug][gc,tlab           ] GC(2526) TLAB totals: thrds: 8  refills: 10 max: 2 slow allocs: 1540 max 203 waste: 47.9% gc: 1234240B max: 237168B slow: 27744B max: 14304B fast: 0B max: 0B
[110.980s][debug][gc,age            ] GC(2526) Desired survivor size 50855936 bytes, new threshold 15 (max threshold 15)
[110.980s][debug][gc,alloc,region   ] GC(2526) Mutator Allocation stats, regions: 772, wasted size: 180M (23.4%)
[110.981s][debug][gc,ergo           ] GC(2526) Running G1 Merge Heap Roots using 8 workers for 775 regions
[110.981s][debug][gc,remset         ] GC(2526) Visited cards 256 Total dirty 2048 (12.50%) Total old 3215360 (0.01%)
[110.981s][debug][gc,ergo           ] GC(2526) Running G1 Clear Card Table Task using 2 workers for 2 units of work for 776 regions.
[110.981s][debug][gc,ref            ] GC(2526) Skipped phase1 of Reference Processing due to unavailable references
[110.981s][debug][gc,ref            ] GC(2526) Skipped phase2 of Reference Processing due to unavailable references
[110.981s][debug][gc,ref            ] GC(2526) Skipped phase3 of Reference Processing due to unavailable references
[110.981s][debug][gc,ref            ] GC(2526) Skipped phase4 of Reference Processing due to unavailable references
[110.981s][debug][gc,ergo           ] GC(2526) Running G1 Free Collection Set using 8 workers for collection set length 775 (1293)
[110.982s][debug][gc,ergo           ] GC(2526) Running G1 Rebuild Free List Task using 8 workers for rebuilding free list of 0 (4096) regions
[110.982s][trace][gc,age            ] GC(2526) Age table with threshold 15 (max threshold 15)
[110.982s][trace][gc,age            ] GC(2526) - age   1:    3202560 bytes,    3202560 total
[110.982s][debug][gc,plab           ] GC(2526) Young PLAB allocation: allocated: 16512B, wasted: 0B, unused: 14064B, used: 2448B, undo waste: 0B, 
[110.982s][debug][gc,plab           ] GC(2526) Young other allocation: region end waste: 735312B, regions filled: 4, direct allocated: 3200112B, failure used: 0B, failure wasted: 0B
[110.982s][debug][gc,plab           ] GC(2526) Young sizing: calculated: 0B, actual: 2064B
[110.982s][debug][gc,plab           ] GC(2526) Old PLAB allocation: allocated: 0B, wasted: 0B, unused: 0B, used: 0B, undo waste: 0B, 
[110.982s][debug][gc,plab           ] GC(2526) Old other allocation: region end waste: 0B, regions filled: 1, direct allocated: 0B, failure used: 0B, failure wasted: 0B
[110.982s][debug][gc,plab           ] GC(2526) Old sizing: calculated: 0B, actual: 2064B
[110.982s][debug][gc,ihop           ] GC(2526) Basic information (value update), threshold: 610113945B (45.00), target occupancy: 1355808768B, current occupancy: 23099200B, recent allocation size: 0B, recent allocation duration: 39.46ms, recent old gen allocation rate: 0.00B/s, recent marking phase length: 30.68ms
[110.982s][debug][gc,ihop           ] GC(2526) Adaptive IHOP information (value update), threshold: 610113945B (47.37), internal target occupancy: 1288018329B, occupancy: 23099200B, additional buffer size: 812646400B, predicted old gen allocation rate: 43.23B/s, predicted marking phase length: 61.36ms, prediction active: false
[110.982s][debug][gc,ergo,refine    ] GC(2526) Concurrent refinement times: Logged Cards Scan time goal: 20.00ms Logged Cards Scan time: 0.00ms HCC time: 0.00ms
[110.982s][debug][gc,ergo,refine    ] GC(2526) Updated Refinement Zones: green: 2048, yellow: 6144, red: 10240
[110.982s][info ][gc,phases         ] GC(2526)   Pre Evacuate Collection Set: 0.2ms
[110.982s][debug][gc,phases         ] GC(2526)     Prepare TLABs: 0.0ms
[110.982s][debug][gc,phases         ] GC(2526)     Choose Collection Set: 0.0ms
[110.982s][debug][gc,phases         ] GC(2526)     Region Register: 0.1ms
[110.982s][debug][gc,phases         ] GC(2526)     Prepare Heap Roots: 0.0ms
[110.982s][info ][gc,phases         ] GC(2526)   Merge Heap Roots: 0.1ms
[110.982s][debug][gc,phases         ] GC(2526)     Prepare Merge Heap Roots: 0.0ms
[110.982s][debug][gc,phases         ] GC(2526)     Eager Reclaim (ms):       skipped
[110.982s][debug][gc,phases         ] GC(2526)     Remembered Sets (ms):     Min:  0.0, Avg:  0.0, Max:  0.0, Diff:  0.0, Sum:  0.3, Workers: 8
[110.982s][debug][gc,phases         ] GC(2526)       Merged Sparse:            Min: 0, Avg:  0.0, Max: 0, Diff: 0, Sum: 0, Workers: 8
[110.982s][debug][gc,phases         ] GC(2526)       Merged Fine:              Min: 0, Avg:  0.0, Max: 0, Diff: 0, Sum: 0, Workers: 8
[110.982s][debug][gc,phases         ] GC(2526)       Merged Coarse:            Min: 0, Avg:  0.0, Max: 0, Diff: 0, Sum: 0, Workers: 8
[110.982s][debug][gc,phases         ] GC(2526)       Dirty Cards:              Min: 0, Avg:  0.0, Max: 0, Diff: 0, Sum: 0, Workers: 8
[110.982s][debug][gc,phases         ] GC(2526)     Hot Card Cache (ms):      Min:  0.0, Avg:  0.0, Max:  0.0, Diff:  0.0, Sum:  0.0, Workers: 8
[110.982s][debug][gc,phases         ] GC(2526)       Dirty Cards:              Min: 0, Avg:  0.0, Max: 0, Diff: 0, Sum: 0, Workers: 8
[110.982s][debug][gc,phases         ] GC(2526)       Skipped Cards:            Min: 0, Avg:  0.0, Max: 0, Diff: 0, Sum: 0, Workers: 8
[110.982s][debug][gc,phases         ] GC(2526)     Log Buffers (ms):         Min:  0.0, Avg:  0.0, Max:  0.0, Diff:  0.0, Sum:  0.0, Workers: 8
[110.982s][debug][gc,phases         ] GC(2526)       Dirty Cards:              Min: 0, Avg:  0.1, Max: 1, Diff: 1, Sum: 1, Workers: 8
[110.982s][debug][gc,phases         ] GC(2526)       Skipped Cards:            Min: 0, Avg:  0.0, Max: 0, Diff: 0, Sum: 0, Workers: 8
[110.982s][info ][gc,phases         ] GC(2526)   Evacuate Collection Set: 0.4ms
[110.982s][debug][gc,phases         ] GC(2526)     Ext Root Scanning (ms):   Min:  0.0, Avg:  0.2, Max:  0.4, Diff:  0.3, Sum:  1.6, Workers: 8
[110.982s][debug][gc,phases         ] GC(2526)     Scan Heap Roots (ms):     Min:  0.0, Avg:  0.0, Max:  0.0, Diff:  0.0, Sum:  0.0, Workers: 8
[110.982s][debug][gc,phases         ] GC(2526)       Scanned Cards:            Min: 0, Avg:  0.1, Max: 1, Diff: 1, Sum: 1, Workers: 8
[110.982s][debug][gc,phases         ] GC(2526)       Scanned Blocks:           Min: 0, Avg:  0.1, Max: 1, Diff: 1, Sum: 1, Workers: 8
[110.982s][debug][gc,phases         ] GC(2526)       Claimed Chunks:           Min: 0, Avg:  0.1, Max: 1, Diff: 1, Sum: 1, Workers: 8
[110.982s][debug][gc,phases         ] GC(2526)     Code Root Scan (ms):      Min:  0.0, Avg:  0.0, Max:  0.0, Diff:  0.0, Sum:  0.1, Workers: 8
[110.982s][debug][gc,phases         ] GC(2526)     Object Copy (ms):         Min:  0.0, Avg:  0.0, Max:  0.0, Diff:  0.0, Sum:  0.0, Workers: 8
[110.982s][debug][gc,phases         ] GC(2526)     Termination (ms):         Min:  0.0, Avg:  0.1, Max:  0.1, Diff:  0.1, Sum:  1.0, Workers: 8
[110.982s][debug][gc,phases         ] GC(2526)       Termination Attempts:     Min: 1, Avg:  1.0, Max: 1, Diff: 0, Sum: 8, Workers: 8
[110.982s][debug][gc,phases         ] GC(2526)     GC Worker Other (ms):     Min:  0.0, Avg:  0.0, Max:  0.1, Diff:  0.1, Sum:  0.4, Workers: 8
[110.982s][debug][gc,phases         ] GC(2526)     GC Worker Total (ms):     Min:  0.3, Avg:  0.4, Max:  0.4, Diff:  0.1, Sum:  3.1, Workers: 8
[110.982s][info ][gc,phases         ] GC(2526)   Post Evacuate Collection Set: 0.5ms
[110.982s][debug][gc,phases         ] GC(2526)     Code Roots Fixup: 0.0ms
[110.982s][debug][gc,phases         ] GC(2526)     Clear Card Table: 0.1ms
[110.982s][debug][gc,phases         ] GC(2526)     Reference Processing: 0.0ms
[110.982s][debug][gc,phases,ref     ] GC(2526)       Reconsider SoftReferences: 0.0ms
[110.982s][debug][gc,phases,ref     ] GC(2526)         SoftRef (ms):             skipped
[110.982s][debug][gc,phases,ref     ] GC(2526)       Notify Soft/WeakReferences: 0.0ms
[110.982s][debug][gc,phases,ref     ] GC(2526)         SoftRef (ms):             skipped
[110.982s][debug][gc,phases,ref     ] GC(2526)         WeakRef (ms):             skipped
[110.982s][debug][gc,phases,ref     ] GC(2526)         FinalRef (ms):            skipped
[110.982s][debug][gc,phases,ref     ] GC(2526)         Total (ms):               skipped
[110.982s][debug][gc,phases,ref     ] GC(2526)       Notify and keep alive finalizable: 0.0ms
[110.982s][debug][gc,phases,ref     ] GC(2526)         FinalRef (ms):            skipped
[110.982s][debug][gc,phases,ref     ] GC(2526)       Notify PhantomReferences: 0.0ms
[110.982s][debug][gc,phases,ref     ] GC(2526)         PhantomRef (ms):          skipped
[110.982s][debug][gc,phases,ref     ] GC(2526)       SoftReference:
[110.982s][debug][gc,phases,ref     ] GC(2526)         Discovered: 0
[110.982s][debug][gc,phases,ref     ] GC(2526)         Cleared: 0
[110.982s][debug][gc,phases,ref     ] GC(2526)       WeakReference:
[110.982s][debug][gc,phases,ref     ] GC(2526)         Discovered: 0
[110.982s][debug][gc,phases,ref     ] GC(2526)         Cleared: 0
[110.982s][debug][gc,phases,ref     ] GC(2526)       FinalReference:
[110.982s][debug][gc,phases,ref     ] GC(2526)         Discovered: 0
[110.982s][debug][gc,phases,ref     ] GC(2526)         Cleared: 0
[110.982s][debug][gc,phases,ref     ] GC(2526)       PhantomReference:
[110.982s][debug][gc,phases,ref     ] GC(2526)         Discovered: 0
[110.982s][debug][gc,phases,ref     ] GC(2526)         Cleared: 0
[110.982s][debug][gc,phases         ] GC(2526)     Weak Processing: 0.0ms
[110.982s][debug][gc,phases         ] GC(2526)       JVMTI weak processing: 0.0ms
[110.982s][debug][gc,phases         ] GC(2526)         Dead: 0
[110.982s][debug][gc,phases         ] GC(2526)         Total: 0
[110.982s][debug][gc,phases         ] GC(2526)       JFR weak processing: 0.0ms
[110.982s][debug][gc,phases         ] GC(2526)         Dead: 0
[110.982s][debug][gc,phases         ] GC(2526)         Total: 0
[110.982s][debug][gc,phases         ] GC(2526)       JNI weak                  Min:  0.0, Avg:  0.0, Max:  0.0, Diff:  0.0, Sum:  0.0, Workers: 5
[110.982s][debug][gc,phases         ] GC(2526)         Dead                      Min: 0, Avg:  0.0, Max: 0, Diff: 0, Sum: 0, Workers: 5
[110.982s][debug][gc,phases         ] GC(2526)         Total                     Min: 0, Avg: 20.4, Max: 62, Diff: 62, Sum: 102, Workers: 5
[110.982s][debug][gc,phases         ] GC(2526)       VM weak                   Min:  0.0, Avg:  0.0, Max:  0.0, Diff:  0.0, Sum:  0.0, Workers: 5
[110.982s][debug][gc,phases         ] GC(2526)         Dead                      Min: 0, Avg:  0.0, Max: 0, Diff: 0, Sum: 0, Workers: 5
[110.982s][debug][gc,phases         ] GC(2526)         Total                     Min: 0, Avg: 42.4, Max: 84, Diff: 84, Sum: 212, Workers: 5
[110.982s][debug][gc,phases         ] GC(2526)       StringTable weak          Min:  0.0, Avg:  0.0, Max:  0.0, Diff:  0.0, Sum:  0.1, Workers: 5
[110.982s][debug][gc,phases         ] GC(2526)         Dead                      Min: 0, Avg:  0.0, Max: 0, Diff: 0, Sum: 0, Workers: 5
[110.982s][debug][gc,phases         ] GC(2526)         Total                     Min: 256, Avg: 684.6, Max: 832, Diff: 576, Sum: 3423, Workers: 5
[110.982s][debug][gc,phases         ] GC(2526)       ResolvedMethodTable weak  Min:  0.0, Avg:  0.0, Max:  0.0, Diff:  0.0, Sum:  0.0, Workers: 5
[110.982s][debug][gc,phases         ] GC(2526)         Dead                      Min: 0, Avg:  0.0, Max: 0, Diff: 0, Sum: 0, Workers: 5
[110.982s][debug][gc,phases         ] GC(2526)         Total                     Min: 61, Avg: 114.6, Max: 128, Diff: 67, Sum: 573, Workers: 5
[110.982s][debug][gc,phases         ] GC(2526)     Merge Per-Thread State: 0.0ms
[110.982s][debug][gc,phases         ] GC(2526)       Copied Bytes              Min: 160, Avg: 400320.0, Max: 800320, Diff: 800160, Sum: 3202560, Workers: 8
[110.982s][debug][gc,phases         ] GC(2526)       LAB Waste                 Min: 0, Avg:  0.0, Max: 0, Diff: 0, Sum: 0, Workers: 8
[110.982s][debug][gc,phases         ] GC(2526)       LAB Undo Waste            Min: 0, Avg:  0.0, Max: 0, Diff: 0, Sum: 0, Workers: 8
[110.982s][debug][gc,phases         ] GC(2526)     Code Roots Purge: 0.0ms
[110.982s][debug][gc,phases         ] GC(2526)     Redirty Cards: 0.0ms
[110.982s][debug][gc,phases         ] GC(2526)     DerivedPointerTable Update: 0.0ms
[110.982s][debug][gc,phases         ] GC(2526)     Free Collection Set: 0.2ms
[110.982s][debug][gc,phases         ] GC(2526)     Rebuild Free List: 0.1ms
[110.982s][debug][gc,phases         ] GC(2526)     Humongous Reclaim: 0.0ms
[110.982s][debug][gc,phases         ] GC(2526)     Start New Collection Set: 0.0ms
[110.982s][debug][gc,phases         ] GC(2526)     Resize TLABs: 0.0ms
[110.982s][debug][gc,phases         ] GC(2526)     Expand Heap After Collection: 0.0ms
[110.982s][info ][gc,phases         ] GC(2526)   Other: 0.4ms
[110.982s][info ][gc,heap           ] GC(2526) Eden regions: 772->0(771)
[110.982s][info ][gc,heap           ] GC(2526) Survivor regions: 3->4(97)
[110.982s][info ][gc,heap           ] GC(2526) Old regions: 18->18
[110.982s][info ][gc,heap           ] GC(2526) Archive regions: 2->2
[110.982s][info ][gc,heap           ] GC(2526) Humongous regions: 0->0
[110.982s][info ][gc,metaspace      ] GC(2526) Metaspace: 10016K(10624K)->10016K(10624K) NonClass: 8864K(9216K)->8864K(9216K) Class: 1152K(1408K)->1152K(1408K)
[110.982s][debug][gc,heap           ] GC(2526) Heap after GC invocations=2527 (full 1): garbage-first heap   total 1324032K, used 22557K [0x0000000700000000, 0x0000000800000000)
[110.982s][debug][gc,heap           ] GC(2526)   region size 1024K, 4 young (4096K), 4 survivors (4096K)
[110.982s][debug][gc,heap           ] GC(2526)  Metaspace       used 10016K, capacity 10304K, committed 10624K, reserved 1058816K
[110.982s][debug][gc,heap           ] GC(2526)   class space    used 1152K, capacity 1266K, committed 1408K, reserved 1048576K
[110.983s][info ][gc                ] GC(2526) Pause Young (Normal) (G1 Evacuation Pause) 792M->22M(1293M) 2.157ms
[110.983s][info ][gc,cpu            ] GC(2526) User=0.00s Sys=0.01s Real=0.01s
[110.983s][info ][safepoint         ] Safepoint "G1CollectForAllocation", Time since last: 38300414 ns, Reaching safepoint: 154349 ns, At safepoint: 2381996 ns, Total: 2536345 ns
[111.024s][debug][gc,heap           ] GC(2527) Heap before GC invocations=2527 (full 1): garbage-first heap   total 1324032K, used 811037K [0x0000000700000000, 0x0000000800000000)
[111.024s][debug][gc,heap           ] GC(2527)   region size 1024K, 775 young (793600K), 4 survivors (4096K)
[111.024s][debug][gc,heap           ] GC(2527)  Metaspace       used 10016K, capacity 10304K, committed 10624K, reserved 1058816K
[111.024s][debug][gc,heap           ] GC(2527)   class space    used 1152K, capacity 1266K, committed 1408K, reserved 1048576K
[111.024s][info ][gc,start          ] GC(2527) Pause Young (Normal) (G1 Evacuation Pause)
[111.024s][info ][gc,task           ] GC(2527) Using 8 workers of 8 for evacuation
[111.024s][debug][gc,tlab           ] GC(2527) TLAB totals: thrds: 8  refills: 12 max: 3 slow allocs: 1537 max 216 waste: 23.0% gc: 845864B max: 229992B slow: 43320B max: 15096B fast: 0B max: 0B
[111.024s][debug][gc,age            ] GC(2527) Desired survivor size 50855936 bytes, new threshold 15 (max threshold 15)
[111.025s][debug][gc,alloc,region   ] GC(2527) Mutator Allocation stats, regions: 771, wasted size: 180M (23.4%)
[111.025s][debug][gc,ergo           ] GC(2527) Running G1 Merge Heap Roots using 8 workers for 775 regions
[111.025s][debug][gc,remset         ] GC(2527) Visited cards 256 Total dirty 2048 (12.50%) Total old 3215360 (0.01%)
[111.025s][debug][gc,ergo           ] GC(2527) Running G1 Clear Card Table Task using 2 workers for 2 units of work for 776 regions.
[111.026s][debug][gc,ref            ] GC(2527) Skipped phase1 of Reference Processing due to unavailable references
[111.026s][debug][gc,ref            ] GC(2527) Skipped phase2 of Reference Processing due to unavailable references
[111.026s][debug][gc,ref            ] GC(2527) Skipped phase3 of Reference Processing due to unavailable references
[111.026s][debug][gc,ref            ] GC(2527) Skipped phase4 of Reference Processing due to unavailable references
[111.026s][debug][gc,ergo           ] GC(2527) Running G1 Free Collection Set using 8 workers for collection set length 775 (1293)
[111.026s][debug][gc,ergo           ] GC(2527) Running G1 Rebuild Free List Task using 8 workers for rebuilding free list of 0 (4096) regions
[111.026s][trace][gc,age            ] GC(2527) Age table with threshold 15 (max threshold 15)
[111.026s][trace][gc,age            ] GC(2527) - age   1:    3202560 bytes,    3202560 total
[111.026s][debug][gc,plab           ] GC(2527) Young PLAB allocation: allocated: 16512B, wasted: 0B, unused: 14064B, used: 2448B, undo waste: 0B, 
[111.026s][debug][gc,plab           ] GC(2527) Young other allocation: region end waste: 737376B, regions filled: 4, direct allocated: 3200112B, failure used: 0B, failure wasted: 0B
[111.026s][debug][gc,plab           ] GC(2527) Young sizing: calculated: 0B, actual: 2064B
[111.026s][debug][gc,plab           ] GC(2527) Old PLAB allocation: allocated: 0B, wasted: 0B, unused: 0B, used: 0B, undo waste: 0B, 
[111.026s][debug][gc,plab           ] GC(2527) Old other allocation: region end waste: 0B, regions filled: 1, direct allocated: 0B, failure used: 0B, failure wasted: 0B
[111.026s][debug][gc,plab           ] GC(2527) Old sizing: calculated: 0B, actual: 2064B
[111.026s][debug][gc,ihop           ] GC(2527) Basic information (value update), threshold: 610113945B (45.00), target occupancy: 1355808768B, current occupancy: 23101264B, recent allocation size: 0B, recent allocation duration: 42.69ms, recent old gen allocation rate: 0.00B/s, recent marking phase length: 30.68ms
[111.026s][debug][gc,ihop           ] GC(2527) Adaptive IHOP information (value update), threshold: 610113945B (47.37), internal target occupancy: 1288018329B, occupancy: 23101264B, additional buffer size: 812646400B, predicted old gen allocation rate: 42.14B/s, predicted marking phase length: 61.36ms, prediction active: false
[111.026s][debug][gc,ergo,refine    ] GC(2527) Concurrent refinement times: Logged Cards Scan time goal: 20.00ms Logged Cards Scan time: 0.00ms HCC time: 0.00ms
[111.026s][debug][gc,ergo,refine    ] GC(2527) Updated Refinement Zones: green: 2048, yellow: 6144, red: 10240
[111.026s][info ][gc,phases         ] GC(2527)   Pre Evacuate Collection Set: 0.1ms
[111.026s][debug][gc,phases         ] GC(2527)     Prepare TLABs: 0.0ms
[111.026s][debug][gc,phases         ] GC(2527)     Choose Collection Set: 0.0ms
[111.026s][debug][gc,phases         ] GC(2527)     Region Register: 0.1ms
[111.026s][debug][gc,phases         ] GC(2527)     Prepare Heap Roots: 0.0ms
[111.026s][info ][gc,phases         ] GC(2527)   Merge Heap Roots: 0.1ms
[111.026s][debug][gc,phases         ] GC(2527)     Prepare Merge Heap Roots: 0.0ms
[111.026s][debug][gc,phases         ] GC(2527)     Eager Reclaim (ms):       skipped
[111.026s][debug][gc,phases         ] GC(2527)     Remembered Sets (ms):     Min:  0.0, Avg:  0.0, Max:  0.0, Diff:  0.0, Sum:  0.3, Workers: 8
[111.026s][debug][gc,phases         ] GC(2527)       Merged Sparse:            Min: 0, Avg:  0.0, Max: 0, Diff: 0, Sum: 0, Workers: 8
[111.026s][debug][gc,phases         ] GC(2527)       Merged Fine:              Min: 0, Avg:  0.0, Max: 0, Diff: 0, Sum: 0, Workers: 8
[111.026s][debug][gc,phases         ] GC(2527)       Merged Coarse:            Min: 0, Avg:  0.0, Max: 0, Diff: 0, Sum: 0, Workers: 8
[111.026s][debug][gc,phases         ] GC(2527)       Dirty Cards:              Min: 0, Avg:  0.0, Max: 0, Diff: 0, Sum: 0, Workers: 8
[111.026s][debug][gc,phases         ] GC(2527)     Hot Card Cache (ms):      Min:  0.0, Avg:  0.0, Max:  0.0, Diff:  0.0, Sum:  0.0, Workers: 8
[111.026s][debug][gc,phases         ] GC(2527)       Dirty Cards:              Min: 0, Avg:  0.0, Max: 0, Diff: 0, Sum: 0, Workers: 8
[111.026s][debug][gc,phases         ] GC(2527)       Skipped Cards:            Min: 0, Avg:  0.0, Max: 0, Diff: 0, Sum: 0, Workers: 8
[111.026s][debug][gc,phases         ] GC(2527)     Log Buffers (ms):         Min:  0.0, Avg:  0.0, Max:  0.0, Diff:  0.0, Sum:  0.0, Workers: 8
[111.026s][debug][gc,phases         ] GC(2527)       Dirty Cards:              Min: 0, Avg:  0.1, Max: 1, Diff: 1, Sum: 1, Workers: 8
[111.026s][debug][gc,phases         ] GC(2527)       Skipped Cards:            Min: 0, Avg:  0.0, Max: 0, Diff: 0, Sum: 0, Workers: 8
[111.026s][info ][gc,phases         ] GC(2527)   Evacuate Collection Set: 0.5ms
[111.026s][debug][gc,phases         ] GC(2527)     Ext Root Scanning (ms):   Min:  0.1, Avg:  0.2, Max:  0.4, Diff:  0.3, Sum:  1.9, Workers: 8
[111.026s][debug][gc,phases         ] GC(2527)     Scan Heap Roots (ms):     Min:  0.0, Avg:  0.0, Max:  0.0, Diff:  0.0, Sum:  0.0, Workers: 8
[111.026s][debug][gc,phases         ] GC(2527)       Scanned Cards:            Min: 0, Avg:  0.1, Max: 1, Diff: 1, Sum: 1, Workers: 8
[111.026s][debug][gc,phases         ] GC(2527)       Scanned Blocks:           Min: 0, Avg:  0.1, Max: 1, Diff: 1, Sum: 1, Workers: 8
[111.026s][debug][gc,phases         ] GC(2527)       Claimed Chunks:           Min: 0, Avg:  0.1, Max: 1, Diff: 1, Sum: 1, Workers: 8
[111.026s][debug][gc,phases         ] GC(2527)     Code Root Scan (ms):      Min:  0.0, Avg:  0.0, Max:  0.1, Diff:  0.1, Sum:  0.2, Workers: 8
[111.026s][debug][gc,phases         ] GC(2527)     Object Copy (ms):         Min:  0.0, Avg:  0.0, Max:  0.0, Diff:  0.0, Sum:  0.0, Workers: 8
[111.026s][debug][gc,phases         ] GC(2527)     Termination (ms):         Min:  0.0, Avg:  0.1, Max:  0.1, Diff:  0.1, Sum:  0.9, Workers: 8
[111.026s][debug][gc,phases         ] GC(2527)       Termination Attempts:     Min: 1, Avg:  1.1, Max: 2, Diff: 1, Sum: 9, Workers: 8
[111.026s][debug][gc,phases         ] GC(2527)     GC Worker Other (ms):     Min:  0.0, Avg:  0.0, Max:  0.1, Diff:  0.1, Sum:  0.4, Workers: 8
[111.026s][debug][gc,phases         ] GC(2527)     GC Worker Total (ms):     Min:  0.4, Avg:  0.4, Max:  0.5, Diff:  0.1, Sum:  3.4, Workers: 8
[111.026s][info ][gc,phases         ] GC(2527)   Post Evacuate Collection Set: 0.7ms
[111.026s][debug][gc,phases         ] GC(2527)     Code Roots Fixup: 0.0ms
[111.026s][debug][gc,phases         ] GC(2527)     Clear Card Table: 0.3ms
[111.026s][debug][gc,phases         ] GC(2527)     Reference Processing: 0.0ms
[111.026s][debug][gc,phases,ref     ] GC(2527)       Reconsider SoftReferences: 0.0ms
[111.026s][debug][gc,phases,ref     ] GC(2527)         SoftRef (ms):             skipped
[111.026s][debug][gc,phases,ref     ] GC(2527)       Notify Soft/WeakReferences: 0.0ms
[111.026s][debug][gc,phases,ref     ] GC(2527)         SoftRef (ms):             skipped
[111.026s][debug][gc,phases,ref     ] GC(2527)         WeakRef (ms):             skipped
[111.026s][debug][gc,phases,ref     ] GC(2527)         FinalRef (ms):            skipped
[111.026s][debug][gc,phases,ref     ] GC(2527)         Total (ms):               skipped
[111.026s][debug][gc,phases,ref     ] GC(2527)       Notify and keep alive finalizable: 0.0ms
[111.026s][debug][gc,phases,ref     ] GC(2527)         FinalRef (ms):            skipped
[111.026s][debug][gc,phases,ref     ] GC(2527)       Notify PhantomReferences: 0.0ms
[111.027s][debug][gc,phases,ref     ] GC(2527)         PhantomRef (ms):          skipped
[111.027s][debug][gc,phases,ref     ] GC(2527)       SoftReference:
[111.027s][debug][gc,phases,ref     ] GC(2527)         Discovered: 0
[111.027s][debug][gc,phases,ref     ] GC(2527)         Cleared: 0
[111.027s][debug][gc,phases,ref     ] GC(2527)       WeakReference:
[111.027s][debug][gc,phases,ref     ] GC(2527)         Discovered: 0
[111.027s][debug][gc,phases,ref     ] GC(2527)         Cleared: 0
[111.027s][debug][gc,phases,ref     ] GC(2527)       FinalReference:
[111.027s][debug][gc,phases,ref     ] GC(2527)         Discovered: 0
[111.027s][debug][gc,phases,ref     ] GC(2527)         Cleared: 0
[111.027s][debug][gc,phases,ref     ] GC(2527)       PhantomReference:
[111.027s][debug][gc,phases,ref     ] GC(2527)         Discovered: 0
[111.027s][debug][gc,phases,ref     ] GC(2527)         Cleared: 0
[111.027s][debug][gc,phases         ] GC(2527)     Weak Processing: 0.0ms
[111.027s][debug][gc,phases         ] GC(2527)       JVMTI weak processing: 0.0ms
[111.027s][debug][gc,phases         ] GC(2527)         Dead: 0
[111.027s][debug][gc,phases         ] GC(2527)         Total: 0
[111.027s][debug][gc,phases         ] GC(2527)       JFR weak processing: 0.0ms
[111.027s][debug][gc,phases         ] GC(2527)         Dead: 0
[111.027s][debug][gc,phases         ] GC(2527)         Total: 0
[111.027s][debug][gc,phases         ] GC(2527)       JNI weak                  Min:  0.0, Avg:  0.0, Max:  0.0, Diff:  0.0, Sum:  0.0, Workers: 5
[111.027s][debug][gc,phases         ] GC(2527)         Dead                      Min: 0, Avg:  0.0, Max: 0, Diff: 0, Sum: 0, Workers: 5
[111.027s][debug][gc,phases         ] GC(2527)         Total                     Min: 0, Avg: 20.4, Max: 62, Diff: 62, Sum: 102, Workers: 5
[111.027s][debug][gc,phases         ] GC(2527)       VM weak                   Min:  0.0, Avg:  0.0, Max:  0.0, Diff:  0.0, Sum:  0.0, Workers: 5
[111.027s][debug][gc,phases         ] GC(2527)         Dead                      Min: 0, Avg:  0.0, Max: 0, Diff: 0, Sum: 0, Workers: 5
[111.027s][debug][gc,phases         ] GC(2527)         Total                     Min: 0, Avg: 42.4, Max: 64, Diff: 64, Sum: 212, Workers: 5
[111.027s][debug][gc,phases         ] GC(2527)       StringTable weak          Min:  0.0, Avg:  0.0, Max:  0.0, Diff:  0.0, Sum:  0.1, Workers: 5
[111.027s][debug][gc,phases         ] GC(2527)         Dead                      Min: 0, Avg:  0.0, Max: 0, Diff: 0, Sum: 0, Workers: 5
[111.027s][debug][gc,phases         ] GC(2527)         Total                     Min: 639, Avg: 684.6, Max: 736, Diff: 97, Sum: 3423, Workers: 5
[111.027s][debug][gc,phases         ] GC(2527)       ResolvedMethodTable weak  Min:  0.0, Avg:  0.0, Max:  0.0, Diff:  0.0, Sum:  0.0, Workers: 5
[111.027s][debug][gc,phases         ] GC(2527)         Dead                      Min: 0, Avg:  0.0, Max: 0, Diff: 0, Sum: 0, Workers: 5
[111.027s][debug][gc,phases         ] GC(2527)         Total                     Min: 64, Avg: 114.6, Max: 128, Diff: 64, Sum: 573, Workers: 5
[111.027s][debug][gc,phases         ] GC(2527)     Merge Per-Thread State: 0.0ms
[111.027s][debug][gc,phases         ] GC(2527)       Copied Bytes              Min: 552, Avg: 400320.0, Max: 800096, Diff: 799544, Sum: 3202560, Workers: 8
[111.027s][debug][gc,phases         ] GC(2527)       LAB Waste                 Min: 0, Avg:  0.0, Max: 0, Diff: 0, Sum: 0, Workers: 8
[111.027s][debug][gc,phases         ] GC(2527)       LAB Undo Waste            Min: 0, Avg:  0.0, Max: 0, Diff: 0, Sum: 0, Workers: 8
[111.027s][debug][gc,phases         ] GC(2527)     Code Roots Purge: 0.0ms
[111.027s][debug][gc,phases         ] GC(2527)     Redirty Cards: 0.0ms
[111.027s][debug][gc,phases         ] GC(2527)     DerivedPointerTable Update: 0.0ms
[111.027s][debug][gc,phases         ] GC(2527)     Free Collection Set: 0.2ms
[111.027s][debug][gc,phases         ] GC(2527)     Rebuild Free List: 0.1ms
[111.027s][debug][gc,phases         ] GC(2527)     Humongous Reclaim: 0.0ms
[111.027s][debug][gc,phases         ] GC(2527)     Start New Collection Set: 0.0ms
[111.027s][debug][gc,phases         ] GC(2527)     Resize TLABs: 0.0ms
[111.027s][debug][gc,phases         ] GC(2527)     Expand Heap After Collection: 0.0ms
[111.027s][info ][gc,phases         ] GC(2527)   Other: 0.5ms
[111.027s][info ][gc,heap           ] GC(2527) Eden regions: 771->0(771)
[111.027s][info ][gc,heap           ] GC(2527) Survivor regions: 4->4(97)
[111.027s][info ][gc,heap           ] GC(2527) Old regions: 18->18
[111.027s][info ][gc,heap           ] GC(2527) Archive regions: 2->2
[111.027s][info ][gc,heap           ] GC(2527) Humongous regions: 0->0
[111.027s][info ][gc,metaspace      ] GC(2527) Metaspace: 10016K(10624K)->10016K(10624K) NonClass: 8864K(9216K)->8864K(9216K) Class: 1152K(1408K)->1152K(1408K)
[111.027s][debug][gc,heap           ] GC(2527) Heap after GC invocations=2528 (full 1): garbage-first heap   total 1324032K, used 22559K [0x0000000700000000, 0x0000000800000000)
[111.027s][debug][gc,heap           ] GC(2527)   region size 1024K, 4 young (4096K), 4 survivors (4096K)
[111.027s][debug][gc,heap           ] GC(2527)  Metaspace       used 10016K, capacity 10304K, committed 10624K, reserved 1058816K
[111.027s][debug][gc,heap           ] GC(2527)   class space    used 1152K, capacity 1266K, committed 1408K, reserved 1048576K
[111.027s][info ][gc                ] GC(2527) Pause Young (Normal) (G1 Evacuation Pause) 792M->22M(1293M) 2.585ms
[111.027s][info ][gc,cpu            ] GC(2527) User=0.01s Sys=0.00s Real=0.00s
[111.027s][info ][safepoint         ] Safepoint "G1CollectForAllocation", Time since last: 41530439 ns, Reaching safepoint: 157464 ns, At safepoint: 2963978 ns, Total: 3121442 ns
[111.070s][debug][gc,heap           ] GC(2528) Heap before GC invocations=2528 (full 1): garbage-first heap   total 1324032K, used 811039K [0x0000000700000000, 0x0000000800000000)
[111.070s][debug][gc,heap           ] GC(2528)   region size 1024K, 775 young (793600K), 4 survivors (4096K)
[111.070s][debug][gc,heap           ] GC(2528)  Metaspace       used 10016K, capacity 10304K, committed 10624K, reserved 1058816K
[111.070s][debug][gc,heap           ] GC(2528)   class space    used 1152K, capacity 1266K, committed 1408K, reserved 1048576K
[111.070s][info ][gc,start          ] GC(2528) Pause Young (Normal) (G1 Evacuation Pause)
[111.070s][info ][gc,task           ] GC(2528) Using 8 workers of 8 for evacuation
[111.070s][debug][gc,tlab           ] GC(2528) TLAB totals: thrds: 8  refills: 12 max: 2 slow allocs: 1538 max 252 waste: 39.1% gc: 1111648B max: 235048B slow: 30192B max: 13912B fast: 0B max: 0B
[111.070s][debug][gc,age            ] GC(2528) Desired survivor size 50855936 bytes, new threshold 15 (max threshold 15)
[111.070s][debug][gc,alloc,region   ] GC(2528) Mutator Allocation stats, regions: 771, wasted size: 180M (23.4%)
[111.071s][debug][gc,ergo           ] GC(2528) Running G1 Merge Heap Roots using 8 workers for 775 regions
[111.071s][debug][gc,remset         ] GC(2528) Visited cards 512 Total dirty 4096 (12.50%) Total old 3215360 (0.02%)
[111.071s][debug][gc,ergo           ] GC(2528) Running G1 Clear Card Table Task using 2 workers for 2 units of work for 777 regions.
[111.071s][debug][gc,ref            ] GC(2528) Skipped phase1 of Reference Processing due to unavailable references
[111.071s][debug][gc,ref            ] GC(2528) Skipped phase2 of Reference Processing due to unavailable references
[111.071s][debug][gc,ref            ] GC(2528) Skipped phase3 of Reference Processing due to unavailable references
[111.071s][debug][gc,ref            ] GC(2528) Skipped phase4 of Reference Processing due to unavailable references
[111.072s][debug][gc,ergo           ] GC(2528) Running G1 Free Collection Set using 8 workers for collection set length 775 (1293)
[111.072s][debug][gc,ergo           ] GC(2528) Running G1 Rebuild Free List Task using 8 workers for rebuilding free list of 0 (4096) regions
[111.072s][trace][gc,age            ] GC(2528) Age table with threshold 15 (max threshold 15)
[111.072s][trace][gc,age            ] GC(2528) - age   1:    2402456 bytes,    2402456 total
[111.072s][debug][gc,plab           ] GC(2528) Young PLAB allocation: allocated: 16512B, wasted: 0B, unused: 14144B, used: 2368B, undo waste: 0B, 
[111.072s][debug][gc,plab           ] GC(2528) Young other allocation: region end waste: 484704B, regions filled: 3, direct allocated: 2400088B, failure used: 0B, failure wasted: 0B
[111.072s][debug][gc,plab           ] GC(2528) Young sizing: calculated: 0B, actual: 2064B
[111.072s][debug][gc,plab           ] GC(2528) Old PLAB allocation: allocated: 0B, wasted: 0B, unused: 0B, used: 0B, undo waste: 0B, 
[111.072s][debug][gc,plab           ] GC(2528) Old other allocation: region end waste: 0B, regions filled: 1, direct allocated: 0B, failure used: 0B, failure wasted: 0B
[111.072s][debug][gc,plab           ] GC(2528) Old sizing: calculated: 0B, actual: 2064B
[111.072s][debug][gc,ihop           ] GC(2528) Basic information (value update), threshold: 610113945B (45.00), target occupancy: 1355808768B, current occupancy: 22048568B, recent allocation size: 0B, recent allocation duration: 44.32ms, recent old gen allocation rate: 0.00B/s, recent marking phase length: 30.68ms
[111.072s][debug][gc,ihop           ] GC(2528) Adaptive IHOP information (value update), threshold: 610113945B (47.37), internal target occupancy: 1288018329B, occupancy: 22048568B, additional buffer size: 812646400B, predicted old gen allocation rate: 41.07B/s, predicted marking phase length: 61.36ms, prediction active: false
[111.072s][debug][gc,ergo,refine    ] GC(2528) Concurrent refinement times: Logged Cards Scan time goal: 20.00ms Logged Cards Scan time: 0.00ms HCC time: 0.00ms
[111.072s][debug][gc,ergo,refine    ] GC(2528) Updated Refinement Zones: green: 2048, yellow: 6144, red: 10240
[111.072s][info ][gc,phases         ] GC(2528)   Pre Evacuate Collection Set: 0.1ms
[111.072s][debug][gc,phases         ] GC(2528)     Prepare TLABs: 0.0ms
[111.072s][debug][gc,phases         ] GC(2528)     Choose Collection Set: 0.0ms
[111.072s][debug][gc,phases         ] GC(2528)     Region Register: 0.1ms
[111.072s][debug][gc,phases         ] GC(2528)     Prepare Heap Roots: 0.0ms
[111.072s][info ][gc,phases         ] GC(2528)   Merge Heap Roots: 0.1ms
[111.072s][debug][gc,phases         ] GC(2528)     Prepare Merge Heap Roots: 0.0ms
[111.072s][debug][gc,phases         ] GC(2528)     Eager Reclaim (ms):       skipped
[111.072s][debug][gc,phases         ] GC(2528)     Remembered Sets (ms):     Min:  0.0, Avg:  0.0, Max:  0.0, Diff:  0.0, Sum:  0.3, Workers: 8
[111.072s][debug][gc,phases         ] GC(2528)       Merged Sparse:            Min: 0, Avg:  0.0, Max: 0, Diff: 0, Sum: 0, Workers: 8
[111.072s][debug][gc,phases         ] GC(2528)       Merged Fine:              Min: 0, Avg:  0.0, Max: 0, Diff: 0, Sum: 0, Workers: 8
[111.072s][debug][gc,phases         ] GC(2528)       Merged Coarse:            Min: 0, Avg:  0.0, Max: 0, Diff: 0, Sum: 0, Workers: 8
[111.072s][debug][gc,phases         ] GC(2528)       Dirty Cards:              Min: 0, Avg:  0.0, Max: 0, Diff: 0, Sum: 0, Workers: 8
[111.072s][debug][gc,phases         ] GC(2528)     Hot Card Cache (ms):      Min:  0.0, Avg:  0.0, Max:  0.0, Diff:  0.0, Sum:  0.0, Workers: 8
[111.072s][debug][gc,phases         ] GC(2528)       Dirty Cards:              Min: 0, Avg:  0.0, Max: 0, Diff: 0, Sum: 0, Workers: 8
[111.072s][debug][gc,phases         ] GC(2528)       Skipped Cards:            Min: 0, Avg:  0.0, Max: 0, Diff: 0, Sum: 0, Workers: 8
[111.072s][debug][gc,phases         ] GC(2528)     Log Buffers (ms):         Min:  0.0, Avg:  0.0, Max:  0.0, Diff:  0.0, Sum:  0.0, Workers: 8
[111.072s][debug][gc,phases         ] GC(2528)       Dirty Cards:              Min: 0, Avg:  0.2, Max: 1, Diff: 1, Sum: 2, Workers: 8
[111.072s][debug][gc,phases         ] GC(2528)       Skipped Cards:            Min: 0, Avg:  0.0, Max: 0, Diff: 0, Sum: 0, Workers: 8
[111.072s][info ][gc,phases         ] GC(2528)   Evacuate Collection Set: 0.4ms
[111.072s][debug][gc,phases         ] GC(2528)     Ext Root Scanning (ms):   Min:  0.0, Avg:  0.1, Max:  0.3, Diff:  0.3, Sum:  1.1, Workers: 8
[111.072s][debug][gc,phases         ] GC(2528)     Scan Heap Roots (ms):     Min:  0.0, Avg:  0.0, Max:  0.0, Diff:  0.0, Sum:  0.0, Workers: 8
[111.072s][debug][gc,phases         ] GC(2528)       Scanned Cards:            Min: 0, Avg:  0.2, Max: 1, Diff: 1, Sum: 2, Workers: 8
[111.072s][debug][gc,phases         ] GC(2528)       Scanned Blocks:           Min: 0, Avg:  0.2, Max: 1, Diff: 1, Sum: 2, Workers: 8
[111.072s][debug][gc,phases         ] GC(2528)       Claimed Chunks:           Min: 0, Avg:  0.2, Max: 1, Diff: 1, Sum: 2, Workers: 8
[111.072s][debug][gc,phases         ] GC(2528)     Code Root Scan (ms):      Min:  0.0, Avg:  0.0, Max:  0.1, Diff:  0.1, Sum:  0.2, Workers: 8
[111.072s][debug][gc,phases         ] GC(2528)     Object Copy (ms):         Min:  0.0, Avg:  0.0, Max:  0.0, Diff:  0.0, Sum:  0.0, Workers: 8
[111.072s][debug][gc,phases         ] GC(2528)     Termination (ms):         Min:  0.0, Avg:  0.1, Max:  0.1, Diff:  0.1, Sum:  0.9, Workers: 8
[111.073s][debug][gc,phases         ] GC(2528)       Termination Attempts:     Min: 1, Avg:  1.1, Max: 2, Diff: 1, Sum: 9, Workers: 8
[111.073s][debug][gc,phases         ] GC(2528)     GC Worker Other (ms):     Min:  0.0, Avg:  0.0, Max:  0.1, Diff:  0.1, Sum:  0.4, Workers: 8
[111.073s][debug][gc,phases         ] GC(2528)     GC Worker Total (ms):     Min:  0.3, Avg:  0.3, Max:  0.3, Diff:  0.0, Sum:  2.6, Workers: 8
[111.073s][info ][gc,phases         ] GC(2528)   Post Evacuate Collection Set: 0.7ms
[111.073s][debug][gc,phases         ] GC(2528)     Code Roots Fixup: 0.0ms
[111.073s][debug][gc,phases         ] GC(2528)     Clear Card Table: 0.2ms
[111.073s][debug][gc,phases         ] GC(2528)     Reference Processing: 0.1ms
[111.073s][debug][gc,phases,ref     ] GC(2528)       Reconsider SoftReferences: 0.0ms
[111.073s][debug][gc,phases,ref     ] GC(2528)         SoftRef (ms):             skipped
[111.073s][debug][gc,phases,ref     ] GC(2528)       Notify Soft/WeakReferences: 0.0ms
[111.073s][debug][gc,phases,ref     ] GC(2528)         SoftRef (ms):             skipped
[111.073s][debug][gc,phases,ref     ] GC(2528)         WeakRef (ms):             skipped
[111.073s][debug][gc,phases,ref     ] GC(2528)         FinalRef (ms):            skipped
[111.073s][debug][gc,phases,ref     ] GC(2528)         Total (ms):               skipped
[111.073s][debug][gc,phases,ref     ] GC(2528)       Notify and keep alive finalizable: 0.0ms
[111.073s][debug][gc,phases,ref     ] GC(2528)         FinalRef (ms):            skipped
[111.073s][debug][gc,phases,ref     ] GC(2528)       Notify PhantomReferences: 0.0ms
[111.073s][debug][gc,phases,ref     ] GC(2528)         PhantomRef (ms):          skipped
[111.073s][debug][gc,phases,ref     ] GC(2528)       SoftReference:
[111.073s][debug][gc,phases,ref     ] GC(2528)         Discovered: 0
[111.073s][debug][gc,phases,ref     ] GC(2528)         Cleared: 0
[111.073s][debug][gc,phases,ref     ] GC(2528)       WeakReference:
[111.073s][debug][gc,phases,ref     ] GC(2528)         Discovered: 0
[111.073s][debug][gc,phases,ref     ] GC(2528)         Cleared: 0
[111.073s][debug][gc,phases,ref     ] GC(2528)       FinalReference:
[111.073s][debug][gc,phases,ref     ] GC(2528)         Discovered: 0
[111.073s][debug][gc,phases,ref     ] GC(2528)         Cleared: 0
[111.073s][debug][gc,phases,ref     ] GC(2528)       PhantomReference:
[111.073s][debug][gc,phases,ref     ] GC(2528)         Discovered: 0
[111.073s][debug][gc,phases,ref     ] GC(2528)         Cleared: 0
[111.073s][debug][gc,phases         ] GC(2528)     Weak Processing: 0.0ms
[111.073s][debug][gc,phases         ] GC(2528)       JVMTI weak processing: 0.0ms
[111.073s][debug][gc,phases         ] GC(2528)         Dead: 0
[111.073s][debug][gc,phases         ] GC(2528)         Total: 0
[111.073s][debug][gc,phases         ] GC(2528)       JFR weak processing: 0.0ms
[111.073s][debug][gc,phases         ] GC(2528)         Dead: 0
[111.073s][debug][gc,phases         ] GC(2528)         Total: 0
[111.073s][debug][gc,phases         ] GC(2528)       JNI weak                  Min:  0.0, Avg:  0.0, Max:  0.0, Diff:  0.0, Sum:  0.0, Workers: 5
[111.073s][debug][gc,phases         ] GC(2528)         Dead                      Min: 0, Avg:  0.0, Max: 0, Diff: 0, Sum: 0, Workers: 5
[111.073s][debug][gc,phases         ] GC(2528)         Total                     Min: 0, Avg: 20.4, Max: 62, Diff: 62, Sum: 102, Workers: 5
[111.073s][debug][gc,phases         ] GC(2528)       VM weak                   Min:  0.0, Avg:  0.0, Max:  0.0, Diff:  0.0, Sum:  0.0, Workers: 5
[111.073s][debug][gc,phases         ] GC(2528)         Dead                      Min: 0, Avg:  0.0, Max: 0, Diff: 0, Sum: 0, Workers: 5
[111.073s][debug][gc,phases         ] GC(2528)         Total                     Min: 0, Avg: 42.4, Max: 128, Diff: 128, Sum: 212, Workers: 5
[111.073s][debug][gc,phases         ] GC(2528)       StringTable weak          Min:  0.0, Avg:  0.0, Max:  0.0, Diff:  0.0, Sum:  0.1, Workers: 5
[111.073s][debug][gc,phases         ] GC(2528)         Dead                      Min: 0, Avg:  0.0, Max: 0, Diff: 0, Sum: 0, Workers: 5
[111.073s][debug][gc,phases         ] GC(2528)         Total                     Min: 576, Avg: 684.6, Max: 768, Diff: 192, Sum: 3423, Workers: 5
[111.073s][debug][gc,phases         ] GC(2528)       ResolvedMethodTable weak  Min:  0.0, Avg:  0.0, Max:  0.0, Diff:  0.0, Sum:  0.0, Workers: 5
[111.073s][debug][gc,phases         ] GC(2528)         Dead                      Min: 0, Avg:  0.0, Max: 0, Diff: 0, Sum: 0, Workers: 5
[111.073s][debug][gc,phases         ] GC(2528)         Total                     Min: 64, Avg: 114.6, Max: 128, Diff: 64, Sum: 573, Workers: 5
[111.073s][debug][gc,phases         ] GC(2528)     Merge Per-Thread State: 0.0ms
[111.073s][debug][gc,phases         ] GC(2528)       Copied Bytes              Min: 64, Avg: 300307.0, Max: 800096, Diff: 800032, Sum: 2402456, Workers: 8
[111.073s][debug][gc,phases         ] GC(2528)       LAB Waste                 Min: 0, Avg:  0.0, Max: 0, Diff: 0, Sum: 0, Workers: 8
[111.073s][debug][gc,phases         ] GC(2528)       LAB Undo Waste            Min: 0, Avg:  0.0, Max: 0, Diff: 0, Sum: 0, Workers: 8
[111.073s][debug][gc,phases         ] GC(2528)     Code Roots Purge: 0.0ms
[111.073s][debug][gc,phases         ] GC(2528)     Redirty Cards: 0.0ms
[111.073s][debug][gc,phases         ] GC(2528)     DerivedPointerTable Update: 0.0ms
[111.073s][debug][gc,phases         ] GC(2528)     Free Collection Set: 0.2ms
[111.073s][debug][gc,phases         ] GC(2528)     Rebuild Free List: 0.1ms
[111.073s][debug][gc,phases         ] GC(2528)     Humongous Reclaim: 0.0ms
[111.073s][debug][gc,phases         ] GC(2528)     Start New Collection Set: 0.0ms
[111.073s][debug][gc,phases         ] GC(2528)     Resize TLABs: 0.0ms
[111.073s][debug][gc,phases         ] GC(2528)     Expand Heap After Collection: 0.0ms
[111.073s][info ][gc,phases         ] GC(2528)   Other: 0.6ms
[111.073s][info ][gc,heap           ] GC(2528) Eden regions: 771->0(772)
[111.073s][info ][gc,heap           ] GC(2528) Survivor regions: 4->3(97)
[111.073s][info ][gc,heap           ] GC(2528) Old regions: 18->18
[111.073s][info ][gc,heap           ] GC(2528) Archive regions: 2->2
[111.073s][info ][gc,heap           ] GC(2528) Humongous regions: 0->0
[111.073s][info ][gc,metaspace      ] GC(2528) Metaspace: 10016K(10624K)->10016K(10624K) NonClass: 8864K(9216K)->8864K(9216K) Class: 1152K(1408K)->1152K(1408K)
[111.073s][debug][gc,heap           ] GC(2528) Heap after GC invocations=2529 (full 1): garbage-first heap   total 1324032K, used 21531K [0x0000000700000000, 0x0000000800000000)
[111.073s][debug][gc,heap           ] GC(2528)   region size 1024K, 3 young (3072K), 3 survivors (3072K)
[111.073s][debug][gc,heap           ] GC(2528)  Metaspace       used 10016K, capacity 10304K, committed 10624K, reserved 1058816K
[111.073s][debug][gc,heap           ] GC(2528)   class space    used 1152K, capacity 1266K, committed 1408K, reserved 1048576K
[111.073s][info ][gc                ] GC(2528) Pause Young (Normal) (G1 Evacuation Pause) 792M->21M(1293M) 2.958ms
[111.073s][info ][gc,cpu            ] GC(2528) User=0.00s Sys=0.00s Real=0.01s
[111.074s][info ][safepoint         ] Safepoint "G1CollectForAllocation", Time since last: 42827867 ns, Reaching safepoint: 125885 ns, At safepoint: 3446660 ns, Total: 3572545 ns
[111.112s][debug][gc,heap           ] GC(2529) Heap before GC invocations=2529 (full 1): garbage-first heap   total 1324032K, used 811035K [0x0000000700000000, 0x0000000800000000)
[111.112s][debug][gc,heap           ] GC(2529)   region size 1024K, 775 young (793600K), 3 survivors (3072K)
[111.112s][debug][gc,heap           ] GC(2529)  Metaspace       used 10016K, capacity 10304K, committed 10624K, reserved 1058816K
[111.112s][debug][gc,heap           ] GC(2529)   class space    used 1152K, capacity 1266K, committed 1408K, reserved 1048576K
[111.112s][info ][gc,start          ] GC(2529) Pause Young (Normal) (G1 Evacuation Pause)
[111.112s][info ][gc,task           ] GC(2529) Using 8 workers of 8 for evacuation
[111.112s][debug][gc,tlab           ] GC(2529) TLAB totals: thrds: 8  refills: 12 max: 2 slow allocs: 1535 max 208 waste: 30.7% gc: 1098640B max: 236776B slow: 41976B max: 13448B fast: 0B max: 0B
[111.112s][debug][gc,age            ] GC(2529) Desired survivor size 50855936 bytes, new threshold 15 (max threshold 15)
[111.112s][debug][gc,alloc,region   ] GC(2529) Mutator Allocation stats, regions: 772, wasted size: 180M (23.4%)
[111.113s][debug][gc,ergo           ] GC(2529) Running G1 Merge Heap Roots using 8 workers for 775 regions
[111.113s][debug][gc,remset         ] GC(2529) Visited cards 256 Total dirty 2048 (12.50%) Total old 3215360 (0.01%)
[111.113s][debug][gc,ergo           ] GC(2529) Running G1 Clear Card Table Task using 2 workers for 2 units of work for 776 regions.
[111.113s][debug][gc,ref            ] GC(2529) Skipped phase1 of Reference Processing due to unavailable references
[111.113s][debug][gc,ref            ] GC(2529) Skipped phase2 of Reference Processing due to unavailable references
[111.113s][debug][gc,ref            ] GC(2529) Skipped phase3 of Reference Processing due to unavailable references
[111.113s][debug][gc,ref            ] GC(2529) Skipped phase4 of Reference Processing due to unavailable references
[111.114s][debug][gc,ergo           ] GC(2529) Running G1 Free Collection Set using 8 workers for collection set length 775 (1293)
[111.114s][debug][gc,ergo           ] GC(2529) Running G1 Rebuild Free List Task using 8 workers for rebuilding free list of 0 (4096) regions
[111.114s][trace][gc,age            ] GC(2529) Age table with threshold 15 (max threshold 15)
[111.114s][trace][gc,age            ] GC(2529) - age   1:    4002584 bytes,    4002584 total
[111.114s][debug][gc,plab           ] GC(2529) Young PLAB allocation: allocated: 16512B, wasted: 0B, unused: 14064B, used: 2448B, undo waste: 0B, 
[111.114s][debug][gc,plab           ] GC(2529) Young other allocation: region end waste: 983864B, regions filled: 5, direct allocated: 4000136B, failure used: 0B, failure wasted: 0B
[111.114s][debug][gc,plab           ] GC(2529) Young sizing: calculated: 0B, actual: 2064B
[111.114s][debug][gc,plab           ] GC(2529) Old PLAB allocation: allocated: 0B, wasted: 0B, unused: 0B, used: 0B, undo waste: 0B, 
[111.114s][debug][gc,plab           ] GC(2529) Old other allocation: region end waste: 0B, regions filled: 1, direct allocated: 0B, failure used: 0B, failure wasted: 0B
[111.114s][debug][gc,plab           ] GC(2529) Old sizing: calculated: 0B, actual: 2064B
[111.114s][debug][gc,ihop           ] GC(2529) Basic information (value update), threshold: 610113945B (45.00), target occupancy: 1355808768B, current occupancy: 24147776B, recent allocation size: 0B, recent allocation duration: 40.45ms, recent old gen allocation rate: 0.00B/s, recent marking phase length: 30.68ms
[111.114s][debug][gc,ihop           ] GC(2529) Adaptive IHOP information (value update), threshold: 610113945B (47.37), internal target occupancy: 1288018329B, occupancy: 24147776B, additional buffer size: 812646400B, predicted old gen allocation rate: 40.03B/s, predicted marking phase length: 61.36ms, prediction active: false
[111.114s][debug][gc,ergo,refine    ] GC(2529) Concurrent refinement times: Logged Cards Scan time goal: 20.00ms Logged Cards Scan time: 0.01ms HCC time: 0.00ms
[111.114s][debug][gc,ergo,refine    ] GC(2529) Updated Refinement Zones: green: 2048, yellow: 6144, red: 10240
[111.114s][info ][gc,phases         ] GC(2529)   Pre Evacuate Collection Set: 0.1ms
[111.114s][debug][gc,phases         ] GC(2529)     Prepare TLABs: 0.0ms
[111.114s][debug][gc,phases         ] GC(2529)     Choose Collection Set: 0.0ms
[111.114s][debug][gc,phases         ] GC(2529)     Region Register: 0.1ms
[111.114s][debug][gc,phases         ] GC(2529)     Prepare Heap Roots: 0.0ms
[111.114s][info ][gc,phases         ] GC(2529)   Merge Heap Roots: 0.1ms
[111.114s][debug][gc,phases         ] GC(2529)     Prepare Merge Heap Roots: 0.0ms
[111.114s][debug][gc,phases         ] GC(2529)     Eager Reclaim (ms):       skipped
[111.114s][debug][gc,phases         ] GC(2529)     Remembered Sets (ms):     Min:  0.0, Avg:  0.0, Max:  0.0, Diff:  0.0, Sum:  0.2, Workers: 8
[111.114s][debug][gc,phases         ] GC(2529)       Merged Sparse:            Min: 0, Avg:  0.0, Max: 0, Diff: 0, Sum: 0, Workers: 8
[111.114s][debug][gc,phases         ] GC(2529)       Merged Fine:              Min: 0, Avg:  0.0, Max: 0, Diff: 0, Sum: 0, Workers: 8
[111.114s][debug][gc,phases         ] GC(2529)       Merged Coarse:            Min: 0, Avg:  0.0, Max: 0, Diff: 0, Sum: 0, Workers: 8
[111.114s][debug][gc,phases         ] GC(2529)       Dirty Cards:              Min: 0, Avg:  0.0, Max: 0, Diff: 0, Sum: 0, Workers: 8
[111.114s][debug][gc,phases         ] GC(2529)     Hot Card Cache (ms):      Min:  0.0, Avg:  0.0, Max:  0.0, Diff:  0.0, Sum:  0.0, Workers: 8
[111.114s][debug][gc,phases         ] GC(2529)       Dirty Cards:              Min: 0, Avg:  0.0, Max: 0, Diff: 0, Sum: 0, Workers: 8
[111.114s][debug][gc,phases         ] GC(2529)       Skipped Cards:            Min: 0, Avg:  0.0, Max: 0, Diff: 0, Sum: 0, Workers: 8
[111.114s][debug][gc,phases         ] GC(2529)     Log Buffers (ms):         Min:  0.0, Avg:  0.0, Max:  0.0, Diff:  0.0, Sum:  0.0, Workers: 8
[111.114s][debug][gc,phases         ] GC(2529)       Dirty Cards:              Min: 0, Avg:  0.1, Max: 1, Diff: 1, Sum: 1, Workers: 8
[111.114s][debug][gc,phases         ] GC(2529)       Skipped Cards:            Min: 0, Avg:  0.0, Max: 0, Diff: 0, Sum: 0, Workers: 8
[111.114s][info ][gc,phases         ] GC(2529)   Evacuate Collection Set: 0.5ms
[111.114s][debug][gc,phases         ] GC(2529)     Ext Root Scanning (ms):   Min:  0.1, Avg:  0.3, Max:  0.4, Diff:  0.2, Sum:  2.1, Workers: 8
[111.114s][debug][gc,phases         ] GC(2529)     Scan Heap Roots (ms):     Min:  0.0, Avg:  0.0, Max:  0.0, Diff:  0.0, Sum:  0.0, Workers: 8
[111.114s][debug][gc,phases         ] GC(2529)       Scanned Cards:            Min: 0, Avg:  0.1, Max: 1, Diff: 1, Sum: 1, Workers: 8
[111.114s][debug][gc,phases         ] GC(2529)       Scanned Blocks:           Min: 0, Avg:  0.1, Max: 1, Diff: 1, Sum: 1, Workers: 8
[111.114s][debug][gc,phases         ] GC(2529)       Claimed Chunks:           Min: 0, Avg:  0.1, Max: 1, Diff: 1, Sum: 1, Workers: 8
[111.114s][debug][gc,phases         ] GC(2529)     Code Root Scan (ms):      Min:  0.0, Avg:  0.0, Max:  0.1, Diff:  0.1, Sum:  0.1, Workers: 8
[111.114s][debug][gc,phases         ] GC(2529)     Object Copy (ms):         Min:  0.0, Avg:  0.0, Max:  0.0, Diff:  0.0, Sum:  0.0, Workers: 8
[111.114s][debug][gc,phases         ] GC(2529)     Termination (ms):         Min:  0.0, Avg:  0.1, Max:  0.1, Diff:  0.1, Sum:  0.7, Workers: 8
[111.114s][debug][gc,phases         ] GC(2529)       Termination Attempts:     Min: 1, Avg:  1.2, Max: 2, Diff: 1, Sum: 10, Workers: 8
[111.114s][debug][gc,phases         ] GC(2529)     GC Worker Other (ms):     Min:  0.0, Avg:  0.0, Max:  0.1, Diff:  0.0, Sum:  0.3, Workers: 8
[111.114s][debug][gc,phases         ] GC(2529)     GC Worker Total (ms):     Min:  0.4, Avg:  0.4, Max:  0.4, Diff:  0.0, Sum:  3.4, Workers: 8
[111.114s][info ][gc,phases         ] GC(2529)   Post Evacuate Collection Set: 0.6ms
[111.114s][debug][gc,phases         ] GC(2529)     Code Roots Fixup: 0.0ms
[111.114s][debug][gc,phases         ] GC(2529)     Clear Card Table: 0.2ms
[111.114s][debug][gc,phases         ] GC(2529)     Reference Processing: 0.0ms
[111.114s][debug][gc,phases,ref     ] GC(2529)       Reconsider SoftReferences: 0.0ms
[111.114s][debug][gc,phases,ref     ] GC(2529)         SoftRef (ms):             skipped
[111.114s][debug][gc,phases,ref     ] GC(2529)       Notify Soft/WeakReferences: 0.0ms
[111.114s][debug][gc,phases,ref     ] GC(2529)         SoftRef (ms):             skipped
[111.114s][debug][gc,phases,ref     ] GC(2529)         WeakRef (ms):             skipped
[111.114s][debug][gc,phases,ref     ] GC(2529)         FinalRef (ms):            skipped
[111.114s][debug][gc,phases,ref     ] GC(2529)         Total (ms):               skipped
[111.114s][debug][gc,phases,ref     ] GC(2529)       Notify and keep alive finalizable: 0.0ms
[111.114s][debug][gc,phases,ref     ] GC(2529)         FinalRef (ms):            skipped
[111.114s][debug][gc,phases,ref     ] GC(2529)       Notify PhantomReferences: 0.0ms
[111.114s][debug][gc,phases,ref     ] GC(2529)         PhantomRef (ms):          skipped
[111.114s][debug][gc,phases,ref     ] GC(2529)       SoftReference:
[111.114s][debug][gc,phases,ref     ] GC(2529)         Discovered: 0
[111.114s][debug][gc,phases,ref     ] GC(2529)         Cleared: 0
[111.114s][debug][gc,phases,ref     ] GC(2529)       WeakReference:
[111.114s][debug][gc,phases,ref     ] GC(2529)         Discovered: 0
[111.114s][debug][gc,phases,ref     ] GC(2529)         Cleared: 0
[111.114s][debug][gc,phases,ref     ] GC(2529)       FinalReference:
[111.114s][debug][gc,phases,ref     ] GC(2529)         Discovered: 0
[111.114s][debug][gc,phases,ref     ] GC(2529)         Cleared: 0
[111.114s][debug][gc,phases,ref     ] GC(2529)       PhantomReference:
[111.114s][debug][gc,phases,ref     ] GC(2529)         Discovered: 0
[111.114s][debug][gc,phases,ref     ] GC(2529)         Cleared: 0
[111.114s][debug][gc,phases         ] GC(2529)     Weak Processing: 0.1ms
[111.114s][debug][gc,phases         ] GC(2529)       JVMTI weak processing: 0.0ms
[111.114s][debug][gc,phases         ] GC(2529)         Dead: 0
[111.114s][debug][gc,phases         ] GC(2529)         Total: 0
[111.114s][debug][gc,phases         ] GC(2529)       JFR weak processing: 0.0ms
[111.114s][debug][gc,phases         ] GC(2529)         Dead: 0
[111.114s][debug][gc,phases         ] GC(2529)         Total: 0
[111.114s][debug][gc,phases         ] GC(2529)       JNI weak                  Min:  0.0, Avg:  0.0, Max:  0.0, Diff:  0.0, Sum:  0.0, Workers: 5
[111.114s][debug][gc,phases         ] GC(2529)         Dead                      Min: 0, Avg:  0.0, Max: 0, Diff: 0, Sum: 0, Workers: 5
[111.114s][debug][gc,phases         ] GC(2529)         Total                     Min: 0, Avg: 20.4, Max: 102, Diff: 102, Sum: 102, Workers: 5
[111.114s][debug][gc,phases         ] GC(2529)       VM weak                   Min:  0.0, Avg:  0.0, Max:  0.0, Diff:  0.0, Sum:  0.0, Workers: 5
[111.114s][debug][gc,phases         ] GC(2529)         Dead                      Min: 0, Avg:  0.0, Max: 0, Diff: 0, Sum: 0, Workers: 5
[111.114s][debug][gc,phases         ] GC(2529)         Total                     Min: 0, Avg: 42.4, Max: 212, Diff: 212, Sum: 212, Workers: 5
[111.114s][debug][gc,phases         ] GC(2529)       StringTable weak          Min:  0.0, Avg:  0.0, Max:  0.0, Diff:  0.0, Sum:  0.0, Workers: 5
[111.114s][debug][gc,phases         ] GC(2529)         Dead                      Min: 0, Avg:  0.0, Max: 0, Diff: 0, Sum: 0, Workers: 5
[111.114s][debug][gc,phases         ] GC(2529)         Total                     Min: 0, Avg: 684.6, Max: 3168, Diff: 3168, Sum: 3423, Workers: 5
[111.114s][debug][gc,phases         ] GC(2529)       ResolvedMethodTable weak  Min:  0.0, Avg:  0.0, Max:  0.0, Diff:  0.0, Sum:  0.0, Workers: 5
[111.114s][debug][gc,phases         ] GC(2529)         Dead                      Min: 0, Avg:  0.0, Max: 0, Diff: 0, Sum: 0, Workers: 5
[111.114s][debug][gc,phases         ] GC(2529)         Total                     Min: 0, Avg: 114.6, Max: 189, Diff: 189, Sum: 573, Workers: 5
[111.114s][debug][gc,phases         ] GC(2529)     Merge Per-Thread State: 0.0ms
[111.114s][debug][gc,phases         ] GC(2529)       Copied Bytes              Min: 72, Avg: 500323.0, Max: 800176, Diff: 800104, Sum: 4002584, Workers: 8
[111.114s][debug][gc,phases         ] GC(2529)       LAB Waste                 Min: 0, Avg:  0.0, Max: 0, Diff: 0, Sum: 0, Workers: 8
[111.114s][debug][gc,phases         ] GC(2529)       LAB Undo Waste            Min: 0, Avg:  0.0, Max: 0, Diff: 0, Sum: 0, Workers: 8
[111.114s][debug][gc,phases         ] GC(2529)     Code Roots Purge: 0.0ms
[111.114s][debug][gc,phases         ] GC(2529)     Redirty Cards: 0.0ms
[111.114s][debug][gc,phases         ] GC(2529)     DerivedPointerTable Update: 0.0ms
[111.114s][debug][gc,phases         ] GC(2529)     Free Collection Set: 0.2ms
[111.114s][debug][gc,phases         ] GC(2529)     Rebuild Free List: 0.1ms
[111.114s][debug][gc,phases         ] GC(2529)     Humongous Reclaim: 0.0ms
[111.114s][debug][gc,phases         ] GC(2529)     Start New Collection Set: 0.0ms
[111.114s][debug][gc,phases         ] GC(2529)     Resize TLABs: 0.0ms
[111.115s][debug][gc,phases         ] GC(2529)     Expand Heap After Collection: 0.0ms
[111.115s][info ][gc,phases         ] GC(2529)   Other: 0.3ms
[111.115s][info ][gc,heap           ] GC(2529) Eden regions: 772->0(770)
[111.115s][info ][gc,heap           ] GC(2529) Survivor regions: 3->5(97)
[111.115s][info ][gc,heap           ] GC(2529) Old regions: 18->18
[111.115s][info ][gc,heap           ] GC(2529) Archive regions: 2->2
[111.115s][info ][gc,heap           ] GC(2529) Humongous regions: 0->0
[111.115s][info ][gc,metaspace      ] GC(2529) Metaspace: 10016K(10624K)->10016K(10624K) NonClass: 8864K(9216K)->8864K(9216K) Class: 1152K(1408K)->1152K(1408K)
[111.115s][debug][gc,heap           ] GC(2529) Heap after GC invocations=2530 (full 1): garbage-first heap   total 1324032K, used 23581K [0x0000000700000000, 0x0000000800000000)
[111.115s][debug][gc,heap           ] GC(2529)   region size 1024K, 5 young (5120K), 5 survivors (5120K)
[111.115s][debug][gc,heap           ] GC(2529)  Metaspace       used 10016K, capacity 10304K, committed 10624K, reserved 1058816K
[111.115s][debug][gc,heap           ] GC(2529)   class space    used 1152K, capacity 1266K, committed 1408K, reserved 1048576K
[111.115s][info ][gc                ] GC(2529) Pause Young (Normal) (G1 Evacuation Pause) 792M->23M(1293M) 2.207ms
[111.115s][info ][gc,cpu            ] GC(2529) User=0.01s Sys=0.00s Real=0.00s
[111.115s][info ][safepoint         ] Safepoint "G1CollectForAllocation", Time since last: 38450600 ns, Reaching safepoint: 219537 ns, At safepoint: 2633471 ns, Total: 2853008 ns
[111.153s][debug][gc,heap           ] GC(2530) Heap before GC invocations=2530 (full 1): garbage-first heap   total 1324032K, used 811037K [0x0000000700000000, 0x0000000800000000)
[111.153s][debug][gc,heap           ] GC(2530)   region size 1024K, 775 young (793600K), 5 survivors (5120K)
[111.153s][debug][gc,heap           ] GC(2530)  Metaspace       used 10016K, capacity 10304K, committed 10624K, reserved 1058816K
[111.153s][debug][gc,heap           ] GC(2530)   class space    used 1152K, capacity 1266K, committed 1408K, reserved 1048576K
[111.153s][info ][gc,start          ] GC(2530) Pause Young (Normal) (G1 Evacuation Pause)
[111.153s][info ][gc,task           ] GC(2530) Using 8 workers of 8 for evacuation
[111.153s][debug][gc,tlab           ] GC(2530) TLAB totals: thrds: 8  refills: 17 max: 3 slow allocs: 1530 max 212 waste: 27.4% gc: 1195568B max: 239704B slow: 75936B max: 15488B fast: 0B max: 0B
[111.153s][debug][gc,age            ] GC(2530) Desired survivor size 50855936 bytes, new threshold 15 (max threshold 15)
[111.153s][debug][gc,alloc,region   ] GC(2530) Mutator Allocation stats, regions: 770, wasted size: 180M (23.4%)
[111.153s][debug][gc,ergo           ] GC(2530) Running G1 Merge Heap Roots using 8 workers for 775 regions
[111.154s][debug][gc,remset         ] GC(2530) Visited cards 512 Total dirty 4096 (12.50%) Total old 3215360 (0.02%)
[111.154s][debug][gc,ergo           ] GC(2530) Running G1 Clear Card Table Task using 2 workers for 2 units of work for 777 regions.
[111.154s][debug][gc,ref            ] GC(2530) Skipped phase1 of Reference Processing due to unavailable references
[111.154s][debug][gc,ref            ] GC(2530) Skipped phase2 of Reference Processing due to unavailable references
[111.154s][debug][gc,ref            ] GC(2530) Skipped phase3 of Reference Processing due to unavailable references
[111.154s][debug][gc,ref            ] GC(2530) Skipped phase4 of Reference Processing due to unavailable references
[111.154s][debug][gc,ergo           ] GC(2530) Running G1 Free Collection Set using 8 workers for collection set length 775 (1293)
[111.155s][debug][gc,ergo           ] GC(2530) Running G1 Rebuild Free List Task using 8 workers for rebuilding free list of 0 (4096) regions
[111.155s][trace][gc,age            ] GC(2530) Age table with threshold 15 (max threshold 15)
[111.155s][trace][gc,age            ] GC(2530) - age   1:    4002584 bytes,    4002584 total
[111.155s][debug][gc,plab           ] GC(2530) Young PLAB allocation: allocated: 16512B, wasted: 0B, unused: 14064B, used: 2448B, undo waste: 0B, 
[111.155s][debug][gc,plab           ] GC(2530) Young other allocation: region end waste: 983864B, regions filled: 5, direct allocated: 4000136B, failure used: 0B, failure wasted: 0B
[111.155s][debug][gc,plab           ] GC(2530) Young sizing: calculated: 0B, actual: 2064B
[111.155s][debug][gc,plab           ] GC(2530) Old PLAB allocation: allocated: 0B, wasted: 0B, unused: 0B, used: 0B, undo waste: 0B, 
[111.155s][debug][gc,plab           ] GC(2530) Old other allocation: region end waste: 0B, regions filled: 1, direct allocated: 0B, failure used: 0B, failure wasted: 0B
[111.155s][debug][gc,plab           ] GC(2530) Old sizing: calculated: 0B, actual: 2064B
[111.155s][debug][gc,ihop           ] GC(2530) Basic information (value update), threshold: 610113945B (45.00), target occupancy: 1355808768B, current occupancy: 24147776B, recent allocation size: 0B, recent allocation duration: 39.46ms, recent old gen allocation rate: 0.00B/s, recent marking phase length: 30.68ms
[111.155s][debug][gc,ihop           ] GC(2530) Adaptive IHOP information (value update), threshold: 610113945B (47.37), internal target occupancy: 1288018329B, occupancy: 24147776B, additional buffer size: 812646400B, predicted old gen allocation rate: 39.02B/s, predicted marking phase length: 61.36ms, prediction active: false
[111.155s][debug][gc,ergo,refine    ] GC(2530) Concurrent refinement times: Logged Cards Scan time goal: 20.00ms Logged Cards Scan time: 0.00ms HCC time: 0.00ms
[111.155s][debug][gc,ergo,refine    ] GC(2530) Updated Refinement Zones: green: 2048, yellow: 6144, red: 10240
[111.155s][info ][gc,phases         ] GC(2530)   Pre Evacuate Collection Set: 0.1ms
[111.155s][debug][gc,phases         ] GC(2530)     Prepare TLABs: 0.0ms
[111.155s][debug][gc,phases         ] GC(2530)     Choose Collection Set: 0.0ms
[111.155s][debug][gc,phases         ] GC(2530)     Region Register: 0.1ms
[111.155s][debug][gc,phases         ] GC(2530)     Prepare Heap Roots: 0.0ms
[111.155s][info ][gc,phases         ] GC(2530)   Merge Heap Roots: 0.2ms
[111.155s][debug][gc,phases         ] GC(2530)     Prepare Merge Heap Roots: 0.0ms
[111.155s][debug][gc,phases         ] GC(2530)     Eager Reclaim (ms):       skipped
[111.155s][debug][gc,phases         ] GC(2530)     Remembered Sets (ms):     Min:  0.0, Avg:  0.0, Max:  0.1, Diff:  0.0, Sum:  0.3, Workers: 8
[111.155s][debug][gc,phases         ] GC(2530)       Merged Sparse:            Min: 0, Avg:  0.0, Max: 0, Diff: 0, Sum: 0, Workers: 8
[111.155s][debug][gc,phases         ] GC(2530)       Merged Fine:              Min: 0, Avg:  0.0, Max: 0, Diff: 0, Sum: 0, Workers: 8
[111.155s][debug][gc,phases         ] GC(2530)       Merged Coarse:            Min: 0, Avg:  0.0, Max: 0, Diff: 0, Sum: 0, Workers: 8
[111.155s][debug][gc,phases         ] GC(2530)       Dirty Cards:              Min: 0, Avg:  0.0, Max: 0, Diff: 0, Sum: 0, Workers: 8
[111.155s][debug][gc,phases         ] GC(2530)     Hot Card Cache (ms):      Min:  0.0, Avg:  0.0, Max:  0.0, Diff:  0.0, Sum:  0.0, Workers: 8
[111.155s][debug][gc,phases         ] GC(2530)       Dirty Cards:              Min: 0, Avg:  0.0, Max: 0, Diff: 0, Sum: 0, Workers: 8
[111.155s][debug][gc,phases         ] GC(2530)       Skipped Cards:            Min: 0, Avg:  0.0, Max: 0, Diff: 0, Sum: 0, Workers: 8
[111.155s][debug][gc,phases         ] GC(2530)     Log Buffers (ms):         Min:  0.0, Avg:  0.0, Max:  0.0, Diff:  0.0, Sum:  0.0, Workers: 8
[111.155s][debug][gc,phases         ] GC(2530)       Dirty Cards:              Min: 0, Avg:  0.2, Max: 1, Diff: 1, Sum: 2, Workers: 8
[111.155s][debug][gc,phases         ] GC(2530)       Skipped Cards:            Min: 0, Avg:  0.0, Max: 0, Diff: 0, Sum: 0, Workers: 8
[111.155s][info ][gc,phases         ] GC(2530)   Evacuate Collection Set: 0.5ms
[111.155s][debug][gc,phases         ] GC(2530)     Ext Root Scanning (ms):   Min:  0.2, Avg:  0.3, Max:  0.4, Diff:  0.2, Sum:  2.3, Workers: 8
[111.155s][debug][gc,phases         ] GC(2530)     Scan Heap Roots (ms):     Min:  0.0, Avg:  0.0, Max:  0.0, Diff:  0.0, Sum:  0.0, Workers: 8
[111.155s][debug][gc,phases         ] GC(2530)       Scanned Cards:            Min: 0, Avg:  0.2, Max: 1, Diff: 1, Sum: 2, Workers: 8
[111.155s][debug][gc,phases         ] GC(2530)       Scanned Blocks:           Min: 0, Avg:  0.2, Max: 1, Diff: 1, Sum: 2, Workers: 8
[111.155s][debug][gc,phases         ] GC(2530)       Claimed Chunks:           Min: 0, Avg:  0.2, Max: 1, Diff: 1, Sum: 2, Workers: 8
[111.155s][debug][gc,phases         ] GC(2530)     Code Root Scan (ms):      Min:  0.0, Avg:  0.0, Max:  0.0, Diff:  0.0, Sum:  0.1, Workers: 8
[111.155s][debug][gc,phases         ] GC(2530)     Object Copy (ms):         Min:  0.0, Avg:  0.0, Max:  0.0, Diff:  0.0, Sum:  0.0, Workers: 8
[111.155s][debug][gc,phases         ] GC(2530)     Termination (ms):         Min:  0.0, Avg:  0.1, Max:  0.1, Diff:  0.1, Sum:  0.5, Workers: 8
[111.155s][debug][gc,phases         ] GC(2530)       Termination Attempts:     Min: 1, Avg:  1.4, Max: 2, Diff: 1, Sum: 11, Workers: 8
[111.155s][debug][gc,phases         ] GC(2530)     GC Worker Other (ms):     Min:  0.0, Avg:  0.0, Max:  0.1, Diff:  0.1, Sum:  0.3, Workers: 8
[111.155s][debug][gc,phases         ] GC(2530)     GC Worker Total (ms):     Min:  0.4, Avg:  0.4, Max:  0.4, Diff:  0.1, Sum:  3.3, Workers: 8
[111.155s][info ][gc,phases         ] GC(2530)   Post Evacuate Collection Set: 0.5ms
[111.155s][debug][gc,phases         ] GC(2530)     Code Roots Fixup: 0.0ms
[111.155s][debug][gc,phases         ] GC(2530)     Clear Card Table: 0.1ms
[111.155s][debug][gc,phases         ] GC(2530)     Reference Processing: 0.0ms
[111.155s][debug][gc,phases,ref     ] GC(2530)       Reconsider SoftReferences: 0.0ms
[111.155s][debug][gc,phases,ref     ] GC(2530)         SoftRef (ms):             skipped
[111.155s][debug][gc,phases,ref     ] GC(2530)       Notify Soft/WeakReferences: 0.0ms
[111.155s][debug][gc,phases,ref     ] GC(2530)         SoftRef (ms):             skipped
[111.155s][debug][gc,phases,ref     ] GC(2530)         WeakRef (ms):             skipped
[111.155s][debug][gc,phases,ref     ] GC(2530)         FinalRef (ms):            skipped
[111.155s][debug][gc,phases,ref     ] GC(2530)         Total (ms):               skipped
[111.155s][debug][gc,phases,ref     ] GC(2530)       Notify and keep alive finalizable: 0.0ms
[111.155s][debug][gc,phases,ref     ] GC(2530)         FinalRef (ms):            skipped
[111.155s][debug][gc,phases,ref     ] GC(2530)       Notify PhantomReferences: 0.0ms
[111.155s][debug][gc,phases,ref     ] GC(2530)         PhantomRef (ms):          skipped
[111.155s][debug][gc,phases,ref     ] GC(2530)       SoftReference:
[111.155s][debug][gc,phases,ref     ] GC(2530)         Discovered: 0
[111.155s][debug][gc,phases,ref     ] GC(2530)         Cleared: 0
[111.155s][debug][gc,phases,ref     ] GC(2530)       WeakReference:
[111.155s][debug][gc,phases,ref     ] GC(2530)         Discovered: 0
[111.155s][debug][gc,phases,ref     ] GC(2530)         Cleared: 0
[111.155s][debug][gc,phases,ref     ] GC(2530)       FinalReference:
[111.155s][debug][gc,phases,ref     ] GC(2530)         Discovered: 0
[111.155s][debug][gc,phases,ref     ] GC(2530)         Cleared: 0
[111.155s][debug][gc,phases,ref     ] GC(2530)       PhantomReference:
[111.155s][debug][gc,phases,ref     ] GC(2530)         Discovered: 0
[111.155s][debug][gc,phases,ref     ] GC(2530)         Cleared: 0
[111.155s][debug][gc,phases         ] GC(2530)     Weak Processing: 0.1ms
[111.155s][debug][gc,phases         ] GC(2530)       JVMTI weak processing: 0.0ms
[111.155s][debug][gc,phases         ] GC(2530)         Dead: 0
[111.155s][debug][gc,phases         ] GC(2530)         Total: 0
[111.155s][debug][gc,phases         ] GC(2530)       JFR weak processing: 0.0ms
[111.155s][debug][gc,phases         ] GC(2530)         Dead: 0
[111.155s][debug][gc,phases         ] GC(2530)         Total: 0
[111.155s][debug][gc,phases         ] GC(2530)       JNI weak                  Min:  0.0, Avg:  0.0, Max:  0.0, Diff:  0.0, Sum:  0.0, Workers: 5
[111.155s][debug][gc,phases         ] GC(2530)         Dead                      Min: 0, Avg:  0.0, Max: 0, Diff: 0, Sum: 0, Workers: 5
[111.155s][debug][gc,phases         ] GC(2530)         Total                     Min: 0, Avg: 20.4, Max: 62, Diff: 62, Sum: 102, Workers: 5
[111.155s][debug][gc,phases         ] GC(2530)       VM weak                   Min:  0.0, Avg:  0.0, Max:  0.0, Diff:  0.0, Sum:  0.0, Workers: 5
[111.155s][debug][gc,phases         ] GC(2530)         Dead                      Min: 0, Avg:  0.0, Max: 0, Diff: 0, Sum: 0, Workers: 5
[111.155s][debug][gc,phases         ] GC(2530)         Total                     Min: 0, Avg: 42.4, Max: 128, Diff: 128, Sum: 212, Workers: 5
[111.155s][debug][gc,phases         ] GC(2530)       StringTable weak          Min:  0.0, Avg:  0.0, Max:  0.0, Diff:  0.0, Sum:  0.1, Workers: 5
[111.155s][debug][gc,phases         ] GC(2530)         Dead                      Min: 0, Avg:  0.0, Max: 0, Diff: 0, Sum: 0, Workers: 5
[111.155s][debug][gc,phases         ] GC(2530)         Total                     Min: 0, Avg: 684.6, Max: 1664, Diff: 1664, Sum: 3423, Workers: 5
[111.155s][debug][gc,phases         ] GC(2530)       ResolvedMethodTable weak  Min:  0.0, Avg:  0.0, Max:  0.0, Diff:  0.0, Sum:  0.0, Workers: 5
[111.155s][debug][gc,phases         ] GC(2530)         Dead                      Min: 0, Avg:  0.0, Max: 0, Diff: 0, Sum: 0, Workers: 5
[111.155s][debug][gc,phases         ] GC(2530)         Total                     Min: 0, Avg: 114.6, Max: 192, Diff: 192, Sum: 573, Workers: 5
[111.155s][debug][gc,phases         ] GC(2530)     Merge Per-Thread State: 0.0ms
[111.155s][debug][gc,phases         ] GC(2530)       Copied Bytes              Min: 664, Avg: 500323.0, Max: 800096, Diff: 799432, Sum: 4002584, Workers: 8
[111.155s][debug][gc,phases         ] GC(2530)       LAB Waste                 Min: 0, Avg:  0.0, Max: 0, Diff: 0, Sum: 0, Workers: 8
[111.155s][debug][gc,phases         ] GC(2530)       LAB Undo Waste            Min: 0, Avg:  0.0, Max: 0, Diff: 0, Sum: 0, Workers: 8
[111.155s][debug][gc,phases         ] GC(2530)     Code Roots Purge: 0.0ms
[111.155s][debug][gc,phases         ] GC(2530)     Redirty Cards: 0.0ms
[111.155s][debug][gc,phases         ] GC(2530)     DerivedPointerTable Update: 0.0ms
[111.155s][debug][gc,phases         ] GC(2530)     Free Collection Set: 0.2ms
[111.155s][debug][gc,phases         ] GC(2530)     Rebuild Free List: 0.1ms
[111.155s][debug][gc,phases         ] GC(2530)     Humongous Reclaim: 0.0ms
[111.155s][debug][gc,phases         ] GC(2530)     Start New Collection Set: 0.0ms
[111.155s][debug][gc,phases         ] GC(2530)     Resize TLABs: 0.0ms
[111.155s][debug][gc,phases         ] GC(2530)     Expand Heap After Collection: 0.0ms
[111.155s][info ][gc,phases         ] GC(2530)   Other: 0.3ms
[111.155s][info ][gc,heap           ] GC(2530) Eden regions: 770->0(770)
[111.155s][info ][gc,heap           ] GC(2530) Survivor regions: 5->5(97)
[111.155s][info ][gc,heap           ] GC(2530) Old regions: 18->18
[111.155s][info ][gc,heap           ] GC(2530) Archive regions: 2->2
[111.155s][info ][gc,heap           ] GC(2530) Humongous regions: 0->0
[111.155s][info ][gc,metaspace      ] GC(2530) Metaspace: 10016K(10624K)->10016K(10624K) NonClass: 8864K(9216K)->8864K(9216K) Class: 1152K(1408K)->1152K(1408K)
[111.155s][debug][gc,heap           ] GC(2530) Heap after GC invocations=2531 (full 1): garbage-first heap   total 1324032K, used 23581K [0x0000000700000000, 0x0000000800000000)
[111.155s][debug][gc,heap           ] GC(2530)   region size 1024K, 5 young (5120K), 5 survivors (5120K)
[111.155s][debug][gc,heap           ] GC(2530)  Metaspace       used 10016K, capacity 10304K, committed 10624K, reserved 1058816K
[111.155s][debug][gc,heap           ] GC(2530)   class space    used 1152K, capacity 1266K, committed 1408K, reserved 1048576K
[111.155s][info ][gc                ] GC(2530) Pause Young (Normal) (G1 Evacuation Pause) 792M->23M(1293M) 2.144ms
[111.155s][info ][gc,cpu            ] GC(2530) User=0.01s Sys=0.00s Real=0.00s
[111.155s][info ][safepoint         ] Safepoint "G1CollectForAllocation", Time since last: 38005387 ns, Reaching safepoint: 230711 ns, At safepoint: 2316024 ns, Total: 2546735 ns
[111.194s][debug][gc,heap           ] GC(2531) Heap before GC invocations=2531 (full 1): garbage-first heap   total 1324032K, used 811037K [0x0000000700000000, 0x0000000800000000)
[111.194s][debug][gc,heap           ] GC(2531)   region size 1024K, 775 young (793600K), 5 survivors (5120K)
[111.194s][debug][gc,heap           ] GC(2531)  Metaspace       used 10016K, capacity 10304K, committed 10624K, reserved 1058816K
[111.194s][debug][gc,heap           ] GC(2531)   class space    used 1152K, capacity 1266K, committed 1408K, reserved 1048576K
[111.194s][info ][gc,start          ] GC(2531) Pause Young (Normal) (G1 Evacuation Pause)
[111.194s][info ][gc,task           ] GC(2531) Using 8 workers of 8 for evacuation
[111.194s][debug][gc,tlab           ] GC(2531) TLAB totals: thrds: 8  refills: 14 max: 3 slow allocs: 1534 max 221 waste: 21.2% gc: 944104B max: 219080B slow: 70208B max: 15488B fast: 0B max: 0B
[111.194s][debug][gc,age            ] GC(2531) Desired survivor size 50855936 bytes, new threshold 15 (max threshold 15)
[111.194s][debug][gc,alloc,region   ] GC(2531) Mutator Allocation stats, regions: 770, wasted size: 180M (23.4%)
[111.194s][debug][gc,ergo           ] GC(2531) Running G1 Merge Heap Roots using 8 workers for 775 regions
[111.194s][debug][gc,remset         ] GC(2531) Visited cards 256 Total dirty 2048 (12.50%) Total old 3215360 (0.01%)
[111.195s][debug][gc,ergo           ] GC(2531) Running G1 Clear Card Table Task using 2 workers for 2 units of work for 776 regions.
[111.195s][debug][gc,ref            ] GC(2531) Skipped phase1 of Reference Processing due to unavailable references
[111.195s][debug][gc,ref            ] GC(2531) Skipped phase2 of Reference Processing due to unavailable references
[111.195s][debug][gc,ref            ] GC(2531) Skipped phase3 of Reference Processing due to unavailable references
[111.195s][debug][gc,ref            ] GC(2531) Skipped phase4 of Reference Processing due to unavailable references
[111.195s][debug][gc,ergo           ] GC(2531) Running G1 Free Collection Set using 8 workers for collection set length 775 (1293)
[111.195s][debug][gc,ergo           ] GC(2531) Running G1 Rebuild Free List Task using 8 workers for rebuilding free list of 0 (4096) regions
[111.195s][trace][gc,age            ] GC(2531) Age table with threshold 15 (max threshold 15)
[111.195s][trace][gc,age            ] GC(2531) - age   1:    4002592 bytes,    4002592 total
[111.195s][debug][gc,plab           ] GC(2531) Young PLAB allocation: allocated: 16512B, wasted: 0B, unused: 14064B, used: 2448B, undo waste: 0B, 
[111.195s][debug][gc,plab           ] GC(2531) Young other allocation: region end waste: 981792B, regions filled: 5, direct allocated: 4000144B, failure used: 0B, failure wasted: 0B
[111.195s][debug][gc,plab           ] GC(2531) Young sizing: calculated: 0B, actual: 2064B
[111.195s][debug][gc,plab           ] GC(2531) Old PLAB allocation: allocated: 0B, wasted: 0B, unused: 0B, used: 0B, undo waste: 0B, 
[111.195s][debug][gc,plab           ] GC(2531) Old other allocation: region end waste: 0B, regions filled: 1, direct allocated: 0B, failure used: 0B, failure wasted: 0B
[111.195s][debug][gc,plab           ] GC(2531) Old sizing: calculated: 0B, actual: 2064B
[111.195s][debug][gc,ihop           ] GC(2531) Basic information (value update), threshold: 610113945B (45.00), target occupancy: 1355808768B, current occupancy: 24145712B, recent allocation size: 0B, recent allocation duration: 38.93ms, recent old gen allocation rate: 0.00B/s, recent marking phase length: 30.68ms
[111.195s][debug][gc,ihop           ] GC(2531) Adaptive IHOP information (value update), threshold: 610113945B (47.37), internal target occupancy: 1288018329B, occupancy: 24145712B, additional buffer size: 812646400B, predicted old gen allocation rate: 38.03B/s, predicted marking phase length: 61.36ms, prediction active: false
[111.195s][debug][gc,ergo,refine    ] GC(2531) Concurrent refinement times: Logged Cards Scan time goal: 20.00ms Logged Cards Scan time: 0.00ms HCC time: 0.00ms
[111.195s][debug][gc,ergo,refine    ] GC(2531) Updated Refinement Zones: green: 2048, yellow: 6144, red: 10240
[111.195s][info ][gc,phases         ] GC(2531)   Pre Evacuate Collection Set: 0.1ms
[111.195s][debug][gc,phases         ] GC(2531)     Prepare TLABs: 0.0ms
[111.195s][debug][gc,phases         ] GC(2531)     Choose Collection Set: 0.0ms
[111.195s][debug][gc,phases         ] GC(2531)     Region Register: 0.1ms
[111.195s][debug][gc,phases         ] GC(2531)     Prepare Heap Roots: 0.0ms
[111.195s][info ][gc,phases         ] GC(2531)   Merge Heap Roots: 0.2ms
[111.195s][debug][gc,phases         ] GC(2531)     Prepare Merge Heap Roots: 0.0ms
[111.195s][debug][gc,phases         ] GC(2531)     Eager Reclaim (ms):       skipped
[111.195s][debug][gc,phases         ] GC(2531)     Remembered Sets (ms):     Min:  0.0, Avg:  0.0, Max:  0.1, Diff:  0.1, Sum:  0.2, Workers: 8
[111.195s][debug][gc,phases         ] GC(2531)       Merged Sparse:            Min: 0, Avg:  0.0, Max: 0, Diff: 0, Sum: 0, Workers: 8
[111.195s][debug][gc,phases         ] GC(2531)       Merged Fine:              Min: 0, Avg:  0.0, Max: 0, Diff: 0, Sum: 0, Workers: 8
[111.195s][debug][gc,phases         ] GC(2531)       Merged Coarse:            Min: 0, Avg:  0.0, Max: 0, Diff: 0, Sum: 0, Workers: 8
[111.195s][debug][gc,phases         ] GC(2531)       Dirty Cards:              Min: 0, Avg:  0.0, Max: 0, Diff: 0, Sum: 0, Workers: 8
[111.195s][debug][gc,phases         ] GC(2531)     Hot Card Cache (ms):      Min:  0.0, Avg:  0.0, Max:  0.0, Diff:  0.0, Sum:  0.0, Workers: 8
[111.195s][debug][gc,phases         ] GC(2531)       Dirty Cards:              Min: 0, Avg:  0.0, Max: 0, Diff: 0, Sum: 0, Workers: 8
[111.195s][debug][gc,phases         ] GC(2531)       Skipped Cards:            Min: 0, Avg:  0.0, Max: 0, Diff: 0, Sum: 0, Workers: 8
[111.195s][debug][gc,phases         ] GC(2531)     Log Buffers (ms):         Min:  0.0, Avg:  0.0, Max:  0.0, Diff:  0.0, Sum:  0.0, Workers: 8
[111.195s][debug][gc,phases         ] GC(2531)       Dirty Cards:              Min: 0, Avg:  0.1, Max: 1, Diff: 1, Sum: 1, Workers: 8
[111.195s][debug][gc,phases         ] GC(2531)       Skipped Cards:            Min: 0, Avg:  0.0, Max: 0, Diff: 0, Sum: 0, Workers: 8
[111.195s][info ][gc,phases         ] GC(2531)   Evacuate Collection Set: 0.5ms
[111.195s][debug][gc,phases         ] GC(2531)     Ext Root Scanning (ms):   Min:  0.3, Avg:  0.3, Max:  0.4, Diff:  0.1, Sum:  2.5, Workers: 8
[111.195s][debug][gc,phases         ] GC(2531)     Scan Heap Roots (ms):     Min:  0.0, Avg:  0.0, Max:  0.0, Diff:  0.0, Sum:  0.0, Workers: 8
[111.195s][debug][gc,phases         ] GC(2531)       Scanned Cards:            Min: 0, Avg:  0.1, Max: 1, Diff: 1, Sum: 1, Workers: 8
[111.195s][debug][gc,phases         ] GC(2531)       Scanned Blocks:           Min: 0, Avg:  0.1, Max: 1, Diff: 1, Sum: 1, Workers: 8
[111.195s][debug][gc,phases         ] GC(2531)       Claimed Chunks:           Min: 0, Avg:  0.1, Max: 1, Diff: 1, Sum: 1, Workers: 8
[111.195s][debug][gc,phases         ] GC(2531)     Code Root Scan (ms):      Min:  0.0, Avg:  0.0, Max:  0.0, Diff:  0.0, Sum:  0.2, Workers: 8
[111.195s][debug][gc,phases         ] GC(2531)     Object Copy (ms):         Min:  0.0, Avg:  0.0, Max:  0.0, Diff:  0.0, Sum:  0.0, Workers: 8
[111.195s][debug][gc,phases         ] GC(2531)     Termination (ms):         Min:  0.0, Avg:  0.1, Max:  0.1, Diff:  0.0, Sum:  0.6, Workers: 8
[111.195s][debug][gc,phases         ] GC(2531)       Termination Attempts:     Min: 1, Avg:  1.0, Max: 1, Diff: 0, Sum: 8, Workers: 8
[111.195s][debug][gc,phases         ] GC(2531)     GC Worker Other (ms):     Min:  0.0, Avg:  0.0, Max:  0.1, Diff:  0.1, Sum:  0.4, Workers: 8
[111.196s][debug][gc,phases         ] GC(2531)     GC Worker Total (ms):     Min:  0.4, Avg:  0.5, Max:  0.5, Diff:  0.0, Sum:  3.6, Workers: 8
[111.196s][info ][gc,phases         ] GC(2531)   Post Evacuate Collection Set: 0.6ms
[111.196s][debug][gc,phases         ] GC(2531)     Code Roots Fixup: 0.0ms
[111.196s][debug][gc,phases         ] GC(2531)     Clear Card Table: 0.2ms
[111.196s][debug][gc,phases         ] GC(2531)     Reference Processing: 0.0ms
[111.196s][debug][gc,phases,ref     ] GC(2531)       Reconsider SoftReferences: 0.0ms
[111.196s][debug][gc,phases,ref     ] GC(2531)         SoftRef (ms):             skipped
[111.196s][debug][gc,phases,ref     ] GC(2531)       Notify Soft/WeakReferences: 0.0ms
[111.196s][debug][gc,phases,ref     ] GC(2531)         SoftRef (ms):             skipped
[111.196s][debug][gc,phases,ref     ] GC(2531)         WeakRef (ms):             skipped
[111.196s][debug][gc,phases,ref     ] GC(2531)         FinalRef (ms):            skipped
[111.196s][debug][gc,phases,ref     ] GC(2531)         Total (ms):               skipped
[111.196s][debug][gc,phases,ref     ] GC(2531)       Notify and keep alive finalizable: 0.0ms
[111.196s][debug][gc,phases,ref     ] GC(2531)         FinalRef (ms):            skipped
[111.196s][debug][gc,phases,ref     ] GC(2531)       Notify PhantomReferences: 0.0ms
[111.196s][debug][gc,phases,ref     ] GC(2531)         PhantomRef (ms):          skipped
[111.196s][debug][gc,phases,ref     ] GC(2531)       SoftReference:
[111.196s][debug][gc,phases,ref     ] GC(2531)         Discovered: 0
[111.196s][debug][gc,phases,ref     ] GC(2531)         Cleared: 0
[111.196s][debug][gc,phases,ref     ] GC(2531)       WeakReference:
[111.196s][debug][gc,phases,ref     ] GC(2531)         Discovered: 0
[111.196s][debug][gc,phases,ref     ] GC(2531)         Cleared: 0
[111.196s][debug][gc,phases,ref     ] GC(2531)       FinalReference:
[111.196s][debug][gc,phases,ref     ] GC(2531)         Discovered: 0
[111.196s][debug][gc,phases,ref     ] GC(2531)         Cleared: 0
[111.196s][debug][gc,phases,ref     ] GC(2531)       PhantomReference:
[111.196s][debug][gc,phases,ref     ] GC(2531)         Discovered: 0
[111.196s][debug][gc,phases,ref     ] GC(2531)         Cleared: 0
[111.196s][debug][gc,phases         ] GC(2531)     Weak Processing: 0.0ms
[111.196s][debug][gc,phases         ] GC(2531)       JVMTI weak processing: 0.0ms
[111.196s][debug][gc,phases         ] GC(2531)         Dead: 0
[111.196s][debug][gc,phases         ] GC(2531)         Total: 0
[111.196s][debug][gc,phases         ] GC(2531)       JFR weak processing: 0.0ms
[111.196s][debug][gc,phases         ] GC(2531)         Dead: 0
[111.196s][debug][gc,phases         ] GC(2531)         Total: 0
[111.196s][debug][gc,phases         ] GC(2531)       JNI weak                  Min:  0.0, Avg:  0.0, Max:  0.0, Diff:  0.0, Sum:  0.0, Workers: 5
[111.196s][debug][gc,phases         ] GC(2531)         Dead                      Min: 0, Avg:  0.0, Max: 0, Diff: 0, Sum: 0, Workers: 5
[111.196s][debug][gc,phases         ] GC(2531)         Total                     Min: 0, Avg: 20.4, Max: 62, Diff: 62, Sum: 102, Workers: 5
[111.196s][debug][gc,phases         ] GC(2531)       VM weak                   Min:  0.0, Avg:  0.0, Max:  0.0, Diff:  0.0, Sum:  0.0, Workers: 5
[111.196s][debug][gc,phases         ] GC(2531)         Dead                      Min: 0, Avg:  0.0, Max: 0, Diff: 0, Sum: 0, Workers: 5
[111.196s][debug][gc,phases         ] GC(2531)         Total                     Min: 0, Avg: 42.4, Max: 64, Diff: 64, Sum: 212, Workers: 5
[111.196s][debug][gc,phases         ] GC(2531)       StringTable weak          Min:  0.0, Avg:  0.0, Max:  0.0, Diff:  0.0, Sum:  0.1, Workers: 5
[111.196s][debug][gc,phases         ] GC(2531)         Dead                      Min: 0, Avg:  0.0, Max: 0, Diff: 0, Sum: 0, Workers: 5
[111.196s][debug][gc,phases         ] GC(2531)         Total                     Min: 640, Avg: 684.6, Max: 704, Diff: 64, Sum: 3423, Workers: 5
[111.196s][debug][gc,phases         ] GC(2531)       ResolvedMethodTable weak  Min:  0.0, Avg:  0.0, Max:  0.0, Diff:  0.0, Sum:  0.0, Workers: 5
[111.196s][debug][gc,phases         ] GC(2531)         Dead                      Min: 0, Avg:  0.0, Max: 0, Diff: 0, Sum: 0, Workers: 5
[111.196s][debug][gc,phases         ] GC(2531)         Total                     Min: 64, Avg: 114.6, Max: 128, Diff: 64, Sum: 573, Workers: 5
[111.196s][debug][gc,phases         ] GC(2531)     Merge Per-Thread State: 0.0ms
[111.196s][debug][gc,phases         ] GC(2531)       Copied Bytes              Min: 400088, Avg: 500324.0, Max: 800320, Diff: 400232, Sum: 4002592, Workers: 8
[111.196s][debug][gc,phases         ] GC(2531)       LAB Waste                 Min: 0, Avg:  0.0, Max: 0, Diff: 0, Sum: 0, Workers: 8
[111.196s][debug][gc,phases         ] GC(2531)       LAB Undo Waste            Min: 0, Avg:  0.0, Max: 0, Diff: 0, Sum: 0, Workers: 8
[111.196s][debug][gc,phases         ] GC(2531)     Code Roots Purge: 0.0ms
[111.196s][debug][gc,phases         ] GC(2531)     Redirty Cards: 0.0ms
[111.196s][debug][gc,phases         ] GC(2531)     DerivedPointerTable Update: 0.0ms
[111.196s][debug][gc,phases         ] GC(2531)     Free Collection Set: 0.2ms
[111.196s][debug][gc,phases         ] GC(2531)     Rebuild Free List: 0.1ms
[111.196s][debug][gc,phases         ] GC(2531)     Humongous Reclaim: 0.0ms
[111.196s][debug][gc,phases         ] GC(2531)     Start New Collection Set: 0.0ms
[111.196s][debug][gc,phases         ] GC(2531)     Resize TLABs: 0.0ms
[111.196s][debug][gc,phases         ] GC(2531)     Expand Heap After Collection: 0.0ms
[111.196s][info ][gc,phases         ] GC(2531)   Other: 0.3ms
[111.196s][info ][gc,heap           ] GC(2531) Eden regions: 770->0(770)
[111.196s][info ][gc,heap           ] GC(2531) Survivor regions: 5->5(97)
[111.196s][info ][gc,heap           ] GC(2531) Old regions: 18->18
[111.196s][info ][gc,heap           ] GC(2531) Archive regions: 2->2
[111.196s][info ][gc,heap           ] GC(2531) Humongous regions: 0->0
[111.196s][info ][gc,metaspace      ] GC(2531) Metaspace: 10016K(10624K)->10016K(10624K) NonClass: 8864K(9216K)->8864K(9216K) Class: 1152K(1408K)->1152K(1408K)
[111.196s][debug][gc,heap           ] GC(2531) Heap after GC invocations=2532 (full 1): garbage-first heap   total 1324032K, used 23579K [0x0000000700000000, 0x0000000800000000)
[111.196s][debug][gc,heap           ] GC(2531)   region size 1024K, 5 young (5120K), 5 survivors (5120K)
[111.196s][debug][gc,heap           ] GC(2531)  Metaspace       used 10016K, capacity 10304K, committed 10624K, reserved 1058816K
[111.196s][debug][gc,heap           ] GC(2531)   class space    used 1152K, capacity 1266K, committed 1408K, reserved 1048576K
[111.196s][info ][gc                ] GC(2531) Pause Young (Normal) (G1 Evacuation Pause) 792M->23M(1293M) 2.387ms
[111.196s][info ][gc,cpu            ] GC(2531) User=0.01s Sys=0.00s Real=0.00s
[111.196s][info ][safepoint         ] Safepoint "G1CollectForAllocation", Time since last: 37866569 ns, Reaching safepoint: 143613 ns, At safepoint: 2555102 ns, Total: 2698715 ns
[111.234s][debug][gc,heap           ] GC(2532) Heap before GC invocations=2532 (full 1): garbage-first heap   total 1324032K, used 811035K [0x0000000700000000, 0x0000000800000000)
[111.234s][debug][gc,heap           ] GC(2532)   region size 1024K, 775 young (793600K), 5 survivors (5120K)
[111.234s][debug][gc,heap           ] GC(2532)  Metaspace       used 10016K, capacity 10304K, committed 10624K, reserved 1058816K
[111.234s][debug][gc,heap           ] GC(2532)   class space    used 1152K, capacity 1266K, committed 1408K, reserved 1048576K
[111.234s][info ][gc,start          ] GC(2532) Pause Young (Normal) (G1 Evacuation Pause)
[111.234s][info ][gc,task           ] GC(2532) Using 8 workers of 8 for evacuation
[111.234s][debug][gc,tlab           ] GC(2532) TLAB totals: thrds: 8  refills: 13 max: 3 slow allocs: 1530 max 202 waste: 29.9% gc: 1210656B max: 239712B slow: 56280B max: 15488B fast: 0B max: 0B
[111.234s][debug][gc,age            ] GC(2532) Desired survivor size 50855936 bytes, new threshold 15 (max threshold 15)
[111.234s][debug][gc,alloc,region   ] GC(2532) Mutator Allocation stats, regions: 770, wasted size: 180M (23.4%)
[111.234s][debug][gc,ergo           ] GC(2532) Running G1 Merge Heap Roots using 8 workers for 775 regions
[111.234s][debug][gc,remset         ] GC(2532) Visited cards 256 Total dirty 2048 (12.50%) Total old 3215360 (0.01%)
[111.235s][debug][gc,ergo           ] GC(2532) Running G1 Clear Card Table Task using 2 workers for 2 units of work for 776 regions.
[111.235s][debug][gc,ref            ] GC(2532) Skipped phase1 of Reference Processing due to unavailable references
[111.235s][debug][gc,ref            ] GC(2532) Skipped phase2 of Reference Processing due to unavailable references
[111.235s][debug][gc,ref            ] GC(2532) Skipped phase3 of Reference Processing due to unavailable references
[111.235s][debug][gc,ref            ] GC(2532) Skipped phase4 of Reference Processing due to unavailable references
[111.235s][debug][gc,ergo           ] GC(2532) Running G1 Free Collection Set using 8 workers for collection set length 775 (1293)
[111.235s][debug][gc,ergo           ] GC(2532) Running G1 Rebuild Free List Task using 8 workers for rebuilding free list of 0 (4096) regions
[111.235s][trace][gc,age            ] GC(2532) Age table with threshold 15 (max threshold 15)
[111.235s][trace][gc,age            ] GC(2532) - age   1:    4002576 bytes,    4002576 total
[111.235s][debug][gc,plab           ] GC(2532) Young PLAB allocation: allocated: 16512B, wasted: 0B, unused: 14064B, used: 2448B, undo waste: 0B, 
[111.235s][debug][gc,plab           ] GC(2532) Young other allocation: region end waste: 983872B, regions filled: 5, direct allocated: 4000128B, failure used: 0B, failure wasted: 0B
[111.235s][debug][gc,plab           ] GC(2532) Young sizing: calculated: 0B, actual: 2064B
[111.235s][debug][gc,plab           ] GC(2532) Old PLAB allocation: allocated: 0B, wasted: 0B, unused: 0B, used: 0B, undo waste: 0B, 
[111.235s][debug][gc,plab           ] GC(2532) Old other allocation: region end waste: 0B, regions filled: 1, direct allocated: 0B, failure used: 0B, failure wasted: 0B
[111.235s][debug][gc,plab           ] GC(2532) Old sizing: calculated: 0B, actual: 2064B
[111.235s][debug][gc,ihop           ] GC(2532) Basic information (value update), threshold: 610113945B (45.00), target occupancy: 1355808768B, current occupancy: 24147776B, recent allocation size: 0B, recent allocation duration: 38.70ms, recent old gen allocation rate: 0.00B/s, recent marking phase length: 30.68ms
[111.235s][debug][gc,ihop           ] GC(2532) Adaptive IHOP information (value update), threshold: 610113945B (47.37), internal target occupancy: 1288018329B, occupancy: 24147776B, additional buffer size: 812646400B, predicted old gen allocation rate: 37.06B/s, predicted marking phase length: 61.36ms, prediction active: false
[111.235s][debug][gc,ergo,refine    ] GC(2532) Concurrent refinement times: Logged Cards Scan time goal: 20.00ms Logged Cards Scan time: 0.00ms HCC time: 0.00ms
[111.235s][debug][gc,ergo,refine    ] GC(2532) Updated Refinement Zones: green: 2048, yellow: 6144, red: 10240
[111.235s][info ][gc,phases         ] GC(2532)   Pre Evacuate Collection Set: 0.1ms
[111.235s][debug][gc,phases         ] GC(2532)     Prepare TLABs: 0.0ms
[111.235s][debug][gc,phases         ] GC(2532)     Choose Collection Set: 0.0ms
[111.235s][debug][gc,phases         ] GC(2532)     Region Register: 0.1ms
[111.235s][debug][gc,phases         ] GC(2532)     Prepare Heap Roots: 0.0ms
[111.235s][info ][gc,phases         ] GC(2532)   Merge Heap Roots: 0.1ms
[111.235s][debug][gc,phases         ] GC(2532)     Prepare Merge Heap Roots: 0.0ms
[111.235s][debug][gc,phases         ] GC(2532)     Eager Reclaim (ms):       skipped
[111.235s][debug][gc,phases         ] GC(2532)     Remembered Sets (ms):     Min:  0.0, Avg:  0.0, Max:  0.0, Diff:  0.0, Sum:  0.2, Workers: 8
[111.236s][debug][gc,phases         ] GC(2532)       Merged Sparse:            Min: 0, Avg:  0.0, Max: 0, Diff: 0, Sum: 0, Workers: 8
[111.236s][debug][gc,phases         ] GC(2532)       Merged Fine:              Min: 0, Avg:  0.0, Max: 0, Diff: 0, Sum: 0, Workers: 8
[111.236s][debug][gc,phases         ] GC(2532)       Merged Coarse:            Min: 0, Avg:  0.0, Max: 0, Diff: 0, Sum: 0, Workers: 8
[111.236s][debug][gc,phases         ] GC(2532)       Dirty Cards:              Min: 0, Avg:  0.0, Max: 0, Diff: 0, Sum: 0, Workers: 8
[111.236s][debug][gc,phases         ] GC(2532)     Hot Card Cache (ms):      Min:  0.0, Avg:  0.0, Max:  0.0, Diff:  0.0, Sum:  0.0, Workers: 8
[111.236s][debug][gc,phases         ] GC(2532)       Dirty Cards:              Min: 0, Avg:  0.0, Max: 0, Diff: 0, Sum: 0, Workers: 8
[111.236s][debug][gc,phases         ] GC(2532)       Skipped Cards:            Min: 0, Avg:  0.0, Max: 0, Diff: 0, Sum: 0, Workers: 8
[111.236s][debug][gc,phases         ] GC(2532)     Log Buffers (ms):         Min:  0.0, Avg:  0.0, Max:  0.0, Diff:  0.0, Sum:  0.0, Workers: 8
[111.236s][debug][gc,phases         ] GC(2532)       Dirty Cards:              Min: 0, Avg:  0.1, Max: 1, Diff: 1, Sum: 1, Workers: 8
[111.236s][debug][gc,phases         ] GC(2532)       Skipped Cards:            Min: 0, Avg:  0.0, Max: 0, Diff: 0, Sum: 0, Workers: 8
[111.236s][info ][gc,phases         ] GC(2532)   Evacuate Collection Set: 0.5ms
[111.236s][debug][gc,phases         ] GC(2532)     Ext Root Scanning (ms):   Min:  0.0, Avg:  0.3, Max:  0.4, Diff:  0.4, Sum:  2.1, Workers: 8
[111.236s][debug][gc,phases         ] GC(2532)     Scan Heap Roots (ms):     Min:  0.0, Avg:  0.0, Max:  0.0, Diff:  0.0, Sum:  0.0, Workers: 8
[111.236s][debug][gc,phases         ] GC(2532)       Scanned Cards:            Min: 0, Avg:  0.1, Max: 1, Diff: 1, Sum: 1, Workers: 8
[111.236s][debug][gc,phases         ] GC(2532)       Scanned Blocks:           Min: 0, Avg:  0.1, Max: 1, Diff: 1, Sum: 1, Workers: 8
[111.236s][debug][gc,phases         ] GC(2532)       Claimed Chunks:           Min: 0, Avg:  0.1, Max: 1, Diff: 1, Sum: 1, Workers: 8
[111.236s][debug][gc,phases         ] GC(2532)     Code Root Scan (ms):      Min:  0.0, Avg:  0.0, Max:  0.0, Diff:  0.0, Sum:  0.1, Workers: 8
[111.236s][debug][gc,phases         ] GC(2532)     Object Copy (ms):         Min:  0.0, Avg:  0.0, Max:  0.0, Diff:  0.0, Sum:  0.0, Workers: 8
[111.236s][debug][gc,phases         ] GC(2532)     Termination (ms):         Min:  0.0, Avg:  0.1, Max:  0.1, Diff:  0.1, Sum:  0.7, Workers: 8
[111.236s][debug][gc,phases         ] GC(2532)       Termination Attempts:     Min: 1, Avg:  1.0, Max: 1, Diff: 0, Sum: 8, Workers: 8
[111.236s][debug][gc,phases         ] GC(2532)     GC Worker Other (ms):     Min:  0.0, Avg:  0.0, Max:  0.1, Diff:  0.1, Sum:  0.4, Workers: 8
[111.236s][debug][gc,phases         ] GC(2532)     GC Worker Total (ms):     Min:  0.2, Avg:  0.4, Max:  0.5, Diff:  0.3, Sum:  3.4, Workers: 8
[111.236s][info ][gc,phases         ] GC(2532)   Post Evacuate Collection Set: 0.6ms
[111.236s][debug][gc,phases         ] GC(2532)     Code Roots Fixup: 0.0ms
[111.236s][debug][gc,phases         ] GC(2532)     Clear Card Table: 0.2ms
[111.236s][debug][gc,phases         ] GC(2532)     Reference Processing: 0.0ms
[111.236s][debug][gc,phases,ref     ] GC(2532)       Reconsider SoftReferences: 0.0ms
[111.236s][debug][gc,phases,ref     ] GC(2532)         SoftRef (ms):             skipped
[111.236s][debug][gc,phases,ref     ] GC(2532)       Notify Soft/WeakReferences: 0.0ms
[111.236s][debug][gc,phases,ref     ] GC(2532)         SoftRef (ms):             skipped
[111.236s][debug][gc,phases,ref     ] GC(2532)         WeakRef (ms):             skipped
[111.236s][debug][gc,phases,ref     ] GC(2532)         FinalRef (ms):            skipped
[111.236s][debug][gc,phases,ref     ] GC(2532)         Total (ms):               skipped
[111.236s][debug][gc,phases,ref     ] GC(2532)       Notify and keep alive finalizable: 0.0ms
[111.236s][debug][gc,phases,ref     ] GC(2532)         FinalRef (ms):            skipped
[111.236s][debug][gc,phases,ref     ] GC(2532)       Notify PhantomReferences: 0.0ms
[111.236s][debug][gc,phases,ref     ] GC(2532)         PhantomRef (ms):          skipped
[111.236s][debug][gc,phases,ref     ] GC(2532)       SoftReference:
[111.236s][debug][gc,phases,ref     ] GC(2532)         Discovered: 0
[111.236s][debug][gc,phases,ref     ] GC(2532)         Cleared: 0
[111.236s][debug][gc,phases,ref     ] GC(2532)       WeakReference:
[111.236s][debug][gc,phases,ref     ] GC(2532)         Discovered: 0
[111.236s][debug][gc,phases,ref     ] GC(2532)         Cleared: 0
[111.236s][debug][gc,phases,ref     ] GC(2532)       FinalReference:
[111.236s][debug][gc,phases,ref     ] GC(2532)         Discovered: 0
[111.236s][debug][gc,phases,ref     ] GC(2532)         Cleared: 0
[111.236s][debug][gc,phases,ref     ] GC(2532)       PhantomReference:
[111.236s][debug][gc,phases,ref     ] GC(2532)         Discovered: 0
[111.236s][debug][gc,phases,ref     ] GC(2532)         Cleared: 0
[111.236s][debug][gc,phases         ] GC(2532)     Weak Processing: 0.1ms
[111.236s][debug][gc,phases         ] GC(2532)       JVMTI weak processing: 0.0ms
[111.236s][debug][gc,phases         ] GC(2532)         Dead: 0
[111.236s][debug][gc,phases         ] GC(2532)         Total: 0
[111.236s][debug][gc,phases         ] GC(2532)       JFR weak processing: 0.0ms
[111.236s][debug][gc,phases         ] GC(2532)         Dead: 0
[111.236s][debug][gc,phases         ] GC(2532)         Total: 0
[111.236s][debug][gc,phases         ] GC(2532)       JNI weak                  Min:  0.0, Avg:  0.0, Max:  0.0, Diff:  0.0, Sum:  0.0, Workers: 5
[111.236s][debug][gc,phases         ] GC(2532)         Dead                      Min: 0, Avg:  0.0, Max: 0, Diff: 0, Sum: 0, Workers: 5
[111.236s][debug][gc,phases         ] GC(2532)         Total                     Min: 0, Avg: 20.4, Max: 102, Diff: 102, Sum: 102, Workers: 5
[111.236s][debug][gc,phases         ] GC(2532)       VM weak                   Min:  0.0, Avg:  0.0, Max:  0.0, Diff:  0.0, Sum:  0.0, Workers: 5
[111.236s][debug][gc,phases         ] GC(2532)         Dead                      Min: 0, Avg:  0.0, Max: 0, Diff: 0, Sum: 0, Workers: 5
[111.236s][debug][gc,phases         ] GC(2532)         Total                     Min: 0, Avg: 42.4, Max: 212, Diff: 212, Sum: 212, Workers: 5
[111.236s][debug][gc,phases         ] GC(2532)       StringTable weak          Min:  0.0, Avg:  0.0, Max:  0.0, Diff:  0.0, Sum:  0.0, Workers: 5
[111.236s][debug][gc,phases         ] GC(2532)         Dead                      Min: 0, Avg:  0.0, Max: 0, Diff: 0, Sum: 0, Workers: 5
[111.236s][debug][gc,phases         ] GC(2532)         Total                     Min: 0, Avg: 684.6, Max: 3168, Diff: 3168, Sum: 3423, Workers: 5
[111.236s][debug][gc,phases         ] GC(2532)       ResolvedMethodTable weak  Min:  0.0, Avg:  0.0, Max:  0.0, Diff:  0.0, Sum:  0.0, Workers: 5
[111.236s][debug][gc,phases         ] GC(2532)         Dead                      Min: 0, Avg:  0.0, Max: 0, Diff: 0, Sum: 0, Workers: 5
[111.236s][debug][gc,phases         ] GC(2532)         Total                     Min: 0, Avg: 114.6, Max: 189, Diff: 189, Sum: 573, Workers: 5
[111.236s][debug][gc,phases         ] GC(2532)     Merge Per-Thread State: 0.0ms
[111.236s][debug][gc,phases         ] GC(2532)       Copied Bytes              Min: 544, Avg: 500322.0, Max: 800536, Diff: 799992, Sum: 4002576, Workers: 8
[111.236s][debug][gc,phases         ] GC(2532)       LAB Waste                 Min: 0, Avg:  0.0, Max: 0, Diff: 0, Sum: 0, Workers: 8
[111.236s][debug][gc,phases         ] GC(2532)       LAB Undo Waste            Min: 0, Avg:  0.0, Max: 0, Diff: 0, Sum: 0, Workers: 8
[111.236s][debug][gc,phases         ] GC(2532)     Code Roots Purge: 0.0ms
[111.236s][debug][gc,phases         ] GC(2532)     Redirty Cards: 0.0ms
[111.236s][debug][gc,phases         ] GC(2532)     DerivedPointerTable Update: 0.0ms
[111.236s][debug][gc,phases         ] GC(2532)     Free Collection Set: 0.2ms
[111.236s][debug][gc,phases         ] GC(2532)     Rebuild Free List: 0.1ms
[111.236s][debug][gc,phases         ] GC(2532)     Humongous Reclaim: 0.0ms
[111.236s][debug][gc,phases         ] GC(2532)     Start New Collection Set: 0.0ms
[111.236s][debug][gc,phases         ] GC(2532)     Resize TLABs: 0.0ms
[111.236s][debug][gc,phases         ] GC(2532)     Expand Heap After Collection: 0.0ms
[111.236s][info ][gc,phases         ] GC(2532)   Other: 0.3ms
[111.236s][info ][gc,heap           ] GC(2532) Eden regions: 770->0(770)
[111.236s][info ][gc,heap           ] GC(2532) Survivor regions: 5->5(97)
[111.236s][info ][gc,heap           ] GC(2532) Old regions: 18->18
[111.236s][info ][gc,heap           ] GC(2532) Archive regions: 2->2
[111.236s][info ][gc,heap           ] GC(2532) Humongous regions: 0->0
[111.236s][info ][gc,metaspace      ] GC(2532) Metaspace: 10016K(10624K)->10016K(10624K) NonClass: 8864K(9216K)->8864K(9216K) Class: 1152K(1408K)->1152K(1408K)
[111.236s][debug][gc,heap           ] GC(2532) Heap after GC invocations=2533 (full 1): garbage-first heap   total 1324032K, used 23581K [0x0000000700000000, 0x0000000800000000)
[111.236s][debug][gc,heap           ] GC(2532)   region size 1024K, 5 young (5120K), 5 survivors (5120K)
[111.236s][debug][gc,heap           ] GC(2532)  Metaspace       used 10016K, capacity 10304K, committed 10624K, reserved 1058816K
[111.236s][debug][gc,heap           ] GC(2532)   class space    used 1152K, capacity 1266K, committed 1408K, reserved 1048576K
[111.236s][info ][gc                ] GC(2532) Pause Young (Normal) (G1 Evacuation Pause) 792M->23M(1293M) 2.170ms
[111.236s][info ][gc,cpu            ] GC(2532) User=0.00s Sys=0.00s Real=0.00s
[111.236s][info ][safepoint         ] Safepoint "G1CollectForAllocation", Time since last: 37612426 ns, Reaching safepoint: 168403 ns, At safepoint: 2416946 ns, Total: 2585349 ns
[111.274s][debug][gc,heap           ] GC(2533) Heap before GC invocations=2533 (full 1): garbage-first heap   total 1324032K, used 811037K [0x0000000700000000, 0x0000000800000000)
[111.274s][debug][gc,heap           ] GC(2533)   region size 1024K, 775 young (793600K), 5 survivors (5120K)
[111.274s][debug][gc,heap           ] GC(2533)  Metaspace       used 10016K, capacity 10304K, committed 10624K, reserved 1058816K
[111.275s][debug][gc,heap           ] GC(2533)   class space    used 1152K, capacity 1266K, committed 1408K, reserved 1048576K
[111.275s][info ][gc,start          ] GC(2533) Pause Young (Normal) (G1 Evacuation Pause)
[111.275s][info ][gc,task           ] GC(2533) Using 8 workers of 8 for evacuation
[111.275s][debug][gc,tlab           ] GC(2533) TLAB totals: thrds: 8  refills: 13 max: 2 slow allocs: 1534 max 212 waste: 27.7% gc: 1083400B max: 228336B slow: 56752B max: 14304B fast: 0B max: 0B
[111.275s][debug][gc,age            ] GC(2533) Desired survivor size 50855936 bytes, new threshold 15 (max threshold 15)
[111.275s][debug][gc,alloc,region   ] GC(2533) Mutator Allocation stats, regions: 770, wasted size: 180M (23.4%)
[111.275s][debug][gc,ergo           ] GC(2533) Running G1 Merge Heap Roots using 8 workers for 775 regions
[111.275s][debug][gc,remset         ] GC(2533) Visited cards 512 Total dirty 4096 (12.50%) Total old 3215360 (0.02%)
[111.275s][debug][gc,ergo           ] GC(2533) Running G1 Clear Card Table Task using 2 workers for 2 units of work for 777 regions.
[111.276s][debug][gc,ref            ] GC(2533) Skipped phase1 of Reference Processing due to unavailable references
[111.276s][debug][gc,ref            ] GC(2533) Skipped phase2 of Reference Processing due to unavailable references
[111.276s][debug][gc,ref            ] GC(2533) Skipped phase3 of Reference Processing due to unavailable references
[111.276s][debug][gc,ref            ] GC(2533) Skipped phase4 of Reference Processing due to unavailable references
[111.276s][debug][gc,ergo           ] GC(2533) Running G1 Free Collection Set using 8 workers for collection set length 775 (1293)
[111.276s][debug][gc,ergo           ] GC(2533) Running G1 Rebuild Free List Task using 8 workers for rebuilding free list of 0 (4096) regions
[111.276s][trace][gc,age            ] GC(2533) Age table with threshold 15 (max threshold 15)
[111.276s][trace][gc,age            ] GC(2533) - age   1:    2402544 bytes,    2402544 total
[111.276s][debug][gc,plab           ] GC(2533) Young PLAB allocation: allocated: 14448B, wasted: 0B, unused: 12000B, used: 2448B, undo waste: 0B, 
[111.276s][debug][gc,plab           ] GC(2533) Young other allocation: region end waste: 482640B, regions filled: 3, direct allocated: 2400096B, failure used: 0B, failure wasted: 0B
[111.276s][debug][gc,plab           ] GC(2533) Young sizing: calculated: 0B, actual: 2064B
[111.276s][debug][gc,plab           ] GC(2533) Old PLAB allocation: allocated: 0B, wasted: 0B, unused: 0B, used: 0B, undo waste: 0B, 
[111.276s][debug][gc,plab           ] GC(2533) Old other allocation: region end waste: 0B, regions filled: 1, direct allocated: 0B, failure used: 0B, failure wasted: 0B
[111.276s][debug][gc,plab           ] GC(2533) Old sizing: calculated: 0B, actual: 2064B
[111.276s][debug][gc,ihop           ] GC(2533) Basic information (value update), threshold: 610113945B (45.00), target occupancy: 1355808768B, current occupancy: 22044448B, recent allocation size: 0B, recent allocation duration: 39.19ms, recent old gen allocation rate: 0.00B/s, recent marking phase length: 30.68ms
[111.276s][debug][gc,ihop           ] GC(2533) Adaptive IHOP information (value update), threshold: 610113945B (47.37), internal target occupancy: 1288018329B, occupancy: 22044448B, additional buffer size: 812646400B, predicted old gen allocation rate: 36.12B/s, predicted marking phase length: 61.36ms, prediction active: false
[111.276s][debug][gc,ergo,refine    ] GC(2533) Concurrent refinement times: Logged Cards Scan time goal: 20.00ms Logged Cards Scan time: 0.00ms HCC time: 0.00ms
[111.276s][debug][gc,ergo,refine    ] GC(2533) Updated Refinement Zones: green: 2048, yellow: 6144, red: 10240
[111.276s][info ][gc,phases         ] GC(2533)   Pre Evacuate Collection Set: 0.1ms
[111.276s][debug][gc,phases         ] GC(2533)     Prepare TLABs: 0.0ms
[111.276s][debug][gc,phases         ] GC(2533)     Choose Collection Set: 0.0ms
[111.276s][debug][gc,phases         ] GC(2533)     Region Register: 0.1ms
[111.276s][debug][gc,phases         ] GC(2533)     Prepare Heap Roots: 0.0ms
[111.276s][info ][gc,phases         ] GC(2533)   Merge Heap Roots: 0.1ms
[111.276s][debug][gc,phases         ] GC(2533)     Prepare Merge Heap Roots: 0.0ms
[111.276s][debug][gc,phases         ] GC(2533)     Eager Reclaim (ms):       skipped
[111.276s][debug][gc,phases         ] GC(2533)     Remembered Sets (ms):     Min:  0.0, Avg:  0.0, Max:  0.0, Diff:  0.0, Sum:  0.2, Workers: 8
[111.276s][debug][gc,phases         ] GC(2533)       Merged Sparse:            Min: 0, Avg:  0.0, Max: 0, Diff: 0, Sum: 0, Workers: 8
[111.276s][debug][gc,phases         ] GC(2533)       Merged Fine:              Min: 0, Avg:  0.0, Max: 0, Diff: 0, Sum: 0, Workers: 8
[111.276s][debug][gc,phases         ] GC(2533)       Merged Coarse:            Min: 0, Avg:  0.0, Max: 0, Diff: 0, Sum: 0, Workers: 8
[111.276s][debug][gc,phases         ] GC(2533)       Dirty Cards:              Min: 0, Avg:  0.0, Max: 0, Diff: 0, Sum: 0, Workers: 8
[111.276s][debug][gc,phases         ] GC(2533)     Hot Card Cache (ms):      Min:  0.0, Avg:  0.0, Max:  0.0, Diff:  0.0, Sum:  0.0, Workers: 8
[111.276s][debug][gc,phases         ] GC(2533)       Dirty Cards:              Min: 0, Avg:  0.0, Max: 0, Diff: 0, Sum: 0, Workers: 8
[111.276s][debug][gc,phases         ] GC(2533)       Skipped Cards:            Min: 0, Avg:  0.0, Max: 0, Diff: 0, Sum: 0, Workers: 8
[111.276s][debug][gc,phases         ] GC(2533)     Log Buffers (ms):         Min:  0.0, Avg:  0.0, Max:  0.0, Diff:  0.0, Sum:  0.0, Workers: 8
[111.276s][debug][gc,phases         ] GC(2533)       Dirty Cards:              Min: 0, Avg:  0.2, Max: 1, Diff: 1, Sum: 2, Workers: 8
[111.276s][debug][gc,phases         ] GC(2533)       Skipped Cards:            Min: 0, Avg:  0.0, Max: 0, Diff: 0, Sum: 0, Workers: 8
[111.277s][info ][gc,phases         ] GC(2533)   Evacuate Collection Set: 0.4ms
[111.277s][debug][gc,phases         ] GC(2533)     Ext Root Scanning (ms):   Min:  0.0, Avg:  0.2, Max:  0.2, Diff:  0.2, Sum:  1.4, Workers: 8
[111.277s][debug][gc,phases         ] GC(2533)     Scan Heap Roots (ms):     Min:  0.0, Avg:  0.0, Max:  0.0, Diff:  0.0, Sum:  0.0, Workers: 8
[111.277s][debug][gc,phases         ] GC(2533)       Scanned Cards:            Min: 0, Avg:  0.2, Max: 2, Diff: 2, Sum: 2, Workers: 8
[111.277s][debug][gc,phases         ] GC(2533)       Scanned Blocks:           Min: 0, Avg:  0.2, Max: 2, Diff: 2, Sum: 2, Workers: 8
[111.277s][debug][gc,phases         ] GC(2533)       Claimed Chunks:           Min: 0, Avg:  0.2, Max: 2, Diff: 2, Sum: 2, Workers: 8
[111.277s][debug][gc,phases         ] GC(2533)     Code Root Scan (ms):      Min:  0.0, Avg:  0.0, Max:  0.0, Diff:  0.0, Sum:  0.1, Workers: 8
[111.277s][debug][gc,phases         ] GC(2533)     Object Copy (ms):         Min:  0.0, Avg:  0.0, Max:  0.0, Diff:  0.0, Sum:  0.0, Workers: 8
[111.277s][debug][gc,phases         ] GC(2533)     Termination (ms):         Min:  0.0, Avg:  0.1, Max:  0.1, Diff:  0.1, Sum:  0.5, Workers: 8
[111.277s][debug][gc,phases         ] GC(2533)       Termination Attempts:     Min: 1, Avg:  1.0, Max: 1, Diff: 0, Sum: 8, Workers: 8
[111.277s][debug][gc,phases         ] GC(2533)     GC Worker Other (ms):     Min:  0.0, Avg:  0.0, Max:  0.1, Diff:  0.0, Sum:  0.4, Workers: 8
[111.277s][debug][gc,phases         ] GC(2533)     GC Worker Total (ms):     Min:  0.0, Avg:  0.3, Max:  0.4, Diff:  0.3, Sum:  2.4, Workers: 8
[111.277s][info ][gc,phases         ] GC(2533)   Post Evacuate Collection Set: 0.7ms
[111.277s][debug][gc,phases         ] GC(2533)     Code Roots Fixup: 0.0ms
[111.277s][debug][gc,phases         ] GC(2533)     Clear Card Table: 0.2ms
[111.277s][debug][gc,phases         ] GC(2533)     Reference Processing: 0.1ms
[111.277s][debug][gc,phases,ref     ] GC(2533)       Reconsider SoftReferences: 0.0ms
[111.277s][debug][gc,phases,ref     ] GC(2533)         SoftRef (ms):             skipped
[111.277s][debug][gc,phases,ref     ] GC(2533)       Notify Soft/WeakReferences: 0.0ms
[111.277s][debug][gc,phases,ref     ] GC(2533)         SoftRef (ms):             skipped
[111.277s][debug][gc,phases,ref     ] GC(2533)         WeakRef (ms):             skipped
[111.277s][debug][gc,phases,ref     ] GC(2533)         FinalRef (ms):            skipped
[111.277s][debug][gc,phases,ref     ] GC(2533)         Total (ms):               skipped
[111.278s][debug][gc,phases,ref     ] GC(2533)       Notify and keep alive finalizable: 0.0ms
[111.278s][debug][gc,phases,ref     ] GC(2533)         FinalRef (ms):            skipped
[111.278s][debug][gc,phases,ref     ] GC(2533)       Notify PhantomReferences: 0.0ms
[111.278s][debug][gc,phases,ref     ] GC(2533)         PhantomRef (ms):          skipped
[111.278s][debug][gc,phases,ref     ] GC(2533)       SoftReference:
[111.278s][debug][gc,phases,ref     ] GC(2533)         Discovered: 0
[111.278s][debug][gc,phases,ref     ] GC(2533)         Cleared: 0
[111.278s][debug][gc,phases,ref     ] GC(2533)       WeakReference:
[111.278s][debug][gc,phases,ref     ] GC(2533)         Discovered: 0
[111.278s][debug][gc,phases,ref     ] GC(2533)         Cleared: 0
[111.278s][debug][gc,phases,ref     ] GC(2533)       FinalReference:
[111.278s][debug][gc,phases,ref     ] GC(2533)         Discovered: 0
[111.278s][debug][gc,phases,ref     ] GC(2533)         Cleared: 0
[111.278s][debug][gc,phases,ref     ] GC(2533)       PhantomReference:
[111.278s][debug][gc,phases,ref     ] GC(2533)         Discovered: 0
[111.278s][debug][gc,phases,ref     ] GC(2533)         Cleared: 0
[111.278s][debug][gc,phases         ] GC(2533)     Weak Processing: 0.0ms
[111.278s][debug][gc,phases         ] GC(2533)       JVMTI weak processing: 0.0ms
[111.278s][debug][gc,phases         ] GC(2533)         Dead: 0
[111.278s][debug][gc,phases         ] GC(2533)         Total: 0
[111.278s][debug][gc,phases         ] GC(2533)       JFR weak processing: 0.0ms
[111.278s][debug][gc,phases         ] GC(2533)         Dead: 0
[111.278s][debug][gc,phases         ] GC(2533)         Total: 0
[111.278s][debug][gc,phases         ] GC(2533)       JNI weak                  Min:  0.0, Avg:  0.0, Max:  0.0, Diff:  0.0, Sum:  0.0, Workers: 5
[111.278s][debug][gc,phases         ] GC(2533)         Dead                      Min: 0, Avg:  0.0, Max: 0, Diff: 0, Sum: 0, Workers: 5
[111.278s][debug][gc,phases         ] GC(2533)         Total                     Min: 0, Avg: 20.4, Max: 62, Diff: 62, Sum: 102, Workers: 5
[111.278s][debug][gc,phases         ] GC(2533)       VM weak                   Min:  0.0, Avg:  0.0, Max:  0.0, Diff:  0.0, Sum:  0.0, Workers: 5
[111.278s][debug][gc,phases         ] GC(2533)         Dead                      Min: 0, Avg:  0.0, Max: 0, Diff: 0, Sum: 0, Workers: 5
[111.278s][debug][gc,phases         ] GC(2533)         Total                     Min: 0, Avg: 42.4, Max: 64, Diff: 64, Sum: 212, Workers: 5
[111.278s][debug][gc,phases         ] GC(2533)       StringTable weak          Min:  0.0, Avg:  0.0, Max:  0.0, Diff:  0.0, Sum:  0.1, Workers: 5
[111.278s][debug][gc,phases         ] GC(2533)         Dead                      Min: 0, Avg:  0.0, Max: 0, Diff: 0, Sum: 0, Workers: 5
[111.278s][debug][gc,phases         ] GC(2533)         Total                     Min: 608, Avg: 684.6, Max: 768, Diff: 160, Sum: 3423, Workers: 5
[111.278s][debug][gc,phases         ] GC(2533)       ResolvedMethodTable weak  Min:  0.0, Avg:  0.0, Max:  0.0, Diff:  0.0, Sum:  0.0, Workers: 5
[111.278s][debug][gc,phases         ] GC(2533)         Dead                      Min: 0, Avg:  0.0, Max: 0, Diff: 0, Sum: 0, Workers: 5
[111.278s][debug][gc,phases         ] GC(2533)         Total                     Min: 64, Avg: 114.6, Max: 128, Diff: 64, Sum: 573, Workers: 5
[111.278s][debug][gc,phases         ] GC(2533)     Merge Per-Thread State: 0.0ms
[111.278s][debug][gc,phases         ] GC(2533)       Copied Bytes              Min: 0, Avg: 300318.0, Max: 400976, Diff: 400976, Sum: 2402544, Workers: 8
[111.278s][debug][gc,phases         ] GC(2533)       LAB Waste                 Min: 0, Avg:  0.0, Max: 0, Diff: 0, Sum: 0, Workers: 8
[111.278s][debug][gc,phases         ] GC(2533)       LAB Undo Waste            Min: 0, Avg:  0.0, Max: 0, Diff: 0, Sum: 0, Workers: 8
[111.278s][debug][gc,phases         ] GC(2533)     Code Roots Purge: 0.0ms
[111.278s][debug][gc,phases         ] GC(2533)     Redirty Cards: 0.0ms
[111.278s][debug][gc,phases         ] GC(2533)     DerivedPointerTable Update: 0.0ms
[111.278s][debug][gc,phases         ] GC(2533)     Free Collection Set: 0.2ms
[111.278s][debug][gc,phases         ] GC(2533)     Rebuild Free List: 0.1ms
[111.278s][debug][gc,phases         ] GC(2533)     Humongous Reclaim: 0.0ms
[111.278s][debug][gc,phases         ] GC(2533)     Start New Collection Set: 0.0ms
[111.278s][debug][gc,phases         ] GC(2533)     Resize TLABs: 0.0ms
[111.278s][debug][gc,phases         ] GC(2533)     Expand Heap After Collection: 0.0ms
[111.278s][info ][gc,phases         ] GC(2533)   Other: 0.5ms
[111.278s][info ][gc,heap           ] GC(2533) Eden regions: 770->0(772)
[111.278s][info ][gc,heap           ] GC(2533) Survivor regions: 5->3(97)
[111.278s][info ][gc,heap           ] GC(2533) Old regions: 18->18
[111.278s][info ][gc,heap           ] GC(2533) Archive regions: 2->2
[111.278s][info ][gc,heap           ] GC(2533) Humongous regions: 0->0
[111.278s][info ][gc,metaspace      ] GC(2533) Metaspace: 10016K(10624K)->10016K(10624K) NonClass: 8864K(9216K)->8864K(9216K) Class: 1152K(1408K)->1152K(1408K)
[111.278s][debug][gc,heap           ] GC(2533) Heap after GC invocations=2534 (full 1): garbage-first heap   total 1324032K, used 21527K [0x0000000700000000, 0x0000000800000000)
[111.278s][debug][gc,heap           ] GC(2533)   region size 1024K, 3 young (3072K), 3 survivors (3072K)
[111.278s][debug][gc,heap           ] GC(2533)  Metaspace       used 10016K, capacity 10304K, committed 10624K, reserved 1058816K
[111.278s][debug][gc,heap           ] GC(2533)   class space    used 1152K, capacity 1266K, committed 1408K, reserved 1048576K
[111.278s][info ][gc                ] GC(2533) Pause Young (Normal) (G1 Evacuation Pause) 792M->21M(1293M) 3.830ms
[111.278s][info ][gc,cpu            ] GC(2533) User=0.00s Sys=0.00s Real=0.00s
[111.279s][info ][safepoint         ] Safepoint "G1CollectForAllocation", Time since last: 37928378 ns, Reaching safepoint: 208322 ns, At safepoint: 4343775 ns, Total: 4552097 ns
[111.317s][debug][gc,heap           ] GC(2534) Heap before GC invocations=2534 (full 1): garbage-first heap   total 1324032K, used 811031K [0x0000000700000000, 0x0000000800000000)
[111.317s][debug][gc,heap           ] GC(2534)   region size 1024K, 775 young (793600K), 3 survivors (3072K)
[111.317s][debug][gc,heap           ] GC(2534)  Metaspace       used 10016K, capacity 10304K, committed 10624K, reserved 1058816K
[111.317s][debug][gc,heap           ] GC(2534)   class space    used 1152K, capacity 1266K, committed 1408K, reserved 1048576K
[111.317s][info ][gc,start          ] GC(2534) Pause Young (Normal) (G1 Evacuation Pause)
[111.317s][info ][gc,task           ] GC(2534) Using 8 workers of 8 for evacuation
[111.317s][debug][gc,tlab           ] GC(2534) TLAB totals: thrds: 8  refills: 15 max: 3 slow allocs: 1535 max 217 waste: 27.8% gc: 1082616B max: 240576B slow: 60912B max: 15096B fast: 0B max: 0B
[111.317s][debug][gc,age            ] GC(2534) Desired survivor size 50855936 bytes, new threshold 15 (max threshold 15)
[111.317s][debug][gc,alloc,region   ] GC(2534) Mutator Allocation stats, regions: 772, wasted size: 180M (23.4%)
[111.317s][debug][gc,ergo           ] GC(2534) Running G1 Merge Heap Roots using 8 workers for 775 regions
[111.317s][debug][gc,remset         ] GC(2534) Visited cards 256 Total dirty 2048 (12.50%) Total old 3215360 (0.01%)
[111.318s][debug][gc,ergo           ] GC(2534) Running G1 Clear Card Table Task using 2 workers for 2 units of work for 776 regions.
[111.318s][debug][gc,ref            ] GC(2534) Skipped phase1 of Reference Processing due to unavailable references
[111.318s][debug][gc,ref            ] GC(2534) Skipped phase2 of Reference Processing due to unavailable references
[111.318s][debug][gc,ref            ] GC(2534) Skipped phase3 of Reference Processing due to unavailable references
[111.318s][debug][gc,ref            ] GC(2534) Skipped phase4 of Reference Processing due to unavailable references
[111.318s][debug][gc,ergo           ] GC(2534) Running G1 Free Collection Set using 8 workers for collection set length 775 (1293)
[111.318s][debug][gc,ergo           ] GC(2534) Running G1 Rebuild Free List Task using 8 workers for rebuilding free list of 0 (4096) regions
[111.318s][trace][gc,age            ] GC(2534) Age table with threshold 15 (max threshold 15)
[111.318s][trace][gc,age            ] GC(2534) - age   1:    3202552 bytes,    3202552 total
[111.318s][debug][gc,plab           ] GC(2534) Young PLAB allocation: allocated: 14448B, wasted: 0B, unused: 12000B, used: 2448B, undo waste: 0B, 
[111.318s][debug][gc,plab           ] GC(2534) Young other allocation: region end waste: 733256B, regions filled: 4, direct allocated: 3200104B, failure used: 0B, failure wasted: 0B
[111.318s][debug][gc,plab           ] GC(2534) Young sizing: calculated: 0B, actual: 2064B
[111.318s][debug][gc,plab           ] GC(2534) Old PLAB allocation: allocated: 0B, wasted: 0B, unused: 0B, used: 0B, undo waste: 0B, 
[111.318s][debug][gc,plab           ] GC(2534) Old other allocation: region end waste: 0B, regions filled: 1, direct allocated: 0B, failure used: 0B, failure wasted: 0B
[111.318s][debug][gc,plab           ] GC(2534) Old sizing: calculated: 0B, actual: 2064B
[111.318s][debug][gc,ihop           ] GC(2534) Basic information (value update), threshold: 610113945B (45.00), target occupancy: 1355808768B, current occupancy: 23095072B, recent allocation size: 0B, recent allocation duration: 40.59ms, recent old gen allocation rate: 0.00B/s, recent marking phase length: 30.68ms
[111.318s][debug][gc,ihop           ] GC(2534) Adaptive IHOP information (value update), threshold: 610113945B (47.37), internal target occupancy: 1288018329B, occupancy: 23095072B, additional buffer size: 812646400B, predicted old gen allocation rate: 35.21B/s, predicted marking phase length: 61.36ms, prediction active: false
[111.318s][debug][gc,ergo,refine    ] GC(2534) Concurrent refinement times: Logged Cards Scan time goal: 20.00ms Logged Cards Scan time: 0.00ms HCC time: 0.00ms
[111.318s][debug][gc,ergo,refine    ] GC(2534) Updated Refinement Zones: green: 2048, yellow: 6144, red: 10240
[111.318s][info ][gc,phases         ] GC(2534)   Pre Evacuate Collection Set: 0.1ms
[111.318s][debug][gc,phases         ] GC(2534)     Prepare TLABs: 0.0ms
[111.318s][debug][gc,phases         ] GC(2534)     Choose Collection Set: 0.0ms
[111.318s][debug][gc,phases         ] GC(2534)     Region Register: 0.1ms
[111.318s][debug][gc,phases         ] GC(2534)     Prepare Heap Roots: 0.0ms
[111.318s][info ][gc,phases         ] GC(2534)   Merge Heap Roots: 0.2ms
[111.318s][debug][gc,phases         ] GC(2534)     Prepare Merge Heap Roots: 0.0ms
[111.318s][debug][gc,phases         ] GC(2534)     Eager Reclaim (ms):       skipped
[111.318s][debug][gc,phases         ] GC(2534)     Remembered Sets (ms):     Min:  0.0, Avg:  0.0, Max:  0.0, Diff:  0.0, Sum:  0.3, Workers: 8
[111.318s][debug][gc,phases         ] GC(2534)       Merged Sparse:            Min: 0, Avg:  0.0, Max: 0, Diff: 0, Sum: 0, Workers: 8
[111.318s][debug][gc,phases         ] GC(2534)       Merged Fine:              Min: 0, Avg:  0.0, Max: 0, Diff: 0, Sum: 0, Workers: 8
[111.318s][debug][gc,phases         ] GC(2534)       Merged Coarse:            Min: 0, Avg:  0.0, Max: 0, Diff: 0, Sum: 0, Workers: 8
[111.318s][debug][gc,phases         ] GC(2534)       Dirty Cards:              Min: 0, Avg:  0.0, Max: 0, Diff: 0, Sum: 0, Workers: 8
[111.318s][debug][gc,phases         ] GC(2534)     Hot Card Cache (ms):      Min:  0.0, Avg:  0.0, Max:  0.0, Diff:  0.0, Sum:  0.0, Workers: 8
[111.318s][debug][gc,phases         ] GC(2534)       Dirty Cards:              Min: 0, Avg:  0.0, Max: 0, Diff: 0, Sum: 0, Workers: 8
[111.318s][debug][gc,phases         ] GC(2534)       Skipped Cards:            Min: 0, Avg:  0.0, Max: 0, Diff: 0, Sum: 0, Workers: 8
[111.319s][debug][gc,phases         ] GC(2534)     Log Buffers (ms):         Min:  0.0, Avg:  0.0, Max:  0.0, Diff:  0.0, Sum:  0.0, Workers: 8
[111.319s][debug][gc,phases         ] GC(2534)       Dirty Cards:              Min: 0, Avg:  0.1, Max: 1, Diff: 1, Sum: 1, Workers: 8
[111.319s][debug][gc,phases         ] GC(2534)       Skipped Cards:            Min: 0, Avg:  0.0, Max: 0, Diff: 0, Sum: 0, Workers: 8
[111.319s][info ][gc,phases         ] GC(2534)   Evacuate Collection Set: 0.4ms
[111.319s][debug][gc,phases         ] GC(2534)     Ext Root Scanning (ms):   Min:  0.0, Avg:  0.2, Max:  0.3, Diff:  0.3, Sum:  1.4, Workers: 8
[111.319s][debug][gc,phases         ] GC(2534)     Scan Heap Roots (ms):     Min:  0.0, Avg:  0.0, Max:  0.0, Diff:  0.0, Sum:  0.0, Workers: 8
[111.319s][debug][gc,phases         ] GC(2534)       Scanned Cards:            Min: 0, Avg:  0.1, Max: 1, Diff: 1, Sum: 1, Workers: 8
[111.319s][debug][gc,phases         ] GC(2534)       Scanned Blocks:           Min: 0, Avg:  0.1, Max: 1, Diff: 1, Sum: 1, Workers: 8
[111.319s][debug][gc,phases         ] GC(2534)       Claimed Chunks:           Min: 0, Avg:  0.1, Max: 1, Diff: 1, Sum: 1, Workers: 8
[111.319s][debug][gc,phases         ] GC(2534)     Code Root Scan (ms):      Min:  0.0, Avg:  0.0, Max:  0.0, Diff:  0.0, Sum:  0.1, Workers: 8
[111.319s][debug][gc,phases         ] GC(2534)     Object Copy (ms):         Min:  0.0, Avg:  0.0, Max:  0.0, Diff:  0.0, Sum:  0.0, Workers: 8
[111.319s][debug][gc,phases         ] GC(2534)     Termination (ms):         Min:  0.0, Avg:  0.1, Max:  0.2, Diff:  0.2, Sum:  1.2, Workers: 8
[111.319s][debug][gc,phases         ] GC(2534)       Termination Attempts:     Min: 1, Avg:  1.2, Max: 2, Diff: 1, Sum: 10, Workers: 8
[111.319s][debug][gc,phases         ] GC(2534)     GC Worker Other (ms):     Min:  0.0, Avg:  0.0, Max:  0.1, Diff:  0.1, Sum:  0.4, Workers: 8
[111.319s][debug][gc,phases         ] GC(2534)     GC Worker Total (ms):     Min:  0.4, Avg:  0.4, Max:  0.4, Diff:  0.1, Sum:  3.2, Workers: 8
[111.319s][info ][gc,phases         ] GC(2534)   Post Evacuate Collection Set: 0.6ms
[111.319s][debug][gc,phases         ] GC(2534)     Code Roots Fixup: 0.0ms
[111.319s][debug][gc,phases         ] GC(2534)     Clear Card Table: 0.2ms
[111.319s][debug][gc,phases         ] GC(2534)     Reference Processing: 0.1ms
[111.319s][debug][gc,phases,ref     ] GC(2534)       Reconsider SoftReferences: 0.0ms
[111.319s][debug][gc,phases,ref     ] GC(2534)         SoftRef (ms):             skipped
[111.319s][debug][gc,phases,ref     ] GC(2534)       Notify Soft/WeakReferences: 0.0ms
[111.319s][debug][gc,phases,ref     ] GC(2534)         SoftRef (ms):             skipped
[111.319s][debug][gc,phases,ref     ] GC(2534)         WeakRef (ms):             skipped
[111.319s][debug][gc,phases,ref     ] GC(2534)         FinalRef (ms):            skipped
[111.319s][debug][gc,phases,ref     ] GC(2534)         Total (ms):               skipped
[111.319s][debug][gc,phases,ref     ] GC(2534)       Notify and keep alive finalizable: 0.0ms
[111.319s][debug][gc,phases,ref     ] GC(2534)         FinalRef (ms):            skipped
[111.319s][debug][gc,phases,ref     ] GC(2534)       Notify PhantomReferences: 0.0ms
[111.319s][debug][gc,phases,ref     ] GC(2534)         PhantomRef (ms):          skipped
[111.319s][debug][gc,phases,ref     ] GC(2534)       SoftReference:
[111.319s][debug][gc,phases,ref     ] GC(2534)         Discovered: 0
[111.319s][debug][gc,phases,ref     ] GC(2534)         Cleared: 0
[111.319s][debug][gc,phases,ref     ] GC(2534)       WeakReference:
[111.319s][debug][gc,phases,ref     ] GC(2534)         Discovered: 0
[111.319s][debug][gc,phases,ref     ] GC(2534)         Cleared: 0
[111.319s][debug][gc,phases,ref     ] GC(2534)       FinalReference:
[111.319s][debug][gc,phases,ref     ] GC(2534)         Discovered: 0
[111.319s][debug][gc,phases,ref     ] GC(2534)         Cleared: 0
[111.319s][debug][gc,phases,ref     ] GC(2534)       PhantomReference:
[111.319s][debug][gc,phases,ref     ] GC(2534)         Discovered: 0
[111.319s][debug][gc,phases,ref     ] GC(2534)         Cleared: 0
[111.319s][debug][gc,phases         ] GC(2534)     Weak Processing: 0.0ms
[111.319s][debug][gc,phases         ] GC(2534)       JVMTI weak processing: 0.0ms
[111.319s][debug][gc,phases         ] GC(2534)         Dead: 0
[111.319s][debug][gc,phases         ] GC(2534)         Total: 0
[111.319s][debug][gc,phases         ] GC(2534)       JFR weak processing: 0.0ms
[111.319s][debug][gc,phases         ] GC(2534)         Dead: 0
[111.319s][debug][gc,phases         ] GC(2534)         Total: 0
[111.319s][debug][gc,phases         ] GC(2534)       JNI weak                  Min:  0.0, Avg:  0.0, Max:  0.0, Diff:  0.0, Sum:  0.0, Workers: 5
[111.319s][debug][gc,phases         ] GC(2534)         Dead                      Min: 0, Avg:  0.0, Max: 0, Diff: 0, Sum: 0, Workers: 5
[111.319s][debug][gc,phases         ] GC(2534)         Total                     Min: 0, Avg: 20.4, Max: 62, Diff: 62, Sum: 102, Workers: 5
[111.319s][debug][gc,phases         ] GC(2534)       VM weak                   Min:  0.0, Avg:  0.0, Max:  0.0, Diff:  0.0, Sum:  0.0, Workers: 5
[111.319s][debug][gc,phases         ] GC(2534)         Dead                      Min: 0, Avg:  0.0, Max: 0, Diff: 0, Sum: 0, Workers: 5
[111.319s][debug][gc,phases         ] GC(2534)         Total                     Min: 0, Avg: 42.4, Max: 84, Diff: 84, Sum: 212, Workers: 5
[111.319s][debug][gc,phases         ] GC(2534)       StringTable weak          Min:  0.0, Avg:  0.0, Max:  0.0, Diff:  0.0, Sum:  0.0, Workers: 5
[111.319s][debug][gc,phases         ] GC(2534)         Dead                      Min: 0, Avg:  0.0, Max: 0, Diff: 0, Sum: 0, Workers: 5
[111.319s][debug][gc,phases         ] GC(2534)         Total                     Min: 575, Avg: 684.6, Max: 896, Diff: 321, Sum: 3423, Workers: 5
[111.319s][debug][gc,phases         ] GC(2534)       ResolvedMethodTable weak  Min:  0.0, Avg:  0.0, Max:  0.0, Diff:  0.0, Sum:  0.0, Workers: 5
[111.319s][debug][gc,phases         ] GC(2534)         Dead                      Min: 0, Avg:  0.0, Max: 0, Diff: 0, Sum: 0, Workers: 5
[111.319s][debug][gc,phases         ] GC(2534)         Total                     Min: 61, Avg: 114.6, Max: 128, Diff: 67, Sum: 573, Workers: 5
[111.319s][debug][gc,phases         ] GC(2534)     Merge Per-Thread State: 0.0ms
[111.319s][debug][gc,phases         ] GC(2534)       Copied Bytes              Min: 0, Avg: 400319.0, Max: 800392, Diff: 800392, Sum: 3202552, Workers: 8
[111.319s][debug][gc,phases         ] GC(2534)       LAB Waste                 Min: 0, Avg:  0.0, Max: 0, Diff: 0, Sum: 0, Workers: 8
[111.319s][debug][gc,phases         ] GC(2534)       LAB Undo Waste            Min: 0, Avg:  0.0, Max: 0, Diff: 0, Sum: 0, Workers: 8
[111.319s][debug][gc,phases         ] GC(2534)     Code Roots Purge: 0.0ms
[111.319s][debug][gc,phases         ] GC(2534)     Redirty Cards: 0.0ms
[111.319s][debug][gc,phases         ] GC(2534)     DerivedPointerTable Update: 0.0ms
[111.319s][debug][gc,phases         ] GC(2534)     Free Collection Set: 0.2ms
[111.319s][debug][gc,phases         ] GC(2534)     Rebuild Free List: 0.1ms
[111.319s][debug][gc,phases         ] GC(2534)     Humongous Reclaim: 0.0ms
[111.319s][debug][gc,phases         ] GC(2534)     Start New Collection Set: 0.0ms
[111.319s][debug][gc,phases         ] GC(2534)     Resize TLABs: 0.0ms
[111.319s][debug][gc,phases         ] GC(2534)     Expand Heap After Collection: 0.0ms
[111.319s][info ][gc,phases         ] GC(2534)   Other: 0.5ms
[111.319s][info ][gc,heap           ] GC(2534) Eden regions: 772->0(771)
[111.319s][info ][gc,heap           ] GC(2534) Survivor regions: 3->4(97)
[111.319s][info ][gc,heap           ] GC(2534) Old regions: 18->18
[111.319s][info ][gc,heap           ] GC(2534) Archive regions: 2->2
[111.319s][info ][gc,heap           ] GC(2534) Humongous regions: 0->0
[111.319s][info ][gc,metaspace      ] GC(2534) Metaspace: 10016K(10624K)->10016K(10624K) NonClass: 8864K(9216K)->8864K(9216K) Class: 1152K(1408K)->1152K(1408K)
[111.319s][debug][gc,heap           ] GC(2534) Heap after GC invocations=2535 (full 1): garbage-first heap   total 1324032K, used 22553K [0x0000000700000000, 0x0000000800000000)
[111.319s][debug][gc,heap           ] GC(2534)   region size 1024K, 4 young (4096K), 4 survivors (4096K)
[111.319s][debug][gc,heap           ] GC(2534)  Metaspace       used 10016K, capacity 10304K, committed 10624K, reserved 1058816K
[111.319s][debug][gc,heap           ] GC(2534)   class space    used 1152K, capacity 1266K, committed 1408K, reserved 1048576K
[111.319s][info ][gc                ] GC(2534) Pause Young (Normal) (G1 Evacuation Pause) 792M->22M(1293M) 2.490ms
[111.319s][info ][gc,cpu            ] GC(2534) User=0.00s Sys=0.00s Real=0.00s
[111.319s][info ][safepoint         ] Safepoint "G1CollectForAllocation", Time since last: 37564044 ns, Reaching safepoint: 224353 ns, At safepoint: 2936057 ns, Total: 3160410 ns
[111.358s][debug][gc,heap           ] GC(2535) Heap before GC invocations=2535 (full 1): garbage-first heap   total 1324032K, used 811033K [0x0000000700000000, 0x0000000800000000)
[111.358s][debug][gc,heap           ] GC(2535)   region size 1024K, 775 young (793600K), 4 survivors (4096K)
[111.358s][debug][gc,heap           ] GC(2535)  Metaspace       used 10016K, capacity 10304K, committed 10624K, reserved 1058816K
[111.358s][debug][gc,heap           ] GC(2535)   class space    used 1152K, capacity 1266K, committed 1408K, reserved 1048576K
[111.358s][info ][gc,start          ] GC(2535) Pause Young (Normal) (G1 Evacuation Pause)
[111.358s][info ][gc,task           ] GC(2535) Using 8 workers of 8 for evacuation
[111.358s][debug][gc,tlab           ] GC(2535) TLAB totals: thrds: 8  refills: 16 max: 3 slow allocs: 1534 max 210 waste: 31.9% gc: 1317696B max: 246024B slow: 73888B max: 15488B fast: 0B max: 0B
[111.358s][debug][gc,age            ] GC(2535) Desired survivor size 50855936 bytes, new threshold 15 (max threshold 15)
[111.358s][debug][gc,alloc,region   ] GC(2535) Mutator Allocation stats, regions: 771, wasted size: 180M (23.4%)
[111.358s][debug][gc,ergo           ] GC(2535) Running G1 Merge Heap Roots using 8 workers for 775 regions
[111.358s][debug][gc,remset         ] GC(2535) Visited cards 512 Total dirty 4096 (12.50%) Total old 3215360 (0.02%)
[111.359s][debug][gc,ergo           ] GC(2535) Running G1 Clear Card Table Task using 2 workers for 2 units of work for 777 regions.
[111.359s][debug][gc,ref            ] GC(2535) Skipped phase1 of Reference Processing due to unavailable references
[111.359s][debug][gc,ref            ] GC(2535) Skipped phase2 of Reference Processing due to unavailable references
[111.359s][debug][gc,ref            ] GC(2535) Skipped phase3 of Reference Processing due to unavailable references
[111.359s][debug][gc,ref            ] GC(2535) Skipped phase4 of Reference Processing due to unavailable references
[111.359s][debug][gc,ergo           ] GC(2535) Running G1 Free Collection Set using 8 workers for collection set length 775 (1293)
[111.359s][debug][gc,ergo           ] GC(2535) Running G1 Rebuild Free List Task using 8 workers for rebuilding free list of 0 (4096) regions
[111.359s][trace][gc,age            ] GC(2535) Age table with threshold 15 (max threshold 15)
[111.359s][trace][gc,age            ] GC(2535) - age   1:    2402544 bytes,    2402544 total
[111.359s][debug][gc,plab           ] GC(2535) Young PLAB allocation: allocated: 16512B, wasted: 0B, unused: 14064B, used: 2448B, undo waste: 0B, 
[111.359s][debug][gc,plab           ] GC(2535) Young other allocation: region end waste: 480576B, regions filled: 3, direct allocated: 2400096B, failure used: 0B, failure wasted: 0B
[111.359s][debug][gc,plab           ] GC(2535) Young sizing: calculated: 0B, actual: 2064B
[111.359s][debug][gc,plab           ] GC(2535) Old PLAB allocation: allocated: 0B, wasted: 0B, unused: 0B, used: 0B, undo waste: 0B, 
[111.359s][debug][gc,plab           ] GC(2535) Old other allocation: region end waste: 0B, regions filled: 1, direct allocated: 0B, failure used: 0B, failure wasted: 0B
[111.359s][debug][gc,plab           ] GC(2535) Old sizing: calculated: 0B, actual: 2064B
[111.359s][debug][gc,ihop           ] GC(2535) Basic information (value update), threshold: 610113945B (45.00), target occupancy: 1355808768B, current occupancy: 22044448B, recent allocation size: 0B, recent allocation duration: 39.68ms, recent old gen allocation rate: 0.00B/s, recent marking phase length: 30.68ms
[111.359s][debug][gc,ihop           ] GC(2535) Adaptive IHOP information (value update), threshold: 610113945B (47.37), internal target occupancy: 1288018329B, occupancy: 22044448B, additional buffer size: 812646400B, predicted old gen allocation rate: 34.32B/s, predicted marking phase length: 61.36ms, prediction active: false
[111.359s][debug][gc,ergo,refine    ] GC(2535) Concurrent refinement times: Logged Cards Scan time goal: 20.00ms Logged Cards Scan time: 0.00ms HCC time: 0.00ms
[111.359s][debug][gc,ergo,refine    ] GC(2535) Updated Refinement Zones: green: 2048, yellow: 6144, red: 10240
[111.359s][info ][gc,phases         ] GC(2535)   Pre Evacuate Collection Set: 0.1ms
[111.359s][debug][gc,phases         ] GC(2535)     Prepare TLABs: 0.0ms
[111.359s][debug][gc,phases         ] GC(2535)     Choose Collection Set: 0.0ms
[111.359s][debug][gc,phases         ] GC(2535)     Region Register: 0.1ms
[111.359s][debug][gc,phases         ] GC(2535)     Prepare Heap Roots: 0.0ms
[111.359s][info ][gc,phases         ] GC(2535)   Merge Heap Roots: 0.1ms
[111.359s][debug][gc,phases         ] GC(2535)     Prepare Merge Heap Roots: 0.0ms
[111.359s][debug][gc,phases         ] GC(2535)     Eager Reclaim (ms):       skipped
[111.359s][debug][gc,phases         ] GC(2535)     Remembered Sets (ms):     Min:  0.0, Avg:  0.0, Max:  0.0, Diff:  0.0, Sum:  0.2, Workers: 8
[111.359s][debug][gc,phases         ] GC(2535)       Merged Sparse:            Min: 0, Avg:  0.0, Max: 0, Diff: 0, Sum: 0, Workers: 8
[111.359s][debug][gc,phases         ] GC(2535)       Merged Fine:              Min: 0, Avg:  0.0, Max: 0, Diff: 0, Sum: 0, Workers: 8
[111.359s][debug][gc,phases         ] GC(2535)       Merged Coarse:            Min: 0, Avg:  0.0, Max: 0, Diff: 0, Sum: 0, Workers: 8
[111.359s][debug][gc,phases         ] GC(2535)       Dirty Cards:              Min: 0, Avg:  0.0, Max: 0, Diff: 0, Sum: 0, Workers: 8
[111.359s][debug][gc,phases         ] GC(2535)     Hot Card Cache (ms):      Min:  0.0, Avg:  0.0, Max:  0.0, Diff:  0.0, Sum:  0.0, Workers: 8
[111.359s][debug][gc,phases         ] GC(2535)       Dirty Cards:              Min: 0, Avg:  0.0, Max: 0, Diff: 0, Sum: 0, Workers: 8
[111.359s][debug][gc,phases         ] GC(2535)       Skipped Cards:            Min: 0, Avg:  0.0, Max: 0, Diff: 0, Sum: 0, Workers: 8
[111.359s][debug][gc,phases         ] GC(2535)     Log Buffers (ms):         Min:  0.0, Avg:  0.0, Max:  0.0, Diff:  0.0, Sum:  0.0, Workers: 8
[111.359s][debug][gc,phases         ] GC(2535)       Dirty Cards:              Min: 0, Avg:  0.2, Max: 2, Diff: 2, Sum: 2, Workers: 8
[111.360s][debug][gc,phases         ] GC(2535)       Skipped Cards:            Min: 0, Avg:  0.0, Max: 0, Diff: 0, Sum: 0, Workers: 8
[111.360s][info ][gc,phases         ] GC(2535)   Evacuate Collection Set: 0.3ms
[111.360s][debug][gc,phases         ] GC(2535)     Ext Root Scanning (ms):   Min:  0.1, Avg:  0.2, Max:  0.2, Diff:  0.2, Sum:  1.3, Workers: 8
[111.360s][debug][gc,phases         ] GC(2535)     Scan Heap Roots (ms):     Min:  0.0, Avg:  0.0, Max:  0.0, Diff:  0.0, Sum:  0.0, Workers: 8
[111.360s][debug][gc,phases         ] GC(2535)       Scanned Cards:            Min: 0, Avg:  0.2, Max: 2, Diff: 2, Sum: 2, Workers: 8
[111.360s][debug][gc,phases         ] GC(2535)       Scanned Blocks:           Min: 0, Avg:  0.2, Max: 2, Diff: 2, Sum: 2, Workers: 8
[111.360s][debug][gc,phases         ] GC(2535)       Claimed Chunks:           Min: 0, Avg:  0.2, Max: 2, Diff: 2, Sum: 2, Workers: 8
[111.360s][debug][gc,phases         ] GC(2535)     Code Root Scan (ms):      Min:  0.0, Avg:  0.0, Max:  0.0, Diff:  0.0, Sum:  0.1, Workers: 8
[111.360s][debug][gc,phases         ] GC(2535)     Object Copy (ms):         Min:  0.0, Avg:  0.0, Max:  0.0, Diff:  0.0, Sum:  0.0, Workers: 8
[111.360s][debug][gc,phases         ] GC(2535)     Termination (ms):         Min:  0.0, Avg:  0.0, Max:  0.1, Diff:  0.0, Sum:  0.4, Workers: 8
[111.360s][debug][gc,phases         ] GC(2535)       Termination Attempts:     Min: 1, Avg:  1.0, Max: 1, Diff: 0, Sum: 8, Workers: 8
[111.360s][debug][gc,phases         ] GC(2535)     GC Worker Other (ms):     Min:  0.0, Avg:  0.0, Max:  0.1, Diff:  0.1, Sum:  0.3, Workers: 8
[111.360s][debug][gc,phases         ] GC(2535)     GC Worker Total (ms):     Min:  0.2, Avg:  0.3, Max:  0.3, Diff:  0.0, Sum:  2.1, Workers: 8
[111.360s][info ][gc,phases         ] GC(2535)   Post Evacuate Collection Set: 0.6ms
[111.360s][debug][gc,phases         ] GC(2535)     Code Roots Fixup: 0.0ms
[111.360s][debug][gc,phases         ] GC(2535)     Clear Card Table: 0.1ms
[111.360s][debug][gc,phases         ] GC(2535)     Reference Processing: 0.0ms
[111.360s][debug][gc,phases,ref     ] GC(2535)       Reconsider SoftReferences: 0.0ms
[111.360s][debug][gc,phases,ref     ] GC(2535)         SoftRef (ms):             skipped
[111.360s][debug][gc,phases,ref     ] GC(2535)       Notify Soft/WeakReferences: 0.0ms
[111.360s][debug][gc,phases,ref     ] GC(2535)         SoftRef (ms):             skipped
[111.360s][debug][gc,phases,ref     ] GC(2535)         WeakRef (ms):             skipped
[111.360s][debug][gc,phases,ref     ] GC(2535)         FinalRef (ms):            skipped
[111.360s][debug][gc,phases,ref     ] GC(2535)         Total (ms):               skipped
[111.360s][debug][gc,phases,ref     ] GC(2535)       Notify and keep alive finalizable: 0.0ms
[111.360s][debug][gc,phases,ref     ] GC(2535)         FinalRef (ms):            skipped
[111.360s][debug][gc,phases,ref     ] GC(2535)       Notify PhantomReferences: 0.0ms
[111.360s][debug][gc,phases,ref     ] GC(2535)         PhantomRef (ms):          skipped
[111.360s][debug][gc,phases,ref     ] GC(2535)       SoftReference:
[111.360s][debug][gc,phases,ref     ] GC(2535)         Discovered: 0
[111.360s][debug][gc,phases,ref     ] GC(2535)         Cleared: 0
[111.360s][debug][gc,phases,ref     ] GC(2535)       WeakReference:
[111.360s][debug][gc,phases,ref     ] GC(2535)         Discovered: 0
[111.360s][debug][gc,phases,ref     ] GC(2535)         Cleared: 0
[111.360s][debug][gc,phases,ref     ] GC(2535)       FinalReference:
[111.360s][debug][gc,phases,ref     ] GC(2535)         Discovered: 0
[111.360s][debug][gc,phases,ref     ] GC(2535)         Cleared: 0
[111.360s][debug][gc,phases,ref     ] GC(2535)       PhantomReference:
[111.360s][debug][gc,phases,ref     ] GC(2535)         Discovered: 0
[111.360s][debug][gc,phases,ref     ] GC(2535)         Cleared: 0
[111.360s][debug][gc,phases         ] GC(2535)     Weak Processing: 0.0ms
[111.360s][debug][gc,phases         ] GC(2535)       JVMTI weak processing: 0.0ms
[111.360s][debug][gc,phases         ] GC(2535)         Dead: 0
[111.360s][debug][gc,phases         ] GC(2535)         Total: 0
[111.360s][debug][gc,phases         ] GC(2535)       JFR weak processing: 0.0ms
[111.360s][debug][gc,phases         ] GC(2535)         Dead: 0
[111.360s][debug][gc,phases         ] GC(2535)         Total: 0
[111.360s][debug][gc,phases         ] GC(2535)       JNI weak                  Min:  0.0, Avg:  0.0, Max:  0.0, Diff:  0.0, Sum:  0.0, Workers: 5
[111.360s][debug][gc,phases         ] GC(2535)         Dead                      Min: 0, Avg:  0.0, Max: 0, Diff: 0, Sum: 0, Workers: 5
[111.360s][debug][gc,phases         ] GC(2535)         Total                     Min: 0, Avg: 20.4, Max: 62, Diff: 62, Sum: 102, Workers: 5
[111.360s][debug][gc,phases         ] GC(2535)       VM weak                   Min:  0.0, Avg:  0.0, Max:  0.0, Diff:  0.0, Sum:  0.0, Workers: 5
[111.360s][debug][gc,phases         ] GC(2535)         Dead                      Min: 0, Avg:  0.0, Max: 0, Diff: 0, Sum: 0, Workers: 5
[111.360s][debug][gc,phases         ] GC(2535)         Total                     Min: 0, Avg: 42.4, Max: 128, Diff: 128, Sum: 212, Workers: 5
[111.360s][debug][gc,phases         ] GC(2535)       StringTable weak          Min:  0.0, Avg:  0.0, Max:  0.0, Diff:  0.0, Sum:  0.1, Workers: 5
[111.360s][debug][gc,phases         ] GC(2535)         Dead                      Min: 0, Avg:  0.0, Max: 0, Diff: 0, Sum: 0, Workers: 5
[111.360s][debug][gc,phases         ] GC(2535)         Total                     Min: 0, Avg: 684.6, Max: 959, Diff: 959, Sum: 3423, Workers: 5
[111.360s][debug][gc,phases         ] GC(2535)       ResolvedMethodTable weak  Min:  0.0, Avg:  0.0, Max:  0.0, Diff:  0.0, Sum:  0.0, Workers: 5
[111.360s][debug][gc,phases         ] GC(2535)         Dead                      Min: 0, Avg:  0.0, Max: 0, Diff: 0, Sum: 0, Workers: 5
[111.360s][debug][gc,phases         ] GC(2535)         Total                     Min: 0, Avg: 114.6, Max: 189, Diff: 189, Sum: 573, Workers: 5
[111.360s][debug][gc,phases         ] GC(2535)     Merge Per-Thread State: 0.0ms
[111.360s][debug][gc,phases         ] GC(2535)       Copied Bytes              Min: 312, Avg: 300318.0, Max: 400824, Diff: 400512, Sum: 2402544, Workers: 8
[111.360s][debug][gc,phases         ] GC(2535)       LAB Waste                 Min: 0, Avg:  0.0, Max: 0, Diff: 0, Sum: 0, Workers: 8
[111.360s][debug][gc,phases         ] GC(2535)       LAB Undo Waste            Min: 0, Avg:  0.0, Max: 0, Diff: 0, Sum: 0, Workers: 8
[111.360s][debug][gc,phases         ] GC(2535)     Code Roots Purge: 0.0ms
[111.360s][debug][gc,phases         ] GC(2535)     Redirty Cards: 0.0ms
[111.360s][debug][gc,phases         ] GC(2535)     DerivedPointerTable Update: 0.0ms
[111.360s][debug][gc,phases         ] GC(2535)     Free Collection Set: 0.2ms
[111.360s][debug][gc,phases         ] GC(2535)     Rebuild Free List: 0.1ms
[111.360s][debug][gc,phases         ] GC(2535)     Humongous Reclaim: 0.0ms
[111.360s][debug][gc,phases         ] GC(2535)     Start New Collection Set: 0.0ms
[111.360s][debug][gc,phases         ] GC(2535)     Resize TLABs: 0.0ms
[111.360s][debug][gc,phases         ] GC(2535)     Expand Heap After Collection: 0.0ms
[111.360s][info ][gc,phases         ] GC(2535)   Other: 0.3ms
[111.360s][info ][gc,heap           ] GC(2535) Eden regions: 771->0(772)
[111.360s][info ][gc,heap           ] GC(2535) Survivor regions: 4->3(97)
[111.360s][info ][gc,heap           ] GC(2535) Old regions: 18->18
[111.360s][info ][gc,heap           ] GC(2535) Archive regions: 2->2
[111.360s][info ][gc,heap           ] GC(2535) Humongous regions: 0->0
[111.360s][info ][gc,metaspace      ] GC(2535) Metaspace: 10016K(10624K)->10016K(10624K) NonClass: 8864K(9216K)->8864K(9216K) Class: 1152K(1408K)->1152K(1408K)
[111.360s][debug][gc,heap           ] GC(2535) Heap after GC invocations=2536 (full 1): garbage-first heap   total 1324032K, used 21527K [0x0000000700000000, 0x0000000800000000)
[111.360s][debug][gc,heap           ] GC(2535)   region size 1024K, 3 young (3072K), 3 survivors (3072K)
[111.360s][debug][gc,heap           ] GC(2535)  Metaspace       used 10016K, capacity 10304K, committed 10624K, reserved 1058816K
[111.360s][debug][gc,heap           ] GC(2535)   class space    used 1152K, capacity 1266K, committed 1408K, reserved 1048576K
[111.360s][info ][gc                ] GC(2535) Pause Young (Normal) (G1 Evacuation Pause) 792M->21M(1293M) 2.103ms
[111.360s][info ][gc,cpu            ] GC(2535) User=0.01s Sys=0.00s Real=0.00s
[111.360s][info ][safepoint         ] Safepoint "G1CollectForAllocation", Time since last: 38245361 ns, Reaching safepoint: 141030 ns, At safepoint: 2284337 ns, Total: 2425367 ns
[111.399s][debug][gc,heap           ] GC(2536) Heap before GC invocations=2536 (full 1): garbage-first heap   total 1324032K, used 811031K [0x0000000700000000, 0x0000000800000000)
[111.399s][debug][gc,heap           ] GC(2536)   region size 1024K, 775 young (793600K), 3 survivors (3072K)
[111.399s][debug][gc,heap           ] GC(2536)  Metaspace       used 10016K, capacity 10304K, committed 10624K, reserved 1058816K
[111.399s][debug][gc,heap           ] GC(2536)   class space    used 1152K, capacity 1266K, committed 1408K, reserved 1048576K
[111.399s][info ][gc,start          ] GC(2536) Pause Young (Normal) (G1 Evacuation Pause)
[111.399s][info ][gc,task           ] GC(2536) Using 8 workers of 8 for evacuation
[111.399s][debug][gc,tlab           ] GC(2536) TLAB totals: thrds: 8  refills: 12 max: 2 slow allocs: 1537 max 205 waste: 32.9% gc: 1205592B max: 246888B slow: 56432B max: 14304B fast: 0B max: 0B
[111.399s][debug][gc,age            ] GC(2536) Desired survivor size 50855936 bytes, new threshold 15 (max threshold 15)
[111.399s][debug][gc,alloc,region   ] GC(2536) Mutator Allocation stats, regions: 772, wasted size: 180M (23.4%)
[111.399s][debug][gc,ergo           ] GC(2536) Running G1 Merge Heap Roots using 8 workers for 775 regions
[111.399s][debug][gc,remset         ] GC(2536) Visited cards 256 Total dirty 2048 (12.50%) Total old 3215360 (0.01%)
[111.400s][debug][gc,ergo           ] GC(2536) Running G1 Clear Card Table Task using 2 workers for 2 units of work for 776 regions.
[111.400s][debug][gc,ref            ] GC(2536) Skipped phase1 of Reference Processing due to unavailable references
[111.400s][debug][gc,ref            ] GC(2536) Skipped phase2 of Reference Processing due to unavailable references
[111.400s][debug][gc,ref            ] GC(2536) Skipped phase3 of Reference Processing due to unavailable references
[111.400s][debug][gc,ref            ] GC(2536) Skipped phase4 of Reference Processing due to unavailable references
[111.400s][debug][gc,ergo           ] GC(2536) Running G1 Free Collection Set using 8 workers for collection set length 775 (1293)
[111.400s][debug][gc,ergo           ] GC(2536) Running G1 Rebuild Free List Task using 8 workers for rebuilding free list of 0 (4096) regions
[111.400s][trace][gc,age            ] GC(2536) Age table with threshold 15 (max threshold 15)
[111.400s][trace][gc,age            ] GC(2536) - age   1:    3202560 bytes,    3202560 total
[111.400s][debug][gc,plab           ] GC(2536) Young PLAB allocation: allocated: 16512B, wasted: 0B, unused: 14064B, used: 2448B, undo waste: 0B, 
[111.400s][debug][gc,plab           ] GC(2536) Young other allocation: region end waste: 733248B, regions filled: 4, direct allocated: 3200112B, failure used: 0B, failure wasted: 0B
[111.400s][debug][gc,plab           ] GC(2536) Young sizing: calculated: 0B, actual: 2064B
[111.400s][debug][gc,plab           ] GC(2536) Old PLAB allocation: allocated: 0B, wasted: 0B, unused: 0B, used: 0B, undo waste: 0B, 
[111.400s][debug][gc,plab           ] GC(2536) Old other allocation: region end waste: 0B, regions filled: 1, direct allocated: 0B, failure used: 0B, failure wasted: 0B
[111.400s][debug][gc,plab           ] GC(2536) Old sizing: calculated: 0B, actual: 2064B
[111.400s][debug][gc,ihop           ] GC(2536) Basic information (value update), threshold: 610113945B (45.00), target occupancy: 1355808768B, current occupancy: 23097136B, recent allocation size: 0B, recent allocation duration: 39.62ms, recent old gen allocation rate: 0.00B/s, recent marking phase length: 30.68ms
[111.400s][debug][gc,ihop           ] GC(2536) Adaptive IHOP information (value update), threshold: 610113945B (47.37), internal target occupancy: 1288018329B, occupancy: 23097136B, additional buffer size: 812646400B, predicted old gen allocation rate: 33.45B/s, predicted marking phase length: 61.36ms, prediction active: false
[111.400s][debug][gc,ergo,refine    ] GC(2536) Concurrent refinement times: Logged Cards Scan time goal: 20.00ms Logged Cards Scan time: 0.00ms HCC time: 0.00ms
[111.400s][debug][gc,ergo,refine    ] GC(2536) Updated Refinement Zones: green: 2048, yellow: 6144, red: 10240
[111.400s][info ][gc,phases         ] GC(2536)   Pre Evacuate Collection Set: 0.1ms
[111.400s][debug][gc,phases         ] GC(2536)     Prepare TLABs: 0.0ms
[111.400s][debug][gc,phases         ] GC(2536)     Choose Collection Set: 0.0ms
[111.400s][debug][gc,phases         ] GC(2536)     Region Register: 0.1ms
[111.400s][debug][gc,phases         ] GC(2536)     Prepare Heap Roots: 0.0ms
[111.400s][info ][gc,phases         ] GC(2536)   Merge Heap Roots: 0.1ms
[111.400s][debug][gc,phases         ] GC(2536)     Prepare Merge Heap Roots: 0.0ms
[111.400s][debug][gc,phases         ] GC(2536)     Eager Reclaim (ms):       skipped
[111.400s][debug][gc,phases         ] GC(2536)     Remembered Sets (ms):     Min:  0.0, Avg:  0.0, Max:  0.0, Diff:  0.0, Sum:  0.3, Workers: 8
[111.400s][debug][gc,phases         ] GC(2536)       Merged Sparse:            Min: 0, Avg:  0.0, Max: 0, Diff: 0, Sum: 0, Workers: 8
[111.400s][debug][gc,phases         ] GC(2536)       Merged Fine:              Min: 0, Avg:  0.0, Max: 0, Diff: 0, Sum: 0, Workers: 8
[111.400s][debug][gc,phases         ] GC(2536)       Merged Coarse:            Min: 0, Avg:  0.0, Max: 0, Diff: 0, Sum: 0, Workers: 8
[111.400s][debug][gc,phases         ] GC(2536)       Dirty Cards:              Min: 0, Avg:  0.0, Max: 0, Diff: 0, Sum: 0, Workers: 8
[111.400s][debug][gc,phases         ] GC(2536)     Hot Card Cache (ms):      Min:  0.0, Avg:  0.0, Max:  0.0, Diff:  0.0, Sum:  0.0, Workers: 8
[111.400s][debug][gc,phases         ] GC(2536)       Dirty Cards:              Min: 0, Avg:  0.0, Max: 0, Diff: 0, Sum: 0, Workers: 8
[111.400s][debug][gc,phases         ] GC(2536)       Skipped Cards:            Min: 0, Avg:  0.0, Max: 0, Diff: 0, Sum: 0, Workers: 8
[111.400s][debug][gc,phases         ] GC(2536)     Log Buffers (ms):         Min:  0.0, Avg:  0.0, Max:  0.0, Diff:  0.0, Sum:  0.0, Workers: 8
[111.400s][debug][gc,phases         ] GC(2536)       Dirty Cards:              Min: 0, Avg:  0.1, Max: 1, Diff: 1, Sum: 1, Workers: 8
[111.400s][debug][gc,phases         ] GC(2536)       Skipped Cards:            Min: 0, Avg:  0.0, Max: 0, Diff: 0, Sum: 0, Workers: 8
[111.400s][info ][gc,phases         ] GC(2536)   Evacuate Collection Set: 0.4ms
[111.401s][debug][gc,phases         ] GC(2536)     Ext Root Scanning (ms):   Min:  0.1, Avg:  0.2, Max:  0.3, Diff:  0.2, Sum:  1.6, Workers: 8
[111.401s][debug][gc,phases         ] GC(2536)     Scan Heap Roots (ms):     Min:  0.0, Avg:  0.0, Max:  0.0, Diff:  0.0, Sum:  0.0, Workers: 8
[111.401s][debug][gc,phases         ] GC(2536)       Scanned Cards:            Min: 0, Avg:  0.1, Max: 1, Diff: 1, Sum: 1, Workers: 8
[111.401s][debug][gc,phases         ] GC(2536)       Scanned Blocks:           Min: 0, Avg:  0.1, Max: 1, Diff: 1, Sum: 1, Workers: 8
[111.401s][debug][gc,phases         ] GC(2536)       Claimed Chunks:           Min: 0, Avg:  0.1, Max: 1, Diff: 1, Sum: 1, Workers: 8
[111.401s][debug][gc,phases         ] GC(2536)     Code Root Scan (ms):      Min:  0.0, Avg:  0.0, Max:  0.1, Diff:  0.1, Sum:  0.1, Workers: 8
[111.401s][debug][gc,phases         ] GC(2536)     Object Copy (ms):         Min:  0.0, Avg:  0.0, Max:  0.0, Diff:  0.0, Sum:  0.0, Workers: 8
[111.401s][debug][gc,phases         ] GC(2536)     Termination (ms):         Min:  0.0, Avg:  0.1, Max:  0.1, Diff:  0.1, Sum:  0.5, Workers: 8
[111.401s][debug][gc,phases         ] GC(2536)       Termination Attempts:     Min: 1, Avg:  1.0, Max: 1, Diff: 0, Sum: 8, Workers: 8
[111.401s][debug][gc,phases         ] GC(2536)     GC Worker Other (ms):     Min:  0.0, Avg:  0.0, Max:  0.1, Diff:  0.1, Sum:  0.4, Workers: 8
[111.401s][debug][gc,phases         ] GC(2536)     GC Worker Total (ms):     Min:  0.3, Avg:  0.3, Max:  0.3, Diff:  0.1, Sum:  2.7, Workers: 8
[111.401s][info ][gc,phases         ] GC(2536)   Post Evacuate Collection Set: 0.6ms
[111.401s][debug][gc,phases         ] GC(2536)     Code Roots Fixup: 0.0ms
[111.401s][debug][gc,phases         ] GC(2536)     Clear Card Table: 0.2ms
[111.401s][debug][gc,phases         ] GC(2536)     Reference Processing: 0.0ms
[111.401s][debug][gc,phases,ref     ] GC(2536)       Reconsider SoftReferences: 0.0ms
[111.401s][debug][gc,phases,ref     ] GC(2536)         SoftRef (ms):             skipped
[111.401s][debug][gc,phases,ref     ] GC(2536)       Notify Soft/WeakReferences: 0.0ms
[111.401s][debug][gc,phases,ref     ] GC(2536)         SoftRef (ms):             skipped
[111.401s][debug][gc,phases,ref     ] GC(2536)         WeakRef (ms):             skipped
[111.401s][debug][gc,phases,ref     ] GC(2536)         FinalRef (ms):            skipped
[111.401s][debug][gc,phases,ref     ] GC(2536)         Total (ms):               skipped
[111.401s][debug][gc,phases,ref     ] GC(2536)       Notify and keep alive finalizable: 0.0ms
[111.401s][debug][gc,phases,ref     ] GC(2536)         FinalRef (ms):            skipped
[111.401s][debug][gc,phases,ref     ] GC(2536)       Notify PhantomReferences: 0.0ms
[111.401s][debug][gc,phases,ref     ] GC(2536)         PhantomRef (ms):          skipped
[111.401s][debug][gc,phases,ref     ] GC(2536)       SoftReference:
[111.401s][debug][gc,phases,ref     ] GC(2536)         Discovered: 0
[111.401s][debug][gc,phases,ref     ] GC(2536)         Cleared: 0
[111.401s][debug][gc,phases,ref     ] GC(2536)       WeakReference:
[111.401s][debug][gc,phases,ref     ] GC(2536)         Discovered: 0
[111.401s][debug][gc,phases,ref     ] GC(2536)         Cleared: 0
[111.401s][debug][gc,phases,ref     ] GC(2536)       FinalReference:
[111.401s][debug][gc,phases,ref     ] GC(2536)         Discovered: 0
[111.401s][debug][gc,phases,ref     ] GC(2536)         Cleared: 0
[111.401s][debug][gc,phases,ref     ] GC(2536)       PhantomReference:
[111.401s][debug][gc,phases,ref     ] GC(2536)         Discovered: 0
[111.401s][debug][gc,phases,ref     ] GC(2536)         Cleared: 0
[111.401s][debug][gc,phases         ] GC(2536)     Weak Processing: 0.1ms
[111.401s][debug][gc,phases         ] GC(2536)       JVMTI weak processing: 0.0ms
[111.401s][debug][gc,phases         ] GC(2536)         Dead: 0
[111.401s][debug][gc,phases         ] GC(2536)         Total: 0
[111.401s][debug][gc,phases         ] GC(2536)       JFR weak processing: 0.0ms
[111.401s][debug][gc,phases         ] GC(2536)         Dead: 0
[111.401s][debug][gc,phases         ] GC(2536)         Total: 0
[111.401s][debug][gc,phases         ] GC(2536)       JNI weak                  Min:  0.0, Avg:  0.0, Max:  0.0, Diff:  0.0, Sum:  0.0, Workers: 5
[111.401s][debug][gc,phases         ] GC(2536)         Dead                      Min: 0, Avg:  0.0, Max: 0, Diff: 0, Sum: 0, Workers: 5
[111.401s][debug][gc,phases         ] GC(2536)         Total                     Min: 0, Avg: 20.4, Max: 62, Diff: 62, Sum: 102, Workers: 5
[111.401s][debug][gc,phases         ] GC(2536)       VM weak                   Min:  0.0, Avg:  0.0, Max:  0.0, Diff:  0.0, Sum:  0.0, Workers: 5
[111.401s][debug][gc,phases         ] GC(2536)         Dead                      Min: 0, Avg:  0.0, Max: 0, Diff: 0, Sum: 0, Workers: 5
[111.401s][debug][gc,phases         ] GC(2536)         Total                     Min: 0, Avg: 42.4, Max: 128, Diff: 128, Sum: 212, Workers: 5
[111.401s][debug][gc,phases         ] GC(2536)       StringTable weak          Min:  0.0, Avg:  0.0, Max:  0.0, Diff:  0.0, Sum:  0.1, Workers: 5
[111.401s][debug][gc,phases         ] GC(2536)         Dead                      Min: 0, Avg:  0.0, Max: 0, Diff: 0, Sum: 0, Workers: 5
[111.401s][debug][gc,phases         ] GC(2536)         Total                     Min: 0, Avg: 684.6, Max: 1727, Diff: 1727, Sum: 3423, Workers: 5
[111.401s][debug][gc,phases         ] GC(2536)       ResolvedMethodTable weak  Min:  0.0, Avg:  0.0, Max:  0.0, Diff:  0.0, Sum:  0.0, Workers: 5
[111.401s][debug][gc,phases         ] GC(2536)         Dead                      Min: 0, Avg:  0.0, Max: 0, Diff: 0, Sum: 0, Workers: 5
[111.401s][debug][gc,phases         ] GC(2536)         Total                     Min: 0, Avg: 114.6, Max: 317, Diff: 317, Sum: 573, Workers: 5
[111.401s][debug][gc,phases         ] GC(2536)     Merge Per-Thread State: 0.0ms
[111.401s][debug][gc,phases         ] GC(2536)       Copied Bytes              Min: 152, Avg: 400320.0, Max: 800320, Diff: 800168, Sum: 3202560, Workers: 8
[111.401s][debug][gc,phases         ] GC(2536)       LAB Waste                 Min: 0, Avg:  0.0, Max: 0, Diff: 0, Sum: 0, Workers: 8
[111.401s][debug][gc,phases         ] GC(2536)       LAB Undo Waste            Min: 0, Avg:  0.0, Max: 0, Diff: 0, Sum: 0, Workers: 8
[111.401s][debug][gc,phases         ] GC(2536)     Code Roots Purge: 0.0ms
[111.401s][debug][gc,phases         ] GC(2536)     Redirty Cards: 0.0ms
[111.401s][debug][gc,phases         ] GC(2536)     DerivedPointerTable Update: 0.0ms
[111.401s][debug][gc,phases         ] GC(2536)     Free Collection Set: 0.2ms
[111.401s][debug][gc,phases         ] GC(2536)     Rebuild Free List: 0.1ms
[111.401s][debug][gc,phases         ] GC(2536)     Humongous Reclaim: 0.0ms
[111.401s][debug][gc,phases         ] GC(2536)     Start New Collection Set: 0.0ms
[111.401s][debug][gc,phases         ] GC(2536)     Resize TLABs: 0.0ms
[111.401s][debug][gc,phases         ] GC(2536)     Expand Heap After Collection: 0.0ms
[111.401s][info ][gc,phases         ] GC(2536)   Other: 0.3ms
[111.401s][info ][gc,heap           ] GC(2536) Eden regions: 772->0(771)
[111.401s][info ][gc,heap           ] GC(2536) Survivor regions: 3->4(97)
[111.401s][info ][gc,heap           ] GC(2536) Old regions: 18->18
[111.401s][info ][gc,heap           ] GC(2536) Archive regions: 2->2
[111.401s][info ][gc,heap           ] GC(2536) Humongous regions: 0->0
[111.401s][info ][gc,metaspace      ] GC(2536) Metaspace: 10016K(10624K)->10016K(10624K) NonClass: 8864K(9216K)->8864K(9216K) Class: 1152K(1408K)->1152K(1408K)
[111.401s][debug][gc,heap           ] GC(2536) Heap after GC invocations=2537 (full 1): garbage-first heap   total 1324032K, used 22555K [0x0000000700000000, 0x0000000800000000)
[111.401s][debug][gc,heap           ] GC(2536)   region size 1024K, 4 young (4096K), 4 survivors (4096K)
[111.401s][debug][gc,heap           ] GC(2536)  Metaspace       used 10016K, capacity 10304K, committed 10624K, reserved 1058816K
[111.401s][debug][gc,heap           ] GC(2536)   class space    used 1152K, capacity 1266K, committed 1408K, reserved 1048576K
[111.401s][info ][gc                ] GC(2536) Pause Young (Normal) (G1 Evacuation Pause) 792M->22M(1293M) 2.124ms
[111.401s][info ][gc,cpu            ] GC(2536) User=0.01s Sys=0.00s Real=0.00s
[111.401s][info ][safepoint         ] Safepoint "G1CollectForAllocation", Time since last: 38516412 ns, Reaching safepoint: 169012 ns, At safepoint: 2315605 ns, Total: 2484617 ns
[111.439s][debug][gc,heap           ] GC(2537) Heap before GC invocations=2537 (full 1): garbage-first heap   total 1324032K, used 811035K [0x0000000700000000, 0x0000000800000000)
[111.439s][debug][gc,heap           ] GC(2537)   region size 1024K, 775 young (793600K), 4 survivors (4096K)
[111.439s][debug][gc,heap           ] GC(2537)  Metaspace       used 10016K, capacity 10304K, committed 10624K, reserved 1058816K
[111.439s][debug][gc,heap           ] GC(2537)   class space    used 1152K, capacity 1266K, committed 1408K, reserved 1048576K
[111.439s][info ][gc,start          ] GC(2537) Pause Young (Normal) (G1 Evacuation Pause)
[111.439s][info ][gc,task           ] GC(2537) Using 8 workers of 8 for evacuation
[111.439s][debug][gc,tlab           ] GC(2537) TLAB totals: thrds: 8  refills: 11 max: 3 slow allocs: 1533 max 236 waste: 25.7% gc: 862336B max: 243504B slow: 29400B max: 15488B fast: 0B max: 0B
[111.439s][debug][gc,age            ] GC(2537) Desired survivor size 50855936 bytes, new threshold 15 (max threshold 15)
[111.439s][debug][gc,alloc,region   ] GC(2537) Mutator Allocation stats, regions: 771, wasted size: 180M (23.4%)
[111.439s][debug][gc,ergo           ] GC(2537) Running G1 Merge Heap Roots using 8 workers for 775 regions
[111.439s][debug][gc,remset         ] GC(2537) Visited cards 256 Total dirty 2048 (12.50%) Total old 3215360 (0.01%)
[111.440s][debug][gc,ergo           ] GC(2537) Running G1 Clear Card Table Task using 2 workers for 2 units of work for 776 regions.
[111.440s][debug][gc,ref            ] GC(2537) Skipped phase1 of Reference Processing due to unavailable references
[111.440s][debug][gc,ref            ] GC(2537) Skipped phase2 of Reference Processing due to unavailable references
[111.440s][debug][gc,ref            ] GC(2537) Skipped phase3 of Reference Processing due to unavailable references
[111.440s][debug][gc,ref            ] GC(2537) Skipped phase4 of Reference Processing due to unavailable references
[111.440s][debug][gc,ergo           ] GC(2537) Running G1 Free Collection Set using 8 workers for collection set length 775 (1293)
[111.440s][debug][gc,ergo           ] GC(2537) Running G1 Rebuild Free List Task using 8 workers for rebuilding free list of 0 (4096) regions
[111.440s][trace][gc,age            ] GC(2537) Age table with threshold 15 (max threshold 15)
[111.440s][trace][gc,age            ] GC(2537) - age   1:    4802528 bytes,    4802528 total
[111.440s][debug][gc,plab           ] GC(2537) Young PLAB allocation: allocated: 16512B, wasted: 0B, unused: 14144B, used: 2368B, undo waste: 0B, 
[111.440s][debug][gc,plab           ] GC(2537) Young other allocation: region end waste: 1234480B, regions filled: 6, direct allocated: 4800160B, failure used: 0B, failure wasted: 0B
[111.440s][debug][gc,plab           ] GC(2537) Young sizing: calculated: 0B, actual: 2064B
[111.440s][debug][gc,plab           ] GC(2537) Old PLAB allocation: allocated: 0B, wasted: 0B, unused: 0B, used: 0B, undo waste: 0B, 
[111.440s][debug][gc,plab           ] GC(2537) Old other allocation: region end waste: 0B, regions filled: 1, direct allocated: 0B, failure used: 0B, failure wasted: 0B
[111.440s][debug][gc,plab           ] GC(2537) Old sizing: calculated: 0B, actual: 2064B
[111.440s][debug][gc,ihop           ] GC(2537) Basic information (value update), threshold: 610113945B (45.00), target occupancy: 1355808768B, current occupancy: 25198416B, recent allocation size: 0B, recent allocation duration: 38.39ms, recent old gen allocation rate: 0.00B/s, recent marking phase length: 30.68ms
[111.440s][debug][gc,ihop           ] GC(2537) Adaptive IHOP information (value update), threshold: 610113945B (47.37), internal target occupancy: 1288018329B, occupancy: 25198416B, additional buffer size: 812646400B, predicted old gen allocation rate: 32.60B/s, predicted marking phase length: 61.36ms, prediction active: false
[111.440s][debug][gc,ergo,refine    ] GC(2537) Concurrent refinement times: Logged Cards Scan time goal: 20.00ms Logged Cards Scan time: 0.00ms HCC time: 0.00ms
[111.440s][debug][gc,ergo,refine    ] GC(2537) Updated Refinement Zones: green: 2048, yellow: 6144, red: 10240
[111.440s][info ][gc,phases         ] GC(2537)   Pre Evacuate Collection Set: 0.2ms
[111.440s][debug][gc,phases         ] GC(2537)     Prepare TLABs: 0.0ms
[111.440s][debug][gc,phases         ] GC(2537)     Choose Collection Set: 0.0ms
[111.440s][debug][gc,phases         ] GC(2537)     Region Register: 0.2ms
[111.440s][debug][gc,phases         ] GC(2537)     Prepare Heap Roots: 0.0ms
[111.440s][info ][gc,phases         ] GC(2537)   Merge Heap Roots: 0.1ms
[111.440s][debug][gc,phases         ] GC(2537)     Prepare Merge Heap Roots: 0.0ms
[111.440s][debug][gc,phases         ] GC(2537)     Eager Reclaim (ms):       skipped
[111.440s][debug][gc,phases         ] GC(2537)     Remembered Sets (ms):     Min:  0.0, Avg:  0.0, Max:  0.0, Diff:  0.0, Sum:  0.2, Workers: 8
[111.440s][debug][gc,phases         ] GC(2537)       Merged Sparse:            Min: 0, Avg:  0.0, Max: 0, Diff: 0, Sum: 0, Workers: 8
[111.440s][debug][gc,phases         ] GC(2537)       Merged Fine:              Min: 0, Avg:  0.0, Max: 0, Diff: 0, Sum: 0, Workers: 8
[111.440s][debug][gc,phases         ] GC(2537)       Merged Coarse:            Min: 0, Avg:  0.0, Max: 0, Diff: 0, Sum: 0, Workers: 8
[111.440s][debug][gc,phases         ] GC(2537)       Dirty Cards:              Min: 0, Avg:  0.0, Max: 0, Diff: 0, Sum: 0, Workers: 8
[111.440s][debug][gc,phases         ] GC(2537)     Hot Card Cache (ms):      Min:  0.0, Avg:  0.0, Max:  0.0, Diff:  0.0, Sum:  0.0, Workers: 8
[111.440s][debug][gc,phases         ] GC(2537)       Dirty Cards:              Min: 0, Avg:  0.0, Max: 0, Diff: 0, Sum: 0, Workers: 8
[111.440s][debug][gc,phases         ] GC(2537)       Skipped Cards:            Min: 0, Avg:  0.0, Max: 0, Diff: 0, Sum: 0, Workers: 8
[111.440s][debug][gc,phases         ] GC(2537)     Log Buffers (ms):         Min:  0.0, Avg:  0.0, Max:  0.0, Diff:  0.0, Sum:  0.0, Workers: 8
[111.440s][debug][gc,phases         ] GC(2537)       Dirty Cards:              Min: 0, Avg:  0.1, Max: 1, Diff: 1, Sum: 1, Workers: 8
[111.440s][debug][gc,phases         ] GC(2537)       Skipped Cards:            Min: 0, Avg:  0.0, Max: 0, Diff: 0, Sum: 0, Workers: 8
[111.440s][info ][gc,phases         ] GC(2537)   Evacuate Collection Set: 0.5ms
[111.440s][debug][gc,phases         ] GC(2537)     Ext Root Scanning (ms):   Min:  0.3, Avg:  0.3, Max:  0.4, Diff:  0.2, Sum:  2.7, Workers: 8
[111.440s][debug][gc,phases         ] GC(2537)     Scan Heap Roots (ms):     Min:  0.0, Avg:  0.0, Max:  0.0, Diff:  0.0, Sum:  0.0, Workers: 8
[111.440s][debug][gc,phases         ] GC(2537)       Scanned Cards:            Min: 0, Avg:  0.1, Max: 1, Diff: 1, Sum: 1, Workers: 8
[111.440s][debug][gc,phases         ] GC(2537)       Scanned Blocks:           Min: 0, Avg:  0.1, Max: 1, Diff: 1, Sum: 1, Workers: 8
[111.440s][debug][gc,phases         ] GC(2537)       Claimed Chunks:           Min: 0, Avg:  0.1, Max: 1, Diff: 1, Sum: 1, Workers: 8
[111.440s][debug][gc,phases         ] GC(2537)     Code Root Scan (ms):      Min:  0.0, Avg:  0.0, Max:  0.0, Diff:  0.0, Sum:  0.1, Workers: 8
[111.440s][debug][gc,phases         ] GC(2537)     Object Copy (ms):         Min:  0.0, Avg:  0.0, Max:  0.0, Diff:  0.0, Sum:  0.0, Workers: 8
[111.441s][debug][gc,phases         ] GC(2537)     Termination (ms):         Min:  0.0, Avg:  0.1, Max:  0.1, Diff:  0.1, Sum:  0.6, Workers: 8
[111.441s][debug][gc,phases         ] GC(2537)       Termination Attempts:     Min: 1, Avg:  1.4, Max: 2, Diff: 1, Sum: 11, Workers: 8
[111.441s][debug][gc,phases         ] GC(2537)     GC Worker Other (ms):     Min:  0.0, Avg:  0.0, Max:  0.1, Diff:  0.1, Sum:  0.4, Workers: 8
[111.441s][debug][gc,phases         ] GC(2537)     GC Worker Total (ms):     Min:  0.5, Avg:  0.5, Max:  0.5, Diff:  0.1, Sum:  3.9, Workers: 8
[111.441s][info ][gc,phases         ] GC(2537)   Post Evacuate Collection Set: 0.5ms
[111.441s][debug][gc,phases         ] GC(2537)     Code Roots Fixup: 0.0ms
[111.441s][debug][gc,phases         ] GC(2537)     Clear Card Table: 0.2ms
[111.441s][debug][gc,phases         ] GC(2537)     Reference Processing: 0.0ms
[111.441s][debug][gc,phases,ref     ] GC(2537)       Reconsider SoftReferences: 0.0ms
[111.441s][debug][gc,phases,ref     ] GC(2537)         SoftRef (ms):             skipped
[111.441s][debug][gc,phases,ref     ] GC(2537)       Notify Soft/WeakReferences: 0.0ms
[111.441s][debug][gc,phases,ref     ] GC(2537)         SoftRef (ms):             skipped
[111.441s][debug][gc,phases,ref     ] GC(2537)         WeakRef (ms):             skipped
[111.441s][debug][gc,phases,ref     ] GC(2537)         FinalRef (ms):            skipped
[111.441s][debug][gc,phases,ref     ] GC(2537)         Total (ms):               skipped
[111.441s][debug][gc,phases,ref     ] GC(2537)       Notify and keep alive finalizable: 0.0ms
[111.441s][debug][gc,phases,ref     ] GC(2537)         FinalRef (ms):            skipped
[111.441s][debug][gc,phases,ref     ] GC(2537)       Notify PhantomReferences: 0.0ms
[111.441s][debug][gc,phases,ref     ] GC(2537)         PhantomRef (ms):          skipped
[111.441s][debug][gc,phases,ref     ] GC(2537)       SoftReference:
[111.441s][debug][gc,phases,ref     ] GC(2537)         Discovered: 0
[111.441s][debug][gc,phases,ref     ] GC(2537)         Cleared: 0
[111.441s][debug][gc,phases,ref     ] GC(2537)       WeakReference:
[111.441s][debug][gc,phases,ref     ] GC(2537)         Discovered: 0
[111.441s][debug][gc,phases,ref     ] GC(2537)         Cleared: 0
[111.441s][debug][gc,phases,ref     ] GC(2537)       FinalReference:
[111.441s][debug][gc,phases,ref     ] GC(2537)         Discovered: 0
[111.441s][debug][gc,phases,ref     ] GC(2537)         Cleared: 0
[111.441s][debug][gc,phases,ref     ] GC(2537)       PhantomReference:
[111.441s][debug][gc,phases,ref     ] GC(2537)         Discovered: 0
[111.441s][debug][gc,phases,ref     ] GC(2537)         Cleared: 0
[111.441s][debug][gc,phases         ] GC(2537)     Weak Processing: 0.1ms
[111.441s][debug][gc,phases         ] GC(2537)       JVMTI weak processing: 0.0ms
[111.441s][debug][gc,phases         ] GC(2537)         Dead: 0
[111.441s][debug][gc,phases         ] GC(2537)         Total: 0
[111.441s][debug][gc,phases         ] GC(2537)       JFR weak processing: 0.0ms
[111.441s][debug][gc,phases         ] GC(2537)         Dead: 0
[111.441s][debug][gc,phases         ] GC(2537)         Total: 0
[111.441s][debug][gc,phases         ] GC(2537)       JNI weak                  Min:  0.0, Avg:  0.0, Max:  0.0, Diff:  0.0, Sum:  0.0, Workers: 5
[111.441s][debug][gc,phases         ] GC(2537)         Dead                      Min: 0, Avg:  0.0, Max: 0, Diff: 0, Sum: 0, Workers: 5
[111.441s][debug][gc,phases         ] GC(2537)         Total                     Min: 0, Avg: 20.4, Max: 62, Diff: 62, Sum: 102, Workers: 5
[111.441s][debug][gc,phases         ] GC(2537)       VM weak                   Min:  0.0, Avg:  0.0, Max:  0.0, Diff:  0.0, Sum:  0.0, Workers: 5
[111.441s][debug][gc,phases         ] GC(2537)         Dead                      Min: 0, Avg:  0.0, Max: 0, Diff: 0, Sum: 0, Workers: 5
[111.441s][debug][gc,phases         ] GC(2537)         Total                     Min: 0, Avg: 42.4, Max: 128, Diff: 128, Sum: 212, Workers: 5
[111.441s][debug][gc,phases         ] GC(2537)       StringTable weak          Min:  0.0, Avg:  0.0, Max:  0.0, Diff:  0.0, Sum:  0.1, Workers: 5
[111.441s][debug][gc,phases         ] GC(2537)         Dead                      Min: 0, Avg:  0.0, Max: 0, Diff: 0, Sum: 0, Workers: 5
[111.441s][debug][gc,phases         ] GC(2537)         Total                     Min: 0, Avg: 684.6, Max: 1727, Diff: 1727, Sum: 3423, Workers: 5
[111.441s][debug][gc,phases         ] GC(2537)       ResolvedMethodTable weak  Min:  0.0, Avg:  0.0, Max:  0.0, Diff:  0.0, Sum:  0.0, Workers: 5
[111.441s][debug][gc,phases         ] GC(2537)         Dead                      Min: 0, Avg:  0.0, Max: 0, Diff: 0, Sum: 0, Workers: 5
[111.441s][debug][gc,phases         ] GC(2537)         Total                     Min: 0, Avg: 114.6, Max: 256, Diff: 256, Sum: 573, Workers: 5
[111.441s][debug][gc,phases         ] GC(2537)     Merge Per-Thread State: 0.0ms
[111.441s][debug][gc,phases         ] GC(2537)       Copied Bytes              Min: 400088, Avg: 600316.0, Max: 800688, Diff: 400600, Sum: 4802528, Workers: 8
[111.441s][debug][gc,phases         ] GC(2537)       LAB Waste                 Min: 0, Avg:  0.0, Max: 0, Diff: 0, Sum: 0, Workers: 8
[111.441s][debug][gc,phases         ] GC(2537)       LAB Undo Waste            Min: 0, Avg:  0.0, Max: 0, Diff: 0, Sum: 0, Workers: 8
[111.441s][debug][gc,phases         ] GC(2537)     Code Roots Purge: 0.0ms
[111.441s][debug][gc,phases         ] GC(2537)     Redirty Cards: 0.0ms
[111.441s][debug][gc,phases         ] GC(2537)     DerivedPointerTable Update: 0.0ms
[111.441s][debug][gc,phases         ] GC(2537)     Free Collection Set: 0.2ms
[111.441s][debug][gc,phases         ] GC(2537)     Rebuild Free List: 0.1ms
[111.441s][debug][gc,phases         ] GC(2537)     Humongous Reclaim: 0.0ms
[111.441s][debug][gc,phases         ] GC(2537)     Start New Collection Set: 0.0ms
[111.441s][debug][gc,phases         ] GC(2537)     Resize TLABs: 0.0ms
[111.441s][debug][gc,phases         ] GC(2537)     Expand Heap After Collection: 0.0ms
[111.441s][info ][gc,phases         ] GC(2537)   Other: 0.3ms
[111.441s][info ][gc,heap           ] GC(2537) Eden regions: 771->0(769)
[111.441s][info ][gc,heap           ] GC(2537) Survivor regions: 4->6(97)
[111.441s][info ][gc,heap           ] GC(2537) Old regions: 18->18
[111.441s][info ][gc,heap           ] GC(2537) Archive regions: 2->2
[111.441s][info ][gc,heap           ] GC(2537) Humongous regions: 0->0
[111.441s][info ][gc,metaspace      ] GC(2537) Metaspace: 10016K(10624K)->10016K(10624K) NonClass: 8864K(9216K)->8864K(9216K) Class: 1152K(1408K)->1152K(1408K)
[111.441s][debug][gc,heap           ] GC(2537) Heap after GC invocations=2538 (full 1): garbage-first heap   total 1324032K, used 24607K [0x0000000700000000, 0x0000000800000000)
[111.441s][debug][gc,heap           ] GC(2537)   region size 1024K, 6 young (6144K), 6 survivors (6144K)
[111.441s][debug][gc,heap           ] GC(2537)  Metaspace       used 10016K, capacity 10304K, committed 10624K, reserved 1058816K
[111.441s][debug][gc,heap           ] GC(2537)   class space    used 1152K, capacity 1266K, committed 1408K, reserved 1048576K
[111.441s][info ][gc                ] GC(2537) Pause Young (Normal) (G1 Evacuation Pause) 792M->24M(1293M) 2.315ms
[111.441s][info ][gc,cpu            ] GC(2537) User=0.01s Sys=0.00s Real=0.00s
[111.441s][info ][safepoint         ] Safepoint "G1CollectForAllocation", Time since last: 37188803 ns, Reaching safepoint: 246405 ns, At safepoint: 2503676 ns, Total: 2750081 ns
[111.479s][debug][gc,heap           ] GC(2538) Heap before GC invocations=2538 (full 1): garbage-first heap   total 1324032K, used 811039K [0x0000000700000000, 0x0000000800000000)
[111.479s][debug][gc,heap           ] GC(2538)   region size 1024K, 775 young (793600K), 6 survivors (6144K)
[111.479s][debug][gc,heap           ] GC(2538)  Metaspace       used 10016K, capacity 10304K, committed 10624K, reserved 1058816K
[111.479s][debug][gc,heap           ] GC(2538)   class space    used 1152K, capacity 1266K, committed 1408K, reserved 1048576K
[111.479s][info ][gc,start          ] GC(2538) Pause Young (Normal) (G1 Evacuation Pause)
[111.479s][info ][gc,task           ] GC(2538) Using 8 workers of 8 for evacuation
[111.479s][debug][gc,tlab           ] GC(2538) TLAB totals: thrds: 8  refills: 15 max: 3 slow allocs: 1528 max 206 waste: 33.0% gc: 1195560B max: 240576B slow: 72632B max: 15088B fast: 0B max: 0B
[111.479s][debug][gc,age            ] GC(2538) Desired survivor size 50855936 bytes, new threshold 15 (max threshold 15)
[111.479s][debug][gc,alloc,region   ] GC(2538) Mutator Allocation stats, regions: 769, wasted size: 179M (23.4%)
[111.480s][debug][gc,ergo           ] GC(2538) Running G1 Merge Heap Roots using 8 workers for 775 regions
[111.480s][debug][gc,remset         ] GC(2538) Visited cards 512 Total dirty 4096 (12.50%) Total old 3215360 (0.02%)
[111.480s][debug][gc,ergo           ] GC(2538) Running G1 Clear Card Table Task using 2 workers for 2 units of work for 777 regions.
[111.480s][debug][gc,ref            ] GC(2538) Skipped phase1 of Reference Processing due to unavailable references
[111.480s][debug][gc,ref            ] GC(2538) Skipped phase2 of Reference Processing due to unavailable references
[111.480s][debug][gc,ref            ] GC(2538) Skipped phase3 of Reference Processing due to unavailable references
[111.481s][debug][gc,ref            ] GC(2538) Skipped phase4 of Reference Processing due to unavailable references
[111.481s][debug][gc,ergo           ] GC(2538) Running G1 Free Collection Set using 8 workers for collection set length 775 (1293)
[111.481s][debug][gc,ergo           ] GC(2538) Running G1 Rebuild Free List Task using 8 workers for rebuilding free list of 0 (4096) regions
[111.481s][trace][gc,age            ] GC(2538) Age table with threshold 15 (max threshold 15)
[111.481s][trace][gc,age            ] GC(2538) - age   1:    4002584 bytes,    4002584 total
[111.481s][debug][gc,plab           ] GC(2538) Young PLAB allocation: allocated: 14448B, wasted: 0B, unused: 12000B, used: 2448B, undo waste: 0B, 
[111.481s][debug][gc,plab           ] GC(2538) Young other allocation: region end waste: 985928B, regions filled: 5, direct allocated: 4000136B, failure used: 0B, failure wasted: 0B
[111.481s][debug][gc,plab           ] GC(2538) Young sizing: calculated: 0B, actual: 2064B
[111.481s][debug][gc,plab           ] GC(2538) Old PLAB allocation: allocated: 0B, wasted: 0B, unused: 0B, used: 0B, undo waste: 0B, 
[111.481s][debug][gc,plab           ] GC(2538) Old other allocation: region end waste: 0B, regions filled: 1, direct allocated: 0B, failure used: 0B, failure wasted: 0B
[111.481s][debug][gc,plab           ] GC(2538) Old sizing: calculated: 0B, actual: 2064B
[111.481s][debug][gc,ihop           ] GC(2538) Basic information (value update), threshold: 610113945B (45.00), target occupancy: 1355808768B, current occupancy: 24147776B, recent allocation size: 0B, recent allocation duration: 39.06ms, recent old gen allocation rate: 0.00B/s, recent marking phase length: 30.68ms
[111.481s][debug][gc,ihop           ] GC(2538) Adaptive IHOP information (value update), threshold: 610113945B (47.37), internal target occupancy: 1288018329B, occupancy: 24147776B, additional buffer size: 812646400B, predicted old gen allocation rate: 31.78B/s, predicted marking phase length: 61.36ms, prediction active: false
[111.481s][debug][gc,ergo,refine    ] GC(2538) Concurrent refinement times: Logged Cards Scan time goal: 20.00ms Logged Cards Scan time: 0.00ms HCC time: 0.00ms
[111.481s][debug][gc,ergo,refine    ] GC(2538) Updated Refinement Zones: green: 2048, yellow: 6144, red: 10240
[111.481s][info ][gc,phases         ] GC(2538)   Pre Evacuate Collection Set: 0.1ms
[111.481s][debug][gc,phases         ] GC(2538)     Prepare TLABs: 0.0ms
[111.481s][debug][gc,phases         ] GC(2538)     Choose Collection Set: 0.0ms
[111.481s][debug][gc,phases         ] GC(2538)     Region Register: 0.1ms
[111.481s][debug][gc,phases         ] GC(2538)     Prepare Heap Roots: 0.0ms
[111.481s][info ][gc,phases         ] GC(2538)   Merge Heap Roots: 0.2ms
[111.481s][debug][gc,phases         ] GC(2538)     Prepare Merge Heap Roots: 0.0ms
[111.481s][debug][gc,phases         ] GC(2538)     Eager Reclaim (ms):       skipped
[111.481s][debug][gc,phases         ] GC(2538)     Remembered Sets (ms):     Min:  0.0, Avg:  0.0, Max:  0.0, Diff:  0.0, Sum:  0.3, Workers: 8
[111.481s][debug][gc,phases         ] GC(2538)       Merged Sparse:            Min: 0, Avg:  0.0, Max: 0, Diff: 0, Sum: 0, Workers: 8
[111.481s][debug][gc,phases         ] GC(2538)       Merged Fine:              Min: 0, Avg:  0.0, Max: 0, Diff: 0, Sum: 0, Workers: 8
[111.481s][debug][gc,phases         ] GC(2538)       Merged Coarse:            Min: 0, Avg:  0.0, Max: 0, Diff: 0, Sum: 0, Workers: 8
[111.481s][debug][gc,phases         ] GC(2538)       Dirty Cards:              Min: 0, Avg:  0.0, Max: 0, Diff: 0, Sum: 0, Workers: 8
[111.481s][debug][gc,phases         ] GC(2538)     Hot Card Cache (ms):      Min:  0.0, Avg:  0.0, Max:  0.0, Diff:  0.0, Sum:  0.0, Workers: 8
[111.481s][debug][gc,phases         ] GC(2538)       Dirty Cards:              Min: 0, Avg:  0.0, Max: 0, Diff: 0, Sum: 0, Workers: 8
[111.481s][debug][gc,phases         ] GC(2538)       Skipped Cards:            Min: 0, Avg:  0.0, Max: 0, Diff: 0, Sum: 0, Workers: 8
[111.481s][debug][gc,phases         ] GC(2538)     Log Buffers (ms):         Min:  0.0, Avg:  0.0, Max:  0.0, Diff:  0.0, Sum:  0.0, Workers: 8
[111.481s][debug][gc,phases         ] GC(2538)       Dirty Cards:              Min: 0, Avg:  0.2, Max: 1, Diff: 1, Sum: 2, Workers: 8
[111.481s][debug][gc,phases         ] GC(2538)       Skipped Cards:            Min: 0, Avg:  0.0, Max: 0, Diff: 0, Sum: 0, Workers: 8
[111.481s][info ][gc,phases         ] GC(2538)   Evacuate Collection Set: 0.5ms
[111.481s][debug][gc,phases         ] GC(2538)     Ext Root Scanning (ms):   Min:  0.0, Avg:  0.3, Max:  0.4, Diff:  0.4, Sum:  2.0, Workers: 8
[111.481s][debug][gc,phases         ] GC(2538)     Scan Heap Roots (ms):     Min:  0.0, Avg:  0.0, Max:  0.0, Diff:  0.0, Sum:  0.0, Workers: 8
[111.481s][debug][gc,phases         ] GC(2538)       Scanned Cards:            Min: 0, Avg:  0.2, Max: 1, Diff: 1, Sum: 2, Workers: 8
[111.481s][debug][gc,phases         ] GC(2538)       Scanned Blocks:           Min: 0, Avg:  0.2, Max: 1, Diff: 1, Sum: 2, Workers: 8
[111.481s][debug][gc,phases         ] GC(2538)       Claimed Chunks:           Min: 0, Avg:  0.2, Max: 1, Diff: 1, Sum: 2, Workers: 8
[111.481s][debug][gc,phases         ] GC(2538)     Code Root Scan (ms):      Min:  0.0, Avg:  0.0, Max:  0.0, Diff:  0.0, Sum:  0.1, Workers: 8
[111.481s][debug][gc,phases         ] GC(2538)     Object Copy (ms):         Min:  0.0, Avg:  0.0, Max:  0.0, Diff:  0.0, Sum:  0.0, Workers: 8
[111.481s][debug][gc,phases         ] GC(2538)     Termination (ms):         Min:  0.0, Avg:  0.1, Max:  0.1, Diff:  0.1, Sum:  0.6, Workers: 8
[111.481s][debug][gc,phases         ] GC(2538)       Termination Attempts:     Min: 1, Avg:  1.5, Max: 2, Diff: 1, Sum: 12, Workers: 8
[111.481s][debug][gc,phases         ] GC(2538)     GC Worker Other (ms):     Min:  0.0, Avg:  0.0, Max:  0.1, Diff:  0.1, Sum:  0.4, Workers: 8
[111.481s][debug][gc,phases         ] GC(2538)     GC Worker Total (ms):     Min:  0.2, Avg:  0.4, Max:  0.4, Diff:  0.3, Sum:  3.2, Workers: 8
[111.481s][info ][gc,phases         ] GC(2538)   Post Evacuate Collection Set: 0.7ms
[111.481s][debug][gc,phases         ] GC(2538)     Code Roots Fixup: 0.0ms
[111.481s][debug][gc,phases         ] GC(2538)     Clear Card Table: 0.2ms
[111.481s][debug][gc,phases         ] GC(2538)     Reference Processing: 0.1ms
[111.481s][debug][gc,phases,ref     ] GC(2538)       Reconsider SoftReferences: 0.0ms
[111.481s][debug][gc,phases,ref     ] GC(2538)         SoftRef (ms):             skipped
[111.481s][debug][gc,phases,ref     ] GC(2538)       Notify Soft/WeakReferences: 0.0ms
[111.481s][debug][gc,phases,ref     ] GC(2538)         SoftRef (ms):             skipped
[111.481s][debug][gc,phases,ref     ] GC(2538)         WeakRef (ms):             skipped
[111.481s][debug][gc,phases,ref     ] GC(2538)         FinalRef (ms):            skipped
[111.481s][debug][gc,phases,ref     ] GC(2538)         Total (ms):               skipped
[111.481s][debug][gc,phases,ref     ] GC(2538)       Notify and keep alive finalizable: 0.0ms
[111.481s][debug][gc,phases,ref     ] GC(2538)         FinalRef (ms):            skipped
[111.481s][debug][gc,phases,ref     ] GC(2538)       Notify PhantomReferences: 0.0ms
[111.481s][debug][gc,phases,ref     ] GC(2538)         PhantomRef (ms):          skipped
[111.481s][debug][gc,phases,ref     ] GC(2538)       SoftReference:
[111.481s][debug][gc,phases,ref     ] GC(2538)         Discovered: 0
[111.481s][debug][gc,phases,ref     ] GC(2538)         Cleared: 0
[111.481s][debug][gc,phases,ref     ] GC(2538)       WeakReference:
[111.481s][debug][gc,phases,ref     ] GC(2538)         Discovered: 0
[111.481s][debug][gc,phases,ref     ] GC(2538)         Cleared: 0
[111.481s][debug][gc,phases,ref     ] GC(2538)       FinalReference:
[111.481s][debug][gc,phases,ref     ] GC(2538)         Discovered: 0
[111.481s][debug][gc,phases,ref     ] GC(2538)         Cleared: 0
[111.481s][debug][gc,phases,ref     ] GC(2538)       PhantomReference:
[111.481s][debug][gc,phases,ref     ] GC(2538)         Discovered: 0
[111.481s][debug][gc,phases,ref     ] GC(2538)         Cleared: 0
[111.481s][debug][gc,phases         ] GC(2538)     Weak Processing: 0.1ms
[111.481s][debug][gc,phases         ] GC(2538)       JVMTI weak processing: 0.0ms
[111.481s][debug][gc,phases         ] GC(2538)         Dead: 0
[111.481s][debug][gc,phases         ] GC(2538)         Total: 0
[111.481s][debug][gc,phases         ] GC(2538)       JFR weak processing: 0.0ms
[111.481s][debug][gc,phases         ] GC(2538)         Dead: 0
[111.481s][debug][gc,phases         ] GC(2538)         Total: 0
[111.481s][debug][gc,phases         ] GC(2538)       JNI weak                  Min:  0.0, Avg:  0.0, Max:  0.0, Diff:  0.0, Sum:  0.0, Workers: 5
[111.481s][debug][gc,phases         ] GC(2538)         Dead                      Min: 0, Avg:  0.0, Max: 0, Diff: 0, Sum: 0, Workers: 5
[111.481s][debug][gc,phases         ] GC(2538)         Total                     Min: 0, Avg: 20.4, Max: 62, Diff: 62, Sum: 102, Workers: 5
[111.481s][debug][gc,phases         ] GC(2538)       VM weak                   Min:  0.0, Avg:  0.0, Max:  0.0, Diff:  0.0, Sum:  0.0, Workers: 5
[111.481s][debug][gc,phases         ] GC(2538)         Dead                      Min: 0, Avg:  0.0, Max: 0, Diff: 0, Sum: 0, Workers: 5
[111.482s][debug][gc,phases         ] GC(2538)         Total                     Min: 0, Avg: 42.4, Max: 64, Diff: 64, Sum: 212, Workers: 5
[111.482s][debug][gc,phases         ] GC(2538)       StringTable weak          Min:  0.0, Avg:  0.0, Max:  0.0, Diff:  0.0, Sum:  0.1, Workers: 5
[111.482s][debug][gc,phases         ] GC(2538)         Dead                      Min: 0, Avg:  0.0, Max: 0, Diff: 0, Sum: 0, Workers: 5
[111.482s][debug][gc,phases         ] GC(2538)         Total                     Min: 639, Avg: 684.6, Max: 704, Diff: 65, Sum: 3423, Workers: 5
[111.482s][debug][gc,phases         ] GC(2538)       ResolvedMethodTable weak  Min:  0.0, Avg:  0.0, Max:  0.0, Diff:  0.0, Sum:  0.0, Workers: 5
[111.482s][debug][gc,phases         ] GC(2538)         Dead                      Min: 0, Avg:  0.0, Max: 0, Diff: 0, Sum: 0, Workers: 5
[111.482s][debug][gc,phases         ] GC(2538)         Total                     Min: 64, Avg: 114.6, Max: 128, Diff: 64, Sum: 573, Workers: 5
[111.482s][debug][gc,phases         ] GC(2538)     Merge Per-Thread State: 0.0ms
[111.482s][debug][gc,phases         ] GC(2538)       Copied Bytes              Min: 0, Avg: 500323.0, Max: 800320, Diff: 800320, Sum: 4002584, Workers: 8
[111.482s][debug][gc,phases         ] GC(2538)       LAB Waste                 Min: 0, Avg:  0.0, Max: 0, Diff: 0, Sum: 0, Workers: 8
[111.482s][debug][gc,phases         ] GC(2538)       LAB Undo Waste            Min: 0, Avg:  0.0, Max: 0, Diff: 0, Sum: 0, Workers: 8
[111.482s][debug][gc,phases         ] GC(2538)     Code Roots Purge: 0.0ms
[111.482s][debug][gc,phases         ] GC(2538)     Redirty Cards: 0.0ms
[111.482s][debug][gc,phases         ] GC(2538)     DerivedPointerTable Update: 0.0ms
[111.482s][debug][gc,phases         ] GC(2538)     Free Collection Set: 0.2ms
[111.482s][debug][gc,phases         ] GC(2538)     Rebuild Free List: 0.1ms
[111.482s][debug][gc,phases         ] GC(2538)     Humongous Reclaim: 0.0ms
[111.482s][debug][gc,phases         ] GC(2538)     Start New Collection Set: 0.0ms
[111.482s][debug][gc,phases         ] GC(2538)     Resize TLABs: 0.0ms
[111.482s][debug][gc,phases         ] GC(2538)     Expand Heap After Collection: 0.0ms
[111.482s][info ][gc,phases         ] GC(2538)   Other: 0.5ms
[111.482s][info ][gc,heap           ] GC(2538) Eden regions: 769->0(770)
[111.482s][info ][gc,heap           ] GC(2538) Survivor regions: 6->5(97)
[111.482s][info ][gc,heap           ] GC(2538) Old regions: 18->18
[111.482s][info ][gc,heap           ] GC(2538) Archive regions: 2->2
[111.482s][info ][gc,heap           ] GC(2538) Humongous regions: 0->0
[111.482s][info ][gc,metaspace      ] GC(2538) Metaspace: 10016K(10624K)->10016K(10624K) NonClass: 8864K(9216K)->8864K(9216K) Class: 1152K(1408K)->1152K(1408K)
[111.482s][debug][gc,heap           ] GC(2538) Heap after GC invocations=2539 (full 1): garbage-first heap   total 1324032K, used 23581K [0x0000000700000000, 0x0000000800000000)
[111.482s][debug][gc,heap           ] GC(2538)   region size 1024K, 5 young (5120K), 5 survivors (5120K)
[111.482s][debug][gc,heap           ] GC(2538)  Metaspace       used 10016K, capacity 10304K, committed 10624K, reserved 1058816K
[111.482s][debug][gc,heap           ] GC(2538)   class space    used 1152K, capacity 1266K, committed 1408K, reserved 1048576K
[111.482s][info ][gc                ] GC(2538) Pause Young (Normal) (G1 Evacuation Pause) 792M->23M(1293M) 2.464ms
[111.482s][info ][gc,cpu            ] GC(2538) User=0.01s Sys=0.00s Real=0.00s
[111.482s][info ][safepoint         ] Safepoint "G1CollectForAllocation", Time since last: 37776268 ns, Reaching safepoint: 192302 ns, At safepoint: 2755319 ns, Total: 2947621 ns
[111.520s][debug][gc,heap           ] GC(2539) Heap before GC invocations=2539 (full 1): garbage-first heap   total 1324032K, used 811037K [0x0000000700000000, 0x0000000800000000)
[111.520s][debug][gc,heap           ] GC(2539)   region size 1024K, 775 young (793600K), 5 survivors (5120K)
[111.520s][debug][gc,heap           ] GC(2539)  Metaspace       used 10016K, capacity 10304K, committed 10624K, reserved 1058816K
[111.520s][debug][gc,heap           ] GC(2539)   class space    used 1152K, capacity 1266K, committed 1408K, reserved 1048576K
[111.520s][info ][gc,start          ] GC(2539) Pause Young (Normal) (G1 Evacuation Pause)
[111.520s][info ][gc,task           ] GC(2539) Using 8 workers of 8 for evacuation
[111.520s][debug][gc,tlab           ] GC(2539) TLAB totals: thrds: 8  refills: 15 max: 2 slow allocs: 1530 max 211 waste: 26.9% gc: 1291192B max: 243504B slow: 96768B max: 14304B fast: 0B max: 0B
[111.520s][debug][gc,age            ] GC(2539) Desired survivor size 50855936 bytes, new threshold 15 (max threshold 15)
[111.520s][debug][gc,alloc,region   ] GC(2539) Mutator Allocation stats, regions: 770, wasted size: 180M (23.4%)
[111.521s][debug][gc,ergo           ] GC(2539) Running G1 Merge Heap Roots using 8 workers for 775 regions
[111.521s][debug][gc,remset         ] GC(2539) Visited cards 256 Total dirty 2048 (12.50%) Total old 3215360 (0.01%)
[111.521s][debug][gc,ergo           ] GC(2539) Running G1 Clear Card Table Task using 2 workers for 2 units of work for 776 regions.
[111.521s][debug][gc,ref            ] GC(2539) Skipped phase1 of Reference Processing due to unavailable references
[111.522s][debug][gc,ref            ] GC(2539) Skipped phase2 of Reference Processing due to unavailable references
[111.522s][debug][gc,ref            ] GC(2539) Skipped phase3 of Reference Processing due to unavailable references
[111.522s][debug][gc,ref            ] GC(2539) Skipped phase4 of Reference Processing due to unavailable references
[111.522s][debug][gc,ergo           ] GC(2539) Running G1 Free Collection Set using 8 workers for collection set length 775 (1293)
[111.522s][debug][gc,ergo           ] GC(2539) Running G1 Rebuild Free List Task using 8 workers for rebuilding free list of 0 (4096) regions
[111.522s][trace][gc,age            ] GC(2539) Age table with threshold 15 (max threshold 15)
[111.522s][trace][gc,age            ] GC(2539) - age   1:    4002592 bytes,    4002592 total
[111.522s][debug][gc,plab           ] GC(2539) Young PLAB allocation: allocated: 16512B, wasted: 0B, unused: 14064B, used: 2448B, undo waste: 0B, 
[111.522s][debug][gc,plab           ] GC(2539) Young other allocation: region end waste: 981792B, regions filled: 5, direct allocated: 4000144B, failure used: 0B, failure wasted: 0B
[111.522s][debug][gc,plab           ] GC(2539) Young sizing: calculated: 0B, actual: 2064B
[111.522s][debug][gc,plab           ] GC(2539) Old PLAB allocation: allocated: 0B, wasted: 0B, unused: 0B, used: 0B, undo waste: 0B, 
[111.522s][debug][gc,plab           ] GC(2539) Old other allocation: region end waste: 0B, regions filled: 1, direct allocated: 0B, failure used: 0B, failure wasted: 0B
[111.522s][debug][gc,plab           ] GC(2539) Old sizing: calculated: 0B, actual: 2064B
[111.522s][debug][gc,ihop           ] GC(2539) Basic information (value update), threshold: 610113945B (45.00), target occupancy: 1355808768B, current occupancy: 24145712B, recent allocation size: 0B, recent allocation duration: 39.41ms, recent old gen allocation rate: 0.00B/s, recent marking phase length: 30.68ms
[111.522s][debug][gc,ihop           ] GC(2539) Adaptive IHOP information (value update), threshold: 610113945B (47.37), internal target occupancy: 1288018329B, occupancy: 24145712B, additional buffer size: 812646400B, predicted old gen allocation rate: 30.97B/s, predicted marking phase length: 61.36ms, prediction active: false
[111.522s][debug][gc,ergo,refine    ] GC(2539) Concurrent refinement times: Logged Cards Scan time goal: 20.00ms Logged Cards Scan time: 0.00ms HCC time: 0.00ms
[111.522s][debug][gc,ergo,refine    ] GC(2539) Updated Refinement Zones: green: 2048, yellow: 6144, red: 10240
[111.522s][info ][gc,phases         ] GC(2539)   Pre Evacuate Collection Set: 0.1ms
[111.522s][debug][gc,phases         ] GC(2539)     Prepare TLABs: 0.0ms
[111.522s][debug][gc,phases         ] GC(2539)     Choose Collection Set: 0.0ms
[111.522s][debug][gc,phases         ] GC(2539)     Region Register: 0.1ms
[111.522s][debug][gc,phases         ] GC(2539)     Prepare Heap Roots: 0.0ms
[111.522s][info ][gc,phases         ] GC(2539)   Merge Heap Roots: 0.2ms
[111.522s][debug][gc,phases         ] GC(2539)     Prepare Merge Heap Roots: 0.0ms
[111.522s][debug][gc,phases         ] GC(2539)     Eager Reclaim (ms):       skipped
[111.522s][debug][gc,phases         ] GC(2539)     Remembered Sets (ms):     Min:  0.0, Avg:  0.0, Max:  0.1, Diff:  0.0, Sum:  0.3, Workers: 8
[111.522s][debug][gc,phases         ] GC(2539)       Merged Sparse:            Min: 0, Avg:  0.0, Max: 0, Diff: 0, Sum: 0, Workers: 8
[111.522s][debug][gc,phases         ] GC(2539)       Merged Fine:              Min: 0, Avg:  0.0, Max: 0, Diff: 0, Sum: 0, Workers: 8
[111.522s][debug][gc,phases         ] GC(2539)       Merged Coarse:            Min: 0, Avg:  0.0, Max: 0, Diff: 0, Sum: 0, Workers: 8
[111.522s][debug][gc,phases         ] GC(2539)       Dirty Cards:              Min: 0, Avg:  0.0, Max: 0, Diff: 0, Sum: 0, Workers: 8
[111.522s][debug][gc,phases         ] GC(2539)     Hot Card Cache (ms):      Min:  0.0, Avg:  0.0, Max:  0.0, Diff:  0.0, Sum:  0.0, Workers: 8
[111.522s][debug][gc,phases         ] GC(2539)       Dirty Cards:              Min: 0, Avg:  0.0, Max: 0, Diff: 0, Sum: 0, Workers: 8
[111.522s][debug][gc,phases         ] GC(2539)       Skipped Cards:            Min: 0, Avg:  0.0, Max: 0, Diff: 0, Sum: 0, Workers: 8
[111.522s][debug][gc,phases         ] GC(2539)     Log Buffers (ms):         Min:  0.0, Avg:  0.0, Max:  0.0, Diff:  0.0, Sum:  0.0, Workers: 8
[111.522s][debug][gc,phases         ] GC(2539)       Dirty Cards:              Min: 0, Avg:  0.1, Max: 1, Diff: 1, Sum: 1, Workers: 8
[111.522s][debug][gc,phases         ] GC(2539)       Skipped Cards:            Min: 0, Avg:  0.0, Max: 0, Diff: 0, Sum: 0, Workers: 8
[111.522s][info ][gc,phases         ] GC(2539)   Evacuate Collection Set: 0.5ms
[111.522s][debug][gc,phases         ] GC(2539)     Ext Root Scanning (ms):   Min:  0.2, Avg:  0.3, Max:  0.4, Diff:  0.1, Sum:  2.4, Workers: 8
[111.522s][debug][gc,phases         ] GC(2539)     Scan Heap Roots (ms):     Min:  0.0, Avg:  0.0, Max:  0.0, Diff:  0.0, Sum:  0.0, Workers: 8
[111.522s][debug][gc,phases         ] GC(2539)       Scanned Cards:            Min: 0, Avg:  0.1, Max: 1, Diff: 1, Sum: 1, Workers: 8
[111.522s][debug][gc,phases         ] GC(2539)       Scanned Blocks:           Min: 0, Avg:  0.1, Max: 1, Diff: 1, Sum: 1, Workers: 8
[111.522s][debug][gc,phases         ] GC(2539)       Claimed Chunks:           Min: 0, Avg:  0.1, Max: 1, Diff: 1, Sum: 1, Workers: 8
[111.522s][debug][gc,phases         ] GC(2539)     Code Root Scan (ms):      Min:  0.0, Avg:  0.0, Max:  0.0, Diff:  0.0, Sum:  0.2, Workers: 8
[111.522s][debug][gc,phases         ] GC(2539)     Object Copy (ms):         Min:  0.0, Avg:  0.0, Max:  0.0, Diff:  0.0, Sum:  0.0, Workers: 8
[111.522s][debug][gc,phases         ] GC(2539)     Termination (ms):         Min:  0.1, Avg:  0.1, Max:  0.1, Diff:  0.0, Sum:  0.5, Workers: 8
[111.522s][debug][gc,phases         ] GC(2539)       Termination Attempts:     Min: 1, Avg:  1.0, Max: 1, Diff: 0, Sum: 8, Workers: 8
[111.522s][debug][gc,phases         ] GC(2539)     GC Worker Other (ms):     Min:  0.0, Avg:  0.1, Max:  0.1, Diff:  0.1, Sum:  0.4, Workers: 8
[111.522s][debug][gc,phases         ] GC(2539)     GC Worker Total (ms):     Min:  0.4, Avg:  0.4, Max:  0.4, Diff:  0.0, Sum:  3.5, Workers: 8
[111.522s][info ][gc,phases         ] GC(2539)   Post Evacuate Collection Set: 0.6ms
[111.522s][debug][gc,phases         ] GC(2539)     Code Roots Fixup: 0.0ms
[111.522s][debug][gc,phases         ] GC(2539)     Clear Card Table: 0.2ms
[111.523s][debug][gc,phases         ] GC(2539)     Reference Processing: 0.1ms
[111.523s][debug][gc,phases,ref     ] GC(2539)       Reconsider SoftReferences: 0.0ms
[111.523s][debug][gc,phases,ref     ] GC(2539)         SoftRef (ms):             skipped
[111.523s][debug][gc,phases,ref     ] GC(2539)       Notify Soft/WeakReferences: 0.0ms
[111.523s][debug][gc,phases,ref     ] GC(2539)         SoftRef (ms):             skipped
[111.523s][debug][gc,phases,ref     ] GC(2539)         WeakRef (ms):             skipped
[111.523s][debug][gc,phases,ref     ] GC(2539)         FinalRef (ms):            skipped
[111.523s][debug][gc,phases,ref     ] GC(2539)         Total (ms):               skipped
[111.523s][debug][gc,phases,ref     ] GC(2539)       Notify and keep alive finalizable: 0.0ms
[111.523s][debug][gc,phases,ref     ] GC(2539)         FinalRef (ms):            skipped
[111.523s][debug][gc,phases,ref     ] GC(2539)       Notify PhantomReferences: 0.0ms
[111.523s][debug][gc,phases,ref     ] GC(2539)         PhantomRef (ms):          skipped
[111.523s][debug][gc,phases,ref     ] GC(2539)       SoftReference:
[111.523s][debug][gc,phases,ref     ] GC(2539)         Discovered: 0
[111.523s][debug][gc,phases,ref     ] GC(2539)         Cleared: 0
[111.523s][debug][gc,phases,ref     ] GC(2539)       WeakReference:
[111.523s][debug][gc,phases,ref     ] GC(2539)         Discovered: 0
[111.523s][debug][gc,phases,ref     ] GC(2539)         Cleared: 0
[111.523s][debug][gc,phases,ref     ] GC(2539)       FinalReference:
[111.523s][debug][gc,phases,ref     ] GC(2539)         Discovered: 0
[111.523s][debug][gc,phases,ref     ] GC(2539)         Cleared: 0
[111.523s][debug][gc,phases,ref     ] GC(2539)       PhantomReference:
[111.523s][debug][gc,phases,ref     ] GC(2539)         Discovered: 0
[111.523s][debug][gc,phases,ref     ] GC(2539)         Cleared: 0
[111.523s][debug][gc,phases         ] GC(2539)     Weak Processing: 0.0ms
[111.523s][debug][gc,phases         ] GC(2539)       JVMTI weak processing: 0.0ms
[111.523s][debug][gc,phases         ] GC(2539)         Dead: 0
[111.523s][debug][gc,phases         ] GC(2539)         Total: 0
[111.523s][debug][gc,phases         ] GC(2539)       JFR weak processing: 0.0ms
[111.523s][debug][gc,phases         ] GC(2539)         Dead: 0
[111.523s][debug][gc,phases         ] GC(2539)         Total: 0
[111.523s][debug][gc,phases         ] GC(2539)       JNI weak                  Min:  0.0, Avg:  0.0, Max:  0.0, Diff:  0.0, Sum:  0.0, Workers: 5
[111.523s][debug][gc,phases         ] GC(2539)         Dead                      Min: 0, Avg:  0.0, Max: 0, Diff: 0, Sum: 0, Workers: 5
[111.523s][debug][gc,phases         ] GC(2539)         Total                     Min: 0, Avg: 20.4, Max: 62, Diff: 62, Sum: 102, Workers: 5
[111.523s][debug][gc,phases         ] GC(2539)       VM weak                   Min:  0.0, Avg:  0.0, Max:  0.0, Diff:  0.0, Sum:  0.0, Workers: 5
[111.523s][debug][gc,phases         ] GC(2539)         Dead                      Min: 0, Avg:  0.0, Max: 0, Diff: 0, Sum: 0, Workers: 5
[111.523s][debug][gc,phases         ] GC(2539)         Total                     Min: 0, Avg: 42.4, Max: 64, Diff: 64, Sum: 212, Workers: 5
[111.523s][debug][gc,phases         ] GC(2539)       StringTable weak          Min:  0.0, Avg:  0.0, Max:  0.0, Diff:  0.0, Sum:  0.1, Workers: 5
[111.523s][debug][gc,phases         ] GC(2539)         Dead                      Min: 0, Avg:  0.0, Max: 0, Diff: 0, Sum: 0, Workers: 5
[111.523s][debug][gc,phases         ] GC(2539)         Total                     Min: 639, Avg: 684.6, Max: 768, Diff: 129, Sum: 3423, Workers: 5
[111.523s][debug][gc,phases         ] GC(2539)       ResolvedMethodTable weak  Min:  0.0, Avg:  0.0, Max:  0.0, Diff:  0.0, Sum:  0.0, Workers: 5
[111.523s][debug][gc,phases         ] GC(2539)         Dead                      Min: 0, Avg:  0.0, Max: 0, Diff: 0, Sum: 0, Workers: 5
[111.523s][debug][gc,phases         ] GC(2539)         Total                     Min: 64, Avg: 114.6, Max: 128, Diff: 64, Sum: 573, Workers: 5
[111.523s][debug][gc,phases         ] GC(2539)     Merge Per-Thread State: 0.0ms
[111.523s][debug][gc,phases         ] GC(2539)       Copied Bytes              Min: 400088, Avg: 500324.0, Max: 800096, Diff: 400008, Sum: 4002592, Workers: 8
[111.523s][debug][gc,phases         ] GC(2539)       LAB Waste                 Min: 0, Avg:  0.0, Max: 0, Diff: 0, Sum: 0, Workers: 8
[111.523s][debug][gc,phases         ] GC(2539)       LAB Undo Waste            Min: 0, Avg:  0.0, Max: 0, Diff: 0, Sum: 0, Workers: 8
[111.523s][debug][gc,phases         ] GC(2539)     Code Roots Purge: 0.0ms
[111.523s][debug][gc,phases         ] GC(2539)     Redirty Cards: 0.0ms
[111.523s][debug][gc,phases         ] GC(2539)     DerivedPointerTable Update: 0.0ms
[111.523s][debug][gc,phases         ] GC(2539)     Free Collection Set: 0.2ms
[111.523s][debug][gc,phases         ] GC(2539)     Rebuild Free List: 0.1ms
[111.523s][debug][gc,phases         ] GC(2539)     Humongous Reclaim: 0.0ms
[111.523s][debug][gc,phases         ] GC(2539)     Start New Collection Set: 0.0ms
[111.523s][debug][gc,phases         ] GC(2539)     Resize TLABs: 0.0ms
[111.523s][debug][gc,phases         ] GC(2539)     Expand Heap After Collection: 0.0ms
[111.523s][info ][gc,phases         ] GC(2539)   Other: 0.6ms
[111.523s][info ][gc,heap           ] GC(2539) Eden regions: 770->0(770)
[111.523s][info ][gc,heap           ] GC(2539) Survivor regions: 5->5(97)
[111.523s][info ][gc,heap           ] GC(2539) Old regions: 18->18
[111.523s][info ][gc,heap           ] GC(2539) Archive regions: 2->2
[111.523s][info ][gc,heap           ] GC(2539) Humongous regions: 0->0
[111.523s][info ][gc,metaspace      ] GC(2539) Metaspace: 10016K(10624K)->10016K(10624K) NonClass: 8864K(9216K)->8864K(9216K) Class: 1152K(1408K)->1152K(1408K)
[111.523s][debug][gc,heap           ] GC(2539) Heap after GC invocations=2540 (full 1): garbage-first heap   total 1324032K, used 23579K [0x0000000700000000, 0x0000000800000000)
[111.523s][debug][gc,heap           ] GC(2539)   region size 1024K, 5 young (5120K), 5 survivors (5120K)
[111.523s][debug][gc,heap           ] GC(2539)  Metaspace       used 10016K, capacity 10304K, committed 10624K, reserved 1058816K
[111.523s][debug][gc,heap           ] GC(2539)   class space    used 1152K, capacity 1266K, committed 1408K, reserved 1048576K
[111.523s][info ][gc                ] GC(2539) Pause Young (Normal) (G1 Evacuation Pause) 792M->23M(1293M) 2.572ms
[111.523s][info ][gc,cpu            ] GC(2539) User=0.01s Sys=0.00s Real=0.01s
[111.523s][info ][safepoint         ] Safepoint "G1CollectForAllocation", Time since last: 38243918 ns, Reaching safepoint: 154954 ns, At safepoint: 3109113 ns, Total: 3264067 ns
[111.565s][debug][gc,heap           ] GC(2540) Heap before GC invocations=2540 (full 1): garbage-first heap   total 1324032K, used 811035K [0x0000000700000000, 0x0000000800000000)
[111.565s][debug][gc,heap           ] GC(2540)   region size 1024K, 775 young (793600K), 5 survivors (5120K)
[111.565s][debug][gc,heap           ] GC(2540)  Metaspace       used 10016K, capacity 10304K, committed 10624K, reserved 1058816K
[111.565s][debug][gc,heap           ] GC(2540)   class space    used 1152K, capacity 1266K, committed 1408K, reserved 1048576K
[111.565s][info ][gc,start          ] GC(2540) Pause Young (Normal) (G1 Evacuation Pause)
[111.565s][info ][gc,task           ] GC(2540) Using 8 workers of 8 for evacuation
[111.565s][debug][gc,tlab           ] GC(2540) TLAB totals: thrds: 8  refills: 15 max: 2 slow allocs: 1534 max 243 waste: 21.0% gc: 847760B max: 212296B slow: 47408B max: 13920B fast: 0B max: 0B
[111.565s][debug][gc,age            ] GC(2540) Desired survivor size 50855936 bytes, new threshold 15 (max threshold 15)
[111.565s][debug][gc,alloc,region   ] GC(2540) Mutator Allocation stats, regions: 770, wasted size: 180M (23.4%)
[111.565s][debug][gc,ergo           ] GC(2540) Running G1 Merge Heap Roots using 8 workers for 775 regions
[111.566s][debug][gc,remset         ] GC(2540) Visited cards 512 Total dirty 4096 (12.50%) Total old 3215360 (0.02%)
[111.566s][debug][gc,ergo           ] GC(2540) Running G1 Clear Card Table Task using 2 workers for 2 units of work for 777 regions.
[111.566s][debug][gc,ref            ] GC(2540) Skipped phase1 of Reference Processing due to unavailable references
[111.566s][debug][gc,ref            ] GC(2540) Skipped phase2 of Reference Processing due to unavailable references
[111.566s][debug][gc,ref            ] GC(2540) Skipped phase3 of Reference Processing due to unavailable references
[111.566s][debug][gc,ref            ] GC(2540) Skipped phase4 of Reference Processing due to unavailable references
[111.566s][debug][gc,ergo           ] GC(2540) Running G1 Free Collection Set using 8 workers for collection set length 775 (1293)
[111.567s][debug][gc,ergo           ] GC(2540) Running G1 Rebuild Free List Task using 8 workers for rebuilding free list of 0 (4096) regions
[111.567s][trace][gc,age            ] GC(2540) Age table with threshold 15 (max threshold 15)
[111.567s][trace][gc,age            ] GC(2540) - age   1:    2402472 bytes,    2402472 total
[111.567s][debug][gc,plab           ] GC(2540) Young PLAB allocation: allocated: 16512B, wasted: 0B, unused: 14128B, used: 2384B, undo waste: 0B, 
[111.567s][debug][gc,plab           ] GC(2540) Young other allocation: region end waste: 482640B, regions filled: 3, direct allocated: 2400088B, failure used: 0B, failure wasted: 0B
[111.567s][debug][gc,plab           ] GC(2540) Young sizing: calculated: 0B, actual: 2064B
[111.567s][debug][gc,plab           ] GC(2540) Old PLAB allocation: allocated: 0B, wasted: 0B, unused: 0B, used: 0B, undo waste: 0B, 
[111.567s][debug][gc,plab           ] GC(2540) Old other allocation: region end waste: 0B, regions filled: 1, direct allocated: 0B, failure used: 0B, failure wasted: 0B
[111.567s][debug][gc,plab           ] GC(2540) Old sizing: calculated: 0B, actual: 2064B
[111.567s][debug][gc,ihop           ] GC(2540) Basic information (value update), threshold: 610113945B (45.00), target occupancy: 1355808768B, current occupancy: 22046504B, recent allocation size: 0B, recent allocation duration: 43.10ms, recent old gen allocation rate: 0.00B/s, recent marking phase length: 30.68ms
[111.567s][debug][gc,ihop           ] GC(2540) Adaptive IHOP information (value update), threshold: 610113945B (47.37), internal target occupancy: 1288018329B, occupancy: 22046504B, additional buffer size: 812646400B, predicted old gen allocation rate: 30.19B/s, predicted marking phase length: 61.36ms, prediction active: false
[111.567s][debug][gc,ergo,refine    ] GC(2540) Concurrent refinement times: Logged Cards Scan time goal: 20.00ms Logged Cards Scan time: 0.00ms HCC time: 0.00ms
[111.567s][debug][gc,ergo,refine    ] GC(2540) Updated Refinement Zones: green: 2048, yellow: 6144, red: 10240
[111.567s][info ][gc,phases         ] GC(2540)   Pre Evacuate Collection Set: 0.1ms
[111.567s][debug][gc,phases         ] GC(2540)     Prepare TLABs: 0.0ms
[111.567s][debug][gc,phases         ] GC(2540)     Choose Collection Set: 0.0ms
[111.567s][debug][gc,phases         ] GC(2540)     Region Register: 0.1ms
[111.567s][debug][gc,phases         ] GC(2540)     Prepare Heap Roots: 0.0ms
[111.567s][info ][gc,phases         ] GC(2540)   Merge Heap Roots: 0.2ms
[111.567s][debug][gc,phases         ] GC(2540)     Prepare Merge Heap Roots: 0.0ms
[111.567s][debug][gc,phases         ] GC(2540)     Eager Reclaim (ms):       skipped
[111.567s][debug][gc,phases         ] GC(2540)     Remembered Sets (ms):     Min:  0.0, Avg:  0.0, Max:  0.0, Diff:  0.0, Sum:  0.3, Workers: 8
[111.567s][debug][gc,phases         ] GC(2540)       Merged Sparse:            Min: 0, Avg:  0.0, Max: 0, Diff: 0, Sum: 0, Workers: 8
[111.567s][debug][gc,phases         ] GC(2540)       Merged Fine:              Min: 0, Avg:  0.0, Max: 0, Diff: 0, Sum: 0, Workers: 8
[111.567s][debug][gc,phases         ] GC(2540)       Merged Coarse:            Min: 0, Avg:  0.0, Max: 0, Diff: 0, Sum: 0, Workers: 8
[111.567s][debug][gc,phases         ] GC(2540)       Dirty Cards:              Min: 0, Avg:  0.0, Max: 0, Diff: 0, Sum: 0, Workers: 8
[111.567s][debug][gc,phases         ] GC(2540)     Hot Card Cache (ms):      Min:  0.0, Avg:  0.0, Max:  0.0, Diff:  0.0, Sum:  0.0, Workers: 8
[111.567s][debug][gc,phases         ] GC(2540)       Dirty Cards:              Min: 0, Avg:  0.0, Max: 0, Diff: 0, Sum: 0, Workers: 8
[111.567s][debug][gc,phases         ] GC(2540)       Skipped Cards:            Min: 0, Avg:  0.0, Max: 0, Diff: 0, Sum: 0, Workers: 8
[111.567s][debug][gc,phases         ] GC(2540)     Log Buffers (ms):         Min:  0.0, Avg:  0.0, Max:  0.0, Diff:  0.0, Sum:  0.0, Workers: 8
[111.567s][debug][gc,phases         ] GC(2540)       Dirty Cards:              Min: 0, Avg:  0.2, Max: 1, Diff: 1, Sum: 2, Workers: 8
[111.567s][debug][gc,phases         ] GC(2540)       Skipped Cards:            Min: 0, Avg:  0.0, Max: 0, Diff: 0, Sum: 0, Workers: 8
[111.567s][info ][gc,phases         ] GC(2540)   Evacuate Collection Set: 0.4ms
[111.567s][debug][gc,phases         ] GC(2540)     Ext Root Scanning (ms):   Min:  0.1, Avg:  0.2, Max:  0.3, Diff:  0.3, Sum:  1.3, Workers: 8
[111.567s][debug][gc,phases         ] GC(2540)     Scan Heap Roots (ms):     Min:  0.0, Avg:  0.0, Max:  0.0, Diff:  0.0, Sum:  0.0, Workers: 8
[111.567s][debug][gc,phases         ] GC(2540)       Scanned Cards:            Min: 0, Avg:  0.2, Max: 2, Diff: 2, Sum: 2, Workers: 8
[111.567s][debug][gc,phases         ] GC(2540)       Scanned Blocks:           Min: 0, Avg:  0.2, Max: 2, Diff: 2, Sum: 2, Workers: 8
[111.567s][debug][gc,phases         ] GC(2540)       Claimed Chunks:           Min: 0, Avg:  0.2, Max: 2, Diff: 2, Sum: 2, Workers: 8
[111.567s][debug][gc,phases         ] GC(2540)     Code Root Scan (ms):      Min:  0.0, Avg:  0.0, Max:  0.1, Diff:  0.1, Sum:  0.2, Workers: 8
[111.567s][debug][gc,phases         ] GC(2540)     Object Copy (ms):         Min:  0.0, Avg:  0.0, Max:  0.0, Diff:  0.0, Sum:  0.0, Workers: 8
[111.567s][debug][gc,phases         ] GC(2540)     Termination (ms):         Min:  0.0, Avg:  0.1, Max:  0.2, Diff:  0.1, Sum:  1.1, Workers: 8
[111.567s][debug][gc,phases         ] GC(2540)       Termination Attempts:     Min: 1, Avg:  1.0, Max: 1, Diff: 0, Sum: 8, Workers: 8
[111.567s][debug][gc,phases         ] GC(2540)     GC Worker Other (ms):     Min:  0.0, Avg:  0.1, Max:  0.1, Diff:  0.1, Sum:  0.4, Workers: 8
[111.567s][debug][gc,phases         ] GC(2540)     GC Worker Total (ms):     Min:  0.4, Avg:  0.4, Max:  0.4, Diff:  0.0, Sum:  3.1, Workers: 8
[111.567s][info ][gc,phases         ] GC(2540)   Post Evacuate Collection Set: 0.8ms
[111.567s][debug][gc,phases         ] GC(2540)     Code Roots Fixup: 0.0ms
[111.567s][debug][gc,phases         ] GC(2540)     Clear Card Table: 0.3ms
[111.567s][debug][gc,phases         ] GC(2540)     Reference Processing: 0.1ms
[111.567s][debug][gc,phases,ref     ] GC(2540)       Reconsider SoftReferences: 0.0ms
[111.567s][debug][gc,phases,ref     ] GC(2540)         SoftRef (ms):             skipped
[111.567s][debug][gc,phases,ref     ] GC(2540)       Notify Soft/WeakReferences: 0.0ms
[111.567s][debug][gc,phases,ref     ] GC(2540)         SoftRef (ms):             skipped
[111.567s][debug][gc,phases,ref     ] GC(2540)         WeakRef (ms):             skipped
[111.568s][debug][gc,phases,ref     ] GC(2540)         FinalRef (ms):            skipped
[111.568s][debug][gc,phases,ref     ] GC(2540)         Total (ms):               skipped
[111.568s][debug][gc,phases,ref     ] GC(2540)       Notify and keep alive finalizable: 0.0ms
[111.568s][debug][gc,phases,ref     ] GC(2540)         FinalRef (ms):            skipped
[111.568s][debug][gc,phases,ref     ] GC(2540)       Notify PhantomReferences: 0.0ms
[111.568s][debug][gc,phases,ref     ] GC(2540)         PhantomRef (ms):          skipped
[111.568s][debug][gc,phases,ref     ] GC(2540)       SoftReference:
[111.568s][debug][gc,phases,ref     ] GC(2540)         Discovered: 0
[111.568s][debug][gc,phases,ref     ] GC(2540)         Cleared: 0
[111.568s][debug][gc,phases,ref     ] GC(2540)       WeakReference:
[111.568s][debug][gc,phases,ref     ] GC(2540)         Discovered: 0
[111.568s][debug][gc,phases,ref     ] GC(2540)         Cleared: 0
[111.568s][debug][gc,phases,ref     ] GC(2540)       FinalReference:
[111.568s][debug][gc,phases,ref     ] GC(2540)         Discovered: 0
[111.568s][debug][gc,phases,ref     ] GC(2540)         Cleared: 0
[111.568s][debug][gc,phases,ref     ] GC(2540)       PhantomReference:
[111.568s][debug][gc,phases,ref     ] GC(2540)         Discovered: 0
[111.568s][debug][gc,phases,ref     ] GC(2540)         Cleared: 0
[111.568s][debug][gc,phases         ] GC(2540)     Weak Processing: 0.0ms
[111.568s][debug][gc,phases         ] GC(2540)       JVMTI weak processing: 0.0ms
[111.568s][debug][gc,phases         ] GC(2540)         Dead: 0
[111.568s][debug][gc,phases         ] GC(2540)         Total: 0
[111.568s][debug][gc,phases         ] GC(2540)       JFR weak processing: 0.0ms
[111.568s][debug][gc,phases         ] GC(2540)         Dead: 0
[111.568s][debug][gc,phases         ] GC(2540)         Total: 0
[111.568s][debug][gc,phases         ] GC(2540)       JNI weak                  Min:  0.0, Avg:  0.0, Max:  0.0, Diff:  0.0, Sum:  0.0, Workers: 5
[111.568s][debug][gc,phases         ] GC(2540)         Dead                      Min: 0, Avg:  0.0, Max: 0, Diff: 0, Sum: 0, Workers: 5
[111.568s][debug][gc,phases         ] GC(2540)         Total                     Min: 0, Avg: 20.4, Max: 62, Diff: 62, Sum: 102, Workers: 5
[111.568s][debug][gc,phases         ] GC(2540)       VM weak                   Min:  0.0, Avg:  0.0, Max:  0.0, Diff:  0.0, Sum:  0.0, Workers: 5
[111.568s][debug][gc,phases         ] GC(2540)         Dead                      Min: 0, Avg:  0.0, Max: 0, Diff: 0, Sum: 0, Workers: 5
[111.568s][debug][gc,phases         ] GC(2540)         Total                     Min: 0, Avg: 42.4, Max: 64, Diff: 64, Sum: 212, Workers: 5
[111.568s][debug][gc,phases         ] GC(2540)       StringTable weak          Min:  0.0, Avg:  0.0, Max:  0.0, Diff:  0.0, Sum:  0.1, Workers: 5
[111.568s][debug][gc,phases         ] GC(2540)         Dead                      Min: 0, Avg:  0.0, Max: 0, Diff: 0, Sum: 0, Workers: 5
[111.568s][debug][gc,phases         ] GC(2540)         Total                     Min: 0, Avg: 684.6, Max: 928, Diff: 928, Sum: 3423, Workers: 5
[111.568s][debug][gc,phases         ] GC(2540)       ResolvedMethodTable weak  Min:  0.0, Avg:  0.0, Max:  0.0, Diff:  0.0, Sum:  0.0, Workers: 5
[111.568s][debug][gc,phases         ] GC(2540)         Dead                      Min: 0, Avg:  0.0, Max: 0, Diff: 0, Sum: 0, Workers: 5
[111.568s][debug][gc,phases         ] GC(2540)         Total                     Min: 0, Avg: 114.6, Max: 189, Diff: 189, Sum: 573, Workers: 5
[111.568s][debug][gc,phases         ] GC(2540)     Merge Per-Thread State: 0.0ms
[111.568s][debug][gc,phases         ] GC(2540)       Copied Bytes              Min: 72, Avg: 300309.0, Max: 800096, Diff: 800024, Sum: 2402472, Workers: 8
[111.568s][debug][gc,phases         ] GC(2540)       LAB Waste                 Min: 0, Avg:  0.0, Max: 0, Diff: 0, Sum: 0, Workers: 8
[111.568s][debug][gc,phases         ] GC(2540)       LAB Undo Waste            Min: 0, Avg:  0.0, Max: 0, Diff: 0, Sum: 0, Workers: 8
[111.568s][debug][gc,phases         ] GC(2540)     Code Roots Purge: 0.0ms
[111.568s][debug][gc,phases         ] GC(2540)     Redirty Cards: 0.1ms
[111.568s][debug][gc,phases         ] GC(2540)     DerivedPointerTable Update: 0.0ms
[111.568s][debug][gc,phases         ] GC(2540)     Free Collection Set: 0.2ms
[111.568s][debug][gc,phases         ] GC(2540)     Rebuild Free List: 0.1ms
[111.568s][debug][gc,phases         ] GC(2540)     Humongous Reclaim: 0.0ms
[111.568s][debug][gc,phases         ] GC(2540)     Start New Collection Set: 0.0ms
[111.568s][debug][gc,phases         ] GC(2540)     Resize TLABs: 0.0ms
[111.568s][debug][gc,phases         ] GC(2540)     Expand Heap After Collection: 0.0ms
[111.568s][info ][gc,phases         ] GC(2540)   Other: 0.4ms
[111.568s][info ][gc,heap           ] GC(2540) Eden regions: 770->0(772)
[111.568s][info ][gc,heap           ] GC(2540) Survivor regions: 5->3(97)
[111.568s][info ][gc,heap           ] GC(2540) Old regions: 18->18
[111.568s][info ][gc,heap           ] GC(2540) Archive regions: 2->2
[111.568s][info ][gc,heap           ] GC(2540) Humongous regions: 0->0
[111.568s][info ][gc,metaspace      ] GC(2540) Metaspace: 10016K(10624K)->10016K(10624K) NonClass: 8864K(9216K)->8864K(9216K) Class: 1152K(1408K)->1152K(1408K)
[111.568s][debug][gc,heap           ] GC(2540) Heap after GC invocations=2541 (full 1): garbage-first heap   total 1324032K, used 21529K [0x0000000700000000, 0x0000000800000000)
[111.568s][debug][gc,heap           ] GC(2540)   region size 1024K, 3 young (3072K), 3 survivors (3072K)
[111.568s][debug][gc,heap           ] GC(2540)  Metaspace       used 10016K, capacity 10304K, committed 10624K, reserved 1058816K
[111.568s][debug][gc,heap           ] GC(2540)   class space    used 1152K, capacity 1266K, committed 1408K, reserved 1048576K
[111.568s][info ][gc                ] GC(2540) Pause Young (Normal) (G1 Evacuation Pause) 792M->21M(1293M) 3.155ms
[111.568s][info ][gc,cpu            ] GC(2540) User=0.01s Sys=0.00s Real=0.00s
[111.568s][info ][safepoint         ] Safepoint "G1CollectForAllocation", Time since last: 41506700 ns, Reaching safepoint: 184271 ns, At safepoint: 3426532 ns, Total: 3610803 ns
[111.608s][debug][gc,heap           ] GC(2541) Heap before GC invocations=2541 (full 1): garbage-first heap   total 1324032K, used 811033K [0x0000000700000000, 0x0000000800000000)
[111.608s][debug][gc,heap           ] GC(2541)   region size 1024K, 775 young (793600K), 3 survivors (3072K)
[111.608s][debug][gc,heap           ] GC(2541)  Metaspace       used 10016K, capacity 10304K, committed 10624K, reserved 1058816K
[111.608s][debug][gc,heap           ] GC(2541)   class space    used 1152K, capacity 1266K, committed 1408K, reserved 1048576K
[111.608s][info ][gc,start          ] GC(2541) Pause Young (Normal) (G1 Evacuation Pause)
[111.608s][info ][gc,task           ] GC(2541) Using 8 workers of 8 for evacuation
[111.608s][debug][gc,tlab           ] GC(2541) TLAB totals: thrds: 8  refills: 13 max: 3 slow allocs: 1536 max 222 waste: 32.9% gc: 1205576B max: 246880B slow: 56544B max: 15488B fast: 0B max: 0B
[111.608s][debug][gc,age            ] GC(2541) Desired survivor size 50855936 bytes, new threshold 15 (max threshold 15)
[111.608s][debug][gc,alloc,region   ] GC(2541) Mutator Allocation stats, regions: 772, wasted size: 180M (23.4%)
[111.608s][debug][gc,ergo           ] GC(2541) Running G1 Merge Heap Roots using 8 workers for 775 regions
[111.608s][debug][gc,remset         ] GC(2541) Visited cards 256 Total dirty 2048 (12.50%) Total old 3215360 (0.01%)
[111.609s][debug][gc,ergo           ] GC(2541) Running G1 Clear Card Table Task using 2 workers for 2 units of work for 776 regions.
[111.609s][debug][gc,ref            ] GC(2541) Skipped phase1 of Reference Processing due to unavailable references
[111.609s][debug][gc,ref            ] GC(2541) Skipped phase2 of Reference Processing due to unavailable references
[111.609s][debug][gc,ref            ] GC(2541) Skipped phase3 of Reference Processing due to unavailable references
[111.609s][debug][gc,ref            ] GC(2541) Skipped phase4 of Reference Processing due to unavailable references
[111.609s][debug][gc,ergo           ] GC(2541) Running G1 Free Collection Set using 8 workers for collection set length 775 (1293)
[111.609s][debug][gc,ergo           ] GC(2541) Running G1 Rebuild Free List Task using 8 workers for rebuilding free list of 0 (4096) regions
[111.610s][trace][gc,age            ] GC(2541) Age table with threshold 15 (max threshold 15)
[111.610s][trace][gc,age            ] GC(2541) - age   1:    3202552 bytes,    3202552 total
[111.610s][debug][gc,plab           ] GC(2541) Young PLAB allocation: allocated: 16512B, wasted: 0B, unused: 14064B, used: 2448B, undo waste: 0B, 
[111.610s][debug][gc,plab           ] GC(2541) Young other allocation: region end waste: 735320B, regions filled: 4, direct allocated: 3200104B, failure used: 0B, failure wasted: 0B
[111.610s][debug][gc,plab           ] GC(2541) Young sizing: calculated: 0B, actual: 2064B
[111.610s][debug][gc,plab           ] GC(2541) Old PLAB allocation: allocated: 0B, wasted: 0B, unused: 0B, used: 0B, undo waste: 0B, 
[111.610s][debug][gc,plab           ] GC(2541) Old other allocation: region end waste: 0B, regions filled: 1, direct allocated: 0B, failure used: 0B, failure wasted: 0B
[111.610s][debug][gc,plab           ] GC(2541) Old sizing: calculated: 0B, actual: 2064B
[111.610s][debug][gc,ihop           ] GC(2541) Basic information (value update), threshold: 610113945B (45.00), target occupancy: 1355808768B, current occupancy: 23099200B, recent allocation size: 0B, recent allocation duration: 41.31ms, recent old gen allocation rate: 0.00B/s, recent marking phase length: 30.68ms
[111.610s][debug][gc,ihop           ] GC(2541) Adaptive IHOP information (value update), threshold: 610113945B (47.37), internal target occupancy: 1288018329B, occupancy: 23099200B, additional buffer size: 812646400B, predicted old gen allocation rate: 29.42B/s, predicted marking phase length: 61.36ms, prediction active: false
[111.610s][debug][gc,ergo,refine    ] GC(2541) Concurrent refinement times: Logged Cards Scan time goal: 20.00ms Logged Cards Scan time: 0.00ms HCC time: 0.00ms
[111.610s][debug][gc,ergo,refine    ] GC(2541) Updated Refinement Zones: green: 2048, yellow: 6144, red: 10240
[111.610s][info ][gc,phases         ] GC(2541)   Pre Evacuate Collection Set: 0.1ms
[111.610s][debug][gc,phases         ] GC(2541)     Prepare TLABs: 0.0ms
[111.610s][debug][gc,phases         ] GC(2541)     Choose Collection Set: 0.0ms
[111.610s][debug][gc,phases         ] GC(2541)     Region Register: 0.1ms
[111.610s][debug][gc,phases         ] GC(2541)     Prepare Heap Roots: 0.0ms
[111.610s][info ][gc,phases         ] GC(2541)   Merge Heap Roots: 0.1ms
[111.610s][debug][gc,phases         ] GC(2541)     Prepare Merge Heap Roots: 0.0ms
[111.610s][debug][gc,phases         ] GC(2541)     Eager Reclaim (ms):       skipped
[111.610s][debug][gc,phases         ] GC(2541)     Remembered Sets (ms):     Min:  0.0, Avg:  0.0, Max:  0.0, Diff:  0.0, Sum:  0.3, Workers: 8
[111.610s][debug][gc,phases         ] GC(2541)       Merged Sparse:            Min: 0, Avg:  0.0, Max: 0, Diff: 0, Sum: 0, Workers: 8
[111.610s][debug][gc,phases         ] GC(2541)       Merged Fine:              Min: 0, Avg:  0.0, Max: 0, Diff: 0, Sum: 0, Workers: 8
[111.610s][debug][gc,phases         ] GC(2541)       Merged Coarse:            Min: 0, Avg:  0.0, Max: 0, Diff: 0, Sum: 0, Workers: 8
[111.610s][debug][gc,phases         ] GC(2541)       Dirty Cards:              Min: 0, Avg:  0.0, Max: 0, Diff: 0, Sum: 0, Workers: 8
[111.610s][debug][gc,phases         ] GC(2541)     Hot Card Cache (ms):      Min:  0.0, Avg:  0.0, Max:  0.0, Diff:  0.0, Sum:  0.0, Workers: 8
[111.610s][debug][gc,phases         ] GC(2541)       Dirty Cards:              Min: 0, Avg:  0.0, Max: 0, Diff: 0, Sum: 0, Workers: 8
[111.610s][debug][gc,phases         ] GC(2541)       Skipped Cards:            Min: 0, Avg:  0.0, Max: 0, Diff: 0, Sum: 0, Workers: 8
[111.610s][debug][gc,phases         ] GC(2541)     Log Buffers (ms):         Min:  0.0, Avg:  0.0, Max:  0.0, Diff:  0.0, Sum:  0.0, Workers: 8
[111.610s][debug][gc,phases         ] GC(2541)       Dirty Cards:              Min: 0, Avg:  0.1, Max: 1, Diff: 1, Sum: 1, Workers: 8
[111.610s][debug][gc,phases         ] GC(2541)       Skipped Cards:            Min: 0, Avg:  0.0, Max: 0, Diff: 0, Sum: 0, Workers: 8
[111.610s][info ][gc,phases         ] GC(2541)   Evacuate Collection Set: 0.4ms
[111.610s][debug][gc,phases         ] GC(2541)     Ext Root Scanning (ms):   Min:  0.0, Avg:  0.2, Max:  0.3, Diff:  0.3, Sum:  1.4, Workers: 8
[111.610s][debug][gc,phases         ] GC(2541)     Scan Heap Roots (ms):     Min:  0.0, Avg:  0.0, Max:  0.0, Diff:  0.0, Sum:  0.0, Workers: 8
[111.610s][debug][gc,phases         ] GC(2541)       Scanned Cards:            Min: 0, Avg:  0.1, Max: 1, Diff: 1, Sum: 1, Workers: 8
[111.610s][debug][gc,phases         ] GC(2541)       Scanned Blocks:           Min: 0, Avg:  0.1, Max: 1, Diff: 1, Sum: 1, Workers: 8
[111.610s][debug][gc,phases         ] GC(2541)       Claimed Chunks:           Min: 0, Avg:  0.1, Max: 1, Diff: 1, Sum: 1, Workers: 8
[111.610s][debug][gc,phases         ] GC(2541)     Code Root Scan (ms):      Min:  0.0, Avg:  0.0, Max:  0.0, Diff:  0.0, Sum:  0.1, Workers: 8
[111.610s][debug][gc,phases         ] GC(2541)     Object Copy (ms):         Min:  0.0, Avg:  0.0, Max:  0.0, Diff:  0.0, Sum:  0.0, Workers: 8
[111.610s][debug][gc,phases         ] GC(2541)     Termination (ms):         Min:  0.0, Avg:  0.1, Max:  0.2, Diff:  0.2, Sum:  1.1, Workers: 8
[111.610s][debug][gc,phases         ] GC(2541)       Termination Attempts:     Min: 1, Avg:  1.6, Max: 3, Diff: 2, Sum: 13, Workers: 8
[111.610s][debug][gc,phases         ] GC(2541)     GC Worker Other (ms):     Min:  0.0, Avg:  0.0, Max:  0.1, Diff:  0.1, Sum:  0.3, Workers: 8
[111.610s][debug][gc,phases         ] GC(2541)     GC Worker Total (ms):     Min:  0.3, Avg:  0.4, Max:  0.4, Diff:  0.1, Sum:  2.9, Workers: 8
[111.610s][info ][gc,phases         ] GC(2541)   Post Evacuate Collection Set: 0.6ms
[111.610s][debug][gc,phases         ] GC(2541)     Code Roots Fixup: 0.0ms
[111.610s][debug][gc,phases         ] GC(2541)     Clear Card Table: 0.2ms
[111.610s][debug][gc,phases         ] GC(2541)     Reference Processing: 0.0ms
[111.610s][debug][gc,phases,ref     ] GC(2541)       Reconsider SoftReferences: 0.0ms
[111.610s][debug][gc,phases,ref     ] GC(2541)         SoftRef (ms):             skipped
[111.610s][debug][gc,phases,ref     ] GC(2541)       Notify Soft/WeakReferences: 0.0ms
[111.610s][debug][gc,phases,ref     ] GC(2541)         SoftRef (ms):             skipped
[111.610s][debug][gc,phases,ref     ] GC(2541)         WeakRef (ms):             skipped
[111.610s][debug][gc,phases,ref     ] GC(2541)         FinalRef (ms):            skipped
[111.610s][debug][gc,phases,ref     ] GC(2541)         Total (ms):               skipped
[111.610s][debug][gc,phases,ref     ] GC(2541)       Notify and keep alive finalizable: 0.0ms
[111.610s][debug][gc,phases,ref     ] GC(2541)         FinalRef (ms):            skipped
[111.610s][debug][gc,phases,ref     ] GC(2541)       Notify PhantomReferences: 0.0ms
[111.610s][debug][gc,phases,ref     ] GC(2541)         PhantomRef (ms):          skipped
[111.610s][debug][gc,phases,ref     ] GC(2541)       SoftReference:
[111.610s][debug][gc,phases,ref     ] GC(2541)         Discovered: 0
[111.610s][debug][gc,phases,ref     ] GC(2541)         Cleared: 0
[111.610s][debug][gc,phases,ref     ] GC(2541)       WeakReference:
[111.610s][debug][gc,phases,ref     ] GC(2541)         Discovered: 0
[111.610s][debug][gc,phases,ref     ] GC(2541)         Cleared: 0
[111.610s][debug][gc,phases,ref     ] GC(2541)       FinalReference:
[111.610s][debug][gc,phases,ref     ] GC(2541)         Discovered: 0
[111.610s][debug][gc,phases,ref     ] GC(2541)         Cleared: 0
[111.610s][debug][gc,phases,ref     ] GC(2541)       PhantomReference:
[111.610s][debug][gc,phases,ref     ] GC(2541)         Discovered: 0
[111.610s][debug][gc,phases,ref     ] GC(2541)         Cleared: 0
[111.610s][debug][gc,phases         ] GC(2541)     Weak Processing: 0.1ms
[111.610s][debug][gc,phases         ] GC(2541)       JVMTI weak processing: 0.0ms
[111.610s][debug][gc,phases         ] GC(2541)         Dead: 0
[111.610s][debug][gc,phases         ] GC(2541)         Total: 0
[111.610s][debug][gc,phases         ] GC(2541)       JFR weak processing: 0.0ms
[111.610s][debug][gc,phases         ] GC(2541)         Dead: 0
[111.610s][debug][gc,phases         ] GC(2541)         Total: 0
[111.610s][debug][gc,phases         ] GC(2541)       JNI weak                  Min:  0.0, Avg:  0.0, Max:  0.0, Diff:  0.0, Sum:  0.0, Workers: 5
[111.610s][debug][gc,phases         ] GC(2541)         Dead                      Min: 0, Avg:  0.0, Max: 0, Diff: 0, Sum: 0, Workers: 5
[111.610s][debug][gc,phases         ] GC(2541)         Total                     Min: 0, Avg: 20.4, Max: 102, Diff: 102, Sum: 102, Workers: 5
[111.610s][debug][gc,phases         ] GC(2541)       VM weak                   Min:  0.0, Avg:  0.0, Max:  0.0, Diff:  0.0, Sum:  0.0, Workers: 5
[111.610s][debug][gc,phases         ] GC(2541)         Dead                      Min: 0, Avg:  0.0, Max: 0, Diff: 0, Sum: 0, Workers: 5
[111.610s][debug][gc,phases         ] GC(2541)         Total                     Min: 0, Avg: 42.4, Max: 212, Diff: 212, Sum: 212, Workers: 5
[111.610s][debug][gc,phases         ] GC(2541)       StringTable weak          Min:  0.0, Avg:  0.0, Max:  0.0, Diff:  0.0, Sum:  0.0, Workers: 5
[111.610s][debug][gc,phases         ] GC(2541)         Dead                      Min: 0, Avg:  0.0, Max: 0, Diff: 0, Sum: 0, Workers: 5
[111.610s][debug][gc,phases         ] GC(2541)         Total                     Min: 127, Avg: 684.6, Max: 2912, Diff: 2785, Sum: 3423, Workers: 5
[111.610s][debug][gc,phases         ] GC(2541)       ResolvedMethodTable weak  Min:  0.0, Avg:  0.0, Max:  0.0, Diff:  0.0, Sum:  0.0, Workers: 5
[111.610s][debug][gc,phases         ] GC(2541)         Dead                      Min: 0, Avg:  0.0, Max: 0, Diff: 0, Sum: 0, Workers: 5
[111.610s][debug][gc,phases         ] GC(2541)         Total                     Min: 64, Avg: 114.6, Max: 189, Diff: 125, Sum: 573, Workers: 5
[111.610s][debug][gc,phases         ] GC(2541)     Merge Per-Thread State: 0.0ms
[111.610s][debug][gc,phases         ] GC(2541)       Copied Bytes              Min: 136, Avg: 400319.0, Max: 800096, Diff: 799960, Sum: 3202552, Workers: 8
[111.610s][debug][gc,phases         ] GC(2541)       LAB Waste                 Min: 0, Avg:  0.0, Max: 0, Diff: 0, Sum: 0, Workers: 8
[111.610s][debug][gc,phases         ] GC(2541)       LAB Undo Waste            Min: 0, Avg:  0.0, Max: 0, Diff: 0, Sum: 0, Workers: 8
[111.610s][debug][gc,phases         ] GC(2541)     Code Roots Purge: 0.0ms
[111.610s][debug][gc,phases         ] GC(2541)     Redirty Cards: 0.0ms
[111.610s][debug][gc,phases         ] GC(2541)     DerivedPointerTable Update: 0.0ms
[111.610s][debug][gc,phases         ] GC(2541)     Free Collection Set: 0.2ms
[111.610s][debug][gc,phases         ] GC(2541)     Rebuild Free List: 0.1ms
[111.610s][debug][gc,phases         ] GC(2541)     Humongous Reclaim: 0.0ms
[111.610s][debug][gc,phases         ] GC(2541)     Start New Collection Set: 0.0ms
[111.610s][debug][gc,phases         ] GC(2541)     Resize TLABs: 0.0ms
[111.610s][debug][gc,phases         ] GC(2541)     Expand Heap After Collection: 0.0ms
[111.610s][info ][gc,phases         ] GC(2541)   Other: 0.3ms
[111.610s][info ][gc,heap           ] GC(2541) Eden regions: 772->0(771)
[111.610s][info ][gc,heap           ] GC(2541) Survivor regions: 3->4(97)
[111.610s][info ][gc,heap           ] GC(2541) Old regions: 18->18
[111.610s][info ][gc,heap           ] GC(2541) Archive regions: 2->2
[111.610s][info ][gc,heap           ] GC(2541) Humongous regions: 0->0
[111.610s][info ][gc,metaspace      ] GC(2541) Metaspace: 10016K(10624K)->10016K(10624K) NonClass: 8864K(9216K)->8864K(9216K) Class: 1152K(1408K)->1152K(1408K)
[111.610s][debug][gc,heap           ] GC(2541) Heap after GC invocations=2542 (full 1): garbage-first heap   total 1324032K, used 22557K [0x0000000700000000, 0x0000000800000000)
[111.610s][debug][gc,heap           ] GC(2541)   region size 1024K, 4 young (4096K), 4 survivors (4096K)
[111.610s][debug][gc,heap           ] GC(2541)  Metaspace       used 10016K, capacity 10304K, committed 10624K, reserved 1058816K
[111.610s][debug][gc,heap           ] GC(2541)   class space    used 1152K, capacity 1266K, committed 1408K, reserved 1048576K
[111.610s][info ][gc                ] GC(2541) Pause Young (Normal) (G1 Evacuation Pause) 792M->22M(1293M) 2.209ms
[111.610s][info ][gc,cpu            ] GC(2541) User=0.01s Sys=0.00s Real=0.00s
[111.610s][info ][safepoint         ] Safepoint "G1CollectForAllocation", Time since last: 39486154 ns, Reaching safepoint: 162598 ns, At safepoint: 2380274 ns, Total: 2542872 ns
[111.648s][debug][gc,heap           ] GC(2542) Heap before GC invocations=2542 (full 1): garbage-first heap   total 1324032K, used 811037K [0x0000000700000000, 0x0000000800000000)
[111.648s][debug][gc,heap           ] GC(2542)   region size 1024K, 775 young (793600K), 4 survivors (4096K)
[111.648s][debug][gc,heap           ] GC(2542)  Metaspace       used 10016K, capacity 10304K, committed 10624K, reserved 1058816K
[111.648s][debug][gc,heap           ] GC(2542)   class space    used 1152K, capacity 1266K, committed 1408K, reserved 1048576K
[111.648s][info ][gc,start          ] GC(2542) Pause Young (Normal) (G1 Evacuation Pause)
[111.648s][info ][gc,task           ] GC(2542) Using 8 workers of 8 for evacuation
[111.648s][debug][gc,tlab           ] GC(2542) TLAB totals: thrds: 8  refills: 12 max: 2 slow allocs: 1533 max 218 waste: 36.8% gc: 1221240B max: 243504B slow: 42456B max: 14304B fast: 0B max: 0B
[111.648s][debug][gc,age            ] GC(2542) Desired survivor size 50855936 bytes, new threshold 15 (max threshold 15)
[111.648s][debug][gc,alloc,region   ] GC(2542) Mutator Allocation stats, regions: 771, wasted size: 180M (23.4%)
[111.648s][debug][gc,ergo           ] GC(2542) Running G1 Merge Heap Roots using 8 workers for 775 regions
[111.649s][debug][gc,remset         ] GC(2542) Visited cards 256 Total dirty 2048 (12.50%) Total old 3215360 (0.01%)
[111.649s][debug][gc,ergo           ] GC(2542) Running G1 Clear Card Table Task using 2 workers for 2 units of work for 776 regions.
[111.649s][debug][gc,ref            ] GC(2542) Skipped phase1 of Reference Processing due to unavailable references
[111.649s][debug][gc,ref            ] GC(2542) Skipped phase2 of Reference Processing due to unavailable references
[111.649s][debug][gc,ref            ] GC(2542) Skipped phase3 of Reference Processing due to unavailable references
[111.649s][debug][gc,ref            ] GC(2542) Skipped phase4 of Reference Processing due to unavailable references
[111.649s][debug][gc,ergo           ] GC(2542) Running G1 Free Collection Set using 8 workers for collection set length 775 (1293)
[111.650s][debug][gc,ergo           ] GC(2542) Running G1 Rebuild Free List Task using 8 workers for rebuilding free list of 0 (4096) regions
[111.650s][trace][gc,age            ] GC(2542) Age table with threshold 15 (max threshold 15)
[111.650s][trace][gc,age            ] GC(2542) - age   1:    4002592 bytes,    4002592 total
[111.650s][debug][gc,plab           ] GC(2542) Young PLAB allocation: allocated: 16512B, wasted: 0B, unused: 14064B, used: 2448B, undo waste: 0B, 
[111.650s][debug][gc,plab           ] GC(2542) Young other allocation: region end waste: 981792B, regions filled: 5, direct allocated: 4000144B, failure used: 0B, failure wasted: 0B
[111.650s][debug][gc,plab           ] GC(2542) Young sizing: calculated: 0B, actual: 2064B
[111.650s][debug][gc,plab           ] GC(2542) Old PLAB allocation: allocated: 0B, wasted: 0B, unused: 0B, used: 0B, undo waste: 0B, 
[111.650s][debug][gc,plab           ] GC(2542) Old other allocation: region end waste: 0B, regions filled: 1, direct allocated: 0B, failure used: 0B, failure wasted: 0B
[111.650s][debug][gc,plab           ] GC(2542) Old sizing: calculated: 0B, actual: 2064B
[111.650s][debug][gc,ihop           ] GC(2542) Basic information (value update), threshold: 610113945B (45.00), target occupancy: 1355808768B, current occupancy: 24145712B, recent allocation size: 0B, recent allocation duration: 38.62ms, recent old gen allocation rate: 0.00B/s, recent marking phase length: 30.68ms
[111.650s][debug][gc,ihop           ] GC(2542) Adaptive IHOP information (value update), threshold: 610113945B (47.37), internal target occupancy: 1288018329B, occupancy: 24145712B, additional buffer size: 812646400B, predicted old gen allocation rate: 28.68B/s, predicted marking phase length: 61.36ms, prediction active: false
[111.650s][debug][gc,ergo,refine    ] GC(2542) Concurrent refinement times: Logged Cards Scan time goal: 20.00ms Logged Cards Scan time: 0.00ms HCC time: 0.00ms
[111.650s][debug][gc,ergo,refine    ] GC(2542) Updated Refinement Zones: green: 2048, yellow: 6144, red: 10240
[111.650s][info ][gc,phases         ] GC(2542)   Pre Evacuate Collection Set: 0.1ms
[111.650s][debug][gc,phases         ] GC(2542)     Prepare TLABs: 0.0ms
[111.650s][debug][gc,phases         ] GC(2542)     Choose Collection Set: 0.0ms
[111.650s][debug][gc,phases         ] GC(2542)     Region Register: 0.1ms
[111.650s][debug][gc,phases         ] GC(2542)     Prepare Heap Roots: 0.0ms
[111.650s][info ][gc,phases         ] GC(2542)   Merge Heap Roots: 0.1ms
[111.650s][debug][gc,phases         ] GC(2542)     Prepare Merge Heap Roots: 0.0ms
[111.650s][debug][gc,phases         ] GC(2542)     Eager Reclaim (ms):       skipped
[111.650s][debug][gc,phases         ] GC(2542)     Remembered Sets (ms):     Min:  0.0, Avg:  0.0, Max:  0.0, Diff:  0.0, Sum:  0.3, Workers: 8
[111.650s][debug][gc,phases         ] GC(2542)       Merged Sparse:            Min: 0, Avg:  0.0, Max: 0, Diff: 0, Sum: 0, Workers: 8
[111.650s][debug][gc,phases         ] GC(2542)       Merged Fine:              Min: 0, Avg:  0.0, Max: 0, Diff: 0, Sum: 0, Workers: 8
[111.650s][debug][gc,phases         ] GC(2542)       Merged Coarse:            Min: 0, Avg:  0.0, Max: 0, Diff: 0, Sum: 0, Workers: 8
[111.650s][debug][gc,phases         ] GC(2542)       Dirty Cards:              Min: 0, Avg:  0.0, Max: 0, Diff: 0, Sum: 0, Workers: 8
[111.650s][debug][gc,phases         ] GC(2542)     Hot Card Cache (ms):      Min:  0.0, Avg:  0.0, Max:  0.0, Diff:  0.0, Sum:  0.0, Workers: 8
[111.650s][debug][gc,phases         ] GC(2542)       Dirty Cards:              Min: 0, Avg:  0.0, Max: 0, Diff: 0, Sum: 0, Workers: 8
[111.650s][debug][gc,phases         ] GC(2542)       Skipped Cards:            Min: 0, Avg:  0.0, Max: 0, Diff: 0, Sum: 0, Workers: 8
[111.650s][debug][gc,phases         ] GC(2542)     Log Buffers (ms):         Min:  0.0, Avg:  0.0, Max:  0.0, Diff:  0.0, Sum:  0.0, Workers: 8
[111.650s][debug][gc,phases         ] GC(2542)       Dirty Cards:              Min: 0, Avg:  0.1, Max: 1, Diff: 1, Sum: 1, Workers: 8
[111.650s][debug][gc,phases         ] GC(2542)       Skipped Cards:            Min: 0, Avg:  0.0, Max: 0, Diff: 0, Sum: 0, Workers: 8
[111.650s][info ][gc,phases         ] GC(2542)   Evacuate Collection Set: 0.5ms
[111.650s][debug][gc,phases         ] GC(2542)     Ext Root Scanning (ms):   Min:  0.2, Avg:  0.3, Max:  0.4, Diff:  0.1, Sum:  2.4, Workers: 8
[111.650s][debug][gc,phases         ] GC(2542)     Scan Heap Roots (ms):     Min:  0.0, Avg:  0.0, Max:  0.0, Diff:  0.0, Sum:  0.0, Workers: 8
[111.650s][debug][gc,phases         ] GC(2542)       Scanned Cards:            Min: 0, Avg:  0.1, Max: 1, Diff: 1, Sum: 1, Workers: 8
[111.650s][debug][gc,phases         ] GC(2542)       Scanned Blocks:           Min: 0, Avg:  0.1, Max: 1, Diff: 1, Sum: 1, Workers: 8
[111.650s][debug][gc,phases         ] GC(2542)       Claimed Chunks:           Min: 0, Avg:  0.1, Max: 1, Diff: 1, Sum: 1, Workers: 8
[111.650s][debug][gc,phases         ] GC(2542)     Code Root Scan (ms):      Min:  0.0, Avg:  0.0, Max:  0.0, Diff:  0.0, Sum:  0.1, Workers: 8
[111.650s][debug][gc,phases         ] GC(2542)     Object Copy (ms):         Min:  0.0, Avg:  0.0, Max:  0.0, Diff:  0.0, Sum:  0.0, Workers: 8
[111.650s][debug][gc,phases         ] GC(2542)     Termination (ms):         Min:  0.0, Avg:  0.1, Max:  0.1, Diff:  0.0, Sum:  0.4, Workers: 8
[111.650s][debug][gc,phases         ] GC(2542)       Termination Attempts:     Min: 1, Avg:  1.2, Max: 3, Diff: 2, Sum: 10, Workers: 8
[111.650s][debug][gc,phases         ] GC(2542)     GC Worker Other (ms):     Min:  0.0, Avg:  0.0, Max:  0.1, Diff:  0.0, Sum:  0.3, Workers: 8
[111.650s][debug][gc,phases         ] GC(2542)     GC Worker Total (ms):     Min:  0.4, Avg:  0.4, Max:  0.4, Diff:  0.1, Sum:  3.3, Workers: 8
[111.650s][info ][gc,phases         ] GC(2542)   Post Evacuate Collection Set: 0.6ms
[111.650s][debug][gc,phases         ] GC(2542)     Code Roots Fixup: 0.0ms
[111.650s][debug][gc,phases         ] GC(2542)     Clear Card Table: 0.2ms
[111.650s][debug][gc,phases         ] GC(2542)     Reference Processing: 0.0ms
[111.650s][debug][gc,phases,ref     ] GC(2542)       Reconsider SoftReferences: 0.0ms
[111.650s][debug][gc,phases,ref     ] GC(2542)         SoftRef (ms):             skipped
[111.650s][debug][gc,phases,ref     ] GC(2542)       Notify Soft/WeakReferences: 0.0ms
[111.650s][debug][gc,phases,ref     ] GC(2542)         SoftRef (ms):             skipped
[111.650s][debug][gc,phases,ref     ] GC(2542)         WeakRef (ms):             skipped
[111.650s][debug][gc,phases,ref     ] GC(2542)         FinalRef (ms):            skipped
[111.650s][debug][gc,phases,ref     ] GC(2542)         Total (ms):               skipped
[111.650s][debug][gc,phases,ref     ] GC(2542)       Notify and keep alive finalizable: 0.0ms
[111.650s][debug][gc,phases,ref     ] GC(2542)         FinalRef (ms):            skipped
[111.650s][debug][gc,phases,ref     ] GC(2542)       Notify PhantomReferences: 0.0ms
[111.650s][debug][gc,phases,ref     ] GC(2542)         PhantomRef (ms):          skipped
[111.650s][debug][gc,phases,ref     ] GC(2542)       SoftReference:
[111.650s][debug][gc,phases,ref     ] GC(2542)         Discovered: 0
[111.650s][debug][gc,phases,ref     ] GC(2542)         Cleared: 0
[111.650s][debug][gc,phases,ref     ] GC(2542)       WeakReference:
[111.650s][debug][gc,phases,ref     ] GC(2542)         Discovered: 0
[111.650s][debug][gc,phases,ref     ] GC(2542)         Cleared: 0
[111.650s][debug][gc,phases,ref     ] GC(2542)       FinalReference:
[111.650s][debug][gc,phases,ref     ] GC(2542)         Discovered: 0
[111.650s][debug][gc,phases,ref     ] GC(2542)         Cleared: 0
[111.650s][debug][gc,phases,ref     ] GC(2542)       PhantomReference:
[111.650s][debug][gc,phases,ref     ] GC(2542)         Discovered: 0
[111.650s][debug][gc,phases,ref     ] GC(2542)         Cleared: 0
[111.650s][debug][gc,phases         ] GC(2542)     Weak Processing: 0.1ms
[111.650s][debug][gc,phases         ] GC(2542)       JVMTI weak processing: 0.0ms
[111.650s][debug][gc,phases         ] GC(2542)         Dead: 0
[111.650s][debug][gc,phases         ] GC(2542)         Total: 0
[111.650s][debug][gc,phases         ] GC(2542)       JFR weak processing: 0.0ms
[111.650s][debug][gc,phases         ] GC(2542)         Dead: 0
[111.650s][debug][gc,phases         ] GC(2542)         Total: 0
[111.650s][debug][gc,phases         ] GC(2542)       JNI weak                  Min:  0.0, Avg:  0.0, Max:  0.0, Diff:  0.0, Sum:  0.0, Workers: 5
[111.650s][debug][gc,phases         ] GC(2542)         Dead                      Min: 0, Avg:  0.0, Max: 0, Diff: 0, Sum: 0, Workers: 5
[111.650s][debug][gc,phases         ] GC(2542)         Total                     Min: 0, Avg: 20.4, Max: 62, Diff: 62, Sum: 102, Workers: 5
[111.650s][debug][gc,phases         ] GC(2542)       VM weak                   Min:  0.0, Avg:  0.0, Max:  0.0, Diff:  0.0, Sum:  0.0, Workers: 5
[111.650s][debug][gc,phases         ] GC(2542)         Dead                      Min: 0, Avg:  0.0, Max: 0, Diff: 0, Sum: 0, Workers: 5
[111.650s][debug][gc,phases         ] GC(2542)         Total                     Min: 0, Avg: 42.4, Max: 128, Diff: 128, Sum: 212, Workers: 5
[111.650s][debug][gc,phases         ] GC(2542)       StringTable weak          Min:  0.0, Avg:  0.0, Max:  0.0, Diff:  0.0, Sum:  0.1, Workers: 5
[111.650s][debug][gc,phases         ] GC(2542)         Dead                      Min: 0, Avg:  0.0, Max: 0, Diff: 0, Sum: 0, Workers: 5
[111.650s][debug][gc,phases         ] GC(2542)         Total                     Min: 0, Avg: 684.6, Max: 1599, Diff: 1599, Sum: 3423, Workers: 5
[111.650s][debug][gc,phases         ] GC(2542)       ResolvedMethodTable weak  Min:  0.0, Avg:  0.0, Max:  0.0, Diff:  0.0, Sum:  0.0, Workers: 5
[111.650s][debug][gc,phases         ] GC(2542)         Dead                      Min: 0, Avg:  0.0, Max: 0, Diff: 0, Sum: 0, Workers: 5
[111.650s][debug][gc,phases         ] GC(2542)         Total                     Min: 0, Avg: 114.6, Max: 189, Diff: 189, Sum: 573, Workers: 5
[111.650s][debug][gc,phases         ] GC(2542)     Merge Per-Thread State: 0.0ms
[111.650s][debug][gc,phases         ] GC(2542)       Copied Bytes              Min: 400152, Avg: 500324.0, Max: 800176, Diff: 400024, Sum: 4002592, Workers: 8
[111.650s][debug][gc,phases         ] GC(2542)       LAB Waste                 Min: 0, Avg:  0.0, Max: 0, Diff: 0, Sum: 0, Workers: 8
[111.650s][debug][gc,phases         ] GC(2542)       LAB Undo Waste            Min: 0, Avg:  0.0, Max: 0, Diff: 0, Sum: 0, Workers: 8
[111.650s][debug][gc,phases         ] GC(2542)     Code Roots Purge: 0.0ms
[111.650s][debug][gc,phases         ] GC(2542)     Redirty Cards: 0.0ms
[111.650s][debug][gc,phases         ] GC(2542)     DerivedPointerTable Update: 0.0ms
[111.650s][debug][gc,phases         ] GC(2542)     Free Collection Set: 0.2ms
[111.650s][debug][gc,phases         ] GC(2542)     Rebuild Free List: 0.1ms
[111.650s][debug][gc,phases         ] GC(2542)     Humongous Reclaim: 0.0ms
[111.650s][debug][gc,phases         ] GC(2542)     Start New Collection Set: 0.0ms
[111.650s][debug][gc,phases         ] GC(2542)     Resize TLABs: 0.0ms
[111.650s][debug][gc,phases         ] GC(2542)     Expand Heap After Collection: 0.0ms
[111.650s][info ][gc,phases         ] GC(2542)   Other: 0.3ms
[111.650s][info ][gc,heap           ] GC(2542) Eden regions: 771->0(770)
[111.650s][info ][gc,heap           ] GC(2542) Survivor regions: 4->5(97)
[111.650s][info ][gc,heap           ] GC(2542) Old regions: 18->18
[111.650s][info ][gc,heap           ] GC(2542) Archive regions: 2->2
[111.650s][info ][gc,heap           ] GC(2542) Humongous regions: 0->0
[111.650s][info ][gc,metaspace      ] GC(2542) Metaspace: 10016K(10624K)->10016K(10624K) NonClass: 8864K(9216K)->8864K(9216K) Class: 1152K(1408K)->1152K(1408K)
[111.650s][debug][gc,heap           ] GC(2542) Heap after GC invocations=2543 (full 1): garbage-first heap   total 1324032K, used 23579K [0x0000000700000000, 0x0000000800000000)
[111.650s][debug][gc,heap           ] GC(2542)   region size 1024K, 5 young (5120K), 5 survivors (5120K)
[111.650s][debug][gc,heap           ] GC(2542)  Metaspace       used 10016K, capacity 10304K, committed 10624K, reserved 1058816K
[111.650s][debug][gc,heap           ] GC(2542)   class space    used 1152K, capacity 1266K, committed 1408K, reserved 1048576K
[111.650s][info ][gc                ] GC(2542) Pause Young (Normal) (G1 Evacuation Pause) 792M->23M(1293M) 2.185ms
[111.650s][info ][gc,cpu            ] GC(2542) User=0.00s Sys=0.00s Real=0.00s
[111.650s][info ][safepoint         ] Safepoint "G1CollectForAllocation", Time since last: 37484688 ns, Reaching safepoint: 210120 ns, At safepoint: 2346847 ns, Total: 2556967 ns
[111.688s][debug][gc,heap           ] GC(2543) Heap before GC invocations=2543 (full 1): garbage-first heap   total 1324032K, used 811035K [0x0000000700000000, 0x0000000800000000)
[111.688s][debug][gc,heap           ] GC(2543)   region size 1024K, 775 young (793600K), 5 survivors (5120K)
[111.688s][debug][gc,heap           ] GC(2543)  Metaspace       used 10016K, capacity 10304K, committed 10624K, reserved 1058816K
[111.688s][debug][gc,heap           ] GC(2543)   class space    used 1152K, capacity 1266K, committed 1408K, reserved 1048576K
[111.688s][info ][gc,start          ] GC(2543) Pause Young (Normal) (G1 Evacuation Pause)
[111.688s][info ][gc,task           ] GC(2543) Using 8 workers of 8 for evacuation
[111.688s][debug][gc,tlab           ] GC(2543) TLAB totals: thrds: 8  refills: 16 max: 3 slow allocs: 1534 max 212 waste: 25.2% gc: 1067448B max: 243504B slow: 72248B max: 15096B fast: 0B max: 0B
[111.688s][debug][gc,age            ] GC(2543) Desired survivor size 50855936 bytes, new threshold 15 (max threshold 15)
[111.688s][debug][gc,alloc,region   ] GC(2543) Mutator Allocation stats, regions: 770, wasted size: 180M (23.4%)
[111.688s][debug][gc,ergo           ] GC(2543) Running G1 Merge Heap Roots using 8 workers for 775 regions
[111.688s][debug][gc,remset         ] GC(2543) Visited cards 512 Total dirty 4096 (12.50%) Total old 3215360 (0.02%)
[111.689s][debug][gc,ergo           ] GC(2543) Running G1 Clear Card Table Task using 2 workers for 2 units of work for 777 regions.
[111.689s][debug][gc,ref            ] GC(2543) Skipped phase1 of Reference Processing due to unavailable references
[111.689s][debug][gc,ref            ] GC(2543) Skipped phase2 of Reference Processing due to unavailable references
[111.689s][debug][gc,ref            ] GC(2543) Skipped phase3 of Reference Processing due to unavailable references
[111.689s][debug][gc,ref            ] GC(2543) Skipped phase4 of Reference Processing due to unavailable references
[111.689s][debug][gc,ergo           ] GC(2543) Running G1 Free Collection Set using 8 workers for collection set length 775 (1293)
[111.689s][debug][gc,ergo           ] GC(2543) Running G1 Rebuild Free List Task using 8 workers for rebuilding free list of 0 (4096) regions
[111.689s][trace][gc,age            ] GC(2543) Age table with threshold 15 (max threshold 15)
[111.689s][trace][gc,age            ] GC(2543) - age   1:     802480 bytes,     802480 total
[111.689s][debug][gc,plab           ] GC(2543) Young PLAB allocation: allocated: 12384B, wasted: 0B, unused: 9936B, used: 2448B, undo waste: 0B, 
[111.689s][debug][gc,plab           ] GC(2543) Young other allocation: region end waste: 0B, regions filled: 1, direct allocated: 800032B, failure used: 0B, failure wasted: 0B
[111.689s][debug][gc,plab           ] GC(2543) Young sizing: calculated: 488B, actual: 2064B
[111.689s][debug][gc,plab           ] GC(2543) Old PLAB allocation: allocated: 0B, wasted: 0B, unused: 0B, used: 0B, undo waste: 0B, 
[111.689s][debug][gc,plab           ] GC(2543) Old other allocation: region end waste: 0B, regions filled: 1, direct allocated: 0B, failure used: 0B, failure wasted: 0B
[111.689s][debug][gc,plab           ] GC(2543) Old sizing: calculated: 0B, actual: 2064B
[111.689s][debug][gc,ihop           ] GC(2543) Basic information (value update), threshold: 610113945B (45.00), target occupancy: 1355808768B, current occupancy: 19959680B, recent allocation size: 0B, recent allocation duration: 38.43ms, recent old gen allocation rate: 0.00B/s, recent marking phase length: 30.68ms
[111.689s][debug][gc,ihop           ] GC(2543) Adaptive IHOP information (value update), threshold: 610113945B (47.37), internal target occupancy: 1288018329B, occupancy: 19959680B, additional buffer size: 812646400B, predicted old gen allocation rate: 27.95B/s, predicted marking phase length: 61.36ms, prediction active: false
[111.689s][debug][gc,ergo,refine    ] GC(2543) Concurrent refinement times: Logged Cards Scan time goal: 20.00ms Logged Cards Scan time: 0.00ms HCC time: 0.00ms
[111.689s][debug][gc,ergo,refine    ] GC(2543) Updated Refinement Zones: green: 2048, yellow: 6144, red: 10240
[111.689s][info ][gc,phases         ] GC(2543)   Pre Evacuate Collection Set: 0.1ms
[111.689s][debug][gc,phases         ] GC(2543)     Prepare TLABs: 0.0ms
[111.689s][debug][gc,phases         ] GC(2543)     Choose Collection Set: 0.0ms
[111.689s][debug][gc,phases         ] GC(2543)     Region Register: 0.1ms
[111.689s][debug][gc,phases         ] GC(2543)     Prepare Heap Roots: 0.0ms
[111.689s][info ][gc,phases         ] GC(2543)   Merge Heap Roots: 0.1ms
[111.689s][debug][gc,phases         ] GC(2543)     Prepare Merge Heap Roots: 0.0ms
[111.689s][debug][gc,phases         ] GC(2543)     Eager Reclaim (ms):       skipped
[111.689s][debug][gc,phases         ] GC(2543)     Remembered Sets (ms):     Min:  0.0, Avg:  0.0, Max:  0.1, Diff:  0.0, Sum:  0.3, Workers: 8
[111.689s][debug][gc,phases         ] GC(2543)       Merged Sparse:            Min: 0, Avg:  0.0, Max: 0, Diff: 0, Sum: 0, Workers: 8
[111.689s][debug][gc,phases         ] GC(2543)       Merged Fine:              Min: 0, Avg:  0.0, Max: 0, Diff: 0, Sum: 0, Workers: 8
[111.689s][debug][gc,phases         ] GC(2543)       Merged Coarse:            Min: 0, Avg:  0.0, Max: 0, Diff: 0, Sum: 0, Workers: 8
[111.689s][debug][gc,phases         ] GC(2543)       Dirty Cards:              Min: 0, Avg:  0.0, Max: 0, Diff: 0, Sum: 0, Workers: 8
[111.689s][debug][gc,phases         ] GC(2543)     Hot Card Cache (ms):      Min:  0.0, Avg:  0.0, Max:  0.0, Diff:  0.0, Sum:  0.0, Workers: 8
[111.689s][debug][gc,phases         ] GC(2543)       Dirty Cards:              Min: 0, Avg:  0.0, Max: 0, Diff: 0, Sum: 0, Workers: 8
[111.689s][debug][gc,phases         ] GC(2543)       Skipped Cards:            Min: 0, Avg:  0.0, Max: 0, Diff: 0, Sum: 0, Workers: 8
[111.689s][debug][gc,phases         ] GC(2543)     Log Buffers (ms):         Min:  0.0, Avg:  0.0, Max:  0.0, Diff:  0.0, Sum:  0.0, Workers: 8
[111.689s][debug][gc,phases         ] GC(2543)       Dirty Cards:              Min: 0, Avg:  0.2, Max: 2, Diff: 2, Sum: 2, Workers: 8
[111.689s][debug][gc,phases         ] GC(2543)       Skipped Cards:            Min: 0, Avg:  0.0, Max: 0, Diff: 0, Sum: 0, Workers: 8
[111.689s][info ][gc,phases         ] GC(2543)   Evacuate Collection Set: 0.2ms
[111.689s][debug][gc,phases         ] GC(2543)     Ext Root Scanning (ms):   Min:  0.0, Avg:  0.0, Max:  0.1, Diff:  0.1, Sum:  0.4, Workers: 8
[111.689s][debug][gc,phases         ] GC(2543)     Scan Heap Roots (ms):     Min:  0.0, Avg:  0.0, Max:  0.0, Diff:  0.0, Sum:  0.0, Workers: 8
[111.689s][debug][gc,phases         ] GC(2543)       Scanned Cards:            Min: 0, Avg:  0.2, Max: 1, Diff: 1, Sum: 2, Workers: 8
[111.689s][debug][gc,phases         ] GC(2543)       Scanned Blocks:           Min: 0, Avg:  0.2, Max: 1, Diff: 1, Sum: 2, Workers: 8
[111.689s][debug][gc,phases         ] GC(2543)       Claimed Chunks:           Min: 0, Avg:  0.2, Max: 1, Diff: 1, Sum: 2, Workers: 8
[111.689s][debug][gc,phases         ] GC(2543)     Code Root Scan (ms):      Min:  0.0, Avg:  0.0, Max:  0.0, Diff:  0.0, Sum:  0.1, Workers: 8
[111.689s][debug][gc,phases         ] GC(2543)     Object Copy (ms):         Min:  0.0, Avg:  0.0, Max:  0.0, Diff:  0.0, Sum:  0.0, Workers: 8
[111.689s][debug][gc,phases         ] GC(2543)     Termination (ms):         Min:  0.0, Avg:  0.0, Max:  0.1, Diff:  0.0, Sum:  0.4, Workers: 8
[111.689s][debug][gc,phases         ] GC(2543)       Termination Attempts:     Min: 1, Avg:  1.0, Max: 1, Diff: 0, Sum: 8, Workers: 8
[111.689s][debug][gc,phases         ] GC(2543)     GC Worker Other (ms):     Min:  0.0, Avg:  0.0, Max:  0.1, Diff:  0.0, Sum:  0.4, Workers: 8
[111.689s][debug][gc,phases         ] GC(2543)     GC Worker Total (ms):     Min:  0.1, Avg:  0.2, Max:  0.2, Diff:  0.1, Sum:  1.3, Workers: 8
[111.689s][info ][gc,phases         ] GC(2543)   Post Evacuate Collection Set: 0.5ms
[111.689s][debug][gc,phases         ] GC(2543)     Code Roots Fixup: 0.0ms
[111.689s][debug][gc,phases         ] GC(2543)     Clear Card Table: 0.2ms
[111.689s][debug][gc,phases         ] GC(2543)     Reference Processing: 0.0ms
[111.690s][debug][gc,phases,ref     ] GC(2543)       Reconsider SoftReferences: 0.0ms
[111.690s][debug][gc,phases,ref     ] GC(2543)         SoftRef (ms):             skipped
[111.690s][debug][gc,phases,ref     ] GC(2543)       Notify Soft/WeakReferences: 0.0ms
[111.690s][debug][gc,phases,ref     ] GC(2543)         SoftRef (ms):             skipped
[111.690s][debug][gc,phases,ref     ] GC(2543)         WeakRef (ms):             skipped
[111.690s][debug][gc,phases,ref     ] GC(2543)         FinalRef (ms):            skipped
[111.690s][debug][gc,phases,ref     ] GC(2543)         Total (ms):               skipped
[111.690s][debug][gc,phases,ref     ] GC(2543)       Notify and keep alive finalizable: 0.0ms
[111.690s][debug][gc,phases,ref     ] GC(2543)         FinalRef (ms):            skipped
[111.690s][debug][gc,phases,ref     ] GC(2543)       Notify PhantomReferences: 0.0ms
[111.690s][debug][gc,phases,ref     ] GC(2543)         PhantomRef (ms):          skipped
[111.690s][debug][gc,phases,ref     ] GC(2543)       SoftReference:
[111.690s][debug][gc,phases,ref     ] GC(2543)         Discovered: 0
[111.690s][debug][gc,phases,ref     ] GC(2543)         Cleared: 0
[111.690s][debug][gc,phases,ref     ] GC(2543)       WeakReference:
[111.690s][debug][gc,phases,ref     ] GC(2543)         Discovered: 0
[111.690s][debug][gc,phases,ref     ] GC(2543)         Cleared: 0
[111.690s][debug][gc,phases,ref     ] GC(2543)       FinalReference:
[111.690s][debug][gc,phases,ref     ] GC(2543)         Discovered: 0
[111.690s][debug][gc,phases,ref     ] GC(2543)         Cleared: 0
[111.690s][debug][gc,phases,ref     ] GC(2543)       PhantomReference:
[111.690s][debug][gc,phases,ref     ] GC(2543)         Discovered: 0
[111.690s][debug][gc,phases,ref     ] GC(2543)         Cleared: 0
[111.690s][debug][gc,phases         ] GC(2543)     Weak Processing: 0.0ms
[111.690s][debug][gc,phases         ] GC(2543)       JVMTI weak processing: 0.0ms
[111.690s][debug][gc,phases         ] GC(2543)         Dead: 0
[111.690s][debug][gc,phases         ] GC(2543)         Total: 0
[111.690s][debug][gc,phases         ] GC(2543)       JFR weak processing: 0.0ms
[111.690s][debug][gc,phases         ] GC(2543)         Dead: 0
[111.690s][debug][gc,phases         ] GC(2543)         Total: 0
[111.690s][debug][gc,phases         ] GC(2543)       JNI weak                  Min:  0.0, Avg:  0.0, Max:  0.0, Diff:  0.0, Sum:  0.0, Workers: 5
[111.690s][debug][gc,phases         ] GC(2543)         Dead                      Min: 0, Avg:  0.0, Max: 0, Diff: 0, Sum: 0, Workers: 5
[111.690s][debug][gc,phases         ] GC(2543)         Total                     Min: 0, Avg: 20.4, Max: 102, Diff: 102, Sum: 102, Workers: 5
[111.690s][debug][gc,phases         ] GC(2543)       VM weak                   Min:  0.0, Avg:  0.0, Max:  0.0, Diff:  0.0, Sum:  0.0, Workers: 5
[111.690s][debug][gc,phases         ] GC(2543)         Dead                      Min: 0, Avg:  0.0, Max: 0, Diff: 0, Sum: 0, Workers: 5
[111.690s][debug][gc,phases         ] GC(2543)         Total                     Min: 0, Avg: 42.4, Max: 212, Diff: 212, Sum: 212, Workers: 5
[111.690s][debug][gc,phases         ] GC(2543)       StringTable weak          Min:  0.0, Avg:  0.0, Max:  0.0, Diff:  0.0, Sum:  0.0, Workers: 5
[111.690s][debug][gc,phases         ] GC(2543)         Dead                      Min: 0, Avg:  0.0, Max: 0, Diff: 0, Sum: 0, Workers: 5
[111.690s][debug][gc,phases         ] GC(2543)         Total                     Min: 0, Avg: 684.6, Max: 1471, Diff: 1471, Sum: 3423, Workers: 5
[111.690s][debug][gc,phases         ] GC(2543)       ResolvedMethodTable weak  Min:  0.0, Avg:  0.0, Max:  0.0, Diff:  0.0, Sum:  0.0, Workers: 5
[111.690s][debug][gc,phases         ] GC(2543)         Dead                      Min: 0, Avg:  0.0, Max: 0, Diff: 0, Sum: 0, Workers: 5
[111.690s][debug][gc,phases         ] GC(2543)         Total                     Min: 0, Avg: 114.6, Max: 192, Diff: 192, Sum: 573, Workers: 5
[111.690s][debug][gc,phases         ] GC(2543)     Merge Per-Thread State: 0.0ms
[111.690s][debug][gc,phases         ] GC(2543)       Copied Bytes              Min: 0, Avg: 100310.0, Max: 400088, Diff: 400088, Sum: 802480, Workers: 8
[111.690s][debug][gc,phases         ] GC(2543)       LAB Waste                 Min: 0, Avg:  0.0, Max: 0, Diff: 0, Sum: 0, Workers: 8
[111.690s][debug][gc,phases         ] GC(2543)       LAB Undo Waste            Min: 0, Avg:  0.0, Max: 0, Diff: 0, Sum: 0, Workers: 8
[111.690s][debug][gc,phases         ] GC(2543)     Code Roots Purge: 0.0ms
[111.690s][debug][gc,phases         ] GC(2543)     Redirty Cards: 0.0ms
[111.690s][debug][gc,phases         ] GC(2543)     DerivedPointerTable Update: 0.0ms
[111.690s][debug][gc,phases         ] GC(2543)     Free Collection Set: 0.2ms
[111.690s][debug][gc,phases         ] GC(2543)     Rebuild Free List: 0.1ms
[111.690s][debug][gc,phases         ] GC(2543)     Humongous Reclaim: 0.0ms
[111.690s][debug][gc,phases         ] GC(2543)     Start New Collection Set: 0.0ms
[111.690s][debug][gc,phases         ] GC(2543)     Resize TLABs: 0.0ms
[111.690s][debug][gc,phases         ] GC(2543)     Expand Heap After Collection: 0.0ms
[111.690s][info ][gc,phases         ] GC(2543)   Other: 0.3ms
[111.690s][info ][gc,heap           ] GC(2543) Eden regions: 770->0(774)
[111.690s][info ][gc,heap           ] GC(2543) Survivor regions: 5->1(97)
[111.690s][info ][gc,heap           ] GC(2543) Old regions: 18->18
[111.690s][info ][gc,heap           ] GC(2543) Archive regions: 2->2
[111.690s][info ][gc,heap           ] GC(2543) Humongous regions: 0->0
[111.690s][info ][gc,metaspace      ] GC(2543) Metaspace: 10016K(10624K)->10016K(10624K) NonClass: 8864K(9216K)->8864K(9216K) Class: 1152K(1408K)->1152K(1408K)
[111.690s][debug][gc,heap           ] GC(2543) Heap after GC invocations=2544 (full 1): garbage-first heap   total 1324032K, used 19491K [0x0000000700000000, 0x0000000800000000)
[111.690s][debug][gc,heap           ] GC(2543)   region size 1024K, 1 young (1024K), 1 survivors (1024K)
[111.690s][debug][gc,heap           ] GC(2543)  Metaspace       used 10016K, capacity 10304K, committed 10624K, reserved 1058816K
[111.690s][debug][gc,heap           ] GC(2543)   class space    used 1152K, capacity 1266K, committed 1408K, reserved 1048576K
[111.690s][info ][gc                ] GC(2543) Pause Young (Normal) (G1 Evacuation Pause) 792M->19M(1293M) 1.792ms
[111.690s][info ][gc,cpu            ] GC(2543) User=0.01s Sys=0.00s Real=0.00s
[111.690s][info ][safepoint         ] Safepoint "G1CollectForAllocation", Time since last: 37365678 ns, Reaching safepoint: 163466 ns, At safepoint: 1946634 ns, Total: 2110100 ns
[111.728s][debug][gc,heap           ] GC(2544) Heap before GC invocations=2544 (full 1): garbage-first heap   total 1324032K, used 811043K [0x0000000700000000, 0x0000000800000000)
[111.728s][debug][gc,heap           ] GC(2544)   region size 1024K, 775 young (793600K), 1 survivors (1024K)
[111.728s][debug][gc,heap           ] GC(2544)  Metaspace       used 10016K, capacity 10304K, committed 10624K, reserved 1058816K
[111.728s][debug][gc,heap           ] GC(2544)   class space    used 1152K, capacity 1266K, committed 1408K, reserved 1048576K
[111.728s][info ][gc,start          ] GC(2544) Pause Young (Normal) (G1 Evacuation Pause)
[111.728s][info ][gc,task           ] GC(2544) Using 8 workers of 8 for evacuation
[111.728s][debug][gc,tlab           ] GC(2544) TLAB totals: thrds: 8  refills: 15 max: 3 slow allocs: 1536 max 208 waste: 23.2% gc: 1068392B max: 225408B slow: 71936B max: 15096B fast: 0B max: 0B
[111.728s][debug][gc,age            ] GC(2544) Desired survivor size 50855936 bytes, new threshold 15 (max threshold 15)
[111.728s][debug][gc,alloc,region   ] GC(2544) Mutator Allocation stats, regions: 774, wasted size: 181M (23.4%)
[111.729s][debug][gc,ergo           ] GC(2544) Running G1 Merge Heap Roots using 8 workers for 775 regions
[111.729s][debug][gc,remset         ] GC(2544) Visited cards 256 Total dirty 2048 (12.50%) Total old 3215360 (0.01%)
[111.729s][debug][gc,ergo           ] GC(2544) Running G1 Clear Card Table Task using 2 workers for 2 units of work for 776 regions.
[111.729s][debug][gc,ref            ] GC(2544) Skipped phase1 of Reference Processing due to unavailable references
[111.729s][debug][gc,ref            ] GC(2544) Skipped phase2 of Reference Processing due to unavailable references
[111.729s][debug][gc,ref            ] GC(2544) Skipped phase3 of Reference Processing due to unavailable references
[111.730s][debug][gc,ref            ] GC(2544) Skipped phase4 of Reference Processing due to unavailable references
[111.730s][debug][gc,ergo           ] GC(2544) Running G1 Free Collection Set using 8 workers for collection set length 775 (1293)
[111.730s][debug][gc,ergo           ] GC(2544) Running G1 Rebuild Free List Task using 8 workers for rebuilding free list of 0 (4096) regions
[111.730s][trace][gc,age            ] GC(2544) Age table with threshold 15 (max threshold 15)
[111.730s][trace][gc,age            ] GC(2544) - age   1:    4802600 bytes,    4802600 total
[111.730s][debug][gc,plab           ] GC(2544) Young PLAB allocation: allocated: 16512B, wasted: 0B, unused: 14064B, used: 2448B, undo waste: 0B, 
[111.730s][debug][gc,plab           ] GC(2544) Young other allocation: region end waste: 1234488B, regions filled: 6, direct allocated: 4800152B, failure used: 0B, failure wasted: 0B
[111.730s][debug][gc,plab           ] GC(2544) Young sizing: calculated: 0B, actual: 2064B
[111.730s][debug][gc,plab           ] GC(2544) Old PLAB allocation: allocated: 0B, wasted: 0B, unused: 0B, used: 0B, undo waste: 0B, 
[111.730s][debug][gc,plab           ] GC(2544) Old other allocation: region end waste: 0B, regions filled: 1, direct allocated: 0B, failure used: 0B, failure wasted: 0B
[111.730s][debug][gc,plab           ] GC(2544) Old sizing: calculated: 0B, actual: 2064B
[111.730s][debug][gc,ihop           ] GC(2544) Basic information (value update), threshold: 610113945B (45.00), target occupancy: 1355808768B, current occupancy: 25198416B, recent allocation size: 0B, recent allocation duration: 39.16ms, recent old gen allocation rate: 0.00B/s, recent marking phase length: 30.68ms
[111.730s][debug][gc,ihop           ] GC(2544) Adaptive IHOP information (value update), threshold: 610113945B (47.37), internal target occupancy: 1288018329B, occupancy: 25198416B, additional buffer size: 812646400B, predicted old gen allocation rate: 27.24B/s, predicted marking phase length: 61.36ms, prediction active: false
[111.730s][debug][gc,ergo,refine    ] GC(2544) Concurrent refinement times: Logged Cards Scan time goal: 20.00ms Logged Cards Scan time: 0.00ms HCC time: 0.00ms
[111.730s][debug][gc,ergo,refine    ] GC(2544) Updated Refinement Zones: green: 2048, yellow: 6144, red: 10240
[111.730s][info ][gc,phases         ] GC(2544)   Pre Evacuate Collection Set: 0.1ms
[111.730s][debug][gc,phases         ] GC(2544)     Prepare TLABs: 0.0ms
[111.730s][debug][gc,phases         ] GC(2544)     Choose Collection Set: 0.0ms
[111.730s][debug][gc,phases         ] GC(2544)     Region Register: 0.1ms
[111.730s][debug][gc,phases         ] GC(2544)     Prepare Heap Roots: 0.0ms
[111.730s][info ][gc,phases         ] GC(2544)   Merge Heap Roots: 0.1ms
[111.730s][debug][gc,phases         ] GC(2544)     Prepare Merge Heap Roots: 0.0ms
[111.730s][debug][gc,phases         ] GC(2544)     Eager Reclaim (ms):       skipped
[111.730s][debug][gc,phases         ] GC(2544)     Remembered Sets (ms):     Min:  0.0, Avg:  0.0, Max:  0.0, Diff:  0.0, Sum:  0.3, Workers: 8
[111.730s][debug][gc,phases         ] GC(2544)       Merged Sparse:            Min: 0, Avg:  0.0, Max: 0, Diff: 0, Sum: 0, Workers: 8
[111.730s][debug][gc,phases         ] GC(2544)       Merged Fine:              Min: 0, Avg:  0.0, Max: 0, Diff: 0, Sum: 0, Workers: 8
[111.730s][debug][gc,phases         ] GC(2544)       Merged Coarse:            Min: 0, Avg:  0.0, Max: 0, Diff: 0, Sum: 0, Workers: 8
[111.730s][debug][gc,phases         ] GC(2544)       Dirty Cards:              Min: 0, Avg:  0.0, Max: 0, Diff: 0, Sum: 0, Workers: 8
[111.730s][debug][gc,phases         ] GC(2544)     Hot Card Cache (ms):      Min:  0.0, Avg:  0.0, Max:  0.0, Diff:  0.0, Sum:  0.0, Workers: 8
[111.730s][debug][gc,phases         ] GC(2544)       Dirty Cards:              Min: 0, Avg:  0.0, Max: 0, Diff: 0, Sum: 0, Workers: 8
[111.730s][debug][gc,phases         ] GC(2544)       Skipped Cards:            Min: 0, Avg:  0.0, Max: 0, Diff: 0, Sum: 0, Workers: 8
[111.730s][debug][gc,phases         ] GC(2544)     Log Buffers (ms):         Min:  0.0, Avg:  0.0, Max:  0.0, Diff:  0.0, Sum:  0.0, Workers: 8
[111.730s][debug][gc,phases         ] GC(2544)       Dirty Cards:              Min: 0, Avg:  0.1, Max: 1, Diff: 1, Sum: 1, Workers: 8
[111.730s][debug][gc,phases         ] GC(2544)       Skipped Cards:            Min: 0, Avg:  0.0, Max: 0, Diff: 0, Sum: 0, Workers: 8
[111.730s][info ][gc,phases         ] GC(2544)   Evacuate Collection Set: 0.5ms
[111.730s][debug][gc,phases         ] GC(2544)     Ext Root Scanning (ms):   Min:  0.1, Avg:  0.3, Max:  0.4, Diff:  0.3, Sum:  2.6, Workers: 8
[111.730s][debug][gc,phases         ] GC(2544)     Scan Heap Roots (ms):     Min:  0.0, Avg:  0.0, Max:  0.0, Diff:  0.0, Sum:  0.0, Workers: 8
[111.730s][debug][gc,phases         ] GC(2544)       Scanned Cards:            Min: 0, Avg:  0.1, Max: 1, Diff: 1, Sum: 1, Workers: 8
[111.730s][debug][gc,phases         ] GC(2544)       Scanned Blocks:           Min: 0, Avg:  0.1, Max: 1, Diff: 1, Sum: 1, Workers: 8
[111.730s][debug][gc,phases         ] GC(2544)       Claimed Chunks:           Min: 0, Avg:  0.1, Max: 1, Diff: 1, Sum: 1, Workers: 8
[111.730s][debug][gc,phases         ] GC(2544)     Code Root Scan (ms):      Min:  0.0, Avg:  0.0, Max:  0.1, Diff:  0.1, Sum:  0.2, Workers: 8
[111.730s][debug][gc,phases         ] GC(2544)     Object Copy (ms):         Min:  0.0, Avg:  0.0, Max:  0.0, Diff:  0.0, Sum:  0.0, Workers: 8
[111.730s][debug][gc,phases         ] GC(2544)     Termination (ms):         Min:  0.0, Avg:  0.1, Max:  0.1, Diff:  0.1, Sum:  0.6, Workers: 8
[111.730s][debug][gc,phases         ] GC(2544)       Termination Attempts:     Min: 1, Avg:  1.0, Max: 1, Diff: 0, Sum: 8, Workers: 8
[111.730s][debug][gc,phases         ] GC(2544)     GC Worker Other (ms):     Min:  0.0, Avg:  0.1, Max:  0.1, Diff:  0.1, Sum:  0.4, Workers: 8
[111.730s][debug][gc,phases         ] GC(2544)     GC Worker Total (ms):     Min:  0.4, Avg:  0.5, Max:  0.5, Diff:  0.1, Sum:  3.9, Workers: 8
[111.730s][info ][gc,phases         ] GC(2544)   Post Evacuate Collection Set: 0.6ms
[111.730s][debug][gc,phases         ] GC(2544)     Code Roots Fixup: 0.0ms
[111.730s][debug][gc,phases         ] GC(2544)     Clear Card Table: 0.2ms
[111.730s][debug][gc,phases         ] GC(2544)     Reference Processing: 0.0ms
[111.730s][debug][gc,phases,ref     ] GC(2544)       Reconsider SoftReferences: 0.0ms
[111.730s][debug][gc,phases,ref     ] GC(2544)         SoftRef (ms):             skipped
[111.730s][debug][gc,phases,ref     ] GC(2544)       Notify Soft/WeakReferences: 0.0ms
[111.730s][debug][gc,phases,ref     ] GC(2544)         SoftRef (ms):             skipped
[111.730s][debug][gc,phases,ref     ] GC(2544)         WeakRef (ms):             skipped
[111.730s][debug][gc,phases,ref     ] GC(2544)         FinalRef (ms):            skipped
[111.730s][debug][gc,phases,ref     ] GC(2544)         Total (ms):               skipped
[111.730s][debug][gc,phases,ref     ] GC(2544)       Notify and keep alive finalizable: 0.0ms
[111.730s][debug][gc,phases,ref     ] GC(2544)         FinalRef (ms):            skipped
[111.730s][debug][gc,phases,ref     ] GC(2544)       Notify PhantomReferences: 0.0ms
[111.730s][debug][gc,phases,ref     ] GC(2544)         PhantomRef (ms):          skipped
[111.730s][debug][gc,phases,ref     ] GC(2544)       SoftReference:
[111.730s][debug][gc,phases,ref     ] GC(2544)         Discovered: 0
[111.730s][debug][gc,phases,ref     ] GC(2544)         Cleared: 0
[111.730s][debug][gc,phases,ref     ] GC(2544)       WeakReference:
[111.730s][debug][gc,phases,ref     ] GC(2544)         Discovered: 0
[111.730s][debug][gc,phases,ref     ] GC(2544)         Cleared: 0
[111.730s][debug][gc,phases,ref     ] GC(2544)       FinalReference:
[111.730s][debug][gc,phases,ref     ] GC(2544)         Discovered: 0
[111.730s][debug][gc,phases,ref     ] GC(2544)         Cleared: 0
[111.730s][debug][gc,phases,ref     ] GC(2544)       PhantomReference:
[111.730s][debug][gc,phases,ref     ] GC(2544)         Discovered: 0
[111.730s][debug][gc,phases,ref     ] GC(2544)         Cleared: 0
[111.730s][debug][gc,phases         ] GC(2544)     Weak Processing: 0.0ms
[111.730s][debug][gc,phases         ] GC(2544)       JVMTI weak processing: 0.0ms
[111.730s][debug][gc,phases         ] GC(2544)         Dead: 0
[111.730s][debug][gc,phases         ] GC(2544)         Total: 0
[111.730s][debug][gc,phases         ] GC(2544)       JFR weak processing: 0.0ms
[111.730s][debug][gc,phases         ] GC(2544)         Dead: 0
[111.730s][debug][gc,phases         ] GC(2544)         Total: 0
[111.730s][debug][gc,phases         ] GC(2544)       JNI weak                  Min:  0.0, Avg:  0.0, Max:  0.0, Diff:  0.0, Sum:  0.0, Workers: 5
[111.730s][debug][gc,phases         ] GC(2544)         Dead                      Min: 0, Avg:  0.0, Max: 0, Diff: 0, Sum: 0, Workers: 5
[111.730s][debug][gc,phases         ] GC(2544)         Total                     Min: 0, Avg: 20.4, Max: 102, Diff: 102, Sum: 102, Workers: 5
[111.730s][debug][gc,phases         ] GC(2544)       VM weak                   Min:  0.0, Avg:  0.0, Max:  0.0, Diff:  0.0, Sum:  0.0, Workers: 5
[111.730s][debug][gc,phases         ] GC(2544)         Dead                      Min: 0, Avg:  0.0, Max: 0, Diff: 0, Sum: 0, Workers: 5
[111.730s][debug][gc,phases         ] GC(2544)         Total                     Min: 0, Avg: 42.4, Max: 148, Diff: 148, Sum: 212, Workers: 5
[111.730s][debug][gc,phases         ] GC(2544)       StringTable weak          Min:  0.0, Avg:  0.0, Max:  0.0, Diff:  0.0, Sum:  0.0, Workers: 5
[111.730s][debug][gc,phases         ] GC(2544)         Dead                      Min: 0, Avg:  0.0, Max: 0, Diff: 0, Sum: 0, Workers: 5
[111.730s][debug][gc,phases         ] GC(2544)         Total                     Min: 0, Avg: 684.6, Max: 1152, Diff: 1152, Sum: 3423, Workers: 5
[111.730s][debug][gc,phases         ] GC(2544)       ResolvedMethodTable weak  Min:  0.0, Avg:  0.0, Max:  0.0, Diff:  0.0, Sum:  0.0, Workers: 5
[111.730s][debug][gc,phases         ] GC(2544)         Dead                      Min: 0, Avg:  0.0, Max: 0, Diff: 0, Sum: 0, Workers: 5
[111.730s][debug][gc,phases         ] GC(2544)         Total                     Min: 0, Avg: 114.6, Max: 189, Diff: 189, Sum: 573, Workers: 5
[111.730s][debug][gc,phases         ] GC(2544)     Merge Per-Thread State: 0.0ms
[111.730s][debug][gc,phases         ] GC(2544)       Copied Bytes              Min: 80, Avg: 600325.0, Max: 800544, Diff: 800464, Sum: 4802600, Workers: 8
[111.731s][debug][gc,phases         ] GC(2544)       LAB Waste                 Min: 0, Avg:  0.0, Max: 0, Diff: 0, Sum: 0, Workers: 8
[111.731s][debug][gc,phases         ] GC(2544)       LAB Undo Waste            Min: 0, Avg:  0.0, Max: 0, Diff: 0, Sum: 0, Workers: 8
[111.731s][debug][gc,phases         ] GC(2544)     Code Roots Purge: 0.0ms
[111.731s][debug][gc,phases         ] GC(2544)     Redirty Cards: 0.0ms
[111.731s][debug][gc,phases         ] GC(2544)     DerivedPointerTable Update: 0.0ms
[111.731s][debug][gc,phases         ] GC(2544)     Free Collection Set: 0.2ms
[111.731s][debug][gc,phases         ] GC(2544)     Rebuild Free List: 0.0ms
[111.731s][debug][gc,phases         ] GC(2544)     Humongous Reclaim: 0.0ms
[111.731s][debug][gc,phases         ] GC(2544)     Start New Collection Set: 0.0ms
[111.731s][debug][gc,phases         ] GC(2544)     Resize TLABs: 0.0ms
[111.731s][debug][gc,phases         ] GC(2544)     Expand Heap After Collection: 0.0ms
[111.731s][info ][gc,phases         ] GC(2544)   Other: 0.4ms
[111.731s][info ][gc,heap           ] GC(2544) Eden regions: 774->0(769)
[111.731s][info ][gc,heap           ] GC(2544) Survivor regions: 1->6(97)
[111.731s][info ][gc,heap           ] GC(2544) Old regions: 18->18
[111.731s][info ][gc,heap           ] GC(2544) Archive regions: 2->2
[111.731s][info ][gc,heap           ] GC(2544) Humongous regions: 0->0
[111.731s][info ][gc,metaspace      ] GC(2544) Metaspace: 10016K(10624K)->10016K(10624K) NonClass: 8864K(9216K)->8864K(9216K) Class: 1152K(1408K)->1152K(1408K)
[111.731s][debug][gc,heap           ] GC(2544) Heap after GC invocations=2545 (full 1): garbage-first heap   total 1324032K, used 24607K [0x0000000700000000, 0x0000000800000000)
[111.731s][debug][gc,heap           ] GC(2544)   region size 1024K, 6 young (6144K), 6 survivors (6144K)
[111.731s][debug][gc,heap           ] GC(2544)  Metaspace       used 10016K, capacity 10304K, committed 10624K, reserved 1058816K
[111.731s][debug][gc,heap           ] GC(2544)   class space    used 1152K, capacity 1266K, committed 1408K, reserved 1048576K
[111.731s][info ][gc                ] GC(2544) Pause Young (Normal) (G1 Evacuation Pause) 792M->24M(1293M) 2.351ms
[111.731s][info ][gc,cpu            ] GC(2544) User=0.01s Sys=0.00s Real=0.00s
[111.731s][info ][safepoint         ] Safepoint "G1CollectForAllocation", Time since last: 38005285 ns, Reaching safepoint: 199158 ns, At safepoint: 2719932 ns, Total: 2919090 ns
[111.770s][debug][gc,heap           ] GC(2545) Heap before GC invocations=2545 (full 1): garbage-first heap   total 1324032K, used 811039K [0x0000000700000000, 0x0000000800000000)
[111.770s][debug][gc,heap           ] GC(2545)   region size 1024K, 775 young (793600K), 6 survivors (6144K)
[111.770s][debug][gc,heap           ] GC(2545)  Metaspace       used 10016K, capacity 10304K, committed 10624K, reserved 1058816K
[111.770s][debug][gc,heap           ] GC(2545)   class space    used 1152K, capacity 1266K, committed 1408K, reserved 1048576K
[111.770s][info ][gc,start          ] GC(2545) Pause Young (Normal) (G1 Evacuation Pause)
[111.770s][info ][gc,task           ] GC(2545) Using 8 workers of 8 for evacuation
[111.770s][debug][gc,tlab           ] GC(2545) TLAB totals: thrds: 8  refills: 16 max: 3 slow allocs: 1530 max 211 waste: 31.9% gc: 1319008B max: 246024B slow: 73440B max: 15488B fast: 0B max: 0B
[111.770s][debug][gc,age            ] GC(2545) Desired survivor size 50855936 bytes, new threshold 15 (max threshold 15)
[111.770s][debug][gc,alloc,region   ] GC(2545) Mutator Allocation stats, regions: 769, wasted size: 179M (23.4%)
[111.770s][debug][gc,ergo           ] GC(2545) Running G1 Merge Heap Roots using 8 workers for 775 regions
[111.770s][debug][gc,remset         ] GC(2545) Visited cards 512 Total dirty 4096 (12.50%) Total old 3215360 (0.02%)
[111.771s][debug][gc,ergo           ] GC(2545) Running G1 Clear Card Table Task using 2 workers for 2 units of work for 777 regions.
[111.771s][debug][gc,ref            ] GC(2545) Skipped phase1 of Reference Processing due to unavailable references
[111.771s][debug][gc,ref            ] GC(2545) Skipped phase2 of Reference Processing due to unavailable references
[111.771s][debug][gc,ref            ] GC(2545) Skipped phase3 of Reference Processing due to unavailable references
[111.771s][debug][gc,ref            ] GC(2545) Skipped phase4 of Reference Processing due to unavailable references
[111.771s][debug][gc,ergo           ] GC(2545) Running G1 Free Collection Set using 8 workers for collection set length 775 (1293)
[111.771s][debug][gc,ergo           ] GC(2545) Running G1 Rebuild Free List Task using 8 workers for rebuilding free list of 0 (4096) regions
[111.771s][trace][gc,age            ] GC(2545) Age table with threshold 15 (max threshold 15)
[111.771s][trace][gc,age            ] GC(2545) - age   1:    4002584 bytes,    4002584 total
[111.771s][debug][gc,plab           ] GC(2545) Young PLAB allocation: allocated: 16512B, wasted: 0B, unused: 14064B, used: 2448B, undo waste: 0B, 
[111.771s][debug][gc,plab           ] GC(2545) Young other allocation: region end waste: 983864B, regions filled: 5, direct allocated: 4000136B, failure used: 0B, failure wasted: 0B
[111.771s][debug][gc,plab           ] GC(2545) Young sizing: calculated: 0B, actual: 2064B
[111.771s][debug][gc,plab           ] GC(2545) Old PLAB allocation: allocated: 0B, wasted: 0B, unused: 0B, used: 0B, undo waste: 0B, 
[111.771s][debug][gc,plab           ] GC(2545) Old other allocation: region end waste: 0B, regions filled: 1, direct allocated: 0B, failure used: 0B, failure wasted: 0B
[111.771s][debug][gc,plab           ] GC(2545) Old sizing: calculated: 0B, actual: 2064B
[111.771s][debug][gc,ihop           ] GC(2545) Basic information (value update), threshold: 610113945B (45.00), target occupancy: 1355808768B, current occupancy: 24147776B, recent allocation size: 0B, recent allocation duration: 40.06ms, recent old gen allocation rate: 0.00B/s, recent marking phase length: 30.68ms
[111.771s][debug][gc,ihop           ] GC(2545) Adaptive IHOP information (value update), threshold: 610113945B (47.37), internal target occupancy: 1288018329B, occupancy: 24147776B, additional buffer size: 812646400B, predicted old gen allocation rate: 26.55B/s, predicted marking phase length: 61.36ms, prediction active: false
[111.771s][debug][gc,ergo,refine    ] GC(2545) Concurrent refinement times: Logged Cards Scan time goal: 20.00ms Logged Cards Scan time: 0.00ms HCC time: 0.00ms
[111.772s][debug][gc,ergo,refine    ] GC(2545) Updated Refinement Zones: green: 2048, yellow: 6144, red: 10240
[111.772s][info ][gc,phases         ] GC(2545)   Pre Evacuate Collection Set: 0.1ms
[111.772s][debug][gc,phases         ] GC(2545)     Prepare TLABs: 0.0ms
[111.772s][debug][gc,phases         ] GC(2545)     Choose Collection Set: 0.0ms
[111.772s][debug][gc,phases         ] GC(2545)     Region Register: 0.1ms
[111.772s][debug][gc,phases         ] GC(2545)     Prepare Heap Roots: 0.0ms
[111.772s][info ][gc,phases         ] GC(2545)   Merge Heap Roots: 0.1ms
[111.772s][debug][gc,phases         ] GC(2545)     Prepare Merge Heap Roots: 0.0ms
[111.772s][debug][gc,phases         ] GC(2545)     Eager Reclaim (ms):       skipped
[111.772s][debug][gc,phases         ] GC(2545)     Remembered Sets (ms):     Min:  0.0, Avg:  0.0, Max:  0.0, Diff:  0.0, Sum:  0.3, Workers: 8
[111.772s][debug][gc,phases         ] GC(2545)       Merged Sparse:            Min: 0, Avg:  0.0, Max: 0, Diff: 0, Sum: 0, Workers: 8
[111.772s][debug][gc,phases         ] GC(2545)       Merged Fine:              Min: 0, Avg:  0.0, Max: 0, Diff: 0, Sum: 0, Workers: 8
[111.772s][debug][gc,phases         ] GC(2545)       Merged Coarse:            Min: 0, Avg:  0.0, Max: 0, Diff: 0, Sum: 0, Workers: 8
[111.772s][debug][gc,phases         ] GC(2545)       Dirty Cards:              Min: 0, Avg:  0.0, Max: 0, Diff: 0, Sum: 0, Workers: 8
[111.772s][debug][gc,phases         ] GC(2545)     Hot Card Cache (ms):      Min:  0.0, Avg:  0.0, Max:  0.0, Diff:  0.0, Sum:  0.0, Workers: 8
[111.772s][debug][gc,phases         ] GC(2545)       Dirty Cards:              Min: 0, Avg:  0.0, Max: 0, Diff: 0, Sum: 0, Workers: 8
[111.772s][debug][gc,phases         ] GC(2545)       Skipped Cards:            Min: 0, Avg:  0.0, Max: 0, Diff: 0, Sum: 0, Workers: 8
[111.772s][debug][gc,phases         ] GC(2545)     Log Buffers (ms):         Min:  0.0, Avg:  0.0, Max:  0.0, Diff:  0.0, Sum:  0.0, Workers: 8
[111.772s][debug][gc,phases         ] GC(2545)       Dirty Cards:              Min: 0, Avg:  0.2, Max: 1, Diff: 1, Sum: 2, Workers: 8
[111.772s][debug][gc,phases         ] GC(2545)       Skipped Cards:            Min: 0, Avg:  0.0, Max: 0, Diff: 0, Sum: 0, Workers: 8
[111.772s][info ][gc,phases         ] GC(2545)   Evacuate Collection Set: 0.5ms
[111.772s][debug][gc,phases         ] GC(2545)     Ext Root Scanning (ms):   Min:  0.2, Avg:  0.3, Max:  0.4, Diff:  0.2, Sum:  2.2, Workers: 8
[111.772s][debug][gc,phases         ] GC(2545)     Scan Heap Roots (ms):     Min:  0.0, Avg:  0.0, Max:  0.0, Diff:  0.0, Sum:  0.0, Workers: 8
[111.772s][debug][gc,phases         ] GC(2545)       Scanned Cards:            Min: 0, Avg:  0.2, Max: 1, Diff: 1, Sum: 2, Workers: 8
[111.772s][debug][gc,phases         ] GC(2545)       Scanned Blocks:           Min: 0, Avg:  0.2, Max: 1, Diff: 1, Sum: 2, Workers: 8
[111.772s][debug][gc,phases         ] GC(2545)       Claimed Chunks:           Min: 0, Avg:  0.2, Max: 1, Diff: 1, Sum: 2, Workers: 8
[111.772s][debug][gc,phases         ] GC(2545)     Code Root Scan (ms):      Min:  0.0, Avg:  0.0, Max:  0.0, Diff:  0.0, Sum:  0.1, Workers: 8
[111.772s][debug][gc,phases         ] GC(2545)     Object Copy (ms):         Min:  0.0, Avg:  0.0, Max:  0.0, Diff:  0.0, Sum:  0.0, Workers: 8
[111.772s][debug][gc,phases         ] GC(2545)     Termination (ms):         Min:  0.0, Avg:  0.1, Max:  0.1, Diff:  0.1, Sum:  0.6, Workers: 8
[111.772s][debug][gc,phases         ] GC(2545)       Termination Attempts:     Min: 1, Avg:  1.2, Max: 2, Diff: 1, Sum: 10, Workers: 8
[111.772s][debug][gc,phases         ] GC(2545)     GC Worker Other (ms):     Min:  0.0, Avg:  0.1, Max:  0.1, Diff:  0.1, Sum:  0.4, Workers: 8
[111.772s][debug][gc,phases         ] GC(2545)     GC Worker Total (ms):     Min:  0.4, Avg:  0.4, Max:  0.5, Diff:  0.0, Sum:  3.5, Workers: 8
[111.772s][info ][gc,phases         ] GC(2545)   Post Evacuate Collection Set: 0.6ms
[111.772s][debug][gc,phases         ] GC(2545)     Code Roots Fixup: 0.0ms
[111.772s][debug][gc,phases         ] GC(2545)     Clear Card Table: 0.2ms
[111.772s][debug][gc,phases         ] GC(2545)     Reference Processing: 0.0ms
[111.772s][debug][gc,phases,ref     ] GC(2545)       Reconsider SoftReferences: 0.0ms
[111.772s][debug][gc,phases,ref     ] GC(2545)         SoftRef (ms):             skipped
[111.772s][debug][gc,phases,ref     ] GC(2545)       Notify Soft/WeakReferences: 0.0ms
[111.772s][debug][gc,phases,ref     ] GC(2545)         SoftRef (ms):             skipped
[111.772s][debug][gc,phases,ref     ] GC(2545)         WeakRef (ms):             skipped
[111.772s][debug][gc,phases,ref     ] GC(2545)         FinalRef (ms):            skipped
[111.772s][debug][gc,phases,ref     ] GC(2545)         Total (ms):               skipped
[111.772s][debug][gc,phases,ref     ] GC(2545)       Notify and keep alive finalizable: 0.0ms
[111.772s][debug][gc,phases,ref     ] GC(2545)         FinalRef (ms):            skipped
[111.772s][debug][gc,phases,ref     ] GC(2545)       Notify PhantomReferences: 0.0ms
[111.772s][debug][gc,phases,ref     ] GC(2545)         PhantomRef (ms):          skipped
[111.772s][debug][gc,phases,ref     ] GC(2545)       SoftReference:
[111.772s][debug][gc,phases,ref     ] GC(2545)         Discovered: 0
[111.772s][debug][gc,phases,ref     ] GC(2545)         Cleared: 0
[111.772s][debug][gc,phases,ref     ] GC(2545)       WeakReference:
[111.772s][debug][gc,phases,ref     ] GC(2545)         Discovered: 0
[111.772s][debug][gc,phases,ref     ] GC(2545)         Cleared: 0
[111.772s][debug][gc,phases,ref     ] GC(2545)       FinalReference:
[111.772s][debug][gc,phases,ref     ] GC(2545)         Discovered: 0
[111.772s][debug][gc,phases,ref     ] GC(2545)         Cleared: 0
[111.772s][debug][gc,phases,ref     ] GC(2545)       PhantomReference:
[111.772s][debug][gc,phases,ref     ] GC(2545)         Discovered: 0
[111.772s][debug][gc,phases,ref     ] GC(2545)         Cleared: 0
[111.772s][debug][gc,phases         ] GC(2545)     Weak Processing: 0.0ms
[111.772s][debug][gc,phases         ] GC(2545)       JVMTI weak processing: 0.0ms
[111.772s][debug][gc,phases         ] GC(2545)         Dead: 0
[111.772s][debug][gc,phases         ] GC(2545)         Total: 0
[111.772s][debug][gc,phases         ] GC(2545)       JFR weak processing: 0.0ms
[111.772s][debug][gc,phases         ] GC(2545)         Dead: 0
[111.772s][debug][gc,phases         ] GC(2545)         Total: 0
[111.772s][debug][gc,phases         ] GC(2545)       JNI weak                  Min:  0.0, Avg:  0.0, Max:  0.0, Diff:  0.0, Sum:  0.0, Workers: 5
[111.772s][debug][gc,phases         ] GC(2545)         Dead                      Min: 0, Avg:  0.0, Max: 0, Diff: 0, Sum: 0, Workers: 5
[111.772s][debug][gc,phases         ] GC(2545)         Total                     Min: 0, Avg: 20.4, Max: 62, Diff: 62, Sum: 102, Workers: 5
[111.772s][debug][gc,phases         ] GC(2545)       VM weak                   Min:  0.0, Avg:  0.0, Max:  0.0, Diff:  0.0, Sum:  0.0, Workers: 5
[111.772s][debug][gc,phases         ] GC(2545)         Dead                      Min: 0, Avg:  0.0, Max: 0, Diff: 0, Sum: 0, Workers: 5
[111.772s][debug][gc,phases         ] GC(2545)         Total                     Min: 0, Avg: 42.4, Max: 84, Diff: 84, Sum: 212, Workers: 5
[111.772s][debug][gc,phases         ] GC(2545)       StringTable weak          Min:  0.0, Avg:  0.0, Max:  0.0, Diff:  0.0, Sum:  0.0, Workers: 5
[111.772s][debug][gc,phases         ] GC(2545)         Dead                      Min: 0, Avg:  0.0, Max: 0, Diff: 0, Sum: 0, Workers: 5
[111.772s][debug][gc,phases         ] GC(2545)         Total                     Min: 0, Avg: 684.6, Max: 1088, Diff: 1088, Sum: 3423, Workers: 5
[111.772s][debug][gc,phases         ] GC(2545)       ResolvedMethodTable weak  Min:  0.0, Avg:  0.0, Max:  0.0, Diff:  0.0, Sum:  0.0, Workers: 5
[111.772s][debug][gc,phases         ] GC(2545)         Dead                      Min: 0, Avg:  0.0, Max: 0, Diff: 0, Sum: 0, Workers: 5
[111.772s][debug][gc,phases         ] GC(2545)         Total                     Min: 0, Avg: 114.6, Max: 189, Diff: 189, Sum: 573, Workers: 5
[111.772s][debug][gc,phases         ] GC(2545)     Merge Per-Thread State: 0.0ms
[111.772s][debug][gc,phases         ] GC(2545)       Copied Bytes              Min: 1032, Avg: 500323.0, Max: 800176, Diff: 799144, Sum: 4002584, Workers: 8
[111.772s][debug][gc,phases         ] GC(2545)       LAB Waste                 Min: 0, Avg:  0.0, Max: 0, Diff: 0, Sum: 0, Workers: 8
[111.772s][debug][gc,phases         ] GC(2545)       LAB Undo Waste            Min: 0, Avg:  0.0, Max: 0, Diff: 0, Sum: 0, Workers: 8
[111.773s][debug][gc,phases         ] GC(2545)     Code Roots Purge: 0.0ms
[111.773s][debug][gc,phases         ] GC(2545)     Redirty Cards: 0.0ms
[111.773s][debug][gc,phases         ] GC(2545)     DerivedPointerTable Update: 0.0ms
[111.773s][debug][gc,phases         ] GC(2545)     Free Collection Set: 0.2ms
[111.773s][debug][gc,phases         ] GC(2545)     Rebuild Free List: 0.1ms
[111.773s][debug][gc,phases         ] GC(2545)     Humongous Reclaim: 0.0ms
[111.773s][debug][gc,phases         ] GC(2545)     Start New Collection Set: 0.0ms
[111.773s][debug][gc,phases         ] GC(2545)     Resize TLABs: 0.0ms
[111.773s][debug][gc,phases         ] GC(2545)     Expand Heap After Collection: 0.0ms
[111.773s][info ][gc,phases         ] GC(2545)   Other: 0.5ms
[111.773s][info ][gc,heap           ] GC(2545) Eden regions: 769->0(770)
[111.773s][info ][gc,heap           ] GC(2545) Survivor regions: 6->5(97)
[111.773s][info ][gc,heap           ] GC(2545) Old regions: 18->18
[111.773s][info ][gc,heap           ] GC(2545) Archive regions: 2->2
[111.773s][info ][gc,heap           ] GC(2545) Humongous regions: 0->0
[111.773s][info ][gc,metaspace      ] GC(2545) Metaspace: 10016K(10624K)->10016K(10624K) NonClass: 8864K(9216K)->8864K(9216K) Class: 1152K(1408K)->1152K(1408K)
[111.773s][debug][gc,heap           ] GC(2545) Heap after GC invocations=2546 (full 1): garbage-first heap   total 1324032K, used 23581K [0x0000000700000000, 0x0000000800000000)
[111.773s][debug][gc,heap           ] GC(2545)   region size 1024K, 5 young (5120K), 5 survivors (5120K)
[111.773s][debug][gc,heap           ] GC(2545)  Metaspace       used 10016K, capacity 10304K, committed 10624K, reserved 1058816K
[111.773s][debug][gc,heap           ] GC(2545)   class space    used 1152K, capacity 1266K, committed 1408K, reserved 1048576K
[111.773s][info ][gc                ] GC(2545) Pause Young (Normal) (G1 Evacuation Pause) 792M->23M(1293M) 2.772ms
[111.773s][info ][gc,cpu            ] GC(2545) User=0.01s Sys=0.00s Real=0.01s
[111.773s][info ][safepoint         ] Safepoint "G1CollectForAllocation", Time since last: 38672264 ns, Reaching safepoint: 208377 ns, At safepoint: 3228521 ns, Total: 3436898 ns
[111.811s][debug][gc,heap           ] GC(2546) Heap before GC invocations=2546 (full 1): garbage-first heap   total 1324032K, used 811037K [0x0000000700000000, 0x0000000800000000)
[111.811s][debug][gc,heap           ] GC(2546)   region size 1024K, 775 young (793600K), 5 survivors (5120K)
[111.811s][debug][gc,heap           ] GC(2546)  Metaspace       used 10016K, capacity 10304K, committed 10624K, reserved 1058816K
[111.811s][debug][gc,heap           ] GC(2546)   class space    used 1152K, capacity 1266K, committed 1408K, reserved 1048576K
[111.811s][info ][gc,start          ] GC(2546) Pause Young (Normal) (G1 Evacuation Pause)
[111.811s][info ][gc,task           ] GC(2546) Using 8 workers of 8 for evacuation
[111.812s][debug][gc,tlab           ] GC(2546) TLAB totals: thrds: 8  refills: 16 max: 3 slow allocs: 1533 max 207 waste: 27.3% gc: 1192176B max: 240976B slow: 73904B max: 15488B fast: 0B max: 0B
[111.812s][debug][gc,age            ] GC(2546) Desired survivor size 50855936 bytes, new threshold 15 (max threshold 15)
[111.812s][debug][gc,alloc,region   ] GC(2546) Mutator Allocation stats, regions: 770, wasted size: 180M (23.4%)
[111.812s][debug][gc,ergo           ] GC(2546) Running G1 Merge Heap Roots using 8 workers for 775 regions
[111.812s][debug][gc,remset         ] GC(2546) Visited cards 256 Total dirty 2048 (12.50%) Total old 3215360 (0.01%)
[111.812s][debug][gc,ergo           ] GC(2546) Running G1 Clear Card Table Task using 2 workers for 2 units of work for 776 regions.
[111.812s][debug][gc,ref            ] GC(2546) Skipped phase1 of Reference Processing due to unavailable references
[111.812s][debug][gc,ref            ] GC(2546) Skipped phase2 of Reference Processing due to unavailable references
[111.812s][debug][gc,ref            ] GC(2546) Skipped phase3 of Reference Processing due to unavailable references
[111.812s][debug][gc,ref            ] GC(2546) Skipped phase4 of Reference Processing due to unavailable references
[111.813s][debug][gc,ergo           ] GC(2546) Running G1 Free Collection Set using 8 workers for collection set length 775 (1293)
[111.813s][debug][gc,ergo           ] GC(2546) Running G1 Rebuild Free List Task using 8 workers for rebuilding free list of 0 (4096) regions
[111.813s][trace][gc,age            ] GC(2546) Age table with threshold 15 (max threshold 15)
[111.813s][trace][gc,age            ] GC(2546) - age   1:    2402536 bytes,    2402536 total
[111.813s][debug][gc,plab           ] GC(2546) Young PLAB allocation: allocated: 16512B, wasted: 0B, unused: 14064B, used: 2448B, undo waste: 0B, 
[111.813s][debug][gc,plab           ] GC(2546) Young other allocation: region end waste: 482640B, regions filled: 3, direct allocated: 2400088B, failure used: 0B, failure wasted: 0B
[111.813s][debug][gc,plab           ] GC(2546) Young sizing: calculated: 0B, actual: 2064B
[111.813s][debug][gc,plab           ] GC(2546) Old PLAB allocation: allocated: 0B, wasted: 0B, unused: 0B, used: 0B, undo waste: 0B, 
[111.813s][debug][gc,plab           ] GC(2546) Old other allocation: region end waste: 0B, regions filled: 1, direct allocated: 0B, failure used: 0B, failure wasted: 0B
[111.813s][debug][gc,plab           ] GC(2546) Old sizing: calculated: 0B, actual: 2064B
[111.813s][debug][gc,ihop           ] GC(2546) Basic information (value update), threshold: 610113945B (45.00), target occupancy: 1355808768B, current occupancy: 22046504B, recent allocation size: 0B, recent allocation duration: 40.07ms, recent old gen allocation rate: 0.00B/s, recent marking phase length: 30.68ms
[111.813s][debug][gc,ihop           ] GC(2546) Adaptive IHOP information (value update), threshold: 610113945B (47.37), internal target occupancy: 1288018329B, occupancy: 22046504B, additional buffer size: 812646400B, predicted old gen allocation rate: 25.88B/s, predicted marking phase length: 61.36ms, prediction active: false
[111.813s][debug][gc,ergo,refine    ] GC(2546) Concurrent refinement times: Logged Cards Scan time goal: 20.00ms Logged Cards Scan time: 0.00ms HCC time: 0.00ms
[111.813s][debug][gc,ergo,refine    ] GC(2546) Updated Refinement Zones: green: 2048, yellow: 6144, red: 10240
[111.813s][info ][gc,phases         ] GC(2546)   Pre Evacuate Collection Set: 0.1ms
[111.813s][debug][gc,phases         ] GC(2546)     Prepare TLABs: 0.0ms
[111.813s][debug][gc,phases         ] GC(2546)     Choose Collection Set: 0.0ms
[111.813s][debug][gc,phases         ] GC(2546)     Region Register: 0.1ms
[111.813s][debug][gc,phases         ] GC(2546)     Prepare Heap Roots: 0.0ms
[111.813s][info ][gc,phases         ] GC(2546)   Merge Heap Roots: 0.1ms
[111.813s][debug][gc,phases         ] GC(2546)     Prepare Merge Heap Roots: 0.0ms
[111.813s][debug][gc,phases         ] GC(2546)     Eager Reclaim (ms):       skipped
[111.813s][debug][gc,phases         ] GC(2546)     Remembered Sets (ms):     Min:  0.0, Avg:  0.0, Max:  0.0, Diff:  0.0, Sum:  0.3, Workers: 8
[111.813s][debug][gc,phases         ] GC(2546)       Merged Sparse:            Min: 0, Avg:  0.0, Max: 0, Diff: 0, Sum: 0, Workers: 8
[111.813s][debug][gc,phases         ] GC(2546)       Merged Fine:              Min: 0, Avg:  0.0, Max: 0, Diff: 0, Sum: 0, Workers: 8
[111.813s][debug][gc,phases         ] GC(2546)       Merged Coarse:            Min: 0, Avg:  0.0, Max: 0, Diff: 0, Sum: 0, Workers: 8
[111.813s][debug][gc,phases         ] GC(2546)       Dirty Cards:              Min: 0, Avg:  0.0, Max: 0, Diff: 0, Sum: 0, Workers: 8
[111.813s][debug][gc,phases         ] GC(2546)     Hot Card Cache (ms):      Min:  0.0, Avg:  0.0, Max:  0.0, Diff:  0.0, Sum:  0.0, Workers: 8
[111.813s][debug][gc,phases         ] GC(2546)       Dirty Cards:              Min: 0, Avg:  0.0, Max: 0, Diff: 0, Sum: 0, Workers: 8
[111.813s][debug][gc,phases         ] GC(2546)       Skipped Cards:            Min: 0, Avg:  0.0, Max: 0, Diff: 0, Sum: 0, Workers: 8
[111.813s][debug][gc,phases         ] GC(2546)     Log Buffers (ms):         Min:  0.0, Avg:  0.0, Max:  0.0, Diff:  0.0, Sum:  0.0, Workers: 8
[111.813s][debug][gc,phases         ] GC(2546)       Dirty Cards:              Min: 0, Avg:  0.1, Max: 1, Diff: 1, Sum: 1, Workers: 8
[111.813s][debug][gc,phases         ] GC(2546)       Skipped Cards:            Min: 0, Avg:  0.0, Max: 0, Diff: 0, Sum: 0, Workers: 8
[111.813s][info ][gc,phases         ] GC(2546)   Evacuate Collection Set: 0.3ms
[111.813s][debug][gc,phases         ] GC(2546)     Ext Root Scanning (ms):   Min:  0.0, Avg:  0.1, Max:  0.2, Diff:  0.2, Sum:  1.0, Workers: 8
[111.813s][debug][gc,phases         ] GC(2546)     Scan Heap Roots (ms):     Min:  0.0, Avg:  0.0, Max:  0.0, Diff:  0.0, Sum:  0.0, Workers: 8
[111.813s][debug][gc,phases         ] GC(2546)       Scanned Cards:            Min: 0, Avg:  0.1, Max: 1, Diff: 1, Sum: 1, Workers: 8
[111.813s][debug][gc,phases         ] GC(2546)       Scanned Blocks:           Min: 0, Avg:  0.1, Max: 1, Diff: 1, Sum: 1, Workers: 8
[111.813s][debug][gc,phases         ] GC(2546)       Claimed Chunks:           Min: 0, Avg:  0.1, Max: 1, Diff: 1, Sum: 1, Workers: 8
[111.813s][debug][gc,phases         ] GC(2546)     Code Root Scan (ms):      Min:  0.0, Avg:  0.0, Max:  0.0, Diff:  0.0, Sum:  0.1, Workers: 8
[111.813s][debug][gc,phases         ] GC(2546)     Object Copy (ms):         Min:  0.0, Avg:  0.0, Max:  0.0, Diff:  0.0, Sum:  0.0, Workers: 8
[111.813s][debug][gc,phases         ] GC(2546)     Termination (ms):         Min:  0.0, Avg:  0.1, Max:  0.1, Diff:  0.1, Sum:  0.6, Workers: 8
[111.813s][debug][gc,phases         ] GC(2546)       Termination Attempts:     Min: 1, Avg:  1.1, Max: 2, Diff: 1, Sum: 9, Workers: 8
[111.813s][debug][gc,phases         ] GC(2546)     GC Worker Other (ms):     Min:  0.0, Avg:  0.0, Max:  0.1, Diff:  0.1, Sum:  0.3, Workers: 8
[111.813s][debug][gc,phases         ] GC(2546)     GC Worker Total (ms):     Min:  0.2, Avg:  0.3, Max:  0.3, Diff:  0.0, Sum:  2.1, Workers: 8
[111.813s][info ][gc,phases         ] GC(2546)   Post Evacuate Collection Set: 0.6ms
[111.813s][debug][gc,phases         ] GC(2546)     Code Roots Fixup: 0.0ms
[111.813s][debug][gc,phases         ] GC(2546)     Clear Card Table: 0.2ms
[111.813s][debug][gc,phases         ] GC(2546)     Reference Processing: 0.0ms
[111.813s][debug][gc,phases,ref     ] GC(2546)       Reconsider SoftReferences: 0.0ms
[111.813s][debug][gc,phases,ref     ] GC(2546)         SoftRef (ms):             skipped
[111.813s][debug][gc,phases,ref     ] GC(2546)       Notify Soft/WeakReferences: 0.0ms
[111.813s][debug][gc,phases,ref     ] GC(2546)         SoftRef (ms):             skipped
[111.813s][debug][gc,phases,ref     ] GC(2546)         WeakRef (ms):             skipped
[111.813s][debug][gc,phases,ref     ] GC(2546)         FinalRef (ms):            skipped
[111.813s][debug][gc,phases,ref     ] GC(2546)         Total (ms):               skipped
[111.813s][debug][gc,phases,ref     ] GC(2546)       Notify and keep alive finalizable: 0.0ms
[111.813s][debug][gc,phases,ref     ] GC(2546)         FinalRef (ms):            skipped
[111.813s][debug][gc,phases,ref     ] GC(2546)       Notify PhantomReferences: 0.0ms
[111.813s][debug][gc,phases,ref     ] GC(2546)         PhantomRef (ms):          skipped
[111.813s][debug][gc,phases,ref     ] GC(2546)       SoftReference:
[111.813s][debug][gc,phases,ref     ] GC(2546)         Discovered: 0
[111.813s][debug][gc,phases,ref     ] GC(2546)         Cleared: 0
[111.813s][debug][gc,phases,ref     ] GC(2546)       WeakReference:
[111.813s][debug][gc,phases,ref     ] GC(2546)         Discovered: 0
[111.813s][debug][gc,phases,ref     ] GC(2546)         Cleared: 0
[111.813s][debug][gc,phases,ref     ] GC(2546)       FinalReference:
[111.813s][debug][gc,phases,ref     ] GC(2546)         Discovered: 0
[111.813s][debug][gc,phases,ref     ] GC(2546)         Cleared: 0
[111.813s][debug][gc,phases,ref     ] GC(2546)       PhantomReference:
[111.813s][debug][gc,phases,ref     ] GC(2546)         Discovered: 0
[111.813s][debug][gc,phases,ref     ] GC(2546)         Cleared: 0
[111.813s][debug][gc,phases         ] GC(2546)     Weak Processing: 0.1ms
[111.813s][debug][gc,phases         ] GC(2546)       JVMTI weak processing: 0.0ms
[111.813s][debug][gc,phases         ] GC(2546)         Dead: 0
[111.813s][debug][gc,phases         ] GC(2546)         Total: 0
[111.813s][debug][gc,phases         ] GC(2546)       JFR weak processing: 0.0ms
[111.813s][debug][gc,phases         ] GC(2546)         Dead: 0
[111.813s][debug][gc,phases         ] GC(2546)         Total: 0
[111.813s][debug][gc,phases         ] GC(2546)       JNI weak                  Min:  0.0, Avg:  0.0, Max:  0.0, Diff:  0.0, Sum:  0.0, Workers: 5
[111.813s][debug][gc,phases         ] GC(2546)         Dead                      Min: 0, Avg:  0.0, Max: 0, Diff: 0, Sum: 0, Workers: 5
[111.813s][debug][gc,phases         ] GC(2546)         Total                     Min: 0, Avg: 20.4, Max: 62, Diff: 62, Sum: 102, Workers: 5
[111.813s][debug][gc,phases         ] GC(2546)       VM weak                   Min:  0.0, Avg:  0.0, Max:  0.0, Diff:  0.0, Sum:  0.0, Workers: 5
[111.813s][debug][gc,phases         ] GC(2546)         Dead                      Min: 0, Avg:  0.0, Max: 0, Diff: 0, Sum: 0, Workers: 5
[111.813s][debug][gc,phases         ] GC(2546)         Total                     Min: 0, Avg: 42.4, Max: 128, Diff: 128, Sum: 212, Workers: 5
[111.813s][debug][gc,phases         ] GC(2546)       StringTable weak          Min:  0.0, Avg:  0.0, Max:  0.0, Diff:  0.0, Sum:  0.1, Workers: 5
[111.813s][debug][gc,phases         ] GC(2546)         Dead                      Min: 0, Avg:  0.0, Max: 0, Diff: 0, Sum: 0, Workers: 5
[111.813s][debug][gc,phases         ] GC(2546)         Total                     Min: 0, Avg: 684.6, Max: 1760, Diff: 1760, Sum: 3423, Workers: 5
[111.813s][debug][gc,phases         ] GC(2546)       ResolvedMethodTable weak  Min:  0.0, Avg:  0.0, Max:  0.0, Diff:  0.0, Sum:  0.0, Workers: 5
[111.813s][debug][gc,phases         ] GC(2546)         Dead                      Min: 0, Avg:  0.0, Max: 0, Diff: 0, Sum: 0, Workers: 5
[111.813s][debug][gc,phases         ] GC(2546)         Total                     Min: 0, Avg: 114.6, Max: 317, Diff: 317, Sum: 573, Workers: 5
[111.813s][debug][gc,phases         ] GC(2546)     Merge Per-Thread State: 0.0ms
[111.813s][debug][gc,phases         ] GC(2546)       Copied Bytes              Min: 72, Avg: 300317.0, Max: 800096, Diff: 800024, Sum: 2402536, Workers: 8
[111.813s][debug][gc,phases         ] GC(2546)       LAB Waste                 Min: 0, Avg:  0.0, Max: 0, Diff: 0, Sum: 0, Workers: 8
[111.813s][debug][gc,phases         ] GC(2546)       LAB Undo Waste            Min: 0, Avg:  0.0, Max: 0, Diff: 0, Sum: 0, Workers: 8
[111.813s][debug][gc,phases         ] GC(2546)     Code Roots Purge: 0.0ms
[111.813s][debug][gc,phases         ] GC(2546)     Redirty Cards: 0.0ms
[111.813s][debug][gc,phases         ] GC(2546)     DerivedPointerTable Update: 0.0ms
[111.813s][debug][gc,phases         ] GC(2546)     Free Collection Set: 0.2ms
[111.813s][debug][gc,phases         ] GC(2546)     Rebuild Free List: 0.1ms
[111.813s][debug][gc,phases         ] GC(2546)     Humongous Reclaim: 0.0ms
[111.813s][debug][gc,phases         ] GC(2546)     Start New Collection Set: 0.0ms
[111.813s][debug][gc,phases         ] GC(2546)     Resize TLABs: 0.0ms
[111.813s][debug][gc,phases         ] GC(2546)     Expand Heap After Collection: 0.0ms
[111.813s][info ][gc,phases         ] GC(2546)   Other: 0.3ms
[111.813s][info ][gc,heap           ] GC(2546) Eden regions: 770->0(772)
[111.813s][info ][gc,heap           ] GC(2546) Survivor regions: 5->3(97)
[111.813s][info ][gc,heap           ] GC(2546) Old regions: 18->18
[111.813s][info ][gc,heap           ] GC(2546) Archive regions: 2->2
[111.813s][info ][gc,heap           ] GC(2546) Humongous regions: 0->0
[111.813s][info ][gc,metaspace      ] GC(2546) Metaspace: 10016K(10624K)->10016K(10624K) NonClass: 8864K(9216K)->8864K(9216K) Class: 1152K(1408K)->1152K(1408K)
[111.813s][debug][gc,heap           ] GC(2546) Heap after GC invocations=2547 (full 1): garbage-first heap   total 1324032K, used 21529K [0x0000000700000000, 0x0000000800000000)
[111.813s][debug][gc,heap           ] GC(2546)   region size 1024K, 3 young (3072K), 3 survivors (3072K)
[111.813s][debug][gc,heap           ] GC(2546)  Metaspace       used 10016K, capacity 10304K, committed 10624K, reserved 1058816K
[111.813s][debug][gc,heap           ] GC(2546)   class space    used 1152K, capacity 1266K, committed 1408K, reserved 1048576K
[111.814s][info ][gc                ] GC(2546) Pause Young (Normal) (G1 Evacuation Pause) 792M->21M(1293M) 2.038ms
[111.814s][info ][gc,cpu            ] GC(2546) User=0.01s Sys=0.00s Real=0.01s
[111.814s][info ][safepoint         ] Safepoint "G1CollectForAllocation", Time since last: 38258847 ns, Reaching safepoint: 140838 ns, At safepoint: 2198718 ns, Total: 2339556 ns
[111.853s][debug][gc,heap           ] GC(2547) Heap before GC invocations=2547 (full 1): garbage-first heap   total 1324032K, used 811033K [0x0000000700000000, 0x0000000800000000)
[111.853s][debug][gc,heap           ] GC(2547)   region size 1024K, 775 young (793600K), 3 survivors (3072K)
[111.853s][debug][gc,heap           ] GC(2547)  Metaspace       used 10016K, capacity 10304K, committed 10624K, reserved 1058816K
[111.853s][debug][gc,heap           ] GC(2547)   class space    used 1152K, capacity 1266K, committed 1408K, reserved 1048576K
[111.853s][info ][gc,start          ] GC(2547) Pause Young (Normal) (G1 Evacuation Pause)
[111.853s][info ][gc,task           ] GC(2547) Using 8 workers of 8 for evacuation
[111.853s][debug][gc,tlab           ] GC(2547) TLAB totals: thrds: 8  refills: 14 max: 3 slow allocs: 1537 max 203 waste: 29.8% gc: 1207736B max: 242240B slow: 57544B max: 15096B fast: 0B max: 0B
[111.853s][debug][gc,age            ] GC(2547) Desired survivor size 50855936 bytes, new threshold 15 (max threshold 15)
[111.853s][debug][gc,alloc,region   ] GC(2547) Mutator Allocation stats, regions: 772, wasted size: 180M (23.4%)
[111.853s][debug][gc,ergo           ] GC(2547) Running G1 Merge Heap Roots using 8 workers for 775 regions
[111.853s][debug][gc,remset         ] GC(2547) Visited cards 256 Total dirty 2048 (12.50%) Total old 3215360 (0.01%)
[111.854s][debug][gc,ergo           ] GC(2547) Running G1 Clear Card Table Task using 2 workers for 2 units of work for 776 regions.
[111.854s][debug][gc,ref            ] GC(2547) Skipped phase1 of Reference Processing due to unavailable references
[111.854s][debug][gc,ref            ] GC(2547) Skipped phase2 of Reference Processing due to unavailable references
[111.854s][debug][gc,ref            ] GC(2547) Skipped phase3 of Reference Processing due to unavailable references
[111.854s][debug][gc,ref            ] GC(2547) Skipped phase4 of Reference Processing due to unavailable references
[111.854s][debug][gc,ergo           ] GC(2547) Running G1 Free Collection Set using 8 workers for collection set length 775 (1293)
[111.854s][debug][gc,ergo           ] GC(2547) Running G1 Rebuild Free List Task using 8 workers for rebuilding free list of 0 (4096) regions
[111.854s][trace][gc,age            ] GC(2547) Age table with threshold 15 (max threshold 15)
[111.854s][trace][gc,age            ] GC(2547) - age   1:    2402456 bytes,    2402456 total
[111.854s][debug][gc,plab           ] GC(2547) Young PLAB allocation: allocated: 16512B, wasted: 0B, unused: 14144B, used: 2368B, undo waste: 0B, 
[111.854s][debug][gc,plab           ] GC(2547) Young other allocation: region end waste: 482640B, regions filled: 3, direct allocated: 2400088B, failure used: 0B, failure wasted: 0B
[111.854s][debug][gc,plab           ] GC(2547) Young sizing: calculated: 0B, actual: 2064B
[111.854s][debug][gc,plab           ] GC(2547) Old PLAB allocation: allocated: 0B, wasted: 0B, unused: 0B, used: 0B, undo waste: 0B, 
[111.854s][debug][gc,plab           ] GC(2547) Old other allocation: region end waste: 0B, regions filled: 1, direct allocated: 0B, failure used: 0B, failure wasted: 0B
[111.854s][debug][gc,plab           ] GC(2547) Old sizing: calculated: 0B, actual: 2064B
[111.854s][debug][gc,ihop           ] GC(2547) Basic information (value update), threshold: 610113945B (45.00), target occupancy: 1355808768B, current occupancy: 22046504B, recent allocation size: 0B, recent allocation duration: 40.18ms, recent old gen allocation rate: 0.00B/s, recent marking phase length: 30.68ms
[111.854s][debug][gc,ihop           ] GC(2547) Adaptive IHOP information (value update), threshold: 610113945B (47.37), internal target occupancy: 1288018329B, occupancy: 22046504B, additional buffer size: 812646400B, predicted old gen allocation rate: 25.22B/s, predicted marking phase length: 61.36ms, prediction active: false
[111.854s][debug][gc,ergo,refine    ] GC(2547) Concurrent refinement times: Logged Cards Scan time goal: 20.00ms Logged Cards Scan time: 0.00ms HCC time: 0.00ms
[111.854s][debug][gc,ergo,refine    ] GC(2547) Updated Refinement Zones: green: 2048, yellow: 6144, red: 10240
[111.854s][info ][gc,phases         ] GC(2547)   Pre Evacuate Collection Set: 0.1ms
[111.854s][debug][gc,phases         ] GC(2547)     Prepare TLABs: 0.0ms
[111.854s][debug][gc,phases         ] GC(2547)     Choose Collection Set: 0.0ms
[111.854s][debug][gc,phases         ] GC(2547)     Region Register: 0.1ms
[111.854s][debug][gc,phases         ] GC(2547)     Prepare Heap Roots: 0.0ms
[111.854s][info ][gc,phases         ] GC(2547)   Merge Heap Roots: 0.1ms
[111.854s][debug][gc,phases         ] GC(2547)     Prepare Merge Heap Roots: 0.0ms
[111.854s][debug][gc,phases         ] GC(2547)     Eager Reclaim (ms):       skipped
[111.854s][debug][gc,phases         ] GC(2547)     Remembered Sets (ms):     Min:  0.0, Avg:  0.0, Max:  0.1, Diff:  0.0, Sum:  0.3, Workers: 8
[111.854s][debug][gc,phases         ] GC(2547)       Merged Sparse:            Min: 0, Avg:  0.0, Max: 0, Diff: 0, Sum: 0, Workers: 8
[111.854s][debug][gc,phases         ] GC(2547)       Merged Fine:              Min: 0, Avg:  0.0, Max: 0, Diff: 0, Sum: 0, Workers: 8
[111.854s][debug][gc,phases         ] GC(2547)       Merged Coarse:            Min: 0, Avg:  0.0, Max: 0, Diff: 0, Sum: 0, Workers: 8
[111.854s][debug][gc,phases         ] GC(2547)       Dirty Cards:              Min: 0, Avg:  0.0, Max: 0, Diff: 0, Sum: 0, Workers: 8
[111.854s][debug][gc,phases         ] GC(2547)     Hot Card Cache (ms):      Min:  0.0, Avg:  0.0, Max:  0.0, Diff:  0.0, Sum:  0.0, Workers: 8
[111.854s][debug][gc,phases         ] GC(2547)       Dirty Cards:              Min: 0, Avg:  0.0, Max: 0, Diff: 0, Sum: 0, Workers: 8
[111.854s][debug][gc,phases         ] GC(2547)       Skipped Cards:            Min: 0, Avg:  0.0, Max: 0, Diff: 0, Sum: 0, Workers: 8
[111.854s][debug][gc,phases         ] GC(2547)     Log Buffers (ms):         Min:  0.0, Avg:  0.0, Max:  0.0, Diff:  0.0, Sum:  0.0, Workers: 8
[111.854s][debug][gc,phases         ] GC(2547)       Dirty Cards:              Min: 0, Avg:  0.1, Max: 1, Diff: 1, Sum: 1, Workers: 8
[111.854s][debug][gc,phases         ] GC(2547)       Skipped Cards:            Min: 0, Avg:  0.0, Max: 0, Diff: 0, Sum: 0, Workers: 8
[111.854s][info ][gc,phases         ] GC(2547)   Evacuate Collection Set: 0.3ms
[111.854s][debug][gc,phases         ] GC(2547)     Ext Root Scanning (ms):   Min:  0.0, Avg:  0.2, Max:  0.2, Diff:  0.2, Sum:  1.2, Workers: 8
[111.854s][debug][gc,phases         ] GC(2547)     Scan Heap Roots (ms):     Min:  0.0, Avg:  0.0, Max:  0.0, Diff:  0.0, Sum:  0.0, Workers: 8
[111.854s][debug][gc,phases         ] GC(2547)       Scanned Cards:            Min: 0, Avg:  0.1, Max: 1, Diff: 1, Sum: 1, Workers: 8
[111.854s][debug][gc,phases         ] GC(2547)       Scanned Blocks:           Min: 0, Avg:  0.1, Max: 1, Diff: 1, Sum: 1, Workers: 8
[111.854s][debug][gc,phases         ] GC(2547)       Claimed Chunks:           Min: 0, Avg:  0.1, Max: 1, Diff: 1, Sum: 1, Workers: 8
[111.854s][debug][gc,phases         ] GC(2547)     Code Root Scan (ms):      Min:  0.0, Avg:  0.0, Max:  0.0, Diff:  0.0, Sum:  0.1, Workers: 8
[111.854s][debug][gc,phases         ] GC(2547)     Object Copy (ms):         Min:  0.0, Avg:  0.0, Max:  0.0, Diff:  0.0, Sum:  0.0, Workers: 8
[111.854s][debug][gc,phases         ] GC(2547)     Termination (ms):         Min:  0.0, Avg:  0.1, Max:  0.1, Diff:  0.1, Sum:  0.6, Workers: 8
[111.855s][debug][gc,phases         ] GC(2547)       Termination Attempts:     Min: 1, Avg:  1.8, Max: 3, Diff: 2, Sum: 14, Workers: 8
[111.855s][debug][gc,phases         ] GC(2547)     GC Worker Other (ms):     Min:  0.0, Avg:  0.0, Max:  0.1, Diff:  0.0, Sum:  0.3, Workers: 8
[111.855s][debug][gc,phases         ] GC(2547)     GC Worker Total (ms):     Min:  0.3, Avg:  0.3, Max:  0.3, Diff:  0.0, Sum:  2.3, Workers: 8
[111.855s][info ][gc,phases         ] GC(2547)   Post Evacuate Collection Set: 0.5ms
[111.855s][debug][gc,phases         ] GC(2547)     Code Roots Fixup: 0.0ms
[111.855s][debug][gc,phases         ] GC(2547)     Clear Card Table: 0.1ms
[111.855s][debug][gc,phases         ] GC(2547)     Reference Processing: 0.0ms
[111.855s][debug][gc,phases,ref     ] GC(2547)       Reconsider SoftReferences: 0.0ms
[111.855s][debug][gc,phases,ref     ] GC(2547)         SoftRef (ms):             skipped
[111.855s][debug][gc,phases,ref     ] GC(2547)       Notify Soft/WeakReferences: 0.0ms
[111.855s][debug][gc,phases,ref     ] GC(2547)         SoftRef (ms):             skipped
[111.855s][debug][gc,phases,ref     ] GC(2547)         WeakRef (ms):             skipped
[111.855s][debug][gc,phases,ref     ] GC(2547)         FinalRef (ms):            skipped
[111.855s][debug][gc,phases,ref     ] GC(2547)         Total (ms):               skipped
[111.855s][debug][gc,phases,ref     ] GC(2547)       Notify and keep alive finalizable: 0.0ms
[111.855s][debug][gc,phases,ref     ] GC(2547)         FinalRef (ms):            skipped
[111.855s][debug][gc,phases,ref     ] GC(2547)       Notify PhantomReferences: 0.0ms
[111.855s][debug][gc,phases,ref     ] GC(2547)         PhantomRef (ms):          skipped
[111.855s][debug][gc,phases,ref     ] GC(2547)       SoftReference:
[111.855s][debug][gc,phases,ref     ] GC(2547)         Discovered: 0
[111.855s][debug][gc,phases,ref     ] GC(2547)         Cleared: 0
[111.855s][debug][gc,phases,ref     ] GC(2547)       WeakReference:
[111.855s][debug][gc,phases,ref     ] GC(2547)         Discovered: 0
[111.855s][debug][gc,phases,ref     ] GC(2547)         Cleared: 0
[111.855s][debug][gc,phases,ref     ] GC(2547)       FinalReference:
[111.855s][debug][gc,phases,ref     ] GC(2547)         Discovered: 0
[111.855s][debug][gc,phases,ref     ] GC(2547)         Cleared: 0
[111.855s][debug][gc,phases,ref     ] GC(2547)       PhantomReference:
[111.855s][debug][gc,phases,ref     ] GC(2547)         Discovered: 0
[111.855s][debug][gc,phases,ref     ] GC(2547)         Cleared: 0
[111.855s][debug][gc,phases         ] GC(2547)     Weak Processing: 0.0ms
[111.855s][debug][gc,phases         ] GC(2547)       JVMTI weak processing: 0.0ms
[111.855s][debug][gc,phases         ] GC(2547)         Dead: 0
[111.855s][debug][gc,phases         ] GC(2547)         Total: 0
[111.855s][debug][gc,phases         ] GC(2547)       JFR weak processing: 0.0ms
[111.855s][debug][gc,phases         ] GC(2547)         Dead: 0
[111.855s][debug][gc,phases         ] GC(2547)         Total: 0
[111.855s][debug][gc,phases         ] GC(2547)       JNI weak                  Min:  0.0, Avg:  0.0, Max:  0.0, Diff:  0.0, Sum:  0.0, Workers: 5
[111.855s][debug][gc,phases         ] GC(2547)         Dead                      Min: 0, Avg:  0.0, Max: 0, Diff: 0, Sum: 0, Workers: 5
[111.855s][debug][gc,phases         ] GC(2547)         Total                     Min: 0, Avg: 20.4, Max: 102, Diff: 102, Sum: 102, Workers: 5
[111.855s][debug][gc,phases         ] GC(2547)       VM weak                   Min:  0.0, Avg:  0.0, Max:  0.0, Diff:  0.0, Sum:  0.0, Workers: 5
[111.855s][debug][gc,phases         ] GC(2547)         Dead                      Min: 0, Avg:  0.0, Max: 0, Diff: 0, Sum: 0, Workers: 5
[111.855s][debug][gc,phases         ] GC(2547)         Total                     Min: 0, Avg: 42.4, Max: 212, Diff: 212, Sum: 212, Workers: 5
[111.855s][debug][gc,phases         ] GC(2547)       StringTable weak          Min:  0.0, Avg:  0.0, Max:  0.0, Diff:  0.0, Sum:  0.0, Workers: 5
[111.855s][debug][gc,phases         ] GC(2547)         Dead                      Min: 0, Avg:  0.0, Max: 0, Diff: 0, Sum: 0, Workers: 5
[111.855s][debug][gc,phases         ] GC(2547)         Total                     Min: 0, Avg: 684.6, Max: 1503, Diff: 1503, Sum: 3423, Workers: 5
[111.855s][debug][gc,phases         ] GC(2547)       ResolvedMethodTable weak  Min:  0.0, Avg:  0.0, Max:  0.0, Diff:  0.0, Sum:  0.0, Workers: 5
[111.855s][debug][gc,phases         ] GC(2547)         Dead                      Min: 0, Avg:  0.0, Max: 0, Diff: 0, Sum: 0, Workers: 5
[111.855s][debug][gc,phases         ] GC(2547)         Total                     Min: 0, Avg: 114.6, Max: 192, Diff: 192, Sum: 573, Workers: 5
[111.855s][debug][gc,phases         ] GC(2547)     Merge Per-Thread State: 0.0ms
[111.855s][debug][gc,phases         ] GC(2547)       Copied Bytes              Min: 232, Avg: 300307.0, Max: 800096, Diff: 799864, Sum: 2402456, Workers: 8
[111.855s][debug][gc,phases         ] GC(2547)       LAB Waste                 Min: 0, Avg:  0.0, Max: 0, Diff: 0, Sum: 0, Workers: 8
[111.855s][debug][gc,phases         ] GC(2547)       LAB Undo Waste            Min: 0, Avg:  0.0, Max: 0, Diff: 0, Sum: 0, Workers: 8
[111.855s][debug][gc,phases         ] GC(2547)     Code Roots Purge: 0.0ms
[111.855s][debug][gc,phases         ] GC(2547)     Redirty Cards: 0.0ms
[111.855s][debug][gc,phases         ] GC(2547)     DerivedPointerTable Update: 0.0ms
[111.855s][debug][gc,phases         ] GC(2547)     Free Collection Set: 0.2ms
[111.855s][debug][gc,phases         ] GC(2547)     Rebuild Free List: 0.1ms
[111.855s][debug][gc,phases         ] GC(2547)     Humongous Reclaim: 0.0ms
[111.855s][debug][gc,phases         ] GC(2547)     Start New Collection Set: 0.0ms
[111.855s][debug][gc,phases         ] GC(2547)     Resize TLABs: 0.0ms
[111.855s][debug][gc,phases         ] GC(2547)     Expand Heap After Collection: 0.0ms
[111.855s][info ][gc,phases         ] GC(2547)   Other: 0.3ms
[111.855s][info ][gc,heap           ] GC(2547) Eden regions: 772->0(772)
[111.855s][info ][gc,heap           ] GC(2547) Survivor regions: 3->3(97)
[111.855s][info ][gc,heap           ] GC(2547) Old regions: 18->18
[111.855s][info ][gc,heap           ] GC(2547) Archive regions: 2->2
[111.855s][info ][gc,heap           ] GC(2547) Humongous regions: 0->0
[111.855s][info ][gc,metaspace      ] GC(2547) Metaspace: 10016K(10624K)->10016K(10624K) NonClass: 8864K(9216K)->8864K(9216K) Class: 1152K(1408K)->1152K(1408K)
[111.855s][debug][gc,heap           ] GC(2547) Heap after GC invocations=2548 (full 1): garbage-first heap   total 1324032K, used 21529K [0x0000000700000000, 0x0000000800000000)
[111.855s][debug][gc,heap           ] GC(2547)   region size 1024K, 3 young (3072K), 3 survivors (3072K)
[111.855s][debug][gc,heap           ] GC(2547)  Metaspace       used 10016K, capacity 10304K, committed 10624K, reserved 1058816K
[111.855s][debug][gc,heap           ] GC(2547)   class space    used 1152K, capacity 1266K, committed 1408K, reserved 1048576K
[111.855s][info ][gc                ] GC(2547) Pause Young (Normal) (G1 Evacuation Pause) 792M->21M(1293M) 2.013ms
[111.855s][info ][gc,cpu            ] GC(2547) User=0.00s Sys=0.00s Real=0.00s
[111.855s][info ][safepoint         ] Safepoint "G1CollectForAllocation", Time since last: 39147914 ns, Reaching safepoint: 143304 ns, At safepoint: 2181275 ns, Total: 2324579 ns
[111.892s][debug][gc,heap           ] GC(2548) Heap before GC invocations=2548 (full 1): garbage-first heap   total 1324032K, used 811033K [0x0000000700000000, 0x0000000800000000)
[111.893s][debug][gc,heap           ] GC(2548)   region size 1024K, 775 young (793600K), 3 survivors (3072K)
[111.893s][debug][gc,heap           ] GC(2548)  Metaspace       used 10016K, capacity 10304K, committed 10624K, reserved 1058816K
[111.893s][debug][gc,heap           ] GC(2548)   class space    used 1152K, capacity 1266K, committed 1408K, reserved 1048576K
[111.893s][info ][gc,start          ] GC(2548) Pause Young (Normal) (G1 Evacuation Pause)
[111.893s][info ][gc,task           ] GC(2548) Using 8 workers of 8 for evacuation
[111.893s][debug][gc,tlab           ] GC(2548) TLAB totals: thrds: 8  refills: 10 max: 2 slow allocs: 1538 max 259 waste: 39.1% gc: 1111264B max: 194208B slow: 28216B max: 14304B fast: 0B max: 0B
[111.893s][debug][gc,age            ] GC(2548) Desired survivor size 50855936 bytes, new threshold 15 (max threshold 15)
[111.893s][debug][gc,alloc,region   ] GC(2548) Mutator Allocation stats, regions: 772, wasted size: 180M (23.4%)
[111.893s][debug][gc,ergo           ] GC(2548) Running G1 Merge Heap Roots using 8 workers for 775 regions
[111.893s][debug][gc,remset         ] GC(2548) Visited cards 512 Total dirty 4096 (12.50%) Total old 3215360 (0.02%)
[111.893s][debug][gc,ergo           ] GC(2548) Running G1 Clear Card Table Task using 2 workers for 2 units of work for 777 regions.
[111.894s][debug][gc,ref            ] GC(2548) Skipped phase1 of Reference Processing due to unavailable references
[111.894s][debug][gc,ref            ] GC(2548) Skipped phase2 of Reference Processing due to unavailable references
[111.894s][debug][gc,ref            ] GC(2548) Skipped phase3 of Reference Processing due to unavailable references
[111.894s][debug][gc,ref            ] GC(2548) Skipped phase4 of Reference Processing due to unavailable references
[111.894s][debug][gc,ergo           ] GC(2548) Running G1 Free Collection Set using 8 workers for collection set length 775 (1293)
[111.894s][debug][gc,ergo           ] GC(2548) Running G1 Rebuild Free List Task using 8 workers for rebuilding free list of 0 (4096) regions
[111.894s][trace][gc,age            ] GC(2548) Age table with threshold 15 (max threshold 15)
[111.894s][trace][gc,age            ] GC(2548) - age   1:    4802608 bytes,    4802608 total
[111.894s][debug][gc,plab           ] GC(2548) Young PLAB allocation: allocated: 16512B, wasted: 0B, unused: 14064B, used: 2448B, undo waste: 0B, 
[111.894s][debug][gc,plab           ] GC(2548) Young other allocation: region end waste: 1234480B, regions filled: 6, direct allocated: 4800160B, failure used: 0B, failure wasted: 0B
[111.894s][debug][gc,plab           ] GC(2548) Young sizing: calculated: 0B, actual: 2064B
[111.894s][debug][gc,plab           ] GC(2548) Old PLAB allocation: allocated: 0B, wasted: 0B, unused: 0B, used: 0B, undo waste: 0B, 
[111.894s][debug][gc,plab           ] GC(2548) Old other allocation: region end waste: 0B, regions filled: 1, direct allocated: 0B, failure used: 0B, failure wasted: 0B
[111.894s][debug][gc,plab           ] GC(2548) Old sizing: calculated: 0B, actual: 2064B
[111.894s][debug][gc,ihop           ] GC(2548) Basic information (value update), threshold: 610113945B (45.00), target occupancy: 1355808768B, current occupancy: 25198416B, recent allocation size: 0B, recent allocation duration: 38.34ms, recent old gen allocation rate: 0.00B/s, recent marking phase length: 30.68ms
[111.894s][debug][gc,ihop           ] GC(2548) Adaptive IHOP information (value update), threshold: 610113945B (47.37), internal target occupancy: 1288018329B, occupancy: 25198416B, additional buffer size: 812646400B, predicted old gen allocation rate: 24.59B/s, predicted marking phase length: 61.36ms, prediction active: false
[111.894s][debug][gc,ergo,refine    ] GC(2548) Concurrent refinement times: Logged Cards Scan time goal: 20.00ms Logged Cards Scan time: 0.00ms HCC time: 0.00ms
[111.894s][debug][gc,ergo,refine    ] GC(2548) Updated Refinement Zones: green: 2048, yellow: 6144, red: 10240
[111.894s][info ][gc,phases         ] GC(2548)   Pre Evacuate Collection Set: 0.1ms
[111.894s][debug][gc,phases         ] GC(2548)     Prepare TLABs: 0.0ms
[111.894s][debug][gc,phases         ] GC(2548)     Choose Collection Set: 0.0ms
[111.894s][debug][gc,phases         ] GC(2548)     Region Register: 0.1ms
[111.894s][debug][gc,phases         ] GC(2548)     Prepare Heap Roots: 0.0ms
[111.894s][info ][gc,phases         ] GC(2548)   Merge Heap Roots: 0.1ms
[111.894s][debug][gc,phases         ] GC(2548)     Prepare Merge Heap Roots: 0.0ms
[111.894s][debug][gc,phases         ] GC(2548)     Eager Reclaim (ms):       skipped
[111.894s][debug][gc,phases         ] GC(2548)     Remembered Sets (ms):     Min:  0.0, Avg:  0.0, Max:  0.0, Diff:  0.0, Sum:  0.3, Workers: 8
[111.894s][debug][gc,phases         ] GC(2548)       Merged Sparse:            Min: 0, Avg:  0.0, Max: 0, Diff: 0, Sum: 0, Workers: 8
[111.894s][debug][gc,phases         ] GC(2548)       Merged Fine:              Min: 0, Avg:  0.0, Max: 0, Diff: 0, Sum: 0, Workers: 8
[111.894s][debug][gc,phases         ] GC(2548)       Merged Coarse:            Min: 0, Avg:  0.0, Max: 0, Diff: 0, Sum: 0, Workers: 8
[111.894s][debug][gc,phases         ] GC(2548)       Dirty Cards:              Min: 0, Avg:  0.0, Max: 0, Diff: 0, Sum: 0, Workers: 8
[111.894s][debug][gc,phases         ] GC(2548)     Hot Card Cache (ms):      Min:  0.0, Avg:  0.0, Max:  0.0, Diff:  0.0, Sum:  0.0, Workers: 8
[111.894s][debug][gc,phases         ] GC(2548)       Dirty Cards:              Min: 0, Avg:  0.0, Max: 0, Diff: 0, Sum: 0, Workers: 8
[111.894s][debug][gc,phases         ] GC(2548)       Skipped Cards:            Min: 0, Avg:  0.0, Max: 0, Diff: 0, Sum: 0, Workers: 8
[111.894s][debug][gc,phases         ] GC(2548)     Log Buffers (ms):         Min:  0.0, Avg:  0.0, Max:  0.0, Diff:  0.0, Sum:  0.0, Workers: 8
[111.894s][debug][gc,phases         ] GC(2548)       Dirty Cards:              Min: 0, Avg:  0.2, Max: 1, Diff: 1, Sum: 2, Workers: 8
[111.894s][debug][gc,phases         ] GC(2548)       Skipped Cards:            Min: 0, Avg:  0.0, Max: 0, Diff: 0, Sum: 0, Workers: 8
[111.894s][info ][gc,phases         ] GC(2548)   Evacuate Collection Set: 0.5ms
[111.894s][debug][gc,phases         ] GC(2548)     Ext Root Scanning (ms):   Min:  0.3, Avg:  0.4, Max:  0.4, Diff:  0.1, Sum:  2.8, Workers: 8
[111.894s][debug][gc,phases         ] GC(2548)     Scan Heap Roots (ms):     Min:  0.0, Avg:  0.0, Max:  0.0, Diff:  0.0, Sum:  0.0, Workers: 8
[111.894s][debug][gc,phases         ] GC(2548)       Scanned Cards:            Min: 0, Avg:  0.2, Max: 1, Diff: 1, Sum: 2, Workers: 8
[111.894s][debug][gc,phases         ] GC(2548)       Scanned Blocks:           Min: 0, Avg:  0.2, Max: 1, Diff: 1, Sum: 2, Workers: 8
[111.894s][debug][gc,phases         ] GC(2548)       Claimed Chunks:           Min: 0, Avg:  0.2, Max: 1, Diff: 1, Sum: 2, Workers: 8
[111.894s][debug][gc,phases         ] GC(2548)     Code Root Scan (ms):      Min:  0.0, Avg:  0.0, Max:  0.0, Diff:  0.0, Sum:  0.2, Workers: 8
[111.894s][debug][gc,phases         ] GC(2548)     Object Copy (ms):         Min:  0.0, Avg:  0.0, Max:  0.0, Diff:  0.0, Sum:  0.0, Workers: 8
[111.894s][debug][gc,phases         ] GC(2548)     Termination (ms):         Min:  0.0, Avg:  0.1, Max:  0.1, Diff:  0.0, Sum:  0.4, Workers: 8
[111.894s][debug][gc,phases         ] GC(2548)       Termination Attempts:     Min: 1, Avg:  1.0, Max: 1, Diff: 0, Sum: 8, Workers: 8
[111.894s][debug][gc,phases         ] GC(2548)     GC Worker Other (ms):     Min:  0.0, Avg:  0.1, Max:  0.1, Diff:  0.0, Sum:  0.4, Workers: 8
[111.894s][debug][gc,phases         ] GC(2548)     GC Worker Total (ms):     Min:  0.5, Avg:  0.5, Max:  0.5, Diff:  0.1, Sum:  3.9, Workers: 8
[111.894s][info ][gc,phases         ] GC(2548)   Post Evacuate Collection Set: 0.5ms
[111.894s][debug][gc,phases         ] GC(2548)     Code Roots Fixup: 0.0ms
[111.894s][debug][gc,phases         ] GC(2548)     Clear Card Table: 0.1ms
[111.894s][debug][gc,phases         ] GC(2548)     Reference Processing: 0.0ms
[111.894s][debug][gc,phases,ref     ] GC(2548)       Reconsider SoftReferences: 0.0ms
[111.894s][debug][gc,phases,ref     ] GC(2548)         SoftRef (ms):             skipped
[111.894s][debug][gc,phases,ref     ] GC(2548)       Notify Soft/WeakReferences: 0.0ms
[111.894s][debug][gc,phases,ref     ] GC(2548)         SoftRef (ms):             skipped
[111.894s][debug][gc,phases,ref     ] GC(2548)         WeakRef (ms):             skipped
[111.894s][debug][gc,phases,ref     ] GC(2548)         FinalRef (ms):            skipped
[111.894s][debug][gc,phases,ref     ] GC(2548)         Total (ms):               skipped
[111.894s][debug][gc,phases,ref     ] GC(2548)       Notify and keep alive finalizable: 0.0ms
[111.894s][debug][gc,phases,ref     ] GC(2548)         FinalRef (ms):            skipped
[111.894s][debug][gc,phases,ref     ] GC(2548)       Notify PhantomReferences: 0.0ms
[111.894s][debug][gc,phases,ref     ] GC(2548)         PhantomRef (ms):          skipped
[111.894s][debug][gc,phases,ref     ] GC(2548)       SoftReference:
[111.894s][debug][gc,phases,ref     ] GC(2548)         Discovered: 0
[111.894s][debug][gc,phases,ref     ] GC(2548)         Cleared: 0
[111.894s][debug][gc,phases,ref     ] GC(2548)       WeakReference:
[111.894s][debug][gc,phases,ref     ] GC(2548)         Discovered: 0
[111.894s][debug][gc,phases,ref     ] GC(2548)         Cleared: 0
[111.894s][debug][gc,phases,ref     ] GC(2548)       FinalReference:
[111.894s][debug][gc,phases,ref     ] GC(2548)         Discovered: 0
[111.894s][debug][gc,phases,ref     ] GC(2548)         Cleared: 0
[111.894s][debug][gc,phases,ref     ] GC(2548)       PhantomReference:
[111.894s][debug][gc,phases,ref     ] GC(2548)         Discovered: 0
[111.894s][debug][gc,phases,ref     ] GC(2548)         Cleared: 0
[111.894s][debug][gc,phases         ] GC(2548)     Weak Processing: 0.0ms
[111.894s][debug][gc,phases         ] GC(2548)       JVMTI weak processing: 0.0ms
[111.895s][debug][gc,phases         ] GC(2548)         Dead: 0
[111.895s][debug][gc,phases         ] GC(2548)         Total: 0
[111.895s][debug][gc,phases         ] GC(2548)       JFR weak processing: 0.0ms
[111.895s][debug][gc,phases         ] GC(2548)         Dead: 0
[111.895s][debug][gc,phases         ] GC(2548)         Total: 0
[111.895s][debug][gc,phases         ] GC(2548)       JNI weak                  Min:  0.0, Avg:  0.0, Max:  0.0, Diff:  0.0, Sum:  0.0, Workers: 5
[111.895s][debug][gc,phases         ] GC(2548)         Dead                      Min: 0, Avg:  0.0, Max: 0, Diff: 0, Sum: 0, Workers: 5
[111.895s][debug][gc,phases         ] GC(2548)         Total                     Min: 0, Avg: 20.4, Max: 62, Diff: 62, Sum: 102, Workers: 5
[111.895s][debug][gc,phases         ] GC(2548)       VM weak                   Min:  0.0, Avg:  0.0, Max:  0.0, Diff:  0.0, Sum:  0.0, Workers: 5
[111.895s][debug][gc,phases         ] GC(2548)         Dead                      Min: 0, Avg:  0.0, Max: 0, Diff: 0, Sum: 0, Workers: 5
[111.895s][debug][gc,phases         ] GC(2548)         Total                     Min: 0, Avg: 42.4, Max: 64, Diff: 64, Sum: 212, Workers: 5
[111.895s][debug][gc,phases         ] GC(2548)       StringTable weak          Min:  0.0, Avg:  0.0, Max:  0.0, Diff:  0.0, Sum:  0.1, Workers: 5
[111.895s][debug][gc,phases         ] GC(2548)         Dead                      Min: 0, Avg:  0.0, Max: 0, Diff: 0, Sum: 0, Workers: 5
[111.895s][debug][gc,phases         ] GC(2548)         Total                     Min: 0, Avg: 684.6, Max: 896, Diff: 896, Sum: 3423, Workers: 5
[111.895s][debug][gc,phases         ] GC(2548)       ResolvedMethodTable weak  Min:  0.0, Avg:  0.0, Max:  0.0, Diff:  0.0, Sum:  0.0, Workers: 5
[111.895s][debug][gc,phases         ] GC(2548)         Dead                      Min: 0, Avg:  0.0, Max: 0, Diff: 0, Sum: 0, Workers: 5
[111.895s][debug][gc,phases         ] GC(2548)         Total                     Min: 0, Avg: 114.6, Max: 189, Diff: 189, Sum: 573, Workers: 5
[111.895s][debug][gc,phases         ] GC(2548)     Merge Per-Thread State: 0.0ms
[111.895s][debug][gc,phases         ] GC(2548)       Copied Bytes              Min: 400088, Avg: 600326.0, Max: 800256, Diff: 400168, Sum: 4802608, Workers: 8
[111.895s][debug][gc,phases         ] GC(2548)       LAB Waste                 Min: 0, Avg:  0.0, Max: 0, Diff: 0, Sum: 0, Workers: 8
[111.895s][debug][gc,phases         ] GC(2548)       LAB Undo Waste            Min: 0, Avg:  0.0, Max: 0, Diff: 0, Sum: 0, Workers: 8
[111.895s][debug][gc,phases         ] GC(2548)     Code Roots Purge: 0.0ms
[111.895s][debug][gc,phases         ] GC(2548)     Redirty Cards: 0.0ms
[111.895s][debug][gc,phases         ] GC(2548)     DerivedPointerTable Update: 0.0ms
[111.895s][debug][gc,phases         ] GC(2548)     Free Collection Set: 0.2ms
[111.895s][debug][gc,phases         ] GC(2548)     Rebuild Free List: 0.1ms
[111.895s][debug][gc,phases         ] GC(2548)     Humongous Reclaim: 0.0ms
[111.895s][debug][gc,phases         ] GC(2548)     Start New Collection Set: 0.0ms
[111.895s][debug][gc,phases         ] GC(2548)     Resize TLABs: 0.0ms
[111.895s][debug][gc,phases         ] GC(2548)     Expand Heap After Collection: 0.0ms
[111.895s][info ][gc,phases         ] GC(2548)   Other: 0.3ms
[111.895s][info ][gc,heap           ] GC(2548) Eden regions: 772->0(769)
[111.895s][info ][gc,heap           ] GC(2548) Survivor regions: 3->6(97)
[111.895s][info ][gc,heap           ] GC(2548) Old regions: 18->18
[111.895s][info ][gc,heap           ] GC(2548) Archive regions: 2->2
[111.895s][info ][gc,heap           ] GC(2548) Humongous regions: 0->0
[111.895s][info ][gc,metaspace      ] GC(2548) Metaspace: 10016K(10624K)->10016K(10624K) NonClass: 8864K(9216K)->8864K(9216K) Class: 1152K(1408K)->1152K(1408K)
[111.895s][debug][gc,heap           ] GC(2548) Heap after GC invocations=2549 (full 1): garbage-first heap   total 1324032K, used 24607K [0x0000000700000000, 0x0000000800000000)
[111.895s][debug][gc,heap           ] GC(2548)   region size 1024K, 6 young (6144K), 6 survivors (6144K)
[111.895s][debug][gc,heap           ] GC(2548)  Metaspace       used 10016K, capacity 10304K, committed 10624K, reserved 1058816K
[111.895s][debug][gc,heap           ] GC(2548)   class space    used 1152K, capacity 1266K, committed 1408K, reserved 1048576K
[111.895s][info ][gc                ] GC(2548) Pause Young (Normal) (G1 Evacuation Pause) 792M->24M(1293M) 2.204ms
[111.895s][info ][gc,cpu            ] GC(2548) User=0.00s Sys=0.00s Real=0.00s
[111.895s][info ][safepoint         ] Safepoint "G1CollectForAllocation", Time since last: 37207283 ns, Reaching safepoint: 161777 ns, At safepoint: 2416329 ns, Total: 2578106 ns
[111.933s][debug][gc,heap           ] GC(2549) Heap before GC invocations=2549 (full 1): garbage-first heap   total 1324032K, used 811039K [0x0000000700000000, 0x0000000800000000)
[111.934s][debug][gc,heap           ] GC(2549)   region size 1024K, 775 young (793600K), 6 survivors (6144K)
[111.934s][debug][gc,heap           ] GC(2549)  Metaspace       used 10016K, capacity 10304K, committed 10624K, reserved 1058816K
[111.934s][debug][gc,heap           ] GC(2549)   class space    used 1152K, capacity 1266K, committed 1408K, reserved 1048576K
[111.934s][info ][gc,start          ] GC(2549) Pause Young (Normal) (G1 Evacuation Pause)
[111.934s][info ][gc,task           ] GC(2549) Using 8 workers of 8 for evacuation
[111.934s][debug][gc,tlab           ] GC(2549) TLAB totals: thrds: 8  refills: 16 max: 3 slow allocs: 1530 max 205 waste: 25.3% gc: 1053080B max: 235512B slow: 87432B max: 15568B fast: 0B max: 0B
[111.934s][debug][gc,age            ] GC(2549) Desired survivor size 50855936 bytes, new threshold 15 (max threshold 15)
[111.934s][debug][gc,alloc,region   ] GC(2549) Mutator Allocation stats, regions: 769, wasted size: 180M (23.4%)
[111.934s][debug][gc,ergo           ] GC(2549) Running G1 Merge Heap Roots using 8 workers for 775 regions
[111.934s][debug][gc,remset         ] GC(2549) Visited cards 256 Total dirty 2048 (12.50%) Total old 3215360 (0.01%)
[111.934s][debug][gc,ergo           ] GC(2549) Running G1 Clear Card Table Task using 2 workers for 2 units of work for 776 regions.
[111.934s][debug][gc,ref            ] GC(2549) Skipped phase1 of Reference Processing due to unavailable references
[111.934s][debug][gc,ref            ] GC(2549) Skipped phase2 of Reference Processing due to unavailable references
[111.934s][debug][gc,ref            ] GC(2549) Skipped phase3 of Reference Processing due to unavailable references
[111.934s][debug][gc,ref            ] GC(2549) Skipped phase4 of Reference Processing due to unavailable references
[111.935s][debug][gc,ergo           ] GC(2549) Running G1 Free Collection Set using 8 workers for collection set length 775 (1293)
[111.935s][debug][gc,ergo           ] GC(2549) Running G1 Rebuild Free List Task using 8 workers for rebuilding free list of 0 (4096) regions
[111.935s][trace][gc,age            ] GC(2549) Age table with threshold 15 (max threshold 15)
[111.935s][trace][gc,age            ] GC(2549) - age   1:    2402528 bytes,    2402528 total
[111.935s][debug][gc,plab           ] GC(2549) Young PLAB allocation: allocated: 16512B, wasted: 0B, unused: 14064B, used: 2448B, undo waste: 0B, 
[111.935s][debug][gc,plab           ] GC(2549) Young other allocation: region end waste: 484704B, regions filled: 3, direct allocated: 2400080B, failure used: 0B, failure wasted: 0B
[111.935s][debug][gc,plab           ] GC(2549) Young sizing: calculated: 0B, actual: 2064B
[111.935s][debug][gc,plab           ] GC(2549) Old PLAB allocation: allocated: 0B, wasted: 0B, unused: 0B, used: 0B, undo waste: 0B, 
[111.935s][debug][gc,plab           ] GC(2549) Old other allocation: region end waste: 0B, regions filled: 1, direct allocated: 0B, failure used: 0B, failure wasted: 0B
[111.935s][debug][gc,plab           ] GC(2549) Old sizing: calculated: 0B, actual: 2064B
[111.935s][debug][gc,ihop           ] GC(2549) Basic information (value update), threshold: 610113945B (45.00), target occupancy: 1355808768B, current occupancy: 22048560B, recent allocation size: 0B, recent allocation duration: 39.50ms, recent old gen allocation rate: 0.00B/s, recent marking phase length: 30.68ms
[111.935s][debug][gc,ihop           ] GC(2549) Adaptive IHOP information (value update), threshold: 610113945B (47.37), internal target occupancy: 1288018329B, occupancy: 22048560B, additional buffer size: 812646400B, predicted old gen allocation rate: 23.96B/s, predicted marking phase length: 61.36ms, prediction active: false
[111.935s][debug][gc,ergo,refine    ] GC(2549) Concurrent refinement times: Logged Cards Scan time goal: 20.00ms Logged Cards Scan time: 0.00ms HCC time: 0.00ms
[111.935s][debug][gc,ergo,refine    ] GC(2549) Updated Refinement Zones: green: 2048, yellow: 6144, red: 10240
[111.935s][info ][gc,phases         ] GC(2549)   Pre Evacuate Collection Set: 0.1ms
[111.935s][debug][gc,phases         ] GC(2549)     Prepare TLABs: 0.0ms
[111.935s][debug][gc,phases         ] GC(2549)     Choose Collection Set: 0.0ms
[111.935s][debug][gc,phases         ] GC(2549)     Region Register: 0.1ms
[111.935s][debug][gc,phases         ] GC(2549)     Prepare Heap Roots: 0.0ms
[111.935s][info ][gc,phases         ] GC(2549)   Merge Heap Roots: 0.1ms
[111.935s][debug][gc,phases         ] GC(2549)     Prepare Merge Heap Roots: 0.0ms
[111.935s][debug][gc,phases         ] GC(2549)     Eager Reclaim (ms):       skipped
[111.935s][debug][gc,phases         ] GC(2549)     Remembered Sets (ms):     Min:  0.0, Avg:  0.0, Max:  0.0, Diff:  0.0, Sum:  0.3, Workers: 8
[111.935s][debug][gc,phases         ] GC(2549)       Merged Sparse:            Min: 0, Avg:  0.0, Max: 0, Diff: 0, Sum: 0, Workers: 8
[111.935s][debug][gc,phases         ] GC(2549)       Merged Fine:              Min: 0, Avg:  0.0, Max: 0, Diff: 0, Sum: 0, Workers: 8
[111.935s][debug][gc,phases         ] GC(2549)       Merged Coarse:            Min: 0, Avg:  0.0, Max: 0, Diff: 0, Sum: 0, Workers: 8
[111.935s][debug][gc,phases         ] GC(2549)       Dirty Cards:              Min: 0, Avg:  0.0, Max: 0, Diff: 0, Sum: 0, Workers: 8
[111.935s][debug][gc,phases         ] GC(2549)     Hot Card Cache (ms):      Min:  0.0, Avg:  0.0, Max:  0.0, Diff:  0.0, Sum:  0.0, Workers: 8
[111.935s][debug][gc,phases         ] GC(2549)       Dirty Cards:              Min: 0, Avg:  0.0, Max: 0, Diff: 0, Sum: 0, Workers: 8
[111.935s][debug][gc,phases         ] GC(2549)       Skipped Cards:            Min: 0, Avg:  0.0, Max: 0, Diff: 0, Sum: 0, Workers: 8
[111.935s][debug][gc,phases         ] GC(2549)     Log Buffers (ms):         Min:  0.0, Avg:  0.0, Max:  0.0, Diff:  0.0, Sum:  0.0, Workers: 8
[111.935s][debug][gc,phases         ] GC(2549)       Dirty Cards:              Min: 0, Avg:  0.1, Max: 1, Diff: 1, Sum: 1, Workers: 8
[111.935s][debug][gc,phases         ] GC(2549)       Skipped Cards:            Min: 0, Avg:  0.0, Max: 0, Diff: 0, Sum: 0, Workers: 8
[111.935s][info ][gc,phases         ] GC(2549)   Evacuate Collection Set: 0.3ms
[111.935s][debug][gc,phases         ] GC(2549)     Ext Root Scanning (ms):   Min:  0.0, Avg:  0.1, Max:  0.2, Diff:  0.2, Sum:  1.0, Workers: 8
[111.935s][debug][gc,phases         ] GC(2549)     Scan Heap Roots (ms):     Min:  0.0, Avg:  0.0, Max:  0.0, Diff:  0.0, Sum:  0.0, Workers: 8
[111.935s][debug][gc,phases         ] GC(2549)       Scanned Cards:            Min: 0, Avg:  0.1, Max: 1, Diff: 1, Sum: 1, Workers: 8
[111.935s][debug][gc,phases         ] GC(2549)       Scanned Blocks:           Min: 0, Avg:  0.1, Max: 1, Diff: 1, Sum: 1, Workers: 8
[111.935s][debug][gc,phases         ] GC(2549)       Claimed Chunks:           Min: 0, Avg:  0.1, Max: 1, Diff: 1, Sum: 1, Workers: 8
[111.935s][debug][gc,phases         ] GC(2549)     Code Root Scan (ms):      Min:  0.0, Avg:  0.0, Max:  0.0, Diff:  0.0, Sum:  0.1, Workers: 8
[111.935s][debug][gc,phases         ] GC(2549)     Object Copy (ms):         Min:  0.0, Avg:  0.0, Max:  0.0, Diff:  0.0, Sum:  0.0, Workers: 8
[111.935s][debug][gc,phases         ] GC(2549)     Termination (ms):         Min:  0.0, Avg:  0.1, Max:  0.1, Diff:  0.1, Sum:  0.6, Workers: 8
[111.935s][debug][gc,phases         ] GC(2549)       Termination Attempts:     Min: 1, Avg:  1.0, Max: 1, Diff: 0, Sum: 8, Workers: 8
[111.935s][debug][gc,phases         ] GC(2549)     GC Worker Other (ms):     Min:  0.0, Avg:  0.0, Max:  0.1, Diff:  0.1, Sum:  0.3, Workers: 8
[111.935s][debug][gc,phases         ] GC(2549)     GC Worker Total (ms):     Min:  0.2, Avg:  0.3, Max:  0.3, Diff:  0.0, Sum:  2.1, Workers: 8
[111.935s][info ][gc,phases         ] GC(2549)   Post Evacuate Collection Set: 0.6ms
[111.935s][debug][gc,phases         ] GC(2549)     Code Roots Fixup: 0.0ms
[111.935s][debug][gc,phases         ] GC(2549)     Clear Card Table: 0.2ms
[111.935s][debug][gc,phases         ] GC(2549)     Reference Processing: 0.1ms
[111.935s][debug][gc,phases,ref     ] GC(2549)       Reconsider SoftReferences: 0.0ms
[111.935s][debug][gc,phases,ref     ] GC(2549)         SoftRef (ms):             skipped
[111.935s][debug][gc,phases,ref     ] GC(2549)       Notify Soft/WeakReferences: 0.0ms
[111.935s][debug][gc,phases,ref     ] GC(2549)         SoftRef (ms):             skipped
[111.935s][debug][gc,phases,ref     ] GC(2549)         WeakRef (ms):             skipped
[111.935s][debug][gc,phases,ref     ] GC(2549)         FinalRef (ms):            skipped
[111.935s][debug][gc,phases,ref     ] GC(2549)         Total (ms):               skipped
[111.935s][debug][gc,phases,ref     ] GC(2549)       Notify and keep alive finalizable: 0.0ms
[111.935s][debug][gc,phases,ref     ] GC(2549)         FinalRef (ms):            skipped
[111.935s][debug][gc,phases,ref     ] GC(2549)       Notify PhantomReferences: 0.0ms
[111.935s][debug][gc,phases,ref     ] GC(2549)         PhantomRef (ms):          skipped
[111.935s][debug][gc,phases,ref     ] GC(2549)       SoftReference:
[111.935s][debug][gc,phases,ref     ] GC(2549)         Discovered: 0
[111.935s][debug][gc,phases,ref     ] GC(2549)         Cleared: 0
[111.935s][debug][gc,phases,ref     ] GC(2549)       WeakReference:
[111.935s][debug][gc,phases,ref     ] GC(2549)         Discovered: 0
[111.935s][debug][gc,phases,ref     ] GC(2549)         Cleared: 0
[111.935s][debug][gc,phases,ref     ] GC(2549)       FinalReference:
[111.935s][debug][gc,phases,ref     ] GC(2549)         Discovered: 0
[111.935s][debug][gc,phases,ref     ] GC(2549)         Cleared: 0
[111.935s][debug][gc,phases,ref     ] GC(2549)       PhantomReference:
[111.935s][debug][gc,phases,ref     ] GC(2549)         Discovered: 0
[111.935s][debug][gc,phases,ref     ] GC(2549)         Cleared: 0
[111.935s][debug][gc,phases         ] GC(2549)     Weak Processing: 0.1ms
[111.935s][debug][gc,phases         ] GC(2549)       JVMTI weak processing: 0.0ms
[111.935s][debug][gc,phases         ] GC(2549)         Dead: 0
[111.935s][debug][gc,phases         ] GC(2549)         Total: 0
[111.935s][debug][gc,phases         ] GC(2549)       JFR weak processing: 0.0ms
[111.935s][debug][gc,phases         ] GC(2549)         Dead: 0
[111.935s][debug][gc,phases         ] GC(2549)         Total: 0
[111.935s][debug][gc,phases         ] GC(2549)       JNI weak                  Min:  0.0, Avg:  0.0, Max:  0.0, Diff:  0.0, Sum:  0.0, Workers: 5
[111.935s][debug][gc,phases         ] GC(2549)         Dead                      Min: 0, Avg:  0.0, Max: 0, Diff: 0, Sum: 0, Workers: 5
[111.935s][debug][gc,phases         ] GC(2549)         Total                     Min: 0, Avg: 20.4, Max: 102, Diff: 102, Sum: 102, Workers: 5
[111.935s][debug][gc,phases         ] GC(2549)       VM weak                   Min:  0.0, Avg:  0.0, Max:  0.0, Diff:  0.0, Sum:  0.0, Workers: 5
[111.935s][debug][gc,phases         ] GC(2549)         Dead                      Min: 0, Avg:  0.0, Max: 0, Diff: 0, Sum: 0, Workers: 5
[111.935s][debug][gc,phases         ] GC(2549)         Total                     Min: 0, Avg: 42.4, Max: 212, Diff: 212, Sum: 212, Workers: 5
[111.935s][debug][gc,phases         ] GC(2549)       StringTable weak          Min:  0.0, Avg:  0.0, Max:  0.0, Diff:  0.0, Sum:  0.0, Workers: 5
[111.935s][debug][gc,phases         ] GC(2549)         Dead                      Min: 0, Avg:  0.0, Max: 0, Diff: 0, Sum: 0, Workers: 5
[111.935s][debug][gc,phases         ] GC(2549)         Total                     Min: 0, Avg: 684.6, Max: 2336, Diff: 2336, Sum: 3423, Workers: 5
[111.935s][debug][gc,phases         ] GC(2549)       ResolvedMethodTable weak  Min:  0.0, Avg:  0.0, Max:  0.0, Diff:  0.0, Sum:  0.0, Workers: 5
[111.935s][debug][gc,phases         ] GC(2549)         Dead                      Min: 0, Avg:  0.0, Max: 0, Diff: 0, Sum: 0, Workers: 5
[111.935s][debug][gc,phases         ] GC(2549)         Total                     Min: 0, Avg: 114.6, Max: 192, Diff: 192, Sum: 573, Workers: 5
[111.935s][debug][gc,phases         ] GC(2549)     Merge Per-Thread State: 0.0ms
[111.935s][debug][gc,phases         ] GC(2549)       Copied Bytes              Min: 72, Avg: 300316.0, Max: 800320, Diff: 800248, Sum: 2402528, Workers: 8
[111.935s][debug][gc,phases         ] GC(2549)       LAB Waste                 Min: 0, Avg:  0.0, Max: 0, Diff: 0, Sum: 0, Workers: 8
[111.935s][debug][gc,phases         ] GC(2549)       LAB Undo Waste            Min: 0, Avg:  0.0, Max: 0, Diff: 0, Sum: 0, Workers: 8
[111.935s][debug][gc,phases         ] GC(2549)     Code Roots Purge: 0.0ms
[111.935s][debug][gc,phases         ] GC(2549)     Redirty Cards: 0.0ms
[111.935s][debug][gc,phases         ] GC(2549)     DerivedPointerTable Update: 0.0ms
[111.935s][debug][gc,phases         ] GC(2549)     Free Collection Set: 0.2ms
[111.935s][debug][gc,phases         ] GC(2549)     Rebuild Free List: 0.1ms
[111.935s][debug][gc,phases         ] GC(2549)     Humongous Reclaim: 0.0ms
[111.935s][debug][gc,phases         ] GC(2549)     Start New Collection Set: 0.0ms
[111.935s][debug][gc,phases         ] GC(2549)     Resize TLABs: 0.0ms
[111.936s][debug][gc,phases         ] GC(2549)     Expand Heap After Collection: 0.0ms
[111.936s][info ][gc,phases         ] GC(2549)   Other: 0.3ms
[111.936s][info ][gc,heap           ] GC(2549) Eden regions: 769->0(772)
[111.936s][info ][gc,heap           ] GC(2549) Survivor regions: 6->3(97)
[111.936s][info ][gc,heap           ] GC(2549) Old regions: 18->18
[111.936s][info ][gc,heap           ] GC(2549) Archive regions: 2->2
[111.936s][info ][gc,heap           ] GC(2549) Humongous regions: 0->0
[111.936s][info ][gc,metaspace      ] GC(2549) Metaspace: 10016K(10624K)->10016K(10624K) NonClass: 8864K(9216K)->8864K(9216K) Class: 1152K(1408K)->1152K(1408K)
[111.936s][debug][gc,heap           ] GC(2549) Heap after GC invocations=2550 (full 1): garbage-first heap   total 1324032K, used 21531K [0x0000000700000000, 0x0000000800000000)
[111.936s][debug][gc,heap           ] GC(2549)   region size 1024K, 3 young (3072K), 3 survivors (3072K)
[111.936s][debug][gc,heap           ] GC(2549)  Metaspace       used 10016K, capacity 10304K, committed 10624K, reserved 1058816K
[111.936s][debug][gc,heap           ] GC(2549)   class space    used 1152K, capacity 1266K, committed 1408K, reserved 1048576K
[111.936s][info ][gc                ] GC(2549) Pause Young (Normal) (G1 Evacuation Pause) 792M->21M(1293M) 2.050ms
[111.936s][info ][gc,cpu            ] GC(2549) User=0.00s Sys=0.00s Real=0.00s
[111.936s][info ][safepoint         ] Safepoint "G1CollectForAllocation", Time since last: 38436737 ns, Reaching safepoint: 157098 ns, At safepoint: 2218158 ns, Total: 2375256 ns
[111.974s][debug][gc,heap           ] GC(2550) Heap before GC invocations=2550 (full 1): garbage-first heap   total 1324032K, used 811035K [0x0000000700000000, 0x0000000800000000)
[111.974s][debug][gc,heap           ] GC(2550)   region size 1024K, 775 young (793600K), 3 survivors (3072K)
[111.974s][debug][gc,heap           ] GC(2550)  Metaspace       used 10016K, capacity 10304K, committed 10624K, reserved 1058816K
[111.974s][debug][gc,heap           ] GC(2550)   class space    used 1152K, capacity 1266K, committed 1408K, reserved 1048576K
[111.974s][info ][gc,start          ] GC(2550) Pause Young (Normal) (G1 Evacuation Pause)
[111.974s][info ][gc,task           ] GC(2550) Using 8 workers of 8 for evacuation
[111.974s][debug][gc,tlab           ] GC(2550) TLAB totals: thrds: 8  refills: 12 max: 3 slow allocs: 1538 max 207 waste: 31.9% gc: 986120B max: 233392B slow: 31440B max: 15488B fast: 0B max: 0B
[111.974s][debug][gc,age            ] GC(2550) Desired survivor size 50855936 bytes, new threshold 15 (max threshold 15)
[111.974s][debug][gc,alloc,region   ] GC(2550) Mutator Allocation stats, regions: 772, wasted size: 180M (23.4%)
[111.974s][debug][gc,ergo           ] GC(2550) Running G1 Merge Heap Roots using 8 workers for 775 regions
[111.974s][debug][gc,remset         ] GC(2550) Visited cards 512 Total dirty 4096 (12.50%) Total old 3215360 (0.02%)
[111.974s][debug][gc,ergo           ] GC(2550) Running G1 Clear Card Table Task using 2 workers for 2 units of work for 777 regions.
[111.975s][debug][gc,ref            ] GC(2550) Skipped phase1 of Reference Processing due to unavailable references
[111.975s][debug][gc,ref            ] GC(2550) Skipped phase2 of Reference Processing due to unavailable references
[111.975s][debug][gc,ref            ] GC(2550) Skipped phase3 of Reference Processing due to unavailable references
[111.975s][debug][gc,ref            ] GC(2550) Skipped phase4 of Reference Processing due to unavailable references
[111.975s][debug][gc,ergo           ] GC(2550) Running G1 Free Collection Set using 8 workers for collection set length 775 (1293)
[111.975s][debug][gc,ergo           ] GC(2550) Running G1 Rebuild Free List Task using 8 workers for rebuilding free list of 0 (4096) regions
[111.975s][trace][gc,age            ] GC(2550) Age table with threshold 15 (max threshold 15)
[111.975s][trace][gc,age            ] GC(2550) - age   1:    3202560 bytes,    3202560 total
[111.975s][debug][gc,plab           ] GC(2550) Young PLAB allocation: allocated: 16512B, wasted: 0B, unused: 14064B, used: 2448B, undo waste: 0B, 
[111.975s][debug][gc,plab           ] GC(2550) Young other allocation: region end waste: 735312B, regions filled: 4, direct allocated: 3200112B, failure used: 0B, failure wasted: 0B
[111.975s][debug][gc,plab           ] GC(2550) Young sizing: calculated: 0B, actual: 2064B
[111.975s][debug][gc,plab           ] GC(2550) Old PLAB allocation: allocated: 0B, wasted: 0B, unused: 0B, used: 0B, undo waste: 0B, 
[111.975s][debug][gc,plab           ] GC(2550) Old other allocation: region end waste: 0B, regions filled: 1, direct allocated: 0B, failure used: 0B, failure wasted: 0B
[111.975s][debug][gc,plab           ] GC(2550) Old sizing: calculated: 0B, actual: 2064B
[111.975s][debug][gc,ihop           ] GC(2550) Basic information (value update), threshold: 610113945B (45.00), target occupancy: 1355808768B, current occupancy: 23099200B, recent allocation size: 0B, recent allocation duration: 38.83ms, recent old gen allocation rate: 0.00B/s, recent marking phase length: 30.68ms
[111.975s][debug][gc,ihop           ] GC(2550) Adaptive IHOP information (value update), threshold: 610113945B (47.37), internal target occupancy: 1288018329B, occupancy: 23099200B, additional buffer size: 812646400B, predicted old gen allocation rate: 23.36B/s, predicted marking phase length: 61.36ms, prediction active: false
[111.975s][debug][gc,ergo,refine    ] GC(2550) Concurrent refinement times: Logged Cards Scan time goal: 20.00ms Logged Cards Scan time: 0.00ms HCC time: 0.00ms
[111.975s][debug][gc,ergo,refine    ] GC(2550) Updated Refinement Zones: green: 2048, yellow: 6144, red: 10240
[111.975s][info ][gc,phases         ] GC(2550)   Pre Evacuate Collection Set: 0.1ms
[111.975s][debug][gc,phases         ] GC(2550)     Prepare TLABs: 0.0ms
[111.975s][debug][gc,phases         ] GC(2550)     Choose Collection Set: 0.0ms
[111.975s][debug][gc,phases         ] GC(2550)     Region Register: 0.1ms
[111.975s][debug][gc,phases         ] GC(2550)     Prepare Heap Roots: 0.0ms
[111.975s][info ][gc,phases         ] GC(2550)   Merge Heap Roots: 0.1ms
[111.975s][debug][gc,phases         ] GC(2550)     Prepare Merge Heap Roots: 0.0ms
[111.975s][debug][gc,phases         ] GC(2550)     Eager Reclaim (ms):       skipped
[111.975s][debug][gc,phases         ] GC(2550)     Remembered Sets (ms):     Min:  0.0, Avg:  0.0, Max:  0.0, Diff:  0.0, Sum:  0.3, Workers: 8
[111.975s][debug][gc,phases         ] GC(2550)       Merged Sparse:            Min: 0, Avg:  0.0, Max: 0, Diff: 0, Sum: 0, Workers: 8
[111.975s][debug][gc,phases         ] GC(2550)       Merged Fine:              Min: 0, Avg:  0.0, Max: 0, Diff: 0, Sum: 0, Workers: 8
[111.975s][debug][gc,phases         ] GC(2550)       Merged Coarse:            Min: 0, Avg:  0.0, Max: 0, Diff: 0, Sum: 0, Workers: 8
[111.975s][debug][gc,phases         ] GC(2550)       Dirty Cards:              Min: 0, Avg:  0.0, Max: 0, Diff: 0, Sum: 0, Workers: 8
[111.975s][debug][gc,phases         ] GC(2550)     Hot Card Cache (ms):      Min:  0.0, Avg:  0.0, Max:  0.0, Diff:  0.0, Sum:  0.0, Workers: 8
[111.975s][debug][gc,phases         ] GC(2550)       Dirty Cards:              Min: 0, Avg:  0.0, Max: 0, Diff: 0, Sum: 0, Workers: 8
[111.975s][debug][gc,phases         ] GC(2550)       Skipped Cards:            Min: 0, Avg:  0.0, Max: 0, Diff: 0, Sum: 0, Workers: 8
[111.975s][debug][gc,phases         ] GC(2550)     Log Buffers (ms):         Min:  0.0, Avg:  0.0, Max:  0.0, Diff:  0.0, Sum:  0.0, Workers: 8
[111.975s][debug][gc,phases         ] GC(2550)       Dirty Cards:              Min: 0, Avg:  0.2, Max: 1, Diff: 1, Sum: 2, Workers: 8
[111.975s][debug][gc,phases         ] GC(2550)       Skipped Cards:            Min: 0, Avg:  0.0, Max: 0, Diff: 0, Sum: 0, Workers: 8
[111.975s][info ][gc,phases         ] GC(2550)   Evacuate Collection Set: 0.4ms
[111.975s][debug][gc,phases         ] GC(2550)     Ext Root Scanning (ms):   Min:  0.0, Avg:  0.2, Max:  0.3, Diff:  0.3, Sum:  1.6, Workers: 8
[111.975s][debug][gc,phases         ] GC(2550)     Scan Heap Roots (ms):     Min:  0.0, Avg:  0.0, Max:  0.0, Diff:  0.0, Sum:  0.0, Workers: 8
[111.975s][debug][gc,phases         ] GC(2550)       Scanned Cards:            Min: 0, Avg:  0.2, Max: 2, Diff: 2, Sum: 2, Workers: 8
[111.975s][debug][gc,phases         ] GC(2550)       Scanned Blocks:           Min: 0, Avg:  0.2, Max: 2, Diff: 2, Sum: 2, Workers: 8
[111.975s][debug][gc,phases         ] GC(2550)       Claimed Chunks:           Min: 0, Avg:  0.2, Max: 2, Diff: 2, Sum: 2, Workers: 8
[111.975s][debug][gc,phases         ] GC(2550)     Code Root Scan (ms):      Min:  0.0, Avg:  0.0, Max:  0.0, Diff:  0.0, Sum:  0.1, Workers: 8
[111.975s][debug][gc,phases         ] GC(2550)     Object Copy (ms):         Min:  0.0, Avg:  0.0, Max:  0.0, Diff:  0.0, Sum:  0.0, Workers: 8
[111.975s][debug][gc,phases         ] GC(2550)     Termination (ms):         Min:  0.0, Avg:  0.1, Max:  0.1, Diff:  0.1, Sum:  0.6, Workers: 8
[111.975s][debug][gc,phases         ] GC(2550)       Termination Attempts:     Min: 1, Avg:  1.1, Max: 2, Diff: 1, Sum: 9, Workers: 8
[111.975s][debug][gc,phases         ] GC(2550)     GC Worker Other (ms):     Min:  0.0, Avg:  0.1, Max:  0.2, Diff:  0.1, Sum:  0.5, Workers: 8
[111.975s][debug][gc,phases         ] GC(2550)     GC Worker Total (ms):     Min:  0.3, Avg:  0.4, Max:  0.4, Diff:  0.0, Sum:  2.8, Workers: 8
[111.975s][info ][gc,phases         ] GC(2550)   Post Evacuate Collection Set: 0.6ms
[111.975s][debug][gc,phases         ] GC(2550)     Code Roots Fixup: 0.0ms
[111.975s][debug][gc,phases         ] GC(2550)     Clear Card Table: 0.2ms
[111.975s][debug][gc,phases         ] GC(2550)     Reference Processing: 0.0ms
[111.975s][debug][gc,phases,ref     ] GC(2550)       Reconsider SoftReferences: 0.0ms
[111.975s][debug][gc,phases,ref     ] GC(2550)         SoftRef (ms):             skipped
[111.975s][debug][gc,phases,ref     ] GC(2550)       Notify Soft/WeakReferences: 0.0ms
[111.976s][debug][gc,phases,ref     ] GC(2550)         SoftRef (ms):             skipped
[111.976s][debug][gc,phases,ref     ] GC(2550)         WeakRef (ms):             skipped
[111.976s][debug][gc,phases,ref     ] GC(2550)         FinalRef (ms):            skipped
[111.976s][debug][gc,phases,ref     ] GC(2550)         Total (ms):               skipped
[111.976s][debug][gc,phases,ref     ] GC(2550)       Notify and keep alive finalizable: 0.0ms
[111.976s][debug][gc,phases,ref     ] GC(2550)         FinalRef (ms):            skipped
[111.976s][debug][gc,phases,ref     ] GC(2550)       Notify PhantomReferences: 0.0ms
[111.976s][debug][gc,phases,ref     ] GC(2550)         PhantomRef (ms):          skipped
[111.976s][debug][gc,phases,ref     ] GC(2550)       SoftReference:
[111.976s][debug][gc,phases,ref     ] GC(2550)         Discovered: 0
[111.976s][debug][gc,phases,ref     ] GC(2550)         Cleared: 0
[111.976s][debug][gc,phases,ref     ] GC(2550)       WeakReference:
[111.976s][debug][gc,phases,ref     ] GC(2550)         Discovered: 0
[111.976s][debug][gc,phases,ref     ] GC(2550)         Cleared: 0
[111.976s][debug][gc,phases,ref     ] GC(2550)       FinalReference:
[111.976s][debug][gc,phases,ref     ] GC(2550)         Discovered: 0
[111.976s][debug][gc,phases,ref     ] GC(2550)         Cleared: 0
[111.976s][debug][gc,phases,ref     ] GC(2550)       PhantomReference:
[111.976s][debug][gc,phases,ref     ] GC(2550)         Discovered: 0
[111.976s][debug][gc,phases,ref     ] GC(2550)         Cleared: 0
[111.976s][debug][gc,phases         ] GC(2550)     Weak Processing: 0.0ms
[111.976s][debug][gc,phases         ] GC(2550)       JVMTI weak processing: 0.0ms
[111.976s][debug][gc,phases         ] GC(2550)         Dead: 0
[111.976s][debug][gc,phases         ] GC(2550)         Total: 0
[111.976s][debug][gc,phases         ] GC(2550)       JFR weak processing: 0.0ms
[111.976s][debug][gc,phases         ] GC(2550)         Dead: 0
[111.976s][debug][gc,phases         ] GC(2550)         Total: 0
[111.976s][debug][gc,phases         ] GC(2550)       JNI weak                  Min:  0.0, Avg:  0.0, Max:  0.0, Diff:  0.0, Sum:  0.0, Workers: 5
[111.976s][debug][gc,phases         ] GC(2550)         Dead                      Min: 0, Avg:  0.0, Max: 0, Diff: 0, Sum: 0, Workers: 5
[111.976s][debug][gc,phases         ] GC(2550)         Total                     Min: 0, Avg: 20.4, Max: 62, Diff: 62, Sum: 102, Workers: 5
[111.976s][debug][gc,phases         ] GC(2550)       VM weak                   Min:  0.0, Avg:  0.0, Max:  0.0, Diff:  0.0, Sum:  0.0, Workers: 5
[111.976s][debug][gc,phases         ] GC(2550)         Dead                      Min: 0, Avg:  0.0, Max: 0, Diff: 0, Sum: 0, Workers: 5
[111.976s][debug][gc,phases         ] GC(2550)         Total                     Min: 0, Avg: 42.4, Max: 84, Diff: 84, Sum: 212, Workers: 5
[111.976s][debug][gc,phases         ] GC(2550)       StringTable weak          Min:  0.0, Avg:  0.0, Max:  0.0, Diff:  0.0, Sum:  0.1, Workers: 5
[111.976s][debug][gc,phases         ] GC(2550)         Dead                      Min: 0, Avg:  0.0, Max: 0, Diff: 0, Sum: 0, Workers: 5
[111.976s][debug][gc,phases         ] GC(2550)         Total                     Min: 576, Avg: 684.6, Max: 864, Diff: 288, Sum: 3423, Workers: 5
[111.976s][debug][gc,phases         ] GC(2550)       ResolvedMethodTable weak  Min:  0.0, Avg:  0.0, Max:  0.0, Diff:  0.0, Sum:  0.0, Workers: 5
[111.976s][debug][gc,phases         ] GC(2550)         Dead                      Min: 0, Avg:  0.0, Max: 0, Diff: 0, Sum: 0, Workers: 5
[111.976s][debug][gc,phases         ] GC(2550)         Total                     Min: 61, Avg: 114.6, Max: 128, Diff: 67, Sum: 573, Workers: 5
[111.976s][debug][gc,phases         ] GC(2550)     Merge Per-Thread State: 0.0ms
[111.976s][debug][gc,phases         ] GC(2550)       Copied Bytes              Min: 144, Avg: 400320.0, Max: 800544, Diff: 800400, Sum: 3202560, Workers: 8
[111.976s][debug][gc,phases         ] GC(2550)       LAB Waste                 Min: 0, Avg:  0.0, Max: 0, Diff: 0, Sum: 0, Workers: 8
[111.976s][debug][gc,phases         ] GC(2550)       LAB Undo Waste            Min: 0, Avg:  0.0, Max: 0, Diff: 0, Sum: 0, Workers: 8
[111.976s][debug][gc,phases         ] GC(2550)     Code Roots Purge: 0.0ms
[111.976s][debug][gc,phases         ] GC(2550)     Redirty Cards: 0.0ms
[111.976s][debug][gc,phases         ] GC(2550)     DerivedPointerTable Update: 0.0ms
[111.976s][debug][gc,phases         ] GC(2550)     Free Collection Set: 0.2ms
[111.976s][debug][gc,phases         ] GC(2550)     Rebuild Free List: 0.0ms
[111.976s][debug][gc,phases         ] GC(2550)     Humongous Reclaim: 0.0ms
[111.976s][debug][gc,phases         ] GC(2550)     Start New Collection Set: 0.0ms
[111.976s][debug][gc,phases         ] GC(2550)     Resize TLABs: 0.0ms
[111.976s][debug][gc,phases         ] GC(2550)     Expand Heap After Collection: 0.0ms
[111.976s][info ][gc,phases         ] GC(2550)   Other: 0.4ms
[111.976s][info ][gc,heap           ] GC(2550) Eden regions: 772->0(771)
[111.976s][info ][gc,heap           ] GC(2550) Survivor regions: 3->4(97)
[111.976s][info ][gc,heap           ] GC(2550) Old regions: 18->18
[111.976s][info ][gc,heap           ] GC(2550) Archive regions: 2->2
[111.976s][info ][gc,heap           ] GC(2550) Humongous regions: 0->0
[111.976s][info ][gc,metaspace      ] GC(2550) Metaspace: 10016K(10624K)->10016K(10624K) NonClass: 8864K(9216K)->8864K(9216K) Class: 1152K(1408K)->1152K(1408K)
[111.976s][debug][gc,heap           ] GC(2550) Heap after GC invocations=2551 (full 1): garbage-first heap   total 1324032K, used 22557K [0x0000000700000000, 0x0000000800000000)
[111.976s][debug][gc,heap           ] GC(2550)   region size 1024K, 4 young (4096K), 4 survivors (4096K)
[111.976s][debug][gc,heap           ] GC(2550)  Metaspace       used 10016K, capacity 10304K, committed 10624K, reserved 1058816K
[111.976s][debug][gc,heap           ] GC(2550)   class space    used 1152K, capacity 1266K, committed 1408K, reserved 1048576K
[111.976s][info ][gc                ] GC(2550) Pause Young (Normal) (G1 Evacuation Pause) 792M->22M(1293M) 2.284ms
[111.976s][info ][gc,cpu            ] GC(2550) User=0.01s Sys=0.00s Real=0.00s
[111.976s][info ][safepoint         ] Safepoint "G1CollectForAllocation", Time since last: 37625894 ns, Reaching safepoint: 227476 ns, At safepoint: 2555497 ns, Total: 2782973 ns
[112.017s][debug][gc,heap           ] GC(2551) Heap before GC invocations=2551 (full 1): garbage-first heap   total 1324032K, used 811037K [0x0000000700000000, 0x0000000800000000)
[112.017s][debug][gc,heap           ] GC(2551)   region size 1024K, 775 young (793600K), 4 survivors (4096K)
[112.017s][debug][gc,heap           ] GC(2551)  Metaspace       used 10016K, capacity 10304K, committed 10624K, reserved 1058816K
[112.017s][debug][gc,heap           ] GC(2551)   class space    used 1152K, capacity 1266K, committed 1408K, reserved 1048576K
[112.017s][info ][gc,start          ] GC(2551) Pause Young (Normal) (G1 Evacuation Pause)
[112.017s][info ][gc,task           ] GC(2551) Using 8 workers of 8 for evacuation
[112.017s][debug][gc,tlab           ] GC(2551) TLAB totals: thrds: 8  refills: 14 max: 2 slow allocs: 1533 max 217 waste: 30.8% gc: 1099888B max: 222408B slow: 45280B max: 13912B fast: 0B max: 0B
[112.017s][debug][gc,age            ] GC(2551) Desired survivor size 50855936 bytes, new threshold 15 (max threshold 15)
[112.017s][debug][gc,alloc,region   ] GC(2551) Mutator Allocation stats, regions: 771, wasted size: 180M (23.4%)
[112.017s][debug][gc,ergo           ] GC(2551) Running G1 Merge Heap Roots using 8 workers for 775 regions
[112.017s][debug][gc,remset         ] GC(2551) Visited cards 256 Total dirty 2048 (12.50%) Total old 3215360 (0.01%)
[112.018s][debug][gc,ergo           ] GC(2551) Running G1 Clear Card Table Task using 2 workers for 2 units of work for 776 regions.
[112.018s][debug][gc,ref            ] GC(2551) Skipped phase1 of Reference Processing due to unavailable references
[112.018s][debug][gc,ref            ] GC(2551) Skipped phase2 of Reference Processing due to unavailable references
[112.018s][debug][gc,ref            ] GC(2551) Skipped phase3 of Reference Processing due to unavailable references
[112.018s][debug][gc,ref            ] GC(2551) Skipped phase4 of Reference Processing due to unavailable references
[112.018s][debug][gc,ergo           ] GC(2551) Running G1 Free Collection Set using 8 workers for collection set length 775 (1293)
[112.018s][debug][gc,ergo           ] GC(2551) Running G1 Rebuild Free List Task using 8 workers for rebuilding free list of 0 (4096) regions
[112.019s][trace][gc,age            ] GC(2551) Age table with threshold 15 (max threshold 15)
[112.019s][trace][gc,age            ] GC(2551) - age   1:    4002576 bytes,    4002576 total
[112.019s][debug][gc,plab           ] GC(2551) Young PLAB allocation: allocated: 16512B, wasted: 0B, unused: 14064B, used: 2448B, undo waste: 0B, 
[112.019s][debug][gc,plab           ] GC(2551) Young other allocation: region end waste: 985936B, regions filled: 5, direct allocated: 4000128B, failure used: 0B, failure wasted: 0B
[112.019s][debug][gc,plab           ] GC(2551) Young sizing: calculated: 0B, actual: 2064B
[112.019s][debug][gc,plab           ] GC(2551) Old PLAB allocation: allocated: 0B, wasted: 0B, unused: 0B, used: 0B, undo waste: 0B, 
[112.019s][debug][gc,plab           ] GC(2551) Old other allocation: region end waste: 0B, regions filled: 1, direct allocated: 0B, failure used: 0B, failure wasted: 0B
[112.019s][debug][gc,plab           ] GC(2551) Old sizing: calculated: 0B, actual: 2064B
[112.019s][debug][gc,ihop           ] GC(2551) Basic information (value update), threshold: 610113945B (45.00), target occupancy: 1355808768B, current occupancy: 24149840B, recent allocation size: 0B, recent allocation duration: 42.03ms, recent old gen allocation rate: 0.00B/s, recent marking phase length: 30.68ms
[112.019s][debug][gc,ihop           ] GC(2551) Adaptive IHOP information (value update), threshold: 610113945B (47.37), internal target occupancy: 1288018329B, occupancy: 24149840B, additional buffer size: 812646400B, predicted old gen allocation rate: 22.76B/s, predicted marking phase length: 61.36ms, prediction active: false
[112.019s][debug][gc,ergo,refine    ] GC(2551) Concurrent refinement times: Logged Cards Scan time goal: 20.00ms Logged Cards Scan time: 0.00ms HCC time: 0.00ms
[112.019s][debug][gc,ergo,refine    ] GC(2551) Updated Refinement Zones: green: 2048, yellow: 6144, red: 10240
[112.019s][info ][gc,phases         ] GC(2551)   Pre Evacuate Collection Set: 0.2ms
[112.019s][debug][gc,phases         ] GC(2551)     Prepare TLABs: 0.0ms
[112.019s][debug][gc,phases         ] GC(2551)     Choose Collection Set: 0.0ms
[112.019s][debug][gc,phases         ] GC(2551)     Region Register: 0.2ms
[112.019s][debug][gc,phases         ] GC(2551)     Prepare Heap Roots: 0.0ms
[112.019s][info ][gc,phases         ] GC(2551)   Merge Heap Roots: 0.1ms
[112.019s][debug][gc,phases         ] GC(2551)     Prepare Merge Heap Roots: 0.0ms
[112.019s][debug][gc,phases         ] GC(2551)     Eager Reclaim (ms):       skipped
[112.019s][debug][gc,phases         ] GC(2551)     Remembered Sets (ms):     Min:  0.0, Avg:  0.0, Max:  0.0, Diff:  0.0, Sum:  0.3, Workers: 8
[112.019s][debug][gc,phases         ] GC(2551)       Merged Sparse:            Min: 0, Avg:  0.0, Max: 0, Diff: 0, Sum: 0, Workers: 8
[112.019s][debug][gc,phases         ] GC(2551)       Merged Fine:              Min: 0, Avg:  0.0, Max: 0, Diff: 0, Sum: 0, Workers: 8
[112.019s][debug][gc,phases         ] GC(2551)       Merged Coarse:            Min: 0, Avg:  0.0, Max: 0, Diff: 0, Sum: 0, Workers: 8
[112.019s][debug][gc,phases         ] GC(2551)       Dirty Cards:              Min: 0, Avg:  0.0, Max: 0, Diff: 0, Sum: 0, Workers: 8
[112.019s][debug][gc,phases         ] GC(2551)     Hot Card Cache (ms):      Min:  0.0, Avg:  0.0, Max:  0.0, Diff:  0.0, Sum:  0.0, Workers: 8
[112.019s][debug][gc,phases         ] GC(2551)       Dirty Cards:              Min: 0, Avg:  0.0, Max: 0, Diff: 0, Sum: 0, Workers: 8
[112.019s][debug][gc,phases         ] GC(2551)       Skipped Cards:            Min: 0, Avg:  0.0, Max: 0, Diff: 0, Sum: 0, Workers: 8
[112.019s][debug][gc,phases         ] GC(2551)     Log Buffers (ms):         Min:  0.0, Avg:  0.0, Max:  0.0, Diff:  0.0, Sum:  0.0, Workers: 8
[112.019s][debug][gc,phases         ] GC(2551)       Dirty Cards:              Min: 0, Avg:  0.1, Max: 1, Diff: 1, Sum: 1, Workers: 8
[112.019s][debug][gc,phases         ] GC(2551)       Skipped Cards:            Min: 0, Avg:  0.0, Max: 0, Diff: 0, Sum: 0, Workers: 8
[112.019s][info ][gc,phases         ] GC(2551)   Evacuate Collection Set: 0.4ms
[112.019s][debug][gc,phases         ] GC(2551)     Ext Root Scanning (ms):   Min:  0.1, Avg:  0.3, Max:  0.4, Diff:  0.3, Sum:  2.0, Workers: 8
[112.019s][debug][gc,phases         ] GC(2551)     Scan Heap Roots (ms):     Min:  0.0, Avg:  0.0, Max:  0.0, Diff:  0.0, Sum:  0.0, Workers: 8
[112.019s][debug][gc,phases         ] GC(2551)       Scanned Cards:            Min: 0, Avg:  0.1, Max: 1, Diff: 1, Sum: 1, Workers: 8
[112.019s][debug][gc,phases         ] GC(2551)       Scanned Blocks:           Min: 0, Avg:  0.1, Max: 1, Diff: 1, Sum: 1, Workers: 8
[112.019s][debug][gc,phases         ] GC(2551)       Claimed Chunks:           Min: 0, Avg:  0.1, Max: 1, Diff: 1, Sum: 1, Workers: 8
[112.019s][debug][gc,phases         ] GC(2551)     Code Root Scan (ms):      Min:  0.0, Avg:  0.0, Max:  0.1, Diff:  0.1, Sum:  0.1, Workers: 8
[112.019s][debug][gc,phases         ] GC(2551)     Object Copy (ms):         Min:  0.0, Avg:  0.0, Max:  0.0, Diff:  0.0, Sum:  0.1, Workers: 8
[112.019s][debug][gc,phases         ] GC(2551)     Termination (ms):         Min:  0.0, Avg:  0.1, Max:  0.2, Diff:  0.2, Sum:  0.9, Workers: 8
[112.019s][debug][gc,phases         ] GC(2551)       Termination Attempts:     Min: 1, Avg:  1.8, Max: 3, Diff: 2, Sum: 14, Workers: 8
[112.019s][debug][gc,phases         ] GC(2551)     GC Worker Other (ms):     Min:  0.0, Avg:  0.0, Max:  0.1, Diff:  0.1, Sum:  0.3, Workers: 8
[112.019s][debug][gc,phases         ] GC(2551)     GC Worker Total (ms):     Min:  0.4, Avg:  0.4, Max:  0.4, Diff:  0.0, Sum:  3.4, Workers: 8
[112.019s][info ][gc,phases         ] GC(2551)   Post Evacuate Collection Set: 0.6ms
[112.019s][debug][gc,phases         ] GC(2551)     Code Roots Fixup: 0.0ms
[112.019s][debug][gc,phases         ] GC(2551)     Clear Card Table: 0.2ms
[112.019s][debug][gc,phases         ] GC(2551)     Reference Processing: 0.0ms
[112.019s][debug][gc,phases,ref     ] GC(2551)       Reconsider SoftReferences: 0.0ms
[112.019s][debug][gc,phases,ref     ] GC(2551)         SoftRef (ms):             skipped
[112.019s][debug][gc,phases,ref     ] GC(2551)       Notify Soft/WeakReferences: 0.0ms
[112.019s][debug][gc,phases,ref     ] GC(2551)         SoftRef (ms):             skipped
[112.019s][debug][gc,phases,ref     ] GC(2551)         WeakRef (ms):             skipped
[112.019s][debug][gc,phases,ref     ] GC(2551)         FinalRef (ms):            skipped
[112.019s][debug][gc,phases,ref     ] GC(2551)         Total (ms):               skipped
[112.019s][debug][gc,phases,ref     ] GC(2551)       Notify and keep alive finalizable: 0.0ms
[112.019s][debug][gc,phases,ref     ] GC(2551)         FinalRef (ms):            skipped
[112.019s][debug][gc,phases,ref     ] GC(2551)       Notify PhantomReferences: 0.0ms
[112.019s][debug][gc,phases,ref     ] GC(2551)         PhantomRef (ms):          skipped
[112.019s][debug][gc,phases,ref     ] GC(2551)       SoftReference:
[112.019s][debug][gc,phases,ref     ] GC(2551)         Discovered: 0
[112.019s][debug][gc,phases,ref     ] GC(2551)         Cleared: 0
[112.019s][debug][gc,phases,ref     ] GC(2551)       WeakReference:
[112.019s][debug][gc,phases,ref     ] GC(2551)         Discovered: 0
[112.019s][debug][gc,phases,ref     ] GC(2551)         Cleared: 0
[112.019s][debug][gc,phases,ref     ] GC(2551)       FinalReference:
[112.019s][debug][gc,phases,ref     ] GC(2551)         Discovered: 0
[112.019s][debug][gc,phases,ref     ] GC(2551)         Cleared: 0
[112.019s][debug][gc,phases,ref     ] GC(2551)       PhantomReference:
[112.019s][debug][gc,phases,ref     ] GC(2551)         Discovered: 0
[112.019s][debug][gc,phases,ref     ] GC(2551)         Cleared: 0
[112.019s][debug][gc,phases         ] GC(2551)     Weak Processing: 0.0ms
[112.019s][debug][gc,phases         ] GC(2551)       JVMTI weak processing: 0.0ms
[112.019s][debug][gc,phases         ] GC(2551)         Dead: 0
[112.019s][debug][gc,phases         ] GC(2551)         Total: 0
[112.019s][debug][gc,phases         ] GC(2551)       JFR weak processing: 0.0ms
[112.019s][debug][gc,phases         ] GC(2551)         Dead: 0
[112.019s][debug][gc,phases         ] GC(2551)         Total: 0
[112.019s][debug][gc,phases         ] GC(2551)       JNI weak                  Min:  0.0, Avg:  0.0, Max:  0.0, Diff:  0.0, Sum:  0.0, Workers: 5
[112.019s][debug][gc,phases         ] GC(2551)         Dead                      Min: 0, Avg:  0.0, Max: 0, Diff: 0, Sum: 0, Workers: 5
[112.019s][debug][gc,phases         ] GC(2551)         Total                     Min: 0, Avg: 20.4, Max: 62, Diff: 62, Sum: 102, Workers: 5
[112.019s][debug][gc,phases         ] GC(2551)       VM weak                   Min:  0.0, Avg:  0.0, Max:  0.0, Diff:  0.0, Sum:  0.0, Workers: 5
[112.019s][debug][gc,phases         ] GC(2551)         Dead                      Min: 0, Avg:  0.0, Max: 0, Diff: 0, Sum: 0, Workers: 5
[112.019s][debug][gc,phases         ] GC(2551)         Total                     Min: 0, Avg: 42.4, Max: 64, Diff: 64, Sum: 212, Workers: 5
[112.019s][debug][gc,phases         ] GC(2551)       StringTable weak          Min:  0.0, Avg:  0.0, Max:  0.0, Diff:  0.0, Sum:  0.1, Workers: 5
[112.019s][debug][gc,phases         ] GC(2551)         Dead                      Min: 0, Avg:  0.0, Max: 0, Diff: 0, Sum: 0, Workers: 5
[112.019s][debug][gc,phases         ] GC(2551)         Total                     Min: 639, Avg: 684.6, Max: 768, Diff: 129, Sum: 3423, Workers: 5
[112.019s][debug][gc,phases         ] GC(2551)       ResolvedMethodTable weak  Min:  0.0, Avg:  0.0, Max:  0.0, Diff:  0.0, Sum:  0.0, Workers: 5
[112.019s][debug][gc,phases         ] GC(2551)         Dead                      Min: 0, Avg:  0.0, Max: 0, Diff: 0, Sum: 0, Workers: 5
[112.019s][debug][gc,phases         ] GC(2551)         Total                     Min: 61, Avg: 114.6, Max: 128, Diff: 67, Sum: 573, Workers: 5
[112.019s][debug][gc,phases         ] GC(2551)     Merge Per-Thread State: 0.0ms
[112.019s][debug][gc,phases         ] GC(2551)       Copied Bytes              Min: 384, Avg: 500322.0, Max: 800256, Diff: 799872, Sum: 4002576, Workers: 8
[112.019s][debug][gc,phases         ] GC(2551)       LAB Waste                 Min: 0, Avg:  0.0, Max: 0, Diff: 0, Sum: 0, Workers: 8
[112.019s][debug][gc,phases         ] GC(2551)       LAB Undo Waste            Min: 0, Avg:  0.0, Max: 0, Diff: 0, Sum: 0, Workers: 8
[112.019s][debug][gc,phases         ] GC(2551)     Code Roots Purge: 0.0ms
[112.019s][debug][gc,phases         ] GC(2551)     Redirty Cards: 0.0ms
[112.019s][debug][gc,phases         ] GC(2551)     DerivedPointerTable Update: 0.0ms
[112.019s][debug][gc,phases         ] GC(2551)     Free Collection Set: 0.2ms
[112.019s][debug][gc,phases         ] GC(2551)     Rebuild Free List: 0.1ms
[112.019s][debug][gc,phases         ] GC(2551)     Humongous Reclaim: 0.0ms
[112.019s][debug][gc,phases         ] GC(2551)     Start New Collection Set: 0.0ms
[112.019s][debug][gc,phases         ] GC(2551)     Resize TLABs: 0.0ms
[112.019s][debug][gc,phases         ] GC(2551)     Expand Heap After Collection: 0.0ms
[112.019s][info ][gc,phases         ] GC(2551)   Other: 0.4ms
[112.019s][info ][gc,heap           ] GC(2551) Eden regions: 771->0(770)
[112.019s][info ][gc,heap           ] GC(2551) Survivor regions: 4->5(97)
[112.019s][info ][gc,heap           ] GC(2551) Old regions: 18->18
[112.019s][info ][gc,heap           ] GC(2551) Archive regions: 2->2
[112.020s][info ][gc,heap           ] GC(2551) Humongous regions: 0->0
[112.020s][info ][gc,metaspace      ] GC(2551) Metaspace: 10016K(10624K)->10016K(10624K) NonClass: 8864K(9216K)->8864K(9216K) Class: 1152K(1408K)->1152K(1408K)
[112.020s][debug][gc,heap           ] GC(2551) Heap after GC invocations=2552 (full 1): garbage-first heap   total 1324032K, used 23583K [0x0000000700000000, 0x0000000800000000)
[112.020s][debug][gc,heap           ] GC(2551)   region size 1024K, 5 young (5120K), 5 survivors (5120K)
[112.020s][debug][gc,heap           ] GC(2551)  Metaspace       used 10016K, capacity 10304K, committed 10624K, reserved 1058816K
[112.020s][debug][gc,heap           ] GC(2551)   class space    used 1152K, capacity 1266K, committed 1408K, reserved 1048576K
[112.020s][info ][gc                ] GC(2551) Pause Young (Normal) (G1 Evacuation Pause) 792M->23M(1293M) 2.461ms
[112.020s][info ][gc,cpu            ] GC(2551) User=0.00s Sys=0.00s Real=0.00s
[112.020s][info ][safepoint         ] Safepoint "G1CollectForAllocation", Time since last: 40730151 ns, Reaching safepoint: 178719 ns, At safepoint: 2842698 ns, Total: 3021417 ns
[112.061s][debug][gc,heap           ] GC(2552) Heap before GC invocations=2552 (full 1): garbage-first heap   total 1324032K, used 811039K [0x0000000700000000, 0x0000000800000000)
[112.061s][debug][gc,heap           ] GC(2552)   region size 1024K, 775 young (793600K), 5 survivors (5120K)
[112.061s][debug][gc,heap           ] GC(2552)  Metaspace       used 10016K, capacity 10304K, committed 10624K, reserved 1058816K
[112.061s][debug][gc,heap           ] GC(2552)   class space    used 1152K, capacity 1266K, committed 1408K, reserved 1048576K
[112.061s][info ][gc,start          ] GC(2552) Pause Young (Normal) (G1 Evacuation Pause)
[112.061s][info ][gc,task           ] GC(2552) Using 8 workers of 8 for evacuation
[112.061s][debug][gc,tlab           ] GC(2552) TLAB totals: thrds: 8  refills: 16 max: 3 slow allocs: 1531 max 208 waste: 31.0% gc: 1429848B max: 247280B slow: 86072B max: 15488B fast: 0B max: 0B
[112.061s][debug][gc,age            ] GC(2552) Desired survivor size 50855936 bytes, new threshold 15 (max threshold 15)
[112.061s][debug][gc,alloc,region   ] GC(2552) Mutator Allocation stats, regions: 770, wasted size: 179M (23.4%)
[112.062s][debug][gc,ergo           ] GC(2552) Running G1 Merge Heap Roots using 8 workers for 775 regions
[112.062s][debug][gc,remset         ] GC(2552) Visited cards 256 Total dirty 2048 (12.50%) Total old 3215360 (0.01%)
[112.062s][debug][gc,ergo           ] GC(2552) Running G1 Clear Card Table Task using 2 workers for 2 units of work for 776 regions.
[112.062s][debug][gc,ref            ] GC(2552) Skipped phase1 of Reference Processing due to unavailable references
[112.062s][debug][gc,ref            ] GC(2552) Skipped phase2 of Reference Processing due to unavailable references
[112.062s][debug][gc,ref            ] GC(2552) Skipped phase3 of Reference Processing due to unavailable references
[112.062s][debug][gc,ref            ] GC(2552) Skipped phase4 of Reference Processing due to unavailable references
[112.063s][debug][gc,ergo           ] GC(2552) Running G1 Free Collection Set using 8 workers for collection set length 775 (1293)
[112.063s][debug][gc,ergo           ] GC(2552) Running G1 Rebuild Free List Task using 8 workers for rebuilding free list of 0 (4096) regions
[112.063s][trace][gc,age            ] GC(2552) Age table with threshold 15 (max threshold 15)
[112.063s][trace][gc,age            ] GC(2552) - age   1:    4002512 bytes,    4002512 total
[112.063s][debug][gc,plab           ] GC(2552) Young PLAB allocation: allocated: 16512B, wasted: 0B, unused: 14144B, used: 2368B, undo waste: 0B, 
[112.063s][debug][gc,plab           ] GC(2552) Young other allocation: region end waste: 981792B, regions filled: 5, direct allocated: 4000144B, failure used: 0B, failure wasted: 0B
[112.063s][debug][gc,plab           ] GC(2552) Young sizing: calculated: 0B, actual: 2064B
[112.063s][debug][gc,plab           ] GC(2552) Old PLAB allocation: allocated: 0B, wasted: 0B, unused: 0B, used: 0B, undo waste: 0B, 
[112.063s][debug][gc,plab           ] GC(2552) Old other allocation: region end waste: 0B, regions filled: 1, direct allocated: 0B, failure used: 0B, failure wasted: 0B
[112.063s][debug][gc,plab           ] GC(2552) Old sizing: calculated: 0B, actual: 2064B
[112.063s][debug][gc,ihop           ] GC(2552) Basic information (value update), threshold: 610113945B (45.00), target occupancy: 1355808768B, current occupancy: 24145712B, recent allocation size: 0B, recent allocation duration: 42.71ms, recent old gen allocation rate: 0.00B/s, recent marking phase length: 30.68ms
[112.063s][debug][gc,ihop           ] GC(2552) Adaptive IHOP information (value update), threshold: 610113945B (47.37), internal target occupancy: 1288018329B, occupancy: 24145712B, additional buffer size: 812646400B, predicted old gen allocation rate: 22.19B/s, predicted marking phase length: 61.36ms, prediction active: false
[112.063s][debug][gc,ergo,refine    ] GC(2552) Concurrent refinement times: Logged Cards Scan time goal: 20.00ms Logged Cards Scan time: 0.00ms HCC time: 0.00ms
[112.063s][debug][gc,ergo,refine    ] GC(2552) Updated Refinement Zones: green: 2048, yellow: 6144, red: 10240
[112.063s][info ][gc,phases         ] GC(2552)   Pre Evacuate Collection Set: 0.1ms
[112.063s][debug][gc,phases         ] GC(2552)     Prepare TLABs: 0.0ms
[112.063s][debug][gc,phases         ] GC(2552)     Choose Collection Set: 0.0ms
[112.063s][debug][gc,phases         ] GC(2552)     Region Register: 0.1ms
[112.063s][debug][gc,phases         ] GC(2552)     Prepare Heap Roots: 0.0ms
[112.063s][info ][gc,phases         ] GC(2552)   Merge Heap Roots: 0.2ms
[112.063s][debug][gc,phases         ] GC(2552)     Prepare Merge Heap Roots: 0.0ms
[112.063s][debug][gc,phases         ] GC(2552)     Eager Reclaim (ms):       skipped
[112.063s][debug][gc,phases         ] GC(2552)     Remembered Sets (ms):     Min:  0.0, Avg:  0.0, Max:  0.1, Diff:  0.0, Sum:  0.3, Workers: 8
[112.063s][debug][gc,phases         ] GC(2552)       Merged Sparse:            Min: 0, Avg:  0.0, Max: 0, Diff: 0, Sum: 0, Workers: 8
[112.063s][debug][gc,phases         ] GC(2552)       Merged Fine:              Min: 0, Avg:  0.0, Max: 0, Diff: 0, Sum: 0, Workers: 8
[112.063s][debug][gc,phases         ] GC(2552)       Merged Coarse:            Min: 0, Avg:  0.0, Max: 0, Diff: 0, Sum: 0, Workers: 8
[112.063s][debug][gc,phases         ] GC(2552)       Dirty Cards:              Min: 0, Avg:  0.0, Max: 0, Diff: 0, Sum: 0, Workers: 8
[112.063s][debug][gc,phases         ] GC(2552)     Hot Card Cache (ms):      Min:  0.0, Avg:  0.0, Max:  0.0, Diff:  0.0, Sum:  0.0, Workers: 8
[112.063s][debug][gc,phases         ] GC(2552)       Dirty Cards:              Min: 0, Avg:  0.0, Max: 0, Diff: 0, Sum: 0, Workers: 8
[112.063s][debug][gc,phases         ] GC(2552)       Skipped Cards:            Min: 0, Avg:  0.0, Max: 0, Diff: 0, Sum: 0, Workers: 8
[112.063s][debug][gc,phases         ] GC(2552)     Log Buffers (ms):         Min:  0.0, Avg:  0.0, Max:  0.0, Diff:  0.0, Sum:  0.0, Workers: 8
[112.063s][debug][gc,phases         ] GC(2552)       Dirty Cards:              Min: 0, Avg:  0.1, Max: 1, Diff: 1, Sum: 1, Workers: 8
[112.063s][debug][gc,phases         ] GC(2552)       Skipped Cards:            Min: 0, Avg:  0.0, Max: 0, Diff: 0, Sum: 0, Workers: 8
[112.063s][info ][gc,phases         ] GC(2552)   Evacuate Collection Set: 0.5ms
[112.063s][debug][gc,phases         ] GC(2552)     Ext Root Scanning (ms):   Min:  0.3, Avg:  0.3, Max:  0.4, Diff:  0.2, Sum:  2.5, Workers: 8
[112.063s][debug][gc,phases         ] GC(2552)     Scan Heap Roots (ms):     Min:  0.0, Avg:  0.0, Max:  0.0, Diff:  0.0, Sum:  0.0, Workers: 8
[112.063s][debug][gc,phases         ] GC(2552)       Scanned Cards:            Min: 0, Avg:  0.1, Max: 1, Diff: 1, Sum: 1, Workers: 8
[112.063s][debug][gc,phases         ] GC(2552)       Scanned Blocks:           Min: 0, Avg:  0.1, Max: 1, Diff: 1, Sum: 1, Workers: 8
[112.063s][debug][gc,phases         ] GC(2552)       Claimed Chunks:           Min: 0, Avg:  0.1, Max: 1, Diff: 1, Sum: 1, Workers: 8
[112.063s][debug][gc,phases         ] GC(2552)     Code Root Scan (ms):      Min:  0.0, Avg:  0.0, Max:  0.0, Diff:  0.0, Sum:  0.1, Workers: 8
[112.063s][debug][gc,phases         ] GC(2552)     Object Copy (ms):         Min:  0.0, Avg:  0.0, Max:  0.0, Diff:  0.0, Sum:  0.0, Workers: 8
[112.063s][debug][gc,phases         ] GC(2552)     Termination (ms):         Min:  0.0, Avg:  0.1, Max:  0.1, Diff:  0.1, Sum:  0.7, Workers: 8
[112.063s][debug][gc,phases         ] GC(2552)       Termination Attempts:     Min: 1, Avg:  1.1, Max: 2, Diff: 1, Sum: 9, Workers: 8
[112.063s][debug][gc,phases         ] GC(2552)     GC Worker Other (ms):     Min:  0.0, Avg:  0.0, Max:  0.1, Diff:  0.1, Sum:  0.4, Workers: 8
[112.063s][debug][gc,phases         ] GC(2552)     GC Worker Total (ms):     Min:  0.4, Avg:  0.5, Max:  0.5, Diff:  0.1, Sum:  3.7, Workers: 8
[112.063s][info ][gc,phases         ] GC(2552)   Post Evacuate Collection Set: 0.6ms
[112.063s][debug][gc,phases         ] GC(2552)     Code Roots Fixup: 0.0ms
[112.063s][debug][gc,phases         ] GC(2552)     Clear Card Table: 0.2ms
[112.063s][debug][gc,phases         ] GC(2552)     Reference Processing: 0.0ms
[112.063s][debug][gc,phases,ref     ] GC(2552)       Reconsider SoftReferences: 0.0ms
[112.063s][debug][gc,phases,ref     ] GC(2552)         SoftRef (ms):             skipped
[112.063s][debug][gc,phases,ref     ] GC(2552)       Notify Soft/WeakReferences: 0.0ms
[112.063s][debug][gc,phases,ref     ] GC(2552)         SoftRef (ms):             skipped
[112.063s][debug][gc,phases,ref     ] GC(2552)         WeakRef (ms):             skipped
[112.063s][debug][gc,phases,ref     ] GC(2552)         FinalRef (ms):            skipped
[112.063s][debug][gc,phases,ref     ] GC(2552)         Total (ms):               skipped
[112.063s][debug][gc,phases,ref     ] GC(2552)       Notify and keep alive finalizable: 0.0ms
[112.063s][debug][gc,phases,ref     ] GC(2552)         FinalRef (ms):            skipped
[112.063s][debug][gc,phases,ref     ] GC(2552)       Notify PhantomReferences: 0.0ms
[112.063s][debug][gc,phases,ref     ] GC(2552)         PhantomRef (ms):          skipped
[112.063s][debug][gc,phases,ref     ] GC(2552)       SoftReference:
[112.063s][debug][gc,phases,ref     ] GC(2552)         Discovered: 0
[112.063s][debug][gc,phases,ref     ] GC(2552)         Cleared: 0
[112.064s][debug][gc,phases,ref     ] GC(2552)       WeakReference:
[112.064s][debug][gc,phases,ref     ] GC(2552)         Discovered: 0
[112.064s][debug][gc,phases,ref     ] GC(2552)         Cleared: 0
[112.064s][debug][gc,phases,ref     ] GC(2552)       FinalReference:
[112.064s][debug][gc,phases,ref     ] GC(2552)         Discovered: 0
[112.064s][debug][gc,phases,ref     ] GC(2552)         Cleared: 0
[112.064s][debug][gc,phases,ref     ] GC(2552)       PhantomReference:
[112.064s][debug][gc,phases,ref     ] GC(2552)         Discovered: 0
[112.064s][debug][gc,phases,ref     ] GC(2552)         Cleared: 0
[112.064s][debug][gc,phases         ] GC(2552)     Weak Processing: 0.1ms
[112.064s][debug][gc,phases         ] GC(2552)       JVMTI weak processing: 0.0ms
[112.064s][debug][gc,phases         ] GC(2552)         Dead: 0
[112.064s][debug][gc,phases         ] GC(2552)         Total: 0
[112.064s][debug][gc,phases         ] GC(2552)       JFR weak processing: 0.0ms
[112.064s][debug][gc,phases         ] GC(2552)         Dead: 0
[112.064s][debug][gc,phases         ] GC(2552)         Total: 0
[112.064s][debug][gc,phases         ] GC(2552)       JNI weak                  Min:  0.0, Avg:  0.0, Max:  0.0, Diff:  0.0, Sum:  0.0, Workers: 5
[112.064s][debug][gc,phases         ] GC(2552)         Dead                      Min: 0, Avg:  0.0, Max: 0, Diff: 0, Sum: 0, Workers: 5
[112.064s][debug][gc,phases         ] GC(2552)         Total                     Min: 0, Avg: 20.4, Max: 62, Diff: 62, Sum: 102, Workers: 5
[112.064s][debug][gc,phases         ] GC(2552)       VM weak                   Min:  0.0, Avg:  0.0, Max:  0.0, Diff:  0.0, Sum:  0.0, Workers: 5
[112.064s][debug][gc,phases         ] GC(2552)         Dead                      Min: 0, Avg:  0.0, Max: 0, Diff: 0, Sum: 0, Workers: 5
[112.064s][debug][gc,phases         ] GC(2552)         Total                     Min: 0, Avg: 42.4, Max: 128, Diff: 128, Sum: 212, Workers: 5
[112.064s][debug][gc,phases         ] GC(2552)       StringTable weak          Min:  0.0, Avg:  0.0, Max:  0.0, Diff:  0.0, Sum:  0.1, Workers: 5
[112.064s][debug][gc,phases         ] GC(2552)         Dead                      Min: 0, Avg:  0.0, Max: 0, Diff: 0, Sum: 0, Workers: 5
[112.064s][debug][gc,phases         ] GC(2552)         Total                     Min: 256, Avg: 684.6, Max: 1280, Diff: 1024, Sum: 3423, Workers: 5
[112.064s][debug][gc,phases         ] GC(2552)       ResolvedMethodTable weak  Min:  0.0, Avg:  0.0, Max:  0.0, Diff:  0.0, Sum:  0.0, Workers: 5
[112.064s][debug][gc,phases         ] GC(2552)         Dead                      Min: 0, Avg:  0.0, Max: 0, Diff: 0, Sum: 0, Workers: 5
[112.064s][debug][gc,phases         ] GC(2552)         Total                     Min: 64, Avg: 114.6, Max: 189, Diff: 125, Sum: 573, Workers: 5
[112.064s][debug][gc,phases         ] GC(2552)     Merge Per-Thread State: 0.0ms
[112.064s][debug][gc,phases         ] GC(2552)       Copied Bytes              Min: 400088, Avg: 500314.0, Max: 800096, Diff: 400008, Sum: 4002512, Workers: 8
[112.064s][debug][gc,phases         ] GC(2552)       LAB Waste                 Min: 0, Avg:  0.0, Max: 0, Diff: 0, Sum: 0, Workers: 8
[112.064s][debug][gc,phases         ] GC(2552)       LAB Undo Waste            Min: 0, Avg:  0.0, Max: 0, Diff: 0, Sum: 0, Workers: 8
[112.064s][debug][gc,phases         ] GC(2552)     Code Roots Purge: 0.0ms
[112.064s][debug][gc,phases         ] GC(2552)     Redirty Cards: 0.0ms
[112.064s][debug][gc,phases         ] GC(2552)     DerivedPointerTable Update: 0.0ms
[112.064s][debug][gc,phases         ] GC(2552)     Free Collection Set: 0.2ms
[112.064s][debug][gc,phases         ] GC(2552)     Rebuild Free List: 0.1ms
[112.064s][debug][gc,phases         ] GC(2552)     Humongous Reclaim: 0.0ms
[112.064s][debug][gc,phases         ] GC(2552)     Start New Collection Set: 0.0ms
[112.064s][debug][gc,phases         ] GC(2552)     Resize TLABs: 0.0ms
[112.064s][debug][gc,phases         ] GC(2552)     Expand Heap After Collection: 0.0ms
[112.064s][info ][gc,phases         ] GC(2552)   Other: 0.4ms
[112.064s][info ][gc,heap           ] GC(2552) Eden regions: 770->0(770)
[112.064s][info ][gc,heap           ] GC(2552) Survivor regions: 5->5(97)
[112.064s][info ][gc,heap           ] GC(2552) Old regions: 18->18
[112.064s][info ][gc,heap           ] GC(2552) Archive regions: 2->2
[112.064s][info ][gc,heap           ] GC(2552) Humongous regions: 0->0
[112.064s][info ][gc,metaspace      ] GC(2552) Metaspace: 10016K(10624K)->10016K(10624K) NonClass: 8864K(9216K)->8864K(9216K) Class: 1152K(1408K)->1152K(1408K)
[112.064s][debug][gc,heap           ] GC(2552) Heap after GC invocations=2553 (full 1): garbage-first heap   total 1324032K, used 23579K [0x0000000700000000, 0x0000000800000000)
[112.064s][debug][gc,heap           ] GC(2552)   region size 1024K, 5 young (5120K), 5 survivors (5120K)
[112.064s][debug][gc,heap           ] GC(2552)  Metaspace       used 10016K, capacity 10304K, committed 10624K, reserved 1058816K
[112.064s][debug][gc,heap           ] GC(2552)   class space    used 1152K, capacity 1266K, committed 1408K, reserved 1048576K
[112.064s][info ][gc                ] GC(2552) Pause Young (Normal) (G1 Evacuation Pause) 792M->23M(1293M) 2.524ms
[112.064s][info ][gc,cpu            ] GC(2552) User=0.01s Sys=0.00s Real=0.01s
[112.064s][info ][safepoint         ] Safepoint "G1CollectForAllocation", Time since last: 41222698 ns, Reaching safepoint: 192565 ns, At safepoint: 2713537 ns, Total: 2906102 ns
[112.103s][debug][gc,heap           ] GC(2553) Heap before GC invocations=2553 (full 1): garbage-first heap   total 1324032K, used 811035K [0x0000000700000000, 0x0000000800000000)
[112.103s][debug][gc,heap           ] GC(2553)   region size 1024K, 775 young (793600K), 5 survivors (5120K)
[112.103s][debug][gc,heap           ] GC(2553)  Metaspace       used 10016K, capacity 10304K, committed 10624K, reserved 1058816K
[112.103s][debug][gc,heap           ] GC(2553)   class space    used 1152K, capacity 1266K, committed 1408K, reserved 1048576K
[112.103s][info ][gc,start          ] GC(2553) Pause Young (Normal) (G1 Evacuation Pause)
[112.103s][info ][gc,task           ] GC(2553) Using 8 workers of 8 for evacuation
[112.103s][debug][gc,tlab           ] GC(2553) TLAB totals: thrds: 8  refills: 15 max: 3 slow allocs: 1533 max 213 waste: 37.0% gc: 1442496B max: 246016B slow: 71392B max: 15488B fast: 0B max: 0B
[112.103s][debug][gc,age            ] GC(2553) Desired survivor size 50855936 bytes, new threshold 15 (max threshold 15)
[112.103s][debug][gc,alloc,region   ] GC(2553) Mutator Allocation stats, regions: 770, wasted size: 179M (23.4%)
[112.103s][debug][gc,ergo           ] GC(2553) Running G1 Merge Heap Roots using 8 workers for 775 regions
[112.104s][debug][gc,remset         ] GC(2553) Visited cards 512 Total dirty 4096 (12.50%) Total old 3215360 (0.02%)
[112.104s][debug][gc,ergo           ] GC(2553) Running G1 Clear Card Table Task using 2 workers for 2 units of work for 777 regions.
[112.104s][debug][gc,ref            ] GC(2553) Skipped phase1 of Reference Processing due to unavailable references
[112.104s][debug][gc,ref            ] GC(2553) Skipped phase2 of Reference Processing due to unavailable references
[112.104s][debug][gc,ref            ] GC(2553) Skipped phase3 of Reference Processing due to unavailable references
[112.104s][debug][gc,ref            ] GC(2553) Skipped phase4 of Reference Processing due to unavailable references
[112.104s][debug][gc,ergo           ] GC(2553) Running G1 Free Collection Set using 8 workers for collection set length 775 (1293)
[112.105s][debug][gc,ergo           ] GC(2553) Running G1 Rebuild Free List Task using 8 workers for rebuilding free list of 0 (4096) regions
[112.105s][trace][gc,age            ] GC(2553) Age table with threshold 15 (max threshold 15)
[112.105s][trace][gc,age            ] GC(2553) - age   1:    4002592 bytes,    4002592 total
[112.105s][debug][gc,plab           ] GC(2553) Young PLAB allocation: allocated: 16512B, wasted: 0B, unused: 14064B, used: 2448B, undo waste: 0B, 
[112.105s][debug][gc,plab           ] GC(2553) Young other allocation: region end waste: 981792B, regions filled: 5, direct allocated: 4000144B, failure used: 0B, failure wasted: 0B
[112.105s][debug][gc,plab           ] GC(2553) Young sizing: calculated: 0B, actual: 2064B
[112.105s][debug][gc,plab           ] GC(2553) Old PLAB allocation: allocated: 0B, wasted: 0B, unused: 0B, used: 0B, undo waste: 0B, 
[112.105s][debug][gc,plab           ] GC(2553) Old other allocation: region end waste: 0B, regions filled: 1, direct allocated: 0B, failure used: 0B, failure wasted: 0B
[112.105s][debug][gc,plab           ] GC(2553) Old sizing: calculated: 0B, actual: 2064B
[112.105s][debug][gc,ihop           ] GC(2553) Basic information (value update), threshold: 610113945B (45.00), target occupancy: 1355808768B, current occupancy: 24145712B, recent allocation size: 0B, recent allocation duration: 40.07ms, recent old gen allocation rate: 0.00B/s, recent marking phase length: 30.68ms
[112.105s][debug][gc,ihop           ] GC(2553) Adaptive IHOP information (value update), threshold: 610113945B (47.37), internal target occupancy: 1288018329B, occupancy: 24145712B, additional buffer size: 812646400B, predicted old gen allocation rate: 21.63B/s, predicted marking phase length: 61.36ms, prediction active: false
[112.105s][debug][gc,ergo,refine    ] GC(2553) Concurrent refinement times: Logged Cards Scan time goal: 20.00ms Logged Cards Scan time: 0.00ms HCC time: 0.00ms
[112.105s][debug][gc,ergo,refine    ] GC(2553) Updated Refinement Zones: green: 2048, yellow: 6144, red: 10240
[112.105s][info ][gc,phases         ] GC(2553)   Pre Evacuate Collection Set: 0.1ms
[112.105s][debug][gc,phases         ] GC(2553)     Prepare TLABs: 0.0ms
[112.105s][debug][gc,phases         ] GC(2553)     Choose Collection Set: 0.0ms
[112.105s][debug][gc,phases         ] GC(2553)     Region Register: 0.1ms
[112.105s][debug][gc,phases         ] GC(2553)     Prepare Heap Roots: 0.0ms
[112.105s][info ][gc,phases         ] GC(2553)   Merge Heap Roots: 0.2ms
[112.105s][debug][gc,phases         ] GC(2553)     Prepare Merge Heap Roots: 0.0ms
[112.105s][debug][gc,phases         ] GC(2553)     Eager Reclaim (ms):       skipped
[112.105s][debug][gc,phases         ] GC(2553)     Remembered Sets (ms):     Min:  0.0, Avg:  0.0, Max:  0.0, Diff:  0.0, Sum:  0.2, Workers: 8
[112.105s][debug][gc,phases         ] GC(2553)       Merged Sparse:            Min: 0, Avg:  0.0, Max: 0, Diff: 0, Sum: 0, Workers: 8
[112.105s][debug][gc,phases         ] GC(2553)       Merged Fine:              Min: 0, Avg:  0.0, Max: 0, Diff: 0, Sum: 0, Workers: 8
[112.105s][debug][gc,phases         ] GC(2553)       Merged Coarse:            Min: 0, Avg:  0.0, Max: 0, Diff: 0, Sum: 0, Workers: 8
[112.105s][debug][gc,phases         ] GC(2553)       Dirty Cards:              Min: 0, Avg:  0.0, Max: 0, Diff: 0, Sum: 0, Workers: 8
[112.105s][debug][gc,phases         ] GC(2553)     Hot Card Cache (ms):      Min:  0.0, Avg:  0.0, Max:  0.0, Diff:  0.0, Sum:  0.0, Workers: 8
[112.105s][debug][gc,phases         ] GC(2553)       Dirty Cards:              Min: 0, Avg:  0.0, Max: 0, Diff: 0, Sum: 0, Workers: 8
[112.105s][debug][gc,phases         ] GC(2553)       Skipped Cards:            Min: 0, Avg:  0.0, Max: 0, Diff: 0, Sum: 0, Workers: 8
[112.105s][debug][gc,phases         ] GC(2553)     Log Buffers (ms):         Min:  0.0, Avg:  0.0, Max:  0.0, Diff:  0.0, Sum:  0.0, Workers: 8
[112.105s][debug][gc,phases         ] GC(2553)       Dirty Cards:              Min: 0, Avg:  0.2, Max: 1, Diff: 1, Sum: 2, Workers: 8
[112.105s][debug][gc,phases         ] GC(2553)       Skipped Cards:            Min: 0, Avg:  0.0, Max: 0, Diff: 0, Sum: 0, Workers: 8
[112.105s][info ][gc,phases         ] GC(2553)   Evacuate Collection Set: 0.5ms
[112.105s][debug][gc,phases         ] GC(2553)     Ext Root Scanning (ms):   Min:  0.3, Avg:  0.3, Max:  0.4, Diff:  0.1, Sum:  2.4, Workers: 8
[112.105s][debug][gc,phases         ] GC(2553)     Scan Heap Roots (ms):     Min:  0.0, Avg:  0.0, Max:  0.0, Diff:  0.0, Sum:  0.0, Workers: 8
[112.105s][debug][gc,phases         ] GC(2553)       Scanned Cards:            Min: 0, Avg:  0.2, Max: 1, Diff: 1, Sum: 2, Workers: 8
[112.105s][debug][gc,phases         ] GC(2553)       Scanned Blocks:           Min: 0, Avg:  0.2, Max: 1, Diff: 1, Sum: 2, Workers: 8
[112.105s][debug][gc,phases         ] GC(2553)       Claimed Chunks:           Min: 0, Avg:  0.2, Max: 1, Diff: 1, Sum: 2, Workers: 8
[112.105s][debug][gc,phases         ] GC(2553)     Code Root Scan (ms):      Min:  0.0, Avg:  0.0, Max:  0.0, Diff:  0.0, Sum:  0.2, Workers: 8
[112.105s][debug][gc,phases         ] GC(2553)     Object Copy (ms):         Min:  0.0, Avg:  0.0, Max:  0.0, Diff:  0.0, Sum:  0.0, Workers: 8
[112.105s][debug][gc,phases         ] GC(2553)     Termination (ms):         Min:  0.1, Avg:  0.1, Max:  0.1, Diff:  0.0, Sum:  0.9, Workers: 8
[112.105s][debug][gc,phases         ] GC(2553)       Termination Attempts:     Min: 1, Avg:  1.0, Max: 1, Diff: 0, Sum: 8, Workers: 8
[112.105s][debug][gc,phases         ] GC(2553)     GC Worker Other (ms):     Min:  0.0, Avg:  0.1, Max:  0.1, Diff:  0.0, Sum:  0.4, Workers: 8
[112.105s][debug][gc,phases         ] GC(2553)     GC Worker Total (ms):     Min:  0.5, Avg:  0.5, Max:  0.5, Diff:  0.1, Sum:  3.9, Workers: 8
[112.105s][info ][gc,phases         ] GC(2553)   Post Evacuate Collection Set: 0.6ms
[112.105s][debug][gc,phases         ] GC(2553)     Code Roots Fixup: 0.0ms
[112.105s][debug][gc,phases         ] GC(2553)     Clear Card Table: 0.2ms
[112.105s][debug][gc,phases         ] GC(2553)     Reference Processing: 0.0ms
[112.105s][debug][gc,phases,ref     ] GC(2553)       Reconsider SoftReferences: 0.0ms
[112.105s][debug][gc,phases,ref     ] GC(2553)         SoftRef (ms):             skipped
[112.105s][debug][gc,phases,ref     ] GC(2553)       Notify Soft/WeakReferences: 0.0ms
[112.105s][debug][gc,phases,ref     ] GC(2553)         SoftRef (ms):             skipped
[112.105s][debug][gc,phases,ref     ] GC(2553)         WeakRef (ms):             skipped
[112.105s][debug][gc,phases,ref     ] GC(2553)         FinalRef (ms):            skipped
[112.105s][debug][gc,phases,ref     ] GC(2553)         Total (ms):               skipped
[112.105s][debug][gc,phases,ref     ] GC(2553)       Notify and keep alive finalizable: 0.0ms
[112.105s][debug][gc,phases,ref     ] GC(2553)         FinalRef (ms):            skipped
[112.105s][debug][gc,phases,ref     ] GC(2553)       Notify PhantomReferences: 0.0ms
[112.105s][debug][gc,phases,ref     ] GC(2553)         PhantomRef (ms):          skipped
[112.105s][debug][gc,phases,ref     ] GC(2553)       SoftReference:
[112.105s][debug][gc,phases,ref     ] GC(2553)         Discovered: 0
[112.105s][debug][gc,phases,ref     ] GC(2553)         Cleared: 0
[112.105s][debug][gc,phases,ref     ] GC(2553)       WeakReference:
[112.105s][debug][gc,phases,ref     ] GC(2553)         Discovered: 0
[112.105s][debug][gc,phases,ref     ] GC(2553)         Cleared: 0
[112.105s][debug][gc,phases,ref     ] GC(2553)       FinalReference:
[112.105s][debug][gc,phases,ref     ] GC(2553)         Discovered: 0
[112.105s][debug][gc,phases,ref     ] GC(2553)         Cleared: 0
[112.105s][debug][gc,phases,ref     ] GC(2553)       PhantomReference:
[112.105s][debug][gc,phases,ref     ] GC(2553)         Discovered: 0
[112.105s][debug][gc,phases,ref     ] GC(2553)         Cleared: 0
[112.105s][debug][gc,phases         ] GC(2553)     Weak Processing: 0.1ms
[112.105s][debug][gc,phases         ] GC(2553)       JVMTI weak processing: 0.0ms
[112.105s][debug][gc,phases         ] GC(2553)         Dead: 0
[112.105s][debug][gc,phases         ] GC(2553)         Total: 0
[112.105s][debug][gc,phases         ] GC(2553)       JFR weak processing: 0.0ms
[112.105s][debug][gc,phases         ] GC(2553)         Dead: 0
[112.105s][debug][gc,phases         ] GC(2553)         Total: 0
[112.105s][debug][gc,phases         ] GC(2553)       JNI weak                  Min:  0.0, Avg:  0.0, Max:  0.0, Diff:  0.0, Sum:  0.0, Workers: 5
[112.105s][debug][gc,phases         ] GC(2553)         Dead                      Min: 0, Avg:  0.0, Max: 0, Diff: 0, Sum: 0, Workers: 5
[112.105s][debug][gc,phases         ] GC(2553)         Total                     Min: 0, Avg: 20.4, Max: 102, Diff: 102, Sum: 102, Workers: 5
[112.105s][debug][gc,phases         ] GC(2553)       VM weak                   Min:  0.0, Avg:  0.0, Max:  0.0, Diff:  0.0, Sum:  0.0, Workers: 5
[112.105s][debug][gc,phases         ] GC(2553)         Dead                      Min: 0, Avg:  0.0, Max: 0, Diff: 0, Sum: 0, Workers: 5
[112.105s][debug][gc,phases         ] GC(2553)         Total                     Min: 0, Avg: 42.4, Max: 212, Diff: 212, Sum: 212, Workers: 5
[112.105s][debug][gc,phases         ] GC(2553)       StringTable weak          Min:  0.0, Avg:  0.0, Max:  0.0, Diff:  0.0, Sum:  0.0, Workers: 5
[112.105s][debug][gc,phases         ] GC(2553)         Dead                      Min: 0, Avg:  0.0, Max: 0, Diff: 0, Sum: 0, Workers: 5
[112.105s][debug][gc,phases         ] GC(2553)         Total                     Min: 0, Avg: 684.6, Max: 2976, Diff: 2976, Sum: 3423, Workers: 5
[112.105s][debug][gc,phases         ] GC(2553)       ResolvedMethodTable weak  Min:  0.0, Avg:  0.0, Max:  0.0, Diff:  0.0, Sum:  0.0, Workers: 5
[112.105s][debug][gc,phases         ] GC(2553)         Dead                      Min: 0, Avg:  0.0, Max: 0, Diff: 0, Sum: 0, Workers: 5
[112.105s][debug][gc,phases         ] GC(2553)         Total                     Min: 0, Avg: 114.6, Max: 317, Diff: 317, Sum: 573, Workers: 5
[112.105s][debug][gc,phases         ] GC(2553)     Merge Per-Thread State: 0.0ms
[112.105s][debug][gc,phases         ] GC(2553)       Copied Bytes              Min: 400088, Avg: 500324.0, Max: 800096, Diff: 400008, Sum: 4002592, Workers: 8
[112.105s][debug][gc,phases         ] GC(2553)       LAB Waste                 Min: 0, Avg:  0.0, Max: 0, Diff: 0, Sum: 0, Workers: 8
[112.105s][debug][gc,phases         ] GC(2553)       LAB Undo Waste            Min: 0, Avg:  0.0, Max: 0, Diff: 0, Sum: 0, Workers: 8
[112.105s][debug][gc,phases         ] GC(2553)     Code Roots Purge: 0.0ms
[112.105s][debug][gc,phases         ] GC(2553)     Redirty Cards: 0.0ms
[112.105s][debug][gc,phases         ] GC(2553)     DerivedPointerTable Update: 0.0ms
[112.105s][debug][gc,phases         ] GC(2553)     Free Collection Set: 0.2ms
[112.105s][debug][gc,phases         ] GC(2553)     Rebuild Free List: 0.1ms
[112.105s][debug][gc,phases         ] GC(2553)     Humongous Reclaim: 0.0ms
[112.105s][debug][gc,phases         ] GC(2553)     Start New Collection Set: 0.0ms
[112.105s][debug][gc,phases         ] GC(2553)     Resize TLABs: 0.0ms
[112.105s][debug][gc,phases         ] GC(2553)     Expand Heap After Collection: 0.0ms
[112.105s][info ][gc,phases         ] GC(2553)   Other: 0.3ms
[112.105s][info ][gc,heap           ] GC(2553) Eden regions: 770->0(770)
[112.105s][info ][gc,heap           ] GC(2553) Survivor regions: 5->5(97)
[112.105s][info ][gc,heap           ] GC(2553) Old regions: 18->18
[112.105s][info ][gc,heap           ] GC(2553) Archive regions: 2->2
[112.105s][info ][gc,heap           ] GC(2553) Humongous regions: 0->0
[112.105s][info ][gc,metaspace      ] GC(2553) Metaspace: 10016K(10624K)->10016K(10624K) NonClass: 8864K(9216K)->8864K(9216K) Class: 1152K(1408K)->1152K(1408K)
[112.105s][debug][gc,heap           ] GC(2553) Heap after GC invocations=2554 (full 1): garbage-first heap   total 1324032K, used 23579K [0x0000000700000000, 0x0000000800000000)
[112.105s][debug][gc,heap           ] GC(2553)   region size 1024K, 5 young (5120K), 5 survivors (5120K)
[112.105s][debug][gc,heap           ] GC(2553)  Metaspace       used 10016K, capacity 10304K, committed 10624K, reserved 1058816K
[112.105s][debug][gc,heap           ] GC(2553)   class space    used 1152K, capacity 1266K, committed 1408K, reserved 1048576K
[112.105s][info ][gc                ] GC(2553) Pause Young (Normal) (G1 Evacuation Pause) 792M->23M(1293M) 2.326ms
[112.105s][info ][gc,cpu            ] GC(2553) User=0.01s Sys=0.00s Real=0.00s
[112.106s][info ][safepoint         ] Safepoint "G1CollectForAllocation", Time since last: 38902147 ns, Reaching safepoint: 148286 ns, At safepoint: 2502838 ns, Total: 2651124 ns
[112.144s][debug][gc,heap           ] GC(2554) Heap before GC invocations=2554 (full 1): garbage-first heap   total 1324032K, used 811035K [0x0000000700000000, 0x0000000800000000)
[112.144s][debug][gc,heap           ] GC(2554)   region size 1024K, 775 young (793600K), 5 survivors (5120K)
[112.144s][debug][gc,heap           ] GC(2554)  Metaspace       used 10016K, capacity 10304K, committed 10624K, reserved 1058816K
[112.144s][debug][gc,heap           ] GC(2554)   class space    used 1152K, capacity 1266K, committed 1408K, reserved 1048576K
[112.144s][info ][gc,start          ] GC(2554) Pause Young (Normal) (G1 Evacuation Pause)
[112.144s][info ][gc,task           ] GC(2554) Using 8 workers of 8 for evacuation
[112.144s][debug][gc,tlab           ] GC(2554) TLAB totals: thrds: 8  refills: 12 max: 2 slow allocs: 1531 max 206 waste: 23.1% gc: 946072B max: 230000B slow: 69008B max: 14304B fast: 0B max: 0B
[112.144s][debug][gc,age            ] GC(2554) Desired survivor size 50855936 bytes, new threshold 15 (max threshold 15)
[112.144s][debug][gc,alloc,region   ] GC(2554) Mutator Allocation stats, regions: 770, wasted size: 180M (23.4%)
[112.144s][debug][gc,ergo           ] GC(2554) Running G1 Merge Heap Roots using 8 workers for 775 regions
[112.144s][debug][gc,remset         ] GC(2554) Visited cards 256 Total dirty 2048 (12.50%) Total old 3215360 (0.01%)
[112.145s][debug][gc,ergo           ] GC(2554) Running G1 Clear Card Table Task using 2 workers for 2 units of work for 776 regions.
[112.145s][debug][gc,ref            ] GC(2554) Skipped phase1 of Reference Processing due to unavailable references
[112.145s][debug][gc,ref            ] GC(2554) Skipped phase2 of Reference Processing due to unavailable references
[112.145s][debug][gc,ref            ] GC(2554) Skipped phase3 of Reference Processing due to unavailable references
[112.145s][debug][gc,ref            ] GC(2554) Skipped phase4 of Reference Processing due to unavailable references
[112.145s][debug][gc,ergo           ] GC(2554) Running G1 Free Collection Set using 8 workers for collection set length 775 (1293)
[112.145s][debug][gc,ergo           ] GC(2554) Running G1 Rebuild Free List Task using 8 workers for rebuilding free list of 0 (4096) regions
[112.145s][trace][gc,age            ] GC(2554) Age table with threshold 15 (max threshold 15)
[112.145s][trace][gc,age            ] GC(2554) - age   1:    3202576 bytes,    3202576 total
[112.145s][debug][gc,plab           ] GC(2554) Young PLAB allocation: allocated: 16512B, wasted: 0B, unused: 14064B, used: 2448B, undo waste: 0B, 
[112.145s][debug][gc,plab           ] GC(2554) Young other allocation: region end waste: 731184B, regions filled: 4, direct allocated: 3200128B, failure used: 0B, failure wasted: 0B
[112.145s][debug][gc,plab           ] GC(2554) Young sizing: calculated: 0B, actual: 2064B
[112.145s][debug][gc,plab           ] GC(2554) Old PLAB allocation: allocated: 0B, wasted: 0B, unused: 0B, used: 0B, undo waste: 0B, 
[112.145s][debug][gc,plab           ] GC(2554) Old other allocation: region end waste: 0B, regions filled: 1, direct allocated: 0B, failure used: 0B, failure wasted: 0B
[112.145s][debug][gc,plab           ] GC(2554) Old sizing: calculated: 0B, actual: 2064B
[112.146s][debug][gc,ihop           ] GC(2554) Basic information (value update), threshold: 610113945B (45.00), target occupancy: 1355808768B, current occupancy: 23095088B, recent allocation size: 0B, recent allocation duration: 39.45ms, recent old gen allocation rate: 0.00B/s, recent marking phase length: 30.68ms
[112.146s][debug][gc,ihop           ] GC(2554) Adaptive IHOP information (value update), threshold: 610113945B (47.37), internal target occupancy: 1288018329B, occupancy: 23095088B, additional buffer size: 812646400B, predicted old gen allocation rate: 21.08B/s, predicted marking phase length: 61.36ms, prediction active: false
[112.146s][debug][gc,ergo,refine    ] GC(2554) Concurrent refinement times: Logged Cards Scan time goal: 20.00ms Logged Cards Scan time: 0.00ms HCC time: 0.00ms
[112.146s][debug][gc,ergo,refine    ] GC(2554) Updated Refinement Zones: green: 2048, yellow: 6144, red: 10240
[112.146s][info ][gc,phases         ] GC(2554)   Pre Evacuate Collection Set: 0.1ms
[112.146s][debug][gc,phases         ] GC(2554)     Prepare TLABs: 0.0ms
[112.146s][debug][gc,phases         ] GC(2554)     Choose Collection Set: 0.0ms
[112.146s][debug][gc,phases         ] GC(2554)     Region Register: 0.1ms
[112.146s][debug][gc,phases         ] GC(2554)     Prepare Heap Roots: 0.0ms
[112.146s][info ][gc,phases         ] GC(2554)   Merge Heap Roots: 0.1ms
[112.146s][debug][gc,phases         ] GC(2554)     Prepare Merge Heap Roots: 0.0ms
[112.146s][debug][gc,phases         ] GC(2554)     Eager Reclaim (ms):       skipped
[112.146s][debug][gc,phases         ] GC(2554)     Remembered Sets (ms):     Min:  0.0, Avg:  0.0, Max:  0.0, Diff:  0.0, Sum:  0.2, Workers: 8
[112.146s][debug][gc,phases         ] GC(2554)       Merged Sparse:            Min: 0, Avg:  0.0, Max: 0, Diff: 0, Sum: 0, Workers: 8
[112.146s][debug][gc,phases         ] GC(2554)       Merged Fine:              Min: 0, Avg:  0.0, Max: 0, Diff: 0, Sum: 0, Workers: 8
[112.146s][debug][gc,phases         ] GC(2554)       Merged Coarse:            Min: 0, Avg:  0.0, Max: 0, Diff: 0, Sum: 0, Workers: 8
[112.146s][debug][gc,phases         ] GC(2554)       Dirty Cards:              Min: 0, Avg:  0.0, Max: 0, Diff: 0, Sum: 0, Workers: 8
[112.146s][debug][gc,phases         ] GC(2554)     Hot Card Cache (ms):      Min:  0.0, Avg:  0.0, Max:  0.0, Diff:  0.0, Sum:  0.0, Workers: 8
[112.146s][debug][gc,phases         ] GC(2554)       Dirty Cards:              Min: 0, Avg:  0.0, Max: 0, Diff: 0, Sum: 0, Workers: 8
[112.146s][debug][gc,phases         ] GC(2554)       Skipped Cards:            Min: 0, Avg:  0.0, Max: 0, Diff: 0, Sum: 0, Workers: 8
[112.146s][debug][gc,phases         ] GC(2554)     Log Buffers (ms):         Min:  0.0, Avg:  0.0, Max:  0.0, Diff:  0.0, Sum:  0.0, Workers: 8
[112.146s][debug][gc,phases         ] GC(2554)       Dirty Cards:              Min: 0, Avg:  0.1, Max: 1, Diff: 1, Sum: 1, Workers: 8
[112.146s][debug][gc,phases         ] GC(2554)       Skipped Cards:            Min: 0, Avg:  0.0, Max: 0, Diff: 0, Sum: 0, Workers: 8
[112.146s][info ][gc,phases         ] GC(2554)   Evacuate Collection Set: 0.4ms
[112.146s][debug][gc,phases         ] GC(2554)     Ext Root Scanning (ms):   Min:  0.2, Avg:  0.3, Max:  0.3, Diff:  0.1, Sum:  2.1, Workers: 8
[112.146s][debug][gc,phases         ] GC(2554)     Scan Heap Roots (ms):     Min:  0.0, Avg:  0.0, Max:  0.0, Diff:  0.0, Sum:  0.0, Workers: 8
[112.146s][debug][gc,phases         ] GC(2554)       Scanned Cards:            Min: 0, Avg:  0.1, Max: 1, Diff: 1, Sum: 1, Workers: 8
[112.146s][debug][gc,phases         ] GC(2554)       Scanned Blocks:           Min: 0, Avg:  0.1, Max: 1, Diff: 1, Sum: 1, Workers: 8
[112.146s][debug][gc,phases         ] GC(2554)       Claimed Chunks:           Min: 0, Avg:  0.1, Max: 1, Diff: 1, Sum: 1, Workers: 8
[112.146s][debug][gc,phases         ] GC(2554)     Code Root Scan (ms):      Min:  0.0, Avg:  0.0, Max:  0.0, Diff:  0.0, Sum:  0.2, Workers: 8
[112.146s][debug][gc,phases         ] GC(2554)     Object Copy (ms):         Min:  0.0, Avg:  0.0, Max:  0.0, Diff:  0.0, Sum:  0.0, Workers: 8
[112.146s][debug][gc,phases         ] GC(2554)     Termination (ms):         Min:  0.1, Avg:  0.1, Max:  0.1, Diff:  0.0, Sum:  0.5, Workers: 8
[112.146s][debug][gc,phases         ] GC(2554)       Termination Attempts:     Min: 1, Avg:  1.0, Max: 1, Diff: 0, Sum: 8, Workers: 8
[112.146s][debug][gc,phases         ] GC(2554)     GC Worker Other (ms):     Min:  0.0, Avg:  0.0, Max:  0.1, Diff:  0.0, Sum:  0.4, Workers: 8
[112.146s][debug][gc,phases         ] GC(2554)     GC Worker Total (ms):     Min:  0.4, Avg:  0.4, Max:  0.4, Diff:  0.1, Sum:  3.2, Workers: 8
[112.146s][info ][gc,phases         ] GC(2554)   Post Evacuate Collection Set: 0.5ms
[112.146s][debug][gc,phases         ] GC(2554)     Code Roots Fixup: 0.0ms
[112.146s][debug][gc,phases         ] GC(2554)     Clear Card Table: 0.2ms
[112.146s][debug][gc,phases         ] GC(2554)     Reference Processing: 0.0ms
[112.146s][debug][gc,phases,ref     ] GC(2554)       Reconsider SoftReferences: 0.0ms
[112.146s][debug][gc,phases,ref     ] GC(2554)         SoftRef (ms):             skipped
[112.146s][debug][gc,phases,ref     ] GC(2554)       Notify Soft/WeakReferences: 0.0ms
[112.146s][debug][gc,phases,ref     ] GC(2554)         SoftRef (ms):             skipped
[112.146s][debug][gc,phases,ref     ] GC(2554)         WeakRef (ms):             skipped
[112.146s][debug][gc,phases,ref     ] GC(2554)         FinalRef (ms):            skipped
[112.146s][debug][gc,phases,ref     ] GC(2554)         Total (ms):               skipped
[112.146s][debug][gc,phases,ref     ] GC(2554)       Notify and keep alive finalizable: 0.0ms
[112.146s][debug][gc,phases,ref     ] GC(2554)         FinalRef (ms):            skipped
[112.146s][debug][gc,phases,ref     ] GC(2554)       Notify PhantomReferences: 0.0ms
[112.146s][debug][gc,phases,ref     ] GC(2554)         PhantomRef (ms):          skipped
[112.146s][debug][gc,phases,ref     ] GC(2554)       SoftReference:
[112.146s][debug][gc,phases,ref     ] GC(2554)         Discovered: 0
[112.146s][debug][gc,phases,ref     ] GC(2554)         Cleared: 0
[112.146s][debug][gc,phases,ref     ] GC(2554)       WeakReference:
[112.146s][debug][gc,phases,ref     ] GC(2554)         Discovered: 0
[112.146s][debug][gc,phases,ref     ] GC(2554)         Cleared: 0
[112.146s][debug][gc,phases,ref     ] GC(2554)       FinalReference:
[112.146s][debug][gc,phases,ref     ] GC(2554)         Discovered: 0
[112.146s][debug][gc,phases,ref     ] GC(2554)         Cleared: 0
[112.146s][debug][gc,phases,ref     ] GC(2554)       PhantomReference:
[112.146s][debug][gc,phases,ref     ] GC(2554)         Discovered: 0
[112.146s][debug][gc,phases,ref     ] GC(2554)         Cleared: 0
[112.146s][debug][gc,phases         ] GC(2554)     Weak Processing: 0.0ms
[112.146s][debug][gc,phases         ] GC(2554)       JVMTI weak processing: 0.0ms
[112.146s][debug][gc,phases         ] GC(2554)         Dead: 0
[112.146s][debug][gc,phases         ] GC(2554)         Total: 0
[112.146s][debug][gc,phases         ] GC(2554)       JFR weak processing: 0.0ms
[112.146s][debug][gc,phases         ] GC(2554)         Dead: 0
[112.146s][debug][gc,phases         ] GC(2554)         Total: 0
[112.146s][debug][gc,phases         ] GC(2554)       JNI weak                  Min:  0.0, Avg:  0.0, Max:  0.0, Diff:  0.0, Sum:  0.0, Workers: 5
[112.146s][debug][gc,phases         ] GC(2554)         Dead                      Min: 0, Avg:  0.0, Max: 0, Diff: 0, Sum: 0, Workers: 5
[112.146s][debug][gc,phases         ] GC(2554)         Total                     Min: 0, Avg: 20.4, Max: 102, Diff: 102, Sum: 102, Workers: 5
[112.146s][debug][gc,phases         ] GC(2554)       VM weak                   Min:  0.0, Avg:  0.0, Max:  0.0, Diff:  0.0, Sum:  0.0, Workers: 5
[112.146s][debug][gc,phases         ] GC(2554)         Dead                      Min: 0, Avg:  0.0, Max: 0, Diff: 0, Sum: 0, Workers: 5
[112.146s][debug][gc,phases         ] GC(2554)         Total                     Min: 0, Avg: 42.4, Max: 212, Diff: 212, Sum: 212, Workers: 5
[112.146s][debug][gc,phases         ] GC(2554)       StringTable weak          Min:  0.0, Avg:  0.0, Max:  0.0, Diff:  0.0, Sum:  0.0, Workers: 5
[112.146s][debug][gc,phases         ] GC(2554)         Dead                      Min: 0, Avg:  0.0, Max: 0, Diff: 0, Sum: 0, Workers: 5
[112.146s][debug][gc,phases         ] GC(2554)         Total                     Min: 0, Avg: 684.6, Max: 1407, Diff: 1407, Sum: 3423, Workers: 5
[112.146s][debug][gc,phases         ] GC(2554)       ResolvedMethodTable weak  Min:  0.0, Avg:  0.0, Max:  0.0, Diff:  0.0, Sum:  0.0, Workers: 5
[112.146s][debug][gc,phases         ] GC(2554)         Dead                      Min: 0, Avg:  0.0, Max: 0, Diff: 0, Sum: 0, Workers: 5
[112.146s][debug][gc,phases         ] GC(2554)         Total                     Min: 0, Avg: 114.6, Max: 192, Diff: 192, Sum: 573, Workers: 5
[112.146s][debug][gc,phases         ] GC(2554)     Merge Per-Thread State: 0.0ms
[112.146s][debug][gc,phases         ] GC(2554)       Copied Bytes              Min: 400088, Avg: 400322.0, Max: 400552, Diff: 464, Sum: 3202576, Workers: 8
[112.146s][debug][gc,phases         ] GC(2554)       LAB Waste                 Min: 0, Avg:  0.0, Max: 0, Diff: 0, Sum: 0, Workers: 8
[112.146s][debug][gc,phases         ] GC(2554)       LAB Undo Waste            Min: 0, Avg:  0.0, Max: 0, Diff: 0, Sum: 0, Workers: 8
[112.146s][debug][gc,phases         ] GC(2554)     Code Roots Purge: 0.0ms
[112.146s][debug][gc,phases         ] GC(2554)     Redirty Cards: 0.0ms
[112.146s][debug][gc,phases         ] GC(2554)     DerivedPointerTable Update: 0.0ms
[112.146s][debug][gc,phases         ] GC(2554)     Free Collection Set: 0.2ms
[112.146s][debug][gc,phases         ] GC(2554)     Rebuild Free List: 0.1ms
[112.146s][debug][gc,phases         ] GC(2554)     Humongous Reclaim: 0.0ms
[112.146s][debug][gc,phases         ] GC(2554)     Start New Collection Set: 0.0ms
[112.146s][debug][gc,phases         ] GC(2554)     Resize TLABs: 0.0ms
[112.146s][debug][gc,phases         ] GC(2554)     Expand Heap After Collection: 0.0ms
[112.146s][info ][gc,phases         ] GC(2554)   Other: 0.3ms
[112.146s][info ][gc,heap           ] GC(2554) Eden regions: 770->0(771)
[112.146s][info ][gc,heap           ] GC(2554) Survivor regions: 5->4(97)
[112.146s][info ][gc,heap           ] GC(2554) Old regions: 18->18
[112.146s][info ][gc,heap           ] GC(2554) Archive regions: 2->2
[112.146s][info ][gc,heap           ] GC(2554) Humongous regions: 0->0
[112.146s][info ][gc,metaspace      ] GC(2554) Metaspace: 10016K(10624K)->10016K(10624K) NonClass: 8864K(9216K)->8864K(9216K) Class: 1152K(1408K)->1152K(1408K)
[112.146s][debug][gc,heap           ] GC(2554) Heap after GC invocations=2555 (full 1): garbage-first heap   total 1324032K, used 22553K [0x0000000700000000, 0x0000000800000000)
[112.146s][debug][gc,heap           ] GC(2554)   region size 1024K, 4 young (4096K), 4 survivors (4096K)
[112.146s][debug][gc,heap           ] GC(2554)  Metaspace       used 10016K, capacity 10304K, committed 10624K, reserved 1058816K
[112.146s][debug][gc,heap           ] GC(2554)   class space    used 1152K, capacity 1266K, committed 1408K, reserved 1048576K
[112.146s][info ][gc                ] GC(2554) Pause Young (Normal) (G1 Evacuation Pause) 792M->22M(1293M) 2.091ms
[112.146s][info ][gc,cpu            ] GC(2554) User=0.00s Sys=0.00s Real=0.00s
[112.146s][info ][safepoint         ] Safepoint "G1CollectForAllocation", Time since last: 38334135 ns, Reaching safepoint: 190805 ns, At safepoint: 2292794 ns, Total: 2483599 ns
[112.184s][debug][gc,heap           ] GC(2555) Heap before GC invocations=2555 (full 1): garbage-first heap   total 1324032K, used 811033K [0x0000000700000000, 0x0000000800000000)
[112.184s][debug][gc,heap           ] GC(2555)   region size 1024K, 775 young (793600K), 4 survivors (4096K)
[112.184s][debug][gc,heap           ] GC(2555)  Metaspace       used 10016K, capacity 10304K, committed 10624K, reserved 1058816K
[112.184s][debug][gc,heap           ] GC(2555)   class space    used 1152K, capacity 1266K, committed 1408K, reserved 1048576K
[112.184s][info ][gc,start          ] GC(2555) Pause Young (Normal) (G1 Evacuation Pause)
[112.184s][info ][gc,task           ] GC(2555) Using 8 workers of 8 for evacuation
[112.184s][debug][gc,tlab           ] GC(2555) TLAB totals: thrds: 8  refills: 18 max: 3 slow allocs: 1532 max 207 waste: 29.9% gc: 1195888B max: 240960B slow: 75944B max: 15096B fast: 0B max: 0B
[112.184s][debug][gc,age            ] GC(2555) Desired survivor size 50855936 bytes, new threshold 15 (max threshold 15)
[112.184s][debug][gc,alloc,region   ] GC(2555) Mutator Allocation stats, regions: 771, wasted size: 180M (23.4%)
[112.184s][debug][gc,ergo           ] GC(2555) Running G1 Merge Heap Roots using 8 workers for 775 regions
[112.185s][debug][gc,remset         ] GC(2555) Visited cards 512 Total dirty 4096 (12.50%) Total old 3215360 (0.02%)
[112.185s][debug][gc,ergo           ] GC(2555) Running G1 Clear Card Table Task using 2 workers for 2 units of work for 777 regions.
[112.185s][debug][gc,ref            ] GC(2555) Skipped phase1 of Reference Processing due to unavailable references
[112.185s][debug][gc,ref            ] GC(2555) Skipped phase2 of Reference Processing due to unavailable references
[112.185s][debug][gc,ref            ] GC(2555) Skipped phase3 of Reference Processing due to unavailable references
[112.185s][debug][gc,ref            ] GC(2555) Skipped phase4 of Reference Processing due to unavailable references
[112.185s][debug][gc,ergo           ] GC(2555) Running G1 Free Collection Set using 8 workers for collection set length 775 (1293)
[112.185s][debug][gc,ergo           ] GC(2555) Running G1 Rebuild Free List Task using 8 workers for rebuilding free list of 0 (4096) regions
[112.185s][trace][gc,age            ] GC(2555) Age table with threshold 15 (max threshold 15)
[112.185s][trace][gc,age            ] GC(2555) - age   1:    2402528 bytes,    2402528 total
[112.185s][debug][gc,plab           ] GC(2555) Young PLAB allocation: allocated: 16512B, wasted: 0B, unused: 14064B, used: 2448B, undo waste: 0B, 
[112.185s][debug][gc,plab           ] GC(2555) Young other allocation: region end waste: 484704B, regions filled: 3, direct allocated: 2400080B, failure used: 0B, failure wasted: 0B
[112.185s][debug][gc,plab           ] GC(2555) Young sizing: calculated: 0B, actual: 2064B
[112.185s][debug][gc,plab           ] GC(2555) Old PLAB allocation: allocated: 0B, wasted: 0B, unused: 0B, used: 0B, undo waste: 0B, 
[112.185s][debug][gc,plab           ] GC(2555) Old other allocation: region end waste: 0B, regions filled: 1, direct allocated: 0B, failure used: 0B, failure wasted: 0B
[112.185s][debug][gc,plab           ] GC(2555) Old sizing: calculated: 0B, actual: 2064B
[112.185s][debug][gc,ihop           ] GC(2555) Basic information (value update), threshold: 610113945B (45.00), target occupancy: 1355808768B, current occupancy: 22048560B, recent allocation size: 0B, recent allocation duration: 38.70ms, recent old gen allocation rate: 0.00B/s, recent marking phase length: 30.68ms
[112.185s][debug][gc,ihop           ] GC(2555) Adaptive IHOP information (value update), threshold: 610113945B (47.37), internal target occupancy: 1288018329B, occupancy: 22048560B, additional buffer size: 812646400B, predicted old gen allocation rate: 20.54B/s, predicted marking phase length: 61.36ms, prediction active: false
[112.185s][debug][gc,ergo,refine    ] GC(2555) Concurrent refinement times: Logged Cards Scan time goal: 20.00ms Logged Cards Scan time: 0.00ms HCC time: 0.00ms
[112.185s][debug][gc,ergo,refine    ] GC(2555) Updated Refinement Zones: green: 2048, yellow: 6144, red: 10240
[112.185s][info ][gc,phases         ] GC(2555)   Pre Evacuate Collection Set: 0.1ms
[112.185s][debug][gc,phases         ] GC(2555)     Prepare TLABs: 0.0ms
[112.185s][debug][gc,phases         ] GC(2555)     Choose Collection Set: 0.0ms
[112.185s][debug][gc,phases         ] GC(2555)     Region Register: 0.1ms
[112.185s][debug][gc,phases         ] GC(2555)     Prepare Heap Roots: 0.0ms
[112.185s][info ][gc,phases         ] GC(2555)   Merge Heap Roots: 0.1ms
[112.185s][debug][gc,phases         ] GC(2555)     Prepare Merge Heap Roots: 0.0ms
[112.185s][debug][gc,phases         ] GC(2555)     Eager Reclaim (ms):       skipped
[112.186s][debug][gc,phases         ] GC(2555)     Remembered Sets (ms):     Min:  0.0, Avg:  0.0, Max:  0.0, Diff:  0.0, Sum:  0.2, Workers: 8
[112.186s][debug][gc,phases         ] GC(2555)       Merged Sparse:            Min: 0, Avg:  0.0, Max: 0, Diff: 0, Sum: 0, Workers: 8
[112.186s][debug][gc,phases         ] GC(2555)       Merged Fine:              Min: 0, Avg:  0.0, Max: 0, Diff: 0, Sum: 0, Workers: 8
[112.186s][debug][gc,phases         ] GC(2555)       Merged Coarse:            Min: 0, Avg:  0.0, Max: 0, Diff: 0, Sum: 0, Workers: 8
[112.186s][debug][gc,phases         ] GC(2555)       Dirty Cards:              Min: 0, Avg:  0.0, Max: 0, Diff: 0, Sum: 0, Workers: 8
[112.186s][debug][gc,phases         ] GC(2555)     Hot Card Cache (ms):      Min:  0.0, Avg:  0.0, Max:  0.0, Diff:  0.0, Sum:  0.0, Workers: 8
[112.186s][debug][gc,phases         ] GC(2555)       Dirty Cards:              Min: 0, Avg:  0.0, Max: 0, Diff: 0, Sum: 0, Workers: 8
[112.186s][debug][gc,phases         ] GC(2555)       Skipped Cards:            Min: 0, Avg:  0.0, Max: 0, Diff: 0, Sum: 0, Workers: 8
[112.186s][debug][gc,phases         ] GC(2555)     Log Buffers (ms):         Min:  0.0, Avg:  0.0, Max:  0.0, Diff:  0.0, Sum:  0.0, Workers: 8
[112.186s][debug][gc,phases         ] GC(2555)       Dirty Cards:              Min: 0, Avg:  0.2, Max: 1, Diff: 1, Sum: 2, Workers: 8
[112.186s][debug][gc,phases         ] GC(2555)       Skipped Cards:            Min: 0, Avg:  0.0, Max: 0, Diff: 0, Sum: 0, Workers: 8
[112.186s][info ][gc,phases         ] GC(2555)   Evacuate Collection Set: 0.3ms
[112.186s][debug][gc,phases         ] GC(2555)     Ext Root Scanning (ms):   Min:  0.0, Avg:  0.1, Max:  0.2, Diff:  0.2, Sum:  0.9, Workers: 8
[112.186s][debug][gc,phases         ] GC(2555)     Scan Heap Roots (ms):     Min:  0.0, Avg:  0.0, Max:  0.0, Diff:  0.0, Sum:  0.0, Workers: 8
[112.186s][debug][gc,phases         ] GC(2555)       Scanned Cards:            Min: 0, Avg:  0.2, Max: 1, Diff: 1, Sum: 2, Workers: 8
[112.186s][debug][gc,phases         ] GC(2555)       Scanned Blocks:           Min: 0, Avg:  0.2, Max: 1, Diff: 1, Sum: 2, Workers: 8
[112.186s][debug][gc,phases         ] GC(2555)       Claimed Chunks:           Min: 0, Avg:  0.2, Max: 1, Diff: 1, Sum: 2, Workers: 8
[112.186s][debug][gc,phases         ] GC(2555)     Code Root Scan (ms):      Min:  0.0, Avg:  0.0, Max:  0.0, Diff:  0.0, Sum:  0.1, Workers: 8
[112.186s][debug][gc,phases         ] GC(2555)     Object Copy (ms):         Min:  0.0, Avg:  0.0, Max:  0.0, Diff:  0.0, Sum:  0.0, Workers: 8
[112.186s][debug][gc,phases         ] GC(2555)     Termination (ms):         Min:  0.0, Avg:  0.1, Max:  0.1, Diff:  0.1, Sum:  0.7, Workers: 8
[112.186s][debug][gc,phases         ] GC(2555)       Termination Attempts:     Min: 1, Avg:  1.5, Max: 3, Diff: 2, Sum: 12, Workers: 8
[112.186s][debug][gc,phases         ] GC(2555)     GC Worker Other (ms):     Min:  0.0, Avg:  0.0, Max:  0.1, Diff:  0.0, Sum:  0.2, Workers: 8
[112.186s][debug][gc,phases         ] GC(2555)     GC Worker Total (ms):     Min:  0.2, Avg:  0.3, Max:  0.3, Diff:  0.1, Sum:  2.1, Workers: 8
[112.186s][info ][gc,phases         ] GC(2555)   Post Evacuate Collection Set: 0.5ms
[112.186s][debug][gc,phases         ] GC(2555)     Code Roots Fixup: 0.0ms
[112.186s][debug][gc,phases         ] GC(2555)     Clear Card Table: 0.2ms
[112.186s][debug][gc,phases         ] GC(2555)     Reference Processing: 0.0ms
[112.186s][debug][gc,phases,ref     ] GC(2555)       Reconsider SoftReferences: 0.0ms
[112.186s][debug][gc,phases,ref     ] GC(2555)         SoftRef (ms):             skipped
[112.186s][debug][gc,phases,ref     ] GC(2555)       Notify Soft/WeakReferences: 0.0ms
[112.186s][debug][gc,phases,ref     ] GC(2555)         SoftRef (ms):             skipped
[112.186s][debug][gc,phases,ref     ] GC(2555)         WeakRef (ms):             skipped
[112.186s][debug][gc,phases,ref     ] GC(2555)         FinalRef (ms):            skipped
[112.186s][debug][gc,phases,ref     ] GC(2555)         Total (ms):               skipped
[112.186s][debug][gc,phases,ref     ] GC(2555)       Notify and keep alive finalizable: 0.0ms
[112.186s][debug][gc,phases,ref     ] GC(2555)         FinalRef (ms):            skipped
[112.186s][debug][gc,phases,ref     ] GC(2555)       Notify PhantomReferences: 0.0ms
[112.186s][debug][gc,phases,ref     ] GC(2555)         PhantomRef (ms):          skipped
[112.186s][debug][gc,phases,ref     ] GC(2555)       SoftReference:
[112.186s][debug][gc,phases,ref     ] GC(2555)         Discovered: 0
[112.186s][debug][gc,phases,ref     ] GC(2555)         Cleared: 0
[112.186s][debug][gc,phases,ref     ] GC(2555)       WeakReference:
[112.186s][debug][gc,phases,ref     ] GC(2555)         Discovered: 0
[112.186s][debug][gc,phases,ref     ] GC(2555)         Cleared: 0
[112.186s][debug][gc,phases,ref     ] GC(2555)       FinalReference:
[112.186s][debug][gc,phases,ref     ] GC(2555)         Discovered: 0
[112.186s][debug][gc,phases,ref     ] GC(2555)         Cleared: 0
[112.186s][debug][gc,phases,ref     ] GC(2555)       PhantomReference:
[112.186s][debug][gc,phases,ref     ] GC(2555)         Discovered: 0
[112.186s][debug][gc,phases,ref     ] GC(2555)         Cleared: 0
[112.186s][debug][gc,phases         ] GC(2555)     Weak Processing: 0.0ms
[112.186s][debug][gc,phases         ] GC(2555)       JVMTI weak processing: 0.0ms
[112.186s][debug][gc,phases         ] GC(2555)         Dead: 0
[112.186s][debug][gc,phases         ] GC(2555)         Total: 0
[112.186s][debug][gc,phases         ] GC(2555)       JFR weak processing: 0.0ms
[112.186s][debug][gc,phases         ] GC(2555)         Dead: 0
[112.186s][debug][gc,phases         ] GC(2555)         Total: 0
[112.186s][debug][gc,phases         ] GC(2555)       JNI weak                  Min:  0.0, Avg:  0.0, Max:  0.0, Diff:  0.0, Sum:  0.0, Workers: 5
[112.186s][debug][gc,phases         ] GC(2555)         Dead                      Min: 0, Avg:  0.0, Max: 0, Diff: 0, Sum: 0, Workers: 5
[112.186s][debug][gc,phases         ] GC(2555)         Total                     Min: 0, Avg: 20.4, Max: 102, Diff: 102, Sum: 102, Workers: 5
[112.186s][debug][gc,phases         ] GC(2555)       VM weak                   Min:  0.0, Avg:  0.0, Max:  0.0, Diff:  0.0, Sum:  0.0, Workers: 5
[112.186s][debug][gc,phases         ] GC(2555)         Dead                      Min: 0, Avg:  0.0, Max: 0, Diff: 0, Sum: 0, Workers: 5
[112.186s][debug][gc,phases         ] GC(2555)         Total                     Min: 0, Avg: 42.4, Max: 212, Diff: 212, Sum: 212, Workers: 5
[112.186s][debug][gc,phases         ] GC(2555)       StringTable weak          Min:  0.0, Avg:  0.0, Max:  0.0, Diff:  0.0, Sum:  0.0, Workers: 5
[112.186s][debug][gc,phases         ] GC(2555)         Dead                      Min: 0, Avg:  0.0, Max: 0, Diff: 0, Sum: 0, Workers: 5
[112.186s][debug][gc,phases         ] GC(2555)         Total                     Min: 0, Avg: 684.6, Max: 1407, Diff: 1407, Sum: 3423, Workers: 5
[112.186s][debug][gc,phases         ] GC(2555)       ResolvedMethodTable weak  Min:  0.0, Avg:  0.0, Max:  0.0, Diff:  0.0, Sum:  0.0, Workers: 5
[112.186s][debug][gc,phases         ] GC(2555)         Dead                      Min: 0, Avg:  0.0, Max: 0, Diff: 0, Sum: 0, Workers: 5
[112.186s][debug][gc,phases         ] GC(2555)         Total                     Min: 0, Avg: 114.6, Max: 192, Diff: 192, Sum: 573, Workers: 5
[112.186s][debug][gc,phases         ] GC(2555)     Merge Per-Thread State: 0.0ms
[112.186s][debug][gc,phases         ] GC(2555)       Copied Bytes              Min: 72, Avg: 300316.0, Max: 800096, Diff: 800024, Sum: 2402528, Workers: 8
[112.186s][debug][gc,phases         ] GC(2555)       LAB Waste                 Min: 0, Avg:  0.0, Max: 0, Diff: 0, Sum: 0, Workers: 8
[112.186s][debug][gc,phases         ] GC(2555)       LAB Undo Waste            Min: 0, Avg:  0.0, Max: 0, Diff: 0, Sum: 0, Workers: 8
[112.186s][debug][gc,phases         ] GC(2555)     Code Roots Purge: 0.0ms
[112.186s][debug][gc,phases         ] GC(2555)     Redirty Cards: 0.0ms
[112.186s][debug][gc,phases         ] GC(2555)     DerivedPointerTable Update: 0.0ms
[112.186s][debug][gc,phases         ] GC(2555)     Free Collection Set: 0.2ms
[112.186s][debug][gc,phases         ] GC(2555)     Rebuild Free List: 0.1ms
[112.186s][debug][gc,phases         ] GC(2555)     Humongous Reclaim: 0.0ms
[112.186s][debug][gc,phases         ] GC(2555)     Start New Collection Set: 0.0ms
[112.186s][debug][gc,phases         ] GC(2555)     Resize TLABs: 0.0ms
[112.186s][debug][gc,phases         ] GC(2555)     Expand Heap After Collection: 0.0ms
[112.186s][info ][gc,phases         ] GC(2555)   Other: 0.3ms
[112.186s][info ][gc,heap           ] GC(2555) Eden regions: 771->0(772)
[112.186s][info ][gc,heap           ] GC(2555) Survivor regions: 4->3(97)
[112.186s][info ][gc,heap           ] GC(2555) Old regions: 18->18
[112.186s][info ][gc,heap           ] GC(2555) Archive regions: 2->2
[112.186s][info ][gc,heap           ] GC(2555) Humongous regions: 0->0
[112.186s][info ][gc,metaspace      ] GC(2555) Metaspace: 10016K(10624K)->10016K(10624K) NonClass: 8864K(9216K)->8864K(9216K) Class: 1152K(1408K)->1152K(1408K)
[112.186s][debug][gc,heap           ] GC(2555) Heap after GC invocations=2556 (full 1): garbage-first heap   total 1324032K, used 21531K [0x0000000700000000, 0x0000000800000000)
[112.186s][debug][gc,heap           ] GC(2555)   region size 1024K, 3 young (3072K), 3 survivors (3072K)
[112.186s][debug][gc,heap           ] GC(2555)  Metaspace       used 10016K, capacity 10304K, committed 10624K, reserved 1058816K
[112.186s][debug][gc,heap           ] GC(2555)   class space    used 1152K, capacity 1266K, committed 1408K, reserved 1048576K
[112.186s][info ][gc                ] GC(2555) Pause Young (Normal) (G1 Evacuation Pause) 792M->21M(1293M) 1.894ms
[112.186s][info ][gc,cpu            ] GC(2555) User=0.00s Sys=0.00s Real=0.00s
[112.186s][info ][safepoint         ] Safepoint "G1CollectForAllocation", Time since last: 37599223 ns, Reaching safepoint: 158748 ns, At safepoint: 2056190 ns, Total: 2214938 ns
[112.225s][debug][gc,heap           ] GC(2556) Heap before GC invocations=2556 (full 1): garbage-first heap   total 1324032K, used 811035K [0x0000000700000000, 0x0000000800000000)
[112.225s][debug][gc,heap           ] GC(2556)   region size 1024K, 775 young (793600K), 3 survivors (3072K)
[112.225s][debug][gc,heap           ] GC(2556)  Metaspace       used 10016K, capacity 10304K, committed 10624K, reserved 1058816K
[112.225s][debug][gc,heap           ] GC(2556)   class space    used 1152K, capacity 1266K, committed 1408K, reserved 1048576K
[112.225s][info ][gc,start          ] GC(2556) Pause Young (Normal) (G1 Evacuation Pause)
[112.225s][info ][gc,task           ] GC(2556) Using 8 workers of 8 for evacuation
[112.225s][debug][gc,tlab           ] GC(2556) TLAB totals: thrds: 8  refills: 10 max: 2 slow allocs: 1538 max 216 waste: 47.9% gc: 1235536B max: 238048B slow: 27744B max: 14304B fast: 0B max: 0B
[112.226s][debug][gc,age            ] GC(2556) Desired survivor size 50855936 bytes, new threshold 15 (max threshold 15)
[112.226s][debug][gc,alloc,region   ] GC(2556) Mutator Allocation stats, regions: 772, wasted size: 180M (23.4%)
[112.226s][debug][gc,ergo           ] GC(2556) Running G1 Merge Heap Roots using 8 workers for 775 regions
[112.226s][debug][gc,remset         ] GC(2556) Visited cards 256 Total dirty 2048 (12.50%) Total old 3215360 (0.01%)
[112.226s][debug][gc,ergo           ] GC(2556) Running G1 Clear Card Table Task using 2 workers for 2 units of work for 776 regions.
[112.227s][debug][gc,ref            ] GC(2556) Skipped phase1 of Reference Processing due to unavailable references
[112.227s][debug][gc,ref            ] GC(2556) Skipped phase2 of Reference Processing due to unavailable references
[112.227s][debug][gc,ref            ] GC(2556) Skipped phase3 of Reference Processing due to unavailable references
[112.227s][debug][gc,ref            ] GC(2556) Skipped phase4 of Reference Processing due to unavailable references
[112.227s][debug][gc,ergo           ] GC(2556) Running G1 Free Collection Set using 8 workers for collection set length 775 (1293)
[112.227s][debug][gc,ergo           ] GC(2556) Running G1 Rebuild Free List Task using 8 workers for rebuilding free list of 0 (4096) regions
[112.227s][trace][gc,age            ] GC(2556) Age table with threshold 15 (max threshold 15)
[112.227s][trace][gc,age            ] GC(2556) - age   1:    4002592 bytes,    4002592 total
[112.227s][debug][gc,plab           ] GC(2556) Young PLAB allocation: allocated: 16512B, wasted: 0B, unused: 14064B, used: 2448B, undo waste: 0B, 
[112.227s][debug][gc,plab           ] GC(2556) Young other allocation: region end waste: 977672B, regions filled: 5, direct allocated: 4000144B, failure used: 0B, failure wasted: 0B
[112.227s][debug][gc,plab           ] GC(2556) Young sizing: calculated: 0B, actual: 2064B
[112.227s][debug][gc,plab           ] GC(2556) Old PLAB allocation: allocated: 0B, wasted: 0B, unused: 0B, used: 0B, undo waste: 0B, 
[112.227s][debug][gc,plab           ] GC(2556) Old other allocation: region end waste: 0B, regions filled: 1, direct allocated: 0B, failure used: 0B, failure wasted: 0B
[112.227s][debug][gc,plab           ] GC(2556) Old sizing: calculated: 0B, actual: 2064B
[112.227s][debug][gc,ihop           ] GC(2556) Basic information (value update), threshold: 610113945B (45.00), target occupancy: 1355808768B, current occupancy: 24141592B, recent allocation size: 0B, recent allocation duration: 40.10ms, recent old gen allocation rate: 0.00B/s, recent marking phase length: 30.68ms
[112.227s][debug][gc,ihop           ] GC(2556) Adaptive IHOP information (value update), threshold: 610113945B (47.37), internal target occupancy: 1288018329B, occupancy: 24141592B, additional buffer size: 812646400B, predicted old gen allocation rate: 20.02B/s, predicted marking phase length: 61.36ms, prediction active: false
[112.227s][debug][gc,ergo,refine    ] GC(2556) Concurrent refinement times: Logged Cards Scan time goal: 20.00ms Logged Cards Scan time: 0.00ms HCC time: 0.00ms
[112.227s][debug][gc,ergo,refine    ] GC(2556) Updated Refinement Zones: green: 2048, yellow: 6144, red: 10240
[112.227s][info ][gc,phases         ] GC(2556)   Pre Evacuate Collection Set: 0.1ms
[112.227s][debug][gc,phases         ] GC(2556)     Prepare TLABs: 0.0ms
[112.227s][debug][gc,phases         ] GC(2556)     Choose Collection Set: 0.0ms
[112.227s][debug][gc,phases         ] GC(2556)     Region Register: 0.1ms
[112.227s][debug][gc,phases         ] GC(2556)     Prepare Heap Roots: 0.0ms
[112.227s][info ][gc,phases         ] GC(2556)   Merge Heap Roots: 0.1ms
[112.227s][debug][gc,phases         ] GC(2556)     Prepare Merge Heap Roots: 0.0ms
[112.227s][debug][gc,phases         ] GC(2556)     Eager Reclaim (ms):       skipped
[112.227s][debug][gc,phases         ] GC(2556)     Remembered Sets (ms):     Min:  0.0, Avg:  0.0, Max:  0.0, Diff:  0.0, Sum:  0.3, Workers: 8
[112.227s][debug][gc,phases         ] GC(2556)       Merged Sparse:            Min: 0, Avg:  0.0, Max: 0, Diff: 0, Sum: 0, Workers: 8
[112.227s][debug][gc,phases         ] GC(2556)       Merged Fine:              Min: 0, Avg:  0.0, Max: 0, Diff: 0, Sum: 0, Workers: 8
[112.227s][debug][gc,phases         ] GC(2556)       Merged Coarse:            Min: 0, Avg:  0.0, Max: 0, Diff: 0, Sum: 0, Workers: 8
[112.227s][debug][gc,phases         ] GC(2556)       Dirty Cards:              Min: 0, Avg:  0.0, Max: 0, Diff: 0, Sum: 0, Workers: 8
[112.227s][debug][gc,phases         ] GC(2556)     Hot Card Cache (ms):      Min:  0.0, Avg:  0.0, Max:  0.0, Diff:  0.0, Sum:  0.0, Workers: 8
[112.227s][debug][gc,phases         ] GC(2556)       Dirty Cards:              Min: 0, Avg:  0.0, Max: 0, Diff: 0, Sum: 0, Workers: 8
[112.227s][debug][gc,phases         ] GC(2556)       Skipped Cards:            Min: 0, Avg:  0.0, Max: 0, Diff: 0, Sum: 0, Workers: 8
[112.227s][debug][gc,phases         ] GC(2556)     Log Buffers (ms):         Min:  0.0, Avg:  0.0, Max:  0.0, Diff:  0.0, Sum:  0.0, Workers: 8
[112.227s][debug][gc,phases         ] GC(2556)       Dirty Cards:              Min: 0, Avg:  0.1, Max: 1, Diff: 1, Sum: 1, Workers: 8
[112.227s][debug][gc,phases         ] GC(2556)       Skipped Cards:            Min: 0, Avg:  0.0, Max: 0, Diff: 0, Sum: 0, Workers: 8
[112.227s][info ][gc,phases         ] GC(2556)   Evacuate Collection Set: 0.5ms
[112.227s][debug][gc,phases         ] GC(2556)     Ext Root Scanning (ms):   Min:  0.3, Avg:  0.3, Max:  0.4, Diff:  0.2, Sum:  2.4, Workers: 8
[112.227s][debug][gc,phases         ] GC(2556)     Scan Heap Roots (ms):     Min:  0.0, Avg:  0.0, Max:  0.0, Diff:  0.0, Sum:  0.0, Workers: 8
[112.227s][debug][gc,phases         ] GC(2556)       Scanned Cards:            Min: 0, Avg:  0.1, Max: 1, Diff: 1, Sum: 1, Workers: 8
[112.227s][debug][gc,phases         ] GC(2556)       Scanned Blocks:           Min: 0, Avg:  0.1, Max: 1, Diff: 1, Sum: 1, Workers: 8
[112.227s][debug][gc,phases         ] GC(2556)       Claimed Chunks:           Min: 0, Avg:  0.1, Max: 1, Diff: 1, Sum: 1, Workers: 8
[112.227s][debug][gc,phases         ] GC(2556)     Code Root Scan (ms):      Min:  0.0, Avg:  0.0, Max:  0.0, Diff:  0.0, Sum:  0.2, Workers: 8
[112.227s][debug][gc,phases         ] GC(2556)     Object Copy (ms):         Min:  0.0, Avg:  0.0, Max:  0.0, Diff:  0.0, Sum:  0.0, Workers: 8
[112.227s][debug][gc,phases         ] GC(2556)     Termination (ms):         Min:  0.0, Avg:  0.1, Max:  0.1, Diff:  0.1, Sum:  0.9, Workers: 8
[112.227s][debug][gc,phases         ] GC(2556)       Termination Attempts:     Min: 1, Avg:  1.1, Max: 2, Diff: 1, Sum: 9, Workers: 8
[112.227s][debug][gc,phases         ] GC(2556)     GC Worker Other (ms):     Min:  0.0, Avg:  0.1, Max:  0.1, Diff:  0.1, Sum:  0.4, Workers: 8
[112.227s][debug][gc,phases         ] GC(2556)     GC Worker Total (ms):     Min:  0.5, Avg:  0.5, Max:  0.5, Diff:  0.0, Sum:  4.0, Workers: 8
[112.227s][info ][gc,phases         ] GC(2556)   Post Evacuate Collection Set: 0.6ms
[112.227s][debug][gc,phases         ] GC(2556)     Code Roots Fixup: 0.0ms
[112.227s][debug][gc,phases         ] GC(2556)     Clear Card Table: 0.2ms
[112.227s][debug][gc,phases         ] GC(2556)     Reference Processing: 0.0ms
[112.227s][debug][gc,phases,ref     ] GC(2556)       Reconsider SoftReferences: 0.0ms
[112.227s][debug][gc,phases,ref     ] GC(2556)         SoftRef (ms):             skipped
[112.227s][debug][gc,phases,ref     ] GC(2556)       Notify Soft/WeakReferences: 0.0ms
[112.227s][debug][gc,phases,ref     ] GC(2556)         SoftRef (ms):             skipped
[112.227s][debug][gc,phases,ref     ] GC(2556)         WeakRef (ms):             skipped
[112.227s][debug][gc,phases,ref     ] GC(2556)         FinalRef (ms):            skipped
[112.227s][debug][gc,phases,ref     ] GC(2556)         Total (ms):               skipped
[112.227s][debug][gc,phases,ref     ] GC(2556)       Notify and keep alive finalizable: 0.0ms
[112.227s][debug][gc,phases,ref     ] GC(2556)         FinalRef (ms):            skipped
[112.227s][debug][gc,phases,ref     ] GC(2556)       Notify PhantomReferences: 0.0ms
[112.228s][debug][gc,phases,ref     ] GC(2556)         PhantomRef (ms):          skipped
[112.228s][debug][gc,phases,ref     ] GC(2556)       SoftReference:
[112.228s][debug][gc,phases,ref     ] GC(2556)         Discovered: 0
[112.228s][debug][gc,phases,ref     ] GC(2556)         Cleared: 0
[112.228s][debug][gc,phases,ref     ] GC(2556)       WeakReference:
[112.228s][debug][gc,phases,ref     ] GC(2556)         Discovered: 0
[112.228s][debug][gc,phases,ref     ] GC(2556)         Cleared: 0
[112.228s][debug][gc,phases,ref     ] GC(2556)       FinalReference:
[112.228s][debug][gc,phases,ref     ] GC(2556)         Discovered: 0
[112.228s][debug][gc,phases,ref     ] GC(2556)         Cleared: 0
[112.228s][debug][gc,phases,ref     ] GC(2556)       PhantomReference:
[112.228s][debug][gc,phases,ref     ] GC(2556)         Discovered: 0
[112.228s][debug][gc,phases,ref     ] GC(2556)         Cleared: 0
[112.228s][debug][gc,phases         ] GC(2556)     Weak Processing: 0.0ms
[112.228s][debug][gc,phases         ] GC(2556)       JVMTI weak processing: 0.0ms
[112.228s][debug][gc,phases         ] GC(2556)         Dead: 0
[112.228s][debug][gc,phases         ] GC(2556)         Total: 0
[112.228s][debug][gc,phases         ] GC(2556)       JFR weak processing: 0.0ms
[112.228s][debug][gc,phases         ] GC(2556)         Dead: 0
[112.228s][debug][gc,phases         ] GC(2556)         Total: 0
[112.228s][debug][gc,phases         ] GC(2556)       JNI weak                  Min:  0.0, Avg:  0.0, Max:  0.0, Diff:  0.0, Sum:  0.0, Workers: 5
[112.228s][debug][gc,phases         ] GC(2556)         Dead                      Min: 0, Avg:  0.0, Max: 0, Diff: 0, Sum: 0, Workers: 5
[112.228s][debug][gc,phases         ] GC(2556)         Total                     Min: 0, Avg: 20.4, Max: 102, Diff: 102, Sum: 102, Workers: 5
[112.228s][debug][gc,phases         ] GC(2556)       VM weak                   Min:  0.0, Avg:  0.0, Max:  0.0, Diff:  0.0, Sum:  0.0, Workers: 5
[112.228s][debug][gc,phases         ] GC(2556)         Dead                      Min: 0, Avg:  0.0, Max: 0, Diff: 0, Sum: 0, Workers: 5
[112.228s][debug][gc,phases         ] GC(2556)         Total                     Min: 0, Avg: 42.4, Max: 128, Diff: 128, Sum: 212, Workers: 5
[112.228s][debug][gc,phases         ] GC(2556)       StringTable weak          Min:  0.0, Avg:  0.0, Max:  0.0, Diff:  0.0, Sum:  0.1, Workers: 5
[112.228s][debug][gc,phases         ] GC(2556)         Dead                      Min: 0, Avg:  0.0, Max: 0, Diff: 0, Sum: 0, Workers: 5
[112.228s][debug][gc,phases         ] GC(2556)         Total                     Min: 0, Avg: 684.6, Max: 1024, Diff: 1024, Sum: 3423, Workers: 5
[112.228s][debug][gc,phases         ] GC(2556)       ResolvedMethodTable weak  Min:  0.0, Avg:  0.0, Max:  0.0, Diff:  0.0, Sum:  0.0, Workers: 5
[112.228s][debug][gc,phases         ] GC(2556)         Dead                      Min: 0, Avg:  0.0, Max: 0, Diff: 0, Sum: 0, Workers: 5
[112.228s][debug][gc,phases         ] GC(2556)         Total                     Min: 64, Avg: 114.6, Max: 128, Diff: 64, Sum: 573, Workers: 5
[112.228s][debug][gc,phases         ] GC(2556)     Merge Per-Thread State: 0.0ms
[112.228s][debug][gc,phases         ] GC(2556)       Copied Bytes              Min: 400088, Avg: 500324.0, Max: 800480, Diff: 400392, Sum: 4002592, Workers: 8
[112.228s][debug][gc,phases         ] GC(2556)       LAB Waste                 Min: 0, Avg:  0.0, Max: 0, Diff: 0, Sum: 0, Workers: 8
[112.228s][debug][gc,phases         ] GC(2556)       LAB Undo Waste            Min: 0, Avg:  0.0, Max: 0, Diff: 0, Sum: 0, Workers: 8
[112.228s][debug][gc,phases         ] GC(2556)     Code Roots Purge: 0.0ms
[112.228s][debug][gc,phases         ] GC(2556)     Redirty Cards: 0.0ms
[112.228s][debug][gc,phases         ] GC(2556)     DerivedPointerTable Update: 0.0ms
[112.228s][debug][gc,phases         ] GC(2556)     Free Collection Set: 0.2ms
[112.228s][debug][gc,phases         ] GC(2556)     Rebuild Free List: 0.1ms
[112.228s][debug][gc,phases         ] GC(2556)     Humongous Reclaim: 0.0ms
[112.228s][debug][gc,phases         ] GC(2556)     Start New Collection Set: 0.0ms
[112.228s][debug][gc,phases         ] GC(2556)     Resize TLABs: 0.0ms
[112.228s][debug][gc,phases         ] GC(2556)     Expand Heap After Collection: 0.0ms
[112.228s][info ][gc,phases         ] GC(2556)   Other: 0.4ms
[112.228s][info ][gc,heap           ] GC(2556) Eden regions: 772->0(770)
[112.228s][info ][gc,heap           ] GC(2556) Survivor regions: 3->5(97)
[112.228s][info ][gc,heap           ] GC(2556) Old regions: 18->18
[112.228s][info ][gc,heap           ] GC(2556) Archive regions: 2->2
[112.228s][info ][gc,heap           ] GC(2556) Humongous regions: 0->0
[112.228s][info ][gc,metaspace      ] GC(2556) Metaspace: 10016K(10624K)->10016K(10624K) NonClass: 8864K(9216K)->8864K(9216K) Class: 1152K(1408K)->1152K(1408K)
[112.228s][debug][gc,heap           ] GC(2556) Heap after GC invocations=2557 (full 1): garbage-first heap   total 1324032K, used 23575K [0x0000000700000000, 0x0000000800000000)
[112.228s][debug][gc,heap           ] GC(2556)   region size 1024K, 5 young (5120K), 5 survivors (5120K)
[112.228s][debug][gc,heap           ] GC(2556)  Metaspace       used 10016K, capacity 10304K, committed 10624K, reserved 1058816K
[112.228s][debug][gc,heap           ] GC(2556)   class space    used 1152K, capacity 1266K, committed 1408K, reserved 1048576K
[112.228s][info ][gc                ] GC(2556) Pause Young (Normal) (G1 Evacuation Pause) 792M->23M(1293M) 2.483ms
[112.228s][info ][gc,cpu            ] GC(2556) User=0.01s Sys=0.00s Real=0.00s
[112.228s][info ][safepoint         ] Safepoint "G1CollectForAllocation", Time since last: 38924857 ns, Reaching safepoint: 219964 ns, At safepoint: 2833143 ns, Total: 3053107 ns
[112.266s][debug][gc,heap           ] GC(2557) Heap before GC invocations=2557 (full 1): garbage-first heap   total 1324032K, used 811031K [0x0000000700000000, 0x0000000800000000)
[112.266s][debug][gc,heap           ] GC(2557)   region size 1024K, 775 young (793600K), 5 survivors (5120K)
[112.266s][debug][gc,heap           ] GC(2557)  Metaspace       used 10016K, capacity 10304K, committed 10624K, reserved 1058816K
[112.266s][debug][gc,heap           ] GC(2557)   class space    used 1152K, capacity 1266K, committed 1408K, reserved 1048576K
[112.266s][info ][gc,start          ] GC(2557) Pause Young (Normal) (G1 Evacuation Pause)
[112.266s][info ][gc,task           ] GC(2557) Using 8 workers of 8 for evacuation
[112.266s][debug][gc,tlab           ] GC(2557) TLAB totals: thrds: 8  refills: 17 max: 3 slow allocs: 1532 max 202 waste: 23.3% gc: 1069552B max: 231728B slow: 74776B max: 15096B fast: 0B max: 0B
[112.266s][debug][gc,age            ] GC(2557) Desired survivor size 50855936 bytes, new threshold 15 (max threshold 15)
[112.266s][debug][gc,alloc,region   ] GC(2557) Mutator Allocation stats, regions: 770, wasted size: 180M (23.4%)
[112.267s][debug][gc,ergo           ] GC(2557) Running G1 Merge Heap Roots using 8 workers for 775 regions
[112.267s][debug][gc,remset         ] GC(2557) Visited cards 256 Total dirty 2048 (12.50%) Total old 3215360 (0.01%)
[112.267s][debug][gc,ergo           ] GC(2557) Running G1 Clear Card Table Task using 2 workers for 2 units of work for 776 regions.
[112.268s][debug][gc,ref            ] GC(2557) Skipped phase1 of Reference Processing due to unavailable references
[112.268s][debug][gc,ref            ] GC(2557) Skipped phase2 of Reference Processing due to unavailable references
[112.268s][debug][gc,ref            ] GC(2557) Skipped phase3 of Reference Processing due to unavailable references
[112.268s][debug][gc,ref            ] GC(2557) Skipped phase4 of Reference Processing due to unavailable references
[112.268s][debug][gc,ergo           ] GC(2557) Running G1 Free Collection Set using 8 workers for collection set length 775 (1293)
[112.268s][debug][gc,ergo           ] GC(2557) Running G1 Rebuild Free List Task using 8 workers for rebuilding free list of 0 (4096) regions
[112.268s][trace][gc,age            ] GC(2557) Age table with threshold 15 (max threshold 15)
[112.268s][trace][gc,age            ] GC(2557) - age   1:    3202560 bytes,    3202560 total
[112.268s][debug][gc,plab           ] GC(2557) Young PLAB allocation: allocated: 16512B, wasted: 0B, unused: 14064B, used: 2448B, undo waste: 0B, 
[112.268s][debug][gc,plab           ] GC(2557) Young other allocation: region end waste: 733256B, regions filled: 4, direct allocated: 3200112B, failure used: 0B, failure wasted: 0B
[112.268s][debug][gc,plab           ] GC(2557) Young sizing: calculated: 0B, actual: 2064B
[112.268s][debug][gc,plab           ] GC(2557) Old PLAB allocation: allocated: 0B, wasted: 0B, unused: 0B, used: 0B, undo waste: 0B, 
[112.268s][debug][gc,plab           ] GC(2557) Old other allocation: region end waste: 0B, regions filled: 1, direct allocated: 0B, failure used: 0B, failure wasted: 0B
[112.268s][debug][gc,plab           ] GC(2557) Old sizing: calculated: 0B, actual: 2064B
[112.268s][debug][gc,ihop           ] GC(2557) Basic information (value update), threshold: 610113945B (45.00), target occupancy: 1355808768B, current occupancy: 23097144B, recent allocation size: 0B, recent allocation duration: 39.36ms, recent old gen allocation rate: 0.00B/s, recent marking phase length: 30.68ms
[112.268s][debug][gc,ihop           ] GC(2557) Adaptive IHOP information (value update), threshold: 610113945B (47.37), internal target occupancy: 1288018329B, occupancy: 23097144B, additional buffer size: 812646400B, predicted old gen allocation rate: 19.52B/s, predicted marking phase length: 61.36ms, prediction active: false
[112.268s][debug][gc,ergo,refine    ] GC(2557) Concurrent refinement times: Logged Cards Scan time goal: 20.00ms Logged Cards Scan time: 0.00ms HCC time: 0.00ms
[112.268s][debug][gc,ergo,refine    ] GC(2557) Updated Refinement Zones: green: 2048, yellow: 6144, red: 10240
[112.268s][info ][gc,phases         ] GC(2557)   Pre Evacuate Collection Set: 0.3ms
[112.268s][debug][gc,phases         ] GC(2557)     Prepare TLABs: 0.0ms
[112.268s][debug][gc,phases         ] GC(2557)     Choose Collection Set: 0.0ms
[112.268s][debug][gc,phases         ] GC(2557)     Region Register: 0.2ms
[112.268s][debug][gc,phases         ] GC(2557)     Prepare Heap Roots: 0.0ms
[112.268s][info ][gc,phases         ] GC(2557)   Merge Heap Roots: 0.1ms
[112.268s][debug][gc,phases         ] GC(2557)     Prepare Merge Heap Roots: 0.0ms
[112.268s][debug][gc,phases         ] GC(2557)     Eager Reclaim (ms):       skipped
[112.268s][debug][gc,phases         ] GC(2557)     Remembered Sets (ms):     Min:  0.0, Avg:  0.0, Max:  0.0, Diff:  0.0, Sum:  0.3, Workers: 8
[112.268s][debug][gc,phases         ] GC(2557)       Merged Sparse:            Min: 0, Avg:  0.0, Max: 0, Diff: 0, Sum: 0, Workers: 8
[112.268s][debug][gc,phases         ] GC(2557)       Merged Fine:              Min: 0, Avg:  0.0, Max: 0, Diff: 0, Sum: 0, Workers: 8
[112.268s][debug][gc,phases         ] GC(2557)       Merged Coarse:            Min: 0, Avg:  0.0, Max: 0, Diff: 0, Sum: 0, Workers: 8
[112.268s][debug][gc,phases         ] GC(2557)       Dirty Cards:              Min: 0, Avg:  0.0, Max: 0, Diff: 0, Sum: 0, Workers: 8
[112.268s][debug][gc,phases         ] GC(2557)     Hot Card Cache (ms):      Min:  0.0, Avg:  0.0, Max:  0.0, Diff:  0.0, Sum:  0.0, Workers: 8
[112.268s][debug][gc,phases         ] GC(2557)       Dirty Cards:              Min: 0, Avg:  0.0, Max: 0, Diff: 0, Sum: 0, Workers: 8
[112.268s][debug][gc,phases         ] GC(2557)       Skipped Cards:            Min: 0, Avg:  0.0, Max: 0, Diff: 0, Sum: 0, Workers: 8
[112.269s][debug][gc,phases         ] GC(2557)     Log Buffers (ms):         Min:  0.0, Avg:  0.0, Max:  0.0, Diff:  0.0, Sum:  0.0, Workers: 8
[112.269s][debug][gc,phases         ] GC(2557)       Dirty Cards:              Min: 0, Avg:  0.1, Max: 1, Diff: 1, Sum: 1, Workers: 8
[112.269s][debug][gc,phases         ] GC(2557)       Skipped Cards:            Min: 0, Avg:  0.0, Max: 0, Diff: 0, Sum: 0, Workers: 8
[112.269s][info ][gc,phases         ] GC(2557)   Evacuate Collection Set: 0.5ms
[112.269s][debug][gc,phases         ] GC(2557)     Ext Root Scanning (ms):   Min:  0.1, Avg:  0.2, Max:  0.4, Diff:  0.3, Sum:  1.5, Workers: 8
[112.269s][debug][gc,phases         ] GC(2557)     Scan Heap Roots (ms):     Min:  0.0, Avg:  0.0, Max:  0.0, Diff:  0.0, Sum:  0.0, Workers: 8
[112.269s][debug][gc,phases         ] GC(2557)       Scanned Cards:            Min: 0, Avg:  0.1, Max: 1, Diff: 1, Sum: 1, Workers: 8
[112.269s][debug][gc,phases         ] GC(2557)       Scanned Blocks:           Min: 0, Avg:  0.1, Max: 1, Diff: 1, Sum: 1, Workers: 8
[112.269s][debug][gc,phases         ] GC(2557)       Claimed Chunks:           Min: 0, Avg:  0.1, Max: 1, Diff: 1, Sum: 1, Workers: 8
[112.269s][debug][gc,phases         ] GC(2557)     Code Root Scan (ms):      Min:  0.0, Avg:  0.0, Max:  0.0, Diff:  0.0, Sum:  0.1, Workers: 8
[112.269s][debug][gc,phases         ] GC(2557)     Object Copy (ms):         Min:  0.0, Avg:  0.0, Max:  0.0, Diff:  0.0, Sum:  0.0, Workers: 8
[112.269s][debug][gc,phases         ] GC(2557)     Termination (ms):         Min:  0.0, Avg:  0.2, Max:  0.2, Diff:  0.2, Sum:  1.3, Workers: 8
[112.269s][debug][gc,phases         ] GC(2557)       Termination Attempts:     Min: 1, Avg:  1.2, Max: 3, Diff: 2, Sum: 10, Workers: 8
[112.269s][debug][gc,phases         ] GC(2557)     GC Worker Other (ms):     Min:  0.0, Avg:  0.0, Max:  0.1, Diff:  0.1, Sum:  0.4, Workers: 8
[112.269s][debug][gc,phases         ] GC(2557)     GC Worker Total (ms):     Min:  0.4, Avg:  0.4, Max:  0.4, Diff:  0.0, Sum:  3.4, Workers: 8
[112.269s][info ][gc,phases         ] GC(2557)   Post Evacuate Collection Set: 0.7ms
[112.269s][debug][gc,phases         ] GC(2557)     Code Roots Fixup: 0.0ms
[112.269s][debug][gc,phases         ] GC(2557)     Clear Card Table: 0.2ms
[112.269s][debug][gc,phases         ] GC(2557)     Reference Processing: 0.1ms
[112.269s][debug][gc,phases,ref     ] GC(2557)       Reconsider SoftReferences: 0.0ms
[112.269s][debug][gc,phases,ref     ] GC(2557)         SoftRef (ms):             skipped
[112.269s][debug][gc,phases,ref     ] GC(2557)       Notify Soft/WeakReferences: 0.0ms
[112.269s][debug][gc,phases,ref     ] GC(2557)         SoftRef (ms):             skipped
[112.269s][debug][gc,phases,ref     ] GC(2557)         WeakRef (ms):             skipped
[112.269s][debug][gc,phases,ref     ] GC(2557)         FinalRef (ms):            skipped
[112.269s][debug][gc,phases,ref     ] GC(2557)         Total (ms):               skipped
[112.269s][debug][gc,phases,ref     ] GC(2557)       Notify and keep alive finalizable: 0.0ms
[112.269s][debug][gc,phases,ref     ] GC(2557)         FinalRef (ms):            skipped
[112.269s][debug][gc,phases,ref     ] GC(2557)       Notify PhantomReferences: 0.0ms
[112.269s][debug][gc,phases,ref     ] GC(2557)         PhantomRef (ms):          skipped
[112.269s][debug][gc,phases,ref     ] GC(2557)       SoftReference:
[112.269s][debug][gc,phases,ref     ] GC(2557)         Discovered: 0
[112.269s][debug][gc,phases,ref     ] GC(2557)         Cleared: 0
[112.269s][debug][gc,phases,ref     ] GC(2557)       WeakReference:
[112.269s][debug][gc,phases,ref     ] GC(2557)         Discovered: 0
[112.269s][debug][gc,phases,ref     ] GC(2557)         Cleared: 0
[112.269s][debug][gc,phases,ref     ] GC(2557)       FinalReference:
[112.269s][debug][gc,phases,ref     ] GC(2557)         Discovered: 0
[112.269s][debug][gc,phases,ref     ] GC(2557)         Cleared: 0
[112.269s][debug][gc,phases,ref     ] GC(2557)       PhantomReference:
[112.269s][debug][gc,phases,ref     ] GC(2557)         Discovered: 0
[112.269s][debug][gc,phases,ref     ] GC(2557)         Cleared: 0
[112.269s][debug][gc,phases         ] GC(2557)     Weak Processing: 0.1ms
[112.269s][debug][gc,phases         ] GC(2557)       JVMTI weak processing: 0.0ms
[112.269s][debug][gc,phases         ] GC(2557)         Dead: 0
[112.269s][debug][gc,phases         ] GC(2557)         Total: 0
[112.269s][debug][gc,phases         ] GC(2557)       JFR weak processing: 0.0ms
[112.269s][debug][gc,phases         ] GC(2557)         Dead: 0
[112.269s][debug][gc,phases         ] GC(2557)         Total: 0
[112.269s][debug][gc,phases         ] GC(2557)       JNI weak                  Min:  0.0, Avg:  0.0, Max:  0.0, Diff:  0.0, Sum:  0.0, Workers: 5
[112.269s][debug][gc,phases         ] GC(2557)         Dead                      Min: 0, Avg:  0.0, Max: 0, Diff: 0, Sum: 0, Workers: 5
[112.269s][debug][gc,phases         ] GC(2557)         Total                     Min: 0, Avg: 20.4, Max: 62, Diff: 62, Sum: 102, Workers: 5
[112.269s][debug][gc,phases         ] GC(2557)       VM weak                   Min:  0.0, Avg:  0.0, Max:  0.0, Diff:  0.0, Sum:  0.0, Workers: 5
[112.269s][debug][gc,phases         ] GC(2557)         Dead                      Min: 0, Avg:  0.0, Max: 0, Diff: 0, Sum: 0, Workers: 5
[112.269s][debug][gc,phases         ] GC(2557)         Total                     Min: 0, Avg: 42.4, Max: 64, Diff: 64, Sum: 212, Workers: 5
[112.269s][debug][gc,phases         ] GC(2557)       StringTable weak          Min:  0.0, Avg:  0.0, Max:  0.0, Diff:  0.0, Sum:  0.1, Workers: 5
[112.269s][debug][gc,phases         ] GC(2557)         Dead                      Min: 0, Avg:  0.0, Max: 0, Diff: 0, Sum: 0, Workers: 5
[112.269s][debug][gc,phases         ] GC(2557)         Total                     Min: 640, Avg: 684.6, Max: 736, Diff: 96, Sum: 3423, Workers: 5
[112.269s][debug][gc,phases         ] GC(2557)       ResolvedMethodTable weak  Min:  0.0, Avg:  0.0, Max:  0.0, Diff:  0.0, Sum:  0.0, Workers: 5
[112.269s][debug][gc,phases         ] GC(2557)         Dead                      Min: 0, Avg:  0.0, Max: 0, Diff: 0, Sum: 0, Workers: 5
[112.269s][debug][gc,phases         ] GC(2557)         Total                     Min: 61, Avg: 114.6, Max: 128, Diff: 67, Sum: 573, Workers: 5
[112.269s][debug][gc,phases         ] GC(2557)     Merge Per-Thread State: 0.0ms
[112.269s][debug][gc,phases         ] GC(2557)       Copied Bytes              Min: 680, Avg: 400320.0, Max: 800096, Diff: 799416, Sum: 3202560, Workers: 8
[112.269s][debug][gc,phases         ] GC(2557)       LAB Waste                 Min: 0, Avg:  0.0, Max: 0, Diff: 0, Sum: 0, Workers: 8
[112.269s][debug][gc,phases         ] GC(2557)       LAB Undo Waste            Min: 0, Avg:  0.0, Max: 0, Diff: 0, Sum: 0, Workers: 8
[112.269s][debug][gc,phases         ] GC(2557)     Code Roots Purge: 0.0ms
[112.269s][debug][gc,phases         ] GC(2557)     Redirty Cards: 0.0ms
[112.269s][debug][gc,phases         ] GC(2557)     DerivedPointerTable Update: 0.0ms
[112.269s][debug][gc,phases         ] GC(2557)     Free Collection Set: 0.2ms
[112.269s][debug][gc,phases         ] GC(2557)     Rebuild Free List: 0.0ms
[112.269s][debug][gc,phases         ] GC(2557)     Humongous Reclaim: 0.0ms
[112.269s][debug][gc,phases         ] GC(2557)     Start New Collection Set: 0.0ms
[112.269s][debug][gc,phases         ] GC(2557)     Resize TLABs: 0.0ms
[112.269s][debug][gc,phases         ] GC(2557)     Expand Heap After Collection: 0.0ms
[112.269s][info ][gc,phases         ] GC(2557)   Other: 0.5ms
[112.269s][info ][gc,heap           ] GC(2557) Eden regions: 770->0(771)
[112.269s][info ][gc,heap           ] GC(2557) Survivor regions: 5->4(97)
[112.269s][info ][gc,heap           ] GC(2557) Old regions: 18->18
[112.269s][info ][gc,heap           ] GC(2557) Archive regions: 2->2
[112.269s][info ][gc,heap           ] GC(2557) Humongous regions: 0->0
[112.269s][info ][gc,metaspace      ] GC(2557) Metaspace: 10016K(10624K)->10016K(10624K) NonClass: 8864K(9216K)->8864K(9216K) Class: 1152K(1408K)->1152K(1408K)
[112.269s][debug][gc,heap           ] GC(2557) Heap after GC invocations=2558 (full 1): garbage-first heap   total 1324032K, used 22555K [0x0000000700000000, 0x0000000800000000)
[112.269s][debug][gc,heap           ] GC(2557)   region size 1024K, 4 young (4096K), 4 survivors (4096K)
[112.269s][debug][gc,heap           ] GC(2557)  Metaspace       used 10016K, capacity 10304K, committed 10624K, reserved 1058816K
[112.269s][debug][gc,heap           ] GC(2557)   class space    used 1152K, capacity 1266K, committed 1408K, reserved 1048576K
[112.269s][info ][gc                ] GC(2557) Pause Young (Normal) (G1 Evacuation Pause) 792M->22M(1293M) 3.097ms
[112.270s][info ][gc,cpu            ] GC(2557) User=0.01s Sys=0.00s Real=0.00s
[112.270s][info ][safepoint         ] Safepoint "G1CollectForAllocation", Time since last: 37946505 ns, Reaching safepoint: 191778 ns, At safepoint: 3390262 ns, Total: 3582040 ns
[112.308s][debug][gc,heap           ] GC(2558) Heap before GC invocations=2558 (full 1): garbage-first heap   total 1324032K, used 811035K [0x0000000700000000, 0x0000000800000000)
[112.308s][debug][gc,heap           ] GC(2558)   region size 1024K, 775 young (793600K), 4 survivors (4096K)
[112.308s][debug][gc,heap           ] GC(2558)  Metaspace       used 10016K, capacity 10304K, committed 10624K, reserved 1058816K
[112.308s][debug][gc,heap           ] GC(2558)   class space    used 1152K, capacity 1266K, committed 1408K, reserved 1048576K
[112.308s][info ][gc,start          ] GC(2558) Pause Young (Normal) (G1 Evacuation Pause)
[112.308s][info ][gc,task           ] GC(2558) Using 8 workers of 8 for evacuation
[112.308s][debug][gc,tlab           ] GC(2558) TLAB totals: thrds: 8  refills: 15 max: 3 slow allocs: 1534 max 208 waste: 37.0% gc: 1441640B max: 240976B slow: 71456B max: 15096B fast: 0B max: 0B
[112.308s][debug][gc,age            ] GC(2558) Desired survivor size 50855936 bytes, new threshold 15 (max threshold 15)
[112.308s][debug][gc,alloc,region   ] GC(2558) Mutator Allocation stats, regions: 771, wasted size: 180M (23.4%)
[112.308s][debug][gc,ergo           ] GC(2558) Running G1 Merge Heap Roots using 8 workers for 775 regions
[112.308s][debug][gc,remset         ] GC(2558) Visited cards 512 Total dirty 4096 (12.50%) Total old 3215360 (0.02%)
[112.309s][debug][gc,ergo           ] GC(2558) Running G1 Clear Card Table Task using 2 workers for 2 units of work for 777 regions.
[112.309s][debug][gc,ref            ] GC(2558) Skipped phase1 of Reference Processing due to unavailable references
[112.309s][debug][gc,ref            ] GC(2558) Skipped phase2 of Reference Processing due to unavailable references
[112.309s][debug][gc,ref            ] GC(2558) Skipped phase3 of Reference Processing due to unavailable references
[112.309s][debug][gc,ref            ] GC(2558) Skipped phase4 of Reference Processing due to unavailable references
[112.309s][debug][gc,ergo           ] GC(2558) Running G1 Free Collection Set using 8 workers for collection set length 775 (1293)
[112.309s][debug][gc,ergo           ] GC(2558) Running G1 Rebuild Free List Task using 8 workers for rebuilding free list of 0 (4096) regions
[112.309s][trace][gc,age            ] GC(2558) Age table with threshold 15 (max threshold 15)
[112.310s][trace][gc,age            ] GC(2558) - age   1:    4002592 bytes,    4002592 total
[112.310s][debug][gc,plab           ] GC(2558) Young PLAB allocation: allocated: 16512B, wasted: 0B, unused: 14064B, used: 2448B, undo waste: 0B, 
[112.310s][debug][gc,plab           ] GC(2558) Young other allocation: region end waste: 981792B, regions filled: 5, direct allocated: 4000144B, failure used: 0B, failure wasted: 0B
[112.310s][debug][gc,plab           ] GC(2558) Young sizing: calculated: 0B, actual: 2064B
[112.310s][debug][gc,plab           ] GC(2558) Old PLAB allocation: allocated: 0B, wasted: 0B, unused: 0B, used: 0B, undo waste: 0B, 
[112.310s][debug][gc,plab           ] GC(2558) Old other allocation: region end waste: 0B, regions filled: 1, direct allocated: 0B, failure used: 0B, failure wasted: 0B
[112.310s][debug][gc,plab           ] GC(2558) Old sizing: calculated: 0B, actual: 2064B
[112.310s][debug][gc,ihop           ] GC(2558) Basic information (value update), threshold: 610113945B (45.00), target occupancy: 1355808768B, current occupancy: 24145712B, recent allocation size: 0B, recent allocation duration: 39.92ms, recent old gen allocation rate: 0.00B/s, recent marking phase length: 30.68ms
[112.310s][debug][gc,ihop           ] GC(2558) Adaptive IHOP information (value update), threshold: 610113945B (47.37), internal target occupancy: 1288018329B, occupancy: 24145712B, additional buffer size: 812646400B, predicted old gen allocation rate: 19.02B/s, predicted marking phase length: 61.36ms, prediction active: false
[112.310s][debug][gc,ergo,refine    ] GC(2558) Concurrent refinement times: Logged Cards Scan time goal: 20.00ms Logged Cards Scan time: 0.00ms HCC time: 0.00ms
[112.310s][debug][gc,ergo,refine    ] GC(2558) Updated Refinement Zones: green: 2048, yellow: 6144, red: 10240
[112.310s][info ][gc,phases         ] GC(2558)   Pre Evacuate Collection Set: 0.1ms
[112.310s][debug][gc,phases         ] GC(2558)     Prepare TLABs: 0.0ms
[112.310s][debug][gc,phases         ] GC(2558)     Choose Collection Set: 0.0ms
[112.310s][debug][gc,phases         ] GC(2558)     Region Register: 0.1ms
[112.310s][debug][gc,phases         ] GC(2558)     Prepare Heap Roots: 0.0ms
[112.310s][info ][gc,phases         ] GC(2558)   Merge Heap Roots: 0.1ms
[112.310s][debug][gc,phases         ] GC(2558)     Prepare Merge Heap Roots: 0.0ms
[112.310s][debug][gc,phases         ] GC(2558)     Eager Reclaim (ms):       skipped
[112.310s][debug][gc,phases         ] GC(2558)     Remembered Sets (ms):     Min:  0.0, Avg:  0.0, Max:  0.0, Diff:  0.0, Sum:  0.2, Workers: 8
[112.310s][debug][gc,phases         ] GC(2558)       Merged Sparse:            Min: 0, Avg:  0.0, Max: 0, Diff: 0, Sum: 0, Workers: 8
[112.310s][debug][gc,phases         ] GC(2558)       Merged Fine:              Min: 0, Avg:  0.0, Max: 0, Diff: 0, Sum: 0, Workers: 8
[112.310s][debug][gc,phases         ] GC(2558)       Merged Coarse:            Min: 0, Avg:  0.0, Max: 0, Diff: 0, Sum: 0, Workers: 8
[112.310s][debug][gc,phases         ] GC(2558)       Dirty Cards:              Min: 0, Avg:  0.0, Max: 0, Diff: 0, Sum: 0, Workers: 8
[112.310s][debug][gc,phases         ] GC(2558)     Hot Card Cache (ms):      Min:  0.0, Avg:  0.0, Max:  0.0, Diff:  0.0, Sum:  0.0, Workers: 8
[112.310s][debug][gc,phases         ] GC(2558)       Dirty Cards:              Min: 0, Avg:  0.0, Max: 0, Diff: 0, Sum: 0, Workers: 8
[112.310s][debug][gc,phases         ] GC(2558)       Skipped Cards:            Min: 0, Avg:  0.0, Max: 0, Diff: 0, Sum: 0, Workers: 8
[112.310s][debug][gc,phases         ] GC(2558)     Log Buffers (ms):         Min:  0.0, Avg:  0.0, Max:  0.0, Diff:  0.0, Sum:  0.0, Workers: 8
[112.310s][debug][gc,phases         ] GC(2558)       Dirty Cards:              Min: 0, Avg:  0.2, Max: 1, Diff: 1, Sum: 2, Workers: 8
[112.310s][debug][gc,phases         ] GC(2558)       Skipped Cards:            Min: 0, Avg:  0.0, Max: 0, Diff: 0, Sum: 0, Workers: 8
[112.310s][info ][gc,phases         ] GC(2558)   Evacuate Collection Set: 0.5ms
[112.310s][debug][gc,phases         ] GC(2558)     Ext Root Scanning (ms):   Min:  0.3, Avg:  0.3, Max:  0.4, Diff:  0.1, Sum:  2.4, Workers: 8
[112.310s][debug][gc,phases         ] GC(2558)     Scan Heap Roots (ms):     Min:  0.0, Avg:  0.0, Max:  0.0, Diff:  0.0, Sum:  0.0, Workers: 8
[112.310s][debug][gc,phases         ] GC(2558)       Scanned Cards:            Min: 0, Avg:  0.2, Max: 2, Diff: 2, Sum: 2, Workers: 8
[112.310s][debug][gc,phases         ] GC(2558)       Scanned Blocks:           Min: 0, Avg:  0.2, Max: 2, Diff: 2, Sum: 2, Workers: 8
[112.310s][debug][gc,phases         ] GC(2558)       Claimed Chunks:           Min: 0, Avg:  0.2, Max: 2, Diff: 2, Sum: 2, Workers: 8
[112.310s][debug][gc,phases         ] GC(2558)     Code Root Scan (ms):      Min:  0.0, Avg:  0.0, Max:  0.0, Diff:  0.0, Sum:  0.1, Workers: 8
[112.310s][debug][gc,phases         ] GC(2558)     Object Copy (ms):         Min:  0.0, Avg:  0.0, Max:  0.0, Diff:  0.0, Sum:  0.0, Workers: 8
[112.310s][debug][gc,phases         ] GC(2558)     Termination (ms):         Min:  0.0, Avg:  0.1, Max:  0.1, Diff:  0.0, Sum:  0.5, Workers: 8
[112.310s][debug][gc,phases         ] GC(2558)       Termination Attempts:     Min: 1, Avg:  1.0, Max: 1, Diff: 0, Sum: 8, Workers: 8
[112.310s][debug][gc,phases         ] GC(2558)     GC Worker Other (ms):     Min:  0.0, Avg:  0.0, Max:  0.1, Diff:  0.1, Sum:  0.4, Workers: 8
[112.310s][debug][gc,phases         ] GC(2558)     GC Worker Total (ms):     Min:  0.4, Avg:  0.4, Max:  0.4, Diff:  0.1, Sum:  3.4, Workers: 8
[112.310s][info ][gc,phases         ] GC(2558)   Post Evacuate Collection Set: 0.6ms
[112.310s][debug][gc,phases         ] GC(2558)     Code Roots Fixup: 0.0ms
[112.310s][debug][gc,phases         ] GC(2558)     Clear Card Table: 0.2ms
[112.310s][debug][gc,phases         ] GC(2558)     Reference Processing: 0.1ms
[112.310s][debug][gc,phases,ref     ] GC(2558)       Reconsider SoftReferences: 0.0ms
[112.310s][debug][gc,phases,ref     ] GC(2558)         SoftRef (ms):             skipped
[112.310s][debug][gc,phases,ref     ] GC(2558)       Notify Soft/WeakReferences: 0.0ms
[112.310s][debug][gc,phases,ref     ] GC(2558)         SoftRef (ms):             skipped
[112.310s][debug][gc,phases,ref     ] GC(2558)         WeakRef (ms):             skipped
[112.310s][debug][gc,phases,ref     ] GC(2558)         FinalRef (ms):            skipped
[112.310s][debug][gc,phases,ref     ] GC(2558)         Total (ms):               skipped
[112.310s][debug][gc,phases,ref     ] GC(2558)       Notify and keep alive finalizable: 0.0ms
[112.310s][debug][gc,phases,ref     ] GC(2558)         FinalRef (ms):            skipped
[112.310s][debug][gc,phases,ref     ] GC(2558)       Notify PhantomReferences: 0.0ms
[112.310s][debug][gc,phases,ref     ] GC(2558)         PhantomRef (ms):          skipped
[112.310s][debug][gc,phases,ref     ] GC(2558)       SoftReference:
[112.310s][debug][gc,phases,ref     ] GC(2558)         Discovered: 0
[112.310s][debug][gc,phases,ref     ] GC(2558)         Cleared: 0
[112.310s][debug][gc,phases,ref     ] GC(2558)       WeakReference:
[112.310s][debug][gc,phases,ref     ] GC(2558)         Discovered: 0
[112.310s][debug][gc,phases,ref     ] GC(2558)         Cleared: 0
[112.310s][debug][gc,phases,ref     ] GC(2558)       FinalReference:
[112.310s][debug][gc,phases,ref     ] GC(2558)         Discovered: 0
[112.310s][debug][gc,phases,ref     ] GC(2558)         Cleared: 0
[112.310s][debug][gc,phases,ref     ] GC(2558)       PhantomReference:
[112.310s][debug][gc,phases,ref     ] GC(2558)         Discovered: 0
[112.310s][debug][gc,phases,ref     ] GC(2558)         Cleared: 0
[112.310s][debug][gc,phases         ] GC(2558)     Weak Processing: 0.1ms
[112.310s][debug][gc,phases         ] GC(2558)       JVMTI weak processing: 0.0ms
[112.310s][debug][gc,phases         ] GC(2558)         Dead: 0
[112.310s][debug][gc,phases         ] GC(2558)         Total: 0
[112.310s][debug][gc,phases         ] GC(2558)       JFR weak processing: 0.0ms
[112.310s][debug][gc,phases         ] GC(2558)         Dead: 0
[112.310s][debug][gc,phases         ] GC(2558)         Total: 0
[112.310s][debug][gc,phases         ] GC(2558)       JNI weak                  Min:  0.0, Avg:  0.0, Max:  0.0, Diff:  0.0, Sum:  0.0, Workers: 5
[112.310s][debug][gc,phases         ] GC(2558)         Dead                      Min: 0, Avg:  0.0, Max: 0, Diff: 0, Sum: 0, Workers: 5
[112.310s][debug][gc,phases         ] GC(2558)         Total                     Min: 0, Avg: 20.4, Max: 102, Diff: 102, Sum: 102, Workers: 5
[112.310s][debug][gc,phases         ] GC(2558)       VM weak                   Min:  0.0, Avg:  0.0, Max:  0.0, Diff:  0.0, Sum:  0.0, Workers: 5
[112.310s][debug][gc,phases         ] GC(2558)         Dead                      Min: 0, Avg:  0.0, Max: 0, Diff: 0, Sum: 0, Workers: 5
[112.310s][debug][gc,phases         ] GC(2558)         Total                     Min: 0, Avg: 42.4, Max: 212, Diff: 212, Sum: 212, Workers: 5
[112.310s][debug][gc,phases         ] GC(2558)       StringTable weak          Min:  0.0, Avg:  0.0, Max:  0.0, Diff:  0.0, Sum:  0.0, Workers: 5
[112.310s][debug][gc,phases         ] GC(2558)         Dead                      Min: 0, Avg:  0.0, Max: 0, Diff: 0, Sum: 0, Workers: 5
[112.310s][debug][gc,phases         ] GC(2558)         Total                     Min: 0, Avg: 684.6, Max: 2944, Diff: 2944, Sum: 3423, Workers: 5
[112.310s][debug][gc,phases         ] GC(2558)       ResolvedMethodTable weak  Min:  0.0, Avg:  0.0, Max:  0.0, Diff:  0.0, Sum:  0.0, Workers: 5
[112.310s][debug][gc,phases         ] GC(2558)         Dead                      Min: 0, Avg:  0.0, Max: 0, Diff: 0, Sum: 0, Workers: 5
[112.310s][debug][gc,phases         ] GC(2558)         Total                     Min: 0, Avg: 114.6, Max: 256, Diff: 256, Sum: 573, Workers: 5
[112.310s][debug][gc,phases         ] GC(2558)     Merge Per-Thread State: 0.0ms
[112.310s][debug][gc,phases         ] GC(2558)       Copied Bytes              Min: 400088, Avg: 500324.0, Max: 800096, Diff: 400008, Sum: 4002592, Workers: 8
[112.310s][debug][gc,phases         ] GC(2558)       LAB Waste                 Min: 0, Avg:  0.0, Max: 0, Diff: 0, Sum: 0, Workers: 8
[112.310s][debug][gc,phases         ] GC(2558)       LAB Undo Waste            Min: 0, Avg:  0.0, Max: 0, Diff: 0, Sum: 0, Workers: 8
[112.310s][debug][gc,phases         ] GC(2558)     Code Roots Purge: 0.0ms
[112.310s][debug][gc,phases         ] GC(2558)     Redirty Cards: 0.0ms
[112.310s][debug][gc,phases         ] GC(2558)     DerivedPointerTable Update: 0.0ms
[112.310s][debug][gc,phases         ] GC(2558)     Free Collection Set: 0.2ms
[112.310s][debug][gc,phases         ] GC(2558)     Rebuild Free List: 0.1ms
[112.310s][debug][gc,phases         ] GC(2558)     Humongous Reclaim: 0.0ms
[112.310s][debug][gc,phases         ] GC(2558)     Start New Collection Set: 0.0ms
[112.310s][debug][gc,phases         ] GC(2558)     Resize TLABs: 0.0ms
[112.310s][debug][gc,phases         ] GC(2558)     Expand Heap After Collection: 0.0ms
[112.310s][info ][gc,phases         ] GC(2558)   Other: 0.3ms
[112.310s][info ][gc,heap           ] GC(2558) Eden regions: 771->0(770)
[112.310s][info ][gc,heap           ] GC(2558) Survivor regions: 4->5(97)
[112.310s][info ][gc,heap           ] GC(2558) Old regions: 18->18
[112.310s][info ][gc,heap           ] GC(2558) Archive regions: 2->2
[112.310s][info ][gc,heap           ] GC(2558) Humongous regions: 0->0
[112.310s][info ][gc,metaspace      ] GC(2558) Metaspace: 10016K(10624K)->10016K(10624K) NonClass: 8864K(9216K)->8864K(9216K) Class: 1152K(1408K)->1152K(1408K)
[112.310s][debug][gc,heap           ] GC(2558) Heap after GC invocations=2559 (full 1): garbage-first heap   total 1324032K, used 23579K [0x0000000700000000, 0x0000000800000000)
[112.310s][debug][gc,heap           ] GC(2558)   region size 1024K, 5 young (5120K), 5 survivors (5120K)
[112.310s][debug][gc,heap           ] GC(2558)  Metaspace       used 10016K, capacity 10304K, committed 10624K, reserved 1058816K
[112.310s][debug][gc,heap           ] GC(2558)   class space    used 1152K, capacity 1266K, committed 1408K, reserved 1048576K
[112.310s][info ][gc                ] GC(2558) Pause Young (Normal) (G1 Evacuation Pause) 792M->23M(1293M) 2.168ms
[112.310s][info ][gc,cpu            ] GC(2558) User=0.00s Sys=0.00s Real=0.00s
[112.310s][info ][safepoint         ] Safepoint "G1CollectForAllocation", Time since last: 38170190 ns, Reaching safepoint: 181397 ns, At safepoint: 2340813 ns, Total: 2522210 ns
[112.349s][debug][gc,heap           ] GC(2559) Heap before GC invocations=2559 (full 1): garbage-first heap   total 1324032K, used 811035K [0x0000000700000000, 0x0000000800000000)
[112.349s][debug][gc,heap           ] GC(2559)   region size 1024K, 775 young (793600K), 5 survivors (5120K)
[112.349s][debug][gc,heap           ] GC(2559)  Metaspace       used 10016K, capacity 10304K, committed 10624K, reserved 1058816K
[112.349s][debug][gc,heap           ] GC(2559)   class space    used 1152K, capacity 1266K, committed 1408K, reserved 1048576K
[112.349s][info ][gc,start          ] GC(2559) Pause Young (Normal) (G1 Evacuation Pause)
[112.349s][info ][gc,task           ] GC(2559) Using 8 workers of 8 for evacuation
[112.349s][debug][gc,tlab           ] GC(2559) TLAB totals: thrds: 8  refills: 10 max: 2 slow allocs: 1535 max 215 waste: 39.1% gc: 1112400B max: 240968B slow: 27824B max: 13912B fast: 0B max: 0B
[112.349s][debug][gc,age            ] GC(2559) Desired survivor size 50855936 bytes, new threshold 15 (max threshold 15)
[112.349s][debug][gc,alloc,region   ] GC(2559) Mutator Allocation stats, regions: 770, wasted size: 180M (23.4%)
[112.349s][debug][gc,ergo           ] GC(2559) Running G1 Merge Heap Roots using 8 workers for 775 regions
[112.349s][debug][gc,remset         ] GC(2559) Visited cards 256 Total dirty 2048 (12.50%) Total old 3215360 (0.01%)
[112.350s][debug][gc,ergo           ] GC(2559) Running G1 Clear Card Table Task using 2 workers for 2 units of work for 776 regions.
[112.350s][debug][gc,ref            ] GC(2559) Skipped phase1 of Reference Processing due to unavailable references
[112.350s][debug][gc,ref            ] GC(2559) Skipped phase2 of Reference Processing due to unavailable references
[112.350s][debug][gc,ref            ] GC(2559) Skipped phase3 of Reference Processing due to unavailable references
[112.350s][debug][gc,ref            ] GC(2559) Skipped phase4 of Reference Processing due to unavailable references
[112.350s][debug][gc,ergo           ] GC(2559) Running G1 Free Collection Set using 8 workers for collection set length 775 (1293)
[112.350s][debug][gc,ergo           ] GC(2559) Running G1 Rebuild Free List Task using 8 workers for rebuilding free list of 0 (4096) regions
[112.350s][trace][gc,age            ] GC(2559) Age table with threshold 15 (max threshold 15)
[112.350s][trace][gc,age            ] GC(2559) - age   1:    4002576 bytes,    4002576 total
[112.350s][debug][gc,plab           ] GC(2559) Young PLAB allocation: allocated: 16512B, wasted: 0B, unused: 14064B, used: 2448B, undo waste: 0B, 
[112.350s][debug][gc,plab           ] GC(2559) Young other allocation: region end waste: 985936B, regions filled: 5, direct allocated: 4000128B, failure used: 0B, failure wasted: 0B
[112.350s][debug][gc,plab           ] GC(2559) Young sizing: calculated: 0B, actual: 2064B
[112.350s][debug][gc,plab           ] GC(2559) Old PLAB allocation: allocated: 0B, wasted: 0B, unused: 0B, used: 0B, undo waste: 0B, 
[112.350s][debug][gc,plab           ] GC(2559) Old other allocation: region end waste: 0B, regions filled: 1, direct allocated: 0B, failure used: 0B, failure wasted: 0B
[112.350s][debug][gc,plab           ] GC(2559) Old sizing: calculated: 0B, actual: 2064B
[112.350s][debug][gc,ihop           ] GC(2559) Basic information (value update), threshold: 610113945B (45.00), target occupancy: 1355808768B, current occupancy: 24149840B, recent allocation size: 0B, recent allocation duration: 39.19ms, recent old gen allocation rate: 0.00B/s, recent marking phase length: 30.68ms
[112.350s][debug][gc,ihop           ] GC(2559) Adaptive IHOP information (value update), threshold: 610113945B (47.37), internal target occupancy: 1288018329B, occupancy: 24149840B, additional buffer size: 812646400B, predicted old gen allocation rate: 18.54B/s, predicted marking phase length: 61.36ms, prediction active: false
[112.350s][debug][gc,ergo,refine    ] GC(2559) Concurrent refinement times: Logged Cards Scan time goal: 20.00ms Logged Cards Scan time: 0.00ms HCC time: 0.00ms
[112.350s][debug][gc,ergo,refine    ] GC(2559) Updated Refinement Zones: green: 2048, yellow: 6144, red: 10240
[112.350s][info ][gc,phases         ] GC(2559)   Pre Evacuate Collection Set: 0.1ms
[112.350s][debug][gc,phases         ] GC(2559)     Prepare TLABs: 0.0ms
[112.350s][debug][gc,phases         ] GC(2559)     Choose Collection Set: 0.0ms
[112.350s][debug][gc,phases         ] GC(2559)     Region Register: 0.1ms
[112.350s][debug][gc,phases         ] GC(2559)     Prepare Heap Roots: 0.0ms
[112.350s][info ][gc,phases         ] GC(2559)   Merge Heap Roots: 0.1ms
[112.350s][debug][gc,phases         ] GC(2559)     Prepare Merge Heap Roots: 0.0ms
[112.350s][debug][gc,phases         ] GC(2559)     Eager Reclaim (ms):       skipped
[112.350s][debug][gc,phases         ] GC(2559)     Remembered Sets (ms):     Min:  0.0, Avg:  0.0, Max:  0.0, Diff:  0.0, Sum:  0.2, Workers: 8
[112.350s][debug][gc,phases         ] GC(2559)       Merged Sparse:            Min: 0, Avg:  0.0, Max: 0, Diff: 0, Sum: 0, Workers: 8
[112.350s][debug][gc,phases         ] GC(2559)       Merged Fine:              Min: 0, Avg:  0.0, Max: 0, Diff: 0, Sum: 0, Workers: 8
[112.350s][debug][gc,phases         ] GC(2559)       Merged Coarse:            Min: 0, Avg:  0.0, Max: 0, Diff: 0, Sum: 0, Workers: 8
[112.350s][debug][gc,phases         ] GC(2559)       Dirty Cards:              Min: 0, Avg:  0.0, Max: 0, Diff: 0, Sum: 0, Workers: 8
[112.350s][debug][gc,phases         ] GC(2559)     Hot Card Cache (ms):      Min:  0.0, Avg:  0.0, Max:  0.0, Diff:  0.0, Sum:  0.0, Workers: 8
[112.350s][debug][gc,phases         ] GC(2559)       Dirty Cards:              Min: 0, Avg:  0.0, Max: 0, Diff: 0, Sum: 0, Workers: 8
[112.350s][debug][gc,phases         ] GC(2559)       Skipped Cards:            Min: 0, Avg:  0.0, Max: 0, Diff: 0, Sum: 0, Workers: 8
[112.350s][debug][gc,phases         ] GC(2559)     Log Buffers (ms):         Min:  0.0, Avg:  0.0, Max:  0.0, Diff:  0.0, Sum:  0.0, Workers: 8
[112.350s][debug][gc,phases         ] GC(2559)       Dirty Cards:              Min: 0, Avg:  0.1, Max: 1, Diff: 1, Sum: 1, Workers: 8
[112.350s][debug][gc,phases         ] GC(2559)       Skipped Cards:            Min: 0, Avg:  0.0, Max: 0, Diff: 0, Sum: 0, Workers: 8
[112.350s][info ][gc,phases         ] GC(2559)   Evacuate Collection Set: 0.5ms
[112.350s][debug][gc,phases         ] GC(2559)     Ext Root Scanning (ms):   Min:  0.1, Avg:  0.2, Max:  0.4, Diff:  0.3, Sum:  2.0, Workers: 8
[112.350s][debug][gc,phases         ] GC(2559)     Scan Heap Roots (ms):     Min:  0.0, Avg:  0.0, Max:  0.0, Diff:  0.0, Sum:  0.0, Workers: 8
[112.350s][debug][gc,phases         ] GC(2559)       Scanned Cards:            Min: 0, Avg:  0.1, Max: 1, Diff: 1, Sum: 1, Workers: 8
[112.350s][debug][gc,phases         ] GC(2559)       Scanned Blocks:           Min: 0, Avg:  0.1, Max: 1, Diff: 1, Sum: 1, Workers: 8
[112.350s][debug][gc,phases         ] GC(2559)       Claimed Chunks:           Min: 0, Avg:  0.1, Max: 1, Diff: 1, Sum: 1, Workers: 8
[112.350s][debug][gc,phases         ] GC(2559)     Code Root Scan (ms):      Min:  0.0, Avg:  0.0, Max:  0.0, Diff:  0.0, Sum:  0.1, Workers: 8
[112.350s][debug][gc,phases         ] GC(2559)     Object Copy (ms):         Min:  0.0, Avg:  0.0, Max:  0.0, Diff:  0.0, Sum:  0.0, Workers: 8
[112.350s][debug][gc,phases         ] GC(2559)     Termination (ms):         Min:  0.0, Avg:  0.1, Max:  0.2, Diff:  0.1, Sum:  0.9, Workers: 8
[112.350s][debug][gc,phases         ] GC(2559)       Termination Attempts:     Min: 1, Avg:  1.0, Max: 1, Diff: 0, Sum: 8, Workers: 8
[112.350s][debug][gc,phases         ] GC(2559)     GC Worker Other (ms):     Min:  0.0, Avg:  0.0, Max:  0.1, Diff:  0.1, Sum:  0.3, Workers: 8
[112.350s][debug][gc,phases         ] GC(2559)     GC Worker Total (ms):     Min:  0.4, Avg:  0.4, Max:  0.4, Diff:  0.1, Sum:  3.3, Workers: 8
[112.350s][info ][gc,phases         ] GC(2559)   Post Evacuate Collection Set: 0.6ms
[112.350s][debug][gc,phases         ] GC(2559)     Code Roots Fixup: 0.0ms
[112.350s][debug][gc,phases         ] GC(2559)     Clear Card Table: 0.2ms
[112.351s][debug][gc,phases         ] GC(2559)     Reference Processing: 0.0ms
[112.351s][debug][gc,phases,ref     ] GC(2559)       Reconsider SoftReferences: 0.0ms
[112.351s][debug][gc,phases,ref     ] GC(2559)         SoftRef (ms):             skipped
[112.351s][debug][gc,phases,ref     ] GC(2559)       Notify Soft/WeakReferences: 0.0ms
[112.351s][debug][gc,phases,ref     ] GC(2559)         SoftRef (ms):             skipped
[112.351s][debug][gc,phases,ref     ] GC(2559)         WeakRef (ms):             skipped
[112.351s][debug][gc,phases,ref     ] GC(2559)         FinalRef (ms):            skipped
[112.351s][debug][gc,phases,ref     ] GC(2559)         Total (ms):               skipped
[112.351s][debug][gc,phases,ref     ] GC(2559)       Notify and keep alive finalizable: 0.0ms
[112.351s][debug][gc,phases,ref     ] GC(2559)         FinalRef (ms):            skipped
[112.351s][debug][gc,phases,ref     ] GC(2559)       Notify PhantomReferences: 0.0ms
[112.351s][debug][gc,phases,ref     ] GC(2559)         PhantomRef (ms):          skipped
[112.351s][debug][gc,phases,ref     ] GC(2559)       SoftReference:
[112.351s][debug][gc,phases,ref     ] GC(2559)         Discovered: 0
[112.351s][debug][gc,phases,ref     ] GC(2559)         Cleared: 0
[112.351s][debug][gc,phases,ref     ] GC(2559)       WeakReference:
[112.351s][debug][gc,phases,ref     ] GC(2559)         Discovered: 0
[112.351s][debug][gc,phases,ref     ] GC(2559)         Cleared: 0
[112.351s][debug][gc,phases,ref     ] GC(2559)       FinalReference:
[112.351s][debug][gc,phases,ref     ] GC(2559)         Discovered: 0
[112.351s][debug][gc,phases,ref     ] GC(2559)         Cleared: 0
[112.351s][debug][gc,phases,ref     ] GC(2559)       PhantomReference:
[112.351s][debug][gc,phases,ref     ] GC(2559)         Discovered: 0
[112.351s][debug][gc,phases,ref     ] GC(2559)         Cleared: 0
[112.351s][debug][gc,phases         ] GC(2559)     Weak Processing: 0.1ms
[112.351s][debug][gc,phases         ] GC(2559)       JVMTI weak processing: 0.0ms
[112.351s][debug][gc,phases         ] GC(2559)         Dead: 0
[112.351s][debug][gc,phases         ] GC(2559)         Total: 0
[112.351s][debug][gc,phases         ] GC(2559)       JFR weak processing: 0.0ms
[112.351s][debug][gc,phases         ] GC(2559)         Dead: 0
[112.351s][debug][gc,phases         ] GC(2559)         Total: 0
[112.351s][debug][gc,phases         ] GC(2559)       JNI weak                  Min:  0.0, Avg:  0.0, Max:  0.0, Diff:  0.0, Sum:  0.0, Workers: 5
[112.351s][debug][gc,phases         ] GC(2559)         Dead                      Min: 0, Avg:  0.0, Max: 0, Diff: 0, Sum: 0, Workers: 5
[112.351s][debug][gc,phases         ] GC(2559)         Total                     Min: 0, Avg: 20.4, Max: 102, Diff: 102, Sum: 102, Workers: 5
[112.351s][debug][gc,phases         ] GC(2559)       VM weak                   Min:  0.0, Avg:  0.0, Max:  0.0, Diff:  0.0, Sum:  0.0, Workers: 5
[112.351s][debug][gc,phases         ] GC(2559)         Dead                      Min: 0, Avg:  0.0, Max: 0, Diff: 0, Sum: 0, Workers: 5
[112.351s][debug][gc,phases         ] GC(2559)         Total                     Min: 0, Avg: 42.4, Max: 212, Diff: 212, Sum: 212, Workers: 5
[112.351s][debug][gc,phases         ] GC(2559)       StringTable weak          Min:  0.0, Avg:  0.0, Max:  0.0, Diff:  0.0, Sum:  0.0, Workers: 5
[112.351s][debug][gc,phases         ] GC(2559)         Dead                      Min: 0, Avg:  0.0, Max: 0, Diff: 0, Sum: 0, Workers: 5
[112.351s][debug][gc,phases         ] GC(2559)         Total                     Min: 0, Avg: 684.6, Max: 2879, Diff: 2879, Sum: 3423, Workers: 5
[112.351s][debug][gc,phases         ] GC(2559)       ResolvedMethodTable weak  Min:  0.0, Avg:  0.0, Max:  0.0, Diff:  0.0, Sum:  0.0, Workers: 5
[112.351s][debug][gc,phases         ] GC(2559)         Dead                      Min: 0, Avg:  0.0, Max: 0, Diff: 0, Sum: 0, Workers: 5
[112.351s][debug][gc,phases         ] GC(2559)         Total                     Min: 0, Avg: 114.6, Max: 192, Diff: 192, Sum: 573, Workers: 5
[112.351s][debug][gc,phases         ] GC(2559)     Merge Per-Thread State: 0.0ms
[112.351s][debug][gc,phases         ] GC(2559)       Copied Bytes              Min: 232, Avg: 500322.0, Max: 800768, Diff: 800536, Sum: 4002576, Workers: 8
[112.351s][debug][gc,phases         ] GC(2559)       LAB Waste                 Min: 0, Avg:  0.0, Max: 0, Diff: 0, Sum: 0, Workers: 8
[112.351s][debug][gc,phases         ] GC(2559)       LAB Undo Waste            Min: 0, Avg:  0.0, Max: 0, Diff: 0, Sum: 0, Workers: 8
[112.351s][debug][gc,phases         ] GC(2559)     Code Roots Purge: 0.0ms
[112.351s][debug][gc,phases         ] GC(2559)     Redirty Cards: 0.0ms
[112.351s][debug][gc,phases         ] GC(2559)     DerivedPointerTable Update: 0.0ms
[112.351s][debug][gc,phases         ] GC(2559)     Free Collection Set: 0.2ms
[112.351s][debug][gc,phases         ] GC(2559)     Rebuild Free List: 0.1ms
[112.351s][debug][gc,phases         ] GC(2559)     Humongous Reclaim: 0.0ms
[112.351s][debug][gc,phases         ] GC(2559)     Start New Collection Set: 0.0ms
[112.351s][debug][gc,phases         ] GC(2559)     Resize TLABs: 0.0ms
[112.351s][debug][gc,phases         ] GC(2559)     Expand Heap After Collection: 0.0ms
[112.351s][info ][gc,phases         ] GC(2559)   Other: 0.3ms
[112.351s][info ][gc,heap           ] GC(2559) Eden regions: 770->0(770)
[112.351s][info ][gc,heap           ] GC(2559) Survivor regions: 5->5(97)
[112.351s][info ][gc,heap           ] GC(2559) Old regions: 18->18
[112.351s][info ][gc,heap           ] GC(2559) Archive regions: 2->2
[112.351s][info ][gc,heap           ] GC(2559) Humongous regions: 0->0
[112.351s][info ][gc,metaspace      ] GC(2559) Metaspace: 10016K(10624K)->10016K(10624K) NonClass: 8864K(9216K)->8864K(9216K) Class: 1152K(1408K)->1152K(1408K)
[112.351s][debug][gc,heap           ] GC(2559) Heap after GC invocations=2560 (full 1): garbage-first heap   total 1324032K, used 23583K [0x0000000700000000, 0x0000000800000000)
[112.351s][debug][gc,heap           ] GC(2559)   region size 1024K, 5 young (5120K), 5 survivors (5120K)
[112.351s][debug][gc,heap           ] GC(2559)  Metaspace       used 10016K, capacity 10304K, committed 10624K, reserved 1058816K
[112.351s][debug][gc,heap           ] GC(2559)   class space    used 1152K, capacity 1266K, committed 1408K, reserved 1048576K
[112.351s][info ][gc                ] GC(2559) Pause Young (Normal) (G1 Evacuation Pause) 792M->23M(1293M) 2.222ms
[112.351s][info ][gc,cpu            ] GC(2559) User=0.01s Sys=0.00s Real=0.00s
[112.351s][info ][safepoint         ] Safepoint "G1CollectForAllocation", Time since last: 38062576 ns, Reaching safepoint: 214446 ns, At safepoint: 2393537 ns, Total: 2607983 ns
[112.389s][debug][gc,heap           ] GC(2560) Heap before GC invocations=2560 (full 1): garbage-first heap   total 1324032K, used 811039K [0x0000000700000000, 0x0000000800000000)
[112.389s][debug][gc,heap           ] GC(2560)   region size 1024K, 775 young (793600K), 5 survivors (5120K)
[112.389s][debug][gc,heap           ] GC(2560)  Metaspace       used 10016K, capacity 10304K, committed 10624K, reserved 1058816K
[112.389s][debug][gc,heap           ] GC(2560)   class space    used 1152K, capacity 1266K, committed 1408K, reserved 1048576K
[112.389s][info ][gc,start          ] GC(2560) Pause Young (Normal) (G1 Evacuation Pause)
[112.389s][info ][gc,task           ] GC(2560) Using 8 workers of 8 for evacuation
[112.389s][debug][gc,tlab           ] GC(2560) TLAB totals: thrds: 8  refills: 12 max: 2 slow allocs: 1533 max 212 waste: 23.1% gc: 959640B max: 225808B slow: 55488B max: 14304B fast: 0B max: 0B
[112.389s][debug][gc,age            ] GC(2560) Desired survivor size 50855936 bytes, new threshold 15 (max threshold 15)
[112.389s][debug][gc,alloc,region   ] GC(2560) Mutator Allocation stats, regions: 770, wasted size: 180M (23.4%)
[112.389s][debug][gc,ergo           ] GC(2560) Running G1 Merge Heap Roots using 8 workers for 775 regions
[112.389s][debug][gc,remset         ] GC(2560) Visited cards 512 Total dirty 4096 (12.50%) Total old 3215360 (0.02%)
[112.390s][debug][gc,ergo           ] GC(2560) Running G1 Clear Card Table Task using 2 workers for 2 units of work for 777 regions.
[112.390s][debug][gc,ref            ] GC(2560) Skipped phase1 of Reference Processing due to unavailable references
[112.390s][debug][gc,ref            ] GC(2560) Skipped phase2 of Reference Processing due to unavailable references
[112.390s][debug][gc,ref            ] GC(2560) Skipped phase3 of Reference Processing due to unavailable references
[112.390s][debug][gc,ref            ] GC(2560) Skipped phase4 of Reference Processing due to unavailable references
[112.390s][debug][gc,ergo           ] GC(2560) Running G1 Free Collection Set using 8 workers for collection set length 775 (1293)
[112.390s][debug][gc,ergo           ] GC(2560) Running G1 Rebuild Free List Task using 8 workers for rebuilding free list of 0 (4096) regions
[112.390s][trace][gc,age            ] GC(2560) Age table with threshold 15 (max threshold 15)
[112.390s][trace][gc,age            ] GC(2560) - age   1:    4002584 bytes,    4002584 total
[112.390s][debug][gc,plab           ] GC(2560) Young PLAB allocation: allocated: 16512B, wasted: 0B, unused: 14064B, used: 2448B, undo waste: 0B, 
[112.390s][debug][gc,plab           ] GC(2560) Young other allocation: region end waste: 983864B, regions filled: 5, direct allocated: 4000136B, failure used: 0B, failure wasted: 0B
[112.390s][debug][gc,plab           ] GC(2560) Young sizing: calculated: 0B, actual: 2064B
[112.390s][debug][gc,plab           ] GC(2560) Old PLAB allocation: allocated: 0B, wasted: 0B, unused: 0B, used: 0B, undo waste: 0B, 
[112.390s][debug][gc,plab           ] GC(2560) Old other allocation: region end waste: 0B, regions filled: 1, direct allocated: 0B, failure used: 0B, failure wasted: 0B
[112.390s][debug][gc,plab           ] GC(2560) Old sizing: calculated: 0B, actual: 2064B
[112.390s][debug][gc,ihop           ] GC(2560) Basic information (value update), threshold: 610113945B (45.00), target occupancy: 1355808768B, current occupancy: 24147776B, recent allocation size: 0B, recent allocation duration: 38.56ms, recent old gen allocation rate: 0.00B/s, recent marking phase length: 30.68ms
[112.390s][debug][gc,ihop           ] GC(2560) Adaptive IHOP information (value update), threshold: 610113945B (47.37), internal target occupancy: 1288018329B, occupancy: 24147776B, additional buffer size: 812646400B, predicted old gen allocation rate: 18.07B/s, predicted marking phase length: 61.36ms, prediction active: false
[112.390s][debug][gc,ergo,refine    ] GC(2560) Concurrent refinement times: Logged Cards Scan time goal: 20.00ms Logged Cards Scan time: 0.00ms HCC time: 0.00ms
[112.390s][debug][gc,ergo,refine    ] GC(2560) Updated Refinement Zones: green: 2048, yellow: 6144, red: 10240
[112.390s][info ][gc,phases         ] GC(2560)   Pre Evacuate Collection Set: 0.1ms
[112.390s][debug][gc,phases         ] GC(2560)     Prepare TLABs: 0.0ms
[112.390s][debug][gc,phases         ] GC(2560)     Choose Collection Set: 0.0ms
[112.390s][debug][gc,phases         ] GC(2560)     Region Register: 0.1ms
[112.390s][debug][gc,phases         ] GC(2560)     Prepare Heap Roots: 0.0ms
[112.390s][info ][gc,phases         ] GC(2560)   Merge Heap Roots: 0.1ms
[112.390s][debug][gc,phases         ] GC(2560)     Prepare Merge Heap Roots: 0.0ms
[112.390s][debug][gc,phases         ] GC(2560)     Eager Reclaim (ms):       skipped
[112.390s][debug][gc,phases         ] GC(2560)     Remembered Sets (ms):     Min:  0.0, Avg:  0.0, Max:  0.1, Diff:  0.0, Sum:  0.3, Workers: 8
[112.390s][debug][gc,phases         ] GC(2560)       Merged Sparse:            Min: 0, Avg:  0.0, Max: 0, Diff: 0, Sum: 0, Workers: 8
[112.390s][debug][gc,phases         ] GC(2560)       Merged Fine:              Min: 0, Avg:  0.0, Max: 0, Diff: 0, Sum: 0, Workers: 8
[112.390s][debug][gc,phases         ] GC(2560)       Merged Coarse:            Min: 0, Avg:  0.0, Max: 0, Diff: 0, Sum: 0, Workers: 8
[112.390s][debug][gc,phases         ] GC(2560)       Dirty Cards:              Min: 0, Avg:  0.0, Max: 0, Diff: 0, Sum: 0, Workers: 8
[112.390s][debug][gc,phases         ] GC(2560)     Hot Card Cache (ms):      Min:  0.0, Avg:  0.0, Max:  0.0, Diff:  0.0, Sum:  0.0, Workers: 8
[112.390s][debug][gc,phases         ] GC(2560)       Dirty Cards:              Min: 0, Avg:  0.0, Max: 0, Diff: 0, Sum: 0, Workers: 8
[112.390s][debug][gc,phases         ] GC(2560)       Skipped Cards:            Min: 0, Avg:  0.0, Max: 0, Diff: 0, Sum: 0, Workers: 8
[112.390s][debug][gc,phases         ] GC(2560)     Log Buffers (ms):         Min:  0.0, Avg:  0.0, Max:  0.0, Diff:  0.0, Sum:  0.0, Workers: 8
[112.390s][debug][gc,phases         ] GC(2560)       Dirty Cards:              Min: 0, Avg:  0.2, Max: 2, Diff: 2, Sum: 2, Workers: 8
[112.390s][debug][gc,phases         ] GC(2560)       Skipped Cards:            Min: 0, Avg:  0.0, Max: 0, Diff: 0, Sum: 0, Workers: 8
[112.390s][info ][gc,phases         ] GC(2560)   Evacuate Collection Set: 0.4ms
[112.390s][debug][gc,phases         ] GC(2560)     Ext Root Scanning (ms):   Min:  0.2, Avg:  0.3, Max:  0.4, Diff:  0.2, Sum:  2.2, Workers: 8
[112.390s][debug][gc,phases         ] GC(2560)     Scan Heap Roots (ms):     Min:  0.0, Avg:  0.0, Max:  0.0, Diff:  0.0, Sum:  0.0, Workers: 8
[112.390s][debug][gc,phases         ] GC(2560)       Scanned Cards:            Min: 0, Avg:  0.2, Max: 2, Diff: 2, Sum: 2, Workers: 8
[112.390s][debug][gc,phases         ] GC(2560)       Scanned Blocks:           Min: 0, Avg:  0.2, Max: 2, Diff: 2, Sum: 2, Workers: 8
[112.390s][debug][gc,phases         ] GC(2560)       Claimed Chunks:           Min: 0, Avg:  0.2, Max: 2, Diff: 2, Sum: 2, Workers: 8
[112.390s][debug][gc,phases         ] GC(2560)     Code Root Scan (ms):      Min:  0.0, Avg:  0.0, Max:  0.0, Diff:  0.0, Sum:  0.1, Workers: 8
[112.390s][debug][gc,phases         ] GC(2560)     Object Copy (ms):         Min:  0.0, Avg:  0.0, Max:  0.0, Diff:  0.0, Sum:  0.0, Workers: 8
[112.390s][debug][gc,phases         ] GC(2560)     Termination (ms):         Min:  0.0, Avg:  0.0, Max:  0.1, Diff:  0.0, Sum:  0.4, Workers: 8
[112.390s][debug][gc,phases         ] GC(2560)       Termination Attempts:     Min: 1, Avg:  1.0, Max: 1, Diff: 0, Sum: 8, Workers: 8
[112.390s][debug][gc,phases         ] GC(2560)     GC Worker Other (ms):     Min:  0.0, Avg:  0.1, Max:  0.1, Diff:  0.1, Sum:  0.4, Workers: 8
[112.390s][debug][gc,phases         ] GC(2560)     GC Worker Total (ms):     Min:  0.4, Avg:  0.4, Max:  0.4, Diff:  0.0, Sum:  3.2, Workers: 8
[112.390s][info ][gc,phases         ] GC(2560)   Post Evacuate Collection Set: 0.6ms
[112.390s][debug][gc,phases         ] GC(2560)     Code Roots Fixup: 0.0ms
[112.390s][debug][gc,phases         ] GC(2560)     Clear Card Table: 0.2ms
[112.390s][debug][gc,phases         ] GC(2560)     Reference Processing: 0.0ms
[112.390s][debug][gc,phases,ref     ] GC(2560)       Reconsider SoftReferences: 0.0ms
[112.390s][debug][gc,phases,ref     ] GC(2560)         SoftRef (ms):             skipped
[112.391s][debug][gc,phases,ref     ] GC(2560)       Notify Soft/WeakReferences: 0.0ms
[112.391s][debug][gc,phases,ref     ] GC(2560)         SoftRef (ms):             skipped
[112.391s][debug][gc,phases,ref     ] GC(2560)         WeakRef (ms):             skipped
[112.391s][debug][gc,phases,ref     ] GC(2560)         FinalRef (ms):            skipped
[112.391s][debug][gc,phases,ref     ] GC(2560)         Total (ms):               skipped
[112.391s][debug][gc,phases,ref     ] GC(2560)       Notify and keep alive finalizable: 0.0ms
[112.391s][debug][gc,phases,ref     ] GC(2560)         FinalRef (ms):            skipped
[112.391s][debug][gc,phases,ref     ] GC(2560)       Notify PhantomReferences: 0.0ms
[112.391s][debug][gc,phases,ref     ] GC(2560)         PhantomRef (ms):          skipped
[112.391s][debug][gc,phases,ref     ] GC(2560)       SoftReference:
[112.391s][debug][gc,phases,ref     ] GC(2560)         Discovered: 0
[112.391s][debug][gc,phases,ref     ] GC(2560)         Cleared: 0
[112.391s][debug][gc,phases,ref     ] GC(2560)       WeakReference:
[112.391s][debug][gc,phases,ref     ] GC(2560)         Discovered: 0
[112.391s][debug][gc,phases,ref     ] GC(2560)         Cleared: 0
[112.391s][debug][gc,phases,ref     ] GC(2560)       FinalReference:
[112.391s][debug][gc,phases,ref     ] GC(2560)         Discovered: 0
[112.391s][debug][gc,phases,ref     ] GC(2560)         Cleared: 0
[112.391s][debug][gc,phases,ref     ] GC(2560)       PhantomReference:
[112.391s][debug][gc,phases,ref     ] GC(2560)         Discovered: 0
[112.391s][debug][gc,phases,ref     ] GC(2560)         Cleared: 0
[112.391s][debug][gc,phases         ] GC(2560)     Weak Processing: 0.0ms
[112.391s][debug][gc,phases         ] GC(2560)       JVMTI weak processing: 0.0ms
[112.391s][debug][gc,phases         ] GC(2560)         Dead: 0
[112.391s][debug][gc,phases         ] GC(2560)         Total: 0
[112.391s][debug][gc,phases         ] GC(2560)       JFR weak processing: 0.0ms
[112.391s][debug][gc,phases         ] GC(2560)         Dead: 0
[112.391s][debug][gc,phases         ] GC(2560)         Total: 0
[112.391s][debug][gc,phases         ] GC(2560)       JNI weak                  Min:  0.0, Avg:  0.0, Max:  0.0, Diff:  0.0, Sum:  0.0, Workers: 5
[112.391s][debug][gc,phases         ] GC(2560)         Dead                      Min: 0, Avg:  0.0, Max: 0, Diff: 0, Sum: 0, Workers: 5
[112.391s][debug][gc,phases         ] GC(2560)         Total                     Min: 0, Avg: 20.4, Max: 62, Diff: 62, Sum: 102, Workers: 5
[112.391s][debug][gc,phases         ] GC(2560)       VM weak                   Min:  0.0, Avg:  0.0, Max:  0.0, Diff:  0.0, Sum:  0.0, Workers: 5
[112.391s][debug][gc,phases         ] GC(2560)         Dead                      Min: 0, Avg:  0.0, Max: 0, Diff: 0, Sum: 0, Workers: 5
[112.391s][debug][gc,phases         ] GC(2560)         Total                     Min: 0, Avg: 42.4, Max: 64, Diff: 64, Sum: 212, Workers: 5
[112.391s][debug][gc,phases         ] GC(2560)       StringTable weak          Min:  0.0, Avg:  0.0, Max:  0.0, Diff:  0.0, Sum:  0.1, Workers: 5
[112.391s][debug][gc,phases         ] GC(2560)         Dead                      Min: 0, Avg:  0.0, Max: 0, Diff: 0, Sum: 0, Workers: 5
[112.391s][debug][gc,phases         ] GC(2560)         Total                     Min: 0, Avg: 684.6, Max: 896, Diff: 896, Sum: 3423, Workers: 5
[112.391s][debug][gc,phases         ] GC(2560)       ResolvedMethodTable weak  Min:  0.0, Avg:  0.0, Max:  0.0, Diff:  0.0, Sum:  0.0, Workers: 5
[112.391s][debug][gc,phases         ] GC(2560)         Dead                      Min: 0, Avg:  0.0, Max: 0, Diff: 0, Sum: 0, Workers: 5
[112.391s][debug][gc,phases         ] GC(2560)         Total                     Min: 0, Avg: 114.6, Max: 189, Diff: 189, Sum: 573, Workers: 5
[112.391s][debug][gc,phases         ] GC(2560)     Merge Per-Thread State: 0.0ms
[112.391s][debug][gc,phases         ] GC(2560)       Copied Bytes              Min: 536, Avg: 500323.0, Max: 800544, Diff: 800008, Sum: 4002584, Workers: 8
[112.391s][debug][gc,phases         ] GC(2560)       LAB Waste                 Min: 0, Avg:  0.0, Max: 0, Diff: 0, Sum: 0, Workers: 8
[112.391s][debug][gc,phases         ] GC(2560)       LAB Undo Waste            Min: 0, Avg:  0.0, Max: 0, Diff: 0, Sum: 0, Workers: 8
[112.391s][debug][gc,phases         ] GC(2560)     Code Roots Purge: 0.0ms
[112.391s][debug][gc,phases         ] GC(2560)     Redirty Cards: 0.0ms
[112.391s][debug][gc,phases         ] GC(2560)     DerivedPointerTable Update: 0.0ms
[112.391s][debug][gc,phases         ] GC(2560)     Free Collection Set: 0.2ms
[112.391s][debug][gc,phases         ] GC(2560)     Rebuild Free List: 0.1ms
[112.391s][debug][gc,phases         ] GC(2560)     Humongous Reclaim: 0.0ms
[112.391s][debug][gc,phases         ] GC(2560)     Start New Collection Set: 0.0ms
[112.391s][debug][gc,phases         ] GC(2560)     Resize TLABs: 0.0ms
[112.391s][debug][gc,phases         ] GC(2560)     Expand Heap After Collection: 0.0ms
[112.391s][info ][gc,phases         ] GC(2560)   Other: 0.3ms
[112.391s][info ][gc,heap           ] GC(2560) Eden regions: 770->0(770)
[112.391s][info ][gc,heap           ] GC(2560) Survivor regions: 5->5(97)
[112.391s][info ][gc,heap           ] GC(2560) Old regions: 18->18
[112.391s][info ][gc,heap           ] GC(2560) Archive regions: 2->2
[112.391s][info ][gc,heap           ] GC(2560) Humongous regions: 0->0
[112.391s][info ][gc,metaspace      ] GC(2560) Metaspace: 10016K(10624K)->10016K(10624K) NonClass: 8864K(9216K)->8864K(9216K) Class: 1152K(1408K)->1152K(1408K)
[112.391s][debug][gc,heap           ] GC(2560) Heap after GC invocations=2561 (full 1): garbage-first heap   total 1324032K, used 23581K [0x0000000700000000, 0x0000000800000000)
[112.391s][debug][gc,heap           ] GC(2560)   region size 1024K, 5 young (5120K), 5 survivors (5120K)
[112.391s][debug][gc,heap           ] GC(2560)  Metaspace       used 10016K, capacity 10304K, committed 10624K, reserved 1058816K
[112.391s][debug][gc,heap           ] GC(2560)   class space    used 1152K, capacity 1266K, committed 1408K, reserved 1048576K
[112.391s][info ][gc                ] GC(2560) Pause Young (Normal) (G1 Evacuation Pause) 792M->23M(1293M) 2.168ms
[112.391s][info ][gc,cpu            ] GC(2560) User=0.01s Sys=0.00s Real=0.00s
[112.391s][info ][safepoint         ] Safepoint "G1CollectForAllocation", Time since last: 37491959 ns, Reaching safepoint: 161342 ns, At safepoint: 2426932 ns, Total: 2588274 ns
[112.429s][debug][gc,heap           ] GC(2561) Heap before GC invocations=2561 (full 1): garbage-first heap   total 1324032K, used 811037K [0x0000000700000000, 0x0000000800000000)
[112.429s][debug][gc,heap           ] GC(2561)   region size 1024K, 775 young (793600K), 5 survivors (5120K)
[112.429s][debug][gc,heap           ] GC(2561)  Metaspace       used 10016K, capacity 10304K, committed 10624K, reserved 1058816K
[112.429s][debug][gc,heap           ] GC(2561)   class space    used 1152K, capacity 1266K, committed 1408K, reserved 1048576K
[112.429s][info ][gc,start          ] GC(2561) Pause Young (Normal) (G1 Evacuation Pause)
[112.429s][info ][gc,task           ] GC(2561) Using 8 workers of 8 for evacuation
[112.429s][debug][gc,tlab           ] GC(2561) TLAB totals: thrds: 8  refills: 15 max: 3 slow allocs: 1533 max 208 waste: 30.8% gc: 1099160B max: 238048B slow: 46464B max: 15096B fast: 0B max: 0B
[112.429s][debug][gc,age            ] GC(2561) Desired survivor size 50855936 bytes, new threshold 15 (max threshold 15)
[112.429s][debug][gc,alloc,region   ] GC(2561) Mutator Allocation stats, regions: 770, wasted size: 180M (23.4%)
[112.429s][debug][gc,ergo           ] GC(2561) Running G1 Merge Heap Roots using 8 workers for 775 regions
[112.429s][debug][gc,remset         ] GC(2561) Visited cards 256 Total dirty 2048 (12.50%) Total old 3215360 (0.01%)
[112.430s][debug][gc,ergo           ] GC(2561) Running G1 Clear Card Table Task using 2 workers for 2 units of work for 776 regions.
[112.430s][debug][gc,ref            ] GC(2561) Skipped phase1 of Reference Processing due to unavailable references
[112.430s][debug][gc,ref            ] GC(2561) Skipped phase2 of Reference Processing due to unavailable references
[112.430s][debug][gc,ref            ] GC(2561) Skipped phase3 of Reference Processing due to unavailable references
[112.430s][debug][gc,ref            ] GC(2561) Skipped phase4 of Reference Processing due to unavailable references
[112.430s][debug][gc,ergo           ] GC(2561) Running G1 Free Collection Set using 8 workers for collection set length 775 (1293)
[112.430s][debug][gc,ergo           ] GC(2561) Running G1 Rebuild Free List Task using 8 workers for rebuilding free list of 0 (4096) regions
[112.431s][trace][gc,age            ] GC(2561) Age table with threshold 15 (max threshold 15)
[112.431s][trace][gc,age            ] GC(2561) - age   1:    4802608 bytes,    4802608 total
[112.431s][debug][gc,plab           ] GC(2561) Young PLAB allocation: allocated: 16512B, wasted: 0B, unused: 14064B, used: 2448B, undo waste: 0B, 
[112.431s][debug][gc,plab           ] GC(2561) Young other allocation: region end waste: 1234480B, regions filled: 6, direct allocated: 4800160B, failure used: 0B, failure wasted: 0B
[112.431s][debug][gc,plab           ] GC(2561) Young sizing: calculated: 0B, actual: 2064B
[112.431s][debug][gc,plab           ] GC(2561) Old PLAB allocation: allocated: 0B, wasted: 0B, unused: 0B, used: 0B, undo waste: 0B, 
[112.431s][debug][gc,plab           ] GC(2561) Old other allocation: region end waste: 0B, regions filled: 1, direct allocated: 0B, failure used: 0B, failure wasted: 0B
[112.431s][debug][gc,plab           ] GC(2561) Old sizing: calculated: 0B, actual: 2064B
[112.431s][debug][gc,ihop           ] GC(2561) Basic information (value update), threshold: 610113945B (45.00), target occupancy: 1355808768B, current occupancy: 25198416B, recent allocation size: 0B, recent allocation duration: 38.81ms, recent old gen allocation rate: 0.00B/s, recent marking phase length: 30.68ms
[112.431s][debug][gc,ihop           ] GC(2561) Adaptive IHOP information (value update), threshold: 610113945B (47.37), internal target occupancy: 1288018329B, occupancy: 25198416B, additional buffer size: 812646400B, predicted old gen allocation rate: 17.61B/s, predicted marking phase length: 61.36ms, prediction active: false
[112.431s][debug][gc,ergo,refine    ] GC(2561) Concurrent refinement times: Logged Cards Scan time goal: 20.00ms Logged Cards Scan time: 0.00ms HCC time: 0.00ms
[112.431s][debug][gc,ergo,refine    ] GC(2561) Updated Refinement Zones: green: 2048, yellow: 6144, red: 10240
[112.431s][info ][gc,phases         ] GC(2561)   Pre Evacuate Collection Set: 0.1ms
[112.431s][debug][gc,phases         ] GC(2561)     Prepare TLABs: 0.0ms
[112.431s][debug][gc,phases         ] GC(2561)     Choose Collection Set: 0.0ms
[112.431s][debug][gc,phases         ] GC(2561)     Region Register: 0.1ms
[112.431s][debug][gc,phases         ] GC(2561)     Prepare Heap Roots: 0.0ms
[112.431s][info ][gc,phases         ] GC(2561)   Merge Heap Roots: 0.2ms
[112.431s][debug][gc,phases         ] GC(2561)     Prepare Merge Heap Roots: 0.0ms
[112.431s][debug][gc,phases         ] GC(2561)     Eager Reclaim (ms):       skipped
[112.431s][debug][gc,phases         ] GC(2561)     Remembered Sets (ms):     Min:  0.0, Avg:  0.0, Max:  0.0, Diff:  0.0, Sum:  0.2, Workers: 8
[112.431s][debug][gc,phases         ] GC(2561)       Merged Sparse:            Min: 0, Avg:  0.0, Max: 0, Diff: 0, Sum: 0, Workers: 8
[112.431s][debug][gc,phases         ] GC(2561)       Merged Fine:              Min: 0, Avg:  0.0, Max: 0, Diff: 0, Sum: 0, Workers: 8
[112.431s][debug][gc,phases         ] GC(2561)       Merged Coarse:            Min: 0, Avg:  0.0, Max: 0, Diff: 0, Sum: 0, Workers: 8
[112.431s][debug][gc,phases         ] GC(2561)       Dirty Cards:              Min: 0, Avg:  0.0, Max: 0, Diff: 0, Sum: 0, Workers: 8
[112.431s][debug][gc,phases         ] GC(2561)     Hot Card Cache (ms):      Min:  0.0, Avg:  0.0, Max:  0.0, Diff:  0.0, Sum:  0.0, Workers: 8
[112.431s][debug][gc,phases         ] GC(2561)       Dirty Cards:              Min: 0, Avg:  0.0, Max: 0, Diff: 0, Sum: 0, Workers: 8
[112.431s][debug][gc,phases         ] GC(2561)       Skipped Cards:            Min: 0, Avg:  0.0, Max: 0, Diff: 0, Sum: 0, Workers: 8
[112.431s][debug][gc,phases         ] GC(2561)     Log Buffers (ms):         Min:  0.0, Avg:  0.0, Max:  0.0, Diff:  0.0, Sum:  0.0, Workers: 8
[112.431s][debug][gc,phases         ] GC(2561)       Dirty Cards:              Min: 0, Avg:  0.1, Max: 1, Diff: 1, Sum: 1, Workers: 8
[112.431s][debug][gc,phases         ] GC(2561)       Skipped Cards:            Min: 0, Avg:  0.0, Max: 0, Diff: 0, Sum: 0, Workers: 8
[112.431s][info ][gc,phases         ] GC(2561)   Evacuate Collection Set: 0.5ms
[112.431s][debug][gc,phases         ] GC(2561)     Ext Root Scanning (ms):   Min:  0.3, Avg:  0.4, Max:  0.4, Diff:  0.1, Sum:  3.0, Workers: 8
[112.431s][debug][gc,phases         ] GC(2561)     Scan Heap Roots (ms):     Min:  0.0, Avg:  0.0, Max:  0.0, Diff:  0.0, Sum:  0.0, Workers: 8
[112.431s][debug][gc,phases         ] GC(2561)       Scanned Cards:            Min: 0, Avg:  0.1, Max: 1, Diff: 1, Sum: 1, Workers: 8
[112.431s][debug][gc,phases         ] GC(2561)       Scanned Blocks:           Min: 0, Avg:  0.1, Max: 1, Diff: 1, Sum: 1, Workers: 8
[112.431s][debug][gc,phases         ] GC(2561)       Claimed Chunks:           Min: 0, Avg:  0.1, Max: 1, Diff: 1, Sum: 1, Workers: 8
[112.431s][debug][gc,phases         ] GC(2561)     Code Root Scan (ms):      Min:  0.0, Avg:  0.0, Max:  0.0, Diff:  0.0, Sum:  0.1, Workers: 8
[112.431s][debug][gc,phases         ] GC(2561)     Object Copy (ms):         Min:  0.0, Avg:  0.0, Max:  0.0, Diff:  0.0, Sum:  0.0, Workers: 8
[112.431s][debug][gc,phases         ] GC(2561)     Termination (ms):         Min:  0.0, Avg:  0.1, Max:  0.1, Diff:  0.0, Sum:  0.4, Workers: 8
[112.431s][debug][gc,phases         ] GC(2561)       Termination Attempts:     Min: 1, Avg:  1.0, Max: 1, Diff: 0, Sum: 8, Workers: 8
[112.431s][debug][gc,phases         ] GC(2561)     GC Worker Other (ms):     Min:  0.0, Avg:  0.1, Max:  0.1, Diff:  0.1, Sum:  0.4, Workers: 8
[112.431s][debug][gc,phases         ] GC(2561)     GC Worker Total (ms):     Min:  0.5, Avg:  0.5, Max:  0.5, Diff:  0.1, Sum:  4.0, Workers: 8
[112.431s][info ][gc,phases         ] GC(2561)   Post Evacuate Collection Set: 0.6ms
[112.431s][debug][gc,phases         ] GC(2561)     Code Roots Fixup: 0.0ms
[112.431s][debug][gc,phases         ] GC(2561)     Clear Card Table: 0.2ms
[112.431s][debug][gc,phases         ] GC(2561)     Reference Processing: 0.0ms
[112.431s][debug][gc,phases,ref     ] GC(2561)       Reconsider SoftReferences: 0.0ms
[112.431s][debug][gc,phases,ref     ] GC(2561)         SoftRef (ms):             skipped
[112.431s][debug][gc,phases,ref     ] GC(2561)       Notify Soft/WeakReferences: 0.0ms
[112.431s][debug][gc,phases,ref     ] GC(2561)         SoftRef (ms):             skipped
[112.431s][debug][gc,phases,ref     ] GC(2561)         WeakRef (ms):             skipped
[112.431s][debug][gc,phases,ref     ] GC(2561)         FinalRef (ms):            skipped
[112.431s][debug][gc,phases,ref     ] GC(2561)         Total (ms):               skipped
[112.431s][debug][gc,phases,ref     ] GC(2561)       Notify and keep alive finalizable: 0.0ms
[112.431s][debug][gc,phases,ref     ] GC(2561)         FinalRef (ms):            skipped
[112.431s][debug][gc,phases,ref     ] GC(2561)       Notify PhantomReferences: 0.0ms
[112.431s][debug][gc,phases,ref     ] GC(2561)         PhantomRef (ms):          skipped
[112.431s][debug][gc,phases,ref     ] GC(2561)       SoftReference:
[112.431s][debug][gc,phases,ref     ] GC(2561)         Discovered: 0
[112.431s][debug][gc,phases,ref     ] GC(2561)         Cleared: 0
[112.431s][debug][gc,phases,ref     ] GC(2561)       WeakReference:
[112.431s][debug][gc,phases,ref     ] GC(2561)         Discovered: 0
[112.431s][debug][gc,phases,ref     ] GC(2561)         Cleared: 0
[112.431s][debug][gc,phases,ref     ] GC(2561)       FinalReference:
[112.431s][debug][gc,phases,ref     ] GC(2561)         Discovered: 0
[112.431s][debug][gc,phases,ref     ] GC(2561)         Cleared: 0
[112.431s][debug][gc,phases,ref     ] GC(2561)       PhantomReference:
[112.431s][debug][gc,phases,ref     ] GC(2561)         Discovered: 0
[112.431s][debug][gc,phases,ref     ] GC(2561)         Cleared: 0
[112.431s][debug][gc,phases         ] GC(2561)     Weak Processing: 0.0ms
[112.431s][debug][gc,phases         ] GC(2561)       JVMTI weak processing: 0.0ms
[112.431s][debug][gc,phases         ] GC(2561)         Dead: 0
[112.431s][debug][gc,phases         ] GC(2561)         Total: 0
[112.431s][debug][gc,phases         ] GC(2561)       JFR weak processing: 0.0ms
[112.431s][debug][gc,phases         ] GC(2561)         Dead: 0
[112.431s][debug][gc,phases         ] GC(2561)         Total: 0
[112.431s][debug][gc,phases         ] GC(2561)       JNI weak                  Min:  0.0, Avg:  0.0, Max:  0.0, Diff:  0.0, Sum:  0.0, Workers: 5
[112.431s][debug][gc,phases         ] GC(2561)         Dead                      Min: 0, Avg:  0.0, Max: 0, Diff: 0, Sum: 0, Workers: 5
[112.431s][debug][gc,phases         ] GC(2561)         Total                     Min: 0, Avg: 20.4, Max: 62, Diff: 62, Sum: 102, Workers: 5
[112.431s][debug][gc,phases         ] GC(2561)       VM weak                   Min:  0.0, Avg:  0.0, Max:  0.0, Diff:  0.0, Sum:  0.0, Workers: 5
[112.431s][debug][gc,phases         ] GC(2561)         Dead                      Min: 0, Avg:  0.0, Max: 0, Diff: 0, Sum: 0, Workers: 5
[112.431s][debug][gc,phases         ] GC(2561)         Total                     Min: 0, Avg: 42.4, Max: 64, Diff: 64, Sum: 212, Workers: 5
[112.431s][debug][gc,phases         ] GC(2561)       StringTable weak          Min:  0.0, Avg:  0.0, Max:  0.0, Diff:  0.0, Sum:  0.1, Workers: 5
[112.431s][debug][gc,phases         ] GC(2561)         Dead                      Min: 0, Avg:  0.0, Max: 0, Diff: 0, Sum: 0, Workers: 5
[112.431s][debug][gc,phases         ] GC(2561)         Total                     Min: 640, Avg: 684.6, Max: 767, Diff: 127, Sum: 3423, Workers: 5
[112.431s][debug][gc,phases         ] GC(2561)       ResolvedMethodTable weak  Min:  0.0, Avg:  0.0, Max:  0.0, Diff:  0.0, Sum:  0.0, Workers: 5
[112.431s][debug][gc,phases         ] GC(2561)         Dead                      Min: 0, Avg:  0.0, Max: 0, Diff: 0, Sum: 0, Workers: 5
[112.431s][debug][gc,phases         ] GC(2561)         Total                     Min: 64, Avg: 114.6, Max: 128, Diff: 64, Sum: 573, Workers: 5
[112.431s][debug][gc,phases         ] GC(2561)     Merge Per-Thread State: 0.0ms
[112.431s][debug][gc,phases         ] GC(2561)       Copied Bytes              Min: 400248, Avg: 600326.0, Max: 800096, Diff: 399848, Sum: 4802608, Workers: 8
[112.431s][debug][gc,phases         ] GC(2561)       LAB Waste                 Min: 0, Avg:  0.0, Max: 0, Diff: 0, Sum: 0, Workers: 8
[112.431s][debug][gc,phases         ] GC(2561)       LAB Undo Waste            Min: 0, Avg:  0.0, Max: 0, Diff: 0, Sum: 0, Workers: 8
[112.431s][debug][gc,phases         ] GC(2561)     Code Roots Purge: 0.0ms
[112.431s][debug][gc,phases         ] GC(2561)     Redirty Cards: 0.0ms
[112.431s][debug][gc,phases         ] GC(2561)     DerivedPointerTable Update: 0.0ms
[112.431s][debug][gc,phases         ] GC(2561)     Free Collection Set: 0.2ms
[112.431s][debug][gc,phases         ] GC(2561)     Rebuild Free List: 0.1ms
[112.431s][debug][gc,phases         ] GC(2561)     Humongous Reclaim: 0.0ms
[112.431s][debug][gc,phases         ] GC(2561)     Start New Collection Set: 0.0ms
[112.431s][debug][gc,phases         ] GC(2561)     Resize TLABs: 0.0ms
[112.431s][debug][gc,phases         ] GC(2561)     Expand Heap After Collection: 0.0ms
[112.431s][info ][gc,phases         ] GC(2561)   Other: 0.4ms
[112.431s][info ][gc,heap           ] GC(2561) Eden regions: 770->0(769)
[112.431s][info ][gc,heap           ] GC(2561) Survivor regions: 5->6(97)
[112.431s][info ][gc,heap           ] GC(2561) Old regions: 18->18
[112.431s][info ][gc,heap           ] GC(2561) Archive regions: 2->2
[112.431s][info ][gc,heap           ] GC(2561) Humongous regions: 0->0
[112.431s][info ][gc,metaspace      ] GC(2561) Metaspace: 10016K(10624K)->10016K(10624K) NonClass: 8864K(9216K)->8864K(9216K) Class: 1152K(1408K)->1152K(1408K)
[112.431s][debug][gc,heap           ] GC(2561) Heap after GC invocations=2562 (full 1): garbage-first heap   total 1324032K, used 24607K [0x0000000700000000, 0x0000000800000000)
[112.431s][debug][gc,heap           ] GC(2561)   region size 1024K, 6 young (6144K), 6 survivors (6144K)
[112.431s][debug][gc,heap           ] GC(2561)  Metaspace       used 10016K, capacity 10304K, committed 10624K, reserved 1058816K
[112.431s][debug][gc,heap           ] GC(2561)   class space    used 1152K, capacity 1266K, committed 1408K, reserved 1048576K
[112.431s][info ][gc                ] GC(2561) Pause Young (Normal) (G1 Evacuation Pause) 792M->24M(1293M) 2.495ms
[112.431s][info ][gc,cpu            ] GC(2561) User=0.00s Sys=0.00s Real=0.00s
[112.432s][info ][safepoint         ] Safepoint "G1CollectForAllocation", Time since last: 37492973 ns, Reaching safepoint: 205807 ns, At safepoint: 2750274 ns, Total: 2956081 ns
[112.470s][debug][gc,heap           ] GC(2562) Heap before GC invocations=2562 (full 1): garbage-first heap   total 1324032K, used 811039K [0x0000000700000000, 0x0000000800000000)
[112.470s][debug][gc,heap           ] GC(2562)   region size 1024K, 775 young (793600K), 6 survivors (6144K)
[112.470s][debug][gc,heap           ] GC(2562)  Metaspace       used 10016K, capacity 10304K, committed 10624K, reserved 1058816K
[112.470s][debug][gc,heap           ] GC(2562)   class space    used 1152K, capacity 1266K, committed 1408K, reserved 1048576K
[112.470s][info ][gc,start          ] GC(2562) Pause Young (Normal) (G1 Evacuation Pause)
[112.470s][info ][gc,task           ] GC(2562) Using 8 workers of 8 for evacuation
[112.470s][debug][gc,tlab           ] GC(2562) TLAB totals: thrds: 8  refills: 16 max: 3 slow allocs: 1528 max 201 waste: 33.7% gc: 1428152B max: 248160B slow: 85320B max: 15488B fast: 0B max: 0B
[112.470s][debug][gc,age            ] GC(2562) Desired survivor size 50855936 bytes, new threshold 15 (max threshold 15)
[112.470s][debug][gc,alloc,region   ] GC(2562) Mutator Allocation stats, regions: 769, wasted size: 179M (23.4%)
[112.470s][debug][gc,ergo           ] GC(2562) Running G1 Merge Heap Roots using 8 workers for 775 regions
[112.470s][debug][gc,remset         ] GC(2562) Visited cards 256 Total dirty 2048 (12.50%) Total old 3215360 (0.01%)
[112.471s][debug][gc,ergo           ] GC(2562) Running G1 Clear Card Table Task using 2 workers for 2 units of work for 776 regions.
[112.471s][debug][gc,ref            ] GC(2562) Skipped phase1 of Reference Processing due to unavailable references
[112.471s][debug][gc,ref            ] GC(2562) Skipped phase2 of Reference Processing due to unavailable references
[112.471s][debug][gc,ref            ] GC(2562) Skipped phase3 of Reference Processing due to unavailable references
[112.471s][debug][gc,ref            ] GC(2562) Skipped phase4 of Reference Processing due to unavailable references
[112.471s][debug][gc,ergo           ] GC(2562) Running G1 Free Collection Set using 8 workers for collection set length 775 (1293)
[112.471s][debug][gc,ergo           ] GC(2562) Running G1 Rebuild Free List Task using 8 workers for rebuilding free list of 0 (4096) regions
[112.471s][trace][gc,age            ] GC(2562) Age table with threshold 15 (max threshold 15)
[112.471s][trace][gc,age            ] GC(2562) - age   1:    4002592 bytes,    4002592 total
[112.471s][debug][gc,plab           ] GC(2562) Young PLAB allocation: allocated: 16512B, wasted: 0B, unused: 14064B, used: 2448B, undo waste: 0B, 
[112.471s][debug][gc,plab           ] GC(2562) Young other allocation: region end waste: 981800B, regions filled: 5, direct allocated: 4000144B, failure used: 0B, failure wasted: 0B
[112.471s][debug][gc,plab           ] GC(2562) Young sizing: calculated: 0B, actual: 2064B
[112.471s][debug][gc,plab           ] GC(2562) Old PLAB allocation: allocated: 0B, wasted: 0B, unused: 0B, used: 0B, undo waste: 0B, 
[112.471s][debug][gc,plab           ] GC(2562) Old other allocation: region end waste: 0B, regions filled: 1, direct allocated: 0B, failure used: 0B, failure wasted: 0B
[112.471s][debug][gc,plab           ] GC(2562) Old sizing: calculated: 0B, actual: 2064B
[112.471s][debug][gc,ihop           ] GC(2562) Basic information (value update), threshold: 610113945B (45.00), target occupancy: 1355808768B, current occupancy: 24145720B, recent allocation size: 0B, recent allocation duration: 39.15ms, recent old gen allocation rate: 0.00B/s, recent marking phase length: 30.68ms
[112.471s][debug][gc,ihop           ] GC(2562) Adaptive IHOP information (value update), threshold: 610113945B (47.37), internal target occupancy: 1288018329B, occupancy: 24145720B, additional buffer size: 812646400B, predicted old gen allocation rate: 17.17B/s, predicted marking phase length: 61.36ms, prediction active: false
[112.471s][debug][gc,ergo,refine    ] GC(2562) Concurrent refinement times: Logged Cards Scan time goal: 20.00ms Logged Cards Scan time: 0.00ms HCC time: 0.00ms
[112.471s][debug][gc,ergo,refine    ] GC(2562) Updated Refinement Zones: green: 2048, yellow: 6144, red: 10240
[112.472s][info ][gc,phases         ] GC(2562)   Pre Evacuate Collection Set: 0.2ms
[112.472s][debug][gc,phases         ] GC(2562)     Prepare TLABs: 0.0ms
[112.472s][debug][gc,phases         ] GC(2562)     Choose Collection Set: 0.0ms
[112.472s][debug][gc,phases         ] GC(2562)     Region Register: 0.1ms
[112.472s][debug][gc,phases         ] GC(2562)     Prepare Heap Roots: 0.0ms
[112.472s][info ][gc,phases         ] GC(2562)   Merge Heap Roots: 0.2ms
[112.472s][debug][gc,phases         ] GC(2562)     Prepare Merge Heap Roots: 0.0ms
[112.472s][debug][gc,phases         ] GC(2562)     Eager Reclaim (ms):       skipped
[112.472s][debug][gc,phases         ] GC(2562)     Remembered Sets (ms):     Min:  0.0, Avg:  0.1, Max:  0.1, Diff:  0.0, Sum:  0.5, Workers: 8
[112.472s][debug][gc,phases         ] GC(2562)       Merged Sparse:            Min: 0, Avg:  0.0, Max: 0, Diff: 0, Sum: 0, Workers: 8
[112.472s][debug][gc,phases         ] GC(2562)       Merged Fine:              Min: 0, Avg:  0.0, Max: 0, Diff: 0, Sum: 0, Workers: 8
[112.472s][debug][gc,phases         ] GC(2562)       Merged Coarse:            Min: 0, Avg:  0.0, Max: 0, Diff: 0, Sum: 0, Workers: 8
[112.472s][debug][gc,phases         ] GC(2562)       Dirty Cards:              Min: 0, Avg:  0.0, Max: 0, Diff: 0, Sum: 0, Workers: 8
[112.472s][debug][gc,phases         ] GC(2562)     Hot Card Cache (ms):      Min:  0.0, Avg:  0.0, Max:  0.0, Diff:  0.0, Sum:  0.0, Workers: 8
[112.472s][debug][gc,phases         ] GC(2562)       Dirty Cards:              Min: 0, Avg:  0.0, Max: 0, Diff: 0, Sum: 0, Workers: 8
[112.472s][debug][gc,phases         ] GC(2562)       Skipped Cards:            Min: 0, Avg:  0.0, Max: 0, Diff: 0, Sum: 0, Workers: 8
[112.472s][debug][gc,phases         ] GC(2562)     Log Buffers (ms):         Min:  0.0, Avg:  0.0, Max:  0.0, Diff:  0.0, Sum:  0.0, Workers: 8
[112.472s][debug][gc,phases         ] GC(2562)       Dirty Cards:              Min: 0, Avg:  0.1, Max: 1, Diff: 1, Sum: 1, Workers: 8
[112.472s][debug][gc,phases         ] GC(2562)       Skipped Cards:            Min: 0, Avg:  0.0, Max: 0, Diff: 0, Sum: 0, Workers: 8
[112.472s][info ][gc,phases         ] GC(2562)   Evacuate Collection Set: 0.5ms
[112.472s][debug][gc,phases         ] GC(2562)     Ext Root Scanning (ms):   Min:  0.0, Avg:  0.3, Max:  0.4, Diff:  0.4, Sum:  2.2, Workers: 8
[112.472s][debug][gc,phases         ] GC(2562)     Scan Heap Roots (ms):     Min:  0.0, Avg:  0.0, Max:  0.0, Diff:  0.0, Sum:  0.0, Workers: 8
[112.472s][debug][gc,phases         ] GC(2562)       Scanned Cards:            Min: 0, Avg:  0.1, Max: 1, Diff: 1, Sum: 1, Workers: 8
[112.472s][debug][gc,phases         ] GC(2562)       Scanned Blocks:           Min: 0, Avg:  0.1, Max: 1, Diff: 1, Sum: 1, Workers: 8
[112.472s][debug][gc,phases         ] GC(2562)       Claimed Chunks:           Min: 0, Avg:  0.1, Max: 1, Diff: 1, Sum: 1, Workers: 8
[112.472s][debug][gc,phases         ] GC(2562)     Code Root Scan (ms):      Min:  0.0, Avg:  0.0, Max:  0.0, Diff:  0.0, Sum:  0.1, Workers: 8
[112.472s][debug][gc,phases         ] GC(2562)     Object Copy (ms):         Min:  0.0, Avg:  0.0, Max:  0.0, Diff:  0.0, Sum:  0.0, Workers: 8
[112.472s][debug][gc,phases         ] GC(2562)     Termination (ms):         Min:  0.0, Avg:  0.1, Max:  0.1, Diff:  0.1, Sum:  0.7, Workers: 8
[112.472s][debug][gc,phases         ] GC(2562)       Termination Attempts:     Min: 1, Avg:  1.0, Max: 1, Diff: 0, Sum: 8, Workers: 8
[112.472s][debug][gc,phases         ] GC(2562)     GC Worker Other (ms):     Min:  0.0, Avg:  0.0, Max:  0.1, Diff:  0.0, Sum:  0.4, Workers: 8
[112.472s][debug][gc,phases         ] GC(2562)     GC Worker Total (ms):     Min:  0.1, Avg:  0.4, Max:  0.5, Diff:  0.4, Sum:  3.4, Workers: 8
[112.472s][info ][gc,phases         ] GC(2562)   Post Evacuate Collection Set: 0.7ms
[112.472s][debug][gc,phases         ] GC(2562)     Code Roots Fixup: 0.0ms
[112.472s][debug][gc,phases         ] GC(2562)     Clear Card Table: 0.2ms
[112.472s][debug][gc,phases         ] GC(2562)     Reference Processing: 0.0ms
[112.472s][debug][gc,phases,ref     ] GC(2562)       Reconsider SoftReferences: 0.0ms
[112.472s][debug][gc,phases,ref     ] GC(2562)         SoftRef (ms):             skipped
[112.472s][debug][gc,phases,ref     ] GC(2562)       Notify Soft/WeakReferences: 0.0ms
[112.472s][debug][gc,phases,ref     ] GC(2562)         SoftRef (ms):             skipped
[112.472s][debug][gc,phases,ref     ] GC(2562)         WeakRef (ms):             skipped
[112.472s][debug][gc,phases,ref     ] GC(2562)         FinalRef (ms):            skipped
[112.472s][debug][gc,phases,ref     ] GC(2562)         Total (ms):               skipped
[112.472s][debug][gc,phases,ref     ] GC(2562)       Notify and keep alive finalizable: 0.0ms
[112.472s][debug][gc,phases,ref     ] GC(2562)         FinalRef (ms):            skipped
[112.472s][debug][gc,phases,ref     ] GC(2562)       Notify PhantomReferences: 0.0ms
[112.472s][debug][gc,phases,ref     ] GC(2562)         PhantomRef (ms):          skipped
[112.472s][debug][gc,phases,ref     ] GC(2562)       SoftReference:
[112.472s][debug][gc,phases,ref     ] GC(2562)         Discovered: 0
[112.472s][debug][gc,phases,ref     ] GC(2562)         Cleared: 0
[112.472s][debug][gc,phases,ref     ] GC(2562)       WeakReference:
[112.472s][debug][gc,phases,ref     ] GC(2562)         Discovered: 0
[112.472s][debug][gc,phases,ref     ] GC(2562)         Cleared: 0
[112.472s][debug][gc,phases,ref     ] GC(2562)       FinalReference:
[112.472s][debug][gc,phases,ref     ] GC(2562)         Discovered: 0
[112.472s][debug][gc,phases,ref     ] GC(2562)         Cleared: 0
[112.472s][debug][gc,phases,ref     ] GC(2562)       PhantomReference:
[112.472s][debug][gc,phases,ref     ] GC(2562)         Discovered: 0
[112.472s][debug][gc,phases,ref     ] GC(2562)         Cleared: 0
[112.472s][debug][gc,phases         ] GC(2562)     Weak Processing: 0.0ms
[112.472s][debug][gc,phases         ] GC(2562)       JVMTI weak processing: 0.0ms
[112.472s][debug][gc,phases         ] GC(2562)         Dead: 0
[112.472s][debug][gc,phases         ] GC(2562)         Total: 0
[112.472s][debug][gc,phases         ] GC(2562)       JFR weak processing: 0.0ms
[112.472s][debug][gc,phases         ] GC(2562)         Dead: 0
[112.472s][debug][gc,phases         ] GC(2562)         Total: 0
[112.472s][debug][gc,phases         ] GC(2562)       JNI weak                  Min:  0.0, Avg:  0.0, Max:  0.0, Diff:  0.0, Sum:  0.0, Workers: 5
[112.472s][debug][gc,phases         ] GC(2562)         Dead                      Min: 0, Avg:  0.0, Max: 0, Diff: 0, Sum: 0, Workers: 5
[112.472s][debug][gc,phases         ] GC(2562)         Total                     Min: 0, Avg: 20.4, Max: 62, Diff: 62, Sum: 102, Workers: 5
[112.472s][debug][gc,phases         ] GC(2562)       VM weak                   Min:  0.0, Avg:  0.0, Max:  0.0, Diff:  0.0, Sum:  0.0, Workers: 5
[112.472s][debug][gc,phases         ] GC(2562)         Dead                      Min: 0, Avg:  0.0, Max: 0, Diff: 0, Sum: 0, Workers: 5
[112.472s][debug][gc,phases         ] GC(2562)         Total                     Min: 0, Avg: 42.4, Max: 84, Diff: 84, Sum: 212, Workers: 5
[112.472s][debug][gc,phases         ] GC(2562)       StringTable weak          Min:  0.0, Avg:  0.0, Max:  0.0, Diff:  0.0, Sum:  0.1, Workers: 5
[112.472s][debug][gc,phases         ] GC(2562)         Dead                      Min: 0, Avg:  0.0, Max: 0, Diff: 0, Sum: 0, Workers: 5
[112.472s][debug][gc,phases         ] GC(2562)         Total                     Min: 640, Avg: 684.6, Max: 768, Diff: 128, Sum: 3423, Workers: 5
[112.472s][debug][gc,phases         ] GC(2562)       ResolvedMethodTable weak  Min:  0.0, Avg:  0.0, Max:  0.0, Diff:  0.0, Sum:  0.0, Workers: 5
[112.472s][debug][gc,phases         ] GC(2562)         Dead                      Min: 0, Avg:  0.0, Max: 0, Diff: 0, Sum: 0, Workers: 5
[112.472s][debug][gc,phases         ] GC(2562)         Total                     Min: 64, Avg: 114.6, Max: 128, Diff: 64, Sum: 573, Workers: 5
[112.472s][debug][gc,phases         ] GC(2562)     Merge Per-Thread State: 0.0ms
[112.472s][debug][gc,phases         ] GC(2562)       Copied Bytes              Min: 224, Avg: 500324.0, Max: 1200184, Diff: 1199960, Sum: 4002592, Workers: 8
[112.472s][debug][gc,phases         ] GC(2562)       LAB Waste                 Min: 0, Avg:  0.0, Max: 0, Diff: 0, Sum: 0, Workers: 8
[112.472s][debug][gc,phases         ] GC(2562)       LAB Undo Waste            Min: 0, Avg:  0.0, Max: 0, Diff: 0, Sum: 0, Workers: 8
[112.472s][debug][gc,phases         ] GC(2562)     Code Roots Purge: 0.0ms
[112.472s][debug][gc,phases         ] GC(2562)     Redirty Cards: 0.0ms
[112.472s][debug][gc,phases         ] GC(2562)     DerivedPointerTable Update: 0.0ms
[112.472s][debug][gc,phases         ] GC(2562)     Free Collection Set: 0.2ms
[112.472s][debug][gc,phases         ] GC(2562)     Rebuild Free List: 0.1ms
[112.472s][debug][gc,phases         ] GC(2562)     Humongous Reclaim: 0.0ms
[112.472s][debug][gc,phases         ] GC(2562)     Start New Collection Set: 0.0ms
[112.472s][debug][gc,phases         ] GC(2562)     Resize TLABs: 0.0ms
[112.472s][debug][gc,phases         ] GC(2562)     Expand Heap After Collection: 0.0ms
[112.472s][info ][gc,phases         ] GC(2562)   Other: 0.4ms
[112.472s][info ][gc,heap           ] GC(2562) Eden regions: 769->0(770)
[112.472s][info ][gc,heap           ] GC(2562) Survivor regions: 6->5(97)
[112.472s][info ][gc,heap           ] GC(2562) Old regions: 18->18
[112.472s][info ][gc,heap           ] GC(2562) Archive regions: 2->2
[112.472s][info ][gc,heap           ] GC(2562) Humongous regions: 0->0
[112.472s][info ][gc,metaspace      ] GC(2562) Metaspace: 10016K(10624K)->10016K(10624K) NonClass: 8864K(9216K)->8864K(9216K) Class: 1152K(1408K)->1152K(1408K)
[112.472s][debug][gc,heap           ] GC(2562) Heap after GC invocations=2563 (full 1): garbage-first heap   total 1324032K, used 23579K [0x0000000700000000, 0x0000000800000000)
[112.472s][debug][gc,heap           ] GC(2562)   region size 1024K, 5 young (5120K), 5 survivors (5120K)
[112.472s][debug][gc,heap           ] GC(2562)  Metaspace       used 10016K, capacity 10304K, committed 10624K, reserved 1058816K
[112.472s][debug][gc,heap           ] GC(2562)   class space    used 1152K, capacity 1266K, committed 1408K, reserved 1048576K
[112.472s][info ][gc                ] GC(2562) Pause Young (Normal) (G1 Evacuation Pause) 792M->23M(1293M) 2.484ms
[112.472s][info ][gc,cpu            ] GC(2562) User=0.00s Sys=0.01s Real=0.01s
[112.472s][info ][safepoint         ] Safepoint "G1CollectForAllocation", Time since last: 37893021 ns, Reaching safepoint: 160581 ns, At safepoint: 2847515 ns, Total: 3008096 ns
[112.510s][debug][gc,heap           ] GC(2563) Heap before GC invocations=2563 (full 1): garbage-first heap   total 1324032K, used 811035K [0x0000000700000000, 0x0000000800000000)
[112.510s][debug][gc,heap           ] GC(2563)   region size 1024K, 775 young (793600K), 5 survivors (5120K)
[112.510s][debug][gc,heap           ] GC(2563)  Metaspace       used 10016K, capacity 10304K, committed 10624K, reserved 1058816K
[112.510s][debug][gc,heap           ] GC(2563)   class space    used 1152K, capacity 1266K, committed 1408K, reserved 1048576K
[112.510s][info ][gc,start          ] GC(2563) Pause Young (Normal) (G1 Evacuation Pause)
[112.510s][info ][gc,task           ] GC(2563) Using 8 workers of 8 for evacuation
[112.510s][debug][gc,tlab           ] GC(2563) TLAB totals: thrds: 8  refills: 17 max: 3 slow allocs: 1530 max 215 waste: 28.6% gc: 1416288B max: 245632B slow: 98336B max: 15096B fast: 0B max: 0B
[112.511s][debug][gc,age            ] GC(2563) Desired survivor size 50855936 bytes, new threshold 15 (max threshold 15)
[112.511s][debug][gc,alloc,region   ] GC(2563) Mutator Allocation stats, regions: 770, wasted size: 179M (23.4%)
[112.511s][debug][gc,ergo           ] GC(2563) Running G1 Merge Heap Roots using 8 workers for 775 regions
[112.511s][debug][gc,remset         ] GC(2563) Visited cards 512 Total dirty 4096 (12.50%) Total old 3215360 (0.02%)
[112.511s][debug][gc,ergo           ] GC(2563) Running G1 Clear Card Table Task using 2 workers for 2 units of work for 777 regions.
[112.511s][debug][gc,ref            ] GC(2563) Skipped phase1 of Reference Processing due to unavailable references
[112.511s][debug][gc,ref            ] GC(2563) Skipped phase2 of Reference Processing due to unavailable references
[112.511s][debug][gc,ref            ] GC(2563) Skipped phase3 of Reference Processing due to unavailable references
[112.511s][debug][gc,ref            ] GC(2563) Skipped phase4 of Reference Processing due to unavailable references
[112.511s][debug][gc,ergo           ] GC(2563) Running G1 Free Collection Set using 8 workers for collection set length 775 (1293)
[112.512s][debug][gc,ergo           ] GC(2563) Running G1 Rebuild Free List Task using 8 workers for rebuilding free list of 0 (4096) regions
[112.512s][trace][gc,age            ] GC(2563) Age table with threshold 15 (max threshold 15)
[112.512s][trace][gc,age            ] GC(2563) - age   1:    2402448 bytes,    2402448 total
[112.512s][debug][gc,plab           ] GC(2563) Young PLAB allocation: allocated: 16512B, wasted: 0B, unused: 14144B, used: 2368B, undo waste: 0B, 
[112.512s][debug][gc,plab           ] GC(2563) Young other allocation: region end waste: 482640B, regions filled: 3, direct allocated: 2400080B, failure used: 0B, failure wasted: 0B
[112.512s][debug][gc,plab           ] GC(2563) Young sizing: calculated: 0B, actual: 2064B
[112.512s][debug][gc,plab           ] GC(2563) Old PLAB allocation: allocated: 0B, wasted: 0B, unused: 0B, used: 0B, undo waste: 0B, 
[112.512s][debug][gc,plab           ] GC(2563) Old other allocation: region end waste: 0B, regions filled: 1, direct allocated: 0B, failure used: 0B, failure wasted: 0B
[112.512s][debug][gc,plab           ] GC(2563) Old sizing: calculated: 0B, actual: 2064B
[112.512s][debug][gc,ihop           ] GC(2563) Basic information (value update), threshold: 610113945B (45.00), target occupancy: 1355808768B, current occupancy: 22046496B, recent allocation size: 0B, recent allocation duration: 39.05ms, recent old gen allocation rate: 0.00B/s, recent marking phase length: 30.68ms
[112.512s][debug][gc,ihop           ] GC(2563) Adaptive IHOP information (value update), threshold: 610113945B (47.37), internal target occupancy: 1288018329B, occupancy: 22046496B, additional buffer size: 812646400B, predicted old gen allocation rate: 16.73B/s, predicted marking phase length: 61.36ms, prediction active: false
[112.512s][debug][gc,ergo,refine    ] GC(2563) Concurrent refinement times: Logged Cards Scan time goal: 20.00ms Logged Cards Scan time: 0.00ms HCC time: 0.00ms
[112.512s][debug][gc,ergo,refine    ] GC(2563) Updated Refinement Zones: green: 2048, yellow: 6144, red: 10240
[112.512s][info ][gc,phases         ] GC(2563)   Pre Evacuate Collection Set: 0.1ms
[112.512s][debug][gc,phases         ] GC(2563)     Prepare TLABs: 0.0ms
[112.512s][debug][gc,phases         ] GC(2563)     Choose Collection Set: 0.0ms
[112.512s][debug][gc,phases         ] GC(2563)     Region Register: 0.1ms
[112.512s][debug][gc,phases         ] GC(2563)     Prepare Heap Roots: 0.0ms
[112.512s][info ][gc,phases         ] GC(2563)   Merge Heap Roots: 0.1ms
[112.512s][debug][gc,phases         ] GC(2563)     Prepare Merge Heap Roots: 0.0ms
[112.512s][debug][gc,phases         ] GC(2563)     Eager Reclaim (ms):       skipped
[112.512s][debug][gc,phases         ] GC(2563)     Remembered Sets (ms):     Min:  0.0, Avg:  0.0, Max:  0.1, Diff:  0.0, Sum:  0.3, Workers: 8
[112.512s][debug][gc,phases         ] GC(2563)       Merged Sparse:            Min: 0, Avg:  0.0, Max: 0, Diff: 0, Sum: 0, Workers: 8
[112.512s][debug][gc,phases         ] GC(2563)       Merged Fine:              Min: 0, Avg:  0.0, Max: 0, Diff: 0, Sum: 0, Workers: 8
[112.512s][debug][gc,phases         ] GC(2563)       Merged Coarse:            Min: 0, Avg:  0.0, Max: 0, Diff: 0, Sum: 0, Workers: 8
[112.512s][debug][gc,phases         ] GC(2563)       Dirty Cards:              Min: 0, Avg:  0.0, Max: 0, Diff: 0, Sum: 0, Workers: 8
[112.512s][debug][gc,phases         ] GC(2563)     Hot Card Cache (ms):      Min:  0.0, Avg:  0.0, Max:  0.0, Diff:  0.0, Sum:  0.0, Workers: 8
[112.512s][debug][gc,phases         ] GC(2563)       Dirty Cards:              Min: 0, Avg:  0.0, Max: 0, Diff: 0, Sum: 0, Workers: 8
[112.512s][debug][gc,phases         ] GC(2563)       Skipped Cards:            Min: 0, Avg:  0.0, Max: 0, Diff: 0, Sum: 0, Workers: 8
[112.512s][debug][gc,phases         ] GC(2563)     Log Buffers (ms):         Min:  0.0, Avg:  0.0, Max:  0.0, Diff:  0.0, Sum:  0.0, Workers: 8
[112.512s][debug][gc,phases         ] GC(2563)       Dirty Cards:              Min: 0, Avg:  0.2, Max: 1, Diff: 1, Sum: 2, Workers: 8
[112.512s][debug][gc,phases         ] GC(2563)       Skipped Cards:            Min: 0, Avg:  0.0, Max: 0, Diff: 0, Sum: 0, Workers: 8
[112.512s][info ][gc,phases         ] GC(2563)   Evacuate Collection Set: 0.3ms
[112.512s][debug][gc,phases         ] GC(2563)     Ext Root Scanning (ms):   Min:  0.0, Avg:  0.1, Max:  0.2, Diff:  0.2, Sum:  0.9, Workers: 8
[112.512s][debug][gc,phases         ] GC(2563)     Scan Heap Roots (ms):     Min:  0.0, Avg:  0.0, Max:  0.0, Diff:  0.0, Sum:  0.0, Workers: 8
[112.512s][debug][gc,phases         ] GC(2563)       Scanned Cards:            Min: 0, Avg:  0.2, Max: 1, Diff: 1, Sum: 2, Workers: 8
[112.512s][debug][gc,phases         ] GC(2563)       Scanned Blocks:           Min: 0, Avg:  0.2, Max: 1, Diff: 1, Sum: 2, Workers: 8
[112.512s][debug][gc,phases         ] GC(2563)       Claimed Chunks:           Min: 0, Avg:  0.2, Max: 1, Diff: 1, Sum: 2, Workers: 8
[112.512s][debug][gc,phases         ] GC(2563)     Code Root Scan (ms):      Min:  0.0, Avg:  0.0, Max:  0.0, Diff:  0.0, Sum:  0.1, Workers: 8
[112.512s][debug][gc,phases         ] GC(2563)     Object Copy (ms):         Min:  0.0, Avg:  0.0, Max:  0.0, Diff:  0.0, Sum:  0.0, Workers: 8
[112.512s][debug][gc,phases         ] GC(2563)     Termination (ms):         Min:  0.0, Avg:  0.1, Max:  0.1, Diff:  0.1, Sum:  0.8, Workers: 8
[112.512s][debug][gc,phases         ] GC(2563)       Termination Attempts:     Min: 1, Avg:  1.0, Max: 1, Diff: 0, Sum: 8, Workers: 8
[112.512s][debug][gc,phases         ] GC(2563)     GC Worker Other (ms):     Min:  0.0, Avg:  0.0, Max:  0.1, Diff:  0.1, Sum:  0.4, Workers: 8
[112.512s][debug][gc,phases         ] GC(2563)     GC Worker Total (ms):     Min:  0.3, Avg:  0.3, Max:  0.3, Diff:  0.1, Sum:  2.3, Workers: 8
[112.512s][info ][gc,phases         ] GC(2563)   Post Evacuate Collection Set: 0.5ms
[112.512s][debug][gc,phases         ] GC(2563)     Code Roots Fixup: 0.0ms
[112.512s][debug][gc,phases         ] GC(2563)     Clear Card Table: 0.1ms
[112.512s][debug][gc,phases         ] GC(2563)     Reference Processing: 0.0ms
[112.512s][debug][gc,phases,ref     ] GC(2563)       Reconsider SoftReferences: 0.0ms
[112.512s][debug][gc,phases,ref     ] GC(2563)         SoftRef (ms):             skipped
[112.512s][debug][gc,phases,ref     ] GC(2563)       Notify Soft/WeakReferences: 0.0ms
[112.512s][debug][gc,phases,ref     ] GC(2563)         SoftRef (ms):             skipped
[112.512s][debug][gc,phases,ref     ] GC(2563)         WeakRef (ms):             skipped
[112.512s][debug][gc,phases,ref     ] GC(2563)         FinalRef (ms):            skipped
[112.512s][debug][gc,phases,ref     ] GC(2563)         Total (ms):               skipped
[112.512s][debug][gc,phases,ref     ] GC(2563)       Notify and keep alive finalizable: 0.0ms
[112.512s][debug][gc,phases,ref     ] GC(2563)         FinalRef (ms):            skipped
[112.512s][debug][gc,phases,ref     ] GC(2563)       Notify PhantomReferences: 0.0ms
[112.512s][debug][gc,phases,ref     ] GC(2563)         PhantomRef (ms):          skipped
[112.512s][debug][gc,phases,ref     ] GC(2563)       SoftReference:
[112.512s][debug][gc,phases,ref     ] GC(2563)         Discovered: 0
[112.512s][debug][gc,phases,ref     ] GC(2563)         Cleared: 0
[112.512s][debug][gc,phases,ref     ] GC(2563)       WeakReference:
[112.512s][debug][gc,phases,ref     ] GC(2563)         Discovered: 0
[112.512s][debug][gc,phases,ref     ] GC(2563)         Cleared: 0
[112.512s][debug][gc,phases,ref     ] GC(2563)       FinalReference:
[112.512s][debug][gc,phases,ref     ] GC(2563)         Discovered: 0
[112.512s][debug][gc,phases,ref     ] GC(2563)         Cleared: 0
[112.512s][debug][gc,phases,ref     ] GC(2563)       PhantomReference:
[112.512s][debug][gc,phases,ref     ] GC(2563)         Discovered: 0
[112.512s][debug][gc,phases,ref     ] GC(2563)         Cleared: 0
[112.512s][debug][gc,phases         ] GC(2563)     Weak Processing: 0.0ms
[112.512s][debug][gc,phases         ] GC(2563)       JVMTI weak processing: 0.0ms
[112.512s][debug][gc,phases         ] GC(2563)         Dead: 0
[112.512s][debug][gc,phases         ] GC(2563)         Total: 0
[112.512s][debug][gc,phases         ] GC(2563)       JFR weak processing: 0.0ms
[112.512s][debug][gc,phases         ] GC(2563)         Dead: 0
[112.512s][debug][gc,phases         ] GC(2563)         Total: 0
[112.512s][debug][gc,phases         ] GC(2563)       JNI weak                  Min:  0.0, Avg:  0.0, Max:  0.0, Diff:  0.0, Sum:  0.0, Workers: 5
[112.512s][debug][gc,phases         ] GC(2563)         Dead                      Min: 0, Avg:  0.0, Max: 0, Diff: 0, Sum: 0, Workers: 5
[112.512s][debug][gc,phases         ] GC(2563)         Total                     Min: 0, Avg: 20.4, Max: 62, Diff: 62, Sum: 102, Workers: 5
[112.512s][debug][gc,phases         ] GC(2563)       VM weak                   Min:  0.0, Avg:  0.0, Max:  0.0, Diff:  0.0, Sum:  0.0, Workers: 5
[112.512s][debug][gc,phases         ] GC(2563)         Dead                      Min: 0, Avg:  0.0, Max: 0, Diff: 0, Sum: 0, Workers: 5
[112.512s][debug][gc,phases         ] GC(2563)         Total                     Min: 0, Avg: 42.4, Max: 128, Diff: 128, Sum: 212, Workers: 5
[112.512s][debug][gc,phases         ] GC(2563)       StringTable weak          Min:  0.0, Avg:  0.0, Max:  0.0, Diff:  0.0, Sum:  0.1, Workers: 5
[112.512s][debug][gc,phases         ] GC(2563)         Dead                      Min: 0, Avg:  0.0, Max: 0, Diff: 0, Sum: 0, Workers: 5
[112.512s][debug][gc,phases         ] GC(2563)         Total                     Min: 0, Avg: 684.6, Max: 960, Diff: 960, Sum: 3423, Workers: 5
[112.512s][debug][gc,phases         ] GC(2563)       ResolvedMethodTable weak  Min:  0.0, Avg:  0.0, Max:  0.0, Diff:  0.0, Sum:  0.0, Workers: 5
[112.512s][debug][gc,phases         ] GC(2563)         Dead                      Min: 0, Avg:  0.0, Max: 0, Diff: 0, Sum: 0, Workers: 5
[112.512s][debug][gc,phases         ] GC(2563)         Total                     Min: 0, Avg: 114.6, Max: 189, Diff: 189, Sum: 573, Workers: 5
[112.512s][debug][gc,phases         ] GC(2563)     Merge Per-Thread State: 0.0ms
[112.512s][debug][gc,phases         ] GC(2563)       Copied Bytes              Min: 72, Avg: 300306.0, Max: 800320, Diff: 800248, Sum: 2402448, Workers: 8
[112.512s][debug][gc,phases         ] GC(2563)       LAB Waste                 Min: 0, Avg:  0.0, Max: 0, Diff: 0, Sum: 0, Workers: 8
[112.512s][debug][gc,phases         ] GC(2563)       LAB Undo Waste            Min: 0, Avg:  0.0, Max: 0, Diff: 0, Sum: 0, Workers: 8
[112.512s][debug][gc,phases         ] GC(2563)     Code Roots Purge: 0.0ms
[112.512s][debug][gc,phases         ] GC(2563)     Redirty Cards: 0.0ms
[112.512s][debug][gc,phases         ] GC(2563)     DerivedPointerTable Update: 0.0ms
[112.512s][debug][gc,phases         ] GC(2563)     Free Collection Set: 0.2ms
[112.512s][debug][gc,phases         ] GC(2563)     Rebuild Free List: 0.1ms
[112.512s][debug][gc,phases         ] GC(2563)     Humongous Reclaim: 0.0ms
[112.512s][debug][gc,phases         ] GC(2563)     Start New Collection Set: 0.0ms
[112.512s][debug][gc,phases         ] GC(2563)     Resize TLABs: 0.0ms
[112.512s][debug][gc,phases         ] GC(2563)     Expand Heap After Collection: 0.0ms
[112.512s][info ][gc,phases         ] GC(2563)   Other: 0.3ms
[112.512s][info ][gc,heap           ] GC(2563) Eden regions: 770->0(772)
[112.512s][info ][gc,heap           ] GC(2563) Survivor regions: 5->3(97)
[112.512s][info ][gc,heap           ] GC(2563) Old regions: 18->18
[112.512s][info ][gc,heap           ] GC(2563) Archive regions: 2->2
[112.512s][info ][gc,heap           ] GC(2563) Humongous regions: 0->0
[112.512s][info ][gc,metaspace      ] GC(2563) Metaspace: 10016K(10624K)->10016K(10624K) NonClass: 8864K(9216K)->8864K(9216K) Class: 1152K(1408K)->1152K(1408K)
[112.512s][debug][gc,heap           ] GC(2563) Heap after GC invocations=2564 (full 1): garbage-first heap   total 1324032K, used 21529K [0x0000000700000000, 0x0000000800000000)
[112.512s][debug][gc,heap           ] GC(2563)   region size 1024K, 3 young (3072K), 3 survivors (3072K)
[112.512s][debug][gc,heap           ] GC(2563)  Metaspace       used 10016K, capacity 10304K, committed 10624K, reserved 1058816K
[112.512s][debug][gc,heap           ] GC(2563)   class space    used 1152K, capacity 1266K, committed 1408K, reserved 1048576K
[112.512s][info ][gc                ] GC(2563) Pause Young (Normal) (G1 Evacuation Pause) 792M->21M(1293M) 1.975ms
[112.512s][info ][gc,cpu            ] GC(2563) User=0.01s Sys=0.00s Real=0.01s
[112.513s][info ][safepoint         ] Safepoint "G1CollectForAllocation", Time since last: 37781260 ns, Reaching safepoint: 156386 ns, At safepoint: 2141112 ns, Total: 2297498 ns
[112.552s][debug][gc,heap           ] GC(2564) Heap before GC invocations=2564 (full 1): garbage-first heap   total 1324032K, used 811033K [0x0000000700000000, 0x0000000800000000)
[112.552s][debug][gc,heap           ] GC(2564)   region size 1024K, 775 young (793600K), 3 survivors (3072K)
[112.552s][debug][gc,heap           ] GC(2564)  Metaspace       used 10016K, capacity 10304K, committed 10624K, reserved 1058816K
[112.552s][debug][gc,heap           ] GC(2564)   class space    used 1152K, capacity 1266K, committed 1408K, reserved 1048576K
[112.552s][info ][gc,start          ] GC(2564) Pause Young (Normal) (G1 Evacuation Pause)
[112.552s][info ][gc,task           ] GC(2564) Using 8 workers of 8 for evacuation
[112.552s][debug][gc,tlab           ] GC(2564) TLAB totals: thrds: 8  refills: 12 max: 2 slow allocs: 1535 max 220 waste: 27.7% gc: 1083064B max: 232528B slow: 55960B max: 14304B fast: 0B max: 0B
[112.552s][debug][gc,age            ] GC(2564) Desired survivor size 50855936 bytes, new threshold 15 (max threshold 15)
[112.552s][debug][gc,alloc,region   ] GC(2564) Mutator Allocation stats, regions: 772, wasted size: 180M (23.4%)
[112.552s][debug][gc,ergo           ] GC(2564) Running G1 Merge Heap Roots using 8 workers for 775 regions
[112.553s][debug][gc,remset         ] GC(2564) Visited cards 256 Total dirty 2048 (12.50%) Total old 3215360 (0.01%)
[112.553s][debug][gc,ergo           ] GC(2564) Running G1 Clear Card Table Task using 2 workers for 2 units of work for 776 regions.
[112.553s][debug][gc,ref            ] GC(2564) Skipped phase1 of Reference Processing due to unavailable references
[112.553s][debug][gc,ref            ] GC(2564) Skipped phase2 of Reference Processing due to unavailable references
[112.553s][debug][gc,ref            ] GC(2564) Skipped phase3 of Reference Processing due to unavailable references
[112.553s][debug][gc,ref            ] GC(2564) Skipped phase4 of Reference Processing due to unavailable references
[112.553s][debug][gc,ergo           ] GC(2564) Running G1 Free Collection Set using 8 workers for collection set length 775 (1293)
[112.554s][debug][gc,ergo           ] GC(2564) Running G1 Rebuild Free List Task using 8 workers for rebuilding free list of 0 (4096) regions
[112.554s][trace][gc,age            ] GC(2564) Age table with threshold 15 (max threshold 15)
[112.554s][trace][gc,age            ] GC(2564) - age   1:    4002592 bytes,    4002592 total
[112.554s][debug][gc,plab           ] GC(2564) Young PLAB allocation: allocated: 14448B, wasted: 0B, unused: 12000B, used: 2448B, undo waste: 0B, 
[112.554s][debug][gc,plab           ] GC(2564) Young other allocation: region end waste: 983856B, regions filled: 5, direct allocated: 4000144B, failure used: 0B, failure wasted: 0B
[112.554s][debug][gc,plab           ] GC(2564) Young sizing: calculated: 0B, actual: 2064B
[112.554s][debug][gc,plab           ] GC(2564) Old PLAB allocation: allocated: 0B, wasted: 0B, unused: 0B, used: 0B, undo waste: 0B, 
[112.554s][debug][gc,plab           ] GC(2564) Old other allocation: region end waste: 0B, regions filled: 1, direct allocated: 0B, failure used: 0B, failure wasted: 0B
[112.554s][debug][gc,plab           ] GC(2564) Old sizing: calculated: 0B, actual: 2064B
[112.554s][debug][gc,ihop           ] GC(2564) Basic information (value update), threshold: 610113945B (45.00), target occupancy: 1355808768B, current occupancy: 24145712B, recent allocation size: 0B, recent allocation duration: 40.53ms, recent old gen allocation rate: 0.00B/s, recent marking phase length: 30.68ms
[112.554s][debug][gc,ihop           ] GC(2564) Adaptive IHOP information (value update), threshold: 610113945B (47.37), internal target occupancy: 1288018329B, occupancy: 24145712B, additional buffer size: 812646400B, predicted old gen allocation rate: 16.31B/s, predicted marking phase length: 61.36ms, prediction active: false
[112.554s][debug][gc,ergo,refine    ] GC(2564) Concurrent refinement times: Logged Cards Scan time goal: 20.00ms Logged Cards Scan time: 0.00ms HCC time: 0.00ms
[112.554s][debug][gc,ergo,refine    ] GC(2564) Updated Refinement Zones: green: 2048, yellow: 6144, red: 10240
[112.554s][info ][gc,phases         ] GC(2564)   Pre Evacuate Collection Set: 0.1ms
[112.554s][debug][gc,phases         ] GC(2564)     Prepare TLABs: 0.0ms
[112.554s][debug][gc,phases         ] GC(2564)     Choose Collection Set: 0.0ms
[112.554s][debug][gc,phases         ] GC(2564)     Region Register: 0.1ms
[112.554s][debug][gc,phases         ] GC(2564)     Prepare Heap Roots: 0.0ms
[112.554s][info ][gc,phases         ] GC(2564)   Merge Heap Roots: 0.1ms
[112.554s][debug][gc,phases         ] GC(2564)     Prepare Merge Heap Roots: 0.0ms
[112.554s][debug][gc,phases         ] GC(2564)     Eager Reclaim (ms):       skipped
[112.554s][debug][gc,phases         ] GC(2564)     Remembered Sets (ms):     Min:  0.0, Avg:  0.0, Max:  0.1, Diff:  0.0, Sum:  0.2, Workers: 8
[112.554s][debug][gc,phases         ] GC(2564)       Merged Sparse:            Min: 0, Avg:  0.0, Max: 0, Diff: 0, Sum: 0, Workers: 8
[112.554s][debug][gc,phases         ] GC(2564)       Merged Fine:              Min: 0, Avg:  0.0, Max: 0, Diff: 0, Sum: 0, Workers: 8
[112.554s][debug][gc,phases         ] GC(2564)       Merged Coarse:            Min: 0, Avg:  0.0, Max: 0, Diff: 0, Sum: 0, Workers: 8
[112.554s][debug][gc,phases         ] GC(2564)       Dirty Cards:              Min: 0, Avg:  0.0, Max: 0, Diff: 0, Sum: 0, Workers: 8
[112.554s][debug][gc,phases         ] GC(2564)     Hot Card Cache (ms):      Min:  0.0, Avg:  0.0, Max:  0.0, Diff:  0.0, Sum:  0.0, Workers: 8
[112.554s][debug][gc,phases         ] GC(2564)       Dirty Cards:              Min: 0, Avg:  0.0, Max: 0, Diff: 0, Sum: 0, Workers: 8
[112.554s][debug][gc,phases         ] GC(2564)       Skipped Cards:            Min: 0, Avg:  0.0, Max: 0, Diff: 0, Sum: 0, Workers: 8
[112.554s][debug][gc,phases         ] GC(2564)     Log Buffers (ms):         Min:  0.0, Avg:  0.0, Max:  0.0, Diff:  0.0, Sum:  0.0, Workers: 8
[112.554s][debug][gc,phases         ] GC(2564)       Dirty Cards:              Min: 0, Avg:  0.1, Max: 1, Diff: 1, Sum: 1, Workers: 8
[112.554s][debug][gc,phases         ] GC(2564)       Skipped Cards:            Min: 0, Avg:  0.0, Max: 0, Diff: 0, Sum: 0, Workers: 8
[112.554s][info ][gc,phases         ] GC(2564)   Evacuate Collection Set: 0.5ms
[112.554s][debug][gc,phases         ] GC(2564)     Ext Root Scanning (ms):   Min:  0.0, Avg:  0.3, Max:  0.4, Diff:  0.4, Sum:  2.1, Workers: 8
[112.554s][debug][gc,phases         ] GC(2564)     Scan Heap Roots (ms):     Min:  0.0, Avg:  0.0, Max:  0.0, Diff:  0.0, Sum:  0.0, Workers: 8
[112.554s][debug][gc,phases         ] GC(2564)       Scanned Cards:            Min: 0, Avg:  0.1, Max: 1, Diff: 1, Sum: 1, Workers: 8
[112.554s][debug][gc,phases         ] GC(2564)       Scanned Blocks:           Min: 0, Avg:  0.1, Max: 1, Diff: 1, Sum: 1, Workers: 8
[112.554s][debug][gc,phases         ] GC(2564)       Claimed Chunks:           Min: 0, Avg:  0.1, Max: 1, Diff: 1, Sum: 1, Workers: 8
[112.554s][debug][gc,phases         ] GC(2564)     Code Root Scan (ms):      Min:  0.0, Avg:  0.0, Max:  0.1, Diff:  0.1, Sum:  0.2, Workers: 8
[112.554s][debug][gc,phases         ] GC(2564)     Object Copy (ms):         Min:  0.0, Avg:  0.0, Max:  0.0, Diff:  0.0, Sum:  0.0, Workers: 8
[112.554s][debug][gc,phases         ] GC(2564)     Termination (ms):         Min:  0.0, Avg:  0.1, Max:  0.1, Diff:  0.0, Sum:  0.6, Workers: 8
[112.554s][debug][gc,phases         ] GC(2564)       Termination Attempts:     Min: 1, Avg:  1.0, Max: 1, Diff: 0, Sum: 8, Workers: 8
[112.554s][debug][gc,phases         ] GC(2564)     GC Worker Other (ms):     Min:  0.0, Avg:  0.0, Max:  0.1, Diff:  0.1, Sum:  0.4, Workers: 8
[112.554s][debug][gc,phases         ] GC(2564)     GC Worker Total (ms):     Min:  0.1, Avg:  0.4, Max:  0.5, Diff:  0.4, Sum:  3.2, Workers: 8
[112.554s][info ][gc,phases         ] GC(2564)   Post Evacuate Collection Set: 0.6ms
[112.554s][debug][gc,phases         ] GC(2564)     Code Roots Fixup: 0.0ms
[112.554s][debug][gc,phases         ] GC(2564)     Clear Card Table: 0.2ms
[112.554s][debug][gc,phases         ] GC(2564)     Reference Processing: 0.0ms
[112.554s][debug][gc,phases,ref     ] GC(2564)       Reconsider SoftReferences: 0.0ms
[112.554s][debug][gc,phases,ref     ] GC(2564)         SoftRef (ms):             skipped
[112.554s][debug][gc,phases,ref     ] GC(2564)       Notify Soft/WeakReferences: 0.0ms
[112.554s][debug][gc,phases,ref     ] GC(2564)         SoftRef (ms):             skipped
[112.554s][debug][gc,phases,ref     ] GC(2564)         WeakRef (ms):             skipped
[112.554s][debug][gc,phases,ref     ] GC(2564)         FinalRef (ms):            skipped
[112.554s][debug][gc,phases,ref     ] GC(2564)         Total (ms):               skipped
[112.554s][debug][gc,phases,ref     ] GC(2564)       Notify and keep alive finalizable: 0.0ms
[112.554s][debug][gc,phases,ref     ] GC(2564)         FinalRef (ms):            skipped
[112.554s][debug][gc,phases,ref     ] GC(2564)       Notify PhantomReferences: 0.0ms
[112.554s][debug][gc,phases,ref     ] GC(2564)         PhantomRef (ms):          skipped
[112.554s][debug][gc,phases,ref     ] GC(2564)       SoftReference:
[112.554s][debug][gc,phases,ref     ] GC(2564)         Discovered: 0
[112.554s][debug][gc,phases,ref     ] GC(2564)         Cleared: 0
[112.554s][debug][gc,phases,ref     ] GC(2564)       WeakReference:
[112.554s][debug][gc,phases,ref     ] GC(2564)         Discovered: 0
[112.554s][debug][gc,phases,ref     ] GC(2564)         Cleared: 0
[112.554s][debug][gc,phases,ref     ] GC(2564)       FinalReference:
[112.554s][debug][gc,phases,ref     ] GC(2564)         Discovered: 0
[112.554s][debug][gc,phases,ref     ] GC(2564)         Cleared: 0
[112.554s][debug][gc,phases,ref     ] GC(2564)       PhantomReference:
[112.554s][debug][gc,phases,ref     ] GC(2564)         Discovered: 0
[112.554s][debug][gc,phases,ref     ] GC(2564)         Cleared: 0
[112.554s][debug][gc,phases         ] GC(2564)     Weak Processing: 0.0ms
[112.554s][debug][gc,phases         ] GC(2564)       JVMTI weak processing: 0.0ms
[112.554s][debug][gc,phases         ] GC(2564)         Dead: 0
[112.554s][debug][gc,phases         ] GC(2564)         Total: 0
[112.554s][debug][gc,phases         ] GC(2564)       JFR weak processing: 0.0ms
[112.554s][debug][gc,phases         ] GC(2564)         Dead: 0
[112.554s][debug][gc,phases         ] GC(2564)         Total: 0
[112.554s][debug][gc,phases         ] GC(2564)       JNI weak                  Min:  0.0, Avg:  0.0, Max:  0.0, Diff:  0.0, Sum:  0.0, Workers: 5
[112.554s][debug][gc,phases         ] GC(2564)         Dead                      Min: 0, Avg:  0.0, Max: 0, Diff: 0, Sum: 0, Workers: 5
[112.554s][debug][gc,phases         ] GC(2564)         Total                     Min: 0, Avg: 20.4, Max: 62, Diff: 62, Sum: 102, Workers: 5
[112.554s][debug][gc,phases         ] GC(2564)       VM weak                   Min:  0.0, Avg:  0.0, Max:  0.0, Diff:  0.0, Sum:  0.0, Workers: 5
[112.554s][debug][gc,phases         ] GC(2564)         Dead                      Min: 0, Avg:  0.0, Max: 0, Diff: 0, Sum: 0, Workers: 5
[112.554s][debug][gc,phases         ] GC(2564)         Total                     Min: 0, Avg: 42.4, Max: 84, Diff: 84, Sum: 212, Workers: 5
[112.554s][debug][gc,phases         ] GC(2564)       StringTable weak          Min:  0.0, Avg:  0.0, Max:  0.0, Diff:  0.0, Sum:  0.1, Workers: 5
[112.554s][debug][gc,phases         ] GC(2564)         Dead                      Min: 0, Avg:  0.0, Max: 0, Diff: 0, Sum: 0, Workers: 5
[112.554s][debug][gc,phases         ] GC(2564)         Total                     Min: 0, Avg: 684.6, Max: 896, Diff: 896, Sum: 3423, Workers: 5
[112.554s][debug][gc,phases         ] GC(2564)       ResolvedMethodTable weak  Min:  0.0, Avg:  0.0, Max:  0.0, Diff:  0.0, Sum:  0.0, Workers: 5
[112.554s][debug][gc,phases         ] GC(2564)         Dead                      Min: 0, Avg:  0.0, Max: 0, Diff: 0, Sum: 0, Workers: 5
[112.554s][debug][gc,phases         ] GC(2564)         Total                     Min: 0, Avg: 114.6, Max: 189, Diff: 189, Sum: 573, Workers: 5
[112.554s][debug][gc,phases         ] GC(2564)     Merge Per-Thread State: 0.0ms
[112.554s][debug][gc,phases         ] GC(2564)       Copied Bytes              Min: 0, Avg: 500324.0, Max: 800176, Diff: 800176, Sum: 4002592, Workers: 8
[112.554s][debug][gc,phases         ] GC(2564)       LAB Waste                 Min: 0, Avg:  0.0, Max: 0, Diff: 0, Sum: 0, Workers: 8
[112.554s][debug][gc,phases         ] GC(2564)       LAB Undo Waste            Min: 0, Avg:  0.0, Max: 0, Diff: 0, Sum: 0, Workers: 8
[112.554s][debug][gc,phases         ] GC(2564)     Code Roots Purge: 0.0ms
[112.554s][debug][gc,phases         ] GC(2564)     Redirty Cards: 0.0ms
[112.554s][debug][gc,phases         ] GC(2564)     DerivedPointerTable Update: 0.0ms
[112.554s][debug][gc,phases         ] GC(2564)     Free Collection Set: 0.2ms
[112.554s][debug][gc,phases         ] GC(2564)     Rebuild Free List: 0.1ms
[112.554s][debug][gc,phases         ] GC(2564)     Humongous Reclaim: 0.0ms
[112.554s][debug][gc,phases         ] GC(2564)     Start New Collection Set: 0.0ms
[112.554s][debug][gc,phases         ] GC(2564)     Resize TLABs: 0.0ms
[112.554s][debug][gc,phases         ] GC(2564)     Expand Heap After Collection: 0.0ms
[112.554s][info ][gc,phases         ] GC(2564)   Other: 0.3ms
[112.554s][info ][gc,heap           ] GC(2564) Eden regions: 772->0(770)
[112.554s][info ][gc,heap           ] GC(2564) Survivor regions: 3->5(97)
[112.554s][info ][gc,heap           ] GC(2564) Old regions: 18->18
[112.554s][info ][gc,heap           ] GC(2564) Archive regions: 2->2
[112.554s][info ][gc,heap           ] GC(2564) Humongous regions: 0->0
[112.554s][info ][gc,metaspace      ] GC(2564) Metaspace: 10016K(10624K)->10016K(10624K) NonClass: 8864K(9216K)->8864K(9216K) Class: 1152K(1408K)->1152K(1408K)
[112.554s][debug][gc,heap           ] GC(2564) Heap after GC invocations=2565 (full 1): garbage-first heap   total 1324032K, used 23579K [0x0000000700000000, 0x0000000800000000)
[112.554s][debug][gc,heap           ] GC(2564)   region size 1024K, 5 young (5120K), 5 survivors (5120K)
[112.554s][debug][gc,heap           ] GC(2564)  Metaspace       used 10016K, capacity 10304K, committed 10624K, reserved 1058816K
[112.554s][debug][gc,heap           ] GC(2564)   class space    used 1152K, capacity 1266K, committed 1408K, reserved 1048576K
[112.554s][info ][gc                ] GC(2564) Pause Young (Normal) (G1 Evacuation Pause) 792M->23M(1293M) 2.247ms
[112.554s][info ][gc,cpu            ] GC(2564) User=0.00s Sys=0.00s Real=0.00s
[112.555s][info ][safepoint         ] Safepoint "G1CollectForAllocation", Time since last: 39446139 ns, Reaching safepoint: 161397 ns, At safepoint: 2484367 ns, Total: 2645764 ns
[112.595s][debug][gc,heap           ] GC(2565) Heap before GC invocations=2565 (full 1): garbage-first heap   total 1324032K, used 811035K [0x0000000700000000, 0x0000000800000000)
[112.595s][debug][gc,heap           ] GC(2565)   region size 1024K, 775 young (793600K), 5 survivors (5120K)
[112.595s][debug][gc,heap           ] GC(2565)  Metaspace       used 10016K, capacity 10304K, committed 10624K, reserved 1058816K
[112.595s][debug][gc,heap           ] GC(2565)   class space    used 1152K, capacity 1266K, committed 1408K, reserved 1048576K
[112.595s][info ][gc,start          ] GC(2565) Pause Young (Normal) (G1 Evacuation Pause)
[112.595s][info ][gc,task           ] GC(2565) Using 8 workers of 8 for evacuation
[112.595s][debug][gc,tlab           ] GC(2565) TLAB totals: thrds: 8  refills: 15 max: 2 slow allocs: 1532 max 214 waste: 33.0% gc: 1207288B max: 238448B slow: 59656B max: 13912B fast: 0B max: 0B
[112.595s][debug][gc,age            ] GC(2565) Desired survivor size 50855936 bytes, new threshold 15 (max threshold 15)
[112.595s][debug][gc,alloc,region   ] GC(2565) Mutator Allocation stats, regions: 770, wasted size: 180M (23.4%)
[112.595s][debug][gc,ergo           ] GC(2565) Running G1 Merge Heap Roots using 8 workers for 775 regions
[112.595s][debug][gc,remset         ] GC(2565) Visited cards 512 Total dirty 4096 (12.50%) Total old 3215360 (0.02%)
[112.596s][debug][gc,ergo           ] GC(2565) Running G1 Clear Card Table Task using 2 workers for 2 units of work for 777 regions.
[112.596s][debug][gc,ref            ] GC(2565) Skipped phase1 of Reference Processing due to unavailable references
[112.596s][debug][gc,ref            ] GC(2565) Skipped phase2 of Reference Processing due to unavailable references
[112.596s][debug][gc,ref            ] GC(2565) Skipped phase3 of Reference Processing due to unavailable references
[112.596s][debug][gc,ref            ] GC(2565) Skipped phase4 of Reference Processing due to unavailable references
[112.596s][debug][gc,ergo           ] GC(2565) Running G1 Free Collection Set using 8 workers for collection set length 775 (1293)
[112.596s][debug][gc,ergo           ] GC(2565) Running G1 Rebuild Free List Task using 8 workers for rebuilding free list of 0 (4096) regions
[112.596s][trace][gc,age            ] GC(2565) Age table with threshold 15 (max threshold 15)
[112.596s][trace][gc,age            ] GC(2565) - age   1:    3202560 bytes,    3202560 total
[112.596s][debug][gc,plab           ] GC(2565) Young PLAB allocation: allocated: 16512B, wasted: 0B, unused: 14064B, used: 2448B, undo waste: 0B, 
[112.596s][debug][gc,plab           ] GC(2565) Young other allocation: region end waste: 733248B, regions filled: 4, direct allocated: 3200112B, failure used: 0B, failure wasted: 0B
[112.596s][debug][gc,plab           ] GC(2565) Young sizing: calculated: 0B, actual: 2064B
[112.596s][debug][gc,plab           ] GC(2565) Old PLAB allocation: allocated: 0B, wasted: 0B, unused: 0B, used: 0B, undo waste: 0B, 
[112.596s][debug][gc,plab           ] GC(2565) Old other allocation: region end waste: 0B, regions filled: 1, direct allocated: 0B, failure used: 0B, failure wasted: 0B
[112.596s][debug][gc,plab           ] GC(2565) Old sizing: calculated: 0B, actual: 2064B
[112.596s][debug][gc,ihop           ] GC(2565) Basic information (value update), threshold: 610113945B (45.00), target occupancy: 1355808768B, current occupancy: 23097136B, recent allocation size: 0B, recent allocation duration: 41.31ms, recent old gen allocation rate: 0.00B/s, recent marking phase length: 30.68ms
[112.596s][debug][gc,ihop           ] GC(2565) Adaptive IHOP information (value update), threshold: 610113945B (47.37), internal target occupancy: 1288018329B, occupancy: 23097136B, additional buffer size: 812646400B, predicted old gen allocation rate: 15.90B/s, predicted marking phase length: 61.36ms, prediction active: false
[112.596s][debug][gc,ergo,refine    ] GC(2565) Concurrent refinement times: Logged Cards Scan time goal: 20.00ms Logged Cards Scan time: 0.00ms HCC time: 0.00ms
[112.596s][debug][gc,ergo,refine    ] GC(2565) Updated Refinement Zones: green: 2048, yellow: 6144, red: 10240
[112.596s][info ][gc,phases         ] GC(2565)   Pre Evacuate Collection Set: 0.1ms
[112.596s][debug][gc,phases         ] GC(2565)     Prepare TLABs: 0.0ms
[112.596s][debug][gc,phases         ] GC(2565)     Choose Collection Set: 0.0ms
[112.596s][debug][gc,phases         ] GC(2565)     Region Register: 0.1ms
[112.596s][debug][gc,phases         ] GC(2565)     Prepare Heap Roots: 0.0ms
[112.596s][info ][gc,phases         ] GC(2565)   Merge Heap Roots: 0.2ms
[112.596s][debug][gc,phases         ] GC(2565)     Prepare Merge Heap Roots: 0.0ms
[112.596s][debug][gc,phases         ] GC(2565)     Eager Reclaim (ms):       skipped
[112.596s][debug][gc,phases         ] GC(2565)     Remembered Sets (ms):     Min:  0.0, Avg:  0.0, Max:  0.0, Diff:  0.0, Sum:  0.2, Workers: 8
[112.596s][debug][gc,phases         ] GC(2565)       Merged Sparse:            Min: 0, Avg:  0.0, Max: 0, Diff: 0, Sum: 0, Workers: 8
[112.596s][debug][gc,phases         ] GC(2565)       Merged Fine:              Min: 0, Avg:  0.0, Max: 0, Diff: 0, Sum: 0, Workers: 8
[112.596s][debug][gc,phases         ] GC(2565)       Merged Coarse:            Min: 0, Avg:  0.0, Max: 0, Diff: 0, Sum: 0, Workers: 8
[112.596s][debug][gc,phases         ] GC(2565)       Dirty Cards:              Min: 0, Avg:  0.0, Max: 0, Diff: 0, Sum: 0, Workers: 8
[112.597s][debug][gc,phases         ] GC(2565)     Hot Card Cache (ms):      Min:  0.0, Avg:  0.0, Max:  0.0, Diff:  0.0, Sum:  0.0, Workers: 8
[112.597s][debug][gc,phases         ] GC(2565)       Dirty Cards:              Min: 0, Avg:  0.0, Max: 0, Diff: 0, Sum: 0, Workers: 8
[112.597s][debug][gc,phases         ] GC(2565)       Skipped Cards:            Min: 0, Avg:  0.0, Max: 0, Diff: 0, Sum: 0, Workers: 8
[112.597s][debug][gc,phases         ] GC(2565)     Log Buffers (ms):         Min:  0.0, Avg:  0.0, Max:  0.0, Diff:  0.0, Sum:  0.0, Workers: 8
[112.597s][debug][gc,phases         ] GC(2565)       Dirty Cards:              Min: 0, Avg:  0.2, Max: 1, Diff: 1, Sum: 2, Workers: 8
[112.597s][debug][gc,phases         ] GC(2565)       Skipped Cards:            Min: 0, Avg:  0.0, Max: 0, Diff: 0, Sum: 0, Workers: 8
[112.597s][info ][gc,phases         ] GC(2565)   Evacuate Collection Set: 0.4ms
[112.597s][debug][gc,phases         ] GC(2565)     Ext Root Scanning (ms):   Min:  0.1, Avg:  0.2, Max:  0.3, Diff:  0.2, Sum:  1.5, Workers: 8
[112.597s][debug][gc,phases         ] GC(2565)     Scan Heap Roots (ms):     Min:  0.0, Avg:  0.0, Max:  0.0, Diff:  0.0, Sum:  0.0, Workers: 8
[112.597s][debug][gc,phases         ] GC(2565)       Scanned Cards:            Min: 0, Avg:  0.2, Max: 2, Diff: 2, Sum: 2, Workers: 8
[112.597s][debug][gc,phases         ] GC(2565)       Scanned Blocks:           Min: 0, Avg:  0.2, Max: 2, Diff: 2, Sum: 2, Workers: 8
[112.597s][debug][gc,phases         ] GC(2565)       Claimed Chunks:           Min: 0, Avg:  0.2, Max: 2, Diff: 2, Sum: 2, Workers: 8
[112.597s][debug][gc,phases         ] GC(2565)     Code Root Scan (ms):      Min:  0.0, Avg:  0.0, Max:  0.0, Diff:  0.0, Sum:  0.1, Workers: 8
[112.597s][debug][gc,phases         ] GC(2565)     Object Copy (ms):         Min:  0.0, Avg:  0.0, Max:  0.0, Diff:  0.0, Sum:  0.0, Workers: 8
[112.597s][debug][gc,phases         ] GC(2565)     Termination (ms):         Min:  0.0, Avg:  0.1, Max:  0.1, Diff:  0.1, Sum:  0.7, Workers: 8
[112.597s][debug][gc,phases         ] GC(2565)       Termination Attempts:     Min: 1, Avg:  1.4, Max: 3, Diff: 2, Sum: 11, Workers: 8
[112.597s][debug][gc,phases         ] GC(2565)     GC Worker Other (ms):     Min:  0.0, Avg:  0.0, Max:  0.1, Diff:  0.1, Sum:  0.3, Workers: 8
[112.597s][debug][gc,phases         ] GC(2565)     GC Worker Total (ms):     Min:  0.3, Avg:  0.3, Max:  0.4, Diff:  0.1, Sum:  2.7, Workers: 8
[112.597s][info ][gc,phases         ] GC(2565)   Post Evacuate Collection Set: 0.5ms
[112.597s][debug][gc,phases         ] GC(2565)     Code Roots Fixup: 0.0ms
[112.597s][debug][gc,phases         ] GC(2565)     Clear Card Table: 0.2ms
[112.597s][debug][gc,phases         ] GC(2565)     Reference Processing: 0.0ms
[112.597s][debug][gc,phases,ref     ] GC(2565)       Reconsider SoftReferences: 0.0ms
[112.597s][debug][gc,phases,ref     ] GC(2565)         SoftRef (ms):             skipped
[112.597s][debug][gc,phases,ref     ] GC(2565)       Notify Soft/WeakReferences: 0.0ms
[112.597s][debug][gc,phases,ref     ] GC(2565)         SoftRef (ms):             skipped
[112.597s][debug][gc,phases,ref     ] GC(2565)         WeakRef (ms):             skipped
[112.597s][debug][gc,phases,ref     ] GC(2565)         FinalRef (ms):            skipped
[112.597s][debug][gc,phases,ref     ] GC(2565)         Total (ms):               skipped
[112.597s][debug][gc,phases,ref     ] GC(2565)       Notify and keep alive finalizable: 0.0ms
[112.597s][debug][gc,phases,ref     ] GC(2565)         FinalRef (ms):            skipped
[112.597s][debug][gc,phases,ref     ] GC(2565)       Notify PhantomReferences: 0.0ms
[112.597s][debug][gc,phases,ref     ] GC(2565)         PhantomRef (ms):          skipped
[112.597s][debug][gc,phases,ref     ] GC(2565)       SoftReference:
[112.597s][debug][gc,phases,ref     ] GC(2565)         Discovered: 0
[112.597s][debug][gc,phases,ref     ] GC(2565)         Cleared: 0
[112.597s][debug][gc,phases,ref     ] GC(2565)       WeakReference:
[112.597s][debug][gc,phases,ref     ] GC(2565)         Discovered: 0
[112.597s][debug][gc,phases,ref     ] GC(2565)         Cleared: 0
[112.597s][debug][gc,phases,ref     ] GC(2565)       FinalReference:
[112.597s][debug][gc,phases,ref     ] GC(2565)         Discovered: 0
[112.597s][debug][gc,phases,ref     ] GC(2565)         Cleared: 0
[112.597s][debug][gc,phases,ref     ] GC(2565)       PhantomReference:
[112.597s][debug][gc,phases,ref     ] GC(2565)         Discovered: 0
[112.597s][debug][gc,phases,ref     ] GC(2565)         Cleared: 0
[112.597s][debug][gc,phases         ] GC(2565)     Weak Processing: 0.1ms
[112.597s][debug][gc,phases         ] GC(2565)       JVMTI weak processing: 0.0ms
[112.597s][debug][gc,phases         ] GC(2565)         Dead: 0
[112.597s][debug][gc,phases         ] GC(2565)         Total: 0
[112.597s][debug][gc,phases         ] GC(2565)       JFR weak processing: 0.0ms
[112.597s][debug][gc,phases         ] GC(2565)         Dead: 0
[112.597s][debug][gc,phases         ] GC(2565)         Total: 0
[112.597s][debug][gc,phases         ] GC(2565)       JNI weak                  Min:  0.0, Avg:  0.0, Max:  0.0, Diff:  0.0, Sum:  0.0, Workers: 5
[112.597s][debug][gc,phases         ] GC(2565)         Dead                      Min: 0, Avg:  0.0, Max: 0, Diff: 0, Sum: 0, Workers: 5
[112.597s][debug][gc,phases         ] GC(2565)         Total                     Min: 0, Avg: 20.4, Max: 62, Diff: 62, Sum: 102, Workers: 5
[112.597s][debug][gc,phases         ] GC(2565)       VM weak                   Min:  0.0, Avg:  0.0, Max:  0.0, Diff:  0.0, Sum:  0.0, Workers: 5
[112.597s][debug][gc,phases         ] GC(2565)         Dead                      Min: 0, Avg:  0.0, Max: 0, Diff: 0, Sum: 0, Workers: 5
[112.597s][debug][gc,phases         ] GC(2565)         Total                     Min: 0, Avg: 42.4, Max: 128, Diff: 128, Sum: 212, Workers: 5
[112.597s][debug][gc,phases         ] GC(2565)       StringTable weak          Min:  0.0, Avg:  0.0, Max:  0.0, Diff:  0.0, Sum:  0.1, Workers: 5
[112.597s][debug][gc,phases         ] GC(2565)         Dead                      Min: 0, Avg:  0.0, Max: 0, Diff: 0, Sum: 0, Workers: 5
[112.597s][debug][gc,phases         ] GC(2565)         Total                     Min: 0, Avg: 684.6, Max: 1727, Diff: 1727, Sum: 3423, Workers: 5
[112.597s][debug][gc,phases         ] GC(2565)       ResolvedMethodTable weak  Min:  0.0, Avg:  0.0, Max:  0.0, Diff:  0.0, Sum:  0.0, Workers: 5
[112.597s][debug][gc,phases         ] GC(2565)         Dead                      Min: 0, Avg:  0.0, Max: 0, Diff: 0, Sum: 0, Workers: 5
[112.597s][debug][gc,phases         ] GC(2565)         Total                     Min: 0, Avg: 114.6, Max: 317, Diff: 317, Sum: 573, Workers: 5
[112.597s][debug][gc,phases         ] GC(2565)     Merge Per-Thread State: 0.0ms
[112.597s][debug][gc,phases         ] GC(2565)       Copied Bytes              Min: 584, Avg: 400320.0, Max: 800256, Diff: 799672, Sum: 3202560, Workers: 8
[112.597s][debug][gc,phases         ] GC(2565)       LAB Waste                 Min: 0, Avg:  0.0, Max: 0, Diff: 0, Sum: 0, Workers: 8
[112.597s][debug][gc,phases         ] GC(2565)       LAB Undo Waste            Min: 0, Avg:  0.0, Max: 0, Diff: 0, Sum: 0, Workers: 8
[112.597s][debug][gc,phases         ] GC(2565)     Code Roots Purge: 0.0ms
[112.597s][debug][gc,phases         ] GC(2565)     Redirty Cards: 0.0ms
[112.597s][debug][gc,phases         ] GC(2565)     DerivedPointerTable Update: 0.0ms
[112.597s][debug][gc,phases         ] GC(2565)     Free Collection Set: 0.2ms
[112.597s][debug][gc,phases         ] GC(2565)     Rebuild Free List: 0.1ms
[112.597s][debug][gc,phases         ] GC(2565)     Humongous Reclaim: 0.0ms
[112.597s][debug][gc,phases         ] GC(2565)     Start New Collection Set: 0.0ms
[112.597s][debug][gc,phases         ] GC(2565)     Resize TLABs: 0.0ms
[112.597s][debug][gc,phases         ] GC(2565)     Expand Heap After Collection: 0.0ms
[112.597s][info ][gc,phases         ] GC(2565)   Other: 0.3ms
[112.597s][info ][gc,heap           ] GC(2565) Eden regions: 770->0(771)
[112.597s][info ][gc,heap           ] GC(2565) Survivor regions: 5->4(97)
[112.597s][info ][gc,heap           ] GC(2565) Old regions: 18->18
[112.597s][info ][gc,heap           ] GC(2565) Archive regions: 2->2
[112.597s][info ][gc,heap           ] GC(2565) Humongous regions: 0->0
[112.597s][info ][gc,metaspace      ] GC(2565) Metaspace: 10016K(10624K)->10016K(10624K) NonClass: 8864K(9216K)->8864K(9216K) Class: 1152K(1408K)->1152K(1408K)
[112.597s][debug][gc,heap           ] GC(2565) Heap after GC invocations=2566 (full 1): garbage-first heap   total 1324032K, used 22555K [0x0000000700000000, 0x0000000800000000)
[112.597s][debug][gc,heap           ] GC(2565)   region size 1024K, 4 young (4096K), 4 survivors (4096K)
[112.597s][debug][gc,heap           ] GC(2565)  Metaspace       used 10016K, capacity 10304K, committed 10624K, reserved 1058816K
[112.597s][debug][gc,heap           ] GC(2565)   class space    used 1152K, capacity 1266K, committed 1408K, reserved 1048576K
[112.597s][info ][gc                ] GC(2565) Pause Young (Normal) (G1 Evacuation Pause) 792M->22M(1293M) 2.112ms
[112.597s][info ][gc,cpu            ] GC(2565) User=0.00s Sys=0.00s Real=0.00s
[112.597s][info ][safepoint         ] Safepoint "G1CollectForAllocation", Time since last: 40164281 ns, Reaching safepoint: 140221 ns, At safepoint: 2286022 ns, Total: 2426243 ns
[112.636s][debug][gc,heap           ] GC(2566) Heap before GC invocations=2566 (full 1): garbage-first heap   total 1324032K, used 811035K [0x0000000700000000, 0x0000000800000000)
[112.636s][debug][gc,heap           ] GC(2566)   region size 1024K, 775 young (793600K), 4 survivors (4096K)
[112.636s][debug][gc,heap           ] GC(2566)  Metaspace       used 10016K, capacity 10304K, committed 10624K, reserved 1058816K
[112.636s][debug][gc,heap           ] GC(2566)   class space    used 1152K, capacity 1266K, committed 1408K, reserved 1048576K
[112.636s][info ][gc,start          ] GC(2566) Pause Young (Normal) (G1 Evacuation Pause)
[112.636s][info ][gc,task           ] GC(2566) Using 8 workers of 8 for evacuation
[112.636s][debug][gc,tlab           ] GC(2566) TLAB totals: thrds: 8  refills: 14 max: 2 slow allocs: 1537 max 217 waste: 32.9% gc: 1205280B max: 246032B slow: 58016B max: 14304B fast: 0B max: 0B
[112.636s][debug][gc,age            ] GC(2566) Desired survivor size 50855936 bytes, new threshold 15 (max threshold 15)
[112.636s][debug][gc,alloc,region   ] GC(2566) Mutator Allocation stats, regions: 771, wasted size: 180M (23.4%)
[112.636s][debug][gc,ergo           ] GC(2566) Running G1 Merge Heap Roots using 8 workers for 775 regions
[112.636s][debug][gc,remset         ] GC(2566) Visited cards 256 Total dirty 2048 (12.50%) Total old 3215360 (0.01%)
[112.637s][debug][gc,ergo           ] GC(2566) Running G1 Clear Card Table Task using 2 workers for 2 units of work for 776 regions.
[112.637s][debug][gc,ref            ] GC(2566) Skipped phase1 of Reference Processing due to unavailable references
[112.637s][debug][gc,ref            ] GC(2566) Skipped phase2 of Reference Processing due to unavailable references
[112.637s][debug][gc,ref            ] GC(2566) Skipped phase3 of Reference Processing due to unavailable references
[112.637s][debug][gc,ref            ] GC(2566) Skipped phase4 of Reference Processing due to unavailable references
[112.637s][debug][gc,ergo           ] GC(2566) Running G1 Free Collection Set using 8 workers for collection set length 775 (1293)
[112.637s][debug][gc,ergo           ] GC(2566) Running G1 Rebuild Free List Task using 8 workers for rebuilding free list of 0 (4096) regions
[112.637s][trace][gc,age            ] GC(2566) Age table with threshold 15 (max threshold 15)
[112.637s][trace][gc,age            ] GC(2566) - age   1:    3202576 bytes,    3202576 total
[112.637s][debug][gc,plab           ] GC(2566) Young PLAB allocation: allocated: 16512B, wasted: 0B, unused: 14064B, used: 2448B, undo waste: 0B, 
[112.637s][debug][gc,plab           ] GC(2566) Young other allocation: region end waste: 731184B, regions filled: 4, direct allocated: 3200128B, failure used: 0B, failure wasted: 0B
[112.637s][debug][gc,plab           ] GC(2566) Young sizing: calculated: 0B, actual: 2064B
[112.637s][debug][gc,plab           ] GC(2566) Old PLAB allocation: allocated: 0B, wasted: 0B, unused: 0B, used: 0B, undo waste: 0B, 
[112.637s][debug][gc,plab           ] GC(2566) Old other allocation: region end waste: 0B, regions filled: 1, direct allocated: 0B, failure used: 0B, failure wasted: 0B
[112.637s][debug][gc,plab           ] GC(2566) Old sizing: calculated: 0B, actual: 2064B
[112.637s][debug][gc,ihop           ] GC(2566) Basic information (value update), threshold: 610113945B (45.00), target occupancy: 1355808768B, current occupancy: 23095088B, recent allocation size: 0B, recent allocation duration: 39.50ms, recent old gen allocation rate: 0.00B/s, recent marking phase length: 30.68ms
[112.637s][debug][gc,ihop           ] GC(2566) Adaptive IHOP information (value update), threshold: 610113945B (47.37), internal target occupancy: 1288018329B, occupancy: 23095088B, additional buffer size: 812646400B, predicted old gen allocation rate: 15.49B/s, predicted marking phase length: 61.36ms, prediction active: false
[112.637s][debug][gc,ergo,refine    ] GC(2566) Concurrent refinement times: Logged Cards Scan time goal: 20.00ms Logged Cards Scan time: 0.00ms HCC time: 0.00ms
[112.637s][debug][gc,ergo,refine    ] GC(2566) Updated Refinement Zones: green: 2048, yellow: 6144, red: 10240
[112.637s][info ][gc,phases         ] GC(2566)   Pre Evacuate Collection Set: 0.1ms
[112.637s][debug][gc,phases         ] GC(2566)     Prepare TLABs: 0.0ms
[112.637s][debug][gc,phases         ] GC(2566)     Choose Collection Set: 0.0ms
[112.637s][debug][gc,phases         ] GC(2566)     Region Register: 0.1ms
[112.637s][debug][gc,phases         ] GC(2566)     Prepare Heap Roots: 0.0ms
[112.637s][info ][gc,phases         ] GC(2566)   Merge Heap Roots: 0.1ms
[112.637s][debug][gc,phases         ] GC(2566)     Prepare Merge Heap Roots: 0.0ms
[112.637s][debug][gc,phases         ] GC(2566)     Eager Reclaim (ms):       skipped
[112.637s][debug][gc,phases         ] GC(2566)     Remembered Sets (ms):     Min:  0.0, Avg:  0.0, Max:  0.1, Diff:  0.0, Sum:  0.3, Workers: 8
[112.637s][debug][gc,phases         ] GC(2566)       Merged Sparse:            Min: 0, Avg:  0.0, Max: 0, Diff: 0, Sum: 0, Workers: 8
[112.637s][debug][gc,phases         ] GC(2566)       Merged Fine:              Min: 0, Avg:  0.0, Max: 0, Diff: 0, Sum: 0, Workers: 8
[112.637s][debug][gc,phases         ] GC(2566)       Merged Coarse:            Min: 0, Avg:  0.0, Max: 0, Diff: 0, Sum: 0, Workers: 8
[112.637s][debug][gc,phases         ] GC(2566)       Dirty Cards:              Min: 0, Avg:  0.0, Max: 0, Diff: 0, Sum: 0, Workers: 8
[112.637s][debug][gc,phases         ] GC(2566)     Hot Card Cache (ms):      Min:  0.0, Avg:  0.0, Max:  0.0, Diff:  0.0, Sum:  0.0, Workers: 8
[112.637s][debug][gc,phases         ] GC(2566)       Dirty Cards:              Min: 0, Avg:  0.0, Max: 0, Diff: 0, Sum: 0, Workers: 8
[112.637s][debug][gc,phases         ] GC(2566)       Skipped Cards:            Min: 0, Avg:  0.0, Max: 0, Diff: 0, Sum: 0, Workers: 8
[112.637s][debug][gc,phases         ] GC(2566)     Log Buffers (ms):         Min:  0.0, Avg:  0.0, Max:  0.0, Diff:  0.0, Sum:  0.0, Workers: 8
[112.637s][debug][gc,phases         ] GC(2566)       Dirty Cards:              Min: 0, Avg:  0.1, Max: 1, Diff: 1, Sum: 1, Workers: 8
[112.637s][debug][gc,phases         ] GC(2566)       Skipped Cards:            Min: 0, Avg:  0.0, Max: 0, Diff: 0, Sum: 0, Workers: 8
[112.637s][info ][gc,phases         ] GC(2566)   Evacuate Collection Set: 0.4ms
[112.637s][debug][gc,phases         ] GC(2566)     Ext Root Scanning (ms):   Min:  0.2, Avg:  0.2, Max:  0.3, Diff:  0.0, Sum:  1.9, Workers: 8
[112.637s][debug][gc,phases         ] GC(2566)     Scan Heap Roots (ms):     Min:  0.0, Avg:  0.0, Max:  0.0, Diff:  0.0, Sum:  0.0, Workers: 8
[112.637s][debug][gc,phases         ] GC(2566)       Scanned Cards:            Min: 0, Avg:  0.1, Max: 1, Diff: 1, Sum: 1, Workers: 8
[112.637s][debug][gc,phases         ] GC(2566)       Scanned Blocks:           Min: 0, Avg:  0.1, Max: 1, Diff: 1, Sum: 1, Workers: 8
[112.637s][debug][gc,phases         ] GC(2566)       Claimed Chunks:           Min: 0, Avg:  0.1, Max: 1, Diff: 1, Sum: 1, Workers: 8
[112.637s][debug][gc,phases         ] GC(2566)     Code Root Scan (ms):      Min:  0.0, Avg:  0.0, Max:  0.0, Diff:  0.0, Sum:  0.2, Workers: 8
[112.637s][debug][gc,phases         ] GC(2566)     Object Copy (ms):         Min:  0.0, Avg:  0.0, Max:  0.0, Diff:  0.0, Sum:  0.0, Workers: 8
[112.637s][debug][gc,phases         ] GC(2566)     Termination (ms):         Min:  0.1, Avg:  0.1, Max:  0.1, Diff:  0.0, Sum:  0.5, Workers: 8
[112.637s][debug][gc,phases         ] GC(2566)       Termination Attempts:     Min: 1, Avg:  1.0, Max: 1, Diff: 0, Sum: 8, Workers: 8
[112.637s][debug][gc,phases         ] GC(2566)     GC Worker Other (ms):     Min:  0.0, Avg:  0.1, Max:  0.1, Diff:  0.0, Sum:  0.4, Workers: 8
[112.637s][debug][gc,phases         ] GC(2566)     GC Worker Total (ms):     Min:  0.4, Avg:  0.4, Max:  0.4, Diff:  0.1, Sum:  3.0, Workers: 8
[112.637s][info ][gc,phases         ] GC(2566)   Post Evacuate Collection Set: 0.5ms
[112.637s][debug][gc,phases         ] GC(2566)     Code Roots Fixup: 0.0ms
[112.637s][debug][gc,phases         ] GC(2566)     Clear Card Table: 0.1ms
[112.637s][debug][gc,phases         ] GC(2566)     Reference Processing: 0.0ms
[112.637s][debug][gc,phases,ref     ] GC(2566)       Reconsider SoftReferences: 0.0ms
[112.637s][debug][gc,phases,ref     ] GC(2566)         SoftRef (ms):             skipped
[112.638s][debug][gc,phases,ref     ] GC(2566)       Notify Soft/WeakReferences: 0.0ms
[112.638s][debug][gc,phases,ref     ] GC(2566)         SoftRef (ms):             skipped
[112.638s][debug][gc,phases,ref     ] GC(2566)         WeakRef (ms):             skipped
[112.638s][debug][gc,phases,ref     ] GC(2566)         FinalRef (ms):            skipped
[112.638s][debug][gc,phases,ref     ] GC(2566)         Total (ms):               skipped
[112.638s][debug][gc,phases,ref     ] GC(2566)       Notify and keep alive finalizable: 0.0ms
[112.638s][debug][gc,phases,ref     ] GC(2566)         FinalRef (ms):            skipped
[112.638s][debug][gc,phases,ref     ] GC(2566)       Notify PhantomReferences: 0.0ms
[112.638s][debug][gc,phases,ref     ] GC(2566)         PhantomRef (ms):          skipped
[112.638s][debug][gc,phases,ref     ] GC(2566)       SoftReference:
[112.638s][debug][gc,phases,ref     ] GC(2566)         Discovered: 0
[112.638s][debug][gc,phases,ref     ] GC(2566)         Cleared: 0
[112.638s][debug][gc,phases,ref     ] GC(2566)       WeakReference:
[112.638s][debug][gc,phases,ref     ] GC(2566)         Discovered: 0
[112.638s][debug][gc,phases,ref     ] GC(2566)         Cleared: 0
[112.638s][debug][gc,phases,ref     ] GC(2566)       FinalReference:
[112.638s][debug][gc,phases,ref     ] GC(2566)         Discovered: 0
[112.638s][debug][gc,phases,ref     ] GC(2566)         Cleared: 0
[112.638s][debug][gc,phases,ref     ] GC(2566)       PhantomReference:
[112.638s][debug][gc,phases,ref     ] GC(2566)         Discovered: 0
[112.638s][debug][gc,phases,ref     ] GC(2566)         Cleared: 0
[112.638s][debug][gc,phases         ] GC(2566)     Weak Processing: 0.1ms
[112.638s][debug][gc,phases         ] GC(2566)       JVMTI weak processing: 0.0ms
[112.638s][debug][gc,phases         ] GC(2566)         Dead: 0
[112.638s][debug][gc,phases         ] GC(2566)         Total: 0
[112.638s][debug][gc,phases         ] GC(2566)       JFR weak processing: 0.0ms
[112.638s][debug][gc,phases         ] GC(2566)         Dead: 0
[112.638s][debug][gc,phases         ] GC(2566)         Total: 0
[112.638s][debug][gc,phases         ] GC(2566)       JNI weak                  Min:  0.0, Avg:  0.0, Max:  0.0, Diff:  0.0, Sum:  0.0, Workers: 5
[112.638s][debug][gc,phases         ] GC(2566)         Dead                      Min: 0, Avg:  0.0, Max: 0, Diff: 0, Sum: 0, Workers: 5
[112.638s][debug][gc,phases         ] GC(2566)         Total                     Min: 0, Avg: 20.4, Max: 62, Diff: 62, Sum: 102, Workers: 5
[112.638s][debug][gc,phases         ] GC(2566)       VM weak                   Min:  0.0, Avg:  0.0, Max:  0.0, Diff:  0.0, Sum:  0.0, Workers: 5
[112.638s][debug][gc,phases         ] GC(2566)         Dead                      Min: 0, Avg:  0.0, Max: 0, Diff: 0, Sum: 0, Workers: 5
[112.638s][debug][gc,phases         ] GC(2566)         Total                     Min: 0, Avg: 42.4, Max: 128, Diff: 128, Sum: 212, Workers: 5
[112.638s][debug][gc,phases         ] GC(2566)       StringTable weak          Min:  0.0, Avg:  0.0, Max:  0.0, Diff:  0.0, Sum:  0.1, Workers: 5
[112.638s][debug][gc,phases         ] GC(2566)         Dead                      Min: 0, Avg:  0.0, Max: 0, Diff: 0, Sum: 0, Workers: 5
[112.638s][debug][gc,phases         ] GC(2566)         Total                     Min: 0, Avg: 684.6, Max: 1664, Diff: 1664, Sum: 3423, Workers: 5
[112.638s][debug][gc,phases         ] GC(2566)       ResolvedMethodTable weak  Min:  0.0, Avg:  0.0, Max:  0.0, Diff:  0.0, Sum:  0.0, Workers: 5
[112.638s][debug][gc,phases         ] GC(2566)         Dead                      Min: 0, Avg:  0.0, Max: 0, Diff: 0, Sum: 0, Workers: 5
[112.638s][debug][gc,phases         ] GC(2566)         Total                     Min: 0, Avg: 114.6, Max: 192, Diff: 192, Sum: 573, Workers: 5
[112.638s][debug][gc,phases         ] GC(2566)     Merge Per-Thread State: 0.0ms
[112.638s][debug][gc,phases         ] GC(2566)       Copied Bytes              Min: 400088, Avg: 400322.0, Max: 400888, Diff: 800, Sum: 3202576, Workers: 8
[112.638s][debug][gc,phases         ] GC(2566)       LAB Waste                 Min: 0, Avg:  0.0, Max: 0, Diff: 0, Sum: 0, Workers: 8
[112.638s][debug][gc,phases         ] GC(2566)       LAB Undo Waste            Min: 0, Avg:  0.0, Max: 0, Diff: 0, Sum: 0, Workers: 8
[112.638s][debug][gc,phases         ] GC(2566)     Code Roots Purge: 0.0ms
[112.638s][debug][gc,phases         ] GC(2566)     Redirty Cards: 0.0ms
[112.638s][debug][gc,phases         ] GC(2566)     DerivedPointerTable Update: 0.0ms
[112.638s][debug][gc,phases         ] GC(2566)     Free Collection Set: 0.2ms
[112.638s][debug][gc,phases         ] GC(2566)     Rebuild Free List: 0.1ms
[112.638s][debug][gc,phases         ] GC(2566)     Humongous Reclaim: 0.0ms
[112.638s][debug][gc,phases         ] GC(2566)     Start New Collection Set: 0.0ms
[112.638s][debug][gc,phases         ] GC(2566)     Resize TLABs: 0.0ms
[112.638s][debug][gc,phases         ] GC(2566)     Expand Heap After Collection: 0.0ms
[112.638s][info ][gc,phases         ] GC(2566)   Other: 0.3ms
[112.638s][info ][gc,heap           ] GC(2566) Eden regions: 771->0(771)
[112.638s][info ][gc,heap           ] GC(2566) Survivor regions: 4->4(97)
[112.638s][info ][gc,heap           ] GC(2566) Old regions: 18->18
[112.638s][info ][gc,heap           ] GC(2566) Archive regions: 2->2
[112.638s][info ][gc,heap           ] GC(2566) Humongous regions: 0->0
[112.638s][info ][gc,metaspace      ] GC(2566) Metaspace: 10016K(10624K)->10016K(10624K) NonClass: 8864K(9216K)->8864K(9216K) Class: 1152K(1408K)->1152K(1408K)
[112.638s][debug][gc,heap           ] GC(2566) Heap after GC invocations=2567 (full 1): garbage-first heap   total 1324032K, used 22553K [0x0000000700000000, 0x0000000800000000)
[112.638s][debug][gc,heap           ] GC(2566)   region size 1024K, 4 young (4096K), 4 survivors (4096K)
[112.638s][debug][gc,heap           ] GC(2566)  Metaspace       used 10016K, capacity 10304K, committed 10624K, reserved 1058816K
[112.638s][debug][gc,heap           ] GC(2566)   class space    used 1152K, capacity 1266K, committed 1408K, reserved 1048576K
[112.638s][info ][gc                ] GC(2566) Pause Young (Normal) (G1 Evacuation Pause) 792M->22M(1293M) 2.061ms
[112.638s][info ][gc,cpu            ] GC(2566) User=0.01s Sys=0.00s Real=0.00s
[112.638s][info ][safepoint         ] Safepoint "G1CollectForAllocation", Time since last: 38361358 ns, Reaching safepoint: 182063 ns, At safepoint: 2225447 ns, Total: 2407510 ns
[112.676s][debug][gc,heap           ] GC(2567) Heap before GC invocations=2567 (full 1): garbage-first heap   total 1324032K, used 811033K [0x0000000700000000, 0x0000000800000000)
[112.676s][debug][gc,heap           ] GC(2567)   region size 1024K, 775 young (793600K), 4 survivors (4096K)
[112.676s][debug][gc,heap           ] GC(2567)  Metaspace       used 10016K, capacity 10304K, committed 10624K, reserved 1058816K
[112.676s][debug][gc,heap           ] GC(2567)   class space    used 1152K, capacity 1266K, committed 1408K, reserved 1048576K
[112.676s][info ][gc,start          ] GC(2567) Pause Young (Normal) (G1 Evacuation Pause)
[112.676s][info ][gc,task           ] GC(2567) Using 8 workers of 8 for evacuation
[112.676s][debug][gc,tlab           ] GC(2567) TLAB totals: thrds: 8  refills: 11 max: 2 slow allocs: 1535 max 214 waste: 28.3% gc: 973496B max: 222880B slow: 41656B max: 14304B fast: 0B max: 0B
[112.676s][debug][gc,age            ] GC(2567) Desired survivor size 50855936 bytes, new threshold 15 (max threshold 15)
[112.676s][debug][gc,alloc,region   ] GC(2567) Mutator Allocation stats, regions: 771, wasted size: 180M (23.4%)
[112.676s][debug][gc,ergo           ] GC(2567) Running G1 Merge Heap Roots using 8 workers for 775 regions
[112.677s][debug][gc,remset         ] GC(2567) Visited cards 256 Total dirty 2048 (12.50%) Total old 3215360 (0.01%)
[112.677s][debug][gc,ergo           ] GC(2567) Running G1 Clear Card Table Task using 2 workers for 2 units of work for 776 regions.
[112.677s][debug][gc,ref            ] GC(2567) Skipped phase1 of Reference Processing due to unavailable references
[112.677s][debug][gc,ref            ] GC(2567) Skipped phase2 of Reference Processing due to unavailable references
[112.677s][debug][gc,ref            ] GC(2567) Skipped phase3 of Reference Processing due to unavailable references
[112.677s][debug][gc,ref            ] GC(2567) Skipped phase4 of Reference Processing due to unavailable references
[112.677s][debug][gc,ergo           ] GC(2567) Running G1 Free Collection Set using 8 workers for collection set length 775 (1293)
[112.678s][debug][gc,ergo           ] GC(2567) Running G1 Rebuild Free List Task using 8 workers for rebuilding free list of 0 (4096) regions
[112.678s][trace][gc,age            ] GC(2567) Age table with threshold 15 (max threshold 15)
[112.678s][trace][gc,age            ] GC(2567) - age   1:    4002592 bytes,    4002592 total
[112.678s][debug][gc,plab           ] GC(2567) Young PLAB allocation: allocated: 16512B, wasted: 0B, unused: 14064B, used: 2448B, undo waste: 0B, 
[112.678s][debug][gc,plab           ] GC(2567) Young other allocation: region end waste: 981792B, regions filled: 5, direct allocated: 4000144B, failure used: 0B, failure wasted: 0B
[112.678s][debug][gc,plab           ] GC(2567) Young sizing: calculated: 0B, actual: 2064B
[112.678s][debug][gc,plab           ] GC(2567) Old PLAB allocation: allocated: 0B, wasted: 0B, unused: 0B, used: 0B, undo waste: 0B, 
[112.678s][debug][gc,plab           ] GC(2567) Old other allocation: region end waste: 0B, regions filled: 1, direct allocated: 0B, failure used: 0B, failure wasted: 0B
[112.678s][debug][gc,plab           ] GC(2567) Old sizing: calculated: 0B, actual: 2064B
[112.678s][debug][gc,ihop           ] GC(2567) Basic information (value update), threshold: 610113945B (45.00), target occupancy: 1355808768B, current occupancy: 24145712B, recent allocation size: 0B, recent allocation duration: 39.05ms, recent old gen allocation rate: 0.00B/s, recent marking phase length: 30.68ms
[112.678s][debug][gc,ihop           ] GC(2567) Adaptive IHOP information (value update), threshold: 610113945B (47.37), internal target occupancy: 1288018329B, occupancy: 24145712B, additional buffer size: 812646400B, predicted old gen allocation rate: 15.10B/s, predicted marking phase length: 61.36ms, prediction active: false
[112.678s][debug][gc,ergo,refine    ] GC(2567) Concurrent refinement times: Logged Cards Scan time goal: 20.00ms Logged Cards Scan time: 0.00ms HCC time: 0.00ms
[112.678s][debug][gc,ergo,refine    ] GC(2567) Updated Refinement Zones: green: 2048, yellow: 6144, red: 10240
[112.678s][info ][gc,phases         ] GC(2567)   Pre Evacuate Collection Set: 0.1ms
[112.678s][debug][gc,phases         ] GC(2567)     Prepare TLABs: 0.0ms
[112.678s][debug][gc,phases         ] GC(2567)     Choose Collection Set: 0.0ms
[112.678s][debug][gc,phases         ] GC(2567)     Region Register: 0.1ms
[112.678s][debug][gc,phases         ] GC(2567)     Prepare Heap Roots: 0.0ms
[112.678s][info ][gc,phases         ] GC(2567)   Merge Heap Roots: 0.1ms
[112.678s][debug][gc,phases         ] GC(2567)     Prepare Merge Heap Roots: 0.0ms
[112.678s][debug][gc,phases         ] GC(2567)     Eager Reclaim (ms):       skipped
[112.678s][debug][gc,phases         ] GC(2567)     Remembered Sets (ms):     Min:  0.0, Avg:  0.0, Max:  0.1, Diff:  0.0, Sum:  0.3, Workers: 8
[112.678s][debug][gc,phases         ] GC(2567)       Merged Sparse:            Min: 0, Avg:  0.0, Max: 0, Diff: 0, Sum: 0, Workers: 8
[112.678s][debug][gc,phases         ] GC(2567)       Merged Fine:              Min: 0, Avg:  0.0, Max: 0, Diff: 0, Sum: 0, Workers: 8
[112.678s][debug][gc,phases         ] GC(2567)       Merged Coarse:            Min: 0, Avg:  0.0, Max: 0, Diff: 0, Sum: 0, Workers: 8
[112.678s][debug][gc,phases         ] GC(2567)       Dirty Cards:              Min: 0, Avg:  0.0, Max: 0, Diff: 0, Sum: 0, Workers: 8
[112.678s][debug][gc,phases         ] GC(2567)     Hot Card Cache (ms):      Min:  0.0, Avg:  0.0, Max:  0.0, Diff:  0.0, Sum:  0.0, Workers: 8
[112.678s][debug][gc,phases         ] GC(2567)       Dirty Cards:              Min: 0, Avg:  0.0, Max: 0, Diff: 0, Sum: 0, Workers: 8
[112.678s][debug][gc,phases         ] GC(2567)       Skipped Cards:            Min: 0, Avg:  0.0, Max: 0, Diff: 0, Sum: 0, Workers: 8
[112.678s][debug][gc,phases         ] GC(2567)     Log Buffers (ms):         Min:  0.0, Avg:  0.0, Max:  0.0, Diff:  0.0, Sum:  0.0, Workers: 8
[112.678s][debug][gc,phases         ] GC(2567)       Dirty Cards:              Min: 0, Avg:  0.1, Max: 1, Diff: 1, Sum: 1, Workers: 8
[112.678s][debug][gc,phases         ] GC(2567)       Skipped Cards:            Min: 0, Avg:  0.0, Max: 0, Diff: 0, Sum: 0, Workers: 8
[112.678s][info ][gc,phases         ] GC(2567)   Evacuate Collection Set: 0.5ms
[112.678s][debug][gc,phases         ] GC(2567)     Ext Root Scanning (ms):   Min:  0.2, Avg:  0.3, Max:  0.4, Diff:  0.1, Sum:  2.4, Workers: 8
[112.678s][debug][gc,phases         ] GC(2567)     Scan Heap Roots (ms):     Min:  0.0, Avg:  0.0, Max:  0.0, Diff:  0.0, Sum:  0.0, Workers: 8
[112.678s][debug][gc,phases         ] GC(2567)       Scanned Cards:            Min: 0, Avg:  0.1, Max: 1, Diff: 1, Sum: 1, Workers: 8
[112.678s][debug][gc,phases         ] GC(2567)       Scanned Blocks:           Min: 0, Avg:  0.1, Max: 1, Diff: 1, Sum: 1, Workers: 8
[112.678s][debug][gc,phases         ] GC(2567)       Claimed Chunks:           Min: 0, Avg:  0.1, Max: 1, Diff: 1, Sum: 1, Workers: 8
[112.678s][debug][gc,phases         ] GC(2567)     Code Root Scan (ms):      Min:  0.0, Avg:  0.0, Max:  0.0, Diff:  0.0, Sum:  0.1, Workers: 8
[112.678s][debug][gc,phases         ] GC(2567)     Object Copy (ms):         Min:  0.0, Avg:  0.0, Max:  0.0, Diff:  0.0, Sum:  0.0, Workers: 8
[112.678s][debug][gc,phases         ] GC(2567)     Termination (ms):         Min:  0.1, Avg:  0.1, Max:  0.1, Diff:  0.0, Sum:  0.6, Workers: 8
[112.678s][debug][gc,phases         ] GC(2567)       Termination Attempts:     Min: 1, Avg:  1.0, Max: 1, Diff: 0, Sum: 8, Workers: 8
[112.678s][debug][gc,phases         ] GC(2567)     GC Worker Other (ms):     Min:  0.0, Avg:  0.0, Max:  0.1, Diff:  0.0, Sum:  0.4, Workers: 8
[112.678s][debug][gc,phases         ] GC(2567)     GC Worker Total (ms):     Min:  0.4, Avg:  0.4, Max:  0.5, Diff:  0.0, Sum:  3.5, Workers: 8
[112.678s][info ][gc,phases         ] GC(2567)   Post Evacuate Collection Set: 0.5ms
[112.678s][debug][gc,phases         ] GC(2567)     Code Roots Fixup: 0.0ms
[112.678s][debug][gc,phases         ] GC(2567)     Clear Card Table: 0.2ms
[112.678s][debug][gc,phases         ] GC(2567)     Reference Processing: 0.0ms
[112.678s][debug][gc,phases,ref     ] GC(2567)       Reconsider SoftReferences: 0.0ms
[112.678s][debug][gc,phases,ref     ] GC(2567)         SoftRef (ms):             skipped
[112.678s][debug][gc,phases,ref     ] GC(2567)       Notify Soft/WeakReferences: 0.0ms
[112.678s][debug][gc,phases,ref     ] GC(2567)         SoftRef (ms):             skipped
[112.678s][debug][gc,phases,ref     ] GC(2567)         WeakRef (ms):             skipped
[112.678s][debug][gc,phases,ref     ] GC(2567)         FinalRef (ms):            skipped
[112.678s][debug][gc,phases,ref     ] GC(2567)         Total (ms):               skipped
[112.678s][debug][gc,phases,ref     ] GC(2567)       Notify and keep alive finalizable: 0.0ms
[112.678s][debug][gc,phases,ref     ] GC(2567)         FinalRef (ms):            skipped
[112.678s][debug][gc,phases,ref     ] GC(2567)       Notify PhantomReferences: 0.0ms
[112.678s][debug][gc,phases,ref     ] GC(2567)         PhantomRef (ms):          skipped
[112.678s][debug][gc,phases,ref     ] GC(2567)       SoftReference:
[112.678s][debug][gc,phases,ref     ] GC(2567)         Discovered: 0
[112.678s][debug][gc,phases,ref     ] GC(2567)         Cleared: 0
[112.678s][debug][gc,phases,ref     ] GC(2567)       WeakReference:
[112.678s][debug][gc,phases,ref     ] GC(2567)         Discovered: 0
[112.678s][debug][gc,phases,ref     ] GC(2567)         Cleared: 0
[112.678s][debug][gc,phases,ref     ] GC(2567)       FinalReference:
[112.678s][debug][gc,phases,ref     ] GC(2567)         Discovered: 0
[112.678s][debug][gc,phases,ref     ] GC(2567)         Cleared: 0
[112.678s][debug][gc,phases,ref     ] GC(2567)       PhantomReference:
[112.678s][debug][gc,phases,ref     ] GC(2567)         Discovered: 0
[112.678s][debug][gc,phases,ref     ] GC(2567)         Cleared: 0
[112.678s][debug][gc,phases         ] GC(2567)     Weak Processing: 0.0ms
[112.678s][debug][gc,phases         ] GC(2567)       JVMTI weak processing: 0.0ms
[112.678s][debug][gc,phases         ] GC(2567)         Dead: 0
[112.678s][debug][gc,phases         ] GC(2567)         Total: 0
[112.678s][debug][gc,phases         ] GC(2567)       JFR weak processing: 0.0ms
[112.678s][debug][gc,phases         ] GC(2567)         Dead: 0
[112.678s][debug][gc,phases         ] GC(2567)         Total: 0
[112.678s][debug][gc,phases         ] GC(2567)       JNI weak                  Min:  0.0, Avg:  0.0, Max:  0.0, Diff:  0.0, Sum:  0.0, Workers: 5
[112.678s][debug][gc,phases         ] GC(2567)         Dead                      Min: 0, Avg:  0.0, Max: 0, Diff: 0, Sum: 0, Workers: 5
[112.678s][debug][gc,phases         ] GC(2567)         Total                     Min: 0, Avg: 20.4, Max: 102, Diff: 102, Sum: 102, Workers: 5
[112.678s][debug][gc,phases         ] GC(2567)       VM weak                   Min:  0.0, Avg:  0.0, Max:  0.0, Diff:  0.0, Sum:  0.0, Workers: 5
[112.678s][debug][gc,phases         ] GC(2567)         Dead                      Min: 0, Avg:  0.0, Max: 0, Diff: 0, Sum: 0, Workers: 5
[112.678s][debug][gc,phases         ] GC(2567)         Total                     Min: 0, Avg: 42.4, Max: 148, Diff: 148, Sum: 212, Workers: 5
[112.678s][debug][gc,phases         ] GC(2567)       StringTable weak          Min:  0.0, Avg:  0.0, Max:  0.0, Diff:  0.0, Sum:  0.0, Workers: 5
[112.678s][debug][gc,phases         ] GC(2567)         Dead                      Min: 0, Avg:  0.0, Max: 0, Diff: 0, Sum: 0, Workers: 5
[112.678s][debug][gc,phases         ] GC(2567)         Total                     Min: 0, Avg: 684.6, Max: 1216, Diff: 1216, Sum: 3423, Workers: 5
[112.678s][debug][gc,phases         ] GC(2567)       ResolvedMethodTable weak  Min:  0.0, Avg:  0.0, Max:  0.0, Diff:  0.0, Sum:  0.0, Workers: 5
[112.678s][debug][gc,phases         ] GC(2567)         Dead                      Min: 0, Avg:  0.0, Max: 0, Diff: 0, Sum: 0, Workers: 5
[112.678s][debug][gc,phases         ] GC(2567)         Total                     Min: 0, Avg: 114.6, Max: 189, Diff: 189, Sum: 573, Workers: 5
[112.678s][debug][gc,phases         ] GC(2567)     Merge Per-Thread State: 0.0ms
[112.678s][debug][gc,phases         ] GC(2567)       Copied Bytes              Min: 400088, Avg: 500324.0, Max: 800320, Diff: 400232, Sum: 4002592, Workers: 8
[112.678s][debug][gc,phases         ] GC(2567)       LAB Waste                 Min: 0, Avg:  0.0, Max: 0, Diff: 0, Sum: 0, Workers: 8
[112.678s][debug][gc,phases         ] GC(2567)       LAB Undo Waste            Min: 0, Avg:  0.0, Max: 0, Diff: 0, Sum: 0, Workers: 8
[112.678s][debug][gc,phases         ] GC(2567)     Code Roots Purge: 0.0ms
[112.678s][debug][gc,phases         ] GC(2567)     Redirty Cards: 0.0ms
[112.678s][debug][gc,phases         ] GC(2567)     DerivedPointerTable Update: 0.0ms
[112.678s][debug][gc,phases         ] GC(2567)     Free Collection Set: 0.2ms
[112.678s][debug][gc,phases         ] GC(2567)     Rebuild Free List: 0.1ms
[112.678s][debug][gc,phases         ] GC(2567)     Humongous Reclaim: 0.0ms
[112.678s][debug][gc,phases         ] GC(2567)     Start New Collection Set: 0.0ms
[112.678s][debug][gc,phases         ] GC(2567)     Resize TLABs: 0.0ms
[112.678s][debug][gc,phases         ] GC(2567)     Expand Heap After Collection: 0.0ms
[112.678s][info ][gc,phases         ] GC(2567)   Other: 0.3ms
[112.678s][info ][gc,heap           ] GC(2567) Eden regions: 771->0(770)
[112.678s][info ][gc,heap           ] GC(2567) Survivor regions: 4->5(97)
[112.678s][info ][gc,heap           ] GC(2567) Old regions: 18->18
[112.678s][info ][gc,heap           ] GC(2567) Archive regions: 2->2
[112.678s][info ][gc,heap           ] GC(2567) Humongous regions: 0->0
[112.678s][info ][gc,metaspace      ] GC(2567) Metaspace: 10016K(10624K)->10016K(10624K) NonClass: 8864K(9216K)->8864K(9216K) Class: 1152K(1408K)->1152K(1408K)
[112.678s][debug][gc,heap           ] GC(2567) Heap after GC invocations=2568 (full 1): garbage-first heap   total 1324032K, used 23579K [0x0000000700000000, 0x0000000800000000)
[112.678s][debug][gc,heap           ] GC(2567)   region size 1024K, 5 young (5120K), 5 survivors (5120K)
[112.678s][debug][gc,heap           ] GC(2567)  Metaspace       used 10016K, capacity 10304K, committed 10624K, reserved 1058816K
[112.678s][debug][gc,heap           ] GC(2567)   class space    used 1152K, capacity 1266K, committed 1408K, reserved 1048576K
[112.678s][info ][gc                ] GC(2567) Pause Young (Normal) (G1 Evacuation Pause) 792M->23M(1293M) 2.191ms
[112.678s][info ][gc,cpu            ] GC(2567) User=0.01s Sys=0.00s Real=0.00s
[112.679s][info ][safepoint         ] Safepoint "G1CollectForAllocation", Time since last: 37982537 ns, Reaching safepoint: 174621 ns, At safepoint: 2458952 ns, Total: 2633573 ns
[112.716s][debug][gc,heap           ] GC(2568) Heap before GC invocations=2568 (full 1): garbage-first heap   total 1324032K, used 811035K [0x0000000700000000, 0x0000000800000000)
[112.716s][debug][gc,heap           ] GC(2568)   region size 1024K, 775 young (793600K), 5 survivors (5120K)
[112.716s][debug][gc,heap           ] GC(2568)  Metaspace       used 10016K, capacity 10304K, committed 10624K, reserved 1058816K
[112.716s][debug][gc,heap           ] GC(2568)   class space    used 1152K, capacity 1266K, committed 1408K, reserved 1048576K
[112.717s][info ][gc,start          ] GC(2568) Pause Young (Normal) (G1 Evacuation Pause)
[112.717s][info ][gc,task           ] GC(2568) Using 8 workers of 8 for evacuation
[112.717s][debug][gc,tlab           ] GC(2568) TLAB totals: thrds: 8  refills: 13 max: 3 slow allocs: 1535 max 214 waste: 31.9% gc: 988120B max: 223280B slow: 31840B max: 15096B fast: 0B max: 0B
[112.717s][debug][gc,age            ] GC(2568) Desired survivor size 50855936 bytes, new threshold 15 (max threshold 15)
[112.717s][debug][gc,alloc,region   ] GC(2568) Mutator Allocation stats, regions: 770, wasted size: 180M (23.4%)
[112.717s][debug][gc,ergo           ] GC(2568) Running G1 Merge Heap Roots using 8 workers for 775 regions
[112.717s][debug][gc,remset         ] GC(2568) Visited cards 512 Total dirty 4096 (12.50%) Total old 3215360 (0.02%)
[112.717s][debug][gc,ergo           ] GC(2568) Running G1 Clear Card Table Task using 2 workers for 2 units of work for 777 regions.
[112.717s][debug][gc,ref            ] GC(2568) Skipped phase1 of Reference Processing due to unavailable references
[112.717s][debug][gc,ref            ] GC(2568) Skipped phase2 of Reference Processing due to unavailable references
[112.717s][debug][gc,ref            ] GC(2568) Skipped phase3 of Reference Processing due to unavailable references
[112.717s][debug][gc,ref            ] GC(2568) Skipped phase4 of Reference Processing due to unavailable references
[112.718s][debug][gc,ergo           ] GC(2568) Running G1 Free Collection Set using 8 workers for collection set length 775 (1293)
[112.718s][debug][gc,ergo           ] GC(2568) Running G1 Rebuild Free List Task using 8 workers for rebuilding free list of 0 (4096) regions
[112.718s][trace][gc,age            ] GC(2568) Age table with threshold 15 (max threshold 15)
[112.718s][trace][gc,age            ] GC(2568) - age   1:    2402544 bytes,    2402544 total
[112.718s][debug][gc,plab           ] GC(2568) Young PLAB allocation: allocated: 16512B, wasted: 0B, unused: 14064B, used: 2448B, undo waste: 0B, 
[112.718s][debug][gc,plab           ] GC(2568) Young other allocation: region end waste: 480576B, regions filled: 3, direct allocated: 2400096B, failure used: 0B, failure wasted: 0B
[112.718s][debug][gc,plab           ] GC(2568) Young sizing: calculated: 0B, actual: 2064B
[112.718s][debug][gc,plab           ] GC(2568) Old PLAB allocation: allocated: 0B, wasted: 0B, unused: 0B, used: 0B, undo waste: 0B, 
[112.718s][debug][gc,plab           ] GC(2568) Old other allocation: region end waste: 0B, regions filled: 1, direct allocated: 0B, failure used: 0B, failure wasted: 0B
[112.718s][debug][gc,plab           ] GC(2568) Old sizing: calculated: 0B, actual: 2064B
[112.718s][debug][gc,ihop           ] GC(2568) Basic information (value update), threshold: 610113945B (45.00), target occupancy: 1355808768B, current occupancy: 22044448B, recent allocation size: 0B, recent allocation duration: 38.89ms, recent old gen allocation rate: 0.00B/s, recent marking phase length: 30.68ms
[112.718s][debug][gc,ihop           ] GC(2568) Adaptive IHOP information (value update), threshold: 610113945B (47.37), internal target occupancy: 1288018329B, occupancy: 22044448B, additional buffer size: 812646400B, predicted old gen allocation rate: 14.72B/s, predicted marking phase length: 61.36ms, prediction active: false
[112.718s][debug][gc,ergo,refine    ] GC(2568) Concurrent refinement times: Logged Cards Scan time goal: 20.00ms Logged Cards Scan time: 0.00ms HCC time: 0.00ms
[112.718s][debug][gc,ergo,refine    ] GC(2568) Updated Refinement Zones: green: 2048, yellow: 6144, red: 10240
[112.718s][info ][gc,phases         ] GC(2568)   Pre Evacuate Collection Set: 0.1ms
[112.718s][debug][gc,phases         ] GC(2568)     Prepare TLABs: 0.0ms
[112.718s][debug][gc,phases         ] GC(2568)     Choose Collection Set: 0.0ms
[112.718s][debug][gc,phases         ] GC(2568)     Region Register: 0.1ms
[112.718s][debug][gc,phases         ] GC(2568)     Prepare Heap Roots: 0.0ms
[112.718s][info ][gc,phases         ] GC(2568)   Merge Heap Roots: 0.1ms
[112.718s][debug][gc,phases         ] GC(2568)     Prepare Merge Heap Roots: 0.0ms
[112.718s][debug][gc,phases         ] GC(2568)     Eager Reclaim (ms):       skipped
[112.718s][debug][gc,phases         ] GC(2568)     Remembered Sets (ms):     Min:  0.0, Avg:  0.0, Max:  0.0, Diff:  0.0, Sum:  0.2, Workers: 8
[112.718s][debug][gc,phases         ] GC(2568)       Merged Sparse:            Min: 0, Avg:  0.0, Max: 0, Diff: 0, Sum: 0, Workers: 8
[112.718s][debug][gc,phases         ] GC(2568)       Merged Fine:              Min: 0, Avg:  0.0, Max: 0, Diff: 0, Sum: 0, Workers: 8
[112.718s][debug][gc,phases         ] GC(2568)       Merged Coarse:            Min: 0, Avg:  0.0, Max: 0, Diff: 0, Sum: 0, Workers: 8
[112.718s][debug][gc,phases         ] GC(2568)       Dirty Cards:              Min: 0, Avg:  0.0, Max: 0, Diff: 0, Sum: 0, Workers: 8
[112.718s][debug][gc,phases         ] GC(2568)     Hot Card Cache (ms):      Min:  0.0, Avg:  0.0, Max:  0.0, Diff:  0.0, Sum:  0.0, Workers: 8
[112.718s][debug][gc,phases         ] GC(2568)       Dirty Cards:              Min: 0, Avg:  0.0, Max: 0, Diff: 0, Sum: 0, Workers: 8
[112.718s][debug][gc,phases         ] GC(2568)       Skipped Cards:            Min: 0, Avg:  0.0, Max: 0, Diff: 0, Sum: 0, Workers: 8
[112.718s][debug][gc,phases         ] GC(2568)     Log Buffers (ms):         Min:  0.0, Avg:  0.0, Max:  0.0, Diff:  0.0, Sum:  0.0, Workers: 8
[112.718s][debug][gc,phases         ] GC(2568)       Dirty Cards:              Min: 0, Avg:  0.2, Max: 1, Diff: 1, Sum: 2, Workers: 8
[112.718s][debug][gc,phases         ] GC(2568)       Skipped Cards:            Min: 0, Avg:  0.0, Max: 0, Diff: 0, Sum: 0, Workers: 8
[112.718s][info ][gc,phases         ] GC(2568)   Evacuate Collection Set: 0.3ms
[112.718s][debug][gc,phases         ] GC(2568)     Ext Root Scanning (ms):   Min:  0.1, Avg:  0.2, Max:  0.2, Diff:  0.2, Sum:  1.4, Workers: 8
[112.718s][debug][gc,phases         ] GC(2568)     Scan Heap Roots (ms):     Min:  0.0, Avg:  0.0, Max:  0.0, Diff:  0.0, Sum:  0.0, Workers: 8
[112.718s][debug][gc,phases         ] GC(2568)       Scanned Cards:            Min: 0, Avg:  0.2, Max: 2, Diff: 2, Sum: 2, Workers: 8
[112.718s][debug][gc,phases         ] GC(2568)       Scanned Blocks:           Min: 0, Avg:  0.2, Max: 2, Diff: 2, Sum: 2, Workers: 8
[112.718s][debug][gc,phases         ] GC(2568)       Claimed Chunks:           Min: 0, Avg:  0.2, Max: 2, Diff: 2, Sum: 2, Workers: 8
[112.718s][debug][gc,phases         ] GC(2568)     Code Root Scan (ms):      Min:  0.0, Avg:  0.0, Max:  0.0, Diff:  0.0, Sum:  0.1, Workers: 8
[112.718s][debug][gc,phases         ] GC(2568)     Object Copy (ms):         Min:  0.0, Avg:  0.0, Max:  0.0, Diff:  0.0, Sum:  0.0, Workers: 8
[112.718s][debug][gc,phases         ] GC(2568)     Termination (ms):         Min:  0.0, Avg:  0.1, Max:  0.1, Diff:  0.0, Sum:  0.4, Workers: 8
[112.718s][debug][gc,phases         ] GC(2568)       Termination Attempts:     Min: 1, Avg:  1.0, Max: 1, Diff: 0, Sum: 8, Workers: 8
[112.718s][debug][gc,phases         ] GC(2568)     GC Worker Other (ms):     Min:  0.0, Avg:  0.0, Max:  0.1, Diff:  0.1, Sum:  0.4, Workers: 8
[112.718s][debug][gc,phases         ] GC(2568)     GC Worker Total (ms):     Min:  0.3, Avg:  0.3, Max:  0.3, Diff:  0.0, Sum:  2.3, Workers: 8
[112.718s][info ][gc,phases         ] GC(2568)   Post Evacuate Collection Set: 0.6ms
[112.718s][debug][gc,phases         ] GC(2568)     Code Roots Fixup: 0.0ms
[112.718s][debug][gc,phases         ] GC(2568)     Clear Card Table: 0.2ms
[112.718s][debug][gc,phases         ] GC(2568)     Reference Processing: 0.0ms
[112.718s][debug][gc,phases,ref     ] GC(2568)       Reconsider SoftReferences: 0.0ms
[112.718s][debug][gc,phases,ref     ] GC(2568)         SoftRef (ms):             skipped
[112.718s][debug][gc,phases,ref     ] GC(2568)       Notify Soft/WeakReferences: 0.0ms
[112.718s][debug][gc,phases,ref     ] GC(2568)         SoftRef (ms):             skipped
[112.718s][debug][gc,phases,ref     ] GC(2568)         WeakRef (ms):             skipped
[112.718s][debug][gc,phases,ref     ] GC(2568)         FinalRef (ms):            skipped
[112.718s][debug][gc,phases,ref     ] GC(2568)         Total (ms):               skipped
[112.718s][debug][gc,phases,ref     ] GC(2568)       Notify and keep alive finalizable: 0.0ms
[112.718s][debug][gc,phases,ref     ] GC(2568)         FinalRef (ms):            skipped
[112.718s][debug][gc,phases,ref     ] GC(2568)       Notify PhantomReferences: 0.0ms
[112.718s][debug][gc,phases,ref     ] GC(2568)         PhantomRef (ms):          skipped
[112.718s][debug][gc,phases,ref     ] GC(2568)       SoftReference:
[112.718s][debug][gc,phases,ref     ] GC(2568)         Discovered: 0
[112.718s][debug][gc,phases,ref     ] GC(2568)         Cleared: 0
[112.718s][debug][gc,phases,ref     ] GC(2568)       WeakReference:
[112.718s][debug][gc,phases,ref     ] GC(2568)         Discovered: 0
[112.718s][debug][gc,phases,ref     ] GC(2568)         Cleared: 0
[112.718s][debug][gc,phases,ref     ] GC(2568)       FinalReference:
[112.718s][debug][gc,phases,ref     ] GC(2568)         Discovered: 0
[112.718s][debug][gc,phases,ref     ] GC(2568)         Cleared: 0
[112.718s][debug][gc,phases,ref     ] GC(2568)       PhantomReference:
[112.718s][debug][gc,phases,ref     ] GC(2568)         Discovered: 0
[112.718s][debug][gc,phases,ref     ] GC(2568)         Cleared: 0
[112.718s][debug][gc,phases         ] GC(2568)     Weak Processing: 0.0ms
[112.718s][debug][gc,phases         ] GC(2568)       JVMTI weak processing: 0.0ms
[112.718s][debug][gc,phases         ] GC(2568)         Dead: 0
[112.718s][debug][gc,phases         ] GC(2568)         Total: 0
[112.718s][debug][gc,phases         ] GC(2568)       JFR weak processing: 0.0ms
[112.718s][debug][gc,phases         ] GC(2568)         Dead: 0
[112.718s][debug][gc,phases         ] GC(2568)         Total: 0
[112.718s][debug][gc,phases         ] GC(2568)       JNI weak                  Min:  0.0, Avg:  0.0, Max:  0.0, Diff:  0.0, Sum:  0.0, Workers: 5
[112.718s][debug][gc,phases         ] GC(2568)         Dead                      Min: 0, Avg:  0.0, Max: 0, Diff: 0, Sum: 0, Workers: 5
[112.718s][debug][gc,phases         ] GC(2568)         Total                     Min: 0, Avg: 20.4, Max: 102, Diff: 102, Sum: 102, Workers: 5
[112.718s][debug][gc,phases         ] GC(2568)       VM weak                   Min:  0.0, Avg:  0.0, Max:  0.0, Diff:  0.0, Sum:  0.0, Workers: 5
[112.718s][debug][gc,phases         ] GC(2568)         Dead                      Min: 0, Avg:  0.0, Max: 0, Diff: 0, Sum: 0, Workers: 5
[112.718s][debug][gc,phases         ] GC(2568)         Total                     Min: 0, Avg: 42.4, Max: 84, Diff: 84, Sum: 212, Workers: 5
[112.718s][debug][gc,phases         ] GC(2568)       StringTable weak          Min:  0.0, Avg:  0.0, Max:  0.0, Diff:  0.0, Sum:  0.0, Workers: 5
[112.718s][debug][gc,phases         ] GC(2568)         Dead                      Min: 0, Avg:  0.0, Max: 0, Diff: 0, Sum: 0, Workers: 5
[112.718s][debug][gc,phases         ] GC(2568)         Total                     Min: 0, Avg: 684.6, Max: 1344, Diff: 1344, Sum: 3423, Workers: 5
[112.718s][debug][gc,phases         ] GC(2568)       ResolvedMethodTable weak  Min:  0.0, Avg:  0.0, Max:  0.0, Diff:  0.0, Sum:  0.0, Workers: 5
[112.718s][debug][gc,phases         ] GC(2568)         Dead                      Min: 0, Avg:  0.0, Max: 0, Diff: 0, Sum: 0, Workers: 5
[112.718s][debug][gc,phases         ] GC(2568)         Total                     Min: 0, Avg: 114.6, Max: 192, Diff: 192, Sum: 573, Workers: 5
[112.718s][debug][gc,phases         ] GC(2568)     Merge Per-Thread State: 0.1ms
[112.718s][debug][gc,phases         ] GC(2568)       Copied Bytes              Min: 760, Avg: 300318.0, Max: 400536, Diff: 399776, Sum: 2402544, Workers: 8
[112.718s][debug][gc,phases         ] GC(2568)       LAB Waste                 Min: 0, Avg:  0.0, Max: 0, Diff: 0, Sum: 0, Workers: 8
[112.718s][debug][gc,phases         ] GC(2568)       LAB Undo Waste            Min: 0, Avg:  0.0, Max: 0, Diff: 0, Sum: 0, Workers: 8
[112.718s][debug][gc,phases         ] GC(2568)     Code Roots Purge: 0.0ms
[112.718s][debug][gc,phases         ] GC(2568)     Redirty Cards: 0.1ms
[112.718s][debug][gc,phases         ] GC(2568)     DerivedPointerTable Update: 0.0ms
[112.718s][debug][gc,phases         ] GC(2568)     Free Collection Set: 0.2ms
[112.718s][debug][gc,phases         ] GC(2568)     Rebuild Free List: 0.1ms
[112.718s][debug][gc,phases         ] GC(2568)     Humongous Reclaim: 0.0ms
[112.719s][debug][gc,phases         ] GC(2568)     Start New Collection Set: 0.0ms
[112.719s][debug][gc,phases         ] GC(2568)     Resize TLABs: 0.0ms
[112.719s][debug][gc,phases         ] GC(2568)     Expand Heap After Collection: 0.0ms
[112.719s][info ][gc,phases         ] GC(2568)   Other: 0.3ms
[112.719s][info ][gc,heap           ] GC(2568) Eden regions: 770->0(772)
[112.719s][info ][gc,heap           ] GC(2568) Survivor regions: 5->3(97)
[112.719s][info ][gc,heap           ] GC(2568) Old regions: 18->18
[112.719s][info ][gc,heap           ] GC(2568) Archive regions: 2->2
[112.719s][info ][gc,heap           ] GC(2568) Humongous regions: 0->0
[112.719s][info ][gc,metaspace      ] GC(2568) Metaspace: 10016K(10624K)->10016K(10624K) NonClass: 8864K(9216K)->8864K(9216K) Class: 1152K(1408K)->1152K(1408K)
[112.719s][debug][gc,heap           ] GC(2568) Heap after GC invocations=2569 (full 1): garbage-first heap   total 1324032K, used 21527K [0x0000000700000000, 0x0000000800000000)
[112.719s][debug][gc,heap           ] GC(2568)   region size 1024K, 3 young (3072K), 3 survivors (3072K)
[112.719s][debug][gc,heap           ] GC(2568)  Metaspace       used 10016K, capacity 10304K, committed 10624K, reserved 1058816K
[112.719s][debug][gc,heap           ] GC(2568)   class space    used 1152K, capacity 1266K, committed 1408K, reserved 1048576K
[112.719s][info ][gc                ] GC(2568) Pause Young (Normal) (G1 Evacuation Pause) 792M->21M(1293M) 2.083ms
[112.719s][info ][gc,cpu            ] GC(2568) User=0.01s Sys=0.00s Real=0.00s
[112.719s][info ][safepoint         ] Safepoint "G1CollectForAllocation", Time since last: 37652236 ns, Reaching safepoint: 188721 ns, At safepoint: 2364587 ns, Total: 2553308 ns
[112.758s][debug][gc,heap           ] GC(2569) Heap before GC invocations=2569 (full 1): garbage-first heap   total 1324032K, used 811031K [0x0000000700000000, 0x0000000800000000)
[112.758s][debug][gc,heap           ] GC(2569)   region size 1024K, 775 young (793600K), 3 survivors (3072K)
[112.758s][debug][gc,heap           ] GC(2569)  Metaspace       used 10016K, capacity 10304K, committed 10624K, reserved 1058816K
[112.758s][debug][gc,heap           ] GC(2569)   class space    used 1152K, capacity 1266K, committed 1408K, reserved 1048576K
[112.758s][info ][gc,start          ] GC(2569) Pause Young (Normal) (G1 Evacuation Pause)
[112.758s][info ][gc,task           ] GC(2569) Using 8 workers of 8 for evacuation
[112.758s][debug][gc,tlab           ] GC(2569) TLAB totals: thrds: 8  refills: 11 max: 2 slow allocs: 1538 max 245 waste: 23.0% gc: 737976B max: 159208B slow: 29008B max: 13912B fast: 0B max: 0B
[112.758s][debug][gc,age            ] GC(2569) Desired survivor size 50855936 bytes, new threshold 15 (max threshold 15)
[112.758s][debug][gc,alloc,region   ] GC(2569) Mutator Allocation stats, regions: 772, wasted size: 181M (23.5%)
[112.758s][debug][gc,ergo           ] GC(2569) Running G1 Merge Heap Roots using 8 workers for 775 regions
[112.758s][debug][gc,remset         ] GC(2569) Visited cards 256 Total dirty 2048 (12.50%) Total old 3215360 (0.01%)
[112.759s][debug][gc,ergo           ] GC(2569) Running G1 Clear Card Table Task using 2 workers for 2 units of work for 776 regions.
[112.759s][debug][gc,ref            ] GC(2569) Skipped phase1 of Reference Processing due to unavailable references
[112.759s][debug][gc,ref            ] GC(2569) Skipped phase2 of Reference Processing due to unavailable references
[112.759s][debug][gc,ref            ] GC(2569) Skipped phase3 of Reference Processing due to unavailable references
[112.759s][debug][gc,ref            ] GC(2569) Skipped phase4 of Reference Processing due to unavailable references
[112.759s][debug][gc,ergo           ] GC(2569) Running G1 Free Collection Set using 8 workers for collection set length 775 (1293)
[112.759s][debug][gc,ergo           ] GC(2569) Running G1 Rebuild Free List Task using 8 workers for rebuilding free list of 0 (4096) regions
[112.759s][trace][gc,age            ] GC(2569) Age table with threshold 15 (max threshold 15)
[112.759s][trace][gc,age            ] GC(2569) - age   1:    3202560 bytes,    3202560 total
[112.759s][debug][gc,plab           ] GC(2569) Young PLAB allocation: allocated: 16512B, wasted: 0B, unused: 14064B, used: 2448B, undo waste: 0B, 
[112.759s][debug][gc,plab           ] GC(2569) Young other allocation: region end waste: 733248B, regions filled: 4, direct allocated: 3200112B, failure used: 0B, failure wasted: 0B
[112.759s][debug][gc,plab           ] GC(2569) Young sizing: calculated: 0B, actual: 2064B
[112.759s][debug][gc,plab           ] GC(2569) Old PLAB allocation: allocated: 0B, wasted: 0B, unused: 0B, used: 0B, undo waste: 0B, 
[112.759s][debug][gc,plab           ] GC(2569) Old other allocation: region end waste: 0B, regions filled: 1, direct allocated: 0B, failure used: 0B, failure wasted: 0B
[112.759s][debug][gc,plab           ] GC(2569) Old sizing: calculated: 0B, actual: 2064B
[112.759s][debug][gc,ihop           ] GC(2569) Basic information (value update), threshold: 610113945B (45.00), target occupancy: 1355808768B, current occupancy: 23097136B, recent allocation size: 0B, recent allocation duration: 39.94ms, recent old gen allocation rate: 0.00B/s, recent marking phase length: 30.68ms
[112.759s][debug][gc,ihop           ] GC(2569) Adaptive IHOP information (value update), threshold: 610113945B (47.37), internal target occupancy: 1288018329B, occupancy: 23097136B, additional buffer size: 812646400B, predicted old gen allocation rate: 14.35B/s, predicted marking phase length: 61.36ms, prediction active: false
[112.759s][debug][gc,ergo,refine    ] GC(2569) Concurrent refinement times: Logged Cards Scan time goal: 20.00ms Logged Cards Scan time: 0.00ms HCC time: 0.00ms
[112.759s][debug][gc,ergo,refine    ] GC(2569) Updated Refinement Zones: green: 2048, yellow: 6144, red: 10240
[112.759s][info ][gc,phases         ] GC(2569)   Pre Evacuate Collection Set: 0.1ms
[112.759s][debug][gc,phases         ] GC(2569)     Prepare TLABs: 0.0ms
[112.759s][debug][gc,phases         ] GC(2569)     Choose Collection Set: 0.0ms
[112.759s][debug][gc,phases         ] GC(2569)     Region Register: 0.1ms
[112.759s][debug][gc,phases         ] GC(2569)     Prepare Heap Roots: 0.0ms
[112.759s][info ][gc,phases         ] GC(2569)   Merge Heap Roots: 0.1ms
[112.759s][debug][gc,phases         ] GC(2569)     Prepare Merge Heap Roots: 0.0ms
[112.759s][debug][gc,phases         ] GC(2569)     Eager Reclaim (ms):       skipped
[112.759s][debug][gc,phases         ] GC(2569)     Remembered Sets (ms):     Min:  0.0, Avg:  0.0, Max:  0.0, Diff:  0.0, Sum:  0.3, Workers: 8
[112.759s][debug][gc,phases         ] GC(2569)       Merged Sparse:            Min: 0, Avg:  0.0, Max: 0, Diff: 0, Sum: 0, Workers: 8
[112.759s][debug][gc,phases         ] GC(2569)       Merged Fine:              Min: 0, Avg:  0.0, Max: 0, Diff: 0, Sum: 0, Workers: 8
[112.759s][debug][gc,phases         ] GC(2569)       Merged Coarse:            Min: 0, Avg:  0.0, Max: 0, Diff: 0, Sum: 0, Workers: 8
[112.759s][debug][gc,phases         ] GC(2569)       Dirty Cards:              Min: 0, Avg:  0.0, Max: 0, Diff: 0, Sum: 0, Workers: 8
[112.759s][debug][gc,phases         ] GC(2569)     Hot Card Cache (ms):      Min:  0.0, Avg:  0.0, Max:  0.0, Diff:  0.0, Sum:  0.0, Workers: 8
[112.759s][debug][gc,phases         ] GC(2569)       Dirty Cards:              Min: 0, Avg:  0.0, Max: 0, Diff: 0, Sum: 0, Workers: 8
[112.759s][debug][gc,phases         ] GC(2569)       Skipped Cards:            Min: 0, Avg:  0.0, Max: 0, Diff: 0, Sum: 0, Workers: 8
[112.759s][debug][gc,phases         ] GC(2569)     Log Buffers (ms):         Min:  0.0, Avg:  0.0, Max:  0.0, Diff:  0.0, Sum:  0.0, Workers: 8
[112.759s][debug][gc,phases         ] GC(2569)       Dirty Cards:              Min: 0, Avg:  0.1, Max: 1, Diff: 1, Sum: 1, Workers: 8
[112.759s][debug][gc,phases         ] GC(2569)       Skipped Cards:            Min: 0, Avg:  0.0, Max: 0, Diff: 0, Sum: 0, Workers: 8
[112.759s][info ][gc,phases         ] GC(2569)   Evacuate Collection Set: 0.4ms
[112.759s][debug][gc,phases         ] GC(2569)     Ext Root Scanning (ms):   Min:  0.0, Avg:  0.2, Max:  0.3, Diff:  0.3, Sum:  1.8, Workers: 8
[112.760s][debug][gc,phases         ] GC(2569)     Scan Heap Roots (ms):     Min:  0.0, Avg:  0.0, Max:  0.0, Diff:  0.0, Sum:  0.0, Workers: 8
[112.760s][debug][gc,phases         ] GC(2569)       Scanned Cards:            Min: 0, Avg:  0.1, Max: 1, Diff: 1, Sum: 1, Workers: 8
[112.760s][debug][gc,phases         ] GC(2569)       Scanned Blocks:           Min: 0, Avg:  0.1, Max: 1, Diff: 1, Sum: 1, Workers: 8
[112.760s][debug][gc,phases         ] GC(2569)       Claimed Chunks:           Min: 0, Avg:  0.1, Max: 1, Diff: 1, Sum: 1, Workers: 8
[112.760s][debug][gc,phases         ] GC(2569)     Code Root Scan (ms):      Min:  0.0, Avg:  0.0, Max:  0.0, Diff:  0.0, Sum:  0.1, Workers: 8
[112.760s][debug][gc,phases         ] GC(2569)     Object Copy (ms):         Min:  0.0, Avg:  0.0, Max:  0.0, Diff:  0.0, Sum:  0.0, Workers: 8
[112.760s][debug][gc,phases         ] GC(2569)     Termination (ms):         Min:  0.0, Avg:  0.1, Max:  0.1, Diff:  0.1, Sum:  0.6, Workers: 8
[112.760s][debug][gc,phases         ] GC(2569)       Termination Attempts:     Min: 1, Avg:  1.0, Max: 1, Diff: 0, Sum: 8, Workers: 8
[112.760s][debug][gc,phases         ] GC(2569)     GC Worker Other (ms):     Min:  0.0, Avg:  0.1, Max:  0.1, Diff:  0.1, Sum:  0.4, Workers: 8
[112.760s][debug][gc,phases         ] GC(2569)     GC Worker Total (ms):     Min:  0.1, Avg:  0.4, Max:  0.4, Diff:  0.4, Sum:  3.0, Workers: 8
[112.760s][info ][gc,phases         ] GC(2569)   Post Evacuate Collection Set: 0.6ms
[112.760s][debug][gc,phases         ] GC(2569)     Code Roots Fixup: 0.0ms
[112.760s][debug][gc,phases         ] GC(2569)     Clear Card Table: 0.2ms
[112.760s][debug][gc,phases         ] GC(2569)     Reference Processing: 0.0ms
[112.760s][debug][gc,phases,ref     ] GC(2569)       Reconsider SoftReferences: 0.0ms
[112.760s][debug][gc,phases,ref     ] GC(2569)         SoftRef (ms):             skipped
[112.760s][debug][gc,phases,ref     ] GC(2569)       Notify Soft/WeakReferences: 0.0ms
[112.760s][debug][gc,phases,ref     ] GC(2569)         SoftRef (ms):             skipped
[112.760s][debug][gc,phases,ref     ] GC(2569)         WeakRef (ms):             skipped
[112.760s][debug][gc,phases,ref     ] GC(2569)         FinalRef (ms):            skipped
[112.760s][debug][gc,phases,ref     ] GC(2569)         Total (ms):               skipped
[112.760s][debug][gc,phases,ref     ] GC(2569)       Notify and keep alive finalizable: 0.0ms
[112.760s][debug][gc,phases,ref     ] GC(2569)         FinalRef (ms):            skipped
[112.760s][debug][gc,phases,ref     ] GC(2569)       Notify PhantomReferences: 0.0ms
[112.760s][debug][gc,phases,ref     ] GC(2569)         PhantomRef (ms):          skipped
[112.760s][debug][gc,phases,ref     ] GC(2569)       SoftReference:
[112.760s][debug][gc,phases,ref     ] GC(2569)         Discovered: 0
[112.760s][debug][gc,phases,ref     ] GC(2569)         Cleared: 0
[112.760s][debug][gc,phases,ref     ] GC(2569)       WeakReference:
[112.760s][debug][gc,phases,ref     ] GC(2569)         Discovered: 0
[112.760s][debug][gc,phases,ref     ] GC(2569)         Cleared: 0
[112.760s][debug][gc,phases,ref     ] GC(2569)       FinalReference:
[112.760s][debug][gc,phases,ref     ] GC(2569)         Discovered: 0
[112.760s][debug][gc,phases,ref     ] GC(2569)         Cleared: 0
[112.760s][debug][gc,phases,ref     ] GC(2569)       PhantomReference:
[112.760s][debug][gc,phases,ref     ] GC(2569)         Discovered: 0
[112.760s][debug][gc,phases,ref     ] GC(2569)         Cleared: 0
[112.760s][debug][gc,phases         ] GC(2569)     Weak Processing: 0.0ms
[112.760s][debug][gc,phases         ] GC(2569)       JVMTI weak processing: 0.0ms
[112.760s][debug][gc,phases         ] GC(2569)         Dead: 0
[112.760s][debug][gc,phases         ] GC(2569)         Total: 0
[112.760s][debug][gc,phases         ] GC(2569)       JFR weak processing: 0.0ms
[112.760s][debug][gc,phases         ] GC(2569)         Dead: 0
[112.760s][debug][gc,phases         ] GC(2569)         Total: 0
[112.760s][debug][gc,phases         ] GC(2569)       JNI weak                  Min:  0.0, Avg:  0.0, Max:  0.0, Diff:  0.0, Sum:  0.0, Workers: 5
[112.760s][debug][gc,phases         ] GC(2569)         Dead                      Min: 0, Avg:  0.0, Max: 0, Diff: 0, Sum: 0, Workers: 5
[112.760s][debug][gc,phases         ] GC(2569)         Total                     Min: 0, Avg: 20.4, Max: 62, Diff: 62, Sum: 102, Workers: 5
[112.760s][debug][gc,phases         ] GC(2569)       VM weak                   Min:  0.0, Avg:  0.0, Max:  0.0, Diff:  0.0, Sum:  0.0, Workers: 5
[112.760s][debug][gc,phases         ] GC(2569)         Dead                      Min: 0, Avg:  0.0, Max: 0, Diff: 0, Sum: 0, Workers: 5
[112.760s][debug][gc,phases         ] GC(2569)         Total                     Min: 0, Avg: 42.4, Max: 148, Diff: 148, Sum: 212, Workers: 5
[112.760s][debug][gc,phases         ] GC(2569)       StringTable weak          Min:  0.0, Avg:  0.0, Max:  0.0, Diff:  0.0, Sum:  0.1, Workers: 5
[112.760s][debug][gc,phases         ] GC(2569)         Dead                      Min: 0, Avg:  0.0, Max: 0, Diff: 0, Sum: 0, Workers: 5
[112.760s][debug][gc,phases         ] GC(2569)         Total                     Min: 128, Avg: 684.6, Max: 1344, Diff: 1216, Sum: 3423, Workers: 5
[112.760s][debug][gc,phases         ] GC(2569)       ResolvedMethodTable weak  Min:  0.0, Avg:  0.0, Max:  0.0, Diff:  0.0, Sum:  0.0, Workers: 5
[112.760s][debug][gc,phases         ] GC(2569)         Dead                      Min: 0, Avg:  0.0, Max: 0, Diff: 0, Sum: 0, Workers: 5
[112.760s][debug][gc,phases         ] GC(2569)         Total                     Min: 64, Avg: 114.6, Max: 128, Diff: 64, Sum: 573, Workers: 5
[112.760s][debug][gc,phases         ] GC(2569)     Merge Per-Thread State: 0.0ms
[112.760s][debug][gc,phases         ] GC(2569)       Copied Bytes              Min: 224, Avg: 400320.0, Max: 800168, Diff: 799944, Sum: 3202560, Workers: 8
[112.760s][debug][gc,phases         ] GC(2569)       LAB Waste                 Min: 0, Avg:  0.0, Max: 0, Diff: 0, Sum: 0, Workers: 8
[112.760s][debug][gc,phases         ] GC(2569)       LAB Undo Waste            Min: 0, Avg:  0.0, Max: 0, Diff: 0, Sum: 0, Workers: 8
[112.760s][debug][gc,phases         ] GC(2569)     Code Roots Purge: 0.0ms
[112.760s][debug][gc,phases         ] GC(2569)     Redirty Cards: 0.0ms
[112.760s][debug][gc,phases         ] GC(2569)     DerivedPointerTable Update: 0.0ms
[112.760s][debug][gc,phases         ] GC(2569)     Free Collection Set: 0.2ms
[112.760s][debug][gc,phases         ] GC(2569)     Rebuild Free List: 0.1ms
[112.760s][debug][gc,phases         ] GC(2569)     Humongous Reclaim: 0.0ms
[112.760s][debug][gc,phases         ] GC(2569)     Start New Collection Set: 0.0ms
[112.760s][debug][gc,phases         ] GC(2569)     Resize TLABs: 0.0ms
[112.760s][debug][gc,phases         ] GC(2569)     Expand Heap After Collection: 0.0ms
[112.760s][info ][gc,phases         ] GC(2569)   Other: 0.3ms
[112.760s][info ][gc,heap           ] GC(2569) Eden regions: 772->0(771)
[112.760s][info ][gc,heap           ] GC(2569) Survivor regions: 3->4(97)
[112.760s][info ][gc,heap           ] GC(2569) Old regions: 18->18
[112.760s][info ][gc,heap           ] GC(2569) Archive regions: 2->2
[112.760s][info ][gc,heap           ] GC(2569) Humongous regions: 0->0
[112.760s][info ][gc,metaspace      ] GC(2569) Metaspace: 10016K(10624K)->10016K(10624K) NonClass: 8864K(9216K)->8864K(9216K) Class: 1152K(1408K)->1152K(1408K)
[112.760s][debug][gc,heap           ] GC(2569) Heap after GC invocations=2570 (full 1): garbage-first heap   total 1324032K, used 22555K [0x0000000700000000, 0x0000000800000000)
[112.760s][debug][gc,heap           ] GC(2569)   region size 1024K, 4 young (4096K), 4 survivors (4096K)
[112.760s][debug][gc,heap           ] GC(2569)  Metaspace       used 10016K, capacity 10304K, committed 10624K, reserved 1058816K
[112.760s][debug][gc,heap           ] GC(2569)   class space    used 1152K, capacity 1266K, committed 1408K, reserved 1048576K
[112.760s][info ][gc                ] GC(2569) Pause Young (Normal) (G1 Evacuation Pause) 792M->22M(1293M) 2.323ms
[112.760s][info ][gc,cpu            ] GC(2569) User=0.01s Sys=0.00s Real=0.00s
[112.760s][info ][safepoint         ] Safepoint "G1CollectForAllocation", Time since last: 38701725 ns, Reaching safepoint: 183190 ns, At safepoint: 2555489 ns, Total: 2738679 ns
[112.800s][debug][gc,heap           ] GC(2570) Heap before GC invocations=2570 (full 1): garbage-first heap   total 1324032K, used 811035K [0x0000000700000000, 0x0000000800000000)
[112.800s][debug][gc,heap           ] GC(2570)   region size 1024K, 775 young (793600K), 4 survivors (4096K)
[112.800s][debug][gc,heap           ] GC(2570)  Metaspace       used 10016K, capacity 10304K, committed 10624K, reserved 1058816K
[112.800s][debug][gc,heap           ] GC(2570)   class space    used 1152K, capacity 1266K, committed 1408K, reserved 1048576K
[112.800s][info ][gc,start          ] GC(2570) Pause Young (Normal) (G1 Evacuation Pause)
[112.800s][info ][gc,task           ] GC(2570) Using 8 workers of 8 for evacuation
[112.800s][debug][gc,tlab           ] GC(2570) TLAB totals: thrds: 8  refills: 13 max: 2 slow allocs: 1536 max 226 waste: 27.6% gc: 1068336B max: 243504B slow: 68544B max: 14304B fast: 0B max: 0B
[112.800s][debug][gc,age            ] GC(2570) Desired survivor size 50855936 bytes, new threshold 15 (max threshold 15)
[112.800s][debug][gc,alloc,region   ] GC(2570) Mutator Allocation stats, regions: 771, wasted size: 180M (23.4%)
[112.800s][debug][gc,ergo           ] GC(2570) Running G1 Merge Heap Roots using 8 workers for 775 regions
[112.800s][debug][gc,remset         ] GC(2570) Visited cards 512 Total dirty 4096 (12.50%) Total old 3215360 (0.02%)
[112.801s][debug][gc,ergo           ] GC(2570) Running G1 Clear Card Table Task using 2 workers for 2 units of work for 777 regions.
[112.801s][debug][gc,ref            ] GC(2570) Skipped phase1 of Reference Processing due to unavailable references
[112.801s][debug][gc,ref            ] GC(2570) Skipped phase2 of Reference Processing due to unavailable references
[112.801s][debug][gc,ref            ] GC(2570) Skipped phase3 of Reference Processing due to unavailable references
[112.801s][debug][gc,ref            ] GC(2570) Skipped phase4 of Reference Processing due to unavailable references
[112.801s][debug][gc,ergo           ] GC(2570) Running G1 Free Collection Set using 8 workers for collection set length 775 (1293)
[112.801s][debug][gc,ergo           ] GC(2570) Running G1 Rebuild Free List Task using 8 workers for rebuilding free list of 0 (4096) regions
[112.801s][trace][gc,age            ] GC(2570) Age table with threshold 15 (max threshold 15)
[112.801s][trace][gc,age            ] GC(2570) - age   1:    2402528 bytes,    2402528 total
[112.801s][debug][gc,plab           ] GC(2570) Young PLAB allocation: allocated: 16512B, wasted: 0B, unused: 14064B, used: 2448B, undo waste: 0B, 
[112.801s][debug][gc,plab           ] GC(2570) Young other allocation: region end waste: 484704B, regions filled: 3, direct allocated: 2400080B, failure used: 0B, failure wasted: 0B
[112.801s][debug][gc,plab           ] GC(2570) Young sizing: calculated: 0B, actual: 2064B
[112.801s][debug][gc,plab           ] GC(2570) Old PLAB allocation: allocated: 0B, wasted: 0B, unused: 0B, used: 0B, undo waste: 0B, 
[112.801s][debug][gc,plab           ] GC(2570) Old other allocation: region end waste: 0B, regions filled: 1, direct allocated: 0B, failure used: 0B, failure wasted: 0B
[112.801s][debug][gc,plab           ] GC(2570) Old sizing: calculated: 0B, actual: 2064B
[112.801s][debug][gc,ihop           ] GC(2570) Basic information (value update), threshold: 610113945B (45.00), target occupancy: 1355808768B, current occupancy: 22048560B, recent allocation size: 0B, recent allocation duration: 40.70ms, recent old gen allocation rate: 0.00B/s, recent marking phase length: 30.68ms
[112.801s][debug][gc,ihop           ] GC(2570) Adaptive IHOP information (value update), threshold: 610113945B (47.37), internal target occupancy: 1288018329B, occupancy: 22048560B, additional buffer size: 812646400B, predicted old gen allocation rate: 13.98B/s, predicted marking phase length: 61.36ms, prediction active: false
[112.801s][debug][gc,ergo,refine    ] GC(2570) Concurrent refinement times: Logged Cards Scan time goal: 20.00ms Logged Cards Scan time: 0.00ms HCC time: 0.00ms
[112.801s][debug][gc,ergo,refine    ] GC(2570) Updated Refinement Zones: green: 2048, yellow: 6144, red: 10240
[112.801s][info ][gc,phases         ] GC(2570)   Pre Evacuate Collection Set: 0.1ms
[112.801s][debug][gc,phases         ] GC(2570)     Prepare TLABs: 0.0ms
[112.801s][debug][gc,phases         ] GC(2570)     Choose Collection Set: 0.0ms
[112.801s][debug][gc,phases         ] GC(2570)     Region Register: 0.1ms
[112.801s][debug][gc,phases         ] GC(2570)     Prepare Heap Roots: 0.0ms
[112.801s][info ][gc,phases         ] GC(2570)   Merge Heap Roots: 0.1ms
[112.801s][debug][gc,phases         ] GC(2570)     Prepare Merge Heap Roots: 0.0ms
[112.801s][debug][gc,phases         ] GC(2570)     Eager Reclaim (ms):       skipped
[112.801s][debug][gc,phases         ] GC(2570)     Remembered Sets (ms):     Min:  0.0, Avg:  0.0, Max:  0.1, Diff:  0.0, Sum:  0.2, Workers: 8
[112.801s][debug][gc,phases         ] GC(2570)       Merged Sparse:            Min: 0, Avg:  0.0, Max: 0, Diff: 0, Sum: 0, Workers: 8
[112.801s][debug][gc,phases         ] GC(2570)       Merged Fine:              Min: 0, Avg:  0.0, Max: 0, Diff: 0, Sum: 0, Workers: 8
[112.801s][debug][gc,phases         ] GC(2570)       Merged Coarse:            Min: 0, Avg:  0.0, Max: 0, Diff: 0, Sum: 0, Workers: 8
[112.801s][debug][gc,phases         ] GC(2570)       Dirty Cards:              Min: 0, Avg:  0.0, Max: 0, Diff: 0, Sum: 0, Workers: 8
[112.801s][debug][gc,phases         ] GC(2570)     Hot Card Cache (ms):      Min:  0.0, Avg:  0.0, Max:  0.0, Diff:  0.0, Sum:  0.0, Workers: 8
[112.801s][debug][gc,phases         ] GC(2570)       Dirty Cards:              Min: 0, Avg:  0.0, Max: 0, Diff: 0, Sum: 0, Workers: 8
[112.801s][debug][gc,phases         ] GC(2570)       Skipped Cards:            Min: 0, Avg:  0.0, Max: 0, Diff: 0, Sum: 0, Workers: 8
[112.801s][debug][gc,phases         ] GC(2570)     Log Buffers (ms):         Min:  0.0, Avg:  0.0, Max:  0.0, Diff:  0.0, Sum:  0.0, Workers: 8
[112.801s][debug][gc,phases         ] GC(2570)       Dirty Cards:              Min: 0, Avg:  0.2, Max: 2, Diff: 2, Sum: 2, Workers: 8
[112.801s][debug][gc,phases         ] GC(2570)       Skipped Cards:            Min: 0, Avg:  0.0, Max: 0, Diff: 0, Sum: 0, Workers: 8
[112.801s][info ][gc,phases         ] GC(2570)   Evacuate Collection Set: 0.3ms
[112.801s][debug][gc,phases         ] GC(2570)     Ext Root Scanning (ms):   Min:  0.0, Avg:  0.1, Max:  0.2, Diff:  0.2, Sum:  1.1, Workers: 8
[112.801s][debug][gc,phases         ] GC(2570)     Scan Heap Roots (ms):     Min:  0.0, Avg:  0.0, Max:  0.0, Diff:  0.0, Sum:  0.0, Workers: 8
[112.801s][debug][gc,phases         ] GC(2570)       Scanned Cards:            Min: 0, Avg:  0.2, Max: 1, Diff: 1, Sum: 2, Workers: 8
[112.801s][debug][gc,phases         ] GC(2570)       Scanned Blocks:           Min: 0, Avg:  0.2, Max: 1, Diff: 1, Sum: 2, Workers: 8
[112.801s][debug][gc,phases         ] GC(2570)       Claimed Chunks:           Min: 0, Avg:  0.2, Max: 1, Diff: 1, Sum: 2, Workers: 8
[112.801s][debug][gc,phases         ] GC(2570)     Code Root Scan (ms):      Min:  0.0, Avg:  0.0, Max:  0.0, Diff:  0.0, Sum:  0.1, Workers: 8
[112.802s][debug][gc,phases         ] GC(2570)     Object Copy (ms):         Min:  0.0, Avg:  0.0, Max:  0.0, Diff:  0.0, Sum:  0.0, Workers: 8
[112.802s][debug][gc,phases         ] GC(2570)     Termination (ms):         Min:  0.0, Avg:  0.1, Max:  0.1, Diff:  0.1, Sum:  0.6, Workers: 8
[112.802s][debug][gc,phases         ] GC(2570)       Termination Attempts:     Min: 1, Avg:  1.4, Max: 2, Diff: 1, Sum: 11, Workers: 8
[112.802s][debug][gc,phases         ] GC(2570)     GC Worker Other (ms):     Min:  0.0, Avg:  0.0, Max:  0.1, Diff:  0.1, Sum:  0.4, Workers: 8
[112.802s][debug][gc,phases         ] GC(2570)     GC Worker Total (ms):     Min:  0.3, Avg:  0.3, Max:  0.3, Diff:  0.1, Sum:  2.2, Workers: 8
[112.802s][info ][gc,phases         ] GC(2570)   Post Evacuate Collection Set: 0.5ms
[112.802s][debug][gc,phases         ] GC(2570)     Code Roots Fixup: 0.0ms
[112.802s][debug][gc,phases         ] GC(2570)     Clear Card Table: 0.2ms
[112.802s][debug][gc,phases         ] GC(2570)     Reference Processing: 0.0ms
[112.802s][debug][gc,phases,ref     ] GC(2570)       Reconsider SoftReferences: 0.0ms
[112.802s][debug][gc,phases,ref     ] GC(2570)         SoftRef (ms):             skipped
[112.802s][debug][gc,phases,ref     ] GC(2570)       Notify Soft/WeakReferences: 0.0ms
[112.802s][debug][gc,phases,ref     ] GC(2570)         SoftRef (ms):             skipped
[112.802s][debug][gc,phases,ref     ] GC(2570)         WeakRef (ms):             skipped
[112.802s][debug][gc,phases,ref     ] GC(2570)         FinalRef (ms):            skipped
[112.802s][debug][gc,phases,ref     ] GC(2570)         Total (ms):               skipped
[112.802s][debug][gc,phases,ref     ] GC(2570)       Notify and keep alive finalizable: 0.0ms
[112.802s][debug][gc,phases,ref     ] GC(2570)         FinalRef (ms):            skipped
[112.802s][debug][gc,phases,ref     ] GC(2570)       Notify PhantomReferences: 0.0ms
[112.802s][debug][gc,phases,ref     ] GC(2570)         PhantomRef (ms):          skipped
[112.802s][debug][gc,phases,ref     ] GC(2570)       SoftReference:
[112.802s][debug][gc,phases,ref     ] GC(2570)         Discovered: 0
[112.802s][debug][gc,phases,ref     ] GC(2570)         Cleared: 0
[112.802s][debug][gc,phases,ref     ] GC(2570)       WeakReference:
[112.802s][debug][gc,phases,ref     ] GC(2570)         Discovered: 0
[112.802s][debug][gc,phases,ref     ] GC(2570)         Cleared: 0
[112.802s][debug][gc,phases,ref     ] GC(2570)       FinalReference:
[112.802s][debug][gc,phases,ref     ] GC(2570)         Discovered: 0
[112.802s][debug][gc,phases,ref     ] GC(2570)         Cleared: 0
[112.802s][debug][gc,phases,ref     ] GC(2570)       PhantomReference:
[112.802s][debug][gc,phases,ref     ] GC(2570)         Discovered: 0
[112.802s][debug][gc,phases,ref     ] GC(2570)         Cleared: 0
[112.802s][debug][gc,phases         ] GC(2570)     Weak Processing: 0.1ms
[112.802s][debug][gc,phases         ] GC(2570)       JVMTI weak processing: 0.0ms
[112.802s][debug][gc,phases         ] GC(2570)         Dead: 0
[112.802s][debug][gc,phases         ] GC(2570)         Total: 0
[112.802s][debug][gc,phases         ] GC(2570)       JFR weak processing: 0.0ms
[112.802s][debug][gc,phases         ] GC(2570)         Dead: 0
[112.802s][debug][gc,phases         ] GC(2570)         Total: 0
[112.802s][debug][gc,phases         ] GC(2570)       JNI weak                  Min:  0.0, Avg:  0.0, Max:  0.0, Diff:  0.0, Sum:  0.0, Workers: 5
[112.802s][debug][gc,phases         ] GC(2570)         Dead                      Min: 0, Avg:  0.0, Max: 0, Diff: 0, Sum: 0, Workers: 5
[112.802s][debug][gc,phases         ] GC(2570)         Total                     Min: 0, Avg: 20.4, Max: 62, Diff: 62, Sum: 102, Workers: 5
[112.802s][debug][gc,phases         ] GC(2570)       VM weak                   Min:  0.0, Avg:  0.0, Max:  0.0, Diff:  0.0, Sum:  0.0, Workers: 5
[112.802s][debug][gc,phases         ] GC(2570)         Dead                      Min: 0, Avg:  0.0, Max: 0, Diff: 0, Sum: 0, Workers: 5
[112.802s][debug][gc,phases         ] GC(2570)         Total                     Min: 0, Avg: 42.4, Max: 128, Diff: 128, Sum: 212, Workers: 5
[112.802s][debug][gc,phases         ] GC(2570)       StringTable weak          Min:  0.0, Avg:  0.0, Max:  0.0, Diff:  0.0, Sum:  0.1, Workers: 5
[112.802s][debug][gc,phases         ] GC(2570)         Dead                      Min: 0, Avg:  0.0, Max: 0, Diff: 0, Sum: 0, Workers: 5
[112.802s][debug][gc,phases         ] GC(2570)         Total                     Min: 0, Avg: 684.6, Max: 1727, Diff: 1727, Sum: 3423, Workers: 5
[112.802s][debug][gc,phases         ] GC(2570)       ResolvedMethodTable weak  Min:  0.0, Avg:  0.0, Max:  0.0, Diff:  0.0, Sum:  0.0, Workers: 5
[112.802s][debug][gc,phases         ] GC(2570)         Dead                      Min: 0, Avg:  0.0, Max: 0, Diff: 0, Sum: 0, Workers: 5
[112.802s][debug][gc,phases         ] GC(2570)         Total                     Min: 0, Avg: 114.6, Max: 317, Diff: 317, Sum: 573, Workers: 5
[112.802s][debug][gc,phases         ] GC(2570)     Merge Per-Thread State: 0.0ms
[112.802s][debug][gc,phases         ] GC(2570)       Copied Bytes              Min: 72, Avg: 300316.0, Max: 800096, Diff: 800024, Sum: 2402528, Workers: 8
[112.802s][debug][gc,phases         ] GC(2570)       LAB Waste                 Min: 0, Avg:  0.0, Max: 0, Diff: 0, Sum: 0, Workers: 8
[112.802s][debug][gc,phases         ] GC(2570)       LAB Undo Waste            Min: 0, Avg:  0.0, Max: 0, Diff: 0, Sum: 0, Workers: 8
[112.802s][debug][gc,phases         ] GC(2570)     Code Roots Purge: 0.0ms
[112.802s][debug][gc,phases         ] GC(2570)     Redirty Cards: 0.0ms
[112.802s][debug][gc,phases         ] GC(2570)     DerivedPointerTable Update: 0.0ms
[112.802s][debug][gc,phases         ] GC(2570)     Free Collection Set: 0.2ms
[112.802s][debug][gc,phases         ] GC(2570)     Rebuild Free List: 0.1ms
[112.802s][debug][gc,phases         ] GC(2570)     Humongous Reclaim: 0.0ms
[112.802s][debug][gc,phases         ] GC(2570)     Start New Collection Set: 0.0ms
[112.802s][debug][gc,phases         ] GC(2570)     Resize TLABs: 0.0ms
[112.802s][debug][gc,phases         ] GC(2570)     Expand Heap After Collection: 0.0ms
[112.802s][info ][gc,phases         ] GC(2570)   Other: 0.3ms
[112.802s][info ][gc,heap           ] GC(2570) Eden regions: 771->0(772)
[112.802s][info ][gc,heap           ] GC(2570) Survivor regions: 4->3(97)
[112.802s][info ][gc,heap           ] GC(2570) Old regions: 18->18
[112.802s][info ][gc,heap           ] GC(2570) Archive regions: 2->2
[112.802s][info ][gc,heap           ] GC(2570) Humongous regions: 0->0
[112.802s][info ][gc,metaspace      ] GC(2570) Metaspace: 10016K(10624K)->10016K(10624K) NonClass: 8864K(9216K)->8864K(9216K) Class: 1152K(1408K)->1152K(1408K)
[112.802s][debug][gc,heap           ] GC(2570) Heap after GC invocations=2571 (full 1): garbage-first heap   total 1324032K, used 21531K [0x0000000700000000, 0x0000000800000000)
[112.802s][debug][gc,heap           ] GC(2570)   region size 1024K, 3 young (3072K), 3 survivors (3072K)
[112.802s][debug][gc,heap           ] GC(2570)  Metaspace       used 10016K, capacity 10304K, committed 10624K, reserved 1058816K
[112.802s][debug][gc,heap           ] GC(2570)   class space    used 1152K, capacity 1266K, committed 1408K, reserved 1048576K
[112.802s][info ][gc                ] GC(2570) Pause Young (Normal) (G1 Evacuation Pause) 792M->21M(1293M) 2.025ms
[112.802s][info ][gc,cpu            ] GC(2570) User=0.00s Sys=0.00s Real=0.01s
[112.802s][info ][safepoint         ] Safepoint "G1CollectForAllocation", Time since last: 39491524 ns, Reaching safepoint: 145232 ns, At safepoint: 2186778 ns, Total: 2332010 ns
[112.839s][debug][gc,heap           ] GC(2571) Heap before GC invocations=2571 (full 1): garbage-first heap   total 1324032K, used 811035K [0x0000000700000000, 0x0000000800000000)
[112.839s][debug][gc,heap           ] GC(2571)   region size 1024K, 775 young (793600K), 3 survivors (3072K)
[112.839s][debug][gc,heap           ] GC(2571)  Metaspace       used 10016K, capacity 10304K, committed 10624K, reserved 1058816K
[112.839s][debug][gc,heap           ] GC(2571)   class space    used 1152K, capacity 1266K, committed 1408K, reserved 1048576K
[112.839s][info ][gc,start          ] GC(2571) Pause Young (Normal) (G1 Evacuation Pause)
[112.839s][info ][gc,task           ] GC(2571) Using 8 workers of 8 for evacuation
[112.840s][debug][gc,tlab           ] GC(2571) TLAB totals: thrds: 8  refills: 14 max: 3 slow allocs: 1536 max 211 waste: 31.8% gc: 1314856B max: 238432B slow: 71056B max: 15096B fast: 0B max: 0B
[112.840s][debug][gc,age            ] GC(2571) Desired survivor size 50855936 bytes, new threshold 15 (max threshold 15)
[112.840s][debug][gc,alloc,region   ] GC(2571) Mutator Allocation stats, regions: 772, wasted size: 180M (23.4%)
[112.840s][debug][gc,ergo           ] GC(2571) Running G1 Merge Heap Roots using 8 workers for 775 regions
[112.840s][debug][gc,remset         ] GC(2571) Visited cards 256 Total dirty 2048 (12.50%) Total old 3215360 (0.01%)
[112.840s][debug][gc,ergo           ] GC(2571) Running G1 Clear Card Table Task using 2 workers for 2 units of work for 776 regions.
[112.840s][debug][gc,ref            ] GC(2571) Skipped phase1 of Reference Processing due to unavailable references
[112.840s][debug][gc,ref            ] GC(2571) Skipped phase2 of Reference Processing due to unavailable references
[112.840s][debug][gc,ref            ] GC(2571) Skipped phase3 of Reference Processing due to unavailable references
[112.840s][debug][gc,ref            ] GC(2571) Skipped phase4 of Reference Processing due to unavailable references
[112.840s][debug][gc,ergo           ] GC(2571) Running G1 Free Collection Set using 8 workers for collection set length 775 (1293)
[112.841s][debug][gc,ergo           ] GC(2571) Running G1 Rebuild Free List Task using 8 workers for rebuilding free list of 0 (4096) regions
[112.841s][trace][gc,age            ] GC(2571) Age table with threshold 15 (max threshold 15)
[112.841s][trace][gc,age            ] GC(2571) - age   1:    3202560 bytes,    3202560 total
[112.841s][debug][gc,plab           ] GC(2571) Young PLAB allocation: allocated: 16512B, wasted: 0B, unused: 14064B, used: 2448B, undo waste: 0B, 
[112.841s][debug][gc,plab           ] GC(2571) Young other allocation: region end waste: 733248B, regions filled: 4, direct allocated: 3200112B, failure used: 0B, failure wasted: 0B
[112.841s][debug][gc,plab           ] GC(2571) Young sizing: calculated: 0B, actual: 2064B
[112.841s][debug][gc,plab           ] GC(2571) Old PLAB allocation: allocated: 0B, wasted: 0B, unused: 0B, used: 0B, undo waste: 0B, 
[112.841s][debug][gc,plab           ] GC(2571) Old other allocation: region end waste: 0B, regions filled: 1, direct allocated: 0B, failure used: 0B, failure wasted: 0B
[112.841s][debug][gc,plab           ] GC(2571) Old sizing: calculated: 0B, actual: 2064B
[112.841s][debug][gc,ihop           ] GC(2571) Basic information (value update), threshold: 610113945B (45.00), target occupancy: 1355808768B, current occupancy: 23097136B, recent allocation size: 0B, recent allocation duration: 38.23ms, recent old gen allocation rate: 0.00B/s, recent marking phase length: 30.68ms
[112.841s][debug][gc,ihop           ] GC(2571) Adaptive IHOP information (value update), threshold: 610113945B (47.37), internal target occupancy: 1288018329B, occupancy: 23097136B, additional buffer size: 812646400B, predicted old gen allocation rate: 13.63B/s, predicted marking phase length: 61.36ms, prediction active: false
[112.841s][debug][gc,ergo,refine    ] GC(2571) Concurrent refinement times: Logged Cards Scan time goal: 20.00ms Logged Cards Scan time: 0.00ms HCC time: 0.00ms
[112.841s][debug][gc,ergo,refine    ] GC(2571) Updated Refinement Zones: green: 2048, yellow: 6144, red: 10240
[112.841s][info ][gc,phases         ] GC(2571)   Pre Evacuate Collection Set: 0.1ms
[112.841s][debug][gc,phases         ] GC(2571)     Prepare TLABs: 0.0ms
[112.841s][debug][gc,phases         ] GC(2571)     Choose Collection Set: 0.0ms
[112.841s][debug][gc,phases         ] GC(2571)     Region Register: 0.1ms
[112.841s][debug][gc,phases         ] GC(2571)     Prepare Heap Roots: 0.0ms
[112.841s][info ][gc,phases         ] GC(2571)   Merge Heap Roots: 0.1ms
[112.841s][debug][gc,phases         ] GC(2571)     Prepare Merge Heap Roots: 0.0ms
[112.841s][debug][gc,phases         ] GC(2571)     Eager Reclaim (ms):       skipped
[112.841s][debug][gc,phases         ] GC(2571)     Remembered Sets (ms):     Min:  0.0, Avg:  0.0, Max:  0.1, Diff:  0.0, Sum:  0.3, Workers: 8
[112.841s][debug][gc,phases         ] GC(2571)       Merged Sparse:            Min: 0, Avg:  0.0, Max: 0, Diff: 0, Sum: 0, Workers: 8
[112.841s][debug][gc,phases         ] GC(2571)       Merged Fine:              Min: 0, Avg:  0.0, Max: 0, Diff: 0, Sum: 0, Workers: 8
[112.841s][debug][gc,phases         ] GC(2571)       Merged Coarse:            Min: 0, Avg:  0.0, Max: 0, Diff: 0, Sum: 0, Workers: 8
[112.841s][debug][gc,phases         ] GC(2571)       Dirty Cards:              Min: 0, Avg:  0.0, Max: 0, Diff: 0, Sum: 0, Workers: 8
[112.841s][debug][gc,phases         ] GC(2571)     Hot Card Cache (ms):      Min:  0.0, Avg:  0.0, Max:  0.0, Diff:  0.0, Sum:  0.0, Workers: 8
[112.841s][debug][gc,phases         ] GC(2571)       Dirty Cards:              Min: 0, Avg:  0.0, Max: 0, Diff: 0, Sum: 0, Workers: 8
[112.841s][debug][gc,phases         ] GC(2571)       Skipped Cards:            Min: 0, Avg:  0.0, Max: 0, Diff: 0, Sum: 0, Workers: 8
[112.841s][debug][gc,phases         ] GC(2571)     Log Buffers (ms):         Min:  0.0, Avg:  0.0, Max:  0.0, Diff:  0.0, Sum:  0.0, Workers: 8
[112.841s][debug][gc,phases         ] GC(2571)       Dirty Cards:              Min: 0, Avg:  0.1, Max: 1, Diff: 1, Sum: 1, Workers: 8
[112.841s][debug][gc,phases         ] GC(2571)       Skipped Cards:            Min: 0, Avg:  0.0, Max: 0, Diff: 0, Sum: 0, Workers: 8
[112.841s][info ][gc,phases         ] GC(2571)   Evacuate Collection Set: 0.4ms
[112.841s][debug][gc,phases         ] GC(2571)     Ext Root Scanning (ms):   Min:  0.1, Avg:  0.2, Max:  0.3, Diff:  0.2, Sum:  1.7, Workers: 8
[112.841s][debug][gc,phases         ] GC(2571)     Scan Heap Roots (ms):     Min:  0.0, Avg:  0.0, Max:  0.0, Diff:  0.0, Sum:  0.0, Workers: 8
[112.841s][debug][gc,phases         ] GC(2571)       Scanned Cards:            Min: 0, Avg:  0.1, Max: 1, Diff: 1, Sum: 1, Workers: 8
[112.841s][debug][gc,phases         ] GC(2571)       Scanned Blocks:           Min: 0, Avg:  0.1, Max: 1, Diff: 1, Sum: 1, Workers: 8
[112.841s][debug][gc,phases         ] GC(2571)       Claimed Chunks:           Min: 0, Avg:  0.1, Max: 1, Diff: 1, Sum: 1, Workers: 8
[112.841s][debug][gc,phases         ] GC(2571)     Code Root Scan (ms):      Min:  0.0, Avg:  0.0, Max:  0.0, Diff:  0.0, Sum:  0.1, Workers: 8
[112.841s][debug][gc,phases         ] GC(2571)     Object Copy (ms):         Min:  0.0, Avg:  0.0, Max:  0.0, Diff:  0.0, Sum:  0.0, Workers: 8
[112.841s][debug][gc,phases         ] GC(2571)     Termination (ms):         Min:  0.0, Avg:  0.1, Max:  0.1, Diff:  0.1, Sum:  0.5, Workers: 8
[112.841s][debug][gc,phases         ] GC(2571)       Termination Attempts:     Min: 1, Avg:  1.5, Max: 4, Diff: 3, Sum: 12, Workers: 8
[112.841s][debug][gc,phases         ] GC(2571)     GC Worker Other (ms):     Min:  0.0, Avg:  0.0, Max:  0.1, Diff:  0.1, Sum:  0.2, Workers: 8
[112.841s][debug][gc,phases         ] GC(2571)     GC Worker Total (ms):     Min:  0.3, Avg:  0.3, Max:  0.3, Diff:  0.1, Sum:  2.5, Workers: 8
[112.841s][info ][gc,phases         ] GC(2571)   Post Evacuate Collection Set: 0.6ms
[112.841s][debug][gc,phases         ] GC(2571)     Code Roots Fixup: 0.0ms
[112.841s][debug][gc,phases         ] GC(2571)     Clear Card Table: 0.2ms
[112.841s][debug][gc,phases         ] GC(2571)     Reference Processing: 0.0ms
[112.841s][debug][gc,phases,ref     ] GC(2571)       Reconsider SoftReferences: 0.0ms
[112.841s][debug][gc,phases,ref     ] GC(2571)         SoftRef (ms):             skipped
[112.841s][debug][gc,phases,ref     ] GC(2571)       Notify Soft/WeakReferences: 0.0ms
[112.841s][debug][gc,phases,ref     ] GC(2571)         SoftRef (ms):             skipped
[112.841s][debug][gc,phases,ref     ] GC(2571)         WeakRef (ms):             skipped
[112.841s][debug][gc,phases,ref     ] GC(2571)         FinalRef (ms):            skipped
[112.841s][debug][gc,phases,ref     ] GC(2571)         Total (ms):               skipped
[112.841s][debug][gc,phases,ref     ] GC(2571)       Notify and keep alive finalizable: 0.0ms
[112.841s][debug][gc,phases,ref     ] GC(2571)         FinalRef (ms):            skipped
[112.841s][debug][gc,phases,ref     ] GC(2571)       Notify PhantomReferences: 0.0ms
[112.841s][debug][gc,phases,ref     ] GC(2571)         PhantomRef (ms):          skipped
[112.841s][debug][gc,phases,ref     ] GC(2571)       SoftReference:
[112.841s][debug][gc,phases,ref     ] GC(2571)         Discovered: 0
[112.841s][debug][gc,phases,ref     ] GC(2571)         Cleared: 0
[112.841s][debug][gc,phases,ref     ] GC(2571)       WeakReference:
[112.841s][debug][gc,phases,ref     ] GC(2571)         Discovered: 0
[112.841s][debug][gc,phases,ref     ] GC(2571)         Cleared: 0
[112.841s][debug][gc,phases,ref     ] GC(2571)       FinalReference:
[112.841s][debug][gc,phases,ref     ] GC(2571)         Discovered: 0
[112.841s][debug][gc,phases,ref     ] GC(2571)         Cleared: 0
[112.841s][debug][gc,phases,ref     ] GC(2571)       PhantomReference:
[112.841s][debug][gc,phases,ref     ] GC(2571)         Discovered: 0
[112.841s][debug][gc,phases,ref     ] GC(2571)         Cleared: 0
[112.841s][debug][gc,phases         ] GC(2571)     Weak Processing: 0.0ms
[112.841s][debug][gc,phases         ] GC(2571)       JVMTI weak processing: 0.0ms
[112.841s][debug][gc,phases         ] GC(2571)         Dead: 0
[112.841s][debug][gc,phases         ] GC(2571)         Total: 0
[112.841s][debug][gc,phases         ] GC(2571)       JFR weak processing: 0.0ms
[112.841s][debug][gc,phases         ] GC(2571)         Dead: 0
[112.841s][debug][gc,phases         ] GC(2571)         Total: 0
[112.841s][debug][gc,phases         ] GC(2571)       JNI weak                  Min:  0.0, Avg:  0.0, Max:  0.0, Diff:  0.0, Sum:  0.0, Workers: 5
[112.841s][debug][gc,phases         ] GC(2571)         Dead                      Min: 0, Avg:  0.0, Max: 0, Diff: 0, Sum: 0, Workers: 5
[112.841s][debug][gc,phases         ] GC(2571)         Total                     Min: 0, Avg: 20.4, Max: 62, Diff: 62, Sum: 102, Workers: 5
[112.841s][debug][gc,phases         ] GC(2571)       VM weak                   Min:  0.0, Avg:  0.0, Max:  0.0, Diff:  0.0, Sum:  0.0, Workers: 5
[112.841s][debug][gc,phases         ] GC(2571)         Dead                      Min: 0, Avg:  0.0, Max: 0, Diff: 0, Sum: 0, Workers: 5
[112.841s][debug][gc,phases         ] GC(2571)         Total                     Min: 0, Avg: 42.4, Max: 84, Diff: 84, Sum: 212, Workers: 5
[112.841s][debug][gc,phases         ] GC(2571)       StringTable weak          Min:  0.0, Avg:  0.0, Max:  0.0, Diff:  0.0, Sum:  0.1, Workers: 5
[112.841s][debug][gc,phases         ] GC(2571)         Dead                      Min: 0, Avg:  0.0, Max: 0, Diff: 0, Sum: 0, Workers: 5
[112.841s][debug][gc,phases         ] GC(2571)         Total                     Min: 0, Avg: 684.6, Max: 1248, Diff: 1248, Sum: 3423, Workers: 5
[112.841s][debug][gc,phases         ] GC(2571)       ResolvedMethodTable weak  Min:  0.0, Avg:  0.0, Max:  0.0, Diff:  0.0, Sum:  0.0, Workers: 5
[112.841s][debug][gc,phases         ] GC(2571)         Dead                      Min: 0, Avg:  0.0, Max: 0, Diff: 0, Sum: 0, Workers: 5
[112.841s][debug][gc,phases         ] GC(2571)         Total                     Min: 0, Avg: 114.6, Max: 192, Diff: 192, Sum: 573, Workers: 5
[112.841s][debug][gc,phases         ] GC(2571)     Merge Per-Thread State: 0.0ms
[112.841s][debug][gc,phases         ] GC(2571)       Copied Bytes              Min: 648, Avg: 400320.0, Max: 800320, Diff: 799672, Sum: 3202560, Workers: 8
[112.841s][debug][gc,phases         ] GC(2571)       LAB Waste                 Min: 0, Avg:  0.0, Max: 0, Diff: 0, Sum: 0, Workers: 8
[112.841s][debug][gc,phases         ] GC(2571)       LAB Undo Waste            Min: 0, Avg:  0.0, Max: 0, Diff: 0, Sum: 0, Workers: 8
[112.841s][debug][gc,phases         ] GC(2571)     Code Roots Purge: 0.0ms
[112.841s][debug][gc,phases         ] GC(2571)     Redirty Cards: 0.0ms
[112.841s][debug][gc,phases         ] GC(2571)     DerivedPointerTable Update: 0.0ms
[112.841s][debug][gc,phases         ] GC(2571)     Free Collection Set: 0.2ms
[112.841s][debug][gc,phases         ] GC(2571)     Rebuild Free List: 0.1ms
[112.841s][debug][gc,phases         ] GC(2571)     Humongous Reclaim: 0.0ms
[112.841s][debug][gc,phases         ] GC(2571)     Start New Collection Set: 0.0ms
[112.841s][debug][gc,phases         ] GC(2571)     Resize TLABs: 0.0ms
[112.841s][debug][gc,phases         ] GC(2571)     Expand Heap After Collection: 0.0ms
[112.841s][info ][gc,phases         ] GC(2571)   Other: 0.3ms
[112.841s][info ][gc,heap           ] GC(2571) Eden regions: 772->0(771)
[112.841s][info ][gc,heap           ] GC(2571) Survivor regions: 3->4(97)
[112.841s][info ][gc,heap           ] GC(2571) Old regions: 18->18
[112.841s][info ][gc,heap           ] GC(2571) Archive regions: 2->2
[112.841s][info ][gc,heap           ] GC(2571) Humongous regions: 0->0
[112.841s][info ][gc,metaspace      ] GC(2571) Metaspace: 10016K(10624K)->10016K(10624K) NonClass: 8864K(9216K)->8864K(9216K) Class: 1152K(1408K)->1152K(1408K)
[112.841s][debug][gc,heap           ] GC(2571) Heap after GC invocations=2572 (full 1): garbage-first heap   total 1324032K, used 22555K [0x0000000700000000, 0x0000000800000000)
[112.841s][debug][gc,heap           ] GC(2571)   region size 1024K, 4 young (4096K), 4 survivors (4096K)
[112.841s][debug][gc,heap           ] GC(2571)  Metaspace       used 10016K, capacity 10304K, committed 10624K, reserved 1058816K
[112.841s][debug][gc,heap           ] GC(2571)   class space    used 1152K, capacity 1266K, committed 1408K, reserved 1048576K
[112.841s][info ][gc                ] GC(2571) Pause Young (Normal) (G1 Evacuation Pause) 792M->22M(1293M) 2.010ms
[112.841s][info ][gc,cpu            ] GC(2571) User=0.00s Sys=0.00s Real=0.00s
[112.842s][info ][safepoint         ] Safepoint "G1CollectForAllocation", Time since last: 37177669 ns, Reaching safepoint: 153119 ns, At safepoint: 2178122 ns, Total: 2331241 ns
[112.882s][debug][gc,heap           ] GC(2572) Heap before GC invocations=2572 (full 1): garbage-first heap   total 1324032K, used 811035K [0x0000000700000000, 0x0000000800000000)
[112.882s][debug][gc,heap           ] GC(2572)   region size 1024K, 775 young (793600K), 4 survivors (4096K)
[112.882s][debug][gc,heap           ] GC(2572)  Metaspace       used 10016K, capacity 10304K, committed 10624K, reserved 1058816K
[112.882s][debug][gc,heap           ] GC(2572)   class space    used 1152K, capacity 1266K, committed 1408K, reserved 1048576K
[112.882s][info ][gc,start          ] GC(2572) Pause Young (Normal) (G1 Evacuation Pause)
[112.882s][info ][gc,task           ] GC(2572) Using 8 workers of 8 for evacuation
[112.882s][debug][gc,tlab           ] GC(2572) TLAB totals: thrds: 8  refills: 10 max: 2 slow allocs: 1537 max 221 waste: 31.8% gc: 986864B max: 161344B slow: 27352B max: 13912B fast: 0B max: 0B
[112.882s][debug][gc,age            ] GC(2572) Desired survivor size 50855936 bytes, new threshold 15 (max threshold 15)
[112.882s][debug][gc,alloc,region   ] GC(2572) Mutator Allocation stats, regions: 771, wasted size: 180M (23.4%)
[112.882s][debug][gc,ergo           ] GC(2572) Running G1 Merge Heap Roots using 8 workers for 775 regions
[112.882s][debug][gc,remset         ] GC(2572) Visited cards 256 Total dirty 2048 (12.50%) Total old 3215360 (0.01%)
[112.883s][debug][gc,ergo           ] GC(2572) Running G1 Clear Card Table Task using 2 workers for 2 units of work for 776 regions.
[112.883s][debug][gc,ref            ] GC(2572) Skipped phase1 of Reference Processing due to unavailable references
[112.883s][debug][gc,ref            ] GC(2572) Skipped phase2 of Reference Processing due to unavailable references
[112.883s][debug][gc,ref            ] GC(2572) Skipped phase3 of Reference Processing due to unavailable references
[112.883s][debug][gc,ref            ] GC(2572) Skipped phase4 of Reference Processing due to unavailable references
[112.883s][debug][gc,ergo           ] GC(2572) Running G1 Free Collection Set using 8 workers for collection set length 775 (1293)
[112.883s][debug][gc,ergo           ] GC(2572) Running G1 Rebuild Free List Task using 8 workers for rebuilding free list of 0 (4096) regions
[112.883s][trace][gc,age            ] GC(2572) Age table with threshold 15 (max threshold 15)
[112.883s][trace][gc,age            ] GC(2572) - age   1:    2402536 bytes,    2402536 total
[112.883s][debug][gc,plab           ] GC(2572) Young PLAB allocation: allocated: 16512B, wasted: 0B, unused: 14064B, used: 2448B, undo waste: 0B, 
[112.883s][debug][gc,plab           ] GC(2572) Young other allocation: region end waste: 482640B, regions filled: 3, direct allocated: 2400088B, failure used: 0B, failure wasted: 0B
[112.883s][debug][gc,plab           ] GC(2572) Young sizing: calculated: 0B, actual: 2064B
[112.883s][debug][gc,plab           ] GC(2572) Old PLAB allocation: allocated: 0B, wasted: 0B, unused: 0B, used: 0B, undo waste: 0B, 
[112.883s][debug][gc,plab           ] GC(2572) Old other allocation: region end waste: 0B, regions filled: 1, direct allocated: 0B, failure used: 0B, failure wasted: 0B
[112.883s][debug][gc,plab           ] GC(2572) Old sizing: calculated: 0B, actual: 2064B
[112.883s][debug][gc,ihop           ] GC(2572) Basic information (value update), threshold: 610113945B (45.00), target occupancy: 1355808768B, current occupancy: 22046504B, recent allocation size: 0B, recent allocation duration: 41.33ms, recent old gen allocation rate: 0.00B/s, recent marking phase length: 30.68ms
[112.883s][debug][gc,ihop           ] GC(2572) Adaptive IHOP information (value update), threshold: 610113945B (47.37), internal target occupancy: 1288018329B, occupancy: 22046504B, additional buffer size: 812646400B, predicted old gen allocation rate: 13.28B/s, predicted marking phase length: 61.36ms, prediction active: false
[112.883s][debug][gc,ergo,refine    ] GC(2572) Concurrent refinement times: Logged Cards Scan time goal: 20.00ms Logged Cards Scan time: 0.00ms HCC time: 0.00ms
[112.883s][debug][gc,ergo,refine    ] GC(2572) Updated Refinement Zones: green: 2048, yellow: 6144, red: 10240
[112.883s][info ][gc,phases         ] GC(2572)   Pre Evacuate Collection Set: 0.1ms
[112.883s][debug][gc,phases         ] GC(2572)     Prepare TLABs: 0.0ms
[112.883s][debug][gc,phases         ] GC(2572)     Choose Collection Set: 0.0ms
[112.883s][debug][gc,phases         ] GC(2572)     Region Register: 0.1ms
[112.883s][debug][gc,phases         ] GC(2572)     Prepare Heap Roots: 0.0ms
[112.883s][info ][gc,phases         ] GC(2572)   Merge Heap Roots: 0.1ms
[112.883s][debug][gc,phases         ] GC(2572)     Prepare Merge Heap Roots: 0.0ms
[112.884s][debug][gc,phases         ] GC(2572)     Eager Reclaim (ms):       skipped
[112.884s][debug][gc,phases         ] GC(2572)     Remembered Sets (ms):     Min:  0.0, Avg:  0.0, Max:  0.0, Diff:  0.0, Sum:  0.2, Workers: 8
[112.884s][debug][gc,phases         ] GC(2572)       Merged Sparse:            Min: 0, Avg:  0.0, Max: 0, Diff: 0, Sum: 0, Workers: 8
[112.884s][debug][gc,phases         ] GC(2572)       Merged Fine:              Min: 0, Avg:  0.0, Max: 0, Diff: 0, Sum: 0, Workers: 8
[112.884s][debug][gc,phases         ] GC(2572)       Merged Coarse:            Min: 0, Avg:  0.0, Max: 0, Diff: 0, Sum: 0, Workers: 8
[112.884s][debug][gc,phases         ] GC(2572)       Dirty Cards:              Min: 0, Avg:  0.0, Max: 0, Diff: 0, Sum: 0, Workers: 8
[112.884s][debug][gc,phases         ] GC(2572)     Hot Card Cache (ms):      Min:  0.0, Avg:  0.0, Max:  0.0, Diff:  0.0, Sum:  0.0, Workers: 8
[112.884s][debug][gc,phases         ] GC(2572)       Dirty Cards:              Min: 0, Avg:  0.0, Max: 0, Diff: 0, Sum: 0, Workers: 8
[112.884s][debug][gc,phases         ] GC(2572)       Skipped Cards:            Min: 0, Avg:  0.0, Max: 0, Diff: 0, Sum: 0, Workers: 8
[112.884s][debug][gc,phases         ] GC(2572)     Log Buffers (ms):         Min:  0.0, Avg:  0.0, Max:  0.0, Diff:  0.0, Sum:  0.0, Workers: 8
[112.884s][debug][gc,phases         ] GC(2572)       Dirty Cards:              Min: 0, Avg:  0.1, Max: 1, Diff: 1, Sum: 1, Workers: 8
[112.884s][debug][gc,phases         ] GC(2572)       Skipped Cards:            Min: 0, Avg:  0.0, Max: 0, Diff: 0, Sum: 0, Workers: 8
[112.884s][info ][gc,phases         ] GC(2572)   Evacuate Collection Set: 0.3ms
[112.884s][debug][gc,phases         ] GC(2572)     Ext Root Scanning (ms):   Min:  0.0, Avg:  0.1, Max:  0.2, Diff:  0.2, Sum:  1.1, Workers: 8
[112.884s][debug][gc,phases         ] GC(2572)     Scan Heap Roots (ms):     Min:  0.0, Avg:  0.0, Max:  0.0, Diff:  0.0, Sum:  0.0, Workers: 8
[112.884s][debug][gc,phases         ] GC(2572)       Scanned Cards:            Min: 0, Avg:  0.1, Max: 1, Diff: 1, Sum: 1, Workers: 8
[112.884s][debug][gc,phases         ] GC(2572)       Scanned Blocks:           Min: 0, Avg:  0.1, Max: 1, Diff: 1, Sum: 1, Workers: 8
[112.884s][debug][gc,phases         ] GC(2572)       Claimed Chunks:           Min: 0, Avg:  0.1, Max: 1, Diff: 1, Sum: 1, Workers: 8
[112.884s][debug][gc,phases         ] GC(2572)     Code Root Scan (ms):      Min:  0.0, Avg:  0.0, Max:  0.0, Diff:  0.0, Sum:  0.1, Workers: 8
[112.884s][debug][gc,phases         ] GC(2572)     Object Copy (ms):         Min:  0.0, Avg:  0.0, Max:  0.0, Diff:  0.0, Sum:  0.1, Workers: 8
[112.884s][debug][gc,phases         ] GC(2572)     Termination (ms):         Min:  0.0, Avg:  0.1, Max:  0.1, Diff:  0.1, Sum:  0.6, Workers: 8
[112.884s][debug][gc,phases         ] GC(2572)       Termination Attempts:     Min: 1, Avg:  1.4, Max: 2, Diff: 1, Sum: 11, Workers: 8
[112.884s][debug][gc,phases         ] GC(2572)     GC Worker Other (ms):     Min:  0.0, Avg:  0.0, Max:  0.1, Diff:  0.0, Sum:  0.3, Workers: 8
[112.884s][debug][gc,phases         ] GC(2572)     GC Worker Total (ms):     Min:  0.2, Avg:  0.3, Max:  0.3, Diff:  0.1, Sum:  2.1, Workers: 8
[112.884s][info ][gc,phases         ] GC(2572)   Post Evacuate Collection Set: 0.5ms
[112.884s][debug][gc,phases         ] GC(2572)     Code Roots Fixup: 0.0ms
[112.884s][debug][gc,phases         ] GC(2572)     Clear Card Table: 0.2ms
[112.884s][debug][gc,phases         ] GC(2572)     Reference Processing: 0.0ms
[112.884s][debug][gc,phases,ref     ] GC(2572)       Reconsider SoftReferences: 0.0ms
[112.884s][debug][gc,phases,ref     ] GC(2572)         SoftRef (ms):             skipped
[112.884s][debug][gc,phases,ref     ] GC(2572)       Notify Soft/WeakReferences: 0.0ms
[112.884s][debug][gc,phases,ref     ] GC(2572)         SoftRef (ms):             skipped
[112.884s][debug][gc,phases,ref     ] GC(2572)         WeakRef (ms):             skipped
[112.884s][debug][gc,phases,ref     ] GC(2572)         FinalRef (ms):            skipped
[112.884s][debug][gc,phases,ref     ] GC(2572)         Total (ms):               skipped
[112.884s][debug][gc,phases,ref     ] GC(2572)       Notify and keep alive finalizable: 0.0ms
[112.884s][debug][gc,phases,ref     ] GC(2572)         FinalRef (ms):            skipped
[112.884s][debug][gc,phases,ref     ] GC(2572)       Notify PhantomReferences: 0.0ms
[112.884s][debug][gc,phases,ref     ] GC(2572)         PhantomRef (ms):          skipped
[112.884s][debug][gc,phases,ref     ] GC(2572)       SoftReference:
[112.884s][debug][gc,phases,ref     ] GC(2572)         Discovered: 0
[112.884s][debug][gc,phases,ref     ] GC(2572)         Cleared: 0
[112.884s][debug][gc,phases,ref     ] GC(2572)       WeakReference:
[112.884s][debug][gc,phases,ref     ] GC(2572)         Discovered: 0
[112.884s][debug][gc,phases,ref     ] GC(2572)         Cleared: 0
[112.884s][debug][gc,phases,ref     ] GC(2572)       FinalReference:
[112.884s][debug][gc,phases,ref     ] GC(2572)         Discovered: 0
[112.884s][debug][gc,phases,ref     ] GC(2572)         Cleared: 0
[112.884s][debug][gc,phases,ref     ] GC(2572)       PhantomReference:
[112.884s][debug][gc,phases,ref     ] GC(2572)         Discovered: 0
[112.884s][debug][gc,phases,ref     ] GC(2572)         Cleared: 0
[112.884s][debug][gc,phases         ] GC(2572)     Weak Processing: 0.1ms
[112.884s][debug][gc,phases         ] GC(2572)       JVMTI weak processing: 0.0ms
[112.884s][debug][gc,phases         ] GC(2572)         Dead: 0
[112.884s][debug][gc,phases         ] GC(2572)         Total: 0
[112.884s][debug][gc,phases         ] GC(2572)       JFR weak processing: 0.0ms
[112.884s][debug][gc,phases         ] GC(2572)         Dead: 0
[112.884s][debug][gc,phases         ] GC(2572)         Total: 0
[112.884s][debug][gc,phases         ] GC(2572)       JNI weak                  Min:  0.0, Avg:  0.0, Max:  0.0, Diff:  0.0, Sum:  0.0, Workers: 5
[112.884s][debug][gc,phases         ] GC(2572)         Dead                      Min: 0, Avg:  0.0, Max: 0, Diff: 0, Sum: 0, Workers: 5
[112.884s][debug][gc,phases         ] GC(2572)         Total                     Min: 0, Avg: 20.4, Max: 102, Diff: 102, Sum: 102, Workers: 5
[112.884s][debug][gc,phases         ] GC(2572)       VM weak                   Min:  0.0, Avg:  0.0, Max:  0.0, Diff:  0.0, Sum:  0.0, Workers: 5
[112.884s][debug][gc,phases         ] GC(2572)         Dead                      Min: 0, Avg:  0.0, Max: 0, Diff: 0, Sum: 0, Workers: 5
[112.884s][debug][gc,phases         ] GC(2572)         Total                     Min: 0, Avg: 42.4, Max: 212, Diff: 212, Sum: 212, Workers: 5
[112.884s][debug][gc,phases         ] GC(2572)       StringTable weak          Min:  0.0, Avg:  0.0, Max:  0.0, Diff:  0.0, Sum:  0.0, Workers: 5
[112.884s][debug][gc,phases         ] GC(2572)         Dead                      Min: 0, Avg:  0.0, Max: 0, Diff: 0, Sum: 0, Workers: 5
[112.884s][debug][gc,phases         ] GC(2572)         Total                     Min: 0, Avg: 684.6, Max: 3423, Diff: 3423, Sum: 3423, Workers: 5
[112.884s][debug][gc,phases         ] GC(2572)       ResolvedMethodTable weak  Min:  0.0, Avg:  0.0, Max:  0.0, Diff:  0.0, Sum:  0.0, Workers: 5
[112.884s][debug][gc,phases         ] GC(2572)         Dead                      Min: 0, Avg:  0.0, Max: 0, Diff: 0, Sum: 0, Workers: 5
[112.884s][debug][gc,phases         ] GC(2572)         Total                     Min: 61, Avg: 114.6, Max: 256, Diff: 195, Sum: 573, Workers: 5
[112.884s][debug][gc,phases         ] GC(2572)     Merge Per-Thread State: 0.0ms
[112.884s][debug][gc,phases         ] GC(2572)       Copied Bytes              Min: 72, Avg: 300317.0, Max: 800096, Diff: 800024, Sum: 2402536, Workers: 8
[112.884s][debug][gc,phases         ] GC(2572)       LAB Waste                 Min: 0, Avg:  0.0, Max: 0, Diff: 0, Sum: 0, Workers: 8
[112.884s][debug][gc,phases         ] GC(2572)       LAB Undo Waste            Min: 0, Avg:  0.0, Max: 0, Diff: 0, Sum: 0, Workers: 8
[112.884s][debug][gc,phases         ] GC(2572)     Code Roots Purge: 0.0ms
[112.884s][debug][gc,phases         ] GC(2572)     Redirty Cards: 0.0ms
[112.884s][debug][gc,phases         ] GC(2572)     DerivedPointerTable Update: 0.0ms
[112.884s][debug][gc,phases         ] GC(2572)     Free Collection Set: 0.2ms
[112.884s][debug][gc,phases         ] GC(2572)     Rebuild Free List: 0.1ms
[112.884s][debug][gc,phases         ] GC(2572)     Humongous Reclaim: 0.0ms
[112.884s][debug][gc,phases         ] GC(2572)     Start New Collection Set: 0.0ms
[112.884s][debug][gc,phases         ] GC(2572)     Resize TLABs: 0.0ms
[112.884s][debug][gc,phases         ] GC(2572)     Expand Heap After Collection: 0.0ms
[112.884s][info ][gc,phases         ] GC(2572)   Other: 0.3ms
[112.884s][info ][gc,heap           ] GC(2572) Eden regions: 771->0(772)
[112.884s][info ][gc,heap           ] GC(2572) Survivor regions: 4->3(97)
[112.884s][info ][gc,heap           ] GC(2572) Old regions: 18->18
[112.884s][info ][gc,heap           ] GC(2572) Archive regions: 2->2
[112.884s][info ][gc,heap           ] GC(2572) Humongous regions: 0->0
[112.884s][info ][gc,metaspace      ] GC(2572) Metaspace: 10016K(10624K)->10016K(10624K) NonClass: 8864K(9216K)->8864K(9216K) Class: 1152K(1408K)->1152K(1408K)
[112.884s][debug][gc,heap           ] GC(2572) Heap after GC invocations=2573 (full 1): garbage-first heap   total 1324032K, used 21529K [0x0000000700000000, 0x0000000800000000)
[112.884s][debug][gc,heap           ] GC(2572)   region size 1024K, 3 young (3072K), 3 survivors (3072K)
[112.884s][debug][gc,heap           ] GC(2572)  Metaspace       used 10016K, capacity 10304K, committed 10624K, reserved 1058816K
[112.884s][debug][gc,heap           ] GC(2572)   class space    used 1152K, capacity 1266K, committed 1408K, reserved 1048576K
[112.884s][info ][gc                ] GC(2572) Pause Young (Normal) (G1 Evacuation Pause) 792M->21M(1293M) 2.012ms
[112.884s][info ][gc,cpu            ] GC(2572) User=0.00s Sys=0.00s Real=0.00s
[112.884s][info ][safepoint         ] Safepoint "G1CollectForAllocation", Time since last: 40288067 ns, Reaching safepoint: 177806 ns, At safepoint: 2200792 ns, Total: 2378598 ns
[112.923s][debug][gc,heap           ] GC(2573) Heap before GC invocations=2573 (full 1): garbage-first heap   total 1324032K, used 811033K [0x0000000700000000, 0x0000000800000000)
[112.923s][debug][gc,heap           ] GC(2573)   region size 1024K, 775 young (793600K), 3 survivors (3072K)
[112.923s][debug][gc,heap           ] GC(2573)  Metaspace       used 10016K, capacity 10304K, committed 10624K, reserved 1058816K
[112.923s][debug][gc,heap           ] GC(2573)   class space    used 1152K, capacity 1266K, committed 1408K, reserved 1048576K
[112.923s][info ][gc,start          ] GC(2573) Pause Young (Normal) (G1 Evacuation Pause)
[112.923s][info ][gc,task           ] GC(2573) Using 8 workers of 8 for evacuation
[112.923s][debug][gc,tlab           ] GC(2573) TLAB totals: thrds: 8  refills: 12 max: 2 slow allocs: 1538 max 208 waste: 27.6% gc: 1080072B max: 238448B slow: 56432B max: 14304B fast: 0B max: 0B
[112.923s][debug][gc,age            ] GC(2573) Desired survivor size 50855936 bytes, new threshold 15 (max threshold 15)
[112.923s][debug][gc,alloc,region   ] GC(2573) Mutator Allocation stats, regions: 772, wasted size: 180M (23.4%)
[112.923s][debug][gc,ergo           ] GC(2573) Running G1 Merge Heap Roots using 8 workers for 775 regions
[112.923s][debug][gc,remset         ] GC(2573) Visited cards 512 Total dirty 4096 (12.50%) Total old 3215360 (0.02%)
[112.924s][debug][gc,ergo           ] GC(2573) Running G1 Clear Card Table Task using 2 workers for 2 units of work for 777 regions.
[112.924s][debug][gc,ref            ] GC(2573) Skipped phase1 of Reference Processing due to unavailable references
[112.924s][debug][gc,ref            ] GC(2573) Skipped phase2 of Reference Processing due to unavailable references
[112.924s][debug][gc,ref            ] GC(2573) Skipped phase3 of Reference Processing due to unavailable references
[112.924s][debug][gc,ref            ] GC(2573) Skipped phase4 of Reference Processing due to unavailable references
[112.924s][debug][gc,ergo           ] GC(2573) Running G1 Free Collection Set using 8 workers for collection set length 775 (1293)
[112.924s][debug][gc,ergo           ] GC(2573) Running G1 Rebuild Free List Task using 8 workers for rebuilding free list of 0 (4096) regions
[112.924s][trace][gc,age            ] GC(2573) Age table with threshold 15 (max threshold 15)
[112.924s][trace][gc,age            ] GC(2573) - age   1:    2402544 bytes,    2402544 total
[112.924s][debug][gc,plab           ] GC(2573) Young PLAB allocation: allocated: 14448B, wasted: 0B, unused: 12000B, used: 2448B, undo waste: 0B, 
[112.924s][debug][gc,plab           ] GC(2573) Young other allocation: region end waste: 484704B, regions filled: 3, direct allocated: 2400096B, failure used: 0B, failure wasted: 0B
[112.924s][debug][gc,plab           ] GC(2573) Young sizing: calculated: 0B, actual: 2064B
[112.924s][debug][gc,plab           ] GC(2573) Old PLAB allocation: allocated: 0B, wasted: 0B, unused: 0B, used: 0B, undo waste: 0B, 
[112.924s][debug][gc,plab           ] GC(2573) Old other allocation: region end waste: 0B, regions filled: 1, direct allocated: 0B, failure used: 0B, failure wasted: 0B
[112.924s][debug][gc,plab           ] GC(2573) Old sizing: calculated: 0B, actual: 2064B
[112.924s][debug][gc,ihop           ] GC(2573) Basic information (value update), threshold: 610113945B (45.00), target occupancy: 1355808768B, current occupancy: 22046512B, recent allocation size: 0B, recent allocation duration: 39.67ms, recent old gen allocation rate: 0.00B/s, recent marking phase length: 30.68ms
[112.924s][debug][gc,ihop           ] GC(2573) Adaptive IHOP information (value update), threshold: 610113945B (47.37), internal target occupancy: 1288018329B, occupancy: 22046512B, additional buffer size: 812646400B, predicted old gen allocation rate: 12.95B/s, predicted marking phase length: 61.36ms, prediction active: false
[112.924s][debug][gc,ergo,refine    ] GC(2573) Concurrent refinement times: Logged Cards Scan time goal: 20.00ms Logged Cards Scan time: 0.00ms HCC time: 0.00ms
[112.924s][debug][gc,ergo,refine    ] GC(2573) Updated Refinement Zones: green: 2048, yellow: 6144, red: 10240
[112.924s][info ][gc,phases         ] GC(2573)   Pre Evacuate Collection Set: 0.1ms
[112.924s][debug][gc,phases         ] GC(2573)     Prepare TLABs: 0.0ms
[112.924s][debug][gc,phases         ] GC(2573)     Choose Collection Set: 0.0ms
[112.924s][debug][gc,phases         ] GC(2573)     Region Register: 0.1ms
[112.924s][debug][gc,phases         ] GC(2573)     Prepare Heap Roots: 0.0ms
[112.924s][info ][gc,phases         ] GC(2573)   Merge Heap Roots: 0.1ms
[112.924s][debug][gc,phases         ] GC(2573)     Prepare Merge Heap Roots: 0.0ms
[112.924s][debug][gc,phases         ] GC(2573)     Eager Reclaim (ms):       skipped
[112.924s][debug][gc,phases         ] GC(2573)     Remembered Sets (ms):     Min:  0.0, Avg:  0.0, Max:  0.0, Diff:  0.0, Sum:  0.3, Workers: 8
[112.924s][debug][gc,phases         ] GC(2573)       Merged Sparse:            Min: 0, Avg:  0.0, Max: 0, Diff: 0, Sum: 0, Workers: 8
[112.925s][debug][gc,phases         ] GC(2573)       Merged Fine:              Min: 0, Avg:  0.0, Max: 0, Diff: 0, Sum: 0, Workers: 8
[112.925s][debug][gc,phases         ] GC(2573)       Merged Coarse:            Min: 0, Avg:  0.0, Max: 0, Diff: 0, Sum: 0, Workers: 8
[112.925s][debug][gc,phases         ] GC(2573)       Dirty Cards:              Min: 0, Avg:  0.0, Max: 0, Diff: 0, Sum: 0, Workers: 8
[112.925s][debug][gc,phases         ] GC(2573)     Hot Card Cache (ms):      Min:  0.0, Avg:  0.0, Max:  0.0, Diff:  0.0, Sum:  0.0, Workers: 8
[112.925s][debug][gc,phases         ] GC(2573)       Dirty Cards:              Min: 0, Avg:  0.0, Max: 0, Diff: 0, Sum: 0, Workers: 8
[112.925s][debug][gc,phases         ] GC(2573)       Skipped Cards:            Min: 0, Avg:  0.0, Max: 0, Diff: 0, Sum: 0, Workers: 8
[112.925s][debug][gc,phases         ] GC(2573)     Log Buffers (ms):         Min:  0.0, Avg:  0.0, Max:  0.0, Diff:  0.0, Sum:  0.0, Workers: 8
[112.925s][debug][gc,phases         ] GC(2573)       Dirty Cards:              Min: 0, Avg:  0.2, Max: 1, Diff: 1, Sum: 2, Workers: 8
[112.925s][debug][gc,phases         ] GC(2573)       Skipped Cards:            Min: 0, Avg:  0.0, Max: 0, Diff: 0, Sum: 0, Workers: 8
[112.925s][info ][gc,phases         ] GC(2573)   Evacuate Collection Set: 0.4ms
[112.925s][debug][gc,phases         ] GC(2573)     Ext Root Scanning (ms):   Min:  0.0, Avg:  0.2, Max:  0.2, Diff:  0.2, Sum:  1.3, Workers: 8
[112.925s][debug][gc,phases         ] GC(2573)     Scan Heap Roots (ms):     Min:  0.0, Avg:  0.0, Max:  0.0, Diff:  0.0, Sum:  0.0, Workers: 8
[112.925s][debug][gc,phases         ] GC(2573)       Scanned Cards:            Min: 0, Avg:  0.2, Max: 1, Diff: 1, Sum: 2, Workers: 8
[112.925s][debug][gc,phases         ] GC(2573)       Scanned Blocks:           Min: 0, Avg:  0.2, Max: 1, Diff: 1, Sum: 2, Workers: 8
[112.925s][debug][gc,phases         ] GC(2573)       Claimed Chunks:           Min: 0, Avg:  0.2, Max: 1, Diff: 1, Sum: 2, Workers: 8
[112.925s][debug][gc,phases         ] GC(2573)     Code Root Scan (ms):      Min:  0.0, Avg:  0.0, Max:  0.0, Diff:  0.0, Sum:  0.1, Workers: 8
[112.925s][debug][gc,phases         ] GC(2573)     Object Copy (ms):         Min:  0.0, Avg:  0.0, Max:  0.0, Diff:  0.0, Sum:  0.0, Workers: 8
[112.925s][debug][gc,phases         ] GC(2573)     Termination (ms):         Min:  0.0, Avg:  0.1, Max:  0.1, Diff:  0.0, Sum:  0.5, Workers: 8
[112.925s][debug][gc,phases         ] GC(2573)       Termination Attempts:     Min: 1, Avg:  1.0, Max: 1, Diff: 0, Sum: 8, Workers: 8
[112.925s][debug][gc,phases         ] GC(2573)     GC Worker Other (ms):     Min:  0.0, Avg:  0.0, Max:  0.1, Diff:  0.0, Sum:  0.3, Workers: 8
[112.925s][debug][gc,phases         ] GC(2573)     GC Worker Total (ms):     Min:  0.1, Avg:  0.3, Max:  0.3, Diff:  0.3, Sum:  2.4, Workers: 8
[112.925s][info ][gc,phases         ] GC(2573)   Post Evacuate Collection Set: 0.5ms
[112.925s][debug][gc,phases         ] GC(2573)     Code Roots Fixup: 0.0ms
[112.925s][debug][gc,phases         ] GC(2573)     Clear Card Table: 0.2ms
[112.925s][debug][gc,phases         ] GC(2573)     Reference Processing: 0.0ms
[112.925s][debug][gc,phases,ref     ] GC(2573)       Reconsider SoftReferences: 0.0ms
[112.925s][debug][gc,phases,ref     ] GC(2573)         SoftRef (ms):             skipped
[112.925s][debug][gc,phases,ref     ] GC(2573)       Notify Soft/WeakReferences: 0.0ms
[112.925s][debug][gc,phases,ref     ] GC(2573)         SoftRef (ms):             skipped
[112.925s][debug][gc,phases,ref     ] GC(2573)         WeakRef (ms):             skipped
[112.925s][debug][gc,phases,ref     ] GC(2573)         FinalRef (ms):            skipped
[112.925s][debug][gc,phases,ref     ] GC(2573)         Total (ms):               skipped
[112.925s][debug][gc,phases,ref     ] GC(2573)       Notify and keep alive finalizable: 0.0ms
[112.925s][debug][gc,phases,ref     ] GC(2573)         FinalRef (ms):            skipped
[112.925s][debug][gc,phases,ref     ] GC(2573)       Notify PhantomReferences: 0.0ms
[112.925s][debug][gc,phases,ref     ] GC(2573)         PhantomRef (ms):          skipped
[112.925s][debug][gc,phases,ref     ] GC(2573)       SoftReference:
[112.925s][debug][gc,phases,ref     ] GC(2573)         Discovered: 0
[112.925s][debug][gc,phases,ref     ] GC(2573)         Cleared: 0
[112.925s][debug][gc,phases,ref     ] GC(2573)       WeakReference:
[112.925s][debug][gc,phases,ref     ] GC(2573)         Discovered: 0
[112.925s][debug][gc,phases,ref     ] GC(2573)         Cleared: 0
[112.925s][debug][gc,phases,ref     ] GC(2573)       FinalReference:
[112.925s][debug][gc,phases,ref     ] GC(2573)         Discovered: 0
[112.925s][debug][gc,phases,ref     ] GC(2573)         Cleared: 0
[112.925s][debug][gc,phases,ref     ] GC(2573)       PhantomReference:
[112.925s][debug][gc,phases,ref     ] GC(2573)         Discovered: 0
[112.925s][debug][gc,phases,ref     ] GC(2573)         Cleared: 0
[112.925s][debug][gc,phases         ] GC(2573)     Weak Processing: 0.0ms
[112.925s][debug][gc,phases         ] GC(2573)       JVMTI weak processing: 0.0ms
[112.925s][debug][gc,phases         ] GC(2573)         Dead: 0
[112.925s][debug][gc,phases         ] GC(2573)         Total: 0
[112.925s][debug][gc,phases         ] GC(2573)       JFR weak processing: 0.0ms
[112.925s][debug][gc,phases         ] GC(2573)         Dead: 0
[112.925s][debug][gc,phases         ] GC(2573)         Total: 0
[112.925s][debug][gc,phases         ] GC(2573)       JNI weak                  Min:  0.0, Avg:  0.0, Max:  0.0, Diff:  0.0, Sum:  0.0, Workers: 5
[112.925s][debug][gc,phases         ] GC(2573)         Dead                      Min: 0, Avg:  0.0, Max: 0, Diff: 0, Sum: 0, Workers: 5
[112.925s][debug][gc,phases         ] GC(2573)         Total                     Min: 0, Avg: 20.4, Max: 62, Diff: 62, Sum: 102, Workers: 5
[112.925s][debug][gc,phases         ] GC(2573)       VM weak                   Min:  0.0, Avg:  0.0, Max:  0.0, Diff:  0.0, Sum:  0.0, Workers: 5
[112.925s][debug][gc,phases         ] GC(2573)         Dead                      Min: 0, Avg:  0.0, Max: 0, Diff: 0, Sum: 0, Workers: 5
[112.925s][debug][gc,phases         ] GC(2573)         Total                     Min: 0, Avg: 42.4, Max: 64, Diff: 64, Sum: 212, Workers: 5
[112.925s][debug][gc,phases         ] GC(2573)       StringTable weak          Min:  0.0, Avg:  0.0, Max:  0.0, Diff:  0.0, Sum:  0.0, Workers: 5
[112.925s][debug][gc,phases         ] GC(2573)         Dead                      Min: 0, Avg:  0.0, Max: 0, Diff: 0, Sum: 0, Workers: 5
[112.925s][debug][gc,phases         ] GC(2573)         Total                     Min: 0, Avg: 684.6, Max: 1087, Diff: 1087, Sum: 3423, Workers: 5
[112.925s][debug][gc,phases         ] GC(2573)       ResolvedMethodTable weak  Min:  0.0, Avg:  0.0, Max:  0.0, Diff:  0.0, Sum:  0.0, Workers: 5
[112.925s][debug][gc,phases         ] GC(2573)         Dead                      Min: 0, Avg:  0.0, Max: 0, Diff: 0, Sum: 0, Workers: 5
[112.925s][debug][gc,phases         ] GC(2573)         Total                     Min: 61, Avg: 114.6, Max: 128, Diff: 67, Sum: 573, Workers: 5
[112.925s][debug][gc,phases         ] GC(2573)     Merge Per-Thread State: 0.0ms
[112.925s][debug][gc,phases         ] GC(2573)       Copied Bytes              Min: 0, Avg: 300318.0, Max: 400904, Diff: 400904, Sum: 2402544, Workers: 8
[112.925s][debug][gc,phases         ] GC(2573)       LAB Waste                 Min: 0, Avg:  0.0, Max: 0, Diff: 0, Sum: 0, Workers: 8
[112.925s][debug][gc,phases         ] GC(2573)       LAB Undo Waste            Min: 0, Avg:  0.0, Max: 0, Diff: 0, Sum: 0, Workers: 8
[112.925s][debug][gc,phases         ] GC(2573)     Code Roots Purge: 0.0ms
[112.925s][debug][gc,phases         ] GC(2573)     Redirty Cards: 0.0ms
[112.925s][debug][gc,phases         ] GC(2573)     DerivedPointerTable Update: 0.0ms
[112.925s][debug][gc,phases         ] GC(2573)     Free Collection Set: 0.2ms
[112.925s][debug][gc,phases         ] GC(2573)     Rebuild Free List: 0.1ms
[112.925s][debug][gc,phases         ] GC(2573)     Humongous Reclaim: 0.0ms
[112.925s][debug][gc,phases         ] GC(2573)     Start New Collection Set: 0.0ms
[112.925s][debug][gc,phases         ] GC(2573)     Resize TLABs: 0.0ms
[112.925s][debug][gc,phases         ] GC(2573)     Expand Heap After Collection: 0.0ms
[112.925s][info ][gc,phases         ] GC(2573)   Other: 0.3ms
[112.925s][info ][gc,heap           ] GC(2573) Eden regions: 772->0(772)
[112.925s][info ][gc,heap           ] GC(2573) Survivor regions: 3->3(97)
[112.925s][info ][gc,heap           ] GC(2573) Old regions: 18->18
[112.925s][info ][gc,heap           ] GC(2573) Archive regions: 2->2
[112.925s][info ][gc,heap           ] GC(2573) Humongous regions: 0->0
[112.925s][info ][gc,metaspace      ] GC(2573) Metaspace: 10016K(10624K)->10016K(10624K) NonClass: 8864K(9216K)->8864K(9216K) Class: 1152K(1408K)->1152K(1408K)
[112.925s][debug][gc,heap           ] GC(2573) Heap after GC invocations=2574 (full 1): garbage-first heap   total 1324032K, used 21529K [0x0000000700000000, 0x0000000800000000)
[112.925s][debug][gc,heap           ] GC(2573)   region size 1024K, 3 young (3072K), 3 survivors (3072K)
[112.925s][debug][gc,heap           ] GC(2573)  Metaspace       used 10016K, capacity 10304K, committed 10624K, reserved 1058816K
[112.925s][debug][gc,heap           ] GC(2573)   class space    used 1152K, capacity 1266K, committed 1408K, reserved 1048576K
[112.925s][info ][gc                ] GC(2573) Pause Young (Normal) (G1 Evacuation Pause) 792M->21M(1293M) 2.112ms
[112.925s][info ][gc,cpu            ] GC(2573) User=0.00s Sys=0.00s Real=0.00s
[112.925s][info ][safepoint         ] Safepoint "G1CollectForAllocation", Time since last: 38525232 ns, Reaching safepoint: 203262 ns, At safepoint: 2390457 ns, Total: 2593719 ns
[112.964s][debug][gc,heap           ] GC(2574) Heap before GC invocations=2574 (full 1): garbage-first heap   total 1324032K, used 811033K [0x0000000700000000, 0x0000000800000000)
[112.964s][debug][gc,heap           ] GC(2574)   region size 1024K, 775 young (793600K), 3 survivors (3072K)
[112.964s][debug][gc,heap           ] GC(2574)  Metaspace       used 10016K, capacity 10304K, committed 10624K, reserved 1058816K
[112.964s][debug][gc,heap           ] GC(2574)   class space    used 1152K, capacity 1266K, committed 1408K, reserved 1048576K
[112.964s][info ][gc,start          ] GC(2574) Pause Young (Normal) (G1 Evacuation Pause)
[112.964s][info ][gc,task           ] GC(2574) Using 8 workers of 8 for evacuation
[112.964s][debug][gc,tlab           ] GC(2574) TLAB totals: thrds: 8  refills: 13 max: 2 slow allocs: 1536 max 219 waste: 39.0% gc: 1331168B max: 242224B slow: 57688B max: 14304B fast: 0B max: 0B
[112.964s][debug][gc,age            ] GC(2574) Desired survivor size 50855936 bytes, new threshold 15 (max threshold 15)
[112.964s][debug][gc,alloc,region   ] GC(2574) Mutator Allocation stats, regions: 772, wasted size: 180M (23.4%)
[112.964s][debug][gc,ergo           ] GC(2574) Running G1 Merge Heap Roots using 8 workers for 775 regions
[112.964s][debug][gc,remset         ] GC(2574) Visited cards 256 Total dirty 2048 (12.50%) Total old 3215360 (0.01%)
[112.964s][debug][gc,ergo           ] GC(2574) Running G1 Clear Card Table Task using 2 workers for 2 units of work for 776 regions.
[112.965s][debug][gc,ref            ] GC(2574) Skipped phase1 of Reference Processing due to unavailable references
[112.965s][debug][gc,ref            ] GC(2574) Skipped phase2 of Reference Processing due to unavailable references
[112.965s][debug][gc,ref            ] GC(2574) Skipped phase3 of Reference Processing due to unavailable references
[112.965s][debug][gc,ref            ] GC(2574) Skipped phase4 of Reference Processing due to unavailable references
[112.965s][debug][gc,ergo           ] GC(2574) Running G1 Free Collection Set using 8 workers for collection set length 775 (1293)
[112.965s][debug][gc,ergo           ] GC(2574) Running G1 Rebuild Free List Task using 8 workers for rebuilding free list of 0 (4096) regions
[112.965s][trace][gc,age            ] GC(2574) Age table with threshold 15 (max threshold 15)
[112.965s][trace][gc,age            ] GC(2574) - age   1:    4002592 bytes,    4002592 total
[112.965s][debug][gc,plab           ] GC(2574) Young PLAB allocation: allocated: 16512B, wasted: 0B, unused: 14064B, used: 2448B, undo waste: 0B, 
[112.965s][debug][gc,plab           ] GC(2574) Young other allocation: region end waste: 981792B, regions filled: 5, direct allocated: 4000144B, failure used: 0B, failure wasted: 0B
[112.965s][debug][gc,plab           ] GC(2574) Young sizing: calculated: 0B, actual: 2064B
[112.965s][debug][gc,plab           ] GC(2574) Old PLAB allocation: allocated: 0B, wasted: 0B, unused: 0B, used: 0B, undo waste: 0B, 
[112.965s][debug][gc,plab           ] GC(2574) Old other allocation: region end waste: 0B, regions filled: 1, direct allocated: 0B, failure used: 0B, failure wasted: 0B
[112.965s][debug][gc,plab           ] GC(2574) Old sizing: calculated: 0B, actual: 2064B
[112.965s][debug][gc,ihop           ] GC(2574) Basic information (value update), threshold: 610113945B (45.00), target occupancy: 1355808768B, current occupancy: 24145712B, recent allocation size: 0B, recent allocation duration: 39.26ms, recent old gen allocation rate: 0.00B/s, recent marking phase length: 30.68ms
[112.965s][debug][gc,ihop           ] GC(2574) Adaptive IHOP information (value update), threshold: 610113945B (47.37), internal target occupancy: 1288018329B, occupancy: 24145712B, additional buffer size: 812646400B, predicted old gen allocation rate: 12.62B/s, predicted marking phase length: 61.36ms, prediction active: false
[112.965s][debug][gc,ergo,refine    ] GC(2574) Concurrent refinement times: Logged Cards Scan time goal: 20.00ms Logged Cards Scan time: 0.00ms HCC time: 0.00ms
[112.965s][debug][gc,ergo,refine    ] GC(2574) Updated Refinement Zones: green: 2048, yellow: 6144, red: 10240
[112.965s][info ][gc,phases         ] GC(2574)   Pre Evacuate Collection Set: 0.1ms
[112.965s][debug][gc,phases         ] GC(2574)     Prepare TLABs: 0.0ms
[112.965s][debug][gc,phases         ] GC(2574)     Choose Collection Set: 0.0ms
[112.965s][debug][gc,phases         ] GC(2574)     Region Register: 0.1ms
[112.965s][debug][gc,phases         ] GC(2574)     Prepare Heap Roots: 0.0ms
[112.965s][info ][gc,phases         ] GC(2574)   Merge Heap Roots: 0.1ms
[112.965s][debug][gc,phases         ] GC(2574)     Prepare Merge Heap Roots: 0.0ms
[112.965s][debug][gc,phases         ] GC(2574)     Eager Reclaim (ms):       skipped
[112.965s][debug][gc,phases         ] GC(2574)     Remembered Sets (ms):     Min:  0.0, Avg:  0.0, Max:  0.1, Diff:  0.0, Sum:  0.2, Workers: 8
[112.965s][debug][gc,phases         ] GC(2574)       Merged Sparse:            Min: 0, Avg:  0.0, Max: 0, Diff: 0, Sum: 0, Workers: 8
[112.965s][debug][gc,phases         ] GC(2574)       Merged Fine:              Min: 0, Avg:  0.0, Max: 0, Diff: 0, Sum: 0, Workers: 8
[112.965s][debug][gc,phases         ] GC(2574)       Merged Coarse:            Min: 0, Avg:  0.0, Max: 0, Diff: 0, Sum: 0, Workers: 8
[112.965s][debug][gc,phases         ] GC(2574)       Dirty Cards:              Min: 0, Avg:  0.0, Max: 0, Diff: 0, Sum: 0, Workers: 8
[112.965s][debug][gc,phases         ] GC(2574)     Hot Card Cache (ms):      Min:  0.0, Avg:  0.0, Max:  0.0, Diff:  0.0, Sum:  0.0, Workers: 8
[112.965s][debug][gc,phases         ] GC(2574)       Dirty Cards:              Min: 0, Avg:  0.0, Max: 0, Diff: 0, Sum: 0, Workers: 8
[112.965s][debug][gc,phases         ] GC(2574)       Skipped Cards:            Min: 0, Avg:  0.0, Max: 0, Diff: 0, Sum: 0, Workers: 8
[112.965s][debug][gc,phases         ] GC(2574)     Log Buffers (ms):         Min:  0.0, Avg:  0.0, Max:  0.0, Diff:  0.0, Sum:  0.0, Workers: 8
[112.965s][debug][gc,phases         ] GC(2574)       Dirty Cards:              Min: 0, Avg:  0.1, Max: 1, Diff: 1, Sum: 1, Workers: 8
[112.965s][debug][gc,phases         ] GC(2574)       Skipped Cards:            Min: 0, Avg:  0.0, Max: 0, Diff: 0, Sum: 0, Workers: 8
[112.965s][info ][gc,phases         ] GC(2574)   Evacuate Collection Set: 0.5ms
[112.965s][debug][gc,phases         ] GC(2574)     Ext Root Scanning (ms):   Min:  0.3, Avg:  0.3, Max:  0.4, Diff:  0.1, Sum:  2.4, Workers: 8
[112.965s][debug][gc,phases         ] GC(2574)     Scan Heap Roots (ms):     Min:  0.0, Avg:  0.0, Max:  0.0, Diff:  0.0, Sum:  0.0, Workers: 8
[112.965s][debug][gc,phases         ] GC(2574)       Scanned Cards:            Min: 0, Avg:  0.1, Max: 1, Diff: 1, Sum: 1, Workers: 8
[112.965s][debug][gc,phases         ] GC(2574)       Scanned Blocks:           Min: 0, Avg:  0.1, Max: 1, Diff: 1, Sum: 1, Workers: 8
[112.965s][debug][gc,phases         ] GC(2574)       Claimed Chunks:           Min: 0, Avg:  0.1, Max: 1, Diff: 1, Sum: 1, Workers: 8
[112.965s][debug][gc,phases         ] GC(2574)     Code Root Scan (ms):      Min:  0.0, Avg:  0.0, Max:  0.1, Diff:  0.1, Sum:  0.2, Workers: 8
[112.965s][debug][gc,phases         ] GC(2574)     Object Copy (ms):         Min:  0.0, Avg:  0.0, Max:  0.0, Diff:  0.0, Sum:  0.0, Workers: 8
[112.965s][debug][gc,phases         ] GC(2574)     Termination (ms):         Min:  0.0, Avg:  0.1, Max:  0.1, Diff:  0.0, Sum:  0.4, Workers: 8
[112.965s][debug][gc,phases         ] GC(2574)       Termination Attempts:     Min: 1, Avg:  1.0, Max: 1, Diff: 0, Sum: 8, Workers: 8
[112.965s][debug][gc,phases         ] GC(2574)     GC Worker Other (ms):     Min:  0.0, Avg:  0.0, Max:  0.1, Diff:  0.0, Sum:  0.4, Workers: 8
[112.965s][debug][gc,phases         ] GC(2574)     GC Worker Total (ms):     Min:  0.4, Avg:  0.4, Max:  0.5, Diff:  0.1, Sum:  3.4, Workers: 8
[112.965s][info ][gc,phases         ] GC(2574)   Post Evacuate Collection Set: 0.6ms
[112.965s][debug][gc,phases         ] GC(2574)     Code Roots Fixup: 0.0ms
[112.965s][debug][gc,phases         ] GC(2574)     Clear Card Table: 0.2ms
[112.965s][debug][gc,phases         ] GC(2574)     Reference Processing: 0.0ms
[112.965s][debug][gc,phases,ref     ] GC(2574)       Reconsider SoftReferences: 0.0ms
[112.965s][debug][gc,phases,ref     ] GC(2574)         SoftRef (ms):             skipped
[112.965s][debug][gc,phases,ref     ] GC(2574)       Notify Soft/WeakReferences: 0.0ms
[112.965s][debug][gc,phases,ref     ] GC(2574)         SoftRef (ms):             skipped
[112.965s][debug][gc,phases,ref     ] GC(2574)         WeakRef (ms):             skipped
[112.965s][debug][gc,phases,ref     ] GC(2574)         FinalRef (ms):            skipped
[112.965s][debug][gc,phases,ref     ] GC(2574)         Total (ms):               skipped
[112.965s][debug][gc,phases,ref     ] GC(2574)       Notify and keep alive finalizable: 0.0ms
[112.966s][debug][gc,phases,ref     ] GC(2574)         FinalRef (ms):            skipped
[112.966s][debug][gc,phases,ref     ] GC(2574)       Notify PhantomReferences: 0.0ms
[112.966s][debug][gc,phases,ref     ] GC(2574)         PhantomRef (ms):          skipped
[112.966s][debug][gc,phases,ref     ] GC(2574)       SoftReference:
[112.966s][debug][gc,phases,ref     ] GC(2574)         Discovered: 0
[112.966s][debug][gc,phases,ref     ] GC(2574)         Cleared: 0
[112.966s][debug][gc,phases,ref     ] GC(2574)       WeakReference:
[112.966s][debug][gc,phases,ref     ] GC(2574)         Discovered: 0
[112.966s][debug][gc,phases,ref     ] GC(2574)         Cleared: 0
[112.966s][debug][gc,phases,ref     ] GC(2574)       FinalReference:
[112.966s][debug][gc,phases,ref     ] GC(2574)         Discovered: 0
[112.966s][debug][gc,phases,ref     ] GC(2574)         Cleared: 0
[112.966s][debug][gc,phases,ref     ] GC(2574)       PhantomReference:
[112.966s][debug][gc,phases,ref     ] GC(2574)         Discovered: 0
[112.966s][debug][gc,phases,ref     ] GC(2574)         Cleared: 0
[112.966s][debug][gc,phases         ] GC(2574)     Weak Processing: 0.0ms
[112.966s][debug][gc,phases         ] GC(2574)       JVMTI weak processing: 0.0ms
[112.966s][debug][gc,phases         ] GC(2574)         Dead: 0
[112.966s][debug][gc,phases         ] GC(2574)         Total: 0
[112.966s][debug][gc,phases         ] GC(2574)       JFR weak processing: 0.0ms
[112.966s][debug][gc,phases         ] GC(2574)         Dead: 0
[112.966s][debug][gc,phases         ] GC(2574)         Total: 0
[112.966s][debug][gc,phases         ] GC(2574)       JNI weak                  Min:  0.0, Avg:  0.0, Max:  0.0, Diff:  0.0, Sum:  0.0, Workers: 5
[112.966s][debug][gc,phases         ] GC(2574)         Dead                      Min: 0, Avg:  0.0, Max: 0, Diff: 0, Sum: 0, Workers: 5
[112.966s][debug][gc,phases         ] GC(2574)         Total                     Min: 0, Avg: 20.4, Max: 62, Diff: 62, Sum: 102, Workers: 5
[112.966s][debug][gc,phases         ] GC(2574)       VM weak                   Min:  0.0, Avg:  0.0, Max:  0.0, Diff:  0.0, Sum:  0.0, Workers: 5
[112.966s][debug][gc,phases         ] GC(2574)         Dead                      Min: 0, Avg:  0.0, Max: 0, Diff: 0, Sum: 0, Workers: 5
[112.966s][debug][gc,phases         ] GC(2574)         Total                     Min: 0, Avg: 42.4, Max: 128, Diff: 128, Sum: 212, Workers: 5
[112.966s][debug][gc,phases         ] GC(2574)       StringTable weak          Min:  0.0, Avg:  0.0, Max:  0.0, Diff:  0.0, Sum:  0.1, Workers: 5
[112.966s][debug][gc,phases         ] GC(2574)         Dead                      Min: 0, Avg:  0.0, Max: 0, Diff: 0, Sum: 0, Workers: 5
[112.966s][debug][gc,phases         ] GC(2574)         Total                     Min: 0, Avg: 684.6, Max: 896, Diff: 896, Sum: 3423, Workers: 5
[112.966s][debug][gc,phases         ] GC(2574)       ResolvedMethodTable weak  Min:  0.0, Avg:  0.0, Max:  0.0, Diff:  0.0, Sum:  0.0, Workers: 5
[112.966s][debug][gc,phases         ] GC(2574)         Dead                      Min: 0, Avg:  0.0, Max: 0, Diff: 0, Sum: 0, Workers: 5
[112.966s][debug][gc,phases         ] GC(2574)         Total                     Min: 0, Avg: 114.6, Max: 189, Diff: 189, Sum: 573, Workers: 5
[112.966s][debug][gc,phases         ] GC(2574)     Merge Per-Thread State: 0.0ms
[112.966s][debug][gc,phases         ] GC(2574)       Copied Bytes              Min: 400088, Avg: 500324.0, Max: 800176, Diff: 400088, Sum: 4002592, Workers: 8
[112.966s][debug][gc,phases         ] GC(2574)       LAB Waste                 Min: 0, Avg:  0.0, Max: 0, Diff: 0, Sum: 0, Workers: 8
[112.966s][debug][gc,phases         ] GC(2574)       LAB Undo Waste            Min: 0, Avg:  0.0, Max: 0, Diff: 0, Sum: 0, Workers: 8
[112.966s][debug][gc,phases         ] GC(2574)     Code Roots Purge: 0.0ms
[112.966s][debug][gc,phases         ] GC(2574)     Redirty Cards: 0.0ms
[112.966s][debug][gc,phases         ] GC(2574)     DerivedPointerTable Update: 0.0ms
[112.966s][debug][gc,phases         ] GC(2574)     Free Collection Set: 0.2ms
[112.966s][debug][gc,phases         ] GC(2574)     Rebuild Free List: 0.1ms
[112.966s][debug][gc,phases         ] GC(2574)     Humongous Reclaim: 0.0ms
[112.966s][debug][gc,phases         ] GC(2574)     Start New Collection Set: 0.0ms
[112.966s][debug][gc,phases         ] GC(2574)     Resize TLABs: 0.0ms
[112.966s][debug][gc,phases         ] GC(2574)     Expand Heap After Collection: 0.0ms
[112.966s][info ][gc,phases         ] GC(2574)   Other: 0.3ms
[112.966s][info ][gc,heap           ] GC(2574) Eden regions: 772->0(770)
[112.966s][info ][gc,heap           ] GC(2574) Survivor regions: 3->5(97)
[112.966s][info ][gc,heap           ] GC(2574) Old regions: 18->18
[112.966s][info ][gc,heap           ] GC(2574) Archive regions: 2->2
[112.966s][info ][gc,heap           ] GC(2574) Humongous regions: 0->0
[112.966s][info ][gc,metaspace      ] GC(2574) Metaspace: 10016K(10624K)->10016K(10624K) NonClass: 8864K(9216K)->8864K(9216K) Class: 1152K(1408K)->1152K(1408K)
[112.966s][debug][gc,heap           ] GC(2574) Heap after GC invocations=2575 (full 1): garbage-first heap   total 1324032K, used 23579K [0x0000000700000000, 0x0000000800000000)
[112.966s][debug][gc,heap           ] GC(2574)   region size 1024K, 5 young (5120K), 5 survivors (5120K)
[112.966s][debug][gc,heap           ] GC(2574)  Metaspace       used 10016K, capacity 10304K, committed 10624K, reserved 1058816K
[112.966s][debug][gc,heap           ] GC(2574)   class space    used 1152K, capacity 1266K, committed 1408K, reserved 1048576K
[112.966s][info ][gc                ] GC(2574) Pause Young (Normal) (G1 Evacuation Pause) 792M->23M(1293M) 2.315ms
[112.966s][info ][gc,cpu            ] GC(2574) User=0.01s Sys=0.00s Real=0.00s
[112.966s][info ][safepoint         ] Safepoint "G1CollectForAllocation", Time since last: 38007808 ns, Reaching safepoint: 163800 ns, At safepoint: 2470892 ns, Total: 2634692 ns
[113.010s][debug][gc,heap           ] GC(2575) Heap before GC invocations=2575 (full 1): garbage-first heap   total 1324032K, used 811035K [0x0000000700000000, 0x0000000800000000)
[113.010s][debug][gc,heap           ] GC(2575)   region size 1024K, 775 young (793600K), 5 survivors (5120K)
[113.010s][debug][gc,heap           ] GC(2575)  Metaspace       used 10016K, capacity 10304K, committed 10624K, reserved 1058816K
[113.010s][debug][gc,heap           ] GC(2575)   class space    used 1152K, capacity 1266K, committed 1408K, reserved 1048576K
[113.010s][info ][gc,start          ] GC(2575) Pause Young (Normal) (G1 Evacuation Pause)
[113.010s][info ][gc,task           ] GC(2575) Using 8 workers of 8 for evacuation
[113.010s][debug][gc,tlab           ] GC(2575) TLAB totals: thrds: 8  refills: 15 max: 3 slow allocs: 1535 max 203 waste: 27.3% gc: 1193896B max: 239712B slow: 72240B max: 15488B fast: 0B max: 0B
[113.010s][debug][gc,age            ] GC(2575) Desired survivor size 50855936 bytes, new threshold 15 (max threshold 15)
[113.010s][debug][gc,alloc,region   ] GC(2575) Mutator Allocation stats, regions: 770, wasted size: 180M (23.4%)
[113.010s][debug][gc,ergo           ] GC(2575) Running G1 Merge Heap Roots using 8 workers for 775 regions
[113.010s][debug][gc,remset         ] GC(2575) Visited cards 512 Total dirty 4096 (12.50%) Total old 3215360 (0.02%)
[113.011s][debug][gc,ergo           ] GC(2575) Running G1 Clear Card Table Task using 2 workers for 2 units of work for 777 regions.
[113.011s][debug][gc,ref            ] GC(2575) Skipped phase1 of Reference Processing due to unavailable references
[113.011s][debug][gc,ref            ] GC(2575) Skipped phase2 of Reference Processing due to unavailable references
[113.011s][debug][gc,ref            ] GC(2575) Skipped phase3 of Reference Processing due to unavailable references
[113.011s][debug][gc,ref            ] GC(2575) Skipped phase4 of Reference Processing due to unavailable references
[113.011s][debug][gc,ergo           ] GC(2575) Running G1 Free Collection Set using 8 workers for collection set length 775 (1293)
[113.011s][debug][gc,ergo           ] GC(2575) Running G1 Rebuild Free List Task using 8 workers for rebuilding free list of 0 (4096) regions
[113.011s][trace][gc,age            ] GC(2575) Age table with threshold 15 (max threshold 15)
[113.011s][trace][gc,age            ] GC(2575) - age   1:    3202488 bytes,    3202488 total
[113.011s][debug][gc,plab           ] GC(2575) Young PLAB allocation: allocated: 16512B, wasted: 0B, unused: 14144B, used: 2368B, undo waste: 0B, 
[113.011s][debug][gc,plab           ] GC(2575) Young other allocation: region end waste: 731184B, regions filled: 4, direct allocated: 3200120B, failure used: 0B, failure wasted: 0B
[113.011s][debug][gc,plab           ] GC(2575) Young sizing: calculated: 0B, actual: 2064B
[113.011s][debug][gc,plab           ] GC(2575) Old PLAB allocation: allocated: 0B, wasted: 0B, unused: 0B, used: 0B, undo waste: 0B, 
[113.011s][debug][gc,plab           ] GC(2575) Old other allocation: region end waste: 0B, regions filled: 1, direct allocated: 0B, failure used: 0B, failure wasted: 0B
[113.011s][debug][gc,plab           ] GC(2575) Old sizing: calculated: 0B, actual: 2064B
[113.011s][debug][gc,ihop           ] GC(2575) Basic information (value update), threshold: 610113945B (45.00), target occupancy: 1355808768B, current occupancy: 23095080B, recent allocation size: 0B, recent allocation duration: 44.64ms, recent old gen allocation rate: 0.00B/s, recent marking phase length: 30.68ms
[113.011s][debug][gc,ihop           ] GC(2575) Adaptive IHOP information (value update), threshold: 610113945B (47.37), internal target occupancy: 1288018329B, occupancy: 23095080B, additional buffer size: 812646400B, predicted old gen allocation rate: 12.30B/s, predicted marking phase length: 61.36ms, prediction active: false
[113.011s][debug][gc,ergo,refine    ] GC(2575) Concurrent refinement times: Logged Cards Scan time goal: 20.00ms Logged Cards Scan time: 0.00ms HCC time: 0.00ms
[113.011s][debug][gc,ergo,refine    ] GC(2575) Updated Refinement Zones: green: 2048, yellow: 6144, red: 10240
[113.011s][info ][gc,phases         ] GC(2575)   Pre Evacuate Collection Set: 0.2ms
[113.011s][debug][gc,phases         ] GC(2575)     Prepare TLABs: 0.0ms
[113.011s][debug][gc,phases         ] GC(2575)     Choose Collection Set: 0.0ms
[113.011s][debug][gc,phases         ] GC(2575)     Region Register: 0.2ms
[113.011s][debug][gc,phases         ] GC(2575)     Prepare Heap Roots: 0.0ms
[113.011s][info ][gc,phases         ] GC(2575)   Merge Heap Roots: 0.2ms
[113.011s][debug][gc,phases         ] GC(2575)     Prepare Merge Heap Roots: 0.0ms
[113.011s][debug][gc,phases         ] GC(2575)     Eager Reclaim (ms):       skipped
[113.011s][debug][gc,phases         ] GC(2575)     Remembered Sets (ms):     Min:  0.0, Avg:  0.0, Max:  0.0, Diff:  0.0, Sum:  0.3, Workers: 8
[113.011s][debug][gc,phases         ] GC(2575)       Merged Sparse:            Min: 0, Avg:  0.0, Max: 0, Diff: 0, Sum: 0, Workers: 8
[113.011s][debug][gc,phases         ] GC(2575)       Merged Fine:              Min: 0, Avg:  0.0, Max: 0, Diff: 0, Sum: 0, Workers: 8
[113.011s][debug][gc,phases         ] GC(2575)       Merged Coarse:            Min: 0, Avg:  0.0, Max: 0, Diff: 0, Sum: 0, Workers: 8
[113.011s][debug][gc,phases         ] GC(2575)       Dirty Cards:              Min: 0, Avg:  0.0, Max: 0, Diff: 0, Sum: 0, Workers: 8
[113.011s][debug][gc,phases         ] GC(2575)     Hot Card Cache (ms):      Min:  0.0, Avg:  0.0, Max:  0.0, Diff:  0.0, Sum:  0.0, Workers: 8
[113.011s][debug][gc,phases         ] GC(2575)       Dirty Cards:              Min: 0, Avg:  0.0, Max: 0, Diff: 0, Sum: 0, Workers: 8
[113.011s][debug][gc,phases         ] GC(2575)       Skipped Cards:            Min: 0, Avg:  0.0, Max: 0, Diff: 0, Sum: 0, Workers: 8
[113.012s][debug][gc,phases         ] GC(2575)     Log Buffers (ms):         Min:  0.0, Avg:  0.0, Max:  0.0, Diff:  0.0, Sum:  0.0, Workers: 8
[113.012s][debug][gc,phases         ] GC(2575)       Dirty Cards:              Min: 0, Avg:  0.2, Max: 1, Diff: 1, Sum: 2, Workers: 8
[113.012s][debug][gc,phases         ] GC(2575)       Skipped Cards:            Min: 0, Avg:  0.0, Max: 0, Diff: 0, Sum: 0, Workers: 8
[113.012s][info ][gc,phases         ] GC(2575)   Evacuate Collection Set: 0.4ms
[113.012s][debug][gc,phases         ] GC(2575)     Ext Root Scanning (ms):   Min:  0.2, Avg:  0.2, Max:  0.3, Diff:  0.1, Sum:  1.9, Workers: 8
[113.012s][debug][gc,phases         ] GC(2575)     Scan Heap Roots (ms):     Min:  0.0, Avg:  0.0, Max:  0.0, Diff:  0.0, Sum:  0.0, Workers: 8
[113.012s][debug][gc,phases         ] GC(2575)       Scanned Cards:            Min: 0, Avg:  0.2, Max: 1, Diff: 1, Sum: 2, Workers: 8
[113.012s][debug][gc,phases         ] GC(2575)       Scanned Blocks:           Min: 0, Avg:  0.2, Max: 1, Diff: 1, Sum: 2, Workers: 8
[113.012s][debug][gc,phases         ] GC(2575)       Claimed Chunks:           Min: 0, Avg:  0.2, Max: 1, Diff: 1, Sum: 2, Workers: 8
[113.012s][debug][gc,phases         ] GC(2575)     Code Root Scan (ms):      Min:  0.0, Avg:  0.0, Max:  0.0, Diff:  0.0, Sum:  0.2, Workers: 8
[113.012s][debug][gc,phases         ] GC(2575)     Object Copy (ms):         Min:  0.0, Avg:  0.0, Max:  0.0, Diff:  0.0, Sum:  0.0, Workers: 8
[113.012s][debug][gc,phases         ] GC(2575)     Termination (ms):         Min:  0.0, Avg:  0.0, Max:  0.1, Diff:  0.0, Sum:  0.4, Workers: 8
[113.012s][debug][gc,phases         ] GC(2575)       Termination Attempts:     Min: 1, Avg:  1.0, Max: 1, Diff: 0, Sum: 8, Workers: 8
[113.012s][debug][gc,phases         ] GC(2575)     GC Worker Other (ms):     Min:  0.0, Avg:  0.1, Max:  0.1, Diff:  0.1, Sum:  0.5, Workers: 8
[113.012s][debug][gc,phases         ] GC(2575)     GC Worker Total (ms):     Min:  0.3, Avg:  0.4, Max:  0.4, Diff:  0.0, Sum:  2.9, Workers: 8
[113.012s][info ][gc,phases         ] GC(2575)   Post Evacuate Collection Set: 0.7ms
[113.012s][debug][gc,phases         ] GC(2575)     Code Roots Fixup: 0.0ms
[113.012s][debug][gc,phases         ] GC(2575)     Clear Card Table: 0.2ms
[113.012s][debug][gc,phases         ] GC(2575)     Reference Processing: 0.0ms
[113.012s][debug][gc,phases,ref     ] GC(2575)       Reconsider SoftReferences: 0.0ms
[113.012s][debug][gc,phases,ref     ] GC(2575)         SoftRef (ms):             skipped
[113.012s][debug][gc,phases,ref     ] GC(2575)       Notify Soft/WeakReferences: 0.0ms
[113.012s][debug][gc,phases,ref     ] GC(2575)         SoftRef (ms):             skipped
[113.012s][debug][gc,phases,ref     ] GC(2575)         WeakRef (ms):             skipped
[113.012s][debug][gc,phases,ref     ] GC(2575)         FinalRef (ms):            skipped
[113.012s][debug][gc,phases,ref     ] GC(2575)         Total (ms):               skipped
[113.012s][debug][gc,phases,ref     ] GC(2575)       Notify and keep alive finalizable: 0.0ms
[113.012s][debug][gc,phases,ref     ] GC(2575)         FinalRef (ms):            skipped
[113.012s][debug][gc,phases,ref     ] GC(2575)       Notify PhantomReferences: 0.0ms
[113.012s][debug][gc,phases,ref     ] GC(2575)         PhantomRef (ms):          skipped
[113.012s][debug][gc,phases,ref     ] GC(2575)       SoftReference:
[113.012s][debug][gc,phases,ref     ] GC(2575)         Discovered: 0
[113.012s][debug][gc,phases,ref     ] GC(2575)         Cleared: 0
[113.012s][debug][gc,phases,ref     ] GC(2575)       WeakReference:
[113.012s][debug][gc,phases,ref     ] GC(2575)         Discovered: 0
[113.012s][debug][gc,phases,ref     ] GC(2575)         Cleared: 0
[113.012s][debug][gc,phases,ref     ] GC(2575)       FinalReference:
[113.012s][debug][gc,phases,ref     ] GC(2575)         Discovered: 0
[113.012s][debug][gc,phases,ref     ] GC(2575)         Cleared: 0
[113.012s][debug][gc,phases,ref     ] GC(2575)       PhantomReference:
[113.012s][debug][gc,phases,ref     ] GC(2575)         Discovered: 0
[113.012s][debug][gc,phases,ref     ] GC(2575)         Cleared: 0
[113.012s][debug][gc,phases         ] GC(2575)     Weak Processing: 0.1ms
[113.012s][debug][gc,phases         ] GC(2575)       JVMTI weak processing: 0.0ms
[113.012s][debug][gc,phases         ] GC(2575)         Dead: 0
[113.012s][debug][gc,phases         ] GC(2575)         Total: 0
[113.012s][debug][gc,phases         ] GC(2575)       JFR weak processing: 0.0ms
[113.012s][debug][gc,phases         ] GC(2575)         Dead: 0
[113.012s][debug][gc,phases         ] GC(2575)         Total: 0
[113.012s][debug][gc,phases         ] GC(2575)       JNI weak                  Min:  0.0, Avg:  0.0, Max:  0.0, Diff:  0.0, Sum:  0.0, Workers: 5
[113.012s][debug][gc,phases         ] GC(2575)         Dead                      Min: 0, Avg:  0.0, Max: 0, Diff: 0, Sum: 0, Workers: 5
[113.012s][debug][gc,phases         ] GC(2575)         Total                     Min: 0, Avg: 20.4, Max: 62, Diff: 62, Sum: 102, Workers: 5
[113.012s][debug][gc,phases         ] GC(2575)       VM weak                   Min:  0.0, Avg:  0.0, Max:  0.0, Diff:  0.0, Sum:  0.0, Workers: 5
[113.012s][debug][gc,phases         ] GC(2575)         Dead                      Min: 0, Avg:  0.0, Max: 0, Diff: 0, Sum: 0, Workers: 5
[113.012s][debug][gc,phases         ] GC(2575)         Total                     Min: 0, Avg: 42.4, Max: 128, Diff: 128, Sum: 212, Workers: 5
[113.012s][debug][gc,phases         ] GC(2575)       StringTable weak          Min:  0.0, Avg:  0.0, Max:  0.0, Diff:  0.0, Sum:  0.1, Workers: 5
[113.012s][debug][gc,phases         ] GC(2575)         Dead                      Min: 0, Avg:  0.0, Max: 0, Diff: 0, Sum: 0, Workers: 5
[113.012s][debug][gc,phases         ] GC(2575)         Total                     Min: 0, Avg: 684.6, Max: 1727, Diff: 1727, Sum: 3423, Workers: 5
[113.012s][debug][gc,phases         ] GC(2575)       ResolvedMethodTable weak  Min:  0.0, Avg:  0.0, Max:  0.0, Diff:  0.0, Sum:  0.0, Workers: 5
[113.012s][debug][gc,phases         ] GC(2575)         Dead                      Min: 0, Avg:  0.0, Max: 0, Diff: 0, Sum: 0, Workers: 5
[113.012s][debug][gc,phases         ] GC(2575)         Total                     Min: 0, Avg: 114.6, Max: 445, Diff: 445, Sum: 573, Workers: 5
[113.012s][debug][gc,phases         ] GC(2575)     Merge Per-Thread State: 0.0ms
[113.012s][debug][gc,phases         ] GC(2575)       Copied Bytes              Min: 728, Avg: 400311.0, Max: 800096, Diff: 799368, Sum: 3202488, Workers: 8
[113.012s][debug][gc,phases         ] GC(2575)       LAB Waste                 Min: 0, Avg:  0.0, Max: 0, Diff: 0, Sum: 0, Workers: 8
[113.012s][debug][gc,phases         ] GC(2575)       LAB Undo Waste            Min: 0, Avg:  0.0, Max: 0, Diff: 0, Sum: 0, Workers: 8
[113.012s][debug][gc,phases         ] GC(2575)     Code Roots Purge: 0.0ms
[113.012s][debug][gc,phases         ] GC(2575)     Redirty Cards: 0.0ms
[113.012s][debug][gc,phases         ] GC(2575)     DerivedPointerTable Update: 0.0ms
[113.012s][debug][gc,phases         ] GC(2575)     Free Collection Set: 0.2ms
[113.012s][debug][gc,phases         ] GC(2575)     Rebuild Free List: 0.1ms
[113.012s][debug][gc,phases         ] GC(2575)     Humongous Reclaim: 0.0ms
[113.012s][debug][gc,phases         ] GC(2575)     Start New Collection Set: 0.0ms
[113.012s][debug][gc,phases         ] GC(2575)     Resize TLABs: 0.0ms
[113.012s][debug][gc,phases         ] GC(2575)     Expand Heap After Collection: 0.0ms
[113.012s][info ][gc,phases         ] GC(2575)   Other: 0.3ms
[113.012s][info ][gc,heap           ] GC(2575) Eden regions: 770->0(771)
[113.012s][info ][gc,heap           ] GC(2575) Survivor regions: 5->4(97)
[113.012s][info ][gc,heap           ] GC(2575) Old regions: 18->18
[113.012s][info ][gc,heap           ] GC(2575) Archive regions: 2->2
[113.012s][info ][gc,heap           ] GC(2575) Humongous regions: 0->0
[113.012s][info ][gc,metaspace      ] GC(2575) Metaspace: 10016K(10624K)->10016K(10624K) NonClass: 8864K(9216K)->8864K(9216K) Class: 1152K(1408K)->1152K(1408K)
[113.012s][debug][gc,heap           ] GC(2575) Heap after GC invocations=2576 (full 1): garbage-first heap   total 1324032K, used 22553K [0x0000000700000000, 0x0000000800000000)
[113.012s][debug][gc,heap           ] GC(2575)   region size 1024K, 4 young (4096K), 4 survivors (4096K)
[113.012s][debug][gc,heap           ] GC(2575)  Metaspace       used 10016K, capacity 10304K, committed 10624K, reserved 1058816K
[113.012s][debug][gc,heap           ] GC(2575)   class space    used 1152K, capacity 1266K, committed 1408K, reserved 1048576K
[113.012s][info ][gc                ] GC(2575) Pause Young (Normal) (G1 Evacuation Pause) 792M->22M(1293M) 2.351ms
[113.012s][info ][gc,cpu            ] GC(2575) User=0.00s Sys=0.00s Real=0.01s
[113.012s][info ][safepoint         ] Safepoint "G1CollectForAllocation", Time since last: 43443750 ns, Reaching safepoint: 211427 ns, At safepoint: 2521704 ns, Total: 2733131 ns
[113.052s][debug][gc,heap           ] GC(2576) Heap before GC invocations=2576 (full 1): garbage-first heap   total 1324032K, used 811033K [0x0000000700000000, 0x0000000800000000)
[113.052s][debug][gc,heap           ] GC(2576)   region size 1024K, 775 young (793600K), 4 survivors (4096K)
[113.052s][debug][gc,heap           ] GC(2576)  Metaspace       used 10016K, capacity 10304K, committed 10624K, reserved 1058816K
[113.052s][debug][gc,heap           ] GC(2576)   class space    used 1152K, capacity 1266K, committed 1408K, reserved 1048576K
[113.052s][info ][gc,start          ] GC(2576) Pause Young (Normal) (G1 Evacuation Pause)
[113.052s][info ][gc,task           ] GC(2576) Using 8 workers of 8 for evacuation
[113.052s][debug][gc,tlab           ] GC(2576) TLAB totals: thrds: 8  refills: 13 max: 2 slow allocs: 1531 max 213 waste: 27.7% gc: 1083488B max: 232128B slow: 56280B max: 14304B fast: 0B max: 0B
[113.052s][debug][gc,age            ] GC(2576) Desired survivor size 50855936 bytes, new threshold 15 (max threshold 15)
[113.052s][debug][gc,alloc,region   ] GC(2576) Mutator Allocation stats, regions: 771, wasted size: 180M (23.4%)
[113.052s][debug][gc,ergo           ] GC(2576) Running G1 Merge Heap Roots using 8 workers for 775 regions
[113.053s][debug][gc,remset         ] GC(2576) Visited cards 256 Total dirty 2048 (12.50%) Total old 3215360 (0.01%)
[113.053s][debug][gc,ergo           ] GC(2576) Running G1 Clear Card Table Task using 2 workers for 2 units of work for 776 regions.
[113.053s][debug][gc,ref            ] GC(2576) Skipped phase1 of Reference Processing due to unavailable references
[113.053s][debug][gc,ref            ] GC(2576) Skipped phase2 of Reference Processing due to unavailable references
[113.053s][debug][gc,ref            ] GC(2576) Skipped phase3 of Reference Processing due to unavailable references
[113.053s][debug][gc,ref            ] GC(2576) Skipped phase4 of Reference Processing due to unavailable references
[113.053s][debug][gc,ergo           ] GC(2576) Running G1 Free Collection Set using 8 workers for collection set length 775 (1293)
[113.054s][debug][gc,ergo           ] GC(2576) Running G1 Rebuild Free List Task using 8 workers for rebuilding free list of 0 (4096) regions
[113.054s][trace][gc,age            ] GC(2576) Age table with threshold 15 (max threshold 15)
[113.054s][trace][gc,age            ] GC(2576) - age   1:    3202568 bytes,    3202568 total
[113.054s][debug][gc,plab           ] GC(2576) Young PLAB allocation: allocated: 12384B, wasted: 0B, unused: 9936B, used: 2448B, undo waste: 0B, 
[113.054s][debug][gc,plab           ] GC(2576) Young other allocation: region end waste: 733248B, regions filled: 4, direct allocated: 3200120B, failure used: 0B, failure wasted: 0B
[113.054s][debug][gc,plab           ] GC(2576) Young sizing: calculated: 0B, actual: 2064B
[113.054s][debug][gc,plab           ] GC(2576) Old PLAB allocation: allocated: 0B, wasted: 0B, unused: 0B, used: 0B, undo waste: 0B, 
[113.054s][debug][gc,plab           ] GC(2576) Old other allocation: region end waste: 0B, regions filled: 1, direct allocated: 0B, failure used: 0B, failure wasted: 0B
[113.054s][debug][gc,plab           ] GC(2576) Old sizing: calculated: 0B, actual: 2064B
[113.054s][debug][gc,ihop           ] GC(2576) Basic information (value update), threshold: 610113945B (45.00), target occupancy: 1355808768B, current occupancy: 23093016B, recent allocation size: 0B, recent allocation duration: 40.76ms, recent old gen allocation rate: 0.00B/s, recent marking phase length: 30.68ms
[113.054s][debug][gc,ihop           ] GC(2576) Adaptive IHOP information (value update), threshold: 610113945B (47.37), internal target occupancy: 1288018329B, occupancy: 23093016B, additional buffer size: 812646400B, predicted old gen allocation rate: 11.99B/s, predicted marking phase length: 61.36ms, prediction active: false
[113.054s][debug][gc,ergo,refine    ] GC(2576) Concurrent refinement times: Logged Cards Scan time goal: 20.00ms Logged Cards Scan time: 0.00ms HCC time: 0.00ms
[113.054s][debug][gc,ergo,refine    ] GC(2576) Updated Refinement Zones: green: 2048, yellow: 6144, red: 10240
[113.054s][info ][gc,phases         ] GC(2576)   Pre Evacuate Collection Set: 0.2ms
[113.054s][debug][gc,phases         ] GC(2576)     Prepare TLABs: 0.0ms
[113.054s][debug][gc,phases         ] GC(2576)     Choose Collection Set: 0.0ms
[113.054s][debug][gc,phases         ] GC(2576)     Region Register: 0.2ms
[113.054s][debug][gc,phases         ] GC(2576)     Prepare Heap Roots: 0.0ms
[113.054s][info ][gc,phases         ] GC(2576)   Merge Heap Roots: 0.2ms
[113.054s][debug][gc,phases         ] GC(2576)     Prepare Merge Heap Roots: 0.0ms
[113.054s][debug][gc,phases         ] GC(2576)     Eager Reclaim (ms):       skipped
[113.054s][debug][gc,phases         ] GC(2576)     Remembered Sets (ms):     Min:  0.0, Avg:  0.0, Max:  0.1, Diff:  0.0, Sum:  0.3, Workers: 8
[113.054s][debug][gc,phases         ] GC(2576)       Merged Sparse:            Min: 0, Avg:  0.0, Max: 0, Diff: 0, Sum: 0, Workers: 8
[113.054s][debug][gc,phases         ] GC(2576)       Merged Fine:              Min: 0, Avg:  0.0, Max: 0, Diff: 0, Sum: 0, Workers: 8
[113.054s][debug][gc,phases         ] GC(2576)       Merged Coarse:            Min: 0, Avg:  0.0, Max: 0, Diff: 0, Sum: 0, Workers: 8
[113.054s][debug][gc,phases         ] GC(2576)       Dirty Cards:              Min: 0, Avg:  0.0, Max: 0, Diff: 0, Sum: 0, Workers: 8
[113.054s][debug][gc,phases         ] GC(2576)     Hot Card Cache (ms):      Min:  0.0, Avg:  0.0, Max:  0.0, Diff:  0.0, Sum:  0.0, Workers: 8
[113.054s][debug][gc,phases         ] GC(2576)       Dirty Cards:              Min: 0, Avg:  0.0, Max: 0, Diff: 0, Sum: 0, Workers: 8
[113.054s][debug][gc,phases         ] GC(2576)       Skipped Cards:            Min: 0, Avg:  0.0, Max: 0, Diff: 0, Sum: 0, Workers: 8
[113.054s][debug][gc,phases         ] GC(2576)     Log Buffers (ms):         Min:  0.0, Avg:  0.0, Max:  0.0, Diff:  0.0, Sum:  0.0, Workers: 8
[113.054s][debug][gc,phases         ] GC(2576)       Dirty Cards:              Min: 0, Avg:  0.1, Max: 1, Diff: 1, Sum: 1, Workers: 8
[113.054s][debug][gc,phases         ] GC(2576)       Skipped Cards:            Min: 0, Avg:  0.0, Max: 0, Diff: 0, Sum: 0, Workers: 8
[113.054s][info ][gc,phases         ] GC(2576)   Evacuate Collection Set: 0.4ms
[113.054s][debug][gc,phases         ] GC(2576)     Ext Root Scanning (ms):   Min:  0.0, Avg:  0.2, Max:  0.3, Diff:  0.3, Sum:  1.5, Workers: 8
[113.054s][debug][gc,phases         ] GC(2576)     Scan Heap Roots (ms):     Min:  0.0, Avg:  0.0, Max:  0.0, Diff:  0.0, Sum:  0.0, Workers: 8
[113.054s][debug][gc,phases         ] GC(2576)       Scanned Cards:            Min: 0, Avg:  0.1, Max: 1, Diff: 1, Sum: 1, Workers: 8
[113.054s][debug][gc,phases         ] GC(2576)       Scanned Blocks:           Min: 0, Avg:  0.1, Max: 1, Diff: 1, Sum: 1, Workers: 8
[113.054s][debug][gc,phases         ] GC(2576)       Claimed Chunks:           Min: 0, Avg:  0.1, Max: 1, Diff: 1, Sum: 1, Workers: 8
[113.054s][debug][gc,phases         ] GC(2576)     Code Root Scan (ms):      Min:  0.0, Avg:  0.0, Max:  0.0, Diff:  0.0, Sum:  0.1, Workers: 8
[113.054s][debug][gc,phases         ] GC(2576)     Object Copy (ms):         Min:  0.0, Avg:  0.0, Max:  0.0, Diff:  0.0, Sum:  0.0, Workers: 8
[113.054s][debug][gc,phases         ] GC(2576)     Termination (ms):         Min:  0.0, Avg:  0.1, Max:  0.1, Diff:  0.1, Sum:  0.4, Workers: 8
[113.054s][debug][gc,phases         ] GC(2576)       Termination Attempts:     Min: 1, Avg:  1.0, Max: 1, Diff: 0, Sum: 8, Workers: 8
[113.054s][debug][gc,phases         ] GC(2576)     GC Worker Other (ms):     Min:  0.0, Avg:  0.0, Max:  0.1, Diff:  0.0, Sum:  0.4, Workers: 8
[113.054s][debug][gc,phases         ] GC(2576)     GC Worker Total (ms):     Min:  0.0, Avg:  0.3, Max:  0.4, Diff:  0.4, Sum:  2.4, Workers: 8
[113.054s][info ][gc,phases         ] GC(2576)   Post Evacuate Collection Set: 0.6ms
[113.054s][debug][gc,phases         ] GC(2576)     Code Roots Fixup: 0.0ms
[113.054s][debug][gc,phases         ] GC(2576)     Clear Card Table: 0.2ms
[113.054s][debug][gc,phases         ] GC(2576)     Reference Processing: 0.0ms
[113.054s][debug][gc,phases,ref     ] GC(2576)       Reconsider SoftReferences: 0.0ms
[113.054s][debug][gc,phases,ref     ] GC(2576)         SoftRef (ms):             skipped
[113.054s][debug][gc,phases,ref     ] GC(2576)       Notify Soft/WeakReferences: 0.0ms
[113.054s][debug][gc,phases,ref     ] GC(2576)         SoftRef (ms):             skipped
[113.054s][debug][gc,phases,ref     ] GC(2576)         WeakRef (ms):             skipped
[113.054s][debug][gc,phases,ref     ] GC(2576)         FinalRef (ms):            skipped
[113.054s][debug][gc,phases,ref     ] GC(2576)         Total (ms):               skipped
[113.054s][debug][gc,phases,ref     ] GC(2576)       Notify and keep alive finalizable: 0.0ms
[113.054s][debug][gc,phases,ref     ] GC(2576)         FinalRef (ms):            skipped
[113.054s][debug][gc,phases,ref     ] GC(2576)       Notify PhantomReferences: 0.0ms
[113.054s][debug][gc,phases,ref     ] GC(2576)         PhantomRef (ms):          skipped
[113.054s][debug][gc,phases,ref     ] GC(2576)       SoftReference:
[113.054s][debug][gc,phases,ref     ] GC(2576)         Discovered: 0
[113.054s][debug][gc,phases,ref     ] GC(2576)         Cleared: 0
[113.054s][debug][gc,phases,ref     ] GC(2576)       WeakReference:
[113.054s][debug][gc,phases,ref     ] GC(2576)         Discovered: 0
[113.054s][debug][gc,phases,ref     ] GC(2576)         Cleared: 0
[113.054s][debug][gc,phases,ref     ] GC(2576)       FinalReference:
[113.054s][debug][gc,phases,ref     ] GC(2576)         Discovered: 0
[113.054s][debug][gc,phases,ref     ] GC(2576)         Cleared: 0
[113.054s][debug][gc,phases,ref     ] GC(2576)       PhantomReference:
[113.054s][debug][gc,phases,ref     ] GC(2576)         Discovered: 0
[113.054s][debug][gc,phases,ref     ] GC(2576)         Cleared: 0
[113.054s][debug][gc,phases         ] GC(2576)     Weak Processing: 0.0ms
[113.054s][debug][gc,phases         ] GC(2576)       JVMTI weak processing: 0.0ms
[113.054s][debug][gc,phases         ] GC(2576)         Dead: 0
[113.054s][debug][gc,phases         ] GC(2576)         Total: 0
[113.054s][debug][gc,phases         ] GC(2576)       JFR weak processing: 0.0ms
[113.054s][debug][gc,phases         ] GC(2576)         Dead: 0
[113.054s][debug][gc,phases         ] GC(2576)         Total: 0
[113.054s][debug][gc,phases         ] GC(2576)       JNI weak                  Min:  0.0, Avg:  0.0, Max:  0.0, Diff:  0.0, Sum:  0.0, Workers: 5
[113.054s][debug][gc,phases         ] GC(2576)         Dead                      Min: 0, Avg:  0.0, Max: 0, Diff: 0, Sum: 0, Workers: 5
[113.054s][debug][gc,phases         ] GC(2576)         Total                     Min: 0, Avg: 20.4, Max: 102, Diff: 102, Sum: 102, Workers: 5
[113.054s][debug][gc,phases         ] GC(2576)       VM weak                   Min:  0.0, Avg:  0.0, Max:  0.0, Diff:  0.0, Sum:  0.0, Workers: 5
[113.054s][debug][gc,phases         ] GC(2576)         Dead                      Min: 0, Avg:  0.0, Max: 0, Diff: 0, Sum: 0, Workers: 5
[113.054s][debug][gc,phases         ] GC(2576)         Total                     Min: 0, Avg: 42.4, Max: 128, Diff: 128, Sum: 212, Workers: 5
[113.054s][debug][gc,phases         ] GC(2576)       StringTable weak          Min:  0.0, Avg:  0.0, Max:  0.0, Diff:  0.0, Sum:  0.0, Workers: 5
[113.054s][debug][gc,phases         ] GC(2576)         Dead                      Min: 0, Avg:  0.0, Max: 0, Diff: 0, Sum: 0, Workers: 5
[113.054s][debug][gc,phases         ] GC(2576)         Total                     Min: 575, Avg: 684.6, Max: 896, Diff: 321, Sum: 3423, Workers: 5
[113.054s][debug][gc,phases         ] GC(2576)       ResolvedMethodTable weak  Min:  0.0, Avg:  0.0, Max:  0.0, Diff:  0.0, Sum:  0.0, Workers: 5
[113.054s][debug][gc,phases         ] GC(2576)         Dead                      Min: 0, Avg:  0.0, Max: 0, Diff: 0, Sum: 0, Workers: 5
[113.054s][debug][gc,phases         ] GC(2576)         Total                     Min: 64, Avg: 114.6, Max: 128, Diff: 64, Sum: 573, Workers: 5
[113.054s][debug][gc,phases         ] GC(2576)     Merge Per-Thread State: 0.0ms
[113.054s][debug][gc,phases         ] GC(2576)       Copied Bytes              Min: 0, Avg: 400321.0, Max: 1200184, Diff: 1200184, Sum: 3202568, Workers: 8
[113.054s][debug][gc,phases         ] GC(2576)       LAB Waste                 Min: 0, Avg:  0.0, Max: 0, Diff: 0, Sum: 0, Workers: 8
[113.054s][debug][gc,phases         ] GC(2576)       LAB Undo Waste            Min: 0, Avg:  0.0, Max: 0, Diff: 0, Sum: 0, Workers: 8
[113.054s][debug][gc,phases         ] GC(2576)     Code Roots Purge: 0.0ms
[113.054s][debug][gc,phases         ] GC(2576)     Redirty Cards: 0.0ms
[113.054s][debug][gc,phases         ] GC(2576)     DerivedPointerTable Update: 0.0ms
[113.054s][debug][gc,phases         ] GC(2576)     Free Collection Set: 0.2ms
[113.054s][debug][gc,phases         ] GC(2576)     Rebuild Free List: 0.0ms
[113.054s][debug][gc,phases         ] GC(2576)     Humongous Reclaim: 0.0ms
[113.054s][debug][gc,phases         ] GC(2576)     Start New Collection Set: 0.0ms
[113.054s][debug][gc,phases         ] GC(2576)     Resize TLABs: 0.0ms
[113.054s][debug][gc,phases         ] GC(2576)     Expand Heap After Collection: 0.0ms
[113.054s][info ][gc,phases         ] GC(2576)   Other: 0.4ms
[113.054s][info ][gc,heap           ] GC(2576) Eden regions: 771->0(771)
[113.054s][info ][gc,heap           ] GC(2576) Survivor regions: 4->4(97)
[113.054s][info ][gc,heap           ] GC(2576) Old regions: 18->18
[113.054s][info ][gc,heap           ] GC(2576) Archive regions: 2->2
[113.054s][info ][gc,heap           ] GC(2576) Humongous regions: 0->0
[113.054s][info ][gc,metaspace      ] GC(2576) Metaspace: 10016K(10624K)->10016K(10624K) NonClass: 8864K(9216K)->8864K(9216K) Class: 1152K(1408K)->1152K(1408K)
[113.054s][debug][gc,heap           ] GC(2576) Heap after GC invocations=2577 (full 1): garbage-first heap   total 1324032K, used 22551K [0x0000000700000000, 0x0000000800000000)
[113.054s][debug][gc,heap           ] GC(2576)   region size 1024K, 4 young (4096K), 4 survivors (4096K)
[113.054s][debug][gc,heap           ] GC(2576)  Metaspace       used 10016K, capacity 10304K, committed 10624K, reserved 1058816K
[113.054s][debug][gc,heap           ] GC(2576)   class space    used 1152K, capacity 1266K, committed 1408K, reserved 1048576K
[113.055s][info ][gc                ] GC(2576) Pause Young (Normal) (G1 Evacuation Pause) 792M->22M(1293M) 2.490ms
[113.055s][info ][gc,cpu            ] GC(2576) User=0.01s Sys=0.01s Real=0.00s
[113.055s][info ][safepoint         ] Safepoint "G1CollectForAllocation", Time since last: 39562766 ns, Reaching safepoint: 172074 ns, At safepoint: 2713617 ns, Total: 2885691 ns
[113.095s][debug][gc,heap           ] GC(2577) Heap before GC invocations=2577 (full 1): garbage-first heap   total 1324032K, used 811031K [0x0000000700000000, 0x0000000800000000)
[113.096s][debug][gc,heap           ] GC(2577)   region size 1024K, 775 young (793600K), 4 survivors (4096K)
[113.096s][debug][gc,heap           ] GC(2577)  Metaspace       used 10016K, capacity 10304K, committed 10624K, reserved 1058816K
[113.096s][debug][gc,heap           ] GC(2577)   class space    used 1152K, capacity 1266K, committed 1408K, reserved 1048576K
[113.096s][info ][gc,start          ] GC(2577) Pause Young (Normal) (G1 Evacuation Pause)
[113.096s][info ][gc,task           ] GC(2577) Using 8 workers of 8 for evacuation
[113.096s][debug][gc,tlab           ] GC(2577) TLAB totals: thrds: 8  refills: 14 max: 2 slow allocs: 1536 max 233 waste: 25.2% gc: 1067488B max: 240968B slow: 71520B max: 14304B fast: 0B max: 0B
[113.096s][debug][gc,age            ] GC(2577) Desired survivor size 50855936 bytes, new threshold 15 (max threshold 15)
[113.096s][debug][gc,alloc,region   ] GC(2577) Mutator Allocation stats, regions: 771, wasted size: 180M (23.4%)
[113.096s][debug][gc,ergo           ] GC(2577) Running G1 Merge Heap Roots using 8 workers for 775 regions
[113.096s][debug][gc,remset         ] GC(2577) Visited cards 512 Total dirty 4096 (12.50%) Total old 3215360 (0.02%)
[113.096s][debug][gc,ergo           ] GC(2577) Running G1 Clear Card Table Task using 2 workers for 2 units of work for 777 regions.
[113.097s][debug][gc,ref            ] GC(2577) Skipped phase1 of Reference Processing due to unavailable references
[113.097s][debug][gc,ref            ] GC(2577) Skipped phase2 of Reference Processing due to unavailable references
[113.097s][debug][gc,ref            ] GC(2577) Skipped phase3 of Reference Processing due to unavailable references
[113.097s][debug][gc,ref            ] GC(2577) Skipped phase4 of Reference Processing due to unavailable references
[113.097s][debug][gc,ergo           ] GC(2577) Running G1 Free Collection Set using 8 workers for collection set length 775 (1293)
[113.097s][debug][gc,ergo           ] GC(2577) Running G1 Rebuild Free List Task using 8 workers for rebuilding free list of 0 (4096) regions
[113.097s][trace][gc,age            ] GC(2577) Age table with threshold 15 (max threshold 15)
[113.097s][trace][gc,age            ] GC(2577) - age   1:    3202560 bytes,    3202560 total
[113.097s][debug][gc,plab           ] GC(2577) Young PLAB allocation: allocated: 16512B, wasted: 0B, unused: 14064B, used: 2448B, undo waste: 0B, 
[113.097s][debug][gc,plab           ] GC(2577) Young other allocation: region end waste: 733248B, regions filled: 4, direct allocated: 3200112B, failure used: 0B, failure wasted: 0B
[113.097s][debug][gc,plab           ] GC(2577) Young sizing: calculated: 0B, actual: 2064B
[113.097s][debug][gc,plab           ] GC(2577) Old PLAB allocation: allocated: 0B, wasted: 0B, unused: 0B, used: 0B, undo waste: 0B, 
[113.097s][debug][gc,plab           ] GC(2577) Old other allocation: region end waste: 0B, regions filled: 1, direct allocated: 0B, failure used: 0B, failure wasted: 0B
[113.097s][debug][gc,plab           ] GC(2577) Old sizing: calculated: 0B, actual: 2064B
[113.097s][debug][gc,ihop           ] GC(2577) Basic information (value update), threshold: 610113945B (45.00), target occupancy: 1355808768B, current occupancy: 23097136B, recent allocation size: 0B, recent allocation duration: 41.88ms, recent old gen allocation rate: 0.00B/s, recent marking phase length: 30.68ms
[113.097s][debug][gc,ihop           ] GC(2577) Adaptive IHOP information (value update), threshold: 610113945B (47.37), internal target occupancy: 1288018329B, occupancy: 23097136B, additional buffer size: 812646400B, predicted old gen allocation rate: 11.68B/s, predicted marking phase length: 61.36ms, prediction active: false
[113.097s][debug][gc,ergo,refine    ] GC(2577) Concurrent refinement times: Logged Cards Scan time goal: 20.00ms Logged Cards Scan time: 0.00ms HCC time: 0.00ms
[113.097s][debug][gc,ergo,refine    ] GC(2577) Updated Refinement Zones: green: 2048, yellow: 6144, red: 10240
[113.097s][info ][gc,phases         ] GC(2577)   Pre Evacuate Collection Set: 0.1ms
[113.097s][debug][gc,phases         ] GC(2577)     Prepare TLABs: 0.0ms
[113.097s][debug][gc,phases         ] GC(2577)     Choose Collection Set: 0.0ms
[113.097s][debug][gc,phases         ] GC(2577)     Region Register: 0.1ms
[113.097s][debug][gc,phases         ] GC(2577)     Prepare Heap Roots: 0.0ms
[113.097s][info ][gc,phases         ] GC(2577)   Merge Heap Roots: 0.2ms
[113.097s][debug][gc,phases         ] GC(2577)     Prepare Merge Heap Roots: 0.0ms
[113.097s][debug][gc,phases         ] GC(2577)     Eager Reclaim (ms):       skipped
[113.097s][debug][gc,phases         ] GC(2577)     Remembered Sets (ms):     Min:  0.0, Avg:  0.0, Max:  0.1, Diff:  0.0, Sum:  0.3, Workers: 8
[113.097s][debug][gc,phases         ] GC(2577)       Merged Sparse:            Min: 0, Avg:  0.0, Max: 0, Diff: 0, Sum: 0, Workers: 8
[113.097s][debug][gc,phases         ] GC(2577)       Merged Fine:              Min: 0, Avg:  0.0, Max: 0, Diff: 0, Sum: 0, Workers: 8
[113.097s][debug][gc,phases         ] GC(2577)       Merged Coarse:            Min: 0, Avg:  0.0, Max: 0, Diff: 0, Sum: 0, Workers: 8
[113.097s][debug][gc,phases         ] GC(2577)       Dirty Cards:              Min: 0, Avg:  0.0, Max: 0, Diff: 0, Sum: 0, Workers: 8
[113.097s][debug][gc,phases         ] GC(2577)     Hot Card Cache (ms):      Min:  0.0, Avg:  0.0, Max:  0.0, Diff:  0.0, Sum:  0.0, Workers: 8
[113.097s][debug][gc,phases         ] GC(2577)       Dirty Cards:              Min: 0, Avg:  0.0, Max: 0, Diff: 0, Sum: 0, Workers: 8
[113.097s][debug][gc,phases         ] GC(2577)       Skipped Cards:            Min: 0, Avg:  0.0, Max: 0, Diff: 0, Sum: 0, Workers: 8
[113.097s][debug][gc,phases         ] GC(2577)     Log Buffers (ms):         Min:  0.0, Avg:  0.0, Max:  0.0, Diff:  0.0, Sum:  0.0, Workers: 8
[113.097s][debug][gc,phases         ] GC(2577)       Dirty Cards:              Min: 0, Avg:  0.2, Max: 2, Diff: 2, Sum: 2, Workers: 8
[113.097s][debug][gc,phases         ] GC(2577)       Skipped Cards:            Min: 0, Avg:  0.0, Max: 0, Diff: 0, Sum: 0, Workers: 8
[113.097s][info ][gc,phases         ] GC(2577)   Evacuate Collection Set: 0.4ms
[113.097s][debug][gc,phases         ] GC(2577)     Ext Root Scanning (ms):   Min:  0.1, Avg:  0.2, Max:  0.3, Diff:  0.3, Sum:  1.7, Workers: 8
[113.097s][debug][gc,phases         ] GC(2577)     Scan Heap Roots (ms):     Min:  0.0, Avg:  0.0, Max:  0.0, Diff:  0.0, Sum:  0.0, Workers: 8
[113.097s][debug][gc,phases         ] GC(2577)       Scanned Cards:            Min: 0, Avg:  0.2, Max: 2, Diff: 2, Sum: 2, Workers: 8
[113.097s][debug][gc,phases         ] GC(2577)       Scanned Blocks:           Min: 0, Avg:  0.2, Max: 2, Diff: 2, Sum: 2, Workers: 8
[113.097s][debug][gc,phases         ] GC(2577)       Claimed Chunks:           Min: 0, Avg:  0.2, Max: 2, Diff: 2, Sum: 2, Workers: 8
[113.097s][debug][gc,phases         ] GC(2577)     Code Root Scan (ms):      Min:  0.0, Avg:  0.0, Max:  0.1, Diff:  0.1, Sum:  0.1, Workers: 8
[113.097s][debug][gc,phases         ] GC(2577)     Object Copy (ms):         Min:  0.0, Avg:  0.0, Max:  0.0, Diff:  0.0, Sum:  0.0, Workers: 8
[113.097s][debug][gc,phases         ] GC(2577)     Termination (ms):         Min:  0.0, Avg:  0.1, Max:  0.1, Diff:  0.1, Sum:  0.5, Workers: 8
[113.097s][debug][gc,phases         ] GC(2577)       Termination Attempts:     Min: 1, Avg:  1.0, Max: 1, Diff: 0, Sum: 8, Workers: 8
[113.097s][debug][gc,phases         ] GC(2577)     GC Worker Other (ms):     Min:  0.0, Avg:  0.0, Max:  0.1, Diff:  0.1, Sum:  0.3, Workers: 8
[113.097s][debug][gc,phases         ] GC(2577)     GC Worker Total (ms):     Min:  0.3, Avg:  0.3, Max:  0.4, Diff:  0.1, Sum:  2.6, Workers: 8
[113.097s][info ][gc,phases         ] GC(2577)   Post Evacuate Collection Set: 0.6ms
[113.097s][debug][gc,phases         ] GC(2577)     Code Roots Fixup: 0.0ms
[113.097s][debug][gc,phases         ] GC(2577)     Clear Card Table: 0.2ms
[113.097s][debug][gc,phases         ] GC(2577)     Reference Processing: 0.0ms
[113.097s][debug][gc,phases,ref     ] GC(2577)       Reconsider SoftReferences: 0.0ms
[113.097s][debug][gc,phases,ref     ] GC(2577)         SoftRef (ms):             skipped
[113.097s][debug][gc,phases,ref     ] GC(2577)       Notify Soft/WeakReferences: 0.0ms
[113.097s][debug][gc,phases,ref     ] GC(2577)         SoftRef (ms):             skipped
[113.097s][debug][gc,phases,ref     ] GC(2577)         WeakRef (ms):             skipped
[113.097s][debug][gc,phases,ref     ] GC(2577)         FinalRef (ms):            skipped
[113.097s][debug][gc,phases,ref     ] GC(2577)         Total (ms):               skipped
[113.097s][debug][gc,phases,ref     ] GC(2577)       Notify and keep alive finalizable: 0.0ms
[113.097s][debug][gc,phases,ref     ] GC(2577)         FinalRef (ms):            skipped
[113.097s][debug][gc,phases,ref     ] GC(2577)       Notify PhantomReferences: 0.0ms
[113.097s][debug][gc,phases,ref     ] GC(2577)         PhantomRef (ms):          skipped
[113.097s][debug][gc,phases,ref     ] GC(2577)       SoftReference:
[113.097s][debug][gc,phases,ref     ] GC(2577)         Discovered: 0
[113.097s][debug][gc,phases,ref     ] GC(2577)         Cleared: 0
[113.097s][debug][gc,phases,ref     ] GC(2577)       WeakReference:
[113.097s][debug][gc,phases,ref     ] GC(2577)         Discovered: 0
[113.097s][debug][gc,phases,ref     ] GC(2577)         Cleared: 0
[113.097s][debug][gc,phases,ref     ] GC(2577)       FinalReference:
[113.097s][debug][gc,phases,ref     ] GC(2577)         Discovered: 0
[113.097s][debug][gc,phases,ref     ] GC(2577)         Cleared: 0
[113.097s][debug][gc,phases,ref     ] GC(2577)       PhantomReference:
[113.097s][debug][gc,phases,ref     ] GC(2577)         Discovered: 0
[113.097s][debug][gc,phases,ref     ] GC(2577)         Cleared: 0
[113.097s][debug][gc,phases         ] GC(2577)     Weak Processing: 0.1ms
[113.097s][debug][gc,phases         ] GC(2577)       JVMTI weak processing: 0.0ms
[113.097s][debug][gc,phases         ] GC(2577)         Dead: 0
[113.097s][debug][gc,phases         ] GC(2577)         Total: 0
[113.097s][debug][gc,phases         ] GC(2577)       JFR weak processing: 0.0ms
[113.097s][debug][gc,phases         ] GC(2577)         Dead: 0
[113.097s][debug][gc,phases         ] GC(2577)         Total: 0
[113.097s][debug][gc,phases         ] GC(2577)       JNI weak                  Min:  0.0, Avg:  0.0, Max:  0.0, Diff:  0.0, Sum:  0.0, Workers: 5
[113.097s][debug][gc,phases         ] GC(2577)         Dead                      Min: 0, Avg:  0.0, Max: 0, Diff: 0, Sum: 0, Workers: 5
[113.097s][debug][gc,phases         ] GC(2577)         Total                     Min: 0, Avg: 20.4, Max: 62, Diff: 62, Sum: 102, Workers: 5
[113.097s][debug][gc,phases         ] GC(2577)       VM weak                   Min:  0.0, Avg:  0.0, Max:  0.0, Diff:  0.0, Sum:  0.0, Workers: 5
[113.097s][debug][gc,phases         ] GC(2577)         Dead                      Min: 0, Avg:  0.0, Max: 0, Diff: 0, Sum: 0, Workers: 5
[113.097s][debug][gc,phases         ] GC(2577)         Total                     Min: 0, Avg: 42.4, Max: 128, Diff: 128, Sum: 212, Workers: 5
[113.097s][debug][gc,phases         ] GC(2577)       StringTable weak          Min:  0.0, Avg:  0.0, Max:  0.0, Diff:  0.0, Sum:  0.1, Workers: 5
[113.098s][debug][gc,phases         ] GC(2577)         Dead                      Min: 0, Avg:  0.0, Max: 0, Diff: 0, Sum: 0, Workers: 5
[113.098s][debug][gc,phases         ] GC(2577)         Total                     Min: 0, Avg: 684.6, Max: 1727, Diff: 1727, Sum: 3423, Workers: 5
[113.098s][debug][gc,phases         ] GC(2577)       ResolvedMethodTable weak  Min:  0.0, Avg:  0.0, Max:  0.0, Diff:  0.0, Sum:  0.0, Workers: 5
[113.098s][debug][gc,phases         ] GC(2577)         Dead                      Min: 0, Avg:  0.0, Max: 0, Diff: 0, Sum: 0, Workers: 5
[113.098s][debug][gc,phases         ] GC(2577)         Total                     Min: 0, Avg: 114.6, Max: 192, Diff: 192, Sum: 573, Workers: 5
[113.098s][debug][gc,phases         ] GC(2577)     Merge Per-Thread State: 0.0ms
[113.098s][debug][gc,phases         ] GC(2577)       Copied Bytes              Min: 88, Avg: 400320.0, Max: 800544, Diff: 800456, Sum: 3202560, Workers: 8
[113.098s][debug][gc,phases         ] GC(2577)       LAB Waste                 Min: 0, Avg:  0.0, Max: 0, Diff: 0, Sum: 0, Workers: 8
[113.098s][debug][gc,phases         ] GC(2577)       LAB Undo Waste            Min: 0, Avg:  0.0, Max: 0, Diff: 0, Sum: 0, Workers: 8
[113.098s][debug][gc,phases         ] GC(2577)     Code Roots Purge: 0.0ms
[113.098s][debug][gc,phases         ] GC(2577)     Redirty Cards: 0.0ms
[113.098s][debug][gc,phases         ] GC(2577)     DerivedPointerTable Update: 0.0ms
[113.098s][debug][gc,phases         ] GC(2577)     Free Collection Set: 0.2ms
[113.098s][debug][gc,phases         ] GC(2577)     Rebuild Free List: 0.1ms
[113.098s][debug][gc,phases         ] GC(2577)     Humongous Reclaim: 0.0ms
[113.098s][debug][gc,phases         ] GC(2577)     Start New Collection Set: 0.0ms
[113.098s][debug][gc,phases         ] GC(2577)     Resize TLABs: 0.0ms
[113.098s][debug][gc,phases         ] GC(2577)     Expand Heap After Collection: 0.0ms
[113.098s][info ][gc,phases         ] GC(2577)   Other: 0.3ms
[113.098s][info ][gc,heap           ] GC(2577) Eden regions: 771->0(771)
[113.098s][info ][gc,heap           ] GC(2577) Survivor regions: 4->4(97)
[113.098s][info ][gc,heap           ] GC(2577) Old regions: 18->18
[113.098s][info ][gc,heap           ] GC(2577) Archive regions: 2->2
[113.098s][info ][gc,heap           ] GC(2577) Humongous regions: 0->0
[113.098s][info ][gc,metaspace      ] GC(2577) Metaspace: 10016K(10624K)->10016K(10624K) NonClass: 8864K(9216K)->8864K(9216K) Class: 1152K(1408K)->1152K(1408K)
[113.098s][debug][gc,heap           ] GC(2577) Heap after GC invocations=2578 (full 1): garbage-first heap   total 1324032K, used 22555K [0x0000000700000000, 0x0000000800000000)
[113.098s][debug][gc,heap           ] GC(2577)   region size 1024K, 4 young (4096K), 4 survivors (4096K)
[113.098s][debug][gc,heap           ] GC(2577)  Metaspace       used 10016K, capacity 10304K, committed 10624K, reserved 1058816K
[113.098s][debug][gc,heap           ] GC(2577)   class space    used 1152K, capacity 1266K, committed 1408K, reserved 1048576K
[113.098s][info ][gc                ] GC(2577) Pause Young (Normal) (G1 Evacuation Pause) 792M->22M(1293M) 2.162ms
[113.098s][info ][gc,cpu            ] GC(2577) User=0.01s Sys=0.00s Real=0.00s
[113.098s][info ][safepoint         ] Safepoint "G1CollectForAllocation", Time since last: 40656553 ns, Reaching safepoint: 170183 ns, At safepoint: 2326944 ns, Total: 2497127 ns
[113.137s][debug][gc,heap           ] GC(2578) Heap before GC invocations=2578 (full 1): garbage-first heap   total 1324032K, used 811035K [0x0000000700000000, 0x0000000800000000)
[113.137s][debug][gc,heap           ] GC(2578)   region size 1024K, 775 young (793600K), 4 survivors (4096K)
[113.137s][debug][gc,heap           ] GC(2578)  Metaspace       used 10016K, capacity 10304K, committed 10624K, reserved 1058816K
[113.137s][debug][gc,heap           ] GC(2578)   class space    used 1152K, capacity 1266K, committed 1408K, reserved 1048576K
[113.137s][info ][gc,start          ] GC(2578) Pause Young (Normal) (G1 Evacuation Pause)
[113.137s][info ][gc,task           ] GC(2578) Using 8 workers of 8 for evacuation
[113.137s][debug][gc,tlab           ] GC(2578) TLAB totals: thrds: 8  refills: 10 max: 2 slow allocs: 1539 max 217 waste: 47.9% gc: 1234216B max: 236304B slow: 27744B max: 14304B fast: 0B max: 0B
[113.137s][debug][gc,age            ] GC(2578) Desired survivor size 50855936 bytes, new threshold 15 (max threshold 15)
[113.137s][debug][gc,alloc,region   ] GC(2578) Mutator Allocation stats, regions: 771, wasted size: 180M (23.4%)
[113.137s][debug][gc,ergo           ] GC(2578) Running G1 Merge Heap Roots using 8 workers for 775 regions
[113.138s][debug][gc,remset         ] GC(2578) Visited cards 256 Total dirty 2048 (12.50%) Total old 3215360 (0.01%)
[113.138s][debug][gc,ergo           ] GC(2578) Running G1 Clear Card Table Task using 2 workers for 2 units of work for 776 regions.
[113.138s][debug][gc,ref            ] GC(2578) Skipped phase1 of Reference Processing due to unavailable references
[113.138s][debug][gc,ref            ] GC(2578) Skipped phase2 of Reference Processing due to unavailable references
[113.138s][debug][gc,ref            ] GC(2578) Skipped phase3 of Reference Processing due to unavailable references
[113.138s][debug][gc,ref            ] GC(2578) Skipped phase4 of Reference Processing due to unavailable references
[113.138s][debug][gc,ergo           ] GC(2578) Running G1 Free Collection Set using 8 workers for collection set length 775 (1293)
[113.138s][debug][gc,ergo           ] GC(2578) Running G1 Rebuild Free List Task using 8 workers for rebuilding free list of 0 (4096) regions
[113.138s][trace][gc,age            ] GC(2578) Age table with threshold 15 (max threshold 15)
[113.138s][trace][gc,age            ] GC(2578) - age   1:    2402528 bytes,    2402528 total
[113.138s][debug][gc,plab           ] GC(2578) Young PLAB allocation: allocated: 16512B, wasted: 0B, unused: 14064B, used: 2448B, undo waste: 0B, 
[113.138s][debug][gc,plab           ] GC(2578) Young other allocation: region end waste: 484704B, regions filled: 3, direct allocated: 2400080B, failure used: 0B, failure wasted: 0B
[113.138s][debug][gc,plab           ] GC(2578) Young sizing: calculated: 0B, actual: 2064B
[113.138s][debug][gc,plab           ] GC(2578) Old PLAB allocation: allocated: 0B, wasted: 0B, unused: 0B, used: 0B, undo waste: 0B, 
[113.138s][debug][gc,plab           ] GC(2578) Old other allocation: region end waste: 0B, regions filled: 1, direct allocated: 0B, failure used: 0B, failure wasted: 0B
[113.138s][debug][gc,plab           ] GC(2578) Old sizing: calculated: 0B, actual: 2064B
[113.138s][debug][gc,ihop           ] GC(2578) Basic information (value update), threshold: 610113945B (45.00), target occupancy: 1355808768B, current occupancy: 22048560B, recent allocation size: 0B, recent allocation duration: 40.22ms, recent old gen allocation rate: 0.00B/s, recent marking phase length: 30.68ms
[113.138s][debug][gc,ihop           ] GC(2578) Adaptive IHOP information (value update), threshold: 610113945B (47.37), internal target occupancy: 1288018329B, occupancy: 22048560B, additional buffer size: 812646400B, predicted old gen allocation rate: 11.39B/s, predicted marking phase length: 61.36ms, prediction active: false
[113.138s][debug][gc,ergo,refine    ] GC(2578) Concurrent refinement times: Logged Cards Scan time goal: 20.00ms Logged Cards Scan time: 0.00ms HCC time: 0.00ms
[113.138s][debug][gc,ergo,refine    ] GC(2578) Updated Refinement Zones: green: 2048, yellow: 6144, red: 10240
[113.138s][info ][gc,phases         ] GC(2578)   Pre Evacuate Collection Set: 0.1ms
[113.138s][debug][gc,phases         ] GC(2578)     Prepare TLABs: 0.0ms
[113.138s][debug][gc,phases         ] GC(2578)     Choose Collection Set: 0.0ms
[113.138s][debug][gc,phases         ] GC(2578)     Region Register: 0.1ms
[113.138s][debug][gc,phases         ] GC(2578)     Prepare Heap Roots: 0.0ms
[113.138s][info ][gc,phases         ] GC(2578)   Merge Heap Roots: 0.1ms
[113.138s][debug][gc,phases         ] GC(2578)     Prepare Merge Heap Roots: 0.0ms
[113.138s][debug][gc,phases         ] GC(2578)     Eager Reclaim (ms):       skipped
[113.139s][debug][gc,phases         ] GC(2578)     Remembered Sets (ms):     Min:  0.0, Avg:  0.0, Max:  0.1, Diff:  0.0, Sum:  0.3, Workers: 8
[113.139s][debug][gc,phases         ] GC(2578)       Merged Sparse:            Min: 0, Avg:  0.0, Max: 0, Diff: 0, Sum: 0, Workers: 8
[113.139s][debug][gc,phases         ] GC(2578)       Merged Fine:              Min: 0, Avg:  0.0, Max: 0, Diff: 0, Sum: 0, Workers: 8
[113.139s][debug][gc,phases         ] GC(2578)       Merged Coarse:            Min: 0, Avg:  0.0, Max: 0, Diff: 0, Sum: 0, Workers: 8
[113.139s][debug][gc,phases         ] GC(2578)       Dirty Cards:              Min: 0, Avg:  0.0, Max: 0, Diff: 0, Sum: 0, Workers: 8
[113.139s][debug][gc,phases         ] GC(2578)     Hot Card Cache (ms):      Min:  0.0, Avg:  0.0, Max:  0.0, Diff:  0.0, Sum:  0.0, Workers: 8
[113.139s][debug][gc,phases         ] GC(2578)       Dirty Cards:              Min: 0, Avg:  0.0, Max: 0, Diff: 0, Sum: 0, Workers: 8
[113.139s][debug][gc,phases         ] GC(2578)       Skipped Cards:            Min: 0, Avg:  0.0, Max: 0, Diff: 0, Sum: 0, Workers: 8
[113.139s][debug][gc,phases         ] GC(2578)     Log Buffers (ms):         Min:  0.0, Avg:  0.0, Max:  0.0, Diff:  0.0, Sum:  0.0, Workers: 8
[113.139s][debug][gc,phases         ] GC(2578)       Dirty Cards:              Min: 0, Avg:  0.1, Max: 1, Diff: 1, Sum: 1, Workers: 8
[113.139s][debug][gc,phases         ] GC(2578)       Skipped Cards:            Min: 0, Avg:  0.0, Max: 0, Diff: 0, Sum: 0, Workers: 8
[113.139s][info ][gc,phases         ] GC(2578)   Evacuate Collection Set: 0.3ms
[113.139s][debug][gc,phases         ] GC(2578)     Ext Root Scanning (ms):   Min:  0.0, Avg:  0.1, Max:  0.2, Diff:  0.2, Sum:  0.9, Workers: 8
[113.139s][debug][gc,phases         ] GC(2578)     Scan Heap Roots (ms):     Min:  0.0, Avg:  0.0, Max:  0.0, Diff:  0.0, Sum:  0.0, Workers: 8
[113.139s][debug][gc,phases         ] GC(2578)       Scanned Cards:            Min: 0, Avg:  0.1, Max: 1, Diff: 1, Sum: 1, Workers: 8
[113.139s][debug][gc,phases         ] GC(2578)       Scanned Blocks:           Min: 0, Avg:  0.1, Max: 1, Diff: 1, Sum: 1, Workers: 8
[113.139s][debug][gc,phases         ] GC(2578)       Claimed Chunks:           Min: 0, Avg:  0.1, Max: 1, Diff: 1, Sum: 1, Workers: 8
[113.139s][debug][gc,phases         ] GC(2578)     Code Root Scan (ms):      Min:  0.0, Avg:  0.0, Max:  0.0, Diff:  0.0, Sum:  0.1, Workers: 8
[113.139s][debug][gc,phases         ] GC(2578)     Object Copy (ms):         Min:  0.0, Avg:  0.0, Max:  0.0, Diff:  0.0, Sum:  0.0, Workers: 8
[113.139s][debug][gc,phases         ] GC(2578)     Termination (ms):         Min:  0.0, Avg:  0.1, Max:  0.1, Diff:  0.1, Sum:  0.7, Workers: 8
[113.139s][debug][gc,phases         ] GC(2578)       Termination Attempts:     Min: 1, Avg:  1.1, Max: 2, Diff: 1, Sum: 9, Workers: 8
[113.139s][debug][gc,phases         ] GC(2578)     GC Worker Other (ms):     Min:  0.0, Avg:  0.0, Max:  0.1, Diff:  0.1, Sum:  0.3, Workers: 8
[113.139s][debug][gc,phases         ] GC(2578)     GC Worker Total (ms):     Min:  0.2, Avg:  0.3, Max:  0.3, Diff:  0.1, Sum:  2.0, Workers: 8
[113.139s][info ][gc,phases         ] GC(2578)   Post Evacuate Collection Set: 0.5ms
[113.139s][debug][gc,phases         ] GC(2578)     Code Roots Fixup: 0.0ms
[113.139s][debug][gc,phases         ] GC(2578)     Clear Card Table: 0.1ms
[113.139s][debug][gc,phases         ] GC(2578)     Reference Processing: 0.0ms
[113.139s][debug][gc,phases,ref     ] GC(2578)       Reconsider SoftReferences: 0.0ms
[113.139s][debug][gc,phases,ref     ] GC(2578)         SoftRef (ms):             skipped
[113.139s][debug][gc,phases,ref     ] GC(2578)       Notify Soft/WeakReferences: 0.0ms
[113.139s][debug][gc,phases,ref     ] GC(2578)         SoftRef (ms):             skipped
[113.139s][debug][gc,phases,ref     ] GC(2578)         WeakRef (ms):             skipped
[113.139s][debug][gc,phases,ref     ] GC(2578)         FinalRef (ms):            skipped
[113.139s][debug][gc,phases,ref     ] GC(2578)         Total (ms):               skipped
[113.139s][debug][gc,phases,ref     ] GC(2578)       Notify and keep alive finalizable: 0.0ms
[113.139s][debug][gc,phases,ref     ] GC(2578)         FinalRef (ms):            skipped
[113.139s][debug][gc,phases,ref     ] GC(2578)       Notify PhantomReferences: 0.0ms
[113.139s][debug][gc,phases,ref     ] GC(2578)         PhantomRef (ms):          skipped
[113.139s][debug][gc,phases,ref     ] GC(2578)       SoftReference:
[113.139s][debug][gc,phases,ref     ] GC(2578)         Discovered: 0
[113.139s][debug][gc,phases,ref     ] GC(2578)         Cleared: 0
[113.139s][debug][gc,phases,ref     ] GC(2578)       WeakReference:
[113.139s][debug][gc,phases,ref     ] GC(2578)         Discovered: 0
[113.139s][debug][gc,phases,ref     ] GC(2578)         Cleared: 0
[113.139s][debug][gc,phases,ref     ] GC(2578)       FinalReference:
[113.139s][debug][gc,phases,ref     ] GC(2578)         Discovered: 0
[113.139s][debug][gc,phases,ref     ] GC(2578)         Cleared: 0
[113.139s][debug][gc,phases,ref     ] GC(2578)       PhantomReference:
[113.139s][debug][gc,phases,ref     ] GC(2578)         Discovered: 0
[113.139s][debug][gc,phases,ref     ] GC(2578)         Cleared: 0
[113.139s][debug][gc,phases         ] GC(2578)     Weak Processing: 0.1ms
[113.139s][debug][gc,phases         ] GC(2578)       JVMTI weak processing: 0.0ms
[113.139s][debug][gc,phases         ] GC(2578)         Dead: 0
[113.139s][debug][gc,phases         ] GC(2578)         Total: 0
[113.139s][debug][gc,phases         ] GC(2578)       JFR weak processing: 0.0ms
[113.139s][debug][gc,phases         ] GC(2578)         Dead: 0
[113.139s][debug][gc,phases         ] GC(2578)         Total: 0
[113.139s][debug][gc,phases         ] GC(2578)       JNI weak                  Min:  0.0, Avg:  0.0, Max:  0.0, Diff:  0.0, Sum:  0.0, Workers: 5
[113.139s][debug][gc,phases         ] GC(2578)         Dead                      Min: 0, Avg:  0.0, Max: 0, Diff: 0, Sum: 0, Workers: 5
[113.139s][debug][gc,phases         ] GC(2578)         Total                     Min: 0, Avg: 20.4, Max: 102, Diff: 102, Sum: 102, Workers: 5
[113.139s][debug][gc,phases         ] GC(2578)       VM weak                   Min:  0.0, Avg:  0.0, Max:  0.0, Diff:  0.0, Sum:  0.0, Workers: 5
[113.139s][debug][gc,phases         ] GC(2578)         Dead                      Min: 0, Avg:  0.0, Max: 0, Diff: 0, Sum: 0, Workers: 5
[113.139s][debug][gc,phases         ] GC(2578)         Total                     Min: 0, Avg: 42.4, Max: 212, Diff: 212, Sum: 212, Workers: 5
[113.139s][debug][gc,phases         ] GC(2578)       StringTable weak          Min:  0.0, Avg:  0.0, Max:  0.0, Diff:  0.0, Sum:  0.0, Workers: 5
[113.139s][debug][gc,phases         ] GC(2578)         Dead                      Min: 0, Avg:  0.0, Max: 0, Diff: 0, Sum: 0, Workers: 5
[113.139s][debug][gc,phases         ] GC(2578)         Total                     Min: 0, Avg: 684.6, Max: 3423, Diff: 3423, Sum: 3423, Workers: 5
[113.139s][debug][gc,phases         ] GC(2578)       ResolvedMethodTable weak  Min:  0.0, Avg:  0.0, Max:  0.0, Diff:  0.0, Sum:  0.0, Workers: 5
[113.139s][debug][gc,phases         ] GC(2578)         Dead                      Min: 0, Avg:  0.0, Max: 0, Diff: 0, Sum: 0, Workers: 5
[113.139s][debug][gc,phases         ] GC(2578)         Total                     Min: 0, Avg: 114.6, Max: 573, Diff: 573, Sum: 573, Workers: 5
[113.139s][debug][gc,phases         ] GC(2578)     Merge Per-Thread State: 0.0ms
[113.139s][debug][gc,phases         ] GC(2578)       Copied Bytes              Min: 64, Avg: 300316.0, Max: 800320, Diff: 800256, Sum: 2402528, Workers: 8
[113.139s][debug][gc,phases         ] GC(2578)       LAB Waste                 Min: 0, Avg:  0.0, Max: 0, Diff: 0, Sum: 0, Workers: 8
[113.139s][debug][gc,phases         ] GC(2578)       LAB Undo Waste            Min: 0, Avg:  0.0, Max: 0, Diff: 0, Sum: 0, Workers: 8
[113.139s][debug][gc,phases         ] GC(2578)     Code Roots Purge: 0.0ms
[113.139s][debug][gc,phases         ] GC(2578)     Redirty Cards: 0.0ms
[113.139s][debug][gc,phases         ] GC(2578)     DerivedPointerTable Update: 0.0ms
[113.139s][debug][gc,phases         ] GC(2578)     Free Collection Set: 0.2ms
[113.139s][debug][gc,phases         ] GC(2578)     Rebuild Free List: 0.1ms
[113.139s][debug][gc,phases         ] GC(2578)     Humongous Reclaim: 0.0ms
[113.139s][debug][gc,phases         ] GC(2578)     Start New Collection Set: 0.0ms
[113.139s][debug][gc,phases         ] GC(2578)     Resize TLABs: 0.0ms
[113.139s][debug][gc,phases         ] GC(2578)     Expand Heap After Collection: 0.0ms
[113.139s][info ][gc,phases         ] GC(2578)   Other: 0.3ms
[113.139s][info ][gc,heap           ] GC(2578) Eden regions: 771->0(772)
[113.139s][info ][gc,heap           ] GC(2578) Survivor regions: 4->3(97)
[113.139s][info ][gc,heap           ] GC(2578) Old regions: 18->18
[113.139s][info ][gc,heap           ] GC(2578) Archive regions: 2->2
[113.139s][info ][gc,heap           ] GC(2578) Humongous regions: 0->0
[113.139s][info ][gc,metaspace      ] GC(2578) Metaspace: 10016K(10624K)->10016K(10624K) NonClass: 8864K(9216K)->8864K(9216K) Class: 1152K(1408K)->1152K(1408K)
[113.139s][debug][gc,heap           ] GC(2578) Heap after GC invocations=2579 (full 1): garbage-first heap   total 1324032K, used 21531K [0x0000000700000000, 0x0000000800000000)
[113.139s][debug][gc,heap           ] GC(2578)   region size 1024K, 3 young (3072K), 3 survivors (3072K)
[113.139s][debug][gc,heap           ] GC(2578)  Metaspace       used 10016K, capacity 10304K, committed 10624K, reserved 1058816K
[113.139s][debug][gc,heap           ] GC(2578)   class space    used 1152K, capacity 1266K, committed 1408K, reserved 1048576K
[113.139s][info ][gc                ] GC(2578) Pause Young (Normal) (G1 Evacuation Pause) 792M->21M(1293M) 1.926ms
[113.139s][info ][gc,cpu            ] GC(2578) User=0.00s Sys=0.00s Real=0.00s
[113.139s][info ][safepoint         ] Safepoint "G1CollectForAllocation", Time since last: 39109686 ns, Reaching safepoint: 188947 ns, At safepoint: 2092533 ns, Total: 2281480 ns
[113.178s][debug][gc,heap           ] GC(2579) Heap before GC invocations=2579 (full 1): garbage-first heap   total 1324032K, used 811035K [0x0000000700000000, 0x0000000800000000)
[113.178s][debug][gc,heap           ] GC(2579)   region size 1024K, 775 young (793600K), 3 survivors (3072K)
[113.178s][debug][gc,heap           ] GC(2579)  Metaspace       used 10016K, capacity 10304K, committed 10624K, reserved 1058816K
[113.178s][debug][gc,heap           ] GC(2579)   class space    used 1152K, capacity 1266K, committed 1408K, reserved 1048576K
[113.178s][info ][gc,start          ] GC(2579) Pause Young (Normal) (G1 Evacuation Pause)
[113.178s][info ][gc,task           ] GC(2579) Using 8 workers of 8 for evacuation
[113.178s][debug][gc,tlab           ] GC(2579) TLAB totals: thrds: 8  refills: 12 max: 2 slow allocs: 1536 max 204 waste: 39.0% gc: 1331152B max: 246432B slow: 56040B max: 14304B fast: 0B max: 0B
[113.178s][debug][gc,age            ] GC(2579) Desired survivor size 50855936 bytes, new threshold 15 (max threshold 15)
[113.178s][debug][gc,alloc,region   ] GC(2579) Mutator Allocation stats, regions: 772, wasted size: 180M (23.4%)
[113.178s][debug][gc,ergo           ] GC(2579) Running G1 Merge Heap Roots using 8 workers for 775 regions
[113.178s][debug][gc,remset         ] GC(2579) Visited cards 256 Total dirty 2048 (12.50%) Total old 3215360 (0.01%)
[113.178s][debug][gc,ergo           ] GC(2579) Running G1 Clear Card Table Task using 2 workers for 2 units of work for 776 regions.
[113.179s][debug][gc,ref            ] GC(2579) Skipped phase1 of Reference Processing due to unavailable references
[113.179s][debug][gc,ref            ] GC(2579) Skipped phase2 of Reference Processing due to unavailable references
[113.179s][debug][gc,ref            ] GC(2579) Skipped phase3 of Reference Processing due to unavailable references
[113.179s][debug][gc,ref            ] GC(2579) Skipped phase4 of Reference Processing due to unavailable references
[113.179s][debug][gc,ergo           ] GC(2579) Running G1 Free Collection Set using 8 workers for collection set length 775 (1293)
[113.179s][debug][gc,ergo           ] GC(2579) Running G1 Rebuild Free List Task using 8 workers for rebuilding free list of 0 (4096) regions
[113.179s][trace][gc,age            ] GC(2579) Age table with threshold 15 (max threshold 15)
[113.179s][trace][gc,age            ] GC(2579) - age   1:    4002584 bytes,    4002584 total
[113.179s][debug][gc,plab           ] GC(2579) Young PLAB allocation: allocated: 16512B, wasted: 0B, unused: 14064B, used: 2448B, undo waste: 0B, 
[113.179s][debug][gc,plab           ] GC(2579) Young other allocation: region end waste: 983864B, regions filled: 5, direct allocated: 4000136B, failure used: 0B, failure wasted: 0B
[113.179s][debug][gc,plab           ] GC(2579) Young sizing: calculated: 0B, actual: 2064B
[113.179s][debug][gc,plab           ] GC(2579) Old PLAB allocation: allocated: 0B, wasted: 0B, unused: 0B, used: 0B, undo waste: 0B, 
[113.179s][debug][gc,plab           ] GC(2579) Old other allocation: region end waste: 0B, regions filled: 1, direct allocated: 0B, failure used: 0B, failure wasted: 0B
[113.179s][debug][gc,plab           ] GC(2579) Old sizing: calculated: 0B, actual: 2064B
[113.179s][debug][gc,ihop           ] GC(2579) Basic information (value update), threshold: 610113945B (45.00), target occupancy: 1355808768B, current occupancy: 24147776B, recent allocation size: 0B, recent allocation duration: 39.23ms, recent old gen allocation rate: 0.00B/s, recent marking phase length: 30.68ms
[113.179s][debug][gc,ihop           ] GC(2579) Adaptive IHOP information (value update), threshold: 610113945B (47.37), internal target occupancy: 1288018329B, occupancy: 24147776B, additional buffer size: 812646400B, predicted old gen allocation rate: 11.10B/s, predicted marking phase length: 61.36ms, prediction active: false
[113.179s][debug][gc,ergo,refine    ] GC(2579) Concurrent refinement times: Logged Cards Scan time goal: 20.00ms Logged Cards Scan time: 0.00ms HCC time: 0.00ms
[113.179s][debug][gc,ergo,refine    ] GC(2579) Updated Refinement Zones: green: 2048, yellow: 6144, red: 10240
[113.179s][info ][gc,phases         ] GC(2579)   Pre Evacuate Collection Set: 0.1ms
[113.179s][debug][gc,phases         ] GC(2579)     Prepare TLABs: 0.0ms
[113.179s][debug][gc,phases         ] GC(2579)     Choose Collection Set: 0.0ms
[113.179s][debug][gc,phases         ] GC(2579)     Region Register: 0.1ms
[113.179s][debug][gc,phases         ] GC(2579)     Prepare Heap Roots: 0.0ms
[113.179s][info ][gc,phases         ] GC(2579)   Merge Heap Roots: 0.1ms
[113.179s][debug][gc,phases         ] GC(2579)     Prepare Merge Heap Roots: 0.0ms
[113.179s][debug][gc,phases         ] GC(2579)     Eager Reclaim (ms):       skipped
[113.179s][debug][gc,phases         ] GC(2579)     Remembered Sets (ms):     Min:  0.0, Avg:  0.0, Max:  0.0, Diff:  0.0, Sum:  0.3, Workers: 8
[113.179s][debug][gc,phases         ] GC(2579)       Merged Sparse:            Min: 0, Avg:  0.0, Max: 0, Diff: 0, Sum: 0, Workers: 8
[113.179s][debug][gc,phases         ] GC(2579)       Merged Fine:              Min: 0, Avg:  0.0, Max: 0, Diff: 0, Sum: 0, Workers: 8
[113.179s][debug][gc,phases         ] GC(2579)       Merged Coarse:            Min: 0, Avg:  0.0, Max: 0, Diff: 0, Sum: 0, Workers: 8
[113.179s][debug][gc,phases         ] GC(2579)       Dirty Cards:              Min: 0, Avg:  0.0, Max: 0, Diff: 0, Sum: 0, Workers: 8
[113.179s][debug][gc,phases         ] GC(2579)     Hot Card Cache (ms):      Min:  0.0, Avg:  0.0, Max:  0.0, Diff:  0.0, Sum:  0.0, Workers: 8
[113.179s][debug][gc,phases         ] GC(2579)       Dirty Cards:              Min: 0, Avg:  0.0, Max: 0, Diff: 0, Sum: 0, Workers: 8
[113.179s][debug][gc,phases         ] GC(2579)       Skipped Cards:            Min: 0, Avg:  0.0, Max: 0, Diff: 0, Sum: 0, Workers: 8
[113.179s][debug][gc,phases         ] GC(2579)     Log Buffers (ms):         Min:  0.0, Avg:  0.0, Max:  0.0, Diff:  0.0, Sum:  0.0, Workers: 8
[113.179s][debug][gc,phases         ] GC(2579)       Dirty Cards:              Min: 0, Avg:  0.1, Max: 1, Diff: 1, Sum: 1, Workers: 8
[113.179s][debug][gc,phases         ] GC(2579)       Skipped Cards:            Min: 0, Avg:  0.0, Max: 0, Diff: 0, Sum: 0, Workers: 8
[113.179s][info ][gc,phases         ] GC(2579)   Evacuate Collection Set: 0.5ms
[113.179s][debug][gc,phases         ] GC(2579)     Ext Root Scanning (ms):   Min:  0.2, Avg:  0.3, Max:  0.4, Diff:  0.2, Sum:  2.2, Workers: 8
[113.179s][debug][gc,phases         ] GC(2579)     Scan Heap Roots (ms):     Min:  0.0, Avg:  0.0, Max:  0.0, Diff:  0.0, Sum:  0.0, Workers: 8
[113.179s][debug][gc,phases         ] GC(2579)       Scanned Cards:            Min: 0, Avg:  0.1, Max: 1, Diff: 1, Sum: 1, Workers: 8
[113.179s][debug][gc,phases         ] GC(2579)       Scanned Blocks:           Min: 0, Avg:  0.1, Max: 1, Diff: 1, Sum: 1, Workers: 8
[113.179s][debug][gc,phases         ] GC(2579)       Claimed Chunks:           Min: 0, Avg:  0.1, Max: 1, Diff: 1, Sum: 1, Workers: 8
[113.179s][debug][gc,phases         ] GC(2579)     Code Root Scan (ms):      Min:  0.0, Avg:  0.0, Max:  0.0, Diff:  0.0, Sum:  0.1, Workers: 8
[113.179s][debug][gc,phases         ] GC(2579)     Object Copy (ms):         Min:  0.0, Avg:  0.0, Max:  0.0, Diff:  0.0, Sum:  0.0, Workers: 8
[113.179s][debug][gc,phases         ] GC(2579)     Termination (ms):         Min:  0.0, Avg:  0.1, Max:  0.1, Diff:  0.1, Sum:  0.7, Workers: 8
[113.179s][debug][gc,phases         ] GC(2579)       Termination Attempts:     Min: 1, Avg:  1.2, Max: 2, Diff: 1, Sum: 10, Workers: 8
[113.179s][debug][gc,phases         ] GC(2579)     GC Worker Other (ms):     Min:  0.0, Avg:  0.0, Max:  0.1, Diff:  0.1, Sum:  0.3, Workers: 8
[113.179s][debug][gc,phases         ] GC(2579)     GC Worker Total (ms):     Min:  0.4, Avg:  0.4, Max:  0.4, Diff:  0.0, Sum:  3.5, Workers: 8
[113.179s][info ][gc,phases         ] GC(2579)   Post Evacuate Collection Set: 0.5ms
[113.179s][debug][gc,phases         ] GC(2579)     Code Roots Fixup: 0.0ms
[113.179s][debug][gc,phases         ] GC(2579)     Clear Card Table: 0.2ms
[113.179s][debug][gc,phases         ] GC(2579)     Reference Processing: 0.0ms
[113.179s][debug][gc,phases,ref     ] GC(2579)       Reconsider SoftReferences: 0.0ms
[113.179s][debug][gc,phases,ref     ] GC(2579)         SoftRef (ms):             skipped
[113.179s][debug][gc,phases,ref     ] GC(2579)       Notify Soft/WeakReferences: 0.0ms
[113.179s][debug][gc,phases,ref     ] GC(2579)         SoftRef (ms):             skipped
[113.179s][debug][gc,phases,ref     ] GC(2579)         WeakRef (ms):             skipped
[113.179s][debug][gc,phases,ref     ] GC(2579)         FinalRef (ms):            skipped
[113.179s][debug][gc,phases,ref     ] GC(2579)         Total (ms):               skipped
[113.179s][debug][gc,phases,ref     ] GC(2579)       Notify and keep alive finalizable: 0.0ms
[113.179s][debug][gc,phases,ref     ] GC(2579)         FinalRef (ms):            skipped
[113.179s][debug][gc,phases,ref     ] GC(2579)       Notify PhantomReferences: 0.0ms
[113.179s][debug][gc,phases,ref     ] GC(2579)         PhantomRef (ms):          skipped
[113.179s][debug][gc,phases,ref     ] GC(2579)       SoftReference:
[113.179s][debug][gc,phases,ref     ] GC(2579)         Discovered: 0
[113.179s][debug][gc,phases,ref     ] GC(2579)         Cleared: 0
[113.179s][debug][gc,phases,ref     ] GC(2579)       WeakReference:
[113.179s][debug][gc,phases,ref     ] GC(2579)         Discovered: 0
[113.179s][debug][gc,phases,ref     ] GC(2579)         Cleared: 0
[113.179s][debug][gc,phases,ref     ] GC(2579)       FinalReference:
[113.179s][debug][gc,phases,ref     ] GC(2579)         Discovered: 0
[113.179s][debug][gc,phases,ref     ] GC(2579)         Cleared: 0
[113.179s][debug][gc,phases,ref     ] GC(2579)       PhantomReference:
[113.179s][debug][gc,phases,ref     ] GC(2579)         Discovered: 0
[113.179s][debug][gc,phases,ref     ] GC(2579)         Cleared: 0
[113.179s][debug][gc,phases         ] GC(2579)     Weak Processing: 0.0ms
[113.179s][debug][gc,phases         ] GC(2579)       JVMTI weak processing: 0.0ms
[113.179s][debug][gc,phases         ] GC(2579)         Dead: 0
[113.179s][debug][gc,phases         ] GC(2579)         Total: 0
[113.179s][debug][gc,phases         ] GC(2579)       JFR weak processing: 0.0ms
[113.179s][debug][gc,phases         ] GC(2579)         Dead: 0
[113.179s][debug][gc,phases         ] GC(2579)         Total: 0
[113.179s][debug][gc,phases         ] GC(2579)       JNI weak                  Min:  0.0, Avg:  0.0, Max:  0.0, Diff:  0.0, Sum:  0.0, Workers: 5
[113.179s][debug][gc,phases         ] GC(2579)         Dead                      Min: 0, Avg:  0.0, Max: 0, Diff: 0, Sum: 0, Workers: 5
[113.179s][debug][gc,phases         ] GC(2579)         Total                     Min: 0, Avg: 20.4, Max: 62, Diff: 62, Sum: 102, Workers: 5
[113.179s][debug][gc,phases         ] GC(2579)       VM weak                   Min:  0.0, Avg:  0.0, Max:  0.0, Diff:  0.0, Sum:  0.0, Workers: 5
[113.179s][debug][gc,phases         ] GC(2579)         Dead                      Min: 0, Avg:  0.0, Max: 0, Diff: 0, Sum: 0, Workers: 5
[113.179s][debug][gc,phases         ] GC(2579)         Total                     Min: 0, Avg: 42.4, Max: 84, Diff: 84, Sum: 212, Workers: 5
[113.180s][debug][gc,phases         ] GC(2579)       StringTable weak          Min:  0.0, Avg:  0.0, Max:  0.0, Diff:  0.0, Sum:  0.0, Workers: 5
[113.180s][debug][gc,phases         ] GC(2579)         Dead                      Min: 0, Avg:  0.0, Max: 0, Diff: 0, Sum: 0, Workers: 5
[113.180s][debug][gc,phases         ] GC(2579)         Total                     Min: 0, Avg: 684.6, Max: 1024, Diff: 1024, Sum: 3423, Workers: 5
[113.180s][debug][gc,phases         ] GC(2579)       ResolvedMethodTable weak  Min:  0.0, Avg:  0.0, Max:  0.0, Diff:  0.0, Sum:  0.0, Workers: 5
[113.180s][debug][gc,phases         ] GC(2579)         Dead                      Min: 0, Avg:  0.0, Max: 0, Diff: 0, Sum: 0, Workers: 5
[113.180s][debug][gc,phases         ] GC(2579)         Total                     Min: 0, Avg: 114.6, Max: 192, Diff: 192, Sum: 573, Workers: 5
[113.180s][debug][gc,phases         ] GC(2579)     Merge Per-Thread State: 0.0ms
[113.180s][debug][gc,phases         ] GC(2579)       Copied Bytes              Min: 824, Avg: 500323.0, Max: 800096, Diff: 799272, Sum: 4002584, Workers: 8
[113.180s][debug][gc,phases         ] GC(2579)       LAB Waste                 Min: 0, Avg:  0.0, Max: 0, Diff: 0, Sum: 0, Workers: 8
[113.180s][debug][gc,phases         ] GC(2579)       LAB Undo Waste            Min: 0, Avg:  0.0, Max: 0, Diff: 0, Sum: 0, Workers: 8
[113.180s][debug][gc,phases         ] GC(2579)     Code Roots Purge: 0.0ms
[113.180s][debug][gc,phases         ] GC(2579)     Redirty Cards: 0.0ms
[113.180s][debug][gc,phases         ] GC(2579)     DerivedPointerTable Update: 0.0ms
[113.180s][debug][gc,phases         ] GC(2579)     Free Collection Set: 0.2ms
[113.180s][debug][gc,phases         ] GC(2579)     Rebuild Free List: 0.0ms
[113.180s][debug][gc,phases         ] GC(2579)     Humongous Reclaim: 0.0ms
[113.180s][debug][gc,phases         ] GC(2579)     Start New Collection Set: 0.0ms
[113.180s][debug][gc,phases         ] GC(2579)     Resize TLABs: 0.0ms
[113.180s][debug][gc,phases         ] GC(2579)     Expand Heap After Collection: 0.0ms
[113.180s][info ][gc,phases         ] GC(2579)   Other: 0.3ms
[113.180s][info ][gc,heap           ] GC(2579) Eden regions: 772->0(770)
[113.180s][info ][gc,heap           ] GC(2579) Survivor regions: 3->5(97)
[113.180s][info ][gc,heap           ] GC(2579) Old regions: 18->18
[113.180s][info ][gc,heap           ] GC(2579) Archive regions: 2->2
[113.180s][info ][gc,heap           ] GC(2579) Humongous regions: 0->0
[113.180s][info ][gc,metaspace      ] GC(2579) Metaspace: 10016K(10624K)->10016K(10624K) NonClass: 8864K(9216K)->8864K(9216K) Class: 1152K(1408K)->1152K(1408K)
[113.180s][debug][gc,heap           ] GC(2579) Heap after GC invocations=2580 (full 1): garbage-first heap   total 1324032K, used 23581K [0x0000000700000000, 0x0000000800000000)
[113.180s][debug][gc,heap           ] GC(2579)   region size 1024K, 5 young (5120K), 5 survivors (5120K)
[113.180s][debug][gc,heap           ] GC(2579)  Metaspace       used 10016K, capacity 10304K, committed 10624K, reserved 1058816K
[113.180s][debug][gc,heap           ] GC(2579)   class space    used 1152K, capacity 1266K, committed 1408K, reserved 1048576K
[113.180s][info ][gc                ] GC(2579) Pause Young (Normal) (G1 Evacuation Pause) 792M->23M(1293M) 2.107ms
[113.180s][info ][gc,cpu            ] GC(2579) User=0.01s Sys=0.00s Real=0.00s
[113.180s][info ][safepoint         ] Safepoint "G1CollectForAllocation", Time since last: 38185144 ns, Reaching safepoint: 158140 ns, At safepoint: 2461138 ns, Total: 2619278 ns
[113.218s][debug][gc,heap           ] GC(2580) Heap before GC invocations=2580 (full 1): garbage-first heap   total 1324032K, used 811037K [0x0000000700000000, 0x0000000800000000)
[113.218s][debug][gc,heap           ] GC(2580)   region size 1024K, 775 young (793600K), 5 survivors (5120K)
[113.218s][debug][gc,heap           ] GC(2580)  Metaspace       used 10016K, capacity 10304K, committed 10624K, reserved 1058816K
[113.218s][debug][gc,heap           ] GC(2580)   class space    used 1152K, capacity 1266K, committed 1408K, reserved 1048576K
[113.218s][info ][gc,start          ] GC(2580) Pause Young (Normal) (G1 Evacuation Pause)
[113.218s][info ][gc,task           ] GC(2580) Using 8 workers of 8 for evacuation
[113.218s][debug][gc,tlab           ] GC(2580) TLAB totals: thrds: 8  refills: 15 max: 3 slow allocs: 1532 max 225 waste: 35.1% gc: 1334528B max: 246016B slow: 59120B max: 15488B fast: 0B max: 0B
[113.218s][debug][gc,age            ] GC(2580) Desired survivor size 50855936 bytes, new threshold 15 (max threshold 15)
[113.218s][debug][gc,alloc,region   ] GC(2580) Mutator Allocation stats, regions: 770, wasted size: 180M (23.4%)
[113.218s][debug][gc,ergo           ] GC(2580) Running G1 Merge Heap Roots using 8 workers for 775 regions
[113.218s][debug][gc,remset         ] GC(2580) Visited cards 512 Total dirty 4096 (12.50%) Total old 3215360 (0.02%)
[113.219s][debug][gc,ergo           ] GC(2580) Running G1 Clear Card Table Task using 2 workers for 2 units of work for 777 regions.
[113.219s][debug][gc,ref            ] GC(2580) Skipped phase1 of Reference Processing due to unavailable references
[113.219s][debug][gc,ref            ] GC(2580) Skipped phase2 of Reference Processing due to unavailable references
[113.219s][debug][gc,ref            ] GC(2580) Skipped phase3 of Reference Processing due to unavailable references
[113.219s][debug][gc,ref            ] GC(2580) Skipped phase4 of Reference Processing due to unavailable references
[113.219s][debug][gc,ergo           ] GC(2580) Running G1 Free Collection Set using 8 workers for collection set length 775 (1293)
[113.219s][debug][gc,ergo           ] GC(2580) Running G1 Rebuild Free List Task using 8 workers for rebuilding free list of 0 (4096) regions
[113.219s][trace][gc,age            ] GC(2580) Age table with threshold 15 (max threshold 15)
[113.219s][trace][gc,age            ] GC(2580) - age   1:    3202560 bytes,    3202560 total
[113.219s][debug][gc,plab           ] GC(2580) Young PLAB allocation: allocated: 16512B, wasted: 0B, unused: 14064B, used: 2448B, undo waste: 0B, 
[113.219s][debug][gc,plab           ] GC(2580) Young other allocation: region end waste: 733248B, regions filled: 4, direct allocated: 3200112B, failure used: 0B, failure wasted: 0B
[113.219s][debug][gc,plab           ] GC(2580) Young sizing: calculated: 0B, actual: 2064B
[113.219s][debug][gc,plab           ] GC(2580) Old PLAB allocation: allocated: 0B, wasted: 0B, unused: 0B, used: 0B, undo waste: 0B, 
[113.219s][debug][gc,plab           ] GC(2580) Old other allocation: region end waste: 0B, regions filled: 1, direct allocated: 0B, failure used: 0B, failure wasted: 0B
[113.219s][debug][gc,plab           ] GC(2580) Old sizing: calculated: 0B, actual: 2064B
[113.219s][debug][gc,ihop           ] GC(2580) Basic information (value update), threshold: 610113945B (45.00), target occupancy: 1355808768B, current occupancy: 23097136B, recent allocation size: 0B, recent allocation duration: 39.16ms, recent old gen allocation rate: 0.00B/s, recent marking phase length: 30.68ms
[113.219s][debug][gc,ihop           ] GC(2580) Adaptive IHOP information (value update), threshold: 610113945B (47.37), internal target occupancy: 1288018329B, occupancy: 23097136B, additional buffer size: 812646400B, predicted old gen allocation rate: 10.82B/s, predicted marking phase length: 61.36ms, prediction active: false
[113.219s][debug][gc,ergo,refine    ] GC(2580) Concurrent refinement times: Logged Cards Scan time goal: 20.00ms Logged Cards Scan time: 0.00ms HCC time: 0.00ms
[113.219s][debug][gc,ergo,refine    ] GC(2580) Updated Refinement Zones: green: 2048, yellow: 6144, red: 10240
[113.219s][info ][gc,phases         ] GC(2580)   Pre Evacuate Collection Set: 0.1ms
[113.219s][debug][gc,phases         ] GC(2580)     Prepare TLABs: 0.0ms
[113.220s][debug][gc,phases         ] GC(2580)     Choose Collection Set: 0.0ms
[113.220s][debug][gc,phases         ] GC(2580)     Region Register: 0.1ms
[113.220s][debug][gc,phases         ] GC(2580)     Prepare Heap Roots: 0.0ms
[113.220s][info ][gc,phases         ] GC(2580)   Merge Heap Roots: 0.1ms
[113.220s][debug][gc,phases         ] GC(2580)     Prepare Merge Heap Roots: 0.0ms
[113.220s][debug][gc,phases         ] GC(2580)     Eager Reclaim (ms):       skipped
[113.220s][debug][gc,phases         ] GC(2580)     Remembered Sets (ms):     Min:  0.0, Avg:  0.0, Max:  0.0, Diff:  0.0, Sum:  0.2, Workers: 8
[113.220s][debug][gc,phases         ] GC(2580)       Merged Sparse:            Min: 0, Avg:  0.0, Max: 0, Diff: 0, Sum: 0, Workers: 8
[113.220s][debug][gc,phases         ] GC(2580)       Merged Fine:              Min: 0, Avg:  0.0, Max: 0, Diff: 0, Sum: 0, Workers: 8
[113.220s][debug][gc,phases         ] GC(2580)       Merged Coarse:            Min: 0, Avg:  0.0, Max: 0, Diff: 0, Sum: 0, Workers: 8
[113.220s][debug][gc,phases         ] GC(2580)       Dirty Cards:              Min: 0, Avg:  0.0, Max: 0, Diff: 0, Sum: 0, Workers: 8
[113.220s][debug][gc,phases         ] GC(2580)     Hot Card Cache (ms):      Min:  0.0, Avg:  0.0, Max:  0.0, Diff:  0.0, Sum:  0.0, Workers: 8
[113.220s][debug][gc,phases         ] GC(2580)       Dirty Cards:              Min: 0, Avg:  0.0, Max: 0, Diff: 0, Sum: 0, Workers: 8
[113.220s][debug][gc,phases         ] GC(2580)       Skipped Cards:            Min: 0, Avg:  0.0, Max: 0, Diff: 0, Sum: 0, Workers: 8
[113.220s][debug][gc,phases         ] GC(2580)     Log Buffers (ms):         Min:  0.0, Avg:  0.0, Max:  0.0, Diff:  0.0, Sum:  0.0, Workers: 8
[113.220s][debug][gc,phases         ] GC(2580)       Dirty Cards:              Min: 0, Avg:  0.2, Max: 2, Diff: 2, Sum: 2, Workers: 8
[113.220s][debug][gc,phases         ] GC(2580)       Skipped Cards:            Min: 0, Avg:  0.0, Max: 0, Diff: 0, Sum: 0, Workers: 8
[113.220s][info ][gc,phases         ] GC(2580)   Evacuate Collection Set: 0.4ms
[113.220s][debug][gc,phases         ] GC(2580)     Ext Root Scanning (ms):   Min:  0.1, Avg:  0.2, Max:  0.3, Diff:  0.2, Sum:  1.6, Workers: 8
[113.220s][debug][gc,phases         ] GC(2580)     Scan Heap Roots (ms):     Min:  0.0, Avg:  0.0, Max:  0.0, Diff:  0.0, Sum:  0.0, Workers: 8
[113.220s][debug][gc,phases         ] GC(2580)       Scanned Cards:            Min: 0, Avg:  0.2, Max: 2, Diff: 2, Sum: 2, Workers: 8
[113.220s][debug][gc,phases         ] GC(2580)       Scanned Blocks:           Min: 0, Avg:  0.2, Max: 2, Diff: 2, Sum: 2, Workers: 8
[113.220s][debug][gc,phases         ] GC(2580)       Claimed Chunks:           Min: 0, Avg:  0.2, Max: 2, Diff: 2, Sum: 2, Workers: 8
[113.220s][debug][gc,phases         ] GC(2580)     Code Root Scan (ms):      Min:  0.0, Avg:  0.0, Max:  0.1, Diff:  0.1, Sum:  0.1, Workers: 8
[113.220s][debug][gc,phases         ] GC(2580)     Object Copy (ms):         Min:  0.0, Avg:  0.0, Max:  0.0, Diff:  0.0, Sum:  0.0, Workers: 8
[113.220s][debug][gc,phases         ] GC(2580)     Termination (ms):         Min:  0.0, Avg:  0.1, Max:  0.1, Diff:  0.1, Sum:  0.6, Workers: 8
[113.220s][debug][gc,phases         ] GC(2580)       Termination Attempts:     Min: 1, Avg:  1.0, Max: 1, Diff: 0, Sum: 8, Workers: 8
[113.220s][debug][gc,phases         ] GC(2580)     GC Worker Other (ms):     Min:  0.0, Avg:  0.0, Max:  0.1, Diff:  0.1, Sum:  0.3, Workers: 8
[113.220s][debug][gc,phases         ] GC(2580)     GC Worker Total (ms):     Min:  0.3, Avg:  0.3, Max:  0.4, Diff:  0.1, Sum:  2.7, Workers: 8
[113.220s][info ][gc,phases         ] GC(2580)   Post Evacuate Collection Set: 0.6ms
[113.220s][debug][gc,phases         ] GC(2580)     Code Roots Fixup: 0.0ms
[113.220s][debug][gc,phases         ] GC(2580)     Clear Card Table: 0.2ms
[113.220s][debug][gc,phases         ] GC(2580)     Reference Processing: 0.0ms
[113.220s][debug][gc,phases,ref     ] GC(2580)       Reconsider SoftReferences: 0.0ms
[113.220s][debug][gc,phases,ref     ] GC(2580)         SoftRef (ms):             skipped
[113.220s][debug][gc,phases,ref     ] GC(2580)       Notify Soft/WeakReferences: 0.0ms
[113.220s][debug][gc,phases,ref     ] GC(2580)         SoftRef (ms):             skipped
[113.220s][debug][gc,phases,ref     ] GC(2580)         WeakRef (ms):             skipped
[113.220s][debug][gc,phases,ref     ] GC(2580)         FinalRef (ms):            skipped
[113.220s][debug][gc,phases,ref     ] GC(2580)         Total (ms):               skipped
[113.220s][debug][gc,phases,ref     ] GC(2580)       Notify and keep alive finalizable: 0.0ms
[113.220s][debug][gc,phases,ref     ] GC(2580)         FinalRef (ms):            skipped
[113.220s][debug][gc,phases,ref     ] GC(2580)       Notify PhantomReferences: 0.0ms
[113.220s][debug][gc,phases,ref     ] GC(2580)         PhantomRef (ms):          skipped
[113.220s][debug][gc,phases,ref     ] GC(2580)       SoftReference:
[113.220s][debug][gc,phases,ref     ] GC(2580)         Discovered: 0
[113.220s][debug][gc,phases,ref     ] GC(2580)         Cleared: 0
[113.220s][debug][gc,phases,ref     ] GC(2580)       WeakReference:
[113.220s][debug][gc,phases,ref     ] GC(2580)         Discovered: 0
[113.220s][debug][gc,phases,ref     ] GC(2580)         Cleared: 0
[113.220s][debug][gc,phases,ref     ] GC(2580)       FinalReference:
[113.220s][debug][gc,phases,ref     ] GC(2580)         Discovered: 0
[113.220s][debug][gc,phases,ref     ] GC(2580)         Cleared: 0
[113.220s][debug][gc,phases,ref     ] GC(2580)       PhantomReference:
[113.220s][debug][gc,phases,ref     ] GC(2580)         Discovered: 0
[113.220s][debug][gc,phases,ref     ] GC(2580)         Cleared: 0
[113.220s][debug][gc,phases         ] GC(2580)     Weak Processing: 0.1ms
[113.220s][debug][gc,phases         ] GC(2580)       JVMTI weak processing: 0.0ms
[113.220s][debug][gc,phases         ] GC(2580)         Dead: 0
[113.220s][debug][gc,phases         ] GC(2580)         Total: 0
[113.220s][debug][gc,phases         ] GC(2580)       JFR weak processing: 0.0ms
[113.220s][debug][gc,phases         ] GC(2580)         Dead: 0
[113.220s][debug][gc,phases         ] GC(2580)         Total: 0
[113.220s][debug][gc,phases         ] GC(2580)       JNI weak                  Min:  0.0, Avg:  0.0, Max:  0.0, Diff:  0.0, Sum:  0.0, Workers: 5
[113.220s][debug][gc,phases         ] GC(2580)         Dead                      Min: 0, Avg:  0.0, Max: 0, Diff: 0, Sum: 0, Workers: 5
[113.220s][debug][gc,phases         ] GC(2580)         Total                     Min: 0, Avg: 20.4, Max: 62, Diff: 62, Sum: 102, Workers: 5
[113.220s][debug][gc,phases         ] GC(2580)       VM weak                   Min:  0.0, Avg:  0.0, Max:  0.0, Diff:  0.0, Sum:  0.0, Workers: 5
[113.220s][debug][gc,phases         ] GC(2580)         Dead                      Min: 0, Avg:  0.0, Max: 0, Diff: 0, Sum: 0, Workers: 5
[113.220s][debug][gc,phases         ] GC(2580)         Total                     Min: 0, Avg: 42.4, Max: 84, Diff: 84, Sum: 212, Workers: 5
[113.220s][debug][gc,phases         ] GC(2580)       StringTable weak          Min:  0.0, Avg:  0.0, Max:  0.0, Diff:  0.0, Sum:  0.1, Workers: 5
[113.220s][debug][gc,phases         ] GC(2580)         Dead                      Min: 0, Avg:  0.0, Max: 0, Diff: 0, Sum: 0, Workers: 5
[113.220s][debug][gc,phases         ] GC(2580)         Total                     Min: 0, Avg: 684.6, Max: 1152, Diff: 1152, Sum: 3423, Workers: 5
[113.220s][debug][gc,phases         ] GC(2580)       ResolvedMethodTable weak  Min:  0.0, Avg:  0.0, Max:  0.0, Diff:  0.0, Sum:  0.0, Workers: 5
[113.220s][debug][gc,phases         ] GC(2580)         Dead                      Min: 0, Avg:  0.0, Max: 0, Diff: 0, Sum: 0, Workers: 5
[113.220s][debug][gc,phases         ] GC(2580)         Total                     Min: 0, Avg: 114.6, Max: 192, Diff: 192, Sum: 573, Workers: 5
[113.220s][debug][gc,phases         ] GC(2580)     Merge Per-Thread State: 0.0ms
[113.220s][debug][gc,phases         ] GC(2580)       Copied Bytes              Min: 72, Avg: 400320.0, Max: 800544, Diff: 800472, Sum: 3202560, Workers: 8
[113.220s][debug][gc,phases         ] GC(2580)       LAB Waste                 Min: 0, Avg:  0.0, Max: 0, Diff: 0, Sum: 0, Workers: 8
[113.220s][debug][gc,phases         ] GC(2580)       LAB Undo Waste            Min: 0, Avg:  0.0, Max: 0, Diff: 0, Sum: 0, Workers: 8
[113.220s][debug][gc,phases         ] GC(2580)     Code Roots Purge: 0.0ms
[113.220s][debug][gc,phases         ] GC(2580)     Redirty Cards: 0.0ms
[113.220s][debug][gc,phases         ] GC(2580)     DerivedPointerTable Update: 0.0ms
[113.220s][debug][gc,phases         ] GC(2580)     Free Collection Set: 0.2ms
[113.220s][debug][gc,phases         ] GC(2580)     Rebuild Free List: 0.0ms
[113.220s][debug][gc,phases         ] GC(2580)     Humongous Reclaim: 0.0ms
[113.220s][debug][gc,phases         ] GC(2580)     Start New Collection Set: 0.0ms
[113.220s][debug][gc,phases         ] GC(2580)     Resize TLABs: 0.0ms
[113.220s][debug][gc,phases         ] GC(2580)     Expand Heap After Collection: 0.0ms
[113.220s][info ][gc,phases         ] GC(2580)   Other: 0.3ms
[113.220s][info ][gc,heap           ] GC(2580) Eden regions: 770->0(771)
[113.220s][info ][gc,heap           ] GC(2580) Survivor regions: 5->4(97)
[113.220s][info ][gc,heap           ] GC(2580) Old regions: 18->18
[113.221s][info ][gc,heap           ] GC(2580) Archive regions: 2->2
[113.221s][info ][gc,heap           ] GC(2580) Humongous regions: 0->0
[113.221s][info ][gc,metaspace      ] GC(2580) Metaspace: 10016K(10624K)->10016K(10624K) NonClass: 8864K(9216K)->8864K(9216K) Class: 1152K(1408K)->1152K(1408K)
[113.221s][debug][gc,heap           ] GC(2580) Heap after GC invocations=2581 (full 1): garbage-first heap   total 1324032K, used 22555K [0x0000000700000000, 0x0000000800000000)
[113.221s][debug][gc,heap           ] GC(2580)   region size 1024K, 4 young (4096K), 4 survivors (4096K)
[113.221s][debug][gc,heap           ] GC(2580)  Metaspace       used 10016K, capacity 10304K, committed 10624K, reserved 1058816K
[113.221s][debug][gc,heap           ] GC(2580)   class space    used 1152K, capacity 1266K, committed 1408K, reserved 1048576K
[113.221s][info ][gc                ] GC(2580) Pause Young (Normal) (G1 Evacuation Pause) 792M->22M(1293M) 2.498ms
[113.221s][info ][gc,cpu            ] GC(2580) User=0.01s Sys=0.00s Real=0.00s
[113.221s][info ][safepoint         ] Safepoint "G1CollectForAllocation", Time since last: 37900287 ns, Reaching safepoint: 144873 ns, At safepoint: 2726852 ns, Total: 2871725 ns
[113.259s][debug][gc,heap           ] GC(2581) Heap before GC invocations=2581 (full 1): garbage-first heap   total 1324032K, used 811035K [0x0000000700000000, 0x0000000800000000)
[113.259s][debug][gc,heap           ] GC(2581)   region size 1024K, 775 young (793600K), 4 survivors (4096K)
[113.259s][debug][gc,heap           ] GC(2581)  Metaspace       used 10016K, capacity 10304K, committed 10624K, reserved 1058816K
[113.259s][debug][gc,heap           ] GC(2581)   class space    used 1152K, capacity 1266K, committed 1408K, reserved 1048576K
[113.259s][info ][gc,start          ] GC(2581) Pause Young (Normal) (G1 Evacuation Pause)
[113.259s][info ][gc,task           ] GC(2581) Using 8 workers of 8 for evacuation
[113.259s][debug][gc,tlab           ] GC(2581) TLAB totals: thrds: 8  refills: 13 max: 2 slow allocs: 1537 max 217 waste: 27.7% gc: 1082256B max: 224536B slow: 57144B max: 14304B fast: 0B max: 0B
[113.259s][debug][gc,age            ] GC(2581) Desired survivor size 50855936 bytes, new threshold 15 (max threshold 15)
[113.259s][debug][gc,alloc,region   ] GC(2581) Mutator Allocation stats, regions: 771, wasted size: 180M (23.4%)
[113.260s][debug][gc,ergo           ] GC(2581) Running G1 Merge Heap Roots using 8 workers for 775 regions
[113.260s][debug][gc,remset         ] GC(2581) Visited cards 256 Total dirty 2048 (12.50%) Total old 3215360 (0.01%)
[113.260s][debug][gc,ergo           ] GC(2581) Running G1 Clear Card Table Task using 2 workers for 2 units of work for 776 regions.
[113.260s][debug][gc,ref            ] GC(2581) Skipped phase1 of Reference Processing due to unavailable references
[113.260s][debug][gc,ref            ] GC(2581) Skipped phase2 of Reference Processing due to unavailable references
[113.260s][debug][gc,ref            ] GC(2581) Skipped phase3 of Reference Processing due to unavailable references
[113.260s][debug][gc,ref            ] GC(2581) Skipped phase4 of Reference Processing due to unavailable references
[113.261s][debug][gc,ergo           ] GC(2581) Running G1 Free Collection Set using 8 workers for collection set length 775 (1293)
[113.261s][debug][gc,ergo           ] GC(2581) Running G1 Rebuild Free List Task using 8 workers for rebuilding free list of 0 (4096) regions
[113.261s][trace][gc,age            ] GC(2581) Age table with threshold 15 (max threshold 15)
[113.261s][trace][gc,age            ] GC(2581) - age   1:    3202560 bytes,    3202560 total
[113.261s][debug][gc,plab           ] GC(2581) Young PLAB allocation: allocated: 16512B, wasted: 0B, unused: 14064B, used: 2448B, undo waste: 0B, 
[113.261s][debug][gc,plab           ] GC(2581) Young other allocation: region end waste: 733248B, regions filled: 4, direct allocated: 3200112B, failure used: 0B, failure wasted: 0B
[113.261s][debug][gc,plab           ] GC(2581) Young sizing: calculated: 0B, actual: 2064B
[113.261s][debug][gc,plab           ] GC(2581) Old PLAB allocation: allocated: 0B, wasted: 0B, unused: 0B, used: 0B, undo waste: 0B, 
[113.261s][debug][gc,plab           ] GC(2581) Old other allocation: region end waste: 0B, regions filled: 1, direct allocated: 0B, failure used: 0B, failure wasted: 0B
[113.261s][debug][gc,plab           ] GC(2581) Old sizing: calculated: 0B, actual: 2064B
[113.261s][debug][gc,ihop           ] GC(2581) Basic information (value update), threshold: 610113945B (45.00), target occupancy: 1355808768B, current occupancy: 23097136B, recent allocation size: 0B, recent allocation duration: 39.98ms, recent old gen allocation rate: 0.00B/s, recent marking phase length: 30.68ms
[113.261s][debug][gc,ihop           ] GC(2581) Adaptive IHOP information (value update), threshold: 610113945B (47.37), internal target occupancy: 1288018329B, occupancy: 23097136B, additional buffer size: 812646400B, predicted old gen allocation rate: 10.54B/s, predicted marking phase length: 61.36ms, prediction active: false
[113.261s][debug][gc,ergo,refine    ] GC(2581) Concurrent refinement times: Logged Cards Scan time goal: 20.00ms Logged Cards Scan time: 0.00ms HCC time: 0.00ms
[113.261s][debug][gc,ergo,refine    ] GC(2581) Updated Refinement Zones: green: 2048, yellow: 6144, red: 10240
[113.261s][info ][gc,phases         ] GC(2581)   Pre Evacuate Collection Set: 0.2ms
[113.261s][debug][gc,phases         ] GC(2581)     Prepare TLABs: 0.0ms
[113.261s][debug][gc,phases         ] GC(2581)     Choose Collection Set: 0.0ms
[113.261s][debug][gc,phases         ] GC(2581)     Region Register: 0.2ms
[113.261s][debug][gc,phases         ] GC(2581)     Prepare Heap Roots: 0.0ms
[113.261s][info ][gc,phases         ] GC(2581)   Merge Heap Roots: 0.1ms
[113.261s][debug][gc,phases         ] GC(2581)     Prepare Merge Heap Roots: 0.0ms
[113.261s][debug][gc,phases         ] GC(2581)     Eager Reclaim (ms):       skipped
[113.261s][debug][gc,phases         ] GC(2581)     Remembered Sets (ms):     Min:  0.0, Avg:  0.0, Max:  0.0, Diff:  0.0, Sum:  0.2, Workers: 8
[113.261s][debug][gc,phases         ] GC(2581)       Merged Sparse:            Min: 0, Avg:  0.0, Max: 0, Diff: 0, Sum: 0, Workers: 8
[113.261s][debug][gc,phases         ] GC(2581)       Merged Fine:              Min: 0, Avg:  0.0, Max: 0, Diff: 0, Sum: 0, Workers: 8
[113.261s][debug][gc,phases         ] GC(2581)       Merged Coarse:            Min: 0, Avg:  0.0, Max: 0, Diff: 0, Sum: 0, Workers: 8
[113.261s][debug][gc,phases         ] GC(2581)       Dirty Cards:              Min: 0, Avg:  0.0, Max: 0, Diff: 0, Sum: 0, Workers: 8
[113.261s][debug][gc,phases         ] GC(2581)     Hot Card Cache (ms):      Min:  0.0, Avg:  0.0, Max:  0.0, Diff:  0.0, Sum:  0.0, Workers: 8
[113.261s][debug][gc,phases         ] GC(2581)       Dirty Cards:              Min: 0, Avg:  0.0, Max: 0, Diff: 0, Sum: 0, Workers: 8
[113.261s][debug][gc,phases         ] GC(2581)       Skipped Cards:            Min: 0, Avg:  0.0, Max: 0, Diff: 0, Sum: 0, Workers: 8
[113.261s][debug][gc,phases         ] GC(2581)     Log Buffers (ms):         Min:  0.0, Avg:  0.0, Max:  0.0, Diff:  0.0, Sum:  0.0, Workers: 8
[113.261s][debug][gc,phases         ] GC(2581)       Dirty Cards:              Min: 0, Avg:  0.1, Max: 1, Diff: 1, Sum: 1, Workers: 8
[113.261s][debug][gc,phases         ] GC(2581)       Skipped Cards:            Min: 0, Avg:  0.0, Max: 0, Diff: 0, Sum: 0, Workers: 8
[113.261s][info ][gc,phases         ] GC(2581)   Evacuate Collection Set: 0.4ms
[113.261s][debug][gc,phases         ] GC(2581)     Ext Root Scanning (ms):   Min:  0.1, Avg:  0.2, Max:  0.3, Diff:  0.2, Sum:  1.6, Workers: 8
[113.261s][debug][gc,phases         ] GC(2581)     Scan Heap Roots (ms):     Min:  0.0, Avg:  0.0, Max:  0.0, Diff:  0.0, Sum:  0.0, Workers: 8
[113.261s][debug][gc,phases         ] GC(2581)       Scanned Cards:            Min: 0, Avg:  0.1, Max: 1, Diff: 1, Sum: 1, Workers: 8
[113.261s][debug][gc,phases         ] GC(2581)       Scanned Blocks:           Min: 0, Avg:  0.1, Max: 1, Diff: 1, Sum: 1, Workers: 8
[113.261s][debug][gc,phases         ] GC(2581)       Claimed Chunks:           Min: 0, Avg:  0.1, Max: 1, Diff: 1, Sum: 1, Workers: 8
[113.261s][debug][gc,phases         ] GC(2581)     Code Root Scan (ms):      Min:  0.0, Avg:  0.0, Max:  0.1, Diff:  0.1, Sum:  0.1, Workers: 8
[113.261s][debug][gc,phases         ] GC(2581)     Object Copy (ms):         Min:  0.0, Avg:  0.0, Max:  0.0, Diff:  0.0, Sum:  0.0, Workers: 8
[113.261s][debug][gc,phases         ] GC(2581)     Termination (ms):         Min:  0.0, Avg:  0.1, Max:  0.1, Diff:  0.1, Sum:  0.8, Workers: 8
[113.261s][debug][gc,phases         ] GC(2581)       Termination Attempts:     Min: 1, Avg:  1.4, Max: 3, Diff: 2, Sum: 11, Workers: 8
[113.261s][debug][gc,phases         ] GC(2581)     GC Worker Other (ms):     Min:  0.0, Avg:  0.0, Max:  0.1, Diff:  0.1, Sum:  0.3, Workers: 8
[113.261s][debug][gc,phases         ] GC(2581)     GC Worker Total (ms):     Min:  0.3, Avg:  0.4, Max:  0.4, Diff:  0.1, Sum:  2.8, Workers: 8
[113.261s][info ][gc,phases         ] GC(2581)   Post Evacuate Collection Set: 0.5ms
[113.261s][debug][gc,phases         ] GC(2581)     Code Roots Fixup: 0.0ms
[113.261s][debug][gc,phases         ] GC(2581)     Clear Card Table: 0.2ms
[113.261s][debug][gc,phases         ] GC(2581)     Reference Processing: 0.0ms
[113.261s][debug][gc,phases,ref     ] GC(2581)       Reconsider SoftReferences: 0.0ms
[113.261s][debug][gc,phases,ref     ] GC(2581)         SoftRef (ms):             skipped
[113.261s][debug][gc,phases,ref     ] GC(2581)       Notify Soft/WeakReferences: 0.0ms
[113.261s][debug][gc,phases,ref     ] GC(2581)         SoftRef (ms):             skipped
[113.261s][debug][gc,phases,ref     ] GC(2581)         WeakRef (ms):             skipped
[113.261s][debug][gc,phases,ref     ] GC(2581)         FinalRef (ms):            skipped
[113.261s][debug][gc,phases,ref     ] GC(2581)         Total (ms):               skipped
[113.261s][debug][gc,phases,ref     ] GC(2581)       Notify and keep alive finalizable: 0.0ms
[113.261s][debug][gc,phases,ref     ] GC(2581)         FinalRef (ms):            skipped
[113.261s][debug][gc,phases,ref     ] GC(2581)       Notify PhantomReferences: 0.0ms
[113.261s][debug][gc,phases,ref     ] GC(2581)         PhantomRef (ms):          skipped
[113.261s][debug][gc,phases,ref     ] GC(2581)       SoftReference:
[113.261s][debug][gc,phases,ref     ] GC(2581)         Discovered: 0
[113.261s][debug][gc,phases,ref     ] GC(2581)         Cleared: 0
[113.261s][debug][gc,phases,ref     ] GC(2581)       WeakReference:
[113.261s][debug][gc,phases,ref     ] GC(2581)         Discovered: 0
[113.261s][debug][gc,phases,ref     ] GC(2581)         Cleared: 0
[113.261s][debug][gc,phases,ref     ] GC(2581)       FinalReference:
[113.261s][debug][gc,phases,ref     ] GC(2581)         Discovered: 0
[113.261s][debug][gc,phases,ref     ] GC(2581)         Cleared: 0
[113.261s][debug][gc,phases,ref     ] GC(2581)       PhantomReference:
[113.261s][debug][gc,phases,ref     ] GC(2581)         Discovered: 0
[113.261s][debug][gc,phases,ref     ] GC(2581)         Cleared: 0
[113.261s][debug][gc,phases         ] GC(2581)     Weak Processing: 0.1ms
[113.261s][debug][gc,phases         ] GC(2581)       JVMTI weak processing: 0.0ms
[113.261s][debug][gc,phases         ] GC(2581)         Dead: 0
[113.261s][debug][gc,phases         ] GC(2581)         Total: 0
[113.261s][debug][gc,phases         ] GC(2581)       JFR weak processing: 0.0ms
[113.261s][debug][gc,phases         ] GC(2581)         Dead: 0
[113.261s][debug][gc,phases         ] GC(2581)         Total: 0
[113.261s][debug][gc,phases         ] GC(2581)       JNI weak                  Min:  0.0, Avg:  0.0, Max:  0.0, Diff:  0.0, Sum:  0.0, Workers: 5
[113.261s][debug][gc,phases         ] GC(2581)         Dead                      Min: 0, Avg:  0.0, Max: 0, Diff: 0, Sum: 0, Workers: 5
[113.261s][debug][gc,phases         ] GC(2581)         Total                     Min: 0, Avg: 20.4, Max: 62, Diff: 62, Sum: 102, Workers: 5
[113.261s][debug][gc,phases         ] GC(2581)       VM weak                   Min:  0.0, Avg:  0.0, Max:  0.0, Diff:  0.0, Sum:  0.0, Workers: 5
[113.261s][debug][gc,phases         ] GC(2581)         Dead                      Min: 0, Avg:  0.0, Max: 0, Diff: 0, Sum: 0, Workers: 5
[113.261s][debug][gc,phases         ] GC(2581)         Total                     Min: 0, Avg: 42.4, Max: 128, Diff: 128, Sum: 212, Workers: 5
[113.261s][debug][gc,phases         ] GC(2581)       StringTable weak          Min:  0.0, Avg:  0.0, Max:  0.0, Diff:  0.0, Sum:  0.1, Workers: 5
[113.261s][debug][gc,phases         ] GC(2581)         Dead                      Min: 0, Avg:  0.0, Max: 0, Diff: 0, Sum: 0, Workers: 5
[113.261s][debug][gc,phases         ] GC(2581)         Total                     Min: 0, Avg: 684.6, Max: 1727, Diff: 1727, Sum: 3423, Workers: 5
[113.261s][debug][gc,phases         ] GC(2581)       ResolvedMethodTable weak  Min:  0.0, Avg:  0.0, Max:  0.0, Diff:  0.0, Sum:  0.0, Workers: 5
[113.261s][debug][gc,phases         ] GC(2581)         Dead                      Min: 0, Avg:  0.0, Max: 0, Diff: 0, Sum: 0, Workers: 5
[113.261s][debug][gc,phases         ] GC(2581)         Total                     Min: 0, Avg: 114.6, Max: 317, Diff: 317, Sum: 573, Workers: 5
[113.261s][debug][gc,phases         ] GC(2581)     Merge Per-Thread State: 0.0ms
[113.261s][debug][gc,phases         ] GC(2581)       Copied Bytes              Min: 664, Avg: 400320.0, Max: 800384, Diff: 799720, Sum: 3202560, Workers: 8
[113.261s][debug][gc,phases         ] GC(2581)       LAB Waste                 Min: 0, Avg:  0.0, Max: 0, Diff: 0, Sum: 0, Workers: 8
[113.261s][debug][gc,phases         ] GC(2581)       LAB Undo Waste            Min: 0, Avg:  0.0, Max: 0, Diff: 0, Sum: 0, Workers: 8
[113.261s][debug][gc,phases         ] GC(2581)     Code Roots Purge: 0.0ms
[113.261s][debug][gc,phases         ] GC(2581)     Redirty Cards: 0.0ms
[113.261s][debug][gc,phases         ] GC(2581)     DerivedPointerTable Update: 0.0ms
[113.261s][debug][gc,phases         ] GC(2581)     Free Collection Set: 0.2ms
[113.261s][debug][gc,phases         ] GC(2581)     Rebuild Free List: 0.1ms
[113.261s][debug][gc,phases         ] GC(2581)     Humongous Reclaim: 0.0ms
[113.261s][debug][gc,phases         ] GC(2581)     Start New Collection Set: 0.0ms
[113.261s][debug][gc,phases         ] GC(2581)     Resize TLABs: 0.0ms
[113.261s][debug][gc,phases         ] GC(2581)     Expand Heap After Collection: 0.0ms
[113.261s][info ][gc,phases         ] GC(2581)   Other: 0.3ms
[113.261s][info ][gc,heap           ] GC(2581) Eden regions: 771->0(771)
[113.261s][info ][gc,heap           ] GC(2581) Survivor regions: 4->4(97)
[113.261s][info ][gc,heap           ] GC(2581) Old regions: 18->18
[113.262s][info ][gc,heap           ] GC(2581) Archive regions: 2->2
[113.262s][info ][gc,heap           ] GC(2581) Humongous regions: 0->0
[113.262s][info ][gc,metaspace      ] GC(2581) Metaspace: 10016K(10624K)->10016K(10624K) NonClass: 8864K(9216K)->8864K(9216K) Class: 1152K(1408K)->1152K(1408K)
[113.262s][debug][gc,heap           ] GC(2581) Heap after GC invocations=2582 (full 1): garbage-first heap   total 1324032K, used 22555K [0x0000000700000000, 0x0000000800000000)
[113.262s][debug][gc,heap           ] GC(2581)   region size 1024K, 4 young (4096K), 4 survivors (4096K)
[113.262s][debug][gc,heap           ] GC(2581)  Metaspace       used 10016K, capacity 10304K, committed 10624K, reserved 1058816K
[113.262s][debug][gc,heap           ] GC(2581)   class space    used 1152K, capacity 1266K, committed 1408K, reserved 1048576K
[113.262s][info ][gc                ] GC(2581) Pause Young (Normal) (G1 Evacuation Pause) 792M->22M(1293M) 2.169ms
[113.262s][info ][gc,cpu            ] GC(2581) User=0.01s Sys=0.00s Real=0.00s
[113.262s][info ][safepoint         ] Safepoint "G1CollectForAllocation", Time since last: 38409453 ns, Reaching safepoint: 131974 ns, At safepoint: 2353626 ns, Total: 2485600 ns
[113.301s][debug][gc,heap           ] GC(2582) Heap before GC invocations=2582 (full 1): garbage-first heap   total 1324032K, used 811035K [0x0000000700000000, 0x0000000800000000)
[113.301s][debug][gc,heap           ] GC(2582)   region size 1024K, 775 young (793600K), 4 survivors (4096K)
[113.301s][debug][gc,heap           ] GC(2582)  Metaspace       used 10016K, capacity 10304K, committed 10624K, reserved 1058816K
[113.301s][debug][gc,heap           ] GC(2582)   class space    used 1152K, capacity 1266K, committed 1408K, reserved 1048576K
[113.301s][info ][gc,start          ] GC(2582) Pause Young (Normal) (G1 Evacuation Pause)
[113.301s][info ][gc,task           ] GC(2582) Using 8 workers of 8 for evacuation
[113.301s][debug][gc,tlab           ] GC(2582) TLAB totals: thrds: 8  refills: 11 max: 3 slow allocs: 1538 max 212 waste: 29.0% gc: 846304B max: 225408B slow: 42456B max: 15096B fast: 0B max: 0B
[113.301s][debug][gc,age            ] GC(2582) Desired survivor size 50855936 bytes, new threshold 15 (max threshold 15)
[113.301s][debug][gc,alloc,region   ] GC(2582) Mutator Allocation stats, regions: 771, wasted size: 180M (23.4%)
[113.301s][debug][gc,ergo           ] GC(2582) Running G1 Merge Heap Roots using 8 workers for 775 regions
[113.301s][debug][gc,remset         ] GC(2582) Visited cards 512 Total dirty 4096 (12.50%) Total old 3215360 (0.02%)
[113.302s][debug][gc,ergo           ] GC(2582) Running G1 Clear Card Table Task using 2 workers for 2 units of work for 777 regions.
[113.302s][debug][gc,ref            ] GC(2582) Skipped phase1 of Reference Processing due to unavailable references
[113.302s][debug][gc,ref            ] GC(2582) Skipped phase2 of Reference Processing due to unavailable references
[113.302s][debug][gc,ref            ] GC(2582) Skipped phase3 of Reference Processing due to unavailable references
[113.302s][debug][gc,ref            ] GC(2582) Skipped phase4 of Reference Processing due to unavailable references
[113.302s][debug][gc,ergo           ] GC(2582) Running G1 Free Collection Set using 8 workers for collection set length 775 (1293)
[113.302s][debug][gc,ergo           ] GC(2582) Running G1 Rebuild Free List Task using 8 workers for rebuilding free list of 0 (4096) regions
[113.302s][trace][gc,age            ] GC(2582) Age table with threshold 15 (max threshold 15)
[113.302s][trace][gc,age            ] GC(2582) - age   1:    2402528 bytes,    2402528 total
[113.302s][debug][gc,plab           ] GC(2582) Young PLAB allocation: allocated: 16512B, wasted: 0B, unused: 14064B, used: 2448B, undo waste: 0B, 
[113.302s][debug][gc,plab           ] GC(2582) Young other allocation: region end waste: 484704B, regions filled: 3, direct allocated: 2400080B, failure used: 0B, failure wasted: 0B
[113.302s][debug][gc,plab           ] GC(2582) Young sizing: calculated: 0B, actual: 2064B
[113.302s][debug][gc,plab           ] GC(2582) Old PLAB allocation: allocated: 0B, wasted: 0B, unused: 0B, used: 0B, undo waste: 0B, 
[113.302s][debug][gc,plab           ] GC(2582) Old other allocation: region end waste: 0B, regions filled: 1, direct allocated: 0B, failure used: 0B, failure wasted: 0B
[113.302s][debug][gc,plab           ] GC(2582) Old sizing: calculated: 0B, actual: 2064B
[113.302s][debug][gc,ihop           ] GC(2582) Basic information (value update), threshold: 610113945B (45.00), target occupancy: 1355808768B, current occupancy: 22048560B, recent allocation size: 0B, recent allocation duration: 40.11ms, recent old gen allocation rate: 0.00B/s, recent marking phase length: 30.68ms
[113.302s][debug][gc,ihop           ] GC(2582) Adaptive IHOP information (value update), threshold: 610113945B (47.37), internal target occupancy: 1288018329B, occupancy: 22048560B, additional buffer size: 812646400B, predicted old gen allocation rate: 10.28B/s, predicted marking phase length: 61.36ms, prediction active: false
[113.302s][debug][gc,ergo,refine    ] GC(2582) Concurrent refinement times: Logged Cards Scan time goal: 20.00ms Logged Cards Scan time: 0.00ms HCC time: 0.00ms
[113.302s][debug][gc,ergo,refine    ] GC(2582) Updated Refinement Zones: green: 2048, yellow: 6144, red: 10240
[113.302s][info ][gc,phases         ] GC(2582)   Pre Evacuate Collection Set: 0.1ms
[113.302s][debug][gc,phases         ] GC(2582)     Prepare TLABs: 0.0ms
[113.302s][debug][gc,phases         ] GC(2582)     Choose Collection Set: 0.0ms
[113.302s][debug][gc,phases         ] GC(2582)     Region Register: 0.1ms
[113.302s][debug][gc,phases         ] GC(2582)     Prepare Heap Roots: 0.0ms
[113.302s][info ][gc,phases         ] GC(2582)   Merge Heap Roots: 0.1ms
[113.302s][debug][gc,phases         ] GC(2582)     Prepare Merge Heap Roots: 0.0ms
[113.302s][debug][gc,phases         ] GC(2582)     Eager Reclaim (ms):       skipped
[113.302s][debug][gc,phases         ] GC(2582)     Remembered Sets (ms):     Min:  0.0, Avg:  0.0, Max:  0.0, Diff:  0.0, Sum:  0.2, Workers: 8
[113.302s][debug][gc,phases         ] GC(2582)       Merged Sparse:            Min: 0, Avg:  0.0, Max: 0, Diff: 0, Sum: 0, Workers: 8
[113.302s][debug][gc,phases         ] GC(2582)       Merged Fine:              Min: 0, Avg:  0.0, Max: 0, Diff: 0, Sum: 0, Workers: 8
[113.302s][debug][gc,phases         ] GC(2582)       Merged Coarse:            Min: 0, Avg:  0.0, Max: 0, Diff: 0, Sum: 0, Workers: 8
[113.302s][debug][gc,phases         ] GC(2582)       Dirty Cards:              Min: 0, Avg:  0.0, Max: 0, Diff: 0, Sum: 0, Workers: 8
[113.302s][debug][gc,phases         ] GC(2582)     Hot Card Cache (ms):      Min:  0.0, Avg:  0.0, Max:  0.0, Diff:  0.0, Sum:  0.0, Workers: 8
[113.302s][debug][gc,phases         ] GC(2582)       Dirty Cards:              Min: 0, Avg:  0.0, Max: 0, Diff: 0, Sum: 0, Workers: 8
[113.302s][debug][gc,phases         ] GC(2582)       Skipped Cards:            Min: 0, Avg:  0.0, Max: 0, Diff: 0, Sum: 0, Workers: 8
[113.302s][debug][gc,phases         ] GC(2582)     Log Buffers (ms):         Min:  0.0, Avg:  0.0, Max:  0.0, Diff:  0.0, Sum:  0.0, Workers: 8
[113.302s][debug][gc,phases         ] GC(2582)       Dirty Cards:              Min: 0, Avg:  0.2, Max: 1, Diff: 1, Sum: 2, Workers: 8
[113.302s][debug][gc,phases         ] GC(2582)       Skipped Cards:            Min: 0, Avg:  0.0, Max: 0, Diff: 0, Sum: 0, Workers: 8
[113.302s][info ][gc,phases         ] GC(2582)   Evacuate Collection Set: 0.3ms
[113.302s][debug][gc,phases         ] GC(2582)     Ext Root Scanning (ms):   Min:  0.0, Avg:  0.1, Max:  0.3, Diff:  0.3, Sum:  1.0, Workers: 8
[113.302s][debug][gc,phases         ] GC(2582)     Scan Heap Roots (ms):     Min:  0.0, Avg:  0.0, Max:  0.0, Diff:  0.0, Sum:  0.0, Workers: 8
[113.302s][debug][gc,phases         ] GC(2582)       Scanned Cards:            Min: 0, Avg:  0.2, Max: 1, Diff: 1, Sum: 2, Workers: 8
[113.302s][debug][gc,phases         ] GC(2582)       Scanned Blocks:           Min: 0, Avg:  0.2, Max: 1, Diff: 1, Sum: 2, Workers: 8
[113.302s][debug][gc,phases         ] GC(2582)       Claimed Chunks:           Min: 0, Avg:  0.2, Max: 1, Diff: 1, Sum: 2, Workers: 8
[113.302s][debug][gc,phases         ] GC(2582)     Code Root Scan (ms):      Min:  0.0, Avg:  0.0, Max:  0.0, Diff:  0.0, Sum:  0.1, Workers: 8
[113.302s][debug][gc,phases         ] GC(2582)     Object Copy (ms):         Min:  0.0, Avg:  0.0, Max:  0.0, Diff:  0.0, Sum:  0.0, Workers: 8
[113.302s][debug][gc,phases         ] GC(2582)     Termination (ms):         Min:  0.0, Avg:  0.1, Max:  0.1, Diff:  0.1, Sum:  0.7, Workers: 8
[113.303s][debug][gc,phases         ] GC(2582)       Termination Attempts:     Min: 1, Avg:  1.6, Max: 3, Diff: 2, Sum: 13, Workers: 8
[113.303s][debug][gc,phases         ] GC(2582)     GC Worker Other (ms):     Min:  0.0, Avg:  0.0, Max:  0.1, Diff:  0.1, Sum:  0.4, Workers: 8
[113.303s][debug][gc,phases         ] GC(2582)     GC Worker Total (ms):     Min:  0.3, Avg:  0.3, Max:  0.3, Diff:  0.1, Sum:  2.3, Workers: 8
[113.303s][info ][gc,phases         ] GC(2582)   Post Evacuate Collection Set: 0.5ms
[113.303s][debug][gc,phases         ] GC(2582)     Code Roots Fixup: 0.0ms
[113.303s][debug][gc,phases         ] GC(2582)     Clear Card Table: 0.1ms
[113.303s][debug][gc,phases         ] GC(2582)     Reference Processing: 0.0ms
[113.303s][debug][gc,phases,ref     ] GC(2582)       Reconsider SoftReferences: 0.0ms
[113.303s][debug][gc,phases,ref     ] GC(2582)         SoftRef (ms):             skipped
[113.303s][debug][gc,phases,ref     ] GC(2582)       Notify Soft/WeakReferences: 0.0ms
[113.303s][debug][gc,phases,ref     ] GC(2582)         SoftRef (ms):             skipped
[113.303s][debug][gc,phases,ref     ] GC(2582)         WeakRef (ms):             skipped
[113.303s][debug][gc,phases,ref     ] GC(2582)         FinalRef (ms):            skipped
[113.303s][debug][gc,phases,ref     ] GC(2582)         Total (ms):               skipped
[113.303s][debug][gc,phases,ref     ] GC(2582)       Notify and keep alive finalizable: 0.0ms
[113.303s][debug][gc,phases,ref     ] GC(2582)         FinalRef (ms):            skipped
[113.303s][debug][gc,phases,ref     ] GC(2582)       Notify PhantomReferences: 0.0ms
[113.303s][debug][gc,phases,ref     ] GC(2582)         PhantomRef (ms):          skipped
[113.303s][debug][gc,phases,ref     ] GC(2582)       SoftReference:
[113.303s][debug][gc,phases,ref     ] GC(2582)         Discovered: 0
[113.303s][debug][gc,phases,ref     ] GC(2582)         Cleared: 0
[113.303s][debug][gc,phases,ref     ] GC(2582)       WeakReference:
[113.303s][debug][gc,phases,ref     ] GC(2582)         Discovered: 0
[113.303s][debug][gc,phases,ref     ] GC(2582)         Cleared: 0
[113.303s][debug][gc,phases,ref     ] GC(2582)       FinalReference:
[113.303s][debug][gc,phases,ref     ] GC(2582)         Discovered: 0
[113.303s][debug][gc,phases,ref     ] GC(2582)         Cleared: 0
[113.303s][debug][gc,phases,ref     ] GC(2582)       PhantomReference:
[113.303s][debug][gc,phases,ref     ] GC(2582)         Discovered: 0
[113.303s][debug][gc,phases,ref     ] GC(2582)         Cleared: 0
[113.303s][debug][gc,phases         ] GC(2582)     Weak Processing: 0.1ms
[113.303s][debug][gc,phases         ] GC(2582)       JVMTI weak processing: 0.0ms
[113.303s][debug][gc,phases         ] GC(2582)         Dead: 0
[113.303s][debug][gc,phases         ] GC(2582)         Total: 0
[113.303s][debug][gc,phases         ] GC(2582)       JFR weak processing: 0.0ms
[113.303s][debug][gc,phases         ] GC(2582)         Dead: 0
[113.303s][debug][gc,phases         ] GC(2582)         Total: 0
[113.303s][debug][gc,phases         ] GC(2582)       JNI weak                  Min:  0.0, Avg:  0.0, Max:  0.0, Diff:  0.0, Sum:  0.0, Workers: 5
[113.303s][debug][gc,phases         ] GC(2582)         Dead                      Min: 0, Avg:  0.0, Max: 0, Diff: 0, Sum: 0, Workers: 5
[113.303s][debug][gc,phases         ] GC(2582)         Total                     Min: 0, Avg: 20.4, Max: 102, Diff: 102, Sum: 102, Workers: 5
[113.303s][debug][gc,phases         ] GC(2582)       VM weak                   Min:  0.0, Avg:  0.0, Max:  0.0, Diff:  0.0, Sum:  0.0, Workers: 5
[113.303s][debug][gc,phases         ] GC(2582)         Dead                      Min: 0, Avg:  0.0, Max: 0, Diff: 0, Sum: 0, Workers: 5
[113.303s][debug][gc,phases         ] GC(2582)         Total                     Min: 0, Avg: 42.4, Max: 212, Diff: 212, Sum: 212, Workers: 5
[113.303s][debug][gc,phases         ] GC(2582)       StringTable weak          Min:  0.0, Avg:  0.0, Max:  0.0, Diff:  0.0, Sum:  0.0, Workers: 5
[113.303s][debug][gc,phases         ] GC(2582)         Dead                      Min: 0, Avg:  0.0, Max: 0, Diff: 0, Sum: 0, Workers: 5
[113.303s][debug][gc,phases         ] GC(2582)         Total                     Min: 0, Avg: 684.6, Max: 3423, Diff: 3423, Sum: 3423, Workers: 5
[113.303s][debug][gc,phases         ] GC(2582)       ResolvedMethodTable weak  Min:  0.0, Avg:  0.0, Max:  0.0, Diff:  0.0, Sum:  0.0, Workers: 5
[113.303s][debug][gc,phases         ] GC(2582)         Dead                      Min: 0, Avg:  0.0, Max: 0, Diff: 0, Sum: 0, Workers: 5
[113.303s][debug][gc,phases         ] GC(2582)         Total                     Min: 64, Avg: 114.6, Max: 189, Diff: 125, Sum: 573, Workers: 5
[113.303s][debug][gc,phases         ] GC(2582)     Merge Per-Thread State: 0.0ms
[113.303s][debug][gc,phases         ] GC(2582)       Copied Bytes              Min: 248, Avg: 300316.0, Max: 800096, Diff: 799848, Sum: 2402528, Workers: 8
[113.303s][debug][gc,phases         ] GC(2582)       LAB Waste                 Min: 0, Avg:  0.0, Max: 0, Diff: 0, Sum: 0, Workers: 8
[113.303s][debug][gc,phases         ] GC(2582)       LAB Undo Waste            Min: 0, Avg:  0.0, Max: 0, Diff: 0, Sum: 0, Workers: 8
[113.303s][debug][gc,phases         ] GC(2582)     Code Roots Purge: 0.0ms
[113.303s][debug][gc,phases         ] GC(2582)     Redirty Cards: 0.0ms
[113.303s][debug][gc,phases         ] GC(2582)     DerivedPointerTable Update: 0.0ms
[113.303s][debug][gc,phases         ] GC(2582)     Free Collection Set: 0.2ms
[113.303s][debug][gc,phases         ] GC(2582)     Rebuild Free List: 0.1ms
[113.303s][debug][gc,phases         ] GC(2582)     Humongous Reclaim: 0.0ms
[113.303s][debug][gc,phases         ] GC(2582)     Start New Collection Set: 0.0ms
[113.303s][debug][gc,phases         ] GC(2582)     Resize TLABs: 0.0ms
[113.303s][debug][gc,phases         ] GC(2582)     Expand Heap After Collection: 0.0ms
[113.303s][info ][gc,phases         ] GC(2582)   Other: 0.3ms
[113.303s][info ][gc,heap           ] GC(2582) Eden regions: 771->0(772)
[113.303s][info ][gc,heap           ] GC(2582) Survivor regions: 4->3(97)
[113.303s][info ][gc,heap           ] GC(2582) Old regions: 18->18
[113.303s][info ][gc,heap           ] GC(2582) Archive regions: 2->2
[113.303s][info ][gc,heap           ] GC(2582) Humongous regions: 0->0
[113.303s][info ][gc,metaspace      ] GC(2582) Metaspace: 10016K(10624K)->10016K(10624K) NonClass: 8864K(9216K)->8864K(9216K) Class: 1152K(1408K)->1152K(1408K)
[113.303s][debug][gc,heap           ] GC(2582) Heap after GC invocations=2583 (full 1): garbage-first heap   total 1324032K, used 21531K [0x0000000700000000, 0x0000000800000000)
[113.303s][debug][gc,heap           ] GC(2582)   region size 1024K, 3 young (3072K), 3 survivors (3072K)
[113.303s][debug][gc,heap           ] GC(2582)  Metaspace       used 10016K, capacity 10304K, committed 10624K, reserved 1058816K
[113.303s][debug][gc,heap           ] GC(2582)   class space    used 1152K, capacity 1266K, committed 1408K, reserved 1048576K
[113.303s][info ][gc                ] GC(2582) Pause Young (Normal) (G1 Evacuation Pause) 792M->21M(1293M) 2.028ms
[113.303s][info ][gc,cpu            ] GC(2582) User=0.00s Sys=0.00s Real=0.01s
[113.303s][info ][safepoint         ] Safepoint "G1CollectForAllocation", Time since last: 39077236 ns, Reaching safepoint: 134737 ns, At safepoint: 2191033 ns, Total: 2325770 ns
[113.341s][debug][gc,heap           ] GC(2583) Heap before GC invocations=2583 (full 1): garbage-first heap   total 1324032K, used 811035K [0x0000000700000000, 0x0000000800000000)
[113.341s][debug][gc,heap           ] GC(2583)   region size 1024K, 775 young (793600K), 3 survivors (3072K)
[113.341s][debug][gc,heap           ] GC(2583)  Metaspace       used 10016K, capacity 10304K, committed 10624K, reserved 1058816K
[113.341s][debug][gc,heap           ] GC(2583)   class space    used 1152K, capacity 1266K, committed 1408K, reserved 1048576K
[113.341s][info ][gc,start          ] GC(2583) Pause Young (Normal) (G1 Evacuation Pause)
[113.341s][info ][gc,task           ] GC(2583) Using 8 workers of 8 for evacuation
[113.341s][debug][gc,tlab           ] GC(2583) TLAB totals: thrds: 8  refills: 9 max: 2 slow allocs: 1538 max 229 waste: 33.4% gc: 876928B max: 152088B slow: 13440B max: 13440B fast: 0B max: 0B
[113.341s][debug][gc,age            ] GC(2583) Desired survivor size 50855936 bytes, new threshold 15 (max threshold 15)
[113.341s][debug][gc,alloc,region   ] GC(2583) Mutator Allocation stats, regions: 772, wasted size: 180M (23.4%)
[113.341s][debug][gc,ergo           ] GC(2583) Running G1 Merge Heap Roots using 8 workers for 775 regions
[113.341s][debug][gc,remset         ] GC(2583) Visited cards 256 Total dirty 2048 (12.50%) Total old 3215360 (0.01%)
[113.342s][debug][gc,ergo           ] GC(2583) Running G1 Clear Card Table Task using 2 workers for 2 units of work for 776 regions.
[113.342s][debug][gc,ref            ] GC(2583) Skipped phase1 of Reference Processing due to unavailable references
[113.342s][debug][gc,ref            ] GC(2583) Skipped phase2 of Reference Processing due to unavailable references
[113.342s][debug][gc,ref            ] GC(2583) Skipped phase3 of Reference Processing due to unavailable references
[113.342s][debug][gc,ref            ] GC(2583) Skipped phase4 of Reference Processing due to unavailable references
[113.342s][debug][gc,ergo           ] GC(2583) Running G1 Free Collection Set using 8 workers for collection set length 775 (1293)
[113.342s][debug][gc,ergo           ] GC(2583) Running G1 Rebuild Free List Task using 8 workers for rebuilding free list of 0 (4096) regions
[113.342s][trace][gc,age            ] GC(2583) Age table with threshold 15 (max threshold 15)
[113.342s][trace][gc,age            ] GC(2583) - age   1:    3202560 bytes,    3202560 total
[113.342s][debug][gc,plab           ] GC(2583) Young PLAB allocation: allocated: 16512B, wasted: 0B, unused: 14064B, used: 2448B, undo waste: 0B, 
[113.342s][debug][gc,plab           ] GC(2583) Young other allocation: region end waste: 731192B, regions filled: 4, direct allocated: 3200112B, failure used: 0B, failure wasted: 0B
[113.342s][debug][gc,plab           ] GC(2583) Young sizing: calculated: 0B, actual: 2064B
[113.342s][debug][gc,plab           ] GC(2583) Old PLAB allocation: allocated: 0B, wasted: 0B, unused: 0B, used: 0B, undo waste: 0B, 
[113.342s][debug][gc,plab           ] GC(2583) Old other allocation: region end waste: 0B, regions filled: 1, direct allocated: 0B, failure used: 0B, failure wasted: 0B
[113.342s][debug][gc,plab           ] GC(2583) Old sizing: calculated: 0B, actual: 2064B
[113.342s][debug][gc,ihop           ] GC(2583) Basic information (value update), threshold: 610113945B (45.00), target occupancy: 1355808768B, current occupancy: 23095080B, recent allocation size: 0B, recent allocation duration: 38.57ms, recent old gen allocation rate: 0.00B/s, recent marking phase length: 30.68ms
[113.342s][debug][gc,ihop           ] GC(2583) Adaptive IHOP information (value update), threshold: 610113945B (47.37), internal target occupancy: 1288018329B, occupancy: 23095080B, additional buffer size: 812646400B, predicted old gen allocation rate: 10.02B/s, predicted marking phase length: 61.36ms, prediction active: false
[113.342s][debug][gc,ergo,refine    ] GC(2583) Concurrent refinement times: Logged Cards Scan time goal: 20.00ms Logged Cards Scan time: 0.00ms HCC time: 0.00ms
[113.342s][debug][gc,ergo,refine    ] GC(2583) Updated Refinement Zones: green: 2048, yellow: 6144, red: 10240
[113.342s][info ][gc,phases         ] GC(2583)   Pre Evacuate Collection Set: 0.1ms
[113.342s][debug][gc,phases         ] GC(2583)     Prepare TLABs: 0.0ms
[113.342s][debug][gc,phases         ] GC(2583)     Choose Collection Set: 0.0ms
[113.342s][debug][gc,phases         ] GC(2583)     Region Register: 0.1ms
[113.342s][debug][gc,phases         ] GC(2583)     Prepare Heap Roots: 0.0ms
[113.342s][info ][gc,phases         ] GC(2583)   Merge Heap Roots: 0.1ms
[113.342s][debug][gc,phases         ] GC(2583)     Prepare Merge Heap Roots: 0.0ms
[113.342s][debug][gc,phases         ] GC(2583)     Eager Reclaim (ms):       skipped
[113.342s][debug][gc,phases         ] GC(2583)     Remembered Sets (ms):     Min:  0.0, Avg:  0.0, Max:  0.0, Diff:  0.0, Sum:  0.2, Workers: 8
[113.342s][debug][gc,phases         ] GC(2583)       Merged Sparse:            Min: 0, Avg:  0.0, Max: 0, Diff: 0, Sum: 0, Workers: 8
[113.342s][debug][gc,phases         ] GC(2583)       Merged Fine:              Min: 0, Avg:  0.0, Max: 0, Diff: 0, Sum: 0, Workers: 8
[113.342s][debug][gc,phases         ] GC(2583)       Merged Coarse:            Min: 0, Avg:  0.0, Max: 0, Diff: 0, Sum: 0, Workers: 8
[113.342s][debug][gc,phases         ] GC(2583)       Dirty Cards:              Min: 0, Avg:  0.0, Max: 0, Diff: 0, Sum: 0, Workers: 8
[113.342s][debug][gc,phases         ] GC(2583)     Hot Card Cache (ms):      Min:  0.0, Avg:  0.0, Max:  0.0, Diff:  0.0, Sum:  0.0, Workers: 8
[113.342s][debug][gc,phases         ] GC(2583)       Dirty Cards:              Min: 0, Avg:  0.0, Max: 0, Diff: 0, Sum: 0, Workers: 8
[113.342s][debug][gc,phases         ] GC(2583)       Skipped Cards:            Min: 0, Avg:  0.0, Max: 0, Diff: 0, Sum: 0, Workers: 8
[113.342s][debug][gc,phases         ] GC(2583)     Log Buffers (ms):         Min:  0.0, Avg:  0.0, Max:  0.0, Diff:  0.0, Sum:  0.0, Workers: 8
[113.342s][debug][gc,phases         ] GC(2583)       Dirty Cards:              Min: 0, Avg:  0.1, Max: 1, Diff: 1, Sum: 1, Workers: 8
[113.342s][debug][gc,phases         ] GC(2583)       Skipped Cards:            Min: 0, Avg:  0.0, Max: 0, Diff: 0, Sum: 0, Workers: 8
[113.342s][info ][gc,phases         ] GC(2583)   Evacuate Collection Set: 0.4ms
[113.342s][debug][gc,phases         ] GC(2583)     Ext Root Scanning (ms):   Min:  0.1, Avg:  0.2, Max:  0.3, Diff:  0.2, Sum:  1.5, Workers: 8
[113.342s][debug][gc,phases         ] GC(2583)     Scan Heap Roots (ms):     Min:  0.0, Avg:  0.0, Max:  0.0, Diff:  0.0, Sum:  0.0, Workers: 8
[113.342s][debug][gc,phases         ] GC(2583)       Scanned Cards:            Min: 0, Avg:  0.1, Max: 1, Diff: 1, Sum: 1, Workers: 8
[113.342s][debug][gc,phases         ] GC(2583)       Scanned Blocks:           Min: 0, Avg:  0.1, Max: 1, Diff: 1, Sum: 1, Workers: 8
[113.342s][debug][gc,phases         ] GC(2583)       Claimed Chunks:           Min: 0, Avg:  0.1, Max: 1, Diff: 1, Sum: 1, Workers: 8
[113.342s][debug][gc,phases         ] GC(2583)     Code Root Scan (ms):      Min:  0.0, Avg:  0.0, Max:  0.0, Diff:  0.0, Sum:  0.1, Workers: 8
[113.342s][debug][gc,phases         ] GC(2583)     Object Copy (ms):         Min:  0.0, Avg:  0.0, Max:  0.0, Diff:  0.0, Sum:  0.0, Workers: 8
[113.342s][debug][gc,phases         ] GC(2583)     Termination (ms):         Min:  0.0, Avg:  0.1, Max:  0.1, Diff:  0.1, Sum:  0.5, Workers: 8
[113.342s][debug][gc,phases         ] GC(2583)       Termination Attempts:     Min: 1, Avg:  1.1, Max: 2, Diff: 1, Sum: 9, Workers: 8
[113.342s][debug][gc,phases         ] GC(2583)     GC Worker Other (ms):     Min:  0.0, Avg:  0.0, Max:  0.1, Diff:  0.1, Sum:  0.3, Workers: 8
[113.342s][debug][gc,phases         ] GC(2583)     GC Worker Total (ms):     Min:  0.3, Avg:  0.3, Max:  0.4, Diff:  0.1, Sum:  2.5, Workers: 8
[113.342s][info ][gc,phases         ] GC(2583)   Post Evacuate Collection Set: 0.5ms
[113.342s][debug][gc,phases         ] GC(2583)     Code Roots Fixup: 0.0ms
[113.342s][debug][gc,phases         ] GC(2583)     Clear Card Table: 0.1ms
[113.342s][debug][gc,phases         ] GC(2583)     Reference Processing: 0.0ms
[113.342s][debug][gc,phases,ref     ] GC(2583)       Reconsider SoftReferences: 0.0ms
[113.342s][debug][gc,phases,ref     ] GC(2583)         SoftRef (ms):             skipped
[113.342s][debug][gc,phases,ref     ] GC(2583)       Notify Soft/WeakReferences: 0.0ms
[113.342s][debug][gc,phases,ref     ] GC(2583)         SoftRef (ms):             skipped
[113.342s][debug][gc,phases,ref     ] GC(2583)         WeakRef (ms):             skipped
[113.342s][debug][gc,phases,ref     ] GC(2583)         FinalRef (ms):            skipped
[113.342s][debug][gc,phases,ref     ] GC(2583)         Total (ms):               skipped
[113.342s][debug][gc,phases,ref     ] GC(2583)       Notify and keep alive finalizable: 0.0ms
[113.342s][debug][gc,phases,ref     ] GC(2583)         FinalRef (ms):            skipped
[113.342s][debug][gc,phases,ref     ] GC(2583)       Notify PhantomReferences: 0.0ms
[113.342s][debug][gc,phases,ref     ] GC(2583)         PhantomRef (ms):          skipped
[113.342s][debug][gc,phases,ref     ] GC(2583)       SoftReference:
[113.342s][debug][gc,phases,ref     ] GC(2583)         Discovered: 0
[113.342s][debug][gc,phases,ref     ] GC(2583)         Cleared: 0
[113.343s][debug][gc,phases,ref     ] GC(2583)       WeakReference:
[113.343s][debug][gc,phases,ref     ] GC(2583)         Discovered: 0
[113.343s][debug][gc,phases,ref     ] GC(2583)         Cleared: 0
[113.343s][debug][gc,phases,ref     ] GC(2583)       FinalReference:
[113.343s][debug][gc,phases,ref     ] GC(2583)         Discovered: 0
[113.343s][debug][gc,phases,ref     ] GC(2583)         Cleared: 0
[113.343s][debug][gc,phases,ref     ] GC(2583)       PhantomReference:
[113.343s][debug][gc,phases,ref     ] GC(2583)         Discovered: 0
[113.343s][debug][gc,phases,ref     ] GC(2583)         Cleared: 0
[113.343s][debug][gc,phases         ] GC(2583)     Weak Processing: 0.1ms
[113.343s][debug][gc,phases         ] GC(2583)       JVMTI weak processing: 0.0ms
[113.343s][debug][gc,phases         ] GC(2583)         Dead: 0
[113.343s][debug][gc,phases         ] GC(2583)         Total: 0
[113.343s][debug][gc,phases         ] GC(2583)       JFR weak processing: 0.0ms
[113.343s][debug][gc,phases         ] GC(2583)         Dead: 0
[113.343s][debug][gc,phases         ] GC(2583)         Total: 0
[113.343s][debug][gc,phases         ] GC(2583)       JNI weak                  Min:  0.0, Avg:  0.0, Max:  0.0, Diff:  0.0, Sum:  0.0, Workers: 5
[113.343s][debug][gc,phases         ] GC(2583)         Dead                      Min: 0, Avg:  0.0, Max: 0, Diff: 0, Sum: 0, Workers: 5
[113.343s][debug][gc,phases         ] GC(2583)         Total                     Min: 0, Avg: 20.4, Max: 62, Diff: 62, Sum: 102, Workers: 5
[113.343s][debug][gc,phases         ] GC(2583)       VM weak                   Min:  0.0, Avg:  0.0, Max:  0.0, Diff:  0.0, Sum:  0.0, Workers: 5
[113.343s][debug][gc,phases         ] GC(2583)         Dead                      Min: 0, Avg:  0.0, Max: 0, Diff: 0, Sum: 0, Workers: 5
[113.343s][debug][gc,phases         ] GC(2583)         Total                     Min: 0, Avg: 42.4, Max: 128, Diff: 128, Sum: 212, Workers: 5
[113.343s][debug][gc,phases         ] GC(2583)       StringTable weak          Min:  0.0, Avg:  0.0, Max:  0.0, Diff:  0.0, Sum:  0.1, Workers: 5
[113.343s][debug][gc,phases         ] GC(2583)         Dead                      Min: 0, Avg:  0.0, Max: 0, Diff: 0, Sum: 0, Workers: 5
[113.343s][debug][gc,phases         ] GC(2583)         Total                     Min: 0, Avg: 684.6, Max: 1760, Diff: 1760, Sum: 3423, Workers: 5
[113.343s][debug][gc,phases         ] GC(2583)       ResolvedMethodTable weak  Min:  0.0, Avg:  0.0, Max:  0.0, Diff:  0.0, Sum:  0.0, Workers: 5
[113.343s][debug][gc,phases         ] GC(2583)         Dead                      Min: 0, Avg:  0.0, Max: 0, Diff: 0, Sum: 0, Workers: 5
[113.343s][debug][gc,phases         ] GC(2583)         Total                     Min: 0, Avg: 114.6, Max: 317, Diff: 317, Sum: 573, Workers: 5
[113.343s][debug][gc,phases         ] GC(2583)     Merge Per-Thread State: 0.0ms
[113.343s][debug][gc,phases         ] GC(2583)       Copied Bytes              Min: 536, Avg: 400320.0, Max: 800096, Diff: 799560, Sum: 3202560, Workers: 8
[113.343s][debug][gc,phases         ] GC(2583)       LAB Waste                 Min: 0, Avg:  0.0, Max: 0, Diff: 0, Sum: 0, Workers: 8
[113.343s][debug][gc,phases         ] GC(2583)       LAB Undo Waste            Min: 0, Avg:  0.0, Max: 0, Diff: 0, Sum: 0, Workers: 8
[113.343s][debug][gc,phases         ] GC(2583)     Code Roots Purge: 0.0ms
[113.343s][debug][gc,phases         ] GC(2583)     Redirty Cards: 0.0ms
[113.343s][debug][gc,phases         ] GC(2583)     DerivedPointerTable Update: 0.0ms
[113.343s][debug][gc,phases         ] GC(2583)     Free Collection Set: 0.2ms
[113.343s][debug][gc,phases         ] GC(2583)     Rebuild Free List: 0.1ms
[113.343s][debug][gc,phases         ] GC(2583)     Humongous Reclaim: 0.0ms
[113.343s][debug][gc,phases         ] GC(2583)     Start New Collection Set: 0.0ms
[113.343s][debug][gc,phases         ] GC(2583)     Resize TLABs: 0.0ms
[113.343s][debug][gc,phases         ] GC(2583)     Expand Heap After Collection: 0.0ms
[113.343s][info ][gc,phases         ] GC(2583)   Other: 0.3ms
[113.343s][info ][gc,heap           ] GC(2583) Eden regions: 772->0(771)
[113.343s][info ][gc,heap           ] GC(2583) Survivor regions: 3->4(97)
[113.343s][info ][gc,heap           ] GC(2583) Old regions: 18->18
[113.343s][info ][gc,heap           ] GC(2583) Archive regions: 2->2
[113.343s][info ][gc,heap           ] GC(2583) Humongous regions: 0->0
[113.343s][info ][gc,metaspace      ] GC(2583) Metaspace: 10016K(10624K)->10016K(10624K) NonClass: 8864K(9216K)->8864K(9216K) Class: 1152K(1408K)->1152K(1408K)
[113.343s][debug][gc,heap           ] GC(2583) Heap after GC invocations=2584 (full 1): garbage-first heap   total 1324032K, used 22553K [0x0000000700000000, 0x0000000800000000)
[113.343s][debug][gc,heap           ] GC(2583)   region size 1024K, 4 young (4096K), 4 survivors (4096K)
[113.343s][debug][gc,heap           ] GC(2583)  Metaspace       used 10016K, capacity 10304K, committed 10624K, reserved 1058816K
[113.343s][debug][gc,heap           ] GC(2583)   class space    used 1152K, capacity 1266K, committed 1408K, reserved 1048576K
[113.343s][info ][gc                ] GC(2583) Pause Young (Normal) (G1 Evacuation Pause) 792M->22M(1293M) 2.037ms
[113.343s][info ][gc,cpu            ] GC(2583) User=0.00s Sys=0.01s Real=0.01s
[113.343s][info ][safepoint         ] Safepoint "G1CollectForAllocation", Time since last: 37489856 ns, Reaching safepoint: 178975 ns, At safepoint: 2263153 ns, Total: 2442128 ns
[113.381s][debug][gc,heap           ] GC(2584) Heap before GC invocations=2584 (full 1): garbage-first heap   total 1324032K, used 811033K [0x0000000700000000, 0x0000000800000000)
[113.381s][debug][gc,heap           ] GC(2584)   region size 1024K, 775 young (793600K), 4 survivors (4096K)
[113.381s][debug][gc,heap           ] GC(2584)  Metaspace       used 10016K, capacity 10304K, committed 10624K, reserved 1058816K
[113.381s][debug][gc,heap           ] GC(2584)   class space    used 1152K, capacity 1266K, committed 1408K, reserved 1048576K
[113.381s][info ][gc,start          ] GC(2584) Pause Young (Normal) (G1 Evacuation Pause)
[113.381s][info ][gc,task           ] GC(2584) Using 8 workers of 8 for evacuation
[113.381s][debug][gc,tlab           ] GC(2584) TLAB totals: thrds: 8  refills: 15 max: 3 slow allocs: 1537 max 216 waste: 32.9% gc: 1191416B max: 227936B slow: 72320B max: 15488B fast: 0B max: 0B
[113.381s][debug][gc,age            ] GC(2584) Desired survivor size 50855936 bytes, new threshold 15 (max threshold 15)
[113.381s][debug][gc,alloc,region   ] GC(2584) Mutator Allocation stats, regions: 771, wasted size: 180M (23.4%)
[113.381s][debug][gc,ergo           ] GC(2584) Running G1 Merge Heap Roots using 8 workers for 775 regions
[113.381s][debug][gc,remset         ] GC(2584) Visited cards 256 Total dirty 2048 (12.50%) Total old 3215360 (0.01%)
[113.382s][debug][gc,ergo           ] GC(2584) Running G1 Clear Card Table Task using 2 workers for 2 units of work for 776 regions.
[113.382s][debug][gc,ref            ] GC(2584) Skipped phase1 of Reference Processing due to unavailable references
[113.382s][debug][gc,ref            ] GC(2584) Skipped phase2 of Reference Processing due to unavailable references
[113.382s][debug][gc,ref            ] GC(2584) Skipped phase3 of Reference Processing due to unavailable references
[113.382s][debug][gc,ref            ] GC(2584) Skipped phase4 of Reference Processing due to unavailable references
[113.382s][debug][gc,ergo           ] GC(2584) Running G1 Free Collection Set using 8 workers for collection set length 775 (1293)
[113.382s][debug][gc,ergo           ] GC(2584) Running G1 Rebuild Free List Task using 8 workers for rebuilding free list of 0 (4096) regions
[113.382s][trace][gc,age            ] GC(2584) Age table with threshold 15 (max threshold 15)
[113.382s][trace][gc,age            ] GC(2584) - age   1:    4002592 bytes,    4002592 total
[113.382s][debug][gc,plab           ] GC(2584) Young PLAB allocation: allocated: 16512B, wasted: 0B, unused: 14064B, used: 2448B, undo waste: 0B, 
[113.382s][debug][gc,plab           ] GC(2584) Young other allocation: region end waste: 981792B, regions filled: 5, direct allocated: 4000144B, failure used: 0B, failure wasted: 0B
[113.382s][debug][gc,plab           ] GC(2584) Young sizing: calculated: 0B, actual: 2064B
[113.382s][debug][gc,plab           ] GC(2584) Old PLAB allocation: allocated: 0B, wasted: 0B, unused: 0B, used: 0B, undo waste: 0B, 
[113.382s][debug][gc,plab           ] GC(2584) Old other allocation: region end waste: 0B, regions filled: 1, direct allocated: 0B, failure used: 0B, failure wasted: 0B
[113.382s][debug][gc,plab           ] GC(2584) Old sizing: calculated: 0B, actual: 2064B
[113.382s][debug][gc,ihop           ] GC(2584) Basic information (value update), threshold: 610113945B (45.00), target occupancy: 1355808768B, current occupancy: 24145712B, recent allocation size: 0B, recent allocation duration: 38.67ms, recent old gen allocation rate: 0.00B/s, recent marking phase length: 30.68ms
[113.382s][debug][gc,ihop           ] GC(2584) Adaptive IHOP information (value update), threshold: 610113945B (47.37), internal target occupancy: 1288018329B, occupancy: 24145712B, additional buffer size: 812646400B, predicted old gen allocation rate: 9.76B/s, predicted marking phase length: 61.36ms, prediction active: false
[113.382s][debug][gc,ergo,refine    ] GC(2584) Concurrent refinement times: Logged Cards Scan time goal: 20.00ms Logged Cards Scan time: 0.00ms HCC time: 0.00ms
[113.382s][debug][gc,ergo,refine    ] GC(2584) Updated Refinement Zones: green: 2048, yellow: 6144, red: 10240
[113.382s][info ][gc,phases         ] GC(2584)   Pre Evacuate Collection Set: 0.1ms
[113.382s][debug][gc,phases         ] GC(2584)     Prepare TLABs: 0.0ms
[113.382s][debug][gc,phases         ] GC(2584)     Choose Collection Set: 0.0ms
[113.382s][debug][gc,phases         ] GC(2584)     Region Register: 0.1ms
[113.382s][debug][gc,phases         ] GC(2584)     Prepare Heap Roots: 0.0ms
[113.382s][info ][gc,phases         ] GC(2584)   Merge Heap Roots: 0.2ms
[113.382s][debug][gc,phases         ] GC(2584)     Prepare Merge Heap Roots: 0.0ms
[113.382s][debug][gc,phases         ] GC(2584)     Eager Reclaim (ms):       skipped
[113.382s][debug][gc,phases         ] GC(2584)     Remembered Sets (ms):     Min:  0.0, Avg:  0.0, Max:  0.0, Diff:  0.0, Sum:  0.2, Workers: 8
[113.382s][debug][gc,phases         ] GC(2584)       Merged Sparse:            Min: 0, Avg:  0.0, Max: 0, Diff: 0, Sum: 0, Workers: 8
[113.382s][debug][gc,phases         ] GC(2584)       Merged Fine:              Min: 0, Avg:  0.0, Max: 0, Diff: 0, Sum: 0, Workers: 8
[113.382s][debug][gc,phases         ] GC(2584)       Merged Coarse:            Min: 0, Avg:  0.0, Max: 0, Diff: 0, Sum: 0, Workers: 8
[113.382s][debug][gc,phases         ] GC(2584)       Dirty Cards:              Min: 0, Avg:  0.0, Max: 0, Diff: 0, Sum: 0, Workers: 8
[113.382s][debug][gc,phases         ] GC(2584)     Hot Card Cache (ms):      Min:  0.0, Avg:  0.0, Max:  0.0, Diff:  0.0, Sum:  0.0, Workers: 8
[113.382s][debug][gc,phases         ] GC(2584)       Dirty Cards:              Min: 0, Avg:  0.0, Max: 0, Diff: 0, Sum: 0, Workers: 8
[113.382s][debug][gc,phases         ] GC(2584)       Skipped Cards:            Min: 0, Avg:  0.0, Max: 0, Diff: 0, Sum: 0, Workers: 8
[113.382s][debug][gc,phases         ] GC(2584)     Log Buffers (ms):         Min:  0.0, Avg:  0.0, Max:  0.0, Diff:  0.0, Sum:  0.0, Workers: 8
[113.382s][debug][gc,phases         ] GC(2584)       Dirty Cards:              Min: 0, Avg:  0.1, Max: 1, Diff: 1, Sum: 1, Workers: 8
[113.382s][debug][gc,phases         ] GC(2584)       Skipped Cards:            Min: 0, Avg:  0.0, Max: 0, Diff: 0, Sum: 0, Workers: 8
[113.382s][info ][gc,phases         ] GC(2584)   Evacuate Collection Set: 0.5ms
[113.382s][debug][gc,phases         ] GC(2584)     Ext Root Scanning (ms):   Min:  0.2, Avg:  0.3, Max:  0.4, Diff:  0.1, Sum:  2.3, Workers: 8
[113.382s][debug][gc,phases         ] GC(2584)     Scan Heap Roots (ms):     Min:  0.0, Avg:  0.0, Max:  0.0, Diff:  0.0, Sum:  0.0, Workers: 8
[113.382s][debug][gc,phases         ] GC(2584)       Scanned Cards:            Min: 0, Avg:  0.1, Max: 1, Diff: 1, Sum: 1, Workers: 8
[113.382s][debug][gc,phases         ] GC(2584)       Scanned Blocks:           Min: 0, Avg:  0.1, Max: 1, Diff: 1, Sum: 1, Workers: 8
[113.383s][debug][gc,phases         ] GC(2584)       Claimed Chunks:           Min: 0, Avg:  0.1, Max: 1, Diff: 1, Sum: 1, Workers: 8
[113.383s][debug][gc,phases         ] GC(2584)     Code Root Scan (ms):      Min:  0.0, Avg:  0.0, Max:  0.0, Diff:  0.0, Sum:  0.2, Workers: 8
[113.383s][debug][gc,phases         ] GC(2584)     Object Copy (ms):         Min:  0.0, Avg:  0.0, Max:  0.0, Diff:  0.0, Sum:  0.0, Workers: 8
[113.383s][debug][gc,phases         ] GC(2584)     Termination (ms):         Min:  0.0, Avg:  0.1, Max:  0.1, Diff:  0.0, Sum:  0.5, Workers: 8
[113.383s][debug][gc,phases         ] GC(2584)       Termination Attempts:     Min: 1, Avg:  1.0, Max: 1, Diff: 0, Sum: 8, Workers: 8
[113.383s][debug][gc,phases         ] GC(2584)     GC Worker Other (ms):     Min:  0.0, Avg:  0.1, Max:  0.1, Diff:  0.0, Sum:  0.4, Workers: 8
[113.383s][debug][gc,phases         ] GC(2584)     GC Worker Total (ms):     Min:  0.4, Avg:  0.4, Max:  0.5, Diff:  0.1, Sum:  3.4, Workers: 8
[113.383s][info ][gc,phases         ] GC(2584)   Post Evacuate Collection Set: 0.5ms
[113.383s][debug][gc,phases         ] GC(2584)     Code Roots Fixup: 0.0ms
[113.383s][debug][gc,phases         ] GC(2584)     Clear Card Table: 0.2ms
[113.383s][debug][gc,phases         ] GC(2584)     Reference Processing: 0.0ms
[113.383s][debug][gc,phases,ref     ] GC(2584)       Reconsider SoftReferences: 0.0ms
[113.383s][debug][gc,phases,ref     ] GC(2584)         SoftRef (ms):             skipped
[113.383s][debug][gc,phases,ref     ] GC(2584)       Notify Soft/WeakReferences: 0.0ms
[113.383s][debug][gc,phases,ref     ] GC(2584)         SoftRef (ms):             skipped
[113.383s][debug][gc,phases,ref     ] GC(2584)         WeakRef (ms):             skipped
[113.383s][debug][gc,phases,ref     ] GC(2584)         FinalRef (ms):            skipped
[113.383s][debug][gc,phases,ref     ] GC(2584)         Total (ms):               skipped
[113.383s][debug][gc,phases,ref     ] GC(2584)       Notify and keep alive finalizable: 0.0ms
[113.383s][debug][gc,phases,ref     ] GC(2584)         FinalRef (ms):            skipped
[113.383s][debug][gc,phases,ref     ] GC(2584)       Notify PhantomReferences: 0.0ms
[113.383s][debug][gc,phases,ref     ] GC(2584)         PhantomRef (ms):          skipped
[113.383s][debug][gc,phases,ref     ] GC(2584)       SoftReference:
[113.383s][debug][gc,phases,ref     ] GC(2584)         Discovered: 0
[113.383s][debug][gc,phases,ref     ] GC(2584)         Cleared: 0
[113.383s][debug][gc,phases,ref     ] GC(2584)       WeakReference:
[113.383s][debug][gc,phases,ref     ] GC(2584)         Discovered: 0
[113.383s][debug][gc,phases,ref     ] GC(2584)         Cleared: 0
[113.383s][debug][gc,phases,ref     ] GC(2584)       FinalReference:
[113.383s][debug][gc,phases,ref     ] GC(2584)         Discovered: 0
[113.383s][debug][gc,phases,ref     ] GC(2584)         Cleared: 0
[113.383s][debug][gc,phases,ref     ] GC(2584)       PhantomReference:
[113.383s][debug][gc,phases,ref     ] GC(2584)         Discovered: 0
[113.383s][debug][gc,phases,ref     ] GC(2584)         Cleared: 0
[113.383s][debug][gc,phases         ] GC(2584)     Weak Processing: 0.0ms
[113.383s][debug][gc,phases         ] GC(2584)       JVMTI weak processing: 0.0ms
[113.383s][debug][gc,phases         ] GC(2584)         Dead: 0
[113.383s][debug][gc,phases         ] GC(2584)         Total: 0
[113.383s][debug][gc,phases         ] GC(2584)       JFR weak processing: 0.0ms
[113.383s][debug][gc,phases         ] GC(2584)         Dead: 0
[113.383s][debug][gc,phases         ] GC(2584)         Total: 0
[113.383s][debug][gc,phases         ] GC(2584)       JNI weak                  Min:  0.0, Avg:  0.0, Max:  0.0, Diff:  0.0, Sum:  0.0, Workers: 5
[113.383s][debug][gc,phases         ] GC(2584)         Dead                      Min: 0, Avg:  0.0, Max: 0, Diff: 0, Sum: 0, Workers: 5
[113.383s][debug][gc,phases         ] GC(2584)         Total                     Min: 0, Avg: 20.4, Max: 62, Diff: 62, Sum: 102, Workers: 5
[113.383s][debug][gc,phases         ] GC(2584)       VM weak                   Min:  0.0, Avg:  0.0, Max:  0.0, Diff:  0.0, Sum:  0.0, Workers: 5
[113.383s][debug][gc,phases         ] GC(2584)         Dead                      Min: 0, Avg:  0.0, Max: 0, Diff: 0, Sum: 0, Workers: 5
[113.383s][debug][gc,phases         ] GC(2584)         Total                     Min: 0, Avg: 42.4, Max: 128, Diff: 128, Sum: 212, Workers: 5
[113.383s][debug][gc,phases         ] GC(2584)       StringTable weak          Min:  0.0, Avg:  0.0, Max:  0.0, Diff:  0.0, Sum:  0.1, Workers: 5
[113.383s][debug][gc,phases         ] GC(2584)         Dead                      Min: 0, Avg:  0.0, Max: 0, Diff: 0, Sum: 0, Workers: 5
[113.383s][debug][gc,phases         ] GC(2584)         Total                     Min: 0, Avg: 684.6, Max: 896, Diff: 896, Sum: 3423, Workers: 5
[113.383s][debug][gc,phases         ] GC(2584)       ResolvedMethodTable weak  Min:  0.0, Avg:  0.0, Max:  0.0, Diff:  0.0, Sum:  0.0, Workers: 5
[113.383s][debug][gc,phases         ] GC(2584)         Dead                      Min: 0, Avg:  0.0, Max: 0, Diff: 0, Sum: 0, Workers: 5
[113.383s][debug][gc,phases         ] GC(2584)         Total                     Min: 0, Avg: 114.6, Max: 189, Diff: 189, Sum: 573, Workers: 5
[113.383s][debug][gc,phases         ] GC(2584)     Merge Per-Thread State: 0.0ms
[113.383s][debug][gc,phases         ] GC(2584)       Copied Bytes              Min: 400088, Avg: 500324.0, Max: 800256, Diff: 400168, Sum: 4002592, Workers: 8
[113.383s][debug][gc,phases         ] GC(2584)       LAB Waste                 Min: 0, Avg:  0.0, Max: 0, Diff: 0, Sum: 0, Workers: 8
[113.383s][debug][gc,phases         ] GC(2584)       LAB Undo Waste            Min: 0, Avg:  0.0, Max: 0, Diff: 0, Sum: 0, Workers: 8
[113.383s][debug][gc,phases         ] GC(2584)     Code Roots Purge: 0.0ms
[113.383s][debug][gc,phases         ] GC(2584)     Redirty Cards: 0.0ms
[113.383s][debug][gc,phases         ] GC(2584)     DerivedPointerTable Update: 0.0ms
[113.383s][debug][gc,phases         ] GC(2584)     Free Collection Set: 0.2ms
[113.383s][debug][gc,phases         ] GC(2584)     Rebuild Free List: 0.1ms
[113.383s][debug][gc,phases         ] GC(2584)     Humongous Reclaim: 0.0ms
[113.383s][debug][gc,phases         ] GC(2584)     Start New Collection Set: 0.0ms
[113.383s][debug][gc,phases         ] GC(2584)     Resize TLABs: 0.0ms
[113.383s][debug][gc,phases         ] GC(2584)     Expand Heap After Collection: 0.0ms
[113.383s][info ][gc,phases         ] GC(2584)   Other: 0.3ms
[113.383s][info ][gc,heap           ] GC(2584) Eden regions: 771->0(770)
[113.383s][info ][gc,heap           ] GC(2584) Survivor regions: 4->5(97)
[113.383s][info ][gc,heap           ] GC(2584) Old regions: 18->18
[113.383s][info ][gc,heap           ] GC(2584) Archive regions: 2->2
[113.383s][info ][gc,heap           ] GC(2584) Humongous regions: 0->0
[113.383s][info ][gc,metaspace      ] GC(2584) Metaspace: 10016K(10624K)->10016K(10624K) NonClass: 8864K(9216K)->8864K(9216K) Class: 1152K(1408K)->1152K(1408K)
[113.383s][debug][gc,heap           ] GC(2584) Heap after GC invocations=2585 (full 1): garbage-first heap   total 1324032K, used 23579K [0x0000000700000000, 0x0000000800000000)
[113.383s][debug][gc,heap           ] GC(2584)   region size 1024K, 5 young (5120K), 5 survivors (5120K)
[113.383s][debug][gc,heap           ] GC(2584)  Metaspace       used 10016K, capacity 10304K, committed 10624K, reserved 1058816K
[113.383s][debug][gc,heap           ] GC(2584)   class space    used 1152K, capacity 1266K, committed 1408K, reserved 1048576K
[113.383s][info ][gc                ] GC(2584) Pause Young (Normal) (G1 Evacuation Pause) 792M->23M(1293M) 2.228ms
[113.383s][info ][gc,cpu            ] GC(2584) User=0.01s Sys=0.00s Real=0.01s
[113.383s][info ][safepoint         ] Safepoint "G1CollectForAllocation", Time since last: 37563542 ns, Reaching safepoint: 147562 ns, At safepoint: 2390988 ns, Total: 2538550 ns
[113.420s][debug][gc,heap           ] GC(2585) Heap before GC invocations=2585 (full 1): garbage-first heap   total 1324032K, used 811035K [0x0000000700000000, 0x0000000800000000)
[113.420s][debug][gc,heap           ] GC(2585)   region size 1024K, 775 young (793600K), 5 survivors (5120K)
[113.420s][debug][gc,heap           ] GC(2585)  Metaspace       used 10016K, capacity 10304K, committed 10624K, reserved 1058816K
[113.420s][debug][gc,heap           ] GC(2585)   class space    used 1152K, capacity 1266K, committed 1408K, reserved 1048576K
[113.420s][info ][gc,start          ] GC(2585) Pause Young (Normal) (G1 Evacuation Pause)
[113.420s][info ][gc,task           ] GC(2585) Using 8 workers of 8 for evacuation
[113.420s][debug][gc,tlab           ] GC(2585) TLAB totals: thrds: 8  refills: 11 max: 3 slow allocs: 1532 max 231 waste: 39.2% gc: 1114152B max: 215296B slow: 28928B max: 15488B fast: 0B max: 0B
[113.420s][debug][gc,age            ] GC(2585) Desired survivor size 50855936 bytes, new threshold 15 (max threshold 15)
[113.420s][debug][gc,alloc,region   ] GC(2585) Mutator Allocation stats, regions: 770, wasted size: 180M (23.4%)
[113.421s][debug][gc,ergo           ] GC(2585) Running G1 Merge Heap Roots using 8 workers for 775 regions
[113.421s][debug][gc,remset         ] GC(2585) Visited cards 512 Total dirty 4096 (12.50%) Total old 3215360 (0.02%)
[113.421s][debug][gc,ergo           ] GC(2585) Running G1 Clear Card Table Task using 2 workers for 2 units of work for 777 regions.
[113.421s][debug][gc,ref            ] GC(2585) Skipped phase1 of Reference Processing due to unavailable references
[113.421s][debug][gc,ref            ] GC(2585) Skipped phase2 of Reference Processing due to unavailable references
[113.421s][debug][gc,ref            ] GC(2585) Skipped phase3 of Reference Processing due to unavailable references
[113.421s][debug][gc,ref            ] GC(2585) Skipped phase4 of Reference Processing due to unavailable references
[113.422s][debug][gc,ergo           ] GC(2585) Running G1 Free Collection Set using 8 workers for collection set length 775 (1293)
[113.422s][debug][gc,ergo           ] GC(2585) Running G1 Rebuild Free List Task using 8 workers for rebuilding free list of 0 (4096) regions
[113.422s][trace][gc,age            ] GC(2585) Age table with threshold 15 (max threshold 15)
[113.422s][trace][gc,age            ] GC(2585) - age   1:    4002584 bytes,    4002584 total
[113.422s][debug][gc,plab           ] GC(2585) Young PLAB allocation: allocated: 16512B, wasted: 0B, unused: 14064B, used: 2448B, undo waste: 0B, 
[113.422s][debug][gc,plab           ] GC(2585) Young other allocation: region end waste: 983864B, regions filled: 5, direct allocated: 4000136B, failure used: 0B, failure wasted: 0B
[113.422s][debug][gc,plab           ] GC(2585) Young sizing: calculated: 0B, actual: 2064B
[113.422s][debug][gc,plab           ] GC(2585) Old PLAB allocation: allocated: 0B, wasted: 0B, unused: 0B, used: 0B, undo waste: 0B, 
[113.422s][debug][gc,plab           ] GC(2585) Old other allocation: region end waste: 0B, regions filled: 1, direct allocated: 0B, failure used: 0B, failure wasted: 0B
[113.422s][debug][gc,plab           ] GC(2585) Old sizing: calculated: 0B, actual: 2064B
[113.422s][debug][gc,ihop           ] GC(2585) Basic information (value update), threshold: 610113945B (45.00), target occupancy: 1355808768B, current occupancy: 24147776B, recent allocation size: 0B, recent allocation duration: 38.15ms, recent old gen allocation rate: 0.00B/s, recent marking phase length: 30.68ms
[113.422s][debug][gc,ihop           ] GC(2585) Adaptive IHOP information (value update), threshold: 610113945B (47.37), internal target occupancy: 1288018329B, occupancy: 24147776B, additional buffer size: 812646400B, predicted old gen allocation rate: 9.52B/s, predicted marking phase length: 61.36ms, prediction active: false
[113.422s][debug][gc,ergo,refine    ] GC(2585) Concurrent refinement times: Logged Cards Scan time goal: 20.00ms Logged Cards Scan time: 0.00ms HCC time: 0.00ms
[113.422s][debug][gc,ergo,refine    ] GC(2585) Updated Refinement Zones: green: 2048, yellow: 6144, red: 10240
[113.422s][info ][gc,phases         ] GC(2585)   Pre Evacuate Collection Set: 0.1ms
[113.422s][debug][gc,phases         ] GC(2585)     Prepare TLABs: 0.0ms
[113.422s][debug][gc,phases         ] GC(2585)     Choose Collection Set: 0.0ms
[113.422s][debug][gc,phases         ] GC(2585)     Region Register: 0.1ms
[113.422s][debug][gc,phases         ] GC(2585)     Prepare Heap Roots: 0.0ms
[113.422s][info ][gc,phases         ] GC(2585)   Merge Heap Roots: 0.1ms
[113.422s][debug][gc,phases         ] GC(2585)     Prepare Merge Heap Roots: 0.0ms
[113.422s][debug][gc,phases         ] GC(2585)     Eager Reclaim (ms):       skipped
[113.422s][debug][gc,phases         ] GC(2585)     Remembered Sets (ms):     Min:  0.0, Avg:  0.0, Max:  0.0, Diff:  0.0, Sum:  0.3, Workers: 8
[113.422s][debug][gc,phases         ] GC(2585)       Merged Sparse:            Min: 0, Avg:  0.0, Max: 0, Diff: 0, Sum: 0, Workers: 8
[113.422s][debug][gc,phases         ] GC(2585)       Merged Fine:              Min: 0, Avg:  0.0, Max: 0, Diff: 0, Sum: 0, Workers: 8
[113.422s][debug][gc,phases         ] GC(2585)       Merged Coarse:            Min: 0, Avg:  0.0, Max: 0, Diff: 0, Sum: 0, Workers: 8
[113.422s][debug][gc,phases         ] GC(2585)       Dirty Cards:              Min: 0, Avg:  0.0, Max: 0, Diff: 0, Sum: 0, Workers: 8
[113.422s][debug][gc,phases         ] GC(2585)     Hot Card Cache (ms):      Min:  0.0, Avg:  0.0, Max:  0.0, Diff:  0.0, Sum:  0.0, Workers: 8
[113.422s][debug][gc,phases         ] GC(2585)       Dirty Cards:              Min: 0, Avg:  0.0, Max: 0, Diff: 0, Sum: 0, Workers: 8
[113.422s][debug][gc,phases         ] GC(2585)       Skipped Cards:            Min: 0, Avg:  0.0, Max: 0, Diff: 0, Sum: 0, Workers: 8
[113.422s][debug][gc,phases         ] GC(2585)     Log Buffers (ms):         Min:  0.0, Avg:  0.0, Max:  0.0, Diff:  0.0, Sum:  0.0, Workers: 8
[113.422s][debug][gc,phases         ] GC(2585)       Dirty Cards:              Min: 0, Avg:  0.2, Max: 1, Diff: 1, Sum: 2, Workers: 8
[113.422s][debug][gc,phases         ] GC(2585)       Skipped Cards:            Min: 0, Avg:  0.0, Max: 0, Diff: 0, Sum: 0, Workers: 8
[113.422s][info ][gc,phases         ] GC(2585)   Evacuate Collection Set: 0.5ms
[113.422s][debug][gc,phases         ] GC(2585)     Ext Root Scanning (ms):   Min:  0.2, Avg:  0.3, Max:  0.4, Diff:  0.2, Sum:  2.4, Workers: 8
[113.422s][debug][gc,phases         ] GC(2585)     Scan Heap Roots (ms):     Min:  0.0, Avg:  0.0, Max:  0.0, Diff:  0.0, Sum:  0.0, Workers: 8
[113.422s][debug][gc,phases         ] GC(2585)       Scanned Cards:            Min: 0, Avg:  0.2, Max: 2, Diff: 2, Sum: 2, Workers: 8
[113.422s][debug][gc,phases         ] GC(2585)       Scanned Blocks:           Min: 0, Avg:  0.2, Max: 2, Diff: 2, Sum: 2, Workers: 8
[113.422s][debug][gc,phases         ] GC(2585)       Claimed Chunks:           Min: 0, Avg:  0.2, Max: 2, Diff: 2, Sum: 2, Workers: 8
[113.422s][debug][gc,phases         ] GC(2585)     Code Root Scan (ms):      Min:  0.0, Avg:  0.0, Max:  0.1, Diff:  0.1, Sum:  0.2, Workers: 8
[113.422s][debug][gc,phases         ] GC(2585)     Object Copy (ms):         Min:  0.0, Avg:  0.0, Max:  0.0, Diff:  0.0, Sum:  0.0, Workers: 8
[113.422s][debug][gc,phases         ] GC(2585)     Termination (ms):         Min:  0.0, Avg:  0.1, Max:  0.1, Diff:  0.0, Sum:  0.5, Workers: 8
[113.422s][debug][gc,phases         ] GC(2585)       Termination Attempts:     Min: 1, Avg:  1.2, Max: 2, Diff: 1, Sum: 10, Workers: 8
[113.422s][debug][gc,phases         ] GC(2585)     GC Worker Other (ms):     Min:  0.0, Avg:  0.0, Max:  0.1, Diff:  0.1, Sum:  0.4, Workers: 8
[113.422s][debug][gc,phases         ] GC(2585)     GC Worker Total (ms):     Min:  0.4, Avg:  0.4, Max:  0.4, Diff:  0.0, Sum:  3.5, Workers: 8
[113.422s][info ][gc,phases         ] GC(2585)   Post Evacuate Collection Set: 0.6ms
[113.422s][debug][gc,phases         ] GC(2585)     Code Roots Fixup: 0.0ms
[113.422s][debug][gc,phases         ] GC(2585)     Clear Card Table: 0.2ms
[113.422s][debug][gc,phases         ] GC(2585)     Reference Processing: 0.0ms
[113.422s][debug][gc,phases,ref     ] GC(2585)       Reconsider SoftReferences: 0.0ms
[113.422s][debug][gc,phases,ref     ] GC(2585)         SoftRef (ms):             skipped
[113.422s][debug][gc,phases,ref     ] GC(2585)       Notify Soft/WeakReferences: 0.0ms
[113.422s][debug][gc,phases,ref     ] GC(2585)         SoftRef (ms):             skipped
[113.422s][debug][gc,phases,ref     ] GC(2585)         WeakRef (ms):             skipped
[113.422s][debug][gc,phases,ref     ] GC(2585)         FinalRef (ms):            skipped
[113.422s][debug][gc,phases,ref     ] GC(2585)         Total (ms):               skipped
[113.422s][debug][gc,phases,ref     ] GC(2585)       Notify and keep alive finalizable: 0.0ms
[113.422s][debug][gc,phases,ref     ] GC(2585)         FinalRef (ms):            skipped
[113.422s][debug][gc,phases,ref     ] GC(2585)       Notify PhantomReferences: 0.0ms
[113.422s][debug][gc,phases,ref     ] GC(2585)         PhantomRef (ms):          skipped
[113.422s][debug][gc,phases,ref     ] GC(2585)       SoftReference:
[113.422s][debug][gc,phases,ref     ] GC(2585)         Discovered: 0
[113.422s][debug][gc,phases,ref     ] GC(2585)         Cleared: 0
[113.422s][debug][gc,phases,ref     ] GC(2585)       WeakReference:
[113.422s][debug][gc,phases,ref     ] GC(2585)         Discovered: 0
[113.422s][debug][gc,phases,ref     ] GC(2585)         Cleared: 0
[113.422s][debug][gc,phases,ref     ] GC(2585)       FinalReference:
[113.422s][debug][gc,phases,ref     ] GC(2585)         Discovered: 0
[113.422s][debug][gc,phases,ref     ] GC(2585)         Cleared: 0
[113.422s][debug][gc,phases,ref     ] GC(2585)       PhantomReference:
[113.422s][debug][gc,phases,ref     ] GC(2585)         Discovered: 0
[113.422s][debug][gc,phases,ref     ] GC(2585)         Cleared: 0
[113.422s][debug][gc,phases         ] GC(2585)     Weak Processing: 0.0ms
[113.422s][debug][gc,phases         ] GC(2585)       JVMTI weak processing: 0.0ms
[113.422s][debug][gc,phases         ] GC(2585)         Dead: 0
[113.422s][debug][gc,phases         ] GC(2585)         Total: 0
[113.422s][debug][gc,phases         ] GC(2585)       JFR weak processing: 0.0ms
[113.422s][debug][gc,phases         ] GC(2585)         Dead: 0
[113.422s][debug][gc,phases         ] GC(2585)         Total: 0
[113.422s][debug][gc,phases         ] GC(2585)       JNI weak                  Min:  0.0, Avg:  0.0, Max:  0.0, Diff:  0.0, Sum:  0.0, Workers: 5
[113.422s][debug][gc,phases         ] GC(2585)         Dead                      Min: 0, Avg:  0.0, Max: 0, Diff: 0, Sum: 0, Workers: 5
[113.422s][debug][gc,phases         ] GC(2585)         Total                     Min: 0, Avg: 20.4, Max: 102, Diff: 102, Sum: 102, Workers: 5
[113.422s][debug][gc,phases         ] GC(2585)       VM weak                   Min:  0.0, Avg:  0.0, Max:  0.0, Diff:  0.0, Sum:  0.0, Workers: 5
[113.422s][debug][gc,phases         ] GC(2585)         Dead                      Min: 0, Avg:  0.0, Max: 0, Diff: 0, Sum: 0, Workers: 5
[113.422s][debug][gc,phases         ] GC(2585)         Total                     Min: 0, Avg: 42.4, Max: 128, Diff: 128, Sum: 212, Workers: 5
[113.422s][debug][gc,phases         ] GC(2585)       StringTable weak          Min:  0.0, Avg:  0.0, Max:  0.0, Diff:  0.0, Sum:  0.0, Workers: 5
[113.422s][debug][gc,phases         ] GC(2585)         Dead                      Min: 0, Avg:  0.0, Max: 0, Diff: 0, Sum: 0, Workers: 5
[113.422s][debug][gc,phases         ] GC(2585)         Total                     Min: 0, Avg: 684.6, Max: 1216, Diff: 1216, Sum: 3423, Workers: 5
[113.422s][debug][gc,phases         ] GC(2585)       ResolvedMethodTable weak  Min:  0.0, Avg:  0.0, Max:  0.0, Diff:  0.0, Sum:  0.0, Workers: 5
[113.422s][debug][gc,phases         ] GC(2585)         Dead                      Min: 0, Avg:  0.0, Max: 0, Diff: 0, Sum: 0, Workers: 5
[113.422s][debug][gc,phases         ] GC(2585)         Total                     Min: 0, Avg: 114.6, Max: 192, Diff: 192, Sum: 573, Workers: 5
[113.422s][debug][gc,phases         ] GC(2585)     Merge Per-Thread State: 0.0ms
[113.422s][debug][gc,phases         ] GC(2585)       Copied Bytes              Min: 744, Avg: 500323.0, Max: 800384, Diff: 799640, Sum: 4002584, Workers: 8
[113.423s][debug][gc,phases         ] GC(2585)       LAB Waste                 Min: 0, Avg:  0.0, Max: 0, Diff: 0, Sum: 0, Workers: 8
[113.423s][debug][gc,phases         ] GC(2585)       LAB Undo Waste            Min: 0, Avg:  0.0, Max: 0, Diff: 0, Sum: 0, Workers: 8
[113.423s][debug][gc,phases         ] GC(2585)     Code Roots Purge: 0.0ms
[113.423s][debug][gc,phases         ] GC(2585)     Redirty Cards: 0.0ms
[113.423s][debug][gc,phases         ] GC(2585)     DerivedPointerTable Update: 0.0ms
[113.423s][debug][gc,phases         ] GC(2585)     Free Collection Set: 0.2ms
[113.423s][debug][gc,phases         ] GC(2585)     Rebuild Free List: 0.1ms
[113.423s][debug][gc,phases         ] GC(2585)     Humongous Reclaim: 0.0ms
[113.423s][debug][gc,phases         ] GC(2585)     Start New Collection Set: 0.0ms
[113.423s][debug][gc,phases         ] GC(2585)     Resize TLABs: 0.0ms
[113.423s][debug][gc,phases         ] GC(2585)     Expand Heap After Collection: 0.0ms
[113.423s][info ][gc,phases         ] GC(2585)   Other: 0.3ms
[113.423s][info ][gc,heap           ] GC(2585) Eden regions: 770->0(770)
[113.423s][info ][gc,heap           ] GC(2585) Survivor regions: 5->5(97)
[113.423s][info ][gc,heap           ] GC(2585) Old regions: 18->18
[113.423s][info ][gc,heap           ] GC(2585) Archive regions: 2->2
[113.423s][info ][gc,heap           ] GC(2585) Humongous regions: 0->0
[113.423s][info ][gc,metaspace      ] GC(2585) Metaspace: 10016K(10624K)->10016K(10624K) NonClass: 8864K(9216K)->8864K(9216K) Class: 1152K(1408K)->1152K(1408K)
[113.423s][debug][gc,heap           ] GC(2585) Heap after GC invocations=2586 (full 1): garbage-first heap   total 1324032K, used 23581K [0x0000000700000000, 0x0000000800000000)
[113.423s][debug][gc,heap           ] GC(2585)   region size 1024K, 5 young (5120K), 5 survivors (5120K)
[113.423s][debug][gc,heap           ] GC(2585)  Metaspace       used 10016K, capacity 10304K, committed 10624K, reserved 1058816K
[113.423s][debug][gc,heap           ] GC(2585)   class space    used 1152K, capacity 1266K, committed 1408K, reserved 1048576K
[113.423s][info ][gc                ] GC(2585) Pause Young (Normal) (G1 Evacuation Pause) 792M->23M(1293M) 2.253ms
[113.423s][info ][gc,cpu            ] GC(2585) User=0.01s Sys=0.00s Real=0.01s
[113.423s][info ][safepoint         ] Safepoint "G1CollectForAllocation", Time since last: 36986951 ns, Reaching safepoint: 235300 ns, At safepoint: 2640549 ns, Total: 2875849 ns
[113.461s][debug][gc,heap           ] GC(2586) Heap before GC invocations=2586 (full 1): garbage-first heap   total 1324032K, used 811037K [0x0000000700000000, 0x0000000800000000)
[113.461s][debug][gc,heap           ] GC(2586)   region size 1024K, 775 young (793600K), 5 survivors (5120K)
[113.461s][debug][gc,heap           ] GC(2586)  Metaspace       used 10016K, capacity 10304K, committed 10624K, reserved 1058816K
[113.461s][debug][gc,heap           ] GC(2586)   class space    used 1152K, capacity 1266K, committed 1408K, reserved 1048576K
[113.461s][info ][gc,start          ] GC(2586) Pause Young (Normal) (G1 Evacuation Pause)
[113.461s][info ][gc,task           ] GC(2586) Using 8 workers of 8 for evacuation
[113.461s][debug][gc,tlab           ] GC(2586) TLAB totals: thrds: 8  refills: 23 max: 4 slow allocs: 1527 max 212 waste: 25.0% gc: 1417936B max: 246432B slow: 108104B max: 16744B fast: 0B max: 0B
[113.461s][debug][gc,age            ] GC(2586) Desired survivor size 50855936 bytes, new threshold 15 (max threshold 15)
[113.461s][debug][gc,alloc,region   ] GC(2586) Mutator Allocation stats, regions: 770, wasted size: 179M (23.4%)
[113.461s][debug][gc,ergo           ] GC(2586) Running G1 Merge Heap Roots using 8 workers for 775 regions
[113.461s][debug][gc,remset         ] GC(2586) Visited cards 256 Total dirty 2048 (12.50%) Total old 3215360 (0.01%)
[113.462s][debug][gc,ergo           ] GC(2586) Running G1 Clear Card Table Task using 2 workers for 2 units of work for 776 regions.
[113.462s][debug][gc,ref            ] GC(2586) Skipped phase1 of Reference Processing due to unavailable references
[113.462s][debug][gc,ref            ] GC(2586) Skipped phase2 of Reference Processing due to unavailable references
[113.462s][debug][gc,ref            ] GC(2586) Skipped phase3 of Reference Processing due to unavailable references
[113.462s][debug][gc,ref            ] GC(2586) Skipped phase4 of Reference Processing due to unavailable references
[113.462s][debug][gc,ergo           ] GC(2586) Running G1 Free Collection Set using 8 workers for collection set length 775 (1293)
[113.462s][debug][gc,ergo           ] GC(2586) Running G1 Rebuild Free List Task using 8 workers for rebuilding free list of 0 (4096) regions
[113.462s][trace][gc,age            ] GC(2586) Age table with threshold 15 (max threshold 15)
[113.462s][trace][gc,age            ] GC(2586) - age   1:    1602512 bytes,    1602512 total
[113.462s][debug][gc,plab           ] GC(2586) Young PLAB allocation: allocated: 14448B, wasted: 0B, unused: 12000B, used: 2448B, undo waste: 0B, 
[113.462s][debug][gc,plab           ] GC(2586) Young other allocation: region end waste: 236160B, regions filled: 2, direct allocated: 1600064B, failure used: 0B, failure wasted: 0B
[113.462s][debug][gc,plab           ] GC(2586) Young sizing: calculated: 0B, actual: 2064B
[113.462s][debug][gc,plab           ] GC(2586) Old PLAB allocation: allocated: 0B, wasted: 0B, unused: 0B, used: 0B, undo waste: 0B, 
[113.462s][debug][gc,plab           ] GC(2586) Old other allocation: region end waste: 0B, regions filled: 1, direct allocated: 0B, failure used: 0B, failure wasted: 0B
[113.462s][debug][gc,plab           ] GC(2586) Old sizing: calculated: 0B, actual: 2064B
[113.462s][debug][gc,ihop           ] GC(2586) Basic information (value update), threshold: 610113945B (45.00), target occupancy: 1355808768B, current occupancy: 20997936B, recent allocation size: 0B, recent allocation duration: 39.21ms, recent old gen allocation rate: 0.00B/s, recent marking phase length: 30.68ms
[113.462s][debug][gc,ihop           ] GC(2586) Adaptive IHOP information (value update), threshold: 610113945B (47.37), internal target occupancy: 1288018329B, occupancy: 20997936B, additional buffer size: 812646400B, predicted old gen allocation rate: 9.28B/s, predicted marking phase length: 61.36ms, prediction active: false
[113.462s][debug][gc,ergo,refine    ] GC(2586) Concurrent refinement times: Logged Cards Scan time goal: 20.00ms Logged Cards Scan time: 0.00ms HCC time: 0.00ms
[113.462s][debug][gc,ergo,refine    ] GC(2586) Updated Refinement Zones: green: 2048, yellow: 6144, red: 10240
[113.462s][info ][gc,phases         ] GC(2586)   Pre Evacuate Collection Set: 0.1ms
[113.462s][debug][gc,phases         ] GC(2586)     Prepare TLABs: 0.0ms
[113.462s][debug][gc,phases         ] GC(2586)     Choose Collection Set: 0.0ms
[113.462s][debug][gc,phases         ] GC(2586)     Region Register: 0.1ms
[113.462s][debug][gc,phases         ] GC(2586)     Prepare Heap Roots: 0.0ms
[113.462s][info ][gc,phases         ] GC(2586)   Merge Heap Roots: 0.1ms
[113.462s][debug][gc,phases         ] GC(2586)     Prepare Merge Heap Roots: 0.0ms
[113.462s][debug][gc,phases         ] GC(2586)     Eager Reclaim (ms):       skipped
[113.462s][debug][gc,phases         ] GC(2586)     Remembered Sets (ms):     Min:  0.0, Avg:  0.0, Max:  0.0, Diff:  0.0, Sum:  0.1, Workers: 8
[113.462s][debug][gc,phases         ] GC(2586)       Merged Sparse:            Min: 0, Avg:  0.0, Max: 0, Diff: 0, Sum: 0, Workers: 8
[113.462s][debug][gc,phases         ] GC(2586)       Merged Fine:              Min: 0, Avg:  0.0, Max: 0, Diff: 0, Sum: 0, Workers: 8
[113.462s][debug][gc,phases         ] GC(2586)       Merged Coarse:            Min: 0, Avg:  0.0, Max: 0, Diff: 0, Sum: 0, Workers: 8
[113.462s][debug][gc,phases         ] GC(2586)       Dirty Cards:              Min: 0, Avg:  0.0, Max: 0, Diff: 0, Sum: 0, Workers: 8
[113.462s][debug][gc,phases         ] GC(2586)     Hot Card Cache (ms):      Min:  0.0, Avg:  0.0, Max:  0.0, Diff:  0.0, Sum:  0.0, Workers: 8
[113.462s][debug][gc,phases         ] GC(2586)       Dirty Cards:              Min: 0, Avg:  0.0, Max: 0, Diff: 0, Sum: 0, Workers: 8
[113.462s][debug][gc,phases         ] GC(2586)       Skipped Cards:            Min: 0, Avg:  0.0, Max: 0, Diff: 0, Sum: 0, Workers: 8
[113.462s][debug][gc,phases         ] GC(2586)     Log Buffers (ms):         Min:  0.0, Avg:  0.0, Max:  0.0, Diff:  0.0, Sum:  0.0, Workers: 8
[113.462s][debug][gc,phases         ] GC(2586)       Dirty Cards:              Min: 0, Avg:  0.1, Max: 1, Diff: 1, Sum: 1, Workers: 8
[113.462s][debug][gc,phases         ] GC(2586)       Skipped Cards:            Min: 0, Avg:  0.0, Max: 0, Diff: 0, Sum: 0, Workers: 8
[113.462s][info ][gc,phases         ] GC(2586)   Evacuate Collection Set: 0.2ms
[113.463s][debug][gc,phases         ] GC(2586)     Ext Root Scanning (ms):   Min:  0.0, Avg:  0.1, Max:  0.1, Diff:  0.1, Sum:  0.6, Workers: 8
[113.463s][debug][gc,phases         ] GC(2586)     Scan Heap Roots (ms):     Min:  0.0, Avg:  0.0, Max:  0.0, Diff:  0.0, Sum:  0.0, Workers: 8
[113.463s][debug][gc,phases         ] GC(2586)       Scanned Cards:            Min: 0, Avg:  0.1, Max: 1, Diff: 1, Sum: 1, Workers: 8
[113.463s][debug][gc,phases         ] GC(2586)       Scanned Blocks:           Min: 0, Avg:  0.1, Max: 1, Diff: 1, Sum: 1, Workers: 8
[113.463s][debug][gc,phases         ] GC(2586)       Claimed Chunks:           Min: 0, Avg:  0.1, Max: 1, Diff: 1, Sum: 1, Workers: 8
[113.463s][debug][gc,phases         ] GC(2586)     Code Root Scan (ms):      Min:  0.0, Avg:  0.0, Max:  0.0, Diff:  0.0, Sum:  0.1, Workers: 8
[113.463s][debug][gc,phases         ] GC(2586)     Object Copy (ms):         Min:  0.0, Avg:  0.0, Max:  0.0, Diff:  0.0, Sum:  0.0, Workers: 8
[113.463s][debug][gc,phases         ] GC(2586)     Termination (ms):         Min:  0.0, Avg:  0.0, Max:  0.1, Diff:  0.0, Sum:  0.4, Workers: 8
[113.463s][debug][gc,phases         ] GC(2586)       Termination Attempts:     Min: 1, Avg:  1.0, Max: 1, Diff: 0, Sum: 8, Workers: 8
[113.463s][debug][gc,phases         ] GC(2586)     GC Worker Other (ms):     Min:  0.0, Avg:  0.0, Max:  0.1, Diff:  0.0, Sum:  0.3, Workers: 8
[113.463s][debug][gc,phases         ] GC(2586)     GC Worker Total (ms):     Min:  0.2, Avg:  0.2, Max:  0.2, Diff:  0.1, Sum:  1.5, Workers: 8
[113.463s][info ][gc,phases         ] GC(2586)   Post Evacuate Collection Set: 0.6ms
[113.463s][debug][gc,phases         ] GC(2586)     Code Roots Fixup: 0.0ms
[113.463s][debug][gc,phases         ] GC(2586)     Clear Card Table: 0.2ms
[113.463s][debug][gc,phases         ] GC(2586)     Reference Processing: 0.0ms
[113.463s][debug][gc,phases,ref     ] GC(2586)       Reconsider SoftReferences: 0.0ms
[113.463s][debug][gc,phases,ref     ] GC(2586)         SoftRef (ms):             skipped
[113.463s][debug][gc,phases,ref     ] GC(2586)       Notify Soft/WeakReferences: 0.0ms
[113.463s][debug][gc,phases,ref     ] GC(2586)         SoftRef (ms):             skipped
[113.463s][debug][gc,phases,ref     ] GC(2586)         WeakRef (ms):             skipped
[113.463s][debug][gc,phases,ref     ] GC(2586)         FinalRef (ms):            skipped
[113.463s][debug][gc,phases,ref     ] GC(2586)         Total (ms):               skipped
[113.463s][debug][gc,phases,ref     ] GC(2586)       Notify and keep alive finalizable: 0.0ms
[113.463s][debug][gc,phases,ref     ] GC(2586)         FinalRef (ms):            skipped
[113.463s][debug][gc,phases,ref     ] GC(2586)       Notify PhantomReferences: 0.0ms
[113.463s][debug][gc,phases,ref     ] GC(2586)         PhantomRef (ms):          skipped
[113.463s][debug][gc,phases,ref     ] GC(2586)       SoftReference:
[113.463s][debug][gc,phases,ref     ] GC(2586)         Discovered: 0
[113.463s][debug][gc,phases,ref     ] GC(2586)         Cleared: 0
[113.463s][debug][gc,phases,ref     ] GC(2586)       WeakReference:
[113.463s][debug][gc,phases,ref     ] GC(2586)         Discovered: 0
[113.463s][debug][gc,phases,ref     ] GC(2586)         Cleared: 0
[113.463s][debug][gc,phases,ref     ] GC(2586)       FinalReference:
[113.463s][debug][gc,phases,ref     ] GC(2586)         Discovered: 0
[113.463s][debug][gc,phases,ref     ] GC(2586)         Cleared: 0
[113.463s][debug][gc,phases,ref     ] GC(2586)       PhantomReference:
[113.463s][debug][gc,phases,ref     ] GC(2586)         Discovered: 0
[113.463s][debug][gc,phases,ref     ] GC(2586)         Cleared: 0
[113.463s][debug][gc,phases         ] GC(2586)     Weak Processing: 0.0ms
[113.463s][debug][gc,phases         ] GC(2586)       JVMTI weak processing: 0.0ms
[113.463s][debug][gc,phases         ] GC(2586)         Dead: 0
[113.463s][debug][gc,phases         ] GC(2586)         Total: 0
[113.463s][debug][gc,phases         ] GC(2586)       JFR weak processing: 0.0ms
[113.463s][debug][gc,phases         ] GC(2586)         Dead: 0
[113.463s][debug][gc,phases         ] GC(2586)         Total: 0
[113.463s][debug][gc,phases         ] GC(2586)       JNI weak                  Min:  0.0, Avg:  0.0, Max:  0.0, Diff:  0.0, Sum:  0.0, Workers: 5
[113.463s][debug][gc,phases         ] GC(2586)         Dead                      Min: 0, Avg:  0.0, Max: 0, Diff: 0, Sum: 0, Workers: 5
[113.463s][debug][gc,phases         ] GC(2586)         Total                     Min: 0, Avg: 20.4, Max: 102, Diff: 102, Sum: 102, Workers: 5
[113.463s][debug][gc,phases         ] GC(2586)       VM weak                   Min:  0.0, Avg:  0.0, Max:  0.0, Diff:  0.0, Sum:  0.0, Workers: 5
[113.463s][debug][gc,phases         ] GC(2586)         Dead                      Min: 0, Avg:  0.0, Max: 0, Diff: 0, Sum: 0, Workers: 5
[113.463s][debug][gc,phases         ] GC(2586)         Total                     Min: 0, Avg: 42.4, Max: 128, Diff: 128, Sum: 212, Workers: 5
[113.463s][debug][gc,phases         ] GC(2586)       StringTable weak          Min:  0.0, Avg:  0.0, Max:  0.0, Diff:  0.0, Sum:  0.0, Workers: 5
[113.463s][debug][gc,phases         ] GC(2586)         Dead                      Min: 0, Avg:  0.0, Max: 0, Diff: 0, Sum: 0, Workers: 5
[113.463s][debug][gc,phases         ] GC(2586)         Total                     Min: 0, Avg: 684.6, Max: 1440, Diff: 1440, Sum: 3423, Workers: 5
[113.463s][debug][gc,phases         ] GC(2586)       ResolvedMethodTable weak  Min:  0.0, Avg:  0.0, Max:  0.0, Diff:  0.0, Sum:  0.0, Workers: 5
[113.463s][debug][gc,phases         ] GC(2586)         Dead                      Min: 0, Avg:  0.0, Max: 0, Diff: 0, Sum: 0, Workers: 5
[113.463s][debug][gc,phases         ] GC(2586)         Total                     Min: 0, Avg: 114.6, Max: 192, Diff: 192, Sum: 573, Workers: 5
[113.463s][debug][gc,phases         ] GC(2586)     Merge Per-Thread State: 0.0ms
[113.463s][debug][gc,phases         ] GC(2586)       Copied Bytes              Min: 0, Avg: 200314.0, Max: 400232, Diff: 400232, Sum: 1602512, Workers: 8
[113.463s][debug][gc,phases         ] GC(2586)       LAB Waste                 Min: 0, Avg:  0.0, Max: 0, Diff: 0, Sum: 0, Workers: 8
[113.463s][debug][gc,phases         ] GC(2586)       LAB Undo Waste            Min: 0, Avg:  0.0, Max: 0, Diff: 0, Sum: 0, Workers: 8
[113.463s][debug][gc,phases         ] GC(2586)     Code Roots Purge: 0.0ms
[113.463s][debug][gc,phases         ] GC(2586)     Redirty Cards: 0.0ms
[113.463s][debug][gc,phases         ] GC(2586)     DerivedPointerTable Update: 0.0ms
[113.463s][debug][gc,phases         ] GC(2586)     Free Collection Set: 0.2ms
[113.463s][debug][gc,phases         ] GC(2586)     Rebuild Free List: 0.1ms
[113.463s][debug][gc,phases         ] GC(2586)     Humongous Reclaim: 0.0ms
[113.463s][debug][gc,phases         ] GC(2586)     Start New Collection Set: 0.0ms
[113.463s][debug][gc,phases         ] GC(2586)     Resize TLABs: 0.0ms
[113.463s][debug][gc,phases         ] GC(2586)     Expand Heap After Collection: 0.0ms
[113.463s][info ][gc,phases         ] GC(2586)   Other: 0.3ms
[113.463s][info ][gc,heap           ] GC(2586) Eden regions: 770->0(773)
[113.463s][info ][gc,heap           ] GC(2586) Survivor regions: 5->2(97)
[113.463s][info ][gc,heap           ] GC(2586) Old regions: 18->18
[113.463s][info ][gc,heap           ] GC(2586) Archive regions: 2->2
[113.463s][info ][gc,heap           ] GC(2586) Humongous regions: 0->0
[113.463s][info ][gc,metaspace      ] GC(2586) Metaspace: 10016K(10624K)->10016K(10624K) NonClass: 8864K(9216K)->8864K(9216K) Class: 1152K(1408K)->1152K(1408K)
[113.463s][debug][gc,heap           ] GC(2586) Heap after GC invocations=2587 (full 1): garbage-first heap   total 1324032K, used 20505K [0x0000000700000000, 0x0000000800000000)
[113.463s][debug][gc,heap           ] GC(2586)   region size 1024K, 2 young (2048K), 2 survivors (2048K)
[113.463s][debug][gc,heap           ] GC(2586)  Metaspace       used 10016K, capacity 10304K, committed 10624K, reserved 1058816K
[113.463s][debug][gc,heap           ] GC(2586)   class space    used 1152K, capacity 1266K, committed 1408K, reserved 1048576K
[113.463s][info ][gc                ] GC(2586) Pause Young (Normal) (G1 Evacuation Pause) 792M->20M(1293M) 1.965ms
[113.463s][info ][gc,cpu            ] GC(2586) User=0.00s Sys=0.00s Real=0.01s
[113.463s][info ][safepoint         ] Safepoint "G1CollectForAllocation", Time since last: 37895322 ns, Reaching safepoint: 129561 ns, At safepoint: 2135818 ns, Total: 2265379 ns
[113.501s][debug][gc,heap           ] GC(2587) Heap before GC invocations=2587 (full 1): garbage-first heap   total 1324032K, used 811033K [0x0000000700000000, 0x0000000800000000)
[113.501s][debug][gc,heap           ] GC(2587)   region size 1024K, 775 young (793600K), 2 survivors (2048K)
[113.501s][debug][gc,heap           ] GC(2587)  Metaspace       used 10016K, capacity 10304K, committed 10624K, reserved 1058816K
[113.501s][debug][gc,heap           ] GC(2587)   class space    used 1152K, capacity 1266K, committed 1408K, reserved 1048576K
[113.501s][info ][gc,start          ] GC(2587) Pause Young (Normal) (G1 Evacuation Pause)
[113.501s][info ][gc,task           ] GC(2587) Using 8 workers of 8 for evacuation
[113.501s][debug][gc,tlab           ] GC(2587) TLAB totals: thrds: 8  refills: 12 max: 2 slow allocs: 1537 max 228 waste: 28.3% gc: 972688B max: 226208B slow: 43384B max: 13912B fast: 0B max: 0B
[113.501s][debug][gc,age            ] GC(2587) Desired survivor size 50855936 bytes, new threshold 15 (max threshold 15)
[113.501s][debug][gc,alloc,region   ] GC(2587) Mutator Allocation stats, regions: 773, wasted size: 181M (23.4%)
[113.501s][debug][gc,ergo           ] GC(2587) Running G1 Merge Heap Roots using 8 workers for 775 regions
[113.501s][debug][gc,remset         ] GC(2587) Visited cards 512 Total dirty 4096 (12.50%) Total old 3215360 (0.02%)
[113.502s][debug][gc,ergo           ] GC(2587) Running G1 Clear Card Table Task using 2 workers for 2 units of work for 777 regions.
[113.502s][debug][gc,ref            ] GC(2587) Skipped phase1 of Reference Processing due to unavailable references
[113.502s][debug][gc,ref            ] GC(2587) Skipped phase2 of Reference Processing due to unavailable references
[113.502s][debug][gc,ref            ] GC(2587) Skipped phase3 of Reference Processing due to unavailable references
[113.502s][debug][gc,ref            ] GC(2587) Skipped phase4 of Reference Processing due to unavailable references
[113.502s][debug][gc,ergo           ] GC(2587) Running G1 Free Collection Set using 8 workers for collection set length 775 (1293)
[113.502s][debug][gc,ergo           ] GC(2587) Running G1 Rebuild Free List Task using 8 workers for rebuilding free list of 0 (4096) regions
[113.503s][trace][gc,age            ] GC(2587) Age table with threshold 15 (max threshold 15)
[113.503s][trace][gc,age            ] GC(2587) - age   1:    4802608 bytes,    4802608 total
[113.503s][debug][gc,plab           ] GC(2587) Young PLAB allocation: allocated: 16512B, wasted: 0B, unused: 14064B, used: 2448B, undo waste: 0B, 
[113.503s][debug][gc,plab           ] GC(2587) Young other allocation: region end waste: 1234480B, regions filled: 6, direct allocated: 4800160B, failure used: 0B, failure wasted: 0B
[113.503s][debug][gc,plab           ] GC(2587) Young sizing: calculated: 0B, actual: 2064B
[113.503s][debug][gc,plab           ] GC(2587) Old PLAB allocation: allocated: 0B, wasted: 0B, unused: 0B, used: 0B, undo waste: 0B, 
[113.503s][debug][gc,plab           ] GC(2587) Old other allocation: region end waste: 0B, regions filled: 1, direct allocated: 0B, failure used: 0B, failure wasted: 0B
[113.503s][debug][gc,plab           ] GC(2587) Old sizing: calculated: 0B, actual: 2064B
[113.503s][debug][gc,ihop           ] GC(2587) Basic information (value update), threshold: 610113945B (45.00), target occupancy: 1355808768B, current occupancy: 25198416B, recent allocation size: 0B, recent allocation duration: 38.73ms, recent old gen allocation rate: 0.00B/s, recent marking phase length: 30.68ms
[113.503s][debug][gc,ihop           ] GC(2587) Adaptive IHOP information (value update), threshold: 610113945B (47.37), internal target occupancy: 1288018329B, occupancy: 25198416B, additional buffer size: 812646400B, predicted old gen allocation rate: 9.04B/s, predicted marking phase length: 61.36ms, prediction active: false
[113.503s][debug][gc,ergo,refine    ] GC(2587) Concurrent refinement times: Logged Cards Scan time goal: 20.00ms Logged Cards Scan time: 0.00ms HCC time: 0.00ms
[113.503s][debug][gc,ergo,refine    ] GC(2587) Updated Refinement Zones: green: 2048, yellow: 6144, red: 10240
[113.503s][info ][gc,phases         ] GC(2587)   Pre Evacuate Collection Set: 0.1ms
[113.503s][debug][gc,phases         ] GC(2587)     Prepare TLABs: 0.0ms
[113.503s][debug][gc,phases         ] GC(2587)     Choose Collection Set: 0.0ms
[113.503s][debug][gc,phases         ] GC(2587)     Region Register: 0.1ms
[113.503s][debug][gc,phases         ] GC(2587)     Prepare Heap Roots: 0.0ms
[113.503s][info ][gc,phases         ] GC(2587)   Merge Heap Roots: 0.1ms
[113.503s][debug][gc,phases         ] GC(2587)     Prepare Merge Heap Roots: 0.0ms
[113.503s][debug][gc,phases         ] GC(2587)     Eager Reclaim (ms):       skipped
[113.503s][debug][gc,phases         ] GC(2587)     Remembered Sets (ms):     Min:  0.0, Avg:  0.0, Max:  0.0, Diff:  0.0, Sum:  0.1, Workers: 8
[113.503s][debug][gc,phases         ] GC(2587)       Merged Sparse:            Min: 0, Avg:  0.0, Max: 0, Diff: 0, Sum: 0, Workers: 8
[113.503s][debug][gc,phases         ] GC(2587)       Merged Fine:              Min: 0, Avg:  0.0, Max: 0, Diff: 0, Sum: 0, Workers: 8
[113.503s][debug][gc,phases         ] GC(2587)       Merged Coarse:            Min: 0, Avg:  0.0, Max: 0, Diff: 0, Sum: 0, Workers: 8
[113.503s][debug][gc,phases         ] GC(2587)       Dirty Cards:              Min: 0, Avg:  0.0, Max: 0, Diff: 0, Sum: 0, Workers: 8
[113.503s][debug][gc,phases         ] GC(2587)     Hot Card Cache (ms):      Min:  0.0, Avg:  0.0, Max:  0.0, Diff:  0.0, Sum:  0.0, Workers: 8
[113.503s][debug][gc,phases         ] GC(2587)       Dirty Cards:              Min: 0, Avg:  0.0, Max: 0, Diff: 0, Sum: 0, Workers: 8
[113.503s][debug][gc,phases         ] GC(2587)       Skipped Cards:            Min: 0, Avg:  0.0, Max: 0, Diff: 0, Sum: 0, Workers: 8
[113.503s][debug][gc,phases         ] GC(2587)     Log Buffers (ms):         Min:  0.0, Avg:  0.0, Max:  0.0, Diff:  0.0, Sum:  0.0, Workers: 8
[113.503s][debug][gc,phases         ] GC(2587)       Dirty Cards:              Min: 0, Avg:  0.2, Max: 2, Diff: 2, Sum: 2, Workers: 8
[113.503s][debug][gc,phases         ] GC(2587)       Skipped Cards:            Min: 0, Avg:  0.0, Max: 0, Diff: 0, Sum: 0, Workers: 8
[113.503s][info ][gc,phases         ] GC(2587)   Evacuate Collection Set: 0.5ms
[113.503s][debug][gc,phases         ] GC(2587)     Ext Root Scanning (ms):   Min:  0.3, Avg:  0.3, Max:  0.4, Diff:  0.2, Sum:  2.8, Workers: 8
[113.503s][debug][gc,phases         ] GC(2587)     Scan Heap Roots (ms):     Min:  0.0, Avg:  0.0, Max:  0.0, Diff:  0.0, Sum:  0.0, Workers: 8
[113.503s][debug][gc,phases         ] GC(2587)       Scanned Cards:            Min: 0, Avg:  0.2, Max: 1, Diff: 1, Sum: 2, Workers: 8
[113.503s][debug][gc,phases         ] GC(2587)       Scanned Blocks:           Min: 0, Avg:  0.2, Max: 1, Diff: 1, Sum: 2, Workers: 8
[113.503s][debug][gc,phases         ] GC(2587)       Claimed Chunks:           Min: 0, Avg:  0.2, Max: 1, Diff: 1, Sum: 2, Workers: 8
[113.503s][debug][gc,phases         ] GC(2587)     Code Root Scan (ms):      Min:  0.0, Avg:  0.0, Max:  0.1, Diff:  0.1, Sum:  0.2, Workers: 8
[113.503s][debug][gc,phases         ] GC(2587)     Object Copy (ms):         Min:  0.0, Avg:  0.0, Max:  0.0, Diff:  0.0, Sum:  0.0, Workers: 8
[113.503s][debug][gc,phases         ] GC(2587)     Termination (ms):         Min:  0.1, Avg:  0.1, Max:  0.1, Diff:  0.0, Sum:  0.5, Workers: 8
[113.503s][debug][gc,phases         ] GC(2587)       Termination Attempts:     Min: 1, Avg:  1.0, Max: 1, Diff: 0, Sum: 8, Workers: 8
[113.503s][debug][gc,phases         ] GC(2587)     GC Worker Other (ms):     Min:  0.0, Avg:  0.0, Max:  0.1, Diff:  0.1, Sum:  0.4, Workers: 8
[113.503s][debug][gc,phases         ] GC(2587)     GC Worker Total (ms):     Min:  0.5, Avg:  0.5, Max:  0.5, Diff:  0.1, Sum:  3.9, Workers: 8
[113.503s][info ][gc,phases         ] GC(2587)   Post Evacuate Collection Set: 0.6ms
[113.503s][debug][gc,phases         ] GC(2587)     Code Roots Fixup: 0.0ms
[113.503s][debug][gc,phases         ] GC(2587)     Clear Card Table: 0.2ms
[113.503s][debug][gc,phases         ] GC(2587)     Reference Processing: 0.0ms
[113.503s][debug][gc,phases,ref     ] GC(2587)       Reconsider SoftReferences: 0.0ms
[113.503s][debug][gc,phases,ref     ] GC(2587)         SoftRef (ms):             skipped
[113.503s][debug][gc,phases,ref     ] GC(2587)       Notify Soft/WeakReferences: 0.0ms
[113.503s][debug][gc,phases,ref     ] GC(2587)         SoftRef (ms):             skipped
[113.503s][debug][gc,phases,ref     ] GC(2587)         WeakRef (ms):             skipped
[113.503s][debug][gc,phases,ref     ] GC(2587)         FinalRef (ms):            skipped
[113.503s][debug][gc,phases,ref     ] GC(2587)         Total (ms):               skipped
[113.503s][debug][gc,phases,ref     ] GC(2587)       Notify and keep alive finalizable: 0.0ms
[113.503s][debug][gc,phases,ref     ] GC(2587)         FinalRef (ms):            skipped
[113.503s][debug][gc,phases,ref     ] GC(2587)       Notify PhantomReferences: 0.0ms
[113.503s][debug][gc,phases,ref     ] GC(2587)         PhantomRef (ms):          skipped
[113.503s][debug][gc,phases,ref     ] GC(2587)       SoftReference:
[113.503s][debug][gc,phases,ref     ] GC(2587)         Discovered: 0
[113.503s][debug][gc,phases,ref     ] GC(2587)         Cleared: 0
[113.503s][debug][gc,phases,ref     ] GC(2587)       WeakReference:
[113.503s][debug][gc,phases,ref     ] GC(2587)         Discovered: 0
[113.503s][debug][gc,phases,ref     ] GC(2587)         Cleared: 0
[113.503s][debug][gc,phases,ref     ] GC(2587)       FinalReference:
[113.503s][debug][gc,phases,ref     ] GC(2587)         Discovered: 0
[113.503s][debug][gc,phases,ref     ] GC(2587)         Cleared: 0
[113.503s][debug][gc,phases,ref     ] GC(2587)       PhantomReference:
[113.503s][debug][gc,phases,ref     ] GC(2587)         Discovered: 0
[113.503s][debug][gc,phases,ref     ] GC(2587)         Cleared: 0
[113.503s][debug][gc,phases         ] GC(2587)     Weak Processing: 0.1ms
[113.503s][debug][gc,phases         ] GC(2587)       JVMTI weak processing: 0.0ms
[113.503s][debug][gc,phases         ] GC(2587)         Dead: 0
[113.503s][debug][gc,phases         ] GC(2587)         Total: 0
[113.503s][debug][gc,phases         ] GC(2587)       JFR weak processing: 0.0ms
[113.503s][debug][gc,phases         ] GC(2587)         Dead: 0
[113.503s][debug][gc,phases         ] GC(2587)         Total: 0
[113.503s][debug][gc,phases         ] GC(2587)       JNI weak                  Min:  0.0, Avg:  0.0, Max:  0.0, Diff:  0.0, Sum:  0.0, Workers: 5
[113.503s][debug][gc,phases         ] GC(2587)         Dead                      Min: 0, Avg:  0.0, Max: 0, Diff: 0, Sum: 0, Workers: 5
[113.503s][debug][gc,phases         ] GC(2587)         Total                     Min: 0, Avg: 20.4, Max: 102, Diff: 102, Sum: 102, Workers: 5
[113.503s][debug][gc,phases         ] GC(2587)       VM weak                   Min:  0.0, Avg:  0.0, Max:  0.0, Diff:  0.0, Sum:  0.0, Workers: 5
[113.503s][debug][gc,phases         ] GC(2587)         Dead                      Min: 0, Avg:  0.0, Max: 0, Diff: 0, Sum: 0, Workers: 5
[113.503s][debug][gc,phases         ] GC(2587)         Total                     Min: 0, Avg: 42.4, Max: 128, Diff: 128, Sum: 212, Workers: 5
[113.503s][debug][gc,phases         ] GC(2587)       StringTable weak          Min:  0.0, Avg:  0.0, Max:  0.0, Diff:  0.0, Sum:  0.1, Workers: 5
[113.503s][debug][gc,phases         ] GC(2587)         Dead                      Min: 0, Avg:  0.0, Max: 0, Diff: 0, Sum: 0, Workers: 5
[113.503s][debug][gc,phases         ] GC(2587)         Total                     Min: 0, Avg: 684.6, Max: 1727, Diff: 1727, Sum: 3423, Workers: 5
[113.503s][debug][gc,phases         ] GC(2587)       ResolvedMethodTable weak  Min:  0.0, Avg:  0.0, Max:  0.0, Diff:  0.0, Sum:  0.0, Workers: 5
[113.503s][debug][gc,phases         ] GC(2587)         Dead                      Min: 0, Avg:  0.0, Max: 0, Diff: 0, Sum: 0, Workers: 5
[113.503s][debug][gc,phases         ] GC(2587)         Total                     Min: 0, Avg: 114.6, Max: 317, Diff: 317, Sum: 573, Workers: 5
[113.503s][debug][gc,phases         ] GC(2587)     Merge Per-Thread State: 0.0ms
[113.503s][debug][gc,phases         ] GC(2587)       Copied Bytes              Min: 400088, Avg: 600326.0, Max: 800608, Diff: 400520, Sum: 4802608, Workers: 8
[113.503s][debug][gc,phases         ] GC(2587)       LAB Waste                 Min: 0, Avg:  0.0, Max: 0, Diff: 0, Sum: 0, Workers: 8
[113.503s][debug][gc,phases         ] GC(2587)       LAB Undo Waste            Min: 0, Avg:  0.0, Max: 0, Diff: 0, Sum: 0, Workers: 8
[113.503s][debug][gc,phases         ] GC(2587)     Code Roots Purge: 0.0ms
[113.503s][debug][gc,phases         ] GC(2587)     Redirty Cards: 0.0ms
[113.503s][debug][gc,phases         ] GC(2587)     DerivedPointerTable Update: 0.0ms
[113.503s][debug][gc,phases         ] GC(2587)     Free Collection Set: 0.2ms
[113.503s][debug][gc,phases         ] GC(2587)     Rebuild Free List: 0.1ms
[113.503s][debug][gc,phases         ] GC(2587)     Humongous Reclaim: 0.0ms
[113.503s][debug][gc,phases         ] GC(2587)     Start New Collection Set: 0.0ms
[113.503s][debug][gc,phases         ] GC(2587)     Resize TLABs: 0.0ms
[113.503s][debug][gc,phases         ] GC(2587)     Expand Heap After Collection: 0.0ms
[113.503s][info ][gc,phases         ] GC(2587)   Other: 0.3ms
[113.503s][info ][gc,heap           ] GC(2587) Eden regions: 773->0(769)
[113.503s][info ][gc,heap           ] GC(2587) Survivor regions: 2->6(97)
[113.503s][info ][gc,heap           ] GC(2587) Old regions: 18->18
[113.503s][info ][gc,heap           ] GC(2587) Archive regions: 2->2
[113.503s][info ][gc,heap           ] GC(2587) Humongous regions: 0->0
[113.503s][info ][gc,metaspace      ] GC(2587) Metaspace: 10016K(10624K)->10016K(10624K) NonClass: 8864K(9216K)->8864K(9216K) Class: 1152K(1408K)->1152K(1408K)
[113.503s][debug][gc,heap           ] GC(2587) Heap after GC invocations=2588 (full 1): garbage-first heap   total 1324032K, used 24607K [0x0000000700000000, 0x0000000800000000)
[113.503s][debug][gc,heap           ] GC(2587)   region size 1024K, 6 young (6144K), 6 survivors (6144K)
[113.503s][debug][gc,heap           ] GC(2587)  Metaspace       used 10016K, capacity 10304K, committed 10624K, reserved 1058816K
[113.503s][debug][gc,heap           ] GC(2587)   class space    used 1152K, capacity 1266K, committed 1408K, reserved 1048576K
[113.503s][info ][gc                ] GC(2587) Pause Young (Normal) (G1 Evacuation Pause) 792M->24M(1293M) 2.282ms
[113.503s][info ][gc,cpu            ] GC(2587) User=0.01s Sys=0.00s Real=0.01s
[113.503s][info ][safepoint         ] Safepoint "G1CollectForAllocation", Time since last: 37682980 ns, Reaching safepoint: 151291 ns, At safepoint: 2488596 ns, Total: 2639887 ns
[113.542s][debug][gc,heap           ] GC(2588) Heap before GC invocations=2588 (full 1): garbage-first heap   total 1324032K, used 811039K [0x0000000700000000, 0x0000000800000000)
[113.542s][debug][gc,heap           ] GC(2588)   region size 1024K, 775 young (793600K), 6 survivors (6144K)
[113.542s][debug][gc,heap           ] GC(2588)  Metaspace       used 10016K, capacity 10304K, committed 10624K, reserved 1058816K
[113.542s][debug][gc,heap           ] GC(2588)   class space    used 1152K, capacity 1266K, committed 1408K, reserved 1048576K
[113.542s][info ][gc,start          ] GC(2588) Pause Young (Normal) (G1 Evacuation Pause)
[113.542s][info ][gc,task           ] GC(2588) Using 8 workers of 8 for evacuation
[113.542s][debug][gc,tlab           ] GC(2588) TLAB totals: thrds: 8  refills: 16 max: 3 slow allocs: 1529 max 205 waste: 23.3% gc: 1073376B max: 240968B slow: 72568B max: 15488B fast: 0B max: 0B
[113.542s][debug][gc,age            ] GC(2588) Desired survivor size 50855936 bytes, new threshold 15 (max threshold 15)
[113.542s][debug][gc,alloc,region   ] GC(2588) Mutator Allocation stats, regions: 769, wasted size: 180M (23.4%)
[113.542s][debug][gc,ergo           ] GC(2588) Running G1 Merge Heap Roots using 8 workers for 775 regions
[113.542s][debug][gc,remset         ] GC(2588) Visited cards 256 Total dirty 2048 (12.50%) Total old 3215360 (0.01%)
[113.543s][debug][gc,ergo           ] GC(2588) Running G1 Clear Card Table Task using 2 workers for 2 units of work for 776 regions.
[113.543s][debug][gc,ref            ] GC(2588) Skipped phase1 of Reference Processing due to unavailable references
[113.543s][debug][gc,ref            ] GC(2588) Skipped phase2 of Reference Processing due to unavailable references
[113.543s][debug][gc,ref            ] GC(2588) Skipped phase3 of Reference Processing due to unavailable references
[113.543s][debug][gc,ref            ] GC(2588) Skipped phase4 of Reference Processing due to unavailable references
[113.543s][debug][gc,ergo           ] GC(2588) Running G1 Free Collection Set using 8 workers for collection set length 775 (1293)
[113.543s][debug][gc,ergo           ] GC(2588) Running G1 Rebuild Free List Task using 8 workers for rebuilding free list of 0 (4096) regions
[113.544s][trace][gc,age            ] GC(2588) Age table with threshold 15 (max threshold 15)
[113.544s][trace][gc,age            ] GC(2588) - age   1:    4002584 bytes,    4002584 total
[113.544s][debug][gc,plab           ] GC(2588) Young PLAB allocation: allocated: 14448B, wasted: 0B, unused: 12000B, used: 2448B, undo waste: 0B, 
[113.544s][debug][gc,plab           ] GC(2588) Young other allocation: region end waste: 983864B, regions filled: 5, direct allocated: 4000136B, failure used: 0B, failure wasted: 0B
[113.544s][debug][gc,plab           ] GC(2588) Young sizing: calculated: 0B, actual: 2064B
[113.544s][debug][gc,plab           ] GC(2588) Old PLAB allocation: allocated: 0B, wasted: 0B, unused: 0B, used: 0B, undo waste: 0B, 
[113.544s][debug][gc,plab           ] GC(2588) Old other allocation: region end waste: 0B, regions filled: 1, direct allocated: 0B, failure used: 0B, failure wasted: 0B
[113.544s][debug][gc,plab           ] GC(2588) Old sizing: calculated: 0B, actual: 2064B
[113.544s][debug][gc,ihop           ] GC(2588) Basic information (value update), threshold: 610113945B (45.00), target occupancy: 1355808768B, current occupancy: 24145712B, recent allocation size: 0B, recent allocation duration: 39.41ms, recent old gen allocation rate: 0.00B/s, recent marking phase length: 30.68ms
[113.544s][debug][gc,ihop           ] GC(2588) Adaptive IHOP information (value update), threshold: 610113945B (47.37), internal target occupancy: 1288018329B, occupancy: 24145712B, additional buffer size: 812646400B, predicted old gen allocation rate: 8.81B/s, predicted marking phase length: 61.36ms, prediction active: false
[113.544s][debug][gc,ergo,refine    ] GC(2588) Concurrent refinement times: Logged Cards Scan time goal: 20.00ms Logged Cards Scan time: 0.00ms HCC time: 0.00ms
[113.544s][debug][gc,ergo,refine    ] GC(2588) Updated Refinement Zones: green: 2048, yellow: 6144, red: 10240
[113.544s][info ][gc,phases         ] GC(2588)   Pre Evacuate Collection Set: 0.1ms
[113.544s][debug][gc,phases         ] GC(2588)     Prepare TLABs: 0.0ms
[113.544s][debug][gc,phases         ] GC(2588)     Choose Collection Set: 0.0ms
[113.544s][debug][gc,phases         ] GC(2588)     Region Register: 0.1ms
[113.544s][debug][gc,phases         ] GC(2588)     Prepare Heap Roots: 0.0ms
[113.544s][info ][gc,phases         ] GC(2588)   Merge Heap Roots: 0.1ms
[113.544s][debug][gc,phases         ] GC(2588)     Prepare Merge Heap Roots: 0.0ms
[113.544s][debug][gc,phases         ] GC(2588)     Eager Reclaim (ms):       skipped
[113.544s][debug][gc,phases         ] GC(2588)     Remembered Sets (ms):     Min:  0.0, Avg:  0.0, Max:  0.1, Diff:  0.0, Sum:  0.2, Workers: 8
[113.544s][debug][gc,phases         ] GC(2588)       Merged Sparse:            Min: 0, Avg:  0.0, Max: 0, Diff: 0, Sum: 0, Workers: 8
[113.544s][debug][gc,phases         ] GC(2588)       Merged Fine:              Min: 0, Avg:  0.0, Max: 0, Diff: 0, Sum: 0, Workers: 8
[113.544s][debug][gc,phases         ] GC(2588)       Merged Coarse:            Min: 0, Avg:  0.0, Max: 0, Diff: 0, Sum: 0, Workers: 8
[113.544s][debug][gc,phases         ] GC(2588)       Dirty Cards:              Min: 0, Avg:  0.0, Max: 0, Diff: 0, Sum: 0, Workers: 8
[113.544s][debug][gc,phases         ] GC(2588)     Hot Card Cache (ms):      Min:  0.0, Avg:  0.0, Max:  0.0, Diff:  0.0, Sum:  0.0, Workers: 8
[113.544s][debug][gc,phases         ] GC(2588)       Dirty Cards:              Min: 0, Avg:  0.0, Max: 0, Diff: 0, Sum: 0, Workers: 8
[113.544s][debug][gc,phases         ] GC(2588)       Skipped Cards:            Min: 0, Avg:  0.0, Max: 0, Diff: 0, Sum: 0, Workers: 8
[113.544s][debug][gc,phases         ] GC(2588)     Log Buffers (ms):         Min:  0.0, Avg:  0.0, Max:  0.0, Diff:  0.0, Sum:  0.0, Workers: 8
[113.544s][debug][gc,phases         ] GC(2588)       Dirty Cards:              Min: 0, Avg:  0.1, Max: 1, Diff: 1, Sum: 1, Workers: 8
[113.544s][debug][gc,phases         ] GC(2588)       Skipped Cards:            Min: 0, Avg:  0.0, Max: 0, Diff: 0, Sum: 0, Workers: 8
[113.544s][info ][gc,phases         ] GC(2588)   Evacuate Collection Set: 0.5ms
[113.544s][debug][gc,phases         ] GC(2588)     Ext Root Scanning (ms):   Min:  0.0, Avg:  0.3, Max:  0.4, Diff:  0.4, Sum:  2.2, Workers: 8
[113.544s][debug][gc,phases         ] GC(2588)     Scan Heap Roots (ms):     Min:  0.0, Avg:  0.0, Max:  0.0, Diff:  0.0, Sum:  0.0, Workers: 8
[113.544s][debug][gc,phases         ] GC(2588)       Scanned Cards:            Min: 0, Avg:  0.1, Max: 1, Diff: 1, Sum: 1, Workers: 8
[113.544s][debug][gc,phases         ] GC(2588)       Scanned Blocks:           Min: 0, Avg:  0.1, Max: 1, Diff: 1, Sum: 1, Workers: 8
[113.544s][debug][gc,phases         ] GC(2588)       Claimed Chunks:           Min: 0, Avg:  0.1, Max: 1, Diff: 1, Sum: 1, Workers: 8
[113.544s][debug][gc,phases         ] GC(2588)     Code Root Scan (ms):      Min:  0.0, Avg:  0.0, Max:  0.0, Diff:  0.0, Sum:  0.1, Workers: 8
[113.544s][debug][gc,phases         ] GC(2588)     Object Copy (ms):         Min:  0.0, Avg:  0.0, Max:  0.0, Diff:  0.0, Sum:  0.0, Workers: 8
[113.544s][debug][gc,phases         ] GC(2588)     Termination (ms):         Min:  0.0, Avg:  0.1, Max:  0.1, Diff:  0.0, Sum:  0.4, Workers: 8
[113.544s][debug][gc,phases         ] GC(2588)       Termination Attempts:     Min: 1, Avg:  1.0, Max: 1, Diff: 0, Sum: 8, Workers: 8
[113.544s][debug][gc,phases         ] GC(2588)     GC Worker Other (ms):     Min:  0.0, Avg:  0.0, Max:  0.1, Diff:  0.1, Sum:  0.4, Workers: 8
[113.544s][debug][gc,phases         ] GC(2588)     GC Worker Total (ms):     Min:  0.0, Avg:  0.4, Max:  0.5, Diff:  0.4, Sum:  3.2, Workers: 8
[113.544s][info ][gc,phases         ] GC(2588)   Post Evacuate Collection Set: 0.7ms
[113.544s][debug][gc,phases         ] GC(2588)     Code Roots Fixup: 0.0ms
[113.544s][debug][gc,phases         ] GC(2588)     Clear Card Table: 0.2ms
[113.544s][debug][gc,phases         ] GC(2588)     Reference Processing: 0.0ms
[113.544s][debug][gc,phases,ref     ] GC(2588)       Reconsider SoftReferences: 0.0ms
[113.544s][debug][gc,phases,ref     ] GC(2588)         SoftRef (ms):             skipped
[113.544s][debug][gc,phases,ref     ] GC(2588)       Notify Soft/WeakReferences: 0.0ms
[113.544s][debug][gc,phases,ref     ] GC(2588)         SoftRef (ms):             skipped
[113.544s][debug][gc,phases,ref     ] GC(2588)         WeakRef (ms):             skipped
[113.544s][debug][gc,phases,ref     ] GC(2588)         FinalRef (ms):            skipped
[113.544s][debug][gc,phases,ref     ] GC(2588)         Total (ms):               skipped
[113.544s][debug][gc,phases,ref     ] GC(2588)       Notify and keep alive finalizable: 0.0ms
[113.544s][debug][gc,phases,ref     ] GC(2588)         FinalRef (ms):            skipped
[113.544s][debug][gc,phases,ref     ] GC(2588)       Notify PhantomReferences: 0.0ms
[113.544s][debug][gc,phases,ref     ] GC(2588)         PhantomRef (ms):          skipped
[113.544s][debug][gc,phases,ref     ] GC(2588)       SoftReference:
[113.544s][debug][gc,phases,ref     ] GC(2588)         Discovered: 0
[113.544s][debug][gc,phases,ref     ] GC(2588)         Cleared: 0
[113.544s][debug][gc,phases,ref     ] GC(2588)       WeakReference:
[113.544s][debug][gc,phases,ref     ] GC(2588)         Discovered: 0
[113.544s][debug][gc,phases,ref     ] GC(2588)         Cleared: 0
[113.544s][debug][gc,phases,ref     ] GC(2588)       FinalReference:
[113.544s][debug][gc,phases,ref     ] GC(2588)         Discovered: 0
[113.544s][debug][gc,phases,ref     ] GC(2588)         Cleared: 0
[113.544s][debug][gc,phases,ref     ] GC(2588)       PhantomReference:
[113.544s][debug][gc,phases,ref     ] GC(2588)         Discovered: 0
[113.544s][debug][gc,phases,ref     ] GC(2588)         Cleared: 0
[113.544s][debug][gc,phases         ] GC(2588)     Weak Processing: 0.1ms
[113.544s][debug][gc,phases         ] GC(2588)       JVMTI weak processing: 0.0ms
[113.544s][debug][gc,phases         ] GC(2588)         Dead: 0
[113.544s][debug][gc,phases         ] GC(2588)         Total: 0
[113.544s][debug][gc,phases         ] GC(2588)       JFR weak processing: 0.0ms
[113.544s][debug][gc,phases         ] GC(2588)         Dead: 0
[113.544s][debug][gc,phases         ] GC(2588)         Total: 0
[113.544s][debug][gc,phases         ] GC(2588)       JNI weak                  Min:  0.0, Avg:  0.0, Max:  0.0, Diff:  0.0, Sum:  0.0, Workers: 5
[113.544s][debug][gc,phases         ] GC(2588)         Dead                      Min: 0, Avg:  0.0, Max: 0, Diff: 0, Sum: 0, Workers: 5
[113.544s][debug][gc,phases         ] GC(2588)         Total                     Min: 0, Avg: 20.4, Max: 102, Diff: 102, Sum: 102, Workers: 5
[113.544s][debug][gc,phases         ] GC(2588)       VM weak                   Min:  0.0, Avg:  0.0, Max:  0.0, Diff:  0.0, Sum:  0.0, Workers: 5
[113.544s][debug][gc,phases         ] GC(2588)         Dead                      Min: 0, Avg:  0.0, Max: 0, Diff: 0, Sum: 0, Workers: 5
[113.544s][debug][gc,phases         ] GC(2588)         Total                     Min: 0, Avg: 42.4, Max: 212, Diff: 212, Sum: 212, Workers: 5
[113.544s][debug][gc,phases         ] GC(2588)       StringTable weak          Min:  0.0, Avg:  0.0, Max:  0.0, Diff:  0.0, Sum:  0.0, Workers: 5
[113.544s][debug][gc,phases         ] GC(2588)         Dead                      Min: 0, Avg:  0.0, Max: 0, Diff: 0, Sum: 0, Workers: 5
[113.544s][debug][gc,phases         ] GC(2588)         Total                     Min: 0, Avg: 684.6, Max: 1824, Diff: 1824, Sum: 3423, Workers: 5
[113.544s][debug][gc,phases         ] GC(2588)       ResolvedMethodTable weak  Min:  0.0, Avg:  0.0, Max:  0.0, Diff:  0.0, Sum:  0.0, Workers: 5
[113.544s][debug][gc,phases         ] GC(2588)         Dead                      Min: 0, Avg:  0.0, Max: 0, Diff: 0, Sum: 0, Workers: 5
[113.544s][debug][gc,phases         ] GC(2588)         Total                     Min: 0, Avg: 114.6, Max: 317, Diff: 317, Sum: 573, Workers: 5
[113.544s][debug][gc,phases         ] GC(2588)     Merge Per-Thread State: 0.0ms
[113.544s][debug][gc,phases         ] GC(2588)       Copied Bytes              Min: 0, Avg: 500323.0, Max: 801072, Diff: 801072, Sum: 4002584, Workers: 8
[113.544s][debug][gc,phases         ] GC(2588)       LAB Waste                 Min: 0, Avg:  0.0, Max: 0, Diff: 0, Sum: 0, Workers: 8
[113.544s][debug][gc,phases         ] GC(2588)       LAB Undo Waste            Min: 0, Avg:  0.0, Max: 0, Diff: 0, Sum: 0, Workers: 8
[113.544s][debug][gc,phases         ] GC(2588)     Code Roots Purge: 0.0ms
[113.544s][debug][gc,phases         ] GC(2588)     Redirty Cards: 0.1ms
[113.544s][debug][gc,phases         ] GC(2588)     DerivedPointerTable Update: 0.0ms
[113.544s][debug][gc,phases         ] GC(2588)     Free Collection Set: 0.2ms
[113.544s][debug][gc,phases         ] GC(2588)     Rebuild Free List: 0.1ms
[113.544s][debug][gc,phases         ] GC(2588)     Humongous Reclaim: 0.0ms
[113.544s][debug][gc,phases         ] GC(2588)     Start New Collection Set: 0.0ms
[113.544s][debug][gc,phases         ] GC(2588)     Resize TLABs: 0.0ms
[113.544s][debug][gc,phases         ] GC(2588)     Expand Heap After Collection: 0.0ms
[113.544s][info ][gc,phases         ] GC(2588)   Other: 0.4ms
[113.544s][info ][gc,heap           ] GC(2588) Eden regions: 769->0(770)
[113.544s][info ][gc,heap           ] GC(2588) Survivor regions: 6->5(97)
[113.544s][info ][gc,heap           ] GC(2588) Old regions: 18->18
[113.544s][info ][gc,heap           ] GC(2588) Archive regions: 2->2
[113.544s][info ][gc,heap           ] GC(2588) Humongous regions: 0->0
[113.544s][info ][gc,metaspace      ] GC(2588) Metaspace: 10016K(10624K)->10016K(10624K) NonClass: 8864K(9216K)->8864K(9216K) Class: 1152K(1408K)->1152K(1408K)
[113.544s][debug][gc,heap           ] GC(2588) Heap after GC invocations=2589 (full 1): garbage-first heap   total 1324032K, used 23579K [0x0000000700000000, 0x0000000800000000)
[113.544s][debug][gc,heap           ] GC(2588)   region size 1024K, 5 young (5120K), 5 survivors (5120K)
[113.544s][debug][gc,heap           ] GC(2588)  Metaspace       used 10016K, capacity 10304K, committed 10624K, reserved 1058816K
[113.544s][debug][gc,heap           ] GC(2588)   class space    used 1152K, capacity 1266K, committed 1408K, reserved 1048576K
[113.544s][info ][gc                ] GC(2588) Pause Young (Normal) (G1 Evacuation Pause) 792M->23M(1293M) 2.383ms
[113.544s][info ][gc,cpu            ] GC(2588) User=0.01s Sys=0.00s Real=0.00s
[113.544s][info ][safepoint         ] Safepoint "G1CollectForAllocation", Time since last: 38272845 ns, Reaching safepoint: 154815 ns, At safepoint: 2545428 ns, Total: 2700243 ns
[113.607s][debug][gc,heap           ] GC(2589) Heap before GC invocations=2589 (full 1): garbage-first heap   total 1324032K, used 811035K [0x0000000700000000, 0x0000000800000000)
[113.607s][debug][gc,heap           ] GC(2589)   region size 1024K, 775 young (793600K), 5 survivors (5120K)
[113.607s][debug][gc,heap           ] GC(2589)  Metaspace       used 10016K, capacity 10304K, committed 10624K, reserved 1058816K
[113.607s][debug][gc,heap           ] GC(2589)   class space    used 1152K, capacity 1266K, committed 1408K, reserved 1048576K
[113.607s][info ][gc,start          ] GC(2589) Pause Young (Normal) (G1 Evacuation Pause)
[113.607s][info ][gc,task           ] GC(2589) Using 8 workers of 8 for evacuation
[113.607s][debug][gc,tlab           ] GC(2589) TLAB totals: thrds: 8  refills: 13 max: 3 slow allocs: 1533 max 259 waste: 36.8% gc: 1208192B max: 242232B slow: 55904B max: 15096B fast: 0B max: 0B
[113.607s][debug][gc,age            ] GC(2589) Desired survivor size 50855936 bytes, new threshold 15 (max threshold 15)
[113.607s][debug][gc,alloc,region   ] GC(2589) Mutator Allocation stats, regions: 770, wasted size: 180M (23.4%)
[113.607s][debug][gc,ergo           ] GC(2589) Running G1 Merge Heap Roots using 8 workers for 775 regions
[113.607s][debug][gc,remset         ] GC(2589) Visited cards 512 Total dirty 4096 (12.50%) Total old 3215360 (0.02%)
[113.608s][debug][gc,ergo           ] GC(2589) Running G1 Clear Card Table Task using 2 workers for 2 units of work for 777 regions.
[113.608s][debug][gc,ref            ] GC(2589) Skipped phase1 of Reference Processing due to unavailable references
[113.608s][debug][gc,ref            ] GC(2589) Skipped phase2 of Reference Processing due to unavailable references
[113.608s][debug][gc,ref            ] GC(2589) Skipped phase3 of Reference Processing due to unavailable references
[113.608s][debug][gc,ref            ] GC(2589) Skipped phase4 of Reference Processing due to unavailable references
[113.608s][debug][gc,ergo           ] GC(2589) Running G1 Free Collection Set using 8 workers for collection set length 775 (1293)
[113.608s][debug][gc,ergo           ] GC(2589) Running G1 Rebuild Free List Task using 8 workers for rebuilding free list of 0 (4096) regions
[113.609s][trace][gc,age            ] GC(2589) Age table with threshold 15 (max threshold 15)
[113.609s][trace][gc,age            ] GC(2589) - age   1:    4002584 bytes,    4002584 total
[113.609s][debug][gc,plab           ] GC(2589) Young PLAB allocation: allocated: 16512B, wasted: 0B, unused: 14064B, used: 2448B, undo waste: 0B, 
[113.609s][debug][gc,plab           ] GC(2589) Young other allocation: region end waste: 985928B, regions filled: 5, direct allocated: 4000136B, failure used: 0B, failure wasted: 0B
[113.609s][debug][gc,plab           ] GC(2589) Young sizing: calculated: 0B, actual: 2064B
[113.609s][debug][gc,plab           ] GC(2589) Old PLAB allocation: allocated: 0B, wasted: 0B, unused: 0B, used: 0B, undo waste: 0B, 
[113.609s][debug][gc,plab           ] GC(2589) Old other allocation: region end waste: 0B, regions filled: 1, direct allocated: 0B, failure used: 0B, failure wasted: 0B
[113.609s][debug][gc,plab           ] GC(2589) Old sizing: calculated: 0B, actual: 2064B
[113.609s][debug][gc,ihop           ] GC(2589) Basic information (value update), threshold: 610113945B (45.00), target occupancy: 1355808768B, current occupancy: 24149840B, recent allocation size: 0B, recent allocation duration: 63.25ms, recent old gen allocation rate: 0.00B/s, recent marking phase length: 30.68ms
[113.609s][debug][gc,ihop           ] GC(2589) Adaptive IHOP information (value update), threshold: 610113945B (47.37), internal target occupancy: 1288018329B, occupancy: 24149840B, additional buffer size: 812646400B, predicted old gen allocation rate: 8.59B/s, predicted marking phase length: 61.36ms, prediction active: false
[113.609s][debug][gc,ergo,refine    ] GC(2589) Concurrent refinement times: Logged Cards Scan time goal: 20.00ms Logged Cards Scan time: 0.00ms HCC time: 0.00ms
[113.609s][debug][gc,ergo,refine    ] GC(2589) Updated Refinement Zones: green: 2048, yellow: 6144, red: 10240
[113.609s][info ][gc,phases         ] GC(2589)   Pre Evacuate Collection Set: 0.2ms
[113.609s][debug][gc,phases         ] GC(2589)     Prepare TLABs: 0.0ms
[113.609s][debug][gc,phases         ] GC(2589)     Choose Collection Set: 0.0ms
[113.609s][debug][gc,phases         ] GC(2589)     Region Register: 0.1ms
[113.609s][debug][gc,phases         ] GC(2589)     Prepare Heap Roots: 0.0ms
[113.609s][info ][gc,phases         ] GC(2589)   Merge Heap Roots: 0.2ms
[113.609s][debug][gc,phases         ] GC(2589)     Prepare Merge Heap Roots: 0.0ms
[113.609s][debug][gc,phases         ] GC(2589)     Eager Reclaim (ms):       skipped
[113.609s][debug][gc,phases         ] GC(2589)     Remembered Sets (ms):     Min:  0.0, Avg:  0.0, Max:  0.0, Diff:  0.0, Sum:  0.2, Workers: 8
[113.609s][debug][gc,phases         ] GC(2589)       Merged Sparse:            Min: 0, Avg:  0.0, Max: 0, Diff: 0, Sum: 0, Workers: 8
[113.609s][debug][gc,phases         ] GC(2589)       Merged Fine:              Min: 0, Avg:  0.0, Max: 0, Diff: 0, Sum: 0, Workers: 8
[113.609s][debug][gc,phases         ] GC(2589)       Merged Coarse:            Min: 0, Avg:  0.0, Max: 0, Diff: 0, Sum: 0, Workers: 8
[113.609s][debug][gc,phases         ] GC(2589)       Dirty Cards:              Min: 0, Avg:  0.0, Max: 0, Diff: 0, Sum: 0, Workers: 8
[113.609s][debug][gc,phases         ] GC(2589)     Hot Card Cache (ms):      Min:  0.0, Avg:  0.0, Max:  0.0, Diff:  0.0, Sum:  0.0, Workers: 8
[113.609s][debug][gc,phases         ] GC(2589)       Dirty Cards:              Min: 0, Avg:  0.0, Max: 0, Diff: 0, Sum: 0, Workers: 8
[113.609s][debug][gc,phases         ] GC(2589)       Skipped Cards:            Min: 0, Avg:  0.0, Max: 0, Diff: 0, Sum: 0, Workers: 8
[113.609s][debug][gc,phases         ] GC(2589)     Log Buffers (ms):         Min:  0.0, Avg:  0.0, Max:  0.0, Diff:  0.0, Sum:  0.0, Workers: 8
[113.609s][debug][gc,phases         ] GC(2589)       Dirty Cards:              Min: 0, Avg:  0.2, Max: 1, Diff: 1, Sum: 2, Workers: 8
[113.609s][debug][gc,phases         ] GC(2589)       Skipped Cards:            Min: 0, Avg:  0.0, Max: 0, Diff: 0, Sum: 0, Workers: 8
[113.609s][info ][gc,phases         ] GC(2589)   Evacuate Collection Set: 0.6ms
[113.609s][debug][gc,phases         ] GC(2589)     Ext Root Scanning (ms):   Min:  0.1, Avg:  0.3, Max:  0.4, Diff:  0.3, Sum:  2.3, Workers: 8
[113.609s][debug][gc,phases         ] GC(2589)     Scan Heap Roots (ms):     Min:  0.0, Avg:  0.0, Max:  0.0, Diff:  0.0, Sum:  0.0, Workers: 8
[113.609s][debug][gc,phases         ] GC(2589)       Scanned Cards:            Min: 0, Avg:  0.2, Max: 1, Diff: 1, Sum: 2, Workers: 8
[113.609s][debug][gc,phases         ] GC(2589)       Scanned Blocks:           Min: 0, Avg:  0.2, Max: 1, Diff: 1, Sum: 2, Workers: 8
[113.609s][debug][gc,phases         ] GC(2589)       Claimed Chunks:           Min: 0, Avg:  0.2, Max: 1, Diff: 1, Sum: 2, Workers: 8
[113.609s][debug][gc,phases         ] GC(2589)     Code Root Scan (ms):      Min:  0.0, Avg:  0.0, Max:  0.0, Diff:  0.0, Sum:  0.2, Workers: 8
[113.609s][debug][gc,phases         ] GC(2589)     Object Copy (ms):         Min:  0.0, Avg:  0.0, Max:  0.0, Diff:  0.0, Sum:  0.0, Workers: 8
[113.609s][debug][gc,phases         ] GC(2589)     Termination (ms):         Min:  0.1, Avg:  0.1, Max:  0.2, Diff:  0.1, Sum:  1.1, Workers: 8
[113.609s][debug][gc,phases         ] GC(2589)       Termination Attempts:     Min: 1, Avg:  1.0, Max: 1, Diff: 0, Sum: 8, Workers: 8
[113.609s][debug][gc,phases         ] GC(2589)     GC Worker Other (ms):     Min:  0.0, Avg:  0.1, Max:  0.1, Diff:  0.1, Sum:  0.4, Workers: 8
[113.609s][debug][gc,phases         ] GC(2589)     GC Worker Total (ms):     Min:  0.3, Avg:  0.5, Max:  0.6, Diff:  0.2, Sum:  4.0, Workers: 8
[113.609s][info ][gc,phases         ] GC(2589)   Post Evacuate Collection Set: 0.7ms
[113.609s][debug][gc,phases         ] GC(2589)     Code Roots Fixup: 0.0ms
[113.609s][debug][gc,phases         ] GC(2589)     Clear Card Table: 0.2ms
[113.609s][debug][gc,phases         ] GC(2589)     Reference Processing: 0.0ms
[113.609s][debug][gc,phases,ref     ] GC(2589)       Reconsider SoftReferences: 0.0ms
[113.609s][debug][gc,phases,ref     ] GC(2589)         SoftRef (ms):             skipped
[113.609s][debug][gc,phases,ref     ] GC(2589)       Notify Soft/WeakReferences: 0.0ms
[113.609s][debug][gc,phases,ref     ] GC(2589)         SoftRef (ms):             skipped
[113.609s][debug][gc,phases,ref     ] GC(2589)         WeakRef (ms):             skipped
[113.609s][debug][gc,phases,ref     ] GC(2589)         FinalRef (ms):            skipped
[113.609s][debug][gc,phases,ref     ] GC(2589)         Total (ms):               skipped
[113.609s][debug][gc,phases,ref     ] GC(2589)       Notify and keep alive finalizable: 0.0ms
[113.609s][debug][gc,phases,ref     ] GC(2589)         FinalRef (ms):            skipped
[113.609s][debug][gc,phases,ref     ] GC(2589)       Notify PhantomReferences: 0.0ms
[113.609s][debug][gc,phases,ref     ] GC(2589)         PhantomRef (ms):          skipped
[113.609s][debug][gc,phases,ref     ] GC(2589)       SoftReference:
[113.609s][debug][gc,phases,ref     ] GC(2589)         Discovered: 0
[113.609s][debug][gc,phases,ref     ] GC(2589)         Cleared: 0
[113.609s][debug][gc,phases,ref     ] GC(2589)       WeakReference:
[113.609s][debug][gc,phases,ref     ] GC(2589)         Discovered: 0
[113.609s][debug][gc,phases,ref     ] GC(2589)         Cleared: 0
[113.609s][debug][gc,phases,ref     ] GC(2589)       FinalReference:
[113.609s][debug][gc,phases,ref     ] GC(2589)         Discovered: 0
[113.609s][debug][gc,phases,ref     ] GC(2589)         Cleared: 0
[113.609s][debug][gc,phases,ref     ] GC(2589)       PhantomReference:
[113.609s][debug][gc,phases,ref     ] GC(2589)         Discovered: 0
[113.609s][debug][gc,phases,ref     ] GC(2589)         Cleared: 0
[113.609s][debug][gc,phases         ] GC(2589)     Weak Processing: 0.1ms
[113.609s][debug][gc,phases         ] GC(2589)       JVMTI weak processing: 0.0ms
[113.609s][debug][gc,phases         ] GC(2589)         Dead: 0
[113.609s][debug][gc,phases         ] GC(2589)         Total: 0
[113.609s][debug][gc,phases         ] GC(2589)       JFR weak processing: 0.0ms
[113.609s][debug][gc,phases         ] GC(2589)         Dead: 0
[113.609s][debug][gc,phases         ] GC(2589)         Total: 0
[113.609s][debug][gc,phases         ] GC(2589)       JNI weak                  Min:  0.0, Avg:  0.0, Max:  0.0, Diff:  0.0, Sum:  0.0, Workers: 5
[113.609s][debug][gc,phases         ] GC(2589)         Dead                      Min: 0, Avg:  0.0, Max: 0, Diff: 0, Sum: 0, Workers: 5
[113.609s][debug][gc,phases         ] GC(2589)         Total                     Min: 0, Avg: 20.4, Max: 102, Diff: 102, Sum: 102, Workers: 5
[113.609s][debug][gc,phases         ] GC(2589)       VM weak                   Min:  0.0, Avg:  0.0, Max:  0.0, Diff:  0.0, Sum:  0.0, Workers: 5
[113.609s][debug][gc,phases         ] GC(2589)         Dead                      Min: 0, Avg:  0.0, Max: 0, Diff: 0, Sum: 0, Workers: 5
[113.609s][debug][gc,phases         ] GC(2589)         Total                     Min: 0, Avg: 42.4, Max: 128, Diff: 128, Sum: 212, Workers: 5
[113.609s][debug][gc,phases         ] GC(2589)       StringTable weak          Min:  0.0, Avg:  0.0, Max:  0.0, Diff:  0.0, Sum:  0.1, Workers: 5
[113.609s][debug][gc,phases         ] GC(2589)         Dead                      Min: 0, Avg:  0.0, Max: 0, Diff: 0, Sum: 0, Workers: 5
[113.609s][debug][gc,phases         ] GC(2589)         Total                     Min: 0, Avg: 684.6, Max: 1600, Diff: 1600, Sum: 3423, Workers: 5
[113.609s][debug][gc,phases         ] GC(2589)       ResolvedMethodTable weak  Min:  0.0, Avg:  0.0, Max:  0.0, Diff:  0.0, Sum:  0.0, Workers: 5
[113.609s][debug][gc,phases         ] GC(2589)         Dead                      Min: 0, Avg:  0.0, Max: 0, Diff: 0, Sum: 0, Workers: 5
[113.609s][debug][gc,phases         ] GC(2589)         Total                     Min: 0, Avg: 114.6, Max: 192, Diff: 192, Sum: 573, Workers: 5
[113.609s][debug][gc,phases         ] GC(2589)     Merge Per-Thread State: 0.0ms
[113.609s][debug][gc,phases         ] GC(2589)       Copied Bytes              Min: 448, Avg: 500323.0, Max: 800096, Diff: 799648, Sum: 4002584, Workers: 8
[113.609s][debug][gc,phases         ] GC(2589)       LAB Waste                 Min: 0, Avg:  0.0, Max: 0, Diff: 0, Sum: 0, Workers: 8
[113.610s][debug][gc,phases         ] GC(2589)       LAB Undo Waste            Min: 0, Avg:  0.0, Max: 0, Diff: 0, Sum: 0, Workers: 8
[113.610s][debug][gc,phases         ] GC(2589)     Code Roots Purge: 0.0ms
[113.610s][debug][gc,phases         ] GC(2589)     Redirty Cards: 0.1ms
[113.610s][debug][gc,phases         ] GC(2589)     DerivedPointerTable Update: 0.0ms
[113.610s][debug][gc,phases         ] GC(2589)     Free Collection Set: 0.2ms
[113.610s][debug][gc,phases         ] GC(2589)     Rebuild Free List: 0.1ms
[113.610s][debug][gc,phases         ] GC(2589)     Humongous Reclaim: 0.0ms
[113.610s][debug][gc,phases         ] GC(2589)     Start New Collection Set: 0.0ms
[113.610s][debug][gc,phases         ] GC(2589)     Resize TLABs: 0.0ms
[113.610s][debug][gc,phases         ] GC(2589)     Expand Heap After Collection: 0.0ms
[113.610s][info ][gc,phases         ] GC(2589)   Other: 0.4ms
[113.610s][info ][gc,heap           ] GC(2589) Eden regions: 770->0(770)
[113.610s][info ][gc,heap           ] GC(2589) Survivor regions: 5->5(97)
[113.610s][info ][gc,heap           ] GC(2589) Old regions: 18->18
[113.610s][info ][gc,heap           ] GC(2589) Archive regions: 2->2
[113.610s][info ][gc,heap           ] GC(2589) Humongous regions: 0->0
[113.610s][info ][gc,metaspace      ] GC(2589) Metaspace: 10016K(10624K)->10016K(10624K) NonClass: 8864K(9216K)->8864K(9216K) Class: 1152K(1408K)->1152K(1408K)
[113.610s][debug][gc,heap           ] GC(2589) Heap after GC invocations=2590 (full 1): garbage-first heap   total 1324032K, used 23583K [0x0000000700000000, 0x0000000800000000)
[113.610s][debug][gc,heap           ] GC(2589)   region size 1024K, 5 young (5120K), 5 survivors (5120K)
[113.610s][debug][gc,heap           ] GC(2589)  Metaspace       used 10016K, capacity 10304K, committed 10624K, reserved 1058816K
[113.610s][debug][gc,heap           ] GC(2589)   class space    used 1152K, capacity 1266K, committed 1408K, reserved 1048576K
[113.610s][info ][gc                ] GC(2589) Pause Young (Normal) (G1 Evacuation Pause) 792M->23M(1293M) 2.858ms
[113.610s][info ][gc,cpu            ] GC(2589) User=0.00s Sys=0.00s Real=0.00s
[113.610s][info ][safepoint         ] Safepoint "G1CollectForAllocation", Time since last: 62146456 ns, Reaching safepoint: 163138 ns, At safepoint: 3054604 ns, Total: 3217742 ns
[113.652s][debug][gc,heap           ] GC(2590) Heap before GC invocations=2590 (full 1): garbage-first heap   total 1324032K, used 811039K [0x0000000700000000, 0x0000000800000000)
[113.652s][debug][gc,heap           ] GC(2590)   region size 1024K, 775 young (793600K), 5 survivors (5120K)
[113.652s][debug][gc,heap           ] GC(2590)  Metaspace       used 10016K, capacity 10304K, committed 10624K, reserved 1058816K
[113.652s][debug][gc,heap           ] GC(2590)   class space    used 1152K, capacity 1266K, committed 1408K, reserved 1048576K
[113.652s][info ][gc,start          ] GC(2590) Pause Young (Normal) (G1 Evacuation Pause)
[113.652s][info ][gc,task           ] GC(2590) Using 8 workers of 8 for evacuation
[113.652s][debug][gc,tlab           ] GC(2590) TLAB totals: thrds: 8  refills: 13 max: 3 slow allocs: 1533 max 230 waste: 20.9% gc: 834960B max: 213168B slow: 56368B max: 15096B fast: 0B max: 0B
[113.652s][debug][gc,age            ] GC(2590) Desired survivor size 50855936 bytes, new threshold 15 (max threshold 15)
[113.652s][debug][gc,alloc,region   ] GC(2590) Mutator Allocation stats, regions: 770, wasted size: 180M (23.4%)
[113.652s][debug][gc,ergo           ] GC(2590) Running G1 Merge Heap Roots using 8 workers for 775 regions
[113.652s][debug][gc,remset         ] GC(2590) Visited cards 256 Total dirty 2048 (12.50%) Total old 3215360 (0.01%)
[113.653s][debug][gc,ergo           ] GC(2590) Running G1 Clear Card Table Task using 2 workers for 2 units of work for 776 regions.
[113.653s][debug][gc,ref            ] GC(2590) Skipped phase1 of Reference Processing due to unavailable references
[113.653s][debug][gc,ref            ] GC(2590) Skipped phase2 of Reference Processing due to unavailable references
[113.653s][debug][gc,ref            ] GC(2590) Skipped phase3 of Reference Processing due to unavailable references
[113.653s][debug][gc,ref            ] GC(2590) Skipped phase4 of Reference Processing due to unavailable references
[113.653s][debug][gc,ergo           ] GC(2590) Running G1 Free Collection Set using 8 workers for collection set length 775 (1293)
[113.653s][debug][gc,ergo           ] GC(2590) Running G1 Rebuild Free List Task using 8 workers for rebuilding free list of 0 (4096) regions
[113.654s][trace][gc,age            ] GC(2590) Age table with threshold 15 (max threshold 15)
[113.654s][trace][gc,age            ] GC(2590) - age   1:    4802600 bytes,    4802600 total
[113.654s][debug][gc,plab           ] GC(2590) Young PLAB allocation: allocated: 16512B, wasted: 0B, unused: 14064B, used: 2448B, undo waste: 0B, 
[113.654s][debug][gc,plab           ] GC(2590) Young other allocation: region end waste: 1234488B, regions filled: 6, direct allocated: 4800152B, failure used: 0B, failure wasted: 0B
[113.654s][debug][gc,plab           ] GC(2590) Young sizing: calculated: 0B, actual: 2064B
[113.654s][debug][gc,plab           ] GC(2590) Old PLAB allocation: allocated: 0B, wasted: 0B, unused: 0B, used: 0B, undo waste: 0B, 
[113.654s][debug][gc,plab           ] GC(2590) Old other allocation: region end waste: 0B, regions filled: 1, direct allocated: 0B, failure used: 0B, failure wasted: 0B
[113.654s][debug][gc,plab           ] GC(2590) Old sizing: calculated: 0B, actual: 2064B
[113.654s][debug][gc,ihop           ] GC(2590) Basic information (value update), threshold: 610113945B (45.00), target occupancy: 1355808768B, current occupancy: 25198416B, recent allocation size: 0B, recent allocation duration: 43.42ms, recent old gen allocation rate: 0.00B/s, recent marking phase length: 30.68ms
[113.654s][debug][gc,ihop           ] GC(2590) Adaptive IHOP information (value update), threshold: 610113945B (47.37), internal target occupancy: 1288018329B, occupancy: 25198416B, additional buffer size: 812646400B, predicted old gen allocation rate: 8.37B/s, predicted marking phase length: 61.36ms, prediction active: false
[113.654s][debug][gc,ergo,refine    ] GC(2590) Concurrent refinement times: Logged Cards Scan time goal: 20.00ms Logged Cards Scan time: 0.00ms HCC time: 0.00ms
[113.654s][debug][gc,ergo,refine    ] GC(2590) Updated Refinement Zones: green: 2048, yellow: 6144, red: 10240
[113.654s][info ][gc,phases         ] GC(2590)   Pre Evacuate Collection Set: 0.1ms
[113.654s][debug][gc,phases         ] GC(2590)     Prepare TLABs: 0.0ms
[113.654s][debug][gc,phases         ] GC(2590)     Choose Collection Set: 0.0ms
[113.654s][debug][gc,phases         ] GC(2590)     Region Register: 0.1ms
[113.654s][debug][gc,phases         ] GC(2590)     Prepare Heap Roots: 0.0ms
[113.654s][info ][gc,phases         ] GC(2590)   Merge Heap Roots: 0.2ms
[113.654s][debug][gc,phases         ] GC(2590)     Prepare Merge Heap Roots: 0.0ms
[113.654s][debug][gc,phases         ] GC(2590)     Eager Reclaim (ms):       skipped
[113.654s][debug][gc,phases         ] GC(2590)     Remembered Sets (ms):     Min:  0.0, Avg:  0.0, Max:  0.0, Diff:  0.0, Sum:  0.2, Workers: 8
[113.654s][debug][gc,phases         ] GC(2590)       Merged Sparse:            Min: 0, Avg:  0.0, Max: 0, Diff: 0, Sum: 0, Workers: 8
[113.654s][debug][gc,phases         ] GC(2590)       Merged Fine:              Min: 0, Avg:  0.0, Max: 0, Diff: 0, Sum: 0, Workers: 8
[113.654s][debug][gc,phases         ] GC(2590)       Merged Coarse:            Min: 0, Avg:  0.0, Max: 0, Diff: 0, Sum: 0, Workers: 8
[113.654s][debug][gc,phases         ] GC(2590)       Dirty Cards:              Min: 0, Avg:  0.0, Max: 0, Diff: 0, Sum: 0, Workers: 8
[113.654s][debug][gc,phases         ] GC(2590)     Hot Card Cache (ms):      Min:  0.0, Avg:  0.0, Max:  0.0, Diff:  0.0, Sum:  0.0, Workers: 8
[113.654s][debug][gc,phases         ] GC(2590)       Dirty Cards:              Min: 0, Avg:  0.0, Max: 0, Diff: 0, Sum: 0, Workers: 8
[113.654s][debug][gc,phases         ] GC(2590)       Skipped Cards:            Min: 0, Avg:  0.0, Max: 0, Diff: 0, Sum: 0, Workers: 8
[113.654s][debug][gc,phases         ] GC(2590)     Log Buffers (ms):         Min:  0.0, Avg:  0.0, Max:  0.0, Diff:  0.0, Sum:  0.0, Workers: 8
[113.654s][debug][gc,phases         ] GC(2590)       Dirty Cards:              Min: 0, Avg:  0.1, Max: 1, Diff: 1, Sum: 1, Workers: 8
[113.654s][debug][gc,phases         ] GC(2590)       Skipped Cards:            Min: 0, Avg:  0.0, Max: 0, Diff: 0, Sum: 0, Workers: 8
[113.654s][info ][gc,phases         ] GC(2590)   Evacuate Collection Set: 0.5ms
[113.654s][debug][gc,phases         ] GC(2590)     Ext Root Scanning (ms):   Min:  0.2, Avg:  0.3, Max:  0.4, Diff:  0.2, Sum:  2.7, Workers: 8
[113.654s][debug][gc,phases         ] GC(2590)     Scan Heap Roots (ms):     Min:  0.0, Avg:  0.0, Max:  0.0, Diff:  0.0, Sum:  0.0, Workers: 8
[113.654s][debug][gc,phases         ] GC(2590)       Scanned Cards:            Min: 0, Avg:  0.1, Max: 1, Diff: 1, Sum: 1, Workers: 8
[113.654s][debug][gc,phases         ] GC(2590)       Scanned Blocks:           Min: 0, Avg:  0.1, Max: 1, Diff: 1, Sum: 1, Workers: 8
[113.654s][debug][gc,phases         ] GC(2590)       Claimed Chunks:           Min: 0, Avg:  0.1, Max: 1, Diff: 1, Sum: 1, Workers: 8
[113.654s][debug][gc,phases         ] GC(2590)     Code Root Scan (ms):      Min:  0.0, Avg:  0.0, Max:  0.1, Diff:  0.1, Sum:  0.1, Workers: 8
[113.654s][debug][gc,phases         ] GC(2590)     Object Copy (ms):         Min:  0.0, Avg:  0.0, Max:  0.0, Diff:  0.0, Sum:  0.0, Workers: 8
[113.654s][debug][gc,phases         ] GC(2590)     Termination (ms):         Min:  0.0, Avg:  0.1, Max:  0.1, Diff:  0.1, Sum:  0.6, Workers: 8
[113.654s][debug][gc,phases         ] GC(2590)       Termination Attempts:     Min: 1, Avg:  1.5, Max: 2, Diff: 1, Sum: 12, Workers: 8
[113.654s][debug][gc,phases         ] GC(2590)     GC Worker Other (ms):     Min:  0.0, Avg:  0.0, Max:  0.1, Diff:  0.1, Sum:  0.3, Workers: 8
[113.654s][debug][gc,phases         ] GC(2590)     GC Worker Total (ms):     Min:  0.5, Avg:  0.5, Max:  0.5, Diff:  0.1, Sum:  3.9, Workers: 8
[113.654s][info ][gc,phases         ] GC(2590)   Post Evacuate Collection Set: 0.6ms
[113.654s][debug][gc,phases         ] GC(2590)     Code Roots Fixup: 0.0ms
[113.654s][debug][gc,phases         ] GC(2590)     Clear Card Table: 0.2ms
[113.654s][debug][gc,phases         ] GC(2590)     Reference Processing: 0.0ms
[113.654s][debug][gc,phases,ref     ] GC(2590)       Reconsider SoftReferences: 0.0ms
[113.654s][debug][gc,phases,ref     ] GC(2590)         SoftRef (ms):             skipped
[113.654s][debug][gc,phases,ref     ] GC(2590)       Notify Soft/WeakReferences: 0.0ms
[113.654s][debug][gc,phases,ref     ] GC(2590)         SoftRef (ms):             skipped
[113.654s][debug][gc,phases,ref     ] GC(2590)         WeakRef (ms):             skipped
[113.654s][debug][gc,phases,ref     ] GC(2590)         FinalRef (ms):            skipped
[113.654s][debug][gc,phases,ref     ] GC(2590)         Total (ms):               skipped
[113.654s][debug][gc,phases,ref     ] GC(2590)       Notify and keep alive finalizable: 0.0ms
[113.654s][debug][gc,phases,ref     ] GC(2590)         FinalRef (ms):            skipped
[113.654s][debug][gc,phases,ref     ] GC(2590)       Notify PhantomReferences: 0.0ms
[113.654s][debug][gc,phases,ref     ] GC(2590)         PhantomRef (ms):          skipped
[113.654s][debug][gc,phases,ref     ] GC(2590)       SoftReference:
[113.654s][debug][gc,phases,ref     ] GC(2590)         Discovered: 0
[113.654s][debug][gc,phases,ref     ] GC(2590)         Cleared: 0
[113.654s][debug][gc,phases,ref     ] GC(2590)       WeakReference:
[113.654s][debug][gc,phases,ref     ] GC(2590)         Discovered: 0
[113.654s][debug][gc,phases,ref     ] GC(2590)         Cleared: 0
[113.654s][debug][gc,phases,ref     ] GC(2590)       FinalReference:
[113.654s][debug][gc,phases,ref     ] GC(2590)         Discovered: 0
[113.654s][debug][gc,phases,ref     ] GC(2590)         Cleared: 0
[113.654s][debug][gc,phases,ref     ] GC(2590)       PhantomReference:
[113.654s][debug][gc,phases,ref     ] GC(2590)         Discovered: 0
[113.654s][debug][gc,phases,ref     ] GC(2590)         Cleared: 0
[113.654s][debug][gc,phases         ] GC(2590)     Weak Processing: 0.1ms
[113.654s][debug][gc,phases         ] GC(2590)       JVMTI weak processing: 0.0ms
[113.654s][debug][gc,phases         ] GC(2590)         Dead: 0
[113.654s][debug][gc,phases         ] GC(2590)         Total: 0
[113.654s][debug][gc,phases         ] GC(2590)       JFR weak processing: 0.0ms
[113.654s][debug][gc,phases         ] GC(2590)         Dead: 0
[113.654s][debug][gc,phases         ] GC(2590)         Total: 0
[113.654s][debug][gc,phases         ] GC(2590)       JNI weak                  Min:  0.0, Avg:  0.0, Max:  0.0, Diff:  0.0, Sum:  0.0, Workers: 5
[113.654s][debug][gc,phases         ] GC(2590)         Dead                      Min: 0, Avg:  0.0, Max: 0, Diff: 0, Sum: 0, Workers: 5
[113.654s][debug][gc,phases         ] GC(2590)         Total                     Min: 0, Avg: 20.4, Max: 62, Diff: 62, Sum: 102, Workers: 5
[113.654s][debug][gc,phases         ] GC(2590)       VM weak                   Min:  0.0, Avg:  0.0, Max:  0.0, Diff:  0.0, Sum:  0.0, Workers: 5
[113.654s][debug][gc,phases         ] GC(2590)         Dead                      Min: 0, Avg:  0.0, Max: 0, Diff: 0, Sum: 0, Workers: 5
[113.654s][debug][gc,phases         ] GC(2590)         Total                     Min: 0, Avg: 42.4, Max: 128, Diff: 128, Sum: 212, Workers: 5
[113.654s][debug][gc,phases         ] GC(2590)       StringTable weak          Min:  0.0, Avg:  0.0, Max:  0.0, Diff:  0.0, Sum:  0.1, Workers: 5
[113.654s][debug][gc,phases         ] GC(2590)         Dead                      Min: 0, Avg:  0.0, Max: 0, Diff: 0, Sum: 0, Workers: 5
[113.654s][debug][gc,phases         ] GC(2590)         Total                     Min: 0, Avg: 684.6, Max: 1599, Diff: 1599, Sum: 3423, Workers: 5
[113.654s][debug][gc,phases         ] GC(2590)       ResolvedMethodTable weak  Min:  0.0, Avg:  0.0, Max:  0.0, Diff:  0.0, Sum:  0.0, Workers: 5
[113.654s][debug][gc,phases         ] GC(2590)         Dead                      Min: 0, Avg:  0.0, Max: 0, Diff: 0, Sum: 0, Workers: 5
[113.654s][debug][gc,phases         ] GC(2590)         Total                     Min: 0, Avg: 114.6, Max: 189, Diff: 189, Sum: 573, Workers: 5
[113.654s][debug][gc,phases         ] GC(2590)     Merge Per-Thread State: 0.0ms
[113.654s][debug][gc,phases         ] GC(2590)       Copied Bytes              Min: 376, Avg: 600325.0, Max: 800320, Diff: 799944, Sum: 4802600, Workers: 8
[113.654s][debug][gc,phases         ] GC(2590)       LAB Waste                 Min: 0, Avg:  0.0, Max: 0, Diff: 0, Sum: 0, Workers: 8
[113.654s][debug][gc,phases         ] GC(2590)       LAB Undo Waste            Min: 0, Avg:  0.0, Max: 0, Diff: 0, Sum: 0, Workers: 8
[113.654s][debug][gc,phases         ] GC(2590)     Code Roots Purge: 0.0ms
[113.654s][debug][gc,phases         ] GC(2590)     Redirty Cards: 0.0ms
[113.654s][debug][gc,phases         ] GC(2590)     DerivedPointerTable Update: 0.0ms
[113.654s][debug][gc,phases         ] GC(2590)     Free Collection Set: 0.2ms
[113.654s][debug][gc,phases         ] GC(2590)     Rebuild Free List: 0.1ms
[113.654s][debug][gc,phases         ] GC(2590)     Humongous Reclaim: 0.0ms
[113.654s][debug][gc,phases         ] GC(2590)     Start New Collection Set: 0.0ms
[113.654s][debug][gc,phases         ] GC(2590)     Resize TLABs: 0.0ms
[113.654s][debug][gc,phases         ] GC(2590)     Expand Heap After Collection: 0.0ms
[113.654s][info ][gc,phases         ] GC(2590)   Other: 0.4ms
[113.654s][info ][gc,heap           ] GC(2590) Eden regions: 770->0(769)
[113.654s][info ][gc,heap           ] GC(2590) Survivor regions: 5->6(97)
[113.654s][info ][gc,heap           ] GC(2590) Old regions: 18->18
[113.654s][info ][gc,heap           ] GC(2590) Archive regions: 2->2
[113.654s][info ][gc,heap           ] GC(2590) Humongous regions: 0->0
[113.654s][info ][gc,metaspace      ] GC(2590) Metaspace: 10016K(10624K)->10016K(10624K) NonClass: 8864K(9216K)->8864K(9216K) Class: 1152K(1408K)->1152K(1408K)
[113.654s][debug][gc,heap           ] GC(2590) Heap after GC invocations=2591 (full 1): garbage-first heap   total 1324032K, used 24607K [0x0000000700000000, 0x0000000800000000)
[113.654s][debug][gc,heap           ] GC(2590)   region size 1024K, 6 young (6144K), 6 survivors (6144K)
[113.654s][debug][gc,heap           ] GC(2590)  Metaspace       used 10016K, capacity 10304K, committed 10624K, reserved 1058816K
[113.654s][debug][gc,heap           ] GC(2590)   class space    used 1152K, capacity 1266K, committed 1408K, reserved 1048576K
[113.654s][info ][gc                ] GC(2590) Pause Young (Normal) (G1 Evacuation Pause) 792M->24M(1293M) 2.402ms
[113.654s][info ][gc,cpu            ] GC(2590) User=0.01s Sys=0.00s Real=0.00s
[113.655s][info ][safepoint         ] Safepoint "G1CollectForAllocation", Time since last: 41977721 ns, Reaching safepoint: 175753 ns, At safepoint: 2669860 ns, Total: 2845613 ns
[113.698s][debug][gc,heap           ] GC(2591) Heap before GC invocations=2591 (full 1): garbage-first heap   total 1324032K, used 811039K [0x0000000700000000, 0x0000000800000000)
[113.698s][debug][gc,heap           ] GC(2591)   region size 1024K, 775 young (793600K), 6 survivors (6144K)
[113.698s][debug][gc,heap           ] GC(2591)  Metaspace       used 10016K, capacity 10304K, committed 10624K, reserved 1058816K
[113.698s][debug][gc,heap           ] GC(2591)   class space    used 1152K, capacity 1266K, committed 1408K, reserved 1048576K
[113.698s][info ][gc,start          ] GC(2591) Pause Young (Normal) (G1 Evacuation Pause)
[113.698s][info ][gc,task           ] GC(2591) Using 8 workers of 8 for evacuation
[113.698s][debug][gc,tlab           ] GC(2591) TLAB totals: thrds: 8  refills: 15 max: 3 slow allocs: 1529 max 223 waste: 29.9% gc: 1209784B max: 240968B slow: 57872B max: 14704B fast: 0B max: 0B
[113.698s][debug][gc,age            ] GC(2591) Desired survivor size 50855936 bytes, new threshold 15 (max threshold 15)
[113.698s][debug][gc,alloc,region   ] GC(2591) Mutator Allocation stats, regions: 769, wasted size: 179M (23.4%)
[113.698s][debug][gc,ergo           ] GC(2591) Running G1 Merge Heap Roots using 8 workers for 775 regions
[113.698s][debug][gc,remset         ] GC(2591) Visited cards 256 Total dirty 2048 (12.50%) Total old 3215360 (0.01%)
[113.699s][debug][gc,ergo           ] GC(2591) Running G1 Clear Card Table Task using 2 workers for 2 units of work for 776 regions.
[113.699s][debug][gc,ref            ] GC(2591) Skipped phase1 of Reference Processing due to unavailable references
[113.699s][debug][gc,ref            ] GC(2591) Skipped phase2 of Reference Processing due to unavailable references
[113.699s][debug][gc,ref            ] GC(2591) Skipped phase3 of Reference Processing due to unavailable references
[113.699s][debug][gc,ref            ] GC(2591) Skipped phase4 of Reference Processing due to unavailable references
[113.699s][debug][gc,ergo           ] GC(2591) Running G1 Free Collection Set using 8 workers for collection set length 775 (1293)
[113.699s][debug][gc,ergo           ] GC(2591) Running G1 Rebuild Free List Task using 8 workers for rebuilding free list of 0 (4096) regions
[113.699s][trace][gc,age            ] GC(2591) Age table with threshold 15 (max threshold 15)
[113.699s][trace][gc,age            ] GC(2591) - age   1:    2402544 bytes,    2402544 total
[113.699s][debug][gc,plab           ] GC(2591) Young PLAB allocation: allocated: 10320B, wasted: 0B, unused: 7872B, used: 2448B, undo waste: 0B, 
[113.699s][debug][gc,plab           ] GC(2591) Young other allocation: region end waste: 486768B, regions filled: 3, direct allocated: 2400096B, failure used: 0B, failure wasted: 0B
[113.699s][debug][gc,plab           ] GC(2591) Young sizing: calculated: 0B, actual: 2064B
[113.699s][debug][gc,plab           ] GC(2591) Old PLAB allocation: allocated: 0B, wasted: 0B, unused: 0B, used: 0B, undo waste: 0B, 
[113.699s][debug][gc,plab           ] GC(2591) Old other allocation: region end waste: 0B, regions filled: 1, direct allocated: 0B, failure used: 0B, failure wasted: 0B
[113.699s][debug][gc,plab           ] GC(2591) Old sizing: calculated: 0B, actual: 2064B
[113.699s][debug][gc,ihop           ] GC(2591) Basic information (value update), threshold: 610113945B (45.00), target occupancy: 1355808768B, current occupancy: 22044448B, recent allocation size: 0B, recent allocation duration: 44.17ms, recent old gen allocation rate: 0.00B/s, recent marking phase length: 30.68ms
[113.699s][debug][gc,ihop           ] GC(2591) Adaptive IHOP information (value update), threshold: 610113945B (47.37), internal target occupancy: 1288018329B, occupancy: 22044448B, additional buffer size: 812646400B, predicted old gen allocation rate: 8.16B/s, predicted marking phase length: 61.36ms, prediction active: false
[113.699s][debug][gc,ergo,refine    ] GC(2591) Concurrent refinement times: Logged Cards Scan time goal: 20.00ms Logged Cards Scan time: 0.00ms HCC time: 0.00ms
[113.699s][debug][gc,ergo,refine    ] GC(2591) Updated Refinement Zones: green: 2048, yellow: 6144, red: 10240
[113.700s][info ][gc,phases         ] GC(2591)   Pre Evacuate Collection Set: 0.2ms
[113.700s][debug][gc,phases         ] GC(2591)     Prepare TLABs: 0.0ms
[113.700s][debug][gc,phases         ] GC(2591)     Choose Collection Set: 0.0ms
[113.700s][debug][gc,phases         ] GC(2591)     Region Register: 0.2ms
[113.700s][debug][gc,phases         ] GC(2591)     Prepare Heap Roots: 0.0ms
[113.700s][info ][gc,phases         ] GC(2591)   Merge Heap Roots: 0.2ms
[113.700s][debug][gc,phases         ] GC(2591)     Prepare Merge Heap Roots: 0.0ms
[113.700s][debug][gc,phases         ] GC(2591)     Eager Reclaim (ms):       skipped
[113.700s][debug][gc,phases         ] GC(2591)     Remembered Sets (ms):     Min:  0.0, Avg:  0.0, Max:  0.1, Diff:  0.1, Sum:  0.2, Workers: 8
[113.700s][debug][gc,phases         ] GC(2591)       Merged Sparse:            Min: 0, Avg:  0.0, Max: 0, Diff: 0, Sum: 0, Workers: 8
[113.700s][debug][gc,phases         ] GC(2591)       Merged Fine:              Min: 0, Avg:  0.0, Max: 0, Diff: 0, Sum: 0, Workers: 8
[113.700s][debug][gc,phases         ] GC(2591)       Merged Coarse:            Min: 0, Avg:  0.0, Max: 0, Diff: 0, Sum: 0, Workers: 8
[113.700s][debug][gc,phases         ] GC(2591)       Dirty Cards:              Min: 0, Avg:  0.0, Max: 0, Diff: 0, Sum: 0, Workers: 8
[113.700s][debug][gc,phases         ] GC(2591)     Hot Card Cache (ms):      Min:  0.0, Avg:  0.0, Max:  0.0, Diff:  0.0, Sum:  0.0, Workers: 8
[113.700s][debug][gc,phases         ] GC(2591)       Dirty Cards:              Min: 0, Avg:  0.0, Max: 0, Diff: 0, Sum: 0, Workers: 8
[113.700s][debug][gc,phases         ] GC(2591)       Skipped Cards:            Min: 0, Avg:  0.0, Max: 0, Diff: 0, Sum: 0, Workers: 8
[113.700s][debug][gc,phases         ] GC(2591)     Log Buffers (ms):         Min:  0.0, Avg:  0.0, Max:  0.0, Diff:  0.0, Sum:  0.0, Workers: 8
[113.700s][debug][gc,phases         ] GC(2591)       Dirty Cards:              Min: 0, Avg:  0.1, Max: 1, Diff: 1, Sum: 1, Workers: 8
[113.700s][debug][gc,phases         ] GC(2591)       Skipped Cards:            Min: 0, Avg:  0.0, Max: 0, Diff: 0, Sum: 0, Workers: 8
[113.700s][info ][gc,phases         ] GC(2591)   Evacuate Collection Set: 0.4ms
[113.700s][debug][gc,phases         ] GC(2591)     Ext Root Scanning (ms):   Min:  0.0, Avg:  0.1, Max:  0.3, Diff:  0.3, Sum:  1.1, Workers: 8
[113.700s][debug][gc,phases         ] GC(2591)     Scan Heap Roots (ms):     Min:  0.0, Avg:  0.0, Max:  0.0, Diff:  0.0, Sum:  0.0, Workers: 8
[113.700s][debug][gc,phases         ] GC(2591)       Scanned Cards:            Min: 0, Avg:  0.1, Max: 1, Diff: 1, Sum: 1, Workers: 8
[113.700s][debug][gc,phases         ] GC(2591)       Scanned Blocks:           Min: 0, Avg:  0.1, Max: 1, Diff: 1, Sum: 1, Workers: 8
[113.700s][debug][gc,phases         ] GC(2591)       Claimed Chunks:           Min: 0, Avg:  0.1, Max: 1, Diff: 1, Sum: 1, Workers: 8
[113.700s][debug][gc,phases         ] GC(2591)     Code Root Scan (ms):      Min:  0.0, Avg:  0.0, Max:  0.0, Diff:  0.0, Sum:  0.1, Workers: 8
[113.700s][debug][gc,phases         ] GC(2591)     Object Copy (ms):         Min:  0.0, Avg:  0.0, Max:  0.0, Diff:  0.0, Sum:  0.0, Workers: 8
[113.700s][debug][gc,phases         ] GC(2591)     Termination (ms):         Min:  0.0, Avg:  0.0, Max:  0.1, Diff:  0.1, Sum:  0.4, Workers: 8
[113.700s][debug][gc,phases         ] GC(2591)       Termination Attempts:     Min: 1, Avg:  1.0, Max: 1, Diff: 0, Sum: 8, Workers: 8
[113.700s][debug][gc,phases         ] GC(2591)     GC Worker Other (ms):     Min:  0.0, Avg:  0.0, Max:  0.1, Diff:  0.0, Sum:  0.4, Workers: 8
[113.700s][debug][gc,phases         ] GC(2591)     GC Worker Total (ms):     Min:  0.0, Avg:  0.3, Max:  0.4, Diff:  0.4, Sum:  2.0, Workers: 8
[113.700s][info ][gc,phases         ] GC(2591)   Post Evacuate Collection Set: 0.7ms
[113.700s][debug][gc,phases         ] GC(2591)     Code Roots Fixup: 0.0ms
[113.700s][debug][gc,phases         ] GC(2591)     Clear Card Table: 0.2ms
[113.700s][debug][gc,phases         ] GC(2591)     Reference Processing: 0.0ms
[113.700s][debug][gc,phases,ref     ] GC(2591)       Reconsider SoftReferences: 0.0ms
[113.700s][debug][gc,phases,ref     ] GC(2591)         SoftRef (ms):             skipped
[113.700s][debug][gc,phases,ref     ] GC(2591)       Notify Soft/WeakReferences: 0.0ms
[113.700s][debug][gc,phases,ref     ] GC(2591)         SoftRef (ms):             skipped
[113.700s][debug][gc,phases,ref     ] GC(2591)         WeakRef (ms):             skipped
[113.700s][debug][gc,phases,ref     ] GC(2591)         FinalRef (ms):            skipped
[113.700s][debug][gc,phases,ref     ] GC(2591)         Total (ms):               skipped
[113.700s][debug][gc,phases,ref     ] GC(2591)       Notify and keep alive finalizable: 0.0ms
[113.700s][debug][gc,phases,ref     ] GC(2591)         FinalRef (ms):            skipped
[113.700s][debug][gc,phases,ref     ] GC(2591)       Notify PhantomReferences: 0.0ms
[113.700s][debug][gc,phases,ref     ] GC(2591)         PhantomRef (ms):          skipped
[113.700s][debug][gc,phases,ref     ] GC(2591)       SoftReference:
[113.700s][debug][gc,phases,ref     ] GC(2591)         Discovered: 0
[113.700s][debug][gc,phases,ref     ] GC(2591)         Cleared: 0
[113.700s][debug][gc,phases,ref     ] GC(2591)       WeakReference:
[113.700s][debug][gc,phases,ref     ] GC(2591)         Discovered: 0
[113.700s][debug][gc,phases,ref     ] GC(2591)         Cleared: 0
[113.700s][debug][gc,phases,ref     ] GC(2591)       FinalReference:
[113.700s][debug][gc,phases,ref     ] GC(2591)         Discovered: 0
[113.700s][debug][gc,phases,ref     ] GC(2591)         Cleared: 0
[113.700s][debug][gc,phases,ref     ] GC(2591)       PhantomReference:
[113.700s][debug][gc,phases,ref     ] GC(2591)         Discovered: 0
[113.700s][debug][gc,phases,ref     ] GC(2591)         Cleared: 0
[113.700s][debug][gc,phases         ] GC(2591)     Weak Processing: 0.0ms
[113.700s][debug][gc,phases         ] GC(2591)       JVMTI weak processing: 0.0ms
[113.700s][debug][gc,phases         ] GC(2591)         Dead: 0
[113.700s][debug][gc,phases         ] GC(2591)         Total: 0
[113.700s][debug][gc,phases         ] GC(2591)       JFR weak processing: 0.0ms
[113.700s][debug][gc,phases         ] GC(2591)         Dead: 0
[113.700s][debug][gc,phases         ] GC(2591)         Total: 0
[113.700s][debug][gc,phases         ] GC(2591)       JNI weak                  Min:  0.0, Avg:  0.0, Max:  0.0, Diff:  0.0, Sum:  0.0, Workers: 5
[113.700s][debug][gc,phases         ] GC(2591)         Dead                      Min: 0, Avg:  0.0, Max: 0, Diff: 0, Sum: 0, Workers: 5
[113.700s][debug][gc,phases         ] GC(2591)         Total                     Min: 0, Avg: 20.4, Max: 62, Diff: 62, Sum: 102, Workers: 5
[113.700s][debug][gc,phases         ] GC(2591)       VM weak                   Min:  0.0, Avg:  0.0, Max:  0.0, Diff:  0.0, Sum:  0.0, Workers: 5
[113.700s][debug][gc,phases         ] GC(2591)         Dead                      Min: 0, Avg:  0.0, Max: 0, Diff: 0, Sum: 0, Workers: 5
[113.700s][debug][gc,phases         ] GC(2591)         Total                     Min: 0, Avg: 42.4, Max: 84, Diff: 84, Sum: 212, Workers: 5
[113.700s][debug][gc,phases         ] GC(2591)       StringTable weak          Min:  0.0, Avg:  0.0, Max:  0.0, Diff:  0.0, Sum:  0.1, Workers: 5
[113.700s][debug][gc,phases         ] GC(2591)         Dead                      Min: 0, Avg:  0.0, Max: 0, Diff: 0, Sum: 0, Workers: 5
[113.700s][debug][gc,phases         ] GC(2591)         Total                     Min: 0, Avg: 684.6, Max: 1279, Diff: 1279, Sum: 3423, Workers: 5
[113.700s][debug][gc,phases         ] GC(2591)       ResolvedMethodTable weak  Min:  0.0, Avg:  0.0, Max:  0.0, Diff:  0.0, Sum:  0.0, Workers: 5
[113.700s][debug][gc,phases         ] GC(2591)         Dead                      Min: 0, Avg:  0.0, Max: 0, Diff: 0, Sum: 0, Workers: 5
[113.700s][debug][gc,phases         ] GC(2591)         Total                     Min: 64, Avg: 114.6, Max: 189, Diff: 125, Sum: 573, Workers: 5
[113.700s][debug][gc,phases         ] GC(2591)     Merge Per-Thread State: 0.0ms
[113.700s][debug][gc,phases         ] GC(2591)       Copied Bytes              Min: 0, Avg: 300318.0, Max: 800784, Diff: 800784, Sum: 2402544, Workers: 8
[113.700s][debug][gc,phases         ] GC(2591)       LAB Waste                 Min: 0, Avg:  0.0, Max: 0, Diff: 0, Sum: 0, Workers: 8
[113.700s][debug][gc,phases         ] GC(2591)       LAB Undo Waste            Min: 0, Avg:  0.0, Max: 0, Diff: 0, Sum: 0, Workers: 8
[113.700s][debug][gc,phases         ] GC(2591)     Code Roots Purge: 0.0ms
[113.700s][debug][gc,phases         ] GC(2591)     Redirty Cards: 0.0ms
[113.700s][debug][gc,phases         ] GC(2591)     DerivedPointerTable Update: 0.0ms
[113.700s][debug][gc,phases         ] GC(2591)     Free Collection Set: 0.2ms
[113.700s][debug][gc,phases         ] GC(2591)     Rebuild Free List: 0.1ms
[113.700s][debug][gc,phases         ] GC(2591)     Humongous Reclaim: 0.0ms
[113.700s][debug][gc,phases         ] GC(2591)     Start New Collection Set: 0.0ms
[113.700s][debug][gc,phases         ] GC(2591)     Resize TLABs: 0.0ms
[113.700s][debug][gc,phases         ] GC(2591)     Expand Heap After Collection: 0.0ms
[113.700s][info ][gc,phases         ] GC(2591)   Other: 0.6ms
[113.700s][info ][gc,heap           ] GC(2591) Eden regions: 769->0(772)
[113.700s][info ][gc,heap           ] GC(2591) Survivor regions: 6->3(97)
[113.700s][info ][gc,heap           ] GC(2591) Old regions: 18->18
[113.700s][info ][gc,heap           ] GC(2591) Archive regions: 2->2
[113.700s][info ][gc,heap           ] GC(2591) Humongous regions: 0->0
[113.700s][info ][gc,metaspace      ] GC(2591) Metaspace: 10016K(10624K)->10016K(10624K) NonClass: 8864K(9216K)->8864K(9216K) Class: 1152K(1408K)->1152K(1408K)
[113.700s][debug][gc,heap           ] GC(2591) Heap after GC invocations=2592 (full 1): garbage-first heap   total 1324032K, used 21527K [0x0000000700000000, 0x0000000800000000)
[113.700s][debug][gc,heap           ] GC(2591)   region size 1024K, 3 young (3072K), 3 survivors (3072K)
[113.700s][debug][gc,heap           ] GC(2591)  Metaspace       used 10016K, capacity 10304K, committed 10624K, reserved 1058816K
[113.700s][debug][gc,heap           ] GC(2591)   class space    used 1152K, capacity 1266K, committed 1408K, reserved 1048576K
[113.700s][info ][gc                ] GC(2591) Pause Young (Normal) (G1 Evacuation Pause) 792M->21M(1293M) 2.759ms
[113.700s][info ][gc,cpu            ] GC(2591) User=0.01s Sys=0.00s Real=0.00s
[113.701s][info ][safepoint         ] Safepoint "G1CollectForAllocation", Time since last: 42765603 ns, Reaching safepoint: 169111 ns, At safepoint: 3135179 ns, Total: 3304290 ns
[113.743s][debug][gc,heap           ] GC(2592) Heap before GC invocations=2592 (full 1): garbage-first heap   total 1324032K, used 811031K [0x0000000700000000, 0x0000000800000000)
[113.743s][debug][gc,heap           ] GC(2592)   region size 1024K, 775 young (793600K), 3 survivors (3072K)
[113.743s][debug][gc,heap           ] GC(2592)  Metaspace       used 10016K, capacity 10304K, committed 10624K, reserved 1058816K
[113.743s][debug][gc,heap           ] GC(2592)   class space    used 1152K, capacity 1266K, committed 1408K, reserved 1048576K
[113.743s][info ][gc,start          ] GC(2592) Pause Young (Normal) (G1 Evacuation Pause)
[113.743s][info ][gc,task           ] GC(2592) Using 8 workers of 8 for evacuation
[113.743s][debug][gc,tlab           ] GC(2592) TLAB totals: thrds: 8  refills: 15 max: 3 slow allocs: 1536 max 218 waste: 25.5% gc: 957728B max: 143648B slow: 61768B max: 15952B fast: 0B max: 0B
[113.743s][debug][gc,age            ] GC(2592) Desired survivor size 50855936 bytes, new threshold 15 (max threshold 15)
[113.743s][debug][gc,alloc,region   ] GC(2592) Mutator Allocation stats, regions: 772, wasted size: 180M (23.4%)
[113.743s][debug][gc,ergo           ] GC(2592) Running G1 Merge Heap Roots using 8 workers for 775 regions
[113.743s][debug][gc,remset         ] GC(2592) Visited cards 512 Total dirty 4096 (12.50%) Total old 3215360 (0.02%)
[113.744s][debug][gc,ergo           ] GC(2592) Running G1 Clear Card Table Task using 2 workers for 2 units of work for 777 regions.
[113.744s][debug][gc,ref            ] GC(2592) Skipped phase1 of Reference Processing due to unavailable references
[113.744s][debug][gc,ref            ] GC(2592) Skipped phase2 of Reference Processing due to unavailable references
[113.744s][debug][gc,ref            ] GC(2592) Skipped phase3 of Reference Processing due to unavailable references
[113.744s][debug][gc,ref            ] GC(2592) Skipped phase4 of Reference Processing due to unavailable references
[113.744s][debug][gc,ergo           ] GC(2592) Running G1 Free Collection Set using 8 workers for collection set length 775 (1293)
[113.744s][debug][gc,ergo           ] GC(2592) Running G1 Rebuild Free List Task using 8 workers for rebuilding free list of 0 (4096) regions
[113.744s][trace][gc,age            ] GC(2592) Age table with threshold 15 (max threshold 15)
[113.744s][trace][gc,age            ] GC(2592) - age   1:    3202528 bytes,    3202528 total
[113.744s][debug][gc,plab           ] GC(2592) Young PLAB allocation: allocated: 16512B, wasted: 0B, unused: 14104B, used: 2408B, undo waste: 0B, 
[113.744s][debug][gc,plab           ] GC(2592) Young other allocation: region end waste: 731184B, regions filled: 4, direct allocated: 3200120B, failure used: 0B, failure wasted: 0B
[113.744s][debug][gc,plab           ] GC(2592) Young sizing: calculated: 0B, actual: 2064B
[113.744s][debug][gc,plab           ] GC(2592) Old PLAB allocation: allocated: 0B, wasted: 0B, unused: 0B, used: 0B, undo waste: 0B, 
[113.744s][debug][gc,plab           ] GC(2592) Old other allocation: region end waste: 0B, regions filled: 1, direct allocated: 0B, failure used: 0B, failure wasted: 0B
[113.744s][debug][gc,plab           ] GC(2592) Old sizing: calculated: 0B, actual: 2064B
[113.744s][debug][gc,ihop           ] GC(2592) Basic information (value update), threshold: 610113945B (45.00), target occupancy: 1355808768B, current occupancy: 23095080B, recent allocation size: 0B, recent allocation duration: 43.44ms, recent old gen allocation rate: 0.00B/s, recent marking phase length: 30.68ms
[113.744s][debug][gc,ihop           ] GC(2592) Adaptive IHOP information (value update), threshold: 610113945B (47.37), internal target occupancy: 1288018329B, occupancy: 23095080B, additional buffer size: 812646400B, predicted old gen allocation rate: 7.95B/s, predicted marking phase length: 61.36ms, prediction active: false
[113.744s][debug][gc,ergo,refine    ] GC(2592) Concurrent refinement times: Logged Cards Scan time goal: 20.00ms Logged Cards Scan time: 0.00ms HCC time: 0.00ms
[113.744s][debug][gc,ergo,refine    ] GC(2592) Updated Refinement Zones: green: 2048, yellow: 6144, red: 10240
[113.744s][info ][gc,phases         ] GC(2592)   Pre Evacuate Collection Set: 0.1ms
[113.744s][debug][gc,phases         ] GC(2592)     Prepare TLABs: 0.0ms
[113.744s][debug][gc,phases         ] GC(2592)     Choose Collection Set: 0.0ms
[113.744s][debug][gc,phases         ] GC(2592)     Region Register: 0.1ms
[113.744s][debug][gc,phases         ] GC(2592)     Prepare Heap Roots: 0.0ms
[113.744s][info ][gc,phases         ] GC(2592)   Merge Heap Roots: 0.2ms
[113.744s][debug][gc,phases         ] GC(2592)     Prepare Merge Heap Roots: 0.0ms
[113.744s][debug][gc,phases         ] GC(2592)     Eager Reclaim (ms):       skipped
[113.744s][debug][gc,phases         ] GC(2592)     Remembered Sets (ms):     Min:  0.0, Avg:  0.0, Max:  0.1, Diff:  0.0, Sum:  0.4, Workers: 8
[113.744s][debug][gc,phases         ] GC(2592)       Merged Sparse:            Min: 0, Avg:  0.0, Max: 0, Diff: 0, Sum: 0, Workers: 8
[113.744s][debug][gc,phases         ] GC(2592)       Merged Fine:              Min: 0, Avg:  0.0, Max: 0, Diff: 0, Sum: 0, Workers: 8
[113.744s][debug][gc,phases         ] GC(2592)       Merged Coarse:            Min: 0, Avg:  0.0, Max: 0, Diff: 0, Sum: 0, Workers: 8
[113.744s][debug][gc,phases         ] GC(2592)       Dirty Cards:              Min: 0, Avg:  0.0, Max: 0, Diff: 0, Sum: 0, Workers: 8
[113.745s][debug][gc,phases         ] GC(2592)     Hot Card Cache (ms):      Min:  0.0, Avg:  0.0, Max:  0.0, Diff:  0.0, Sum:  0.0, Workers: 8
[113.745s][debug][gc,phases         ] GC(2592)       Dirty Cards:              Min: 0, Avg:  0.0, Max: 0, Diff: 0, Sum: 0, Workers: 8
[113.745s][debug][gc,phases         ] GC(2592)       Skipped Cards:            Min: 0, Avg:  0.0, Max: 0, Diff: 0, Sum: 0, Workers: 8
[113.745s][debug][gc,phases         ] GC(2592)     Log Buffers (ms):         Min:  0.0, Avg:  0.0, Max:  0.0, Diff:  0.0, Sum:  0.0, Workers: 8
[113.745s][debug][gc,phases         ] GC(2592)       Dirty Cards:              Min: 0, Avg:  0.2, Max: 2, Diff: 2, Sum: 2, Workers: 8
[113.745s][debug][gc,phases         ] GC(2592)       Skipped Cards:            Min: 0, Avg:  0.0, Max: 0, Diff: 0, Sum: 0, Workers: 8
[113.745s][info ][gc,phases         ] GC(2592)   Evacuate Collection Set: 0.4ms
[113.745s][debug][gc,phases         ] GC(2592)     Ext Root Scanning (ms):   Min:  0.1, Avg:  0.2, Max:  0.3, Diff:  0.2, Sum:  1.7, Workers: 8
[113.745s][debug][gc,phases         ] GC(2592)     Scan Heap Roots (ms):     Min:  0.0, Avg:  0.0, Max:  0.0, Diff:  0.0, Sum:  0.0, Workers: 8
[113.745s][debug][gc,phases         ] GC(2592)       Scanned Cards:            Min: 0, Avg:  0.2, Max: 2, Diff: 2, Sum: 2, Workers: 8
[113.745s][debug][gc,phases         ] GC(2592)       Scanned Blocks:           Min: 0, Avg:  0.2, Max: 2, Diff: 2, Sum: 2, Workers: 8
[113.745s][debug][gc,phases         ] GC(2592)       Claimed Chunks:           Min: 0, Avg:  0.2, Max: 2, Diff: 2, Sum: 2, Workers: 8
[113.745s][debug][gc,phases         ] GC(2592)     Code Root Scan (ms):      Min:  0.0, Avg:  0.0, Max:  0.1, Diff:  0.1, Sum:  0.1, Workers: 8
[113.745s][debug][gc,phases         ] GC(2592)     Object Copy (ms):         Min:  0.0, Avg:  0.0, Max:  0.0, Diff:  0.0, Sum:  0.0, Workers: 8
[113.745s][debug][gc,phases         ] GC(2592)     Termination (ms):         Min:  0.0, Avg:  0.1, Max:  0.1, Diff:  0.0, Sum:  0.6, Workers: 8
[113.745s][debug][gc,phases         ] GC(2592)       Termination Attempts:     Min: 1, Avg:  1.4, Max: 2, Diff: 1, Sum: 11, Workers: 8
[113.745s][debug][gc,phases         ] GC(2592)     GC Worker Other (ms):     Min:  0.0, Avg:  0.0, Max:  0.1, Diff:  0.1, Sum:  0.4, Workers: 8
[113.745s][debug][gc,phases         ] GC(2592)     GC Worker Total (ms):     Min:  0.3, Avg:  0.4, Max:  0.4, Diff:  0.0, Sum:  2.9, Workers: 8
[113.745s][info ][gc,phases         ] GC(2592)   Post Evacuate Collection Set: 0.7ms
[113.745s][debug][gc,phases         ] GC(2592)     Code Roots Fixup: 0.0ms
[113.745s][debug][gc,phases         ] GC(2592)     Clear Card Table: 0.2ms
[113.745s][debug][gc,phases         ] GC(2592)     Reference Processing: 0.0ms
[113.745s][debug][gc,phases,ref     ] GC(2592)       Reconsider SoftReferences: 0.0ms
[113.745s][debug][gc,phases,ref     ] GC(2592)         SoftRef (ms):             skipped
[113.745s][debug][gc,phases,ref     ] GC(2592)       Notify Soft/WeakReferences: 0.0ms
[113.745s][debug][gc,phases,ref     ] GC(2592)         SoftRef (ms):             skipped
[113.745s][debug][gc,phases,ref     ] GC(2592)         WeakRef (ms):             skipped
[113.745s][debug][gc,phases,ref     ] GC(2592)         FinalRef (ms):            skipped
[113.745s][debug][gc,phases,ref     ] GC(2592)         Total (ms):               skipped
[113.745s][debug][gc,phases,ref     ] GC(2592)       Notify and keep alive finalizable: 0.0ms
[113.745s][debug][gc,phases,ref     ] GC(2592)         FinalRef (ms):            skipped
[113.745s][debug][gc,phases,ref     ] GC(2592)       Notify PhantomReferences: 0.0ms
[113.745s][debug][gc,phases,ref     ] GC(2592)         PhantomRef (ms):          skipped
[113.745s][debug][gc,phases,ref     ] GC(2592)       SoftReference:
[113.745s][debug][gc,phases,ref     ] GC(2592)         Discovered: 0
[113.745s][debug][gc,phases,ref     ] GC(2592)         Cleared: 0
[113.745s][debug][gc,phases,ref     ] GC(2592)       WeakReference:
[113.745s][debug][gc,phases,ref     ] GC(2592)         Discovered: 0
[113.745s][debug][gc,phases,ref     ] GC(2592)         Cleared: 0
[113.745s][debug][gc,phases,ref     ] GC(2592)       FinalReference:
[113.745s][debug][gc,phases,ref     ] GC(2592)         Discovered: 0
[113.745s][debug][gc,phases,ref     ] GC(2592)         Cleared: 0
[113.745s][debug][gc,phases,ref     ] GC(2592)       PhantomReference:
[113.745s][debug][gc,phases,ref     ] GC(2592)         Discovered: 0
[113.745s][debug][gc,phases,ref     ] GC(2592)         Cleared: 0
[113.745s][debug][gc,phases         ] GC(2592)     Weak Processing: 0.1ms
[113.745s][debug][gc,phases         ] GC(2592)       JVMTI weak processing: 0.0ms
[113.745s][debug][gc,phases         ] GC(2592)         Dead: 0
[113.745s][debug][gc,phases         ] GC(2592)         Total: 0
[113.745s][debug][gc,phases         ] GC(2592)       JFR weak processing: 0.0ms
[113.745s][debug][gc,phases         ] GC(2592)         Dead: 0
[113.745s][debug][gc,phases         ] GC(2592)         Total: 0
[113.745s][debug][gc,phases         ] GC(2592)       JNI weak                  Min:  0.0, Avg:  0.0, Max:  0.0, Diff:  0.0, Sum:  0.0, Workers: 5
[113.745s][debug][gc,phases         ] GC(2592)         Dead                      Min: 0, Avg:  0.0, Max: 0, Diff: 0, Sum: 0, Workers: 5
[113.745s][debug][gc,phases         ] GC(2592)         Total                     Min: 0, Avg: 20.4, Max: 62, Diff: 62, Sum: 102, Workers: 5
[113.745s][debug][gc,phases         ] GC(2592)       VM weak                   Min:  0.0, Avg:  0.0, Max:  0.0, Diff:  0.0, Sum:  0.0, Workers: 5
[113.745s][debug][gc,phases         ] GC(2592)         Dead                      Min: 0, Avg:  0.0, Max: 0, Diff: 0, Sum: 0, Workers: 5
[113.745s][debug][gc,phases         ] GC(2592)         Total                     Min: 0, Avg: 42.4, Max: 128, Diff: 128, Sum: 212, Workers: 5
[113.745s][debug][gc,phases         ] GC(2592)       StringTable weak          Min:  0.0, Avg:  0.0, Max:  0.0, Diff:  0.0, Sum:  0.1, Workers: 5
[113.745s][debug][gc,phases         ] GC(2592)         Dead                      Min: 0, Avg:  0.0, Max: 0, Diff: 0, Sum: 0, Workers: 5
[113.745s][debug][gc,phases         ] GC(2592)         Total                     Min: 0, Avg: 684.6, Max: 1664, Diff: 1664, Sum: 3423, Workers: 5
[113.745s][debug][gc,phases         ] GC(2592)       ResolvedMethodTable weak  Min:  0.0, Avg:  0.0, Max:  0.0, Diff:  0.0, Sum:  0.0, Workers: 5
[113.745s][debug][gc,phases         ] GC(2592)         Dead                      Min: 0, Avg:  0.0, Max: 0, Diff: 0, Sum: 0, Workers: 5
[113.745s][debug][gc,phases         ] GC(2592)         Total                     Min: 0, Avg: 114.6, Max: 189, Diff: 189, Sum: 573, Workers: 5
[113.745s][debug][gc,phases         ] GC(2592)     Merge Per-Thread State: 0.0ms
[113.745s][debug][gc,phases         ] GC(2592)       Copied Bytes              Min: 912, Avg: 400316.0, Max: 800096, Diff: 799184, Sum: 3202528, Workers: 8
[113.745s][debug][gc,phases         ] GC(2592)       LAB Waste                 Min: 0, Avg:  0.0, Max: 0, Diff: 0, Sum: 0, Workers: 8
[113.745s][debug][gc,phases         ] GC(2592)       LAB Undo Waste            Min: 0, Avg:  0.0, Max: 0, Diff: 0, Sum: 0, Workers: 8
[113.745s][debug][gc,phases         ] GC(2592)     Code Roots Purge: 0.0ms
[113.745s][debug][gc,phases         ] GC(2592)     Redirty Cards: 0.0ms
[113.745s][debug][gc,phases         ] GC(2592)     DerivedPointerTable Update: 0.0ms
[113.745s][debug][gc,phases         ] GC(2592)     Free Collection Set: 0.2ms
[113.745s][debug][gc,phases         ] GC(2592)     Rebuild Free List: 0.1ms
[113.745s][debug][gc,phases         ] GC(2592)     Humongous Reclaim: 0.0ms
[113.745s][debug][gc,phases         ] GC(2592)     Start New Collection Set: 0.0ms
[113.745s][debug][gc,phases         ] GC(2592)     Resize TLABs: 0.0ms
[113.745s][debug][gc,phases         ] GC(2592)     Expand Heap After Collection: 0.0ms
[113.745s][info ][gc,phases         ] GC(2592)   Other: 0.3ms
[113.745s][info ][gc,heap           ] GC(2592) Eden regions: 772->0(771)
[113.745s][info ][gc,heap           ] GC(2592) Survivor regions: 3->4(97)
[113.745s][info ][gc,heap           ] GC(2592) Old regions: 18->18
[113.745s][info ][gc,heap           ] GC(2592) Archive regions: 2->2
[113.745s][info ][gc,heap           ] GC(2592) Humongous regions: 0->0
[113.745s][info ][gc,metaspace      ] GC(2592) Metaspace: 10016K(10624K)->10016K(10624K) NonClass: 8864K(9216K)->8864K(9216K) Class: 1152K(1408K)->1152K(1408K)
[113.745s][debug][gc,heap           ] GC(2592) Heap after GC invocations=2593 (full 1): garbage-first heap   total 1324032K, used 22553K [0x0000000700000000, 0x0000000800000000)
[113.745s][debug][gc,heap           ] GC(2592)   region size 1024K, 4 young (4096K), 4 survivors (4096K)
[113.745s][debug][gc,heap           ] GC(2592)  Metaspace       used 10016K, capacity 10304K, committed 10624K, reserved 1058816K
[113.745s][debug][gc,heap           ] GC(2592)   class space    used 1152K, capacity 1266K, committed 1408K, reserved 1048576K
[113.745s][info ][gc                ] GC(2592) Pause Young (Normal) (G1 Evacuation Pause) 792M->22M(1293M) 2.318ms
[113.745s][info ][gc,cpu            ] GC(2592) User=0.01s Sys=0.00s Real=0.00s
[113.745s][info ][safepoint         ] Safepoint "G1CollectForAllocation", Time since last: 41857100 ns, Reaching safepoint: 221374 ns, At safepoint: 2487807 ns, Total: 2709181 ns
[113.788s][debug][gc,heap           ] GC(2593) Heap before GC invocations=2593 (full 1): garbage-first heap   total 1324032K, used 811033K [0x0000000700000000, 0x0000000800000000)
[113.788s][debug][gc,heap           ] GC(2593)   region size 1024K, 775 young (793600K), 4 survivors (4096K)
[113.788s][debug][gc,heap           ] GC(2593)  Metaspace       used 10016K, capacity 10304K, committed 10624K, reserved 1058816K
[113.788s][debug][gc,heap           ] GC(2593)   class space    used 1152K, capacity 1266K, committed 1408K, reserved 1048576K
[113.788s][info ][gc,start          ] GC(2593) Pause Young (Normal) (G1 Evacuation Pause)
[113.788s][info ][gc,task           ] GC(2593) Using 8 workers of 8 for evacuation
[113.788s][debug][gc,tlab           ] GC(2593) TLAB totals: thrds: 8  refills: 13 max: 2 slow allocs: 1536 max 251 waste: 27.7% gc: 1068680B max: 237584B slow: 68824B max: 13912B fast: 0B max: 0B
[113.788s][debug][gc,age            ] GC(2593) Desired survivor size 50855936 bytes, new threshold 15 (max threshold 15)
[113.788s][debug][gc,alloc,region   ] GC(2593) Mutator Allocation stats, regions: 771, wasted size: 180M (23.4%)
[113.788s][debug][gc,ergo           ] GC(2593) Running G1 Merge Heap Roots using 8 workers for 775 regions
[113.789s][debug][gc,remset         ] GC(2593) Visited cards 256 Total dirty 2048 (12.50%) Total old 3215360 (0.01%)
[113.789s][debug][gc,ergo           ] GC(2593) Running G1 Clear Card Table Task using 2 workers for 2 units of work for 776 regions.
[113.789s][debug][gc,ref            ] GC(2593) Skipped phase1 of Reference Processing due to unavailable references
[113.789s][debug][gc,ref            ] GC(2593) Skipped phase2 of Reference Processing due to unavailable references
[113.789s][debug][gc,ref            ] GC(2593) Skipped phase3 of Reference Processing due to unavailable references
[113.789s][debug][gc,ref            ] GC(2593) Skipped phase4 of Reference Processing due to unavailable references
[113.789s][debug][gc,ergo           ] GC(2593) Running G1 Free Collection Set using 8 workers for collection set length 775 (1293)
[113.789s][debug][gc,ergo           ] GC(2593) Running G1 Rebuild Free List Task using 8 workers for rebuilding free list of 0 (4096) regions
[113.790s][trace][gc,age            ] GC(2593) Age table with threshold 15 (max threshold 15)
[113.790s][trace][gc,age            ] GC(2593) - age   1:    3202568 bytes,    3202568 total
[113.790s][debug][gc,plab           ] GC(2593) Young PLAB allocation: allocated: 16512B, wasted: 0B, unused: 14064B, used: 2448B, undo waste: 0B, 
[113.790s][debug][gc,plab           ] GC(2593) Young other allocation: region end waste: 731184B, regions filled: 4, direct allocated: 3200120B, failure used: 0B, failure wasted: 0B
[113.790s][debug][gc,plab           ] GC(2593) Young sizing: calculated: 0B, actual: 2064B
[113.790s][debug][gc,plab           ] GC(2593) Old PLAB allocation: allocated: 0B, wasted: 0B, unused: 0B, used: 0B, undo waste: 0B, 
[113.790s][debug][gc,plab           ] GC(2593) Old other allocation: region end waste: 0B, regions filled: 1, direct allocated: 0B, failure used: 0B, failure wasted: 0B
[113.790s][debug][gc,plab           ] GC(2593) Old sizing: calculated: 0B, actual: 2064B
[113.790s][debug][gc,ihop           ] GC(2593) Basic information (value update), threshold: 610113945B (45.00), target occupancy: 1355808768B, current occupancy: 23095080B, recent allocation size: 0B, recent allocation duration: 43.88ms, recent old gen allocation rate: 0.00B/s, recent marking phase length: 30.68ms
[113.790s][debug][gc,ihop           ] GC(2593) Adaptive IHOP information (value update), threshold: 610113945B (47.37), internal target occupancy: 1288018329B, occupancy: 23095080B, additional buffer size: 812646400B, predicted old gen allocation rate: 7.75B/s, predicted marking phase length: 61.36ms, prediction active: false
[113.790s][debug][gc,ergo,refine    ] GC(2593) Concurrent refinement times: Logged Cards Scan time goal: 20.00ms Logged Cards Scan time: 0.00ms HCC time: 0.00ms
[113.790s][debug][gc,ergo,refine    ] GC(2593) Updated Refinement Zones: green: 2048, yellow: 6144, red: 10240
[113.790s][info ][gc,phases         ] GC(2593)   Pre Evacuate Collection Set: 0.1ms
[113.790s][debug][gc,phases         ] GC(2593)     Prepare TLABs: 0.0ms
[113.790s][debug][gc,phases         ] GC(2593)     Choose Collection Set: 0.0ms
[113.790s][debug][gc,phases         ] GC(2593)     Region Register: 0.1ms
[113.790s][debug][gc,phases         ] GC(2593)     Prepare Heap Roots: 0.0ms
[113.790s][info ][gc,phases         ] GC(2593)   Merge Heap Roots: 0.2ms
[113.790s][debug][gc,phases         ] GC(2593)     Prepare Merge Heap Roots: 0.0ms
[113.790s][debug][gc,phases         ] GC(2593)     Eager Reclaim (ms):       skipped
[113.790s][debug][gc,phases         ] GC(2593)     Remembered Sets (ms):     Min:  0.0, Avg:  0.0, Max:  0.1, Diff:  0.0, Sum:  0.3, Workers: 8
[113.790s][debug][gc,phases         ] GC(2593)       Merged Sparse:            Min: 0, Avg:  0.0, Max: 0, Diff: 0, Sum: 0, Workers: 8
[113.790s][debug][gc,phases         ] GC(2593)       Merged Fine:              Min: 0, Avg:  0.0, Max: 0, Diff: 0, Sum: 0, Workers: 8
[113.790s][debug][gc,phases         ] GC(2593)       Merged Coarse:            Min: 0, Avg:  0.0, Max: 0, Diff: 0, Sum: 0, Workers: 8
[113.790s][debug][gc,phases         ] GC(2593)       Dirty Cards:              Min: 0, Avg:  0.0, Max: 0, Diff: 0, Sum: 0, Workers: 8
[113.790s][debug][gc,phases         ] GC(2593)     Hot Card Cache (ms):      Min:  0.0, Avg:  0.0, Max:  0.0, Diff:  0.0, Sum:  0.0, Workers: 8
[113.790s][debug][gc,phases         ] GC(2593)       Dirty Cards:              Min: 0, Avg:  0.0, Max: 0, Diff: 0, Sum: 0, Workers: 8
[113.790s][debug][gc,phases         ] GC(2593)       Skipped Cards:            Min: 0, Avg:  0.0, Max: 0, Diff: 0, Sum: 0, Workers: 8
[113.790s][debug][gc,phases         ] GC(2593)     Log Buffers (ms):         Min:  0.0, Avg:  0.0, Max:  0.0, Diff:  0.0, Sum:  0.0, Workers: 8
[113.790s][debug][gc,phases         ] GC(2593)       Dirty Cards:              Min: 0, Avg:  0.1, Max: 1, Diff: 1, Sum: 1, Workers: 8
[113.790s][debug][gc,phases         ] GC(2593)       Skipped Cards:            Min: 0, Avg:  0.0, Max: 0, Diff: 0, Sum: 0, Workers: 8
[113.790s][info ][gc,phases         ] GC(2593)   Evacuate Collection Set: 0.4ms
[113.790s][debug][gc,phases         ] GC(2593)     Ext Root Scanning (ms):   Min:  0.2, Avg:  0.2, Max:  0.3, Diff:  0.1, Sum:  1.7, Workers: 8
[113.790s][debug][gc,phases         ] GC(2593)     Scan Heap Roots (ms):     Min:  0.0, Avg:  0.0, Max:  0.0, Diff:  0.0, Sum:  0.0, Workers: 8
[113.790s][debug][gc,phases         ] GC(2593)       Scanned Cards:            Min: 0, Avg:  0.1, Max: 1, Diff: 1, Sum: 1, Workers: 8
[113.790s][debug][gc,phases         ] GC(2593)       Scanned Blocks:           Min: 0, Avg:  0.1, Max: 1, Diff: 1, Sum: 1, Workers: 8
[113.790s][debug][gc,phases         ] GC(2593)       Claimed Chunks:           Min: 0, Avg:  0.1, Max: 1, Diff: 1, Sum: 1, Workers: 8
[113.790s][debug][gc,phases         ] GC(2593)     Code Root Scan (ms):      Min:  0.0, Avg:  0.0, Max:  0.0, Diff:  0.0, Sum:  0.2, Workers: 8
[113.790s][debug][gc,phases         ] GC(2593)     Object Copy (ms):         Min:  0.0, Avg:  0.0, Max:  0.0, Diff:  0.0, Sum:  0.0, Workers: 8
[113.790s][debug][gc,phases         ] GC(2593)     Termination (ms):         Min:  0.0, Avg:  0.1, Max:  0.1, Diff:  0.0, Sum:  0.5, Workers: 8
[113.790s][debug][gc,phases         ] GC(2593)       Termination Attempts:     Min: 1, Avg:  1.0, Max: 1, Diff: 0, Sum: 8, Workers: 8
[113.790s][debug][gc,phases         ] GC(2593)     GC Worker Other (ms):     Min:  0.0, Avg:  0.1, Max:  0.1, Diff:  0.0, Sum:  0.4, Workers: 8
[113.790s][debug][gc,phases         ] GC(2593)     GC Worker Total (ms):     Min:  0.3, Avg:  0.3, Max:  0.4, Diff:  0.0, Sum:  2.8, Workers: 8
[113.790s][info ][gc,phases         ] GC(2593)   Post Evacuate Collection Set: 0.6ms
[113.790s][debug][gc,phases         ] GC(2593)     Code Roots Fixup: 0.0ms
[113.790s][debug][gc,phases         ] GC(2593)     Clear Card Table: 0.2ms
[113.790s][debug][gc,phases         ] GC(2593)     Reference Processing: 0.0ms
[113.790s][debug][gc,phases,ref     ] GC(2593)       Reconsider SoftReferences: 0.0ms
[113.790s][debug][gc,phases,ref     ] GC(2593)         SoftRef (ms):             skipped
[113.790s][debug][gc,phases,ref     ] GC(2593)       Notify Soft/WeakReferences: 0.0ms
[113.790s][debug][gc,phases,ref     ] GC(2593)         SoftRef (ms):             skipped
[113.790s][debug][gc,phases,ref     ] GC(2593)         WeakRef (ms):             skipped
[113.790s][debug][gc,phases,ref     ] GC(2593)         FinalRef (ms):            skipped
[113.790s][debug][gc,phases,ref     ] GC(2593)         Total (ms):               skipped
[113.790s][debug][gc,phases,ref     ] GC(2593)       Notify and keep alive finalizable: 0.0ms
[113.790s][debug][gc,phases,ref     ] GC(2593)         FinalRef (ms):            skipped
[113.790s][debug][gc,phases,ref     ] GC(2593)       Notify PhantomReferences: 0.0ms
[113.790s][debug][gc,phases,ref     ] GC(2593)         PhantomRef (ms):          skipped
[113.790s][debug][gc,phases,ref     ] GC(2593)       SoftReference:
[113.790s][debug][gc,phases,ref     ] GC(2593)         Discovered: 0
[113.790s][debug][gc,phases,ref     ] GC(2593)         Cleared: 0
[113.790s][debug][gc,phases,ref     ] GC(2593)       WeakReference:
[113.790s][debug][gc,phases,ref     ] GC(2593)         Discovered: 0
[113.790s][debug][gc,phases,ref     ] GC(2593)         Cleared: 0
[113.790s][debug][gc,phases,ref     ] GC(2593)       FinalReference:
[113.790s][debug][gc,phases,ref     ] GC(2593)         Discovered: 0
[113.790s][debug][gc,phases,ref     ] GC(2593)         Cleared: 0
[113.790s][debug][gc,phases,ref     ] GC(2593)       PhantomReference:
[113.790s][debug][gc,phases,ref     ] GC(2593)         Discovered: 0
[113.790s][debug][gc,phases,ref     ] GC(2593)         Cleared: 0
[113.790s][debug][gc,phases         ] GC(2593)     Weak Processing: 0.1ms
[113.790s][debug][gc,phases         ] GC(2593)       JVMTI weak processing: 0.0ms
[113.790s][debug][gc,phases         ] GC(2593)         Dead: 0
[113.790s][debug][gc,phases         ] GC(2593)         Total: 0
[113.790s][debug][gc,phases         ] GC(2593)       JFR weak processing: 0.0ms
[113.790s][debug][gc,phases         ] GC(2593)         Dead: 0
[113.790s][debug][gc,phases         ] GC(2593)         Total: 0
[113.790s][debug][gc,phases         ] GC(2593)       JNI weak                  Min:  0.0, Avg:  0.0, Max:  0.0, Diff:  0.0, Sum:  0.0, Workers: 5
[113.790s][debug][gc,phases         ] GC(2593)         Dead                      Min: 0, Avg:  0.0, Max: 0, Diff: 0, Sum: 0, Workers: 5
[113.790s][debug][gc,phases         ] GC(2593)         Total                     Min: 0, Avg: 20.4, Max: 102, Diff: 102, Sum: 102, Workers: 5
[113.790s][debug][gc,phases         ] GC(2593)       VM weak                   Min:  0.0, Avg:  0.0, Max:  0.0, Diff:  0.0, Sum:  0.0, Workers: 5
[113.790s][debug][gc,phases         ] GC(2593)         Dead                      Min: 0, Avg:  0.0, Max: 0, Diff: 0, Sum: 0, Workers: 5
[113.790s][debug][gc,phases         ] GC(2593)         Total                     Min: 0, Avg: 42.4, Max: 212, Diff: 212, Sum: 212, Workers: 5
[113.790s][debug][gc,phases         ] GC(2593)       StringTable weak          Min:  0.0, Avg:  0.0, Max:  0.0, Diff:  0.0, Sum:  0.0, Workers: 5
[113.790s][debug][gc,phases         ] GC(2593)         Dead                      Min: 0, Avg:  0.0, Max: 0, Diff: 0, Sum: 0, Workers: 5
[113.790s][debug][gc,phases         ] GC(2593)         Total                     Min: 0, Avg: 684.6, Max: 3040, Diff: 3040, Sum: 3423, Workers: 5
[113.790s][debug][gc,phases         ] GC(2593)       ResolvedMethodTable weak  Min:  0.0, Avg:  0.0, Max:  0.0, Diff:  0.0, Sum:  0.0, Workers: 5
[113.790s][debug][gc,phases         ] GC(2593)         Dead                      Min: 0, Avg:  0.0, Max: 0, Diff: 0, Sum: 0, Workers: 5
[113.790s][debug][gc,phases         ] GC(2593)         Total                     Min: 61, Avg: 114.6, Max: 192, Diff: 131, Sum: 573, Workers: 5
[113.790s][debug][gc,phases         ] GC(2593)     Merge Per-Thread State: 0.0ms
[113.790s][debug][gc,phases         ] GC(2593)       Copied Bytes              Min: 888, Avg: 400321.0, Max: 800096, Diff: 799208, Sum: 3202568, Workers: 8
[113.790s][debug][gc,phases         ] GC(2593)       LAB Waste                 Min: 0, Avg:  0.0, Max: 0, Diff: 0, Sum: 0, Workers: 8
[113.790s][debug][gc,phases         ] GC(2593)       LAB Undo Waste            Min: 0, Avg:  0.0, Max: 0, Diff: 0, Sum: 0, Workers: 8
[113.790s][debug][gc,phases         ] GC(2593)     Code Roots Purge: 0.0ms
[113.790s][debug][gc,phases         ] GC(2593)     Redirty Cards: 0.0ms
[113.790s][debug][gc,phases         ] GC(2593)     DerivedPointerTable Update: 0.0ms
[113.790s][debug][gc,phases         ] GC(2593)     Free Collection Set: 0.2ms
[113.790s][debug][gc,phases         ] GC(2593)     Rebuild Free List: 0.1ms
[113.790s][debug][gc,phases         ] GC(2593)     Humongous Reclaim: 0.0ms
[113.790s][debug][gc,phases         ] GC(2593)     Start New Collection Set: 0.0ms
[113.790s][debug][gc,phases         ] GC(2593)     Resize TLABs: 0.0ms
[113.790s][debug][gc,phases         ] GC(2593)     Expand Heap After Collection: 0.0ms
[113.790s][info ][gc,phases         ] GC(2593)   Other: 0.4ms
[113.790s][info ][gc,heap           ] GC(2593) Eden regions: 771->0(771)
[113.790s][info ][gc,heap           ] GC(2593) Survivor regions: 4->4(97)
[113.790s][info ][gc,heap           ] GC(2593) Old regions: 18->18
[113.790s][info ][gc,heap           ] GC(2593) Archive regions: 2->2
[113.790s][info ][gc,heap           ] GC(2593) Humongous regions: 0->0
[113.790s][info ][gc,metaspace      ] GC(2593) Metaspace: 10016K(10624K)->10016K(10624K) NonClass: 8864K(9216K)->8864K(9216K) Class: 1152K(1408K)->1152K(1408K)
[113.790s][debug][gc,heap           ] GC(2593) Heap after GC invocations=2594 (full 1): garbage-first heap   total 1324032K, used 22553K [0x0000000700000000, 0x0000000800000000)
[113.790s][debug][gc,heap           ] GC(2593)   region size 1024K, 4 young (4096K), 4 survivors (4096K)
[113.790s][debug][gc,heap           ] GC(2593)  Metaspace       used 10016K, capacity 10304K, committed 10624K, reserved 1058816K
[113.790s][debug][gc,heap           ] GC(2593)   class space    used 1152K, capacity 1266K, committed 1408K, reserved 1048576K
[113.790s][info ][gc                ] GC(2593) Pause Young (Normal) (G1 Evacuation Pause) 792M->22M(1293M) 2.240ms
[113.790s][info ][gc,cpu            ] GC(2593) User=0.00s Sys=0.00s Real=0.00s
[113.791s][info ][safepoint         ] Safepoint "G1CollectForAllocation", Time since last: 42681273 ns, Reaching safepoint: 186827 ns, At safepoint: 2442254 ns, Total: 2629081 ns
[113.833s][debug][gc,heap           ] GC(2594) Heap before GC invocations=2594 (full 1): garbage-first heap   total 1324032K, used 811033K [0x0000000700000000, 0x0000000800000000)
[113.833s][debug][gc,heap           ] GC(2594)   region size 1024K, 775 young (793600K), 4 survivors (4096K)
[113.833s][debug][gc,heap           ] GC(2594)  Metaspace       used 10016K, capacity 10304K, committed 10624K, reserved 1058816K
[113.833s][debug][gc,heap           ] GC(2594)   class space    used 1152K, capacity 1266K, committed 1408K, reserved 1048576K
[113.833s][info ][gc,start          ] GC(2594) Pause Young (Normal) (G1 Evacuation Pause)
[113.833s][info ][gc,task           ] GC(2594) Using 8 workers of 8 for evacuation
[113.833s][debug][gc,tlab           ] GC(2594) TLAB totals: thrds: 8  refills: 15 max: 3 slow allocs: 1535 max 232 waste: 29.9% gc: 1206536B max: 223680B slow: 59592B max: 15096B fast: 0B max: 0B
[113.833s][debug][gc,age            ] GC(2594) Desired survivor size 50855936 bytes, new threshold 15 (max threshold 15)
[113.833s][debug][gc,alloc,region   ] GC(2594) Mutator Allocation stats, regions: 771, wasted size: 180M (23.4%)
[113.834s][debug][gc,ergo           ] GC(2594) Running G1 Merge Heap Roots using 8 workers for 775 regions
[113.834s][debug][gc,remset         ] GC(2594) Visited cards 512 Total dirty 4096 (12.50%) Total old 3215360 (0.02%)
[113.834s][debug][gc,ergo           ] GC(2594) Running G1 Clear Card Table Task using 2 workers for 2 units of work for 777 regions.
[113.835s][debug][gc,ref            ] GC(2594) Skipped phase1 of Reference Processing due to unavailable references
[113.835s][debug][gc,ref            ] GC(2594) Skipped phase2 of Reference Processing due to unavailable references
[113.835s][debug][gc,ref            ] GC(2594) Skipped phase3 of Reference Processing due to unavailable references
[113.835s][debug][gc,ref            ] GC(2594) Skipped phase4 of Reference Processing due to unavailable references
[113.835s][debug][gc,ergo           ] GC(2594) Running G1 Free Collection Set using 8 workers for collection set length 775 (1293)
[113.835s][debug][gc,ergo           ] GC(2594) Running G1 Rebuild Free List Task using 8 workers for rebuilding free list of 0 (4096) regions
[113.835s][trace][gc,age            ] GC(2594) Age table with threshold 15 (max threshold 15)
[113.835s][trace][gc,age            ] GC(2594) - age   1:    3202560 bytes,    3202560 total
[113.835s][debug][gc,plab           ] GC(2594) Young PLAB allocation: allocated: 14448B, wasted: 0B, unused: 12000B, used: 2448B, undo waste: 0B, 
[113.835s][debug][gc,plab           ] GC(2594) Young other allocation: region end waste: 733248B, regions filled: 4, direct allocated: 3200112B, failure used: 0B, failure wasted: 0B
[113.835s][debug][gc,plab           ] GC(2594) Young sizing: calculated: 0B, actual: 2064B
[113.835s][debug][gc,plab           ] GC(2594) Old PLAB allocation: allocated: 0B, wasted: 0B, unused: 0B, used: 0B, undo waste: 0B, 
[113.835s][debug][gc,plab           ] GC(2594) Old other allocation: region end waste: 0B, regions filled: 1, direct allocated: 0B, failure used: 0B, failure wasted: 0B
[113.835s][debug][gc,plab           ] GC(2594) Old sizing: calculated: 0B, actual: 2064B
[113.835s][debug][gc,ihop           ] GC(2594) Basic information (value update), threshold: 610113945B (45.00), target occupancy: 1355808768B, current occupancy: 23095072B, recent allocation size: 0B, recent allocation duration: 43.78ms, recent old gen allocation rate: 0.00B/s, recent marking phase length: 30.68ms
[113.835s][debug][gc,ihop           ] GC(2594) Adaptive IHOP information (value update), threshold: 610113945B (47.37), internal target occupancy: 1288018329B, occupancy: 23095072B, additional buffer size: 812646400B, predicted old gen allocation rate: 7.55B/s, predicted marking phase length: 61.36ms, prediction active: false
[113.835s][debug][gc,ergo,refine    ] GC(2594) Concurrent refinement times: Logged Cards Scan time goal: 20.00ms Logged Cards Scan time: 0.00ms HCC time: 0.00ms
[113.835s][debug][gc,ergo,refine    ] GC(2594) Updated Refinement Zones: green: 2048, yellow: 6144, red: 10240
[113.835s][info ][gc,phases         ] GC(2594)   Pre Evacuate Collection Set: 0.2ms
[113.835s][debug][gc,phases         ] GC(2594)     Prepare TLABs: 0.0ms
[113.835s][debug][gc,phases         ] GC(2594)     Choose Collection Set: 0.0ms
[113.835s][debug][gc,phases         ] GC(2594)     Region Register: 0.2ms
[113.835s][debug][gc,phases         ] GC(2594)     Prepare Heap Roots: 0.0ms
[113.835s][info ][gc,phases         ] GC(2594)   Merge Heap Roots: 0.2ms
[113.835s][debug][gc,phases         ] GC(2594)     Prepare Merge Heap Roots: 0.0ms
[113.835s][debug][gc,phases         ] GC(2594)     Eager Reclaim (ms):       skipped
[113.835s][debug][gc,phases         ] GC(2594)     Remembered Sets (ms):     Min:  0.0, Avg:  0.0, Max:  0.1, Diff:  0.0, Sum:  0.3, Workers: 8
[113.835s][debug][gc,phases         ] GC(2594)       Merged Sparse:            Min: 0, Avg:  0.0, Max: 0, Diff: 0, Sum: 0, Workers: 8
[113.835s][debug][gc,phases         ] GC(2594)       Merged Fine:              Min: 0, Avg:  0.0, Max: 0, Diff: 0, Sum: 0, Workers: 8
[113.835s][debug][gc,phases         ] GC(2594)       Merged Coarse:            Min: 0, Avg:  0.0, Max: 0, Diff: 0, Sum: 0, Workers: 8
[113.835s][debug][gc,phases         ] GC(2594)       Dirty Cards:              Min: 0, Avg:  0.0, Max: 0, Diff: 0, Sum: 0, Workers: 8
[113.835s][debug][gc,phases         ] GC(2594)     Hot Card Cache (ms):      Min:  0.0, Avg:  0.0, Max:  0.0, Diff:  0.0, Sum:  0.0, Workers: 8
[113.835s][debug][gc,phases         ] GC(2594)       Dirty Cards:              Min: 0, Avg:  0.0, Max: 0, Diff: 0, Sum: 0, Workers: 8
[113.835s][debug][gc,phases         ] GC(2594)       Skipped Cards:            Min: 0, Avg:  0.0, Max: 0, Diff: 0, Sum: 0, Workers: 8
[113.835s][debug][gc,phases         ] GC(2594)     Log Buffers (ms):         Min:  0.0, Avg:  0.0, Max:  0.0, Diff:  0.0, Sum:  0.0, Workers: 8
[113.835s][debug][gc,phases         ] GC(2594)       Dirty Cards:              Min: 0, Avg:  0.2, Max: 1, Diff: 1, Sum: 2, Workers: 8
[113.835s][debug][gc,phases         ] GC(2594)       Skipped Cards:            Min: 0, Avg:  0.0, Max: 0, Diff: 0, Sum: 0, Workers: 8
[113.835s][info ][gc,phases         ] GC(2594)   Evacuate Collection Set: 0.5ms
[113.835s][debug][gc,phases         ] GC(2594)     Ext Root Scanning (ms):   Min:  0.0, Avg:  0.2, Max:  0.4, Diff:  0.4, Sum:  2.0, Workers: 8
[113.835s][debug][gc,phases         ] GC(2594)     Scan Heap Roots (ms):     Min:  0.0, Avg:  0.0, Max:  0.0, Diff:  0.0, Sum:  0.0, Workers: 8
[113.835s][debug][gc,phases         ] GC(2594)       Scanned Cards:            Min: 0, Avg:  0.2, Max: 2, Diff: 2, Sum: 2, Workers: 8
[113.835s][debug][gc,phases         ] GC(2594)       Scanned Blocks:           Min: 0, Avg:  0.2, Max: 2, Diff: 2, Sum: 2, Workers: 8
[113.835s][debug][gc,phases         ] GC(2594)       Claimed Chunks:           Min: 0, Avg:  0.2, Max: 2, Diff: 2, Sum: 2, Workers: 8
[113.835s][debug][gc,phases         ] GC(2594)     Code Root Scan (ms):      Min:  0.0, Avg:  0.0, Max:  0.1, Diff:  0.1, Sum:  0.1, Workers: 8
[113.835s][debug][gc,phases         ] GC(2594)     Object Copy (ms):         Min:  0.0, Avg:  0.0, Max:  0.0, Diff:  0.0, Sum:  0.0, Workers: 8
[113.835s][debug][gc,phases         ] GC(2594)     Termination (ms):         Min:  0.0, Avg:  0.1, Max:  0.1, Diff:  0.1, Sum:  0.8, Workers: 8
[113.835s][debug][gc,phases         ] GC(2594)       Termination Attempts:     Min: 1, Avg:  1.0, Max: 1, Diff: 0, Sum: 8, Workers: 8
[113.835s][debug][gc,phases         ] GC(2594)     GC Worker Other (ms):     Min:  0.0, Avg:  0.0, Max:  0.1, Diff:  0.1, Sum:  0.3, Workers: 8
[113.835s][debug][gc,phases         ] GC(2594)     GC Worker Total (ms):     Min:  0.1, Avg:  0.4, Max:  0.5, Diff:  0.4, Sum:  3.3, Workers: 8
[113.835s][info ][gc,phases         ] GC(2594)   Post Evacuate Collection Set: 0.6ms
[113.835s][debug][gc,phases         ] GC(2594)     Code Roots Fixup: 0.0ms
[113.835s][debug][gc,phases         ] GC(2594)     Clear Card Table: 0.2ms
[113.835s][debug][gc,phases         ] GC(2594)     Reference Processing: 0.0ms
[113.835s][debug][gc,phases,ref     ] GC(2594)       Reconsider SoftReferences: 0.0ms
[113.835s][debug][gc,phases,ref     ] GC(2594)         SoftRef (ms):             skipped
[113.835s][debug][gc,phases,ref     ] GC(2594)       Notify Soft/WeakReferences: 0.0ms
[113.835s][debug][gc,phases,ref     ] GC(2594)         SoftRef (ms):             skipped
[113.835s][debug][gc,phases,ref     ] GC(2594)         WeakRef (ms):             skipped
[113.835s][debug][gc,phases,ref     ] GC(2594)         FinalRef (ms):            skipped
[113.835s][debug][gc,phases,ref     ] GC(2594)         Total (ms):               skipped
[113.835s][debug][gc,phases,ref     ] GC(2594)       Notify and keep alive finalizable: 0.0ms
[113.835s][debug][gc,phases,ref     ] GC(2594)         FinalRef (ms):            skipped
[113.835s][debug][gc,phases,ref     ] GC(2594)       Notify PhantomReferences: 0.0ms
[113.835s][debug][gc,phases,ref     ] GC(2594)         PhantomRef (ms):          skipped
[113.835s][debug][gc,phases,ref     ] GC(2594)       SoftReference:
[113.835s][debug][gc,phases,ref     ] GC(2594)         Discovered: 0
[113.836s][debug][gc,phases,ref     ] GC(2594)         Cleared: 0
[113.836s][debug][gc,phases,ref     ] GC(2594)       WeakReference:
[113.836s][debug][gc,phases,ref     ] GC(2594)         Discovered: 0
[113.836s][debug][gc,phases,ref     ] GC(2594)         Cleared: 0
[113.836s][debug][gc,phases,ref     ] GC(2594)       FinalReference:
[113.836s][debug][gc,phases,ref     ] GC(2594)         Discovered: 0
[113.836s][debug][gc,phases,ref     ] GC(2594)         Cleared: 0
[113.836s][debug][gc,phases,ref     ] GC(2594)       PhantomReference:
[113.836s][debug][gc,phases,ref     ] GC(2594)         Discovered: 0
[113.836s][debug][gc,phases,ref     ] GC(2594)         Cleared: 0
[113.836s][debug][gc,phases         ] GC(2594)     Weak Processing: 0.0ms
[113.836s][debug][gc,phases         ] GC(2594)       JVMTI weak processing: 0.0ms
[113.836s][debug][gc,phases         ] GC(2594)         Dead: 0
[113.836s][debug][gc,phases         ] GC(2594)         Total: 0
[113.836s][debug][gc,phases         ] GC(2594)       JFR weak processing: 0.0ms
[113.836s][debug][gc,phases         ] GC(2594)         Dead: 0
[113.836s][debug][gc,phases         ] GC(2594)         Total: 0
[113.836s][debug][gc,phases         ] GC(2594)       JNI weak                  Min:  0.0, Avg:  0.0, Max:  0.0, Diff:  0.0, Sum:  0.0, Workers: 5
[113.836s][debug][gc,phases         ] GC(2594)         Dead                      Min: 0, Avg:  0.0, Max: 0, Diff: 0, Sum: 0, Workers: 5
[113.836s][debug][gc,phases         ] GC(2594)         Total                     Min: 0, Avg: 20.4, Max: 62, Diff: 62, Sum: 102, Workers: 5
[113.836s][debug][gc,phases         ] GC(2594)       VM weak                   Min:  0.0, Avg:  0.0, Max:  0.0, Diff:  0.0, Sum:  0.0, Workers: 5
[113.836s][debug][gc,phases         ] GC(2594)         Dead                      Min: 0, Avg:  0.0, Max: 0, Diff: 0, Sum: 0, Workers: 5
[113.836s][debug][gc,phases         ] GC(2594)         Total                     Min: 0, Avg: 42.4, Max: 64, Diff: 64, Sum: 212, Workers: 5
[113.836s][debug][gc,phases         ] GC(2594)       StringTable weak          Min:  0.0, Avg:  0.0, Max:  0.0, Diff:  0.0, Sum:  0.1, Workers: 5
[113.836s][debug][gc,phases         ] GC(2594)         Dead                      Min: 0, Avg:  0.0, Max: 0, Diff: 0, Sum: 0, Workers: 5
[113.836s][debug][gc,phases         ] GC(2594)         Total                     Min: 0, Avg: 684.6, Max: 896, Diff: 896, Sum: 3423, Workers: 5
[113.836s][debug][gc,phases         ] GC(2594)       ResolvedMethodTable weak  Min:  0.0, Avg:  0.0, Max:  0.0, Diff:  0.0, Sum:  0.0, Workers: 5
[113.836s][debug][gc,phases         ] GC(2594)         Dead                      Min: 0, Avg:  0.0, Max: 0, Diff: 0, Sum: 0, Workers: 5
[113.836s][debug][gc,phases         ] GC(2594)         Total                     Min: 0, Avg: 114.6, Max: 189, Diff: 189, Sum: 573, Workers: 5
[113.836s][debug][gc,phases         ] GC(2594)     Merge Per-Thread State: 0.0ms
[113.836s][debug][gc,phases         ] GC(2594)       Copied Bytes              Min: 0, Avg: 400320.0, Max: 800320, Diff: 800320, Sum: 3202560, Workers: 8
[113.836s][debug][gc,phases         ] GC(2594)       LAB Waste                 Min: 0, Avg:  0.0, Max: 0, Diff: 0, Sum: 0, Workers: 8
[113.836s][debug][gc,phases         ] GC(2594)       LAB Undo Waste            Min: 0, Avg:  0.0, Max: 0, Diff: 0, Sum: 0, Workers: 8
[113.836s][debug][gc,phases         ] GC(2594)     Code Roots Purge: 0.0ms
[113.836s][debug][gc,phases         ] GC(2594)     Redirty Cards: 0.0ms
[113.836s][debug][gc,phases         ] GC(2594)     DerivedPointerTable Update: 0.0ms
[113.836s][debug][gc,phases         ] GC(2594)     Free Collection Set: 0.2ms
[113.836s][debug][gc,phases         ] GC(2594)     Rebuild Free List: 0.0ms
[113.836s][debug][gc,phases         ] GC(2594)     Humongous Reclaim: 0.0ms
[113.836s][debug][gc,phases         ] GC(2594)     Start New Collection Set: 0.0ms
[113.836s][debug][gc,phases         ] GC(2594)     Resize TLABs: 0.0ms
[113.836s][debug][gc,phases         ] GC(2594)     Expand Heap After Collection: 0.0ms
[113.836s][info ][gc,phases         ] GC(2594)   Other: 0.3ms
[113.836s][info ][gc,heap           ] GC(2594) Eden regions: 771->0(771)
[113.836s][info ][gc,heap           ] GC(2594) Survivor regions: 4->4(97)
[113.836s][info ][gc,heap           ] GC(2594) Old regions: 18->18
[113.836s][info ][gc,heap           ] GC(2594) Archive regions: 2->2
[113.836s][info ][gc,heap           ] GC(2594) Humongous regions: 0->0
[113.836s][info ][gc,metaspace      ] GC(2594) Metaspace: 10016K(10624K)->10016K(10624K) NonClass: 8864K(9216K)->8864K(9216K) Class: 1152K(1408K)->1152K(1408K)
[113.836s][debug][gc,heap           ] GC(2594) Heap after GC invocations=2595 (full 1): garbage-first heap   total 1324032K, used 22553K [0x0000000700000000, 0x0000000800000000)
[113.836s][debug][gc,heap           ] GC(2594)   region size 1024K, 4 young (4096K), 4 survivors (4096K)
[113.836s][debug][gc,heap           ] GC(2594)  Metaspace       used 10016K, capacity 10304K, committed 10624K, reserved 1058816K
[113.836s][debug][gc,heap           ] GC(2594)   class space    used 1152K, capacity 1266K, committed 1408K, reserved 1048576K
[113.836s][info ][gc                ] GC(2594) Pause Young (Normal) (G1 Evacuation Pause) 792M->22M(1293M) 2.467ms
[113.836s][info ][gc,cpu            ] GC(2594) User=0.00s Sys=0.00s Real=0.00s
[113.836s][info ][safepoint         ] Safepoint "G1CollectForAllocation", Time since last: 42559353 ns, Reaching safepoint: 226888 ns, At safepoint: 2645216 ns, Total: 2872104 ns
[113.876s][debug][gc,heap           ] GC(2595) Heap before GC invocations=2595 (full 1): garbage-first heap   total 1324032K, used 811033K [0x0000000700000000, 0x0000000800000000)
[113.876s][debug][gc,heap           ] GC(2595)   region size 1024K, 775 young (793600K), 4 survivors (4096K)
[113.876s][debug][gc,heap           ] GC(2595)  Metaspace       used 10016K, capacity 10304K, committed 10624K, reserved 1058816K
[113.876s][debug][gc,heap           ] GC(2595)   class space    used 1152K, capacity 1266K, committed 1408K, reserved 1048576K
[113.876s][info ][gc,start          ] GC(2595) Pause Young (Normal) (G1 Evacuation Pause)
[113.876s][info ][gc,task           ] GC(2595) Using 8 workers of 8 for evacuation
[113.876s][debug][gc,tlab           ] GC(2595) TLAB totals: thrds: 8  refills: 13 max: 3 slow allocs: 1536 max 206 waste: 38.9% gc: 1329896B max: 239712B slow: 56832B max: 15096B fast: 0B max: 0B
[113.876s][debug][gc,age            ] GC(2595) Desired survivor size 50855936 bytes, new threshold 15 (max threshold 15)
[113.876s][debug][gc,alloc,region   ] GC(2595) Mutator Allocation stats, regions: 771, wasted size: 180M (23.4%)
[113.877s][debug][gc,ergo           ] GC(2595) Running G1 Merge Heap Roots using 8 workers for 775 regions
[113.877s][debug][gc,remset         ] GC(2595) Visited cards 256 Total dirty 2048 (12.50%) Total old 3215360 (0.01%)
[113.877s][debug][gc,ergo           ] GC(2595) Running G1 Clear Card Table Task using 2 workers for 2 units of work for 776 regions.
[113.878s][debug][gc,ref            ] GC(2595) Skipped phase1 of Reference Processing due to unavailable references
[113.878s][debug][gc,ref            ] GC(2595) Skipped phase2 of Reference Processing due to unavailable references
[113.878s][debug][gc,ref            ] GC(2595) Skipped phase3 of Reference Processing due to unavailable references
[113.878s][debug][gc,ref            ] GC(2595) Skipped phase4 of Reference Processing due to unavailable references
[113.878s][debug][gc,ergo           ] GC(2595) Running G1 Free Collection Set using 8 workers for collection set length 775 (1293)
[113.878s][debug][gc,ergo           ] GC(2595) Running G1 Rebuild Free List Task using 8 workers for rebuilding free list of 0 (4096) regions
[113.878s][trace][gc,age            ] GC(2595) Age table with threshold 15 (max threshold 15)
[113.878s][trace][gc,age            ] GC(2595) - age   1:    3202568 bytes,    3202568 total
[113.878s][debug][gc,plab           ] GC(2595) Young PLAB allocation: allocated: 16512B, wasted: 0B, unused: 14064B, used: 2448B, undo waste: 0B, 
[113.878s][debug][gc,plab           ] GC(2595) Young other allocation: region end waste: 731184B, regions filled: 4, direct allocated: 3200120B, failure used: 0B, failure wasted: 0B
[113.878s][debug][gc,plab           ] GC(2595) Young sizing: calculated: 0B, actual: 2064B
[113.878s][debug][gc,plab           ] GC(2595) Old PLAB allocation: allocated: 0B, wasted: 0B, unused: 0B, used: 0B, undo waste: 0B, 
[113.878s][debug][gc,plab           ] GC(2595) Old other allocation: region end waste: 0B, regions filled: 1, direct allocated: 0B, failure used: 0B, failure wasted: 0B
[113.878s][debug][gc,plab           ] GC(2595) Old sizing: calculated: 0B, actual: 2064B
[113.878s][debug][gc,ihop           ] GC(2595) Basic information (value update), threshold: 610113945B (45.00), target occupancy: 1355808768B, current occupancy: 23095080B, recent allocation size: 0B, recent allocation duration: 41.32ms, recent old gen allocation rate: 0.00B/s, recent marking phase length: 30.68ms
[113.878s][debug][gc,ihop           ] GC(2595) Adaptive IHOP information (value update), threshold: 610113945B (47.37), internal target occupancy: 1288018329B, occupancy: 23095080B, additional buffer size: 812646400B, predicted old gen allocation rate: 7.36B/s, predicted marking phase length: 61.36ms, prediction active: false
[113.878s][debug][gc,ergo,refine    ] GC(2595) Concurrent refinement times: Logged Cards Scan time goal: 20.00ms Logged Cards Scan time: 0.00ms HCC time: 0.00ms
[113.878s][debug][gc,ergo,refine    ] GC(2595) Updated Refinement Zones: green: 2048, yellow: 6144, red: 10240
[113.878s][info ][gc,phases         ] GC(2595)   Pre Evacuate Collection Set: 0.1ms
[113.878s][debug][gc,phases         ] GC(2595)     Prepare TLABs: 0.0ms
[113.878s][debug][gc,phases         ] GC(2595)     Choose Collection Set: 0.0ms
[113.878s][debug][gc,phases         ] GC(2595)     Region Register: 0.1ms
[113.878s][debug][gc,phases         ] GC(2595)     Prepare Heap Roots: 0.0ms
[113.878s][info ][gc,phases         ] GC(2595)   Merge Heap Roots: 0.2ms
[113.878s][debug][gc,phases         ] GC(2595)     Prepare Merge Heap Roots: 0.0ms
[113.878s][debug][gc,phases         ] GC(2595)     Eager Reclaim (ms):       skipped
[113.878s][debug][gc,phases         ] GC(2595)     Remembered Sets (ms):     Min:  0.0, Avg:  0.0, Max:  0.1, Diff:  0.0, Sum:  0.3, Workers: 8
[113.878s][debug][gc,phases         ] GC(2595)       Merged Sparse:            Min: 0, Avg:  0.0, Max: 0, Diff: 0, Sum: 0, Workers: 8
[113.878s][debug][gc,phases         ] GC(2595)       Merged Fine:              Min: 0, Avg:  0.0, Max: 0, Diff: 0, Sum: 0, Workers: 8
[113.878s][debug][gc,phases         ] GC(2595)       Merged Coarse:            Min: 0, Avg:  0.0, Max: 0, Diff: 0, Sum: 0, Workers: 8
[113.878s][debug][gc,phases         ] GC(2595)       Dirty Cards:              Min: 0, Avg:  0.0, Max: 0, Diff: 0, Sum: 0, Workers: 8
[113.878s][debug][gc,phases         ] GC(2595)     Hot Card Cache (ms):      Min:  0.0, Avg:  0.0, Max:  0.0, Diff:  0.0, Sum:  0.0, Workers: 8
[113.878s][debug][gc,phases         ] GC(2595)       Dirty Cards:              Min: 0, Avg:  0.0, Max: 0, Diff: 0, Sum: 0, Workers: 8
[113.878s][debug][gc,phases         ] GC(2595)       Skipped Cards:            Min: 0, Avg:  0.0, Max: 0, Diff: 0, Sum: 0, Workers: 8
[113.878s][debug][gc,phases         ] GC(2595)     Log Buffers (ms):         Min:  0.0, Avg:  0.0, Max:  0.0, Diff:  0.0, Sum:  0.0, Workers: 8
[113.878s][debug][gc,phases         ] GC(2595)       Dirty Cards:              Min: 0, Avg:  0.1, Max: 1, Diff: 1, Sum: 1, Workers: 8
[113.878s][debug][gc,phases         ] GC(2595)       Skipped Cards:            Min: 0, Avg:  0.0, Max: 0, Diff: 0, Sum: 0, Workers: 8
[113.878s][info ][gc,phases         ] GC(2595)   Evacuate Collection Set: 0.4ms
[113.878s][debug][gc,phases         ] GC(2595)     Ext Root Scanning (ms):   Min:  0.2, Avg:  0.2, Max:  0.3, Diff:  0.1, Sum:  1.8, Workers: 8
[113.878s][debug][gc,phases         ] GC(2595)     Scan Heap Roots (ms):     Min:  0.0, Avg:  0.0, Max:  0.0, Diff:  0.0, Sum:  0.0, Workers: 8
[113.879s][debug][gc,phases         ] GC(2595)       Scanned Cards:            Min: 0, Avg:  0.1, Max: 1, Diff: 1, Sum: 1, Workers: 8
[113.879s][debug][gc,phases         ] GC(2595)       Scanned Blocks:           Min: 0, Avg:  0.1, Max: 1, Diff: 1, Sum: 1, Workers: 8
[113.879s][debug][gc,phases         ] GC(2595)       Claimed Chunks:           Min: 0, Avg:  0.1, Max: 1, Diff: 1, Sum: 1, Workers: 8
[113.879s][debug][gc,phases         ] GC(2595)     Code Root Scan (ms):      Min:  0.0, Avg:  0.0, Max:  0.0, Diff:  0.0, Sum:  0.1, Workers: 8
[113.879s][debug][gc,phases         ] GC(2595)     Object Copy (ms):         Min:  0.0, Avg:  0.0, Max:  0.0, Diff:  0.0, Sum:  0.0, Workers: 8
[113.879s][debug][gc,phases         ] GC(2595)     Termination (ms):         Min:  0.1, Avg:  0.1, Max:  0.1, Diff:  0.0, Sum:  0.6, Workers: 8
[113.879s][debug][gc,phases         ] GC(2595)       Termination Attempts:     Min: 1, Avg:  1.0, Max: 1, Diff: 0, Sum: 8, Workers: 8
[113.879s][debug][gc,phases         ] GC(2595)     GC Worker Other (ms):     Min:  0.0, Avg:  0.0, Max:  0.1, Diff:  0.1, Sum:  0.4, Workers: 8
[113.879s][debug][gc,phases         ] GC(2595)     GC Worker Total (ms):     Min:  0.3, Avg:  0.4, Max:  0.4, Diff:  0.0, Sum:  3.0, Workers: 8
[113.879s][info ][gc,phases         ] GC(2595)   Post Evacuate Collection Set: 0.8ms
[113.879s][debug][gc,phases         ] GC(2595)     Code Roots Fixup: 0.0ms
[113.879s][debug][gc,phases         ] GC(2595)     Clear Card Table: 0.3ms
[113.879s][debug][gc,phases         ] GC(2595)     Reference Processing: 0.1ms
[113.879s][debug][gc,phases,ref     ] GC(2595)       Reconsider SoftReferences: 0.0ms
[113.879s][debug][gc,phases,ref     ] GC(2595)         SoftRef (ms):             skipped
[113.879s][debug][gc,phases,ref     ] GC(2595)       Notify Soft/WeakReferences: 0.0ms
[113.879s][debug][gc,phases,ref     ] GC(2595)         SoftRef (ms):             skipped
[113.879s][debug][gc,phases,ref     ] GC(2595)         WeakRef (ms):             skipped
[113.879s][debug][gc,phases,ref     ] GC(2595)         FinalRef (ms):            skipped
[113.879s][debug][gc,phases,ref     ] GC(2595)         Total (ms):               skipped
[113.879s][debug][gc,phases,ref     ] GC(2595)       Notify and keep alive finalizable: 0.0ms
[113.879s][debug][gc,phases,ref     ] GC(2595)         FinalRef (ms):            skipped
[113.879s][debug][gc,phases,ref     ] GC(2595)       Notify PhantomReferences: 0.0ms
[113.879s][debug][gc,phases,ref     ] GC(2595)         PhantomRef (ms):          skipped
[113.879s][debug][gc,phases,ref     ] GC(2595)       SoftReference:
[113.879s][debug][gc,phases,ref     ] GC(2595)         Discovered: 0
[113.879s][debug][gc,phases,ref     ] GC(2595)         Cleared: 0
[113.879s][debug][gc,phases,ref     ] GC(2595)       WeakReference:
[113.879s][debug][gc,phases,ref     ] GC(2595)         Discovered: 0
[113.879s][debug][gc,phases,ref     ] GC(2595)         Cleared: 0
[113.879s][debug][gc,phases,ref     ] GC(2595)       FinalReference:
[113.879s][debug][gc,phases,ref     ] GC(2595)         Discovered: 0
[113.879s][debug][gc,phases,ref     ] GC(2595)         Cleared: 0
[113.879s][debug][gc,phases,ref     ] GC(2595)       PhantomReference:
[113.879s][debug][gc,phases,ref     ] GC(2595)         Discovered: 0
[113.879s][debug][gc,phases,ref     ] GC(2595)         Cleared: 0
[113.879s][debug][gc,phases         ] GC(2595)     Weak Processing: 0.0ms
[113.879s][debug][gc,phases         ] GC(2595)       JVMTI weak processing: 0.0ms
[113.879s][debug][gc,phases         ] GC(2595)         Dead: 0
[113.879s][debug][gc,phases         ] GC(2595)         Total: 0
[113.879s][debug][gc,phases         ] GC(2595)       JFR weak processing: 0.0ms
[113.879s][debug][gc,phases         ] GC(2595)         Dead: 0
[113.879s][debug][gc,phases         ] GC(2595)         Total: 0
[113.879s][debug][gc,phases         ] GC(2595)       JNI weak                  Min:  0.0, Avg:  0.0, Max:  0.0, Diff:  0.0, Sum:  0.0, Workers: 5
[113.879s][debug][gc,phases         ] GC(2595)         Dead                      Min: 0, Avg:  0.0, Max: 0, Diff: 0, Sum: 0, Workers: 5
[113.879s][debug][gc,phases         ] GC(2595)         Total                     Min: 0, Avg: 20.4, Max: 62, Diff: 62, Sum: 102, Workers: 5
[113.879s][debug][gc,phases         ] GC(2595)       VM weak                   Min:  0.0, Avg:  0.0, Max:  0.0, Diff:  0.0, Sum:  0.0, Workers: 5
[113.879s][debug][gc,phases         ] GC(2595)         Dead                      Min: 0, Avg:  0.0, Max: 0, Diff: 0, Sum: 0, Workers: 5
[113.879s][debug][gc,phases         ] GC(2595)         Total                     Min: 0, Avg: 42.4, Max: 64, Diff: 64, Sum: 212, Workers: 5
[113.879s][debug][gc,phases         ] GC(2595)       StringTable weak          Min:  0.0, Avg:  0.0, Max:  0.0, Diff:  0.0, Sum:  0.1, Workers: 5
[113.879s][debug][gc,phases         ] GC(2595)         Dead                      Min: 0, Avg:  0.0, Max: 0, Diff: 0, Sum: 0, Workers: 5
[113.879s][debug][gc,phases         ] GC(2595)         Total                     Min: 192, Avg: 684.6, Max: 832, Diff: 640, Sum: 3423, Workers: 5
[113.879s][debug][gc,phases         ] GC(2595)       ResolvedMethodTable weak  Min:  0.0, Avg:  0.0, Max:  0.0, Diff:  0.0, Sum:  0.0, Workers: 5
[113.879s][debug][gc,phases         ] GC(2595)         Dead                      Min: 0, Avg:  0.0, Max: 0, Diff: 0, Sum: 0, Workers: 5
[113.879s][debug][gc,phases         ] GC(2595)         Total                     Min: 64, Avg: 114.6, Max: 128, Diff: 64, Sum: 573, Workers: 5
[113.879s][debug][gc,phases         ] GC(2595)     Merge Per-Thread State: 0.0ms
[113.879s][debug][gc,phases         ] GC(2595)       Copied Bytes              Min: 968, Avg: 400321.0, Max: 800096, Diff: 799128, Sum: 3202568, Workers: 8
[113.879s][debug][gc,phases         ] GC(2595)       LAB Waste                 Min: 0, Avg:  0.0, Max: 0, Diff: 0, Sum: 0, Workers: 8
[113.879s][debug][gc,phases         ] GC(2595)       LAB Undo Waste            Min: 0, Avg:  0.0, Max: 0, Diff: 0, Sum: 0, Workers: 8
[113.879s][debug][gc,phases         ] GC(2595)     Code Roots Purge: 0.0ms
[113.879s][debug][gc,phases         ] GC(2595)     Redirty Cards: 0.0ms
[113.879s][debug][gc,phases         ] GC(2595)     DerivedPointerTable Update: 0.0ms
[113.879s][debug][gc,phases         ] GC(2595)     Free Collection Set: 0.2ms
[113.879s][debug][gc,phases         ] GC(2595)     Rebuild Free List: 0.1ms
[113.879s][debug][gc,phases         ] GC(2595)     Humongous Reclaim: 0.0ms
[113.879s][debug][gc,phases         ] GC(2595)     Start New Collection Set: 0.0ms
[113.879s][debug][gc,phases         ] GC(2595)     Resize TLABs: 0.0ms
[113.879s][debug][gc,phases         ] GC(2595)     Expand Heap After Collection: 0.0ms
[113.879s][info ][gc,phases         ] GC(2595)   Other: 0.5ms
[113.879s][info ][gc,heap           ] GC(2595) Eden regions: 771->0(771)
[113.879s][info ][gc,heap           ] GC(2595) Survivor regions: 4->4(97)
[113.879s][info ][gc,heap           ] GC(2595) Old regions: 18->18
[113.879s][info ][gc,heap           ] GC(2595) Archive regions: 2->2
[113.879s][info ][gc,heap           ] GC(2595) Humongous regions: 0->0
[113.879s][info ][gc,metaspace      ] GC(2595) Metaspace: 10016K(10624K)->10016K(10624K) NonClass: 8864K(9216K)->8864K(9216K) Class: 1152K(1408K)->1152K(1408K)
[113.879s][debug][gc,heap           ] GC(2595) Heap after GC invocations=2596 (full 1): garbage-first heap   total 1324032K, used 22553K [0x0000000700000000, 0x0000000800000000)
[113.879s][debug][gc,heap           ] GC(2595)   region size 1024K, 4 young (4096K), 4 survivors (4096K)
[113.879s][debug][gc,heap           ] GC(2595)  Metaspace       used 10016K, capacity 10304K, committed 10624K, reserved 1058816K
[113.879s][debug][gc,heap           ] GC(2595)   class space    used 1152K, capacity 1266K, committed 1408K, reserved 1048576K
[113.879s][info ][gc                ] GC(2595) Pause Young (Normal) (G1 Evacuation Pause) 792M->22M(1293M) 3.089ms
[113.879s][info ][gc,cpu            ] GC(2595) User=0.01s Sys=0.00s Real=0.00s
[113.880s][info ][safepoint         ] Safepoint "G1CollectForAllocation", Time since last: 40090911 ns, Reaching safepoint: 164634 ns, At safepoint: 3362401 ns, Total: 3527035 ns
[113.921s][debug][gc,heap           ] GC(2596) Heap before GC invocations=2596 (full 1): garbage-first heap   total 1324032K, used 811033K [0x0000000700000000, 0x0000000800000000)
[113.921s][debug][gc,heap           ] GC(2596)   region size 1024K, 775 young (793600K), 4 survivors (4096K)
[113.921s][debug][gc,heap           ] GC(2596)  Metaspace       used 10016K, capacity 10304K, committed 10624K, reserved 1058816K
[113.921s][debug][gc,heap           ] GC(2596)   class space    used 1152K, capacity 1266K, committed 1408K, reserved 1048576K
[113.921s][info ][gc,start          ] GC(2596) Pause Young (Normal) (G1 Evacuation Pause)
[113.921s][info ][gc,task           ] GC(2596) Using 8 workers of 8 for evacuation
[113.922s][debug][gc,tlab           ] GC(2596) TLAB totals: thrds: 8  refills: 14 max: 3 slow allocs: 1533 max 214 waste: 36.9% gc: 1222384B max: 246432B slow: 47000B max: 15488B fast: 0B max: 0B
[113.922s][debug][gc,age            ] GC(2596) Desired survivor size 50855936 bytes, new threshold 15 (max threshold 15)
[113.922s][debug][gc,alloc,region   ] GC(2596) Mutator Allocation stats, regions: 771, wasted size: 180M (23.4%)
[113.922s][debug][gc,ergo           ] GC(2596) Running G1 Merge Heap Roots using 8 workers for 775 regions
[113.922s][debug][gc,remset         ] GC(2596) Visited cards 512 Total dirty 4096 (12.50%) Total old 3215360 (0.02%)
[113.923s][debug][gc,ergo           ] GC(2596) Running G1 Clear Card Table Task using 2 workers for 2 units of work for 777 regions.
[113.923s][debug][gc,ref            ] GC(2596) Skipped phase1 of Reference Processing due to unavailable references
[113.923s][debug][gc,ref            ] GC(2596) Skipped phase2 of Reference Processing due to unavailable references
[113.923s][debug][gc,ref            ] GC(2596) Skipped phase3 of Reference Processing due to unavailable references
[113.923s][debug][gc,ref            ] GC(2596) Skipped phase4 of Reference Processing due to unavailable references
[113.923s][debug][gc,ergo           ] GC(2596) Running G1 Free Collection Set using 8 workers for collection set length 775 (1293)
[113.923s][debug][gc,ergo           ] GC(2596) Running G1 Rebuild Free List Task using 8 workers for rebuilding free list of 0 (4096) regions
[113.923s][trace][gc,age            ] GC(2596) Age table with threshold 15 (max threshold 15)
[113.923s][trace][gc,age            ] GC(2596) - age   1:    3202568 bytes,    3202568 total
[113.923s][debug][gc,plab           ] GC(2596) Young PLAB allocation: allocated: 14448B, wasted: 0B, unused: 12000B, used: 2448B, undo waste: 0B, 
[113.923s][debug][gc,plab           ] GC(2596) Young other allocation: region end waste: 735312B, regions filled: 4, direct allocated: 3200120B, failure used: 0B, failure wasted: 0B
[113.923s][debug][gc,plab           ] GC(2596) Young sizing: calculated: 0B, actual: 2064B
[113.923s][debug][gc,plab           ] GC(2596) Old PLAB allocation: allocated: 0B, wasted: 0B, unused: 0B, used: 0B, undo waste: 0B, 
[113.923s][debug][gc,plab           ] GC(2596) Old other allocation: region end waste: 0B, regions filled: 1, direct allocated: 0B, failure used: 0B, failure wasted: 0B
[113.923s][debug][gc,plab           ] GC(2596) Old sizing: calculated: 0B, actual: 2064B
[113.923s][debug][gc,ihop           ] GC(2596) Basic information (value update), threshold: 610113945B (45.00), target occupancy: 1355808768B, current occupancy: 23097144B, recent allocation size: 0B, recent allocation duration: 43.41ms, recent old gen allocation rate: 0.00B/s, recent marking phase length: 30.68ms
[113.923s][debug][gc,ihop           ] GC(2596) Adaptive IHOP information (value update), threshold: 610113945B (47.37), internal target occupancy: 1288018329B, occupancy: 23097144B, additional buffer size: 812646400B, predicted old gen allocation rate: 7.18B/s, predicted marking phase length: 61.36ms, prediction active: false
[113.923s][debug][gc,ergo,refine    ] GC(2596) Concurrent refinement times: Logged Cards Scan time goal: 20.00ms Logged Cards Scan time: 0.00ms HCC time: 0.00ms
[113.923s][debug][gc,ergo,refine    ] GC(2596) Updated Refinement Zones: green: 2048, yellow: 6144, red: 10240
[113.923s][info ][gc,phases         ] GC(2596)   Pre Evacuate Collection Set: 0.2ms
[113.923s][debug][gc,phases         ] GC(2596)     Prepare TLABs: 0.0ms
[113.923s][debug][gc,phases         ] GC(2596)     Choose Collection Set: 0.0ms
[113.923s][debug][gc,phases         ] GC(2596)     Region Register: 0.1ms
[113.923s][debug][gc,phases         ] GC(2596)     Prepare Heap Roots: 0.0ms
[113.923s][info ][gc,phases         ] GC(2596)   Merge Heap Roots: 0.3ms
[113.923s][debug][gc,phases         ] GC(2596)     Prepare Merge Heap Roots: 0.0ms
[113.923s][debug][gc,phases         ] GC(2596)     Eager Reclaim (ms):       skipped
[113.923s][debug][gc,phases         ] GC(2596)     Remembered Sets (ms):     Min:  0.0, Avg:  0.0, Max:  0.2, Diff:  0.1, Sum:  0.4, Workers: 8
[113.923s][debug][gc,phases         ] GC(2596)       Merged Sparse:            Min: 0, Avg:  0.0, Max: 0, Diff: 0, Sum: 0, Workers: 8
[113.923s][debug][gc,phases         ] GC(2596)       Merged Fine:              Min: 0, Avg:  0.0, Max: 0, Diff: 0, Sum: 0, Workers: 8
[113.923s][debug][gc,phases         ] GC(2596)       Merged Coarse:            Min: 0, Avg:  0.0, Max: 0, Diff: 0, Sum: 0, Workers: 8
[113.923s][debug][gc,phases         ] GC(2596)       Dirty Cards:              Min: 0, Avg:  0.0, Max: 0, Diff: 0, Sum: 0, Workers: 8
[113.923s][debug][gc,phases         ] GC(2596)     Hot Card Cache (ms):      Min:  0.0, Avg:  0.0, Max:  0.0, Diff:  0.0, Sum:  0.0, Workers: 8
[113.923s][debug][gc,phases         ] GC(2596)       Dirty Cards:              Min: 0, Avg:  0.0, Max: 0, Diff: 0, Sum: 0, Workers: 8
[113.923s][debug][gc,phases         ] GC(2596)       Skipped Cards:            Min: 0, Avg:  0.0, Max: 0, Diff: 0, Sum: 0, Workers: 8
[113.923s][debug][gc,phases         ] GC(2596)     Log Buffers (ms):         Min:  0.0, Avg:  0.0, Max:  0.0, Diff:  0.0, Sum:  0.0, Workers: 8
[113.923s][debug][gc,phases         ] GC(2596)       Dirty Cards:              Min: 0, Avg:  0.2, Max: 1, Diff: 1, Sum: 2, Workers: 8
[113.923s][debug][gc,phases         ] GC(2596)       Skipped Cards:            Min: 0, Avg:  0.0, Max: 0, Diff: 0, Sum: 0, Workers: 8
[113.923s][info ][gc,phases         ] GC(2596)   Evacuate Collection Set: 0.4ms
[113.923s][debug][gc,phases         ] GC(2596)     Ext Root Scanning (ms):   Min:  0.0, Avg:  0.2, Max:  0.3, Diff:  0.3, Sum:  1.7, Workers: 8
[113.923s][debug][gc,phases         ] GC(2596)     Scan Heap Roots (ms):     Min:  0.0, Avg:  0.0, Max:  0.0, Diff:  0.0, Sum:  0.0, Workers: 8
[113.923s][debug][gc,phases         ] GC(2596)       Scanned Cards:            Min: 0, Avg:  0.2, Max: 1, Diff: 1, Sum: 2, Workers: 8
[113.924s][debug][gc,phases         ] GC(2596)       Scanned Blocks:           Min: 0, Avg:  0.2, Max: 1, Diff: 1, Sum: 2, Workers: 8
[113.924s][debug][gc,phases         ] GC(2596)       Claimed Chunks:           Min: 0, Avg:  0.2, Max: 1, Diff: 1, Sum: 2, Workers: 8
[113.924s][debug][gc,phases         ] GC(2596)     Code Root Scan (ms):      Min:  0.0, Avg:  0.0, Max:  0.0, Diff:  0.0, Sum:  0.2, Workers: 8
[113.924s][debug][gc,phases         ] GC(2596)     Object Copy (ms):         Min:  0.0, Avg:  0.0, Max:  0.0, Diff:  0.0, Sum:  0.0, Workers: 8
[113.924s][debug][gc,phases         ] GC(2596)     Termination (ms):         Min:  0.0, Avg:  0.0, Max:  0.1, Diff:  0.0, Sum:  0.4, Workers: 8
[113.924s][debug][gc,phases         ] GC(2596)       Termination Attempts:     Min: 1, Avg:  1.0, Max: 1, Diff: 0, Sum: 8, Workers: 8
[113.924s][debug][gc,phases         ] GC(2596)     GC Worker Other (ms):     Min:  0.0, Avg:  0.1, Max:  0.2, Diff:  0.2, Sum:  0.6, Workers: 8
[113.924s][debug][gc,phases         ] GC(2596)     GC Worker Total (ms):     Min:  0.0, Avg:  0.4, Max:  0.4, Diff:  0.4, Sum:  2.9, Workers: 8
[113.924s][info ][gc,phases         ] GC(2596)   Post Evacuate Collection Set: 0.7ms
[113.924s][debug][gc,phases         ] GC(2596)     Code Roots Fixup: 0.0ms
[113.924s][debug][gc,phases         ] GC(2596)     Clear Card Table: 0.2ms
[113.924s][debug][gc,phases         ] GC(2596)     Reference Processing: 0.1ms
[113.924s][debug][gc,phases,ref     ] GC(2596)       Reconsider SoftReferences: 0.0ms
[113.924s][debug][gc,phases,ref     ] GC(2596)         SoftRef (ms):             skipped
[113.924s][debug][gc,phases,ref     ] GC(2596)       Notify Soft/WeakReferences: 0.0ms
[113.924s][debug][gc,phases,ref     ] GC(2596)         SoftRef (ms):             skipped
[113.924s][debug][gc,phases,ref     ] GC(2596)         WeakRef (ms):             skipped
[113.924s][debug][gc,phases,ref     ] GC(2596)         FinalRef (ms):            skipped
[113.924s][debug][gc,phases,ref     ] GC(2596)         Total (ms):               skipped
[113.924s][debug][gc,phases,ref     ] GC(2596)       Notify and keep alive finalizable: 0.0ms
[113.924s][debug][gc,phases,ref     ] GC(2596)         FinalRef (ms):            skipped
[113.924s][debug][gc,phases,ref     ] GC(2596)       Notify PhantomReferences: 0.0ms
[113.924s][debug][gc,phases,ref     ] GC(2596)         PhantomRef (ms):          skipped
[113.924s][debug][gc,phases,ref     ] GC(2596)       SoftReference:
[113.924s][debug][gc,phases,ref     ] GC(2596)         Discovered: 0
[113.924s][debug][gc,phases,ref     ] GC(2596)         Cleared: 0
[113.924s][debug][gc,phases,ref     ] GC(2596)       WeakReference:
[113.924s][debug][gc,phases,ref     ] GC(2596)         Discovered: 0
[113.924s][debug][gc,phases,ref     ] GC(2596)         Cleared: 0
[113.924s][debug][gc,phases,ref     ] GC(2596)       FinalReference:
[113.924s][debug][gc,phases,ref     ] GC(2596)         Discovered: 0
[113.924s][debug][gc,phases,ref     ] GC(2596)         Cleared: 0
[113.924s][debug][gc,phases,ref     ] GC(2596)       PhantomReference:
[113.924s][debug][gc,phases,ref     ] GC(2596)         Discovered: 0
[113.924s][debug][gc,phases,ref     ] GC(2596)         Cleared: 0
[113.924s][debug][gc,phases         ] GC(2596)     Weak Processing: 0.0ms
[113.924s][debug][gc,phases         ] GC(2596)       JVMTI weak processing: 0.0ms
[113.924s][debug][gc,phases         ] GC(2596)         Dead: 0
[113.924s][debug][gc,phases         ] GC(2596)         Total: 0
[113.924s][debug][gc,phases         ] GC(2596)       JFR weak processing: 0.0ms
[113.924s][debug][gc,phases         ] GC(2596)         Dead: 0
[113.924s][debug][gc,phases         ] GC(2596)         Total: 0
[113.924s][debug][gc,phases         ] GC(2596)       JNI weak                  Min:  0.0, Avg:  0.0, Max:  0.0, Diff:  0.0, Sum:  0.0, Workers: 5
[113.924s][debug][gc,phases         ] GC(2596)         Dead                      Min: 0, Avg:  0.0, Max: 0, Diff: 0, Sum: 0, Workers: 5
[113.924s][debug][gc,phases         ] GC(2596)         Total                     Min: 0, Avg: 20.4, Max: 62, Diff: 62, Sum: 102, Workers: 5
[113.924s][debug][gc,phases         ] GC(2596)       VM weak                   Min:  0.0, Avg:  0.0, Max:  0.0, Diff:  0.0, Sum:  0.0, Workers: 5
[113.924s][debug][gc,phases         ] GC(2596)         Dead                      Min: 0, Avg:  0.0, Max: 0, Diff: 0, Sum: 0, Workers: 5
[113.924s][debug][gc,phases         ] GC(2596)         Total                     Min: 0, Avg: 42.4, Max: 64, Diff: 64, Sum: 212, Workers: 5
[113.924s][debug][gc,phases         ] GC(2596)       StringTable weak          Min:  0.0, Avg:  0.0, Max:  0.0, Diff:  0.0, Sum:  0.1, Workers: 5
[113.924s][debug][gc,phases         ] GC(2596)         Dead                      Min: 0, Avg:  0.0, Max: 0, Diff: 0, Sum: 0, Workers: 5
[113.924s][debug][gc,phases         ] GC(2596)         Total                     Min: 576, Avg: 684.6, Max: 768, Diff: 192, Sum: 3423, Workers: 5
[113.924s][debug][gc,phases         ] GC(2596)       ResolvedMethodTable weak  Min:  0.0, Avg:  0.0, Max:  0.0, Diff:  0.0, Sum:  0.0, Workers: 5
[113.924s][debug][gc,phases         ] GC(2596)         Dead                      Min: 0, Avg:  0.0, Max: 0, Diff: 0, Sum: 0, Workers: 5
[113.924s][debug][gc,phases         ] GC(2596)         Total                     Min: 64, Avg: 114.6, Max: 128, Diff: 64, Sum: 573, Workers: 5
[113.924s][debug][gc,phases         ] GC(2596)     Merge Per-Thread State: 0.0ms
[113.924s][debug][gc,phases         ] GC(2596)       Copied Bytes              Min: 0, Avg: 400321.0, Max: 800320, Diff: 800320, Sum: 3202568, Workers: 8
[113.924s][debug][gc,phases         ] GC(2596)       LAB Waste                 Min: 0, Avg:  0.0, Max: 0, Diff: 0, Sum: 0, Workers: 8
[113.924s][debug][gc,phases         ] GC(2596)       LAB Undo Waste            Min: 0, Avg:  0.0, Max: 0, Diff: 0, Sum: 0, Workers: 8
[113.924s][debug][gc,phases         ] GC(2596)     Code Roots Purge: 0.0ms
[113.924s][debug][gc,phases         ] GC(2596)     Redirty Cards: 0.0ms
[113.924s][debug][gc,phases         ] GC(2596)     DerivedPointerTable Update: 0.0ms
[113.924s][debug][gc,phases         ] GC(2596)     Free Collection Set: 0.2ms
[113.924s][debug][gc,phases         ] GC(2596)     Rebuild Free List: 0.1ms
[113.924s][debug][gc,phases         ] GC(2596)     Humongous Reclaim: 0.0ms
[113.924s][debug][gc,phases         ] GC(2596)     Start New Collection Set: 0.0ms
[113.924s][debug][gc,phases         ] GC(2596)     Resize TLABs: 0.0ms
[113.924s][debug][gc,phases         ] GC(2596)     Expand Heap After Collection: 0.0ms
[113.924s][info ][gc,phases         ] GC(2596)   Other: 0.5ms
[113.924s][info ][gc,heap           ] GC(2596) Eden regions: 771->0(771)
[113.924s][info ][gc,heap           ] GC(2596) Survivor regions: 4->4(97)
[113.924s][info ][gc,heap           ] GC(2596) Old regions: 18->18
[113.924s][info ][gc,heap           ] GC(2596) Archive regions: 2->2
[113.924s][info ][gc,heap           ] GC(2596) Humongous regions: 0->0
[113.924s][info ][gc,metaspace      ] GC(2596) Metaspace: 10016K(10624K)->10016K(10624K) NonClass: 8864K(9216K)->8864K(9216K) Class: 1152K(1408K)->1152K(1408K)
[113.924s][debug][gc,heap           ] GC(2596) Heap after GC invocations=2597 (full 1): garbage-first heap   total 1324032K, used 22555K [0x0000000700000000, 0x0000000800000000)
[113.924s][debug][gc,heap           ] GC(2596)   region size 1024K, 4 young (4096K), 4 survivors (4096K)
[113.924s][debug][gc,heap           ] GC(2596)  Metaspace       used 10016K, capacity 10304K, committed 10624K, reserved 1058816K
[113.924s][debug][gc,heap           ] GC(2596)   class space    used 1152K, capacity 1266K, committed 1408K, reserved 1048576K
[113.924s][info ][gc                ] GC(2596) Pause Young (Normal) (G1 Evacuation Pause) 792M->22M(1293M) 2.653ms
[113.924s][info ][gc,cpu            ] GC(2596) User=0.00s Sys=0.00s Real=0.01s
[113.924s][info ][safepoint         ] Safepoint "G1CollectForAllocation", Time since last: 41579839 ns, Reaching safepoint: 171298 ns, At safepoint: 3128295 ns, Total: 3299593 ns
[113.966s][debug][gc,heap           ] GC(2597) Heap before GC invocations=2597 (full 1): garbage-first heap   total 1324032K, used 811035K [0x0000000700000000, 0x0000000800000000)
[113.966s][debug][gc,heap           ] GC(2597)   region size 1024K, 775 young (793600K), 4 survivors (4096K)
[113.966s][debug][gc,heap           ] GC(2597)  Metaspace       used 10016K, capacity 10304K, committed 10624K, reserved 1058816K
[113.966s][debug][gc,heap           ] GC(2597)   class space    used 1152K, capacity 1266K, committed 1408K, reserved 1048576K
[113.966s][info ][gc,start          ] GC(2597) Pause Young (Normal) (G1 Evacuation Pause)
[113.966s][info ][gc,task           ] GC(2597) Using 8 workers of 8 for evacuation
[113.966s][debug][gc,tlab           ] GC(2597) TLAB totals: thrds: 8  refills: 16 max: 3 slow allocs: 1536 max 216 waste: 17.6% gc: 831904B max: 235048B slow: 61784B max: 15096B fast: 0B max: 0B
[113.966s][debug][gc,age            ] GC(2597) Desired survivor size 50855936 bytes, new threshold 15 (max threshold 15)
[113.966s][debug][gc,alloc,region   ] GC(2597) Mutator Allocation stats, regions: 771, wasted size: 180M (23.4%)
[113.967s][debug][gc,ergo           ] GC(2597) Running G1 Merge Heap Roots using 8 workers for 775 regions
[113.967s][debug][gc,remset         ] GC(2597) Visited cards 256 Total dirty 2048 (12.50%) Total old 3215360 (0.01%)
[113.967s][debug][gc,ergo           ] GC(2597) Running G1 Clear Card Table Task using 2 workers for 2 units of work for 776 regions.
[113.967s][debug][gc,ref            ] GC(2597) Skipped phase1 of Reference Processing due to unavailable references
[113.967s][debug][gc,ref            ] GC(2597) Skipped phase2 of Reference Processing due to unavailable references
[113.967s][debug][gc,ref            ] GC(2597) Skipped phase3 of Reference Processing due to unavailable references
[113.967s][debug][gc,ref            ] GC(2597) Skipped phase4 of Reference Processing due to unavailable references
[113.967s][debug][gc,ergo           ] GC(2597) Running G1 Free Collection Set using 8 workers for collection set length 775 (1293)
[113.968s][debug][gc,ergo           ] GC(2597) Running G1 Rebuild Free List Task using 8 workers for rebuilding free list of 0 (4096) regions
[113.968s][trace][gc,age            ] GC(2597) Age table with threshold 15 (max threshold 15)
[113.968s][trace][gc,age            ] GC(2597) - age   1:    2402544 bytes,    2402544 total
[113.968s][debug][gc,plab           ] GC(2597) Young PLAB allocation: allocated: 16512B, wasted: 0B, unused: 14064B, used: 2448B, undo waste: 0B, 
[113.968s][debug][gc,plab           ] GC(2597) Young other allocation: region end waste: 482640B, regions filled: 3, direct allocated: 2400096B, failure used: 0B, failure wasted: 0B
[113.968s][debug][gc,plab           ] GC(2597) Young sizing: calculated: 0B, actual: 2064B
[113.968s][debug][gc,plab           ] GC(2597) Old PLAB allocation: allocated: 0B, wasted: 0B, unused: 0B, used: 0B, undo waste: 0B, 
[113.968s][debug][gc,plab           ] GC(2597) Old other allocation: region end waste: 0B, regions filled: 1, direct allocated: 0B, failure used: 0B, failure wasted: 0B
[113.968s][debug][gc,plab           ] GC(2597) Old sizing: calculated: 0B, actual: 2064B
[113.968s][debug][gc,ihop           ] GC(2597) Basic information (value update), threshold: 610113945B (45.00), target occupancy: 1355808768B, current occupancy: 22046512B, recent allocation size: 0B, recent allocation duration: 43.09ms, recent old gen allocation rate: 0.00B/s, recent marking phase length: 30.68ms
[113.968s][debug][gc,ihop           ] GC(2597) Adaptive IHOP information (value update), threshold: 610113945B (47.37), internal target occupancy: 1288018329B, occupancy: 22046512B, additional buffer size: 812646400B, predicted old gen allocation rate: 7.00B/s, predicted marking phase length: 61.36ms, prediction active: false
[113.968s][debug][gc,ergo,refine    ] GC(2597) Concurrent refinement times: Logged Cards Scan time goal: 20.00ms Logged Cards Scan time: 0.00ms HCC time: 0.00ms
[113.968s][debug][gc,ergo,refine    ] GC(2597) Updated Refinement Zones: green: 2048, yellow: 6144, red: 10240
[113.968s][info ][gc,phases         ] GC(2597)   Pre Evacuate Collection Set: 0.1ms
[113.968s][debug][gc,phases         ] GC(2597)     Prepare TLABs: 0.0ms
[113.968s][debug][gc,phases         ] GC(2597)     Choose Collection Set: 0.0ms
[113.968s][debug][gc,phases         ] GC(2597)     Region Register: 0.1ms
[113.968s][debug][gc,phases         ] GC(2597)     Prepare Heap Roots: 0.0ms
[113.968s][info ][gc,phases         ] GC(2597)   Merge Heap Roots: 0.1ms
[113.968s][debug][gc,phases         ] GC(2597)     Prepare Merge Heap Roots: 0.0ms
[113.968s][debug][gc,phases         ] GC(2597)     Eager Reclaim (ms):       skipped
[113.968s][debug][gc,phases         ] GC(2597)     Remembered Sets (ms):     Min:  0.0, Avg:  0.0, Max:  0.0, Diff:  0.0, Sum:  0.3, Workers: 8
[113.968s][debug][gc,phases         ] GC(2597)       Merged Sparse:            Min: 0, Avg:  0.0, Max: 0, Diff: 0, Sum: 0, Workers: 8
[113.968s][debug][gc,phases         ] GC(2597)       Merged Fine:              Min: 0, Avg:  0.0, Max: 0, Diff: 0, Sum: 0, Workers: 8
[113.968s][debug][gc,phases         ] GC(2597)       Merged Coarse:            Min: 0, Avg:  0.0, Max: 0, Diff: 0, Sum: 0, Workers: 8
[113.968s][debug][gc,phases         ] GC(2597)       Dirty Cards:              Min: 0, Avg:  0.0, Max: 0, Diff: 0, Sum: 0, Workers: 8
[113.968s][debug][gc,phases         ] GC(2597)     Hot Card Cache (ms):      Min:  0.0, Avg:  0.0, Max:  0.0, Diff:  0.0, Sum:  0.0, Workers: 8
[113.968s][debug][gc,phases         ] GC(2597)       Dirty Cards:              Min: 0, Avg:  0.0, Max: 0, Diff: 0, Sum: 0, Workers: 8
[113.968s][debug][gc,phases         ] GC(2597)       Skipped Cards:            Min: 0, Avg:  0.0, Max: 0, Diff: 0, Sum: 0, Workers: 8
[113.968s][debug][gc,phases         ] GC(2597)     Log Buffers (ms):         Min:  0.0, Avg:  0.0, Max:  0.0, Diff:  0.0, Sum:  0.0, Workers: 8
[113.968s][debug][gc,phases         ] GC(2597)       Dirty Cards:              Min: 0, Avg:  0.1, Max: 1, Diff: 1, Sum: 1, Workers: 8
[113.968s][debug][gc,phases         ] GC(2597)       Skipped Cards:            Min: 0, Avg:  0.0, Max: 0, Diff: 0, Sum: 0, Workers: 8
[113.968s][info ][gc,phases         ] GC(2597)   Evacuate Collection Set: 0.4ms
[113.968s][debug][gc,phases         ] GC(2597)     Ext Root Scanning (ms):   Min:  0.1, Avg:  0.2, Max:  0.2, Diff:  0.2, Sum:  1.4, Workers: 8
[113.968s][debug][gc,phases         ] GC(2597)     Scan Heap Roots (ms):     Min:  0.0, Avg:  0.0, Max:  0.0, Diff:  0.0, Sum:  0.0, Workers: 8
[113.968s][debug][gc,phases         ] GC(2597)       Scanned Cards:            Min: 0, Avg:  0.1, Max: 1, Diff: 1, Sum: 1, Workers: 8
[113.968s][debug][gc,phases         ] GC(2597)       Scanned Blocks:           Min: 0, Avg:  0.1, Max: 1, Diff: 1, Sum: 1, Workers: 8
[113.968s][debug][gc,phases         ] GC(2597)       Claimed Chunks:           Min: 0, Avg:  0.1, Max: 1, Diff: 1, Sum: 1, Workers: 8
[113.968s][debug][gc,phases         ] GC(2597)     Code Root Scan (ms):      Min:  0.0, Avg:  0.0, Max:  0.0, Diff:  0.0, Sum:  0.1, Workers: 8
[113.968s][debug][gc,phases         ] GC(2597)     Object Copy (ms):         Min:  0.0, Avg:  0.0, Max:  0.0, Diff:  0.0, Sum:  0.0, Workers: 8
[113.968s][debug][gc,phases         ] GC(2597)     Termination (ms):         Min:  0.1, Avg:  0.1, Max:  0.1, Diff:  0.1, Sum:  1.0, Workers: 8
[113.968s][debug][gc,phases         ] GC(2597)       Termination Attempts:     Min: 1, Avg:  1.0, Max: 1, Diff: 0, Sum: 8, Workers: 8
[113.968s][debug][gc,phases         ] GC(2597)     GC Worker Other (ms):     Min:  0.0, Avg:  0.0, Max:  0.1, Diff:  0.1, Sum:  0.4, Workers: 8
[113.968s][debug][gc,phases         ] GC(2597)     GC Worker Total (ms):     Min:  0.3, Avg:  0.4, Max:  0.4, Diff:  0.1, Sum:  2.9, Workers: 8
[113.968s][info ][gc,phases         ] GC(2597)   Post Evacuate Collection Set: 0.6ms
[113.968s][debug][gc,phases         ] GC(2597)     Code Roots Fixup: 0.0ms
[113.968s][debug][gc,phases         ] GC(2597)     Clear Card Table: 0.2ms
[113.968s][debug][gc,phases         ] GC(2597)     Reference Processing: 0.0ms
[113.968s][debug][gc,phases,ref     ] GC(2597)       Reconsider SoftReferences: 0.0ms
[113.968s][debug][gc,phases,ref     ] GC(2597)         SoftRef (ms):             skipped
[113.968s][debug][gc,phases,ref     ] GC(2597)       Notify Soft/WeakReferences: 0.0ms
[113.968s][debug][gc,phases,ref     ] GC(2597)         SoftRef (ms):             skipped
[113.968s][debug][gc,phases,ref     ] GC(2597)         WeakRef (ms):             skipped
[113.968s][debug][gc,phases,ref     ] GC(2597)         FinalRef (ms):            skipped
[113.968s][debug][gc,phases,ref     ] GC(2597)         Total (ms):               skipped
[113.968s][debug][gc,phases,ref     ] GC(2597)       Notify and keep alive finalizable: 0.0ms
[113.968s][debug][gc,phases,ref     ] GC(2597)         FinalRef (ms):            skipped
[113.968s][debug][gc,phases,ref     ] GC(2597)       Notify PhantomReferences: 0.0ms
[113.968s][debug][gc,phases,ref     ] GC(2597)         PhantomRef (ms):          skipped
[113.968s][debug][gc,phases,ref     ] GC(2597)       SoftReference:
[113.968s][debug][gc,phases,ref     ] GC(2597)         Discovered: 0
[113.968s][debug][gc,phases,ref     ] GC(2597)         Cleared: 0
[113.968s][debug][gc,phases,ref     ] GC(2597)       WeakReference:
[113.968s][debug][gc,phases,ref     ] GC(2597)         Discovered: 0
[113.968s][debug][gc,phases,ref     ] GC(2597)         Cleared: 0
[113.968s][debug][gc,phases,ref     ] GC(2597)       FinalReference:
[113.968s][debug][gc,phases,ref     ] GC(2597)         Discovered: 0
[113.968s][debug][gc,phases,ref     ] GC(2597)         Cleared: 0
[113.968s][debug][gc,phases,ref     ] GC(2597)       PhantomReference:
[113.968s][debug][gc,phases,ref     ] GC(2597)         Discovered: 0
[113.968s][debug][gc,phases,ref     ] GC(2597)         Cleared: 0
[113.968s][debug][gc,phases         ] GC(2597)     Weak Processing: 0.1ms
[113.968s][debug][gc,phases         ] GC(2597)       JVMTI weak processing: 0.0ms
[113.968s][debug][gc,phases         ] GC(2597)         Dead: 0
[113.968s][debug][gc,phases         ] GC(2597)         Total: 0
[113.968s][debug][gc,phases         ] GC(2597)       JFR weak processing: 0.0ms
[113.968s][debug][gc,phases         ] GC(2597)         Dead: 0
[113.968s][debug][gc,phases         ] GC(2597)         Total: 0
[113.968s][debug][gc,phases         ] GC(2597)       JNI weak                  Min:  0.0, Avg:  0.0, Max:  0.0, Diff:  0.0, Sum:  0.0, Workers: 5
[113.968s][debug][gc,phases         ] GC(2597)         Dead                      Min: 0, Avg:  0.0, Max: 0, Diff: 0, Sum: 0, Workers: 5
[113.968s][debug][gc,phases         ] GC(2597)         Total                     Min: 0, Avg: 20.4, Max: 62, Diff: 62, Sum: 102, Workers: 5
[113.968s][debug][gc,phases         ] GC(2597)       VM weak                   Min:  0.0, Avg:  0.0, Max:  0.0, Diff:  0.0, Sum:  0.0, Workers: 5
[113.968s][debug][gc,phases         ] GC(2597)         Dead                      Min: 0, Avg:  0.0, Max: 0, Diff: 0, Sum: 0, Workers: 5
[113.968s][debug][gc,phases         ] GC(2597)         Total                     Min: 0, Avg: 42.4, Max: 84, Diff: 84, Sum: 212, Workers: 5
[113.968s][debug][gc,phases         ] GC(2597)       StringTable weak          Min:  0.0, Avg:  0.0, Max:  0.0, Diff:  0.0, Sum:  0.1, Workers: 5
[113.968s][debug][gc,phases         ] GC(2597)         Dead                      Min: 0, Avg:  0.0, Max: 0, Diff: 0, Sum: 0, Workers: 5
[113.968s][debug][gc,phases         ] GC(2597)         Total                     Min: 0, Avg: 684.6, Max: 1279, Diff: 1279, Sum: 3423, Workers: 5
[113.968s][debug][gc,phases         ] GC(2597)       ResolvedMethodTable weak  Min:  0.0, Avg:  0.0, Max:  0.0, Diff:  0.0, Sum:  0.0, Workers: 5
[113.968s][debug][gc,phases         ] GC(2597)         Dead                      Min: 0, Avg:  0.0, Max: 0, Diff: 0, Sum: 0, Workers: 5
[113.968s][debug][gc,phases         ] GC(2597)         Total                     Min: 0, Avg: 114.6, Max: 192, Diff: 192, Sum: 573, Workers: 5
[113.968s][debug][gc,phases         ] GC(2597)     Merge Per-Thread State: 0.0ms
[113.968s][debug][gc,phases         ] GC(2597)       Copied Bytes              Min: 616, Avg: 300318.0, Max: 400440, Diff: 399824, Sum: 2402544, Workers: 8
[113.968s][debug][gc,phases         ] GC(2597)       LAB Waste                 Min: 0, Avg:  0.0, Max: 0, Diff: 0, Sum: 0, Workers: 8
[113.968s][debug][gc,phases         ] GC(2597)       LAB Undo Waste            Min: 0, Avg:  0.0, Max: 0, Diff: 0, Sum: 0, Workers: 8
[113.968s][debug][gc,phases         ] GC(2597)     Code Roots Purge: 0.0ms
[113.968s][debug][gc,phases         ] GC(2597)     Redirty Cards: 0.0ms
[113.968s][debug][gc,phases         ] GC(2597)     DerivedPointerTable Update: 0.0ms
[113.969s][debug][gc,phases         ] GC(2597)     Free Collection Set: 0.2ms
[113.969s][debug][gc,phases         ] GC(2597)     Rebuild Free List: 0.1ms
[113.969s][debug][gc,phases         ] GC(2597)     Humongous Reclaim: 0.0ms
[113.969s][debug][gc,phases         ] GC(2597)     Start New Collection Set: 0.0ms
[113.969s][debug][gc,phases         ] GC(2597)     Resize TLABs: 0.0ms
[113.969s][debug][gc,phases         ] GC(2597)     Expand Heap After Collection: 0.0ms
[113.969s][info ][gc,phases         ] GC(2597)   Other: 0.4ms
[113.969s][info ][gc,heap           ] GC(2597) Eden regions: 771->0(772)
[113.969s][info ][gc,heap           ] GC(2597) Survivor regions: 4->3(97)
[113.969s][info ][gc,heap           ] GC(2597) Old regions: 18->18
[113.969s][info ][gc,heap           ] GC(2597) Archive regions: 2->2
[113.969s][info ][gc,heap           ] GC(2597) Humongous regions: 0->0
[113.969s][info ][gc,metaspace      ] GC(2597) Metaspace: 10016K(10624K)->10016K(10624K) NonClass: 8864K(9216K)->8864K(9216K) Class: 1152K(1408K)->1152K(1408K)
[113.969s][debug][gc,heap           ] GC(2597) Heap after GC invocations=2598 (full 1): garbage-first heap   total 1324032K, used 21529K [0x0000000700000000, 0x0000000800000000)
[113.969s][debug][gc,heap           ] GC(2597)   region size 1024K, 3 young (3072K), 3 survivors (3072K)
[113.969s][debug][gc,heap           ] GC(2597)  Metaspace       used 10016K, capacity 10304K, committed 10624K, reserved 1058816K
[113.969s][debug][gc,heap           ] GC(2597)   class space    used 1152K, capacity 1266K, committed 1408K, reserved 1048576K
[113.969s][info ][gc                ] GC(2597) Pause Young (Normal) (G1 Evacuation Pause) 792M->21M(1293M) 2.339ms
[113.969s][info ][gc,cpu            ] GC(2597) User=0.01s Sys=0.00s Real=0.00s
[113.969s][info ][safepoint         ] Safepoint "G1CollectForAllocation", Time since last: 41591190 ns, Reaching safepoint: 141014 ns, At safepoint: 2570259 ns, Total: 2711273 ns
[114.013s][debug][gc,heap           ] GC(2598) Heap before GC invocations=2598 (full 1): garbage-first heap   total 1324032K, used 811033K [0x0000000700000000, 0x0000000800000000)
[114.013s][debug][gc,heap           ] GC(2598)   region size 1024K, 775 young (793600K), 3 survivors (3072K)
[114.013s][debug][gc,heap           ] GC(2598)  Metaspace       used 10016K, capacity 10304K, committed 10624K, reserved 1058816K
[114.013s][debug][gc,heap           ] GC(2598)   class space    used 1152K, capacity 1266K, committed 1408K, reserved 1048576K
[114.013s][info ][gc,start          ] GC(2598) Pause Young (Normal) (G1 Evacuation Pause)
[114.013s][info ][gc,task           ] GC(2598) Using 8 workers of 8 for evacuation
[114.013s][debug][gc,tlab           ] GC(2598) TLAB totals: thrds: 8  refills: 10 max: 2 slow allocs: 1541 max 224 waste: 39.0% gc: 1109560B max: 242240B slow: 27824B max: 13912B fast: 0B max: 0B
[114.013s][debug][gc,age            ] GC(2598) Desired survivor size 50855936 bytes, new threshold 15 (max threshold 15)
[114.013s][debug][gc,alloc,region   ] GC(2598) Mutator Allocation stats, regions: 772, wasted size: 180M (23.4%)
[114.013s][debug][gc,ergo           ] GC(2598) Running G1 Merge Heap Roots using 8 workers for 775 regions
[114.013s][debug][gc,remset         ] GC(2598) Visited cards 512 Total dirty 4096 (12.50%) Total old 3215360 (0.02%)
[114.014s][debug][gc,ergo           ] GC(2598) Running G1 Clear Card Table Task using 2 workers for 2 units of work for 777 regions.
[114.014s][debug][gc,ref            ] GC(2598) Skipped phase1 of Reference Processing due to unavailable references
[114.014s][debug][gc,ref            ] GC(2598) Skipped phase2 of Reference Processing due to unavailable references
[114.014s][debug][gc,ref            ] GC(2598) Skipped phase3 of Reference Processing due to unavailable references
[114.014s][debug][gc,ref            ] GC(2598) Skipped phase4 of Reference Processing due to unavailable references
[114.014s][debug][gc,ergo           ] GC(2598) Running G1 Free Collection Set using 8 workers for collection set length 775 (1293)
[114.015s][debug][gc,ergo           ] GC(2598) Running G1 Rebuild Free List Task using 8 workers for rebuilding free list of 0 (4096) regions
[114.015s][trace][gc,age            ] GC(2598) Age table with threshold 15 (max threshold 15)
[114.015s][trace][gc,age            ] GC(2598) - age   1:    3202568 bytes,    3202568 total
[114.015s][debug][gc,plab           ] GC(2598) Young PLAB allocation: allocated: 16512B, wasted: 0B, unused: 14064B, used: 2448B, undo waste: 0B, 
[114.015s][debug][gc,plab           ] GC(2598) Young other allocation: region end waste: 731184B, regions filled: 4, direct allocated: 3200120B, failure used: 0B, failure wasted: 0B
[114.015s][debug][gc,plab           ] GC(2598) Young sizing: calculated: 0B, actual: 2064B
[114.015s][debug][gc,plab           ] GC(2598) Old PLAB allocation: allocated: 0B, wasted: 0B, unused: 0B, used: 0B, undo waste: 0B, 
[114.015s][debug][gc,plab           ] GC(2598) Old other allocation: region end waste: 0B, regions filled: 1, direct allocated: 0B, failure used: 0B, failure wasted: 0B
[114.015s][debug][gc,plab           ] GC(2598) Old sizing: calculated: 0B, actual: 2064B
[114.015s][debug][gc,ihop           ] GC(2598) Basic information (value update), threshold: 610113945B (45.00), target occupancy: 1355808768B, current occupancy: 23095080B, recent allocation size: 0B, recent allocation duration: 45.29ms, recent old gen allocation rate: 0.00B/s, recent marking phase length: 30.68ms
[114.015s][debug][gc,ihop           ] GC(2598) Adaptive IHOP information (value update), threshold: 610113945B (47.37), internal target occupancy: 1288018329B, occupancy: 23095080B, additional buffer size: 812646400B, predicted old gen allocation rate: 6.82B/s, predicted marking phase length: 61.36ms, prediction active: false
[114.015s][debug][gc,ergo,refine    ] GC(2598) Concurrent refinement times: Logged Cards Scan time goal: 20.00ms Logged Cards Scan time: 0.00ms HCC time: 0.00ms
[114.015s][debug][gc,ergo,refine    ] GC(2598) Updated Refinement Zones: green: 2048, yellow: 6144, red: 10240
[114.015s][info ][gc,phases         ] GC(2598)   Pre Evacuate Collection Set: 0.2ms
[114.015s][debug][gc,phases         ] GC(2598)     Prepare TLABs: 0.0ms
[114.015s][debug][gc,phases         ] GC(2598)     Choose Collection Set: 0.0ms
[114.015s][debug][gc,phases         ] GC(2598)     Region Register: 0.2ms
[114.015s][debug][gc,phases         ] GC(2598)     Prepare Heap Roots: 0.0ms
[114.015s][info ][gc,phases         ] GC(2598)   Merge Heap Roots: 0.2ms
[114.015s][debug][gc,phases         ] GC(2598)     Prepare Merge Heap Roots: 0.0ms
[114.015s][debug][gc,phases         ] GC(2598)     Eager Reclaim (ms):       skipped
[114.015s][debug][gc,phases         ] GC(2598)     Remembered Sets (ms):     Min:  0.0, Avg:  0.0, Max:  0.1, Diff:  0.0, Sum:  0.4, Workers: 8
[114.015s][debug][gc,phases         ] GC(2598)       Merged Sparse:            Min: 0, Avg:  0.0, Max: 0, Diff: 0, Sum: 0, Workers: 8
[114.015s][debug][gc,phases         ] GC(2598)       Merged Fine:              Min: 0, Avg:  0.0, Max: 0, Diff: 0, Sum: 0, Workers: 8
[114.015s][debug][gc,phases         ] GC(2598)       Merged Coarse:            Min: 0, Avg:  0.0, Max: 0, Diff: 0, Sum: 0, Workers: 8
[114.015s][debug][gc,phases         ] GC(2598)       Dirty Cards:              Min: 0, Avg:  0.0, Max: 0, Diff: 0, Sum: 0, Workers: 8
[114.015s][debug][gc,phases         ] GC(2598)     Hot Card Cache (ms):      Min:  0.0, Avg:  0.0, Max:  0.0, Diff:  0.0, Sum:  0.0, Workers: 8
[114.015s][debug][gc,phases         ] GC(2598)       Dirty Cards:              Min: 0, Avg:  0.0, Max: 0, Diff: 0, Sum: 0, Workers: 8
[114.015s][debug][gc,phases         ] GC(2598)       Skipped Cards:            Min: 0, Avg:  0.0, Max: 0, Diff: 0, Sum: 0, Workers: 8
[114.015s][debug][gc,phases         ] GC(2598)     Log Buffers (ms):         Min:  0.0, Avg:  0.0, Max:  0.0, Diff:  0.0, Sum:  0.0, Workers: 8
[114.015s][debug][gc,phases         ] GC(2598)       Dirty Cards:              Min: 0, Avg:  0.2, Max: 1, Diff: 1, Sum: 2, Workers: 8
[114.015s][debug][gc,phases         ] GC(2598)       Skipped Cards:            Min: 0, Avg:  0.0, Max: 0, Diff: 0, Sum: 0, Workers: 8
[114.015s][info ][gc,phases         ] GC(2598)   Evacuate Collection Set: 0.5ms
[114.015s][debug][gc,phases         ] GC(2598)     Ext Root Scanning (ms):   Min:  0.2, Avg:  0.2, Max:  0.3, Diff:  0.1, Sum:  1.9, Workers: 8
[114.015s][debug][gc,phases         ] GC(2598)     Scan Heap Roots (ms):     Min:  0.0, Avg:  0.0, Max:  0.0, Diff:  0.0, Sum:  0.0, Workers: 8
[114.015s][debug][gc,phases         ] GC(2598)       Scanned Cards:            Min: 0, Avg:  0.2, Max: 1, Diff: 1, Sum: 2, Workers: 8
[114.015s][debug][gc,phases         ] GC(2598)       Scanned Blocks:           Min: 0, Avg:  0.2, Max: 1, Diff: 1, Sum: 2, Workers: 8
[114.015s][debug][gc,phases         ] GC(2598)       Claimed Chunks:           Min: 0, Avg:  0.2, Max: 1, Diff: 1, Sum: 2, Workers: 8
[114.015s][debug][gc,phases         ] GC(2598)     Code Root Scan (ms):      Min:  0.0, Avg:  0.0, Max:  0.0, Diff:  0.0, Sum:  0.1, Workers: 8
[114.015s][debug][gc,phases         ] GC(2598)     Object Copy (ms):         Min:  0.0, Avg:  0.0, Max:  0.0, Diff:  0.0, Sum:  0.0, Workers: 8
[114.015s][debug][gc,phases         ] GC(2598)     Termination (ms):         Min:  0.1, Avg:  0.1, Max:  0.1, Diff:  0.0, Sum:  0.6, Workers: 8
[114.015s][debug][gc,phases         ] GC(2598)       Termination Attempts:     Min: 1, Avg:  1.0, Max: 1, Diff: 0, Sum: 8, Workers: 8
[114.015s][debug][gc,phases         ] GC(2598)     GC Worker Other (ms):     Min:  0.0, Avg:  0.1, Max:  0.1, Diff:  0.1, Sum:  0.4, Workers: 8
[114.015s][debug][gc,phases         ] GC(2598)     GC Worker Total (ms):     Min:  0.4, Avg:  0.4, Max:  0.4, Diff:  0.0, Sum:  3.2, Workers: 8
[114.015s][info ][gc,phases         ] GC(2598)   Post Evacuate Collection Set: 0.6ms
[114.015s][debug][gc,phases         ] GC(2598)     Code Roots Fixup: 0.0ms
[114.015s][debug][gc,phases         ] GC(2598)     Clear Card Table: 0.2ms
[114.015s][debug][gc,phases         ] GC(2598)     Reference Processing: 0.0ms
[114.015s][debug][gc,phases,ref     ] GC(2598)       Reconsider SoftReferences: 0.0ms
[114.015s][debug][gc,phases,ref     ] GC(2598)         SoftRef (ms):             skipped
[114.015s][debug][gc,phases,ref     ] GC(2598)       Notify Soft/WeakReferences: 0.0ms
[114.015s][debug][gc,phases,ref     ] GC(2598)         SoftRef (ms):             skipped
[114.015s][debug][gc,phases,ref     ] GC(2598)         WeakRef (ms):             skipped
[114.015s][debug][gc,phases,ref     ] GC(2598)         FinalRef (ms):            skipped
[114.015s][debug][gc,phases,ref     ] GC(2598)         Total (ms):               skipped
[114.015s][debug][gc,phases,ref     ] GC(2598)       Notify and keep alive finalizable: 0.0ms
[114.015s][debug][gc,phases,ref     ] GC(2598)         FinalRef (ms):            skipped
[114.015s][debug][gc,phases,ref     ] GC(2598)       Notify PhantomReferences: 0.0ms
[114.015s][debug][gc,phases,ref     ] GC(2598)         PhantomRef (ms):          skipped
[114.015s][debug][gc,phases,ref     ] GC(2598)       SoftReference:
[114.015s][debug][gc,phases,ref     ] GC(2598)         Discovered: 0
[114.015s][debug][gc,phases,ref     ] GC(2598)         Cleared: 0
[114.015s][debug][gc,phases,ref     ] GC(2598)       WeakReference:
[114.015s][debug][gc,phases,ref     ] GC(2598)         Discovered: 0
[114.015s][debug][gc,phases,ref     ] GC(2598)         Cleared: 0
[114.015s][debug][gc,phases,ref     ] GC(2598)       FinalReference:
[114.015s][debug][gc,phases,ref     ] GC(2598)         Discovered: 0
[114.015s][debug][gc,phases,ref     ] GC(2598)         Cleared: 0
[114.015s][debug][gc,phases,ref     ] GC(2598)       PhantomReference:
[114.015s][debug][gc,phases,ref     ] GC(2598)         Discovered: 0
[114.015s][debug][gc,phases,ref     ] GC(2598)         Cleared: 0
[114.015s][debug][gc,phases         ] GC(2598)     Weak Processing: 0.1ms
[114.015s][debug][gc,phases         ] GC(2598)       JVMTI weak processing: 0.0ms
[114.015s][debug][gc,phases         ] GC(2598)         Dead: 0
[114.015s][debug][gc,phases         ] GC(2598)         Total: 0
[114.015s][debug][gc,phases         ] GC(2598)       JFR weak processing: 0.0ms
[114.015s][debug][gc,phases         ] GC(2598)         Dead: 0
[114.015s][debug][gc,phases         ] GC(2598)         Total: 0
[114.015s][debug][gc,phases         ] GC(2598)       JNI weak                  Min:  0.0, Avg:  0.0, Max:  0.0, Diff:  0.0, Sum:  0.0, Workers: 5
[114.015s][debug][gc,phases         ] GC(2598)         Dead                      Min: 0, Avg:  0.0, Max: 0, Diff: 0, Sum: 0, Workers: 5
[114.015s][debug][gc,phases         ] GC(2598)         Total                     Min: 0, Avg: 20.4, Max: 62, Diff: 62, Sum: 102, Workers: 5
[114.015s][debug][gc,phases         ] GC(2598)       VM weak                   Min:  0.0, Avg:  0.0, Max:  0.0, Diff:  0.0, Sum:  0.0, Workers: 5
[114.015s][debug][gc,phases         ] GC(2598)         Dead                      Min: 0, Avg:  0.0, Max: 0, Diff: 0, Sum: 0, Workers: 5
[114.015s][debug][gc,phases         ] GC(2598)         Total                     Min: 0, Avg: 42.4, Max: 128, Diff: 128, Sum: 212, Workers: 5
[114.015s][debug][gc,phases         ] GC(2598)       StringTable weak          Min:  0.0, Avg:  0.0, Max:  0.0, Diff:  0.0, Sum:  0.1, Workers: 5
[114.015s][debug][gc,phases         ] GC(2598)         Dead                      Min: 0, Avg:  0.0, Max: 0, Diff: 0, Sum: 0, Workers: 5
[114.015s][debug][gc,phases         ] GC(2598)         Total                     Min: 0, Avg: 684.6, Max: 1727, Diff: 1727, Sum: 3423, Workers: 5
[114.015s][debug][gc,phases         ] GC(2598)       ResolvedMethodTable weak  Min:  0.0, Avg:  0.0, Max:  0.0, Diff:  0.0, Sum:  0.0, Workers: 5
[114.015s][debug][gc,phases         ] GC(2598)         Dead                      Min: 0, Avg:  0.0, Max: 0, Diff: 0, Sum: 0, Workers: 5
[114.015s][debug][gc,phases         ] GC(2598)         Total                     Min: 0, Avg: 114.6, Max: 189, Diff: 189, Sum: 573, Workers: 5
[114.015s][debug][gc,phases         ] GC(2598)     Merge Per-Thread State: 0.0ms
[114.015s][debug][gc,phases         ] GC(2598)       Copied Bytes              Min: 744, Avg: 400321.0, Max: 800096, Diff: 799352, Sum: 3202568, Workers: 8
[114.015s][debug][gc,phases         ] GC(2598)       LAB Waste                 Min: 0, Avg:  0.0, Max: 0, Diff: 0, Sum: 0, Workers: 8
[114.015s][debug][gc,phases         ] GC(2598)       LAB Undo Waste            Min: 0, Avg:  0.0, Max: 0, Diff: 0, Sum: 0, Workers: 8
[114.015s][debug][gc,phases         ] GC(2598)     Code Roots Purge: 0.0ms
[114.015s][debug][gc,phases         ] GC(2598)     Redirty Cards: 0.0ms
[114.015s][debug][gc,phases         ] GC(2598)     DerivedPointerTable Update: 0.0ms
[114.015s][debug][gc,phases         ] GC(2598)     Free Collection Set: 0.2ms
[114.015s][debug][gc,phases         ] GC(2598)     Rebuild Free List: 0.1ms
[114.015s][debug][gc,phases         ] GC(2598)     Humongous Reclaim: 0.0ms
[114.015s][debug][gc,phases         ] GC(2598)     Start New Collection Set: 0.0ms
[114.016s][debug][gc,phases         ] GC(2598)     Resize TLABs: 0.0ms
[114.016s][debug][gc,phases         ] GC(2598)     Expand Heap After Collection: 0.0ms
[114.016s][info ][gc,phases         ] GC(2598)   Other: 0.4ms
[114.016s][info ][gc,heap           ] GC(2598) Eden regions: 772->0(771)
[114.016s][info ][gc,heap           ] GC(2598) Survivor regions: 3->4(97)
[114.016s][info ][gc,heap           ] GC(2598) Old regions: 18->18
[114.016s][info ][gc,heap           ] GC(2598) Archive regions: 2->2
[114.016s][info ][gc,heap           ] GC(2598) Humongous regions: 0->0
[114.016s][info ][gc,metaspace      ] GC(2598) Metaspace: 10016K(10624K)->10016K(10624K) NonClass: 8864K(9216K)->8864K(9216K) Class: 1152K(1408K)->1152K(1408K)
[114.016s][debug][gc,heap           ] GC(2598) Heap after GC invocations=2599 (full 1): garbage-first heap   total 1324032K, used 22553K [0x0000000700000000, 0x0000000800000000)
[114.016s][debug][gc,heap           ] GC(2598)   region size 1024K, 4 young (4096K), 4 survivors (4096K)
[114.016s][debug][gc,heap           ] GC(2598)  Metaspace       used 10016K, capacity 10304K, committed 10624K, reserved 1058816K
[114.016s][debug][gc,heap           ] GC(2598)   class space    used 1152K, capacity 1266K, committed 1408K, reserved 1048576K
[114.016s][info ][gc                ] GC(2598) Pause Young (Normal) (G1 Evacuation Pause) 792M->22M(1293M) 2.588ms
[114.016s][info ][gc,cpu            ] GC(2598) User=0.00s Sys=0.00s Real=0.00s
[114.016s][info ][safepoint         ] Safepoint "G1CollectForAllocation", Time since last: 44020241 ns, Reaching safepoint: 160252 ns, At safepoint: 2765503 ns, Total: 2925755 ns
[114.059s][debug][gc,heap           ] GC(2599) Heap before GC invocations=2599 (full 1): garbage-first heap   total 1324032K, used 811033K [0x0000000700000000, 0x0000000800000000)
[114.059s][debug][gc,heap           ] GC(2599)   region size 1024K, 775 young (793600K), 4 survivors (4096K)
[114.059s][debug][gc,heap           ] GC(2599)  Metaspace       used 10016K, capacity 10304K, committed 10624K, reserved 1058816K
[114.059s][debug][gc,heap           ] GC(2599)   class space    used 1152K, capacity 1266K, committed 1408K, reserved 1048576K
[114.059s][info ][gc,start          ] GC(2599) Pause Young (Normal) (G1 Evacuation Pause)
[114.059s][info ][gc,task           ] GC(2599) Using 8 workers of 8 for evacuation
[114.059s][debug][gc,tlab           ] GC(2599) TLAB totals: thrds: 8  refills: 13 max: 3 slow allocs: 1531 max 212 waste: 23.2% gc: 962544B max: 229592B slow: 55424B max: 15096B fast: 0B max: 0B
[114.059s][debug][gc,age            ] GC(2599) Desired survivor size 50855936 bytes, new threshold 15 (max threshold 15)
[114.059s][debug][gc,alloc,region   ] GC(2599) Mutator Allocation stats, regions: 771, wasted size: 180M (23.4%)
[114.059s][debug][gc,ergo           ] GC(2599) Running G1 Merge Heap Roots using 8 workers for 775 regions
[114.059s][debug][gc,remset         ] GC(2599) Visited cards 256 Total dirty 2048 (12.50%) Total old 3215360 (0.01%)
[114.060s][debug][gc,ergo           ] GC(2599) Running G1 Clear Card Table Task using 2 workers for 2 units of work for 776 regions.
[114.060s][debug][gc,ref            ] GC(2599) Skipped phase1 of Reference Processing due to unavailable references
[114.060s][debug][gc,ref            ] GC(2599) Skipped phase2 of Reference Processing due to unavailable references
[114.060s][debug][gc,ref            ] GC(2599) Skipped phase3 of Reference Processing due to unavailable references
[114.060s][debug][gc,ref            ] GC(2599) Skipped phase4 of Reference Processing due to unavailable references
[114.060s][debug][gc,ergo           ] GC(2599) Running G1 Free Collection Set using 8 workers for collection set length 775 (1293)
[114.060s][debug][gc,ergo           ] GC(2599) Running G1 Rebuild Free List Task using 8 workers for rebuilding free list of 0 (4096) regions
[114.060s][trace][gc,age            ] GC(2599) Age table with threshold 15 (max threshold 15)
[114.060s][trace][gc,age            ] GC(2599) - age   1:    4002584 bytes,    4002584 total
[114.060s][debug][gc,plab           ] GC(2599) Young PLAB allocation: allocated: 16512B, wasted: 0B, unused: 14064B, used: 2448B, undo waste: 0B, 
[114.060s][debug][gc,plab           ] GC(2599) Young other allocation: region end waste: 983864B, regions filled: 5, direct allocated: 4000136B, failure used: 0B, failure wasted: 0B
[114.060s][debug][gc,plab           ] GC(2599) Young sizing: calculated: 0B, actual: 2064B
[114.060s][debug][gc,plab           ] GC(2599) Old PLAB allocation: allocated: 0B, wasted: 0B, unused: 0B, used: 0B, undo waste: 0B, 
[114.060s][debug][gc,plab           ] GC(2599) Old other allocation: region end waste: 0B, regions filled: 1, direct allocated: 0B, failure used: 0B, failure wasted: 0B
[114.060s][debug][gc,plab           ] GC(2599) Old sizing: calculated: 0B, actual: 2064B
[114.060s][debug][gc,ihop           ] GC(2599) Basic information (value update), threshold: 610113945B (45.00), target occupancy: 1355808768B, current occupancy: 24147776B, recent allocation size: 0B, recent allocation duration: 44.06ms, recent old gen allocation rate: 0.00B/s, recent marking phase length: 30.68ms
[114.060s][debug][gc,ihop           ] GC(2599) Adaptive IHOP information (value update), threshold: 610113945B (47.37), internal target occupancy: 1288018329B, occupancy: 24147776B, additional buffer size: 812646400B, predicted old gen allocation rate: 6.65B/s, predicted marking phase length: 61.36ms, prediction active: false
[114.060s][debug][gc,ergo,refine    ] GC(2599) Concurrent refinement times: Logged Cards Scan time goal: 20.00ms Logged Cards Scan time: 0.00ms HCC time: 0.00ms
[114.060s][debug][gc,ergo,refine    ] GC(2599) Updated Refinement Zones: green: 2048, yellow: 6144, red: 10240
[114.060s][info ][gc,phases         ] GC(2599)   Pre Evacuate Collection Set: 0.1ms
[114.060s][debug][gc,phases         ] GC(2599)     Prepare TLABs: 0.0ms
[114.060s][debug][gc,phases         ] GC(2599)     Choose Collection Set: 0.0ms
[114.060s][debug][gc,phases         ] GC(2599)     Region Register: 0.1ms
[114.060s][debug][gc,phases         ] GC(2599)     Prepare Heap Roots: 0.0ms
[114.060s][info ][gc,phases         ] GC(2599)   Merge Heap Roots: 0.2ms
[114.060s][debug][gc,phases         ] GC(2599)     Prepare Merge Heap Roots: 0.0ms
[114.060s][debug][gc,phases         ] GC(2599)     Eager Reclaim (ms):       skipped
[114.060s][debug][gc,phases         ] GC(2599)     Remembered Sets (ms):     Min:  0.0, Avg:  0.0, Max:  0.1, Diff:  0.0, Sum:  0.3, Workers: 8
[114.060s][debug][gc,phases         ] GC(2599)       Merged Sparse:            Min: 0, Avg:  0.0, Max: 0, Diff: 0, Sum: 0, Workers: 8
[114.060s][debug][gc,phases         ] GC(2599)       Merged Fine:              Min: 0, Avg:  0.0, Max: 0, Diff: 0, Sum: 0, Workers: 8
[114.060s][debug][gc,phases         ] GC(2599)       Merged Coarse:            Min: 0, Avg:  0.0, Max: 0, Diff: 0, Sum: 0, Workers: 8
[114.061s][debug][gc,phases         ] GC(2599)       Dirty Cards:              Min: 0, Avg:  0.0, Max: 0, Diff: 0, Sum: 0, Workers: 8
[114.061s][debug][gc,phases         ] GC(2599)     Hot Card Cache (ms):      Min:  0.0, Avg:  0.0, Max:  0.0, Diff:  0.0, Sum:  0.0, Workers: 8
[114.061s][debug][gc,phases         ] GC(2599)       Dirty Cards:              Min: 0, Avg:  0.0, Max: 0, Diff: 0, Sum: 0, Workers: 8
[114.061s][debug][gc,phases         ] GC(2599)       Skipped Cards:            Min: 0, Avg:  0.0, Max: 0, Diff: 0, Sum: 0, Workers: 8
[114.061s][debug][gc,phases         ] GC(2599)     Log Buffers (ms):         Min:  0.0, Avg:  0.0, Max:  0.0, Diff:  0.0, Sum:  0.0, Workers: 8
[114.061s][debug][gc,phases         ] GC(2599)       Dirty Cards:              Min: 0, Avg:  0.1, Max: 1, Diff: 1, Sum: 1, Workers: 8
[114.061s][debug][gc,phases         ] GC(2599)       Skipped Cards:            Min: 0, Avg:  0.0, Max: 0, Diff: 0, Sum: 0, Workers: 8
[114.061s][info ][gc,phases         ] GC(2599)   Evacuate Collection Set: 0.5ms
[114.061s][debug][gc,phases         ] GC(2599)     Ext Root Scanning (ms):   Min:  0.2, Avg:  0.3, Max:  0.4, Diff:  0.2, Sum:  2.3, Workers: 8
[114.061s][debug][gc,phases         ] GC(2599)     Scan Heap Roots (ms):     Min:  0.0, Avg:  0.0, Max:  0.0, Diff:  0.0, Sum:  0.0, Workers: 8
[114.061s][debug][gc,phases         ] GC(2599)       Scanned Cards:            Min: 0, Avg:  0.1, Max: 1, Diff: 1, Sum: 1, Workers: 8
[114.061s][debug][gc,phases         ] GC(2599)       Scanned Blocks:           Min: 0, Avg:  0.1, Max: 1, Diff: 1, Sum: 1, Workers: 8
[114.061s][debug][gc,phases         ] GC(2599)       Claimed Chunks:           Min: 0, Avg:  0.1, Max: 1, Diff: 1, Sum: 1, Workers: 8
[114.061s][debug][gc,phases         ] GC(2599)     Code Root Scan (ms):      Min:  0.0, Avg:  0.0, Max:  0.1, Diff:  0.1, Sum:  0.2, Workers: 8
[114.061s][debug][gc,phases         ] GC(2599)     Object Copy (ms):         Min:  0.0, Avg:  0.0, Max:  0.0, Diff:  0.0, Sum:  0.0, Workers: 8
[114.061s][debug][gc,phases         ] GC(2599)     Termination (ms):         Min:  0.1, Avg:  0.1, Max:  0.1, Diff:  0.0, Sum:  0.5, Workers: 8
[114.061s][debug][gc,phases         ] GC(2599)       Termination Attempts:     Min: 1, Avg:  1.0, Max: 1, Diff: 0, Sum: 8, Workers: 8
[114.061s][debug][gc,phases         ] GC(2599)     GC Worker Other (ms):     Min:  0.0, Avg:  0.1, Max:  0.1, Diff:  0.1, Sum:  0.4, Workers: 8
[114.061s][debug][gc,phases         ] GC(2599)     GC Worker Total (ms):     Min:  0.4, Avg:  0.4, Max:  0.5, Diff:  0.0, Sum:  3.5, Workers: 8
[114.061s][info ][gc,phases         ] GC(2599)   Post Evacuate Collection Set: 0.6ms
[114.061s][debug][gc,phases         ] GC(2599)     Code Roots Fixup: 0.0ms
[114.061s][debug][gc,phases         ] GC(2599)     Clear Card Table: 0.2ms
[114.061s][debug][gc,phases         ] GC(2599)     Reference Processing: 0.0ms
[114.061s][debug][gc,phases,ref     ] GC(2599)       Reconsider SoftReferences: 0.0ms
[114.061s][debug][gc,phases,ref     ] GC(2599)         SoftRef (ms):             skipped
[114.061s][debug][gc,phases,ref     ] GC(2599)       Notify Soft/WeakReferences: 0.0ms
[114.061s][debug][gc,phases,ref     ] GC(2599)         SoftRef (ms):             skipped
[114.061s][debug][gc,phases,ref     ] GC(2599)         WeakRef (ms):             skipped
[114.061s][debug][gc,phases,ref     ] GC(2599)         FinalRef (ms):            skipped
[114.061s][debug][gc,phases,ref     ] GC(2599)         Total (ms):               skipped
[114.061s][debug][gc,phases,ref     ] GC(2599)       Notify and keep alive finalizable: 0.0ms
[114.061s][debug][gc,phases,ref     ] GC(2599)         FinalRef (ms):            skipped
[114.061s][debug][gc,phases,ref     ] GC(2599)       Notify PhantomReferences: 0.0ms
[114.061s][debug][gc,phases,ref     ] GC(2599)         PhantomRef (ms):          skipped
[114.061s][debug][gc,phases,ref     ] GC(2599)       SoftReference:
[114.061s][debug][gc,phases,ref     ] GC(2599)         Discovered: 0
[114.061s][debug][gc,phases,ref     ] GC(2599)         Cleared: 0
[114.061s][debug][gc,phases,ref     ] GC(2599)       WeakReference:
[114.061s][debug][gc,phases,ref     ] GC(2599)         Discovered: 0
[114.061s][debug][gc,phases,ref     ] GC(2599)         Cleared: 0
[114.061s][debug][gc,phases,ref     ] GC(2599)       FinalReference:
[114.061s][debug][gc,phases,ref     ] GC(2599)         Discovered: 0
[114.061s][debug][gc,phases,ref     ] GC(2599)         Cleared: 0
[114.061s][debug][gc,phases,ref     ] GC(2599)       PhantomReference:
[114.061s][debug][gc,phases,ref     ] GC(2599)         Discovered: 0
[114.061s][debug][gc,phases,ref     ] GC(2599)         Cleared: 0
[114.061s][debug][gc,phases         ] GC(2599)     Weak Processing: 0.1ms
[114.061s][debug][gc,phases         ] GC(2599)       JVMTI weak processing: 0.0ms
[114.061s][debug][gc,phases         ] GC(2599)         Dead: 0
[114.061s][debug][gc,phases         ] GC(2599)         Total: 0
[114.061s][debug][gc,phases         ] GC(2599)       JFR weak processing: 0.0ms
[114.061s][debug][gc,phases         ] GC(2599)         Dead: 0
[114.061s][debug][gc,phases         ] GC(2599)         Total: 0
[114.061s][debug][gc,phases         ] GC(2599)       JNI weak                  Min:  0.0, Avg:  0.0, Max:  0.0, Diff:  0.0, Sum:  0.0, Workers: 5
[114.061s][debug][gc,phases         ] GC(2599)         Dead                      Min: 0, Avg:  0.0, Max: 0, Diff: 0, Sum: 0, Workers: 5
[114.061s][debug][gc,phases         ] GC(2599)         Total                     Min: 0, Avg: 20.4, Max: 62, Diff: 62, Sum: 102, Workers: 5
[114.061s][debug][gc,phases         ] GC(2599)       VM weak                   Min:  0.0, Avg:  0.0, Max:  0.0, Diff:  0.0, Sum:  0.0, Workers: 5
[114.061s][debug][gc,phases         ] GC(2599)         Dead                      Min: 0, Avg:  0.0, Max: 0, Diff: 0, Sum: 0, Workers: 5
[114.061s][debug][gc,phases         ] GC(2599)         Total                     Min: 0, Avg: 42.4, Max: 64, Diff: 64, Sum: 212, Workers: 5
[114.061s][debug][gc,phases         ] GC(2599)       StringTable weak          Min:  0.0, Avg:  0.0, Max:  0.0, Diff:  0.0, Sum:  0.1, Workers: 5
[114.061s][debug][gc,phases         ] GC(2599)         Dead                      Min: 0, Avg:  0.0, Max: 0, Diff: 0, Sum: 0, Workers: 5
[114.061s][debug][gc,phases         ] GC(2599)         Total                     Min: 0, Avg: 684.6, Max: 896, Diff: 896, Sum: 3423, Workers: 5
[114.061s][debug][gc,phases         ] GC(2599)       ResolvedMethodTable weak  Min:  0.0, Avg:  0.0, Max:  0.0, Diff:  0.0, Sum:  0.0, Workers: 5
[114.061s][debug][gc,phases         ] GC(2599)         Dead                      Min: 0, Avg:  0.0, Max: 0, Diff: 0, Sum: 0, Workers: 5
[114.061s][debug][gc,phases         ] GC(2599)         Total                     Min: 0, Avg: 114.6, Max: 189, Diff: 189, Sum: 573, Workers: 5
[114.061s][debug][gc,phases         ] GC(2599)     Merge Per-Thread State: 0.0ms
[114.061s][debug][gc,phases         ] GC(2599)       Copied Bytes              Min: 1080, Avg: 500323.0, Max: 800640, Diff: 799560, Sum: 4002584, Workers: 8
[114.061s][debug][gc,phases         ] GC(2599)       LAB Waste                 Min: 0, Avg:  0.0, Max: 0, Diff: 0, Sum: 0, Workers: 8
[114.061s][debug][gc,phases         ] GC(2599)       LAB Undo Waste            Min: 0, Avg:  0.0, Max: 0, Diff: 0, Sum: 0, Workers: 8
[114.061s][debug][gc,phases         ] GC(2599)     Code Roots Purge: 0.0ms
[114.061s][debug][gc,phases         ] GC(2599)     Redirty Cards: 0.0ms
[114.061s][debug][gc,phases         ] GC(2599)     DerivedPointerTable Update: 0.0ms
[114.061s][debug][gc,phases         ] GC(2599)     Free Collection Set: 0.2ms
[114.061s][debug][gc,phases         ] GC(2599)     Rebuild Free List: 0.1ms
[114.061s][debug][gc,phases         ] GC(2599)     Humongous Reclaim: 0.0ms
[114.061s][debug][gc,phases         ] GC(2599)     Start New Collection Set: 0.0ms
[114.061s][debug][gc,phases         ] GC(2599)     Resize TLABs: 0.0ms
[114.061s][debug][gc,phases         ] GC(2599)     Expand Heap After Collection: 0.0ms
[114.061s][info ][gc,phases         ] GC(2599)   Other: 0.4ms
[114.061s][info ][gc,heap           ] GC(2599) Eden regions: 771->0(770)
[114.061s][info ][gc,heap           ] GC(2599) Survivor regions: 4->5(97)
[114.061s][info ][gc,heap           ] GC(2599) Old regions: 18->18
[114.061s][info ][gc,heap           ] GC(2599) Archive regions: 2->2
[114.061s][info ][gc,heap           ] GC(2599) Humongous regions: 0->0
[114.061s][info ][gc,metaspace      ] GC(2599) Metaspace: 10016K(10624K)->10016K(10624K) NonClass: 8864K(9216K)->8864K(9216K) Class: 1152K(1408K)->1152K(1408K)
[114.061s][debug][gc,heap           ] GC(2599) Heap after GC invocations=2600 (full 1): garbage-first heap   total 1324032K, used 23581K [0x0000000700000000, 0x0000000800000000)
[114.061s][debug][gc,heap           ] GC(2599)   region size 1024K, 5 young (5120K), 5 survivors (5120K)
[114.061s][debug][gc,heap           ] GC(2599)  Metaspace       used 10016K, capacity 10304K, committed 10624K, reserved 1058816K
[114.061s][debug][gc,heap           ] GC(2599)   class space    used 1152K, capacity 1266K, committed 1408K, reserved 1048576K
[114.061s][info ][gc                ] GC(2599) Pause Young (Normal) (G1 Evacuation Pause) 792M->23M(1293M) 2.374ms
[114.061s][info ][gc,cpu            ] GC(2599) User=0.00s Sys=0.00s Real=0.00s
[114.061s][info ][safepoint         ] Safepoint "G1CollectForAllocation", Time since last: 42779382 ns, Reaching safepoint: 180560 ns, At safepoint: 2591848 ns, Total: 2772408 ns
[114.111s][debug][gc,heap           ] GC(2600) Heap before GC invocations=2600 (full 1): garbage-first heap   total 1324032K, used 811037K [0x0000000700000000, 0x0000000800000000)
[114.111s][debug][gc,heap           ] GC(2600)   region size 1024K, 775 young (793600K), 5 survivors (5120K)
[114.111s][debug][gc,heap           ] GC(2600)  Metaspace       used 10016K, capacity 10304K, committed 10624K, reserved 1058816K
[114.111s][debug][gc,heap           ] GC(2600)   class space    used 1152K, capacity 1266K, committed 1408K, reserved 1048576K
[114.111s][info ][gc,start          ] GC(2600) Pause Young (Normal) (G1 Evacuation Pause)
[114.111s][info ][gc,task           ] GC(2600) Using 8 workers of 8 for evacuation
[114.111s][debug][gc,tlab           ] GC(2600) TLAB totals: thrds: 8  refills: 16 max: 3 slow allocs: 1530 max 213 waste: 21.2% gc: 931416B max: 228336B slow: 86960B max: 15096B fast: 0B max: 0B
[114.111s][debug][gc,age            ] GC(2600) Desired survivor size 50855936 bytes, new threshold 15 (max threshold 15)
[114.111s][debug][gc,alloc,region   ] GC(2600) Mutator Allocation stats, regions: 770, wasted size: 180M (23.4%)
[114.111s][debug][gc,ergo           ] GC(2600) Running G1 Merge Heap Roots using 8 workers for 775 regions
[114.111s][debug][gc,remset         ] GC(2600) Visited cards 512 Total dirty 4096 (12.50%) Total old 3215360 (0.02%)
[114.112s][debug][gc,ergo           ] GC(2600) Running G1 Clear Card Table Task using 2 workers for 2 units of work for 777 regions.
[114.112s][debug][gc,ref            ] GC(2600) Skipped phase1 of Reference Processing due to unavailable references
[114.112s][debug][gc,ref            ] GC(2600) Skipped phase2 of Reference Processing due to unavailable references
[114.112s][debug][gc,ref            ] GC(2600) Skipped phase3 of Reference Processing due to unavailable references
[114.112s][debug][gc,ref            ] GC(2600) Skipped phase4 of Reference Processing due to unavailable references
[114.112s][debug][gc,ergo           ] GC(2600) Running G1 Free Collection Set using 8 workers for collection set length 775 (1293)
[114.112s][debug][gc,ergo           ] GC(2600) Running G1 Rebuild Free List Task using 8 workers for rebuilding free list of 0 (4096) regions
[114.112s][trace][gc,age            ] GC(2600) Age table with threshold 15 (max threshold 15)
[114.112s][trace][gc,age            ] GC(2600) - age   1:    3202552 bytes,    3202552 total
[114.112s][debug][gc,plab           ] GC(2600) Young PLAB allocation: allocated: 14448B, wasted: 0B, unused: 12000B, used: 2448B, undo waste: 0B, 
[114.112s][debug][gc,plab           ] GC(2600) Young other allocation: region end waste: 737384B, regions filled: 4, direct allocated: 3200104B, failure used: 0B, failure wasted: 0B
[114.112s][debug][gc,plab           ] GC(2600) Young sizing: calculated: 0B, actual: 2064B
[114.112s][debug][gc,plab           ] GC(2600) Old PLAB allocation: allocated: 0B, wasted: 0B, unused: 0B, used: 0B, undo waste: 0B, 
[114.112s][debug][gc,plab           ] GC(2600) Old other allocation: region end waste: 0B, regions filled: 1, direct allocated: 0B, failure used: 0B, failure wasted: 0B
[114.112s][debug][gc,plab           ] GC(2600) Old sizing: calculated: 0B, actual: 2064B
[114.112s][debug][gc,ihop           ] GC(2600) Basic information (value update), threshold: 610113945B (45.00), target occupancy: 1355808768B, current occupancy: 23099200B, recent allocation size: 0B, recent allocation duration: 50.41ms, recent old gen allocation rate: 0.00B/s, recent marking phase length: 30.68ms
[114.112s][debug][gc,ihop           ] GC(2600) Adaptive IHOP information (value update), threshold: 610113945B (47.37), internal target occupancy: 1288018329B, occupancy: 23099200B, additional buffer size: 812646400B, predicted old gen allocation rate: 6.48B/s, predicted marking phase length: 61.36ms, prediction active: false
[114.112s][debug][gc,ergo,refine    ] GC(2600) Concurrent refinement times: Logged Cards Scan time goal: 20.00ms Logged Cards Scan time: 0.00ms HCC time: 0.00ms
[114.112s][debug][gc,ergo,refine    ] GC(2600) Updated Refinement Zones: green: 2048, yellow: 6144, red: 10240
[114.112s][info ][gc,phases         ] GC(2600)   Pre Evacuate Collection Set: 0.1ms
[114.112s][debug][gc,phases         ] GC(2600)     Prepare TLABs: 0.0ms
[114.112s][debug][gc,phases         ] GC(2600)     Choose Collection Set: 0.0ms
[114.112s][debug][gc,phases         ] GC(2600)     Region Register: 0.1ms
[114.112s][debug][gc,phases         ] GC(2600)     Prepare Heap Roots: 0.0ms
[114.112s][info ][gc,phases         ] GC(2600)   Merge Heap Roots: 0.2ms
[114.112s][debug][gc,phases         ] GC(2600)     Prepare Merge Heap Roots: 0.0ms
[114.112s][debug][gc,phases         ] GC(2600)     Eager Reclaim (ms):       skipped
[114.112s][debug][gc,phases         ] GC(2600)     Remembered Sets (ms):     Min:  0.0, Avg:  0.0, Max:  0.1, Diff:  0.0, Sum:  0.3, Workers: 8
[114.112s][debug][gc,phases         ] GC(2600)       Merged Sparse:            Min: 0, Avg:  0.0, Max: 0, Diff: 0, Sum: 0, Workers: 8
[114.112s][debug][gc,phases         ] GC(2600)       Merged Fine:              Min: 0, Avg:  0.0, Max: 0, Diff: 0, Sum: 0, Workers: 8
[114.112s][debug][gc,phases         ] GC(2600)       Merged Coarse:            Min: 0, Avg:  0.0, Max: 0, Diff: 0, Sum: 0, Workers: 8
[114.112s][debug][gc,phases         ] GC(2600)       Dirty Cards:              Min: 0, Avg:  0.0, Max: 0, Diff: 0, Sum: 0, Workers: 8
[114.112s][debug][gc,phases         ] GC(2600)     Hot Card Cache (ms):      Min:  0.0, Avg:  0.0, Max:  0.0, Diff:  0.0, Sum:  0.0, Workers: 8
[114.112s][debug][gc,phases         ] GC(2600)       Dirty Cards:              Min: 0, Avg:  0.0, Max: 0, Diff: 0, Sum: 0, Workers: 8
[114.112s][debug][gc,phases         ] GC(2600)       Skipped Cards:            Min: 0, Avg:  0.0, Max: 0, Diff: 0, Sum: 0, Workers: 8
[114.112s][debug][gc,phases         ] GC(2600)     Log Buffers (ms):         Min:  0.0, Avg:  0.0, Max:  0.0, Diff:  0.0, Sum:  0.0, Workers: 8
[114.112s][debug][gc,phases         ] GC(2600)       Dirty Cards:              Min: 0, Avg:  0.2, Max: 2, Diff: 2, Sum: 2, Workers: 8
[114.112s][debug][gc,phases         ] GC(2600)       Skipped Cards:            Min: 0, Avg:  0.0, Max: 0, Diff: 0, Sum: 0, Workers: 8
[114.112s][info ][gc,phases         ] GC(2600)   Evacuate Collection Set: 0.4ms
[114.112s][debug][gc,phases         ] GC(2600)     Ext Root Scanning (ms):   Min:  0.0, Avg:  0.2, Max:  0.3, Diff:  0.3, Sum:  1.4, Workers: 8
[114.112s][debug][gc,phases         ] GC(2600)     Scan Heap Roots (ms):     Min:  0.0, Avg:  0.0, Max:  0.0, Diff:  0.0, Sum:  0.0, Workers: 8
[114.112s][debug][gc,phases         ] GC(2600)       Scanned Cards:            Min: 0, Avg:  0.2, Max: 1, Diff: 1, Sum: 2, Workers: 8
[114.112s][debug][gc,phases         ] GC(2600)       Scanned Blocks:           Min: 0, Avg:  0.2, Max: 1, Diff: 1, Sum: 2, Workers: 8
[114.112s][debug][gc,phases         ] GC(2600)       Claimed Chunks:           Min: 0, Avg:  0.2, Max: 1, Diff: 1, Sum: 2, Workers: 8
[114.112s][debug][gc,phases         ] GC(2600)     Code Root Scan (ms):      Min:  0.0, Avg:  0.0, Max:  0.1, Diff:  0.1, Sum:  0.1, Workers: 8
[114.112s][debug][gc,phases         ] GC(2600)     Object Copy (ms):         Min:  0.0, Avg:  0.0, Max:  0.0, Diff:  0.0, Sum:  0.0, Workers: 8
[114.112s][debug][gc,phases         ] GC(2600)     Termination (ms):         Min:  0.0, Avg:  0.1, Max:  0.1, Diff:  0.1, Sum:  0.7, Workers: 8
[114.112s][debug][gc,phases         ] GC(2600)       Termination Attempts:     Min: 1, Avg:  1.4, Max: 3, Diff: 2, Sum: 11, Workers: 8
[114.112s][debug][gc,phases         ] GC(2600)     GC Worker Other (ms):     Min:  0.0, Avg:  0.0, Max:  0.1, Diff:  0.1, Sum:  0.4, Workers: 8
[114.112s][debug][gc,phases         ] GC(2600)     GC Worker Total (ms):     Min:  0.3, Avg:  0.3, Max:  0.4, Diff:  0.0, Sum:  2.7, Workers: 8
[114.112s][info ][gc,phases         ] GC(2600)   Post Evacuate Collection Set: 0.6ms
[114.112s][debug][gc,phases         ] GC(2600)     Code Roots Fixup: 0.0ms
[114.112s][debug][gc,phases         ] GC(2600)     Clear Card Table: 0.2ms
[114.113s][debug][gc,phases         ] GC(2600)     Reference Processing: 0.0ms
[114.113s][debug][gc,phases,ref     ] GC(2600)       Reconsider SoftReferences: 0.0ms
[114.113s][debug][gc,phases,ref     ] GC(2600)         SoftRef (ms):             skipped
[114.113s][debug][gc,phases,ref     ] GC(2600)       Notify Soft/WeakReferences: 0.0ms
[114.113s][debug][gc,phases,ref     ] GC(2600)         SoftRef (ms):             skipped
[114.113s][debug][gc,phases,ref     ] GC(2600)         WeakRef (ms):             skipped
[114.113s][debug][gc,phases,ref     ] GC(2600)         FinalRef (ms):            skipped
[114.113s][debug][gc,phases,ref     ] GC(2600)         Total (ms):               skipped
[114.113s][debug][gc,phases,ref     ] GC(2600)       Notify and keep alive finalizable: 0.0ms
[114.113s][debug][gc,phases,ref     ] GC(2600)         FinalRef (ms):            skipped
[114.113s][debug][gc,phases,ref     ] GC(2600)       Notify PhantomReferences: 0.0ms
[114.113s][debug][gc,phases,ref     ] GC(2600)         PhantomRef (ms):          skipped
[114.113s][debug][gc,phases,ref     ] GC(2600)       SoftReference:
[114.113s][debug][gc,phases,ref     ] GC(2600)         Discovered: 0
[114.113s][debug][gc,phases,ref     ] GC(2600)         Cleared: 0
[114.113s][debug][gc,phases,ref     ] GC(2600)       WeakReference:
[114.113s][debug][gc,phases,ref     ] GC(2600)         Discovered: 0
[114.113s][debug][gc,phases,ref     ] GC(2600)         Cleared: 0
[114.113s][debug][gc,phases,ref     ] GC(2600)       FinalReference:
[114.113s][debug][gc,phases,ref     ] GC(2600)         Discovered: 0
[114.113s][debug][gc,phases,ref     ] GC(2600)         Cleared: 0
[114.113s][debug][gc,phases,ref     ] GC(2600)       PhantomReference:
[114.113s][debug][gc,phases,ref     ] GC(2600)         Discovered: 0
[114.113s][debug][gc,phases,ref     ] GC(2600)         Cleared: 0
[114.113s][debug][gc,phases         ] GC(2600)     Weak Processing: 0.1ms
[114.113s][debug][gc,phases         ] GC(2600)       JVMTI weak processing: 0.0ms
[114.113s][debug][gc,phases         ] GC(2600)         Dead: 0
[114.113s][debug][gc,phases         ] GC(2600)         Total: 0
[114.113s][debug][gc,phases         ] GC(2600)       JFR weak processing: 0.0ms
[114.113s][debug][gc,phases         ] GC(2600)         Dead: 0
[114.113s][debug][gc,phases         ] GC(2600)         Total: 0
[114.113s][debug][gc,phases         ] GC(2600)       JNI weak                  Min:  0.0, Avg:  0.0, Max:  0.0, Diff:  0.0, Sum:  0.0, Workers: 5
[114.113s][debug][gc,phases         ] GC(2600)         Dead                      Min: 0, Avg:  0.0, Max: 0, Diff: 0, Sum: 0, Workers: 5
[114.113s][debug][gc,phases         ] GC(2600)         Total                     Min: 0, Avg: 20.4, Max: 102, Diff: 102, Sum: 102, Workers: 5
[114.113s][debug][gc,phases         ] GC(2600)       VM weak                   Min:  0.0, Avg:  0.0, Max:  0.0, Diff:  0.0, Sum:  0.0, Workers: 5
[114.113s][debug][gc,phases         ] GC(2600)         Dead                      Min: 0, Avg:  0.0, Max: 0, Diff: 0, Sum: 0, Workers: 5
[114.113s][debug][gc,phases         ] GC(2600)         Total                     Min: 0, Avg: 42.4, Max: 212, Diff: 212, Sum: 212, Workers: 5
[114.113s][debug][gc,phases         ] GC(2600)       StringTable weak          Min:  0.0, Avg:  0.0, Max:  0.0, Diff:  0.0, Sum:  0.0, Workers: 5
[114.113s][debug][gc,phases         ] GC(2600)         Dead                      Min: 0, Avg:  0.0, Max: 0, Diff: 0, Sum: 0, Workers: 5
[114.113s][debug][gc,phases         ] GC(2600)         Total                     Min: 0, Avg: 684.6, Max: 2496, Diff: 2496, Sum: 3423, Workers: 5
[114.113s][debug][gc,phases         ] GC(2600)       ResolvedMethodTable weak  Min:  0.0, Avg:  0.0, Max:  0.0, Diff:  0.0, Sum:  0.0, Workers: 5
[114.113s][debug][gc,phases         ] GC(2600)         Dead                      Min: 0, Avg:  0.0, Max: 0, Diff: 0, Sum: 0, Workers: 5
[114.113s][debug][gc,phases         ] GC(2600)         Total                     Min: 0, Avg: 114.6, Max: 256, Diff: 256, Sum: 573, Workers: 5
[114.113s][debug][gc,phases         ] GC(2600)     Merge Per-Thread State: 0.0ms
[114.113s][debug][gc,phases         ] GC(2600)       Copied Bytes              Min: 0, Avg: 400319.0, Max: 800176, Diff: 800176, Sum: 3202552, Workers: 8
[114.113s][debug][gc,phases         ] GC(2600)       LAB Waste                 Min: 0, Avg:  0.0, Max: 0, Diff: 0, Sum: 0, Workers: 8
[114.113s][debug][gc,phases         ] GC(2600)       LAB Undo Waste            Min: 0, Avg:  0.0, Max: 0, Diff: 0, Sum: 0, Workers: 8
[114.113s][debug][gc,phases         ] GC(2600)     Code Roots Purge: 0.0ms
[114.113s][debug][gc,phases         ] GC(2600)     Redirty Cards: 0.0ms
[114.113s][debug][gc,phases         ] GC(2600)     DerivedPointerTable Update: 0.0ms
[114.113s][debug][gc,phases         ] GC(2600)     Free Collection Set: 0.2ms
[114.113s][debug][gc,phases         ] GC(2600)     Rebuild Free List: 0.1ms
[114.113s][debug][gc,phases         ] GC(2600)     Humongous Reclaim: 0.0ms
[114.113s][debug][gc,phases         ] GC(2600)     Start New Collection Set: 0.0ms
[114.113s][debug][gc,phases         ] GC(2600)     Resize TLABs: 0.0ms
[114.113s][debug][gc,phases         ] GC(2600)     Expand Heap After Collection: 0.0ms
[114.113s][info ][gc,phases         ] GC(2600)   Other: 0.3ms
[114.113s][info ][gc,heap           ] GC(2600) Eden regions: 770->0(771)
[114.113s][info ][gc,heap           ] GC(2600) Survivor regions: 5->4(97)
[114.113s][info ][gc,heap           ] GC(2600) Old regions: 18->18
[114.113s][info ][gc,heap           ] GC(2600) Archive regions: 2->2
[114.113s][info ][gc,heap           ] GC(2600) Humongous regions: 0->0
[114.113s][info ][gc,metaspace      ] GC(2600) Metaspace: 10016K(10624K)->10016K(10624K) NonClass: 8864K(9216K)->8864K(9216K) Class: 1152K(1408K)->1152K(1408K)
[114.113s][debug][gc,heap           ] GC(2600) Heap after GC invocations=2601 (full 1): garbage-first heap   total 1324032K, used 22557K [0x0000000700000000, 0x0000000800000000)
[114.113s][debug][gc,heap           ] GC(2600)   region size 1024K, 4 young (4096K), 4 survivors (4096K)
[114.113s][debug][gc,heap           ] GC(2600)  Metaspace       used 10016K, capacity 10304K, committed 10624K, reserved 1058816K
[114.113s][debug][gc,heap           ] GC(2600)   class space    used 1152K, capacity 1266K, committed 1408K, reserved 1048576K
[114.113s][info ][gc                ] GC(2600) Pause Young (Normal) (G1 Evacuation Pause) 792M->22M(1293M) 2.251ms
[114.113s][info ][gc,cpu            ] GC(2600) User=0.01s Sys=0.00s Real=0.01s
[114.113s][info ][safepoint         ] Safepoint "G1CollectForAllocation", Time since last: 49213599 ns, Reaching safepoint: 151178 ns, At safepoint: 2526168 ns, Total: 2677346 ns
[114.154s][debug][gc,heap           ] GC(2601) Heap before GC invocations=2601 (full 1): garbage-first heap   total 1324032K, used 811037K [0x0000000700000000, 0x0000000800000000)
[114.154s][debug][gc,heap           ] GC(2601)   region size 1024K, 775 young (793600K), 4 survivors (4096K)
[114.154s][debug][gc,heap           ] GC(2601)  Metaspace       used 10016K, capacity 10304K, committed 10624K, reserved 1058816K
[114.154s][debug][gc,heap           ] GC(2601)   class space    used 1152K, capacity 1266K, committed 1408K, reserved 1048576K
[114.154s][info ][gc,start          ] GC(2601) Pause Young (Normal) (G1 Evacuation Pause)
[114.154s][info ][gc,task           ] GC(2601) Using 8 workers of 8 for evacuation
[114.154s][debug][gc,tlab           ] GC(2601) TLAB totals: thrds: 8  refills: 15 max: 3 slow allocs: 1531 max 231 waste: 27.3% gc: 1192696B max: 240976B slow: 73488B max: 15488B fast: 0B max: 0B
[114.154s][debug][gc,age            ] GC(2601) Desired survivor size 50855936 bytes, new threshold 15 (max threshold 15)
[114.154s][debug][gc,alloc,region   ] GC(2601) Mutator Allocation stats, regions: 771, wasted size: 180M (23.4%)
[114.155s][debug][gc,ergo           ] GC(2601) Running G1 Merge Heap Roots using 8 workers for 775 regions
[114.155s][debug][gc,remset         ] GC(2601) Visited cards 256 Total dirty 2048 (12.50%) Total old 3215360 (0.01%)
[114.155s][debug][gc,ergo           ] GC(2601) Running G1 Clear Card Table Task using 2 workers for 2 units of work for 776 regions.
[114.156s][debug][gc,ref            ] GC(2601) Skipped phase1 of Reference Processing due to unavailable references
[114.156s][debug][gc,ref            ] GC(2601) Skipped phase2 of Reference Processing due to unavailable references
[114.156s][debug][gc,ref            ] GC(2601) Skipped phase3 of Reference Processing due to unavailable references
[114.156s][debug][gc,ref            ] GC(2601) Skipped phase4 of Reference Processing due to unavailable references
[114.156s][debug][gc,ergo           ] GC(2601) Running G1 Free Collection Set using 8 workers for collection set length 775 (1293)
[114.156s][debug][gc,ergo           ] GC(2601) Running G1 Rebuild Free List Task using 8 workers for rebuilding free list of 0 (4096) regions
[114.156s][trace][gc,age            ] GC(2601) Age table with threshold 15 (max threshold 15)
[114.156s][trace][gc,age            ] GC(2601) - age   1:    4802608 bytes,    4802608 total
[114.156s][debug][gc,plab           ] GC(2601) Young PLAB allocation: allocated: 16512B, wasted: 0B, unused: 14064B, used: 2448B, undo waste: 0B, 
[114.156s][debug][gc,plab           ] GC(2601) Young other allocation: region end waste: 1234480B, regions filled: 6, direct allocated: 4800160B, failure used: 0B, failure wasted: 0B
[114.156s][debug][gc,plab           ] GC(2601) Young sizing: calculated: 0B, actual: 2064B
[114.156s][debug][gc,plab           ] GC(2601) Old PLAB allocation: allocated: 0B, wasted: 0B, unused: 0B, used: 0B, undo waste: 0B, 
[114.156s][debug][gc,plab           ] GC(2601) Old other allocation: region end waste: 0B, regions filled: 1, direct allocated: 0B, failure used: 0B, failure wasted: 0B
[114.156s][debug][gc,plab           ] GC(2601) Old sizing: calculated: 0B, actual: 2064B
[114.156s][debug][gc,ihop           ] GC(2601) Basic information (value update), threshold: 610113945B (45.00), target occupancy: 1355808768B, current occupancy: 25198416B, recent allocation size: 0B, recent allocation duration: 42.17ms, recent old gen allocation rate: 0.00B/s, recent marking phase length: 30.68ms
[114.156s][debug][gc,ihop           ] GC(2601) Adaptive IHOP information (value update), threshold: 610113945B (47.37), internal target occupancy: 1288018329B, occupancy: 25198416B, additional buffer size: 812646400B, predicted old gen allocation rate: 6.31B/s, predicted marking phase length: 61.36ms, prediction active: false
[114.156s][debug][gc,ergo,refine    ] GC(2601) Concurrent refinement times: Logged Cards Scan time goal: 20.00ms Logged Cards Scan time: 0.00ms HCC time: 0.00ms
[114.156s][debug][gc,ergo,refine    ] GC(2601) Updated Refinement Zones: green: 2048, yellow: 6144, red: 10240
[114.156s][info ][gc,phases         ] GC(2601)   Pre Evacuate Collection Set: 0.2ms
[114.156s][debug][gc,phases         ] GC(2601)     Prepare TLABs: 0.0ms
[114.156s][debug][gc,phases         ] GC(2601)     Choose Collection Set: 0.0ms
[114.156s][debug][gc,phases         ] GC(2601)     Region Register: 0.2ms
[114.156s][debug][gc,phases         ] GC(2601)     Prepare Heap Roots: 0.0ms
[114.156s][info ][gc,phases         ] GC(2601)   Merge Heap Roots: 0.2ms
[114.156s][debug][gc,phases         ] GC(2601)     Prepare Merge Heap Roots: 0.0ms
[114.156s][debug][gc,phases         ] GC(2601)     Eager Reclaim (ms):       skipped
[114.156s][debug][gc,phases         ] GC(2601)     Remembered Sets (ms):     Min:  0.0, Avg:  0.0, Max:  0.1, Diff:  0.0, Sum:  0.4, Workers: 8
[114.156s][debug][gc,phases         ] GC(2601)       Merged Sparse:            Min: 0, Avg:  0.0, Max: 0, Diff: 0, Sum: 0, Workers: 8
[114.156s][debug][gc,phases         ] GC(2601)       Merged Fine:              Min: 0, Avg:  0.0, Max: 0, Diff: 0, Sum: 0, Workers: 8
[114.156s][debug][gc,phases         ] GC(2601)       Merged Coarse:            Min: 0, Avg:  0.0, Max: 0, Diff: 0, Sum: 0, Workers: 8
[114.156s][debug][gc,phases         ] GC(2601)       Dirty Cards:              Min: 0, Avg:  0.0, Max: 0, Diff: 0, Sum: 0, Workers: 8
[114.156s][debug][gc,phases         ] GC(2601)     Hot Card Cache (ms):      Min:  0.0, Avg:  0.0, Max:  0.0, Diff:  0.0, Sum:  0.0, Workers: 8
[114.156s][debug][gc,phases         ] GC(2601)       Dirty Cards:              Min: 0, Avg:  0.0, Max: 0, Diff: 0, Sum: 0, Workers: 8
[114.156s][debug][gc,phases         ] GC(2601)       Skipped Cards:            Min: 0, Avg:  0.0, Max: 0, Diff: 0, Sum: 0, Workers: 8
[114.156s][debug][gc,phases         ] GC(2601)     Log Buffers (ms):         Min:  0.0, Avg:  0.0, Max:  0.0, Diff:  0.0, Sum:  0.0, Workers: 8
[114.156s][debug][gc,phases         ] GC(2601)       Dirty Cards:              Min: 0, Avg:  0.1, Max: 1, Diff: 1, Sum: 1, Workers: 8
[114.156s][debug][gc,phases         ] GC(2601)       Skipped Cards:            Min: 0, Avg:  0.0, Max: 0, Diff: 0, Sum: 0, Workers: 8
[114.156s][info ][gc,phases         ] GC(2601)   Evacuate Collection Set: 0.6ms
[114.156s][debug][gc,phases         ] GC(2601)     Ext Root Scanning (ms):   Min:  0.0, Avg:  0.3, Max:  0.5, Diff:  0.5, Sum:  2.8, Workers: 8
[114.156s][debug][gc,phases         ] GC(2601)     Scan Heap Roots (ms):     Min:  0.0, Avg:  0.0, Max:  0.0, Diff:  0.0, Sum:  0.0, Workers: 8
[114.156s][debug][gc,phases         ] GC(2601)       Scanned Cards:            Min: 0, Avg:  0.1, Max: 1, Diff: 1, Sum: 1, Workers: 8
[114.156s][debug][gc,phases         ] GC(2601)       Scanned Blocks:           Min: 0, Avg:  0.1, Max: 1, Diff: 1, Sum: 1, Workers: 8
[114.156s][debug][gc,phases         ] GC(2601)       Claimed Chunks:           Min: 0, Avg:  0.1, Max: 1, Diff: 1, Sum: 1, Workers: 8
[114.156s][debug][gc,phases         ] GC(2601)     Code Root Scan (ms):      Min:  0.0, Avg:  0.0, Max:  0.0, Diff:  0.0, Sum:  0.1, Workers: 8
[114.156s][debug][gc,phases         ] GC(2601)     Object Copy (ms):         Min:  0.0, Avg:  0.0, Max:  0.0, Diff:  0.0, Sum:  0.0, Workers: 8
[114.156s][debug][gc,phases         ] GC(2601)     Termination (ms):         Min:  0.0, Avg:  0.1, Max:  0.1, Diff:  0.1, Sum:  0.5, Workers: 8
[114.156s][debug][gc,phases         ] GC(2601)       Termination Attempts:     Min: 1, Avg:  1.0, Max: 1, Diff: 0, Sum: 8, Workers: 8
[114.156s][debug][gc,phases         ] GC(2601)     GC Worker Other (ms):     Min:  0.0, Avg:  0.0, Max:  0.1, Diff:  0.1, Sum:  0.4, Workers: 8
[114.156s][debug][gc,phases         ] GC(2601)     GC Worker Total (ms):     Min:  0.1, Avg:  0.5, Max:  0.6, Diff:  0.5, Sum:  3.8, Workers: 8
[114.156s][info ][gc,phases         ] GC(2601)   Post Evacuate Collection Set: 0.6ms
[114.156s][debug][gc,phases         ] GC(2601)     Code Roots Fixup: 0.0ms
[114.156s][debug][gc,phases         ] GC(2601)     Clear Card Table: 0.2ms
[114.156s][debug][gc,phases         ] GC(2601)     Reference Processing: 0.0ms
[114.156s][debug][gc,phases,ref     ] GC(2601)       Reconsider SoftReferences: 0.0ms
[114.156s][debug][gc,phases,ref     ] GC(2601)         SoftRef (ms):             skipped
[114.156s][debug][gc,phases,ref     ] GC(2601)       Notify Soft/WeakReferences: 0.0ms
[114.156s][debug][gc,phases,ref     ] GC(2601)         SoftRef (ms):             skipped
[114.156s][debug][gc,phases,ref     ] GC(2601)         WeakRef (ms):             skipped
[114.156s][debug][gc,phases,ref     ] GC(2601)         FinalRef (ms):            skipped
[114.156s][debug][gc,phases,ref     ] GC(2601)         Total (ms):               skipped
[114.156s][debug][gc,phases,ref     ] GC(2601)       Notify and keep alive finalizable: 0.0ms
[114.156s][debug][gc,phases,ref     ] GC(2601)         FinalRef (ms):            skipped
[114.156s][debug][gc,phases,ref     ] GC(2601)       Notify PhantomReferences: 0.0ms
[114.156s][debug][gc,phases,ref     ] GC(2601)         PhantomRef (ms):          skipped
[114.156s][debug][gc,phases,ref     ] GC(2601)       SoftReference:
[114.156s][debug][gc,phases,ref     ] GC(2601)         Discovered: 0
[114.156s][debug][gc,phases,ref     ] GC(2601)         Cleared: 0
[114.156s][debug][gc,phases,ref     ] GC(2601)       WeakReference:
[114.156s][debug][gc,phases,ref     ] GC(2601)         Discovered: 0
[114.156s][debug][gc,phases,ref     ] GC(2601)         Cleared: 0
[114.156s][debug][gc,phases,ref     ] GC(2601)       FinalReference:
[114.156s][debug][gc,phases,ref     ] GC(2601)         Discovered: 0
[114.156s][debug][gc,phases,ref     ] GC(2601)         Cleared: 0
[114.156s][debug][gc,phases,ref     ] GC(2601)       PhantomReference:
[114.156s][debug][gc,phases,ref     ] GC(2601)         Discovered: 0
[114.156s][debug][gc,phases,ref     ] GC(2601)         Cleared: 0
[114.156s][debug][gc,phases         ] GC(2601)     Weak Processing: 0.1ms
[114.157s][debug][gc,phases         ] GC(2601)       JVMTI weak processing: 0.0ms
[114.157s][debug][gc,phases         ] GC(2601)         Dead: 0
[114.157s][debug][gc,phases         ] GC(2601)         Total: 0
[114.157s][debug][gc,phases         ] GC(2601)       JFR weak processing: 0.0ms
[114.157s][debug][gc,phases         ] GC(2601)         Dead: 0
[114.157s][debug][gc,phases         ] GC(2601)         Total: 0
[114.157s][debug][gc,phases         ] GC(2601)       JNI weak                  Min:  0.0, Avg:  0.0, Max:  0.0, Diff:  0.0, Sum:  0.0, Workers: 5
[114.157s][debug][gc,phases         ] GC(2601)         Dead                      Min: 0, Avg:  0.0, Max: 0, Diff: 0, Sum: 0, Workers: 5
[114.157s][debug][gc,phases         ] GC(2601)         Total                     Min: 0, Avg: 20.4, Max: 62, Diff: 62, Sum: 102, Workers: 5
[114.157s][debug][gc,phases         ] GC(2601)       VM weak                   Min:  0.0, Avg:  0.0, Max:  0.0, Diff:  0.0, Sum:  0.0, Workers: 5
[114.157s][debug][gc,phases         ] GC(2601)         Dead                      Min: 0, Avg:  0.0, Max: 0, Diff: 0, Sum: 0, Workers: 5
[114.157s][debug][gc,phases         ] GC(2601)         Total                     Min: 0, Avg: 42.4, Max: 64, Diff: 64, Sum: 212, Workers: 5
[114.157s][debug][gc,phases         ] GC(2601)       StringTable weak          Min:  0.0, Avg:  0.0, Max:  0.0, Diff:  0.0, Sum:  0.1, Workers: 5
[114.157s][debug][gc,phases         ] GC(2601)         Dead                      Min: 0, Avg:  0.0, Max: 0, Diff: 0, Sum: 0, Workers: 5
[114.157s][debug][gc,phases         ] GC(2601)         Total                     Min: 0, Avg: 684.6, Max: 928, Diff: 928, Sum: 3423, Workers: 5
[114.157s][debug][gc,phases         ] GC(2601)       ResolvedMethodTable weak  Min:  0.0, Avg:  0.0, Max:  0.0, Diff:  0.0, Sum:  0.0, Workers: 5
[114.157s][debug][gc,phases         ] GC(2601)         Dead                      Min: 0, Avg:  0.0, Max: 0, Diff: 0, Sum: 0, Workers: 5
[114.157s][debug][gc,phases         ] GC(2601)         Total                     Min: 0, Avg: 114.6, Max: 189, Diff: 189, Sum: 573, Workers: 5
[114.157s][debug][gc,phases         ] GC(2601)     Merge Per-Thread State: 0.0ms
[114.157s][debug][gc,phases         ] GC(2601)       Copied Bytes              Min: 224, Avg: 600326.0, Max: 1200184, Diff: 1199960, Sum: 4802608, Workers: 8
[114.157s][debug][gc,phases         ] GC(2601)       LAB Waste                 Min: 0, Avg:  0.0, Max: 0, Diff: 0, Sum: 0, Workers: 8
[114.157s][debug][gc,phases         ] GC(2601)       LAB Undo Waste            Min: 0, Avg:  0.0, Max: 0, Diff: 0, Sum: 0, Workers: 8
[114.157s][debug][gc,phases         ] GC(2601)     Code Roots Purge: 0.0ms
[114.157s][debug][gc,phases         ] GC(2601)     Redirty Cards: 0.0ms
[114.157s][debug][gc,phases         ] GC(2601)     DerivedPointerTable Update: 0.0ms
[114.157s][debug][gc,phases         ] GC(2601)     Free Collection Set: 0.2ms
[114.157s][debug][gc,phases         ] GC(2601)     Rebuild Free List: 0.1ms
[114.157s][debug][gc,phases         ] GC(2601)     Humongous Reclaim: 0.0ms
[114.157s][debug][gc,phases         ] GC(2601)     Start New Collection Set: 0.0ms
[114.157s][debug][gc,phases         ] GC(2601)     Resize TLABs: 0.0ms
[114.157s][debug][gc,phases         ] GC(2601)     Expand Heap After Collection: 0.0ms
[114.157s][info ][gc,phases         ] GC(2601)   Other: 0.3ms
[114.157s][info ][gc,heap           ] GC(2601) Eden regions: 771->0(769)
[114.157s][info ][gc,heap           ] GC(2601) Survivor regions: 4->6(97)
[114.157s][info ][gc,heap           ] GC(2601) Old regions: 18->18
[114.157s][info ][gc,heap           ] GC(2601) Archive regions: 2->2
[114.157s][info ][gc,heap           ] GC(2601) Humongous regions: 0->0
[114.157s][info ][gc,metaspace      ] GC(2601) Metaspace: 10016K(10624K)->10016K(10624K) NonClass: 8864K(9216K)->8864K(9216K) Class: 1152K(1408K)->1152K(1408K)
[114.157s][debug][gc,heap           ] GC(2601) Heap after GC invocations=2602 (full 1): garbage-first heap   total 1324032K, used 24607K [0x0000000700000000, 0x0000000800000000)
[114.157s][debug][gc,heap           ] GC(2601)   region size 1024K, 6 young (6144K), 6 survivors (6144K)
[114.157s][debug][gc,heap           ] GC(2601)  Metaspace       used 10016K, capacity 10304K, committed 10624K, reserved 1058816K
[114.157s][debug][gc,heap           ] GC(2601)   class space    used 1152K, capacity 1266K, committed 1408K, reserved 1048576K
[114.157s][info ][gc                ] GC(2601) Pause Young (Normal) (G1 Evacuation Pause) 792M->24M(1293M) 2.487ms
[114.157s][info ][gc,cpu            ] GC(2601) User=0.01s Sys=0.00s Real=0.00s
[114.157s][info ][safepoint         ] Safepoint "G1CollectForAllocation", Time since last: 40915772 ns, Reaching safepoint: 163360 ns, At safepoint: 2766328 ns, Total: 2929688 ns
[114.198s][debug][gc,heap           ] GC(2602) Heap before GC invocations=2602 (full 1): garbage-first heap   total 1324032K, used 811039K [0x0000000700000000, 0x0000000800000000)
[114.198s][debug][gc,heap           ] GC(2602)   region size 1024K, 775 young (793600K), 6 survivors (6144K)
[114.198s][debug][gc,heap           ] GC(2602)  Metaspace       used 10016K, capacity 10304K, committed 10624K, reserved 1058816K
[114.198s][debug][gc,heap           ] GC(2602)   class space    used 1152K, capacity 1266K, committed 1408K, reserved 1048576K
[114.198s][info ][gc,start          ] GC(2602) Pause Young (Normal) (G1 Evacuation Pause)
[114.198s][info ][gc,task           ] GC(2602) Using 8 workers of 8 for evacuation
[114.198s][debug][gc,tlab           ] GC(2602) TLAB totals: thrds: 8  refills: 15 max: 3 slow allocs: 1532 max 216 waste: 29.8% gc: 1205752B max: 243104B slow: 59208B max: 15488B fast: 0B max: 0B
[114.198s][debug][gc,age            ] GC(2602) Desired survivor size 50855936 bytes, new threshold 15 (max threshold 15)
[114.198s][debug][gc,alloc,region   ] GC(2602) Mutator Allocation stats, regions: 769, wasted size: 179M (23.4%)
[114.198s][debug][gc,ergo           ] GC(2602) Running G1 Merge Heap Roots using 8 workers for 775 regions
[114.198s][debug][gc,remset         ] GC(2602) Visited cards 256 Total dirty 2048 (12.50%) Total old 3215360 (0.01%)
[114.199s][debug][gc,ergo           ] GC(2602) Running G1 Clear Card Table Task using 2 workers for 2 units of work for 776 regions.
[114.199s][debug][gc,ref            ] GC(2602) Skipped phase1 of Reference Processing due to unavailable references
[114.199s][debug][gc,ref            ] GC(2602) Skipped phase2 of Reference Processing due to unavailable references
[114.199s][debug][gc,ref            ] GC(2602) Skipped phase3 of Reference Processing due to unavailable references
[114.199s][debug][gc,ref            ] GC(2602) Skipped phase4 of Reference Processing due to unavailable references
[114.199s][debug][gc,ergo           ] GC(2602) Running G1 Free Collection Set using 8 workers for collection set length 775 (1293)
[114.199s][debug][gc,ergo           ] GC(2602) Running G1 Rebuild Free List Task using 8 workers for rebuilding free list of 0 (4096) regions
[114.199s][trace][gc,age            ] GC(2602) Age table with threshold 15 (max threshold 15)
[114.199s][trace][gc,age            ] GC(2602) - age   1:    4002592 bytes,    4002592 total
[114.199s][debug][gc,plab           ] GC(2602) Young PLAB allocation: allocated: 16512B, wasted: 0B, unused: 14064B, used: 2448B, undo waste: 0B, 
[114.199s][debug][gc,plab           ] GC(2602) Young other allocation: region end waste: 979728B, regions filled: 5, direct allocated: 4000144B, failure used: 0B, failure wasted: 0B
[114.199s][debug][gc,plab           ] GC(2602) Young sizing: calculated: 0B, actual: 2064B
[114.199s][debug][gc,plab           ] GC(2602) Old PLAB allocation: allocated: 0B, wasted: 0B, unused: 0B, used: 0B, undo waste: 0B, 
[114.199s][debug][gc,plab           ] GC(2602) Old other allocation: region end waste: 0B, regions filled: 1, direct allocated: 0B, failure used: 0B, failure wasted: 0B
[114.199s][debug][gc,plab           ] GC(2602) Old sizing: calculated: 0B, actual: 2064B
[114.199s][debug][gc,ihop           ] GC(2602) Basic information (value update), threshold: 610113945B (45.00), target occupancy: 1355808768B, current occupancy: 24143648B, recent allocation size: 0B, recent allocation duration: 41.73ms, recent old gen allocation rate: 0.00B/s, recent marking phase length: 30.68ms
[114.199s][debug][gc,ihop           ] GC(2602) Adaptive IHOP information (value update), threshold: 610113945B (47.37), internal target occupancy: 1288018329B, occupancy: 24143648B, additional buffer size: 812646400B, predicted old gen allocation rate: 6.15B/s, predicted marking phase length: 61.36ms, prediction active: false
[114.199s][debug][gc,ergo,refine    ] GC(2602) Concurrent refinement times: Logged Cards Scan time goal: 20.00ms Logged Cards Scan time: 0.00ms HCC time: 0.00ms
[114.199s][debug][gc,ergo,refine    ] GC(2602) Updated Refinement Zones: green: 2048, yellow: 6144, red: 10240
[114.199s][info ][gc,phases         ] GC(2602)   Pre Evacuate Collection Set: 0.1ms
[114.199s][debug][gc,phases         ] GC(2602)     Prepare TLABs: 0.0ms
[114.199s][debug][gc,phases         ] GC(2602)     Choose Collection Set: 0.0ms
[114.199s][debug][gc,phases         ] GC(2602)     Region Register: 0.1ms
[114.199s][debug][gc,phases         ] GC(2602)     Prepare Heap Roots: 0.0ms
[114.199s][info ][gc,phases         ] GC(2602)   Merge Heap Roots: 0.1ms
[114.199s][debug][gc,phases         ] GC(2602)     Prepare Merge Heap Roots: 0.0ms
[114.199s][debug][gc,phases         ] GC(2602)     Eager Reclaim (ms):       skipped
[114.199s][debug][gc,phases         ] GC(2602)     Remembered Sets (ms):     Min:  0.0, Avg:  0.0, Max:  0.0, Diff:  0.0, Sum:  0.3, Workers: 8
[114.199s][debug][gc,phases         ] GC(2602)       Merged Sparse:            Min: 0, Avg:  0.0, Max: 0, Diff: 0, Sum: 0, Workers: 8
[114.199s][debug][gc,phases         ] GC(2602)       Merged Fine:              Min: 0, Avg:  0.0, Max: 0, Diff: 0, Sum: 0, Workers: 8
[114.199s][debug][gc,phases         ] GC(2602)       Merged Coarse:            Min: 0, Avg:  0.0, Max: 0, Diff: 0, Sum: 0, Workers: 8
[114.199s][debug][gc,phases         ] GC(2602)       Dirty Cards:              Min: 0, Avg:  0.0, Max: 0, Diff: 0, Sum: 0, Workers: 8
[114.199s][debug][gc,phases         ] GC(2602)     Hot Card Cache (ms):      Min:  0.0, Avg:  0.0, Max:  0.0, Diff:  0.0, Sum:  0.0, Workers: 8
[114.199s][debug][gc,phases         ] GC(2602)       Dirty Cards:              Min: 0, Avg:  0.0, Max: 0, Diff: 0, Sum: 0, Workers: 8
[114.199s][debug][gc,phases         ] GC(2602)       Skipped Cards:            Min: 0, Avg:  0.0, Max: 0, Diff: 0, Sum: 0, Workers: 8
[114.199s][debug][gc,phases         ] GC(2602)     Log Buffers (ms):         Min:  0.0, Avg:  0.0, Max:  0.0, Diff:  0.0, Sum:  0.0, Workers: 8
[114.199s][debug][gc,phases         ] GC(2602)       Dirty Cards:              Min: 0, Avg:  0.1, Max: 1, Diff: 1, Sum: 1, Workers: 8
[114.199s][debug][gc,phases         ] GC(2602)       Skipped Cards:            Min: 0, Avg:  0.0, Max: 0, Diff: 0, Sum: 0, Workers: 8
[114.199s][info ][gc,phases         ] GC(2602)   Evacuate Collection Set: 0.5ms
[114.199s][debug][gc,phases         ] GC(2602)     Ext Root Scanning (ms):   Min:  0.2, Avg:  0.3, Max:  0.3, Diff:  0.1, Sum:  2.3, Workers: 8
[114.199s][debug][gc,phases         ] GC(2602)     Scan Heap Roots (ms):     Min:  0.0, Avg:  0.0, Max:  0.0, Diff:  0.0, Sum:  0.0, Workers: 8
[114.199s][debug][gc,phases         ] GC(2602)       Scanned Cards:            Min: 0, Avg:  0.1, Max: 1, Diff: 1, Sum: 1, Workers: 8
[114.199s][debug][gc,phases         ] GC(2602)       Scanned Blocks:           Min: 0, Avg:  0.1, Max: 1, Diff: 1, Sum: 1, Workers: 8
[114.199s][debug][gc,phases         ] GC(2602)       Claimed Chunks:           Min: 0, Avg:  0.1, Max: 1, Diff: 1, Sum: 1, Workers: 8
[114.200s][debug][gc,phases         ] GC(2602)     Code Root Scan (ms):      Min:  0.0, Avg:  0.0, Max:  0.0, Diff:  0.0, Sum:  0.1, Workers: 8
[114.200s][debug][gc,phases         ] GC(2602)     Object Copy (ms):         Min:  0.0, Avg:  0.0, Max:  0.0, Diff:  0.0, Sum:  0.0, Workers: 8
[114.200s][debug][gc,phases         ] GC(2602)     Termination (ms):         Min:  0.0, Avg:  0.1, Max:  0.1, Diff:  0.0, Sum:  0.5, Workers: 8
[114.200s][debug][gc,phases         ] GC(2602)       Termination Attempts:     Min: 1, Avg:  1.0, Max: 1, Diff: 0, Sum: 8, Workers: 8
[114.200s][debug][gc,phases         ] GC(2602)     GC Worker Other (ms):     Min:  0.0, Avg:  0.1, Max:  0.1, Diff:  0.0, Sum:  0.4, Workers: 8
[114.200s][debug][gc,phases         ] GC(2602)     GC Worker Total (ms):     Min:  0.4, Avg:  0.4, Max:  0.5, Diff:  0.1, Sum:  3.4, Workers: 8
[114.200s][info ][gc,phases         ] GC(2602)   Post Evacuate Collection Set: 0.6ms
[114.200s][debug][gc,phases         ] GC(2602)     Code Roots Fixup: 0.0ms
[114.200s][debug][gc,phases         ] GC(2602)     Clear Card Table: 0.2ms
[114.200s][debug][gc,phases         ] GC(2602)     Reference Processing: 0.0ms
[114.200s][debug][gc,phases,ref     ] GC(2602)       Reconsider SoftReferences: 0.0ms
[114.200s][debug][gc,phases,ref     ] GC(2602)         SoftRef (ms):             skipped
[114.200s][debug][gc,phases,ref     ] GC(2602)       Notify Soft/WeakReferences: 0.0ms
[114.200s][debug][gc,phases,ref     ] GC(2602)         SoftRef (ms):             skipped
[114.200s][debug][gc,phases,ref     ] GC(2602)         WeakRef (ms):             skipped
[114.200s][debug][gc,phases,ref     ] GC(2602)         FinalRef (ms):            skipped
[114.200s][debug][gc,phases,ref     ] GC(2602)         Total (ms):               skipped
[114.200s][debug][gc,phases,ref     ] GC(2602)       Notify and keep alive finalizable: 0.0ms
[114.200s][debug][gc,phases,ref     ] GC(2602)         FinalRef (ms):            skipped
[114.200s][debug][gc,phases,ref     ] GC(2602)       Notify PhantomReferences: 0.0ms
[114.200s][debug][gc,phases,ref     ] GC(2602)         PhantomRef (ms):          skipped
[114.200s][debug][gc,phases,ref     ] GC(2602)       SoftReference:
[114.200s][debug][gc,phases,ref     ] GC(2602)         Discovered: 0
[114.200s][debug][gc,phases,ref     ] GC(2602)         Cleared: 0
[114.200s][debug][gc,phases,ref     ] GC(2602)       WeakReference:
[114.200s][debug][gc,phases,ref     ] GC(2602)         Discovered: 0
[114.200s][debug][gc,phases,ref     ] GC(2602)         Cleared: 0
[114.200s][debug][gc,phases,ref     ] GC(2602)       FinalReference:
[114.200s][debug][gc,phases,ref     ] GC(2602)         Discovered: 0
[114.200s][debug][gc,phases,ref     ] GC(2602)         Cleared: 0
[114.200s][debug][gc,phases,ref     ] GC(2602)       PhantomReference:
[114.200s][debug][gc,phases,ref     ] GC(2602)         Discovered: 0
[114.200s][debug][gc,phases,ref     ] GC(2602)         Cleared: 0
[114.200s][debug][gc,phases         ] GC(2602)     Weak Processing: 0.1ms
[114.200s][debug][gc,phases         ] GC(2602)       JVMTI weak processing: 0.0ms
[114.200s][debug][gc,phases         ] GC(2602)         Dead: 0
[114.200s][debug][gc,phases         ] GC(2602)         Total: 0
[114.200s][debug][gc,phases         ] GC(2602)       JFR weak processing: 0.0ms
[114.200s][debug][gc,phases         ] GC(2602)         Dead: 0
[114.200s][debug][gc,phases         ] GC(2602)         Total: 0
[114.200s][debug][gc,phases         ] GC(2602)       JNI weak                  Min:  0.0, Avg:  0.0, Max:  0.0, Diff:  0.0, Sum:  0.0, Workers: 5
[114.200s][debug][gc,phases         ] GC(2602)         Dead                      Min: 0, Avg:  0.0, Max: 0, Diff: 0, Sum: 0, Workers: 5
[114.200s][debug][gc,phases         ] GC(2602)         Total                     Min: 0, Avg: 20.4, Max: 62, Diff: 62, Sum: 102, Workers: 5
[114.200s][debug][gc,phases         ] GC(2602)       VM weak                   Min:  0.0, Avg:  0.0, Max:  0.0, Diff:  0.0, Sum:  0.0, Workers: 5
[114.200s][debug][gc,phases         ] GC(2602)         Dead                      Min: 0, Avg:  0.0, Max: 0, Diff: 0, Sum: 0, Workers: 5
[114.200s][debug][gc,phases         ] GC(2602)         Total                     Min: 0, Avg: 42.4, Max: 128, Diff: 128, Sum: 212, Workers: 5
[114.200s][debug][gc,phases         ] GC(2602)       StringTable weak          Min:  0.0, Avg:  0.0, Max:  0.0, Diff:  0.0, Sum:  0.1, Workers: 5
[114.200s][debug][gc,phases         ] GC(2602)         Dead                      Min: 0, Avg:  0.0, Max: 0, Diff: 0, Sum: 0, Workers: 5
[114.200s][debug][gc,phases         ] GC(2602)         Total                     Min: 0, Avg: 684.6, Max: 1664, Diff: 1664, Sum: 3423, Workers: 5
[114.200s][debug][gc,phases         ] GC(2602)       ResolvedMethodTable weak  Min:  0.0, Avg:  0.0, Max:  0.0, Diff:  0.0, Sum:  0.0, Workers: 5
[114.200s][debug][gc,phases         ] GC(2602)         Dead                      Min: 0, Avg:  0.0, Max: 0, Diff: 0, Sum: 0, Workers: 5
[114.200s][debug][gc,phases         ] GC(2602)         Total                     Min: 0, Avg: 114.6, Max: 256, Diff: 256, Sum: 573, Workers: 5
[114.200s][debug][gc,phases         ] GC(2602)     Merge Per-Thread State: 0.0ms
[114.200s][debug][gc,phases         ] GC(2602)       Copied Bytes              Min: 400088, Avg: 500324.0, Max: 800096, Diff: 400008, Sum: 4002592, Workers: 8
[114.200s][debug][gc,phases         ] GC(2602)       LAB Waste                 Min: 0, Avg:  0.0, Max: 0, Diff: 0, Sum: 0, Workers: 8
[114.200s][debug][gc,phases         ] GC(2602)       LAB Undo Waste            Min: 0, Avg:  0.0, Max: 0, Diff: 0, Sum: 0, Workers: 8
[114.200s][debug][gc,phases         ] GC(2602)     Code Roots Purge: 0.0ms
[114.200s][debug][gc,phases         ] GC(2602)     Redirty Cards: 0.0ms
[114.200s][debug][gc,phases         ] GC(2602)     DerivedPointerTable Update: 0.0ms
[114.200s][debug][gc,phases         ] GC(2602)     Free Collection Set: 0.2ms
[114.200s][debug][gc,phases         ] GC(2602)     Rebuild Free List: 0.1ms
[114.200s][debug][gc,phases         ] GC(2602)     Humongous Reclaim: 0.0ms
[114.200s][debug][gc,phases         ] GC(2602)     Start New Collection Set: 0.0ms
[114.200s][debug][gc,phases         ] GC(2602)     Resize TLABs: 0.0ms
[114.200s][debug][gc,phases         ] GC(2602)     Expand Heap After Collection: 0.0ms
[114.200s][info ][gc,phases         ] GC(2602)   Other: 0.3ms
[114.200s][info ][gc,heap           ] GC(2602) Eden regions: 769->0(770)
[114.200s][info ][gc,heap           ] GC(2602) Survivor regions: 6->5(97)
[114.200s][info ][gc,heap           ] GC(2602) Old regions: 18->18
[114.200s][info ][gc,heap           ] GC(2602) Archive regions: 2->2
[114.200s][info ][gc,heap           ] GC(2602) Humongous regions: 0->0
[114.200s][info ][gc,metaspace      ] GC(2602) Metaspace: 10016K(10624K)->10016K(10624K) NonClass: 8864K(9216K)->8864K(9216K) Class: 1152K(1408K)->1152K(1408K)
[114.200s][debug][gc,heap           ] GC(2602) Heap after GC invocations=2603 (full 1): garbage-first heap   total 1324032K, used 23577K [0x0000000700000000, 0x0000000800000000)
[114.200s][debug][gc,heap           ] GC(2602)   region size 1024K, 5 young (5120K), 5 survivors (5120K)
[114.200s][debug][gc,heap           ] GC(2602)  Metaspace       used 10016K, capacity 10304K, committed 10624K, reserved 1058816K
[114.200s][debug][gc,heap           ] GC(2602)   class space    used 1152K, capacity 1266K, committed 1408K, reserved 1048576K
[114.200s][info ][gc                ] GC(2602) Pause Young (Normal) (G1 Evacuation Pause) 792M->23M(1293M) 2.310ms
[114.200s][info ][gc,cpu            ] GC(2602) User=0.01s Sys=0.00s Real=0.00s
[114.200s][info ][safepoint         ] Safepoint "G1CollectForAllocation", Time since last: 40479729 ns, Reaching safepoint: 166494 ns, At safepoint: 2474819 ns, Total: 2641313 ns
[114.240s][debug][gc,heap           ] GC(2603) Heap before GC invocations=2603 (full 1): garbage-first heap   total 1324032K, used 811033K [0x0000000700000000, 0x0000000800000000)
[114.240s][debug][gc,heap           ] GC(2603)   region size 1024K, 775 young (793600K), 5 survivors (5120K)
[114.240s][debug][gc,heap           ] GC(2603)  Metaspace       used 10016K, capacity 10304K, committed 10624K, reserved 1058816K
[114.240s][debug][gc,heap           ] GC(2603)   class space    used 1152K, capacity 1266K, committed 1408K, reserved 1048576K
[114.240s][info ][gc,start          ] GC(2603) Pause Young (Normal) (G1 Evacuation Pause)
[114.240s][info ][gc,task           ] GC(2603) Using 8 workers of 8 for evacuation
[114.240s][debug][gc,tlab           ] GC(2603) TLAB totals: thrds: 8  refills: 14 max: 3 slow allocs: 1533 max 210 waste: 27.7% gc: 1081008B max: 240976B slow: 57952B max: 15488B fast: 0B max: 0B
[114.240s][debug][gc,age            ] GC(2603) Desired survivor size 50855936 bytes, new threshold 15 (max threshold 15)
[114.240s][debug][gc,alloc,region   ] GC(2603) Mutator Allocation stats, regions: 770, wasted size: 180M (23.4%)
[114.240s][debug][gc,ergo           ] GC(2603) Running G1 Merge Heap Roots using 8 workers for 775 regions
[114.240s][debug][gc,remset         ] GC(2603) Visited cards 512 Total dirty 4096 (12.50%) Total old 3215360 (0.02%)
[114.241s][debug][gc,ergo           ] GC(2603) Running G1 Clear Card Table Task using 2 workers for 2 units of work for 777 regions.
[114.241s][debug][gc,ref            ] GC(2603) Skipped phase1 of Reference Processing due to unavailable references
[114.241s][debug][gc,ref            ] GC(2603) Skipped phase2 of Reference Processing due to unavailable references
[114.241s][debug][gc,ref            ] GC(2603) Skipped phase3 of Reference Processing due to unavailable references
[114.241s][debug][gc,ref            ] GC(2603) Skipped phase4 of Reference Processing due to unavailable references
[114.241s][debug][gc,ergo           ] GC(2603) Running G1 Free Collection Set using 8 workers for collection set length 775 (1293)
[114.241s][debug][gc,ergo           ] GC(2603) Running G1 Rebuild Free List Task using 8 workers for rebuilding free list of 0 (4096) regions
[114.241s][trace][gc,age            ] GC(2603) Age table with threshold 15 (max threshold 15)
[114.241s][trace][gc,age            ] GC(2603) - age   1:    3202568 bytes,    3202568 total
[114.241s][debug][gc,plab           ] GC(2603) Young PLAB allocation: allocated: 16512B, wasted: 0B, unused: 14064B, used: 2448B, undo waste: 0B, 
[114.241s][debug][gc,plab           ] GC(2603) Young other allocation: region end waste: 731184B, regions filled: 4, direct allocated: 3200120B, failure used: 0B, failure wasted: 0B
[114.241s][debug][gc,plab           ] GC(2603) Young sizing: calculated: 0B, actual: 2064B
[114.241s][debug][gc,plab           ] GC(2603) Old PLAB allocation: allocated: 0B, wasted: 0B, unused: 0B, used: 0B, undo waste: 0B, 
[114.241s][debug][gc,plab           ] GC(2603) Old other allocation: region end waste: 0B, regions filled: 1, direct allocated: 0B, failure used: 0B, failure wasted: 0B
[114.241s][debug][gc,plab           ] GC(2603) Old sizing: calculated: 0B, actual: 2064B
[114.241s][debug][gc,ihop           ] GC(2603) Basic information (value update), threshold: 610113945B (45.00), target occupancy: 1355808768B, current occupancy: 23095080B, recent allocation size: 0B, recent allocation duration: 40.62ms, recent old gen allocation rate: 0.00B/s, recent marking phase length: 30.68ms
[114.241s][debug][gc,ihop           ] GC(2603) Adaptive IHOP information (value update), threshold: 610113945B (47.37), internal target occupancy: 1288018329B, occupancy: 23095080B, additional buffer size: 812646400B, predicted old gen allocation rate: 6.00B/s, predicted marking phase length: 61.36ms, prediction active: false
[114.241s][debug][gc,ergo,refine    ] GC(2603) Concurrent refinement times: Logged Cards Scan time goal: 20.00ms Logged Cards Scan time: 0.00ms HCC time: 0.00ms
[114.241s][debug][gc,ergo,refine    ] GC(2603) Updated Refinement Zones: green: 2048, yellow: 6144, red: 10240
[114.241s][info ][gc,phases         ] GC(2603)   Pre Evacuate Collection Set: 0.2ms
[114.241s][debug][gc,phases         ] GC(2603)     Prepare TLABs: 0.0ms
[114.241s][debug][gc,phases         ] GC(2603)     Choose Collection Set: 0.0ms
[114.241s][debug][gc,phases         ] GC(2603)     Region Register: 0.2ms
[114.241s][debug][gc,phases         ] GC(2603)     Prepare Heap Roots: 0.0ms
[114.241s][info ][gc,phases         ] GC(2603)   Merge Heap Roots: 0.1ms
[114.241s][debug][gc,phases         ] GC(2603)     Prepare Merge Heap Roots: 0.0ms
[114.241s][debug][gc,phases         ] GC(2603)     Eager Reclaim (ms):       skipped
[114.241s][debug][gc,phases         ] GC(2603)     Remembered Sets (ms):     Min:  0.0, Avg:  0.0, Max:  0.0, Diff:  0.0, Sum:  0.2, Workers: 8
[114.241s][debug][gc,phases         ] GC(2603)       Merged Sparse:            Min: 0, Avg:  0.0, Max: 0, Diff: 0, Sum: 0, Workers: 8
[114.241s][debug][gc,phases         ] GC(2603)       Merged Fine:              Min: 0, Avg:  0.0, Max: 0, Diff: 0, Sum: 0, Workers: 8
[114.241s][debug][gc,phases         ] GC(2603)       Merged Coarse:            Min: 0, Avg:  0.0, Max: 0, Diff: 0, Sum: 0, Workers: 8
[114.241s][debug][gc,phases         ] GC(2603)       Dirty Cards:              Min: 0, Avg:  0.0, Max: 0, Diff: 0, Sum: 0, Workers: 8
[114.241s][debug][gc,phases         ] GC(2603)     Hot Card Cache (ms):      Min:  0.0, Avg:  0.0, Max:  0.0, Diff:  0.0, Sum:  0.0, Workers: 8
[114.242s][debug][gc,phases         ] GC(2603)       Dirty Cards:              Min: 0, Avg:  0.0, Max: 0, Diff: 0, Sum: 0, Workers: 8
[114.242s][debug][gc,phases         ] GC(2603)       Skipped Cards:            Min: 0, Avg:  0.0, Max: 0, Diff: 0, Sum: 0, Workers: 8
[114.242s][debug][gc,phases         ] GC(2603)     Log Buffers (ms):         Min:  0.0, Avg:  0.0, Max:  0.0, Diff:  0.0, Sum:  0.0, Workers: 8
[114.242s][debug][gc,phases         ] GC(2603)       Dirty Cards:              Min: 0, Avg:  0.2, Max: 1, Diff: 1, Sum: 2, Workers: 8
[114.242s][debug][gc,phases         ] GC(2603)       Skipped Cards:            Min: 0, Avg:  0.0, Max: 0, Diff: 0, Sum: 0, Workers: 8
[114.242s][info ][gc,phases         ] GC(2603)   Evacuate Collection Set: 0.4ms
[114.242s][debug][gc,phases         ] GC(2603)     Ext Root Scanning (ms):   Min:  0.2, Avg:  0.2, Max:  0.3, Diff:  0.2, Sum:  1.9, Workers: 8
[114.242s][debug][gc,phases         ] GC(2603)     Scan Heap Roots (ms):     Min:  0.0, Avg:  0.0, Max:  0.0, Diff:  0.0, Sum:  0.0, Workers: 8
[114.242s][debug][gc,phases         ] GC(2603)       Scanned Cards:            Min: 0, Avg:  0.2, Max: 1, Diff: 1, Sum: 2, Workers: 8
[114.242s][debug][gc,phases         ] GC(2603)       Scanned Blocks:           Min: 0, Avg:  0.2, Max: 1, Diff: 1, Sum: 2, Workers: 8
[114.242s][debug][gc,phases         ] GC(2603)       Claimed Chunks:           Min: 0, Avg:  0.2, Max: 1, Diff: 1, Sum: 2, Workers: 8
[114.242s][debug][gc,phases         ] GC(2603)     Code Root Scan (ms):      Min:  0.0, Avg:  0.0, Max:  0.0, Diff:  0.0, Sum:  0.1, Workers: 8
[114.242s][debug][gc,phases         ] GC(2603)     Object Copy (ms):         Min:  0.0, Avg:  0.0, Max:  0.0, Diff:  0.0, Sum:  0.0, Workers: 8
[114.242s][debug][gc,phases         ] GC(2603)     Termination (ms):         Min:  0.0, Avg:  0.1, Max:  0.1, Diff:  0.0, Sum:  0.6, Workers: 8
[114.242s][debug][gc,phases         ] GC(2603)       Termination Attempts:     Min: 1, Avg:  1.0, Max: 1, Diff: 0, Sum: 8, Workers: 8
[114.242s][debug][gc,phases         ] GC(2603)     GC Worker Other (ms):     Min:  0.0, Avg:  0.0, Max:  0.1, Diff:  0.1, Sum:  0.4, Workers: 8
[114.242s][debug][gc,phases         ] GC(2603)     GC Worker Total (ms):     Min:  0.3, Avg:  0.4, Max:  0.4, Diff:  0.1, Sum:  3.0, Workers: 8
[114.242s][info ][gc,phases         ] GC(2603)   Post Evacuate Collection Set: 0.6ms
[114.242s][debug][gc,phases         ] GC(2603)     Code Roots Fixup: 0.0ms
[114.242s][debug][gc,phases         ] GC(2603)     Clear Card Table: 0.2ms
[114.242s][debug][gc,phases         ] GC(2603)     Reference Processing: 0.0ms
[114.242s][debug][gc,phases,ref     ] GC(2603)       Reconsider SoftReferences: 0.0ms
[114.242s][debug][gc,phases,ref     ] GC(2603)         SoftRef (ms):             skipped
[114.242s][debug][gc,phases,ref     ] GC(2603)       Notify Soft/WeakReferences: 0.0ms
[114.242s][debug][gc,phases,ref     ] GC(2603)         SoftRef (ms):             skipped
[114.242s][debug][gc,phases,ref     ] GC(2603)         WeakRef (ms):             skipped
[114.242s][debug][gc,phases,ref     ] GC(2603)         FinalRef (ms):            skipped
[114.242s][debug][gc,phases,ref     ] GC(2603)         Total (ms):               skipped
[114.242s][debug][gc,phases,ref     ] GC(2603)       Notify and keep alive finalizable: 0.0ms
[114.242s][debug][gc,phases,ref     ] GC(2603)         FinalRef (ms):            skipped
[114.242s][debug][gc,phases,ref     ] GC(2603)       Notify PhantomReferences: 0.0ms
[114.242s][debug][gc,phases,ref     ] GC(2603)         PhantomRef (ms):          skipped
[114.242s][debug][gc,phases,ref     ] GC(2603)       SoftReference:
[114.242s][debug][gc,phases,ref     ] GC(2603)         Discovered: 0
[114.242s][debug][gc,phases,ref     ] GC(2603)         Cleared: 0
[114.242s][debug][gc,phases,ref     ] GC(2603)       WeakReference:
[114.242s][debug][gc,phases,ref     ] GC(2603)         Discovered: 0
[114.242s][debug][gc,phases,ref     ] GC(2603)         Cleared: 0
[114.242s][debug][gc,phases,ref     ] GC(2603)       FinalReference:
[114.242s][debug][gc,phases,ref     ] GC(2603)         Discovered: 0
[114.242s][debug][gc,phases,ref     ] GC(2603)         Cleared: 0
[114.242s][debug][gc,phases,ref     ] GC(2603)       PhantomReference:
[114.242s][debug][gc,phases,ref     ] GC(2603)         Discovered: 0
[114.242s][debug][gc,phases,ref     ] GC(2603)         Cleared: 0
[114.242s][debug][gc,phases         ] GC(2603)     Weak Processing: 0.1ms
[114.242s][debug][gc,phases         ] GC(2603)       JVMTI weak processing: 0.0ms
[114.242s][debug][gc,phases         ] GC(2603)         Dead: 0
[114.242s][debug][gc,phases         ] GC(2603)         Total: 0
[114.242s][debug][gc,phases         ] GC(2603)       JFR weak processing: 0.0ms
[114.242s][debug][gc,phases         ] GC(2603)         Dead: 0
[114.242s][debug][gc,phases         ] GC(2603)         Total: 0
[114.242s][debug][gc,phases         ] GC(2603)       JNI weak                  Min:  0.0, Avg:  0.0, Max:  0.0, Diff:  0.0, Sum:  0.0, Workers: 5
[114.242s][debug][gc,phases         ] GC(2603)         Dead                      Min: 0, Avg:  0.0, Max: 0, Diff: 0, Sum: 0, Workers: 5
[114.242s][debug][gc,phases         ] GC(2603)         Total                     Min: 0, Avg: 20.4, Max: 62, Diff: 62, Sum: 102, Workers: 5
[114.242s][debug][gc,phases         ] GC(2603)       VM weak                   Min:  0.0, Avg:  0.0, Max:  0.0, Diff:  0.0, Sum:  0.0, Workers: 5
[114.242s][debug][gc,phases         ] GC(2603)         Dead                      Min: 0, Avg:  0.0, Max: 0, Diff: 0, Sum: 0, Workers: 5
[114.242s][debug][gc,phases         ] GC(2603)         Total                     Min: 0, Avg: 42.4, Max: 128, Diff: 128, Sum: 212, Workers: 5
[114.242s][debug][gc,phases         ] GC(2603)       StringTable weak          Min:  0.0, Avg:  0.0, Max:  0.0, Diff:  0.0, Sum:  0.1, Workers: 5
[114.242s][debug][gc,phases         ] GC(2603)         Dead                      Min: 0, Avg:  0.0, Max: 0, Diff: 0, Sum: 0, Workers: 5
[114.242s][debug][gc,phases         ] GC(2603)         Total                     Min: 0, Avg: 684.6, Max: 1664, Diff: 1664, Sum: 3423, Workers: 5
[114.242s][debug][gc,phases         ] GC(2603)       ResolvedMethodTable weak  Min:  0.0, Avg:  0.0, Max:  0.0, Diff:  0.0, Sum:  0.0, Workers: 5
[114.242s][debug][gc,phases         ] GC(2603)         Dead                      Min: 0, Avg:  0.0, Max: 0, Diff: 0, Sum: 0, Workers: 5
[114.242s][debug][gc,phases         ] GC(2603)         Total                     Min: 0, Avg: 114.6, Max: 189, Diff: 189, Sum: 573, Workers: 5
[114.242s][debug][gc,phases         ] GC(2603)     Merge Per-Thread State: 0.0ms
[114.242s][debug][gc,phases         ] GC(2603)       Copied Bytes              Min: 1016, Avg: 400321.0, Max: 800096, Diff: 799080, Sum: 3202568, Workers: 8
[114.242s][debug][gc,phases         ] GC(2603)       LAB Waste                 Min: 0, Avg:  0.0, Max: 0, Diff: 0, Sum: 0, Workers: 8
[114.242s][debug][gc,phases         ] GC(2603)       LAB Undo Waste            Min: 0, Avg:  0.0, Max: 0, Diff: 0, Sum: 0, Workers: 8
[114.242s][debug][gc,phases         ] GC(2603)     Code Roots Purge: 0.0ms
[114.242s][debug][gc,phases         ] GC(2603)     Redirty Cards: 0.0ms
[114.242s][debug][gc,phases         ] GC(2603)     DerivedPointerTable Update: 0.0ms
[114.242s][debug][gc,phases         ] GC(2603)     Free Collection Set: 0.2ms
[114.242s][debug][gc,phases         ] GC(2603)     Rebuild Free List: 0.1ms
[114.242s][debug][gc,phases         ] GC(2603)     Humongous Reclaim: 0.0ms
[114.242s][debug][gc,phases         ] GC(2603)     Start New Collection Set: 0.0ms
[114.242s][debug][gc,phases         ] GC(2603)     Resize TLABs: 0.0ms
[114.242s][debug][gc,phases         ] GC(2603)     Expand Heap After Collection: 0.0ms
[114.242s][info ][gc,phases         ] GC(2603)   Other: 0.3ms
[114.242s][info ][gc,heap           ] GC(2603) Eden regions: 770->0(771)
[114.242s][info ][gc,heap           ] GC(2603) Survivor regions: 5->4(97)
[114.242s][info ][gc,heap           ] GC(2603) Old regions: 18->18
[114.242s][info ][gc,heap           ] GC(2603) Archive regions: 2->2
[114.242s][info ][gc,heap           ] GC(2603) Humongous regions: 0->0
[114.242s][info ][gc,metaspace      ] GC(2603) Metaspace: 10016K(10624K)->10016K(10624K) NonClass: 8864K(9216K)->8864K(9216K) Class: 1152K(1408K)->1152K(1408K)
[114.242s][debug][gc,heap           ] GC(2603) Heap after GC invocations=2604 (full 1): garbage-first heap   total 1324032K, used 22553K [0x0000000700000000, 0x0000000800000000)
[114.242s][debug][gc,heap           ] GC(2603)   region size 1024K, 4 young (4096K), 4 survivors (4096K)
[114.242s][debug][gc,heap           ] GC(2603)  Metaspace       used 10016K, capacity 10304K, committed 10624K, reserved 1058816K
[114.242s][debug][gc,heap           ] GC(2603)   class space    used 1152K, capacity 1266K, committed 1408K, reserved 1048576K
[114.242s][info ][gc                ] GC(2603) Pause Young (Normal) (G1 Evacuation Pause) 792M->22M(1293M) 2.238ms
[114.242s][info ][gc,cpu            ] GC(2603) User=0.01s Sys=0.00s Real=0.01s
[114.242s][info ][safepoint         ] Safepoint "G1CollectForAllocation", Time since last: 39512520 ns, Reaching safepoint: 129853 ns, At safepoint: 2406255 ns, Total: 2536108 ns
[114.280s][debug][gc,heap           ] GC(2604) Heap before GC invocations=2604 (full 1): garbage-first heap   total 1324032K, used 811033K [0x0000000700000000, 0x0000000800000000)
[114.280s][debug][gc,heap           ] GC(2604)   region size 1024K, 775 young (793600K), 4 survivors (4096K)
[114.280s][debug][gc,heap           ] GC(2604)  Metaspace       used 10016K, capacity 10304K, committed 10624K, reserved 1058816K
[114.280s][debug][gc,heap           ] GC(2604)   class space    used 1152K, capacity 1266K, committed 1408K, reserved 1048576K
[114.280s][info ][gc,start          ] GC(2604) Pause Young (Normal) (G1 Evacuation Pause)
[114.280s][info ][gc,task           ] GC(2604) Using 8 workers of 8 for evacuation
[114.280s][debug][gc,tlab           ] GC(2604) TLAB totals: thrds: 8  refills: 12 max: 2 slow allocs: 1534 max 211 waste: 32.9% gc: 1207680B max: 228736B slow: 55576B max: 14304B fast: 0B max: 0B
[114.280s][debug][gc,age            ] GC(2604) Desired survivor size 50855936 bytes, new threshold 15 (max threshold 15)
[114.280s][debug][gc,alloc,region   ] GC(2604) Mutator Allocation stats, regions: 771, wasted size: 180M (23.4%)
[114.281s][debug][gc,ergo           ] GC(2604) Running G1 Merge Heap Roots using 8 workers for 775 regions
[114.281s][debug][gc,remset         ] GC(2604) Visited cards 256 Total dirty 2048 (12.50%) Total old 3215360 (0.01%)
[114.281s][debug][gc,ergo           ] GC(2604) Running G1 Clear Card Table Task using 2 workers for 2 units of work for 776 regions.
[114.281s][debug][gc,ref            ] GC(2604) Skipped phase1 of Reference Processing due to unavailable references
[114.281s][debug][gc,ref            ] GC(2604) Skipped phase2 of Reference Processing due to unavailable references
[114.281s][debug][gc,ref            ] GC(2604) Skipped phase3 of Reference Processing due to unavailable references
[114.281s][debug][gc,ref            ] GC(2604) Skipped phase4 of Reference Processing due to unavailable references
[114.281s][debug][gc,ergo           ] GC(2604) Running G1 Free Collection Set using 8 workers for collection set length 775 (1293)
[114.282s][debug][gc,ergo           ] GC(2604) Running G1 Rebuild Free List Task using 8 workers for rebuilding free list of 0 (4096) regions
[114.282s][trace][gc,age            ] GC(2604) Age table with threshold 15 (max threshold 15)
[114.282s][trace][gc,age            ] GC(2604) - age   1:    3202560 bytes,    3202560 total
[114.282s][debug][gc,plab           ] GC(2604) Young PLAB allocation: allocated: 16512B, wasted: 0B, unused: 14064B, used: 2448B, undo waste: 0B, 
[114.282s][debug][gc,plab           ] GC(2604) Young other allocation: region end waste: 733248B, regions filled: 4, direct allocated: 3200112B, failure used: 0B, failure wasted: 0B
[114.282s][debug][gc,plab           ] GC(2604) Young sizing: calculated: 0B, actual: 2064B
[114.282s][debug][gc,plab           ] GC(2604) Old PLAB allocation: allocated: 0B, wasted: 0B, unused: 0B, used: 0B, undo waste: 0B, 
[114.282s][debug][gc,plab           ] GC(2604) Old other allocation: region end waste: 0B, regions filled: 1, direct allocated: 0B, failure used: 0B, failure wasted: 0B
[114.282s][debug][gc,plab           ] GC(2604) Old sizing: calculated: 0B, actual: 2064B
[114.282s][debug][gc,ihop           ] GC(2604) Basic information (value update), threshold: 610113945B (45.00), target occupancy: 1355808768B, current occupancy: 23097136B, recent allocation size: 0B, recent allocation duration: 39.03ms, recent old gen allocation rate: 0.00B/s, recent marking phase length: 30.68ms
[114.282s][debug][gc,ihop           ] GC(2604) Adaptive IHOP information (value update), threshold: 610113945B (47.37), internal target occupancy: 1288018329B, occupancy: 23097136B, additional buffer size: 812646400B, predicted old gen allocation rate: 5.85B/s, predicted marking phase length: 61.36ms, prediction active: false
[114.282s][debug][gc,ergo,refine    ] GC(2604) Concurrent refinement times: Logged Cards Scan time goal: 20.00ms Logged Cards Scan time: 0.00ms HCC time: 0.00ms
[114.282s][debug][gc,ergo,refine    ] GC(2604) Updated Refinement Zones: green: 2048, yellow: 6144, red: 10240
[114.282s][info ][gc,phases         ] GC(2604)   Pre Evacuate Collection Set: 0.1ms
[114.282s][debug][gc,phases         ] GC(2604)     Prepare TLABs: 0.0ms
[114.282s][debug][gc,phases         ] GC(2604)     Choose Collection Set: 0.0ms
[114.282s][debug][gc,phases         ] GC(2604)     Region Register: 0.1ms
[114.282s][debug][gc,phases         ] GC(2604)     Prepare Heap Roots: 0.0ms
[114.282s][info ][gc,phases         ] GC(2604)   Merge Heap Roots: 0.1ms
[114.282s][debug][gc,phases         ] GC(2604)     Prepare Merge Heap Roots: 0.0ms
[114.282s][debug][gc,phases         ] GC(2604)     Eager Reclaim (ms):       skipped
[114.282s][debug][gc,phases         ] GC(2604)     Remembered Sets (ms):     Min:  0.0, Avg:  0.0, Max:  0.0, Diff:  0.0, Sum:  0.3, Workers: 8
[114.282s][debug][gc,phases         ] GC(2604)       Merged Sparse:            Min: 0, Avg:  0.0, Max: 0, Diff: 0, Sum: 0, Workers: 8
[114.282s][debug][gc,phases         ] GC(2604)       Merged Fine:              Min: 0, Avg:  0.0, Max: 0, Diff: 0, Sum: 0, Workers: 8
[114.282s][debug][gc,phases         ] GC(2604)       Merged Coarse:            Min: 0, Avg:  0.0, Max: 0, Diff: 0, Sum: 0, Workers: 8
[114.282s][debug][gc,phases         ] GC(2604)       Dirty Cards:              Min: 0, Avg:  0.0, Max: 0, Diff: 0, Sum: 0, Workers: 8
[114.282s][debug][gc,phases         ] GC(2604)     Hot Card Cache (ms):      Min:  0.0, Avg:  0.0, Max:  0.0, Diff:  0.0, Sum:  0.0, Workers: 8
[114.282s][debug][gc,phases         ] GC(2604)       Dirty Cards:              Min: 0, Avg:  0.0, Max: 0, Diff: 0, Sum: 0, Workers: 8
[114.282s][debug][gc,phases         ] GC(2604)       Skipped Cards:            Min: 0, Avg:  0.0, Max: 0, Diff: 0, Sum: 0, Workers: 8
[114.282s][debug][gc,phases         ] GC(2604)     Log Buffers (ms):         Min:  0.0, Avg:  0.0, Max:  0.0, Diff:  0.0, Sum:  0.0, Workers: 8
[114.282s][debug][gc,phases         ] GC(2604)       Dirty Cards:              Min: 0, Avg:  0.1, Max: 1, Diff: 1, Sum: 1, Workers: 8
[114.282s][debug][gc,phases         ] GC(2604)       Skipped Cards:            Min: 0, Avg:  0.0, Max: 0, Diff: 0, Sum: 0, Workers: 8
[114.282s][info ][gc,phases         ] GC(2604)   Evacuate Collection Set: 0.4ms
[114.282s][debug][gc,phases         ] GC(2604)     Ext Root Scanning (ms):   Min:  0.1, Avg:  0.2, Max:  0.3, Diff:  0.3, Sum:  1.8, Workers: 8
[114.282s][debug][gc,phases         ] GC(2604)     Scan Heap Roots (ms):     Min:  0.0, Avg:  0.0, Max:  0.0, Diff:  0.0, Sum:  0.0, Workers: 8
[114.282s][debug][gc,phases         ] GC(2604)       Scanned Cards:            Min: 0, Avg:  0.1, Max: 1, Diff: 1, Sum: 1, Workers: 8
[114.282s][debug][gc,phases         ] GC(2604)       Scanned Blocks:           Min: 0, Avg:  0.1, Max: 1, Diff: 1, Sum: 1, Workers: 8
[114.282s][debug][gc,phases         ] GC(2604)       Claimed Chunks:           Min: 0, Avg:  0.1, Max: 1, Diff: 1, Sum: 1, Workers: 8
[114.282s][debug][gc,phases         ] GC(2604)     Code Root Scan (ms):      Min:  0.0, Avg:  0.0, Max:  0.1, Diff:  0.1, Sum:  0.2, Workers: 8
[114.282s][debug][gc,phases         ] GC(2604)     Object Copy (ms):         Min:  0.0, Avg:  0.0, Max:  0.0, Diff:  0.0, Sum:  0.0, Workers: 8
[114.282s][debug][gc,phases         ] GC(2604)     Termination (ms):         Min:  0.0, Avg:  0.1, Max:  0.1, Diff:  0.1, Sum:  0.6, Workers: 8
[114.282s][debug][gc,phases         ] GC(2604)       Termination Attempts:     Min: 1, Avg:  1.2, Max: 2, Diff: 1, Sum: 10, Workers: 8
[114.282s][debug][gc,phases         ] GC(2604)     GC Worker Other (ms):     Min:  0.0, Avg:  0.0, Max:  0.1, Diff:  0.0, Sum:  0.4, Workers: 8
[114.282s][debug][gc,phases         ] GC(2604)     GC Worker Total (ms):     Min:  0.4, Avg:  0.4, Max:  0.4, Diff:  0.0, Sum:  3.0, Workers: 8
[114.282s][info ][gc,phases         ] GC(2604)   Post Evacuate Collection Set: 0.6ms
[114.282s][debug][gc,phases         ] GC(2604)     Code Roots Fixup: 0.0ms
[114.282s][debug][gc,phases         ] GC(2604)     Clear Card Table: 0.2ms
[114.282s][debug][gc,phases         ] GC(2604)     Reference Processing: 0.0ms
[114.282s][debug][gc,phases,ref     ] GC(2604)       Reconsider SoftReferences: 0.0ms
[114.282s][debug][gc,phases,ref     ] GC(2604)         SoftRef (ms):             skipped
[114.282s][debug][gc,phases,ref     ] GC(2604)       Notify Soft/WeakReferences: 0.0ms
[114.282s][debug][gc,phases,ref     ] GC(2604)         SoftRef (ms):             skipped
[114.282s][debug][gc,phases,ref     ] GC(2604)         WeakRef (ms):             skipped
[114.282s][debug][gc,phases,ref     ] GC(2604)         FinalRef (ms):            skipped
[114.282s][debug][gc,phases,ref     ] GC(2604)         Total (ms):               skipped
[114.282s][debug][gc,phases,ref     ] GC(2604)       Notify and keep alive finalizable: 0.0ms
[114.282s][debug][gc,phases,ref     ] GC(2604)         FinalRef (ms):            skipped
[114.282s][debug][gc,phases,ref     ] GC(2604)       Notify PhantomReferences: 0.0ms
[114.282s][debug][gc,phases,ref     ] GC(2604)         PhantomRef (ms):          skipped
[114.282s][debug][gc,phases,ref     ] GC(2604)       SoftReference:
[114.282s][debug][gc,phases,ref     ] GC(2604)         Discovered: 0
[114.282s][debug][gc,phases,ref     ] GC(2604)         Cleared: 0
[114.282s][debug][gc,phases,ref     ] GC(2604)       WeakReference:
[114.282s][debug][gc,phases,ref     ] GC(2604)         Discovered: 0
[114.282s][debug][gc,phases,ref     ] GC(2604)         Cleared: 0
[114.282s][debug][gc,phases,ref     ] GC(2604)       FinalReference:
[114.282s][debug][gc,phases,ref     ] GC(2604)         Discovered: 0
[114.282s][debug][gc,phases,ref     ] GC(2604)         Cleared: 0
[114.282s][debug][gc,phases,ref     ] GC(2604)       PhantomReference:
[114.282s][debug][gc,phases,ref     ] GC(2604)         Discovered: 0
[114.282s][debug][gc,phases,ref     ] GC(2604)         Cleared: 0
[114.282s][debug][gc,phases         ] GC(2604)     Weak Processing: 0.1ms
[114.282s][debug][gc,phases         ] GC(2604)       JVMTI weak processing: 0.0ms
[114.282s][debug][gc,phases         ] GC(2604)         Dead: 0
[114.282s][debug][gc,phases         ] GC(2604)         Total: 0
[114.282s][debug][gc,phases         ] GC(2604)       JFR weak processing: 0.0ms
[114.282s][debug][gc,phases         ] GC(2604)         Dead: 0
[114.282s][debug][gc,phases         ] GC(2604)         Total: 0
[114.282s][debug][gc,phases         ] GC(2604)       JNI weak                  Min:  0.0, Avg:  0.0, Max:  0.0, Diff:  0.0, Sum:  0.0, Workers: 5
[114.282s][debug][gc,phases         ] GC(2604)         Dead                      Min: 0, Avg:  0.0, Max: 0, Diff: 0, Sum: 0, Workers: 5
[114.282s][debug][gc,phases         ] GC(2604)         Total                     Min: 0, Avg: 20.4, Max: 102, Diff: 102, Sum: 102, Workers: 5
[114.282s][debug][gc,phases         ] GC(2604)       VM weak                   Min:  0.0, Avg:  0.0, Max:  0.0, Diff:  0.0, Sum:  0.0, Workers: 5
[114.282s][debug][gc,phases         ] GC(2604)         Dead                      Min: 0, Avg:  0.0, Max: 0, Diff: 0, Sum: 0, Workers: 5
[114.282s][debug][gc,phases         ] GC(2604)         Total                     Min: 0, Avg: 42.4, Max: 148, Diff: 148, Sum: 212, Workers: 5
[114.282s][debug][gc,phases         ] GC(2604)       StringTable weak          Min:  0.0, Avg:  0.0, Max:  0.0, Diff:  0.0, Sum:  0.0, Workers: 5
[114.282s][debug][gc,phases         ] GC(2604)         Dead                      Min: 0, Avg:  0.0, Max: 0, Diff: 0, Sum: 0, Workers: 5
[114.282s][debug][gc,phases         ] GC(2604)         Total                     Min: 0, Avg: 684.6, Max: 1824, Diff: 1824, Sum: 3423, Workers: 5
[114.282s][debug][gc,phases         ] GC(2604)       ResolvedMethodTable weak  Min:  0.0, Avg:  0.0, Max:  0.0, Diff:  0.0, Sum:  0.0, Workers: 5
[114.282s][debug][gc,phases         ] GC(2604)         Dead                      Min: 0, Avg:  0.0, Max: 0, Diff: 0, Sum: 0, Workers: 5
[114.282s][debug][gc,phases         ] GC(2604)         Total                     Min: 0, Avg: 114.6, Max: 256, Diff: 256, Sum: 573, Workers: 5
[114.282s][debug][gc,phases         ] GC(2604)     Merge Per-Thread State: 0.0ms
[114.282s][debug][gc,phases         ] GC(2604)       Copied Bytes              Min: 232, Avg: 400320.0, Max: 800544, Diff: 800312, Sum: 3202560, Workers: 8
[114.282s][debug][gc,phases         ] GC(2604)       LAB Waste                 Min: 0, Avg:  0.0, Max: 0, Diff: 0, Sum: 0, Workers: 8
[114.282s][debug][gc,phases         ] GC(2604)       LAB Undo Waste            Min: 0, Avg:  0.0, Max: 0, Diff: 0, Sum: 0, Workers: 8
[114.282s][debug][gc,phases         ] GC(2604)     Code Roots Purge: 0.0ms
[114.282s][debug][gc,phases         ] GC(2604)     Redirty Cards: 0.0ms
[114.282s][debug][gc,phases         ] GC(2604)     DerivedPointerTable Update: 0.0ms
[114.282s][debug][gc,phases         ] GC(2604)     Free Collection Set: 0.2ms
[114.282s][debug][gc,phases         ] GC(2604)     Rebuild Free List: 0.1ms
[114.282s][debug][gc,phases         ] GC(2604)     Humongous Reclaim: 0.0ms
[114.282s][debug][gc,phases         ] GC(2604)     Start New Collection Set: 0.0ms
[114.282s][debug][gc,phases         ] GC(2604)     Resize TLABs: 0.0ms
[114.282s][debug][gc,phases         ] GC(2604)     Expand Heap After Collection: 0.0ms
[114.282s][info ][gc,phases         ] GC(2604)   Other: 0.3ms
[114.282s][info ][gc,heap           ] GC(2604) Eden regions: 771->0(771)
[114.282s][info ][gc,heap           ] GC(2604) Survivor regions: 4->4(97)
[114.282s][info ][gc,heap           ] GC(2604) Old regions: 18->18
[114.282s][info ][gc,heap           ] GC(2604) Archive regions: 2->2
[114.282s][info ][gc,heap           ] GC(2604) Humongous regions: 0->0
[114.282s][info ][gc,metaspace      ] GC(2604) Metaspace: 10016K(10624K)->10016K(10624K) NonClass: 8864K(9216K)->8864K(9216K) Class: 1152K(1408K)->1152K(1408K)
[114.282s][debug][gc,heap           ] GC(2604) Heap after GC invocations=2605 (full 1): garbage-first heap   total 1324032K, used 22555K [0x0000000700000000, 0x0000000800000000)
[114.282s][debug][gc,heap           ] GC(2604)   region size 1024K, 4 young (4096K), 4 survivors (4096K)
[114.282s][debug][gc,heap           ] GC(2604)  Metaspace       used 10016K, capacity 10304K, committed 10624K, reserved 1058816K
[114.282s][debug][gc,heap           ] GC(2604)   class space    used 1152K, capacity 1266K, committed 1408K, reserved 1048576K
[114.282s][info ][gc                ] GC(2604) Pause Young (Normal) (G1 Evacuation Pause) 792M->22M(1293M) 2.076ms
[114.282s][info ][gc,cpu            ] GC(2604) User=0.01s Sys=0.00s Real=0.01s
[114.283s][info ][safepoint         ] Safepoint "G1CollectForAllocation", Time since last: 37883991 ns, Reaching safepoint: 215802 ns, At safepoint: 2247443 ns, Total: 2463245 ns
[114.321s][debug][gc,heap           ] GC(2605) Heap before GC invocations=2605 (full 1): garbage-first heap   total 1324032K, used 811035K [0x0000000700000000, 0x0000000800000000)
[114.321s][debug][gc,heap           ] GC(2605)   region size 1024K, 775 young (793600K), 4 survivors (4096K)
[114.321s][debug][gc,heap           ] GC(2605)  Metaspace       used 10016K, capacity 10304K, committed 10624K, reserved 1058816K
[114.321s][debug][gc,heap           ] GC(2605)   class space    used 1152K, capacity 1266K, committed 1408K, reserved 1048576K
[114.321s][info ][gc,start          ] GC(2605) Pause Young (Normal) (G1 Evacuation Pause)
[114.321s][info ][gc,task           ] GC(2605) Using 8 workers of 8 for evacuation
[114.321s][debug][gc,tlab           ] GC(2605) TLAB totals: thrds: 8  refills: 13 max: 3 slow allocs: 1537 max 209 waste: 32.9% gc: 1205200B max: 234256B slow: 56840B max: 15096B fast: 0B max: 0B
[114.321s][debug][gc,age            ] GC(2605) Desired survivor size 50855936 bytes, new threshold 15 (max threshold 15)
[114.321s][debug][gc,alloc,region   ] GC(2605) Mutator Allocation stats, regions: 771, wasted size: 180M (23.4%)
[114.321s][debug][gc,ergo           ] GC(2605) Running G1 Merge Heap Roots using 8 workers for 775 regions
[114.321s][debug][gc,remset         ] GC(2605) Visited cards 512 Total dirty 4096 (12.50%) Total old 3215360 (0.02%)
[114.322s][debug][gc,ergo           ] GC(2605) Running G1 Clear Card Table Task using 2 workers for 2 units of work for 777 regions.
[114.322s][debug][gc,ref            ] GC(2605) Skipped phase1 of Reference Processing due to unavailable references
[114.322s][debug][gc,ref            ] GC(2605) Skipped phase2 of Reference Processing due to unavailable references
[114.322s][debug][gc,ref            ] GC(2605) Skipped phase3 of Reference Processing due to unavailable references
[114.322s][debug][gc,ref            ] GC(2605) Skipped phase4 of Reference Processing due to unavailable references
[114.322s][debug][gc,ergo           ] GC(2605) Running G1 Free Collection Set using 8 workers for collection set length 775 (1293)
[114.322s][debug][gc,ergo           ] GC(2605) Running G1 Rebuild Free List Task using 8 workers for rebuilding free list of 0 (4096) regions
[114.322s][trace][gc,age            ] GC(2605) Age table with threshold 15 (max threshold 15)
[114.322s][trace][gc,age            ] GC(2605) - age   1:    3202560 bytes,    3202560 total
[114.322s][debug][gc,plab           ] GC(2605) Young PLAB allocation: allocated: 16512B, wasted: 0B, unused: 14064B, used: 2448B, undo waste: 0B, 
[114.322s][debug][gc,plab           ] GC(2605) Young other allocation: region end waste: 733248B, regions filled: 4, direct allocated: 3200112B, failure used: 0B, failure wasted: 0B
[114.322s][debug][gc,plab           ] GC(2605) Young sizing: calculated: 0B, actual: 2064B
[114.322s][debug][gc,plab           ] GC(2605) Old PLAB allocation: allocated: 0B, wasted: 0B, unused: 0B, used: 0B, undo waste: 0B, 
[114.322s][debug][gc,plab           ] GC(2605) Old other allocation: region end waste: 0B, regions filled: 1, direct allocated: 0B, failure used: 0B, failure wasted: 0B
[114.322s][debug][gc,plab           ] GC(2605) Old sizing: calculated: 0B, actual: 2064B
[114.322s][debug][gc,ihop           ] GC(2605) Basic information (value update), threshold: 610113945B (45.00), target occupancy: 1355808768B, current occupancy: 23097136B, recent allocation size: 0B, recent allocation duration: 39.35ms, recent old gen allocation rate: 0.00B/s, recent marking phase length: 30.68ms
[114.322s][debug][gc,ihop           ] GC(2605) Adaptive IHOP information (value update), threshold: 610113945B (47.37), internal target occupancy: 1288018329B, occupancy: 23097136B, additional buffer size: 812646400B, predicted old gen allocation rate: 5.70B/s, predicted marking phase length: 61.36ms, prediction active: false
[114.322s][debug][gc,ergo,refine    ] GC(2605) Concurrent refinement times: Logged Cards Scan time goal: 20.00ms Logged Cards Scan time: 0.00ms HCC time: 0.00ms
[114.322s][debug][gc,ergo,refine    ] GC(2605) Updated Refinement Zones: green: 2048, yellow: 6144, red: 10240
[114.322s][info ][gc,phases         ] GC(2605)   Pre Evacuate Collection Set: 0.1ms
[114.322s][debug][gc,phases         ] GC(2605)     Prepare TLABs: 0.0ms
[114.322s][debug][gc,phases         ] GC(2605)     Choose Collection Set: 0.0ms
[114.322s][debug][gc,phases         ] GC(2605)     Region Register: 0.1ms
[114.322s][debug][gc,phases         ] GC(2605)     Prepare Heap Roots: 0.0ms
[114.322s][info ][gc,phases         ] GC(2605)   Merge Heap Roots: 0.1ms
[114.323s][debug][gc,phases         ] GC(2605)     Prepare Merge Heap Roots: 0.0ms
[114.323s][debug][gc,phases         ] GC(2605)     Eager Reclaim (ms):       skipped
[114.323s][debug][gc,phases         ] GC(2605)     Remembered Sets (ms):     Min:  0.0, Avg:  0.0, Max:  0.0, Diff:  0.0, Sum:  0.2, Workers: 8
[114.323s][debug][gc,phases         ] GC(2605)       Merged Sparse:            Min: 0, Avg:  0.0, Max: 0, Diff: 0, Sum: 0, Workers: 8
[114.323s][debug][gc,phases         ] GC(2605)       Merged Fine:              Min: 0, Avg:  0.0, Max: 0, Diff: 0, Sum: 0, Workers: 8
[114.323s][debug][gc,phases         ] GC(2605)       Merged Coarse:            Min: 0, Avg:  0.0, Max: 0, Diff: 0, Sum: 0, Workers: 8
[114.323s][debug][gc,phases         ] GC(2605)       Dirty Cards:              Min: 0, Avg:  0.0, Max: 0, Diff: 0, Sum: 0, Workers: 8
[114.323s][debug][gc,phases         ] GC(2605)     Hot Card Cache (ms):      Min:  0.0, Avg:  0.0, Max:  0.0, Diff:  0.0, Sum:  0.0, Workers: 8
[114.323s][debug][gc,phases         ] GC(2605)       Dirty Cards:              Min: 0, Avg:  0.0, Max: 0, Diff: 0, Sum: 0, Workers: 8
[114.323s][debug][gc,phases         ] GC(2605)       Skipped Cards:            Min: 0, Avg:  0.0, Max: 0, Diff: 0, Sum: 0, Workers: 8
[114.323s][debug][gc,phases         ] GC(2605)     Log Buffers (ms):         Min:  0.0, Avg:  0.0, Max:  0.0, Diff:  0.0, Sum:  0.0, Workers: 8
[114.323s][debug][gc,phases         ] GC(2605)       Dirty Cards:              Min: 0, Avg:  0.2, Max: 2, Diff: 2, Sum: 2, Workers: 8
[114.323s][debug][gc,phases         ] GC(2605)       Skipped Cards:            Min: 0, Avg:  0.0, Max: 0, Diff: 0, Sum: 0, Workers: 8
[114.323s][info ][gc,phases         ] GC(2605)   Evacuate Collection Set: 0.4ms
[114.323s][debug][gc,phases         ] GC(2605)     Ext Root Scanning (ms):   Min:  0.1, Avg:  0.2, Max:  0.3, Diff:  0.2, Sum:  1.5, Workers: 8
[114.323s][debug][gc,phases         ] GC(2605)     Scan Heap Roots (ms):     Min:  0.0, Avg:  0.0, Max:  0.0, Diff:  0.0, Sum:  0.0, Workers: 8
[114.323s][debug][gc,phases         ] GC(2605)       Scanned Cards:            Min: 0, Avg:  0.2, Max: 2, Diff: 2, Sum: 2, Workers: 8
[114.323s][debug][gc,phases         ] GC(2605)       Scanned Blocks:           Min: 0, Avg:  0.2, Max: 2, Diff: 2, Sum: 2, Workers: 8
[114.323s][debug][gc,phases         ] GC(2605)       Claimed Chunks:           Min: 0, Avg:  0.2, Max: 2, Diff: 2, Sum: 2, Workers: 8
[114.323s][debug][gc,phases         ] GC(2605)     Code Root Scan (ms):      Min:  0.0, Avg:  0.0, Max:  0.0, Diff:  0.0, Sum:  0.1, Workers: 8
[114.323s][debug][gc,phases         ] GC(2605)     Object Copy (ms):         Min:  0.0, Avg:  0.0, Max:  0.0, Diff:  0.0, Sum:  0.0, Workers: 8
[114.323s][debug][gc,phases         ] GC(2605)     Termination (ms):         Min:  0.0, Avg:  0.1, Max:  0.1, Diff:  0.1, Sum:  0.5, Workers: 8
[114.323s][debug][gc,phases         ] GC(2605)       Termination Attempts:     Min: 1, Avg:  1.2, Max: 2, Diff: 1, Sum: 10, Workers: 8
[114.323s][debug][gc,phases         ] GC(2605)     GC Worker Other (ms):     Min:  0.0, Avg:  0.0, Max:  0.1, Diff:  0.1, Sum:  0.3, Workers: 8
[114.323s][debug][gc,phases         ] GC(2605)     GC Worker Total (ms):     Min:  0.3, Avg:  0.3, Max:  0.3, Diff:  0.0, Sum:  2.6, Workers: 8
[114.323s][info ][gc,phases         ] GC(2605)   Post Evacuate Collection Set: 0.5ms
[114.323s][debug][gc,phases         ] GC(2605)     Code Roots Fixup: 0.0ms
[114.323s][debug][gc,phases         ] GC(2605)     Clear Card Table: 0.2ms
[114.323s][debug][gc,phases         ] GC(2605)     Reference Processing: 0.0ms
[114.323s][debug][gc,phases,ref     ] GC(2605)       Reconsider SoftReferences: 0.0ms
[114.323s][debug][gc,phases,ref     ] GC(2605)         SoftRef (ms):             skipped
[114.323s][debug][gc,phases,ref     ] GC(2605)       Notify Soft/WeakReferences: 0.0ms
[114.323s][debug][gc,phases,ref     ] GC(2605)         SoftRef (ms):             skipped
[114.323s][debug][gc,phases,ref     ] GC(2605)         WeakRef (ms):             skipped
[114.323s][debug][gc,phases,ref     ] GC(2605)         FinalRef (ms):            skipped
[114.323s][debug][gc,phases,ref     ] GC(2605)         Total (ms):               skipped
[114.323s][debug][gc,phases,ref     ] GC(2605)       Notify and keep alive finalizable: 0.0ms
[114.323s][debug][gc,phases,ref     ] GC(2605)         FinalRef (ms):            skipped
[114.323s][debug][gc,phases,ref     ] GC(2605)       Notify PhantomReferences: 0.0ms
[114.323s][debug][gc,phases,ref     ] GC(2605)         PhantomRef (ms):          skipped
[114.323s][debug][gc,phases,ref     ] GC(2605)       SoftReference:
[114.323s][debug][gc,phases,ref     ] GC(2605)         Discovered: 0
[114.323s][debug][gc,phases,ref     ] GC(2605)         Cleared: 0
[114.323s][debug][gc,phases,ref     ] GC(2605)       WeakReference:
[114.323s][debug][gc,phases,ref     ] GC(2605)         Discovered: 0
[114.323s][debug][gc,phases,ref     ] GC(2605)         Cleared: 0
[114.323s][debug][gc,phases,ref     ] GC(2605)       FinalReference:
[114.323s][debug][gc,phases,ref     ] GC(2605)         Discovered: 0
[114.323s][debug][gc,phases,ref     ] GC(2605)         Cleared: 0
[114.323s][debug][gc,phases,ref     ] GC(2605)       PhantomReference:
[114.323s][debug][gc,phases,ref     ] GC(2605)         Discovered: 0
[114.323s][debug][gc,phases,ref     ] GC(2605)         Cleared: 0
[114.323s][debug][gc,phases         ] GC(2605)     Weak Processing: 0.1ms
[114.323s][debug][gc,phases         ] GC(2605)       JVMTI weak processing: 0.0ms
[114.323s][debug][gc,phases         ] GC(2605)         Dead: 0
[114.323s][debug][gc,phases         ] GC(2605)         Total: 0
[114.323s][debug][gc,phases         ] GC(2605)       JFR weak processing: 0.0ms
[114.323s][debug][gc,phases         ] GC(2605)         Dead: 0
[114.323s][debug][gc,phases         ] GC(2605)         Total: 0
[114.323s][debug][gc,phases         ] GC(2605)       JNI weak                  Min:  0.0, Avg:  0.0, Max:  0.0, Diff:  0.0, Sum:  0.0, Workers: 5
[114.323s][debug][gc,phases         ] GC(2605)         Dead                      Min: 0, Avg:  0.0, Max: 0, Diff: 0, Sum: 0, Workers: 5
[114.323s][debug][gc,phases         ] GC(2605)         Total                     Min: 0, Avg: 20.4, Max: 102, Diff: 102, Sum: 102, Workers: 5
[114.323s][debug][gc,phases         ] GC(2605)       VM weak                   Min:  0.0, Avg:  0.0, Max:  0.0, Diff:  0.0, Sum:  0.0, Workers: 5
[114.323s][debug][gc,phases         ] GC(2605)         Dead                      Min: 0, Avg:  0.0, Max: 0, Diff: 0, Sum: 0, Workers: 5
[114.323s][debug][gc,phases         ] GC(2605)         Total                     Min: 0, Avg: 42.4, Max: 148, Diff: 148, Sum: 212, Workers: 5
[114.323s][debug][gc,phases         ] GC(2605)       StringTable weak          Min:  0.0, Avg:  0.0, Max:  0.0, Diff:  0.0, Sum:  0.0, Workers: 5
[114.323s][debug][gc,phases         ] GC(2605)         Dead                      Min: 0, Avg:  0.0, Max: 0, Diff: 0, Sum: 0, Workers: 5
[114.323s][debug][gc,phases         ] GC(2605)         Total                     Min: 0, Avg: 684.6, Max: 1888, Diff: 1888, Sum: 3423, Workers: 5
[114.323s][debug][gc,phases         ] GC(2605)       ResolvedMethodTable weak  Min:  0.0, Avg:  0.0, Max:  0.0, Diff:  0.0, Sum:  0.0, Workers: 5
[114.323s][debug][gc,phases         ] GC(2605)         Dead                      Min: 0, Avg:  0.0, Max: 0, Diff: 0, Sum: 0, Workers: 5
[114.323s][debug][gc,phases         ] GC(2605)         Total                     Min: 0, Avg: 114.6, Max: 317, Diff: 317, Sum: 573, Workers: 5
[114.323s][debug][gc,phases         ] GC(2605)     Merge Per-Thread State: 0.0ms
[114.323s][debug][gc,phases         ] GC(2605)       Copied Bytes              Min: 536, Avg: 400320.0, Max: 800320, Diff: 799784, Sum: 3202560, Workers: 8
[114.323s][debug][gc,phases         ] GC(2605)       LAB Waste                 Min: 0, Avg:  0.0, Max: 0, Diff: 0, Sum: 0, Workers: 8
[114.323s][debug][gc,phases         ] GC(2605)       LAB Undo Waste            Min: 0, Avg:  0.0, Max: 0, Diff: 0, Sum: 0, Workers: 8
[114.323s][debug][gc,phases         ] GC(2605)     Code Roots Purge: 0.0ms
[114.323s][debug][gc,phases         ] GC(2605)     Redirty Cards: 0.0ms
[114.323s][debug][gc,phases         ] GC(2605)     DerivedPointerTable Update: 0.0ms
[114.323s][debug][gc,phases         ] GC(2605)     Free Collection Set: 0.2ms
[114.323s][debug][gc,phases         ] GC(2605)     Rebuild Free List: 0.1ms
[114.323s][debug][gc,phases         ] GC(2605)     Humongous Reclaim: 0.0ms
[114.323s][debug][gc,phases         ] GC(2605)     Start New Collection Set: 0.0ms
[114.323s][debug][gc,phases         ] GC(2605)     Resize TLABs: 0.0ms
[114.323s][debug][gc,phases         ] GC(2605)     Expand Heap After Collection: 0.0ms
[114.323s][info ][gc,phases         ] GC(2605)   Other: 0.3ms
[114.323s][info ][gc,heap           ] GC(2605) Eden regions: 771->0(771)
[114.323s][info ][gc,heap           ] GC(2605) Survivor regions: 4->4(97)
[114.323s][info ][gc,heap           ] GC(2605) Old regions: 18->18
[114.323s][info ][gc,heap           ] GC(2605) Archive regions: 2->2
[114.323s][info ][gc,heap           ] GC(2605) Humongous regions: 0->0
[114.323s][info ][gc,metaspace      ] GC(2605) Metaspace: 10016K(10624K)->10016K(10624K) NonClass: 8864K(9216K)->8864K(9216K) Class: 1152K(1408K)->1152K(1408K)
[114.323s][debug][gc,heap           ] GC(2605) Heap after GC invocations=2606 (full 1): garbage-first heap   total 1324032K, used 22555K [0x0000000700000000, 0x0000000800000000)
[114.323s][debug][gc,heap           ] GC(2605)   region size 1024K, 4 young (4096K), 4 survivors (4096K)
[114.323s][debug][gc,heap           ] GC(2605)  Metaspace       used 10016K, capacity 10304K, committed 10624K, reserved 1058816K
[114.323s][debug][gc,heap           ] GC(2605)   class space    used 1152K, capacity 1266K, committed 1408K, reserved 1048576K
[114.323s][info ][gc                ] GC(2605) Pause Young (Normal) (G1 Evacuation Pause) 792M->22M(1293M) 2.335ms
[114.323s][info ][gc,cpu            ] GC(2605) User=0.00s Sys=0.00s Real=0.01s
[114.324s][info ][safepoint         ] Safepoint "G1CollectForAllocation", Time since last: 38262067 ns, Reaching safepoint: 203595 ns, At safepoint: 2545084 ns, Total: 2748679 ns
[114.361s][debug][gc,heap           ] GC(2606) Heap before GC invocations=2606 (full 1): garbage-first heap   total 1324032K, used 811035K [0x0000000700000000, 0x0000000800000000)
[114.361s][debug][gc,heap           ] GC(2606)   region size 1024K, 775 young (793600K), 4 survivors (4096K)
[114.361s][debug][gc,heap           ] GC(2606)  Metaspace       used 10016K, capacity 10304K, committed 10624K, reserved 1058816K
[114.361s][debug][gc,heap           ] GC(2606)   class space    used 1152K, capacity 1266K, committed 1408K, reserved 1048576K
[114.361s][info ][gc,start          ] GC(2606) Pause Young (Normal) (G1 Evacuation Pause)
[114.361s][info ][gc,task           ] GC(2606) Using 8 workers of 8 for evacuation
[114.361s][debug][gc,tlab           ] GC(2606) TLAB totals: thrds: 8  refills: 11 max: 2 slow allocs: 1535 max 208 waste: 23.1% gc: 849664B max: 129744B slow: 41184B max: 14304B fast: 0B max: 0B
[114.361s][debug][gc,age            ] GC(2606) Desired survivor size 50855936 bytes, new threshold 15 (max threshold 15)
[114.361s][debug][gc,alloc,region   ] GC(2606) Mutator Allocation stats, regions: 771, wasted size: 180M (23.4%)
[114.362s][debug][gc,ergo           ] GC(2606) Running G1 Merge Heap Roots using 8 workers for 775 regions
[114.362s][debug][gc,remset         ] GC(2606) Visited cards 256 Total dirty 2048 (12.50%) Total old 3215360 (0.01%)
[114.362s][debug][gc,ergo           ] GC(2606) Running G1 Clear Card Table Task using 2 workers for 2 units of work for 776 regions.
[114.362s][debug][gc,ref            ] GC(2606) Skipped phase1 of Reference Processing due to unavailable references
[114.362s][debug][gc,ref            ] GC(2606) Skipped phase2 of Reference Processing due to unavailable references
[114.362s][debug][gc,ref            ] GC(2606) Skipped phase3 of Reference Processing due to unavailable references
[114.362s][debug][gc,ref            ] GC(2606) Skipped phase4 of Reference Processing due to unavailable references
[114.363s][debug][gc,ergo           ] GC(2606) Running G1 Free Collection Set using 8 workers for collection set length 775 (1293)
[114.363s][debug][gc,ergo           ] GC(2606) Running G1 Rebuild Free List Task using 8 workers for rebuilding free list of 0 (4096) regions
[114.363s][trace][gc,age            ] GC(2606) Age table with threshold 15 (max threshold 15)
[114.363s][trace][gc,age            ] GC(2606) - age   1:    4002584 bytes,    4002584 total
[114.363s][debug][gc,plab           ] GC(2606) Young PLAB allocation: allocated: 16512B, wasted: 0B, unused: 14064B, used: 2448B, undo waste: 0B, 
[114.363s][debug][gc,plab           ] GC(2606) Young other allocation: region end waste: 983864B, regions filled: 5, direct allocated: 4000136B, failure used: 0B, failure wasted: 0B
[114.363s][debug][gc,plab           ] GC(2606) Young sizing: calculated: 0B, actual: 2064B
[114.363s][debug][gc,plab           ] GC(2606) Old PLAB allocation: allocated: 0B, wasted: 0B, unused: 0B, used: 0B, undo waste: 0B, 
[114.363s][debug][gc,plab           ] GC(2606) Old other allocation: region end waste: 0B, regions filled: 1, direct allocated: 0B, failure used: 0B, failure wasted: 0B
[114.363s][debug][gc,plab           ] GC(2606) Old sizing: calculated: 0B, actual: 2064B
[114.363s][debug][gc,ihop           ] GC(2606) Basic information (value update), threshold: 610113945B (45.00), target occupancy: 1355808768B, current occupancy: 24147776B, recent allocation size: 0B, recent allocation duration: 39.08ms, recent old gen allocation rate: 0.00B/s, recent marking phase length: 30.68ms
[114.363s][debug][gc,ihop           ] GC(2606) Adaptive IHOP information (value update), threshold: 610113945B (47.37), internal target occupancy: 1288018329B, occupancy: 24147776B, additional buffer size: 812646400B, predicted old gen allocation rate: 5.55B/s, predicted marking phase length: 61.36ms, prediction active: false
[114.363s][debug][gc,ergo,refine    ] GC(2606) Concurrent refinement times: Logged Cards Scan time goal: 20.00ms Logged Cards Scan time: 0.00ms HCC time: 0.00ms
[114.363s][debug][gc,ergo,refine    ] GC(2606) Updated Refinement Zones: green: 2048, yellow: 6144, red: 10240
[114.363s][info ][gc,phases         ] GC(2606)   Pre Evacuate Collection Set: 0.1ms
[114.363s][debug][gc,phases         ] GC(2606)     Prepare TLABs: 0.0ms
[114.363s][debug][gc,phases         ] GC(2606)     Choose Collection Set: 0.0ms
[114.363s][debug][gc,phases         ] GC(2606)     Region Register: 0.1ms
[114.363s][debug][gc,phases         ] GC(2606)     Prepare Heap Roots: 0.0ms
[114.363s][info ][gc,phases         ] GC(2606)   Merge Heap Roots: 0.1ms
[114.363s][debug][gc,phases         ] GC(2606)     Prepare Merge Heap Roots: 0.0ms
[114.363s][debug][gc,phases         ] GC(2606)     Eager Reclaim (ms):       skipped
[114.363s][debug][gc,phases         ] GC(2606)     Remembered Sets (ms):     Min:  0.0, Avg:  0.0, Max:  0.0, Diff:  0.0, Sum:  0.2, Workers: 8
[114.363s][debug][gc,phases         ] GC(2606)       Merged Sparse:            Min: 0, Avg:  0.0, Max: 0, Diff: 0, Sum: 0, Workers: 8
[114.363s][debug][gc,phases         ] GC(2606)       Merged Fine:              Min: 0, Avg:  0.0, Max: 0, Diff: 0, Sum: 0, Workers: 8
[114.363s][debug][gc,phases         ] GC(2606)       Merged Coarse:            Min: 0, Avg:  0.0, Max: 0, Diff: 0, Sum: 0, Workers: 8
[114.363s][debug][gc,phases         ] GC(2606)       Dirty Cards:              Min: 0, Avg:  0.0, Max: 0, Diff: 0, Sum: 0, Workers: 8
[114.363s][debug][gc,phases         ] GC(2606)     Hot Card Cache (ms):      Min:  0.0, Avg:  0.0, Max:  0.0, Diff:  0.0, Sum:  0.0, Workers: 8
[114.363s][debug][gc,phases         ] GC(2606)       Dirty Cards:              Min: 0, Avg:  0.0, Max: 0, Diff: 0, Sum: 0, Workers: 8
[114.363s][debug][gc,phases         ] GC(2606)       Skipped Cards:            Min: 0, Avg:  0.0, Max: 0, Diff: 0, Sum: 0, Workers: 8
[114.363s][debug][gc,phases         ] GC(2606)     Log Buffers (ms):         Min:  0.0, Avg:  0.0, Max:  0.0, Diff:  0.0, Sum:  0.0, Workers: 8
[114.363s][debug][gc,phases         ] GC(2606)       Dirty Cards:              Min: 0, Avg:  0.1, Max: 1, Diff: 1, Sum: 1, Workers: 8
[114.363s][debug][gc,phases         ] GC(2606)       Skipped Cards:            Min: 0, Avg:  0.0, Max: 0, Diff: 0, Sum: 0, Workers: 8
[114.363s][info ][gc,phases         ] GC(2606)   Evacuate Collection Set: 0.5ms
[114.363s][debug][gc,phases         ] GC(2606)     Ext Root Scanning (ms):   Min:  0.2, Avg:  0.3, Max:  0.4, Diff:  0.2, Sum:  2.2, Workers: 8
[114.363s][debug][gc,phases         ] GC(2606)     Scan Heap Roots (ms):     Min:  0.0, Avg:  0.0, Max:  0.0, Diff:  0.0, Sum:  0.0, Workers: 8
[114.363s][debug][gc,phases         ] GC(2606)       Scanned Cards:            Min: 0, Avg:  0.1, Max: 1, Diff: 1, Sum: 1, Workers: 8
[114.363s][debug][gc,phases         ] GC(2606)       Scanned Blocks:           Min: 0, Avg:  0.1, Max: 1, Diff: 1, Sum: 1, Workers: 8
[114.363s][debug][gc,phases         ] GC(2606)       Claimed Chunks:           Min: 0, Avg:  0.1, Max: 1, Diff: 1, Sum: 1, Workers: 8
[114.363s][debug][gc,phases         ] GC(2606)     Code Root Scan (ms):      Min:  0.0, Avg:  0.0, Max:  0.0, Diff:  0.0, Sum:  0.1, Workers: 8
[114.363s][debug][gc,phases         ] GC(2606)     Object Copy (ms):         Min:  0.0, Avg:  0.0, Max:  0.0, Diff:  0.0, Sum:  0.0, Workers: 8
[114.363s][debug][gc,phases         ] GC(2606)     Termination (ms):         Min:  0.0, Avg:  0.1, Max:  0.1, Diff:  0.1, Sum:  0.6, Workers: 8
[114.363s][debug][gc,phases         ] GC(2606)       Termination Attempts:     Min: 1, Avg:  1.2, Max: 3, Diff: 2, Sum: 10, Workers: 8
[114.363s][debug][gc,phases         ] GC(2606)     GC Worker Other (ms):     Min:  0.0, Avg:  0.0, Max:  0.1, Diff:  0.1, Sum:  0.3, Workers: 8
[114.363s][debug][gc,phases         ] GC(2606)     GC Worker Total (ms):     Min:  0.4, Avg:  0.4, Max:  0.4, Diff:  0.1, Sum:  3.3, Workers: 8
[114.363s][info ][gc,phases         ] GC(2606)   Post Evacuate Collection Set: 0.5ms
[114.363s][debug][gc,phases         ] GC(2606)     Code Roots Fixup: 0.0ms
[114.363s][debug][gc,phases         ] GC(2606)     Clear Card Table: 0.2ms
[114.363s][debug][gc,phases         ] GC(2606)     Reference Processing: 0.0ms
[114.363s][debug][gc,phases,ref     ] GC(2606)       Reconsider SoftReferences: 0.0ms
[114.363s][debug][gc,phases,ref     ] GC(2606)         SoftRef (ms):             skipped
[114.363s][debug][gc,phases,ref     ] GC(2606)       Notify Soft/WeakReferences: 0.0ms
[114.363s][debug][gc,phases,ref     ] GC(2606)         SoftRef (ms):             skipped
[114.363s][debug][gc,phases,ref     ] GC(2606)         WeakRef (ms):             skipped
[114.363s][debug][gc,phases,ref     ] GC(2606)         FinalRef (ms):            skipped
[114.363s][debug][gc,phases,ref     ] GC(2606)         Total (ms):               skipped
[114.363s][debug][gc,phases,ref     ] GC(2606)       Notify and keep alive finalizable: 0.0ms
[114.363s][debug][gc,phases,ref     ] GC(2606)         FinalRef (ms):            skipped
[114.363s][debug][gc,phases,ref     ] GC(2606)       Notify PhantomReferences: 0.0ms
[114.363s][debug][gc,phases,ref     ] GC(2606)         PhantomRef (ms):          skipped
[114.363s][debug][gc,phases,ref     ] GC(2606)       SoftReference:
[114.363s][debug][gc,phases,ref     ] GC(2606)         Discovered: 0
[114.363s][debug][gc,phases,ref     ] GC(2606)         Cleared: 0
[114.363s][debug][gc,phases,ref     ] GC(2606)       WeakReference:
[114.363s][debug][gc,phases,ref     ] GC(2606)         Discovered: 0
[114.363s][debug][gc,phases,ref     ] GC(2606)         Cleared: 0
[114.363s][debug][gc,phases,ref     ] GC(2606)       FinalReference:
[114.363s][debug][gc,phases,ref     ] GC(2606)         Discovered: 0
[114.363s][debug][gc,phases,ref     ] GC(2606)         Cleared: 0
[114.363s][debug][gc,phases,ref     ] GC(2606)       PhantomReference:
[114.363s][debug][gc,phases,ref     ] GC(2606)         Discovered: 0
[114.363s][debug][gc,phases,ref     ] GC(2606)         Cleared: 0
[114.363s][debug][gc,phases         ] GC(2606)     Weak Processing: 0.0ms
[114.363s][debug][gc,phases         ] GC(2606)       JVMTI weak processing: 0.0ms
[114.363s][debug][gc,phases         ] GC(2606)         Dead: 0
[114.363s][debug][gc,phases         ] GC(2606)         Total: 0
[114.363s][debug][gc,phases         ] GC(2606)       JFR weak processing: 0.0ms
[114.363s][debug][gc,phases         ] GC(2606)         Dead: 0
[114.363s][debug][gc,phases         ] GC(2606)         Total: 0
[114.363s][debug][gc,phases         ] GC(2606)       JNI weak                  Min:  0.0, Avg:  0.0, Max:  0.0, Diff:  0.0, Sum:  0.0, Workers: 5
[114.363s][debug][gc,phases         ] GC(2606)         Dead                      Min: 0, Avg:  0.0, Max: 0, Diff: 0, Sum: 0, Workers: 5
[114.363s][debug][gc,phases         ] GC(2606)         Total                     Min: 0, Avg: 20.4, Max: 102, Diff: 102, Sum: 102, Workers: 5
[114.363s][debug][gc,phases         ] GC(2606)       VM weak                   Min:  0.0, Avg:  0.0, Max:  0.0, Diff:  0.0, Sum:  0.0, Workers: 5
[114.363s][debug][gc,phases         ] GC(2606)         Dead                      Min: 0, Avg:  0.0, Max: 0, Diff: 0, Sum: 0, Workers: 5
[114.363s][debug][gc,phases         ] GC(2606)         Total                     Min: 0, Avg: 42.4, Max: 84, Diff: 84, Sum: 212, Workers: 5
[114.363s][debug][gc,phases         ] GC(2606)       StringTable weak          Min:  0.0, Avg:  0.0, Max:  0.0, Diff:  0.0, Sum:  0.0, Workers: 5
[114.363s][debug][gc,phases         ] GC(2606)         Dead                      Min: 0, Avg:  0.0, Max: 0, Diff: 0, Sum: 0, Workers: 5
[114.363s][debug][gc,phases         ] GC(2606)         Total                     Min: 0, Avg: 684.6, Max: 1376, Diff: 1376, Sum: 3423, Workers: 5
[114.363s][debug][gc,phases         ] GC(2606)       ResolvedMethodTable weak  Min:  0.0, Avg:  0.0, Max:  0.0, Diff:  0.0, Sum:  0.0, Workers: 5
[114.363s][debug][gc,phases         ] GC(2606)         Dead                      Min: 0, Avg:  0.0, Max: 0, Diff: 0, Sum: 0, Workers: 5
[114.363s][debug][gc,phases         ] GC(2606)         Total                     Min: 0, Avg: 114.6, Max: 192, Diff: 192, Sum: 573, Workers: 5
[114.363s][debug][gc,phases         ] GC(2606)     Merge Per-Thread State: 0.0ms
[114.363s][debug][gc,phases         ] GC(2606)       Copied Bytes              Min: 888, Avg: 500323.0, Max: 800096, Diff: 799208, Sum: 4002584, Workers: 8
[114.363s][debug][gc,phases         ] GC(2606)       LAB Waste                 Min: 0, Avg:  0.0, Max: 0, Diff: 0, Sum: 0, Workers: 8
[114.363s][debug][gc,phases         ] GC(2606)       LAB Undo Waste            Min: 0, Avg:  0.0, Max: 0, Diff: 0, Sum: 0, Workers: 8
[114.363s][debug][gc,phases         ] GC(2606)     Code Roots Purge: 0.0ms
[114.363s][debug][gc,phases         ] GC(2606)     Redirty Cards: 0.0ms
[114.363s][debug][gc,phases         ] GC(2606)     DerivedPointerTable Update: 0.0ms
[114.363s][debug][gc,phases         ] GC(2606)     Free Collection Set: 0.2ms
[114.363s][debug][gc,phases         ] GC(2606)     Rebuild Free List: 0.1ms
[114.363s][debug][gc,phases         ] GC(2606)     Humongous Reclaim: 0.0ms
[114.363s][debug][gc,phases         ] GC(2606)     Start New Collection Set: 0.0ms
[114.363s][debug][gc,phases         ] GC(2606)     Resize TLABs: 0.0ms
[114.363s][debug][gc,phases         ] GC(2606)     Expand Heap After Collection: 0.0ms
[114.363s][info ][gc,phases         ] GC(2606)   Other: 0.3ms
[114.363s][info ][gc,heap           ] GC(2606) Eden regions: 771->0(770)
[114.363s][info ][gc,heap           ] GC(2606) Survivor regions: 4->5(97)
[114.363s][info ][gc,heap           ] GC(2606) Old regions: 18->18
[114.363s][info ][gc,heap           ] GC(2606) Archive regions: 2->2
[114.363s][info ][gc,heap           ] GC(2606) Humongous regions: 0->0
[114.363s][info ][gc,metaspace      ] GC(2606) Metaspace: 10016K(10624K)->10016K(10624K) NonClass: 8864K(9216K)->8864K(9216K) Class: 1152K(1408K)->1152K(1408K)
[114.363s][debug][gc,heap           ] GC(2606) Heap after GC invocations=2607 (full 1): garbage-first heap   total 1324032K, used 23581K [0x0000000700000000, 0x0000000800000000)
[114.363s][debug][gc,heap           ] GC(2606)   region size 1024K, 5 young (5120K), 5 survivors (5120K)
[114.364s][debug][gc,heap           ] GC(2606)  Metaspace       used 10016K, capacity 10304K, committed 10624K, reserved 1058816K
[114.364s][debug][gc,heap           ] GC(2606)   class space    used 1152K, capacity 1266K, committed 1408K, reserved 1048576K
[114.364s][info ][gc                ] GC(2606) Pause Young (Normal) (G1 Evacuation Pause) 792M->23M(1293M) 2.081ms
[114.364s][info ][gc,cpu            ] GC(2606) User=0.00s Sys=0.00s Real=0.01s
[114.364s][info ][safepoint         ] Safepoint "G1CollectForAllocation", Time since last: 37648567 ns, Reaching safepoint: 187516 ns, At safepoint: 2246359 ns, Total: 2433875 ns
[114.404s][debug][gc,heap           ] GC(2607) Heap before GC invocations=2607 (full 1): garbage-first heap   total 1324032K, used 811037K [0x0000000700000000, 0x0000000800000000)
[114.404s][debug][gc,heap           ] GC(2607)   region size 1024K, 775 young (793600K), 5 survivors (5120K)
[114.404s][debug][gc,heap           ] GC(2607)  Metaspace       used 10016K, capacity 10304K, committed 10624K, reserved 1058816K
[114.404s][debug][gc,heap           ] GC(2607)   class space    used 1152K, capacity 1266K, committed 1408K, reserved 1048576K
[114.404s][info ][gc,start          ] GC(2607) Pause Young (Normal) (G1 Evacuation Pause)
[114.404s][info ][gc,task           ] GC(2607) Using 8 workers of 8 for evacuation
[114.404s][debug][gc,tlab           ] GC(2607) TLAB totals: thrds: 8  refills: 14 max: 2 slow allocs: 1536 max 209 waste: 31.7% gc: 1301272B max: 243496B slow: 83312B max: 14304B fast: 0B max: 0B
[114.404s][debug][gc,age            ] GC(2607) Desired survivor size 50855936 bytes, new threshold 15 (max threshold 15)
[114.404s][debug][gc,alloc,region   ] GC(2607) Mutator Allocation stats, regions: 770, wasted size: 180M (23.4%)
[114.404s][debug][gc,ergo           ] GC(2607) Running G1 Merge Heap Roots using 8 workers for 775 regions
[114.404s][debug][gc,remset         ] GC(2607) Visited cards 256 Total dirty 2048 (12.50%) Total old 3215360 (0.01%)
[114.405s][debug][gc,ergo           ] GC(2607) Running G1 Clear Card Table Task using 2 workers for 2 units of work for 776 regions.
[114.405s][debug][gc,ref            ] GC(2607) Skipped phase1 of Reference Processing due to unavailable references
[114.405s][debug][gc,ref            ] GC(2607) Skipped phase2 of Reference Processing due to unavailable references
[114.405s][debug][gc,ref            ] GC(2607) Skipped phase3 of Reference Processing due to unavailable references
[114.405s][debug][gc,ref            ] GC(2607) Skipped phase4 of Reference Processing due to unavailable references
[114.405s][debug][gc,ergo           ] GC(2607) Running G1 Free Collection Set using 8 workers for collection set length 775 (1293)
[114.405s][debug][gc,ergo           ] GC(2607) Running G1 Rebuild Free List Task using 8 workers for rebuilding free list of 0 (4096) regions
[114.405s][trace][gc,age            ] GC(2607) Age table with threshold 15 (max threshold 15)
[114.405s][trace][gc,age            ] GC(2607) - age   1:    1602504 bytes,    1602504 total
[114.405s][debug][gc,plab           ] GC(2607) Young PLAB allocation: allocated: 14448B, wasted: 0B, unused: 12000B, used: 2448B, undo waste: 0B, 
[114.405s][debug][gc,plab           ] GC(2607) Young other allocation: region end waste: 240288B, regions filled: 2, direct allocated: 1600056B, failure used: 0B, failure wasted: 0B
[114.405s][debug][gc,plab           ] GC(2607) Young sizing: calculated: 0B, actual: 2064B
[114.405s][debug][gc,plab           ] GC(2607) Old PLAB allocation: allocated: 0B, wasted: 0B, unused: 0B, used: 0B, undo waste: 0B, 
[114.405s][debug][gc,plab           ] GC(2607) Old other allocation: region end waste: 0B, regions filled: 1, direct allocated: 0B, failure used: 0B, failure wasted: 0B
[114.405s][debug][gc,plab           ] GC(2607) Old sizing: calculated: 0B, actual: 2064B
[114.405s][debug][gc,ihop           ] GC(2607) Basic information (value update), threshold: 610113945B (45.00), target occupancy: 1355808768B, current occupancy: 21002056B, recent allocation size: 0B, recent allocation duration: 41.19ms, recent old gen allocation rate: 0.00B/s, recent marking phase length: 30.68ms
[114.405s][debug][gc,ihop           ] GC(2607) Adaptive IHOP information (value update), threshold: 610113945B (47.37), internal target occupancy: 1288018329B, occupancy: 21002056B, additional buffer size: 812646400B, predicted old gen allocation rate: 5.41B/s, predicted marking phase length: 61.36ms, prediction active: false
[114.405s][debug][gc,ergo,refine    ] GC(2607) Concurrent refinement times: Logged Cards Scan time goal: 20.00ms Logged Cards Scan time: 0.00ms HCC time: 0.00ms
[114.405s][debug][gc,ergo,refine    ] GC(2607) Updated Refinement Zones: green: 2048, yellow: 6144, red: 10240
[114.405s][info ][gc,phases         ] GC(2607)   Pre Evacuate Collection Set: 0.1ms
[114.405s][debug][gc,phases         ] GC(2607)     Prepare TLABs: 0.0ms
[114.405s][debug][gc,phases         ] GC(2607)     Choose Collection Set: 0.0ms
[114.405s][debug][gc,phases         ] GC(2607)     Region Register: 0.1ms
[114.405s][debug][gc,phases         ] GC(2607)     Prepare Heap Roots: 0.0ms
[114.405s][info ][gc,phases         ] GC(2607)   Merge Heap Roots: 0.1ms
[114.405s][debug][gc,phases         ] GC(2607)     Prepare Merge Heap Roots: 0.0ms
[114.405s][debug][gc,phases         ] GC(2607)     Eager Reclaim (ms):       skipped
[114.405s][debug][gc,phases         ] GC(2607)     Remembered Sets (ms):     Min:  0.0, Avg:  0.0, Max:  0.0, Diff:  0.0, Sum:  0.2, Workers: 8
[114.405s][debug][gc,phases         ] GC(2607)       Merged Sparse:            Min: 0, Avg:  0.0, Max: 0, Diff: 0, Sum: 0, Workers: 8
[114.405s][debug][gc,phases         ] GC(2607)       Merged Fine:              Min: 0, Avg:  0.0, Max: 0, Diff: 0, Sum: 0, Workers: 8
[114.405s][debug][gc,phases         ] GC(2607)       Merged Coarse:            Min: 0, Avg:  0.0, Max: 0, Diff: 0, Sum: 0, Workers: 8
[114.405s][debug][gc,phases         ] GC(2607)       Dirty Cards:              Min: 0, Avg:  0.0, Max: 0, Diff: 0, Sum: 0, Workers: 8
[114.406s][debug][gc,phases         ] GC(2607)     Hot Card Cache (ms):      Min:  0.0, Avg:  0.0, Max:  0.0, Diff:  0.0, Sum:  0.0, Workers: 8
[114.406s][debug][gc,phases         ] GC(2607)       Dirty Cards:              Min: 0, Avg:  0.0, Max: 0, Diff: 0, Sum: 0, Workers: 8
[114.406s][debug][gc,phases         ] GC(2607)       Skipped Cards:            Min: 0, Avg:  0.0, Max: 0, Diff: 0, Sum: 0, Workers: 8
[114.406s][debug][gc,phases         ] GC(2607)     Log Buffers (ms):         Min:  0.0, Avg:  0.0, Max:  0.0, Diff:  0.0, Sum:  0.0, Workers: 8
[114.406s][debug][gc,phases         ] GC(2607)       Dirty Cards:              Min: 0, Avg:  0.1, Max: 1, Diff: 1, Sum: 1, Workers: 8
[114.406s][debug][gc,phases         ] GC(2607)       Skipped Cards:            Min: 0, Avg:  0.0, Max: 0, Diff: 0, Sum: 0, Workers: 8
[114.406s][info ][gc,phases         ] GC(2607)   Evacuate Collection Set: 0.3ms
[114.406s][debug][gc,phases         ] GC(2607)     Ext Root Scanning (ms):   Min:  0.0, Avg:  0.1, Max:  0.2, Diff:  0.2, Sum:  0.6, Workers: 8
[114.406s][debug][gc,phases         ] GC(2607)     Scan Heap Roots (ms):     Min:  0.0, Avg:  0.0, Max:  0.0, Diff:  0.0, Sum:  0.0, Workers: 8
[114.406s][debug][gc,phases         ] GC(2607)       Scanned Cards:            Min: 0, Avg:  0.1, Max: 1, Diff: 1, Sum: 1, Workers: 8
[114.406s][debug][gc,phases         ] GC(2607)       Scanned Blocks:           Min: 0, Avg:  0.1, Max: 1, Diff: 1, Sum: 1, Workers: 8
[114.406s][debug][gc,phases         ] GC(2607)       Claimed Chunks:           Min: 0, Avg:  0.1, Max: 1, Diff: 1, Sum: 1, Workers: 8
[114.406s][debug][gc,phases         ] GC(2607)     Code Root Scan (ms):      Min:  0.0, Avg:  0.0, Max:  0.0, Diff:  0.0, Sum:  0.1, Workers: 8
[114.406s][debug][gc,phases         ] GC(2607)     Object Copy (ms):         Min:  0.0, Avg:  0.0, Max:  0.0, Diff:  0.0, Sum:  0.0, Workers: 8
[114.406s][debug][gc,phases         ] GC(2607)     Termination (ms):         Min:  0.0, Avg:  0.1, Max:  0.1, Diff:  0.1, Sum:  0.5, Workers: 8
[114.406s][debug][gc,phases         ] GC(2607)       Termination Attempts:     Min: 1, Avg:  1.1, Max: 2, Diff: 1, Sum: 9, Workers: 8
[114.406s][debug][gc,phases         ] GC(2607)     GC Worker Other (ms):     Min:  0.0, Avg:  0.1, Max:  0.1, Diff:  0.1, Sum:  0.4, Workers: 8
[114.406s][debug][gc,phases         ] GC(2607)     GC Worker Total (ms):     Min:  0.2, Avg:  0.2, Max:  0.3, Diff:  0.1, Sum:  1.7, Workers: 8
[114.406s][info ][gc,phases         ] GC(2607)   Post Evacuate Collection Set: 0.6ms
[114.406s][debug][gc,phases         ] GC(2607)     Code Roots Fixup: 0.0ms
[114.406s][debug][gc,phases         ] GC(2607)     Clear Card Table: 0.2ms
[114.406s][debug][gc,phases         ] GC(2607)     Reference Processing: 0.1ms
[114.406s][debug][gc,phases,ref     ] GC(2607)       Reconsider SoftReferences: 0.0ms
[114.406s][debug][gc,phases,ref     ] GC(2607)         SoftRef (ms):             skipped
[114.406s][debug][gc,phases,ref     ] GC(2607)       Notify Soft/WeakReferences: 0.0ms
[114.406s][debug][gc,phases,ref     ] GC(2607)         SoftRef (ms):             skipped
[114.406s][debug][gc,phases,ref     ] GC(2607)         WeakRef (ms):             skipped
[114.406s][debug][gc,phases,ref     ] GC(2607)         FinalRef (ms):            skipped
[114.406s][debug][gc,phases,ref     ] GC(2607)         Total (ms):               skipped
[114.406s][debug][gc,phases,ref     ] GC(2607)       Notify and keep alive finalizable: 0.0ms
[114.406s][debug][gc,phases,ref     ] GC(2607)         FinalRef (ms):            skipped
[114.406s][debug][gc,phases,ref     ] GC(2607)       Notify PhantomReferences: 0.0ms
[114.406s][debug][gc,phases,ref     ] GC(2607)         PhantomRef (ms):          skipped
[114.406s][debug][gc,phases,ref     ] GC(2607)       SoftReference:
[114.406s][debug][gc,phases,ref     ] GC(2607)         Discovered: 0
[114.406s][debug][gc,phases,ref     ] GC(2607)         Cleared: 0
[114.406s][debug][gc,phases,ref     ] GC(2607)       WeakReference:
[114.406s][debug][gc,phases,ref     ] GC(2607)         Discovered: 0
[114.406s][debug][gc,phases,ref     ] GC(2607)         Cleared: 0
[114.406s][debug][gc,phases,ref     ] GC(2607)       FinalReference:
[114.406s][debug][gc,phases,ref     ] GC(2607)         Discovered: 0
[114.406s][debug][gc,phases,ref     ] GC(2607)         Cleared: 0
[114.406s][debug][gc,phases,ref     ] GC(2607)       PhantomReference:
[114.406s][debug][gc,phases,ref     ] GC(2607)         Discovered: 0
[114.406s][debug][gc,phases,ref     ] GC(2607)         Cleared: 0
[114.406s][debug][gc,phases         ] GC(2607)     Weak Processing: 0.0ms
[114.406s][debug][gc,phases         ] GC(2607)       JVMTI weak processing: 0.0ms
[114.406s][debug][gc,phases         ] GC(2607)         Dead: 0
[114.406s][debug][gc,phases         ] GC(2607)         Total: 0
[114.406s][debug][gc,phases         ] GC(2607)       JFR weak processing: 0.0ms
[114.406s][debug][gc,phases         ] GC(2607)         Dead: 0
[114.406s][debug][gc,phases         ] GC(2607)         Total: 0
[114.406s][debug][gc,phases         ] GC(2607)       JNI weak                  Min:  0.0, Avg:  0.0, Max:  0.0, Diff:  0.0, Sum:  0.0, Workers: 5
[114.406s][debug][gc,phases         ] GC(2607)         Dead                      Min: 0, Avg:  0.0, Max: 0, Diff: 0, Sum: 0, Workers: 5
[114.406s][debug][gc,phases         ] GC(2607)         Total                     Min: 0, Avg: 20.4, Max: 62, Diff: 62, Sum: 102, Workers: 5
[114.406s][debug][gc,phases         ] GC(2607)       VM weak                   Min:  0.0, Avg:  0.0, Max:  0.0, Diff:  0.0, Sum:  0.0, Workers: 5
[114.406s][debug][gc,phases         ] GC(2607)         Dead                      Min: 0, Avg:  0.0, Max: 0, Diff: 0, Sum: 0, Workers: 5
[114.406s][debug][gc,phases         ] GC(2607)         Total                     Min: 0, Avg: 42.4, Max: 84, Diff: 84, Sum: 212, Workers: 5
[114.406s][debug][gc,phases         ] GC(2607)       StringTable weak          Min:  0.0, Avg:  0.0, Max:  0.0, Diff:  0.0, Sum:  0.1, Workers: 5
[114.406s][debug][gc,phases         ] GC(2607)         Dead                      Min: 0, Avg:  0.0, Max: 0, Diff: 0, Sum: 0, Workers: 5
[114.406s][debug][gc,phases         ] GC(2607)         Total                     Min: 63, Avg: 684.6, Max: 1216, Diff: 1153, Sum: 3423, Workers: 5
[114.406s][debug][gc,phases         ] GC(2607)       ResolvedMethodTable weak  Min:  0.0, Avg:  0.0, Max:  0.0, Diff:  0.0, Sum:  0.0, Workers: 5
[114.406s][debug][gc,phases         ] GC(2607)         Dead                      Min: 0, Avg:  0.0, Max: 0, Diff: 0, Sum: 0, Workers: 5
[114.406s][debug][gc,phases         ] GC(2607)         Total                     Min: 61, Avg: 114.6, Max: 128, Diff: 67, Sum: 573, Workers: 5
[114.406s][debug][gc,phases         ] GC(2607)     Merge Per-Thread State: 0.0ms
[114.406s][debug][gc,phases         ] GC(2607)       Copied Bytes              Min: 0, Avg: 200313.0, Max: 800320, Diff: 800320, Sum: 1602504, Workers: 8
[114.406s][debug][gc,phases         ] GC(2607)       LAB Waste                 Min: 0, Avg:  0.0, Max: 0, Diff: 0, Sum: 0, Workers: 8
[114.406s][debug][gc,phases         ] GC(2607)       LAB Undo Waste            Min: 0, Avg:  0.0, Max: 0, Diff: 0, Sum: 0, Workers: 8
[114.406s][debug][gc,phases         ] GC(2607)     Code Roots Purge: 0.0ms
[114.406s][debug][gc,phases         ] GC(2607)     Redirty Cards: 0.0ms
[114.406s][debug][gc,phases         ] GC(2607)     DerivedPointerTable Update: 0.0ms
[114.406s][debug][gc,phases         ] GC(2607)     Free Collection Set: 0.2ms
[114.406s][debug][gc,phases         ] GC(2607)     Rebuild Free List: 0.1ms
[114.406s][debug][gc,phases         ] GC(2607)     Humongous Reclaim: 0.0ms
[114.406s][debug][gc,phases         ] GC(2607)     Start New Collection Set: 0.0ms
[114.406s][debug][gc,phases         ] GC(2607)     Resize TLABs: 0.0ms
[114.406s][debug][gc,phases         ] GC(2607)     Expand Heap After Collection: 0.0ms
[114.406s][info ][gc,phases         ] GC(2607)   Other: 0.3ms
[114.406s][info ][gc,heap           ] GC(2607) Eden regions: 770->0(773)
[114.406s][info ][gc,heap           ] GC(2607) Survivor regions: 5->2(97)
[114.406s][info ][gc,heap           ] GC(2607) Old regions: 18->18
[114.406s][info ][gc,heap           ] GC(2607) Archive regions: 2->2
[114.406s][info ][gc,heap           ] GC(2607) Humongous regions: 0->0
[114.406s][info ][gc,metaspace      ] GC(2607) Metaspace: 10016K(10624K)->10016K(10624K) NonClass: 8864K(9216K)->8864K(9216K) Class: 1152K(1408K)->1152K(1408K)
[114.406s][debug][gc,heap           ] GC(2607) Heap after GC invocations=2608 (full 1): garbage-first heap   total 1324032K, used 20509K [0x0000000700000000, 0x0000000800000000)
[114.406s][debug][gc,heap           ] GC(2607)   region size 1024K, 2 young (2048K), 2 survivors (2048K)
[114.406s][debug][gc,heap           ] GC(2607)  Metaspace       used 10016K, capacity 10304K, committed 10624K, reserved 1058816K
[114.406s][debug][gc,heap           ] GC(2607)   class space    used 1152K, capacity 1266K, committed 1408K, reserved 1048576K
[114.406s][info ][gc                ] GC(2607) Pause Young (Normal) (G1 Evacuation Pause) 792M->20M(1293M) 2.240ms
[114.406s][info ][gc,cpu            ] GC(2607) User=0.00s Sys=0.00s Real=0.00s
[114.406s][info ][safepoint         ] Safepoint "G1CollectForAllocation", Time since last: 40164709 ns, Reaching safepoint: 140589 ns, At safepoint: 2402932 ns, Total: 2543521 ns
[114.449s][debug][gc,heap           ] GC(2608) Heap before GC invocations=2608 (full 1): garbage-first heap   total 1324032K, used 811037K [0x0000000700000000, 0x0000000800000000)
[114.449s][debug][gc,heap           ] GC(2608)   region size 1024K, 775 young (793600K), 2 survivors (2048K)
[114.449s][debug][gc,heap           ] GC(2608)  Metaspace       used 10016K, capacity 10304K, committed 10624K, reserved 1058816K
[114.449s][debug][gc,heap           ] GC(2608)   class space    used 1152K, capacity 1266K, committed 1408K, reserved 1048576K
[114.449s][info ][gc,start          ] GC(2608) Pause Young (Normal) (G1 Evacuation Pause)
[114.449s][info ][gc,task           ] GC(2608) Using 8 workers of 8 for evacuation
[114.449s][debug][gc,tlab           ] GC(2608) TLAB totals: thrds: 8  refills: 10 max: 2 slow allocs: 1537 max 209 waste: 34.4% gc: 1111656B max: 225808B slow: 27352B max: 13912B fast: 0B max: 0B
[114.449s][debug][gc,age            ] GC(2608) Desired survivor size 50855936 bytes, new threshold 15 (max threshold 15)
[114.449s][debug][gc,alloc,region   ] GC(2608) Mutator Allocation stats, regions: 773, wasted size: 180M (23.4%)
[114.449s][debug][gc,ergo           ] GC(2608) Running G1 Merge Heap Roots using 8 workers for 775 regions
[114.449s][debug][gc,remset         ] GC(2608) Visited cards 512 Total dirty 4096 (12.50%) Total old 3215360 (0.02%)
[114.450s][debug][gc,ergo           ] GC(2608) Running G1 Clear Card Table Task using 2 workers for 2 units of work for 777 regions.
[114.450s][debug][gc,ref            ] GC(2608) Skipped phase1 of Reference Processing due to unavailable references
[114.450s][debug][gc,ref            ] GC(2608) Skipped phase2 of Reference Processing due to unavailable references
[114.450s][debug][gc,ref            ] GC(2608) Skipped phase3 of Reference Processing due to unavailable references
[114.450s][debug][gc,ref            ] GC(2608) Skipped phase4 of Reference Processing due to unavailable references
[114.450s][debug][gc,ergo           ] GC(2608) Running G1 Free Collection Set using 8 workers for collection set length 775 (1293)
[114.451s][debug][gc,ergo           ] GC(2608) Running G1 Rebuild Free List Task using 8 workers for rebuilding free list of 0 (4096) regions
[114.451s][trace][gc,age            ] GC(2608) Age table with threshold 15 (max threshold 15)
[114.451s][trace][gc,age            ] GC(2608) - age   1:    4002592 bytes,    4002592 total
[114.451s][debug][gc,plab           ] GC(2608) Young PLAB allocation: allocated: 14448B, wasted: 0B, unused: 12000B, used: 2448B, undo waste: 0B, 
[114.451s][debug][gc,plab           ] GC(2608) Young other allocation: region end waste: 983856B, regions filled: 5, direct allocated: 4000144B, failure used: 0B, failure wasted: 0B
[114.451s][debug][gc,plab           ] GC(2608) Young sizing: calculated: 0B, actual: 2064B
[114.451s][debug][gc,plab           ] GC(2608) Old PLAB allocation: allocated: 0B, wasted: 0B, unused: 0B, used: 0B, undo waste: 0B, 
[114.451s][debug][gc,plab           ] GC(2608) Old other allocation: region end waste: 0B, regions filled: 1, direct allocated: 0B, failure used: 0B, failure wasted: 0B
[114.451s][debug][gc,plab           ] GC(2608) Old sizing: calculated: 0B, actual: 2064B
[114.451s][debug][gc,ihop           ] GC(2608) Basic information (value update), threshold: 610113945B (45.00), target occupancy: 1355808768B, current occupancy: 24145712B, recent allocation size: 0B, recent allocation duration: 43.76ms, recent old gen allocation rate: 0.00B/s, recent marking phase length: 30.68ms
[114.451s][debug][gc,ihop           ] GC(2608) Adaptive IHOP information (value update), threshold: 610113945B (47.37), internal target occupancy: 1288018329B, occupancy: 24145712B, additional buffer size: 812646400B, predicted old gen allocation rate: 5.28B/s, predicted marking phase length: 61.36ms, prediction active: false
[114.451s][debug][gc,ergo,refine    ] GC(2608) Concurrent refinement times: Logged Cards Scan time goal: 20.00ms Logged Cards Scan time: 0.00ms HCC time: 0.00ms
[114.451s][debug][gc,ergo,refine    ] GC(2608) Updated Refinement Zones: green: 2048, yellow: 6144, red: 10240
[114.451s][info ][gc,phases         ] GC(2608)   Pre Evacuate Collection Set: 0.1ms
[114.451s][debug][gc,phases         ] GC(2608)     Prepare TLABs: 0.0ms
[114.451s][debug][gc,phases         ] GC(2608)     Choose Collection Set: 0.0ms
[114.451s][debug][gc,phases         ] GC(2608)     Region Register: 0.1ms
[114.451s][debug][gc,phases         ] GC(2608)     Prepare Heap Roots: 0.0ms
[114.451s][info ][gc,phases         ] GC(2608)   Merge Heap Roots: 0.1ms
[114.451s][debug][gc,phases         ] GC(2608)     Prepare Merge Heap Roots: 0.0ms
[114.451s][debug][gc,phases         ] GC(2608)     Eager Reclaim (ms):       skipped
[114.451s][debug][gc,phases         ] GC(2608)     Remembered Sets (ms):     Min:  0.0, Avg:  0.0, Max:  0.0, Diff:  0.0, Sum:  0.3, Workers: 8
[114.451s][debug][gc,phases         ] GC(2608)       Merged Sparse:            Min: 0, Avg:  0.0, Max: 0, Diff: 0, Sum: 0, Workers: 8
[114.451s][debug][gc,phases         ] GC(2608)       Merged Fine:              Min: 0, Avg:  0.0, Max: 0, Diff: 0, Sum: 0, Workers: 8
[114.451s][debug][gc,phases         ] GC(2608)       Merged Coarse:            Min: 0, Avg:  0.0, Max: 0, Diff: 0, Sum: 0, Workers: 8
[114.451s][debug][gc,phases         ] GC(2608)       Dirty Cards:              Min: 0, Avg:  0.0, Max: 0, Diff: 0, Sum: 0, Workers: 8
[114.451s][debug][gc,phases         ] GC(2608)     Hot Card Cache (ms):      Min:  0.0, Avg:  0.0, Max:  0.0, Diff:  0.0, Sum:  0.0, Workers: 8
[114.451s][debug][gc,phases         ] GC(2608)       Dirty Cards:              Min: 0, Avg:  0.0, Max: 0, Diff: 0, Sum: 0, Workers: 8
[114.451s][debug][gc,phases         ] GC(2608)       Skipped Cards:            Min: 0, Avg:  0.0, Max: 0, Diff: 0, Sum: 0, Workers: 8
[114.451s][debug][gc,phases         ] GC(2608)     Log Buffers (ms):         Min:  0.0, Avg:  0.0, Max:  0.0, Diff:  0.0, Sum:  0.0, Workers: 8
[114.451s][debug][gc,phases         ] GC(2608)       Dirty Cards:              Min: 0, Avg:  0.2, Max: 1, Diff: 1, Sum: 2, Workers: 8
[114.451s][debug][gc,phases         ] GC(2608)       Skipped Cards:            Min: 0, Avg:  0.0, Max: 0, Diff: 0, Sum: 0, Workers: 8
[114.451s][info ][gc,phases         ] GC(2608)   Evacuate Collection Set: 0.5ms
[114.451s][debug][gc,phases         ] GC(2608)     Ext Root Scanning (ms):   Min:  0.0, Avg:  0.3, Max:  0.4, Diff:  0.4, Sum:  2.1, Workers: 8
[114.451s][debug][gc,phases         ] GC(2608)     Scan Heap Roots (ms):     Min:  0.0, Avg:  0.0, Max:  0.0, Diff:  0.0, Sum:  0.0, Workers: 8
[114.451s][debug][gc,phases         ] GC(2608)       Scanned Cards:            Min: 0, Avg:  0.2, Max: 1, Diff: 1, Sum: 2, Workers: 8
[114.451s][debug][gc,phases         ] GC(2608)       Scanned Blocks:           Min: 0, Avg:  0.2, Max: 1, Diff: 1, Sum: 2, Workers: 8
[114.451s][debug][gc,phases         ] GC(2608)       Claimed Chunks:           Min: 0, Avg:  0.2, Max: 1, Diff: 1, Sum: 2, Workers: 8
[114.451s][debug][gc,phases         ] GC(2608)     Code Root Scan (ms):      Min:  0.0, Avg:  0.0, Max:  0.0, Diff:  0.0, Sum:  0.2, Workers: 8
[114.451s][debug][gc,phases         ] GC(2608)     Object Copy (ms):         Min:  0.0, Avg:  0.0, Max:  0.0, Diff:  0.0, Sum:  0.0, Workers: 8
[114.451s][debug][gc,phases         ] GC(2608)     Termination (ms):         Min:  0.0, Avg:  0.1, Max:  0.1, Diff:  0.1, Sum:  0.5, Workers: 8
[114.451s][debug][gc,phases         ] GC(2608)       Termination Attempts:     Min: 1, Avg:  1.0, Max: 1, Diff: 0, Sum: 8, Workers: 8
[114.451s][debug][gc,phases         ] GC(2608)     GC Worker Other (ms):     Min:  0.0, Avg:  0.0, Max:  0.1, Diff:  0.0, Sum:  0.4, Workers: 8
[114.451s][debug][gc,phases         ] GC(2608)     GC Worker Total (ms):     Min:  0.0, Avg:  0.4, Max:  0.5, Diff:  0.4, Sum:  3.2, Workers: 8
[114.451s][info ][gc,phases         ] GC(2608)   Post Evacuate Collection Set: 0.7ms
[114.451s][debug][gc,phases         ] GC(2608)     Code Roots Fixup: 0.0ms
[114.451s][debug][gc,phases         ] GC(2608)     Clear Card Table: 0.2ms
[114.451s][debug][gc,phases         ] GC(2608)     Reference Processing: 0.0ms
[114.451s][debug][gc,phases,ref     ] GC(2608)       Reconsider SoftReferences: 0.0ms
[114.451s][debug][gc,phases,ref     ] GC(2608)         SoftRef (ms):             skipped
[114.451s][debug][gc,phases,ref     ] GC(2608)       Notify Soft/WeakReferences: 0.0ms
[114.451s][debug][gc,phases,ref     ] GC(2608)         SoftRef (ms):             skipped
[114.451s][debug][gc,phases,ref     ] GC(2608)         WeakRef (ms):             skipped
[114.451s][debug][gc,phases,ref     ] GC(2608)         FinalRef (ms):            skipped
[114.451s][debug][gc,phases,ref     ] GC(2608)         Total (ms):               skipped
[114.451s][debug][gc,phases,ref     ] GC(2608)       Notify and keep alive finalizable: 0.0ms
[114.451s][debug][gc,phases,ref     ] GC(2608)         FinalRef (ms):            skipped
[114.451s][debug][gc,phases,ref     ] GC(2608)       Notify PhantomReferences: 0.0ms
[114.451s][debug][gc,phases,ref     ] GC(2608)         PhantomRef (ms):          skipped
[114.451s][debug][gc,phases,ref     ] GC(2608)       SoftReference:
[114.451s][debug][gc,phases,ref     ] GC(2608)         Discovered: 0
[114.451s][debug][gc,phases,ref     ] GC(2608)         Cleared: 0
[114.451s][debug][gc,phases,ref     ] GC(2608)       WeakReference:
[114.451s][debug][gc,phases,ref     ] GC(2608)         Discovered: 0
[114.451s][debug][gc,phases,ref     ] GC(2608)         Cleared: 0
[114.451s][debug][gc,phases,ref     ] GC(2608)       FinalReference:
[114.451s][debug][gc,phases,ref     ] GC(2608)         Discovered: 0
[114.451s][debug][gc,phases,ref     ] GC(2608)         Cleared: 0
[114.451s][debug][gc,phases,ref     ] GC(2608)       PhantomReference:
[114.451s][debug][gc,phases,ref     ] GC(2608)         Discovered: 0
[114.451s][debug][gc,phases,ref     ] GC(2608)         Cleared: 0
[114.451s][debug][gc,phases         ] GC(2608)     Weak Processing: 0.1ms
[114.451s][debug][gc,phases         ] GC(2608)       JVMTI weak processing: 0.0ms
[114.451s][debug][gc,phases         ] GC(2608)         Dead: 0
[114.451s][debug][gc,phases         ] GC(2608)         Total: 0
[114.451s][debug][gc,phases         ] GC(2608)       JFR weak processing: 0.0ms
[114.451s][debug][gc,phases         ] GC(2608)         Dead: 0
[114.451s][debug][gc,phases         ] GC(2608)         Total: 0
[114.451s][debug][gc,phases         ] GC(2608)       JNI weak                  Min:  0.0, Avg:  0.0, Max:  0.0, Diff:  0.0, Sum:  0.0, Workers: 5
[114.451s][debug][gc,phases         ] GC(2608)         Dead                      Min: 0, Avg:  0.0, Max: 0, Diff: 0, Sum: 0, Workers: 5
[114.451s][debug][gc,phases         ] GC(2608)         Total                     Min: 0, Avg: 20.4, Max: 62, Diff: 62, Sum: 102, Workers: 5
[114.451s][debug][gc,phases         ] GC(2608)       VM weak                   Min:  0.0, Avg:  0.0, Max:  0.0, Diff:  0.0, Sum:  0.0, Workers: 5
[114.451s][debug][gc,phases         ] GC(2608)         Dead                      Min: 0, Avg:  0.0, Max: 0, Diff: 0, Sum: 0, Workers: 5
[114.451s][debug][gc,phases         ] GC(2608)         Total                     Min: 0, Avg: 42.4, Max: 128, Diff: 128, Sum: 212, Workers: 5
[114.451s][debug][gc,phases         ] GC(2608)       StringTable weak          Min:  0.0, Avg:  0.0, Max:  0.0, Diff:  0.0, Sum:  0.1, Workers: 5
[114.451s][debug][gc,phases         ] GC(2608)         Dead                      Min: 0, Avg:  0.0, Max: 0, Diff: 0, Sum: 0, Workers: 5
[114.451s][debug][gc,phases         ] GC(2608)         Total                     Min: 0, Avg: 684.6, Max: 1599, Diff: 1599, Sum: 3423, Workers: 5
[114.451s][debug][gc,phases         ] GC(2608)       ResolvedMethodTable weak  Min:  0.0, Avg:  0.0, Max:  0.0, Diff:  0.0, Sum:  0.0, Workers: 5
[114.451s][debug][gc,phases         ] GC(2608)         Dead                      Min: 0, Avg:  0.0, Max: 0, Diff: 0, Sum: 0, Workers: 5
[114.451s][debug][gc,phases         ] GC(2608)         Total                     Min: 0, Avg: 114.6, Max: 189, Diff: 189, Sum: 573, Workers: 5
[114.451s][debug][gc,phases         ] GC(2608)     Merge Per-Thread State: 0.0ms
[114.451s][debug][gc,phases         ] GC(2608)       Copied Bytes              Min: 0, Avg: 500324.0, Max: 800624, Diff: 800624, Sum: 4002592, Workers: 8
[114.451s][debug][gc,phases         ] GC(2608)       LAB Waste                 Min: 0, Avg:  0.0, Max: 0, Diff: 0, Sum: 0, Workers: 8
[114.451s][debug][gc,phases         ] GC(2608)       LAB Undo Waste            Min: 0, Avg:  0.0, Max: 0, Diff: 0, Sum: 0, Workers: 8
[114.451s][debug][gc,phases         ] GC(2608)     Code Roots Purge: 0.0ms
[114.451s][debug][gc,phases         ] GC(2608)     Redirty Cards: 0.0ms
[114.451s][debug][gc,phases         ] GC(2608)     DerivedPointerTable Update: 0.0ms
[114.451s][debug][gc,phases         ] GC(2608)     Free Collection Set: 0.2ms
[114.451s][debug][gc,phases         ] GC(2608)     Rebuild Free List: 0.1ms
[114.451s][debug][gc,phases         ] GC(2608)     Humongous Reclaim: 0.0ms
[114.451s][debug][gc,phases         ] GC(2608)     Start New Collection Set: 0.0ms
[114.451s][debug][gc,phases         ] GC(2608)     Resize TLABs: 0.0ms
[114.451s][debug][gc,phases         ] GC(2608)     Expand Heap After Collection: 0.0ms
[114.451s][info ][gc,phases         ] GC(2608)   Other: 0.3ms
[114.451s][info ][gc,heap           ] GC(2608) Eden regions: 773->0(770)
[114.451s][info ][gc,heap           ] GC(2608) Survivor regions: 2->5(97)
[114.451s][info ][gc,heap           ] GC(2608) Old regions: 18->18
[114.451s][info ][gc,heap           ] GC(2608) Archive regions: 2->2
[114.451s][info ][gc,heap           ] GC(2608) Humongous regions: 0->0
[114.451s][info ][gc,metaspace      ] GC(2608) Metaspace: 10016K(10624K)->10016K(10624K) NonClass: 8864K(9216K)->8864K(9216K) Class: 1152K(1408K)->1152K(1408K)
[114.451s][debug][gc,heap           ] GC(2608) Heap after GC invocations=2609 (full 1): garbage-first heap   total 1324032K, used 23579K [0x0000000700000000, 0x0000000800000000)
[114.451s][debug][gc,heap           ] GC(2608)   region size 1024K, 5 young (5120K), 5 survivors (5120K)
[114.451s][debug][gc,heap           ] GC(2608)  Metaspace       used 10016K, capacity 10304K, committed 10624K, reserved 1058816K
[114.451s][debug][gc,heap           ] GC(2608)   class space    used 1152K, capacity 1266K, committed 1408K, reserved 1048576K
[114.451s][info ][gc                ] GC(2608) Pause Young (Normal) (G1 Evacuation Pause) 792M->23M(1293M) 2.407ms
[114.452s][info ][gc,cpu            ] GC(2608) User=0.00s Sys=0.00s Real=0.00s
[114.452s][info ][safepoint         ] Safepoint "G1CollectForAllocation", Time since last: 42500778 ns, Reaching safepoint: 180945 ns, At safepoint: 2580005 ns, Total: 2760950 ns
[114.494s][debug][gc,heap           ] GC(2609) Heap before GC invocations=2609 (full 1): garbage-first heap   total 1324032K, used 811035K [0x0000000700000000, 0x0000000800000000)
[114.494s][debug][gc,heap           ] GC(2609)   region size 1024K, 775 young (793600K), 5 survivors (5120K)
[114.494s][debug][gc,heap           ] GC(2609)  Metaspace       used 10016K, capacity 10304K, committed 10624K, reserved 1058816K
[114.494s][debug][gc,heap           ] GC(2609)   class space    used 1152K, capacity 1266K, committed 1408K, reserved 1048576K
[114.494s][info ][gc,start          ] GC(2609) Pause Young (Normal) (G1 Evacuation Pause)
[114.494s][info ][gc,task           ] GC(2609) Using 8 workers of 8 for evacuation
[114.494s][debug][gc,tlab           ] GC(2609) TLAB totals: thrds: 8  refills: 14 max: 2 slow allocs: 1531 max 212 waste: 23.2% gc: 959568B max: 244760B slow: 57160B max: 13912B fast: 0B max: 0B
[114.494s][debug][gc,age            ] GC(2609) Desired survivor size 50855936 bytes, new threshold 15 (max threshold 15)
[114.494s][debug][gc,alloc,region   ] GC(2609) Mutator Allocation stats, regions: 770, wasted size: 180M (23.4%)
[114.495s][debug][gc,ergo           ] GC(2609) Running G1 Merge Heap Roots using 8 workers for 775 regions
[114.495s][debug][gc,remset         ] GC(2609) Visited cards 256 Total dirty 2048 (12.50%) Total old 3215360 (0.01%)
[114.495s][debug][gc,ergo           ] GC(2609) Running G1 Clear Card Table Task using 2 workers for 2 units of work for 776 regions.
[114.495s][debug][gc,ref            ] GC(2609) Skipped phase1 of Reference Processing due to unavailable references
[114.496s][debug][gc,ref            ] GC(2609) Skipped phase2 of Reference Processing due to unavailable references
[114.496s][debug][gc,ref            ] GC(2609) Skipped phase3 of Reference Processing due to unavailable references
[114.496s][debug][gc,ref            ] GC(2609) Skipped phase4 of Reference Processing due to unavailable references
[114.496s][debug][gc,ergo           ] GC(2609) Running G1 Free Collection Set using 8 workers for collection set length 775 (1293)
[114.496s][debug][gc,ergo           ] GC(2609) Running G1 Rebuild Free List Task using 8 workers for rebuilding free list of 0 (4096) regions
[114.496s][trace][gc,age            ] GC(2609) Age table with threshold 15 (max threshold 15)
[114.496s][trace][gc,age            ] GC(2609) - age   1:    3202568 bytes,    3202568 total
[114.496s][debug][gc,plab           ] GC(2609) Young PLAB allocation: allocated: 16512B, wasted: 0B, unused: 14064B, used: 2448B, undo waste: 0B, 
[114.496s][debug][gc,plab           ] GC(2609) Young other allocation: region end waste: 733248B, regions filled: 4, direct allocated: 3200120B, failure used: 0B, failure wasted: 0B
[114.496s][debug][gc,plab           ] GC(2609) Young sizing: calculated: 0B, actual: 2064B
[114.496s][debug][gc,plab           ] GC(2609) Old PLAB allocation: allocated: 0B, wasted: 0B, unused: 0B, used: 0B, undo waste: 0B, 
[114.496s][debug][gc,plab           ] GC(2609) Old other allocation: region end waste: 0B, regions filled: 1, direct allocated: 0B, failure used: 0B, failure wasted: 0B
[114.496s][debug][gc,plab           ] GC(2609) Old sizing: calculated: 0B, actual: 2064B
[114.496s][debug][gc,ihop           ] GC(2609) Basic information (value update), threshold: 610113945B (45.00), target occupancy: 1355808768B, current occupancy: 23097144B, recent allocation size: 0B, recent allocation duration: 43.63ms, recent old gen allocation rate: 0.00B/s, recent marking phase length: 30.68ms
[114.496s][debug][gc,ihop           ] GC(2609) Adaptive IHOP information (value update), threshold: 610113945B (47.37), internal target occupancy: 1288018329B, occupancy: 23097144B, additional buffer size: 812646400B, predicted old gen allocation rate: 5.14B/s, predicted marking phase length: 61.36ms, prediction active: false
[114.496s][debug][gc,ergo,refine    ] GC(2609) Concurrent refinement times: Logged Cards Scan time goal: 20.00ms Logged Cards Scan time: 0.00ms HCC time: 0.00ms
[114.496s][debug][gc,ergo,refine    ] GC(2609) Updated Refinement Zones: green: 2048, yellow: 6144, red: 10240
[114.496s][info ][gc,phases         ] GC(2609)   Pre Evacuate Collection Set: 0.2ms
[114.496s][debug][gc,phases         ] GC(2609)     Prepare TLABs: 0.0ms
[114.496s][debug][gc,phases         ] GC(2609)     Choose Collection Set: 0.0ms
[114.496s][debug][gc,phases         ] GC(2609)     Region Register: 0.1ms
[114.496s][debug][gc,phases         ] GC(2609)     Prepare Heap Roots: 0.0ms
[114.496s][info ][gc,phases         ] GC(2609)   Merge Heap Roots: 0.2ms
[114.496s][debug][gc,phases         ] GC(2609)     Prepare Merge Heap Roots: 0.0ms
[114.496s][debug][gc,phases         ] GC(2609)     Eager Reclaim (ms):       skipped
[114.496s][debug][gc,phases         ] GC(2609)     Remembered Sets (ms):     Min:  0.0, Avg:  0.0, Max:  0.0, Diff:  0.0, Sum:  0.3, Workers: 8
[114.496s][debug][gc,phases         ] GC(2609)       Merged Sparse:            Min: 0, Avg:  0.0, Max: 0, Diff: 0, Sum: 0, Workers: 8
[114.496s][debug][gc,phases         ] GC(2609)       Merged Fine:              Min: 0, Avg:  0.0, Max: 0, Diff: 0, Sum: 0, Workers: 8
[114.496s][debug][gc,phases         ] GC(2609)       Merged Coarse:            Min: 0, Avg:  0.0, Max: 0, Diff: 0, Sum: 0, Workers: 8
[114.496s][debug][gc,phases         ] GC(2609)       Dirty Cards:              Min: 0, Avg:  0.0, Max: 0, Diff: 0, Sum: 0, Workers: 8
[114.496s][debug][gc,phases         ] GC(2609)     Hot Card Cache (ms):      Min:  0.0, Avg:  0.0, Max:  0.0, Diff:  0.0, Sum:  0.0, Workers: 8
[114.496s][debug][gc,phases         ] GC(2609)       Dirty Cards:              Min: 0, Avg:  0.0, Max: 0, Diff: 0, Sum: 0, Workers: 8
[114.496s][debug][gc,phases         ] GC(2609)       Skipped Cards:            Min: 0, Avg:  0.0, Max: 0, Diff: 0, Sum: 0, Workers: 8
[114.496s][debug][gc,phases         ] GC(2609)     Log Buffers (ms):         Min:  0.0, Avg:  0.0, Max:  0.0, Diff:  0.0, Sum:  0.0, Workers: 8
[114.496s][debug][gc,phases         ] GC(2609)       Dirty Cards:              Min: 0, Avg:  0.1, Max: 1, Diff: 1, Sum: 1, Workers: 8
[114.496s][debug][gc,phases         ] GC(2609)       Skipped Cards:            Min: 0, Avg:  0.0, Max: 0, Diff: 0, Sum: 0, Workers: 8
[114.496s][info ][gc,phases         ] GC(2609)   Evacuate Collection Set: 0.5ms
[114.496s][debug][gc,phases         ] GC(2609)     Ext Root Scanning (ms):   Min:  0.0, Avg:  0.2, Max:  0.4, Diff:  0.4, Sum:  1.8, Workers: 8
[114.496s][debug][gc,phases         ] GC(2609)     Scan Heap Roots (ms):     Min:  0.0, Avg:  0.0, Max:  0.0, Diff:  0.0, Sum:  0.0, Workers: 8
[114.496s][debug][gc,phases         ] GC(2609)       Scanned Cards:            Min: 0, Avg:  0.1, Max: 1, Diff: 1, Sum: 1, Workers: 8
[114.496s][debug][gc,phases         ] GC(2609)       Scanned Blocks:           Min: 0, Avg:  0.1, Max: 1, Diff: 1, Sum: 1, Workers: 8
[114.496s][debug][gc,phases         ] GC(2609)       Claimed Chunks:           Min: 0, Avg:  0.1, Max: 1, Diff: 1, Sum: 1, Workers: 8
[114.496s][debug][gc,phases         ] GC(2609)     Code Root Scan (ms):      Min:  0.0, Avg:  0.0, Max:  0.1, Diff:  0.1, Sum:  0.3, Workers: 8
[114.496s][debug][gc,phases         ] GC(2609)     Object Copy (ms):         Min:  0.0, Avg:  0.0, Max:  0.0, Diff:  0.0, Sum:  0.0, Workers: 8
[114.496s][debug][gc,phases         ] GC(2609)     Termination (ms):         Min:  0.0, Avg:  0.1, Max:  0.1, Diff:  0.0, Sum:  0.5, Workers: 8
[114.496s][debug][gc,phases         ] GC(2609)       Termination Attempts:     Min: 1, Avg:  1.0, Max: 1, Diff: 0, Sum: 8, Workers: 8
[114.496s][debug][gc,phases         ] GC(2609)     GC Worker Other (ms):     Min:  0.0, Avg:  0.1, Max:  0.3, Diff:  0.3, Sum:  0.8, Workers: 8
[114.496s][debug][gc,phases         ] GC(2609)     GC Worker Total (ms):     Min:  0.3, Avg:  0.4, Max:  0.4, Diff:  0.1, Sum:  3.4, Workers: 8
[114.496s][info ][gc,phases         ] GC(2609)   Post Evacuate Collection Set: 0.7ms
[114.496s][debug][gc,phases         ] GC(2609)     Code Roots Fixup: 0.0ms
[114.496s][debug][gc,phases         ] GC(2609)     Clear Card Table: 0.2ms
[114.496s][debug][gc,phases         ] GC(2609)     Reference Processing: 0.1ms
[114.496s][debug][gc,phases,ref     ] GC(2609)       Reconsider SoftReferences: 0.1ms
[114.496s][debug][gc,phases,ref     ] GC(2609)         SoftRef (ms):             skipped
[114.496s][debug][gc,phases,ref     ] GC(2609)       Notify Soft/WeakReferences: 0.0ms
[114.496s][debug][gc,phases,ref     ] GC(2609)         SoftRef (ms):             skipped
[114.496s][debug][gc,phases,ref     ] GC(2609)         WeakRef (ms):             skipped
[114.496s][debug][gc,phases,ref     ] GC(2609)         FinalRef (ms):            skipped
[114.496s][debug][gc,phases,ref     ] GC(2609)         Total (ms):               skipped
[114.496s][debug][gc,phases,ref     ] GC(2609)       Notify and keep alive finalizable: 0.0ms
[114.496s][debug][gc,phases,ref     ] GC(2609)         FinalRef (ms):            skipped
[114.496s][debug][gc,phases,ref     ] GC(2609)       Notify PhantomReferences: 0.0ms
[114.496s][debug][gc,phases,ref     ] GC(2609)         PhantomRef (ms):          skipped
[114.496s][debug][gc,phases,ref     ] GC(2609)       SoftReference:
[114.496s][debug][gc,phases,ref     ] GC(2609)         Discovered: 0
[114.496s][debug][gc,phases,ref     ] GC(2609)         Cleared: 0
[114.496s][debug][gc,phases,ref     ] GC(2609)       WeakReference:
[114.496s][debug][gc,phases,ref     ] GC(2609)         Discovered: 0
[114.496s][debug][gc,phases,ref     ] GC(2609)         Cleared: 0
[114.496s][debug][gc,phases,ref     ] GC(2609)       FinalReference:
[114.496s][debug][gc,phases,ref     ] GC(2609)         Discovered: 0
[114.496s][debug][gc,phases,ref     ] GC(2609)         Cleared: 0
[114.496s][debug][gc,phases,ref     ] GC(2609)       PhantomReference:
[114.496s][debug][gc,phases,ref     ] GC(2609)         Discovered: 0
[114.496s][debug][gc,phases,ref     ] GC(2609)         Cleared: 0
[114.496s][debug][gc,phases         ] GC(2609)     Weak Processing: 0.0ms
[114.496s][debug][gc,phases         ] GC(2609)       JVMTI weak processing: 0.0ms
[114.496s][debug][gc,phases         ] GC(2609)         Dead: 0
[114.496s][debug][gc,phases         ] GC(2609)         Total: 0
[114.496s][debug][gc,phases         ] GC(2609)       JFR weak processing: 0.0ms
[114.496s][debug][gc,phases         ] GC(2609)         Dead: 0
[114.496s][debug][gc,phases         ] GC(2609)         Total: 0
[114.496s][debug][gc,phases         ] GC(2609)       JNI weak                  Min:  0.0, Avg:  0.0, Max:  0.0, Diff:  0.0, Sum:  0.0, Workers: 5
[114.496s][debug][gc,phases         ] GC(2609)         Dead                      Min: 0, Avg:  0.0, Max: 0, Diff: 0, Sum: 0, Workers: 5
[114.496s][debug][gc,phases         ] GC(2609)         Total                     Min: 0, Avg: 20.4, Max: 62, Diff: 62, Sum: 102, Workers: 5
[114.496s][debug][gc,phases         ] GC(2609)       VM weak                   Min:  0.0, Avg:  0.0, Max:  0.0, Diff:  0.0, Sum:  0.0, Workers: 5
[114.496s][debug][gc,phases         ] GC(2609)         Dead                      Min: 0, Avg:  0.0, Max: 0, Diff: 0, Sum: 0, Workers: 5
[114.496s][debug][gc,phases         ] GC(2609)         Total                     Min: 0, Avg: 42.4, Max: 64, Diff: 64, Sum: 212, Workers: 5
[114.497s][debug][gc,phases         ] GC(2609)       StringTable weak          Min:  0.0, Avg:  0.0, Max:  0.0, Diff:  0.0, Sum:  0.1, Workers: 5
[114.497s][debug][gc,phases         ] GC(2609)         Dead                      Min: 0, Avg:  0.0, Max: 0, Diff: 0, Sum: 0, Workers: 5
[114.497s][debug][gc,phases         ] GC(2609)         Total                     Min: 576, Avg: 684.6, Max: 768, Diff: 192, Sum: 3423, Workers: 5
[114.497s][debug][gc,phases         ] GC(2609)       ResolvedMethodTable weak  Min:  0.0, Avg:  0.0, Max:  0.0, Diff:  0.0, Sum:  0.0, Workers: 5
[114.497s][debug][gc,phases         ] GC(2609)         Dead                      Min: 0, Avg:  0.0, Max: 0, Diff: 0, Sum: 0, Workers: 5
[114.497s][debug][gc,phases         ] GC(2609)         Total                     Min: 64, Avg: 114.6, Max: 128, Diff: 64, Sum: 573, Workers: 5
[114.497s][debug][gc,phases         ] GC(2609)     Merge Per-Thread State: 0.0ms
[114.497s][debug][gc,phases         ] GC(2609)       Copied Bytes              Min: 816, Avg: 400321.0, Max: 800096, Diff: 799280, Sum: 3202568, Workers: 8
[114.497s][debug][gc,phases         ] GC(2609)       LAB Waste                 Min: 0, Avg:  0.0, Max: 0, Diff: 0, Sum: 0, Workers: 8
[114.497s][debug][gc,phases         ] GC(2609)       LAB Undo Waste            Min: 0, Avg:  0.0, Max: 0, Diff: 0, Sum: 0, Workers: 8
[114.497s][debug][gc,phases         ] GC(2609)     Code Roots Purge: 0.0ms
[114.497s][debug][gc,phases         ] GC(2609)     Redirty Cards: 0.0ms
[114.497s][debug][gc,phases         ] GC(2609)     DerivedPointerTable Update: 0.0ms
[114.497s][debug][gc,phases         ] GC(2609)     Free Collection Set: 0.2ms
[114.497s][debug][gc,phases         ] GC(2609)     Rebuild Free List: 0.0ms
[114.497s][debug][gc,phases         ] GC(2609)     Humongous Reclaim: 0.0ms
[114.497s][debug][gc,phases         ] GC(2609)     Start New Collection Set: 0.0ms
[114.497s][debug][gc,phases         ] GC(2609)     Resize TLABs: 0.0ms
[114.497s][debug][gc,phases         ] GC(2609)     Expand Heap After Collection: 0.0ms
[114.497s][info ][gc,phases         ] GC(2609)   Other: 0.4ms
[114.497s][info ][gc,heap           ] GC(2609) Eden regions: 770->0(771)
[114.497s][info ][gc,heap           ] GC(2609) Survivor regions: 5->4(97)
[114.497s][info ][gc,heap           ] GC(2609) Old regions: 18->18
[114.497s][info ][gc,heap           ] GC(2609) Archive regions: 2->2
[114.497s][info ][gc,heap           ] GC(2609) Humongous regions: 0->0
[114.497s][info ][gc,metaspace      ] GC(2609) Metaspace: 10016K(10624K)->10016K(10624K) NonClass: 8864K(9216K)->8864K(9216K) Class: 1152K(1408K)->1152K(1408K)
[114.497s][debug][gc,heap           ] GC(2609) Heap after GC invocations=2610 (full 1): garbage-first heap   total 1324032K, used 22555K [0x0000000700000000, 0x0000000800000000)
[114.497s][debug][gc,heap           ] GC(2609)   region size 1024K, 4 young (4096K), 4 survivors (4096K)
[114.497s][debug][gc,heap           ] GC(2609)  Metaspace       used 10016K, capacity 10304K, committed 10624K, reserved 1058816K
[114.497s][debug][gc,heap           ] GC(2609)   class space    used 1152K, capacity 1266K, committed 1408K, reserved 1048576K
[114.497s][info ][gc                ] GC(2609) Pause Young (Normal) (G1 Evacuation Pause) 792M->22M(1293M) 2.434ms
[114.497s][info ][gc,cpu            ] GC(2609) User=0.01s Sys=0.00s Real=0.00s
[114.497s][info ][safepoint         ] Safepoint "G1CollectForAllocation", Time since last: 42479434 ns, Reaching safepoint: 148013 ns, At safepoint: 2623133 ns, Total: 2771146 ns
[114.540s][debug][gc,heap           ] GC(2610) Heap before GC invocations=2610 (full 1): garbage-first heap   total 1324032K, used 811035K [0x0000000700000000, 0x0000000800000000)
[114.540s][debug][gc,heap           ] GC(2610)   region size 1024K, 775 young (793600K), 4 survivors (4096K)
[114.540s][debug][gc,heap           ] GC(2610)  Metaspace       used 10016K, capacity 10304K, committed 10624K, reserved 1058816K
[114.540s][debug][gc,heap           ] GC(2610)   class space    used 1152K, capacity 1266K, committed 1408K, reserved 1048576K
[114.540s][info ][gc,start          ] GC(2610) Pause Young (Normal) (G1 Evacuation Pause)
[114.540s][info ][gc,task           ] GC(2610) Using 8 workers of 8 for evacuation
[114.540s][debug][gc,tlab           ] GC(2610) TLAB totals: thrds: 8  refills: 13 max: 3 slow allocs: 1536 max 223 waste: 20.9% gc: 832856B max: 227064B slow: 56368B max: 15096B fast: 0B max: 0B
[114.540s][debug][gc,age            ] GC(2610) Desired survivor size 50855936 bytes, new threshold 15 (max threshold 15)
[114.540s][debug][gc,alloc,region   ] GC(2610) Mutator Allocation stats, regions: 771, wasted size: 180M (23.4%)
[114.541s][debug][gc,ergo           ] GC(2610) Running G1 Merge Heap Roots using 8 workers for 775 regions
[114.541s][debug][gc,remset         ] GC(2610) Visited cards 512 Total dirty 4096 (12.50%) Total old 3215360 (0.02%)
[114.541s][debug][gc,ergo           ] GC(2610) Running G1 Clear Card Table Task using 2 workers for 2 units of work for 777 regions.
[114.541s][debug][gc,ref            ] GC(2610) Skipped phase1 of Reference Processing due to unavailable references
[114.541s][debug][gc,ref            ] GC(2610) Skipped phase2 of Reference Processing due to unavailable references
[114.541s][debug][gc,ref            ] GC(2610) Skipped phase3 of Reference Processing due to unavailable references
[114.541s][debug][gc,ref            ] GC(2610) Skipped phase4 of Reference Processing due to unavailable references
[114.541s][debug][gc,ergo           ] GC(2610) Running G1 Free Collection Set using 8 workers for collection set length 775 (1293)
[114.542s][debug][gc,ergo           ] GC(2610) Running G1 Rebuild Free List Task using 8 workers for rebuilding free list of 0 (4096) regions
[114.542s][trace][gc,age            ] GC(2610) Age table with threshold 15 (max threshold 15)
[114.542s][trace][gc,age            ] GC(2610) - age   1:    3202552 bytes,    3202552 total
[114.542s][debug][gc,plab           ] GC(2610) Young PLAB allocation: allocated: 14448B, wasted: 0B, unused: 12000B, used: 2448B, undo waste: 0B, 
[114.542s][debug][gc,plab           ] GC(2610) Young other allocation: region end waste: 737384B, regions filled: 4, direct allocated: 3200104B, failure used: 0B, failure wasted: 0B
[114.542s][debug][gc,plab           ] GC(2610) Young sizing: calculated: 0B, actual: 2064B
[114.542s][debug][gc,plab           ] GC(2610) Old PLAB allocation: allocated: 0B, wasted: 0B, unused: 0B, used: 0B, undo waste: 0B, 
[114.542s][debug][gc,plab           ] GC(2610) Old other allocation: region end waste: 0B, regions filled: 1, direct allocated: 0B, failure used: 0B, failure wasted: 0B
[114.542s][debug][gc,plab           ] GC(2610) Old sizing: calculated: 0B, actual: 2064B
[114.542s][debug][gc,ihop           ] GC(2610) Basic information (value update), threshold: 610113945B (45.00), target occupancy: 1355808768B, current occupancy: 23099200B, recent allocation size: 0B, recent allocation duration: 44.39ms, recent old gen allocation rate: 0.00B/s, recent marking phase length: 30.68ms
[114.542s][debug][gc,ihop           ] GC(2610) Adaptive IHOP information (value update), threshold: 610113945B (47.37), internal target occupancy: 1288018329B, occupancy: 23099200B, additional buffer size: 812646400B, predicted old gen allocation rate: 5.01B/s, predicted marking phase length: 61.36ms, prediction active: false
[114.542s][debug][gc,ergo,refine    ] GC(2610) Concurrent refinement times: Logged Cards Scan time goal: 20.00ms Logged Cards Scan time: 0.01ms HCC time: 0.00ms
[114.542s][debug][gc,ergo,refine    ] GC(2610) Updated Refinement Zones: green: 2048, yellow: 6144, red: 10240
[114.542s][info ][gc,phases         ] GC(2610)   Pre Evacuate Collection Set: 0.1ms
[114.542s][debug][gc,phases         ] GC(2610)     Prepare TLABs: 0.0ms
[114.542s][debug][gc,phases         ] GC(2610)     Choose Collection Set: 0.0ms
[114.542s][debug][gc,phases         ] GC(2610)     Region Register: 0.1ms
[114.542s][debug][gc,phases         ] GC(2610)     Prepare Heap Roots: 0.0ms
[114.542s][info ][gc,phases         ] GC(2610)   Merge Heap Roots: 0.2ms
[114.542s][debug][gc,phases         ] GC(2610)     Prepare Merge Heap Roots: 0.0ms
[114.542s][debug][gc,phases         ] GC(2610)     Eager Reclaim (ms):       skipped
[114.542s][debug][gc,phases         ] GC(2610)     Remembered Sets (ms):     Min:  0.0, Avg:  0.0, Max:  0.0, Diff:  0.0, Sum:  0.3, Workers: 8
[114.542s][debug][gc,phases         ] GC(2610)       Merged Sparse:            Min: 0, Avg:  0.0, Max: 0, Diff: 0, Sum: 0, Workers: 8
[114.542s][debug][gc,phases         ] GC(2610)       Merged Fine:              Min: 0, Avg:  0.0, Max: 0, Diff: 0, Sum: 0, Workers: 8
[114.542s][debug][gc,phases         ] GC(2610)       Merged Coarse:            Min: 0, Avg:  0.0, Max: 0, Diff: 0, Sum: 0, Workers: 8
[114.542s][debug][gc,phases         ] GC(2610)       Dirty Cards:              Min: 0, Avg:  0.0, Max: 0, Diff: 0, Sum: 0, Workers: 8
[114.542s][debug][gc,phases         ] GC(2610)     Hot Card Cache (ms):      Min:  0.0, Avg:  0.0, Max:  0.0, Diff:  0.0, Sum:  0.0, Workers: 8
[114.542s][debug][gc,phases         ] GC(2610)       Dirty Cards:              Min: 0, Avg:  0.0, Max: 0, Diff: 0, Sum: 0, Workers: 8
[114.542s][debug][gc,phases         ] GC(2610)       Skipped Cards:            Min: 0, Avg:  0.0, Max: 0, Diff: 0, Sum: 0, Workers: 8
[114.542s][debug][gc,phases         ] GC(2610)     Log Buffers (ms):         Min:  0.0, Avg:  0.0, Max:  0.0, Diff:  0.0, Sum:  0.0, Workers: 8
[114.542s][debug][gc,phases         ] GC(2610)       Dirty Cards:              Min: 0, Avg:  0.2, Max: 1, Diff: 1, Sum: 2, Workers: 8
[114.542s][debug][gc,phases         ] GC(2610)       Skipped Cards:            Min: 0, Avg:  0.0, Max: 0, Diff: 0, Sum: 0, Workers: 8
[114.542s][info ][gc,phases         ] GC(2610)   Evacuate Collection Set: 0.4ms
[114.542s][debug][gc,phases         ] GC(2610)     Ext Root Scanning (ms):   Min:  0.1, Avg:  0.2, Max:  0.3, Diff:  0.3, Sum:  1.7, Workers: 8
[114.542s][debug][gc,phases         ] GC(2610)     Scan Heap Roots (ms):     Min:  0.0, Avg:  0.0, Max:  0.0, Diff:  0.0, Sum:  0.0, Workers: 8
[114.542s][debug][gc,phases         ] GC(2610)       Scanned Cards:            Min: 0, Avg:  0.2, Max: 2, Diff: 2, Sum: 2, Workers: 8
[114.542s][debug][gc,phases         ] GC(2610)       Scanned Blocks:           Min: 0, Avg:  0.2, Max: 2, Diff: 2, Sum: 2, Workers: 8
[114.542s][debug][gc,phases         ] GC(2610)       Claimed Chunks:           Min: 0, Avg:  0.2, Max: 2, Diff: 2, Sum: 2, Workers: 8
[114.542s][debug][gc,phases         ] GC(2610)     Code Root Scan (ms):      Min:  0.0, Avg:  0.0, Max:  0.0, Diff:  0.0, Sum:  0.1, Workers: 8
[114.542s][debug][gc,phases         ] GC(2610)     Object Copy (ms):         Min:  0.0, Avg:  0.0, Max:  0.0, Diff:  0.0, Sum:  0.0, Workers: 8
[114.542s][debug][gc,phases         ] GC(2610)     Termination (ms):         Min:  0.0, Avg:  0.1, Max:  0.2, Diff:  0.1, Sum:  1.0, Workers: 8
[114.542s][debug][gc,phases         ] GC(2610)       Termination Attempts:     Min: 1, Avg:  1.2, Max: 2, Diff: 1, Sum: 10, Workers: 8
[114.542s][debug][gc,phases         ] GC(2610)     GC Worker Other (ms):     Min:  0.0, Avg:  0.0, Max:  0.1, Diff:  0.1, Sum:  0.3, Workers: 8
[114.542s][debug][gc,phases         ] GC(2610)     GC Worker Total (ms):     Min:  0.4, Avg:  0.4, Max:  0.4, Diff:  0.0, Sum:  3.2, Workers: 8
[114.542s][info ][gc,phases         ] GC(2610)   Post Evacuate Collection Set: 0.6ms
[114.542s][debug][gc,phases         ] GC(2610)     Code Roots Fixup: 0.0ms
[114.542s][debug][gc,phases         ] GC(2610)     Clear Card Table: 0.2ms
[114.542s][debug][gc,phases         ] GC(2610)     Reference Processing: 0.0ms
[114.542s][debug][gc,phases,ref     ] GC(2610)       Reconsider SoftReferences: 0.0ms
[114.542s][debug][gc,phases,ref     ] GC(2610)         SoftRef (ms):             skipped
[114.542s][debug][gc,phases,ref     ] GC(2610)       Notify Soft/WeakReferences: 0.0ms
[114.542s][debug][gc,phases,ref     ] GC(2610)         SoftRef (ms):             skipped
[114.542s][debug][gc,phases,ref     ] GC(2610)         WeakRef (ms):             skipped
[114.542s][debug][gc,phases,ref     ] GC(2610)         FinalRef (ms):            skipped
[114.542s][debug][gc,phases,ref     ] GC(2610)         Total (ms):               skipped
[114.542s][debug][gc,phases,ref     ] GC(2610)       Notify and keep alive finalizable: 0.0ms
[114.542s][debug][gc,phases,ref     ] GC(2610)         FinalRef (ms):            skipped
[114.542s][debug][gc,phases,ref     ] GC(2610)       Notify PhantomReferences: 0.0ms
[114.542s][debug][gc,phases,ref     ] GC(2610)         PhantomRef (ms):          skipped
[114.542s][debug][gc,phases,ref     ] GC(2610)       SoftReference:
[114.542s][debug][gc,phases,ref     ] GC(2610)         Discovered: 0
[114.542s][debug][gc,phases,ref     ] GC(2610)         Cleared: 0
[114.542s][debug][gc,phases,ref     ] GC(2610)       WeakReference:
[114.542s][debug][gc,phases,ref     ] GC(2610)         Discovered: 0
[114.542s][debug][gc,phases,ref     ] GC(2610)         Cleared: 0
[114.542s][debug][gc,phases,ref     ] GC(2610)       FinalReference:
[114.542s][debug][gc,phases,ref     ] GC(2610)         Discovered: 0
[114.542s][debug][gc,phases,ref     ] GC(2610)         Cleared: 0
[114.542s][debug][gc,phases,ref     ] GC(2610)       PhantomReference:
[114.542s][debug][gc,phases,ref     ] GC(2610)         Discovered: 0
[114.542s][debug][gc,phases,ref     ] GC(2610)         Cleared: 0
[114.542s][debug][gc,phases         ] GC(2610)     Weak Processing: 0.0ms
[114.542s][debug][gc,phases         ] GC(2610)       JVMTI weak processing: 0.0ms
[114.542s][debug][gc,phases         ] GC(2610)         Dead: 0
[114.542s][debug][gc,phases         ] GC(2610)         Total: 0
[114.542s][debug][gc,phases         ] GC(2610)       JFR weak processing: 0.0ms
[114.542s][debug][gc,phases         ] GC(2610)         Dead: 0
[114.542s][debug][gc,phases         ] GC(2610)         Total: 0
[114.542s][debug][gc,phases         ] GC(2610)       JNI weak                  Min:  0.0, Avg:  0.0, Max:  0.0, Diff:  0.0, Sum:  0.0, Workers: 5
[114.542s][debug][gc,phases         ] GC(2610)         Dead                      Min: 0, Avg:  0.0, Max: 0, Diff: 0, Sum: 0, Workers: 5
[114.542s][debug][gc,phases         ] GC(2610)         Total                     Min: 0, Avg: 20.4, Max: 62, Diff: 62, Sum: 102, Workers: 5
[114.542s][debug][gc,phases         ] GC(2610)       VM weak                   Min:  0.0, Avg:  0.0, Max:  0.0, Diff:  0.0, Sum:  0.0, Workers: 5
[114.542s][debug][gc,phases         ] GC(2610)         Dead                      Min: 0, Avg:  0.0, Max: 0, Diff: 0, Sum: 0, Workers: 5
[114.542s][debug][gc,phases         ] GC(2610)         Total                     Min: 0, Avg: 42.4, Max: 64, Diff: 64, Sum: 212, Workers: 5
[114.542s][debug][gc,phases         ] GC(2610)       StringTable weak          Min:  0.0, Avg:  0.0, Max:  0.0, Diff:  0.0, Sum:  0.1, Workers: 5
[114.542s][debug][gc,phases         ] GC(2610)         Dead                      Min: 0, Avg:  0.0, Max: 0, Diff: 0, Sum: 0, Workers: 5
[114.542s][debug][gc,phases         ] GC(2610)         Total                     Min: 640, Avg: 684.6, Max: 704, Diff: 64, Sum: 3423, Workers: 5
[114.542s][debug][gc,phases         ] GC(2610)       ResolvedMethodTable weak  Min:  0.0, Avg:  0.0, Max:  0.0, Diff:  0.0, Sum:  0.0, Workers: 5
[114.542s][debug][gc,phases         ] GC(2610)         Dead                      Min: 0, Avg:  0.0, Max: 0, Diff: 0, Sum: 0, Workers: 5
[114.542s][debug][gc,phases         ] GC(2610)         Total                     Min: 64, Avg: 114.6, Max: 128, Diff: 64, Sum: 573, Workers: 5
[114.542s][debug][gc,phases         ] GC(2610)     Merge Per-Thread State: 0.0ms
[114.542s][debug][gc,phases         ] GC(2610)       Copied Bytes              Min: 0, Avg: 400319.0, Max: 800544, Diff: 800544, Sum: 3202552, Workers: 8
[114.542s][debug][gc,phases         ] GC(2610)       LAB Waste                 Min: 0, Avg:  0.0, Max: 0, Diff: 0, Sum: 0, Workers: 8
[114.543s][debug][gc,phases         ] GC(2610)       LAB Undo Waste            Min: 0, Avg:  0.0, Max: 0, Diff: 0, Sum: 0, Workers: 8
[114.543s][debug][gc,phases         ] GC(2610)     Code Roots Purge: 0.0ms
[114.543s][debug][gc,phases         ] GC(2610)     Redirty Cards: 0.0ms
[114.543s][debug][gc,phases         ] GC(2610)     DerivedPointerTable Update: 0.0ms
[114.543s][debug][gc,phases         ] GC(2610)     Free Collection Set: 0.2ms
[114.543s][debug][gc,phases         ] GC(2610)     Rebuild Free List: 0.1ms
[114.543s][debug][gc,phases         ] GC(2610)     Humongous Reclaim: 0.0ms
[114.543s][debug][gc,phases         ] GC(2610)     Start New Collection Set: 0.0ms
[114.543s][debug][gc,phases         ] GC(2610)     Resize TLABs: 0.0ms
[114.543s][debug][gc,phases         ] GC(2610)     Expand Heap After Collection: 0.0ms
[114.543s][info ][gc,phases         ] GC(2610)   Other: 0.3ms
[114.543s][info ][gc,heap           ] GC(2610) Eden regions: 771->0(771)
[114.543s][info ][gc,heap           ] GC(2610) Survivor regions: 4->4(97)
[114.543s][info ][gc,heap           ] GC(2610) Old regions: 18->18
[114.543s][info ][gc,heap           ] GC(2610) Archive regions: 2->2
[114.543s][info ][gc,heap           ] GC(2610) Humongous regions: 0->0
[114.543s][info ][gc,metaspace      ] GC(2610) Metaspace: 10016K(10624K)->10016K(10624K) NonClass: 8864K(9216K)->8864K(9216K) Class: 1152K(1408K)->1152K(1408K)
[114.543s][debug][gc,heap           ] GC(2610) Heap after GC invocations=2611 (full 1): garbage-first heap   total 1324032K, used 22557K [0x0000000700000000, 0x0000000800000000)
[114.543s][debug][gc,heap           ] GC(2610)   region size 1024K, 4 young (4096K), 4 survivors (4096K)
[114.543s][debug][gc,heap           ] GC(2610)  Metaspace       used 10016K, capacity 10304K, committed 10624K, reserved 1058816K
[114.543s][debug][gc,heap           ] GC(2610)   class space    used 1152K, capacity 1266K, committed 1408K, reserved 1048576K
[114.543s][info ][gc                ] GC(2610) Pause Young (Normal) (G1 Evacuation Pause) 792M->22M(1293M) 2.388ms
[114.543s][info ][gc,cpu            ] GC(2610) User=0.01s Sys=0.00s Real=0.01s
[114.543s][info ][safepoint         ] Safepoint "G1CollectForAllocation", Time since last: 43188536 ns, Reaching safepoint: 171778 ns, At safepoint: 2628846 ns, Total: 2800624 ns
[114.593s][debug][gc,heap           ] GC(2611) Heap before GC invocations=2611 (full 1): garbage-first heap   total 1324032K, used 811037K [0x0000000700000000, 0x0000000800000000)
[114.593s][debug][gc,heap           ] GC(2611)   region size 1024K, 775 young (793600K), 4 survivors (4096K)
[114.593s][debug][gc,heap           ] GC(2611)  Metaspace       used 10016K, capacity 10304K, committed 10624K, reserved 1058816K
[114.593s][debug][gc,heap           ] GC(2611)   class space    used 1152K, capacity 1266K, committed 1408K, reserved 1048576K
[114.593s][info ][gc,start          ] GC(2611) Pause Young (Normal) (G1 Evacuation Pause)
[114.593s][info ][gc,task           ] GC(2611) Using 8 workers of 8 for evacuation
[114.593s][debug][gc,tlab           ] GC(2611) TLAB totals: thrds: 8  refills: 15 max: 3 slow allocs: 1532 max 239 waste: 16.3% gc: 820016B max: 151224B slow: 73104B max: 15488B fast: 0B max: 0B
[114.593s][debug][gc,age            ] GC(2611) Desired survivor size 50855936 bytes, new threshold 15 (max threshold 15)
[114.593s][debug][gc,alloc,region   ] GC(2611) Mutator Allocation stats, regions: 771, wasted size: 180M (23.4%)
[114.593s][debug][gc,ergo           ] GC(2611) Running G1 Merge Heap Roots using 8 workers for 775 regions
[114.593s][debug][gc,remset         ] GC(2611) Visited cards 256 Total dirty 2048 (12.50%) Total old 3215360 (0.01%)
[114.594s][debug][gc,ergo           ] GC(2611) Running G1 Clear Card Table Task using 2 workers for 2 units of work for 776 regions.
[114.594s][debug][gc,ref            ] GC(2611) Skipped phase1 of Reference Processing due to unavailable references
[114.594s][debug][gc,ref            ] GC(2611) Skipped phase2 of Reference Processing due to unavailable references
[114.594s][debug][gc,ref            ] GC(2611) Skipped phase3 of Reference Processing due to unavailable references
[114.594s][debug][gc,ref            ] GC(2611) Skipped phase4 of Reference Processing due to unavailable references
[114.594s][debug][gc,ergo           ] GC(2611) Running G1 Free Collection Set using 8 workers for collection set length 775 (1293)
[114.594s][debug][gc,ergo           ] GC(2611) Running G1 Rebuild Free List Task using 8 workers for rebuilding free list of 0 (4096) regions
[114.594s][trace][gc,age            ] GC(2611) Age table with threshold 15 (max threshold 15)
[114.594s][trace][gc,age            ] GC(2611) - age   1:    2402424 bytes,    2402424 total
[114.594s][debug][gc,plab           ] GC(2611) Young PLAB allocation: allocated: 16512B, wasted: 0B, unused: 14176B, used: 2336B, undo waste: 0B, 
[114.594s][debug][gc,plab           ] GC(2611) Young other allocation: region end waste: 482640B, regions filled: 3, direct allocated: 2400088B, failure used: 0B, failure wasted: 0B
[114.594s][debug][gc,plab           ] GC(2611) Young sizing: calculated: 0B, actual: 2064B
[114.594s][debug][gc,plab           ] GC(2611) Old PLAB allocation: allocated: 0B, wasted: 0B, unused: 0B, used: 0B, undo waste: 0B, 
[114.594s][debug][gc,plab           ] GC(2611) Old other allocation: region end waste: 0B, regions filled: 1, direct allocated: 0B, failure used: 0B, failure wasted: 0B
[114.594s][debug][gc,plab           ] GC(2611) Old sizing: calculated: 0B, actual: 2064B
[114.594s][debug][gc,ihop           ] GC(2611) Basic information (value update), threshold: 610113945B (45.00), target occupancy: 1355808768B, current occupancy: 22046504B, recent allocation size: 0B, recent allocation duration: 51.14ms, recent old gen allocation rate: 0.00B/s, recent marking phase length: 30.68ms
[114.594s][debug][gc,ihop           ] GC(2611) Adaptive IHOP information (value update), threshold: 610113945B (47.37), internal target occupancy: 1288018329B, occupancy: 22046504B, additional buffer size: 812646400B, predicted old gen allocation rate: 4.89B/s, predicted marking phase length: 61.36ms, prediction active: false
[114.594s][debug][gc,ergo,refine    ] GC(2611) Concurrent refinement times: Logged Cards Scan time goal: 20.00ms Logged Cards Scan time: 0.00ms HCC time: 0.00ms
[114.594s][debug][gc,ergo,refine    ] GC(2611) Updated Refinement Zones: green: 2048, yellow: 6144, red: 10240
[114.594s][info ][gc,phases         ] GC(2611)   Pre Evacuate Collection Set: 0.1ms
[114.594s][debug][gc,phases         ] GC(2611)     Prepare TLABs: 0.0ms
[114.594s][debug][gc,phases         ] GC(2611)     Choose Collection Set: 0.0ms
[114.594s][debug][gc,phases         ] GC(2611)     Region Register: 0.1ms
[114.594s][debug][gc,phases         ] GC(2611)     Prepare Heap Roots: 0.0ms
[114.594s][info ][gc,phases         ] GC(2611)   Merge Heap Roots: 0.2ms
[114.594s][debug][gc,phases         ] GC(2611)     Prepare Merge Heap Roots: 0.0ms
[114.594s][debug][gc,phases         ] GC(2611)     Eager Reclaim (ms):       skipped
[114.594s][debug][gc,phases         ] GC(2611)     Remembered Sets (ms):     Min:  0.0, Avg:  0.0, Max:  0.0, Diff:  0.0, Sum:  0.3, Workers: 8
[114.594s][debug][gc,phases         ] GC(2611)       Merged Sparse:            Min: 0, Avg:  0.0, Max: 0, Diff: 0, Sum: 0, Workers: 8
[114.594s][debug][gc,phases         ] GC(2611)       Merged Fine:              Min: 0, Avg:  0.0, Max: 0, Diff: 0, Sum: 0, Workers: 8
[114.594s][debug][gc,phases         ] GC(2611)       Merged Coarse:            Min: 0, Avg:  0.0, Max: 0, Diff: 0, Sum: 0, Workers: 8
[114.594s][debug][gc,phases         ] GC(2611)       Dirty Cards:              Min: 0, Avg:  0.0, Max: 0, Diff: 0, Sum: 0, Workers: 8
[114.595s][debug][gc,phases         ] GC(2611)     Hot Card Cache (ms):      Min:  0.0, Avg:  0.0, Max:  0.0, Diff:  0.0, Sum:  0.0, Workers: 8
[114.595s][debug][gc,phases         ] GC(2611)       Dirty Cards:              Min: 0, Avg:  0.0, Max: 0, Diff: 0, Sum: 0, Workers: 8
[114.595s][debug][gc,phases         ] GC(2611)       Skipped Cards:            Min: 0, Avg:  0.0, Max: 0, Diff: 0, Sum: 0, Workers: 8
[114.595s][debug][gc,phases         ] GC(2611)     Log Buffers (ms):         Min:  0.0, Avg:  0.0, Max:  0.0, Diff:  0.0, Sum:  0.0, Workers: 8
[114.595s][debug][gc,phases         ] GC(2611)       Dirty Cards:              Min: 0, Avg:  0.1, Max: 1, Diff: 1, Sum: 1, Workers: 8
[114.595s][debug][gc,phases         ] GC(2611)       Skipped Cards:            Min: 0, Avg:  0.0, Max: 0, Diff: 0, Sum: 0, Workers: 8
[114.595s][info ][gc,phases         ] GC(2611)   Evacuate Collection Set: 0.3ms
[114.595s][debug][gc,phases         ] GC(2611)     Ext Root Scanning (ms):   Min:  0.0, Avg:  0.1, Max:  0.2, Diff:  0.2, Sum:  1.1, Workers: 8
[114.595s][debug][gc,phases         ] GC(2611)     Scan Heap Roots (ms):     Min:  0.0, Avg:  0.0, Max:  0.0, Diff:  0.0, Sum:  0.0, Workers: 8
[114.595s][debug][gc,phases         ] GC(2611)       Scanned Cards:            Min: 0, Avg:  0.1, Max: 1, Diff: 1, Sum: 1, Workers: 8
[114.595s][debug][gc,phases         ] GC(2611)       Scanned Blocks:           Min: 0, Avg:  0.1, Max: 1, Diff: 1, Sum: 1, Workers: 8
[114.595s][debug][gc,phases         ] GC(2611)       Claimed Chunks:           Min: 0, Avg:  0.1, Max: 1, Diff: 1, Sum: 1, Workers: 8
[114.595s][debug][gc,phases         ] GC(2611)     Code Root Scan (ms):      Min:  0.0, Avg:  0.0, Max:  0.1, Diff:  0.1, Sum:  0.2, Workers: 8
[114.595s][debug][gc,phases         ] GC(2611)     Object Copy (ms):         Min:  0.0, Avg:  0.0, Max:  0.0, Diff:  0.0, Sum:  0.0, Workers: 8
[114.595s][debug][gc,phases         ] GC(2611)     Termination (ms):         Min:  0.0, Avg:  0.1, Max:  0.1, Diff:  0.0, Sum:  0.6, Workers: 8
[114.595s][debug][gc,phases         ] GC(2611)       Termination Attempts:     Min: 1, Avg:  1.0, Max: 1, Diff: 0, Sum: 8, Workers: 8
[114.595s][debug][gc,phases         ] GC(2611)     GC Worker Other (ms):     Min:  0.0, Avg:  0.0, Max:  0.1, Diff:  0.1, Sum:  0.4, Workers: 8
[114.595s][debug][gc,phases         ] GC(2611)     GC Worker Total (ms):     Min:  0.3, Avg:  0.3, Max:  0.3, Diff:  0.0, Sum:  2.2, Workers: 8
[114.595s][info ][gc,phases         ] GC(2611)   Post Evacuate Collection Set: 0.6ms
[114.595s][debug][gc,phases         ] GC(2611)     Code Roots Fixup: 0.0ms
[114.595s][debug][gc,phases         ] GC(2611)     Clear Card Table: 0.2ms
[114.595s][debug][gc,phases         ] GC(2611)     Reference Processing: 0.0ms
[114.595s][debug][gc,phases,ref     ] GC(2611)       Reconsider SoftReferences: 0.0ms
[114.595s][debug][gc,phases,ref     ] GC(2611)         SoftRef (ms):             skipped
[114.595s][debug][gc,phases,ref     ] GC(2611)       Notify Soft/WeakReferences: 0.0ms
[114.595s][debug][gc,phases,ref     ] GC(2611)         SoftRef (ms):             skipped
[114.595s][debug][gc,phases,ref     ] GC(2611)         WeakRef (ms):             skipped
[114.595s][debug][gc,phases,ref     ] GC(2611)         FinalRef (ms):            skipped
[114.595s][debug][gc,phases,ref     ] GC(2611)         Total (ms):               skipped
[114.595s][debug][gc,phases,ref     ] GC(2611)       Notify and keep alive finalizable: 0.0ms
[114.595s][debug][gc,phases,ref     ] GC(2611)         FinalRef (ms):            skipped
[114.595s][debug][gc,phases,ref     ] GC(2611)       Notify PhantomReferences: 0.0ms
[114.595s][debug][gc,phases,ref     ] GC(2611)         PhantomRef (ms):          skipped
[114.595s][debug][gc,phases,ref     ] GC(2611)       SoftReference:
[114.595s][debug][gc,phases,ref     ] GC(2611)         Discovered: 0
[114.595s][debug][gc,phases,ref     ] GC(2611)         Cleared: 0
[114.595s][debug][gc,phases,ref     ] GC(2611)       WeakReference:
[114.595s][debug][gc,phases,ref     ] GC(2611)         Discovered: 0
[114.595s][debug][gc,phases,ref     ] GC(2611)         Cleared: 0
[114.595s][debug][gc,phases,ref     ] GC(2611)       FinalReference:
[114.595s][debug][gc,phases,ref     ] GC(2611)         Discovered: 0
[114.595s][debug][gc,phases,ref     ] GC(2611)         Cleared: 0
[114.595s][debug][gc,phases,ref     ] GC(2611)       PhantomReference:
[114.595s][debug][gc,phases,ref     ] GC(2611)         Discovered: 0
[114.595s][debug][gc,phases,ref     ] GC(2611)         Cleared: 0
[114.595s][debug][gc,phases         ] GC(2611)     Weak Processing: 0.0ms
[114.595s][debug][gc,phases         ] GC(2611)       JVMTI weak processing: 0.0ms
[114.595s][debug][gc,phases         ] GC(2611)         Dead: 0
[114.595s][debug][gc,phases         ] GC(2611)         Total: 0
[114.595s][debug][gc,phases         ] GC(2611)       JFR weak processing: 0.0ms
[114.595s][debug][gc,phases         ] GC(2611)         Dead: 0
[114.595s][debug][gc,phases         ] GC(2611)         Total: 0
[114.595s][debug][gc,phases         ] GC(2611)       JNI weak                  Min:  0.0, Avg:  0.0, Max:  0.0, Diff:  0.0, Sum:  0.0, Workers: 5
[114.595s][debug][gc,phases         ] GC(2611)         Dead                      Min: 0, Avg:  0.0, Max: 0, Diff: 0, Sum: 0, Workers: 5
[114.595s][debug][gc,phases         ] GC(2611)         Total                     Min: 0, Avg: 20.4, Max: 62, Diff: 62, Sum: 102, Workers: 5
[114.595s][debug][gc,phases         ] GC(2611)       VM weak                   Min:  0.0, Avg:  0.0, Max:  0.0, Diff:  0.0, Sum:  0.0, Workers: 5
[114.595s][debug][gc,phases         ] GC(2611)         Dead                      Min: 0, Avg:  0.0, Max: 0, Diff: 0, Sum: 0, Workers: 5
[114.595s][debug][gc,phases         ] GC(2611)         Total                     Min: 0, Avg: 42.4, Max: 128, Diff: 128, Sum: 212, Workers: 5
[114.595s][debug][gc,phases         ] GC(2611)       StringTable weak          Min:  0.0, Avg:  0.0, Max:  0.0, Diff:  0.0, Sum:  0.1, Workers: 5
[114.595s][debug][gc,phases         ] GC(2611)         Dead                      Min: 0, Avg:  0.0, Max: 0, Diff: 0, Sum: 0, Workers: 5
[114.595s][debug][gc,phases         ] GC(2611)         Total                     Min: 0, Avg: 684.6, Max: 1376, Diff: 1376, Sum: 3423, Workers: 5
[114.595s][debug][gc,phases         ] GC(2611)       ResolvedMethodTable weak  Min:  0.0, Avg:  0.0, Max:  0.0, Diff:  0.0, Sum:  0.0, Workers: 5
[114.595s][debug][gc,phases         ] GC(2611)         Dead                      Min: 0, Avg:  0.0, Max: 0, Diff: 0, Sum: 0, Workers: 5
[114.595s][debug][gc,phases         ] GC(2611)         Total                     Min: 0, Avg: 114.6, Max: 192, Diff: 192, Sum: 573, Workers: 5
[114.595s][debug][gc,phases         ] GC(2611)     Merge Per-Thread State: 0.0ms
[114.595s][debug][gc,phases         ] GC(2611)       Copied Bytes              Min: 72, Avg: 300303.0, Max: 800320, Diff: 800248, Sum: 2402424, Workers: 8
[114.595s][debug][gc,phases         ] GC(2611)       LAB Waste                 Min: 0, Avg:  0.0, Max: 0, Diff: 0, Sum: 0, Workers: 8
[114.595s][debug][gc,phases         ] GC(2611)       LAB Undo Waste            Min: 0, Avg:  0.0, Max: 0, Diff: 0, Sum: 0, Workers: 8
[114.595s][debug][gc,phases         ] GC(2611)     Code Roots Purge: 0.0ms
[114.595s][debug][gc,phases         ] GC(2611)     Redirty Cards: 0.1ms
[114.595s][debug][gc,phases         ] GC(2611)     DerivedPointerTable Update: 0.0ms
[114.595s][debug][gc,phases         ] GC(2611)     Free Collection Set: 0.2ms
[114.595s][debug][gc,phases         ] GC(2611)     Rebuild Free List: 0.1ms
[114.595s][debug][gc,phases         ] GC(2611)     Humongous Reclaim: 0.0ms
[114.595s][debug][gc,phases         ] GC(2611)     Start New Collection Set: 0.0ms
[114.595s][debug][gc,phases         ] GC(2611)     Resize TLABs: 0.0ms
[114.595s][debug][gc,phases         ] GC(2611)     Expand Heap After Collection: 0.0ms
[114.595s][info ][gc,phases         ] GC(2611)   Other: 0.3ms
[114.595s][info ][gc,heap           ] GC(2611) Eden regions: 771->0(772)
[114.595s][info ][gc,heap           ] GC(2611) Survivor regions: 4->3(97)
[114.595s][info ][gc,heap           ] GC(2611) Old regions: 18->18
[114.595s][info ][gc,heap           ] GC(2611) Archive regions: 2->2
[114.595s][info ][gc,heap           ] GC(2611) Humongous regions: 0->0
[114.595s][info ][gc,metaspace      ] GC(2611) Metaspace: 10016K(10624K)->10016K(10624K) NonClass: 8864K(9216K)->8864K(9216K) Class: 1152K(1408K)->1152K(1408K)
[114.595s][debug][gc,heap           ] GC(2611) Heap after GC invocations=2612 (full 1): garbage-first heap   total 1324032K, used 21529K [0x0000000700000000, 0x0000000800000000)
[114.595s][debug][gc,heap           ] GC(2611)   region size 1024K, 3 young (3072K), 3 survivors (3072K)
[114.595s][debug][gc,heap           ] GC(2611)  Metaspace       used 10016K, capacity 10304K, committed 10624K, reserved 1058816K
[114.595s][debug][gc,heap           ] GC(2611)   class space    used 1152K, capacity 1266K, committed 1408K, reserved 1048576K
[114.595s][info ][gc                ] GC(2611) Pause Young (Normal) (G1 Evacuation Pause) 792M->21M(1293M) 2.239ms
[114.595s][info ][gc,cpu            ] GC(2611) User=0.01s Sys=0.00s Real=0.00s
[114.595s][info ][safepoint         ] Safepoint "G1CollectForAllocation", Time since last: 49845496 ns, Reaching safepoint: 150980 ns, At safepoint: 2516360 ns, Total: 2667340 ns
[114.638s][debug][gc,heap           ] GC(2612) Heap before GC invocations=2612 (full 1): garbage-first heap   total 1324032K, used 811033K [0x0000000700000000, 0x0000000800000000)
[114.638s][debug][gc,heap           ] GC(2612)   region size 1024K, 775 young (793600K), 3 survivors (3072K)
[114.638s][debug][gc,heap           ] GC(2612)  Metaspace       used 10016K, capacity 10304K, committed 10624K, reserved 1058816K
[114.638s][debug][gc,heap           ] GC(2612)   class space    used 1152K, capacity 1266K, committed 1408K, reserved 1048576K
[114.638s][info ][gc,start          ] GC(2612) Pause Young (Normal) (G1 Evacuation Pause)
[114.638s][info ][gc,task           ] GC(2612) Using 8 workers of 8 for evacuation
[114.638s][debug][gc,tlab           ] GC(2612) TLAB totals: thrds: 8  refills: 13 max: 3 slow allocs: 1539 max 248 waste: 31.9% gc: 986512B max: 222000B slow: 31944B max: 15096B fast: 0B max: 0B
[114.638s][debug][gc,age            ] GC(2612) Desired survivor size 50855936 bytes, new threshold 15 (max threshold 15)
[114.638s][debug][gc,alloc,region   ] GC(2612) Mutator Allocation stats, regions: 772, wasted size: 180M (23.4%)
[114.638s][debug][gc,ergo           ] GC(2612) Running G1 Merge Heap Roots using 8 workers for 775 regions
[114.638s][debug][gc,remset         ] GC(2612) Visited cards 512 Total dirty 4096 (12.50%) Total old 3215360 (0.02%)
[114.639s][debug][gc,ergo           ] GC(2612) Running G1 Clear Card Table Task using 2 workers for 2 units of work for 777 regions.
[114.639s][debug][gc,ref            ] GC(2612) Skipped phase1 of Reference Processing due to unavailable references
[114.639s][debug][gc,ref            ] GC(2612) Skipped phase2 of Reference Processing due to unavailable references
[114.639s][debug][gc,ref            ] GC(2612) Skipped phase3 of Reference Processing due to unavailable references
[114.639s][debug][gc,ref            ] GC(2612) Skipped phase4 of Reference Processing due to unavailable references
[114.639s][debug][gc,ergo           ] GC(2612) Running G1 Free Collection Set using 8 workers for collection set length 775 (1293)
[114.639s][debug][gc,ergo           ] GC(2612) Running G1 Rebuild Free List Task using 8 workers for rebuilding free list of 0 (4096) regions
[114.639s][trace][gc,age            ] GC(2612) Age table with threshold 15 (max threshold 15)
[114.639s][trace][gc,age            ] GC(2612) - age   1:    2402536 bytes,    2402536 total
[114.639s][debug][gc,plab           ] GC(2612) Young PLAB allocation: allocated: 16512B, wasted: 0B, unused: 14064B, used: 2448B, undo waste: 0B, 
[114.639s][debug][gc,plab           ] GC(2612) Young other allocation: region end waste: 482640B, regions filled: 3, direct allocated: 2400088B, failure used: 0B, failure wasted: 0B
[114.639s][debug][gc,plab           ] GC(2612) Young sizing: calculated: 0B, actual: 2064B
[114.639s][debug][gc,plab           ] GC(2612) Old PLAB allocation: allocated: 0B, wasted: 0B, unused: 0B, used: 0B, undo waste: 0B, 
[114.639s][debug][gc,plab           ] GC(2612) Old other allocation: region end waste: 0B, regions filled: 1, direct allocated: 0B, failure used: 0B, failure wasted: 0B
[114.639s][debug][gc,plab           ] GC(2612) Old sizing: calculated: 0B, actual: 2064B
[114.640s][debug][gc,ihop           ] GC(2612) Basic information (value update), threshold: 610113945B (45.00), target occupancy: 1355808768B, current occupancy: 22046504B, recent allocation size: 0B, recent allocation duration: 43.77ms, recent old gen allocation rate: 0.00B/s, recent marking phase length: 30.68ms
[114.640s][debug][gc,ihop           ] GC(2612) Adaptive IHOP information (value update), threshold: 610113945B (47.37), internal target occupancy: 1288018329B, occupancy: 22046504B, additional buffer size: 812646400B, predicted old gen allocation rate: 4.76B/s, predicted marking phase length: 61.36ms, prediction active: false
[114.640s][debug][gc,ergo,refine    ] GC(2612) Concurrent refinement times: Logged Cards Scan time goal: 20.00ms Logged Cards Scan time: 0.00ms HCC time: 0.00ms
[114.640s][debug][gc,ergo,refine    ] GC(2612) Updated Refinement Zones: green: 2048, yellow: 6144, red: 10240
[114.640s][info ][gc,phases         ] GC(2612)   Pre Evacuate Collection Set: 0.2ms
[114.640s][debug][gc,phases         ] GC(2612)     Prepare TLABs: 0.0ms
[114.640s][debug][gc,phases         ] GC(2612)     Choose Collection Set: 0.0ms
[114.640s][debug][gc,phases         ] GC(2612)     Region Register: 0.1ms
[114.640s][debug][gc,phases         ] GC(2612)     Prepare Heap Roots: 0.0ms
[114.640s][info ][gc,phases         ] GC(2612)   Merge Heap Roots: 0.2ms
[114.640s][debug][gc,phases         ] GC(2612)     Prepare Merge Heap Roots: 0.0ms
[114.640s][debug][gc,phases         ] GC(2612)     Eager Reclaim (ms):       skipped
[114.640s][debug][gc,phases         ] GC(2612)     Remembered Sets (ms):     Min:  0.0, Avg:  0.0, Max:  0.1, Diff:  0.0, Sum:  0.4, Workers: 8
[114.640s][debug][gc,phases         ] GC(2612)       Merged Sparse:            Min: 0, Avg:  0.0, Max: 0, Diff: 0, Sum: 0, Workers: 8
[114.640s][debug][gc,phases         ] GC(2612)       Merged Fine:              Min: 0, Avg:  0.0, Max: 0, Diff: 0, Sum: 0, Workers: 8
[114.640s][debug][gc,phases         ] GC(2612)       Merged Coarse:            Min: 0, Avg:  0.0, Max: 0, Diff: 0, Sum: 0, Workers: 8
[114.640s][debug][gc,phases         ] GC(2612)       Dirty Cards:              Min: 0, Avg:  0.0, Max: 0, Diff: 0, Sum: 0, Workers: 8
[114.640s][debug][gc,phases         ] GC(2612)     Hot Card Cache (ms):      Min:  0.0, Avg:  0.0, Max:  0.0, Diff:  0.0, Sum:  0.0, Workers: 8
[114.640s][debug][gc,phases         ] GC(2612)       Dirty Cards:              Min: 0, Avg:  0.0, Max: 0, Diff: 0, Sum: 0, Workers: 8
[114.640s][debug][gc,phases         ] GC(2612)       Skipped Cards:            Min: 0, Avg:  0.0, Max: 0, Diff: 0, Sum: 0, Workers: 8
[114.640s][debug][gc,phases         ] GC(2612)     Log Buffers (ms):         Min:  0.0, Avg:  0.0, Max:  0.0, Diff:  0.0, Sum:  0.0, Workers: 8
[114.640s][debug][gc,phases         ] GC(2612)       Dirty Cards:              Min: 0, Avg:  0.2, Max: 1, Diff: 1, Sum: 2, Workers: 8
[114.640s][debug][gc,phases         ] GC(2612)       Skipped Cards:            Min: 0, Avg:  0.0, Max: 0, Diff: 0, Sum: 0, Workers: 8
[114.640s][info ][gc,phases         ] GC(2612)   Evacuate Collection Set: 0.3ms
[114.640s][debug][gc,phases         ] GC(2612)     Ext Root Scanning (ms):   Min:  0.0, Avg:  0.1, Max:  0.3, Diff:  0.2, Sum:  1.1, Workers: 8
[114.640s][debug][gc,phases         ] GC(2612)     Scan Heap Roots (ms):     Min:  0.0, Avg:  0.0, Max:  0.0, Diff:  0.0, Sum:  0.0, Workers: 8
[114.640s][debug][gc,phases         ] GC(2612)       Scanned Cards:            Min: 0, Avg:  0.2, Max: 1, Diff: 1, Sum: 2, Workers: 8
[114.640s][debug][gc,phases         ] GC(2612)       Scanned Blocks:           Min: 0, Avg:  0.2, Max: 1, Diff: 1, Sum: 2, Workers: 8
[114.640s][debug][gc,phases         ] GC(2612)       Claimed Chunks:           Min: 0, Avg:  0.2, Max: 1, Diff: 1, Sum: 2, Workers: 8
[114.640s][debug][gc,phases         ] GC(2612)     Code Root Scan (ms):      Min:  0.0, Avg:  0.0, Max:  0.0, Diff:  0.0, Sum:  0.1, Workers: 8
[114.640s][debug][gc,phases         ] GC(2612)     Object Copy (ms):         Min:  0.0, Avg:  0.0, Max:  0.0, Diff:  0.0, Sum:  0.0, Workers: 8
[114.640s][debug][gc,phases         ] GC(2612)     Termination (ms):         Min:  0.0, Avg:  0.1, Max:  0.1, Diff:  0.1, Sum:  0.8, Workers: 8
[114.640s][debug][gc,phases         ] GC(2612)       Termination Attempts:     Min: 1, Avg:  1.2, Max: 2, Diff: 1, Sum: 10, Workers: 8
[114.640s][debug][gc,phases         ] GC(2612)     GC Worker Other (ms):     Min:  0.0, Avg:  0.0, Max:  0.1, Diff:  0.1, Sum:  0.3, Workers: 8
[114.640s][debug][gc,phases         ] GC(2612)     GC Worker Total (ms):     Min:  0.3, Avg:  0.3, Max:  0.3, Diff:  0.0, Sum:  2.4, Workers: 8
[114.640s][info ][gc,phases         ] GC(2612)   Post Evacuate Collection Set: 0.6ms
[114.640s][debug][gc,phases         ] GC(2612)     Code Roots Fixup: 0.0ms
[114.640s][debug][gc,phases         ] GC(2612)     Clear Card Table: 0.2ms
[114.640s][debug][gc,phases         ] GC(2612)     Reference Processing: 0.0ms
[114.640s][debug][gc,phases,ref     ] GC(2612)       Reconsider SoftReferences: 0.0ms
[114.640s][debug][gc,phases,ref     ] GC(2612)         SoftRef (ms):             skipped
[114.640s][debug][gc,phases,ref     ] GC(2612)       Notify Soft/WeakReferences: 0.0ms
[114.640s][debug][gc,phases,ref     ] GC(2612)         SoftRef (ms):             skipped
[114.640s][debug][gc,phases,ref     ] GC(2612)         WeakRef (ms):             skipped
[114.640s][debug][gc,phases,ref     ] GC(2612)         FinalRef (ms):            skipped
[114.640s][debug][gc,phases,ref     ] GC(2612)         Total (ms):               skipped
[114.640s][debug][gc,phases,ref     ] GC(2612)       Notify and keep alive finalizable: 0.0ms
[114.640s][debug][gc,phases,ref     ] GC(2612)         FinalRef (ms):            skipped
[114.640s][debug][gc,phases,ref     ] GC(2612)       Notify PhantomReferences: 0.0ms
[114.640s][debug][gc,phases,ref     ] GC(2612)         PhantomRef (ms):          skipped
[114.640s][debug][gc,phases,ref     ] GC(2612)       SoftReference:
[114.640s][debug][gc,phases,ref     ] GC(2612)         Discovered: 0
[114.640s][debug][gc,phases,ref     ] GC(2612)         Cleared: 0
[114.640s][debug][gc,phases,ref     ] GC(2612)       WeakReference:
[114.640s][debug][gc,phases,ref     ] GC(2612)         Discovered: 0
[114.640s][debug][gc,phases,ref     ] GC(2612)         Cleared: 0
[114.640s][debug][gc,phases,ref     ] GC(2612)       FinalReference:
[114.640s][debug][gc,phases,ref     ] GC(2612)         Discovered: 0
[114.640s][debug][gc,phases,ref     ] GC(2612)         Cleared: 0
[114.640s][debug][gc,phases,ref     ] GC(2612)       PhantomReference:
[114.640s][debug][gc,phases,ref     ] GC(2612)         Discovered: 0
[114.640s][debug][gc,phases,ref     ] GC(2612)         Cleared: 0
[114.640s][debug][gc,phases         ] GC(2612)     Weak Processing: 0.0ms
[114.640s][debug][gc,phases         ] GC(2612)       JVMTI weak processing: 0.0ms
[114.640s][debug][gc,phases         ] GC(2612)         Dead: 0
[114.640s][debug][gc,phases         ] GC(2612)         Total: 0
[114.640s][debug][gc,phases         ] GC(2612)       JFR weak processing: 0.0ms
[114.640s][debug][gc,phases         ] GC(2612)         Dead: 0
[114.640s][debug][gc,phases         ] GC(2612)         Total: 0
[114.640s][debug][gc,phases         ] GC(2612)       JNI weak                  Min:  0.0, Avg:  0.0, Max:  0.0, Diff:  0.0, Sum:  0.0, Workers: 5
[114.640s][debug][gc,phases         ] GC(2612)         Dead                      Min: 0, Avg:  0.0, Max: 0, Diff: 0, Sum: 0, Workers: 5
[114.640s][debug][gc,phases         ] GC(2612)         Total                     Min: 0, Avg: 20.4, Max: 102, Diff: 102, Sum: 102, Workers: 5
[114.640s][debug][gc,phases         ] GC(2612)       VM weak                   Min:  0.0, Avg:  0.0, Max:  0.0, Diff:  0.0, Sum:  0.0, Workers: 5
[114.640s][debug][gc,phases         ] GC(2612)         Dead                      Min: 0, Avg:  0.0, Max: 0, Diff: 0, Sum: 0, Workers: 5
[114.640s][debug][gc,phases         ] GC(2612)         Total                     Min: 0, Avg: 42.4, Max: 128, Diff: 128, Sum: 212, Workers: 5
[114.640s][debug][gc,phases         ] GC(2612)       StringTable weak          Min:  0.0, Avg:  0.0, Max:  0.0, Diff:  0.0, Sum:  0.1, Workers: 5
[114.640s][debug][gc,phases         ] GC(2612)         Dead                      Min: 0, Avg:  0.0, Max: 0, Diff: 0, Sum: 0, Workers: 5
[114.640s][debug][gc,phases         ] GC(2612)         Total                     Min: 0, Avg: 684.6, Max: 1440, Diff: 1440, Sum: 3423, Workers: 5
[114.640s][debug][gc,phases         ] GC(2612)       ResolvedMethodTable weak  Min:  0.0, Avg:  0.0, Max:  0.0, Diff:  0.0, Sum:  0.0, Workers: 5
[114.640s][debug][gc,phases         ] GC(2612)         Dead                      Min: 0, Avg:  0.0, Max: 0, Diff: 0, Sum: 0, Workers: 5
[114.640s][debug][gc,phases         ] GC(2612)         Total                     Min: 0, Avg: 114.6, Max: 192, Diff: 192, Sum: 573, Workers: 5
[114.640s][debug][gc,phases         ] GC(2612)     Merge Per-Thread State: 0.0ms
[114.640s][debug][gc,phases         ] GC(2612)       Copied Bytes              Min: 520, Avg: 300317.0, Max: 800256, Diff: 799736, Sum: 2402536, Workers: 8
[114.640s][debug][gc,phases         ] GC(2612)       LAB Waste                 Min: 0, Avg:  0.0, Max: 0, Diff: 0, Sum: 0, Workers: 8
[114.640s][debug][gc,phases         ] GC(2612)       LAB Undo Waste            Min: 0, Avg:  0.0, Max: 0, Diff: 0, Sum: 0, Workers: 8
[114.640s][debug][gc,phases         ] GC(2612)     Code Roots Purge: 0.0ms
[114.640s][debug][gc,phases         ] GC(2612)     Redirty Cards: 0.0ms
[114.640s][debug][gc,phases         ] GC(2612)     DerivedPointerTable Update: 0.0ms
[114.640s][debug][gc,phases         ] GC(2612)     Free Collection Set: 0.2ms
[114.640s][debug][gc,phases         ] GC(2612)     Rebuild Free List: 0.1ms
[114.640s][debug][gc,phases         ] GC(2612)     Humongous Reclaim: 0.0ms
[114.640s][debug][gc,phases         ] GC(2612)     Start New Collection Set: 0.0ms
[114.640s][debug][gc,phases         ] GC(2612)     Resize TLABs: 0.0ms
[114.640s][debug][gc,phases         ] GC(2612)     Expand Heap After Collection: 0.0ms
[114.640s][info ][gc,phases         ] GC(2612)   Other: 0.3ms
[114.640s][info ][gc,heap           ] GC(2612) Eden regions: 772->0(772)
[114.640s][info ][gc,heap           ] GC(2612) Survivor regions: 3->3(97)
[114.640s][info ][gc,heap           ] GC(2612) Old regions: 18->18
[114.640s][info ][gc,heap           ] GC(2612) Archive regions: 2->2
[114.640s][info ][gc,heap           ] GC(2612) Humongous regions: 0->0
[114.640s][info ][gc,metaspace      ] GC(2612) Metaspace: 10016K(10624K)->10016K(10624K) NonClass: 8864K(9216K)->8864K(9216K) Class: 1152K(1408K)->1152K(1408K)
[114.640s][debug][gc,heap           ] GC(2612) Heap after GC invocations=2613 (full 1): garbage-first heap   total 1324032K, used 21529K [0x0000000700000000, 0x0000000800000000)
[114.640s][debug][gc,heap           ] GC(2612)   region size 1024K, 3 young (3072K), 3 survivors (3072K)
[114.640s][debug][gc,heap           ] GC(2612)  Metaspace       used 10016K, capacity 10304K, committed 10624K, reserved 1058816K
[114.640s][debug][gc,heap           ] GC(2612)   class space    used 1152K, capacity 1266K, committed 1408K, reserved 1048576K
[114.640s][info ][gc                ] GC(2612) Pause Young (Normal) (G1 Evacuation Pause) 792M->21M(1293M) 2.199ms
[114.640s][info ][gc,cpu            ] GC(2612) User=0.00s Sys=0.00s Real=0.00s
[114.640s][info ][safepoint         ] Safepoint "G1CollectForAllocation", Time since last: 42498277 ns, Reaching safepoint: 160098 ns, At safepoint: 2376793 ns, Total: 2536891 ns
[114.681s][debug][gc,heap           ] GC(2613) Heap before GC invocations=2613 (full 1): garbage-first heap   total 1324032K, used 811033K [0x0000000700000000, 0x0000000800000000)
[114.681s][debug][gc,heap           ] GC(2613)   region size 1024K, 775 young (793600K), 3 survivors (3072K)
[114.681s][debug][gc,heap           ] GC(2613)  Metaspace       used 10016K, capacity 10304K, committed 10624K, reserved 1058816K
[114.681s][debug][gc,heap           ] GC(2613)   class space    used 1152K, capacity 1266K, committed 1408K, reserved 1048576K
[114.681s][info ][gc,start          ] GC(2613) Pause Young (Normal) (G1 Evacuation Pause)
[114.681s][info ][gc,task           ] GC(2613) Using 8 workers of 8 for evacuation
[114.681s][debug][gc,tlab           ] GC(2613) TLAB totals: thrds: 8  refills: 10 max: 2 slow allocs: 1541 max 246 waste: 22.9% gc: 735368B max: 130992B slow: 27824B max: 13912B fast: 0B max: 0B
[114.681s][debug][gc,age            ] GC(2613) Desired survivor size 50855936 bytes, new threshold 15 (max threshold 15)
[114.681s][debug][gc,alloc,region   ] GC(2613) Mutator Allocation stats, regions: 772, wasted size: 181M (23.5%)
[114.681s][debug][gc,ergo           ] GC(2613) Running G1 Merge Heap Roots using 8 workers for 775 regions
[114.681s][debug][gc,remset         ] GC(2613) Visited cards 256 Total dirty 2048 (12.50%) Total old 3215360 (0.01%)
[114.681s][debug][gc,ergo           ] GC(2613) Running G1 Clear Card Table Task using 2 workers for 2 units of work for 776 regions.
[114.681s][debug][gc,ref            ] GC(2613) Skipped phase1 of Reference Processing due to unavailable references
[114.681s][debug][gc,ref            ] GC(2613) Skipped phase2 of Reference Processing due to unavailable references
[114.681s][debug][gc,ref            ] GC(2613) Skipped phase3 of Reference Processing due to unavailable references
[114.681s][debug][gc,ref            ] GC(2613) Skipped phase4 of Reference Processing due to unavailable references
[114.682s][debug][gc,ergo           ] GC(2613) Running G1 Free Collection Set using 8 workers for collection set length 775 (1293)
[114.682s][debug][gc,ergo           ] GC(2613) Running G1 Rebuild Free List Task using 8 workers for rebuilding free list of 0 (4096) regions
[114.682s][trace][gc,age            ] GC(2613) Age table with threshold 15 (max threshold 15)
[114.682s][trace][gc,age            ] GC(2613) - age   1:    1602512 bytes,    1602512 total
[114.682s][debug][gc,plab           ] GC(2613) Young PLAB allocation: allocated: 16512B, wasted: 0B, unused: 14064B, used: 2448B, undo waste: 0B, 
[114.682s][debug][gc,plab           ] GC(2613) Young other allocation: region end waste: 238224B, regions filled: 2, direct allocated: 1600064B, failure used: 0B, failure wasted: 0B
[114.682s][debug][gc,plab           ] GC(2613) Young sizing: calculated: 0B, actual: 2064B
[114.682s][debug][gc,plab           ] GC(2613) Old PLAB allocation: allocated: 0B, wasted: 0B, unused: 0B, used: 0B, undo waste: 0B, 
[114.682s][debug][gc,plab           ] GC(2613) Old other allocation: region end waste: 0B, regions filled: 1, direct allocated: 0B, failure used: 0B, failure wasted: 0B
[114.682s][debug][gc,plab           ] GC(2613) Old sizing: calculated: 0B, actual: 2064B
[114.682s][debug][gc,ihop           ] GC(2613) Basic information (value update), threshold: 610113945B (45.00), target occupancy: 1355808768B, current occupancy: 21002064B, recent allocation size: 0B, recent allocation duration: 41.13ms, recent old gen allocation rate: 0.00B/s, recent marking phase length: 30.68ms
[114.682s][debug][gc,ihop           ] GC(2613) Adaptive IHOP information (value update), threshold: 610113945B (47.37), internal target occupancy: 1288018329B, occupancy: 21002064B, additional buffer size: 812646400B, predicted old gen allocation rate: 4.64B/s, predicted marking phase length: 61.36ms, prediction active: false
[114.682s][debug][gc,ergo,refine    ] GC(2613) Concurrent refinement times: Logged Cards Scan time goal: 20.00ms Logged Cards Scan time: 0.00ms HCC time: 0.00ms
[114.682s][debug][gc,ergo,refine    ] GC(2613) Updated Refinement Zones: green: 2048, yellow: 6144, red: 10240
[114.682s][info ][gc,phases         ] GC(2613)   Pre Evacuate Collection Set: 0.1ms
[114.682s][debug][gc,phases         ] GC(2613)     Prepare TLABs: 0.0ms
[114.682s][debug][gc,phases         ] GC(2613)     Choose Collection Set: 0.0ms
[114.682s][debug][gc,phases         ] GC(2613)     Region Register: 0.1ms
[114.682s][debug][gc,phases         ] GC(2613)     Prepare Heap Roots: 0.0ms
[114.682s][info ][gc,phases         ] GC(2613)   Merge Heap Roots: 0.1ms
[114.682s][debug][gc,phases         ] GC(2613)     Prepare Merge Heap Roots: 0.0ms
[114.682s][debug][gc,phases         ] GC(2613)     Eager Reclaim (ms):       skipped
[114.682s][debug][gc,phases         ] GC(2613)     Remembered Sets (ms):     Min:  0.0, Avg:  0.0, Max:  0.1, Diff:  0.0, Sum:  0.3, Workers: 8
[114.682s][debug][gc,phases         ] GC(2613)       Merged Sparse:            Min: 0, Avg:  0.0, Max: 0, Diff: 0, Sum: 0, Workers: 8
[114.682s][debug][gc,phases         ] GC(2613)       Merged Fine:              Min: 0, Avg:  0.0, Max: 0, Diff: 0, Sum: 0, Workers: 8
[114.682s][debug][gc,phases         ] GC(2613)       Merged Coarse:            Min: 0, Avg:  0.0, Max: 0, Diff: 0, Sum: 0, Workers: 8
[114.682s][debug][gc,phases         ] GC(2613)       Dirty Cards:              Min: 0, Avg:  0.0, Max: 0, Diff: 0, Sum: 0, Workers: 8
[114.682s][debug][gc,phases         ] GC(2613)     Hot Card Cache (ms):      Min:  0.0, Avg:  0.0, Max:  0.0, Diff:  0.0, Sum:  0.0, Workers: 8
[114.682s][debug][gc,phases         ] GC(2613)       Dirty Cards:              Min: 0, Avg:  0.0, Max: 0, Diff: 0, Sum: 0, Workers: 8
[114.682s][debug][gc,phases         ] GC(2613)       Skipped Cards:            Min: 0, Avg:  0.0, Max: 0, Diff: 0, Sum: 0, Workers: 8
[114.682s][debug][gc,phases         ] GC(2613)     Log Buffers (ms):         Min:  0.0, Avg:  0.0, Max:  0.0, Diff:  0.0, Sum:  0.0, Workers: 8
[114.682s][debug][gc,phases         ] GC(2613)       Dirty Cards:              Min: 0, Avg:  0.1, Max: 1, Diff: 1, Sum: 1, Workers: 8
[114.682s][debug][gc,phases         ] GC(2613)       Skipped Cards:            Min: 0, Avg:  0.0, Max: 0, Diff: 0, Sum: 0, Workers: 8
[114.682s][info ][gc,phases         ] GC(2613)   Evacuate Collection Set: 0.3ms
[114.682s][debug][gc,phases         ] GC(2613)     Ext Root Scanning (ms):   Min:  0.0, Avg:  0.1, Max:  0.2, Diff:  0.1, Sum:  0.8, Workers: 8
[114.682s][debug][gc,phases         ] GC(2613)     Scan Heap Roots (ms):     Min:  0.0, Avg:  0.0, Max:  0.0, Diff:  0.0, Sum:  0.0, Workers: 8
[114.682s][debug][gc,phases         ] GC(2613)       Scanned Cards:            Min: 0, Avg:  0.1, Max: 1, Diff: 1, Sum: 1, Workers: 8
[114.682s][debug][gc,phases         ] GC(2613)       Scanned Blocks:           Min: 0, Avg:  0.1, Max: 1, Diff: 1, Sum: 1, Workers: 8
[114.682s][debug][gc,phases         ] GC(2613)       Claimed Chunks:           Min: 0, Avg:  0.1, Max: 1, Diff: 1, Sum: 1, Workers: 8
[114.682s][debug][gc,phases         ] GC(2613)     Code Root Scan (ms):      Min:  0.0, Avg:  0.0, Max:  0.0, Diff:  0.0, Sum:  0.1, Workers: 8
[114.682s][debug][gc,phases         ] GC(2613)     Object Copy (ms):         Min:  0.0, Avg:  0.0, Max:  0.0, Diff:  0.0, Sum:  0.0, Workers: 8
[114.682s][debug][gc,phases         ] GC(2613)     Termination (ms):         Min:  0.1, Avg:  0.1, Max:  0.1, Diff:  0.0, Sum:  0.8, Workers: 8
[114.682s][debug][gc,phases         ] GC(2613)       Termination Attempts:     Min: 1, Avg:  1.0, Max: 1, Diff: 0, Sum: 8, Workers: 8
[114.682s][debug][gc,phases         ] GC(2613)     GC Worker Other (ms):     Min:  0.0, Avg:  0.0, Max:  0.1, Diff:  0.1, Sum:  0.3, Workers: 8
[114.682s][debug][gc,phases         ] GC(2613)     GC Worker Total (ms):     Min:  0.2, Avg:  0.3, Max:  0.3, Diff:  0.0, Sum:  2.1, Workers: 8
[114.682s][info ][gc,phases         ] GC(2613)   Post Evacuate Collection Set: 0.6ms
[114.682s][debug][gc,phases         ] GC(2613)     Code Roots Fixup: 0.0ms
[114.682s][debug][gc,phases         ] GC(2613)     Clear Card Table: 0.2ms
[114.682s][debug][gc,phases         ] GC(2613)     Reference Processing: 0.0ms
[114.682s][debug][gc,phases,ref     ] GC(2613)       Reconsider SoftReferences: 0.0ms
[114.682s][debug][gc,phases,ref     ] GC(2613)         SoftRef (ms):             skipped
[114.682s][debug][gc,phases,ref     ] GC(2613)       Notify Soft/WeakReferences: 0.0ms
[114.682s][debug][gc,phases,ref     ] GC(2613)         SoftRef (ms):             skipped
[114.682s][debug][gc,phases,ref     ] GC(2613)         WeakRef (ms):             skipped
[114.682s][debug][gc,phases,ref     ] GC(2613)         FinalRef (ms):            skipped
[114.682s][debug][gc,phases,ref     ] GC(2613)         Total (ms):               skipped
[114.682s][debug][gc,phases,ref     ] GC(2613)       Notify and keep alive finalizable: 0.0ms
[114.682s][debug][gc,phases,ref     ] GC(2613)         FinalRef (ms):            skipped
[114.682s][debug][gc,phases,ref     ] GC(2613)       Notify PhantomReferences: 0.0ms
[114.682s][debug][gc,phases,ref     ] GC(2613)         PhantomRef (ms):          skipped
[114.682s][debug][gc,phases,ref     ] GC(2613)       SoftReference:
[114.682s][debug][gc,phases,ref     ] GC(2613)         Discovered: 0
[114.682s][debug][gc,phases,ref     ] GC(2613)         Cleared: 0
[114.682s][debug][gc,phases,ref     ] GC(2613)       WeakReference:
[114.682s][debug][gc,phases,ref     ] GC(2613)         Discovered: 0
[114.682s][debug][gc,phases,ref     ] GC(2613)         Cleared: 0
[114.682s][debug][gc,phases,ref     ] GC(2613)       FinalReference:
[114.682s][debug][gc,phases,ref     ] GC(2613)         Discovered: 0
[114.682s][debug][gc,phases,ref     ] GC(2613)         Cleared: 0
[114.682s][debug][gc,phases,ref     ] GC(2613)       PhantomReference:
[114.682s][debug][gc,phases,ref     ] GC(2613)         Discovered: 0
[114.682s][debug][gc,phases,ref     ] GC(2613)         Cleared: 0
[114.682s][debug][gc,phases         ] GC(2613)     Weak Processing: 0.0ms
[114.682s][debug][gc,phases         ] GC(2613)       JVMTI weak processing: 0.0ms
[114.682s][debug][gc,phases         ] GC(2613)         Dead: 0
[114.682s][debug][gc,phases         ] GC(2613)         Total: 0
[114.682s][debug][gc,phases         ] GC(2613)       JFR weak processing: 0.0ms
[114.682s][debug][gc,phases         ] GC(2613)         Dead: 0
[114.682s][debug][gc,phases         ] GC(2613)         Total: 0
[114.682s][debug][gc,phases         ] GC(2613)       JNI weak                  Min:  0.0, Avg:  0.0, Max:  0.0, Diff:  0.0, Sum:  0.0, Workers: 5
[114.682s][debug][gc,phases         ] GC(2613)         Dead                      Min: 0, Avg:  0.0, Max: 0, Diff: 0, Sum: 0, Workers: 5
[114.682s][debug][gc,phases         ] GC(2613)         Total                     Min: 0, Avg: 20.4, Max: 62, Diff: 62, Sum: 102, Workers: 5
[114.682s][debug][gc,phases         ] GC(2613)       VM weak                   Min:  0.0, Avg:  0.0, Max:  0.0, Diff:  0.0, Sum:  0.0, Workers: 5
[114.682s][debug][gc,phases         ] GC(2613)         Dead                      Min: 0, Avg:  0.0, Max: 0, Diff: 0, Sum: 0, Workers: 5
[114.682s][debug][gc,phases         ] GC(2613)         Total                     Min: 0, Avg: 42.4, Max: 64, Diff: 64, Sum: 212, Workers: 5
[114.682s][debug][gc,phases         ] GC(2613)       StringTable weak          Min:  0.0, Avg:  0.0, Max:  0.0, Diff:  0.0, Sum:  0.1, Workers: 5
[114.682s][debug][gc,phases         ] GC(2613)         Dead                      Min: 0, Avg:  0.0, Max: 0, Diff: 0, Sum: 0, Workers: 5
[114.682s][debug][gc,phases         ] GC(2613)         Total                     Min: 0, Avg: 684.6, Max: 896, Diff: 896, Sum: 3423, Workers: 5
[114.682s][debug][gc,phases         ] GC(2613)       ResolvedMethodTable weak  Min:  0.0, Avg:  0.0, Max:  0.0, Diff:  0.0, Sum:  0.0, Workers: 5
[114.682s][debug][gc,phases         ] GC(2613)         Dead                      Min: 0, Avg:  0.0, Max: 0, Diff: 0, Sum: 0, Workers: 5
[114.682s][debug][gc,phases         ] GC(2613)         Total                     Min: 0, Avg: 114.6, Max: 189, Diff: 189, Sum: 573, Workers: 5
[114.682s][debug][gc,phases         ] GC(2613)     Merge Per-Thread State: 0.0ms
[114.682s][debug][gc,phases         ] GC(2613)       Copied Bytes              Min: 312, Avg: 200314.0, Max: 400088, Diff: 399776, Sum: 1602512, Workers: 8
[114.682s][debug][gc,phases         ] GC(2613)       LAB Waste                 Min: 0, Avg:  0.0, Max: 0, Diff: 0, Sum: 0, Workers: 8
[114.682s][debug][gc,phases         ] GC(2613)       LAB Undo Waste            Min: 0, Avg:  0.0, Max: 0, Diff: 0, Sum: 0, Workers: 8
[114.683s][debug][gc,phases         ] GC(2613)     Code Roots Purge: 0.0ms
[114.683s][debug][gc,phases         ] GC(2613)     Redirty Cards: 0.0ms
[114.683s][debug][gc,phases         ] GC(2613)     DerivedPointerTable Update: 0.0ms
[114.683s][debug][gc,phases         ] GC(2613)     Free Collection Set: 0.2ms
[114.683s][debug][gc,phases         ] GC(2613)     Rebuild Free List: 0.1ms
[114.683s][debug][gc,phases         ] GC(2613)     Humongous Reclaim: 0.0ms
[114.683s][debug][gc,phases         ] GC(2613)     Start New Collection Set: 0.0ms
[114.683s][debug][gc,phases         ] GC(2613)     Resize TLABs: 0.0ms
[114.683s][debug][gc,phases         ] GC(2613)     Expand Heap After Collection: 0.0ms
[114.683s][info ][gc,phases         ] GC(2613)   Other: 0.4ms
[114.683s][info ][gc,heap           ] GC(2613) Eden regions: 772->0(773)
[114.683s][info ][gc,heap           ] GC(2613) Survivor regions: 3->2(97)
[114.683s][info ][gc,heap           ] GC(2613) Old regions: 18->18
[114.683s][info ][gc,heap           ] GC(2613) Archive regions: 2->2
[114.683s][info ][gc,heap           ] GC(2613) Humongous regions: 0->0
[114.683s][info ][gc,metaspace      ] GC(2613) Metaspace: 10016K(10624K)->10016K(10624K) NonClass: 8864K(9216K)->8864K(9216K) Class: 1152K(1408K)->1152K(1408K)
[114.683s][debug][gc,heap           ] GC(2613) Heap after GC invocations=2614 (full 1): garbage-first heap   total 1324032K, used 20509K [0x0000000700000000, 0x0000000800000000)
[114.683s][debug][gc,heap           ] GC(2613)   region size 1024K, 2 young (2048K), 2 survivors (2048K)
[114.683s][debug][gc,heap           ] GC(2613)  Metaspace       used 10016K, capacity 10304K, committed 10624K, reserved 1058816K
[114.683s][debug][gc,heap           ] GC(2613)   class space    used 1152K, capacity 1266K, committed 1408K, reserved 1048576K
[114.683s][info ][gc                ] GC(2613) Pause Young (Normal) (G1 Evacuation Pause) 792M->20M(1293M) 2.042ms
[114.683s][info ][gc,cpu            ] GC(2613) User=0.00s Sys=0.01s Real=0.01s
[114.683s][info ][safepoint         ] Safepoint "G1CollectForAllocation", Time since last: 39969594 ns, Reaching safepoint: 147085 ns, At safepoint: 2204160 ns, Total: 2351245 ns
[114.723s][debug][gc,heap           ] GC(2614) Heap before GC invocations=2614 (full 1): garbage-first heap   total 1324032K, used 811037K [0x0000000700000000, 0x0000000800000000)
[114.723s][debug][gc,heap           ] GC(2614)   region size 1024K, 775 young (793600K), 2 survivors (2048K)
[114.723s][debug][gc,heap           ] GC(2614)  Metaspace       used 10016K, capacity 10304K, committed 10624K, reserved 1058816K
[114.723s][debug][gc,heap           ] GC(2614)   class space    used 1152K, capacity 1266K, committed 1408K, reserved 1048576K
[114.723s][info ][gc,start          ] GC(2614) Pause Young (Normal) (G1 Evacuation Pause)
[114.723s][info ][gc,task           ] GC(2614) Using 8 workers of 8 for evacuation
[114.723s][debug][gc,tlab           ] GC(2614) TLAB totals: thrds: 8  refills: 10 max: 2 slow allocs: 1541 max 229 waste: 39.0% gc: 1108960B max: 222000B slow: 28216B max: 14304B fast: 0B max: 0B
[114.723s][debug][gc,age            ] GC(2614) Desired survivor size 50855936 bytes, new threshold 15 (max threshold 15)
[114.723s][debug][gc,alloc,region   ] GC(2614) Mutator Allocation stats, regions: 773, wasted size: 180M (23.4%)
[114.723s][debug][gc,ergo           ] GC(2614) Running G1 Merge Heap Roots using 8 workers for 775 regions
[114.723s][debug][gc,remset         ] GC(2614) Visited cards 512 Total dirty 4096 (12.50%) Total old 3215360 (0.02%)
[114.724s][debug][gc,ergo           ] GC(2614) Running G1 Clear Card Table Task using 2 workers for 2 units of work for 777 regions.
[114.724s][debug][gc,ref            ] GC(2614) Skipped phase1 of Reference Processing due to unavailable references
[114.724s][debug][gc,ref            ] GC(2614) Skipped phase2 of Reference Processing due to unavailable references
[114.724s][debug][gc,ref            ] GC(2614) Skipped phase3 of Reference Processing due to unavailable references
[114.724s][debug][gc,ref            ] GC(2614) Skipped phase4 of Reference Processing due to unavailable references
[114.724s][debug][gc,ergo           ] GC(2614) Running G1 Free Collection Set using 8 workers for collection set length 775 (1293)
[114.724s][debug][gc,ergo           ] GC(2614) Running G1 Rebuild Free List Task using 8 workers for rebuilding free list of 0 (4096) regions
[114.724s][trace][gc,age            ] GC(2614) Age table with threshold 15 (max threshold 15)
[114.724s][trace][gc,age            ] GC(2614) - age   1:    3202720 bytes,    3202720 total
[114.724s][debug][gc,plab           ] GC(2614) Young PLAB allocation: allocated: 16512B, wasted: 0B, unused: 13904B, used: 2608B, undo waste: 0B, 
[114.724s][debug][gc,plab           ] GC(2614) Young other allocation: region end waste: 733248B, regions filled: 4, direct allocated: 3200112B, failure used: 0B, failure wasted: 0B
[114.724s][debug][gc,plab           ] GC(2614) Young sizing: calculated: 0B, actual: 2064B
[114.724s][debug][gc,plab           ] GC(2614) Old PLAB allocation: allocated: 0B, wasted: 0B, unused: 0B, used: 0B, undo waste: 0B, 
[114.724s][debug][gc,plab           ] GC(2614) Old other allocation: region end waste: 0B, regions filled: 1, direct allocated: 0B, failure used: 0B, failure wasted: 0B
[114.724s][debug][gc,plab           ] GC(2614) Old sizing: calculated: 0B, actual: 2064B
[114.724s][debug][gc,ihop           ] GC(2614) Basic information (value update), threshold: 610113945B (45.00), target occupancy: 1355808768B, current occupancy: 23097136B, recent allocation size: 0B, recent allocation duration: 40.94ms, recent old gen allocation rate: 0.00B/s, recent marking phase length: 30.68ms
[114.724s][debug][gc,ihop           ] GC(2614) Adaptive IHOP information (value update), threshold: 610113945B (47.37), internal target occupancy: 1288018329B, occupancy: 23097136B, additional buffer size: 812646400B, predicted old gen allocation rate: 4.52B/s, predicted marking phase length: 61.36ms, prediction active: false
[114.724s][debug][gc,ergo,refine    ] GC(2614) Concurrent refinement times: Logged Cards Scan time goal: 20.00ms Logged Cards Scan time: 0.00ms HCC time: 0.00ms
[114.724s][debug][gc,ergo,refine    ] GC(2614) Updated Refinement Zones: green: 2048, yellow: 6144, red: 10240
[114.724s][info ][gc,phases         ] GC(2614)   Pre Evacuate Collection Set: 0.1ms
[114.724s][debug][gc,phases         ] GC(2614)     Prepare TLABs: 0.0ms
[114.724s][debug][gc,phases         ] GC(2614)     Choose Collection Set: 0.0ms
[114.724s][debug][gc,phases         ] GC(2614)     Region Register: 0.1ms
[114.724s][debug][gc,phases         ] GC(2614)     Prepare Heap Roots: 0.0ms
[114.724s][info ][gc,phases         ] GC(2614)   Merge Heap Roots: 0.1ms
[114.724s][debug][gc,phases         ] GC(2614)     Prepare Merge Heap Roots: 0.0ms
[114.724s][debug][gc,phases         ] GC(2614)     Eager Reclaim (ms):       skipped
[114.724s][debug][gc,phases         ] GC(2614)     Remembered Sets (ms):     Min:  0.0, Avg:  0.0, Max:  0.0, Diff:  0.0, Sum:  0.3, Workers: 8
[114.724s][debug][gc,phases         ] GC(2614)       Merged Sparse:            Min: 0, Avg:  0.0, Max: 0, Diff: 0, Sum: 0, Workers: 8
[114.724s][debug][gc,phases         ] GC(2614)       Merged Fine:              Min: 0, Avg:  0.0, Max: 0, Diff: 0, Sum: 0, Workers: 8
[114.724s][debug][gc,phases         ] GC(2614)       Merged Coarse:            Min: 0, Avg:  0.0, Max: 0, Diff: 0, Sum: 0, Workers: 8
[114.724s][debug][gc,phases         ] GC(2614)       Dirty Cards:              Min: 0, Avg:  0.0, Max: 0, Diff: 0, Sum: 0, Workers: 8
[114.724s][debug][gc,phases         ] GC(2614)     Hot Card Cache (ms):      Min:  0.0, Avg:  0.0, Max:  0.0, Diff:  0.0, Sum:  0.0, Workers: 8
[114.724s][debug][gc,phases         ] GC(2614)       Dirty Cards:              Min: 0, Avg:  0.0, Max: 0, Diff: 0, Sum: 0, Workers: 8
[114.724s][debug][gc,phases         ] GC(2614)       Skipped Cards:            Min: 0, Avg:  0.0, Max: 0, Diff: 0, Sum: 0, Workers: 8
[114.724s][debug][gc,phases         ] GC(2614)     Log Buffers (ms):         Min:  0.0, Avg:  0.0, Max:  0.0, Diff:  0.0, Sum:  0.0, Workers: 8
[114.724s][debug][gc,phases         ] GC(2614)       Dirty Cards:              Min: 0, Avg:  0.2, Max: 1, Diff: 1, Sum: 2, Workers: 8
[114.724s][debug][gc,phases         ] GC(2614)       Skipped Cards:            Min: 0, Avg:  0.0, Max: 0, Diff: 0, Sum: 0, Workers: 8
[114.724s][info ][gc,phases         ] GC(2614)   Evacuate Collection Set: 0.4ms
[114.724s][debug][gc,phases         ] GC(2614)     Ext Root Scanning (ms):   Min:  0.1, Avg:  0.2, Max:  0.3, Diff:  0.2, Sum:  1.4, Workers: 8
[114.724s][debug][gc,phases         ] GC(2614)     Scan Heap Roots (ms):     Min:  0.0, Avg:  0.0, Max:  0.0, Diff:  0.0, Sum:  0.0, Workers: 8
[114.724s][debug][gc,phases         ] GC(2614)       Scanned Cards:            Min: 0, Avg:  0.2, Max: 2, Diff: 2, Sum: 2, Workers: 8
[114.724s][debug][gc,phases         ] GC(2614)       Scanned Blocks:           Min: 0, Avg:  0.2, Max: 2, Diff: 2, Sum: 2, Workers: 8
[114.724s][debug][gc,phases         ] GC(2614)       Claimed Chunks:           Min: 0, Avg:  0.2, Max: 2, Diff: 2, Sum: 2, Workers: 8
[114.724s][debug][gc,phases         ] GC(2614)     Code Root Scan (ms):      Min:  0.0, Avg:  0.0, Max:  0.0, Diff:  0.0, Sum:  0.1, Workers: 8
[114.724s][debug][gc,phases         ] GC(2614)     Object Copy (ms):         Min:  0.0, Avg:  0.0, Max:  0.0, Diff:  0.0, Sum:  0.0, Workers: 8
[114.724s][debug][gc,phases         ] GC(2614)     Termination (ms):         Min:  0.0, Avg:  0.1, Max:  0.1, Diff:  0.1, Sum:  0.8, Workers: 8
[114.724s][debug][gc,phases         ] GC(2614)       Termination Attempts:     Min: 1, Avg:  1.2, Max: 2, Diff: 1, Sum: 10, Workers: 8
[114.724s][debug][gc,phases         ] GC(2614)     GC Worker Other (ms):     Min:  0.0, Avg:  0.0, Max:  0.1, Diff:  0.0, Sum:  0.3, Workers: 8
[114.724s][debug][gc,phases         ] GC(2614)     GC Worker Total (ms):     Min:  0.3, Avg:  0.3, Max:  0.4, Diff:  0.0, Sum:  2.8, Workers: 8
[114.724s][info ][gc,phases         ] GC(2614)   Post Evacuate Collection Set: 0.6ms
[114.724s][debug][gc,phases         ] GC(2614)     Code Roots Fixup: 0.0ms
[114.724s][debug][gc,phases         ] GC(2614)     Clear Card Table: 0.2ms
[114.724s][debug][gc,phases         ] GC(2614)     Reference Processing: 0.0ms
[114.724s][debug][gc,phases,ref     ] GC(2614)       Reconsider SoftReferences: 0.0ms
[114.724s][debug][gc,phases,ref     ] GC(2614)         SoftRef (ms):             skipped
[114.725s][debug][gc,phases,ref     ] GC(2614)       Notify Soft/WeakReferences: 0.0ms
[114.725s][debug][gc,phases,ref     ] GC(2614)         SoftRef (ms):             skipped
[114.725s][debug][gc,phases,ref     ] GC(2614)         WeakRef (ms):             skipped
[114.725s][debug][gc,phases,ref     ] GC(2614)         FinalRef (ms):            skipped
[114.725s][debug][gc,phases,ref     ] GC(2614)         Total (ms):               skipped
[114.725s][debug][gc,phases,ref     ] GC(2614)       Notify and keep alive finalizable: 0.0ms
[114.725s][debug][gc,phases,ref     ] GC(2614)         FinalRef (ms):            skipped
[114.725s][debug][gc,phases,ref     ] GC(2614)       Notify PhantomReferences: 0.0ms
[114.725s][debug][gc,phases,ref     ] GC(2614)         PhantomRef (ms):          skipped
[114.725s][debug][gc,phases,ref     ] GC(2614)       SoftReference:
[114.725s][debug][gc,phases,ref     ] GC(2614)         Discovered: 0
[114.725s][debug][gc,phases,ref     ] GC(2614)         Cleared: 0
[114.725s][debug][gc,phases,ref     ] GC(2614)       WeakReference:
[114.725s][debug][gc,phases,ref     ] GC(2614)         Discovered: 0
[114.725s][debug][gc,phases,ref     ] GC(2614)         Cleared: 0
[114.725s][debug][gc,phases,ref     ] GC(2614)       FinalReference:
[114.725s][debug][gc,phases,ref     ] GC(2614)         Discovered: 0
[114.725s][debug][gc,phases,ref     ] GC(2614)         Cleared: 0
[114.725s][debug][gc,phases,ref     ] GC(2614)       PhantomReference:
[114.725s][debug][gc,phases,ref     ] GC(2614)         Discovered: 0
[114.725s][debug][gc,phases,ref     ] GC(2614)         Cleared: 0
[114.725s][debug][gc,phases         ] GC(2614)     Weak Processing: 0.0ms
[114.725s][debug][gc,phases         ] GC(2614)       JVMTI weak processing: 0.0ms
[114.725s][debug][gc,phases         ] GC(2614)         Dead: 0
[114.725s][debug][gc,phases         ] GC(2614)         Total: 0
[114.725s][debug][gc,phases         ] GC(2614)       JFR weak processing: 0.0ms
[114.725s][debug][gc,phases         ] GC(2614)         Dead: 0
[114.725s][debug][gc,phases         ] GC(2614)         Total: 0
[114.725s][debug][gc,phases         ] GC(2614)       JNI weak                  Min:  0.0, Avg:  0.0, Max:  0.0, Diff:  0.0, Sum:  0.0, Workers: 5
[114.725s][debug][gc,phases         ] GC(2614)         Dead                      Min: 0, Avg:  0.0, Max: 0, Diff: 0, Sum: 0, Workers: 5
[114.725s][debug][gc,phases         ] GC(2614)         Total                     Min: 0, Avg: 20.4, Max: 62, Diff: 62, Sum: 102, Workers: 5
[114.725s][debug][gc,phases         ] GC(2614)       VM weak                   Min:  0.0, Avg:  0.0, Max:  0.0, Diff:  0.0, Sum:  0.0, Workers: 5
[114.725s][debug][gc,phases         ] GC(2614)         Dead                      Min: 0, Avg:  0.0, Max: 0, Diff: 0, Sum: 0, Workers: 5
[114.725s][debug][gc,phases         ] GC(2614)         Total                     Min: 0, Avg: 42.4, Max: 64, Diff: 64, Sum: 212, Workers: 5
[114.725s][debug][gc,phases         ] GC(2614)       StringTable weak          Min:  0.0, Avg:  0.0, Max:  0.0, Diff:  0.0, Sum:  0.1, Workers: 5
[114.725s][debug][gc,phases         ] GC(2614)         Dead                      Min: 0, Avg:  0.0, Max: 0, Diff: 0, Sum: 0, Workers: 5
[114.725s][debug][gc,phases         ] GC(2614)         Total                     Min: 639, Avg: 684.6, Max: 800, Diff: 161, Sum: 3423, Workers: 5
[114.725s][debug][gc,phases         ] GC(2614)       ResolvedMethodTable weak  Min:  0.0, Avg:  0.0, Max:  0.0, Diff:  0.0, Sum:  0.0, Workers: 5
[114.725s][debug][gc,phases         ] GC(2614)         Dead                      Min: 0, Avg:  0.0, Max: 0, Diff: 0, Sum: 0, Workers: 5
[114.725s][debug][gc,phases         ] GC(2614)         Total                     Min: 64, Avg: 114.6, Max: 128, Diff: 64, Sum: 573, Workers: 5
[114.725s][debug][gc,phases         ] GC(2614)     Merge Per-Thread State: 0.0ms
[114.725s][debug][gc,phases         ] GC(2614)       Copied Bytes              Min: 456, Avg: 400340.0, Max: 800320, Diff: 799864, Sum: 3202720, Workers: 8
[114.725s][debug][gc,phases         ] GC(2614)       LAB Waste                 Min: 0, Avg:  0.0, Max: 0, Diff: 0, Sum: 0, Workers: 8
[114.725s][debug][gc,phases         ] GC(2614)       LAB Undo Waste            Min: 0, Avg:  0.0, Max: 0, Diff: 0, Sum: 0, Workers: 8
[114.725s][debug][gc,phases         ] GC(2614)     Code Roots Purge: 0.0ms
[114.725s][debug][gc,phases         ] GC(2614)     Redirty Cards: 0.0ms
[114.725s][debug][gc,phases         ] GC(2614)     DerivedPointerTable Update: 0.0ms
[114.725s][debug][gc,phases         ] GC(2614)     Free Collection Set: 0.2ms
[114.725s][debug][gc,phases         ] GC(2614)     Rebuild Free List: 0.1ms
[114.725s][debug][gc,phases         ] GC(2614)     Humongous Reclaim: 0.0ms
[114.725s][debug][gc,phases         ] GC(2614)     Start New Collection Set: 0.0ms
[114.725s][debug][gc,phases         ] GC(2614)     Resize TLABs: 0.0ms
[114.725s][debug][gc,phases         ] GC(2614)     Expand Heap After Collection: 0.0ms
[114.725s][info ][gc,phases         ] GC(2614)   Other: 0.3ms
[114.725s][info ][gc,heap           ] GC(2614) Eden regions: 773->0(771)
[114.725s][info ][gc,heap           ] GC(2614) Survivor regions: 2->4(97)
[114.725s][info ][gc,heap           ] GC(2614) Old regions: 18->18
[114.725s][info ][gc,heap           ] GC(2614) Archive regions: 2->2
[114.725s][info ][gc,heap           ] GC(2614) Humongous regions: 0->0
[114.725s][info ][gc,metaspace      ] GC(2614) Metaspace: 10016K(10624K)->10016K(10624K) NonClass: 8864K(9216K)->8864K(9216K) Class: 1152K(1408K)->1152K(1408K)
[114.725s][debug][gc,heap           ] GC(2614) Heap after GC invocations=2615 (full 1): garbage-first heap   total 1324032K, used 22555K [0x0000000700000000, 0x0000000800000000)
[114.725s][debug][gc,heap           ] GC(2614)   region size 1024K, 4 young (4096K), 4 survivors (4096K)
[114.725s][debug][gc,heap           ] GC(2614)  Metaspace       used 10016K, capacity 10304K, committed 10624K, reserved 1058816K
[114.725s][debug][gc,heap           ] GC(2614)   class space    used 1152K, capacity 1266K, committed 1408K, reserved 1048576K
[114.725s][info ][gc                ] GC(2614) Pause Young (Normal) (G1 Evacuation Pause) 792M->22M(1293M) 2.168ms
[114.725s][info ][gc,cpu            ] GC(2614) User=0.00s Sys=0.00s Real=0.00s
[114.725s][info ][safepoint         ] Safepoint "G1CollectForAllocation", Time since last: 39847382 ns, Reaching safepoint: 157273 ns, At safepoint: 2510441 ns, Total: 2667714 ns
[114.767s][debug][gc,heap           ] GC(2615) Heap before GC invocations=2615 (full 1): garbage-first heap   total 1324032K, used 811035K [0x0000000700000000, 0x0000000800000000)
[114.767s][debug][gc,heap           ] GC(2615)   region size 1024K, 775 young (793600K), 4 survivors (4096K)
[114.767s][debug][gc,heap           ] GC(2615)  Metaspace       used 10016K, capacity 10304K, committed 10624K, reserved 1058816K
[114.767s][debug][gc,heap           ] GC(2615)   class space    used 1152K, capacity 1266K, committed 1408K, reserved 1048576K
[114.767s][info ][gc,start          ] GC(2615) Pause Young (Normal) (G1 Evacuation Pause)
[114.767s][info ][gc,task           ] GC(2615) Using 8 workers of 8 for evacuation
[114.767s][debug][gc,tlab           ] GC(2615) TLAB totals: thrds: 8  refills: 16 max: 3 slow allocs: 1532 max 230 waste: 23.3% gc: 1071240B max: 237184B slow: 73192B max: 15488B fast: 0B max: 0B
[114.767s][debug][gc,age            ] GC(2615) Desired survivor size 50855936 bytes, new threshold 15 (max threshold 15)
[114.767s][debug][gc,alloc,region   ] GC(2615) Mutator Allocation stats, regions: 771, wasted size: 180M (23.4%)
[114.767s][debug][gc,ergo           ] GC(2615) Running G1 Merge Heap Roots using 8 workers for 775 regions
[114.768s][debug][gc,remset         ] GC(2615) Visited cards 256 Total dirty 2048 (12.50%) Total old 3215360 (0.01%)
[114.768s][debug][gc,ergo           ] GC(2615) Running G1 Clear Card Table Task using 2 workers for 2 units of work for 776 regions.
[114.768s][debug][gc,ref            ] GC(2615) Skipped phase1 of Reference Processing due to unavailable references
[114.768s][debug][gc,ref            ] GC(2615) Skipped phase2 of Reference Processing due to unavailable references
[114.768s][debug][gc,ref            ] GC(2615) Skipped phase3 of Reference Processing due to unavailable references
[114.768s][debug][gc,ref            ] GC(2615) Skipped phase4 of Reference Processing due to unavailable references
[114.768s][debug][gc,ergo           ] GC(2615) Running G1 Free Collection Set using 8 workers for collection set length 775 (1293)
[114.769s][debug][gc,ergo           ] GC(2615) Running G1 Rebuild Free List Task using 8 workers for rebuilding free list of 0 (4096) regions
[114.769s][trace][gc,age            ] GC(2615) Age table with threshold 15 (max threshold 15)
[114.769s][trace][gc,age            ] GC(2615) - age   1:    3202568 bytes,    3202568 total
[114.769s][debug][gc,plab           ] GC(2615) Young PLAB allocation: allocated: 14448B, wasted: 0B, unused: 12000B, used: 2448B, undo waste: 0B, 
[114.769s][debug][gc,plab           ] GC(2615) Young other allocation: region end waste: 733248B, regions filled: 4, direct allocated: 3200120B, failure used: 0B, failure wasted: 0B
[114.769s][debug][gc,plab           ] GC(2615) Young sizing: calculated: 0B, actual: 2064B
[114.769s][debug][gc,plab           ] GC(2615) Old PLAB allocation: allocated: 0B, wasted: 0B, unused: 0B, used: 0B, undo waste: 0B, 
[114.769s][debug][gc,plab           ] GC(2615) Old other allocation: region end waste: 0B, regions filled: 1, direct allocated: 0B, failure used: 0B, failure wasted: 0B
[114.769s][debug][gc,plab           ] GC(2615) Old sizing: calculated: 0B, actual: 2064B
[114.769s][debug][gc,ihop           ] GC(2615) Basic information (value update), threshold: 610113945B (45.00), target occupancy: 1355808768B, current occupancy: 23095080B, recent allocation size: 0B, recent allocation duration: 42.97ms, recent old gen allocation rate: 0.00B/s, recent marking phase length: 30.68ms
[114.769s][debug][gc,ihop           ] GC(2615) Adaptive IHOP information (value update), threshold: 610113945B (47.37), internal target occupancy: 1288018329B, occupancy: 23095080B, additional buffer size: 812646400B, predicted old gen allocation rate: 4.41B/s, predicted marking phase length: 61.36ms, prediction active: false
[114.769s][debug][gc,ergo,refine    ] GC(2615) Concurrent refinement times: Logged Cards Scan time goal: 20.00ms Logged Cards Scan time: 0.00ms HCC time: 0.00ms
[114.769s][debug][gc,ergo,refine    ] GC(2615) Updated Refinement Zones: green: 2048, yellow: 6144, red: 10240
[114.769s][info ][gc,phases         ] GC(2615)   Pre Evacuate Collection Set: 0.2ms
[114.769s][debug][gc,phases         ] GC(2615)     Prepare TLABs: 0.0ms
[114.769s][debug][gc,phases         ] GC(2615)     Choose Collection Set: 0.0ms
[114.769s][debug][gc,phases         ] GC(2615)     Region Register: 0.1ms
[114.769s][debug][gc,phases         ] GC(2615)     Prepare Heap Roots: 0.0ms
[114.769s][info ][gc,phases         ] GC(2615)   Merge Heap Roots: 0.2ms
[114.769s][debug][gc,phases         ] GC(2615)     Prepare Merge Heap Roots: 0.0ms
[114.769s][debug][gc,phases         ] GC(2615)     Eager Reclaim (ms):       skipped
[114.769s][debug][gc,phases         ] GC(2615)     Remembered Sets (ms):     Min:  0.0, Avg:  0.0, Max:  0.1, Diff:  0.1, Sum:  0.3, Workers: 8
[114.769s][debug][gc,phases         ] GC(2615)       Merged Sparse:            Min: 0, Avg:  0.0, Max: 0, Diff: 0, Sum: 0, Workers: 8
[114.769s][debug][gc,phases         ] GC(2615)       Merged Fine:              Min: 0, Avg:  0.0, Max: 0, Diff: 0, Sum: 0, Workers: 8
[114.769s][debug][gc,phases         ] GC(2615)       Merged Coarse:            Min: 0, Avg:  0.0, Max: 0, Diff: 0, Sum: 0, Workers: 8
[114.769s][debug][gc,phases         ] GC(2615)       Dirty Cards:              Min: 0, Avg:  0.0, Max: 0, Diff: 0, Sum: 0, Workers: 8
[114.769s][debug][gc,phases         ] GC(2615)     Hot Card Cache (ms):      Min:  0.0, Avg:  0.0, Max:  0.0, Diff:  0.0, Sum:  0.0, Workers: 8
[114.769s][debug][gc,phases         ] GC(2615)       Dirty Cards:              Min: 0, Avg:  0.0, Max: 0, Diff: 0, Sum: 0, Workers: 8
[114.769s][debug][gc,phases         ] GC(2615)       Skipped Cards:            Min: 0, Avg:  0.0, Max: 0, Diff: 0, Sum: 0, Workers: 8
[114.769s][debug][gc,phases         ] GC(2615)     Log Buffers (ms):         Min:  0.0, Avg:  0.0, Max:  0.0, Diff:  0.0, Sum:  0.0, Workers: 8
[114.769s][debug][gc,phases         ] GC(2615)       Dirty Cards:              Min: 0, Avg:  0.1, Max: 1, Diff: 1, Sum: 1, Workers: 8
[114.769s][debug][gc,phases         ] GC(2615)       Skipped Cards:            Min: 0, Avg:  0.0, Max: 0, Diff: 0, Sum: 0, Workers: 8
[114.769s][info ][gc,phases         ] GC(2615)   Evacuate Collection Set: 0.4ms
[114.769s][debug][gc,phases         ] GC(2615)     Ext Root Scanning (ms):   Min:  0.0, Avg:  0.2, Max:  0.4, Diff:  0.4, Sum:  1.8, Workers: 8
[114.769s][debug][gc,phases         ] GC(2615)     Scan Heap Roots (ms):     Min:  0.0, Avg:  0.0, Max:  0.0, Diff:  0.0, Sum:  0.0, Workers: 8
[114.769s][debug][gc,phases         ] GC(2615)       Scanned Cards:            Min: 0, Avg:  0.1, Max: 1, Diff: 1, Sum: 1, Workers: 8
[114.769s][debug][gc,phases         ] GC(2615)       Scanned Blocks:           Min: 0, Avg:  0.1, Max: 1, Diff: 1, Sum: 1, Workers: 8
[114.769s][debug][gc,phases         ] GC(2615)       Claimed Chunks:           Min: 0, Avg:  0.1, Max: 1, Diff: 1, Sum: 1, Workers: 8
[114.769s][debug][gc,phases         ] GC(2615)     Code Root Scan (ms):      Min:  0.0, Avg:  0.0, Max:  0.0, Diff:  0.0, Sum:  0.2, Workers: 8
[114.769s][debug][gc,phases         ] GC(2615)     Object Copy (ms):         Min:  0.0, Avg:  0.0, Max:  0.0, Diff:  0.0, Sum:  0.0, Workers: 8
[114.769s][debug][gc,phases         ] GC(2615)     Termination (ms):         Min:  0.0, Avg:  0.1, Max:  0.1, Diff:  0.0, Sum:  0.5, Workers: 8
[114.769s][debug][gc,phases         ] GC(2615)       Termination Attempts:     Min: 1, Avg:  1.0, Max: 1, Diff: 0, Sum: 8, Workers: 8
[114.769s][debug][gc,phases         ] GC(2615)     GC Worker Other (ms):     Min:  0.0, Avg:  0.1, Max:  0.1, Diff:  0.1, Sum:  0.5, Workers: 8
[114.769s][debug][gc,phases         ] GC(2615)     GC Worker Total (ms):     Min:  0.1, Avg:  0.4, Max:  0.4, Diff:  0.3, Sum:  3.0, Workers: 8
[114.769s][info ][gc,phases         ] GC(2615)   Post Evacuate Collection Set: 0.7ms
[114.769s][debug][gc,phases         ] GC(2615)     Code Roots Fixup: 0.0ms
[114.769s][debug][gc,phases         ] GC(2615)     Clear Card Table: 0.2ms
[114.769s][debug][gc,phases         ] GC(2615)     Reference Processing: 0.1ms
[114.769s][debug][gc,phases,ref     ] GC(2615)       Reconsider SoftReferences: 0.0ms
[114.769s][debug][gc,phases,ref     ] GC(2615)         SoftRef (ms):             skipped
[114.769s][debug][gc,phases,ref     ] GC(2615)       Notify Soft/WeakReferences: 0.0ms
[114.769s][debug][gc,phases,ref     ] GC(2615)         SoftRef (ms):             skipped
[114.769s][debug][gc,phases,ref     ] GC(2615)         WeakRef (ms):             skipped
[114.769s][debug][gc,phases,ref     ] GC(2615)         FinalRef (ms):            skipped
[114.769s][debug][gc,phases,ref     ] GC(2615)         Total (ms):               skipped
[114.769s][debug][gc,phases,ref     ] GC(2615)       Notify and keep alive finalizable: 0.0ms
[114.769s][debug][gc,phases,ref     ] GC(2615)         FinalRef (ms):            skipped
[114.769s][debug][gc,phases,ref     ] GC(2615)       Notify PhantomReferences: 0.0ms
[114.769s][debug][gc,phases,ref     ] GC(2615)         PhantomRef (ms):          skipped
[114.769s][debug][gc,phases,ref     ] GC(2615)       SoftReference:
[114.769s][debug][gc,phases,ref     ] GC(2615)         Discovered: 0
[114.769s][debug][gc,phases,ref     ] GC(2615)         Cleared: 0
[114.769s][debug][gc,phases,ref     ] GC(2615)       WeakReference:
[114.769s][debug][gc,phases,ref     ] GC(2615)         Discovered: 0
[114.769s][debug][gc,phases,ref     ] GC(2615)         Cleared: 0
[114.769s][debug][gc,phases,ref     ] GC(2615)       FinalReference:
[114.769s][debug][gc,phases,ref     ] GC(2615)         Discovered: 0
[114.769s][debug][gc,phases,ref     ] GC(2615)         Cleared: 0
[114.769s][debug][gc,phases,ref     ] GC(2615)       PhantomReference:
[114.769s][debug][gc,phases,ref     ] GC(2615)         Discovered: 0
[114.769s][debug][gc,phases,ref     ] GC(2615)         Cleared: 0
[114.769s][debug][gc,phases         ] GC(2615)     Weak Processing: 0.0ms
[114.769s][debug][gc,phases         ] GC(2615)       JVMTI weak processing: 0.0ms
[114.769s][debug][gc,phases         ] GC(2615)         Dead: 0
[114.769s][debug][gc,phases         ] GC(2615)         Total: 0
[114.769s][debug][gc,phases         ] GC(2615)       JFR weak processing: 0.0ms
[114.769s][debug][gc,phases         ] GC(2615)         Dead: 0
[114.769s][debug][gc,phases         ] GC(2615)         Total: 0
[114.769s][debug][gc,phases         ] GC(2615)       JNI weak                  Min:  0.0, Avg:  0.0, Max:  0.0, Diff:  0.0, Sum:  0.0, Workers: 5
[114.769s][debug][gc,phases         ] GC(2615)         Dead                      Min: 0, Avg:  0.0, Max: 0, Diff: 0, Sum: 0, Workers: 5
[114.769s][debug][gc,phases         ] GC(2615)         Total                     Min: 0, Avg: 20.4, Max: 62, Diff: 62, Sum: 102, Workers: 5
[114.769s][debug][gc,phases         ] GC(2615)       VM weak                   Min:  0.0, Avg:  0.0, Max:  0.0, Diff:  0.0, Sum:  0.0, Workers: 5
[114.769s][debug][gc,phases         ] GC(2615)         Dead                      Min: 0, Avg:  0.0, Max: 0, Diff: 0, Sum: 0, Workers: 5
[114.769s][debug][gc,phases         ] GC(2615)         Total                     Min: 0, Avg: 42.4, Max: 64, Diff: 64, Sum: 212, Workers: 5
[114.769s][debug][gc,phases         ] GC(2615)       StringTable weak          Min:  0.0, Avg:  0.0, Max:  0.0, Diff:  0.0, Sum:  0.1, Workers: 5
[114.769s][debug][gc,phases         ] GC(2615)         Dead                      Min: 0, Avg:  0.0, Max: 0, Diff: 0, Sum: 0, Workers: 5
[114.769s][debug][gc,phases         ] GC(2615)         Total                     Min: 0, Avg: 684.6, Max: 1023, Diff: 1023, Sum: 3423, Workers: 5
[114.769s][debug][gc,phases         ] GC(2615)       ResolvedMethodTable weak  Min:  0.0, Avg:  0.0, Max:  0.0, Diff:  0.0, Sum:  0.0, Workers: 5
[114.769s][debug][gc,phases         ] GC(2615)         Dead                      Min: 0, Avg:  0.0, Max: 0, Diff: 0, Sum: 0, Workers: 5
[114.769s][debug][gc,phases         ] GC(2615)         Total                     Min: 0, Avg: 114.6, Max: 189, Diff: 189, Sum: 573, Workers: 5
[114.769s][debug][gc,phases         ] GC(2615)     Merge Per-Thread State: 0.0ms
[114.770s][debug][gc,phases         ] GC(2615)       Copied Bytes              Min: 0, Avg: 400321.0, Max: 800320, Diff: 800320, Sum: 3202568, Workers: 8
[114.770s][debug][gc,phases         ] GC(2615)       LAB Waste                 Min: 0, Avg:  0.0, Max: 0, Diff: 0, Sum: 0, Workers: 8
[114.770s][debug][gc,phases         ] GC(2615)       LAB Undo Waste            Min: 0, Avg:  0.0, Max: 0, Diff: 0, Sum: 0, Workers: 8
[114.770s][debug][gc,phases         ] GC(2615)     Code Roots Purge: 0.0ms
[114.770s][debug][gc,phases         ] GC(2615)     Redirty Cards: 0.0ms
[114.770s][debug][gc,phases         ] GC(2615)     DerivedPointerTable Update: 0.0ms
[114.770s][debug][gc,phases         ] GC(2615)     Free Collection Set: 0.2ms
[114.770s][debug][gc,phases         ] GC(2615)     Rebuild Free List: 0.1ms
[114.770s][debug][gc,phases         ] GC(2615)     Humongous Reclaim: 0.0ms
[114.770s][debug][gc,phases         ] GC(2615)     Start New Collection Set: 0.0ms
[114.770s][debug][gc,phases         ] GC(2615)     Resize TLABs: 0.0ms
[114.770s][debug][gc,phases         ] GC(2615)     Expand Heap After Collection: 0.0ms
[114.770s][info ][gc,phases         ] GC(2615)   Other: 0.4ms
[114.770s][info ][gc,heap           ] GC(2615) Eden regions: 771->0(771)
[114.770s][info ][gc,heap           ] GC(2615) Survivor regions: 4->4(97)
[114.770s][info ][gc,heap           ] GC(2615) Old regions: 18->18
[114.770s][info ][gc,heap           ] GC(2615) Archive regions: 2->2
[114.770s][info ][gc,heap           ] GC(2615) Humongous regions: 0->0
[114.770s][info ][gc,metaspace      ] GC(2615) Metaspace: 10016K(10624K)->10016K(10624K) NonClass: 8864K(9216K)->8864K(9216K) Class: 1152K(1408K)->1152K(1408K)
[114.770s][debug][gc,heap           ] GC(2615) Heap after GC invocations=2616 (full 1): garbage-first heap   total 1324032K, used 22553K [0x0000000700000000, 0x0000000800000000)
[114.770s][debug][gc,heap           ] GC(2615)   region size 1024K, 4 young (4096K), 4 survivors (4096K)
[114.770s][debug][gc,heap           ] GC(2615)  Metaspace       used 10016K, capacity 10304K, committed 10624K, reserved 1058816K
[114.770s][debug][gc,heap           ] GC(2615)   class space    used 1152K, capacity 1266K, committed 1408K, reserved 1048576K
[114.770s][info ][gc                ] GC(2615) Pause Young (Normal) (G1 Evacuation Pause) 792M->22M(1293M) 2.594ms
[114.770s][info ][gc,cpu            ] GC(2615) User=0.00s Sys=0.00s Real=0.00s
[114.770s][info ][safepoint         ] Safepoint "G1CollectForAllocation", Time since last: 41585452 ns, Reaching safepoint: 177288 ns, At safepoint: 3006187 ns, Total: 3183475 ns
[114.817s][debug][gc,heap           ] GC(2616) Heap before GC invocations=2616 (full 1): garbage-first heap   total 1324032K, used 811033K [0x0000000700000000, 0x0000000800000000)
[114.817s][debug][gc,heap           ] GC(2616)   region size 1024K, 775 young (793600K), 4 survivors (4096K)
[114.817s][debug][gc,heap           ] GC(2616)  Metaspace       used 10016K, capacity 10304K, committed 10624K, reserved 1058816K
[114.817s][debug][gc,heap           ] GC(2616)   class space    used 1152K, capacity 1266K, committed 1408K, reserved 1048576K
[114.817s][info ][gc,start          ] GC(2616) Pause Young (Normal) (G1 Evacuation Pause)
[114.818s][info ][gc,task           ] GC(2616) Using 8 workers of 8 for evacuation
[114.818s][debug][gc,tlab           ] GC(2616) TLAB totals: thrds: 8  refills: 15 max: 3 slow allocs: 1533 max 246 waste: 33.0% gc: 1207816B max: 244760B slow: 60056B max: 15488B fast: 0B max: 0B
[114.818s][debug][gc,age            ] GC(2616) Desired survivor size 50855936 bytes, new threshold 15 (max threshold 15)
[114.818s][debug][gc,alloc,region   ] GC(2616) Mutator Allocation stats, regions: 771, wasted size: 180M (23.4%)
[114.818s][debug][gc,ergo           ] GC(2616) Running G1 Merge Heap Roots using 8 workers for 775 regions
[114.818s][debug][gc,remset         ] GC(2616) Visited cards 256 Total dirty 2048 (12.50%) Total old 3215360 (0.01%)
[114.818s][debug][gc,ergo           ] GC(2616) Running G1 Clear Card Table Task using 2 workers for 2 units of work for 776 regions.
[114.819s][debug][gc,ref            ] GC(2616) Skipped phase1 of Reference Processing due to unavailable references
[114.819s][debug][gc,ref            ] GC(2616) Skipped phase2 of Reference Processing due to unavailable references
[114.819s][debug][gc,ref            ] GC(2616) Skipped phase3 of Reference Processing due to unavailable references
[114.819s][debug][gc,ref            ] GC(2616) Skipped phase4 of Reference Processing due to unavailable references
[114.819s][debug][gc,ergo           ] GC(2616) Running G1 Free Collection Set using 8 workers for collection set length 775 (1293)
[114.819s][debug][gc,ergo           ] GC(2616) Running G1 Rebuild Free List Task using 8 workers for rebuilding free list of 0 (4096) regions
[114.819s][trace][gc,age            ] GC(2616) Age table with threshold 15 (max threshold 15)
[114.819s][trace][gc,age            ] GC(2616) - age   1:    4802600 bytes,    4802600 total
[114.819s][debug][gc,plab           ] GC(2616) Young PLAB allocation: allocated: 16512B, wasted: 0B, unused: 14064B, used: 2448B, undo waste: 0B, 
[114.819s][debug][gc,plab           ] GC(2616) Young other allocation: region end waste: 1234488B, regions filled: 6, direct allocated: 4800152B, failure used: 0B, failure wasted: 0B
[114.819s][debug][gc,plab           ] GC(2616) Young sizing: calculated: 0B, actual: 2064B
[114.819s][debug][gc,plab           ] GC(2616) Old PLAB allocation: allocated: 0B, wasted: 0B, unused: 0B, used: 0B, undo waste: 0B, 
[114.819s][debug][gc,plab           ] GC(2616) Old other allocation: region end waste: 0B, regions filled: 1, direct allocated: 0B, failure used: 0B, failure wasted: 0B
[114.819s][debug][gc,plab           ] GC(2616) Old sizing: calculated: 0B, actual: 2064B
[114.819s][debug][gc,ihop           ] GC(2616) Basic information (value update), threshold: 610113945B (45.00), target occupancy: 1355808768B, current occupancy: 25198416B, recent allocation size: 0B, recent allocation duration: 48.72ms, recent old gen allocation rate: 0.00B/s, recent marking phase length: 30.68ms
[114.819s][debug][gc,ihop           ] GC(2616) Adaptive IHOP information (value update), threshold: 610113945B (47.37), internal target occupancy: 1288018329B, occupancy: 25198416B, additional buffer size: 812646400B, predicted old gen allocation rate: 4.30B/s, predicted marking phase length: 61.36ms, prediction active: false
[114.819s][debug][gc,ergo,refine    ] GC(2616) Concurrent refinement times: Logged Cards Scan time goal: 20.00ms Logged Cards Scan time: 0.00ms HCC time: 0.00ms
[114.819s][debug][gc,ergo,refine    ] GC(2616) Updated Refinement Zones: green: 2048, yellow: 6144, red: 10240
[114.819s][info ][gc,phases         ] GC(2616)   Pre Evacuate Collection Set: 0.2ms
[114.819s][debug][gc,phases         ] GC(2616)     Prepare TLABs: 0.0ms
[114.819s][debug][gc,phases         ] GC(2616)     Choose Collection Set: 0.0ms
[114.819s][debug][gc,phases         ] GC(2616)     Region Register: 0.1ms
[114.819s][debug][gc,phases         ] GC(2616)     Prepare Heap Roots: 0.0ms
[114.819s][info ][gc,phases         ] GC(2616)   Merge Heap Roots: 0.1ms
[114.819s][debug][gc,phases         ] GC(2616)     Prepare Merge Heap Roots: 0.0ms
[114.819s][debug][gc,phases         ] GC(2616)     Eager Reclaim (ms):       skipped
[114.819s][debug][gc,phases         ] GC(2616)     Remembered Sets (ms):     Min:  0.0, Avg:  0.0, Max:  0.1, Diff:  0.0, Sum:  0.3, Workers: 8
[114.819s][debug][gc,phases         ] GC(2616)       Merged Sparse:            Min: 0, Avg:  0.0, Max: 0, Diff: 0, Sum: 0, Workers: 8
[114.819s][debug][gc,phases         ] GC(2616)       Merged Fine:              Min: 0, Avg:  0.0, Max: 0, Diff: 0, Sum: 0, Workers: 8
[114.819s][debug][gc,phases         ] GC(2616)       Merged Coarse:            Min: 0, Avg:  0.0, Max: 0, Diff: 0, Sum: 0, Workers: 8
[114.819s][debug][gc,phases         ] GC(2616)       Dirty Cards:              Min: 0, Avg:  0.0, Max: 0, Diff: 0, Sum: 0, Workers: 8
[114.819s][debug][gc,phases         ] GC(2616)     Hot Card Cache (ms):      Min:  0.0, Avg:  0.0, Max:  0.0, Diff:  0.0, Sum:  0.0, Workers: 8
[114.819s][debug][gc,phases         ] GC(2616)       Dirty Cards:              Min: 0, Avg:  0.0, Max: 0, Diff: 0, Sum: 0, Workers: 8
[114.819s][debug][gc,phases         ] GC(2616)       Skipped Cards:            Min: 0, Avg:  0.0, Max: 0, Diff: 0, Sum: 0, Workers: 8
[114.819s][debug][gc,phases         ] GC(2616)     Log Buffers (ms):         Min:  0.0, Avg:  0.0, Max:  0.0, Diff:  0.0, Sum:  0.0, Workers: 8
[114.819s][debug][gc,phases         ] GC(2616)       Dirty Cards:              Min: 0, Avg:  0.1, Max: 1, Diff: 1, Sum: 1, Workers: 8
[114.819s][debug][gc,phases         ] GC(2616)       Skipped Cards:            Min: 0, Avg:  0.0, Max: 0, Diff: 0, Sum: 0, Workers: 8
[114.819s][info ][gc,phases         ] GC(2616)   Evacuate Collection Set: 0.5ms
[114.819s][debug][gc,phases         ] GC(2616)     Ext Root Scanning (ms):   Min:  0.1, Avg:  0.3, Max:  0.4, Diff:  0.4, Sum:  2.6, Workers: 8
[114.819s][debug][gc,phases         ] GC(2616)     Scan Heap Roots (ms):     Min:  0.0, Avg:  0.0, Max:  0.0, Diff:  0.0, Sum:  0.0, Workers: 8
[114.819s][debug][gc,phases         ] GC(2616)       Scanned Cards:            Min: 0, Avg:  0.1, Max: 1, Diff: 1, Sum: 1, Workers: 8
[114.819s][debug][gc,phases         ] GC(2616)       Scanned Blocks:           Min: 0, Avg:  0.1, Max: 1, Diff: 1, Sum: 1, Workers: 8
[114.819s][debug][gc,phases         ] GC(2616)       Claimed Chunks:           Min: 0, Avg:  0.1, Max: 1, Diff: 1, Sum: 1, Workers: 8
[114.819s][debug][gc,phases         ] GC(2616)     Code Root Scan (ms):      Min:  0.0, Avg:  0.0, Max:  0.1, Diff:  0.1, Sum:  0.1, Workers: 8
[114.819s][debug][gc,phases         ] GC(2616)     Object Copy (ms):         Min:  0.0, Avg:  0.0, Max:  0.0, Diff:  0.0, Sum:  0.0, Workers: 8
[114.819s][debug][gc,phases         ] GC(2616)     Termination (ms):         Min:  0.0, Avg:  0.1, Max:  0.2, Diff:  0.1, Sum:  0.8, Workers: 8
[114.819s][debug][gc,phases         ] GC(2616)       Termination Attempts:     Min: 1, Avg:  1.4, Max: 2, Diff: 1, Sum: 11, Workers: 8
[114.819s][debug][gc,phases         ] GC(2616)     GC Worker Other (ms):     Min:  0.0, Avg:  0.0, Max:  0.1, Diff:  0.1, Sum:  0.4, Workers: 8
[114.819s][debug][gc,phases         ] GC(2616)     GC Worker Total (ms):     Min:  0.4, Avg:  0.5, Max:  0.5, Diff:  0.1, Sum:  3.9, Workers: 8
[114.819s][info ][gc,phases         ] GC(2616)   Post Evacuate Collection Set: 0.6ms
[114.819s][debug][gc,phases         ] GC(2616)     Code Roots Fixup: 0.0ms
[114.819s][debug][gc,phases         ] GC(2616)     Clear Card Table: 0.2ms
[114.819s][debug][gc,phases         ] GC(2616)     Reference Processing: 0.0ms
[114.819s][debug][gc,phases,ref     ] GC(2616)       Reconsider SoftReferences: 0.0ms
[114.819s][debug][gc,phases,ref     ] GC(2616)         SoftRef (ms):             skipped
[114.819s][debug][gc,phases,ref     ] GC(2616)       Notify Soft/WeakReferences: 0.0ms
[114.820s][debug][gc,phases,ref     ] GC(2616)         SoftRef (ms):             skipped
[114.820s][debug][gc,phases,ref     ] GC(2616)         WeakRef (ms):             skipped
[114.820s][debug][gc,phases,ref     ] GC(2616)         FinalRef (ms):            skipped
[114.820s][debug][gc,phases,ref     ] GC(2616)         Total (ms):               skipped
[114.820s][debug][gc,phases,ref     ] GC(2616)       Notify and keep alive finalizable: 0.0ms
[114.820s][debug][gc,phases,ref     ] GC(2616)         FinalRef (ms):            skipped
[114.820s][debug][gc,phases,ref     ] GC(2616)       Notify PhantomReferences: 0.0ms
[114.820s][debug][gc,phases,ref     ] GC(2616)         PhantomRef (ms):          skipped
[114.820s][debug][gc,phases,ref     ] GC(2616)       SoftReference:
[114.820s][debug][gc,phases,ref     ] GC(2616)         Discovered: 0
[114.820s][debug][gc,phases,ref     ] GC(2616)         Cleared: 0
[114.820s][debug][gc,phases,ref     ] GC(2616)       WeakReference:
[114.820s][debug][gc,phases,ref     ] GC(2616)         Discovered: 0
[114.820s][debug][gc,phases,ref     ] GC(2616)         Cleared: 0
[114.820s][debug][gc,phases,ref     ] GC(2616)       FinalReference:
[114.820s][debug][gc,phases,ref     ] GC(2616)         Discovered: 0
[114.820s][debug][gc,phases,ref     ] GC(2616)         Cleared: 0
[114.820s][debug][gc,phases,ref     ] GC(2616)       PhantomReference:
[114.820s][debug][gc,phases,ref     ] GC(2616)         Discovered: 0
[114.820s][debug][gc,phases,ref     ] GC(2616)         Cleared: 0
[114.820s][debug][gc,phases         ] GC(2616)     Weak Processing: 0.0ms
[114.820s][debug][gc,phases         ] GC(2616)       JVMTI weak processing: 0.0ms
[114.820s][debug][gc,phases         ] GC(2616)         Dead: 0
[114.820s][debug][gc,phases         ] GC(2616)         Total: 0
[114.820s][debug][gc,phases         ] GC(2616)       JFR weak processing: 0.0ms
[114.820s][debug][gc,phases         ] GC(2616)         Dead: 0
[114.820s][debug][gc,phases         ] GC(2616)         Total: 0
[114.820s][debug][gc,phases         ] GC(2616)       JNI weak                  Min:  0.0, Avg:  0.0, Max:  0.0, Diff:  0.0, Sum:  0.0, Workers: 5
[114.820s][debug][gc,phases         ] GC(2616)         Dead                      Min: 0, Avg:  0.0, Max: 0, Diff: 0, Sum: 0, Workers: 5
[114.820s][debug][gc,phases         ] GC(2616)         Total                     Min: 0, Avg: 20.4, Max: 62, Diff: 62, Sum: 102, Workers: 5
[114.820s][debug][gc,phases         ] GC(2616)       VM weak                   Min:  0.0, Avg:  0.0, Max:  0.0, Diff:  0.0, Sum:  0.0, Workers: 5
[114.820s][debug][gc,phases         ] GC(2616)         Dead                      Min: 0, Avg:  0.0, Max: 0, Diff: 0, Sum: 0, Workers: 5
[114.820s][debug][gc,phases         ] GC(2616)         Total                     Min: 0, Avg: 42.4, Max: 64, Diff: 64, Sum: 212, Workers: 5
[114.820s][debug][gc,phases         ] GC(2616)       StringTable weak          Min:  0.0, Avg:  0.0, Max:  0.0, Diff:  0.0, Sum:  0.1, Workers: 5
[114.820s][debug][gc,phases         ] GC(2616)         Dead                      Min: 0, Avg:  0.0, Max: 0, Diff: 0, Sum: 0, Workers: 5
[114.820s][debug][gc,phases         ] GC(2616)         Total                     Min: 608, Avg: 684.6, Max: 896, Diff: 288, Sum: 3423, Workers: 5
[114.820s][debug][gc,phases         ] GC(2616)       ResolvedMethodTable weak  Min:  0.0, Avg:  0.0, Max:  0.0, Diff:  0.0, Sum:  0.0, Workers: 5
[114.820s][debug][gc,phases         ] GC(2616)         Dead                      Min: 0, Avg:  0.0, Max: 0, Diff: 0, Sum: 0, Workers: 5
[114.820s][debug][gc,phases         ] GC(2616)         Total                     Min: 61, Avg: 114.6, Max: 128, Diff: 67, Sum: 573, Workers: 5
[114.820s][debug][gc,phases         ] GC(2616)     Merge Per-Thread State: 0.0ms
[114.820s][debug][gc,phases         ] GC(2616)       Copied Bytes              Min: 320, Avg: 600325.0, Max: 800400, Diff: 800080, Sum: 4802600, Workers: 8
[114.820s][debug][gc,phases         ] GC(2616)       LAB Waste                 Min: 0, Avg:  0.0, Max: 0, Diff: 0, Sum: 0, Workers: 8
[114.820s][debug][gc,phases         ] GC(2616)       LAB Undo Waste            Min: 0, Avg:  0.0, Max: 0, Diff: 0, Sum: 0, Workers: 8
[114.820s][debug][gc,phases         ] GC(2616)     Code Roots Purge: 0.0ms
[114.820s][debug][gc,phases         ] GC(2616)     Redirty Cards: 0.0ms
[114.820s][debug][gc,phases         ] GC(2616)     DerivedPointerTable Update: 0.0ms
[114.820s][debug][gc,phases         ] GC(2616)     Free Collection Set: 0.2ms
[114.820s][debug][gc,phases         ] GC(2616)     Rebuild Free List: 0.1ms
[114.820s][debug][gc,phases         ] GC(2616)     Humongous Reclaim: 0.0ms
[114.820s][debug][gc,phases         ] GC(2616)     Start New Collection Set: 0.0ms
[114.820s][debug][gc,phases         ] GC(2616)     Resize TLABs: 0.0ms
[114.820s][debug][gc,phases         ] GC(2616)     Expand Heap After Collection: 0.0ms
[114.820s][info ][gc,phases         ] GC(2616)   Other: 0.4ms
[114.820s][info ][gc,heap           ] GC(2616) Eden regions: 771->0(769)
[114.820s][info ][gc,heap           ] GC(2616) Survivor regions: 4->6(97)
[114.820s][info ][gc,heap           ] GC(2616) Old regions: 18->18
[114.820s][info ][gc,heap           ] GC(2616) Archive regions: 2->2
[114.820s][info ][gc,heap           ] GC(2616) Humongous regions: 0->0
[114.820s][info ][gc,metaspace      ] GC(2616) Metaspace: 10016K(10624K)->10016K(10624K) NonClass: 8864K(9216K)->8864K(9216K) Class: 1152K(1408K)->1152K(1408K)
[114.820s][debug][gc,heap           ] GC(2616) Heap after GC invocations=2617 (full 1): garbage-first heap   total 1324032K, used 24607K [0x0000000700000000, 0x0000000800000000)
[114.820s][debug][gc,heap           ] GC(2616)   region size 1024K, 6 young (6144K), 6 survivors (6144K)
[114.820s][debug][gc,heap           ] GC(2616)  Metaspace       used 10016K, capacity 10304K, committed 10624K, reserved 1058816K
[114.820s][debug][gc,heap           ] GC(2616)   class space    used 1152K, capacity 1266K, committed 1408K, reserved 1048576K
[114.820s][info ][gc                ] GC(2616) Pause Young (Normal) (G1 Evacuation Pause) 792M->24M(1293M) 2.544ms
[114.820s][info ][gc,cpu            ] GC(2616) User=0.01s Sys=0.00s Real=0.00s
[114.820s][info ][safepoint         ] Safepoint "G1CollectForAllocation", Time since last: 47207943 ns, Reaching safepoint: 172439 ns, At safepoint: 2888236 ns, Total: 3060675 ns
[114.865s][debug][gc,heap           ] GC(2617) Heap before GC invocations=2617 (full 1): garbage-first heap   total 1324032K, used 811039K [0x0000000700000000, 0x0000000800000000)
[114.865s][debug][gc,heap           ] GC(2617)   region size 1024K, 775 young (793600K), 6 survivors (6144K)
[114.865s][debug][gc,heap           ] GC(2617)  Metaspace       used 10016K, capacity 10304K, committed 10624K, reserved 1058816K
[114.865s][debug][gc,heap           ] GC(2617)   class space    used 1152K, capacity 1266K, committed 1408K, reserved 1048576K
[114.865s][info ][gc,start          ] GC(2617) Pause Young (Normal) (G1 Evacuation Pause)
[114.865s][info ][gc,task           ] GC(2617) Using 8 workers of 8 for evacuation
[114.865s][debug][gc,tlab           ] GC(2617) TLAB totals: thrds: 8  refills: 15 max: 3 slow allocs: 1528 max 246 waste: 27.3% gc: 1198448B max: 243496B slow: 70056B max: 15096B fast: 0B max: 0B
[114.865s][debug][gc,age            ] GC(2617) Desired survivor size 50855936 bytes, new threshold 15 (max threshold 15)
[114.865s][debug][gc,alloc,region   ] GC(2617) Mutator Allocation stats, regions: 769, wasted size: 179M (23.4%)
[114.865s][debug][gc,ergo           ] GC(2617) Running G1 Merge Heap Roots using 8 workers for 775 regions
[114.865s][debug][gc,remset         ] GC(2617) Visited cards 512 Total dirty 4096 (12.50%) Total old 3215360 (0.02%)
[114.866s][debug][gc,ergo           ] GC(2617) Running G1 Clear Card Table Task using 2 workers for 2 units of work for 777 regions.
[114.866s][debug][gc,ref            ] GC(2617) Skipped phase1 of Reference Processing due to unavailable references
[114.866s][debug][gc,ref            ] GC(2617) Skipped phase2 of Reference Processing due to unavailable references
[114.866s][debug][gc,ref            ] GC(2617) Skipped phase3 of Reference Processing due to unavailable references
[114.866s][debug][gc,ref            ] GC(2617) Skipped phase4 of Reference Processing due to unavailable references
[114.866s][debug][gc,ergo           ] GC(2617) Running G1 Free Collection Set using 8 workers for collection set length 775 (1293)
[114.866s][debug][gc,ergo           ] GC(2617) Running G1 Rebuild Free List Task using 8 workers for rebuilding free list of 0 (4096) regions
[114.866s][trace][gc,age            ] GC(2617) Age table with threshold 15 (max threshold 15)
[114.866s][trace][gc,age            ] GC(2617) - age   1:    3202568 bytes,    3202568 total
[114.866s][debug][gc,plab           ] GC(2617) Young PLAB allocation: allocated: 14448B, wasted: 0B, unused: 12000B, used: 2448B, undo waste: 0B, 
[114.866s][debug][gc,plab           ] GC(2617) Young other allocation: region end waste: 733248B, regions filled: 4, direct allocated: 3200120B, failure used: 0B, failure wasted: 0B
[114.866s][debug][gc,plab           ] GC(2617) Young sizing: calculated: 0B, actual: 2064B
[114.866s][debug][gc,plab           ] GC(2617) Old PLAB allocation: allocated: 0B, wasted: 0B, unused: 0B, used: 0B, undo waste: 0B, 
[114.866s][debug][gc,plab           ] GC(2617) Old other allocation: region end waste: 0B, regions filled: 1, direct allocated: 0B, failure used: 0B, failure wasted: 0B
[114.866s][debug][gc,plab           ] GC(2617) Old sizing: calculated: 0B, actual: 2064B
[114.866s][debug][gc,ihop           ] GC(2617) Basic information (value update), threshold: 610113945B (45.00), target occupancy: 1355808768B, current occupancy: 23095080B, recent allocation size: 0B, recent allocation duration: 45.81ms, recent old gen allocation rate: 0.00B/s, recent marking phase length: 30.68ms
[114.866s][debug][gc,ihop           ] GC(2617) Adaptive IHOP information (value update), threshold: 610113945B (47.37), internal target occupancy: 1288018329B, occupancy: 23095080B, additional buffer size: 812646400B, predicted old gen allocation rate: 4.19B/s, predicted marking phase length: 61.36ms, prediction active: false
[114.866s][debug][gc,ergo,refine    ] GC(2617) Concurrent refinement times: Logged Cards Scan time goal: 20.00ms Logged Cards Scan time: 0.00ms HCC time: 0.00ms
[114.866s][debug][gc,ergo,refine    ] GC(2617) Updated Refinement Zones: green: 2048, yellow: 6144, red: 10240
[114.866s][info ][gc,phases         ] GC(2617)   Pre Evacuate Collection Set: 0.1ms
[114.866s][debug][gc,phases         ] GC(2617)     Prepare TLABs: 0.0ms
[114.866s][debug][gc,phases         ] GC(2617)     Choose Collection Set: 0.0ms
[114.867s][debug][gc,phases         ] GC(2617)     Region Register: 0.1ms
[114.867s][debug][gc,phases         ] GC(2617)     Prepare Heap Roots: 0.0ms
[114.867s][info ][gc,phases         ] GC(2617)   Merge Heap Roots: 0.1ms
[114.867s][debug][gc,phases         ] GC(2617)     Prepare Merge Heap Roots: 0.0ms
[114.867s][debug][gc,phases         ] GC(2617)     Eager Reclaim (ms):       skipped
[114.867s][debug][gc,phases         ] GC(2617)     Remembered Sets (ms):     Min:  0.0, Avg:  0.0, Max:  0.0, Diff:  0.0, Sum:  0.2, Workers: 8
[114.867s][debug][gc,phases         ] GC(2617)       Merged Sparse:            Min: 0, Avg:  0.0, Max: 0, Diff: 0, Sum: 0, Workers: 8
[114.867s][debug][gc,phases         ] GC(2617)       Merged Fine:              Min: 0, Avg:  0.0, Max: 0, Diff: 0, Sum: 0, Workers: 8
[114.867s][debug][gc,phases         ] GC(2617)       Merged Coarse:            Min: 0, Avg:  0.0, Max: 0, Diff: 0, Sum: 0, Workers: 8
[114.867s][debug][gc,phases         ] GC(2617)       Dirty Cards:              Min: 0, Avg:  0.0, Max: 0, Diff: 0, Sum: 0, Workers: 8
[114.867s][debug][gc,phases         ] GC(2617)     Hot Card Cache (ms):      Min:  0.0, Avg:  0.0, Max:  0.0, Diff:  0.0, Sum:  0.0, Workers: 8
[114.867s][debug][gc,phases         ] GC(2617)       Dirty Cards:              Min: 0, Avg:  0.0, Max: 0, Diff: 0, Sum: 0, Workers: 8
[114.867s][debug][gc,phases         ] GC(2617)       Skipped Cards:            Min: 0, Avg:  0.0, Max: 0, Diff: 0, Sum: 0, Workers: 8
[114.867s][debug][gc,phases         ] GC(2617)     Log Buffers (ms):         Min:  0.0, Avg:  0.0, Max:  0.0, Diff:  0.0, Sum:  0.0, Workers: 8
[114.867s][debug][gc,phases         ] GC(2617)       Dirty Cards:              Min: 0, Avg:  0.2, Max: 2, Diff: 2, Sum: 2, Workers: 8
[114.867s][debug][gc,phases         ] GC(2617)       Skipped Cards:            Min: 0, Avg:  0.0, Max: 0, Diff: 0, Sum: 0, Workers: 8
[114.867s][info ][gc,phases         ] GC(2617)   Evacuate Collection Set: 0.4ms
[114.867s][debug][gc,phases         ] GC(2617)     Ext Root Scanning (ms):   Min:  0.0, Avg:  0.2, Max:  0.3, Diff:  0.3, Sum:  1.8, Workers: 8
[114.867s][debug][gc,phases         ] GC(2617)     Scan Heap Roots (ms):     Min:  0.0, Avg:  0.0, Max:  0.0, Diff:  0.0, Sum:  0.0, Workers: 8
[114.867s][debug][gc,phases         ] GC(2617)       Scanned Cards:            Min: 0, Avg:  0.2, Max: 1, Diff: 1, Sum: 2, Workers: 8
[114.867s][debug][gc,phases         ] GC(2617)       Scanned Blocks:           Min: 0, Avg:  0.2, Max: 1, Diff: 1, Sum: 2, Workers: 8
[114.867s][debug][gc,phases         ] GC(2617)       Claimed Chunks:           Min: 0, Avg:  0.2, Max: 1, Diff: 1, Sum: 2, Workers: 8
[114.867s][debug][gc,phases         ] GC(2617)     Code Root Scan (ms):      Min:  0.0, Avg:  0.0, Max:  0.0, Diff:  0.0, Sum:  0.2, Workers: 8
[114.867s][debug][gc,phases         ] GC(2617)     Object Copy (ms):         Min:  0.0, Avg:  0.0, Max:  0.0, Diff:  0.0, Sum:  0.0, Workers: 8
[114.867s][debug][gc,phases         ] GC(2617)     Termination (ms):         Min:  0.0, Avg:  0.1, Max:  0.1, Diff:  0.1, Sum:  0.5, Workers: 8
[114.867s][debug][gc,phases         ] GC(2617)       Termination Attempts:     Min: 1, Avg:  1.0, Max: 1, Diff: 0, Sum: 8, Workers: 8
[114.867s][debug][gc,phases         ] GC(2617)     GC Worker Other (ms):     Min:  0.0, Avg:  0.1, Max:  0.1, Diff:  0.1, Sum:  0.5, Workers: 8
[114.867s][debug][gc,phases         ] GC(2617)     GC Worker Total (ms):     Min:  0.0, Avg:  0.4, Max:  0.4, Diff:  0.4, Sum:  2.9, Workers: 8
[114.867s][info ][gc,phases         ] GC(2617)   Post Evacuate Collection Set: 0.6ms
[114.867s][debug][gc,phases         ] GC(2617)     Code Roots Fixup: 0.0ms
[114.867s][debug][gc,phases         ] GC(2617)     Clear Card Table: 0.2ms
[114.867s][debug][gc,phases         ] GC(2617)     Reference Processing: 0.0ms
[114.867s][debug][gc,phases,ref     ] GC(2617)       Reconsider SoftReferences: 0.0ms
[114.867s][debug][gc,phases,ref     ] GC(2617)         SoftRef (ms):             skipped
[114.867s][debug][gc,phases,ref     ] GC(2617)       Notify Soft/WeakReferences: 0.0ms
[114.867s][debug][gc,phases,ref     ] GC(2617)         SoftRef (ms):             skipped
[114.867s][debug][gc,phases,ref     ] GC(2617)         WeakRef (ms):             skipped
[114.867s][debug][gc,phases,ref     ] GC(2617)         FinalRef (ms):            skipped
[114.867s][debug][gc,phases,ref     ] GC(2617)         Total (ms):               skipped
[114.867s][debug][gc,phases,ref     ] GC(2617)       Notify and keep alive finalizable: 0.0ms
[114.867s][debug][gc,phases,ref     ] GC(2617)         FinalRef (ms):            skipped
[114.867s][debug][gc,phases,ref     ] GC(2617)       Notify PhantomReferences: 0.0ms
[114.867s][debug][gc,phases,ref     ] GC(2617)         PhantomRef (ms):          skipped
[114.867s][debug][gc,phases,ref     ] GC(2617)       SoftReference:
[114.867s][debug][gc,phases,ref     ] GC(2617)         Discovered: 0
[114.867s][debug][gc,phases,ref     ] GC(2617)         Cleared: 0
[114.867s][debug][gc,phases,ref     ] GC(2617)       WeakReference:
[114.867s][debug][gc,phases,ref     ] GC(2617)         Discovered: 0
[114.867s][debug][gc,phases,ref     ] GC(2617)         Cleared: 0
[114.867s][debug][gc,phases,ref     ] GC(2617)       FinalReference:
[114.867s][debug][gc,phases,ref     ] GC(2617)         Discovered: 0
[114.867s][debug][gc,phases,ref     ] GC(2617)         Cleared: 0
[114.867s][debug][gc,phases,ref     ] GC(2617)       PhantomReference:
[114.867s][debug][gc,phases,ref     ] GC(2617)         Discovered: 0
[114.867s][debug][gc,phases,ref     ] GC(2617)         Cleared: 0
[114.867s][debug][gc,phases         ] GC(2617)     Weak Processing: 0.0ms
[114.867s][debug][gc,phases         ] GC(2617)       JVMTI weak processing: 0.0ms
[114.867s][debug][gc,phases         ] GC(2617)         Dead: 0
[114.867s][debug][gc,phases         ] GC(2617)         Total: 0
[114.867s][debug][gc,phases         ] GC(2617)       JFR weak processing: 0.0ms
[114.867s][debug][gc,phases         ] GC(2617)         Dead: 0
[114.867s][debug][gc,phases         ] GC(2617)         Total: 0
[114.867s][debug][gc,phases         ] GC(2617)       JNI weak                  Min:  0.0, Avg:  0.0, Max:  0.0, Diff:  0.0, Sum:  0.0, Workers: 5
[114.867s][debug][gc,phases         ] GC(2617)         Dead                      Min: 0, Avg:  0.0, Max: 0, Diff: 0, Sum: 0, Workers: 5
[114.867s][debug][gc,phases         ] GC(2617)         Total                     Min: 0, Avg: 20.4, Max: 62, Diff: 62, Sum: 102, Workers: 5
[114.867s][debug][gc,phases         ] GC(2617)       VM weak                   Min:  0.0, Avg:  0.0, Max:  0.0, Diff:  0.0, Sum:  0.0, Workers: 5
[114.867s][debug][gc,phases         ] GC(2617)         Dead                      Min: 0, Avg:  0.0, Max: 0, Diff: 0, Sum: 0, Workers: 5
[114.867s][debug][gc,phases         ] GC(2617)         Total                     Min: 0, Avg: 42.4, Max: 84, Diff: 84, Sum: 212, Workers: 5
[114.867s][debug][gc,phases         ] GC(2617)       StringTable weak          Min:  0.0, Avg:  0.0, Max:  0.0, Diff:  0.0, Sum:  0.1, Workers: 5
[114.867s][debug][gc,phases         ] GC(2617)         Dead                      Min: 0, Avg:  0.0, Max: 0, Diff: 0, Sum: 0, Workers: 5
[114.867s][debug][gc,phases         ] GC(2617)         Total                     Min: 608, Avg: 684.6, Max: 831, Diff: 223, Sum: 3423, Workers: 5
[114.867s][debug][gc,phases         ] GC(2617)       ResolvedMethodTable weak  Min:  0.0, Avg:  0.0, Max:  0.0, Diff:  0.0, Sum:  0.0, Workers: 5
[114.867s][debug][gc,phases         ] GC(2617)         Dead                      Min: 0, Avg:  0.0, Max: 0, Diff: 0, Sum: 0, Workers: 5
[114.867s][debug][gc,phases         ] GC(2617)         Total                     Min: 61, Avg: 114.6, Max: 128, Diff: 67, Sum: 573, Workers: 5
[114.867s][debug][gc,phases         ] GC(2617)     Merge Per-Thread State: 0.0ms
[114.867s][debug][gc,phases         ] GC(2617)       Copied Bytes              Min: 0, Avg: 400321.0, Max: 800096, Diff: 800096, Sum: 3202568, Workers: 8
[114.867s][debug][gc,phases         ] GC(2617)       LAB Waste                 Min: 0, Avg:  0.0, Max: 0, Diff: 0, Sum: 0, Workers: 8
[114.867s][debug][gc,phases         ] GC(2617)       LAB Undo Waste            Min: 0, Avg:  0.0, Max: 0, Diff: 0, Sum: 0, Workers: 8
[114.867s][debug][gc,phases         ] GC(2617)     Code Roots Purge: 0.0ms
[114.867s][debug][gc,phases         ] GC(2617)     Redirty Cards: 0.0ms
[114.867s][debug][gc,phases         ] GC(2617)     DerivedPointerTable Update: 0.0ms
[114.867s][debug][gc,phases         ] GC(2617)     Free Collection Set: 0.2ms
[114.867s][debug][gc,phases         ] GC(2617)     Rebuild Free List: 0.1ms
[114.867s][debug][gc,phases         ] GC(2617)     Humongous Reclaim: 0.0ms
[114.867s][debug][gc,phases         ] GC(2617)     Start New Collection Set: 0.0ms
[114.867s][debug][gc,phases         ] GC(2617)     Resize TLABs: 0.0ms
[114.867s][debug][gc,phases         ] GC(2617)     Expand Heap After Collection: 0.0ms
[114.867s][info ][gc,phases         ] GC(2617)   Other: 0.4ms
[114.867s][info ][gc,heap           ] GC(2617) Eden regions: 769->0(771)
[114.867s][info ][gc,heap           ] GC(2617) Survivor regions: 6->4(97)
[114.867s][info ][gc,heap           ] GC(2617) Old regions: 18->18
[114.867s][info ][gc,heap           ] GC(2617) Archive regions: 2->2
[114.867s][info ][gc,heap           ] GC(2617) Humongous regions: 0->0
[114.867s][info ][gc,metaspace      ] GC(2617) Metaspace: 10016K(10624K)->10016K(10624K) NonClass: 8864K(9216K)->8864K(9216K) Class: 1152K(1408K)->1152K(1408K)
[114.867s][debug][gc,heap           ] GC(2617) Heap after GC invocations=2618 (full 1): garbage-first heap   total 1324032K, used 22553K [0x0000000700000000, 0x0000000800000000)
[114.867s][debug][gc,heap           ] GC(2617)   region size 1024K, 4 young (4096K), 4 survivors (4096K)
[114.867s][debug][gc,heap           ] GC(2617)  Metaspace       used 10016K, capacity 10304K, committed 10624K, reserved 1058816K
[114.867s][debug][gc,heap           ] GC(2617)   class space    used 1152K, capacity 1266K, committed 1408K, reserved 1048576K
[114.867s][info ][gc                ] GC(2617) Pause Young (Normal) (G1 Evacuation Pause) 792M->22M(1293M) 2.460ms
[114.867s][info ][gc,cpu            ] GC(2617) User=0.00s Sys=0.01s Real=0.00s
[114.868s][info ][safepoint         ] Safepoint "G1CollectForAllocation", Time since last: 44331532 ns, Reaching safepoint: 175757 ns, At safepoint: 2884251 ns, Total: 3060008 ns
[114.912s][debug][gc,heap           ] GC(2618) Heap before GC invocations=2618 (full 1): garbage-first heap   total 1324032K, used 811033K [0x0000000700000000, 0x0000000800000000)
[114.912s][debug][gc,heap           ] GC(2618)   region size 1024K, 775 young (793600K), 4 survivors (4096K)
[114.912s][debug][gc,heap           ] GC(2618)  Metaspace       used 10016K, capacity 10304K, committed 10624K, reserved 1058816K
[114.912s][debug][gc,heap           ] GC(2618)   class space    used 1152K, capacity 1266K, committed 1408K, reserved 1048576K
[114.912s][info ][gc,start          ] GC(2618) Pause Young (Normal) (G1 Evacuation Pause)
[114.912s][info ][gc,task           ] GC(2618) Using 8 workers of 8 for evacuation
[114.913s][debug][gc,tlab           ] GC(2618) TLAB totals: thrds: 8  refills: 14 max: 3 slow allocs: 1537 max 207 waste: 25.5% gc: 973144B max: 227928B slow: 46608B max: 15096B fast: 0B max: 0B
[114.913s][debug][gc,age            ] GC(2618) Desired survivor size 50855936 bytes, new threshold 15 (max threshold 15)
[114.913s][debug][gc,alloc,region   ] GC(2618) Mutator Allocation stats, regions: 771, wasted size: 180M (23.4%)
[114.913s][debug][gc,ergo           ] GC(2618) Running G1 Merge Heap Roots using 8 workers for 775 regions
[114.913s][debug][gc,remset         ] GC(2618) Visited cards 256 Total dirty 2048 (12.50%) Total old 3215360 (0.01%)
[114.913s][debug][gc,ergo           ] GC(2618) Running G1 Clear Card Table Task using 2 workers for 2 units of work for 776 regions.
[114.914s][debug][gc,ref            ] GC(2618) Skipped phase1 of Reference Processing due to unavailable references
[114.914s][debug][gc,ref            ] GC(2618) Skipped phase2 of Reference Processing due to unavailable references
[114.914s][debug][gc,ref            ] GC(2618) Skipped phase3 of Reference Processing due to unavailable references
[114.914s][debug][gc,ref            ] GC(2618) Skipped phase4 of Reference Processing due to unavailable references
[114.914s][debug][gc,ergo           ] GC(2618) Running G1 Free Collection Set using 8 workers for collection set length 775 (1293)
[114.914s][debug][gc,ergo           ] GC(2618) Running G1 Rebuild Free List Task using 8 workers for rebuilding free list of 0 (4096) regions
[114.914s][trace][gc,age            ] GC(2618) Age table with threshold 15 (max threshold 15)
[114.914s][trace][gc,age            ] GC(2618) - age   1:    4802608 bytes,    4802608 total
[114.914s][debug][gc,plab           ] GC(2618) Young PLAB allocation: allocated: 16512B, wasted: 0B, unused: 14064B, used: 2448B, undo waste: 0B, 
[114.914s][debug][gc,plab           ] GC(2618) Young other allocation: region end waste: 1232416B, regions filled: 6, direct allocated: 4800160B, failure used: 0B, failure wasted: 0B
[114.914s][debug][gc,plab           ] GC(2618) Young sizing: calculated: 0B, actual: 2064B
[114.914s][debug][gc,plab           ] GC(2618) Old PLAB allocation: allocated: 0B, wasted: 0B, unused: 0B, used: 0B, undo waste: 0B, 
[114.914s][debug][gc,plab           ] GC(2618) Old other allocation: region end waste: 0B, regions filled: 1, direct allocated: 0B, failure used: 0B, failure wasted: 0B
[114.914s][debug][gc,plab           ] GC(2618) Old sizing: calculated: 0B, actual: 2064B
[114.914s][debug][gc,ihop           ] GC(2618) Basic information (value update), threshold: 610113945B (45.00), target occupancy: 1355808768B, current occupancy: 25196352B, recent allocation size: 0B, recent allocation duration: 46.11ms, recent old gen allocation rate: 0.00B/s, recent marking phase length: 30.68ms
[114.914s][debug][gc,ihop           ] GC(2618) Adaptive IHOP information (value update), threshold: 610113945B (47.37), internal target occupancy: 1288018329B, occupancy: 25196352B, additional buffer size: 812646400B, predicted old gen allocation rate: 4.08B/s, predicted marking phase length: 61.36ms, prediction active: false
[114.914s][debug][gc,ergo,refine    ] GC(2618) Concurrent refinement times: Logged Cards Scan time goal: 20.00ms Logged Cards Scan time: 0.00ms HCC time: 0.00ms
[114.914s][debug][gc,ergo,refine    ] GC(2618) Updated Refinement Zones: green: 2048, yellow: 6144, red: 10240
[114.914s][info ][gc,phases         ] GC(2618)   Pre Evacuate Collection Set: 0.1ms
[114.914s][debug][gc,phases         ] GC(2618)     Prepare TLABs: 0.0ms
[114.914s][debug][gc,phases         ] GC(2618)     Choose Collection Set: 0.0ms
[114.914s][debug][gc,phases         ] GC(2618)     Region Register: 0.1ms
[114.914s][debug][gc,phases         ] GC(2618)     Prepare Heap Roots: 0.0ms
[114.914s][info ][gc,phases         ] GC(2618)   Merge Heap Roots: 0.2ms
[114.914s][debug][gc,phases         ] GC(2618)     Prepare Merge Heap Roots: 0.0ms
[114.914s][debug][gc,phases         ] GC(2618)     Eager Reclaim (ms):       skipped
[114.914s][debug][gc,phases         ] GC(2618)     Remembered Sets (ms):     Min:  0.0, Avg:  0.0, Max:  0.1, Diff:  0.0, Sum:  0.4, Workers: 8
[114.914s][debug][gc,phases         ] GC(2618)       Merged Sparse:            Min: 0, Avg:  0.0, Max: 0, Diff: 0, Sum: 0, Workers: 8
[114.914s][debug][gc,phases         ] GC(2618)       Merged Fine:              Min: 0, Avg:  0.0, Max: 0, Diff: 0, Sum: 0, Workers: 8
[114.914s][debug][gc,phases         ] GC(2618)       Merged Coarse:            Min: 0, Avg:  0.0, Max: 0, Diff: 0, Sum: 0, Workers: 8
[114.914s][debug][gc,phases         ] GC(2618)       Dirty Cards:              Min: 0, Avg:  0.0, Max: 0, Diff: 0, Sum: 0, Workers: 8
[114.915s][debug][gc,phases         ] GC(2618)     Hot Card Cache (ms):      Min:  0.0, Avg:  0.0, Max:  0.0, Diff:  0.0, Sum:  0.0, Workers: 8
[114.915s][debug][gc,phases         ] GC(2618)       Dirty Cards:              Min: 0, Avg:  0.0, Max: 0, Diff: 0, Sum: 0, Workers: 8
[114.915s][debug][gc,phases         ] GC(2618)       Skipped Cards:            Min: 0, Avg:  0.0, Max: 0, Diff: 0, Sum: 0, Workers: 8
[114.915s][debug][gc,phases         ] GC(2618)     Log Buffers (ms):         Min:  0.0, Avg:  0.0, Max:  0.0, Diff:  0.0, Sum:  0.0, Workers: 8
[114.915s][debug][gc,phases         ] GC(2618)       Dirty Cards:              Min: 0, Avg:  0.1, Max: 1, Diff: 1, Sum: 1, Workers: 8
[114.915s][debug][gc,phases         ] GC(2618)       Skipped Cards:            Min: 0, Avg:  0.0, Max: 0, Diff: 0, Sum: 0, Workers: 8
[114.915s][info ][gc,phases         ] GC(2618)   Evacuate Collection Set: 0.6ms
[114.915s][debug][gc,phases         ] GC(2618)     Ext Root Scanning (ms):   Min:  0.0, Avg:  0.3, Max:  0.5, Diff:  0.5, Sum:  2.1, Workers: 8
[114.915s][debug][gc,phases         ] GC(2618)     Scan Heap Roots (ms):     Min:  0.0, Avg:  0.0, Max:  0.0, Diff:  0.0, Sum:  0.0, Workers: 8
[114.915s][debug][gc,phases         ] GC(2618)       Scanned Cards:            Min: 0, Avg:  0.1, Max: 1, Diff: 1, Sum: 1, Workers: 8
[114.915s][debug][gc,phases         ] GC(2618)       Scanned Blocks:           Min: 0, Avg:  0.1, Max: 1, Diff: 1, Sum: 1, Workers: 8
[114.915s][debug][gc,phases         ] GC(2618)       Claimed Chunks:           Min: 0, Avg:  0.1, Max: 1, Diff: 1, Sum: 1, Workers: 8
[114.915s][debug][gc,phases         ] GC(2618)     Code Root Scan (ms):      Min:  0.0, Avg:  0.0, Max:  0.1, Diff:  0.1, Sum:  0.1, Workers: 8
[114.915s][debug][gc,phases         ] GC(2618)     Object Copy (ms):         Min:  0.0, Avg:  0.0, Max:  0.0, Diff:  0.0, Sum:  0.0, Workers: 8
[114.915s][debug][gc,phases         ] GC(2618)     Termination (ms):         Min:  0.0, Avg:  0.1, Max:  0.1, Diff:  0.1, Sum:  0.8, Workers: 8
[114.915s][debug][gc,phases         ] GC(2618)       Termination Attempts:     Min: 1, Avg:  1.1, Max: 2, Diff: 1, Sum: 9, Workers: 8
[114.915s][debug][gc,phases         ] GC(2618)     GC Worker Other (ms):     Min:  0.0, Avg:  0.1, Max:  0.1, Diff:  0.1, Sum:  0.4, Workers: 8
[114.915s][debug][gc,phases         ] GC(2618)     GC Worker Total (ms):     Min:  0.1, Avg:  0.4, Max:  0.5, Diff:  0.4, Sum:  3.6, Workers: 8
[114.915s][info ][gc,phases         ] GC(2618)   Post Evacuate Collection Set: 0.6ms
[114.915s][debug][gc,phases         ] GC(2618)     Code Roots Fixup: 0.0ms
[114.915s][debug][gc,phases         ] GC(2618)     Clear Card Table: 0.2ms
[114.915s][debug][gc,phases         ] GC(2618)     Reference Processing: 0.0ms
[114.915s][debug][gc,phases,ref     ] GC(2618)       Reconsider SoftReferences: 0.0ms
[114.915s][debug][gc,phases,ref     ] GC(2618)         SoftRef (ms):             skipped
[114.915s][debug][gc,phases,ref     ] GC(2618)       Notify Soft/WeakReferences: 0.0ms
[114.915s][debug][gc,phases,ref     ] GC(2618)         SoftRef (ms):             skipped
[114.915s][debug][gc,phases,ref     ] GC(2618)         WeakRef (ms):             skipped
[114.915s][debug][gc,phases,ref     ] GC(2618)         FinalRef (ms):            skipped
[114.915s][debug][gc,phases,ref     ] GC(2618)         Total (ms):               skipped
[114.915s][debug][gc,phases,ref     ] GC(2618)       Notify and keep alive finalizable: 0.0ms
[114.915s][debug][gc,phases,ref     ] GC(2618)         FinalRef (ms):            skipped
[114.915s][debug][gc,phases,ref     ] GC(2618)       Notify PhantomReferences: 0.0ms
[114.915s][debug][gc,phases,ref     ] GC(2618)         PhantomRef (ms):          skipped
[114.915s][debug][gc,phases,ref     ] GC(2618)       SoftReference:
[114.915s][debug][gc,phases,ref     ] GC(2618)         Discovered: 0
[114.915s][debug][gc,phases,ref     ] GC(2618)         Cleared: 0
[114.915s][debug][gc,phases,ref     ] GC(2618)       WeakReference:
[114.915s][debug][gc,phases,ref     ] GC(2618)         Discovered: 0
[114.915s][debug][gc,phases,ref     ] GC(2618)         Cleared: 0
[114.915s][debug][gc,phases,ref     ] GC(2618)       FinalReference:
[114.915s][debug][gc,phases,ref     ] GC(2618)         Discovered: 0
[114.915s][debug][gc,phases,ref     ] GC(2618)         Cleared: 0
[114.915s][debug][gc,phases,ref     ] GC(2618)       PhantomReference:
[114.915s][debug][gc,phases,ref     ] GC(2618)         Discovered: 0
[114.915s][debug][gc,phases,ref     ] GC(2618)         Cleared: 0
[114.915s][debug][gc,phases         ] GC(2618)     Weak Processing: 0.0ms
[114.915s][debug][gc,phases         ] GC(2618)       JVMTI weak processing: 0.0ms
[114.915s][debug][gc,phases         ] GC(2618)         Dead: 0
[114.915s][debug][gc,phases         ] GC(2618)         Total: 0
[114.915s][debug][gc,phases         ] GC(2618)       JFR weak processing: 0.0ms
[114.915s][debug][gc,phases         ] GC(2618)         Dead: 0
[114.915s][debug][gc,phases         ] GC(2618)         Total: 0
[114.915s][debug][gc,phases         ] GC(2618)       JNI weak                  Min:  0.0, Avg:  0.0, Max:  0.0, Diff:  0.0, Sum:  0.0, Workers: 5
[114.915s][debug][gc,phases         ] GC(2618)         Dead                      Min: 0, Avg:  0.0, Max: 0, Diff: 0, Sum: 0, Workers: 5
[114.915s][debug][gc,phases         ] GC(2618)         Total                     Min: 0, Avg: 20.4, Max: 62, Diff: 62, Sum: 102, Workers: 5
[114.915s][debug][gc,phases         ] GC(2618)       VM weak                   Min:  0.0, Avg:  0.0, Max:  0.0, Diff:  0.0, Sum:  0.0, Workers: 5
[114.915s][debug][gc,phases         ] GC(2618)         Dead                      Min: 0, Avg:  0.0, Max: 0, Diff: 0, Sum: 0, Workers: 5
[114.915s][debug][gc,phases         ] GC(2618)         Total                     Min: 0, Avg: 42.4, Max: 128, Diff: 128, Sum: 212, Workers: 5
[114.915s][debug][gc,phases         ] GC(2618)       StringTable weak          Min:  0.0, Avg:  0.0, Max:  0.0, Diff:  0.0, Sum:  0.1, Workers: 5
[114.915s][debug][gc,phases         ] GC(2618)         Dead                      Min: 0, Avg:  0.0, Max: 0, Diff: 0, Sum: 0, Workers: 5
[114.915s][debug][gc,phases         ] GC(2618)         Total                     Min: 383, Avg: 684.6, Max: 768, Diff: 385, Sum: 3423, Workers: 5
[114.915s][debug][gc,phases         ] GC(2618)       ResolvedMethodTable weak  Min:  0.0, Avg:  0.0, Max:  0.0, Diff:  0.0, Sum:  0.0, Workers: 5
[114.915s][debug][gc,phases         ] GC(2618)         Dead                      Min: 0, Avg:  0.0, Max: 0, Diff: 0, Sum: 0, Workers: 5
[114.915s][debug][gc,phases         ] GC(2618)         Total                     Min: 64, Avg: 114.6, Max: 128, Diff: 64, Sum: 573, Workers: 5
[114.915s][debug][gc,phases         ] GC(2618)     Merge Per-Thread State: 0.0ms
[114.915s][debug][gc,phases         ] GC(2618)       Copied Bytes              Min: 224, Avg: 600326.0, Max: 1200408, Diff: 1200184, Sum: 4802608, Workers: 8
[114.915s][debug][gc,phases         ] GC(2618)       LAB Waste                 Min: 0, Avg:  0.0, Max: 0, Diff: 0, Sum: 0, Workers: 8
[114.915s][debug][gc,phases         ] GC(2618)       LAB Undo Waste            Min: 0, Avg:  0.0, Max: 0, Diff: 0, Sum: 0, Workers: 8
[114.915s][debug][gc,phases         ] GC(2618)     Code Roots Purge: 0.0ms
[114.915s][debug][gc,phases         ] GC(2618)     Redirty Cards: 0.0ms
[114.915s][debug][gc,phases         ] GC(2618)     DerivedPointerTable Update: 0.0ms
[114.915s][debug][gc,phases         ] GC(2618)     Free Collection Set: 0.2ms
[114.915s][debug][gc,phases         ] GC(2618)     Rebuild Free List: 0.1ms
[114.915s][debug][gc,phases         ] GC(2618)     Humongous Reclaim: 0.0ms
[114.915s][debug][gc,phases         ] GC(2618)     Start New Collection Set: 0.0ms
[114.915s][debug][gc,phases         ] GC(2618)     Resize TLABs: 0.0ms
[114.915s][debug][gc,phases         ] GC(2618)     Expand Heap After Collection: 0.0ms
[114.915s][info ][gc,phases         ] GC(2618)   Other: 0.5ms
[114.915s][info ][gc,heap           ] GC(2618) Eden regions: 771->0(769)
[114.915s][info ][gc,heap           ] GC(2618) Survivor regions: 4->6(97)
[114.915s][info ][gc,heap           ] GC(2618) Old regions: 18->18
[114.915s][info ][gc,heap           ] GC(2618) Archive regions: 2->2
[114.915s][info ][gc,heap           ] GC(2618) Humongous regions: 0->0
[114.915s][info ][gc,metaspace      ] GC(2618) Metaspace: 10016K(10624K)->10016K(10624K) NonClass: 8864K(9216K)->8864K(9216K) Class: 1152K(1408K)->1152K(1408K)
[114.915s][debug][gc,heap           ] GC(2618) Heap after GC invocations=2619 (full 1): garbage-first heap   total 1324032K, used 24605K [0x0000000700000000, 0x0000000800000000)
[114.915s][debug][gc,heap           ] GC(2618)   region size 1024K, 6 young (6144K), 6 survivors (6144K)
[114.915s][debug][gc,heap           ] GC(2618)  Metaspace       used 10016K, capacity 10304K, committed 10624K, reserved 1058816K
[114.915s][debug][gc,heap           ] GC(2618)   class space    used 1152K, capacity 1266K, committed 1408K, reserved 1048576K
[114.915s][info ][gc                ] GC(2618) Pause Young (Normal) (G1 Evacuation Pause) 792M->24M(1293M) 2.760ms
[114.915s][info ][gc,cpu            ] GC(2618) User=0.00s Sys=0.00s Real=0.00s
[114.915s][info ][safepoint         ] Safepoint "G1CollectForAllocation", Time since last: 44585760 ns, Reaching safepoint: 173056 ns, At safepoint: 2979443 ns, Total: 3152499 ns
[114.959s][debug][gc,heap           ] GC(2619) Heap before GC invocations=2619 (full 1): garbage-first heap   total 1324032K, used 811037K [0x0000000700000000, 0x0000000800000000)
[114.959s][debug][gc,heap           ] GC(2619)   region size 1024K, 775 young (793600K), 6 survivors (6144K)
[114.959s][debug][gc,heap           ] GC(2619)  Metaspace       used 10016K, capacity 10304K, committed 10624K, reserved 1058816K
[114.959s][debug][gc,heap           ] GC(2619)   class space    used 1152K, capacity 1266K, committed 1408K, reserved 1048576K
[114.959s][info ][gc,start          ] GC(2619) Pause Young (Normal) (G1 Evacuation Pause)
[114.959s][info ][gc,task           ] GC(2619) Using 8 workers of 8 for evacuation
[114.959s][debug][gc,tlab           ] GC(2619) TLAB totals: thrds: 8  refills: 15 max: 3 slow allocs: 1528 max 213 waste: 27.8% gc: 1086232B max: 243496B slow: 58672B max: 15488B fast: 0B max: 0B
[114.959s][debug][gc,age            ] GC(2619) Desired survivor size 50855936 bytes, new threshold 15 (max threshold 15)
[114.959s][debug][gc,alloc,region   ] GC(2619) Mutator Allocation stats, regions: 769, wasted size: 180M (23.4%)
[114.959s][debug][gc,ergo           ] GC(2619) Running G1 Merge Heap Roots using 8 workers for 775 regions
[114.959s][debug][gc,remset         ] GC(2619) Visited cards 512 Total dirty 4096 (12.50%) Total old 3215360 (0.02%)
[114.960s][debug][gc,ergo           ] GC(2619) Running G1 Clear Card Table Task using 2 workers for 2 units of work for 777 regions.
[114.960s][debug][gc,ref            ] GC(2619) Skipped phase1 of Reference Processing due to unavailable references
[114.960s][debug][gc,ref            ] GC(2619) Skipped phase2 of Reference Processing due to unavailable references
[114.960s][debug][gc,ref            ] GC(2619) Skipped phase3 of Reference Processing due to unavailable references
[114.960s][debug][gc,ref            ] GC(2619) Skipped phase4 of Reference Processing due to unavailable references
[114.960s][debug][gc,ergo           ] GC(2619) Running G1 Free Collection Set using 8 workers for collection set length 775 (1293)
[114.960s][debug][gc,ergo           ] GC(2619) Running G1 Rebuild Free List Task using 8 workers for rebuilding free list of 0 (4096) regions
[114.960s][trace][gc,age            ] GC(2619) Age table with threshold 15 (max threshold 15)
[114.960s][trace][gc,age            ] GC(2619) - age   1:    3202456 bytes,    3202456 total
[114.960s][debug][gc,plab           ] GC(2619) Young PLAB allocation: allocated: 16512B, wasted: 0B, unused: 14176B, used: 2336B, undo waste: 0B, 
[114.960s][debug][gc,plab           ] GC(2619) Young other allocation: region end waste: 733248B, regions filled: 4, direct allocated: 3200120B, failure used: 0B, failure wasted: 0B
[114.960s][debug][gc,plab           ] GC(2619) Young sizing: calculated: 0B, actual: 2064B
[114.960s][debug][gc,plab           ] GC(2619) Old PLAB allocation: allocated: 0B, wasted: 0B, unused: 0B, used: 0B, undo waste: 0B, 
[114.960s][debug][gc,plab           ] GC(2619) Old other allocation: region end waste: 0B, regions filled: 1, direct allocated: 0B, failure used: 0B, failure wasted: 0B
[114.960s][debug][gc,plab           ] GC(2619) Old sizing: calculated: 0B, actual: 2064B
[114.960s][debug][gc,ihop           ] GC(2619) Basic information (value update), threshold: 610113945B (45.00), target occupancy: 1355808768B, current occupancy: 23097144B, recent allocation size: 0B, recent allocation duration: 44.60ms, recent old gen allocation rate: 0.00B/s, recent marking phase length: 30.68ms
[114.960s][debug][gc,ihop           ] GC(2619) Adaptive IHOP information (value update), threshold: 610113945B (47.37), internal target occupancy: 1288018329B, occupancy: 23097144B, additional buffer size: 812646400B, predicted old gen allocation rate: 3.98B/s, predicted marking phase length: 61.36ms, prediction active: false
[114.960s][debug][gc,ergo,refine    ] GC(2619) Concurrent refinement times: Logged Cards Scan time goal: 20.00ms Logged Cards Scan time: 0.00ms HCC time: 0.00ms
[114.960s][debug][gc,ergo,refine    ] GC(2619) Updated Refinement Zones: green: 2048, yellow: 6144, red: 10240
[114.960s][info ][gc,phases         ] GC(2619)   Pre Evacuate Collection Set: 0.1ms
[114.960s][debug][gc,phases         ] GC(2619)     Prepare TLABs: 0.0ms
[114.960s][debug][gc,phases         ] GC(2619)     Choose Collection Set: 0.0ms
[114.960s][debug][gc,phases         ] GC(2619)     Region Register: 0.1ms
[114.960s][debug][gc,phases         ] GC(2619)     Prepare Heap Roots: 0.0ms
[114.960s][info ][gc,phases         ] GC(2619)   Merge Heap Roots: 0.1ms
[114.960s][debug][gc,phases         ] GC(2619)     Prepare Merge Heap Roots: 0.0ms
[114.960s][debug][gc,phases         ] GC(2619)     Eager Reclaim (ms):       skipped
[114.960s][debug][gc,phases         ] GC(2619)     Remembered Sets (ms):     Min:  0.0, Avg:  0.0, Max:  0.0, Diff:  0.0, Sum:  0.3, Workers: 8
[114.960s][debug][gc,phases         ] GC(2619)       Merged Sparse:            Min: 0, Avg:  0.0, Max: 0, Diff: 0, Sum: 0, Workers: 8
[114.960s][debug][gc,phases         ] GC(2619)       Merged Fine:              Min: 0, Avg:  0.0, Max: 0, Diff: 0, Sum: 0, Workers: 8
[114.960s][debug][gc,phases         ] GC(2619)       Merged Coarse:            Min: 0, Avg:  0.0, Max: 0, Diff: 0, Sum: 0, Workers: 8
[114.960s][debug][gc,phases         ] GC(2619)       Dirty Cards:              Min: 0, Avg:  0.0, Max: 0, Diff: 0, Sum: 0, Workers: 8
[114.960s][debug][gc,phases         ] GC(2619)     Hot Card Cache (ms):      Min:  0.0, Avg:  0.0, Max:  0.0, Diff:  0.0, Sum:  0.0, Workers: 8
[114.960s][debug][gc,phases         ] GC(2619)       Dirty Cards:              Min: 0, Avg:  0.0, Max: 0, Diff: 0, Sum: 0, Workers: 8
[114.961s][debug][gc,phases         ] GC(2619)       Skipped Cards:            Min: 0, Avg:  0.0, Max: 0, Diff: 0, Sum: 0, Workers: 8
[114.961s][debug][gc,phases         ] GC(2619)     Log Buffers (ms):         Min:  0.0, Avg:  0.0, Max:  0.0, Diff:  0.0, Sum:  0.0, Workers: 8
[114.961s][debug][gc,phases         ] GC(2619)       Dirty Cards:              Min: 0, Avg:  0.2, Max: 1, Diff: 1, Sum: 2, Workers: 8
[114.961s][debug][gc,phases         ] GC(2619)       Skipped Cards:            Min: 0, Avg:  0.0, Max: 0, Diff: 0, Sum: 0, Workers: 8
[114.961s][info ][gc,phases         ] GC(2619)   Evacuate Collection Set: 0.4ms
[114.961s][debug][gc,phases         ] GC(2619)     Ext Root Scanning (ms):   Min:  0.2, Avg:  0.2, Max:  0.3, Diff:  0.2, Sum:  1.9, Workers: 8
[114.961s][debug][gc,phases         ] GC(2619)     Scan Heap Roots (ms):     Min:  0.0, Avg:  0.0, Max:  0.0, Diff:  0.0, Sum:  0.0, Workers: 8
[114.961s][debug][gc,phases         ] GC(2619)       Scanned Cards:            Min: 0, Avg:  0.2, Max: 2, Diff: 2, Sum: 2, Workers: 8
[114.961s][debug][gc,phases         ] GC(2619)       Scanned Blocks:           Min: 0, Avg:  0.2, Max: 2, Diff: 2, Sum: 2, Workers: 8
[114.961s][debug][gc,phases         ] GC(2619)       Claimed Chunks:           Min: 0, Avg:  0.2, Max: 2, Diff: 2, Sum: 2, Workers: 8
[114.961s][debug][gc,phases         ] GC(2619)     Code Root Scan (ms):      Min:  0.0, Avg:  0.0, Max:  0.1, Diff:  0.1, Sum:  0.1, Workers: 8
[114.961s][debug][gc,phases         ] GC(2619)     Object Copy (ms):         Min:  0.0, Avg:  0.0, Max:  0.0, Diff:  0.0, Sum:  0.0, Workers: 8
[114.961s][debug][gc,phases         ] GC(2619)     Termination (ms):         Min:  0.0, Avg:  0.1, Max:  0.1, Diff:  0.1, Sum:  0.5, Workers: 8
[114.961s][debug][gc,phases         ] GC(2619)       Termination Attempts:     Min: 1, Avg:  1.1, Max: 2, Diff: 1, Sum: 9, Workers: 8
[114.961s][debug][gc,phases         ] GC(2619)     GC Worker Other (ms):     Min:  0.0, Avg:  0.0, Max:  0.1, Diff:  0.1, Sum:  0.3, Workers: 8
[114.961s][debug][gc,phases         ] GC(2619)     GC Worker Total (ms):     Min:  0.4, Avg:  0.4, Max:  0.4, Diff:  0.0, Sum:  2.9, Workers: 8
[114.961s][info ][gc,phases         ] GC(2619)   Post Evacuate Collection Set: 0.6ms
[114.961s][debug][gc,phases         ] GC(2619)     Code Roots Fixup: 0.0ms
[114.961s][debug][gc,phases         ] GC(2619)     Clear Card Table: 0.2ms
[114.961s][debug][gc,phases         ] GC(2619)     Reference Processing: 0.0ms
[114.961s][debug][gc,phases,ref     ] GC(2619)       Reconsider SoftReferences: 0.0ms
[114.961s][debug][gc,phases,ref     ] GC(2619)         SoftRef (ms):             skipped
[114.961s][debug][gc,phases,ref     ] GC(2619)       Notify Soft/WeakReferences: 0.0ms
[114.961s][debug][gc,phases,ref     ] GC(2619)         SoftRef (ms):             skipped
[114.961s][debug][gc,phases,ref     ] GC(2619)         WeakRef (ms):             skipped
[114.961s][debug][gc,phases,ref     ] GC(2619)         FinalRef (ms):            skipped
[114.961s][debug][gc,phases,ref     ] GC(2619)         Total (ms):               skipped
[114.961s][debug][gc,phases,ref     ] GC(2619)       Notify and keep alive finalizable: 0.0ms
[114.961s][debug][gc,phases,ref     ] GC(2619)         FinalRef (ms):            skipped
[114.961s][debug][gc,phases,ref     ] GC(2619)       Notify PhantomReferences: 0.0ms
[114.961s][debug][gc,phases,ref     ] GC(2619)         PhantomRef (ms):          skipped
[114.961s][debug][gc,phases,ref     ] GC(2619)       SoftReference:
[114.961s][debug][gc,phases,ref     ] GC(2619)         Discovered: 0
[114.961s][debug][gc,phases,ref     ] GC(2619)         Cleared: 0
[114.961s][debug][gc,phases,ref     ] GC(2619)       WeakReference:
[114.961s][debug][gc,phases,ref     ] GC(2619)         Discovered: 0
[114.961s][debug][gc,phases,ref     ] GC(2619)         Cleared: 0
[114.961s][debug][gc,phases,ref     ] GC(2619)       FinalReference:
[114.961s][debug][gc,phases,ref     ] GC(2619)         Discovered: 0
[114.961s][debug][gc,phases,ref     ] GC(2619)         Cleared: 0
[114.961s][debug][gc,phases,ref     ] GC(2619)       PhantomReference:
[114.961s][debug][gc,phases,ref     ] GC(2619)         Discovered: 0
[114.961s][debug][gc,phases,ref     ] GC(2619)         Cleared: 0
[114.961s][debug][gc,phases         ] GC(2619)     Weak Processing: 0.0ms
[114.961s][debug][gc,phases         ] GC(2619)       JVMTI weak processing: 0.0ms
[114.961s][debug][gc,phases         ] GC(2619)         Dead: 0
[114.961s][debug][gc,phases         ] GC(2619)         Total: 0
[114.961s][debug][gc,phases         ] GC(2619)       JFR weak processing: 0.0ms
[114.961s][debug][gc,phases         ] GC(2619)         Dead: 0
[114.961s][debug][gc,phases         ] GC(2619)         Total: 0
[114.961s][debug][gc,phases         ] GC(2619)       JNI weak                  Min:  0.0, Avg:  0.0, Max:  0.0, Diff:  0.0, Sum:  0.0, Workers: 5
[114.961s][debug][gc,phases         ] GC(2619)         Dead                      Min: 0, Avg:  0.0, Max: 0, Diff: 0, Sum: 0, Workers: 5
[114.961s][debug][gc,phases         ] GC(2619)         Total                     Min: 0, Avg: 20.4, Max: 62, Diff: 62, Sum: 102, Workers: 5
[114.961s][debug][gc,phases         ] GC(2619)       VM weak                   Min:  0.0, Avg:  0.0, Max:  0.0, Diff:  0.0, Sum:  0.0, Workers: 5
[114.961s][debug][gc,phases         ] GC(2619)         Dead                      Min: 0, Avg:  0.0, Max: 0, Diff: 0, Sum: 0, Workers: 5
[114.961s][debug][gc,phases         ] GC(2619)         Total                     Min: 0, Avg: 42.4, Max: 64, Diff: 64, Sum: 212, Workers: 5
[114.961s][debug][gc,phases         ] GC(2619)       StringTable weak          Min:  0.0, Avg:  0.0, Max:  0.0, Diff:  0.0, Sum:  0.1, Workers: 5
[114.961s][debug][gc,phases         ] GC(2619)         Dead                      Min: 0, Avg:  0.0, Max: 0, Diff: 0, Sum: 0, Workers: 5
[114.961s][debug][gc,phases         ] GC(2619)         Total                     Min: 448, Avg: 684.6, Max: 768, Diff: 320, Sum: 3423, Workers: 5
[114.961s][debug][gc,phases         ] GC(2619)       ResolvedMethodTable weak  Min:  0.0, Avg:  0.0, Max:  0.0, Diff:  0.0, Sum:  0.0, Workers: 5
[114.961s][debug][gc,phases         ] GC(2619)         Dead                      Min: 0, Avg:  0.0, Max: 0, Diff: 0, Sum: 0, Workers: 5
[114.961s][debug][gc,phases         ] GC(2619)         Total                     Min: 61, Avg: 114.6, Max: 128, Diff: 67, Sum: 573, Workers: 5
[114.961s][debug][gc,phases         ] GC(2619)     Merge Per-Thread State: 0.0ms
[114.961s][debug][gc,phases         ] GC(2619)       Copied Bytes              Min: 160, Avg: 400307.0, Max: 800096, Diff: 799936, Sum: 3202456, Workers: 8
[114.961s][debug][gc,phases         ] GC(2619)       LAB Waste                 Min: 0, Avg:  0.0, Max: 0, Diff: 0, Sum: 0, Workers: 8
[114.961s][debug][gc,phases         ] GC(2619)       LAB Undo Waste            Min: 0, Avg:  0.0, Max: 0, Diff: 0, Sum: 0, Workers: 8
[114.961s][debug][gc,phases         ] GC(2619)     Code Roots Purge: 0.0ms
[114.961s][debug][gc,phases         ] GC(2619)     Redirty Cards: 0.0ms
[114.961s][debug][gc,phases         ] GC(2619)     DerivedPointerTable Update: 0.0ms
[114.961s][debug][gc,phases         ] GC(2619)     Free Collection Set: 0.2ms
[114.961s][debug][gc,phases         ] GC(2619)     Rebuild Free List: 0.1ms
[114.961s][debug][gc,phases         ] GC(2619)     Humongous Reclaim: 0.0ms
[114.961s][debug][gc,phases         ] GC(2619)     Start New Collection Set: 0.0ms
[114.961s][debug][gc,phases         ] GC(2619)     Resize TLABs: 0.0ms
[114.961s][debug][gc,phases         ] GC(2619)     Expand Heap After Collection: 0.0ms
[114.961s][info ][gc,phases         ] GC(2619)   Other: 0.3ms
[114.961s][info ][gc,heap           ] GC(2619) Eden regions: 769->0(771)
[114.961s][info ][gc,heap           ] GC(2619) Survivor regions: 6->4(97)
[114.961s][info ][gc,heap           ] GC(2619) Old regions: 18->18
[114.961s][info ][gc,heap           ] GC(2619) Archive regions: 2->2
[114.961s][info ][gc,heap           ] GC(2619) Humongous regions: 0->0
[114.961s][info ][gc,metaspace      ] GC(2619) Metaspace: 10016K(10624K)->10016K(10624K) NonClass: 8864K(9216K)->8864K(9216K) Class: 1152K(1408K)->1152K(1408K)
[114.961s][debug][gc,heap           ] GC(2619) Heap after GC invocations=2620 (full 1): garbage-first heap   total 1324032K, used 22555K [0x0000000700000000, 0x0000000800000000)
[114.961s][debug][gc,heap           ] GC(2619)   region size 1024K, 4 young (4096K), 4 survivors (4096K)
[114.961s][debug][gc,heap           ] GC(2619)  Metaspace       used 10016K, capacity 10304K, committed 10624K, reserved 1058816K
[114.961s][debug][gc,heap           ] GC(2619)   class space    used 1152K, capacity 1266K, committed 1408K, reserved 1048576K
[114.961s][info ][gc                ] GC(2619) Pause Young (Normal) (G1 Evacuation Pause) 792M->22M(1293M) 2.293ms
[114.961s][info ][gc,cpu            ] GC(2619) User=0.00s Sys=0.00s Real=0.00s
[114.961s][info ][safepoint         ] Safepoint "G1CollectForAllocation", Time since last: 43192558 ns, Reaching safepoint: 168859 ns, At safepoint: 2495806 ns, Total: 2664665 ns
[115.006s][debug][gc,heap           ] GC(2620) Heap before GC invocations=2620 (full 1): garbage-first heap   total 1324032K, used 811035K [0x0000000700000000, 0x0000000800000000)
[115.006s][debug][gc,heap           ] GC(2620)   region size 1024K, 775 young (793600K), 4 survivors (4096K)
[115.006s][debug][gc,heap           ] GC(2620)  Metaspace       used 10016K, capacity 10304K, committed 10624K, reserved 1058816K
[115.006s][debug][gc,heap           ] GC(2620)   class space    used 1152K, capacity 1266K, committed 1408K, reserved 1048576K
[115.006s][info ][gc,start          ] GC(2620) Pause Young (Normal) (G1 Evacuation Pause)
[115.006s][info ][gc,task           ] GC(2620) Using 8 workers of 8 for evacuation
[115.006s][debug][gc,tlab           ] GC(2620) TLAB totals: thrds: 8  refills: 15 max: 3 slow allocs: 1534 max 223 waste: 29.9% gc: 1207680B max: 242232B slow: 60256B max: 15488B fast: 0B max: 0B
[115.006s][debug][gc,age            ] GC(2620) Desired survivor size 50855936 bytes, new threshold 15 (max threshold 15)
[115.006s][debug][gc,alloc,region   ] GC(2620) Mutator Allocation stats, regions: 771, wasted size: 180M (23.4%)
[115.006s][debug][gc,ergo           ] GC(2620) Running G1 Merge Heap Roots using 8 workers for 775 regions
[115.007s][debug][gc,remset         ] GC(2620) Visited cards 256 Total dirty 2048 (12.50%) Total old 3215360 (0.01%)
[115.007s][debug][gc,ergo           ] GC(2620) Running G1 Clear Card Table Task using 2 workers for 2 units of work for 776 regions.
[115.007s][debug][gc,ref            ] GC(2620) Skipped phase1 of Reference Processing due to unavailable references
[115.007s][debug][gc,ref            ] GC(2620) Skipped phase2 of Reference Processing due to unavailable references
[115.007s][debug][gc,ref            ] GC(2620) Skipped phase3 of Reference Processing due to unavailable references
[115.007s][debug][gc,ref            ] GC(2620) Skipped phase4 of Reference Processing due to unavailable references
[115.007s][debug][gc,ergo           ] GC(2620) Running G1 Free Collection Set using 8 workers for collection set length 775 (1293)
[115.008s][debug][gc,ergo           ] GC(2620) Running G1 Rebuild Free List Task using 8 workers for rebuilding free list of 0 (4096) regions
[115.008s][trace][gc,age            ] GC(2620) Age table with threshold 15 (max threshold 15)
[115.008s][trace][gc,age            ] GC(2620) - age   1:    3202568 bytes,    3202568 total
[115.008s][debug][gc,plab           ] GC(2620) Young PLAB allocation: allocated: 16512B, wasted: 0B, unused: 14064B, used: 2448B, undo waste: 0B, 
[115.008s][debug][gc,plab           ] GC(2620) Young other allocation: region end waste: 733248B, regions filled: 4, direct allocated: 3200120B, failure used: 0B, failure wasted: 0B
[115.008s][debug][gc,plab           ] GC(2620) Young sizing: calculated: 0B, actual: 2064B
[115.008s][debug][gc,plab           ] GC(2620) Old PLAB allocation: allocated: 0B, wasted: 0B, unused: 0B, used: 0B, undo waste: 0B, 
[115.008s][debug][gc,plab           ] GC(2620) Old other allocation: region end waste: 0B, regions filled: 1, direct allocated: 0B, failure used: 0B, failure wasted: 0B
[115.008s][debug][gc,plab           ] GC(2620) Old sizing: calculated: 0B, actual: 2064B
[115.008s][debug][gc,ihop           ] GC(2620) Basic information (value update), threshold: 610113945B (45.00), target occupancy: 1355808768B, current occupancy: 23097144B, recent allocation size: 0B, recent allocation duration: 45.86ms, recent old gen allocation rate: 0.00B/s, recent marking phase length: 30.68ms
[115.008s][debug][gc,ihop           ] GC(2620) Adaptive IHOP information (value update), threshold: 610113945B (47.37), internal target occupancy: 1288018329B, occupancy: 23097144B, additional buffer size: 812646400B, predicted old gen allocation rate: 3.88B/s, predicted marking phase length: 61.36ms, prediction active: false
[115.008s][debug][gc,ergo,refine    ] GC(2620) Concurrent refinement times: Logged Cards Scan time goal: 20.00ms Logged Cards Scan time: 0.00ms HCC time: 0.00ms
[115.008s][debug][gc,ergo,refine    ] GC(2620) Updated Refinement Zones: green: 2048, yellow: 6144, red: 10240
[115.008s][info ][gc,phases         ] GC(2620)   Pre Evacuate Collection Set: 0.1ms
[115.008s][debug][gc,phases         ] GC(2620)     Prepare TLABs: 0.0ms
[115.008s][debug][gc,phases         ] GC(2620)     Choose Collection Set: 0.0ms
[115.008s][debug][gc,phases         ] GC(2620)     Region Register: 0.1ms
[115.008s][debug][gc,phases         ] GC(2620)     Prepare Heap Roots: 0.0ms
[115.008s][info ][gc,phases         ] GC(2620)   Merge Heap Roots: 0.2ms
[115.008s][debug][gc,phases         ] GC(2620)     Prepare Merge Heap Roots: 0.0ms
[115.008s][debug][gc,phases         ] GC(2620)     Eager Reclaim (ms):       skipped
[115.008s][debug][gc,phases         ] GC(2620)     Remembered Sets (ms):     Min:  0.0, Avg:  0.0, Max:  0.0, Diff:  0.0, Sum:  0.3, Workers: 8
[115.008s][debug][gc,phases         ] GC(2620)       Merged Sparse:            Min: 0, Avg:  0.0, Max: 0, Diff: 0, Sum: 0, Workers: 8
[115.008s][debug][gc,phases         ] GC(2620)       Merged Fine:              Min: 0, Avg:  0.0, Max: 0, Diff: 0, Sum: 0, Workers: 8
[115.008s][debug][gc,phases         ] GC(2620)       Merged Coarse:            Min: 0, Avg:  0.0, Max: 0, Diff: 0, Sum: 0, Workers: 8
[115.008s][debug][gc,phases         ] GC(2620)       Dirty Cards:              Min: 0, Avg:  0.0, Max: 0, Diff: 0, Sum: 0, Workers: 8
[115.008s][debug][gc,phases         ] GC(2620)     Hot Card Cache (ms):      Min:  0.0, Avg:  0.0, Max:  0.0, Diff:  0.0, Sum:  0.0, Workers: 8
[115.008s][debug][gc,phases         ] GC(2620)       Dirty Cards:              Min: 0, Avg:  0.0, Max: 0, Diff: 0, Sum: 0, Workers: 8
[115.008s][debug][gc,phases         ] GC(2620)       Skipped Cards:            Min: 0, Avg:  0.0, Max: 0, Diff: 0, Sum: 0, Workers: 8
[115.008s][debug][gc,phases         ] GC(2620)     Log Buffers (ms):         Min:  0.0, Avg:  0.0, Max:  0.0, Diff:  0.0, Sum:  0.0, Workers: 8
[115.008s][debug][gc,phases         ] GC(2620)       Dirty Cards:              Min: 0, Avg:  0.1, Max: 1, Diff: 1, Sum: 1, Workers: 8
[115.008s][debug][gc,phases         ] GC(2620)       Skipped Cards:            Min: 0, Avg:  0.0, Max: 0, Diff: 0, Sum: 0, Workers: 8
[115.008s][info ][gc,phases         ] GC(2620)   Evacuate Collection Set: 0.4ms
[115.008s][debug][gc,phases         ] GC(2620)     Ext Root Scanning (ms):   Min:  0.1, Avg:  0.2, Max:  0.3, Diff:  0.1, Sum:  1.7, Workers: 8
[115.008s][debug][gc,phases         ] GC(2620)     Scan Heap Roots (ms):     Min:  0.0, Avg:  0.0, Max:  0.0, Diff:  0.0, Sum:  0.0, Workers: 8
[115.008s][debug][gc,phases         ] GC(2620)       Scanned Cards:            Min: 0, Avg:  0.1, Max: 1, Diff: 1, Sum: 1, Workers: 8
[115.008s][debug][gc,phases         ] GC(2620)       Scanned Blocks:           Min: 0, Avg:  0.1, Max: 1, Diff: 1, Sum: 1, Workers: 8
[115.008s][debug][gc,phases         ] GC(2620)       Claimed Chunks:           Min: 0, Avg:  0.1, Max: 1, Diff: 1, Sum: 1, Workers: 8
[115.008s][debug][gc,phases         ] GC(2620)     Code Root Scan (ms):      Min:  0.0, Avg:  0.0, Max:  0.0, Diff:  0.0, Sum:  0.2, Workers: 8
[115.008s][debug][gc,phases         ] GC(2620)     Object Copy (ms):         Min:  0.0, Avg:  0.0, Max:  0.0, Diff:  0.0, Sum:  0.0, Workers: 8
[115.008s][debug][gc,phases         ] GC(2620)     Termination (ms):         Min:  0.1, Avg:  0.1, Max:  0.1, Diff:  0.1, Sum:  0.8, Workers: 8
[115.008s][debug][gc,phases         ] GC(2620)       Termination Attempts:     Min: 1, Avg:  1.0, Max: 1, Diff: 0, Sum: 8, Workers: 8
[115.008s][debug][gc,phases         ] GC(2620)     GC Worker Other (ms):     Min:  0.0, Avg:  0.0, Max:  0.1, Diff:  0.0, Sum:  0.4, Workers: 8
[115.008s][debug][gc,phases         ] GC(2620)     GC Worker Total (ms):     Min:  0.3, Avg:  0.4, Max:  0.4, Diff:  0.1, Sum:  3.0, Workers: 8
[115.008s][info ][gc,phases         ] GC(2620)   Post Evacuate Collection Set: 0.6ms
[115.008s][debug][gc,phases         ] GC(2620)     Code Roots Fixup: 0.0ms
[115.008s][debug][gc,phases         ] GC(2620)     Clear Card Table: 0.2ms
[115.008s][debug][gc,phases         ] GC(2620)     Reference Processing: 0.0ms
[115.008s][debug][gc,phases,ref     ] GC(2620)       Reconsider SoftReferences: 0.0ms
[115.008s][debug][gc,phases,ref     ] GC(2620)         SoftRef (ms):             skipped
[115.008s][debug][gc,phases,ref     ] GC(2620)       Notify Soft/WeakReferences: 0.0ms
[115.008s][debug][gc,phases,ref     ] GC(2620)         SoftRef (ms):             skipped
[115.008s][debug][gc,phases,ref     ] GC(2620)         WeakRef (ms):             skipped
[115.008s][debug][gc,phases,ref     ] GC(2620)         FinalRef (ms):            skipped
[115.008s][debug][gc,phases,ref     ] GC(2620)         Total (ms):               skipped
[115.008s][debug][gc,phases,ref     ] GC(2620)       Notify and keep alive finalizable: 0.0ms
[115.008s][debug][gc,phases,ref     ] GC(2620)         FinalRef (ms):            skipped
[115.008s][debug][gc,phases,ref     ] GC(2620)       Notify PhantomReferences: 0.0ms
[115.008s][debug][gc,phases,ref     ] GC(2620)         PhantomRef (ms):          skipped
[115.008s][debug][gc,phases,ref     ] GC(2620)       SoftReference:
[115.008s][debug][gc,phases,ref     ] GC(2620)         Discovered: 0
[115.008s][debug][gc,phases,ref     ] GC(2620)         Cleared: 0
[115.008s][debug][gc,phases,ref     ] GC(2620)       WeakReference:
[115.008s][debug][gc,phases,ref     ] GC(2620)         Discovered: 0
[115.008s][debug][gc,phases,ref     ] GC(2620)         Cleared: 0
[115.008s][debug][gc,phases,ref     ] GC(2620)       FinalReference:
[115.008s][debug][gc,phases,ref     ] GC(2620)         Discovered: 0
[115.008s][debug][gc,phases,ref     ] GC(2620)         Cleared: 0
[115.008s][debug][gc,phases,ref     ] GC(2620)       PhantomReference:
[115.008s][debug][gc,phases,ref     ] GC(2620)         Discovered: 0
[115.008s][debug][gc,phases,ref     ] GC(2620)         Cleared: 0
[115.008s][debug][gc,phases         ] GC(2620)     Weak Processing: 0.1ms
[115.008s][debug][gc,phases         ] GC(2620)       JVMTI weak processing: 0.0ms
[115.008s][debug][gc,phases         ] GC(2620)         Dead: 0
[115.008s][debug][gc,phases         ] GC(2620)         Total: 0
[115.008s][debug][gc,phases         ] GC(2620)       JFR weak processing: 0.0ms
[115.008s][debug][gc,phases         ] GC(2620)         Dead: 0
[115.008s][debug][gc,phases         ] GC(2620)         Total: 0
[115.008s][debug][gc,phases         ] GC(2620)       JNI weak                  Min:  0.0, Avg:  0.0, Max:  0.0, Diff:  0.0, Sum:  0.0, Workers: 5
[115.008s][debug][gc,phases         ] GC(2620)         Dead                      Min: 0, Avg:  0.0, Max: 0, Diff: 0, Sum: 0, Workers: 5
[115.008s][debug][gc,phases         ] GC(2620)         Total                     Min: 0, Avg: 20.4, Max: 62, Diff: 62, Sum: 102, Workers: 5
[115.008s][debug][gc,phases         ] GC(2620)       VM weak                   Min:  0.0, Avg:  0.0, Max:  0.0, Diff:  0.0, Sum:  0.0, Workers: 5
[115.008s][debug][gc,phases         ] GC(2620)         Dead                      Min: 0, Avg:  0.0, Max: 0, Diff: 0, Sum: 0, Workers: 5
[115.008s][debug][gc,phases         ] GC(2620)         Total                     Min: 0, Avg: 42.4, Max: 84, Diff: 84, Sum: 212, Workers: 5
[115.008s][debug][gc,phases         ] GC(2620)       StringTable weak          Min:  0.0, Avg:  0.0, Max:  0.0, Diff:  0.0, Sum:  0.1, Workers: 5
[115.008s][debug][gc,phases         ] GC(2620)         Dead                      Min: 0, Avg:  0.0, Max: 0, Diff: 0, Sum: 0, Workers: 5
[115.008s][debug][gc,phases         ] GC(2620)         Total                     Min: 0, Avg: 684.6, Max: 1408, Diff: 1408, Sum: 3423, Workers: 5
[115.008s][debug][gc,phases         ] GC(2620)       ResolvedMethodTable weak  Min:  0.0, Avg:  0.0, Max:  0.0, Diff:  0.0, Sum:  0.0, Workers: 5
[115.008s][debug][gc,phases         ] GC(2620)         Dead                      Min: 0, Avg:  0.0, Max: 0, Diff: 0, Sum: 0, Workers: 5
[115.008s][debug][gc,phases         ] GC(2620)         Total                     Min: 0, Avg: 114.6, Max: 253, Diff: 253, Sum: 573, Workers: 5
[115.008s][debug][gc,phases         ] GC(2620)     Merge Per-Thread State: 0.0ms
[115.008s][debug][gc,phases         ] GC(2620)       Copied Bytes              Min: 560, Avg: 400321.0, Max: 800320, Diff: 799760, Sum: 3202568, Workers: 8
[115.008s][debug][gc,phases         ] GC(2620)       LAB Waste                 Min: 0, Avg:  0.0, Max: 0, Diff: 0, Sum: 0, Workers: 8
[115.008s][debug][gc,phases         ] GC(2620)       LAB Undo Waste            Min: 0, Avg:  0.0, Max: 0, Diff: 0, Sum: 0, Workers: 8
[115.008s][debug][gc,phases         ] GC(2620)     Code Roots Purge: 0.0ms
[115.008s][debug][gc,phases         ] GC(2620)     Redirty Cards: 0.0ms
[115.008s][debug][gc,phases         ] GC(2620)     DerivedPointerTable Update: 0.0ms
[115.008s][debug][gc,phases         ] GC(2620)     Free Collection Set: 0.2ms
[115.008s][debug][gc,phases         ] GC(2620)     Rebuild Free List: 0.1ms
[115.008s][debug][gc,phases         ] GC(2620)     Humongous Reclaim: 0.0ms
[115.008s][debug][gc,phases         ] GC(2620)     Start New Collection Set: 0.0ms
[115.008s][debug][gc,phases         ] GC(2620)     Resize TLABs: 0.0ms
[115.008s][debug][gc,phases         ] GC(2620)     Expand Heap After Collection: 0.0ms
[115.008s][info ][gc,phases         ] GC(2620)   Other: 0.3ms
[115.008s][info ][gc,heap           ] GC(2620) Eden regions: 771->0(771)
[115.008s][info ][gc,heap           ] GC(2620) Survivor regions: 4->4(97)
[115.008s][info ][gc,heap           ] GC(2620) Old regions: 18->18
[115.008s][info ][gc,heap           ] GC(2620) Archive regions: 2->2
[115.008s][info ][gc,heap           ] GC(2620) Humongous regions: 0->0
[115.008s][info ][gc,metaspace      ] GC(2620) Metaspace: 10016K(10624K)->10016K(10624K) NonClass: 8864K(9216K)->8864K(9216K) Class: 1152K(1408K)->1152K(1408K)
[115.008s][debug][gc,heap           ] GC(2620) Heap after GC invocations=2621 (full 1): garbage-first heap   total 1324032K, used 22555K [0x0000000700000000, 0x0000000800000000)
[115.008s][debug][gc,heap           ] GC(2620)   region size 1024K, 4 young (4096K), 4 survivors (4096K)
[115.008s][debug][gc,heap           ] GC(2620)  Metaspace       used 10016K, capacity 10304K, committed 10624K, reserved 1058816K
[115.008s][debug][gc,heap           ] GC(2620)   class space    used 1152K, capacity 1266K, committed 1408K, reserved 1048576K
[115.008s][info ][gc                ] GC(2620) Pause Young (Normal) (G1 Evacuation Pause) 792M->22M(1293M) 2.318ms
[115.008s][info ][gc,cpu            ] GC(2620) User=0.00s Sys=0.00s Real=0.00s
[115.009s][info ][safepoint         ] Safepoint "G1CollectForAllocation", Time since last: 44695851 ns, Reaching safepoint: 144197 ns, At safepoint: 2490257 ns, Total: 2634454 ns
[115.051s][debug][gc,heap           ] GC(2621) Heap before GC invocations=2621 (full 1): garbage-first heap   total 1324032K, used 811035K [0x0000000700000000, 0x0000000800000000)
[115.051s][debug][gc,heap           ] GC(2621)   region size 1024K, 775 young (793600K), 4 survivors (4096K)
[115.051s][debug][gc,heap           ] GC(2621)  Metaspace       used 10016K, capacity 10304K, committed 10624K, reserved 1058816K
[115.051s][debug][gc,heap           ] GC(2621)   class space    used 1152K, capacity 1266K, committed 1408K, reserved 1048576K
[115.051s][info ][gc,start          ] GC(2621) Pause Young (Normal) (G1 Evacuation Pause)
[115.051s][info ][gc,task           ] GC(2621) Using 8 workers of 8 for evacuation
[115.051s][debug][gc,tlab           ] GC(2621) TLAB totals: thrds: 8  refills: 10 max: 2 slow allocs: 1536 max 243 waste: 36.4% gc: 987800B max: 238048B slow: 27352B max: 13912B fast: 0B max: 0B
[115.051s][debug][gc,age            ] GC(2621) Desired survivor size 50855936 bytes, new threshold 15 (max threshold 15)
[115.051s][debug][gc,alloc,region   ] GC(2621) Mutator Allocation stats, regions: 771, wasted size: 180M (23.4%)
[115.052s][debug][gc,ergo           ] GC(2621) Running G1 Merge Heap Roots using 8 workers for 775 regions
[115.052s][debug][gc,remset         ] GC(2621) Visited cards 512 Total dirty 4096 (12.50%) Total old 3215360 (0.02%)
[115.052s][debug][gc,ergo           ] GC(2621) Running G1 Clear Card Table Task using 2 workers for 2 units of work for 777 regions.
[115.053s][debug][gc,ref            ] GC(2621) Skipped phase1 of Reference Processing due to unavailable references
[115.053s][debug][gc,ref            ] GC(2621) Skipped phase2 of Reference Processing due to unavailable references
[115.053s][debug][gc,ref            ] GC(2621) Skipped phase3 of Reference Processing due to unavailable references
[115.053s][debug][gc,ref            ] GC(2621) Skipped phase4 of Reference Processing due to unavailable references
[115.053s][debug][gc,ergo           ] GC(2621) Running G1 Free Collection Set using 8 workers for collection set length 775 (1293)
[115.053s][debug][gc,ergo           ] GC(2621) Running G1 Rebuild Free List Task using 8 workers for rebuilding free list of 0 (4096) regions
[115.053s][trace][gc,age            ] GC(2621) Age table with threshold 15 (max threshold 15)
[115.053s][trace][gc,age            ] GC(2621) - age   1:    4002504 bytes,    4002504 total
[115.053s][debug][gc,plab           ] GC(2621) Young PLAB allocation: allocated: 14448B, wasted: 0B, unused: 12080B, used: 2368B, undo waste: 0B, 
[115.053s][debug][gc,plab           ] GC(2621) Young other allocation: region end waste: 983864B, regions filled: 5, direct allocated: 4000136B, failure used: 0B, failure wasted: 0B
[115.053s][debug][gc,plab           ] GC(2621) Young sizing: calculated: 0B, actual: 2064B
[115.053s][debug][gc,plab           ] GC(2621) Old PLAB allocation: allocated: 0B, wasted: 0B, unused: 0B, used: 0B, undo waste: 0B, 
[115.053s][debug][gc,plab           ] GC(2621) Old other allocation: region end waste: 0B, regions filled: 1, direct allocated: 0B, failure used: 0B, failure wasted: 0B
[115.053s][debug][gc,plab           ] GC(2621) Old sizing: calculated: 0B, actual: 2064B
[115.053s][debug][gc,ihop           ] GC(2621) Basic information (value update), threshold: 610113945B (45.00), target occupancy: 1355808768B, current occupancy: 24145712B, recent allocation size: 0B, recent allocation duration: 43.74ms, recent old gen allocation rate: 0.00B/s, recent marking phase length: 30.68ms
[115.053s][debug][gc,ihop           ] GC(2621) Adaptive IHOP information (value update), threshold: 610113945B (47.37), internal target occupancy: 1288018329B, occupancy: 24145712B, additional buffer size: 812646400B, predicted old gen allocation rate: 3.78B/s, predicted marking phase length: 61.36ms, prediction active: false
[115.053s][debug][gc,ergo,refine    ] GC(2621) Concurrent refinement times: Logged Cards Scan time goal: 20.00ms Logged Cards Scan time: 0.00ms HCC time: 0.00ms
[115.053s][debug][gc,ergo,refine    ] GC(2621) Updated Refinement Zones: green: 2048, yellow: 6144, red: 10240
[115.053s][info ][gc,phases         ] GC(2621)   Pre Evacuate Collection Set: 0.1ms
[115.053s][debug][gc,phases         ] GC(2621)     Prepare TLABs: 0.0ms
[115.053s][debug][gc,phases         ] GC(2621)     Choose Collection Set: 0.0ms
[115.053s][debug][gc,phases         ] GC(2621)     Region Register: 0.1ms
[115.053s][debug][gc,phases         ] GC(2621)     Prepare Heap Roots: 0.0ms
[115.053s][info ][gc,phases         ] GC(2621)   Merge Heap Roots: 0.2ms
[115.053s][debug][gc,phases         ] GC(2621)     Prepare Merge Heap Roots: 0.0ms
[115.053s][debug][gc,phases         ] GC(2621)     Eager Reclaim (ms):       skipped
[115.053s][debug][gc,phases         ] GC(2621)     Remembered Sets (ms):     Min:  0.0, Avg:  0.0, Max:  0.1, Diff:  0.0, Sum:  0.3, Workers: 8
[115.053s][debug][gc,phases         ] GC(2621)       Merged Sparse:            Min: 0, Avg:  0.0, Max: 0, Diff: 0, Sum: 0, Workers: 8
[115.053s][debug][gc,phases         ] GC(2621)       Merged Fine:              Min: 0, Avg:  0.0, Max: 0, Diff: 0, Sum: 0, Workers: 8
[115.053s][debug][gc,phases         ] GC(2621)       Merged Coarse:            Min: 0, Avg:  0.0, Max: 0, Diff: 0, Sum: 0, Workers: 8
[115.053s][debug][gc,phases         ] GC(2621)       Dirty Cards:              Min: 0, Avg:  0.0, Max: 0, Diff: 0, Sum: 0, Workers: 8
[115.053s][debug][gc,phases         ] GC(2621)     Hot Card Cache (ms):      Min:  0.0, Avg:  0.0, Max:  0.0, Diff:  0.0, Sum:  0.0, Workers: 8
[115.053s][debug][gc,phases         ] GC(2621)       Dirty Cards:              Min: 0, Avg:  0.0, Max: 0, Diff: 0, Sum: 0, Workers: 8
[115.053s][debug][gc,phases         ] GC(2621)       Skipped Cards:            Min: 0, Avg:  0.0, Max: 0, Diff: 0, Sum: 0, Workers: 8
[115.053s][debug][gc,phases         ] GC(2621)     Log Buffers (ms):         Min:  0.0, Avg:  0.0, Max:  0.0, Diff:  0.0, Sum:  0.0, Workers: 8
[115.053s][debug][gc,phases         ] GC(2621)       Dirty Cards:              Min: 0, Avg:  0.2, Max: 2, Diff: 2, Sum: 2, Workers: 8
[115.053s][debug][gc,phases         ] GC(2621)       Skipped Cards:            Min: 0, Avg:  0.0, Max: 0, Diff: 0, Sum: 0, Workers: 8
[115.053s][info ][gc,phases         ] GC(2621)   Evacuate Collection Set: 0.5ms
[115.053s][debug][gc,phases         ] GC(2621)     Ext Root Scanning (ms):   Min:  0.0, Avg:  0.3, Max:  0.4, Diff:  0.4, Sum:  2.3, Workers: 8
[115.053s][debug][gc,phases         ] GC(2621)     Scan Heap Roots (ms):     Min:  0.0, Avg:  0.0, Max:  0.0, Diff:  0.0, Sum:  0.0, Workers: 8
[115.053s][debug][gc,phases         ] GC(2621)       Scanned Cards:            Min: 0, Avg:  0.2, Max: 2, Diff: 2, Sum: 2, Workers: 8
[115.053s][debug][gc,phases         ] GC(2621)       Scanned Blocks:           Min: 0, Avg:  0.2, Max: 2, Diff: 2, Sum: 2, Workers: 8
[115.053s][debug][gc,phases         ] GC(2621)       Claimed Chunks:           Min: 0, Avg:  0.2, Max: 2, Diff: 2, Sum: 2, Workers: 8
[115.054s][debug][gc,phases         ] GC(2621)     Code Root Scan (ms):      Min:  0.0, Avg:  0.0, Max:  0.0, Diff:  0.0, Sum:  0.1, Workers: 8
[115.054s][debug][gc,phases         ] GC(2621)     Object Copy (ms):         Min:  0.0, Avg:  0.0, Max:  0.0, Diff:  0.0, Sum:  0.0, Workers: 8
[115.054s][debug][gc,phases         ] GC(2621)     Termination (ms):         Min:  0.0, Avg:  0.1, Max:  0.1, Diff:  0.0, Sum:  0.6, Workers: 8
[115.054s][debug][gc,phases         ] GC(2621)       Termination Attempts:     Min: 1, Avg:  1.0, Max: 1, Diff: 0, Sum: 8, Workers: 8
[115.054s][debug][gc,phases         ] GC(2621)     GC Worker Other (ms):     Min:  0.0, Avg:  0.1, Max:  0.1, Diff:  0.1, Sum:  0.4, Workers: 8
[115.054s][debug][gc,phases         ] GC(2621)     GC Worker Total (ms):     Min:  0.1, Avg:  0.4, Max:  0.5, Diff:  0.5, Sum:  3.5, Workers: 8
[115.054s][info ][gc,phases         ] GC(2621)   Post Evacuate Collection Set: 0.8ms
[115.054s][debug][gc,phases         ] GC(2621)     Code Roots Fixup: 0.0ms
[115.054s][debug][gc,phases         ] GC(2621)     Clear Card Table: 0.2ms
[115.054s][debug][gc,phases         ] GC(2621)     Reference Processing: 0.0ms
[115.054s][debug][gc,phases,ref     ] GC(2621)       Reconsider SoftReferences: 0.0ms
[115.054s][debug][gc,phases,ref     ] GC(2621)         SoftRef (ms):             skipped
[115.054s][debug][gc,phases,ref     ] GC(2621)       Notify Soft/WeakReferences: 0.0ms
[115.054s][debug][gc,phases,ref     ] GC(2621)         SoftRef (ms):             skipped
[115.054s][debug][gc,phases,ref     ] GC(2621)         WeakRef (ms):             skipped
[115.054s][debug][gc,phases,ref     ] GC(2621)         FinalRef (ms):            skipped
[115.054s][debug][gc,phases,ref     ] GC(2621)         Total (ms):               skipped
[115.054s][debug][gc,phases,ref     ] GC(2621)       Notify and keep alive finalizable: 0.0ms
[115.054s][debug][gc,phases,ref     ] GC(2621)         FinalRef (ms):            skipped
[115.054s][debug][gc,phases,ref     ] GC(2621)       Notify PhantomReferences: 0.0ms
[115.054s][debug][gc,phases,ref     ] GC(2621)         PhantomRef (ms):          skipped
[115.054s][debug][gc,phases,ref     ] GC(2621)       SoftReference:
[115.054s][debug][gc,phases,ref     ] GC(2621)         Discovered: 0
[115.054s][debug][gc,phases,ref     ] GC(2621)         Cleared: 0
[115.054s][debug][gc,phases,ref     ] GC(2621)       WeakReference:
[115.054s][debug][gc,phases,ref     ] GC(2621)         Discovered: 0
[115.054s][debug][gc,phases,ref     ] GC(2621)         Cleared: 0
[115.054s][debug][gc,phases,ref     ] GC(2621)       FinalReference:
[115.054s][debug][gc,phases,ref     ] GC(2621)         Discovered: 0
[115.054s][debug][gc,phases,ref     ] GC(2621)         Cleared: 0
[115.054s][debug][gc,phases,ref     ] GC(2621)       PhantomReference:
[115.054s][debug][gc,phases,ref     ] GC(2621)         Discovered: 0
[115.054s][debug][gc,phases,ref     ] GC(2621)         Cleared: 0
[115.054s][debug][gc,phases         ] GC(2621)     Weak Processing: 0.1ms
[115.054s][debug][gc,phases         ] GC(2621)       JVMTI weak processing: 0.0ms
[115.054s][debug][gc,phases         ] GC(2621)         Dead: 0
[115.054s][debug][gc,phases         ] GC(2621)         Total: 0
[115.054s][debug][gc,phases         ] GC(2621)       JFR weak processing: 0.0ms
[115.054s][debug][gc,phases         ] GC(2621)         Dead: 0
[115.054s][debug][gc,phases         ] GC(2621)         Total: 0
[115.054s][debug][gc,phases         ] GC(2621)       JNI weak                  Min:  0.0, Avg:  0.0, Max:  0.0, Diff:  0.0, Sum:  0.0, Workers: 5
[115.054s][debug][gc,phases         ] GC(2621)         Dead                      Min: 0, Avg:  0.0, Max: 0, Diff: 0, Sum: 0, Workers: 5
[115.054s][debug][gc,phases         ] GC(2621)         Total                     Min: 0, Avg: 20.4, Max: 102, Diff: 102, Sum: 102, Workers: 5
[115.054s][debug][gc,phases         ] GC(2621)       VM weak                   Min:  0.0, Avg:  0.0, Max:  0.0, Diff:  0.0, Sum:  0.0, Workers: 5
[115.054s][debug][gc,phases         ] GC(2621)         Dead                      Min: 0, Avg:  0.0, Max: 0, Diff: 0, Sum: 0, Workers: 5
[115.054s][debug][gc,phases         ] GC(2621)         Total                     Min: 0, Avg: 42.4, Max: 192, Diff: 192, Sum: 212, Workers: 5
[115.054s][debug][gc,phases         ] GC(2621)       StringTable weak          Min:  0.0, Avg:  0.0, Max:  0.0, Diff:  0.0, Sum:  0.1, Workers: 5
[115.054s][debug][gc,phases         ] GC(2621)         Dead                      Min: 0, Avg:  0.0, Max: 0, Diff: 0, Sum: 0, Workers: 5
[115.054s][debug][gc,phases         ] GC(2621)         Total                     Min: 0, Avg: 684.6, Max: 1312, Diff: 1312, Sum: 3423, Workers: 5
[115.054s][debug][gc,phases         ] GC(2621)       ResolvedMethodTable weak  Min:  0.0, Avg:  0.0, Max:  0.0, Diff:  0.0, Sum:  0.0, Workers: 5
[115.054s][debug][gc,phases         ] GC(2621)         Dead                      Min: 0, Avg:  0.0, Max: 0, Diff: 0, Sum: 0, Workers: 5
[115.054s][debug][gc,phases         ] GC(2621)         Total                     Min: 0, Avg: 114.6, Max: 256, Diff: 256, Sum: 573, Workers: 5
[115.054s][debug][gc,phases         ] GC(2621)     Merge Per-Thread State: 0.0ms
[115.054s][debug][gc,phases         ] GC(2621)       Copied Bytes              Min: 0, Avg: 500313.0, Max: 800560, Diff: 800560, Sum: 4002504, Workers: 8
[115.054s][debug][gc,phases         ] GC(2621)       LAB Waste                 Min: 0, Avg:  0.0, Max: 0, Diff: 0, Sum: 0, Workers: 8
[115.054s][debug][gc,phases         ] GC(2621)       LAB Undo Waste            Min: 0, Avg:  0.0, Max: 0, Diff: 0, Sum: 0, Workers: 8
[115.054s][debug][gc,phases         ] GC(2621)     Code Roots Purge: 0.0ms
[115.054s][debug][gc,phases         ] GC(2621)     Redirty Cards: 0.0ms
[115.054s][debug][gc,phases         ] GC(2621)     DerivedPointerTable Update: 0.0ms
[115.054s][debug][gc,phases         ] GC(2621)     Free Collection Set: 0.3ms
[115.054s][debug][gc,phases         ] GC(2621)     Rebuild Free List: 0.1ms
[115.054s][debug][gc,phases         ] GC(2621)     Humongous Reclaim: 0.0ms
[115.054s][debug][gc,phases         ] GC(2621)     Start New Collection Set: 0.0ms
[115.054s][debug][gc,phases         ] GC(2621)     Resize TLABs: 0.0ms
[115.054s][debug][gc,phases         ] GC(2621)     Expand Heap After Collection: 0.0ms
[115.054s][info ][gc,phases         ] GC(2621)   Other: 0.4ms
[115.054s][info ][gc,heap           ] GC(2621) Eden regions: 771->0(770)
[115.054s][info ][gc,heap           ] GC(2621) Survivor regions: 4->5(97)
[115.054s][info ][gc,heap           ] GC(2621) Old regions: 18->18
[115.054s][info ][gc,heap           ] GC(2621) Archive regions: 2->2
[115.054s][info ][gc,heap           ] GC(2621) Humongous regions: 0->0
[115.054s][info ][gc,metaspace      ] GC(2621) Metaspace: 10016K(10624K)->10016K(10624K) NonClass: 8864K(9216K)->8864K(9216K) Class: 1152K(1408K)->1152K(1408K)
[115.054s][debug][gc,heap           ] GC(2621) Heap after GC invocations=2622 (full 1): garbage-first heap   total 1324032K, used 23579K [0x0000000700000000, 0x0000000800000000)
[115.054s][debug][gc,heap           ] GC(2621)   region size 1024K, 5 young (5120K), 5 survivors (5120K)
[115.054s][debug][gc,heap           ] GC(2621)  Metaspace       used 10016K, capacity 10304K, committed 10624K, reserved 1058816K
[115.054s][debug][gc,heap           ] GC(2621)   class space    used 1152K, capacity 1266K, committed 1408K, reserved 1048576K
[115.054s][info ][gc                ] GC(2621) Pause Young (Normal) (G1 Evacuation Pause) 792M->23M(1293M) 2.815ms
[115.054s][info ][gc,cpu            ] GC(2621) User=0.00s Sys=0.00s Real=0.01s
[115.054s][info ][safepoint         ] Safepoint "G1CollectForAllocation", Time since last: 42555702 ns, Reaching safepoint: 168216 ns, At safepoint: 3057454 ns, Total: 3225670 ns
[115.099s][debug][gc,heap           ] GC(2622) Heap before GC invocations=2622 (full 1): garbage-first heap   total 1324032K, used 811035K [0x0000000700000000, 0x0000000800000000)
[115.099s][debug][gc,heap           ] GC(2622)   region size 1024K, 775 young (793600K), 5 survivors (5120K)
[115.099s][debug][gc,heap           ] GC(2622)  Metaspace       used 10016K, capacity 10304K, committed 10624K, reserved 1058816K
[115.099s][debug][gc,heap           ] GC(2622)   class space    used 1152K, capacity 1266K, committed 1408K, reserved 1048576K
[115.099s][info ][gc,start          ] GC(2622) Pause Young (Normal) (G1 Evacuation Pause)
[115.099s][info ][gc,task           ] GC(2622) Using 8 workers of 8 for evacuation
[115.099s][debug][gc,tlab           ] GC(2622) TLAB totals: thrds: 8  refills: 16 max: 3 slow allocs: 1533 max 241 waste: 30.6% gc: 1062136B max: 242640B slow: 75632B max: 15656B fast: 0B max: 0B
[115.099s][debug][gc,age            ] GC(2622) Desired survivor size 50855936 bytes, new threshold 15 (max threshold 15)
[115.099s][debug][gc,alloc,region   ] GC(2622) Mutator Allocation stats, regions: 770, wasted size: 180M (23.4%)
[115.100s][debug][gc,ergo           ] GC(2622) Running G1 Merge Heap Roots using 8 workers for 775 regions
[115.100s][debug][gc,remset         ] GC(2622) Visited cards 256 Total dirty 2048 (12.50%) Total old 3215360 (0.01%)
[115.100s][debug][gc,ergo           ] GC(2622) Running G1 Clear Card Table Task using 2 workers for 2 units of work for 776 regions.
[115.101s][debug][gc,ref            ] GC(2622) Skipped phase1 of Reference Processing due to unavailable references
[115.101s][debug][gc,ref            ] GC(2622) Skipped phase2 of Reference Processing due to unavailable references
[115.101s][debug][gc,ref            ] GC(2622) Skipped phase3 of Reference Processing due to unavailable references
[115.101s][debug][gc,ref            ] GC(2622) Skipped phase4 of Reference Processing due to unavailable references
[115.101s][debug][gc,ergo           ] GC(2622) Running G1 Free Collection Set using 8 workers for collection set length 775 (1293)
[115.101s][debug][gc,ergo           ] GC(2622) Running G1 Rebuild Free List Task using 8 workers for rebuilding free list of 0 (4096) regions
[115.101s][trace][gc,age            ] GC(2622) Age table with threshold 15 (max threshold 15)
[115.101s][trace][gc,age            ] GC(2622) - age   1:    3202568 bytes,    3202568 total
[115.101s][debug][gc,plab           ] GC(2622) Young PLAB allocation: allocated: 16512B, wasted: 0B, unused: 14064B, used: 2448B, undo waste: 0B, 
[115.101s][debug][gc,plab           ] GC(2622) Young other allocation: region end waste: 731184B, regions filled: 4, direct allocated: 3200120B, failure used: 0B, failure wasted: 0B
[115.101s][debug][gc,plab           ] GC(2622) Young sizing: calculated: 0B, actual: 2064B
[115.101s][debug][gc,plab           ] GC(2622) Old PLAB allocation: allocated: 0B, wasted: 0B, unused: 0B, used: 0B, undo waste: 0B, 
[115.101s][debug][gc,plab           ] GC(2622) Old other allocation: region end waste: 0B, regions filled: 1, direct allocated: 0B, failure used: 0B, failure wasted: 0B
[115.101s][debug][gc,plab           ] GC(2622) Old sizing: calculated: 0B, actual: 2064B
[115.101s][debug][gc,ihop           ] GC(2622) Basic information (value update), threshold: 610113945B (45.00), target occupancy: 1355808768B, current occupancy: 23095080B, recent allocation size: 0B, recent allocation duration: 46.26ms, recent old gen allocation rate: 0.00B/s, recent marking phase length: 30.68ms
[115.101s][debug][gc,ihop           ] GC(2622) Adaptive IHOP information (value update), threshold: 610113945B (47.37), internal target occupancy: 1288018329B, occupancy: 23095080B, additional buffer size: 812646400B, predicted old gen allocation rate: 3.68B/s, predicted marking phase length: 61.36ms, prediction active: false
[115.101s][debug][gc,ergo,refine    ] GC(2622) Concurrent refinement times: Logged Cards Scan time goal: 20.00ms Logged Cards Scan time: 0.00ms HCC time: 0.00ms
[115.101s][debug][gc,ergo,refine    ] GC(2622) Updated Refinement Zones: green: 2048, yellow: 6144, red: 10240
[115.101s][info ][gc,phases         ] GC(2622)   Pre Evacuate Collection Set: 0.2ms
[115.101s][debug][gc,phases         ] GC(2622)     Prepare TLABs: 0.0ms
[115.101s][debug][gc,phases         ] GC(2622)     Choose Collection Set: 0.0ms
[115.101s][debug][gc,phases         ] GC(2622)     Region Register: 0.2ms
[115.101s][debug][gc,phases         ] GC(2622)     Prepare Heap Roots: 0.0ms
[115.101s][info ][gc,phases         ] GC(2622)   Merge Heap Roots: 0.2ms
[115.101s][debug][gc,phases         ] GC(2622)     Prepare Merge Heap Roots: 0.0ms
[115.101s][debug][gc,phases         ] GC(2622)     Eager Reclaim (ms):       skipped
[115.101s][debug][gc,phases         ] GC(2622)     Remembered Sets (ms):     Min:  0.0, Avg:  0.0, Max:  0.0, Diff:  0.0, Sum:  0.1, Workers: 8
[115.101s][debug][gc,phases         ] GC(2622)       Merged Sparse:            Min: 0, Avg:  0.0, Max: 0, Diff: 0, Sum: 0, Workers: 8
[115.101s][debug][gc,phases         ] GC(2622)       Merged Fine:              Min: 0, Avg:  0.0, Max: 0, Diff: 0, Sum: 0, Workers: 8
[115.101s][debug][gc,phases         ] GC(2622)       Merged Coarse:            Min: 0, Avg:  0.0, Max: 0, Diff: 0, Sum: 0, Workers: 8
[115.101s][debug][gc,phases         ] GC(2622)       Dirty Cards:              Min: 0, Avg:  0.0, Max: 0, Diff: 0, Sum: 0, Workers: 8
[115.101s][debug][gc,phases         ] GC(2622)     Hot Card Cache (ms):      Min:  0.0, Avg:  0.0, Max:  0.0, Diff:  0.0, Sum:  0.0, Workers: 8
[115.101s][debug][gc,phases         ] GC(2622)       Dirty Cards:              Min: 0, Avg:  0.0, Max: 0, Diff: 0, Sum: 0, Workers: 8
[115.101s][debug][gc,phases         ] GC(2622)       Skipped Cards:            Min: 0, Avg:  0.0, Max: 0, Diff: 0, Sum: 0, Workers: 8
[115.101s][debug][gc,phases         ] GC(2622)     Log Buffers (ms):         Min:  0.0, Avg:  0.0, Max:  0.0, Diff:  0.0, Sum:  0.0, Workers: 8
[115.101s][debug][gc,phases         ] GC(2622)       Dirty Cards:              Min: 0, Avg:  0.1, Max: 1, Diff: 1, Sum: 1, Workers: 8
[115.101s][debug][gc,phases         ] GC(2622)       Skipped Cards:            Min: 0, Avg:  0.0, Max: 0, Diff: 0, Sum: 0, Workers: 8
[115.101s][info ][gc,phases         ] GC(2622)   Evacuate Collection Set: 0.4ms
[115.101s][debug][gc,phases         ] GC(2622)     Ext Root Scanning (ms):   Min:  0.2, Avg:  0.2, Max:  0.3, Diff:  0.1, Sum:  1.8, Workers: 8
[115.101s][debug][gc,phases         ] GC(2622)     Scan Heap Roots (ms):     Min:  0.0, Avg:  0.0, Max:  0.0, Diff:  0.0, Sum:  0.0, Workers: 8
[115.101s][debug][gc,phases         ] GC(2622)       Scanned Cards:            Min: 0, Avg:  0.1, Max: 1, Diff: 1, Sum: 1, Workers: 8
[115.101s][debug][gc,phases         ] GC(2622)       Scanned Blocks:           Min: 0, Avg:  0.1, Max: 1, Diff: 1, Sum: 1, Workers: 8
[115.101s][debug][gc,phases         ] GC(2622)       Claimed Chunks:           Min: 0, Avg:  0.1, Max: 1, Diff: 1, Sum: 1, Workers: 8
[115.101s][debug][gc,phases         ] GC(2622)     Code Root Scan (ms):      Min:  0.0, Avg:  0.0, Max:  0.0, Diff:  0.0, Sum:  0.1, Workers: 8
[115.101s][debug][gc,phases         ] GC(2622)     Object Copy (ms):         Min:  0.0, Avg:  0.0, Max:  0.0, Diff:  0.0, Sum:  0.0, Workers: 8
[115.101s][debug][gc,phases         ] GC(2622)     Termination (ms):         Min:  0.0, Avg:  0.1, Max:  0.1, Diff:  0.1, Sum:  0.5, Workers: 8
[115.101s][debug][gc,phases         ] GC(2622)       Termination Attempts:     Min: 1, Avg:  1.1, Max: 2, Diff: 1, Sum: 9, Workers: 8
[115.101s][debug][gc,phases         ] GC(2622)     GC Worker Other (ms):     Min:  0.0, Avg:  0.0, Max:  0.1, Diff:  0.0, Sum:  0.3, Workers: 8
[115.101s][debug][gc,phases         ] GC(2622)     GC Worker Total (ms):     Min:  0.3, Avg:  0.3, Max:  0.4, Diff:  0.1, Sum:  2.8, Workers: 8
[115.101s][info ][gc,phases         ] GC(2622)   Post Evacuate Collection Set: 0.6ms
[115.101s][debug][gc,phases         ] GC(2622)     Code Roots Fixup: 0.0ms
[115.101s][debug][gc,phases         ] GC(2622)     Clear Card Table: 0.2ms
[115.101s][debug][gc,phases         ] GC(2622)     Reference Processing: 0.0ms
[115.101s][debug][gc,phases,ref     ] GC(2622)       Reconsider SoftReferences: 0.0ms
[115.101s][debug][gc,phases,ref     ] GC(2622)         SoftRef (ms):             skipped
[115.101s][debug][gc,phases,ref     ] GC(2622)       Notify Soft/WeakReferences: 0.0ms
[115.101s][debug][gc,phases,ref     ] GC(2622)         SoftRef (ms):             skipped
[115.101s][debug][gc,phases,ref     ] GC(2622)         WeakRef (ms):             skipped
[115.101s][debug][gc,phases,ref     ] GC(2622)         FinalRef (ms):            skipped
[115.101s][debug][gc,phases,ref     ] GC(2622)         Total (ms):               skipped
[115.101s][debug][gc,phases,ref     ] GC(2622)       Notify and keep alive finalizable: 0.0ms
[115.101s][debug][gc,phases,ref     ] GC(2622)         FinalRef (ms):            skipped
[115.101s][debug][gc,phases,ref     ] GC(2622)       Notify PhantomReferences: 0.0ms
[115.101s][debug][gc,phases,ref     ] GC(2622)         PhantomRef (ms):          skipped
[115.101s][debug][gc,phases,ref     ] GC(2622)       SoftReference:
[115.101s][debug][gc,phases,ref     ] GC(2622)         Discovered: 0
[115.102s][debug][gc,phases,ref     ] GC(2622)         Cleared: 0
[115.102s][debug][gc,phases,ref     ] GC(2622)       WeakReference:
[115.102s][debug][gc,phases,ref     ] GC(2622)         Discovered: 0
[115.102s][debug][gc,phases,ref     ] GC(2622)         Cleared: 0
[115.102s][debug][gc,phases,ref     ] GC(2622)       FinalReference:
[115.102s][debug][gc,phases,ref     ] GC(2622)         Discovered: 0
[115.102s][debug][gc,phases,ref     ] GC(2622)         Cleared: 0
[115.102s][debug][gc,phases,ref     ] GC(2622)       PhantomReference:
[115.102s][debug][gc,phases,ref     ] GC(2622)         Discovered: 0
[115.102s][debug][gc,phases,ref     ] GC(2622)         Cleared: 0
[115.102s][debug][gc,phases         ] GC(2622)     Weak Processing: 0.1ms
[115.102s][debug][gc,phases         ] GC(2622)       JVMTI weak processing: 0.0ms
[115.102s][debug][gc,phases         ] GC(2622)         Dead: 0
[115.102s][debug][gc,phases         ] GC(2622)         Total: 0
[115.102s][debug][gc,phases         ] GC(2622)       JFR weak processing: 0.0ms
[115.102s][debug][gc,phases         ] GC(2622)         Dead: 0
[115.102s][debug][gc,phases         ] GC(2622)         Total: 0
[115.102s][debug][gc,phases         ] GC(2622)       JNI weak                  Min:  0.0, Avg:  0.0, Max:  0.0, Diff:  0.0, Sum:  0.0, Workers: 5
[115.102s][debug][gc,phases         ] GC(2622)         Dead                      Min: 0, Avg:  0.0, Max: 0, Diff: 0, Sum: 0, Workers: 5
[115.102s][debug][gc,phases         ] GC(2622)         Total                     Min: 0, Avg: 20.4, Max: 102, Diff: 102, Sum: 102, Workers: 5
[115.102s][debug][gc,phases         ] GC(2622)       VM weak                   Min:  0.0, Avg:  0.0, Max:  0.0, Diff:  0.0, Sum:  0.0, Workers: 5
[115.102s][debug][gc,phases         ] GC(2622)         Dead                      Min: 0, Avg:  0.0, Max: 0, Diff: 0, Sum: 0, Workers: 5
[115.102s][debug][gc,phases         ] GC(2622)         Total                     Min: 0, Avg: 42.4, Max: 212, Diff: 212, Sum: 212, Workers: 5
[115.102s][debug][gc,phases         ] GC(2622)       StringTable weak          Min:  0.0, Avg:  0.0, Max:  0.0, Diff:  0.0, Sum:  0.0, Workers: 5
[115.102s][debug][gc,phases         ] GC(2622)         Dead                      Min: 0, Avg:  0.0, Max: 0, Diff: 0, Sum: 0, Workers: 5
[115.102s][debug][gc,phases         ] GC(2622)         Total                     Min: 0, Avg: 684.6, Max: 2751, Diff: 2751, Sum: 3423, Workers: 5
[115.102s][debug][gc,phases         ] GC(2622)       ResolvedMethodTable weak  Min:  0.0, Avg:  0.0, Max:  0.0, Diff:  0.0, Sum:  0.0, Workers: 5
[115.102s][debug][gc,phases         ] GC(2622)         Dead                      Min: 0, Avg:  0.0, Max: 0, Diff: 0, Sum: 0, Workers: 5
[115.102s][debug][gc,phases         ] GC(2622)         Total                     Min: 0, Avg: 114.6, Max: 192, Diff: 192, Sum: 573, Workers: 5
[115.102s][debug][gc,phases         ] GC(2622)     Merge Per-Thread State: 0.0ms
[115.102s][debug][gc,phases         ] GC(2622)       Copied Bytes              Min: 232, Avg: 400321.0, Max: 800256, Diff: 800024, Sum: 3202568, Workers: 8
[115.102s][debug][gc,phases         ] GC(2622)       LAB Waste                 Min: 0, Avg:  0.0, Max: 0, Diff: 0, Sum: 0, Workers: 8
[115.102s][debug][gc,phases         ] GC(2622)       LAB Undo Waste            Min: 0, Avg:  0.0, Max: 0, Diff: 0, Sum: 0, Workers: 8
[115.102s][debug][gc,phases         ] GC(2622)     Code Roots Purge: 0.0ms
[115.102s][debug][gc,phases         ] GC(2622)     Redirty Cards: 0.0ms
[115.102s][debug][gc,phases         ] GC(2622)     DerivedPointerTable Update: 0.0ms
[115.102s][debug][gc,phases         ] GC(2622)     Free Collection Set: 0.2ms
[115.102s][debug][gc,phases         ] GC(2622)     Rebuild Free List: 0.1ms
[115.102s][debug][gc,phases         ] GC(2622)     Humongous Reclaim: 0.0ms
[115.102s][debug][gc,phases         ] GC(2622)     Start New Collection Set: 0.0ms
[115.102s][debug][gc,phases         ] GC(2622)     Resize TLABs: 0.0ms
[115.102s][debug][gc,phases         ] GC(2622)     Expand Heap After Collection: 0.0ms
[115.102s][info ][gc,phases         ] GC(2622)   Other: 0.3ms
[115.102s][info ][gc,heap           ] GC(2622) Eden regions: 770->0(771)
[115.102s][info ][gc,heap           ] GC(2622) Survivor regions: 5->4(97)
[115.102s][info ][gc,heap           ] GC(2622) Old regions: 18->18
[115.102s][info ][gc,heap           ] GC(2622) Archive regions: 2->2
[115.102s][info ][gc,heap           ] GC(2622) Humongous regions: 0->0
[115.102s][info ][gc,metaspace      ] GC(2622) Metaspace: 10016K(10624K)->10016K(10624K) NonClass: 8864K(9216K)->8864K(9216K) Class: 1152K(1408K)->1152K(1408K)
[115.102s][debug][gc,heap           ] GC(2622) Heap after GC invocations=2623 (full 1): garbage-first heap   total 1324032K, used 22553K [0x0000000700000000, 0x0000000800000000)
[115.102s][debug][gc,heap           ] GC(2622)   region size 1024K, 4 young (4096K), 4 survivors (4096K)
[115.102s][debug][gc,heap           ] GC(2622)  Metaspace       used 10016K, capacity 10304K, committed 10624K, reserved 1058816K
[115.102s][debug][gc,heap           ] GC(2622)   class space    used 1152K, capacity 1266K, committed 1408K, reserved 1048576K
[115.102s][info ][gc                ] GC(2622) Pause Young (Normal) (G1 Evacuation Pause) 792M->22M(1293M) 2.489ms
[115.102s][info ][gc,cpu            ] GC(2622) User=0.00s Sys=0.00s Real=0.01s
[115.102s][info ][safepoint         ] Safepoint "G1CollectForAllocation", Time since last: 44822327 ns, Reaching safepoint: 142142 ns, At safepoint: 2685266 ns, Total: 2827408 ns
[115.144s][debug][gc,heap           ] GC(2623) Heap before GC invocations=2623 (full 1): garbage-first heap   total 1324032K, used 811033K [0x0000000700000000, 0x0000000800000000)
[115.144s][debug][gc,heap           ] GC(2623)   region size 1024K, 775 young (793600K), 4 survivors (4096K)
[115.144s][debug][gc,heap           ] GC(2623)  Metaspace       used 10016K, capacity 10304K, committed 10624K, reserved 1058816K
[115.144s][debug][gc,heap           ] GC(2623)   class space    used 1152K, capacity 1266K, committed 1408K, reserved 1048576K
[115.144s][info ][gc,start          ] GC(2623) Pause Young (Normal) (G1 Evacuation Pause)
[115.144s][info ][gc,task           ] GC(2623) Using 8 workers of 8 for evacuation
[115.144s][debug][gc,tlab           ] GC(2623) TLAB totals: thrds: 8  refills: 14 max: 2 slow allocs: 1532 max 257 waste: 21.2% gc: 946936B max: 225808B slow: 70664B max: 14304B fast: 0B max: 0B
[115.144s][debug][gc,age            ] GC(2623) Desired survivor size 50855936 bytes, new threshold 15 (max threshold 15)
[115.144s][debug][gc,alloc,region   ] GC(2623) Mutator Allocation stats, regions: 771, wasted size: 180M (23.4%)
[115.144s][debug][gc,ergo           ] GC(2623) Running G1 Merge Heap Roots using 8 workers for 775 regions
[115.144s][debug][gc,remset         ] GC(2623) Visited cards 512 Total dirty 4096 (12.50%) Total old 3215360 (0.02%)
[115.145s][debug][gc,ergo           ] GC(2623) Running G1 Clear Card Table Task using 2 workers for 2 units of work for 777 regions.
[115.145s][debug][gc,ref            ] GC(2623) Skipped phase1 of Reference Processing due to unavailable references
[115.145s][debug][gc,ref            ] GC(2623) Skipped phase2 of Reference Processing due to unavailable references
[115.145s][debug][gc,ref            ] GC(2623) Skipped phase3 of Reference Processing due to unavailable references
[115.145s][debug][gc,ref            ] GC(2623) Skipped phase4 of Reference Processing due to unavailable references
[115.145s][debug][gc,ergo           ] GC(2623) Running G1 Free Collection Set using 8 workers for collection set length 775 (1293)
[115.145s][debug][gc,ergo           ] GC(2623) Running G1 Rebuild Free List Task using 8 workers for rebuilding free list of 0 (4096) regions
[115.146s][trace][gc,age            ] GC(2623) Age table with threshold 15 (max threshold 15)
[115.146s][trace][gc,age            ] GC(2623) - age   1:    4002592 bytes,    4002592 total
[115.146s][debug][gc,plab           ] GC(2623) Young PLAB allocation: allocated: 16512B, wasted: 0B, unused: 14064B, used: 2448B, undo waste: 0B, 
[115.146s][debug][gc,plab           ] GC(2623) Young other allocation: region end waste: 979736B, regions filled: 5, direct allocated: 4000144B, failure used: 0B, failure wasted: 0B
[115.146s][debug][gc,plab           ] GC(2623) Young sizing: calculated: 0B, actual: 2064B
[115.146s][debug][gc,plab           ] GC(2623) Old PLAB allocation: allocated: 0B, wasted: 0B, unused: 0B, used: 0B, undo waste: 0B, 
[115.146s][debug][gc,plab           ] GC(2623) Old other allocation: region end waste: 0B, regions filled: 1, direct allocated: 0B, failure used: 0B, failure wasted: 0B
[115.146s][debug][gc,plab           ] GC(2623) Old sizing: calculated: 0B, actual: 2064B
[115.146s][debug][gc,ihop           ] GC(2623) Basic information (value update), threshold: 610113945B (45.00), target occupancy: 1355808768B, current occupancy: 24143656B, recent allocation size: 0B, recent allocation duration: 43.02ms, recent old gen allocation rate: 0.00B/s, recent marking phase length: 30.68ms
[115.146s][debug][gc,ihop           ] GC(2623) Adaptive IHOP information (value update), threshold: 610113945B (47.37), internal target occupancy: 1288018329B, occupancy: 24143656B, additional buffer size: 812646400B, predicted old gen allocation rate: 3.59B/s, predicted marking phase length: 61.36ms, prediction active: false
[115.146s][debug][gc,ergo,refine    ] GC(2623) Concurrent refinement times: Logged Cards Scan time goal: 20.00ms Logged Cards Scan time: 0.00ms HCC time: 0.00ms
[115.146s][debug][gc,ergo,refine    ] GC(2623) Updated Refinement Zones: green: 2048, yellow: 6144, red: 10240
[115.146s][info ][gc,phases         ] GC(2623)   Pre Evacuate Collection Set: 0.2ms
[115.146s][debug][gc,phases         ] GC(2623)     Prepare TLABs: 0.0ms
[115.146s][debug][gc,phases         ] GC(2623)     Choose Collection Set: 0.0ms
[115.146s][debug][gc,phases         ] GC(2623)     Region Register: 0.1ms
[115.146s][debug][gc,phases         ] GC(2623)     Prepare Heap Roots: 0.0ms
[115.146s][info ][gc,phases         ] GC(2623)   Merge Heap Roots: 0.1ms
[115.146s][debug][gc,phases         ] GC(2623)     Prepare Merge Heap Roots: 0.0ms
[115.146s][debug][gc,phases         ] GC(2623)     Eager Reclaim (ms):       skipped
[115.146s][debug][gc,phases         ] GC(2623)     Remembered Sets (ms):     Min:  0.0, Avg:  0.0, Max:  0.0, Diff:  0.0, Sum:  0.3, Workers: 8
[115.146s][debug][gc,phases         ] GC(2623)       Merged Sparse:            Min: 0, Avg:  0.0, Max: 0, Diff: 0, Sum: 0, Workers: 8
[115.146s][debug][gc,phases         ] GC(2623)       Merged Fine:              Min: 0, Avg:  0.0, Max: 0, Diff: 0, Sum: 0, Workers: 8
[115.146s][debug][gc,phases         ] GC(2623)       Merged Coarse:            Min: 0, Avg:  0.0, Max: 0, Diff: 0, Sum: 0, Workers: 8
[115.146s][debug][gc,phases         ] GC(2623)       Dirty Cards:              Min: 0, Avg:  0.0, Max: 0, Diff: 0, Sum: 0, Workers: 8
[115.146s][debug][gc,phases         ] GC(2623)     Hot Card Cache (ms):      Min:  0.0, Avg:  0.0, Max:  0.0, Diff:  0.0, Sum:  0.0, Workers: 8
[115.146s][debug][gc,phases         ] GC(2623)       Dirty Cards:              Min: 0, Avg:  0.0, Max: 0, Diff: 0, Sum: 0, Workers: 8
[115.146s][debug][gc,phases         ] GC(2623)       Skipped Cards:            Min: 0, Avg:  0.0, Max: 0, Diff: 0, Sum: 0, Workers: 8
[115.146s][debug][gc,phases         ] GC(2623)     Log Buffers (ms):         Min:  0.0, Avg:  0.0, Max:  0.0, Diff:  0.0, Sum:  0.0, Workers: 8
[115.146s][debug][gc,phases         ] GC(2623)       Dirty Cards:              Min: 0, Avg:  0.2, Max: 1, Diff: 1, Sum: 2, Workers: 8
[115.146s][debug][gc,phases         ] GC(2623)       Skipped Cards:            Min: 0, Avg:  0.0, Max: 0, Diff: 0, Sum: 0, Workers: 8
[115.146s][info ][gc,phases         ] GC(2623)   Evacuate Collection Set: 0.5ms
[115.146s][debug][gc,phases         ] GC(2623)     Ext Root Scanning (ms):   Min:  0.2, Avg:  0.3, Max:  0.3, Diff:  0.2, Sum:  2.1, Workers: 8
[115.146s][debug][gc,phases         ] GC(2623)     Scan Heap Roots (ms):     Min:  0.0, Avg:  0.0, Max:  0.0, Diff:  0.0, Sum:  0.0, Workers: 8
[115.146s][debug][gc,phases         ] GC(2623)       Scanned Cards:            Min: 0, Avg:  0.2, Max: 1, Diff: 1, Sum: 2, Workers: 8
[115.146s][debug][gc,phases         ] GC(2623)       Scanned Blocks:           Min: 0, Avg:  0.2, Max: 1, Diff: 1, Sum: 2, Workers: 8
[115.146s][debug][gc,phases         ] GC(2623)       Claimed Chunks:           Min: 0, Avg:  0.2, Max: 1, Diff: 1, Sum: 2, Workers: 8
[115.146s][debug][gc,phases         ] GC(2623)     Code Root Scan (ms):      Min:  0.0, Avg:  0.0, Max:  0.0, Diff:  0.0, Sum:  0.2, Workers: 8
[115.146s][debug][gc,phases         ] GC(2623)     Object Copy (ms):         Min:  0.0, Avg:  0.0, Max:  0.0, Diff:  0.0, Sum:  0.0, Workers: 8
[115.146s][debug][gc,phases         ] GC(2623)     Termination (ms):         Min:  0.1, Avg:  0.1, Max:  0.1, Diff:  0.0, Sum:  0.5, Workers: 8
[115.146s][debug][gc,phases         ] GC(2623)       Termination Attempts:     Min: 1, Avg:  1.0, Max: 1, Diff: 0, Sum: 8, Workers: 8
[115.146s][debug][gc,phases         ] GC(2623)     GC Worker Other (ms):     Min:  0.0, Avg:  0.1, Max:  0.1, Diff:  0.0, Sum:  0.4, Workers: 8
[115.146s][debug][gc,phases         ] GC(2623)     GC Worker Total (ms):     Min:  0.3, Avg:  0.4, Max:  0.4, Diff:  0.2, Sum:  3.2, Workers: 8
[115.146s][info ][gc,phases         ] GC(2623)   Post Evacuate Collection Set: 0.6ms
[115.146s][debug][gc,phases         ] GC(2623)     Code Roots Fixup: 0.0ms
[115.146s][debug][gc,phases         ] GC(2623)     Clear Card Table: 0.2ms
[115.146s][debug][gc,phases         ] GC(2623)     Reference Processing: 0.0ms
[115.146s][debug][gc,phases,ref     ] GC(2623)       Reconsider SoftReferences: 0.0ms
[115.146s][debug][gc,phases,ref     ] GC(2623)         SoftRef (ms):             skipped
[115.146s][debug][gc,phases,ref     ] GC(2623)       Notify Soft/WeakReferences: 0.0ms
[115.146s][debug][gc,phases,ref     ] GC(2623)         SoftRef (ms):             skipped
[115.146s][debug][gc,phases,ref     ] GC(2623)         WeakRef (ms):             skipped
[115.146s][debug][gc,phases,ref     ] GC(2623)         FinalRef (ms):            skipped
[115.146s][debug][gc,phases,ref     ] GC(2623)         Total (ms):               skipped
[115.146s][debug][gc,phases,ref     ] GC(2623)       Notify and keep alive finalizable: 0.0ms
[115.146s][debug][gc,phases,ref     ] GC(2623)         FinalRef (ms):            skipped
[115.146s][debug][gc,phases,ref     ] GC(2623)       Notify PhantomReferences: 0.0ms
[115.146s][debug][gc,phases,ref     ] GC(2623)         PhantomRef (ms):          skipped
[115.146s][debug][gc,phases,ref     ] GC(2623)       SoftReference:
[115.146s][debug][gc,phases,ref     ] GC(2623)         Discovered: 0
[115.146s][debug][gc,phases,ref     ] GC(2623)         Cleared: 0
[115.146s][debug][gc,phases,ref     ] GC(2623)       WeakReference:
[115.146s][debug][gc,phases,ref     ] GC(2623)         Discovered: 0
[115.146s][debug][gc,phases,ref     ] GC(2623)         Cleared: 0
[115.146s][debug][gc,phases,ref     ] GC(2623)       FinalReference:
[115.146s][debug][gc,phases,ref     ] GC(2623)         Discovered: 0
[115.146s][debug][gc,phases,ref     ] GC(2623)         Cleared: 0
[115.146s][debug][gc,phases,ref     ] GC(2623)       PhantomReference:
[115.146s][debug][gc,phases,ref     ] GC(2623)         Discovered: 0
[115.146s][debug][gc,phases,ref     ] GC(2623)         Cleared: 0
[115.146s][debug][gc,phases         ] GC(2623)     Weak Processing: 0.1ms
[115.146s][debug][gc,phases         ] GC(2623)       JVMTI weak processing: 0.0ms
[115.146s][debug][gc,phases         ] GC(2623)         Dead: 0
[115.146s][debug][gc,phases         ] GC(2623)         Total: 0
[115.146s][debug][gc,phases         ] GC(2623)       JFR weak processing: 0.0ms
[115.146s][debug][gc,phases         ] GC(2623)         Dead: 0
[115.146s][debug][gc,phases         ] GC(2623)         Total: 0
[115.146s][debug][gc,phases         ] GC(2623)       JNI weak                  Min:  0.0, Avg:  0.0, Max:  0.0, Diff:  0.0, Sum:  0.0, Workers: 5
[115.146s][debug][gc,phases         ] GC(2623)         Dead                      Min: 0, Avg:  0.0, Max: 0, Diff: 0, Sum: 0, Workers: 5
[115.146s][debug][gc,phases         ] GC(2623)         Total                     Min: 0, Avg: 20.4, Max: 62, Diff: 62, Sum: 102, Workers: 5
[115.146s][debug][gc,phases         ] GC(2623)       VM weak                   Min:  0.0, Avg:  0.0, Max:  0.0, Diff:  0.0, Sum:  0.0, Workers: 5
[115.146s][debug][gc,phases         ] GC(2623)         Dead                      Min: 0, Avg:  0.0, Max: 0, Diff: 0, Sum: 0, Workers: 5
[115.146s][debug][gc,phases         ] GC(2623)         Total                     Min: 0, Avg: 42.4, Max: 84, Diff: 84, Sum: 212, Workers: 5
[115.146s][debug][gc,phases         ] GC(2623)       StringTable weak          Min:  0.0, Avg:  0.0, Max:  0.0, Diff:  0.0, Sum:  0.1, Workers: 5
[115.146s][debug][gc,phases         ] GC(2623)         Dead                      Min: 0, Avg:  0.0, Max: 0, Diff: 0, Sum: 0, Workers: 5
[115.146s][debug][gc,phases         ] GC(2623)         Total                     Min: 0, Avg: 684.6, Max: 896, Diff: 896, Sum: 3423, Workers: 5
[115.146s][debug][gc,phases         ] GC(2623)       ResolvedMethodTable weak  Min:  0.0, Avg:  0.0, Max:  0.0, Diff:  0.0, Sum:  0.0, Workers: 5
[115.146s][debug][gc,phases         ] GC(2623)         Dead                      Min: 0, Avg:  0.0, Max: 0, Diff: 0, Sum: 0, Workers: 5
[115.146s][debug][gc,phases         ] GC(2623)         Total                     Min: 0, Avg: 114.6, Max: 189, Diff: 189, Sum: 573, Workers: 5
[115.146s][debug][gc,phases         ] GC(2623)     Merge Per-Thread State: 0.0ms
[115.146s][debug][gc,phases         ] GC(2623)       Copied Bytes              Min: 400088, Avg: 500324.0, Max: 800096, Diff: 400008, Sum: 4002592, Workers: 8
[115.146s][debug][gc,phases         ] GC(2623)       LAB Waste                 Min: 0, Avg:  0.0, Max: 0, Diff: 0, Sum: 0, Workers: 8
[115.146s][debug][gc,phases         ] GC(2623)       LAB Undo Waste            Min: 0, Avg:  0.0, Max: 0, Diff: 0, Sum: 0, Workers: 8
[115.146s][debug][gc,phases         ] GC(2623)     Code Roots Purge: 0.0ms
[115.146s][debug][gc,phases         ] GC(2623)     Redirty Cards: 0.0ms
[115.146s][debug][gc,phases         ] GC(2623)     DerivedPointerTable Update: 0.0ms
[115.146s][debug][gc,phases         ] GC(2623)     Free Collection Set: 0.2ms
[115.146s][debug][gc,phases         ] GC(2623)     Rebuild Free List: 0.1ms
[115.146s][debug][gc,phases         ] GC(2623)     Humongous Reclaim: 0.0ms
[115.146s][debug][gc,phases         ] GC(2623)     Start New Collection Set: 0.0ms
[115.146s][debug][gc,phases         ] GC(2623)     Resize TLABs: 0.0ms
[115.146s][debug][gc,phases         ] GC(2623)     Expand Heap After Collection: 0.0ms
[115.146s][info ][gc,phases         ] GC(2623)   Other: 0.3ms
[115.146s][info ][gc,heap           ] GC(2623) Eden regions: 771->0(770)
[115.146s][info ][gc,heap           ] GC(2623) Survivor regions: 4->5(97)
[115.146s][info ][gc,heap           ] GC(2623) Old regions: 18->18
[115.146s][info ][gc,heap           ] GC(2623) Archive regions: 2->2
[115.146s][info ][gc,heap           ] GC(2623) Humongous regions: 0->0
[115.146s][info ][gc,metaspace      ] GC(2623) Metaspace: 10016K(10624K)->10016K(10624K) NonClass: 8864K(9216K)->8864K(9216K) Class: 1152K(1408K)->1152K(1408K)
[115.146s][debug][gc,heap           ] GC(2623) Heap after GC invocations=2624 (full 1): garbage-first heap   total 1324032K, used 23577K [0x0000000700000000, 0x0000000800000000)
[115.146s][debug][gc,heap           ] GC(2623)   region size 1024K, 5 young (5120K), 5 survivors (5120K)
[115.146s][debug][gc,heap           ] GC(2623)  Metaspace       used 10016K, capacity 10304K, committed 10624K, reserved 1058816K
[115.146s][debug][gc,heap           ] GC(2623)   class space    used 1152K, capacity 1266K, committed 1408K, reserved 1048576K
[115.146s][info ][gc                ] GC(2623) Pause Young (Normal) (G1 Evacuation Pause) 792M->23M(1293M) 2.340ms
[115.146s][info ][gc,cpu            ] GC(2623) User=0.00s Sys=0.00s Real=0.00s
[115.146s][info ][safepoint         ] Safepoint "G1CollectForAllocation", Time since last: 41722803 ns, Reaching safepoint: 219100 ns, At safepoint: 2527027 ns, Total: 2746127 ns
[115.187s][debug][gc,heap           ] GC(2624) Heap before GC invocations=2624 (full 1): garbage-first heap   total 1324032K, used 811033K [0x0000000700000000, 0x0000000800000000)
[115.187s][debug][gc,heap           ] GC(2624)   region size 1024K, 775 young (793600K), 5 survivors (5120K)
[115.187s][debug][gc,heap           ] GC(2624)  Metaspace       used 10016K, capacity 10304K, committed 10624K, reserved 1058816K
[115.187s][debug][gc,heap           ] GC(2624)   class space    used 1152K, capacity 1266K, committed 1408K, reserved 1048576K
[115.187s][info ][gc,start          ] GC(2624) Pause Young (Normal) (G1 Evacuation Pause)
[115.187s][info ][gc,task           ] GC(2624) Using 8 workers of 8 for evacuation
[115.187s][debug][gc,tlab           ] GC(2624) TLAB totals: thrds: 8  refills: 20 max: 3 slow allocs: 1529 max 236 waste: 21.7% gc: 1163136B max: 241840B slow: 103400B max: 15488B fast: 0B max: 0B
[115.187s][debug][gc,age            ] GC(2624) Desired survivor size 50855936 bytes, new threshold 15 (max threshold 15)
[115.187s][debug][gc,alloc,region   ] GC(2624) Mutator Allocation stats, regions: 770, wasted size: 180M (23.4%)
[115.187s][debug][gc,ergo           ] GC(2624) Running G1 Merge Heap Roots using 8 workers for 775 regions
[115.187s][debug][gc,remset         ] GC(2624) Visited cards 256 Total dirty 2048 (12.50%) Total old 3215360 (0.01%)
[115.187s][debug][gc,ergo           ] GC(2624) Running G1 Clear Card Table Task using 2 workers for 2 units of work for 776 regions.
[115.188s][debug][gc,ref            ] GC(2624) Skipped phase1 of Reference Processing due to unavailable references
[115.188s][debug][gc,ref            ] GC(2624) Skipped phase2 of Reference Processing due to unavailable references
[115.188s][debug][gc,ref            ] GC(2624) Skipped phase3 of Reference Processing due to unavailable references
[115.188s][debug][gc,ref            ] GC(2624) Skipped phase4 of Reference Processing due to unavailable references
[115.188s][debug][gc,ergo           ] GC(2624) Running G1 Free Collection Set using 8 workers for collection set length 775 (1293)
[115.188s][debug][gc,ergo           ] GC(2624) Running G1 Rebuild Free List Task using 8 workers for rebuilding free list of 0 (4096) regions
[115.188s][trace][gc,age            ] GC(2624) Age table with threshold 15 (max threshold 15)
[115.188s][trace][gc,age            ] GC(2624) - age   1:    3202560 bytes,    3202560 total
[115.188s][debug][gc,plab           ] GC(2624) Young PLAB allocation: allocated: 16512B, wasted: 0B, unused: 14064B, used: 2448B, undo waste: 0B, 
[115.188s][debug][gc,plab           ] GC(2624) Young other allocation: region end waste: 731184B, regions filled: 4, direct allocated: 3200112B, failure used: 0B, failure wasted: 0B
[115.188s][debug][gc,plab           ] GC(2624) Young sizing: calculated: 0B, actual: 2064B
[115.188s][debug][gc,plab           ] GC(2624) Old PLAB allocation: allocated: 0B, wasted: 0B, unused: 0B, used: 0B, undo waste: 0B, 
[115.188s][debug][gc,plab           ] GC(2624) Old other allocation: region end waste: 0B, regions filled: 1, direct allocated: 0B, failure used: 0B, failure wasted: 0B
[115.188s][debug][gc,plab           ] GC(2624) Old sizing: calculated: 0B, actual: 2064B
[115.188s][debug][gc,ihop           ] GC(2624) Basic information (value update), threshold: 610113945B (45.00), target occupancy: 1355808768B, current occupancy: 23095072B, recent allocation size: 0B, recent allocation duration: 41.04ms, recent old gen allocation rate: 0.00B/s, recent marking phase length: 30.68ms
[115.188s][debug][gc,ihop           ] GC(2624) Adaptive IHOP information (value update), threshold: 610113945B (47.37), internal target occupancy: 1288018329B, occupancy: 23095072B, additional buffer size: 812646400B, predicted old gen allocation rate: 3.50B/s, predicted marking phase length: 61.36ms, prediction active: false
[115.188s][debug][gc,ergo,refine    ] GC(2624) Concurrent refinement times: Logged Cards Scan time goal: 20.00ms Logged Cards Scan time: 0.00ms HCC time: 0.00ms
[115.188s][debug][gc,ergo,refine    ] GC(2624) Updated Refinement Zones: green: 2048, yellow: 6144, red: 10240
[115.188s][info ][gc,phases         ] GC(2624)   Pre Evacuate Collection Set: 0.1ms
[115.188s][debug][gc,phases         ] GC(2624)     Prepare TLABs: 0.0ms
[115.188s][debug][gc,phases         ] GC(2624)     Choose Collection Set: 0.0ms
[115.188s][debug][gc,phases         ] GC(2624)     Region Register: 0.1ms
[115.188s][debug][gc,phases         ] GC(2624)     Prepare Heap Roots: 0.0ms
[115.188s][info ][gc,phases         ] GC(2624)   Merge Heap Roots: 0.1ms
[115.188s][debug][gc,phases         ] GC(2624)     Prepare Merge Heap Roots: 0.0ms
[115.188s][debug][gc,phases         ] GC(2624)     Eager Reclaim (ms):       skipped
[115.188s][debug][gc,phases         ] GC(2624)     Remembered Sets (ms):     Min:  0.0, Avg:  0.0, Max:  0.1, Diff:  0.0, Sum:  0.3, Workers: 8
[115.188s][debug][gc,phases         ] GC(2624)       Merged Sparse:            Min: 0, Avg:  0.0, Max: 0, Diff: 0, Sum: 0, Workers: 8
[115.188s][debug][gc,phases         ] GC(2624)       Merged Fine:              Min: 0, Avg:  0.0, Max: 0, Diff: 0, Sum: 0, Workers: 8
[115.188s][debug][gc,phases         ] GC(2624)       Merged Coarse:            Min: 0, Avg:  0.0, Max: 0, Diff: 0, Sum: 0, Workers: 8
[115.188s][debug][gc,phases         ] GC(2624)       Dirty Cards:              Min: 0, Avg:  0.0, Max: 0, Diff: 0, Sum: 0, Workers: 8
[115.188s][debug][gc,phases         ] GC(2624)     Hot Card Cache (ms):      Min:  0.0, Avg:  0.0, Max:  0.0, Diff:  0.0, Sum:  0.0, Workers: 8
[115.188s][debug][gc,phases         ] GC(2624)       Dirty Cards:              Min: 0, Avg:  0.0, Max: 0, Diff: 0, Sum: 0, Workers: 8
[115.188s][debug][gc,phases         ] GC(2624)       Skipped Cards:            Min: 0, Avg:  0.0, Max: 0, Diff: 0, Sum: 0, Workers: 8
[115.188s][debug][gc,phases         ] GC(2624)     Log Buffers (ms):         Min:  0.0, Avg:  0.0, Max:  0.0, Diff:  0.0, Sum:  0.0, Workers: 8
[115.188s][debug][gc,phases         ] GC(2624)       Dirty Cards:              Min: 0, Avg:  0.1, Max: 1, Diff: 1, Sum: 1, Workers: 8
[115.188s][debug][gc,phases         ] GC(2624)       Skipped Cards:            Min: 0, Avg:  0.0, Max: 0, Diff: 0, Sum: 0, Workers: 8
[115.188s][info ][gc,phases         ] GC(2624)   Evacuate Collection Set: 0.4ms
[115.188s][debug][gc,phases         ] GC(2624)     Ext Root Scanning (ms):   Min:  0.1, Avg:  0.2, Max:  0.3, Diff:  0.2, Sum:  1.6, Workers: 8
[115.188s][debug][gc,phases         ] GC(2624)     Scan Heap Roots (ms):     Min:  0.0, Avg:  0.0, Max:  0.0, Diff:  0.0, Sum:  0.0, Workers: 8
[115.188s][debug][gc,phases         ] GC(2624)       Scanned Cards:            Min: 0, Avg:  0.1, Max: 1, Diff: 1, Sum: 1, Workers: 8
[115.188s][debug][gc,phases         ] GC(2624)       Scanned Blocks:           Min: 0, Avg:  0.1, Max: 1, Diff: 1, Sum: 1, Workers: 8
[115.188s][debug][gc,phases         ] GC(2624)       Claimed Chunks:           Min: 0, Avg:  0.1, Max: 1, Diff: 1, Sum: 1, Workers: 8
[115.188s][debug][gc,phases         ] GC(2624)     Code Root Scan (ms):      Min:  0.0, Avg:  0.0, Max:  0.1, Diff:  0.1, Sum:  0.1, Workers: 8
[115.188s][debug][gc,phases         ] GC(2624)     Object Copy (ms):         Min:  0.0, Avg:  0.0, Max:  0.0, Diff:  0.0, Sum:  0.0, Workers: 8
[115.188s][debug][gc,phases         ] GC(2624)     Termination (ms):         Min:  0.0, Avg:  0.1, Max:  0.1, Diff:  0.1, Sum:  0.6, Workers: 8
[115.188s][debug][gc,phases         ] GC(2624)       Termination Attempts:     Min: 1, Avg:  1.0, Max: 1, Diff: 0, Sum: 8, Workers: 8
[115.188s][debug][gc,phases         ] GC(2624)     GC Worker Other (ms):     Min:  0.0, Avg:  0.0, Max:  0.1, Diff:  0.1, Sum:  0.3, Workers: 8
[115.188s][debug][gc,phases         ] GC(2624)     GC Worker Total (ms):     Min:  0.3, Avg:  0.3, Max:  0.4, Diff:  0.1, Sum:  2.6, Workers: 8
[115.188s][info ][gc,phases         ] GC(2624)   Post Evacuate Collection Set: 0.6ms
[115.188s][debug][gc,phases         ] GC(2624)     Code Roots Fixup: 0.0ms
[115.188s][debug][gc,phases         ] GC(2624)     Clear Card Table: 0.2ms
[115.188s][debug][gc,phases         ] GC(2624)     Reference Processing: 0.0ms
[115.188s][debug][gc,phases,ref     ] GC(2624)       Reconsider SoftReferences: 0.0ms
[115.188s][debug][gc,phases,ref     ] GC(2624)         SoftRef (ms):             skipped
[115.188s][debug][gc,phases,ref     ] GC(2624)       Notify Soft/WeakReferences: 0.0ms
[115.188s][debug][gc,phases,ref     ] GC(2624)         SoftRef (ms):             skipped
[115.188s][debug][gc,phases,ref     ] GC(2624)         WeakRef (ms):             skipped
[115.188s][debug][gc,phases,ref     ] GC(2624)         FinalRef (ms):            skipped
[115.188s][debug][gc,phases,ref     ] GC(2624)         Total (ms):               skipped
[115.188s][debug][gc,phases,ref     ] GC(2624)       Notify and keep alive finalizable: 0.0ms
[115.188s][debug][gc,phases,ref     ] GC(2624)         FinalRef (ms):            skipped
[115.188s][debug][gc,phases,ref     ] GC(2624)       Notify PhantomReferences: 0.0ms
[115.188s][debug][gc,phases,ref     ] GC(2624)         PhantomRef (ms):          skipped
[115.188s][debug][gc,phases,ref     ] GC(2624)       SoftReference:
[115.188s][debug][gc,phases,ref     ] GC(2624)         Discovered: 0
[115.188s][debug][gc,phases,ref     ] GC(2624)         Cleared: 0
[115.188s][debug][gc,phases,ref     ] GC(2624)       WeakReference:
[115.188s][debug][gc,phases,ref     ] GC(2624)         Discovered: 0
[115.188s][debug][gc,phases,ref     ] GC(2624)         Cleared: 0
[115.188s][debug][gc,phases,ref     ] GC(2624)       FinalReference:
[115.188s][debug][gc,phases,ref     ] GC(2624)         Discovered: 0
[115.188s][debug][gc,phases,ref     ] GC(2624)         Cleared: 0
[115.188s][debug][gc,phases,ref     ] GC(2624)       PhantomReference:
[115.188s][debug][gc,phases,ref     ] GC(2624)         Discovered: 0
[115.188s][debug][gc,phases,ref     ] GC(2624)         Cleared: 0
[115.188s][debug][gc,phases         ] GC(2624)     Weak Processing: 0.1ms
[115.188s][debug][gc,phases         ] GC(2624)       JVMTI weak processing: 0.0ms
[115.188s][debug][gc,phases         ] GC(2624)         Dead: 0
[115.188s][debug][gc,phases         ] GC(2624)         Total: 0
[115.188s][debug][gc,phases         ] GC(2624)       JFR weak processing: 0.0ms
[115.188s][debug][gc,phases         ] GC(2624)         Dead: 0
[115.188s][debug][gc,phases         ] GC(2624)         Total: 0
[115.188s][debug][gc,phases         ] GC(2624)       JNI weak                  Min:  0.0, Avg:  0.0, Max:  0.0, Diff:  0.0, Sum:  0.0, Workers: 5
[115.188s][debug][gc,phases         ] GC(2624)         Dead                      Min: 0, Avg:  0.0, Max: 0, Diff: 0, Sum: 0, Workers: 5
[115.188s][debug][gc,phases         ] GC(2624)         Total                     Min: 0, Avg: 20.4, Max: 102, Diff: 102, Sum: 102, Workers: 5
[115.189s][debug][gc,phases         ] GC(2624)       VM weak                   Min:  0.0, Avg:  0.0, Max:  0.0, Diff:  0.0, Sum:  0.0, Workers: 5
[115.189s][debug][gc,phases         ] GC(2624)         Dead                      Min: 0, Avg:  0.0, Max: 0, Diff: 0, Sum: 0, Workers: 5
[115.189s][debug][gc,phases         ] GC(2624)         Total                     Min: 0, Avg: 42.4, Max: 212, Diff: 212, Sum: 212, Workers: 5
[115.189s][debug][gc,phases         ] GC(2624)       StringTable weak          Min:  0.0, Avg:  0.0, Max:  0.0, Diff:  0.0, Sum:  0.0, Workers: 5
[115.189s][debug][gc,phases         ] GC(2624)         Dead                      Min: 0, Avg:  0.0, Max: 0, Diff: 0, Sum: 0, Workers: 5
[115.189s][debug][gc,phases         ] GC(2624)         Total                     Min: 32, Avg: 684.6, Max: 3136, Diff: 3104, Sum: 3423, Workers: 5
[115.189s][debug][gc,phases         ] GC(2624)       ResolvedMethodTable weak  Min:  0.0, Avg:  0.0, Max:  0.0, Diff:  0.0, Sum:  0.0, Workers: 5
[115.189s][debug][gc,phases         ] GC(2624)         Dead                      Min: 0, Avg:  0.0, Max: 0, Diff: 0, Sum: 0, Workers: 5
[115.189s][debug][gc,phases         ] GC(2624)         Total                     Min: 64, Avg: 114.6, Max: 128, Diff: 64, Sum: 573, Workers: 5
[115.189s][debug][gc,phases         ] GC(2624)     Merge Per-Thread State: 0.0ms
[115.189s][debug][gc,phases         ] GC(2624)       Copied Bytes              Min: 456, Avg: 400320.0, Max: 800320, Diff: 799864, Sum: 3202560, Workers: 8
[115.189s][debug][gc,phases         ] GC(2624)       LAB Waste                 Min: 0, Avg:  0.0, Max: 0, Diff: 0, Sum: 0, Workers: 8
[115.189s][debug][gc,phases         ] GC(2624)       LAB Undo Waste            Min: 0, Avg:  0.0, Max: 0, Diff: 0, Sum: 0, Workers: 8
[115.189s][debug][gc,phases         ] GC(2624)     Code Roots Purge: 0.0ms
[115.189s][debug][gc,phases         ] GC(2624)     Redirty Cards: 0.0ms
[115.189s][debug][gc,phases         ] GC(2624)     DerivedPointerTable Update: 0.0ms
[115.189s][debug][gc,phases         ] GC(2624)     Free Collection Set: 0.2ms
[115.189s][debug][gc,phases         ] GC(2624)     Rebuild Free List: 0.1ms
[115.189s][debug][gc,phases         ] GC(2624)     Humongous Reclaim: 0.0ms
[115.189s][debug][gc,phases         ] GC(2624)     Start New Collection Set: 0.0ms
[115.189s][debug][gc,phases         ] GC(2624)     Resize TLABs: 0.0ms
[115.189s][debug][gc,phases         ] GC(2624)     Expand Heap After Collection: 0.0ms
[115.189s][info ][gc,phases         ] GC(2624)   Other: 0.3ms
[115.189s][info ][gc,heap           ] GC(2624) Eden regions: 770->0(771)
[115.189s][info ][gc,heap           ] GC(2624) Survivor regions: 5->4(97)
[115.189s][info ][gc,heap           ] GC(2624) Old regions: 18->18
[115.189s][info ][gc,heap           ] GC(2624) Archive regions: 2->2
[115.189s][info ][gc,heap           ] GC(2624) Humongous regions: 0->0
[115.189s][info ][gc,metaspace      ] GC(2624) Metaspace: 10016K(10624K)->10016K(10624K) NonClass: 8864K(9216K)->8864K(9216K) Class: 1152K(1408K)->1152K(1408K)
[115.189s][debug][gc,heap           ] GC(2624) Heap after GC invocations=2625 (full 1): garbage-first heap   total 1324032K, used 22553K [0x0000000700000000, 0x0000000800000000)
[115.189s][debug][gc,heap           ] GC(2624)   region size 1024K, 4 young (4096K), 4 survivors (4096K)
[115.189s][debug][gc,heap           ] GC(2624)  Metaspace       used 10016K, capacity 10304K, committed 10624K, reserved 1058816K
[115.189s][debug][gc,heap           ] GC(2624)   class space    used 1152K, capacity 1266K, committed 1408K, reserved 1048576K
[115.189s][info ][gc                ] GC(2624) Pause Young (Normal) (G1 Evacuation Pause) 792M->22M(1293M) 2.148ms
[115.189s][info ][gc,cpu            ] GC(2624) User=0.00s Sys=0.00s Real=0.00s
[115.189s][info ][safepoint         ] Safepoint "G1CollectForAllocation", Time since last: 39917863 ns, Reaching safepoint: 128282 ns, At safepoint: 2379654 ns, Total: 2507936 ns
[115.230s][debug][gc,heap           ] GC(2625) Heap before GC invocations=2625 (full 1): garbage-first heap   total 1324032K, used 811033K [0x0000000700000000, 0x0000000800000000)
[115.230s][debug][gc,heap           ] GC(2625)   region size 1024K, 775 young (793600K), 4 survivors (4096K)
[115.230s][debug][gc,heap           ] GC(2625)  Metaspace       used 10016K, capacity 10304K, committed 10624K, reserved 1058816K
[115.230s][debug][gc,heap           ] GC(2625)   class space    used 1152K, capacity 1266K, committed 1408K, reserved 1048576K
[115.230s][info ][gc,start          ] GC(2625) Pause Young (Normal) (G1 Evacuation Pause)
[115.230s][info ][gc,task           ] GC(2625) Using 8 workers of 8 for evacuation
[115.230s][debug][gc,tlab           ] GC(2625) TLAB totals: thrds: 8  refills: 14 max: 3 slow allocs: 1533 max 229 waste: 28.3% gc: 972152B max: 232424B slow: 46128B max: 15088B fast: 0B max: 0B
[115.230s][debug][gc,age            ] GC(2625) Desired survivor size 50855936 bytes, new threshold 15 (max threshold 15)
[115.230s][debug][gc,alloc,region   ] GC(2625) Mutator Allocation stats, regions: 771, wasted size: 180M (23.4%)
[115.231s][debug][gc,ergo           ] GC(2625) Running G1 Merge Heap Roots using 8 workers for 775 regions
[115.231s][debug][gc,remset         ] GC(2625) Visited cards 512 Total dirty 4096 (12.50%) Total old 3215360 (0.02%)
[115.231s][debug][gc,ergo           ] GC(2625) Running G1 Clear Card Table Task using 2 workers for 2 units of work for 777 regions.
[115.232s][debug][gc,ref            ] GC(2625) Skipped phase1 of Reference Processing due to unavailable references
[115.232s][debug][gc,ref            ] GC(2625) Skipped phase2 of Reference Processing due to unavailable references
[115.232s][debug][gc,ref            ] GC(2625) Skipped phase3 of Reference Processing due to unavailable references
[115.232s][debug][gc,ref            ] GC(2625) Skipped phase4 of Reference Processing due to unavailable references
[115.232s][debug][gc,ergo           ] GC(2625) Running G1 Free Collection Set using 8 workers for collection set length 775 (1293)
[115.232s][debug][gc,ergo           ] GC(2625) Running G1 Rebuild Free List Task using 8 workers for rebuilding free list of 0 (4096) regions
[115.232s][trace][gc,age            ] GC(2625) Age table with threshold 15 (max threshold 15)
[115.232s][trace][gc,age            ] GC(2625) - age   1:    2402336 bytes,    2402336 total
[115.232s][debug][gc,plab           ] GC(2625) Young PLAB allocation: allocated: 12384B, wasted: 0B, unused: 10128B, used: 2256B, undo waste: 0B, 
[115.232s][debug][gc,plab           ] GC(2625) Young other allocation: region end waste: 486768B, regions filled: 3, direct allocated: 2400080B, failure used: 0B, failure wasted: 0B
[115.232s][debug][gc,plab           ] GC(2625) Young sizing: calculated: 0B, actual: 2064B
[115.232s][debug][gc,plab           ] GC(2625) Old PLAB allocation: allocated: 0B, wasted: 0B, unused: 0B, used: 0B, undo waste: 0B, 
[115.232s][debug][gc,plab           ] GC(2625) Old other allocation: region end waste: 0B, regions filled: 1, direct allocated: 0B, failure used: 0B, failure wasted: 0B
[115.232s][debug][gc,plab           ] GC(2625) Old sizing: calculated: 0B, actual: 2064B
[115.232s][debug][gc,ihop           ] GC(2625) Basic information (value update), threshold: 610113945B (45.00), target occupancy: 1355808768B, current occupancy: 22046496B, recent allocation size: 0B, recent allocation duration: 42.38ms, recent old gen allocation rate: 0.00B/s, recent marking phase length: 30.68ms
[115.232s][debug][gc,ihop           ] GC(2625) Adaptive IHOP information (value update), threshold: 610113945B (47.37), internal target occupancy: 1288018329B, occupancy: 22046496B, additional buffer size: 812646400B, predicted old gen allocation rate: 3.41B/s, predicted marking phase length: 61.36ms, prediction active: false
[115.232s][debug][gc,ergo,refine    ] GC(2625) Concurrent refinement times: Logged Cards Scan time goal: 20.00ms Logged Cards Scan time: 0.00ms HCC time: 0.00ms
[115.232s][debug][gc,ergo,refine    ] GC(2625) Updated Refinement Zones: green: 2048, yellow: 6144, red: 10240
[115.232s][info ][gc,phases         ] GC(2625)   Pre Evacuate Collection Set: 0.2ms
[115.232s][debug][gc,phases         ] GC(2625)     Prepare TLABs: 0.0ms
[115.232s][debug][gc,phases         ] GC(2625)     Choose Collection Set: 0.0ms
[115.232s][debug][gc,phases         ] GC(2625)     Region Register: 0.2ms
[115.232s][debug][gc,phases         ] GC(2625)     Prepare Heap Roots: 0.0ms
[115.232s][info ][gc,phases         ] GC(2625)   Merge Heap Roots: 0.2ms
[115.232s][debug][gc,phases         ] GC(2625)     Prepare Merge Heap Roots: 0.0ms
[115.232s][debug][gc,phases         ] GC(2625)     Eager Reclaim (ms):       skipped
[115.232s][debug][gc,phases         ] GC(2625)     Remembered Sets (ms):     Min:  0.0, Avg:  0.0, Max:  0.1, Diff:  0.0, Sum:  0.3, Workers: 8
[115.232s][debug][gc,phases         ] GC(2625)       Merged Sparse:            Min: 0, Avg:  0.0, Max: 0, Diff: 0, Sum: 0, Workers: 8
[115.232s][debug][gc,phases         ] GC(2625)       Merged Fine:              Min: 0, Avg:  0.0, Max: 0, Diff: 0, Sum: 0, Workers: 8
[115.232s][debug][gc,phases         ] GC(2625)       Merged Coarse:            Min: 0, Avg:  0.0, Max: 0, Diff: 0, Sum: 0, Workers: 8
[115.232s][debug][gc,phases         ] GC(2625)       Dirty Cards:              Min: 0, Avg:  0.0, Max: 0, Diff: 0, Sum: 0, Workers: 8
[115.232s][debug][gc,phases         ] GC(2625)     Hot Card Cache (ms):      Min:  0.0, Avg:  0.0, Max:  0.0, Diff:  0.0, Sum:  0.0, Workers: 8
[115.232s][debug][gc,phases         ] GC(2625)       Dirty Cards:              Min: 0, Avg:  0.0, Max: 0, Diff: 0, Sum: 0, Workers: 8
[115.232s][debug][gc,phases         ] GC(2625)       Skipped Cards:            Min: 0, Avg:  0.0, Max: 0, Diff: 0, Sum: 0, Workers: 8
[115.232s][debug][gc,phases         ] GC(2625)     Log Buffers (ms):         Min:  0.0, Avg:  0.0, Max:  0.0, Diff:  0.0, Sum:  0.0, Workers: 8
[115.232s][debug][gc,phases         ] GC(2625)       Dirty Cards:              Min: 0, Avg:  0.2, Max: 1, Diff: 1, Sum: 2, Workers: 8
[115.232s][debug][gc,phases         ] GC(2625)       Skipped Cards:            Min: 0, Avg:  0.0, Max: 0, Diff: 0, Sum: 0, Workers: 8
[115.232s][info ][gc,phases         ] GC(2625)   Evacuate Collection Set: 0.4ms
[115.232s][debug][gc,phases         ] GC(2625)     Ext Root Scanning (ms):   Min:  0.0, Avg:  0.1, Max:  0.3, Diff:  0.3, Sum:  1.0, Workers: 8
[115.232s][debug][gc,phases         ] GC(2625)     Scan Heap Roots (ms):     Min:  0.0, Avg:  0.0, Max:  0.0, Diff:  0.0, Sum:  0.0, Workers: 8
[115.232s][debug][gc,phases         ] GC(2625)       Scanned Cards:            Min: 0, Avg:  0.2, Max: 1, Diff: 1, Sum: 2, Workers: 8
[115.232s][debug][gc,phases         ] GC(2625)       Scanned Blocks:           Min: 0, Avg:  0.2, Max: 1, Diff: 1, Sum: 2, Workers: 8
[115.232s][debug][gc,phases         ] GC(2625)       Claimed Chunks:           Min: 0, Avg:  0.2, Max: 1, Diff: 1, Sum: 2, Workers: 8
[115.232s][debug][gc,phases         ] GC(2625)     Code Root Scan (ms):      Min:  0.0, Avg:  0.0, Max:  0.0, Diff:  0.0, Sum:  0.1, Workers: 8
[115.232s][debug][gc,phases         ] GC(2625)     Object Copy (ms):         Min:  0.0, Avg:  0.0, Max:  0.0, Diff:  0.0, Sum:  0.0, Workers: 8
[115.232s][debug][gc,phases         ] GC(2625)     Termination (ms):         Min:  0.0, Avg:  0.1, Max:  0.1, Diff:  0.1, Sum:  0.8, Workers: 8
[115.232s][debug][gc,phases         ] GC(2625)       Termination Attempts:     Min: 1, Avg:  1.2, Max: 2, Diff: 1, Sum: 10, Workers: 8
[115.232s][debug][gc,phases         ] GC(2625)     GC Worker Other (ms):     Min:  0.0, Avg:  0.0, Max:  0.1, Diff:  0.1, Sum:  0.3, Workers: 8
[115.232s][debug][gc,phases         ] GC(2625)     GC Worker Total (ms):     Min:  0.1, Avg:  0.3, Max:  0.4, Diff:  0.2, Sum:  2.4, Workers: 8
[115.232s][info ][gc,phases         ] GC(2625)   Post Evacuate Collection Set: 0.6ms
[115.232s][debug][gc,phases         ] GC(2625)     Code Roots Fixup: 0.0ms
[115.232s][debug][gc,phases         ] GC(2625)     Clear Card Table: 0.2ms
[115.232s][debug][gc,phases         ] GC(2625)     Reference Processing: 0.0ms
[115.232s][debug][gc,phases,ref     ] GC(2625)       Reconsider SoftReferences: 0.0ms
[115.232s][debug][gc,phases,ref     ] GC(2625)         SoftRef (ms):             skipped
[115.232s][debug][gc,phases,ref     ] GC(2625)       Notify Soft/WeakReferences: 0.0ms
[115.232s][debug][gc,phases,ref     ] GC(2625)         SoftRef (ms):             skipped
[115.232s][debug][gc,phases,ref     ] GC(2625)         WeakRef (ms):             skipped
[115.232s][debug][gc,phases,ref     ] GC(2625)         FinalRef (ms):            skipped
[115.232s][debug][gc,phases,ref     ] GC(2625)         Total (ms):               skipped
[115.232s][debug][gc,phases,ref     ] GC(2625)       Notify and keep alive finalizable: 0.0ms
[115.232s][debug][gc,phases,ref     ] GC(2625)         FinalRef (ms):            skipped
[115.232s][debug][gc,phases,ref     ] GC(2625)       Notify PhantomReferences: 0.0ms
[115.232s][debug][gc,phases,ref     ] GC(2625)         PhantomRef (ms):          skipped
[115.232s][debug][gc,phases,ref     ] GC(2625)       SoftReference:
[115.232s][debug][gc,phases,ref     ] GC(2625)         Discovered: 0
[115.232s][debug][gc,phases,ref     ] GC(2625)         Cleared: 0
[115.232s][debug][gc,phases,ref     ] GC(2625)       WeakReference:
[115.232s][debug][gc,phases,ref     ] GC(2625)         Discovered: 0
[115.232s][debug][gc,phases,ref     ] GC(2625)         Cleared: 0
[115.232s][debug][gc,phases,ref     ] GC(2625)       FinalReference:
[115.232s][debug][gc,phases,ref     ] GC(2625)         Discovered: 0
[115.232s][debug][gc,phases,ref     ] GC(2625)         Cleared: 0
[115.232s][debug][gc,phases,ref     ] GC(2625)       PhantomReference:
[115.232s][debug][gc,phases,ref     ] GC(2625)         Discovered: 0
[115.232s][debug][gc,phases,ref     ] GC(2625)         Cleared: 0
[115.232s][debug][gc,phases         ] GC(2625)     Weak Processing: 0.0ms
[115.232s][debug][gc,phases         ] GC(2625)       JVMTI weak processing: 0.0ms
[115.232s][debug][gc,phases         ] GC(2625)         Dead: 0
[115.232s][debug][gc,phases         ] GC(2625)         Total: 0
[115.233s][debug][gc,phases         ] GC(2625)       JFR weak processing: 0.0ms
[115.233s][debug][gc,phases         ] GC(2625)         Dead: 0
[115.233s][debug][gc,phases         ] GC(2625)         Total: 0
[115.233s][debug][gc,phases         ] GC(2625)       JNI weak                  Min:  0.0, Avg:  0.0, Max:  0.0, Diff:  0.0, Sum:  0.0, Workers: 5
[115.233s][debug][gc,phases         ] GC(2625)         Dead                      Min: 0, Avg:  0.0, Max: 0, Diff: 0, Sum: 0, Workers: 5
[115.233s][debug][gc,phases         ] GC(2625)         Total                     Min: 0, Avg: 20.4, Max: 62, Diff: 62, Sum: 102, Workers: 5
[115.233s][debug][gc,phases         ] GC(2625)       VM weak                   Min:  0.0, Avg:  0.0, Max:  0.0, Diff:  0.0, Sum:  0.0, Workers: 5
[115.233s][debug][gc,phases         ] GC(2625)         Dead                      Min: 0, Avg:  0.0, Max: 0, Diff: 0, Sum: 0, Workers: 5
[115.233s][debug][gc,phases         ] GC(2625)         Total                     Min: 0, Avg: 42.4, Max: 128, Diff: 128, Sum: 212, Workers: 5
[115.233s][debug][gc,phases         ] GC(2625)       StringTable weak          Min:  0.0, Avg:  0.0, Max:  0.0, Diff:  0.0, Sum:  0.1, Workers: 5
[115.233s][debug][gc,phases         ] GC(2625)         Dead                      Min: 0, Avg:  0.0, Max: 0, Diff: 0, Sum: 0, Workers: 5
[115.233s][debug][gc,phases         ] GC(2625)         Total                     Min: 0, Avg: 684.6, Max: 1023, Diff: 1023, Sum: 3423, Workers: 5
[115.233s][debug][gc,phases         ] GC(2625)       ResolvedMethodTable weak  Min:  0.0, Avg:  0.0, Max:  0.0, Diff:  0.0, Sum:  0.0, Workers: 5
[115.233s][debug][gc,phases         ] GC(2625)         Dead                      Min: 0, Avg:  0.0, Max: 0, Diff: 0, Sum: 0, Workers: 5
[115.233s][debug][gc,phases         ] GC(2625)         Total                     Min: 0, Avg: 114.6, Max: 189, Diff: 189, Sum: 573, Workers: 5
[115.233s][debug][gc,phases         ] GC(2625)     Merge Per-Thread State: 0.0ms
[115.233s][debug][gc,phases         ] GC(2625)       Copied Bytes              Min: 0, Avg: 300292.0, Max: 800200, Diff: 800200, Sum: 2402336, Workers: 8
[115.233s][debug][gc,phases         ] GC(2625)       LAB Waste                 Min: 0, Avg:  0.0, Max: 0, Diff: 0, Sum: 0, Workers: 8
[115.233s][debug][gc,phases         ] GC(2625)       LAB Undo Waste            Min: 0, Avg:  0.0, Max: 0, Diff: 0, Sum: 0, Workers: 8
[115.233s][debug][gc,phases         ] GC(2625)     Code Roots Purge: 0.0ms
[115.233s][debug][gc,phases         ] GC(2625)     Redirty Cards: 0.0ms
[115.233s][debug][gc,phases         ] GC(2625)     DerivedPointerTable Update: 0.0ms
[115.233s][debug][gc,phases         ] GC(2625)     Free Collection Set: 0.2ms
[115.233s][debug][gc,phases         ] GC(2625)     Rebuild Free List: 0.1ms
[115.233s][debug][gc,phases         ] GC(2625)     Humongous Reclaim: 0.0ms
[115.233s][debug][gc,phases         ] GC(2625)     Start New Collection Set: 0.0ms
[115.233s][debug][gc,phases         ] GC(2625)     Resize TLABs: 0.0ms
[115.233s][debug][gc,phases         ] GC(2625)     Expand Heap After Collection: 0.0ms
[115.233s][info ][gc,phases         ] GC(2625)   Other: 0.4ms
[115.233s][info ][gc,heap           ] GC(2625) Eden regions: 771->0(772)
[115.233s][info ][gc,heap           ] GC(2625) Survivor regions: 4->3(97)
[115.233s][info ][gc,heap           ] GC(2625) Old regions: 18->18
[115.233s][info ][gc,heap           ] GC(2625) Archive regions: 2->2
[115.233s][info ][gc,heap           ] GC(2625) Humongous regions: 0->0
[115.233s][info ][gc,metaspace      ] GC(2625) Metaspace: 10016K(10624K)->10016K(10624K) NonClass: 8864K(9216K)->8864K(9216K) Class: 1152K(1408K)->1152K(1408K)
[115.233s][debug][gc,heap           ] GC(2625) Heap after GC invocations=2626 (full 1): garbage-first heap   total 1324032K, used 21529K [0x0000000700000000, 0x0000000800000000)
[115.233s][debug][gc,heap           ] GC(2625)   region size 1024K, 3 young (3072K), 3 survivors (3072K)
[115.233s][debug][gc,heap           ] GC(2625)  Metaspace       used 10016K, capacity 10304K, committed 10624K, reserved 1058816K
[115.233s][debug][gc,heap           ] GC(2625)   class space    used 1152K, capacity 1266K, committed 1408K, reserved 1048576K
[115.233s][info ][gc                ] GC(2625) Pause Young (Normal) (G1 Evacuation Pause) 792M->21M(1293M) 2.483ms
[115.233s][info ][gc,cpu            ] GC(2625) User=0.00s Sys=0.00s Real=0.01s
[115.233s][info ][safepoint         ] Safepoint "G1CollectForAllocation", Time since last: 40863695 ns, Reaching safepoint: 433114 ns, At safepoint: 2713580 ns, Total: 3146694 ns
[115.274s][debug][gc,heap           ] GC(2626) Heap before GC invocations=2626 (full 1): garbage-first heap   total 1324032K, used 811033K [0x0000000700000000, 0x0000000800000000)
[115.274s][debug][gc,heap           ] GC(2626)   region size 1024K, 775 young (793600K), 3 survivors (3072K)
[115.274s][debug][gc,heap           ] GC(2626)  Metaspace       used 10016K, capacity 10304K, committed 10624K, reserved 1058816K
[115.274s][debug][gc,heap           ] GC(2626)   class space    used 1152K, capacity 1266K, committed 1408K, reserved 1048576K
[115.274s][info ][gc,start          ] GC(2626) Pause Young (Normal) (G1 Evacuation Pause)
[115.274s][info ][gc,task           ] GC(2626) Using 8 workers of 8 for evacuation
[115.274s][debug][gc,tlab           ] GC(2626) TLAB totals: thrds: 8  refills: 14 max: 3 slow allocs: 1537 max 221 waste: 38.9% gc: 1328728B max: 244368B slow: 57736B max: 15096B fast: 0B max: 0B
[115.274s][debug][gc,age            ] GC(2626) Desired survivor size 50855936 bytes, new threshold 15 (max threshold 15)
[115.274s][debug][gc,alloc,region   ] GC(2626) Mutator Allocation stats, regions: 772, wasted size: 180M (23.4%)
[115.274s][debug][gc,ergo           ] GC(2626) Running G1 Merge Heap Roots using 8 workers for 775 regions
[115.274s][debug][gc,remset         ] GC(2626) Visited cards 256 Total dirty 2048 (12.50%) Total old 3215360 (0.01%)
[115.275s][debug][gc,ergo           ] GC(2626) Running G1 Clear Card Table Task using 2 workers for 2 units of work for 776 regions.
[115.275s][debug][gc,ref            ] GC(2626) Skipped phase1 of Reference Processing due to unavailable references
[115.275s][debug][gc,ref            ] GC(2626) Skipped phase2 of Reference Processing due to unavailable references
[115.275s][debug][gc,ref            ] GC(2626) Skipped phase3 of Reference Processing due to unavailable references
[115.275s][debug][gc,ref            ] GC(2626) Skipped phase4 of Reference Processing due to unavailable references
[115.275s][debug][gc,ergo           ] GC(2626) Running G1 Free Collection Set using 8 workers for collection set length 775 (1293)
[115.275s][debug][gc,ergo           ] GC(2626) Running G1 Rebuild Free List Task using 8 workers for rebuilding free list of 0 (4096) regions
[115.275s][trace][gc,age            ] GC(2626) Age table with threshold 15 (max threshold 15)
[115.275s][trace][gc,age            ] GC(2626) - age   1:    4802608 bytes,    4802608 total
[115.275s][debug][gc,plab           ] GC(2626) Young PLAB allocation: allocated: 16512B, wasted: 0B, unused: 14064B, used: 2448B, undo waste: 0B, 
[115.275s][debug][gc,plab           ] GC(2626) Young other allocation: region end waste: 1234480B, regions filled: 6, direct allocated: 4800160B, failure used: 0B, failure wasted: 0B
[115.275s][debug][gc,plab           ] GC(2626) Young sizing: calculated: 0B, actual: 2064B
[115.275s][debug][gc,plab           ] GC(2626) Old PLAB allocation: allocated: 0B, wasted: 0B, unused: 0B, used: 0B, undo waste: 0B, 
[115.275s][debug][gc,plab           ] GC(2626) Old other allocation: region end waste: 0B, regions filled: 1, direct allocated: 0B, failure used: 0B, failure wasted: 0B
[115.275s][debug][gc,plab           ] GC(2626) Old sizing: calculated: 0B, actual: 2064B
[115.275s][debug][gc,ihop           ] GC(2626) Basic information (value update), threshold: 610113945B (45.00), target occupancy: 1355808768B, current occupancy: 25198416B, recent allocation size: 0B, recent allocation duration: 41.66ms, recent old gen allocation rate: 0.00B/s, recent marking phase length: 30.68ms
[115.275s][debug][gc,ihop           ] GC(2626) Adaptive IHOP information (value update), threshold: 610113945B (47.37), internal target occupancy: 1288018329B, occupancy: 25198416B, additional buffer size: 812646400B, predicted old gen allocation rate: 3.32B/s, predicted marking phase length: 61.36ms, prediction active: false
[115.275s][debug][gc,ergo,refine    ] GC(2626) Concurrent refinement times: Logged Cards Scan time goal: 20.00ms Logged Cards Scan time: 0.00ms HCC time: 0.00ms
[115.275s][debug][gc,ergo,refine    ] GC(2626) Updated Refinement Zones: green: 2048, yellow: 6144, red: 10240
[115.275s][info ][gc,phases         ] GC(2626)   Pre Evacuate Collection Set: 0.1ms
[115.275s][debug][gc,phases         ] GC(2626)     Prepare TLABs: 0.0ms
[115.275s][debug][gc,phases         ] GC(2626)     Choose Collection Set: 0.0ms
[115.275s][debug][gc,phases         ] GC(2626)     Region Register: 0.1ms
[115.275s][debug][gc,phases         ] GC(2626)     Prepare Heap Roots: 0.0ms
[115.275s][info ][gc,phases         ] GC(2626)   Merge Heap Roots: 0.2ms
[115.275s][debug][gc,phases         ] GC(2626)     Prepare Merge Heap Roots: 0.0ms
[115.275s][debug][gc,phases         ] GC(2626)     Eager Reclaim (ms):       skipped
[115.275s][debug][gc,phases         ] GC(2626)     Remembered Sets (ms):     Min:  0.0, Avg:  0.0, Max:  0.1, Diff:  0.0, Sum:  0.3, Workers: 8
[115.275s][debug][gc,phases         ] GC(2626)       Merged Sparse:            Min: 0, Avg:  0.0, Max: 0, Diff: 0, Sum: 0, Workers: 8
[115.275s][debug][gc,phases         ] GC(2626)       Merged Fine:              Min: 0, Avg:  0.0, Max: 0, Diff: 0, Sum: 0, Workers: 8
[115.275s][debug][gc,phases         ] GC(2626)       Merged Coarse:            Min: 0, Avg:  0.0, Max: 0, Diff: 0, Sum: 0, Workers: 8
[115.275s][debug][gc,phases         ] GC(2626)       Dirty Cards:              Min: 0, Avg:  0.0, Max: 0, Diff: 0, Sum: 0, Workers: 8
[115.275s][debug][gc,phases         ] GC(2626)     Hot Card Cache (ms):      Min:  0.0, Avg:  0.0, Max:  0.0, Diff:  0.0, Sum:  0.0, Workers: 8
[115.275s][debug][gc,phases         ] GC(2626)       Dirty Cards:              Min: 0, Avg:  0.0, Max: 0, Diff: 0, Sum: 0, Workers: 8
[115.275s][debug][gc,phases         ] GC(2626)       Skipped Cards:            Min: 0, Avg:  0.0, Max: 0, Diff: 0, Sum: 0, Workers: 8
[115.275s][debug][gc,phases         ] GC(2626)     Log Buffers (ms):         Min:  0.0, Avg:  0.0, Max:  0.0, Diff:  0.0, Sum:  0.0, Workers: 8
[115.275s][debug][gc,phases         ] GC(2626)       Dirty Cards:              Min: 0, Avg:  0.1, Max: 1, Diff: 1, Sum: 1, Workers: 8
[115.275s][debug][gc,phases         ] GC(2626)       Skipped Cards:            Min: 0, Avg:  0.0, Max: 0, Diff: 0, Sum: 0, Workers: 8
[115.275s][info ][gc,phases         ] GC(2626)   Evacuate Collection Set: 0.5ms
[115.275s][debug][gc,phases         ] GC(2626)     Ext Root Scanning (ms):   Min:  0.3, Avg:  0.4, Max:  0.5, Diff:  0.2, Sum:  2.9, Workers: 8
[115.275s][debug][gc,phases         ] GC(2626)     Scan Heap Roots (ms):     Min:  0.0, Avg:  0.0, Max:  0.0, Diff:  0.0, Sum:  0.0, Workers: 8
[115.275s][debug][gc,phases         ] GC(2626)       Scanned Cards:            Min: 0, Avg:  0.1, Max: 1, Diff: 1, Sum: 1, Workers: 8
[115.276s][debug][gc,phases         ] GC(2626)       Scanned Blocks:           Min: 0, Avg:  0.1, Max: 1, Diff: 1, Sum: 1, Workers: 8
[115.276s][debug][gc,phases         ] GC(2626)       Claimed Chunks:           Min: 0, Avg:  0.1, Max: 1, Diff: 1, Sum: 1, Workers: 8
[115.276s][debug][gc,phases         ] GC(2626)     Code Root Scan (ms):      Min:  0.0, Avg:  0.0, Max:  0.0, Diff:  0.0, Sum:  0.2, Workers: 8
[115.276s][debug][gc,phases         ] GC(2626)     Object Copy (ms):         Min:  0.0, Avg:  0.0, Max:  0.0, Diff:  0.0, Sum:  0.0, Workers: 8
[115.276s][debug][gc,phases         ] GC(2626)     Termination (ms):         Min:  0.0, Avg:  0.1, Max:  0.1, Diff:  0.1, Sum:  0.6, Workers: 8
[115.276s][debug][gc,phases         ] GC(2626)       Termination Attempts:     Min: 1, Avg:  1.2, Max: 2, Diff: 1, Sum: 10, Workers: 8
[115.276s][debug][gc,phases         ] GC(2626)     GC Worker Other (ms):     Min:  0.0, Avg:  0.0, Max:  0.1, Diff:  0.1, Sum:  0.4, Workers: 8
[115.276s][debug][gc,phases         ] GC(2626)     GC Worker Total (ms):     Min:  0.5, Avg:  0.5, Max:  0.5, Diff:  0.0, Sum:  4.1, Workers: 8
[115.276s][info ][gc,phases         ] GC(2626)   Post Evacuate Collection Set: 0.6ms
[115.276s][debug][gc,phases         ] GC(2626)     Code Roots Fixup: 0.0ms
[115.276s][debug][gc,phases         ] GC(2626)     Clear Card Table: 0.2ms
[115.276s][debug][gc,phases         ] GC(2626)     Reference Processing: 0.0ms
[115.276s][debug][gc,phases,ref     ] GC(2626)       Reconsider SoftReferences: 0.0ms
[115.276s][debug][gc,phases,ref     ] GC(2626)         SoftRef (ms):             skipped
[115.276s][debug][gc,phases,ref     ] GC(2626)       Notify Soft/WeakReferences: 0.0ms
[115.276s][debug][gc,phases,ref     ] GC(2626)         SoftRef (ms):             skipped
[115.276s][debug][gc,phases,ref     ] GC(2626)         WeakRef (ms):             skipped
[115.276s][debug][gc,phases,ref     ] GC(2626)         FinalRef (ms):            skipped
[115.276s][debug][gc,phases,ref     ] GC(2626)         Total (ms):               skipped
[115.276s][debug][gc,phases,ref     ] GC(2626)       Notify and keep alive finalizable: 0.0ms
[115.276s][debug][gc,phases,ref     ] GC(2626)         FinalRef (ms):            skipped
[115.276s][debug][gc,phases,ref     ] GC(2626)       Notify PhantomReferences: 0.0ms
[115.276s][debug][gc,phases,ref     ] GC(2626)         PhantomRef (ms):          skipped
[115.276s][debug][gc,phases,ref     ] GC(2626)       SoftReference:
[115.276s][debug][gc,phases,ref     ] GC(2626)         Discovered: 0
[115.276s][debug][gc,phases,ref     ] GC(2626)         Cleared: 0
[115.276s][debug][gc,phases,ref     ] GC(2626)       WeakReference:
[115.276s][debug][gc,phases,ref     ] GC(2626)         Discovered: 0
[115.276s][debug][gc,phases,ref     ] GC(2626)         Cleared: 0
[115.276s][debug][gc,phases,ref     ] GC(2626)       FinalReference:
[115.276s][debug][gc,phases,ref     ] GC(2626)         Discovered: 0
[115.276s][debug][gc,phases,ref     ] GC(2626)         Cleared: 0
[115.276s][debug][gc,phases,ref     ] GC(2626)       PhantomReference:
[115.276s][debug][gc,phases,ref     ] GC(2626)         Discovered: 0
[115.276s][debug][gc,phases,ref     ] GC(2626)         Cleared: 0
[115.276s][debug][gc,phases         ] GC(2626)     Weak Processing: 0.0ms
[115.276s][debug][gc,phases         ] GC(2626)       JVMTI weak processing: 0.0ms
[115.276s][debug][gc,phases         ] GC(2626)         Dead: 0
[115.276s][debug][gc,phases         ] GC(2626)         Total: 0
[115.276s][debug][gc,phases         ] GC(2626)       JFR weak processing: 0.0ms
[115.276s][debug][gc,phases         ] GC(2626)         Dead: 0
[115.276s][debug][gc,phases         ] GC(2626)         Total: 0
[115.276s][debug][gc,phases         ] GC(2626)       JNI weak                  Min:  0.0, Avg:  0.0, Max:  0.0, Diff:  0.0, Sum:  0.0, Workers: 5
[115.276s][debug][gc,phases         ] GC(2626)         Dead                      Min: 0, Avg:  0.0, Max: 0, Diff: 0, Sum: 0, Workers: 5
[115.276s][debug][gc,phases         ] GC(2626)         Total                     Min: 0, Avg: 20.4, Max: 62, Diff: 62, Sum: 102, Workers: 5
[115.276s][debug][gc,phases         ] GC(2626)       VM weak                   Min:  0.0, Avg:  0.0, Max:  0.0, Diff:  0.0, Sum:  0.0, Workers: 5
[115.276s][debug][gc,phases         ] GC(2626)         Dead                      Min: 0, Avg:  0.0, Max: 0, Diff: 0, Sum: 0, Workers: 5
[115.276s][debug][gc,phases         ] GC(2626)         Total                     Min: 0, Avg: 42.4, Max: 64, Diff: 64, Sum: 212, Workers: 5
