[0.020s][info][gc,heap] Heap region size: 1M
[0.020s][debug][gc,heap] Minimum heap 8388608  Initial heap 268435456  Maximum heap 4294967296
[0.020s][info ][gc,heap,coops] Heap address: 0x0000000700000000, size: 4096 MB, Compressed Oops mode: Zero based, Oop shift amount: 3
[0.021s][debug][gc           ] ConcGCThreads: 2 offset 16
[0.021s][debug][gc           ] ParallelGCThreads: 8
[0.021s][debug][gc           ] Initialize mark stack with 4096 chunks, maximum 16384
[0.021s][debug][gc,ergo,heap ] Expand the heap. requested expansion amount: 268435456B expansion amount: 268435456B
[0.024s][debug][gc,ihop      ] Target occupancy update: old: 0B, new: 268435456B
[0.024s][debug][gc,ergo,refine] Initial Refinement Zones: green: 2048, yellow: 6144, red: 10240, min yellow size: 4096
[0.025s][info ][gc            ] Using G1
[0.026s][debug][gc,ergo,heap  ] Attempt heap expansion (allocate archive regions). Total size: 1048576B
[0.026s][info ][gc,cds        ] Mark closed archive regions in map: [0x00000007bff00000, 0x00000007bff7aff8]
[0.026s][debug][gc,ergo,heap  ] Attempt heap expansion (allocate archive regions). Total size: 1048576B
[0.026s][info ][gc,cds        ] Mark open archive regions in map: [0x00000007bfe00000, 0x00000007bfe50ff8]
[0.054s][info ][gc            ] Periodic GC disabled
[1.930s][info ][safepoint     ] Safepoint "Cleanup", Time since last: 1893544985 ns, Reaching safepoint: 99788 ns, At safepoint: 2877 ns, Total: 102665 ns
[2.164s][info ][safepoint     ] Safepoint "BulkRevokeBias", Time since last: 233786095 ns, Reaching safepoint: 67145 ns, At safepoint: 60387 ns, Total: 127532 ns
[2.165s][info ][safepoint     ] Safepoint "BulkRevokeBias", Time since last: 1541517 ns, Reaching safepoint: 212446 ns, At safepoint: 90949 ns, Total: 303395 ns
[2.166s][info ][safepoint     ] Safepoint "BulkRevokeBias", Time since last: 452140 ns, Reaching safepoint: 25913 ns, At safepoint: 111474 ns, Total: 137387 ns
[3.665s][info ][safepoint     ] Safepoint "Cleanup", Time since last: 1499341728 ns, Reaching safepoint: 68102 ns, At safepoint: 11251 ns, Total: 79353 ns
[4.772s][info ][safepoint     ] Safepoint "Cleanup", Time since last: 1106217782 ns, Reaching safepoint: 67325 ns, At safepoint: 1976 ns, Total: 69301 ns
[4.794s][info ][safepoint     ] Safepoint "BulkRevokeBias", Time since last: 22334709 ns, Reaching safepoint: 45748 ns, At safepoint: 97076 ns, Total: 142824 ns
[6.351s][info ][safepoint     ] Safepoint "Cleanup", Time since last: 1556069698 ns, Reaching safepoint: 402541 ns, At safepoint: 10937 ns, Total: 413478 ns
[6.372s][debug][gc,task       ] GC(0) Requesting 6 active workers for full compaction (waste limited workers: 8, adaptive workers: 6)
[6.373s][info ][gc,task       ] GC(0) Using 6 workers of 8 for full compaction
[6.373s][info ][gc,start      ] GC(0) Pause Full (System.gc())
[6.373s][debug][gc,heap       ] GC(0) Heap before GC invocations=0 (full 0): garbage-first heap   total 264192K, used 10032K [0x0000000700000000, 0x0000000800000000)
[6.373s][debug][gc,heap       ] GC(0)   region size 1024K, 10 young (10240K), 0 survivors (0K)
[6.373s][debug][gc,heap       ] GC(0)  Metaspace       used 10298K, capacity 10584K, committed 10880K, reserved 1058816K
[6.373s][debug][gc,heap       ] GC(0)   class space    used 1194K, capacity 1338K, committed 1408K, reserved 1048576K
[6.373s][debug][gc,tlab       ] GC(0) TLAB totals: thrds: 7  refills: 22 max: 13 slow allocs: 1 max 1 waste: 31.6% gc: 1976088B max: 480368B slow: 11240B max: 9456B fast: 0B max: 0B
[6.373s][debug][gc,alloc,region] GC(0) Mutator Allocation stats, regions: 10, wasted size: 0B ( 0.0%)
[6.373s][info ][gc,phases,start] GC(0) Phase 1: Mark live objects
[6.376s][debug][gc,phases,start] GC(0) Phase 1: Reference Processing
[6.376s][debug][gc,ref         ] GC(0) Skipped phase1 of Reference Processing due to unavailable references
[6.376s][debug][gc,phases,ref  ] GC(0) Reference Processing: 0.2ms
[6.376s][debug][gc,phases,ref  ] GC(0)   Reconsider SoftReferences: 0.0ms
[6.376s][debug][gc,phases,ref  ] GC(0)     SoftRef (ms):             skipped
[6.376s][debug][gc,phases,ref  ] GC(0)   Notify Soft/WeakReferences: 0.1ms
[6.376s][debug][gc,phases,ref  ] GC(0)     Balance queues: 0.0ms
[6.376s][debug][gc,phases,ref  ] GC(0)     SoftRef (ms):             Min:  0.0, Avg:  0.0, Max:  0.0, Diff:  0.0, Sum:  0.0, Workers: 2
[6.376s][debug][gc,phases,ref  ] GC(0)     WeakRef (ms):             Min:  0.0, Avg:  0.0, Max:  0.0, Diff:  0.0, Sum:  0.0, Workers: 2
[6.376s][debug][gc,phases,ref  ] GC(0)     FinalRef (ms):            Min:  0.0, Avg:  0.0, Max:  0.0, Diff:  0.0, Sum:  0.0, Workers: 2
[6.376s][debug][gc,phases,ref  ] GC(0)     Total (ms):               Min:  0.0, Avg:  0.0, Max:  0.0, Diff:  0.0, Sum:  0.1, Workers: 2
[6.376s][debug][gc,phases,ref  ] GC(0)   Notify and keep alive finalizable: 0.1ms
[6.376s][debug][gc,phases,ref  ] GC(0)     Balance queues: 0.0ms
[6.376s][debug][gc,phases,ref  ] GC(0)     FinalRef (ms):            Min:  0.0, Avg:  0.0, Max:  0.0, Diff:  0.0, Sum:  0.1, Workers: 6
[6.376s][debug][gc,phases,ref  ] GC(0)   Notify PhantomReferences: 0.0ms
[6.376s][debug][gc,phases,ref  ] GC(0)     PhantomRef (ms):          Min:  0.0, Avg:  0.0, Max:  0.0, Diff:  0.0, Sum:  0.0, Workers: 1
[6.376s][debug][gc,phases,ref  ] GC(0)   SoftReference:
[6.376s][debug][gc,phases,ref  ] GC(0)     Discovered: 0
[6.376s][debug][gc,phases,ref  ] GC(0)     Cleared: 0
[6.376s][debug][gc,phases,ref  ] GC(0)   WeakReference:
[6.376s][debug][gc,phases,ref  ] GC(0)     Discovered: 582
[6.376s][debug][gc,phases,ref  ] GC(0)     Cleared: 427
[6.376s][debug][gc,phases,ref  ] GC(0)   FinalReference:
[6.376s][debug][gc,phases,ref  ] GC(0)     Discovered: 863
[6.376s][debug][gc,phases,ref  ] GC(0)     Cleared: 787
[6.376s][debug][gc,phases,ref  ] GC(0)   PhantomReference:
[6.376s][debug][gc,phases,ref  ] GC(0)     Discovered: 224
[6.376s][debug][gc,phases,ref  ] GC(0)     Cleared: 3
[6.376s][debug][gc,phases      ] GC(0) Phase 1: Reference Processing 0.506ms
[6.376s][debug][gc,phases,start] GC(0) Phase 1: Weak Processing
[6.376s][debug][gc,phases      ] GC(0)   JVMTI weak processing: 0.0ms
[6.376s][debug][gc,phases      ] GC(0)     Dead: 0
[6.376s][debug][gc,phases      ] GC(0)     Total: 0
[6.376s][debug][gc,phases      ] GC(0)   JFR weak processing: 0.0ms
[6.376s][debug][gc,phases      ] GC(0)     Dead: 0
[6.376s][debug][gc,phases      ] GC(0)     Total: 0
[6.376s][debug][gc,phases      ] GC(0)   JNI weak                  Min:  0.0, Avg:  0.0, Max:  0.0, Diff:  0.0, Sum:  0.0, Workers: 5
[6.376s][debug][gc,phases      ] GC(0)     Dead                      Min: 0, Avg:  0.6, Max: 3, Diff: 3, Sum: 3, Workers: 5
[6.376s][debug][gc,phases      ] GC(0)     Total                     Min: 0, Avg: 10.6, Max: 53, Diff: 53, Sum: 53, Workers: 5
[6.376s][debug][gc,phases      ] GC(0)   VM weak                   Min:  0.0, Avg:  0.0, Max:  0.0, Diff:  0.0, Sum:  0.0, Workers: 5
[6.376s][debug][gc,phases      ] GC(0)     Dead                      Min: 0, Avg:  0.0, Max: 0, Diff: 0, Sum: 0, Workers: 5
[6.376s][debug][gc,phases      ] GC(0)     Total                     Min: 0, Avg: 44.0, Max: 220, Diff: 220, Sum: 220, Workers: 5
[6.376s][debug][gc,phases      ] GC(0)   StringTable weak          Min:  0.0, Avg:  0.0, Max:  0.0, Diff:  0.0, Sum:  0.0, Workers: 5
[6.376s][debug][gc,phases      ] GC(0)     Dead                      Min: 0, Avg:  1.2, Max: 3, Diff: 3, Sum: 6, Workers: 5
[6.376s][debug][gc,phases      ] GC(0)     Total                     Min: 0, Avg: 715.6, Max: 1786, Diff: 1786, Sum: 3578, Workers: 5
[6.376s][debug][gc,phases      ] GC(0)   ResolvedMethodTable weak  Min:  0.0, Avg:  0.0, Max:  0.0, Diff:  0.0, Sum:  0.0, Workers: 5
[6.376s][debug][gc,phases      ] GC(0)     Dead                      Min: 0, Avg:  0.8, Max: 2, Diff: 2, Sum: 4, Workers: 5
[6.377s][debug][gc,phases      ] GC(0)     Total                     Min: 0, Avg: 116.6, Max: 192, Diff: 192, Sum: 583, Workers: 5
[6.377s][debug][gc,phases      ] GC(0) Phase 1: Weak Processing 0.212ms
[6.377s][debug][gc,phases,start] GC(0) Phase 1: Class Unloading and Cleanup
[6.377s][debug][gc,phases,start] GC(0) ClassLoaderData
[6.377s][debug][gc,phases      ] GC(0) ClassLoaderData 0.019ms
[6.377s][debug][gc,phases,start] GC(0) Trigger cleanups
[6.377s][debug][gc,phases      ] GC(0) Trigger cleanups 0.007ms
[6.377s][debug][gc,phases      ] GC(0) Phase 1: Class Unloading and Cleanup 0.504ms
[6.377s][info ][gc,phases      ] GC(0) Phase 1: Mark live objects 3.985ms
[6.377s][info ][gc,phases,start] GC(0) Phase 2: Prepare for compaction
[6.378s][info ][gc,phases      ] GC(0) Phase 2: Prepare for compaction 0.492ms
[6.378s][info ][gc,phases,start] GC(0) Phase 3: Adjust pointers
[6.379s][info ][gc,phases      ] GC(0) Phase 3: Adjust pointers 1.514ms
[6.379s][info ][gc,phases,start] GC(0) Phase 4: Compact heap
[6.381s][info ][gc,phases      ] GC(0) Phase 4: Compact heap 1.481ms
[6.381s][debug][gc,ergo,heap   ] GC(0) Attempt heap shrinking (capacity higher than max desired capacity). Capacity: 270532608B occupancy: 8388608B live: 3632200B maximum_desired_capacity: 27962026B (70 %)
[6.383s][debug][gc,ergo,heap   ] GC(0) Shrink the heap. requested shrinking amount: 242570582B aligned shrinking amount: 242221056B attempted shrinking amount: 242221056B
[6.383s][debug][gc,ihop        ] GC(0) Target occupancy update: old: 268435456B, new: 28311552B
[6.383s][info ][gc,heap        ] GC(0) Eden regions: 10->0(8)
[6.384s][info ][gc,heap        ] GC(0) Survivor regions: 0->0(0)
[6.384s][info ][gc,heap        ] GC(0) Old regions: 0->6
[6.384s][info ][gc,heap        ] GC(0) Archive regions: 2->2
[6.384s][info ][gc,heap        ] GC(0) Humongous regions: 0->0
[6.384s][info ][gc,metaspace   ] GC(0) Metaspace: 10298K(10880K)->10298K(10880K) NonClass: 9104K(9472K)->9104K(9472K) Class: 1194K(1408K)->1194K(1408K)
[6.384s][debug][gc,heap        ] GC(0) Heap after GC invocations=1 (full 1): garbage-first heap   total 27648K, used 3547K [0x0000000700000000, 0x0000000800000000)
[6.384s][debug][gc,heap        ] GC(0)   region size 1024K, 0 young (0K), 0 survivors (0K)
[6.384s][debug][gc,heap        ] GC(0)  Metaspace       used 10298K, capacity 10584K, committed 10880K, reserved 1058816K
[6.384s][debug][gc,heap        ] GC(0)   class space    used 1194K, capacity 1338K, committed 1408K, reserved 1048576K
[6.384s][info ][gc             ] GC(0) Pause Full (System.gc()) 10M->3M(27M) 10.737ms
[6.384s][info ][gc,cpu         ] GC(0) User=0.02s Sys=0.01s Real=0.01s
[6.384s][info ][safepoint      ] Safepoint "G1CollectFull", Time since last: 21715089 ns, Reaching safepoint: 39009 ns, At safepoint: 11401622 ns, Total: 11440631 ns
[6.418s][debug][gc,heap        ] GC(1) Heap before GC invocations=1 (full 1): garbage-first heap   total 27648K, used 11739K [0x0000000700000000, 0x0000000800000000)
[6.418s][debug][gc,heap        ] GC(1)   region size 1024K, 8 young (8192K), 0 survivors (0K)
[6.418s][debug][gc,heap        ] GC(1)  Metaspace       used 10379K, capacity 10712K, committed 10880K, reserved 1058816K
[6.418s][debug][gc,heap        ] GC(1)   class space    used 1201K, capacity 1338K, committed 1408K, reserved 1048576K
[6.418s][info ][gc,start       ] GC(1) Pause Young (Normal) (G1 Evacuation Pause)
[6.418s][info ][gc,task        ] GC(1) Using 8 workers of 8 for evacuation
[6.418s][debug][gc,tlab        ] GC(1) TLAB totals: thrds: 12  refills: 183 max: 26 slow allocs: 1 max 1 waste:  8.4% gc: 569416B max: 167704B slow: 102744B max: 14600B fast: 0B max: 0B
[6.418s][debug][gc,age         ] GC(1) Desired survivor size 524288 bytes, new threshold 15 (max threshold 15)
[6.418s][debug][gc,alloc,region] GC(1) Mutator Allocation stats, regions: 8, wasted size: 0B ( 0.0%)
[6.418s][debug][gc,ergo        ] GC(1) Running G1 Merge Heap Roots using 8 workers for 8 regions
[6.418s][debug][gc,remset      ] GC(1) Visited cards 5376 Total dirty 12288 (43.75%) Total old 49152 (10.94%)
[6.419s][debug][gc,ergo        ] GC(1) Running G1 Clear Card Table Task using 1 workers for 1 units of work for 14 regions.
[6.419s][debug][gc,ref         ] GC(1) Skipped phase1 of Reference Processing due to unavailable references
[6.419s][debug][gc,ref         ] GC(1) Skipped phase3 of Reference Processing due to unavailable references
[6.419s][debug][gc,ergo        ] GC(1) Running G1 Free Collection Set using 8 workers for collection set length 8 (27)
[6.419s][debug][gc,ergo        ] GC(1) Running G1 Rebuild Free List Task using 8 workers for rebuilding free list of 0 (4096) regions
[6.419s][trace][gc,age         ] GC(1) Age table with threshold 15 (max threshold 15)
[6.419s][trace][gc,age         ] GC(1) - age   1:     512936 bytes,     512936 total
[6.419s][debug][gc,plab        ] GC(1) Young PLAB allocation: allocated: 28672B, wasted: 48B, unused: 8472B, used: 20152B, undo waste: 44368B, 
[6.419s][debug][gc,plab        ] GC(1) Young other allocation: region end waste: 0B, regions filled: 1, direct allocated: 537152B, failure used: 0B, failure wasted: 0B
[6.419s][debug][gc,plab        ] GC(1) Young sizing: calculated: 4024B, actual: 4024B
[6.419s][debug][gc,plab        ] GC(1) Old PLAB allocation: allocated: 0B, wasted: 0B, unused: 0B, used: 0B, undo waste: 0B, 
[6.419s][debug][gc,plab        ] GC(1) Old other allocation: region end waste: 0B, regions filled: 0, direct allocated: 0B, failure used: 0B, failure wasted: 0B
[6.419s][debug][gc,plab        ] GC(1) Old sizing: calculated: 0B, actual: 2064B
[6.419s][debug][gc,ihop        ] GC(1) Basic information (value update), threshold: 12740198B (45.00), target occupancy: 28311552B, current occupancy: 4198024B, recent allocation size: 0B, recent allocation duration: 34.39ms, recent old gen allocation rate: 0.00B/s, recent marking phase length: 0.00ms
[6.419s][debug][gc,ihop        ] GC(1) Adaptive IHOP information (value update), threshold: 12740198B (47.37), internal target occupancy: 26895974B, occupancy: 4198024B, additional buffer size: 9437184B, predicted old gen allocation rate: 0.00B/s, predicted marking phase length: 0.00ms, prediction active: false
[6.419s][debug][gc,ergo,refine ] GC(1) Concurrent refinement times: Logged Cards Scan time goal: 20.00ms Logged Cards Scan time: 0.09ms HCC time: 0.00ms
[6.419s][debug][gc,ergo,refine ] GC(1) Updated Refinement Zones: green: 2048, yellow: 6144, red: 10240
[6.419s][info ][gc,phases      ] GC(1)   Pre Evacuate Collection Set: 0.1ms
[6.419s][debug][gc,phases      ] GC(1)     Prepare TLABs: 0.0ms
[6.419s][debug][gc,phases      ] GC(1)     Choose Collection Set: 0.0ms
[6.419s][debug][gc,phases      ] GC(1)     Region Register: 0.1ms
[6.419s][debug][gc,phases      ] GC(1)     Prepare Heap Roots: 0.0ms
[6.419s][info ][gc,phases      ] GC(1)   Merge Heap Roots: 0.1ms
[6.419s][debug][gc,phases      ] GC(1)     Prepare Merge Heap Roots: 0.0ms
[6.419s][debug][gc,phases      ] GC(1)     Eager Reclaim (ms):       skipped
[6.419s][debug][gc,phases      ] GC(1)     Remembered Sets (ms):     Min:  0.0, Avg:  0.0, Max:  0.0, Diff:  0.0, Sum:  0.0, Workers: 8
[6.419s][debug][gc,phases      ] GC(1)       Merged Sparse:            Min: 0, Avg:  0.0, Max: 0, Diff: 0, Sum: 0, Workers: 8
[6.419s][debug][gc,phases      ] GC(1)       Merged Fine:              Min: 0, Avg:  0.0, Max: 0, Diff: 0, Sum: 0, Workers: 8
[6.419s][debug][gc,phases      ] GC(1)       Merged Coarse:            Min: 0, Avg:  0.0, Max: 0, Diff: 0, Sum: 0, Workers: 8
[6.419s][debug][gc,phases      ] GC(1)       Dirty Cards:              Min: 0, Avg:  0.0, Max: 0, Diff: 0, Sum: 0, Workers: 8
[6.419s][debug][gc,phases      ] GC(1)     Hot Card Cache (ms):      Min:  0.0, Avg:  0.0, Max:  0.0, Diff:  0.0, Sum:  0.0, Workers: 8
[6.419s][debug][gc,phases      ] GC(1)       Dirty Cards:              Min: 0, Avg:  0.0, Max: 0, Diff: 0, Sum: 0, Workers: 8
[6.419s][debug][gc,phases      ] GC(1)       Skipped Cards:            Min: 0, Avg:  0.0, Max: 0, Diff: 0, Sum: 0, Workers: 8
[6.419s][debug][gc,phases      ] GC(1)     Log Buffers (ms):         Min:  0.0, Avg:  0.0, Max:  0.0, Diff:  0.0, Sum:  0.0, Workers: 8
[6.419s][debug][gc,phases      ] GC(1)       Dirty Cards:              Min: 0, Avg: 57.5, Max: 256, Diff: 256, Sum: 460, Workers: 8
[6.420s][debug][gc,phases      ] GC(1)       Skipped Cards:            Min: 0, Avg:  0.0, Max: 0, Diff: 0, Sum: 0, Workers: 8
[6.420s][info ][gc,phases      ] GC(1)   Evacuate Collection Set: 0.9ms
[6.420s][debug][gc,phases      ] GC(1)     Ext Root Scanning (ms):   Min:  0.0, Avg:  0.2, Max:  0.8, Diff:  0.8, Sum:  1.3, Workers: 8
[6.420s][debug][gc,phases      ] GC(1)     Scan Heap Roots (ms):     Min:  0.0, Avg:  0.1, Max:  0.2, Diff:  0.2, Sum:  0.7, Workers: 8
[6.420s][debug][gc,phases      ] GC(1)       Scanned Cards:            Min: 0, Avg: 57.5, Max: 158, Diff: 158, Sum: 460, Workers: 8
[6.420s][debug][gc,phases      ] GC(1)       Scanned Blocks:           Min: 0, Avg: 38.6, Max: 102, Diff: 102, Sum: 309, Workers: 8
[6.420s][debug][gc,phases      ] GC(1)       Claimed Chunks:           Min: 0, Avg:  2.6, Max: 7, Diff: 7, Sum: 21, Workers: 8
[6.420s][debug][gc,phases      ] GC(1)     Code Root Scan (ms):      Min:  0.0, Avg:  0.0, Max:  0.0, Diff:  0.0, Sum:  0.0, Workers: 8
[6.420s][debug][gc,phases      ] GC(1)     Object Copy (ms):         Min:  0.0, Avg:  0.1, Max:  0.3, Diff:  0.3, Sum:  0.6, Workers: 8
[6.420s][debug][gc,phases      ] GC(1)     Termination (ms):         Min:  0.0, Avg:  0.3, Max:  0.5, Diff:  0.4, Sum:  2.6, Workers: 8
[6.420s][debug][gc,phases      ] GC(1)       Termination Attempts:     Min: 1, Avg:  1.0, Max: 1, Diff: 0, Sum: 8, Workers: 8
[6.420s][debug][gc,phases      ] GC(1)     GC Worker Other (ms):     Min:  0.0, Avg:  0.0, Max:  0.0, Diff:  0.0, Sum:  0.1, Workers: 8
[6.420s][debug][gc,phases      ] GC(1)     GC Worker Total (ms):     Min:  0.4, Avg:  0.7, Max:  0.9, Diff:  0.5, Sum:  5.3, Workers: 8
[6.420s][info ][gc,phases      ] GC(1)   Post Evacuate Collection Set: 0.2ms
[6.420s][debug][gc,phases      ] GC(1)     Code Roots Fixup: 0.0ms
[6.420s][debug][gc,phases      ] GC(1)     Clear Card Table: 0.0ms
[6.420s][debug][gc,phases      ] GC(1)     Reference Processing: 0.0ms
[6.420s][debug][gc,phases,ref  ] GC(1)       Reconsider SoftReferences: 0.0ms
[6.420s][debug][gc,phases,ref  ] GC(1)         SoftRef (ms):             skipped
[6.420s][debug][gc,phases,ref  ] GC(1)       Notify Soft/WeakReferences: 0.0ms
[6.420s][debug][gc,phases,ref  ] GC(1)         SoftRef (ms):             Min:  0.0, Avg:  0.0, Max:  0.0, Diff:  0.0, Sum:  0.0, Workers: 1
[6.420s][debug][gc,phases,ref  ] GC(1)         WeakRef (ms):             Min:  0.0, Avg:  0.0, Max:  0.0, Diff:  0.0, Sum:  0.0, Workers: 1
[6.420s][debug][gc,phases,ref  ] GC(1)         FinalRef (ms):            Min:  0.0, Avg:  0.0, Max:  0.0, Diff:  0.0, Sum:  0.0, Workers: 1
[6.420s][debug][gc,phases,ref  ] GC(1)         Total (ms):               Min:  0.0, Avg:  0.0, Max:  0.0, Diff:  0.0, Sum:  0.0, Workers: 1
[6.420s][debug][gc,phases,ref  ] GC(1)       Notify and keep alive finalizable: 0.0ms
[6.420s][debug][gc,phases,ref  ] GC(1)         FinalRef (ms):            skipped
[6.420s][debug][gc,phases,ref  ] GC(1)       Notify PhantomReferences: 0.0ms
[6.420s][debug][gc,phases,ref  ] GC(1)         PhantomRef (ms):          Min:  0.0, Avg:  0.0, Max:  0.0, Diff:  0.0, Sum:  0.0, Workers: 1
[6.420s][debug][gc,phases,ref  ] GC(1)       SoftReference:
[6.420s][debug][gc,phases,ref  ] GC(1)         Discovered: 0
[6.420s][debug][gc,phases,ref  ] GC(1)         Cleared: 0
[6.420s][debug][gc,phases,ref  ] GC(1)       WeakReference:
[6.420s][debug][gc,phases,ref  ] GC(1)         Discovered: 6
[6.420s][debug][gc,phases,ref  ] GC(1)         Cleared: 1
[6.420s][debug][gc,phases,ref  ] GC(1)       FinalReference:
[6.420s][debug][gc,phases,ref  ] GC(1)         Discovered: 0
[6.420s][debug][gc,phases,ref  ] GC(1)         Cleared: 0
[6.420s][debug][gc,phases,ref  ] GC(1)       PhantomReference:
[6.420s][debug][gc,phases,ref  ] GC(1)         Discovered: 3
[6.420s][debug][gc,phases,ref  ] GC(1)         Cleared: 1
[6.420s][debug][gc,phases      ] GC(1)     Weak Processing: 0.0ms
[6.420s][debug][gc,phases      ] GC(1)       JVMTI weak processing: 0.0ms
[6.420s][debug][gc,phases      ] GC(1)         Dead: 0
[6.420s][debug][gc,phases      ] GC(1)         Total: 0
[6.420s][debug][gc,phases      ] GC(1)       JFR weak processing: 0.0ms
[6.420s][debug][gc,phases      ] GC(1)         Dead: 0
[6.420s][debug][gc,phases      ] GC(1)         Total: 0
[6.420s][debug][gc,phases      ] GC(1)       JNI weak                  Min:  0.0, Avg:  0.0, Max:  0.0, Diff:  0.0, Sum:  0.0, Workers: 5
[6.420s][debug][gc,phases      ] GC(1)         Dead                      Min: 0, Avg:  0.0, Max: 0, Diff: 0, Sum: 0, Workers: 5
[6.420s][debug][gc,phases      ] GC(1)         Total                     Min: 0, Avg: 12.8, Max: 50, Diff: 50, Sum: 64, Workers: 5
[6.420s][debug][gc,phases      ] GC(1)       VM weak                   Min:  0.0, Avg:  0.0, Max:  0.0, Diff:  0.0, Sum:  0.0, Workers: 5
[6.420s][debug][gc,phases      ] GC(1)         Dead                      Min: 0, Avg:  0.0, Max: 0, Diff: 0, Sum: 0, Workers: 5
[6.420s][debug][gc,phases      ] GC(1)         Total                     Min: 0, Avg: 44.0, Max: 64, Diff: 64, Sum: 220, Workers: 5
[6.420s][debug][gc,phases      ] GC(1)       StringTable weak          Min:  0.0, Avg:  0.0, Max:  0.0, Diff:  0.0, Sum:  0.1, Workers: 5
[6.420s][debug][gc,phases      ] GC(1)         Dead                      Min: 0, Avg:  0.2, Max: 1, Diff: 1, Sum: 1, Workers: 5
[6.420s][debug][gc,phases      ] GC(1)         Total                     Min: 640, Avg: 718.2, Max: 775, Diff: 135, Sum: 3591, Workers: 5
[6.420s][debug][gc,phases      ] GC(1)       ResolvedMethodTable weak  Min:  0.0, Avg:  0.0, Max:  0.0, Diff:  0.0, Sum:  0.0, Workers: 5
[6.420s][debug][gc,phases      ] GC(1)         Dead                      Min: 0, Avg:  0.0, Max: 0, Diff: 0, Sum: 0, Workers: 5
[6.420s][debug][gc,phases      ] GC(1)         Total                     Min: 64, Avg: 116.6, Max: 192, Diff: 128, Sum: 583, Workers: 5
[6.420s][debug][gc,phases      ] GC(1)     Merge Per-Thread State: 0.0ms
[6.420s][debug][gc,phases      ] GC(1)       Copied Bytes              Min: 0, Avg: 64117.0, Max: 403424, Diff: 403424, Sum: 512936, Workers: 8
[6.420s][debug][gc,phases      ] GC(1)       LAB Waste                 Min: 0, Avg:  6.0, Max: 48, Diff: 48, Sum: 48, Workers: 8
[6.420s][debug][gc,phases      ] GC(1)       LAB Undo Waste            Min: 0, Avg: 5546.0, Max: 44368, Diff: 44368, Sum: 44368, Workers: 8
[6.420s][debug][gc,phases      ] GC(1)     Code Roots Purge: 0.0ms
[6.420s][debug][gc,phases      ] GC(1)     Redirty Cards: 0.0ms
[6.420s][debug][gc,phases      ] GC(1)     DerivedPointerTable Update: 0.0ms
[6.420s][debug][gc,phases      ] GC(1)     Free Collection Set: 0.0ms
[6.420s][debug][gc,phases      ] GC(1)     Rebuild Free List: 0.0ms
[6.420s][debug][gc,phases      ] GC(1)     Humongous Reclaim: 0.0ms
[6.420s][debug][gc,phases      ] GC(1)     Start New Collection Set: 0.0ms
[6.420s][debug][gc,phases      ] GC(1)     Resize TLABs: 0.0ms
[6.420s][debug][gc,phases      ] GC(1)     Expand Heap After Collection: 0.0ms
[6.420s][info ][gc,phases      ] GC(1)   Other: 0.5ms
[6.420s][info ][gc,heap        ] GC(1) Eden regions: 8->0(8)
[6.420s][info ][gc,heap        ] GC(1) Survivor regions: 0->1(1)
[6.420s][info ][gc,heap        ] GC(1) Old regions: 6->6
[6.420s][info ][gc,heap        ] GC(1) Archive regions: 2->2
[6.420s][info ][gc,heap        ] GC(1) Humongous regions: 0->0
[6.420s][info ][gc,metaspace   ] GC(1) Metaspace: 10379K(10880K)->10379K(10880K) NonClass: 9178K(9472K)->9178K(9472K) Class: 1201K(1408K)->1201K(1408K)
[6.420s][debug][gc,heap        ] GC(1) Heap after GC invocations=2 (full 1): garbage-first heap   total 27648K, used 4099K [0x0000000700000000, 0x0000000800000000)
[6.420s][debug][gc,heap        ] GC(1)   region size 1024K, 1 young (1024K), 1 survivors (1024K)
[6.420s][debug][gc,heap        ] GC(1)  Metaspace       used 10379K, capacity 10712K, committed 10880K, reserved 1058816K
[6.420s][debug][gc,heap        ] GC(1)   class space    used 1201K, capacity 1338K, committed 1408K, reserved 1048576K
[6.420s][info ][gc             ] GC(1) Pause Young (Normal) (G1 Evacuation Pause) 11M->4M(27M) 2.483ms
[6.420s][info ][gc,cpu         ] GC(1) User=0.01s Sys=0.00s Real=0.00s
[6.420s][info ][safepoint      ] Safepoint "G1CollectForAllocation", Time since last: 33498082 ns, Reaching safepoint: 210564 ns, At safepoint: 2648694 ns, Total: 2859258 ns
[6.437s][debug][gc,heap        ] GC(2) Heap before GC invocations=2 (full 1): garbage-first heap   total 27648K, used 12291K [0x0000000700000000, 0x0000000800000000)
[6.437s][debug][gc,heap        ] GC(2)   region size 1024K, 9 young (9216K), 1 survivors (1024K)
[6.437s][debug][gc,heap        ] GC(2)  Metaspace       used 10379K, capacity 10712K, committed 10880K, reserved 1058816K
[6.437s][debug][gc,heap        ] GC(2)   class space    used 1201K, capacity 1338K, committed 1408K, reserved 1048576K
[6.437s][info ][gc,start       ] GC(2) Pause Young (Normal) (G1 Evacuation Pause)
[6.437s][info ][gc,task        ] GC(2) Using 8 workers of 8 for evacuation
[6.437s][debug][gc,tlab        ] GC(2) TLAB totals: thrds: 10  refills: 290 max: 42 slow allocs: 0 max 0 waste:  4.6% gc: 222688B max: 87376B slow: 164840B max: 24416B fast: 0B max: 0B
[6.437s][debug][gc,age         ] GC(2) Desired survivor size 1048576 bytes, new threshold 15 (max threshold 15)
[6.437s][debug][gc,alloc,region] GC(2) Mutator Allocation stats, regions: 8, wasted size: 0B ( 0.0%)
[6.437s][debug][gc,ergo        ] GC(2) Running G1 Merge Heap Roots using 8 workers for 9 regions
[6.437s][debug][gc,remset      ] GC(2) Visited cards 4096 Total dirty 12288 (33.33%) Total old 53248 (7.69%)
[6.438s][debug][gc,ergo        ] GC(2) Running G1 Clear Card Table Task using 1 workers for 1 units of work for 15 regions.
[6.438s][debug][gc,ref         ] GC(2) Skipped phase1 of Reference Processing due to unavailable references
[6.438s][debug][gc,ref         ] GC(2) Skipped phase3 of Reference Processing due to unavailable references
[6.438s][debug][gc,ref         ] GC(2) Skipped phase4 of Reference Processing due to unavailable references
[6.438s][debug][gc,ergo        ] GC(2) Running G1 Free Collection Set using 8 workers for collection set length 9 (27)
[6.438s][debug][gc,ergo        ] GC(2) Running G1 Rebuild Free List Task using 8 workers for rebuilding free list of 0 (4096) regions
[6.438s][trace][gc,age         ] GC(2) Age table with threshold 15 (max threshold 15)
[6.438s][trace][gc,age         ] GC(2) - age   1:       1304 bytes,       1304 total
[6.438s][trace][gc,age         ] GC(2) - age   2:     510016 bytes,     511320 total
[6.438s][debug][gc,plab        ] GC(2) Young PLAB allocation: allocated: 22704B, wasted: 112B, unused: 6344B, used: 16248B, undo waste: 0B, 
[6.438s][debug][gc,plab        ] GC(2) Young other allocation: region end waste: 0B, regions filled: 1, direct allocated: 495072B, failure used: 0B, failure wasted: 0B
[6.438s][debug][gc,plab        ] GC(2) Young sizing: calculated: 3248B, actual: 3440B
[6.438s][debug][gc,plab        ] GC(2) Old PLAB allocation: allocated: 0B, wasted: 0B, unused: 0B, used: 0B, undo waste: 0B, 
[6.438s][debug][gc,plab        ] GC(2) Old other allocation: region end waste: 0B, regions filled: 0, direct allocated: 0B, failure used: 0B, failure wasted: 0B
[6.438s][debug][gc,plab        ] GC(2) Old sizing: calculated: 0B, actual: 2064B
[6.438s][debug][gc,ihop        ] GC(2) Basic information (value update), threshold: 12740198B (45.00), target occupancy: 28311552B, current occupancy: 4149976B, recent allocation size: 0B, recent allocation duration: 17.70ms, recent old gen allocation rate: 0.00B/s, recent marking phase length: 0.00ms
[6.438s][debug][gc,ihop        ] GC(2) Adaptive IHOP information (value update), threshold: 12740198B (47.37), internal target occupancy: 26895974B, occupancy: 4149976B, additional buffer size: 10485760B, predicted old gen allocation rate: 0.00B/s, predicted marking phase length: 0.00ms, prediction active: false
[6.438s][debug][gc,ergo,refine ] GC(2) Concurrent refinement times: Logged Cards Scan time goal: 20.00ms Logged Cards Scan time: 0.02ms HCC time: 0.00ms
[6.438s][debug][gc,ergo,refine ] GC(2) Updated Refinement Zones: green: 2048, yellow: 6144, red: 10240
[6.438s][info ][gc,phases      ] GC(2)   Pre Evacuate Collection Set: 0.1ms
[6.438s][debug][gc,phases      ] GC(2)     Prepare TLABs: 0.0ms
[6.438s][debug][gc,phases      ] GC(2)     Choose Collection Set: 0.0ms
[6.438s][debug][gc,phases      ] GC(2)     Region Register: 0.1ms
[6.438s][debug][gc,phases      ] GC(2)     Prepare Heap Roots: 0.0ms
[6.438s][info ][gc,phases      ] GC(2)   Merge Heap Roots: 0.1ms
[6.438s][debug][gc,phases      ] GC(2)     Prepare Merge Heap Roots: 0.0ms
[6.438s][debug][gc,phases      ] GC(2)     Eager Reclaim (ms):       skipped
[6.438s][debug][gc,phases      ] GC(2)     Remembered Sets (ms):     Min:  0.0, Avg:  0.0, Max:  0.0, Diff:  0.0, Sum:  0.0, Workers: 8
[6.438s][debug][gc,phases      ] GC(2)       Merged Sparse:            Min: 0, Avg:  0.0, Max: 0, Diff: 0, Sum: 0, Workers: 8
[6.438s][debug][gc,phases      ] GC(2)       Merged Fine:              Min: 0, Avg:  0.0, Max: 0, Diff: 0, Sum: 0, Workers: 8
[6.438s][debug][gc,phases      ] GC(2)       Merged Coarse:            Min: 0, Avg:  0.0, Max: 0, Diff: 0, Sum: 0, Workers: 8
[6.438s][debug][gc,phases      ] GC(2)       Dirty Cards:              Min: 0, Avg:  0.0, Max: 0, Diff: 0, Sum: 0, Workers: 8
[6.438s][debug][gc,phases      ] GC(2)     Hot Card Cache (ms):      Min:  0.0, Avg:  0.0, Max:  0.0, Diff:  0.0, Sum:  0.0, Workers: 8
[6.438s][debug][gc,phases      ] GC(2)       Dirty Cards:              Min: 0, Avg:  0.0, Max: 0, Diff: 0, Sum: 0, Workers: 8
[6.438s][debug][gc,phases      ] GC(2)       Skipped Cards:            Min: 0, Avg:  0.0, Max: 0, Diff: 0, Sum: 0, Workers: 8
[6.438s][debug][gc,phases      ] GC(2)     Log Buffers (ms):         Min:  0.0, Avg:  0.0, Max:  0.0, Diff:  0.0, Sum:  0.0, Workers: 8
[6.438s][debug][gc,phases      ] GC(2)       Dirty Cards:              Min: 0, Avg:  7.2, Max: 17, Diff: 17, Sum: 58, Workers: 8
[6.438s][debug][gc,phases      ] GC(2)       Skipped Cards:            Min: 0, Avg:  0.0, Max: 0, Diff: 0, Sum: 0, Workers: 8
[6.438s][info ][gc,phases      ] GC(2)   Evacuate Collection Set: 0.5ms
[6.438s][debug][gc,phases      ] GC(2)     Ext Root Scanning (ms):   Min:  0.0, Avg:  0.0, Max:  0.1, Diff:  0.1, Sum:  0.3, Workers: 8
[6.438s][debug][gc,phases      ] GC(2)     Scan Heap Roots (ms):     Min:  0.0, Avg:  0.0, Max:  0.0, Diff:  0.0, Sum:  0.1, Workers: 8
[6.438s][debug][gc,phases      ] GC(2)       Scanned Cards:            Min: 0, Avg:  7.2, Max: 15, Diff: 15, Sum: 58, Workers: 8
[6.438s][debug][gc,phases      ] GC(2)       Scanned Blocks:           Min: 0, Avg:  6.0, Max: 11, Diff: 11, Sum: 48, Workers: 8
[6.438s][debug][gc,phases      ] GC(2)       Claimed Chunks:           Min: 0, Avg:  2.0, Max: 5, Diff: 5, Sum: 16, Workers: 8
[6.438s][debug][gc,phases      ] GC(2)     Code Root Scan (ms):      Min:  0.0, Avg:  0.0, Max:  0.0, Diff:  0.0, Sum:  0.0, Workers: 8
[6.438s][debug][gc,phases      ] GC(2)     Object Copy (ms):         Min:  0.0, Avg:  0.1, Max:  0.3, Diff:  0.3, Sum:  0.5, Workers: 8
[6.438s][debug][gc,phases      ] GC(2)     Termination (ms):         Min:  0.0, Avg:  0.2, Max:  0.4, Diff:  0.4, Sum:  2.0, Workers: 8
[6.438s][debug][gc,phases      ] GC(2)       Termination Attempts:     Min: 1, Avg:  1.0, Max: 1, Diff: 0, Sum: 8, Workers: 8
[6.438s][debug][gc,phases      ] GC(2)     GC Worker Other (ms):     Min:  0.0, Avg:  0.0, Max:  0.0, Diff:  0.0, Sum:  0.1, Workers: 8
[6.438s][debug][gc,phases      ] GC(2)     GC Worker Total (ms):     Min:  0.3, Avg:  0.4, Max:  0.5, Diff:  0.2, Sum:  3.1, Workers: 8
[6.438s][info ][gc,phases      ] GC(2)   Post Evacuate Collection Set: 0.3ms
[6.438s][debug][gc,phases      ] GC(2)     Code Roots Fixup: 0.0ms
[6.438s][debug][gc,phases      ] GC(2)     Clear Card Table: 0.0ms
[6.438s][debug][gc,phases      ] GC(2)     Reference Processing: 0.0ms
[6.438s][debug][gc,phases,ref  ] GC(2)       Reconsider SoftReferences: 0.0ms
[6.438s][debug][gc,phases,ref  ] GC(2)         SoftRef (ms):             skipped
[6.438s][debug][gc,phases,ref  ] GC(2)       Notify Soft/WeakReferences: 0.0ms
[6.438s][debug][gc,phases,ref  ] GC(2)         SoftRef (ms):             Min:  0.0, Avg:  0.0, Max:  0.0, Diff:  0.0, Sum:  0.0, Workers: 1
[6.438s][debug][gc,phases,ref  ] GC(2)         WeakRef (ms):             Min:  0.0, Avg:  0.0, Max:  0.0, Diff:  0.0, Sum:  0.0, Workers: 1
[6.438s][debug][gc,phases,ref  ] GC(2)         FinalRef (ms):            Min:  0.0, Avg:  0.0, Max:  0.0, Diff:  0.0, Sum:  0.0, Workers: 1
[6.438s][debug][gc,phases,ref  ] GC(2)         Total (ms):               Min:  0.0, Avg:  0.0, Max:  0.0, Diff:  0.0, Sum:  0.0, Workers: 1
[6.438s][debug][gc,phases,ref  ] GC(2)       Notify and keep alive finalizable: 0.0ms
[6.438s][debug][gc,phases,ref  ] GC(2)         FinalRef (ms):            skipped
[6.438s][debug][gc,phases,ref  ] GC(2)       Notify PhantomReferences: 0.0ms
[6.438s][debug][gc,phases,ref  ] GC(2)         PhantomRef (ms):          skipped
[6.438s][debug][gc,phases,ref  ] GC(2)       SoftReference:
[6.438s][debug][gc,phases,ref  ] GC(2)         Discovered: 0
[6.438s][debug][gc,phases,ref  ] GC(2)         Cleared: 0
[6.438s][debug][gc,phases,ref  ] GC(2)       WeakReference:
[6.438s][debug][gc,phases,ref  ] GC(2)         Discovered: 2
[6.438s][debug][gc,phases,ref  ] GC(2)         Cleared: 0
[6.438s][debug][gc,phases,ref  ] GC(2)       FinalReference:
[6.438s][debug][gc,phases,ref  ] GC(2)         Discovered: 0
[6.438s][debug][gc,phases,ref  ] GC(2)         Cleared: 0
[6.438s][debug][gc,phases,ref  ] GC(2)       PhantomReference:
[6.438s][debug][gc,phases,ref  ] GC(2)         Discovered: 0
[6.438s][debug][gc,phases,ref  ] GC(2)         Cleared: 0
[6.438s][debug][gc,phases      ] GC(2)     Weak Processing: 0.1ms
[6.438s][debug][gc,phases      ] GC(2)       JVMTI weak processing: 0.0ms
[6.438s][debug][gc,phases      ] GC(2)         Dead: 0
[6.438s][debug][gc,phases      ] GC(2)         Total: 0
[6.439s][debug][gc,phases      ] GC(2)       JFR weak processing: 0.0ms
[6.439s][debug][gc,phases      ] GC(2)         Dead: 0
[6.439s][debug][gc,phases      ] GC(2)         Total: 0
[6.439s][debug][gc,phases      ] GC(2)       JNI weak                  Min:  0.0, Avg:  0.0, Max:  0.0, Diff:  0.0, Sum:  0.0, Workers: 5
[6.439s][debug][gc,phases      ] GC(2)         Dead                      Min: 0, Avg:  0.0, Max: 0, Diff: 0, Sum: 0, Workers: 5
[6.439s][debug][gc,phases      ] GC(2)         Total                     Min: 0, Avg: 12.8, Max: 50, Diff: 50, Sum: 64, Workers: 5
[6.439s][debug][gc,phases      ] GC(2)       VM weak                   Min:  0.0, Avg:  0.0, Max:  0.0, Diff:  0.0, Sum:  0.0, Workers: 5
[6.439s][debug][gc,phases      ] GC(2)         Dead                      Min: 0, Avg:  0.0, Max: 0, Diff: 0, Sum: 0, Workers: 5
[6.439s][debug][gc,phases      ] GC(2)         Total                     Min: 0, Avg: 44.0, Max: 92, Diff: 92, Sum: 220, Workers: 5
[6.439s][debug][gc,phases      ] GC(2)       StringTable weak          Min:  0.0, Avg:  0.0, Max:  0.0, Diff:  0.0, Sum:  0.1, Workers: 5
[6.439s][debug][gc,phases      ] GC(2)         Dead                      Min: 0, Avg:  0.0, Max: 0, Diff: 0, Sum: 0, Workers: 5
[6.439s][debug][gc,phases      ] GC(2)         Total                     Min: 0, Avg: 718.2, Max: 1216, Diff: 1216, Sum: 3591, Workers: 5
[6.439s][debug][gc,phases      ] GC(2)       ResolvedMethodTable weak  Min:  0.0, Avg:  0.0, Max:  0.0, Diff:  0.0, Sum:  0.0, Workers: 5
[6.439s][debug][gc,phases      ] GC(2)         Dead                      Min: 0, Avg:  0.0, Max: 0, Diff: 0, Sum: 0, Workers: 5
[6.439s][debug][gc,phases      ] GC(2)         Total                     Min: 0, Avg: 116.6, Max: 199, Diff: 199, Sum: 583, Workers: 5
[6.439s][debug][gc,phases      ] GC(2)     Merge Per-Thread State: 0.0ms
[6.439s][debug][gc,phases      ] GC(2)       Copied Bytes              Min: 0, Avg: 63915.0, Max: 401312, Diff: 401312, Sum: 511320, Workers: 8
[6.439s][debug][gc,phases      ] GC(2)       LAB Waste                 Min: 0, Avg: 14.0, Max: 56, Diff: 56, Sum: 112, Workers: 8
[6.439s][debug][gc,phases      ] GC(2)       LAB Undo Waste            Min: 0, Avg:  0.0, Max: 0, Diff: 0, Sum: 0, Workers: 8
[6.439s][debug][gc,phases      ] GC(2)     Code Roots Purge: 0.0ms
[6.439s][debug][gc,phases      ] GC(2)     Redirty Cards: 0.0ms
[6.439s][debug][gc,phases      ] GC(2)     DerivedPointerTable Update: 0.0ms
[6.439s][debug][gc,phases      ] GC(2)     Free Collection Set: 0.1ms
[6.439s][debug][gc,phases      ] GC(2)     Rebuild Free List: 0.0ms
[6.439s][debug][gc,phases      ] GC(2)     Humongous Reclaim: 0.0ms
[6.439s][debug][gc,phases      ] GC(2)     Start New Collection Set: 0.0ms
[6.439s][debug][gc,phases      ] GC(2)     Resize TLABs: 0.0ms
[6.439s][debug][gc,phases      ] GC(2)     Expand Heap After Collection: 0.0ms
[6.439s][info ][gc,phases      ] GC(2)   Other: 0.2ms
[6.439s][info ][gc,heap        ] GC(2) Eden regions: 8->0(9)
[6.439s][info ][gc,heap        ] GC(2) Survivor regions: 1->1(2)
[6.439s][info ][gc,heap        ] GC(2) Old regions: 6->6
[6.439s][info ][gc,heap        ] GC(2) Archive regions: 2->2
[6.439s][info ][gc,heap        ] GC(2) Humongous regions: 0->0
[6.439s][info ][gc,metaspace   ] GC(2) Metaspace: 10379K(10880K)->10379K(10880K) NonClass: 9178K(9472K)->9178K(9472K) Class: 1201K(1408K)->1201K(1408K)
[6.439s][debug][gc,heap        ] GC(2) Heap after GC invocations=3 (full 1): garbage-first heap   total 27648K, used 4052K [0x0000000700000000, 0x0000000800000000)
[6.439s][debug][gc,heap        ] GC(2)   region size 1024K, 1 young (1024K), 1 survivors (1024K)
[6.439s][debug][gc,heap        ] GC(2)  Metaspace       used 10379K, capacity 10712K, committed 10880K, reserved 1058816K
[6.439s][debug][gc,heap        ] GC(2)   class space    used 1201K, capacity 1338K, committed 1408K, reserved 1048576K
[6.439s][info ][gc             ] GC(2) Pause Young (Normal) (G1 Evacuation Pause) 12M->3M(27M) 1.763ms
[6.439s][info ][gc,cpu         ] GC(2) User=0.00s Sys=0.00s Real=0.00s
[6.439s][info ][safepoint      ] Safepoint "G1CollectForAllocation", Time since last: 16565701 ns, Reaching safepoint: 168173 ns, At safepoint: 1929175 ns, Total: 2097348 ns
[6.456s][debug][gc,heap        ] GC(3) Heap before GC invocations=3 (full 1): garbage-first heap   total 27648K, used 13268K [0x0000000700000000, 0x0000000800000000)
[6.456s][debug][gc,heap        ] GC(3)   region size 1024K, 10 young (10240K), 1 survivors (1024K)
[6.456s][debug][gc,heap        ] GC(3)  Metaspace       used 10385K, capacity 10712K, committed 10880K, reserved 1058816K
[6.456s][debug][gc,heap        ] GC(3)   class space    used 1201K, capacity 1338K, committed 1408K, reserved 1048576K
[6.456s][info ][gc,start       ] GC(3) Pause Young (Normal) (G1 Evacuation Pause)
[6.457s][info ][gc,task        ] GC(3) Using 8 workers of 8 for evacuation
[6.457s][debug][gc,tlab        ] GC(3) TLAB totals: thrds: 8  refills: 333 max: 47 slow allocs: 0 max 0 waste:  2.9% gc: 79040B max: 22128B slow: 191992B max: 26872B fast: 0B max: 0B
[6.457s][debug][gc,age         ] GC(3) Desired survivor size 1048576 bytes, new threshold 15 (max threshold 15)
[6.457s][debug][gc,alloc,region] GC(3) Mutator Allocation stats, regions: 9, wasted size: 0B ( 0.0%)
[6.457s][debug][gc,ergo        ] GC(3) Running G1 Merge Heap Roots using 8 workers for 10 regions
[6.457s][debug][gc,remset      ] GC(3) Visited cards 3840 Total dirty 10240 (37.50%) Total old 57344 (6.70%)
[6.457s][debug][gc,ergo        ] GC(3) Running G1 Clear Card Table Task using 1 workers for 1 units of work for 15 regions.
[6.457s][debug][gc,ref         ] GC(3) Skipped phase1 of Reference Processing due to unavailable references
[6.457s][debug][gc,ref         ] GC(3) Skipped phase3 of Reference Processing due to unavailable references
[6.457s][debug][gc,ergo        ] GC(3) Running G1 Free Collection Set using 8 workers for collection set length 10 (27)
[6.457s][debug][gc,ergo        ] GC(3) Running G1 Rebuild Free List Task using 8 workers for rebuilding free list of 0 (4096) regions
[6.457s][trace][gc,age         ] GC(3) Age table with threshold 15 (max threshold 15)
[6.457s][trace][gc,age         ] GC(3) - age   1:       1000 bytes,       1000 total
[6.457s][trace][gc,age         ] GC(3) - age   2:        328 bytes,       1328 total
[6.457s][trace][gc,age         ] GC(3) - age   3:     510016 bytes,     511344 total
[6.457s][debug][gc,plab        ] GC(3) Young PLAB allocation: allocated: 24768B, wasted: 152B, unused: 8632B, used: 15984B, undo waste: 0B, 
[6.457s][debug][gc,plab        ] GC(3) Young other allocation: region end waste: 0B, regions filled: 1, direct allocated: 495360B, failure used: 0B, failure wasted: 0B
[6.458s][debug][gc,plab        ] GC(3) Young sizing: calculated: 3192B, actual: 3248B
[6.458s][debug][gc,plab        ] GC(3) Old PLAB allocation: allocated: 0B, wasted: 0B, unused: 0B, used: 0B, undo waste: 0B, 
[6.458s][debug][gc,plab        ] GC(3) Old other allocation: region end waste: 0B, regions filled: 0, direct allocated: 0B, failure used: 0B, failure wasted: 0B
[6.458s][debug][gc,plab        ] GC(3) Old sizing: calculated: 0B, actual: 2064B
[6.458s][debug][gc,ihop        ] GC(3) Basic information (value update), threshold: 12740198B (45.00), target occupancy: 28311552B, current occupancy: 4152328B, recent allocation size: 0B, recent allocation duration: 18.47ms, recent old gen allocation rate: 0.00B/s, recent marking phase length: 0.00ms
[6.458s][debug][gc,ihop        ] GC(3) Adaptive IHOP information (value update), threshold: 12740198B (47.37), internal target occupancy: 26895974B, occupancy: 4152328B, additional buffer size: 14680064B, predicted old gen allocation rate: 0.00B/s, predicted marking phase length: 0.00ms, prediction active: false
[6.458s][debug][gc,ergo,refine ] GC(3) Concurrent refinement times: Logged Cards Scan time goal: 20.00ms Logged Cards Scan time: 0.01ms HCC time: 0.00ms
[6.458s][debug][gc,ergo,refine ] GC(3) Updated Refinement Zones: green: 2048, yellow: 6144, red: 10240
[6.458s][info ][gc,phases      ] GC(3)   Pre Evacuate Collection Set: 0.1ms
[6.458s][debug][gc,phases      ] GC(3)     Prepare TLABs: 0.0ms
[6.458s][debug][gc,phases      ] GC(3)     Choose Collection Set: 0.0ms
[6.458s][debug][gc,phases      ] GC(3)     Region Register: 0.0ms
[6.458s][debug][gc,phases      ] GC(3)     Prepare Heap Roots: 0.0ms
[6.458s][info ][gc,phases      ] GC(3)   Merge Heap Roots: 0.1ms
[6.458s][debug][gc,phases      ] GC(3)     Prepare Merge Heap Roots: 0.0ms
[6.458s][debug][gc,phases      ] GC(3)     Eager Reclaim (ms):       skipped
[6.458s][debug][gc,phases      ] GC(3)     Remembered Sets (ms):     Min:  0.0, Avg:  0.0, Max:  0.0, Diff:  0.0, Sum:  0.0, Workers: 8
[6.458s][debug][gc,phases      ] GC(3)       Merged Sparse:            Min: 0, Avg:  0.0, Max: 0, Diff: 0, Sum: 0, Workers: 8
[6.458s][debug][gc,phases      ] GC(3)       Merged Fine:              Min: 0, Avg:  0.0, Max: 0, Diff: 0, Sum: 0, Workers: 8
[6.458s][debug][gc,phases      ] GC(3)       Merged Coarse:            Min: 0, Avg:  0.0, Max: 0, Diff: 0, Sum: 0, Workers: 8
[6.458s][debug][gc,phases      ] GC(3)       Dirty Cards:              Min: 0, Avg:  0.0, Max: 0, Diff: 0, Sum: 0, Workers: 8
[6.458s][debug][gc,phases      ] GC(3)     Hot Card Cache (ms):      Min:  0.0, Avg:  0.0, Max:  0.0, Diff:  0.0, Sum:  0.0, Workers: 8
[6.458s][debug][gc,phases      ] GC(3)       Dirty Cards:              Min: 0, Avg:  0.0, Max: 0, Diff: 0, Sum: 0, Workers: 8
[6.458s][debug][gc,phases      ] GC(3)       Skipped Cards:            Min: 0, Avg:  0.0, Max: 0, Diff: 0, Sum: 0, Workers: 8
[6.458s][debug][gc,phases      ] GC(3)     Log Buffers (ms):         Min:  0.0, Avg:  0.0, Max:  0.0, Diff:  0.0, Sum:  0.0, Workers: 8
[6.458s][debug][gc,phases      ] GC(3)       Dirty Cards:              Min: 0, Avg:  5.9, Max: 19, Diff: 19, Sum: 47, Workers: 8
[6.458s][debug][gc,phases      ] GC(3)       Skipped Cards:            Min: 0, Avg:  0.0, Max: 0, Diff: 0, Sum: 0, Workers: 8
[6.458s][info ][gc,phases      ] GC(3)   Evacuate Collection Set: 0.5ms
[6.458s][debug][gc,phases      ] GC(3)     Ext Root Scanning (ms):   Min:  0.0, Avg:  0.1, Max:  0.1, Diff:  0.1, Sum:  0.4, Workers: 8
[6.458s][debug][gc,phases      ] GC(3)     Scan Heap Roots (ms):     Min:  0.0, Avg:  0.0, Max:  0.0, Diff:  0.0, Sum:  0.1, Workers: 8
[6.458s][debug][gc,phases      ] GC(3)       Scanned Cards:            Min: 0, Avg:  5.5, Max: 13, Diff: 13, Sum: 44, Workers: 8
[6.458s][debug][gc,phases      ] GC(3)       Scanned Blocks:           Min: 0, Avg:  4.5, Max: 10, Diff: 10, Sum: 36, Workers: 8
[6.458s][debug][gc,phases      ] GC(3)       Claimed Chunks:           Min: 0, Avg:  1.9, Max: 3, Diff: 3, Sum: 15, Workers: 8
[6.458s][debug][gc,phases      ] GC(3)     Code Root Scan (ms):      Min:  0.0, Avg:  0.0, Max:  0.0, Diff:  0.0, Sum:  0.0, Workers: 8
[6.458s][debug][gc,phases      ] GC(3)     Object Copy (ms):         Min:  0.0, Avg:  0.1, Max:  0.3, Diff:  0.3, Sum:  0.5, Workers: 8
[6.458s][debug][gc,phases      ] GC(3)     Termination (ms):         Min:  0.0, Avg:  0.2, Max:  0.4, Diff:  0.4, Sum:  1.9, Workers: 8
[6.458s][debug][gc,phases      ] GC(3)       Termination Attempts:     Min: 1, Avg:  1.0, Max: 1, Diff: 0, Sum: 8, Workers: 8
[6.458s][debug][gc,phases      ] GC(3)     GC Worker Other (ms):     Min:  0.0, Avg:  0.0, Max:  0.0, Diff:  0.0, Sum:  0.1, Workers: 8
[6.458s][debug][gc,phases      ] GC(3)     GC Worker Total (ms):     Min:  0.3, Avg:  0.4, Max:  0.5, Diff:  0.1, Sum:  3.0, Workers: 8
[6.458s][info ][gc,phases      ] GC(3)   Post Evacuate Collection Set: 0.2ms
[6.458s][debug][gc,phases      ] GC(3)     Code Roots Fixup: 0.0ms
[6.458s][debug][gc,phases      ] GC(3)     Clear Card Table: 0.0ms
[6.458s][debug][gc,phases      ] GC(3)     Reference Processing: 0.0ms
[6.458s][debug][gc,phases,ref  ] GC(3)       Reconsider SoftReferences: 0.0ms
[6.458s][debug][gc,phases,ref  ] GC(3)         SoftRef (ms):             skipped
[6.458s][debug][gc,phases,ref  ] GC(3)       Notify Soft/WeakReferences: 0.0ms
[6.458s][debug][gc,phases,ref  ] GC(3)         SoftRef (ms):             Min:  0.0, Avg:  0.0, Max:  0.0, Diff:  0.0, Sum:  0.0, Workers: 1
[6.458s][debug][gc,phases,ref  ] GC(3)         WeakRef (ms):             Min:  0.0, Avg:  0.0, Max:  0.0, Diff:  0.0, Sum:  0.0, Workers: 1
[6.458s][debug][gc,phases,ref  ] GC(3)         FinalRef (ms):            Min:  0.0, Avg:  0.0, Max:  0.0, Diff:  0.0, Sum:  0.0, Workers: 1
[6.458s][debug][gc,phases,ref  ] GC(3)         Total (ms):               Min:  0.0, Avg:  0.0, Max:  0.0, Diff:  0.0, Sum:  0.0, Workers: 1
[6.458s][debug][gc,phases,ref  ] GC(3)       Notify and keep alive finalizable: 0.0ms
[6.458s][debug][gc,phases,ref  ] GC(3)         FinalRef (ms):            skipped
[6.458s][debug][gc,phases,ref  ] GC(3)       Notify PhantomReferences: 0.0ms
[6.458s][debug][gc,phases,ref  ] GC(3)         PhantomRef (ms):          Min:  0.0, Avg:  0.0, Max:  0.0, Diff:  0.0, Sum:  0.0, Workers: 1
[6.458s][debug][gc,phases,ref  ] GC(3)       SoftReference:
[6.458s][debug][gc,phases,ref  ] GC(3)         Discovered: 0
[6.458s][debug][gc,phases,ref  ] GC(3)         Cleared: 0
[6.458s][debug][gc,phases,ref  ] GC(3)       WeakReference:
[6.458s][debug][gc,phases,ref  ] GC(3)         Discovered: 7
[6.458s][debug][gc,phases,ref  ] GC(3)         Cleared: 7
[6.458s][debug][gc,phases,ref  ] GC(3)       FinalReference:
[6.458s][debug][gc,phases,ref  ] GC(3)         Discovered: 0
[6.458s][debug][gc,phases,ref  ] GC(3)         Cleared: 0
[6.458s][debug][gc,phases,ref  ] GC(3)       PhantomReference:
[6.458s][debug][gc,phases,ref  ] GC(3)         Discovered: 2
[6.458s][debug][gc,phases,ref  ] GC(3)         Cleared: 2
[6.458s][debug][gc,phases      ] GC(3)     Weak Processing: 0.1ms
[6.458s][debug][gc,phases      ] GC(3)       JVMTI weak processing: 0.0ms
[6.458s][debug][gc,phases      ] GC(3)         Dead: 0
[6.458s][debug][gc,phases      ] GC(3)         Total: 0
[6.458s][debug][gc,phases      ] GC(3)       JFR weak processing: 0.0ms
[6.458s][debug][gc,phases      ] GC(3)         Dead: 0
[6.458s][debug][gc,phases      ] GC(3)         Total: 0
[6.458s][debug][gc,phases      ] GC(3)       JNI weak                  Min:  0.0, Avg:  0.0, Max:  0.0, Diff:  0.0, Sum:  0.0, Workers: 5
[6.458s][debug][gc,phases      ] GC(3)         Dead                      Min: 0, Avg:  0.0, Max: 0, Diff: 0, Sum: 0, Workers: 5
[6.458s][debug][gc,phases      ] GC(3)         Total                     Min: 0, Avg: 13.4, Max: 53, Diff: 53, Sum: 67, Workers: 5
[6.458s][debug][gc,phases      ] GC(3)       VM weak                   Min:  0.0, Avg:  0.0, Max:  0.0, Diff:  0.0, Sum:  0.0, Workers: 5
[6.458s][debug][gc,phases      ] GC(3)         Dead                      Min: 0, Avg:  0.0, Max: 0, Diff: 0, Sum: 0, Workers: 5
[6.458s][debug][gc,phases      ] GC(3)         Total                     Min: 0, Avg: 44.0, Max: 128, Diff: 128, Sum: 220, Workers: 5
[6.458s][debug][gc,phases      ] GC(3)       StringTable weak          Min:  0.0, Avg:  0.0, Max:  0.0, Diff:  0.0, Sum:  0.1, Workers: 5
[6.458s][debug][gc,phases      ] GC(3)         Dead                      Min: 0, Avg:  0.0, Max: 0, Diff: 0, Sum: 0, Workers: 5
[6.458s][debug][gc,phases      ] GC(3)         Total                     Min: 0, Avg: 718.2, Max: 960, Diff: 960, Sum: 3591, Workers: 5
[6.458s][debug][gc,phases      ] GC(3)       ResolvedMethodTable weak  Min:  0.0, Avg:  0.0, Max:  0.0, Diff:  0.0, Sum:  0.0, Workers: 5
[6.458s][debug][gc,phases      ] GC(3)         Dead                      Min: 0, Avg:  0.0, Max: 0, Diff: 0, Sum: 0, Workers: 5
[6.458s][debug][gc,phases      ] GC(3)         Total                     Min: 0, Avg: 116.6, Max: 192, Diff: 192, Sum: 583, Workers: 5
[6.458s][debug][gc,phases      ] GC(3)     Merge Per-Thread State: 0.0ms
[6.458s][debug][gc,phases      ] GC(3)       Copied Bytes              Min: 1712, Avg: 63918.0, Max: 402568, Diff: 400856, Sum: 511344, Workers: 8
[6.458s][debug][gc,phases      ] GC(3)       LAB Waste                 Min: 0, Avg: 19.0, Max: 72, Diff: 72, Sum: 152, Workers: 8
[6.458s][debug][gc,phases      ] GC(3)       LAB Undo Waste            Min: 0, Avg:  0.0, Max: 0, Diff: 0, Sum: 0, Workers: 8
[6.458s][debug][gc,phases      ] GC(3)     Code Roots Purge: 0.0ms
[6.458s][debug][gc,phases      ] GC(3)     Redirty Cards: 0.0ms
[6.458s][debug][gc,phases      ] GC(3)     DerivedPointerTable Update: 0.0ms
[6.458s][debug][gc,phases      ] GC(3)     Free Collection Set: 0.0ms
[6.458s][debug][gc,phases      ] GC(3)     Rebuild Free List: 0.0ms
[6.458s][debug][gc,phases      ] GC(3)     Humongous Reclaim: 0.0ms
[6.458s][debug][gc,phases      ] GC(3)     Start New Collection Set: 0.0ms
[6.458s][debug][gc,phases      ] GC(3)     Resize TLABs: 0.0ms
[6.458s][debug][gc,phases      ] GC(3)     Expand Heap After Collection: 0.0ms
[6.458s][info ][gc,phases      ] GC(3)   Other: 0.3ms
[6.458s][info ][gc,heap        ] GC(3) Eden regions: 9->0(13)
[6.458s][info ][gc,heap        ] GC(3) Survivor regions: 1->1(2)
[6.458s][info ][gc,heap        ] GC(3) Old regions: 6->6
[6.458s][info ][gc,heap        ] GC(3) Archive regions: 2->2
[6.458s][info ][gc,heap        ] GC(3) Humongous regions: 0->0
[6.458s][info ][gc,metaspace   ] GC(3) Metaspace: 10385K(10880K)->10385K(10880K) NonClass: 9183K(9472K)->9183K(9472K) Class: 1201K(1408K)->1201K(1408K)
[6.458s][debug][gc,heap        ] GC(3) Heap after GC invocations=4 (full 1): garbage-first heap   total 27648K, used 4055K [0x0000000700000000, 0x0000000800000000)
[6.458s][debug][gc,heap        ] GC(3)   region size 1024K, 1 young (1024K), 1 survivors (1024K)
[6.458s][debug][gc,heap        ] GC(3)  Metaspace       used 10385K, capacity 10712K, committed 10880K, reserved 1058816K
[6.458s][debug][gc,heap        ] GC(3)   class space    used 1201K, capacity 1338K, committed 1408K, reserved 1048576K
[6.458s][info ][gc             ] GC(3) Pause Young (Normal) (G1 Evacuation Pause) 12M->3M(27M) 1.716ms
[6.458s][info ][gc,cpu         ] GC(3) User=0.01s Sys=0.00s Real=0.00s
[6.458s][info ][safepoint      ] Safepoint "G1CollectForAllocation", Time since last: 17455994 ns, Reaching safepoint: 124714 ns, At safepoint: 1875656 ns, Total: 2000370 ns
[6.485s][debug][gc,heap        ] GC(4) Heap before GC invocations=4 (full 1): garbage-first heap   total 27648K, used 17367K [0x0000000700000000, 0x0000000800000000)
[6.485s][debug][gc,heap        ] GC(4)   region size 1024K, 14 young (14336K), 1 survivors (1024K)
[6.485s][debug][gc,heap        ] GC(4)  Metaspace       used 10385K, capacity 10712K, committed 10880K, reserved 1058816K
[6.485s][debug][gc,heap        ] GC(4)   class space    used 1201K, capacity 1338K, committed 1408K, reserved 1048576K
[6.485s][info ][gc,start       ] GC(4) Pause Young (Normal) (G1 Evacuation Pause)
[6.485s][info ][gc,task        ] GC(4) Using 8 workers of 8 for evacuation
[6.485s][debug][gc,tlab        ] GC(4) TLAB totals: thrds: 8  refills: 366 max: 56 slow allocs: 0 max 0 waste:  1.7% gc: 16032B max: 16032B slow: 213016B max: 32160B fast: 0B max: 0B
[6.485s][debug][gc,age         ] GC(4) Desired survivor size 1048576 bytes, new threshold 15 (max threshold 15)
[6.485s][debug][gc,alloc,region] GC(4) Mutator Allocation stats, regions: 13, wasted size: 0B ( 0.0%)
[6.485s][debug][gc,ergo        ] GC(4) Running G1 Merge Heap Roots using 8 workers for 14 regions
[6.486s][debug][gc,remset      ] GC(4) Visited cards 3840 Total dirty 10240 (37.50%) Total old 73728 (5.21%)
[6.486s][debug][gc,ergo        ] GC(4) Running G1 Clear Card Table Task using 1 workers for 1 units of work for 19 regions.
[6.486s][debug][gc,ref         ] GC(4) Skipped phase1 of Reference Processing due to unavailable references
[6.486s][debug][gc,ref         ] GC(4) Skipped phase2 of Reference Processing due to unavailable references
[6.486s][debug][gc,ref         ] GC(4) Skipped phase3 of Reference Processing due to unavailable references
[6.486s][debug][gc,ref         ] GC(4) Skipped phase4 of Reference Processing due to unavailable references
[6.486s][debug][gc,ergo        ] GC(4) Running G1 Free Collection Set using 8 workers for collection set length 14 (27)
[6.486s][debug][gc,ergo        ] GC(4) Running G1 Rebuild Free List Task using 8 workers for rebuilding free list of 0 (4096) regions
[6.486s][trace][gc,age         ] GC(4) Age table with threshold 15 (max threshold 15)
[6.486s][trace][gc,age         ] GC(4) - age   1:        880 bytes,        880 total
[6.486s][trace][gc,age         ] GC(4) - age   3:        328 bytes,       1208 total
[6.486s][trace][gc,age         ] GC(4) - age   4:     510016 bytes,     511224 total
[6.486s][debug][gc,plab        ] GC(4) Young PLAB allocation: allocated: 26832B, wasted: 192B, unused: 10408B, used: 16232B, undo waste: 0B, 
[6.486s][debug][gc,plab        ] GC(4) Young other allocation: region end waste: 0B, regions filled: 1, direct allocated: 494992B, failure used: 0B, failure wasted: 0B
[6.486s][debug][gc,plab        ] GC(4) Young sizing: calculated: 3240B, actual: 3240B
[6.486s][debug][gc,plab        ] GC(4) Old PLAB allocation: allocated: 0B, wasted: 0B, unused: 0B, used: 0B, undo waste: 0B, 
[6.486s][debug][gc,plab        ] GC(4) Old other allocation: region end waste: 0B, regions filled: 0, direct allocated: 0B, failure used: 0B, failure wasted: 0B
[6.486s][debug][gc,plab        ] GC(4) Old sizing: calculated: 0B, actual: 2064B
[6.486s][debug][gc,ihop        ] GC(4) Basic information (value update), threshold: 12740198B (45.00), target occupancy: 28311552B, current occupancy: 4154024B, recent allocation size: 0B, recent allocation duration: 27.84ms, recent old gen allocation rate: 0.00B/s, recent marking phase length: 0.00ms
[6.486s][debug][gc,ihop        ] GC(4) Adaptive IHOP information (value update), threshold: 12740198B (47.37), internal target occupancy: 26895974B, occupancy: 4154024B, additional buffer size: 15728640B, predicted old gen allocation rate: 0.00B/s, predicted marking phase length: 0.00ms, prediction active: false
[6.486s][debug][gc,ergo,refine ] GC(4) Concurrent refinement times: Logged Cards Scan time goal: 20.00ms Logged Cards Scan time: 0.01ms HCC time: 0.00ms
[6.486s][debug][gc,ergo,refine ] GC(4) Updated Refinement Zones: green: 2048, yellow: 6144, red: 10240
[6.486s][info ][gc,phases      ] GC(4)   Pre Evacuate Collection Set: 0.1ms
[6.486s][debug][gc,phases      ] GC(4)     Prepare TLABs: 0.0ms
[6.486s][debug][gc,phases      ] GC(4)     Choose Collection Set: 0.0ms
[6.486s][debug][gc,phases      ] GC(4)     Region Register: 0.1ms
[6.486s][debug][gc,phases      ] GC(4)     Prepare Heap Roots: 0.0ms
[6.486s][info ][gc,phases      ] GC(4)   Merge Heap Roots: 0.1ms
[6.486s][debug][gc,phases      ] GC(4)     Prepare Merge Heap Roots: 0.0ms
[6.486s][debug][gc,phases      ] GC(4)     Eager Reclaim (ms):       skipped
[6.486s][debug][gc,phases      ] GC(4)     Remembered Sets (ms):     Min:  0.0, Avg:  0.0, Max:  0.0, Diff:  0.0, Sum:  0.0, Workers: 8
[6.486s][debug][gc,phases      ] GC(4)       Merged Sparse:            Min: 0, Avg:  0.0, Max: 0, Diff: 0, Sum: 0, Workers: 8
[6.486s][debug][gc,phases      ] GC(4)       Merged Fine:              Min: 0, Avg:  0.0, Max: 0, Diff: 0, Sum: 0, Workers: 8
[6.486s][debug][gc,phases      ] GC(4)       Merged Coarse:            Min: 0, Avg:  0.0, Max: 0, Diff: 0, Sum: 0, Workers: 8
[6.487s][debug][gc,phases      ] GC(4)       Dirty Cards:              Min: 0, Avg:  0.0, Max: 0, Diff: 0, Sum: 0, Workers: 8
[6.487s][debug][gc,phases      ] GC(4)     Hot Card Cache (ms):      Min:  0.0, Avg:  0.0, Max:  0.0, Diff:  0.0, Sum:  0.0, Workers: 8
[6.487s][debug][gc,phases      ] GC(4)       Dirty Cards:              Min: 0, Avg:  0.0, Max: 0, Diff: 0, Sum: 0, Workers: 8
[6.487s][debug][gc,phases      ] GC(4)       Skipped Cards:            Min: 0, Avg:  0.0, Max: 0, Diff: 0, Sum: 0, Workers: 8
[6.487s][debug][gc,phases      ] GC(4)     Log Buffers (ms):         Min:  0.0, Avg:  0.0, Max:  0.0, Diff:  0.0, Sum:  0.0, Workers: 8
[6.487s][debug][gc,phases      ] GC(4)       Dirty Cards:              Min: 0, Avg:  5.9, Max: 20, Diff: 20, Sum: 47, Workers: 8
[6.487s][debug][gc,phases      ] GC(4)       Skipped Cards:            Min: 0, Avg:  0.0, Max: 0, Diff: 0, Sum: 0, Workers: 8
[6.487s][info ][gc,phases      ] GC(4)   Evacuate Collection Set: 0.5ms
[6.487s][debug][gc,phases      ] GC(4)     Ext Root Scanning (ms):   Min:  0.0, Avg:  0.0, Max:  0.1, Diff:  0.1, Sum:  0.3, Workers: 8
[6.487s][debug][gc,phases      ] GC(4)     Scan Heap Roots (ms):     Min:  0.0, Avg:  0.0, Max:  0.0, Diff:  0.0, Sum:  0.1, Workers: 8
[6.487s][debug][gc,phases      ] GC(4)       Scanned Cards:            Min: 0, Avg:  5.5, Max: 11, Diff: 11, Sum: 44, Workers: 8
[6.487s][debug][gc,phases      ] GC(4)       Scanned Blocks:           Min: 0, Avg:  4.5, Max: 9, Diff: 9, Sum: 36, Workers: 8
[6.487s][debug][gc,phases      ] GC(4)       Claimed Chunks:           Min: 0, Avg:  1.9, Max: 5, Diff: 5, Sum: 15, Workers: 8
[6.487s][debug][gc,phases      ] GC(4)     Code Root Scan (ms):      Min:  0.0, Avg:  0.0, Max:  0.0, Diff:  0.0, Sum:  0.0, Workers: 8
[6.487s][debug][gc,phases      ] GC(4)     Object Copy (ms):         Min:  0.0, Avg:  0.1, Max:  0.2, Diff:  0.2, Sum:  0.5, Workers: 8
[6.487s][debug][gc,phases      ] GC(4)     Termination (ms):         Min:  0.0, Avg:  0.2, Max:  0.4, Diff:  0.4, Sum:  1.7, Workers: 8
[6.487s][debug][gc,phases      ] GC(4)       Termination Attempts:     Min: 1, Avg:  1.0, Max: 1, Diff: 0, Sum: 8, Workers: 8
[6.487s][debug][gc,phases      ] GC(4)     GC Worker Other (ms):     Min:  0.0, Avg:  0.0, Max:  0.0, Diff:  0.0, Sum:  0.1, Workers: 8
[6.487s][debug][gc,phases      ] GC(4)     GC Worker Total (ms):     Min:  0.2, Avg:  0.3, Max:  0.5, Diff:  0.3, Sum:  2.7, Workers: 8
[6.487s][info ][gc,phases      ] GC(4)   Post Evacuate Collection Set: 0.2ms
[6.487s][debug][gc,phases      ] GC(4)     Code Roots Fixup: 0.0ms
[6.487s][debug][gc,phases      ] GC(4)     Clear Card Table: 0.0ms
[6.487s][debug][gc,phases      ] GC(4)     Reference Processing: 0.0ms
[6.487s][debug][gc,phases,ref  ] GC(4)       Reconsider SoftReferences: 0.0ms
[6.487s][debug][gc,phases,ref  ] GC(4)         SoftRef (ms):             skipped
[6.487s][debug][gc,phases,ref  ] GC(4)       Notify Soft/WeakReferences: 0.0ms
[6.487s][debug][gc,phases,ref  ] GC(4)         SoftRef (ms):             skipped
[6.487s][debug][gc,phases,ref  ] GC(4)         WeakRef (ms):             skipped
[6.487s][debug][gc,phases,ref  ] GC(4)         FinalRef (ms):            skipped
[6.487s][debug][gc,phases,ref  ] GC(4)         Total (ms):               skipped
[6.487s][debug][gc,phases,ref  ] GC(4)       Notify and keep alive finalizable: 0.0ms
[6.487s][debug][gc,phases,ref  ] GC(4)         FinalRef (ms):            skipped
[6.487s][debug][gc,phases,ref  ] GC(4)       Notify PhantomReferences: 0.0ms
[6.487s][debug][gc,phases,ref  ] GC(4)         PhantomRef (ms):          skipped
[6.487s][debug][gc,phases,ref  ] GC(4)       SoftReference:
[6.487s][debug][gc,phases,ref  ] GC(4)         Discovered: 0
[6.487s][debug][gc,phases,ref  ] GC(4)         Cleared: 0
[6.487s][debug][gc,phases,ref  ] GC(4)       WeakReference:
[6.487s][debug][gc,phases,ref  ] GC(4)         Discovered: 0
[6.487s][debug][gc,phases,ref  ] GC(4)         Cleared: 0
[6.487s][debug][gc,phases,ref  ] GC(4)       FinalReference:
[6.487s][debug][gc,phases,ref  ] GC(4)         Discovered: 0
[6.487s][debug][gc,phases,ref  ] GC(4)         Cleared: 0
[6.487s][debug][gc,phases,ref  ] GC(4)       PhantomReference:
[6.487s][debug][gc,phases,ref  ] GC(4)         Discovered: 0
[6.487s][debug][gc,phases,ref  ] GC(4)         Cleared: 0
[6.487s][debug][gc,phases      ] GC(4)     Weak Processing: 0.0ms
[6.487s][debug][gc,phases      ] GC(4)       JVMTI weak processing: 0.0ms
[6.487s][debug][gc,phases      ] GC(4)         Dead: 0
[6.487s][debug][gc,phases      ] GC(4)         Total: 0
[6.487s][debug][gc,phases      ] GC(4)       JFR weak processing: 0.0ms
[6.487s][debug][gc,phases      ] GC(4)         Dead: 0
[6.487s][debug][gc,phases      ] GC(4)         Total: 0
[6.487s][debug][gc,phases      ] GC(4)       JNI weak                  Min:  0.0, Avg:  0.0, Max:  0.0, Diff:  0.0, Sum:  0.0, Workers: 5
[6.487s][debug][gc,phases      ] GC(4)         Dead                      Min: 0, Avg:  0.0, Max: 0, Diff: 0, Sum: 0, Workers: 5
[6.487s][debug][gc,phases      ] GC(4)         Total                     Min: 0, Avg: 13.4, Max: 53, Diff: 53, Sum: 67, Workers: 5
[6.487s][debug][gc,phases      ] GC(4)       VM weak                   Min:  0.0, Avg:  0.0, Max:  0.0, Diff:  0.0, Sum:  0.0, Workers: 5
[6.487s][debug][gc,phases      ] GC(4)         Dead                      Min: 0, Avg:  0.0, Max: 0, Diff: 0, Sum: 0, Workers: 5
[6.487s][debug][gc,phases      ] GC(4)         Total                     Min: 0, Avg: 44.0, Max: 128, Diff: 128, Sum: 220, Workers: 5
[6.487s][debug][gc,phases      ] GC(4)       StringTable weak          Min:  0.0, Avg:  0.0, Max:  0.0, Diff:  0.0, Sum:  0.1, Workers: 5
[6.487s][debug][gc,phases      ] GC(4)         Dead                      Min: 0, Avg:  0.0, Max: 0, Diff: 0, Sum: 0, Workers: 5
[6.487s][debug][gc,phases      ] GC(4)         Total                     Min: 704, Avg: 718.2, Max: 767, Diff: 63, Sum: 3591, Workers: 5
[6.487s][debug][gc,phases      ] GC(4)       ResolvedMethodTable weak  Min:  0.0, Avg:  0.0, Max:  0.0, Diff:  0.0, Sum:  0.0, Workers: 5
[6.487s][debug][gc,phases      ] GC(4)         Dead                      Min: 0, Avg:  0.0, Max: 0, Diff: 0, Sum: 0, Workers: 5
[6.487s][debug][gc,phases      ] GC(4)         Total                     Min: 64, Avg: 116.6, Max: 192, Diff: 128, Sum: 583, Workers: 5
[6.487s][debug][gc,phases      ] GC(4)     Merge Per-Thread State: 0.0ms
[6.487s][debug][gc,phases      ] GC(4)       Copied Bytes              Min: 0, Avg: 63903.0, Max: 401368, Diff: 401368, Sum: 511224, Workers: 8
[6.487s][debug][gc,phases      ] GC(4)       LAB Waste                 Min: 0, Avg: 24.0, Max: 56, Diff: 56, Sum: 192, Workers: 8
[6.487s][debug][gc,phases      ] GC(4)       LAB Undo Waste            Min: 0, Avg:  0.0, Max: 0, Diff: 0, Sum: 0, Workers: 8
[6.487s][debug][gc,phases      ] GC(4)     Code Roots Purge: 0.0ms
[6.487s][debug][gc,phases      ] GC(4)     Redirty Cards: 0.0ms
[6.487s][debug][gc,phases      ] GC(4)     DerivedPointerTable Update: 0.0ms
[6.487s][debug][gc,phases      ] GC(4)     Free Collection Set: 0.0ms
[6.487s][debug][gc,phases      ] GC(4)     Rebuild Free List: 0.0ms
[6.487s][debug][gc,phases      ] GC(4)     Humongous Reclaim: 0.0ms
[6.487s][debug][gc,phases      ] GC(4)     Start New Collection Set: 0.0ms
[6.487s][debug][gc,phases      ] GC(4)     Resize TLABs: 0.0ms
[6.487s][debug][gc,phases      ] GC(4)     Expand Heap After Collection: 0.0ms
[6.487s][info ][gc,phases      ] GC(4)   Other: 0.3ms
[6.487s][info ][gc,heap        ] GC(4) Eden regions: 13->0(14)
[6.487s][info ][gc,heap        ] GC(4) Survivor regions: 1->1(2)
[6.487s][info ][gc,heap        ] GC(4) Old regions: 6->6
[6.487s][info ][gc,heap        ] GC(4) Archive regions: 2->2
[6.487s][info ][gc,heap        ] GC(4) Humongous regions: 0->0
[6.487s][info ][gc,metaspace   ] GC(4) Metaspace: 10385K(10880K)->10385K(10880K) NonClass: 9183K(9472K)->9183K(9472K) Class: 1201K(1408K)->1201K(1408K)
[6.487s][debug][gc,heap        ] GC(4) Heap after GC invocations=5 (full 1): garbage-first heap   total 27648K, used 4056K [0x0000000700000000, 0x0000000800000000)
[6.487s][debug][gc,heap        ] GC(4)   region size 1024K, 1 young (1024K), 1 survivors (1024K)
[6.487s][debug][gc,heap        ] GC(4)  Metaspace       used 10385K, capacity 10712K, committed 10880K, reserved 1058816K
[6.487s][debug][gc,heap        ] GC(4)   class space    used 1201K, capacity 1338K, committed 1408K, reserved 1048576K
[6.487s][info ][gc             ] GC(4) Pause Young (Normal) (G1 Evacuation Pause) 16M->3M(27M) 1.804ms
[6.487s][info ][gc,cpu         ] GC(4) User=0.00s Sys=0.00s Real=0.01s
[6.487s][info ][safepoint      ] Safepoint "G1CollectForAllocation", Time since last: 26825866 ns, Reaching safepoint: 133665 ns, At safepoint: 1959855 ns, Total: 2093520 ns
[6.515s][debug][gc,heap        ] GC(5) Heap before GC invocations=5 (full 1): garbage-first heap   total 27648K, used 18392K [0x0000000700000000, 0x0000000800000000)
[6.515s][debug][gc,heap        ] GC(5)   region size 1024K, 15 young (15360K), 1 survivors (1024K)
[6.515s][debug][gc,heap        ] GC(5)  Metaspace       used 10385K, capacity 10712K, committed 10880K, reserved 1058816K
[6.515s][debug][gc,heap        ] GC(5)   class space    used 1201K, capacity 1338K, committed 1408K, reserved 1048576K
[6.515s][info ][gc,start       ] GC(5) Pause Young (Normal) (G1 Evacuation Pause)
[6.515s][info ][gc,task        ] GC(5) Using 8 workers of 8 for evacuation
[6.515s][debug][gc,tlab        ] GC(5) TLAB totals: thrds: 8  refills: 381 max: 55 slow allocs: 0 max 0 waste:  2.3% gc: 113472B max: 32768B slow: 218272B max: 31360B fast: 0B max: 0B
[6.515s][debug][gc,age         ] GC(5) Desired survivor size 1048576 bytes, new threshold 15 (max threshold 15)
[6.515s][debug][gc,alloc,region] GC(5) Mutator Allocation stats, regions: 14, wasted size: 1712B ( 0.0%)
[6.515s][debug][gc,ergo        ] GC(5) Running G1 Merge Heap Roots using 8 workers for 15 regions
[6.515s][debug][gc,remset      ] GC(5) Visited cards 3840 Total dirty 10240 (37.50%) Total old 77824 (4.93%)
[6.516s][debug][gc,ergo        ] GC(5) Running G1 Clear Card Table Task using 1 workers for 1 units of work for 20 regions.
[6.516s][debug][gc,ref         ] GC(5) Skipped phase1 of Reference Processing due to unavailable references
[6.516s][debug][gc,ref         ] GC(5) Skipped phase2 of Reference Processing due to unavailable references
[6.516s][debug][gc,ref         ] GC(5) Skipped phase3 of Reference Processing due to unavailable references
[6.516s][debug][gc,ergo        ] GC(5) Running G1 Free Collection Set using 8 workers for collection set length 15 (27)
[6.516s][debug][gc,ergo        ] GC(5) Running G1 Rebuild Free List Task using 8 workers for rebuilding free list of 0 (4096) regions
[6.516s][trace][gc,age         ] GC(5) Age table with threshold 15 (max threshold 15)
[6.516s][trace][gc,age         ] GC(5) - age   1:       1056 bytes,       1056 total
[6.516s][trace][gc,age         ] GC(5) - age   4:        328 bytes,       1384 total
[6.516s][trace][gc,age         ] GC(5) - age   5:     510016 bytes,     511400 total
[6.516s][debug][gc,plab        ] GC(5) Young PLAB allocation: allocated: 24768B, wasted: 200B, unused: 8240B, used: 16328B, undo waste: 0B, 
[6.516s][debug][gc,plab        ] GC(5) Young other allocation: region end waste: 0B, regions filled: 1, direct allocated: 495072B, failure used: 0B, failure wasted: 0B
[6.516s][debug][gc,plab        ] GC(5) Young sizing: calculated: 3264B, actual: 3256B
[6.516s][debug][gc,plab        ] GC(5) Old PLAB allocation: allocated: 0B, wasted: 0B, unused: 0B, used: 0B, undo waste: 0B, 
[6.516s][debug][gc,plab        ] GC(5) Old other allocation: region end waste: 0B, regions filled: 0, direct allocated: 0B, failure used: 0B, failure wasted: 0B
[6.516s][debug][gc,plab        ] GC(5) Old sizing: calculated: 0B, actual: 2064B
[6.516s][debug][gc,ihop        ] GC(5) Basic information (value update), threshold: 12740198B (45.00), target occupancy: 28311552B, current occupancy: 4152040B, recent allocation size: 0B, recent allocation duration: 28.67ms, recent old gen allocation rate: 0.00B/s, recent marking phase length: 0.00ms
[6.516s][debug][gc,ihop        ] GC(5) Adaptive IHOP information (value update), threshold: 12740198B (47.37), internal target occupancy: 26895974B, occupancy: 4152040B, additional buffer size: 15728640B, predicted old gen allocation rate: 0.00B/s, predicted marking phase length: 0.00ms, prediction active: false
[6.516s][debug][gc,ergo,refine ] GC(5) Concurrent refinement times: Logged Cards Scan time goal: 20.00ms Logged Cards Scan time: 0.02ms HCC time: 0.00ms
[6.516s][debug][gc,ergo,refine ] GC(5) Updated Refinement Zones: green: 2048, yellow: 6144, red: 10240
[6.516s][info ][gc,phases      ] GC(5)   Pre Evacuate Collection Set: 0.1ms
[6.516s][debug][gc,phases      ] GC(5)     Prepare TLABs: 0.0ms
[6.517s][debug][gc,phases      ] GC(5)     Choose Collection Set: 0.0ms
[6.517s][debug][gc,phases      ] GC(5)     Region Register: 0.1ms
[6.517s][debug][gc,phases      ] GC(5)     Prepare Heap Roots: 0.0ms
[6.517s][info ][gc,phases      ] GC(5)   Merge Heap Roots: 0.1ms
[6.517s][debug][gc,phases      ] GC(5)     Prepare Merge Heap Roots: 0.0ms
[6.517s][debug][gc,phases      ] GC(5)     Eager Reclaim (ms):       skipped
[6.517s][debug][gc,phases      ] GC(5)     Remembered Sets (ms):     Min:  0.0, Avg:  0.0, Max:  0.0, Diff:  0.0, Sum:  0.0, Workers: 8
[6.517s][debug][gc,phases      ] GC(5)       Merged Sparse:            Min: 0, Avg:  0.0, Max: 0, Diff: 0, Sum: 0, Workers: 8
[6.517s][debug][gc,phases      ] GC(5)       Merged Fine:              Min: 0, Avg:  0.0, Max: 0, Diff: 0, Sum: 0, Workers: 8
[6.517s][debug][gc,phases      ] GC(5)       Merged Coarse:            Min: 0, Avg:  0.0, Max: 0, Diff: 0, Sum: 0, Workers: 8
[6.517s][debug][gc,phases      ] GC(5)       Dirty Cards:              Min: 0, Avg:  0.0, Max: 0, Diff: 0, Sum: 0, Workers: 8
[6.517s][debug][gc,phases      ] GC(5)     Hot Card Cache (ms):      Min:  0.0, Avg:  0.0, Max:  0.0, Diff:  0.0, Sum:  0.0, Workers: 8
[6.517s][debug][gc,phases      ] GC(5)       Dirty Cards:              Min: 0, Avg:  0.0, Max: 0, Diff: 0, Sum: 0, Workers: 8
[6.517s][debug][gc,phases      ] GC(5)       Skipped Cards:            Min: 0, Avg:  0.0, Max: 0, Diff: 0, Sum: 0, Workers: 8
[6.517s][debug][gc,phases      ] GC(5)     Log Buffers (ms):         Min:  0.0, Avg:  0.0, Max:  0.0, Diff:  0.0, Sum:  0.0, Workers: 8
[6.517s][debug][gc,phases      ] GC(5)       Dirty Cards:              Min: 0, Avg:  5.5, Max: 16, Diff: 16, Sum: 44, Workers: 8
[6.517s][debug][gc,phases      ] GC(5)       Skipped Cards:            Min: 0, Avg:  0.0, Max: 0, Diff: 0, Sum: 0, Workers: 8
[6.517s][info ][gc,phases      ] GC(5)   Evacuate Collection Set: 0.6ms
[6.517s][debug][gc,phases      ] GC(5)     Ext Root Scanning (ms):   Min:  0.0, Avg:  0.0, Max:  0.1, Diff:  0.1, Sum:  0.3, Workers: 8
[6.517s][debug][gc,phases      ] GC(5)     Scan Heap Roots (ms):     Min:  0.0, Avg:  0.0, Max:  0.0, Diff:  0.0, Sum:  0.1, Workers: 8
[6.517s][debug][gc,phases      ] GC(5)       Scanned Cards:            Min: 0, Avg:  5.5, Max: 11, Diff: 11, Sum: 44, Workers: 8
[6.517s][debug][gc,phases      ] GC(5)       Scanned Blocks:           Min: 0, Avg:  4.5, Max: 7, Diff: 7, Sum: 36, Workers: 8
[6.517s][debug][gc,phases      ] GC(5)       Claimed Chunks:           Min: 0, Avg:  1.9, Max: 3, Diff: 3, Sum: 15, Workers: 8
[6.517s][debug][gc,phases      ] GC(5)     Code Root Scan (ms):      Min:  0.0, Avg:  0.0, Max:  0.0, Diff:  0.0, Sum:  0.0, Workers: 8
[6.517s][debug][gc,phases      ] GC(5)     Object Copy (ms):         Min:  0.0, Avg:  0.1, Max:  0.4, Diff:  0.4, Sum:  0.7, Workers: 8
[6.517s][debug][gc,phases      ] GC(5)     Termination (ms):         Min:  0.0, Avg:  0.4, Max:  0.4, Diff:  0.4, Sum:  2.8, Workers: 8
[6.517s][debug][gc,phases      ] GC(5)       Termination Attempts:     Min: 1, Avg:  1.0, Max: 1, Diff: 0, Sum: 8, Workers: 8
[6.517s][debug][gc,phases      ] GC(5)     GC Worker Other (ms):     Min:  0.0, Avg:  0.0, Max:  0.0, Diff:  0.0, Sum:  0.1, Workers: 8
[6.517s][debug][gc,phases      ] GC(5)     GC Worker Total (ms):     Min:  0.4, Avg:  0.5, Max:  0.6, Diff:  0.1, Sum:  3.9, Workers: 8
[6.517s][info ][gc,phases      ] GC(5)   Post Evacuate Collection Set: 0.3ms
[6.517s][debug][gc,phases      ] GC(5)     Code Roots Fixup: 0.0ms
[6.517s][debug][gc,phases      ] GC(5)     Clear Card Table: 0.0ms
[6.517s][debug][gc,phases      ] GC(5)     Reference Processing: 0.0ms
[6.517s][debug][gc,phases,ref  ] GC(5)       Reconsider SoftReferences: 0.0ms
[6.517s][debug][gc,phases,ref  ] GC(5)         SoftRef (ms):             skipped
[6.517s][debug][gc,phases,ref  ] GC(5)       Notify Soft/WeakReferences: 0.0ms
[6.517s][debug][gc,phases,ref  ] GC(5)         SoftRef (ms):             skipped
[6.517s][debug][gc,phases,ref  ] GC(5)         WeakRef (ms):             skipped
[6.517s][debug][gc,phases,ref  ] GC(5)         FinalRef (ms):            skipped
[6.517s][debug][gc,phases,ref  ] GC(5)         Total (ms):               skipped
[6.517s][debug][gc,phases,ref  ] GC(5)       Notify and keep alive finalizable: 0.0ms
[6.517s][debug][gc,phases,ref  ] GC(5)         FinalRef (ms):            skipped
[6.517s][debug][gc,phases,ref  ] GC(5)       Notify PhantomReferences: 0.0ms
[6.517s][debug][gc,phases,ref  ] GC(5)         PhantomRef (ms):          Min:  0.0, Avg:  0.0, Max:  0.0, Diff:  0.0, Sum:  0.0, Workers: 1
[6.517s][debug][gc,phases,ref  ] GC(5)       SoftReference:
[6.517s][debug][gc,phases,ref  ] GC(5)         Discovered: 0
[6.517s][debug][gc,phases,ref  ] GC(5)         Cleared: 0
[6.517s][debug][gc,phases,ref  ] GC(5)       WeakReference:
[6.517s][debug][gc,phases,ref  ] GC(5)         Discovered: 0
[6.517s][debug][gc,phases,ref  ] GC(5)         Cleared: 0
[6.517s][debug][gc,phases,ref  ] GC(5)       FinalReference:
[6.517s][debug][gc,phases,ref  ] GC(5)         Discovered: 0
[6.517s][debug][gc,phases,ref  ] GC(5)         Cleared: 0
[6.517s][debug][gc,phases,ref  ] GC(5)       PhantomReference:
[6.517s][debug][gc,phases,ref  ] GC(5)         Discovered: 2
[6.517s][debug][gc,phases,ref  ] GC(5)         Cleared: 2
[6.517s][debug][gc,phases      ] GC(5)     Weak Processing: 0.0ms
[6.517s][debug][gc,phases      ] GC(5)       JVMTI weak processing: 0.0ms
[6.517s][debug][gc,phases      ] GC(5)         Dead: 0
[6.517s][debug][gc,phases      ] GC(5)         Total: 0
[6.517s][debug][gc,phases      ] GC(5)       JFR weak processing: 0.0ms
[6.517s][debug][gc,phases      ] GC(5)         Dead: 0
[6.517s][debug][gc,phases      ] GC(5)         Total: 0
[6.517s][debug][gc,phases      ] GC(5)       JNI weak                  Min:  0.0, Avg:  0.0, Max:  0.0, Diff:  0.0, Sum:  0.0, Workers: 5
[6.517s][debug][gc,phases      ] GC(5)         Dead                      Min: 0, Avg:  0.0, Max: 0, Diff: 0, Sum: 0, Workers: 5
[6.517s][debug][gc,phases      ] GC(5)         Total                     Min: 0, Avg: 13.6, Max: 54, Diff: 54, Sum: 68, Workers: 5
[6.517s][debug][gc,phases      ] GC(5)       VM weak                   Min:  0.0, Avg:  0.0, Max:  0.0, Diff:  0.0, Sum:  0.0, Workers: 5
[6.517s][debug][gc,phases      ] GC(5)         Dead                      Min: 0, Avg:  0.0, Max: 0, Diff: 0, Sum: 0, Workers: 5
[6.517s][debug][gc,phases      ] GC(5)         Total                     Min: 0, Avg: 44.0, Max: 92, Diff: 92, Sum: 220, Workers: 5
[6.517s][debug][gc,phases      ] GC(5)       StringTable weak          Min:  0.0, Avg:  0.0, Max:  0.0, Diff:  0.0, Sum:  0.1, Workers: 5
[6.517s][debug][gc,phases      ] GC(5)         Dead                      Min: 0, Avg:  0.0, Max: 0, Diff: 0, Sum: 0, Workers: 5
[6.517s][debug][gc,phases      ] GC(5)         Total                     Min: 0, Avg: 718.2, Max: 1287, Diff: 1287, Sum: 3591, Workers: 5
[6.517s][debug][gc,phases      ] GC(5)       ResolvedMethodTable weak  Min:  0.0, Avg:  0.0, Max:  0.0, Diff:  0.0, Sum:  0.0, Workers: 5
[6.517s][debug][gc,phases      ] GC(5)         Dead                      Min: 0, Avg:  0.0, Max: 0, Diff: 0, Sum: 0, Workers: 5
[6.517s][debug][gc,phases      ] GC(5)         Total                     Min: 0, Avg: 116.6, Max: 256, Diff: 256, Sum: 583, Workers: 5
[6.517s][debug][gc,phases      ] GC(5)     Merge Per-Thread State: 0.0ms
[6.517s][debug][gc,phases      ] GC(5)       Copied Bytes              Min: 0, Avg: 63925.0, Max: 402848, Diff: 402848, Sum: 511400, Workers: 8
[6.517s][debug][gc,phases      ] GC(5)       LAB Waste                 Min: 0, Avg: 25.0, Max: 56, Diff: 56, Sum: 200, Workers: 8
[6.517s][debug][gc,phases      ] GC(5)       LAB Undo Waste            Min: 0, Avg:  0.0, Max: 0, Diff: 0, Sum: 0, Workers: 8
[6.517s][debug][gc,phases      ] GC(5)     Code Roots Purge: 0.0ms
[6.517s][debug][gc,phases      ] GC(5)     Redirty Cards: 0.1ms
[6.517s][debug][gc,phases      ] GC(5)     DerivedPointerTable Update: 0.0ms
[6.517s][debug][gc,phases      ] GC(5)     Free Collection Set: 0.0ms
[6.517s][debug][gc,phases      ] GC(5)     Rebuild Free List: 0.0ms
[6.517s][debug][gc,phases      ] GC(5)     Humongous Reclaim: 0.0ms
[6.517s][debug][gc,phases      ] GC(5)     Start New Collection Set: 0.0ms
[6.517s][debug][gc,phases      ] GC(5)     Resize TLABs: 0.0ms
[6.517s][debug][gc,phases      ] GC(5)     Expand Heap After Collection: 0.0ms
[6.517s][info ][gc,phases      ] GC(5)   Other: 0.5ms
[6.517s][info ][gc,heap        ] GC(5) Eden regions: 14->0(14)
[6.517s][info ][gc,heap        ] GC(5) Survivor regions: 1->1(2)
[6.517s][info ][gc,heap        ] GC(5) Old regions: 6->6
[6.517s][info ][gc,heap        ] GC(5) Archive regions: 2->2
[6.517s][info ][gc,heap        ] GC(5) Humongous regions: 0->0
[6.517s][info ][gc,metaspace   ] GC(5) Metaspace: 10385K(10880K)->10385K(10880K) NonClass: 9183K(9472K)->9183K(9472K) Class: 1201K(1408K)->1201K(1408K)
[6.517s][debug][gc,heap        ] GC(5) Heap after GC invocations=6 (full 1): garbage-first heap   total 27648K, used 4054K [0x0000000700000000, 0x0000000800000000)
[6.517s][debug][gc,heap        ] GC(5)   region size 1024K, 1 young (1024K), 1 survivors (1024K)
[6.517s][debug][gc,heap        ] GC(5)  Metaspace       used 10385K, capacity 10712K, committed 10880K, reserved 1058816K
[6.517s][debug][gc,heap        ] GC(5)   class space    used 1201K, capacity 1338K, committed 1408K, reserved 1048576K
[6.517s][info ][gc             ] GC(5) Pause Young (Normal) (G1 Evacuation Pause) 17M->3M(27M) 2.247ms
[6.517s][info ][gc,cpu         ] GC(5) User=0.00s Sys=0.01s Real=0.01s
[6.517s][info ][safepoint      ] Safepoint "G1CollectForAllocation", Time since last: 27542881 ns, Reaching safepoint: 117613 ns, At safepoint: 2517503 ns, Total: 2635116 ns
[6.545s][debug][gc,heap        ] GC(6) Heap before GC invocations=6 (full 1): garbage-first heap   total 27648K, used 18390K [0x0000000700000000, 0x0000000800000000)
[6.545s][debug][gc,heap        ] GC(6)   region size 1024K, 15 young (15360K), 1 survivors (1024K)
[6.545s][debug][gc,heap        ] GC(6)  Metaspace       used 10385K, capacity 10712K, committed 10880K, reserved 1058816K
[6.545s][debug][gc,heap        ] GC(6)   class space    used 1201K, capacity 1338K, committed 1408K, reserved 1048576K
[6.545s][info ][gc,start       ] GC(6) Pause Young (Normal) (G1 Evacuation Pause)
[6.545s][info ][gc,task        ] GC(6) Using 8 workers of 8 for evacuation
[6.545s][debug][gc,tlab        ] GC(6) TLAB totals: thrds: 8  refills: 398 max: 56 slow allocs: 0 max 0 waste:  2.4% gc: 120160B max: 32456B slow: 228488B max: 32224B fast: 0B max: 0B
[6.545s][debug][gc,age         ] GC(6) Desired survivor size 1048576 bytes, new threshold 15 (max threshold 15)
[6.545s][debug][gc,alloc,region] GC(6) Mutator Allocation stats, regions: 14, wasted size: 224B ( 0.0%)
[6.545s][debug][gc,ergo        ] GC(6) Running G1 Merge Heap Roots using 8 workers for 15 regions
[6.545s][debug][gc,remset      ] GC(6) Visited cards 3840 Total dirty 10240 (37.50%) Total old 77824 (4.93%)
[6.545s][debug][gc,ergo        ] GC(6) Running G1 Clear Card Table Task using 1 workers for 1 units of work for 20 regions.
[6.545s][debug][gc,ref         ] GC(6) Skipped phase1 of Reference Processing due to unavailable references
[6.545s][debug][gc,ref         ] GC(6) Skipped phase3 of Reference Processing due to unavailable references
[6.545s][debug][gc,ergo        ] GC(6) Running G1 Free Collection Set using 8 workers for collection set length 15 (27)
[6.545s][debug][gc,ergo        ] GC(6) Running G1 Rebuild Free List Task using 8 workers for rebuilding free list of 0 (4096) regions
[6.545s][trace][gc,age         ] GC(6) Age table with threshold 15 (max threshold 15)
[6.546s][trace][gc,age         ] GC(6) - age   1:       1224 bytes,       1224 total
[6.546s][trace][gc,age         ] GC(6) - age   5:        328 bytes,       1552 total
[6.546s][trace][gc,age         ] GC(6) - age   6:     510016 bytes,     511568 total
[6.546s][debug][gc,plab        ] GC(6) Young PLAB allocation: allocated: 20640B, wasted: 120B, unused: 4312B, used: 16208B, undo waste: 0B, 
[6.546s][debug][gc,plab        ] GC(6) Young other allocation: region end waste: 0B, regions filled: 1, direct allocated: 495360B, failure used: 0B, failure wasted: 0B
[6.546s][debug][gc,plab        ] GC(6) Young sizing: calculated: 3240B, actual: 3240B
[6.546s][debug][gc,plab        ] GC(6) Old PLAB allocation: allocated: 0B, wasted: 0B, unused: 0B, used: 0B, undo waste: 0B, 
[6.546s][debug][gc,plab        ] GC(6) Old other allocation: region end waste: 0B, regions filled: 0, direct allocated: 0B, failure used: 0B, failure wasted: 0B
[6.546s][debug][gc,plab        ] GC(6) Old sizing: calculated: 0B, actual: 2064B
[6.546s][debug][gc,ihop        ] GC(6) Basic information (value update), threshold: 12740198B (45.00), target occupancy: 28311552B, current occupancy: 4148200B, recent allocation size: 0B, recent allocation duration: 28.55ms, recent old gen allocation rate: 0.00B/s, recent marking phase length: 0.00ms
[6.546s][debug][gc,ihop        ] GC(6) Adaptive IHOP information (value update), threshold: 12740198B (47.37), internal target occupancy: 26895974B, occupancy: 4148200B, additional buffer size: 15728640B, predicted old gen allocation rate: 0.00B/s, predicted marking phase length: 0.00ms, prediction active: false
[6.546s][debug][gc,ergo,refine ] GC(6) Concurrent refinement times: Logged Cards Scan time goal: 20.00ms Logged Cards Scan time: 0.01ms HCC time: 0.00ms
[6.546s][debug][gc,ergo,refine ] GC(6) Updated Refinement Zones: green: 2048, yellow: 6144, red: 10240
[6.546s][info ][gc,phases      ] GC(6)   Pre Evacuate Collection Set: 0.1ms
[6.546s][debug][gc,phases      ] GC(6)     Prepare TLABs: 0.0ms
[6.546s][debug][gc,phases      ] GC(6)     Choose Collection Set: 0.0ms
[6.546s][debug][gc,phases      ] GC(6)     Region Register: 0.1ms
[6.546s][debug][gc,phases      ] GC(6)     Prepare Heap Roots: 0.0ms
[6.546s][info ][gc,phases      ] GC(6)   Merge Heap Roots: 0.1ms
[6.546s][debug][gc,phases      ] GC(6)     Prepare Merge Heap Roots: 0.0ms
[6.546s][debug][gc,phases      ] GC(6)     Eager Reclaim (ms):       skipped
[6.546s][debug][gc,phases      ] GC(6)     Remembered Sets (ms):     Min:  0.0, Avg:  0.0, Max:  0.0, Diff:  0.0, Sum:  0.0, Workers: 8
[6.546s][debug][gc,phases      ] GC(6)       Merged Sparse:            Min: 0, Avg:  0.0, Max: 0, Diff: 0, Sum: 0, Workers: 8
[6.546s][debug][gc,phases      ] GC(6)       Merged Fine:              Min: 0, Avg:  0.0, Max: 0, Diff: 0, Sum: 0, Workers: 8
[6.546s][debug][gc,phases      ] GC(6)       Merged Coarse:            Min: 0, Avg:  0.0, Max: 0, Diff: 0, Sum: 0, Workers: 8
[6.546s][debug][gc,phases      ] GC(6)       Dirty Cards:              Min: 0, Avg:  0.0, Max: 0, Diff: 0, Sum: 0, Workers: 8
[6.546s][debug][gc,phases      ] GC(6)     Hot Card Cache (ms):      Min:  0.0, Avg:  0.0, Max:  0.0, Diff:  0.0, Sum:  0.0, Workers: 8
[6.546s][debug][gc,phases      ] GC(6)       Dirty Cards:              Min: 0, Avg:  0.0, Max: 0, Diff: 0, Sum: 0, Workers: 8
[6.546s][debug][gc,phases      ] GC(6)       Skipped Cards:            Min: 0, Avg:  0.0, Max: 0, Diff: 0, Sum: 0, Workers: 8
[6.546s][debug][gc,phases      ] GC(6)     Log Buffers (ms):         Min:  0.0, Avg:  0.0, Max:  0.0, Diff:  0.0, Sum:  0.0, Workers: 8
[6.546s][debug][gc,phases      ] GC(6)       Dirty Cards:              Min: 0, Avg:  5.6, Max: 27, Diff: 27, Sum: 45, Workers: 8
[6.546s][debug][gc,phases      ] GC(6)       Skipped Cards:            Min: 0, Avg:  0.0, Max: 0, Diff: 0, Sum: 0, Workers: 8
[6.546s][info ][gc,phases      ] GC(6)   Evacuate Collection Set: 0.2ms
[6.546s][debug][gc,phases      ] GC(6)     Ext Root Scanning (ms):   Min:  0.0, Avg:  0.0, Max:  0.1, Diff:  0.1, Sum:  0.3, Workers: 8
[6.546s][debug][gc,phases      ] GC(6)     Scan Heap Roots (ms):     Min:  0.0, Avg:  0.0, Max:  0.0, Diff:  0.0, Sum:  0.1, Workers: 8
[6.546s][debug][gc,phases      ] GC(6)       Scanned Cards:            Min: 0, Avg:  5.5, Max: 11, Diff: 11, Sum: 44, Workers: 8
[6.546s][debug][gc,phases      ] GC(6)       Scanned Blocks:           Min: 0, Avg:  4.5, Max: 8, Diff: 8, Sum: 36, Workers: 8
[6.546s][debug][gc,phases      ] GC(6)       Claimed Chunks:           Min: 0, Avg:  1.9, Max: 3, Diff: 3, Sum: 15, Workers: 8
[6.546s][debug][gc,phases      ] GC(6)     Code Root Scan (ms):      Min:  0.0, Avg:  0.0, Max:  0.0, Diff:  0.0, Sum:  0.0, Workers: 8
[6.546s][debug][gc,phases      ] GC(6)     Object Copy (ms):         Min:  0.0, Avg:  0.0, Max:  0.1, Diff:  0.1, Sum:  0.2, Workers: 8
[6.546s][debug][gc,phases      ] GC(6)     Termination (ms):         Min:  0.0, Avg:  0.1, Max:  0.1, Diff:  0.1, Sum:  0.4, Workers: 8
[6.546s][debug][gc,phases      ] GC(6)       Termination Attempts:     Min: 1, Avg:  1.0, Max: 1, Diff: 0, Sum: 8, Workers: 8
[6.546s][debug][gc,phases      ] GC(6)     GC Worker Other (ms):     Min:  0.0, Avg:  0.0, Max:  0.0, Diff:  0.0, Sum:  0.0, Workers: 8
[6.546s][debug][gc,phases      ] GC(6)     GC Worker Total (ms):     Min:  0.1, Avg:  0.1, Max:  0.2, Diff:  0.0, Sum:  1.1, Workers: 8
[6.546s][info ][gc,phases      ] GC(6)   Post Evacuate Collection Set: 0.3ms
[6.546s][debug][gc,phases      ] GC(6)     Code Roots Fixup: 0.0ms
[6.546s][debug][gc,phases      ] GC(6)     Clear Card Table: 0.0ms
[6.546s][debug][gc,phases      ] GC(6)     Reference Processing: 0.0ms
[6.546s][debug][gc,phases,ref  ] GC(6)       Reconsider SoftReferences: 0.0ms
[6.546s][debug][gc,phases,ref  ] GC(6)         SoftRef (ms):             skipped
[6.546s][debug][gc,phases,ref  ] GC(6)       Notify Soft/WeakReferences: 0.0ms
[6.546s][debug][gc,phases,ref  ] GC(6)         SoftRef (ms):             Min:  0.0, Avg:  0.0, Max:  0.0, Diff:  0.0, Sum:  0.0, Workers: 1
[6.546s][debug][gc,phases,ref  ] GC(6)         WeakRef (ms):             Min:  0.0, Avg:  0.0, Max:  0.0, Diff:  0.0, Sum:  0.0, Workers: 1
[6.546s][debug][gc,phases,ref  ] GC(6)         FinalRef (ms):            Min:  0.0, Avg:  0.0, Max:  0.0, Diff:  0.0, Sum:  0.0, Workers: 1
[6.546s][debug][gc,phases,ref  ] GC(6)         Total (ms):               Min:  0.0, Avg:  0.0, Max:  0.0, Diff:  0.0, Sum:  0.0, Workers: 1
[6.546s][debug][gc,phases,ref  ] GC(6)       Notify and keep alive finalizable: 0.0ms
[6.546s][debug][gc,phases,ref  ] GC(6)         FinalRef (ms):            skipped
[6.546s][debug][gc,phases,ref  ] GC(6)       Notify PhantomReferences: 0.0ms
[6.546s][debug][gc,phases,ref  ] GC(6)         PhantomRef (ms):          Min:  0.0, Avg:  0.0, Max:  0.0, Diff:  0.0, Sum:  0.0, Workers: 1
[6.546s][debug][gc,phases,ref  ] GC(6)       SoftReference:
[6.546s][debug][gc,phases,ref  ] GC(6)         Discovered: 0
[6.546s][debug][gc,phases,ref  ] GC(6)         Cleared: 0
[6.546s][debug][gc,phases,ref  ] GC(6)       WeakReference:
[6.546s][debug][gc,phases,ref  ] GC(6)         Discovered: 2
[6.546s][debug][gc,phases,ref  ] GC(6)         Cleared: 2
[6.546s][debug][gc,phases,ref  ] GC(6)       FinalReference:
[6.546s][debug][gc,phases,ref  ] GC(6)         Discovered: 0
[6.546s][debug][gc,phases,ref  ] GC(6)         Cleared: 0
[6.546s][debug][gc,phases,ref  ] GC(6)       PhantomReference:
[6.546s][debug][gc,phases,ref  ] GC(6)         Discovered: 1
[6.546s][debug][gc,phases,ref  ] GC(6)         Cleared: 1
[6.546s][debug][gc,phases      ] GC(6)     Weak Processing: 0.1ms
[6.546s][debug][gc,phases      ] GC(6)       JVMTI weak processing: 0.0ms
[6.546s][debug][gc,phases      ] GC(6)         Dead: 0
[6.546s][debug][gc,phases      ] GC(6)         Total: 0
[6.546s][debug][gc,phases      ] GC(6)       JFR weak processing: 0.0ms
[6.546s][debug][gc,phases      ] GC(6)         Dead: 0
[6.546s][debug][gc,phases      ] GC(6)         Total: 0
[6.546s][debug][gc,phases      ] GC(6)       JNI weak                  Min:  0.0, Avg:  0.0, Max:  0.0, Diff:  0.0, Sum:  0.0, Workers: 5
[6.546s][debug][gc,phases      ] GC(6)         Dead                      Min: 0, Avg:  0.0, Max: 0, Diff: 0, Sum: 0, Workers: 5
[6.546s][debug][gc,phases      ] GC(6)         Total                     Min: 0, Avg: 14.0, Max: 70, Diff: 70, Sum: 70, Workers: 5
[6.546s][debug][gc,phases      ] GC(6)       VM weak                   Min:  0.0, Avg:  0.0, Max:  0.0, Diff:  0.0, Sum:  0.0, Workers: 5
[6.546s][debug][gc,phases      ] GC(6)         Dead                      Min: 0, Avg:  0.0, Max: 0, Diff: 0, Sum: 0, Workers: 5
[6.546s][debug][gc,phases      ] GC(6)         Total                     Min: 0, Avg: 44.0, Max: 92, Diff: 92, Sum: 220, Workers: 5
[6.546s][debug][gc,phases      ] GC(6)       StringTable weak          Min:  0.0, Avg:  0.0, Max:  0.0, Diff:  0.0, Sum:  0.2, Workers: 5
[6.546s][debug][gc,phases      ] GC(6)         Dead                      Min: 0, Avg:  0.0, Max: 0, Diff: 0, Sum: 0, Workers: 5
[6.546s][debug][gc,phases      ] GC(6)         Total                     Min: 192, Avg: 718.2, Max: 1415, Diff: 1223, Sum: 3591, Workers: 5
[6.546s][debug][gc,phases      ] GC(6)       ResolvedMethodTable weak  Min:  0.0, Avg:  0.0, Max:  0.0, Diff:  0.0, Sum:  0.0, Workers: 5
[6.546s][debug][gc,phases      ] GC(6)         Dead                      Min: 0, Avg:  0.0, Max: 0, Diff: 0, Sum: 0, Workers: 5
[6.546s][debug][gc,phases      ] GC(6)         Total                     Min: 64, Avg: 116.6, Max: 192, Diff: 128, Sum: 583, Workers: 5
[6.546s][debug][gc,phases      ] GC(6)     Merge Per-Thread State: 0.0ms
[6.546s][debug][gc,phases      ] GC(6)       Copied Bytes              Min: 1568, Avg: 63946.0, Max: 402232, Diff: 400664, Sum: 511568, Workers: 8
[6.546s][debug][gc,phases      ] GC(6)       LAB Waste                 Min: 0, Avg: 15.0, Max: 96, Diff: 96, Sum: 120, Workers: 8
[6.546s][debug][gc,phases      ] GC(6)       LAB Undo Waste            Min: 0, Avg:  0.0, Max: 0, Diff: 0, Sum: 0, Workers: 8
[6.546s][debug][gc,phases      ] GC(6)     Code Roots Purge: 0.0ms
[6.546s][debug][gc,phases      ] GC(6)     Redirty Cards: 0.0ms
[6.546s][debug][gc,phases      ] GC(6)     DerivedPointerTable Update: 0.0ms
[6.546s][debug][gc,phases      ] GC(6)     Free Collection Set: 0.0ms
[6.546s][debug][gc,phases      ] GC(6)     Rebuild Free List: 0.0ms
[6.546s][debug][gc,phases      ] GC(6)     Humongous Reclaim: 0.0ms
[6.546s][debug][gc,phases      ] GC(6)     Start New Collection Set: 0.0ms
[6.546s][debug][gc,phases      ] GC(6)     Resize TLABs: 0.0ms
[6.546s][debug][gc,phases      ] GC(6)     Expand Heap After Collection: 0.0ms
[6.546s][info ][gc,phases      ] GC(6)   Other: 0.3ms
[6.546s][info ][gc,heap        ] GC(6) Eden regions: 14->0(14)
[6.546s][info ][gc,heap        ] GC(6) Survivor regions: 1->1(2)
[6.546s][info ][gc,heap        ] GC(6) Old regions: 6->6
[6.546s][info ][gc,heap        ] GC(6) Archive regions: 2->2
[6.546s][info ][gc,heap        ] GC(6) Humongous regions: 0->0
[6.546s][info ][gc,metaspace   ] GC(6) Metaspace: 10385K(10880K)->10385K(10880K) NonClass: 9183K(9472K)->9183K(9472K) Class: 1201K(1408K)->1201K(1408K)
[6.546s][debug][gc,heap        ] GC(6) Heap after GC invocations=7 (full 1): garbage-first heap   total 27648K, used 4050K [0x0000000700000000, 0x0000000800000000)
[6.546s][debug][gc,heap        ] GC(6)   region size 1024K, 1 young (1024K), 1 survivors (1024K)
[6.546s][debug][gc,heap        ] GC(6)  Metaspace       used 10385K, capacity 10712K, committed 10880K, reserved 1058816K
[6.546s][debug][gc,heap        ] GC(6)   class space    used 1201K, capacity 1338K, committed 1408K, reserved 1048576K
[6.546s][info ][gc             ] GC(6) Pause Young (Normal) (G1 Evacuation Pause) 17M->3M(27M) 1.384ms
[6.546s][info ][gc,cpu         ] GC(6) User=0.01s Sys=0.00s Real=0.01s
[6.547s][info ][safepoint      ] Safepoint "G1CollectForAllocation", Time since last: 27189099 ns, Reaching safepoint: 168745 ns, At safepoint: 2720993 ns, Total: 2889738 ns
[6.565s][debug][gc,heap        ] GC(7) Heap before GC invocations=7 (full 1): garbage-first heap   total 27648K, used 18386K [0x0000000700000000, 0x0000000800000000)
[6.565s][debug][gc,heap        ] GC(7)   region size 1024K, 15 young (15360K), 1 survivors (1024K)
[6.565s][debug][gc,heap        ] GC(7)  Metaspace       used 10385K, capacity 10712K, committed 10880K, reserved 1058816K
[6.565s][debug][gc,heap        ] GC(7)   class space    used 1201K, capacity 1338K, committed 1408K, reserved 1048576K
[6.565s][info ][gc,start       ] GC(7) Pause Young (Normal) (G1 Evacuation Pause)
[6.565s][info ][gc,task        ] GC(7) Using 8 workers of 8 for evacuation
[6.565s][debug][gc,tlab        ] GC(7) TLAB totals: thrds: 8  refills: 415 max: 75 slow allocs: 0 max 0 waste:  2.6% gc: 143576B max: 36288B slow: 238704B max: 43728B fast: 0B max: 0B
[6.565s][debug][gc,age         ] GC(7) Desired survivor size 1048576 bytes, new threshold 15 (max threshold 15)
[6.566s][debug][gc,alloc,region] GC(7) Mutator Allocation stats, regions: 14, wasted size: 2224B ( 0.0%)
[6.566s][debug][gc,ergo        ] GC(7) Running G1 Merge Heap Roots using 8 workers for 15 regions
[6.566s][debug][gc,remset      ] GC(7) Visited cards 3840 Total dirty 10240 (37.50%) Total old 77824 (4.93%)
[6.566s][debug][gc,ergo        ] GC(7) Running G1 Clear Card Table Task using 1 workers for 1 units of work for 20 regions.
[6.566s][debug][gc,ref         ] GC(7) Skipped phase1 of Reference Processing due to unavailable references
[6.566s][debug][gc,ref         ] GC(7) Skipped phase2 of Reference Processing due to unavailable references
[6.566s][debug][gc,ref         ] GC(7) Skipped phase3 of Reference Processing due to unavailable references
[6.566s][debug][gc,ergo        ] GC(7) Running G1 Free Collection Set using 8 workers for collection set length 15 (27)
[6.566s][debug][gc,ergo        ] GC(7) Running G1 Rebuild Free List Task using 8 workers for rebuilding free list of 0 (4096) regions
[6.566s][trace][gc,age         ] GC(7) Age table with threshold 15 (max threshold 15)
[6.566s][trace][gc,age         ] GC(7) - age   1:       1160 bytes,       1160 total
[6.566s][trace][gc,age         ] GC(7) - age   6:        328 bytes,       1488 total
[6.566s][trace][gc,age         ] GC(7) - age   7:     510016 bytes,     511504 total
[6.566s][debug][gc,plab        ] GC(7) Young PLAB allocation: allocated: 24768B, wasted: 120B, unused: 8136B, used: 16512B, undo waste: 0B, 
[6.566s][debug][gc,plab        ] GC(7) Young other allocation: region end waste: 0B, regions filled: 1, direct allocated: 494992B, failure used: 0B, failure wasted: 0B
[6.566s][debug][gc,plab        ] GC(7) Young sizing: calculated: 3296B, actual: 3280B
[6.566s][debug][gc,plab        ] GC(7) Old PLAB allocation: allocated: 0B, wasted: 0B, unused: 0B, used: 0B, undo waste: 0B, 
[6.566s][debug][gc,plab        ] GC(7) Old other allocation: region end waste: 0B, regions filled: 0, direct allocated: 0B, failure used: 0B, failure wasted: 0B
[6.566s][debug][gc,plab        ] GC(7) Old sizing: calculated: 0B, actual: 2064B
[6.566s][debug][gc,ihop        ] GC(7) Basic information (value update), threshold: 12740198B (45.00), target occupancy: 28311552B, current occupancy: 4151960B, recent allocation size: 0B, recent allocation duration: 19.92ms, recent old gen allocation rate: 0.00B/s, recent marking phase length: 0.00ms
[6.566s][debug][gc,ihop        ] GC(7) Adaptive IHOP information (value update), threshold: 12740198B (47.37), internal target occupancy: 26895974B, occupancy: 4151960B, additional buffer size: 15728640B, predicted old gen allocation rate: 0.00B/s, predicted marking phase length: 0.00ms, prediction active: false
[6.566s][debug][gc,ergo,refine ] GC(7) Concurrent refinement times: Logged Cards Scan time goal: 20.00ms Logged Cards Scan time: 0.01ms HCC time: 0.00ms
[6.566s][debug][gc,ergo,refine ] GC(7) Updated Refinement Zones: green: 2048, yellow: 6144, red: 10240
[6.566s][info ][gc,phases      ] GC(7)   Pre Evacuate Collection Set: 0.0ms
[6.566s][debug][gc,phases      ] GC(7)     Prepare TLABs: 0.0ms
[6.566s][debug][gc,phases      ] GC(7)     Choose Collection Set: 0.0ms
[6.566s][debug][gc,phases      ] GC(7)     Region Register: 0.0ms
[6.566s][debug][gc,phases      ] GC(7)     Prepare Heap Roots: 0.0ms
[6.566s][info ][gc,phases      ] GC(7)   Merge Heap Roots: 0.1ms
[6.566s][debug][gc,phases      ] GC(7)     Prepare Merge Heap Roots: 0.0ms
[6.566s][debug][gc,phases      ] GC(7)     Eager Reclaim (ms):       skipped
[6.566s][debug][gc,phases      ] GC(7)     Remembered Sets (ms):     Min:  0.0, Avg:  0.0, Max:  0.0, Diff:  0.0, Sum:  0.0, Workers: 8
[6.566s][debug][gc,phases      ] GC(7)       Merged Sparse:            Min: 0, Avg:  0.0, Max: 0, Diff: 0, Sum: 0, Workers: 8
[6.566s][debug][gc,phases      ] GC(7)       Merged Fine:              Min: 0, Avg:  0.0, Max: 0, Diff: 0, Sum: 0, Workers: 8
[6.566s][debug][gc,phases      ] GC(7)       Merged Coarse:            Min: 0, Avg:  0.0, Max: 0, Diff: 0, Sum: 0, Workers: 8
[6.566s][debug][gc,phases      ] GC(7)       Dirty Cards:              Min: 0, Avg:  0.0, Max: 0, Diff: 0, Sum: 0, Workers: 8
[6.566s][debug][gc,phases      ] GC(7)     Hot Card Cache (ms):      Min:  0.0, Avg:  0.0, Max:  0.0, Diff:  0.0, Sum:  0.0, Workers: 8
[6.566s][debug][gc,phases      ] GC(7)       Dirty Cards:              Min: 0, Avg:  0.0, Max: 0, Diff: 0, Sum: 0, Workers: 8
[6.566s][debug][gc,phases      ] GC(7)       Skipped Cards:            Min: 0, Avg:  0.0, Max: 0, Diff: 0, Sum: 0, Workers: 8
[6.566s][debug][gc,phases      ] GC(7)     Log Buffers (ms):         Min:  0.0, Avg:  0.0, Max:  0.0, Diff:  0.0, Sum:  0.0, Workers: 8
[6.566s][debug][gc,phases      ] GC(7)       Dirty Cards:              Min: 0, Avg:  6.1, Max: 18, Diff: 18, Sum: 49, Workers: 8
[6.566s][debug][gc,phases      ] GC(7)       Skipped Cards:            Min: 0, Avg:  0.0, Max: 0, Diff: 0, Sum: 0, Workers: 8
[6.566s][info ][gc,phases      ] GC(7)   Evacuate Collection Set: 0.2ms
[6.566s][debug][gc,phases      ] GC(7)     Ext Root Scanning (ms):   Min:  0.0, Avg:  0.0, Max:  0.1, Diff:  0.1, Sum:  0.3, Workers: 8
[6.566s][debug][gc,phases      ] GC(7)     Scan Heap Roots (ms):     Min:  0.0, Avg:  0.0, Max:  0.0, Diff:  0.0, Sum:  0.1, Workers: 8
[6.566s][debug][gc,phases      ] GC(7)       Scanned Cards:            Min: 0, Avg:  5.5, Max: 11, Diff: 11, Sum: 44, Workers: 8
[6.566s][debug][gc,phases      ] GC(7)       Scanned Blocks:           Min: 0, Avg:  4.5, Max: 8, Diff: 8, Sum: 36, Workers: 8
[6.566s][debug][gc,phases      ] GC(7)       Claimed Chunks:           Min: 0, Avg:  1.9, Max: 3, Diff: 3, Sum: 15, Workers: 8
[6.566s][debug][gc,phases      ] GC(7)     Code Root Scan (ms):      Min:  0.0, Avg:  0.0, Max:  0.0, Diff:  0.0, Sum:  0.0, Workers: 8
[6.566s][debug][gc,phases      ] GC(7)     Object Copy (ms):         Min:  0.0, Avg:  0.0, Max:  0.1, Diff:  0.1, Sum:  0.2, Workers: 8
[6.566s][debug][gc,phases      ] GC(7)     Termination (ms):         Min:  0.0, Avg:  0.1, Max:  0.1, Diff:  0.1, Sum:  0.4, Workers: 8
[6.566s][debug][gc,phases      ] GC(7)       Termination Attempts:     Min: 1, Avg:  1.0, Max: 1, Diff: 0, Sum: 8, Workers: 8
[6.566s][debug][gc,phases      ] GC(7)     GC Worker Other (ms):     Min:  0.0, Avg:  0.0, Max:  0.1, Diff:  0.1, Sum:  0.1, Workers: 8
[6.566s][debug][gc,phases      ] GC(7)     GC Worker Total (ms):     Min:  0.1, Avg:  0.2, Max:  0.2, Diff:  0.0, Sum:  1.2, Workers: 8
[6.566s][info ][gc,phases      ] GC(7)   Post Evacuate Collection Set: 0.2ms
[6.566s][debug][gc,phases      ] GC(7)     Code Roots Fixup: 0.0ms
[6.566s][debug][gc,phases      ] GC(7)     Clear Card Table: 0.0ms
[6.566s][debug][gc,phases      ] GC(7)     Reference Processing: 0.0ms
[6.566s][debug][gc,phases,ref  ] GC(7)       Reconsider SoftReferences: 0.0ms
[6.566s][debug][gc,phases,ref  ] GC(7)         SoftRef (ms):             skipped
[6.566s][debug][gc,phases,ref  ] GC(7)       Notify Soft/WeakReferences: 0.0ms
[6.566s][debug][gc,phases,ref  ] GC(7)         SoftRef (ms):             skipped
[6.566s][debug][gc,phases,ref  ] GC(7)         WeakRef (ms):             skipped
[6.566s][debug][gc,phases,ref  ] GC(7)         FinalRef (ms):            skipped
[6.566s][debug][gc,phases,ref  ] GC(7)         Total (ms):               skipped
[6.566s][debug][gc,phases,ref  ] GC(7)       Notify and keep alive finalizable: 0.0ms
[6.566s][debug][gc,phases,ref  ] GC(7)         FinalRef (ms):            skipped
[6.566s][debug][gc,phases,ref  ] GC(7)       Notify PhantomReferences: 0.0ms
[6.566s][debug][gc,phases,ref  ] GC(7)         PhantomRef (ms):          Min:  0.0, Avg:  0.0, Max:  0.0, Diff:  0.0, Sum:  0.0, Workers: 1
[6.566s][debug][gc,phases,ref  ] GC(7)       SoftReference:
[6.566s][debug][gc,phases,ref  ] GC(7)         Discovered: 0
[6.566s][debug][gc,phases,ref  ] GC(7)         Cleared: 0
[6.566s][debug][gc,phases,ref  ] GC(7)       WeakReference:
[6.566s][debug][gc,phases,ref  ] GC(7)         Discovered: 0
[6.566s][debug][gc,phases,ref  ] GC(7)         Cleared: 0
[6.566s][debug][gc,phases,ref  ] GC(7)       FinalReference:
[6.567s][debug][gc,phases,ref  ] GC(7)         Discovered: 0
[6.567s][debug][gc,phases,ref  ] GC(7)         Cleared: 0
[6.567s][debug][gc,phases,ref  ] GC(7)       PhantomReference:
[6.567s][debug][gc,phases,ref  ] GC(7)         Discovered: 2
[6.567s][debug][gc,phases,ref  ] GC(7)         Cleared: 2
[6.567s][debug][gc,phases      ] GC(7)     Weak Processing: 0.0ms
[6.567s][debug][gc,phases      ] GC(7)       JVMTI weak processing: 0.0ms
[6.567s][debug][gc,phases      ] GC(7)         Dead: 0
[6.567s][debug][gc,phases      ] GC(7)         Total: 0
[6.567s][debug][gc,phases      ] GC(7)       JFR weak processing: 0.0ms
[6.567s][debug][gc,phases      ] GC(7)         Dead: 0
[6.567s][debug][gc,phases      ] GC(7)         Total: 0
[6.567s][debug][gc,phases      ] GC(7)       JNI weak                  Min:  0.0, Avg:  0.0, Max:  0.0, Diff:  0.0, Sum:  0.0, Workers: 5
[6.567s][debug][gc,phases      ] GC(7)         Dead                      Min: 0, Avg:  0.0, Max: 0, Diff: 0, Sum: 0, Workers: 5
[6.567s][debug][gc,phases      ] GC(7)         Total                     Min: 0, Avg: 14.0, Max: 56, Diff: 56, Sum: 70, Workers: 5
[6.567s][debug][gc,phases      ] GC(7)       VM weak                   Min:  0.0, Avg:  0.0, Max:  0.0, Diff:  0.0, Sum:  0.0, Workers: 5
[6.567s][debug][gc,phases      ] GC(7)         Dead                      Min: 0, Avg:  0.0, Max: 0, Diff: 0, Sum: 0, Workers: 5
[6.567s][debug][gc,phases      ] GC(7)         Total                     Min: 0, Avg: 44.0, Max: 92, Diff: 92, Sum: 220, Workers: 5
[6.567s][debug][gc,phases      ] GC(7)       StringTable weak          Min:  0.0, Avg:  0.0, Max:  0.0, Diff:  0.0, Sum:  0.1, Workers: 5
[6.567s][debug][gc,phases      ] GC(7)         Dead                      Min: 0, Avg:  0.0, Max: 0, Diff: 0, Sum: 0, Workers: 5
[6.567s][debug][gc,phases      ] GC(7)         Total                     Min: 384, Avg: 718.2, Max: 832, Diff: 448, Sum: 3591, Workers: 5
[6.567s][debug][gc,phases      ] GC(7)       ResolvedMethodTable weak  Min:  0.0, Avg:  0.0, Max:  0.0, Diff:  0.0, Sum:  0.0, Workers: 5
[6.567s][debug][gc,phases      ] GC(7)         Dead                      Min: 0, Avg:  0.0, Max: 0, Diff: 0, Sum: 0, Workers: 5
[6.567s][debug][gc,phases      ] GC(7)         Total                     Min: 0, Avg: 116.6, Max: 192, Diff: 192, Sum: 583, Workers: 5
[6.567s][debug][gc,phases      ] GC(7)     Merge Per-Thread State: 0.0ms
[6.567s][debug][gc,phases      ] GC(7)       Copied Bytes              Min: 0, Avg: 63938.0, Max: 404240, Diff: 404240, Sum: 511504, Workers: 8
[6.567s][debug][gc,phases      ] GC(7)       LAB Waste                 Min: 0, Avg: 15.0, Max: 48, Diff: 48, Sum: 120, Workers: 8
[6.567s][debug][gc,phases      ] GC(7)       LAB Undo Waste            Min: 0, Avg:  0.0, Max: 0, Diff: 0, Sum: 0, Workers: 8
[6.567s][debug][gc,phases      ] GC(7)     Code Roots Purge: 0.0ms
[6.567s][debug][gc,phases      ] GC(7)     Redirty Cards: 0.0ms
[6.567s][debug][gc,phases      ] GC(7)     DerivedPointerTable Update: 0.0ms
[6.567s][debug][gc,phases      ] GC(7)     Free Collection Set: 0.0ms
[6.567s][debug][gc,phases      ] GC(7)     Rebuild Free List: 0.0ms
[6.567s][debug][gc,phases      ] GC(7)     Humongous Reclaim: 0.0ms
[6.567s][debug][gc,phases      ] GC(7)     Start New Collection Set: 0.0ms
[6.567s][debug][gc,phases      ] GC(7)     Resize TLABs: 0.0ms
[6.567s][debug][gc,phases      ] GC(7)     Expand Heap After Collection: 0.0ms
[6.567s][info ][gc,phases      ] GC(7)   Other: 0.3ms
[6.567s][info ][gc,heap        ] GC(7) Eden regions: 14->0(14)
[6.567s][info ][gc,heap        ] GC(7) Survivor regions: 1->1(2)
[6.567s][info ][gc,heap        ] GC(7) Old regions: 6->6
[6.567s][info ][gc,heap        ] GC(7) Archive regions: 2->2
[6.567s][info ][gc,heap        ] GC(7) Humongous regions: 0->0
[6.567s][info ][gc,metaspace   ] GC(7) Metaspace: 10385K(10880K)->10385K(10880K) NonClass: 9183K(9472K)->9183K(9472K) Class: 1201K(1408K)->1201K(1408K)
[6.567s][debug][gc,heap        ] GC(7) Heap after GC invocations=8 (full 1): garbage-first heap   total 27648K, used 4054K [0x0000000700000000, 0x0000000800000000)
[6.567s][debug][gc,heap        ] GC(7)   region size 1024K, 1 young (1024K), 1 survivors (1024K)
[6.567s][debug][gc,heap        ] GC(7)  Metaspace       used 10385K, capacity 10712K, committed 10880K, reserved 1058816K
[6.567s][debug][gc,heap        ] GC(7)   class space    used 1201K, capacity 1338K, committed 1408K, reserved 1048576K
[6.567s][info ][gc             ] GC(7) Pause Young (Normal) (G1 Evacuation Pause) 17M->3M(27M) 1.318ms
[6.567s][info ][gc,cpu         ] GC(7) User=0.00s Sys=0.00s Real=0.01s
[6.567s][info ][safepoint      ] Safepoint "G1CollectForAllocation", Time since last: 17814265 ns, Reaching safepoint: 100073 ns, At safepoint: 1656519 ns, Total: 1756592 ns
[6.586s][debug][gc,heap        ] GC(8) Heap before GC invocations=8 (full 1): garbage-first heap   total 27648K, used 18390K [0x0000000700000000, 0x0000000800000000)
[6.587s][debug][gc,heap        ] GC(8)   region size 1024K, 15 young (15360K), 1 survivors (1024K)
[6.587s][debug][gc,heap        ] GC(8)  Metaspace       used 10385K, capacity 10712K, committed 10880K, reserved 1058816K
[6.587s][debug][gc,heap        ] GC(8)   class space    used 1201K, capacity 1338K, committed 1408K, reserved 1048576K
[6.587s][info ][gc,start       ] GC(8) Pause Young (Normal) (G1 Evacuation Pause)
[6.587s][info ][gc,task        ] GC(8) Using 8 workers of 8 for evacuation
[6.587s][debug][gc,tlab        ] GC(8) TLAB totals: thrds: 8  refills: 421 max: 66 slow allocs: 0 max 0 waste:  2.4% gc: 111888B max: 34952B slow: 241408B max: 37680B fast: 0B max: 0B
[6.587s][debug][gc,age         ] GC(8) Desired survivor size 1048576 bytes, new threshold 15 (max threshold 15)
[6.587s][debug][gc,alloc,region] GC(8) Mutator Allocation stats, regions: 14, wasted size: 0B ( 0.0%)
[6.587s][debug][gc,ergo        ] GC(8) Running G1 Merge Heap Roots using 8 workers for 15 regions
[6.587s][debug][gc,remset      ] GC(8) Visited cards 3840 Total dirty 10240 (37.50%) Total old 77824 (4.93%)
[6.587s][debug][gc,ergo        ] GC(8) Running G1 Clear Card Table Task using 1 workers for 1 units of work for 20 regions.
[6.587s][debug][gc,ref         ] GC(8) Skipped phase1 of Reference Processing due to unavailable references
[6.587s][debug][gc,ref         ] GC(8) Skipped phase2 of Reference Processing due to unavailable references
[6.587s][debug][gc,ref         ] GC(8) Skipped phase3 of Reference Processing due to unavailable references
[6.587s][debug][gc,ergo        ] GC(8) Running G1 Free Collection Set using 8 workers for collection set length 15 (27)
[6.587s][debug][gc,ergo        ] GC(8) Running G1 Rebuild Free List Task using 8 workers for rebuilding free list of 0 (4096) regions
[6.587s][trace][gc,age         ] GC(8) Age table with threshold 15 (max threshold 15)
[6.587s][trace][gc,age         ] GC(8) - age   1:        720 bytes,        720 total
[6.587s][trace][gc,age         ] GC(8) - age   7:        328 bytes,       1048 total
[6.587s][trace][gc,age         ] GC(8) - age   8:     510016 bytes,     511064 total
[6.587s][debug][gc,plab        ] GC(8) Young PLAB allocation: allocated: 28896B, wasted: 184B, unused: 13088B, used: 15624B, undo waste: 0B, 
[6.587s][debug][gc,plab        ] GC(8) Young other allocation: region end waste: 0B, regions filled: 1, direct allocated: 495440B, failure used: 0B, failure wasted: 0B
[6.587s][debug][gc,plab        ] GC(8) Young sizing: calculated: 3120B, actual: 3160B
[6.587s][debug][gc,plab        ] GC(8) Old PLAB allocation: allocated: 0B, wasted: 0B, unused: 0B, used: 0B, undo waste: 0B, 
[6.587s][debug][gc,plab        ] GC(8) Old other allocation: region end waste: 0B, regions filled: 0, direct allocated: 0B, failure used: 0B, failure wasted: 0B
[6.587s][debug][gc,plab        ] GC(8) Old sizing: calculated: 0B, actual: 2064B
[6.587s][debug][gc,ihop        ] GC(8) Basic information (value update), threshold: 12740198B (45.00), target occupancy: 28311552B, current occupancy: 4156536B, recent allocation size: 0B, recent allocation duration: 20.44ms, recent old gen allocation rate: 0.00B/s, recent marking phase length: 0.00ms
[6.587s][debug][gc,ihop        ] GC(8) Adaptive IHOP information (value update), threshold: 12740198B (47.37), internal target occupancy: 26895974B, occupancy: 4156536B, additional buffer size: 15728640B, predicted old gen allocation rate: 0.00B/s, predicted marking phase length: 0.00ms, prediction active: false
[6.587s][debug][gc,ergo,refine ] GC(8) Concurrent refinement times: Logged Cards Scan time goal: 20.00ms Logged Cards Scan time: 0.02ms HCC time: 0.00ms
[6.587s][debug][gc,ergo,refine ] GC(8) Updated Refinement Zones: green: 2048, yellow: 6144, red: 10240
[6.587s][info ][gc,phases      ] GC(8)   Pre Evacuate Collection Set: 0.1ms
[6.587s][debug][gc,phases      ] GC(8)     Prepare TLABs: 0.0ms
[6.587s][debug][gc,phases      ] GC(8)     Choose Collection Set: 0.0ms
[6.587s][debug][gc,phases      ] GC(8)     Region Register: 0.1ms
[6.587s][debug][gc,phases      ] GC(8)     Prepare Heap Roots: 0.0ms
[6.587s][info ][gc,phases      ] GC(8)   Merge Heap Roots: 0.1ms
[6.587s][debug][gc,phases      ] GC(8)     Prepare Merge Heap Roots: 0.0ms
[6.587s][debug][gc,phases      ] GC(8)     Eager Reclaim (ms):       skipped
[6.587s][debug][gc,phases      ] GC(8)     Remembered Sets (ms):     Min:  0.0, Avg:  0.0, Max:  0.0, Diff:  0.0, Sum:  0.0, Workers: 8
[6.587s][debug][gc,phases      ] GC(8)       Merged Sparse:            Min: 0, Avg:  0.0, Max: 0, Diff: 0, Sum: 0, Workers: 8
[6.587s][debug][gc,phases      ] GC(8)       Merged Fine:              Min: 0, Avg:  0.0, Max: 0, Diff: 0, Sum: 0, Workers: 8
[6.587s][debug][gc,phases      ] GC(8)       Merged Coarse:            Min: 0, Avg:  0.0, Max: 0, Diff: 0, Sum: 0, Workers: 8
[6.587s][debug][gc,phases      ] GC(8)       Dirty Cards:              Min: 0, Avg:  0.0, Max: 0, Diff: 0, Sum: 0, Workers: 8
[6.587s][debug][gc,phases      ] GC(8)     Hot Card Cache (ms):      Min:  0.0, Avg:  0.0, Max:  0.0, Diff:  0.0, Sum:  0.0, Workers: 8
[6.587s][debug][gc,phases      ] GC(8)       Dirty Cards:              Min: 0, Avg:  0.0, Max: 0, Diff: 0, Sum: 0, Workers: 8
[6.587s][debug][gc,phases      ] GC(8)       Skipped Cards:            Min: 0, Avg:  0.0, Max: 0, Diff: 0, Sum: 0, Workers: 8
[6.587s][debug][gc,phases      ] GC(8)     Log Buffers (ms):         Min:  0.0, Avg:  0.0, Max:  0.0, Diff:  0.0, Sum:  0.0, Workers: 8
[6.587s][debug][gc,phases      ] GC(8)       Dirty Cards:              Min: 0, Avg:  5.8, Max: 24, Diff: 24, Sum: 46, Workers: 8
[6.587s][debug][gc,phases      ] GC(8)       Skipped Cards:            Min: 0, Avg:  0.0, Max: 0, Diff: 0, Sum: 0, Workers: 8
[6.587s][info ][gc,phases      ] GC(8)   Evacuate Collection Set: 0.2ms
[6.587s][debug][gc,phases      ] GC(8)     Ext Root Scanning (ms):   Min:  0.0, Avg:  0.1, Max:  0.1, Diff:  0.1, Sum:  0.4, Workers: 8
[6.587s][debug][gc,phases      ] GC(8)     Scan Heap Roots (ms):     Min:  0.0, Avg:  0.0, Max:  0.0, Diff:  0.0, Sum:  0.1, Workers: 8
[6.587s][debug][gc,phases      ] GC(8)       Scanned Cards:            Min: 0, Avg:  5.5, Max: 9, Diff: 9, Sum: 44, Workers: 8
[6.587s][debug][gc,phases      ] GC(8)       Scanned Blocks:           Min: 0, Avg:  4.5, Max: 7, Diff: 7, Sum: 36, Workers: 8
[6.587s][debug][gc,phases      ] GC(8)       Claimed Chunks:           Min: 0, Avg:  1.9, Max: 4, Diff: 4, Sum: 15, Workers: 8
[6.588s][debug][gc,phases      ] GC(8)     Code Root Scan (ms):      Min:  0.0, Avg:  0.0, Max:  0.0, Diff:  0.0, Sum:  0.0, Workers: 8
[6.588s][debug][gc,phases      ] GC(8)     Object Copy (ms):         Min:  0.0, Avg:  0.0, Max:  0.1, Diff:  0.1, Sum:  0.2, Workers: 8
[6.588s][debug][gc,phases      ] GC(8)     Termination (ms):         Min:  0.0, Avg:  0.1, Max:  0.1, Diff:  0.1, Sum:  0.5, Workers: 8
[6.588s][debug][gc,phases      ] GC(8)       Termination Attempts:     Min: 1, Avg:  1.0, Max: 1, Diff: 0, Sum: 8, Workers: 8
[6.588s][debug][gc,phases      ] GC(8)     GC Worker Other (ms):     Min:  0.0, Avg:  0.0, Max:  0.0, Diff:  0.0, Sum:  0.1, Workers: 8
[6.588s][debug][gc,phases      ] GC(8)     GC Worker Total (ms):     Min:  0.1, Avg:  0.2, Max:  0.2, Diff:  0.0, Sum:  1.4, Workers: 8
[6.588s][info ][gc,phases      ] GC(8)   Post Evacuate Collection Set: 0.2ms
[6.588s][debug][gc,phases      ] GC(8)     Code Roots Fixup: 0.0ms
[6.588s][debug][gc,phases      ] GC(8)     Clear Card Table: 0.0ms
[6.588s][debug][gc,phases      ] GC(8)     Reference Processing: 0.0ms
[6.588s][debug][gc,phases,ref  ] GC(8)       Reconsider SoftReferences: 0.0ms
[6.588s][debug][gc,phases,ref  ] GC(8)         SoftRef (ms):             skipped
[6.588s][debug][gc,phases,ref  ] GC(8)       Notify Soft/WeakReferences: 0.0ms
[6.588s][debug][gc,phases,ref  ] GC(8)         SoftRef (ms):             skipped
[6.588s][debug][gc,phases,ref  ] GC(8)         WeakRef (ms):             skipped
[6.588s][debug][gc,phases,ref  ] GC(8)         FinalRef (ms):            skipped
[6.588s][debug][gc,phases,ref  ] GC(8)         Total (ms):               skipped
[6.588s][debug][gc,phases,ref  ] GC(8)       Notify and keep alive finalizable: 0.0ms
[6.588s][debug][gc,phases,ref  ] GC(8)         FinalRef (ms):            skipped
[6.588s][debug][gc,phases,ref  ] GC(8)       Notify PhantomReferences: 0.0ms
[6.588s][debug][gc,phases,ref  ] GC(8)         PhantomRef (ms):          Min:  0.0, Avg:  0.0, Max:  0.0, Diff:  0.0, Sum:  0.0, Workers: 1
[6.588s][debug][gc,phases,ref  ] GC(8)       SoftReference:
[6.588s][debug][gc,phases,ref  ] GC(8)         Discovered: 0
[6.588s][debug][gc,phases,ref  ] GC(8)         Cleared: 0
[6.588s][debug][gc,phases,ref  ] GC(8)       WeakReference:
[6.588s][debug][gc,phases,ref  ] GC(8)         Discovered: 0
[6.588s][debug][gc,phases,ref  ] GC(8)         Cleared: 0
[6.588s][debug][gc,phases,ref  ] GC(8)       FinalReference:
[6.588s][debug][gc,phases,ref  ] GC(8)         Discovered: 0
[6.588s][debug][gc,phases,ref  ] GC(8)         Cleared: 0
[6.588s][debug][gc,phases,ref  ] GC(8)       PhantomReference:
[6.588s][debug][gc,phases,ref  ] GC(8)         Discovered: 2
[6.588s][debug][gc,phases,ref  ] GC(8)         Cleared: 2
[6.588s][debug][gc,phases      ] GC(8)     Weak Processing: 0.0ms
[6.588s][debug][gc,phases      ] GC(8)       JVMTI weak processing: 0.0ms
[6.588s][debug][gc,phases      ] GC(8)         Dead: 0
[6.588s][debug][gc,phases      ] GC(8)         Total: 0
[6.588s][debug][gc,phases      ] GC(8)       JFR weak processing: 0.0ms
[6.588s][debug][gc,phases      ] GC(8)         Dead: 0
[6.588s][debug][gc,phases      ] GC(8)         Total: 0
[6.588s][debug][gc,phases      ] GC(8)       JNI weak                  Min:  0.0, Avg:  0.0, Max:  0.0, Diff:  0.0, Sum:  0.0, Workers: 5
[6.588s][debug][gc,phases      ] GC(8)         Dead                      Min: 0, Avg:  0.0, Max: 0, Diff: 0, Sum: 0, Workers: 5
[6.588s][debug][gc,phases      ] GC(8)         Total                     Min: 0, Avg: 14.0, Max: 56, Diff: 56, Sum: 70, Workers: 5
[6.588s][debug][gc,phases      ] GC(8)       VM weak                   Min:  0.0, Avg:  0.0, Max:  0.0, Diff:  0.0, Sum:  0.0, Workers: 5
[6.588s][debug][gc,phases      ] GC(8)         Dead                      Min: 0, Avg:  0.0, Max: 0, Diff: 0, Sum: 0, Workers: 5
[6.588s][debug][gc,phases      ] GC(8)         Total                     Min: 0, Avg: 44.0, Max: 64, Diff: 64, Sum: 220, Workers: 5
[6.588s][debug][gc,phases      ] GC(8)       StringTable weak          Min:  0.0, Avg:  0.0, Max:  0.0, Diff:  0.0, Sum:  0.1, Workers: 5
[6.588s][debug][gc,phases      ] GC(8)         Dead                      Min: 0, Avg:  0.0, Max: 0, Diff: 0, Sum: 0, Workers: 5
[6.588s][debug][gc,phases      ] GC(8)         Total                     Min: 703, Avg: 718.2, Max: 768, Diff: 65, Sum: 3591, Workers: 5
[6.588s][debug][gc,phases      ] GC(8)       ResolvedMethodTable weak  Min:  0.0, Avg:  0.0, Max:  0.0, Diff:  0.0, Sum:  0.0, Workers: 5
[6.588s][debug][gc,phases      ] GC(8)         Dead                      Min: 0, Avg:  0.0, Max: 0, Diff: 0, Sum: 0, Workers: 5
[6.588s][debug][gc,phases      ] GC(8)         Total                     Min: 64, Avg: 116.6, Max: 192, Diff: 128, Sum: 583, Workers: 5
[6.588s][debug][gc,phases      ] GC(8)     Merge Per-Thread State: 0.0ms
[6.588s][debug][gc,phases      ] GC(8)       Copied Bytes              Min: 872, Avg: 63883.0, Max: 403008, Diff: 402136, Sum: 511064, Workers: 8
[6.588s][debug][gc,phases      ] GC(8)       LAB Waste                 Min: 0, Avg: 23.0, Max: 48, Diff: 48, Sum: 184, Workers: 8
[6.588s][debug][gc,phases      ] GC(8)       LAB Undo Waste            Min: 0, Avg:  0.0, Max: 0, Diff: 0, Sum: 0, Workers: 8
[6.588s][debug][gc,phases      ] GC(8)     Code Roots Purge: 0.0ms
[6.588s][debug][gc,phases      ] GC(8)     Redirty Cards: 0.0ms
[6.588s][debug][gc,phases      ] GC(8)     DerivedPointerTable Update: 0.0ms
[6.588s][debug][gc,phases      ] GC(8)     Free Collection Set: 0.0ms
[6.588s][debug][gc,phases      ] GC(8)     Rebuild Free List: 0.0ms
[6.588s][debug][gc,phases      ] GC(8)     Humongous Reclaim: 0.0ms
[6.588s][debug][gc,phases      ] GC(8)     Start New Collection Set: 0.0ms
[6.588s][debug][gc,phases      ] GC(8)     Resize TLABs: 0.0ms
[6.588s][debug][gc,phases      ] GC(8)     Expand Heap After Collection: 0.0ms
[6.588s][info ][gc,phases      ] GC(8)   Other: 0.3ms
[6.588s][info ][gc,heap        ] GC(8) Eden regions: 14->0(14)
[6.588s][info ][gc,heap        ] GC(8) Survivor regions: 1->1(2)
[6.588s][info ][gc,heap        ] GC(8) Old regions: 6->6
[6.588s][info ][gc,heap        ] GC(8) Archive regions: 2->2
[6.588s][info ][gc,heap        ] GC(8) Humongous regions: 0->0
[6.588s][info ][gc,metaspace   ] GC(8) Metaspace: 10385K(10880K)->10385K(10880K) NonClass: 9183K(9472K)->9183K(9472K) Class: 1201K(1408K)->1201K(1408K)
[6.588s][debug][gc,heap        ] GC(8) Heap after GC invocations=9 (full 1): garbage-first heap   total 27648K, used 4059K [0x0000000700000000, 0x0000000800000000)
[6.588s][debug][gc,heap        ] GC(8)   region size 1024K, 1 young (1024K), 1 survivors (1024K)
[6.588s][debug][gc,heap        ] GC(8)  Metaspace       used 10385K, capacity 10712K, committed 10880K, reserved 1058816K
[6.588s][debug][gc,heap        ] GC(8)   class space    used 1201K, capacity 1338K, committed 1408K, reserved 1048576K
[6.588s][info ][gc             ] GC(8) Pause Young (Normal) (G1 Evacuation Pause) 17M->3M(27M) 1.402ms
[6.588s][info ][gc,cpu         ] GC(8) User=0.01s Sys=0.00s Real=0.00s
[6.589s][info ][safepoint      ] Safepoint "G1CollectForAllocation", Time since last: 19268925 ns, Reaching safepoint: 150004 ns, At safepoint: 3016495 ns, Total: 3166499 ns
[6.608s][debug][gc,heap        ] GC(9) Heap before GC invocations=9 (full 1): garbage-first heap   total 27648K, used 18395K [0x0000000700000000, 0x0000000800000000)
[6.608s][debug][gc,heap        ] GC(9)   region size 1024K, 15 young (15360K), 1 survivors (1024K)
[6.608s][debug][gc,heap        ] GC(9)  Metaspace       used 10385K, capacity 10712K, committed 10880K, reserved 1058816K
[6.608s][debug][gc,heap        ] GC(9)   class space    used 1201K, capacity 1338K, committed 1408K, reserved 1048576K
[6.608s][info ][gc,start       ] GC(9) Pause Young (Normal) (G1 Evacuation Pause)
[6.608s][info ][gc,task        ] GC(9) Using 8 workers of 8 for evacuation
[6.608s][debug][gc,tlab        ] GC(9) TLAB totals: thrds: 8  refills: 427 max: 63 slow allocs: 0 max 0 waste:  2.5% gc: 126112B max: 27232B slow: 245384B max: 37208B fast: 0B max: 0B
[6.608s][debug][gc,age         ] GC(9) Desired survivor size 1048576 bytes, new threshold 15 (max threshold 15)
[6.608s][debug][gc,alloc,region] GC(9) Mutator Allocation stats, regions: 14, wasted size: 1936B ( 0.0%)
[6.608s][debug][gc,ergo        ] GC(9) Running G1 Merge Heap Roots using 8 workers for 15 regions
[6.608s][debug][gc,remset      ] GC(9) Visited cards 3840 Total dirty 10240 (37.50%) Total old 77824 (4.93%)
[6.608s][debug][gc,ergo        ] GC(9) Running G1 Clear Card Table Task using 1 workers for 1 units of work for 20 regions.
[6.608s][debug][gc,ref         ] GC(9) Skipped phase1 of Reference Processing due to unavailable references
[6.608s][debug][gc,ref         ] GC(9) Skipped phase2 of Reference Processing due to unavailable references
[6.608s][debug][gc,ref         ] GC(9) Skipped phase3 of Reference Processing due to unavailable references
[6.608s][debug][gc,ergo        ] GC(9) Running G1 Free Collection Set using 8 workers for collection set length 15 (27)
[6.608s][debug][gc,ergo        ] GC(9) Running G1 Rebuild Free List Task using 8 workers for rebuilding free list of 0 (4096) regions
[6.608s][trace][gc,age         ] GC(9) Age table with threshold 15 (max threshold 15)
[6.609s][trace][gc,age         ] GC(9) - age   1:        856 bytes,        856 total
[6.609s][trace][gc,age         ] GC(9) - age   8:        328 bytes,       1184 total
[6.609s][trace][gc,age         ] GC(9) - age   9:     510016 bytes,     511200 total
[6.609s][debug][gc,plab        ] GC(9) Young PLAB allocation: allocated: 24768B, wasted: 152B, unused: 8776B, used: 15840B, undo waste: 0B, 
[6.609s][debug][gc,plab        ] GC(9) Young other allocation: region end waste: 0B, regions filled: 1, direct allocated: 495360B, failure used: 0B, failure wasted: 0B
[6.609s][debug][gc,plab        ] GC(9) Young sizing: calculated: 3168B, actual: 3160B
[6.609s][debug][gc,plab        ] GC(9) Old PLAB allocation: allocated: 0B, wasted: 0B, unused: 0B, used: 0B, undo waste: 0B, 
[6.609s][debug][gc,plab        ] GC(9) Old other allocation: region end waste: 0B, regions filled: 0, direct allocated: 0B, failure used: 0B, failure wasted: 0B
[6.609s][debug][gc,plab        ] GC(9) Old sizing: calculated: 0B, actual: 2064B
[6.609s][debug][gc,ihop        ] GC(9) Basic information (value update), threshold: 12740198B (45.00), target occupancy: 28311552B, current occupancy: 4152328B, recent allocation size: 0B, recent allocation duration: 20.50ms, recent old gen allocation rate: 0.00B/s, recent marking phase length: 0.00ms
[6.609s][debug][gc,ihop        ] GC(9) Adaptive IHOP information (value update), threshold: 12740198B (47.37), internal target occupancy: 26895974B, occupancy: 4152328B, additional buffer size: 15728640B, predicted old gen allocation rate: 0.00B/s, predicted marking phase length: 0.00ms, prediction active: false
[6.609s][debug][gc,ergo,refine ] GC(9) Concurrent refinement times: Logged Cards Scan time goal: 20.00ms Logged Cards Scan time: 0.01ms HCC time: 0.00ms
[6.609s][debug][gc,ergo,refine ] GC(9) Updated Refinement Zones: green: 2048, yellow: 6144, red: 10240
[6.609s][info ][gc,phases      ] GC(9)   Pre Evacuate Collection Set: 0.1ms
[6.609s][debug][gc,phases      ] GC(9)     Prepare TLABs: 0.0ms
[6.609s][debug][gc,phases      ] GC(9)     Choose Collection Set: 0.0ms
[6.609s][debug][gc,phases      ] GC(9)     Region Register: 0.1ms
[6.609s][debug][gc,phases      ] GC(9)     Prepare Heap Roots: 0.0ms
[6.609s][info ][gc,phases      ] GC(9)   Merge Heap Roots: 0.1ms
[6.609s][debug][gc,phases      ] GC(9)     Prepare Merge Heap Roots: 0.0ms
[6.609s][debug][gc,phases      ] GC(9)     Eager Reclaim (ms):       skipped
[6.609s][debug][gc,phases      ] GC(9)     Remembered Sets (ms):     Min:  0.0, Avg:  0.0, Max:  0.0, Diff:  0.0, Sum:  0.0, Workers: 8
[6.609s][debug][gc,phases      ] GC(9)       Merged Sparse:            Min: 0, Avg:  0.0, Max: 0, Diff: 0, Sum: 0, Workers: 8
[6.609s][debug][gc,phases      ] GC(9)       Merged Fine:              Min: 0, Avg:  0.0, Max: 0, Diff: 0, Sum: 0, Workers: 8
[6.609s][debug][gc,phases      ] GC(9)       Merged Coarse:            Min: 0, Avg:  0.0, Max: 0, Diff: 0, Sum: 0, Workers: 8
[6.609s][debug][gc,phases      ] GC(9)       Dirty Cards:              Min: 0, Avg:  0.0, Max: 0, Diff: 0, Sum: 0, Workers: 8
[6.609s][debug][gc,phases      ] GC(9)     Hot Card Cache (ms):      Min:  0.0, Avg:  0.0, Max:  0.0, Diff:  0.0, Sum:  0.0, Workers: 8
[6.609s][debug][gc,phases      ] GC(9)       Dirty Cards:              Min: 0, Avg:  0.0, Max: 0, Diff: 0, Sum: 0, Workers: 8
[6.609s][debug][gc,phases      ] GC(9)       Skipped Cards:            Min: 0, Avg:  0.0, Max: 0, Diff: 0, Sum: 0, Workers: 8
[6.609s][debug][gc,phases      ] GC(9)     Log Buffers (ms):         Min:  0.0, Avg:  0.0, Max:  0.0, Diff:  0.0, Sum:  0.0, Workers: 8
[6.609s][debug][gc,phases      ] GC(9)       Dirty Cards:              Min: 0, Avg:  6.0, Max: 22, Diff: 22, Sum: 48, Workers: 8
[6.609s][debug][gc,phases      ] GC(9)       Skipped Cards:            Min: 0, Avg:  0.0, Max: 0, Diff: 0, Sum: 0, Workers: 8
[6.609s][info ][gc,phases      ] GC(9)   Evacuate Collection Set: 0.2ms
[6.609s][debug][gc,phases      ] GC(9)     Ext Root Scanning (ms):   Min:  0.0, Avg:  0.1, Max:  0.2, Diff:  0.1, Sum:  0.5, Workers: 8
[6.609s][debug][gc,phases      ] GC(9)     Scan Heap Roots (ms):     Min:  0.0, Avg:  0.0, Max:  0.0, Diff:  0.0, Sum:  0.1, Workers: 8
[6.609s][debug][gc,phases      ] GC(9)       Scanned Cards:            Min: 0, Avg:  5.5, Max: 8, Diff: 8, Sum: 44, Workers: 8
[6.609s][debug][gc,phases      ] GC(9)       Scanned Blocks:           Min: 0, Avg:  4.5, Max: 7, Diff: 7, Sum: 36, Workers: 8
[6.609s][debug][gc,phases      ] GC(9)       Claimed Chunks:           Min: 0, Avg:  1.9, Max: 3, Diff: 3, Sum: 15, Workers: 8
[6.609s][debug][gc,phases      ] GC(9)     Code Root Scan (ms):      Min:  0.0, Avg:  0.0, Max:  0.0, Diff:  0.0, Sum:  0.0, Workers: 8
[6.609s][debug][gc,phases      ] GC(9)     Object Copy (ms):         Min:  0.0, Avg:  0.0, Max:  0.1, Diff:  0.1, Sum:  0.2, Workers: 8
[6.609s][debug][gc,phases      ] GC(9)     Termination (ms):         Min:  0.0, Avg:  0.1, Max:  0.1, Diff:  0.1, Sum:  0.4, Workers: 8
[6.609s][debug][gc,phases      ] GC(9)       Termination Attempts:     Min: 1, Avg:  1.0, Max: 1, Diff: 0, Sum: 8, Workers: 8
[6.609s][debug][gc,phases      ] GC(9)     GC Worker Other (ms):     Min:  0.0, Avg:  0.0, Max:  0.0, Diff:  0.0, Sum:  0.1, Workers: 8
[6.609s][debug][gc,phases      ] GC(9)     GC Worker Total (ms):     Min:  0.1, Avg:  0.2, Max:  0.2, Diff:  0.0, Sum:  1.4, Workers: 8
[6.609s][info ][gc,phases      ] GC(9)   Post Evacuate Collection Set: 0.3ms
[6.609s][debug][gc,phases      ] GC(9)     Code Roots Fixup: 0.0ms
[6.609s][debug][gc,phases      ] GC(9)     Clear Card Table: 0.0ms
[6.609s][debug][gc,phases      ] GC(9)     Reference Processing: 0.0ms
[6.609s][debug][gc,phases,ref  ] GC(9)       Reconsider SoftReferences: 0.0ms
[6.609s][debug][gc,phases,ref  ] GC(9)         SoftRef (ms):             skipped
[6.609s][debug][gc,phases,ref  ] GC(9)       Notify Soft/WeakReferences: 0.0ms
[6.609s][debug][gc,phases,ref  ] GC(9)         SoftRef (ms):             skipped
[6.609s][debug][gc,phases,ref  ] GC(9)         WeakRef (ms):             skipped
[6.609s][debug][gc,phases,ref  ] GC(9)         FinalRef (ms):            skipped
[6.609s][debug][gc,phases,ref  ] GC(9)         Total (ms):               skipped
[6.609s][debug][gc,phases,ref  ] GC(9)       Notify and keep alive finalizable: 0.0ms
[6.609s][debug][gc,phases,ref  ] GC(9)         FinalRef (ms):            skipped
[6.609s][debug][gc,phases,ref  ] GC(9)       Notify PhantomReferences: 0.0ms
[6.609s][debug][gc,phases,ref  ] GC(9)         PhantomRef (ms):          Min:  0.0, Avg:  0.0, Max:  0.0, Diff:  0.0, Sum:  0.0, Workers: 1
[6.609s][debug][gc,phases,ref  ] GC(9)       SoftReference:
[6.609s][debug][gc,phases,ref  ] GC(9)         Discovered: 0
[6.609s][debug][gc,phases,ref  ] GC(9)         Cleared: 0
[6.609s][debug][gc,phases,ref  ] GC(9)       WeakReference:
[6.609s][debug][gc,phases,ref  ] GC(9)         Discovered: 0
[6.609s][debug][gc,phases,ref  ] GC(9)         Cleared: 0
[6.609s][debug][gc,phases,ref  ] GC(9)       FinalReference:
[6.609s][debug][gc,phases,ref  ] GC(9)         Discovered: 0
[6.609s][debug][gc,phases,ref  ] GC(9)         Cleared: 0
[6.609s][debug][gc,phases,ref  ] GC(9)       PhantomReference:
[6.609s][debug][gc,phases,ref  ] GC(9)         Discovered: 2
[6.609s][debug][gc,phases,ref  ] GC(9)         Cleared: 2
[6.609s][debug][gc,phases      ] GC(9)     Weak Processing: 0.1ms
[6.609s][debug][gc,phases      ] GC(9)       JVMTI weak processing: 0.0ms
[6.609s][debug][gc,phases      ] GC(9)         Dead: 0
[6.609s][debug][gc,phases      ] GC(9)         Total: 0
[6.609s][debug][gc,phases      ] GC(9)       JFR weak processing: 0.0ms
[6.609s][debug][gc,phases      ] GC(9)         Dead: 0
[6.609s][debug][gc,phases      ] GC(9)         Total: 0
[6.609s][debug][gc,phases      ] GC(9)       JNI weak                  Min:  0.0, Avg:  0.0, Max:  0.0, Diff:  0.0, Sum:  0.0, Workers: 5
[6.609s][debug][gc,phases      ] GC(9)         Dead                      Min: 0, Avg:  0.0, Max: 0, Diff: 0, Sum: 0, Workers: 5
[6.609s][debug][gc,phases      ] GC(9)         Total                     Min: 0, Avg: 14.0, Max: 70, Diff: 70, Sum: 70, Workers: 5
[6.609s][debug][gc,phases      ] GC(9)       VM weak                   Min:  0.0, Avg:  0.0, Max:  0.0, Diff:  0.0, Sum:  0.0, Workers: 5
[6.609s][debug][gc,phases      ] GC(9)         Dead                      Min: 0, Avg:  0.0, Max: 0, Diff: 0, Sum: 0, Workers: 5
[6.609s][debug][gc,phases      ] GC(9)         Total                     Min: 0, Avg: 44.0, Max: 128, Diff: 128, Sum: 220, Workers: 5
[6.609s][debug][gc,phases      ] GC(9)       StringTable weak          Min:  0.0, Avg:  0.0, Max:  0.0, Diff:  0.0, Sum:  0.1, Workers: 5
[6.609s][debug][gc,phases      ] GC(9)         Dead                      Min: 0, Avg:  0.0, Max: 0, Diff: 0, Sum: 0, Workers: 5
[6.609s][debug][gc,phases      ] GC(9)         Total                     Min: 128, Avg: 718.2, Max: 1023, Diff: 895, Sum: 3591, Workers: 5
[6.609s][debug][gc,phases      ] GC(9)       ResolvedMethodTable weak  Min:  0.0, Avg:  0.0, Max:  0.0, Diff:  0.0, Sum:  0.0, Workers: 5
[6.609s][debug][gc,phases      ] GC(9)         Dead                      Min: 0, Avg:  0.0, Max: 0, Diff: 0, Sum: 0, Workers: 5
[6.609s][debug][gc,phases      ] GC(9)         Total                     Min: 7, Avg: 116.6, Max: 192, Diff: 185, Sum: 583, Workers: 5
[6.609s][debug][gc,phases      ] GC(9)     Merge Per-Thread State: 0.0ms
[6.609s][debug][gc,phases      ] GC(9)       Copied Bytes              Min: 1040, Avg: 63900.0, Max: 401848, Diff: 400808, Sum: 511200, Workers: 8
[6.609s][debug][gc,phases      ] GC(9)       LAB Waste                 Min: 0, Avg: 19.0, Max: 64, Diff: 64, Sum: 152, Workers: 8
[6.609s][debug][gc,phases      ] GC(9)       LAB Undo Waste            Min: 0, Avg:  0.0, Max: 0, Diff: 0, Sum: 0, Workers: 8
[6.609s][debug][gc,phases      ] GC(9)     Code Roots Purge: 0.0ms
[6.609s][debug][gc,phases      ] GC(9)     Redirty Cards: 0.0ms
[6.609s][debug][gc,phases      ] GC(9)     DerivedPointerTable Update: 0.0ms
[6.609s][debug][gc,phases      ] GC(9)     Free Collection Set: 0.0ms
[6.609s][debug][gc,phases      ] GC(9)     Rebuild Free List: 0.0ms
[6.609s][debug][gc,phases      ] GC(9)     Humongous Reclaim: 0.0ms
[6.609s][debug][gc,phases      ] GC(9)     Start New Collection Set: 0.0ms
[6.609s][debug][gc,phases      ] GC(9)     Resize TLABs: 0.0ms
[6.609s][debug][gc,phases      ] GC(9)     Expand Heap After Collection: 0.0ms
[6.609s][info ][gc,phases      ] GC(9)   Other: 0.3ms
[6.609s][info ][gc,heap        ] GC(9) Eden regions: 14->0(14)
[6.609s][info ][gc,heap        ] GC(9) Survivor regions: 1->1(2)
[6.609s][info ][gc,heap        ] GC(9) Old regions: 6->6
[6.609s][info ][gc,heap        ] GC(9) Archive regions: 2->2
[6.609s][info ][gc,heap        ] GC(9) Humongous regions: 0->0
[6.609s][info ][gc,metaspace   ] GC(9) Metaspace: 10385K(10880K)->10385K(10880K) NonClass: 9183K(9472K)->9183K(9472K) Class: 1201K(1408K)->1201K(1408K)
[6.609s][debug][gc,heap        ] GC(9) Heap after GC invocations=10 (full 1): garbage-first heap   total 27648K, used 4055K [0x0000000700000000, 0x0000000800000000)
[6.609s][debug][gc,heap        ] GC(9)   region size 1024K, 1 young (1024K), 1 survivors (1024K)
[6.609s][debug][gc,heap        ] GC(9)  Metaspace       used 10385K, capacity 10712K, committed 10880K, reserved 1058816K
[6.609s][debug][gc,heap        ] GC(9)   class space    used 1201K, capacity 1338K, committed 1408K, reserved 1048576K
[6.609s][info ][gc             ] GC(9) Pause Young (Normal) (G1 Evacuation Pause) 17M->3M(27M) 1.434ms
[6.609s][info ][gc,cpu         ] GC(9) User=0.00s Sys=0.00s Real=0.00s
[6.611s][info ][safepoint      ] Safepoint "G1CollectForAllocation", Time since last: 18106659 ns, Reaching safepoint: 117982 ns, At safepoint: 2898716 ns, Total: 3016698 ns
[6.629s][debug][gc,heap        ] GC(10) Heap before GC invocations=10 (full 1): garbage-first heap   total 27648K, used 18391K [0x0000000700000000, 0x0000000800000000)
[6.629s][debug][gc,heap        ] GC(10)   region size 1024K, 15 young (15360K), 1 survivors (1024K)
[6.629s][debug][gc,heap        ] GC(10)  Metaspace       used 10385K, capacity 10712K, committed 10880K, reserved 1058816K
[6.629s][debug][gc,heap        ] GC(10)   class space    used 1201K, capacity 1338K, committed 1408K, reserved 1048576K
[6.629s][info ][gc,start       ] GC(10) Pause Young (Normal) (G1 Evacuation Pause)
[6.629s][info ][gc,task        ] GC(10) Using 8 workers of 8 for evacuation
[6.629s][debug][gc,tlab        ] GC(10) TLAB totals: thrds: 8  refills: 427 max: 62 slow allocs: 0 max 0 waste:  2.3% gc: 94856B max: 33832B slow: 246280B max: 35632B fast: 0B max: 0B
[6.629s][debug][gc,age         ] GC(10) Desired survivor size 1048576 bytes, new threshold 15 (max threshold 15)
[6.629s][debug][gc,alloc,region] GC(10) Mutator Allocation stats, regions: 14, wasted size: 0B ( 0.0%)
[6.629s][debug][gc,ergo        ] GC(10) Running G1 Merge Heap Roots using 8 workers for 15 regions
[6.629s][debug][gc,remset      ] GC(10) Visited cards 3840 Total dirty 10240 (37.50%) Total old 77824 (4.93%)
[6.629s][debug][gc,ergo        ] GC(10) Running G1 Clear Card Table Task using 1 workers for 1 units of work for 20 regions.
[6.629s][debug][gc,ref         ] GC(10) Skipped phase1 of Reference Processing due to unavailable references
[6.629s][debug][gc,ref         ] GC(10) Skipped phase2 of Reference Processing due to unavailable references
[6.629s][debug][gc,ref         ] GC(10) Skipped phase3 of Reference Processing due to unavailable references
[6.629s][debug][gc,ergo        ] GC(10) Running G1 Free Collection Set using 8 workers for collection set length 15 (27)
[6.629s][debug][gc,ergo        ] GC(10) Running G1 Rebuild Free List Task using 8 workers for rebuilding free list of 0 (4096) regions
[6.629s][trace][gc,age         ] GC(10) Age table with threshold 15 (max threshold 15)
[6.629s][trace][gc,age         ] GC(10) - age   1:        864 bytes,        864 total
[6.629s][trace][gc,age         ] GC(10) - age   9:        328 bytes,       1192 total
[6.629s][trace][gc,age         ] GC(10) - age  10:     510016 bytes,     511208 total
[6.629s][debug][gc,plab        ] GC(10) Young PLAB allocation: allocated: 24768B, wasted: 144B, unused: 8408B, used: 16216B, undo waste: 0B, 
[6.629s][debug][gc,plab        ] GC(10) Young other allocation: region end waste: 0B, regions filled: 1, direct allocated: 494992B, failure used: 0B, failure wasted: 0B
[6.629s][debug][gc,plab        ] GC(10) Young sizing: calculated: 3240B, actual: 3216B
[6.629s][debug][gc,plab        ] GC(10) Old PLAB allocation: allocated: 0B, wasted: 0B, unused: 0B, used: 0B, undo waste: 0B, 
[6.629s][debug][gc,plab        ] GC(10) Old other allocation: region end waste: 0B, regions filled: 0, direct allocated: 0B, failure used: 0B, failure wasted: 0B
[6.629s][debug][gc,plab        ] GC(10) Old sizing: calculated: 0B, actual: 2064B
[6.629s][debug][gc,ihop        ] GC(10) Basic information (value update), threshold: 12740198B (45.00), target occupancy: 28311552B, current occupancy: 4151960B, recent allocation size: 0B, recent allocation duration: 20.04ms, recent old gen allocation rate: 0.00B/s, recent marking phase length: 0.00ms
[6.629s][debug][gc,ihop        ] GC(10) Adaptive IHOP information (value update), threshold: 12740198B (47.37), internal target occupancy: 26895974B, occupancy: 4151960B, additional buffer size: 15728640B, predicted old gen allocation rate: 0.00B/s, predicted marking phase length: 0.00ms, prediction active: false
[6.629s][debug][gc,ergo,refine ] GC(10) Concurrent refinement times: Logged Cards Scan time goal: 20.00ms Logged Cards Scan time: 0.01ms HCC time: 0.00ms
[6.629s][debug][gc,ergo,refine ] GC(10) Updated Refinement Zones: green: 2048, yellow: 6144, red: 10240
[6.629s][info ][gc,phases      ] GC(10)   Pre Evacuate Collection Set: 0.1ms
[6.629s][debug][gc,phases      ] GC(10)     Prepare TLABs: 0.0ms
[6.629s][debug][gc,phases      ] GC(10)     Choose Collection Set: 0.0ms
[6.630s][debug][gc,phases      ] GC(10)     Region Register: 0.1ms
[6.630s][debug][gc,phases      ] GC(10)     Prepare Heap Roots: 0.0ms
[6.630s][info ][gc,phases      ] GC(10)   Merge Heap Roots: 0.1ms
[6.630s][debug][gc,phases      ] GC(10)     Prepare Merge Heap Roots: 0.0ms
[6.630s][debug][gc,phases      ] GC(10)     Eager Reclaim (ms):       skipped
[6.630s][debug][gc,phases      ] GC(10)     Remembered Sets (ms):     Min:  0.0, Avg:  0.0, Max:  0.0, Diff:  0.0, Sum:  0.0, Workers: 8
[6.630s][debug][gc,phases      ] GC(10)       Merged Sparse:            Min: 0, Avg:  0.0, Max: 0, Diff: 0, Sum: 0, Workers: 8
[6.630s][debug][gc,phases      ] GC(10)       Merged Fine:              Min: 0, Avg:  0.0, Max: 0, Diff: 0, Sum: 0, Workers: 8
[6.630s][debug][gc,phases      ] GC(10)       Merged Coarse:            Min: 0, Avg:  0.0, Max: 0, Diff: 0, Sum: 0, Workers: 8
[6.630s][debug][gc,phases      ] GC(10)       Dirty Cards:              Min: 0, Avg:  0.0, Max: 0, Diff: 0, Sum: 0, Workers: 8
[6.630s][debug][gc,phases      ] GC(10)     Hot Card Cache (ms):      Min:  0.0, Avg:  0.0, Max:  0.0, Diff:  0.0, Sum:  0.0, Workers: 8
[6.630s][debug][gc,phases      ] GC(10)       Dirty Cards:              Min: 0, Avg:  0.0, Max: 0, Diff: 0, Sum: 0, Workers: 8
[6.630s][debug][gc,phases      ] GC(10)       Skipped Cards:            Min: 0, Avg:  0.0, Max: 0, Diff: 0, Sum: 0, Workers: 8
[6.630s][debug][gc,phases      ] GC(10)     Log Buffers (ms):         Min:  0.0, Avg:  0.0, Max:  0.0, Diff:  0.0, Sum:  0.0, Workers: 8
[6.630s][debug][gc,phases      ] GC(10)       Dirty Cards:              Min: 0, Avg:  5.8, Max: 17, Diff: 17, Sum: 46, Workers: 8
[6.630s][debug][gc,phases      ] GC(10)       Skipped Cards:            Min: 0, Avg:  0.0, Max: 0, Diff: 0, Sum: 0, Workers: 8
[6.630s][info ][gc,phases      ] GC(10)   Evacuate Collection Set: 0.2ms
[6.630s][debug][gc,phases      ] GC(10)     Ext Root Scanning (ms):   Min:  0.0, Avg:  0.0, Max:  0.1, Diff:  0.1, Sum:  0.3, Workers: 8
[6.630s][debug][gc,phases      ] GC(10)     Scan Heap Roots (ms):     Min:  0.0, Avg:  0.0, Max:  0.0, Diff:  0.0, Sum:  0.1, Workers: 8
[6.630s][debug][gc,phases      ] GC(10)       Scanned Cards:            Min: 0, Avg:  5.5, Max: 8, Diff: 8, Sum: 44, Workers: 8
[6.630s][debug][gc,phases      ] GC(10)       Scanned Blocks:           Min: 0, Avg:  4.5, Max: 7, Diff: 7, Sum: 36, Workers: 8
[6.630s][debug][gc,phases      ] GC(10)       Claimed Chunks:           Min: 0, Avg:  1.9, Max: 4, Diff: 4, Sum: 15, Workers: 8
[6.630s][debug][gc,phases      ] GC(10)     Code Root Scan (ms):      Min:  0.0, Avg:  0.0, Max:  0.0, Diff:  0.0, Sum:  0.0, Workers: 8
[6.630s][debug][gc,phases      ] GC(10)     Object Copy (ms):         Min:  0.0, Avg:  0.0, Max:  0.1, Diff:  0.1, Sum:  0.2, Workers: 8
[6.630s][debug][gc,phases      ] GC(10)     Termination (ms):         Min:  0.0, Avg:  0.1, Max:  0.1, Diff:  0.1, Sum:  0.4, Workers: 8
[6.630s][debug][gc,phases      ] GC(10)       Termination Attempts:     Min: 1, Avg:  1.0, Max: 1, Diff: 0, Sum: 8, Workers: 8
[6.630s][debug][gc,phases      ] GC(10)     GC Worker Other (ms):     Min:  0.0, Avg:  0.0, Max:  0.0, Diff:  0.0, Sum:  0.1, Workers: 8
[6.630s][debug][gc,phases      ] GC(10)     GC Worker Total (ms):     Min:  0.1, Avg:  0.2, Max:  0.2, Diff:  0.0, Sum:  1.3, Workers: 8
[6.630s][info ][gc,phases      ] GC(10)   Post Evacuate Collection Set: 0.3ms
[6.630s][debug][gc,phases      ] GC(10)     Code Roots Fixup: 0.0ms
[6.630s][debug][gc,phases      ] GC(10)     Clear Card Table: 0.0ms
[6.630s][debug][gc,phases      ] GC(10)     Reference Processing: 0.0ms
[6.630s][debug][gc,phases,ref  ] GC(10)       Reconsider SoftReferences: 0.0ms
[6.630s][debug][gc,phases,ref  ] GC(10)         SoftRef (ms):             skipped
[6.630s][debug][gc,phases,ref  ] GC(10)       Notify Soft/WeakReferences: 0.0ms
[6.630s][debug][gc,phases,ref  ] GC(10)         SoftRef (ms):             skipped
[6.630s][debug][gc,phases,ref  ] GC(10)         WeakRef (ms):             skipped
[6.630s][debug][gc,phases,ref  ] GC(10)         FinalRef (ms):            skipped
[6.630s][debug][gc,phases,ref  ] GC(10)         Total (ms):               skipped
[6.630s][debug][gc,phases,ref  ] GC(10)       Notify and keep alive finalizable: 0.0ms
[6.630s][debug][gc,phases,ref  ] GC(10)         FinalRef (ms):            skipped
[6.630s][debug][gc,phases,ref  ] GC(10)       Notify PhantomReferences: 0.0ms
[6.630s][debug][gc,phases,ref  ] GC(10)         PhantomRef (ms):          Min:  0.0, Avg:  0.0, Max:  0.0, Diff:  0.0, Sum:  0.0, Workers: 1
[6.630s][debug][gc,phases,ref  ] GC(10)       SoftReference:
[6.630s][debug][gc,phases,ref  ] GC(10)         Discovered: 0
[6.630s][debug][gc,phases,ref  ] GC(10)         Cleared: 0
[6.630s][debug][gc,phases,ref  ] GC(10)       WeakReference:
[6.630s][debug][gc,phases,ref  ] GC(10)         Discovered: 0
[6.630s][debug][gc,phases,ref  ] GC(10)         Cleared: 0
[6.630s][debug][gc,phases,ref  ] GC(10)       FinalReference:
[6.630s][debug][gc,phases,ref  ] GC(10)         Discovered: 0
[6.630s][debug][gc,phases,ref  ] GC(10)         Cleared: 0
[6.630s][debug][gc,phases,ref  ] GC(10)       PhantomReference:
[6.630s][debug][gc,phases,ref  ] GC(10)         Discovered: 2
[6.630s][debug][gc,phases,ref  ] GC(10)         Cleared: 2
[6.630s][debug][gc,phases      ] GC(10)     Weak Processing: 0.0ms
[6.630s][debug][gc,phases      ] GC(10)       JVMTI weak processing: 0.0ms
[6.630s][debug][gc,phases      ] GC(10)         Dead: 0
[6.630s][debug][gc,phases      ] GC(10)         Total: 0
[6.630s][debug][gc,phases      ] GC(10)       JFR weak processing: 0.0ms
[6.630s][debug][gc,phases      ] GC(10)         Dead: 0
[6.630s][debug][gc,phases      ] GC(10)         Total: 0
[6.630s][debug][gc,phases      ] GC(10)       JNI weak                  Min:  0.0, Avg:  0.0, Max:  0.0, Diff:  0.0, Sum:  0.0, Workers: 5
[6.630s][debug][gc,phases      ] GC(10)         Dead                      Min: 0, Avg:  0.0, Max: 0, Diff: 0, Sum: 0, Workers: 5
[6.630s][debug][gc,phases      ] GC(10)         Total                     Min: 0, Avg: 13.8, Max: 55, Diff: 55, Sum: 69, Workers: 5
[6.630s][debug][gc,phases      ] GC(10)       VM weak                   Min:  0.0, Avg:  0.0, Max:  0.0, Diff:  0.0, Sum:  0.0, Workers: 5
[6.630s][debug][gc,phases      ] GC(10)         Dead                      Min: 0, Avg:  0.0, Max: 0, Diff: 0, Sum: 0, Workers: 5
[6.630s][debug][gc,phases      ] GC(10)         Total                     Min: 0, Avg: 44.0, Max: 64, Diff: 64, Sum: 220, Workers: 5
[6.630s][debug][gc,phases      ] GC(10)       StringTable weak          Min:  0.0, Avg:  0.0, Max:  0.0, Diff:  0.0, Sum:  0.1, Workers: 5
[6.630s][debug][gc,phases      ] GC(10)         Dead                      Min: 0, Avg:  0.0, Max: 0, Diff: 0, Sum: 0, Workers: 5
[6.630s][debug][gc,phases      ] GC(10)         Total                     Min: 512, Avg: 718.2, Max: 832, Diff: 320, Sum: 3591, Workers: 5
[6.630s][debug][gc,phases      ] GC(10)       ResolvedMethodTable weak  Min:  0.0, Avg:  0.0, Max:  0.0, Diff:  0.0, Sum:  0.0, Workers: 5
[6.630s][debug][gc,phases      ] GC(10)         Dead                      Min: 0, Avg:  0.0, Max: 0, Diff: 0, Sum: 0, Workers: 5
[6.630s][debug][gc,phases      ] GC(10)         Total                     Min: 0, Avg: 116.6, Max: 192, Diff: 192, Sum: 583, Workers: 5
[6.630s][debug][gc,phases      ] GC(10)     Merge Per-Thread State: 0.0ms
[6.630s][debug][gc,phases      ] GC(10)       Copied Bytes              Min: 528, Avg: 63901.0, Max: 404648, Diff: 404120, Sum: 511208, Workers: 8
[6.630s][debug][gc,phases      ] GC(10)       LAB Waste                 Min: 0, Avg: 18.0, Max: 96, Diff: 96, Sum: 144, Workers: 8
[6.630s][debug][gc,phases      ] GC(10)       LAB Undo Waste            Min: 0, Avg:  0.0, Max: 0, Diff: 0, Sum: 0, Workers: 8
[6.630s][debug][gc,phases      ] GC(10)     Code Roots Purge: 0.0ms
[6.630s][debug][gc,phases      ] GC(10)     Redirty Cards: 0.0ms
[6.630s][debug][gc,phases      ] GC(10)     DerivedPointerTable Update: 0.0ms
[6.630s][debug][gc,phases      ] GC(10)     Free Collection Set: 0.1ms
[6.630s][debug][gc,phases      ] GC(10)     Rebuild Free List: 0.1ms
[6.630s][debug][gc,phases      ] GC(10)     Humongous Reclaim: 0.0ms
[6.630s][debug][gc,phases      ] GC(10)     Start New Collection Set: 0.0ms
[6.630s][debug][gc,phases      ] GC(10)     Resize TLABs: 0.0ms
[6.630s][debug][gc,phases      ] GC(10)     Expand Heap After Collection: 0.0ms
[6.630s][info ][gc,phases      ] GC(10)   Other: 0.3ms
[6.630s][info ][gc,heap        ] GC(10) Eden regions: 14->0(14)
[6.630s][info ][gc,heap        ] GC(10) Survivor regions: 1->1(2)
[6.630s][info ][gc,heap        ] GC(10) Old regions: 6->6
[6.630s][info ][gc,heap        ] GC(10) Archive regions: 2->2
[6.630s][info ][gc,heap        ] GC(10) Humongous regions: 0->0
[6.630s][info ][gc,metaspace   ] GC(10) Metaspace: 10385K(10880K)->10385K(10880K) NonClass: 9183K(9472K)->9183K(9472K) Class: 1201K(1408K)->1201K(1408K)
[6.630s][debug][gc,heap        ] GC(10) Heap after GC invocations=11 (full 1): garbage-first heap   total 27648K, used 4054K [0x0000000700000000, 0x0000000800000000)
[6.630s][debug][gc,heap        ] GC(10)   region size 1024K, 1 young (1024K), 1 survivors (1024K)
[6.630s][debug][gc,heap        ] GC(10)  Metaspace       used 10385K, capacity 10712K, committed 10880K, reserved 1058816K
[6.630s][debug][gc,heap        ] GC(10)   class space    used 1201K, capacity 1338K, committed 1408K, reserved 1048576K
[6.630s][info ][gc             ] GC(10) Pause Young (Normal) (G1 Evacuation Pause) 17M->3M(27M) 1.598ms
[6.630s][info ][gc,cpu         ] GC(10) User=0.00s Sys=0.00s Real=0.00s
[6.630s][info ][safepoint      ] Safepoint "G1CollectForAllocation", Time since last: 17766845 ns, Reaching safepoint: 131386 ns, At safepoint: 1781876 ns, Total: 1913262 ns
[6.647s][debug][gc,heap        ] GC(11) Heap before GC invocations=11 (full 1): garbage-first heap   total 27648K, used 18390K [0x0000000700000000, 0x0000000800000000)
[6.647s][debug][gc,heap        ] GC(11)   region size 1024K, 15 young (15360K), 1 survivors (1024K)
[6.647s][debug][gc,heap        ] GC(11)  Metaspace       used 10385K, capacity 10712K, committed 10880K, reserved 1058816K
[6.647s][debug][gc,heap        ] GC(11)   class space    used 1201K, capacity 1338K, committed 1408K, reserved 1048576K
[6.647s][info ][gc,start       ] GC(11) Pause Young (Normal) (G1 Evacuation Pause)
[6.647s][info ][gc,task        ] GC(11) Using 8 workers of 8 for evacuation
[6.647s][debug][gc,tlab        ] GC(11) TLAB totals: thrds: 9  refills: 432 max: 77 slow allocs: 0 max 0 waste:  3.1% gc: 203728B max: 97312B slow: 248408B max: 44192B fast: 0B max: 0B
[6.647s][debug][gc,age         ] GC(11) Desired survivor size 1048576 bytes, new threshold 15 (max threshold 15)
[6.647s][debug][gc,alloc,region] GC(11) Mutator Allocation stats, regions: 14, wasted size: 0B ( 0.0%)
[6.647s][debug][gc,ergo        ] GC(11) Running G1 Merge Heap Roots using 8 workers for 15 regions
[6.647s][debug][gc,remset      ] GC(11) Visited cards 3840 Total dirty 10240 (37.50%) Total old 77824 (4.93%)
[6.648s][debug][gc,ergo        ] GC(11) Running G1 Clear Card Table Task using 1 workers for 1 units of work for 20 regions.
[6.648s][debug][gc,ref         ] GC(11) Skipped phase1 of Reference Processing due to unavailable references
[6.648s][debug][gc,ref         ] GC(11) Skipped phase2 of Reference Processing due to unavailable references
[6.648s][debug][gc,ref         ] GC(11) Skipped phase3 of Reference Processing due to unavailable references
[6.648s][debug][gc,ergo        ] GC(11) Running G1 Free Collection Set using 8 workers for collection set length 15 (27)
[6.648s][debug][gc,ergo        ] GC(11) Running G1 Rebuild Free List Task using 8 workers for rebuilding free list of 0 (4096) regions
[6.648s][trace][gc,age         ] GC(11) Age table with threshold 15 (max threshold 15)
[6.648s][trace][gc,age         ] GC(11) - age   1:        744 bytes,        744 total
[6.648s][trace][gc,age         ] GC(11) - age  10:        328 bytes,       1072 total
[6.648s][trace][gc,age         ] GC(11) - age  11:     510016 bytes,     511088 total
[6.648s][debug][gc,plab        ] GC(11) Young PLAB allocation: allocated: 22704B, wasted: 152B, unused: 6088B, used: 16464B, undo waste: 0B, 
[6.648s][debug][gc,plab        ] GC(11) Young other allocation: region end waste: 0B, regions filled: 1, direct allocated: 494624B, failure used: 0B, failure wasted: 0B
[6.648s][debug][gc,plab        ] GC(11) Young sizing: calculated: 3288B, actual: 3264B
[6.648s][debug][gc,plab        ] GC(11) Old PLAB allocation: allocated: 0B, wasted: 0B, unused: 0B, used: 0B, undo waste: 0B, 
[6.648s][debug][gc,plab        ] GC(11) Old other allocation: region end waste: 0B, regions filled: 0, direct allocated: 0B, failure used: 0B, failure wasted: 0B
[6.648s][debug][gc,plab        ] GC(11) Old sizing: calculated: 0B, actual: 2064B
[6.648s][debug][gc,ihop        ] GC(11) Basic information (value update), threshold: 12740198B (45.00), target occupancy: 28311552B, current occupancy: 4149528B, recent allocation size: 0B, recent allocation duration: 17.64ms, recent old gen allocation rate: 0.00B/s, recent marking phase length: 0.00ms
[6.648s][debug][gc,ihop        ] GC(11) Adaptive IHOP information (value update), threshold: 12740198B (47.37), internal target occupancy: 26895974B, occupancy: 4149528B, additional buffer size: 15728640B, predicted old gen allocation rate: 0.00B/s, predicted marking phase length: 0.00ms, prediction active: false
[6.648s][debug][gc,ergo,refine ] GC(11) Concurrent refinement times: Logged Cards Scan time goal: 20.00ms Logged Cards Scan time: 0.01ms HCC time: 0.00ms
[6.648s][debug][gc,ergo,refine ] GC(11) Updated Refinement Zones: green: 2048, yellow: 6144, red: 10240
[6.648s][info ][gc,phases      ] GC(11)   Pre Evacuate Collection Set: 0.1ms
[6.648s][debug][gc,phases      ] GC(11)     Prepare TLABs: 0.0ms
[6.648s][debug][gc,phases      ] GC(11)     Choose Collection Set: 0.0ms
[6.648s][debug][gc,phases      ] GC(11)     Region Register: 0.1ms
[6.648s][debug][gc,phases      ] GC(11)     Prepare Heap Roots: 0.0ms
[6.648s][info ][gc,phases      ] GC(11)   Merge Heap Roots: 0.1ms
[6.648s][debug][gc,phases      ] GC(11)     Prepare Merge Heap Roots: 0.0ms
[6.648s][debug][gc,phases      ] GC(11)     Eager Reclaim (ms):       skipped
[6.648s][debug][gc,phases      ] GC(11)     Remembered Sets (ms):     Min:  0.0, Avg:  0.0, Max:  0.0, Diff:  0.0, Sum:  0.0, Workers: 8
[6.648s][debug][gc,phases      ] GC(11)       Merged Sparse:            Min: 0, Avg:  0.0, Max: 0, Diff: 0, Sum: 0, Workers: 8
[6.648s][debug][gc,phases      ] GC(11)       Merged Fine:              Min: 0, Avg:  0.0, Max: 0, Diff: 0, Sum: 0, Workers: 8
[6.648s][debug][gc,phases      ] GC(11)       Merged Coarse:            Min: 0, Avg:  0.0, Max: 0, Diff: 0, Sum: 0, Workers: 8
[6.648s][debug][gc,phases      ] GC(11)       Dirty Cards:              Min: 0, Avg:  0.0, Max: 0, Diff: 0, Sum: 0, Workers: 8
[6.648s][debug][gc,phases      ] GC(11)     Hot Card Cache (ms):      Min:  0.0, Avg:  0.0, Max:  0.0, Diff:  0.0, Sum:  0.0, Workers: 8
[6.648s][debug][gc,phases      ] GC(11)       Dirty Cards:              Min: 0, Avg:  0.0, Max: 0, Diff: 0, Sum: 0, Workers: 8
[6.648s][debug][gc,phases      ] GC(11)       Skipped Cards:            Min: 0, Avg:  0.0, Max: 0, Diff: 0, Sum: 0, Workers: 8
[6.648s][debug][gc,phases      ] GC(11)     Log Buffers (ms):         Min:  0.0, Avg:  0.0, Max:  0.0, Diff:  0.0, Sum:  0.0, Workers: 8
[6.648s][debug][gc,phases      ] GC(11)       Dirty Cards:              Min: 0, Avg:  5.8, Max: 17, Diff: 17, Sum: 46, Workers: 8
[6.648s][debug][gc,phases      ] GC(11)       Skipped Cards:            Min: 0, Avg:  0.0, Max: 0, Diff: 0, Sum: 0, Workers: 8
[6.648s][info ][gc,phases      ] GC(11)   Evacuate Collection Set: 0.2ms
[6.648s][debug][gc,phases      ] GC(11)     Ext Root Scanning (ms):   Min:  0.0, Avg:  0.0, Max:  0.1, Diff:  0.1, Sum:  0.3, Workers: 8
[6.648s][debug][gc,phases      ] GC(11)     Scan Heap Roots (ms):     Min:  0.0, Avg:  0.0, Max:  0.0, Diff:  0.0, Sum:  0.1, Workers: 8
[6.648s][debug][gc,phases      ] GC(11)       Scanned Cards:            Min: 0, Avg:  5.5, Max: 11, Diff: 11, Sum: 44, Workers: 8
[6.648s][debug][gc,phases      ] GC(11)       Scanned Blocks:           Min: 0, Avg:  4.5, Max: 8, Diff: 8, Sum: 36, Workers: 8
[6.648s][debug][gc,phases      ] GC(11)       Claimed Chunks:           Min: 0, Avg:  1.9, Max: 5, Diff: 5, Sum: 15, Workers: 8
[6.648s][debug][gc,phases      ] GC(11)     Code Root Scan (ms):      Min:  0.0, Avg:  0.0, Max:  0.0, Diff:  0.0, Sum:  0.0, Workers: 8
[6.648s][debug][gc,phases      ] GC(11)     Object Copy (ms):         Min:  0.0, Avg:  0.0, Max:  0.1, Diff:  0.1, Sum:  0.2, Workers: 8
[6.648s][debug][gc,phases      ] GC(11)     Termination (ms):         Min:  0.0, Avg:  0.0, Max:  0.1, Diff:  0.1, Sum:  0.4, Workers: 8
[6.648s][debug][gc,phases      ] GC(11)       Termination Attempts:     Min: 1, Avg:  1.0, Max: 1, Diff: 0, Sum: 8, Workers: 8
[6.648s][debug][gc,phases      ] GC(11)     GC Worker Other (ms):     Min:  0.0, Avg:  0.0, Max:  0.0, Diff:  0.0, Sum:  0.1, Workers: 8
[6.648s][debug][gc,phases      ] GC(11)     GC Worker Total (ms):     Min:  0.0, Avg:  0.1, Max:  0.2, Diff:  0.1, Sum:  1.0, Workers: 8
[6.648s][info ][gc,phases      ] GC(11)   Post Evacuate Collection Set: 0.3ms
[6.648s][debug][gc,phases      ] GC(11)     Code Roots Fixup: 0.0ms
[6.648s][debug][gc,phases      ] GC(11)     Clear Card Table: 0.0ms
[6.648s][debug][gc,phases      ] GC(11)     Reference Processing: 0.0ms
[6.648s][debug][gc,phases,ref  ] GC(11)       Reconsider SoftReferences: 0.0ms
[6.648s][debug][gc,phases,ref  ] GC(11)         SoftRef (ms):             skipped
[6.648s][debug][gc,phases,ref  ] GC(11)       Notify Soft/WeakReferences: 0.0ms
[6.648s][debug][gc,phases,ref  ] GC(11)         SoftRef (ms):             skipped
[6.648s][debug][gc,phases,ref  ] GC(11)         WeakRef (ms):             skipped
[6.648s][debug][gc,phases,ref  ] GC(11)         FinalRef (ms):            skipped
[6.648s][debug][gc,phases,ref  ] GC(11)         Total (ms):               skipped
[6.648s][debug][gc,phases,ref  ] GC(11)       Notify and keep alive finalizable: 0.0ms
[6.648s][debug][gc,phases,ref  ] GC(11)         FinalRef (ms):            skipped
[6.648s][debug][gc,phases,ref  ] GC(11)       Notify PhantomReferences: 0.0ms
[6.648s][debug][gc,phases,ref  ] GC(11)         PhantomRef (ms):          Min:  0.0, Avg:  0.0, Max:  0.0, Diff:  0.0, Sum:  0.0, Workers: 1
[6.648s][debug][gc,phases,ref  ] GC(11)       SoftReference:
[6.648s][debug][gc,phases,ref  ] GC(11)         Discovered: 0
[6.648s][debug][gc,phases,ref  ] GC(11)         Cleared: 0
[6.648s][debug][gc,phases,ref  ] GC(11)       WeakReference:
[6.648s][debug][gc,phases,ref  ] GC(11)         Discovered: 0
[6.648s][debug][gc,phases,ref  ] GC(11)         Cleared: 0
[6.648s][debug][gc,phases,ref  ] GC(11)       FinalReference:
[6.648s][debug][gc,phases,ref  ] GC(11)         Discovered: 0
[6.648s][debug][gc,phases,ref  ] GC(11)         Cleared: 0
[6.648s][debug][gc,phases,ref  ] GC(11)       PhantomReference:
[6.648s][debug][gc,phases,ref  ] GC(11)         Discovered: 2
[6.648s][debug][gc,phases,ref  ] GC(11)         Cleared: 2
[6.648s][debug][gc,phases      ] GC(11)     Weak Processing: 0.0ms
[6.648s][debug][gc,phases      ] GC(11)       JVMTI weak processing: 0.0ms
[6.648s][debug][gc,phases      ] GC(11)         Dead: 0
[6.648s][debug][gc,phases      ] GC(11)         Total: 0
[6.648s][debug][gc,phases      ] GC(11)       JFR weak processing: 0.0ms
[6.648s][debug][gc,phases      ] GC(11)         Dead: 0
[6.648s][debug][gc,phases      ] GC(11)         Total: 0
[6.648s][debug][gc,phases      ] GC(11)       JNI weak                  Min:  0.0, Avg:  0.0, Max:  0.0, Diff:  0.0, Sum:  0.0, Workers: 5
[6.648s][debug][gc,phases      ] GC(11)         Dead                      Min: 0, Avg:  0.0, Max: 0, Diff: 0, Sum: 0, Workers: 5
[6.648s][debug][gc,phases      ] GC(11)         Total                     Min: 0, Avg: 13.6, Max: 55, Diff: 55, Sum: 68, Workers: 5
[6.648s][debug][gc,phases      ] GC(11)       VM weak                   Min:  0.0, Avg:  0.0, Max:  0.0, Diff:  0.0, Sum:  0.0, Workers: 5
[6.648s][debug][gc,phases      ] GC(11)         Dead                      Min: 0, Avg:  0.0, Max: 0, Diff: 0, Sum: 0, Workers: 5
[6.648s][debug][gc,phases      ] GC(11)         Total                     Min: 0, Avg: 44.0, Max: 128, Diff: 128, Sum: 220, Workers: 5
[6.648s][debug][gc,phases      ] GC(11)       StringTable weak          Min:  0.0, Avg:  0.0, Max:  0.0, Diff:  0.0, Sum:  0.0, Workers: 5
[6.648s][debug][gc,phases      ] GC(11)         Dead                      Min: 0, Avg:  0.0, Max: 0, Diff: 0, Sum: 0, Workers: 5
[6.648s][debug][gc,phases      ] GC(11)         Total                     Min: 0, Avg: 718.2, Max: 1216, Diff: 1216, Sum: 3591, Workers: 5
[6.648s][debug][gc,phases      ] GC(11)       ResolvedMethodTable weak  Min:  0.0, Avg:  0.0, Max:  0.0, Diff:  0.0, Sum:  0.0, Workers: 5
[6.648s][debug][gc,phases      ] GC(11)         Dead                      Min: 0, Avg:  0.0, Max: 0, Diff: 0, Sum: 0, Workers: 5
[6.648s][debug][gc,phases      ] GC(11)         Total                     Min: 0, Avg: 116.6, Max: 192, Diff: 192, Sum: 583, Workers: 5
[6.648s][debug][gc,phases      ] GC(11)     Merge Per-Thread State: 0.0ms
[6.648s][debug][gc,phases      ] GC(11)       Copied Bytes              Min: 0, Avg: 63886.0, Max: 400936, Diff: 400936, Sum: 511088, Workers: 8
[6.648s][debug][gc,phases      ] GC(11)       LAB Waste                 Min: 0, Avg: 19.0, Max: 56, Diff: 56, Sum: 152, Workers: 8
[6.648s][debug][gc,phases      ] GC(11)       LAB Undo Waste            Min: 0, Avg:  0.0, Max: 0, Diff: 0, Sum: 0, Workers: 8
[6.648s][debug][gc,phases      ] GC(11)     Code Roots Purge: 0.0ms
[6.649s][debug][gc,phases      ] GC(11)     Redirty Cards: 0.1ms
[6.649s][debug][gc,phases      ] GC(11)     DerivedPointerTable Update: 0.0ms
[6.649s][debug][gc,phases      ] GC(11)     Free Collection Set: 0.0ms
[6.649s][debug][gc,phases      ] GC(11)     Rebuild Free List: 0.1ms
[6.649s][debug][gc,phases      ] GC(11)     Humongous Reclaim: 0.0ms
[6.649s][debug][gc,phases      ] GC(11)     Start New Collection Set: 0.0ms
[6.649s][debug][gc,phases      ] GC(11)     Resize TLABs: 0.0ms
[6.649s][debug][gc,phases      ] GC(11)     Expand Heap After Collection: 0.0ms
[6.649s][info ][gc,phases      ] GC(11)   Other: 0.4ms
[6.649s][info ][gc,heap        ] GC(11) Eden regions: 14->0(14)
[6.649s][info ][gc,heap        ] GC(11) Survivor regions: 1->1(2)
[6.649s][info ][gc,heap        ] GC(11) Old regions: 6->6
[6.649s][info ][gc,heap        ] GC(11) Archive regions: 2->2
[6.649s][info ][gc,heap        ] GC(11) Humongous regions: 0->0
[6.649s][info ][gc,metaspace   ] GC(11) Metaspace: 10385K(10880K)->10385K(10880K) NonClass: 9183K(9472K)->9183K(9472K) Class: 1201K(1408K)->1201K(1408K)
[6.649s][debug][gc,heap        ] GC(11) Heap after GC invocations=12 (full 1): garbage-first heap   total 27648K, used 4052K [0x0000000700000000, 0x0000000800000000)
[6.649s][debug][gc,heap        ] GC(11)   region size 1024K, 1 young (1024K), 1 survivors (1024K)
[6.649s][debug][gc,heap        ] GC(11)  Metaspace       used 10385K, capacity 10712K, committed 10880K, reserved 1058816K
[6.649s][debug][gc,heap        ] GC(11)   class space    used 1201K, capacity 1338K, committed 1408K, reserved 1048576K
[6.649s][info ][gc             ] GC(11) Pause Young (Normal) (G1 Evacuation Pause) 17M->3M(27M) 1.559ms
[6.649s][info ][gc,cpu         ] GC(11) User=0.00s Sys=0.00s Real=0.00s
[6.649s][info ][safepoint      ] Safepoint "G1CollectForAllocation", Time since last: 16494554 ns, Reaching safepoint: 106529 ns, At safepoint: 1832891 ns, Total: 1939420 ns
[6.661s][debug][gc,heap        ] GC(12) Heap before GC invocations=12 (full 1): garbage-first heap   total 27648K, used 18388K [0x0000000700000000, 0x0000000800000000)
[6.661s][debug][gc,heap        ] GC(12)   region size 1024K, 15 young (15360K), 1 survivors (1024K)
[6.661s][debug][gc,heap        ] GC(12)  Metaspace       used 10385K, capacity 10712K, committed 10880K, reserved 1058816K
[6.661s][debug][gc,heap        ] GC(12)   class space    used 1201K, capacity 1338K, committed 1408K, reserved 1048576K
[6.661s][info ][gc,start       ] GC(12) Pause Young (Normal) (G1 Evacuation Pause)
[6.661s][info ][gc,task        ] GC(12) Using 8 workers of 8 for evacuation
[6.661s][debug][gc,tlab        ] GC(12) TLAB totals: thrds: 10  refills: 423 max: 70 slow allocs: 0 max 0 waste:  3.4% gc: 249944B max: 100896B slow: 243120B max: 40280B fast: 0B max: 0B
[6.661s][debug][gc,age         ] GC(12) Desired survivor size 1048576 bytes, new threshold 15 (max threshold 15)
[6.661s][debug][gc,alloc,region] GC(12) Mutator Allocation stats, regions: 14, wasted size: 0B ( 0.0%)
[6.661s][debug][gc,ergo        ] GC(12) Running G1 Merge Heap Roots using 8 workers for 15 regions
[6.661s][debug][gc,remset      ] GC(12) Visited cards 3840 Total dirty 10240 (37.50%) Total old 77824 (4.93%)
[6.661s][debug][gc,ergo        ] GC(12) Running G1 Clear Card Table Task using 1 workers for 1 units of work for 20 regions.
[6.661s][debug][gc,ref         ] GC(12) Skipped phase1 of Reference Processing due to unavailable references
[6.661s][debug][gc,ref         ] GC(12) Skipped phase3 of Reference Processing due to unavailable references
[6.661s][debug][gc,ref         ] GC(12) Skipped phase4 of Reference Processing due to unavailable references
[6.661s][debug][gc,ergo        ] GC(12) Running G1 Free Collection Set using 8 workers for collection set length 15 (27)
[6.662s][debug][gc,ergo        ] GC(12) Running G1 Rebuild Free List Task using 8 workers for rebuilding free list of 0 (4096) regions
[6.662s][trace][gc,age         ] GC(12) Age table with threshold 15 (max threshold 15)
[6.662s][trace][gc,age         ] GC(12) - age   1:        696 bytes,        696 total
[6.662s][trace][gc,age         ] GC(12) - age  11:        264 bytes,        960 total
[6.662s][trace][gc,age         ] GC(12) - age  12:     510016 bytes,     510976 total
[6.662s][debug][gc,plab        ] GC(12) Young PLAB allocation: allocated: 26832B, wasted: 168B, unused: 10680B, used: 15984B, undo waste: 0B, 
[6.662s][debug][gc,plab        ] GC(12) Young other allocation: region end waste: 0B, regions filled: 1, direct allocated: 494992B, failure used: 0B, failure wasted: 0B
[6.662s][debug][gc,plab        ] GC(12) Young sizing: calculated: 3192B, actual: 3208B
[6.662s][debug][gc,plab        ] GC(12) Old PLAB allocation: allocated: 0B, wasted: 0B, unused: 0B, used: 0B, undo waste: 0B, 
[6.662s][debug][gc,plab        ] GC(12) Old other allocation: region end waste: 0B, regions filled: 0, direct allocated: 0B, failure used: 0B, failure wasted: 0B
[6.662s][debug][gc,plab        ] GC(12) Old sizing: calculated: 0B, actual: 2064B
[6.662s][debug][gc,ihop        ] GC(12) Basic information (value update), threshold: 12740198B (45.00), target occupancy: 28311552B, current occupancy: 4154024B, recent allocation size: 0B, recent allocation duration: 13.08ms, recent old gen allocation rate: 0.00B/s, recent marking phase length: 0.00ms
[6.662s][debug][gc,ihop        ] GC(12) Adaptive IHOP information (value update), threshold: 12740198B (47.37), internal target occupancy: 26895974B, occupancy: 4154024B, additional buffer size: 15728640B, predicted old gen allocation rate: 0.00B/s, predicted marking phase length: 0.00ms, prediction active: false
[6.662s][debug][gc,ergo,refine ] GC(12) Concurrent refinement times: Logged Cards Scan time goal: 20.00ms Logged Cards Scan time: 0.01ms HCC time: 0.00ms
[6.662s][debug][gc,ergo,refine ] GC(12) Updated Refinement Zones: green: 2048, yellow: 6144, red: 10240
[6.662s][info ][gc,phases      ] GC(12)   Pre Evacuate Collection Set: 0.1ms
[6.662s][debug][gc,phases      ] GC(12)     Prepare TLABs: 0.0ms
[6.662s][debug][gc,phases      ] GC(12)     Choose Collection Set: 0.0ms
[6.662s][debug][gc,phases      ] GC(12)     Region Register: 0.0ms
[6.662s][debug][gc,phases      ] GC(12)     Prepare Heap Roots: 0.0ms
[6.662s][info ][gc,phases      ] GC(12)   Merge Heap Roots: 0.1ms
[6.662s][debug][gc,phases      ] GC(12)     Prepare Merge Heap Roots: 0.0ms
[6.662s][debug][gc,phases      ] GC(12)     Eager Reclaim (ms):       skipped
[6.662s][debug][gc,phases      ] GC(12)     Remembered Sets (ms):     Min:  0.0, Avg:  0.0, Max:  0.0, Diff:  0.0, Sum:  0.0, Workers: 8
[6.662s][debug][gc,phases      ] GC(12)       Merged Sparse:            Min: 0, Avg:  0.0, Max: 0, Diff: 0, Sum: 0, Workers: 8
[6.662s][debug][gc,phases      ] GC(12)       Merged Fine:              Min: 0, Avg:  0.0, Max: 0, Diff: 0, Sum: 0, Workers: 8
[6.662s][debug][gc,phases      ] GC(12)       Merged Coarse:            Min: 0, Avg:  0.0, Max: 0, Diff: 0, Sum: 0, Workers: 8
[6.662s][debug][gc,phases      ] GC(12)       Dirty Cards:              Min: 0, Avg:  0.0, Max: 0, Diff: 0, Sum: 0, Workers: 8
[6.662s][debug][gc,phases      ] GC(12)     Hot Card Cache (ms):      Min:  0.0, Avg:  0.0, Max:  0.0, Diff:  0.0, Sum:  0.0, Workers: 8
[6.662s][debug][gc,phases      ] GC(12)       Dirty Cards:              Min: 0, Avg:  0.0, Max: 0, Diff: 0, Sum: 0, Workers: 8
[6.662s][debug][gc,phases      ] GC(12)       Skipped Cards:            Min: 0, Avg:  0.0, Max: 0, Diff: 0, Sum: 0, Workers: 8
[6.662s][debug][gc,phases      ] GC(12)     Log Buffers (ms):         Min:  0.0, Avg:  0.0, Max:  0.0, Diff:  0.0, Sum:  0.0, Workers: 8
[6.662s][debug][gc,phases      ] GC(12)       Dirty Cards:              Min: 0, Avg:  6.6, Max: 21, Diff: 21, Sum: 53, Workers: 8
[6.662s][debug][gc,phases      ] GC(12)       Skipped Cards:            Min: 0, Avg:  0.0, Max: 0, Diff: 0, Sum: 0, Workers: 8
[6.662s][info ][gc,phases      ] GC(12)   Evacuate Collection Set: 0.2ms
[6.662s][debug][gc,phases      ] GC(12)     Ext Root Scanning (ms):   Min:  0.0, Avg:  0.0, Max:  0.1, Diff:  0.1, Sum:  0.4, Workers: 8
[6.662s][debug][gc,phases      ] GC(12)     Scan Heap Roots (ms):     Min:  0.0, Avg:  0.0, Max:  0.0, Diff:  0.0, Sum:  0.1, Workers: 8
[6.662s][debug][gc,phases      ] GC(12)       Scanned Cards:            Min: 0, Avg:  6.4, Max: 11, Diff: 11, Sum: 51, Workers: 8
[6.662s][debug][gc,phases      ] GC(12)       Scanned Blocks:           Min: 0, Avg:  5.1, Max: 7, Diff: 7, Sum: 41, Workers: 8
[6.662s][debug][gc,phases      ] GC(12)       Claimed Chunks:           Min: 0, Avg:  1.9, Max: 3, Diff: 3, Sum: 15, Workers: 8
[6.662s][debug][gc,phases      ] GC(12)     Code Root Scan (ms):      Min:  0.0, Avg:  0.0, Max:  0.0, Diff:  0.0, Sum:  0.0, Workers: 8
[6.662s][debug][gc,phases      ] GC(12)     Object Copy (ms):         Min:  0.0, Avg:  0.0, Max:  0.1, Diff:  0.1, Sum:  0.2, Workers: 8
[6.662s][debug][gc,phases      ] GC(12)     Termination (ms):         Min:  0.0, Avg:  0.1, Max:  0.1, Diff:  0.1, Sum:  0.4, Workers: 8
[6.662s][debug][gc,phases      ] GC(12)       Termination Attempts:     Min: 1, Avg:  1.0, Max: 1, Diff: 0, Sum: 8, Workers: 8
[6.662s][debug][gc,phases      ] GC(12)     GC Worker Other (ms):     Min:  0.0, Avg:  0.0, Max:  0.0, Diff:  0.0, Sum:  0.1, Workers: 8
[6.662s][debug][gc,phases      ] GC(12)     GC Worker Total (ms):     Min:  0.1, Avg:  0.2, Max:  0.2, Diff:  0.1, Sum:  1.2, Workers: 8
[6.662s][info ][gc,phases      ] GC(12)   Post Evacuate Collection Set: 0.2ms
[6.662s][debug][gc,phases      ] GC(12)     Code Roots Fixup: 0.0ms
[6.662s][debug][gc,phases      ] GC(12)     Clear Card Table: 0.0ms
[6.662s][debug][gc,phases      ] GC(12)     Reference Processing: 0.0ms
[6.662s][debug][gc,phases,ref  ] GC(12)       Reconsider SoftReferences: 0.0ms
[6.662s][debug][gc,phases,ref  ] GC(12)         SoftRef (ms):             skipped
[6.662s][debug][gc,phases,ref  ] GC(12)       Notify Soft/WeakReferences: 0.0ms
[6.662s][debug][gc,phases,ref  ] GC(12)         SoftRef (ms):             Min:  0.0, Avg:  0.0, Max:  0.0, Diff:  0.0, Sum:  0.0, Workers: 1
[6.662s][debug][gc,phases,ref  ] GC(12)         WeakRef (ms):             Min:  0.0, Avg:  0.0, Max:  0.0, Diff:  0.0, Sum:  0.0, Workers: 1
[6.662s][debug][gc,phases,ref  ] GC(12)         FinalRef (ms):            Min:  0.0, Avg:  0.0, Max:  0.0, Diff:  0.0, Sum:  0.0, Workers: 1
[6.662s][debug][gc,phases,ref  ] GC(12)         Total (ms):               Min:  0.0, Avg:  0.0, Max:  0.0, Diff:  0.0, Sum:  0.0, Workers: 1
[6.662s][debug][gc,phases,ref  ] GC(12)       Notify and keep alive finalizable: 0.0ms
[6.662s][debug][gc,phases,ref  ] GC(12)         FinalRef (ms):            skipped
[6.662s][debug][gc,phases,ref  ] GC(12)       Notify PhantomReferences: 0.0ms
[6.662s][debug][gc,phases,ref  ] GC(12)         PhantomRef (ms):          skipped
[6.662s][debug][gc,phases,ref  ] GC(12)       SoftReference:
[6.662s][debug][gc,phases,ref  ] GC(12)         Discovered: 0
[6.662s][debug][gc,phases,ref  ] GC(12)         Cleared: 0
[6.662s][debug][gc,phases,ref  ] GC(12)       WeakReference:
[6.662s][debug][gc,phases,ref  ] GC(12)         Discovered: 1
[6.662s][debug][gc,phases,ref  ] GC(12)         Cleared: 0
[6.662s][debug][gc,phases,ref  ] GC(12)       FinalReference:
[6.662s][debug][gc,phases,ref  ] GC(12)         Discovered: 0
[6.662s][debug][gc,phases,ref  ] GC(12)         Cleared: 0
[6.662s][debug][gc,phases,ref  ] GC(12)       PhantomReference:
[6.662s][debug][gc,phases,ref  ] GC(12)         Discovered: 0
[6.662s][debug][gc,phases,ref  ] GC(12)         Cleared: 0
[6.662s][debug][gc,phases      ] GC(12)     Weak Processing: 0.0ms
[6.662s][debug][gc,phases      ] GC(12)       JVMTI weak processing: 0.0ms
[6.662s][debug][gc,phases      ] GC(12)         Dead: 0
[6.662s][debug][gc,phases      ] GC(12)         Total: 0
[6.662s][debug][gc,phases      ] GC(12)       JFR weak processing: 0.0ms
[6.662s][debug][gc,phases      ] GC(12)         Dead: 0
[6.662s][debug][gc,phases      ] GC(12)         Total: 0
[6.662s][debug][gc,phases      ] GC(12)       JNI weak                  Min:  0.0, Avg:  0.0, Max:  0.0, Diff:  0.0, Sum:  0.0, Workers: 5
[6.662s][debug][gc,phases      ] GC(12)         Dead                      Min: 0, Avg:  0.0, Max: 0, Diff: 0, Sum: 0, Workers: 5
[6.662s][debug][gc,phases      ] GC(12)         Total                     Min: 0, Avg: 13.6, Max: 68, Diff: 68, Sum: 68, Workers: 5
[6.662s][debug][gc,phases      ] GC(12)       VM weak                   Min:  0.0, Avg:  0.0, Max:  0.0, Diff:  0.0, Sum:  0.0, Workers: 5
[6.662s][debug][gc,phases      ] GC(12)         Dead                      Min: 0, Avg:  0.0, Max: 0, Diff: 0, Sum: 0, Workers: 5
[6.662s][debug][gc,phases      ] GC(12)         Total                     Min: 0, Avg: 44.0, Max: 64, Diff: 64, Sum: 220, Workers: 5
[6.662s][debug][gc,phases      ] GC(12)       StringTable weak          Min:  0.0, Avg:  0.0, Max:  0.0, Diff:  0.0, Sum:  0.1, Workers: 5
[6.662s][debug][gc,phases      ] GC(12)         Dead                      Min: 0, Avg:  0.0, Max: 0, Diff: 0, Sum: 0, Workers: 5
[6.662s][debug][gc,phases      ] GC(12)         Total                     Min: 703, Avg: 718.2, Max: 768, Diff: 65, Sum: 3591, Workers: 5
[6.662s][debug][gc,phases      ] GC(12)       ResolvedMethodTable weak  Min:  0.0, Avg:  0.0, Max:  0.0, Diff:  0.0, Sum:  0.0, Workers: 5
[6.662s][debug][gc,phases      ] GC(12)         Dead                      Min: 0, Avg:  0.0, Max: 0, Diff: 0, Sum: 0, Workers: 5
[6.662s][debug][gc,phases      ] GC(12)         Total                     Min: 64, Avg: 116.6, Max: 192, Diff: 128, Sum: 583, Workers: 5
[6.662s][debug][gc,phases      ] GC(12)     Merge Per-Thread State: 0.0ms
[6.662s][debug][gc,phases      ] GC(12)       Copied Bytes              Min: 976, Avg: 63872.0, Max: 402664, Diff: 401688, Sum: 510976, Workers: 8
[6.662s][debug][gc,phases      ] GC(12)       LAB Waste                 Min: 0, Avg: 21.0, Max: 56, Diff: 56, Sum: 168, Workers: 8
[6.662s][debug][gc,phases      ] GC(12)       LAB Undo Waste            Min: 0, Avg:  0.0, Max: 0, Diff: 0, Sum: 0, Workers: 8
[6.662s][debug][gc,phases      ] GC(12)     Code Roots Purge: 0.0ms
[6.662s][debug][gc,phases      ] GC(12)     Redirty Cards: 0.0ms
[6.662s][debug][gc,phases      ] GC(12)     DerivedPointerTable Update: 0.0ms
[6.662s][debug][gc,phases      ] GC(12)     Free Collection Set: 0.0ms
[6.662s][debug][gc,phases      ] GC(12)     Rebuild Free List: 0.0ms
[6.662s][debug][gc,phases      ] GC(12)     Humongous Reclaim: 0.0ms
[6.662s][debug][gc,phases      ] GC(12)     Start New Collection Set: 0.0ms
[6.662s][debug][gc,phases      ] GC(12)     Resize TLABs: 0.0ms
[6.662s][debug][gc,phases      ] GC(12)     Expand Heap After Collection: 0.0ms
[6.662s][info ][gc,phases      ] GC(12)   Other: 0.3ms
[6.662s][info ][gc,heap        ] GC(12) Eden regions: 14->0(14)
[6.662s][info ][gc,heap        ] GC(12) Survivor regions: 1->1(2)
[6.662s][info ][gc,heap        ] GC(12) Old regions: 6->6
[6.662s][info ][gc,heap        ] GC(12) Archive regions: 2->2
[6.662s][info ][gc,heap        ] GC(12) Humongous regions: 0->0
[6.662s][info ][gc,metaspace   ] GC(12) Metaspace: 10385K(10880K)->10385K(10880K) NonClass: 9183K(9472K)->9183K(9472K) Class: 1201K(1408K)->1201K(1408K)
[6.662s][debug][gc,heap        ] GC(12) Heap after GC invocations=13 (full 1): garbage-first heap   total 27648K, used 4056K [0x0000000700000000, 0x0000000800000000)
[6.662s][debug][gc,heap        ] GC(12)   region size 1024K, 1 young (1024K), 1 survivors (1024K)
[6.662s][debug][gc,heap        ] GC(12)  Metaspace       used 10385K, capacity 10712K, committed 10880K, reserved 1058816K
[6.662s][debug][gc,heap        ] GC(12)   class space    used 1201K, capacity 1338K, committed 1408K, reserved 1048576K
[6.662s][info ][gc             ] GC(12) Pause Young (Normal) (G1 Evacuation Pause) 17M->3M(27M) 1.473ms
[6.662s][info ][gc,cpu         ] GC(12) User=0.00s Sys=0.00s Real=0.00s
[6.663s][info ][safepoint      ] Safepoint "G1CollectForAllocation", Time since last: 12009396 ns, Reaching safepoint: 94647 ns, At safepoint: 2588916 ns, Total: 2683563 ns
[6.676s][debug][gc,heap        ] GC(13) Heap before GC invocations=13 (full 1): garbage-first heap   total 27648K, used 18392K [0x0000000700000000, 0x0000000800000000)
[6.676s][debug][gc,heap        ] GC(13)   region size 1024K, 15 young (15360K), 1 survivors (1024K)
[6.676s][debug][gc,heap        ] GC(13)  Metaspace       used 10385K, capacity 10712K, committed 10880K, reserved 1058816K
[6.676s][debug][gc,heap        ] GC(13)   class space    used 1201K, capacity 1338K, committed 1408K, reserved 1048576K
[6.676s][info ][gc,start       ] GC(13) Pause Young (Normal) (G1 Evacuation Pause)
[6.676s][info ][gc,task        ] GC(13) Using 8 workers of 8 for evacuation
[6.676s][debug][gc,tlab        ] GC(13) TLAB totals: thrds: 10  refills: 440 max: 74 slow allocs: 0 max 0 waste:  2.9% gc: 172120B max: 63608B slow: 251648B max: 43192B fast: 0B max: 0B
[6.676s][debug][gc,age         ] GC(13) Desired survivor size 1048576 bytes, new threshold 15 (max threshold 15)
[6.676s][debug][gc,alloc,region] GC(13) Mutator Allocation stats, regions: 14, wasted size: 736B ( 0.0%)
[6.676s][debug][gc,ergo        ] GC(13) Running G1 Merge Heap Roots using 8 workers for 15 regions
[6.676s][debug][gc,remset      ] GC(13) Visited cards 3840 Total dirty 10240 (37.50%) Total old 77824 (4.93%)
[6.677s][debug][gc,ergo        ] GC(13) Running G1 Clear Card Table Task using 1 workers for 1 units of work for 20 regions.
[6.677s][debug][gc,ref         ] GC(13) Skipped phase1 of Reference Processing due to unavailable references
[6.677s][debug][gc,ref         ] GC(13) Skipped phase3 of Reference Processing due to unavailable references
[6.677s][debug][gc,ergo        ] GC(13) Running G1 Free Collection Set using 8 workers for collection set length 15 (27)
[6.677s][debug][gc,ergo        ] GC(13) Running G1 Rebuild Free List Task using 8 workers for rebuilding free list of 0 (4096) regions
[6.677s][trace][gc,age         ] GC(13) Age table with threshold 15 (max threshold 15)
[6.677s][trace][gc,age         ] GC(13) - age   1:        800 bytes,        800 total
[6.677s][trace][gc,age         ] GC(13) - age  12:        264 bytes,       1064 total
[6.677s][trace][gc,age         ] GC(13) - age  13:     510016 bytes,     511080 total
[6.677s][debug][gc,plab        ] GC(13) Young PLAB allocation: allocated: 20640B, wasted: 128B, unused: 4424B, used: 16088B, undo waste: 0B, 
[6.677s][debug][gc,plab        ] GC(13) Young other allocation: region end waste: 0B, regions filled: 1, direct allocated: 494992B, failure used: 0B, failure wasted: 0B
[6.677s][debug][gc,plab        ] GC(13) Young sizing: calculated: 3216B, actual: 3208B
[6.677s][debug][gc,plab        ] GC(13) Old PLAB allocation: allocated: 0B, wasted: 0B, unused: 0B, used: 0B, undo waste: 0B, 
[6.677s][debug][gc,plab        ] GC(13) Old other allocation: region end waste: 0B, regions filled: 0, direct allocated: 0B, failure used: 0B, failure wasted: 0B
[6.677s][debug][gc,plab        ] GC(13) Old sizing: calculated: 0B, actual: 2064B
[6.677s][debug][gc,ihop        ] GC(13) Basic information (value update), threshold: 12740198B (45.00), target occupancy: 28311552B, current occupancy: 4147832B, recent allocation size: 0B, recent allocation duration: 14.70ms, recent old gen allocation rate: 0.00B/s, recent marking phase length: 0.00ms
[6.677s][debug][gc,ihop        ] GC(13) Adaptive IHOP information (value update), threshold: 12740198B (47.37), internal target occupancy: 26895974B, occupancy: 4147832B, additional buffer size: 15728640B, predicted old gen allocation rate: 0.00B/s, predicted marking phase length: 0.00ms, prediction active: false
[6.677s][debug][gc,ergo,refine ] GC(13) Concurrent refinement times: Logged Cards Scan time goal: 20.00ms Logged Cards Scan time: 0.02ms HCC time: 0.00ms
[6.677s][debug][gc,ergo,refine ] GC(13) Updated Refinement Zones: green: 2048, yellow: 6144, red: 10240
[6.677s][info ][gc,phases      ] GC(13)   Pre Evacuate Collection Set: 0.1ms
[6.677s][debug][gc,phases      ] GC(13)     Prepare TLABs: 0.0ms
[6.677s][debug][gc,phases      ] GC(13)     Choose Collection Set: 0.0ms
[6.677s][debug][gc,phases      ] GC(13)     Region Register: 0.0ms
[6.677s][debug][gc,phases      ] GC(13)     Prepare Heap Roots: 0.0ms
[6.677s][info ][gc,phases      ] GC(13)   Merge Heap Roots: 0.1ms
[6.677s][debug][gc,phases      ] GC(13)     Prepare Merge Heap Roots: 0.0ms
[6.677s][debug][gc,phases      ] GC(13)     Eager Reclaim (ms):       skipped
[6.677s][debug][gc,phases      ] GC(13)     Remembered Sets (ms):     Min:  0.0, Avg:  0.0, Max:  0.0, Diff:  0.0, Sum:  0.0, Workers: 8
[6.677s][debug][gc,phases      ] GC(13)       Merged Sparse:            Min: 0, Avg:  0.0, Max: 0, Diff: 0, Sum: 0, Workers: 8
[6.677s][debug][gc,phases      ] GC(13)       Merged Fine:              Min: 0, Avg:  0.0, Max: 0, Diff: 0, Sum: 0, Workers: 8
[6.677s][debug][gc,phases      ] GC(13)       Merged Coarse:            Min: 0, Avg:  0.0, Max: 0, Diff: 0, Sum: 0, Workers: 8
[6.677s][debug][gc,phases      ] GC(13)       Dirty Cards:              Min: 0, Avg:  0.0, Max: 0, Diff: 0, Sum: 0, Workers: 8
[6.677s][debug][gc,phases      ] GC(13)     Hot Card Cache (ms):      Min:  0.0, Avg:  0.0, Max:  0.0, Diff:  0.0, Sum:  0.0, Workers: 8
[6.677s][debug][gc,phases      ] GC(13)       Dirty Cards:              Min: 0, Avg:  0.0, Max: 0, Diff: 0, Sum: 0, Workers: 8
[6.677s][debug][gc,phases      ] GC(13)       Skipped Cards:            Min: 0, Avg:  0.0, Max: 0, Diff: 0, Sum: 0, Workers: 8
[6.677s][debug][gc,phases      ] GC(13)     Log Buffers (ms):         Min:  0.0, Avg:  0.0, Max:  0.0, Diff:  0.0, Sum:  0.0, Workers: 8
[6.677s][debug][gc,phases      ] GC(13)       Dirty Cards:              Min: 0, Avg:  6.4, Max: 17, Diff: 17, Sum: 51, Workers: 8
[6.677s][debug][gc,phases      ] GC(13)       Skipped Cards:            Min: 0, Avg:  0.0, Max: 0, Diff: 0, Sum: 0, Workers: 8
[6.677s][info ][gc,phases      ] GC(13)   Evacuate Collection Set: 0.2ms
[6.677s][debug][gc,phases      ] GC(13)     Ext Root Scanning (ms):   Min:  0.0, Avg:  0.0, Max:  0.1, Diff:  0.1, Sum:  0.3, Workers: 8
[6.677s][debug][gc,phases      ] GC(13)     Scan Heap Roots (ms):     Min:  0.0, Avg:  0.0, Max:  0.0, Diff:  0.0, Sum:  0.1, Workers: 8
[6.677s][debug][gc,phases      ] GC(13)       Scanned Cards:            Min: 0, Avg:  6.2, Max: 12, Diff: 12, Sum: 50, Workers: 8
[6.677s][debug][gc,phases      ] GC(13)       Scanned Blocks:           Min: 0, Avg:  5.0, Max: 8, Diff: 8, Sum: 40, Workers: 8
[6.677s][debug][gc,phases      ] GC(13)       Claimed Chunks:           Min: 0, Avg:  1.9, Max: 4, Diff: 4, Sum: 15, Workers: 8
[6.677s][debug][gc,phases      ] GC(13)     Code Root Scan (ms):      Min:  0.0, Avg:  0.0, Max:  0.0, Diff:  0.0, Sum:  0.0, Workers: 8
[6.677s][debug][gc,phases      ] GC(13)     Object Copy (ms):         Min:  0.0, Avg:  0.0, Max:  0.1, Diff:  0.1, Sum:  0.2, Workers: 8
[6.677s][debug][gc,phases      ] GC(13)     Termination (ms):         Min:  0.0, Avg:  0.1, Max:  0.1, Diff:  0.1, Sum:  0.4, Workers: 8
[6.677s][debug][gc,phases      ] GC(13)       Termination Attempts:     Min: 1, Avg:  1.0, Max: 1, Diff: 0, Sum: 8, Workers: 8
[6.677s][debug][gc,phases      ] GC(13)     GC Worker Other (ms):     Min:  0.0, Avg:  0.0, Max:  0.0, Diff:  0.0, Sum:  0.0, Workers: 8
[6.677s][debug][gc,phases      ] GC(13)     GC Worker Total (ms):     Min:  0.1, Avg:  0.1, Max:  0.2, Diff:  0.1, Sum:  1.1, Workers: 8
[6.677s][info ][gc,phases      ] GC(13)   Post Evacuate Collection Set: 0.3ms
[6.677s][debug][gc,phases      ] GC(13)     Code Roots Fixup: 0.0ms
[6.677s][debug][gc,phases      ] GC(13)     Clear Card Table: 0.1ms
[6.677s][debug][gc,phases      ] GC(13)     Reference Processing: 0.0ms
[6.677s][debug][gc,phases,ref  ] GC(13)       Reconsider SoftReferences: 0.0ms
[6.677s][debug][gc,phases,ref  ] GC(13)         SoftRef (ms):             skipped
[6.677s][debug][gc,phases,ref  ] GC(13)       Notify Soft/WeakReferences: 0.0ms
[6.677s][debug][gc,phases,ref  ] GC(13)         SoftRef (ms):             Min:  0.0, Avg:  0.0, Max:  0.0, Diff:  0.0, Sum:  0.0, Workers: 1
[6.677s][debug][gc,phases,ref  ] GC(13)         WeakRef (ms):             Min:  0.0, Avg:  0.0, Max:  0.0, Diff:  0.0, Sum:  0.0, Workers: 1
[6.677s][debug][gc,phases,ref  ] GC(13)         FinalRef (ms):            Min:  0.0, Avg:  0.0, Max:  0.0, Diff:  0.0, Sum:  0.0, Workers: 1
[6.677s][debug][gc,phases,ref  ] GC(13)         Total (ms):               Min:  0.0, Avg:  0.0, Max:  0.0, Diff:  0.0, Sum:  0.0, Workers: 1
[6.677s][debug][gc,phases,ref  ] GC(13)       Notify and keep alive finalizable: 0.0ms
[6.677s][debug][gc,phases,ref  ] GC(13)         FinalRef (ms):            skipped
[6.677s][debug][gc,phases,ref  ] GC(13)       Notify PhantomReferences: 0.0ms
[6.677s][debug][gc,phases,ref  ] GC(13)         PhantomRef (ms):          Min:  0.0, Avg:  0.0, Max:  0.0, Diff:  0.0, Sum:  0.0, Workers: 1
[6.677s][debug][gc,phases,ref  ] GC(13)       SoftReference:
[6.677s][debug][gc,phases,ref  ] GC(13)         Discovered: 0
[6.677s][debug][gc,phases,ref  ] GC(13)         Cleared: 0
[6.677s][debug][gc,phases,ref  ] GC(13)       WeakReference:
[6.677s][debug][gc,phases,ref  ] GC(13)         Discovered: 1
[6.677s][debug][gc,phases,ref  ] GC(13)         Cleared: 0
[6.677s][debug][gc,phases,ref  ] GC(13)       FinalReference:
[6.677s][debug][gc,phases,ref  ] GC(13)         Discovered: 0
[6.677s][debug][gc,phases,ref  ] GC(13)         Cleared: 0
[6.677s][debug][gc,phases,ref  ] GC(13)       PhantomReference:
[6.677s][debug][gc,phases,ref  ] GC(13)         Discovered: 2
[6.677s][debug][gc,phases,ref  ] GC(13)         Cleared: 2
[6.677s][debug][gc,phases      ] GC(13)     Weak Processing: 0.1ms
[6.678s][debug][gc,phases      ] GC(13)       JVMTI weak processing: 0.0ms
[6.678s][debug][gc,phases      ] GC(13)         Dead: 0
[6.678s][debug][gc,phases      ] GC(13)         Total: 0
[6.678s][debug][gc,phases      ] GC(13)       JFR weak processing: 0.0ms
[6.678s][debug][gc,phases      ] GC(13)         Dead: 0
[6.678s][debug][gc,phases      ] GC(13)         Total: 0
[6.678s][debug][gc,phases      ] GC(13)       JNI weak                  Min:  0.0, Avg:  0.0, Max:  0.0, Diff:  0.0, Sum:  0.0, Workers: 5
[6.678s][debug][gc,phases      ] GC(13)         Dead                      Min: 0, Avg:  0.0, Max: 0, Diff: 0, Sum: 0, Workers: 5
[6.678s][debug][gc,phases      ] GC(13)         Total                     Min: 0, Avg: 13.6, Max: 55, Diff: 55, Sum: 68, Workers: 5
[6.678s][debug][gc,phases      ] GC(13)       VM weak                   Min:  0.0, Avg:  0.0, Max:  0.0, Diff:  0.0, Sum:  0.0, Workers: 5
[6.678s][debug][gc,phases      ] GC(13)         Dead                      Min: 0, Avg:  0.0, Max: 0, Diff: 0, Sum: 0, Workers: 5
[6.678s][debug][gc,phases      ] GC(13)         Total                     Min: 0, Avg: 44.0, Max: 64, Diff: 64, Sum: 220, Workers: 5
[6.678s][debug][gc,phases      ] GC(13)       StringTable weak          Min:  0.0, Avg:  0.0, Max:  0.0, Diff:  0.0, Sum:  0.1, Workers: 5
[6.678s][debug][gc,phases      ] GC(13)         Dead                      Min: 0, Avg:  0.0, Max: 0, Diff: 0, Sum: 0, Workers: 5
[6.678s][debug][gc,phases      ] GC(13)         Total                     Min: 648, Avg: 718.2, Max: 768, Diff: 120, Sum: 3591, Workers: 5
[6.678s][debug][gc,phases      ] GC(13)       ResolvedMethodTable weak  Min:  0.0, Avg:  0.0, Max:  0.0, Diff:  0.0, Sum:  0.0, Workers: 5
[6.678s][debug][gc,phases      ] GC(13)         Dead                      Min: 0, Avg:  0.0, Max: 0, Diff: 0, Sum: 0, Workers: 5
[6.678s][debug][gc,phases      ] GC(13)         Total                     Min: 64, Avg: 116.6, Max: 192, Diff: 128, Sum: 583, Workers: 5
[6.678s][debug][gc,phases      ] GC(13)     Merge Per-Thread State: 0.0ms
[6.678s][debug][gc,phases      ] GC(13)       Copied Bytes              Min: 0, Avg: 63885.0, Max: 401776, Diff: 401776, Sum: 511080, Workers: 8
[6.678s][debug][gc,phases      ] GC(13)       LAB Waste                 Min: 0, Avg: 16.0, Max: 64, Diff: 64, Sum: 128, Workers: 8
[6.678s][debug][gc,phases      ] GC(13)       LAB Undo Waste            Min: 0, Avg:  0.0, Max: 0, Diff: 0, Sum: 0, Workers: 8
[6.678s][debug][gc,phases      ] GC(13)     Code Roots Purge: 0.0ms
[6.678s][debug][gc,phases      ] GC(13)     Redirty Cards: 0.0ms
[6.678s][debug][gc,phases      ] GC(13)     DerivedPointerTable Update: 0.0ms
[6.678s][debug][gc,phases      ] GC(13)     Free Collection Set: 0.0ms
[6.678s][debug][gc,phases      ] GC(13)     Rebuild Free List: 0.1ms
[6.678s][debug][gc,phases      ] GC(13)     Humongous Reclaim: 0.0ms
[6.678s][debug][gc,phases      ] GC(13)     Start New Collection Set: 0.0ms
[6.678s][debug][gc,phases      ] GC(13)     Resize TLABs: 0.0ms
[6.678s][debug][gc,phases      ] GC(13)     Expand Heap After Collection: 0.0ms
[6.678s][info ][gc,phases      ] GC(13)   Other: 0.3ms
[6.678s][info ][gc,heap        ] GC(13) Eden regions: 14->0(14)
[6.678s][info ][gc,heap        ] GC(13) Survivor regions: 1->1(2)
[6.678s][info ][gc,heap        ] GC(13) Old regions: 6->6
[6.678s][info ][gc,heap        ] GC(13) Archive regions: 2->2
[6.678s][info ][gc,heap        ] GC(13) Humongous regions: 0->0
[6.678s][info ][gc,metaspace   ] GC(13) Metaspace: 10385K(10880K)->10385K(10880K) NonClass: 9183K(9472K)->9183K(9472K) Class: 1201K(1408K)->1201K(1408K)
[6.678s][debug][gc,heap        ] GC(13) Heap after GC invocations=14 (full 1): garbage-first heap   total 27648K, used 4050K [0x0000000700000000, 0x0000000800000000)
[6.678s][debug][gc,heap        ] GC(13)   region size 1024K, 1 young (1024K), 1 survivors (1024K)
[6.678s][debug][gc,heap        ] GC(13)  Metaspace       used 10385K, capacity 10712K, committed 10880K, reserved 1058816K
[6.678s][debug][gc,heap        ] GC(13)   class space    used 1201K, capacity 1338K, committed 1408K, reserved 1048576K
[6.678s][info ][gc             ] GC(13) Pause Young (Normal) (G1 Evacuation Pause) 17M->3M(27M) 1.605ms
[6.678s][info ][gc,cpu         ] GC(13) User=0.01s Sys=0.00s Real=0.00s
[6.678s][info ][safepoint      ] Safepoint "G1CollectForAllocation", Time since last: 12664815 ns, Reaching safepoint: 113582 ns, At safepoint: 1931367 ns, Total: 2044949 ns
[6.691s][debug][gc,heap        ] GC(14) Heap before GC invocations=14 (full 1): garbage-first heap   total 27648K, used 18386K [0x0000000700000000, 0x0000000800000000)
[6.691s][debug][gc,heap        ] GC(14)   region size 1024K, 15 young (15360K), 1 survivors (1024K)
[6.691s][debug][gc,heap        ] GC(14)  Metaspace       used 10385K, capacity 10712K, committed 10880K, reserved 1058816K
[6.691s][debug][gc,heap        ] GC(14)   class space    used 1201K, capacity 1338K, committed 1408K, reserved 1048576K
[6.691s][info ][gc,start       ] GC(14) Pause Young (Normal) (G1 Evacuation Pause)
[6.691s][info ][gc,task        ] GC(14) Using 8 workers of 8 for evacuation
[6.691s][debug][gc,tlab        ] GC(14) TLAB totals: thrds: 10  refills: 431 max: 66 slow allocs: 0 max 0 waste:  2.6% gc: 129048B max: 38344B slow: 247392B max: 38008B fast: 0B max: 0B
[6.691s][debug][gc,age         ] GC(14) Desired survivor size 1048576 bytes, new threshold 15 (max threshold 15)
[6.691s][debug][gc,alloc,region] GC(14) Mutator Allocation stats, regions: 14, wasted size: 1248B ( 0.0%)
[6.692s][debug][gc,ergo        ] GC(14) Running G1 Merge Heap Roots using 8 workers for 15 regions
[6.692s][debug][gc,remset      ] GC(14) Visited cards 3840 Total dirty 10240 (37.50%) Total old 77824 (4.93%)
[6.692s][debug][gc,ergo        ] GC(14) Running G1 Clear Card Table Task using 1 workers for 1 units of work for 20 regions.
[6.692s][debug][gc,ref         ] GC(14) Skipped phase1 of Reference Processing due to unavailable references
[6.692s][debug][gc,ref         ] GC(14) Skipped phase3 of Reference Processing due to unavailable references
[6.692s][debug][gc,ref         ] GC(14) Skipped phase4 of Reference Processing due to unavailable references
[6.692s][debug][gc,ergo        ] GC(14) Running G1 Free Collection Set using 8 workers for collection set length 15 (27)
[6.692s][debug][gc,ergo        ] GC(14) Running G1 Rebuild Free List Task using 8 workers for rebuilding free list of 0 (4096) regions
[6.692s][trace][gc,age         ] GC(14) Age table with threshold 15 (max threshold 15)
[6.692s][trace][gc,age         ] GC(14) - age   1:        896 bytes,        896 total
[6.692s][trace][gc,age         ] GC(14) - age  13:        264 bytes,       1160 total
[6.692s][trace][gc,age         ] GC(14) - age  14:     510016 bytes,     511176 total
[6.692s][debug][gc,plab        ] GC(14) Young PLAB allocation: allocated: 20640B, wasted: 32B, unused: 4056B, used: 16552B, undo waste: 0B, 
[6.692s][debug][gc,plab        ] GC(14) Young other allocation: region end waste: 0B, regions filled: 1, direct allocated: 494624B, failure used: 0B, failure wasted: 0B
[6.692s][debug][gc,plab        ] GC(14) Young sizing: calculated: 3304B, actual: 3280B
[6.692s][debug][gc,plab        ] GC(14) Old PLAB allocation: allocated: 0B, wasted: 0B, unused: 0B, used: 0B, undo waste: 0B, 
[6.692s][debug][gc,plab        ] GC(14) Old other allocation: region end waste: 0B, regions filled: 0, direct allocated: 0B, failure used: 0B, failure wasted: 0B
[6.692s][debug][gc,plab        ] GC(14) Old sizing: calculated: 0B, actual: 2064B
[6.692s][debug][gc,ergo,heap   ] GC(14) Attempt heap expansion (recent GC overhead higher than threshold after GC) recent GC overhead: 3.70 % threshold: 1.00 % uncommitted: 4266655744B base expansion amount and scale: 120061952B (100.00%)
[6.692s][debug][gc,ergo,heap   ] GC(14) Expand the heap. requested expansion amount: 120061952B expansion amount: 120586240B
[6.693s][debug][gc,ihop        ] GC(14) Target occupancy update: old: 28311552B, new: 148897792B
[6.693s][debug][gc,ihop        ] GC(14) Basic information (value update), threshold: 67004006B (45.00), target occupancy: 148897792B, current occupancy: 4147464B, recent allocation size: 0B, recent allocation duration: 14.39ms, recent old gen allocation rate: 0.00B/s, recent marking phase length: 0.00ms
[6.693s][debug][gc,ihop        ] GC(14) Adaptive IHOP information (value update), threshold: 67004006B (47.37), internal target occupancy: 141452902B, occupancy: 4147464B, additional buffer size: 89128960B, predicted old gen allocation rate: 0.00B/s, predicted marking phase length: 0.00ms, prediction active: false
[6.693s][debug][gc,ergo,refine ] GC(14) Concurrent refinement times: Logged Cards Scan time goal: 20.00ms Logged Cards Scan time: 0.01ms HCC time: 0.00ms
[6.693s][debug][gc,ergo,refine ] GC(14) Updated Refinement Zones: green: 2048, yellow: 6144, red: 10240
[6.693s][info ][gc,phases      ] GC(14)   Pre Evacuate Collection Set: 0.1ms
[6.693s][debug][gc,phases      ] GC(14)     Prepare TLABs: 0.0ms
[6.693s][debug][gc,phases      ] GC(14)     Choose Collection Set: 0.0ms
[6.693s][debug][gc,phases      ] GC(14)     Region Register: 0.1ms
[6.693s][debug][gc,phases      ] GC(14)     Prepare Heap Roots: 0.0ms
[6.693s][info ][gc,phases      ] GC(14)   Merge Heap Roots: 0.1ms
[6.693s][debug][gc,phases      ] GC(14)     Prepare Merge Heap Roots: 0.0ms
[6.693s][debug][gc,phases      ] GC(14)     Eager Reclaim (ms):       skipped
[6.693s][debug][gc,phases      ] GC(14)     Remembered Sets (ms):     Min:  0.0, Avg:  0.0, Max:  0.0, Diff:  0.0, Sum:  0.0, Workers: 8
[6.693s][debug][gc,phases      ] GC(14)       Merged Sparse:            Min: 0, Avg:  0.0, Max: 0, Diff: 0, Sum: 0, Workers: 8
[6.693s][debug][gc,phases      ] GC(14)       Merged Fine:              Min: 0, Avg:  0.0, Max: 0, Diff: 0, Sum: 0, Workers: 8
[6.693s][debug][gc,phases      ] GC(14)       Merged Coarse:            Min: 0, Avg:  0.0, Max: 0, Diff: 0, Sum: 0, Workers: 8
[6.693s][debug][gc,phases      ] GC(14)       Dirty Cards:              Min: 0, Avg:  0.0, Max: 0, Diff: 0, Sum: 0, Workers: 8
[6.693s][debug][gc,phases      ] GC(14)     Hot Card Cache (ms):      Min:  0.0, Avg:  0.0, Max:  0.0, Diff:  0.0, Sum:  0.0, Workers: 8
[6.693s][debug][gc,phases      ] GC(14)       Dirty Cards:              Min: 0, Avg:  0.0, Max: 0, Diff: 0, Sum: 0, Workers: 8
[6.693s][debug][gc,phases      ] GC(14)       Skipped Cards:            Min: 0, Avg:  0.0, Max: 0, Diff: 0, Sum: 0, Workers: 8
[6.693s][debug][gc,phases      ] GC(14)     Log Buffers (ms):         Min:  0.0, Avg:  0.0, Max:  0.0, Diff:  0.0, Sum:  0.0, Workers: 8
[6.693s][debug][gc,phases      ] GC(14)       Dirty Cards:              Min: 0, Avg:  6.4, Max: 17, Diff: 17, Sum: 51, Workers: 8
[6.693s][debug][gc,phases      ] GC(14)       Skipped Cards:            Min: 0, Avg:  0.0, Max: 0, Diff: 0, Sum: 0, Workers: 8
[6.693s][info ][gc,phases      ] GC(14)   Evacuate Collection Set: 0.2ms
[6.693s][debug][gc,phases      ] GC(14)     Ext Root Scanning (ms):   Min:  0.0, Avg:  0.0, Max:  0.1, Diff:  0.1, Sum:  0.3, Workers: 8
[6.693s][debug][gc,phases      ] GC(14)     Scan Heap Roots (ms):     Min:  0.0, Avg:  0.0, Max:  0.0, Diff:  0.0, Sum:  0.1, Workers: 8
[6.693s][debug][gc,phases      ] GC(14)       Scanned Cards:            Min: 0, Avg:  6.4, Max: 11, Diff: 11, Sum: 51, Workers: 8
[6.693s][debug][gc,phases      ] GC(14)       Scanned Blocks:           Min: 0, Avg:  5.1, Max: 8, Diff: 8, Sum: 41, Workers: 8
[6.693s][debug][gc,phases      ] GC(14)       Claimed Chunks:           Min: 0, Avg:  1.9, Max: 5, Diff: 5, Sum: 15, Workers: 8
[6.693s][debug][gc,phases      ] GC(14)     Code Root Scan (ms):      Min:  0.0, Avg:  0.0, Max:  0.0, Diff:  0.0, Sum:  0.0, Workers: 8
[6.693s][debug][gc,phases      ] GC(14)     Object Copy (ms):         Min:  0.0, Avg:  0.0, Max:  0.1, Diff:  0.1, Sum:  0.2, Workers: 8
[6.693s][debug][gc,phases      ] GC(14)     Termination (ms):         Min:  0.0, Avg:  0.0, Max:  0.1, Diff:  0.1, Sum:  0.4, Workers: 8
[6.693s][debug][gc,phases      ] GC(14)       Termination Attempts:     Min: 1, Avg:  1.0, Max: 1, Diff: 0, Sum: 8, Workers: 8
[6.693s][debug][gc,phases      ] GC(14)     GC Worker Other (ms):     Min:  0.0, Avg:  0.0, Max:  0.0, Diff:  0.0, Sum:  0.0, Workers: 8
[6.693s][debug][gc,phases      ] GC(14)     GC Worker Total (ms):     Min:  0.1, Avg:  0.1, Max:  0.1, Diff:  0.0, Sum:  1.0, Workers: 8
[6.693s][info ][gc,phases      ] GC(14)   Post Evacuate Collection Set: 1.2ms
[6.693s][debug][gc,phases      ] GC(14)     Code Roots Fixup: 0.0ms
[6.693s][debug][gc,phases      ] GC(14)     Clear Card Table: 0.1ms
[6.693s][debug][gc,phases      ] GC(14)     Reference Processing: 0.0ms
[6.693s][debug][gc,phases,ref  ] GC(14)       Reconsider SoftReferences: 0.0ms
[6.693s][debug][gc,phases,ref  ] GC(14)         SoftRef (ms):             skipped
[6.693s][debug][gc,phases,ref  ] GC(14)       Notify Soft/WeakReferences: 0.0ms
[6.693s][debug][gc,phases,ref  ] GC(14)         SoftRef (ms):             Min:  0.0, Avg:  0.0, Max:  0.0, Diff:  0.0, Sum:  0.0, Workers: 1
[6.693s][debug][gc,phases,ref  ] GC(14)         WeakRef (ms):             Min:  0.0, Avg:  0.0, Max:  0.0, Diff:  0.0, Sum:  0.0, Workers: 1
[6.693s][debug][gc,phases,ref  ] GC(14)         FinalRef (ms):            Min:  0.0, Avg:  0.0, Max:  0.0, Diff:  0.0, Sum:  0.0, Workers: 1
[6.693s][debug][gc,phases,ref  ] GC(14)         Total (ms):               Min:  0.0, Avg:  0.0, Max:  0.0, Diff:  0.0, Sum:  0.0, Workers: 1
[6.693s][debug][gc,phases,ref  ] GC(14)       Notify and keep alive finalizable: 0.0ms
[6.693s][debug][gc,phases,ref  ] GC(14)         FinalRef (ms):            skipped
[6.693s][debug][gc,phases,ref  ] GC(14)       Notify PhantomReferences: 0.0ms
[6.694s][debug][gc,phases,ref  ] GC(14)         PhantomRef (ms):          skipped
[6.694s][debug][gc,phases,ref  ] GC(14)       SoftReference:
[6.694s][debug][gc,phases,ref  ] GC(14)         Discovered: 0
[6.694s][debug][gc,phases,ref  ] GC(14)         Cleared: 0
[6.694s][debug][gc,phases,ref  ] GC(14)       WeakReference:
[6.694s][debug][gc,phases,ref  ] GC(14)         Discovered: 1
[6.694s][debug][gc,phases,ref  ] GC(14)         Cleared: 0
[6.694s][debug][gc,phases,ref  ] GC(14)       FinalReference:
[6.694s][debug][gc,phases,ref  ] GC(14)         Discovered: 0
[6.694s][debug][gc,phases,ref  ] GC(14)         Cleared: 0
[6.694s][debug][gc,phases,ref  ] GC(14)       PhantomReference:
[6.694s][debug][gc,phases,ref  ] GC(14)         Discovered: 0
[6.694s][debug][gc,phases,ref  ] GC(14)         Cleared: 0
[6.694s][debug][gc,phases      ] GC(14)     Weak Processing: 0.1ms
[6.694s][debug][gc,phases      ] GC(14)       JVMTI weak processing: 0.0ms
[6.694s][debug][gc,phases      ] GC(14)         Dead: 0
[6.694s][debug][gc,phases      ] GC(14)         Total: 0
[6.694s][debug][gc,phases      ] GC(14)       JFR weak processing: 0.0ms
[6.694s][debug][gc,phases      ] GC(14)         Dead: 0
[6.694s][debug][gc,phases      ] GC(14)         Total: 0
[6.694s][debug][gc,phases      ] GC(14)       JNI weak                  Min:  0.0, Avg:  0.0, Max:  0.0, Diff:  0.0, Sum:  0.0, Workers: 5
[6.694s][debug][gc,phases      ] GC(14)         Dead                      Min: 0, Avg:  0.0, Max: 0, Diff: 0, Sum: 0, Workers: 5
[6.694s][debug][gc,phases      ] GC(14)         Total                     Min: 0, Avg: 13.6, Max: 55, Diff: 55, Sum: 68, Workers: 5
[6.694s][debug][gc,phases      ] GC(14)       VM weak                   Min:  0.0, Avg:  0.0, Max:  0.0, Diff:  0.0, Sum:  0.0, Workers: 5
[6.694s][debug][gc,phases      ] GC(14)         Dead                      Min: 0, Avg:  0.0, Max: 0, Diff: 0, Sum: 0, Workers: 5
[6.694s][debug][gc,phases      ] GC(14)         Total                     Min: 0, Avg: 44.0, Max: 64, Diff: 64, Sum: 220, Workers: 5
[6.694s][debug][gc,phases      ] GC(14)       StringTable weak          Min:  0.0, Avg:  0.0, Max:  0.0, Diff:  0.0, Sum:  0.1, Workers: 5
[6.694s][debug][gc,phases      ] GC(14)         Dead                      Min: 0, Avg:  0.0, Max: 0, Diff: 0, Sum: 0, Workers: 5
[6.694s][debug][gc,phases      ] GC(14)         Total                     Min: 0, Avg: 718.2, Max: 959, Diff: 959, Sum: 3591, Workers: 5
[6.694s][debug][gc,phases      ] GC(14)       ResolvedMethodTable weak  Min:  0.0, Avg:  0.0, Max:  0.0, Diff:  0.0, Sum:  0.1, Workers: 5
[6.694s][debug][gc,phases      ] GC(14)         Dead                      Min: 0, Avg:  0.0, Max: 0, Diff: 0, Sum: 0, Workers: 5
[6.694s][debug][gc,phases      ] GC(14)         Total                     Min: 64, Avg: 116.6, Max: 192, Diff: 128, Sum: 583, Workers: 5
[6.694s][debug][gc,phases      ] GC(14)     Merge Per-Thread State: 0.0ms
[6.694s][debug][gc,phases      ] GC(14)       Copied Bytes              Min: 1224, Avg: 63897.0, Max: 403064, Diff: 401840, Sum: 511176, Workers: 8
[6.694s][debug][gc,phases      ] GC(14)       LAB Waste                 Min: 0, Avg:  4.0, Max: 16, Diff: 16, Sum: 32, Workers: 8
[6.694s][debug][gc,phases      ] GC(14)       LAB Undo Waste            Min: 0, Avg:  0.0, Max: 0, Diff: 0, Sum: 0, Workers: 8
[6.694s][debug][gc,phases      ] GC(14)     Code Roots Purge: 0.0ms
[6.694s][debug][gc,phases      ] GC(14)     Redirty Cards: 0.0ms
[6.694s][debug][gc,phases      ] GC(14)     DerivedPointerTable Update: 0.0ms
[6.694s][debug][gc,phases      ] GC(14)     Free Collection Set: 0.0ms
[6.694s][debug][gc,phases      ] GC(14)     Rebuild Free List: 0.0ms
[6.694s][debug][gc,phases      ] GC(14)     Humongous Reclaim: 0.0ms
[6.694s][debug][gc,phases      ] GC(14)     Start New Collection Set: 0.0ms
[6.694s][debug][gc,phases      ] GC(14)     Resize TLABs: 0.0ms
[6.694s][debug][gc,phases      ] GC(14)     Expand Heap After Collection: 0.9ms
[6.694s][info ][gc,phases      ] GC(14)   Other: 0.3ms
[6.694s][info ][gc,heap        ] GC(14) Eden regions: 14->0(84)
[6.694s][info ][gc,heap        ] GC(14) Survivor regions: 1->1(2)
[6.694s][info ][gc,heap        ] GC(14) Old regions: 6->6
[6.694s][info ][gc,heap        ] GC(14) Archive regions: 2->2
[6.694s][info ][gc,heap        ] GC(14) Humongous regions: 0->0
[6.694s][info ][gc,metaspace   ] GC(14) Metaspace: 10385K(10880K)->10385K(10880K) NonClass: 9183K(9472K)->9183K(9472K) Class: 1201K(1408K)->1201K(1408K)
[6.694s][debug][gc,heap        ] GC(14) Heap after GC invocations=15 (full 1): garbage-first heap   total 145408K, used 4050K [0x0000000700000000, 0x0000000800000000)
[6.694s][debug][gc,heap        ] GC(14)   region size 1024K, 1 young (1024K), 1 survivors (1024K)
[6.694s][debug][gc,heap        ] GC(14)  Metaspace       used 10385K, capacity 10712K, committed 10880K, reserved 1058816K
[6.694s][debug][gc,heap        ] GC(14)   class space    used 1201K, capacity 1338K, committed 1408K, reserved 1048576K
[6.694s][info ][gc             ] GC(14) Pause Young (Normal) (G1 Evacuation Pause) 17M->3M(142M) 2.434ms
[6.694s][info ][gc,cpu         ] GC(14) User=0.01s Sys=0.00s Real=0.00s
[6.694s][info ][safepoint      ] Safepoint "G1CollectForAllocation", Time since last: 13081531 ns, Reaching safepoint: 103947 ns, At safepoint: 2611951 ns, Total: 2715898 ns
[6.772s][debug][gc,heap        ] GC(15) Heap before GC invocations=15 (full 1): garbage-first heap   total 145408K, used 90066K [0x0000000700000000, 0x0000000800000000)
[6.772s][debug][gc,heap        ] GC(15)   region size 1024K, 85 young (87040K), 1 survivors (1024K)
[6.772s][debug][gc,heap        ] GC(15)  Metaspace       used 10385K, capacity 10712K, committed 10880K, reserved 1058816K
[6.772s][debug][gc,heap        ] GC(15)   class space    used 1201K, capacity 1338K, committed 1408K, reserved 1048576K
[6.772s][info ][gc,start       ] GC(15) Pause Young (Normal) (G1 Evacuation Pause)
[6.772s][info ][gc,task        ] GC(15) Using 8 workers of 8 for evacuation
[6.772s][debug][gc,tlab        ] GC(15) TLAB totals: thrds: 11  refills: 539 max: 93 slow allocs: 0 max 0 waste:  1.9% gc: 1404952B max: 524096B slow: 309056B max: 53784B fast: 0B max: 0B
[6.772s][debug][gc,age         ] GC(15) Desired survivor size 5767168 bytes, new threshold 15 (max threshold 15)
[6.772s][debug][gc,alloc,region] GC(15) Mutator Allocation stats, regions: 84, wasted size: 640B ( 0.0%)
[6.772s][debug][gc,ergo        ] GC(15) Running G1 Merge Heap Roots using 8 workers for 85 regions
[6.772s][debug][gc,remset      ] GC(15) Visited cards 3840 Total dirty 10240 (37.50%) Total old 364544 (1.05%)
[6.773s][debug][gc,ergo        ] GC(15) Running G1 Clear Card Table Task using 1 workers for 1 units of work for 90 regions.
[6.773s][debug][gc,ref         ] GC(15) Skipped phase1 of Reference Processing due to unavailable references
[6.773s][debug][gc,ref         ] GC(15) Skipped phase3 of Reference Processing due to unavailable references
[6.773s][debug][gc,ergo        ] GC(15) Running G1 Free Collection Set using 8 workers for collection set length 85 (142)
[6.773s][debug][gc,ergo        ] GC(15) Running G1 Rebuild Free List Task using 8 workers for rebuilding free list of 0 (4096) regions
[6.773s][trace][gc,age         ] GC(15) Age table with threshold 15 (max threshold 15)
[6.773s][trace][gc,age         ] GC(15) - age   1:       1136 bytes,       1136 total
[6.773s][trace][gc,age         ] GC(15) - age  14:        264 bytes,       1400 total
[6.773s][trace][gc,age         ] GC(15) - age  15:     510016 bytes,     511416 total
[6.773s][debug][gc,plab        ] GC(15) Young PLAB allocation: allocated: 26832B, wasted: 216B, unused: 9456B, used: 17160B, undo waste: 0B, 
[6.773s][debug][gc,plab        ] GC(15) Young other allocation: region end waste: 0B, regions filled: 1, direct allocated: 494256B, failure used: 0B, failure wasted: 0B
[6.773s][debug][gc,plab        ] GC(15) Young sizing: calculated: 3432B, actual: 3392B
[6.773s][debug][gc,plab        ] GC(15) Old PLAB allocation: allocated: 0B, wasted: 0B, unused: 0B, used: 0B, undo waste: 0B, 
[6.773s][debug][gc,plab        ] GC(15) Old other allocation: region end waste: 0B, regions filled: 0, direct allocated: 0B, failure used: 0B, failure wasted: 0B
[6.773s][debug][gc,plab        ] GC(15) Old sizing: calculated: 0B, actual: 2064B
[6.773s][debug][gc,ihop        ] GC(15) Basic information (value update), threshold: 67004006B (45.00), target occupancy: 148897792B, current occupancy: 4153288B, recent allocation size: 0B, recent allocation duration: 78.79ms, recent old gen allocation rate: 0.00B/s, recent marking phase length: 0.00ms
[6.773s][debug][gc,ihop        ] GC(15) Adaptive IHOP information (value update), threshold: 67004006B (47.37), internal target occupancy: 141452902B, occupancy: 4153288B, additional buffer size: 89128960B, predicted old gen allocation rate: 0.00B/s, predicted marking phase length: 0.00ms, prediction active: false
[6.773s][debug][gc,ergo,refine ] GC(15) Concurrent refinement times: Logged Cards Scan time goal: 20.00ms Logged Cards Scan time: 0.02ms HCC time: 0.00ms
[6.773s][debug][gc,ergo,refine ] GC(15) Updated Refinement Zones: green: 2048, yellow: 6144, red: 10240
[6.773s][info ][gc,phases      ] GC(15)   Pre Evacuate Collection Set: 0.1ms
[6.773s][debug][gc,phases      ] GC(15)     Prepare TLABs: 0.0ms
[6.773s][debug][gc,phases      ] GC(15)     Choose Collection Set: 0.0ms
[6.773s][debug][gc,phases      ] GC(15)     Region Register: 0.1ms
[6.773s][debug][gc,phases      ] GC(15)     Prepare Heap Roots: 0.0ms
[6.773s][info ][gc,phases      ] GC(15)   Merge Heap Roots: 0.1ms
[6.773s][debug][gc,phases      ] GC(15)     Prepare Merge Heap Roots: 0.0ms
[6.773s][debug][gc,phases      ] GC(15)     Eager Reclaim (ms):       skipped
[6.773s][debug][gc,phases      ] GC(15)     Remembered Sets (ms):     Min:  0.0, Avg:  0.0, Max:  0.0, Diff:  0.0, Sum:  0.0, Workers: 8
[6.773s][debug][gc,phases      ] GC(15)       Merged Sparse:            Min: 0, Avg:  0.0, Max: 0, Diff: 0, Sum: 0, Workers: 8
[6.773s][debug][gc,phases      ] GC(15)       Merged Fine:              Min: 0, Avg:  0.0, Max: 0, Diff: 0, Sum: 0, Workers: 8
[6.773s][debug][gc,phases      ] GC(15)       Merged Coarse:            Min: 0, Avg:  0.0, Max: 0, Diff: 0, Sum: 0, Workers: 8
[6.773s][debug][gc,phases      ] GC(15)       Dirty Cards:              Min: 0, Avg:  0.0, Max: 0, Diff: 0, Sum: 0, Workers: 8
[6.773s][debug][gc,phases      ] GC(15)     Hot Card Cache (ms):      Min:  0.0, Avg:  0.0, Max:  0.0, Diff:  0.0, Sum:  0.0, Workers: 8
[6.773s][debug][gc,phases      ] GC(15)       Dirty Cards:              Min: 0, Avg:  0.0, Max: 0, Diff: 0, Sum: 0, Workers: 8
[6.773s][debug][gc,phases      ] GC(15)       Skipped Cards:            Min: 0, Avg:  0.0, Max: 0, Diff: 0, Sum: 0, Workers: 8
[6.773s][debug][gc,phases      ] GC(15)     Log Buffers (ms):         Min:  0.0, Avg:  0.0, Max:  0.0, Diff:  0.0, Sum:  0.0, Workers: 8
[6.773s][debug][gc,phases      ] GC(15)       Dirty Cards:              Min: 0, Avg:  7.4, Max: 24, Diff: 24, Sum: 59, Workers: 8
[6.773s][debug][gc,phases      ] GC(15)       Skipped Cards:            Min: 0, Avg:  0.0, Max: 0, Diff: 0, Sum: 0, Workers: 8
[6.773s][info ][gc,phases      ] GC(15)   Evacuate Collection Set: 0.6ms
[6.773s][debug][gc,phases      ] GC(15)     Ext Root Scanning (ms):   Min:  0.0, Avg:  0.0, Max:  0.1, Diff:  0.1, Sum:  0.4, Workers: 8
[6.773s][debug][gc,phases      ] GC(15)     Scan Heap Roots (ms):     Min:  0.0, Avg:  0.0, Max:  0.0, Diff:  0.0, Sum:  0.1, Workers: 8
[6.773s][debug][gc,phases      ] GC(15)       Scanned Cards:            Min: 0, Avg:  7.0, Max: 16, Diff: 16, Sum: 56, Workers: 8
[6.773s][debug][gc,phases      ] GC(15)       Scanned Blocks:           Min: 0, Avg:  5.5, Max: 10, Diff: 10, Sum: 44, Workers: 8
[6.773s][debug][gc,phases      ] GC(15)       Claimed Chunks:           Min: 0, Avg:  1.9, Max: 3, Diff: 3, Sum: 15, Workers: 8
[6.773s][debug][gc,phases      ] GC(15)     Code Root Scan (ms):      Min:  0.0, Avg:  0.0, Max:  0.0, Diff:  0.0, Sum:  0.0, Workers: 8
[6.773s][debug][gc,phases      ] GC(15)     Object Copy (ms):         Min:  0.0, Avg:  0.1, Max:  0.3, Diff:  0.2, Sum:  0.5, Workers: 8
[6.773s][debug][gc,phases      ] GC(15)     Termination (ms):         Min:  0.0, Avg:  0.2, Max:  0.4, Diff:  0.4, Sum:  2.0, Workers: 8
[6.773s][debug][gc,phases      ] GC(15)       Termination Attempts:     Min: 1, Avg:  1.0, Max: 1, Diff: 0, Sum: 8, Workers: 8
[6.773s][debug][gc,phases      ] GC(15)     GC Worker Other (ms):     Min:  0.0, Avg:  0.0, Max:  0.0, Diff:  0.0, Sum:  0.1, Workers: 8
[6.773s][debug][gc,phases      ] GC(15)     GC Worker Total (ms):     Min:  0.3, Avg:  0.4, Max:  0.6, Diff:  0.2, Sum:  3.0, Workers: 8
[6.773s][info ][gc,phases      ] GC(15)   Post Evacuate Collection Set: 0.3ms
[6.773s][debug][gc,phases      ] GC(15)     Code Roots Fixup: 0.0ms
[6.773s][debug][gc,phases      ] GC(15)     Clear Card Table: 0.1ms
[6.773s][debug][gc,phases      ] GC(15)     Reference Processing: 0.0ms
[6.773s][debug][gc,phases,ref  ] GC(15)       Reconsider SoftReferences: 0.0ms
[6.773s][debug][gc,phases,ref  ] GC(15)         SoftRef (ms):             skipped
[6.773s][debug][gc,phases,ref  ] GC(15)       Notify Soft/WeakReferences: 0.0ms
[6.773s][debug][gc,phases,ref  ] GC(15)         SoftRef (ms):             Min:  0.0, Avg:  0.0, Max:  0.0, Diff:  0.0, Sum:  0.0, Workers: 1
[6.773s][debug][gc,phases,ref  ] GC(15)         WeakRef (ms):             Min:  0.0, Avg:  0.0, Max:  0.0, Diff:  0.0, Sum:  0.0, Workers: 1
[6.773s][debug][gc,phases,ref  ] GC(15)         FinalRef (ms):            Min:  0.0, Avg:  0.0, Max:  0.0, Diff:  0.0, Sum:  0.0, Workers: 1
[6.773s][debug][gc,phases,ref  ] GC(15)         Total (ms):               Min:  0.0, Avg:  0.0, Max:  0.0, Diff:  0.0, Sum:  0.0, Workers: 1
[6.773s][debug][gc,phases,ref  ] GC(15)       Notify and keep alive finalizable: 0.0ms
[6.773s][debug][gc,phases,ref  ] GC(15)         FinalRef (ms):            skipped
[6.773s][debug][gc,phases,ref  ] GC(15)       Notify PhantomReferences: 0.0ms
[6.773s][debug][gc,phases,ref  ] GC(15)         PhantomRef (ms):          Min:  0.0, Avg:  0.0, Max:  0.0, Diff:  0.0, Sum:  0.0, Workers: 1
[6.773s][debug][gc,phases,ref  ] GC(15)       SoftReference:
[6.773s][debug][gc,phases,ref  ] GC(15)         Discovered: 0
[6.773s][debug][gc,phases,ref  ] GC(15)         Cleared: 0
[6.773s][debug][gc,phases,ref  ] GC(15)       WeakReference:
[6.773s][debug][gc,phases,ref  ] GC(15)         Discovered: 1
[6.773s][debug][gc,phases,ref  ] GC(15)         Cleared: 1
[6.773s][debug][gc,phases,ref  ] GC(15)       FinalReference:
[6.773s][debug][gc,phases,ref  ] GC(15)         Discovered: 0
[6.773s][debug][gc,phases,ref  ] GC(15)         Cleared: 0
[6.773s][debug][gc,phases,ref  ] GC(15)       PhantomReference:
[6.773s][debug][gc,phases,ref  ] GC(15)         Discovered: 1
[6.773s][debug][gc,phases,ref  ] GC(15)         Cleared: 1
[6.773s][debug][gc,phases      ] GC(15)     Weak Processing: 0.0ms
[6.773s][debug][gc,phases      ] GC(15)       JVMTI weak processing: 0.0ms
[6.773s][debug][gc,phases      ] GC(15)         Dead: 0
[6.774s][debug][gc,phases      ] GC(15)         Total: 0
[6.774s][debug][gc,phases      ] GC(15)       JFR weak processing: 0.0ms
[6.774s][debug][gc,phases      ] GC(15)         Dead: 0
[6.774s][debug][gc,phases      ] GC(15)         Total: 0
[6.774s][debug][gc,phases      ] GC(15)       JNI weak                  Min:  0.0, Avg:  0.0, Max:  0.0, Diff:  0.0, Sum:  0.0, Workers: 5
[6.774s][debug][gc,phases      ] GC(15)         Dead                      Min: 0, Avg:  0.0, Max: 0, Diff: 0, Sum: 0, Workers: 5
[6.774s][debug][gc,phases      ] GC(15)         Total                     Min: 0, Avg: 13.4, Max: 55, Diff: 55, Sum: 67, Workers: 5
[6.774s][debug][gc,phases      ] GC(15)       VM weak                   Min:  0.0, Avg:  0.0, Max:  0.0, Diff:  0.0, Sum:  0.0, Workers: 5
[6.774s][debug][gc,phases      ] GC(15)         Dead                      Min: 0, Avg:  0.0, Max: 0, Diff: 0, Sum: 0, Workers: 5
[6.774s][debug][gc,phases      ] GC(15)         Total                     Min: 0, Avg: 44.0, Max: 64, Diff: 64, Sum: 220, Workers: 5
[6.774s][debug][gc,phases      ] GC(15)       StringTable weak          Min:  0.0, Avg:  0.0, Max:  0.0, Diff:  0.0, Sum:  0.1, Workers: 5
[6.774s][debug][gc,phases      ] GC(15)         Dead                      Min: 0, Avg:  0.0, Max: 0, Diff: 0, Sum: 0, Workers: 5
[6.774s][debug][gc,phases      ] GC(15)         Total                     Min: 448, Avg: 718.2, Max: 831, Diff: 383, Sum: 3591, Workers: 5
[6.774s][debug][gc,phases      ] GC(15)       ResolvedMethodTable weak  Min:  0.0, Avg:  0.0, Max:  0.0, Diff:  0.0, Sum:  0.0, Workers: 5
[6.774s][debug][gc,phases      ] GC(15)         Dead                      Min: 0, Avg:  0.0, Max: 0, Diff: 0, Sum: 0, Workers: 5
[6.774s][debug][gc,phases      ] GC(15)         Total                     Min: 64, Avg: 116.6, Max: 192, Diff: 128, Sum: 583, Workers: 5
[6.774s][debug][gc,phases      ] GC(15)     Merge Per-Thread State: 0.0ms
[6.774s][debug][gc,phases      ] GC(15)       Copied Bytes              Min: 304, Avg: 63927.0, Max: 402032, Diff: 401728, Sum: 511416, Workers: 8
[6.774s][debug][gc,phases      ] GC(15)       LAB Waste                 Min: 0, Avg: 27.0, Max: 72, Diff: 72, Sum: 216, Workers: 8
[6.774s][debug][gc,phases      ] GC(15)       LAB Undo Waste            Min: 0, Avg:  0.0, Max: 0, Diff: 0, Sum: 0, Workers: 8
[6.774s][debug][gc,phases      ] GC(15)     Code Roots Purge: 0.0ms
[6.774s][debug][gc,phases      ] GC(15)     Redirty Cards: 0.0ms
[6.774s][debug][gc,phases      ] GC(15)     DerivedPointerTable Update: 0.0ms
[6.774s][debug][gc,phases      ] GC(15)     Free Collection Set: 0.1ms
[6.774s][debug][gc,phases      ] GC(15)     Rebuild Free List: 0.1ms
[6.774s][debug][gc,phases      ] GC(15)     Humongous Reclaim: 0.0ms
[6.774s][debug][gc,phases      ] GC(15)     Start New Collection Set: 0.0ms
[6.774s][debug][gc,phases      ] GC(15)     Resize TLABs: 0.0ms
[6.774s][debug][gc,phases      ] GC(15)     Expand Heap After Collection: 0.0ms
[6.774s][info ][gc,phases      ] GC(15)   Other: 0.3ms
[6.774s][info ][gc,heap        ] GC(15) Eden regions: 84->0(84)
[6.774s][info ][gc,heap        ] GC(15) Survivor regions: 1->1(11)
[6.774s][info ][gc,heap        ] GC(15) Old regions: 6->6
[6.774s][info ][gc,heap        ] GC(15) Archive regions: 2->2
[6.774s][info ][gc,heap        ] GC(15) Humongous regions: 0->0
[6.774s][info ][gc,metaspace   ] GC(15) Metaspace: 10385K(10880K)->10385K(10880K) NonClass: 9183K(9472K)->9183K(9472K) Class: 1201K(1408K)->1201K(1408K)
[6.774s][debug][gc,heap        ] GC(15) Heap after GC invocations=16 (full 1): garbage-first heap   total 145408K, used 4055K [0x0000000700000000, 0x0000000800000000)
[6.774s][debug][gc,heap        ] GC(15)   region size 1024K, 1 young (1024K), 1 survivors (1024K)
[6.774s][debug][gc,heap        ] GC(15)  Metaspace       used 10385K, capacity 10712K, committed 10880K, reserved 1058816K
[6.774s][debug][gc,heap        ] GC(15)   class space    used 1201K, capacity 1338K, committed 1408K, reserved 1048576K
[6.774s][info ][gc             ] GC(15) Pause Young (Normal) (G1 Evacuation Pause) 87M->3M(142M) 1.854ms
[6.774s][info ][gc,cpu         ] GC(15) User=0.01s Sys=0.00s Real=0.00s
[6.774s][info ][safepoint      ] Safepoint "G1CollectForAllocation", Time since last: 77730497 ns, Reaching safepoint: 162633 ns, At safepoint: 2029644 ns, Total: 2192277 ns
[6.828s][debug][gc,heap        ] GC(16) Heap before GC invocations=16 (full 1): garbage-first heap   total 145408K, used 90071K [0x0000000700000000, 0x0000000800000000)
[6.828s][debug][gc,heap        ] GC(16)   region size 1024K, 85 young (87040K), 1 survivors (1024K)
[6.828s][debug][gc,heap        ] GC(16)  Metaspace       used 10385K, capacity 10712K, committed 10880K, reserved 1058816K
[6.828s][debug][gc,heap        ] GC(16)   class space    used 1201K, capacity 1338K, committed 1408K, reserved 1048576K
[6.829s][info ][gc,start       ] GC(16) Pause Young (Normal) (G1 Evacuation Pause)
[6.829s][info ][gc,task        ] GC(16) Using 8 workers of 8 for evacuation
[6.829s][debug][gc,tlab        ] GC(16) TLAB totals: thrds: 11  refills: 519 max: 75 slow allocs: 0 max 0 waste:  1.6% gc: 1148104B max: 213216B slow: 296904B max: 42888B fast: 0B max: 0B
[6.829s][debug][gc,age         ] GC(16) Desired survivor size 5767168 bytes, new threshold 15 (max threshold 15)
[6.829s][debug][gc,alloc,region] GC(16) Mutator Allocation stats, regions: 84, wasted size: 0B ( 0.0%)
[6.829s][debug][gc,ergo        ] GC(16) Running G1 Merge Heap Roots using 8 workers for 85 regions
[6.829s][debug][gc,remset      ] GC(16) Visited cards 3840 Total dirty 10240 (37.50%) Total old 364544 (1.05%)
[6.829s][debug][gc,ergo        ] GC(16) Running G1 Clear Card Table Task using 1 workers for 1 units of work for 90 regions.
[6.829s][debug][gc,ref         ] GC(16) Skipped phase1 of Reference Processing due to unavailable references
[6.829s][debug][gc,ref         ] GC(16) Skipped phase3 of Reference Processing due to unavailable references
[6.829s][debug][gc,ref         ] GC(16) Skipped phase4 of Reference Processing due to unavailable references
[6.829s][debug][gc,ergo        ] GC(16) Running G1 Free Collection Set using 8 workers for collection set length 85 (142)
[6.830s][debug][gc,ergo        ] GC(16) Running G1 Rebuild Free List Task using 8 workers for rebuilding free list of 0 (4096) regions
[6.830s][trace][gc,age         ] GC(16) Age table with threshold 15 (max threshold 15)
[6.830s][trace][gc,age         ] GC(16) - age   1:        920 bytes,        920 total
[6.830s][trace][gc,age         ] GC(16) - age  15:        264 bytes,       1184 total
[6.830s][debug][gc,plab        ] GC(16) Young PLAB allocation: allocated: 16512B, wasted: 0B, unused: 15328B, used: 1184B, undo waste: 0B, 
[6.830s][debug][gc,plab        ] GC(16) Young other allocation: region end waste: 0B, regions filled: 1, direct allocated: 0B, failure used: 0B, failure wasted: 0B
[6.830s][debug][gc,plab        ] GC(16) Young sizing: calculated: 232B, actual: 2064B
[6.830s][debug][gc,plab        ] GC(16) Old PLAB allocation: allocated: 18576B, wasted: 72B, unused: 4216B, used: 14288B, undo waste: 0B, 
[6.830s][debug][gc,plab        ] GC(16) Old other allocation: region end waste: 0B, regions filled: 1, direct allocated: 495728B, failure used: 0B, failure wasted: 0B
[6.830s][debug][gc,plab        ] GC(16) Old sizing: calculated: 2856B, actual: 2136B
[6.830s][debug][gc,ihop        ] GC(16) Basic information (value update), threshold: 67004006B (45.00), target occupancy: 148897792B, current occupancy: 4163272B, recent allocation size: 18576B, recent allocation duration: 55.43ms, recent old gen allocation rate: 335136.94B/s, recent marking phase length: 0.00ms
[6.830s][debug][gc,ihop        ] GC(16) Adaptive IHOP information (value update), threshold: 67004006B (47.37), internal target occupancy: 141452902B, occupancy: 4163272B, additional buffer size: 89128960B, predicted old gen allocation rate: 52352.82B/s, predicted marking phase length: 0.00ms, prediction active: false
[6.830s][debug][gc,ergo,refine ] GC(16) Concurrent refinement times: Logged Cards Scan time goal: 20.00ms Logged Cards Scan time: 0.02ms HCC time: 0.00ms
[6.830s][debug][gc,ergo,refine ] GC(16) Updated Refinement Zones: green: 2048, yellow: 6144, red: 10240
[6.830s][info ][gc,phases      ] GC(16)   Pre Evacuate Collection Set: 0.1ms
[6.830s][debug][gc,phases      ] GC(16)     Prepare TLABs: 0.0ms
[6.830s][debug][gc,phases      ] GC(16)     Choose Collection Set: 0.0ms
[6.830s][debug][gc,phases      ] GC(16)     Region Register: 0.1ms
[6.830s][debug][gc,phases      ] GC(16)     Prepare Heap Roots: 0.0ms
[6.830s][info ][gc,phases      ] GC(16)   Merge Heap Roots: 0.1ms
[6.830s][debug][gc,phases      ] GC(16)     Prepare Merge Heap Roots: 0.0ms
[6.830s][debug][gc,phases      ] GC(16)     Eager Reclaim (ms):       skipped
[6.830s][debug][gc,phases      ] GC(16)     Remembered Sets (ms):     Min:  0.0, Avg:  0.0, Max:  0.0, Diff:  0.0, Sum:  0.1, Workers: 8
[6.830s][debug][gc,phases      ] GC(16)       Merged Sparse:            Min: 0, Avg:  0.0, Max: 0, Diff: 0, Sum: 0, Workers: 8
[6.830s][debug][gc,phases      ] GC(16)       Merged Fine:              Min: 0, Avg:  0.0, Max: 0, Diff: 0, Sum: 0, Workers: 8
[6.830s][debug][gc,phases      ] GC(16)       Merged Coarse:            Min: 0, Avg:  0.0, Max: 0, Diff: 0, Sum: 0, Workers: 8
[6.830s][debug][gc,phases      ] GC(16)       Dirty Cards:              Min: 0, Avg:  0.0, Max: 0, Diff: 0, Sum: 0, Workers: 8
[6.830s][debug][gc,phases      ] GC(16)     Hot Card Cache (ms):      Min:  0.0, Avg:  0.0, Max:  0.0, Diff:  0.0, Sum:  0.0, Workers: 8
[6.830s][debug][gc,phases      ] GC(16)       Dirty Cards:              Min: 0, Avg:  0.0, Max: 0, Diff: 0, Sum: 0, Workers: 8
[6.830s][debug][gc,phases      ] GC(16)       Skipped Cards:            Min: 0, Avg:  0.0, Max: 0, Diff: 0, Sum: 0, Workers: 8
[6.830s][debug][gc,phases      ] GC(16)     Log Buffers (ms):         Min:  0.0, Avg:  0.0, Max:  0.0, Diff:  0.0, Sum:  0.0, Workers: 8
[6.830s][debug][gc,phases      ] GC(16)       Dirty Cards:              Min: 0, Avg:  7.5, Max: 40, Diff: 40, Sum: 60, Workers: 8
[6.830s][debug][gc,phases      ] GC(16)       Skipped Cards:            Min: 0, Avg:  0.0, Max: 0, Diff: 0, Sum: 0, Workers: 8
[6.830s][info ][gc,phases      ] GC(16)   Evacuate Collection Set: 0.5ms
[6.830s][debug][gc,phases      ] GC(16)     Ext Root Scanning (ms):   Min:  0.0, Avg:  0.1, Max:  0.2, Diff:  0.2, Sum:  0.7, Workers: 8
[6.830s][debug][gc,phases      ] GC(16)     Scan Heap Roots (ms):     Min:  0.0, Avg:  0.0, Max:  0.0, Diff:  0.0, Sum:  0.1, Workers: 8
[6.830s][debug][gc,phases      ] GC(16)       Scanned Cards:            Min: 0, Avg:  6.8, Max: 14, Diff: 14, Sum: 54, Workers: 8
[6.830s][debug][gc,phases      ] GC(16)       Scanned Blocks:           Min: 0, Avg:  5.2, Max: 9, Diff: 9, Sum: 42, Workers: 8
[6.830s][debug][gc,phases      ] GC(16)       Claimed Chunks:           Min: 0, Avg:  1.9, Max: 4, Diff: 4, Sum: 15, Workers: 8
[6.830s][debug][gc,phases      ] GC(16)     Code Root Scan (ms):      Min:  0.0, Avg:  0.0, Max:  0.0, Diff:  0.0, Sum:  0.0, Workers: 8
[6.830s][debug][gc,phases      ] GC(16)     Object Copy (ms):         Min:  0.0, Avg:  0.1, Max:  0.3, Diff:  0.3, Sum:  0.5, Workers: 8
[6.830s][debug][gc,phases      ] GC(16)     Termination (ms):         Min:  0.0, Avg:  0.2, Max:  0.3, Diff:  0.2, Sum:  1.8, Workers: 8
[6.830s][debug][gc,phases      ] GC(16)       Termination Attempts:     Min: 1, Avg:  1.0, Max: 1, Diff: 0, Sum: 8, Workers: 8
[6.830s][debug][gc,phases      ] GC(16)     GC Worker Other (ms):     Min:  0.0, Avg:  0.0, Max:  0.0, Diff:  0.0, Sum:  0.1, Workers: 8
[6.830s][debug][gc,phases      ] GC(16)     GC Worker Total (ms):     Min:  0.4, Avg:  0.4, Max:  0.4, Diff:  0.1, Sum:  3.2, Workers: 8
[6.830s][info ][gc,phases      ] GC(16)   Post Evacuate Collection Set: 0.3ms
[6.830s][debug][gc,phases      ] GC(16)     Code Roots Fixup: 0.0ms
[6.830s][debug][gc,phases      ] GC(16)     Clear Card Table: 0.0ms
[6.830s][debug][gc,phases      ] GC(16)     Reference Processing: 0.0ms
[6.830s][debug][gc,phases,ref  ] GC(16)       Reconsider SoftReferences: 0.0ms
[6.830s][debug][gc,phases,ref  ] GC(16)         SoftRef (ms):             skipped
[6.830s][debug][gc,phases,ref  ] GC(16)       Notify Soft/WeakReferences: 0.0ms
[6.830s][debug][gc,phases,ref  ] GC(16)         SoftRef (ms):             Min:  0.0, Avg:  0.0, Max:  0.0, Diff:  0.0, Sum:  0.0, Workers: 1
[6.830s][debug][gc,phases,ref  ] GC(16)         WeakRef (ms):             Min:  0.0, Avg:  0.0, Max:  0.0, Diff:  0.0, Sum:  0.0, Workers: 1
[6.830s][debug][gc,phases,ref  ] GC(16)         FinalRef (ms):            Min:  0.0, Avg:  0.0, Max:  0.0, Diff:  0.0, Sum:  0.0, Workers: 1
[6.830s][debug][gc,phases,ref  ] GC(16)         Total (ms):               Min:  0.0, Avg:  0.0, Max:  0.0, Diff:  0.0, Sum:  0.0, Workers: 1
[6.830s][debug][gc,phases,ref  ] GC(16)       Notify and keep alive finalizable: 0.0ms
[6.830s][debug][gc,phases,ref  ] GC(16)         FinalRef (ms):            skipped
[6.830s][debug][gc,phases,ref  ] GC(16)       Notify PhantomReferences: 0.0ms
[6.830s][debug][gc,phases,ref  ] GC(16)         PhantomRef (ms):          skipped
[6.830s][debug][gc,phases,ref  ] GC(16)       SoftReference:
[6.830s][debug][gc,phases,ref  ] GC(16)         Discovered: 0
[6.830s][debug][gc,phases,ref  ] GC(16)         Cleared: 0
[6.830s][debug][gc,phases,ref  ] GC(16)       WeakReference:
[6.830s][debug][gc,phases,ref  ] GC(16)         Discovered: 1
[6.830s][debug][gc,phases,ref  ] GC(16)         Cleared: 0
[6.830s][debug][gc,phases,ref  ] GC(16)       FinalReference:
[6.830s][debug][gc,phases,ref  ] GC(16)         Discovered: 0
[6.830s][debug][gc,phases,ref  ] GC(16)         Cleared: 0
[6.830s][debug][gc,phases,ref  ] GC(16)       PhantomReference:
[6.830s][debug][gc,phases,ref  ] GC(16)         Discovered: 0
[6.830s][debug][gc,phases,ref  ] GC(16)         Cleared: 0
[6.830s][debug][gc,phases      ] GC(16)     Weak Processing: 0.0ms
[6.830s][debug][gc,phases      ] GC(16)       JVMTI weak processing: 0.0ms
[6.830s][debug][gc,phases      ] GC(16)         Dead: 0
[6.830s][debug][gc,phases      ] GC(16)         Total: 0
[6.830s][debug][gc,phases      ] GC(16)       JFR weak processing: 0.0ms
[6.830s][debug][gc,phases      ] GC(16)         Dead: 0
[6.830s][debug][gc,phases      ] GC(16)         Total: 0
[6.830s][debug][gc,phases      ] GC(16)       JNI weak                  Min:  0.0, Avg:  0.0, Max:  0.0, Diff:  0.0, Sum:  0.0, Workers: 5
[6.830s][debug][gc,phases      ] GC(16)         Dead                      Min: 0, Avg:  0.0, Max: 0, Diff: 0, Sum: 0, Workers: 5
[6.830s][debug][gc,phases      ] GC(16)         Total                     Min: 0, Avg: 11.4, Max: 53, Diff: 53, Sum: 57, Workers: 5
[6.830s][debug][gc,phases      ] GC(16)       VM weak                   Min:  0.0, Avg:  0.0, Max:  0.0, Diff:  0.0, Sum:  0.0, Workers: 5
[6.830s][debug][gc,phases      ] GC(16)         Dead                      Min: 0, Avg:  0.0, Max: 0, Diff: 0, Sum: 0, Workers: 5
[6.830s][debug][gc,phases      ] GC(16)         Total                     Min: 0, Avg: 44.0, Max: 64, Diff: 64, Sum: 220, Workers: 5
[6.830s][debug][gc,phases      ] GC(16)       StringTable weak          Min:  0.0, Avg:  0.0, Max:  0.0, Diff:  0.0, Sum:  0.1, Workers: 5
[6.830s][debug][gc,phases      ] GC(16)         Dead                      Min: 0, Avg:  0.0, Max: 0, Diff: 0, Sum: 0, Workers: 5
[6.830s][debug][gc,phases      ] GC(16)         Total                     Min: 0, Avg: 718.2, Max: 959, Diff: 959, Sum: 3591, Workers: 5
[6.830s][debug][gc,phases      ] GC(16)       ResolvedMethodTable weak  Min:  0.0, Avg:  0.0, Max:  0.0, Diff:  0.0, Sum:  0.0, Workers: 5
[6.830s][debug][gc,phases      ] GC(16)         Dead                      Min: 0, Avg:  0.0, Max: 0, Diff: 0, Sum: 0, Workers: 5
[6.830s][debug][gc,phases      ] GC(16)         Total                     Min: 0, Avg: 116.6, Max: 192, Diff: 192, Sum: 583, Workers: 5
[6.830s][debug][gc,phases      ] GC(16)     Merge Per-Thread State: 0.0ms
[6.830s][debug][gc,phases      ] GC(16)       Copied Bytes              Min: 472, Avg: 63900.0, Max: 402304, Diff: 401832, Sum: 511200, Workers: 8
[6.830s][debug][gc,phases      ] GC(16)       LAB Waste                 Min: 0, Avg:  9.0, Max: 48, Diff: 48, Sum: 72, Workers: 8
[6.830s][debug][gc,phases      ] GC(16)       LAB Undo Waste            Min: 0, Avg:  0.0, Max: 0, Diff: 0, Sum: 0, Workers: 8
[6.830s][debug][gc,phases      ] GC(16)     Code Roots Purge: 0.0ms
[6.830s][debug][gc,phases      ] GC(16)     Redirty Cards: 0.0ms
[6.830s][debug][gc,phases      ] GC(16)     DerivedPointerTable Update: 0.0ms
[6.830s][debug][gc,phases      ] GC(16)     Free Collection Set: 0.1ms
[6.830s][debug][gc,phases      ] GC(16)     Rebuild Free List: 0.1ms
[6.830s][debug][gc,phases      ] GC(16)     Humongous Reclaim: 0.0ms
[6.830s][debug][gc,phases      ] GC(16)     Start New Collection Set: 0.0ms
[6.830s][debug][gc,phases      ] GC(16)     Resize TLABs: 0.0ms
[6.830s][debug][gc,phases      ] GC(16)     Expand Heap After Collection: 0.0ms
[6.830s][info ][gc,phases      ] GC(16)   Other: 0.3ms
[6.830s][info ][gc,heap        ] GC(16) Eden regions: 84->0(84)
[6.830s][info ][gc,heap        ] GC(16) Survivor regions: 1->1(11)
[6.830s][info ][gc,heap        ] GC(16) Old regions: 6->7
[6.830s][info ][gc,heap        ] GC(16) Archive regions: 2->2
[6.830s][info ][gc,heap        ] GC(16) Humongous regions: 0->0
[6.830s][info ][gc,metaspace   ] GC(16) Metaspace: 10385K(10880K)->10385K(10880K) NonClass: 9183K(9472K)->9183K(9472K) Class: 1201K(1408K)->1201K(1408K)
[6.830s][debug][gc,heap        ] GC(16) Heap after GC invocations=17 (full 1): garbage-first heap   total 145408K, used 4065K [0x0000000700000000, 0x0000000800000000)
[6.830s][debug][gc,heap        ] GC(16)   region size 1024K, 1 young (1024K), 1 survivors (1024K)
[6.830s][debug][gc,heap        ] GC(16)  Metaspace       used 10385K, capacity 10712K, committed 10880K, reserved 1058816K
[6.830s][debug][gc,heap        ] GC(16)   class space    used 1201K, capacity 1338K, committed 1408K, reserved 1048576K
[6.830s][info ][gc             ] GC(16) Pause Young (Normal) (G1 Evacuation Pause) 87M->3M(142M) 1.943ms
[6.830s][info ][gc,cpu         ] GC(16) User=0.01s Sys=0.01s Real=0.00s
[6.831s][info ][safepoint      ] Safepoint "G1CollectForAllocation", Time since last: 54363448 ns, Reaching safepoint: 215620 ns, At safepoint: 2237496 ns, Total: 2453116 ns
[6.886s][debug][gc,heap        ] GC(17) Heap before GC invocations=17 (full 1): garbage-first heap   total 145408K, used 90081K [0x0000000700000000, 0x0000000800000000)
[6.886s][debug][gc,heap        ] GC(17)   region size 1024K, 85 young (87040K), 1 survivors (1024K)
[6.886s][debug][gc,heap        ] GC(17)  Metaspace       used 10385K, capacity 10712K, committed 10880K, reserved 1058816K
[6.886s][debug][gc,heap        ] GC(17)   class space    used 1201K, capacity 1338K, committed 1408K, reserved 1048576K
[6.886s][info ][gc,start       ] GC(17) Pause Young (Normal) (G1 Evacuation Pause)
[6.886s][info ][gc,task        ] GC(17) Using 8 workers of 8 for evacuation
[6.886s][debug][gc,tlab        ] GC(17) TLAB totals: thrds: 8  refills: 536 max: 94 slow allocs: 0 max 0 waste:  1.2% gc: 725056B max: 166168B slow: 307152B max: 55080B fast: 0B max: 0B
[6.886s][debug][gc,age         ] GC(17) Desired survivor size 5767168 bytes, new threshold 15 (max threshold 15)
[6.886s][debug][gc,alloc,region] GC(17) Mutator Allocation stats, regions: 84, wasted size: 0B ( 0.0%)
[6.886s][debug][gc,ergo        ] GC(17) Running G1 Merge Heap Roots using 8 workers for 85 regions
[6.886s][debug][gc,remset      ] GC(17) Visited cards 1536 Total dirty 10240 (15.00%) Total old 366592 (0.42%)
[6.886s][debug][gc,ergo        ] GC(17) Running G1 Clear Card Table Task using 1 workers for 1 units of work for 90 regions.
[6.886s][debug][gc,ref         ] GC(17) Skipped phase1 of Reference Processing due to unavailable references
[6.887s][debug][gc,ref         ] GC(17) Skipped phase2 of Reference Processing due to unavailable references
[6.887s][debug][gc,ref         ] GC(17) Skipped phase3 of Reference Processing due to unavailable references
[6.887s][debug][gc,ref         ] GC(17) Skipped phase4 of Reference Processing due to unavailable references
[6.887s][debug][gc,ergo        ] GC(17) Running G1 Free Collection Set using 8 workers for collection set length 85 (142)
[6.887s][debug][gc,ergo        ] GC(17) Running G1 Rebuild Free List Task using 8 workers for rebuilding free list of 0 (4096) regions
[6.887s][trace][gc,age         ] GC(17) Age table with threshold 15 (max threshold 15)
[6.887s][trace][gc,age         ] GC(17) - age   1:        296 bytes,        296 total
[6.887s][trace][gc,age         ] GC(17) - age   2:        256 bytes,        552 total
[6.887s][debug][gc,plab        ] GC(17) Young PLAB allocation: allocated: 14448B, wasted: 0B, unused: 13896B, used: 552B, undo waste: 0B, 
[6.887s][debug][gc,plab        ] GC(17) Young other allocation: region end waste: 0B, regions filled: 1, direct allocated: 0B, failure used: 0B, failure wasted: 0B
[6.887s][debug][gc,plab        ] GC(17) Young sizing: calculated: 104B, actual: 2064B
[6.887s][debug][gc,plab        ] GC(17) Old PLAB allocation: allocated: 12384B, wasted: 0B, unused: 12120B, used: 264B, undo waste: 0B, 
[6.887s][debug][gc,plab        ] GC(17) Old other allocation: region end waste: 0B, regions filled: 1, direct allocated: 0B, failure used: 0B, failure wasted: 0B
[6.887s][debug][gc,plab        ] GC(17) Old sizing: calculated: 48B, actual: 2064B
[6.887s][debug][gc,ihop        ] GC(17) Basic information (value update), threshold: 67004006B (45.00), target occupancy: 148897792B, current occupancy: 4174008B, recent allocation size: 12384B, recent allocation duration: 56.21ms, recent old gen allocation rate: 220306.73B/s, recent marking phase length: 0.00ms
[6.887s][debug][gc,ihop        ] GC(17) Adaptive IHOP information (value update), threshold: 67004006B (47.37), internal target occupancy: 141452902B, occupancy: 4174008B, additional buffer size: 89128960B, predicted old gen allocation rate: 67813.81B/s, predicted marking phase length: 0.00ms, prediction active: false
[6.887s][debug][gc,ergo,refine ] GC(17) Concurrent refinement times: Logged Cards Scan time goal: 20.00ms Logged Cards Scan time: 0.00ms HCC time: 0.00ms
[6.887s][debug][gc,ergo,refine ] GC(17) Updated Refinement Zones: green: 2048, yellow: 6144, red: 10240
[6.887s][info ][gc,phases      ] GC(17)   Pre Evacuate Collection Set: 0.1ms
[6.887s][debug][gc,phases      ] GC(17)     Prepare TLABs: 0.0ms
[6.887s][debug][gc,phases      ] GC(17)     Choose Collection Set: 0.0ms
[6.887s][debug][gc,phases      ] GC(17)     Region Register: 0.1ms
[6.887s][debug][gc,phases      ] GC(17)     Prepare Heap Roots: 0.0ms
[6.887s][info ][gc,phases      ] GC(17)   Merge Heap Roots: 0.1ms
[6.887s][debug][gc,phases      ] GC(17)     Prepare Merge Heap Roots: 0.0ms
[6.887s][debug][gc,phases      ] GC(17)     Eager Reclaim (ms):       skipped
[6.887s][debug][gc,phases      ] GC(17)     Remembered Sets (ms):     Min:  0.0, Avg:  0.0, Max:  0.0, Diff:  0.0, Sum:  0.0, Workers: 8
[6.887s][debug][gc,phases      ] GC(17)       Merged Sparse:            Min: 0, Avg:  0.0, Max: 0, Diff: 0, Sum: 0, Workers: 8
[6.887s][debug][gc,phases      ] GC(17)       Merged Fine:              Min: 0, Avg:  0.0, Max: 0, Diff: 0, Sum: 0, Workers: 8
[6.887s][debug][gc,phases      ] GC(17)       Merged Coarse:            Min: 0, Avg:  0.0, Max: 0, Diff: 0, Sum: 0, Workers: 8
[6.887s][debug][gc,phases      ] GC(17)       Dirty Cards:              Min: 0, Avg:  0.0, Max: 0, Diff: 0, Sum: 0, Workers: 8
[6.887s][debug][gc,phases      ] GC(17)     Hot Card Cache (ms):      Min:  0.0, Avg:  0.0, Max:  0.0, Diff:  0.0, Sum:  0.0, Workers: 8
[6.887s][debug][gc,phases      ] GC(17)       Dirty Cards:              Min: 0, Avg:  0.0, Max: 0, Diff: 0, Sum: 0, Workers: 8
[6.887s][debug][gc,phases      ] GC(17)       Skipped Cards:            Min: 0, Avg:  0.0, Max: 0, Diff: 0, Sum: 0, Workers: 8
[6.887s][debug][gc,phases      ] GC(17)     Log Buffers (ms):         Min:  0.0, Avg:  0.0, Max:  0.0, Diff:  0.0, Sum:  0.0, Workers: 8
[6.887s][debug][gc,phases      ] GC(17)       Dirty Cards:              Min: 0, Avg:  1.2, Max: 5, Diff: 5, Sum: 10, Workers: 8
[6.887s][debug][gc,phases      ] GC(17)       Skipped Cards:            Min: 0, Avg:  0.0, Max: 0, Diff: 0, Sum: 0, Workers: 8
[6.887s][info ][gc,phases      ] GC(17)   Evacuate Collection Set: 0.2ms
[6.887s][debug][gc,phases      ] GC(17)     Ext Root Scanning (ms):   Min:  0.0, Avg:  0.0, Max:  0.1, Diff:  0.1, Sum:  0.3, Workers: 8
[6.887s][debug][gc,phases      ] GC(17)     Scan Heap Roots (ms):     Min:  0.0, Avg:  0.0, Max:  0.0, Diff:  0.0, Sum:  0.0, Workers: 8
[6.887s][debug][gc,phases      ] GC(17)       Scanned Cards:            Min: 0, Avg:  1.1, Max: 3, Diff: 3, Sum: 9, Workers: 8
[6.887s][debug][gc,phases      ] GC(17)       Scanned Blocks:           Min: 0, Avg:  1.0, Max: 3, Diff: 3, Sum: 8, Workers: 8
[6.887s][debug][gc,phases      ] GC(17)       Claimed Chunks:           Min: 0, Avg:  0.8, Max: 2, Diff: 2, Sum: 6, Workers: 8
[6.887s][debug][gc,phases      ] GC(17)     Code Root Scan (ms):      Min:  0.0, Avg:  0.0, Max:  0.0, Diff:  0.0, Sum:  0.0, Workers: 8
[6.887s][debug][gc,phases      ] GC(17)     Object Copy (ms):         Min:  0.0, Avg:  0.0, Max:  0.0, Diff:  0.0, Sum:  0.1, Workers: 8
[6.887s][debug][gc,phases      ] GC(17)     Termination (ms):         Min:  0.0, Avg:  0.0, Max:  0.0, Diff:  0.0, Sum:  0.2, Workers: 8
[6.887s][debug][gc,phases      ] GC(17)       Termination Attempts:     Min: 1, Avg:  1.0, Max: 1, Diff: 0, Sum: 8, Workers: 8
[6.887s][debug][gc,phases      ] GC(17)     GC Worker Other (ms):     Min:  0.0, Avg:  0.0, Max:  0.0, Diff:  0.0, Sum:  0.2, Workers: 8
[6.887s][debug][gc,phases      ] GC(17)     GC Worker Total (ms):     Min:  0.1, Avg:  0.1, Max:  0.1, Diff:  0.1, Sum:  0.8, Workers: 8
[6.887s][info ][gc,phases      ] GC(17)   Post Evacuate Collection Set: 0.3ms
[6.887s][debug][gc,phases      ] GC(17)     Code Roots Fixup: 0.0ms
[6.887s][debug][gc,phases      ] GC(17)     Clear Card Table: 0.1ms
[6.887s][debug][gc,phases      ] GC(17)     Reference Processing: 0.0ms
[6.887s][debug][gc,phases,ref  ] GC(17)       Reconsider SoftReferences: 0.0ms
[6.887s][debug][gc,phases,ref  ] GC(17)         SoftRef (ms):             skipped
[6.887s][debug][gc,phases,ref  ] GC(17)       Notify Soft/WeakReferences: 0.0ms
[6.887s][debug][gc,phases,ref  ] GC(17)         SoftRef (ms):             skipped
[6.887s][debug][gc,phases,ref  ] GC(17)         WeakRef (ms):             skipped
[6.887s][debug][gc,phases,ref  ] GC(17)         FinalRef (ms):            skipped
[6.887s][debug][gc,phases,ref  ] GC(17)         Total (ms):               skipped
[6.887s][debug][gc,phases,ref  ] GC(17)       Notify and keep alive finalizable: 0.0ms
[6.887s][debug][gc,phases,ref  ] GC(17)         FinalRef (ms):            skipped
[6.887s][debug][gc,phases,ref  ] GC(17)       Notify PhantomReferences: 0.0ms
[6.887s][debug][gc,phases,ref  ] GC(17)         PhantomRef (ms):          skipped
[6.887s][debug][gc,phases,ref  ] GC(17)       SoftReference:
[6.887s][debug][gc,phases,ref  ] GC(17)         Discovered: 0
[6.887s][debug][gc,phases,ref  ] GC(17)         Cleared: 0
[6.887s][debug][gc,phases,ref  ] GC(17)       WeakReference:
[6.887s][debug][gc,phases,ref  ] GC(17)         Discovered: 0
[6.887s][debug][gc,phases,ref  ] GC(17)         Cleared: 0
[6.887s][debug][gc,phases,ref  ] GC(17)       FinalReference:
[6.887s][debug][gc,phases,ref  ] GC(17)         Discovered: 0
[6.887s][debug][gc,phases,ref  ] GC(17)         Cleared: 0
[6.887s][debug][gc,phases,ref  ] GC(17)       PhantomReference:
[6.887s][debug][gc,phases,ref  ] GC(17)         Discovered: 0
[6.887s][debug][gc,phases,ref  ] GC(17)         Cleared: 0
[6.887s][debug][gc,phases      ] GC(17)     Weak Processing: 0.1ms
[6.887s][debug][gc,phases      ] GC(17)       JVMTI weak processing: 0.0ms
[6.887s][debug][gc,phases      ] GC(17)         Dead: 0
[6.887s][debug][gc,phases      ] GC(17)         Total: 0
[6.887s][debug][gc,phases      ] GC(17)       JFR weak processing: 0.0ms
[6.887s][debug][gc,phases      ] GC(17)         Dead: 0
[6.887s][debug][gc,phases      ] GC(17)         Total: 0
[6.887s][debug][gc,phases      ] GC(17)       JNI weak                  Min:  0.0, Avg:  0.0, Max:  0.0, Diff:  0.0, Sum:  0.0, Workers: 5
[6.887s][debug][gc,phases      ] GC(17)         Dead                      Min: 0, Avg:  0.0, Max: 0, Diff: 0, Sum: 0, Workers: 5
[6.887s][debug][gc,phases      ] GC(17)         Total                     Min: 0, Avg: 10.8, Max: 54, Diff: 54, Sum: 54, Workers: 5
[6.887s][debug][gc,phases      ] GC(17)       VM weak                   Min:  0.0, Avg:  0.0, Max:  0.0, Diff:  0.0, Sum:  0.0, Workers: 5
[6.887s][debug][gc,phases      ] GC(17)         Dead                      Min: 0, Avg:  0.0, Max: 0, Diff: 0, Sum: 0, Workers: 5
[6.887s][debug][gc,phases      ] GC(17)         Total                     Min: 0, Avg: 44.0, Max: 220, Diff: 220, Sum: 220, Workers: 5
[6.887s][debug][gc,phases      ] GC(17)       StringTable weak          Min:  0.0, Avg:  0.0, Max:  0.0, Diff:  0.0, Sum:  0.0, Workers: 5
[6.887s][debug][gc,phases      ] GC(17)         Dead                      Min: 0, Avg:  0.0, Max: 0, Diff: 0, Sum: 0, Workers: 5
[6.887s][debug][gc,phases      ] GC(17)         Total                     Min: 0, Avg: 718.2, Max: 1536, Diff: 1536, Sum: 3591, Workers: 5
[6.887s][debug][gc,phases      ] GC(17)       ResolvedMethodTable weak  Min:  0.0, Avg:  0.0, Max:  0.0, Diff:  0.0, Sum:  0.0, Workers: 5
[6.887s][debug][gc,phases      ] GC(17)         Dead                      Min: 0, Avg:  0.0, Max: 0, Diff: 0, Sum: 0, Workers: 5
[6.887s][debug][gc,phases      ] GC(17)         Total                     Min: 0, Avg: 116.6, Max: 256, Diff: 256, Sum: 583, Workers: 5
[6.887s][debug][gc,phases      ] GC(17)     Merge Per-Thread State: 0.0ms
[6.887s][debug][gc,phases      ] GC(17)       Copied Bytes              Min: 0, Avg: 102.0, Max: 192, Diff: 192, Sum: 816, Workers: 8
[6.887s][debug][gc,phases      ] GC(17)       LAB Waste                 Min: 0, Avg:  0.0, Max: 0, Diff: 0, Sum: 0, Workers: 8
[6.887s][debug][gc,phases      ] GC(17)       LAB Undo Waste            Min: 0, Avg:  0.0, Max: 0, Diff: 0, Sum: 0, Workers: 8
[6.887s][debug][gc,phases      ] GC(17)     Code Roots Purge: 0.0ms
[6.887s][debug][gc,phases      ] GC(17)     Redirty Cards: 0.0ms
[6.887s][debug][gc,phases      ] GC(17)     DerivedPointerTable Update: 0.0ms
[6.887s][debug][gc,phases      ] GC(17)     Free Collection Set: 0.1ms
[6.887s][debug][gc,phases      ] GC(17)     Rebuild Free List: 0.0ms
[6.887s][debug][gc,phases      ] GC(17)     Humongous Reclaim: 0.0ms
[6.887s][debug][gc,phases      ] GC(17)     Start New Collection Set: 0.0ms
[6.887s][debug][gc,phases      ] GC(17)     Resize TLABs: 0.0ms
[6.887s][debug][gc,phases      ] GC(17)     Expand Heap After Collection: 0.0ms
[6.887s][info ][gc,phases      ] GC(17)   Other: 0.3ms
[6.887s][info ][gc,heap        ] GC(17) Eden regions: 84->0(84)
[6.887s][info ][gc,heap        ] GC(17) Survivor regions: 1->1(11)
[6.887s][info ][gc,heap        ] GC(17) Old regions: 7->7
[6.887s][info ][gc,heap        ] GC(17) Archive regions: 2->2
[6.887s][info ][gc,heap        ] GC(17) Humongous regions: 0->0
[6.887s][info ][gc,metaspace   ] GC(17) Metaspace: 10385K(10880K)->10385K(10880K) NonClass: 9183K(9472K)->9183K(9472K) Class: 1201K(1408K)->1201K(1408K)
[6.887s][debug][gc,heap        ] GC(17) Heap after GC invocations=18 (full 1): garbage-first heap   total 145408K, used 4076K [0x0000000700000000, 0x0000000800000000)
[6.887s][debug][gc,heap        ] GC(17)   region size 1024K, 1 young (1024K), 1 survivors (1024K)
[6.887s][debug][gc,heap        ] GC(17)  Metaspace       used 10385K, capacity 10712K, committed 10880K, reserved 1058816K
[6.887s][debug][gc,heap        ] GC(17)   class space    used 1201K, capacity 1338K, committed 1408K, reserved 1048576K
[6.887s][info ][gc             ] GC(17) Pause Young (Normal) (G1 Evacuation Pause) 87M->3M(142M) 1.504ms
[6.887s][info ][gc,cpu         ] GC(17) User=0.00s Sys=0.00s Real=0.00s
[6.888s][info ][safepoint      ] Safepoint "G1CollectForAllocation", Time since last: 55125167 ns, Reaching safepoint: 100847 ns, At safepoint: 1820746 ns, Total: 1921593 ns
[6.945s][debug][gc,heap        ] GC(18) Heap before GC invocations=18 (full 1): garbage-first heap   total 145408K, used 90092K [0x0000000700000000, 0x0000000800000000)
[6.945s][debug][gc,heap        ] GC(18)   region size 1024K, 85 young (87040K), 1 survivors (1024K)
[6.945s][debug][gc,heap        ] GC(18)  Metaspace       used 10385K, capacity 10712K, committed 10880K, reserved 1058816K
[6.945s][debug][gc,heap        ] GC(18)   class space    used 1201K, capacity 1338K, committed 1408K, reserved 1048576K
[6.945s][info ][gc,start       ] GC(18) Pause Young (Normal) (G1 Evacuation Pause)
[6.945s][info ][gc,task        ] GC(18) Using 8 workers of 8 for evacuation
[6.945s][debug][gc,tlab        ] GC(18) TLAB totals: thrds: 8  refills: 510 max: 96 slow allocs: 0 max 0 waste:  1.0% gc: 555328B max: 161792B slow: 293200B max: 55536B fast: 0B max: 0B
[6.945s][debug][gc,age         ] GC(18) Desired survivor size 5767168 bytes, new threshold 15 (max threshold 15)
[6.945s][debug][gc,alloc,region] GC(18) Mutator Allocation stats, regions: 84, wasted size: 0B ( 0.0%)
[6.945s][debug][gc,ergo        ] GC(18) Running G1 Merge Heap Roots using 8 workers for 85 regions
[6.945s][debug][gc,remset      ] GC(18) Visited cards 1280 Total dirty 10240 (12.50%) Total old 366592 (0.35%)
[6.945s][debug][gc,ergo        ] GC(18) Running G1 Clear Card Table Task using 1 workers for 1 units of work for 90 regions.
[6.945s][debug][gc,ref         ] GC(18) Skipped phase1 of Reference Processing due to unavailable references
[6.945s][debug][gc,ref         ] GC(18) Skipped phase2 of Reference Processing due to unavailable references
[6.945s][debug][gc,ref         ] GC(18) Skipped phase3 of Reference Processing due to unavailable references
[6.946s][debug][gc,ref         ] GC(18) Skipped phase4 of Reference Processing due to unavailable references
[6.946s][debug][gc,ergo        ] GC(18) Running G1 Free Collection Set using 8 workers for collection set length 85 (142)
[6.946s][debug][gc,ergo        ] GC(18) Running G1 Rebuild Free List Task using 8 workers for rebuilding free list of 0 (4096) regions
[6.946s][trace][gc,age         ] GC(18) Age table with threshold 15 (max threshold 15)
[6.946s][trace][gc,age         ] GC(18) - age   1:        704 bytes,        704 total
[6.946s][trace][gc,age         ] GC(18) - age   3:        256 bytes,        960 total
[6.946s][debug][gc,plab        ] GC(18) Young PLAB allocation: allocated: 16512B, wasted: 0B, unused: 15552B, used: 960B, undo waste: 0B, 
[6.946s][debug][gc,plab        ] GC(18) Young other allocation: region end waste: 0B, regions filled: 1, direct allocated: 0B, failure used: 0B, failure wasted: 0B
[6.946s][debug][gc,plab        ] GC(18) Young sizing: calculated: 192B, actual: 2064B
[6.946s][debug][gc,plab        ] GC(18) Old PLAB allocation: allocated: 0B, wasted: 0B, unused: 0B, used: 0B, undo waste: 0B, 
[6.946s][debug][gc,plab        ] GC(18) Old other allocation: region end waste: 0B, regions filled: 1, direct allocated: 0B, failure used: 0B, failure wasted: 0B
[6.946s][debug][gc,plab        ] GC(18) Old sizing: calculated: 0B, actual: 2064B
[6.946s][debug][gc,ergo,heap   ] GC(18) Attempt heap expansion (recent GC overhead higher than threshold after GC) recent GC overhead: 2.96 % threshold: 1.00 % uncommitted: 4146069504B base expansion amount and scale: 148897792B (51.81%)
[6.946s][debug][gc,ergo,heap   ] GC(18) Expand the heap. requested expansion amount: 77150157B expansion amount: 77594624B
[6.946s][debug][gc,ihop        ] GC(18) Target occupancy update: old: 148897792B, new: 226492416B
[6.946s][debug][gc,ihop        ] GC(18) Basic information (value update), threshold: 101921587B (45.00), target occupancy: 226492416B, current occupancy: 4176072B, recent allocation size: 0B, recent allocation duration: 58.16ms, recent old gen allocation rate: 0.00B/s, recent marking phase length: 0.00ms
[6.946s][debug][gc,ihop        ] GC(18) Adaptive IHOP information (value update), threshold: 101921587B (47.37), internal target occupancy: 215167795B, occupancy: 4176072B, additional buffer size: 135266304B, predicted old gen allocation rate: 65534.57B/s, predicted marking phase length: 0.00ms, prediction active: false
[6.946s][debug][gc,ergo,refine ] GC(18) Concurrent refinement times: Logged Cards Scan time goal: 20.00ms Logged Cards Scan time: 0.00ms HCC time: 0.00ms
[6.946s][debug][gc,ergo,refine ] GC(18) Updated Refinement Zones: green: 2048, yellow: 6144, red: 10240
[6.946s][info ][gc,phases      ] GC(18)   Pre Evacuate Collection Set: 0.1ms
[6.946s][debug][gc,phases      ] GC(18)     Prepare TLABs: 0.0ms
[6.946s][debug][gc,phases      ] GC(18)     Choose Collection Set: 0.0ms
[6.946s][debug][gc,phases      ] GC(18)     Region Register: 0.1ms
[6.946s][debug][gc,phases      ] GC(18)     Prepare Heap Roots: 0.0ms
[6.946s][info ][gc,phases      ] GC(18)   Merge Heap Roots: 0.1ms
[6.946s][debug][gc,phases      ] GC(18)     Prepare Merge Heap Roots: 0.0ms
[6.946s][debug][gc,phases      ] GC(18)     Eager Reclaim (ms):       skipped
[6.946s][debug][gc,phases      ] GC(18)     Remembered Sets (ms):     Min:  0.0, Avg:  0.0, Max:  0.0, Diff:  0.0, Sum:  0.0, Workers: 8
[6.946s][debug][gc,phases      ] GC(18)       Merged Sparse:            Min: 0, Avg:  0.0, Max: 0, Diff: 0, Sum: 0, Workers: 8
[6.946s][debug][gc,phases      ] GC(18)       Merged Fine:              Min: 0, Avg:  0.0, Max: 0, Diff: 0, Sum: 0, Workers: 8
[6.946s][debug][gc,phases      ] GC(18)       Merged Coarse:            Min: 0, Avg:  0.0, Max: 0, Diff: 0, Sum: 0, Workers: 8
[6.946s][debug][gc,phases      ] GC(18)       Dirty Cards:              Min: 0, Avg:  0.0, Max: 0, Diff: 0, Sum: 0, Workers: 8
[6.946s][debug][gc,phases      ] GC(18)     Hot Card Cache (ms):      Min:  0.0, Avg:  0.0, Max:  0.0, Diff:  0.0, Sum:  0.0, Workers: 8
[6.946s][debug][gc,phases      ] GC(18)       Dirty Cards:              Min: 0, Avg:  0.0, Max: 0, Diff: 0, Sum: 0, Workers: 8
[6.946s][debug][gc,phases      ] GC(18)       Skipped Cards:            Min: 0, Avg:  0.0, Max: 0, Diff: 0, Sum: 0, Workers: 8
[6.946s][debug][gc,phases      ] GC(18)     Log Buffers (ms):         Min:  0.0, Avg:  0.0, Max:  0.0, Diff:  0.0, Sum:  0.0, Workers: 8
[6.946s][debug][gc,phases      ] GC(18)       Dirty Cards:              Min: 0, Avg:  1.0, Max: 6, Diff: 6, Sum: 8, Workers: 8
[6.947s][debug][gc,phases      ] GC(18)       Skipped Cards:            Min: 0, Avg:  0.0, Max: 0, Diff: 0, Sum: 0, Workers: 8
[6.947s][info ][gc,phases      ] GC(18)   Evacuate Collection Set: 0.2ms
[6.947s][debug][gc,phases      ] GC(18)     Ext Root Scanning (ms):   Min:  0.0, Avg:  0.0, Max:  0.1, Diff:  0.1, Sum:  0.3, Workers: 8
[6.947s][debug][gc,phases      ] GC(18)     Scan Heap Roots (ms):     Min:  0.0, Avg:  0.0, Max:  0.0, Diff:  0.0, Sum:  0.0, Workers: 8
[6.947s][debug][gc,phases      ] GC(18)       Scanned Cards:            Min: 0, Avg:  0.9, Max: 2, Diff: 2, Sum: 7, Workers: 8
[6.947s][debug][gc,phases      ] GC(18)       Scanned Blocks:           Min: 0, Avg:  0.8, Max: 2, Diff: 2, Sum: 6, Workers: 8
[6.947s][debug][gc,phases      ] GC(18)       Claimed Chunks:           Min: 0, Avg:  0.6, Max: 1, Diff: 1, Sum: 5, Workers: 8
[6.947s][debug][gc,phases      ] GC(18)     Code Root Scan (ms):      Min:  0.0, Avg:  0.0, Max:  0.0, Diff:  0.0, Sum:  0.0, Workers: 8
[6.947s][debug][gc,phases      ] GC(18)     Object Copy (ms):         Min:  0.0, Avg:  0.0, Max:  0.0, Diff:  0.0, Sum:  0.0, Workers: 8
[6.947s][debug][gc,phases      ] GC(18)     Termination (ms):         Min:  0.1, Avg:  0.1, Max:  0.1, Diff:  0.0, Sum:  0.6, Workers: 8
[6.947s][debug][gc,phases      ] GC(18)       Termination Attempts:     Min: 1, Avg:  1.0, Max: 1, Diff: 0, Sum: 8, Workers: 8
[6.947s][debug][gc,phases      ] GC(18)     GC Worker Other (ms):     Min:  0.0, Avg:  0.0, Max:  0.0, Diff:  0.0, Sum:  0.1, Workers: 8
[6.947s][debug][gc,phases      ] GC(18)     GC Worker Total (ms):     Min:  0.1, Avg:  0.1, Max:  0.2, Diff:  0.0, Sum:  1.1, Workers: 8
[6.947s][info ][gc,phases      ] GC(18)   Post Evacuate Collection Set: 0.8ms
[6.947s][debug][gc,phases      ] GC(18)     Code Roots Fixup: 0.0ms
[6.947s][debug][gc,phases      ] GC(18)     Clear Card Table: 0.1ms
[6.947s][debug][gc,phases      ] GC(18)     Reference Processing: 0.0ms
[6.947s][debug][gc,phases,ref  ] GC(18)       Reconsider SoftReferences: 0.0ms
[6.947s][debug][gc,phases,ref  ] GC(18)         SoftRef (ms):             skipped
[6.947s][debug][gc,phases,ref  ] GC(18)       Notify Soft/WeakReferences: 0.0ms
[6.947s][debug][gc,phases,ref  ] GC(18)         SoftRef (ms):             skipped
[6.947s][debug][gc,phases,ref  ] GC(18)         WeakRef (ms):             skipped
[6.947s][debug][gc,phases,ref  ] GC(18)         FinalRef (ms):            skipped
[6.947s][debug][gc,phases,ref  ] GC(18)         Total (ms):               skipped
[6.947s][debug][gc,phases,ref  ] GC(18)       Notify and keep alive finalizable: 0.0ms
[6.947s][debug][gc,phases,ref  ] GC(18)         FinalRef (ms):            skipped
[6.947s][debug][gc,phases,ref  ] GC(18)       Notify PhantomReferences: 0.0ms
[6.947s][debug][gc,phases,ref  ] GC(18)         PhantomRef (ms):          skipped
[6.947s][debug][gc,phases,ref  ] GC(18)       SoftReference:
[6.947s][debug][gc,phases,ref  ] GC(18)         Discovered: 0
[6.947s][debug][gc,phases,ref  ] GC(18)         Cleared: 0
[6.947s][debug][gc,phases,ref  ] GC(18)       WeakReference:
[6.947s][debug][gc,phases,ref  ] GC(18)         Discovered: 0
[6.947s][debug][gc,phases,ref  ] GC(18)         Cleared: 0
[6.947s][debug][gc,phases,ref  ] GC(18)       FinalReference:
[6.947s][debug][gc,phases,ref  ] GC(18)         Discovered: 0
[6.947s][debug][gc,phases,ref  ] GC(18)         Cleared: 0
[6.947s][debug][gc,phases,ref  ] GC(18)       PhantomReference:
[6.947s][debug][gc,phases,ref  ] GC(18)         Discovered: 0
[6.947s][debug][gc,phases,ref  ] GC(18)         Cleared: 0
[6.947s][debug][gc,phases      ] GC(18)     Weak Processing: 0.1ms
[6.947s][debug][gc,phases      ] GC(18)       JVMTI weak processing: 0.0ms
[6.947s][debug][gc,phases      ] GC(18)         Dead: 0
[6.947s][debug][gc,phases      ] GC(18)         Total: 0
[6.947s][debug][gc,phases      ] GC(18)       JFR weak processing: 0.0ms
[6.947s][debug][gc,phases      ] GC(18)         Dead: 0
[6.947s][debug][gc,phases      ] GC(18)         Total: 0
[6.947s][debug][gc,phases      ] GC(18)       JNI weak                  Min:  0.0, Avg:  0.0, Max:  0.0, Diff:  0.0, Sum:  0.1, Workers: 5
[6.947s][debug][gc,phases      ] GC(18)         Dead                      Min: 0, Avg:  0.0, Max: 0, Diff: 0, Sum: 0, Workers: 5
[6.947s][debug][gc,phases      ] GC(18)         Total                     Min: 0, Avg: 10.8, Max: 50, Diff: 50, Sum: 54, Workers: 5
[6.947s][debug][gc,phases      ] GC(18)       VM weak                   Min:  0.0, Avg:  0.0, Max:  0.0, Diff:  0.0, Sum:  0.0, Workers: 5
[6.947s][debug][gc,phases      ] GC(18)         Dead                      Min: 0, Avg:  0.0, Max: 0, Diff: 0, Sum: 0, Workers: 5
[6.947s][debug][gc,phases      ] GC(18)         Total                     Min: 0, Avg: 44.0, Max: 128, Diff: 128, Sum: 220, Workers: 5
[6.947s][debug][gc,phases      ] GC(18)       StringTable weak          Min:  0.0, Avg:  0.0, Max:  0.1, Diff:  0.1, Sum:  0.1, Workers: 5
[6.947s][debug][gc,phases      ] GC(18)         Dead                      Min: 0, Avg:  0.0, Max: 0, Diff: 0, Sum: 0, Workers: 5
[6.947s][debug][gc,phases      ] GC(18)         Total                     Min: 0, Avg: 718.2, Max: 1543, Diff: 1543, Sum: 3591, Workers: 5
[6.947s][debug][gc,phases      ] GC(18)       ResolvedMethodTable weak  Min:  0.0, Avg:  0.0, Max:  0.0, Diff:  0.0, Sum:  0.0, Workers: 5
[6.947s][debug][gc,phases      ] GC(18)         Dead                      Min: 0, Avg:  0.0, Max: 0, Diff: 0, Sum: 0, Workers: 5
[6.947s][debug][gc,phases      ] GC(18)         Total                     Min: 0, Avg: 116.6, Max: 192, Diff: 192, Sum: 583, Workers: 5
[6.947s][debug][gc,phases      ] GC(18)     Merge Per-Thread State: 0.0ms
[6.947s][debug][gc,phases      ] GC(18)       Copied Bytes              Min: 56, Avg: 120.0, Max: 176, Diff: 120, Sum: 960, Workers: 8
[6.947s][debug][gc,phases      ] GC(18)       LAB Waste                 Min: 0, Avg:  0.0, Max: 0, Diff: 0, Sum: 0, Workers: 8
[6.947s][debug][gc,phases      ] GC(18)       LAB Undo Waste            Min: 0, Avg:  0.0, Max: 0, Diff: 0, Sum: 0, Workers: 8
[6.947s][debug][gc,phases      ] GC(18)     Code Roots Purge: 0.0ms
[6.947s][debug][gc,phases      ] GC(18)     Redirty Cards: 0.0ms
[6.947s][debug][gc,phases      ] GC(18)     DerivedPointerTable Update: 0.0ms
[6.947s][debug][gc,phases      ] GC(18)     Free Collection Set: 0.1ms
[6.947s][debug][gc,phases      ] GC(18)     Rebuild Free List: 0.0ms
[6.947s][debug][gc,phases      ] GC(18)     Humongous Reclaim: 0.0ms
[6.947s][debug][gc,phases      ] GC(18)     Start New Collection Set: 0.0ms
[6.947s][debug][gc,phases      ] GC(18)     Resize TLABs: 0.0ms
[6.947s][debug][gc,phases      ] GC(18)     Expand Heap After Collection: 0.5ms
[6.947s][info ][gc,phases      ] GC(18)   Other: 0.3ms
[6.947s][info ][gc,heap        ] GC(18) Eden regions: 84->0(128)
[6.947s][info ][gc,heap        ] GC(18) Survivor regions: 1->1(11)
[6.947s][info ][gc,heap        ] GC(18) Old regions: 7->7
[6.947s][info ][gc,heap        ] GC(18) Archive regions: 2->2
[6.947s][info ][gc,heap        ] GC(18) Humongous regions: 0->0
[6.947s][info ][gc,metaspace   ] GC(18) Metaspace: 10385K(10880K)->10385K(10880K) NonClass: 9183K(9472K)->9183K(9472K) Class: 1201K(1408K)->1201K(1408K)
[6.947s][debug][gc,heap        ] GC(18) Heap after GC invocations=19 (full 1): garbage-first heap   total 221184K, used 4078K [0x0000000700000000, 0x0000000800000000)
[6.947s][debug][gc,heap        ] GC(18)   region size 1024K, 1 young (1024K), 1 survivors (1024K)
[6.947s][debug][gc,heap        ] GC(18)  Metaspace       used 10385K, capacity 10712K, committed 10880K, reserved 1058816K
[6.947s][debug][gc,heap        ] GC(18)   class space    used 1201K, capacity 1338K, committed 1408K, reserved 1048576K
[6.947s][info ][gc             ] GC(18) Pause Young (Normal) (G1 Evacuation Pause) 87M->3M(216M) 1.984ms
[6.947s][info ][gc,cpu         ] GC(18) User=0.00s Sys=0.00s Real=0.01s
[6.947s][info ][safepoint      ] Safepoint "G1CollectForAllocation", Time since last: 57003540 ns, Reaching safepoint: 188657 ns, At safepoint: 2167865 ns, Total: 2356522 ns
[7.043s][debug][gc,heap        ] GC(19) Heap before GC invocations=19 (full 1): garbage-first heap   total 221184K, used 135150K [0x0000000700000000, 0x0000000800000000)
[7.043s][debug][gc,heap        ] GC(19)   region size 1024K, 129 young (132096K), 1 survivors (1024K)
[7.043s][debug][gc,heap        ] GC(19)  Metaspace       used 10385K, capacity 10712K, committed 10880K, reserved 1058816K
[7.043s][debug][gc,heap        ] GC(19)   class space    used 1201K, capacity 1338K, committed 1408K, reserved 1048576K
[7.043s][info ][gc,start       ] GC(19) Pause Young (Normal) (G1 Evacuation Pause)
[7.043s][info ][gc,task        ] GC(19) Using 8 workers of 8 for evacuation
[7.043s][debug][gc,tlab        ] GC(19) TLAB totals: thrds: 10  refills: 624 max: 114 slow allocs: 0 max 0 waste:  1.2% gc: 1302576B max: 360808B slow: 359224B max: 65728B fast: 0B max: 0B
[7.043s][debug][gc,age         ] GC(19) Desired survivor size 8912896 bytes, new threshold 15 (max threshold 15)
[7.043s][debug][gc,alloc,region] GC(19) Mutator Allocation stats, regions: 128, wasted size: 1808B ( 0.0%)
[7.043s][debug][gc,ergo        ] GC(19) Running G1 Merge Heap Roots using 8 workers for 129 regions
[7.043s][debug][gc,remset      ] GC(19) Visited cards 1280 Total dirty 10240 (12.50%) Total old 546816 (0.23%)
[7.043s][debug][gc,ergo        ] GC(19) Running G1 Clear Card Table Task using 1 workers for 1 units of work for 134 regions.
[7.043s][debug][gc,ref         ] GC(19) Skipped phase1 of Reference Processing due to unavailable references
[7.043s][debug][gc,ref         ] GC(19) Skipped phase3 of Reference Processing due to unavailable references
[7.043s][debug][gc,ref         ] GC(19) Skipped phase4 of Reference Processing due to unavailable references
[7.043s][debug][gc,ergo        ] GC(19) Running G1 Free Collection Set using 8 workers for collection set length 129 (216)
[7.044s][debug][gc,ergo        ] GC(19) Running G1 Rebuild Free List Task using 8 workers for rebuilding free list of 0 (4096) regions
[7.044s][trace][gc,age         ] GC(19) Age table with threshold 15 (max threshold 15)
[7.044s][trace][gc,age         ] GC(19) - age   1:        664 bytes,        664 total
[7.044s][trace][gc,age         ] GC(19) - age   4:         96 bytes,        760 total
[7.044s][debug][gc,plab        ] GC(19) Young PLAB allocation: allocated: 16512B, wasted: 0B, unused: 15752B, used: 760B, undo waste: 0B, 
[7.044s][debug][gc,plab        ] GC(19) Young other allocation: region end waste: 0B, regions filled: 1, direct allocated: 0B, failure used: 0B, failure wasted: 0B
[7.044s][debug][gc,plab        ] GC(19) Young sizing: calculated: 152B, actual: 2064B
[7.044s][debug][gc,plab        ] GC(19) Old PLAB allocation: allocated: 0B, wasted: 0B, unused: 0B, used: 0B, undo waste: 0B, 
[7.044s][debug][gc,plab        ] GC(19) Old other allocation: region end waste: 0B, regions filled: 1, direct allocated: 0B, failure used: 0B, failure wasted: 0B
[7.044s][debug][gc,plab        ] GC(19) Old sizing: calculated: 0B, actual: 2064B
[7.044s][debug][gc,ihop        ] GC(19) Basic information (value update), threshold: 101921587B (45.00), target occupancy: 226492416B, current occupancy: 4176072B, recent allocation size: 0B, recent allocation duration: 96.42ms, recent old gen allocation rate: 0.00B/s, recent marking phase length: 0.00ms
[7.044s][debug][gc,ihop        ] GC(19) Adaptive IHOP information (value update), threshold: 101921587B (47.37), internal target occupancy: 215167795B, occupancy: 4176072B, additional buffer size: 135266304B, predicted old gen allocation rate: 63338.44B/s, predicted marking phase length: 0.00ms, prediction active: false
[7.044s][debug][gc,ergo,refine ] GC(19) Concurrent refinement times: Logged Cards Scan time goal: 20.00ms Logged Cards Scan time: 0.00ms HCC time: 0.00ms
[7.044s][debug][gc,ergo,refine ] GC(19) Updated Refinement Zones: green: 2048, yellow: 6144, red: 10240
[7.044s][info ][gc,phases      ] GC(19)   Pre Evacuate Collection Set: 0.1ms
[7.044s][debug][gc,phases      ] GC(19)     Prepare TLABs: 0.0ms
[7.044s][debug][gc,phases      ] GC(19)     Choose Collection Set: 0.0ms
[7.044s][debug][gc,phases      ] GC(19)     Region Register: 0.1ms
[7.044s][debug][gc,phases      ] GC(19)     Prepare Heap Roots: 0.0ms
[7.044s][info ][gc,phases      ] GC(19)   Merge Heap Roots: 0.1ms
[7.044s][debug][gc,phases      ] GC(19)     Prepare Merge Heap Roots: 0.0ms
[7.044s][debug][gc,phases      ] GC(19)     Eager Reclaim (ms):       skipped
[7.044s][debug][gc,phases      ] GC(19)     Remembered Sets (ms):     Min:  0.0, Avg:  0.0, Max:  0.0, Diff:  0.0, Sum:  0.2, Workers: 8
[7.044s][debug][gc,phases      ] GC(19)       Merged Sparse:            Min: 0, Avg:  0.0, Max: 0, Diff: 0, Sum: 0, Workers: 8
[7.044s][debug][gc,phases      ] GC(19)       Merged Fine:              Min: 0, Avg:  0.0, Max: 0, Diff: 0, Sum: 0, Workers: 8
[7.044s][debug][gc,phases      ] GC(19)       Merged Coarse:            Min: 0, Avg:  0.0, Max: 0, Diff: 0, Sum: 0, Workers: 8
[7.044s][debug][gc,phases      ] GC(19)       Dirty Cards:              Min: 0, Avg:  0.0, Max: 0, Diff: 0, Sum: 0, Workers: 8
[7.044s][debug][gc,phases      ] GC(19)     Hot Card Cache (ms):      Min:  0.0, Avg:  0.0, Max:  0.0, Diff:  0.0, Sum:  0.0, Workers: 8
[7.044s][debug][gc,phases      ] GC(19)       Dirty Cards:              Min: 0, Avg:  0.0, Max: 0, Diff: 0, Sum: 0, Workers: 8
[7.044s][debug][gc,phases      ] GC(19)       Skipped Cards:            Min: 0, Avg:  0.0, Max: 0, Diff: 0, Sum: 0, Workers: 8
[7.044s][debug][gc,phases      ] GC(19)     Log Buffers (ms):         Min:  0.0, Avg:  0.0, Max:  0.0, Diff:  0.0, Sum:  0.0, Workers: 8
[7.044s][debug][gc,phases      ] GC(19)       Dirty Cards:              Min: 0, Avg:  1.6, Max: 8, Diff: 8, Sum: 13, Workers: 8
[7.044s][debug][gc,phases      ] GC(19)       Skipped Cards:            Min: 0, Avg:  0.0, Max: 0, Diff: 0, Sum: 0, Workers: 8
[7.044s][info ][gc,phases      ] GC(19)   Evacuate Collection Set: 0.2ms
[7.044s][debug][gc,phases      ] GC(19)     Ext Root Scanning (ms):   Min:  0.0, Avg:  0.0, Max:  0.1, Diff:  0.1, Sum:  0.2, Workers: 8
[7.044s][debug][gc,phases      ] GC(19)     Scan Heap Roots (ms):     Min:  0.0, Avg:  0.0, Max:  0.0, Diff:  0.0, Sum:  0.0, Workers: 8
[7.044s][debug][gc,phases      ] GC(19)       Scanned Cards:            Min: 0, Avg:  1.5, Max: 4, Diff: 4, Sum: 12, Workers: 8
[7.044s][debug][gc,phases      ] GC(19)       Scanned Blocks:           Min: 0, Avg:  1.1, Max: 3, Diff: 3, Sum: 9, Workers: 8
[7.044s][debug][gc,phases      ] GC(19)       Claimed Chunks:           Min: 0, Avg:  0.6, Max: 1, Diff: 1, Sum: 5, Workers: 8
[7.044s][debug][gc,phases      ] GC(19)     Code Root Scan (ms):      Min:  0.0, Avg:  0.0, Max:  0.0, Diff:  0.0, Sum:  0.0, Workers: 8
[7.044s][debug][gc,phases      ] GC(19)     Object Copy (ms):         Min:  0.0, Avg:  0.0, Max:  0.0, Diff:  0.0, Sum:  0.0, Workers: 8
[7.044s][debug][gc,phases      ] GC(19)     Termination (ms):         Min:  0.0, Avg:  0.0, Max:  0.1, Diff:  0.0, Sum:  0.4, Workers: 8
[7.044s][debug][gc,phases      ] GC(19)       Termination Attempts:     Min: 1, Avg:  1.0, Max: 1, Diff: 0, Sum: 8, Workers: 8
[7.044s][debug][gc,phases      ] GC(19)     GC Worker Other (ms):     Min:  0.0, Avg:  0.0, Max:  0.0, Diff:  0.0, Sum:  0.1, Workers: 8
[7.044s][debug][gc,phases      ] GC(19)     GC Worker Total (ms):     Min:  0.1, Avg:  0.1, Max:  0.1, Diff:  0.1, Sum:  0.8, Workers: 8
[7.044s][info ][gc,phases      ] GC(19)   Post Evacuate Collection Set: 0.4ms
[7.044s][debug][gc,phases      ] GC(19)     Code Roots Fixup: 0.0ms
[7.044s][debug][gc,phases      ] GC(19)     Clear Card Table: 0.1ms
[7.044s][debug][gc,phases      ] GC(19)     Reference Processing: 0.0ms
[7.044s][debug][gc,phases,ref  ] GC(19)       Reconsider SoftReferences: 0.0ms
[7.044s][debug][gc,phases,ref  ] GC(19)         SoftRef (ms):             skipped
[7.044s][debug][gc,phases,ref  ] GC(19)       Notify Soft/WeakReferences: 0.0ms
[7.044s][debug][gc,phases,ref  ] GC(19)         SoftRef (ms):             Min:  0.0, Avg:  0.0, Max:  0.0, Diff:  0.0, Sum:  0.0, Workers: 1
[7.044s][debug][gc,phases,ref  ] GC(19)         WeakRef (ms):             Min:  0.0, Avg:  0.0, Max:  0.0, Diff:  0.0, Sum:  0.0, Workers: 1
[7.044s][debug][gc,phases,ref  ] GC(19)         FinalRef (ms):            Min:  0.0, Avg:  0.0, Max:  0.0, Diff:  0.0, Sum:  0.0, Workers: 1
[7.044s][debug][gc,phases,ref  ] GC(19)         Total (ms):               Min:  0.0, Avg:  0.0, Max:  0.0, Diff:  0.0, Sum:  0.0, Workers: 1
[7.044s][debug][gc,phases,ref  ] GC(19)       Notify and keep alive finalizable: 0.0ms
[7.044s][debug][gc,phases,ref  ] GC(19)         FinalRef (ms):            skipped
[7.044s][debug][gc,phases,ref  ] GC(19)       Notify PhantomReferences: 0.0ms
[7.044s][debug][gc,phases,ref  ] GC(19)         PhantomRef (ms):          skipped
[7.044s][debug][gc,phases,ref  ] GC(19)       SoftReference:
[7.044s][debug][gc,phases,ref  ] GC(19)         Discovered: 0
[7.044s][debug][gc,phases,ref  ] GC(19)         Cleared: 0
[7.044s][debug][gc,phases,ref  ] GC(19)       WeakReference:
[7.044s][debug][gc,phases,ref  ] GC(19)         Discovered: 1
[7.044s][debug][gc,phases,ref  ] GC(19)         Cleared: 0
[7.044s][debug][gc,phases,ref  ] GC(19)       FinalReference:
[7.044s][debug][gc,phases,ref  ] GC(19)         Discovered: 0
[7.044s][debug][gc,phases,ref  ] GC(19)         Cleared: 0
[7.044s][debug][gc,phases,ref  ] GC(19)       PhantomReference:
[7.044s][debug][gc,phases,ref  ] GC(19)         Discovered: 0
[7.044s][debug][gc,phases,ref  ] GC(19)         Cleared: 0
[7.044s][debug][gc,phases      ] GC(19)     Weak Processing: 0.1ms
[7.044s][debug][gc,phases      ] GC(19)       JVMTI weak processing: 0.0ms
[7.044s][debug][gc,phases      ] GC(19)         Dead: 0
[7.044s][debug][gc,phases      ] GC(19)         Total: 0
[7.044s][debug][gc,phases      ] GC(19)       JFR weak processing: 0.0ms
[7.044s][debug][gc,phases      ] GC(19)         Dead: 0
[7.044s][debug][gc,phases      ] GC(19)         Total: 0
[7.044s][debug][gc,phases      ] GC(19)       JNI weak                  Min:  0.0, Avg:  0.0, Max:  0.0, Diff:  0.0, Sum:  0.0, Workers: 5
[7.044s][debug][gc,phases      ] GC(19)         Dead                      Min: 0, Avg:  0.0, Max: 0, Diff: 0, Sum: 0, Workers: 5
[7.044s][debug][gc,phases      ] GC(19)         Total                     Min: 0, Avg: 10.8, Max: 50, Diff: 50, Sum: 54, Workers: 5
[7.044s][debug][gc,phases      ] GC(19)       VM weak                   Min:  0.0, Avg:  0.0, Max:  0.0, Diff:  0.0, Sum:  0.0, Workers: 5
[7.044s][debug][gc,phases      ] GC(19)         Dead                      Min: 0, Avg:  0.0, Max: 0, Diff: 0, Sum: 0, Workers: 5
[7.044s][debug][gc,phases      ] GC(19)         Total                     Min: 0, Avg: 44.0, Max: 64, Diff: 64, Sum: 220, Workers: 5
[7.044s][debug][gc,phases      ] GC(19)       StringTable weak          Min:  0.0, Avg:  0.0, Max:  0.1, Diff:  0.1, Sum:  0.2, Workers: 5
[7.044s][debug][gc,phases      ] GC(19)         Dead                      Min: 0, Avg:  0.0, Max: 0, Diff: 0, Sum: 0, Workers: 5
[7.044s][debug][gc,phases      ] GC(19)         Total                     Min: 256, Avg: 718.2, Max: 1024, Diff: 768, Sum: 3591, Workers: 5
[7.044s][debug][gc,phases      ] GC(19)       ResolvedMethodTable weak  Min:  0.0, Avg:  0.0, Max:  0.0, Diff:  0.0, Sum:  0.0, Workers: 5
[7.044s][debug][gc,phases      ] GC(19)         Dead                      Min: 0, Avg:  0.0, Max: 0, Diff: 0, Sum: 0, Workers: 5
[7.044s][debug][gc,phases      ] GC(19)         Total                     Min: 0, Avg: 116.6, Max: 192, Diff: 192, Sum: 583, Workers: 5
[7.044s][debug][gc,phases      ] GC(19)     Merge Per-Thread State: 0.0ms
[7.044s][debug][gc,phases      ] GC(19)       Copied Bytes              Min: 56, Avg: 95.0, Max: 152, Diff: 96, Sum: 760, Workers: 8
[7.044s][debug][gc,phases      ] GC(19)       LAB Waste                 Min: 0, Avg:  0.0, Max: 0, Diff: 0, Sum: 0, Workers: 8
[7.044s][debug][gc,phases      ] GC(19)       LAB Undo Waste            Min: 0, Avg:  0.0, Max: 0, Diff: 0, Sum: 0, Workers: 8
[7.044s][debug][gc,phases      ] GC(19)     Code Roots Purge: 0.0ms
[7.044s][debug][gc,phases      ] GC(19)     Redirty Cards: 0.0ms
[7.044s][debug][gc,phases      ] GC(19)     DerivedPointerTable Update: 0.0ms
[7.044s][debug][gc,phases      ] GC(19)     Free Collection Set: 0.1ms
[7.044s][debug][gc,phases      ] GC(19)     Rebuild Free List: 0.0ms
[7.044s][debug][gc,phases      ] GC(19)     Humongous Reclaim: 0.0ms
[7.044s][debug][gc,phases      ] GC(19)     Start New Collection Set: 0.0ms
[7.044s][debug][gc,phases      ] GC(19)     Resize TLABs: 0.0ms
[7.044s][debug][gc,phases      ] GC(19)     Expand Heap After Collection: 0.0ms
[7.044s][info ][gc,phases      ] GC(19)   Other: 0.3ms
[7.044s][info ][gc,heap        ] GC(19) Eden regions: 128->0(128)
[7.044s][info ][gc,heap        ] GC(19) Survivor regions: 1->1(17)
[7.044s][info ][gc,heap        ] GC(19) Old regions: 7->7
[7.044s][info ][gc,heap        ] GC(19) Archive regions: 2->2
[7.044s][info ][gc,heap        ] GC(19) Humongous regions: 0->0
[7.044s][info ][gc,metaspace   ] GC(19) Metaspace: 10385K(10880K)->10385K(10880K) NonClass: 9183K(9472K)->9183K(9472K) Class: 1201K(1408K)->1201K(1408K)
[7.044s][debug][gc,heap        ] GC(19) Heap after GC invocations=20 (full 1): garbage-first heap   total 221184K, used 4078K [0x0000000700000000, 0x0000000800000000)
[7.044s][debug][gc,heap        ] GC(19)   region size 1024K, 1 young (1024K), 1 survivors (1024K)
[7.044s][debug][gc,heap        ] GC(19)  Metaspace       used 10385K, capacity 10712K, committed 10880K, reserved 1058816K
[7.044s][debug][gc,heap        ] GC(19)   class space    used 1201K, capacity 1338K, committed 1408K, reserved 1048576K
[7.044s][info ][gc             ] GC(19) Pause Young (Normal) (G1 Evacuation Pause) 131M->3M(216M) 1.545ms
[7.044s][info ][gc,cpu         ] GC(19) User=0.00s Sys=0.01s Real=0.00s
[7.044s][info ][safepoint      ] Safepoint "G1CollectForAllocation", Time since last: 95490030 ns, Reaching safepoint: 109952 ns, At safepoint: 1725328 ns, Total: 1835280 ns
[7.131s][debug][gc,heap        ] GC(20) Heap before GC invocations=20 (full 1): garbage-first heap   total 221184K, used 135150K [0x0000000700000000, 0x0000000800000000)
[7.131s][debug][gc,heap        ] GC(20)   region size 1024K, 129 young (132096K), 1 survivors (1024K)
[7.131s][debug][gc,heap        ] GC(20)  Metaspace       used 10385K, capacity 10712K, committed 10880K, reserved 1058816K
[7.131s][debug][gc,heap        ] GC(20)   class space    used 1201K, capacity 1338K, committed 1408K, reserved 1048576K
[7.131s][info ][gc,start       ] GC(20) Pause Young (Normal) (G1 Evacuation Pause)
[7.131s][info ][gc,task        ] GC(20) Using 8 workers of 8 for evacuation
[7.131s][debug][gc,tlab        ] GC(20) TLAB totals: thrds: 8  refills: 630 max: 102 slow allocs: 0 max 0 waste:  0.9% gc: 839448B max: 275224B slow: 364264B max: 59352B fast: 0B max: 0B
[7.131s][debug][gc,age         ] GC(20) Desired survivor size 8912896 bytes, new threshold 15 (max threshold 15)
[7.131s][debug][gc,alloc,region] GC(20) Mutator Allocation stats, regions: 128, wasted size: 1720B ( 0.0%)
[7.131s][debug][gc,ergo        ] GC(20) Running G1 Merge Heap Roots using 8 workers for 129 regions
[7.131s][debug][gc,remset      ] GC(20) Visited cards 1280 Total dirty 10240 (12.50%) Total old 546816 (0.23%)
[7.131s][debug][gc,ergo        ] GC(20) Running G1 Clear Card Table Task using 1 workers for 1 units of work for 134 regions.
[7.131s][debug][gc,ref         ] GC(20) Skipped phase1 of Reference Processing due to unavailable references
[7.131s][debug][gc,ref         ] GC(20) Skipped phase2 of Reference Processing due to unavailable references
[7.131s][debug][gc,ref         ] GC(20) Skipped phase3 of Reference Processing due to unavailable references
[7.131s][debug][gc,ref         ] GC(20) Skipped phase4 of Reference Processing due to unavailable references
[7.131s][debug][gc,ergo        ] GC(20) Running G1 Free Collection Set using 8 workers for collection set length 129 (216)
[7.131s][debug][gc,ergo        ] GC(20) Running G1 Rebuild Free List Task using 8 workers for rebuilding free list of 0 (4096) regions
[7.132s][trace][gc,age         ] GC(20) Age table with threshold 15 (max threshold 15)
[7.132s][trace][gc,age         ] GC(20) - age   1:        480 bytes,        480 total
[7.132s][trace][gc,age         ] GC(20) - age   2:        160 bytes,        640 total
[7.132s][trace][gc,age         ] GC(20) - age   5:         96 bytes,        736 total
[7.132s][debug][gc,plab        ] GC(20) Young PLAB allocation: allocated: 16512B, wasted: 0B, unused: 15776B, used: 736B, undo waste: 0B, 
[7.132s][debug][gc,plab        ] GC(20) Young other allocation: region end waste: 0B, regions filled: 1, direct allocated: 0B, failure used: 0B, failure wasted: 0B
[7.132s][debug][gc,plab        ] GC(20) Young sizing: calculated: 144B, actual: 2064B
[7.132s][debug][gc,plab        ] GC(20) Old PLAB allocation: allocated: 0B, wasted: 0B, unused: 0B, used: 0B, undo waste: 0B, 
[7.132s][debug][gc,plab        ] GC(20) Old other allocation: region end waste: 0B, regions filled: 1, direct allocated: 0B, failure used: 0B, failure wasted: 0B
[7.132s][debug][gc,plab        ] GC(20) Old sizing: calculated: 0B, actual: 2064B
[7.132s][debug][gc,ihop        ] GC(20) Basic information (value update), threshold: 101921587B (45.00), target occupancy: 226492416B, current occupancy: 4176072B, recent allocation size: 0B, recent allocation duration: 87.02ms, recent old gen allocation rate: 0.00B/s, recent marking phase length: 0.00ms
[7.132s][debug][gc,ihop        ] GC(20) Adaptive IHOP information (value update), threshold: 101921587B (47.37), internal target occupancy: 215167795B, occupancy: 4176072B, additional buffer size: 135266304B, predicted old gen allocation rate: 61222.28B/s, predicted marking phase length: 0.00ms, prediction active: false
[7.132s][debug][gc,ergo,refine ] GC(20) Concurrent refinement times: Logged Cards Scan time goal: 20.00ms Logged Cards Scan time: 0.00ms HCC time: 0.00ms
[7.132s][debug][gc,ergo,refine ] GC(20) Updated Refinement Zones: green: 2048, yellow: 6144, red: 10240
[7.132s][info ][gc,phases      ] GC(20)   Pre Evacuate Collection Set: 0.1ms
[7.132s][debug][gc,phases      ] GC(20)     Prepare TLABs: 0.0ms
[7.132s][debug][gc,phases      ] GC(20)     Choose Collection Set: 0.0ms
[7.132s][debug][gc,phases      ] GC(20)     Region Register: 0.1ms
[7.132s][debug][gc,phases      ] GC(20)     Prepare Heap Roots: 0.0ms
[7.132s][info ][gc,phases      ] GC(20)   Merge Heap Roots: 0.1ms
[7.132s][debug][gc,phases      ] GC(20)     Prepare Merge Heap Roots: 0.0ms
[7.132s][debug][gc,phases      ] GC(20)     Eager Reclaim (ms):       skipped
[7.132s][debug][gc,phases      ] GC(20)     Remembered Sets (ms):     Min:  0.0, Avg:  0.0, Max:  0.0, Diff:  0.0, Sum:  0.1, Workers: 8
[7.132s][debug][gc,phases      ] GC(20)       Merged Sparse:            Min: 0, Avg:  0.0, Max: 0, Diff: 0, Sum: 0, Workers: 8
[7.132s][debug][gc,phases      ] GC(20)       Merged Fine:              Min: 0, Avg:  0.0, Max: 0, Diff: 0, Sum: 0, Workers: 8
[7.132s][debug][gc,phases      ] GC(20)       Merged Coarse:            Min: 0, Avg:  0.0, Max: 0, Diff: 0, Sum: 0, Workers: 8
[7.132s][debug][gc,phases      ] GC(20)       Dirty Cards:              Min: 0, Avg:  0.0, Max: 0, Diff: 0, Sum: 0, Workers: 8
[7.132s][debug][gc,phases      ] GC(20)     Hot Card Cache (ms):      Min:  0.0, Avg:  0.0, Max:  0.0, Diff:  0.0, Sum:  0.0, Workers: 8
[7.132s][debug][gc,phases      ] GC(20)       Dirty Cards:              Min: 0, Avg:  0.0, Max: 0, Diff: 0, Sum: 0, Workers: 8
[7.132s][debug][gc,phases      ] GC(20)       Skipped Cards:            Min: 0, Avg:  0.0, Max: 0, Diff: 0, Sum: 0, Workers: 8
[7.132s][debug][gc,phases      ] GC(20)     Log Buffers (ms):         Min:  0.0, Avg:  0.0, Max:  0.0, Diff:  0.0, Sum:  0.0, Workers: 8
[7.132s][debug][gc,phases      ] GC(20)       Dirty Cards:              Min: 0, Avg:  1.0, Max: 4, Diff: 4, Sum: 8, Workers: 8
[7.132s][debug][gc,phases      ] GC(20)       Skipped Cards:            Min: 0, Avg:  0.0, Max: 0, Diff: 0, Sum: 0, Workers: 8
[7.132s][info ][gc,phases      ] GC(20)   Evacuate Collection Set: 0.2ms
[7.132s][debug][gc,phases      ] GC(20)     Ext Root Scanning (ms):   Min:  0.0, Avg:  0.0, Max:  0.1, Diff:  0.1, Sum:  0.4, Workers: 8
[7.132s][debug][gc,phases      ] GC(20)     Scan Heap Roots (ms):     Min:  0.0, Avg:  0.0, Max:  0.0, Diff:  0.0, Sum:  0.0, Workers: 8
[7.132s][debug][gc,phases      ] GC(20)       Scanned Cards:            Min: 0, Avg:  0.9, Max: 2, Diff: 2, Sum: 7, Workers: 8
[7.132s][debug][gc,phases      ] GC(20)       Scanned Blocks:           Min: 0, Avg:  0.8, Max: 2, Diff: 2, Sum: 6, Workers: 8
[7.132s][debug][gc,phases      ] GC(20)       Claimed Chunks:           Min: 0, Avg:  0.6, Max: 1, Diff: 1, Sum: 5, Workers: 8
[7.132s][debug][gc,phases      ] GC(20)     Code Root Scan (ms):      Min:  0.0, Avg:  0.0, Max:  0.0, Diff:  0.0, Sum:  0.0, Workers: 8
[7.132s][debug][gc,phases      ] GC(20)     Object Copy (ms):         Min:  0.0, Avg:  0.0, Max:  0.0, Diff:  0.0, Sum:  0.0, Workers: 8
[7.132s][debug][gc,phases      ] GC(20)     Termination (ms):         Min:  0.0, Avg:  0.1, Max:  0.1, Diff:  0.0, Sum:  0.4, Workers: 8
[7.132s][debug][gc,phases      ] GC(20)       Termination Attempts:     Min: 1, Avg:  1.0, Max: 1, Diff: 0, Sum: 8, Workers: 8
[7.132s][debug][gc,phases      ] GC(20)     GC Worker Other (ms):     Min:  0.0, Avg:  0.0, Max:  0.0, Diff:  0.0, Sum:  0.2, Workers: 8
[7.132s][debug][gc,phases      ] GC(20)     GC Worker Total (ms):     Min:  0.1, Avg:  0.1, Max:  0.2, Diff:  0.1, Sum:  1.1, Workers: 8
[7.132s][info ][gc,phases      ] GC(20)   Post Evacuate Collection Set: 0.4ms
[7.132s][debug][gc,phases      ] GC(20)     Code Roots Fixup: 0.0ms
[7.132s][debug][gc,phases      ] GC(20)     Clear Card Table: 0.1ms
[7.132s][debug][gc,phases      ] GC(20)     Reference Processing: 0.0ms
[7.132s][debug][gc,phases,ref  ] GC(20)       Reconsider SoftReferences: 0.0ms
[7.132s][debug][gc,phases,ref  ] GC(20)         SoftRef (ms):             skipped
[7.132s][debug][gc,phases,ref  ] GC(20)       Notify Soft/WeakReferences: 0.0ms
[7.132s][debug][gc,phases,ref  ] GC(20)         SoftRef (ms):             skipped
[7.132s][debug][gc,phases,ref  ] GC(20)         WeakRef (ms):             skipped
[7.132s][debug][gc,phases,ref  ] GC(20)         FinalRef (ms):            skipped
[7.132s][debug][gc,phases,ref  ] GC(20)         Total (ms):               skipped
[7.132s][debug][gc,phases,ref  ] GC(20)       Notify and keep alive finalizable: 0.0ms
[7.132s][debug][gc,phases,ref  ] GC(20)         FinalRef (ms):            skipped
[7.132s][debug][gc,phases,ref  ] GC(20)       Notify PhantomReferences: 0.0ms
[7.132s][debug][gc,phases,ref  ] GC(20)         PhantomRef (ms):          skipped
[7.132s][debug][gc,phases,ref  ] GC(20)       SoftReference:
[7.132s][debug][gc,phases,ref  ] GC(20)         Discovered: 0
[7.132s][debug][gc,phases,ref  ] GC(20)         Cleared: 0
[7.132s][debug][gc,phases,ref  ] GC(20)       WeakReference:
[7.132s][debug][gc,phases,ref  ] GC(20)         Discovered: 0
[7.132s][debug][gc,phases,ref  ] GC(20)         Cleared: 0
[7.132s][debug][gc,phases,ref  ] GC(20)       FinalReference:
[7.132s][debug][gc,phases,ref  ] GC(20)         Discovered: 0
[7.132s][debug][gc,phases,ref  ] GC(20)         Cleared: 0
[7.132s][debug][gc,phases,ref  ] GC(20)       PhantomReference:
[7.132s][debug][gc,phases,ref  ] GC(20)         Discovered: 0
[7.132s][debug][gc,phases,ref  ] GC(20)         Cleared: 0
[7.132s][debug][gc,phases      ] GC(20)     Weak Processing: 0.1ms
[7.132s][debug][gc,phases      ] GC(20)       JVMTI weak processing: 0.0ms
[7.132s][debug][gc,phases      ] GC(20)         Dead: 0
[7.132s][debug][gc,phases      ] GC(20)         Total: 0
[7.132s][debug][gc,phases      ] GC(20)       JFR weak processing: 0.0ms
[7.132s][debug][gc,phases      ] GC(20)         Dead: 0
[7.132s][debug][gc,phases      ] GC(20)         Total: 0
[7.132s][debug][gc,phases      ] GC(20)       JNI weak                  Min:  0.0, Avg:  0.0, Max:  0.0, Diff:  0.0, Sum:  0.0, Workers: 5
[7.132s][debug][gc,phases      ] GC(20)         Dead                      Min: 0, Avg:  0.0, Max: 0, Diff: 0, Sum: 0, Workers: 5
[7.132s][debug][gc,phases      ] GC(20)         Total                     Min: 0, Avg: 10.8, Max: 50, Diff: 50, Sum: 54, Workers: 5
[7.132s][debug][gc,phases      ] GC(20)       VM weak                   Min:  0.0, Avg:  0.0, Max:  0.0, Diff:  0.0, Sum:  0.0, Workers: 5
[7.132s][debug][gc,phases      ] GC(20)         Dead                      Min: 0, Avg:  0.0, Max: 0, Diff: 0, Sum: 0, Workers: 5
[7.132s][debug][gc,phases      ] GC(20)         Total                     Min: 0, Avg: 44.0, Max: 128, Diff: 128, Sum: 220, Workers: 5
[7.132s][debug][gc,phases      ] GC(20)       StringTable weak          Min:  0.0, Avg:  0.0, Max:  0.1, Diff:  0.1, Sum:  0.1, Workers: 5
[7.132s][debug][gc,phases      ] GC(20)         Dead                      Min: 0, Avg:  0.0, Max: 0, Diff: 0, Sum: 0, Workers: 5
[7.132s][debug][gc,phases      ] GC(20)         Total                     Min: 0, Avg: 718.2, Max: 1664, Diff: 1664, Sum: 3591, Workers: 5
[7.132s][debug][gc,phases      ] GC(20)       ResolvedMethodTable weak  Min:  0.0, Avg:  0.0, Max:  0.0, Diff:  0.0, Sum:  0.0, Workers: 5
[7.132s][debug][gc,phases      ] GC(20)         Dead                      Min: 0, Avg:  0.0, Max: 0, Diff: 0, Sum: 0, Workers: 5
[7.132s][debug][gc,phases      ] GC(20)         Total                     Min: 0, Avg: 116.6, Max: 199, Diff: 199, Sum: 583, Workers: 5
[7.132s][debug][gc,phases      ] GC(20)     Merge Per-Thread State: 0.0ms
[7.132s][debug][gc,phases      ] GC(20)       Copied Bytes              Min: 32, Avg: 92.0, Max: 232, Diff: 200, Sum: 736, Workers: 8
[7.132s][debug][gc,phases      ] GC(20)       LAB Waste                 Min: 0, Avg:  0.0, Max: 0, Diff: 0, Sum: 0, Workers: 8
[7.132s][debug][gc,phases      ] GC(20)       LAB Undo Waste            Min: 0, Avg:  0.0, Max: 0, Diff: 0, Sum: 0, Workers: 8
[7.132s][debug][gc,phases      ] GC(20)     Code Roots Purge: 0.0ms
[7.132s][debug][gc,phases      ] GC(20)     Redirty Cards: 0.0ms
[7.132s][debug][gc,phases      ] GC(20)     DerivedPointerTable Update: 0.0ms
[7.132s][debug][gc,phases      ] GC(20)     Free Collection Set: 0.1ms
[7.132s][debug][gc,phases      ] GC(20)     Rebuild Free List: 0.1ms
[7.132s][debug][gc,phases      ] GC(20)     Humongous Reclaim: 0.0ms
[7.132s][debug][gc,phases      ] GC(20)     Start New Collection Set: 0.0ms
[7.132s][debug][gc,phases      ] GC(20)     Resize TLABs: 0.0ms
[7.132s][debug][gc,phases      ] GC(20)     Expand Heap After Collection: 0.0ms
[7.132s][info ][gc,phases      ] GC(20)   Other: 0.3ms
[7.132s][info ][gc,heap        ] GC(20) Eden regions: 128->0(128)
[7.132s][info ][gc,heap        ] GC(20) Survivor regions: 1->1(17)
[7.132s][info ][gc,heap        ] GC(20) Old regions: 7->7
[7.132s][info ][gc,heap        ] GC(20) Archive regions: 2->2
[7.132s][info ][gc,heap        ] GC(20) Humongous regions: 0->0
[7.132s][info ][gc,metaspace   ] GC(20) Metaspace: 10385K(10880K)->10385K(10880K) NonClass: 9183K(9472K)->9183K(9472K) Class: 1201K(1408K)->1201K(1408K)
[7.132s][debug][gc,heap        ] GC(20) Heap after GC invocations=21 (full 1): garbage-first heap   total 221184K, used 4078K [0x0000000700000000, 0x0000000800000000)
[7.132s][debug][gc,heap        ] GC(20)   region size 1024K, 1 young (1024K), 1 survivors (1024K)
[7.132s][debug][gc,heap        ] GC(20)  Metaspace       used 10385K, capacity 10712K, committed 10880K, reserved 1058816K
[7.132s][debug][gc,heap        ] GC(20)   class space    used 1201K, capacity 1338K, committed 1408K, reserved 1048576K
[7.132s][info ][gc             ] GC(20) Pause Young (Normal) (G1 Evacuation Pause) 131M->3M(216M) 1.568ms
[7.132s][info ][gc,cpu         ] GC(20) User=0.01s Sys=0.00s Real=0.00s
[7.132s][info ][safepoint      ] Safepoint "G1CollectForAllocation", Time since last: 86009300 ns, Reaching safepoint: 163364 ns, At safepoint: 1752549 ns, Total: 1915913 ns
[7.217s][debug][gc,heap        ] GC(21) Heap before GC invocations=21 (full 1): garbage-first heap   total 221184K, used 135150K [0x0000000700000000, 0x0000000800000000)
[7.218s][debug][gc,heap        ] GC(21)   region size 1024K, 129 young (132096K), 1 survivors (1024K)
[7.218s][debug][gc,heap        ] GC(21)  Metaspace       used 10385K, capacity 10712K, committed 10880K, reserved 1058816K
[7.218s][debug][gc,heap        ] GC(21)   class space    used 1201K, capacity 1338K, committed 1408K, reserved 1048576K
[7.218s][info ][gc,start       ] GC(21) Pause Young (Normal) (G1 Evacuation Pause)
[7.218s][info ][gc,task        ] GC(21) Using 8 workers of 8 for evacuation
[7.218s][debug][gc,tlab        ] GC(21) TLAB totals: thrds: 8  refills: 624 max: 108 slow allocs: 0 max 0 waste:  1.2% gc: 1274528B max: 301232B slow: 361280B max: 62920B fast: 0B max: 0B
[7.218s][debug][gc,age         ] GC(21) Desired survivor size 8912896 bytes, new threshold 15 (max threshold 15)
[7.218s][debug][gc,alloc,region] GC(21) Mutator Allocation stats, regions: 128, wasted size: 0B ( 0.0%)
[7.218s][debug][gc,ergo        ] GC(21) Running G1 Merge Heap Roots using 8 workers for 129 regions
[7.218s][debug][gc,remset      ] GC(21) Visited cards 1280 Total dirty 10240 (12.50%) Total old 546816 (0.23%)
[7.218s][debug][gc,ergo        ] GC(21) Running G1 Clear Card Table Task using 1 workers for 1 units of work for 134 regions.
[7.218s][debug][gc,ref         ] GC(21) Skipped phase1 of Reference Processing due to unavailable references
[7.218s][debug][gc,ref         ] GC(21) Skipped phase2 of Reference Processing due to unavailable references
[7.218s][debug][gc,ref         ] GC(21) Skipped phase3 of Reference Processing due to unavailable references
[7.218s][debug][gc,ref         ] GC(21) Skipped phase4 of Reference Processing due to unavailable references
[7.218s][debug][gc,ergo        ] GC(21) Running G1 Free Collection Set using 8 workers for collection set length 129 (216)
[7.218s][debug][gc,ergo        ] GC(21) Running G1 Rebuild Free List Task using 8 workers for rebuilding free list of 0 (4096) regions
[7.219s][trace][gc,age         ] GC(21) Age table with threshold 15 (max threshold 15)
[7.219s][trace][gc,age         ] GC(21) - age   1:        456 bytes,        456 total
[7.219s][trace][gc,age         ] GC(21) - age   3:        160 bytes,        616 total
[7.219s][trace][gc,age         ] GC(21) - age   6:         96 bytes,        712 total
[7.219s][debug][gc,plab        ] GC(21) Young PLAB allocation: allocated: 16512B, wasted: 0B, unused: 15800B, used: 712B, undo waste: 0B, 
[7.219s][debug][gc,plab        ] GC(21) Young other allocation: region end waste: 0B, regions filled: 1, direct allocated: 0B, failure used: 0B, failure wasted: 0B
[7.219s][debug][gc,plab        ] GC(21) Young sizing: calculated: 136B, actual: 2064B
[7.219s][debug][gc,plab        ] GC(21) Old PLAB allocation: allocated: 0B, wasted: 0B, unused: 0B, used: 0B, undo waste: 0B, 
[7.219s][debug][gc,plab        ] GC(21) Old other allocation: region end waste: 0B, regions filled: 1, direct allocated: 0B, failure used: 0B, failure wasted: 0B
[7.219s][debug][gc,plab        ] GC(21) Old sizing: calculated: 0B, actual: 2064B
[7.219s][debug][gc,ihop        ] GC(21) Basic information (value update), threshold: 101921587B (45.00), target occupancy: 226492416B, current occupancy: 4176072B, recent allocation size: 0B, recent allocation duration: 86.00ms, recent old gen allocation rate: 0.00B/s, recent marking phase length: 0.00ms
[7.219s][debug][gc,ihop        ] GC(21) Adaptive IHOP information (value update), threshold: 101921587B (47.37), internal target occupancy: 215167795B, occupancy: 4176072B, additional buffer size: 135266304B, predicted old gen allocation rate: 59183.03B/s, predicted marking phase length: 0.00ms, prediction active: false
[7.219s][debug][gc,ergo,refine ] GC(21) Concurrent refinement times: Logged Cards Scan time goal: 20.00ms Logged Cards Scan time: 0.00ms HCC time: 0.00ms
[7.219s][debug][gc,ergo,refine ] GC(21) Updated Refinement Zones: green: 2048, yellow: 6144, red: 10240
[7.219s][info ][gc,phases      ] GC(21)   Pre Evacuate Collection Set: 0.1ms
[7.219s][debug][gc,phases      ] GC(21)     Prepare TLABs: 0.0ms
[7.219s][debug][gc,phases      ] GC(21)     Choose Collection Set: 0.0ms
[7.219s][debug][gc,phases      ] GC(21)     Region Register: 0.1ms
[7.219s][debug][gc,phases      ] GC(21)     Prepare Heap Roots: 0.0ms
[7.219s][info ][gc,phases      ] GC(21)   Merge Heap Roots: 0.1ms
[7.219s][debug][gc,phases      ] GC(21)     Prepare Merge Heap Roots: 0.0ms
[7.219s][debug][gc,phases      ] GC(21)     Eager Reclaim (ms):       skipped
[7.219s][debug][gc,phases      ] GC(21)     Remembered Sets (ms):     Min:  0.0, Avg:  0.0, Max:  0.0, Diff:  0.0, Sum:  0.0, Workers: 8
[7.219s][debug][gc,phases      ] GC(21)       Merged Sparse:            Min: 0, Avg:  0.0, Max: 0, Diff: 0, Sum: 0, Workers: 8
[7.219s][debug][gc,phases      ] GC(21)       Merged Fine:              Min: 0, Avg:  0.0, Max: 0, Diff: 0, Sum: 0, Workers: 8
[7.219s][debug][gc,phases      ] GC(21)       Merged Coarse:            Min: 0, Avg:  0.0, Max: 0, Diff: 0, Sum: 0, Workers: 8
[7.219s][debug][gc,phases      ] GC(21)       Dirty Cards:              Min: 0, Avg:  0.0, Max: 0, Diff: 0, Sum: 0, Workers: 8
[7.219s][debug][gc,phases      ] GC(21)     Hot Card Cache (ms):      Min:  0.0, Avg:  0.0, Max:  0.0, Diff:  0.0, Sum:  0.0, Workers: 8
[7.219s][debug][gc,phases      ] GC(21)       Dirty Cards:              Min: 0, Avg:  0.0, Max: 0, Diff: 0, Sum: 0, Workers: 8
[7.219s][debug][gc,phases      ] GC(21)       Skipped Cards:            Min: 0, Avg:  0.0, Max: 0, Diff: 0, Sum: 0, Workers: 8
[7.219s][debug][gc,phases      ] GC(21)     Log Buffers (ms):         Min:  0.0, Avg:  0.0, Max:  0.0, Diff:  0.0, Sum:  0.0, Workers: 8
[7.219s][debug][gc,phases      ] GC(21)       Dirty Cards:              Min: 0, Avg:  1.1, Max: 6, Diff: 6, Sum: 9, Workers: 8
[7.219s][debug][gc,phases      ] GC(21)       Skipped Cards:            Min: 0, Avg:  0.0, Max: 0, Diff: 0, Sum: 0, Workers: 8
[7.219s][info ][gc,phases      ] GC(21)   Evacuate Collection Set: 0.2ms
[7.219s][debug][gc,phases      ] GC(21)     Ext Root Scanning (ms):   Min:  0.0, Avg:  0.0, Max:  0.1, Diff:  0.1, Sum:  0.3, Workers: 8
[7.219s][debug][gc,phases      ] GC(21)     Scan Heap Roots (ms):     Min:  0.0, Avg:  0.0, Max:  0.0, Diff:  0.0, Sum:  0.0, Workers: 8
[7.219s][debug][gc,phases      ] GC(21)       Scanned Cards:            Min: 0, Avg:  0.9, Max: 2, Diff: 2, Sum: 7, Workers: 8
[7.219s][debug][gc,phases      ] GC(21)       Scanned Blocks:           Min: 0, Avg:  0.8, Max: 2, Diff: 2, Sum: 6, Workers: 8
[7.219s][debug][gc,phases      ] GC(21)       Claimed Chunks:           Min: 0, Avg:  0.6, Max: 1, Diff: 1, Sum: 5, Workers: 8
[7.219s][debug][gc,phases      ] GC(21)     Code Root Scan (ms):      Min:  0.0, Avg:  0.0, Max:  0.0, Diff:  0.0, Sum:  0.0, Workers: 8
[7.219s][debug][gc,phases      ] GC(21)     Object Copy (ms):         Min:  0.0, Avg:  0.0, Max:  0.0, Diff:  0.0, Sum:  0.0, Workers: 8
[7.219s][debug][gc,phases      ] GC(21)     Termination (ms):         Min:  0.0, Avg:  0.1, Max:  0.1, Diff:  0.0, Sum:  0.4, Workers: 8
[7.219s][debug][gc,phases      ] GC(21)       Termination Attempts:     Min: 1, Avg:  1.0, Max: 1, Diff: 0, Sum: 8, Workers: 8
[7.219s][debug][gc,phases      ] GC(21)     GC Worker Other (ms):     Min:  0.0, Avg:  0.0, Max:  0.0, Diff:  0.0, Sum:  0.1, Workers: 8
[7.219s][debug][gc,phases      ] GC(21)     GC Worker Total (ms):     Min:  0.1, Avg:  0.1, Max:  0.1, Diff:  0.1, Sum:  0.9, Workers: 8
[7.219s][info ][gc,phases      ] GC(21)   Post Evacuate Collection Set: 0.5ms
[7.219s][debug][gc,phases      ] GC(21)     Code Roots Fixup: 0.0ms
[7.219s][debug][gc,phases      ] GC(21)     Clear Card Table: 0.1ms
[7.219s][debug][gc,phases      ] GC(21)     Reference Processing: 0.0ms
[7.219s][debug][gc,phases,ref  ] GC(21)       Reconsider SoftReferences: 0.0ms
[7.219s][debug][gc,phases,ref  ] GC(21)         SoftRef (ms):             skipped
[7.219s][debug][gc,phases,ref  ] GC(21)       Notify Soft/WeakReferences: 0.0ms
[7.219s][debug][gc,phases,ref  ] GC(21)         SoftRef (ms):             skipped
[7.219s][debug][gc,phases,ref  ] GC(21)         WeakRef (ms):             skipped
[7.219s][debug][gc,phases,ref  ] GC(21)         FinalRef (ms):            skipped
[7.219s][debug][gc,phases,ref  ] GC(21)         Total (ms):               skipped
[7.219s][debug][gc,phases,ref  ] GC(21)       Notify and keep alive finalizable: 0.0ms
[7.219s][debug][gc,phases,ref  ] GC(21)         FinalRef (ms):            skipped
[7.219s][debug][gc,phases,ref  ] GC(21)       Notify PhantomReferences: 0.0ms
[7.219s][debug][gc,phases,ref  ] GC(21)         PhantomRef (ms):          skipped
[7.219s][debug][gc,phases,ref  ] GC(21)       SoftReference:
[7.219s][debug][gc,phases,ref  ] GC(21)         Discovered: 0
[7.219s][debug][gc,phases,ref  ] GC(21)         Cleared: 0
[7.219s][debug][gc,phases,ref  ] GC(21)       WeakReference:
[7.219s][debug][gc,phases,ref  ] GC(21)         Discovered: 0
[7.219s][debug][gc,phases,ref  ] GC(21)         Cleared: 0
[7.219s][debug][gc,phases,ref  ] GC(21)       FinalReference:
[7.219s][debug][gc,phases,ref  ] GC(21)         Discovered: 0
[7.219s][debug][gc,phases,ref  ] GC(21)         Cleared: 0
[7.219s][debug][gc,phases,ref  ] GC(21)       PhantomReference:
[7.219s][debug][gc,phases,ref  ] GC(21)         Discovered: 0
[7.219s][debug][gc,phases,ref  ] GC(21)         Cleared: 0
[7.219s][debug][gc,phases      ] GC(21)     Weak Processing: 0.1ms
[7.219s][debug][gc,phases      ] GC(21)       JVMTI weak processing: 0.0ms
[7.219s][debug][gc,phases      ] GC(21)         Dead: 0
[7.219s][debug][gc,phases      ] GC(21)         Total: 0
[7.219s][debug][gc,phases      ] GC(21)       JFR weak processing: 0.0ms
[7.219s][debug][gc,phases      ] GC(21)         Dead: 0
[7.219s][debug][gc,phases      ] GC(21)         Total: 0
[7.219s][debug][gc,phases      ] GC(21)       JNI weak                  Min:  0.0, Avg:  0.0, Max:  0.0, Diff:  0.0, Sum:  0.0, Workers: 5
[7.219s][debug][gc,phases      ] GC(21)         Dead                      Min: 0, Avg:  0.0, Max: 0, Diff: 0, Sum: 0, Workers: 5
[7.219s][debug][gc,phases      ] GC(21)         Total                     Min: 0, Avg: 10.8, Max: 54, Diff: 54, Sum: 54, Workers: 5
[7.219s][debug][gc,phases      ] GC(21)       VM weak                   Min:  0.0, Avg:  0.0, Max:  0.0, Diff:  0.0, Sum:  0.0, Workers: 5
[7.219s][debug][gc,phases      ] GC(21)         Dead                      Min: 0, Avg:  0.0, Max: 0, Diff: 0, Sum: 0, Workers: 5
[7.219s][debug][gc,phases      ] GC(21)         Total                     Min: 0, Avg: 44.0, Max: 220, Diff: 220, Sum: 220, Workers: 5
[7.219s][debug][gc,phases      ] GC(21)       StringTable weak          Min:  0.0, Avg:  0.0, Max:  0.1, Diff:  0.1, Sum:  0.1, Workers: 5
[7.219s][debug][gc,phases      ] GC(21)         Dead                      Min: 0, Avg:  0.0, Max: 0, Diff: 0, Sum: 0, Workers: 5
[7.219s][debug][gc,phases      ] GC(21)         Total                     Min: 0, Avg: 718.2, Max: 2879, Diff: 2879, Sum: 3591, Workers: 5
[7.219s][debug][gc,phases      ] GC(21)       ResolvedMethodTable weak  Min:  0.0, Avg:  0.0, Max:  0.0, Diff:  0.0, Sum:  0.0, Workers: 5
[7.219s][debug][gc,phases      ] GC(21)         Dead                      Min: 0, Avg:  0.0, Max: 0, Diff: 0, Sum: 0, Workers: 5
[7.219s][debug][gc,phases      ] GC(21)         Total                     Min: 64, Avg: 116.6, Max: 192, Diff: 128, Sum: 583, Workers: 5
[7.219s][debug][gc,phases      ] GC(21)     Merge Per-Thread State: 0.0ms
[7.219s][debug][gc,phases      ] GC(21)       Copied Bytes              Min: 24, Avg: 89.0, Max: 184, Diff: 160, Sum: 712, Workers: 8
[7.219s][debug][gc,phases      ] GC(21)       LAB Waste                 Min: 0, Avg:  0.0, Max: 0, Diff: 0, Sum: 0, Workers: 8
[7.219s][debug][gc,phases      ] GC(21)       LAB Undo Waste            Min: 0, Avg:  0.0, Max: 0, Diff: 0, Sum: 0, Workers: 8
[7.219s][debug][gc,phases      ] GC(21)     Code Roots Purge: 0.0ms
[7.219s][debug][gc,phases      ] GC(21)     Redirty Cards: 0.0ms
[7.219s][debug][gc,phases      ] GC(21)     DerivedPointerTable Update: 0.0ms
[7.219s][debug][gc,phases      ] GC(21)     Free Collection Set: 0.1ms
[7.219s][debug][gc,phases      ] GC(21)     Rebuild Free List: 0.1ms
[7.219s][debug][gc,phases      ] GC(21)     Humongous Reclaim: 0.0ms
[7.219s][debug][gc,phases      ] GC(21)     Start New Collection Set: 0.0ms
[7.219s][debug][gc,phases      ] GC(21)     Resize TLABs: 0.0ms
[7.219s][debug][gc,phases      ] GC(21)     Expand Heap After Collection: 0.0ms
[7.219s][info ][gc,phases      ] GC(21)   Other: 0.3ms
[7.219s][info ][gc,heap        ] GC(21) Eden regions: 128->0(128)
[7.219s][info ][gc,heap        ] GC(21) Survivor regions: 1->1(17)
[7.219s][info ][gc,heap        ] GC(21) Old regions: 7->7
[7.219s][info ][gc,heap        ] GC(21) Archive regions: 2->2
[7.219s][info ][gc,heap        ] GC(21) Humongous regions: 0->0
[7.219s][info ][gc,metaspace   ] GC(21) Metaspace: 10385K(10880K)->10385K(10880K) NonClass: 9183K(9472K)->9183K(9472K) Class: 1201K(1408K)->1201K(1408K)
[7.219s][debug][gc,heap        ] GC(21) Heap after GC invocations=22 (full 1): garbage-first heap   total 221184K, used 4078K [0x0000000700000000, 0x0000000800000000)
[7.219s][debug][gc,heap        ] GC(21)   region size 1024K, 1 young (1024K), 1 survivors (1024K)
[7.219s][debug][gc,heap        ] GC(21)  Metaspace       used 10385K, capacity 10712K, committed 10880K, reserved 1058816K
[7.219s][debug][gc,heap        ] GC(21)   class space    used 1201K, capacity 1338K, committed 1408K, reserved 1048576K
[7.219s][info ][gc             ] GC(21) Pause Young (Normal) (G1 Evacuation Pause) 131M->3M(216M) 1.623ms
[7.219s][info ][gc,cpu         ] GC(21) User=0.00s Sys=0.00s Real=0.00s
[7.219s][info ][safepoint      ] Safepoint "G1CollectForAllocation", Time since last: 84990597 ns, Reaching safepoint: 178501 ns, At safepoint: 1820100 ns, Total: 1998601 ns
[7.303s][debug][gc,heap        ] GC(22) Heap before GC invocations=22 (full 1): garbage-first heap   total 221184K, used 135150K [0x0000000700000000, 0x0000000800000000)
[7.303s][debug][gc,heap        ] GC(22)   region size 1024K, 129 young (132096K), 1 survivors (1024K)
[7.303s][debug][gc,heap        ] GC(22)  Metaspace       used 10385K, capacity 10712K, committed 10880K, reserved 1058816K
[7.303s][debug][gc,heap        ] GC(22)   class space    used 1201K, capacity 1338K, committed 1408K, reserved 1048576K
[7.303s][info ][gc,start       ] GC(22) Pause Young (Normal) (G1 Evacuation Pause)
[7.303s][info ][gc,task        ] GC(22) Using 8 workers of 8 for evacuation
[7.303s][debug][gc,tlab        ] GC(22) TLAB totals: thrds: 10  refills: 616 max: 113 slow allocs: 0 max 0 waste:  1.6% gc: 1815048B max: 524024B slow: 353872B max: 65424B fast: 0B max: 0B
[7.303s][debug][gc,age         ] GC(22) Desired survivor size 8912896 bytes, new threshold 15 (max threshold 15)
[7.303s][debug][gc,alloc,region] GC(22) Mutator Allocation stats, regions: 128, wasted size: 0B ( 0.0%)
[7.303s][debug][gc,ergo        ] GC(22) Running G1 Merge Heap Roots using 8 workers for 129 regions
[7.303s][debug][gc,remset      ] GC(22) Visited cards 1280 Total dirty 10240 (12.50%) Total old 546816 (0.23%)
[7.303s][debug][gc,ergo        ] GC(22) Running G1 Clear Card Table Task using 1 workers for 1 units of work for 134 regions.
[7.304s][debug][gc,ref         ] GC(22) Skipped phase1 of Reference Processing due to unavailable references
[7.304s][debug][gc,ref         ] GC(22) Skipped phase3 of Reference Processing due to unavailable references
[7.304s][debug][gc,ref         ] GC(22) Skipped phase4 of Reference Processing due to unavailable references
[7.304s][debug][gc,ergo        ] GC(22) Running G1 Free Collection Set using 8 workers for collection set length 129 (216)
[7.304s][debug][gc,ergo        ] GC(22) Running G1 Rebuild Free List Task using 8 workers for rebuilding free list of 0 (4096) regions
[7.304s][trace][gc,age         ] GC(22) Age table with threshold 15 (max threshold 15)
[7.304s][trace][gc,age         ] GC(22) - age   1:        672 bytes,        672 total
[7.304s][trace][gc,age         ] GC(22) - age   4:         96 bytes,        768 total
[7.304s][trace][gc,age         ] GC(22) - age   7:         32 bytes,        800 total
[7.304s][debug][gc,plab        ] GC(22) Young PLAB allocation: allocated: 16512B, wasted: 0B, unused: 15712B, used: 800B, undo waste: 0B, 
[7.304s][debug][gc,plab        ] GC(22) Young other allocation: region end waste: 0B, regions filled: 1, direct allocated: 0B, failure used: 0B, failure wasted: 0B
[7.304s][debug][gc,plab        ] GC(22) Young sizing: calculated: 160B, actual: 2064B
[7.304s][debug][gc,plab        ] GC(22) Old PLAB allocation: allocated: 0B, wasted: 0B, unused: 0B, used: 0B, undo waste: 0B, 
[7.304s][debug][gc,plab        ] GC(22) Old other allocation: region end waste: 0B, regions filled: 1, direct allocated: 0B, failure used: 0B, failure wasted: 0B
[7.304s][debug][gc,plab        ] GC(22) Old sizing: calculated: 0B, actual: 2064B
[7.304s][debug][gc,ergo,heap   ] GC(22) Attempt heap expansion (recent GC overhead higher than threshold after GC) recent GC overhead: 1.85 % threshold: 1.00 % uncommitted: 4068474880B base expansion amount and scale: 226492416B (20.00%)
[7.304s][debug][gc,ergo,heap   ] GC(22) Expand the heap. requested expansion amount: 45298483B expansion amount: 46137344B
[7.304s][debug][gc,ihop        ] GC(22) Target occupancy update: old: 226492416B, new: 272629760B
[7.304s][debug][gc,ihop        ] GC(22) Basic information (value update), threshold: 122683392B (45.00), target occupancy: 272629760B, current occupancy: 4176072B, recent allocation size: 0B, recent allocation duration: 84.47ms, recent old gen allocation rate: 0.00B/s, recent marking phase length: 0.00ms
[7.304s][debug][gc,ihop        ] GC(22) Adaptive IHOP information (value update), threshold: 122683392B (47.37), internal target occupancy: 258998272B, occupancy: 4176072B, additional buffer size: 163577856B, predicted old gen allocation rate: 57217.77B/s, predicted marking phase length: 0.00ms, prediction active: false
[7.304s][debug][gc,ergo,refine ] GC(22) Concurrent refinement times: Logged Cards Scan time goal: 20.00ms Logged Cards Scan time: 0.00ms HCC time: 0.00ms
[7.304s][debug][gc,ergo,refine ] GC(22) Updated Refinement Zones: green: 2048, yellow: 6144, red: 10240
[7.304s][info ][gc,phases      ] GC(22)   Pre Evacuate Collection Set: 0.1ms
[7.304s][debug][gc,phases      ] GC(22)     Prepare TLABs: 0.0ms
[7.304s][debug][gc,phases      ] GC(22)     Choose Collection Set: 0.0ms
[7.304s][debug][gc,phases      ] GC(22)     Region Register: 0.1ms
[7.304s][debug][gc,phases      ] GC(22)     Prepare Heap Roots: 0.0ms
[7.304s][info ][gc,phases      ] GC(22)   Merge Heap Roots: 0.1ms
[7.304s][debug][gc,phases      ] GC(22)     Prepare Merge Heap Roots: 0.0ms
[7.304s][debug][gc,phases      ] GC(22)     Eager Reclaim (ms):       skipped
[7.304s][debug][gc,phases      ] GC(22)     Remembered Sets (ms):     Min:  0.0, Avg:  0.0, Max:  0.0, Diff:  0.0, Sum:  0.0, Workers: 8
[7.304s][debug][gc,phases      ] GC(22)       Merged Sparse:            Min: 0, Avg:  0.0, Max: 0, Diff: 0, Sum: 0, Workers: 8
[7.304s][debug][gc,phases      ] GC(22)       Merged Fine:              Min: 0, Avg:  0.0, Max: 0, Diff: 0, Sum: 0, Workers: 8
[7.304s][debug][gc,phases      ] GC(22)       Merged Coarse:            Min: 0, Avg:  0.0, Max: 0, Diff: 0, Sum: 0, Workers: 8
[7.304s][debug][gc,phases      ] GC(22)       Dirty Cards:              Min: 0, Avg:  0.0, Max: 0, Diff: 0, Sum: 0, Workers: 8
[7.304s][debug][gc,phases      ] GC(22)     Hot Card Cache (ms):      Min:  0.0, Avg:  0.0, Max:  0.0, Diff:  0.0, Sum:  0.0, Workers: 8
[7.304s][debug][gc,phases      ] GC(22)       Dirty Cards:              Min: 0, Avg:  0.0, Max: 0, Diff: 0, Sum: 0, Workers: 8
[7.304s][debug][gc,phases      ] GC(22)       Skipped Cards:            Min: 0, Avg:  0.0, Max: 0, Diff: 0, Sum: 0, Workers: 8
[7.304s][debug][gc,phases      ] GC(22)     Log Buffers (ms):         Min:  0.0, Avg:  0.0, Max:  0.0, Diff:  0.0, Sum:  0.0, Workers: 8
[7.304s][debug][gc,phases      ] GC(22)       Dirty Cards:              Min: 0, Avg:  1.5, Max: 11, Diff: 11, Sum: 12, Workers: 8
[7.304s][debug][gc,phases      ] GC(22)       Skipped Cards:            Min: 0, Avg:  0.0, Max: 0, Diff: 0, Sum: 0, Workers: 8
[7.304s][info ][gc,phases      ] GC(22)   Evacuate Collection Set: 0.1ms
[7.304s][debug][gc,phases      ] GC(22)     Ext Root Scanning (ms):   Min:  0.0, Avg:  0.0, Max:  0.1, Diff:  0.1, Sum:  0.2, Workers: 8
[7.304s][debug][gc,phases      ] GC(22)     Scan Heap Roots (ms):     Min:  0.0, Avg:  0.0, Max:  0.0, Diff:  0.0, Sum:  0.0, Workers: 8
[7.304s][debug][gc,phases      ] GC(22)       Scanned Cards:            Min: 0, Avg:  1.2, Max: 4, Diff: 4, Sum: 10, Workers: 8
[7.304s][debug][gc,phases      ] GC(22)       Scanned Blocks:           Min: 0, Avg:  1.0, Max: 4, Diff: 4, Sum: 8, Workers: 8
[7.304s][debug][gc,phases      ] GC(22)       Claimed Chunks:           Min: 0, Avg:  0.6, Max: 2, Diff: 2, Sum: 5, Workers: 8
[7.304s][debug][gc,phases      ] GC(22)     Code Root Scan (ms):      Min:  0.0, Avg:  0.0, Max:  0.0, Diff:  0.0, Sum:  0.0, Workers: 8
[7.304s][debug][gc,phases      ] GC(22)     Object Copy (ms):         Min:  0.0, Avg:  0.0, Max:  0.0, Diff:  0.0, Sum:  0.0, Workers: 8
[7.304s][debug][gc,phases      ] GC(22)     Termination (ms):         Min:  0.0, Avg:  0.0, Max:  0.0, Diff:  0.0, Sum:  0.4, Workers: 8
[7.304s][debug][gc,phases      ] GC(22)       Termination Attempts:     Min: 1, Avg:  1.0, Max: 1, Diff: 0, Sum: 8, Workers: 8
[7.304s][debug][gc,phases      ] GC(22)     GC Worker Other (ms):     Min:  0.0, Avg:  0.0, Max:  0.0, Diff:  0.0, Sum:  0.1, Workers: 8
[7.304s][debug][gc,phases      ] GC(22)     GC Worker Total (ms):     Min:  0.1, Avg:  0.1, Max:  0.1, Diff:  0.1, Sum:  0.8, Workers: 8
[7.304s][info ][gc,phases      ] GC(22)   Post Evacuate Collection Set: 0.6ms
[7.304s][debug][gc,phases      ] GC(22)     Code Roots Fixup: 0.0ms
[7.304s][debug][gc,phases      ] GC(22)     Clear Card Table: 0.0ms
[7.304s][debug][gc,phases      ] GC(22)     Reference Processing: 0.0ms
[7.304s][debug][gc,phases,ref  ] GC(22)       Reconsider SoftReferences: 0.0ms
[7.304s][debug][gc,phases,ref  ] GC(22)         SoftRef (ms):             skipped
[7.304s][debug][gc,phases,ref  ] GC(22)       Notify Soft/WeakReferences: 0.0ms
[7.304s][debug][gc,phases,ref  ] GC(22)         SoftRef (ms):             Min:  0.0, Avg:  0.0, Max:  0.0, Diff:  0.0, Sum:  0.0, Workers: 1
[7.304s][debug][gc,phases,ref  ] GC(22)         WeakRef (ms):             Min:  0.0, Avg:  0.0, Max:  0.0, Diff:  0.0, Sum:  0.0, Workers: 1
[7.304s][debug][gc,phases,ref  ] GC(22)         FinalRef (ms):            Min:  0.0, Avg:  0.0, Max:  0.0, Diff:  0.0, Sum:  0.0, Workers: 1
[7.304s][debug][gc,phases,ref  ] GC(22)         Total (ms):               Min:  0.0, Avg:  0.0, Max:  0.0, Diff:  0.0, Sum:  0.0, Workers: 1
[7.304s][debug][gc,phases,ref  ] GC(22)       Notify and keep alive finalizable: 0.0ms
[7.304s][debug][gc,phases,ref  ] GC(22)         FinalRef (ms):            skipped
[7.304s][debug][gc,phases,ref  ] GC(22)       Notify PhantomReferences: 0.0ms
[7.304s][debug][gc,phases,ref  ] GC(22)         PhantomRef (ms):          skipped
[7.304s][debug][gc,phases,ref  ] GC(22)       SoftReference:
[7.304s][debug][gc,phases,ref  ] GC(22)         Discovered: 0
[7.304s][debug][gc,phases,ref  ] GC(22)         Cleared: 0
[7.305s][debug][gc,phases,ref  ] GC(22)       WeakReference:
[7.305s][debug][gc,phases,ref  ] GC(22)         Discovered: 1
[7.305s][debug][gc,phases,ref  ] GC(22)         Cleared: 0
[7.305s][debug][gc,phases,ref  ] GC(22)       FinalReference:
[7.305s][debug][gc,phases,ref  ] GC(22)         Discovered: 0
[7.305s][debug][gc,phases,ref  ] GC(22)         Cleared: 0
[7.305s][debug][gc,phases,ref  ] GC(22)       PhantomReference:
[7.305s][debug][gc,phases,ref  ] GC(22)         Discovered: 0
[7.305s][debug][gc,phases,ref  ] GC(22)         Cleared: 0
[7.305s][debug][gc,phases      ] GC(22)     Weak Processing: 0.1ms
[7.305s][debug][gc,phases      ] GC(22)       JVMTI weak processing: 0.0ms
[7.305s][debug][gc,phases      ] GC(22)         Dead: 0
[7.305s][debug][gc,phases      ] GC(22)         Total: 0
[7.305s][debug][gc,phases      ] GC(22)       JFR weak processing: 0.0ms
[7.305s][debug][gc,phases      ] GC(22)         Dead: 0
[7.305s][debug][gc,phases      ] GC(22)         Total: 0
[7.305s][debug][gc,phases      ] GC(22)       JNI weak                  Min:  0.0, Avg:  0.0, Max:  0.0, Diff:  0.0, Sum:  0.0, Workers: 5
[7.305s][debug][gc,phases      ] GC(22)         Dead                      Min: 0, Avg:  0.0, Max: 0, Diff: 0, Sum: 0, Workers: 5
[7.305s][debug][gc,phases      ] GC(22)         Total                     Min: 0, Avg: 10.8, Max: 50, Diff: 50, Sum: 54, Workers: 5
[7.305s][debug][gc,phases      ] GC(22)       VM weak                   Min:  0.0, Avg:  0.0, Max:  0.0, Diff:  0.0, Sum:  0.0, Workers: 5
[7.305s][debug][gc,phases      ] GC(22)         Dead                      Min: 0, Avg:  0.0, Max: 0, Diff: 0, Sum: 0, Workers: 5
[7.305s][debug][gc,phases      ] GC(22)         Total                     Min: 0, Avg: 44.0, Max: 64, Diff: 64, Sum: 220, Workers: 5
[7.305s][debug][gc,phases      ] GC(22)       StringTable weak          Min:  0.0, Avg:  0.0, Max:  0.0, Diff:  0.0, Sum:  0.2, Workers: 5
[7.305s][debug][gc,phases      ] GC(22)         Dead                      Min: 0, Avg:  0.0, Max: 0, Diff: 0, Sum: 0, Workers: 5
[7.305s][debug][gc,phases      ] GC(22)         Total                     Min: 456, Avg: 718.2, Max: 896, Diff: 440, Sum: 3591, Workers: 5
[7.305s][debug][gc,phases      ] GC(22)       ResolvedMethodTable weak  Min:  0.0, Avg:  0.0, Max:  0.0, Diff:  0.0, Sum:  0.0, Workers: 5
[7.305s][debug][gc,phases      ] GC(22)         Dead                      Min: 0, Avg:  0.0, Max: 0, Diff: 0, Sum: 0, Workers: 5
[7.305s][debug][gc,phases      ] GC(22)         Total                     Min: 0, Avg: 116.6, Max: 192, Diff: 192, Sum: 583, Workers: 5
[7.305s][debug][gc,phases      ] GC(22)     Merge Per-Thread State: 0.0ms
[7.305s][debug][gc,phases      ] GC(22)       Copied Bytes              Min: 24, Avg: 100.0, Max: 208, Diff: 184, Sum: 800, Workers: 8
[7.305s][debug][gc,phases      ] GC(22)       LAB Waste                 Min: 0, Avg:  0.0, Max: 0, Diff: 0, Sum: 0, Workers: 8
[7.305s][debug][gc,phases      ] GC(22)       LAB Undo Waste            Min: 0, Avg:  0.0, Max: 0, Diff: 0, Sum: 0, Workers: 8
[7.305s][debug][gc,phases      ] GC(22)     Code Roots Purge: 0.0ms
[7.305s][debug][gc,phases      ] GC(22)     Redirty Cards: 0.0ms
[7.305s][debug][gc,phases      ] GC(22)     DerivedPointerTable Update: 0.0ms
[7.305s][debug][gc,phases      ] GC(22)     Free Collection Set: 0.1ms
[7.305s][debug][gc,phases      ] GC(22)     Rebuild Free List: 0.1ms
[7.305s][debug][gc,phases      ] GC(22)     Humongous Reclaim: 0.0ms
[7.305s][debug][gc,phases      ] GC(22)     Start New Collection Set: 0.0ms
[7.305s][debug][gc,phases      ] GC(22)     Resize TLABs: 0.0ms
[7.305s][debug][gc,phases      ] GC(22)     Expand Heap After Collection: 0.3ms
[7.305s][info ][gc,phases      ] GC(22)   Other: 0.3ms
[7.305s][info ][gc,heap        ] GC(22) Eden regions: 128->0(155)
[7.305s][info ][gc,heap        ] GC(22) Survivor regions: 1->1(17)
[7.305s][info ][gc,heap        ] GC(22) Old regions: 7->7
[7.305s][info ][gc,heap        ] GC(22) Archive regions: 2->2
[7.305s][info ][gc,heap        ] GC(22) Humongous regions: 0->0
[7.305s][info ][gc,metaspace   ] GC(22) Metaspace: 10385K(10880K)->10385K(10880K) NonClass: 9183K(9472K)->9183K(9472K) Class: 1201K(1408K)->1201K(1408K)
[7.305s][debug][gc,heap        ] GC(22) Heap after GC invocations=23 (full 1): garbage-first heap   total 266240K, used 4078K [0x0000000700000000, 0x0000000800000000)
[7.305s][debug][gc,heap        ] GC(22)   region size 1024K, 1 young (1024K), 1 survivors (1024K)
[7.305s][debug][gc,heap        ] GC(22)  Metaspace       used 10385K, capacity 10712K, committed 10880K, reserved 1058816K
[7.305s][debug][gc,heap        ] GC(22)   class space    used 1201K, capacity 1338K, committed 1408K, reserved 1048576K
[7.305s][info ][gc             ] GC(22) Pause Young (Normal) (G1 Evacuation Pause) 131M->3M(260M) 1.780ms
[7.305s][info ][gc,cpu         ] GC(22) User=0.00s Sys=0.00s Real=0.00s
[7.305s][info ][safepoint      ] Safepoint "G1CollectForAllocation", Time since last: 83535119 ns, Reaching safepoint: 105030 ns, At safepoint: 1990345 ns, Total: 2095375 ns
[7.415s][debug][gc,heap        ] GC(23) Heap before GC invocations=23 (full 1): garbage-first heap   total 266240K, used 162798K [0x0000000700000000, 0x0000000800000000)
[7.415s][debug][gc,heap        ] GC(23)   region size 1024K, 156 young (159744K), 1 survivors (1024K)
[7.415s][debug][gc,heap        ] GC(23)  Metaspace       used 10385K, capacity 10712K, committed 10880K, reserved 1058816K
[7.415s][debug][gc,heap        ] GC(23)   class space    used 1201K, capacity 1338K, committed 1408K, reserved 1048576K
[7.415s][info ][gc,start       ] GC(23) Pause Young (Normal) (G1 Evacuation Pause)
[7.415s][info ][gc,task        ] GC(23) Using 8 workers of 8 for evacuation
[7.415s][debug][gc,tlab        ] GC(23) TLAB totals: thrds: 8  refills: 627 max: 98 slow allocs: 0 max 0 waste:  0.9% gc: 1167880B max: 280312B slow: 361224B max: 56784B fast: 0B max: 0B
[7.415s][debug][gc,age         ] GC(23) Desired survivor size 10485760 bytes, new threshold 15 (max threshold 15)
[7.415s][debug][gc,alloc,region] GC(23) Mutator Allocation stats, regions: 155, wasted size: 4080B ( 0.0%)
[7.415s][debug][gc,ergo        ] GC(23) Running G1 Merge Heap Roots using 8 workers for 156 regions
[7.415s][debug][gc,remset      ] GC(23) Visited cards 1024 Total dirty 8192 (12.50%) Total old 657408 (0.16%)
[7.415s][debug][gc,ergo        ] GC(23) Running G1 Clear Card Table Task using 1 workers for 1 units of work for 160 regions.
[7.415s][debug][gc,ref         ] GC(23) Skipped phase1 of Reference Processing due to unavailable references
[7.415s][debug][gc,ref         ] GC(23) Skipped phase2 of Reference Processing due to unavailable references
[7.415s][debug][gc,ref         ] GC(23) Skipped phase3 of Reference Processing due to unavailable references
[7.415s][debug][gc,ref         ] GC(23) Skipped phase4 of Reference Processing due to unavailable references
[7.415s][debug][gc,ergo        ] GC(23) Running G1 Free Collection Set using 8 workers for collection set length 156 (260)
[7.415s][debug][gc,ergo        ] GC(23) Running G1 Rebuild Free List Task using 8 workers for rebuilding free list of 0 (4096) regions
[7.416s][trace][gc,age         ] GC(23) Age table with threshold 15 (max threshold 15)
[7.416s][trace][gc,age         ] GC(23) - age   1:        536 bytes,        536 total
[7.416s][trace][gc,age         ] GC(23) - age   2:         96 bytes,        632 total
[7.416s][trace][gc,age         ] GC(23) - age   5:         96 bytes,        728 total
[7.416s][trace][gc,age         ] GC(23) - age   8:         32 bytes,        760 total
[7.416s][debug][gc,plab        ] GC(23) Young PLAB allocation: allocated: 14448B, wasted: 0B, unused: 13688B, used: 760B, undo waste: 0B, 
[7.416s][debug][gc,plab        ] GC(23) Young other allocation: region end waste: 0B, regions filled: 1, direct allocated: 0B, failure used: 0B, failure wasted: 0B
[7.416s][debug][gc,plab        ] GC(23) Young sizing: calculated: 152B, actual: 2064B
[7.416s][debug][gc,plab        ] GC(23) Old PLAB allocation: allocated: 0B, wasted: 0B, unused: 0B, used: 0B, undo waste: 0B, 
[7.416s][debug][gc,plab        ] GC(23) Old other allocation: region end waste: 0B, regions filled: 1, direct allocated: 0B, failure used: 0B, failure wasted: 0B
[7.416s][debug][gc,plab        ] GC(23) Old sizing: calculated: 0B, actual: 2064B
[7.416s][debug][gc,ihop        ] GC(23) Basic information (value update), threshold: 122683392B (45.00), target occupancy: 272629760B, current occupancy: 4174008B, recent allocation size: 0B, recent allocation duration: 110.54ms, recent old gen allocation rate: 0.00B/s, recent marking phase length: 0.00ms
[7.416s][debug][gc,ihop        ] GC(23) Adaptive IHOP information (value update), threshold: 122683392B (47.37), internal target occupancy: 258998272B, occupancy: 4174008B, additional buffer size: 163577856B, predicted old gen allocation rate: 55323.66B/s, predicted marking phase length: 0.00ms, prediction active: false
[7.416s][debug][gc,ergo,refine ] GC(23) Concurrent refinement times: Logged Cards Scan time goal: 20.00ms Logged Cards Scan time: 0.00ms HCC time: 0.00ms
[7.416s][debug][gc,ergo,refine ] GC(23) Updated Refinement Zones: green: 2048, yellow: 6144, red: 10240
[7.416s][info ][gc,phases      ] GC(23)   Pre Evacuate Collection Set: 0.1ms
[7.416s][debug][gc,phases      ] GC(23)     Prepare TLABs: 0.0ms
[7.416s][debug][gc,phases      ] GC(23)     Choose Collection Set: 0.0ms
[7.416s][debug][gc,phases      ] GC(23)     Region Register: 0.1ms
[7.416s][debug][gc,phases      ] GC(23)     Prepare Heap Roots: 0.0ms
[7.416s][info ][gc,phases      ] GC(23)   Merge Heap Roots: 0.1ms
[7.416s][debug][gc,phases      ] GC(23)     Prepare Merge Heap Roots: 0.0ms
[7.416s][debug][gc,phases      ] GC(23)     Eager Reclaim (ms):       skipped
[7.416s][debug][gc,phases      ] GC(23)     Remembered Sets (ms):     Min:  0.0, Avg:  0.0, Max:  0.0, Diff:  0.0, Sum:  0.0, Workers: 8
[7.416s][debug][gc,phases      ] GC(23)       Merged Sparse:            Min: 0, Avg:  0.0, Max: 0, Diff: 0, Sum: 0, Workers: 8
[7.416s][debug][gc,phases      ] GC(23)       Merged Fine:              Min: 0, Avg:  0.0, Max: 0, Diff: 0, Sum: 0, Workers: 8
[7.416s][debug][gc,phases      ] GC(23)       Merged Coarse:            Min: 0, Avg:  0.0, Max: 0, Diff: 0, Sum: 0, Workers: 8
[7.416s][debug][gc,phases      ] GC(23)       Dirty Cards:              Min: 0, Avg:  0.0, Max: 0, Diff: 0, Sum: 0, Workers: 8
[7.416s][debug][gc,phases      ] GC(23)     Hot Card Cache (ms):      Min:  0.0, Avg:  0.0, Max:  0.0, Diff:  0.0, Sum:  0.0, Workers: 8
[7.416s][debug][gc,phases      ] GC(23)       Dirty Cards:              Min: 0, Avg:  0.0, Max: 0, Diff: 0, Sum: 0, Workers: 8
[7.416s][debug][gc,phases      ] GC(23)       Skipped Cards:            Min: 0, Avg:  0.0, Max: 0, Diff: 0, Sum: 0, Workers: 8
[7.416s][debug][gc,phases      ] GC(23)     Log Buffers (ms):         Min:  0.0, Avg:  0.0, Max:  0.0, Diff:  0.0, Sum:  0.0, Workers: 8
[7.416s][debug][gc,phases      ] GC(23)       Dirty Cards:              Min: 0, Avg:  1.0, Max: 5, Diff: 5, Sum: 8, Workers: 8
[7.416s][debug][gc,phases      ] GC(23)       Skipped Cards:            Min: 0, Avg:  0.0, Max: 0, Diff: 0, Sum: 0, Workers: 8
[7.416s][info ][gc,phases      ] GC(23)   Evacuate Collection Set: 0.1ms
[7.416s][debug][gc,phases      ] GC(23)     Ext Root Scanning (ms):   Min:  0.0, Avg:  0.0, Max:  0.1, Diff:  0.0, Sum:  0.2, Workers: 8
[7.416s][debug][gc,phases      ] GC(23)     Scan Heap Roots (ms):     Min:  0.0, Avg:  0.0, Max:  0.0, Diff:  0.0, Sum:  0.0, Workers: 8
[7.416s][debug][gc,phases      ] GC(23)       Scanned Cards:            Min: 0, Avg:  0.8, Max: 2, Diff: 2, Sum: 6, Workers: 8
[7.416s][debug][gc,phases      ] GC(23)       Scanned Blocks:           Min: 0, Avg:  0.6, Max: 2, Diff: 2, Sum: 5, Workers: 8
[7.416s][debug][gc,phases      ] GC(23)       Claimed Chunks:           Min: 0, Avg:  0.5, Max: 1, Diff: 1, Sum: 4, Workers: 8
[7.416s][debug][gc,phases      ] GC(23)     Code Root Scan (ms):      Min:  0.0, Avg:  0.0, Max:  0.0, Diff:  0.0, Sum:  0.0, Workers: 8
[7.416s][debug][gc,phases      ] GC(23)     Object Copy (ms):         Min:  0.0, Avg:  0.0, Max:  0.0, Diff:  0.0, Sum:  0.0, Workers: 8
[7.416s][debug][gc,phases      ] GC(23)     Termination (ms):         Min:  0.0, Avg:  0.0, Max:  0.0, Diff:  0.0, Sum:  0.3, Workers: 8
[7.416s][debug][gc,phases      ] GC(23)       Termination Attempts:     Min: 1, Avg:  1.0, Max: 1, Diff: 0, Sum: 8, Workers: 8
[7.416s][debug][gc,phases      ] GC(23)     GC Worker Other (ms):     Min:  0.0, Avg:  0.0, Max:  0.0, Diff:  0.0, Sum:  0.1, Workers: 8
[7.416s][debug][gc,phases      ] GC(23)     GC Worker Total (ms):     Min:  0.1, Avg:  0.1, Max:  0.1, Diff:  0.1, Sum:  0.7, Workers: 8
[7.416s][info ][gc,phases      ] GC(23)   Post Evacuate Collection Set: 0.5ms
[7.416s][debug][gc,phases      ] GC(23)     Code Roots Fixup: 0.0ms
[7.416s][debug][gc,phases      ] GC(23)     Clear Card Table: 0.1ms
[7.416s][debug][gc,phases      ] GC(23)     Reference Processing: 0.0ms
[7.416s][debug][gc,phases,ref  ] GC(23)       Reconsider SoftReferences: 0.0ms
[7.416s][debug][gc,phases,ref  ] GC(23)         SoftRef (ms):             skipped
[7.416s][debug][gc,phases,ref  ] GC(23)       Notify Soft/WeakReferences: 0.0ms
[7.416s][debug][gc,phases,ref  ] GC(23)         SoftRef (ms):             skipped
[7.416s][debug][gc,phases,ref  ] GC(23)         WeakRef (ms):             skipped
[7.416s][debug][gc,phases,ref  ] GC(23)         FinalRef (ms):            skipped
[7.416s][debug][gc,phases,ref  ] GC(23)         Total (ms):               skipped
[7.416s][debug][gc,phases,ref  ] GC(23)       Notify and keep alive finalizable: 0.0ms
[7.416s][debug][gc,phases,ref  ] GC(23)         FinalRef (ms):            skipped
[7.416s][debug][gc,phases,ref  ] GC(23)       Notify PhantomReferences: 0.0ms
[7.416s][debug][gc,phases,ref  ] GC(23)         PhantomRef (ms):          skipped
[7.416s][debug][gc,phases,ref  ] GC(23)       SoftReference:
[7.416s][debug][gc,phases,ref  ] GC(23)         Discovered: 0
[7.416s][debug][gc,phases,ref  ] GC(23)         Cleared: 0
[7.416s][debug][gc,phases,ref  ] GC(23)       WeakReference:
[7.416s][debug][gc,phases,ref  ] GC(23)         Discovered: 0
[7.416s][debug][gc,phases,ref  ] GC(23)         Cleared: 0
[7.416s][debug][gc,phases,ref  ] GC(23)       FinalReference:
[7.416s][debug][gc,phases,ref  ] GC(23)         Discovered: 0
[7.416s][debug][gc,phases,ref  ] GC(23)         Cleared: 0
[7.416s][debug][gc,phases,ref  ] GC(23)       PhantomReference:
[7.416s][debug][gc,phases,ref  ] GC(23)         Discovered: 0
[7.416s][debug][gc,phases,ref  ] GC(23)         Cleared: 0
[7.416s][debug][gc,phases      ] GC(23)     Weak Processing: 0.1ms
[7.416s][debug][gc,phases      ] GC(23)       JVMTI weak processing: 0.0ms
[7.416s][debug][gc,phases      ] GC(23)         Dead: 0
[7.416s][debug][gc,phases      ] GC(23)         Total: 0
[7.416s][debug][gc,phases      ] GC(23)       JFR weak processing: 0.0ms
[7.416s][debug][gc,phases      ] GC(23)         Dead: 0
[7.416s][debug][gc,phases      ] GC(23)         Total: 0
[7.416s][debug][gc,phases      ] GC(23)       JNI weak                  Min:  0.0, Avg:  0.0, Max:  0.0, Diff:  0.0, Sum:  0.0, Workers: 5
[7.416s][debug][gc,phases      ] GC(23)         Dead                      Min: 0, Avg:  0.0, Max: 0, Diff: 0, Sum: 0, Workers: 5
[7.416s][debug][gc,phases      ] GC(23)         Total                     Min: 0, Avg: 10.8, Max: 54, Diff: 54, Sum: 54, Workers: 5
[7.416s][debug][gc,phases      ] GC(23)       VM weak                   Min:  0.0, Avg:  0.0, Max:  0.0, Diff:  0.0, Sum:  0.0, Workers: 5
[7.416s][debug][gc,phases      ] GC(23)         Dead                      Min: 0, Avg:  0.0, Max: 0, Diff: 0, Sum: 0, Workers: 5
[7.416s][debug][gc,phases      ] GC(23)         Total                     Min: 0, Avg: 44.0, Max: 220, Diff: 220, Sum: 220, Workers: 5
[7.416s][debug][gc,phases      ] GC(23)       StringTable weak          Min:  0.0, Avg:  0.0, Max:  0.0, Diff:  0.0, Sum:  0.1, Workers: 5
[7.416s][debug][gc,phases      ] GC(23)         Dead                      Min: 0, Avg:  0.0, Max: 0, Diff: 0, Sum: 0, Workers: 5
[7.416s][debug][gc,phases      ] GC(23)         Total                     Min: 0, Avg: 718.2, Max: 1535, Diff: 1535, Sum: 3591, Workers: 5
[7.416s][debug][gc,phases      ] GC(23)       ResolvedMethodTable weak  Min:  0.0, Avg:  0.0, Max:  0.0, Diff:  0.0, Sum:  0.0, Workers: 5
[7.416s][debug][gc,phases      ] GC(23)         Dead                      Min: 0, Avg:  0.0, Max: 0, Diff: 0, Sum: 0, Workers: 5
[7.416s][debug][gc,phases      ] GC(23)         Total                     Min: 0, Avg: 116.6, Max: 199, Diff: 199, Sum: 583, Workers: 5
[7.416s][debug][gc,phases      ] GC(23)     Merge Per-Thread State: 0.0ms
[7.416s][debug][gc,phases      ] GC(23)       Copied Bytes              Min: 0, Avg: 95.0, Max: 232, Diff: 232, Sum: 760, Workers: 8
[7.416s][debug][gc,phases      ] GC(23)       LAB Waste                 Min: 0, Avg:  0.0, Max: 0, Diff: 0, Sum: 0, Workers: 8
[7.416s][debug][gc,phases      ] GC(23)       LAB Undo Waste            Min: 0, Avg:  0.0, Max: 0, Diff: 0, Sum: 0, Workers: 8
[7.416s][debug][gc,phases      ] GC(23)     Code Roots Purge: 0.0ms
[7.416s][debug][gc,phases      ] GC(23)     Redirty Cards: 0.0ms
[7.416s][debug][gc,phases      ] GC(23)     DerivedPointerTable Update: 0.0ms
[7.416s][debug][gc,phases      ] GC(23)     Free Collection Set: 0.2ms
[7.416s][debug][gc,phases      ] GC(23)     Rebuild Free List: 0.1ms
[7.416s][debug][gc,phases      ] GC(23)     Humongous Reclaim: 0.0ms
[7.416s][debug][gc,phases      ] GC(23)     Start New Collection Set: 0.0ms
[7.416s][debug][gc,phases      ] GC(23)     Resize TLABs: 0.0ms
[7.416s][debug][gc,phases      ] GC(23)     Expand Heap After Collection: 0.0ms
[7.416s][info ][gc,phases      ] GC(23)   Other: 0.3ms
[7.416s][info ][gc,heap        ] GC(23) Eden regions: 155->0(155)
[7.416s][info ][gc,heap        ] GC(23) Survivor regions: 1->1(20)
[7.416s][info ][gc,heap        ] GC(23) Old regions: 7->7
[7.416s][info ][gc,heap        ] GC(23) Archive regions: 2->2
[7.416s][info ][gc,heap        ] GC(23) Humongous regions: 0->0
[7.416s][info ][gc,metaspace   ] GC(23) Metaspace: 10385K(10880K)->10385K(10880K) NonClass: 9183K(9472K)->9183K(9472K) Class: 1201K(1408K)->1201K(1408K)
[7.416s][debug][gc,heap        ] GC(23) Heap after GC invocations=24 (full 1): garbage-first heap   total 266240K, used 4076K [0x0000000700000000, 0x0000000800000000)
[7.416s][debug][gc,heap        ] GC(23)   region size 1024K, 1 young (1024K), 1 survivors (1024K)
[7.416s][debug][gc,heap        ] GC(23)  Metaspace       used 10385K, capacity 10712K, committed 10880K, reserved 1058816K
[7.416s][debug][gc,heap        ] GC(23)   class space    used 1201K, capacity 1338K, committed 1408K, reserved 1048576K
[7.416s][info ][gc             ] GC(23) Pause Young (Normal) (G1 Evacuation Pause) 158M->3M(260M) 1.606ms
[7.416s][info ][gc,cpu         ] GC(23) User=0.00s Sys=0.00s Real=0.01s
[7.416s][info ][safepoint      ] Safepoint "G1CollectForAllocation", Time since last: 109601402 ns, Reaching safepoint: 81156 ns, At safepoint: 1804469 ns, Total: 1885625 ns
[7.519s][debug][gc,heap        ] GC(24) Heap before GC invocations=24 (full 1): garbage-first heap   total 266240K, used 162796K [0x0000000700000000, 0x0000000800000000)
[7.520s][debug][gc,heap        ] GC(24)   region size 1024K, 156 young (159744K), 1 survivors (1024K)
[7.520s][debug][gc,heap        ] GC(24)  Metaspace       used 10385K, capacity 10712K, committed 10880K, reserved 1058816K
[7.520s][debug][gc,heap        ] GC(24)   class space    used 1201K, capacity 1338K, committed 1408K, reserved 1048576K
[7.520s][info ][gc,start       ] GC(24) Pause Young (Normal) (G1 Evacuation Pause)
[7.520s][info ][gc,task        ] GC(24) Using 8 workers of 8 for evacuation
[7.520s][debug][gc,tlab        ] GC(24) TLAB totals: thrds: 8  refills: 625 max: 121 slow allocs: 0 max 0 waste:  0.8% gc: 922656B max: 256608B slow: 360528B max: 70288B fast: 0B max: 0B
[7.520s][debug][gc,age         ] GC(24) Desired survivor size 10485760 bytes, new threshold 15 (max threshold 15)
[7.520s][debug][gc,alloc,region] GC(24) Mutator Allocation stats, regions: 155, wasted size: 0B ( 0.0%)
[7.520s][debug][gc,ergo        ] GC(24) Running G1 Merge Heap Roots using 8 workers for 156 regions
[7.520s][debug][gc,remset      ] GC(24) Visited cards 1024 Total dirty 8192 (12.50%) Total old 657408 (0.16%)
[7.520s][debug][gc,ergo        ] GC(24) Running G1 Clear Card Table Task using 1 workers for 1 units of work for 160 regions.
[7.520s][debug][gc,ref         ] GC(24) Skipped phase1 of Reference Processing due to unavailable references
[7.520s][debug][gc,ref         ] GC(24) Skipped phase2 of Reference Processing due to unavailable references
[7.520s][debug][gc,ref         ] GC(24) Skipped phase3 of Reference Processing due to unavailable references
[7.520s][debug][gc,ref         ] GC(24) Skipped phase4 of Reference Processing due to unavailable references
[7.520s][debug][gc,ergo        ] GC(24) Running G1 Free Collection Set using 8 workers for collection set length 156 (260)
[7.521s][debug][gc,ergo        ] GC(24) Running G1 Rebuild Free List Task using 8 workers for rebuilding free list of 0 (4096) regions
[7.521s][trace][gc,age         ] GC(24) Age table with threshold 15 (max threshold 15)
[7.521s][trace][gc,age         ] GC(24) - age   1:        584 bytes,        584 total
[7.521s][trace][gc,age         ] GC(24) - age   3:         96 bytes,        680 total
[7.521s][trace][gc,age         ] GC(24) - age   6:         96 bytes,        776 total
[7.521s][trace][gc,age         ] GC(24) - age   9:         32 bytes,        808 total
[7.521s][debug][gc,plab        ] GC(24) Young PLAB allocation: allocated: 16512B, wasted: 0B, unused: 15704B, used: 808B, undo waste: 0B, 
[7.521s][debug][gc,plab        ] GC(24) Young other allocation: region end waste: 0B, regions filled: 1, direct allocated: 0B, failure used: 0B, failure wasted: 0B
[7.521s][debug][gc,plab        ] GC(24) Young sizing: calculated: 160B, actual: 2064B
[7.521s][debug][gc,plab        ] GC(24) Old PLAB allocation: allocated: 0B, wasted: 0B, unused: 0B, used: 0B, undo waste: 0B, 
[7.521s][debug][gc,plab        ] GC(24) Old other allocation: region end waste: 0B, regions filled: 1, direct allocated: 0B, failure used: 0B, failure wasted: 0B
[7.521s][debug][gc,plab        ] GC(24) Old sizing: calculated: 0B, actual: 2064B
[7.521s][debug][gc,ihop        ] GC(24) Basic information (value update), threshold: 122683392B (45.00), target occupancy: 272629760B, current occupancy: 4176072B, recent allocation size: 0B, recent allocation duration: 103.95ms, recent old gen allocation rate: 0.00B/s, recent marking phase length: 0.00ms
[7.521s][debug][gc,ihop        ] GC(24) Adaptive IHOP information (value update), threshold: 122683392B (47.37), internal target occupancy: 258998272B, occupancy: 4176072B, additional buffer size: 163577856B, predicted old gen allocation rate: 53498.01B/s, predicted marking phase length: 0.00ms, prediction active: false
[7.521s][debug][gc,ergo,refine ] GC(24) Concurrent refinement times: Logged Cards Scan time goal: 20.00ms Logged Cards Scan time: 0.01ms HCC time: 0.00ms
[7.521s][debug][gc,ergo,refine ] GC(24) Updated Refinement Zones: green: 2048, yellow: 6144, red: 10240
[7.521s][info ][gc,phases      ] GC(24)   Pre Evacuate Collection Set: 0.1ms
[7.521s][debug][gc,phases      ] GC(24)     Prepare TLABs: 0.0ms
[7.521s][debug][gc,phases      ] GC(24)     Choose Collection Set: 0.0ms
[7.521s][debug][gc,phases      ] GC(24)     Region Register: 0.1ms
[7.521s][debug][gc,phases      ] GC(24)     Prepare Heap Roots: 0.0ms
[7.521s][info ][gc,phases      ] GC(24)   Merge Heap Roots: 0.2ms
[7.521s][debug][gc,phases      ] GC(24)     Prepare Merge Heap Roots: 0.0ms
[7.521s][debug][gc,phases      ] GC(24)     Eager Reclaim (ms):       skipped
[7.521s][debug][gc,phases      ] GC(24)     Remembered Sets (ms):     Min:  0.0, Avg:  0.0, Max:  0.0, Diff:  0.0, Sum:  0.1, Workers: 8
[7.521s][debug][gc,phases      ] GC(24)       Merged Sparse:            Min: 0, Avg:  0.0, Max: 0, Diff: 0, Sum: 0, Workers: 8
[7.521s][debug][gc,phases      ] GC(24)       Merged Fine:              Min: 0, Avg:  0.0, Max: 0, Diff: 0, Sum: 0, Workers: 8
[7.521s][debug][gc,phases      ] GC(24)       Merged Coarse:            Min: 0, Avg:  0.0, Max: 0, Diff: 0, Sum: 0, Workers: 8
[7.521s][debug][gc,phases      ] GC(24)       Dirty Cards:              Min: 0, Avg:  0.0, Max: 0, Diff: 0, Sum: 0, Workers: 8
[7.521s][debug][gc,phases      ] GC(24)     Hot Card Cache (ms):      Min:  0.0, Avg:  0.0, Max:  0.0, Diff:  0.0, Sum:  0.0, Workers: 8
[7.521s][debug][gc,phases      ] GC(24)       Dirty Cards:              Min: 0, Avg:  0.0, Max: 0, Diff: 0, Sum: 0, Workers: 8
[7.521s][debug][gc,phases      ] GC(24)       Skipped Cards:            Min: 0, Avg:  0.0, Max: 0, Diff: 0, Sum: 0, Workers: 8
[7.521s][debug][gc,phases      ] GC(24)     Log Buffers (ms):         Min:  0.0, Avg:  0.0, Max:  0.0, Diff:  0.0, Sum:  0.0, Workers: 8
[7.521s][debug][gc,phases      ] GC(24)       Dirty Cards:              Min: 0, Avg:  1.1, Max: 5, Diff: 5, Sum: 9, Workers: 8
[7.521s][debug][gc,phases      ] GC(24)       Skipped Cards:            Min: 0, Avg:  0.0, Max: 0, Diff: 0, Sum: 0, Workers: 8
[7.521s][info ][gc,phases      ] GC(24)   Evacuate Collection Set: 0.2ms
[7.521s][debug][gc,phases      ] GC(24)     Ext Root Scanning (ms):   Min:  0.0, Avg:  0.0, Max:  0.1, Diff:  0.1, Sum:  0.3, Workers: 8
[7.521s][debug][gc,phases      ] GC(24)     Scan Heap Roots (ms):     Min:  0.0, Avg:  0.0, Max:  0.0, Diff:  0.0, Sum:  0.1, Workers: 8
[7.521s][debug][gc,phases      ] GC(24)       Scanned Cards:            Min: 0, Avg:  0.8, Max: 2, Diff: 2, Sum: 6, Workers: 8
[7.521s][debug][gc,phases      ] GC(24)       Scanned Blocks:           Min: 0, Avg:  0.6, Max: 2, Diff: 2, Sum: 5, Workers: 8
[7.521s][debug][gc,phases      ] GC(24)       Claimed Chunks:           Min: 0, Avg:  0.5, Max: 2, Diff: 2, Sum: 4, Workers: 8
[7.521s][debug][gc,phases      ] GC(24)     Code Root Scan (ms):      Min:  0.0, Avg:  0.0, Max:  0.0, Diff:  0.0, Sum:  0.0, Workers: 8
[7.521s][debug][gc,phases      ] GC(24)     Object Copy (ms):         Min:  0.0, Avg:  0.0, Max:  0.0, Diff:  0.0, Sum:  0.0, Workers: 8
[7.521s][debug][gc,phases      ] GC(24)     Termination (ms):         Min:  0.1, Avg:  0.1, Max:  0.1, Diff:  0.0, Sum:  0.6, Workers: 8
[7.521s][debug][gc,phases      ] GC(24)       Termination Attempts:     Min: 1, Avg:  1.0, Max: 1, Diff: 0, Sum: 8, Workers: 8
[7.521s][debug][gc,phases      ] GC(24)     GC Worker Other (ms):     Min:  0.0, Avg:  0.0, Max:  0.0, Diff:  0.0, Sum:  0.2, Workers: 8
[7.521s][debug][gc,phases      ] GC(24)     GC Worker Total (ms):     Min:  0.1, Avg:  0.1, Max:  0.2, Diff:  0.0, Sum:  1.1, Workers: 8
[7.521s][info ][gc,phases      ] GC(24)   Post Evacuate Collection Set: 0.5ms
[7.521s][debug][gc,phases      ] GC(24)     Code Roots Fixup: 0.0ms
[7.521s][debug][gc,phases      ] GC(24)     Clear Card Table: 0.1ms
[7.521s][debug][gc,phases      ] GC(24)     Reference Processing: 0.0ms
[7.521s][debug][gc,phases,ref  ] GC(24)       Reconsider SoftReferences: 0.0ms
[7.521s][debug][gc,phases,ref  ] GC(24)         SoftRef (ms):             skipped
[7.521s][debug][gc,phases,ref  ] GC(24)       Notify Soft/WeakReferences: 0.0ms
[7.521s][debug][gc,phases,ref  ] GC(24)         SoftRef (ms):             skipped
[7.521s][debug][gc,phases,ref  ] GC(24)         WeakRef (ms):             skipped
[7.521s][debug][gc,phases,ref  ] GC(24)         FinalRef (ms):            skipped
[7.521s][debug][gc,phases,ref  ] GC(24)         Total (ms):               skipped
[7.521s][debug][gc,phases,ref  ] GC(24)       Notify and keep alive finalizable: 0.0ms
[7.521s][debug][gc,phases,ref  ] GC(24)         FinalRef (ms):            skipped
[7.521s][debug][gc,phases,ref  ] GC(24)       Notify PhantomReferences: 0.0ms
[7.521s][debug][gc,phases,ref  ] GC(24)         PhantomRef (ms):          skipped
[7.521s][debug][gc,phases,ref  ] GC(24)       SoftReference:
[7.521s][debug][gc,phases,ref  ] GC(24)         Discovered: 0
[7.521s][debug][gc,phases,ref  ] GC(24)         Cleared: 0
[7.521s][debug][gc,phases,ref  ] GC(24)       WeakReference:
[7.521s][debug][gc,phases,ref  ] GC(24)         Discovered: 0
[7.521s][debug][gc,phases,ref  ] GC(24)         Cleared: 0
[7.521s][debug][gc,phases,ref  ] GC(24)       FinalReference:
[7.521s][debug][gc,phases,ref  ] GC(24)         Discovered: 0
[7.521s][debug][gc,phases,ref  ] GC(24)         Cleared: 0
[7.521s][debug][gc,phases,ref  ] GC(24)       PhantomReference:
[7.521s][debug][gc,phases,ref  ] GC(24)         Discovered: 0
[7.521s][debug][gc,phases,ref  ] GC(24)         Cleared: 0
[7.521s][debug][gc,phases      ] GC(24)     Weak Processing: 0.1ms
[7.521s][debug][gc,phases      ] GC(24)       JVMTI weak processing: 0.0ms
[7.521s][debug][gc,phases      ] GC(24)         Dead: 0
[7.521s][debug][gc,phases      ] GC(24)         Total: 0
[7.521s][debug][gc,phases      ] GC(24)       JFR weak processing: 0.0ms
[7.521s][debug][gc,phases      ] GC(24)         Dead: 0
[7.521s][debug][gc,phases      ] GC(24)         Total: 0
[7.521s][debug][gc,phases      ] GC(24)       JNI weak                  Min:  0.0, Avg:  0.0, Max:  0.0, Diff:  0.0, Sum:  0.0, Workers: 5
[7.521s][debug][gc,phases      ] GC(24)         Dead                      Min: 0, Avg:  0.0, Max: 0, Diff: 0, Sum: 0, Workers: 5
[7.521s][debug][gc,phases      ] GC(24)         Total                     Min: 0, Avg: 10.8, Max: 54, Diff: 54, Sum: 54, Workers: 5
[7.521s][debug][gc,phases      ] GC(24)       VM weak                   Min:  0.0, Avg:  0.0, Max:  0.0, Diff:  0.0, Sum:  0.0, Workers: 5
[7.521s][debug][gc,phases      ] GC(24)         Dead                      Min: 0, Avg:  0.0, Max: 0, Diff: 0, Sum: 0, Workers: 5
[7.521s][debug][gc,phases      ] GC(24)         Total                     Min: 0, Avg: 44.0, Max: 156, Diff: 156, Sum: 220, Workers: 5
[7.521s][debug][gc,phases      ] GC(24)       StringTable weak          Min:  0.0, Avg:  0.0, Max:  0.0, Diff:  0.0, Sum:  0.1, Workers: 5
[7.521s][debug][gc,phases      ] GC(24)         Dead                      Min: 0, Avg:  0.0, Max: 0, Diff: 0, Sum: 0, Workers: 5
[7.521s][debug][gc,phases      ] GC(24)         Total                     Min: 0, Avg: 718.2, Max: 2055, Diff: 2055, Sum: 3591, Workers: 5
[7.521s][debug][gc,phases      ] GC(24)       ResolvedMethodTable weak  Min:  0.0, Avg:  0.0, Max:  0.0, Diff:  0.0, Sum:  0.0, Workers: 5
[7.521s][debug][gc,phases      ] GC(24)         Dead                      Min: 0, Avg:  0.0, Max: 0, Diff: 0, Sum: 0, Workers: 5
[7.521s][debug][gc,phases      ] GC(24)         Total                     Min: 0, Avg: 116.6, Max: 192, Diff: 192, Sum: 583, Workers: 5
[7.521s][debug][gc,phases      ] GC(24)     Merge Per-Thread State: 0.0ms
[7.521s][debug][gc,phases      ] GC(24)       Copied Bytes              Min: 24, Avg: 101.0, Max: 192, Diff: 168, Sum: 808, Workers: 8
[7.521s][debug][gc,phases      ] GC(24)       LAB Waste                 Min: 0, Avg:  0.0, Max: 0, Diff: 0, Sum: 0, Workers: 8
[7.521s][debug][gc,phases      ] GC(24)       LAB Undo Waste            Min: 0, Avg:  0.0, Max: 0, Diff: 0, Sum: 0, Workers: 8
[7.521s][debug][gc,phases      ] GC(24)     Code Roots Purge: 0.0ms
[7.521s][debug][gc,phases      ] GC(24)     Redirty Cards: 0.1ms
[7.521s][debug][gc,phases      ] GC(24)     DerivedPointerTable Update: 0.0ms
[7.521s][debug][gc,phases      ] GC(24)     Free Collection Set: 0.1ms
[7.521s][debug][gc,phases      ] GC(24)     Rebuild Free List: 0.0ms
[7.521s][debug][gc,phases      ] GC(24)     Humongous Reclaim: 0.0ms
[7.521s][debug][gc,phases      ] GC(24)     Start New Collection Set: 0.0ms
[7.521s][debug][gc,phases      ] GC(24)     Resize TLABs: 0.0ms
[7.521s][debug][gc,phases      ] GC(24)     Expand Heap After Collection: 0.0ms
[7.521s][info ][gc,phases      ] GC(24)   Other: 0.3ms
[7.521s][info ][gc,heap        ] GC(24) Eden regions: 155->0(155)
[7.521s][info ][gc,heap        ] GC(24) Survivor regions: 1->1(20)
[7.521s][info ][gc,heap        ] GC(24) Old regions: 7->7
[7.521s][info ][gc,heap        ] GC(24) Archive regions: 2->2
[7.521s][info ][gc,heap        ] GC(24) Humongous regions: 0->0
[7.521s][info ][gc,metaspace   ] GC(24) Metaspace: 10385K(10880K)->10385K(10880K) NonClass: 9183K(9472K)->9183K(9472K) Class: 1201K(1408K)->1201K(1408K)
[7.521s][debug][gc,heap        ] GC(24) Heap after GC invocations=25 (full 1): garbage-first heap   total 266240K, used 4078K [0x0000000700000000, 0x0000000800000000)
[7.521s][debug][gc,heap        ] GC(24)   region size 1024K, 1 young (1024K), 1 survivors (1024K)
[7.521s][debug][gc,heap        ] GC(24)  Metaspace       used 10385K, capacity 10712K, committed 10880K, reserved 1058816K
[7.521s][debug][gc,heap        ] GC(24)   class space    used 1201K, capacity 1338K, committed 1408K, reserved 1048576K
[7.521s][info ][gc             ] GC(24) Pause Young (Normal) (G1 Evacuation Pause) 158M->3M(260M) 1.747ms
[7.521s][info ][gc,cpu         ] GC(24) User=0.01s Sys=0.00s Real=0.00s
[7.521s][info ][safepoint      ] Safepoint "G1CollectForAllocation", Time since last: 102907528 ns, Reaching safepoint: 134757 ns, At safepoint: 1999659 ns, Total: 2134416 ns
[7.654s][debug][gc,heap        ] GC(25) Heap before GC invocations=25 (full 1): garbage-first heap   total 266240K, used 162798K [0x0000000700000000, 0x0000000800000000)
[7.654s][debug][gc,heap        ] GC(25)   region size 1024K, 156 young (159744K), 1 survivors (1024K)
[7.654s][debug][gc,heap        ] GC(25)  Metaspace       used 10385K, capacity 10712K, committed 10880K, reserved 1058816K
[7.654s][debug][gc,heap        ] GC(25)   class space    used 1201K, capacity 1338K, committed 1408K, reserved 1048576K
[7.654s][info ][gc,start       ] GC(25) Pause Young (Normal) (G1 Evacuation Pause)
[7.654s][info ][gc,task        ] GC(25) Using 8 workers of 8 for evacuation
[7.654s][debug][gc,tlab        ] GC(25) TLAB totals: thrds: 8  refills: 632 max: 87 slow allocs: 0 max 0 waste:  0.7% gc: 842472B max: 212160B slow: 364216B max: 50272B fast: 0B max: 0B
[7.654s][debug][gc,age         ] GC(25) Desired survivor size 10485760 bytes, new threshold 15 (max threshold 15)
[7.654s][debug][gc,alloc,region] GC(25) Mutator Allocation stats, regions: 155, wasted size: 5440B ( 0.0%)
[7.654s][debug][gc,ergo        ] GC(25) Running G1 Merge Heap Roots using 8 workers for 156 regions
[7.654s][debug][gc,remset      ] GC(25) Visited cards 1024 Total dirty 8192 (12.50%) Total old 657408 (0.16%)
[7.654s][debug][gc,ergo        ] GC(25) Running G1 Clear Card Table Task using 1 workers for 1 units of work for 160 regions.
[7.655s][debug][gc,ref         ] GC(25) Skipped phase1 of Reference Processing due to unavailable references
[7.655s][debug][gc,ref         ] GC(25) Skipped phase2 of Reference Processing due to unavailable references
[7.655s][debug][gc,ref         ] GC(25) Skipped phase3 of Reference Processing due to unavailable references
[7.655s][debug][gc,ref         ] GC(25) Skipped phase4 of Reference Processing due to unavailable references
[7.655s][debug][gc,ergo        ] GC(25) Running G1 Free Collection Set using 8 workers for collection set length 156 (260)
[7.655s][debug][gc,ergo        ] GC(25) Running G1 Rebuild Free List Task using 8 workers for rebuilding free list of 0 (4096) regions
[7.655s][trace][gc,age         ] GC(25) Age table with threshold 15 (max threshold 15)
[7.655s][trace][gc,age         ] GC(25) - age   1:        848 bytes,        848 total
[7.655s][trace][gc,age         ] GC(25) - age   4:         96 bytes,        944 total
[7.655s][trace][gc,age         ] GC(25) - age   7:         96 bytes,       1040 total
[7.655s][trace][gc,age         ] GC(25) - age  10:         32 bytes,       1072 total
[7.655s][debug][gc,plab        ] GC(25) Young PLAB allocation: allocated: 16512B, wasted: 0B, unused: 15440B, used: 1072B, undo waste: 0B, 
[7.655s][debug][gc,plab        ] GC(25) Young other allocation: region end waste: 0B, regions filled: 1, direct allocated: 0B, failure used: 0B, failure wasted: 0B
[7.655s][debug][gc,plab        ] GC(25) Young sizing: calculated: 208B, actual: 2064B
[7.655s][debug][gc,plab        ] GC(25) Old PLAB allocation: allocated: 0B, wasted: 0B, unused: 0B, used: 0B, undo waste: 0B, 
[7.655s][debug][gc,plab        ] GC(25) Old other allocation: region end waste: 0B, regions filled: 1, direct allocated: 0B, failure used: 0B, failure wasted: 0B
[7.655s][debug][gc,plab        ] GC(25) Old sizing: calculated: 0B, actual: 2064B
[7.655s][debug][gc,ihop        ] GC(25) Basic information (value update), threshold: 122683392B (45.00), target occupancy: 272629760B, current occupancy: 4176072B, recent allocation size: 0B, recent allocation duration: 133.32ms, recent old gen allocation rate: 0.00B/s, recent marking phase length: 0.00ms
[7.655s][debug][gc,ihop        ] GC(25) Adaptive IHOP information (value update), threshold: 122683392B (47.37), internal target occupancy: 258998272B, occupancy: 4176072B, additional buffer size: 163577856B, predicted old gen allocation rate: 51738.18B/s, predicted marking phase length: 0.00ms, prediction active: false
[7.655s][debug][gc,ergo,refine ] GC(25) Concurrent refinement times: Logged Cards Scan time goal: 20.00ms Logged Cards Scan time: 0.00ms HCC time: 0.00ms
[7.655s][debug][gc,ergo,refine ] GC(25) Updated Refinement Zones: green: 2048, yellow: 6144, red: 10240
[7.655s][info ][gc,phases      ] GC(25)   Pre Evacuate Collection Set: 0.1ms
[7.655s][debug][gc,phases      ] GC(25)     Prepare TLABs: 0.0ms
[7.655s][debug][gc,phases      ] GC(25)     Choose Collection Set: 0.0ms
[7.655s][debug][gc,phases      ] GC(25)     Region Register: 0.1ms
[7.655s][debug][gc,phases      ] GC(25)     Prepare Heap Roots: 0.0ms
[7.655s][info ][gc,phases      ] GC(25)   Merge Heap Roots: 0.1ms
[7.655s][debug][gc,phases      ] GC(25)     Prepare Merge Heap Roots: 0.0ms
[7.655s][debug][gc,phases      ] GC(25)     Eager Reclaim (ms):       skipped
[7.655s][debug][gc,phases      ] GC(25)     Remembered Sets (ms):     Min:  0.0, Avg:  0.0, Max:  0.0, Diff:  0.0, Sum:  0.1, Workers: 8
[7.655s][debug][gc,phases      ] GC(25)       Merged Sparse:            Min: 0, Avg:  0.0, Max: 0, Diff: 0, Sum: 0, Workers: 8
[7.655s][debug][gc,phases      ] GC(25)       Merged Fine:              Min: 0, Avg:  0.0, Max: 0, Diff: 0, Sum: 0, Workers: 8
[7.655s][debug][gc,phases      ] GC(25)       Merged Coarse:            Min: 0, Avg:  0.0, Max: 0, Diff: 0, Sum: 0, Workers: 8
[7.655s][debug][gc,phases      ] GC(25)       Dirty Cards:              Min: 0, Avg:  0.0, Max: 0, Diff: 0, Sum: 0, Workers: 8
[7.655s][debug][gc,phases      ] GC(25)     Hot Card Cache (ms):      Min:  0.0, Avg:  0.0, Max:  0.0, Diff:  0.0, Sum:  0.0, Workers: 8
[7.655s][debug][gc,phases      ] GC(25)       Dirty Cards:              Min: 0, Avg:  0.0, Max: 0, Diff: 0, Sum: 0, Workers: 8
[7.655s][debug][gc,phases      ] GC(25)       Skipped Cards:            Min: 0, Avg:  0.0, Max: 0, Diff: 0, Sum: 0, Workers: 8
[7.655s][debug][gc,phases      ] GC(25)     Log Buffers (ms):         Min:  0.0, Avg:  0.0, Max:  0.0, Diff:  0.0, Sum:  0.0, Workers: 8
[7.655s][debug][gc,phases      ] GC(25)       Dirty Cards:              Min: 0, Avg:  1.4, Max: 4, Diff: 4, Sum: 11, Workers: 8
[7.655s][debug][gc,phases      ] GC(25)       Skipped Cards:            Min: 0, Avg:  0.0, Max: 0, Diff: 0, Sum: 0, Workers: 8
[7.655s][info ][gc,phases      ] GC(25)   Evacuate Collection Set: 0.1ms
[7.655s][debug][gc,phases      ] GC(25)     Ext Root Scanning (ms):   Min:  0.0, Avg:  0.0, Max:  0.1, Diff:  0.1, Sum:  0.2, Workers: 8
[7.655s][debug][gc,phases      ] GC(25)     Scan Heap Roots (ms):     Min:  0.0, Avg:  0.0, Max:  0.0, Diff:  0.0, Sum:  0.0, Workers: 8
[7.655s][debug][gc,phases      ] GC(25)       Scanned Cards:            Min: 0, Avg:  0.8, Max: 2, Diff: 2, Sum: 6, Workers: 8
[7.655s][debug][gc,phases      ] GC(25)       Scanned Blocks:           Min: 0, Avg:  0.6, Max: 2, Diff: 2, Sum: 5, Workers: 8
[7.655s][debug][gc,phases      ] GC(25)       Claimed Chunks:           Min: 0, Avg:  0.5, Max: 1, Diff: 1, Sum: 4, Workers: 8
[7.655s][debug][gc,phases      ] GC(25)     Code Root Scan (ms):      Min:  0.0, Avg:  0.0, Max:  0.0, Diff:  0.0, Sum:  0.0, Workers: 8
[7.655s][debug][gc,phases      ] GC(25)     Object Copy (ms):         Min:  0.0, Avg:  0.0, Max:  0.0, Diff:  0.0, Sum:  0.0, Workers: 8
[7.655s][debug][gc,phases      ] GC(25)     Termination (ms):         Min:  0.0, Avg:  0.1, Max:  0.1, Diff:  0.0, Sum:  0.4, Workers: 8
[7.655s][debug][gc,phases      ] GC(25)       Termination Attempts:     Min: 1, Avg:  1.0, Max: 1, Diff: 0, Sum: 8, Workers: 8
[7.655s][debug][gc,phases      ] GC(25)     GC Worker Other (ms):     Min:  0.0, Avg:  0.0, Max:  0.0, Diff:  0.0, Sum:  0.1, Workers: 8
[7.655s][debug][gc,phases      ] GC(25)     GC Worker Total (ms):     Min:  0.1, Avg:  0.1, Max:  0.1, Diff:  0.1, Sum:  0.9, Workers: 8
[7.655s][info ][gc,phases      ] GC(25)   Post Evacuate Collection Set: 0.4ms
[7.655s][debug][gc,phases      ] GC(25)     Code Roots Fixup: 0.0ms
[7.655s][debug][gc,phases      ] GC(25)     Clear Card Table: 0.1ms
[7.655s][debug][gc,phases      ] GC(25)     Reference Processing: 0.0ms
[7.655s][debug][gc,phases,ref  ] GC(25)       Reconsider SoftReferences: 0.0ms
[7.655s][debug][gc,phases,ref  ] GC(25)         SoftRef (ms):             skipped
[7.655s][debug][gc,phases,ref  ] GC(25)       Notify Soft/WeakReferences: 0.0ms
[7.655s][debug][gc,phases,ref  ] GC(25)         SoftRef (ms):             skipped
[7.655s][debug][gc,phases,ref  ] GC(25)         WeakRef (ms):             skipped
[7.655s][debug][gc,phases,ref  ] GC(25)         FinalRef (ms):            skipped
[7.655s][debug][gc,phases,ref  ] GC(25)         Total (ms):               skipped
[7.655s][debug][gc,phases,ref  ] GC(25)       Notify and keep alive finalizable: 0.0ms
[7.655s][debug][gc,phases,ref  ] GC(25)         FinalRef (ms):            skipped
[7.655s][debug][gc,phases,ref  ] GC(25)       Notify PhantomReferences: 0.0ms
[7.655s][debug][gc,phases,ref  ] GC(25)         PhantomRef (ms):          skipped
[7.655s][debug][gc,phases,ref  ] GC(25)       SoftReference:
[7.655s][debug][gc,phases,ref  ] GC(25)         Discovered: 0
[7.655s][debug][gc,phases,ref  ] GC(25)         Cleared: 0
[7.655s][debug][gc,phases,ref  ] GC(25)       WeakReference:
[7.655s][debug][gc,phases,ref  ] GC(25)         Discovered: 0
[7.655s][debug][gc,phases,ref  ] GC(25)         Cleared: 0
[7.655s][debug][gc,phases,ref  ] GC(25)       FinalReference:
[7.655s][debug][gc,phases,ref  ] GC(25)         Discovered: 0
[7.655s][debug][gc,phases,ref  ] GC(25)         Cleared: 0
[7.655s][debug][gc,phases,ref  ] GC(25)       PhantomReference:
[7.655s][debug][gc,phases,ref  ] GC(25)         Discovered: 0
[7.655s][debug][gc,phases,ref  ] GC(25)         Cleared: 0
[7.655s][debug][gc,phases      ] GC(25)     Weak Processing: 0.1ms
[7.655s][debug][gc,phases      ] GC(25)       JVMTI weak processing: 0.0ms
[7.655s][debug][gc,phases      ] GC(25)         Dead: 0
[7.655s][debug][gc,phases      ] GC(25)         Total: 0
[7.655s][debug][gc,phases      ] GC(25)       JFR weak processing: 0.0ms
[7.655s][debug][gc,phases      ] GC(25)         Dead: 0
[7.655s][debug][gc,phases      ] GC(25)         Total: 0
[7.655s][debug][gc,phases      ] GC(25)       JNI weak                  Min:  0.0, Avg:  0.0, Max:  0.0, Diff:  0.0, Sum:  0.0, Workers: 5
[7.655s][debug][gc,phases      ] GC(25)         Dead                      Min: 0, Avg:  0.0, Max: 0, Diff: 0, Sum: 0, Workers: 5
[7.655s][debug][gc,phases      ] GC(25)         Total                     Min: 0, Avg: 10.8, Max: 54, Diff: 54, Sum: 54, Workers: 5
[7.655s][debug][gc,phases      ] GC(25)       VM weak                   Min:  0.0, Avg:  0.0, Max:  0.0, Diff:  0.0, Sum:  0.0, Workers: 5
[7.655s][debug][gc,phases      ] GC(25)         Dead                      Min: 0, Avg:  0.0, Max: 0, Diff: 0, Sum: 0, Workers: 5
[7.655s][debug][gc,phases      ] GC(25)         Total                     Min: 0, Avg: 44.0, Max: 220, Diff: 220, Sum: 220, Workers: 5
[7.655s][debug][gc,phases      ] GC(25)       StringTable weak          Min:  0.0, Avg:  0.0, Max:  0.0, Diff:  0.0, Sum:  0.0, Workers: 5
[7.655s][debug][gc,phases      ] GC(25)         Dead                      Min: 0, Avg:  0.0, Max: 0, Diff: 0, Sum: 0, Workers: 5
[7.655s][debug][gc,phases      ] GC(25)         Total                     Min: 0, Avg: 718.2, Max: 1479, Diff: 1479, Sum: 3591, Workers: 5
[7.655s][debug][gc,phases      ] GC(25)       ResolvedMethodTable weak  Min:  0.0, Avg:  0.0, Max:  0.0, Diff:  0.0, Sum:  0.0, Workers: 5
[7.655s][debug][gc,phases      ] GC(25)         Dead                      Min: 0, Avg:  0.0, Max: 0, Diff: 0, Sum: 0, Workers: 5
[7.655s][debug][gc,phases      ] GC(25)         Total                     Min: 0, Avg: 116.6, Max: 256, Diff: 256, Sum: 583, Workers: 5
[7.655s][debug][gc,phases      ] GC(25)     Merge Per-Thread State: 0.0ms
[7.655s][debug][gc,phases      ] GC(25)       Copied Bytes              Min: 24, Avg: 134.0, Max: 192, Diff: 168, Sum: 1072, Workers: 8
[7.655s][debug][gc,phases      ] GC(25)       LAB Waste                 Min: 0, Avg:  0.0, Max: 0, Diff: 0, Sum: 0, Workers: 8
[7.655s][debug][gc,phases      ] GC(25)       LAB Undo Waste            Min: 0, Avg:  0.0, Max: 0, Diff: 0, Sum: 0, Workers: 8
[7.655s][debug][gc,phases      ] GC(25)     Code Roots Purge: 0.0ms
[7.655s][debug][gc,phases      ] GC(25)     Redirty Cards: 0.0ms
[7.655s][debug][gc,phases      ] GC(25)     DerivedPointerTable Update: 0.0ms
[7.655s][debug][gc,phases      ] GC(25)     Free Collection Set: 0.1ms
[7.655s][debug][gc,phases      ] GC(25)     Rebuild Free List: 0.0ms
[7.655s][debug][gc,phases      ] GC(25)     Humongous Reclaim: 0.0ms
[7.655s][debug][gc,phases      ] GC(25)     Start New Collection Set: 0.0ms
[7.655s][debug][gc,phases      ] GC(25)     Resize TLABs: 0.0ms
[7.655s][debug][gc,phases      ] GC(25)     Expand Heap After Collection: 0.0ms
[7.656s][info ][gc,phases      ] GC(25)   Other: 0.3ms
[7.656s][info ][gc,heap        ] GC(25) Eden regions: 155->0(155)
[7.656s][info ][gc,heap        ] GC(25) Survivor regions: 1->1(20)
[7.656s][info ][gc,heap        ] GC(25) Old regions: 7->7
[7.656s][info ][gc,heap        ] GC(25) Archive regions: 2->2
[7.656s][info ][gc,heap        ] GC(25) Humongous regions: 0->0
[7.656s][info ][gc,metaspace   ] GC(25) Metaspace: 10385K(10880K)->10385K(10880K) NonClass: 9183K(9472K)->9183K(9472K) Class: 1201K(1408K)->1201K(1408K)
[7.656s][debug][gc,heap        ] GC(25) Heap after GC invocations=26 (full 1): garbage-first heap   total 266240K, used 4078K [0x0000000700000000, 0x0000000800000000)
[7.656s][debug][gc,heap        ] GC(25)   region size 1024K, 1 young (1024K), 1 survivors (1024K)
[7.656s][debug][gc,heap        ] GC(25)  Metaspace       used 10385K, capacity 10712K, committed 10880K, reserved 1058816K
[7.656s][debug][gc,heap        ] GC(25)   class space    used 1201K, capacity 1338K, committed 1408K, reserved 1048576K
[7.656s][info ][gc             ] GC(25) Pause Young (Normal) (G1 Evacuation Pause) 158M->3M(260M) 1.553ms
[7.656s][info ][gc,cpu         ] GC(25) User=0.00s Sys=0.00s Real=0.00s
[7.656s][info ][safepoint      ] Safepoint "G1CollectForAllocation", Time since last: 132282936 ns, Reaching safepoint: 146618 ns, At safepoint: 1793287 ns, Total: 1939905 ns
[7.765s][debug][gc,heap        ] GC(26) Heap before GC invocations=26 (full 1): garbage-first heap   total 266240K, used 162798K [0x0000000700000000, 0x0000000800000000)
[7.765s][debug][gc,heap        ] GC(26)   region size 1024K, 156 young (159744K), 1 survivors (1024K)
[7.765s][debug][gc,heap        ] GC(26)  Metaspace       used 10385K, capacity 10712K, committed 10880K, reserved 1058816K
[7.765s][debug][gc,heap        ] GC(26)   class space    used 1201K, capacity 1338K, committed 1408K, reserved 1048576K
[7.765s][info ][gc,start       ] GC(26) Pause Young (Normal) (G1 Evacuation Pause)
[7.765s][info ][gc,task        ] GC(26) Using 8 workers of 8 for evacuation
[7.765s][debug][gc,tlab        ] GC(26) TLAB totals: thrds: 8  refills: 625 max: 108 slow allocs: 0 max 0 waste:  1.2% gc: 1541576B max: 298216B slow: 359464B max: 61920B fast: 0B max: 0B
[7.765s][debug][gc,age         ] GC(26) Desired survivor size 10485760 bytes, new threshold 15 (max threshold 15)
[7.765s][debug][gc,alloc,region] GC(26) Mutator Allocation stats, regions: 155, wasted size: 0B ( 0.0%)
[7.765s][debug][gc,ergo        ] GC(26) Running G1 Merge Heap Roots using 8 workers for 156 regions
[7.766s][debug][gc,remset      ] GC(26) Visited cards 1024 Total dirty 8192 (12.50%) Total old 657408 (0.16%)
[7.766s][debug][gc,ergo        ] GC(26) Running G1 Clear Card Table Task using 1 workers for 1 units of work for 160 regions.
[7.766s][debug][gc,ref         ] GC(26) Skipped phase1 of Reference Processing due to unavailable references
[7.766s][debug][gc,ref         ] GC(26) Skipped phase2 of Reference Processing due to unavailable references
[7.766s][debug][gc,ref         ] GC(26) Skipped phase3 of Reference Processing due to unavailable references
[7.766s][debug][gc,ref         ] GC(26) Skipped phase4 of Reference Processing due to unavailable references
[7.766s][debug][gc,ergo        ] GC(26) Running G1 Free Collection Set using 8 workers for collection set length 156 (260)
[7.766s][debug][gc,ergo        ] GC(26) Running G1 Rebuild Free List Task using 8 workers for rebuilding free list of 0 (4096) regions
[7.766s][trace][gc,age         ] GC(26) Age table with threshold 15 (max threshold 15)
[7.766s][trace][gc,age         ] GC(26) - age   1:        608 bytes,        608 total
[7.766s][trace][gc,age         ] GC(26) - age   5:         96 bytes,        704 total
[7.766s][trace][gc,age         ] GC(26) - age   8:         96 bytes,        800 total
[7.766s][trace][gc,age         ] GC(26) - age  11:         32 bytes,        832 total
[7.766s][debug][gc,plab        ] GC(26) Young PLAB allocation: allocated: 16512B, wasted: 0B, unused: 15680B, used: 832B, undo waste: 0B, 
[7.766s][debug][gc,plab        ] GC(26) Young other allocation: region end waste: 0B, regions filled: 1, direct allocated: 0B, failure used: 0B, failure wasted: 0B
[7.766s][debug][gc,plab        ] GC(26) Young sizing: calculated: 160B, actual: 2064B
[7.766s][debug][gc,plab        ] GC(26) Old PLAB allocation: allocated: 0B, wasted: 0B, unused: 0B, used: 0B, undo waste: 0B, 
[7.766s][debug][gc,plab        ] GC(26) Old other allocation: region end waste: 0B, regions filled: 1, direct allocated: 0B, failure used: 0B, failure wasted: 0B
[7.766s][debug][gc,plab        ] GC(26) Old sizing: calculated: 0B, actual: 2064B
[7.766s][debug][gc,ergo,heap   ] GC(26) Attempt heap expansion (recent GC overhead higher than threshold after GC) recent GC overhead: 1.17 % threshold: 1.00 % uncommitted: 4022337536B base expansion amount and scale: 272629760B (20.00%)
[7.766s][debug][gc,ergo,heap   ] GC(26) Expand the heap. requested expansion amount: 54525952B expansion amount: 54525952B
[7.767s][debug][gc,ihop        ] GC(26) Target occupancy update: old: 272629760B, new: 327155712B
[7.767s][debug][gc,ihop        ] GC(26) Basic information (value update), threshold: 147220070B (45.00), target occupancy: 327155712B, current occupancy: 4176072B, recent allocation size: 0B, recent allocation duration: 110.38ms, recent old gen allocation rate: 0.00B/s, recent marking phase length: 0.00ms
[7.767s][debug][gc,ihop        ] GC(26) Adaptive IHOP information (value update), threshold: 147220070B (47.37), internal target occupancy: 310797926B, occupancy: 4176072B, additional buffer size: 196083712B, predicted old gen allocation rate: 50041.66B/s, predicted marking phase length: 0.00ms, prediction active: false
[7.767s][debug][gc,ergo,refine ] GC(26) Concurrent refinement times: Logged Cards Scan time goal: 20.00ms Logged Cards Scan time: 0.00ms HCC time: 0.00ms
[7.767s][debug][gc,ergo,refine ] GC(26) Updated Refinement Zones: green: 2048, yellow: 6144, red: 10240
[7.767s][info ][gc,phases      ] GC(26)   Pre Evacuate Collection Set: 0.1ms
[7.767s][debug][gc,phases      ] GC(26)     Prepare TLABs: 0.0ms
[7.767s][debug][gc,phases      ] GC(26)     Choose Collection Set: 0.0ms
[7.767s][debug][gc,phases      ] GC(26)     Region Register: 0.1ms
[7.767s][debug][gc,phases      ] GC(26)     Prepare Heap Roots: 0.0ms
[7.767s][info ][gc,phases      ] GC(26)   Merge Heap Roots: 0.2ms
[7.767s][debug][gc,phases      ] GC(26)     Prepare Merge Heap Roots: 0.0ms
[7.767s][debug][gc,phases      ] GC(26)     Eager Reclaim (ms):       skipped
[7.767s][debug][gc,phases      ] GC(26)     Remembered Sets (ms):     Min:  0.0, Avg:  0.0, Max:  0.0, Diff:  0.0, Sum:  0.1, Workers: 8
[7.767s][debug][gc,phases      ] GC(26)       Merged Sparse:            Min: 0, Avg:  0.0, Max: 0, Diff: 0, Sum: 0, Workers: 8
[7.767s][debug][gc,phases      ] GC(26)       Merged Fine:              Min: 0, Avg:  0.0, Max: 0, Diff: 0, Sum: 0, Workers: 8
[7.767s][debug][gc,phases      ] GC(26)       Merged Coarse:            Min: 0, Avg:  0.0, Max: 0, Diff: 0, Sum: 0, Workers: 8
[7.767s][debug][gc,phases      ] GC(26)       Dirty Cards:              Min: 0, Avg:  0.0, Max: 0, Diff: 0, Sum: 0, Workers: 8
[7.767s][debug][gc,phases      ] GC(26)     Hot Card Cache (ms):      Min:  0.0, Avg:  0.0, Max:  0.0, Diff:  0.0, Sum:  0.0, Workers: 8
[7.767s][debug][gc,phases      ] GC(26)       Dirty Cards:              Min: 0, Avg:  0.0, Max: 0, Diff: 0, Sum: 0, Workers: 8
[7.767s][debug][gc,phases      ] GC(26)       Skipped Cards:            Min: 0, Avg:  0.0, Max: 0, Diff: 0, Sum: 0, Workers: 8
[7.767s][debug][gc,phases      ] GC(26)     Log Buffers (ms):         Min:  0.0, Avg:  0.0, Max:  0.0, Diff:  0.0, Sum:  0.0, Workers: 8
[7.767s][debug][gc,phases      ] GC(26)       Dirty Cards:              Min: 0, Avg:  0.9, Max: 4, Diff: 4, Sum: 7, Workers: 8
[7.767s][debug][gc,phases      ] GC(26)       Skipped Cards:            Min: 0, Avg:  0.0, Max: 0, Diff: 0, Sum: 0, Workers: 8
[7.767s][info ][gc,phases      ] GC(26)   Evacuate Collection Set: 0.2ms
[7.767s][debug][gc,phases      ] GC(26)     Ext Root Scanning (ms):   Min:  0.0, Avg:  0.0, Max:  0.1, Diff:  0.1, Sum:  0.3, Workers: 8
[7.767s][debug][gc,phases      ] GC(26)     Scan Heap Roots (ms):     Min:  0.0, Avg:  0.0, Max:  0.0, Diff:  0.0, Sum:  0.0, Workers: 8
[7.767s][debug][gc,phases      ] GC(26)       Scanned Cards:            Min: 0, Avg:  0.8, Max: 2, Diff: 2, Sum: 6, Workers: 8
[7.767s][debug][gc,phases      ] GC(26)       Scanned Blocks:           Min: 0, Avg:  0.6, Max: 2, Diff: 2, Sum: 5, Workers: 8
[7.767s][debug][gc,phases      ] GC(26)       Claimed Chunks:           Min: 0, Avg:  0.5, Max: 1, Diff: 1, Sum: 4, Workers: 8
[7.767s][debug][gc,phases      ] GC(26)     Code Root Scan (ms):      Min:  0.0, Avg:  0.0, Max:  0.0, Diff:  0.0, Sum:  0.0, Workers: 8
[7.767s][debug][gc,phases      ] GC(26)     Object Copy (ms):         Min:  0.0, Avg:  0.0, Max:  0.0, Diff:  0.0, Sum:  0.0, Workers: 8
[7.767s][debug][gc,phases      ] GC(26)     Termination (ms):         Min:  0.1, Avg:  0.1, Max:  0.1, Diff:  0.0, Sum:  0.5, Workers: 8
[7.767s][debug][gc,phases      ] GC(26)       Termination Attempts:     Min: 1, Avg:  1.0, Max: 1, Diff: 0, Sum: 8, Workers: 8
[7.767s][debug][gc,phases      ] GC(26)     GC Worker Other (ms):     Min:  0.0, Avg:  0.0, Max:  0.0, Diff:  0.0, Sum:  0.2, Workers: 8
[7.767s][debug][gc,phases      ] GC(26)     GC Worker Total (ms):     Min:  0.1, Avg:  0.1, Max:  0.2, Diff:  0.1, Sum:  1.2, Workers: 8
[7.767s][info ][gc,phases      ] GC(26)   Post Evacuate Collection Set: 0.9ms
[7.767s][debug][gc,phases      ] GC(26)     Code Roots Fixup: 0.0ms
[7.767s][debug][gc,phases      ] GC(26)     Clear Card Table: 0.1ms
[7.767s][debug][gc,phases      ] GC(26)     Reference Processing: 0.0ms
[7.767s][debug][gc,phases,ref  ] GC(26)       Reconsider SoftReferences: 0.0ms
[7.767s][debug][gc,phases,ref  ] GC(26)         SoftRef (ms):             skipped
[7.767s][debug][gc,phases,ref  ] GC(26)       Notify Soft/WeakReferences: 0.0ms
[7.767s][debug][gc,phases,ref  ] GC(26)         SoftRef (ms):             skipped
[7.767s][debug][gc,phases,ref  ] GC(26)         WeakRef (ms):             skipped
[7.767s][debug][gc,phases,ref  ] GC(26)         FinalRef (ms):            skipped
[7.767s][debug][gc,phases,ref  ] GC(26)         Total (ms):               skipped
[7.767s][debug][gc,phases,ref  ] GC(26)       Notify and keep alive finalizable: 0.0ms
[7.767s][debug][gc,phases,ref  ] GC(26)         FinalRef (ms):            skipped
[7.767s][debug][gc,phases,ref  ] GC(26)       Notify PhantomReferences: 0.0ms
[7.767s][debug][gc,phases,ref  ] GC(26)         PhantomRef (ms):          skipped
[7.767s][debug][gc,phases,ref  ] GC(26)       SoftReference:
[7.767s][debug][gc,phases,ref  ] GC(26)         Discovered: 0
[7.767s][debug][gc,phases,ref  ] GC(26)         Cleared: 0
[7.767s][debug][gc,phases,ref  ] GC(26)       WeakReference:
[7.767s][debug][gc,phases,ref  ] GC(26)         Discovered: 0
[7.767s][debug][gc,phases,ref  ] GC(26)         Cleared: 0
[7.767s][debug][gc,phases,ref  ] GC(26)       FinalReference:
[7.767s][debug][gc,phases,ref  ] GC(26)         Discovered: 0
[7.767s][debug][gc,phases,ref  ] GC(26)         Cleared: 0
[7.767s][debug][gc,phases,ref  ] GC(26)       PhantomReference:
[7.767s][debug][gc,phases,ref  ] GC(26)         Discovered: 0
[7.767s][debug][gc,phases,ref  ] GC(26)         Cleared: 0
[7.767s][debug][gc,phases      ] GC(26)     Weak Processing: 0.1ms
[7.767s][debug][gc,phases      ] GC(26)       JVMTI weak processing: 0.0ms
[7.767s][debug][gc,phases      ] GC(26)         Dead: 0
[7.767s][debug][gc,phases      ] GC(26)         Total: 0
[7.767s][debug][gc,phases      ] GC(26)       JFR weak processing: 0.0ms
[7.767s][debug][gc,phases      ] GC(26)         Dead: 0
[7.767s][debug][gc,phases      ] GC(26)         Total: 0
[7.767s][debug][gc,phases      ] GC(26)       JNI weak                  Min:  0.0, Avg:  0.0, Max:  0.0, Diff:  0.0, Sum:  0.1, Workers: 5
[7.767s][debug][gc,phases      ] GC(26)         Dead                      Min: 0, Avg:  0.0, Max: 0, Diff: 0, Sum: 0, Workers: 5
[7.767s][debug][gc,phases      ] GC(26)         Total                     Min: 0, Avg: 10.8, Max: 50, Diff: 50, Sum: 54, Workers: 5
[7.767s][debug][gc,phases      ] GC(26)       VM weak                   Min:  0.0, Avg:  0.0, Max:  0.0, Diff:  0.0, Sum:  0.0, Workers: 5
[7.767s][debug][gc,phases      ] GC(26)         Dead                      Min: 0, Avg:  0.0, Max: 0, Diff: 0, Sum: 0, Workers: 5
[7.767s][debug][gc,phases      ] GC(26)         Total                     Min: 0, Avg: 44.0, Max: 128, Diff: 128, Sum: 220, Workers: 5
[7.767s][debug][gc,phases      ] GC(26)       StringTable weak          Min:  0.0, Avg:  0.0, Max:  0.1, Diff:  0.1, Sum:  0.1, Workers: 5
[7.767s][debug][gc,phases      ] GC(26)         Dead                      Min: 0, Avg:  0.0, Max: 0, Diff: 0, Sum: 0, Workers: 5
[7.767s][debug][gc,phases      ] GC(26)         Total                     Min: 0, Avg: 718.2, Max: 1727, Diff: 1727, Sum: 3591, Workers: 5
[7.767s][debug][gc,phases      ] GC(26)       ResolvedMethodTable weak  Min:  0.0, Avg:  0.0, Max:  0.0, Diff:  0.0, Sum:  0.0, Workers: 5
[7.767s][debug][gc,phases      ] GC(26)         Dead                      Min: 0, Avg:  0.0, Max: 0, Diff: 0, Sum: 0, Workers: 5
[7.767s][debug][gc,phases      ] GC(26)         Total                     Min: 0, Avg: 116.6, Max: 199, Diff: 199, Sum: 583, Workers: 5
[7.767s][debug][gc,phases      ] GC(26)     Merge Per-Thread State: 0.0ms
[7.767s][debug][gc,phases      ] GC(26)       Copied Bytes              Min: 24, Avg: 104.0, Max: 224, Diff: 200, Sum: 832, Workers: 8
[7.767s][debug][gc,phases      ] GC(26)       LAB Waste                 Min: 0, Avg:  0.0, Max: 0, Diff: 0, Sum: 0, Workers: 8
[7.767s][debug][gc,phases      ] GC(26)       LAB Undo Waste            Min: 0, Avg:  0.0, Max: 0, Diff: 0, Sum: 0, Workers: 8
[7.767s][debug][gc,phases      ] GC(26)     Code Roots Purge: 0.0ms
[7.767s][debug][gc,phases      ] GC(26)     Redirty Cards: 0.0ms
[7.767s][debug][gc,phases      ] GC(26)     DerivedPointerTable Update: 0.0ms
[7.767s][debug][gc,phases      ] GC(26)     Free Collection Set: 0.1ms
[7.767s][debug][gc,phases      ] GC(26)     Rebuild Free List: 0.1ms
[7.767s][debug][gc,phases      ] GC(26)     Humongous Reclaim: 0.0ms
[7.767s][debug][gc,phases      ] GC(26)     Start New Collection Set: 0.0ms
[7.767s][debug][gc,phases      ] GC(26)     Resize TLABs: 0.0ms
[7.767s][debug][gc,phases      ] GC(26)     Expand Heap After Collection: 0.4ms
[7.767s][info ][gc,phases      ] GC(26)   Other: 0.3ms
[7.767s][info ][gc,heap        ] GC(26) Eden regions: 155->0(186)
[7.767s][info ][gc,heap        ] GC(26) Survivor regions: 1->1(20)
[7.767s][info ][gc,heap        ] GC(26) Old regions: 7->7
[7.767s][info ][gc,heap        ] GC(26) Archive regions: 2->2
[7.767s][info ][gc,heap        ] GC(26) Humongous regions: 0->0
[7.767s][info ][gc,metaspace   ] GC(26) Metaspace: 10385K(10880K)->10385K(10880K) NonClass: 9183K(9472K)->9183K(9472K) Class: 1201K(1408K)->1201K(1408K)
[7.767s][debug][gc,heap        ] GC(26) Heap after GC invocations=27 (full 1): garbage-first heap   total 319488K, used 4078K [0x0000000700000000, 0x0000000800000000)
[7.767s][debug][gc,heap        ] GC(26)   region size 1024K, 1 young (1024K), 1 survivors (1024K)
[7.767s][debug][gc,heap        ] GC(26)  Metaspace       used 10385K, capacity 10712K, committed 10880K, reserved 1058816K
[7.767s][debug][gc,heap        ] GC(26)   class space    used 1201K, capacity 1338K, committed 1408K, reserved 1048576K
[7.767s][info ][gc             ] GC(26) Pause Young (Normal) (G1 Evacuation Pause) 158M->3M(312M) 2.120ms
[7.767s][info ][gc,cpu         ] GC(26) User=0.00s Sys=0.00s Real=0.01s
[7.768s][info ][safepoint      ] Safepoint "G1CollectForAllocation", Time since last: 109339754 ns, Reaching safepoint: 182991 ns, At safepoint: 2304730 ns, Total: 2487721 ns
[7.933s][debug][gc,heap        ] GC(27) Heap before GC invocations=27 (full 1): garbage-first heap   total 319488K, used 194542K [0x0000000700000000, 0x0000000800000000)
[7.933s][debug][gc,heap        ] GC(27)   region size 1024K, 187 young (191488K), 1 survivors (1024K)
[7.933s][debug][gc,heap        ] GC(27)  Metaspace       used 10385K, capacity 10712K, committed 10880K, reserved 1058816K
[7.933s][debug][gc,heap        ] GC(27)   class space    used 1201K, capacity 1338K, committed 1408K, reserved 1048576K
[7.933s][info ][gc,start       ] GC(27) Pause Young (Normal) (G1 Evacuation Pause)
[7.933s][info ][gc,task        ] GC(27) Using 8 workers of 8 for evacuation
[7.933s][debug][gc,tlab        ] GC(27) TLAB totals: thrds: 10  refills: 752 max: 103 slow allocs: 0 max 0 waste:  1.2% gc: 1882528B max: 458232B slow: 432864B max: 59720B fast: 0B max: 0B
[7.933s][debug][gc,age         ] GC(27) Desired survivor size 12582912 bytes, new threshold 15 (max threshold 15)
[7.933s][debug][gc,alloc,region] GC(27) Mutator Allocation stats, regions: 186, wasted size: 0B ( 0.0%)
[7.934s][debug][gc,ergo        ] GC(27) Running G1 Merge Heap Roots using 8 workers for 187 regions
[7.934s][debug][gc,remset      ] GC(27) Visited cards 1792 Total dirty 10240 (17.50%) Total old 784384 (0.23%)
[7.934s][debug][gc,ergo        ] GC(27) Running G1 Clear Card Table Task using 1 workers for 1 units of work for 192 regions.
[7.934s][debug][gc,ref         ] GC(27) Skipped phase1 of Reference Processing due to unavailable references
[7.934s][debug][gc,ref         ] GC(27) Skipped phase3 of Reference Processing due to unavailable references
[7.934s][debug][gc,ref         ] GC(27) Skipped phase4 of Reference Processing due to unavailable references
[7.934s][debug][gc,ergo        ] GC(27) Running G1 Free Collection Set using 8 workers for collection set length 187 (312)
[7.934s][debug][gc,ergo        ] GC(27) Running G1 Rebuild Free List Task using 8 workers for rebuilding free list of 0 (4096) regions
[7.934s][trace][gc,age         ] GC(27) Age table with threshold 15 (max threshold 15)
[7.934s][trace][gc,age         ] GC(27) - age   1:        504 bytes,        504 total
[7.934s][trace][gc,age         ] GC(27) - age   6:         64 bytes,        568 total
[7.934s][trace][gc,age         ] GC(27) - age   9:         64 bytes,        632 total
[7.934s][trace][gc,age         ] GC(27) - age  12:         32 bytes,        664 total
[7.934s][debug][gc,plab        ] GC(27) Young PLAB allocation: allocated: 8256B, wasted: 0B, unused: 7592B, used: 664B, undo waste: 0B, 
[7.934s][debug][gc,plab        ] GC(27) Young other allocation: region end waste: 0B, regions filled: 1, direct allocated: 0B, failure used: 0B, failure wasted: 0B
[7.934s][debug][gc,plab        ] GC(27) Young sizing: calculated: 128B, actual: 2064B
[7.934s][debug][gc,plab        ] GC(27) Old PLAB allocation: allocated: 0B, wasted: 0B, unused: 0B, used: 0B, undo waste: 0B, 
[7.934s][debug][gc,plab        ] GC(27) Old other allocation: region end waste: 0B, regions filled: 1, direct allocated: 0B, failure used: 0B, failure wasted: 0B
[7.934s][debug][gc,plab        ] GC(27) Old sizing: calculated: 0B, actual: 2064B
[7.934s][debug][gc,ihop        ] GC(27) Basic information (value update), threshold: 147220070B (45.00), target occupancy: 327155712B, current occupancy: 4167816B, recent allocation size: 0B, recent allocation duration: 166.68ms, recent old gen allocation rate: 0.00B/s, recent marking phase length: 0.00ms
[7.934s][debug][gc,ihop        ] GC(27) Adaptive IHOP information (value update), threshold: 147220070B (47.37), internal target occupancy: 310797926B, occupancy: 4167816B, additional buffer size: 196083712B, predicted old gen allocation rate: 48406.02B/s, predicted marking phase length: 0.00ms, prediction active: false
[7.934s][debug][gc,ergo,refine ] GC(27) Concurrent refinement times: Logged Cards Scan time goal: 20.00ms Logged Cards Scan time: 0.01ms HCC time: 0.00ms
[7.934s][debug][gc,ergo,refine ] GC(27) Updated Refinement Zones: green: 2048, yellow: 6144, red: 10240
[7.934s][info ][gc,phases      ] GC(27)   Pre Evacuate Collection Set: 0.1ms
[7.934s][debug][gc,phases      ] GC(27)     Prepare TLABs: 0.0ms
[7.934s][debug][gc,phases      ] GC(27)     Choose Collection Set: 0.0ms
[7.934s][debug][gc,phases      ] GC(27)     Region Register: 0.1ms
[7.934s][debug][gc,phases      ] GC(27)     Prepare Heap Roots: 0.0ms
[7.934s][info ][gc,phases      ] GC(27)   Merge Heap Roots: 0.1ms
[7.934s][debug][gc,phases      ] GC(27)     Prepare Merge Heap Roots: 0.0ms
[7.934s][debug][gc,phases      ] GC(27)     Eager Reclaim (ms):       skipped
[7.934s][debug][gc,phases      ] GC(27)     Remembered Sets (ms):     Min:  0.0, Avg:  0.0, Max:  0.0, Diff:  0.0, Sum:  0.0, Workers: 8
[7.934s][debug][gc,phases      ] GC(27)       Merged Sparse:            Min: 0, Avg:  0.0, Max: 0, Diff: 0, Sum: 0, Workers: 8
[7.934s][debug][gc,phases      ] GC(27)       Merged Fine:              Min: 0, Avg:  0.0, Max: 0, Diff: 0, Sum: 0, Workers: 8
[7.934s][debug][gc,phases      ] GC(27)       Merged Coarse:            Min: 0, Avg:  0.0, Max: 0, Diff: 0, Sum: 0, Workers: 8
[7.934s][debug][gc,phases      ] GC(27)       Dirty Cards:              Min: 0, Avg:  0.0, Max: 0, Diff: 0, Sum: 0, Workers: 8
[7.934s][debug][gc,phases      ] GC(27)     Hot Card Cache (ms):      Min:  0.0, Avg:  0.0, Max:  0.0, Diff:  0.0, Sum:  0.0, Workers: 8
[7.934s][debug][gc,phases      ] GC(27)       Dirty Cards:              Min: 0, Avg:  0.0, Max: 0, Diff: 0, Sum: 0, Workers: 8
[7.934s][debug][gc,phases      ] GC(27)       Skipped Cards:            Min: 0, Avg:  0.0, Max: 0, Diff: 0, Sum: 0, Workers: 8
[7.934s][debug][gc,phases      ] GC(27)     Log Buffers (ms):         Min:  0.0, Avg:  0.0, Max:  0.0, Diff:  0.0, Sum:  0.0, Workers: 8
[7.934s][debug][gc,phases      ] GC(27)       Dirty Cards:              Min: 0, Avg:  1.8, Max: 11, Diff: 11, Sum: 14, Workers: 8
[7.934s][debug][gc,phases      ] GC(27)       Skipped Cards:            Min: 0, Avg:  0.0, Max: 0, Diff: 0, Sum: 0, Workers: 8
[7.935s][info ][gc,phases      ] GC(27)   Evacuate Collection Set: 0.1ms
[7.935s][debug][gc,phases      ] GC(27)     Ext Root Scanning (ms):   Min:  0.0, Avg:  0.0, Max:  0.1, Diff:  0.0, Sum:  0.2, Workers: 8
[7.935s][debug][gc,phases      ] GC(27)     Scan Heap Roots (ms):     Min:  0.0, Avg:  0.0, Max:  0.0, Diff:  0.0, Sum:  0.0, Workers: 8
[7.935s][debug][gc,phases      ] GC(27)       Scanned Cards:            Min: 0, Avg:  1.6, Max: 6, Diff: 6, Sum: 13, Workers: 8
[7.935s][debug][gc,phases      ] GC(27)       Scanned Blocks:           Min: 0, Avg:  1.2, Max: 4, Diff: 4, Sum: 10, Workers: 8
[7.935s][debug][gc,phases      ] GC(27)       Claimed Chunks:           Min: 0, Avg:  0.9, Max: 4, Diff: 4, Sum: 7, Workers: 8
[7.935s][debug][gc,phases      ] GC(27)     Code Root Scan (ms):      Min:  0.0, Avg:  0.0, Max:  0.0, Diff:  0.0, Sum:  0.0, Workers: 8
[7.935s][debug][gc,phases      ] GC(27)     Object Copy (ms):         Min:  0.0, Avg:  0.0, Max:  0.0, Diff:  0.0, Sum:  0.0, Workers: 8
[7.935s][debug][gc,phases      ] GC(27)     Termination (ms):         Min:  0.0, Avg:  0.0, Max:  0.1, Diff:  0.0, Sum:  0.4, Workers: 8
[7.935s][debug][gc,phases      ] GC(27)       Termination Attempts:     Min: 1, Avg:  1.0, Max: 1, Diff: 0, Sum: 8, Workers: 8
[7.935s][debug][gc,phases      ] GC(27)     GC Worker Other (ms):     Min:  0.0, Avg:  0.0, Max:  0.0, Diff:  0.0, Sum:  0.1, Workers: 8
[7.935s][debug][gc,phases      ] GC(27)     GC Worker Total (ms):     Min:  0.0, Avg:  0.1, Max:  0.1, Diff:  0.1, Sum:  0.7, Workers: 8
[7.935s][info ][gc,phases      ] GC(27)   Post Evacuate Collection Set: 0.3ms
[7.935s][debug][gc,phases      ] GC(27)     Code Roots Fixup: 0.0ms
[7.935s][debug][gc,phases      ] GC(27)     Clear Card Table: 0.1ms
[7.935s][debug][gc,phases      ] GC(27)     Reference Processing: 0.0ms
[7.935s][debug][gc,phases,ref  ] GC(27)       Reconsider SoftReferences: 0.0ms
[7.935s][debug][gc,phases,ref  ] GC(27)         SoftRef (ms):             skipped
[7.935s][debug][gc,phases,ref  ] GC(27)       Notify Soft/WeakReferences: 0.0ms
[7.935s][debug][gc,phases,ref  ] GC(27)         SoftRef (ms):             Min:  0.0, Avg:  0.0, Max:  0.0, Diff:  0.0, Sum:  0.0, Workers: 1
[7.935s][debug][gc,phases,ref  ] GC(27)         WeakRef (ms):             Min:  0.0, Avg:  0.0, Max:  0.0, Diff:  0.0, Sum:  0.0, Workers: 1
[7.935s][debug][gc,phases,ref  ] GC(27)         FinalRef (ms):            Min:  0.0, Avg:  0.0, Max:  0.0, Diff:  0.0, Sum:  0.0, Workers: 1
[7.935s][debug][gc,phases,ref  ] GC(27)         Total (ms):               Min:  0.0, Avg:  0.0, Max:  0.0, Diff:  0.0, Sum:  0.0, Workers: 1
[7.935s][debug][gc,phases,ref  ] GC(27)       Notify and keep alive finalizable: 0.0ms
[7.935s][debug][gc,phases,ref  ] GC(27)         FinalRef (ms):            skipped
[7.935s][debug][gc,phases,ref  ] GC(27)       Notify PhantomReferences: 0.0ms
[7.935s][debug][gc,phases,ref  ] GC(27)         PhantomRef (ms):          skipped
[7.935s][debug][gc,phases,ref  ] GC(27)       SoftReference:
[7.935s][debug][gc,phases,ref  ] GC(27)         Discovered: 0
[7.935s][debug][gc,phases,ref  ] GC(27)         Cleared: 0
[7.935s][debug][gc,phases,ref  ] GC(27)       WeakReference:
[7.935s][debug][gc,phases,ref  ] GC(27)         Discovered: 1
[7.935s][debug][gc,phases,ref  ] GC(27)         Cleared: 0
[7.935s][debug][gc,phases,ref  ] GC(27)       FinalReference:
[7.935s][debug][gc,phases,ref  ] GC(27)         Discovered: 0
[7.935s][debug][gc,phases,ref  ] GC(27)         Cleared: 0
[7.935s][debug][gc,phases,ref  ] GC(27)       PhantomReference:
[7.935s][debug][gc,phases,ref  ] GC(27)         Discovered: 0
[7.935s][debug][gc,phases,ref  ] GC(27)         Cleared: 0
[7.935s][debug][gc,phases      ] GC(27)     Weak Processing: 0.1ms
[7.935s][debug][gc,phases      ] GC(27)       JVMTI weak processing: 0.0ms
[7.935s][debug][gc,phases      ] GC(27)         Dead: 0
[7.935s][debug][gc,phases      ] GC(27)         Total: 0
[7.935s][debug][gc,phases      ] GC(27)       JFR weak processing: 0.0ms
[7.935s][debug][gc,phases      ] GC(27)         Dead: 0
[7.935s][debug][gc,phases      ] GC(27)         Total: 0
[7.935s][debug][gc,phases      ] GC(27)       JNI weak                  Min:  0.0, Avg:  0.0, Max:  0.0, Diff:  0.0, Sum:  0.0, Workers: 5
[7.935s][debug][gc,phases      ] GC(27)         Dead                      Min: 0, Avg:  0.0, Max: 0, Diff: 0, Sum: 0, Workers: 5
[7.935s][debug][gc,phases      ] GC(27)         Total                     Min: 0, Avg: 10.8, Max: 54, Diff: 54, Sum: 54, Workers: 5
[7.935s][debug][gc,phases      ] GC(27)       VM weak                   Min:  0.0, Avg:  0.0, Max:  0.0, Diff:  0.0, Sum:  0.0, Workers: 5
[7.935s][debug][gc,phases      ] GC(27)         Dead                      Min: 0, Avg:  0.0, Max: 0, Diff: 0, Sum: 0, Workers: 5
[7.935s][debug][gc,phases      ] GC(27)         Total                     Min: 0, Avg: 44.0, Max: 220, Diff: 220, Sum: 220, Workers: 5
[7.935s][debug][gc,phases      ] GC(27)       StringTable weak          Min:  0.0, Avg:  0.0, Max:  0.0, Diff:  0.0, Sum:  0.1, Workers: 5
[7.935s][debug][gc,phases      ] GC(27)         Dead                      Min: 0, Avg:  0.0, Max: 0, Diff: 0, Sum: 0, Workers: 5
[7.935s][debug][gc,phases      ] GC(27)         Total                     Min: 0, Avg: 718.2, Max: 1607, Diff: 1607, Sum: 3591, Workers: 5
[7.935s][debug][gc,phases      ] GC(27)       ResolvedMethodTable weak  Min:  0.0, Avg:  0.0, Max:  0.0, Diff:  0.0, Sum:  0.0, Workers: 5
[7.935s][debug][gc,phases      ] GC(27)         Dead                      Min: 0, Avg:  0.0, Max: 0, Diff: 0, Sum: 0, Workers: 5
[7.935s][debug][gc,phases      ] GC(27)         Total                     Min: 0, Avg: 116.6, Max: 199, Diff: 199, Sum: 583, Workers: 5
[7.935s][debug][gc,phases      ] GC(27)     Merge Per-Thread State: 0.0ms
[7.935s][debug][gc,phases      ] GC(27)       Copied Bytes              Min: 0, Avg: 83.0, Max: 208, Diff: 208, Sum: 664, Workers: 8
[7.935s][debug][gc,phases      ] GC(27)       LAB Waste                 Min: 0, Avg:  0.0, Max: 0, Diff: 0, Sum: 0, Workers: 8
[7.935s][debug][gc,phases      ] GC(27)       LAB Undo Waste            Min: 0, Avg:  0.0, Max: 0, Diff: 0, Sum: 0, Workers: 8
[7.935s][debug][gc,phases      ] GC(27)     Code Roots Purge: 0.0ms
[7.935s][debug][gc,phases      ] GC(27)     Redirty Cards: 0.0ms
[7.935s][debug][gc,phases      ] GC(27)     DerivedPointerTable Update: 0.0ms
[7.935s][debug][gc,phases      ] GC(27)     Free Collection Set: 0.1ms
[7.935s][debug][gc,phases      ] GC(27)     Rebuild Free List: 0.0ms
[7.935s][debug][gc,phases      ] GC(27)     Humongous Reclaim: 0.0ms
[7.935s][debug][gc,phases      ] GC(27)     Start New Collection Set: 0.0ms
[7.935s][debug][gc,phases      ] GC(27)     Resize TLABs: 0.0ms
[7.935s][debug][gc,phases      ] GC(27)     Expand Heap After Collection: 0.0ms
[7.935s][info ][gc,phases      ] GC(27)   Other: 0.3ms
[7.935s][info ][gc,heap        ] GC(27) Eden regions: 186->0(186)
[7.935s][info ][gc,heap        ] GC(27) Survivor regions: 1->1(24)
[7.935s][info ][gc,heap        ] GC(27) Old regions: 7->7
[7.935s][info ][gc,heap        ] GC(27) Archive regions: 2->2
[7.935s][info ][gc,heap        ] GC(27) Humongous regions: 0->0
[7.935s][info ][gc,metaspace   ] GC(27) Metaspace: 10385K(10880K)->10385K(10880K) NonClass: 9183K(9472K)->9183K(9472K) Class: 1201K(1408K)->1201K(1408K)
[7.935s][debug][gc,heap        ] GC(27) Heap after GC invocations=28 (full 1): garbage-first heap   total 319488K, used 4070K [0x0000000700000000, 0x0000000800000000)
[7.935s][debug][gc,heap        ] GC(27)   region size 1024K, 1 young (1024K), 1 survivors (1024K)
[7.935s][debug][gc,heap        ] GC(27)  Metaspace       used 10385K, capacity 10712K, committed 10880K, reserved 1058816K
[7.935s][debug][gc,heap        ] GC(27)   class space    used 1201K, capacity 1338K, committed 1408K, reserved 1048576K
[7.935s][info ][gc             ] GC(27) Pause Young (Normal) (G1 Evacuation Pause) 189M->3M(312M) 1.559ms
[7.935s][info ][gc,cpu         ] GC(27) User=0.01s Sys=0.00s Real=0.00s
[7.935s][info ][safepoint      ] Safepoint "G1CollectForAllocation", Time since last: 165758225 ns, Reaching safepoint: 83250 ns, At safepoint: 1733568 ns, Total: 1816818 ns
[8.082s][debug][gc,heap        ] GC(28) Heap before GC invocations=28 (full 1): garbage-first heap   total 319488K, used 194534K [0x0000000700000000, 0x0000000800000000)
[8.083s][debug][gc,heap        ] GC(28)   region size 1024K, 187 young (191488K), 1 survivors (1024K)
[8.083s][debug][gc,heap        ] GC(28)  Metaspace       used 10385K, capacity 10712K, committed 10880K, reserved 1058816K
[8.083s][debug][gc,heap        ] GC(28)   class space    used 1201K, capacity 1338K, committed 1408K, reserved 1048576K
[8.083s][info ][gc,start       ] GC(28) Pause Young (Normal) (G1 Evacuation Pause)
[8.083s][info ][gc,task        ] GC(28) Using 8 workers of 8 for evacuation
[8.083s][debug][gc,tlab        ] GC(28) TLAB totals: thrds: 8  refills: 747 max: 104 slow allocs: 0 max 0 waste:  1.0% gc: 1450352B max: 327784B slow: 431392B max: 59904B fast: 0B max: 0B
[8.083s][debug][gc,age         ] GC(28) Desired survivor size 12582912 bytes, new threshold 15 (max threshold 15)
[8.083s][debug][gc,alloc,region] GC(28) Mutator Allocation stats, regions: 186, wasted size: 0B ( 0.0%)
[8.083s][debug][gc,ergo        ] GC(28) Running G1 Merge Heap Roots using 8 workers for 187 regions
[8.083s][debug][gc,remset      ] GC(28) Visited cards 1536 Total dirty 10240 (15.00%) Total old 784384 (0.20%)
[8.083s][debug][gc,ergo        ] GC(28) Running G1 Clear Card Table Task using 1 workers for 1 units of work for 192 regions.
[8.083s][debug][gc,ref         ] GC(28) Skipped phase1 of Reference Processing due to unavailable references
[8.083s][debug][gc,ref         ] GC(28) Skipped phase2 of Reference Processing due to unavailable references
[8.083s][debug][gc,ref         ] GC(28) Skipped phase3 of Reference Processing due to unavailable references
[8.083s][debug][gc,ref         ] GC(28) Skipped phase4 of Reference Processing due to unavailable references
[8.083s][debug][gc,ergo        ] GC(28) Running G1 Free Collection Set using 8 workers for collection set length 187 (312)
[8.083s][debug][gc,ergo        ] GC(28) Running G1 Rebuild Free List Task using 8 workers for rebuilding free list of 0 (4096) regions
[8.083s][trace][gc,age         ] GC(28) Age table with threshold 15 (max threshold 15)
[8.084s][trace][gc,age         ] GC(28) - age   1:        632 bytes,        632 total
[8.084s][trace][gc,age         ] GC(28) - age   2:        208 bytes,        840 total
[8.084s][trace][gc,age         ] GC(28) - age   7:         64 bytes,        904 total
[8.084s][trace][gc,age         ] GC(28) - age  10:         64 bytes,        968 total
[8.084s][trace][gc,age         ] GC(28) - age  13:         32 bytes,       1000 total
[8.084s][debug][gc,plab        ] GC(28) Young PLAB allocation: allocated: 12384B, wasted: 0B, unused: 11384B, used: 1000B, undo waste: 0B, 
[8.084s][debug][gc,plab        ] GC(28) Young other allocation: region end waste: 0B, regions filled: 1, direct allocated: 0B, failure used: 0B, failure wasted: 0B
[8.084s][debug][gc,plab        ] GC(28) Young sizing: calculated: 200B, actual: 2064B
[8.084s][debug][gc,plab        ] GC(28) Old PLAB allocation: allocated: 0B, wasted: 0B, unused: 0B, used: 0B, undo waste: 0B, 
[8.084s][debug][gc,plab        ] GC(28) Old other allocation: region end waste: 0B, regions filled: 1, direct allocated: 0B, failure used: 0B, failure wasted: 0B
[8.084s][debug][gc,plab        ] GC(28) Old sizing: calculated: 0B, actual: 2064B
[8.084s][debug][gc,ihop        ] GC(28) Basic information (value update), threshold: 147220070B (45.00), target occupancy: 327155712B, current occupancy: 4171944B, recent allocation size: 0B, recent allocation duration: 148.29ms, recent old gen allocation rate: 0.00B/s, recent marking phase length: 0.00ms
[8.084s][debug][gc,ihop        ] GC(28) Adaptive IHOP information (value update), threshold: 147220070B (47.37), internal target occupancy: 310797926B, occupancy: 4171944B, additional buffer size: 196083712B, predicted old gen allocation rate: 46828.95B/s, predicted marking phase length: 0.00ms, prediction active: false
[8.084s][debug][gc,ergo,refine ] GC(28) Concurrent refinement times: Logged Cards Scan time goal: 20.00ms Logged Cards Scan time: 0.00ms HCC time: 0.00ms
[8.084s][debug][gc,ergo,refine ] GC(28) Updated Refinement Zones: green: 2048, yellow: 6144, red: 10240
[8.084s][info ][gc,phases      ] GC(28)   Pre Evacuate Collection Set: 0.1ms
[8.084s][debug][gc,phases      ] GC(28)     Prepare TLABs: 0.0ms
[8.084s][debug][gc,phases      ] GC(28)     Choose Collection Set: 0.0ms
[8.084s][debug][gc,phases      ] GC(28)     Region Register: 0.1ms
[8.084s][debug][gc,phases      ] GC(28)     Prepare Heap Roots: 0.0ms
[8.084s][info ][gc,phases      ] GC(28)   Merge Heap Roots: 0.1ms
[8.084s][debug][gc,phases      ] GC(28)     Prepare Merge Heap Roots: 0.0ms
[8.084s][debug][gc,phases      ] GC(28)     Eager Reclaim (ms):       skipped
[8.084s][debug][gc,phases      ] GC(28)     Remembered Sets (ms):     Min:  0.0, Avg:  0.0, Max:  0.0, Diff:  0.0, Sum:  0.1, Workers: 8
[8.084s][debug][gc,phases      ] GC(28)       Merged Sparse:            Min: 0, Avg:  0.0, Max: 0, Diff: 0, Sum: 0, Workers: 8
[8.084s][debug][gc,phases      ] GC(28)       Merged Fine:              Min: 0, Avg:  0.0, Max: 0, Diff: 0, Sum: 0, Workers: 8
[8.084s][debug][gc,phases      ] GC(28)       Merged Coarse:            Min: 0, Avg:  0.0, Max: 0, Diff: 0, Sum: 0, Workers: 8
[8.084s][debug][gc,phases      ] GC(28)       Dirty Cards:              Min: 0, Avg:  0.0, Max: 0, Diff: 0, Sum: 0, Workers: 8
[8.084s][debug][gc,phases      ] GC(28)     Hot Card Cache (ms):      Min:  0.0, Avg:  0.0, Max:  0.0, Diff:  0.0, Sum:  0.0, Workers: 8
[8.084s][debug][gc,phases      ] GC(28)       Dirty Cards:              Min: 0, Avg:  0.0, Max: 0, Diff: 0, Sum: 0, Workers: 8
[8.084s][debug][gc,phases      ] GC(28)       Skipped Cards:            Min: 0, Avg:  0.0, Max: 0, Diff: 0, Sum: 0, Workers: 8
[8.084s][debug][gc,phases      ] GC(28)     Log Buffers (ms):         Min:  0.0, Avg:  0.0, Max:  0.0, Diff:  0.0, Sum:  0.0, Workers: 8
[8.084s][debug][gc,phases      ] GC(28)       Dirty Cards:              Min: 0, Avg:  1.5, Max: 6, Diff: 6, Sum: 12, Workers: 8
[8.084s][debug][gc,phases      ] GC(28)       Skipped Cards:            Min: 0, Avg:  0.0, Max: 0, Diff: 0, Sum: 0, Workers: 8
[8.084s][info ][gc,phases      ] GC(28)   Evacuate Collection Set: 0.3ms
[8.084s][debug][gc,phases      ] GC(28)     Ext Root Scanning (ms):   Min:  0.0, Avg:  0.0, Max:  0.1, Diff:  0.0, Sum:  0.2, Workers: 8
[8.084s][debug][gc,phases      ] GC(28)     Scan Heap Roots (ms):     Min:  0.0, Avg:  0.0, Max:  0.0, Diff:  0.0, Sum:  0.0, Workers: 8
[8.084s][debug][gc,phases      ] GC(28)       Scanned Cards:            Min: 0, Avg:  1.2, Max: 3, Diff: 3, Sum: 10, Workers: 8
[8.084s][debug][gc,phases      ] GC(28)       Scanned Blocks:           Min: 0, Avg:  1.1, Max: 3, Diff: 3, Sum: 9, Workers: 8
[8.084s][debug][gc,phases      ] GC(28)       Claimed Chunks:           Min: 0, Avg:  0.8, Max: 1, Diff: 1, Sum: 6, Workers: 8
[8.084s][debug][gc,phases      ] GC(28)     Code Root Scan (ms):      Min:  0.0, Avg:  0.0, Max:  0.0, Diff:  0.0, Sum:  0.0, Workers: 8
[8.084s][debug][gc,phases      ] GC(28)     Object Copy (ms):         Min:  0.0, Avg:  0.0, Max:  0.0, Diff:  0.0, Sum:  0.0, Workers: 8
[8.084s][debug][gc,phases      ] GC(28)     Termination (ms):         Min:  0.1, Avg:  0.2, Max:  0.2, Diff:  0.0, Sum:  1.2, Workers: 8
[8.084s][debug][gc,phases      ] GC(28)       Termination Attempts:     Min: 1, Avg:  1.0, Max: 1, Diff: 0, Sum: 8, Workers: 8
[8.084s][debug][gc,phases      ] GC(28)     GC Worker Other (ms):     Min:  0.0, Avg:  0.0, Max:  0.0, Diff:  0.0, Sum:  0.1, Workers: 8
[8.084s][debug][gc,phases      ] GC(28)     GC Worker Total (ms):     Min:  0.2, Avg:  0.2, Max:  0.3, Diff:  0.1, Sum:  1.6, Workers: 8
[8.084s][info ][gc,phases      ] GC(28)   Post Evacuate Collection Set: 0.4ms
[8.084s][debug][gc,phases      ] GC(28)     Code Roots Fixup: 0.0ms
[8.084s][debug][gc,phases      ] GC(28)     Clear Card Table: 0.1ms
[8.084s][debug][gc,phases      ] GC(28)     Reference Processing: 0.0ms
[8.084s][debug][gc,phases,ref  ] GC(28)       Reconsider SoftReferences: 0.0ms
[8.084s][debug][gc,phases,ref  ] GC(28)         SoftRef (ms):             skipped
[8.084s][debug][gc,phases,ref  ] GC(28)       Notify Soft/WeakReferences: 0.0ms
[8.084s][debug][gc,phases,ref  ] GC(28)         SoftRef (ms):             skipped
[8.084s][debug][gc,phases,ref  ] GC(28)         WeakRef (ms):             skipped
[8.084s][debug][gc,phases,ref  ] GC(28)         FinalRef (ms):            skipped
[8.084s][debug][gc,phases,ref  ] GC(28)         Total (ms):               skipped
[8.084s][debug][gc,phases,ref  ] GC(28)       Notify and keep alive finalizable: 0.0ms
[8.084s][debug][gc,phases,ref  ] GC(28)         FinalRef (ms):            skipped
[8.084s][debug][gc,phases,ref  ] GC(28)       Notify PhantomReferences: 0.0ms
[8.084s][debug][gc,phases,ref  ] GC(28)         PhantomRef (ms):          skipped
[8.084s][debug][gc,phases,ref  ] GC(28)       SoftReference:
[8.084s][debug][gc,phases,ref  ] GC(28)         Discovered: 0
[8.084s][debug][gc,phases,ref  ] GC(28)         Cleared: 0
[8.084s][debug][gc,phases,ref  ] GC(28)       WeakReference:
[8.084s][debug][gc,phases,ref  ] GC(28)         Discovered: 0
[8.084s][debug][gc,phases,ref  ] GC(28)         Cleared: 0
[8.084s][debug][gc,phases,ref  ] GC(28)       FinalReference:
[8.084s][debug][gc,phases,ref  ] GC(28)         Discovered: 0
[8.084s][debug][gc,phases,ref  ] GC(28)         Cleared: 0
[8.084s][debug][gc,phases,ref  ] GC(28)       PhantomReference:
[8.084s][debug][gc,phases,ref  ] GC(28)         Discovered: 0
[8.084s][debug][gc,phases,ref  ] GC(28)         Cleared: 0
[8.084s][debug][gc,phases      ] GC(28)     Weak Processing: 0.1ms
[8.084s][debug][gc,phases      ] GC(28)       JVMTI weak processing: 0.0ms
[8.084s][debug][gc,phases      ] GC(28)         Dead: 0
[8.084s][debug][gc,phases      ] GC(28)         Total: 0
[8.084s][debug][gc,phases      ] GC(28)       JFR weak processing: 0.0ms
[8.084s][debug][gc,phases      ] GC(28)         Dead: 0
[8.084s][debug][gc,phases      ] GC(28)         Total: 0
[8.084s][debug][gc,phases      ] GC(28)       JNI weak                  Min:  0.0, Avg:  0.0, Max:  0.0, Diff:  0.0, Sum:  0.0, Workers: 5
[8.084s][debug][gc,phases      ] GC(28)         Dead                      Min: 0, Avg:  0.0, Max: 0, Diff: 0, Sum: 0, Workers: 5
[8.084s][debug][gc,phases      ] GC(28)         Total                     Min: 0, Avg: 10.8, Max: 50, Diff: 50, Sum: 54, Workers: 5
[8.084s][debug][gc,phases      ] GC(28)       VM weak                   Min:  0.0, Avg:  0.0, Max:  0.0, Diff:  0.0, Sum:  0.0, Workers: 5
[8.084s][debug][gc,phases      ] GC(28)         Dead                      Min: 0, Avg:  0.0, Max: 0, Diff: 0, Sum: 0, Workers: 5
[8.084s][debug][gc,phases      ] GC(28)         Total                     Min: 0, Avg: 44.0, Max: 128, Diff: 128, Sum: 220, Workers: 5
[8.084s][debug][gc,phases      ] GC(28)       StringTable weak          Min:  0.0, Avg:  0.0, Max:  0.0, Diff:  0.0, Sum:  0.1, Workers: 5
[8.084s][debug][gc,phases      ] GC(28)         Dead                      Min: 0, Avg:  0.0, Max: 0, Diff: 0, Sum: 0, Workers: 5
[8.084s][debug][gc,phases      ] GC(28)         Total                     Min: 72, Avg: 718.2, Max: 1663, Diff: 1591, Sum: 3591, Workers: 5
[8.084s][debug][gc,phases      ] GC(28)       ResolvedMethodTable weak  Min:  0.0, Avg:  0.0, Max:  0.0, Diff:  0.0, Sum:  0.0, Workers: 5
[8.084s][debug][gc,phases      ] GC(28)         Dead                      Min: 0, Avg:  0.0, Max: 0, Diff: 0, Sum: 0, Workers: 5
[8.084s][debug][gc,phases      ] GC(28)         Total                     Min: 64, Avg: 116.6, Max: 192, Diff: 128, Sum: 583, Workers: 5
[8.084s][debug][gc,phases      ] GC(28)     Merge Per-Thread State: 0.0ms
[8.084s][debug][gc,phases      ] GC(28)       Copied Bytes              Min: 0, Avg: 125.0, Max: 248, Diff: 248, Sum: 1000, Workers: 8
[8.084s][debug][gc,phases      ] GC(28)       LAB Waste                 Min: 0, Avg:  0.0, Max: 0, Diff: 0, Sum: 0, Workers: 8
[8.084s][debug][gc,phases      ] GC(28)       LAB Undo Waste            Min: 0, Avg:  0.0, Max: 0, Diff: 0, Sum: 0, Workers: 8
[8.084s][debug][gc,phases      ] GC(28)     Code Roots Purge: 0.0ms
[8.084s][debug][gc,phases      ] GC(28)     Redirty Cards: 0.0ms
[8.084s][debug][gc,phases      ] GC(28)     DerivedPointerTable Update: 0.0ms
[8.084s][debug][gc,phases      ] GC(28)     Free Collection Set: 0.1ms
[8.084s][debug][gc,phases      ] GC(28)     Rebuild Free List: 0.0ms
[8.084s][debug][gc,phases      ] GC(28)     Humongous Reclaim: 0.0ms
[8.084s][debug][gc,phases      ] GC(28)     Start New Collection Set: 0.0ms
[8.084s][debug][gc,phases      ] GC(28)     Resize TLABs: 0.0ms
[8.084s][debug][gc,phases      ] GC(28)     Expand Heap After Collection: 0.0ms
[8.084s][info ][gc,phases      ] GC(28)   Other: 0.3ms
[8.084s][info ][gc,heap        ] GC(28) Eden regions: 186->0(186)
[8.084s][info ][gc,heap        ] GC(28) Survivor regions: 1->1(24)
[8.084s][info ][gc,heap        ] GC(28) Old regions: 7->7
[8.084s][info ][gc,heap        ] GC(28) Archive regions: 2->2
[8.084s][info ][gc,heap        ] GC(28) Humongous regions: 0->0
[8.084s][info ][gc,metaspace   ] GC(28) Metaspace: 10385K(10880K)->10385K(10880K) NonClass: 9183K(9472K)->9183K(9472K) Class: 1201K(1408K)->1201K(1408K)
[8.084s][debug][gc,heap        ] GC(28) Heap after GC invocations=29 (full 1): garbage-first heap   total 319488K, used 4074K [0x0000000700000000, 0x0000000800000000)
[8.084s][debug][gc,heap        ] GC(28)   region size 1024K, 1 young (1024K), 1 survivors (1024K)
[8.084s][debug][gc,heap        ] GC(28)  Metaspace       used 10385K, capacity 10712K, committed 10880K, reserved 1058816K
[8.084s][debug][gc,heap        ] GC(28)   class space    used 1201K, capacity 1338K, committed 1408K, reserved 1048576K
[8.084s][info ][gc             ] GC(28) Pause Young (Normal) (G1 Evacuation Pause) 189M->3M(312M) 1.658ms
[8.084s][info ][gc,cpu         ] GC(28) User=0.00s Sys=0.00s Real=0.00s
[8.084s][info ][safepoint      ] Safepoint "G1CollectForAllocation", Time since last: 147196807 ns, Reaching safepoint: 195054 ns, At safepoint: 1835923 ns, Total: 2030977 ns
[8.246s][debug][gc,heap        ] GC(29) Heap before GC invocations=29 (full 1): garbage-first heap   total 319488K, used 194538K [0x0000000700000000, 0x0000000800000000)
[8.246s][debug][gc,heap        ] GC(29)   region size 1024K, 187 young (191488K), 1 survivors (1024K)
[8.246s][debug][gc,heap        ] GC(29)  Metaspace       used 10385K, capacity 10712K, committed 10880K, reserved 1058816K
[8.246s][debug][gc,heap        ] GC(29)   class space    used 1201K, capacity 1338K, committed 1408K, reserved 1048576K
[8.246s][info ][gc,start       ] GC(29) Pause Young (Normal) (G1 Evacuation Pause)
[8.246s][info ][gc,task        ] GC(29) Using 8 workers of 8 for evacuation
[8.246s][debug][gc,tlab        ] GC(29) TLAB totals: thrds: 8  refills: 746 max: 101 slow allocs: 0 max 0 waste:  1.0% gc: 1551168B max: 453496B slow: 429744B max: 58552B fast: 0B max: 0B
[8.246s][debug][gc,age         ] GC(29) Desired survivor size 12582912 bytes, new threshold 15 (max threshold 15)
[8.246s][debug][gc,alloc,region] GC(29) Mutator Allocation stats, regions: 186, wasted size: 0B ( 0.0%)
[8.246s][debug][gc,ergo        ] GC(29) Running G1 Merge Heap Roots using 8 workers for 187 regions
[8.246s][debug][gc,remset      ] GC(29) Visited cards 1536 Total dirty 10240 (15.00%) Total old 784384 (0.20%)
[8.246s][debug][gc,ergo        ] GC(29) Running G1 Clear Card Table Task using 1 workers for 1 units of work for 192 regions.
[8.246s][debug][gc,ref         ] GC(29) Skipped phase1 of Reference Processing due to unavailable references
[8.246s][debug][gc,ref         ] GC(29) Skipped phase2 of Reference Processing due to unavailable references
[8.246s][debug][gc,ref         ] GC(29) Skipped phase3 of Reference Processing due to unavailable references
[8.246s][debug][gc,ref         ] GC(29) Skipped phase4 of Reference Processing due to unavailable references
[8.246s][debug][gc,ergo        ] GC(29) Running G1 Free Collection Set using 8 workers for collection set length 187 (312)
[8.246s][debug][gc,ergo        ] GC(29) Running G1 Rebuild Free List Task using 8 workers for rebuilding free list of 0 (4096) regions
[8.246s][trace][gc,age         ] GC(29) Age table with threshold 15 (max threshold 15)
[8.246s][trace][gc,age         ] GC(29) - age   1:        528 bytes,        528 total
[8.246s][trace][gc,age         ] GC(29) - age   3:        208 bytes,        736 total
[8.246s][trace][gc,age         ] GC(29) - age   8:         64 bytes,        800 total
[8.246s][trace][gc,age         ] GC(29) - age  11:         64 bytes,        864 total
[8.246s][trace][gc,age         ] GC(29) - age  14:         32 bytes,        896 total
[8.247s][debug][gc,plab        ] GC(29) Young PLAB allocation: allocated: 16512B, wasted: 0B, unused: 15616B, used: 896B, undo waste: 0B, 
[8.247s][debug][gc,plab        ] GC(29) Young other allocation: region end waste: 0B, regions filled: 1, direct allocated: 0B, failure used: 0B, failure wasted: 0B
[8.247s][debug][gc,plab        ] GC(29) Young sizing: calculated: 176B, actual: 2064B
[8.247s][debug][gc,plab        ] GC(29) Old PLAB allocation: allocated: 0B, wasted: 0B, unused: 0B, used: 0B, undo waste: 0B, 
[8.247s][debug][gc,plab        ] GC(29) Old other allocation: region end waste: 0B, regions filled: 1, direct allocated: 0B, failure used: 0B, failure wasted: 0B
[8.247s][debug][gc,plab        ] GC(29) Old sizing: calculated: 0B, actual: 2064B
[8.247s][debug][gc,ihop        ] GC(29) Basic information (value update), threshold: 147220070B (45.00), target occupancy: 327155712B, current occupancy: 4176072B, recent allocation size: 0B, recent allocation duration: 162.09ms, recent old gen allocation rate: 0.00B/s, recent marking phase length: 0.00ms
[8.247s][debug][gc,ihop        ] GC(29) Adaptive IHOP information (value update), threshold: 147220070B (47.37), internal target occupancy: 310797926B, occupancy: 4176072B, additional buffer size: 196083712B, predicted old gen allocation rate: 45308.20B/s, predicted marking phase length: 0.00ms, prediction active: false
[8.247s][debug][gc,ergo,refine ] GC(29) Concurrent refinement times: Logged Cards Scan time goal: 20.00ms Logged Cards Scan time: 0.00ms HCC time: 0.00ms
[8.247s][debug][gc,ergo,refine ] GC(29) Updated Refinement Zones: green: 2048, yellow: 6144, red: 10240
[8.247s][info ][gc,phases      ] GC(29)   Pre Evacuate Collection Set: 0.1ms
[8.247s][debug][gc,phases      ] GC(29)     Prepare TLABs: 0.0ms
[8.247s][debug][gc,phases      ] GC(29)     Choose Collection Set: 0.0ms
[8.247s][debug][gc,phases      ] GC(29)     Region Register: 0.1ms
[8.247s][debug][gc,phases      ] GC(29)     Prepare Heap Roots: 0.0ms
[8.247s][info ][gc,phases      ] GC(29)   Merge Heap Roots: 0.1ms
[8.247s][debug][gc,phases      ] GC(29)     Prepare Merge Heap Roots: 0.0ms
[8.247s][debug][gc,phases      ] GC(29)     Eager Reclaim (ms):       skipped
[8.247s][debug][gc,phases      ] GC(29)     Remembered Sets (ms):     Min:  0.0, Avg:  0.0, Max:  0.0, Diff:  0.0, Sum:  0.0, Workers: 8
[8.247s][debug][gc,phases      ] GC(29)       Merged Sparse:            Min: 0, Avg:  0.0, Max: 0, Diff: 0, Sum: 0, Workers: 8
[8.247s][debug][gc,phases      ] GC(29)       Merged Fine:              Min: 0, Avg:  0.0, Max: 0, Diff: 0, Sum: 0, Workers: 8
[8.247s][debug][gc,phases      ] GC(29)       Merged Coarse:            Min: 0, Avg:  0.0, Max: 0, Diff: 0, Sum: 0, Workers: 8
[8.247s][debug][gc,phases      ] GC(29)       Dirty Cards:              Min: 0, Avg:  0.0, Max: 0, Diff: 0, Sum: 0, Workers: 8
[8.247s][debug][gc,phases      ] GC(29)     Hot Card Cache (ms):      Min:  0.0, Avg:  0.0, Max:  0.0, Diff:  0.0, Sum:  0.0, Workers: 8
[8.247s][debug][gc,phases      ] GC(29)       Dirty Cards:              Min: 0, Avg:  0.0, Max: 0, Diff: 0, Sum: 0, Workers: 8
[8.247s][debug][gc,phases      ] GC(29)       Skipped Cards:            Min: 0, Avg:  0.0, Max: 0, Diff: 0, Sum: 0, Workers: 8
[8.247s][debug][gc,phases      ] GC(29)     Log Buffers (ms):         Min:  0.0, Avg:  0.0, Max:  0.0, Diff:  0.0, Sum:  0.0, Workers: 8
[8.247s][debug][gc,phases      ] GC(29)       Dirty Cards:              Min: 0, Avg:  1.5, Max: 6, Diff: 6, Sum: 12, Workers: 8
[8.247s][debug][gc,phases      ] GC(29)       Skipped Cards:            Min: 0, Avg:  0.0, Max: 0, Diff: 0, Sum: 0, Workers: 8
[8.247s][info ][gc,phases      ] GC(29)   Evacuate Collection Set: 0.2ms
[8.247s][debug][gc,phases      ] GC(29)     Ext Root Scanning (ms):   Min:  0.0, Avg:  0.0, Max:  0.1, Diff:  0.1, Sum:  0.2, Workers: 8
[8.247s][debug][gc,phases      ] GC(29)     Scan Heap Roots (ms):     Min:  0.0, Avg:  0.0, Max:  0.0, Diff:  0.0, Sum:  0.0, Workers: 8
[8.247s][debug][gc,phases      ] GC(29)       Scanned Cards:            Min: 0, Avg:  1.2, Max: 3, Diff: 3, Sum: 10, Workers: 8
[8.247s][debug][gc,phases      ] GC(29)       Scanned Blocks:           Min: 0, Avg:  1.1, Max: 3, Diff: 3, Sum: 9, Workers: 8
[8.247s][debug][gc,phases      ] GC(29)       Claimed Chunks:           Min: 0, Avg:  0.8, Max: 1, Diff: 1, Sum: 6, Workers: 8
[8.247s][debug][gc,phases      ] GC(29)     Code Root Scan (ms):      Min:  0.0, Avg:  0.0, Max:  0.0, Diff:  0.0, Sum:  0.0, Workers: 8
[8.247s][debug][gc,phases      ] GC(29)     Object Copy (ms):         Min:  0.0, Avg:  0.0, Max:  0.0, Diff:  0.0, Sum:  0.0, Workers: 8
[8.247s][debug][gc,phases      ] GC(29)     Termination (ms):         Min:  0.1, Avg:  0.1, Max:  0.1, Diff:  0.0, Sum:  0.5, Workers: 8
[8.247s][debug][gc,phases      ] GC(29)       Termination Attempts:     Min: 1, Avg:  1.0, Max: 1, Diff: 0, Sum: 8, Workers: 8
[8.247s][debug][gc,phases      ] GC(29)     GC Worker Other (ms):     Min:  0.0, Avg:  0.0, Max:  0.0, Diff:  0.0, Sum:  0.1, Workers: 8
[8.247s][debug][gc,phases      ] GC(29)     GC Worker Total (ms):     Min:  0.1, Avg:  0.1, Max:  0.1, Diff:  0.0, Sum:  1.0, Workers: 8
[8.247s][info ][gc,phases      ] GC(29)   Post Evacuate Collection Set: 0.4ms
[8.247s][debug][gc,phases      ] GC(29)     Code Roots Fixup: 0.0ms
[8.247s][debug][gc,phases      ] GC(29)     Clear Card Table: 0.1ms
[8.247s][debug][gc,phases      ] GC(29)     Reference Processing: 0.0ms
[8.247s][debug][gc,phases,ref  ] GC(29)       Reconsider SoftReferences: 0.0ms
[8.247s][debug][gc,phases,ref  ] GC(29)         SoftRef (ms):             skipped
[8.247s][debug][gc,phases,ref  ] GC(29)       Notify Soft/WeakReferences: 0.0ms
[8.247s][debug][gc,phases,ref  ] GC(29)         SoftRef (ms):             skipped
[8.247s][debug][gc,phases,ref  ] GC(29)         WeakRef (ms):             skipped
[8.247s][debug][gc,phases,ref  ] GC(29)         FinalRef (ms):            skipped
[8.247s][debug][gc,phases,ref  ] GC(29)         Total (ms):               skipped
[8.247s][debug][gc,phases,ref  ] GC(29)       Notify and keep alive finalizable: 0.0ms
[8.247s][debug][gc,phases,ref  ] GC(29)         FinalRef (ms):            skipped
[8.247s][debug][gc,phases,ref  ] GC(29)       Notify PhantomReferences: 0.0ms
[8.247s][debug][gc,phases,ref  ] GC(29)         PhantomRef (ms):          skipped
[8.247s][debug][gc,phases,ref  ] GC(29)       SoftReference:
[8.247s][debug][gc,phases,ref  ] GC(29)         Discovered: 0
[8.247s][debug][gc,phases,ref  ] GC(29)         Cleared: 0
[8.247s][debug][gc,phases,ref  ] GC(29)       WeakReference:
[8.247s][debug][gc,phases,ref  ] GC(29)         Discovered: 0
[8.247s][debug][gc,phases,ref  ] GC(29)         Cleared: 0
[8.247s][debug][gc,phases,ref  ] GC(29)       FinalReference:
[8.247s][debug][gc,phases,ref  ] GC(29)         Discovered: 0
[8.247s][debug][gc,phases,ref  ] GC(29)         Cleared: 0
[8.247s][debug][gc,phases,ref  ] GC(29)       PhantomReference:
[8.247s][debug][gc,phases,ref  ] GC(29)         Discovered: 0
[8.247s][debug][gc,phases,ref  ] GC(29)         Cleared: 0
[8.247s][debug][gc,phases      ] GC(29)     Weak Processing: 0.1ms
[8.247s][debug][gc,phases      ] GC(29)       JVMTI weak processing: 0.0ms
[8.247s][debug][gc,phases      ] GC(29)         Dead: 0
[8.247s][debug][gc,phases      ] GC(29)         Total: 0
[8.247s][debug][gc,phases      ] GC(29)       JFR weak processing: 0.0ms
[8.247s][debug][gc,phases      ] GC(29)         Dead: 0
[8.247s][debug][gc,phases      ] GC(29)         Total: 0
[8.247s][debug][gc,phases      ] GC(29)       JNI weak                  Min:  0.0, Avg:  0.0, Max:  0.0, Diff:  0.0, Sum:  0.0, Workers: 5
[8.247s][debug][gc,phases      ] GC(29)         Dead                      Min: 0, Avg:  0.0, Max: 0, Diff: 0, Sum: 0, Workers: 5
[8.247s][debug][gc,phases      ] GC(29)         Total                     Min: 0, Avg: 10.8, Max: 54, Diff: 54, Sum: 54, Workers: 5
[8.247s][debug][gc,phases      ] GC(29)       VM weak                   Min:  0.0, Avg:  0.0, Max:  0.0, Diff:  0.0, Sum:  0.0, Workers: 5
[8.247s][debug][gc,phases      ] GC(29)         Dead                      Min: 0, Avg:  0.0, Max: 0, Diff: 0, Sum: 0, Workers: 5
[8.247s][debug][gc,phases      ] GC(29)         Total                     Min: 0, Avg: 44.0, Max: 128, Diff: 128, Sum: 220, Workers: 5
[8.247s][debug][gc,phases      ] GC(29)       StringTable weak          Min:  0.0, Avg:  0.0, Max:  0.0, Diff:  0.0, Sum:  0.2, Workers: 5
[8.247s][debug][gc,phases      ] GC(29)         Dead                      Min: 0, Avg:  0.0, Max: 0, Diff: 0, Sum: 0, Workers: 5
[8.247s][debug][gc,phases      ] GC(29)         Total                     Min: 192, Avg: 718.2, Max: 1279, Diff: 1087, Sum: 3591, Workers: 5
[8.247s][debug][gc,phases      ] GC(29)       ResolvedMethodTable weak  Min:  0.0, Avg:  0.0, Max:  0.0, Diff:  0.0, Sum:  0.0, Workers: 5
[8.247s][debug][gc,phases      ] GC(29)         Dead                      Min: 0, Avg:  0.0, Max: 0, Diff: 0, Sum: 0, Workers: 5
[8.247s][debug][gc,phases      ] GC(29)         Total                     Min: 64, Avg: 116.6, Max: 192, Diff: 128, Sum: 583, Workers: 5
[8.247s][debug][gc,phases      ] GC(29)     Merge Per-Thread State: 0.0ms
[8.247s][debug][gc,phases      ] GC(29)       Copied Bytes              Min: 24, Avg: 112.0, Max: 344, Diff: 320, Sum: 896, Workers: 8
[8.247s][debug][gc,phases      ] GC(29)       LAB Waste                 Min: 0, Avg:  0.0, Max: 0, Diff: 0, Sum: 0, Workers: 8
[8.247s][debug][gc,phases      ] GC(29)       LAB Undo Waste            Min: 0, Avg:  0.0, Max: 0, Diff: 0, Sum: 0, Workers: 8
[8.247s][debug][gc,phases      ] GC(29)     Code Roots Purge: 0.0ms
[8.247s][debug][gc,phases      ] GC(29)     Redirty Cards: 0.0ms
[8.247s][debug][gc,phases      ] GC(29)     DerivedPointerTable Update: 0.0ms
[8.247s][debug][gc,phases      ] GC(29)     Free Collection Set: 0.1ms
[8.247s][debug][gc,phases      ] GC(29)     Rebuild Free List: 0.0ms
[8.247s][debug][gc,phases      ] GC(29)     Humongous Reclaim: 0.0ms
[8.247s][debug][gc,phases      ] GC(29)     Start New Collection Set: 0.0ms
[8.247s][debug][gc,phases      ] GC(29)     Resize TLABs: 0.0ms
[8.247s][debug][gc,phases      ] GC(29)     Expand Heap After Collection: 0.0ms
[8.247s][info ][gc,phases      ] GC(29)   Other: 0.3ms
[8.247s][info ][gc,heap        ] GC(29) Eden regions: 186->0(186)
[8.247s][info ][gc,heap        ] GC(29) Survivor regions: 1->1(24)
[8.247s][info ][gc,heap        ] GC(29) Old regions: 7->7
[8.247s][info ][gc,heap        ] GC(29) Archive regions: 2->2
[8.247s][info ][gc,heap        ] GC(29) Humongous regions: 0->0
[8.247s][info ][gc,metaspace   ] GC(29) Metaspace: 10385K(10880K)->10385K(10880K) NonClass: 9183K(9472K)->9183K(9472K) Class: 1201K(1408K)->1201K(1408K)
[8.247s][debug][gc,heap        ] GC(29) Heap after GC invocations=30 (full 1): garbage-first heap   total 319488K, used 4078K [0x0000000700000000, 0x0000000800000000)
[8.247s][debug][gc,heap        ] GC(29)   region size 1024K, 1 young (1024K), 1 survivors (1024K)
[8.247s][debug][gc,heap        ] GC(29)  Metaspace       used 10385K, capacity 10712K, committed 10880K, reserved 1058816K
[8.247s][debug][gc,heap        ] GC(29)   class space    used 1201K, capacity 1338K, committed 1408K, reserved 1048576K
[8.247s][info ][gc             ] GC(29) Pause Young (Normal) (G1 Evacuation Pause) 189M->3M(312M) 1.648ms
[8.247s][info ][gc,cpu         ] GC(29) User=0.01s Sys=0.00s Real=0.00s
[8.247s][info ][safepoint      ] Safepoint "G1CollectForAllocation", Time since last: 161051235 ns, Reaching safepoint: 183671 ns, At safepoint: 1828827 ns, Total: 2012498 ns
[8.409s][debug][gc,heap        ] GC(30) Heap before GC invocations=30 (full 1): garbage-first heap   total 319488K, used 194542K [0x0000000700000000, 0x0000000800000000)
[8.409s][debug][gc,heap        ] GC(30)   region size 1024K, 187 young (191488K), 1 survivors (1024K)
[8.409s][debug][gc,heap        ] GC(30)  Metaspace       used 10385K, capacity 10712K, committed 10880K, reserved 1058816K
[8.409s][debug][gc,heap        ] GC(30)   class space    used 1201K, capacity 1338K, committed 1408K, reserved 1048576K
[8.409s][info ][gc,start       ] GC(30) Pause Young (Normal) (G1 Evacuation Pause)
[8.409s][info ][gc,task        ] GC(30) Using 8 workers of 8 for evacuation
[8.409s][debug][gc,tlab        ] GC(30) TLAB totals: thrds: 8  refills: 752 max: 109 slow allocs: 0 max 0 waste:  0.8% gc: 1171024B max: 319632B slow: 433816B max: 63208B fast: 0B max: 0B
[8.409s][debug][gc,age         ] GC(30) Desired survivor size 12582912 bytes, new threshold 15 (max threshold 15)
[8.409s][debug][gc,alloc,region] GC(30) Mutator Allocation stats, regions: 186, wasted size: 0B ( 0.0%)
[8.409s][debug][gc,ergo        ] GC(30) Running G1 Merge Heap Roots using 8 workers for 187 regions
[8.409s][debug][gc,remset      ] GC(30) Visited cards 1536 Total dirty 10240 (15.00%) Total old 784384 (0.20%)
[8.410s][debug][gc,ergo        ] GC(30) Running G1 Clear Card Table Task using 1 workers for 1 units of work for 192 regions.
[8.410s][debug][gc,ref         ] GC(30) Skipped phase1 of Reference Processing due to unavailable references
[8.410s][debug][gc,ref         ] GC(30) Skipped phase2 of Reference Processing due to unavailable references
[8.410s][debug][gc,ref         ] GC(30) Skipped phase3 of Reference Processing due to unavailable references
[8.410s][debug][gc,ref         ] GC(30) Skipped phase4 of Reference Processing due to unavailable references
[8.410s][debug][gc,ergo        ] GC(30) Running G1 Free Collection Set using 8 workers for collection set length 187 (312)
[8.410s][debug][gc,ergo        ] GC(30) Running G1 Rebuild Free List Task using 8 workers for rebuilding free list of 0 (4096) regions
[8.410s][trace][gc,age         ] GC(30) Age table with threshold 15 (max threshold 15)
[8.410s][trace][gc,age         ] GC(30) - age   1:        504 bytes,        504 total
[8.410s][trace][gc,age         ] GC(30) - age   4:        208 bytes,        712 total
[8.410s][trace][gc,age         ] GC(30) - age   9:         64 bytes,        776 total
[8.410s][trace][gc,age         ] GC(30) - age  12:         64 bytes,        840 total
[8.410s][trace][gc,age         ] GC(30) - age  15:         32 bytes,        872 total
[8.410s][debug][gc,plab        ] GC(30) Young PLAB allocation: allocated: 16512B, wasted: 0B, unused: 15640B, used: 872B, undo waste: 0B, 
[8.410s][debug][gc,plab        ] GC(30) Young other allocation: region end waste: 0B, regions filled: 1, direct allocated: 0B, failure used: 0B, failure wasted: 0B
[8.410s][debug][gc,plab        ] GC(30) Young sizing: calculated: 168B, actual: 2064B
[8.410s][debug][gc,plab        ] GC(30) Old PLAB allocation: allocated: 0B, wasted: 0B, unused: 0B, used: 0B, undo waste: 0B, 
[8.410s][debug][gc,plab        ] GC(30) Old other allocation: region end waste: 0B, regions filled: 1, direct allocated: 0B, failure used: 0B, failure wasted: 0B
[8.410s][debug][gc,plab        ] GC(30) Old sizing: calculated: 0B, actual: 2064B
[8.410s][debug][gc,ihop        ] GC(30) Basic information (value update), threshold: 147220070B (45.00), target occupancy: 327155712B, current occupancy: 4176072B, recent allocation size: 0B, recent allocation duration: 162.67ms, recent old gen allocation rate: 0.00B/s, recent marking phase length: 0.00ms
[8.410s][debug][gc,ihop        ] GC(30) Adaptive IHOP information (value update), threshold: 147220070B (47.37), internal target occupancy: 310797926B, occupancy: 4176072B, additional buffer size: 196083712B, predicted old gen allocation rate: 43841.61B/s, predicted marking phase length: 0.00ms, prediction active: false
[8.410s][debug][gc,ergo,refine ] GC(30) Concurrent refinement times: Logged Cards Scan time goal: 20.00ms Logged Cards Scan time: 0.00ms HCC time: 0.00ms
[8.410s][debug][gc,ergo,refine ] GC(30) Updated Refinement Zones: green: 2048, yellow: 6144, red: 10240
[8.410s][info ][gc,phases      ] GC(30)   Pre Evacuate Collection Set: 0.1ms
[8.410s][debug][gc,phases      ] GC(30)     Prepare TLABs: 0.0ms
[8.410s][debug][gc,phases      ] GC(30)     Choose Collection Set: 0.0ms
[8.410s][debug][gc,phases      ] GC(30)     Region Register: 0.1ms
[8.410s][debug][gc,phases      ] GC(30)     Prepare Heap Roots: 0.0ms
[8.410s][info ][gc,phases      ] GC(30)   Merge Heap Roots: 0.1ms
[8.410s][debug][gc,phases      ] GC(30)     Prepare Merge Heap Roots: 0.0ms
[8.410s][debug][gc,phases      ] GC(30)     Eager Reclaim (ms):       skipped
[8.410s][debug][gc,phases      ] GC(30)     Remembered Sets (ms):     Min:  0.0, Avg:  0.0, Max:  0.0, Diff:  0.0, Sum:  0.0, Workers: 8
[8.410s][debug][gc,phases      ] GC(30)       Merged Sparse:            Min: 0, Avg:  0.0, Max: 0, Diff: 0, Sum: 0, Workers: 8
[8.410s][debug][gc,phases      ] GC(30)       Merged Fine:              Min: 0, Avg:  0.0, Max: 0, Diff: 0, Sum: 0, Workers: 8
[8.410s][debug][gc,phases      ] GC(30)       Merged Coarse:            Min: 0, Avg:  0.0, Max: 0, Diff: 0, Sum: 0, Workers: 8
[8.410s][debug][gc,phases      ] GC(30)       Dirty Cards:              Min: 0, Avg:  0.0, Max: 0, Diff: 0, Sum: 0, Workers: 8
[8.410s][debug][gc,phases      ] GC(30)     Hot Card Cache (ms):      Min:  0.0, Avg:  0.0, Max:  0.0, Diff:  0.0, Sum:  0.0, Workers: 8
[8.410s][debug][gc,phases      ] GC(30)       Dirty Cards:              Min: 0, Avg:  0.0, Max: 0, Diff: 0, Sum: 0, Workers: 8
[8.410s][debug][gc,phases      ] GC(30)       Skipped Cards:            Min: 0, Avg:  0.0, Max: 0, Diff: 0, Sum: 0, Workers: 8
[8.410s][debug][gc,phases      ] GC(30)     Log Buffers (ms):         Min:  0.0, Avg:  0.0, Max:  0.0, Diff:  0.0, Sum:  0.0, Workers: 8
[8.410s][debug][gc,phases      ] GC(30)       Dirty Cards:              Min: 0, Avg:  1.6, Max: 8, Diff: 8, Sum: 13, Workers: 8
[8.410s][debug][gc,phases      ] GC(30)       Skipped Cards:            Min: 0, Avg:  0.0, Max: 0, Diff: 0, Sum: 0, Workers: 8
[8.410s][info ][gc,phases      ] GC(30)   Evacuate Collection Set: 0.1ms
[8.410s][debug][gc,phases      ] GC(30)     Ext Root Scanning (ms):   Min:  0.0, Avg:  0.0, Max:  0.1, Diff:  0.1, Sum:  0.2, Workers: 8
[8.410s][debug][gc,phases      ] GC(30)     Scan Heap Roots (ms):     Min:  0.0, Avg:  0.0, Max:  0.0, Diff:  0.0, Sum:  0.0, Workers: 8
[8.410s][debug][gc,phases      ] GC(30)       Scanned Cards:            Min: 0, Avg:  1.2, Max: 3, Diff: 3, Sum: 10, Workers: 8
[8.410s][debug][gc,phases      ] GC(30)       Scanned Blocks:           Min: 0, Avg:  1.1, Max: 3, Diff: 3, Sum: 9, Workers: 8
[8.410s][debug][gc,phases      ] GC(30)       Claimed Chunks:           Min: 0, Avg:  0.8, Max: 2, Diff: 2, Sum: 6, Workers: 8
[8.410s][debug][gc,phases      ] GC(30)     Code Root Scan (ms):      Min:  0.0, Avg:  0.0, Max:  0.0, Diff:  0.0, Sum:  0.0, Workers: 8
[8.410s][debug][gc,phases      ] GC(30)     Object Copy (ms):         Min:  0.0, Avg:  0.0, Max:  0.0, Diff:  0.0, Sum:  0.0, Workers: 8
[8.410s][debug][gc,phases      ] GC(30)     Termination (ms):         Min:  0.0, Avg:  0.0, Max:  0.1, Diff:  0.0, Sum:  0.4, Workers: 8
[8.410s][debug][gc,phases      ] GC(30)       Termination Attempts:     Min: 1, Avg:  1.0, Max: 1, Diff: 0, Sum: 8, Workers: 8
[8.410s][debug][gc,phases      ] GC(30)     GC Worker Other (ms):     Min:  0.0, Avg:  0.0, Max:  0.0, Diff:  0.0, Sum:  0.1, Workers: 8
[8.410s][debug][gc,phases      ] GC(30)     GC Worker Total (ms):     Min:  0.1, Avg:  0.1, Max:  0.1, Diff:  0.0, Sum:  0.8, Workers: 8
[8.410s][info ][gc,phases      ] GC(30)   Post Evacuate Collection Set: 0.4ms
[8.410s][debug][gc,phases      ] GC(30)     Code Roots Fixup: 0.0ms
[8.410s][debug][gc,phases      ] GC(30)     Clear Card Table: 0.1ms
[8.410s][debug][gc,phases      ] GC(30)     Reference Processing: 0.0ms
[8.410s][debug][gc,phases,ref  ] GC(30)       Reconsider SoftReferences: 0.0ms
[8.410s][debug][gc,phases,ref  ] GC(30)         SoftRef (ms):             skipped
[8.410s][debug][gc,phases,ref  ] GC(30)       Notify Soft/WeakReferences: 0.0ms
[8.410s][debug][gc,phases,ref  ] GC(30)         SoftRef (ms):             skipped
[8.410s][debug][gc,phases,ref  ] GC(30)         WeakRef (ms):             skipped
[8.410s][debug][gc,phases,ref  ] GC(30)         FinalRef (ms):            skipped
[8.410s][debug][gc,phases,ref  ] GC(30)         Total (ms):               skipped
[8.410s][debug][gc,phases,ref  ] GC(30)       Notify and keep alive finalizable: 0.0ms
[8.410s][debug][gc,phases,ref  ] GC(30)         FinalRef (ms):            skipped
[8.410s][debug][gc,phases,ref  ] GC(30)       Notify PhantomReferences: 0.0ms
[8.410s][debug][gc,phases,ref  ] GC(30)         PhantomRef (ms):          skipped
[8.410s][debug][gc,phases,ref  ] GC(30)       SoftReference:
[8.410s][debug][gc,phases,ref  ] GC(30)         Discovered: 0
[8.410s][debug][gc,phases,ref  ] GC(30)         Cleared: 0
[8.410s][debug][gc,phases,ref  ] GC(30)       WeakReference:
[8.410s][debug][gc,phases,ref  ] GC(30)         Discovered: 0
[8.410s][debug][gc,phases,ref  ] GC(30)         Cleared: 0
[8.410s][debug][gc,phases,ref  ] GC(30)       FinalReference:
[8.410s][debug][gc,phases,ref  ] GC(30)         Discovered: 0
[8.410s][debug][gc,phases,ref  ] GC(30)         Cleared: 0
[8.410s][debug][gc,phases,ref  ] GC(30)       PhantomReference:
[8.410s][debug][gc,phases,ref  ] GC(30)         Discovered: 0
[8.410s][debug][gc,phases,ref  ] GC(30)         Cleared: 0
[8.410s][debug][gc,phases      ] GC(30)     Weak Processing: 0.1ms
[8.410s][debug][gc,phases      ] GC(30)       JVMTI weak processing: 0.0ms
[8.410s][debug][gc,phases      ] GC(30)         Dead: 0
[8.411s][debug][gc,phases      ] GC(30)         Total: 0
[8.411s][debug][gc,phases      ] GC(30)       JFR weak processing: 0.0ms
[8.411s][debug][gc,phases      ] GC(30)         Dead: 0
[8.411s][debug][gc,phases      ] GC(30)         Total: 0
[8.411s][debug][gc,phases      ] GC(30)       JNI weak                  Min:  0.0, Avg:  0.0, Max:  0.0, Diff:  0.0, Sum:  0.0, Workers: 5
[8.411s][debug][gc,phases      ] GC(30)         Dead                      Min: 0, Avg:  0.0, Max: 0, Diff: 0, Sum: 0, Workers: 5
[8.411s][debug][gc,phases      ] GC(30)         Total                     Min: 0, Avg: 10.8, Max: 50, Diff: 50, Sum: 54, Workers: 5
[8.411s][debug][gc,phases      ] GC(30)       VM weak                   Min:  0.0, Avg:  0.0, Max:  0.0, Diff:  0.0, Sum:  0.0, Workers: 5
[8.411s][debug][gc,phases      ] GC(30)         Dead                      Min: 0, Avg:  0.0, Max: 0, Diff: 0, Sum: 0, Workers: 5
[8.411s][debug][gc,phases      ] GC(30)         Total                     Min: 0, Avg: 44.0, Max: 128, Diff: 128, Sum: 220, Workers: 5
[8.411s][debug][gc,phases      ] GC(30)       StringTable weak          Min:  0.0, Avg:  0.0, Max:  0.0, Diff:  0.0, Sum:  0.1, Workers: 5
[8.411s][debug][gc,phases      ] GC(30)         Dead                      Min: 0, Avg:  0.0, Max: 0, Diff: 0, Sum: 0, Workers: 5
[8.411s][debug][gc,phases      ] GC(30)         Total                     Min: 0, Avg: 718.2, Max: 1023, Diff: 1023, Sum: 3591, Workers: 5
[8.411s][debug][gc,phases      ] GC(30)       ResolvedMethodTable weak  Min:  0.0, Avg:  0.0, Max:  0.0, Diff:  0.0, Sum:  0.0, Workers: 5
[8.411s][debug][gc,phases      ] GC(30)         Dead                      Min: 0, Avg:  0.0, Max: 0, Diff: 0, Sum: 0, Workers: 5
[8.411s][debug][gc,phases      ] GC(30)         Total                     Min: 0, Avg: 116.6, Max: 192, Diff: 192, Sum: 583, Workers: 5
[8.411s][debug][gc,phases      ] GC(30)     Merge Per-Thread State: 0.0ms
[8.411s][debug][gc,phases      ] GC(30)       Copied Bytes              Min: 32, Avg: 109.0, Max: 240, Diff: 208, Sum: 872, Workers: 8
[8.411s][debug][gc,phases      ] GC(30)       LAB Waste                 Min: 0, Avg:  0.0, Max: 0, Diff: 0, Sum: 0, Workers: 8
[8.411s][debug][gc,phases      ] GC(30)       LAB Undo Waste            Min: 0, Avg:  0.0, Max: 0, Diff: 0, Sum: 0, Workers: 8
[8.411s][debug][gc,phases      ] GC(30)     Code Roots Purge: 0.0ms
[8.411s][debug][gc,phases      ] GC(30)     Redirty Cards: 0.0ms
[8.411s][debug][gc,phases      ] GC(30)     DerivedPointerTable Update: 0.0ms
[8.411s][debug][gc,phases      ] GC(30)     Free Collection Set: 0.1ms
[8.411s][debug][gc,phases      ] GC(30)     Rebuild Free List: 0.1ms
[8.411s][debug][gc,phases      ] GC(30)     Humongous Reclaim: 0.0ms
[8.411s][debug][gc,phases      ] GC(30)     Start New Collection Set: 0.0ms
[8.411s][debug][gc,phases      ] GC(30)     Resize TLABs: 0.0ms
[8.411s][debug][gc,phases      ] GC(30)     Expand Heap After Collection: 0.0ms
[8.411s][info ][gc,phases      ] GC(30)   Other: 0.3ms
[8.411s][info ][gc,heap        ] GC(30) Eden regions: 186->0(186)
[8.411s][info ][gc,heap        ] GC(30) Survivor regions: 1->1(24)
[8.411s][info ][gc,heap        ] GC(30) Old regions: 7->7
[8.411s][info ][gc,heap        ] GC(30) Archive regions: 2->2
[8.411s][info ][gc,heap        ] GC(30) Humongous regions: 0->0
[8.411s][info ][gc,metaspace   ] GC(30) Metaspace: 10385K(10880K)->10385K(10880K) NonClass: 9183K(9472K)->9183K(9472K) Class: 1201K(1408K)->1201K(1408K)
[8.411s][debug][gc,heap        ] GC(30) Heap after GC invocations=31 (full 1): garbage-first heap   total 319488K, used 4078K [0x0000000700000000, 0x0000000800000000)
[8.411s][debug][gc,heap        ] GC(30)   region size 1024K, 1 young (1024K), 1 survivors (1024K)
[8.411s][debug][gc,heap        ] GC(30)  Metaspace       used 10385K, capacity 10712K, committed 10880K, reserved 1058816K
[8.411s][debug][gc,heap        ] GC(30)   class space    used 1201K, capacity 1338K, committed 1408K, reserved 1048576K
[8.411s][info ][gc             ] GC(30) Pause Young (Normal) (G1 Evacuation Pause) 189M->3M(312M) 1.545ms
[8.411s][info ][gc,cpu         ] GC(30) User=0.00s Sys=0.00s Real=0.00s
[8.411s][info ][safepoint      ] Safepoint "G1CollectForAllocation", Time since last: 161568679 ns, Reaching safepoint: 159289 ns, At safepoint: 1741836 ns, Total: 1901125 ns
[8.572s][debug][gc,heap        ] GC(31) Heap before GC invocations=31 (full 1): garbage-first heap   total 319488K, used 194542K [0x0000000700000000, 0x0000000800000000)
[8.572s][debug][gc,heap        ] GC(31)   region size 1024K, 187 young (191488K), 1 survivors (1024K)
[8.572s][debug][gc,heap        ] GC(31)  Metaspace       used 10385K, capacity 10712K, committed 10880K, reserved 1058816K
[8.572s][debug][gc,heap        ] GC(31)   class space    used 1201K, capacity 1338K, committed 1408K, reserved 1048576K
[8.572s][info ][gc,start       ] GC(31) Pause Young (Normal) (G1 Evacuation Pause)
[8.572s][info ][gc,task        ] GC(31) Using 8 workers of 8 for evacuation
[8.572s][debug][gc,tlab        ] GC(31) TLAB totals: thrds: 8  refills: 747 max: 101 slow allocs: 0 max 0 waste:  0.7% gc: 923880B max: 320112B slow: 432248B max: 58432B fast: 0B max: 0B
[8.572s][debug][gc,age         ] GC(31) Desired survivor size 12582912 bytes, new threshold 15 (max threshold 15)
[8.572s][debug][gc,alloc,region] GC(31) Mutator Allocation stats, regions: 186, wasted size: 0B ( 0.0%)
[8.572s][debug][gc,ergo        ] GC(31) Running G1 Merge Heap Roots using 8 workers for 187 regions
[8.572s][debug][gc,remset      ] GC(31) Visited cards 1536 Total dirty 10240 (15.00%) Total old 784384 (0.20%)
[8.573s][debug][gc,ergo        ] GC(31) Running G1 Clear Card Table Task using 1 workers for 1 units of work for 192 regions.
[8.573s][debug][gc,ref         ] GC(31) Skipped phase1 of Reference Processing due to unavailable references
[8.573s][debug][gc,ref         ] GC(31) Skipped phase2 of Reference Processing due to unavailable references
[8.573s][debug][gc,ref         ] GC(31) Skipped phase3 of Reference Processing due to unavailable references
[8.573s][debug][gc,ref         ] GC(31) Skipped phase4 of Reference Processing due to unavailable references
[8.573s][debug][gc,ergo        ] GC(31) Running G1 Free Collection Set using 8 workers for collection set length 187 (312)
[8.573s][debug][gc,ergo        ] GC(31) Running G1 Rebuild Free List Task using 8 workers for rebuilding free list of 0 (4096) regions
[8.573s][trace][gc,age         ] GC(31) Age table with threshold 15 (max threshold 15)
[8.573s][trace][gc,age         ] GC(31) - age   1:        504 bytes,        504 total
[8.573s][trace][gc,age         ] GC(31) - age   5:        208 bytes,        712 total
[8.573s][trace][gc,age         ] GC(31) - age  10:         64 bytes,        776 total
[8.573s][trace][gc,age         ] GC(31) - age  13:         64 bytes,        840 total
[8.573s][debug][gc,plab        ] GC(31) Young PLAB allocation: allocated: 14448B, wasted: 0B, unused: 13608B, used: 840B, undo waste: 0B, 
[8.573s][debug][gc,plab        ] GC(31) Young other allocation: region end waste: 0B, regions filled: 1, direct allocated: 0B, failure used: 0B, failure wasted: 0B
[8.573s][debug][gc,plab        ] GC(31) Young sizing: calculated: 168B, actual: 2064B
[8.573s][debug][gc,plab        ] GC(31) Old PLAB allocation: allocated: 2064B, wasted: 0B, unused: 2032B, used: 32B, undo waste: 0B, 
[8.573s][debug][gc,plab        ] GC(31) Old other allocation: region end waste: 0B, regions filled: 1, direct allocated: 0B, failure used: 0B, failure wasted: 0B
[8.573s][debug][gc,plab        ] GC(31) Old sizing: calculated: 0B, actual: 2064B
[8.573s][debug][gc,ihop        ] GC(31) Basic information (value update), threshold: 147220070B (45.00), target occupancy: 327155712B, current occupancy: 4176568B, recent allocation size: 2064B, recent allocation duration: 162.08ms, recent old gen allocation rate: 12734.75B/s, recent marking phase length: 0.00ms
[8.573s][debug][gc,ihop        ] GC(31) Adaptive IHOP information (value update), threshold: 147220070B (47.37), internal target occupancy: 310797926B, occupancy: 4176568B, additional buffer size: 196083712B, predicted old gen allocation rate: 43027.26B/s, predicted marking phase length: 0.00ms, prediction active: false
[8.573s][debug][gc,ergo,refine ] GC(31) Concurrent refinement times: Logged Cards Scan time goal: 20.00ms Logged Cards Scan time: 0.00ms HCC time: 0.00ms
[8.573s][debug][gc,ergo,refine ] GC(31) Updated Refinement Zones: green: 2048, yellow: 6144, red: 10240
[8.573s][info ][gc,phases      ] GC(31)   Pre Evacuate Collection Set: 0.1ms
[8.573s][debug][gc,phases      ] GC(31)     Prepare TLABs: 0.0ms
[8.573s][debug][gc,phases      ] GC(31)     Choose Collection Set: 0.0ms
[8.573s][debug][gc,phases      ] GC(31)     Region Register: 0.1ms
[8.573s][debug][gc,phases      ] GC(31)     Prepare Heap Roots: 0.0ms
[8.573s][info ][gc,phases      ] GC(31)   Merge Heap Roots: 0.1ms
[8.573s][debug][gc,phases      ] GC(31)     Prepare Merge Heap Roots: 0.0ms
[8.573s][debug][gc,phases      ] GC(31)     Eager Reclaim (ms):       skipped
[8.573s][debug][gc,phases      ] GC(31)     Remembered Sets (ms):     Min:  0.0, Avg:  0.0, Max:  0.0, Diff:  0.0, Sum:  0.0, Workers: 8
[8.573s][debug][gc,phases      ] GC(31)       Merged Sparse:            Min: 0, Avg:  0.0, Max: 0, Diff: 0, Sum: 0, Workers: 8
[8.573s][debug][gc,phases      ] GC(31)       Merged Fine:              Min: 0, Avg:  0.0, Max: 0, Diff: 0, Sum: 0, Workers: 8
[8.573s][debug][gc,phases      ] GC(31)       Merged Coarse:            Min: 0, Avg:  0.0, Max: 0, Diff: 0, Sum: 0, Workers: 8
[8.573s][debug][gc,phases      ] GC(31)       Dirty Cards:              Min: 0, Avg:  0.0, Max: 0, Diff: 0, Sum: 0, Workers: 8
[8.573s][debug][gc,phases      ] GC(31)     Hot Card Cache (ms):      Min:  0.0, Avg:  0.0, Max:  0.0, Diff:  0.0, Sum:  0.0, Workers: 8
[8.573s][debug][gc,phases      ] GC(31)       Dirty Cards:              Min: 0, Avg:  0.0, Max: 0, Diff: 0, Sum: 0, Workers: 8
[8.573s][debug][gc,phases      ] GC(31)       Skipped Cards:            Min: 0, Avg:  0.0, Max: 0, Diff: 0, Sum: 0, Workers: 8
[8.573s][debug][gc,phases      ] GC(31)     Log Buffers (ms):         Min:  0.0, Avg:  0.0, Max:  0.0, Diff:  0.0, Sum:  0.0, Workers: 8
[8.573s][debug][gc,phases      ] GC(31)       Dirty Cards:              Min: 0, Avg:  1.4, Max: 10, Diff: 10, Sum: 11, Workers: 8
[8.573s][debug][gc,phases      ] GC(31)       Skipped Cards:            Min: 0, Avg:  0.0, Max: 0, Diff: 0, Sum: 0, Workers: 8
[8.573s][info ][gc,phases      ] GC(31)   Evacuate Collection Set: 0.2ms
[8.573s][debug][gc,phases      ] GC(31)     Ext Root Scanning (ms):   Min:  0.0, Avg:  0.0, Max:  0.1, Diff:  0.1, Sum:  0.2, Workers: 8
[8.573s][debug][gc,phases      ] GC(31)     Scan Heap Roots (ms):     Min:  0.0, Avg:  0.0, Max:  0.0, Diff:  0.0, Sum:  0.0, Workers: 8
[8.573s][debug][gc,phases      ] GC(31)       Scanned Cards:            Min: 0, Avg:  1.2, Max: 3, Diff: 3, Sum: 10, Workers: 8
[8.573s][debug][gc,phases      ] GC(31)       Scanned Blocks:           Min: 0, Avg:  1.1, Max: 3, Diff: 3, Sum: 9, Workers: 8
[8.573s][debug][gc,phases      ] GC(31)       Claimed Chunks:           Min: 0, Avg:  0.8, Max: 1, Diff: 1, Sum: 6, Workers: 8
[8.573s][debug][gc,phases      ] GC(31)     Code Root Scan (ms):      Min:  0.0, Avg:  0.0, Max:  0.0, Diff:  0.0, Sum:  0.0, Workers: 8
[8.573s][debug][gc,phases      ] GC(31)     Object Copy (ms):         Min:  0.0, Avg:  0.0, Max:  0.0, Diff:  0.0, Sum:  0.0, Workers: 8
[8.573s][debug][gc,phases      ] GC(31)     Termination (ms):         Min:  0.0, Avg:  0.1, Max:  0.1, Diff:  0.0, Sum:  0.4, Workers: 8
[8.573s][debug][gc,phases      ] GC(31)       Termination Attempts:     Min: 1, Avg:  1.0, Max: 1, Diff: 0, Sum: 8, Workers: 8
[8.573s][debug][gc,phases      ] GC(31)     GC Worker Other (ms):     Min:  0.0, Avg:  0.0, Max:  0.0, Diff:  0.0, Sum:  0.1, Workers: 8
[8.573s][debug][gc,phases      ] GC(31)     GC Worker Total (ms):     Min:  0.1, Avg:  0.1, Max:  0.1, Diff:  0.1, Sum:  0.9, Workers: 8
[8.573s][info ][gc,phases      ] GC(31)   Post Evacuate Collection Set: 0.3ms
[8.573s][debug][gc,phases      ] GC(31)     Code Roots Fixup: 0.0ms
[8.573s][debug][gc,phases      ] GC(31)     Clear Card Table: 0.1ms
[8.573s][debug][gc,phases      ] GC(31)     Reference Processing: 0.0ms
[8.573s][debug][gc,phases,ref  ] GC(31)       Reconsider SoftReferences: 0.0ms
[8.573s][debug][gc,phases,ref  ] GC(31)         SoftRef (ms):             skipped
[8.573s][debug][gc,phases,ref  ] GC(31)       Notify Soft/WeakReferences: 0.0ms
[8.573s][debug][gc,phases,ref  ] GC(31)         SoftRef (ms):             skipped
[8.573s][debug][gc,phases,ref  ] GC(31)         WeakRef (ms):             skipped
[8.573s][debug][gc,phases,ref  ] GC(31)         FinalRef (ms):            skipped
[8.573s][debug][gc,phases,ref  ] GC(31)         Total (ms):               skipped
[8.573s][debug][gc,phases,ref  ] GC(31)       Notify and keep alive finalizable: 0.0ms
[8.573s][debug][gc,phases,ref  ] GC(31)         FinalRef (ms):            skipped
[8.573s][debug][gc,phases,ref  ] GC(31)       Notify PhantomReferences: 0.0ms
[8.573s][debug][gc,phases,ref  ] GC(31)         PhantomRef (ms):          skipped
[8.573s][debug][gc,phases,ref  ] GC(31)       SoftReference:
[8.573s][debug][gc,phases,ref  ] GC(31)         Discovered: 0
[8.573s][debug][gc,phases,ref  ] GC(31)         Cleared: 0
[8.573s][debug][gc,phases,ref  ] GC(31)       WeakReference:
[8.573s][debug][gc,phases,ref  ] GC(31)         Discovered: 0
[8.573s][debug][gc,phases,ref  ] GC(31)         Cleared: 0
[8.573s][debug][gc,phases,ref  ] GC(31)       FinalReference:
[8.573s][debug][gc,phases,ref  ] GC(31)         Discovered: 0
[8.573s][debug][gc,phases,ref  ] GC(31)         Cleared: 0
[8.573s][debug][gc,phases,ref  ] GC(31)       PhantomReference:
[8.573s][debug][gc,phases,ref  ] GC(31)         Discovered: 0
[8.573s][debug][gc,phases,ref  ] GC(31)         Cleared: 0
[8.573s][debug][gc,phases      ] GC(31)     Weak Processing: 0.0ms
[8.573s][debug][gc,phases      ] GC(31)       JVMTI weak processing: 0.0ms
[8.573s][debug][gc,phases      ] GC(31)         Dead: 0
[8.573s][debug][gc,phases      ] GC(31)         Total: 0
[8.573s][debug][gc,phases      ] GC(31)       JFR weak processing: 0.0ms
[8.573s][debug][gc,phases      ] GC(31)         Dead: 0
[8.573s][debug][gc,phases      ] GC(31)         Total: 0
[8.573s][debug][gc,phases      ] GC(31)       JNI weak                  Min:  0.0, Avg:  0.0, Max:  0.0, Diff:  0.0, Sum:  0.0, Workers: 5
[8.573s][debug][gc,phases      ] GC(31)         Dead                      Min: 0, Avg:  0.0, Max: 0, Diff: 0, Sum: 0, Workers: 5
[8.573s][debug][gc,phases      ] GC(31)         Total                     Min: 0, Avg: 10.8, Max: 50, Diff: 50, Sum: 54, Workers: 5
[8.573s][debug][gc,phases      ] GC(31)       VM weak                   Min:  0.0, Avg:  0.0, Max:  0.0, Diff:  0.0, Sum:  0.0, Workers: 5
[8.573s][debug][gc,phases      ] GC(31)         Dead                      Min: 0, Avg:  0.0, Max: 0, Diff: 0, Sum: 0, Workers: 5
[8.573s][debug][gc,phases      ] GC(31)         Total                     Min: 0, Avg: 44.0, Max: 128, Diff: 128, Sum: 220, Workers: 5
[8.573s][debug][gc,phases      ] GC(31)       StringTable weak          Min:  0.0, Avg:  0.0, Max:  0.0, Diff:  0.0, Sum:  0.1, Workers: 5
[8.573s][debug][gc,phases      ] GC(31)         Dead                      Min: 0, Avg:  0.0, Max: 0, Diff: 0, Sum: 0, Workers: 5
[8.573s][debug][gc,phases      ] GC(31)         Total                     Min: 0, Avg: 718.2, Max: 1024, Diff: 1024, Sum: 3591, Workers: 5
[8.573s][debug][gc,phases      ] GC(31)       ResolvedMethodTable weak  Min:  0.0, Avg:  0.0, Max:  0.0, Diff:  0.0, Sum:  0.0, Workers: 5
[8.573s][debug][gc,phases      ] GC(31)         Dead                      Min: 0, Avg:  0.0, Max: 0, Diff: 0, Sum: 0, Workers: 5
[8.573s][debug][gc,phases      ] GC(31)         Total                     Min: 0, Avg: 116.6, Max: 192, Diff: 192, Sum: 583, Workers: 5
[8.573s][debug][gc,phases      ] GC(31)     Merge Per-Thread State: 0.0ms
[8.573s][debug][gc,phases      ] GC(31)       Copied Bytes              Min: 0, Avg: 109.0, Max: 240, Diff: 240, Sum: 872, Workers: 8
[8.573s][debug][gc,phases      ] GC(31)       LAB Waste                 Min: 0, Avg:  0.0, Max: 0, Diff: 0, Sum: 0, Workers: 8
[8.573s][debug][gc,phases      ] GC(31)       LAB Undo Waste            Min: 0, Avg:  0.0, Max: 0, Diff: 0, Sum: 0, Workers: 8
[8.573s][debug][gc,phases      ] GC(31)     Code Roots Purge: 0.0ms
[8.573s][debug][gc,phases      ] GC(31)     Redirty Cards: 0.0ms
[8.573s][debug][gc,phases      ] GC(31)     DerivedPointerTable Update: 0.0ms
[8.573s][debug][gc,phases      ] GC(31)     Free Collection Set: 0.1ms
[8.573s][debug][gc,phases      ] GC(31)     Rebuild Free List: 0.0ms
[8.573s][debug][gc,phases      ] GC(31)     Humongous Reclaim: 0.0ms
[8.573s][debug][gc,phases      ] GC(31)     Start New Collection Set: 0.0ms
[8.573s][debug][gc,phases      ] GC(31)     Resize TLABs: 0.0ms
[8.573s][debug][gc,phases      ] GC(31)     Expand Heap After Collection: 0.0ms
[8.573s][info ][gc,phases      ] GC(31)   Other: 0.3ms
[8.574s][info ][gc,heap        ] GC(31) Eden regions: 186->0(186)
[8.574s][info ][gc,heap        ] GC(31) Survivor regions: 1->1(24)
[8.574s][info ][gc,heap        ] GC(31) Old regions: 7->7
[8.574s][info ][gc,heap        ] GC(31) Archive regions: 2->2
[8.574s][info ][gc,heap        ] GC(31) Humongous regions: 0->0
[8.574s][info ][gc,metaspace   ] GC(31) Metaspace: 10385K(10880K)->10385K(10880K) NonClass: 9183K(9472K)->9183K(9472K) Class: 1201K(1408K)->1201K(1408K)
[8.574s][debug][gc,heap        ] GC(31) Heap after GC invocations=32 (full 1): garbage-first heap   total 319488K, used 4078K [0x0000000700000000, 0x0000000800000000)
[8.574s][debug][gc,heap        ] GC(31)   region size 1024K, 1 young (1024K), 1 survivors (1024K)
[8.574s][debug][gc,heap        ] GC(31)  Metaspace       used 10385K, capacity 10712K, committed 10880K, reserved 1058816K
[8.574s][debug][gc,heap        ] GC(31)   class space    used 1201K, capacity 1338K, committed 1408K, reserved 1048576K
[8.574s][info ][gc             ] GC(31) Pause Young (Normal) (G1 Evacuation Pause) 189M->3M(312M) 1.404ms
[8.574s][info ][gc,cpu         ] GC(31) User=0.00s Sys=0.00s Real=0.00s
[8.574s][info ][safepoint      ] Safepoint "G1CollectForAllocation", Time since last: 161109607 ns, Reaching safepoint: 132894 ns, At safepoint: 1560260 ns, Total: 1693154 ns
[8.734s][debug][gc,heap        ] GC(32) Heap before GC invocations=32 (full 1): garbage-first heap   total 319488K, used 194542K [0x0000000700000000, 0x0000000800000000)
[8.734s][debug][gc,heap        ] GC(32)   region size 1024K, 187 young (191488K), 1 survivors (1024K)
[8.734s][debug][gc,heap        ] GC(32)  Metaspace       used 10385K, capacity 10712K, committed 10880K, reserved 1058816K
[8.734s][debug][gc,heap        ] GC(32)   class space    used 1201K, capacity 1338K, committed 1408K, reserved 1048576K
[8.734s][info ][gc,start       ] GC(32) Pause Young (Normal) (G1 Evacuation Pause)
[8.734s][info ][gc,task        ] GC(32) Using 8 workers of 8 for evacuation
[8.734s][debug][gc,tlab        ] GC(32) TLAB totals: thrds: 8  refills: 748 max: 99 slow allocs: 0 max 0 waste:  0.8% gc: 1178032B max: 424120B slow: 432824B max: 57296B fast: 0B max: 0B
[8.734s][debug][gc,age         ] GC(32) Desired survivor size 12582912 bytes, new threshold 15 (max threshold 15)
[8.734s][debug][gc,alloc,region] GC(32) Mutator Allocation stats, regions: 186, wasted size: 0B ( 0.0%)
[8.734s][debug][gc,ergo        ] GC(32) Running G1 Merge Heap Roots using 8 workers for 187 regions
[8.734s][debug][gc,remset      ] GC(32) Visited cards 1536 Total dirty 10240 (15.00%) Total old 784384 (0.20%)
[8.734s][debug][gc,ergo        ] GC(32) Running G1 Clear Card Table Task using 1 workers for 1 units of work for 192 regions.
[8.734s][debug][gc,ref         ] GC(32) Skipped phase1 of Reference Processing due to unavailable references
[8.734s][debug][gc,ref         ] GC(32) Skipped phase2 of Reference Processing due to unavailable references
[8.734s][debug][gc,ref         ] GC(32) Skipped phase3 of Reference Processing due to unavailable references
[8.734s][debug][gc,ref         ] GC(32) Skipped phase4 of Reference Processing due to unavailable references
[8.735s][debug][gc,ergo        ] GC(32) Running G1 Free Collection Set using 8 workers for collection set length 187 (312)
[8.735s][debug][gc,ergo        ] GC(32) Running G1 Rebuild Free List Task using 8 workers for rebuilding free list of 0 (4096) regions
[8.735s][trace][gc,age         ] GC(32) Age table with threshold 15 (max threshold 15)
[8.735s][trace][gc,age         ] GC(32) - age   1:        656 bytes,        656 total
[8.735s][trace][gc,age         ] GC(32) - age   6:        208 bytes,        864 total
[8.735s][trace][gc,age         ] GC(32) - age  11:         64 bytes,        928 total
[8.735s][trace][gc,age         ] GC(32) - age  14:         64 bytes,        992 total
[8.735s][debug][gc,plab        ] GC(32) Young PLAB allocation: allocated: 16512B, wasted: 0B, unused: 15520B, used: 992B, undo waste: 0B, 
[8.735s][debug][gc,plab        ] GC(32) Young other allocation: region end waste: 0B, regions filled: 1, direct allocated: 0B, failure used: 0B, failure wasted: 0B
[8.735s][debug][gc,plab        ] GC(32) Young sizing: calculated: 192B, actual: 2064B
[8.735s][debug][gc,plab        ] GC(32) Old PLAB allocation: allocated: 0B, wasted: 0B, unused: 0B, used: 0B, undo waste: 0B, 
[8.735s][debug][gc,plab        ] GC(32) Old other allocation: region end waste: 0B, regions filled: 1, direct allocated: 0B, failure used: 0B, failure wasted: 0B
[8.735s][debug][gc,plab        ] GC(32) Old sizing: calculated: 0B, actual: 2064B
[8.735s][debug][gc,ihop        ] GC(32) Basic information (value update), threshold: 147220070B (45.00), target occupancy: 327155712B, current occupancy: 4178632B, recent allocation size: 0B, recent allocation duration: 160.95ms, recent old gen allocation rate: 0.00B/s, recent marking phase length: 0.00ms
[8.735s][debug][gc,ihop        ] GC(32) Adaptive IHOP information (value update), threshold: 147220070B (47.37), internal target occupancy: 310797926B, occupancy: 4178632B, additional buffer size: 196083712B, predicted old gen allocation rate: 41635.39B/s, predicted marking phase length: 0.00ms, prediction active: false
[8.735s][debug][gc,ergo,refine ] GC(32) Concurrent refinement times: Logged Cards Scan time goal: 20.00ms Logged Cards Scan time: 0.00ms HCC time: 0.00ms
[8.735s][debug][gc,ergo,refine ] GC(32) Updated Refinement Zones: green: 2048, yellow: 6144, red: 10240
[8.735s][info ][gc,phases      ] GC(32)   Pre Evacuate Collection Set: 0.1ms
[8.735s][debug][gc,phases      ] GC(32)     Prepare TLABs: 0.0ms
[8.735s][debug][gc,phases      ] GC(32)     Choose Collection Set: 0.0ms
[8.735s][debug][gc,phases      ] GC(32)     Region Register: 0.1ms
[8.735s][debug][gc,phases      ] GC(32)     Prepare Heap Roots: 0.0ms
[8.735s][info ][gc,phases      ] GC(32)   Merge Heap Roots: 0.1ms
[8.735s][debug][gc,phases      ] GC(32)     Prepare Merge Heap Roots: 0.0ms
[8.735s][debug][gc,phases      ] GC(32)     Eager Reclaim (ms):       skipped
[8.735s][debug][gc,phases      ] GC(32)     Remembered Sets (ms):     Min:  0.0, Avg:  0.0, Max:  0.0, Diff:  0.0, Sum:  0.0, Workers: 8
[8.735s][debug][gc,phases      ] GC(32)       Merged Sparse:            Min: 0, Avg:  0.0, Max: 0, Diff: 0, Sum: 0, Workers: 8
[8.735s][debug][gc,phases      ] GC(32)       Merged Fine:              Min: 0, Avg:  0.0, Max: 0, Diff: 0, Sum: 0, Workers: 8
[8.735s][debug][gc,phases      ] GC(32)       Merged Coarse:            Min: 0, Avg:  0.0, Max: 0, Diff: 0, Sum: 0, Workers: 8
[8.735s][debug][gc,phases      ] GC(32)       Dirty Cards:              Min: 0, Avg:  0.0, Max: 0, Diff: 0, Sum: 0, Workers: 8
[8.735s][debug][gc,phases      ] GC(32)     Hot Card Cache (ms):      Min:  0.0, Avg:  0.0, Max:  0.0, Diff:  0.0, Sum:  0.0, Workers: 8
[8.735s][debug][gc,phases      ] GC(32)       Dirty Cards:              Min: 0, Avg:  0.0, Max: 0, Diff: 0, Sum: 0, Workers: 8
[8.735s][debug][gc,phases      ] GC(32)       Skipped Cards:            Min: 0, Avg:  0.0, Max: 0, Diff: 0, Sum: 0, Workers: 8
[8.735s][debug][gc,phases      ] GC(32)     Log Buffers (ms):         Min:  0.0, Avg:  0.0, Max:  0.0, Diff:  0.0, Sum:  0.0, Workers: 8
[8.735s][debug][gc,phases      ] GC(32)       Dirty Cards:              Min: 0, Avg:  1.4, Max: 6, Diff: 6, Sum: 11, Workers: 8
[8.735s][debug][gc,phases      ] GC(32)       Skipped Cards:            Min: 0, Avg:  0.0, Max: 0, Diff: 0, Sum: 0, Workers: 8
[8.735s][info ][gc,phases      ] GC(32)   Evacuate Collection Set: 0.2ms
[8.735s][debug][gc,phases      ] GC(32)     Ext Root Scanning (ms):   Min:  0.0, Avg:  0.0, Max:  0.1, Diff:  0.1, Sum:  0.2, Workers: 8
[8.735s][debug][gc,phases      ] GC(32)     Scan Heap Roots (ms):     Min:  0.0, Avg:  0.0, Max:  0.0, Diff:  0.0, Sum:  0.0, Workers: 8
[8.735s][debug][gc,phases      ] GC(32)       Scanned Cards:            Min: 0, Avg:  1.1, Max: 3, Diff: 3, Sum: 9, Workers: 8
[8.735s][debug][gc,phases      ] GC(32)       Scanned Blocks:           Min: 0, Avg:  1.1, Max: 3, Diff: 3, Sum: 9, Workers: 8
[8.735s][debug][gc,phases      ] GC(32)       Claimed Chunks:           Min: 0, Avg:  0.8, Max: 1, Diff: 1, Sum: 6, Workers: 8
[8.735s][debug][gc,phases      ] GC(32)     Code Root Scan (ms):      Min:  0.0, Avg:  0.0, Max:  0.0, Diff:  0.0, Sum:  0.0, Workers: 8
[8.735s][debug][gc,phases      ] GC(32)     Object Copy (ms):         Min:  0.0, Avg:  0.0, Max:  0.0, Diff:  0.0, Sum:  0.0, Workers: 8
[8.735s][debug][gc,phases      ] GC(32)     Termination (ms):         Min:  0.1, Avg:  0.1, Max:  0.1, Diff:  0.0, Sum:  0.5, Workers: 8
[8.735s][debug][gc,phases      ] GC(32)       Termination Attempts:     Min: 1, Avg:  1.0, Max: 1, Diff: 0, Sum: 8, Workers: 8
[8.735s][debug][gc,phases      ] GC(32)     GC Worker Other (ms):     Min:  0.0, Avg:  0.0, Max:  0.0, Diff:  0.0, Sum:  0.1, Workers: 8
[8.735s][debug][gc,phases      ] GC(32)     GC Worker Total (ms):     Min:  0.1, Avg:  0.1, Max:  0.2, Diff:  0.1, Sum:  1.0, Workers: 8
[8.735s][info ][gc,phases      ] GC(32)   Post Evacuate Collection Set: 0.4ms
[8.735s][debug][gc,phases      ] GC(32)     Code Roots Fixup: 0.0ms
[8.735s][debug][gc,phases      ] GC(32)     Clear Card Table: 0.1ms
[8.735s][debug][gc,phases      ] GC(32)     Reference Processing: 0.0ms
[8.735s][debug][gc,phases,ref  ] GC(32)       Reconsider SoftReferences: 0.0ms
[8.735s][debug][gc,phases,ref  ] GC(32)         SoftRef (ms):             skipped
[8.735s][debug][gc,phases,ref  ] GC(32)       Notify Soft/WeakReferences: 0.0ms
[8.735s][debug][gc,phases,ref  ] GC(32)         SoftRef (ms):             skipped
[8.735s][debug][gc,phases,ref  ] GC(32)         WeakRef (ms):             skipped
[8.735s][debug][gc,phases,ref  ] GC(32)         FinalRef (ms):            skipped
[8.735s][debug][gc,phases,ref  ] GC(32)         Total (ms):               skipped
[8.735s][debug][gc,phases,ref  ] GC(32)       Notify and keep alive finalizable: 0.0ms
[8.735s][debug][gc,phases,ref  ] GC(32)         FinalRef (ms):            skipped
[8.735s][debug][gc,phases,ref  ] GC(32)       Notify PhantomReferences: 0.0ms
[8.735s][debug][gc,phases,ref  ] GC(32)         PhantomRef (ms):          skipped
[8.735s][debug][gc,phases,ref  ] GC(32)       SoftReference:
[8.735s][debug][gc,phases,ref  ] GC(32)         Discovered: 0
[8.735s][debug][gc,phases,ref  ] GC(32)         Cleared: 0
[8.735s][debug][gc,phases,ref  ] GC(32)       WeakReference:
[8.735s][debug][gc,phases,ref  ] GC(32)         Discovered: 0
[8.735s][debug][gc,phases,ref  ] GC(32)         Cleared: 0
[8.735s][debug][gc,phases,ref  ] GC(32)       FinalReference:
[8.735s][debug][gc,phases,ref  ] GC(32)         Discovered: 0
[8.735s][debug][gc,phases,ref  ] GC(32)         Cleared: 0
[8.735s][debug][gc,phases,ref  ] GC(32)       PhantomReference:
[8.735s][debug][gc,phases,ref  ] GC(32)         Discovered: 0
[8.735s][debug][gc,phases,ref  ] GC(32)         Cleared: 0
[8.735s][debug][gc,phases      ] GC(32)     Weak Processing: 0.1ms
[8.735s][debug][gc,phases      ] GC(32)       JVMTI weak processing: 0.0ms
[8.735s][debug][gc,phases      ] GC(32)         Dead: 0
[8.735s][debug][gc,phases      ] GC(32)         Total: 0
[8.735s][debug][gc,phases      ] GC(32)       JFR weak processing: 0.0ms
[8.735s][debug][gc,phases      ] GC(32)         Dead: 0
[8.735s][debug][gc,phases      ] GC(32)         Total: 0
[8.735s][debug][gc,phases      ] GC(32)       JNI weak                  Min:  0.0, Avg:  0.0, Max:  0.0, Diff:  0.0, Sum:  0.0, Workers: 5
[8.735s][debug][gc,phases      ] GC(32)         Dead                      Min: 0, Avg:  0.0, Max: 0, Diff: 0, Sum: 0, Workers: 5
[8.735s][debug][gc,phases      ] GC(32)         Total                     Min: 0, Avg: 10.8, Max: 54, Diff: 54, Sum: 54, Workers: 5
[8.735s][debug][gc,phases      ] GC(32)       VM weak                   Min:  0.0, Avg:  0.0, Max:  0.0, Diff:  0.0, Sum:  0.0, Workers: 5
[8.735s][debug][gc,phases      ] GC(32)         Dead                      Min: 0, Avg:  0.0, Max: 0, Diff: 0, Sum: 0, Workers: 5
[8.735s][debug][gc,phases      ] GC(32)         Total                     Min: 0, Avg: 44.0, Max: 64, Diff: 64, Sum: 220, Workers: 5
[8.735s][debug][gc,phases      ] GC(32)       StringTable weak          Min:  0.0, Avg:  0.0, Max:  0.1, Diff:  0.1, Sum:  0.2, Workers: 5
[8.735s][debug][gc,phases      ] GC(32)         Dead                      Min: 0, Avg:  0.0, Max: 0, Diff: 0, Sum: 0, Workers: 5
[8.735s][debug][gc,phases      ] GC(32)         Total                     Min: 0, Avg: 718.2, Max: 1024, Diff: 1024, Sum: 3591, Workers: 5
[8.735s][debug][gc,phases      ] GC(32)       ResolvedMethodTable weak  Min:  0.0, Avg:  0.0, Max:  0.0, Diff:  0.0, Sum:  0.0, Workers: 5
[8.735s][debug][gc,phases      ] GC(32)         Dead                      Min: 0, Avg:  0.0, Max: 0, Diff: 0, Sum: 0, Workers: 5
[8.735s][debug][gc,phases      ] GC(32)         Total                     Min: 0, Avg: 116.6, Max: 192, Diff: 192, Sum: 583, Workers: 5
[8.735s][debug][gc,phases      ] GC(32)     Merge Per-Thread State: 0.0ms
[8.735s][debug][gc,phases      ] GC(32)       Copied Bytes              Min: 32, Avg: 124.0, Max: 232, Diff: 200, Sum: 992, Workers: 8
[8.735s][debug][gc,phases      ] GC(32)       LAB Waste                 Min: 0, Avg:  0.0, Max: 0, Diff: 0, Sum: 0, Workers: 8
[8.735s][debug][gc,phases      ] GC(32)       LAB Undo Waste            Min: 0, Avg:  0.0, Max: 0, Diff: 0, Sum: 0, Workers: 8
[8.735s][debug][gc,phases      ] GC(32)     Code Roots Purge: 0.0ms
[8.735s][debug][gc,phases      ] GC(32)     Redirty Cards: 0.0ms
[8.735s][debug][gc,phases      ] GC(32)     DerivedPointerTable Update: 0.0ms
[8.735s][debug][gc,phases      ] GC(32)     Free Collection Set: 0.1ms
[8.735s][debug][gc,phases      ] GC(32)     Rebuild Free List: 0.1ms
[8.735s][debug][gc,phases      ] GC(32)     Humongous Reclaim: 0.0ms
[8.735s][debug][gc,phases      ] GC(32)     Start New Collection Set: 0.0ms
[8.735s][debug][gc,phases      ] GC(32)     Resize TLABs: 0.0ms
[8.735s][debug][gc,phases      ] GC(32)     Expand Heap After Collection: 0.0ms
[8.735s][info ][gc,phases      ] GC(32)   Other: 0.3ms
[8.735s][info ][gc,heap        ] GC(32) Eden regions: 186->0(186)
[8.735s][info ][gc,heap        ] GC(32) Survivor regions: 1->1(24)
[8.735s][info ][gc,heap        ] GC(32) Old regions: 7->7
[8.735s][info ][gc,heap        ] GC(32) Archive regions: 2->2
[8.735s][info ][gc,heap        ] GC(32) Humongous regions: 0->0
[8.735s][info ][gc,metaspace   ] GC(32) Metaspace: 10385K(10880K)->10385K(10880K) NonClass: 9183K(9472K)->9183K(9472K) Class: 1201K(1408K)->1201K(1408K)
[8.735s][debug][gc,heap        ] GC(32) Heap after GC invocations=33 (full 1): garbage-first heap   total 319488K, used 4080K [0x0000000700000000, 0x0000000800000000)
[8.735s][debug][gc,heap        ] GC(32)   region size 1024K, 1 young (1024K), 1 survivors (1024K)
[8.735s][debug][gc,heap        ] GC(32)  Metaspace       used 10385K, capacity 10712K, committed 10880K, reserved 1058816K
[8.735s][debug][gc,heap        ] GC(32)   class space    used 1201K, capacity 1338K, committed 1408K, reserved 1048576K
[8.735s][info ][gc             ] GC(32) Pause Young (Normal) (G1 Evacuation Pause) 189M->3M(312M) 1.602ms
[8.735s][info ][gc,cpu         ] GC(32) User=0.00s Sys=0.00s Real=0.00s
[8.736s][info ][safepoint      ] Safepoint "G1CollectForAllocation", Time since last: 159904012 ns, Reaching safepoint: 188926 ns, At safepoint: 1789082 ns, Total: 1978008 ns
[8.897s][debug][gc,heap        ] GC(33) Heap before GC invocations=33 (full 1): garbage-first heap   total 319488K, used 194544K [0x0000000700000000, 0x0000000800000000)
[8.897s][debug][gc,heap        ] GC(33)   region size 1024K, 187 young (191488K), 1 survivors (1024K)
[8.897s][debug][gc,heap        ] GC(33)  Metaspace       used 10385K, capacity 10712K, committed 10880K, reserved 1058816K
[8.897s][debug][gc,heap        ] GC(33)   class space    used 1201K, capacity 1338K, committed 1408K, reserved 1048576K
[8.897s][info ][gc,start       ] GC(33) Pause Young (Normal) (G1 Evacuation Pause)
[8.897s][info ][gc,task        ] GC(33) Using 8 workers of 8 for evacuation
[8.897s][debug][gc,tlab        ] GC(33) TLAB totals: thrds: 8  refills: 745 max: 102 slow allocs: 0 max 0 waste:  1.1% gc: 1653136B max: 415904B slow: 430104B max: 58592B fast: 0B max: 0B
[8.897s][debug][gc,age         ] GC(33) Desired survivor size 12582912 bytes, new threshold 15 (max threshold 15)
[8.897s][debug][gc,alloc,region] GC(33) Mutator Allocation stats, regions: 186, wasted size: 0B ( 0.0%)
[8.897s][debug][gc,ergo        ] GC(33) Running G1 Merge Heap Roots using 8 workers for 187 regions
[8.897s][debug][gc,remset      ] GC(33) Visited cards 1536 Total dirty 10240 (15.00%) Total old 784384 (0.20%)
[8.897s][debug][gc,ergo        ] GC(33) Running G1 Clear Card Table Task using 1 workers for 1 units of work for 192 regions.
[8.897s][debug][gc,ref         ] GC(33) Skipped phase1 of Reference Processing due to unavailable references
[8.898s][debug][gc,ref         ] GC(33) Skipped phase2 of Reference Processing due to unavailable references
[8.898s][debug][gc,ref         ] GC(33) Skipped phase3 of Reference Processing due to unavailable references
[8.898s][debug][gc,ref         ] GC(33) Skipped phase4 of Reference Processing due to unavailable references
[8.898s][debug][gc,ergo        ] GC(33) Running G1 Free Collection Set using 8 workers for collection set length 187 (312)
[8.898s][debug][gc,ergo        ] GC(33) Running G1 Rebuild Free List Task using 8 workers for rebuilding free list of 0 (4096) regions
[8.898s][trace][gc,age         ] GC(33) Age table with threshold 15 (max threshold 15)
[8.898s][trace][gc,age         ] GC(33) - age   1:        368 bytes,        368 total
[8.898s][trace][gc,age         ] GC(33) - age   7:        208 bytes,        576 total
[8.898s][trace][gc,age         ] GC(33) - age  12:         64 bytes,        640 total
[8.898s][trace][gc,age         ] GC(33) - age  15:         64 bytes,        704 total
[8.898s][debug][gc,plab        ] GC(33) Young PLAB allocation: allocated: 16512B, wasted: 0B, unused: 15808B, used: 704B, undo waste: 0B, 
[8.898s][debug][gc,plab        ] GC(33) Young other allocation: region end waste: 0B, regions filled: 1, direct allocated: 0B, failure used: 0B, failure wasted: 0B
[8.898s][debug][gc,plab        ] GC(33) Young sizing: calculated: 136B, actual: 2064B
[8.898s][debug][gc,plab        ] GC(33) Old PLAB allocation: allocated: 0B, wasted: 0B, unused: 0B, used: 0B, undo waste: 0B, 
[8.898s][debug][gc,plab        ] GC(33) Old other allocation: region end waste: 0B, regions filled: 1, direct allocated: 0B, failure used: 0B, failure wasted: 0B
[8.898s][debug][gc,plab        ] GC(33) Old sizing: calculated: 0B, actual: 2064B
[8.898s][debug][gc,ihop        ] GC(33) Basic information (value update), threshold: 147220070B (45.00), target occupancy: 327155712B, current occupancy: 4178632B, recent allocation size: 0B, recent allocation duration: 162.13ms, recent old gen allocation rate: 0.00B/s, recent marking phase length: 0.00ms
[8.898s][debug][gc,ihop        ] GC(33) Adaptive IHOP information (value update), threshold: 147220070B (47.37), internal target occupancy: 310797926B, occupancy: 4178632B, additional buffer size: 196083712B, predicted old gen allocation rate: 40292.94B/s, predicted marking phase length: 0.00ms, prediction active: false
[8.898s][debug][gc,ergo,refine ] GC(33) Concurrent refinement times: Logged Cards Scan time goal: 20.00ms Logged Cards Scan time: 0.01ms HCC time: 0.00ms
[8.898s][debug][gc,ergo,refine ] GC(33) Updated Refinement Zones: green: 2048, yellow: 6144, red: 10240
[8.898s][info ][gc,phases      ] GC(33)   Pre Evacuate Collection Set: 0.1ms
[8.898s][debug][gc,phases      ] GC(33)     Prepare TLABs: 0.0ms
[8.898s][debug][gc,phases      ] GC(33)     Choose Collection Set: 0.0ms
[8.898s][debug][gc,phases      ] GC(33)     Region Register: 0.1ms
[8.898s][debug][gc,phases      ] GC(33)     Prepare Heap Roots: 0.0ms
[8.898s][info ][gc,phases      ] GC(33)   Merge Heap Roots: 0.1ms
[8.898s][debug][gc,phases      ] GC(33)     Prepare Merge Heap Roots: 0.0ms
[8.898s][debug][gc,phases      ] GC(33)     Eager Reclaim (ms):       skipped
[8.898s][debug][gc,phases      ] GC(33)     Remembered Sets (ms):     Min:  0.0, Avg:  0.0, Max:  0.0, Diff:  0.0, Sum:  0.2, Workers: 8
[8.898s][debug][gc,phases      ] GC(33)       Merged Sparse:            Min: 0, Avg:  0.0, Max: 0, Diff: 0, Sum: 0, Workers: 8
[8.898s][debug][gc,phases      ] GC(33)       Merged Fine:              Min: 0, Avg:  0.0, Max: 0, Diff: 0, Sum: 0, Workers: 8
[8.898s][debug][gc,phases      ] GC(33)       Merged Coarse:            Min: 0, Avg:  0.0, Max: 0, Diff: 0, Sum: 0, Workers: 8
[8.898s][debug][gc,phases      ] GC(33)       Dirty Cards:              Min: 0, Avg:  0.0, Max: 0, Diff: 0, Sum: 0, Workers: 8
[8.898s][debug][gc,phases      ] GC(33)     Hot Card Cache (ms):      Min:  0.0, Avg:  0.0, Max:  0.0, Diff:  0.0, Sum:  0.0, Workers: 8
[8.898s][debug][gc,phases      ] GC(33)       Dirty Cards:              Min: 0, Avg:  0.0, Max: 0, Diff: 0, Sum: 0, Workers: 8
[8.898s][debug][gc,phases      ] GC(33)       Skipped Cards:            Min: 0, Avg:  0.0, Max: 0, Diff: 0, Sum: 0, Workers: 8
[8.898s][debug][gc,phases      ] GC(33)     Log Buffers (ms):         Min:  0.0, Avg:  0.0, Max:  0.0, Diff:  0.0, Sum:  0.0, Workers: 8
[8.898s][debug][gc,phases      ] GC(33)       Dirty Cards:              Min: 0, Avg:  1.6, Max: 5, Diff: 5, Sum: 13, Workers: 8
[8.898s][debug][gc,phases      ] GC(33)       Skipped Cards:            Min: 0, Avg:  0.0, Max: 0, Diff: 0, Sum: 0, Workers: 8
[8.898s][info ][gc,phases      ] GC(33)   Evacuate Collection Set: 0.2ms
[8.898s][debug][gc,phases      ] GC(33)     Ext Root Scanning (ms):   Min:  0.0, Avg:  0.0, Max:  0.1, Diff:  0.1, Sum:  0.4, Workers: 8
[8.898s][debug][gc,phases      ] GC(33)     Scan Heap Roots (ms):     Min:  0.0, Avg:  0.0, Max:  0.0, Diff:  0.0, Sum:  0.0, Workers: 8
[8.898s][debug][gc,phases      ] GC(33)       Scanned Cards:            Min: 0, Avg:  1.1, Max: 3, Diff: 3, Sum: 9, Workers: 8
[8.898s][debug][gc,phases      ] GC(33)       Scanned Blocks:           Min: 0, Avg:  1.1, Max: 3, Diff: 3, Sum: 9, Workers: 8
[8.898s][debug][gc,phases      ] GC(33)       Claimed Chunks:           Min: 0, Avg:  0.8, Max: 1, Diff: 1, Sum: 6, Workers: 8
[8.898s][debug][gc,phases      ] GC(33)     Code Root Scan (ms):      Min:  0.0, Avg:  0.0, Max:  0.0, Diff:  0.0, Sum:  0.0, Workers: 8
[8.898s][debug][gc,phases      ] GC(33)     Object Copy (ms):         Min:  0.0, Avg:  0.0, Max:  0.0, Diff:  0.0, Sum:  0.0, Workers: 8
[8.898s][debug][gc,phases      ] GC(33)     Termination (ms):         Min:  0.1, Avg:  0.1, Max:  0.1, Diff:  0.0, Sum:  0.5, Workers: 8
[8.898s][debug][gc,phases      ] GC(33)       Termination Attempts:     Min: 1, Avg:  1.0, Max: 1, Diff: 0, Sum: 8, Workers: 8
[8.898s][debug][gc,phases      ] GC(33)     GC Worker Other (ms):     Min:  0.0, Avg:  0.0, Max:  0.0, Diff:  0.0, Sum:  0.2, Workers: 8
[8.898s][debug][gc,phases      ] GC(33)     GC Worker Total (ms):     Min:  0.1, Avg:  0.2, Max:  0.2, Diff:  0.1, Sum:  1.2, Workers: 8
[8.898s][info ][gc,phases      ] GC(33)   Post Evacuate Collection Set: 0.6ms
[8.898s][debug][gc,phases      ] GC(33)     Code Roots Fixup: 0.0ms
[8.898s][debug][gc,phases      ] GC(33)     Clear Card Table: 0.1ms
[8.898s][debug][gc,phases      ] GC(33)     Reference Processing: 0.0ms
[8.898s][debug][gc,phases,ref  ] GC(33)       Reconsider SoftReferences: 0.0ms
[8.898s][debug][gc,phases,ref  ] GC(33)         SoftRef (ms):             skipped
[8.898s][debug][gc,phases,ref  ] GC(33)       Notify Soft/WeakReferences: 0.0ms
[8.898s][debug][gc,phases,ref  ] GC(33)         SoftRef (ms):             skipped
[8.898s][debug][gc,phases,ref  ] GC(33)         WeakRef (ms):             skipped
[8.898s][debug][gc,phases,ref  ] GC(33)         FinalRef (ms):            skipped
[8.898s][debug][gc,phases,ref  ] GC(33)         Total (ms):               skipped
[8.898s][debug][gc,phases,ref  ] GC(33)       Notify and keep alive finalizable: 0.0ms
[8.898s][debug][gc,phases,ref  ] GC(33)         FinalRef (ms):            skipped
[8.898s][debug][gc,phases,ref  ] GC(33)       Notify PhantomReferences: 0.0ms
[8.898s][debug][gc,phases,ref  ] GC(33)         PhantomRef (ms):          skipped
[8.898s][debug][gc,phases,ref  ] GC(33)       SoftReference:
[8.898s][debug][gc,phases,ref  ] GC(33)         Discovered: 0
[8.898s][debug][gc,phases,ref  ] GC(33)         Cleared: 0
[8.898s][debug][gc,phases,ref  ] GC(33)       WeakReference:
[8.898s][debug][gc,phases,ref  ] GC(33)         Discovered: 0
[8.898s][debug][gc,phases,ref  ] GC(33)         Cleared: 0
[8.898s][debug][gc,phases,ref  ] GC(33)       FinalReference:
[8.898s][debug][gc,phases,ref  ] GC(33)         Discovered: 0
[8.898s][debug][gc,phases,ref  ] GC(33)         Cleared: 0
[8.898s][debug][gc,phases,ref  ] GC(33)       PhantomReference:
[8.898s][debug][gc,phases,ref  ] GC(33)         Discovered: 0
[8.898s][debug][gc,phases,ref  ] GC(33)         Cleared: 0
[8.898s][debug][gc,phases      ] GC(33)     Weak Processing: 0.1ms
[8.898s][debug][gc,phases      ] GC(33)       JVMTI weak processing: 0.0ms
[8.898s][debug][gc,phases      ] GC(33)         Dead: 0
[8.898s][debug][gc,phases      ] GC(33)         Total: 0
[8.899s][debug][gc,phases      ] GC(33)       JFR weak processing: 0.0ms
[8.899s][debug][gc,phases      ] GC(33)         Dead: 0
[8.899s][debug][gc,phases      ] GC(33)         Total: 0
[8.899s][debug][gc,phases      ] GC(33)       JNI weak                  Min:  0.0, Avg:  0.0, Max:  0.0, Diff:  0.0, Sum:  0.0, Workers: 5
[8.899s][debug][gc,phases      ] GC(33)         Dead                      Min: 0, Avg:  0.0, Max: 0, Diff: 0, Sum: 0, Workers: 5
[8.899s][debug][gc,phases      ] GC(33)         Total                     Min: 0, Avg: 10.8, Max: 54, Diff: 54, Sum: 54, Workers: 5
[8.899s][debug][gc,phases      ] GC(33)       VM weak                   Min:  0.0, Avg:  0.0, Max:  0.0, Diff:  0.0, Sum:  0.0, Workers: 5
[8.899s][debug][gc,phases      ] GC(33)         Dead                      Min: 0, Avg:  0.0, Max: 0, Diff: 0, Sum: 0, Workers: 5
[8.899s][debug][gc,phases      ] GC(33)         Total                     Min: 0, Avg: 44.0, Max: 220, Diff: 220, Sum: 220, Workers: 5
[8.899s][debug][gc,phases      ] GC(33)       StringTable weak          Min:  0.0, Avg:  0.0, Max:  0.1, Diff:  0.1, Sum:  0.1, Workers: 5
[8.899s][debug][gc,phases      ] GC(33)         Dead                      Min: 0, Avg:  0.0, Max: 0, Diff: 0, Sum: 0, Workers: 5
[8.899s][debug][gc,phases      ] GC(33)         Total                     Min: 0, Avg: 718.2, Max: 2759, Diff: 2759, Sum: 3591, Workers: 5
[8.899s][debug][gc,phases      ] GC(33)       ResolvedMethodTable weak  Min:  0.0, Avg:  0.0, Max:  0.0, Diff:  0.0, Sum:  0.0, Workers: 5
[8.899s][debug][gc,phases      ] GC(33)         Dead                      Min: 0, Avg:  0.0, Max: 0, Diff: 0, Sum: 0, Workers: 5
[8.899s][debug][gc,phases      ] GC(33)         Total                     Min: 0, Avg: 116.6, Max: 192, Diff: 192, Sum: 583, Workers: 5
[8.899s][debug][gc,phases      ] GC(33)     Merge Per-Thread State: 0.0ms
[8.899s][debug][gc,phases      ] GC(33)       Copied Bytes              Min: 24, Avg: 88.0, Max: 192, Diff: 168, Sum: 704, Workers: 8
[8.899s][debug][gc,phases      ] GC(33)       LAB Waste                 Min: 0, Avg:  0.0, Max: 0, Diff: 0, Sum: 0, Workers: 8
[8.899s][debug][gc,phases      ] GC(33)       LAB Undo Waste            Min: 0, Avg:  0.0, Max: 0, Diff: 0, Sum: 0, Workers: 8
[8.899s][debug][gc,phases      ] GC(33)     Code Roots Purge: 0.0ms
[8.899s][debug][gc,phases      ] GC(33)     Redirty Cards: 0.0ms
[8.899s][debug][gc,phases      ] GC(33)     DerivedPointerTable Update: 0.0ms
[8.899s][debug][gc,phases      ] GC(33)     Free Collection Set: 0.1ms
[8.899s][debug][gc,phases      ] GC(33)     Rebuild Free List: 0.2ms
[8.899s][debug][gc,phases      ] GC(33)     Humongous Reclaim: 0.0ms
[8.899s][debug][gc,phases      ] GC(33)     Start New Collection Set: 0.0ms
[8.899s][debug][gc,phases      ] GC(33)     Resize TLABs: 0.0ms
[8.899s][debug][gc,phases      ] GC(33)     Expand Heap After Collection: 0.0ms
[8.899s][info ][gc,phases      ] GC(33)   Other: 0.3ms
[8.899s][info ][gc,heap        ] GC(33) Eden regions: 186->0(186)
[8.899s][info ][gc,heap        ] GC(33) Survivor regions: 1->1(24)
[8.899s][info ][gc,heap        ] GC(33) Old regions: 7->7
[8.899s][info ][gc,heap        ] GC(33) Archive regions: 2->2
[8.899s][info ][gc,heap        ] GC(33) Humongous regions: 0->0
[8.899s][info ][gc,metaspace   ] GC(33) Metaspace: 10385K(10880K)->10385K(10880K) NonClass: 9183K(9472K)->9183K(9472K) Class: 1201K(1408K)->1201K(1408K)
[8.899s][debug][gc,heap        ] GC(33) Heap after GC invocations=34 (full 1): garbage-first heap   total 319488K, used 4080K [0x0000000700000000, 0x0000000800000000)
[8.899s][debug][gc,heap        ] GC(33)   region size 1024K, 1 young (1024K), 1 survivors (1024K)
[8.899s][debug][gc,heap        ] GC(33)  Metaspace       used 10385K, capacity 10712K, committed 10880K, reserved 1058816K
[8.899s][debug][gc,heap        ] GC(33)   class space    used 1201K, capacity 1338K, committed 1408K, reserved 1048576K
[8.899s][info ][gc             ] GC(33) Pause Young (Normal) (G1 Evacuation Pause) 189M->3M(312M) 1.904ms
[8.899s][info ][gc,cpu         ] GC(33) User=0.00s Sys=0.00s Real=0.00s
[8.899s][info ][safepoint      ] Safepoint "G1CollectForAllocation", Time since last: 161041716 ns, Reaching safepoint: 204685 ns, At safepoint: 2098458 ns, Total: 2303143 ns
[9.059s][debug][gc,heap        ] GC(34) Heap before GC invocations=34 (full 1): garbage-first heap   total 319488K, used 194544K [0x0000000700000000, 0x0000000800000000)
[9.059s][debug][gc,heap        ] GC(34)   region size 1024K, 187 young (191488K), 1 survivors (1024K)
[9.059s][debug][gc,heap        ] GC(34)  Metaspace       used 10385K, capacity 10712K, committed 10880K, reserved 1058816K
[9.059s][debug][gc,heap        ] GC(34)   class space    used 1201K, capacity 1338K, committed 1408K, reserved 1048576K
[9.059s][info ][gc,start       ] GC(34) Pause Young (Normal) (G1 Evacuation Pause)
[9.059s][info ][gc,task        ] GC(34) Using 8 workers of 8 for evacuation
[9.059s][debug][gc,tlab        ] GC(34) TLAB totals: thrds: 8  refills: 748 max: 100 slow allocs: 0 max 0 waste:  0.6% gc: 708760B max: 278048B slow: 432744B max: 57464B fast: 0B max: 0B
[9.059s][debug][gc,age         ] GC(34) Desired survivor size 12582912 bytes, new threshold 15 (max threshold 15)
[9.059s][debug][gc,alloc,region] GC(34) Mutator Allocation stats, regions: 186, wasted size: 0B ( 0.0%)
[9.059s][debug][gc,ergo        ] GC(34) Running G1 Merge Heap Roots using 8 workers for 187 regions
[9.059s][debug][gc,remset      ] GC(34) Visited cards 1536 Total dirty 10240 (15.00%) Total old 784384 (0.20%)
[9.059s][debug][gc,ergo        ] GC(34) Running G1 Clear Card Table Task using 1 workers for 1 units of work for 192 regions.
[9.059s][debug][gc,ref         ] GC(34) Skipped phase1 of Reference Processing due to unavailable references
[9.059s][debug][gc,ref         ] GC(34) Skipped phase2 of Reference Processing due to unavailable references
[9.059s][debug][gc,ref         ] GC(34) Skipped phase3 of Reference Processing due to unavailable references
[9.059s][debug][gc,ref         ] GC(34) Skipped phase4 of Reference Processing due to unavailable references
[9.060s][debug][gc,ergo        ] GC(34) Running G1 Free Collection Set using 8 workers for collection set length 187 (312)
[9.060s][debug][gc,ergo        ] GC(34) Running G1 Rebuild Free List Task using 8 workers for rebuilding free list of 0 (4096) regions
[9.060s][trace][gc,age         ] GC(34) Age table with threshold 15 (max threshold 15)
[9.060s][trace][gc,age         ] GC(34) - age   1:        472 bytes,        472 total
[9.060s][trace][gc,age         ] GC(34) - age   8:        208 bytes,        680 total
[9.060s][trace][gc,age         ] GC(34) - age  13:         64 bytes,        744 total
[9.060s][debug][gc,plab        ] GC(34) Young PLAB allocation: allocated: 16512B, wasted: 0B, unused: 15768B, used: 744B, undo waste: 0B, 
[9.060s][debug][gc,plab        ] GC(34) Young other allocation: region end waste: 0B, regions filled: 1, direct allocated: 0B, failure used: 0B, failure wasted: 0B
[9.060s][debug][gc,plab        ] GC(34) Young sizing: calculated: 144B, actual: 2064B
[9.060s][debug][gc,plab        ] GC(34) Old PLAB allocation: allocated: 4128B, wasted: 0B, unused: 4064B, used: 64B, undo waste: 0B, 
[9.060s][debug][gc,plab        ] GC(34) Old other allocation: region end waste: 0B, regions filled: 1, direct allocated: 0B, failure used: 0B, failure wasted: 0B
[9.060s][debug][gc,plab        ] GC(34) Old sizing: calculated: 8B, actual: 2064B
[9.060s][debug][gc,ihop        ] GC(34) Basic information (value update), threshold: 147220070B (45.00), target occupancy: 327155712B, current occupancy: 4183240B, recent allocation size: 4128B, recent allocation duration: 160.84ms, recent old gen allocation rate: 25665.20B/s, recent marking phase length: 0.00ms
[9.060s][debug][gc,ihop        ] GC(34) Adaptive IHOP information (value update), threshold: 147220070B (47.37), internal target occupancy: 310797926B, occupancy: 4183240B, additional buffer size: 196083712B, predicted old gen allocation rate: 40285.58B/s, predicted marking phase length: 0.00ms, prediction active: false
[9.060s][debug][gc,ergo,refine ] GC(34) Concurrent refinement times: Logged Cards Scan time goal: 20.00ms Logged Cards Scan time: 0.00ms HCC time: 0.00ms
[9.060s][debug][gc,ergo,refine ] GC(34) Updated Refinement Zones: green: 2048, yellow: 6144, red: 10240
[9.060s][info ][gc,phases      ] GC(34)   Pre Evacuate Collection Set: 0.1ms
[9.060s][debug][gc,phases      ] GC(34)     Prepare TLABs: 0.0ms
[9.060s][debug][gc,phases      ] GC(34)     Choose Collection Set: 0.0ms
[9.060s][debug][gc,phases      ] GC(34)     Region Register: 0.1ms
[9.060s][debug][gc,phases      ] GC(34)     Prepare Heap Roots: 0.0ms
[9.060s][info ][gc,phases      ] GC(34)   Merge Heap Roots: 0.1ms
[9.060s][debug][gc,phases      ] GC(34)     Prepare Merge Heap Roots: 0.0ms
[9.060s][debug][gc,phases      ] GC(34)     Eager Reclaim (ms):       skipped
[9.060s][debug][gc,phases      ] GC(34)     Remembered Sets (ms):     Min:  0.0, Avg:  0.0, Max:  0.0, Diff:  0.0, Sum:  0.1, Workers: 8
[9.060s][debug][gc,phases      ] GC(34)       Merged Sparse:            Min: 0, Avg:  0.0, Max: 0, Diff: 0, Sum: 0, Workers: 8
[9.060s][debug][gc,phases      ] GC(34)       Merged Fine:              Min: 0, Avg:  0.0, Max: 0, Diff: 0, Sum: 0, Workers: 8
[9.060s][debug][gc,phases      ] GC(34)       Merged Coarse:            Min: 0, Avg:  0.0, Max: 0, Diff: 0, Sum: 0, Workers: 8
[9.060s][debug][gc,phases      ] GC(34)       Dirty Cards:              Min: 0, Avg:  0.0, Max: 0, Diff: 0, Sum: 0, Workers: 8
[9.060s][debug][gc,phases      ] GC(34)     Hot Card Cache (ms):      Min:  0.0, Avg:  0.0, Max:  0.0, Diff:  0.0, Sum:  0.0, Workers: 8
[9.060s][debug][gc,phases      ] GC(34)       Dirty Cards:              Min: 0, Avg:  0.0, Max: 0, Diff: 0, Sum: 0, Workers: 8
[9.060s][debug][gc,phases      ] GC(34)       Skipped Cards:            Min: 0, Avg:  0.0, Max: 0, Diff: 0, Sum: 0, Workers: 8
[9.060s][debug][gc,phases      ] GC(34)     Log Buffers (ms):         Min:  0.0, Avg:  0.0, Max:  0.0, Diff:  0.0, Sum:  0.0, Workers: 8
[9.060s][debug][gc,phases      ] GC(34)       Dirty Cards:              Min: 0, Avg:  1.2, Max: 3, Diff: 3, Sum: 10, Workers: 8
[9.060s][debug][gc,phases      ] GC(34)       Skipped Cards:            Min: 0, Avg:  0.0, Max: 0, Diff: 0, Sum: 0, Workers: 8
[9.060s][info ][gc,phases      ] GC(34)   Evacuate Collection Set: 0.2ms
[9.060s][debug][gc,phases      ] GC(34)     Ext Root Scanning (ms):   Min:  0.0, Avg:  0.1, Max:  0.1, Diff:  0.1, Sum:  0.4, Workers: 8
[9.060s][debug][gc,phases      ] GC(34)     Scan Heap Roots (ms):     Min:  0.0, Avg:  0.0, Max:  0.0, Diff:  0.0, Sum:  0.0, Workers: 8
[9.060s][debug][gc,phases      ] GC(34)       Scanned Cards:            Min: 0, Avg:  1.1, Max: 4, Diff: 4, Sum: 9, Workers: 8
[9.060s][debug][gc,phases      ] GC(34)       Scanned Blocks:           Min: 0, Avg:  1.1, Max: 4, Diff: 4, Sum: 9, Workers: 8
[9.060s][debug][gc,phases      ] GC(34)       Claimed Chunks:           Min: 0, Avg:  0.8, Max: 2, Diff: 2, Sum: 6, Workers: 8
[9.060s][debug][gc,phases      ] GC(34)     Code Root Scan (ms):      Min:  0.0, Avg:  0.0, Max:  0.0, Diff:  0.0, Sum:  0.0, Workers: 8
[9.060s][debug][gc,phases      ] GC(34)     Object Copy (ms):         Min:  0.0, Avg:  0.0, Max:  0.0, Diff:  0.0, Sum:  0.0, Workers: 8
[9.060s][debug][gc,phases      ] GC(34)     Termination (ms):         Min:  0.0, Avg:  0.0, Max:  0.1, Diff:  0.1, Sum:  0.4, Workers: 8
[9.060s][debug][gc,phases      ] GC(34)       Termination Attempts:     Min: 1, Avg:  1.0, Max: 1, Diff: 0, Sum: 8, Workers: 8
[9.060s][debug][gc,phases      ] GC(34)     GC Worker Other (ms):     Min:  0.0, Avg:  0.0, Max:  0.0, Diff:  0.0, Sum:  0.1, Workers: 8
[9.060s][debug][gc,phases      ] GC(34)     GC Worker Total (ms):     Min:  0.1, Avg:  0.1, Max:  0.2, Diff:  0.1, Sum:  1.0, Workers: 8
[9.060s][info ][gc,phases      ] GC(34)   Post Evacuate Collection Set: 0.4ms
[9.060s][debug][gc,phases      ] GC(34)     Code Roots Fixup: 0.0ms
[9.060s][debug][gc,phases      ] GC(34)     Clear Card Table: 0.1ms
[9.060s][debug][gc,phases      ] GC(34)     Reference Processing: 0.0ms
[9.060s][debug][gc,phases,ref  ] GC(34)       Reconsider SoftReferences: 0.0ms
[9.060s][debug][gc,phases,ref  ] GC(34)         SoftRef (ms):             skipped
[9.060s][debug][gc,phases,ref  ] GC(34)       Notify Soft/WeakReferences: 0.0ms
[9.060s][debug][gc,phases,ref  ] GC(34)         SoftRef (ms):             skipped
[9.060s][debug][gc,phases,ref  ] GC(34)         WeakRef (ms):             skipped
[9.060s][debug][gc,phases,ref  ] GC(34)         FinalRef (ms):            skipped
[9.060s][debug][gc,phases,ref  ] GC(34)         Total (ms):               skipped
[9.060s][debug][gc,phases,ref  ] GC(34)       Notify and keep alive finalizable: 0.0ms
[9.060s][debug][gc,phases,ref  ] GC(34)         FinalRef (ms):            skipped
[9.060s][debug][gc,phases,ref  ] GC(34)       Notify PhantomReferences: 0.0ms
[9.060s][debug][gc,phases,ref  ] GC(34)         PhantomRef (ms):          skipped
[9.060s][debug][gc,phases,ref  ] GC(34)       SoftReference:
[9.060s][debug][gc,phases,ref  ] GC(34)         Discovered: 0
[9.060s][debug][gc,phases,ref  ] GC(34)         Cleared: 0
[9.060s][debug][gc,phases,ref  ] GC(34)       WeakReference:
[9.060s][debug][gc,phases,ref  ] GC(34)         Discovered: 0
[9.061s][debug][gc,phases,ref  ] GC(34)         Cleared: 0
[9.061s][debug][gc,phases,ref  ] GC(34)       FinalReference:
[9.061s][debug][gc,phases,ref  ] GC(34)         Discovered: 0
[9.061s][debug][gc,phases,ref  ] GC(34)         Cleared: 0
[9.061s][debug][gc,phases,ref  ] GC(34)       PhantomReference:
[9.061s][debug][gc,phases,ref  ] GC(34)         Discovered: 0
[9.061s][debug][gc,phases,ref  ] GC(34)         Cleared: 0
[9.061s][debug][gc,phases      ] GC(34)     Weak Processing: 0.0ms
[9.061s][debug][gc,phases      ] GC(34)       JVMTI weak processing: 0.0ms
[9.061s][debug][gc,phases      ] GC(34)         Dead: 0
[9.061s][debug][gc,phases      ] GC(34)         Total: 0
[9.061s][debug][gc,phases      ] GC(34)       JFR weak processing: 0.0ms
[9.061s][debug][gc,phases      ] GC(34)         Dead: 0
[9.061s][debug][gc,phases      ] GC(34)         Total: 0
[9.061s][debug][gc,phases      ] GC(34)       JNI weak                  Min:  0.0, Avg:  0.0, Max:  0.0, Diff:  0.0, Sum:  0.0, Workers: 5
[9.061s][debug][gc,phases      ] GC(34)         Dead                      Min: 0, Avg:  0.0, Max: 0, Diff: 0, Sum: 0, Workers: 5
[9.061s][debug][gc,phases      ] GC(34)         Total                     Min: 0, Avg: 10.8, Max: 54, Diff: 54, Sum: 54, Workers: 5
[9.061s][debug][gc,phases      ] GC(34)       VM weak                   Min:  0.0, Avg:  0.0, Max:  0.0, Diff:  0.0, Sum:  0.0, Workers: 5
[9.061s][debug][gc,phases      ] GC(34)         Dead                      Min: 0, Avg:  0.0, Max: 0, Diff: 0, Sum: 0, Workers: 5
[9.061s][debug][gc,phases      ] GC(34)         Total                     Min: 0, Avg: 44.0, Max: 128, Diff: 128, Sum: 220, Workers: 5
[9.061s][debug][gc,phases      ] GC(34)       StringTable weak          Min:  0.0, Avg:  0.0, Max:  0.0, Diff:  0.0, Sum:  0.1, Workers: 5
[9.061s][debug][gc,phases      ] GC(34)         Dead                      Min: 0, Avg:  0.0, Max: 0, Diff: 0, Sum: 0, Workers: 5
[9.061s][debug][gc,phases      ] GC(34)         Total                     Min: 0, Avg: 718.2, Max: 1224, Diff: 1224, Sum: 3591, Workers: 5
[9.061s][debug][gc,phases      ] GC(34)       ResolvedMethodTable weak  Min:  0.0, Avg:  0.0, Max:  0.0, Diff:  0.0, Sum:  0.0, Workers: 5
[9.061s][debug][gc,phases      ] GC(34)         Dead                      Min: 0, Avg:  0.0, Max: 0, Diff: 0, Sum: 0, Workers: 5
[9.061s][debug][gc,phases      ] GC(34)         Total                     Min: 0, Avg: 116.6, Max: 199, Diff: 199, Sum: 583, Workers: 5
[9.061s][debug][gc,phases      ] GC(34)     Merge Per-Thread State: 0.0ms
[9.061s][debug][gc,phases      ] GC(34)       Copied Bytes              Min: 0, Avg: 101.0, Max: 272, Diff: 272, Sum: 808, Workers: 8
[9.061s][debug][gc,phases      ] GC(34)       LAB Waste                 Min: 0, Avg:  0.0, Max: 0, Diff: 0, Sum: 0, Workers: 8
[9.061s][debug][gc,phases      ] GC(34)       LAB Undo Waste            Min: 0, Avg:  0.0, Max: 0, Diff: 0, Sum: 0, Workers: 8
[9.061s][debug][gc,phases      ] GC(34)     Code Roots Purge: 0.0ms
[9.061s][debug][gc,phases      ] GC(34)     Redirty Cards: 0.0ms
[9.061s][debug][gc,phases      ] GC(34)     DerivedPointerTable Update: 0.0ms
[9.061s][debug][gc,phases      ] GC(34)     Free Collection Set: 0.1ms
[9.061s][debug][gc,phases      ] GC(34)     Rebuild Free List: 0.1ms
[9.061s][debug][gc,phases      ] GC(34)     Humongous Reclaim: 0.0ms
[9.061s][debug][gc,phases      ] GC(34)     Start New Collection Set: 0.0ms
[9.061s][debug][gc,phases      ] GC(34)     Resize TLABs: 0.0ms
[9.061s][debug][gc,phases      ] GC(34)     Expand Heap After Collection: 0.0ms
[9.061s][info ][gc,phases      ] GC(34)   Other: 0.4ms
[9.061s][info ][gc,heap        ] GC(34) Eden regions: 186->0(186)
[9.061s][info ][gc,heap        ] GC(34) Survivor regions: 1->1(24)
[9.061s][info ][gc,heap        ] GC(34) Old regions: 7->7
[9.061s][info ][gc,heap        ] GC(34) Archive regions: 2->2
[9.061s][info ][gc,heap        ] GC(34) Humongous regions: 0->0
[9.061s][info ][gc,metaspace   ] GC(34) Metaspace: 10385K(10880K)->10385K(10880K) NonClass: 9183K(9472K)->9183K(9472K) Class: 1201K(1408K)->1201K(1408K)
[9.061s][debug][gc,heap        ] GC(34) Heap after GC invocations=35 (full 1): garbage-first heap   total 319488K, used 4085K [0x0000000700000000, 0x0000000800000000)
[9.061s][debug][gc,heap        ] GC(34)   region size 1024K, 1 young (1024K), 1 survivors (1024K)
[9.061s][debug][gc,heap        ] GC(34)  Metaspace       used 10385K, capacity 10712K, committed 10880K, reserved 1058816K
[9.061s][debug][gc,heap        ] GC(34)   class space    used 1201K, capacity 1338K, committed 1408K, reserved 1048576K
[9.061s][info ][gc             ] GC(34) Pause Young (Normal) (G1 Evacuation Pause) 189M->3M(312M) 2.063ms
[9.061s][info ][gc,cpu         ] GC(34) User=0.00s Sys=0.00s Real=0.00s
[9.061s][info ][safepoint      ] Safepoint "G1CollectForAllocation", Time since last: 159737824 ns, Reaching safepoint: 124798 ns, At safepoint: 2299124 ns, Total: 2423922 ns
[9.213s][debug][gc,heap        ] GC(35) Heap before GC invocations=35 (full 1): garbage-first heap   total 319488K, used 194549K [0x0000000700000000, 0x0000000800000000)
[9.213s][debug][gc,heap        ] GC(35)   region size 1024K, 187 young (191488K), 1 survivors (1024K)
[9.213s][debug][gc,heap        ] GC(35)  Metaspace       used 10386K, capacity 10712K, committed 10880K, reserved 1058816K
[9.213s][debug][gc,heap        ] GC(35)   class space    used 1202K, capacity 1338K, committed 1408K, reserved 1048576K
[9.213s][info ][gc,start       ] GC(35) Pause Young (Normal) (G1 Evacuation Pause)
[9.213s][info ][gc,task        ] GC(35) Using 8 workers of 8 for evacuation
[9.213s][debug][gc,tlab        ] GC(35) TLAB totals: thrds: 10  refills: 747 max: 108 slow allocs: 0 max 0 waste:  1.0% gc: 1528592B max: 391136B slow: 430456B max: 62744B fast: 0B max: 0B
[9.213s][debug][gc,age         ] GC(35) Desired survivor size 12582912 bytes, new threshold 15 (max threshold 15)
[9.213s][debug][gc,alloc,region] GC(35) Mutator Allocation stats, regions: 186, wasted size: 0B ( 0.0%)
[9.213s][debug][gc,ergo        ] GC(35) Running G1 Merge Heap Roots using 8 workers for 187 regions
[9.213s][debug][gc,remset      ] GC(35) Visited cards 1792 Total dirty 10240 (17.50%) Total old 784384 (0.23%)
[9.213s][debug][gc,ergo        ] GC(35) Running G1 Clear Card Table Task using 1 workers for 1 units of work for 192 regions.
[9.213s][debug][gc,ref         ] GC(35) Skipped phase1 of Reference Processing due to unavailable references
[9.214s][debug][gc,ref         ] GC(35) Skipped phase3 of Reference Processing due to unavailable references
[9.214s][debug][gc,ref         ] GC(35) Skipped phase4 of Reference Processing due to unavailable references
[9.214s][debug][gc,ergo        ] GC(35) Running G1 Free Collection Set using 8 workers for collection set length 187 (312)
[9.214s][debug][gc,ergo        ] GC(35) Running G1 Rebuild Free List Task using 8 workers for rebuilding free list of 0 (4096) regions
[9.214s][trace][gc,age         ] GC(35) Age table with threshold 15 (max threshold 15)
[9.214s][trace][gc,age         ] GC(35) - age   1:        696 bytes,        696 total
[9.214s][trace][gc,age         ] GC(35) - age   9:        176 bytes,        872 total
[9.214s][trace][gc,age         ] GC(35) - age  14:         32 bytes,        904 total
[9.214s][debug][gc,plab        ] GC(35) Young PLAB allocation: allocated: 14448B, wasted: 0B, unused: 13544B, used: 904B, undo waste: 0B, 
[9.214s][debug][gc,plab        ] GC(35) Young other allocation: region end waste: 0B, regions filled: 1, direct allocated: 0B, failure used: 0B, failure wasted: 0B
[9.214s][debug][gc,plab        ] GC(35) Young sizing: calculated: 176B, actual: 2064B
[9.214s][debug][gc,plab        ] GC(35) Old PLAB allocation: allocated: 0B, wasted: 0B, unused: 0B, used: 0B, undo waste: 0B, 
[9.214s][debug][gc,plab        ] GC(35) Old other allocation: region end waste: 0B, regions filled: 1, direct allocated: 0B, failure used: 0B, failure wasted: 0B
[9.214s][debug][gc,plab        ] GC(35) Old sizing: calculated: 0B, actual: 2064B
[9.214s][debug][gc,ihop        ] GC(35) Basic information (value update), threshold: 147220070B (45.00), target occupancy: 327155712B, current occupancy: 4181176B, recent allocation size: 0B, recent allocation duration: 153.10ms, recent old gen allocation rate: 0.00B/s, recent marking phase length: 0.00ms
[9.214s][debug][gc,ihop        ] GC(35) Adaptive IHOP information (value update), threshold: 147220070B (47.37), internal target occupancy: 310797926B, occupancy: 4181176B, additional buffer size: 196083712B, predicted old gen allocation rate: 38978.89B/s, predicted marking phase length: 0.00ms, prediction active: false
[9.214s][debug][gc,ergo,refine ] GC(35) Concurrent refinement times: Logged Cards Scan time goal: 20.00ms Logged Cards Scan time: 0.00ms HCC time: 0.00ms
[9.214s][debug][gc,ergo,refine ] GC(35) Updated Refinement Zones: green: 2048, yellow: 6144, red: 10240
[9.214s][info ][gc,phases      ] GC(35)   Pre Evacuate Collection Set: 0.1ms
[9.214s][debug][gc,phases      ] GC(35)     Prepare TLABs: 0.0ms
[9.214s][debug][gc,phases      ] GC(35)     Choose Collection Set: 0.0ms
[9.214s][debug][gc,phases      ] GC(35)     Region Register: 0.1ms
[9.214s][debug][gc,phases      ] GC(35)     Prepare Heap Roots: 0.0ms
[9.214s][info ][gc,phases      ] GC(35)   Merge Heap Roots: 0.1ms
[9.214s][debug][gc,phases      ] GC(35)     Prepare Merge Heap Roots: 0.0ms
[9.214s][debug][gc,phases      ] GC(35)     Eager Reclaim (ms):       skipped
[9.214s][debug][gc,phases      ] GC(35)     Remembered Sets (ms):     Min:  0.0, Avg:  0.0, Max:  0.0, Diff:  0.0, Sum:  0.0, Workers: 8
[9.214s][debug][gc,phases      ] GC(35)       Merged Sparse:            Min: 0, Avg:  0.0, Max: 0, Diff: 0, Sum: 0, Workers: 8
[9.214s][debug][gc,phases      ] GC(35)       Merged Fine:              Min: 0, Avg:  0.0, Max: 0, Diff: 0, Sum: 0, Workers: 8
[9.214s][debug][gc,phases      ] GC(35)       Merged Coarse:            Min: 0, Avg:  0.0, Max: 0, Diff: 0, Sum: 0, Workers: 8
[9.214s][debug][gc,phases      ] GC(35)       Dirty Cards:              Min: 0, Avg:  0.0, Max: 0, Diff: 0, Sum: 0, Workers: 8
[9.214s][debug][gc,phases      ] GC(35)     Hot Card Cache (ms):      Min:  0.0, Avg:  0.0, Max:  0.0, Diff:  0.0, Sum:  0.0, Workers: 8
[9.214s][debug][gc,phases      ] GC(35)       Dirty Cards:              Min: 0, Avg:  0.0, Max: 0, Diff: 0, Sum: 0, Workers: 8
[9.214s][debug][gc,phases      ] GC(35)       Skipped Cards:            Min: 0, Avg:  0.0, Max: 0, Diff: 0, Sum: 0, Workers: 8
[9.214s][debug][gc,phases      ] GC(35)     Log Buffers (ms):         Min:  0.0, Avg:  0.0, Max:  0.0, Diff:  0.0, Sum:  0.0, Workers: 8
[9.214s][debug][gc,phases      ] GC(35)       Dirty Cards:              Min: 0, Avg:  1.6, Max: 9, Diff: 9, Sum: 13, Workers: 8
[9.214s][debug][gc,phases      ] GC(35)       Skipped Cards:            Min: 0, Avg:  0.0, Max: 0, Diff: 0, Sum: 0, Workers: 8
[9.214s][info ][gc,phases      ] GC(35)   Evacuate Collection Set: 0.2ms
[9.214s][debug][gc,phases      ] GC(35)     Ext Root Scanning (ms):   Min:  0.0, Avg:  0.0, Max:  0.1, Diff:  0.1, Sum:  0.3, Workers: 8
[9.214s][debug][gc,phases      ] GC(35)     Scan Heap Roots (ms):     Min:  0.0, Avg:  0.0, Max:  0.0, Diff:  0.0, Sum:  0.0, Workers: 8
[9.214s][debug][gc,phases      ] GC(35)       Scanned Cards:            Min: 0, Avg:  1.6, Max: 5, Diff: 5, Sum: 13, Workers: 8
[9.214s][debug][gc,phases      ] GC(35)       Scanned Blocks:           Min: 0, Avg:  1.4, Max: 4, Diff: 4, Sum: 11, Workers: 8
[9.214s][debug][gc,phases      ] GC(35)       Claimed Chunks:           Min: 0, Avg:  0.9, Max: 2, Diff: 2, Sum: 7, Workers: 8
[9.214s][debug][gc,phases      ] GC(35)     Code Root Scan (ms):      Min:  0.0, Avg:  0.0, Max:  0.0, Diff:  0.0, Sum:  0.0, Workers: 8
[9.214s][debug][gc,phases      ] GC(35)     Object Copy (ms):         Min:  0.0, Avg:  0.0, Max:  0.0, Diff:  0.0, Sum:  0.0, Workers: 8
[9.214s][debug][gc,phases      ] GC(35)     Termination (ms):         Min:  0.0, Avg:  0.0, Max:  0.1, Diff:  0.0, Sum:  0.3, Workers: 8
[9.214s][debug][gc,phases      ] GC(35)       Termination Attempts:     Min: 1, Avg:  1.0, Max: 1, Diff: 0, Sum: 8, Workers: 8
[9.214s][debug][gc,phases      ] GC(35)     GC Worker Other (ms):     Min:  0.0, Avg:  0.0, Max:  0.0, Diff:  0.0, Sum:  0.1, Workers: 8
[9.214s][debug][gc,phases      ] GC(35)     GC Worker Total (ms):     Min:  0.1, Avg:  0.1, Max:  0.1, Diff:  0.1, Sum:  0.9, Workers: 8
[9.214s][info ][gc,phases      ] GC(35)   Post Evacuate Collection Set: 0.4ms
[9.214s][debug][gc,phases      ] GC(35)     Code Roots Fixup: 0.0ms
[9.214s][debug][gc,phases      ] GC(35)     Clear Card Table: 0.1ms
[9.214s][debug][gc,phases      ] GC(35)     Reference Processing: 0.0ms
[9.214s][debug][gc,phases,ref  ] GC(35)       Reconsider SoftReferences: 0.0ms
[9.214s][debug][gc,phases,ref  ] GC(35)         SoftRef (ms):             skipped
[9.214s][debug][gc,phases,ref  ] GC(35)       Notify Soft/WeakReferences: 0.0ms
[9.214s][debug][gc,phases,ref  ] GC(35)         SoftRef (ms):             Min:  0.0, Avg:  0.0, Max:  0.0, Diff:  0.0, Sum:  0.0, Workers: 1
[9.214s][debug][gc,phases,ref  ] GC(35)         WeakRef (ms):             Min:  0.0, Avg:  0.0, Max:  0.0, Diff:  0.0, Sum:  0.0, Workers: 1
[9.214s][debug][gc,phases,ref  ] GC(35)         FinalRef (ms):            Min:  0.0, Avg:  0.0, Max:  0.0, Diff:  0.0, Sum:  0.0, Workers: 1
[9.214s][debug][gc,phases,ref  ] GC(35)         Total (ms):               Min:  0.0, Avg:  0.0, Max:  0.0, Diff:  0.0, Sum:  0.0, Workers: 1
[9.214s][debug][gc,phases,ref  ] GC(35)       Notify and keep alive finalizable: 0.0ms
[9.214s][debug][gc,phases,ref  ] GC(35)         FinalRef (ms):            skipped
[9.214s][debug][gc,phases,ref  ] GC(35)       Notify PhantomReferences: 0.0ms
[9.214s][debug][gc,phases,ref  ] GC(35)         PhantomRef (ms):          skipped
[9.214s][debug][gc,phases,ref  ] GC(35)       SoftReference:
[9.214s][debug][gc,phases,ref  ] GC(35)         Discovered: 0
[9.214s][debug][gc,phases,ref  ] GC(35)         Cleared: 0
[9.214s][debug][gc,phases,ref  ] GC(35)       WeakReference:
[9.214s][debug][gc,phases,ref  ] GC(35)         Discovered: 1
[9.214s][debug][gc,phases,ref  ] GC(35)         Cleared: 0
[9.214s][debug][gc,phases,ref  ] GC(35)       FinalReference:
[9.214s][debug][gc,phases,ref  ] GC(35)         Discovered: 0
[9.214s][debug][gc,phases,ref  ] GC(35)         Cleared: 0
[9.214s][debug][gc,phases,ref  ] GC(35)       PhantomReference:
[9.214s][debug][gc,phases,ref  ] GC(35)         Discovered: 0
[9.214s][debug][gc,phases,ref  ] GC(35)         Cleared: 0
[9.214s][debug][gc,phases      ] GC(35)     Weak Processing: 0.1ms
[9.214s][debug][gc,phases      ] GC(35)       JVMTI weak processing: 0.0ms
[9.214s][debug][gc,phases      ] GC(35)         Dead: 0
[9.214s][debug][gc,phases      ] GC(35)         Total: 0
[9.214s][debug][gc,phases      ] GC(35)       JFR weak processing: 0.0ms
[9.214s][debug][gc,phases      ] GC(35)         Dead: 0
[9.214s][debug][gc,phases      ] GC(35)         Total: 0
[9.214s][debug][gc,phases      ] GC(35)       JNI weak                  Min:  0.0, Avg:  0.0, Max:  0.0, Diff:  0.0, Sum:  0.0, Workers: 5
[9.214s][debug][gc,phases      ] GC(35)         Dead                      Min: 0, Avg:  0.0, Max: 0, Diff: 0, Sum: 0, Workers: 5
[9.214s][debug][gc,phases      ] GC(35)         Total                     Min: 0, Avg: 10.8, Max: 50, Diff: 50, Sum: 54, Workers: 5
[9.214s][debug][gc,phases      ] GC(35)       VM weak                   Min:  0.0, Avg:  0.0, Max:  0.0, Diff:  0.0, Sum:  0.0, Workers: 5
[9.214s][debug][gc,phases      ] GC(35)         Dead                      Min: 0, Avg:  0.0, Max: 0, Diff: 0, Sum: 0, Workers: 5
[9.214s][debug][gc,phases      ] GC(35)         Total                     Min: 0, Avg: 44.0, Max: 128, Diff: 128, Sum: 220, Workers: 5
[9.214s][debug][gc,phases      ] GC(35)       StringTable weak          Min:  0.0, Avg:  0.0, Max:  0.0, Diff:  0.0, Sum:  0.1, Workers: 5
[9.214s][debug][gc,phases      ] GC(35)         Dead                      Min: 0, Avg:  0.0, Max: 0, Diff: 0, Sum: 0, Workers: 5
[9.214s][debug][gc,phases      ] GC(35)         Total                     Min: 0, Avg: 718.2, Max: 1663, Diff: 1663, Sum: 3591, Workers: 5
[9.214s][debug][gc,phases      ] GC(35)       ResolvedMethodTable weak  Min:  0.0, Avg:  0.0, Max:  0.0, Diff:  0.0, Sum:  0.0, Workers: 5
[9.214s][debug][gc,phases      ] GC(35)         Dead                      Min: 0, Avg:  0.0, Max: 0, Diff: 0, Sum: 0, Workers: 5
[9.214s][debug][gc,phases      ] GC(35)         Total                     Min: 0, Avg: 116.6, Max: 192, Diff: 192, Sum: 583, Workers: 5
[9.214s][debug][gc,phases      ] GC(35)     Merge Per-Thread State: 0.0ms
[9.214s][debug][gc,phases      ] GC(35)       Copied Bytes              Min: 0, Avg: 113.0, Max: 440, Diff: 440, Sum: 904, Workers: 8
[9.214s][debug][gc,phases      ] GC(35)       LAB Waste                 Min: 0, Avg:  0.0, Max: 0, Diff: 0, Sum: 0, Workers: 8
[9.214s][debug][gc,phases      ] GC(35)       LAB Undo Waste            Min: 0, Avg:  0.0, Max: 0, Diff: 0, Sum: 0, Workers: 8
[9.214s][debug][gc,phases      ] GC(35)     Code Roots Purge: 0.0ms
[9.214s][debug][gc,phases      ] GC(35)     Redirty Cards: 0.0ms
[9.214s][debug][gc,phases      ] GC(35)     DerivedPointerTable Update: 0.0ms
[9.214s][debug][gc,phases      ] GC(35)     Free Collection Set: 0.1ms
[9.214s][debug][gc,phases      ] GC(35)     Rebuild Free List: 0.0ms
[9.214s][debug][gc,phases      ] GC(35)     Humongous Reclaim: 0.0ms
[9.214s][debug][gc,phases      ] GC(35)     Start New Collection Set: 0.0ms
[9.214s][debug][gc,phases      ] GC(35)     Resize TLABs: 0.0ms
[9.214s][debug][gc,phases      ] GC(35)     Expand Heap After Collection: 0.0ms
[9.214s][info ][gc,phases      ] GC(35)   Other: 0.3ms
[9.214s][info ][gc,heap        ] GC(35) Eden regions: 186->0(186)
[9.214s][info ][gc,heap        ] GC(35) Survivor regions: 1->1(24)
[9.214s][info ][gc,heap        ] GC(35) Old regions: 7->7
[9.214s][info ][gc,heap        ] GC(35) Archive regions: 2->2
[9.214s][info ][gc,heap        ] GC(35) Humongous regions: 0->0
[9.214s][info ][gc,metaspace   ] GC(35) Metaspace: 10386K(10880K)->10386K(10880K) NonClass: 9183K(9472K)->9183K(9472K) Class: 1202K(1408K)->1202K(1408K)
[9.214s][debug][gc,heap        ] GC(35) Heap after GC invocations=36 (full 1): garbage-first heap   total 319488K, used 4083K [0x0000000700000000, 0x0000000800000000)
[9.214s][debug][gc,heap        ] GC(35)   region size 1024K, 1 young (1024K), 1 survivors (1024K)
[9.214s][debug][gc,heap        ] GC(35)  Metaspace       used 10386K, capacity 10712K, committed 10880K, reserved 1058816K
[9.215s][debug][gc,heap        ] GC(35)   class space    used 1202K, capacity 1338K, committed 1408K, reserved 1048576K
[9.215s][info ][gc             ] GC(35) Pause Young (Normal) (G1 Evacuation Pause) 189M->3M(312M) 1.587ms
[9.215s][info ][gc,cpu         ] GC(35) User=0.00s Sys=0.00s Real=0.00s
[9.215s][info ][safepoint      ] Safepoint "G1CollectForAllocation", Time since last: 151643500 ns, Reaching safepoint: 156086 ns, At safepoint: 1769427 ns, Total: 1925513 ns
[9.374s][debug][gc,heap        ] GC(36) Heap before GC invocations=36 (full 1): garbage-first heap   total 319488K, used 194547K [0x0000000700000000, 0x0000000800000000)
[9.374s][debug][gc,heap        ] GC(36)   region size 1024K, 187 young (191488K), 1 survivors (1024K)
[9.374s][debug][gc,heap        ] GC(36)  Metaspace       used 10386K, capacity 10712K, committed 10880K, reserved 1058816K
[9.374s][debug][gc,heap        ] GC(36)   class space    used 1202K, capacity 1338K, committed 1408K, reserved 1048576K
[9.374s][info ][gc,start       ] GC(36) Pause Young (Normal) (G1 Evacuation Pause)
[9.374s][info ][gc,task        ] GC(36) Using 8 workers of 8 for evacuation
[9.374s][debug][gc,tlab        ] GC(36) TLAB totals: thrds: 8  refills: 748 max: 100 slow allocs: 0 max 0 waste:  1.2% gc: 1888912B max: 383848B slow: 433280B max: 57984B fast: 0B max: 0B
[9.374s][debug][gc,age         ] GC(36) Desired survivor size 12582912 bytes, new threshold 15 (max threshold 15)
[9.374s][debug][gc,alloc,region] GC(36) Mutator Allocation stats, regions: 186, wasted size: 0B ( 0.0%)
[9.374s][debug][gc,ergo        ] GC(36) Running G1 Merge Heap Roots using 8 workers for 187 regions
[9.374s][debug][gc,remset      ] GC(36) Visited cards 1536 Total dirty 10240 (15.00%) Total old 784384 (0.20%)
[9.374s][debug][gc,ergo        ] GC(36) Running G1 Clear Card Table Task using 1 workers for 1 units of work for 192 regions.
[9.374s][debug][gc,ref         ] GC(36) Skipped phase1 of Reference Processing due to unavailable references
[9.374s][debug][gc,ref         ] GC(36) Skipped phase2 of Reference Processing due to unavailable references
[9.374s][debug][gc,ref         ] GC(36) Skipped phase3 of Reference Processing due to unavailable references
[9.374s][debug][gc,ref         ] GC(36) Skipped phase4 of Reference Processing due to unavailable references
[9.375s][debug][gc,ergo        ] GC(36) Running G1 Free Collection Set using 8 workers for collection set length 187 (312)
[9.375s][debug][gc,ergo        ] GC(36) Running G1 Rebuild Free List Task using 8 workers for rebuilding free list of 0 (4096) regions
[9.375s][trace][gc,age         ] GC(36) Age table with threshold 15 (max threshold 15)
[9.375s][trace][gc,age         ] GC(36) - age   1:        400 bytes,        400 total
[9.375s][trace][gc,age         ] GC(36) - age   2:        240 bytes,        640 total
[9.375s][trace][gc,age         ] GC(36) - age  10:        176 bytes,        816 total
[9.375s][trace][gc,age         ] GC(36) - age  15:         32 bytes,        848 total
[9.375s][debug][gc,plab        ] GC(36) Young PLAB allocation: allocated: 16512B, wasted: 0B, unused: 15664B, used: 848B, undo waste: 0B, 
[9.375s][debug][gc,plab        ] GC(36) Young other allocation: region end waste: 0B, regions filled: 1, direct allocated: 0B, failure used: 0B, failure wasted: 0B
[9.375s][debug][gc,plab        ] GC(36) Young sizing: calculated: 168B, actual: 2064B
[9.375s][debug][gc,plab        ] GC(36) Old PLAB allocation: allocated: 0B, wasted: 0B, unused: 0B, used: 0B, undo waste: 0B, 
[9.375s][debug][gc,plab        ] GC(36) Old other allocation: region end waste: 0B, regions filled: 1, direct allocated: 0B, failure used: 0B, failure wasted: 0B
[9.375s][debug][gc,plab        ] GC(36) Old sizing: calculated: 0B, actual: 2064B
[9.375s][debug][gc,ihop        ] GC(36) Basic information (value update), threshold: 147220070B (45.00), target occupancy: 327155712B, current occupancy: 4183240B, recent allocation size: 0B, recent allocation duration: 160.04ms, recent old gen allocation rate: 0.00B/s, recent marking phase length: 0.00ms
[9.375s][debug][gc,ihop        ] GC(36) Adaptive IHOP information (value update), threshold: 147220070B (47.37), internal target occupancy: 310797926B, occupancy: 4183240B, additional buffer size: 196083712B, predicted old gen allocation rate: 37718.70B/s, predicted marking phase length: 0.00ms, prediction active: false
[9.375s][debug][gc,ergo,refine ] GC(36) Concurrent refinement times: Logged Cards Scan time goal: 20.00ms Logged Cards Scan time: 0.00ms HCC time: 0.00ms
[9.375s][debug][gc,ergo,refine ] GC(36) Updated Refinement Zones: green: 2048, yellow: 6144, red: 10240
[9.375s][info ][gc,phases      ] GC(36)   Pre Evacuate Collection Set: 0.1ms
[9.375s][debug][gc,phases      ] GC(36)     Prepare TLABs: 0.0ms
[9.375s][debug][gc,phases      ] GC(36)     Choose Collection Set: 0.0ms
[9.375s][debug][gc,phases      ] GC(36)     Region Register: 0.1ms
[9.375s][debug][gc,phases      ] GC(36)     Prepare Heap Roots: 0.0ms
[9.375s][info ][gc,phases      ] GC(36)   Merge Heap Roots: 0.1ms
[9.375s][debug][gc,phases      ] GC(36)     Prepare Merge Heap Roots: 0.0ms
[9.375s][debug][gc,phases      ] GC(36)     Eager Reclaim (ms):       skipped
[9.375s][debug][gc,phases      ] GC(36)     Remembered Sets (ms):     Min:  0.0, Avg:  0.0, Max:  0.0, Diff:  0.0, Sum:  0.1, Workers: 8
[9.375s][debug][gc,phases      ] GC(36)       Merged Sparse:            Min: 0, Avg:  0.0, Max: 0, Diff: 0, Sum: 0, Workers: 8
[9.375s][debug][gc,phases      ] GC(36)       Merged Fine:              Min: 0, Avg:  0.0, Max: 0, Diff: 0, Sum: 0, Workers: 8
[9.375s][debug][gc,phases      ] GC(36)       Merged Coarse:            Min: 0, Avg:  0.0, Max: 0, Diff: 0, Sum: 0, Workers: 8
[9.375s][debug][gc,phases      ] GC(36)       Dirty Cards:              Min: 0, Avg:  0.0, Max: 0, Diff: 0, Sum: 0, Workers: 8
[9.375s][debug][gc,phases      ] GC(36)     Hot Card Cache (ms):      Min:  0.0, Avg:  0.0, Max:  0.0, Diff:  0.0, Sum:  0.0, Workers: 8
[9.375s][debug][gc,phases      ] GC(36)       Dirty Cards:              Min: 0, Avg:  0.0, Max: 0, Diff: 0, Sum: 0, Workers: 8
[9.375s][debug][gc,phases      ] GC(36)       Skipped Cards:            Min: 0, Avg:  0.0, Max: 0, Diff: 0, Sum: 0, Workers: 8
[9.375s][debug][gc,phases      ] GC(36)     Log Buffers (ms):         Min:  0.0, Avg:  0.0, Max:  0.0, Diff:  0.0, Sum:  0.0, Workers: 8
[9.375s][debug][gc,phases      ] GC(36)       Dirty Cards:              Min: 0, Avg:  1.2, Max: 4, Diff: 4, Sum: 10, Workers: 8
[9.375s][debug][gc,phases      ] GC(36)       Skipped Cards:            Min: 0, Avg:  0.0, Max: 0, Diff: 0, Sum: 0, Workers: 8
[9.375s][info ][gc,phases      ] GC(36)   Evacuate Collection Set: 0.2ms
[9.375s][debug][gc,phases      ] GC(36)     Ext Root Scanning (ms):   Min:  0.0, Avg:  0.0, Max:  0.1, Diff:  0.1, Sum:  0.3, Workers: 8
[9.375s][debug][gc,phases      ] GC(36)     Scan Heap Roots (ms):     Min:  0.0, Avg:  0.0, Max:  0.0, Diff:  0.0, Sum:  0.0, Workers: 8
[9.375s][debug][gc,phases      ] GC(36)       Scanned Cards:            Min: 0, Avg:  1.0, Max: 3, Diff: 3, Sum: 8, Workers: 8
[9.375s][debug][gc,phases      ] GC(36)       Scanned Blocks:           Min: 0, Avg:  1.0, Max: 3, Diff: 3, Sum: 8, Workers: 8
[9.375s][debug][gc,phases      ] GC(36)       Claimed Chunks:           Min: 0, Avg:  0.8, Max: 2, Diff: 2, Sum: 6, Workers: 8
[9.375s][debug][gc,phases      ] GC(36)     Code Root Scan (ms):      Min:  0.0, Avg:  0.0, Max:  0.0, Diff:  0.0, Sum:  0.0, Workers: 8
[9.375s][debug][gc,phases      ] GC(36)     Object Copy (ms):         Min:  0.0, Avg:  0.0, Max:  0.0, Diff:  0.0, Sum:  0.0, Workers: 8
[9.375s][debug][gc,phases      ] GC(36)     Termination (ms):         Min:  0.0, Avg:  0.1, Max:  0.1, Diff:  0.1, Sum:  0.9, Workers: 8
[9.375s][debug][gc,phases      ] GC(36)       Termination Attempts:     Min: 1, Avg:  1.0, Max: 1, Diff: 0, Sum: 8, Workers: 8
[9.375s][debug][gc,phases      ] GC(36)     GC Worker Other (ms):     Min:  0.0, Avg:  0.0, Max:  0.0, Diff:  0.0, Sum:  0.1, Workers: 8
[9.375s][debug][gc,phases      ] GC(36)     GC Worker Total (ms):     Min:  0.1, Avg:  0.2, Max:  0.2, Diff:  0.0, Sum:  1.4, Workers: 8
[9.375s][info ][gc,phases      ] GC(36)   Post Evacuate Collection Set: 0.3ms
[9.375s][debug][gc,phases      ] GC(36)     Code Roots Fixup: 0.0ms
[9.375s][debug][gc,phases      ] GC(36)     Clear Card Table: 0.1ms
[9.375s][debug][gc,phases      ] GC(36)     Reference Processing: 0.0ms
[9.375s][debug][gc,phases,ref  ] GC(36)       Reconsider SoftReferences: 0.0ms
[9.375s][debug][gc,phases,ref  ] GC(36)         SoftRef (ms):             skipped
[9.375s][debug][gc,phases,ref  ] GC(36)       Notify Soft/WeakReferences: 0.0ms
[9.375s][debug][gc,phases,ref  ] GC(36)         SoftRef (ms):             skipped
[9.375s][debug][gc,phases,ref  ] GC(36)         WeakRef (ms):             skipped
[9.375s][debug][gc,phases,ref  ] GC(36)         FinalRef (ms):            skipped
[9.375s][debug][gc,phases,ref  ] GC(36)         Total (ms):               skipped
[9.375s][debug][gc,phases,ref  ] GC(36)       Notify and keep alive finalizable: 0.0ms
[9.375s][debug][gc,phases,ref  ] GC(36)         FinalRef (ms):            skipped
[9.375s][debug][gc,phases,ref  ] GC(36)       Notify PhantomReferences: 0.0ms
[9.375s][debug][gc,phases,ref  ] GC(36)         PhantomRef (ms):          skipped
[9.375s][debug][gc,phases,ref  ] GC(36)       SoftReference:
[9.375s][debug][gc,phases,ref  ] GC(36)         Discovered: 0
[9.375s][debug][gc,phases,ref  ] GC(36)         Cleared: 0
[9.375s][debug][gc,phases,ref  ] GC(36)       WeakReference:
[9.375s][debug][gc,phases,ref  ] GC(36)         Discovered: 0
[9.375s][debug][gc,phases,ref  ] GC(36)         Cleared: 0
[9.375s][debug][gc,phases,ref  ] GC(36)       FinalReference:
[9.375s][debug][gc,phases,ref  ] GC(36)         Discovered: 0
[9.375s][debug][gc,phases,ref  ] GC(36)         Cleared: 0
[9.375s][debug][gc,phases,ref  ] GC(36)       PhantomReference:
[9.375s][debug][gc,phases,ref  ] GC(36)         Discovered: 0
[9.375s][debug][gc,phases,ref  ] GC(36)         Cleared: 0
[9.375s][debug][gc,phases      ] GC(36)     Weak Processing: 0.0ms
[9.375s][debug][gc,phases      ] GC(36)       JVMTI weak processing: 0.0ms
[9.375s][debug][gc,phases      ] GC(36)         Dead: 0
[9.375s][debug][gc,phases      ] GC(36)         Total: 0
[9.375s][debug][gc,phases      ] GC(36)       JFR weak processing: 0.0ms
[9.375s][debug][gc,phases      ] GC(36)         Dead: 0
[9.375s][debug][gc,phases      ] GC(36)         Total: 0
[9.375s][debug][gc,phases      ] GC(36)       JNI weak                  Min:  0.0, Avg:  0.0, Max:  0.0, Diff:  0.0, Sum:  0.0, Workers: 5
[9.375s][debug][gc,phases      ] GC(36)         Dead                      Min: 0, Avg:  0.0, Max: 0, Diff: 0, Sum: 0, Workers: 5
[9.375s][debug][gc,phases      ] GC(36)         Total                     Min: 0, Avg: 10.8, Max: 50, Diff: 50, Sum: 54, Workers: 5
[9.375s][debug][gc,phases      ] GC(36)       VM weak                   Min:  0.0, Avg:  0.0, Max:  0.0, Diff:  0.0, Sum:  0.0, Workers: 5
[9.375s][debug][gc,phases      ] GC(36)         Dead                      Min: 0, Avg:  0.0, Max: 0, Diff: 0, Sum: 0, Workers: 5
[9.375s][debug][gc,phases      ] GC(36)         Total                     Min: 0, Avg: 44.0, Max: 92, Diff: 92, Sum: 220, Workers: 5
[9.375s][debug][gc,phases      ] GC(36)       StringTable weak          Min:  0.0, Avg:  0.0, Max:  0.0, Diff:  0.0, Sum:  0.1, Workers: 5
[9.375s][debug][gc,phases      ] GC(36)         Dead                      Min: 0, Avg:  0.0, Max: 0, Diff: 0, Sum: 0, Workers: 5
[9.375s][debug][gc,phases      ] GC(36)         Total                     Min: 0, Avg: 718.2, Max: 959, Diff: 959, Sum: 3591, Workers: 5
[9.375s][debug][gc,phases      ] GC(36)       ResolvedMethodTable weak  Min:  0.0, Avg:  0.0, Max:  0.0, Diff:  0.0, Sum:  0.0, Workers: 5
[9.375s][debug][gc,phases      ] GC(36)         Dead                      Min: 0, Avg:  0.0, Max: 0, Diff: 0, Sum: 0, Workers: 5
[9.375s][debug][gc,phases      ] GC(36)         Total                     Min: 0, Avg: 116.6, Max: 192, Diff: 192, Sum: 583, Workers: 5
[9.375s][debug][gc,phases      ] GC(36)     Merge Per-Thread State: 0.0ms
[9.375s][debug][gc,phases      ] GC(36)       Copied Bytes              Min: 56, Avg: 106.0, Max: 160, Diff: 104, Sum: 848, Workers: 8
[9.375s][debug][gc,phases      ] GC(36)       LAB Waste                 Min: 0, Avg:  0.0, Max: 0, Diff: 0, Sum: 0, Workers: 8
[9.375s][debug][gc,phases      ] GC(36)       LAB Undo Waste            Min: 0, Avg:  0.0, Max: 0, Diff: 0, Sum: 0, Workers: 8
[9.375s][debug][gc,phases      ] GC(36)     Code Roots Purge: 0.0ms
[9.375s][debug][gc,phases      ] GC(36)     Redirty Cards: 0.0ms
[9.375s][debug][gc,phases      ] GC(36)     DerivedPointerTable Update: 0.0ms
[9.375s][debug][gc,phases      ] GC(36)     Free Collection Set: 0.1ms
[9.375s][debug][gc,phases      ] GC(36)     Rebuild Free List: 0.0ms
[9.375s][debug][gc,phases      ] GC(36)     Humongous Reclaim: 0.0ms
[9.375s][debug][gc,phases      ] GC(36)     Start New Collection Set: 0.0ms
[9.375s][debug][gc,phases      ] GC(36)     Resize TLABs: 0.0ms
[9.375s][debug][gc,phases      ] GC(36)     Expand Heap After Collection: 0.0ms
[9.375s][info ][gc,phases      ] GC(36)   Other: 0.3ms
[9.375s][info ][gc,heap        ] GC(36) Eden regions: 186->0(186)
[9.375s][info ][gc,heap        ] GC(36) Survivor regions: 1->1(24)
[9.375s][info ][gc,heap        ] GC(36) Old regions: 7->7
[9.375s][info ][gc,heap        ] GC(36) Archive regions: 2->2
[9.375s][info ][gc,heap        ] GC(36) Humongous regions: 0->0
[9.375s][info ][gc,metaspace   ] GC(36) Metaspace: 10386K(10880K)->10386K(10880K) NonClass: 9183K(9472K)->9183K(9472K) Class: 1202K(1408K)->1202K(1408K)
[9.375s][debug][gc,heap        ] GC(36) Heap after GC invocations=37 (full 1): garbage-first heap   total 319488K, used 4085K [0x0000000700000000, 0x0000000800000000)
[9.375s][debug][gc,heap        ] GC(36)   region size 1024K, 1 young (1024K), 1 survivors (1024K)
[9.375s][debug][gc,heap        ] GC(36)  Metaspace       used 10386K, capacity 10712K, committed 10880K, reserved 1058816K
[9.375s][debug][gc,heap        ] GC(36)   class space    used 1202K, capacity 1338K, committed 1408K, reserved 1048576K
[9.375s][info ][gc             ] GC(36) Pause Young (Normal) (G1 Evacuation Pause) 189M->3M(312M) 1.497ms
[9.375s][info ][gc,cpu         ] GC(36) User=0.01s Sys=0.00s Real=0.00s
[9.375s][info ][safepoint      ] Safepoint "G1CollectForAllocation", Time since last: 159001608 ns, Reaching safepoint: 192378 ns, At safepoint: 1682153 ns, Total: 1874531 ns
[9.506s][debug][gc,heap        ] GC(37) Heap before GC invocations=37 (full 1): garbage-first heap   total 319488K, used 194549K [0x0000000700000000, 0x0000000800000000)
[9.506s][debug][gc,heap        ] GC(37)   region size 1024K, 187 young (191488K), 1 survivors (1024K)
[9.506s][debug][gc,heap        ] GC(37)  Metaspace       used 10386K, capacity 10712K, committed 10880K, reserved 1058816K
[9.506s][debug][gc,heap        ] GC(37)   class space    used 1202K, capacity 1338K, committed 1408K, reserved 1048576K
[9.506s][info ][gc,start       ] GC(37) Pause Young (Normal) (G1 Evacuation Pause)
[9.506s][info ][gc,task        ] GC(37) Using 8 workers of 8 for evacuation
[9.506s][debug][gc,tlab        ] GC(37) TLAB totals: thrds: 8  refills: 746 max: 130 slow allocs: 0 max 0 waste:  0.8% gc: 1191680B max: 338832B slow: 430824B max: 75472B fast: 0B max: 0B
[9.506s][debug][gc,age         ] GC(37) Desired survivor size 12582912 bytes, new threshold 15 (max threshold 15)
[9.506s][debug][gc,alloc,region] GC(37) Mutator Allocation stats, regions: 186, wasted size: 0B ( 0.0%)
[9.506s][debug][gc,ergo        ] GC(37) Running G1 Merge Heap Roots using 8 workers for 187 regions
[9.507s][debug][gc,remset      ] GC(37) Visited cards 1536 Total dirty 10240 (15.00%) Total old 784384 (0.20%)
[9.507s][debug][gc,ergo        ] GC(37) Running G1 Clear Card Table Task using 1 workers for 1 units of work for 192 regions.
[9.507s][debug][gc,ref         ] GC(37) Skipped phase1 of Reference Processing due to unavailable references
[9.507s][debug][gc,ref         ] GC(37) Skipped phase2 of Reference Processing due to unavailable references
[9.507s][debug][gc,ref         ] GC(37) Skipped phase3 of Reference Processing due to unavailable references
[9.507s][debug][gc,ref         ] GC(37) Skipped phase4 of Reference Processing due to unavailable references
[9.507s][debug][gc,ergo        ] GC(37) Running G1 Free Collection Set using 8 workers for collection set length 187 (312)
[9.507s][debug][gc,ergo        ] GC(37) Running G1 Rebuild Free List Task using 8 workers for rebuilding free list of 0 (4096) regions
[9.507s][trace][gc,age         ] GC(37) Age table with threshold 15 (max threshold 15)
[9.507s][trace][gc,age         ] GC(37) - age   1:        480 bytes,        480 total
[9.507s][trace][gc,age         ] GC(37) - age   3:        240 bytes,        720 total
[9.507s][trace][gc,age         ] GC(37) - age  11:        176 bytes,        896 total
[9.507s][debug][gc,plab        ] GC(37) Young PLAB allocation: allocated: 12384B, wasted: 0B, unused: 11488B, used: 896B, undo waste: 0B, 
[9.507s][debug][gc,plab        ] GC(37) Young other allocation: region end waste: 0B, regions filled: 1, direct allocated: 0B, failure used: 0B, failure wasted: 0B
[9.507s][debug][gc,plab        ] GC(37) Young sizing: calculated: 176B, actual: 2064B
[9.507s][debug][gc,plab        ] GC(37) Old PLAB allocation: allocated: 2064B, wasted: 0B, unused: 2032B, used: 32B, undo waste: 0B, 
[9.507s][debug][gc,plab        ] GC(37) Old other allocation: region end waste: 0B, regions filled: 1, direct allocated: 0B, failure used: 0B, failure wasted: 0B
[9.507s][debug][gc,plab        ] GC(37) Old sizing: calculated: 0B, actual: 2064B
[9.507s][debug][gc,ihop        ] GC(37) Basic information (value update), threshold: 147220070B (45.00), target occupancy: 327155712B, current occupancy: 4181672B, recent allocation size: 2064B, recent allocation duration: 131.52ms, recent old gen allocation rate: 15692.97B/s, recent marking phase length: 0.00ms
[9.507s][debug][gc,ihop        ] GC(37) Adaptive IHOP information (value update), threshold: 147220070B (47.37), internal target occupancy: 310797926B, occupancy: 4181672B, additional buffer size: 196083712B, predicted old gen allocation rate: 37260.07B/s, predicted marking phase length: 0.00ms, prediction active: false
[9.507s][debug][gc,ergo,refine ] GC(37) Concurrent refinement times: Logged Cards Scan time goal: 20.00ms Logged Cards Scan time: 0.00ms HCC time: 0.00ms
[9.507s][debug][gc,ergo,refine ] GC(37) Updated Refinement Zones: green: 2048, yellow: 6144, red: 10240
[9.507s][info ][gc,phases      ] GC(37)   Pre Evacuate Collection Set: 0.1ms
[9.507s][debug][gc,phases      ] GC(37)     Prepare TLABs: 0.0ms
[9.507s][debug][gc,phases      ] GC(37)     Choose Collection Set: 0.0ms
[9.507s][debug][gc,phases      ] GC(37)     Region Register: 0.1ms
[9.507s][debug][gc,phases      ] GC(37)     Prepare Heap Roots: 0.0ms
[9.507s][info ][gc,phases      ] GC(37)   Merge Heap Roots: 0.1ms
[9.507s][debug][gc,phases      ] GC(37)     Prepare Merge Heap Roots: 0.0ms
[9.507s][debug][gc,phases      ] GC(37)     Eager Reclaim (ms):       skipped
[9.507s][debug][gc,phases      ] GC(37)     Remembered Sets (ms):     Min:  0.0, Avg:  0.0, Max:  0.0, Diff:  0.0, Sum:  0.1, Workers: 8
[9.507s][debug][gc,phases      ] GC(37)       Merged Sparse:            Min: 0, Avg:  0.0, Max: 0, Diff: 0, Sum: 0, Workers: 8
[9.507s][debug][gc,phases      ] GC(37)       Merged Fine:              Min: 0, Avg:  0.0, Max: 0, Diff: 0, Sum: 0, Workers: 8
[9.507s][debug][gc,phases      ] GC(37)       Merged Coarse:            Min: 0, Avg:  0.0, Max: 0, Diff: 0, Sum: 0, Workers: 8
[9.507s][debug][gc,phases      ] GC(37)       Dirty Cards:              Min: 0, Avg:  0.0, Max: 0, Diff: 0, Sum: 0, Workers: 8
[9.507s][debug][gc,phases      ] GC(37)     Hot Card Cache (ms):      Min:  0.0, Avg:  0.0, Max:  0.0, Diff:  0.0, Sum:  0.0, Workers: 8
[9.507s][debug][gc,phases      ] GC(37)       Dirty Cards:              Min: 0, Avg:  0.0, Max: 0, Diff: 0, Sum: 0, Workers: 8
[9.507s][debug][gc,phases      ] GC(37)       Skipped Cards:            Min: 0, Avg:  0.0, Max: 0, Diff: 0, Sum: 0, Workers: 8
[9.507s][debug][gc,phases      ] GC(37)     Log Buffers (ms):         Min:  0.0, Avg:  0.0, Max:  0.0, Diff:  0.0, Sum:  0.0, Workers: 8
[9.507s][debug][gc,phases      ] GC(37)       Dirty Cards:              Min: 0, Avg:  1.2, Max: 4, Diff: 4, Sum: 10, Workers: 8
[9.507s][debug][gc,phases      ] GC(37)       Skipped Cards:            Min: 0, Avg:  0.0, Max: 0, Diff: 0, Sum: 0, Workers: 8
[9.507s][info ][gc,phases      ] GC(37)   Evacuate Collection Set: 0.2ms
[9.507s][debug][gc,phases      ] GC(37)     Ext Root Scanning (ms):   Min:  0.0, Avg:  0.0, Max:  0.1, Diff:  0.1, Sum:  0.2, Workers: 8
[9.507s][debug][gc,phases      ] GC(37)     Scan Heap Roots (ms):     Min:  0.0, Avg:  0.0, Max:  0.0, Diff:  0.0, Sum:  0.0, Workers: 8
[9.507s][debug][gc,phases      ] GC(37)       Scanned Cards:            Min: 0, Avg:  1.0, Max: 2, Diff: 2, Sum: 8, Workers: 8
[9.507s][debug][gc,phases      ] GC(37)       Scanned Blocks:           Min: 0, Avg:  1.0, Max: 2, Diff: 2, Sum: 8, Workers: 8
[9.507s][debug][gc,phases      ] GC(37)       Claimed Chunks:           Min: 0, Avg:  0.8, Max: 2, Diff: 2, Sum: 6, Workers: 8
[9.507s][debug][gc,phases      ] GC(37)     Code Root Scan (ms):      Min:  0.0, Avg:  0.0, Max:  0.0, Diff:  0.0, Sum:  0.0, Workers: 8
[9.507s][debug][gc,phases      ] GC(37)     Object Copy (ms):         Min:  0.0, Avg:  0.0, Max:  0.0, Diff:  0.0, Sum:  0.0, Workers: 8
[9.507s][debug][gc,phases      ] GC(37)     Termination (ms):         Min:  0.0, Avg:  0.1, Max:  0.1, Diff:  0.1, Sum:  0.5, Workers: 8
[9.507s][debug][gc,phases      ] GC(37)       Termination Attempts:     Min: 1, Avg:  1.0, Max: 1, Diff: 0, Sum: 8, Workers: 8
[9.507s][debug][gc,phases      ] GC(37)     GC Worker Other (ms):     Min:  0.0, Avg:  0.0, Max:  0.0, Diff:  0.0, Sum:  0.1, Workers: 8
[9.507s][debug][gc,phases      ] GC(37)     GC Worker Total (ms):     Min:  0.1, Avg:  0.1, Max:  0.2, Diff:  0.1, Sum:  0.9, Workers: 8
[9.507s][info ][gc,phases      ] GC(37)   Post Evacuate Collection Set: 0.3ms
[9.507s][debug][gc,phases      ] GC(37)     Code Roots Fixup: 0.0ms
[9.507s][debug][gc,phases      ] GC(37)     Clear Card Table: 0.1ms
[9.507s][debug][gc,phases      ] GC(37)     Reference Processing: 0.0ms
[9.507s][debug][gc,phases,ref  ] GC(37)       Reconsider SoftReferences: 0.0ms
[9.507s][debug][gc,phases,ref  ] GC(37)         SoftRef (ms):             skipped
[9.507s][debug][gc,phases,ref  ] GC(37)       Notify Soft/WeakReferences: 0.0ms
[9.507s][debug][gc,phases,ref  ] GC(37)         SoftRef (ms):             skipped
[9.507s][debug][gc,phases,ref  ] GC(37)         WeakRef (ms):             skipped
[9.508s][debug][gc,phases,ref  ] GC(37)         FinalRef (ms):            skipped
[9.508s][debug][gc,phases,ref  ] GC(37)         Total (ms):               skipped
[9.508s][debug][gc,phases,ref  ] GC(37)       Notify and keep alive finalizable: 0.0ms
[9.508s][debug][gc,phases,ref  ] GC(37)         FinalRef (ms):            skipped
[9.508s][debug][gc,phases,ref  ] GC(37)       Notify PhantomReferences: 0.0ms
[9.508s][debug][gc,phases,ref  ] GC(37)         PhantomRef (ms):          skipped
[9.508s][debug][gc,phases,ref  ] GC(37)       SoftReference:
[9.508s][debug][gc,phases,ref  ] GC(37)         Discovered: 0
[9.508s][debug][gc,phases,ref  ] GC(37)         Cleared: 0
[9.508s][debug][gc,phases,ref  ] GC(37)       WeakReference:
[9.508s][debug][gc,phases,ref  ] GC(37)         Discovered: 0
[9.508s][debug][gc,phases,ref  ] GC(37)         Cleared: 0
[9.508s][debug][gc,phases,ref  ] GC(37)       FinalReference:
[9.508s][debug][gc,phases,ref  ] GC(37)         Discovered: 0
[9.508s][debug][gc,phases,ref  ] GC(37)         Cleared: 0
[9.508s][debug][gc,phases,ref  ] GC(37)       PhantomReference:
[9.508s][debug][gc,phases,ref  ] GC(37)         Discovered: 0
[9.508s][debug][gc,phases,ref  ] GC(37)         Cleared: 0
[9.508s][debug][gc,phases      ] GC(37)     Weak Processing: 0.0ms
[9.508s][debug][gc,phases      ] GC(37)       JVMTI weak processing: 0.0ms
[9.508s][debug][gc,phases      ] GC(37)         Dead: 0
[9.508s][debug][gc,phases      ] GC(37)         Total: 0
[9.508s][debug][gc,phases      ] GC(37)       JFR weak processing: 0.0ms
[9.508s][debug][gc,phases      ] GC(37)         Dead: 0
[9.508s][debug][gc,phases      ] GC(37)         Total: 0
[9.508s][debug][gc,phases      ] GC(37)       JNI weak                  Min:  0.0, Avg:  0.0, Max:  0.0, Diff:  0.0, Sum:  0.0, Workers: 5
[9.508s][debug][gc,phases      ] GC(37)         Dead                      Min: 0, Avg:  0.0, Max: 0, Diff: 0, Sum: 0, Workers: 5
[9.508s][debug][gc,phases      ] GC(37)         Total                     Min: 0, Avg: 10.8, Max: 54, Diff: 54, Sum: 54, Workers: 5
[9.508s][debug][gc,phases      ] GC(37)       VM weak                   Min:  0.0, Avg:  0.0, Max:  0.0, Diff:  0.0, Sum:  0.0, Workers: 5
[9.508s][debug][gc,phases      ] GC(37)         Dead                      Min: 0, Avg:  0.0, Max: 0, Diff: 0, Sum: 0, Workers: 5
[9.508s][debug][gc,phases      ] GC(37)         Total                     Min: 0, Avg: 44.0, Max: 128, Diff: 128, Sum: 220, Workers: 5
[9.508s][debug][gc,phases      ] GC(37)       StringTable weak          Min:  0.0, Avg:  0.0, Max:  0.0, Diff:  0.0, Sum:  0.1, Workers: 5
[9.508s][debug][gc,phases      ] GC(37)         Dead                      Min: 0, Avg:  0.0, Max: 0, Diff: 0, Sum: 0, Workers: 5
[9.508s][debug][gc,phases      ] GC(37)         Total                     Min: 0, Avg: 718.2, Max: 959, Diff: 959, Sum: 3591, Workers: 5
[9.508s][debug][gc,phases      ] GC(37)       ResolvedMethodTable weak  Min:  0.0, Avg:  0.0, Max:  0.0, Diff:  0.0, Sum:  0.0, Workers: 5
[9.508s][debug][gc,phases      ] GC(37)         Dead                      Min: 0, Avg:  0.0, Max: 0, Diff: 0, Sum: 0, Workers: 5
[9.508s][debug][gc,phases      ] GC(37)         Total                     Min: 0, Avg: 116.6, Max: 192, Diff: 192, Sum: 583, Workers: 5
[9.508s][debug][gc,phases      ] GC(37)     Merge Per-Thread State: 0.0ms
[9.508s][debug][gc,phases      ] GC(37)       Copied Bytes              Min: 0, Avg: 116.0, Max: 320, Diff: 320, Sum: 928, Workers: 8
[9.508s][debug][gc,phases      ] GC(37)       LAB Waste                 Min: 0, Avg:  0.0, Max: 0, Diff: 0, Sum: 0, Workers: 8
[9.508s][debug][gc,phases      ] GC(37)       LAB Undo Waste            Min: 0, Avg:  0.0, Max: 0, Diff: 0, Sum: 0, Workers: 8
[9.508s][debug][gc,phases      ] GC(37)     Code Roots Purge: 0.0ms
[9.508s][debug][gc,phases      ] GC(37)     Redirty Cards: 0.0ms
[9.508s][debug][gc,phases      ] GC(37)     DerivedPointerTable Update: 0.0ms
[9.508s][debug][gc,phases      ] GC(37)     Free Collection Set: 0.1ms
[9.508s][debug][gc,phases      ] GC(37)     Rebuild Free List: 0.0ms
[9.508s][debug][gc,phases      ] GC(37)     Humongous Reclaim: 0.0ms
[9.508s][debug][gc,phases      ] GC(37)     Start New Collection Set: 0.0ms
[9.508s][debug][gc,phases      ] GC(37)     Resize TLABs: 0.0ms
[9.508s][debug][gc,phases      ] GC(37)     Expand Heap After Collection: 0.0ms
[9.508s][info ][gc,phases      ] GC(37)   Other: 0.3ms
[9.508s][info ][gc,heap        ] GC(37) Eden regions: 186->0(186)
[9.508s][info ][gc,heap        ] GC(37) Survivor regions: 1->1(24)
[9.508s][info ][gc,heap        ] GC(37) Old regions: 7->7
[9.508s][info ][gc,heap        ] GC(37) Archive regions: 2->2
[9.508s][info ][gc,heap        ] GC(37) Humongous regions: 0->0
[9.508s][info ][gc,metaspace   ] GC(37) Metaspace: 10386K(10880K)->10386K(10880K) NonClass: 9183K(9472K)->9183K(9472K) Class: 1202K(1408K)->1202K(1408K)
[9.508s][debug][gc,heap        ] GC(37) Heap after GC invocations=38 (full 1): garbage-first heap   total 319488K, used 4083K [0x0000000700000000, 0x0000000800000000)
[9.508s][debug][gc,heap        ] GC(37)   region size 1024K, 1 young (1024K), 1 survivors (1024K)
[9.508s][debug][gc,heap        ] GC(37)  Metaspace       used 10386K, capacity 10712K, committed 10880K, reserved 1058816K
[9.508s][debug][gc,heap        ] GC(37)   class space    used 1202K, capacity 1338K, committed 1408K, reserved 1048576K
[9.508s][info ][gc             ] GC(37) Pause Young (Normal) (G1 Evacuation Pause) 189M->3M(312M) 1.649ms
[9.508s][info ][gc,cpu         ] GC(37) User=0.01s Sys=0.00s Real=0.00s
[9.508s][info ][safepoint      ] Safepoint "G1CollectForAllocation", Time since last: 130531488 ns, Reaching safepoint: 140996 ns, At safepoint: 1855290 ns, Total: 1996286 ns
[9.663s][debug][gc,heap        ] GC(38) Heap before GC invocations=38 (full 1): garbage-first heap   total 319488K, used 194547K [0x0000000700000000, 0x0000000800000000)
[9.663s][debug][gc,heap        ] GC(38)   region size 1024K, 187 young (191488K), 1 survivors (1024K)
[9.663s][debug][gc,heap        ] GC(38)  Metaspace       used 10386K, capacity 10712K, committed 10880K, reserved 1058816K
[9.663s][debug][gc,heap        ] GC(38)   class space    used 1202K, capacity 1338K, committed 1408K, reserved 1048576K
[9.663s][info ][gc,start       ] GC(38) Pause Young (Normal) (G1 Evacuation Pause)
[9.663s][info ][gc,task        ] GC(38) Using 8 workers of 8 for evacuation
[9.663s][debug][gc,tlab        ] GC(38) TLAB totals: thrds: 8  refills: 745 max: 102 slow allocs: 0 max 0 waste:  1.4% gc: 2224672B max: 513512B slow: 430672B max: 58992B fast: 0B max: 0B
[9.663s][debug][gc,age         ] GC(38) Desired survivor size 12582912 bytes, new threshold 15 (max threshold 15)
[9.663s][debug][gc,alloc,region] GC(38) Mutator Allocation stats, regions: 186, wasted size: 0B ( 0.0%)
[9.663s][debug][gc,ergo        ] GC(38) Running G1 Merge Heap Roots using 8 workers for 187 regions
[9.663s][debug][gc,remset      ] GC(38) Visited cards 1280 Total dirty 8192 (15.62%) Total old 784384 (0.16%)
[9.664s][debug][gc,ergo        ] GC(38) Running G1 Clear Card Table Task using 1 workers for 1 units of work for 191 regions.
[9.664s][debug][gc,ref         ] GC(38) Skipped phase1 of Reference Processing due to unavailable references
[9.664s][debug][gc,ref         ] GC(38) Skipped phase2 of Reference Processing due to unavailable references
[9.664s][debug][gc,ref         ] GC(38) Skipped phase3 of Reference Processing due to unavailable references
[9.664s][debug][gc,ref         ] GC(38) Skipped phase4 of Reference Processing due to unavailable references
[9.664s][debug][gc,ergo        ] GC(38) Running G1 Free Collection Set using 8 workers for collection set length 187 (312)
[9.664s][debug][gc,ergo        ] GC(38) Running G1 Rebuild Free List Task using 8 workers for rebuilding free list of 0 (4096) regions
[9.664s][trace][gc,age         ] GC(38) Age table with threshold 15 (max threshold 15)
[9.664s][trace][gc,age         ] GC(38) - age   1:        816 bytes,        816 total
[9.664s][trace][gc,age         ] GC(38) - age   4:        240 bytes,       1056 total
[9.664s][trace][gc,age         ] GC(38) - age  12:        176 bytes,       1232 total
[9.664s][debug][gc,plab        ] GC(38) Young PLAB allocation: allocated: 16512B, wasted: 0B, unused: 15280B, used: 1232B, undo waste: 0B, 
[9.664s][debug][gc,plab        ] GC(38) Young other allocation: region end waste: 0B, regions filled: 1, direct allocated: 0B, failure used: 0B, failure wasted: 0B
[9.664s][debug][gc,plab        ] GC(38) Young sizing: calculated: 240B, actual: 2064B
[9.664s][debug][gc,plab        ] GC(38) Old PLAB allocation: allocated: 0B, wasted: 0B, unused: 0B, used: 0B, undo waste: 0B, 
[9.664s][debug][gc,plab        ] GC(38) Old other allocation: region end waste: 0B, regions filled: 1, direct allocated: 0B, failure used: 0B, failure wasted: 0B
[9.664s][debug][gc,plab        ] GC(38) Old sizing: calculated: 0B, actual: 2064B
[9.664s][debug][gc,ihop        ] GC(38) Basic information (value update), threshold: 147220070B (45.00), target occupancy: 327155712B, current occupancy: 4185800B, recent allocation size: 0B, recent allocation duration: 156.16ms, recent old gen allocation rate: 0.00B/s, recent marking phase length: 0.00ms
[9.664s][debug][gc,ihop        ] GC(38) Adaptive IHOP information (value update), threshold: 147220070B (47.37), internal target occupancy: 310797926B, occupancy: 4185800B, additional buffer size: 196083712B, predicted old gen allocation rate: 36053.29B/s, predicted marking phase length: 0.00ms, prediction active: false
[9.664s][debug][gc,ergo,refine ] GC(38) Concurrent refinement times: Logged Cards Scan time goal: 20.00ms Logged Cards Scan time: 0.00ms HCC time: 0.00ms
[9.664s][debug][gc,ergo,refine ] GC(38) Updated Refinement Zones: green: 2048, yellow: 6144, red: 10240
[9.664s][info ][gc,phases      ] GC(38)   Pre Evacuate Collection Set: 0.1ms
[9.664s][debug][gc,phases      ] GC(38)     Prepare TLABs: 0.0ms
[9.664s][debug][gc,phases      ] GC(38)     Choose Collection Set: 0.0ms
[9.664s][debug][gc,phases      ] GC(38)     Region Register: 0.1ms
[9.664s][debug][gc,phases      ] GC(38)     Prepare Heap Roots: 0.0ms
[9.664s][info ][gc,phases      ] GC(38)   Merge Heap Roots: 0.1ms
[9.664s][debug][gc,phases      ] GC(38)     Prepare Merge Heap Roots: 0.0ms
[9.664s][debug][gc,phases      ] GC(38)     Eager Reclaim (ms):       skipped
[9.664s][debug][gc,phases      ] GC(38)     Remembered Sets (ms):     Min:  0.0, Avg:  0.0, Max:  0.0, Diff:  0.0, Sum:  0.1, Workers: 8
[9.664s][debug][gc,phases      ] GC(38)       Merged Sparse:            Min: 0, Avg:  0.0, Max: 0, Diff: 0, Sum: 0, Workers: 8
[9.664s][debug][gc,phases      ] GC(38)       Merged Fine:              Min: 0, Avg:  0.0, Max: 0, Diff: 0, Sum: 0, Workers: 8
[9.664s][debug][gc,phases      ] GC(38)       Merged Coarse:            Min: 0, Avg:  0.0, Max: 0, Diff: 0, Sum: 0, Workers: 8
[9.664s][debug][gc,phases      ] GC(38)       Dirty Cards:              Min: 0, Avg:  0.0, Max: 0, Diff: 0, Sum: 0, Workers: 8
[9.664s][debug][gc,phases      ] GC(38)     Hot Card Cache (ms):      Min:  0.0, Avg:  0.0, Max:  0.0, Diff:  0.0, Sum:  0.0, Workers: 8
[9.664s][debug][gc,phases      ] GC(38)       Dirty Cards:              Min: 0, Avg:  0.0, Max: 0, Diff: 0, Sum: 0, Workers: 8
[9.664s][debug][gc,phases      ] GC(38)       Skipped Cards:            Min: 0, Avg:  0.0, Max: 0, Diff: 0, Sum: 0, Workers: 8
[9.664s][debug][gc,phases      ] GC(38)     Log Buffers (ms):         Min:  0.0, Avg:  0.0, Max:  0.0, Diff:  0.0, Sum:  0.0, Workers: 8
[9.664s][debug][gc,phases      ] GC(38)       Dirty Cards:              Min: 0, Avg:  0.9, Max: 3, Diff: 3, Sum: 7, Workers: 8
[9.664s][debug][gc,phases      ] GC(38)       Skipped Cards:            Min: 0, Avg:  0.0, Max: 0, Diff: 0, Sum: 0, Workers: 8
[9.664s][info ][gc,phases      ] GC(38)   Evacuate Collection Set: 0.2ms
[9.664s][debug][gc,phases      ] GC(38)     Ext Root Scanning (ms):   Min:  0.0, Avg:  0.0, Max:  0.1, Diff:  0.1, Sum:  0.2, Workers: 8
[9.664s][debug][gc,phases      ] GC(38)     Scan Heap Roots (ms):     Min:  0.0, Avg:  0.0, Max:  0.0, Diff:  0.0, Sum:  0.0, Workers: 8
[9.664s][debug][gc,phases      ] GC(38)       Scanned Cards:            Min: 0, Avg:  0.9, Max: 2, Diff: 2, Sum: 7, Workers: 8
[9.664s][debug][gc,phases      ] GC(38)       Scanned Blocks:           Min: 0, Avg:  0.9, Max: 2, Diff: 2, Sum: 7, Workers: 8
[9.664s][debug][gc,phases      ] GC(38)       Claimed Chunks:           Min: 0, Avg:  0.6, Max: 1, Diff: 1, Sum: 5, Workers: 8
[9.664s][debug][gc,phases      ] GC(38)     Code Root Scan (ms):      Min:  0.0, Avg:  0.0, Max:  0.0, Diff:  0.0, Sum:  0.0, Workers: 8
[9.664s][debug][gc,phases      ] GC(38)     Object Copy (ms):         Min:  0.0, Avg:  0.0, Max:  0.0, Diff:  0.0, Sum:  0.0, Workers: 8
[9.664s][debug][gc,phases      ] GC(38)     Termination (ms):         Min:  0.0, Avg:  0.1, Max:  0.1, Diff:  0.0, Sum:  0.5, Workers: 8
[9.664s][debug][gc,phases      ] GC(38)       Termination Attempts:     Min: 1, Avg:  1.0, Max: 1, Diff: 0, Sum: 8, Workers: 8
[9.664s][debug][gc,phases      ] GC(38)     GC Worker Other (ms):     Min:  0.0, Avg:  0.0, Max:  0.0, Diff:  0.0, Sum:  0.1, Workers: 8
[9.664s][debug][gc,phases      ] GC(38)     GC Worker Total (ms):     Min:  0.1, Avg:  0.1, Max:  0.2, Diff:  0.1, Sum:  1.0, Workers: 8
[9.664s][info ][gc,phases      ] GC(38)   Post Evacuate Collection Set: 0.4ms
[9.664s][debug][gc,phases      ] GC(38)     Code Roots Fixup: 0.0ms
[9.664s][debug][gc,phases      ] GC(38)     Clear Card Table: 0.1ms
[9.664s][debug][gc,phases      ] GC(38)     Reference Processing: 0.0ms
[9.664s][debug][gc,phases,ref  ] GC(38)       Reconsider SoftReferences: 0.0ms
[9.664s][debug][gc,phases,ref  ] GC(38)         SoftRef (ms):             skipped
[9.664s][debug][gc,phases,ref  ] GC(38)       Notify Soft/WeakReferences: 0.0ms
[9.664s][debug][gc,phases,ref  ] GC(38)         SoftRef (ms):             skipped
[9.664s][debug][gc,phases,ref  ] GC(38)         WeakRef (ms):             skipped
[9.664s][debug][gc,phases,ref  ] GC(38)         FinalRef (ms):            skipped
[9.664s][debug][gc,phases,ref  ] GC(38)         Total (ms):               skipped
[9.664s][debug][gc,phases,ref  ] GC(38)       Notify and keep alive finalizable: 0.0ms
[9.664s][debug][gc,phases,ref  ] GC(38)         FinalRef (ms):            skipped
[9.664s][debug][gc,phases,ref  ] GC(38)       Notify PhantomReferences: 0.0ms
[9.664s][debug][gc,phases,ref  ] GC(38)         PhantomRef (ms):          skipped
[9.664s][debug][gc,phases,ref  ] GC(38)       SoftReference:
[9.664s][debug][gc,phases,ref  ] GC(38)         Discovered: 0
[9.664s][debug][gc,phases,ref  ] GC(38)         Cleared: 0
[9.665s][debug][gc,phases,ref  ] GC(38)       WeakReference:
[9.665s][debug][gc,phases,ref  ] GC(38)         Discovered: 0
[9.665s][debug][gc,phases,ref  ] GC(38)         Cleared: 0
[9.665s][debug][gc,phases,ref  ] GC(38)       FinalReference:
[9.665s][debug][gc,phases,ref  ] GC(38)         Discovered: 0
[9.665s][debug][gc,phases,ref  ] GC(38)         Cleared: 0
[9.665s][debug][gc,phases,ref  ] GC(38)       PhantomReference:
[9.665s][debug][gc,phases,ref  ] GC(38)         Discovered: 0
[9.665s][debug][gc,phases,ref  ] GC(38)         Cleared: 0
[9.665s][debug][gc,phases      ] GC(38)     Weak Processing: 0.1ms
[9.665s][debug][gc,phases      ] GC(38)       JVMTI weak processing: 0.0ms
[9.665s][debug][gc,phases      ] GC(38)         Dead: 0
[9.665s][debug][gc,phases      ] GC(38)         Total: 0
[9.665s][debug][gc,phases      ] GC(38)       JFR weak processing: 0.0ms
[9.665s][debug][gc,phases      ] GC(38)         Dead: 0
[9.665s][debug][gc,phases      ] GC(38)         Total: 0
[9.665s][debug][gc,phases      ] GC(38)       JNI weak                  Min:  0.0, Avg:  0.0, Max:  0.0, Diff:  0.0, Sum:  0.0, Workers: 5
[9.665s][debug][gc,phases      ] GC(38)         Dead                      Min: 0, Avg:  0.0, Max: 0, Diff: 0, Sum: 0, Workers: 5
[9.665s][debug][gc,phases      ] GC(38)         Total                     Min: 0, Avg: 10.8, Max: 50, Diff: 50, Sum: 54, Workers: 5
[9.665s][debug][gc,phases      ] GC(38)       VM weak                   Min:  0.0, Avg:  0.0, Max:  0.0, Diff:  0.0, Sum:  0.0, Workers: 5
[9.665s][debug][gc,phases      ] GC(38)         Dead                      Min: 0, Avg:  0.0, Max: 0, Diff: 0, Sum: 0, Workers: 5
[9.665s][debug][gc,phases      ] GC(38)         Total                     Min: 0, Avg: 44.0, Max: 128, Diff: 128, Sum: 220, Workers: 5
[9.665s][debug][gc,phases      ] GC(38)       StringTable weak          Min:  0.0, Avg:  0.0, Max:  0.1, Diff:  0.0, Sum:  0.1, Workers: 5
[9.665s][debug][gc,phases      ] GC(38)         Dead                      Min: 0, Avg:  0.0, Max: 0, Diff: 0, Sum: 0, Workers: 5
[9.665s][debug][gc,phases      ] GC(38)         Total                     Min: 192, Avg: 718.2, Max: 1671, Diff: 1479, Sum: 3591, Workers: 5
[9.665s][debug][gc,phases      ] GC(38)       ResolvedMethodTable weak  Min:  0.0, Avg:  0.0, Max:  0.0, Diff:  0.0, Sum:  0.0, Workers: 5
[9.665s][debug][gc,phases      ] GC(38)         Dead                      Min: 0, Avg:  0.0, Max: 0, Diff: 0, Sum: 0, Workers: 5
[9.665s][debug][gc,phases      ] GC(38)         Total                     Min: 0, Avg: 116.6, Max: 192, Diff: 192, Sum: 583, Workers: 5
[9.665s][debug][gc,phases      ] GC(38)     Merge Per-Thread State: 0.0ms
[9.665s][debug][gc,phases      ] GC(38)       Copied Bytes              Min: 24, Avg: 154.0, Max: 440, Diff: 416, Sum: 1232, Workers: 8
[9.665s][debug][gc,phases      ] GC(38)       LAB Waste                 Min: 0, Avg:  0.0, Max: 0, Diff: 0, Sum: 0, Workers: 8
[9.665s][debug][gc,phases      ] GC(38)       LAB Undo Waste            Min: 0, Avg:  0.0, Max: 0, Diff: 0, Sum: 0, Workers: 8
[9.665s][debug][gc,phases      ] GC(38)     Code Roots Purge: 0.0ms
[9.665s][debug][gc,phases      ] GC(38)     Redirty Cards: 0.0ms
[9.665s][debug][gc,phases      ] GC(38)     DerivedPointerTable Update: 0.0ms
[9.665s][debug][gc,phases      ] GC(38)     Free Collection Set: 0.1ms
[9.665s][debug][gc,phases      ] GC(38)     Rebuild Free List: 0.0ms
[9.665s][debug][gc,phases      ] GC(38)     Humongous Reclaim: 0.0ms
[9.665s][debug][gc,phases      ] GC(38)     Start New Collection Set: 0.0ms
[9.665s][debug][gc,phases      ] GC(38)     Resize TLABs: 0.0ms
[9.665s][debug][gc,phases      ] GC(38)     Expand Heap After Collection: 0.0ms
[9.665s][info ][gc,phases      ] GC(38)   Other: 0.3ms
[9.665s][info ][gc,heap        ] GC(38) Eden regions: 186->0(186)
[9.665s][info ][gc,heap        ] GC(38) Survivor regions: 1->1(24)
[9.665s][info ][gc,heap        ] GC(38) Old regions: 7->7
[9.665s][info ][gc,heap        ] GC(38) Archive regions: 2->2
[9.665s][info ][gc,heap        ] GC(38) Humongous regions: 0->0
[9.665s][info ][gc,metaspace   ] GC(38) Metaspace: 10386K(10880K)->10386K(10880K) NonClass: 9183K(9472K)->9183K(9472K) Class: 1202K(1408K)->1202K(1408K)
[9.665s][debug][gc,heap        ] GC(38) Heap after GC invocations=39 (full 1): garbage-first heap   total 319488K, used 4087K [0x0000000700000000, 0x0000000800000000)
[9.665s][debug][gc,heap        ] GC(38)   region size 1024K, 1 young (1024K), 1 survivors (1024K)
[9.665s][debug][gc,heap        ] GC(38)  Metaspace       used 10386K, capacity 10712K, committed 10880K, reserved 1058816K
[9.665s][debug][gc,heap        ] GC(38)   class space    used 1202K, capacity 1338K, committed 1408K, reserved 1048576K
[9.665s][info ][gc             ] GC(38) Pause Young (Normal) (G1 Evacuation Pause) 189M->3M(312M) 1.625ms
[9.665s][info ][gc,cpu         ] GC(38) User=0.00s Sys=0.00s Real=0.00s
[9.665s][info ][safepoint      ] Safepoint "G1CollectForAllocation", Time since last: 154928161 ns, Reaching safepoint: 146636 ns, At safepoint: 1816765 ns, Total: 1963401 ns
[9.842s][debug][gc,heap        ] GC(39) Heap before GC invocations=39 (full 1): garbage-first heap   total 319488K, used 193527K [0x0000000700000000, 0x0000000800000000)
[9.842s][debug][gc,heap        ] GC(39)   region size 1024K, 187 young (191488K), 1 survivors (1024K)
[9.842s][debug][gc,heap        ] GC(39)  Metaspace       used 10391K, capacity 10712K, committed 10880K, reserved 1058816K
[9.842s][debug][gc,heap        ] GC(39)   class space    used 1202K, capacity 1338K, committed 1408K, reserved 1048576K
[9.842s][info ][gc,start       ] GC(39) Pause Young (Normal) (G1 Evacuation Pause)
[9.842s][info ][gc,task        ] GC(39) Using 8 workers of 8 for evacuation
[9.842s][debug][gc,tlab        ] GC(39) TLAB totals: thrds: 11  refills: 740 max: 102 slow allocs: 4 max 4 waste:  0.9% gc: 1319928B max: 524216B slow: 424552B max: 58768B fast: 0B max: 0B
[9.842s][debug][gc,age         ] GC(39) Desired survivor size 12582912 bytes, new threshold 15 (max threshold 15)
[9.842s][debug][gc,alloc,region] GC(39) Mutator Allocation stats, regions: 186, wasted size: 0B ( 0.0%)
[9.842s][debug][gc,ergo        ] GC(39) Running G1 Merge Heap Roots using 8 workers for 187 regions
[9.842s][debug][gc,remset      ] GC(39) Visited cards 3584 Total dirty 12288 (29.17%) Total old 784384 (0.46%)
[9.842s][debug][gc,ergo        ] GC(39) Running G1 Clear Card Table Task using 1 workers for 1 units of work for 193 regions.
[9.842s][debug][gc,ref         ] GC(39) Skipped phase1 of Reference Processing due to unavailable references
[9.842s][debug][gc,ref         ] GC(39) Skipped phase3 of Reference Processing due to unavailable references
[9.842s][debug][gc,ergo        ] GC(39) Running G1 Free Collection Set using 8 workers for collection set length 187 (312)
[9.842s][debug][gc,ergo        ] GC(39) Running G1 Rebuild Free List Task using 8 workers for rebuilding free list of 0 (4096) regions
[9.843s][trace][gc,age         ] GC(39) Age table with threshold 15 (max threshold 15)
[9.843s][trace][gc,age         ] GC(39) - age   1:     198496 bytes,     198496 total
[9.843s][trace][gc,age         ] GC(39) - age   5:        208 bytes,     198704 total
[9.843s][trace][gc,age         ] GC(39) - age  13:        144 bytes,     198848 total
[9.843s][debug][gc,plab        ] GC(39) Young PLAB allocation: allocated: 16512B, wasted: 0B, unused: 8256B, used: 8256B, undo waste: 44816B, 
[9.843s][debug][gc,plab        ] GC(39) Young other allocation: region end waste: 0B, regions filled: 1, direct allocated: 235408B, failure used: 0B, failure wasted: 0B
[9.843s][debug][gc,plab        ] GC(39) Young sizing: calculated: 1648B, actual: 2064B
[9.843s][debug][gc,plab        ] GC(39) Old PLAB allocation: allocated: 0B, wasted: 0B, unused: 0B, used: 0B, undo waste: 0B, 
[9.843s][debug][gc,plab        ] GC(39) Old other allocation: region end waste: 0B, regions filled: 1, direct allocated: 0B, failure used: 0B, failure wasted: 0B
[9.843s][debug][gc,plab        ] GC(39) Old sizing: calculated: 0B, actual: 2064B
[9.843s][debug][gc,ihop        ] GC(39) Basic information (value update), threshold: 147220070B (45.00), target occupancy: 327155712B, current occupancy: 4421208B, recent allocation size: 0B, recent allocation duration: 177.62ms, recent old gen allocation rate: 0.00B/s, recent marking phase length: 0.00ms
[9.843s][debug][gc,ihop        ] GC(39) Adaptive IHOP information (value update), threshold: 147220070B (47.37), internal target occupancy: 310797926B, occupancy: 4421208B, additional buffer size: 196083712B, predicted old gen allocation rate: 34889.40B/s, predicted marking phase length: 0.00ms, prediction active: false
[9.843s][debug][gc,ergo,refine ] GC(39) Concurrent refinement times: Logged Cards Scan time goal: 20.00ms Logged Cards Scan time: 0.02ms HCC time: 0.00ms
[9.843s][debug][gc,ergo,refine ] GC(39) Updated Refinement Zones: green: 2048, yellow: 6144, red: 10240
[9.843s][info ][gc,phases      ] GC(39)   Pre Evacuate Collection Set: 0.1ms
[9.843s][debug][gc,phases      ] GC(39)     Prepare TLABs: 0.0ms
[9.843s][debug][gc,phases      ] GC(39)     Choose Collection Set: 0.0ms
[9.843s][debug][gc,phases      ] GC(39)     Region Register: 0.1ms
[9.843s][debug][gc,phases      ] GC(39)     Prepare Heap Roots: 0.0ms
[9.843s][info ][gc,phases      ] GC(39)   Merge Heap Roots: 0.1ms
[9.843s][debug][gc,phases      ] GC(39)     Prepare Merge Heap Roots: 0.0ms
[9.843s][debug][gc,phases      ] GC(39)     Eager Reclaim (ms):       skipped
[9.843s][debug][gc,phases      ] GC(39)     Remembered Sets (ms):     Min:  0.0, Avg:  0.0, Max:  0.0, Diff:  0.0, Sum:  0.1, Workers: 8
[9.843s][debug][gc,phases      ] GC(39)       Merged Sparse:            Min: 0, Avg:  0.0, Max: 0, Diff: 0, Sum: 0, Workers: 8
[9.843s][debug][gc,phases      ] GC(39)       Merged Fine:              Min: 0, Avg:  0.0, Max: 0, Diff: 0, Sum: 0, Workers: 8
[9.843s][debug][gc,phases      ] GC(39)       Merged Coarse:            Min: 0, Avg:  0.0, Max: 0, Diff: 0, Sum: 0, Workers: 8
[9.843s][debug][gc,phases      ] GC(39)       Dirty Cards:              Min: 0, Avg:  0.0, Max: 0, Diff: 0, Sum: 0, Workers: 8
[9.843s][debug][gc,phases      ] GC(39)     Hot Card Cache (ms):      Min:  0.0, Avg:  0.0, Max:  0.0, Diff:  0.0, Sum:  0.0, Workers: 8
[9.843s][debug][gc,phases      ] GC(39)       Dirty Cards:              Min: 0, Avg:  0.0, Max: 0, Diff: 0, Sum: 0, Workers: 8
[9.843s][debug][gc,phases      ] GC(39)       Skipped Cards:            Min: 0, Avg:  0.0, Max: 0, Diff: 0, Sum: 0, Workers: 8
[9.843s][debug][gc,phases      ] GC(39)     Log Buffers (ms):         Min:  0.0, Avg:  0.0, Max:  0.0, Diff:  0.0, Sum:  0.0, Workers: 8
[9.843s][debug][gc,phases      ] GC(39)       Dirty Cards:              Min: 0, Avg:  5.4, Max: 34, Diff: 34, Sum: 43, Workers: 8
[9.843s][debug][gc,phases      ] GC(39)       Skipped Cards:            Min: 0, Avg:  0.0, Max: 0, Diff: 0, Sum: 0, Workers: 8
[9.843s][info ][gc,phases      ] GC(39)   Evacuate Collection Set: 0.2ms
[9.843s][debug][gc,phases      ] GC(39)     Ext Root Scanning (ms):   Min:  0.0, Avg:  0.0, Max:  0.1, Diff:  0.1, Sum:  0.3, Workers: 8
[9.843s][debug][gc,phases      ] GC(39)     Scan Heap Roots (ms):     Min:  0.0, Avg:  0.0, Max:  0.0, Diff:  0.0, Sum:  0.1, Workers: 8
[9.843s][debug][gc,phases      ] GC(39)       Scanned Cards:            Min: 0, Avg:  5.4, Max: 11, Diff: 11, Sum: 43, Workers: 8
[9.843s][debug][gc,phases      ] GC(39)       Scanned Blocks:           Min: 0, Avg:  4.4, Max: 10, Diff: 10, Sum: 35, Workers: 8
[9.843s][debug][gc,phases      ] GC(39)       Claimed Chunks:           Min: 0, Avg:  1.8, Max: 3, Diff: 3, Sum: 14, Workers: 8
[9.843s][debug][gc,phases      ] GC(39)     Code Root Scan (ms):      Min:  0.0, Avg:  0.0, Max:  0.0, Diff:  0.0, Sum:  0.0, Workers: 8
[9.843s][debug][gc,phases      ] GC(39)     Object Copy (ms):         Min:  0.0, Avg:  0.0, Max:  0.0, Diff:  0.0, Sum:  0.1, Workers: 8
[9.843s][debug][gc,phases      ] GC(39)     Termination (ms):         Min:  0.0, Avg:  0.0, Max:  0.0, Diff:  0.0, Sum:  0.3, Workers: 8
[9.843s][debug][gc,phases      ] GC(39)       Termination Attempts:     Min: 1, Avg:  1.0, Max: 1, Diff: 0, Sum: 8, Workers: 8
[9.843s][debug][gc,phases      ] GC(39)     GC Worker Other (ms):     Min:  0.0, Avg:  0.0, Max:  0.0, Diff:  0.0, Sum:  0.1, Workers: 8
[9.843s][debug][gc,phases      ] GC(39)     GC Worker Total (ms):     Min:  0.1, Avg:  0.1, Max:  0.2, Diff:  0.1, Sum:  1.0, Workers: 8
[9.843s][info ][gc,phases      ] GC(39)   Post Evacuate Collection Set: 0.3ms
[9.843s][debug][gc,phases      ] GC(39)     Code Roots Fixup: 0.0ms
[9.843s][debug][gc,phases      ] GC(39)     Clear Card Table: 0.1ms
[9.843s][debug][gc,phases      ] GC(39)     Reference Processing: 0.0ms
[9.843s][debug][gc,phases,ref  ] GC(39)       Reconsider SoftReferences: 0.0ms
[9.843s][debug][gc,phases,ref  ] GC(39)         SoftRef (ms):             skipped
[9.843s][debug][gc,phases,ref  ] GC(39)       Notify Soft/WeakReferences: 0.0ms
[9.843s][debug][gc,phases,ref  ] GC(39)         SoftRef (ms):             Min:  0.0, Avg:  0.0, Max:  0.0, Diff:  0.0, Sum:  0.0, Workers: 1
[9.843s][debug][gc,phases,ref  ] GC(39)         WeakRef (ms):             Min:  0.0, Avg:  0.0, Max:  0.0, Diff:  0.0, Sum:  0.0, Workers: 1
[9.843s][debug][gc,phases,ref  ] GC(39)         FinalRef (ms):            Min:  0.0, Avg:  0.0, Max:  0.0, Diff:  0.0, Sum:  0.0, Workers: 1
[9.843s][debug][gc,phases,ref  ] GC(39)         Total (ms):               Min:  0.0, Avg:  0.0, Max:  0.0, Diff:  0.0, Sum:  0.0, Workers: 1
[9.843s][debug][gc,phases,ref  ] GC(39)       Notify and keep alive finalizable: 0.0ms
[9.843s][debug][gc,phases,ref  ] GC(39)         FinalRef (ms):            skipped
[9.843s][debug][gc,phases,ref  ] GC(39)       Notify PhantomReferences: 0.0ms
[9.843s][debug][gc,phases,ref  ] GC(39)         PhantomRef (ms):          Min:  0.0, Avg:  0.0, Max:  0.0, Diff:  0.0, Sum:  0.0, Workers: 1
[9.843s][debug][gc,phases,ref  ] GC(39)       SoftReference:
[9.843s][debug][gc,phases,ref  ] GC(39)         Discovered: 0
[9.843s][debug][gc,phases,ref  ] GC(39)         Cleared: 0
[9.843s][debug][gc,phases,ref  ] GC(39)       WeakReference:
[9.843s][debug][gc,phases,ref  ] GC(39)         Discovered: 2
[9.843s][debug][gc,phases,ref  ] GC(39)         Cleared: 0
[9.843s][debug][gc,phases,ref  ] GC(39)       FinalReference:
[9.843s][debug][gc,phases,ref  ] GC(39)         Discovered: 0
[9.843s][debug][gc,phases,ref  ] GC(39)         Cleared: 0
[9.843s][debug][gc,phases,ref  ] GC(39)       PhantomReference:
[9.843s][debug][gc,phases,ref  ] GC(39)         Discovered: 5
[9.843s][debug][gc,phases,ref  ] GC(39)         Cleared: 5
[9.843s][debug][gc,phases      ] GC(39)     Weak Processing: 0.1ms
[9.843s][debug][gc,phases      ] GC(39)       JVMTI weak processing: 0.0ms
[9.843s][debug][gc,phases      ] GC(39)         Dead: 0
[9.843s][debug][gc,phases      ] GC(39)         Total: 0
[9.843s][debug][gc,phases      ] GC(39)       JFR weak processing: 0.0ms
[9.843s][debug][gc,phases      ] GC(39)         Dead: 0
[9.843s][debug][gc,phases      ] GC(39)         Total: 0
[9.843s][debug][gc,phases      ] GC(39)       JNI weak                  Min:  0.0, Avg:  0.0, Max:  0.0, Diff:  0.0, Sum:  0.0, Workers: 5
[9.843s][debug][gc,phases      ] GC(39)         Dead                      Min: 0, Avg:  0.0, Max: 0, Diff: 0, Sum: 0, Workers: 5
[9.843s][debug][gc,phases      ] GC(39)         Total                     Min: 0, Avg: 12.6, Max: 59, Diff: 59, Sum: 63, Workers: 5
[9.843s][debug][gc,phases      ] GC(39)       VM weak                   Min:  0.0, Avg:  0.0, Max:  0.0, Diff:  0.0, Sum:  0.0, Workers: 5
[9.843s][debug][gc,phases      ] GC(39)         Dead                      Min: 0, Avg:  0.0, Max: 0, Diff: 0, Sum: 0, Workers: 5
[9.843s][debug][gc,phases      ] GC(39)         Total                     Min: 0, Avg: 44.0, Max: 128, Diff: 128, Sum: 220, Workers: 5
[9.843s][debug][gc,phases      ] GC(39)       StringTable weak          Min:  0.0, Avg:  0.0, Max:  0.0, Diff:  0.0, Sum:  0.2, Workers: 5
[9.843s][debug][gc,phases      ] GC(39)         Dead                      Min: 0, Avg:  0.0, Max: 0, Diff: 0, Sum: 0, Workers: 5
[9.843s][debug][gc,phases      ] GC(39)         Total                     Min: 192, Avg: 718.4, Max: 896, Diff: 704, Sum: 3592, Workers: 5
[9.843s][debug][gc,phases      ] GC(39)       ResolvedMethodTable weak  Min:  0.0, Avg:  0.0, Max:  0.0, Diff:  0.0, Sum:  0.0, Workers: 5
[9.843s][debug][gc,phases      ] GC(39)         Dead                      Min: 0, Avg:  0.0, Max: 0, Diff: 0, Sum: 0, Workers: 5
[9.843s][debug][gc,phases      ] GC(39)         Total                     Min: 64, Avg: 116.6, Max: 192, Diff: 128, Sum: 583, Workers: 5
[9.843s][debug][gc,phases      ] GC(39)     Merge Per-Thread State: 0.0ms
[9.843s][debug][gc,phases      ] GC(39)       Copied Bytes              Min: 200, Avg: 24856.0, Max: 79424, Diff: 79224, Sum: 198848, Workers: 8
[9.843s][debug][gc,phases      ] GC(39)       LAB Waste                 Min: 0, Avg:  0.0, Max: 0, Diff: 0, Sum: 0, Workers: 8
[9.843s][debug][gc,phases      ] GC(39)       LAB Undo Waste            Min: 0, Avg: 5602.0, Max: 44816, Diff: 44816, Sum: 44816, Workers: 8
[9.843s][debug][gc,phases      ] GC(39)     Code Roots Purge: 0.0ms
[9.843s][debug][gc,phases      ] GC(39)     Redirty Cards: 0.0ms
[9.843s][debug][gc,phases      ] GC(39)     DerivedPointerTable Update: 0.0ms
[9.843s][debug][gc,phases      ] GC(39)     Free Collection Set: 0.1ms
[9.843s][debug][gc,phases      ] GC(39)     Rebuild Free List: 0.1ms
[9.843s][debug][gc,phases      ] GC(39)     Humongous Reclaim: 0.0ms
[9.843s][debug][gc,phases      ] GC(39)     Start New Collection Set: 0.0ms
[9.843s][debug][gc,phases      ] GC(39)     Resize TLABs: 0.0ms
[9.843s][debug][gc,phases      ] GC(39)     Expand Heap After Collection: 0.0ms
[9.843s][info ][gc,phases      ] GC(39)   Other: 0.3ms
[9.843s][info ][gc,heap        ] GC(39) Eden regions: 186->0(186)
[9.843s][info ][gc,heap        ] GC(39) Survivor regions: 1->1(24)
[9.843s][info ][gc,heap        ] GC(39) Old regions: 7->7
[9.843s][info ][gc,heap        ] GC(39) Archive regions: 2->2
[9.843s][info ][gc,heap        ] GC(39) Humongous regions: 0->0
[9.843s][info ][gc,metaspace   ] GC(39) Metaspace: 10391K(10880K)->10391K(10880K) NonClass: 9188K(9472K)->9188K(9472K) Class: 1202K(1408K)->1202K(1408K)
[9.843s][debug][gc,heap        ] GC(39) Heap after GC invocations=40 (full 1): garbage-first heap   total 319488K, used 4317K [0x0000000700000000, 0x0000000800000000)
[9.843s][debug][gc,heap        ] GC(39)   region size 1024K, 1 young (1024K), 1 survivors (1024K)
[9.843s][debug][gc,heap        ] GC(39)  Metaspace       used 10391K, capacity 10712K, committed 10880K, reserved 1058816K
[9.843s][debug][gc,heap        ] GC(39)   class space    used 1202K, capacity 1338K, committed 1408K, reserved 1048576K
[9.843s][info ][gc             ] GC(39) Pause Young (Normal) (G1 Evacuation Pause) 189M->4M(312M) 1.586ms
[9.843s][info ][gc,cpu         ] GC(39) User=0.00s Sys=0.00s Real=0.00s
[9.843s][info ][safepoint      ] Safepoint "G1CollectForAllocation", Time since last: 176583187 ns, Reaching safepoint: 141969 ns, At safepoint: 1759172 ns, Total: 1901141 ns
[9.971s][debug][gc,heap        ] GC(40) Heap before GC invocations=40 (full 1): garbage-first heap   total 319488K, used 194781K [0x0000000700000000, 0x0000000800000000)
[9.971s][debug][gc,heap        ] GC(40)   region size 1024K, 187 young (191488K), 1 survivors (1024K)
[9.971s][debug][gc,heap        ] GC(40)  Metaspace       used 10391K, capacity 10712K, committed 10880K, reserved 1058816K
[9.971s][debug][gc,heap        ] GC(40)   class space    used 1202K, capacity 1338K, committed 1408K, reserved 1048576K
[9.971s][info ][gc,start       ] GC(40) Pause Young (Normal) (G1 Evacuation Pause)
[9.971s][info ][gc,task        ] GC(40) Using 8 workers of 8 for evacuation
[9.971s][debug][gc,tlab        ] GC(40) TLAB totals: thrds: 8  refills: 747 max: 126 slow allocs: 0 max 0 waste:  1.3% gc: 2066728B max: 433136B slow: 430880B max: 72328B fast: 0B max: 0B
[9.971s][debug][gc,age         ] GC(40) Desired survivor size 12582912 bytes, new threshold 15 (max threshold 15)
[9.971s][debug][gc,alloc,region] GC(40) Mutator Allocation stats, regions: 186, wasted size: 0B ( 0.0%)
[9.971s][debug][gc,ergo        ] GC(40) Running G1 Merge Heap Roots using 8 workers for 187 regions
[9.971s][debug][gc,remset      ] GC(40) Visited cards 2304 Total dirty 10240 (22.50%) Total old 784384 (0.29%)
[9.971s][debug][gc,ergo        ] GC(40) Running G1 Clear Card Table Task using 1 workers for 1 units of work for 192 regions.
[9.971s][debug][gc,ref         ] GC(40) Skipped phase1 of Reference Processing due to unavailable references
[9.971s][debug][gc,ref         ] GC(40) Skipped phase2 of Reference Processing due to unavailable references
[9.971s][debug][gc,ref         ] GC(40) Skipped phase3 of Reference Processing due to unavailable references
[9.971s][debug][gc,ergo        ] GC(40) Running G1 Free Collection Set using 8 workers for collection set length 187 (312)
[9.971s][debug][gc,ergo        ] GC(40) Running G1 Rebuild Free List Task using 8 workers for rebuilding free list of 0 (4096) regions
[9.971s][trace][gc,age         ] GC(40) Age table with threshold 15 (max threshold 15)
[9.971s][trace][gc,age         ] GC(40) - age   1:        536 bytes,        536 total
[9.971s][trace][gc,age         ] GC(40) - age   2:     197832 bytes,     198368 total
[9.971s][trace][gc,age         ] GC(40) - age   6:        208 bytes,     198576 total
[9.971s][trace][gc,age         ] GC(40) - age  14:        144 bytes,     198720 total
[9.972s][debug][gc,plab        ] GC(40) Young PLAB allocation: allocated: 16512B, wasted: 0B, unused: 8384B, used: 8128B, undo waste: 78096B, 
[9.972s][debug][gc,plab        ] GC(40) Young other allocation: region end waste: 0B, regions filled: 1, direct allocated: 268688B, failure used: 0B, failure wasted: 0B
[9.972s][debug][gc,plab        ] GC(40) Young sizing: calculated: 1624B, actual: 2064B
[9.972s][debug][gc,plab        ] GC(40) Old PLAB allocation: allocated: 0B, wasted: 0B, unused: 0B, used: 0B, undo waste: 0B, 
[9.972s][debug][gc,plab        ] GC(40) Old other allocation: region end waste: 0B, regions filled: 1, direct allocated: 0B, failure used: 0B, failure wasted: 0B
[9.972s][debug][gc,plab        ] GC(40) Old sizing: calculated: 0B, actual: 2064B
[9.972s][debug][gc,ihop        ] GC(40) Basic information (value update), threshold: 147220070B (45.00), target occupancy: 327155712B, current occupancy: 4454488B, recent allocation size: 0B, recent allocation duration: 128.07ms, recent old gen allocation rate: 0.00B/s, recent marking phase length: 0.00ms
[9.972s][debug][gc,ihop        ] GC(40) Adaptive IHOP information (value update), threshold: 147220070B (47.37), internal target occupancy: 310797926B, occupancy: 4454488B, additional buffer size: 196083712B, predicted old gen allocation rate: 33766.75B/s, predicted marking phase length: 0.00ms, prediction active: false
[9.972s][debug][gc,ergo,refine ] GC(40) Concurrent refinement times: Logged Cards Scan time goal: 20.00ms Logged Cards Scan time: 0.01ms HCC time: 0.00ms
[9.972s][debug][gc,ergo,refine ] GC(40) Updated Refinement Zones: green: 2048, yellow: 6144, red: 10240
[9.972s][info ][gc,phases      ] GC(40)   Pre Evacuate Collection Set: 0.1ms
[9.972s][debug][gc,phases      ] GC(40)     Prepare TLABs: 0.0ms
[9.972s][debug][gc,phases      ] GC(40)     Choose Collection Set: 0.0ms
[9.972s][debug][gc,phases      ] GC(40)     Region Register: 0.1ms
[9.972s][debug][gc,phases      ] GC(40)     Prepare Heap Roots: 0.0ms
[9.972s][info ][gc,phases      ] GC(40)   Merge Heap Roots: 0.1ms
[9.972s][debug][gc,phases      ] GC(40)     Prepare Merge Heap Roots: 0.0ms
[9.972s][debug][gc,phases      ] GC(40)     Eager Reclaim (ms):       skipped
[9.972s][debug][gc,phases      ] GC(40)     Remembered Sets (ms):     Min:  0.0, Avg:  0.0, Max:  0.0, Diff:  0.0, Sum:  0.1, Workers: 8
[9.972s][debug][gc,phases      ] GC(40)       Merged Sparse:            Min: 0, Avg:  0.0, Max: 0, Diff: 0, Sum: 0, Workers: 8
[9.972s][debug][gc,phases      ] GC(40)       Merged Fine:              Min: 0, Avg:  0.0, Max: 0, Diff: 0, Sum: 0, Workers: 8
[9.972s][debug][gc,phases      ] GC(40)       Merged Coarse:            Min: 0, Avg:  0.0, Max: 0, Diff: 0, Sum: 0, Workers: 8
[9.972s][debug][gc,phases      ] GC(40)       Dirty Cards:              Min: 0, Avg:  0.0, Max: 0, Diff: 0, Sum: 0, Workers: 8
[9.972s][debug][gc,phases      ] GC(40)     Hot Card Cache (ms):      Min:  0.0, Avg:  0.0, Max:  0.0, Diff:  0.0, Sum:  0.0, Workers: 8
[9.972s][debug][gc,phases      ] GC(40)       Dirty Cards:              Min: 0, Avg:  0.0, Max: 0, Diff: 0, Sum: 0, Workers: 8
[9.972s][debug][gc,phases      ] GC(40)       Skipped Cards:            Min: 0, Avg:  0.0, Max: 0, Diff: 0, Sum: 0, Workers: 8
[9.972s][debug][gc,phases      ] GC(40)     Log Buffers (ms):         Min:  0.0, Avg:  0.0, Max:  0.0, Diff:  0.0, Sum:  0.0, Workers: 8
[9.972s][debug][gc,phases      ] GC(40)       Dirty Cards:              Min: 0, Avg:  2.6, Max: 8, Diff: 8, Sum: 21, Workers: 8
[9.972s][debug][gc,phases      ] GC(40)       Skipped Cards:            Min: 0, Avg:  0.0, Max: 0, Diff: 0, Sum: 0, Workers: 8
[9.972s][info ][gc,phases      ] GC(40)   Evacuate Collection Set: 0.2ms
[9.972s][debug][gc,phases      ] GC(40)     Ext Root Scanning (ms):   Min:  0.0, Avg:  0.0, Max:  0.1, Diff:  0.1, Sum:  0.3, Workers: 8
[9.972s][debug][gc,phases      ] GC(40)     Scan Heap Roots (ms):     Min:  0.0, Avg:  0.0, Max:  0.0, Diff:  0.0, Sum:  0.1, Workers: 8
[9.972s][debug][gc,phases      ] GC(40)       Scanned Cards:            Min: 0, Avg:  2.4, Max: 4, Diff: 4, Sum: 19, Workers: 8
[9.972s][debug][gc,phases      ] GC(40)       Scanned Blocks:           Min: 0, Avg:  2.0, Max: 4, Diff: 4, Sum: 16, Workers: 8
[9.972s][debug][gc,phases      ] GC(40)       Claimed Chunks:           Min: 0, Avg:  1.1, Max: 3, Diff: 3, Sum: 9, Workers: 8
[9.972s][debug][gc,phases      ] GC(40)     Code Root Scan (ms):      Min:  0.0, Avg:  0.0, Max:  0.0, Diff:  0.0, Sum:  0.0, Workers: 8
[9.972s][debug][gc,phases      ] GC(40)     Object Copy (ms):         Min:  0.0, Avg:  0.0, Max:  0.0, Diff:  0.0, Sum:  0.2, Workers: 8
[9.972s][debug][gc,phases      ] GC(40)     Termination (ms):         Min:  0.0, Avg:  0.0, Max:  0.1, Diff:  0.1, Sum:  0.4, Workers: 8
[9.972s][debug][gc,phases      ] GC(40)       Termination Attempts:     Min: 1, Avg:  1.0, Max: 1, Diff: 0, Sum: 8, Workers: 8
[9.972s][debug][gc,phases      ] GC(40)     GC Worker Other (ms):     Min:  0.0, Avg:  0.0, Max:  0.0, Diff:  0.0, Sum:  0.1, Workers: 8
[9.972s][debug][gc,phases      ] GC(40)     GC Worker Total (ms):     Min:  0.1, Avg:  0.1, Max:  0.1, Diff:  0.0, Sum:  1.0, Workers: 8
[9.972s][info ][gc,phases      ] GC(40)   Post Evacuate Collection Set: 0.4ms
[9.972s][debug][gc,phases      ] GC(40)     Code Roots Fixup: 0.0ms
[9.972s][debug][gc,phases      ] GC(40)     Clear Card Table: 0.1ms
[9.972s][debug][gc,phases      ] GC(40)     Reference Processing: 0.0ms
[9.972s][debug][gc,phases,ref  ] GC(40)       Reconsider SoftReferences: 0.0ms
[9.972s][debug][gc,phases,ref  ] GC(40)         SoftRef (ms):             skipped
[9.972s][debug][gc,phases,ref  ] GC(40)       Notify Soft/WeakReferences: 0.0ms
[9.972s][debug][gc,phases,ref  ] GC(40)         SoftRef (ms):             skipped
[9.972s][debug][gc,phases,ref  ] GC(40)         WeakRef (ms):             skipped
[9.972s][debug][gc,phases,ref  ] GC(40)         FinalRef (ms):            skipped
[9.972s][debug][gc,phases,ref  ] GC(40)         Total (ms):               skipped
[9.972s][debug][gc,phases,ref  ] GC(40)       Notify and keep alive finalizable: 0.0ms
[9.972s][debug][gc,phases,ref  ] GC(40)         FinalRef (ms):            skipped
[9.972s][debug][gc,phases,ref  ] GC(40)       Notify PhantomReferences: 0.0ms
[9.972s][debug][gc,phases,ref  ] GC(40)         PhantomRef (ms):          Min:  0.0, Avg:  0.0, Max:  0.0, Diff:  0.0, Sum:  0.0, Workers: 1
[9.972s][debug][gc,phases,ref  ] GC(40)       SoftReference:
[9.972s][debug][gc,phases,ref  ] GC(40)         Discovered: 0
[9.972s][debug][gc,phases,ref  ] GC(40)         Cleared: 0
[9.972s][debug][gc,phases,ref  ] GC(40)       WeakReference:
[9.972s][debug][gc,phases,ref  ] GC(40)         Discovered: 0
[9.972s][debug][gc,phases,ref  ] GC(40)         Cleared: 0
[9.972s][debug][gc,phases,ref  ] GC(40)       FinalReference:
[9.972s][debug][gc,phases,ref  ] GC(40)         Discovered: 0
[9.972s][debug][gc,phases,ref  ] GC(40)         Cleared: 0
[9.972s][debug][gc,phases,ref  ] GC(40)       PhantomReference:
[9.972s][debug][gc,phases,ref  ] GC(40)         Discovered: 3
[9.972s][debug][gc,phases,ref  ] GC(40)         Cleared: 3
[9.972s][debug][gc,phases      ] GC(40)     Weak Processing: 0.1ms
[9.972s][debug][gc,phases      ] GC(40)       JVMTI weak processing: 0.0ms
[9.972s][debug][gc,phases      ] GC(40)         Dead: 0
[9.972s][debug][gc,phases      ] GC(40)         Total: 0
[9.972s][debug][gc,phases      ] GC(40)       JFR weak processing: 0.0ms
[9.972s][debug][gc,phases      ] GC(40)         Dead: 0
[9.972s][debug][gc,phases      ] GC(40)         Total: 0
[9.972s][debug][gc,phases      ] GC(40)       JNI weak                  Min:  0.0, Avg:  0.0, Max:  0.0, Diff:  0.0, Sum:  0.0, Workers: 5
[9.972s][debug][gc,phases      ] GC(40)         Dead                      Min: 0, Avg:  0.0, Max: 0, Diff: 0, Sum: 0, Workers: 5
[9.972s][debug][gc,phases      ] GC(40)         Total                     Min: 0, Avg: 12.6, Max: 59, Diff: 59, Sum: 63, Workers: 5
[9.972s][debug][gc,phases      ] GC(40)       VM weak                   Min:  0.0, Avg:  0.0, Max:  0.0, Diff:  0.0, Sum:  0.0, Workers: 5
[9.972s][debug][gc,phases      ] GC(40)         Dead                      Min: 0, Avg:  0.0, Max: 0, Diff: 0, Sum: 0, Workers: 5
[9.972s][debug][gc,phases      ] GC(40)         Total                     Min: 0, Avg: 44.0, Max: 128, Diff: 128, Sum: 220, Workers: 5
[9.972s][debug][gc,phases      ] GC(40)       StringTable weak          Min:  0.0, Avg:  0.0, Max:  0.1, Diff:  0.1, Sum:  0.1, Workers: 5
[9.972s][debug][gc,phases      ] GC(40)         Dead                      Min: 0, Avg:  0.0, Max: 0, Diff: 0, Sum: 0, Workers: 5
[9.972s][debug][gc,phases      ] GC(40)         Total                     Min: 0, Avg: 718.4, Max: 1792, Diff: 1792, Sum: 3592, Workers: 5
[9.972s][debug][gc,phases      ] GC(40)       ResolvedMethodTable weak  Min:  0.0, Avg:  0.0, Max:  0.0, Diff:  0.0, Sum:  0.0, Workers: 5
[9.972s][debug][gc,phases      ] GC(40)         Dead                      Min: 0, Avg:  0.0, Max: 0, Diff: 0, Sum: 0, Workers: 5
[9.972s][debug][gc,phases      ] GC(40)         Total                     Min: 0, Avg: 116.6, Max: 199, Diff: 199, Sum: 583, Workers: 5
[9.972s][debug][gc,phases      ] GC(40)     Merge Per-Thread State: 0.0ms
[9.972s][debug][gc,phases      ] GC(40)       Copied Bytes              Min: 192, Avg: 24840.0, Max: 78432, Diff: 78240, Sum: 198720, Workers: 8
[9.972s][debug][gc,phases      ] GC(40)       LAB Waste                 Min: 0, Avg:  0.0, Max: 0, Diff: 0, Sum: 0, Workers: 8
[9.972s][debug][gc,phases      ] GC(40)       LAB Undo Waste            Min: 0, Avg: 9762.0, Max: 78096, Diff: 78096, Sum: 78096, Workers: 8
[9.972s][debug][gc,phases      ] GC(40)     Code Roots Purge: 0.0ms
[9.972s][debug][gc,phases      ] GC(40)     Redirty Cards: 0.0ms
[9.972s][debug][gc,phases      ] GC(40)     DerivedPointerTable Update: 0.0ms
[9.972s][debug][gc,phases      ] GC(40)     Free Collection Set: 0.1ms
[9.972s][debug][gc,phases      ] GC(40)     Rebuild Free List: 0.0ms
[9.972s][debug][gc,phases      ] GC(40)     Humongous Reclaim: 0.0ms
[9.972s][debug][gc,phases      ] GC(40)     Start New Collection Set: 0.0ms
[9.972s][debug][gc,phases      ] GC(40)     Resize TLABs: 0.0ms
[9.972s][debug][gc,phases      ] GC(40)     Expand Heap After Collection: 0.0ms
[9.972s][info ][gc,phases      ] GC(40)   Other: 0.3ms
[9.972s][info ][gc,heap        ] GC(40) Eden regions: 186->0(186)
[9.972s][info ][gc,heap        ] GC(40) Survivor regions: 1->1(24)
[9.972s][info ][gc,heap        ] GC(40) Old regions: 7->7
[9.972s][info ][gc,heap        ] GC(40) Archive regions: 2->2
[9.972s][info ][gc,heap        ] GC(40) Humongous regions: 0->0
[9.972s][info ][gc,metaspace   ] GC(40) Metaspace: 10391K(10880K)->10391K(10880K) NonClass: 9188K(9472K)->9188K(9472K) Class: 1202K(1408K)->1202K(1408K)
[9.972s][debug][gc,heap        ] GC(40) Heap after GC invocations=41 (full 1): garbage-first heap   total 319488K, used 4350K [0x0000000700000000, 0x0000000800000000)
[9.972s][debug][gc,heap        ] GC(40)   region size 1024K, 1 young (1024K), 1 survivors (1024K)
[9.972s][debug][gc,heap        ] GC(40)  Metaspace       used 10391K, capacity 10712K, committed 10880K, reserved 1058816K
[9.972s][debug][gc,heap        ] GC(40)   class space    used 1202K, capacity 1338K, committed 1408K, reserved 1048576K
[9.972s][info ][gc             ] GC(40) Pause Young (Normal) (G1 Evacuation Pause) 190M->4M(312M) 1.453ms
[9.972s][info ][gc,cpu         ] GC(40) User=0.00s Sys=0.00s Real=0.00s
[9.972s][info ][safepoint      ] Safepoint "G1CollectForAllocation", Time since last: 127072080 ns, Reaching safepoint: 107551 ns, At safepoint: 1646392 ns, Total: 1753943 ns
[10.092s][debug][gc,heap        ] GC(41) Heap before GC invocations=41 (full 1): garbage-first heap   total 319488K, used 194814K [0x0000000700000000, 0x0000000800000000)
[10.092s][debug][gc,heap        ] GC(41)   region size 1024K, 187 young (191488K), 1 survivors (1024K)
[10.092s][debug][gc,heap        ] GC(41)  Metaspace       used 10391K, capacity 10712K, committed 10880K, reserved 1058816K
[10.092s][debug][gc,heap        ] GC(41)   class space    used 1202K, capacity 1338K, committed 1408K, reserved 1048576K
[10.092s][info ][gc,start       ] GC(41) Pause Young (Normal) (G1 Evacuation Pause)
[10.092s][info ][gc,task        ] GC(41) Using 8 workers of 8 for evacuation
[10.092s][debug][gc,tlab        ] GC(41) TLAB totals: thrds: 8  refills: 747 max: 127 slow allocs: 0 max 0 waste:  0.8% gc: 1139976B max: 344552B slow: 431960B max: 72952B fast: 0B max: 0B
[10.092s][debug][gc,age         ] GC(41) Desired survivor size 12582912 bytes, new threshold 15 (max threshold 15)
[10.092s][debug][gc,alloc,region] GC(41) Mutator Allocation stats, regions: 186, wasted size: 0B ( 0.0%)
[10.093s][debug][gc,ergo        ] GC(41) Running G1 Merge Heap Roots using 8 workers for 187 regions
[10.093s][debug][gc,remset      ] GC(41) Visited cards 2304 Total dirty 10240 (22.50%) Total old 784384 (0.29%)
[10.093s][debug][gc,ergo        ] GC(41) Running G1 Clear Card Table Task using 1 workers for 1 units of work for 192 regions.
[10.093s][debug][gc,ref         ] GC(41) Skipped phase1 of Reference Processing due to unavailable references
[10.093s][debug][gc,ref         ] GC(41) Skipped phase2 of Reference Processing due to unavailable references
[10.093s][debug][gc,ref         ] GC(41) Skipped phase3 of Reference Processing due to unavailable references
[10.093s][debug][gc,ergo        ] GC(41) Running G1 Free Collection Set using 8 workers for collection set length 187 (312)
[10.093s][debug][gc,ergo        ] GC(41) Running G1 Rebuild Free List Task using 8 workers for rebuilding free list of 0 (4096) regions
[10.093s][trace][gc,age         ] GC(41) Age table with threshold 15 (max threshold 15)
[10.093s][trace][gc,age         ] GC(41) - age   1:        584 bytes,        584 total
[10.093s][trace][gc,age         ] GC(41) - age   3:     197832 bytes,     198416 total
[10.093s][trace][gc,age         ] GC(41) - age   7:        208 bytes,     198624 total
[10.093s][trace][gc,age         ] GC(41) - age  15:        144 bytes,     198768 total
[10.093s][debug][gc,plab        ] GC(41) Young PLAB allocation: allocated: 16512B, wasted: 0B, unused: 8336B, used: 8176B, undo waste: 0B, 
[10.093s][debug][gc,plab        ] GC(41) Young other allocation: region end waste: 0B, regions filled: 1, direct allocated: 190592B, failure used: 0B, failure wasted: 0B
[10.093s][debug][gc,plab        ] GC(41) Young sizing: calculated: 1632B, actual: 2064B
[10.093s][debug][gc,plab        ] GC(41) Old PLAB allocation: allocated: 0B, wasted: 0B, unused: 0B, used: 0B, undo waste: 0B, 
[10.093s][debug][gc,plab        ] GC(41) Old other allocation: region end waste: 0B, regions filled: 1, direct allocated: 0B, failure used: 0B, failure wasted: 0B
[10.093s][debug][gc,plab        ] GC(41) Old sizing: calculated: 0B, actual: 2064B
[10.093s][debug][gc,ihop        ] GC(41) Basic information (value update), threshold: 147220070B (45.00), target occupancy: 327155712B, current occupancy: 4376392B, recent allocation size: 0B, recent allocation duration: 120.88ms, recent old gen allocation rate: 0.00B/s, recent marking phase length: 0.00ms
[10.093s][debug][gc,ihop        ] GC(41) Adaptive IHOP information (value update), threshold: 147220070B (47.37), internal target occupancy: 310797926B, occupancy: 4376392B, additional buffer size: 196083712B, predicted old gen allocation rate: 32683.79B/s, predicted marking phase length: 0.00ms, prediction active: false
[10.093s][debug][gc,ergo,refine ] GC(41) Concurrent refinement times: Logged Cards Scan time goal: 20.00ms Logged Cards Scan time: 0.01ms HCC time: 0.00ms
[10.093s][debug][gc,ergo,refine ] GC(41) Updated Refinement Zones: green: 2048, yellow: 6144, red: 10240
[10.094s][info ][gc,phases      ] GC(41)   Pre Evacuate Collection Set: 0.1ms
[10.094s][debug][gc,phases      ] GC(41)     Prepare TLABs: 0.0ms
[10.094s][debug][gc,phases      ] GC(41)     Choose Collection Set: 0.0ms
[10.094s][debug][gc,phases      ] GC(41)     Region Register: 0.1ms
[10.094s][debug][gc,phases      ] GC(41)     Prepare Heap Roots: 0.0ms
[10.094s][info ][gc,phases      ] GC(41)   Merge Heap Roots: 0.1ms
[10.094s][debug][gc,phases      ] GC(41)     Prepare Merge Heap Roots: 0.0ms
[10.094s][debug][gc,phases      ] GC(41)     Eager Reclaim (ms):       skipped
[10.094s][debug][gc,phases      ] GC(41)     Remembered Sets (ms):     Min:  0.0, Avg:  0.0, Max:  0.0, Diff:  0.0, Sum:  0.1, Workers: 8
[10.094s][debug][gc,phases      ] GC(41)       Merged Sparse:            Min: 0, Avg:  0.0, Max: 0, Diff: 0, Sum: 0, Workers: 8
[10.094s][debug][gc,phases      ] GC(41)       Merged Fine:              Min: 0, Avg:  0.0, Max: 0, Diff: 0, Sum: 0, Workers: 8
[10.094s][debug][gc,phases      ] GC(41)       Merged Coarse:            Min: 0, Avg:  0.0, Max: 0, Diff: 0, Sum: 0, Workers: 8
[10.094s][debug][gc,phases      ] GC(41)       Dirty Cards:              Min: 0, Avg:  0.0, Max: 0, Diff: 0, Sum: 0, Workers: 8
[10.094s][debug][gc,phases      ] GC(41)     Hot Card Cache (ms):      Min:  0.0, Avg:  0.0, Max:  0.0, Diff:  0.0, Sum:  0.0, Workers: 8
[10.094s][debug][gc,phases      ] GC(41)       Dirty Cards:              Min: 0, Avg:  0.0, Max: 0, Diff: 0, Sum: 0, Workers: 8
[10.094s][debug][gc,phases      ] GC(41)       Skipped Cards:            Min: 0, Avg:  0.0, Max: 0, Diff: 0, Sum: 0, Workers: 8
[10.094s][debug][gc,phases      ] GC(41)     Log Buffers (ms):         Min:  0.0, Avg:  0.0, Max:  0.0, Diff:  0.0, Sum:  0.0, Workers: 8
[10.094s][debug][gc,phases      ] GC(41)       Dirty Cards:              Min: 0, Avg:  2.8, Max: 11, Diff: 11, Sum: 22, Workers: 8
[10.094s][debug][gc,phases      ] GC(41)       Skipped Cards:            Min: 0, Avg:  0.0, Max: 0, Diff: 0, Sum: 0, Workers: 8
[10.094s][info ][gc,phases      ] GC(41)   Evacuate Collection Set: 0.2ms
[10.094s][debug][gc,phases      ] GC(41)     Ext Root Scanning (ms):   Min:  0.0, Avg:  0.0, Max:  0.1, Diff:  0.1, Sum:  0.4, Workers: 8
[10.094s][debug][gc,phases      ] GC(41)     Scan Heap Roots (ms):     Min:  0.0, Avg:  0.0, Max:  0.0, Diff:  0.0, Sum:  0.1, Workers: 8
[10.094s][debug][gc,phases      ] GC(41)       Scanned Cards:            Min: 0, Avg:  2.4, Max: 4, Diff: 4, Sum: 19, Workers: 8
[10.094s][debug][gc,phases      ] GC(41)       Scanned Blocks:           Min: 0, Avg:  2.0, Max: 4, Diff: 4, Sum: 16, Workers: 8
[10.094s][debug][gc,phases      ] GC(41)       Claimed Chunks:           Min: 0, Avg:  1.1, Max: 3, Diff: 3, Sum: 9, Workers: 8
[10.094s][debug][gc,phases      ] GC(41)     Code Root Scan (ms):      Min:  0.0, Avg:  0.0, Max:  0.0, Diff:  0.0, Sum:  0.0, Workers: 8
[10.094s][debug][gc,phases      ] GC(41)     Object Copy (ms):         Min:  0.0, Avg:  0.0, Max:  0.0, Diff:  0.0, Sum:  0.1, Workers: 8
[10.094s][debug][gc,phases      ] GC(41)     Termination (ms):         Min:  0.0, Avg:  0.0, Max:  0.1, Diff:  0.0, Sum:  0.3, Workers: 8
[10.094s][debug][gc,phases      ] GC(41)       Termination Attempts:     Min: 1, Avg:  1.0, Max: 1, Diff: 0, Sum: 8, Workers: 8
[10.094s][debug][gc,phases      ] GC(41)     GC Worker Other (ms):     Min:  0.0, Avg:  0.0, Max:  0.1, Diff:  0.0, Sum:  0.2, Workers: 8
[10.094s][debug][gc,phases      ] GC(41)     GC Worker Total (ms):     Min:  0.1, Avg:  0.1, Max:  0.1, Diff:  0.0, Sum:  1.1, Workers: 8
[10.094s][info ][gc,phases      ] GC(41)   Post Evacuate Collection Set: 0.5ms
[10.094s][debug][gc,phases      ] GC(41)     Code Roots Fixup: 0.0ms
[10.094s][debug][gc,phases      ] GC(41)     Clear Card Table: 0.1ms
[10.094s][debug][gc,phases      ] GC(41)     Reference Processing: 0.1ms
[10.094s][debug][gc,phases,ref  ] GC(41)       Reconsider SoftReferences: 0.1ms
[10.094s][debug][gc,phases,ref  ] GC(41)         SoftRef (ms):             skipped
[10.094s][debug][gc,phases,ref  ] GC(41)       Notify Soft/WeakReferences: 0.0ms
[10.094s][debug][gc,phases,ref  ] GC(41)         SoftRef (ms):             skipped
[10.094s][debug][gc,phases,ref  ] GC(41)         WeakRef (ms):             skipped
[10.094s][debug][gc,phases,ref  ] GC(41)         FinalRef (ms):            skipped
[10.094s][debug][gc,phases,ref  ] GC(41)         Total (ms):               skipped
[10.094s][debug][gc,phases,ref  ] GC(41)       Notify and keep alive finalizable: 0.0ms
[10.094s][debug][gc,phases,ref  ] GC(41)         FinalRef (ms):            skipped
[10.094s][debug][gc,phases,ref  ] GC(41)       Notify PhantomReferences: 0.0ms
[10.094s][debug][gc,phases,ref  ] GC(41)         PhantomRef (ms):          Min:  0.0, Avg:  0.0, Max:  0.0, Diff:  0.0, Sum:  0.0, Workers: 1
[10.094s][debug][gc,phases,ref  ] GC(41)       SoftReference:
[10.094s][debug][gc,phases,ref  ] GC(41)         Discovered: 0
[10.094s][debug][gc,phases,ref  ] GC(41)         Cleared: 0
[10.094s][debug][gc,phases,ref  ] GC(41)       WeakReference:
[10.094s][debug][gc,phases,ref  ] GC(41)         Discovered: 0
[10.094s][debug][gc,phases,ref  ] GC(41)         Cleared: 0
[10.094s][debug][gc,phases,ref  ] GC(41)       FinalReference:
[10.094s][debug][gc,phases,ref  ] GC(41)         Discovered: 0
[10.094s][debug][gc,phases,ref  ] GC(41)         Cleared: 0
[10.094s][debug][gc,phases,ref  ] GC(41)       PhantomReference:
[10.094s][debug][gc,phases,ref  ] GC(41)         Discovered: 2
[10.094s][debug][gc,phases,ref  ] GC(41)         Cleared: 2
[10.094s][debug][gc,phases      ] GC(41)     Weak Processing: 0.1ms
[10.094s][debug][gc,phases      ] GC(41)       JVMTI weak processing: 0.0ms
[10.094s][debug][gc,phases      ] GC(41)         Dead: 0
[10.094s][debug][gc,phases      ] GC(41)         Total: 0
[10.094s][debug][gc,phases      ] GC(41)       JFR weak processing: 0.0ms
[10.094s][debug][gc,phases      ] GC(41)         Dead: 0
[10.094s][debug][gc,phases      ] GC(41)         Total: 0
[10.094s][debug][gc,phases      ] GC(41)       JNI weak                  Min:  0.0, Avg:  0.0, Max:  0.0, Diff:  0.0, Sum:  0.0, Workers: 5
[10.094s][debug][gc,phases      ] GC(41)         Dead                      Min: 0, Avg:  0.0, Max: 0, Diff: 0, Sum: 0, Workers: 5
[10.094s][debug][gc,phases      ] GC(41)         Total                     Min: 0, Avg: 12.6, Max: 59, Diff: 59, Sum: 63, Workers: 5
[10.094s][debug][gc,phases      ] GC(41)       VM weak                   Min:  0.0, Avg:  0.0, Max:  0.0, Diff:  0.0, Sum:  0.0, Workers: 5
[10.094s][debug][gc,phases      ] GC(41)         Dead                      Min: 0, Avg:  0.0, Max: 0, Diff: 0, Sum: 0, Workers: 5
[10.094s][debug][gc,phases      ] GC(41)         Total                     Min: 0, Avg: 44.0, Max: 64, Diff: 64, Sum: 220, Workers: 5
[10.094s][debug][gc,phases      ] GC(41)       StringTable weak          Min:  0.0, Avg:  0.0, Max:  0.0, Diff:  0.0, Sum:  0.1, Workers: 5
[10.094s][debug][gc,phases      ] GC(41)         Dead                      Min: 0, Avg:  0.0, Max: 0, Diff: 0, Sum: 0, Workers: 5
[10.094s][debug][gc,phases      ] GC(41)         Total                     Min: 0, Avg: 718.4, Max: 960, Diff: 960, Sum: 3592, Workers: 5
[10.094s][debug][gc,phases      ] GC(41)       ResolvedMethodTable weak  Min:  0.0, Avg:  0.0, Max:  0.0, Diff:  0.0, Sum:  0.0, Workers: 5
[10.094s][debug][gc,phases      ] GC(41)         Dead                      Min: 0, Avg:  0.0, Max: 0, Diff: 0, Sum: 0, Workers: 5
[10.094s][debug][gc,phases      ] GC(41)         Total                     Min: 0, Avg: 116.6, Max: 192, Diff: 192, Sum: 583, Workers: 5
[10.094s][debug][gc,phases      ] GC(41)     Merge Per-Thread State: 0.0ms
[10.094s][debug][gc,phases      ] GC(41)       Copied Bytes              Min: 24, Avg: 24846.0, Max: 79432, Diff: 79408, Sum: 198768, Workers: 8
[10.094s][debug][gc,phases      ] GC(41)       LAB Waste                 Min: 0, Avg:  0.0, Max: 0, Diff: 0, Sum: 0, Workers: 8
[10.094s][debug][gc,phases      ] GC(41)       LAB Undo Waste            Min: 0, Avg:  0.0, Max: 0, Diff: 0, Sum: 0, Workers: 8
[10.094s][debug][gc,phases      ] GC(41)     Code Roots Purge: 0.0ms
[10.094s][debug][gc,phases      ] GC(41)     Redirty Cards: 0.1ms
[10.094s][debug][gc,phases      ] GC(41)     DerivedPointerTable Update: 0.0ms
[10.094s][debug][gc,phases      ] GC(41)     Free Collection Set: 0.1ms
[10.094s][debug][gc,phases      ] GC(41)     Rebuild Free List: 0.0ms
[10.094s][debug][gc,phases      ] GC(41)     Humongous Reclaim: 0.0ms
[10.094s][debug][gc,phases      ] GC(41)     Start New Collection Set: 0.0ms
[10.094s][debug][gc,phases      ] GC(41)     Resize TLABs: 0.0ms
[10.094s][debug][gc,phases      ] GC(41)     Expand Heap After Collection: 0.0ms
[10.094s][info ][gc,phases      ] GC(41)   Other: 0.3ms
[10.094s][info ][gc,heap        ] GC(41) Eden regions: 186->0(186)
[10.094s][info ][gc,heap        ] GC(41) Survivor regions: 1->1(24)
[10.094s][info ][gc,heap        ] GC(41) Old regions: 7->7
[10.094s][info ][gc,heap        ] GC(41) Archive regions: 2->2
[10.094s][info ][gc,heap        ] GC(41) Humongous regions: 0->0
[10.094s][info ][gc,metaspace   ] GC(41) Metaspace: 10391K(10880K)->10391K(10880K) NonClass: 9188K(9472K)->9188K(9472K) Class: 1202K(1408K)->1202K(1408K)
[10.094s][debug][gc,heap        ] GC(41) Heap after GC invocations=42 (full 1): garbage-first heap   total 319488K, used 4273K [0x0000000700000000, 0x0000000800000000)
[10.094s][debug][gc,heap        ] GC(41)   region size 1024K, 1 young (1024K), 1 survivors (1024K)
[10.094s][debug][gc,heap        ] GC(41)  Metaspace       used 10391K, capacity 10712K, committed 10880K, reserved 1058816K
[10.094s][debug][gc,heap        ] GC(41)   class space    used 1202K, capacity 1338K, committed 1408K, reserved 1048576K
[10.094s][info ][gc             ] GC(41) Pause Young (Normal) (G1 Evacuation Pause) 190M->4M(312M) 2.094ms
[10.095s][info ][gc,cpu         ] GC(41) User=0.00s Sys=0.00s Real=0.00s
[10.095s][info ][safepoint      ] Safepoint "G1CollectForAllocation", Time since last: 119891064 ns, Reaching safepoint: 180737 ns, At safepoint: 2277371 ns, Total: 2458108 ns
[10.221s][debug][gc,heap        ] GC(42) Heap before GC invocations=42 (full 1): garbage-first heap   total 319488K, used 194737K [0x0000000700000000, 0x0000000800000000)
[10.221s][debug][gc,heap        ] GC(42)   region size 1024K, 187 young (191488K), 1 survivors (1024K)
[10.221s][debug][gc,heap        ] GC(42)  Metaspace       used 10391K, capacity 10712K, committed 10880K, reserved 1058816K
[10.221s][debug][gc,heap        ] GC(42)   class space    used 1202K, capacity 1338K, committed 1408K, reserved 1048576K
[10.221s][info ][gc,start       ] GC(42) Pause Young (Normal) (G1 Evacuation Pause)
[10.221s][info ][gc,task        ] GC(42) Using 8 workers of 8 for evacuation
[10.221s][debug][gc,tlab        ] GC(42) TLAB totals: thrds: 8  refills: 745 max: 114 slow allocs: 0 max 0 waste:  1.1% gc: 1659576B max: 316240B slow: 429528B max: 66032B fast: 0B max: 0B
[10.221s][debug][gc,age         ] GC(42) Desired survivor size 12582912 bytes, new threshold 15 (max threshold 15)
[10.221s][debug][gc,alloc,region] GC(42) Mutator Allocation stats, regions: 186, wasted size: 0B ( 0.0%)
[10.221s][debug][gc,ergo        ] GC(42) Running G1 Merge Heap Roots using 8 workers for 187 regions
[10.221s][debug][gc,remset      ] GC(42) Visited cards 2304 Total dirty 10240 (22.50%) Total old 784384 (0.29%)
[10.221s][debug][gc,ergo        ] GC(42) Running G1 Clear Card Table Task using 1 workers for 1 units of work for 192 regions.
[10.221s][debug][gc,ref         ] GC(42) Skipped phase1 of Reference Processing due to unavailable references
[10.221s][debug][gc,ref         ] GC(42) Skipped phase2 of Reference Processing due to unavailable references
[10.221s][debug][gc,ref         ] GC(42) Skipped phase3 of Reference Processing due to unavailable references
[10.221s][debug][gc,ergo        ] GC(42) Running G1 Free Collection Set using 8 workers for collection set length 187 (312)
[10.221s][debug][gc,ergo        ] GC(42) Running G1 Rebuild Free List Task using 8 workers for rebuilding free list of 0 (4096) regions
[10.222s][trace][gc,age         ] GC(42) Age table with threshold 15 (max threshold 15)
[10.222s][trace][gc,age         ] GC(42) - age   1:        528 bytes,        528 total
[10.222s][trace][gc,age         ] GC(42) - age   4:     197832 bytes,     198360 total
[10.222s][trace][gc,age         ] GC(42) - age   8:        208 bytes,     198568 total
[10.222s][debug][gc,plab        ] GC(42) Young PLAB allocation: allocated: 18576B, wasted: 16B, unused: 10856B, used: 7704B, undo waste: 0B, 
[10.222s][debug][gc,plab        ] GC(42) Young other allocation: region end waste: 0B, regions filled: 1, direct allocated: 190864B, failure used: 0B, failure wasted: 0B
[10.222s][debug][gc,plab        ] GC(42) Young sizing: calculated: 1536B, actual: 2064B
[10.222s][debug][gc,plab        ] GC(42) Old PLAB allocation: allocated: 6192B, wasted: 0B, unused: 6048B, used: 144B, undo waste: 0B, 
[10.222s][debug][gc,plab        ] GC(42) Old other allocation: region end waste: 0B, regions filled: 1, direct allocated: 0B, failure used: 0B, failure wasted: 0B
[10.222s][debug][gc,plab        ] GC(42) Old sizing: calculated: 24B, actual: 2064B
[10.222s][debug][gc,ihop        ] GC(42) Basic information (value update), threshold: 147220070B (45.00), target occupancy: 327155712B, current occupancy: 4385384B, recent allocation size: 6192B, recent allocation duration: 127.19ms, recent old gen allocation rate: 48683.37B/s, recent marking phase length: 0.00ms
[10.222s][debug][gc,ihop        ] GC(42) Adaptive IHOP information (value update), threshold: 147220070B (47.37), internal target occupancy: 310797926B, occupancy: 4385384B, additional buffer size: 196083712B, predicted old gen allocation rate: 34428.18B/s, predicted marking phase length: 0.00ms, prediction active: false
[10.222s][debug][gc,ergo,refine ] GC(42) Concurrent refinement times: Logged Cards Scan time goal: 20.00ms Logged Cards Scan time: 0.01ms HCC time: 0.00ms
[10.222s][debug][gc,ergo,refine ] GC(42) Updated Refinement Zones: green: 2048, yellow: 6144, red: 10240
[10.222s][info ][gc,phases      ] GC(42)   Pre Evacuate Collection Set: 0.1ms
[10.222s][debug][gc,phases      ] GC(42)     Prepare TLABs: 0.0ms
[10.222s][debug][gc,phases      ] GC(42)     Choose Collection Set: 0.0ms
[10.222s][debug][gc,phases      ] GC(42)     Region Register: 0.1ms
[10.222s][debug][gc,phases      ] GC(42)     Prepare Heap Roots: 0.0ms
[10.222s][info ][gc,phases      ] GC(42)   Merge Heap Roots: 0.1ms
[10.222s][debug][gc,phases      ] GC(42)     Prepare Merge Heap Roots: 0.0ms
[10.222s][debug][gc,phases      ] GC(42)     Eager Reclaim (ms):       skipped
[10.222s][debug][gc,phases      ] GC(42)     Remembered Sets (ms):     Min:  0.0, Avg:  0.0, Max:  0.0, Diff:  0.0, Sum:  0.1, Workers: 8
[10.222s][debug][gc,phases      ] GC(42)       Merged Sparse:            Min: 0, Avg:  0.0, Max: 0, Diff: 0, Sum: 0, Workers: 8
[10.222s][debug][gc,phases      ] GC(42)       Merged Fine:              Min: 0, Avg:  0.0, Max: 0, Diff: 0, Sum: 0, Workers: 8
[10.222s][debug][gc,phases      ] GC(42)       Merged Coarse:            Min: 0, Avg:  0.0, Max: 0, Diff: 0, Sum: 0, Workers: 8
[10.222s][debug][gc,phases      ] GC(42)       Dirty Cards:              Min: 0, Avg:  0.0, Max: 0, Diff: 0, Sum: 0, Workers: 8
[10.222s][debug][gc,phases      ] GC(42)     Hot Card Cache (ms):      Min:  0.0, Avg:  0.0, Max:  0.0, Diff:  0.0, Sum:  0.0, Workers: 8
[10.222s][debug][gc,phases      ] GC(42)       Dirty Cards:              Min: 0, Avg:  0.0, Max: 0, Diff: 0, Sum: 0, Workers: 8
[10.222s][debug][gc,phases      ] GC(42)       Skipped Cards:            Min: 0, Avg:  0.0, Max: 0, Diff: 0, Sum: 0, Workers: 8
[10.222s][debug][gc,phases      ] GC(42)     Log Buffers (ms):         Min:  0.0, Avg:  0.0, Max:  0.0, Diff:  0.0, Sum:  0.0, Workers: 8
[10.222s][debug][gc,phases      ] GC(42)       Dirty Cards:              Min: 0, Avg:  3.0, Max: 9, Diff: 9, Sum: 24, Workers: 8
[10.222s][debug][gc,phases      ] GC(42)       Skipped Cards:            Min: 0, Avg:  0.0, Max: 0, Diff: 0, Sum: 0, Workers: 8
[10.222s][info ][gc,phases      ] GC(42)   Evacuate Collection Set: 0.2ms
[10.222s][debug][gc,phases      ] GC(42)     Ext Root Scanning (ms):   Min:  0.0, Avg:  0.1, Max:  0.1, Diff:  0.1, Sum:  0.4, Workers: 8
[10.222s][debug][gc,phases      ] GC(42)     Scan Heap Roots (ms):     Min:  0.0, Avg:  0.0, Max:  0.0, Diff:  0.0, Sum:  0.0, Workers: 8
[10.222s][debug][gc,phases      ] GC(42)       Scanned Cards:            Min: 0, Avg:  2.4, Max: 5, Diff: 5, Sum: 19, Workers: 8
[10.222s][debug][gc,phases      ] GC(42)       Scanned Blocks:           Min: 0, Avg:  2.0, Max: 5, Diff: 5, Sum: 16, Workers: 8
[10.222s][debug][gc,phases      ] GC(42)       Claimed Chunks:           Min: 0, Avg:  1.1, Max: 3, Diff: 3, Sum: 9, Workers: 8
[10.222s][debug][gc,phases      ] GC(42)     Code Root Scan (ms):      Min:  0.0, Avg:  0.0, Max:  0.0, Diff:  0.0, Sum:  0.0, Workers: 8
[10.222s][debug][gc,phases      ] GC(42)     Object Copy (ms):         Min:  0.0, Avg:  0.0, Max:  0.0, Diff:  0.0, Sum:  0.1, Workers: 8
[10.222s][debug][gc,phases      ] GC(42)     Termination (ms):         Min:  0.0, Avg:  0.0, Max:  0.1, Diff:  0.0, Sum:  0.3, Workers: 8
[10.222s][debug][gc,phases      ] GC(42)       Termination Attempts:     Min: 1, Avg:  1.0, Max: 1, Diff: 0, Sum: 8, Workers: 8
[10.222s][debug][gc,phases      ] GC(42)     GC Worker Other (ms):     Min:  0.0, Avg:  0.0, Max:  0.1, Diff:  0.0, Sum:  0.2, Workers: 8
[10.222s][debug][gc,phases      ] GC(42)     GC Worker Total (ms):     Min:  0.1, Avg:  0.1, Max:  0.2, Diff:  0.0, Sum:  1.1, Workers: 8
[10.222s][info ][gc,phases      ] GC(42)   Post Evacuate Collection Set: 0.4ms
[10.222s][debug][gc,phases      ] GC(42)     Code Roots Fixup: 0.0ms
[10.222s][debug][gc,phases      ] GC(42)     Clear Card Table: 0.1ms
[10.222s][debug][gc,phases      ] GC(42)     Reference Processing: 0.0ms
[10.222s][debug][gc,phases,ref  ] GC(42)       Reconsider SoftReferences: 0.0ms
[10.222s][debug][gc,phases,ref  ] GC(42)         SoftRef (ms):             skipped
[10.222s][debug][gc,phases,ref  ] GC(42)       Notify Soft/WeakReferences: 0.0ms
[10.222s][debug][gc,phases,ref  ] GC(42)         SoftRef (ms):             skipped
[10.222s][debug][gc,phases,ref  ] GC(42)         WeakRef (ms):             skipped
[10.222s][debug][gc,phases,ref  ] GC(42)         FinalRef (ms):            skipped
[10.222s][debug][gc,phases,ref  ] GC(42)         Total (ms):               skipped
[10.222s][debug][gc,phases,ref  ] GC(42)       Notify and keep alive finalizable: 0.0ms
[10.222s][debug][gc,phases,ref  ] GC(42)         FinalRef (ms):            skipped
[10.222s][debug][gc,phases,ref  ] GC(42)       Notify PhantomReferences: 0.0ms
[10.222s][debug][gc,phases,ref  ] GC(42)         PhantomRef (ms):          Min:  0.0, Avg:  0.0, Max:  0.0, Diff:  0.0, Sum:  0.0, Workers: 1
[10.222s][debug][gc,phases,ref  ] GC(42)       SoftReference:
[10.222s][debug][gc,phases,ref  ] GC(42)         Discovered: 0
[10.222s][debug][gc,phases,ref  ] GC(42)         Cleared: 0
[10.222s][debug][gc,phases,ref  ] GC(42)       WeakReference:
[10.222s][debug][gc,phases,ref  ] GC(42)         Discovered: 0
[10.222s][debug][gc,phases,ref  ] GC(42)         Cleared: 0
[10.222s][debug][gc,phases,ref  ] GC(42)       FinalReference:
[10.222s][debug][gc,phases,ref  ] GC(42)         Discovered: 0
[10.222s][debug][gc,phases,ref  ] GC(42)         Cleared: 0
[10.222s][debug][gc,phases,ref  ] GC(42)       PhantomReference:
[10.222s][debug][gc,phases,ref  ] GC(42)         Discovered: 5
[10.222s][debug][gc,phases,ref  ] GC(42)         Cleared: 5
[10.222s][debug][gc,phases      ] GC(42)     Weak Processing: 0.1ms
[10.222s][debug][gc,phases      ] GC(42)       JVMTI weak processing: 0.0ms
[10.222s][debug][gc,phases      ] GC(42)         Dead: 0
[10.222s][debug][gc,phases      ] GC(42)         Total: 0
[10.222s][debug][gc,phases      ] GC(42)       JFR weak processing: 0.0ms
[10.222s][debug][gc,phases      ] GC(42)         Dead: 0
[10.222s][debug][gc,phases      ] GC(42)         Total: 0
[10.222s][debug][gc,phases      ] GC(42)       JNI weak                  Min:  0.0, Avg:  0.0, Max:  0.0, Diff:  0.0, Sum:  0.0, Workers: 5
[10.222s][debug][gc,phases      ] GC(42)         Dead                      Min: 0, Avg:  0.0, Max: 0, Diff: 0, Sum: 0, Workers: 5
[10.222s][debug][gc,phases      ] GC(42)         Total                     Min: 0, Avg: 12.6, Max: 59, Diff: 59, Sum: 63, Workers: 5
[10.222s][debug][gc,phases      ] GC(42)       VM weak                   Min:  0.0, Avg:  0.0, Max:  0.0, Diff:  0.0, Sum:  0.0, Workers: 5
[10.222s][debug][gc,phases      ] GC(42)         Dead                      Min: 0, Avg:  0.0, Max: 0, Diff: 0, Sum: 0, Workers: 5
[10.222s][debug][gc,phases      ] GC(42)         Total                     Min: 0, Avg: 44.0, Max: 128, Diff: 128, Sum: 220, Workers: 5
[10.222s][debug][gc,phases      ] GC(42)       StringTable weak          Min:  0.0, Avg:  0.0, Max:  0.0, Diff:  0.0, Sum:  0.1, Workers: 5
[10.222s][debug][gc,phases      ] GC(42)         Dead                      Min: 0, Avg:  0.0, Max: 0, Diff: 0, Sum: 0, Workers: 5
[10.222s][debug][gc,phases      ] GC(42)         Total                     Min: 640, Avg: 718.4, Max: 840, Diff: 200, Sum: 3592, Workers: 5
[10.222s][debug][gc,phases      ] GC(42)       ResolvedMethodTable weak  Min:  0.0, Avg:  0.0, Max:  0.0, Diff:  0.0, Sum:  0.0, Workers: 5
[10.222s][debug][gc,phases      ] GC(42)         Dead                      Min: 0, Avg:  0.0, Max: 0, Diff: 0, Sum: 0, Workers: 5
[10.222s][debug][gc,phases      ] GC(42)         Total                     Min: 7, Avg: 116.6, Max: 192, Diff: 185, Sum: 583, Workers: 5
[10.222s][debug][gc,phases      ] GC(42)     Merge Per-Thread State: 0.0ms
[10.222s][debug][gc,phases      ] GC(42)       Copied Bytes              Min: 24, Avg: 24839.0, Max: 79368, Diff: 79344, Sum: 198712, Workers: 8
[10.222s][debug][gc,phases      ] GC(42)       LAB Waste                 Min: 0, Avg:  2.0, Max: 16, Diff: 16, Sum: 16, Workers: 8
[10.222s][debug][gc,phases      ] GC(42)       LAB Undo Waste            Min: 0, Avg:  0.0, Max: 0, Diff: 0, Sum: 0, Workers: 8
[10.222s][debug][gc,phases      ] GC(42)     Code Roots Purge: 0.0ms
[10.222s][debug][gc,phases      ] GC(42)     Redirty Cards: 0.0ms
[10.222s][debug][gc,phases      ] GC(42)     DerivedPointerTable Update: 0.0ms
[10.222s][debug][gc,phases      ] GC(42)     Free Collection Set: 0.1ms
[10.222s][debug][gc,phases      ] GC(42)     Rebuild Free List: 0.1ms
[10.222s][debug][gc,phases      ] GC(42)     Humongous Reclaim: 0.0ms
[10.222s][debug][gc,phases      ] GC(42)     Start New Collection Set: 0.0ms
[10.222s][debug][gc,phases      ] GC(42)     Resize TLABs: 0.0ms
[10.222s][debug][gc,phases      ] GC(42)     Expand Heap After Collection: 0.0ms
[10.222s][info ][gc,phases      ] GC(42)   Other: 0.4ms
[10.222s][info ][gc,heap        ] GC(42) Eden regions: 186->0(186)
[10.222s][info ][gc,heap        ] GC(42) Survivor regions: 1->1(24)
[10.222s][info ][gc,heap        ] GC(42) Old regions: 7->7
[10.222s][info ][gc,heap        ] GC(42) Archive regions: 2->2
[10.222s][info ][gc,heap        ] GC(42) Humongous regions: 0->0
[10.222s][info ][gc,metaspace   ] GC(42) Metaspace: 10391K(10880K)->10391K(10880K) NonClass: 9188K(9472K)->9188K(9472K) Class: 1202K(1408K)->1202K(1408K)
[10.222s][debug][gc,heap        ] GC(42) Heap after GC invocations=43 (full 1): garbage-first heap   total 319488K, used 4282K [0x0000000700000000, 0x0000000800000000)
[10.222s][debug][gc,heap        ] GC(42)   region size 1024K, 1 young (1024K), 1 survivors (1024K)
[10.222s][debug][gc,heap        ] GC(42)  Metaspace       used 10391K, capacity 10712K, committed 10880K, reserved 1058816K
[10.222s][debug][gc,heap        ] GC(42)   class space    used 1202K, capacity 1338K, committed 1408K, reserved 1048576K
[10.222s][info ][gc             ] GC(42) Pause Young (Normal) (G1 Evacuation Pause) 190M->4M(312M) 1.852ms
[10.222s][info ][gc,cpu         ] GC(42) User=0.00s Sys=0.00s Real=0.00s
[10.223s][info ][safepoint      ] Safepoint "G1CollectForAllocation", Time since last: 125806471 ns, Reaching safepoint: 136410 ns, At safepoint: 2081926 ns, Total: 2218336 ns
[10.443s][debug][gc,heap        ] GC(43) Heap before GC invocations=43 (full 1): garbage-first heap   total 319488K, used 194746K [0x0000000700000000, 0x0000000800000000)
[10.443s][debug][gc,heap        ] GC(43)   region size 1024K, 187 young (191488K), 1 survivors (1024K)
[10.443s][debug][gc,heap        ] GC(43)  Metaspace       used 10391K, capacity 10712K, committed 10880K, reserved 1058816K
[10.443s][debug][gc,heap        ] GC(43)   class space    used 1202K, capacity 1338K, committed 1408K, reserved 1048576K
[10.443s][info ][gc,start       ] GC(43) Pause Young (Normal) (G1 Evacuation Pause)
[10.443s][info ][gc,task        ] GC(43) Using 8 workers of 8 for evacuation
[10.443s][debug][gc,tlab        ] GC(43) TLAB totals: thrds: 8  refills: 747 max: 110 slow allocs: 0 max 0 waste:  0.8% gc: 1128448B max: 442392B slow: 432304B max: 63480B fast: 0B max: 0B
[10.443s][debug][gc,age         ] GC(43) Desired survivor size 12582912 bytes, new threshold 15 (max threshold 15)
[10.443s][debug][gc,alloc,region] GC(43) Mutator Allocation stats, regions: 186, wasted size: 0B ( 0.0%)
[10.444s][debug][gc,ergo        ] GC(43) Running G1 Merge Heap Roots using 8 workers for 187 regions
[10.444s][debug][gc,remset      ] GC(43) Visited cards 2048 Total dirty 10240 (20.00%) Total old 784384 (0.26%)
[10.444s][debug][gc,ergo        ] GC(43) Running G1 Clear Card Table Task using 1 workers for 1 units of work for 192 regions.
[10.444s][debug][gc,ref         ] GC(43) Skipped phase1 of Reference Processing due to unavailable references
[10.444s][debug][gc,ref         ] GC(43) Skipped phase2 of Reference Processing due to unavailable references
[10.444s][debug][gc,ref         ] GC(43) Skipped phase3 of Reference Processing due to unavailable references
[10.444s][debug][gc,ergo        ] GC(43) Running G1 Free Collection Set using 8 workers for collection set length 187 (312)
[10.444s][debug][gc,ergo        ] GC(43) Running G1 Rebuild Free List Task using 8 workers for rebuilding free list of 0 (4096) regions
[10.444s][trace][gc,age         ] GC(43) Age table with threshold 15 (max threshold 15)
[10.444s][trace][gc,age         ] GC(43) - age   1:        416 bytes,        416 total
[10.444s][trace][gc,age         ] GC(43) - age   5:     197832 bytes,     198248 total
[10.444s][trace][gc,age         ] GC(43) - age   9:        208 bytes,     198456 total
[10.444s][debug][gc,plab        ] GC(43) Young PLAB allocation: allocated: 12384B, wasted: 0B, unused: 4520B, used: 7864B, undo waste: 0B, 
[10.444s][debug][gc,plab        ] GC(43) Young other allocation: region end waste: 0B, regions filled: 1, direct allocated: 190592B, failure used: 0B, failure wasted: 0B
[10.444s][debug][gc,plab        ] GC(43) Young sizing: calculated: 1568B, actual: 2064B
[10.444s][debug][gc,plab        ] GC(43) Old PLAB allocation: allocated: 0B, wasted: 0B, unused: 0B, used: 0B, undo waste: 0B, 
[10.444s][debug][gc,plab        ] GC(43) Old other allocation: region end waste: 0B, regions filled: 1, direct allocated: 0B, failure used: 0B, failure wasted: 0B
[10.444s][debug][gc,plab        ] GC(43) Old sizing: calculated: 0B, actual: 2064B
[10.444s][debug][gc,ihop        ] GC(43) Basic information (value update), threshold: 147220070B (45.00), target occupancy: 327155712B, current occupancy: 4378920B, recent allocation size: 0B, recent allocation duration: 221.75ms, recent old gen allocation rate: 0.00B/s, recent marking phase length: 0.00ms
[10.444s][debug][gc,ihop        ] GC(43) Adaptive IHOP information (value update), threshold: 147220070B (47.37), internal target occupancy: 310797926B, occupancy: 4378920B, additional buffer size: 196083712B, predicted old gen allocation rate: 33302.07B/s, predicted marking phase length: 0.00ms, prediction active: false
[10.444s][debug][gc,ergo,refine ] GC(43) Concurrent refinement times: Logged Cards Scan time goal: 20.00ms Logged Cards Scan time: 0.01ms HCC time: 0.00ms
[10.444s][debug][gc,ergo,refine ] GC(43) Updated Refinement Zones: green: 2048, yellow: 6144, red: 10240
[10.444s][info ][gc,phases      ] GC(43)   Pre Evacuate Collection Set: 0.1ms
[10.444s][debug][gc,phases      ] GC(43)     Prepare TLABs: 0.0ms
[10.444s][debug][gc,phases      ] GC(43)     Choose Collection Set: 0.0ms
[10.444s][debug][gc,phases      ] GC(43)     Region Register: 0.1ms
[10.445s][debug][gc,phases      ] GC(43)     Prepare Heap Roots: 0.0ms
[10.445s][info ][gc,phases      ] GC(43)   Merge Heap Roots: 0.1ms
[10.445s][debug][gc,phases      ] GC(43)     Prepare Merge Heap Roots: 0.0ms
[10.445s][debug][gc,phases      ] GC(43)     Eager Reclaim (ms):       skipped
[10.445s][debug][gc,phases      ] GC(43)     Remembered Sets (ms):     Min:  0.0, Avg:  0.0, Max:  0.0, Diff:  0.0, Sum:  0.1, Workers: 8
[10.445s][debug][gc,phases      ] GC(43)       Merged Sparse:            Min: 0, Avg:  0.0, Max: 0, Diff: 0, Sum: 0, Workers: 8
[10.445s][debug][gc,phases      ] GC(43)       Merged Fine:              Min: 0, Avg:  0.0, Max: 0, Diff: 0, Sum: 0, Workers: 8
[10.445s][debug][gc,phases      ] GC(43)       Merged Coarse:            Min: 0, Avg:  0.0, Max: 0, Diff: 0, Sum: 0, Workers: 8
[10.445s][debug][gc,phases      ] GC(43)       Dirty Cards:              Min: 0, Avg:  0.0, Max: 0, Diff: 0, Sum: 0, Workers: 8
[10.445s][debug][gc,phases      ] GC(43)     Hot Card Cache (ms):      Min:  0.0, Avg:  0.0, Max:  0.0, Diff:  0.0, Sum:  0.0, Workers: 8
[10.445s][debug][gc,phases      ] GC(43)       Dirty Cards:              Min: 0, Avg:  0.0, Max: 0, Diff: 0, Sum: 0, Workers: 8
[10.445s][debug][gc,phases      ] GC(43)       Skipped Cards:            Min: 0, Avg:  0.0, Max: 0, Diff: 0, Sum: 0, Workers: 8
[10.445s][debug][gc,phases      ] GC(43)     Log Buffers (ms):         Min:  0.0, Avg:  0.0, Max:  0.0, Diff:  0.0, Sum:  0.0, Workers: 8
[10.445s][debug][gc,phases      ] GC(43)       Dirty Cards:              Min: 0, Avg:  2.0, Max: 9, Diff: 9, Sum: 16, Workers: 8
[10.445s][debug][gc,phases      ] GC(43)       Skipped Cards:            Min: 0, Avg:  0.0, Max: 0, Diff: 0, Sum: 0, Workers: 8
[10.445s][info ][gc,phases      ] GC(43)   Evacuate Collection Set: 0.2ms
[10.445s][debug][gc,phases      ] GC(43)     Ext Root Scanning (ms):   Min:  0.0, Avg:  0.0, Max:  0.1, Diff:  0.1, Sum:  0.3, Workers: 8
[10.445s][debug][gc,phases      ] GC(43)     Scan Heap Roots (ms):     Min:  0.0, Avg:  0.0, Max:  0.0, Diff:  0.0, Sum:  0.1, Workers: 8
[10.445s][debug][gc,phases      ] GC(43)       Scanned Cards:            Min: 0, Avg:  2.0, Max: 6, Diff: 6, Sum: 16, Workers: 8
[10.445s][debug][gc,phases      ] GC(43)       Scanned Blocks:           Min: 0, Avg:  1.8, Max: 4, Diff: 4, Sum: 14, Workers: 8
[10.445s][debug][gc,phases      ] GC(43)       Claimed Chunks:           Min: 0, Avg:  1.0, Max: 3, Diff: 3, Sum: 8, Workers: 8
[10.445s][debug][gc,phases      ] GC(43)     Code Root Scan (ms):      Min:  0.0, Avg:  0.0, Max:  0.0, Diff:  0.0, Sum:  0.0, Workers: 8
[10.445s][debug][gc,phases      ] GC(43)     Object Copy (ms):         Min:  0.0, Avg:  0.0, Max:  0.0, Diff:  0.0, Sum:  0.1, Workers: 8
[10.445s][debug][gc,phases      ] GC(43)     Termination (ms):         Min:  0.0, Avg:  0.0, Max:  0.0, Diff:  0.0, Sum:  0.3, Workers: 8
[10.445s][debug][gc,phases      ] GC(43)       Termination Attempts:     Min: 1, Avg:  1.0, Max: 1, Diff: 0, Sum: 8, Workers: 8
[10.445s][debug][gc,phases      ] GC(43)     GC Worker Other (ms):     Min:  0.0, Avg:  0.0, Max:  0.0, Diff:  0.0, Sum:  0.1, Workers: 8
[10.445s][debug][gc,phases      ] GC(43)     GC Worker Total (ms):     Min:  0.0, Avg:  0.1, Max:  0.1, Diff:  0.1, Sum:  0.9, Workers: 8
[10.445s][info ][gc,phases      ] GC(43)   Post Evacuate Collection Set: 0.4ms
[10.445s][debug][gc,phases      ] GC(43)     Code Roots Fixup: 0.0ms
[10.445s][debug][gc,phases      ] GC(43)     Clear Card Table: 0.1ms
[10.445s][debug][gc,phases      ] GC(43)     Reference Processing: 0.0ms
[10.445s][debug][gc,phases,ref  ] GC(43)       Reconsider SoftReferences: 0.0ms
[10.445s][debug][gc,phases,ref  ] GC(43)         SoftRef (ms):             skipped
[10.445s][debug][gc,phases,ref  ] GC(43)       Notify Soft/WeakReferences: 0.0ms
[10.445s][debug][gc,phases,ref  ] GC(43)         SoftRef (ms):             skipped
[10.445s][debug][gc,phases,ref  ] GC(43)         WeakRef (ms):             skipped
[10.445s][debug][gc,phases,ref  ] GC(43)         FinalRef (ms):            skipped
[10.445s][debug][gc,phases,ref  ] GC(43)         Total (ms):               skipped
[10.445s][debug][gc,phases,ref  ] GC(43)       Notify and keep alive finalizable: 0.0ms
[10.445s][debug][gc,phases,ref  ] GC(43)         FinalRef (ms):            skipped
[10.445s][debug][gc,phases,ref  ] GC(43)       Notify PhantomReferences: 0.0ms
[10.445s][debug][gc,phases,ref  ] GC(43)         PhantomRef (ms):          Min:  0.0, Avg:  0.0, Max:  0.0, Diff:  0.0, Sum:  0.0, Workers: 1
[10.445s][debug][gc,phases,ref  ] GC(43)       SoftReference:
[10.445s][debug][gc,phases,ref  ] GC(43)         Discovered: 0
[10.445s][debug][gc,phases,ref  ] GC(43)         Cleared: 0
[10.445s][debug][gc,phases,ref  ] GC(43)       WeakReference:
[10.445s][debug][gc,phases,ref  ] GC(43)         Discovered: 0
[10.445s][debug][gc,phases,ref  ] GC(43)         Cleared: 0
[10.445s][debug][gc,phases,ref  ] GC(43)       FinalReference:
[10.445s][debug][gc,phases,ref  ] GC(43)         Discovered: 0
[10.445s][debug][gc,phases,ref  ] GC(43)         Cleared: 0
[10.445s][debug][gc,phases,ref  ] GC(43)       PhantomReference:
[10.445s][debug][gc,phases,ref  ] GC(43)         Discovered: 5
[10.445s][debug][gc,phases,ref  ] GC(43)         Cleared: 5
[10.445s][debug][gc,phases      ] GC(43)     Weak Processing: 0.0ms
[10.445s][debug][gc,phases      ] GC(43)       JVMTI weak processing: 0.0ms
[10.445s][debug][gc,phases      ] GC(43)         Dead: 0
[10.445s][debug][gc,phases      ] GC(43)         Total: 0
[10.445s][debug][gc,phases      ] GC(43)       JFR weak processing: 0.0ms
[10.445s][debug][gc,phases      ] GC(43)         Dead: 0
[10.445s][debug][gc,phases      ] GC(43)         Total: 0
[10.445s][debug][gc,phases      ] GC(43)       JNI weak                  Min:  0.0, Avg:  0.0, Max:  0.0, Diff:  0.0, Sum:  0.0, Workers: 5
[10.445s][debug][gc,phases      ] GC(43)         Dead                      Min: 0, Avg:  0.0, Max: 0, Diff: 0, Sum: 0, Workers: 5
[10.445s][debug][gc,phases      ] GC(43)         Total                     Min: 0, Avg: 12.6, Max: 59, Diff: 59, Sum: 63, Workers: 5
[10.445s][debug][gc,phases      ] GC(43)       VM weak                   Min:  0.0, Avg:  0.0, Max:  0.0, Diff:  0.0, Sum:  0.0, Workers: 5
[10.445s][debug][gc,phases      ] GC(43)         Dead                      Min: 0, Avg:  0.0, Max: 0, Diff: 0, Sum: 0, Workers: 5
[10.445s][debug][gc,phases      ] GC(43)         Total                     Min: 0, Avg: 44.0, Max: 64, Diff: 64, Sum: 220, Workers: 5
[10.445s][debug][gc,phases      ] GC(43)       StringTable weak          Min:  0.0, Avg:  0.0, Max:  0.0, Diff:  0.0, Sum:  0.1, Workers: 5
[10.445s][debug][gc,phases      ] GC(43)         Dead                      Min: 0, Avg:  0.0, Max: 0, Diff: 0, Sum: 0, Workers: 5
[10.445s][debug][gc,phases      ] GC(43)         Total                     Min: 520, Avg: 718.4, Max: 832, Diff: 312, Sum: 3592, Workers: 5
[10.445s][debug][gc,phases      ] GC(43)       ResolvedMethodTable weak  Min:  0.0, Avg:  0.0, Max:  0.0, Diff:  0.0, Sum:  0.0, Workers: 5
[10.445s][debug][gc,phases      ] GC(43)         Dead                      Min: 0, Avg:  0.0, Max: 0, Diff: 0, Sum: 0, Workers: 5
[10.445s][debug][gc,phases      ] GC(43)         Total                     Min: 64, Avg: 116.6, Max: 192, Diff: 128, Sum: 583, Workers: 5
[10.445s][debug][gc,phases      ] GC(43)     Merge Per-Thread State: 0.0ms
[10.445s][debug][gc,phases      ] GC(43)       Copied Bytes              Min: 0, Avg: 24807.0, Max: 79368, Diff: 79368, Sum: 198456, Workers: 8
[10.445s][debug][gc,phases      ] GC(43)       LAB Waste                 Min: 0, Avg:  0.0, Max: 0, Diff: 0, Sum: 0, Workers: 8
[10.445s][debug][gc,phases      ] GC(43)       LAB Undo Waste            Min: 0, Avg:  0.0, Max: 0, Diff: 0, Sum: 0, Workers: 8
[10.445s][debug][gc,phases      ] GC(43)     Code Roots Purge: 0.0ms
[10.445s][debug][gc,phases      ] GC(43)     Redirty Cards: 0.0ms
[10.445s][debug][gc,phases      ] GC(43)     DerivedPointerTable Update: 0.0ms
[10.445s][debug][gc,phases      ] GC(43)     Free Collection Set: 0.1ms
[10.445s][debug][gc,phases      ] GC(43)     Rebuild Free List: 0.1ms
[10.445s][debug][gc,phases      ] GC(43)     Humongous Reclaim: 0.0ms
[10.445s][debug][gc,phases      ] GC(43)     Start New Collection Set: 0.0ms
[10.445s][debug][gc,phases      ] GC(43)     Resize TLABs: 0.0ms
[10.445s][debug][gc,phases      ] GC(43)     Expand Heap After Collection: 0.0ms
[10.445s][info ][gc,phases      ] GC(43)   Other: 0.4ms
[10.445s][info ][gc,heap        ] GC(43) Eden regions: 186->0(186)
[10.445s][info ][gc,heap        ] GC(43) Survivor regions: 1->1(24)
[10.445s][info ][gc,heap        ] GC(43) Old regions: 7->7
[10.446s][info ][gc,heap        ] GC(43) Archive regions: 2->2
[10.446s][info ][gc,heap        ] GC(43) Humongous regions: 0->0
[10.446s][info ][gc,metaspace   ] GC(43) Metaspace: 10391K(10880K)->10391K(10880K) NonClass: 9188K(9472K)->9188K(9472K) Class: 1202K(1408K)->1202K(1408K)
[10.446s][debug][gc,heap        ] GC(43) Heap after GC invocations=44 (full 1): garbage-first heap   total 319488K, used 4276K [0x0000000700000000, 0x0000000800000000)
[10.446s][debug][gc,heap        ] GC(43)   region size 1024K, 1 young (1024K), 1 survivors (1024K)
[10.446s][debug][gc,heap        ] GC(43)  Metaspace       used 10391K, capacity 10712K, committed 10880K, reserved 1058816K
[10.446s][debug][gc,heap        ] GC(43)   class space    used 1202K, capacity 1338K, committed 1408K, reserved 1048576K
[10.446s][info ][gc             ] GC(43) Pause Young (Normal) (G1 Evacuation Pause) 190M->4M(312M) 2.197ms
[10.446s][info ][gc,cpu         ] GC(43) User=0.00s Sys=0.01s Real=0.01s
[10.447s][info ][safepoint      ] Safepoint "G1CollectForAllocation", Time since last: 220540447 ns, Reaching safepoint: 149071 ns, At safepoint: 3932333 ns, Total: 4081404 ns
[10.573s][debug][gc,heap        ] GC(44) Heap before GC invocations=44 (full 1): garbage-first heap   total 319488K, used 193716K [0x0000000700000000, 0x0000000800000000)
[10.573s][debug][gc,heap        ] GC(44)   region size 1024K, 187 young (191488K), 1 survivors (1024K)
[10.573s][debug][gc,heap        ] GC(44)  Metaspace       used 10391K, capacity 10712K, committed 10880K, reserved 1058816K
[10.573s][debug][gc,heap        ] GC(44)   class space    used 1202K, capacity 1338K, committed 1408K, reserved 1048576K
[10.573s][info ][gc,start       ] GC(44) Pause Young (Normal) (G1 Evacuation Pause)
[10.573s][info ][gc,task        ] GC(44) Using 8 workers of 8 for evacuation
[10.573s][debug][gc,tlab        ] GC(44) TLAB totals: thrds: 8  refills: 751 max: 126 slow allocs: 0 max 0 waste:  1.1% gc: 1778792B max: 477048B slow: 432320B max: 72384B fast: 0B max: 0B
[10.573s][debug][gc,age         ] GC(44) Desired survivor size 12582912 bytes, new threshold 15 (max threshold 15)
[10.573s][debug][gc,alloc,region] GC(44) Mutator Allocation stats, regions: 186, wasted size: 0B ( 0.0%)
[10.573s][debug][gc,ergo        ] GC(44) Running G1 Merge Heap Roots using 8 workers for 187 regions
[10.573s][debug][gc,remset      ] GC(44) Visited cards 2048 Total dirty 10240 (20.00%) Total old 784384 (0.26%)
[10.574s][debug][gc,ergo        ] GC(44) Running G1 Clear Card Table Task using 1 workers for 1 units of work for 192 regions.
[10.574s][debug][gc,ref         ] GC(44) Skipped phase1 of Reference Processing due to unavailable references
[10.574s][debug][gc,ref         ] GC(44) Skipped phase2 of Reference Processing due to unavailable references
[10.574s][debug][gc,ref         ] GC(44) Skipped phase3 of Reference Processing due to unavailable references
[10.574s][debug][gc,ergo        ] GC(44) Running G1 Free Collection Set using 8 workers for collection set length 187 (312)
[10.574s][debug][gc,ergo        ] GC(44) Running G1 Rebuild Free List Task using 8 workers for rebuilding free list of 0 (4096) regions
[10.574s][trace][gc,age         ] GC(44) Age table with threshold 15 (max threshold 15)
[10.574s][trace][gc,age         ] GC(44) - age   1:        664 bytes,        664 total
[10.574s][trace][gc,age         ] GC(44) - age   6:     197832 bytes,     198496 total
[10.574s][trace][gc,age         ] GC(44) - age  10:        208 bytes,     198704 total
[10.574s][debug][gc,plab        ] GC(44) Young PLAB allocation: allocated: 12384B, wasted: 0B, unused: 4272B, used: 8112B, undo waste: 0B, 
[10.574s][debug][gc,plab        ] GC(44) Young other allocation: region end waste: 0B, regions filled: 1, direct allocated: 190592B, failure used: 0B, failure wasted: 0B
[10.574s][debug][gc,plab        ] GC(44) Young sizing: calculated: 1616B, actual: 2064B
[10.574s][debug][gc,plab        ] GC(44) Old PLAB allocation: allocated: 0B, wasted: 0B, unused: 0B, used: 0B, undo waste: 0B, 
[10.574s][debug][gc,plab        ] GC(44) Old other allocation: region end waste: 0B, regions filled: 1, direct allocated: 0B, failure used: 0B, failure wasted: 0B
[10.574s][debug][gc,plab        ] GC(44) Old sizing: calculated: 0B, actual: 2064B
[10.574s][debug][gc,ihop        ] GC(44) Basic information (value update), threshold: 147220070B (45.00), target occupancy: 327155712B, current occupancy: 4378920B, recent allocation size: 0B, recent allocation duration: 128.80ms, recent old gen allocation rate: 0.00B/s, recent marking phase length: 0.00ms
[10.574s][debug][gc,ihop        ] GC(44) Adaptive IHOP information (value update), threshold: 147220070B (47.37), internal target occupancy: 310797926B, occupancy: 4378920B, additional buffer size: 196083712B, predicted old gen allocation rate: 32216.30B/s, predicted marking phase length: 0.00ms, prediction active: false
[10.574s][debug][gc,ergo,refine ] GC(44) Concurrent refinement times: Logged Cards Scan time goal: 20.00ms Logged Cards Scan time: 0.01ms HCC time: 0.00ms
[10.574s][debug][gc,ergo,refine ] GC(44) Updated Refinement Zones: green: 2048, yellow: 6144, red: 10240
[10.574s][info ][gc,phases      ] GC(44)   Pre Evacuate Collection Set: 0.1ms
[10.574s][debug][gc,phases      ] GC(44)     Prepare TLABs: 0.0ms
[10.574s][debug][gc,phases      ] GC(44)     Choose Collection Set: 0.0ms
[10.574s][debug][gc,phases      ] GC(44)     Region Register: 0.1ms
[10.574s][debug][gc,phases      ] GC(44)     Prepare Heap Roots: 0.0ms
[10.574s][info ][gc,phases      ] GC(44)   Merge Heap Roots: 0.1ms
[10.574s][debug][gc,phases      ] GC(44)     Prepare Merge Heap Roots: 0.0ms
[10.574s][debug][gc,phases      ] GC(44)     Eager Reclaim (ms):       skipped
[10.574s][debug][gc,phases      ] GC(44)     Remembered Sets (ms):     Min:  0.0, Avg:  0.0, Max:  0.0, Diff:  0.0, Sum:  0.1, Workers: 8
[10.574s][debug][gc,phases      ] GC(44)       Merged Sparse:            Min: 0, Avg:  0.0, Max: 0, Diff: 0, Sum: 0, Workers: 8
[10.574s][debug][gc,phases      ] GC(44)       Merged Fine:              Min: 0, Avg:  0.0, Max: 0, Diff: 0, Sum: 0, Workers: 8
[10.574s][debug][gc,phases      ] GC(44)       Merged Coarse:            Min: 0, Avg:  0.0, Max: 0, Diff: 0, Sum: 0, Workers: 8
[10.574s][debug][gc,phases      ] GC(44)       Dirty Cards:              Min: 0, Avg:  0.0, Max: 0, Diff: 0, Sum: 0, Workers: 8
[10.574s][debug][gc,phases      ] GC(44)     Hot Card Cache (ms):      Min:  0.0, Avg:  0.0, Max:  0.0, Diff:  0.0, Sum:  0.0, Workers: 8
[10.574s][debug][gc,phases      ] GC(44)       Dirty Cards:              Min: 0, Avg:  0.0, Max: 0, Diff: 0, Sum: 0, Workers: 8
[10.574s][debug][gc,phases      ] GC(44)       Skipped Cards:            Min: 0, Avg:  0.0, Max: 0, Diff: 0, Sum: 0, Workers: 8
[10.574s][debug][gc,phases      ] GC(44)     Log Buffers (ms):         Min:  0.0, Avg:  0.0, Max:  0.0, Diff:  0.0, Sum:  0.0, Workers: 8
[10.574s][debug][gc,phases      ] GC(44)       Dirty Cards:              Min: 0, Avg:  2.1, Max: 10, Diff: 10, Sum: 17, Workers: 8
[10.574s][debug][gc,phases      ] GC(44)       Skipped Cards:            Min: 0, Avg:  0.0, Max: 0, Diff: 0, Sum: 0, Workers: 8
[10.574s][info ][gc,phases      ] GC(44)   Evacuate Collection Set: 0.2ms
[10.574s][debug][gc,phases      ] GC(44)     Ext Root Scanning (ms):   Min:  0.0, Avg:  0.0, Max:  0.1, Diff:  0.1, Sum:  0.3, Workers: 8
[10.574s][debug][gc,phases      ] GC(44)     Scan Heap Roots (ms):     Min:  0.0, Avg:  0.0, Max:  0.0, Diff:  0.0, Sum:  0.0, Workers: 8
[10.574s][debug][gc,phases      ] GC(44)       Scanned Cards:            Min: 0, Avg:  2.0, Max: 4, Diff: 4, Sum: 16, Workers: 8
[10.574s][debug][gc,phases      ] GC(44)       Scanned Blocks:           Min: 0, Avg:  1.8, Max: 4, Diff: 4, Sum: 14, Workers: 8
[10.574s][debug][gc,phases      ] GC(44)       Claimed Chunks:           Min: 0, Avg:  1.0, Max: 3, Diff: 3, Sum: 8, Workers: 8
[10.574s][debug][gc,phases      ] GC(44)     Code Root Scan (ms):      Min:  0.0, Avg:  0.0, Max:  0.0, Diff:  0.0, Sum:  0.0, Workers: 8
[10.574s][debug][gc,phases      ] GC(44)     Object Copy (ms):         Min:  0.0, Avg:  0.0, Max:  0.0, Diff:  0.0, Sum:  0.1, Workers: 8
[10.574s][debug][gc,phases      ] GC(44)     Termination (ms):         Min:  0.0, Avg:  0.0, Max:  0.1, Diff:  0.0, Sum:  0.3, Workers: 8
[10.574s][debug][gc,phases      ] GC(44)       Termination Attempts:     Min: 1, Avg:  1.0, Max: 1, Diff: 0, Sum: 8, Workers: 8
[10.574s][debug][gc,phases      ] GC(44)     GC Worker Other (ms):     Min:  0.0, Avg:  0.0, Max:  0.0, Diff:  0.0, Sum:  0.1, Workers: 8
[10.574s][debug][gc,phases      ] GC(44)     GC Worker Total (ms):     Min:  0.0, Avg:  0.1, Max:  0.1, Diff:  0.1, Sum:  0.9, Workers: 8
[10.574s][info ][gc,phases      ] GC(44)   Post Evacuate Collection Set: 0.4ms
[10.574s][debug][gc,phases      ] GC(44)     Code Roots Fixup: 0.0ms
[10.574s][debug][gc,phases      ] GC(44)     Clear Card Table: 0.1ms
[10.574s][debug][gc,phases      ] GC(44)     Reference Processing: 0.0ms
[10.575s][debug][gc,phases,ref  ] GC(44)       Reconsider SoftReferences: 0.0ms
[10.575s][debug][gc,phases,ref  ] GC(44)         SoftRef (ms):             skipped
[10.575s][debug][gc,phases,ref  ] GC(44)       Notify Soft/WeakReferences: 0.0ms
[10.575s][debug][gc,phases,ref  ] GC(44)         SoftRef (ms):             skipped
[10.575s][debug][gc,phases,ref  ] GC(44)         WeakRef (ms):             skipped
[10.575s][debug][gc,phases,ref  ] GC(44)         FinalRef (ms):            skipped
[10.575s][debug][gc,phases,ref  ] GC(44)         Total (ms):               skipped
[10.575s][debug][gc,phases,ref  ] GC(44)       Notify and keep alive finalizable: 0.0ms
[10.575s][debug][gc,phases,ref  ] GC(44)         FinalRef (ms):            skipped
[10.575s][debug][gc,phases,ref  ] GC(44)       Notify PhantomReferences: 0.0ms
[10.575s][debug][gc,phases,ref  ] GC(44)         PhantomRef (ms):          Min:  0.0, Avg:  0.0, Max:  0.0, Diff:  0.0, Sum:  0.0, Workers: 1
[10.575s][debug][gc,phases,ref  ] GC(44)       SoftReference:
[10.575s][debug][gc,phases,ref  ] GC(44)         Discovered: 0
[10.575s][debug][gc,phases,ref  ] GC(44)         Cleared: 0
[10.575s][debug][gc,phases,ref  ] GC(44)       WeakReference:
[10.575s][debug][gc,phases,ref  ] GC(44)         Discovered: 0
[10.575s][debug][gc,phases,ref  ] GC(44)         Cleared: 0
[10.575s][debug][gc,phases,ref  ] GC(44)       FinalReference:
[10.575s][debug][gc,phases,ref  ] GC(44)         Discovered: 0
[10.575s][debug][gc,phases,ref  ] GC(44)         Cleared: 0
[10.575s][debug][gc,phases,ref  ] GC(44)       PhantomReference:
[10.575s][debug][gc,phases,ref  ] GC(44)         Discovered: 5
[10.575s][debug][gc,phases,ref  ] GC(44)         Cleared: 5
[10.575s][debug][gc,phases      ] GC(44)     Weak Processing: 0.0ms
[10.575s][debug][gc,phases      ] GC(44)       JVMTI weak processing: 0.0ms
[10.575s][debug][gc,phases      ] GC(44)         Dead: 0
[10.575s][debug][gc,phases      ] GC(44)         Total: 0
[10.575s][debug][gc,phases      ] GC(44)       JFR weak processing: 0.0ms
[10.575s][debug][gc,phases      ] GC(44)         Dead: 0
[10.575s][debug][gc,phases      ] GC(44)         Total: 0
[10.575s][debug][gc,phases      ] GC(44)       JNI weak                  Min:  0.0, Avg:  0.0, Max:  0.0, Diff:  0.0, Sum:  0.0, Workers: 5
[10.575s][debug][gc,phases      ] GC(44)         Dead                      Min: 0, Avg:  0.0, Max: 0, Diff: 0, Sum: 0, Workers: 5
[10.575s][debug][gc,phases      ] GC(44)         Total                     Min: 0, Avg: 12.6, Max: 59, Diff: 59, Sum: 63, Workers: 5
[10.575s][debug][gc,phases      ] GC(44)       VM weak                   Min:  0.0, Avg:  0.0, Max:  0.0, Diff:  0.0, Sum:  0.0, Workers: 5
[10.575s][debug][gc,phases      ] GC(44)         Dead                      Min: 0, Avg:  0.0, Max: 0, Diff: 0, Sum: 0, Workers: 5
[10.575s][debug][gc,phases      ] GC(44)         Total                     Min: 0, Avg: 44.0, Max: 128, Diff: 128, Sum: 220, Workers: 5
[10.575s][debug][gc,phases      ] GC(44)       StringTable weak          Min:  0.0, Avg:  0.0, Max:  0.0, Diff:  0.0, Sum:  0.1, Workers: 5
[10.575s][debug][gc,phases      ] GC(44)         Dead                      Min: 0, Avg:  0.0, Max: 0, Diff: 0, Sum: 0, Workers: 5
[10.575s][debug][gc,phases      ] GC(44)         Total                     Min: 512, Avg: 718.4, Max: 840, Diff: 328, Sum: 3592, Workers: 5
[10.575s][debug][gc,phases      ] GC(44)       ResolvedMethodTable weak  Min:  0.0, Avg:  0.0, Max:  0.0, Diff:  0.0, Sum:  0.0, Workers: 5
[10.575s][debug][gc,phases      ] GC(44)         Dead                      Min: 0, Avg:  0.0, Max: 0, Diff: 0, Sum: 0, Workers: 5
[10.575s][debug][gc,phases      ] GC(44)         Total                     Min: 64, Avg: 116.6, Max: 192, Diff: 128, Sum: 583, Workers: 5
[10.575s][debug][gc,phases      ] GC(44)     Merge Per-Thread State: 0.0ms
[10.575s][debug][gc,phases      ] GC(44)       Copied Bytes              Min: 0, Avg: 24838.0, Max: 79344, Diff: 79344, Sum: 198704, Workers: 8
[10.575s][debug][gc,phases      ] GC(44)       LAB Waste                 Min: 0, Avg:  0.0, Max: 0, Diff: 0, Sum: 0, Workers: 8
[10.575s][debug][gc,phases      ] GC(44)       LAB Undo Waste            Min: 0, Avg:  0.0, Max: 0, Diff: 0, Sum: 0, Workers: 8
[10.575s][debug][gc,phases      ] GC(44)     Code Roots Purge: 0.0ms
[10.575s][debug][gc,phases      ] GC(44)     Redirty Cards: 0.0ms
[10.575s][debug][gc,phases      ] GC(44)     DerivedPointerTable Update: 0.0ms
[10.575s][debug][gc,phases      ] GC(44)     Free Collection Set: 0.1ms
[10.575s][debug][gc,phases      ] GC(44)     Rebuild Free List: 0.1ms
[10.575s][debug][gc,phases      ] GC(44)     Humongous Reclaim: 0.0ms
[10.575s][debug][gc,phases      ] GC(44)     Start New Collection Set: 0.0ms
[10.575s][debug][gc,phases      ] GC(44)     Resize TLABs: 0.0ms
[10.575s][debug][gc,phases      ] GC(44)     Expand Heap After Collection: 0.0ms
[10.575s][info ][gc,phases      ] GC(44)   Other: 0.4ms
[10.575s][info ][gc,heap        ] GC(44) Eden regions: 186->0(186)
[10.575s][info ][gc,heap        ] GC(44) Survivor regions: 1->1(24)
[10.575s][info ][gc,heap        ] GC(44) Old regions: 7->7
[10.575s][info ][gc,heap        ] GC(44) Archive regions: 2->2
[10.575s][info ][gc,heap        ] GC(44) Humongous regions: 0->0
[10.575s][info ][gc,metaspace   ] GC(44) Metaspace: 10391K(10880K)->10391K(10880K) NonClass: 9188K(9472K)->9188K(9472K) Class: 1202K(1408K)->1202K(1408K)
[10.575s][debug][gc,heap        ] GC(44) Heap after GC invocations=45 (full 1): garbage-first heap   total 319488K, used 4276K [0x0000000700000000, 0x0000000800000000)
[10.575s][debug][gc,heap        ] GC(44)   region size 1024K, 1 young (1024K), 1 survivors (1024K)
[10.575s][debug][gc,heap        ] GC(44)  Metaspace       used 10391K, capacity 10712K, committed 10880K, reserved 1058816K
[10.575s][debug][gc,heap        ] GC(44)   class space    used 1202K, capacity 1338K, committed 1408K, reserved 1048576K
[10.575s][info ][gc             ] GC(44) Pause Young (Normal) (G1 Evacuation Pause) 190M->4M(312M) 2.114ms
[10.575s][info ][gc,cpu         ] GC(44) User=0.00s Sys=0.00s Real=0.00s
[10.576s][info ][safepoint      ] Safepoint "G1CollectForAllocation", Time since last: 125639834 ns, Reaching safepoint: 140343 ns, At safepoint: 3017522 ns, Total: 3157865 ns
[10.694s][debug][gc,heap        ] GC(45) Heap before GC invocations=45 (full 1): garbage-first heap   total 319488K, used 194740K [0x0000000700000000, 0x0000000800000000)
[10.694s][debug][gc,heap        ] GC(45)   region size 1024K, 187 young (191488K), 1 survivors (1024K)
[10.694s][debug][gc,heap        ] GC(45)  Metaspace       used 10391K, capacity 10712K, committed 10880K, reserved 1058816K
[10.694s][debug][gc,heap        ] GC(45)   class space    used 1202K, capacity 1338K, committed 1408K, reserved 1048576K
[10.694s][info ][gc,start       ] GC(45) Pause Young (Normal) (G1 Evacuation Pause)
[10.694s][info ][gc,task        ] GC(45) Using 8 workers of 8 for evacuation
[10.694s][debug][gc,tlab        ] GC(45) TLAB totals: thrds: 8  refills: 749 max: 127 slow allocs: 0 max 0 waste:  0.8% gc: 1202432B max: 438816B slow: 432160B max: 73800B fast: 0B max: 0B
[10.694s][debug][gc,age         ] GC(45) Desired survivor size 12582912 bytes, new threshold 15 (max threshold 15)
[10.694s][debug][gc,alloc,region] GC(45) Mutator Allocation stats, regions: 186, wasted size: 0B ( 0.0%)
[10.694s][debug][gc,ergo        ] GC(45) Running G1 Merge Heap Roots using 8 workers for 187 regions
[10.694s][debug][gc,remset      ] GC(45) Visited cards 2048 Total dirty 10240 (20.00%) Total old 784384 (0.26%)
[10.695s][debug][gc,ergo        ] GC(45) Running G1 Clear Card Table Task using 1 workers for 1 units of work for 192 regions.
[10.695s][debug][gc,ref         ] GC(45) Skipped phase1 of Reference Processing due to unavailable references
[10.695s][debug][gc,ref         ] GC(45) Skipped phase2 of Reference Processing due to unavailable references
[10.695s][debug][gc,ref         ] GC(45) Skipped phase3 of Reference Processing due to unavailable references
[10.695s][debug][gc,ref         ] GC(45) Skipped phase4 of Reference Processing due to unavailable references
[10.695s][debug][gc,ergo        ] GC(45) Running G1 Free Collection Set using 8 workers for collection set length 187 (312)
[10.695s][debug][gc,ergo        ] GC(45) Running G1 Rebuild Free List Task using 8 workers for rebuilding free list of 0 (4096) regions
[10.695s][trace][gc,age         ] GC(45) Age table with threshold 15 (max threshold 15)
[10.695s][trace][gc,age         ] GC(45) - age   1:        448 bytes,        448 total
[10.695s][trace][gc,age         ] GC(45) - age   7:     197832 bytes,     198280 total
[10.695s][trace][gc,age         ] GC(45) - age  11:        208 bytes,     198488 total
[10.695s][debug][gc,plab        ] GC(45) Young PLAB allocation: allocated: 14448B, wasted: 0B, unused: 6552B, used: 7896B, undo waste: 0B, 
[10.695s][debug][gc,plab        ] GC(45) Young other allocation: region end waste: 0B, regions filled: 1, direct allocated: 190592B, failure used: 0B, failure wasted: 0B
[10.695s][debug][gc,plab        ] GC(45) Young sizing: calculated: 1576B, actual: 2064B
[10.695s][debug][gc,plab        ] GC(45) Old PLAB allocation: allocated: 0B, wasted: 0B, unused: 0B, used: 0B, undo waste: 0B, 
[10.695s][debug][gc,plab        ] GC(45) Old other allocation: region end waste: 0B, regions filled: 1, direct allocated: 0B, failure used: 0B, failure wasted: 0B
[10.695s][debug][gc,plab        ] GC(45) Old sizing: calculated: 0B, actual: 2064B
[10.695s][debug][gc,ihop        ] GC(45) Basic information (value update), threshold: 147220070B (45.00), target occupancy: 327155712B, current occupancy: 4380984B, recent allocation size: 0B, recent allocation duration: 120.13ms, recent old gen allocation rate: 0.00B/s, recent marking phase length: 0.00ms
[10.695s][debug][gc,ihop        ] GC(45) Adaptive IHOP information (value update), threshold: 147220070B (47.37), internal target occupancy: 310797926B, occupancy: 4380984B, additional buffer size: 196083712B, predicted old gen allocation rate: 31169.33B/s, predicted marking phase length: 0.00ms, prediction active: false
[10.695s][debug][gc,ergo,refine ] GC(45) Concurrent refinement times: Logged Cards Scan time goal: 20.00ms Logged Cards Scan time: 0.01ms HCC time: 0.00ms
[10.695s][debug][gc,ergo,refine ] GC(45) Updated Refinement Zones: green: 2048, yellow: 6144, red: 10240
[10.695s][info ][gc,phases      ] GC(45)   Pre Evacuate Collection Set: 0.1ms
[10.695s][debug][gc,phases      ] GC(45)     Prepare TLABs: 0.0ms
[10.695s][debug][gc,phases      ] GC(45)     Choose Collection Set: 0.0ms
[10.695s][debug][gc,phases      ] GC(45)     Region Register: 0.1ms
[10.695s][debug][gc,phases      ] GC(45)     Prepare Heap Roots: 0.0ms
[10.695s][info ][gc,phases      ] GC(45)   Merge Heap Roots: 0.1ms
[10.695s][debug][gc,phases      ] GC(45)     Prepare Merge Heap Roots: 0.0ms
[10.695s][debug][gc,phases      ] GC(45)     Eager Reclaim (ms):       skipped
[10.695s][debug][gc,phases      ] GC(45)     Remembered Sets (ms):     Min:  0.0, Avg:  0.0, Max:  0.0, Diff:  0.0, Sum:  0.1, Workers: 8
[10.695s][debug][gc,phases      ] GC(45)       Merged Sparse:            Min: 0, Avg:  0.0, Max: 0, Diff: 0, Sum: 0, Workers: 8
[10.695s][debug][gc,phases      ] GC(45)       Merged Fine:              Min: 0, Avg:  0.0, Max: 0, Diff: 0, Sum: 0, Workers: 8
[10.695s][debug][gc,phases      ] GC(45)       Merged Coarse:            Min: 0, Avg:  0.0, Max: 0, Diff: 0, Sum: 0, Workers: 8
[10.695s][debug][gc,phases      ] GC(45)       Dirty Cards:              Min: 0, Avg:  0.0, Max: 0, Diff: 0, Sum: 0, Workers: 8
[10.695s][debug][gc,phases      ] GC(45)     Hot Card Cache (ms):      Min:  0.0, Avg:  0.0, Max:  0.0, Diff:  0.0, Sum:  0.0, Workers: 8
[10.695s][debug][gc,phases      ] GC(45)       Dirty Cards:              Min: 0, Avg:  0.0, Max: 0, Diff: 0, Sum: 0, Workers: 8
[10.695s][debug][gc,phases      ] GC(45)       Skipped Cards:            Min: 0, Avg:  0.0, Max: 0, Diff: 0, Sum: 0, Workers: 8
[10.695s][debug][gc,phases      ] GC(45)     Log Buffers (ms):         Min:  0.0, Avg:  0.0, Max:  0.0, Diff:  0.0, Sum:  0.0, Workers: 8
[10.695s][debug][gc,phases      ] GC(45)       Dirty Cards:              Min: 0, Avg:  2.2, Max: 10, Diff: 10, Sum: 18, Workers: 8
[10.695s][debug][gc,phases      ] GC(45)       Skipped Cards:            Min: 0, Avg:  0.0, Max: 0, Diff: 0, Sum: 0, Workers: 8
[10.695s][info ][gc,phases      ] GC(45)   Evacuate Collection Set: 0.1ms
[10.695s][debug][gc,phases      ] GC(45)     Ext Root Scanning (ms):   Min:  0.0, Avg:  0.0, Max:  0.1, Diff:  0.1, Sum:  0.2, Workers: 8
[10.695s][debug][gc,phases      ] GC(45)     Scan Heap Roots (ms):     Min:  0.0, Avg:  0.0, Max:  0.0, Diff:  0.0, Sum:  0.0, Workers: 8
[10.695s][debug][gc,phases      ] GC(45)       Scanned Cards:            Min: 0, Avg:  2.0, Max: 4, Diff: 4, Sum: 16, Workers: 8
[10.695s][debug][gc,phases      ] GC(45)       Scanned Blocks:           Min: 0, Avg:  1.8, Max: 4, Diff: 4, Sum: 14, Workers: 8
[10.695s][debug][gc,phases      ] GC(45)       Claimed Chunks:           Min: 0, Avg:  1.0, Max: 2, Diff: 2, Sum: 8, Workers: 8
[10.695s][debug][gc,phases      ] GC(45)     Code Root Scan (ms):      Min:  0.0, Avg:  0.0, Max:  0.0, Diff:  0.0, Sum:  0.0, Workers: 8
[10.695s][debug][gc,phases      ] GC(45)     Object Copy (ms):         Min:  0.0, Avg:  0.0, Max:  0.0, Diff:  0.0, Sum:  0.1, Workers: 8
[10.695s][debug][gc,phases      ] GC(45)     Termination (ms):         Min:  0.0, Avg:  0.0, Max:  0.1, Diff:  0.0, Sum:  0.3, Workers: 8
[10.695s][debug][gc,phases      ] GC(45)       Termination Attempts:     Min: 1, Avg:  1.0, Max: 1, Diff: 0, Sum: 8, Workers: 8
[10.695s][debug][gc,phases      ] GC(45)     GC Worker Other (ms):     Min:  0.0, Avg:  0.0, Max:  0.1, Diff:  0.1, Sum:  0.2, Workers: 8
[10.695s][debug][gc,phases      ] GC(45)     GC Worker Total (ms):     Min:  0.1, Avg:  0.1, Max:  0.1, Diff:  0.0, Sum:  1.0, Workers: 8
[10.695s][info ][gc,phases      ] GC(45)   Post Evacuate Collection Set: 0.3ms
[10.695s][debug][gc,phases      ] GC(45)     Code Roots Fixup: 0.0ms
[10.695s][debug][gc,phases      ] GC(45)     Clear Card Table: 0.1ms
[10.695s][debug][gc,phases      ] GC(45)     Reference Processing: 0.1ms
[10.695s][debug][gc,phases,ref  ] GC(45)       Reconsider SoftReferences: 0.0ms
[10.695s][debug][gc,phases,ref  ] GC(45)         SoftRef (ms):             skipped
[10.695s][debug][gc,phases,ref  ] GC(45)       Notify Soft/WeakReferences: 0.0ms
[10.695s][debug][gc,phases,ref  ] GC(45)         SoftRef (ms):             skipped
[10.695s][debug][gc,phases,ref  ] GC(45)         WeakRef (ms):             skipped
[10.695s][debug][gc,phases,ref  ] GC(45)         FinalRef (ms):            skipped
[10.695s][debug][gc,phases,ref  ] GC(45)         Total (ms):               skipped
[10.695s][debug][gc,phases,ref  ] GC(45)       Notify and keep alive finalizable: 0.0ms
[10.695s][debug][gc,phases,ref  ] GC(45)         FinalRef (ms):            skipped
[10.695s][debug][gc,phases,ref  ] GC(45)       Notify PhantomReferences: 0.0ms
[10.695s][debug][gc,phases,ref  ] GC(45)         PhantomRef (ms):          skipped
[10.695s][debug][gc,phases,ref  ] GC(45)       SoftReference:
[10.695s][debug][gc,phases,ref  ] GC(45)         Discovered: 0
[10.695s][debug][gc,phases,ref  ] GC(45)         Cleared: 0
[10.695s][debug][gc,phases,ref  ] GC(45)       WeakReference:
[10.695s][debug][gc,phases,ref  ] GC(45)         Discovered: 0
[10.695s][debug][gc,phases,ref  ] GC(45)         Cleared: 0
[10.695s][debug][gc,phases,ref  ] GC(45)       FinalReference:
[10.695s][debug][gc,phases,ref  ] GC(45)         Discovered: 0
[10.695s][debug][gc,phases,ref  ] GC(45)         Cleared: 0
[10.695s][debug][gc,phases,ref  ] GC(45)       PhantomReference:
[10.695s][debug][gc,phases,ref  ] GC(45)         Discovered: 0
[10.695s][debug][gc,phases,ref  ] GC(45)         Cleared: 0
[10.695s][debug][gc,phases      ] GC(45)     Weak Processing: 0.0ms
[10.695s][debug][gc,phases      ] GC(45)       JVMTI weak processing: 0.0ms
[10.695s][debug][gc,phases      ] GC(45)         Dead: 0
[10.695s][debug][gc,phases      ] GC(45)         Total: 0
[10.695s][debug][gc,phases      ] GC(45)       JFR weak processing: 0.0ms
[10.695s][debug][gc,phases      ] GC(45)         Dead: 0
[10.695s][debug][gc,phases      ] GC(45)         Total: 0
[10.695s][debug][gc,phases      ] GC(45)       JNI weak                  Min:  0.0, Avg:  0.0, Max:  0.0, Diff:  0.0, Sum:  0.0, Workers: 5
[10.695s][debug][gc,phases      ] GC(45)         Dead                      Min: 0, Avg:  0.0, Max: 0, Diff: 0, Sum: 0, Workers: 5
[10.695s][debug][gc,phases      ] GC(45)         Total                     Min: 0, Avg: 12.6, Max: 59, Diff: 59, Sum: 63, Workers: 5
[10.695s][debug][gc,phases      ] GC(45)       VM weak                   Min:  0.0, Avg:  0.0, Max:  0.0, Diff:  0.0, Sum:  0.0, Workers: 5
[10.695s][debug][gc,phases      ] GC(45)         Dead                      Min: 0, Avg:  0.0, Max: 0, Diff: 0, Sum: 0, Workers: 5
[10.695s][debug][gc,phases      ] GC(45)         Total                     Min: 0, Avg: 44.0, Max: 64, Diff: 64, Sum: 220, Workers: 5
[10.695s][debug][gc,phases      ] GC(45)       StringTable weak          Min:  0.0, Avg:  0.0, Max:  0.0, Diff:  0.0, Sum:  0.1, Workers: 5
[10.695s][debug][gc,phases      ] GC(45)         Dead                      Min: 0, Avg:  0.0, Max: 0, Diff: 0, Sum: 0, Workers: 5
[10.695s][debug][gc,phases      ] GC(45)         Total                     Min: 704, Avg: 718.4, Max: 768, Diff: 64, Sum: 3592, Workers: 5
[10.695s][debug][gc,phases      ] GC(45)       ResolvedMethodTable weak  Min:  0.0, Avg:  0.0, Max:  0.0, Diff:  0.0, Sum:  0.0, Workers: 5
[10.695s][debug][gc,phases      ] GC(45)         Dead                      Min: 0, Avg:  0.0, Max: 0, Diff: 0, Sum: 0, Workers: 5
[10.695s][debug][gc,phases      ] GC(45)         Total                     Min: 64, Avg: 116.6, Max: 192, Diff: 128, Sum: 583, Workers: 5
[10.696s][debug][gc,phases      ] GC(45)     Merge Per-Thread State: 0.0ms
[10.696s][debug][gc,phases      ] GC(45)       Copied Bytes              Min: 0, Avg: 24811.0, Max: 79472, Diff: 79472, Sum: 198488, Workers: 8
[10.696s][debug][gc,phases      ] GC(45)       LAB Waste                 Min: 0, Avg:  0.0, Max: 0, Diff: 0, Sum: 0, Workers: 8
[10.696s][debug][gc,phases      ] GC(45)       LAB Undo Waste            Min: 0, Avg:  0.0, Max: 0, Diff: 0, Sum: 0, Workers: 8
[10.696s][debug][gc,phases      ] GC(45)     Code Roots Purge: 0.0ms
[10.696s][debug][gc,phases      ] GC(45)     Redirty Cards: 0.0ms
[10.696s][debug][gc,phases      ] GC(45)     DerivedPointerTable Update: 0.0ms
[10.696s][debug][gc,phases      ] GC(45)     Free Collection Set: 0.1ms
[10.696s][debug][gc,phases      ] GC(45)     Rebuild Free List: 0.0ms
[10.696s][debug][gc,phases      ] GC(45)     Humongous Reclaim: 0.0ms
[10.696s][debug][gc,phases      ] GC(45)     Start New Collection Set: 0.0ms
[10.696s][debug][gc,phases      ] GC(45)     Resize TLABs: 0.0ms
[10.696s][debug][gc,phases      ] GC(45)     Expand Heap After Collection: 0.0ms
[10.696s][info ][gc,phases      ] GC(45)   Other: 0.3ms
[10.696s][info ][gc,heap        ] GC(45) Eden regions: 186->0(186)
[10.696s][info ][gc,heap        ] GC(45) Survivor regions: 1->1(24)
[10.696s][info ][gc,heap        ] GC(45) Old regions: 7->7
[10.696s][info ][gc,heap        ] GC(45) Archive regions: 2->2
[10.696s][info ][gc,heap        ] GC(45) Humongous regions: 0->0
[10.696s][info ][gc,metaspace   ] GC(45) Metaspace: 10391K(10880K)->10391K(10880K) NonClass: 9188K(9472K)->9188K(9472K) Class: 1202K(1408K)->1202K(1408K)
[10.696s][debug][gc,heap        ] GC(45) Heap after GC invocations=46 (full 1): garbage-first heap   total 319488K, used 4278K [0x0000000700000000, 0x0000000800000000)
[10.696s][debug][gc,heap        ] GC(45)   region size 1024K, 1 young (1024K), 1 survivors (1024K)
[10.696s][debug][gc,heap        ] GC(45)  Metaspace       used 10391K, capacity 10712K, committed 10880K, reserved 1058816K
[10.696s][debug][gc,heap        ] GC(45)   class space    used 1202K, capacity 1338K, committed 1408K, reserved 1048576K
[10.696s][info ][gc             ] GC(45) Pause Young (Normal) (G1 Evacuation Pause) 190M->4M(312M) 1.439ms
[10.696s][info ][gc,cpu         ] GC(45) User=0.00s Sys=0.00s Real=0.01s
[10.696s][info ][safepoint      ] Safepoint "G1CollectForAllocation", Time since last: 117989946 ns, Reaching safepoint: 107644 ns, At safepoint: 2074692 ns, Total: 2182336 ns
[10.812s][debug][gc,heap        ] GC(46) Heap before GC invocations=46 (full 1): garbage-first heap   total 319488K, used 194742K [0x0000000700000000, 0x0000000800000000)
[10.812s][debug][gc,heap        ] GC(46)   region size 1024K, 187 young (191488K), 1 survivors (1024K)
[10.812s][debug][gc,heap        ] GC(46)  Metaspace       used 10391K, capacity 10712K, committed 10880K, reserved 1058816K
[10.812s][debug][gc,heap        ] GC(46)   class space    used 1202K, capacity 1338K, committed 1408K, reserved 1048576K
[10.812s][info ][gc,start       ] GC(46) Pause Young (Normal) (G1 Evacuation Pause)
[10.812s][info ][gc,task        ] GC(46) Using 8 workers of 8 for evacuation
[10.812s][debug][gc,tlab        ] GC(46) TLAB totals: thrds: 8  refills: 751 max: 117 slow allocs: 0 max 0 waste:  1.0% gc: 1585192B max: 468136B slow: 433616B max: 67232B fast: 0B max: 0B
[10.812s][debug][gc,age         ] GC(46) Desired survivor size 12582912 bytes, new threshold 15 (max threshold 15)
[10.812s][debug][gc,alloc,region] GC(46) Mutator Allocation stats, regions: 186, wasted size: 0B ( 0.0%)
[10.812s][debug][gc,ergo        ] GC(46) Running G1 Merge Heap Roots using 8 workers for 187 regions
[10.813s][debug][gc,remset      ] GC(46) Visited cards 2048 Total dirty 10240 (20.00%) Total old 784384 (0.26%)
[10.813s][debug][gc,ergo        ] GC(46) Running G1 Clear Card Table Task using 1 workers for 1 units of work for 192 regions.
[10.813s][debug][gc,ref         ] GC(46) Skipped phase1 of Reference Processing due to unavailable references
[10.813s][debug][gc,ref         ] GC(46) Skipped phase2 of Reference Processing due to unavailable references
[10.813s][debug][gc,ref         ] GC(46) Skipped phase3 of Reference Processing due to unavailable references
[10.813s][debug][gc,ergo        ] GC(46) Running G1 Free Collection Set using 8 workers for collection set length 187 (312)
[10.813s][debug][gc,ergo        ] GC(46) Running G1 Rebuild Free List Task using 8 workers for rebuilding free list of 0 (4096) regions
[10.813s][trace][gc,age         ] GC(46) Age table with threshold 15 (max threshold 15)
[10.813s][trace][gc,age         ] GC(46) - age   1:        632 bytes,        632 total
[10.813s][trace][gc,age         ] GC(46) - age   8:     197832 bytes,     198464 total
[10.813s][trace][gc,age         ] GC(46) - age  12:        208 bytes,     198672 total
[10.813s][debug][gc,plab        ] GC(46) Young PLAB allocation: allocated: 16512B, wasted: 0B, unused: 8432B, used: 8080B, undo waste: 33616B, 
[10.813s][debug][gc,plab        ] GC(46) Young other allocation: region end waste: 0B, regions filled: 1, direct allocated: 224208B, failure used: 0B, failure wasted: 0B
[10.813s][debug][gc,plab        ] GC(46) Young sizing: calculated: 1616B, actual: 2064B
[10.813s][debug][gc,plab        ] GC(46) Old PLAB allocation: allocated: 0B, wasted: 0B, unused: 0B, used: 0B, undo waste: 0B, 
[10.813s][debug][gc,plab        ] GC(46) Old other allocation: region end waste: 0B, regions filled: 1, direct allocated: 0B, failure used: 0B, failure wasted: 0B
[10.813s][debug][gc,plab        ] GC(46) Old sizing: calculated: 0B, actual: 2064B
[10.813s][debug][gc,ihop        ] GC(46) Basic information (value update), threshold: 147220070B (45.00), target occupancy: 327155712B, current occupancy: 4416664B, recent allocation size: 0B, recent allocation duration: 117.32ms, recent old gen allocation rate: 0.00B/s, recent marking phase length: 0.00ms
[10.813s][debug][gc,ihop        ] GC(46) Adaptive IHOP information (value update), threshold: 147220070B (47.37), internal target occupancy: 310797926B, occupancy: 4416664B, additional buffer size: 196083712B, predicted old gen allocation rate: 30159.67B/s, predicted marking phase length: 0.00ms, prediction active: false
[10.813s][debug][gc,ergo,refine ] GC(46) Concurrent refinement times: Logged Cards Scan time goal: 20.00ms Logged Cards Scan time: 0.01ms HCC time: 0.00ms
[10.813s][debug][gc,ergo,refine ] GC(46) Updated Refinement Zones: green: 2048, yellow: 6144, red: 10240
[10.813s][info ][gc,phases      ] GC(46)   Pre Evacuate Collection Set: 0.1ms
[10.813s][debug][gc,phases      ] GC(46)     Prepare TLABs: 0.0ms
[10.813s][debug][gc,phases      ] GC(46)     Choose Collection Set: 0.0ms
[10.813s][debug][gc,phases      ] GC(46)     Region Register: 0.1ms
[10.813s][debug][gc,phases      ] GC(46)     Prepare Heap Roots: 0.0ms
[10.813s][info ][gc,phases      ] GC(46)   Merge Heap Roots: 0.1ms
[10.813s][debug][gc,phases      ] GC(46)     Prepare Merge Heap Roots: 0.0ms
[10.813s][debug][gc,phases      ] GC(46)     Eager Reclaim (ms):       skipped
[10.813s][debug][gc,phases      ] GC(46)     Remembered Sets (ms):     Min:  0.0, Avg:  0.0, Max:  0.0, Diff:  0.0, Sum:  0.1, Workers: 8
[10.813s][debug][gc,phases      ] GC(46)       Merged Sparse:            Min: 0, Avg:  0.0, Max: 0, Diff: 0, Sum: 0, Workers: 8
[10.813s][debug][gc,phases      ] GC(46)       Merged Fine:              Min: 0, Avg:  0.0, Max: 0, Diff: 0, Sum: 0, Workers: 8
[10.813s][debug][gc,phases      ] GC(46)       Merged Coarse:            Min: 0, Avg:  0.0, Max: 0, Diff: 0, Sum: 0, Workers: 8
[10.813s][debug][gc,phases      ] GC(46)       Dirty Cards:              Min: 0, Avg:  0.0, Max: 0, Diff: 0, Sum: 0, Workers: 8
[10.813s][debug][gc,phases      ] GC(46)     Hot Card Cache (ms):      Min:  0.0, Avg:  0.0, Max:  0.0, Diff:  0.0, Sum:  0.0, Workers: 8
[10.813s][debug][gc,phases      ] GC(46)       Dirty Cards:              Min: 0, Avg:  0.0, Max: 0, Diff: 0, Sum: 0, Workers: 8
[10.813s][debug][gc,phases      ] GC(46)       Skipped Cards:            Min: 0, Avg:  0.0, Max: 0, Diff: 0, Sum: 0, Workers: 8
[10.813s][debug][gc,phases      ] GC(46)     Log Buffers (ms):         Min:  0.0, Avg:  0.0, Max:  0.0, Diff:  0.0, Sum:  0.0, Workers: 8
[10.813s][debug][gc,phases      ] GC(46)       Dirty Cards:              Min: 0, Avg:  2.0, Max: 6, Diff: 6, Sum: 16, Workers: 8
[10.813s][debug][gc,phases      ] GC(46)       Skipped Cards:            Min: 0, Avg:  0.0, Max: 0, Diff: 0, Sum: 0, Workers: 8
[10.813s][info ][gc,phases      ] GC(46)   Evacuate Collection Set: 0.2ms
[10.813s][debug][gc,phases      ] GC(46)     Ext Root Scanning (ms):   Min:  0.0, Avg:  0.0, Max:  0.1, Diff:  0.1, Sum:  0.4, Workers: 8
[10.813s][debug][gc,phases      ] GC(46)     Scan Heap Roots (ms):     Min:  0.0, Avg:  0.0, Max:  0.0, Diff:  0.0, Sum:  0.0, Workers: 8
[10.813s][debug][gc,phases      ] GC(46)       Scanned Cards:            Min: 0, Avg:  2.0, Max: 4, Diff: 4, Sum: 16, Workers: 8
[10.813s][debug][gc,phases      ] GC(46)       Scanned Blocks:           Min: 0, Avg:  1.8, Max: 3, Diff: 3, Sum: 14, Workers: 8
[10.813s][debug][gc,phases      ] GC(46)       Claimed Chunks:           Min: 0, Avg:  1.0, Max: 2, Diff: 2, Sum: 8, Workers: 8
[10.813s][debug][gc,phases      ] GC(46)     Code Root Scan (ms):      Min:  0.0, Avg:  0.0, Max:  0.0, Diff:  0.0, Sum:  0.0, Workers: 8
[10.813s][debug][gc,phases      ] GC(46)     Object Copy (ms):         Min:  0.0, Avg:  0.0, Max:  0.0, Diff:  0.0, Sum:  0.1, Workers: 8
[10.813s][debug][gc,phases      ] GC(46)     Termination (ms):         Min:  0.0, Avg:  0.0, Max:  0.1, Diff:  0.0, Sum:  0.4, Workers: 8
[10.813s][debug][gc,phases      ] GC(46)       Termination Attempts:     Min: 1, Avg:  1.0, Max: 1, Diff: 0, Sum: 8, Workers: 8
[10.813s][debug][gc,phases      ] GC(46)     GC Worker Other (ms):     Min:  0.0, Avg:  0.0, Max:  0.0, Diff:  0.0, Sum:  0.2, Workers: 8
[10.813s][debug][gc,phases      ] GC(46)     GC Worker Total (ms):     Min:  0.1, Avg:  0.1, Max:  0.2, Diff:  0.0, Sum:  1.2, Workers: 8
[10.813s][info ][gc,phases      ] GC(46)   Post Evacuate Collection Set: 0.3ms
[10.813s][debug][gc,phases      ] GC(46)     Code Roots Fixup: 0.0ms
[10.813s][debug][gc,phases      ] GC(46)     Clear Card Table: 0.1ms
[10.813s][debug][gc,phases      ] GC(46)     Reference Processing: 0.0ms
[10.813s][debug][gc,phases,ref  ] GC(46)       Reconsider SoftReferences: 0.0ms
[10.813s][debug][gc,phases,ref  ] GC(46)         SoftRef (ms):             skipped
[10.813s][debug][gc,phases,ref  ] GC(46)       Notify Soft/WeakReferences: 0.0ms
[10.813s][debug][gc,phases,ref  ] GC(46)         SoftRef (ms):             skipped
[10.813s][debug][gc,phases,ref  ] GC(46)         WeakRef (ms):             skipped
[10.813s][debug][gc,phases,ref  ] GC(46)         FinalRef (ms):            skipped
[10.813s][debug][gc,phases,ref  ] GC(46)         Total (ms):               skipped
[10.813s][debug][gc,phases,ref  ] GC(46)       Notify and keep alive finalizable: 0.0ms
[10.813s][debug][gc,phases,ref  ] GC(46)         FinalRef (ms):            skipped
[10.813s][debug][gc,phases,ref  ] GC(46)       Notify PhantomReferences: 0.0ms
[10.813s][debug][gc,phases,ref  ] GC(46)         PhantomRef (ms):          Min:  0.0, Avg:  0.0, Max:  0.0, Diff:  0.0, Sum:  0.0, Workers: 1
[10.813s][debug][gc,phases,ref  ] GC(46)       SoftReference:
[10.813s][debug][gc,phases,ref  ] GC(46)         Discovered: 0
[10.813s][debug][gc,phases,ref  ] GC(46)         Cleared: 0
[10.813s][debug][gc,phases,ref  ] GC(46)       WeakReference:
[10.813s][debug][gc,phases,ref  ] GC(46)         Discovered: 0
[10.813s][debug][gc,phases,ref  ] GC(46)         Cleared: 0
[10.813s][debug][gc,phases,ref  ] GC(46)       FinalReference:
[10.813s][debug][gc,phases,ref  ] GC(46)         Discovered: 0
[10.813s][debug][gc,phases,ref  ] GC(46)         Cleared: 0
[10.813s][debug][gc,phases,ref  ] GC(46)       PhantomReference:
[10.813s][debug][gc,phases,ref  ] GC(46)         Discovered: 1
[10.813s][debug][gc,phases,ref  ] GC(46)         Cleared: 1
[10.813s][debug][gc,phases      ] GC(46)     Weak Processing: 0.0ms
[10.813s][debug][gc,phases      ] GC(46)       JVMTI weak processing: 0.0ms
[10.813s][debug][gc,phases      ] GC(46)         Dead: 0
[10.813s][debug][gc,phases      ] GC(46)         Total: 0
[10.814s][debug][gc,phases      ] GC(46)       JFR weak processing: 0.0ms
[10.814s][debug][gc,phases      ] GC(46)         Dead: 0
[10.814s][debug][gc,phases      ] GC(46)         Total: 0
[10.814s][debug][gc,phases      ] GC(46)       JNI weak                  Min:  0.0, Avg:  0.0, Max:  0.0, Diff:  0.0, Sum:  0.0, Workers: 5
[10.814s][debug][gc,phases      ] GC(46)         Dead                      Min: 0, Avg:  0.0, Max: 0, Diff: 0, Sum: 0, Workers: 5
[10.814s][debug][gc,phases      ] GC(46)         Total                     Min: 0, Avg: 12.6, Max: 59, Diff: 59, Sum: 63, Workers: 5
[10.814s][debug][gc,phases      ] GC(46)       VM weak                   Min:  0.0, Avg:  0.0, Max:  0.0, Diff:  0.0, Sum:  0.0, Workers: 5
[10.814s][debug][gc,phases      ] GC(46)         Dead                      Min: 0, Avg:  0.0, Max: 0, Diff: 0, Sum: 0, Workers: 5
[10.814s][debug][gc,phases      ] GC(46)         Total                     Min: 0, Avg: 44.0, Max: 64, Diff: 64, Sum: 220, Workers: 5
[10.814s][debug][gc,phases      ] GC(46)       StringTable weak          Min:  0.0, Avg:  0.0, Max:  0.0, Diff:  0.0, Sum:  0.1, Workers: 5
[10.814s][debug][gc,phases      ] GC(46)         Dead                      Min: 0, Avg:  0.0, Max: 0, Diff: 0, Sum: 0, Workers: 5
[10.814s][debug][gc,phases      ] GC(46)         Total                     Min: 704, Avg: 718.4, Max: 768, Diff: 64, Sum: 3592, Workers: 5
[10.814s][debug][gc,phases      ] GC(46)       ResolvedMethodTable weak  Min:  0.0, Avg:  0.0, Max:  0.0, Diff:  0.0, Sum:  0.0, Workers: 5
[10.814s][debug][gc,phases      ] GC(46)         Dead                      Min: 0, Avg:  0.0, Max: 0, Diff: 0, Sum: 0, Workers: 5
[10.814s][debug][gc,phases      ] GC(46)         Total                     Min: 64, Avg: 116.6, Max: 192, Diff: 128, Sum: 583, Workers: 5
[10.814s][debug][gc,phases      ] GC(46)     Merge Per-Thread State: 0.0ms
[10.814s][debug][gc,phases      ] GC(46)       Copied Bytes              Min: 136, Avg: 24834.0, Max: 79344, Diff: 79208, Sum: 198672, Workers: 8
[10.814s][debug][gc,phases      ] GC(46)       LAB Waste                 Min: 0, Avg:  0.0, Max: 0, Diff: 0, Sum: 0, Workers: 8
[10.814s][debug][gc,phases      ] GC(46)       LAB Undo Waste            Min: 0, Avg: 4202.0, Max: 33616, Diff: 33616, Sum: 33616, Workers: 8
[10.814s][debug][gc,phases      ] GC(46)     Code Roots Purge: 0.0ms
[10.814s][debug][gc,phases      ] GC(46)     Redirty Cards: 0.0ms
[10.814s][debug][gc,phases      ] GC(46)     DerivedPointerTable Update: 0.0ms
[10.814s][debug][gc,phases      ] GC(46)     Free Collection Set: 0.1ms
[10.814s][debug][gc,phases      ] GC(46)     Rebuild Free List: 0.0ms
[10.814s][debug][gc,phases      ] GC(46)     Humongous Reclaim: 0.0ms
[10.814s][debug][gc,phases      ] GC(46)     Start New Collection Set: 0.0ms
[10.814s][debug][gc,phases      ] GC(46)     Resize TLABs: 0.0ms
[10.814s][debug][gc,phases      ] GC(46)     Expand Heap After Collection: 0.0ms
[10.814s][info ][gc,phases      ] GC(46)   Other: 0.3ms
[10.814s][info ][gc,heap        ] GC(46) Eden regions: 186->0(186)
[10.814s][info ][gc,heap        ] GC(46) Survivor regions: 1->1(24)
[10.814s][info ][gc,heap        ] GC(46) Old regions: 7->7
[10.814s][info ][gc,heap        ] GC(46) Archive regions: 2->2
[10.814s][info ][gc,heap        ] GC(46) Humongous regions: 0->0
[10.814s][info ][gc,metaspace   ] GC(46) Metaspace: 10391K(10880K)->10391K(10880K) NonClass: 9188K(9472K)->9188K(9472K) Class: 1202K(1408K)->1202K(1408K)
[10.814s][debug][gc,heap        ] GC(46) Heap after GC invocations=47 (full 1): garbage-first heap   total 319488K, used 4313K [0x0000000700000000, 0x0000000800000000)
[10.814s][debug][gc,heap        ] GC(46)   region size 1024K, 1 young (1024K), 1 survivors (1024K)
[10.814s][debug][gc,heap        ] GC(46)  Metaspace       used 10391K, capacity 10712K, committed 10880K, reserved 1058816K
[10.814s][debug][gc,heap        ] GC(46)   class space    used 1202K, capacity 1338K, committed 1408K, reserved 1048576K
[10.814s][info ][gc             ] GC(46) Pause Young (Normal) (G1 Evacuation Pause) 190M->4M(312M) 1.443ms
[10.814s][info ][gc,cpu         ] GC(46) User=0.00s Sys=0.00s Real=0.00s
[10.814s][info ][safepoint      ] Safepoint "G1CollectForAllocation", Time since last: 115925494 ns, Reaching safepoint: 116329 ns, At safepoint: 1732275 ns, Total: 1848604 ns
[10.937s][debug][gc,heap        ] GC(47) Heap before GC invocations=47 (full 1): garbage-first heap   total 319488K, used 193753K [0x0000000700000000, 0x0000000800000000)
[10.937s][debug][gc,heap        ] GC(47)   region size 1024K, 187 young (191488K), 1 survivors (1024K)
[10.937s][debug][gc,heap        ] GC(47)  Metaspace       used 10391K, capacity 10712K, committed 10880K, reserved 1058816K
[10.937s][debug][gc,heap        ] GC(47)   class space    used 1202K, capacity 1338K, committed 1408K, reserved 1048576K
[10.937s][info ][gc,start       ] GC(47) Pause Young (Normal) (G1 Evacuation Pause)
[10.937s][info ][gc,task        ] GC(47) Using 8 workers of 8 for evacuation
[10.937s][debug][gc,tlab        ] GC(47) TLAB totals: thrds: 8  refills: 747 max: 111 slow allocs: 0 max 0 waste:  0.9% gc: 1329904B max: 367448B slow: 431840B max: 64304B fast: 0B max: 0B
[10.937s][debug][gc,age         ] GC(47) Desired survivor size 12582912 bytes, new threshold 15 (max threshold 15)
[10.937s][debug][gc,alloc,region] GC(47) Mutator Allocation stats, regions: 186, wasted size: 0B ( 0.0%)
[10.937s][debug][gc,ergo        ] GC(47) Running G1 Merge Heap Roots using 8 workers for 187 regions
[10.938s][debug][gc,remset      ] GC(47) Visited cards 2048 Total dirty 10240 (20.00%) Total old 784384 (0.26%)
[10.938s][debug][gc,ergo        ] GC(47) Running G1 Clear Card Table Task using 1 workers for 1 units of work for 192 regions.
[10.938s][debug][gc,ref         ] GC(47) Skipped phase1 of Reference Processing due to unavailable references
[10.938s][debug][gc,ref         ] GC(47) Skipped phase2 of Reference Processing due to unavailable references
[10.938s][debug][gc,ref         ] GC(47) Skipped phase3 of Reference Processing due to unavailable references
[10.938s][debug][gc,ergo        ] GC(47) Running G1 Free Collection Set using 8 workers for collection set length 187 (312)
[10.938s][debug][gc,ergo        ] GC(47) Running G1 Rebuild Free List Task using 8 workers for rebuilding free list of 0 (4096) regions
[10.938s][trace][gc,age         ] GC(47) Age table with threshold 15 (max threshold 15)
[10.938s][trace][gc,age         ] GC(47) - age   1:        480 bytes,        480 total
[10.938s][trace][gc,age         ] GC(47) - age   9:     197832 bytes,     198312 total
[10.938s][trace][gc,age         ] GC(47) - age  13:        208 bytes,     198520 total
[10.938s][debug][gc,plab        ] GC(47) Young PLAB allocation: allocated: 16512B, wasted: 0B, unused: 8584B, used: 7928B, undo waste: 78096B, 
[10.938s][debug][gc,plab        ] GC(47) Young other allocation: region end waste: 0B, regions filled: 1, direct allocated: 268688B, failure used: 0B, failure wasted: 0B
[10.938s][debug][gc,plab        ] GC(47) Young sizing: calculated: 1584B, actual: 2064B
[10.938s][debug][gc,plab        ] GC(47) Old PLAB allocation: allocated: 0B, wasted: 0B, unused: 0B, used: 0B, undo waste: 0B, 
[10.938s][debug][gc,plab        ] GC(47) Old other allocation: region end waste: 0B, regions filled: 1, direct allocated: 0B, failure used: 0B, failure wasted: 0B
[10.938s][debug][gc,plab        ] GC(47) Old sizing: calculated: 0B, actual: 2064B
[10.938s][debug][gc,ihop        ] GC(47) Basic information (value update), threshold: 147220070B (45.00), target occupancy: 327155712B, current occupancy: 4461144B, recent allocation size: 0B, recent allocation duration: 124.18ms, recent old gen allocation rate: 0.00B/s, recent marking phase length: 0.00ms
[10.938s][debug][gc,ihop        ] GC(47) Adaptive IHOP information (value update), threshold: 147220070B (47.37), internal target occupancy: 310797926B, occupancy: 4461144B, additional buffer size: 196083712B, predicted old gen allocation rate: 29185.89B/s, predicted marking phase length: 0.00ms, prediction active: false
[10.938s][debug][gc,ergo,refine ] GC(47) Concurrent refinement times: Logged Cards Scan time goal: 19.99ms Logged Cards Scan time: 0.01ms HCC time: 0.01ms
[10.938s][debug][gc,ergo,refine ] GC(47) Updated Refinement Zones: green: 2048, yellow: 6144, red: 10240
[10.938s][info ][gc,phases      ] GC(47)   Pre Evacuate Collection Set: 0.1ms
[10.938s][debug][gc,phases      ] GC(47)     Prepare TLABs: 0.0ms
[10.938s][debug][gc,phases      ] GC(47)     Choose Collection Set: 0.0ms
[10.938s][debug][gc,phases      ] GC(47)     Region Register: 0.1ms
[10.938s][debug][gc,phases      ] GC(47)     Prepare Heap Roots: 0.0ms
[10.938s][info ][gc,phases      ] GC(47)   Merge Heap Roots: 0.2ms
[10.938s][debug][gc,phases      ] GC(47)     Prepare Merge Heap Roots: 0.0ms
[10.938s][debug][gc,phases      ] GC(47)     Eager Reclaim (ms):       skipped
[10.938s][debug][gc,phases      ] GC(47)     Remembered Sets (ms):     Min:  0.0, Avg:  0.0, Max:  0.0, Diff:  0.0, Sum:  0.1, Workers: 8
[10.938s][debug][gc,phases      ] GC(47)       Merged Sparse:            Min: 0, Avg:  0.0, Max: 0, Diff: 0, Sum: 0, Workers: 8
[10.938s][debug][gc,phases      ] GC(47)       Merged Fine:              Min: 0, Avg:  0.0, Max: 0, Diff: 0, Sum: 0, Workers: 8
[10.938s][debug][gc,phases      ] GC(47)       Merged Coarse:            Min: 0, Avg:  0.0, Max: 0, Diff: 0, Sum: 0, Workers: 8
[10.938s][debug][gc,phases      ] GC(47)       Dirty Cards:              Min: 0, Avg:  0.0, Max: 0, Diff: 0, Sum: 0, Workers: 8
[10.938s][debug][gc,phases      ] GC(47)     Hot Card Cache (ms):      Min:  0.0, Avg:  0.0, Max:  0.0, Diff:  0.0, Sum:  0.1, Workers: 8
[10.938s][debug][gc,phases      ] GC(47)       Dirty Cards:              Min: 0, Avg:  0.0, Max: 0, Diff: 0, Sum: 0, Workers: 8
[10.938s][debug][gc,phases      ] GC(47)       Skipped Cards:            Min: 0, Avg:  0.0, Max: 0, Diff: 0, Sum: 0, Workers: 8
[10.938s][debug][gc,phases      ] GC(47)     Log Buffers (ms):         Min:  0.0, Avg:  0.0, Max:  0.0, Diff:  0.0, Sum:  0.0, Workers: 8
[10.938s][debug][gc,phases      ] GC(47)       Dirty Cards:              Min: 0, Avg:  2.2, Max: 11, Diff: 11, Sum: 18, Workers: 8
[10.938s][debug][gc,phases      ] GC(47)       Skipped Cards:            Min: 0, Avg:  0.0, Max: 0, Diff: 0, Sum: 0, Workers: 8
[10.938s][info ][gc,phases      ] GC(47)   Evacuate Collection Set: 0.2ms
[10.938s][debug][gc,phases      ] GC(47)     Ext Root Scanning (ms):   Min:  0.0, Avg:  0.0, Max:  0.1, Diff:  0.1, Sum:  0.2, Workers: 8
[10.938s][debug][gc,phases      ] GC(47)     Scan Heap Roots (ms):     Min:  0.0, Avg:  0.0, Max:  0.0, Diff:  0.0, Sum:  0.1, Workers: 8
[10.939s][debug][gc,phases      ] GC(47)       Scanned Cards:            Min: 0, Avg:  2.0, Max: 4, Diff: 4, Sum: 16, Workers: 8
[10.939s][debug][gc,phases      ] GC(47)       Scanned Blocks:           Min: 0, Avg:  1.8, Max: 3, Diff: 3, Sum: 14, Workers: 8
[10.939s][debug][gc,phases      ] GC(47)       Claimed Chunks:           Min: 0, Avg:  1.0, Max: 2, Diff: 2, Sum: 8, Workers: 8
[10.939s][debug][gc,phases      ] GC(47)     Code Root Scan (ms):      Min:  0.0, Avg:  0.0, Max:  0.0, Diff:  0.0, Sum:  0.0, Workers: 8
[10.939s][debug][gc,phases      ] GC(47)     Object Copy (ms):         Min:  0.0, Avg:  0.0, Max:  0.0, Diff:  0.0, Sum:  0.1, Workers: 8
[10.939s][debug][gc,phases      ] GC(47)     Termination (ms):         Min:  0.0, Avg:  0.0, Max:  0.1, Diff:  0.1, Sum:  0.3, Workers: 8
[10.939s][debug][gc,phases      ] GC(47)       Termination Attempts:     Min: 1, Avg:  1.0, Max: 1, Diff: 0, Sum: 8, Workers: 8
[10.939s][debug][gc,phases      ] GC(47)     GC Worker Other (ms):     Min:  0.0, Avg:  0.0, Max:  0.0, Diff:  0.0, Sum:  0.1, Workers: 8
[10.939s][debug][gc,phases      ] GC(47)     GC Worker Total (ms):     Min:  0.1, Avg:  0.1, Max:  0.2, Diff:  0.1, Sum:  1.0, Workers: 8
[10.939s][info ][gc,phases      ] GC(47)   Post Evacuate Collection Set: 0.4ms
[10.939s][debug][gc,phases      ] GC(47)     Code Roots Fixup: 0.0ms
[10.939s][debug][gc,phases      ] GC(47)     Clear Card Table: 0.1ms
[10.939s][debug][gc,phases      ] GC(47)     Reference Processing: 0.0ms
[10.939s][debug][gc,phases,ref  ] GC(47)       Reconsider SoftReferences: 0.0ms
[10.939s][debug][gc,phases,ref  ] GC(47)         SoftRef (ms):             skipped
[10.939s][debug][gc,phases,ref  ] GC(47)       Notify Soft/WeakReferences: 0.0ms
[10.939s][debug][gc,phases,ref  ] GC(47)         SoftRef (ms):             skipped
[10.939s][debug][gc,phases,ref  ] GC(47)         WeakRef (ms):             skipped
[10.939s][debug][gc,phases,ref  ] GC(47)         FinalRef (ms):            skipped
[10.939s][debug][gc,phases,ref  ] GC(47)         Total (ms):               skipped
[10.939s][debug][gc,phases,ref  ] GC(47)       Notify and keep alive finalizable: 0.0ms
[10.939s][debug][gc,phases,ref  ] GC(47)         FinalRef (ms):            skipped
[10.939s][debug][gc,phases,ref  ] GC(47)       Notify PhantomReferences: 0.0ms
[10.939s][debug][gc,phases,ref  ] GC(47)         PhantomRef (ms):          Min:  0.0, Avg:  0.0, Max:  0.0, Diff:  0.0, Sum:  0.0, Workers: 1
[10.939s][debug][gc,phases,ref  ] GC(47)       SoftReference:
[10.939s][debug][gc,phases,ref  ] GC(47)         Discovered: 0
[10.939s][debug][gc,phases,ref  ] GC(47)         Cleared: 0
[10.939s][debug][gc,phases,ref  ] GC(47)       WeakReference:
[10.939s][debug][gc,phases,ref  ] GC(47)         Discovered: 0
[10.939s][debug][gc,phases,ref  ] GC(47)         Cleared: 0
[10.939s][debug][gc,phases,ref  ] GC(47)       FinalReference:
[10.939s][debug][gc,phases,ref  ] GC(47)         Discovered: 0
[10.939s][debug][gc,phases,ref  ] GC(47)         Cleared: 0
[10.939s][debug][gc,phases,ref  ] GC(47)       PhantomReference:
[10.939s][debug][gc,phases,ref  ] GC(47)         Discovered: 5
[10.939s][debug][gc,phases,ref  ] GC(47)         Cleared: 5
[10.939s][debug][gc,phases      ] GC(47)     Weak Processing: 0.1ms
[10.939s][debug][gc,phases      ] GC(47)       JVMTI weak processing: 0.0ms
[10.939s][debug][gc,phases      ] GC(47)         Dead: 0
[10.939s][debug][gc,phases      ] GC(47)         Total: 0
[10.939s][debug][gc,phases      ] GC(47)       JFR weak processing: 0.0ms
[10.939s][debug][gc,phases      ] GC(47)         Dead: 0
[10.939s][debug][gc,phases      ] GC(47)         Total: 0
[10.939s][debug][gc,phases      ] GC(47)       JNI weak                  Min:  0.0, Avg:  0.0, Max:  0.0, Diff:  0.0, Sum:  0.0, Workers: 5
[10.939s][debug][gc,phases      ] GC(47)         Dead                      Min: 0, Avg:  0.0, Max: 0, Diff: 0, Sum: 0, Workers: 5
[10.939s][debug][gc,phases      ] GC(47)         Total                     Min: 0, Avg: 12.6, Max: 63, Diff: 63, Sum: 63, Workers: 5
[10.939s][debug][gc,phases      ] GC(47)       VM weak                   Min:  0.0, Avg:  0.0, Max:  0.0, Diff:  0.0, Sum:  0.0, Workers: 5
[10.939s][debug][gc,phases      ] GC(47)         Dead                      Min: 0, Avg:  0.0, Max: 0, Diff: 0, Sum: 0, Workers: 5
[10.939s][debug][gc,phases      ] GC(47)         Total                     Min: 0, Avg: 44.0, Max: 220, Diff: 220, Sum: 220, Workers: 5
[10.939s][debug][gc,phases      ] GC(47)       StringTable weak          Min:  0.0, Avg:  0.0, Max:  0.0, Diff:  0.0, Sum:  0.0, Workers: 5
[10.939s][debug][gc,phases      ] GC(47)         Dead                      Min: 0, Avg:  0.0, Max: 0, Diff: 0, Sum: 0, Workers: 5
[10.939s][debug][gc,phases      ] GC(47)         Total                     Min: 0, Avg: 718.4, Max: 3520, Diff: 3520, Sum: 3592, Workers: 5
[10.939s][debug][gc,phases      ] GC(47)       ResolvedMethodTable weak  Min:  0.0, Avg:  0.0, Max:  0.0, Diff:  0.0, Sum:  0.0, Workers: 5
[10.939s][debug][gc,phases      ] GC(47)         Dead                      Min: 0, Avg:  0.0, Max: 0, Diff: 0, Sum: 0, Workers: 5
[10.939s][debug][gc,phases      ] GC(47)         Total                     Min: 0, Avg: 116.6, Max: 192, Diff: 192, Sum: 583, Workers: 5
[10.939s][debug][gc,phases      ] GC(47)     Merge Per-Thread State: 0.0ms
[10.939s][debug][gc,phases      ] GC(47)       Copied Bytes              Min: 112, Avg: 24815.0, Max: 79416, Diff: 79304, Sum: 198520, Workers: 8
[10.939s][debug][gc,phases      ] GC(47)       LAB Waste                 Min: 0, Avg:  0.0, Max: 0, Diff: 0, Sum: 0, Workers: 8
[10.939s][debug][gc,phases      ] GC(47)       LAB Undo Waste            Min: 0, Avg: 9762.0, Max: 78096, Diff: 78096, Sum: 78096, Workers: 8
[10.939s][debug][gc,phases      ] GC(47)     Code Roots Purge: 0.0ms
[10.939s][debug][gc,phases      ] GC(47)     Redirty Cards: 0.0ms
[10.939s][debug][gc,phases      ] GC(47)     DerivedPointerTable Update: 0.0ms
[10.939s][debug][gc,phases      ] GC(47)     Free Collection Set: 0.1ms
[10.939s][debug][gc,phases      ] GC(47)     Rebuild Free List: 0.1ms
[10.939s][debug][gc,phases      ] GC(47)     Humongous Reclaim: 0.0ms
[10.939s][debug][gc,phases      ] GC(47)     Start New Collection Set: 0.0ms
[10.939s][debug][gc,phases      ] GC(47)     Resize TLABs: 0.0ms
[10.939s][debug][gc,phases      ] GC(47)     Expand Heap After Collection: 0.0ms
[10.939s][info ][gc,phases      ] GC(47)   Other: 0.4ms
[10.939s][info ][gc,heap        ] GC(47) Eden regions: 186->0(186)
[10.939s][info ][gc,heap        ] GC(47) Survivor regions: 1->1(24)
[10.939s][info ][gc,heap        ] GC(47) Old regions: 7->7
[10.939s][info ][gc,heap        ] GC(47) Archive regions: 2->2
[10.939s][info ][gc,heap        ] GC(47) Humongous regions: 0->0
[10.939s][info ][gc,metaspace   ] GC(47) Metaspace: 10391K(10880K)->10391K(10880K) NonClass: 9188K(9472K)->9188K(9472K) Class: 1202K(1408K)->1202K(1408K)
[10.939s][debug][gc,heap        ] GC(47) Heap after GC invocations=48 (full 1): garbage-first heap   total 319488K, used 4356K [0x0000000700000000, 0x0000000800000000)
[10.939s][debug][gc,heap        ] GC(47)   region size 1024K, 1 young (1024K), 1 survivors (1024K)
[10.939s][debug][gc,heap        ] GC(47)  Metaspace       used 10391K, capacity 10712K, committed 10880K, reserved 1058816K
[10.939s][debug][gc,heap        ] GC(47)   class space    used 1202K, capacity 1338K, committed 1408K, reserved 1048576K
[10.939s][info ][gc             ] GC(47) Pause Young (Normal) (G1 Evacuation Pause) 190M->4M(312M) 1.928ms
[10.939s][info ][gc,cpu         ] GC(47) User=0.00s Sys=0.00s Real=0.00s
[10.939s][info ][safepoint      ] Safepoint "G1CollectForAllocation", Time since last: 123051794 ns, Reaching safepoint: 139746 ns, At safepoint: 2084393 ns, Total: 2224139 ns
[11.064s][debug][gc,heap        ] GC(48) Heap before GC invocations=48 (full 1): garbage-first heap   total 319488K, used 194820K [0x0000000700000000, 0x0000000800000000)
[11.064s][debug][gc,heap        ] GC(48)   region size 1024K, 187 young (191488K), 1 survivors (1024K)
[11.064s][debug][gc,heap        ] GC(48)  Metaspace       used 10391K, capacity 10712K, committed 10880K, reserved 1058816K
[11.064s][debug][gc,heap        ] GC(48)   class space    used 1202K, capacity 1338K, committed 1408K, reserved 1048576K
[11.064s][info ][gc,start       ] GC(48) Pause Young (Normal) (G1 Evacuation Pause)
[11.064s][info ][gc,task        ] GC(48) Using 8 workers of 8 for evacuation
[11.064s][debug][gc,tlab        ] GC(48) TLAB totals: thrds: 8  refills: 747 max: 117 slow allocs: 0 max 0 waste:  0.9% gc: 1403688B max: 447520B slow: 432040B max: 67864B fast: 0B max: 0B
[11.064s][debug][gc,age         ] GC(48) Desired survivor size 12582912 bytes, new threshold 15 (max threshold 15)
[11.064s][debug][gc,alloc,region] GC(48) Mutator Allocation stats, regions: 186, wasted size: 0B ( 0.0%)
[11.065s][debug][gc,ergo        ] GC(48) Running G1 Merge Heap Roots using 8 workers for 187 regions
[11.065s][debug][gc,remset      ] GC(48) Visited cards 2048 Total dirty 10240 (20.00%) Total old 784384 (0.26%)
[11.065s][debug][gc,ergo        ] GC(48) Running G1 Clear Card Table Task using 1 workers for 1 units of work for 192 regions.
[11.065s][debug][gc,ref         ] GC(48) Skipped phase1 of Reference Processing due to unavailable references
[11.065s][debug][gc,ref         ] GC(48) Skipped phase2 of Reference Processing due to unavailable references
[11.065s][debug][gc,ref         ] GC(48) Skipped phase3 of Reference Processing due to unavailable references
[11.065s][debug][gc,ergo        ] GC(48) Running G1 Free Collection Set using 8 workers for collection set length 187 (312)
[11.065s][debug][gc,ergo        ] GC(48) Running G1 Rebuild Free List Task using 8 workers for rebuilding free list of 0 (4096) regions
[11.065s][trace][gc,age         ] GC(48) Age table with threshold 15 (max threshold 15)
[11.065s][trace][gc,age         ] GC(48) - age   1:        560 bytes,        560 total
[11.065s][trace][gc,age         ] GC(48) - age  10:     197832 bytes,     198392 total
[11.065s][trace][gc,age         ] GC(48) - age  14:        208 bytes,     198600 total
[11.065s][debug][gc,plab        ] GC(48) Young PLAB allocation: allocated: 16512B, wasted: 0B, unused: 8504B, used: 8008B, undo waste: 0B, 
[11.065s][debug][gc,plab        ] GC(48) Young other allocation: region end waste: 0B, regions filled: 1, direct allocated: 190592B, failure used: 0B, failure wasted: 0B
[11.065s][debug][gc,plab        ] GC(48) Young sizing: calculated: 1600B, actual: 2064B
[11.065s][debug][gc,plab        ] GC(48) Old PLAB allocation: allocated: 0B, wasted: 0B, unused: 0B, used: 0B, undo waste: 0B, 
[11.065s][debug][gc,plab        ] GC(48) Old other allocation: region end waste: 0B, regions filled: 1, direct allocated: 0B, failure used: 0B, failure wasted: 0B
[11.065s][debug][gc,plab        ] GC(48) Old sizing: calculated: 0B, actual: 2064B
[11.065s][debug][gc,ihop        ] GC(48) Basic information (value update), threshold: 147220070B (45.00), target occupancy: 327155712B, current occupancy: 4383048B, recent allocation size: 0B, recent allocation duration: 126.15ms, recent old gen allocation rate: 0.00B/s, recent marking phase length: 0.00ms
[11.065s][debug][gc,ihop        ] GC(48) Adaptive IHOP information (value update), threshold: 147220070B (47.37), internal target occupancy: 310797926B, occupancy: 4383048B, additional buffer size: 196083712B, predicted old gen allocation rate: 28246.64B/s, predicted marking phase length: 0.00ms, prediction active: false
[11.065s][debug][gc,ergo,refine ] GC(48) Concurrent refinement times: Logged Cards Scan time goal: 20.00ms Logged Cards Scan time: 0.01ms HCC time: 0.00ms
[11.065s][debug][gc,ergo,refine ] GC(48) Updated Refinement Zones: green: 2048, yellow: 6144, red: 10240
[11.065s][info ][gc,phases      ] GC(48)   Pre Evacuate Collection Set: 0.1ms
[11.065s][debug][gc,phases      ] GC(48)     Prepare TLABs: 0.0ms
[11.065s][debug][gc,phases      ] GC(48)     Choose Collection Set: 0.0ms
[11.066s][debug][gc,phases      ] GC(48)     Region Register: 0.1ms
[11.066s][debug][gc,phases      ] GC(48)     Prepare Heap Roots: 0.0ms
[11.066s][info ][gc,phases      ] GC(48)   Merge Heap Roots: 0.2ms
[11.066s][debug][gc,phases      ] GC(48)     Prepare Merge Heap Roots: 0.0ms
[11.066s][debug][gc,phases      ] GC(48)     Eager Reclaim (ms):       skipped
[11.066s][debug][gc,phases      ] GC(48)     Remembered Sets (ms):     Min:  0.0, Avg:  0.0, Max:  0.0, Diff:  0.0, Sum:  0.1, Workers: 8
[11.066s][debug][gc,phases      ] GC(48)       Merged Sparse:            Min: 0, Avg:  0.0, Max: 0, Diff: 0, Sum: 0, Workers: 8
[11.066s][debug][gc,phases      ] GC(48)       Merged Fine:              Min: 0, Avg:  0.0, Max: 0, Diff: 0, Sum: 0, Workers: 8
[11.066s][debug][gc,phases      ] GC(48)       Merged Coarse:            Min: 0, Avg:  0.0, Max: 0, Diff: 0, Sum: 0, Workers: 8
[11.066s][debug][gc,phases      ] GC(48)       Dirty Cards:              Min: 0, Avg:  0.0, Max: 0, Diff: 0, Sum: 0, Workers: 8
[11.066s][debug][gc,phases      ] GC(48)     Hot Card Cache (ms):      Min:  0.0, Avg:  0.0, Max:  0.0, Diff:  0.0, Sum:  0.0, Workers: 8
[11.066s][debug][gc,phases      ] GC(48)       Dirty Cards:              Min: 0, Avg:  0.0, Max: 0, Diff: 0, Sum: 0, Workers: 8
[11.066s][debug][gc,phases      ] GC(48)       Skipped Cards:            Min: 0, Avg:  0.0, Max: 0, Diff: 0, Sum: 0, Workers: 8
[11.066s][debug][gc,phases      ] GC(48)     Log Buffers (ms):         Min:  0.0, Avg:  0.0, Max:  0.0, Diff:  0.0, Sum:  0.0, Workers: 8
[11.066s][debug][gc,phases      ] GC(48)       Dirty Cards:              Min: 0, Avg:  2.5, Max: 12, Diff: 12, Sum: 20, Workers: 8
[11.066s][debug][gc,phases      ] GC(48)       Skipped Cards:            Min: 0, Avg:  0.0, Max: 0, Diff: 0, Sum: 0, Workers: 8
[11.066s][info ][gc,phases      ] GC(48)   Evacuate Collection Set: 0.2ms
[11.066s][debug][gc,phases      ] GC(48)     Ext Root Scanning (ms):   Min:  0.0, Avg:  0.0, Max:  0.1, Diff:  0.1, Sum:  0.3, Workers: 8
[11.066s][debug][gc,phases      ] GC(48)     Scan Heap Roots (ms):     Min:  0.0, Avg:  0.0, Max:  0.0, Diff:  0.0, Sum:  0.0, Workers: 8
[11.066s][debug][gc,phases      ] GC(48)       Scanned Cards:            Min: 0, Avg:  2.0, Max: 4, Diff: 4, Sum: 16, Workers: 8
[11.066s][debug][gc,phases      ] GC(48)       Scanned Blocks:           Min: 0, Avg:  1.8, Max: 3, Diff: 3, Sum: 14, Workers: 8
[11.066s][debug][gc,phases      ] GC(48)       Claimed Chunks:           Min: 0, Avg:  1.0, Max: 2, Diff: 2, Sum: 8, Workers: 8
[11.066s][debug][gc,phases      ] GC(48)     Code Root Scan (ms):      Min:  0.0, Avg:  0.0, Max:  0.0, Diff:  0.0, Sum:  0.0, Workers: 8
[11.066s][debug][gc,phases      ] GC(48)     Object Copy (ms):         Min:  0.0, Avg:  0.0, Max:  0.0, Diff:  0.0, Sum:  0.2, Workers: 8
[11.066s][debug][gc,phases      ] GC(48)     Termination (ms):         Min:  0.0, Avg:  0.1, Max:  0.1, Diff:  0.0, Sum:  0.5, Workers: 8
[11.066s][debug][gc,phases      ] GC(48)       Termination Attempts:     Min: 1, Avg:  1.0, Max: 1, Diff: 0, Sum: 8, Workers: 8
[11.066s][debug][gc,phases      ] GC(48)     GC Worker Other (ms):     Min:  0.0, Avg:  0.0, Max:  0.0, Diff:  0.0, Sum:  0.2, Workers: 8
[11.066s][debug][gc,phases      ] GC(48)     GC Worker Total (ms):     Min:  0.1, Avg:  0.2, Max:  0.2, Diff:  0.0, Sum:  1.3, Workers: 8
[11.066s][info ][gc,phases      ] GC(48)   Post Evacuate Collection Set: 0.4ms
[11.066s][debug][gc,phases      ] GC(48)     Code Roots Fixup: 0.0ms
[11.066s][debug][gc,phases      ] GC(48)     Clear Card Table: 0.1ms
[11.066s][debug][gc,phases      ] GC(48)     Reference Processing: 0.0ms
[11.066s][debug][gc,phases,ref  ] GC(48)       Reconsider SoftReferences: 0.0ms
[11.066s][debug][gc,phases,ref  ] GC(48)         SoftRef (ms):             skipped
[11.066s][debug][gc,phases,ref  ] GC(48)       Notify Soft/WeakReferences: 0.0ms
[11.066s][debug][gc,phases,ref  ] GC(48)         SoftRef (ms):             skipped
[11.066s][debug][gc,phases,ref  ] GC(48)         WeakRef (ms):             skipped
[11.066s][debug][gc,phases,ref  ] GC(48)         FinalRef (ms):            skipped
[11.066s][debug][gc,phases,ref  ] GC(48)         Total (ms):               skipped
[11.066s][debug][gc,phases,ref  ] GC(48)       Notify and keep alive finalizable: 0.0ms
[11.066s][debug][gc,phases,ref  ] GC(48)         FinalRef (ms):            skipped
[11.066s][debug][gc,phases,ref  ] GC(48)       Notify PhantomReferences: 0.0ms
[11.066s][debug][gc,phases,ref  ] GC(48)         PhantomRef (ms):          Min:  0.0, Avg:  0.0, Max:  0.0, Diff:  0.0, Sum:  0.0, Workers: 1
[11.066s][debug][gc,phases,ref  ] GC(48)       SoftReference:
[11.066s][debug][gc,phases,ref  ] GC(48)         Discovered: 0
[11.066s][debug][gc,phases,ref  ] GC(48)         Cleared: 0
[11.066s][debug][gc,phases,ref  ] GC(48)       WeakReference:
[11.066s][debug][gc,phases,ref  ] GC(48)         Discovered: 0
[11.066s][debug][gc,phases,ref  ] GC(48)         Cleared: 0
[11.066s][debug][gc,phases,ref  ] GC(48)       FinalReference:
[11.066s][debug][gc,phases,ref  ] GC(48)         Discovered: 0
[11.066s][debug][gc,phases,ref  ] GC(48)         Cleared: 0
[11.066s][debug][gc,phases,ref  ] GC(48)       PhantomReference:
[11.066s][debug][gc,phases,ref  ] GC(48)         Discovered: 5
[11.066s][debug][gc,phases,ref  ] GC(48)         Cleared: 5
[11.066s][debug][gc,phases      ] GC(48)     Weak Processing: 0.1ms
[11.066s][debug][gc,phases      ] GC(48)       JVMTI weak processing: 0.0ms
[11.066s][debug][gc,phases      ] GC(48)         Dead: 0
[11.066s][debug][gc,phases      ] GC(48)         Total: 0
[11.066s][debug][gc,phases      ] GC(48)       JFR weak processing: 0.0ms
[11.066s][debug][gc,phases      ] GC(48)         Dead: 0
[11.066s][debug][gc,phases      ] GC(48)         Total: 0
[11.066s][debug][gc,phases      ] GC(48)       JNI weak                  Min:  0.0, Avg:  0.0, Max:  0.0, Diff:  0.0, Sum:  0.0, Workers: 5
[11.066s][debug][gc,phases      ] GC(48)         Dead                      Min: 0, Avg:  0.0, Max: 0, Diff: 0, Sum: 0, Workers: 5
[11.066s][debug][gc,phases      ] GC(48)         Total                     Min: 0, Avg: 12.6, Max: 59, Diff: 59, Sum: 63, Workers: 5
[11.066s][debug][gc,phases      ] GC(48)       VM weak                   Min:  0.0, Avg:  0.0, Max:  0.0, Diff:  0.0, Sum:  0.0, Workers: 5
[11.066s][debug][gc,phases      ] GC(48)         Dead                      Min: 0, Avg:  0.0, Max: 0, Diff: 0, Sum: 0, Workers: 5
[11.066s][debug][gc,phases      ] GC(48)         Total                     Min: 0, Avg: 44.0, Max: 128, Diff: 128, Sum: 220, Workers: 5
[11.066s][debug][gc,phases      ] GC(48)       StringTable weak          Min:  0.0, Avg:  0.0, Max:  0.0, Diff:  0.0, Sum:  0.1, Workers: 5
[11.066s][debug][gc,phases      ] GC(48)         Dead                      Min: 0, Avg:  0.0, Max: 0, Diff: 0, Sum: 0, Workers: 5
[11.066s][debug][gc,phases      ] GC(48)         Total                     Min: 0, Avg: 718.4, Max: 1152, Diff: 1152, Sum: 3592, Workers: 5
[11.066s][debug][gc,phases      ] GC(48)       ResolvedMethodTable weak  Min:  0.0, Avg:  0.0, Max:  0.0, Diff:  0.0, Sum:  0.0, Workers: 5
[11.066s][debug][gc,phases      ] GC(48)         Dead                      Min: 0, Avg:  0.0, Max: 0, Diff: 0, Sum: 0, Workers: 5
[11.066s][debug][gc,phases      ] GC(48)         Total                     Min: 0, Avg: 116.6, Max: 192, Diff: 192, Sum: 583, Workers: 5
[11.066s][debug][gc,phases      ] GC(48)     Merge Per-Thread State: 0.0ms
[11.066s][debug][gc,phases      ] GC(48)       Copied Bytes              Min: 160, Avg: 24825.0, Max: 79080, Diff: 78920, Sum: 198600, Workers: 8
[11.066s][debug][gc,phases      ] GC(48)       LAB Waste                 Min: 0, Avg:  0.0, Max: 0, Diff: 0, Sum: 0, Workers: 8
[11.066s][debug][gc,phases      ] GC(48)       LAB Undo Waste            Min: 0, Avg:  0.0, Max: 0, Diff: 0, Sum: 0, Workers: 8
[11.066s][debug][gc,phases      ] GC(48)     Code Roots Purge: 0.0ms
[11.066s][debug][gc,phases      ] GC(48)     Redirty Cards: 0.1ms
[11.066s][debug][gc,phases      ] GC(48)     DerivedPointerTable Update: 0.0ms
[11.066s][debug][gc,phases      ] GC(48)     Free Collection Set: 0.1ms
[11.066s][debug][gc,phases      ] GC(48)     Rebuild Free List: 0.1ms
[11.066s][debug][gc,phases      ] GC(48)     Humongous Reclaim: 0.0ms
[11.066s][debug][gc,phases      ] GC(48)     Start New Collection Set: 0.0ms
[11.066s][debug][gc,phases      ] GC(48)     Resize TLABs: 0.0ms
[11.066s][debug][gc,phases      ] GC(48)     Expand Heap After Collection: 0.0ms
[11.066s][info ][gc,phases      ] GC(48)   Other: 0.3ms
[11.066s][info ][gc,heap        ] GC(48) Eden regions: 186->0(186)
[11.066s][info ][gc,heap        ] GC(48) Survivor regions: 1->1(24)
[11.066s][info ][gc,heap        ] GC(48) Old regions: 7->7
[11.066s][info ][gc,heap        ] GC(48) Archive regions: 2->2
[11.066s][info ][gc,heap        ] GC(48) Humongous regions: 0->0
[11.066s][info ][gc,metaspace   ] GC(48) Metaspace: 10391K(10880K)->10391K(10880K) NonClass: 9188K(9472K)->9188K(9472K) Class: 1202K(1408K)->1202K(1408K)
[11.066s][debug][gc,heap        ] GC(48) Heap after GC invocations=49 (full 1): garbage-first heap   total 319488K, used 4280K [0x0000000700000000, 0x0000000800000000)
[11.066s][debug][gc,heap        ] GC(48)   region size 1024K, 1 young (1024K), 1 survivors (1024K)
[11.066s][debug][gc,heap        ] GC(48)  Metaspace       used 10391K, capacity 10712K, committed 10880K, reserved 1058816K
[11.066s][debug][gc,heap        ] GC(48)   class space    used 1202K, capacity 1338K, committed 1408K, reserved 1048576K
[11.066s][info ][gc             ] GC(48) Pause Young (Normal) (G1 Evacuation Pause) 190M->4M(312M) 1.669ms
[11.066s][info ][gc,cpu         ] GC(48) User=0.00s Sys=0.00s Real=0.01s
[11.066s][info ][safepoint      ] Safepoint "G1CollectForAllocation", Time since last: 124884815 ns, Reaching safepoint: 169172 ns, At safepoint: 1844372 ns, Total: 2013544 ns
[11.195s][debug][gc,heap        ] GC(49) Heap before GC invocations=49 (full 1): garbage-first heap   total 319488K, used 194744K [0x0000000700000000, 0x0000000800000000)
[11.195s][debug][gc,heap        ] GC(49)   region size 1024K, 187 young (191488K), 1 survivors (1024K)
[11.195s][debug][gc,heap        ] GC(49)  Metaspace       used 10391K, capacity 10712K, committed 10880K, reserved 1058816K
[11.195s][debug][gc,heap        ] GC(49)   class space    used 1202K, capacity 1338K, committed 1408K, reserved 1048576K
[11.196s][info ][gc,start       ] GC(49) Pause Young (Normal) (G1 Evacuation Pause)
[11.196s][info ][gc,task        ] GC(49) Using 8 workers of 8 for evacuation
[11.196s][debug][gc,tlab        ] GC(49) TLAB totals: thrds: 8  refills: 748 max: 121 slow allocs: 0 max 0 waste:  1.0% gc: 1483408B max: 389168B slow: 431224B max: 69416B fast: 0B max: 0B
[11.196s][debug][gc,age         ] GC(49) Desired survivor size 12582912 bytes, new threshold 15 (max threshold 15)
[11.196s][debug][gc,alloc,region] GC(49) Mutator Allocation stats, regions: 186, wasted size: 0B ( 0.0%)
[11.196s][debug][gc,ergo        ] GC(49) Running G1 Merge Heap Roots using 8 workers for 187 regions
[11.196s][debug][gc,remset      ] GC(49) Visited cards 2048 Total dirty 10240 (20.00%) Total old 784384 (0.26%)
[11.196s][debug][gc,ergo        ] GC(49) Running G1 Clear Card Table Task using 1 workers for 1 units of work for 192 regions.
[11.196s][debug][gc,ref         ] GC(49) Skipped phase1 of Reference Processing due to unavailable references
[11.196s][debug][gc,ref         ] GC(49) Skipped phase2 of Reference Processing due to unavailable references
[11.196s][debug][gc,ref         ] GC(49) Skipped phase3 of Reference Processing due to unavailable references
[11.196s][debug][gc,ergo        ] GC(49) Running G1 Free Collection Set using 8 workers for collection set length 187 (312)
[11.196s][debug][gc,ergo        ] GC(49) Running G1 Rebuild Free List Task using 8 workers for rebuilding free list of 0 (4096) regions
[11.196s][trace][gc,age         ] GC(49) Age table with threshold 15 (max threshold 15)
[11.197s][trace][gc,age         ] GC(49) - age   1:        632 bytes,        632 total
[11.197s][trace][gc,age         ] GC(49) - age  11:     197832 bytes,     198464 total
[11.197s][trace][gc,age         ] GC(49) - age  15:        208 bytes,     198672 total
[11.197s][debug][gc,plab        ] GC(49) Young PLAB allocation: allocated: 16512B, wasted: 0B, unused: 8432B, used: 8080B, undo waste: 78096B, 
[11.197s][debug][gc,plab        ] GC(49) Young other allocation: region end waste: 0B, regions filled: 1, direct allocated: 268688B, failure used: 0B, failure wasted: 0B
[11.197s][debug][gc,plab        ] GC(49) Young sizing: calculated: 1616B, actual: 2064B
[11.197s][debug][gc,plab        ] GC(49) Old PLAB allocation: allocated: 0B, wasted: 0B, unused: 0B, used: 0B, undo waste: 0B, 
[11.197s][debug][gc,plab        ] GC(49) Old other allocation: region end waste: 0B, regions filled: 1, direct allocated: 0B, failure used: 0B, failure wasted: 0B
[11.197s][debug][gc,plab        ] GC(49) Old sizing: calculated: 0B, actual: 2064B
[11.197s][debug][gc,ihop        ] GC(49) Basic information (value update), threshold: 147220070B (45.00), target occupancy: 327155712B, current occupancy: 4461144B, recent allocation size: 0B, recent allocation duration: 130.14ms, recent old gen allocation rate: 0.00B/s, recent marking phase length: 0.00ms
[11.197s][debug][gc,ihop        ] GC(49) Adaptive IHOP information (value update), threshold: 147220070B (47.37), internal target occupancy: 310797926B, occupancy: 4461144B, additional buffer size: 196083712B, predicted old gen allocation rate: 27340.58B/s, predicted marking phase length: 0.00ms, prediction active: false
[11.197s][debug][gc,ergo,refine ] GC(49) Concurrent refinement times: Logged Cards Scan time goal: 20.00ms Logged Cards Scan time: 0.01ms HCC time: 0.00ms
[11.197s][debug][gc,ergo,refine ] GC(49) Updated Refinement Zones: green: 2048, yellow: 6144, red: 10240
[11.197s][info ][gc,phases      ] GC(49)   Pre Evacuate Collection Set: 0.1ms
[11.197s][debug][gc,phases      ] GC(49)     Prepare TLABs: 0.0ms
[11.197s][debug][gc,phases      ] GC(49)     Choose Collection Set: 0.0ms
[11.197s][debug][gc,phases      ] GC(49)     Region Register: 0.1ms
[11.197s][debug][gc,phases      ] GC(49)     Prepare Heap Roots: 0.0ms
[11.197s][info ][gc,phases      ] GC(49)   Merge Heap Roots: 0.2ms
[11.197s][debug][gc,phases      ] GC(49)     Prepare Merge Heap Roots: 0.0ms
[11.197s][debug][gc,phases      ] GC(49)     Eager Reclaim (ms):       skipped
[11.197s][debug][gc,phases      ] GC(49)     Remembered Sets (ms):     Min:  0.0, Avg:  0.0, Max:  0.0, Diff:  0.0, Sum:  0.2, Workers: 8
[11.197s][debug][gc,phases      ] GC(49)       Merged Sparse:            Min: 0, Avg:  0.0, Max: 0, Diff: 0, Sum: 0, Workers: 8
[11.197s][debug][gc,phases      ] GC(49)       Merged Fine:              Min: 0, Avg:  0.0, Max: 0, Diff: 0, Sum: 0, Workers: 8
[11.197s][debug][gc,phases      ] GC(49)       Merged Coarse:            Min: 0, Avg:  0.0, Max: 0, Diff: 0, Sum: 0, Workers: 8
[11.197s][debug][gc,phases      ] GC(49)       Dirty Cards:              Min: 0, Avg:  0.0, Max: 0, Diff: 0, Sum: 0, Workers: 8
[11.197s][debug][gc,phases      ] GC(49)     Hot Card Cache (ms):      Min:  0.0, Avg:  0.0, Max:  0.0, Diff:  0.0, Sum:  0.0, Workers: 8
[11.197s][debug][gc,phases      ] GC(49)       Dirty Cards:              Min: 0, Avg:  0.0, Max: 0, Diff: 0, Sum: 0, Workers: 8
[11.197s][debug][gc,phases      ] GC(49)       Skipped Cards:            Min: 0, Avg:  0.0, Max: 0, Diff: 0, Sum: 0, Workers: 8
[11.197s][debug][gc,phases      ] GC(49)     Log Buffers (ms):         Min:  0.0, Avg:  0.0, Max:  0.0, Diff:  0.0, Sum:  0.0, Workers: 8
[11.197s][debug][gc,phases      ] GC(49)       Dirty Cards:              Min: 0, Avg:  2.1, Max: 5, Diff: 5, Sum: 17, Workers: 8
[11.197s][debug][gc,phases      ] GC(49)       Skipped Cards:            Min: 0, Avg:  0.0, Max: 0, Diff: 0, Sum: 0, Workers: 8
[11.197s][info ][gc,phases      ] GC(49)   Evacuate Collection Set: 0.2ms
[11.197s][debug][gc,phases      ] GC(49)     Ext Root Scanning (ms):   Min:  0.0, Avg:  0.0, Max:  0.1, Diff:  0.1, Sum:  0.4, Workers: 8
[11.197s][debug][gc,phases      ] GC(49)     Scan Heap Roots (ms):     Min:  0.0, Avg:  0.0, Max:  0.0, Diff:  0.0, Sum:  0.0, Workers: 8
[11.197s][debug][gc,phases      ] GC(49)       Scanned Cards:            Min: 0, Avg:  2.0, Max: 4, Diff: 4, Sum: 16, Workers: 8
[11.197s][debug][gc,phases      ] GC(49)       Scanned Blocks:           Min: 0, Avg:  1.8, Max: 3, Diff: 3, Sum: 14, Workers: 8
[11.197s][debug][gc,phases      ] GC(49)       Claimed Chunks:           Min: 0, Avg:  1.0, Max: 2, Diff: 2, Sum: 8, Workers: 8
[11.197s][debug][gc,phases      ] GC(49)     Code Root Scan (ms):      Min:  0.0, Avg:  0.0, Max:  0.0, Diff:  0.0, Sum:  0.0, Workers: 8
[11.197s][debug][gc,phases      ] GC(49)     Object Copy (ms):         Min:  0.0, Avg:  0.0, Max:  0.0, Diff:  0.0, Sum:  0.1, Workers: 8
[11.197s][debug][gc,phases      ] GC(49)     Termination (ms):         Min:  0.0, Avg:  0.0, Max:  0.1, Diff:  0.1, Sum:  0.4, Workers: 8
[11.197s][debug][gc,phases      ] GC(49)       Termination Attempts:     Min: 1, Avg:  1.0, Max: 1, Diff: 0, Sum: 8, Workers: 8
[11.197s][debug][gc,phases      ] GC(49)     GC Worker Other (ms):     Min:  0.0, Avg:  0.0, Max:  0.0, Diff:  0.0, Sum:  0.3, Workers: 8
[11.197s][debug][gc,phases      ] GC(49)     GC Worker Total (ms):     Min:  0.1, Avg:  0.2, Max:  0.2, Diff:  0.0, Sum:  1.2, Workers: 8
[11.197s][info ][gc,phases      ] GC(49)   Post Evacuate Collection Set: 0.4ms
[11.197s][debug][gc,phases      ] GC(49)     Code Roots Fixup: 0.0ms
[11.197s][debug][gc,phases      ] GC(49)     Clear Card Table: 0.1ms
[11.197s][debug][gc,phases      ] GC(49)     Reference Processing: 0.0ms
[11.197s][debug][gc,phases,ref  ] GC(49)       Reconsider SoftReferences: 0.0ms
[11.197s][debug][gc,phases,ref  ] GC(49)         SoftRef (ms):             skipped
[11.197s][debug][gc,phases,ref  ] GC(49)       Notify Soft/WeakReferences: 0.0ms
[11.197s][debug][gc,phases,ref  ] GC(49)         SoftRef (ms):             skipped
[11.197s][debug][gc,phases,ref  ] GC(49)         WeakRef (ms):             skipped
[11.197s][debug][gc,phases,ref  ] GC(49)         FinalRef (ms):            skipped
[11.197s][debug][gc,phases,ref  ] GC(49)         Total (ms):               skipped
[11.197s][debug][gc,phases,ref  ] GC(49)       Notify and keep alive finalizable: 0.0ms
[11.197s][debug][gc,phases,ref  ] GC(49)         FinalRef (ms):            skipped
[11.197s][debug][gc,phases,ref  ] GC(49)       Notify PhantomReferences: 0.0ms
[11.197s][debug][gc,phases,ref  ] GC(49)         PhantomRef (ms):          Min:  0.0, Avg:  0.0, Max:  0.0, Diff:  0.0, Sum:  0.0, Workers: 1
[11.197s][debug][gc,phases,ref  ] GC(49)       SoftReference:
[11.197s][debug][gc,phases,ref  ] GC(49)         Discovered: 0
[11.197s][debug][gc,phases,ref  ] GC(49)         Cleared: 0
[11.197s][debug][gc,phases,ref  ] GC(49)       WeakReference:
[11.197s][debug][gc,phases,ref  ] GC(49)         Discovered: 0
[11.197s][debug][gc,phases,ref  ] GC(49)         Cleared: 0
[11.197s][debug][gc,phases,ref  ] GC(49)       FinalReference:
[11.197s][debug][gc,phases,ref  ] GC(49)         Discovered: 0
[11.197s][debug][gc,phases,ref  ] GC(49)         Cleared: 0
[11.197s][debug][gc,phases,ref  ] GC(49)       PhantomReference:
[11.197s][debug][gc,phases,ref  ] GC(49)         Discovered: 5
[11.197s][debug][gc,phases,ref  ] GC(49)         Cleared: 5
[11.197s][debug][gc,phases      ] GC(49)     Weak Processing: 0.1ms
[11.197s][debug][gc,phases      ] GC(49)       JVMTI weak processing: 0.0ms
[11.197s][debug][gc,phases      ] GC(49)         Dead: 0
[11.197s][debug][gc,phases      ] GC(49)         Total: 0
[11.197s][debug][gc,phases      ] GC(49)       JFR weak processing: 0.0ms
[11.197s][debug][gc,phases      ] GC(49)         Dead: 0
[11.197s][debug][gc,phases      ] GC(49)         Total: 0
[11.197s][debug][gc,phases      ] GC(49)       JNI weak                  Min:  0.0, Avg:  0.0, Max:  0.0, Diff:  0.0, Sum:  0.0, Workers: 5
[11.197s][debug][gc,phases      ] GC(49)         Dead                      Min: 0, Avg:  0.0, Max: 0, Diff: 0, Sum: 0, Workers: 5
[11.197s][debug][gc,phases      ] GC(49)         Total                     Min: 0, Avg: 12.6, Max: 59, Diff: 59, Sum: 63, Workers: 5
[11.197s][debug][gc,phases      ] GC(49)       VM weak                   Min:  0.0, Avg:  0.0, Max:  0.0, Diff:  0.0, Sum:  0.0, Workers: 5
[11.197s][debug][gc,phases      ] GC(49)         Dead                      Min: 0, Avg:  0.0, Max: 0, Diff: 0, Sum: 0, Workers: 5
[11.197s][debug][gc,phases      ] GC(49)         Total                     Min: 0, Avg: 44.0, Max: 128, Diff: 128, Sum: 220, Workers: 5
[11.197s][debug][gc,phases      ] GC(49)       StringTable weak          Min:  0.0, Avg:  0.0, Max:  0.0, Diff:  0.0, Sum:  0.1, Workers: 5
[11.197s][debug][gc,phases      ] GC(49)         Dead                      Min: 0, Avg:  0.0, Max: 0, Diff: 0, Sum: 0, Workers: 5
[11.197s][debug][gc,phases      ] GC(49)         Total                     Min: 640, Avg: 718.4, Max: 768, Diff: 128, Sum: 3592, Workers: 5
[11.197s][debug][gc,phases      ] GC(49)       ResolvedMethodTable weak  Min:  0.0, Avg:  0.0, Max:  0.0, Diff:  0.0, Sum:  0.1, Workers: 5
[11.197s][debug][gc,phases      ] GC(49)         Dead                      Min: 0, Avg:  0.0, Max: 0, Diff: 0, Sum: 0, Workers: 5
[11.197s][debug][gc,phases      ] GC(49)         Total                     Min: 64, Avg: 116.6, Max: 192, Diff: 128, Sum: 583, Workers: 5
[11.197s][debug][gc,phases      ] GC(49)     Merge Per-Thread State: 0.0ms
[11.197s][debug][gc,phases      ] GC(49)       Copied Bytes              Min: 136, Avg: 24834.0, Max: 78744, Diff: 78608, Sum: 198672, Workers: 8
[11.197s][debug][gc,phases      ] GC(49)       LAB Waste                 Min: 0, Avg:  0.0, Max: 0, Diff: 0, Sum: 0, Workers: 8
[11.197s][debug][gc,phases      ] GC(49)       LAB Undo Waste            Min: 0, Avg: 9762.0, Max: 78096, Diff: 78096, Sum: 78096, Workers: 8
[11.197s][debug][gc,phases      ] GC(49)     Code Roots Purge: 0.0ms
[11.197s][debug][gc,phases      ] GC(49)     Redirty Cards: 0.0ms
[11.197s][debug][gc,phases      ] GC(49)     DerivedPointerTable Update: 0.0ms
[11.197s][debug][gc,phases      ] GC(49)     Free Collection Set: 0.1ms
[11.197s][debug][gc,phases      ] GC(49)     Rebuild Free List: 0.0ms
[11.197s][debug][gc,phases      ] GC(49)     Humongous Reclaim: 0.0ms
[11.197s][debug][gc,phases      ] GC(49)     Start New Collection Set: 0.0ms
[11.197s][debug][gc,phases      ] GC(49)     Resize TLABs: 0.0ms
[11.197s][debug][gc,phases      ] GC(49)     Expand Heap After Collection: 0.0ms
[11.197s][info ][gc,phases      ] GC(49)   Other: 0.3ms
[11.197s][info ][gc,heap        ] GC(49) Eden regions: 186->0(186)
[11.197s][info ][gc,heap        ] GC(49) Survivor regions: 1->1(24)
[11.197s][info ][gc,heap        ] GC(49) Old regions: 7->7
[11.197s][info ][gc,heap        ] GC(49) Archive regions: 2->2
[11.197s][info ][gc,heap        ] GC(49) Humongous regions: 0->0
[11.197s][info ][gc,metaspace   ] GC(49) Metaspace: 10391K(10880K)->10391K(10880K) NonClass: 9188K(9472K)->9188K(9472K) Class: 1202K(1408K)->1202K(1408K)
[11.197s][debug][gc,heap        ] GC(49) Heap after GC invocations=50 (full 1): garbage-first heap   total 319488K, used 4356K [0x0000000700000000, 0x0000000800000000)
[11.197s][debug][gc,heap        ] GC(49)   region size 1024K, 1 young (1024K), 1 survivors (1024K)
[11.197s][debug][gc,heap        ] GC(49)  Metaspace       used 10391K, capacity 10712K, committed 10880K, reserved 1058816K
[11.197s][debug][gc,heap        ] GC(49)   class space    used 1202K, capacity 1338K, committed 1408K, reserved 1048576K
[11.197s][info ][gc             ] GC(49) Pause Young (Normal) (G1 Evacuation Pause) 190M->4M(312M) 1.712ms
[11.197s][info ][gc,cpu         ] GC(49) User=0.01s Sys=0.00s Real=0.01s
[11.198s][info ][safepoint      ] Safepoint "G1CollectForAllocation", Time since last: 129003255 ns, Reaching safepoint: 245083 ns, At safepoint: 2173557 ns, Total: 2418640 ns
[11.336s][debug][gc,heap        ] GC(50) Heap before GC invocations=50 (full 1): garbage-first heap   total 319488K, used 194820K [0x0000000700000000, 0x0000000800000000)
[11.336s][debug][gc,heap        ] GC(50)   region size 1024K, 187 young (191488K), 1 survivors (1024K)
[11.336s][debug][gc,heap        ] GC(50)  Metaspace       used 10391K, capacity 10712K, committed 10880K, reserved 1058816K
[11.336s][debug][gc,heap        ] GC(50)   class space    used 1202K, capacity 1338K, committed 1408K, reserved 1048576K
[11.336s][info ][gc,start       ] GC(50) Pause Young (Normal) (G1 Evacuation Pause)
[11.336s][info ][gc,task        ] GC(50) Using 8 workers of 8 for evacuation
[11.336s][debug][gc,tlab        ] GC(50) TLAB totals: thrds: 8  refills: 748 max: 105 slow allocs: 0 max 0 waste:  0.8% gc: 1220816B max: 331032B slow: 430944B max: 60272B fast: 0B max: 0B
[11.336s][debug][gc,age         ] GC(50) Desired survivor size 12582912 bytes, new threshold 15 (max threshold 15)
[11.336s][debug][gc,alloc,region] GC(50) Mutator Allocation stats, regions: 186, wasted size: 0B ( 0.0%)
[11.336s][debug][gc,ergo        ] GC(50) Running G1 Merge Heap Roots using 8 workers for 187 regions
[11.336s][debug][gc,remset      ] GC(50) Visited cards 2048 Total dirty 10240 (20.00%) Total old 784384 (0.26%)
[11.336s][debug][gc,ergo        ] GC(50) Running G1 Clear Card Table Task using 1 workers for 1 units of work for 192 regions.
[11.336s][debug][gc,ref         ] GC(50) Skipped phase1 of Reference Processing due to unavailable references
[11.336s][debug][gc,ref         ] GC(50) Skipped phase2 of Reference Processing due to unavailable references
[11.336s][debug][gc,ref         ] GC(50) Skipped phase3 of Reference Processing due to unavailable references
[11.337s][debug][gc,ergo        ] GC(50) Running G1 Free Collection Set using 8 workers for collection set length 187 (312)
[11.337s][debug][gc,ergo        ] GC(50) Running G1 Rebuild Free List Task using 8 workers for rebuilding free list of 0 (4096) regions
[11.337s][trace][gc,age         ] GC(50) Age table with threshold 15 (max threshold 15)
[11.337s][trace][gc,age         ] GC(50) - age   1:        480 bytes,        480 total
[11.337s][trace][gc,age         ] GC(50) - age  12:     197832 bytes,     198312 total
[11.337s][debug][gc,plab        ] GC(50) Young PLAB allocation: allocated: 14448B, wasted: 0B, unused: 7000B, used: 7448B, undo waste: 0B, 
[11.337s][debug][gc,plab        ] GC(50) Young other allocation: region end waste: 0B, regions filled: 1, direct allocated: 190864B, failure used: 0B, failure wasted: 0B
[11.337s][debug][gc,plab        ] GC(50) Young sizing: calculated: 1488B, actual: 2064B
[11.337s][debug][gc,plab        ] GC(50) Old PLAB allocation: allocated: 8256B, wasted: 0B, unused: 8048B, used: 208B, undo waste: 0B, 
[11.337s][debug][gc,plab        ] GC(50) Old other allocation: region end waste: 0B, regions filled: 1, direct allocated: 0B, failure used: 0B, failure wasted: 0B
[11.337s][debug][gc,plab        ] GC(50) Old sizing: calculated: 40B, actual: 2064B
[11.337s][debug][gc,ihop        ] GC(50) Basic information (value update), threshold: 147220070B (45.00), target occupancy: 327155712B, current occupancy: 4389960B, recent allocation size: 8256B, recent allocation duration: 139.33ms, recent old gen allocation rate: 59254.32B/s, recent marking phase length: 0.00ms
[11.337s][debug][gc,ihop        ] GC(50) Adaptive IHOP information (value update), threshold: 147220070B (47.37), internal target occupancy: 310797926B, occupancy: 4389960B, additional buffer size: 196083712B, predicted old gen allocation rate: 30180.93B/s, predicted marking phase length: 0.00ms, prediction active: false
[11.337s][debug][gc,ergo,refine ] GC(50) Concurrent refinement times: Logged Cards Scan time goal: 20.00ms Logged Cards Scan time: 0.01ms HCC time: 0.00ms
[11.337s][debug][gc,ergo,refine ] GC(50) Updated Refinement Zones: green: 2048, yellow: 6144, red: 10240
[11.337s][info ][gc,phases      ] GC(50)   Pre Evacuate Collection Set: 0.1ms
[11.337s][debug][gc,phases      ] GC(50)     Prepare TLABs: 0.0ms
[11.337s][debug][gc,phases      ] GC(50)     Choose Collection Set: 0.0ms
[11.337s][debug][gc,phases      ] GC(50)     Region Register: 0.1ms
[11.337s][debug][gc,phases      ] GC(50)     Prepare Heap Roots: 0.0ms
[11.337s][info ][gc,phases      ] GC(50)   Merge Heap Roots: 0.1ms
[11.337s][debug][gc,phases      ] GC(50)     Prepare Merge Heap Roots: 0.0ms
[11.337s][debug][gc,phases      ] GC(50)     Eager Reclaim (ms):       skipped
[11.337s][debug][gc,phases      ] GC(50)     Remembered Sets (ms):     Min:  0.0, Avg:  0.0, Max:  0.0, Diff:  0.0, Sum:  0.1, Workers: 8
[11.337s][debug][gc,phases      ] GC(50)       Merged Sparse:            Min: 0, Avg:  0.0, Max: 0, Diff: 0, Sum: 0, Workers: 8
[11.337s][debug][gc,phases      ] GC(50)       Merged Fine:              Min: 0, Avg:  0.0, Max: 0, Diff: 0, Sum: 0, Workers: 8
[11.337s][debug][gc,phases      ] GC(50)       Merged Coarse:            Min: 0, Avg:  0.0, Max: 0, Diff: 0, Sum: 0, Workers: 8
[11.337s][debug][gc,phases      ] GC(50)       Dirty Cards:              Min: 0, Avg:  0.0, Max: 0, Diff: 0, Sum: 0, Workers: 8
[11.337s][debug][gc,phases      ] GC(50)     Hot Card Cache (ms):      Min:  0.0, Avg:  0.0, Max:  0.0, Diff:  0.0, Sum:  0.0, Workers: 8
[11.337s][debug][gc,phases      ] GC(50)       Dirty Cards:              Min: 0, Avg:  0.0, Max: 0, Diff: 0, Sum: 0, Workers: 8
[11.337s][debug][gc,phases      ] GC(50)       Skipped Cards:            Min: 0, Avg:  0.0, Max: 0, Diff: 0, Sum: 0, Workers: 8
[11.337s][debug][gc,phases      ] GC(50)     Log Buffers (ms):         Min:  0.0, Avg:  0.0, Max:  0.0, Diff:  0.0, Sum:  0.0, Workers: 8
[11.337s][debug][gc,phases      ] GC(50)       Dirty Cards:              Min: 0, Avg:  2.2, Max: 7, Diff: 7, Sum: 18, Workers: 8
[11.337s][debug][gc,phases      ] GC(50)       Skipped Cards:            Min: 0, Avg:  0.0, Max: 0, Diff: 0, Sum: 0, Workers: 8
[11.337s][info ][gc,phases      ] GC(50)   Evacuate Collection Set: 0.2ms
[11.337s][debug][gc,phases      ] GC(50)     Ext Root Scanning (ms):   Min:  0.0, Avg:  0.0, Max:  0.1, Diff:  0.1, Sum:  0.3, Workers: 8
[11.337s][debug][gc,phases      ] GC(50)     Scan Heap Roots (ms):     Min:  0.0, Avg:  0.0, Max:  0.0, Diff:  0.0, Sum:  0.1, Workers: 8
[11.337s][debug][gc,phases      ] GC(50)       Scanned Cards:            Min: 0, Avg:  2.0, Max: 4, Diff: 4, Sum: 16, Workers: 8
[11.337s][debug][gc,phases      ] GC(50)       Scanned Blocks:           Min: 0, Avg:  1.8, Max: 4, Diff: 4, Sum: 14, Workers: 8
[11.337s][debug][gc,phases      ] GC(50)       Claimed Chunks:           Min: 0, Avg:  1.0, Max: 2, Diff: 2, Sum: 8, Workers: 8
[11.337s][debug][gc,phases      ] GC(50)     Code Root Scan (ms):      Min:  0.0, Avg:  0.0, Max:  0.0, Diff:  0.0, Sum:  0.0, Workers: 8
[11.337s][debug][gc,phases      ] GC(50)     Object Copy (ms):         Min:  0.0, Avg:  0.0, Max:  0.0, Diff:  0.0, Sum:  0.2, Workers: 8
[11.337s][debug][gc,phases      ] GC(50)     Termination (ms):         Min:  0.0, Avg:  0.0, Max:  0.0, Diff:  0.0, Sum:  0.3, Workers: 8
[11.337s][debug][gc,phases      ] GC(50)       Termination Attempts:     Min: 1, Avg:  1.0, Max: 1, Diff: 0, Sum: 8, Workers: 8
[11.337s][debug][gc,phases      ] GC(50)     GC Worker Other (ms):     Min:  0.0, Avg:  0.0, Max:  0.0, Diff:  0.0, Sum:  0.1, Workers: 8
[11.337s][debug][gc,phases      ] GC(50)     GC Worker Total (ms):     Min:  0.1, Avg:  0.1, Max:  0.1, Diff:  0.1, Sum:  1.0, Workers: 8
[11.337s][info ][gc,phases      ] GC(50)   Post Evacuate Collection Set: 0.4ms
[11.337s][debug][gc,phases      ] GC(50)     Code Roots Fixup: 0.0ms
[11.337s][debug][gc,phases      ] GC(50)     Clear Card Table: 0.1ms
[11.337s][debug][gc,phases      ] GC(50)     Reference Processing: 0.0ms
[11.337s][debug][gc,phases,ref  ] GC(50)       Reconsider SoftReferences: 0.0ms
[11.337s][debug][gc,phases,ref  ] GC(50)         SoftRef (ms):             skipped
[11.337s][debug][gc,phases,ref  ] GC(50)       Notify Soft/WeakReferences: 0.0ms
[11.337s][debug][gc,phases,ref  ] GC(50)         SoftRef (ms):             skipped
[11.337s][debug][gc,phases,ref  ] GC(50)         WeakRef (ms):             skipped
[11.337s][debug][gc,phases,ref  ] GC(50)         FinalRef (ms):            skipped
[11.337s][debug][gc,phases,ref  ] GC(50)         Total (ms):               skipped
[11.337s][debug][gc,phases,ref  ] GC(50)       Notify and keep alive finalizable: 0.0ms
[11.337s][debug][gc,phases,ref  ] GC(50)         FinalRef (ms):            skipped
[11.337s][debug][gc,phases,ref  ] GC(50)       Notify PhantomReferences: 0.0ms
[11.337s][debug][gc,phases,ref  ] GC(50)         PhantomRef (ms):          Min:  0.0, Avg:  0.0, Max:  0.0, Diff:  0.0, Sum:  0.0, Workers: 1
[11.337s][debug][gc,phases,ref  ] GC(50)       SoftReference:
[11.337s][debug][gc,phases,ref  ] GC(50)         Discovered: 0
[11.337s][debug][gc,phases,ref  ] GC(50)         Cleared: 0
[11.337s][debug][gc,phases,ref  ] GC(50)       WeakReference:
[11.337s][debug][gc,phases,ref  ] GC(50)         Discovered: 0
[11.337s][debug][gc,phases,ref  ] GC(50)         Cleared: 0
[11.337s][debug][gc,phases,ref  ] GC(50)       FinalReference:
[11.337s][debug][gc,phases,ref  ] GC(50)         Discovered: 0
[11.337s][debug][gc,phases,ref  ] GC(50)         Cleared: 0
[11.337s][debug][gc,phases,ref  ] GC(50)       PhantomReference:
[11.337s][debug][gc,phases,ref  ] GC(50)         Discovered: 5
[11.337s][debug][gc,phases,ref  ] GC(50)         Cleared: 5
[11.337s][debug][gc,phases      ] GC(50)     Weak Processing: 0.1ms
[11.337s][debug][gc,phases      ] GC(50)       JVMTI weak processing: 0.0ms
[11.337s][debug][gc,phases      ] GC(50)         Dead: 0
[11.337s][debug][gc,phases      ] GC(50)         Total: 0
[11.337s][debug][gc,phases      ] GC(50)       JFR weak processing: 0.0ms
[11.337s][debug][gc,phases      ] GC(50)         Dead: 0
[11.337s][debug][gc,phases      ] GC(50)         Total: 0
[11.337s][debug][gc,phases      ] GC(50)       JNI weak                  Min:  0.0, Avg:  0.0, Max:  0.0, Diff:  0.0, Sum:  0.0, Workers: 5
[11.337s][debug][gc,phases      ] GC(50)         Dead                      Min: 0, Avg:  0.0, Max: 0, Diff: 0, Sum: 0, Workers: 5
[11.337s][debug][gc,phases      ] GC(50)         Total                     Min: 0, Avg: 12.6, Max: 59, Diff: 59, Sum: 63, Workers: 5
[11.337s][debug][gc,phases      ] GC(50)       VM weak                   Min:  0.0, Avg:  0.0, Max:  0.0, Diff:  0.0, Sum:  0.0, Workers: 5
[11.337s][debug][gc,phases      ] GC(50)         Dead                      Min: 0, Avg:  0.0, Max: 0, Diff: 0, Sum: 0, Workers: 5
[11.337s][debug][gc,phases      ] GC(50)         Total                     Min: 0, Avg: 44.0, Max: 128, Diff: 128, Sum: 220, Workers: 5
[11.337s][debug][gc,phases      ] GC(50)       StringTable weak          Min:  0.0, Avg:  0.0, Max:  0.0, Diff:  0.0, Sum:  0.1, Workers: 5
[11.337s][debug][gc,phases      ] GC(50)         Dead                      Min: 0, Avg:  0.0, Max: 0, Diff: 0, Sum: 0, Workers: 5
[11.337s][debug][gc,phases      ] GC(50)         Total                     Min: 0, Avg: 718.4, Max: 960, Diff: 960, Sum: 3592, Workers: 5
[11.337s][debug][gc,phases      ] GC(50)       ResolvedMethodTable weak  Min:  0.0, Avg:  0.0, Max:  0.0, Diff:  0.0, Sum:  0.0, Workers: 5
[11.337s][debug][gc,phases      ] GC(50)         Dead                      Min: 0, Avg:  0.0, Max: 0, Diff: 0, Sum: 0, Workers: 5
[11.338s][debug][gc,phases      ] GC(50)         Total                     Min: 0, Avg: 116.6, Max: 192, Diff: 192, Sum: 583, Workers: 5
[11.338s][debug][gc,phases      ] GC(50)     Merge Per-Thread State: 0.0ms
[11.338s][debug][gc,phases      ] GC(50)       Copied Bytes              Min: 112, Avg: 24815.0, Max: 79424, Diff: 79312, Sum: 198520, Workers: 8
[11.338s][debug][gc,phases      ] GC(50)       LAB Waste                 Min: 0, Avg:  0.0, Max: 0, Diff: 0, Sum: 0, Workers: 8
[11.338s][debug][gc,phases      ] GC(50)       LAB Undo Waste            Min: 0, Avg:  0.0, Max: 0, Diff: 0, Sum: 0, Workers: 8
[11.338s][debug][gc,phases      ] GC(50)     Code Roots Purge: 0.0ms
[11.338s][debug][gc,phases      ] GC(50)     Redirty Cards: 0.0ms
[11.338s][debug][gc,phases      ] GC(50)     DerivedPointerTable Update: 0.0ms
[11.338s][debug][gc,phases      ] GC(50)     Free Collection Set: 0.1ms
[11.338s][debug][gc,phases      ] GC(50)     Rebuild Free List: 0.1ms
[11.338s][debug][gc,phases      ] GC(50)     Humongous Reclaim: 0.0ms
[11.338s][debug][gc,phases      ] GC(50)     Start New Collection Set: 0.0ms
[11.338s][debug][gc,phases      ] GC(50)     Resize TLABs: 0.0ms
[11.338s][debug][gc,phases      ] GC(50)     Expand Heap After Collection: 0.0ms
[11.338s][info ][gc,phases      ] GC(50)   Other: 0.4ms
[11.338s][info ][gc,heap        ] GC(50) Eden regions: 186->0(186)
[11.338s][info ][gc,heap        ] GC(50) Survivor regions: 1->1(24)
[11.338s][info ][gc,heap        ] GC(50) Old regions: 7->7
[11.338s][info ][gc,heap        ] GC(50) Archive regions: 2->2
[11.338s][info ][gc,heap        ] GC(50) Humongous regions: 0->0
[11.338s][info ][gc,metaspace   ] GC(50) Metaspace: 10391K(10880K)->10391K(10880K) NonClass: 9188K(9472K)->9188K(9472K) Class: 1202K(1408K)->1202K(1408K)
[11.338s][debug][gc,heap        ] GC(50) Heap after GC invocations=51 (full 1): garbage-first heap   total 319488K, used 4287K [0x0000000700000000, 0x0000000800000000)
[11.338s][debug][gc,heap        ] GC(50)   region size 1024K, 1 young (1024K), 1 survivors (1024K)
[11.338s][debug][gc,heap        ] GC(50)  Metaspace       used 10391K, capacity 10712K, committed 10880K, reserved 1058816K
[11.338s][debug][gc,heap        ] GC(50)   class space    used 1202K, capacity 1338K, committed 1408K, reserved 1048576K
[11.338s][info ][gc             ] GC(50) Pause Young (Normal) (G1 Evacuation Pause) 190M->4M(312M) 1.796ms
[11.338s][info ][gc,cpu         ] GC(50) User=0.01s Sys=0.00s Real=0.00s
[11.338s][info ][safepoint      ] Safepoint "G1CollectForAllocation", Time since last: 138062445 ns, Reaching safepoint: 171789 ns, At safepoint: 1988224 ns, Total: 2160013 ns
[11.481s][debug][gc,heap        ] GC(51) Heap before GC invocations=51 (full 1): garbage-first heap   total 319488K, used 194751K [0x0000000700000000, 0x0000000800000000)
[11.481s][debug][gc,heap        ] GC(51)   region size 1024K, 187 young (191488K), 1 survivors (1024K)
[11.481s][debug][gc,heap        ] GC(51)  Metaspace       used 10391K, capacity 10712K, committed 10880K, reserved 1058816K
[11.481s][debug][gc,heap        ] GC(51)   class space    used 1202K, capacity 1338K, committed 1408K, reserved 1048576K
[11.481s][info ][gc,start       ] GC(51) Pause Young (Normal) (G1 Evacuation Pause)
[11.481s][info ][gc,task        ] GC(51) Using 8 workers of 8 for evacuation
[11.481s][debug][gc,tlab        ] GC(51) TLAB totals: thrds: 8  refills: 747 max: 101 slow allocs: 0 max 0 waste:  0.8% gc: 1034440B max: 319968B slow: 431168B max: 58408B fast: 0B max: 0B
[11.481s][debug][gc,age         ] GC(51) Desired survivor size 12582912 bytes, new threshold 15 (max threshold 15)
[11.481s][debug][gc,alloc,region] GC(51) Mutator Allocation stats, regions: 186, wasted size: 0B ( 0.0%)
[11.481s][debug][gc,ergo        ] GC(51) Running G1 Merge Heap Roots using 8 workers for 187 regions
[11.481s][debug][gc,remset      ] GC(51) Visited cards 2048 Total dirty 10240 (20.00%) Total old 784384 (0.26%)
[11.481s][debug][gc,ergo        ] GC(51) Running G1 Clear Card Table Task using 1 workers for 1 units of work for 192 regions.
[11.482s][debug][gc,ref         ] GC(51) Skipped phase1 of Reference Processing due to unavailable references
[11.482s][debug][gc,ref         ] GC(51) Skipped phase2 of Reference Processing due to unavailable references
[11.482s][debug][gc,ref         ] GC(51) Skipped phase3 of Reference Processing due to unavailable references
[11.482s][debug][gc,ergo        ] GC(51) Running G1 Free Collection Set using 8 workers for collection set length 187 (312)
[11.482s][debug][gc,ergo        ] GC(51) Running G1 Rebuild Free List Task using 8 workers for rebuilding free list of 0 (4096) regions
[11.482s][trace][gc,age         ] GC(51) Age table with threshold 15 (max threshold 15)
[11.482s][trace][gc,age         ] GC(51) - age   1:        504 bytes,        504 total
[11.482s][trace][gc,age         ] GC(51) - age  13:     197832 bytes,     198336 total
[11.482s][debug][gc,plab        ] GC(51) Young PLAB allocation: allocated: 16512B, wasted: 0B, unused: 8768B, used: 7744B, undo waste: 34064B, 
[11.482s][debug][gc,plab        ] GC(51) Young other allocation: region end waste: 0B, regions filled: 1, direct allocated: 224656B, failure used: 0B, failure wasted: 0B
[11.482s][debug][gc,plab        ] GC(51) Young sizing: calculated: 1544B, actual: 2064B
[11.482s][debug][gc,plab        ] GC(51) Old PLAB allocation: allocated: 0B, wasted: 0B, unused: 0B, used: 0B, undo waste: 0B, 
[11.482s][debug][gc,plab        ] GC(51) Old other allocation: region end waste: 0B, regions filled: 1, direct allocated: 0B, failure used: 0B, failure wasted: 0B
[11.482s][debug][gc,plab        ] GC(51) Old sizing: calculated: 0B, actual: 2064B
[11.482s][debug][gc,ihop        ] GC(51) Basic information (value update), threshold: 147220070B (45.00), target occupancy: 327155712B, current occupancy: 4425816B, recent allocation size: 0B, recent allocation duration: 144.27ms, recent old gen allocation rate: 0.00B/s, recent marking phase length: 0.00ms
[11.482s][debug][gc,ihop        ] GC(51) Adaptive IHOP information (value update), threshold: 147220070B (47.37), internal target occupancy: 310797926B, occupancy: 4425816B, additional buffer size: 196083712B, predicted old gen allocation rate: 29185.95B/s, predicted marking phase length: 0.00ms, prediction active: false
[11.482s][debug][gc,ergo,refine ] GC(51) Concurrent refinement times: Logged Cards Scan time goal: 20.00ms Logged Cards Scan time: 0.01ms HCC time: 0.00ms
[11.482s][debug][gc,ergo,refine ] GC(51) Updated Refinement Zones: green: 2048, yellow: 6144, red: 10240
[11.482s][info ][gc,phases      ] GC(51)   Pre Evacuate Collection Set: 0.1ms
[11.482s][debug][gc,phases      ] GC(51)     Prepare TLABs: 0.0ms
[11.482s][debug][gc,phases      ] GC(51)     Choose Collection Set: 0.0ms
[11.482s][debug][gc,phases      ] GC(51)     Region Register: 0.1ms
[11.482s][debug][gc,phases      ] GC(51)     Prepare Heap Roots: 0.0ms
[11.482s][info ][gc,phases      ] GC(51)   Merge Heap Roots: 0.1ms
[11.482s][debug][gc,phases      ] GC(51)     Prepare Merge Heap Roots: 0.0ms
[11.482s][debug][gc,phases      ] GC(51)     Eager Reclaim (ms):       skipped
[11.482s][debug][gc,phases      ] GC(51)     Remembered Sets (ms):     Min:  0.0, Avg:  0.0, Max:  0.0, Diff:  0.0, Sum:  0.1, Workers: 8
[11.482s][debug][gc,phases      ] GC(51)       Merged Sparse:            Min: 0, Avg:  0.0, Max: 0, Diff: 0, Sum: 0, Workers: 8
[11.482s][debug][gc,phases      ] GC(51)       Merged Fine:              Min: 0, Avg:  0.0, Max: 0, Diff: 0, Sum: 0, Workers: 8
[11.482s][debug][gc,phases      ] GC(51)       Merged Coarse:            Min: 0, Avg:  0.0, Max: 0, Diff: 0, Sum: 0, Workers: 8
[11.482s][debug][gc,phases      ] GC(51)       Dirty Cards:              Min: 0, Avg:  0.0, Max: 0, Diff: 0, Sum: 0, Workers: 8
[11.482s][debug][gc,phases      ] GC(51)     Hot Card Cache (ms):      Min:  0.0, Avg:  0.0, Max:  0.0, Diff:  0.0, Sum:  0.0, Workers: 8
[11.482s][debug][gc,phases      ] GC(51)       Dirty Cards:              Min: 0, Avg:  0.0, Max: 0, Diff: 0, Sum: 0, Workers: 8
[11.482s][debug][gc,phases      ] GC(51)       Skipped Cards:            Min: 0, Avg:  0.0, Max: 0, Diff: 0, Sum: 0, Workers: 8
[11.482s][debug][gc,phases      ] GC(51)     Log Buffers (ms):         Min:  0.0, Avg:  0.0, Max:  0.0, Diff:  0.0, Sum:  0.0, Workers: 8
[11.482s][debug][gc,phases      ] GC(51)       Dirty Cards:              Min: 0, Avg:  2.2, Max: 7, Diff: 7, Sum: 18, Workers: 8
[11.482s][debug][gc,phases      ] GC(51)       Skipped Cards:            Min: 0, Avg:  0.0, Max: 0, Diff: 0, Sum: 0, Workers: 8
[11.482s][info ][gc,phases      ] GC(51)   Evacuate Collection Set: 0.2ms
[11.482s][debug][gc,phases      ] GC(51)     Ext Root Scanning (ms):   Min:  0.0, Avg:  0.0, Max:  0.1, Diff:  0.0, Sum:  0.2, Workers: 8
[11.482s][debug][gc,phases      ] GC(51)     Scan Heap Roots (ms):     Min:  0.0, Avg:  0.0, Max:  0.0, Diff:  0.0, Sum:  0.0, Workers: 8
[11.482s][debug][gc,phases      ] GC(51)       Scanned Cards:            Min: 0, Avg:  1.9, Max: 5, Diff: 5, Sum: 15, Workers: 8
[11.482s][debug][gc,phases      ] GC(51)       Scanned Blocks:           Min: 0, Avg:  1.6, Max: 3, Diff: 3, Sum: 13, Workers: 8
[11.482s][debug][gc,phases      ] GC(51)       Claimed Chunks:           Min: 0, Avg:  1.0, Max: 2, Diff: 2, Sum: 8, Workers: 8
[11.482s][debug][gc,phases      ] GC(51)     Code Root Scan (ms):      Min:  0.0, Avg:  0.0, Max:  0.0, Diff:  0.0, Sum:  0.0, Workers: 8
[11.482s][debug][gc,phases      ] GC(51)     Object Copy (ms):         Min:  0.0, Avg:  0.0, Max:  0.0, Diff:  0.0, Sum:  0.1, Workers: 8
[11.482s][debug][gc,phases      ] GC(51)     Termination (ms):         Min:  0.0, Avg:  0.1, Max:  0.1, Diff:  0.0, Sum:  0.5, Workers: 8
[11.482s][debug][gc,phases      ] GC(51)       Termination Attempts:     Min: 1, Avg:  1.0, Max: 1, Diff: 0, Sum: 8, Workers: 8
[11.482s][debug][gc,phases      ] GC(51)     GC Worker Other (ms):     Min:  0.0, Avg:  0.0, Max:  0.0, Diff:  0.0, Sum:  0.1, Workers: 8
[11.482s][debug][gc,phases      ] GC(51)     GC Worker Total (ms):     Min:  0.1, Avg:  0.1, Max:  0.2, Diff:  0.1, Sum:  1.0, Workers: 8
[11.482s][info ][gc,phases      ] GC(51)   Post Evacuate Collection Set: 0.6ms
[11.482s][debug][gc,phases      ] GC(51)     Code Roots Fixup: 0.0ms
[11.482s][debug][gc,phases      ] GC(51)     Clear Card Table: 0.1ms
[11.482s][debug][gc,phases      ] GC(51)     Reference Processing: 0.1ms
[11.482s][debug][gc,phases,ref  ] GC(51)       Reconsider SoftReferences: 0.0ms
[11.482s][debug][gc,phases,ref  ] GC(51)         SoftRef (ms):             skipped
[11.482s][debug][gc,phases,ref  ] GC(51)       Notify Soft/WeakReferences: 0.0ms
[11.482s][debug][gc,phases,ref  ] GC(51)         SoftRef (ms):             skipped
[11.482s][debug][gc,phases,ref  ] GC(51)         WeakRef (ms):             skipped
[11.482s][debug][gc,phases,ref  ] GC(51)         FinalRef (ms):            skipped
[11.482s][debug][gc,phases,ref  ] GC(51)         Total (ms):               skipped
[11.482s][debug][gc,phases,ref  ] GC(51)       Notify and keep alive finalizable: 0.0ms
[11.483s][debug][gc,phases,ref  ] GC(51)         FinalRef (ms):            skipped
[11.483s][debug][gc,phases,ref  ] GC(51)       Notify PhantomReferences: 0.0ms
[11.483s][debug][gc,phases,ref  ] GC(51)         PhantomRef (ms):          Min:  0.0, Avg:  0.0, Max:  0.0, Diff:  0.0, Sum:  0.0, Workers: 1
[11.483s][debug][gc,phases,ref  ] GC(51)       SoftReference:
[11.483s][debug][gc,phases,ref  ] GC(51)         Discovered: 0
[11.483s][debug][gc,phases,ref  ] GC(51)         Cleared: 0
[11.483s][debug][gc,phases,ref  ] GC(51)       WeakReference:
[11.483s][debug][gc,phases,ref  ] GC(51)         Discovered: 0
[11.483s][debug][gc,phases,ref  ] GC(51)         Cleared: 0
[11.483s][debug][gc,phases,ref  ] GC(51)       FinalReference:
[11.483s][debug][gc,phases,ref  ] GC(51)         Discovered: 0
[11.483s][debug][gc,phases,ref  ] GC(51)         Cleared: 0
[11.483s][debug][gc,phases,ref  ] GC(51)       PhantomReference:
[11.483s][debug][gc,phases,ref  ] GC(51)         Discovered: 5
[11.483s][debug][gc,phases,ref  ] GC(51)         Cleared: 5
[11.483s][debug][gc,phases      ] GC(51)     Weak Processing: 0.1ms
[11.483s][debug][gc,phases      ] GC(51)       JVMTI weak processing: 0.0ms
[11.483s][debug][gc,phases      ] GC(51)         Dead: 0
[11.483s][debug][gc,phases      ] GC(51)         Total: 0
[11.483s][debug][gc,phases      ] GC(51)       JFR weak processing: 0.0ms
[11.483s][debug][gc,phases      ] GC(51)         Dead: 0
[11.483s][debug][gc,phases      ] GC(51)         Total: 0
[11.483s][debug][gc,phases      ] GC(51)       JNI weak                  Min:  0.0, Avg:  0.0, Max:  0.0, Diff:  0.0, Sum:  0.0, Workers: 5
[11.483s][debug][gc,phases      ] GC(51)         Dead                      Min: 0, Avg:  0.0, Max: 0, Diff: 0, Sum: 0, Workers: 5
[11.483s][debug][gc,phases      ] GC(51)         Total                     Min: 0, Avg: 12.6, Max: 63, Diff: 63, Sum: 63, Workers: 5
[11.483s][debug][gc,phases      ] GC(51)       VM weak                   Min:  0.0, Avg:  0.0, Max:  0.0, Diff:  0.0, Sum:  0.0, Workers: 5
[11.483s][debug][gc,phases      ] GC(51)         Dead                      Min: 0, Avg:  0.0, Max: 0, Diff: 0, Sum: 0, Workers: 5
[11.483s][debug][gc,phases      ] GC(51)         Total                     Min: 0, Avg: 44.0, Max: 220, Diff: 220, Sum: 220, Workers: 5
[11.483s][debug][gc,phases      ] GC(51)       StringTable weak          Min:  0.0, Avg:  0.0, Max:  0.0, Diff:  0.0, Sum:  0.1, Workers: 5
[11.483s][debug][gc,phases      ] GC(51)         Dead                      Min: 0, Avg:  0.0, Max: 0, Diff: 0, Sum: 0, Workers: 5
[11.483s][debug][gc,phases      ] GC(51)         Total                     Min: 256, Avg: 718.4, Max: 1416, Diff: 1160, Sum: 3592, Workers: 5
[11.483s][debug][gc,phases      ] GC(51)       ResolvedMethodTable weak  Min:  0.0, Avg:  0.0, Max:  0.0, Diff:  0.0, Sum:  0.0, Workers: 5
[11.483s][debug][gc,phases      ] GC(51)         Dead                      Min: 0, Avg:  0.0, Max: 0, Diff: 0, Sum: 0, Workers: 5
[11.483s][debug][gc,phases      ] GC(51)         Total                     Min: 0, Avg: 116.6, Max: 192, Diff: 192, Sum: 583, Workers: 5
[11.483s][debug][gc,phases      ] GC(51)     Merge Per-Thread State: 0.0ms
[11.483s][debug][gc,phases      ] GC(51)       Copied Bytes              Min: 472, Avg: 24792.0, Max: 78992, Diff: 78520, Sum: 198336, Workers: 8
[11.483s][debug][gc,phases      ] GC(51)       LAB Waste                 Min: 0, Avg:  0.0, Max: 0, Diff: 0, Sum: 0, Workers: 8
[11.483s][debug][gc,phases      ] GC(51)       LAB Undo Waste            Min: 0, Avg: 4258.0, Max: 34064, Diff: 34064, Sum: 34064, Workers: 8
[11.483s][debug][gc,phases      ] GC(51)     Code Roots Purge: 0.0ms
[11.483s][debug][gc,phases      ] GC(51)     Redirty Cards: 0.1ms
[11.483s][debug][gc,phases      ] GC(51)     DerivedPointerTable Update: 0.0ms
[11.483s][debug][gc,phases      ] GC(51)     Free Collection Set: 0.1ms
[11.483s][debug][gc,phases      ] GC(51)     Rebuild Free List: 0.1ms
[11.483s][debug][gc,phases      ] GC(51)     Humongous Reclaim: 0.0ms
[11.483s][debug][gc,phases      ] GC(51)     Start New Collection Set: 0.0ms
[11.483s][debug][gc,phases      ] GC(51)     Resize TLABs: 0.0ms
[11.483s][debug][gc,phases      ] GC(51)     Expand Heap After Collection: 0.0ms
[11.483s][info ][gc,phases      ] GC(51)   Other: 0.3ms
[11.483s][info ][gc,heap        ] GC(51) Eden regions: 186->0(186)
[11.483s][info ][gc,heap        ] GC(51) Survivor regions: 1->1(24)
[11.483s][info ][gc,heap        ] GC(51) Old regions: 7->7
[11.483s][info ][gc,heap        ] GC(51) Archive regions: 2->2
[11.483s][info ][gc,heap        ] GC(51) Humongous regions: 0->0
[11.483s][info ][gc,metaspace   ] GC(51) Metaspace: 10391K(10880K)->10391K(10880K) NonClass: 9188K(9472K)->9188K(9472K) Class: 1202K(1408K)->1202K(1408K)
[11.483s][debug][gc,heap        ] GC(51) Heap after GC invocations=52 (full 1): garbage-first heap   total 319488K, used 4322K [0x0000000700000000, 0x0000000800000000)
[11.483s][debug][gc,heap        ] GC(51)   region size 1024K, 1 young (1024K), 1 survivors (1024K)
[11.483s][debug][gc,heap        ] GC(51)  Metaspace       used 10391K, capacity 10712K, committed 10880K, reserved 1058816K
[11.483s][debug][gc,heap        ] GC(51)   class space    used 1202K, capacity 1338K, committed 1408K, reserved 1048576K
[11.483s][info ][gc             ] GC(51) Pause Young (Normal) (G1 Evacuation Pause) 190M->4M(312M) 1.864ms
[11.483s][info ][gc,cpu         ] GC(51) User=0.00s Sys=0.00s Real=0.00s
[11.483s][info ][safepoint      ] Safepoint "G1CollectForAllocation", Time since last: 143022881 ns, Reaching safepoint: 164166 ns, At safepoint: 2028281 ns, Total: 2192447 ns
[11.644s][debug][gc,heap        ] GC(52) Heap before GC invocations=52 (full 1): garbage-first heap   total 319488K, used 194786K [0x0000000700000000, 0x0000000800000000)
[11.644s][debug][gc,heap        ] GC(52)   region size 1024K, 187 young (191488K), 1 survivors (1024K)
[11.644s][debug][gc,heap        ] GC(52)  Metaspace       used 10391K, capacity 10712K, committed 10880K, reserved 1058816K
[11.644s][debug][gc,heap        ] GC(52)   class space    used 1202K, capacity 1338K, committed 1408K, reserved 1048576K
[11.644s][info ][gc,start       ] GC(52) Pause Young (Normal) (G1 Evacuation Pause)
[11.644s][info ][gc,task        ] GC(52) Using 8 workers of 8 for evacuation
[11.644s][debug][gc,tlab        ] GC(52) TLAB totals: thrds: 8  refills: 747 max: 99 slow allocs: 0 max 0 waste:  0.9% gc: 1364112B max: 393080B slow: 432152B max: 57544B fast: 0B max: 0B
[11.644s][debug][gc,age         ] GC(52) Desired survivor size 12582912 bytes, new threshold 15 (max threshold 15)
[11.644s][debug][gc,alloc,region] GC(52) Mutator Allocation stats, regions: 186, wasted size: 0B ( 0.0%)
[11.645s][debug][gc,ergo        ] GC(52) Running G1 Merge Heap Roots using 8 workers for 187 regions
[11.645s][debug][gc,remset      ] GC(52) Visited cards 2048 Total dirty 10240 (20.00%) Total old 784384 (0.26%)
[11.645s][debug][gc,ergo        ] GC(52) Running G1 Clear Card Table Task using 1 workers for 1 units of work for 192 regions.
[11.645s][debug][gc,ref         ] GC(52) Skipped phase1 of Reference Processing due to unavailable references
[11.645s][debug][gc,ref         ] GC(52) Skipped phase2 of Reference Processing due to unavailable references
[11.645s][debug][gc,ref         ] GC(52) Skipped phase3 of Reference Processing due to unavailable references
[11.645s][debug][gc,ergo        ] GC(52) Running G1 Free Collection Set using 8 workers for collection set length 187 (312)
[11.645s][debug][gc,ergo        ] GC(52) Running G1 Rebuild Free List Task using 8 workers for rebuilding free list of 0 (4096) regions
[11.645s][trace][gc,age         ] GC(52) Age table with threshold 15 (max threshold 15)
[11.645s][trace][gc,age         ] GC(52) - age   1:        376 bytes,        376 total
[11.645s][trace][gc,age         ] GC(52) - age  14:     197832 bytes,     198208 total
[11.645s][debug][gc,plab        ] GC(52) Young PLAB allocation: allocated: 16512B, wasted: 0B, unused: 9168B, used: 7344B, undo waste: 33616B, 
[11.645s][debug][gc,plab        ] GC(52) Young other allocation: region end waste: 0B, regions filled: 1, direct allocated: 224480B, failure used: 0B, failure wasted: 0B
[11.645s][debug][gc,plab        ] GC(52) Young sizing: calculated: 1464B, actual: 2064B
[11.645s][debug][gc,plab        ] GC(52) Old PLAB allocation: allocated: 0B, wasted: 0B, unused: 0B, used: 0B, undo waste: 0B, 
[11.645s][debug][gc,plab        ] GC(52) Old other allocation: region end waste: 0B, regions filled: 1, direct allocated: 0B, failure used: 0B, failure wasted: 0B
[11.645s][debug][gc,plab        ] GC(52) Old sizing: calculated: 0B, actual: 2064B
[11.645s][debug][gc,ihop        ] GC(52) Basic information (value update), threshold: 147220070B (45.00), target occupancy: 327155712B, current occupancy: 4425640B, recent allocation size: 0B, recent allocation duration: 162.32ms, recent old gen allocation rate: 0.00B/s, recent marking phase length: 0.00ms
[11.645s][debug][gc,ihop        ] GC(52) Adaptive IHOP information (value update), threshold: 147220070B (47.37), internal target occupancy: 310797926B, occupancy: 4425640B, additional buffer size: 196083712B, predicted old gen allocation rate: 28226.81B/s, predicted marking phase length: 0.00ms, prediction active: false
[11.645s][debug][gc,ergo,refine ] GC(52) Concurrent refinement times: Logged Cards Scan time goal: 20.00ms Logged Cards Scan time: 0.01ms HCC time: 0.00ms
[11.645s][debug][gc,ergo,refine ] GC(52) Updated Refinement Zones: green: 2048, yellow: 6144, red: 10240
[11.645s][info ][gc,phases      ] GC(52)   Pre Evacuate Collection Set: 0.1ms
[11.645s][debug][gc,phases      ] GC(52)     Prepare TLABs: 0.0ms
[11.645s][debug][gc,phases      ] GC(52)     Choose Collection Set: 0.0ms
[11.645s][debug][gc,phases      ] GC(52)     Region Register: 0.1ms
[11.645s][debug][gc,phases      ] GC(52)     Prepare Heap Roots: 0.0ms
[11.645s][info ][gc,phases      ] GC(52)   Merge Heap Roots: 0.1ms
[11.645s][debug][gc,phases      ] GC(52)     Prepare Merge Heap Roots: 0.0ms
[11.645s][debug][gc,phases      ] GC(52)     Eager Reclaim (ms):       skipped
[11.645s][debug][gc,phases      ] GC(52)     Remembered Sets (ms):     Min:  0.0, Avg:  0.0, Max:  0.0, Diff:  0.0, Sum:  0.0, Workers: 8
[11.645s][debug][gc,phases      ] GC(52)       Merged Sparse:            Min: 0, Avg:  0.0, Max: 0, Diff: 0, Sum: 0, Workers: 8
[11.645s][debug][gc,phases      ] GC(52)       Merged Fine:              Min: 0, Avg:  0.0, Max: 0, Diff: 0, Sum: 0, Workers: 8
[11.645s][debug][gc,phases      ] GC(52)       Merged Coarse:            Min: 0, Avg:  0.0, Max: 0, Diff: 0, Sum: 0, Workers: 8
[11.645s][debug][gc,phases      ] GC(52)       Dirty Cards:              Min: 0, Avg:  0.0, Max: 0, Diff: 0, Sum: 0, Workers: 8
[11.645s][debug][gc,phases      ] GC(52)     Hot Card Cache (ms):      Min:  0.0, Avg:  0.0, Max:  0.0, Diff:  0.0, Sum:  0.0, Workers: 8
[11.645s][debug][gc,phases      ] GC(52)       Dirty Cards:              Min: 0, Avg:  0.0, Max: 0, Diff: 0, Sum: 0, Workers: 8
[11.645s][debug][gc,phases      ] GC(52)       Skipped Cards:            Min: 0, Avg:  0.0, Max: 0, Diff: 0, Sum: 0, Workers: 8
[11.645s][debug][gc,phases      ] GC(52)     Log Buffers (ms):         Min:  0.0, Avg:  0.0, Max:  0.0, Diff:  0.0, Sum:  0.0, Workers: 8
[11.645s][debug][gc,phases      ] GC(52)       Dirty Cards:              Min: 0, Avg:  2.1, Max: 10, Diff: 10, Sum: 17, Workers: 8
[11.645s][debug][gc,phases      ] GC(52)       Skipped Cards:            Min: 0, Avg:  0.0, Max: 0, Diff: 0, Sum: 0, Workers: 8
[11.645s][info ][gc,phases      ] GC(52)   Evacuate Collection Set: 0.2ms
[11.645s][debug][gc,phases      ] GC(52)     Ext Root Scanning (ms):   Min:  0.0, Avg:  0.0, Max:  0.0, Diff:  0.0, Sum:  0.2, Workers: 8
[11.645s][debug][gc,phases      ] GC(52)     Scan Heap Roots (ms):     Min:  0.0, Avg:  0.0, Max:  0.0, Diff:  0.0, Sum:  0.1, Workers: 8
[11.645s][debug][gc,phases      ] GC(52)       Scanned Cards:            Min: 0, Avg:  1.9, Max: 4, Diff: 4, Sum: 15, Workers: 8
[11.645s][debug][gc,phases      ] GC(52)       Scanned Blocks:           Min: 0, Avg:  1.6, Max: 3, Diff: 3, Sum: 13, Workers: 8
[11.645s][debug][gc,phases      ] GC(52)       Claimed Chunks:           Min: 0, Avg:  1.0, Max: 2, Diff: 2, Sum: 8, Workers: 8
[11.645s][debug][gc,phases      ] GC(52)     Code Root Scan (ms):      Min:  0.0, Avg:  0.0, Max:  0.0, Diff:  0.0, Sum:  0.0, Workers: 8
[11.646s][debug][gc,phases      ] GC(52)     Object Copy (ms):         Min:  0.0, Avg:  0.0, Max:  0.0, Diff:  0.0, Sum:  0.1, Workers: 8
[11.646s][debug][gc,phases      ] GC(52)     Termination (ms):         Min:  0.0, Avg:  0.1, Max:  0.1, Diff:  0.0, Sum:  0.4, Workers: 8
[11.646s][debug][gc,phases      ] GC(52)       Termination Attempts:     Min: 1, Avg:  1.0, Max: 1, Diff: 0, Sum: 8, Workers: 8
[11.646s][debug][gc,phases      ] GC(52)     GC Worker Other (ms):     Min:  0.0, Avg:  0.0, Max:  0.0, Diff:  0.0, Sum:  0.1, Workers: 8
[11.646s][debug][gc,phases      ] GC(52)     GC Worker Total (ms):     Min:  0.1, Avg:  0.1, Max:  0.2, Diff:  0.0, Sum:  1.0, Workers: 8
[11.646s][info ][gc,phases      ] GC(52)   Post Evacuate Collection Set: 0.3ms
[11.646s][debug][gc,phases      ] GC(52)     Code Roots Fixup: 0.0ms
[11.646s][debug][gc,phases      ] GC(52)     Clear Card Table: 0.1ms
[11.646s][debug][gc,phases      ] GC(52)     Reference Processing: 0.0ms
[11.646s][debug][gc,phases,ref  ] GC(52)       Reconsider SoftReferences: 0.0ms
[11.646s][debug][gc,phases,ref  ] GC(52)         SoftRef (ms):             skipped
[11.646s][debug][gc,phases,ref  ] GC(52)       Notify Soft/WeakReferences: 0.0ms
[11.646s][debug][gc,phases,ref  ] GC(52)         SoftRef (ms):             skipped
[11.646s][debug][gc,phases,ref  ] GC(52)         WeakRef (ms):             skipped
[11.646s][debug][gc,phases,ref  ] GC(52)         FinalRef (ms):            skipped
[11.646s][debug][gc,phases,ref  ] GC(52)         Total (ms):               skipped
[11.646s][debug][gc,phases,ref  ] GC(52)       Notify and keep alive finalizable: 0.0ms
[11.646s][debug][gc,phases,ref  ] GC(52)         FinalRef (ms):            skipped
[11.646s][debug][gc,phases,ref  ] GC(52)       Notify PhantomReferences: 0.0ms
[11.646s][debug][gc,phases,ref  ] GC(52)         PhantomRef (ms):          Min:  0.0, Avg:  0.0, Max:  0.0, Diff:  0.0, Sum:  0.0, Workers: 1
[11.646s][debug][gc,phases,ref  ] GC(52)       SoftReference:
[11.646s][debug][gc,phases,ref  ] GC(52)         Discovered: 0
[11.646s][debug][gc,phases,ref  ] GC(52)         Cleared: 0
[11.646s][debug][gc,phases,ref  ] GC(52)       WeakReference:
[11.646s][debug][gc,phases,ref  ] GC(52)         Discovered: 0
[11.646s][debug][gc,phases,ref  ] GC(52)         Cleared: 0
[11.646s][debug][gc,phases,ref  ] GC(52)       FinalReference:
[11.646s][debug][gc,phases,ref  ] GC(52)         Discovered: 0
[11.646s][debug][gc,phases,ref  ] GC(52)         Cleared: 0
[11.646s][debug][gc,phases,ref  ] GC(52)       PhantomReference:
[11.646s][debug][gc,phases,ref  ] GC(52)         Discovered: 5
[11.646s][debug][gc,phases,ref  ] GC(52)         Cleared: 5
[11.646s][debug][gc,phases      ] GC(52)     Weak Processing: 0.0ms
[11.646s][debug][gc,phases      ] GC(52)       JVMTI weak processing: 0.0ms
[11.646s][debug][gc,phases      ] GC(52)         Dead: 0
[11.646s][debug][gc,phases      ] GC(52)         Total: 0
[11.646s][debug][gc,phases      ] GC(52)       JFR weak processing: 0.0ms
[11.646s][debug][gc,phases      ] GC(52)         Dead: 0
[11.646s][debug][gc,phases      ] GC(52)         Total: 0
[11.646s][debug][gc,phases      ] GC(52)       JNI weak                  Min:  0.0, Avg:  0.0, Max:  0.0, Diff:  0.0, Sum:  0.0, Workers: 5
[11.646s][debug][gc,phases      ] GC(52)         Dead                      Min: 0, Avg:  0.0, Max: 0, Diff: 0, Sum: 0, Workers: 5
[11.646s][debug][gc,phases      ] GC(52)         Total                     Min: 0, Avg: 12.6, Max: 59, Diff: 59, Sum: 63, Workers: 5
[11.646s][debug][gc,phases      ] GC(52)       VM weak                   Min:  0.0, Avg:  0.0, Max:  0.0, Diff:  0.0, Sum:  0.0, Workers: 5
[11.646s][debug][gc,phases      ] GC(52)         Dead                      Min: 0, Avg:  0.0, Max: 0, Diff: 0, Sum: 0, Workers: 5
[11.646s][debug][gc,phases      ] GC(52)         Total                     Min: 0, Avg: 44.0, Max: 128, Diff: 128, Sum: 220, Workers: 5
[11.646s][debug][gc,phases      ] GC(52)       StringTable weak          Min:  0.0, Avg:  0.0, Max:  0.0, Diff:  0.0, Sum:  0.1, Workers: 5
[11.646s][debug][gc,phases      ] GC(52)         Dead                      Min: 0, Avg:  0.0, Max: 0, Diff: 0, Sum: 0, Workers: 5
[11.646s][debug][gc,phases      ] GC(52)         Total                     Min: 0, Avg: 718.4, Max: 1472, Diff: 1472, Sum: 3592, Workers: 5
[11.646s][debug][gc,phases      ] GC(52)       ResolvedMethodTable weak  Min:  0.0, Avg:  0.0, Max:  0.0, Diff:  0.0, Sum:  0.0, Workers: 5
[11.646s][debug][gc,phases      ] GC(52)         Dead                      Min: 0, Avg:  0.0, Max: 0, Diff: 0, Sum: 0, Workers: 5
[11.646s][debug][gc,phases      ] GC(52)         Total                     Min: 0, Avg: 116.6, Max: 192, Diff: 192, Sum: 583, Workers: 5
[11.646s][debug][gc,phases      ] GC(52)     Merge Per-Thread State: 0.0ms
[11.646s][debug][gc,phases      ] GC(52)       Copied Bytes              Min: 888, Avg: 24776.0, Max: 78888, Diff: 78000, Sum: 198208, Workers: 8
[11.646s][debug][gc,phases      ] GC(52)       LAB Waste                 Min: 0, Avg:  0.0, Max: 0, Diff: 0, Sum: 0, Workers: 8
[11.646s][debug][gc,phases      ] GC(52)       LAB Undo Waste            Min: 0, Avg: 4202.0, Max: 33616, Diff: 33616, Sum: 33616, Workers: 8
[11.646s][debug][gc,phases      ] GC(52)     Code Roots Purge: 0.0ms
[11.646s][debug][gc,phases      ] GC(52)     Redirty Cards: 0.0ms
[11.646s][debug][gc,phases      ] GC(52)     DerivedPointerTable Update: 0.0ms
[11.646s][debug][gc,phases      ] GC(52)     Free Collection Set: 0.1ms
[11.646s][debug][gc,phases      ] GC(52)     Rebuild Free List: 0.0ms
[11.646s][debug][gc,phases      ] GC(52)     Humongous Reclaim: 0.0ms
[11.646s][debug][gc,phases      ] GC(52)     Start New Collection Set: 0.0ms
[11.646s][debug][gc,phases      ] GC(52)     Resize TLABs: 0.0ms
[11.646s][debug][gc,phases      ] GC(52)     Expand Heap After Collection: 0.0ms
[11.646s][info ][gc,phases      ] GC(52)   Other: 0.3ms
[11.646s][info ][gc,heap        ] GC(52) Eden regions: 186->0(186)
[11.646s][info ][gc,heap        ] GC(52) Survivor regions: 1->1(24)
[11.646s][info ][gc,heap        ] GC(52) Old regions: 7->7
[11.646s][info ][gc,heap        ] GC(52) Archive regions: 2->2
[11.646s][info ][gc,heap        ] GC(52) Humongous regions: 0->0
[11.646s][info ][gc,metaspace   ] GC(52) Metaspace: 10391K(10880K)->10391K(10880K) NonClass: 9188K(9472K)->9188K(9472K) Class: 1202K(1408K)->1202K(1408K)
[11.646s][debug][gc,heap        ] GC(52) Heap after GC invocations=53 (full 1): garbage-first heap   total 319488K, used 4321K [0x0000000700000000, 0x0000000800000000)
[11.646s][debug][gc,heap        ] GC(52)   region size 1024K, 1 young (1024K), 1 survivors (1024K)
[11.646s][debug][gc,heap        ] GC(52)  Metaspace       used 10391K, capacity 10712K, committed 10880K, reserved 1058816K
[11.646s][debug][gc,heap        ] GC(52)   class space    used 1202K, capacity 1338K, committed 1408K, reserved 1048576K
[11.646s][info ][gc             ] GC(52) Pause Young (Normal) (G1 Evacuation Pause) 190M->4M(312M) 1.487ms
[11.646s][info ][gc,cpu         ] GC(52) User=0.00s Sys=0.01s Real=0.01s
[11.646s][info ][safepoint      ] Safepoint "G1CollectForAllocation", Time since last: 161269732 ns, Reaching safepoint: 120936 ns, At safepoint: 1642179 ns, Total: 1763115 ns
[11.806s][debug][gc,heap        ] GC(53) Heap before GC invocations=53 (full 1): garbage-first heap   total 319488K, used 194785K [0x0000000700000000, 0x0000000800000000)
[11.806s][debug][gc,heap        ] GC(53)   region size 1024K, 187 young (191488K), 1 survivors (1024K)
[11.806s][debug][gc,heap        ] GC(53)  Metaspace       used 10391K, capacity 10712K, committed 10880K, reserved 1058816K
[11.806s][debug][gc,heap        ] GC(53)   class space    used 1202K, capacity 1338K, committed 1408K, reserved 1048576K
[11.806s][info ][gc,start       ] GC(53) Pause Young (Normal) (G1 Evacuation Pause)
[11.806s][info ][gc,task        ] GC(53) Using 8 workers of 8 for evacuation
[11.806s][debug][gc,tlab        ] GC(53) TLAB totals: thrds: 8  refills: 745 max: 108 slow allocs: 0 max 0 waste:  0.8% gc: 1210920B max: 381416B slow: 430528B max: 62640B fast: 0B max: 0B
[11.806s][debug][gc,age         ] GC(53) Desired survivor size 12582912 bytes, new threshold 15 (max threshold 15)
[11.806s][debug][gc,alloc,region] GC(53) Mutator Allocation stats, regions: 186, wasted size: 0B ( 0.0%)
[11.806s][debug][gc,ergo        ] GC(53) Running G1 Merge Heap Roots using 8 workers for 187 regions
[11.806s][debug][gc,remset      ] GC(53) Visited cards 2048 Total dirty 10240 (20.00%) Total old 784384 (0.26%)
[11.806s][debug][gc,ergo        ] GC(53) Running G1 Clear Card Table Task using 1 workers for 1 units of work for 192 regions.
[11.806s][debug][gc,ref         ] GC(53) Skipped phase1 of Reference Processing due to unavailable references
[11.806s][debug][gc,ref         ] GC(53) Skipped phase2 of Reference Processing due to unavailable references
[11.806s][debug][gc,ref         ] GC(53) Skipped phase3 of Reference Processing due to unavailable references
[11.806s][debug][gc,ergo        ] GC(53) Running G1 Free Collection Set using 8 workers for collection set length 187 (312)
[11.807s][debug][gc,ergo        ] GC(53) Running G1 Rebuild Free List Task using 8 workers for rebuilding free list of 0 (4096) regions
[11.807s][trace][gc,age         ] GC(53) Age table with threshold 15 (max threshold 15)
[11.807s][trace][gc,age         ] GC(53) - age   1:        400 bytes,        400 total
[11.807s][trace][gc,age         ] GC(53) - age  15:     197832 bytes,     198232 total
[11.807s][debug][gc,plab        ] GC(53) Young PLAB allocation: allocated: 16512B, wasted: 0B, unused: 8872B, used: 7640B, undo waste: 78432B, 
[11.807s][debug][gc,plab        ] GC(53) Young other allocation: region end waste: 0B, regions filled: 1, direct allocated: 269024B, failure used: 0B, failure wasted: 0B
[11.807s][debug][gc,plab        ] GC(53) Young sizing: calculated: 1528B, actual: 2064B
[11.807s][debug][gc,plab        ] GC(53) Old PLAB allocation: allocated: 0B, wasted: 0B, unused: 0B, used: 0B, undo waste: 0B, 
[11.807s][debug][gc,plab        ] GC(53) Old other allocation: region end waste: 0B, regions filled: 1, direct allocated: 0B, failure used: 0B, failure wasted: 0B
[11.807s][debug][gc,plab        ] GC(53) Old sizing: calculated: 0B, actual: 2064B
[11.807s][debug][gc,ihop        ] GC(53) Basic information (value update), threshold: 147220070B (45.00), target occupancy: 327155712B, current occupancy: 4470184B, recent allocation size: 0B, recent allocation duration: 160.49ms, recent old gen allocation rate: 0.00B/s, recent marking phase length: 0.00ms
[11.807s][debug][gc,ihop        ] GC(53) Adaptive IHOP information (value update), threshold: 147220070B (47.37), internal target occupancy: 310797926B, occupancy: 4470184B, additional buffer size: 196083712B, predicted old gen allocation rate: 27302.16B/s, predicted marking phase length: 0.00ms, prediction active: false
[11.807s][debug][gc,ergo,refine ] GC(53) Concurrent refinement times: Logged Cards Scan time goal: 20.00ms Logged Cards Scan time: 0.01ms HCC time: 0.00ms
[11.807s][debug][gc,ergo,refine ] GC(53) Updated Refinement Zones: green: 2048, yellow: 6144, red: 10240
[11.807s][info ][gc,phases      ] GC(53)   Pre Evacuate Collection Set: 0.1ms
[11.807s][debug][gc,phases      ] GC(53)     Prepare TLABs: 0.0ms
[11.807s][debug][gc,phases      ] GC(53)     Choose Collection Set: 0.0ms
[11.807s][debug][gc,phases      ] GC(53)     Region Register: 0.1ms
[11.807s][debug][gc,phases      ] GC(53)     Prepare Heap Roots: 0.0ms
[11.807s][info ][gc,phases      ] GC(53)   Merge Heap Roots: 0.1ms
[11.807s][debug][gc,phases      ] GC(53)     Prepare Merge Heap Roots: 0.0ms
[11.807s][debug][gc,phases      ] GC(53)     Eager Reclaim (ms):       skipped
[11.807s][debug][gc,phases      ] GC(53)     Remembered Sets (ms):     Min:  0.0, Avg:  0.0, Max:  0.0, Diff:  0.0, Sum:  0.0, Workers: 8
[11.807s][debug][gc,phases      ] GC(53)       Merged Sparse:            Min: 0, Avg:  0.0, Max: 0, Diff: 0, Sum: 0, Workers: 8
[11.807s][debug][gc,phases      ] GC(53)       Merged Fine:              Min: 0, Avg:  0.0, Max: 0, Diff: 0, Sum: 0, Workers: 8
[11.807s][debug][gc,phases      ] GC(53)       Merged Coarse:            Min: 0, Avg:  0.0, Max: 0, Diff: 0, Sum: 0, Workers: 8
[11.807s][debug][gc,phases      ] GC(53)       Dirty Cards:              Min: 0, Avg:  0.0, Max: 0, Diff: 0, Sum: 0, Workers: 8
[11.807s][debug][gc,phases      ] GC(53)     Hot Card Cache (ms):      Min:  0.0, Avg:  0.0, Max:  0.0, Diff:  0.0, Sum:  0.0, Workers: 8
[11.807s][debug][gc,phases      ] GC(53)       Dirty Cards:              Min: 0, Avg:  0.0, Max: 0, Diff: 0, Sum: 0, Workers: 8
[11.807s][debug][gc,phases      ] GC(53)       Skipped Cards:            Min: 0, Avg:  0.0, Max: 0, Diff: 0, Sum: 0, Workers: 8
[11.807s][debug][gc,phases      ] GC(53)     Log Buffers (ms):         Min:  0.0, Avg:  0.0, Max:  0.0, Diff:  0.0, Sum:  0.0, Workers: 8
[11.807s][debug][gc,phases      ] GC(53)       Dirty Cards:              Min: 0, Avg:  2.1, Max: 12, Diff: 12, Sum: 17, Workers: 8
[11.807s][debug][gc,phases      ] GC(53)       Skipped Cards:            Min: 0, Avg:  0.0, Max: 0, Diff: 0, Sum: 0, Workers: 8
[11.807s][info ][gc,phases      ] GC(53)   Evacuate Collection Set: 0.2ms
[11.807s][debug][gc,phases      ] GC(53)     Ext Root Scanning (ms):   Min:  0.0, Avg:  0.0, Max:  0.1, Diff:  0.1, Sum:  0.2, Workers: 8
[11.807s][debug][gc,phases      ] GC(53)     Scan Heap Roots (ms):     Min:  0.0, Avg:  0.0, Max:  0.0, Diff:  0.0, Sum:  0.1, Workers: 8
[11.807s][debug][gc,phases      ] GC(53)       Scanned Cards:            Min: 0, Avg:  1.9, Max: 5, Diff: 5, Sum: 15, Workers: 8
[11.807s][debug][gc,phases      ] GC(53)       Scanned Blocks:           Min: 0, Avg:  1.6, Max: 5, Diff: 5, Sum: 13, Workers: 8
[11.807s][debug][gc,phases      ] GC(53)       Claimed Chunks:           Min: 0, Avg:  1.0, Max: 2, Diff: 2, Sum: 8, Workers: 8
[11.807s][debug][gc,phases      ] GC(53)     Code Root Scan (ms):      Min:  0.0, Avg:  0.0, Max:  0.0, Diff:  0.0, Sum:  0.0, Workers: 8
[11.807s][debug][gc,phases      ] GC(53)     Object Copy (ms):         Min:  0.0, Avg:  0.0, Max:  0.0, Diff:  0.0, Sum:  0.2, Workers: 8
[11.807s][debug][gc,phases      ] GC(53)     Termination (ms):         Min:  0.0, Avg:  0.0, Max:  0.1, Diff:  0.0, Sum:  0.3, Workers: 8
[11.807s][debug][gc,phases      ] GC(53)       Termination Attempts:     Min: 1, Avg:  1.0, Max: 1, Diff: 0, Sum: 8, Workers: 8
[11.807s][debug][gc,phases      ] GC(53)     GC Worker Other (ms):     Min:  0.0, Avg:  0.0, Max:  0.0, Diff:  0.0, Sum:  0.1, Workers: 8
[11.807s][debug][gc,phases      ] GC(53)     GC Worker Total (ms):     Min:  0.1, Avg:  0.1, Max:  0.1, Diff:  0.1, Sum:  0.9, Workers: 8
[11.807s][info ][gc,phases      ] GC(53)   Post Evacuate Collection Set: 0.4ms
[11.807s][debug][gc,phases      ] GC(53)     Code Roots Fixup: 0.0ms
[11.807s][debug][gc,phases      ] GC(53)     Clear Card Table: 0.1ms
[11.807s][debug][gc,phases      ] GC(53)     Reference Processing: 0.0ms
[11.807s][debug][gc,phases,ref  ] GC(53)       Reconsider SoftReferences: 0.0ms
[11.807s][debug][gc,phases,ref  ] GC(53)         SoftRef (ms):             skipped
[11.807s][debug][gc,phases,ref  ] GC(53)       Notify Soft/WeakReferences: 0.0ms
[11.807s][debug][gc,phases,ref  ] GC(53)         SoftRef (ms):             skipped
[11.807s][debug][gc,phases,ref  ] GC(53)         WeakRef (ms):             skipped
[11.807s][debug][gc,phases,ref  ] GC(53)         FinalRef (ms):            skipped
[11.807s][debug][gc,phases,ref  ] GC(53)         Total (ms):               skipped
[11.807s][debug][gc,phases,ref  ] GC(53)       Notify and keep alive finalizable: 0.0ms
[11.807s][debug][gc,phases,ref  ] GC(53)         FinalRef (ms):            skipped
[11.807s][debug][gc,phases,ref  ] GC(53)       Notify PhantomReferences: 0.0ms
[11.807s][debug][gc,phases,ref  ] GC(53)         PhantomRef (ms):          Min:  0.0, Avg:  0.0, Max:  0.0, Diff:  0.0, Sum:  0.0, Workers: 1
[11.807s][debug][gc,phases,ref  ] GC(53)       SoftReference:
[11.807s][debug][gc,phases,ref  ] GC(53)         Discovered: 0
[11.807s][debug][gc,phases,ref  ] GC(53)         Cleared: 0
[11.807s][debug][gc,phases,ref  ] GC(53)       WeakReference:
[11.807s][debug][gc,phases,ref  ] GC(53)         Discovered: 0
[11.807s][debug][gc,phases,ref  ] GC(53)         Cleared: 0
[11.807s][debug][gc,phases,ref  ] GC(53)       FinalReference:
[11.807s][debug][gc,phases,ref  ] GC(53)         Discovered: 0
[11.807s][debug][gc,phases,ref  ] GC(53)         Cleared: 0
[11.807s][debug][gc,phases,ref  ] GC(53)       PhantomReference:
[11.807s][debug][gc,phases,ref  ] GC(53)         Discovered: 5
[11.807s][debug][gc,phases,ref  ] GC(53)         Cleared: 5
[11.807s][debug][gc,phases      ] GC(53)     Weak Processing: 0.1ms
[11.807s][debug][gc,phases      ] GC(53)       JVMTI weak processing: 0.0ms
[11.807s][debug][gc,phases      ] GC(53)         Dead: 0
[11.807s][debug][gc,phases      ] GC(53)         Total: 0
[11.807s][debug][gc,phases      ] GC(53)       JFR weak processing: 0.0ms
[11.807s][debug][gc,phases      ] GC(53)         Dead: 0
[11.807s][debug][gc,phases      ] GC(53)         Total: 0
[11.807s][debug][gc,phases      ] GC(53)       JNI weak                  Min:  0.0, Avg:  0.0, Max:  0.0, Diff:  0.0, Sum:  0.0, Workers: 5
[11.807s][debug][gc,phases      ] GC(53)         Dead                      Min: 0, Avg:  0.0, Max: 0, Diff: 0, Sum: 0, Workers: 5
[11.807s][debug][gc,phases      ] GC(53)         Total                     Min: 0, Avg: 12.6, Max: 59, Diff: 59, Sum: 63, Workers: 5
[11.807s][debug][gc,phases      ] GC(53)       VM weak                   Min:  0.0, Avg:  0.0, Max:  0.0, Diff:  0.0, Sum:  0.0, Workers: 5
[11.807s][debug][gc,phases      ] GC(53)         Dead                      Min: 0, Avg:  0.0, Max: 0, Diff: 0, Sum: 0, Workers: 5
[11.807s][debug][gc,phases      ] GC(53)         Total                     Min: 0, Avg: 44.0, Max: 156, Diff: 156, Sum: 220, Workers: 5
[11.807s][debug][gc,phases      ] GC(53)       StringTable weak          Min:  0.0, Avg:  0.0, Max:  0.0, Diff:  0.0, Sum:  0.1, Workers: 5
[11.807s][debug][gc,phases      ] GC(53)         Dead                      Min: 0, Avg:  0.0, Max: 0, Diff: 0, Sum: 0, Workers: 5
[11.807s][debug][gc,phases      ] GC(53)         Total                     Min: 0, Avg: 718.4, Max: 1024, Diff: 1024, Sum: 3592, Workers: 5
[11.807s][debug][gc,phases      ] GC(53)       ResolvedMethodTable weak  Min:  0.0, Avg:  0.0, Max:  0.0, Diff:  0.0, Sum:  0.0, Workers: 5
[11.807s][debug][gc,phases      ] GC(53)         Dead                      Min: 0, Avg:  0.0, Max: 0, Diff: 0, Sum: 0, Workers: 5
[11.807s][debug][gc,phases      ] GC(53)         Total                     Min: 0, Avg: 116.6, Max: 192, Diff: 192, Sum: 583, Workers: 5
[11.807s][debug][gc,phases      ] GC(53)     Merge Per-Thread State: 0.0ms
[11.807s][debug][gc,phases      ] GC(53)       Copied Bytes              Min: 800, Avg: 24779.0, Max: 78736, Diff: 77936, Sum: 198232, Workers: 8
[11.807s][debug][gc,phases      ] GC(53)       LAB Waste                 Min: 0, Avg:  0.0, Max: 0, Diff: 0, Sum: 0, Workers: 8
[11.807s][debug][gc,phases      ] GC(53)       LAB Undo Waste            Min: 0, Avg: 9804.0, Max: 44816, Diff: 44816, Sum: 78432, Workers: 8
[11.807s][debug][gc,phases      ] GC(53)     Code Roots Purge: 0.0ms
[11.807s][debug][gc,phases      ] GC(53)     Redirty Cards: 0.0ms
[11.807s][debug][gc,phases      ] GC(53)     DerivedPointerTable Update: 0.0ms
[11.807s][debug][gc,phases      ] GC(53)     Free Collection Set: 0.1ms
[11.807s][debug][gc,phases      ] GC(53)     Rebuild Free List: 0.0ms
[11.807s][debug][gc,phases      ] GC(53)     Humongous Reclaim: 0.0ms
[11.807s][debug][gc,phases      ] GC(53)     Start New Collection Set: 0.0ms
[11.807s][debug][gc,phases      ] GC(53)     Resize TLABs: 0.0ms
[11.807s][debug][gc,phases      ] GC(53)     Expand Heap After Collection: 0.0ms
[11.807s][info ][gc,phases      ] GC(53)   Other: 0.3ms
[11.807s][info ][gc,heap        ] GC(53) Eden regions: 186->0(186)
[11.807s][info ][gc,heap        ] GC(53) Survivor regions: 1->1(24)
[11.807s][info ][gc,heap        ] GC(53) Old regions: 7->7
[11.807s][info ][gc,heap        ] GC(53) Archive regions: 2->2
[11.807s][info ][gc,heap        ] GC(53) Humongous regions: 0->0
[11.807s][info ][gc,metaspace   ] GC(53) Metaspace: 10391K(10880K)->10391K(10880K) NonClass: 9188K(9472K)->9188K(9472K) Class: 1202K(1408K)->1202K(1408K)
[11.807s][debug][gc,heap        ] GC(53) Heap after GC invocations=54 (full 1): garbage-first heap   total 319488K, used 4365K [0x0000000700000000, 0x0000000800000000)
[11.807s][debug][gc,heap        ] GC(53)   region size 1024K, 1 young (1024K), 1 survivors (1024K)
[11.807s][debug][gc,heap        ] GC(53)  Metaspace       used 10391K, capacity 10712K, committed 10880K, reserved 1058816K
[11.807s][debug][gc,heap        ] GC(53)   class space    used 1202K, capacity 1338K, committed 1408K, reserved 1048576K
[11.807s][info ][gc             ] GC(53) Pause Young (Normal) (G1 Evacuation Pause) 190M->4M(312M) 1.529ms
[11.807s][info ][gc,cpu         ] GC(53) User=0.00s Sys=0.00s Real=0.00s
[11.807s][info ][safepoint      ] Safepoint "G1CollectForAllocation", Time since last: 159547338 ns, Reaching safepoint: 106854 ns, At safepoint: 1709210 ns, Total: 1816064 ns
[11.962s][debug][gc,heap        ] GC(54) Heap before GC invocations=54 (full 1): garbage-first heap   total 319488K, used 194829K [0x0000000700000000, 0x0000000800000000)
[11.962s][debug][gc,heap        ] GC(54)   region size 1024K, 187 young (191488K), 1 survivors (1024K)
[11.962s][debug][gc,heap        ] GC(54)  Metaspace       used 10391K, capacity 10712K, committed 10880K, reserved 1058816K
[11.962s][debug][gc,heap        ] GC(54)   class space    used 1202K, capacity 1338K, committed 1408K, reserved 1048576K
[11.962s][info ][gc,start       ] GC(54) Pause Young (Normal) (G1 Evacuation Pause)
[11.962s][info ][gc,task        ] GC(54) Using 8 workers of 8 for evacuation
[11.962s][debug][gc,tlab        ] GC(54) TLAB totals: thrds: 8  refills: 747 max: 100 slow allocs: 0 max 0 waste:  0.9% gc: 1390320B max: 372560B slow: 432232B max: 57992B fast: 0B max: 0B
[11.962s][debug][gc,age         ] GC(54) Desired survivor size 12582912 bytes, new threshold 15 (max threshold 15)
[11.962s][debug][gc,alloc,region] GC(54) Mutator Allocation stats, regions: 186, wasted size: 0B ( 0.0%)
[11.963s][debug][gc,ergo        ] GC(54) Running G1 Merge Heap Roots using 8 workers for 187 regions
[11.963s][debug][gc,remset      ] GC(54) Visited cards 2048 Total dirty 10240 (20.00%) Total old 784384 (0.26%)
[11.963s][debug][gc,ergo        ] GC(54) Running G1 Clear Card Table Task using 1 workers for 1 units of work for 192 regions.
[11.963s][debug][gc,ref         ] GC(54) Skipped phase1 of Reference Processing due to unavailable references
[11.963s][debug][gc,ref         ] GC(54) Skipped phase2 of Reference Processing due to unavailable references
[11.963s][debug][gc,ref         ] GC(54) Skipped phase3 of Reference Processing due to unavailable references
[11.963s][debug][gc,ref         ] GC(54) Skipped phase4 of Reference Processing due to unavailable references
[11.963s][debug][gc,ergo        ] GC(54) Running G1 Free Collection Set using 8 workers for collection set length 187 (312)
[11.963s][debug][gc,ergo        ] GC(54) Running G1 Rebuild Free List Task using 8 workers for rebuilding free list of 0 (4096) regions
[11.963s][trace][gc,age         ] GC(54) Age table with threshold 15 (max threshold 15)
[11.963s][trace][gc,age         ] GC(54) - age   1:        816 bytes,        816 total
[11.963s][debug][gc,plab        ] GC(54) Young PLAB allocation: allocated: 14448B, wasted: 0B, unused: 13632B, used: 816B, undo waste: 0B, 
[11.963s][debug][gc,plab        ] GC(54) Young other allocation: region end waste: 0B, regions filled: 1, direct allocated: 0B, failure used: 0B, failure wasted: 0B
[11.963s][debug][gc,plab        ] GC(54) Young sizing: calculated: 160B, actual: 2064B
[11.963s][debug][gc,plab        ] GC(54) Old PLAB allocation: allocated: 18576B, wasted: 72B, unused: 11264B, used: 7240B, undo waste: 34064B, 
[11.963s][debug][gc,plab        ] GC(54) Old other allocation: region end waste: 0B, regions filled: 1, direct allocated: 224656B, failure used: 0B, failure wasted: 0B
[11.963s][debug][gc,plab        ] GC(54) Old sizing: calculated: 1448B, actual: 2064B
[11.963s][debug][gc,ihop        ] GC(54) Basic information (value update), threshold: 147220070B (45.00), target occupancy: 327155712B, current occupancy: 4442808B, recent allocation size: 18576B, recent allocation duration: 155.80ms, recent old gen allocation rate: 119229.10B/s, recent marking phase length: 0.00ms
[11.963s][debug][gc,ihop        ] GC(54) Adaptive IHOP information (value update), threshold: 147220070B (47.37), internal target occupancy: 310797926B, occupancy: 4442808B, additional buffer size: 196083712B, predicted old gen allocation rate: 35865.40B/s, predicted marking phase length: 0.00ms, prediction active: false
[11.963s][debug][gc,ergo,refine ] GC(54) Concurrent refinement times: Logged Cards Scan time goal: 20.00ms Logged Cards Scan time: 0.01ms HCC time: 0.00ms
[11.963s][debug][gc,ergo,refine ] GC(54) Updated Refinement Zones: green: 2048, yellow: 6144, red: 10240
[11.963s][info ][gc,phases      ] GC(54)   Pre Evacuate Collection Set: 0.1ms
[11.963s][debug][gc,phases      ] GC(54)     Prepare TLABs: 0.0ms
[11.963s][debug][gc,phases      ] GC(54)     Choose Collection Set: 0.0ms
[11.963s][debug][gc,phases      ] GC(54)     Region Register: 0.1ms
[11.963s][debug][gc,phases      ] GC(54)     Prepare Heap Roots: 0.0ms
[11.963s][info ][gc,phases      ] GC(54)   Merge Heap Roots: 0.1ms
[11.963s][debug][gc,phases      ] GC(54)     Prepare Merge Heap Roots: 0.0ms
[11.963s][debug][gc,phases      ] GC(54)     Eager Reclaim (ms):       skipped
[11.964s][debug][gc,phases      ] GC(54)     Remembered Sets (ms):     Min:  0.0, Avg:  0.0, Max:  0.0, Diff:  0.0, Sum:  0.1, Workers: 8
[11.964s][debug][gc,phases      ] GC(54)       Merged Sparse:            Min: 0, Avg:  0.0, Max: 0, Diff: 0, Sum: 0, Workers: 8
[11.964s][debug][gc,phases      ] GC(54)       Merged Fine:              Min: 0, Avg:  0.0, Max: 0, Diff: 0, Sum: 0, Workers: 8
[11.964s][debug][gc,phases      ] GC(54)       Merged Coarse:            Min: 0, Avg:  0.0, Max: 0, Diff: 0, Sum: 0, Workers: 8
[11.964s][debug][gc,phases      ] GC(54)       Dirty Cards:              Min: 0, Avg:  0.0, Max: 0, Diff: 0, Sum: 0, Workers: 8
[11.964s][debug][gc,phases      ] GC(54)     Hot Card Cache (ms):      Min:  0.0, Avg:  0.0, Max:  0.0, Diff:  0.0, Sum:  0.0, Workers: 8
[11.964s][debug][gc,phases      ] GC(54)       Dirty Cards:              Min: 0, Avg:  0.0, Max: 0, Diff: 0, Sum: 0, Workers: 8
[11.964s][debug][gc,phases      ] GC(54)       Skipped Cards:            Min: 0, Avg:  0.0, Max: 0, Diff: 0, Sum: 0, Workers: 8
[11.964s][debug][gc,phases      ] GC(54)     Log Buffers (ms):         Min:  0.0, Avg:  0.0, Max:  0.0, Diff:  0.0, Sum:  0.0, Workers: 8
[11.964s][debug][gc,phases      ] GC(54)       Dirty Cards:              Min: 0, Avg:  2.2, Max: 7, Diff: 7, Sum: 18, Workers: 8
[11.964s][debug][gc,phases      ] GC(54)       Skipped Cards:            Min: 0, Avg:  0.0, Max: 0, Diff: 0, Sum: 0, Workers: 8
[11.964s][info ][gc,phases      ] GC(54)   Evacuate Collection Set: 0.2ms
[11.964s][debug][gc,phases      ] GC(54)     Ext Root Scanning (ms):   Min:  0.0, Avg:  0.0, Max:  0.1, Diff:  0.1, Sum:  0.4, Workers: 8
[11.964s][debug][gc,phases      ] GC(54)     Scan Heap Roots (ms):     Min:  0.0, Avg:  0.0, Max:  0.0, Diff:  0.0, Sum:  0.0, Workers: 8
[11.964s][debug][gc,phases      ] GC(54)       Scanned Cards:            Min: 0, Avg:  1.9, Max: 4, Diff: 4, Sum: 15, Workers: 8
[11.964s][debug][gc,phases      ] GC(54)       Scanned Blocks:           Min: 0, Avg:  1.6, Max: 3, Diff: 3, Sum: 13, Workers: 8
[11.964s][debug][gc,phases      ] GC(54)       Claimed Chunks:           Min: 0, Avg:  1.0, Max: 2, Diff: 2, Sum: 8, Workers: 8
[11.964s][debug][gc,phases      ] GC(54)     Code Root Scan (ms):      Min:  0.0, Avg:  0.0, Max:  0.0, Diff:  0.0, Sum:  0.0, Workers: 8
[11.964s][debug][gc,phases      ] GC(54)     Object Copy (ms):         Min:  0.0, Avg:  0.1, Max:  0.1, Diff:  0.1, Sum:  0.4, Workers: 8
[11.964s][debug][gc,phases      ] GC(54)     Termination (ms):         Min:  0.0, Avg:  0.1, Max:  0.1, Diff:  0.1, Sum:  0.5, Workers: 8
[11.964s][debug][gc,phases      ] GC(54)       Termination Attempts:     Min: 1, Avg:  1.0, Max: 1, Diff: 0, Sum: 8, Workers: 8
[11.964s][debug][gc,phases      ] GC(54)     GC Worker Other (ms):     Min:  0.0, Avg:  0.0, Max:  0.0, Diff:  0.0, Sum:  0.2, Workers: 8
[11.964s][debug][gc,phases      ] GC(54)     GC Worker Total (ms):     Min:  0.1, Avg:  0.2, Max:  0.2, Diff:  0.1, Sum:  1.6, Workers: 8
[11.964s][info ][gc,phases      ] GC(54)   Post Evacuate Collection Set: 0.4ms
[11.964s][debug][gc,phases      ] GC(54)     Code Roots Fixup: 0.0ms
[11.964s][debug][gc,phases      ] GC(54)     Clear Card Table: 0.1ms
[11.964s][debug][gc,phases      ] GC(54)     Reference Processing: 0.0ms
[11.964s][debug][gc,phases,ref  ] GC(54)       Reconsider SoftReferences: 0.0ms
[11.964s][debug][gc,phases,ref  ] GC(54)         SoftRef (ms):             skipped
[11.964s][debug][gc,phases,ref  ] GC(54)       Notify Soft/WeakReferences: 0.0ms
[11.964s][debug][gc,phases,ref  ] GC(54)         SoftRef (ms):             skipped
[11.964s][debug][gc,phases,ref  ] GC(54)         WeakRef (ms):             skipped
[11.964s][debug][gc,phases,ref  ] GC(54)         FinalRef (ms):            skipped
[11.964s][debug][gc,phases,ref  ] GC(54)         Total (ms):               skipped
[11.964s][debug][gc,phases,ref  ] GC(54)       Notify and keep alive finalizable: 0.0ms
[11.964s][debug][gc,phases,ref  ] GC(54)         FinalRef (ms):            skipped
[11.964s][debug][gc,phases,ref  ] GC(54)       Notify PhantomReferences: 0.0ms
[11.964s][debug][gc,phases,ref  ] GC(54)         PhantomRef (ms):          skipped
[11.964s][debug][gc,phases,ref  ] GC(54)       SoftReference:
[11.964s][debug][gc,phases,ref  ] GC(54)         Discovered: 0
[11.964s][debug][gc,phases,ref  ] GC(54)         Cleared: 0
[11.964s][debug][gc,phases,ref  ] GC(54)       WeakReference:
[11.964s][debug][gc,phases,ref  ] GC(54)         Discovered: 0
[11.964s][debug][gc,phases,ref  ] GC(54)         Cleared: 0
[11.964s][debug][gc,phases,ref  ] GC(54)       FinalReference:
[11.964s][debug][gc,phases,ref  ] GC(54)         Discovered: 0
[11.964s][debug][gc,phases,ref  ] GC(54)         Cleared: 0
[11.964s][debug][gc,phases,ref  ] GC(54)       PhantomReference:
[11.964s][debug][gc,phases,ref  ] GC(54)         Discovered: 0
[11.964s][debug][gc,phases,ref  ] GC(54)         Cleared: 0
[11.964s][debug][gc,phases      ] GC(54)     Weak Processing: 0.0ms
[11.964s][debug][gc,phases      ] GC(54)       JVMTI weak processing: 0.0ms
[11.964s][debug][gc,phases      ] GC(54)         Dead: 0
[11.964s][debug][gc,phases      ] GC(54)         Total: 0
[11.964s][debug][gc,phases      ] GC(54)       JFR weak processing: 0.0ms
[11.964s][debug][gc,phases      ] GC(54)         Dead: 0
[11.964s][debug][gc,phases      ] GC(54)         Total: 0
[11.964s][debug][gc,phases      ] GC(54)       JNI weak                  Min:  0.0, Avg:  0.0, Max:  0.0, Diff:  0.0, Sum:  0.0, Workers: 5
[11.964s][debug][gc,phases      ] GC(54)         Dead                      Min: 0, Avg:  0.0, Max: 0, Diff: 0, Sum: 0, Workers: 5
[11.964s][debug][gc,phases      ] GC(54)         Total                     Min: 0, Avg: 12.6, Max: 59, Diff: 59, Sum: 63, Workers: 5
[11.964s][debug][gc,phases      ] GC(54)       VM weak                   Min:  0.0, Avg:  0.0, Max:  0.0, Diff:  0.0, Sum:  0.0, Workers: 5
[11.964s][debug][gc,phases      ] GC(54)         Dead                      Min: 0, Avg:  0.0, Max: 0, Diff: 0, Sum: 0, Workers: 5
[11.964s][debug][gc,phases      ] GC(54)         Total                     Min: 0, Avg: 44.0, Max: 128, Diff: 128, Sum: 220, Workers: 5
[11.964s][debug][gc,phases      ] GC(54)       StringTable weak          Min:  0.0, Avg:  0.0, Max:  0.0, Diff:  0.0, Sum:  0.1, Workers: 5
[11.964s][debug][gc,phases      ] GC(54)         Dead                      Min: 0, Avg:  0.0, Max: 0, Diff: 0, Sum: 0, Workers: 5
[11.964s][debug][gc,phases      ] GC(54)         Total                     Min: 448, Avg: 718.4, Max: 832, Diff: 384, Sum: 3592, Workers: 5
[11.964s][debug][gc,phases      ] GC(54)       ResolvedMethodTable weak  Min:  0.0, Avg:  0.0, Max:  0.0, Diff:  0.0, Sum:  0.0, Workers: 5
[11.964s][debug][gc,phases      ] GC(54)         Dead                      Min: 0, Avg:  0.0, Max: 0, Diff: 0, Sum: 0, Workers: 5
[11.964s][debug][gc,phases      ] GC(54)         Total                     Min: 64, Avg: 116.6, Max: 192, Diff: 128, Sum: 583, Workers: 5
[11.964s][debug][gc,phases      ] GC(54)     Merge Per-Thread State: 0.0ms
[11.964s][debug][gc,phases      ] GC(54)       Copied Bytes              Min: 320, Avg: 24831.0, Max: 79400, Diff: 79080, Sum: 198648, Workers: 8
[11.964s][debug][gc,phases      ] GC(54)       LAB Waste                 Min: 0, Avg:  9.0, Max: 72, Diff: 72, Sum: 72, Workers: 8
[11.964s][debug][gc,phases      ] GC(54)       LAB Undo Waste            Min: 0, Avg: 4258.0, Max: 34064, Diff: 34064, Sum: 34064, Workers: 8
[11.964s][debug][gc,phases      ] GC(54)     Code Roots Purge: 0.0ms
[11.964s][debug][gc,phases      ] GC(54)     Redirty Cards: 0.0ms
[11.964s][debug][gc,phases      ] GC(54)     DerivedPointerTable Update: 0.0ms
[11.964s][debug][gc,phases      ] GC(54)     Free Collection Set: 0.1ms
[11.964s][debug][gc,phases      ] GC(54)     Rebuild Free List: 0.0ms
[11.964s][debug][gc,phases      ] GC(54)     Humongous Reclaim: 0.0ms
[11.964s][debug][gc,phases      ] GC(54)     Start New Collection Set: 0.0ms
[11.964s][debug][gc,phases      ] GC(54)     Resize TLABs: 0.0ms
[11.964s][debug][gc,phases      ] GC(54)     Expand Heap After Collection: 0.0ms
[11.964s][info ][gc,phases      ] GC(54)   Other: 0.3ms
[11.964s][info ][gc,heap        ] GC(54) Eden regions: 186->0(186)
[11.964s][info ][gc,heap        ] GC(54) Survivor regions: 1->1(24)
[11.964s][info ][gc,heap        ] GC(54) Old regions: 7->7
[11.964s][info ][gc,heap        ] GC(54) Archive regions: 2->2
[11.964s][info ][gc,heap        ] GC(54) Humongous regions: 0->0
[11.964s][info ][gc,metaspace   ] GC(54) Metaspace: 10391K(10880K)->10391K(10880K) NonClass: 9188K(9472K)->9188K(9472K) Class: 1202K(1408K)->1202K(1408K)
[11.964s][debug][gc,heap        ] GC(54) Heap after GC invocations=55 (full 1): garbage-first heap   total 319488K, used 4338K [0x0000000700000000, 0x0000000800000000)
[11.964s][debug][gc,heap        ] GC(54)   region size 1024K, 1 young (1024K), 1 survivors (1024K)
[11.964s][debug][gc,heap        ] GC(54)  Metaspace       used 10391K, capacity 10712K, committed 10880K, reserved 1058816K
[11.964s][debug][gc,heap        ] GC(54)   class space    used 1202K, capacity 1338K, committed 1408K, reserved 1048576K
[11.964s][info ][gc             ] GC(54) Pause Young (Normal) (G1 Evacuation Pause) 190M->4M(312M) 1.803ms
[11.964s][info ][gc,cpu         ] GC(54) User=0.01s Sys=0.00s Real=0.00s
[11.964s][info ][safepoint      ] Safepoint "G1CollectForAllocation", Time since last: 154825326 ns, Reaching safepoint: 140838 ns, At safepoint: 1980124 ns, Total: 2120962 ns
[12.122s][debug][gc,heap        ] GC(55) Heap before GC invocations=55 (full 1): garbage-first heap   total 319488K, used 194802K [0x0000000700000000, 0x0000000800000000)
[12.122s][debug][gc,heap        ] GC(55)   region size 1024K, 187 young (191488K), 1 survivors (1024K)
[12.122s][debug][gc,heap        ] GC(55)  Metaspace       used 10391K, capacity 10712K, committed 10880K, reserved 1058816K
[12.122s][debug][gc,heap        ] GC(55)   class space    used 1202K, capacity 1338K, committed 1408K, reserved 1048576K
[12.122s][info ][gc,start       ] GC(55) Pause Young (Normal) (G1 Evacuation Pause)
[12.122s][info ][gc,task        ] GC(55) Using 8 workers of 8 for evacuation
[12.122s][debug][gc,tlab        ] GC(55) TLAB totals: thrds: 8  refills: 749 max: 100 slow allocs: 0 max 0 waste:  0.7% gc: 854584B max: 307328B slow: 432472B max: 57920B fast: 0B max: 0B
[12.122s][debug][gc,age         ] GC(55) Desired survivor size 12582912 bytes, new threshold 15 (max threshold 15)
[12.122s][debug][gc,alloc,region] GC(55) Mutator Allocation stats, regions: 186, wasted size: 0B ( 0.0%)
[12.123s][debug][gc,ergo        ] GC(55) Running G1 Merge Heap Roots using 8 workers for 187 regions
[12.123s][debug][gc,remset      ] GC(55) Visited cards 256 Total dirty 2048 (12.50%) Total old 784384 (0.03%)
[12.123s][debug][gc,ergo        ] GC(55) Running G1 Clear Card Table Task using 1 workers for 1 units of work for 188 regions.
[12.123s][debug][gc,ref         ] GC(55) Skipped phase1 of Reference Processing due to unavailable references
[12.123s][debug][gc,ref         ] GC(55) Skipped phase2 of Reference Processing due to unavailable references
[12.123s][debug][gc,ref         ] GC(55) Skipped phase3 of Reference Processing due to unavailable references
[12.123s][debug][gc,ref         ] GC(55) Skipped phase4 of Reference Processing due to unavailable references
[12.123s][debug][gc,ergo        ] GC(55) Running G1 Free Collection Set using 8 workers for collection set length 187 (312)
[12.123s][debug][gc,ergo        ] GC(55) Running G1 Rebuild Free List Task using 8 workers for rebuilding free list of 0 (4096) regions
[12.123s][trace][gc,age         ] GC(55) Age table with threshold 15 (max threshold 15)
[12.123s][trace][gc,age         ] GC(55) - age   1:        296 bytes,        296 total
[12.123s][debug][gc,plab        ] GC(55) Young PLAB allocation: allocated: 16512B, wasted: 0B, unused: 16216B, used: 296B, undo waste: 0B, 
[12.123s][debug][gc,plab        ] GC(55) Young other allocation: region end waste: 0B, regions filled: 1, direct allocated: 0B, failure used: 0B, failure wasted: 0B
[12.123s][debug][gc,plab        ] GC(55) Young sizing: calculated: 56B, actual: 2064B
[12.123s][debug][gc,plab        ] GC(55) Old PLAB allocation: allocated: 0B, wasted: 0B, unused: 0B, used: 0B, undo waste: 0B, 
[12.123s][debug][gc,plab        ] GC(55) Old other allocation: region end waste: 0B, regions filled: 1, direct allocated: 0B, failure used: 0B, failure wasted: 0B
[12.124s][debug][gc,plab        ] GC(55) Old sizing: calculated: 0B, actual: 2064B
[12.124s][debug][gc,ihop        ] GC(55) Basic information (value update), threshold: 147220070B (45.00), target occupancy: 327155712B, current occupancy: 4444872B, recent allocation size: 0B, recent allocation duration: 159.09ms, recent old gen allocation rate: 0.00B/s, recent marking phase length: 0.00ms
[12.124s][debug][gc,ihop        ] GC(55) Adaptive IHOP information (value update), threshold: 147220070B (47.37), internal target occupancy: 310797926B, occupancy: 4444872B, additional buffer size: 196083712B, predicted old gen allocation rate: 34653.33B/s, predicted marking phase length: 0.00ms, prediction active: false
[12.124s][debug][gc,ergo,refine ] GC(55) Concurrent refinement times: Logged Cards Scan time goal: 20.00ms Logged Cards Scan time: 0.00ms HCC time: 0.00ms
[12.124s][debug][gc,ergo,refine ] GC(55) Updated Refinement Zones: green: 2048, yellow: 6144, red: 10240
[12.124s][info ][gc,phases      ] GC(55)   Pre Evacuate Collection Set: 0.1ms
[12.124s][debug][gc,phases      ] GC(55)     Prepare TLABs: 0.0ms
[12.124s][debug][gc,phases      ] GC(55)     Choose Collection Set: 0.0ms
[12.124s][debug][gc,phases      ] GC(55)     Region Register: 0.1ms
[12.124s][debug][gc,phases      ] GC(55)     Prepare Heap Roots: 0.0ms
[12.124s][info ][gc,phases      ] GC(55)   Merge Heap Roots: 0.1ms
[12.124s][debug][gc,phases      ] GC(55)     Prepare Merge Heap Roots: 0.0ms
[12.124s][debug][gc,phases      ] GC(55)     Eager Reclaim (ms):       skipped
[12.124s][debug][gc,phases      ] GC(55)     Remembered Sets (ms):     Min:  0.0, Avg:  0.0, Max:  0.0, Diff:  0.0, Sum:  0.1, Workers: 8
[12.124s][debug][gc,phases      ] GC(55)       Merged Sparse:            Min: 0, Avg:  0.0, Max: 0, Diff: 0, Sum: 0, Workers: 8
[12.124s][debug][gc,phases      ] GC(55)       Merged Fine:              Min: 0, Avg:  0.0, Max: 0, Diff: 0, Sum: 0, Workers: 8
[12.124s][debug][gc,phases      ] GC(55)       Merged Coarse:            Min: 0, Avg:  0.0, Max: 0, Diff: 0, Sum: 0, Workers: 8
[12.124s][debug][gc,phases      ] GC(55)       Dirty Cards:              Min: 0, Avg:  0.0, Max: 0, Diff: 0, Sum: 0, Workers: 8
[12.124s][debug][gc,phases      ] GC(55)     Hot Card Cache (ms):      Min:  0.0, Avg:  0.0, Max:  0.0, Diff:  0.0, Sum:  0.0, Workers: 8
[12.124s][debug][gc,phases      ] GC(55)       Dirty Cards:              Min: 0, Avg:  0.0, Max: 0, Diff: 0, Sum: 0, Workers: 8
[12.124s][debug][gc,phases      ] GC(55)       Skipped Cards:            Min: 0, Avg:  0.0, Max: 0, Diff: 0, Sum: 0, Workers: 8
[12.124s][debug][gc,phases      ] GC(55)     Log Buffers (ms):         Min:  0.0, Avg:  0.0, Max:  0.0, Diff:  0.0, Sum:  0.0, Workers: 8
[12.124s][debug][gc,phases      ] GC(55)       Dirty Cards:              Min: 0, Avg:  0.1, Max: 1, Diff: 1, Sum: 1, Workers: 8
[12.124s][debug][gc,phases      ] GC(55)       Skipped Cards:            Min: 0, Avg:  0.0, Max: 0, Diff: 0, Sum: 0, Workers: 8
[12.124s][info ][gc,phases      ] GC(55)   Evacuate Collection Set: 0.2ms
[12.124s][debug][gc,phases      ] GC(55)     Ext Root Scanning (ms):   Min:  0.0, Avg:  0.1, Max:  0.1, Diff:  0.1, Sum:  0.4, Workers: 8
[12.124s][debug][gc,phases      ] GC(55)     Scan Heap Roots (ms):     Min:  0.0, Avg:  0.0, Max:  0.0, Diff:  0.0, Sum:  0.0, Workers: 8
[12.124s][debug][gc,phases      ] GC(55)       Scanned Cards:            Min: 0, Avg:  0.1, Max: 1, Diff: 1, Sum: 1, Workers: 8
[12.124s][debug][gc,phases      ] GC(55)       Scanned Blocks:           Min: 0, Avg:  0.1, Max: 1, Diff: 1, Sum: 1, Workers: 8
[12.124s][debug][gc,phases      ] GC(55)       Claimed Chunks:           Min: 0, Avg:  0.1, Max: 1, Diff: 1, Sum: 1, Workers: 8
[12.124s][debug][gc,phases      ] GC(55)     Code Root Scan (ms):      Min:  0.0, Avg:  0.0, Max:  0.0, Diff:  0.0, Sum:  0.1, Workers: 8
[12.124s][debug][gc,phases      ] GC(55)     Object Copy (ms):         Min:  0.0, Avg:  0.0, Max:  0.0, Diff:  0.0, Sum:  0.0, Workers: 8
[12.124s][debug][gc,phases      ] GC(55)     Termination (ms):         Min:  0.1, Avg:  0.1, Max:  0.1, Diff:  0.0, Sum:  0.7, Workers: 8
[12.124s][debug][gc,phases      ] GC(55)       Termination Attempts:     Min: 1, Avg:  1.0, Max: 1, Diff: 0, Sum: 8, Workers: 8
[12.124s][debug][gc,phases      ] GC(55)     GC Worker Other (ms):     Min:  0.0, Avg:  0.0, Max:  0.0, Diff:  0.0, Sum:  0.1, Workers: 8
[12.124s][debug][gc,phases      ] GC(55)     GC Worker Total (ms):     Min:  0.1, Avg:  0.2, Max:  0.2, Diff:  0.1, Sum:  1.4, Workers: 8
[12.124s][info ][gc,phases      ] GC(55)   Post Evacuate Collection Set: 0.5ms
[12.124s][debug][gc,phases      ] GC(55)     Code Roots Fixup: 0.0ms
[12.124s][debug][gc,phases      ] GC(55)     Clear Card Table: 0.1ms
[12.124s][debug][gc,phases      ] GC(55)     Reference Processing: 0.0ms
[12.124s][debug][gc,phases,ref  ] GC(55)       Reconsider SoftReferences: 0.0ms
[12.124s][debug][gc,phases,ref  ] GC(55)         SoftRef (ms):             skipped
[12.124s][debug][gc,phases,ref  ] GC(55)       Notify Soft/WeakReferences: 0.0ms
[12.124s][debug][gc,phases,ref  ] GC(55)         SoftRef (ms):             skipped
[12.124s][debug][gc,phases,ref  ] GC(55)         WeakRef (ms):             skipped
[12.124s][debug][gc,phases,ref  ] GC(55)         FinalRef (ms):            skipped
[12.124s][debug][gc,phases,ref  ] GC(55)         Total (ms):               skipped
[12.124s][debug][gc,phases,ref  ] GC(55)       Notify and keep alive finalizable: 0.0ms
[12.124s][debug][gc,phases,ref  ] GC(55)         FinalRef (ms):            skipped
[12.124s][debug][gc,phases,ref  ] GC(55)       Notify PhantomReferences: 0.0ms
[12.124s][debug][gc,phases,ref  ] GC(55)         PhantomRef (ms):          skipped
[12.124s][debug][gc,phases,ref  ] GC(55)       SoftReference:
[12.124s][debug][gc,phases,ref  ] GC(55)         Discovered: 0
[12.124s][debug][gc,phases,ref  ] GC(55)         Cleared: 0
[12.124s][debug][gc,phases,ref  ] GC(55)       WeakReference:
[12.124s][debug][gc,phases,ref  ] GC(55)         Discovered: 0
[12.124s][debug][gc,phases,ref  ] GC(55)         Cleared: 0
[12.124s][debug][gc,phases,ref  ] GC(55)       FinalReference:
[12.124s][debug][gc,phases,ref  ] GC(55)         Discovered: 0
[12.124s][debug][gc,phases,ref  ] GC(55)         Cleared: 0
[12.124s][debug][gc,phases,ref  ] GC(55)       PhantomReference:
[12.124s][debug][gc,phases,ref  ] GC(55)         Discovered: 0
[12.124s][debug][gc,phases,ref  ] GC(55)         Cleared: 0
[12.124s][debug][gc,phases      ] GC(55)     Weak Processing: 0.1ms
[12.124s][debug][gc,phases      ] GC(55)       JVMTI weak processing: 0.0ms
[12.124s][debug][gc,phases      ] GC(55)         Dead: 0
[12.124s][debug][gc,phases      ] GC(55)         Total: 0
[12.124s][debug][gc,phases      ] GC(55)       JFR weak processing: 0.0ms
[12.124s][debug][gc,phases      ] GC(55)         Dead: 0
[12.124s][debug][gc,phases      ] GC(55)         Total: 0
[12.124s][debug][gc,phases      ] GC(55)       JNI weak                  Min:  0.0, Avg:  0.0, Max:  0.0, Diff:  0.0, Sum:  0.1, Workers: 5
[12.124s][debug][gc,phases      ] GC(55)         Dead                      Min: 0, Avg:  0.0, Max: 0, Diff: 0, Sum: 0, Workers: 5
[12.124s][debug][gc,phases      ] GC(55)         Total                     Min: 0, Avg: 12.6, Max: 63, Diff: 63, Sum: 63, Workers: 5
[12.124s][debug][gc,phases      ] GC(55)       VM weak                   Min:  0.0, Avg:  0.0, Max:  0.0, Diff:  0.0, Sum:  0.0, Workers: 5
[12.124s][debug][gc,phases      ] GC(55)         Dead                      Min: 0, Avg:  0.0, Max: 0, Diff: 0, Sum: 0, Workers: 5
[12.124s][debug][gc,phases      ] GC(55)         Total                     Min: 0, Avg: 44.0, Max: 220, Diff: 220, Sum: 220, Workers: 5
[12.124s][debug][gc,phases      ] GC(55)       StringTable weak          Min:  0.0, Avg:  0.0, Max:  0.1, Diff:  0.1, Sum:  0.1, Workers: 5
[12.124s][debug][gc,phases      ] GC(55)         Dead                      Min: 0, Avg:  0.0, Max: 0, Diff: 0, Sum: 0, Workers: 5
[12.124s][debug][gc,phases      ] GC(55)         Total                     Min: 0, Avg: 718.4, Max: 2688, Diff: 2688, Sum: 3592, Workers: 5
[12.124s][debug][gc,phases      ] GC(55)       ResolvedMethodTable weak  Min:  0.0, Avg:  0.0, Max:  0.0, Diff:  0.0, Sum:  0.0, Workers: 5
[12.124s][debug][gc,phases      ] GC(55)         Dead                      Min: 0, Avg:  0.0, Max: 0, Diff: 0, Sum: 0, Workers: 5
[12.124s][debug][gc,phases      ] GC(55)         Total                     Min: 0, Avg: 116.6, Max: 192, Diff: 192, Sum: 583, Workers: 5
[12.124s][debug][gc,phases      ] GC(55)     Merge Per-Thread State: 0.0ms
[12.124s][debug][gc,phases      ] GC(55)       Copied Bytes              Min: 24, Avg: 37.0, Max: 72, Diff: 48, Sum: 296, Workers: 8
[12.124s][debug][gc,phases      ] GC(55)       LAB Waste                 Min: 0, Avg:  0.0, Max: 0, Diff: 0, Sum: 0, Workers: 8
[12.124s][debug][gc,phases      ] GC(55)       LAB Undo Waste            Min: 0, Avg:  0.0, Max: 0, Diff: 0, Sum: 0, Workers: 8
[12.124s][debug][gc,phases      ] GC(55)     Code Roots Purge: 0.0ms
[12.124s][debug][gc,phases      ] GC(55)     Redirty Cards: 0.0ms
[12.124s][debug][gc,phases      ] GC(55)     DerivedPointerTable Update: 0.0ms
[12.124s][debug][gc,phases      ] GC(55)     Free Collection Set: 0.2ms
[12.124s][debug][gc,phases      ] GC(55)     Rebuild Free List: 0.1ms
[12.124s][debug][gc,phases      ] GC(55)     Humongous Reclaim: 0.0ms
[12.124s][debug][gc,phases      ] GC(55)     Start New Collection Set: 0.0ms
[12.124s][debug][gc,phases      ] GC(55)     Resize TLABs: 0.0ms
[12.124s][debug][gc,phases      ] GC(55)     Expand Heap After Collection: 0.0ms
[12.124s][info ][gc,phases      ] GC(55)   Other: 0.3ms
[12.124s][info ][gc,heap        ] GC(55) Eden regions: 186->0(186)
[12.124s][info ][gc,heap        ] GC(55) Survivor regions: 1->1(24)
[12.124s][info ][gc,heap        ] GC(55) Old regions: 7->7
[12.124s][info ][gc,heap        ] GC(55) Archive regions: 2->2
[12.124s][info ][gc,heap        ] GC(55) Humongous regions: 0->0
[12.124s][info ][gc,metaspace   ] GC(55) Metaspace: 10391K(10880K)->10391K(10880K) NonClass: 9188K(9472K)->9188K(9472K) Class: 1202K(1408K)->1202K(1408K)
[12.124s][debug][gc,heap        ] GC(55) Heap after GC invocations=56 (full 1): garbage-first heap   total 319488K, used 4340K [0x0000000700000000, 0x0000000800000000)
[12.124s][debug][gc,heap        ] GC(55)   region size 1024K, 1 young (1024K), 1 survivors (1024K)
[12.124s][debug][gc,heap        ] GC(55)  Metaspace       used 10391K, capacity 10712K, committed 10880K, reserved 1058816K
[12.124s][debug][gc,heap        ] GC(55)   class space    used 1202K, capacity 1338K, committed 1408K, reserved 1048576K
[12.124s][info ][gc             ] GC(55) Pause Young (Normal) (G1 Evacuation Pause) 190M->4M(312M) 1.702ms
[12.124s][info ][gc,cpu         ] GC(55) User=0.00s Sys=0.00s Real=0.00s
[12.124s][info ][safepoint      ] Safepoint "G1CollectForAllocation", Time since last: 157895186 ns, Reaching safepoint: 124103 ns, At safepoint: 1882406 ns, Total: 2006509 ns
[12.286s][debug][gc,heap        ] GC(56) Heap before GC invocations=56 (full 1): garbage-first heap   total 319488K, used 194804K [0x0000000700000000, 0x0000000800000000)
[12.286s][debug][gc,heap        ] GC(56)   region size 1024K, 187 young (191488K), 1 survivors (1024K)
[12.286s][debug][gc,heap        ] GC(56)  Metaspace       used 10391K, capacity 10712K, committed 10880K, reserved 1058816K
[12.286s][debug][gc,heap        ] GC(56)   class space    used 1202K, capacity 1338K, committed 1408K, reserved 1048576K
[12.286s][info ][gc,start       ] GC(56) Pause Young (Normal) (G1 Evacuation Pause)
[12.286s][info ][gc,task        ] GC(56) Using 8 workers of 8 for evacuation
[12.286s][debug][gc,tlab        ] GC(56) TLAB totals: thrds: 8  refills: 748 max: 100 slow allocs: 0 max 0 waste:  1.1% gc: 1631032B max: 411528B slow: 432328B max: 57632B fast: 0B max: 0B
[12.286s][debug][gc,age         ] GC(56) Desired survivor size 12582912 bytes, new threshold 15 (max threshold 15)
[12.286s][debug][gc,alloc,region] GC(56) Mutator Allocation stats, regions: 186, wasted size: 0B ( 0.0%)
[12.286s][debug][gc,ergo        ] GC(56) Running G1 Merge Heap Roots using 8 workers for 187 regions
[12.286s][debug][gc,remset      ] GC(56) Visited cards 256 Total dirty 2048 (12.50%) Total old 784384 (0.03%)
[12.286s][debug][gc,ergo        ] GC(56) Running G1 Clear Card Table Task using 1 workers for 1 units of work for 188 regions.
[12.286s][debug][gc,ref         ] GC(56) Skipped phase1 of Reference Processing due to unavailable references
[12.286s][debug][gc,ref         ] GC(56) Skipped phase2 of Reference Processing due to unavailable references
[12.286s][debug][gc,ref         ] GC(56) Skipped phase3 of Reference Processing due to unavailable references
[12.286s][debug][gc,ref         ] GC(56) Skipped phase4 of Reference Processing due to unavailable references
[12.287s][debug][gc,ergo        ] GC(56) Running G1 Free Collection Set using 8 workers for collection set length 187 (312)
[12.287s][debug][gc,ergo        ] GC(56) Running G1 Rebuild Free List Task using 8 workers for rebuilding free list of 0 (4096) regions
[12.287s][trace][gc,age         ] GC(56) Age table with threshold 15 (max threshold 15)
[12.287s][trace][gc,age         ] GC(56) - age   1:        424 bytes,        424 total
[12.287s][debug][gc,plab        ] GC(56) Young PLAB allocation: allocated: 8256B, wasted: 0B, unused: 7832B, used: 424B, undo waste: 0B, 
[12.287s][debug][gc,plab        ] GC(56) Young other allocation: region end waste: 0B, regions filled: 1, direct allocated: 0B, failure used: 0B, failure wasted: 0B
[12.287s][debug][gc,plab        ] GC(56) Young sizing: calculated: 80B, actual: 2064B
[12.287s][debug][gc,plab        ] GC(56) Old PLAB allocation: allocated: 0B, wasted: 0B, unused: 0B, used: 0B, undo waste: 0B, 
[12.287s][debug][gc,plab        ] GC(56) Old other allocation: region end waste: 0B, regions filled: 1, direct allocated: 0B, failure used: 0B, failure wasted: 0B
[12.287s][debug][gc,plab        ] GC(56) Old sizing: calculated: 0B, actual: 2064B
[12.287s][debug][gc,ihop        ] GC(56) Basic information (value update), threshold: 147220070B (45.00), target occupancy: 327155712B, current occupancy: 4436616B, recent allocation size: 0B, recent allocation duration: 162.40ms, recent old gen allocation rate: 0.00B/s, recent marking phase length: 0.00ms
[12.287s][debug][gc,ihop        ] GC(56) Adaptive IHOP information (value update), threshold: 147220070B (47.37), internal target occupancy: 310797926B, occupancy: 4436616B, additional buffer size: 196083712B, predicted old gen allocation rate: 33485.57B/s, predicted marking phase length: 0.00ms, prediction active: false
[12.287s][debug][gc,ergo,refine ] GC(56) Concurrent refinement times: Logged Cards Scan time goal: 20.00ms Logged Cards Scan time: 0.00ms HCC time: 0.00ms
[12.287s][debug][gc,ergo,refine ] GC(56) Updated Refinement Zones: green: 2048, yellow: 6144, red: 10240
[12.287s][info ][gc,phases      ] GC(56)   Pre Evacuate Collection Set: 0.1ms
[12.287s][debug][gc,phases      ] GC(56)     Prepare TLABs: 0.0ms
[12.287s][debug][gc,phases      ] GC(56)     Choose Collection Set: 0.0ms
[12.287s][debug][gc,phases      ] GC(56)     Region Register: 0.1ms
[12.287s][debug][gc,phases      ] GC(56)     Prepare Heap Roots: 0.0ms
[12.287s][info ][gc,phases      ] GC(56)   Merge Heap Roots: 0.1ms
[12.287s][debug][gc,phases      ] GC(56)     Prepare Merge Heap Roots: 0.0ms
[12.287s][debug][gc,phases      ] GC(56)     Eager Reclaim (ms):       skipped
[12.287s][debug][gc,phases      ] GC(56)     Remembered Sets (ms):     Min:  0.0, Avg:  0.0, Max:  0.0, Diff:  0.0, Sum:  0.0, Workers: 8
[12.287s][debug][gc,phases      ] GC(56)       Merged Sparse:            Min: 0, Avg:  0.0, Max: 0, Diff: 0, Sum: 0, Workers: 8
[12.287s][debug][gc,phases      ] GC(56)       Merged Fine:              Min: 0, Avg:  0.0, Max: 0, Diff: 0, Sum: 0, Workers: 8
[12.287s][debug][gc,phases      ] GC(56)       Merged Coarse:            Min: 0, Avg:  0.0, Max: 0, Diff: 0, Sum: 0, Workers: 8
[12.287s][debug][gc,phases      ] GC(56)       Dirty Cards:              Min: 0, Avg:  0.0, Max: 0, Diff: 0, Sum: 0, Workers: 8
[12.287s][debug][gc,phases      ] GC(56)     Hot Card Cache (ms):      Min:  0.0, Avg:  0.0, Max:  0.0, Diff:  0.0, Sum:  0.0, Workers: 8
[12.287s][debug][gc,phases      ] GC(56)       Dirty Cards:              Min: 0, Avg:  0.0, Max: 0, Diff: 0, Sum: 0, Workers: 8
[12.287s][debug][gc,phases      ] GC(56)       Skipped Cards:            Min: 0, Avg:  0.0, Max: 0, Diff: 0, Sum: 0, Workers: 8
[12.287s][debug][gc,phases      ] GC(56)     Log Buffers (ms):         Min:  0.0, Avg:  0.0, Max:  0.0, Diff:  0.0, Sum:  0.0, Workers: 8
[12.287s][debug][gc,phases      ] GC(56)       Dirty Cards:              Min: 0, Avg:  0.1, Max: 1, Diff: 1, Sum: 1, Workers: 8
[12.287s][debug][gc,phases      ] GC(56)       Skipped Cards:            Min: 0, Avg:  0.0, Max: 0, Diff: 0, Sum: 0, Workers: 8
[12.287s][info ][gc,phases      ] GC(56)   Evacuate Collection Set: 0.1ms
[12.287s][debug][gc,phases      ] GC(56)     Ext Root Scanning (ms):   Min:  0.0, Avg:  0.0, Max:  0.1, Diff:  0.1, Sum:  0.2, Workers: 8
[12.287s][debug][gc,phases      ] GC(56)     Scan Heap Roots (ms):     Min:  0.0, Avg:  0.0, Max:  0.0, Diff:  0.0, Sum:  0.0, Workers: 8
[12.287s][debug][gc,phases      ] GC(56)       Scanned Cards:            Min: 0, Avg:  0.1, Max: 1, Diff: 1, Sum: 1, Workers: 8
[12.287s][debug][gc,phases      ] GC(56)       Scanned Blocks:           Min: 0, Avg:  0.1, Max: 1, Diff: 1, Sum: 1, Workers: 8
[12.287s][debug][gc,phases      ] GC(56)       Claimed Chunks:           Min: 0, Avg:  0.1, Max: 1, Diff: 1, Sum: 1, Workers: 8
[12.287s][debug][gc,phases      ] GC(56)     Code Root Scan (ms):      Min:  0.0, Avg:  0.0, Max:  0.0, Diff:  0.0, Sum:  0.0, Workers: 8
[12.287s][debug][gc,phases      ] GC(56)     Object Copy (ms):         Min:  0.0, Avg:  0.0, Max:  0.0, Diff:  0.0, Sum:  0.0, Workers: 8
[12.287s][debug][gc,phases      ] GC(56)     Termination (ms):         Min:  0.0, Avg:  0.0, Max:  0.0, Diff:  0.0, Sum:  0.3, Workers: 8
[12.287s][debug][gc,phases      ] GC(56)       Termination Attempts:     Min: 1, Avg:  1.0, Max: 1, Diff: 0, Sum: 8, Workers: 8
[12.287s][debug][gc,phases      ] GC(56)     GC Worker Other (ms):     Min:  0.0, Avg:  0.0, Max:  0.0, Diff:  0.0, Sum:  0.1, Workers: 8
[12.287s][debug][gc,phases      ] GC(56)     GC Worker Total (ms):     Min:  0.1, Avg:  0.1, Max:  0.1, Diff:  0.1, Sum:  0.7, Workers: 8
[12.287s][info ][gc,phases      ] GC(56)   Post Evacuate Collection Set: 0.4ms
[12.287s][debug][gc,phases      ] GC(56)     Code Roots Fixup: 0.0ms
[12.287s][debug][gc,phases      ] GC(56)     Clear Card Table: 0.1ms
[12.287s][debug][gc,phases      ] GC(56)     Reference Processing: 0.0ms
[12.287s][debug][gc,phases,ref  ] GC(56)       Reconsider SoftReferences: 0.0ms
[12.287s][debug][gc,phases,ref  ] GC(56)         SoftRef (ms):             skipped
[12.287s][debug][gc,phases,ref  ] GC(56)       Notify Soft/WeakReferences: 0.0ms
[12.287s][debug][gc,phases,ref  ] GC(56)         SoftRef (ms):             skipped
[12.287s][debug][gc,phases,ref  ] GC(56)         WeakRef (ms):             skipped
[12.287s][debug][gc,phases,ref  ] GC(56)         FinalRef (ms):            skipped
[12.287s][debug][gc,phases,ref  ] GC(56)         Total (ms):               skipped
[12.287s][debug][gc,phases,ref  ] GC(56)       Notify and keep alive finalizable: 0.0ms
[12.287s][debug][gc,phases,ref  ] GC(56)         FinalRef (ms):            skipped
[12.287s][debug][gc,phases,ref  ] GC(56)       Notify PhantomReferences: 0.0ms
[12.287s][debug][gc,phases,ref  ] GC(56)         PhantomRef (ms):          skipped
[12.287s][debug][gc,phases,ref  ] GC(56)       SoftReference:
[12.287s][debug][gc,phases,ref  ] GC(56)         Discovered: 0
[12.287s][debug][gc,phases,ref  ] GC(56)         Cleared: 0
[12.287s][debug][gc,phases,ref  ] GC(56)       WeakReference:
[12.287s][debug][gc,phases,ref  ] GC(56)         Discovered: 0
[12.287s][debug][gc,phases,ref  ] GC(56)         Cleared: 0
[12.287s][debug][gc,phases,ref  ] GC(56)       FinalReference:
[12.287s][debug][gc,phases,ref  ] GC(56)         Discovered: 0
[12.287s][debug][gc,phases,ref  ] GC(56)         Cleared: 0
[12.287s][debug][gc,phases,ref  ] GC(56)       PhantomReference:
[12.287s][debug][gc,phases,ref  ] GC(56)         Discovered: 0
[12.287s][debug][gc,phases,ref  ] GC(56)         Cleared: 0
[12.287s][debug][gc,phases      ] GC(56)     Weak Processing: 0.1ms
[12.287s][debug][gc,phases      ] GC(56)       JVMTI weak processing: 0.0ms
[12.287s][debug][gc,phases      ] GC(56)         Dead: 0
[12.287s][debug][gc,phases      ] GC(56)         Total: 0
[12.287s][debug][gc,phases      ] GC(56)       JFR weak processing: 0.0ms
[12.287s][debug][gc,phases      ] GC(56)         Dead: 0
[12.287s][debug][gc,phases      ] GC(56)         Total: 0
[12.287s][debug][gc,phases      ] GC(56)       JNI weak                  Min:  0.0, Avg:  0.0, Max:  0.0, Diff:  0.0, Sum:  0.1, Workers: 5
[12.287s][debug][gc,phases      ] GC(56)         Dead                      Min: 0, Avg:  0.0, Max: 0, Diff: 0, Sum: 0, Workers: 5
[12.287s][debug][gc,phases      ] GC(56)         Total                     Min: 0, Avg: 12.6, Max: 63, Diff: 63, Sum: 63, Workers: 5
[12.287s][debug][gc,phases      ] GC(56)       VM weak                   Min:  0.0, Avg:  0.0, Max:  0.0, Diff:  0.0, Sum:  0.0, Workers: 5
[12.287s][debug][gc,phases      ] GC(56)         Dead                      Min: 0, Avg:  0.0, Max: 0, Diff: 0, Sum: 0, Workers: 5
[12.287s][debug][gc,phases      ] GC(56)         Total                     Min: 0, Avg: 44.0, Max: 220, Diff: 220, Sum: 220, Workers: 5
[12.287s][debug][gc,phases      ] GC(56)       StringTable weak          Min:  0.0, Avg:  0.0, Max:  0.1, Diff:  0.1, Sum:  0.1, Workers: 5
[12.287s][debug][gc,phases      ] GC(56)         Dead                      Min: 0, Avg:  0.0, Max: 0, Diff: 0, Sum: 0, Workers: 5
[12.287s][debug][gc,phases      ] GC(56)         Total                     Min: 0, Avg: 718.4, Max: 2752, Diff: 2752, Sum: 3592, Workers: 5
[12.287s][debug][gc,phases      ] GC(56)       ResolvedMethodTable weak  Min:  0.0, Avg:  0.0, Max:  0.0, Diff:  0.0, Sum:  0.1, Workers: 5
[12.287s][debug][gc,phases      ] GC(56)         Dead                      Min: 0, Avg:  0.0, Max: 0, Diff: 0, Sum: 0, Workers: 5
[12.287s][debug][gc,phases      ] GC(56)         Total                     Min: 0, Avg: 116.6, Max: 192, Diff: 192, Sum: 583, Workers: 5
[12.287s][debug][gc,phases      ] GC(56)     Merge Per-Thread State: 0.0ms
[12.287s][debug][gc,phases      ] GC(56)       Copied Bytes              Min: 0, Avg: 53.0, Max: 152, Diff: 152, Sum: 424, Workers: 8
[12.287s][debug][gc,phases      ] GC(56)       LAB Waste                 Min: 0, Avg:  0.0, Max: 0, Diff: 0, Sum: 0, Workers: 8
[12.287s][debug][gc,phases      ] GC(56)       LAB Undo Waste            Min: 0, Avg:  0.0, Max: 0, Diff: 0, Sum: 0, Workers: 8
[12.287s][debug][gc,phases      ] GC(56)     Code Roots Purge: 0.0ms
[12.287s][debug][gc,phases      ] GC(56)     Redirty Cards: 0.0ms
[12.287s][debug][gc,phases      ] GC(56)     DerivedPointerTable Update: 0.0ms
[12.287s][debug][gc,phases      ] GC(56)     Free Collection Set: 0.1ms
[12.287s][debug][gc,phases      ] GC(56)     Rebuild Free List: 0.1ms
[12.287s][debug][gc,phases      ] GC(56)     Humongous Reclaim: 0.0ms
[12.287s][debug][gc,phases      ] GC(56)     Start New Collection Set: 0.0ms
[12.287s][debug][gc,phases      ] GC(56)     Resize TLABs: 0.0ms
[12.287s][debug][gc,phases      ] GC(56)     Expand Heap After Collection: 0.0ms
[12.287s][info ][gc,phases      ] GC(56)   Other: 0.3ms
[12.287s][info ][gc,heap        ] GC(56) Eden regions: 186->0(186)
[12.287s][info ][gc,heap        ] GC(56) Survivor regions: 1->1(24)
[12.287s][info ][gc,heap        ] GC(56) Old regions: 7->7
[12.287s][info ][gc,heap        ] GC(56) Archive regions: 2->2
[12.287s][info ][gc,heap        ] GC(56) Humongous regions: 0->0
[12.287s][info ][gc,metaspace   ] GC(56) Metaspace: 10391K(10880K)->10391K(10880K) NonClass: 9188K(9472K)->9188K(9472K) Class: 1202K(1408K)->1202K(1408K)
[12.287s][debug][gc,heap        ] GC(56) Heap after GC invocations=57 (full 1): garbage-first heap   total 319488K, used 4332K [0x0000000700000000, 0x0000000800000000)
[12.287s][debug][gc,heap        ] GC(56)   region size 1024K, 1 young (1024K), 1 survivors (1024K)
[12.287s][debug][gc,heap        ] GC(56)  Metaspace       used 10391K, capacity 10712K, committed 10880K, reserved 1058816K
[12.287s][debug][gc,heap        ] GC(56)   class space    used 1202K, capacity 1338K, committed 1408K, reserved 1048576K
[12.287s][info ][gc             ] GC(56) Pause Young (Normal) (G1 Evacuation Pause) 190M->4M(312M) 1.488ms
[12.287s][info ][gc,cpu         ] GC(56) User=0.00s Sys=0.01s Real=0.00s
[12.287s][info ][safepoint      ] Safepoint "G1CollectForAllocation", Time since last: 161391863 ns, Reaching safepoint: 149302 ns, At safepoint: 1694561 ns, Total: 1843863 ns
[12.449s][debug][gc,heap        ] GC(57) Heap before GC invocations=57 (full 1): garbage-first heap   total 319488K, used 194796K [0x0000000700000000, 0x0000000800000000)
[12.450s][debug][gc,heap        ] GC(57)   region size 1024K, 187 young (191488K), 1 survivors (1024K)
[12.450s][debug][gc,heap        ] GC(57)  Metaspace       used 10391K, capacity 10712K, committed 10880K, reserved 1058816K
[12.450s][debug][gc,heap        ] GC(57)   class space    used 1202K, capacity 1338K, committed 1408K, reserved 1048576K
[12.450s][info ][gc,start       ] GC(57) Pause Young (Normal) (G1 Evacuation Pause)
[12.450s][info ][gc,task        ] GC(57) Using 8 workers of 8 for evacuation
[12.450s][debug][gc,tlab        ] GC(57) TLAB totals: thrds: 8  refills: 744 max: 99 slow allocs: 0 max 0 waste:  1.0% gc: 1471832B max: 398832B slow: 431152B max: 57112B fast: 0B max: 0B
[12.450s][debug][gc,age         ] GC(57) Desired survivor size 12582912 bytes, new threshold 15 (max threshold 15)
[12.450s][debug][gc,alloc,region] GC(57) Mutator Allocation stats, regions: 186, wasted size: 0B ( 0.0%)
[12.450s][debug][gc,ergo        ] GC(57) Running G1 Merge Heap Roots using 8 workers for 187 regions
[12.450s][debug][gc,remset      ] GC(57) Visited cards 256 Total dirty 2048 (12.50%) Total old 784384 (0.03%)
[12.450s][debug][gc,ergo        ] GC(57) Running G1 Clear Card Table Task using 1 workers for 1 units of work for 188 regions.
[12.450s][debug][gc,ref         ] GC(57) Skipped phase1 of Reference Processing due to unavailable references
[12.450s][debug][gc,ref         ] GC(57) Skipped phase2 of Reference Processing due to unavailable references
[12.450s][debug][gc,ref         ] GC(57) Skipped phase3 of Reference Processing due to unavailable references
[12.450s][debug][gc,ref         ] GC(57) Skipped phase4 of Reference Processing due to unavailable references
[12.450s][debug][gc,ergo        ] GC(57) Running G1 Free Collection Set using 8 workers for collection set length 187 (312)
[12.450s][debug][gc,ergo        ] GC(57) Running G1 Rebuild Free List Task using 8 workers for rebuilding free list of 0 (4096) regions
[12.450s][trace][gc,age         ] GC(57) Age table with threshold 15 (max threshold 15)
[12.450s][trace][gc,age         ] GC(57) - age   1:        480 bytes,        480 total
[12.450s][debug][gc,plab        ] GC(57) Young PLAB allocation: allocated: 16512B, wasted: 0B, unused: 16032B, used: 480B, undo waste: 0B, 
[12.450s][debug][gc,plab        ] GC(57) Young other allocation: region end waste: 0B, regions filled: 1, direct allocated: 0B, failure used: 0B, failure wasted: 0B
[12.450s][debug][gc,plab        ] GC(57) Young sizing: calculated: 96B, actual: 2064B
[12.450s][debug][gc,plab        ] GC(57) Old PLAB allocation: allocated: 0B, wasted: 0B, unused: 0B, used: 0B, undo waste: 0B, 
[12.450s][debug][gc,plab        ] GC(57) Old other allocation: region end waste: 0B, regions filled: 1, direct allocated: 0B, failure used: 0B, failure wasted: 0B
[12.450s][debug][gc,plab        ] GC(57) Old sizing: calculated: 0B, actual: 2064B
[12.450s][debug][gc,ihop        ] GC(57) Basic information (value update), threshold: 147220070B (45.00), target occupancy: 327155712B, current occupancy: 4444872B, recent allocation size: 0B, recent allocation duration: 162.83ms, recent old gen allocation rate: 0.00B/s, recent marking phase length: 0.00ms
[12.450s][debug][gc,ihop        ] GC(57) Adaptive IHOP information (value update), threshold: 147220070B (47.37), internal target occupancy: 310797926B, occupancy: 4444872B, additional buffer size: 196083712B, predicted old gen allocation rate: 32360.45B/s, predicted marking phase length: 0.00ms, prediction active: false
[12.450s][debug][gc,ergo,refine ] GC(57) Concurrent refinement times: Logged Cards Scan time goal: 20.00ms Logged Cards Scan time: 0.00ms HCC time: 0.00ms
[12.450s][debug][gc,ergo,refine ] GC(57) Updated Refinement Zones: green: 2048, yellow: 6144, red: 10240
[12.450s][info ][gc,phases      ] GC(57)   Pre Evacuate Collection Set: 0.1ms
[12.450s][debug][gc,phases      ] GC(57)     Prepare TLABs: 0.0ms
[12.450s][debug][gc,phases      ] GC(57)     Choose Collection Set: 0.0ms
[12.450s][debug][gc,phases      ] GC(57)     Region Register: 0.1ms
[12.450s][debug][gc,phases      ] GC(57)     Prepare Heap Roots: 0.0ms
[12.450s][info ][gc,phases      ] GC(57)   Merge Heap Roots: 0.1ms
[12.450s][debug][gc,phases      ] GC(57)     Prepare Merge Heap Roots: 0.0ms
[12.450s][debug][gc,phases      ] GC(57)     Eager Reclaim (ms):       skipped
[12.450s][debug][gc,phases      ] GC(57)     Remembered Sets (ms):     Min:  0.0, Avg:  0.0, Max:  0.0, Diff:  0.0, Sum:  0.1, Workers: 8
[12.450s][debug][gc,phases      ] GC(57)       Merged Sparse:            Min: 0, Avg:  0.0, Max: 0, Diff: 0, Sum: 0, Workers: 8
[12.450s][debug][gc,phases      ] GC(57)       Merged Fine:              Min: 0, Avg:  0.0, Max: 0, Diff: 0, Sum: 0, Workers: 8
[12.450s][debug][gc,phases      ] GC(57)       Merged Coarse:            Min: 0, Avg:  0.0, Max: 0, Diff: 0, Sum: 0, Workers: 8
[12.450s][debug][gc,phases      ] GC(57)       Dirty Cards:              Min: 0, Avg:  0.0, Max: 0, Diff: 0, Sum: 0, Workers: 8
[12.451s][debug][gc,phases      ] GC(57)     Hot Card Cache (ms):      Min:  0.0, Avg:  0.0, Max:  0.0, Diff:  0.0, Sum:  0.0, Workers: 8
[12.451s][debug][gc,phases      ] GC(57)       Dirty Cards:              Min: 0, Avg:  0.0, Max: 0, Diff: 0, Sum: 0, Workers: 8
[12.451s][debug][gc,phases      ] GC(57)       Skipped Cards:            Min: 0, Avg:  0.0, Max: 0, Diff: 0, Sum: 0, Workers: 8
[12.451s][debug][gc,phases      ] GC(57)     Log Buffers (ms):         Min:  0.0, Avg:  0.0, Max:  0.0, Diff:  0.0, Sum:  0.0, Workers: 8
[12.451s][debug][gc,phases      ] GC(57)       Dirty Cards:              Min: 0, Avg:  0.1, Max: 1, Diff: 1, Sum: 1, Workers: 8
[12.451s][debug][gc,phases      ] GC(57)       Skipped Cards:            Min: 0, Avg:  0.0, Max: 0, Diff: 0, Sum: 0, Workers: 8
[12.451s][info ][gc,phases      ] GC(57)   Evacuate Collection Set: 0.1ms
[12.451s][debug][gc,phases      ] GC(57)     Ext Root Scanning (ms):   Min:  0.0, Avg:  0.0, Max:  0.1, Diff:  0.1, Sum:  0.2, Workers: 8
[12.451s][debug][gc,phases      ] GC(57)     Scan Heap Roots (ms):     Min:  0.0, Avg:  0.0, Max:  0.0, Diff:  0.0, Sum:  0.0, Workers: 8
[12.451s][debug][gc,phases      ] GC(57)       Scanned Cards:            Min: 0, Avg:  0.1, Max: 1, Diff: 1, Sum: 1, Workers: 8
[12.451s][debug][gc,phases      ] GC(57)       Scanned Blocks:           Min: 0, Avg:  0.1, Max: 1, Diff: 1, Sum: 1, Workers: 8
[12.451s][debug][gc,phases      ] GC(57)       Claimed Chunks:           Min: 0, Avg:  0.1, Max: 1, Diff: 1, Sum: 1, Workers: 8
[12.451s][debug][gc,phases      ] GC(57)     Code Root Scan (ms):      Min:  0.0, Avg:  0.0, Max:  0.0, Diff:  0.0, Sum:  0.0, Workers: 8
[12.451s][debug][gc,phases      ] GC(57)     Object Copy (ms):         Min:  0.0, Avg:  0.0, Max:  0.0, Diff:  0.0, Sum:  0.0, Workers: 8
[12.451s][debug][gc,phases      ] GC(57)     Termination (ms):         Min:  0.0, Avg:  0.0, Max:  0.1, Diff:  0.0, Sum:  0.4, Workers: 8
[12.451s][debug][gc,phases      ] GC(57)       Termination Attempts:     Min: 1, Avg:  1.0, Max: 1, Diff: 0, Sum: 8, Workers: 8
[12.451s][debug][gc,phases      ] GC(57)     GC Worker Other (ms):     Min:  0.0, Avg:  0.0, Max:  0.0, Diff:  0.0, Sum:  0.1, Workers: 8
[12.451s][debug][gc,phases      ] GC(57)     GC Worker Total (ms):     Min:  0.1, Avg:  0.1, Max:  0.1, Diff:  0.0, Sum:  0.8, Workers: 8
[12.451s][info ][gc,phases      ] GC(57)   Post Evacuate Collection Set: 0.3ms
[12.451s][debug][gc,phases      ] GC(57)     Code Roots Fixup: 0.0ms
[12.451s][debug][gc,phases      ] GC(57)     Clear Card Table: 0.1ms
[12.451s][debug][gc,phases      ] GC(57)     Reference Processing: 0.0ms
[12.451s][debug][gc,phases,ref  ] GC(57)       Reconsider SoftReferences: 0.0ms
[12.451s][debug][gc,phases,ref  ] GC(57)         SoftRef (ms):             skipped
[12.451s][debug][gc,phases,ref  ] GC(57)       Notify Soft/WeakReferences: 0.0ms
[12.451s][debug][gc,phases,ref  ] GC(57)         SoftRef (ms):             skipped
[12.451s][debug][gc,phases,ref  ] GC(57)         WeakRef (ms):             skipped
[12.451s][debug][gc,phases,ref  ] GC(57)         FinalRef (ms):            skipped
[12.451s][debug][gc,phases,ref  ] GC(57)         Total (ms):               skipped
[12.451s][debug][gc,phases,ref  ] GC(57)       Notify and keep alive finalizable: 0.0ms
[12.451s][debug][gc,phases,ref  ] GC(57)         FinalRef (ms):            skipped
[12.451s][debug][gc,phases,ref  ] GC(57)       Notify PhantomReferences: 0.0ms
[12.451s][debug][gc,phases,ref  ] GC(57)         PhantomRef (ms):          skipped
[12.451s][debug][gc,phases,ref  ] GC(57)       SoftReference:
[12.451s][debug][gc,phases,ref  ] GC(57)         Discovered: 0
[12.451s][debug][gc,phases,ref  ] GC(57)         Cleared: 0
[12.451s][debug][gc,phases,ref  ] GC(57)       WeakReference:
[12.451s][debug][gc,phases,ref  ] GC(57)         Discovered: 0
[12.451s][debug][gc,phases,ref  ] GC(57)         Cleared: 0
[12.451s][debug][gc,phases,ref  ] GC(57)       FinalReference:
[12.451s][debug][gc,phases,ref  ] GC(57)         Discovered: 0
[12.451s][debug][gc,phases,ref  ] GC(57)         Cleared: 0
[12.451s][debug][gc,phases,ref  ] GC(57)       PhantomReference:
[12.451s][debug][gc,phases,ref  ] GC(57)         Discovered: 0
[12.451s][debug][gc,phases,ref  ] GC(57)         Cleared: 0
[12.451s][debug][gc,phases      ] GC(57)     Weak Processing: 0.1ms
[12.451s][debug][gc,phases      ] GC(57)       JVMTI weak processing: 0.0ms
[12.451s][debug][gc,phases      ] GC(57)         Dead: 0
[12.451s][debug][gc,phases      ] GC(57)         Total: 0
[12.451s][debug][gc,phases      ] GC(57)       JFR weak processing: 0.0ms
[12.451s][debug][gc,phases      ] GC(57)         Dead: 0
[12.451s][debug][gc,phases      ] GC(57)         Total: 0
[12.451s][debug][gc,phases      ] GC(57)       JNI weak                  Min:  0.0, Avg:  0.0, Max:  0.0, Diff:  0.0, Sum:  0.0, Workers: 5
[12.451s][debug][gc,phases      ] GC(57)         Dead                      Min: 0, Avg:  0.0, Max: 0, Diff: 0, Sum: 0, Workers: 5
[12.451s][debug][gc,phases      ] GC(57)         Total                     Min: 0, Avg: 12.6, Max: 59, Diff: 59, Sum: 63, Workers: 5
[12.451s][debug][gc,phases      ] GC(57)       VM weak                   Min:  0.0, Avg:  0.0, Max:  0.0, Diff:  0.0, Sum:  0.0, Workers: 5
[12.451s][debug][gc,phases      ] GC(57)         Dead                      Min: 0, Avg:  0.0, Max: 0, Diff: 0, Sum: 0, Workers: 5
[12.451s][debug][gc,phases      ] GC(57)         Total                     Min: 0, Avg: 44.0, Max: 64, Diff: 64, Sum: 220, Workers: 5
[12.451s][debug][gc,phases      ] GC(57)       StringTable weak          Min:  0.0, Avg:  0.0, Max:  0.0, Diff:  0.0, Sum:  0.1, Workers: 5
[12.451s][debug][gc,phases      ] GC(57)         Dead                      Min: 0, Avg:  0.0, Max: 0, Diff: 0, Sum: 0, Workers: 5
[12.451s][debug][gc,phases      ] GC(57)         Total                     Min: 0, Avg: 718.4, Max: 960, Diff: 960, Sum: 3592, Workers: 5
[12.451s][debug][gc,phases      ] GC(57)       ResolvedMethodTable weak  Min:  0.0, Avg:  0.0, Max:  0.0, Diff:  0.0, Sum:  0.1, Workers: 5
[12.451s][debug][gc,phases      ] GC(57)         Dead                      Min: 0, Avg:  0.0, Max: 0, Diff: 0, Sum: 0, Workers: 5
[12.451s][debug][gc,phases      ] GC(57)         Total                     Min: 7, Avg: 116.6, Max: 192, Diff: 185, Sum: 583, Workers: 5
[12.451s][debug][gc,phases      ] GC(57)     Merge Per-Thread State: 0.0ms
[12.451s][debug][gc,phases      ] GC(57)       Copied Bytes              Min: 24, Avg: 60.0, Max: 128, Diff: 104, Sum: 480, Workers: 8
[12.451s][debug][gc,phases      ] GC(57)       LAB Waste                 Min: 0, Avg:  0.0, Max: 0, Diff: 0, Sum: 0, Workers: 8
[12.451s][debug][gc,phases      ] GC(57)       LAB Undo Waste            Min: 0, Avg:  0.0, Max: 0, Diff: 0, Sum: 0, Workers: 8
[12.451s][debug][gc,phases      ] GC(57)     Code Roots Purge: 0.0ms
[12.451s][debug][gc,phases      ] GC(57)     Redirty Cards: 0.0ms
[12.451s][debug][gc,phases      ] GC(57)     DerivedPointerTable Update: 0.0ms
[12.451s][debug][gc,phases      ] GC(57)     Free Collection Set: 0.1ms
[12.451s][debug][gc,phases      ] GC(57)     Rebuild Free List: 0.0ms
[12.451s][debug][gc,phases      ] GC(57)     Humongous Reclaim: 0.0ms
[12.451s][debug][gc,phases      ] GC(57)     Start New Collection Set: 0.0ms
[12.451s][debug][gc,phases      ] GC(57)     Resize TLABs: 0.0ms
[12.451s][debug][gc,phases      ] GC(57)     Expand Heap After Collection: 0.0ms
[12.451s][info ][gc,phases      ] GC(57)   Other: 0.3ms
[12.451s][info ][gc,heap        ] GC(57) Eden regions: 186->0(186)
[12.451s][info ][gc,heap        ] GC(57) Survivor regions: 1->1(24)
[12.451s][info ][gc,heap        ] GC(57) Old regions: 7->7
[12.451s][info ][gc,heap        ] GC(57) Archive regions: 2->2
[12.451s][info ][gc,heap        ] GC(57) Humongous regions: 0->0
[12.451s][info ][gc,metaspace   ] GC(57) Metaspace: 10391K(10880K)->10391K(10880K) NonClass: 9188K(9472K)->9188K(9472K) Class: 1202K(1408K)->1202K(1408K)
[12.451s][debug][gc,heap        ] GC(57) Heap after GC invocations=58 (full 1): garbage-first heap   total 319488K, used 4340K [0x0000000700000000, 0x0000000800000000)
[12.451s][debug][gc,heap        ] GC(57)   region size 1024K, 1 young (1024K), 1 survivors (1024K)
[12.451s][debug][gc,heap        ] GC(57)  Metaspace       used 10391K, capacity 10712K, committed 10880K, reserved 1058816K
[12.451s][debug][gc,heap        ] GC(57)   class space    used 1202K, capacity 1338K, committed 1408K, reserved 1048576K
[12.451s][info ][gc             ] GC(57) Pause Young (Normal) (G1 Evacuation Pause) 190M->4M(312M) 1.465ms
[12.451s][info ][gc,cpu         ] GC(57) User=0.00s Sys=0.00s Real=0.00s
[12.451s][info ][safepoint      ] Safepoint "G1CollectForAllocation", Time since last: 161852791 ns, Reaching safepoint: 144503 ns, At safepoint: 1642958 ns, Total: 1787461 ns
[12.609s][debug][gc,heap        ] GC(58) Heap before GC invocations=58 (full 1): garbage-first heap   total 319488K, used 194804K [0x0000000700000000, 0x0000000800000000)
[12.609s][debug][gc,heap        ] GC(58)   region size 1024K, 187 young (191488K), 1 survivors (1024K)
[12.609s][debug][gc,heap        ] GC(58)  Metaspace       used 10391K, capacity 10712K, committed 10880K, reserved 1058816K
[12.609s][debug][gc,heap        ] GC(58)   class space    used 1202K, capacity 1338K, committed 1408K, reserved 1048576K
[12.609s][info ][gc,start       ] GC(58) Pause Young (Normal) (G1 Evacuation Pause)
[12.609s][info ][gc,task        ] GC(58) Using 8 workers of 8 for evacuation
[12.609s][debug][gc,tlab        ] GC(58) TLAB totals: thrds: 8  refills: 744 max: 101 slow allocs: 0 max 0 waste:  1.2% gc: 1955744B max: 406120B slow: 429952B max: 58160B fast: 0B max: 0B
[12.609s][debug][gc,age         ] GC(58) Desired survivor size 12582912 bytes, new threshold 15 (max threshold 15)
[12.609s][debug][gc,alloc,region] GC(58) Mutator Allocation stats, regions: 186, wasted size: 0B ( 0.0%)
[12.609s][debug][gc,ergo        ] GC(58) Running G1 Merge Heap Roots using 8 workers for 187 regions
[12.609s][debug][gc,remset      ] GC(58) Visited cards 256 Total dirty 2048 (12.50%) Total old 784384 (0.03%)
[12.610s][debug][gc,ergo        ] GC(58) Running G1 Clear Card Table Task using 1 workers for 1 units of work for 188 regions.
[12.610s][debug][gc,ref         ] GC(58) Skipped phase1 of Reference Processing due to unavailable references
[12.610s][debug][gc,ref         ] GC(58) Skipped phase2 of Reference Processing due to unavailable references
[12.610s][debug][gc,ref         ] GC(58) Skipped phase3 of Reference Processing due to unavailable references
[12.610s][debug][gc,ref         ] GC(58) Skipped phase4 of Reference Processing due to unavailable references
[12.610s][debug][gc,ergo        ] GC(58) Running G1 Free Collection Set using 8 workers for collection set length 187 (312)
[12.610s][debug][gc,ergo        ] GC(58) Running G1 Rebuild Free List Task using 8 workers for rebuilding free list of 0 (4096) regions
[12.610s][trace][gc,age         ] GC(58) Age table with threshold 15 (max threshold 15)
[12.610s][trace][gc,age         ] GC(58) - age   1:        608 bytes,        608 total
[12.610s][debug][gc,plab        ] GC(58) Young PLAB allocation: allocated: 12384B, wasted: 0B, unused: 11776B, used: 608B, undo waste: 0B, 
[12.610s][debug][gc,plab        ] GC(58) Young other allocation: region end waste: 0B, regions filled: 1, direct allocated: 0B, failure used: 0B, failure wasted: 0B
[12.610s][debug][gc,plab        ] GC(58) Young sizing: calculated: 120B, actual: 2064B
[12.610s][debug][gc,plab        ] GC(58) Old PLAB allocation: allocated: 0B, wasted: 0B, unused: 0B, used: 0B, undo waste: 0B, 
[12.610s][debug][gc,plab        ] GC(58) Old other allocation: region end waste: 0B, regions filled: 1, direct allocated: 0B, failure used: 0B, failure wasted: 0B
[12.610s][debug][gc,plab        ] GC(58) Old sizing: calculated: 0B, actual: 2064B
[12.610s][debug][gc,ihop        ] GC(58) Basic information (value update), threshold: 147220070B (45.00), target occupancy: 327155712B, current occupancy: 4440744B, recent allocation size: 0B, recent allocation duration: 158.81ms, recent old gen allocation rate: 0.00B/s, recent marking phase length: 0.00ms
[12.610s][debug][gc,ihop        ] GC(58) Adaptive IHOP information (value update), threshold: 147220070B (47.37), internal target occupancy: 310797926B, occupancy: 4440744B, additional buffer size: 196083712B, predicted old gen allocation rate: 31276.35B/s, predicted marking phase length: 0.00ms, prediction active: false
[12.610s][debug][gc,ergo,refine ] GC(58) Concurrent refinement times: Logged Cards Scan time goal: 20.00ms Logged Cards Scan time: 0.00ms HCC time: 0.00ms
[12.610s][debug][gc,ergo,refine ] GC(58) Updated Refinement Zones: green: 2048, yellow: 6144, red: 10240
[12.610s][info ][gc,phases      ] GC(58)   Pre Evacuate Collection Set: 0.1ms
[12.610s][debug][gc,phases      ] GC(58)     Prepare TLABs: 0.0ms
[12.610s][debug][gc,phases      ] GC(58)     Choose Collection Set: 0.0ms
[12.610s][debug][gc,phases      ] GC(58)     Region Register: 0.1ms
[12.610s][debug][gc,phases      ] GC(58)     Prepare Heap Roots: 0.0ms
[12.610s][info ][gc,phases      ] GC(58)   Merge Heap Roots: 0.1ms
[12.610s][debug][gc,phases      ] GC(58)     Prepare Merge Heap Roots: 0.0ms
[12.610s][debug][gc,phases      ] GC(58)     Eager Reclaim (ms):       skipped
[12.610s][debug][gc,phases      ] GC(58)     Remembered Sets (ms):     Min:  0.0, Avg:  0.0, Max:  0.0, Diff:  0.0, Sum:  0.2, Workers: 8
[12.610s][debug][gc,phases      ] GC(58)       Merged Sparse:            Min: 0, Avg:  0.0, Max: 0, Diff: 0, Sum: 0, Workers: 8
[12.610s][debug][gc,phases      ] GC(58)       Merged Fine:              Min: 0, Avg:  0.0, Max: 0, Diff: 0, Sum: 0, Workers: 8
[12.610s][debug][gc,phases      ] GC(58)       Merged Coarse:            Min: 0, Avg:  0.0, Max: 0, Diff: 0, Sum: 0, Workers: 8
[12.610s][debug][gc,phases      ] GC(58)       Dirty Cards:              Min: 0, Avg:  0.0, Max: 0, Diff: 0, Sum: 0, Workers: 8
[12.610s][debug][gc,phases      ] GC(58)     Hot Card Cache (ms):      Min:  0.0, Avg:  0.0, Max:  0.0, Diff:  0.0, Sum:  0.0, Workers: 8
[12.610s][debug][gc,phases      ] GC(58)       Dirty Cards:              Min: 0, Avg:  0.0, Max: 0, Diff: 0, Sum: 0, Workers: 8
[12.610s][debug][gc,phases      ] GC(58)       Skipped Cards:            Min: 0, Avg:  0.0, Max: 0, Diff: 0, Sum: 0, Workers: 8
[12.610s][debug][gc,phases      ] GC(58)     Log Buffers (ms):         Min:  0.0, Avg:  0.0, Max:  0.0, Diff:  0.0, Sum:  0.0, Workers: 8
[12.610s][debug][gc,phases      ] GC(58)       Dirty Cards:              Min: 0, Avg:  0.1, Max: 1, Diff: 1, Sum: 1, Workers: 8
[12.610s][debug][gc,phases      ] GC(58)       Skipped Cards:            Min: 0, Avg:  0.0, Max: 0, Diff: 0, Sum: 0, Workers: 8
[12.610s][info ][gc,phases      ] GC(58)   Evacuate Collection Set: 0.1ms
[12.610s][debug][gc,phases      ] GC(58)     Ext Root Scanning (ms):   Min:  0.0, Avg:  0.0, Max:  0.1, Diff:  0.0, Sum:  0.2, Workers: 8
[12.610s][debug][gc,phases      ] GC(58)     Scan Heap Roots (ms):     Min:  0.0, Avg:  0.0, Max:  0.0, Diff:  0.0, Sum:  0.0, Workers: 8
[12.610s][debug][gc,phases      ] GC(58)       Scanned Cards:            Min: 0, Avg:  0.1, Max: 1, Diff: 1, Sum: 1, Workers: 8
[12.610s][debug][gc,phases      ] GC(58)       Scanned Blocks:           Min: 0, Avg:  0.1, Max: 1, Diff: 1, Sum: 1, Workers: 8
[12.610s][debug][gc,phases      ] GC(58)       Claimed Chunks:           Min: 0, Avg:  0.1, Max: 1, Diff: 1, Sum: 1, Workers: 8
[12.610s][debug][gc,phases      ] GC(58)     Code Root Scan (ms):      Min:  0.0, Avg:  0.0, Max:  0.0, Diff:  0.0, Sum:  0.0, Workers: 8
[12.610s][debug][gc,phases      ] GC(58)     Object Copy (ms):         Min:  0.0, Avg:  0.0, Max:  0.0, Diff:  0.0, Sum:  0.0, Workers: 8
[12.610s][debug][gc,phases      ] GC(58)     Termination (ms):         Min:  0.0, Avg:  0.0, Max:  0.0, Diff:  0.0, Sum:  0.4, Workers: 8
[12.610s][debug][gc,phases      ] GC(58)       Termination Attempts:     Min: 1, Avg:  1.0, Max: 1, Diff: 0, Sum: 8, Workers: 8
[12.610s][debug][gc,phases      ] GC(58)     GC Worker Other (ms):     Min:  0.0, Avg:  0.0, Max:  0.0, Diff:  0.0, Sum:  0.1, Workers: 8
[12.610s][debug][gc,phases      ] GC(58)     GC Worker Total (ms):     Min:  0.1, Avg:  0.1, Max:  0.1, Diff:  0.1, Sum:  0.7, Workers: 8
[12.610s][info ][gc,phases      ] GC(58)   Post Evacuate Collection Set: 0.4ms
[12.610s][debug][gc,phases      ] GC(58)     Code Roots Fixup: 0.0ms
[12.610s][debug][gc,phases      ] GC(58)     Clear Card Table: 0.1ms
[12.610s][debug][gc,phases      ] GC(58)     Reference Processing: 0.0ms
[12.610s][debug][gc,phases,ref  ] GC(58)       Reconsider SoftReferences: 0.0ms
[12.610s][debug][gc,phases,ref  ] GC(58)         SoftRef (ms):             skipped
[12.610s][debug][gc,phases,ref  ] GC(58)       Notify Soft/WeakReferences: 0.0ms
[12.610s][debug][gc,phases,ref  ] GC(58)         SoftRef (ms):             skipped
[12.610s][debug][gc,phases,ref  ] GC(58)         WeakRef (ms):             skipped
[12.610s][debug][gc,phases,ref  ] GC(58)         FinalRef (ms):            skipped
[12.610s][debug][gc,phases,ref  ] GC(58)         Total (ms):               skipped
[12.610s][debug][gc,phases,ref  ] GC(58)       Notify and keep alive finalizable: 0.0ms
[12.610s][debug][gc,phases,ref  ] GC(58)         FinalRef (ms):            skipped
[12.610s][debug][gc,phases,ref  ] GC(58)       Notify PhantomReferences: 0.0ms
[12.610s][debug][gc,phases,ref  ] GC(58)         PhantomRef (ms):          skipped
[12.610s][debug][gc,phases,ref  ] GC(58)       SoftReference:
[12.610s][debug][gc,phases,ref  ] GC(58)         Discovered: 0
[12.610s][debug][gc,phases,ref  ] GC(58)         Cleared: 0
[12.610s][debug][gc,phases,ref  ] GC(58)       WeakReference:
[12.610s][debug][gc,phases,ref  ] GC(58)         Discovered: 0
[12.610s][debug][gc,phases,ref  ] GC(58)         Cleared: 0
[12.610s][debug][gc,phases,ref  ] GC(58)       FinalReference:
[12.610s][debug][gc,phases,ref  ] GC(58)         Discovered: 0
[12.610s][debug][gc,phases,ref  ] GC(58)         Cleared: 0
[12.610s][debug][gc,phases,ref  ] GC(58)       PhantomReference:
[12.610s][debug][gc,phases,ref  ] GC(58)         Discovered: 0
[12.610s][debug][gc,phases,ref  ] GC(58)         Cleared: 0
[12.610s][debug][gc,phases      ] GC(58)     Weak Processing: 0.1ms
[12.610s][debug][gc,phases      ] GC(58)       JVMTI weak processing: 0.0ms
[12.610s][debug][gc,phases      ] GC(58)         Dead: 0
[12.610s][debug][gc,phases      ] GC(58)         Total: 0
[12.610s][debug][gc,phases      ] GC(58)       JFR weak processing: 0.0ms
[12.610s][debug][gc,phases      ] GC(58)         Dead: 0
[12.611s][debug][gc,phases      ] GC(58)         Total: 0
[12.611s][debug][gc,phases      ] GC(58)       JNI weak                  Min:  0.0, Avg:  0.0, Max:  0.0, Diff:  0.0, Sum:  0.1, Workers: 5
[12.611s][debug][gc,phases      ] GC(58)         Dead                      Min: 0, Avg:  0.0, Max: 0, Diff: 0, Sum: 0, Workers: 5
[12.611s][debug][gc,phases      ] GC(58)         Total                     Min: 0, Avg: 12.6, Max: 59, Diff: 59, Sum: 63, Workers: 5
[12.611s][debug][gc,phases      ] GC(58)       VM weak                   Min:  0.0, Avg:  0.0, Max:  0.0, Diff:  0.0, Sum:  0.0, Workers: 5
[12.611s][debug][gc,phases      ] GC(58)         Dead                      Min: 0, Avg:  0.0, Max: 0, Diff: 0, Sum: 0, Workers: 5
[12.611s][debug][gc,phases      ] GC(58)         Total                     Min: 0, Avg: 44.0, Max: 128, Diff: 128, Sum: 220, Workers: 5
[12.611s][debug][gc,phases      ] GC(58)       StringTable weak          Min:  0.0, Avg:  0.0, Max:  0.1, Diff:  0.1, Sum:  0.1, Workers: 5
[12.611s][debug][gc,phases      ] GC(58)         Dead                      Min: 0, Avg:  0.0, Max: 0, Diff: 0, Sum: 0, Workers: 5
[12.611s][debug][gc,phases      ] GC(58)         Total                     Min: 0, Avg: 718.4, Max: 1736, Diff: 1736, Sum: 3592, Workers: 5
[12.611s][debug][gc,phases      ] GC(58)       ResolvedMethodTable weak  Min:  0.0, Avg:  0.0, Max:  0.0, Diff:  0.0, Sum:  0.0, Workers: 5
[12.611s][debug][gc,phases      ] GC(58)         Dead                      Min: 0, Avg:  0.0, Max: 0, Diff: 0, Sum: 0, Workers: 5
[12.611s][debug][gc,phases      ] GC(58)         Total                     Min: 64, Avg: 116.6, Max: 192, Diff: 128, Sum: 583, Workers: 5
[12.611s][debug][gc,phases      ] GC(58)     Merge Per-Thread State: 0.0ms
[12.611s][debug][gc,phases      ] GC(58)       Copied Bytes              Min: 0, Avg: 76.0, Max: 200, Diff: 200, Sum: 608, Workers: 8
[12.611s][debug][gc,phases      ] GC(58)       LAB Waste                 Min: 0, Avg:  0.0, Max: 0, Diff: 0, Sum: 0, Workers: 8
[12.611s][debug][gc,phases      ] GC(58)       LAB Undo Waste            Min: 0, Avg:  0.0, Max: 0, Diff: 0, Sum: 0, Workers: 8
[12.611s][debug][gc,phases      ] GC(58)     Code Roots Purge: 0.0ms
[12.611s][debug][gc,phases      ] GC(58)     Redirty Cards: 0.0ms
[12.611s][debug][gc,phases      ] GC(58)     DerivedPointerTable Update: 0.0ms
[12.611s][debug][gc,phases      ] GC(58)     Free Collection Set: 0.1ms
[12.611s][debug][gc,phases      ] GC(58)     Rebuild Free List: 0.0ms
[12.611s][debug][gc,phases      ] GC(58)     Humongous Reclaim: 0.0ms
[12.611s][debug][gc,phases      ] GC(58)     Start New Collection Set: 0.0ms
[12.611s][debug][gc,phases      ] GC(58)     Resize TLABs: 0.0ms
[12.611s][debug][gc,phases      ] GC(58)     Expand Heap After Collection: 0.0ms
[12.611s][info ][gc,phases      ] GC(58)   Other: 0.3ms
[12.611s][info ][gc,heap        ] GC(58) Eden regions: 186->0(186)
[12.611s][info ][gc,heap        ] GC(58) Survivor regions: 1->1(24)
[12.611s][info ][gc,heap        ] GC(58) Old regions: 7->7
[12.611s][info ][gc,heap        ] GC(58) Archive regions: 2->2
[12.611s][info ][gc,heap        ] GC(58) Humongous regions: 0->0
[12.611s][info ][gc,metaspace   ] GC(58) Metaspace: 10391K(10880K)->10391K(10880K) NonClass: 9188K(9472K)->9188K(9472K) Class: 1202K(1408K)->1202K(1408K)
[12.611s][debug][gc,heap        ] GC(58) Heap after GC invocations=59 (full 1): garbage-first heap   total 319488K, used 4336K [0x0000000700000000, 0x0000000800000000)
[12.611s][debug][gc,heap        ] GC(58)   region size 1024K, 1 young (1024K), 1 survivors (1024K)
[12.611s][debug][gc,heap        ] GC(58)  Metaspace       used 10391K, capacity 10712K, committed 10880K, reserved 1058816K
[12.611s][debug][gc,heap        ] GC(58)   class space    used 1202K, capacity 1338K, committed 1408K, reserved 1048576K
[12.611s][info ][gc             ] GC(58) Pause Young (Normal) (G1 Evacuation Pause) 190M->4M(312M) 1.556ms
[12.611s][info ][gc,cpu         ] GC(58) User=0.00s Sys=0.00s Real=0.00s
[12.611s][info ][safepoint      ] Safepoint "G1CollectForAllocation", Time since last: 157789830 ns, Reaching safepoint: 176826 ns, At safepoint: 1746335 ns, Total: 1923161 ns
[12.770s][debug][gc,heap        ] GC(59) Heap before GC invocations=59 (full 1): garbage-first heap   total 319488K, used 194800K [0x0000000700000000, 0x0000000800000000)
[12.770s][debug][gc,heap        ] GC(59)   region size 1024K, 187 young (191488K), 1 survivors (1024K)
[12.770s][debug][gc,heap        ] GC(59)  Metaspace       used 10391K, capacity 10712K, committed 10880K, reserved 1058816K
[12.770s][debug][gc,heap        ] GC(59)   class space    used 1202K, capacity 1338K, committed 1408K, reserved 1048576K
[12.770s][info ][gc,start       ] GC(59) Pause Young (Normal) (G1 Evacuation Pause)
[12.770s][info ][gc,task        ] GC(59) Using 8 workers of 8 for evacuation
[12.770s][debug][gc,tlab        ] GC(59) TLAB totals: thrds: 8  refills: 749 max: 100 slow allocs: 0 max 0 waste:  0.9% gc: 1344728B max: 390248B slow: 433888B max: 57616B fast: 0B max: 0B
[12.770s][debug][gc,age         ] GC(59) Desired survivor size 12582912 bytes, new threshold 15 (max threshold 15)
[12.770s][debug][gc,alloc,region] GC(59) Mutator Allocation stats, regions: 186, wasted size: 0B ( 0.0%)
[12.770s][debug][gc,ergo        ] GC(59) Running G1 Merge Heap Roots using 8 workers for 187 regions
[12.770s][debug][gc,remset      ] GC(59) Visited cards 256 Total dirty 2048 (12.50%) Total old 784384 (0.03%)
[12.770s][debug][gc,ergo        ] GC(59) Running G1 Clear Card Table Task using 1 workers for 1 units of work for 188 regions.
[12.770s][debug][gc,ref         ] GC(59) Skipped phase1 of Reference Processing due to unavailable references
[12.770s][debug][gc,ref         ] GC(59) Skipped phase2 of Reference Processing due to unavailable references
[12.770s][debug][gc,ref         ] GC(59) Skipped phase3 of Reference Processing due to unavailable references
[12.770s][debug][gc,ref         ] GC(59) Skipped phase4 of Reference Processing due to unavailable references
[12.771s][debug][gc,ergo        ] GC(59) Running G1 Free Collection Set using 8 workers for collection set length 187 (312)
[12.771s][debug][gc,ergo        ] GC(59) Running G1 Rebuild Free List Task using 8 workers for rebuilding free list of 0 (4096) regions
[12.771s][trace][gc,age         ] GC(59) Age table with threshold 15 (max threshold 15)
[12.771s][trace][gc,age         ] GC(59) - age   1:        632 bytes,        632 total
[12.771s][debug][gc,plab        ] GC(59) Young PLAB allocation: allocated: 16512B, wasted: 0B, unused: 15880B, used: 632B, undo waste: 0B, 
[12.771s][debug][gc,plab        ] GC(59) Young other allocation: region end waste: 0B, regions filled: 1, direct allocated: 0B, failure used: 0B, failure wasted: 0B
[12.771s][debug][gc,plab        ] GC(59) Young sizing: calculated: 120B, actual: 2064B
[12.771s][debug][gc,plab        ] GC(59) Old PLAB allocation: allocated: 0B, wasted: 0B, unused: 0B, used: 0B, undo waste: 0B, 
[12.771s][debug][gc,plab        ] GC(59) Old other allocation: region end waste: 0B, regions filled: 1, direct allocated: 0B, failure used: 0B, failure wasted: 0B
[12.771s][debug][gc,plab        ] GC(59) Old sizing: calculated: 0B, actual: 2064B
[12.771s][debug][gc,ihop        ] GC(59) Basic information (value update), threshold: 147220070B (45.00), target occupancy: 327155712B, current occupancy: 4444872B, recent allocation size: 0B, recent allocation duration: 159.81ms, recent old gen allocation rate: 0.00B/s, recent marking phase length: 0.00ms
[12.771s][debug][gc,ihop        ] GC(59) Adaptive IHOP information (value update), threshold: 147220070B (47.37), internal target occupancy: 310797926B, occupancy: 4444872B, additional buffer size: 196083712B, predicted old gen allocation rate: 30231.72B/s, predicted marking phase length: 0.00ms, prediction active: false
[12.771s][debug][gc,ergo,refine ] GC(59) Concurrent refinement times: Logged Cards Scan time goal: 20.00ms Logged Cards Scan time: 0.00ms HCC time: 0.00ms
[12.771s][debug][gc,ergo,refine ] GC(59) Updated Refinement Zones: green: 2048, yellow: 6144, red: 10240
[12.771s][info ][gc,phases      ] GC(59)   Pre Evacuate Collection Set: 0.1ms
[12.771s][debug][gc,phases      ] GC(59)     Prepare TLABs: 0.0ms
[12.771s][debug][gc,phases      ] GC(59)     Choose Collection Set: 0.0ms
[12.771s][debug][gc,phases      ] GC(59)     Region Register: 0.1ms
[12.771s][debug][gc,phases      ] GC(59)     Prepare Heap Roots: 0.0ms
[12.771s][info ][gc,phases      ] GC(59)   Merge Heap Roots: 0.1ms
[12.771s][debug][gc,phases      ] GC(59)     Prepare Merge Heap Roots: 0.0ms
[12.771s][debug][gc,phases      ] GC(59)     Eager Reclaim (ms):       skipped
[12.771s][debug][gc,phases      ] GC(59)     Remembered Sets (ms):     Min:  0.0, Avg:  0.0, Max:  0.0, Diff:  0.0, Sum:  0.0, Workers: 8
[12.771s][debug][gc,phases      ] GC(59)       Merged Sparse:            Min: 0, Avg:  0.0, Max: 0, Diff: 0, Sum: 0, Workers: 8
[12.771s][debug][gc,phases      ] GC(59)       Merged Fine:              Min: 0, Avg:  0.0, Max: 0, Diff: 0, Sum: 0, Workers: 8
[12.771s][debug][gc,phases      ] GC(59)       Merged Coarse:            Min: 0, Avg:  0.0, Max: 0, Diff: 0, Sum: 0, Workers: 8
[12.771s][debug][gc,phases      ] GC(59)       Dirty Cards:              Min: 0, Avg:  0.0, Max: 0, Diff: 0, Sum: 0, Workers: 8
[12.771s][debug][gc,phases      ] GC(59)     Hot Card Cache (ms):      Min:  0.0, Avg:  0.0, Max:  0.0, Diff:  0.0, Sum:  0.0, Workers: 8
[12.771s][debug][gc,phases      ] GC(59)       Dirty Cards:              Min: 0, Avg:  0.0, Max: 0, Diff: 0, Sum: 0, Workers: 8
[12.771s][debug][gc,phases      ] GC(59)       Skipped Cards:            Min: 0, Avg:  0.0, Max: 0, Diff: 0, Sum: 0, Workers: 8
[12.771s][debug][gc,phases      ] GC(59)     Log Buffers (ms):         Min:  0.0, Avg:  0.0, Max:  0.0, Diff:  0.0, Sum:  0.0, Workers: 8
[12.771s][debug][gc,phases      ] GC(59)       Dirty Cards:              Min: 0, Avg:  0.1, Max: 1, Diff: 1, Sum: 1, Workers: 8
[12.771s][debug][gc,phases      ] GC(59)       Skipped Cards:            Min: 0, Avg:  0.0, Max: 0, Diff: 0, Sum: 0, Workers: 8
[12.771s][info ][gc,phases      ] GC(59)   Evacuate Collection Set: 0.2ms
[12.771s][debug][gc,phases      ] GC(59)     Ext Root Scanning (ms):   Min:  0.0, Avg:  0.0, Max:  0.1, Diff:  0.1, Sum:  0.3, Workers: 8
[12.771s][debug][gc,phases      ] GC(59)     Scan Heap Roots (ms):     Min:  0.0, Avg:  0.0, Max:  0.0, Diff:  0.0, Sum:  0.0, Workers: 8
[12.771s][debug][gc,phases      ] GC(59)       Scanned Cards:            Min: 0, Avg:  0.1, Max: 1, Diff: 1, Sum: 1, Workers: 8
[12.771s][debug][gc,phases      ] GC(59)       Scanned Blocks:           Min: 0, Avg:  0.1, Max: 1, Diff: 1, Sum: 1, Workers: 8
[12.771s][debug][gc,phases      ] GC(59)       Claimed Chunks:           Min: 0, Avg:  0.1, Max: 1, Diff: 1, Sum: 1, Workers: 8
[12.771s][debug][gc,phases      ] GC(59)     Code Root Scan (ms):      Min:  0.0, Avg:  0.0, Max:  0.0, Diff:  0.0, Sum:  0.0, Workers: 8
[12.771s][debug][gc,phases      ] GC(59)     Object Copy (ms):         Min:  0.0, Avg:  0.0, Max:  0.0, Diff:  0.0, Sum:  0.0, Workers: 8
[12.771s][debug][gc,phases      ] GC(59)     Termination (ms):         Min:  0.1, Avg:  0.1, Max:  0.1, Diff:  0.0, Sum:  0.8, Workers: 8
[12.771s][debug][gc,phases      ] GC(59)       Termination Attempts:     Min: 1, Avg:  1.0, Max: 1, Diff: 0, Sum: 8, Workers: 8
[12.771s][debug][gc,phases      ] GC(59)     GC Worker Other (ms):     Min:  0.0, Avg:  0.0, Max:  0.0, Diff:  0.0, Sum:  0.2, Workers: 8
[12.771s][debug][gc,phases      ] GC(59)     GC Worker Total (ms):     Min:  0.2, Avg:  0.2, Max:  0.2, Diff:  0.1, Sum:  1.4, Workers: 8
[12.771s][info ][gc,phases      ] GC(59)   Post Evacuate Collection Set: 0.5ms
[12.771s][debug][gc,phases      ] GC(59)     Code Roots Fixup: 0.0ms
[12.771s][debug][gc,phases      ] GC(59)     Clear Card Table: 0.1ms
[12.771s][debug][gc,phases      ] GC(59)     Reference Processing: 0.0ms
[12.771s][debug][gc,phases,ref  ] GC(59)       Reconsider SoftReferences: 0.0ms
[12.771s][debug][gc,phases,ref  ] GC(59)         SoftRef (ms):             skipped
[12.771s][debug][gc,phases,ref  ] GC(59)       Notify Soft/WeakReferences: 0.0ms
[12.771s][debug][gc,phases,ref  ] GC(59)         SoftRef (ms):             skipped
[12.771s][debug][gc,phases,ref  ] GC(59)         WeakRef (ms):             skipped
[12.771s][debug][gc,phases,ref  ] GC(59)         FinalRef (ms):            skipped
[12.771s][debug][gc,phases,ref  ] GC(59)         Total (ms):               skipped
[12.771s][debug][gc,phases,ref  ] GC(59)       Notify and keep alive finalizable: 0.0ms
[12.771s][debug][gc,phases,ref  ] GC(59)         FinalRef (ms):            skipped
[12.771s][debug][gc,phases,ref  ] GC(59)       Notify PhantomReferences: 0.0ms
[12.771s][debug][gc,phases,ref  ] GC(59)         PhantomRef (ms):          skipped
[12.771s][debug][gc,phases,ref  ] GC(59)       SoftReference:
[12.771s][debug][gc,phases,ref  ] GC(59)         Discovered: 0
[12.771s][debug][gc,phases,ref  ] GC(59)         Cleared: 0
[12.771s][debug][gc,phases,ref  ] GC(59)       WeakReference:
[12.771s][debug][gc,phases,ref  ] GC(59)         Discovered: 0
[12.771s][debug][gc,phases,ref  ] GC(59)         Cleared: 0
[12.771s][debug][gc,phases,ref  ] GC(59)       FinalReference:
[12.771s][debug][gc,phases,ref  ] GC(59)         Discovered: 0
[12.771s][debug][gc,phases,ref  ] GC(59)         Cleared: 0
[12.771s][debug][gc,phases,ref  ] GC(59)       PhantomReference:
[12.771s][debug][gc,phases,ref  ] GC(59)         Discovered: 0
[12.771s][debug][gc,phases,ref  ] GC(59)         Cleared: 0
[12.771s][debug][gc,phases      ] GC(59)     Weak Processing: 0.1ms
[12.771s][debug][gc,phases      ] GC(59)       JVMTI weak processing: 0.0ms
[12.771s][debug][gc,phases      ] GC(59)         Dead: 0
[12.771s][debug][gc,phases      ] GC(59)         Total: 0
[12.771s][debug][gc,phases      ] GC(59)       JFR weak processing: 0.0ms
[12.771s][debug][gc,phases      ] GC(59)         Dead: 0
[12.771s][debug][gc,phases      ] GC(59)         Total: 0
[12.771s][debug][gc,phases      ] GC(59)       JNI weak                  Min:  0.0, Avg:  0.0, Max:  0.0, Diff:  0.0, Sum:  0.0, Workers: 5
[12.771s][debug][gc,phases      ] GC(59)         Dead                      Min: 0, Avg:  0.0, Max: 0, Diff: 0, Sum: 0, Workers: 5
[12.771s][debug][gc,phases      ] GC(59)         Total                     Min: 0, Avg: 12.6, Max: 63, Diff: 63, Sum: 63, Workers: 5
[12.771s][debug][gc,phases      ] GC(59)       VM weak                   Min:  0.0, Avg:  0.0, Max:  0.0, Diff:  0.0, Sum:  0.0, Workers: 5
[12.771s][debug][gc,phases      ] GC(59)         Dead                      Min: 0, Avg:  0.0, Max: 0, Diff: 0, Sum: 0, Workers: 5
[12.771s][debug][gc,phases      ] GC(59)         Total                     Min: 0, Avg: 44.0, Max: 128, Diff: 128, Sum: 220, Workers: 5
[12.771s][debug][gc,phases      ] GC(59)       StringTable weak          Min:  0.0, Avg:  0.0, Max:  0.0, Diff:  0.0, Sum:  0.0, Workers: 5
[12.771s][debug][gc,phases      ] GC(59)         Dead                      Min: 0, Avg:  0.0, Max: 0, Diff: 0, Sum: 0, Workers: 5
[12.771s][debug][gc,phases      ] GC(59)         Total                     Min: 0, Avg: 718.4, Max: 1536, Diff: 1536, Sum: 3592, Workers: 5
[12.771s][debug][gc,phases      ] GC(59)       ResolvedMethodTable weak  Min:  0.0, Avg:  0.0, Max:  0.0, Diff:  0.0, Sum:  0.0, Workers: 5
[12.771s][debug][gc,phases      ] GC(59)         Dead                      Min: 0, Avg:  0.0, Max: 0, Diff: 0, Sum: 0, Workers: 5
[12.771s][debug][gc,phases      ] GC(59)         Total                     Min: 0, Avg: 116.6, Max: 199, Diff: 199, Sum: 583, Workers: 5
[12.771s][debug][gc,phases      ] GC(59)     Merge Per-Thread State: 0.0ms
[12.771s][debug][gc,phases      ] GC(59)       Copied Bytes              Min: 24, Avg: 79.0, Max: 256, Diff: 232, Sum: 632, Workers: 8
[12.771s][debug][gc,phases      ] GC(59)       LAB Waste                 Min: 0, Avg:  0.0, Max: 0, Diff: 0, Sum: 0, Workers: 8
[12.771s][debug][gc,phases      ] GC(59)       LAB Undo Waste            Min: 0, Avg:  0.0, Max: 0, Diff: 0, Sum: 0, Workers: 8
[12.771s][debug][gc,phases      ] GC(59)     Code Roots Purge: 0.0ms
[12.771s][debug][gc,phases      ] GC(59)     Redirty Cards: 0.0ms
[12.771s][debug][gc,phases      ] GC(59)     DerivedPointerTable Update: 0.0ms
[12.772s][debug][gc,phases      ] GC(59)     Free Collection Set: 0.1ms
[12.772s][debug][gc,phases      ] GC(59)     Rebuild Free List: 0.2ms
[12.772s][debug][gc,phases      ] GC(59)     Humongous Reclaim: 0.0ms
[12.772s][debug][gc,phases      ] GC(59)     Start New Collection Set: 0.0ms
[12.772s][debug][gc,phases      ] GC(59)     Resize TLABs: 0.0ms
[12.772s][debug][gc,phases      ] GC(59)     Expand Heap After Collection: 0.0ms
[12.772s][info ][gc,phases      ] GC(59)   Other: 0.3ms
[12.772s][info ][gc,heap        ] GC(59) Eden regions: 186->0(186)
[12.772s][info ][gc,heap        ] GC(59) Survivor regions: 1->1(24)
[12.772s][info ][gc,heap        ] GC(59) Old regions: 7->7
[12.772s][info ][gc,heap        ] GC(59) Archive regions: 2->2
[12.772s][info ][gc,heap        ] GC(59) Humongous regions: 0->0
[12.772s][info ][gc,metaspace   ] GC(59) Metaspace: 10391K(10880K)->10391K(10880K) NonClass: 9188K(9472K)->9188K(9472K) Class: 1202K(1408K)->1202K(1408K)
[12.772s][debug][gc,heap        ] GC(59) Heap after GC invocations=60 (full 1): garbage-first heap   total 319488K, used 4340K [0x0000000700000000, 0x0000000800000000)
[12.772s][debug][gc,heap        ] GC(59)   region size 1024K, 1 young (1024K), 1 survivors (1024K)
[12.772s][debug][gc,heap        ] GC(59)  Metaspace       used 10391K, capacity 10712K, committed 10880K, reserved 1058816K
[12.772s][debug][gc,heap        ] GC(59)   class space    used 1202K, capacity 1338K, committed 1408K, reserved 1048576K
[12.772s][info ][gc             ] GC(59) Pause Young (Normal) (G1 Evacuation Pause) 190M->4M(312M) 1.864ms
[12.772s][info ][gc,cpu         ] GC(59) User=0.00s Sys=0.00s Real=0.00s
[12.772s][info ][safepoint      ] Safepoint "G1CollectForAllocation", Time since last: 158753741 ns, Reaching safepoint: 147735 ns, At safepoint: 2026363 ns, Total: 2174098 ns
[12.933s][debug][gc,heap        ] GC(60) Heap before GC invocations=60 (full 1): garbage-first heap   total 319488K, used 194804K [0x0000000700000000, 0x0000000800000000)
[12.933s][debug][gc,heap        ] GC(60)   region size 1024K, 187 young (191488K), 1 survivors (1024K)
[12.933s][debug][gc,heap        ] GC(60)  Metaspace       used 10391K, capacity 10712K, committed 10880K, reserved 1058816K
[12.933s][debug][gc,heap        ] GC(60)   class space    used 1202K, capacity 1338K, committed 1408K, reserved 1048576K
[12.933s][info ][gc,start       ] GC(60) Pause Young (Normal) (G1 Evacuation Pause)
[12.933s][info ][gc,task        ] GC(60) Using 8 workers of 8 for evacuation
[12.933s][debug][gc,tlab        ] GC(60) TLAB totals: thrds: 8  refills: 745 max: 103 slow allocs: 0 max 0 waste:  1.2% gc: 1895176B max: 445752B slow: 429280B max: 59200B fast: 0B max: 0B
[12.933s][debug][gc,age         ] GC(60) Desired survivor size 12582912 bytes, new threshold 15 (max threshold 15)
[12.933s][debug][gc,alloc,region] GC(60) Mutator Allocation stats, regions: 186, wasted size: 0B ( 0.0%)
[12.933s][debug][gc,ergo        ] GC(60) Running G1 Merge Heap Roots using 8 workers for 187 regions
[12.933s][debug][gc,remset      ] GC(60) Visited cards 256 Total dirty 2048 (12.50%) Total old 784384 (0.03%)
[12.933s][debug][gc,ergo        ] GC(60) Running G1 Clear Card Table Task using 1 workers for 1 units of work for 188 regions.
[12.933s][debug][gc,ref         ] GC(60) Skipped phase1 of Reference Processing due to unavailable references
[12.933s][debug][gc,ref         ] GC(60) Skipped phase2 of Reference Processing due to unavailable references
[12.933s][debug][gc,ref         ] GC(60) Skipped phase3 of Reference Processing due to unavailable references
[12.933s][debug][gc,ref         ] GC(60) Skipped phase4 of Reference Processing due to unavailable references
[12.933s][debug][gc,ergo        ] GC(60) Running G1 Free Collection Set using 8 workers for collection set length 187 (312)
[12.934s][debug][gc,ergo        ] GC(60) Running G1 Rebuild Free List Task using 8 workers for rebuilding free list of 0 (4096) regions
[12.934s][trace][gc,age         ] GC(60) Age table with threshold 15 (max threshold 15)
[12.934s][trace][gc,age         ] GC(60) - age   1:        424 bytes,        424 total
[12.934s][debug][gc,plab        ] GC(60) Young PLAB allocation: allocated: 12384B, wasted: 0B, unused: 11960B, used: 424B, undo waste: 0B, 
[12.934s][debug][gc,plab        ] GC(60) Young other allocation: region end waste: 0B, regions filled: 1, direct allocated: 0B, failure used: 0B, failure wasted: 0B
[12.934s][debug][gc,plab        ] GC(60) Young sizing: calculated: 80B, actual: 2064B
[12.934s][debug][gc,plab        ] GC(60) Old PLAB allocation: allocated: 0B, wasted: 0B, unused: 0B, used: 0B, undo waste: 0B, 
[12.934s][debug][gc,plab        ] GC(60) Old other allocation: region end waste: 0B, regions filled: 1, direct allocated: 0B, failure used: 0B, failure wasted: 0B
[12.934s][debug][gc,plab        ] GC(60) Old sizing: calculated: 0B, actual: 2064B
[12.934s][debug][gc,ihop        ] GC(60) Basic information (value update), threshold: 147220070B (45.00), target occupancy: 327155712B, current occupancy: 4440744B, recent allocation size: 0B, recent allocation duration: 161.92ms, recent old gen allocation rate: 0.00B/s, recent marking phase length: 0.00ms
[12.934s][debug][gc,ihop        ] GC(60) Adaptive IHOP information (value update), threshold: 147220070B (47.37), internal target occupancy: 310797926B, occupancy: 4440744B, additional buffer size: 196083712B, predicted old gen allocation rate: 29225.05B/s, predicted marking phase length: 0.00ms, prediction active: false
[12.934s][debug][gc,ergo,refine ] GC(60) Concurrent refinement times: Logged Cards Scan time goal: 20.00ms Logged Cards Scan time: 0.00ms HCC time: 0.00ms
[12.934s][debug][gc,ergo,refine ] GC(60) Updated Refinement Zones: green: 2048, yellow: 6144, red: 10240
[12.934s][info ][gc,phases      ] GC(60)   Pre Evacuate Collection Set: 0.1ms
[12.934s][debug][gc,phases      ] GC(60)     Prepare TLABs: 0.0ms
[12.934s][debug][gc,phases      ] GC(60)     Choose Collection Set: 0.0ms
[12.934s][debug][gc,phases      ] GC(60)     Region Register: 0.1ms
[12.934s][debug][gc,phases      ] GC(60)     Prepare Heap Roots: 0.0ms
[12.934s][info ][gc,phases      ] GC(60)   Merge Heap Roots: 0.1ms
[12.934s][debug][gc,phases      ] GC(60)     Prepare Merge Heap Roots: 0.0ms
[12.934s][debug][gc,phases      ] GC(60)     Eager Reclaim (ms):       skipped
[12.934s][debug][gc,phases      ] GC(60)     Remembered Sets (ms):     Min:  0.0, Avg:  0.0, Max:  0.0, Diff:  0.0, Sum:  0.1, Workers: 8
[12.934s][debug][gc,phases      ] GC(60)       Merged Sparse:            Min: 0, Avg:  0.0, Max: 0, Diff: 0, Sum: 0, Workers: 8
[12.934s][debug][gc,phases      ] GC(60)       Merged Fine:              Min: 0, Avg:  0.0, Max: 0, Diff: 0, Sum: 0, Workers: 8
[12.934s][debug][gc,phases      ] GC(60)       Merged Coarse:            Min: 0, Avg:  0.0, Max: 0, Diff: 0, Sum: 0, Workers: 8
[12.934s][debug][gc,phases      ] GC(60)       Dirty Cards:              Min: 0, Avg:  0.0, Max: 0, Diff: 0, Sum: 0, Workers: 8
[12.934s][debug][gc,phases      ] GC(60)     Hot Card Cache (ms):      Min:  0.0, Avg:  0.0, Max:  0.0, Diff:  0.0, Sum:  0.0, Workers: 8
[12.934s][debug][gc,phases      ] GC(60)       Dirty Cards:              Min: 0, Avg:  0.0, Max: 0, Diff: 0, Sum: 0, Workers: 8
[12.934s][debug][gc,phases      ] GC(60)       Skipped Cards:            Min: 0, Avg:  0.0, Max: 0, Diff: 0, Sum: 0, Workers: 8
[12.934s][debug][gc,phases      ] GC(60)     Log Buffers (ms):         Min:  0.0, Avg:  0.0, Max:  0.0, Diff:  0.0, Sum:  0.0, Workers: 8
[12.934s][debug][gc,phases      ] GC(60)       Dirty Cards:              Min: 0, Avg:  0.1, Max: 1, Diff: 1, Sum: 1, Workers: 8
[12.934s][debug][gc,phases      ] GC(60)       Skipped Cards:            Min: 0, Avg:  0.0, Max: 0, Diff: 0, Sum: 0, Workers: 8
[12.934s][info ][gc,phases      ] GC(60)   Evacuate Collection Set: 0.2ms
[12.934s][debug][gc,phases      ] GC(60)     Ext Root Scanning (ms):   Min:  0.0, Avg:  0.0, Max:  0.1, Diff:  0.0, Sum:  0.2, Workers: 8
[12.934s][debug][gc,phases      ] GC(60)     Scan Heap Roots (ms):     Min:  0.0, Avg:  0.0, Max:  0.0, Diff:  0.0, Sum:  0.0, Workers: 8
[12.934s][debug][gc,phases      ] GC(60)       Scanned Cards:            Min: 0, Avg:  0.1, Max: 1, Diff: 1, Sum: 1, Workers: 8
[12.934s][debug][gc,phases      ] GC(60)       Scanned Blocks:           Min: 0, Avg:  0.1, Max: 1, Diff: 1, Sum: 1, Workers: 8
[12.934s][debug][gc,phases      ] GC(60)       Claimed Chunks:           Min: 0, Avg:  0.1, Max: 1, Diff: 1, Sum: 1, Workers: 8
[12.934s][debug][gc,phases      ] GC(60)     Code Root Scan (ms):      Min:  0.0, Avg:  0.0, Max:  0.0, Diff:  0.0, Sum:  0.0, Workers: 8
[12.934s][debug][gc,phases      ] GC(60)     Object Copy (ms):         Min:  0.0, Avg:  0.0, Max:  0.0, Diff:  0.0, Sum:  0.0, Workers: 8
[12.934s][debug][gc,phases      ] GC(60)     Termination (ms):         Min:  0.1, Avg:  0.1, Max:  0.1, Diff:  0.0, Sum:  0.7, Workers: 8
[12.934s][debug][gc,phases      ] GC(60)       Termination Attempts:     Min: 1, Avg:  1.0, Max: 1, Diff: 0, Sum: 8, Workers: 8
[12.934s][debug][gc,phases      ] GC(60)     GC Worker Other (ms):     Min:  0.0, Avg:  0.0, Max:  0.0, Diff:  0.0, Sum:  0.1, Workers: 8
[12.934s][debug][gc,phases      ] GC(60)     GC Worker Total (ms):     Min:  0.1, Avg:  0.1, Max:  0.2, Diff:  0.0, Sum:  1.0, Workers: 8
[12.934s][info ][gc,phases      ] GC(60)   Post Evacuate Collection Set: 0.4ms
[12.934s][debug][gc,phases      ] GC(60)     Code Roots Fixup: 0.0ms
[12.934s][debug][gc,phases      ] GC(60)     Clear Card Table: 0.1ms
[12.934s][debug][gc,phases      ] GC(60)     Reference Processing: 0.0ms
[12.934s][debug][gc,phases,ref  ] GC(60)       Reconsider SoftReferences: 0.0ms
[12.934s][debug][gc,phases,ref  ] GC(60)         SoftRef (ms):             skipped
[12.934s][debug][gc,phases,ref  ] GC(60)       Notify Soft/WeakReferences: 0.0ms
[12.934s][debug][gc,phases,ref  ] GC(60)         SoftRef (ms):             skipped
[12.934s][debug][gc,phases,ref  ] GC(60)         WeakRef (ms):             skipped
[12.934s][debug][gc,phases,ref  ] GC(60)         FinalRef (ms):            skipped
[12.934s][debug][gc,phases,ref  ] GC(60)         Total (ms):               skipped
[12.934s][debug][gc,phases,ref  ] GC(60)       Notify and keep alive finalizable: 0.0ms
[12.934s][debug][gc,phases,ref  ] GC(60)         FinalRef (ms):            skipped
[12.934s][debug][gc,phases,ref  ] GC(60)       Notify PhantomReferences: 0.0ms
[12.934s][debug][gc,phases,ref  ] GC(60)         PhantomRef (ms):          skipped
[12.934s][debug][gc,phases,ref  ] GC(60)       SoftReference:
[12.934s][debug][gc,phases,ref  ] GC(60)         Discovered: 0
[12.934s][debug][gc,phases,ref  ] GC(60)         Cleared: 0
[12.934s][debug][gc,phases,ref  ] GC(60)       WeakReference:
[12.934s][debug][gc,phases,ref  ] GC(60)         Discovered: 0
[12.934s][debug][gc,phases,ref  ] GC(60)         Cleared: 0
[12.934s][debug][gc,phases,ref  ] GC(60)       FinalReference:
[12.934s][debug][gc,phases,ref  ] GC(60)         Discovered: 0
[12.934s][debug][gc,phases,ref  ] GC(60)         Cleared: 0
[12.934s][debug][gc,phases,ref  ] GC(60)       PhantomReference:
[12.934s][debug][gc,phases,ref  ] GC(60)         Discovered: 0
[12.934s][debug][gc,phases,ref  ] GC(60)         Cleared: 0
[12.934s][debug][gc,phases      ] GC(60)     Weak Processing: 0.1ms
[12.934s][debug][gc,phases      ] GC(60)       JVMTI weak processing: 0.0ms
[12.934s][debug][gc,phases      ] GC(60)         Dead: 0
[12.934s][debug][gc,phases      ] GC(60)         Total: 0
[12.934s][debug][gc,phases      ] GC(60)       JFR weak processing: 0.0ms
[12.934s][debug][gc,phases      ] GC(60)         Dead: 0
[12.934s][debug][gc,phases      ] GC(60)         Total: 0
[12.934s][debug][gc,phases      ] GC(60)       JNI weak                  Min:  0.0, Avg:  0.0, Max:  0.0, Diff:  0.0, Sum:  0.0, Workers: 5
[12.934s][debug][gc,phases      ] GC(60)         Dead                      Min: 0, Avg:  0.0, Max: 0, Diff: 0, Sum: 0, Workers: 5
[12.934s][debug][gc,phases      ] GC(60)         Total                     Min: 0, Avg: 12.6, Max: 59, Diff: 59, Sum: 63, Workers: 5
[12.934s][debug][gc,phases      ] GC(60)       VM weak                   Min:  0.0, Avg:  0.0, Max:  0.0, Diff:  0.0, Sum:  0.0, Workers: 5
[12.934s][debug][gc,phases      ] GC(60)         Dead                      Min: 0, Avg:  0.0, Max: 0, Diff: 0, Sum: 0, Workers: 5
[12.934s][debug][gc,phases      ] GC(60)         Total                     Min: 0, Avg: 44.0, Max: 128, Diff: 128, Sum: 220, Workers: 5
[12.934s][debug][gc,phases      ] GC(60)       StringTable weak          Min:  0.0, Avg:  0.0, Max:  0.0, Diff:  0.0, Sum:  0.1, Workers: 5
[12.934s][debug][gc,phases      ] GC(60)         Dead                      Min: 0, Avg:  0.0, Max: 0, Diff: 0, Sum: 0, Workers: 5
[12.934s][debug][gc,phases      ] GC(60)         Total                     Min: 0, Avg: 718.4, Max: 1800, Diff: 1800, Sum: 3592, Workers: 5
[12.934s][debug][gc,phases      ] GC(60)       ResolvedMethodTable weak  Min:  0.0, Avg:  0.0, Max:  0.0, Diff:  0.0, Sum:  0.0, Workers: 5
[12.934s][debug][gc,phases      ] GC(60)         Dead                      Min: 0, Avg:  0.0, Max: 0, Diff: 0, Sum: 0, Workers: 5
[12.934s][debug][gc,phases      ] GC(60)         Total                     Min: 0, Avg: 116.6, Max: 199, Diff: 199, Sum: 583, Workers: 5
[12.934s][debug][gc,phases      ] GC(60)     Merge Per-Thread State: 0.0ms
[12.934s][debug][gc,phases      ] GC(60)       Copied Bytes              Min: 0, Avg: 53.0, Max: 128, Diff: 128, Sum: 424, Workers: 8
[12.934s][debug][gc,phases      ] GC(60)       LAB Waste                 Min: 0, Avg:  0.0, Max: 0, Diff: 0, Sum: 0, Workers: 8
[12.934s][debug][gc,phases      ] GC(60)       LAB Undo Waste            Min: 0, Avg:  0.0, Max: 0, Diff: 0, Sum: 0, Workers: 8
[12.934s][debug][gc,phases      ] GC(60)     Code Roots Purge: 0.0ms
[12.934s][debug][gc,phases      ] GC(60)     Redirty Cards: 0.0ms
[12.934s][debug][gc,phases      ] GC(60)     DerivedPointerTable Update: 0.0ms
[12.934s][debug][gc,phases      ] GC(60)     Free Collection Set: 0.1ms
[12.934s][debug][gc,phases      ] GC(60)     Rebuild Free List: 0.1ms
[12.934s][debug][gc,phases      ] GC(60)     Humongous Reclaim: 0.0ms
[12.934s][debug][gc,phases      ] GC(60)     Start New Collection Set: 0.0ms
[12.934s][debug][gc,phases      ] GC(60)     Resize TLABs: 0.0ms
[12.934s][debug][gc,phases      ] GC(60)     Expand Heap After Collection: 0.0ms
[12.934s][info ][gc,phases      ] GC(60)   Other: 0.3ms
[12.934s][info ][gc,heap        ] GC(60) Eden regions: 186->0(186)
[12.934s][info ][gc,heap        ] GC(60) Survivor regions: 1->1(24)
[12.934s][info ][gc,heap        ] GC(60) Old regions: 7->7
[12.934s][info ][gc,heap        ] GC(60) Archive regions: 2->2
[12.934s][info ][gc,heap        ] GC(60) Humongous regions: 0->0
[12.934s][info ][gc,metaspace   ] GC(60) Metaspace: 10391K(10880K)->10391K(10880K) NonClass: 9188K(9472K)->9188K(9472K) Class: 1202K(1408K)->1202K(1408K)
[12.934s][debug][gc,heap        ] GC(60) Heap after GC invocations=61 (full 1): garbage-first heap   total 319488K, used 4336K [0x0000000700000000, 0x0000000800000000)
[12.934s][debug][gc,heap        ] GC(60)   region size 1024K, 1 young (1024K), 1 survivors (1024K)
[12.934s][debug][gc,heap        ] GC(60)  Metaspace       used 10391K, capacity 10712K, committed 10880K, reserved 1058816K
[12.934s][debug][gc,heap        ] GC(60)   class space    used 1202K, capacity 1338K, committed 1408K, reserved 1048576K
[12.934s][info ][gc             ] GC(60) Pause Young (Normal) (G1 Evacuation Pause) 190M->4M(312M) 1.579ms
[12.934s][info ][gc,cpu         ] GC(60) User=0.00s Sys=0.00s Real=0.00s
[12.934s][info ][safepoint      ] Safepoint "G1CollectForAllocation", Time since last: 160771929 ns, Reaching safepoint: 165919 ns, At safepoint: 1766230 ns, Total: 1932149 ns
[13.090s][debug][gc,heap        ] GC(61) Heap before GC invocations=61 (full 1): garbage-first heap   total 319488K, used 193776K [0x0000000700000000, 0x0000000800000000)
[13.090s][debug][gc,heap        ] GC(61)   region size 1024K, 187 young (191488K), 1 survivors (1024K)
[13.090s][debug][gc,heap        ] GC(61)  Metaspace       used 10391K, capacity 10712K, committed 10880K, reserved 1058816K
[13.090s][debug][gc,heap        ] GC(61)   class space    used 1202K, capacity 1338K, committed 1408K, reserved 1048576K
[13.090s][info ][gc,start       ] GC(61) Pause Young (Normal) (G1 Evacuation Pause)
[13.090s][info ][gc,task        ] GC(61) Using 8 workers of 8 for evacuation
[13.090s][debug][gc,tlab        ] GC(61) TLAB totals: thrds: 8  refills: 745 max: 98 slow allocs: 0 max 0 waste:  1.1% gc: 1711360B max: 383480B slow: 432448B max: 57240B fast: 0B max: 0B
[13.090s][debug][gc,age         ] GC(61) Desired survivor size 12582912 bytes, new threshold 15 (max threshold 15)
[13.090s][debug][gc,alloc,region] GC(61) Mutator Allocation stats, regions: 186, wasted size: 0B ( 0.0%)
[13.090s][debug][gc,ergo        ] GC(61) Running G1 Merge Heap Roots using 8 workers for 187 regions
[13.090s][debug][gc,remset      ] GC(61) Visited cards 256 Total dirty 2048 (12.50%) Total old 784384 (0.03%)
[13.091s][debug][gc,ergo        ] GC(61) Running G1 Clear Card Table Task using 1 workers for 1 units of work for 188 regions.
[13.091s][debug][gc,ref         ] GC(61) Skipped phase1 of Reference Processing due to unavailable references
[13.091s][debug][gc,ref         ] GC(61) Skipped phase2 of Reference Processing due to unavailable references
[13.091s][debug][gc,ref         ] GC(61) Skipped phase3 of Reference Processing due to unavailable references
[13.091s][debug][gc,ref         ] GC(61) Skipped phase4 of Reference Processing due to unavailable references
[13.091s][debug][gc,ergo        ] GC(61) Running G1 Free Collection Set using 8 workers for collection set length 187 (312)
[13.091s][debug][gc,ergo        ] GC(61) Running G1 Rebuild Free List Task using 8 workers for rebuilding free list of 0 (4096) regions
[13.091s][trace][gc,age         ] GC(61) Age table with threshold 15 (max threshold 15)
[13.091s][trace][gc,age         ] GC(61) - age   1:        632 bytes,        632 total
[13.091s][debug][gc,plab        ] GC(61) Young PLAB allocation: allocated: 10320B, wasted: 0B, unused: 9688B, used: 632B, undo waste: 0B, 
[13.091s][debug][gc,plab        ] GC(61) Young other allocation: region end waste: 0B, regions filled: 1, direct allocated: 0B, failure used: 0B, failure wasted: 0B
[13.091s][debug][gc,plab        ] GC(61) Young sizing: calculated: 120B, actual: 2064B
[13.091s][debug][gc,plab        ] GC(61) Old PLAB allocation: allocated: 0B, wasted: 0B, unused: 0B, used: 0B, undo waste: 0B, 
[13.091s][debug][gc,plab        ] GC(61) Old other allocation: region end waste: 0B, regions filled: 1, direct allocated: 0B, failure used: 0B, failure wasted: 0B
[13.091s][debug][gc,plab        ] GC(61) Old sizing: calculated: 0B, actual: 2064B
[13.091s][debug][gc,ihop        ] GC(61) Basic information (value update), threshold: 147220070B (45.00), target occupancy: 327155712B, current occupancy: 4438680B, recent allocation size: 0B, recent allocation duration: 156.44ms, recent old gen allocation rate: 0.00B/s, recent marking phase length: 0.00ms
[13.091s][debug][gc,ihop        ] GC(61) Adaptive IHOP information (value update), threshold: 147220070B (47.37), internal target occupancy: 310797926B, occupancy: 4438680B, additional buffer size: 196083712B, predicted old gen allocation rate: 28254.89B/s, predicted marking phase length: 0.00ms, prediction active: false
[13.091s][debug][gc,ergo,refine ] GC(61) Concurrent refinement times: Logged Cards Scan time goal: 20.00ms Logged Cards Scan time: 0.00ms HCC time: 0.00ms
[13.091s][debug][gc,ergo,refine ] GC(61) Updated Refinement Zones: green: 2048, yellow: 6144, red: 10240
[13.091s][info ][gc,phases      ] GC(61)   Pre Evacuate Collection Set: 0.1ms
[13.091s][debug][gc,phases      ] GC(61)     Prepare TLABs: 0.0ms
[13.091s][debug][gc,phases      ] GC(61)     Choose Collection Set: 0.0ms
[13.091s][debug][gc,phases      ] GC(61)     Region Register: 0.1ms
[13.091s][debug][gc,phases      ] GC(61)     Prepare Heap Roots: 0.0ms
[13.091s][info ][gc,phases      ] GC(61)   Merge Heap Roots: 0.1ms
[13.091s][debug][gc,phases      ] GC(61)     Prepare Merge Heap Roots: 0.0ms
[13.091s][debug][gc,phases      ] GC(61)     Eager Reclaim (ms):       skipped
[13.091s][debug][gc,phases      ] GC(61)     Remembered Sets (ms):     Min:  0.0, Avg:  0.0, Max:  0.0, Diff:  0.0, Sum:  0.1, Workers: 8
[13.091s][debug][gc,phases      ] GC(61)       Merged Sparse:            Min: 0, Avg:  0.0, Max: 0, Diff: 0, Sum: 0, Workers: 8
[13.091s][debug][gc,phases      ] GC(61)       Merged Fine:              Min: 0, Avg:  0.0, Max: 0, Diff: 0, Sum: 0, Workers: 8
[13.091s][debug][gc,phases      ] GC(61)       Merged Coarse:            Min: 0, Avg:  0.0, Max: 0, Diff: 0, Sum: 0, Workers: 8
[13.091s][debug][gc,phases      ] GC(61)       Dirty Cards:              Min: 0, Avg:  0.0, Max: 0, Diff: 0, Sum: 0, Workers: 8
[13.091s][debug][gc,phases      ] GC(61)     Hot Card Cache (ms):      Min:  0.0, Avg:  0.0, Max:  0.0, Diff:  0.0, Sum:  0.0, Workers: 8
[13.091s][debug][gc,phases      ] GC(61)       Dirty Cards:              Min: 0, Avg:  0.0, Max: 0, Diff: 0, Sum: 0, Workers: 8
[13.091s][debug][gc,phases      ] GC(61)       Skipped Cards:            Min: 0, Avg:  0.0, Max: 0, Diff: 0, Sum: 0, Workers: 8
[13.091s][debug][gc,phases      ] GC(61)     Log Buffers (ms):         Min:  0.0, Avg:  0.0, Max:  0.0, Diff:  0.0, Sum:  0.0, Workers: 8
[13.091s][debug][gc,phases      ] GC(61)       Dirty Cards:              Min: 0, Avg:  0.1, Max: 1, Diff: 1, Sum: 1, Workers: 8
[13.091s][debug][gc,phases      ] GC(61)       Skipped Cards:            Min: 0, Avg:  0.0, Max: 0, Diff: 0, Sum: 0, Workers: 8
[13.091s][info ][gc,phases      ] GC(61)   Evacuate Collection Set: 0.2ms
[13.091s][debug][gc,phases      ] GC(61)     Ext Root Scanning (ms):   Min:  0.0, Avg:  0.1, Max:  0.1, Diff:  0.1, Sum:  0.5, Workers: 8
[13.091s][debug][gc,phases      ] GC(61)     Scan Heap Roots (ms):     Min:  0.0, Avg:  0.0, Max:  0.0, Diff:  0.0, Sum:  0.0, Workers: 8
[13.091s][debug][gc,phases      ] GC(61)       Scanned Cards:            Min: 0, Avg:  0.1, Max: 1, Diff: 1, Sum: 1, Workers: 8
[13.091s][debug][gc,phases      ] GC(61)       Scanned Blocks:           Min: 0, Avg:  0.1, Max: 1, Diff: 1, Sum: 1, Workers: 8
[13.091s][debug][gc,phases      ] GC(61)       Claimed Chunks:           Min: 0, Avg:  0.1, Max: 1, Diff: 1, Sum: 1, Workers: 8
[13.091s][debug][gc,phases      ] GC(61)     Code Root Scan (ms):      Min:  0.0, Avg:  0.0, Max:  0.0, Diff:  0.0, Sum:  0.0, Workers: 8
[13.091s][debug][gc,phases      ] GC(61)     Object Copy (ms):         Min:  0.0, Avg:  0.0, Max:  0.0, Diff:  0.0, Sum:  0.0, Workers: 8
[13.091s][debug][gc,phases      ] GC(61)     Termination (ms):         Min:  0.0, Avg:  0.0, Max:  0.0, Diff:  0.0, Sum:  0.4, Workers: 8
[13.091s][debug][gc,phases      ] GC(61)       Termination Attempts:     Min: 1, Avg:  1.0, Max: 1, Diff: 0, Sum: 8, Workers: 8
[13.091s][debug][gc,phases      ] GC(61)     GC Worker Other (ms):     Min:  0.0, Avg:  0.0, Max:  0.0, Diff:  0.0, Sum:  0.2, Workers: 8
[13.091s][debug][gc,phases      ] GC(61)     GC Worker Total (ms):     Min:  0.1, Avg:  0.1, Max:  0.2, Diff:  0.1, Sum:  1.0, Workers: 8
[13.091s][info ][gc,phases      ] GC(61)   Post Evacuate Collection Set: 0.3ms
[13.091s][debug][gc,phases      ] GC(61)     Code Roots Fixup: 0.0ms
[13.091s][debug][gc,phases      ] GC(61)     Clear Card Table: 0.1ms
[13.091s][debug][gc,phases      ] GC(61)     Reference Processing: 0.0ms
[13.091s][debug][gc,phases,ref  ] GC(61)       Reconsider SoftReferences: 0.0ms
[13.091s][debug][gc,phases,ref  ] GC(61)         SoftRef (ms):             skipped
[13.091s][debug][gc,phases,ref  ] GC(61)       Notify Soft/WeakReferences: 0.0ms
[13.091s][debug][gc,phases,ref  ] GC(61)         SoftRef (ms):             skipped
[13.091s][debug][gc,phases,ref  ] GC(61)         WeakRef (ms):             skipped
[13.091s][debug][gc,phases,ref  ] GC(61)         FinalRef (ms):            skipped
[13.091s][debug][gc,phases,ref  ] GC(61)         Total (ms):               skipped
[13.091s][debug][gc,phases,ref  ] GC(61)       Notify and keep alive finalizable: 0.0ms
[13.091s][debug][gc,phases,ref  ] GC(61)         FinalRef (ms):            skipped
[13.091s][debug][gc,phases,ref  ] GC(61)       Notify PhantomReferences: 0.0ms
[13.091s][debug][gc,phases,ref  ] GC(61)         PhantomRef (ms):          skipped
[13.091s][debug][gc,phases,ref  ] GC(61)       SoftReference:
[13.091s][debug][gc,phases,ref  ] GC(61)         Discovered: 0
[13.091s][debug][gc,phases,ref  ] GC(61)         Cleared: 0
[13.091s][debug][gc,phases,ref  ] GC(61)       WeakReference:
[13.091s][debug][gc,phases,ref  ] GC(61)         Discovered: 0
[13.091s][debug][gc,phases,ref  ] GC(61)         Cleared: 0
[13.091s][debug][gc,phases,ref  ] GC(61)       FinalReference:
[13.091s][debug][gc,phases,ref  ] GC(61)         Discovered: 0
[13.091s][debug][gc,phases,ref  ] GC(61)         Cleared: 0
[13.091s][debug][gc,phases,ref  ] GC(61)       PhantomReference:
[13.091s][debug][gc,phases,ref  ] GC(61)         Discovered: 0
[13.091s][debug][gc,phases,ref  ] GC(61)         Cleared: 0
[13.091s][debug][gc,phases      ] GC(61)     Weak Processing: 0.1ms
[13.091s][debug][gc,phases      ] GC(61)       JVMTI weak processing: 0.0ms
[13.091s][debug][gc,phases      ] GC(61)         Dead: 0
[13.091s][debug][gc,phases      ] GC(61)         Total: 0
[13.091s][debug][gc,phases      ] GC(61)       JFR weak processing: 0.0ms
[13.091s][debug][gc,phases      ] GC(61)         Dead: 0
[13.091s][debug][gc,phases      ] GC(61)         Total: 0
[13.091s][debug][gc,phases      ] GC(61)       JNI weak                  Min:  0.0, Avg:  0.0, Max:  0.0, Diff:  0.0, Sum:  0.0, Workers: 5
[13.091s][debug][gc,phases      ] GC(61)         Dead                      Min: 0, Avg:  0.0, Max: 0, Diff: 0, Sum: 0, Workers: 5
[13.091s][debug][gc,phases      ] GC(61)         Total                     Min: 0, Avg: 12.6, Max: 59, Diff: 59, Sum: 63, Workers: 5
[13.091s][debug][gc,phases      ] GC(61)       VM weak                   Min:  0.0, Avg:  0.0, Max:  0.0, Diff:  0.0, Sum:  0.0, Workers: 5
[13.091s][debug][gc,phases      ] GC(61)         Dead                      Min: 0, Avg:  0.0, Max: 0, Diff: 0, Sum: 0, Workers: 5
[13.091s][debug][gc,phases      ] GC(61)         Total                     Min: 0, Avg: 44.0, Max: 92, Diff: 92, Sum: 220, Workers: 5
[13.091s][debug][gc,phases      ] GC(61)       StringTable weak          Min:  0.0, Avg:  0.0, Max:  0.0, Diff:  0.0, Sum:  0.0, Workers: 5
[13.091s][debug][gc,phases      ] GC(61)         Dead                      Min: 0, Avg:  0.0, Max: 0, Diff: 0, Sum: 0, Workers: 5
[13.091s][debug][gc,phases      ] GC(61)         Total                     Min: 64, Avg: 718.4, Max: 968, Diff: 904, Sum: 3592, Workers: 5
[13.091s][debug][gc,phases      ] GC(61)       ResolvedMethodTable weak  Min:  0.0, Avg:  0.0, Max:  0.0, Diff:  0.0, Sum:  0.0, Workers: 5
[13.091s][debug][gc,phases      ] GC(61)         Dead                      Min: 0, Avg:  0.0, Max: 0, Diff: 0, Sum: 0, Workers: 5
[13.092s][debug][gc,phases      ] GC(61)         Total                     Min: 64, Avg: 116.6, Max: 192, Diff: 128, Sum: 583, Workers: 5
[13.092s][debug][gc,phases      ] GC(61)     Merge Per-Thread State: 0.0ms
[13.092s][debug][gc,phases      ] GC(61)       Copied Bytes              Min: 0, Avg: 79.0, Max: 168, Diff: 168, Sum: 632, Workers: 8
[13.092s][debug][gc,phases      ] GC(61)       LAB Waste                 Min: 0, Avg:  0.0, Max: 0, Diff: 0, Sum: 0, Workers: 8
[13.092s][debug][gc,phases      ] GC(61)       LAB Undo Waste            Min: 0, Avg:  0.0, Max: 0, Diff: 0, Sum: 0, Workers: 8
[13.092s][debug][gc,phases      ] GC(61)     Code Roots Purge: 0.0ms
[13.092s][debug][gc,phases      ] GC(61)     Redirty Cards: 0.0ms
[13.092s][debug][gc,phases      ] GC(61)     DerivedPointerTable Update: 0.0ms
[13.092s][debug][gc,phases      ] GC(61)     Free Collection Set: 0.1ms
[13.092s][debug][gc,phases      ] GC(61)     Rebuild Free List: 0.0ms
[13.092s][debug][gc,phases      ] GC(61)     Humongous Reclaim: 0.0ms
[13.092s][debug][gc,phases      ] GC(61)     Start New Collection Set: 0.0ms
[13.092s][debug][gc,phases      ] GC(61)     Resize TLABs: 0.0ms
[13.092s][debug][gc,phases      ] GC(61)     Expand Heap After Collection: 0.0ms
[13.092s][info ][gc,phases      ] GC(61)   Other: 0.3ms
[13.092s][info ][gc,heap        ] GC(61) Eden regions: 186->0(186)
[13.092s][info ][gc,heap        ] GC(61) Survivor regions: 1->1(24)
[13.092s][info ][gc,heap        ] GC(61) Old regions: 7->7
[13.092s][info ][gc,heap        ] GC(61) Archive regions: 2->2
[13.092s][info ][gc,heap        ] GC(61) Humongous regions: 0->0
[13.092s][info ][gc,metaspace   ] GC(61) Metaspace: 10391K(10880K)->10391K(10880K) NonClass: 9188K(9472K)->9188K(9472K) Class: 1202K(1408K)->1202K(1408K)
[13.092s][debug][gc,heap        ] GC(61) Heap after GC invocations=62 (full 1): garbage-first heap   total 319488K, used 4334K [0x0000000700000000, 0x0000000800000000)
[13.092s][debug][gc,heap        ] GC(61)   region size 1024K, 1 young (1024K), 1 survivors (1024K)
[13.092s][debug][gc,heap        ] GC(61)  Metaspace       used 10391K, capacity 10712K, committed 10880K, reserved 1058816K
[13.092s][debug][gc,heap        ] GC(61)   class space    used 1202K, capacity 1338K, committed 1408K, reserved 1048576K
[13.092s][info ][gc             ] GC(61) Pause Young (Normal) (G1 Evacuation Pause) 190M->4M(312M) 1.698ms
[13.092s][info ][gc,cpu         ] GC(61) User=0.00s Sys=0.00s Real=0.00s
[13.092s][info ][safepoint      ] Safepoint "G1CollectForAllocation", Time since last: 155407153 ns, Reaching safepoint: 166247 ns, At safepoint: 1903664 ns, Total: 2069911 ns
[13.247s][debug][gc,heap        ] GC(62) Heap before GC invocations=62 (full 1): garbage-first heap   total 319488K, used 194798K [0x0000000700000000, 0x0000000800000000)
[13.247s][debug][gc,heap        ] GC(62)   region size 1024K, 187 young (191488K), 1 survivors (1024K)
[13.247s][debug][gc,heap        ] GC(62)  Metaspace       used 10391K, capacity 10712K, committed 10880K, reserved 1058816K
[13.247s][debug][gc,heap        ] GC(62)   class space    used 1202K, capacity 1338K, committed 1408K, reserved 1048576K
[13.247s][info ][gc,start       ] GC(62) Pause Young (Normal) (G1 Evacuation Pause)
[13.247s][info ][gc,task        ] GC(62) Using 8 workers of 8 for evacuation
[13.247s][debug][gc,tlab        ] GC(62) TLAB totals: thrds: 8  refills: 747 max: 105 slow allocs: 0 max 0 waste:  1.0% gc: 1532232B max: 364240B slow: 431624B max: 60904B fast: 0B max: 0B
[13.247s][debug][gc,age         ] GC(62) Desired survivor size 12582912 bytes, new threshold 15 (max threshold 15)
[13.247s][debug][gc,alloc,region] GC(62) Mutator Allocation stats, regions: 186, wasted size: 0B ( 0.0%)
[13.247s][debug][gc,ergo        ] GC(62) Running G1 Merge Heap Roots using 8 workers for 187 regions
[13.247s][debug][gc,remset      ] GC(62) Visited cards 256 Total dirty 2048 (12.50%) Total old 784384 (0.03%)
[13.247s][debug][gc,ergo        ] GC(62) Running G1 Clear Card Table Task using 1 workers for 1 units of work for 188 regions.
[13.247s][debug][gc,ref         ] GC(62) Skipped phase1 of Reference Processing due to unavailable references
[13.247s][debug][gc,ref         ] GC(62) Skipped phase2 of Reference Processing due to unavailable references
[13.248s][debug][gc,ref         ] GC(62) Skipped phase3 of Reference Processing due to unavailable references
[13.248s][debug][gc,ref         ] GC(62) Skipped phase4 of Reference Processing due to unavailable references
[13.248s][debug][gc,ergo        ] GC(62) Running G1 Free Collection Set using 8 workers for collection set length 187 (312)
[13.248s][debug][gc,ergo        ] GC(62) Running G1 Rebuild Free List Task using 8 workers for rebuilding free list of 0 (4096) regions
[13.248s][trace][gc,age         ] GC(62) Age table with threshold 15 (max threshold 15)
[13.248s][trace][gc,age         ] GC(62) - age   1:        528 bytes,        528 total
[13.248s][debug][gc,plab        ] GC(62) Young PLAB allocation: allocated: 14448B, wasted: 0B, unused: 13920B, used: 528B, undo waste: 0B, 
[13.248s][debug][gc,plab        ] GC(62) Young other allocation: region end waste: 0B, regions filled: 1, direct allocated: 0B, failure used: 0B, failure wasted: 0B
[13.248s][debug][gc,plab        ] GC(62) Young sizing: calculated: 104B, actual: 2064B
[13.248s][debug][gc,plab        ] GC(62) Old PLAB allocation: allocated: 0B, wasted: 0B, unused: 0B, used: 0B, undo waste: 0B, 
[13.248s][debug][gc,plab        ] GC(62) Old other allocation: region end waste: 0B, regions filled: 1, direct allocated: 0B, failure used: 0B, failure wasted: 0B
[13.248s][debug][gc,plab        ] GC(62) Old sizing: calculated: 0B, actual: 2064B
[13.248s][debug][gc,ihop        ] GC(62) Basic information (value update), threshold: 147220070B (45.00), target occupancy: 327155712B, current occupancy: 4442808B, recent allocation size: 0B, recent allocation duration: 156.03ms, recent old gen allocation rate: 0.00B/s, recent marking phase length: 0.00ms
[13.248s][debug][gc,ihop        ] GC(62) Adaptive IHOP information (value update), threshold: 147220070B (47.37), internal target occupancy: 310797926B, occupancy: 4442808B, additional buffer size: 196083712B, predicted old gen allocation rate: 27319.86B/s, predicted marking phase length: 0.00ms, prediction active: false
[13.248s][debug][gc,ergo,refine ] GC(62) Concurrent refinement times: Logged Cards Scan time goal: 19.99ms Logged Cards Scan time: 0.00ms HCC time: 0.01ms
[13.248s][debug][gc,ergo,refine ] GC(62) Updated Refinement Zones: green: 2048, yellow: 6144, red: 10240
[13.248s][info ][gc,phases      ] GC(62)   Pre Evacuate Collection Set: 0.1ms
[13.248s][debug][gc,phases      ] GC(62)     Prepare TLABs: 0.0ms
[13.248s][debug][gc,phases      ] GC(62)     Choose Collection Set: 0.0ms
[13.248s][debug][gc,phases      ] GC(62)     Region Register: 0.1ms
[13.248s][debug][gc,phases      ] GC(62)     Prepare Heap Roots: 0.0ms
[13.248s][info ][gc,phases      ] GC(62)   Merge Heap Roots: 0.1ms
[13.248s][debug][gc,phases      ] GC(62)     Prepare Merge Heap Roots: 0.0ms
[13.248s][debug][gc,phases      ] GC(62)     Eager Reclaim (ms):       skipped
[13.248s][debug][gc,phases      ] GC(62)     Remembered Sets (ms):     Min:  0.0, Avg:  0.0, Max:  0.0, Diff:  0.0, Sum:  0.1, Workers: 8
[13.248s][debug][gc,phases      ] GC(62)       Merged Sparse:            Min: 0, Avg:  0.0, Max: 0, Diff: 0, Sum: 0, Workers: 8
[13.248s][debug][gc,phases      ] GC(62)       Merged Fine:              Min: 0, Avg:  0.0, Max: 0, Diff: 0, Sum: 0, Workers: 8
[13.248s][debug][gc,phases      ] GC(62)       Merged Coarse:            Min: 0, Avg:  0.0, Max: 0, Diff: 0, Sum: 0, Workers: 8
[13.248s][debug][gc,phases      ] GC(62)       Dirty Cards:              Min: 0, Avg:  0.0, Max: 0, Diff: 0, Sum: 0, Workers: 8
[13.248s][debug][gc,phases      ] GC(62)     Hot Card Cache (ms):      Min:  0.0, Avg:  0.0, Max:  0.0, Diff:  0.0, Sum:  0.1, Workers: 8
[13.248s][debug][gc,phases      ] GC(62)       Dirty Cards:              Min: 0, Avg:  0.0, Max: 0, Diff: 0, Sum: 0, Workers: 8
[13.248s][debug][gc,phases      ] GC(62)       Skipped Cards:            Min: 0, Avg:  0.0, Max: 0, Diff: 0, Sum: 0, Workers: 8
[13.248s][debug][gc,phases      ] GC(62)     Log Buffers (ms):         Min:  0.0, Avg:  0.0, Max:  0.0, Diff:  0.0, Sum:  0.0, Workers: 8
[13.248s][debug][gc,phases      ] GC(62)       Dirty Cards:              Min: 0, Avg:  0.1, Max: 1, Diff: 1, Sum: 1, Workers: 8
[13.248s][debug][gc,phases      ] GC(62)       Skipped Cards:            Min: 0, Avg:  0.0, Max: 0, Diff: 0, Sum: 0, Workers: 8
[13.248s][info ][gc,phases      ] GC(62)   Evacuate Collection Set: 0.2ms
[13.248s][debug][gc,phases      ] GC(62)     Ext Root Scanning (ms):   Min:  0.0, Avg:  0.0, Max:  0.1, Diff:  0.1, Sum:  0.3, Workers: 8
[13.248s][debug][gc,phases      ] GC(62)     Scan Heap Roots (ms):     Min:  0.0, Avg:  0.0, Max:  0.0, Diff:  0.0, Sum:  0.0, Workers: 8
[13.248s][debug][gc,phases      ] GC(62)       Scanned Cards:            Min: 0, Avg:  0.1, Max: 1, Diff: 1, Sum: 1, Workers: 8
[13.248s][debug][gc,phases      ] GC(62)       Scanned Blocks:           Min: 0, Avg:  0.1, Max: 1, Diff: 1, Sum: 1, Workers: 8
[13.248s][debug][gc,phases      ] GC(62)       Claimed Chunks:           Min: 0, Avg:  0.1, Max: 1, Diff: 1, Sum: 1, Workers: 8
[13.248s][debug][gc,phases      ] GC(62)     Code Root Scan (ms):      Min:  0.0, Avg:  0.0, Max:  0.0, Diff:  0.0, Sum:  0.0, Workers: 8
[13.248s][debug][gc,phases      ] GC(62)     Object Copy (ms):         Min:  0.0, Avg:  0.0, Max:  0.0, Diff:  0.0, Sum:  0.0, Workers: 8
[13.248s][debug][gc,phases      ] GC(62)     Termination (ms):         Min:  0.0, Avg:  0.1, Max:  0.1, Diff:  0.0, Sum:  0.5, Workers: 8
[13.248s][debug][gc,phases      ] GC(62)       Termination Attempts:     Min: 1, Avg:  1.0, Max: 1, Diff: 0, Sum: 8, Workers: 8
[13.248s][debug][gc,phases      ] GC(62)     GC Worker Other (ms):     Min:  0.0, Avg:  0.0, Max:  0.0, Diff:  0.0, Sum:  0.2, Workers: 8
[13.248s][debug][gc,phases      ] GC(62)     GC Worker Total (ms):     Min:  0.1, Avg:  0.1, Max:  0.2, Diff:  0.1, Sum:  1.0, Workers: 8
[13.248s][info ][gc,phases      ] GC(62)   Post Evacuate Collection Set: 0.4ms
[13.248s][debug][gc,phases      ] GC(62)     Code Roots Fixup: 0.0ms
[13.248s][debug][gc,phases      ] GC(62)     Clear Card Table: 0.1ms
[13.248s][debug][gc,phases      ] GC(62)     Reference Processing: 0.1ms
[13.248s][debug][gc,phases,ref  ] GC(62)       Reconsider SoftReferences: 0.0ms
[13.248s][debug][gc,phases,ref  ] GC(62)         SoftRef (ms):             skipped
[13.248s][debug][gc,phases,ref  ] GC(62)       Notify Soft/WeakReferences: 0.0ms
[13.248s][debug][gc,phases,ref  ] GC(62)         SoftRef (ms):             skipped
[13.248s][debug][gc,phases,ref  ] GC(62)         WeakRef (ms):             skipped
[13.248s][debug][gc,phases,ref  ] GC(62)         FinalRef (ms):            skipped
[13.248s][debug][gc,phases,ref  ] GC(62)         Total (ms):               skipped
[13.248s][debug][gc,phases,ref  ] GC(62)       Notify and keep alive finalizable: 0.0ms
[13.248s][debug][gc,phases,ref  ] GC(62)         FinalRef (ms):            skipped
[13.248s][debug][gc,phases,ref  ] GC(62)       Notify PhantomReferences: 0.0ms
[13.248s][debug][gc,phases,ref  ] GC(62)         PhantomRef (ms):          skipped
[13.248s][debug][gc,phases,ref  ] GC(62)       SoftReference:
[13.248s][debug][gc,phases,ref  ] GC(62)         Discovered: 0
[13.248s][debug][gc,phases,ref  ] GC(62)         Cleared: 0
[13.248s][debug][gc,phases,ref  ] GC(62)       WeakReference:
[13.248s][debug][gc,phases,ref  ] GC(62)         Discovered: 0
[13.248s][debug][gc,phases,ref  ] GC(62)         Cleared: 0
[13.248s][debug][gc,phases,ref  ] GC(62)       FinalReference:
[13.248s][debug][gc,phases,ref  ] GC(62)         Discovered: 0
[13.248s][debug][gc,phases,ref  ] GC(62)         Cleared: 0
[13.248s][debug][gc,phases,ref  ] GC(62)       PhantomReference:
[13.248s][debug][gc,phases,ref  ] GC(62)         Discovered: 0
[13.248s][debug][gc,phases,ref  ] GC(62)         Cleared: 0
[13.248s][debug][gc,phases      ] GC(62)     Weak Processing: 0.1ms
[13.248s][debug][gc,phases      ] GC(62)       JVMTI weak processing: 0.0ms
[13.248s][debug][gc,phases      ] GC(62)         Dead: 0
[13.248s][debug][gc,phases      ] GC(62)         Total: 0
[13.248s][debug][gc,phases      ] GC(62)       JFR weak processing: 0.0ms
[13.248s][debug][gc,phases      ] GC(62)         Dead: 0
[13.248s][debug][gc,phases      ] GC(62)         Total: 0
[13.248s][debug][gc,phases      ] GC(62)       JNI weak                  Min:  0.0, Avg:  0.0, Max:  0.0, Diff:  0.0, Sum:  0.1, Workers: 5
[13.248s][debug][gc,phases      ] GC(62)         Dead                      Min: 0, Avg:  0.0, Max: 0, Diff: 0, Sum: 0, Workers: 5
[13.248s][debug][gc,phases      ] GC(62)         Total                     Min: 0, Avg: 12.6, Max: 59, Diff: 59, Sum: 63, Workers: 5
[13.248s][debug][gc,phases      ] GC(62)       VM weak                   Min:  0.0, Avg:  0.0, Max:  0.0, Diff:  0.0, Sum:  0.0, Workers: 5
[13.248s][debug][gc,phases      ] GC(62)         Dead                      Min: 0, Avg:  0.0, Max: 0, Diff: 0, Sum: 0, Workers: 5
[13.248s][debug][gc,phases      ] GC(62)         Total                     Min: 0, Avg: 44.0, Max: 128, Diff: 128, Sum: 220, Workers: 5
[13.248s][debug][gc,phases      ] GC(62)       StringTable weak          Min:  0.0, Avg:  0.0, Max:  0.1, Diff:  0.1, Sum:  0.1, Workers: 5
[13.248s][debug][gc,phases      ] GC(62)         Dead                      Min: 0, Avg:  0.0, Max: 0, Diff: 0, Sum: 0, Workers: 5
[13.248s][debug][gc,phases      ] GC(62)         Total                     Min: 0, Avg: 718.4, Max: 1736, Diff: 1736, Sum: 3592, Workers: 5
[13.248s][debug][gc,phases      ] GC(62)       ResolvedMethodTable weak  Min:  0.0, Avg:  0.0, Max:  0.0, Diff:  0.0, Sum:  0.0, Workers: 5
[13.248s][debug][gc,phases      ] GC(62)         Dead                      Min: 0, Avg:  0.0, Max: 0, Diff: 0, Sum: 0, Workers: 5
[13.248s][debug][gc,phases      ] GC(62)         Total                     Min: 0, Avg: 116.6, Max: 192, Diff: 192, Sum: 583, Workers: 5
[13.248s][debug][gc,phases      ] GC(62)     Merge Per-Thread State: 0.0ms
[13.248s][debug][gc,phases      ] GC(62)       Copied Bytes              Min: 0, Avg: 66.0, Max: 152, Diff: 152, Sum: 528, Workers: 8
[13.248s][debug][gc,phases      ] GC(62)       LAB Waste                 Min: 0, Avg:  0.0, Max: 0, Diff: 0, Sum: 0, Workers: 8
[13.248s][debug][gc,phases      ] GC(62)       LAB Undo Waste            Min: 0, Avg:  0.0, Max: 0, Diff: 0, Sum: 0, Workers: 8
[13.248s][debug][gc,phases      ] GC(62)     Code Roots Purge: 0.0ms
[13.248s][debug][gc,phases      ] GC(62)     Redirty Cards: 0.0ms
[13.248s][debug][gc,phases      ] GC(62)     DerivedPointerTable Update: 0.0ms
[13.248s][debug][gc,phases      ] GC(62)     Free Collection Set: 0.1ms
[13.248s][debug][gc,phases      ] GC(62)     Rebuild Free List: 0.1ms
[13.248s][debug][gc,phases      ] GC(62)     Humongous Reclaim: 0.0ms
[13.248s][debug][gc,phases      ] GC(62)     Start New Collection Set: 0.0ms
[13.248s][debug][gc,phases      ] GC(62)     Resize TLABs: 0.0ms
[13.248s][debug][gc,phases      ] GC(62)     Expand Heap After Collection: 0.0ms
[13.249s][info ][gc,phases      ] GC(62)   Other: 0.3ms
[13.249s][info ][gc,heap        ] GC(62) Eden regions: 186->0(186)
[13.249s][info ][gc,heap        ] GC(62) Survivor regions: 1->1(24)
[13.249s][info ][gc,heap        ] GC(62) Old regions: 7->7
[13.249s][info ][gc,heap        ] GC(62) Archive regions: 2->2
[13.249s][info ][gc,heap        ] GC(62) Humongous regions: 0->0
[13.249s][info ][gc,metaspace   ] GC(62) Metaspace: 10391K(10880K)->10391K(10880K) NonClass: 9188K(9472K)->9188K(9472K) Class: 1202K(1408K)->1202K(1408K)
[13.249s][debug][gc,heap        ] GC(62) Heap after GC invocations=63 (full 1): garbage-first heap   total 319488K, used 4338K [0x0000000700000000, 0x0000000800000000)
[13.249s][debug][gc,heap        ] GC(62)   region size 1024K, 1 young (1024K), 1 survivors (1024K)
[13.249s][debug][gc,heap        ] GC(62)  Metaspace       used 10391K, capacity 10712K, committed 10880K, reserved 1058816K
[13.249s][debug][gc,heap        ] GC(62)   class space    used 1202K, capacity 1338K, committed 1408K, reserved 1048576K
[13.249s][info ][gc             ] GC(62) Pause Young (Normal) (G1 Evacuation Pause) 190M->4M(312M) 1.624ms
[13.249s][info ][gc,cpu         ] GC(62) User=0.00s Sys=0.00s Real=0.00s
[13.249s][info ][safepoint      ] Safepoint "G1CollectForAllocation", Time since last: 154770470 ns, Reaching safepoint: 160086 ns, At safepoint: 1795673 ns, Total: 1955759 ns
[13.411s][debug][gc,heap        ] GC(63) Heap before GC invocations=63 (full 1): garbage-first heap   total 319488K, used 194802K [0x0000000700000000, 0x0000000800000000)
[13.411s][debug][gc,heap        ] GC(63)   region size 1024K, 187 young (191488K), 1 survivors (1024K)
[13.411s][debug][gc,heap        ] GC(63)  Metaspace       used 10391K, capacity 10712K, committed 10880K, reserved 1058816K
[13.411s][debug][gc,heap        ] GC(63)   class space    used 1202K, capacity 1338K, committed 1408K, reserved 1048576K
[13.411s][info ][gc,start       ] GC(63) Pause Young (Normal) (G1 Evacuation Pause)
[13.411s][info ][gc,task        ] GC(63) Using 8 workers of 8 for evacuation
[13.411s][debug][gc,tlab        ] GC(63) TLAB totals: thrds: 8  refills: 747 max: 101 slow allocs: 0 max 0 waste:  0.9% gc: 1390352B max: 432944B slow: 431536B max: 58728B fast: 0B max: 0B
[13.411s][debug][gc,age         ] GC(63) Desired survivor size 12582912 bytes, new threshold 15 (max threshold 15)
[13.411s][debug][gc,alloc,region] GC(63) Mutator Allocation stats, regions: 186, wasted size: 0B ( 0.0%)
[13.412s][debug][gc,ergo        ] GC(63) Running G1 Merge Heap Roots using 8 workers for 187 regions
[13.412s][debug][gc,remset      ] GC(63) Visited cards 256 Total dirty 2048 (12.50%) Total old 784384 (0.03%)
[13.412s][debug][gc,ergo        ] GC(63) Running G1 Clear Card Table Task using 1 workers for 1 units of work for 188 regions.
[13.412s][debug][gc,ref         ] GC(63) Skipped phase1 of Reference Processing due to unavailable references
[13.412s][debug][gc,ref         ] GC(63) Skipped phase2 of Reference Processing due to unavailable references
[13.412s][debug][gc,ref         ] GC(63) Skipped phase3 of Reference Processing due to unavailable references
[13.412s][debug][gc,ref         ] GC(63) Skipped phase4 of Reference Processing due to unavailable references
[13.412s][debug][gc,ergo        ] GC(63) Running G1 Free Collection Set using 8 workers for collection set length 187 (312)
[13.412s][debug][gc,ergo        ] GC(63) Running G1 Rebuild Free List Task using 8 workers for rebuilding free list of 0 (4096) regions
[13.412s][trace][gc,age         ] GC(63) Age table with threshold 15 (max threshold 15)
[13.412s][trace][gc,age         ] GC(63) - age   1:        712 bytes,        712 total
[13.412s][debug][gc,plab        ] GC(63) Young PLAB allocation: allocated: 16512B, wasted: 0B, unused: 15800B, used: 712B, undo waste: 0B, 
[13.412s][debug][gc,plab        ] GC(63) Young other allocation: region end waste: 0B, regions filled: 1, direct allocated: 0B, failure used: 0B, failure wasted: 0B
[13.412s][debug][gc,plab        ] GC(63) Young sizing: calculated: 136B, actual: 2064B
[13.412s][debug][gc,plab        ] GC(63) Old PLAB allocation: allocated: 0B, wasted: 0B, unused: 0B, used: 0B, undo waste: 0B, 
[13.412s][debug][gc,plab        ] GC(63) Old other allocation: region end waste: 0B, regions filled: 1, direct allocated: 0B, failure used: 0B, failure wasted: 0B
[13.412s][debug][gc,plab        ] GC(63) Old sizing: calculated: 0B, actual: 2064B
[13.412s][debug][gc,ihop        ] GC(63) Basic information (value update), threshold: 147220070B (45.00), target occupancy: 327155712B, current occupancy: 4444872B, recent allocation size: 0B, recent allocation duration: 163.58ms, recent old gen allocation rate: 0.00B/s, recent marking phase length: 0.00ms
[13.412s][debug][gc,ihop        ] GC(63) Adaptive IHOP information (value update), threshold: 147220070B (47.37), internal target occupancy: 310797926B, occupancy: 4444872B, additional buffer size: 196083712B, predicted old gen allocation rate: 26418.60B/s, predicted marking phase length: 0.00ms, prediction active: false
[13.412s][debug][gc,ergo,refine ] GC(63) Concurrent refinement times: Logged Cards Scan time goal: 20.00ms Logged Cards Scan time: 0.00ms HCC time: 0.00ms
[13.412s][debug][gc,ergo,refine ] GC(63) Updated Refinement Zones: green: 2048, yellow: 6144, red: 10240
[13.412s][info ][gc,phases      ] GC(63)   Pre Evacuate Collection Set: 0.1ms
[13.412s][debug][gc,phases      ] GC(63)     Prepare TLABs: 0.0ms
[13.412s][debug][gc,phases      ] GC(63)     Choose Collection Set: 0.0ms
[13.412s][debug][gc,phases      ] GC(63)     Region Register: 0.1ms
[13.412s][debug][gc,phases      ] GC(63)     Prepare Heap Roots: 0.0ms
[13.412s][info ][gc,phases      ] GC(63)   Merge Heap Roots: 0.1ms
[13.412s][debug][gc,phases      ] GC(63)     Prepare Merge Heap Roots: 0.0ms
[13.412s][debug][gc,phases      ] GC(63)     Eager Reclaim (ms):       skipped
[13.412s][debug][gc,phases      ] GC(63)     Remembered Sets (ms):     Min:  0.0, Avg:  0.0, Max:  0.0, Diff:  0.0, Sum:  0.1, Workers: 8
[13.412s][debug][gc,phases      ] GC(63)       Merged Sparse:            Min: 0, Avg:  0.0, Max: 0, Diff: 0, Sum: 0, Workers: 8
[13.412s][debug][gc,phases      ] GC(63)       Merged Fine:              Min: 0, Avg:  0.0, Max: 0, Diff: 0, Sum: 0, Workers: 8
[13.412s][debug][gc,phases      ] GC(63)       Merged Coarse:            Min: 0, Avg:  0.0, Max: 0, Diff: 0, Sum: 0, Workers: 8
[13.412s][debug][gc,phases      ] GC(63)       Dirty Cards:              Min: 0, Avg:  0.0, Max: 0, Diff: 0, Sum: 0, Workers: 8
[13.412s][debug][gc,phases      ] GC(63)     Hot Card Cache (ms):      Min:  0.0, Avg:  0.0, Max:  0.0, Diff:  0.0, Sum:  0.0, Workers: 8
[13.412s][debug][gc,phases      ] GC(63)       Dirty Cards:              Min: 0, Avg:  0.0, Max: 0, Diff: 0, Sum: 0, Workers: 8
[13.412s][debug][gc,phases      ] GC(63)       Skipped Cards:            Min: 0, Avg:  0.0, Max: 0, Diff: 0, Sum: 0, Workers: 8
[13.413s][debug][gc,phases      ] GC(63)     Log Buffers (ms):         Min:  0.0, Avg:  0.0, Max:  0.0, Diff:  0.0, Sum:  0.0, Workers: 8
[13.413s][debug][gc,phases      ] GC(63)       Dirty Cards:              Min: 0, Avg:  0.1, Max: 1, Diff: 1, Sum: 1, Workers: 8
[13.413s][debug][gc,phases      ] GC(63)       Skipped Cards:            Min: 0, Avg:  0.0, Max: 0, Diff: 0, Sum: 0, Workers: 8
[13.413s][info ][gc,phases      ] GC(63)   Evacuate Collection Set: 0.1ms
[13.413s][debug][gc,phases      ] GC(63)     Ext Root Scanning (ms):   Min:  0.0, Avg:  0.0, Max:  0.1, Diff:  0.0, Sum:  0.2, Workers: 8
[13.413s][debug][gc,phases      ] GC(63)     Scan Heap Roots (ms):     Min:  0.0, Avg:  0.0, Max:  0.0, Diff:  0.0, Sum:  0.0, Workers: 8
[13.413s][debug][gc,phases      ] GC(63)       Scanned Cards:            Min: 0, Avg:  0.1, Max: 1, Diff: 1, Sum: 1, Workers: 8
[13.413s][debug][gc,phases      ] GC(63)       Scanned Blocks:           Min: 0, Avg:  0.1, Max: 1, Diff: 1, Sum: 1, Workers: 8
[13.413s][debug][gc,phases      ] GC(63)       Claimed Chunks:           Min: 0, Avg:  0.1, Max: 1, Diff: 1, Sum: 1, Workers: 8
[13.413s][debug][gc,phases      ] GC(63)     Code Root Scan (ms):      Min:  0.0, Avg:  0.0, Max:  0.0, Diff:  0.0, Sum:  0.0, Workers: 8
[13.413s][debug][gc,phases      ] GC(63)     Object Copy (ms):         Min:  0.0, Avg:  0.0, Max:  0.0, Diff:  0.0, Sum:  0.0, Workers: 8
[13.413s][debug][gc,phases      ] GC(63)     Termination (ms):         Min:  0.0, Avg:  0.0, Max:  0.0, Diff:  0.0, Sum:  0.3, Workers: 8
[13.413s][debug][gc,phases      ] GC(63)       Termination Attempts:     Min: 1, Avg:  1.0, Max: 1, Diff: 0, Sum: 8, Workers: 8
[13.413s][debug][gc,phases      ] GC(63)     GC Worker Other (ms):     Min:  0.0, Avg:  0.0, Max:  0.0, Diff:  0.0, Sum:  0.1, Workers: 8
[13.413s][debug][gc,phases      ] GC(63)     GC Worker Total (ms):     Min:  0.1, Avg:  0.1, Max:  0.1, Diff:  0.0, Sum:  0.7, Workers: 8
[13.413s][info ][gc,phases      ] GC(63)   Post Evacuate Collection Set: 0.4ms
[13.413s][debug][gc,phases      ] GC(63)     Code Roots Fixup: 0.0ms
[13.413s][debug][gc,phases      ] GC(63)     Clear Card Table: 0.1ms
[13.413s][debug][gc,phases      ] GC(63)     Reference Processing: 0.0ms
[13.413s][debug][gc,phases,ref  ] GC(63)       Reconsider SoftReferences: 0.0ms
[13.413s][debug][gc,phases,ref  ] GC(63)         SoftRef (ms):             skipped
[13.413s][debug][gc,phases,ref  ] GC(63)       Notify Soft/WeakReferences: 0.0ms
[13.413s][debug][gc,phases,ref  ] GC(63)         SoftRef (ms):             skipped
[13.413s][debug][gc,phases,ref  ] GC(63)         WeakRef (ms):             skipped
[13.413s][debug][gc,phases,ref  ] GC(63)         FinalRef (ms):            skipped
[13.413s][debug][gc,phases,ref  ] GC(63)         Total (ms):               skipped
[13.413s][debug][gc,phases,ref  ] GC(63)       Notify and keep alive finalizable: 0.0ms
[13.413s][debug][gc,phases,ref  ] GC(63)         FinalRef (ms):            skipped
[13.413s][debug][gc,phases,ref  ] GC(63)       Notify PhantomReferences: 0.0ms
[13.413s][debug][gc,phases,ref  ] GC(63)         PhantomRef (ms):          skipped
[13.413s][debug][gc,phases,ref  ] GC(63)       SoftReference:
[13.413s][debug][gc,phases,ref  ] GC(63)         Discovered: 0
[13.413s][debug][gc,phases,ref  ] GC(63)         Cleared: 0
[13.413s][debug][gc,phases,ref  ] GC(63)       WeakReference:
[13.413s][debug][gc,phases,ref  ] GC(63)         Discovered: 0
[13.413s][debug][gc,phases,ref  ] GC(63)         Cleared: 0
[13.413s][debug][gc,phases,ref  ] GC(63)       FinalReference:
[13.413s][debug][gc,phases,ref  ] GC(63)         Discovered: 0
[13.413s][debug][gc,phases,ref  ] GC(63)         Cleared: 0
[13.413s][debug][gc,phases,ref  ] GC(63)       PhantomReference:
[13.413s][debug][gc,phases,ref  ] GC(63)         Discovered: 0
[13.413s][debug][gc,phases,ref  ] GC(63)         Cleared: 0
[13.413s][debug][gc,phases      ] GC(63)     Weak Processing: 0.1ms
[13.413s][debug][gc,phases      ] GC(63)       JVMTI weak processing: 0.0ms
[13.413s][debug][gc,phases      ] GC(63)         Dead: 0
[13.413s][debug][gc,phases      ] GC(63)         Total: 0
[13.413s][debug][gc,phases      ] GC(63)       JFR weak processing: 0.0ms
[13.413s][debug][gc,phases      ] GC(63)         Dead: 0
[13.413s][debug][gc,phases      ] GC(63)         Total: 0
[13.413s][debug][gc,phases      ] GC(63)       JNI weak                  Min:  0.0, Avg:  0.0, Max:  0.0, Diff:  0.0, Sum:  0.0, Workers: 5
[13.413s][debug][gc,phases      ] GC(63)         Dead                      Min: 0, Avg:  0.0, Max: 0, Diff: 0, Sum: 0, Workers: 5
[13.413s][debug][gc,phases      ] GC(63)         Total                     Min: 0, Avg: 12.6, Max: 59, Diff: 59, Sum: 63, Workers: 5
[13.413s][debug][gc,phases      ] GC(63)       VM weak                   Min:  0.0, Avg:  0.0, Max:  0.0, Diff:  0.0, Sum:  0.0, Workers: 5
[13.413s][debug][gc,phases      ] GC(63)         Dead                      Min: 0, Avg:  0.0, Max: 0, Diff: 0, Sum: 0, Workers: 5
[13.413s][debug][gc,phases      ] GC(63)         Total                     Min: 0, Avg: 44.0, Max: 64, Diff: 64, Sum: 220, Workers: 5
[13.413s][debug][gc,phases      ] GC(63)       StringTable weak          Min:  0.0, Avg:  0.0, Max:  0.0, Diff:  0.0, Sum:  0.1, Workers: 5
[13.413s][debug][gc,phases      ] GC(63)         Dead                      Min: 0, Avg:  0.0, Max: 0, Diff: 0, Sum: 0, Workers: 5
[13.413s][debug][gc,phases      ] GC(63)         Total                     Min: 0, Avg: 718.4, Max: 960, Diff: 960, Sum: 3592, Workers: 5
[13.413s][debug][gc,phases      ] GC(63)       ResolvedMethodTable weak  Min:  0.0, Avg:  0.0, Max:  0.0, Diff:  0.0, Sum:  0.0, Workers: 5
[13.413s][debug][gc,phases      ] GC(63)         Dead                      Min: 0, Avg:  0.0, Max: 0, Diff: 0, Sum: 0, Workers: 5
[13.413s][debug][gc,phases      ] GC(63)         Total                     Min: 0, Avg: 116.6, Max: 192, Diff: 192, Sum: 583, Workers: 5
[13.413s][debug][gc,phases      ] GC(63)     Merge Per-Thread State: 0.0ms
[13.413s][debug][gc,phases      ] GC(63)       Copied Bytes              Min: 24, Avg: 89.0, Max: 152, Diff: 128, Sum: 712, Workers: 8
[13.413s][debug][gc,phases      ] GC(63)       LAB Waste                 Min: 0, Avg:  0.0, Max: 0, Diff: 0, Sum: 0, Workers: 8
[13.413s][debug][gc,phases      ] GC(63)       LAB Undo Waste            Min: 0, Avg:  0.0, Max: 0, Diff: 0, Sum: 0, Workers: 8
[13.413s][debug][gc,phases      ] GC(63)     Code Roots Purge: 0.0ms
[13.413s][debug][gc,phases      ] GC(63)     Redirty Cards: 0.0ms
[13.413s][debug][gc,phases      ] GC(63)     DerivedPointerTable Update: 0.0ms
[13.413s][debug][gc,phases      ] GC(63)     Free Collection Set: 0.1ms
[13.413s][debug][gc,phases      ] GC(63)     Rebuild Free List: 0.1ms
[13.413s][debug][gc,phases      ] GC(63)     Humongous Reclaim: 0.0ms
[13.413s][debug][gc,phases      ] GC(63)     Start New Collection Set: 0.0ms
[13.413s][debug][gc,phases      ] GC(63)     Resize TLABs: 0.0ms
[13.413s][debug][gc,phases      ] GC(63)     Expand Heap After Collection: 0.0ms
[13.413s][info ][gc,phases      ] GC(63)   Other: 0.3ms
[13.413s][info ][gc,heap        ] GC(63) Eden regions: 186->0(186)
[13.413s][info ][gc,heap        ] GC(63) Survivor regions: 1->1(24)
[13.413s][info ][gc,heap        ] GC(63) Old regions: 7->7
[13.413s][info ][gc,heap        ] GC(63) Archive regions: 2->2
[13.413s][info ][gc,heap        ] GC(63) Humongous regions: 0->0
[13.413s][info ][gc,metaspace   ] GC(63) Metaspace: 10391K(10880K)->10391K(10880K) NonClass: 9188K(9472K)->9188K(9472K) Class: 1202K(1408K)->1202K(1408K)
[13.413s][debug][gc,heap        ] GC(63) Heap after GC invocations=64 (full 1): garbage-first heap   total 319488K, used 4340K [0x0000000700000000, 0x0000000800000000)
[13.413s][debug][gc,heap        ] GC(63)   region size 1024K, 1 young (1024K), 1 survivors (1024K)
[13.413s][debug][gc,heap        ] GC(63)  Metaspace       used 10391K, capacity 10712K, committed 10880K, reserved 1058816K
[13.413s][debug][gc,heap        ] GC(63)   class space    used 1202K, capacity 1338K, committed 1408K, reserved 1048576K
[13.413s][info ][gc             ] GC(63) Pause Young (Normal) (G1 Evacuation Pause) 190M->4M(312M) 1.537ms
[13.413s][info ][gc,cpu         ] GC(63) User=0.00s Sys=0.00s Real=0.00s
[13.413s][info ][safepoint      ] Safepoint "G1CollectForAllocation", Time since last: 162535672 ns, Reaching safepoint: 175567 ns, At safepoint: 1717003 ns, Total: 1892570 ns
[13.558s][debug][gc,heap        ] GC(64) Heap before GC invocations=64 (full 1): garbage-first heap   total 319488K, used 193780K [0x0000000700000000, 0x0000000800000000)
[13.558s][debug][gc,heap        ] GC(64)   region size 1024K, 187 young (191488K), 1 survivors (1024K)
[13.558s][debug][gc,heap        ] GC(64)  Metaspace       used 10391K, capacity 10712K, committed 10880K, reserved 1058816K
[13.558s][debug][gc,heap        ] GC(64)   class space    used 1202K, capacity 1338K, committed 1408K, reserved 1048576K
[13.558s][info ][gc,start       ] GC(64) Pause Young (Normal) (G1 Evacuation Pause)
[13.558s][info ][gc,task        ] GC(64) Using 8 workers of 8 for evacuation
[13.558s][debug][gc,tlab        ] GC(64) TLAB totals: thrds: 8  refills: 746 max: 105 slow allocs: 0 max 0 waste:  0.5% gc: 625176B max: 177384B slow: 431672B max: 60288B fast: 0B max: 0B
[13.558s][debug][gc,age         ] GC(64) Desired survivor size 12582912 bytes, new threshold 15 (max threshold 15)
[13.558s][debug][gc,alloc,region] GC(64) Mutator Allocation stats, regions: 186, wasted size: 0B ( 0.0%)
[13.558s][debug][gc,ergo        ] GC(64) Running G1 Merge Heap Roots using 8 workers for 187 regions
[13.558s][debug][gc,remset      ] GC(64) Visited cards 256 Total dirty 2048 (12.50%) Total old 784384 (0.03%)
[13.559s][debug][gc,ergo        ] GC(64) Running G1 Clear Card Table Task using 1 workers for 1 units of work for 188 regions.
[13.559s][debug][gc,ref         ] GC(64) Skipped phase1 of Reference Processing due to unavailable references
[13.559s][debug][gc,ref         ] GC(64) Skipped phase2 of Reference Processing due to unavailable references
[13.559s][debug][gc,ref         ] GC(64) Skipped phase3 of Reference Processing due to unavailable references
[13.559s][debug][gc,ref         ] GC(64) Skipped phase4 of Reference Processing due to unavailable references
[13.559s][debug][gc,ergo        ] GC(64) Running G1 Free Collection Set using 8 workers for collection set length 187 (312)
[13.559s][debug][gc,ergo        ] GC(64) Running G1 Rebuild Free List Task using 8 workers for rebuilding free list of 0 (4096) regions
[13.559s][trace][gc,age         ] GC(64) Age table with threshold 15 (max threshold 15)
[13.559s][trace][gc,age         ] GC(64) - age   1:        424 bytes,        424 total
[13.559s][debug][gc,plab        ] GC(64) Young PLAB allocation: allocated: 16512B, wasted: 0B, unused: 16088B, used: 424B, undo waste: 0B, 
[13.559s][debug][gc,plab        ] GC(64) Young other allocation: region end waste: 0B, regions filled: 1, direct allocated: 0B, failure used: 0B, failure wasted: 0B
[13.559s][debug][gc,plab        ] GC(64) Young sizing: calculated: 80B, actual: 2064B
[13.559s][debug][gc,plab        ] GC(64) Old PLAB allocation: allocated: 0B, wasted: 0B, unused: 0B, used: 0B, undo waste: 0B, 
[13.559s][debug][gc,plab        ] GC(64) Old other allocation: region end waste: 0B, regions filled: 1, direct allocated: 0B, failure used: 0B, failure wasted: 0B
[13.559s][debug][gc,plab        ] GC(64) Old sizing: calculated: 0B, actual: 2064B
[13.559s][debug][gc,ihop        ] GC(64) Basic information (value update), threshold: 147220070B (45.00), target occupancy: 327155712B, current occupancy: 4444872B, recent allocation size: 0B, recent allocation duration: 145.73ms, recent old gen allocation rate: 0.00B/s, recent marking phase length: 0.00ms
[13.559s][debug][gc,ihop        ] GC(64) Adaptive IHOP information (value update), threshold: 147220070B (47.37), internal target occupancy: 310797926B, occupancy: 4444872B, additional buffer size: 196083712B, predicted old gen allocation rate: 25549.84B/s, predicted marking phase length: 0.00ms, prediction active: false
[13.559s][debug][gc,ergo,refine ] GC(64) Concurrent refinement times: Logged Cards Scan time goal: 20.00ms Logged Cards Scan time: 0.00ms HCC time: 0.00ms
[13.559s][debug][gc,ergo,refine ] GC(64) Updated Refinement Zones: green: 2048, yellow: 6144, red: 10240
[13.559s][info ][gc,phases      ] GC(64)   Pre Evacuate Collection Set: 0.1ms
[13.559s][debug][gc,phases      ] GC(64)     Prepare TLABs: 0.0ms
[13.559s][debug][gc,phases      ] GC(64)     Choose Collection Set: 0.0ms
[13.559s][debug][gc,phases      ] GC(64)     Region Register: 0.1ms
[13.559s][debug][gc,phases      ] GC(64)     Prepare Heap Roots: 0.0ms
[13.559s][info ][gc,phases      ] GC(64)   Merge Heap Roots: 0.1ms
[13.559s][debug][gc,phases      ] GC(64)     Prepare Merge Heap Roots: 0.0ms
[13.559s][debug][gc,phases      ] GC(64)     Eager Reclaim (ms):       skipped
[13.559s][debug][gc,phases      ] GC(64)     Remembered Sets (ms):     Min:  0.0, Avg:  0.0, Max:  0.0, Diff:  0.0, Sum:  0.0, Workers: 8
[13.559s][debug][gc,phases      ] GC(64)       Merged Sparse:            Min: 0, Avg:  0.0, Max: 0, Diff: 0, Sum: 0, Workers: 8
[13.559s][debug][gc,phases      ] GC(64)       Merged Fine:              Min: 0, Avg:  0.0, Max: 0, Diff: 0, Sum: 0, Workers: 8
[13.559s][debug][gc,phases      ] GC(64)       Merged Coarse:            Min: 0, Avg:  0.0, Max: 0, Diff: 0, Sum: 0, Workers: 8
[13.559s][debug][gc,phases      ] GC(64)       Dirty Cards:              Min: 0, Avg:  0.0, Max: 0, Diff: 0, Sum: 0, Workers: 8
[13.559s][debug][gc,phases      ] GC(64)     Hot Card Cache (ms):      Min:  0.0, Avg:  0.0, Max:  0.0, Diff:  0.0, Sum:  0.0, Workers: 8
[13.559s][debug][gc,phases      ] GC(64)       Dirty Cards:              Min: 0, Avg:  0.0, Max: 0, Diff: 0, Sum: 0, Workers: 8
[13.559s][debug][gc,phases      ] GC(64)       Skipped Cards:            Min: 0, Avg:  0.0, Max: 0, Diff: 0, Sum: 0, Workers: 8
[13.559s][debug][gc,phases      ] GC(64)     Log Buffers (ms):         Min:  0.0, Avg:  0.0, Max:  0.0, Diff:  0.0, Sum:  0.0, Workers: 8
[13.559s][debug][gc,phases      ] GC(64)       Dirty Cards:              Min: 0, Avg:  0.1, Max: 1, Diff: 1, Sum: 1, Workers: 8
[13.559s][debug][gc,phases      ] GC(64)       Skipped Cards:            Min: 0, Avg:  0.0, Max: 0, Diff: 0, Sum: 0, Workers: 8
[13.559s][info ][gc,phases      ] GC(64)   Evacuate Collection Set: 0.2ms
[13.559s][debug][gc,phases      ] GC(64)     Ext Root Scanning (ms):   Min:  0.0, Avg:  0.0, Max:  0.1, Diff:  0.0, Sum:  0.3, Workers: 8
[13.559s][debug][gc,phases      ] GC(64)     Scan Heap Roots (ms):     Min:  0.0, Avg:  0.0, Max:  0.0, Diff:  0.0, Sum:  0.0, Workers: 8
[13.559s][debug][gc,phases      ] GC(64)       Scanned Cards:            Min: 0, Avg:  0.1, Max: 1, Diff: 1, Sum: 1, Workers: 8
[13.559s][debug][gc,phases      ] GC(64)       Scanned Blocks:           Min: 0, Avg:  0.1, Max: 1, Diff: 1, Sum: 1, Workers: 8
[13.559s][debug][gc,phases      ] GC(64)       Claimed Chunks:           Min: 0, Avg:  0.1, Max: 1, Diff: 1, Sum: 1, Workers: 8
[13.559s][debug][gc,phases      ] GC(64)     Code Root Scan (ms):      Min:  0.0, Avg:  0.0, Max:  0.0, Diff:  0.0, Sum:  0.0, Workers: 8
[13.559s][debug][gc,phases      ] GC(64)     Object Copy (ms):         Min:  0.0, Avg:  0.0, Max:  0.0, Diff:  0.0, Sum:  0.0, Workers: 8
[13.559s][debug][gc,phases      ] GC(64)     Termination (ms):         Min:  0.0, Avg:  0.1, Max:  0.1, Diff:  0.0, Sum:  0.4, Workers: 8
[13.559s][debug][gc,phases      ] GC(64)       Termination Attempts:     Min: 1, Avg:  1.0, Max: 1, Diff: 0, Sum: 8, Workers: 8
[13.559s][debug][gc,phases      ] GC(64)     GC Worker Other (ms):     Min:  0.0, Avg:  0.0, Max:  0.0, Diff:  0.0, Sum:  0.2, Workers: 8
[13.559s][debug][gc,phases      ] GC(64)     GC Worker Total (ms):     Min:  0.1, Avg:  0.1, Max:  0.2, Diff:  0.1, Sum:  1.0, Workers: 8
[13.559s][info ][gc,phases      ] GC(64)   Post Evacuate Collection Set: 0.4ms
[13.559s][debug][gc,phases      ] GC(64)     Code Roots Fixup: 0.0ms
[13.559s][debug][gc,phases      ] GC(64)     Clear Card Table: 0.1ms
[13.559s][debug][gc,phases      ] GC(64)     Reference Processing: 0.0ms
[13.559s][debug][gc,phases,ref  ] GC(64)       Reconsider SoftReferences: 0.0ms
[13.559s][debug][gc,phases,ref  ] GC(64)         SoftRef (ms):             skipped
[13.559s][debug][gc,phases,ref  ] GC(64)       Notify Soft/WeakReferences: 0.0ms
[13.559s][debug][gc,phases,ref  ] GC(64)         SoftRef (ms):             skipped
[13.559s][debug][gc,phases,ref  ] GC(64)         WeakRef (ms):             skipped
[13.559s][debug][gc,phases,ref  ] GC(64)         FinalRef (ms):            skipped
[13.559s][debug][gc,phases,ref  ] GC(64)         Total (ms):               skipped
[13.559s][debug][gc,phases,ref  ] GC(64)       Notify and keep alive finalizable: 0.0ms
[13.559s][debug][gc,phases,ref  ] GC(64)         FinalRef (ms):            skipped
[13.559s][debug][gc,phases,ref  ] GC(64)       Notify PhantomReferences: 0.0ms
[13.559s][debug][gc,phases,ref  ] GC(64)         PhantomRef (ms):          skipped
[13.559s][debug][gc,phases,ref  ] GC(64)       SoftReference:
[13.559s][debug][gc,phases,ref  ] GC(64)         Discovered: 0
[13.559s][debug][gc,phases,ref  ] GC(64)         Cleared: 0
[13.559s][debug][gc,phases,ref  ] GC(64)       WeakReference:
[13.559s][debug][gc,phases,ref  ] GC(64)         Discovered: 0
[13.559s][debug][gc,phases,ref  ] GC(64)         Cleared: 0
[13.559s][debug][gc,phases,ref  ] GC(64)       FinalReference:
[13.559s][debug][gc,phases,ref  ] GC(64)         Discovered: 0
[13.559s][debug][gc,phases,ref  ] GC(64)         Cleared: 0
[13.559s][debug][gc,phases,ref  ] GC(64)       PhantomReference:
[13.559s][debug][gc,phases,ref  ] GC(64)         Discovered: 0
[13.559s][debug][gc,phases,ref  ] GC(64)         Cleared: 0
[13.559s][debug][gc,phases      ] GC(64)     Weak Processing: 0.1ms
[13.559s][debug][gc,phases      ] GC(64)       JVMTI weak processing: 0.0ms
[13.559s][debug][gc,phases      ] GC(64)         Dead: 0
[13.559s][debug][gc,phases      ] GC(64)         Total: 0
[13.559s][debug][gc,phases      ] GC(64)       JFR weak processing: 0.0ms
[13.559s][debug][gc,phases      ] GC(64)         Dead: 0
[13.559s][debug][gc,phases      ] GC(64)         Total: 0
[13.559s][debug][gc,phases      ] GC(64)       JNI weak                  Min:  0.0, Avg:  0.0, Max:  0.0, Diff:  0.0, Sum:  0.0, Workers: 5
[13.559s][debug][gc,phases      ] GC(64)         Dead                      Min: 0, Avg:  0.0, Max: 0, Diff: 0, Sum: 0, Workers: 5
[13.559s][debug][gc,phases      ] GC(64)         Total                     Min: 0, Avg: 12.6, Max: 59, Diff: 59, Sum: 63, Workers: 5
[13.559s][debug][gc,phases      ] GC(64)       VM weak                   Min:  0.0, Avg:  0.0, Max:  0.0, Diff:  0.0, Sum:  0.0, Workers: 5
[13.559s][debug][gc,phases      ] GC(64)         Dead                      Min: 0, Avg:  0.0, Max: 0, Diff: 0, Sum: 0, Workers: 5
[13.559s][debug][gc,phases      ] GC(64)         Total                     Min: 0, Avg: 44.0, Max: 64, Diff: 64, Sum: 220, Workers: 5
[13.559s][debug][gc,phases      ] GC(64)       StringTable weak          Min:  0.0, Avg:  0.0, Max:  0.0, Diff:  0.0, Sum:  0.1, Workers: 5
[13.559s][debug][gc,phases      ] GC(64)         Dead                      Min: 0, Avg:  0.0, Max: 0, Diff: 0, Sum: 0, Workers: 5
[13.560s][debug][gc,phases      ] GC(64)         Total                     Min: 0, Avg: 718.4, Max: 960, Diff: 960, Sum: 3592, Workers: 5
[13.560s][debug][gc,phases      ] GC(64)       ResolvedMethodTable weak  Min:  0.0, Avg:  0.0, Max:  0.0, Diff:  0.0, Sum:  0.0, Workers: 5
[13.560s][debug][gc,phases      ] GC(64)         Dead                      Min: 0, Avg:  0.0, Max: 0, Diff: 0, Sum: 0, Workers: 5
[13.560s][debug][gc,phases      ] GC(64)         Total                     Min: 0, Avg: 116.6, Max: 192, Diff: 192, Sum: 583, Workers: 5
[13.560s][debug][gc,phases      ] GC(64)     Merge Per-Thread State: 0.0ms
[13.560s][debug][gc,phases      ] GC(64)       Copied Bytes              Min: 24, Avg: 53.0, Max: 104, Diff: 80, Sum: 424, Workers: 8
[13.560s][debug][gc,phases      ] GC(64)       LAB Waste                 Min: 0, Avg:  0.0, Max: 0, Diff: 0, Sum: 0, Workers: 8
[13.560s][debug][gc,phases      ] GC(64)       LAB Undo Waste            Min: 0, Avg:  0.0, Max: 0, Diff: 0, Sum: 0, Workers: 8
[13.560s][debug][gc,phases      ] GC(64)     Code Roots Purge: 0.0ms
[13.560s][debug][gc,phases      ] GC(64)     Redirty Cards: 0.0ms
[13.560s][debug][gc,phases      ] GC(64)     DerivedPointerTable Update: 0.0ms
[13.560s][debug][gc,phases      ] GC(64)     Free Collection Set: 0.1ms
[13.560s][debug][gc,phases      ] GC(64)     Rebuild Free List: 0.0ms
[13.560s][debug][gc,phases      ] GC(64)     Humongous Reclaim: 0.0ms
[13.560s][debug][gc,phases      ] GC(64)     Start New Collection Set: 0.0ms
[13.560s][debug][gc,phases      ] GC(64)     Resize TLABs: 0.0ms
[13.560s][debug][gc,phases      ] GC(64)     Expand Heap After Collection: 0.0ms
[13.560s][info ][gc,phases      ] GC(64)   Other: 0.3ms
[13.560s][info ][gc,heap        ] GC(64) Eden regions: 186->0(186)
[13.560s][info ][gc,heap        ] GC(64) Survivor regions: 1->1(24)
[13.560s][info ][gc,heap        ] GC(64) Old regions: 7->7
[13.560s][info ][gc,heap        ] GC(64) Archive regions: 2->2
[13.560s][info ][gc,heap        ] GC(64) Humongous regions: 0->0
[13.560s][info ][gc,metaspace   ] GC(64) Metaspace: 10391K(10880K)->10391K(10880K) NonClass: 9188K(9472K)->9188K(9472K) Class: 1202K(1408K)->1202K(1408K)
[13.560s][debug][gc,heap        ] GC(64) Heap after GC invocations=65 (full 1): garbage-first heap   total 319488K, used 4340K [0x0000000700000000, 0x0000000800000000)
[13.560s][debug][gc,heap        ] GC(64)   region size 1024K, 1 young (1024K), 1 survivors (1024K)
[13.560s][debug][gc,heap        ] GC(64)  Metaspace       used 10391K, capacity 10712K, committed 10880K, reserved 1058816K
[13.560s][debug][gc,heap        ] GC(64)   class space    used 1202K, capacity 1338K, committed 1408K, reserved 1048576K
[13.560s][info ][gc             ] GC(64) Pause Young (Normal) (G1 Evacuation Pause) 190M->4M(312M) 1.600ms
[13.560s][info ][gc,cpu         ] GC(64) User=0.00s Sys=0.01s Real=0.00s
[13.560s][info ][safepoint      ] Safepoint "G1CollectForAllocation", Time since last: 144787519 ns, Reaching safepoint: 106719 ns, At safepoint: 1785266 ns, Total: 1891985 ns
[13.699s][debug][gc,heap        ] GC(65) Heap before GC invocations=65 (full 1): garbage-first heap   total 319488K, used 194804K [0x0000000700000000, 0x0000000800000000)
[13.699s][debug][gc,heap        ] GC(65)   region size 1024K, 187 young (191488K), 1 survivors (1024K)
[13.699s][debug][gc,heap        ] GC(65)  Metaspace       used 10391K, capacity 10712K, committed 10880K, reserved 1058816K
[13.699s][debug][gc,heap        ] GC(65)   class space    used 1202K, capacity 1338K, committed 1408K, reserved 1048576K
[13.699s][info ][gc,start       ] GC(65) Pause Young (Normal) (G1 Evacuation Pause)
[13.699s][info ][gc,task        ] GC(65) Using 8 workers of 8 for evacuation
[13.699s][debug][gc,tlab        ] GC(65) TLAB totals: thrds: 8  refills: 747 max: 108 slow allocs: 0 max 0 waste:  1.0% gc: 1497552B max: 392928B slow: 431960B max: 62168B fast: 0B max: 0B
[13.699s][debug][gc,age         ] GC(65) Desired survivor size 12582912 bytes, new threshold 15 (max threshold 15)
[13.699s][debug][gc,alloc,region] GC(65) Mutator Allocation stats, regions: 186, wasted size: 0B ( 0.0%)
[13.699s][debug][gc,ergo        ] GC(65) Running G1 Merge Heap Roots using 8 workers for 187 regions
[13.699s][debug][gc,remset      ] GC(65) Visited cards 256 Total dirty 2048 (12.50%) Total old 784384 (0.03%)
[13.699s][debug][gc,ergo        ] GC(65) Running G1 Clear Card Table Task using 1 workers for 1 units of work for 188 regions.
[13.700s][debug][gc,ref         ] GC(65) Skipped phase1 of Reference Processing due to unavailable references
[13.700s][debug][gc,ref         ] GC(65) Skipped phase2 of Reference Processing due to unavailable references
[13.700s][debug][gc,ref         ] GC(65) Skipped phase3 of Reference Processing due to unavailable references
[13.700s][debug][gc,ref         ] GC(65) Skipped phase4 of Reference Processing due to unavailable references
[13.700s][debug][gc,ergo        ] GC(65) Running G1 Free Collection Set using 8 workers for collection set length 187 (312)
[13.700s][debug][gc,ergo        ] GC(65) Running G1 Rebuild Free List Task using 8 workers for rebuilding free list of 0 (4096) regions
[13.700s][trace][gc,age         ] GC(65) Age table with threshold 15 (max threshold 15)
[13.700s][trace][gc,age         ] GC(65) - age   1:        504 bytes,        504 total
[13.700s][debug][gc,plab        ] GC(65) Young PLAB allocation: allocated: 14448B, wasted: 0B, unused: 13944B, used: 504B, undo waste: 0B, 
[13.700s][debug][gc,plab        ] GC(65) Young other allocation: region end waste: 0B, regions filled: 1, direct allocated: 0B, failure used: 0B, failure wasted: 0B
[13.700s][debug][gc,plab        ] GC(65) Young sizing: calculated: 96B, actual: 2064B
[13.700s][debug][gc,plab        ] GC(65) Old PLAB allocation: allocated: 0B, wasted: 0B, unused: 0B, used: 0B, undo waste: 0B, 
[13.700s][debug][gc,plab        ] GC(65) Old other allocation: region end waste: 0B, regions filled: 1, direct allocated: 0B, failure used: 0B, failure wasted: 0B
[13.700s][debug][gc,plab        ] GC(65) Old sizing: calculated: 0B, actual: 2064B
[13.700s][debug][gc,ihop        ] GC(65) Basic information (value update), threshold: 147220070B (45.00), target occupancy: 327155712B, current occupancy: 4442808B, recent allocation size: 0B, recent allocation duration: 139.96ms, recent old gen allocation rate: 0.00B/s, recent marking phase length: 0.00ms
[13.700s][debug][gc,ihop        ] GC(65) Adaptive IHOP information (value update), threshold: 147220070B (47.37), internal target occupancy: 310797926B, occupancy: 4442808B, additional buffer size: 196083712B, predicted old gen allocation rate: 24712.32B/s, predicted marking phase length: 0.00ms, prediction active: false
[13.700s][debug][gc,ergo,refine ] GC(65) Concurrent refinement times: Logged Cards Scan time goal: 19.99ms Logged Cards Scan time: 0.00ms HCC time: 0.01ms
[13.700s][debug][gc,ergo,refine ] GC(65) Updated Refinement Zones: green: 2048, yellow: 6144, red: 10240
[13.700s][info ][gc,phases      ] GC(65)   Pre Evacuate Collection Set: 0.2ms
[13.700s][debug][gc,phases      ] GC(65)     Prepare TLABs: 0.0ms
[13.700s][debug][gc,phases      ] GC(65)     Choose Collection Set: 0.0ms
[13.700s][debug][gc,phases      ] GC(65)     Region Register: 0.2ms
[13.700s][debug][gc,phases      ] GC(65)     Prepare Heap Roots: 0.0ms
[13.700s][info ][gc,phases      ] GC(65)   Merge Heap Roots: 0.1ms
[13.700s][debug][gc,phases      ] GC(65)     Prepare Merge Heap Roots: 0.0ms
[13.700s][debug][gc,phases      ] GC(65)     Eager Reclaim (ms):       skipped
[13.700s][debug][gc,phases      ] GC(65)     Remembered Sets (ms):     Min:  0.0, Avg:  0.0, Max:  0.0, Diff:  0.0, Sum:  0.1, Workers: 8
[13.700s][debug][gc,phases      ] GC(65)       Merged Sparse:            Min: 0, Avg:  0.0, Max: 0, Diff: 0, Sum: 0, Workers: 8
[13.700s][debug][gc,phases      ] GC(65)       Merged Fine:              Min: 0, Avg:  0.0, Max: 0, Diff: 0, Sum: 0, Workers: 8
[13.700s][debug][gc,phases      ] GC(65)       Merged Coarse:            Min: 0, Avg:  0.0, Max: 0, Diff: 0, Sum: 0, Workers: 8
[13.700s][debug][gc,phases      ] GC(65)       Dirty Cards:              Min: 0, Avg:  0.0, Max: 0, Diff: 0, Sum: 0, Workers: 8
[13.700s][debug][gc,phases      ] GC(65)     Hot Card Cache (ms):      Min:  0.0, Avg:  0.0, Max:  0.0, Diff:  0.0, Sum:  0.0, Workers: 8
[13.700s][debug][gc,phases      ] GC(65)       Dirty Cards:              Min: 0, Avg:  0.0, Max: 0, Diff: 0, Sum: 0, Workers: 8
[13.700s][debug][gc,phases      ] GC(65)       Skipped Cards:            Min: 0, Avg:  0.0, Max: 0, Diff: 0, Sum: 0, Workers: 8
[13.700s][debug][gc,phases      ] GC(65)     Log Buffers (ms):         Min:  0.0, Avg:  0.0, Max:  0.0, Diff:  0.0, Sum:  0.0, Workers: 8
[13.700s][debug][gc,phases      ] GC(65)       Dirty Cards:              Min: 0, Avg:  0.1, Max: 1, Diff: 1, Sum: 1, Workers: 8
[13.700s][debug][gc,phases      ] GC(65)       Skipped Cards:            Min: 0, Avg:  0.0, Max: 0, Diff: 0, Sum: 0, Workers: 8
[13.700s][info ][gc,phases      ] GC(65)   Evacuate Collection Set: 0.2ms
[13.700s][debug][gc,phases      ] GC(65)     Ext Root Scanning (ms):   Min:  0.0, Avg:  0.0, Max:  0.1, Diff:  0.1, Sum:  0.3, Workers: 8
[13.700s][debug][gc,phases      ] GC(65)     Scan Heap Roots (ms):     Min:  0.0, Avg:  0.0, Max:  0.0, Diff:  0.0, Sum:  0.0, Workers: 8
[13.700s][debug][gc,phases      ] GC(65)       Scanned Cards:            Min: 0, Avg:  0.1, Max: 1, Diff: 1, Sum: 1, Workers: 8
[13.700s][debug][gc,phases      ] GC(65)       Scanned Blocks:           Min: 0, Avg:  0.1, Max: 1, Diff: 1, Sum: 1, Workers: 8
[13.700s][debug][gc,phases      ] GC(65)       Claimed Chunks:           Min: 0, Avg:  0.1, Max: 1, Diff: 1, Sum: 1, Workers: 8
[13.700s][debug][gc,phases      ] GC(65)     Code Root Scan (ms):      Min:  0.0, Avg:  0.0, Max:  0.0, Diff:  0.0, Sum:  0.0, Workers: 8
[13.700s][debug][gc,phases      ] GC(65)     Object Copy (ms):         Min:  0.0, Avg:  0.0, Max:  0.0, Diff:  0.0, Sum:  0.0, Workers: 8
[13.700s][debug][gc,phases      ] GC(65)     Termination (ms):         Min:  0.0, Avg:  0.0, Max:  0.1, Diff:  0.0, Sum:  0.4, Workers: 8
[13.700s][debug][gc,phases      ] GC(65)       Termination Attempts:     Min: 1, Avg:  1.0, Max: 1, Diff: 0, Sum: 8, Workers: 8
[13.700s][debug][gc,phases      ] GC(65)     GC Worker Other (ms):     Min:  0.0, Avg:  0.0, Max:  0.0, Diff:  0.0, Sum:  0.3, Workers: 8
[13.700s][debug][gc,phases      ] GC(65)     GC Worker Total (ms):     Min:  0.1, Avg:  0.1, Max:  0.2, Diff:  0.1, Sum:  1.0, Workers: 8
[13.700s][info ][gc,phases      ] GC(65)   Post Evacuate Collection Set: 0.4ms
[13.700s][debug][gc,phases      ] GC(65)     Code Roots Fixup: 0.0ms
[13.700s][debug][gc,phases      ] GC(65)     Clear Card Table: 0.1ms
[13.700s][debug][gc,phases      ] GC(65)     Reference Processing: 0.0ms
[13.700s][debug][gc,phases,ref  ] GC(65)       Reconsider SoftReferences: 0.0ms
[13.700s][debug][gc,phases,ref  ] GC(65)         SoftRef (ms):             skipped
[13.700s][debug][gc,phases,ref  ] GC(65)       Notify Soft/WeakReferences: 0.0ms
[13.700s][debug][gc,phases,ref  ] GC(65)         SoftRef (ms):             skipped
[13.700s][debug][gc,phases,ref  ] GC(65)         WeakRef (ms):             skipped
[13.700s][debug][gc,phases,ref  ] GC(65)         FinalRef (ms):            skipped
[13.700s][debug][gc,phases,ref  ] GC(65)         Total (ms):               skipped
[13.700s][debug][gc,phases,ref  ] GC(65)       Notify and keep alive finalizable: 0.0ms
[13.700s][debug][gc,phases,ref  ] GC(65)         FinalRef (ms):            skipped
[13.700s][debug][gc,phases,ref  ] GC(65)       Notify PhantomReferences: 0.0ms
[13.700s][debug][gc,phases,ref  ] GC(65)         PhantomRef (ms):          skipped
[13.700s][debug][gc,phases,ref  ] GC(65)       SoftReference:
[13.700s][debug][gc,phases,ref  ] GC(65)         Discovered: 0
[13.700s][debug][gc,phases,ref  ] GC(65)         Cleared: 0
[13.700s][debug][gc,phases,ref  ] GC(65)       WeakReference:
[13.700s][debug][gc,phases,ref  ] GC(65)         Discovered: 0
[13.700s][debug][gc,phases,ref  ] GC(65)         Cleared: 0
[13.700s][debug][gc,phases,ref  ] GC(65)       FinalReference:
[13.700s][debug][gc,phases,ref  ] GC(65)         Discovered: 0
[13.700s][debug][gc,phases,ref  ] GC(65)         Cleared: 0
[13.700s][debug][gc,phases,ref  ] GC(65)       PhantomReference:
[13.700s][debug][gc,phases,ref  ] GC(65)         Discovered: 0
[13.700s][debug][gc,phases,ref  ] GC(65)         Cleared: 0
[13.700s][debug][gc,phases      ] GC(65)     Weak Processing: 0.1ms
[13.700s][debug][gc,phases      ] GC(65)       JVMTI weak processing: 0.0ms
[13.700s][debug][gc,phases      ] GC(65)         Dead: 0
[13.700s][debug][gc,phases      ] GC(65)         Total: 0
[13.700s][debug][gc,phases      ] GC(65)       JFR weak processing: 0.0ms
[13.700s][debug][gc,phases      ] GC(65)         Dead: 0
[13.700s][debug][gc,phases      ] GC(65)         Total: 0
[13.700s][debug][gc,phases      ] GC(65)       JNI weak                  Min:  0.0, Avg:  0.0, Max:  0.0, Diff:  0.0, Sum:  0.0, Workers: 5
[13.700s][debug][gc,phases      ] GC(65)         Dead                      Min: 0, Avg:  0.0, Max: 0, Diff: 0, Sum: 0, Workers: 5
[13.700s][debug][gc,phases      ] GC(65)         Total                     Min: 0, Avg: 12.6, Max: 59, Diff: 59, Sum: 63, Workers: 5
[13.700s][debug][gc,phases      ] GC(65)       VM weak                   Min:  0.0, Avg:  0.0, Max:  0.0, Diff:  0.0, Sum:  0.0, Workers: 5
[13.700s][debug][gc,phases      ] GC(65)         Dead                      Min: 0, Avg:  0.0, Max: 0, Diff: 0, Sum: 0, Workers: 5
[13.700s][debug][gc,phases      ] GC(65)         Total                     Min: 0, Avg: 44.0, Max: 128, Diff: 128, Sum: 220, Workers: 5
[13.700s][debug][gc,phases      ] GC(65)       StringTable weak          Min:  0.0, Avg:  0.0, Max:  0.1, Diff:  0.1, Sum:  0.1, Workers: 5
[13.700s][debug][gc,phases      ] GC(65)         Dead                      Min: 0, Avg:  0.0, Max: 0, Diff: 0, Sum: 0, Workers: 5
[13.700s][debug][gc,phases      ] GC(65)         Total                     Min: 264, Avg: 718.4, Max: 1600, Diff: 1336, Sum: 3592, Workers: 5
[13.700s][debug][gc,phases      ] GC(65)       ResolvedMethodTable weak  Min:  0.0, Avg:  0.0, Max:  0.0, Diff:  0.0, Sum:  0.0, Workers: 5
[13.700s][debug][gc,phases      ] GC(65)         Dead                      Min: 0, Avg:  0.0, Max: 0, Diff: 0, Sum: 0, Workers: 5
[13.700s][debug][gc,phases      ] GC(65)         Total                     Min: 0, Avg: 116.6, Max: 192, Diff: 192, Sum: 583, Workers: 5
[13.700s][debug][gc,phases      ] GC(65)     Merge Per-Thread State: 0.0ms
[13.700s][debug][gc,phases      ] GC(65)       Copied Bytes              Min: 0, Avg: 63.0, Max: 176, Diff: 176, Sum: 504, Workers: 8
[13.700s][debug][gc,phases      ] GC(65)       LAB Waste                 Min: 0, Avg:  0.0, Max: 0, Diff: 0, Sum: 0, Workers: 8
[13.700s][debug][gc,phases      ] GC(65)       LAB Undo Waste            Min: 0, Avg:  0.0, Max: 0, Diff: 0, Sum: 0, Workers: 8
[13.700s][debug][gc,phases      ] GC(65)     Code Roots Purge: 0.0ms
[13.700s][debug][gc,phases      ] GC(65)     Redirty Cards: 0.0ms
[13.700s][debug][gc,phases      ] GC(65)     DerivedPointerTable Update: 0.0ms
[13.700s][debug][gc,phases      ] GC(65)     Free Collection Set: 0.1ms
[13.700s][debug][gc,phases      ] GC(65)     Rebuild Free List: 0.0ms
[13.700s][debug][gc,phases      ] GC(65)     Humongous Reclaim: 0.0ms
[13.700s][debug][gc,phases      ] GC(65)     Start New Collection Set: 0.0ms
[13.700s][debug][gc,phases      ] GC(65)     Resize TLABs: 0.0ms
[13.700s][debug][gc,phases      ] GC(65)     Expand Heap After Collection: 0.0ms
[13.700s][info ][gc,phases      ] GC(65)   Other: 0.3ms
[13.700s][info ][gc,heap        ] GC(65) Eden regions: 186->0(186)
[13.700s][info ][gc,heap        ] GC(65) Survivor regions: 1->1(24)
[13.700s][info ][gc,heap        ] GC(65) Old regions: 7->7
[13.700s][info ][gc,heap        ] GC(65) Archive regions: 2->2
[13.700s][info ][gc,heap        ] GC(65) Humongous regions: 0->0
[13.700s][info ][gc,metaspace   ] GC(65) Metaspace: 10391K(10880K)->10391K(10880K) NonClass: 9188K(9472K)->9188K(9472K) Class: 1202K(1408K)->1202K(1408K)
[13.700s][debug][gc,heap        ] GC(65) Heap after GC invocations=66 (full 1): garbage-first heap   total 319488K, used 4338K [0x0000000700000000, 0x0000000800000000)
[13.700s][debug][gc,heap        ] GC(65)   region size 1024K, 1 young (1024K), 1 survivors (1024K)
[13.700s][debug][gc,heap        ] GC(65)  Metaspace       used 10391K, capacity 10712K, committed 10880K, reserved 1058816K
[13.700s][debug][gc,heap        ] GC(65)   class space    used 1202K, capacity 1338K, committed 1408K, reserved 1048576K
[13.701s][info ][gc             ] GC(65) Pause Young (Normal) (G1 Evacuation Pause) 190M->4M(312M) 1.628ms
[13.701s][info ][gc,cpu         ] GC(65) User=0.00s Sys=0.00s Real=0.00s
[13.701s][info ][safepoint      ] Safepoint "G1CollectForAllocation", Time since last: 138912284 ns, Reaching safepoint: 123731 ns, At safepoint: 1818576 ns, Total: 1942307 ns
[13.860s][debug][gc,heap        ] GC(66) Heap before GC invocations=66 (full 1): garbage-first heap   total 319488K, used 194802K [0x0000000700000000, 0x0000000800000000)
[13.860s][debug][gc,heap        ] GC(66)   region size 1024K, 187 young (191488K), 1 survivors (1024K)
[13.860s][debug][gc,heap        ] GC(66)  Metaspace       used 10391K, capacity 10712K, committed 10880K, reserved 1058816K
[13.860s][debug][gc,heap        ] GC(66)   class space    used 1202K, capacity 1338K, committed 1408K, reserved 1048576K
[13.860s][info ][gc,start       ] GC(66) Pause Young (Normal) (G1 Evacuation Pause)
[13.860s][info ][gc,task        ] GC(66) Using 8 workers of 8 for evacuation
[13.860s][debug][gc,tlab        ] GC(66) TLAB totals: thrds: 8  refills: 747 max: 110 slow allocs: 0 max 0 waste:  1.1% gc: 1771352B max: 427480B slow: 432488B max: 63952B fast: 0B max: 0B
[13.860s][debug][gc,age         ] GC(66) Desired survivor size 12582912 bytes, new threshold 15 (max threshold 15)
[13.860s][debug][gc,alloc,region] GC(66) Mutator Allocation stats, regions: 186, wasted size: 0B ( 0.0%)
[13.860s][debug][gc,ergo        ] GC(66) Running G1 Merge Heap Roots using 8 workers for 187 regions
[13.860s][debug][gc,remset      ] GC(66) Visited cards 256 Total dirty 2048 (12.50%) Total old 784384 (0.03%)
[13.860s][debug][gc,ergo        ] GC(66) Running G1 Clear Card Table Task using 1 workers for 1 units of work for 188 regions.
[13.861s][debug][gc,ref         ] GC(66) Skipped phase1 of Reference Processing due to unavailable references
[13.861s][debug][gc,ref         ] GC(66) Skipped phase2 of Reference Processing due to unavailable references
[13.861s][debug][gc,ref         ] GC(66) Skipped phase3 of Reference Processing due to unavailable references
[13.861s][debug][gc,ref         ] GC(66) Skipped phase4 of Reference Processing due to unavailable references
[13.861s][debug][gc,ergo        ] GC(66) Running G1 Free Collection Set using 8 workers for collection set length 187 (312)
[13.861s][debug][gc,ergo        ] GC(66) Running G1 Rebuild Free List Task using 8 workers for rebuilding free list of 0 (4096) regions
[13.861s][trace][gc,age         ] GC(66) Age table with threshold 15 (max threshold 15)
[13.861s][trace][gc,age         ] GC(66) - age   1:        480 bytes,        480 total
[13.861s][debug][gc,plab        ] GC(66) Young PLAB allocation: allocated: 10320B, wasted: 0B, unused: 9840B, used: 480B, undo waste: 0B, 
[13.861s][debug][gc,plab        ] GC(66) Young other allocation: region end waste: 0B, regions filled: 1, direct allocated: 0B, failure used: 0B, failure wasted: 0B
[13.861s][debug][gc,plab        ] GC(66) Young sizing: calculated: 96B, actual: 2064B
[13.861s][debug][gc,plab        ] GC(66) Old PLAB allocation: allocated: 0B, wasted: 0B, unused: 0B, used: 0B, undo waste: 0B, 
[13.861s][debug][gc,plab        ] GC(66) Old other allocation: region end waste: 0B, regions filled: 1, direct allocated: 0B, failure used: 0B, failure wasted: 0B
[13.861s][debug][gc,plab        ] GC(66) Old sizing: calculated: 0B, actual: 2064B
[13.861s][debug][gc,ihop        ] GC(66) Basic information (value update), threshold: 147220070B (45.00), target occupancy: 327155712B, current occupancy: 4438680B, recent allocation size: 0B, recent allocation duration: 159.99ms, recent old gen allocation rate: 0.00B/s, recent marking phase length: 0.00ms
[13.861s][debug][gc,ihop        ] GC(66) Adaptive IHOP information (value update), threshold: 147220070B (47.37), internal target occupancy: 310797926B, occupancy: 4438680B, additional buffer size: 196083712B, predicted old gen allocation rate: 23904.86B/s, predicted marking phase length: 0.00ms, prediction active: false
[13.861s][debug][gc,ergo,refine ] GC(66) Concurrent refinement times: Logged Cards Scan time goal: 20.00ms Logged Cards Scan time: 0.00ms HCC time: 0.00ms
[13.861s][debug][gc,ergo,refine ] GC(66) Updated Refinement Zones: green: 2048, yellow: 6144, red: 10240
[13.861s][info ][gc,phases      ] GC(66)   Pre Evacuate Collection Set: 0.1ms
[13.861s][debug][gc,phases      ] GC(66)     Prepare TLABs: 0.0ms
[13.861s][debug][gc,phases      ] GC(66)     Choose Collection Set: 0.0ms
[13.861s][debug][gc,phases      ] GC(66)     Region Register: 0.1ms
[13.861s][debug][gc,phases      ] GC(66)     Prepare Heap Roots: 0.0ms
[13.861s][info ][gc,phases      ] GC(66)   Merge Heap Roots: 0.2ms
[13.861s][debug][gc,phases      ] GC(66)     Prepare Merge Heap Roots: 0.0ms
[13.861s][debug][gc,phases      ] GC(66)     Eager Reclaim (ms):       skipped
[13.861s][debug][gc,phases      ] GC(66)     Remembered Sets (ms):     Min:  0.0, Avg:  0.0, Max:  0.0, Diff:  0.0, Sum:  0.1, Workers: 8
[13.861s][debug][gc,phases      ] GC(66)       Merged Sparse:            Min: 0, Avg:  0.0, Max: 0, Diff: 0, Sum: 0, Workers: 8
[13.861s][debug][gc,phases      ] GC(66)       Merged Fine:              Min: 0, Avg:  0.0, Max: 0, Diff: 0, Sum: 0, Workers: 8
[13.861s][debug][gc,phases      ] GC(66)       Merged Coarse:            Min: 0, Avg:  0.0, Max: 0, Diff: 0, Sum: 0, Workers: 8
[13.861s][debug][gc,phases      ] GC(66)       Dirty Cards:              Min: 0, Avg:  0.0, Max: 0, Diff: 0, Sum: 0, Workers: 8
[13.861s][debug][gc,phases      ] GC(66)     Hot Card Cache (ms):      Min:  0.0, Avg:  0.0, Max:  0.0, Diff:  0.0, Sum:  0.0, Workers: 8
[13.861s][debug][gc,phases      ] GC(66)       Dirty Cards:              Min: 0, Avg:  0.0, Max: 0, Diff: 0, Sum: 0, Workers: 8
[13.861s][debug][gc,phases      ] GC(66)       Skipped Cards:            Min: 0, Avg:  0.0, Max: 0, Diff: 0, Sum: 0, Workers: 8
[13.861s][debug][gc,phases      ] GC(66)     Log Buffers (ms):         Min:  0.0, Avg:  0.0, Max:  0.0, Diff:  0.0, Sum:  0.0, Workers: 8
[13.861s][debug][gc,phases      ] GC(66)       Dirty Cards:              Min: 0, Avg:  0.1, Max: 1, Diff: 1, Sum: 1, Workers: 8
[13.861s][debug][gc,phases      ] GC(66)       Skipped Cards:            Min: 0, Avg:  0.0, Max: 0, Diff: 0, Sum: 0, Workers: 8
[13.861s][info ][gc,phases      ] GC(66)   Evacuate Collection Set: 0.2ms
[13.861s][debug][gc,phases      ] GC(66)     Ext Root Scanning (ms):   Min:  0.0, Avg:  0.0, Max:  0.1, Diff:  0.1, Sum:  0.4, Workers: 8
[13.861s][debug][gc,phases      ] GC(66)     Scan Heap Roots (ms):     Min:  0.0, Avg:  0.0, Max:  0.0, Diff:  0.0, Sum:  0.0, Workers: 8
[13.861s][debug][gc,phases      ] GC(66)       Scanned Cards:            Min: 0, Avg:  0.1, Max: 1, Diff: 1, Sum: 1, Workers: 8
[13.861s][debug][gc,phases      ] GC(66)       Scanned Blocks:           Min: 0, Avg:  0.1, Max: 1, Diff: 1, Sum: 1, Workers: 8
[13.861s][debug][gc,phases      ] GC(66)       Claimed Chunks:           Min: 0, Avg:  0.1, Max: 1, Diff: 1, Sum: 1, Workers: 8
[13.861s][debug][gc,phases      ] GC(66)     Code Root Scan (ms):      Min:  0.0, Avg:  0.0, Max:  0.0, Diff:  0.0, Sum:  0.0, Workers: 8
[13.861s][debug][gc,phases      ] GC(66)     Object Copy (ms):         Min:  0.0, Avg:  0.0, Max:  0.0, Diff:  0.0, Sum:  0.0, Workers: 8
[13.861s][debug][gc,phases      ] GC(66)     Termination (ms):         Min:  0.0, Avg:  0.0, Max:  0.0, Diff:  0.0, Sum:  0.3, Workers: 8
[13.861s][debug][gc,phases      ] GC(66)       Termination Attempts:     Min: 1, Avg:  1.0, Max: 1, Diff: 0, Sum: 8, Workers: 8
[13.861s][debug][gc,phases      ] GC(66)     GC Worker Other (ms):     Min:  0.0, Avg:  0.0, Max:  0.0, Diff:  0.0, Sum:  0.2, Workers: 8
[13.861s][debug][gc,phases      ] GC(66)     GC Worker Total (ms):     Min:  0.1, Avg:  0.1, Max:  0.2, Diff:  0.1, Sum:  1.0, Workers: 8
[13.861s][info ][gc,phases      ] GC(66)   Post Evacuate Collection Set: 0.5ms
[13.861s][debug][gc,phases      ] GC(66)     Code Roots Fixup: 0.0ms
[13.861s][debug][gc,phases      ] GC(66)     Clear Card Table: 0.1ms
[13.861s][debug][gc,phases      ] GC(66)     Reference Processing: 0.1ms
[13.861s][debug][gc,phases,ref  ] GC(66)       Reconsider SoftReferences: 0.0ms
[13.861s][debug][gc,phases,ref  ] GC(66)         SoftRef (ms):             skipped
[13.861s][debug][gc,phases,ref  ] GC(66)       Notify Soft/WeakReferences: 0.0ms
[13.861s][debug][gc,phases,ref  ] GC(66)         SoftRef (ms):             skipped
[13.861s][debug][gc,phases,ref  ] GC(66)         WeakRef (ms):             skipped
[13.861s][debug][gc,phases,ref  ] GC(66)         FinalRef (ms):            skipped
[13.861s][debug][gc,phases,ref  ] GC(66)         Total (ms):               skipped
[13.861s][debug][gc,phases,ref  ] GC(66)       Notify and keep alive finalizable: 0.0ms
[13.861s][debug][gc,phases,ref  ] GC(66)         FinalRef (ms):            skipped
[13.861s][debug][gc,phases,ref  ] GC(66)       Notify PhantomReferences: 0.0ms
[13.861s][debug][gc,phases,ref  ] GC(66)         PhantomRef (ms):          skipped
[13.861s][debug][gc,phases,ref  ] GC(66)       SoftReference:
[13.861s][debug][gc,phases,ref  ] GC(66)         Discovered: 0
[13.861s][debug][gc,phases,ref  ] GC(66)         Cleared: 0
[13.861s][debug][gc,phases,ref  ] GC(66)       WeakReference:
[13.861s][debug][gc,phases,ref  ] GC(66)         Discovered: 0
[13.861s][debug][gc,phases,ref  ] GC(66)         Cleared: 0
[13.861s][debug][gc,phases,ref  ] GC(66)       FinalReference:
[13.861s][debug][gc,phases,ref  ] GC(66)         Discovered: 0
[13.861s][debug][gc,phases,ref  ] GC(66)         Cleared: 0
[13.861s][debug][gc,phases,ref  ] GC(66)       PhantomReference:
[13.861s][debug][gc,phases,ref  ] GC(66)         Discovered: 0
[13.861s][debug][gc,phases,ref  ] GC(66)         Cleared: 0
[13.861s][debug][gc,phases      ] GC(66)     Weak Processing: 0.1ms
[13.861s][debug][gc,phases      ] GC(66)       JVMTI weak processing: 0.0ms
[13.861s][debug][gc,phases      ] GC(66)         Dead: 0
[13.861s][debug][gc,phases      ] GC(66)         Total: 0
[13.861s][debug][gc,phases      ] GC(66)       JFR weak processing: 0.0ms
[13.861s][debug][gc,phases      ] GC(66)         Dead: 0
[13.861s][debug][gc,phases      ] GC(66)         Total: 0
[13.861s][debug][gc,phases      ] GC(66)       JNI weak                  Min:  0.0, Avg:  0.0, Max:  0.0, Diff:  0.0, Sum:  0.0, Workers: 5
[13.861s][debug][gc,phases      ] GC(66)         Dead                      Min: 0, Avg:  0.0, Max: 0, Diff: 0, Sum: 0, Workers: 5
[13.861s][debug][gc,phases      ] GC(66)         Total                     Min: 0, Avg: 12.6, Max: 59, Diff: 59, Sum: 63, Workers: 5
[13.861s][debug][gc,phases      ] GC(66)       VM weak                   Min:  0.0, Avg:  0.0, Max:  0.0, Diff:  0.0, Sum:  0.0, Workers: 5
[13.861s][debug][gc,phases      ] GC(66)         Dead                      Min: 0, Avg:  0.0, Max: 0, Diff: 0, Sum: 0, Workers: 5
[13.861s][debug][gc,phases      ] GC(66)         Total                     Min: 0, Avg: 44.0, Max: 128, Diff: 128, Sum: 220, Workers: 5
[13.861s][debug][gc,phases      ] GC(66)       StringTable weak          Min:  0.0, Avg:  0.0, Max:  0.0, Diff:  0.0, Sum:  0.1, Workers: 5
[13.861s][debug][gc,phases      ] GC(66)         Dead                      Min: 0, Avg:  0.0, Max: 0, Diff: 0, Sum: 0, Workers: 5
[13.861s][debug][gc,phases      ] GC(66)         Total                     Min: 576, Avg: 718.4, Max: 904, Diff: 328, Sum: 3592, Workers: 5
[13.861s][debug][gc,phases      ] GC(66)       ResolvedMethodTable weak  Min:  0.0, Avg:  0.0, Max:  0.0, Diff:  0.0, Sum:  0.0, Workers: 5
[13.861s][debug][gc,phases      ] GC(66)         Dead                      Min: 0, Avg:  0.0, Max: 0, Diff: 0, Sum: 0, Workers: 5
[13.861s][debug][gc,phases      ] GC(66)         Total                     Min: 64, Avg: 116.6, Max: 192, Diff: 128, Sum: 583, Workers: 5
[13.861s][debug][gc,phases      ] GC(66)     Merge Per-Thread State: 0.0ms
[13.861s][debug][gc,phases      ] GC(66)       Copied Bytes              Min: 0, Avg: 60.0, Max: 152, Diff: 152, Sum: 480, Workers: 8
[13.861s][debug][gc,phases      ] GC(66)       LAB Waste                 Min: 0, Avg:  0.0, Max: 0, Diff: 0, Sum: 0, Workers: 8
[13.862s][debug][gc,phases      ] GC(66)       LAB Undo Waste            Min: 0, Avg:  0.0, Max: 0, Diff: 0, Sum: 0, Workers: 8
[13.862s][debug][gc,phases      ] GC(66)     Code Roots Purge: 0.0ms
[13.862s][debug][gc,phases      ] GC(66)     Redirty Cards: 0.1ms
[13.862s][debug][gc,phases      ] GC(66)     DerivedPointerTable Update: 0.0ms
[13.862s][debug][gc,phases      ] GC(66)     Free Collection Set: 0.1ms
[13.862s][debug][gc,phases      ] GC(66)     Rebuild Free List: 0.1ms
[13.862s][debug][gc,phases      ] GC(66)     Humongous Reclaim: 0.0ms
[13.862s][debug][gc,phases      ] GC(66)     Start New Collection Set: 0.0ms
[13.862s][debug][gc,phases      ] GC(66)     Resize TLABs: 0.0ms
[13.862s][debug][gc,phases      ] GC(66)     Expand Heap After Collection: 0.0ms
[13.862s][info ][gc,phases      ] GC(66)   Other: 0.3ms
[13.862s][info ][gc,heap        ] GC(66) Eden regions: 186->0(186)
[13.862s][info ][gc,heap        ] GC(66) Survivor regions: 1->1(24)
[13.862s][info ][gc,heap        ] GC(66) Old regions: 7->7
[13.862s][info ][gc,heap        ] GC(66) Archive regions: 2->2
[13.862s][info ][gc,heap        ] GC(66) Humongous regions: 0->0
[13.862s][info ][gc,metaspace   ] GC(66) Metaspace: 10391K(10880K)->10391K(10880K) NonClass: 9188K(9472K)->9188K(9472K) Class: 1202K(1408K)->1202K(1408K)
[13.862s][debug][gc,heap        ] GC(66) Heap after GC invocations=67 (full 1): garbage-first heap   total 319488K, used 4334K [0x0000000700000000, 0x0000000800000000)
[13.862s][debug][gc,heap        ] GC(66)   region size 1024K, 1 young (1024K), 1 survivors (1024K)
[13.862s][debug][gc,heap        ] GC(66)  Metaspace       used 10391K, capacity 10712K, committed 10880K, reserved 1058816K
[13.862s][debug][gc,heap        ] GC(66)   class space    used 1202K, capacity 1338K, committed 1408K, reserved 1048576K
[13.862s][info ][gc             ] GC(66) Pause Young (Normal) (G1 Evacuation Pause) 190M->4M(312M) 1.768ms
[13.862s][info ][gc,cpu         ] GC(66) User=0.00s Sys=0.00s Real=0.00s
[13.862s][info ][safepoint      ] Safepoint "G1CollectForAllocation", Time since last: 159008160 ns, Reaching safepoint: 157285 ns, At safepoint: 1928079 ns, Total: 2085364 ns
[14.003s][debug][gc,heap        ] GC(67) Heap before GC invocations=67 (full 1): garbage-first heap   total 319488K, used 194798K [0x0000000700000000, 0x0000000800000000)
[14.003s][debug][gc,heap        ] GC(67)   region size 1024K, 187 young (191488K), 1 survivors (1024K)
[14.003s][debug][gc,heap        ] GC(67)  Metaspace       used 10391K, capacity 10712K, committed 10880K, reserved 1058816K
[14.003s][debug][gc,heap        ] GC(67)   class space    used 1202K, capacity 1338K, committed 1408K, reserved 1048576K
[14.003s][info ][gc,start       ] GC(67) Pause Young (Normal) (G1 Evacuation Pause)
[14.003s][info ][gc,task        ] GC(67) Using 8 workers of 8 for evacuation
[14.003s][debug][gc,tlab        ] GC(67) TLAB totals: thrds: 8  refills: 748 max: 119 slow allocs: 0 max 0 waste:  1.0% gc: 1463288B max: 398248B slow: 431376B max: 68528B fast: 0B max: 0B
[14.003s][debug][gc,age         ] GC(67) Desired survivor size 12582912 bytes, new threshold 15 (max threshold 15)
[14.003s][debug][gc,alloc,region] GC(67) Mutator Allocation stats, regions: 186, wasted size: 0B ( 0.0%)
[14.003s][debug][gc,ergo        ] GC(67) Running G1 Merge Heap Roots using 8 workers for 187 regions
[14.003s][debug][gc,remset      ] GC(67) Visited cards 256 Total dirty 2048 (12.50%) Total old 784384 (0.03%)
[14.003s][debug][gc,ergo        ] GC(67) Running G1 Clear Card Table Task using 1 workers for 1 units of work for 188 regions.
[14.003s][debug][gc,ref         ] GC(67) Skipped phase1 of Reference Processing due to unavailable references
[14.004s][debug][gc,ref         ] GC(67) Skipped phase2 of Reference Processing due to unavailable references
[14.004s][debug][gc,ref         ] GC(67) Skipped phase3 of Reference Processing due to unavailable references
[14.004s][debug][gc,ref         ] GC(67) Skipped phase4 of Reference Processing due to unavailable references
[14.004s][debug][gc,ergo        ] GC(67) Running G1 Free Collection Set using 8 workers for collection set length 187 (312)
[14.004s][debug][gc,ergo        ] GC(67) Running G1 Rebuild Free List Task using 8 workers for rebuilding free list of 0 (4096) regions
[14.004s][trace][gc,age         ] GC(67) Age table with threshold 15 (max threshold 15)
[14.004s][trace][gc,age         ] GC(67) - age   1:        584 bytes,        584 total
[14.004s][debug][gc,plab        ] GC(67) Young PLAB allocation: allocated: 14448B, wasted: 0B, unused: 13864B, used: 584B, undo waste: 0B, 
[14.004s][debug][gc,plab        ] GC(67) Young other allocation: region end waste: 0B, regions filled: 1, direct allocated: 0B, failure used: 0B, failure wasted: 0B
[14.004s][debug][gc,plab        ] GC(67) Young sizing: calculated: 112B, actual: 2064B
[14.004s][debug][gc,plab        ] GC(67) Old PLAB allocation: allocated: 0B, wasted: 0B, unused: 0B, used: 0B, undo waste: 0B, 
[14.004s][debug][gc,plab        ] GC(67) Old other allocation: region end waste: 0B, regions filled: 1, direct allocated: 0B, failure used: 0B, failure wasted: 0B
[14.004s][debug][gc,plab        ] GC(67) Old sizing: calculated: 0B, actual: 2064B
[14.004s][debug][gc,ihop        ] GC(67) Basic information (value update), threshold: 147220070B (45.00), target occupancy: 327155712B, current occupancy: 4442808B, recent allocation size: 0B, recent allocation duration: 141.99ms, recent old gen allocation rate: 0.00B/s, recent marking phase length: 0.00ms
[14.004s][debug][gc,ihop        ] GC(67) Adaptive IHOP information (value update), threshold: 147220070B (47.37), internal target occupancy: 310797926B, occupancy: 4442808B, additional buffer size: 196083712B, predicted old gen allocation rate: 23126.29B/s, predicted marking phase length: 0.00ms, prediction active: false
[14.004s][debug][gc,ergo,refine ] GC(67) Concurrent refinement times: Logged Cards Scan time goal: 20.00ms Logged Cards Scan time: 0.00ms HCC time: 0.00ms
[14.004s][debug][gc,ergo,refine ] GC(67) Updated Refinement Zones: green: 2048, yellow: 6144, red: 10240
[14.004s][info ][gc,phases      ] GC(67)   Pre Evacuate Collection Set: 0.1ms
[14.004s][debug][gc,phases      ] GC(67)     Prepare TLABs: 0.0ms
[14.004s][debug][gc,phases      ] GC(67)     Choose Collection Set: 0.0ms
[14.004s][debug][gc,phases      ] GC(67)     Region Register: 0.1ms
[14.004s][debug][gc,phases      ] GC(67)     Prepare Heap Roots: 0.0ms
[14.004s][info ][gc,phases      ] GC(67)   Merge Heap Roots: 0.1ms
[14.004s][debug][gc,phases      ] GC(67)     Prepare Merge Heap Roots: 0.0ms
[14.004s][debug][gc,phases      ] GC(67)     Eager Reclaim (ms):       skipped
[14.004s][debug][gc,phases      ] GC(67)     Remembered Sets (ms):     Min:  0.0, Avg:  0.0, Max:  0.0, Diff:  0.0, Sum:  0.2, Workers: 8
[14.004s][debug][gc,phases      ] GC(67)       Merged Sparse:            Min: 0, Avg:  0.0, Max: 0, Diff: 0, Sum: 0, Workers: 8
[14.004s][debug][gc,phases      ] GC(67)       Merged Fine:              Min: 0, Avg:  0.0, Max: 0, Diff: 0, Sum: 0, Workers: 8
[14.004s][debug][gc,phases      ] GC(67)       Merged Coarse:            Min: 0, Avg:  0.0, Max: 0, Diff: 0, Sum: 0, Workers: 8
[14.004s][debug][gc,phases      ] GC(67)       Dirty Cards:              Min: 0, Avg:  0.0, Max: 0, Diff: 0, Sum: 0, Workers: 8
[14.004s][debug][gc,phases      ] GC(67)     Hot Card Cache (ms):      Min:  0.0, Avg:  0.0, Max:  0.0, Diff:  0.0, Sum:  0.0, Workers: 8
[14.004s][debug][gc,phases      ] GC(67)       Dirty Cards:              Min: 0, Avg:  0.0, Max: 0, Diff: 0, Sum: 0, Workers: 8
[14.004s][debug][gc,phases      ] GC(67)       Skipped Cards:            Min: 0, Avg:  0.0, Max: 0, Diff: 0, Sum: 0, Workers: 8
[14.004s][debug][gc,phases      ] GC(67)     Log Buffers (ms):         Min:  0.0, Avg:  0.0, Max:  0.0, Diff:  0.0, Sum:  0.0, Workers: 8
[14.004s][debug][gc,phases      ] GC(67)       Dirty Cards:              Min: 0, Avg:  0.1, Max: 1, Diff: 1, Sum: 1, Workers: 8
[14.004s][debug][gc,phases      ] GC(67)       Skipped Cards:            Min: 0, Avg:  0.0, Max: 0, Diff: 0, Sum: 0, Workers: 8
[14.004s][info ][gc,phases      ] GC(67)   Evacuate Collection Set: 0.1ms
[14.004s][debug][gc,phases      ] GC(67)     Ext Root Scanning (ms):   Min:  0.0, Avg:  0.0, Max:  0.0, Diff:  0.0, Sum:  0.2, Workers: 8
[14.004s][debug][gc,phases      ] GC(67)     Scan Heap Roots (ms):     Min:  0.0, Avg:  0.0, Max:  0.0, Diff:  0.0, Sum:  0.0, Workers: 8
[14.004s][debug][gc,phases      ] GC(67)       Scanned Cards:            Min: 0, Avg:  0.1, Max: 1, Diff: 1, Sum: 1, Workers: 8
[14.004s][debug][gc,phases      ] GC(67)       Scanned Blocks:           Min: 0, Avg:  0.1, Max: 1, Diff: 1, Sum: 1, Workers: 8
[14.004s][debug][gc,phases      ] GC(67)       Claimed Chunks:           Min: 0, Avg:  0.1, Max: 1, Diff: 1, Sum: 1, Workers: 8
[14.004s][debug][gc,phases      ] GC(67)     Code Root Scan (ms):      Min:  0.0, Avg:  0.0, Max:  0.0, Diff:  0.0, Sum:  0.0, Workers: 8
[14.004s][debug][gc,phases      ] GC(67)     Object Copy (ms):         Min:  0.0, Avg:  0.0, Max:  0.0, Diff:  0.0, Sum:  0.0, Workers: 8
[14.004s][debug][gc,phases      ] GC(67)     Termination (ms):         Min:  0.0, Avg:  0.1, Max:  0.1, Diff:  0.0, Sum:  0.5, Workers: 8
[14.004s][debug][gc,phases      ] GC(67)       Termination Attempts:     Min: 1, Avg:  1.0, Max: 1, Diff: 0, Sum: 8, Workers: 8
[14.004s][debug][gc,phases      ] GC(67)     GC Worker Other (ms):     Min:  0.0, Avg:  0.0, Max:  0.0, Diff:  0.0, Sum:  0.1, Workers: 8
[14.004s][debug][gc,phases      ] GC(67)     GC Worker Total (ms):     Min:  0.1, Avg:  0.1, Max:  0.1, Diff:  0.0, Sum:  0.8, Workers: 8
[14.004s][info ][gc,phases      ] GC(67)   Post Evacuate Collection Set: 0.4ms
[14.004s][debug][gc,phases      ] GC(67)     Code Roots Fixup: 0.0ms
[14.004s][debug][gc,phases      ] GC(67)     Clear Card Table: 0.1ms
[14.004s][debug][gc,phases      ] GC(67)     Reference Processing: 0.0ms
[14.004s][debug][gc,phases,ref  ] GC(67)       Reconsider SoftReferences: 0.0ms
[14.004s][debug][gc,phases,ref  ] GC(67)         SoftRef (ms):             skipped
[14.004s][debug][gc,phases,ref  ] GC(67)       Notify Soft/WeakReferences: 0.0ms
[14.004s][debug][gc,phases,ref  ] GC(67)         SoftRef (ms):             skipped
[14.004s][debug][gc,phases,ref  ] GC(67)         WeakRef (ms):             skipped
[14.004s][debug][gc,phases,ref  ] GC(67)         FinalRef (ms):            skipped
[14.004s][debug][gc,phases,ref  ] GC(67)         Total (ms):               skipped
[14.004s][debug][gc,phases,ref  ] GC(67)       Notify and keep alive finalizable: 0.0ms
[14.004s][debug][gc,phases,ref  ] GC(67)         FinalRef (ms):            skipped
[14.004s][debug][gc,phases,ref  ] GC(67)       Notify PhantomReferences: 0.0ms
[14.004s][debug][gc,phases,ref  ] GC(67)         PhantomRef (ms):          skipped
[14.004s][debug][gc,phases,ref  ] GC(67)       SoftReference:
[14.004s][debug][gc,phases,ref  ] GC(67)         Discovered: 0
[14.004s][debug][gc,phases,ref  ] GC(67)         Cleared: 0
[14.004s][debug][gc,phases,ref  ] GC(67)       WeakReference:
[14.004s][debug][gc,phases,ref  ] GC(67)         Discovered: 0
[14.004s][debug][gc,phases,ref  ] GC(67)         Cleared: 0
[14.004s][debug][gc,phases,ref  ] GC(67)       FinalReference:
[14.004s][debug][gc,phases,ref  ] GC(67)         Discovered: 0
[14.004s][debug][gc,phases,ref  ] GC(67)         Cleared: 0
[14.004s][debug][gc,phases,ref  ] GC(67)       PhantomReference:
[14.004s][debug][gc,phases,ref  ] GC(67)         Discovered: 0
[14.004s][debug][gc,phases,ref  ] GC(67)         Cleared: 0
[14.004s][debug][gc,phases      ] GC(67)     Weak Processing: 0.1ms
[14.004s][debug][gc,phases      ] GC(67)       JVMTI weak processing: 0.0ms
[14.004s][debug][gc,phases      ] GC(67)         Dead: 0
[14.004s][debug][gc,phases      ] GC(67)         Total: 0
[14.004s][debug][gc,phases      ] GC(67)       JFR weak processing: 0.0ms
[14.004s][debug][gc,phases      ] GC(67)         Dead: 0
[14.004s][debug][gc,phases      ] GC(67)         Total: 0
[14.004s][debug][gc,phases      ] GC(67)       JNI weak                  Min:  0.0, Avg:  0.0, Max:  0.0, Diff:  0.0, Sum:  0.0, Workers: 5
[14.004s][debug][gc,phases      ] GC(67)         Dead                      Min: 0, Avg:  0.0, Max: 0, Diff: 0, Sum: 0, Workers: 5
[14.004s][debug][gc,phases      ] GC(67)         Total                     Min: 0, Avg: 12.6, Max: 59, Diff: 59, Sum: 63, Workers: 5
[14.004s][debug][gc,phases      ] GC(67)       VM weak                   Min:  0.0, Avg:  0.0, Max:  0.0, Diff:  0.0, Sum:  0.0, Workers: 5
[14.004s][debug][gc,phases      ] GC(67)         Dead                      Min: 0, Avg:  0.0, Max: 0, Diff: 0, Sum: 0, Workers: 5
[14.004s][debug][gc,phases      ] GC(67)         Total                     Min: 0, Avg: 44.0, Max: 64, Diff: 64, Sum: 220, Workers: 5
[14.004s][debug][gc,phases      ] GC(67)       StringTable weak          Min:  0.0, Avg:  0.0, Max:  0.0, Diff:  0.0, Sum:  0.1, Workers: 5
[14.004s][debug][gc,phases      ] GC(67)         Dead                      Min: 0, Avg:  0.0, Max: 0, Diff: 0, Sum: 0, Workers: 5
[14.004s][debug][gc,phases      ] GC(67)         Total                     Min: 448, Avg: 718.4, Max: 832, Diff: 384, Sum: 3592, Workers: 5
[14.004s][debug][gc,phases      ] GC(67)       ResolvedMethodTable weak  Min:  0.0, Avg:  0.0, Max:  0.0, Diff:  0.0, Sum:  0.0, Workers: 5
[14.004s][debug][gc,phases      ] GC(67)         Dead                      Min: 0, Avg:  0.0, Max: 0, Diff: 0, Sum: 0, Workers: 5
[14.004s][debug][gc,phases      ] GC(67)         Total                     Min: 64, Avg: 116.6, Max: 192, Diff: 128, Sum: 583, Workers: 5
[14.004s][debug][gc,phases      ] GC(67)     Merge Per-Thread State: 0.0ms
[14.004s][debug][gc,phases      ] GC(67)       Copied Bytes              Min: 0, Avg: 73.0, Max: 152, Diff: 152, Sum: 584, Workers: 8
[14.004s][debug][gc,phases      ] GC(67)       LAB Waste                 Min: 0, Avg:  0.0, Max: 0, Diff: 0, Sum: 0, Workers: 8
[14.004s][debug][gc,phases      ] GC(67)       LAB Undo Waste            Min: 0, Avg:  0.0, Max: 0, Diff: 0, Sum: 0, Workers: 8
[14.004s][debug][gc,phases      ] GC(67)     Code Roots Purge: 0.0ms
[14.004s][debug][gc,phases      ] GC(67)     Redirty Cards: 0.0ms
[14.004s][debug][gc,phases      ] GC(67)     DerivedPointerTable Update: 0.0ms
[14.004s][debug][gc,phases      ] GC(67)     Free Collection Set: 0.1ms
[14.004s][debug][gc,phases      ] GC(67)     Rebuild Free List: 0.1ms
[14.004s][debug][gc,phases      ] GC(67)     Humongous Reclaim: 0.0ms
[14.004s][debug][gc,phases      ] GC(67)     Start New Collection Set: 0.0ms
[14.004s][debug][gc,phases      ] GC(67)     Resize TLABs: 0.0ms
[14.004s][debug][gc,phases      ] GC(67)     Expand Heap After Collection: 0.0ms
[14.004s][info ][gc,phases      ] GC(67)   Other: 0.3ms
[14.004s][info ][gc,heap        ] GC(67) Eden regions: 186->0(186)
[14.004s][info ][gc,heap        ] GC(67) Survivor regions: 1->1(24)
[14.004s][info ][gc,heap        ] GC(67) Old regions: 7->7
[14.004s][info ][gc,heap        ] GC(67) Archive regions: 2->2
[14.004s][info ][gc,heap        ] GC(67) Humongous regions: 0->0
[14.004s][info ][gc,metaspace   ] GC(67) Metaspace: 10391K(10880K)->10391K(10880K) NonClass: 9188K(9472K)->9188K(9472K) Class: 1202K(1408K)->1202K(1408K)
[14.005s][debug][gc,heap        ] GC(67) Heap after GC invocations=68 (full 1): garbage-first heap   total 319488K, used 4338K [0x0000000700000000, 0x0000000800000000)
[14.005s][debug][gc,heap        ] GC(67)   region size 1024K, 1 young (1024K), 1 survivors (1024K)
[14.005s][debug][gc,heap        ] GC(67)  Metaspace       used 10391K, capacity 10712K, committed 10880K, reserved 1058816K
[14.005s][debug][gc,heap        ] GC(67)   class space    used 1202K, capacity 1338K, committed 1408K, reserved 1048576K
[14.005s][info ][gc             ] GC(67) Pause Young (Normal) (G1 Evacuation Pause) 190M->4M(312M) 1.594ms
[14.005s][info ][gc,cpu         ] GC(67) User=0.00s Sys=0.00s Real=0.00s
[14.005s][info ][safepoint      ] Safepoint "G1CollectForAllocation", Time since last: 141014303 ns, Reaching safepoint: 140893 ns, At safepoint: 1727701 ns, Total: 1868594 ns
[14.157s][debug][gc,heap        ] GC(68) Heap before GC invocations=68 (full 1): garbage-first heap   total 319488K, used 194802K [0x0000000700000000, 0x0000000800000000)
[14.157s][debug][gc,heap        ] GC(68)   region size 1024K, 187 young (191488K), 1 survivors (1024K)
[14.157s][debug][gc,heap        ] GC(68)  Metaspace       used 10391K, capacity 10712K, committed 10880K, reserved 1058816K
[14.157s][debug][gc,heap        ] GC(68)   class space    used 1202K, capacity 1338K, committed 1408K, reserved 1048576K
[14.157s][info ][gc,start       ] GC(68) Pause Young (Normal) (G1 Evacuation Pause)
[14.157s][info ][gc,task        ] GC(68) Using 8 workers of 8 for evacuation
[14.157s][debug][gc,tlab        ] GC(68) TLAB totals: thrds: 8  refills: 747 max: 103 slow allocs: 0 max 0 waste:  0.7% gc: 1007816B max: 284464B slow: 430624B max: 59248B fast: 0B max: 0B
[14.157s][debug][gc,age         ] GC(68) Desired survivor size 12582912 bytes, new threshold 15 (max threshold 15)
[14.157s][debug][gc,alloc,region] GC(68) Mutator Allocation stats, regions: 186, wasted size: 0B ( 0.0%)
[14.157s][debug][gc,ergo        ] GC(68) Running G1 Merge Heap Roots using 8 workers for 187 regions
[14.157s][debug][gc,remset      ] GC(68) Visited cards 256 Total dirty 2048 (12.50%) Total old 784384 (0.03%)
[14.157s][debug][gc,ergo        ] GC(68) Running G1 Clear Card Table Task using 1 workers for 1 units of work for 188 regions.
[14.158s][debug][gc,ref         ] GC(68) Skipped phase1 of Reference Processing due to unavailable references
[14.158s][debug][gc,ref         ] GC(68) Skipped phase2 of Reference Processing due to unavailable references
[14.158s][debug][gc,ref         ] GC(68) Skipped phase3 of Reference Processing due to unavailable references
[14.158s][debug][gc,ref         ] GC(68) Skipped phase4 of Reference Processing due to unavailable references
[14.158s][debug][gc,ergo        ] GC(68) Running G1 Free Collection Set using 8 workers for collection set length 187 (312)
[14.158s][debug][gc,ergo        ] GC(68) Running G1 Rebuild Free List Task using 8 workers for rebuilding free list of 0 (4096) regions
[14.158s][trace][gc,age         ] GC(68) Age table with threshold 15 (max threshold 15)
[14.158s][trace][gc,age         ] GC(68) - age   1:        480 bytes,        480 total
[14.158s][debug][gc,plab        ] GC(68) Young PLAB allocation: allocated: 14448B, wasted: 0B, unused: 13968B, used: 480B, undo waste: 0B, 
[14.158s][debug][gc,plab        ] GC(68) Young other allocation: region end waste: 0B, regions filled: 1, direct allocated: 0B, failure used: 0B, failure wasted: 0B
[14.158s][debug][gc,plab        ] GC(68) Young sizing: calculated: 96B, actual: 2064B
[14.158s][debug][gc,plab        ] GC(68) Old PLAB allocation: allocated: 0B, wasted: 0B, unused: 0B, used: 0B, undo waste: 0B, 
[14.158s][debug][gc,plab        ] GC(68) Old other allocation: region end waste: 0B, regions filled: 1, direct allocated: 0B, failure used: 0B, failure wasted: 0B
[14.158s][debug][gc,plab        ] GC(68) Old sizing: calculated: 0B, actual: 2064B
[14.158s][debug][gc,ihop        ] GC(68) Basic information (value update), threshold: 147220070B (45.00), target occupancy: 327155712B, current occupancy: 4442808B, recent allocation size: 0B, recent allocation duration: 153.14ms, recent old gen allocation rate: 0.00B/s, recent marking phase length: 0.00ms
[14.158s][debug][gc,ihop        ] GC(68) Adaptive IHOP information (value update), threshold: 147220070B (47.37), internal target occupancy: 310797926B, occupancy: 4442808B, additional buffer size: 196083712B, predicted old gen allocation rate: 22375.53B/s, predicted marking phase length: 0.00ms, prediction active: false
[14.158s][debug][gc,ergo,refine ] GC(68) Concurrent refinement times: Logged Cards Scan time goal: 20.00ms Logged Cards Scan time: 0.00ms HCC time: 0.00ms
[14.158s][debug][gc,ergo,refine ] GC(68) Updated Refinement Zones: green: 2048, yellow: 6144, red: 10240
[14.158s][info ][gc,phases      ] GC(68)   Pre Evacuate Collection Set: 0.1ms
[14.158s][debug][gc,phases      ] GC(68)     Prepare TLABs: 0.0ms
[14.158s][debug][gc,phases      ] GC(68)     Choose Collection Set: 0.0ms
[14.158s][debug][gc,phases      ] GC(68)     Region Register: 0.1ms
[14.158s][debug][gc,phases      ] GC(68)     Prepare Heap Roots: 0.0ms
[14.158s][info ][gc,phases      ] GC(68)   Merge Heap Roots: 0.1ms
[14.158s][debug][gc,phases      ] GC(68)     Prepare Merge Heap Roots: 0.0ms
[14.158s][debug][gc,phases      ] GC(68)     Eager Reclaim (ms):       skipped
[14.158s][debug][gc,phases      ] GC(68)     Remembered Sets (ms):     Min:  0.0, Avg:  0.0, Max:  0.0, Diff:  0.0, Sum:  0.1, Workers: 8
[14.158s][debug][gc,phases      ] GC(68)       Merged Sparse:            Min: 0, Avg:  0.0, Max: 0, Diff: 0, Sum: 0, Workers: 8
[14.158s][debug][gc,phases      ] GC(68)       Merged Fine:              Min: 0, Avg:  0.0, Max: 0, Diff: 0, Sum: 0, Workers: 8
[14.158s][debug][gc,phases      ] GC(68)       Merged Coarse:            Min: 0, Avg:  0.0, Max: 0, Diff: 0, Sum: 0, Workers: 8
[14.158s][debug][gc,phases      ] GC(68)       Dirty Cards:              Min: 0, Avg:  0.0, Max: 0, Diff: 0, Sum: 0, Workers: 8
[14.158s][debug][gc,phases      ] GC(68)     Hot Card Cache (ms):      Min:  0.0, Avg:  0.0, Max:  0.0, Diff:  0.0, Sum:  0.0, Workers: 8
[14.158s][debug][gc,phases      ] GC(68)       Dirty Cards:              Min: 0, Avg:  0.0, Max: 0, Diff: 0, Sum: 0, Workers: 8
[14.158s][debug][gc,phases      ] GC(68)       Skipped Cards:            Min: 0, Avg:  0.0, Max: 0, Diff: 0, Sum: 0, Workers: 8
[14.158s][debug][gc,phases      ] GC(68)     Log Buffers (ms):         Min:  0.0, Avg:  0.0, Max:  0.0, Diff:  0.0, Sum:  0.0, Workers: 8
[14.158s][debug][gc,phases      ] GC(68)       Dirty Cards:              Min: 0, Avg:  0.1, Max: 1, Diff: 1, Sum: 1, Workers: 8
[14.158s][debug][gc,phases      ] GC(68)       Skipped Cards:            Min: 0, Avg:  0.0, Max: 0, Diff: 0, Sum: 0, Workers: 8
[14.158s][info ][gc,phases      ] GC(68)   Evacuate Collection Set: 0.2ms
[14.158s][debug][gc,phases      ] GC(68)     Ext Root Scanning (ms):   Min:  0.0, Avg:  0.0, Max:  0.1, Diff:  0.0, Sum:  0.2, Workers: 8
[14.158s][debug][gc,phases      ] GC(68)     Scan Heap Roots (ms):     Min:  0.0, Avg:  0.0, Max:  0.0, Diff:  0.0, Sum:  0.0, Workers: 8
[14.158s][debug][gc,phases      ] GC(68)       Scanned Cards:            Min: 0, Avg:  0.1, Max: 1, Diff: 1, Sum: 1, Workers: 8
[14.158s][debug][gc,phases      ] GC(68)       Scanned Blocks:           Min: 0, Avg:  0.1, Max: 1, Diff: 1, Sum: 1, Workers: 8
[14.158s][debug][gc,phases      ] GC(68)       Claimed Chunks:           Min: 0, Avg:  0.1, Max: 1, Diff: 1, Sum: 1, Workers: 8
[14.158s][debug][gc,phases      ] GC(68)     Code Root Scan (ms):      Min:  0.0, Avg:  0.0, Max:  0.0, Diff:  0.0, Sum:  0.0, Workers: 8
[14.158s][debug][gc,phases      ] GC(68)     Object Copy (ms):         Min:  0.0, Avg:  0.0, Max:  0.0, Diff:  0.0, Sum:  0.0, Workers: 8
[14.158s][debug][gc,phases      ] GC(68)     Termination (ms):         Min:  0.0, Avg:  0.1, Max:  0.1, Diff:  0.0, Sum:  0.4, Workers: 8
[14.158s][debug][gc,phases      ] GC(68)       Termination Attempts:     Min: 1, Avg:  1.0, Max: 1, Diff: 0, Sum: 8, Workers: 8
[14.158s][debug][gc,phases      ] GC(68)     GC Worker Other (ms):     Min:  0.0, Avg:  0.0, Max:  0.0, Diff:  0.0, Sum:  0.1, Workers: 8
[14.158s][debug][gc,phases      ] GC(68)     GC Worker Total (ms):     Min:  0.1, Avg:  0.1, Max:  0.1, Diff:  0.1, Sum:  0.8, Workers: 8
[14.158s][info ][gc,phases      ] GC(68)   Post Evacuate Collection Set: 0.4ms
[14.158s][debug][gc,phases      ] GC(68)     Code Roots Fixup: 0.0ms
[14.158s][debug][gc,phases      ] GC(68)     Clear Card Table: 0.1ms
[14.158s][debug][gc,phases      ] GC(68)     Reference Processing: 0.0ms
[14.158s][debug][gc,phases,ref  ] GC(68)       Reconsider SoftReferences: 0.0ms
[14.158s][debug][gc,phases,ref  ] GC(68)         SoftRef (ms):             skipped
[14.158s][debug][gc,phases,ref  ] GC(68)       Notify Soft/WeakReferences: 0.0ms
[14.158s][debug][gc,phases,ref  ] GC(68)         SoftRef (ms):             skipped
[14.158s][debug][gc,phases,ref  ] GC(68)         WeakRef (ms):             skipped
[14.158s][debug][gc,phases,ref  ] GC(68)         FinalRef (ms):            skipped
[14.158s][debug][gc,phases,ref  ] GC(68)         Total (ms):               skipped
[14.158s][debug][gc,phases,ref  ] GC(68)       Notify and keep alive finalizable: 0.0ms
[14.158s][debug][gc,phases,ref  ] GC(68)         FinalRef (ms):            skipped
[14.158s][debug][gc,phases,ref  ] GC(68)       Notify PhantomReferences: 0.0ms
[14.158s][debug][gc,phases,ref  ] GC(68)         PhantomRef (ms):          skipped
[14.158s][debug][gc,phases,ref  ] GC(68)       SoftReference:
[14.158s][debug][gc,phases,ref  ] GC(68)         Discovered: 0
[14.158s][debug][gc,phases,ref  ] GC(68)         Cleared: 0
[14.158s][debug][gc,phases,ref  ] GC(68)       WeakReference:
[14.158s][debug][gc,phases,ref  ] GC(68)         Discovered: 0
[14.158s][debug][gc,phases,ref  ] GC(68)         Cleared: 0
[14.158s][debug][gc,phases,ref  ] GC(68)       FinalReference:
[14.158s][debug][gc,phases,ref  ] GC(68)         Discovered: 0
[14.158s][debug][gc,phases,ref  ] GC(68)         Cleared: 0
[14.158s][debug][gc,phases,ref  ] GC(68)       PhantomReference:
[14.158s][debug][gc,phases,ref  ] GC(68)         Discovered: 0
[14.158s][debug][gc,phases,ref  ] GC(68)         Cleared: 0
[14.158s][debug][gc,phases      ] GC(68)     Weak Processing: 0.1ms
[14.158s][debug][gc,phases      ] GC(68)       JVMTI weak processing: 0.0ms
[14.158s][debug][gc,phases      ] GC(68)         Dead: 0
[14.158s][debug][gc,phases      ] GC(68)         Total: 0
[14.158s][debug][gc,phases      ] GC(68)       JFR weak processing: 0.0ms
[14.158s][debug][gc,phases      ] GC(68)         Dead: 0
[14.158s][debug][gc,phases      ] GC(68)         Total: 0
[14.158s][debug][gc,phases      ] GC(68)       JNI weak                  Min:  0.0, Avg:  0.0, Max:  0.0, Diff:  0.0, Sum:  0.0, Workers: 5
[14.158s][debug][gc,phases      ] GC(68)         Dead                      Min: 0, Avg:  0.0, Max: 0, Diff: 0, Sum: 0, Workers: 5
[14.158s][debug][gc,phases      ] GC(68)         Total                     Min: 0, Avg: 12.6, Max: 59, Diff: 59, Sum: 63, Workers: 5
[14.158s][debug][gc,phases      ] GC(68)       VM weak                   Min:  0.0, Avg:  0.0, Max:  0.0, Diff:  0.0, Sum:  0.0, Workers: 5
[14.158s][debug][gc,phases      ] GC(68)         Dead                      Min: 0, Avg:  0.0, Max: 0, Diff: 0, Sum: 0, Workers: 5
[14.158s][debug][gc,phases      ] GC(68)         Total                     Min: 0, Avg: 44.0, Max: 128, Diff: 128, Sum: 220, Workers: 5
[14.158s][debug][gc,phases      ] GC(68)       StringTable weak          Min:  0.0, Avg:  0.0, Max:  0.1, Diff:  0.0, Sum:  0.1, Workers: 5
[14.158s][debug][gc,phases      ] GC(68)         Dead                      Min: 0, Avg:  0.0, Max: 0, Diff: 0, Sum: 0, Workers: 5
[14.158s][debug][gc,phases      ] GC(68)         Total                     Min: 576, Avg: 718.4, Max: 832, Diff: 256, Sum: 3592, Workers: 5
[14.158s][debug][gc,phases      ] GC(68)       ResolvedMethodTable weak  Min:  0.0, Avg:  0.0, Max:  0.0, Diff:  0.0, Sum:  0.1, Workers: 5
[14.158s][debug][gc,phases      ] GC(68)         Dead                      Min: 0, Avg:  0.0, Max: 0, Diff: 0, Sum: 0, Workers: 5
[14.158s][debug][gc,phases      ] GC(68)         Total                     Min: 0, Avg: 116.6, Max: 192, Diff: 192, Sum: 583, Workers: 5
[14.158s][debug][gc,phases      ] GC(68)     Merge Per-Thread State: 0.0ms
[14.158s][debug][gc,phases      ] GC(68)       Copied Bytes              Min: 0, Avg: 60.0, Max: 104, Diff: 104, Sum: 480, Workers: 8
[14.158s][debug][gc,phases      ] GC(68)       LAB Waste                 Min: 0, Avg:  0.0, Max: 0, Diff: 0, Sum: 0, Workers: 8
[14.158s][debug][gc,phases      ] GC(68)       LAB Undo Waste            Min: 0, Avg:  0.0, Max: 0, Diff: 0, Sum: 0, Workers: 8
[14.158s][debug][gc,phases      ] GC(68)     Code Roots Purge: 0.0ms
[14.158s][debug][gc,phases      ] GC(68)     Redirty Cards: 0.0ms
[14.158s][debug][gc,phases      ] GC(68)     DerivedPointerTable Update: 0.0ms
[14.158s][debug][gc,phases      ] GC(68)     Free Collection Set: 0.1ms
[14.158s][debug][gc,phases      ] GC(68)     Rebuild Free List: 0.0ms
[14.158s][debug][gc,phases      ] GC(68)     Humongous Reclaim: 0.0ms
[14.158s][debug][gc,phases      ] GC(68)     Start New Collection Set: 0.0ms
[14.158s][debug][gc,phases      ] GC(68)     Resize TLABs: 0.0ms
[14.158s][debug][gc,phases      ] GC(68)     Expand Heap After Collection: 0.0ms
[14.158s][info ][gc,phases      ] GC(68)   Other: 0.3ms
[14.158s][info ][gc,heap        ] GC(68) Eden regions: 186->0(186)
[14.158s][info ][gc,heap        ] GC(68) Survivor regions: 1->1(24)
[14.158s][info ][gc,heap        ] GC(68) Old regions: 7->7
[14.158s][info ][gc,heap        ] GC(68) Archive regions: 2->2
[14.158s][info ][gc,heap        ] GC(68) Humongous regions: 0->0
[14.158s][info ][gc,metaspace   ] GC(68) Metaspace: 10391K(10880K)->10391K(10880K) NonClass: 9188K(9472K)->9188K(9472K) Class: 1202K(1408K)->1202K(1408K)
[14.158s][debug][gc,heap        ] GC(68) Heap after GC invocations=69 (full 1): garbage-first heap   total 319488K, used 4338K [0x0000000700000000, 0x0000000800000000)
[14.158s][debug][gc,heap        ] GC(68)   region size 1024K, 1 young (1024K), 1 survivors (1024K)
[14.158s][debug][gc,heap        ] GC(68)  Metaspace       used 10391K, capacity 10712K, committed 10880K, reserved 1058816K
[14.158s][debug][gc,heap        ] GC(68)   class space    used 1202K, capacity 1338K, committed 1408K, reserved 1048576K
[14.158s][info ][gc             ] GC(68) Pause Young (Normal) (G1 Evacuation Pause) 190M->4M(312M) 1.537ms
[14.159s][info ][gc,cpu         ] GC(68) User=0.00s Sys=0.00s Real=0.00s
[14.159s][info ][safepoint      ] Safepoint "G1CollectForAllocation", Time since last: 152120195 ns, Reaching safepoint: 160172 ns, At safepoint: 1715992 ns, Total: 1876164 ns
[14.320s][debug][gc,heap        ] GC(69) Heap before GC invocations=69 (full 1): garbage-first heap   total 319488K, used 194802K [0x0000000700000000, 0x0000000800000000)
[14.320s][debug][gc,heap        ] GC(69)   region size 1024K, 187 young (191488K), 1 survivors (1024K)
[14.320s][debug][gc,heap        ] GC(69)  Metaspace       used 10391K, capacity 10712K, committed 10880K, reserved 1058816K
[14.320s][debug][gc,heap        ] GC(69)   class space    used 1202K, capacity 1338K, committed 1408K, reserved 1048576K
[14.320s][info ][gc,start       ] GC(69) Pause Young (Normal) (G1 Evacuation Pause)
[14.320s][info ][gc,task        ] GC(69) Using 8 workers of 8 for evacuation
[14.320s][debug][gc,tlab        ] GC(69) TLAB totals: thrds: 8  refills: 748 max: 101 slow allocs: 0 max 0 waste:  0.9% gc: 1377480B max: 306664B slow: 431224B max: 58392B fast: 0B max: 0B
[14.320s][debug][gc,age         ] GC(69) Desired survivor size 12582912 bytes, new threshold 15 (max threshold 15)
[14.320s][debug][gc,alloc,region] GC(69) Mutator Allocation stats, regions: 186, wasted size: 0B ( 0.0%)
[14.320s][debug][gc,ergo        ] GC(69) Running G1 Merge Heap Roots using 8 workers for 187 regions
[14.320s][debug][gc,remset      ] GC(69) Visited cards 256 Total dirty 2048 (12.50%) Total old 784384 (0.03%)
[14.321s][debug][gc,ergo        ] GC(69) Running G1 Clear Card Table Task using 1 workers for 1 units of work for 188 regions.
[14.321s][debug][gc,ref         ] GC(69) Skipped phase1 of Reference Processing due to unavailable references
[14.321s][debug][gc,ref         ] GC(69) Skipped phase2 of Reference Processing due to unavailable references
[14.321s][debug][gc,ref         ] GC(69) Skipped phase3 of Reference Processing due to unavailable references
[14.321s][debug][gc,ref         ] GC(69) Skipped phase4 of Reference Processing due to unavailable references
[14.321s][debug][gc,ergo        ] GC(69) Running G1 Free Collection Set using 8 workers for collection set length 187 (312)
[14.321s][debug][gc,ergo        ] GC(69) Running G1 Rebuild Free List Task using 8 workers for rebuilding free list of 0 (4096) regions
[14.321s][trace][gc,age         ] GC(69) Age table with threshold 15 (max threshold 15)
[14.321s][trace][gc,age         ] GC(69) - age   1:        552 bytes,        552 total
[14.321s][debug][gc,plab        ] GC(69) Young PLAB allocation: allocated: 12384B, wasted: 0B, unused: 11832B, used: 552B, undo waste: 0B, 
[14.321s][debug][gc,plab        ] GC(69) Young other allocation: region end waste: 0B, regions filled: 1, direct allocated: 0B, failure used: 0B, failure wasted: 0B
[14.321s][debug][gc,plab        ] GC(69) Young sizing: calculated: 104B, actual: 2064B
[14.321s][debug][gc,plab        ] GC(69) Old PLAB allocation: allocated: 0B, wasted: 0B, unused: 0B, used: 0B, undo waste: 0B, 
[14.321s][debug][gc,plab        ] GC(69) Old other allocation: region end waste: 0B, regions filled: 1, direct allocated: 0B, failure used: 0B, failure wasted: 0B
[14.321s][debug][gc,plab        ] GC(69) Old sizing: calculated: 0B, actual: 2064B
[14.321s][debug][gc,ihop        ] GC(69) Basic information (value update), threshold: 147220070B (45.00), target occupancy: 327155712B, current occupancy: 4440744B, recent allocation size: 0B, recent allocation duration: 162.34ms, recent old gen allocation rate: 0.00B/s, recent marking phase length: 0.00ms
[14.321s][debug][gc,ihop        ] GC(69) Adaptive IHOP information (value update), threshold: 147220070B (47.37), internal target occupancy: 310797926B, occupancy: 4440744B, additional buffer size: 196083712B, predicted old gen allocation rate: 21651.49B/s, predicted marking phase length: 0.00ms, prediction active: false
[14.321s][debug][gc,ergo,refine ] GC(69) Concurrent refinement times: Logged Cards Scan time goal: 20.00ms Logged Cards Scan time: 0.00ms HCC time: 0.00ms
[14.321s][debug][gc,ergo,refine ] GC(69) Updated Refinement Zones: green: 2048, yellow: 6144, red: 10240
[14.321s][info ][gc,phases      ] GC(69)   Pre Evacuate Collection Set: 0.1ms
[14.321s][debug][gc,phases      ] GC(69)     Prepare TLABs: 0.0ms
[14.321s][debug][gc,phases      ] GC(69)     Choose Collection Set: 0.0ms
[14.321s][debug][gc,phases      ] GC(69)     Region Register: 0.1ms
[14.321s][debug][gc,phases      ] GC(69)     Prepare Heap Roots: 0.0ms
[14.321s][info ][gc,phases      ] GC(69)   Merge Heap Roots: 0.1ms
[14.321s][debug][gc,phases      ] GC(69)     Prepare Merge Heap Roots: 0.0ms
[14.321s][debug][gc,phases      ] GC(69)     Eager Reclaim (ms):       skipped
[14.321s][debug][gc,phases      ] GC(69)     Remembered Sets (ms):     Min:  0.0, Avg:  0.0, Max:  0.0, Diff:  0.0, Sum:  0.1, Workers: 8
[14.321s][debug][gc,phases      ] GC(69)       Merged Sparse:            Min: 0, Avg:  0.0, Max: 0, Diff: 0, Sum: 0, Workers: 8
[14.321s][debug][gc,phases      ] GC(69)       Merged Fine:              Min: 0, Avg:  0.0, Max: 0, Diff: 0, Sum: 0, Workers: 8
[14.321s][debug][gc,phases      ] GC(69)       Merged Coarse:            Min: 0, Avg:  0.0, Max: 0, Diff: 0, Sum: 0, Workers: 8
[14.321s][debug][gc,phases      ] GC(69)       Dirty Cards:              Min: 0, Avg:  0.0, Max: 0, Diff: 0, Sum: 0, Workers: 8
[14.321s][debug][gc,phases      ] GC(69)     Hot Card Cache (ms):      Min:  0.0, Avg:  0.0, Max:  0.0, Diff:  0.0, Sum:  0.0, Workers: 8
[14.321s][debug][gc,phases      ] GC(69)       Dirty Cards:              Min: 0, Avg:  0.0, Max: 0, Diff: 0, Sum: 0, Workers: 8
[14.321s][debug][gc,phases      ] GC(69)       Skipped Cards:            Min: 0, Avg:  0.0, Max: 0, Diff: 0, Sum: 0, Workers: 8
[14.321s][debug][gc,phases      ] GC(69)     Log Buffers (ms):         Min:  0.0, Avg:  0.0, Max:  0.0, Diff:  0.0, Sum:  0.0, Workers: 8
[14.321s][debug][gc,phases      ] GC(69)       Dirty Cards:              Min: 0, Avg:  0.1, Max: 1, Diff: 1, Sum: 1, Workers: 8
[14.321s][debug][gc,phases      ] GC(69)       Skipped Cards:            Min: 0, Avg:  0.0, Max: 0, Diff: 0, Sum: 0, Workers: 8
[14.321s][info ][gc,phases      ] GC(69)   Evacuate Collection Set: 0.2ms
[14.321s][debug][gc,phases      ] GC(69)     Ext Root Scanning (ms):   Min:  0.0, Avg:  0.0, Max:  0.0, Diff:  0.0, Sum:  0.2, Workers: 8
[14.321s][debug][gc,phases      ] GC(69)     Scan Heap Roots (ms):     Min:  0.0, Avg:  0.0, Max:  0.0, Diff:  0.0, Sum:  0.0, Workers: 8
[14.321s][debug][gc,phases      ] GC(69)       Scanned Cards:            Min: 0, Avg:  0.1, Max: 1, Diff: 1, Sum: 1, Workers: 8
[14.321s][debug][gc,phases      ] GC(69)       Scanned Blocks:           Min: 0, Avg:  0.1, Max: 1, Diff: 1, Sum: 1, Workers: 8
[14.321s][debug][gc,phases      ] GC(69)       Claimed Chunks:           Min: 0, Avg:  0.1, Max: 1, Diff: 1, Sum: 1, Workers: 8
[14.321s][debug][gc,phases      ] GC(69)     Code Root Scan (ms):      Min:  0.0, Avg:  0.0, Max:  0.0, Diff:  0.0, Sum:  0.0, Workers: 8
[14.321s][debug][gc,phases      ] GC(69)     Object Copy (ms):         Min:  0.0, Avg:  0.0, Max:  0.0, Diff:  0.0, Sum:  0.0, Workers: 8
[14.321s][debug][gc,phases      ] GC(69)     Termination (ms):         Min:  0.0, Avg:  0.1, Max:  0.1, Diff:  0.0, Sum:  0.4, Workers: 8
[14.321s][debug][gc,phases      ] GC(69)       Termination Attempts:     Min: 1, Avg:  1.0, Max: 1, Diff: 0, Sum: 8, Workers: 8
[14.321s][debug][gc,phases      ] GC(69)     GC Worker Other (ms):     Min:  0.0, Avg:  0.0, Max:  0.0, Diff:  0.0, Sum:  0.1, Workers: 8
[14.321s][debug][gc,phases      ] GC(69)     GC Worker Total (ms):     Min:  0.1, Avg:  0.1, Max:  0.1, Diff:  0.1, Sum:  0.8, Workers: 8
[14.321s][info ][gc,phases      ] GC(69)   Post Evacuate Collection Set: 0.4ms
[14.321s][debug][gc,phases      ] GC(69)     Code Roots Fixup: 0.0ms
[14.321s][debug][gc,phases      ] GC(69)     Clear Card Table: 0.1ms
[14.321s][debug][gc,phases      ] GC(69)     Reference Processing: 0.0ms
[14.321s][debug][gc,phases,ref  ] GC(69)       Reconsider SoftReferences: 0.0ms
[14.321s][debug][gc,phases,ref  ] GC(69)         SoftRef (ms):             skipped
[14.321s][debug][gc,phases,ref  ] GC(69)       Notify Soft/WeakReferences: 0.0ms
[14.321s][debug][gc,phases,ref  ] GC(69)         SoftRef (ms):             skipped
[14.321s][debug][gc,phases,ref  ] GC(69)         WeakRef (ms):             skipped
[14.321s][debug][gc,phases,ref  ] GC(69)         FinalRef (ms):            skipped
[14.321s][debug][gc,phases,ref  ] GC(69)         Total (ms):               skipped
[14.321s][debug][gc,phases,ref  ] GC(69)       Notify and keep alive finalizable: 0.0ms
[14.321s][debug][gc,phases,ref  ] GC(69)         FinalRef (ms):            skipped
[14.321s][debug][gc,phases,ref  ] GC(69)       Notify PhantomReferences: 0.0ms
[14.321s][debug][gc,phases,ref  ] GC(69)         PhantomRef (ms):          skipped
[14.321s][debug][gc,phases,ref  ] GC(69)       SoftReference:
[14.321s][debug][gc,phases,ref  ] GC(69)         Discovered: 0
[14.321s][debug][gc,phases,ref  ] GC(69)         Cleared: 0
[14.321s][debug][gc,phases,ref  ] GC(69)       WeakReference:
[14.321s][debug][gc,phases,ref  ] GC(69)         Discovered: 0
[14.321s][debug][gc,phases,ref  ] GC(69)         Cleared: 0
[14.321s][debug][gc,phases,ref  ] GC(69)       FinalReference:
[14.321s][debug][gc,phases,ref  ] GC(69)         Discovered: 0
[14.321s][debug][gc,phases,ref  ] GC(69)         Cleared: 0
[14.321s][debug][gc,phases,ref  ] GC(69)       PhantomReference:
[14.321s][debug][gc,phases,ref  ] GC(69)         Discovered: 0
[14.321s][debug][gc,phases,ref  ] GC(69)         Cleared: 0
[14.321s][debug][gc,phases      ] GC(69)     Weak Processing: 0.1ms
[14.321s][debug][gc,phases      ] GC(69)       JVMTI weak processing: 0.0ms
[14.322s][debug][gc,phases      ] GC(69)         Dead: 0
[14.322s][debug][gc,phases      ] GC(69)         Total: 0
[14.322s][debug][gc,phases      ] GC(69)       JFR weak processing: 0.0ms
[14.322s][debug][gc,phases      ] GC(69)         Dead: 0
[14.322s][debug][gc,phases      ] GC(69)         Total: 0
[14.322s][debug][gc,phases      ] GC(69)       JNI weak                  Min:  0.0, Avg:  0.0, Max:  0.0, Diff:  0.0, Sum:  0.0, Workers: 5
[14.322s][debug][gc,phases      ] GC(69)         Dead                      Min: 0, Avg:  0.0, Max: 0, Diff: 0, Sum: 0, Workers: 5
[14.322s][debug][gc,phases      ] GC(69)         Total                     Min: 0, Avg: 12.6, Max: 59, Diff: 59, Sum: 63, Workers: 5
[14.322s][debug][gc,phases      ] GC(69)       VM weak                   Min:  0.0, Avg:  0.0, Max:  0.0, Diff:  0.0, Sum:  0.0, Workers: 5
[14.322s][debug][gc,phases      ] GC(69)         Dead                      Min: 0, Avg:  0.0, Max: 0, Diff: 0, Sum: 0, Workers: 5
[14.322s][debug][gc,phases      ] GC(69)         Total                     Min: 0, Avg: 44.0, Max: 64, Diff: 64, Sum: 220, Workers: 5
[14.322s][debug][gc,phases      ] GC(69)       StringTable weak          Min:  0.0, Avg:  0.0, Max:  0.0, Diff:  0.0, Sum:  0.1, Workers: 5
[14.322s][debug][gc,phases      ] GC(69)         Dead                      Min: 0, Avg:  0.0, Max: 0, Diff: 0, Sum: 0, Workers: 5
[14.322s][debug][gc,phases      ] GC(69)         Total                     Min: 64, Avg: 718.4, Max: 1024, Diff: 960, Sum: 3592, Workers: 5
[14.322s][debug][gc,phases      ] GC(69)       ResolvedMethodTable weak  Min:  0.0, Avg:  0.0, Max:  0.0, Diff:  0.0, Sum:  0.0, Workers: 5
[14.322s][debug][gc,phases      ] GC(69)         Dead                      Min: 0, Avg:  0.0, Max: 0, Diff: 0, Sum: 0, Workers: 5
[14.322s][debug][gc,phases      ] GC(69)         Total                     Min: 0, Avg: 116.6, Max: 192, Diff: 192, Sum: 583, Workers: 5
[14.322s][debug][gc,phases      ] GC(69)     Merge Per-Thread State: 0.0ms
[14.322s][debug][gc,phases      ] GC(69)       Copied Bytes              Min: 0, Avg: 69.0, Max: 176, Diff: 176, Sum: 552, Workers: 8
[14.322s][debug][gc,phases      ] GC(69)       LAB Waste                 Min: 0, Avg:  0.0, Max: 0, Diff: 0, Sum: 0, Workers: 8
[14.322s][debug][gc,phases      ] GC(69)       LAB Undo Waste            Min: 0, Avg:  0.0, Max: 0, Diff: 0, Sum: 0, Workers: 8
[14.322s][debug][gc,phases      ] GC(69)     Code Roots Purge: 0.0ms
[14.322s][debug][gc,phases      ] GC(69)     Redirty Cards: 0.0ms
[14.322s][debug][gc,phases      ] GC(69)     DerivedPointerTable Update: 0.0ms
[14.322s][debug][gc,phases      ] GC(69)     Free Collection Set: 0.1ms
[14.322s][debug][gc,phases      ] GC(69)     Rebuild Free List: 0.0ms
[14.322s][debug][gc,phases      ] GC(69)     Humongous Reclaim: 0.0ms
[14.322s][debug][gc,phases      ] GC(69)     Start New Collection Set: 0.0ms
[14.322s][debug][gc,phases      ] GC(69)     Resize TLABs: 0.0ms
[14.322s][debug][gc,phases      ] GC(69)     Expand Heap After Collection: 0.0ms
[14.322s][info ][gc,phases      ] GC(69)   Other: 0.3ms
[14.322s][info ][gc,heap        ] GC(69) Eden regions: 186->0(186)
[14.322s][info ][gc,heap        ] GC(69) Survivor regions: 1->1(24)
[14.322s][info ][gc,heap        ] GC(69) Old regions: 7->7
[14.322s][info ][gc,heap        ] GC(69) Archive regions: 2->2
[14.322s][info ][gc,heap        ] GC(69) Humongous regions: 0->0
[14.322s][info ][gc,metaspace   ] GC(69) Metaspace: 10391K(10880K)->10391K(10880K) NonClass: 9188K(9472K)->9188K(9472K) Class: 1202K(1408K)->1202K(1408K)
[14.322s][debug][gc,heap        ] GC(69) Heap after GC invocations=70 (full 1): garbage-first heap   total 319488K, used 4336K [0x0000000700000000, 0x0000000800000000)
[14.322s][debug][gc,heap        ] GC(69)   region size 1024K, 1 young (1024K), 1 survivors (1024K)
[14.322s][debug][gc,heap        ] GC(69)  Metaspace       used 10391K, capacity 10712K, committed 10880K, reserved 1058816K
[14.322s][debug][gc,heap        ] GC(69)   class space    used 1202K, capacity 1338K, committed 1408K, reserved 1048576K
[14.322s][info ][gc             ] GC(69) Pause Young (Normal) (G1 Evacuation Pause) 190M->4M(312M) 1.535ms
[14.322s][info ][gc,cpu         ] GC(69) User=0.00s Sys=0.01s Real=0.00s
[14.322s][info ][safepoint      ] Safepoint "G1CollectForAllocation", Time since last: 161357535 ns, Reaching safepoint: 170051 ns, At safepoint: 1719147 ns, Total: 1889198 ns
[14.483s][debug][gc,heap        ] GC(70) Heap before GC invocations=70 (full 1): garbage-first heap   total 319488K, used 194800K [0x0000000700000000, 0x0000000800000000)
[14.483s][debug][gc,heap        ] GC(70)   region size 1024K, 187 young (191488K), 1 survivors (1024K)
[14.483s][debug][gc,heap        ] GC(70)  Metaspace       used 10391K, capacity 10712K, committed 10880K, reserved 1058816K
[14.483s][debug][gc,heap        ] GC(70)   class space    used 1202K, capacity 1338K, committed 1408K, reserved 1048576K
[14.484s][info ][gc,start       ] GC(70) Pause Young (Normal) (G1 Evacuation Pause)
[14.484s][info ][gc,task        ] GC(70) Using 8 workers of 8 for evacuation
[14.484s][debug][gc,tlab        ] GC(70) TLAB totals: thrds: 8  refills: 746 max: 102 slow allocs: 0 max 0 waste:  1.0% gc: 1551848B max: 374296B slow: 430512B max: 58608B fast: 0B max: 0B
[14.484s][debug][gc,age         ] GC(70) Desired survivor size 12582912 bytes, new threshold 15 (max threshold 15)
[14.484s][debug][gc,alloc,region] GC(70) Mutator Allocation stats, regions: 186, wasted size: 0B ( 0.0%)
[14.484s][debug][gc,ergo        ] GC(70) Running G1 Merge Heap Roots using 8 workers for 187 regions
[14.484s][debug][gc,remset      ] GC(70) Visited cards 256 Total dirty 2048 (12.50%) Total old 784384 (0.03%)
[14.484s][debug][gc,ergo        ] GC(70) Running G1 Clear Card Table Task using 1 workers for 1 units of work for 188 regions.
[14.484s][debug][gc,ref         ] GC(70) Skipped phase1 of Reference Processing due to unavailable references
[14.484s][debug][gc,ref         ] GC(70) Skipped phase2 of Reference Processing due to unavailable references
[14.484s][debug][gc,ref         ] GC(70) Skipped phase3 of Reference Processing due to unavailable references
[14.484s][debug][gc,ref         ] GC(70) Skipped phase4 of Reference Processing due to unavailable references
[14.484s][debug][gc,ergo        ] GC(70) Running G1 Free Collection Set using 8 workers for collection set length 187 (312)
[14.484s][debug][gc,ergo        ] GC(70) Running G1 Rebuild Free List Task using 8 workers for rebuilding free list of 0 (4096) regions
[14.484s][trace][gc,age         ] GC(70) Age table with threshold 15 (max threshold 15)
[14.484s][trace][gc,age         ] GC(70) - age   1:        368 bytes,        368 total
[14.484s][debug][gc,plab        ] GC(70) Young PLAB allocation: allocated: 12384B, wasted: 0B, unused: 12016B, used: 368B, undo waste: 0B, 
[14.484s][debug][gc,plab        ] GC(70) Young other allocation: region end waste: 0B, regions filled: 1, direct allocated: 0B, failure used: 0B, failure wasted: 0B
[14.484s][debug][gc,plab        ] GC(70) Young sizing: calculated: 72B, actual: 2064B
[14.484s][debug][gc,plab        ] GC(70) Old PLAB allocation: allocated: 0B, wasted: 0B, unused: 0B, used: 0B, undo waste: 0B, 
[14.484s][debug][gc,plab        ] GC(70) Old other allocation: region end waste: 0B, regions filled: 1, direct allocated: 0B, failure used: 0B, failure wasted: 0B
[14.484s][debug][gc,plab        ] GC(70) Old sizing: calculated: 0B, actual: 2064B
[14.484s][debug][gc,ihop        ] GC(70) Basic information (value update), threshold: 147220070B (45.00), target occupancy: 327155712B, current occupancy: 4440744B, recent allocation size: 0B, recent allocation duration: 162.44ms, recent old gen allocation rate: 0.00B/s, recent marking phase length: 0.00ms
[14.484s][debug][gc,ihop        ] GC(70) Adaptive IHOP information (value update), threshold: 147220070B (47.37), internal target occupancy: 310797926B, occupancy: 4440744B, additional buffer size: 196083712B, predicted old gen allocation rate: 20953.17B/s, predicted marking phase length: 0.00ms, prediction active: false
[14.484s][debug][gc,ergo,refine ] GC(70) Concurrent refinement times: Logged Cards Scan time goal: 20.00ms Logged Cards Scan time: 0.00ms HCC time: 0.00ms
[14.484s][debug][gc,ergo,refine ] GC(70) Updated Refinement Zones: green: 2048, yellow: 6144, red: 10240
[14.484s][info ][gc,phases      ] GC(70)   Pre Evacuate Collection Set: 0.1ms
[14.484s][debug][gc,phases      ] GC(70)     Prepare TLABs: 0.0ms
[14.484s][debug][gc,phases      ] GC(70)     Choose Collection Set: 0.0ms
[14.484s][debug][gc,phases      ] GC(70)     Region Register: 0.1ms
[14.484s][debug][gc,phases      ] GC(70)     Prepare Heap Roots: 0.0ms
[14.484s][info ][gc,phases      ] GC(70)   Merge Heap Roots: 0.1ms
[14.484s][debug][gc,phases      ] GC(70)     Prepare Merge Heap Roots: 0.0ms
[14.484s][debug][gc,phases      ] GC(70)     Eager Reclaim (ms):       skipped
[14.484s][debug][gc,phases      ] GC(70)     Remembered Sets (ms):     Min:  0.0, Avg:  0.0, Max:  0.0, Diff:  0.0, Sum:  0.1, Workers: 8
[14.484s][debug][gc,phases      ] GC(70)       Merged Sparse:            Min: 0, Avg:  0.0, Max: 0, Diff: 0, Sum: 0, Workers: 8
[14.484s][debug][gc,phases      ] GC(70)       Merged Fine:              Min: 0, Avg:  0.0, Max: 0, Diff: 0, Sum: 0, Workers: 8
[14.484s][debug][gc,phases      ] GC(70)       Merged Coarse:            Min: 0, Avg:  0.0, Max: 0, Diff: 0, Sum: 0, Workers: 8
[14.484s][debug][gc,phases      ] GC(70)       Dirty Cards:              Min: 0, Avg:  0.0, Max: 0, Diff: 0, Sum: 0, Workers: 8
[14.484s][debug][gc,phases      ] GC(70)     Hot Card Cache (ms):      Min:  0.0, Avg:  0.0, Max:  0.0, Diff:  0.0, Sum:  0.0, Workers: 8
[14.484s][debug][gc,phases      ] GC(70)       Dirty Cards:              Min: 0, Avg:  0.0, Max: 0, Diff: 0, Sum: 0, Workers: 8
[14.485s][debug][gc,phases      ] GC(70)       Skipped Cards:            Min: 0, Avg:  0.0, Max: 0, Diff: 0, Sum: 0, Workers: 8
[14.485s][debug][gc,phases      ] GC(70)     Log Buffers (ms):         Min:  0.0, Avg:  0.0, Max:  0.0, Diff:  0.0, Sum:  0.0, Workers: 8
[14.485s][debug][gc,phases      ] GC(70)       Dirty Cards:              Min: 0, Avg:  0.1, Max: 1, Diff: 1, Sum: 1, Workers: 8
[14.485s][debug][gc,phases      ] GC(70)       Skipped Cards:            Min: 0, Avg:  0.0, Max: 0, Diff: 0, Sum: 0, Workers: 8
[14.485s][info ][gc,phases      ] GC(70)   Evacuate Collection Set: 0.1ms
[14.485s][debug][gc,phases      ] GC(70)     Ext Root Scanning (ms):   Min:  0.0, Avg:  0.0, Max:  0.0, Diff:  0.0, Sum:  0.2, Workers: 8
[14.485s][debug][gc,phases      ] GC(70)     Scan Heap Roots (ms):     Min:  0.0, Avg:  0.0, Max:  0.0, Diff:  0.0, Sum:  0.0, Workers: 8
[14.485s][debug][gc,phases      ] GC(70)       Scanned Cards:            Min: 0, Avg:  0.1, Max: 1, Diff: 1, Sum: 1, Workers: 8
[14.485s][debug][gc,phases      ] GC(70)       Scanned Blocks:           Min: 0, Avg:  0.1, Max: 1, Diff: 1, Sum: 1, Workers: 8
[14.485s][debug][gc,phases      ] GC(70)       Claimed Chunks:           Min: 0, Avg:  0.1, Max: 1, Diff: 1, Sum: 1, Workers: 8
[14.485s][debug][gc,phases      ] GC(70)     Code Root Scan (ms):      Min:  0.0, Avg:  0.0, Max:  0.0, Diff:  0.0, Sum:  0.0, Workers: 8
[14.485s][debug][gc,phases      ] GC(70)     Object Copy (ms):         Min:  0.0, Avg:  0.0, Max:  0.0, Diff:  0.0, Sum:  0.0, Workers: 8
[14.485s][debug][gc,phases      ] GC(70)     Termination (ms):         Min:  0.0, Avg:  0.1, Max:  0.1, Diff:  0.0, Sum:  0.4, Workers: 8
[14.485s][debug][gc,phases      ] GC(70)       Termination Attempts:     Min: 1, Avg:  1.0, Max: 1, Diff: 0, Sum: 8, Workers: 8
[14.485s][debug][gc,phases      ] GC(70)     GC Worker Other (ms):     Min:  0.0, Avg:  0.0, Max:  0.0, Diff:  0.0, Sum:  0.1, Workers: 8
[14.485s][debug][gc,phases      ] GC(70)     GC Worker Total (ms):     Min:  0.1, Avg:  0.1, Max:  0.1, Diff:  0.1, Sum:  0.8, Workers: 8
[14.485s][info ][gc,phases      ] GC(70)   Post Evacuate Collection Set: 0.4ms
[14.485s][debug][gc,phases      ] GC(70)     Code Roots Fixup: 0.0ms
[14.485s][debug][gc,phases      ] GC(70)     Clear Card Table: 0.1ms
[14.485s][debug][gc,phases      ] GC(70)     Reference Processing: 0.0ms
[14.485s][debug][gc,phases,ref  ] GC(70)       Reconsider SoftReferences: 0.0ms
[14.485s][debug][gc,phases,ref  ] GC(70)         SoftRef (ms):             skipped
[14.485s][debug][gc,phases,ref  ] GC(70)       Notify Soft/WeakReferences: 0.0ms
[14.485s][debug][gc,phases,ref  ] GC(70)         SoftRef (ms):             skipped
[14.485s][debug][gc,phases,ref  ] GC(70)         WeakRef (ms):             skipped
[14.485s][debug][gc,phases,ref  ] GC(70)         FinalRef (ms):            skipped
[14.485s][debug][gc,phases,ref  ] GC(70)         Total (ms):               skipped
[14.485s][debug][gc,phases,ref  ] GC(70)       Notify and keep alive finalizable: 0.0ms
[14.485s][debug][gc,phases,ref  ] GC(70)         FinalRef (ms):            skipped
[14.485s][debug][gc,phases,ref  ] GC(70)       Notify PhantomReferences: 0.0ms
[14.485s][debug][gc,phases,ref  ] GC(70)         PhantomRef (ms):          skipped
[14.485s][debug][gc,phases,ref  ] GC(70)       SoftReference:
[14.485s][debug][gc,phases,ref  ] GC(70)         Discovered: 0
[14.485s][debug][gc,phases,ref  ] GC(70)         Cleared: 0
[14.485s][debug][gc,phases,ref  ] GC(70)       WeakReference:
[14.485s][debug][gc,phases,ref  ] GC(70)         Discovered: 0
[14.485s][debug][gc,phases,ref  ] GC(70)         Cleared: 0
[14.485s][debug][gc,phases,ref  ] GC(70)       FinalReference:
[14.485s][debug][gc,phases,ref  ] GC(70)         Discovered: 0
[14.485s][debug][gc,phases,ref  ] GC(70)         Cleared: 0
[14.485s][debug][gc,phases,ref  ] GC(70)       PhantomReference:
[14.485s][debug][gc,phases,ref  ] GC(70)         Discovered: 0
[14.485s][debug][gc,phases,ref  ] GC(70)         Cleared: 0
[14.485s][debug][gc,phases      ] GC(70)     Weak Processing: 0.1ms
[14.485s][debug][gc,phases      ] GC(70)       JVMTI weak processing: 0.0ms
[14.485s][debug][gc,phases      ] GC(70)         Dead: 0
[14.485s][debug][gc,phases      ] GC(70)         Total: 0
[14.485s][debug][gc,phases      ] GC(70)       JFR weak processing: 0.0ms
[14.485s][debug][gc,phases      ] GC(70)         Dead: 0
[14.485s][debug][gc,phases      ] GC(70)         Total: 0
[14.485s][debug][gc,phases      ] GC(70)       JNI weak                  Min:  0.0, Avg:  0.0, Max:  0.0, Diff:  0.0, Sum:  0.0, Workers: 5
[14.485s][debug][gc,phases      ] GC(70)         Dead                      Min: 0, Avg:  0.0, Max: 0, Diff: 0, Sum: 0, Workers: 5
[14.485s][debug][gc,phases      ] GC(70)         Total                     Min: 0, Avg: 12.6, Max: 59, Diff: 59, Sum: 63, Workers: 5
[14.485s][debug][gc,phases      ] GC(70)       VM weak                   Min:  0.0, Avg:  0.0, Max:  0.0, Diff:  0.0, Sum:  0.0, Workers: 5
[14.485s][debug][gc,phases      ] GC(70)         Dead                      Min: 0, Avg:  0.0, Max: 0, Diff: 0, Sum: 0, Workers: 5
[14.485s][debug][gc,phases      ] GC(70)         Total                     Min: 0, Avg: 44.0, Max: 128, Diff: 128, Sum: 220, Workers: 5
[14.485s][debug][gc,phases      ] GC(70)       StringTable weak          Min:  0.0, Avg:  0.0, Max:  0.0, Diff:  0.0, Sum:  0.1, Workers: 5
[14.485s][debug][gc,phases      ] GC(70)         Dead                      Min: 0, Avg:  0.0, Max: 0, Diff: 0, Sum: 0, Workers: 5
[14.485s][debug][gc,phases      ] GC(70)         Total                     Min: 0, Avg: 718.4, Max: 1024, Diff: 1024, Sum: 3592, Workers: 5
[14.485s][debug][gc,phases      ] GC(70)       ResolvedMethodTable weak  Min:  0.0, Avg:  0.0, Max:  0.0, Diff:  0.0, Sum:  0.0, Workers: 5
[14.485s][debug][gc,phases      ] GC(70)         Dead                      Min: 0, Avg:  0.0, Max: 0, Diff: 0, Sum: 0, Workers: 5
[14.485s][debug][gc,phases      ] GC(70)         Total                     Min: 0, Avg: 116.6, Max: 192, Diff: 192, Sum: 583, Workers: 5
[14.485s][debug][gc,phases      ] GC(70)     Merge Per-Thread State: 0.0ms
[14.485s][debug][gc,phases      ] GC(70)       Copied Bytes              Min: 0, Avg: 46.0, Max: 200, Diff: 200, Sum: 368, Workers: 8
[14.485s][debug][gc,phases      ] GC(70)       LAB Waste                 Min: 0, Avg:  0.0, Max: 0, Diff: 0, Sum: 0, Workers: 8
[14.485s][debug][gc,phases      ] GC(70)       LAB Undo Waste            Min: 0, Avg:  0.0, Max: 0, Diff: 0, Sum: 0, Workers: 8
[14.485s][debug][gc,phases      ] GC(70)     Code Roots Purge: 0.0ms
[14.485s][debug][gc,phases      ] GC(70)     Redirty Cards: 0.0ms
[14.485s][debug][gc,phases      ] GC(70)     DerivedPointerTable Update: 0.0ms
[14.485s][debug][gc,phases      ] GC(70)     Free Collection Set: 0.1ms
[14.485s][debug][gc,phases      ] GC(70)     Rebuild Free List: 0.1ms
[14.485s][debug][gc,phases      ] GC(70)     Humongous Reclaim: 0.0ms
[14.485s][debug][gc,phases      ] GC(70)     Start New Collection Set: 0.0ms
[14.485s][debug][gc,phases      ] GC(70)     Resize TLABs: 0.0ms
[14.485s][debug][gc,phases      ] GC(70)     Expand Heap After Collection: 0.0ms
[14.485s][info ][gc,phases      ] GC(70)   Other: 0.3ms
[14.485s][info ][gc,heap        ] GC(70) Eden regions: 186->0(186)
[14.485s][info ][gc,heap        ] GC(70) Survivor regions: 1->1(24)
[14.485s][info ][gc,heap        ] GC(70) Old regions: 7->7
[14.485s][info ][gc,heap        ] GC(70) Archive regions: 2->2
[14.485s][info ][gc,heap        ] GC(70) Humongous regions: 0->0
[14.485s][info ][gc,metaspace   ] GC(70) Metaspace: 10391K(10880K)->10391K(10880K) NonClass: 9188K(9472K)->9188K(9472K) Class: 1202K(1408K)->1202K(1408K)
[14.485s][debug][gc,heap        ] GC(70) Heap after GC invocations=71 (full 1): garbage-first heap   total 319488K, used 4336K [0x0000000700000000, 0x0000000800000000)
[14.485s][debug][gc,heap        ] GC(70)   region size 1024K, 1 young (1024K), 1 survivors (1024K)
[14.485s][debug][gc,heap        ] GC(70)  Metaspace       used 10391K, capacity 10712K, committed 10880K, reserved 1058816K
[14.485s][debug][gc,heap        ] GC(70)   class space    used 1202K, capacity 1338K, committed 1408K, reserved 1048576K
[14.485s][info ][gc             ] GC(70) Pause Young (Normal) (G1 Evacuation Pause) 190M->4M(312M) 1.489ms
[14.485s][info ][gc,cpu         ] GC(70) User=0.00s Sys=0.00s Real=0.00s
[14.485s][info ][safepoint      ] Safepoint "G1CollectForAllocation", Time since last: 161434403 ns, Reaching safepoint: 136066 ns, At safepoint: 1690142 ns, Total: 1826208 ns
[14.645s][debug][gc,heap        ] GC(71) Heap before GC invocations=71 (full 1): garbage-first heap   total 319488K, used 194800K [0x0000000700000000, 0x0000000800000000)
[14.645s][debug][gc,heap        ] GC(71)   region size 1024K, 187 young (191488K), 1 survivors (1024K)
[14.645s][debug][gc,heap        ] GC(71)  Metaspace       used 10391K, capacity 10712K, committed 10880K, reserved 1058816K
[14.645s][debug][gc,heap        ] GC(71)   class space    used 1202K, capacity 1338K, committed 1408K, reserved 1048576K
[14.645s][info ][gc,start       ] GC(71) Pause Young (Normal) (G1 Evacuation Pause)
[14.645s][info ][gc,task        ] GC(71) Using 8 workers of 8 for evacuation
[14.645s][debug][gc,tlab        ] GC(71) TLAB totals: thrds: 8  refills: 745 max: 105 slow allocs: 0 max 0 waste:  0.9% gc: 1411672B max: 417072B slow: 429704B max: 60464B fast: 0B max: 0B
[14.645s][debug][gc,age         ] GC(71) Desired survivor size 12582912 bytes, new threshold 15 (max threshold 15)
[14.645s][debug][gc,alloc,region] GC(71) Mutator Allocation stats, regions: 186, wasted size: 0B ( 0.0%)
[14.645s][debug][gc,ergo        ] GC(71) Running G1 Merge Heap Roots using 8 workers for 187 regions
[14.645s][debug][gc,remset      ] GC(71) Visited cards 256 Total dirty 2048 (12.50%) Total old 784384 (0.03%)
[14.645s][debug][gc,ergo        ] GC(71) Running G1 Clear Card Table Task using 1 workers for 1 units of work for 188 regions.
[14.645s][debug][gc,ref         ] GC(71) Skipped phase1 of Reference Processing due to unavailable references
[14.645s][debug][gc,ref         ] GC(71) Skipped phase2 of Reference Processing due to unavailable references
[14.645s][debug][gc,ref         ] GC(71) Skipped phase3 of Reference Processing due to unavailable references
[14.645s][debug][gc,ref         ] GC(71) Skipped phase4 of Reference Processing due to unavailable references
[14.645s][debug][gc,ergo        ] GC(71) Running G1 Free Collection Set using 8 workers for collection set length 187 (312)
[14.645s][debug][gc,ergo        ] GC(71) Running G1 Rebuild Free List Task using 8 workers for rebuilding free list of 0 (4096) regions
[14.645s][trace][gc,age         ] GC(71) Age table with threshold 15 (max threshold 15)
[14.645s][trace][gc,age         ] GC(71) - age   1:        400 bytes,        400 total
[14.645s][debug][gc,plab        ] GC(71) Young PLAB allocation: allocated: 10320B, wasted: 0B, unused: 9920B, used: 400B, undo waste: 0B, 
[14.645s][debug][gc,plab        ] GC(71) Young other allocation: region end waste: 0B, regions filled: 1, direct allocated: 0B, failure used: 0B, failure wasted: 0B
[14.645s][debug][gc,plab        ] GC(71) Young sizing: calculated: 80B, actual: 2064B
[14.646s][debug][gc,plab        ] GC(71) Old PLAB allocation: allocated: 0B, wasted: 0B, unused: 0B, used: 0B, undo waste: 0B, 
[14.646s][debug][gc,plab        ] GC(71) Old other allocation: region end waste: 0B, regions filled: 1, direct allocated: 0B, failure used: 0B, failure wasted: 0B
[14.646s][debug][gc,plab        ] GC(71) Old sizing: calculated: 0B, actual: 2064B
[14.646s][debug][gc,ihop        ] GC(71) Basic information (value update), threshold: 147220070B (45.00), target occupancy: 327155712B, current occupancy: 4438680B, recent allocation size: 0B, recent allocation duration: 160.30ms, recent old gen allocation rate: 0.00B/s, recent marking phase length: 0.00ms
[14.646s][debug][gc,ihop        ] GC(71) Adaptive IHOP information (value update), threshold: 147220070B (47.37), internal target occupancy: 310797926B, occupancy: 4438680B, additional buffer size: 196083712B, predicted old gen allocation rate: 20279.58B/s, predicted marking phase length: 0.00ms, prediction active: false
[14.646s][debug][gc,ergo,refine ] GC(71) Concurrent refinement times: Logged Cards Scan time goal: 20.00ms Logged Cards Scan time: 0.00ms HCC time: 0.00ms
[14.646s][debug][gc,ergo,refine ] GC(71) Updated Refinement Zones: green: 2048, yellow: 6144, red: 10240
[14.646s][info ][gc,phases      ] GC(71)   Pre Evacuate Collection Set: 0.1ms
[14.646s][debug][gc,phases      ] GC(71)     Prepare TLABs: 0.0ms
[14.646s][debug][gc,phases      ] GC(71)     Choose Collection Set: 0.0ms
[14.646s][debug][gc,phases      ] GC(71)     Region Register: 0.1ms
[14.646s][debug][gc,phases      ] GC(71)     Prepare Heap Roots: 0.0ms
[14.646s][info ][gc,phases      ] GC(71)   Merge Heap Roots: 0.1ms
[14.646s][debug][gc,phases      ] GC(71)     Prepare Merge Heap Roots: 0.0ms
[14.646s][debug][gc,phases      ] GC(71)     Eager Reclaim (ms):       skipped
[14.646s][debug][gc,phases      ] GC(71)     Remembered Sets (ms):     Min:  0.0, Avg:  0.0, Max:  0.0, Diff:  0.0, Sum:  0.0, Workers: 8
[14.646s][debug][gc,phases      ] GC(71)       Merged Sparse:            Min: 0, Avg:  0.0, Max: 0, Diff: 0, Sum: 0, Workers: 8
[14.646s][debug][gc,phases      ] GC(71)       Merged Fine:              Min: 0, Avg:  0.0, Max: 0, Diff: 0, Sum: 0, Workers: 8
[14.646s][debug][gc,phases      ] GC(71)       Merged Coarse:            Min: 0, Avg:  0.0, Max: 0, Diff: 0, Sum: 0, Workers: 8
[14.646s][debug][gc,phases      ] GC(71)       Dirty Cards:              Min: 0, Avg:  0.0, Max: 0, Diff: 0, Sum: 0, Workers: 8
[14.646s][debug][gc,phases      ] GC(71)     Hot Card Cache (ms):      Min:  0.0, Avg:  0.0, Max:  0.0, Diff:  0.0, Sum:  0.0, Workers: 8
[14.646s][debug][gc,phases      ] GC(71)       Dirty Cards:              Min: 0, Avg:  0.0, Max: 0, Diff: 0, Sum: 0, Workers: 8
[14.646s][debug][gc,phases      ] GC(71)       Skipped Cards:            Min: 0, Avg:  0.0, Max: 0, Diff: 0, Sum: 0, Workers: 8
[14.646s][debug][gc,phases      ] GC(71)     Log Buffers (ms):         Min:  0.0, Avg:  0.0, Max:  0.0, Diff:  0.0, Sum:  0.0, Workers: 8
[14.646s][debug][gc,phases      ] GC(71)       Dirty Cards:              Min: 0, Avg:  0.1, Max: 1, Diff: 1, Sum: 1, Workers: 8
[14.646s][debug][gc,phases      ] GC(71)       Skipped Cards:            Min: 0, Avg:  0.0, Max: 0, Diff: 0, Sum: 0, Workers: 8
[14.646s][info ][gc,phases      ] GC(71)   Evacuate Collection Set: 0.2ms
[14.646s][debug][gc,phases      ] GC(71)     Ext Root Scanning (ms):   Min:  0.0, Avg:  0.0, Max:  0.1, Diff:  0.1, Sum:  0.4, Workers: 8
[14.646s][debug][gc,phases      ] GC(71)     Scan Heap Roots (ms):     Min:  0.0, Avg:  0.0, Max:  0.0, Diff:  0.0, Sum:  0.0, Workers: 8
[14.646s][debug][gc,phases      ] GC(71)       Scanned Cards:            Min: 0, Avg:  0.1, Max: 1, Diff: 1, Sum: 1, Workers: 8
[14.646s][debug][gc,phases      ] GC(71)       Scanned Blocks:           Min: 0, Avg:  0.1, Max: 1, Diff: 1, Sum: 1, Workers: 8
[14.646s][debug][gc,phases      ] GC(71)       Claimed Chunks:           Min: 0, Avg:  0.1, Max: 1, Diff: 1, Sum: 1, Workers: 8
[14.646s][debug][gc,phases      ] GC(71)     Code Root Scan (ms):      Min:  0.0, Avg:  0.0, Max:  0.0, Diff:  0.0, Sum:  0.0, Workers: 8
[14.646s][debug][gc,phases      ] GC(71)     Object Copy (ms):         Min:  0.0, Avg:  0.0, Max:  0.0, Diff:  0.0, Sum:  0.0, Workers: 8
[14.646s][debug][gc,phases      ] GC(71)     Termination (ms):         Min:  0.1, Avg:  0.1, Max:  0.1, Diff:  0.0, Sum:  0.6, Workers: 8
[14.646s][debug][gc,phases      ] GC(71)       Termination Attempts:     Min: 1, Avg:  1.0, Max: 1, Diff: 0, Sum: 8, Workers: 8
[14.646s][debug][gc,phases      ] GC(71)     GC Worker Other (ms):     Min:  0.0, Avg:  0.0, Max:  0.0, Diff:  0.0, Sum:  0.2, Workers: 8
[14.646s][debug][gc,phases      ] GC(71)     GC Worker Total (ms):     Min:  0.1, Avg:  0.2, Max:  0.2, Diff:  0.0, Sum:  1.2, Workers: 8
[14.646s][info ][gc,phases      ] GC(71)   Post Evacuate Collection Set: 0.3ms
[14.646s][debug][gc,phases      ] GC(71)     Code Roots Fixup: 0.0ms
[14.646s][debug][gc,phases      ] GC(71)     Clear Card Table: 0.1ms
[14.646s][debug][gc,phases      ] GC(71)     Reference Processing: 0.0ms
[14.646s][debug][gc,phases,ref  ] GC(71)       Reconsider SoftReferences: 0.0ms
[14.646s][debug][gc,phases,ref  ] GC(71)         SoftRef (ms):             skipped
[14.646s][debug][gc,phases,ref  ] GC(71)       Notify Soft/WeakReferences: 0.0ms
[14.646s][debug][gc,phases,ref  ] GC(71)         SoftRef (ms):             skipped
[14.646s][debug][gc,phases,ref  ] GC(71)         WeakRef (ms):             skipped
[14.646s][debug][gc,phases,ref  ] GC(71)         FinalRef (ms):            skipped
[14.646s][debug][gc,phases,ref  ] GC(71)         Total (ms):               skipped
[14.646s][debug][gc,phases,ref  ] GC(71)       Notify and keep alive finalizable: 0.0ms
[14.646s][debug][gc,phases,ref  ] GC(71)         FinalRef (ms):            skipped
[14.646s][debug][gc,phases,ref  ] GC(71)       Notify PhantomReferences: 0.0ms
[14.646s][debug][gc,phases,ref  ] GC(71)         PhantomRef (ms):          skipped
[14.646s][debug][gc,phases,ref  ] GC(71)       SoftReference:
[14.646s][debug][gc,phases,ref  ] GC(71)         Discovered: 0
[14.646s][debug][gc,phases,ref  ] GC(71)         Cleared: 0
[14.646s][debug][gc,phases,ref  ] GC(71)       WeakReference:
[14.646s][debug][gc,phases,ref  ] GC(71)         Discovered: 0
[14.646s][debug][gc,phases,ref  ] GC(71)         Cleared: 0
[14.646s][debug][gc,phases,ref  ] GC(71)       FinalReference:
[14.646s][debug][gc,phases,ref  ] GC(71)         Discovered: 0
[14.646s][debug][gc,phases,ref  ] GC(71)         Cleared: 0
[14.646s][debug][gc,phases,ref  ] GC(71)       PhantomReference:
[14.646s][debug][gc,phases,ref  ] GC(71)         Discovered: 0
[14.646s][debug][gc,phases,ref  ] GC(71)         Cleared: 0
[14.646s][debug][gc,phases      ] GC(71)     Weak Processing: 0.1ms
[14.646s][debug][gc,phases      ] GC(71)       JVMTI weak processing: 0.0ms
[14.646s][debug][gc,phases      ] GC(71)         Dead: 0
[14.646s][debug][gc,phases      ] GC(71)         Total: 0
[14.646s][debug][gc,phases      ] GC(71)       JFR weak processing: 0.0ms
[14.646s][debug][gc,phases      ] GC(71)         Dead: 0
[14.646s][debug][gc,phases      ] GC(71)         Total: 0
[14.646s][debug][gc,phases      ] GC(71)       JNI weak                  Min:  0.0, Avg:  0.0, Max:  0.0, Diff:  0.0, Sum:  0.0, Workers: 5
[14.646s][debug][gc,phases      ] GC(71)         Dead                      Min: 0, Avg:  0.0, Max: 0, Diff: 0, Sum: 0, Workers: 5
[14.646s][debug][gc,phases      ] GC(71)         Total                     Min: 0, Avg: 12.6, Max: 59, Diff: 59, Sum: 63, Workers: 5
[14.646s][debug][gc,phases      ] GC(71)       VM weak                   Min:  0.0, Avg:  0.0, Max:  0.0, Diff:  0.0, Sum:  0.0, Workers: 5
[14.646s][debug][gc,phases      ] GC(71)         Dead                      Min: 0, Avg:  0.0, Max: 0, Diff: 0, Sum: 0, Workers: 5
[14.646s][debug][gc,phases      ] GC(71)         Total                     Min: 0, Avg: 44.0, Max: 128, Diff: 128, Sum: 220, Workers: 5
[14.646s][debug][gc,phases      ] GC(71)       StringTable weak          Min:  0.0, Avg:  0.0, Max:  0.1, Diff:  0.1, Sum:  0.1, Workers: 5
[14.646s][debug][gc,phases      ] GC(71)         Dead                      Min: 0, Avg:  0.0, Max: 0, Diff: 0, Sum: 0, Workers: 5
[14.646s][debug][gc,phases      ] GC(71)         Total                     Min: 0, Avg: 718.4, Max: 1736, Diff: 1736, Sum: 3592, Workers: 5
[14.646s][debug][gc,phases      ] GC(71)       ResolvedMethodTable weak  Min:  0.0, Avg:  0.0, Max:  0.0, Diff:  0.0, Sum:  0.0, Workers: 5
[14.646s][debug][gc,phases      ] GC(71)         Dead                      Min: 0, Avg:  0.0, Max: 0, Diff: 0, Sum: 0, Workers: 5
[14.646s][debug][gc,phases      ] GC(71)         Total                     Min: 0, Avg: 116.6, Max: 199, Diff: 199, Sum: 583, Workers: 5
[14.646s][debug][gc,phases      ] GC(71)     Merge Per-Thread State: 0.0ms
[14.646s][debug][gc,phases      ] GC(71)       Copied Bytes              Min: 0, Avg: 50.0, Max: 128, Diff: 128, Sum: 400, Workers: 8
[14.646s][debug][gc,phases      ] GC(71)       LAB Waste                 Min: 0, Avg:  0.0, Max: 0, Diff: 0, Sum: 0, Workers: 8
[14.646s][debug][gc,phases      ] GC(71)       LAB Undo Waste            Min: 0, Avg:  0.0, Max: 0, Diff: 0, Sum: 0, Workers: 8
[14.646s][debug][gc,phases      ] GC(71)     Code Roots Purge: 0.0ms
[14.646s][debug][gc,phases      ] GC(71)     Redirty Cards: 0.0ms
[14.646s][debug][gc,phases      ] GC(71)     DerivedPointerTable Update: 0.0ms
[14.646s][debug][gc,phases      ] GC(71)     Free Collection Set: 0.1ms
[14.646s][debug][gc,phases      ] GC(71)     Rebuild Free List: 0.0ms
[14.646s][debug][gc,phases      ] GC(71)     Humongous Reclaim: 0.0ms
[14.646s][debug][gc,phases      ] GC(71)     Start New Collection Set: 0.0ms
[14.646s][debug][gc,phases      ] GC(71)     Resize TLABs: 0.0ms
[14.646s][debug][gc,phases      ] GC(71)     Expand Heap After Collection: 0.0ms
[14.646s][info ][gc,phases      ] GC(71)   Other: 0.3ms
[14.646s][info ][gc,heap        ] GC(71) Eden regions: 186->0(186)
[14.646s][info ][gc,heap        ] GC(71) Survivor regions: 1->1(24)
[14.646s][info ][gc,heap        ] GC(71) Old regions: 7->7
[14.646s][info ][gc,heap        ] GC(71) Archive regions: 2->2
[14.646s][info ][gc,heap        ] GC(71) Humongous regions: 0->0
[14.646s][info ][gc,metaspace   ] GC(71) Metaspace: 10391K(10880K)->10391K(10880K) NonClass: 9188K(9472K)->9188K(9472K) Class: 1202K(1408K)->1202K(1408K)
[14.646s][debug][gc,heap        ] GC(71) Heap after GC invocations=72 (full 1): garbage-first heap   total 319488K, used 4334K [0x0000000700000000, 0x0000000800000000)
[14.646s][debug][gc,heap        ] GC(71)   region size 1024K, 1 young (1024K), 1 survivors (1024K)
[14.646s][debug][gc,heap        ] GC(71)  Metaspace       used 10391K, capacity 10712K, committed 10880K, reserved 1058816K
[14.646s][debug][gc,heap        ] GC(71)   class space    used 1202K, capacity 1338K, committed 1408K, reserved 1048576K
[14.646s][info ][gc             ] GC(71) Pause Young (Normal) (G1 Evacuation Pause) 190M->4M(312M) 1.517ms
[14.646s][info ][gc,cpu         ] GC(71) User=0.00s Sys=0.00s Real=0.01s
[14.646s][info ][safepoint      ] Safepoint "G1CollectForAllocation", Time since last: 159290520 ns, Reaching safepoint: 158412 ns, At safepoint: 1699935 ns, Total: 1858347 ns
[14.796s][debug][gc,heap        ] GC(72) Heap before GC invocations=72 (full 1): garbage-first heap   total 319488K, used 194798K [0x0000000700000000, 0x0000000800000000)
[14.796s][debug][gc,heap        ] GC(72)   region size 1024K, 187 young (191488K), 1 survivors (1024K)
[14.796s][debug][gc,heap        ] GC(72)  Metaspace       used 10391K, capacity 10712K, committed 10880K, reserved 1058816K
[14.796s][debug][gc,heap        ] GC(72)   class space    used 1202K, capacity 1338K, committed 1408K, reserved 1048576K
[14.796s][info ][gc,start       ] GC(72) Pause Young (Normal) (G1 Evacuation Pause)
[14.796s][info ][gc,task        ] GC(72) Using 8 workers of 8 for evacuation
[14.796s][debug][gc,tlab        ] GC(72) TLAB totals: thrds: 8  refills: 748 max: 106 slow allocs: 0 max 0 waste:  1.2% gc: 1835256B max: 442616B slow: 433072B max: 61312B fast: 0B max: 0B
[14.796s][debug][gc,age         ] GC(72) Desired survivor size 12582912 bytes, new threshold 15 (max threshold 15)
[14.796s][debug][gc,alloc,region] GC(72) Mutator Allocation stats, regions: 186, wasted size: 0B ( 0.0%)
[14.796s][debug][gc,ergo        ] GC(72) Running G1 Merge Heap Roots using 8 workers for 187 regions
[14.797s][debug][gc,remset      ] GC(72) Visited cards 256 Total dirty 2048 (12.50%) Total old 784384 (0.03%)
[14.797s][debug][gc,ergo        ] GC(72) Running G1 Clear Card Table Task using 1 workers for 1 units of work for 188 regions.
[14.797s][debug][gc,ref         ] GC(72) Skipped phase1 of Reference Processing due to unavailable references
[14.797s][debug][gc,ref         ] GC(72) Skipped phase2 of Reference Processing due to unavailable references
[14.797s][debug][gc,ref         ] GC(72) Skipped phase3 of Reference Processing due to unavailable references
[14.797s][debug][gc,ref         ] GC(72) Skipped phase4 of Reference Processing due to unavailable references
[14.797s][debug][gc,ergo        ] GC(72) Running G1 Free Collection Set using 8 workers for collection set length 187 (312)
[14.797s][debug][gc,ergo        ] GC(72) Running G1 Rebuild Free List Task using 8 workers for rebuilding free list of 0 (4096) regions
[14.797s][trace][gc,age         ] GC(72) Age table with threshold 15 (max threshold 15)
[14.797s][trace][gc,age         ] GC(72) - age   1:        680 bytes,        680 total
[14.797s][debug][gc,plab        ] GC(72) Young PLAB allocation: allocated: 12384B, wasted: 0B, unused: 11704B, used: 680B, undo waste: 0B, 
[14.797s][debug][gc,plab        ] GC(72) Young other allocation: region end waste: 0B, regions filled: 1, direct allocated: 0B, failure used: 0B, failure wasted: 0B
[14.797s][debug][gc,plab        ] GC(72) Young sizing: calculated: 136B, actual: 2064B
[14.797s][debug][gc,plab        ] GC(72) Old PLAB allocation: allocated: 0B, wasted: 0B, unused: 0B, used: 0B, undo waste: 0B, 
[14.797s][debug][gc,plab        ] GC(72) Old other allocation: region end waste: 0B, regions filled: 1, direct allocated: 0B, failure used: 0B, failure wasted: 0B
[14.797s][debug][gc,plab        ] GC(72) Old sizing: calculated: 0B, actual: 2064B
[14.797s][debug][gc,ihop        ] GC(72) Basic information (value update), threshold: 147220070B (45.00), target occupancy: 327155712B, current occupancy: 4440744B, recent allocation size: 0B, recent allocation duration: 150.74ms, recent old gen allocation rate: 0.00B/s, recent marking phase length: 0.00ms
[14.797s][debug][gc,ihop        ] GC(72) Adaptive IHOP information (value update), threshold: 147220070B (47.37), internal target occupancy: 310797926B, occupancy: 4440744B, additional buffer size: 196083712B, predicted old gen allocation rate: 19629.78B/s, predicted marking phase length: 0.00ms, prediction active: false
[14.797s][debug][gc,ergo,refine ] GC(72) Concurrent refinement times: Logged Cards Scan time goal: 20.00ms Logged Cards Scan time: 0.00ms HCC time: 0.00ms
[14.797s][debug][gc,ergo,refine ] GC(72) Updated Refinement Zones: green: 2048, yellow: 6144, red: 10240
[14.797s][info ][gc,phases      ] GC(72)   Pre Evacuate Collection Set: 0.1ms
[14.797s][debug][gc,phases      ] GC(72)     Prepare TLABs: 0.0ms
[14.797s][debug][gc,phases      ] GC(72)     Choose Collection Set: 0.0ms
[14.797s][debug][gc,phases      ] GC(72)     Region Register: 0.1ms
[14.797s][debug][gc,phases      ] GC(72)     Prepare Heap Roots: 0.0ms
[14.797s][info ][gc,phases      ] GC(72)   Merge Heap Roots: 0.1ms
[14.797s][debug][gc,phases      ] GC(72)     Prepare Merge Heap Roots: 0.0ms
[14.797s][debug][gc,phases      ] GC(72)     Eager Reclaim (ms):       skipped
[14.797s][debug][gc,phases      ] GC(72)     Remembered Sets (ms):     Min:  0.0, Avg:  0.0, Max:  0.0, Diff:  0.0, Sum:  0.0, Workers: 8
[14.797s][debug][gc,phases      ] GC(72)       Merged Sparse:            Min: 0, Avg:  0.0, Max: 0, Diff: 0, Sum: 0, Workers: 8
[14.797s][debug][gc,phases      ] GC(72)       Merged Fine:              Min: 0, Avg:  0.0, Max: 0, Diff: 0, Sum: 0, Workers: 8
[14.797s][debug][gc,phases      ] GC(72)       Merged Coarse:            Min: 0, Avg:  0.0, Max: 0, Diff: 0, Sum: 0, Workers: 8
[14.797s][debug][gc,phases      ] GC(72)       Dirty Cards:              Min: 0, Avg:  0.0, Max: 0, Diff: 0, Sum: 0, Workers: 8
[14.797s][debug][gc,phases      ] GC(72)     Hot Card Cache (ms):      Min:  0.0, Avg:  0.0, Max:  0.0, Diff:  0.0, Sum:  0.0, Workers: 8
[14.797s][debug][gc,phases      ] GC(72)       Dirty Cards:              Min: 0, Avg:  0.0, Max: 0, Diff: 0, Sum: 0, Workers: 8
[14.797s][debug][gc,phases      ] GC(72)       Skipped Cards:            Min: 0, Avg:  0.0, Max: 0, Diff: 0, Sum: 0, Workers: 8
[14.797s][debug][gc,phases      ] GC(72)     Log Buffers (ms):         Min:  0.0, Avg:  0.0, Max:  0.0, Diff:  0.0, Sum:  0.0, Workers: 8
[14.797s][debug][gc,phases      ] GC(72)       Dirty Cards:              Min: 0, Avg:  0.1, Max: 1, Diff: 1, Sum: 1, Workers: 8
[14.797s][debug][gc,phases      ] GC(72)       Skipped Cards:            Min: 0, Avg:  0.0, Max: 0, Diff: 0, Sum: 0, Workers: 8
[14.797s][info ][gc,phases      ] GC(72)   Evacuate Collection Set: 0.2ms
[14.797s][debug][gc,phases      ] GC(72)     Ext Root Scanning (ms):   Min:  0.0, Avg:  0.0, Max:  0.1, Diff:  0.0, Sum:  0.2, Workers: 8
[14.797s][debug][gc,phases      ] GC(72)     Scan Heap Roots (ms):     Min:  0.0, Avg:  0.0, Max:  0.0, Diff:  0.0, Sum:  0.0, Workers: 8
[14.797s][debug][gc,phases      ] GC(72)       Scanned Cards:            Min: 0, Avg:  0.1, Max: 1, Diff: 1, Sum: 1, Workers: 8
[14.797s][debug][gc,phases      ] GC(72)       Scanned Blocks:           Min: 0, Avg:  0.1, Max: 1, Diff: 1, Sum: 1, Workers: 8
[14.797s][debug][gc,phases      ] GC(72)       Claimed Chunks:           Min: 0, Avg:  0.1, Max: 1, Diff: 1, Sum: 1, Workers: 8
[14.797s][debug][gc,phases      ] GC(72)     Code Root Scan (ms):      Min:  0.0, Avg:  0.0, Max:  0.0, Diff:  0.0, Sum:  0.0, Workers: 8
[14.797s][debug][gc,phases      ] GC(72)     Object Copy (ms):         Min:  0.0, Avg:  0.0, Max:  0.0, Diff:  0.0, Sum:  0.0, Workers: 8
[14.797s][debug][gc,phases      ] GC(72)     Termination (ms):         Min:  0.0, Avg:  0.1, Max:  0.1, Diff:  0.0, Sum:  0.4, Workers: 8
[14.797s][debug][gc,phases      ] GC(72)       Termination Attempts:     Min: 1, Avg:  1.0, Max: 1, Diff: 0, Sum: 8, Workers: 8
[14.797s][debug][gc,phases      ] GC(72)     GC Worker Other (ms):     Min:  0.0, Avg:  0.0, Max:  0.0, Diff:  0.0, Sum:  0.1, Workers: 8
[14.797s][debug][gc,phases      ] GC(72)     GC Worker Total (ms):     Min:  0.1, Avg:  0.1, Max:  0.1, Diff:  0.0, Sum:  0.8, Workers: 8
[14.797s][info ][gc,phases      ] GC(72)   Post Evacuate Collection Set: 0.3ms
[14.797s][debug][gc,phases      ] GC(72)     Code Roots Fixup: 0.0ms
[14.797s][debug][gc,phases      ] GC(72)     Clear Card Table: 0.1ms
[14.797s][debug][gc,phases      ] GC(72)     Reference Processing: 0.0ms
[14.797s][debug][gc,phases,ref  ] GC(72)       Reconsider SoftReferences: 0.0ms
[14.797s][debug][gc,phases,ref  ] GC(72)         SoftRef (ms):             skipped
[14.797s][debug][gc,phases,ref  ] GC(72)       Notify Soft/WeakReferences: 0.0ms
[14.797s][debug][gc,phases,ref  ] GC(72)         SoftRef (ms):             skipped
[14.797s][debug][gc,phases,ref  ] GC(72)         WeakRef (ms):             skipped
[14.797s][debug][gc,phases,ref  ] GC(72)         FinalRef (ms):            skipped
[14.797s][debug][gc,phases,ref  ] GC(72)         Total (ms):               skipped
[14.797s][debug][gc,phases,ref  ] GC(72)       Notify and keep alive finalizable: 0.0ms
[14.797s][debug][gc,phases,ref  ] GC(72)         FinalRef (ms):            skipped
[14.797s][debug][gc,phases,ref  ] GC(72)       Notify PhantomReferences: 0.0ms
[14.797s][debug][gc,phases,ref  ] GC(72)         PhantomRef (ms):          skipped
[14.797s][debug][gc,phases,ref  ] GC(72)       SoftReference:
[14.797s][debug][gc,phases,ref  ] GC(72)         Discovered: 0
[14.797s][debug][gc,phases,ref  ] GC(72)         Cleared: 0
[14.797s][debug][gc,phases,ref  ] GC(72)       WeakReference:
[14.797s][debug][gc,phases,ref  ] GC(72)         Discovered: 0
[14.797s][debug][gc,phases,ref  ] GC(72)         Cleared: 0
[14.797s][debug][gc,phases,ref  ] GC(72)       FinalReference:
[14.797s][debug][gc,phases,ref  ] GC(72)         Discovered: 0
[14.797s][debug][gc,phases,ref  ] GC(72)         Cleared: 0
[14.797s][debug][gc,phases,ref  ] GC(72)       PhantomReference:
[14.797s][debug][gc,phases,ref  ] GC(72)         Discovered: 0
[14.797s][debug][gc,phases,ref  ] GC(72)         Cleared: 0
[14.797s][debug][gc,phases      ] GC(72)     Weak Processing: 0.0ms
[14.797s][debug][gc,phases      ] GC(72)       JVMTI weak processing: 0.0ms
[14.797s][debug][gc,phases      ] GC(72)         Dead: 0
[14.797s][debug][gc,phases      ] GC(72)         Total: 0
[14.797s][debug][gc,phases      ] GC(72)       JFR weak processing: 0.0ms
[14.797s][debug][gc,phases      ] GC(72)         Dead: 0
[14.797s][debug][gc,phases      ] GC(72)         Total: 0
[14.797s][debug][gc,phases      ] GC(72)       JNI weak                  Min:  0.0, Avg:  0.0, Max:  0.0, Diff:  0.0, Sum:  0.0, Workers: 5
[14.797s][debug][gc,phases      ] GC(72)         Dead                      Min: 0, Avg:  0.0, Max: 0, Diff: 0, Sum: 0, Workers: 5
[14.797s][debug][gc,phases      ] GC(72)         Total                     Min: 0, Avg: 12.6, Max: 59, Diff: 59, Sum: 63, Workers: 5
[14.797s][debug][gc,phases      ] GC(72)       VM weak                   Min:  0.0, Avg:  0.0, Max:  0.0, Diff:  0.0, Sum:  0.0, Workers: 5
[14.797s][debug][gc,phases      ] GC(72)         Dead                      Min: 0, Avg:  0.0, Max: 0, Diff: 0, Sum: 0, Workers: 5
[14.797s][debug][gc,phases      ] GC(72)         Total                     Min: 0, Avg: 44.0, Max: 128, Diff: 128, Sum: 220, Workers: 5
[14.798s][debug][gc,phases      ] GC(72)       StringTable weak          Min:  0.0, Avg:  0.0, Max:  0.0, Diff:  0.0, Sum:  0.1, Workers: 5
[14.798s][debug][gc,phases      ] GC(72)         Dead                      Min: 0, Avg:  0.0, Max: 0, Diff: 0, Sum: 0, Workers: 5
[14.798s][debug][gc,phases      ] GC(72)         Total                     Min: 0, Avg: 718.4, Max: 904, Diff: 904, Sum: 3592, Workers: 5
[14.798s][debug][gc,phases      ] GC(72)       ResolvedMethodTable weak  Min:  0.0, Avg:  0.0, Max:  0.0, Diff:  0.0, Sum:  0.0, Workers: 5
[14.798s][debug][gc,phases      ] GC(72)         Dead                      Min: 0, Avg:  0.0, Max: 0, Diff: 0, Sum: 0, Workers: 5
[14.798s][debug][gc,phases      ] GC(72)         Total                     Min: 0, Avg: 116.6, Max: 192, Diff: 192, Sum: 583, Workers: 5
[14.798s][debug][gc,phases      ] GC(72)     Merge Per-Thread State: 0.0ms
[14.798s][debug][gc,phases      ] GC(72)       Copied Bytes              Min: 0, Avg: 85.0, Max: 200, Diff: 200, Sum: 680, Workers: 8
[14.798s][debug][gc,phases      ] GC(72)       LAB Waste                 Min: 0, Avg:  0.0, Max: 0, Diff: 0, Sum: 0, Workers: 8
[14.798s][debug][gc,phases      ] GC(72)       LAB Undo Waste            Min: 0, Avg:  0.0, Max: 0, Diff: 0, Sum: 0, Workers: 8
[14.798s][debug][gc,phases      ] GC(72)     Code Roots Purge: 0.0ms
[14.798s][debug][gc,phases      ] GC(72)     Redirty Cards: 0.0ms
[14.798s][debug][gc,phases      ] GC(72)     DerivedPointerTable Update: 0.0ms
[14.798s][debug][gc,phases      ] GC(72)     Free Collection Set: 0.1ms
[14.798s][debug][gc,phases      ] GC(72)     Rebuild Free List: 0.0ms
[14.798s][debug][gc,phases      ] GC(72)     Humongous Reclaim: 0.0ms
[14.798s][debug][gc,phases      ] GC(72)     Start New Collection Set: 0.0ms
[14.798s][debug][gc,phases      ] GC(72)     Resize TLABs: 0.0ms
[14.798s][debug][gc,phases      ] GC(72)     Expand Heap After Collection: 0.0ms
[14.798s][info ][gc,phases      ] GC(72)   Other: 0.2ms
[14.798s][info ][gc,heap        ] GC(72) Eden regions: 186->0(186)
[14.798s][info ][gc,heap        ] GC(72) Survivor regions: 1->1(24)
[14.798s][info ][gc,heap        ] GC(72) Old regions: 7->7
[14.798s][info ][gc,heap        ] GC(72) Archive regions: 2->2
[14.798s][info ][gc,heap        ] GC(72) Humongous regions: 0->0
[14.798s][info ][gc,metaspace   ] GC(72) Metaspace: 10391K(10880K)->10391K(10880K) NonClass: 9188K(9472K)->9188K(9472K) Class: 1202K(1408K)->1202K(1408K)
[14.798s][debug][gc,heap        ] GC(72) Heap after GC invocations=73 (full 1): garbage-first heap   total 319488K, used 4336K [0x0000000700000000, 0x0000000800000000)
[14.798s][debug][gc,heap        ] GC(72)   region size 1024K, 1 young (1024K), 1 survivors (1024K)
[14.798s][debug][gc,heap        ] GC(72)  Metaspace       used 10391K, capacity 10712K, committed 10880K, reserved 1058816K
[14.798s][debug][gc,heap        ] GC(72)   class space    used 1202K, capacity 1338K, committed 1408K, reserved 1048576K
[14.798s][info ][gc             ] GC(72) Pause Young (Normal) (G1 Evacuation Pause) 190M->4M(312M) 1.455ms
[14.798s][info ][gc,cpu         ] GC(72) User=0.00s Sys=0.00s Real=0.00s
[14.798s][info ][safepoint      ] Safepoint "G1CollectForAllocation", Time since last: 149723115 ns, Reaching safepoint: 181486 ns, At safepoint: 1616825 ns, Total: 1798311 ns
[14.928s][debug][gc,heap        ] GC(73) Heap before GC invocations=73 (full 1): garbage-first heap   total 319488K, used 194800K [0x0000000700000000, 0x0000000800000000)
[14.928s][debug][gc,heap        ] GC(73)   region size 1024K, 187 young (191488K), 1 survivors (1024K)
[14.928s][debug][gc,heap        ] GC(73)  Metaspace       used 10391K, capacity 10712K, committed 10880K, reserved 1058816K
[14.928s][debug][gc,heap        ] GC(73)   class space    used 1202K, capacity 1338K, committed 1408K, reserved 1048576K
[14.928s][info ][gc,start       ] GC(73) Pause Young (Normal) (G1 Evacuation Pause)
[14.928s][info ][gc,task        ] GC(73) Using 8 workers of 8 for evacuation
[14.928s][debug][gc,tlab        ] GC(73) TLAB totals: thrds: 8  refills: 746 max: 114 slow allocs: 0 max 0 waste:  1.0% gc: 1473216B max: 438624B slow: 431192B max: 65992B fast: 0B max: 0B
[14.928s][debug][gc,age         ] GC(73) Desired survivor size 12582912 bytes, new threshold 15 (max threshold 15)
[14.928s][debug][gc,alloc,region] GC(73) Mutator Allocation stats, regions: 186, wasted size: 0B ( 0.0%)
[14.928s][debug][gc,ergo        ] GC(73) Running G1 Merge Heap Roots using 8 workers for 187 regions
[14.928s][debug][gc,remset      ] GC(73) Visited cards 256 Total dirty 2048 (12.50%) Total old 784384 (0.03%)
[14.928s][debug][gc,ergo        ] GC(73) Running G1 Clear Card Table Task using 1 workers for 1 units of work for 188 regions.
[14.928s][debug][gc,ref         ] GC(73) Skipped phase1 of Reference Processing due to unavailable references
[14.928s][debug][gc,ref         ] GC(73) Skipped phase2 of Reference Processing due to unavailable references
[14.928s][debug][gc,ref         ] GC(73) Skipped phase3 of Reference Processing due to unavailable references
[14.928s][debug][gc,ref         ] GC(73) Skipped phase4 of Reference Processing due to unavailable references
[14.928s][debug][gc,ergo        ] GC(73) Running G1 Free Collection Set using 8 workers for collection set length 187 (312)
[14.928s][debug][gc,ergo        ] GC(73) Running G1 Rebuild Free List Task using 8 workers for rebuilding free list of 0 (4096) regions
[14.929s][trace][gc,age         ] GC(73) Age table with threshold 15 (max threshold 15)
[14.929s][trace][gc,age         ] GC(73) - age   1:        368 bytes,        368 total
[14.929s][debug][gc,plab        ] GC(73) Young PLAB allocation: allocated: 8256B, wasted: 0B, unused: 7888B, used: 368B, undo waste: 0B, 
[14.929s][debug][gc,plab        ] GC(73) Young other allocation: region end waste: 0B, regions filled: 1, direct allocated: 0B, failure used: 0B, failure wasted: 0B
[14.929s][debug][gc,plab        ] GC(73) Young sizing: calculated: 72B, actual: 2064B
[14.929s][debug][gc,plab        ] GC(73) Old PLAB allocation: allocated: 0B, wasted: 0B, unused: 0B, used: 0B, undo waste: 0B, 
[14.929s][debug][gc,plab        ] GC(73) Old other allocation: region end waste: 0B, regions filled: 1, direct allocated: 0B, failure used: 0B, failure wasted: 0B
[14.929s][debug][gc,plab        ] GC(73) Old sizing: calculated: 0B, actual: 2064B
[14.929s][debug][gc,ihop        ] GC(73) Basic information (value update), threshold: 147220070B (45.00), target occupancy: 327155712B, current occupancy: 4436616B, recent allocation size: 0B, recent allocation duration: 130.68ms, recent old gen allocation rate: 0.00B/s, recent marking phase length: 0.00ms
[14.929s][debug][gc,ihop        ] GC(73) Adaptive IHOP information (value update), threshold: 147220070B (47.37), internal target occupancy: 310797926B, occupancy: 4436616B, additional buffer size: 196083712B, predicted old gen allocation rate: 19002.85B/s, predicted marking phase length: 0.00ms, prediction active: false
[14.929s][debug][gc,ergo,refine ] GC(73) Concurrent refinement times: Logged Cards Scan time goal: 20.00ms Logged Cards Scan time: 0.00ms HCC time: 0.00ms
[14.929s][debug][gc,ergo,refine ] GC(73) Updated Refinement Zones: green: 2048, yellow: 6144, red: 10240
[14.929s][info ][gc,phases      ] GC(73)   Pre Evacuate Collection Set: 0.1ms
[14.929s][debug][gc,phases      ] GC(73)     Prepare TLABs: 0.0ms
[14.929s][debug][gc,phases      ] GC(73)     Choose Collection Set: 0.0ms
[14.929s][debug][gc,phases      ] GC(73)     Region Register: 0.1ms
[14.929s][debug][gc,phases      ] GC(73)     Prepare Heap Roots: 0.0ms
[14.929s][info ][gc,phases      ] GC(73)   Merge Heap Roots: 0.1ms
[14.929s][debug][gc,phases      ] GC(73)     Prepare Merge Heap Roots: 0.0ms
[14.929s][debug][gc,phases      ] GC(73)     Eager Reclaim (ms):       skipped
[14.929s][debug][gc,phases      ] GC(73)     Remembered Sets (ms):     Min:  0.0, Avg:  0.0, Max:  0.0, Diff:  0.0, Sum:  0.1, Workers: 8
[14.929s][debug][gc,phases      ] GC(73)       Merged Sparse:            Min: 0, Avg:  0.0, Max: 0, Diff: 0, Sum: 0, Workers: 8
[14.929s][debug][gc,phases      ] GC(73)       Merged Fine:              Min: 0, Avg:  0.0, Max: 0, Diff: 0, Sum: 0, Workers: 8
[14.929s][debug][gc,phases      ] GC(73)       Merged Coarse:            Min: 0, Avg:  0.0, Max: 0, Diff: 0, Sum: 0, Workers: 8
[14.929s][debug][gc,phases      ] GC(73)       Dirty Cards:              Min: 0, Avg:  0.0, Max: 0, Diff: 0, Sum: 0, Workers: 8
[14.929s][debug][gc,phases      ] GC(73)     Hot Card Cache (ms):      Min:  0.0, Avg:  0.0, Max:  0.0, Diff:  0.0, Sum:  0.0, Workers: 8
[14.929s][debug][gc,phases      ] GC(73)       Dirty Cards:              Min: 0, Avg:  0.0, Max: 0, Diff: 0, Sum: 0, Workers: 8
[14.929s][debug][gc,phases      ] GC(73)       Skipped Cards:            Min: 0, Avg:  0.0, Max: 0, Diff: 0, Sum: 0, Workers: 8
[14.929s][debug][gc,phases      ] GC(73)     Log Buffers (ms):         Min:  0.0, Avg:  0.0, Max:  0.0, Diff:  0.0, Sum:  0.0, Workers: 8
[14.929s][debug][gc,phases      ] GC(73)       Dirty Cards:              Min: 0, Avg:  0.1, Max: 1, Diff: 1, Sum: 1, Workers: 8
[14.929s][debug][gc,phases      ] GC(73)       Skipped Cards:            Min: 0, Avg:  0.0, Max: 0, Diff: 0, Sum: 0, Workers: 8
[14.929s][info ][gc,phases      ] GC(73)   Evacuate Collection Set: 0.1ms
[14.929s][debug][gc,phases      ] GC(73)     Ext Root Scanning (ms):   Min:  0.0, Avg:  0.0, Max:  0.1, Diff:  0.0, Sum:  0.2, Workers: 8
[14.929s][debug][gc,phases      ] GC(73)     Scan Heap Roots (ms):     Min:  0.0, Avg:  0.0, Max:  0.0, Diff:  0.0, Sum:  0.0, Workers: 8
[14.929s][debug][gc,phases      ] GC(73)       Scanned Cards:            Min: 0, Avg:  0.1, Max: 1, Diff: 1, Sum: 1, Workers: 8
[14.929s][debug][gc,phases      ] GC(73)       Scanned Blocks:           Min: 0, Avg:  0.1, Max: 1, Diff: 1, Sum: 1, Workers: 8
[14.929s][debug][gc,phases      ] GC(73)       Claimed Chunks:           Min: 0, Avg:  0.1, Max: 1, Diff: 1, Sum: 1, Workers: 8
[14.929s][debug][gc,phases      ] GC(73)     Code Root Scan (ms):      Min:  0.0, Avg:  0.0, Max:  0.0, Diff:  0.0, Sum:  0.0, Workers: 8
[14.929s][debug][gc,phases      ] GC(73)     Object Copy (ms):         Min:  0.0, Avg:  0.0, Max:  0.0, Diff:  0.0, Sum:  0.0, Workers: 8
[14.929s][debug][gc,phases      ] GC(73)     Termination (ms):         Min:  0.0, Avg:  0.1, Max:  0.1, Diff:  0.0, Sum:  0.4, Workers: 8
[14.929s][debug][gc,phases      ] GC(73)       Termination Attempts:     Min: 1, Avg:  1.0, Max: 1, Diff: 0, Sum: 8, Workers: 8
[14.929s][debug][gc,phases      ] GC(73)     GC Worker Other (ms):     Min:  0.0, Avg:  0.0, Max:  0.0, Diff:  0.0, Sum:  0.1, Workers: 8
[14.929s][debug][gc,phases      ] GC(73)     GC Worker Total (ms):     Min:  0.1, Avg:  0.1, Max:  0.1, Diff:  0.1, Sum:  0.8, Workers: 8
[14.929s][info ][gc,phases      ] GC(73)   Post Evacuate Collection Set: 0.4ms
[14.929s][debug][gc,phases      ] GC(73)     Code Roots Fixup: 0.0ms
[14.929s][debug][gc,phases      ] GC(73)     Clear Card Table: 0.1ms
[14.929s][debug][gc,phases      ] GC(73)     Reference Processing: 0.0ms
[14.929s][debug][gc,phases,ref  ] GC(73)       Reconsider SoftReferences: 0.0ms
[14.929s][debug][gc,phases,ref  ] GC(73)         SoftRef (ms):             skipped
[14.929s][debug][gc,phases,ref  ] GC(73)       Notify Soft/WeakReferences: 0.0ms
[14.929s][debug][gc,phases,ref  ] GC(73)         SoftRef (ms):             skipped
[14.929s][debug][gc,phases,ref  ] GC(73)         WeakRef (ms):             skipped
[14.929s][debug][gc,phases,ref  ] GC(73)         FinalRef (ms):            skipped
[14.929s][debug][gc,phases,ref  ] GC(73)         Total (ms):               skipped
[14.929s][debug][gc,phases,ref  ] GC(73)       Notify and keep alive finalizable: 0.0ms
[14.929s][debug][gc,phases,ref  ] GC(73)         FinalRef (ms):            skipped
[14.929s][debug][gc,phases,ref  ] GC(73)       Notify PhantomReferences: 0.0ms
[14.929s][debug][gc,phases,ref  ] GC(73)         PhantomRef (ms):          skipped
[14.929s][debug][gc,phases,ref  ] GC(73)       SoftReference:
[14.929s][debug][gc,phases,ref  ] GC(73)         Discovered: 0
[14.929s][debug][gc,phases,ref  ] GC(73)         Cleared: 0
[14.929s][debug][gc,phases,ref  ] GC(73)       WeakReference:
[14.929s][debug][gc,phases,ref  ] GC(73)         Discovered: 0
[14.929s][debug][gc,phases,ref  ] GC(73)         Cleared: 0
[14.929s][debug][gc,phases,ref  ] GC(73)       FinalReference:
[14.929s][debug][gc,phases,ref  ] GC(73)         Discovered: 0
[14.929s][debug][gc,phases,ref  ] GC(73)         Cleared: 0
[14.929s][debug][gc,phases,ref  ] GC(73)       PhantomReference:
[14.929s][debug][gc,phases,ref  ] GC(73)         Discovered: 0
[14.929s][debug][gc,phases,ref  ] GC(73)         Cleared: 0
[14.929s][debug][gc,phases      ] GC(73)     Weak Processing: 0.1ms
[14.929s][debug][gc,phases      ] GC(73)       JVMTI weak processing: 0.0ms
[14.929s][debug][gc,phases      ] GC(73)         Dead: 0
[14.929s][debug][gc,phases      ] GC(73)         Total: 0
[14.929s][debug][gc,phases      ] GC(73)       JFR weak processing: 0.0ms
[14.929s][debug][gc,phases      ] GC(73)         Dead: 0
[14.929s][debug][gc,phases      ] GC(73)         Total: 0
[14.929s][debug][gc,phases      ] GC(73)       JNI weak                  Min:  0.0, Avg:  0.0, Max:  0.0, Diff:  0.0, Sum:  0.0, Workers: 5
[14.929s][debug][gc,phases      ] GC(73)         Dead                      Min: 0, Avg:  0.0, Max: 0, Diff: 0, Sum: 0, Workers: 5
[14.929s][debug][gc,phases      ] GC(73)         Total                     Min: 0, Avg: 12.6, Max: 59, Diff: 59, Sum: 63, Workers: 5
[14.929s][debug][gc,phases      ] GC(73)       VM weak                   Min:  0.0, Avg:  0.0, Max:  0.0, Diff:  0.0, Sum:  0.0, Workers: 5
[14.929s][debug][gc,phases      ] GC(73)         Dead                      Min: 0, Avg:  0.0, Max: 0, Diff: 0, Sum: 0, Workers: 5
[14.929s][debug][gc,phases      ] GC(73)         Total                     Min: 0, Avg: 44.0, Max: 128, Diff: 128, Sum: 220, Workers: 5
[14.929s][debug][gc,phases      ] GC(73)       StringTable weak          Min:  0.0, Avg:  0.0, Max:  0.0, Diff:  0.0, Sum:  0.1, Workers: 5
[14.929s][debug][gc,phases      ] GC(73)         Dead                      Min: 0, Avg:  0.0, Max: 0, Diff: 0, Sum: 0, Workers: 5
[14.929s][debug][gc,phases      ] GC(73)         Total                     Min: 448, Avg: 718.4, Max: 832, Diff: 384, Sum: 3592, Workers: 5
[14.929s][debug][gc,phases      ] GC(73)       ResolvedMethodTable weak  Min:  0.0, Avg:  0.0, Max:  0.0, Diff:  0.0, Sum:  0.0, Workers: 5
[14.929s][debug][gc,phases      ] GC(73)         Dead                      Min: 0, Avg:  0.0, Max: 0, Diff: 0, Sum: 0, Workers: 5
[14.929s][debug][gc,phases      ] GC(73)         Total                     Min: 0, Avg: 116.6, Max: 192, Diff: 192, Sum: 583, Workers: 5
[14.929s][debug][gc,phases      ] GC(73)     Merge Per-Thread State: 0.0ms
[14.929s][debug][gc,phases      ] GC(73)       Copied Bytes              Min: 0, Avg: 46.0, Max: 128, Diff: 128, Sum: 368, Workers: 8
[14.929s][debug][gc,phases      ] GC(73)       LAB Waste                 Min: 0, Avg:  0.0, Max: 0, Diff: 0, Sum: 0, Workers: 8
[14.929s][debug][gc,phases      ] GC(73)       LAB Undo Waste            Min: 0, Avg:  0.0, Max: 0, Diff: 0, Sum: 0, Workers: 8
[14.929s][debug][gc,phases      ] GC(73)     Code Roots Purge: 0.0ms
[14.929s][debug][gc,phases      ] GC(73)     Redirty Cards: 0.0ms
[14.929s][debug][gc,phases      ] GC(73)     DerivedPointerTable Update: 0.0ms
[14.929s][debug][gc,phases      ] GC(73)     Free Collection Set: 0.1ms
[14.929s][debug][gc,phases      ] GC(73)     Rebuild Free List: 0.1ms
[14.929s][debug][gc,phases      ] GC(73)     Humongous Reclaim: 0.0ms
[14.929s][debug][gc,phases      ] GC(73)     Start New Collection Set: 0.0ms
[14.929s][debug][gc,phases      ] GC(73)     Resize TLABs: 0.0ms
[14.929s][debug][gc,phases      ] GC(73)     Expand Heap After Collection: 0.0ms
[14.929s][info ][gc,phases      ] GC(73)   Other: 0.3ms
[14.929s][info ][gc,heap        ] GC(73) Eden regions: 186->0(186)
[14.929s][info ][gc,heap        ] GC(73) Survivor regions: 1->1(24)
[14.929s][info ][gc,heap        ] GC(73) Old regions: 7->7
[14.929s][info ][gc,heap        ] GC(73) Archive regions: 2->2
[14.929s][info ][gc,heap        ] GC(73) Humongous regions: 0->0
[14.929s][info ][gc,metaspace   ] GC(73) Metaspace: 10391K(10880K)->10391K(10880K) NonClass: 9188K(9472K)->9188K(9472K) Class: 1202K(1408K)->1202K(1408K)
[14.929s][debug][gc,heap        ] GC(73) Heap after GC invocations=74 (full 1): garbage-first heap   total 319488K, used 4332K [0x0000000700000000, 0x0000000800000000)
[14.929s][debug][gc,heap        ] GC(73)   region size 1024K, 1 young (1024K), 1 survivors (1024K)
[14.929s][debug][gc,heap        ] GC(73)  Metaspace       used 10391K, capacity 10712K, committed 10880K, reserved 1058816K
[14.929s][debug][gc,heap        ] GC(73)   class space    used 1202K, capacity 1338K, committed 1408K, reserved 1048576K
[14.929s][info ][gc             ] GC(73) Pause Young (Normal) (G1 Evacuation Pause) 190M->4M(312M) 1.571ms
[14.929s][info ][gc,cpu         ] GC(73) User=0.00s Sys=0.01s Real=0.00s
[14.929s][info ][safepoint      ] Safepoint "G1CollectForAllocation", Time since last: 129714187 ns, Reaching safepoint: 128815 ns, At safepoint: 1744336 ns, Total: 1873151 ns
[15.086s][debug][gc,heap        ] GC(74) Heap before GC invocations=74 (full 1): garbage-first heap   total 319488K, used 194796K [0x0000000700000000, 0x0000000800000000)
[15.086s][debug][gc,heap        ] GC(74)   region size 1024K, 187 young (191488K), 1 survivors (1024K)
[15.086s][debug][gc,heap        ] GC(74)  Metaspace       used 10391K, capacity 10712K, committed 10880K, reserved 1058816K
[15.086s][debug][gc,heap        ] GC(74)   class space    used 1202K, capacity 1338K, committed 1408K, reserved 1048576K
[15.086s][info ][gc,start       ] GC(74) Pause Young (Normal) (G1 Evacuation Pause)
[15.086s][info ][gc,task        ] GC(74) Using 8 workers of 8 for evacuation
[15.086s][debug][gc,tlab        ] GC(74) TLAB totals: thrds: 8  refills: 747 max: 118 slow allocs: 0 max 0 waste:  0.8% gc: 1192904B max: 346472B slow: 431632B max: 67744B fast: 0B max: 0B
[15.086s][debug][gc,age         ] GC(74) Desired survivor size 12582912 bytes, new threshold 15 (max threshold 15)
[15.086s][debug][gc,alloc,region] GC(74) Mutator Allocation stats, regions: 186, wasted size: 0B ( 0.0%)
[15.086s][debug][gc,ergo        ] GC(74) Running G1 Merge Heap Roots using 8 workers for 187 regions
[15.086s][debug][gc,remset      ] GC(74) Visited cards 256 Total dirty 2048 (12.50%) Total old 784384 (0.03%)
[15.086s][debug][gc,ergo        ] GC(74) Running G1 Clear Card Table Task using 1 workers for 1 units of work for 188 regions.
[15.086s][debug][gc,ref         ] GC(74) Skipped phase1 of Reference Processing due to unavailable references
[15.086s][debug][gc,ref         ] GC(74) Skipped phase2 of Reference Processing due to unavailable references
[15.086s][debug][gc,ref         ] GC(74) Skipped phase3 of Reference Processing due to unavailable references
[15.086s][debug][gc,ref         ] GC(74) Skipped phase4 of Reference Processing due to unavailable references
[15.087s][debug][gc,ergo        ] GC(74) Running G1 Free Collection Set using 8 workers for collection set length 187 (312)
[15.087s][debug][gc,ergo        ] GC(74) Running G1 Rebuild Free List Task using 8 workers for rebuilding free list of 0 (4096) regions
[15.087s][trace][gc,age         ] GC(74) Age table with threshold 15 (max threshold 15)
[15.087s][trace][gc,age         ] GC(74) - age   1:        688 bytes,        688 total
[15.087s][debug][gc,plab        ] GC(74) Young PLAB allocation: allocated: 14448B, wasted: 0B, unused: 13760B, used: 688B, undo waste: 0B, 
[15.087s][debug][gc,plab        ] GC(74) Young other allocation: region end waste: 0B, regions filled: 1, direct allocated: 0B, failure used: 0B, failure wasted: 0B
[15.087s][debug][gc,plab        ] GC(74) Young sizing: calculated: 136B, actual: 2064B
[15.087s][debug][gc,plab        ] GC(74) Old PLAB allocation: allocated: 0B, wasted: 0B, unused: 0B, used: 0B, undo waste: 0B, 
[15.087s][debug][gc,plab        ] GC(74) Old other allocation: region end waste: 0B, regions filled: 1, direct allocated: 0B, failure used: 0B, failure wasted: 0B
[15.087s][debug][gc,plab        ] GC(74) Old sizing: calculated: 0B, actual: 2064B
[15.087s][debug][gc,ihop        ] GC(74) Basic information (value update), threshold: 147220070B (45.00), target occupancy: 327155712B, current occupancy: 4442808B, recent allocation size: 0B, recent allocation duration: 157.46ms, recent old gen allocation rate: 0.00B/s, recent marking phase length: 0.00ms
[15.087s][debug][gc,ihop        ] GC(74) Adaptive IHOP information (value update), threshold: 147220070B (47.37), internal target occupancy: 310797926B, occupancy: 4442808B, additional buffer size: 196083712B, predicted old gen allocation rate: 18397.94B/s, predicted marking phase length: 0.00ms, prediction active: false
[15.087s][debug][gc,ergo,refine ] GC(74) Concurrent refinement times: Logged Cards Scan time goal: 20.00ms Logged Cards Scan time: 0.00ms HCC time: 0.00ms
[15.087s][debug][gc,ergo,refine ] GC(74) Updated Refinement Zones: green: 2048, yellow: 6144, red: 10240
[15.087s][info ][gc,phases      ] GC(74)   Pre Evacuate Collection Set: 0.1ms
[15.087s][debug][gc,phases      ] GC(74)     Prepare TLABs: 0.0ms
[15.087s][debug][gc,phases      ] GC(74)     Choose Collection Set: 0.0ms
[15.087s][debug][gc,phases      ] GC(74)     Region Register: 0.1ms
[15.087s][debug][gc,phases      ] GC(74)     Prepare Heap Roots: 0.0ms
[15.087s][info ][gc,phases      ] GC(74)   Merge Heap Roots: 0.1ms
[15.087s][debug][gc,phases      ] GC(74)     Prepare Merge Heap Roots: 0.0ms
[15.087s][debug][gc,phases      ] GC(74)     Eager Reclaim (ms):       skipped
[15.087s][debug][gc,phases      ] GC(74)     Remembered Sets (ms):     Min:  0.0, Avg:  0.0, Max:  0.0, Diff:  0.0, Sum:  0.1, Workers: 8
[15.087s][debug][gc,phases      ] GC(74)       Merged Sparse:            Min: 0, Avg:  0.0, Max: 0, Diff: 0, Sum: 0, Workers: 8
[15.087s][debug][gc,phases      ] GC(74)       Merged Fine:              Min: 0, Avg:  0.0, Max: 0, Diff: 0, Sum: 0, Workers: 8
[15.087s][debug][gc,phases      ] GC(74)       Merged Coarse:            Min: 0, Avg:  0.0, Max: 0, Diff: 0, Sum: 0, Workers: 8
[15.087s][debug][gc,phases      ] GC(74)       Dirty Cards:              Min: 0, Avg:  0.0, Max: 0, Diff: 0, Sum: 0, Workers: 8
[15.087s][debug][gc,phases      ] GC(74)     Hot Card Cache (ms):      Min:  0.0, Avg:  0.0, Max:  0.0, Diff:  0.0, Sum:  0.0, Workers: 8
[15.087s][debug][gc,phases      ] GC(74)       Dirty Cards:              Min: 0, Avg:  0.0, Max: 0, Diff: 0, Sum: 0, Workers: 8
[15.087s][debug][gc,phases      ] GC(74)       Skipped Cards:            Min: 0, Avg:  0.0, Max: 0, Diff: 0, Sum: 0, Workers: 8
[15.087s][debug][gc,phases      ] GC(74)     Log Buffers (ms):         Min:  0.0, Avg:  0.0, Max:  0.0, Diff:  0.0, Sum:  0.0, Workers: 8
[15.087s][debug][gc,phases      ] GC(74)       Dirty Cards:              Min: 0, Avg:  0.1, Max: 1, Diff: 1, Sum: 1, Workers: 8
[15.087s][debug][gc,phases      ] GC(74)       Skipped Cards:            Min: 0, Avg:  0.0, Max: 0, Diff: 0, Sum: 0, Workers: 8
[15.087s][info ][gc,phases      ] GC(74)   Evacuate Collection Set: 0.1ms
[15.087s][debug][gc,phases      ] GC(74)     Ext Root Scanning (ms):   Min:  0.0, Avg:  0.0, Max:  0.1, Diff:  0.0, Sum:  0.2, Workers: 8
[15.087s][debug][gc,phases      ] GC(74)     Scan Heap Roots (ms):     Min:  0.0, Avg:  0.0, Max:  0.0, Diff:  0.0, Sum:  0.0, Workers: 8
[15.087s][debug][gc,phases      ] GC(74)       Scanned Cards:            Min: 0, Avg:  0.1, Max: 1, Diff: 1, Sum: 1, Workers: 8
[15.087s][debug][gc,phases      ] GC(74)       Scanned Blocks:           Min: 0, Avg:  0.1, Max: 1, Diff: 1, Sum: 1, Workers: 8
[15.087s][debug][gc,phases      ] GC(74)       Claimed Chunks:           Min: 0, Avg:  0.1, Max: 1, Diff: 1, Sum: 1, Workers: 8
[15.087s][debug][gc,phases      ] GC(74)     Code Root Scan (ms):      Min:  0.0, Avg:  0.0, Max:  0.0, Diff:  0.0, Sum:  0.0, Workers: 8
[15.087s][debug][gc,phases      ] GC(74)     Object Copy (ms):         Min:  0.0, Avg:  0.0, Max:  0.0, Diff:  0.0, Sum:  0.0, Workers: 8
[15.087s][debug][gc,phases      ] GC(74)     Termination (ms):         Min:  0.0, Avg:  0.0, Max:  0.1, Diff:  0.0, Sum:  0.4, Workers: 8
[15.087s][debug][gc,phases      ] GC(74)       Termination Attempts:     Min: 1, Avg:  1.0, Max: 1, Diff: 0, Sum: 8, Workers: 8
[15.087s][debug][gc,phases      ] GC(74)     GC Worker Other (ms):     Min:  0.0, Avg:  0.0, Max:  0.0, Diff:  0.0, Sum:  0.1, Workers: 8
[15.087s][debug][gc,phases      ] GC(74)     GC Worker Total (ms):     Min:  0.1, Avg:  0.1, Max:  0.1, Diff:  0.1, Sum:  0.8, Workers: 8
[15.087s][info ][gc,phases      ] GC(74)   Post Evacuate Collection Set: 0.3ms
[15.087s][debug][gc,phases      ] GC(74)     Code Roots Fixup: 0.0ms
[15.087s][debug][gc,phases      ] GC(74)     Clear Card Table: 0.1ms
[15.087s][debug][gc,phases      ] GC(74)     Reference Processing: 0.0ms
[15.087s][debug][gc,phases,ref  ] GC(74)       Reconsider SoftReferences: 0.0ms
[15.087s][debug][gc,phases,ref  ] GC(74)         SoftRef (ms):             skipped
[15.087s][debug][gc,phases,ref  ] GC(74)       Notify Soft/WeakReferences: 0.0ms
[15.087s][debug][gc,phases,ref  ] GC(74)         SoftRef (ms):             skipped
[15.087s][debug][gc,phases,ref  ] GC(74)         WeakRef (ms):             skipped
[15.087s][debug][gc,phases,ref  ] GC(74)         FinalRef (ms):            skipped
[15.087s][debug][gc,phases,ref  ] GC(74)         Total (ms):               skipped
[15.087s][debug][gc,phases,ref  ] GC(74)       Notify and keep alive finalizable: 0.0ms
[15.087s][debug][gc,phases,ref  ] GC(74)         FinalRef (ms):            skipped
[15.087s][debug][gc,phases,ref  ] GC(74)       Notify PhantomReferences: 0.0ms
[15.087s][debug][gc,phases,ref  ] GC(74)         PhantomRef (ms):          skipped
[15.087s][debug][gc,phases,ref  ] GC(74)       SoftReference:
[15.087s][debug][gc,phases,ref  ] GC(74)         Discovered: 0
[15.087s][debug][gc,phases,ref  ] GC(74)         Cleared: 0
[15.087s][debug][gc,phases,ref  ] GC(74)       WeakReference:
[15.087s][debug][gc,phases,ref  ] GC(74)         Discovered: 0
[15.087s][debug][gc,phases,ref  ] GC(74)         Cleared: 0
[15.087s][debug][gc,phases,ref  ] GC(74)       FinalReference:
[15.087s][debug][gc,phases,ref  ] GC(74)         Discovered: 0
[15.087s][debug][gc,phases,ref  ] GC(74)         Cleared: 0
[15.087s][debug][gc,phases,ref  ] GC(74)       PhantomReference:
[15.087s][debug][gc,phases,ref  ] GC(74)         Discovered: 0
[15.087s][debug][gc,phases,ref  ] GC(74)         Cleared: 0
[15.087s][debug][gc,phases      ] GC(74)     Weak Processing: 0.0ms
[15.087s][debug][gc,phases      ] GC(74)       JVMTI weak processing: 0.0ms
[15.087s][debug][gc,phases      ] GC(74)         Dead: 0
[15.087s][debug][gc,phases      ] GC(74)         Total: 0
[15.087s][debug][gc,phases      ] GC(74)       JFR weak processing: 0.0ms
[15.087s][debug][gc,phases      ] GC(74)         Dead: 0
[15.087s][debug][gc,phases      ] GC(74)         Total: 0
[15.087s][debug][gc,phases      ] GC(74)       JNI weak                  Min:  0.0, Avg:  0.0, Max:  0.0, Diff:  0.0, Sum:  0.0, Workers: 5
[15.087s][debug][gc,phases      ] GC(74)         Dead                      Min: 0, Avg:  0.0, Max: 0, Diff: 0, Sum: 0, Workers: 5
[15.087s][debug][gc,phases      ] GC(74)         Total                     Min: 0, Avg: 12.6, Max: 59, Diff: 59, Sum: 63, Workers: 5
[15.087s][debug][gc,phases      ] GC(74)       VM weak                   Min:  0.0, Avg:  0.0, Max:  0.0, Diff:  0.0, Sum:  0.0, Workers: 5
[15.087s][debug][gc,phases      ] GC(74)         Dead                      Min: 0, Avg:  0.0, Max: 0, Diff: 0, Sum: 0, Workers: 5
[15.087s][debug][gc,phases      ] GC(74)         Total                     Min: 0, Avg: 44.0, Max: 128, Diff: 128, Sum: 220, Workers: 5
[15.087s][debug][gc,phases      ] GC(74)       StringTable weak          Min:  0.0, Avg:  0.0, Max:  0.0, Diff:  0.0, Sum:  0.1, Workers: 5
[15.087s][debug][gc,phases      ] GC(74)         Dead                      Min: 0, Avg:  0.0, Max: 0, Diff: 0, Sum: 0, Workers: 5
[15.087s][debug][gc,phases      ] GC(74)         Total                     Min: 0, Avg: 718.4, Max: 1088, Diff: 1088, Sum: 3592, Workers: 5
[15.087s][debug][gc,phases      ] GC(74)       ResolvedMethodTable weak  Min:  0.0, Avg:  0.0, Max:  0.0, Diff:  0.0, Sum:  0.0, Workers: 5
[15.087s][debug][gc,phases      ] GC(74)         Dead                      Min: 0, Avg:  0.0, Max: 0, Diff: 0, Sum: 0, Workers: 5
[15.087s][debug][gc,phases      ] GC(74)         Total                     Min: 0, Avg: 116.6, Max: 192, Diff: 192, Sum: 583, Workers: 5
[15.087s][debug][gc,phases      ] GC(74)     Merge Per-Thread State: 0.0ms
[15.087s][debug][gc,phases      ] GC(74)       Copied Bytes              Min: 0, Avg: 86.0, Max: 176, Diff: 176, Sum: 688, Workers: 8
[15.087s][debug][gc,phases      ] GC(74)       LAB Waste                 Min: 0, Avg:  0.0, Max: 0, Diff: 0, Sum: 0, Workers: 8
[15.087s][debug][gc,phases      ] GC(74)       LAB Undo Waste            Min: 0, Avg:  0.0, Max: 0, Diff: 0, Sum: 0, Workers: 8
[15.087s][debug][gc,phases      ] GC(74)     Code Roots Purge: 0.0ms
[15.087s][debug][gc,phases      ] GC(74)     Redirty Cards: 0.0ms
[15.087s][debug][gc,phases      ] GC(74)     DerivedPointerTable Update: 0.0ms
[15.087s][debug][gc,phases      ] GC(74)     Free Collection Set: 0.1ms
[15.087s][debug][gc,phases      ] GC(74)     Rebuild Free List: 0.0ms
[15.087s][debug][gc,phases      ] GC(74)     Humongous Reclaim: 0.0ms
[15.087s][debug][gc,phases      ] GC(74)     Start New Collection Set: 0.0ms
[15.087s][debug][gc,phases      ] GC(74)     Resize TLABs: 0.0ms
[15.087s][debug][gc,phases      ] GC(74)     Expand Heap After Collection: 0.0ms
[15.087s][info ][gc,phases      ] GC(74)   Other: 0.2ms
[15.087s][info ][gc,heap        ] GC(74) Eden regions: 186->0(186)
[15.087s][info ][gc,heap        ] GC(74) Survivor regions: 1->1(24)
[15.087s][info ][gc,heap        ] GC(74) Old regions: 7->7
[15.087s][info ][gc,heap        ] GC(74) Archive regions: 2->2
[15.087s][info ][gc,heap        ] GC(74) Humongous regions: 0->0
[15.087s][info ][gc,metaspace   ] GC(74) Metaspace: 10391K(10880K)->10391K(10880K) NonClass: 9188K(9472K)->9188K(9472K) Class: 1202K(1408K)->1202K(1408K)
[15.087s][debug][gc,heap        ] GC(74) Heap after GC invocations=75 (full 1): garbage-first heap   total 319488K, used 4338K [0x0000000700000000, 0x0000000800000000)
[15.087s][debug][gc,heap        ] GC(74)   region size 1024K, 1 young (1024K), 1 survivors (1024K)
[15.087s][debug][gc,heap        ] GC(74)  Metaspace       used 10391K, capacity 10712K, committed 10880K, reserved 1058816K
[15.087s][debug][gc,heap        ] GC(74)   class space    used 1202K, capacity 1338K, committed 1408K, reserved 1048576K
[15.087s][info ][gc             ] GC(74) Pause Young (Normal) (G1 Evacuation Pause) 190M->4M(312M) 1.398ms
[15.087s][info ][gc,cpu         ] GC(74) User=0.00s Sys=0.00s Real=0.00s
[15.088s][info ][safepoint      ] Safepoint "G1CollectForAllocation", Time since last: 156474096 ns, Reaching safepoint: 118643 ns, At safepoint: 1558744 ns, Total: 1677387 ns
[15.228s][debug][gc,heap        ] GC(75) Heap before GC invocations=75 (full 1): garbage-first heap   total 319488K, used 194802K [0x0000000700000000, 0x0000000800000000)
[15.228s][debug][gc,heap        ] GC(75)   region size 1024K, 187 young (191488K), 1 survivors (1024K)
[15.228s][debug][gc,heap        ] GC(75)  Metaspace       used 10391K, capacity 10712K, committed 10880K, reserved 1058816K
[15.228s][debug][gc,heap        ] GC(75)   class space    used 1202K, capacity 1338K, committed 1408K, reserved 1048576K
[15.228s][info ][gc,start       ] GC(75) Pause Young (Normal) (G1 Evacuation Pause)
[15.228s][info ][gc,task        ] GC(75) Using 8 workers of 8 for evacuation
[15.228s][debug][gc,tlab        ] GC(75) TLAB totals: thrds: 8  refills: 746 max: 103 slow allocs: 0 max 0 waste:  0.9% gc: 1407296B max: 442848B slow: 431232B max: 59264B fast: 0B max: 0B
[15.228s][debug][gc,age         ] GC(75) Desired survivor size 12582912 bytes, new threshold 15 (max threshold 15)
[15.228s][debug][gc,alloc,region] GC(75) Mutator Allocation stats, regions: 186, wasted size: 0B ( 0.0%)
[15.228s][debug][gc,ergo        ] GC(75) Running G1 Merge Heap Roots using 8 workers for 187 regions
[15.228s][debug][gc,remset      ] GC(75) Visited cards 256 Total dirty 2048 (12.50%) Total old 784384 (0.03%)
[15.229s][debug][gc,ergo        ] GC(75) Running G1 Clear Card Table Task using 1 workers for 1 units of work for 188 regions.
[15.229s][debug][gc,ref         ] GC(75) Skipped phase1 of Reference Processing due to unavailable references
[15.229s][debug][gc,ref         ] GC(75) Skipped phase2 of Reference Processing due to unavailable references
[15.229s][debug][gc,ref         ] GC(75) Skipped phase3 of Reference Processing due to unavailable references
[15.229s][debug][gc,ref         ] GC(75) Skipped phase4 of Reference Processing due to unavailable references
[15.229s][debug][gc,ergo        ] GC(75) Running G1 Free Collection Set using 8 workers for collection set length 187 (312)
[15.229s][debug][gc,ergo        ] GC(75) Running G1 Rebuild Free List Task using 8 workers for rebuilding free list of 0 (4096) regions
[15.229s][trace][gc,age         ] GC(75) Age table with threshold 15 (max threshold 15)
[15.229s][trace][gc,age         ] GC(75) - age   1:        504 bytes,        504 total
[15.229s][debug][gc,plab        ] GC(75) Young PLAB allocation: allocated: 8256B, wasted: 0B, unused: 7752B, used: 504B, undo waste: 0B, 
[15.229s][debug][gc,plab        ] GC(75) Young other allocation: region end waste: 0B, regions filled: 1, direct allocated: 0B, failure used: 0B, failure wasted: 0B
[15.229s][debug][gc,plab        ] GC(75) Young sizing: calculated: 96B, actual: 2064B
[15.229s][debug][gc,plab        ] GC(75) Old PLAB allocation: allocated: 0B, wasted: 0B, unused: 0B, used: 0B, undo waste: 0B, 
[15.229s][debug][gc,plab        ] GC(75) Old other allocation: region end waste: 0B, regions filled: 1, direct allocated: 0B, failure used: 0B, failure wasted: 0B
[15.229s][debug][gc,plab        ] GC(75) Old sizing: calculated: 0B, actual: 2064B
[15.229s][debug][gc,ihop        ] GC(75) Basic information (value update), threshold: 147220070B (45.00), target occupancy: 327155712B, current occupancy: 4436616B, recent allocation size: 0B, recent allocation duration: 141.43ms, recent old gen allocation rate: 0.00B/s, recent marking phase length: 0.00ms
[15.229s][debug][gc,ihop        ] GC(75) Adaptive IHOP information (value update), threshold: 147220070B (47.37), internal target occupancy: 310797926B, occupancy: 4436616B, additional buffer size: 196083712B, predicted old gen allocation rate: 17814.20B/s, predicted marking phase length: 0.00ms, prediction active: false
[15.229s][debug][gc,ergo,refine ] GC(75) Concurrent refinement times: Logged Cards Scan time goal: 20.00ms Logged Cards Scan time: 0.00ms HCC time: 0.00ms
[15.229s][debug][gc,ergo,refine ] GC(75) Updated Refinement Zones: green: 2048, yellow: 6144, red: 10240
[15.229s][info ][gc,phases      ] GC(75)   Pre Evacuate Collection Set: 0.1ms
[15.229s][debug][gc,phases      ] GC(75)     Prepare TLABs: 0.0ms
[15.229s][debug][gc,phases      ] GC(75)     Choose Collection Set: 0.0ms
[15.229s][debug][gc,phases      ] GC(75)     Region Register: 0.1ms
[15.229s][debug][gc,phases      ] GC(75)     Prepare Heap Roots: 0.0ms
[15.229s][info ][gc,phases      ] GC(75)   Merge Heap Roots: 0.1ms
[15.229s][debug][gc,phases      ] GC(75)     Prepare Merge Heap Roots: 0.0ms
[15.229s][debug][gc,phases      ] GC(75)     Eager Reclaim (ms):       skipped
[15.229s][debug][gc,phases      ] GC(75)     Remembered Sets (ms):     Min:  0.0, Avg:  0.0, Max:  0.0, Diff:  0.0, Sum:  0.1, Workers: 8
[15.229s][debug][gc,phases      ] GC(75)       Merged Sparse:            Min: 0, Avg:  0.0, Max: 0, Diff: 0, Sum: 0, Workers: 8
[15.229s][debug][gc,phases      ] GC(75)       Merged Fine:              Min: 0, Avg:  0.0, Max: 0, Diff: 0, Sum: 0, Workers: 8
[15.229s][debug][gc,phases      ] GC(75)       Merged Coarse:            Min: 0, Avg:  0.0, Max: 0, Diff: 0, Sum: 0, Workers: 8
[15.229s][debug][gc,phases      ] GC(75)       Dirty Cards:              Min: 0, Avg:  0.0, Max: 0, Diff: 0, Sum: 0, Workers: 8
[15.229s][debug][gc,phases      ] GC(75)     Hot Card Cache (ms):      Min:  0.0, Avg:  0.0, Max:  0.0, Diff:  0.0, Sum:  0.0, Workers: 8
[15.229s][debug][gc,phases      ] GC(75)       Dirty Cards:              Min: 0, Avg:  0.0, Max: 0, Diff: 0, Sum: 0, Workers: 8
[15.229s][debug][gc,phases      ] GC(75)       Skipped Cards:            Min: 0, Avg:  0.0, Max: 0, Diff: 0, Sum: 0, Workers: 8
[15.229s][debug][gc,phases      ] GC(75)     Log Buffers (ms):         Min:  0.0, Avg:  0.0, Max:  0.0, Diff:  0.0, Sum:  0.0, Workers: 8
[15.229s][debug][gc,phases      ] GC(75)       Dirty Cards:              Min: 0, Avg:  0.1, Max: 1, Diff: 1, Sum: 1, Workers: 8
[15.229s][debug][gc,phases      ] GC(75)       Skipped Cards:            Min: 0, Avg:  0.0, Max: 0, Diff: 0, Sum: 0, Workers: 8
[15.229s][info ][gc,phases      ] GC(75)   Evacuate Collection Set: 0.1ms
[15.229s][debug][gc,phases      ] GC(75)     Ext Root Scanning (ms):   Min:  0.0, Avg:  0.0, Max:  0.0, Diff:  0.0, Sum:  0.2, Workers: 8
[15.229s][debug][gc,phases      ] GC(75)     Scan Heap Roots (ms):     Min:  0.0, Avg:  0.0, Max:  0.0, Diff:  0.0, Sum:  0.0, Workers: 8
[15.229s][debug][gc,phases      ] GC(75)       Scanned Cards:            Min: 0, Avg:  0.1, Max: 1, Diff: 1, Sum: 1, Workers: 8
[15.229s][debug][gc,phases      ] GC(75)       Scanned Blocks:           Min: 0, Avg:  0.1, Max: 1, Diff: 1, Sum: 1, Workers: 8
[15.229s][debug][gc,phases      ] GC(75)       Claimed Chunks:           Min: 0, Avg:  0.1, Max: 1, Diff: 1, Sum: 1, Workers: 8
[15.229s][debug][gc,phases      ] GC(75)     Code Root Scan (ms):      Min:  0.0, Avg:  0.0, Max:  0.0, Diff:  0.0, Sum:  0.0, Workers: 8
[15.229s][debug][gc,phases      ] GC(75)     Object Copy (ms):         Min:  0.0, Avg:  0.0, Max:  0.0, Diff:  0.0, Sum:  0.0, Workers: 8
[15.229s][debug][gc,phases      ] GC(75)     Termination (ms):         Min:  0.0, Avg:  0.0, Max:  0.1, Diff:  0.0, Sum:  0.4, Workers: 8
[15.229s][debug][gc,phases      ] GC(75)       Termination Attempts:     Min: 1, Avg:  1.0, Max: 1, Diff: 0, Sum: 8, Workers: 8
[15.229s][debug][gc,phases      ] GC(75)     GC Worker Other (ms):     Min:  0.0, Avg:  0.0, Max:  0.0, Diff:  0.0, Sum:  0.1, Workers: 8
[15.229s][debug][gc,phases      ] GC(75)     GC Worker Total (ms):     Min:  0.0, Avg:  0.1, Max:  0.1, Diff:  0.1, Sum:  0.8, Workers: 8
[15.229s][info ][gc,phases      ] GC(75)   Post Evacuate Collection Set: 0.4ms
[15.229s][debug][gc,phases      ] GC(75)     Code Roots Fixup: 0.0ms
[15.229s][debug][gc,phases      ] GC(75)     Clear Card Table: 0.1ms
[15.229s][debug][gc,phases      ] GC(75)     Reference Processing: 0.0ms
[15.229s][debug][gc,phases,ref  ] GC(75)       Reconsider SoftReferences: 0.0ms
[15.229s][debug][gc,phases,ref  ] GC(75)         SoftRef (ms):             skipped
[15.229s][debug][gc,phases,ref  ] GC(75)       Notify Soft/WeakReferences: 0.0ms
[15.229s][debug][gc,phases,ref  ] GC(75)         SoftRef (ms):             skipped
[15.229s][debug][gc,phases,ref  ] GC(75)         WeakRef (ms):             skipped
[15.229s][debug][gc,phases,ref  ] GC(75)         FinalRef (ms):            skipped
[15.229s][debug][gc,phases,ref  ] GC(75)         Total (ms):               skipped
[15.229s][debug][gc,phases,ref  ] GC(75)       Notify and keep alive finalizable: 0.0ms
[15.229s][debug][gc,phases,ref  ] GC(75)         FinalRef (ms):            skipped
[15.229s][debug][gc,phases,ref  ] GC(75)       Notify PhantomReferences: 0.0ms
[15.229s][debug][gc,phases,ref  ] GC(75)         PhantomRef (ms):          skipped
[15.229s][debug][gc,phases,ref  ] GC(75)       SoftReference:
[15.229s][debug][gc,phases,ref  ] GC(75)         Discovered: 0
[15.229s][debug][gc,phases,ref  ] GC(75)         Cleared: 0
[15.229s][debug][gc,phases,ref  ] GC(75)       WeakReference:
[15.229s][debug][gc,phases,ref  ] GC(75)         Discovered: 0
[15.229s][debug][gc,phases,ref  ] GC(75)         Cleared: 0
[15.229s][debug][gc,phases,ref  ] GC(75)       FinalReference:
[15.229s][debug][gc,phases,ref  ] GC(75)         Discovered: 0
[15.229s][debug][gc,phases,ref  ] GC(75)         Cleared: 0
[15.229s][debug][gc,phases,ref  ] GC(75)       PhantomReference:
[15.229s][debug][gc,phases,ref  ] GC(75)         Discovered: 0
[15.229s][debug][gc,phases,ref  ] GC(75)         Cleared: 0
[15.229s][debug][gc,phases      ] GC(75)     Weak Processing: 0.1ms
[15.229s][debug][gc,phases      ] GC(75)       JVMTI weak processing: 0.0ms
[15.229s][debug][gc,phases      ] GC(75)         Dead: 0
[15.229s][debug][gc,phases      ] GC(75)         Total: 0
[15.229s][debug][gc,phases      ] GC(75)       JFR weak processing: 0.0ms
[15.229s][debug][gc,phases      ] GC(75)         Dead: 0
[15.230s][debug][gc,phases      ] GC(75)         Total: 0
[15.230s][debug][gc,phases      ] GC(75)       JNI weak                  Min:  0.0, Avg:  0.0, Max:  0.0, Diff:  0.0, Sum:  0.0, Workers: 5
[15.230s][debug][gc,phases      ] GC(75)         Dead                      Min: 0, Avg:  0.0, Max: 0, Diff: 0, Sum: 0, Workers: 5
[15.230s][debug][gc,phases      ] GC(75)         Total                     Min: 0, Avg: 12.6, Max: 59, Diff: 59, Sum: 63, Workers: 5
[15.230s][debug][gc,phases      ] GC(75)       VM weak                   Min:  0.0, Avg:  0.0, Max:  0.0, Diff:  0.0, Sum:  0.0, Workers: 5
[15.230s][debug][gc,phases      ] GC(75)         Dead                      Min: 0, Avg:  0.0, Max: 0, Diff: 0, Sum: 0, Workers: 5
[15.230s][debug][gc,phases      ] GC(75)         Total                     Min: 0, Avg: 44.0, Max: 64, Diff: 64, Sum: 220, Workers: 5
[15.230s][debug][gc,phases      ] GC(75)       StringTable weak          Min:  0.0, Avg:  0.0, Max:  0.0, Diff:  0.0, Sum:  0.1, Workers: 5
[15.230s][debug][gc,phases      ] GC(75)         Dead                      Min: 0, Avg:  0.0, Max: 0, Diff: 0, Sum: 0, Workers: 5
[15.230s][debug][gc,phases      ] GC(75)         Total                     Min: 512, Avg: 718.4, Max: 904, Diff: 392, Sum: 3592, Workers: 5
[15.230s][debug][gc,phases      ] GC(75)       ResolvedMethodTable weak  Min:  0.0, Avg:  0.0, Max:  0.0, Diff:  0.0, Sum:  0.0, Workers: 5
[15.230s][debug][gc,phases      ] GC(75)         Dead                      Min: 0, Avg:  0.0, Max: 0, Diff: 0, Sum: 0, Workers: 5
[15.230s][debug][gc,phases      ] GC(75)         Total                     Min: 0, Avg: 116.6, Max: 256, Diff: 256, Sum: 583, Workers: 5
[15.230s][debug][gc,phases      ] GC(75)     Merge Per-Thread State: 0.0ms
[15.230s][debug][gc,phases      ] GC(75)       Copied Bytes              Min: 0, Avg: 63.0, Max: 256, Diff: 256, Sum: 504, Workers: 8
[15.230s][debug][gc,phases      ] GC(75)       LAB Waste                 Min: 0, Avg:  0.0, Max: 0, Diff: 0, Sum: 0, Workers: 8
[15.230s][debug][gc,phases      ] GC(75)       LAB Undo Waste            Min: 0, Avg:  0.0, Max: 0, Diff: 0, Sum: 0, Workers: 8
[15.230s][debug][gc,phases      ] GC(75)     Code Roots Purge: 0.0ms
[15.230s][debug][gc,phases      ] GC(75)     Redirty Cards: 0.0ms
[15.230s][debug][gc,phases      ] GC(75)     DerivedPointerTable Update: 0.0ms
[15.230s][debug][gc,phases      ] GC(75)     Free Collection Set: 0.1ms
[15.230s][debug][gc,phases      ] GC(75)     Rebuild Free List: 0.0ms
[15.230s][debug][gc,phases      ] GC(75)     Humongous Reclaim: 0.0ms
[15.230s][debug][gc,phases      ] GC(75)     Start New Collection Set: 0.0ms
[15.230s][debug][gc,phases      ] GC(75)     Resize TLABs: 0.0ms
[15.230s][debug][gc,phases      ] GC(75)     Expand Heap After Collection: 0.0ms
[15.230s][info ][gc,phases      ] GC(75)   Other: 0.3ms
[15.230s][info ][gc,heap        ] GC(75) Eden regions: 186->0(186)
[15.230s][info ][gc,heap        ] GC(75) Survivor regions: 1->1(24)
[15.230s][info ][gc,heap        ] GC(75) Old regions: 7->7
[15.230s][info ][gc,heap        ] GC(75) Archive regions: 2->2
[15.230s][info ][gc,heap        ] GC(75) Humongous regions: 0->0
[15.230s][info ][gc,metaspace   ] GC(75) Metaspace: 10391K(10880K)->10391K(10880K) NonClass: 9188K(9472K)->9188K(9472K) Class: 1202K(1408K)->1202K(1408K)
[15.230s][debug][gc,heap        ] GC(75) Heap after GC invocations=76 (full 1): garbage-first heap   total 319488K, used 4332K [0x0000000700000000, 0x0000000800000000)
[15.230s][debug][gc,heap        ] GC(75)   region size 1024K, 1 young (1024K), 1 survivors (1024K)
[15.230s][debug][gc,heap        ] GC(75)  Metaspace       used 10391K, capacity 10712K, committed 10880K, reserved 1058816K
[15.230s][debug][gc,heap        ] GC(75)   class space    used 1202K, capacity 1338K, committed 1408K, reserved 1048576K
[15.230s][info ][gc             ] GC(75) Pause Young (Normal) (G1 Evacuation Pause) 190M->4M(312M) 1.565ms
[15.230s][info ][gc,cpu         ] GC(75) User=0.00s Sys=0.00s Real=0.00s
[15.230s][info ][safepoint      ] Safepoint "G1CollectForAllocation", Time since last: 140474079 ns, Reaching safepoint: 89890 ns, At safepoint: 1752993 ns, Total: 1842883 ns
[15.382s][debug][gc,heap        ] GC(76) Heap before GC invocations=76 (full 1): garbage-first heap   total 319488K, used 194796K [0x0000000700000000, 0x0000000800000000)
[15.382s][debug][gc,heap        ] GC(76)   region size 1024K, 187 young (191488K), 1 survivors (1024K)
[15.382s][debug][gc,heap        ] GC(76)  Metaspace       used 10391K, capacity 10712K, committed 10880K, reserved 1058816K
[15.382s][debug][gc,heap        ] GC(76)   class space    used 1202K, capacity 1338K, committed 1408K, reserved 1048576K
[15.382s][info ][gc,start       ] GC(76) Pause Young (Normal) (G1 Evacuation Pause)
[15.382s][info ][gc,task        ] GC(76) Using 8 workers of 8 for evacuation
[15.382s][debug][gc,tlab        ] GC(76) TLAB totals: thrds: 8  refills: 749 max: 100 slow allocs: 0 max 0 waste:  0.8% gc: 1090584B max: 319160B slow: 432648B max: 57488B fast: 0B max: 0B
[15.382s][debug][gc,age         ] GC(76) Desired survivor size 12582912 bytes, new threshold 15 (max threshold 15)
[15.382s][debug][gc,alloc,region] GC(76) Mutator Allocation stats, regions: 186, wasted size: 0B ( 0.0%)
[15.382s][debug][gc,ergo        ] GC(76) Running G1 Merge Heap Roots using 8 workers for 187 regions
[15.382s][debug][gc,remset      ] GC(76) Visited cards 256 Total dirty 2048 (12.50%) Total old 784384 (0.03%)
[15.382s][debug][gc,ergo        ] GC(76) Running G1 Clear Card Table Task using 1 workers for 1 units of work for 188 regions.
[15.382s][debug][gc,ref         ] GC(76) Skipped phase1 of Reference Processing due to unavailable references
[15.382s][debug][gc,ref         ] GC(76) Skipped phase2 of Reference Processing due to unavailable references
[15.382s][debug][gc,ref         ] GC(76) Skipped phase3 of Reference Processing due to unavailable references
[15.382s][debug][gc,ref         ] GC(76) Skipped phase4 of Reference Processing due to unavailable references
[15.382s][debug][gc,ergo        ] GC(76) Running G1 Free Collection Set using 8 workers for collection set length 187 (312)
[15.383s][debug][gc,ergo        ] GC(76) Running G1 Rebuild Free List Task using 8 workers for rebuilding free list of 0 (4096) regions
[15.383s][trace][gc,age         ] GC(76) Age table with threshold 15 (max threshold 15)
[15.383s][trace][gc,age         ] GC(76) - age   1:        400 bytes,        400 total
[15.383s][debug][gc,plab        ] GC(76) Young PLAB allocation: allocated: 10320B, wasted: 0B, unused: 9920B, used: 400B, undo waste: 0B, 
[15.383s][debug][gc,plab        ] GC(76) Young other allocation: region end waste: 0B, regions filled: 1, direct allocated: 0B, failure used: 0B, failure wasted: 0B
[15.383s][debug][gc,plab        ] GC(76) Young sizing: calculated: 80B, actual: 2064B
[15.383s][debug][gc,plab        ] GC(76) Old PLAB allocation: allocated: 0B, wasted: 0B, unused: 0B, used: 0B, undo waste: 0B, 
[15.383s][debug][gc,plab        ] GC(76) Old other allocation: region end waste: 0B, regions filled: 1, direct allocated: 0B, failure used: 0B, failure wasted: 0B
[15.383s][debug][gc,plab        ] GC(76) Old sizing: calculated: 0B, actual: 2064B
[15.383s][debug][gc,ihop        ] GC(76) Basic information (value update), threshold: 147220070B (45.00), target occupancy: 327155712B, current occupancy: 4438680B, recent allocation size: 0B, recent allocation duration: 152.94ms, recent old gen allocation rate: 0.00B/s, recent marking phase length: 0.00ms
[15.383s][debug][gc,ihop        ] GC(76) Adaptive IHOP information (value update), threshold: 147220070B (47.37), internal target occupancy: 310797926B, occupancy: 4438680B, additional buffer size: 196083712B, predicted old gen allocation rate: 17250.83B/s, predicted marking phase length: 0.00ms, prediction active: false
[15.383s][debug][gc,ergo,refine ] GC(76) Concurrent refinement times: Logged Cards Scan time goal: 20.00ms Logged Cards Scan time: 0.00ms HCC time: 0.00ms
[15.383s][debug][gc,ergo,refine ] GC(76) Updated Refinement Zones: green: 2048, yellow: 6144, red: 10240
[15.383s][info ][gc,phases      ] GC(76)   Pre Evacuate Collection Set: 0.1ms
[15.383s][debug][gc,phases      ] GC(76)     Prepare TLABs: 0.0ms
[15.383s][debug][gc,phases      ] GC(76)     Choose Collection Set: 0.0ms
[15.383s][debug][gc,phases      ] GC(76)     Region Register: 0.1ms
[15.383s][debug][gc,phases      ] GC(76)     Prepare Heap Roots: 0.0ms
[15.383s][info ][gc,phases      ] GC(76)   Merge Heap Roots: 0.1ms
[15.383s][debug][gc,phases      ] GC(76)     Prepare Merge Heap Roots: 0.0ms
[15.383s][debug][gc,phases      ] GC(76)     Eager Reclaim (ms):       skipped
[15.383s][debug][gc,phases      ] GC(76)     Remembered Sets (ms):     Min:  0.0, Avg:  0.0, Max:  0.0, Diff:  0.0, Sum:  0.0, Workers: 8
[15.383s][debug][gc,phases      ] GC(76)       Merged Sparse:            Min: 0, Avg:  0.0, Max: 0, Diff: 0, Sum: 0, Workers: 8
[15.383s][debug][gc,phases      ] GC(76)       Merged Fine:              Min: 0, Avg:  0.0, Max: 0, Diff: 0, Sum: 0, Workers: 8
[15.383s][debug][gc,phases      ] GC(76)       Merged Coarse:            Min: 0, Avg:  0.0, Max: 0, Diff: 0, Sum: 0, Workers: 8
[15.383s][debug][gc,phases      ] GC(76)       Dirty Cards:              Min: 0, Avg:  0.0, Max: 0, Diff: 0, Sum: 0, Workers: 8
[15.383s][debug][gc,phases      ] GC(76)     Hot Card Cache (ms):      Min:  0.0, Avg:  0.0, Max:  0.0, Diff:  0.0, Sum:  0.0, Workers: 8
[15.383s][debug][gc,phases      ] GC(76)       Dirty Cards:              Min: 0, Avg:  0.0, Max: 0, Diff: 0, Sum: 0, Workers: 8
[15.383s][debug][gc,phases      ] GC(76)       Skipped Cards:            Min: 0, Avg:  0.0, Max: 0, Diff: 0, Sum: 0, Workers: 8
[15.383s][debug][gc,phases      ] GC(76)     Log Buffers (ms):         Min:  0.0, Avg:  0.0, Max:  0.0, Diff:  0.0, Sum:  0.0, Workers: 8
[15.383s][debug][gc,phases      ] GC(76)       Dirty Cards:              Min: 0, Avg:  0.1, Max: 1, Diff: 1, Sum: 1, Workers: 8
[15.383s][debug][gc,phases      ] GC(76)       Skipped Cards:            Min: 0, Avg:  0.0, Max: 0, Diff: 0, Sum: 0, Workers: 8
[15.383s][info ][gc,phases      ] GC(76)   Evacuate Collection Set: 0.1ms
[15.383s][debug][gc,phases      ] GC(76)     Ext Root Scanning (ms):   Min:  0.0, Avg:  0.0, Max:  0.1, Diff:  0.1, Sum:  0.2, Workers: 8
[15.383s][debug][gc,phases      ] GC(76)     Scan Heap Roots (ms):     Min:  0.0, Avg:  0.0, Max:  0.0, Diff:  0.0, Sum:  0.0, Workers: 8
[15.383s][debug][gc,phases      ] GC(76)       Scanned Cards:            Min: 0, Avg:  0.1, Max: 1, Diff: 1, Sum: 1, Workers: 8
[15.383s][debug][gc,phases      ] GC(76)       Scanned Blocks:           Min: 0, Avg:  0.1, Max: 1, Diff: 1, Sum: 1, Workers: 8
[15.383s][debug][gc,phases      ] GC(76)       Claimed Chunks:           Min: 0, Avg:  0.1, Max: 1, Diff: 1, Sum: 1, Workers: 8
[15.383s][debug][gc,phases      ] GC(76)     Code Root Scan (ms):      Min:  0.0, Avg:  0.0, Max:  0.0, Diff:  0.0, Sum:  0.0, Workers: 8
[15.383s][debug][gc,phases      ] GC(76)     Object Copy (ms):         Min:  0.0, Avg:  0.0, Max:  0.0, Diff:  0.0, Sum:  0.0, Workers: 8
[15.383s][debug][gc,phases      ] GC(76)     Termination (ms):         Min:  0.0, Avg:  0.0, Max:  0.1, Diff:  0.0, Sum:  0.4, Workers: 8
[15.383s][debug][gc,phases      ] GC(76)       Termination Attempts:     Min: 1, Avg:  1.0, Max: 1, Diff: 0, Sum: 8, Workers: 8
[15.383s][debug][gc,phases      ] GC(76)     GC Worker Other (ms):     Min:  0.0, Avg:  0.0, Max:  0.0, Diff:  0.0, Sum:  0.1, Workers: 8
[15.383s][debug][gc,phases      ] GC(76)     GC Worker Total (ms):     Min:  0.1, Avg:  0.1, Max:  0.1, Diff:  0.1, Sum:  0.8, Workers: 8
[15.383s][info ][gc,phases      ] GC(76)   Post Evacuate Collection Set: 0.3ms
[15.383s][debug][gc,phases      ] GC(76)     Code Roots Fixup: 0.0ms
[15.383s][debug][gc,phases      ] GC(76)     Clear Card Table: 0.1ms
[15.383s][debug][gc,phases      ] GC(76)     Reference Processing: 0.0ms
[15.383s][debug][gc,phases,ref  ] GC(76)       Reconsider SoftReferences: 0.0ms
[15.383s][debug][gc,phases,ref  ] GC(76)         SoftRef (ms):             skipped
[15.383s][debug][gc,phases,ref  ] GC(76)       Notify Soft/WeakReferences: 0.0ms
[15.383s][debug][gc,phases,ref  ] GC(76)         SoftRef (ms):             skipped
[15.383s][debug][gc,phases,ref  ] GC(76)         WeakRef (ms):             skipped
[15.383s][debug][gc,phases,ref  ] GC(76)         FinalRef (ms):            skipped
[15.383s][debug][gc,phases,ref  ] GC(76)         Total (ms):               skipped
[15.383s][debug][gc,phases,ref  ] GC(76)       Notify and keep alive finalizable: 0.0ms
[15.383s][debug][gc,phases,ref  ] GC(76)         FinalRef (ms):            skipped
[15.383s][debug][gc,phases,ref  ] GC(76)       Notify PhantomReferences: 0.0ms
[15.383s][debug][gc,phases,ref  ] GC(76)         PhantomRef (ms):          skipped
[15.383s][debug][gc,phases,ref  ] GC(76)       SoftReference:
[15.383s][debug][gc,phases,ref  ] GC(76)         Discovered: 0
[15.383s][debug][gc,phases,ref  ] GC(76)         Cleared: 0
[15.383s][debug][gc,phases,ref  ] GC(76)       WeakReference:
[15.383s][debug][gc,phases,ref  ] GC(76)         Discovered: 0
[15.383s][debug][gc,phases,ref  ] GC(76)         Cleared: 0
[15.383s][debug][gc,phases,ref  ] GC(76)       FinalReference:
[15.383s][debug][gc,phases,ref  ] GC(76)         Discovered: 0
[15.383s][debug][gc,phases,ref  ] GC(76)         Cleared: 0
[15.383s][debug][gc,phases,ref  ] GC(76)       PhantomReference:
[15.383s][debug][gc,phases,ref  ] GC(76)         Discovered: 0
[15.383s][debug][gc,phases,ref  ] GC(76)         Cleared: 0
[15.383s][debug][gc,phases      ] GC(76)     Weak Processing: 0.1ms
[15.383s][debug][gc,phases      ] GC(76)       JVMTI weak processing: 0.0ms
[15.383s][debug][gc,phases      ] GC(76)         Dead: 0
[15.383s][debug][gc,phases      ] GC(76)         Total: 0
[15.383s][debug][gc,phases      ] GC(76)       JFR weak processing: 0.0ms
[15.383s][debug][gc,phases      ] GC(76)         Dead: 0
[15.383s][debug][gc,phases      ] GC(76)         Total: 0
[15.383s][debug][gc,phases      ] GC(76)       JNI weak                  Min:  0.0, Avg:  0.0, Max:  0.0, Diff:  0.0, Sum:  0.0, Workers: 5
[15.383s][debug][gc,phases      ] GC(76)         Dead                      Min: 0, Avg:  0.0, Max: 0, Diff: 0, Sum: 0, Workers: 5
[15.383s][debug][gc,phases      ] GC(76)         Total                     Min: 0, Avg: 12.6, Max: 63, Diff: 63, Sum: 63, Workers: 5
[15.383s][debug][gc,phases      ] GC(76)       VM weak                   Min:  0.0, Avg:  0.0, Max:  0.0, Diff:  0.0, Sum:  0.0, Workers: 5
[15.383s][debug][gc,phases      ] GC(76)         Dead                      Min: 0, Avg:  0.0, Max: 0, Diff: 0, Sum: 0, Workers: 5
[15.383s][debug][gc,phases      ] GC(76)         Total                     Min: 0, Avg: 44.0, Max: 220, Diff: 220, Sum: 220, Workers: 5
[15.383s][debug][gc,phases      ] GC(76)       StringTable weak          Min:  0.0, Avg:  0.0, Max:  0.0, Diff:  0.0, Sum:  0.0, Workers: 5
[15.383s][debug][gc,phases      ] GC(76)         Dead                      Min: 0, Avg:  0.0, Max: 0, Diff: 0, Sum: 0, Workers: 5
[15.383s][debug][gc,phases      ] GC(76)         Total                     Min: 0, Avg: 718.4, Max: 3592, Diff: 3592, Sum: 3592, Workers: 5
[15.383s][debug][gc,phases      ] GC(76)       ResolvedMethodTable weak  Min:  0.0, Avg:  0.0, Max:  0.0, Diff:  0.0, Sum:  0.0, Workers: 5
[15.383s][debug][gc,phases      ] GC(76)         Dead                      Min: 0, Avg:  0.0, Max: 0, Diff: 0, Sum: 0, Workers: 5
[15.383s][debug][gc,phases      ] GC(76)         Total                     Min: 0, Avg: 116.6, Max: 576, Diff: 576, Sum: 583, Workers: 5
[15.383s][debug][gc,phases      ] GC(76)     Merge Per-Thread State: 0.0ms
[15.383s][debug][gc,phases      ] GC(76)       Copied Bytes              Min: 0, Avg: 50.0, Max: 128, Diff: 128, Sum: 400, Workers: 8
[15.383s][debug][gc,phases      ] GC(76)       LAB Waste                 Min: 0, Avg:  0.0, Max: 0, Diff: 0, Sum: 0, Workers: 8
[15.383s][debug][gc,phases      ] GC(76)       LAB Undo Waste            Min: 0, Avg:  0.0, Max: 0, Diff: 0, Sum: 0, Workers: 8
[15.383s][debug][gc,phases      ] GC(76)     Code Roots Purge: 0.0ms
[15.383s][debug][gc,phases      ] GC(76)     Redirty Cards: 0.0ms
[15.383s][debug][gc,phases      ] GC(76)     DerivedPointerTable Update: 0.0ms
[15.383s][debug][gc,phases      ] GC(76)     Free Collection Set: 0.1ms
[15.383s][debug][gc,phases      ] GC(76)     Rebuild Free List: 0.0ms
[15.383s][debug][gc,phases      ] GC(76)     Humongous Reclaim: 0.0ms
[15.383s][debug][gc,phases      ] GC(76)     Start New Collection Set: 0.0ms
[15.383s][debug][gc,phases      ] GC(76)     Resize TLABs: 0.0ms
[15.383s][debug][gc,phases      ] GC(76)     Expand Heap After Collection: 0.0ms
[15.383s][info ][gc,phases      ] GC(76)   Other: 0.2ms
[15.383s][info ][gc,heap        ] GC(76) Eden regions: 186->0(186)
[15.383s][info ][gc,heap        ] GC(76) Survivor regions: 1->1(24)
[15.383s][info ][gc,heap        ] GC(76) Old regions: 7->7
[15.383s][info ][gc,heap        ] GC(76) Archive regions: 2->2
[15.383s][info ][gc,heap        ] GC(76) Humongous regions: 0->0
[15.383s][info ][gc,metaspace   ] GC(76) Metaspace: 10391K(10880K)->10391K(10880K) NonClass: 9188K(9472K)->9188K(9472K) Class: 1202K(1408K)->1202K(1408K)
[15.383s][debug][gc,heap        ] GC(76) Heap after GC invocations=77 (full 1): garbage-first heap   total 319488K, used 4334K [0x0000000700000000, 0x0000000800000000)
[15.383s][debug][gc,heap        ] GC(76)   region size 1024K, 1 young (1024K), 1 survivors (1024K)
[15.383s][debug][gc,heap        ] GC(76)  Metaspace       used 10391K, capacity 10712K, committed 10880K, reserved 1058816K
[15.383s][debug][gc,heap        ] GC(76)   class space    used 1202K, capacity 1338K, committed 1408K, reserved 1048576K
[15.383s][info ][gc             ] GC(76) Pause Young (Normal) (G1 Evacuation Pause) 190M->4M(312M) 1.396ms
[15.383s][info ][gc,cpu         ] GC(76) User=0.00s Sys=0.00s Real=0.00s
[15.383s][info ][safepoint      ] Safepoint "G1CollectForAllocation", Time since last: 151877688 ns, Reaching safepoint: 145541 ns, At safepoint: 1547793 ns, Total: 1693334 ns
[15.542s][debug][gc,heap        ] GC(77) Heap before GC invocations=77 (full 1): garbage-first heap   total 319488K, used 194798K [0x0000000700000000, 0x0000000800000000)
[15.542s][debug][gc,heap        ] GC(77)   region size 1024K, 187 young (191488K), 1 survivors (1024K)
[15.542s][debug][gc,heap        ] GC(77)  Metaspace       used 10391K, capacity 10712K, committed 10880K, reserved 1058816K
[15.542s][debug][gc,heap        ] GC(77)   class space    used 1202K, capacity 1338K, committed 1408K, reserved 1048576K
[15.542s][info ][gc,start       ] GC(77) Pause Young (Normal) (G1 Evacuation Pause)
[15.542s][info ][gc,task        ] GC(77) Using 8 workers of 8 for evacuation
[15.542s][debug][gc,tlab        ] GC(77) TLAB totals: thrds: 8  refills: 748 max: 104 slow allocs: 0 max 0 waste:  1.1% gc: 1733496B max: 432368B slow: 433168B max: 60824B fast: 0B max: 0B
[15.542s][debug][gc,age         ] GC(77) Desired survivor size 12582912 bytes, new threshold 15 (max threshold 15)
[15.542s][debug][gc,alloc,region] GC(77) Mutator Allocation stats, regions: 186, wasted size: 0B ( 0.0%)
[15.542s][debug][gc,ergo        ] GC(77) Running G1 Merge Heap Roots using 8 workers for 187 regions
[15.542s][debug][gc,remset      ] GC(77) Visited cards 256 Total dirty 2048 (12.50%) Total old 784384 (0.03%)
[15.543s][debug][gc,ergo        ] GC(77) Running G1 Clear Card Table Task using 1 workers for 1 units of work for 188 regions.
[15.543s][debug][gc,ref         ] GC(77) Skipped phase1 of Reference Processing due to unavailable references
[15.543s][debug][gc,ref         ] GC(77) Skipped phase2 of Reference Processing due to unavailable references
[15.543s][debug][gc,ref         ] GC(77) Skipped phase3 of Reference Processing due to unavailable references
[15.543s][debug][gc,ref         ] GC(77) Skipped phase4 of Reference Processing due to unavailable references
[15.543s][debug][gc,ergo        ] GC(77) Running G1 Free Collection Set using 8 workers for collection set length 187 (312)
[15.543s][debug][gc,ergo        ] GC(77) Running G1 Rebuild Free List Task using 8 workers for rebuilding free list of 0 (4096) regions
[15.543s][trace][gc,age         ] GC(77) Age table with threshold 15 (max threshold 15)
[15.543s][trace][gc,age         ] GC(77) - age   1:        368 bytes,        368 total
[15.543s][debug][gc,plab        ] GC(77) Young PLAB allocation: allocated: 14448B, wasted: 0B, unused: 14080B, used: 368B, undo waste: 0B, 
[15.543s][debug][gc,plab        ] GC(77) Young other allocation: region end waste: 0B, regions filled: 1, direct allocated: 0B, failure used: 0B, failure wasted: 0B
[15.543s][debug][gc,plab        ] GC(77) Young sizing: calculated: 72B, actual: 2064B
[15.543s][debug][gc,plab        ] GC(77) Old PLAB allocation: allocated: 0B, wasted: 0B, unused: 0B, used: 0B, undo waste: 0B, 
[15.543s][debug][gc,plab        ] GC(77) Old other allocation: region end waste: 0B, regions filled: 1, direct allocated: 0B, failure used: 0B, failure wasted: 0B
[15.543s][debug][gc,plab        ] GC(77) Old sizing: calculated: 0B, actual: 2064B
[15.543s][debug][gc,ihop        ] GC(77) Basic information (value update), threshold: 147220070B (45.00), target occupancy: 327155712B, current occupancy: 4442808B, recent allocation size: 0B, recent allocation duration: 159.44ms, recent old gen allocation rate: 0.00B/s, recent marking phase length: 0.00ms
[15.543s][debug][gc,ihop        ] GC(77) Adaptive IHOP information (value update), threshold: 147220070B (47.37), internal target occupancy: 310797926B, occupancy: 4442808B, additional buffer size: 196083712B, predicted old gen allocation rate: 16707.06B/s, predicted marking phase length: 0.00ms, prediction active: false
[15.543s][debug][gc,ergo,refine ] GC(77) Concurrent refinement times: Logged Cards Scan time goal: 20.00ms Logged Cards Scan time: 0.00ms HCC time: 0.00ms
[15.543s][debug][gc,ergo,refine ] GC(77) Updated Refinement Zones: green: 2048, yellow: 6144, red: 10240
[15.543s][info ][gc,phases      ] GC(77)   Pre Evacuate Collection Set: 0.1ms
[15.543s][debug][gc,phases      ] GC(77)     Prepare TLABs: 0.0ms
[15.543s][debug][gc,phases      ] GC(77)     Choose Collection Set: 0.0ms
[15.543s][debug][gc,phases      ] GC(77)     Region Register: 0.1ms
[15.543s][debug][gc,phases      ] GC(77)     Prepare Heap Roots: 0.0ms
[15.543s][info ][gc,phases      ] GC(77)   Merge Heap Roots: 0.1ms
[15.543s][debug][gc,phases      ] GC(77)     Prepare Merge Heap Roots: 0.0ms
[15.543s][debug][gc,phases      ] GC(77)     Eager Reclaim (ms):       skipped
[15.543s][debug][gc,phases      ] GC(77)     Remembered Sets (ms):     Min:  0.0, Avg:  0.0, Max:  0.0, Diff:  0.0, Sum:  0.1, Workers: 8
[15.543s][debug][gc,phases      ] GC(77)       Merged Sparse:            Min: 0, Avg:  0.0, Max: 0, Diff: 0, Sum: 0, Workers: 8
[15.543s][debug][gc,phases      ] GC(77)       Merged Fine:              Min: 0, Avg:  0.0, Max: 0, Diff: 0, Sum: 0, Workers: 8
[15.543s][debug][gc,phases      ] GC(77)       Merged Coarse:            Min: 0, Avg:  0.0, Max: 0, Diff: 0, Sum: 0, Workers: 8
[15.543s][debug][gc,phases      ] GC(77)       Dirty Cards:              Min: 0, Avg:  0.0, Max: 0, Diff: 0, Sum: 0, Workers: 8
[15.543s][debug][gc,phases      ] GC(77)     Hot Card Cache (ms):      Min:  0.0, Avg:  0.0, Max:  0.0, Diff:  0.0, Sum:  0.0, Workers: 8
[15.543s][debug][gc,phases      ] GC(77)       Dirty Cards:              Min: 0, Avg:  0.0, Max: 0, Diff: 0, Sum: 0, Workers: 8
[15.543s][debug][gc,phases      ] GC(77)       Skipped Cards:            Min: 0, Avg:  0.0, Max: 0, Diff: 0, Sum: 0, Workers: 8
[15.543s][debug][gc,phases      ] GC(77)     Log Buffers (ms):         Min:  0.0, Avg:  0.0, Max:  0.0, Diff:  0.0, Sum:  0.0, Workers: 8
[15.543s][debug][gc,phases      ] GC(77)       Dirty Cards:              Min: 0, Avg:  0.1, Max: 1, Diff: 1, Sum: 1, Workers: 8
[15.543s][debug][gc,phases      ] GC(77)       Skipped Cards:            Min: 0, Avg:  0.0, Max: 0, Diff: 0, Sum: 0, Workers: 8
[15.543s][info ][gc,phases      ] GC(77)   Evacuate Collection Set: 0.2ms
[15.543s][debug][gc,phases      ] GC(77)     Ext Root Scanning (ms):   Min:  0.0, Avg:  0.0, Max:  0.1, Diff:  0.1, Sum:  0.3, Workers: 8
[15.543s][debug][gc,phases      ] GC(77)     Scan Heap Roots (ms):     Min:  0.0, Avg:  0.0, Max:  0.0, Diff:  0.0, Sum:  0.0, Workers: 8
[15.543s][debug][gc,phases      ] GC(77)       Scanned Cards:            Min: 0, Avg:  0.1, Max: 1, Diff: 1, Sum: 1, Workers: 8
[15.543s][debug][gc,phases      ] GC(77)       Scanned Blocks:           Min: 0, Avg:  0.1, Max: 1, Diff: 1, Sum: 1, Workers: 8
[15.543s][debug][gc,phases      ] GC(77)       Claimed Chunks:           Min: 0, Avg:  0.1, Max: 1, Diff: 1, Sum: 1, Workers: 8
[15.543s][debug][gc,phases      ] GC(77)     Code Root Scan (ms):      Min:  0.0, Avg:  0.0, Max:  0.0, Diff:  0.0, Sum:  0.0, Workers: 8
[15.543s][debug][gc,phases      ] GC(77)     Object Copy (ms):         Min:  0.0, Avg:  0.0, Max:  0.0, Diff:  0.0, Sum:  0.0, Workers: 8
[15.543s][debug][gc,phases      ] GC(77)     Termination (ms):         Min:  0.0, Avg:  0.0, Max:  0.0, Diff:  0.0, Sum:  0.4, Workers: 8
[15.543s][debug][gc,phases      ] GC(77)       Termination Attempts:     Min: 1, Avg:  1.0, Max: 1, Diff: 0, Sum: 8, Workers: 8
[15.543s][debug][gc,phases      ] GC(77)     GC Worker Other (ms):     Min:  0.0, Avg:  0.0, Max:  0.0, Diff:  0.0, Sum:  0.2, Workers: 8
[15.543s][debug][gc,phases      ] GC(77)     GC Worker Total (ms):     Min:  0.1, Avg:  0.1, Max:  0.1, Diff:  0.1, Sum:  0.8, Workers: 8
[15.543s][info ][gc,phases      ] GC(77)   Post Evacuate Collection Set: 0.3ms
[15.543s][debug][gc,phases      ] GC(77)     Code Roots Fixup: 0.0ms
[15.543s][debug][gc,phases      ] GC(77)     Clear Card Table: 0.1ms
[15.543s][debug][gc,phases      ] GC(77)     Reference Processing: 0.0ms
[15.543s][debug][gc,phases,ref  ] GC(77)       Reconsider SoftReferences: 0.0ms
[15.543s][debug][gc,phases,ref  ] GC(77)         SoftRef (ms):             skipped
[15.543s][debug][gc,phases,ref  ] GC(77)       Notify Soft/WeakReferences: 0.0ms
[15.543s][debug][gc,phases,ref  ] GC(77)         SoftRef (ms):             skipped
[15.543s][debug][gc,phases,ref  ] GC(77)         WeakRef (ms):             skipped
[15.543s][debug][gc,phases,ref  ] GC(77)         FinalRef (ms):            skipped
[15.543s][debug][gc,phases,ref  ] GC(77)         Total (ms):               skipped
[15.543s][debug][gc,phases,ref  ] GC(77)       Notify and keep alive finalizable: 0.0ms
[15.543s][debug][gc,phases,ref  ] GC(77)         FinalRef (ms):            skipped
[15.543s][debug][gc,phases,ref  ] GC(77)       Notify PhantomReferences: 0.0ms
[15.543s][debug][gc,phases,ref  ] GC(77)         PhantomRef (ms):          skipped
[15.543s][debug][gc,phases,ref  ] GC(77)       SoftReference:
[15.543s][debug][gc,phases,ref  ] GC(77)         Discovered: 0
[15.543s][debug][gc,phases,ref  ] GC(77)         Cleared: 0
[15.543s][debug][gc,phases,ref  ] GC(77)       WeakReference:
[15.543s][debug][gc,phases,ref  ] GC(77)         Discovered: 0
[15.543s][debug][gc,phases,ref  ] GC(77)         Cleared: 0
[15.543s][debug][gc,phases,ref  ] GC(77)       FinalReference:
[15.543s][debug][gc,phases,ref  ] GC(77)         Discovered: 0
[15.543s][debug][gc,phases,ref  ] GC(77)         Cleared: 0
[15.543s][debug][gc,phases,ref  ] GC(77)       PhantomReference:
[15.543s][debug][gc,phases,ref  ] GC(77)         Discovered: 0
[15.543s][debug][gc,phases,ref  ] GC(77)         Cleared: 0
[15.543s][debug][gc,phases      ] GC(77)     Weak Processing: 0.1ms
[15.543s][debug][gc,phases      ] GC(77)       JVMTI weak processing: 0.0ms
[15.543s][debug][gc,phases      ] GC(77)         Dead: 0
[15.543s][debug][gc,phases      ] GC(77)         Total: 0
[15.543s][debug][gc,phases      ] GC(77)       JFR weak processing: 0.0ms
[15.543s][debug][gc,phases      ] GC(77)         Dead: 0
[15.543s][debug][gc,phases      ] GC(77)         Total: 0
[15.543s][debug][gc,phases      ] GC(77)       JNI weak                  Min:  0.0, Avg:  0.0, Max:  0.0, Diff:  0.0, Sum:  0.1, Workers: 5
[15.543s][debug][gc,phases      ] GC(77)         Dead                      Min: 0, Avg:  0.0, Max: 0, Diff: 0, Sum: 0, Workers: 5
[15.543s][debug][gc,phases      ] GC(77)         Total                     Min: 0, Avg: 12.6, Max: 59, Diff: 59, Sum: 63, Workers: 5
[15.543s][debug][gc,phases      ] GC(77)       VM weak                   Min:  0.0, Avg:  0.0, Max:  0.0, Diff:  0.0, Sum:  0.0, Workers: 5
[15.543s][debug][gc,phases      ] GC(77)         Dead                      Min: 0, Avg:  0.0, Max: 0, Diff: 0, Sum: 0, Workers: 5
[15.543s][debug][gc,phases      ] GC(77)         Total                     Min: 0, Avg: 44.0, Max: 128, Diff: 128, Sum: 220, Workers: 5
[15.543s][debug][gc,phases      ] GC(77)       StringTable weak          Min:  0.0, Avg:  0.0, Max:  0.1, Diff:  0.1, Sum:  0.1, Workers: 5
[15.543s][debug][gc,phases      ] GC(77)         Dead                      Min: 0, Avg:  0.0, Max: 0, Diff: 0, Sum: 0, Workers: 5
[15.543s][debug][gc,phases      ] GC(77)         Total                     Min: 0, Avg: 718.4, Max: 1600, Diff: 1600, Sum: 3592, Workers: 5
[15.543s][debug][gc,phases      ] GC(77)       ResolvedMethodTable weak  Min:  0.0, Avg:  0.0, Max:  0.0, Diff:  0.0, Sum:  0.0, Workers: 5
[15.543s][debug][gc,phases      ] GC(77)         Dead                      Min: 0, Avg:  0.0, Max: 0, Diff: 0, Sum: 0, Workers: 5
[15.543s][debug][gc,phases      ] GC(77)         Total                     Min: 0, Avg: 116.6, Max: 199, Diff: 199, Sum: 583, Workers: 5
[15.543s][debug][gc,phases      ] GC(77)     Merge Per-Thread State: 0.0ms
[15.543s][debug][gc,phases      ] GC(77)       Copied Bytes              Min: 0, Avg: 46.0, Max: 128, Diff: 128, Sum: 368, Workers: 8
[15.543s][debug][gc,phases      ] GC(77)       LAB Waste                 Min: 0, Avg:  0.0, Max: 0, Diff: 0, Sum: 0, Workers: 8
[15.543s][debug][gc,phases      ] GC(77)       LAB Undo Waste            Min: 0, Avg:  0.0, Max: 0, Diff: 0, Sum: 0, Workers: 8
[15.543s][debug][gc,phases      ] GC(77)     Code Roots Purge: 0.0ms
[15.543s][debug][gc,phases      ] GC(77)     Redirty Cards: 0.0ms
[15.543s][debug][gc,phases      ] GC(77)     DerivedPointerTable Update: 0.0ms
[15.543s][debug][gc,phases      ] GC(77)     Free Collection Set: 0.1ms
[15.543s][debug][gc,phases      ] GC(77)     Rebuild Free List: 0.0ms
[15.543s][debug][gc,phases      ] GC(77)     Humongous Reclaim: 0.0ms
[15.543s][debug][gc,phases      ] GC(77)     Start New Collection Set: 0.0ms
[15.543s][debug][gc,phases      ] GC(77)     Resize TLABs: 0.0ms
[15.543s][debug][gc,phases      ] GC(77)     Expand Heap After Collection: 0.0ms
[15.544s][info ][gc,phases      ] GC(77)   Other: 0.3ms
[15.544s][info ][gc,heap        ] GC(77) Eden regions: 186->0(186)
[15.544s][info ][gc,heap        ] GC(77) Survivor regions: 1->1(24)
[15.544s][info ][gc,heap        ] GC(77) Old regions: 7->7
[15.544s][info ][gc,heap        ] GC(77) Archive regions: 2->2
[15.544s][info ][gc,heap        ] GC(77) Humongous regions: 0->0
[15.544s][info ][gc,metaspace   ] GC(77) Metaspace: 10391K(10880K)->10391K(10880K) NonClass: 9188K(9472K)->9188K(9472K) Class: 1202K(1408K)->1202K(1408K)
[15.544s][debug][gc,heap        ] GC(77) Heap after GC invocations=78 (full 1): garbage-first heap   total 319488K, used 4338K [0x0000000700000000, 0x0000000800000000)
[15.544s][debug][gc,heap        ] GC(77)   region size 1024K, 1 young (1024K), 1 survivors (1024K)
[15.544s][debug][gc,heap        ] GC(77)  Metaspace       used 10391K, capacity 10712K, committed 10880K, reserved 1058816K
[15.544s][debug][gc,heap        ] GC(77)   class space    used 1202K, capacity 1338K, committed 1408K, reserved 1048576K
[15.544s][info ][gc             ] GC(77) Pause Young (Normal) (G1 Evacuation Pause) 190M->4M(312M) 1.485ms
[15.544s][info ][gc,cpu         ] GC(77) User=0.00s Sys=0.00s Real=0.00s
[15.544s][info ][safepoint      ] Safepoint "G1CollectForAllocation", Time since last: 158449266 ns, Reaching safepoint: 154279 ns, At safepoint: 1669141 ns, Total: 1823420 ns
[15.705s][debug][gc,heap        ] GC(78) Heap before GC invocations=78 (full 1): garbage-first heap   total 319488K, used 194802K [0x0000000700000000, 0x0000000800000000)
[15.705s][debug][gc,heap        ] GC(78)   region size 1024K, 187 young (191488K), 1 survivors (1024K)
[15.705s][debug][gc,heap        ] GC(78)  Metaspace       used 10391K, capacity 10712K, committed 10880K, reserved 1058816K
[15.705s][debug][gc,heap        ] GC(78)   class space    used 1202K, capacity 1338K, committed 1408K, reserved 1048576K
[15.705s][info ][gc,start       ] GC(78) Pause Young (Normal) (G1 Evacuation Pause)
[15.705s][info ][gc,task        ] GC(78) Using 8 workers of 8 for evacuation
[15.705s][debug][gc,tlab        ] GC(78) TLAB totals: thrds: 8  refills: 748 max: 105 slow allocs: 0 max 0 waste:  0.6% gc: 802200B max: 258168B slow: 432800B max: 60920B fast: 0B max: 0B
[15.706s][debug][gc,age         ] GC(78) Desired survivor size 12582912 bytes, new threshold 15 (max threshold 15)
[15.706s][debug][gc,alloc,region] GC(78) Mutator Allocation stats, regions: 186, wasted size: 0B ( 0.0%)
[15.706s][debug][gc,ergo        ] GC(78) Running G1 Merge Heap Roots using 8 workers for 187 regions
[15.706s][debug][gc,remset      ] GC(78) Visited cards 256 Total dirty 2048 (12.50%) Total old 784384 (0.03%)
[15.706s][debug][gc,ergo        ] GC(78) Running G1 Clear Card Table Task using 1 workers for 1 units of work for 188 regions.
[15.706s][debug][gc,ref         ] GC(78) Skipped phase1 of Reference Processing due to unavailable references
[15.706s][debug][gc,ref         ] GC(78) Skipped phase2 of Reference Processing due to unavailable references
[15.706s][debug][gc,ref         ] GC(78) Skipped phase3 of Reference Processing due to unavailable references
[15.706s][debug][gc,ref         ] GC(78) Skipped phase4 of Reference Processing due to unavailable references
[15.706s][debug][gc,ergo        ] GC(78) Running G1 Free Collection Set using 8 workers for collection set length 187 (312)
[15.706s][debug][gc,ergo        ] GC(78) Running G1 Rebuild Free List Task using 8 workers for rebuilding free list of 0 (4096) regions
[15.706s][trace][gc,age         ] GC(78) Age table with threshold 15 (max threshold 15)
[15.706s][trace][gc,age         ] GC(78) - age   1:        504 bytes,        504 total
[15.706s][debug][gc,plab        ] GC(78) Young PLAB allocation: allocated: 10320B, wasted: 0B, unused: 9816B, used: 504B, undo waste: 0B, 
[15.706s][debug][gc,plab        ] GC(78) Young other allocation: region end waste: 0B, regions filled: 1, direct allocated: 0B, failure used: 0B, failure wasted: 0B
[15.706s][debug][gc,plab        ] GC(78) Young sizing: calculated: 96B, actual: 2064B
[15.706s][debug][gc,plab        ] GC(78) Old PLAB allocation: allocated: 0B, wasted: 0B, unused: 0B, used: 0B, undo waste: 0B, 
[15.706s][debug][gc,plab        ] GC(78) Old other allocation: region end waste: 0B, regions filled: 1, direct allocated: 0B, failure used: 0B, failure wasted: 0B
[15.706s][debug][gc,plab        ] GC(78) Old sizing: calculated: 0B, actual: 2064B
[15.706s][debug][gc,ihop        ] GC(78) Basic information (value update), threshold: 147220070B (45.00), target occupancy: 327155712B, current occupancy: 4438680B, recent allocation size: 0B, recent allocation duration: 162.56ms, recent old gen allocation rate: 0.00B/s, recent marking phase length: 0.00ms
[15.706s][debug][gc,ihop        ] GC(78) Adaptive IHOP information (value update), threshold: 147220070B (47.37), internal target occupancy: 310797926B, occupancy: 4438680B, additional buffer size: 196083712B, predicted old gen allocation rate: 16182.14B/s, predicted marking phase length: 0.00ms, prediction active: false
[15.706s][debug][gc,ergo,refine ] GC(78) Concurrent refinement times: Logged Cards Scan time goal: 20.00ms Logged Cards Scan time: 0.00ms HCC time: 0.00ms
[15.706s][debug][gc,ergo,refine ] GC(78) Updated Refinement Zones: green: 2048, yellow: 6144, red: 10240
[15.706s][info ][gc,phases      ] GC(78)   Pre Evacuate Collection Set: 0.2ms
[15.706s][debug][gc,phases      ] GC(78)     Prepare TLABs: 0.0ms
[15.706s][debug][gc,phases      ] GC(78)     Choose Collection Set: 0.0ms
[15.706s][debug][gc,phases      ] GC(78)     Region Register: 0.1ms
[15.706s][debug][gc,phases      ] GC(78)     Prepare Heap Roots: 0.0ms
[15.706s][info ][gc,phases      ] GC(78)   Merge Heap Roots: 0.1ms
[15.706s][debug][gc,phases      ] GC(78)     Prepare Merge Heap Roots: 0.0ms
[15.706s][debug][gc,phases      ] GC(78)     Eager Reclaim (ms):       skipped
[15.706s][debug][gc,phases      ] GC(78)     Remembered Sets (ms):     Min:  0.0, Avg:  0.0, Max:  0.0, Diff:  0.0, Sum:  0.0, Workers: 8
[15.706s][debug][gc,phases      ] GC(78)       Merged Sparse:            Min: 0, Avg:  0.0, Max: 0, Diff: 0, Sum: 0, Workers: 8
[15.706s][debug][gc,phases      ] GC(78)       Merged Fine:              Min: 0, Avg:  0.0, Max: 0, Diff: 0, Sum: 0, Workers: 8
[15.706s][debug][gc,phases      ] GC(78)       Merged Coarse:            Min: 0, Avg:  0.0, Max: 0, Diff: 0, Sum: 0, Workers: 8
[15.706s][debug][gc,phases      ] GC(78)       Dirty Cards:              Min: 0, Avg:  0.0, Max: 0, Diff: 0, Sum: 0, Workers: 8
[15.706s][debug][gc,phases      ] GC(78)     Hot Card Cache (ms):      Min:  0.0, Avg:  0.0, Max:  0.0, Diff:  0.0, Sum:  0.0, Workers: 8
[15.706s][debug][gc,phases      ] GC(78)       Dirty Cards:              Min: 0, Avg:  0.0, Max: 0, Diff: 0, Sum: 0, Workers: 8
[15.706s][debug][gc,phases      ] GC(78)       Skipped Cards:            Min: 0, Avg:  0.0, Max: 0, Diff: 0, Sum: 0, Workers: 8
[15.706s][debug][gc,phases      ] GC(78)     Log Buffers (ms):         Min:  0.0, Avg:  0.0, Max:  0.0, Diff:  0.0, Sum:  0.0, Workers: 8
[15.706s][debug][gc,phases      ] GC(78)       Dirty Cards:              Min: 0, Avg:  0.1, Max: 1, Diff: 1, Sum: 1, Workers: 8
[15.706s][debug][gc,phases      ] GC(78)       Skipped Cards:            Min: 0, Avg:  0.0, Max: 0, Diff: 0, Sum: 0, Workers: 8
[15.706s][info ][gc,phases      ] GC(78)   Evacuate Collection Set: 0.1ms
[15.706s][debug][gc,phases      ] GC(78)     Ext Root Scanning (ms):   Min:  0.0, Avg:  0.0, Max:  0.1, Diff:  0.1, Sum:  0.2, Workers: 8
[15.706s][debug][gc,phases      ] GC(78)     Scan Heap Roots (ms):     Min:  0.0, Avg:  0.0, Max:  0.0, Diff:  0.0, Sum:  0.0, Workers: 8
[15.707s][debug][gc,phases      ] GC(78)       Scanned Cards:            Min: 0, Avg:  0.1, Max: 1, Diff: 1, Sum: 1, Workers: 8
[15.707s][debug][gc,phases      ] GC(78)       Scanned Blocks:           Min: 0, Avg:  0.1, Max: 1, Diff: 1, Sum: 1, Workers: 8
[15.707s][debug][gc,phases      ] GC(78)       Claimed Chunks:           Min: 0, Avg:  0.1, Max: 1, Diff: 1, Sum: 1, Workers: 8
[15.707s][debug][gc,phases      ] GC(78)     Code Root Scan (ms):      Min:  0.0, Avg:  0.0, Max:  0.0, Diff:  0.0, Sum:  0.0, Workers: 8
[15.707s][debug][gc,phases      ] GC(78)     Object Copy (ms):         Min:  0.0, Avg:  0.0, Max:  0.0, Diff:  0.0, Sum:  0.0, Workers: 8
[15.707s][debug][gc,phases      ] GC(78)     Termination (ms):         Min:  0.0, Avg:  0.1, Max:  0.1, Diff:  0.0, Sum:  0.4, Workers: 8
[15.707s][debug][gc,phases      ] GC(78)       Termination Attempts:     Min: 1, Avg:  1.0, Max: 1, Diff: 0, Sum: 8, Workers: 8
[15.707s][debug][gc,phases      ] GC(78)     GC Worker Other (ms):     Min:  0.0, Avg:  0.0, Max:  0.0, Diff:  0.0, Sum:  0.1, Workers: 8
[15.707s][debug][gc,phases      ] GC(78)     GC Worker Total (ms):     Min:  0.1, Avg:  0.1, Max:  0.1, Diff:  0.0, Sum:  0.8, Workers: 8
[15.707s][info ][gc,phases      ] GC(78)   Post Evacuate Collection Set: 0.3ms
[15.707s][debug][gc,phases      ] GC(78)     Code Roots Fixup: 0.0ms
[15.707s][debug][gc,phases      ] GC(78)     Clear Card Table: 0.1ms
[15.707s][debug][gc,phases      ] GC(78)     Reference Processing: 0.0ms
[15.707s][debug][gc,phases,ref  ] GC(78)       Reconsider SoftReferences: 0.0ms
[15.707s][debug][gc,phases,ref  ] GC(78)         SoftRef (ms):             skipped
[15.707s][debug][gc,phases,ref  ] GC(78)       Notify Soft/WeakReferences: 0.0ms
[15.707s][debug][gc,phases,ref  ] GC(78)         SoftRef (ms):             skipped
[15.707s][debug][gc,phases,ref  ] GC(78)         WeakRef (ms):             skipped
[15.707s][debug][gc,phases,ref  ] GC(78)         FinalRef (ms):            skipped
[15.707s][debug][gc,phases,ref  ] GC(78)         Total (ms):               skipped
[15.707s][debug][gc,phases,ref  ] GC(78)       Notify and keep alive finalizable: 0.0ms
[15.707s][debug][gc,phases,ref  ] GC(78)         FinalRef (ms):            skipped
[15.707s][debug][gc,phases,ref  ] GC(78)       Notify PhantomReferences: 0.0ms
[15.707s][debug][gc,phases,ref  ] GC(78)         PhantomRef (ms):          skipped
[15.707s][debug][gc,phases,ref  ] GC(78)       SoftReference:
[15.707s][debug][gc,phases,ref  ] GC(78)         Discovered: 0
[15.707s][debug][gc,phases,ref  ] GC(78)         Cleared: 0
[15.707s][debug][gc,phases,ref  ] GC(78)       WeakReference:
[15.707s][debug][gc,phases,ref  ] GC(78)         Discovered: 0
[15.707s][debug][gc,phases,ref  ] GC(78)         Cleared: 0
[15.707s][debug][gc,phases,ref  ] GC(78)       FinalReference:
[15.707s][debug][gc,phases,ref  ] GC(78)         Discovered: 0
[15.707s][debug][gc,phases,ref  ] GC(78)         Cleared: 0
[15.707s][debug][gc,phases,ref  ] GC(78)       PhantomReference:
[15.707s][debug][gc,phases,ref  ] GC(78)         Discovered: 0
[15.707s][debug][gc,phases,ref  ] GC(78)         Cleared: 0
[15.707s][debug][gc,phases      ] GC(78)     Weak Processing: 0.0ms
[15.707s][debug][gc,phases      ] GC(78)       JVMTI weak processing: 0.0ms
[15.707s][debug][gc,phases      ] GC(78)         Dead: 0
[15.707s][debug][gc,phases      ] GC(78)         Total: 0
[15.707s][debug][gc,phases      ] GC(78)       JFR weak processing: 0.0ms
[15.707s][debug][gc,phases      ] GC(78)         Dead: 0
[15.707s][debug][gc,phases      ] GC(78)         Total: 0
[15.707s][debug][gc,phases      ] GC(78)       JNI weak                  Min:  0.0, Avg:  0.0, Max:  0.0, Diff:  0.0, Sum:  0.0, Workers: 5
[15.707s][debug][gc,phases      ] GC(78)         Dead                      Min: 0, Avg:  0.0, Max: 0, Diff: 0, Sum: 0, Workers: 5
[15.707s][debug][gc,phases      ] GC(78)         Total                     Min: 0, Avg: 12.6, Max: 59, Diff: 59, Sum: 63, Workers: 5
[15.707s][debug][gc,phases      ] GC(78)       VM weak                   Min:  0.0, Avg:  0.0, Max:  0.0, Diff:  0.0, Sum:  0.0, Workers: 5
[15.707s][debug][gc,phases      ] GC(78)         Dead                      Min: 0, Avg:  0.0, Max: 0, Diff: 0, Sum: 0, Workers: 5
[15.707s][debug][gc,phases      ] GC(78)         Total                     Min: 0, Avg: 44.0, Max: 128, Diff: 128, Sum: 220, Workers: 5
[15.707s][debug][gc,phases      ] GC(78)       StringTable weak          Min:  0.0, Avg:  0.0, Max:  0.0, Diff:  0.0, Sum:  0.1, Workers: 5
[15.707s][debug][gc,phases      ] GC(78)         Dead                      Min: 0, Avg:  0.0, Max: 0, Diff: 0, Sum: 0, Workers: 5
[15.707s][debug][gc,phases      ] GC(78)         Total                     Min: 0, Avg: 718.4, Max: 1096, Diff: 1096, Sum: 3592, Workers: 5
[15.707s][debug][gc,phases      ] GC(78)       ResolvedMethodTable weak  Min:  0.0, Avg:  0.0, Max:  0.0, Diff:  0.0, Sum:  0.0, Workers: 5
[15.707s][debug][gc,phases      ] GC(78)         Dead                      Min: 0, Avg:  0.0, Max: 0, Diff: 0, Sum: 0, Workers: 5
[15.707s][debug][gc,phases      ] GC(78)         Total                     Min: 0, Avg: 116.6, Max: 192, Diff: 192, Sum: 583, Workers: 5
[15.707s][debug][gc,phases      ] GC(78)     Merge Per-Thread State: 0.0ms
[15.707s][debug][gc,phases      ] GC(78)       Copied Bytes              Min: 0, Avg: 63.0, Max: 224, Diff: 224, Sum: 504, Workers: 8
[15.707s][debug][gc,phases      ] GC(78)       LAB Waste                 Min: 0, Avg:  0.0, Max: 0, Diff: 0, Sum: 0, Workers: 8
[15.707s][debug][gc,phases      ] GC(78)       LAB Undo Waste            Min: 0, Avg:  0.0, Max: 0, Diff: 0, Sum: 0, Workers: 8
[15.707s][debug][gc,phases      ] GC(78)     Code Roots Purge: 0.0ms
[15.707s][debug][gc,phases      ] GC(78)     Redirty Cards: 0.0ms
[15.707s][debug][gc,phases      ] GC(78)     DerivedPointerTable Update: 0.0ms
[15.707s][debug][gc,phases      ] GC(78)     Free Collection Set: 0.1ms
[15.707s][debug][gc,phases      ] GC(78)     Rebuild Free List: 0.0ms
[15.707s][debug][gc,phases      ] GC(78)     Humongous Reclaim: 0.0ms
[15.707s][debug][gc,phases      ] GC(78)     Start New Collection Set: 0.0ms
[15.707s][debug][gc,phases      ] GC(78)     Resize TLABs: 0.0ms
[15.707s][debug][gc,phases      ] GC(78)     Expand Heap After Collection: 0.0ms
[15.707s][info ][gc,phases      ] GC(78)   Other: 0.2ms
[15.707s][info ][gc,heap        ] GC(78) Eden regions: 186->0(186)
[15.707s][info ][gc,heap        ] GC(78) Survivor regions: 1->1(24)
[15.707s][info ][gc,heap        ] GC(78) Old regions: 7->7
[15.707s][info ][gc,heap        ] GC(78) Archive regions: 2->2
[15.707s][info ][gc,heap        ] GC(78) Humongous regions: 0->0
[15.707s][info ][gc,metaspace   ] GC(78) Metaspace: 10391K(10880K)->10391K(10880K) NonClass: 9188K(9472K)->9188K(9472K) Class: 1202K(1408K)->1202K(1408K)
[15.707s][debug][gc,heap        ] GC(78) Heap after GC invocations=79 (full 1): garbage-first heap   total 319488K, used 4334K [0x0000000700000000, 0x0000000800000000)
[15.707s][debug][gc,heap        ] GC(78)   region size 1024K, 1 young (1024K), 1 survivors (1024K)
[15.707s][debug][gc,heap        ] GC(78)  Metaspace       used 10391K, capacity 10712K, committed 10880K, reserved 1058816K
[15.707s][debug][gc,heap        ] GC(78)   class space    used 1202K, capacity 1338K, committed 1408K, reserved 1048576K
[15.707s][info ][gc             ] GC(78) Pause Young (Normal) (G1 Evacuation Pause) 190M->4M(312M) 1.495ms
[15.707s][info ][gc,cpu         ] GC(78) User=0.00s Sys=0.01s Real=0.01s
[15.707s][info ][safepoint      ] Safepoint "G1CollectForAllocation", Time since last: 161585857 ns, Reaching safepoint: 129284 ns, At safepoint: 1655377 ns, Total: 1784661 ns
[15.867s][debug][gc,heap        ] GC(79) Heap before GC invocations=79 (full 1): garbage-first heap   total 319488K, used 194798K [0x0000000700000000, 0x0000000800000000)
[15.867s][debug][gc,heap        ] GC(79)   region size 1024K, 187 young (191488K), 1 survivors (1024K)
[15.867s][debug][gc,heap        ] GC(79)  Metaspace       used 10391K, capacity 10712K, committed 10880K, reserved 1058816K
[15.867s][debug][gc,heap        ] GC(79)   class space    used 1202K, capacity 1338K, committed 1408K, reserved 1048576K
[15.867s][info ][gc,start       ] GC(79) Pause Young (Normal) (G1 Evacuation Pause)
[15.867s][info ][gc,task        ] GC(79) Using 8 workers of 8 for evacuation
[15.867s][debug][gc,tlab        ] GC(79) TLAB totals: thrds: 8  refills: 745 max: 100 slow allocs: 0 max 0 waste:  1.1% gc: 1695320B max: 380816B slow: 430496B max: 57944B fast: 0B max: 0B
[15.867s][debug][gc,age         ] GC(79) Desired survivor size 12582912 bytes, new threshold 15 (max threshold 15)
[15.867s][debug][gc,alloc,region] GC(79) Mutator Allocation stats, regions: 186, wasted size: 0B ( 0.0%)
[15.867s][debug][gc,ergo        ] GC(79) Running G1 Merge Heap Roots using 8 workers for 187 regions
[15.867s][debug][gc,remset      ] GC(79) Visited cards 256 Total dirty 2048 (12.50%) Total old 784384 (0.03%)
[15.868s][debug][gc,ergo        ] GC(79) Running G1 Clear Card Table Task using 1 workers for 1 units of work for 188 regions.
[15.868s][debug][gc,ref         ] GC(79) Skipped phase1 of Reference Processing due to unavailable references
[15.868s][debug][gc,ref         ] GC(79) Skipped phase2 of Reference Processing due to unavailable references
[15.868s][debug][gc,ref         ] GC(79) Skipped phase3 of Reference Processing due to unavailable references
[15.868s][debug][gc,ref         ] GC(79) Skipped phase4 of Reference Processing due to unavailable references
[15.868s][debug][gc,ergo        ] GC(79) Running G1 Free Collection Set using 8 workers for collection set length 187 (312)
[15.868s][debug][gc,ergo        ] GC(79) Running G1 Rebuild Free List Task using 8 workers for rebuilding free list of 0 (4096) regions
[15.868s][trace][gc,age         ] GC(79) Age table with threshold 15 (max threshold 15)
[15.868s][trace][gc,age         ] GC(79) - age   1:        560 bytes,        560 total
[15.868s][debug][gc,plab        ] GC(79) Young PLAB allocation: allocated: 12384B, wasted: 0B, unused: 11824B, used: 560B, undo waste: 0B, 
[15.868s][debug][gc,plab        ] GC(79) Young other allocation: region end waste: 0B, regions filled: 1, direct allocated: 0B, failure used: 0B, failure wasted: 0B
[15.868s][debug][gc,plab        ] GC(79) Young sizing: calculated: 112B, actual: 2064B
[15.868s][debug][gc,plab        ] GC(79) Old PLAB allocation: allocated: 0B, wasted: 0B, unused: 0B, used: 0B, undo waste: 0B, 
[15.868s][debug][gc,plab        ] GC(79) Old other allocation: region end waste: 0B, regions filled: 1, direct allocated: 0B, failure used: 0B, failure wasted: 0B
[15.868s][debug][gc,plab        ] GC(79) Old sizing: calculated: 0B, actual: 2064B
[15.868s][debug][gc,ihop        ] GC(79) Basic information (value update), threshold: 147220070B (45.00), target occupancy: 327155712B, current occupancy: 4440744B, recent allocation size: 0B, recent allocation duration: 160.92ms, recent old gen allocation rate: 0.00B/s, recent marking phase length: 0.00ms
[15.868s][debug][gc,ihop        ] GC(79) Adaptive IHOP information (value update), threshold: 147220070B (47.37), internal target occupancy: 310797926B, occupancy: 4440744B, additional buffer size: 196083712B, predicted old gen allocation rate: 15675.37B/s, predicted marking phase length: 0.00ms, prediction active: false
[15.868s][debug][gc,ergo,refine ] GC(79) Concurrent refinement times: Logged Cards Scan time goal: 20.00ms Logged Cards Scan time: 0.00ms HCC time: 0.00ms
[15.868s][debug][gc,ergo,refine ] GC(79) Updated Refinement Zones: green: 2048, yellow: 6144, red: 10240
[15.868s][info ][gc,phases      ] GC(79)   Pre Evacuate Collection Set: 0.1ms
[15.868s][debug][gc,phases      ] GC(79)     Prepare TLABs: 0.0ms
[15.868s][debug][gc,phases      ] GC(79)     Choose Collection Set: 0.0ms
[15.868s][debug][gc,phases      ] GC(79)     Region Register: 0.1ms
[15.868s][debug][gc,phases      ] GC(79)     Prepare Heap Roots: 0.0ms
[15.868s][info ][gc,phases      ] GC(79)   Merge Heap Roots: 0.1ms
[15.868s][debug][gc,phases      ] GC(79)     Prepare Merge Heap Roots: 0.0ms
[15.868s][debug][gc,phases      ] GC(79)     Eager Reclaim (ms):       skipped
[15.868s][debug][gc,phases      ] GC(79)     Remembered Sets (ms):     Min:  0.0, Avg:  0.0, Max:  0.0, Diff:  0.0, Sum:  0.0, Workers: 8
[15.868s][debug][gc,phases      ] GC(79)       Merged Sparse:            Min: 0, Avg:  0.0, Max: 0, Diff: 0, Sum: 0, Workers: 8
[15.868s][debug][gc,phases      ] GC(79)       Merged Fine:              Min: 0, Avg:  0.0, Max: 0, Diff: 0, Sum: 0, Workers: 8
[15.868s][debug][gc,phases      ] GC(79)       Merged Coarse:            Min: 0, Avg:  0.0, Max: 0, Diff: 0, Sum: 0, Workers: 8
[15.868s][debug][gc,phases      ] GC(79)       Dirty Cards:              Min: 0, Avg:  0.0, Max: 0, Diff: 0, Sum: 0, Workers: 8
[15.868s][debug][gc,phases      ] GC(79)     Hot Card Cache (ms):      Min:  0.0, Avg:  0.0, Max:  0.0, Diff:  0.0, Sum:  0.0, Workers: 8
[15.868s][debug][gc,phases      ] GC(79)       Dirty Cards:              Min: 0, Avg:  0.0, Max: 0, Diff: 0, Sum: 0, Workers: 8
[15.868s][debug][gc,phases      ] GC(79)       Skipped Cards:            Min: 0, Avg:  0.0, Max: 0, Diff: 0, Sum: 0, Workers: 8
[15.868s][debug][gc,phases      ] GC(79)     Log Buffers (ms):         Min:  0.0, Avg:  0.0, Max:  0.0, Diff:  0.0, Sum:  0.0, Workers: 8
[15.868s][debug][gc,phases      ] GC(79)       Dirty Cards:              Min: 0, Avg:  0.1, Max: 1, Diff: 1, Sum: 1, Workers: 8
[15.868s][debug][gc,phases      ] GC(79)       Skipped Cards:            Min: 0, Avg:  0.0, Max: 0, Diff: 0, Sum: 0, Workers: 8
[15.868s][info ][gc,phases      ] GC(79)   Evacuate Collection Set: 0.1ms
[15.868s][debug][gc,phases      ] GC(79)     Ext Root Scanning (ms):   Min:  0.0, Avg:  0.0, Max:  0.0, Diff:  0.0, Sum:  0.2, Workers: 8
[15.868s][debug][gc,phases      ] GC(79)     Scan Heap Roots (ms):     Min:  0.0, Avg:  0.0, Max:  0.0, Diff:  0.0, Sum:  0.0, Workers: 8
[15.868s][debug][gc,phases      ] GC(79)       Scanned Cards:            Min: 0, Avg:  0.1, Max: 1, Diff: 1, Sum: 1, Workers: 8
[15.868s][debug][gc,phases      ] GC(79)       Scanned Blocks:           Min: 0, Avg:  0.1, Max: 1, Diff: 1, Sum: 1, Workers: 8
[15.868s][debug][gc,phases      ] GC(79)       Claimed Chunks:           Min: 0, Avg:  0.1, Max: 1, Diff: 1, Sum: 1, Workers: 8
[15.868s][debug][gc,phases      ] GC(79)     Code Root Scan (ms):      Min:  0.0, Avg:  0.0, Max:  0.0, Diff:  0.0, Sum:  0.0, Workers: 8
[15.868s][debug][gc,phases      ] GC(79)     Object Copy (ms):         Min:  0.0, Avg:  0.0, Max:  0.0, Diff:  0.0, Sum:  0.0, Workers: 8
[15.868s][debug][gc,phases      ] GC(79)     Termination (ms):         Min:  0.0, Avg:  0.0, Max:  0.1, Diff:  0.0, Sum:  0.4, Workers: 8
[15.868s][debug][gc,phases      ] GC(79)       Termination Attempts:     Min: 1, Avg:  1.0, Max: 1, Diff: 0, Sum: 8, Workers: 8
[15.868s][debug][gc,phases      ] GC(79)     GC Worker Other (ms):     Min:  0.0, Avg:  0.0, Max:  0.0, Diff:  0.0, Sum:  0.1, Workers: 8
[15.868s][debug][gc,phases      ] GC(79)     GC Worker Total (ms):     Min:  0.0, Avg:  0.1, Max:  0.1, Diff:  0.1, Sum:  0.8, Workers: 8
[15.868s][info ][gc,phases      ] GC(79)   Post Evacuate Collection Set: 0.3ms
[15.868s][debug][gc,phases      ] GC(79)     Code Roots Fixup: 0.0ms
[15.868s][debug][gc,phases      ] GC(79)     Clear Card Table: 0.1ms
[15.868s][debug][gc,phases      ] GC(79)     Reference Processing: 0.0ms
[15.868s][debug][gc,phases,ref  ] GC(79)       Reconsider SoftReferences: 0.0ms
[15.868s][debug][gc,phases,ref  ] GC(79)         SoftRef (ms):             skipped
[15.868s][debug][gc,phases,ref  ] GC(79)       Notify Soft/WeakReferences: 0.0ms
[15.868s][debug][gc,phases,ref  ] GC(79)         SoftRef (ms):             skipped
[15.868s][debug][gc,phases,ref  ] GC(79)         WeakRef (ms):             skipped
[15.868s][debug][gc,phases,ref  ] GC(79)         FinalRef (ms):            skipped
[15.868s][debug][gc,phases,ref  ] GC(79)         Total (ms):               skipped
[15.868s][debug][gc,phases,ref  ] GC(79)       Notify and keep alive finalizable: 0.0ms
[15.868s][debug][gc,phases,ref  ] GC(79)         FinalRef (ms):            skipped
[15.868s][debug][gc,phases,ref  ] GC(79)       Notify PhantomReferences: 0.0ms
[15.868s][debug][gc,phases,ref  ] GC(79)         PhantomRef (ms):          skipped
[15.868s][debug][gc,phases,ref  ] GC(79)       SoftReference:
[15.868s][debug][gc,phases,ref  ] GC(79)         Discovered: 0
[15.868s][debug][gc,phases,ref  ] GC(79)         Cleared: 0
[15.868s][debug][gc,phases,ref  ] GC(79)       WeakReference:
[15.868s][debug][gc,phases,ref  ] GC(79)         Discovered: 0
[15.868s][debug][gc,phases,ref  ] GC(79)         Cleared: 0
[15.868s][debug][gc,phases,ref  ] GC(79)       FinalReference:
[15.868s][debug][gc,phases,ref  ] GC(79)         Discovered: 0
[15.868s][debug][gc,phases,ref  ] GC(79)         Cleared: 0
[15.868s][debug][gc,phases,ref  ] GC(79)       PhantomReference:
[15.868s][debug][gc,phases,ref  ] GC(79)         Discovered: 0
[15.868s][debug][gc,phases,ref  ] GC(79)         Cleared: 0
[15.868s][debug][gc,phases      ] GC(79)     Weak Processing: 0.1ms
[15.868s][debug][gc,phases      ] GC(79)       JVMTI weak processing: 0.0ms
[15.868s][debug][gc,phases      ] GC(79)         Dead: 0
[15.868s][debug][gc,phases      ] GC(79)         Total: 0
[15.868s][debug][gc,phases      ] GC(79)       JFR weak processing: 0.0ms
[15.868s][debug][gc,phases      ] GC(79)         Dead: 0
[15.868s][debug][gc,phases      ] GC(79)         Total: 0
[15.868s][debug][gc,phases      ] GC(79)       JNI weak                  Min:  0.0, Avg:  0.0, Max:  0.0, Diff:  0.0, Sum:  0.0, Workers: 5
[15.868s][debug][gc,phases      ] GC(79)         Dead                      Min: 0, Avg:  0.0, Max: 0, Diff: 0, Sum: 0, Workers: 5
[15.868s][debug][gc,phases      ] GC(79)         Total                     Min: 0, Avg: 12.6, Max: 59, Diff: 59, Sum: 63, Workers: 5
[15.868s][debug][gc,phases      ] GC(79)       VM weak                   Min:  0.0, Avg:  0.0, Max:  0.0, Diff:  0.0, Sum:  0.0, Workers: 5
[15.868s][debug][gc,phases      ] GC(79)         Dead                      Min: 0, Avg:  0.0, Max: 0, Diff: 0, Sum: 0, Workers: 5
[15.868s][debug][gc,phases      ] GC(79)         Total                     Min: 0, Avg: 44.0, Max: 128, Diff: 128, Sum: 220, Workers: 5
[15.868s][debug][gc,phases      ] GC(79)       StringTable weak          Min:  0.0, Avg:  0.0, Max:  0.0, Diff:  0.0, Sum:  0.1, Workers: 5
[15.868s][debug][gc,phases      ] GC(79)         Dead                      Min: 0, Avg:  0.0, Max: 0, Diff: 0, Sum: 0, Workers: 5
[15.868s][debug][gc,phases      ] GC(79)         Total                     Min: 0, Avg: 718.4, Max: 1800, Diff: 1800, Sum: 3592, Workers: 5
[15.868s][debug][gc,phases      ] GC(79)       ResolvedMethodTable weak  Min:  0.0, Avg:  0.0, Max:  0.0, Diff:  0.0, Sum:  0.0, Workers: 5
[15.868s][debug][gc,phases      ] GC(79)         Dead                      Min: 0, Avg:  0.0, Max: 0, Diff: 0, Sum: 0, Workers: 5
[15.868s][debug][gc,phases      ] GC(79)         Total                     Min: 0, Avg: 116.6, Max: 320, Diff: 320, Sum: 583, Workers: 5
[15.868s][debug][gc,phases      ] GC(79)     Merge Per-Thread State: 0.0ms
[15.868s][debug][gc,phases      ] GC(79)       Copied Bytes              Min: 0, Avg: 70.0, Max: 200, Diff: 200, Sum: 560, Workers: 8
[15.868s][debug][gc,phases      ] GC(79)       LAB Waste                 Min: 0, Avg:  0.0, Max: 0, Diff: 0, Sum: 0, Workers: 8
[15.868s][debug][gc,phases      ] GC(79)       LAB Undo Waste            Min: 0, Avg:  0.0, Max: 0, Diff: 0, Sum: 0, Workers: 8
[15.868s][debug][gc,phases      ] GC(79)     Code Roots Purge: 0.0ms
[15.868s][debug][gc,phases      ] GC(79)     Redirty Cards: 0.0ms
[15.868s][debug][gc,phases      ] GC(79)     DerivedPointerTable Update: 0.0ms
[15.868s][debug][gc,phases      ] GC(79)     Free Collection Set: 0.1ms
[15.869s][debug][gc,phases      ] GC(79)     Rebuild Free List: 0.0ms
[15.869s][debug][gc,phases      ] GC(79)     Humongous Reclaim: 0.0ms
[15.869s][debug][gc,phases      ] GC(79)     Start New Collection Set: 0.0ms
[15.869s][debug][gc,phases      ] GC(79)     Resize TLABs: 0.0ms
[15.869s][debug][gc,phases      ] GC(79)     Expand Heap After Collection: 0.0ms
[15.869s][info ][gc,phases      ] GC(79)   Other: 0.2ms
[15.869s][info ][gc,heap        ] GC(79) Eden regions: 186->0(186)
[15.869s][info ][gc,heap        ] GC(79) Survivor regions: 1->1(24)
[15.869s][info ][gc,heap        ] GC(79) Old regions: 7->7
[15.869s][info ][gc,heap        ] GC(79) Archive regions: 2->2
[15.869s][info ][gc,heap        ] GC(79) Humongous regions: 0->0
[15.869s][info ][gc,metaspace   ] GC(79) Metaspace: 10391K(10880K)->10391K(10880K) NonClass: 9188K(9472K)->9188K(9472K) Class: 1202K(1408K)->1202K(1408K)
[15.869s][debug][gc,heap        ] GC(79) Heap after GC invocations=80 (full 1): garbage-first heap   total 319488K, used 4336K [0x0000000700000000, 0x0000000800000000)
[15.869s][debug][gc,heap        ] GC(79)   region size 1024K, 1 young (1024K), 1 survivors (1024K)
[15.869s][debug][gc,heap        ] GC(79)  Metaspace       used 10391K, capacity 10712K, committed 10880K, reserved 1058816K
[15.869s][debug][gc,heap        ] GC(79)   class space    used 1202K, capacity 1338K, committed 1408K, reserved 1048576K
[15.869s][info ][gc             ] GC(79) Pause Young (Normal) (G1 Evacuation Pause) 190M->4M(312M) 1.389ms
[15.869s][info ][gc,cpu         ] GC(79) User=0.00s Sys=0.00s Real=0.00s
[15.869s][info ][safepoint      ] Safepoint "G1CollectForAllocation", Time since last: 159894600 ns, Reaching safepoint: 200960 ns, At safepoint: 1551799 ns, Total: 1752759 ns
[16.027s][debug][gc,heap        ] GC(80) Heap before GC invocations=80 (full 1): garbage-first heap   total 319488K, used 194800K [0x0000000700000000, 0x0000000800000000)
[16.027s][debug][gc,heap        ] GC(80)   region size 1024K, 187 young (191488K), 1 survivors (1024K)
[16.027s][debug][gc,heap        ] GC(80)  Metaspace       used 10391K, capacity 10712K, committed 10880K, reserved 1058816K
[16.027s][debug][gc,heap        ] GC(80)   class space    used 1202K, capacity 1338K, committed 1408K, reserved 1048576K
[16.027s][info ][gc,start       ] GC(80) Pause Young (Normal) (G1 Evacuation Pause)
[16.027s][info ][gc,task        ] GC(80) Using 8 workers of 8 for evacuation
[16.027s][debug][gc,tlab        ] GC(80) TLAB totals: thrds: 8  refills: 746 max: 97 slow allocs: 0 max 0 waste:  1.2% gc: 1848576B max: 443648B slow: 431816B max: 56168B fast: 0B max: 0B
[16.028s][debug][gc,age         ] GC(80) Desired survivor size 12582912 bytes, new threshold 15 (max threshold 15)
[16.028s][debug][gc,alloc,region] GC(80) Mutator Allocation stats, regions: 186, wasted size: 0B ( 0.0%)
[16.028s][debug][gc,ergo        ] GC(80) Running G1 Merge Heap Roots using 8 workers for 187 regions
[16.028s][debug][gc,remset      ] GC(80) Visited cards 256 Total dirty 2048 (12.50%) Total old 784384 (0.03%)
[16.028s][debug][gc,ergo        ] GC(80) Running G1 Clear Card Table Task using 1 workers for 1 units of work for 188 regions.
[16.028s][debug][gc,ref         ] GC(80) Skipped phase1 of Reference Processing due to unavailable references
[16.028s][debug][gc,ref         ] GC(80) Skipped phase2 of Reference Processing due to unavailable references
[16.028s][debug][gc,ref         ] GC(80) Skipped phase3 of Reference Processing due to unavailable references
[16.028s][debug][gc,ref         ] GC(80) Skipped phase4 of Reference Processing due to unavailable references
[16.028s][debug][gc,ergo        ] GC(80) Running G1 Free Collection Set using 8 workers for collection set length 187 (312)
[16.028s][debug][gc,ergo        ] GC(80) Running G1 Rebuild Free List Task using 8 workers for rebuilding free list of 0 (4096) regions
[16.028s][trace][gc,age         ] GC(80) Age table with threshold 15 (max threshold 15)
[16.028s][trace][gc,age         ] GC(80) - age   1:        736 bytes,        736 total
[16.028s][debug][gc,plab        ] GC(80) Young PLAB allocation: allocated: 14448B, wasted: 0B, unused: 13712B, used: 736B, undo waste: 0B, 
[16.028s][debug][gc,plab        ] GC(80) Young other allocation: region end waste: 0B, regions filled: 1, direct allocated: 0B, failure used: 0B, failure wasted: 0B
[16.028s][debug][gc,plab        ] GC(80) Young sizing: calculated: 144B, actual: 2064B
[16.028s][debug][gc,plab        ] GC(80) Old PLAB allocation: allocated: 0B, wasted: 0B, unused: 0B, used: 0B, undo waste: 0B, 
[16.028s][debug][gc,plab        ] GC(80) Old other allocation: region end waste: 0B, regions filled: 1, direct allocated: 0B, failure used: 0B, failure wasted: 0B
[16.028s][debug][gc,plab        ] GC(80) Old sizing: calculated: 0B, actual: 2064B
[16.028s][debug][gc,ihop        ] GC(80) Basic information (value update), threshold: 147220070B (45.00), target occupancy: 327155712B, current occupancy: 4442808B, recent allocation size: 0B, recent allocation duration: 159.55ms, recent old gen allocation rate: 0.00B/s, recent marking phase length: 0.00ms
[16.028s][debug][gc,ihop        ] GC(80) Adaptive IHOP information (value update), threshold: 147220070B (47.37), internal target occupancy: 310797926B, occupancy: 4442808B, additional buffer size: 196083712B, predicted old gen allocation rate: 15186.06B/s, predicted marking phase length: 0.00ms, prediction active: false
[16.028s][debug][gc,ergo,refine ] GC(80) Concurrent refinement times: Logged Cards Scan time goal: 20.00ms Logged Cards Scan time: 0.00ms HCC time: 0.00ms
[16.028s][debug][gc,ergo,refine ] GC(80) Updated Refinement Zones: green: 2048, yellow: 6144, red: 10240
[16.028s][info ][gc,phases      ] GC(80)   Pre Evacuate Collection Set: 0.1ms
[16.028s][debug][gc,phases      ] GC(80)     Prepare TLABs: 0.0ms
[16.028s][debug][gc,phases      ] GC(80)     Choose Collection Set: 0.0ms
[16.028s][debug][gc,phases      ] GC(80)     Region Register: 0.1ms
[16.028s][debug][gc,phases      ] GC(80)     Prepare Heap Roots: 0.0ms
[16.028s][info ][gc,phases      ] GC(80)   Merge Heap Roots: 0.1ms
[16.028s][debug][gc,phases      ] GC(80)     Prepare Merge Heap Roots: 0.0ms
[16.028s][debug][gc,phases      ] GC(80)     Eager Reclaim (ms):       skipped
[16.028s][debug][gc,phases      ] GC(80)     Remembered Sets (ms):     Min:  0.0, Avg:  0.0, Max:  0.0, Diff:  0.0, Sum:  0.1, Workers: 8
[16.028s][debug][gc,phases      ] GC(80)       Merged Sparse:            Min: 0, Avg:  0.0, Max: 0, Diff: 0, Sum: 0, Workers: 8
[16.028s][debug][gc,phases      ] GC(80)       Merged Fine:              Min: 0, Avg:  0.0, Max: 0, Diff: 0, Sum: 0, Workers: 8
[16.028s][debug][gc,phases      ] GC(80)       Merged Coarse:            Min: 0, Avg:  0.0, Max: 0, Diff: 0, Sum: 0, Workers: 8
[16.029s][debug][gc,phases      ] GC(80)       Dirty Cards:              Min: 0, Avg:  0.0, Max: 0, Diff: 0, Sum: 0, Workers: 8
[16.029s][debug][gc,phases      ] GC(80)     Hot Card Cache (ms):      Min:  0.0, Avg:  0.0, Max:  0.0, Diff:  0.0, Sum:  0.0, Workers: 8
[16.029s][debug][gc,phases      ] GC(80)       Dirty Cards:              Min: 0, Avg:  0.0, Max: 0, Diff: 0, Sum: 0, Workers: 8
[16.029s][debug][gc,phases      ] GC(80)       Skipped Cards:            Min: 0, Avg:  0.0, Max: 0, Diff: 0, Sum: 0, Workers: 8
[16.029s][debug][gc,phases      ] GC(80)     Log Buffers (ms):         Min:  0.0, Avg:  0.0, Max:  0.0, Diff:  0.0, Sum:  0.0, Workers: 8
[16.029s][debug][gc,phases      ] GC(80)       Dirty Cards:              Min: 0, Avg:  0.1, Max: 1, Diff: 1, Sum: 1, Workers: 8
[16.029s][debug][gc,phases      ] GC(80)       Skipped Cards:            Min: 0, Avg:  0.0, Max: 0, Diff: 0, Sum: 0, Workers: 8
[16.029s][info ][gc,phases      ] GC(80)   Evacuate Collection Set: 0.1ms
[16.029s][debug][gc,phases      ] GC(80)     Ext Root Scanning (ms):   Min:  0.0, Avg:  0.0, Max:  0.1, Diff:  0.0, Sum:  0.2, Workers: 8
[16.029s][debug][gc,phases      ] GC(80)     Scan Heap Roots (ms):     Min:  0.0, Avg:  0.0, Max:  0.0, Diff:  0.0, Sum:  0.0, Workers: 8
[16.029s][debug][gc,phases      ] GC(80)       Scanned Cards:            Min: 0, Avg:  0.1, Max: 1, Diff: 1, Sum: 1, Workers: 8
[16.029s][debug][gc,phases      ] GC(80)       Scanned Blocks:           Min: 0, Avg:  0.1, Max: 1, Diff: 1, Sum: 1, Workers: 8
[16.029s][debug][gc,phases      ] GC(80)       Claimed Chunks:           Min: 0, Avg:  0.1, Max: 1, Diff: 1, Sum: 1, Workers: 8
[16.029s][debug][gc,phases      ] GC(80)     Code Root Scan (ms):      Min:  0.0, Avg:  0.0, Max:  0.0, Diff:  0.0, Sum:  0.0, Workers: 8
[16.029s][debug][gc,phases      ] GC(80)     Object Copy (ms):         Min:  0.0, Avg:  0.0, Max:  0.0, Diff:  0.0, Sum:  0.0, Workers: 8
[16.029s][debug][gc,phases      ] GC(80)     Termination (ms):         Min:  0.0, Avg:  0.1, Max:  0.1, Diff:  0.0, Sum:  0.5, Workers: 8
[16.029s][debug][gc,phases      ] GC(80)       Termination Attempts:     Min: 1, Avg:  1.0, Max: 1, Diff: 0, Sum: 8, Workers: 8
[16.029s][debug][gc,phases      ] GC(80)     GC Worker Other (ms):     Min:  0.0, Avg:  0.0, Max:  0.0, Diff:  0.0, Sum:  0.1, Workers: 8
[16.029s][debug][gc,phases      ] GC(80)     GC Worker Total (ms):     Min:  0.1, Avg:  0.1, Max:  0.1, Diff:  0.0, Sum:  0.9, Workers: 8
[16.029s][info ][gc,phases      ] GC(80)   Post Evacuate Collection Set: 0.4ms
[16.029s][debug][gc,phases      ] GC(80)     Code Roots Fixup: 0.0ms
[16.029s][debug][gc,phases      ] GC(80)     Clear Card Table: 0.1ms
[16.029s][debug][gc,phases      ] GC(80)     Reference Processing: 0.1ms
[16.029s][debug][gc,phases,ref  ] GC(80)       Reconsider SoftReferences: 0.0ms
[16.029s][debug][gc,phases,ref  ] GC(80)         SoftRef (ms):             skipped
[16.029s][debug][gc,phases,ref  ] GC(80)       Notify Soft/WeakReferences: 0.0ms
[16.029s][debug][gc,phases,ref  ] GC(80)         SoftRef (ms):             skipped
[16.029s][debug][gc,phases,ref  ] GC(80)         WeakRef (ms):             skipped
[16.029s][debug][gc,phases,ref  ] GC(80)         FinalRef (ms):            skipped
[16.029s][debug][gc,phases,ref  ] GC(80)         Total (ms):               skipped
[16.029s][debug][gc,phases,ref  ] GC(80)       Notify and keep alive finalizable: 0.0ms
[16.029s][debug][gc,phases,ref  ] GC(80)         FinalRef (ms):            skipped
[16.029s][debug][gc,phases,ref  ] GC(80)       Notify PhantomReferences: 0.0ms
[16.029s][debug][gc,phases,ref  ] GC(80)         PhantomRef (ms):          skipped
[16.029s][debug][gc,phases,ref  ] GC(80)       SoftReference:
[16.029s][debug][gc,phases,ref  ] GC(80)         Discovered: 0
[16.029s][debug][gc,phases,ref  ] GC(80)         Cleared: 0
[16.029s][debug][gc,phases,ref  ] GC(80)       WeakReference:
[16.029s][debug][gc,phases,ref  ] GC(80)         Discovered: 0
[16.029s][debug][gc,phases,ref  ] GC(80)         Cleared: 0
[16.029s][debug][gc,phases,ref  ] GC(80)       FinalReference:
[16.029s][debug][gc,phases,ref  ] GC(80)         Discovered: 0
[16.029s][debug][gc,phases,ref  ] GC(80)         Cleared: 0
[16.029s][debug][gc,phases,ref  ] GC(80)       PhantomReference:
[16.029s][debug][gc,phases,ref  ] GC(80)         Discovered: 0
[16.029s][debug][gc,phases,ref  ] GC(80)         Cleared: 0
[16.029s][debug][gc,phases      ] GC(80)     Weak Processing: 0.0ms
[16.029s][debug][gc,phases      ] GC(80)       JVMTI weak processing: 0.0ms
[16.029s][debug][gc,phases      ] GC(80)         Dead: 0
[16.029s][debug][gc,phases      ] GC(80)         Total: 0
[16.029s][debug][gc,phases      ] GC(80)       JFR weak processing: 0.0ms
[16.029s][debug][gc,phases      ] GC(80)         Dead: 0
[16.029s][debug][gc,phases      ] GC(80)         Total: 0
[16.029s][debug][gc,phases      ] GC(80)       JNI weak                  Min:  0.0, Avg:  0.0, Max:  0.0, Diff:  0.0, Sum:  0.0, Workers: 5
[16.029s][debug][gc,phases      ] GC(80)         Dead                      Min: 0, Avg:  0.0, Max: 0, Diff: 0, Sum: 0, Workers: 5
[16.029s][debug][gc,phases      ] GC(80)         Total                     Min: 0, Avg: 12.6, Max: 59, Diff: 59, Sum: 63, Workers: 5
[16.029s][debug][gc,phases      ] GC(80)       VM weak                   Min:  0.0, Avg:  0.0, Max:  0.0, Diff:  0.0, Sum:  0.0, Workers: 5
[16.029s][debug][gc,phases      ] GC(80)         Dead                      Min: 0, Avg:  0.0, Max: 0, Diff: 0, Sum: 0, Workers: 5
[16.029s][debug][gc,phases      ] GC(80)         Total                     Min: 0, Avg: 44.0, Max: 64, Diff: 64, Sum: 220, Workers: 5
[16.029s][debug][gc,phases      ] GC(80)       StringTable weak          Min:  0.0, Avg:  0.0, Max:  0.0, Diff:  0.0, Sum:  0.1, Workers: 5
[16.029s][debug][gc,phases      ] GC(80)         Dead                      Min: 0, Avg:  0.0, Max: 0, Diff: 0, Sum: 0, Workers: 5
[16.029s][debug][gc,phases      ] GC(80)         Total                     Min: 640, Avg: 718.4, Max: 896, Diff: 256, Sum: 3592, Workers: 5
[16.029s][debug][gc,phases      ] GC(80)       ResolvedMethodTable weak  Min:  0.0, Avg:  0.0, Max:  0.0, Diff:  0.0, Sum:  0.0, Workers: 5
[16.029s][debug][gc,phases      ] GC(80)         Dead                      Min: 0, Avg:  0.0, Max: 0, Diff: 0, Sum: 0, Workers: 5
[16.029s][debug][gc,phases      ] GC(80)         Total                     Min: 64, Avg: 116.6, Max: 192, Diff: 128, Sum: 583, Workers: 5
[16.029s][debug][gc,phases      ] GC(80)     Merge Per-Thread State: 0.0ms
[16.029s][debug][gc,phases      ] GC(80)       Copied Bytes              Min: 0, Avg: 92.0, Max: 280, Diff: 280, Sum: 736, Workers: 8
[16.029s][debug][gc,phases      ] GC(80)       LAB Waste                 Min: 0, Avg:  0.0, Max: 0, Diff: 0, Sum: 0, Workers: 8
[16.029s][debug][gc,phases      ] GC(80)       LAB Undo Waste            Min: 0, Avg:  0.0, Max: 0, Diff: 0, Sum: 0, Workers: 8
[16.029s][debug][gc,phases      ] GC(80)     Code Roots Purge: 0.0ms
[16.029s][debug][gc,phases      ] GC(80)     Redirty Cards: 0.1ms
[16.029s][debug][gc,phases      ] GC(80)     DerivedPointerTable Update: 0.0ms
[16.029s][debug][gc,phases      ] GC(80)     Free Collection Set: 0.1ms
[16.029s][debug][gc,phases      ] GC(80)     Rebuild Free List: 0.0ms
[16.029s][debug][gc,phases      ] GC(80)     Humongous Reclaim: 0.0ms
[16.029s][debug][gc,phases      ] GC(80)     Start New Collection Set: 0.0ms
[16.029s][debug][gc,phases      ] GC(80)     Resize TLABs: 0.0ms
[16.029s][debug][gc,phases      ] GC(80)     Expand Heap After Collection: 0.0ms
[16.029s][info ][gc,phases      ] GC(80)   Other: 0.3ms
[16.029s][info ][gc,heap        ] GC(80) Eden regions: 186->0(186)
[16.029s][info ][gc,heap        ] GC(80) Survivor regions: 1->1(24)
[16.029s][info ][gc,heap        ] GC(80) Old regions: 7->7
[16.029s][info ][gc,heap        ] GC(80) Archive regions: 2->2
[16.029s][info ][gc,heap        ] GC(80) Humongous regions: 0->0
[16.029s][info ][gc,metaspace   ] GC(80) Metaspace: 10391K(10880K)->10391K(10880K) NonClass: 9188K(9472K)->9188K(9472K) Class: 1202K(1408K)->1202K(1408K)
[16.029s][debug][gc,heap        ] GC(80) Heap after GC invocations=81 (full 1): garbage-first heap   total 319488K, used 4338K [0x0000000700000000, 0x0000000800000000)
[16.029s][debug][gc,heap        ] GC(80)   region size 1024K, 1 young (1024K), 1 survivors (1024K)
[16.029s][debug][gc,heap        ] GC(80)  Metaspace       used 10391K, capacity 10712K, committed 10880K, reserved 1058816K
[16.029s][debug][gc,heap        ] GC(80)   class space    used 1202K, capacity 1338K, committed 1408K, reserved 1048576K
[16.029s][info ][gc             ] GC(80) Pause Young (Normal) (G1 Evacuation Pause) 190M->4M(312M) 1.847ms
[16.029s][info ][gc,cpu         ] GC(80) User=0.01s Sys=0.00s Real=0.00s
[16.029s][info ][safepoint      ] Safepoint "G1CollectForAllocation", Time since last: 158584845 ns, Reaching safepoint: 104363 ns, At safepoint: 2063519 ns, Total: 2167882 ns
[16.183s][debug][gc,heap        ] GC(81) Heap before GC invocations=81 (full 1): garbage-first heap   total 319488K, used 194802K [0x0000000700000000, 0x0000000800000000)
[16.183s][debug][gc,heap        ] GC(81)   region size 1024K, 187 young (191488K), 1 survivors (1024K)
[16.183s][debug][gc,heap        ] GC(81)  Metaspace       used 10391K, capacity 10712K, committed 10880K, reserved 1058816K
[16.183s][debug][gc,heap        ] GC(81)   class space    used 1202K, capacity 1338K, committed 1408K, reserved 1048576K
[16.183s][info ][gc,start       ] GC(81) Pause Young (Normal) (G1 Evacuation Pause)
[16.183s][info ][gc,task        ] GC(81) Using 8 workers of 8 for evacuation
[16.183s][debug][gc,tlab        ] GC(81) TLAB totals: thrds: 8  refills: 747 max: 99 slow allocs: 0 max 0 waste:  0.8% gc: 1037936B max: 345760B slow: 431616B max: 57248B fast: 0B max: 0B
[16.183s][debug][gc,age         ] GC(81) Desired survivor size 12582912 bytes, new threshold 15 (max threshold 15)
[16.183s][debug][gc,alloc,region] GC(81) Mutator Allocation stats, regions: 186, wasted size: 1600B ( 0.0%)
[16.183s][debug][gc,ergo        ] GC(81) Running G1 Merge Heap Roots using 8 workers for 187 regions
[16.183s][debug][gc,remset      ] GC(81) Visited cards 256 Total dirty 2048 (12.50%) Total old 784384 (0.03%)
[16.184s][debug][gc,ergo        ] GC(81) Running G1 Clear Card Table Task using 1 workers for 1 units of work for 188 regions.
[16.184s][debug][gc,ref         ] GC(81) Skipped phase1 of Reference Processing due to unavailable references
[16.184s][debug][gc,ref         ] GC(81) Skipped phase2 of Reference Processing due to unavailable references
[16.184s][debug][gc,ref         ] GC(81) Skipped phase3 of Reference Processing due to unavailable references
[16.184s][debug][gc,ref         ] GC(81) Skipped phase4 of Reference Processing due to unavailable references
[16.184s][debug][gc,ergo        ] GC(81) Running G1 Free Collection Set using 8 workers for collection set length 187 (312)
[16.184s][debug][gc,ergo        ] GC(81) Running G1 Rebuild Free List Task using 8 workers for rebuilding free list of 0 (4096) regions
[16.184s][trace][gc,age         ] GC(81) Age table with threshold 15 (max threshold 15)
[16.184s][trace][gc,age         ] GC(81) - age   1:        520 bytes,        520 total
[16.184s][debug][gc,plab        ] GC(81) Young PLAB allocation: allocated: 14448B, wasted: 0B, unused: 13928B, used: 520B, undo waste: 0B, 
[16.184s][debug][gc,plab        ] GC(81) Young other allocation: region end waste: 0B, regions filled: 1, direct allocated: 0B, failure used: 0B, failure wasted: 0B
[16.184s][debug][gc,plab        ] GC(81) Young sizing: calculated: 104B, actual: 2064B
[16.184s][debug][gc,plab        ] GC(81) Old PLAB allocation: allocated: 0B, wasted: 0B, unused: 0B, used: 0B, undo waste: 0B, 
[16.184s][debug][gc,plab        ] GC(81) Old other allocation: region end waste: 0B, regions filled: 1, direct allocated: 0B, failure used: 0B, failure wasted: 0B
[16.184s][debug][gc,plab        ] GC(81) Old sizing: calculated: 0B, actual: 2064B
[16.184s][debug][gc,ihop        ] GC(81) Basic information (value update), threshold: 147220070B (45.00), target occupancy: 327155712B, current occupancy: 4442808B, recent allocation size: 0B, recent allocation duration: 154.80ms, recent old gen allocation rate: 0.00B/s, recent marking phase length: 0.00ms
[16.184s][debug][gc,ihop        ] GC(81) Adaptive IHOP information (value update), threshold: 147220070B (47.37), internal target occupancy: 310797926B, occupancy: 4442808B, additional buffer size: 196083712B, predicted old gen allocation rate: 14713.56B/s, predicted marking phase length: 0.00ms, prediction active: false
[16.184s][debug][gc,ergo,refine ] GC(81) Concurrent refinement times: Logged Cards Scan time goal: 20.00ms Logged Cards Scan time: 0.00ms HCC time: 0.00ms
[16.184s][debug][gc,ergo,refine ] GC(81) Updated Refinement Zones: green: 2048, yellow: 6144, red: 10240
[16.184s][info ][gc,phases      ] GC(81)   Pre Evacuate Collection Set: 0.1ms
[16.184s][debug][gc,phases      ] GC(81)     Prepare TLABs: 0.0ms
[16.184s][debug][gc,phases      ] GC(81)     Choose Collection Set: 0.0ms
[16.184s][debug][gc,phases      ] GC(81)     Region Register: 0.1ms
[16.184s][debug][gc,phases      ] GC(81)     Prepare Heap Roots: 0.0ms
[16.184s][info ][gc,phases      ] GC(81)   Merge Heap Roots: 0.1ms
[16.184s][debug][gc,phases      ] GC(81)     Prepare Merge Heap Roots: 0.0ms
[16.184s][debug][gc,phases      ] GC(81)     Eager Reclaim (ms):       skipped
[16.184s][debug][gc,phases      ] GC(81)     Remembered Sets (ms):     Min:  0.0, Avg:  0.0, Max:  0.0, Diff:  0.0, Sum:  0.0, Workers: 8
[16.184s][debug][gc,phases      ] GC(81)       Merged Sparse:            Min: 0, Avg:  0.0, Max: 0, Diff: 0, Sum: 0, Workers: 8
[16.184s][debug][gc,phases      ] GC(81)       Merged Fine:              Min: 0, Avg:  0.0, Max: 0, Diff: 0, Sum: 0, Workers: 8
[16.184s][debug][gc,phases      ] GC(81)       Merged Coarse:            Min: 0, Avg:  0.0, Max: 0, Diff: 0, Sum: 0, Workers: 8
[16.184s][debug][gc,phases      ] GC(81)       Dirty Cards:              Min: 0, Avg:  0.0, Max: 0, Diff: 0, Sum: 0, Workers: 8
[16.184s][debug][gc,phases      ] GC(81)     Hot Card Cache (ms):      Min:  0.0, Avg:  0.0, Max:  0.0, Diff:  0.0, Sum:  0.0, Workers: 8
[16.184s][debug][gc,phases      ] GC(81)       Dirty Cards:              Min: 0, Avg:  0.0, Max: 0, Diff: 0, Sum: 0, Workers: 8
[16.184s][debug][gc,phases      ] GC(81)       Skipped Cards:            Min: 0, Avg:  0.0, Max: 0, Diff: 0, Sum: 0, Workers: 8
[16.184s][debug][gc,phases      ] GC(81)     Log Buffers (ms):         Min:  0.0, Avg:  0.0, Max:  0.0, Diff:  0.0, Sum:  0.0, Workers: 8
[16.184s][debug][gc,phases      ] GC(81)       Dirty Cards:              Min: 0, Avg:  0.1, Max: 1, Diff: 1, Sum: 1, Workers: 8
[16.184s][debug][gc,phases      ] GC(81)       Skipped Cards:            Min: 0, Avg:  0.0, Max: 0, Diff: 0, Sum: 0, Workers: 8
[16.184s][info ][gc,phases      ] GC(81)   Evacuate Collection Set: 0.2ms
[16.184s][debug][gc,phases      ] GC(81)     Ext Root Scanning (ms):   Min:  0.0, Avg:  0.0, Max:  0.1, Diff:  0.1, Sum:  0.2, Workers: 8
[16.184s][debug][gc,phases      ] GC(81)     Scan Heap Roots (ms):     Min:  0.0, Avg:  0.0, Max:  0.0, Diff:  0.0, Sum:  0.0, Workers: 8
[16.184s][debug][gc,phases      ] GC(81)       Scanned Cards:            Min: 0, Avg:  0.1, Max: 1, Diff: 1, Sum: 1, Workers: 8
[16.184s][debug][gc,phases      ] GC(81)       Scanned Blocks:           Min: 0, Avg:  0.1, Max: 1, Diff: 1, Sum: 1, Workers: 8
[16.184s][debug][gc,phases      ] GC(81)       Claimed Chunks:           Min: 0, Avg:  0.1, Max: 1, Diff: 1, Sum: 1, Workers: 8
[16.184s][debug][gc,phases      ] GC(81)     Code Root Scan (ms):      Min:  0.0, Avg:  0.0, Max:  0.0, Diff:  0.0, Sum:  0.0, Workers: 8
[16.184s][debug][gc,phases      ] GC(81)     Object Copy (ms):         Min:  0.0, Avg:  0.0, Max:  0.0, Diff:  0.0, Sum:  0.0, Workers: 8
[16.184s][debug][gc,phases      ] GC(81)     Termination (ms):         Min:  0.1, Avg:  0.1, Max:  0.1, Diff:  0.0, Sum:  0.5, Workers: 8
[16.184s][debug][gc,phases      ] GC(81)       Termination Attempts:     Min: 1, Avg:  1.0, Max: 1, Diff: 0, Sum: 8, Workers: 8
[16.184s][debug][gc,phases      ] GC(81)     GC Worker Other (ms):     Min:  0.0, Avg:  0.0, Max:  0.0, Diff:  0.0, Sum:  0.1, Workers: 8
[16.184s][debug][gc,phases      ] GC(81)     GC Worker Total (ms):     Min:  0.1, Avg:  0.1, Max:  0.1, Diff:  0.1, Sum:  0.9, Workers: 8
[16.184s][info ][gc,phases      ] GC(81)   Post Evacuate Collection Set: 0.4ms
[16.184s][debug][gc,phases      ] GC(81)     Code Roots Fixup: 0.0ms
[16.184s][debug][gc,phases      ] GC(81)     Clear Card Table: 0.1ms
[16.184s][debug][gc,phases      ] GC(81)     Reference Processing: 0.0ms
[16.184s][debug][gc,phases,ref  ] GC(81)       Reconsider SoftReferences: 0.0ms
[16.184s][debug][gc,phases,ref  ] GC(81)         SoftRef (ms):             skipped
[16.184s][debug][gc,phases,ref  ] GC(81)       Notify Soft/WeakReferences: 0.0ms
[16.184s][debug][gc,phases,ref  ] GC(81)         SoftRef (ms):             skipped
[16.184s][debug][gc,phases,ref  ] GC(81)         WeakRef (ms):             skipped
[16.184s][debug][gc,phases,ref  ] GC(81)         FinalRef (ms):            skipped
[16.184s][debug][gc,phases,ref  ] GC(81)         Total (ms):               skipped
[16.184s][debug][gc,phases,ref  ] GC(81)       Notify and keep alive finalizable: 0.0ms
[16.184s][debug][gc,phases,ref  ] GC(81)         FinalRef (ms):            skipped
[16.184s][debug][gc,phases,ref  ] GC(81)       Notify PhantomReferences: 0.0ms
[16.184s][debug][gc,phases,ref  ] GC(81)         PhantomRef (ms):          skipped
[16.184s][debug][gc,phases,ref  ] GC(81)       SoftReference:
[16.184s][debug][gc,phases,ref  ] GC(81)         Discovered: 0
[16.184s][debug][gc,phases,ref  ] GC(81)         Cleared: 0
[16.184s][debug][gc,phases,ref  ] GC(81)       WeakReference:
[16.184s][debug][gc,phases,ref  ] GC(81)         Discovered: 0
[16.184s][debug][gc,phases,ref  ] GC(81)         Cleared: 0
[16.184s][debug][gc,phases,ref  ] GC(81)       FinalReference:
[16.184s][debug][gc,phases,ref  ] GC(81)         Discovered: 0
[16.184s][debug][gc,phases,ref  ] GC(81)         Cleared: 0
[16.184s][debug][gc,phases,ref  ] GC(81)       PhantomReference:
[16.184s][debug][gc,phases,ref  ] GC(81)         Discovered: 0
[16.184s][debug][gc,phases,ref  ] GC(81)         Cleared: 0
[16.184s][debug][gc,phases      ] GC(81)     Weak Processing: 0.1ms
[16.184s][debug][gc,phases      ] GC(81)       JVMTI weak processing: 0.0ms
[16.184s][debug][gc,phases      ] GC(81)         Dead: 0
[16.184s][debug][gc,phases      ] GC(81)         Total: 0
[16.184s][debug][gc,phases      ] GC(81)       JFR weak processing: 0.0ms
[16.184s][debug][gc,phases      ] GC(81)         Dead: 0
[16.184s][debug][gc,phases      ] GC(81)         Total: 0
[16.184s][debug][gc,phases      ] GC(81)       JNI weak                  Min:  0.0, Avg:  0.0, Max:  0.0, Diff:  0.0, Sum:  0.1, Workers: 5
[16.184s][debug][gc,phases      ] GC(81)         Dead                      Min: 0, Avg:  0.0, Max: 0, Diff: 0, Sum: 0, Workers: 5
[16.184s][debug][gc,phases      ] GC(81)         Total                     Min: 0, Avg: 12.6, Max: 63, Diff: 63, Sum: 63, Workers: 5
[16.184s][debug][gc,phases      ] GC(81)       VM weak                   Min:  0.0, Avg:  0.0, Max:  0.0, Diff:  0.0, Sum:  0.0, Workers: 5
[16.184s][debug][gc,phases      ] GC(81)         Dead                      Min: 0, Avg:  0.0, Max: 0, Diff: 0, Sum: 0, Workers: 5
[16.184s][debug][gc,phases      ] GC(81)         Total                     Min: 0, Avg: 44.0, Max: 220, Diff: 220, Sum: 220, Workers: 5
[16.184s][debug][gc,phases      ] GC(81)       StringTable weak          Min:  0.0, Avg:  0.0, Max:  0.1, Diff:  0.1, Sum:  0.1, Workers: 5
[16.184s][debug][gc,phases      ] GC(81)         Dead                      Min: 0, Avg:  0.0, Max: 0, Diff: 0, Sum: 0, Workers: 5
[16.184s][debug][gc,phases      ] GC(81)         Total                     Min: 0, Avg: 718.4, Max: 2568, Diff: 2568, Sum: 3592, Workers: 5
[16.184s][debug][gc,phases      ] GC(81)       ResolvedMethodTable weak  Min:  0.0, Avg:  0.0, Max:  0.0, Diff:  0.0, Sum:  0.0, Workers: 5
[16.184s][debug][gc,phases      ] GC(81)         Dead                      Min: 0, Avg:  0.0, Max: 0, Diff: 0, Sum: 0, Workers: 5
[16.185s][debug][gc,phases      ] GC(81)         Total                     Min: 0, Avg: 116.6, Max: 199, Diff: 199, Sum: 583, Workers: 5
[16.185s][debug][gc,phases      ] GC(81)     Merge Per-Thread State: 0.0ms
[16.185s][debug][gc,phases      ] GC(81)       Copied Bytes              Min: 0, Avg: 65.0, Max: 152, Diff: 152, Sum: 520, Workers: 8
[16.185s][debug][gc,phases      ] GC(81)       LAB Waste                 Min: 0, Avg:  0.0, Max: 0, Diff: 0, Sum: 0, Workers: 8
[16.185s][debug][gc,phases      ] GC(81)       LAB Undo Waste            Min: 0, Avg:  0.0, Max: 0, Diff: 0, Sum: 0, Workers: 8
[16.185s][debug][gc,phases      ] GC(81)     Code Roots Purge: 0.0ms
[16.185s][debug][gc,phases      ] GC(81)     Redirty Cards: 0.0ms
[16.185s][debug][gc,phases      ] GC(81)     DerivedPointerTable Update: 0.0ms
[16.185s][debug][gc,phases      ] GC(81)     Free Collection Set: 0.1ms
[16.185s][debug][gc,phases      ] GC(81)     Rebuild Free List: 0.0ms
[16.185s][debug][gc,phases      ] GC(81)     Humongous Reclaim: 0.0ms
[16.185s][debug][gc,phases      ] GC(81)     Start New Collection Set: 0.0ms
[16.185s][debug][gc,phases      ] GC(81)     Resize TLABs: 0.0ms
[16.185s][debug][gc,phases      ] GC(81)     Expand Heap After Collection: 0.0ms
[16.185s][info ][gc,phases      ] GC(81)   Other: 0.3ms
[16.185s][info ][gc,heap        ] GC(81) Eden regions: 186->0(186)
[16.185s][info ][gc,heap        ] GC(81) Survivor regions: 1->1(24)
[16.185s][info ][gc,heap        ] GC(81) Old regions: 7->7
[16.185s][info ][gc,heap        ] GC(81) Archive regions: 2->2
[16.185s][info ][gc,heap        ] GC(81) Humongous regions: 0->0
[16.185s][info ][gc,metaspace   ] GC(81) Metaspace: 10391K(10880K)->10391K(10880K) NonClass: 9188K(9472K)->9188K(9472K) Class: 1202K(1408K)->1202K(1408K)
[16.185s][debug][gc,heap        ] GC(81) Heap after GC invocations=82 (full 1): garbage-first heap   total 319488K, used 4338K [0x0000000700000000, 0x0000000800000000)
[16.185s][debug][gc,heap        ] GC(81)   region size 1024K, 1 young (1024K), 1 survivors (1024K)
[16.185s][debug][gc,heap        ] GC(81)  Metaspace       used 10391K, capacity 10712K, committed 10880K, reserved 1058816K
[16.185s][debug][gc,heap        ] GC(81)   class space    used 1202K, capacity 1338K, committed 1408K, reserved 1048576K
[16.185s][info ][gc             ] GC(81) Pause Young (Normal) (G1 Evacuation Pause) 190M->4M(312M) 1.515ms
[16.185s][info ][gc,cpu         ] GC(81) User=0.00s Sys=0.01s Real=0.00s
[16.185s][info ][safepoint      ] Safepoint "G1CollectForAllocation", Time since last: 153481238 ns, Reaching safepoint: 138769 ns, At safepoint: 1696415 ns, Total: 1835184 ns
[16.347s][debug][gc,heap        ] GC(82) Heap before GC invocations=82 (full 1): garbage-first heap   total 319488K, used 193778K [0x0000000700000000, 0x0000000800000000)
[16.347s][debug][gc,heap        ] GC(82)   region size 1024K, 187 young (191488K), 1 survivors (1024K)
[16.347s][debug][gc,heap        ] GC(82)  Metaspace       used 10391K, capacity 10712K, committed 10880K, reserved 1058816K
[16.347s][debug][gc,heap        ] GC(82)   class space    used 1202K, capacity 1338K, committed 1408K, reserved 1048576K
[16.347s][info ][gc,start       ] GC(82) Pause Young (Normal) (G1 Evacuation Pause)
[16.347s][info ][gc,task        ] GC(82) Using 8 workers of 8 for evacuation
[16.347s][debug][gc,tlab        ] GC(82) TLAB totals: thrds: 8  refills: 748 max: 101 slow allocs: 0 max 0 waste:  0.9% gc: 1267936B max: 353008B slow: 432096B max: 58752B fast: 0B max: 0B
[16.347s][debug][gc,age         ] GC(82) Desired survivor size 12582912 bytes, new threshold 15 (max threshold 15)
[16.347s][debug][gc,alloc,region] GC(82) Mutator Allocation stats, regions: 186, wasted size: 0B ( 0.0%)
[16.347s][debug][gc,ergo        ] GC(82) Running G1 Merge Heap Roots using 8 workers for 187 regions
[16.347s][debug][gc,remset      ] GC(82) Visited cards 256 Total dirty 2048 (12.50%) Total old 784384 (0.03%)
[16.347s][debug][gc,ergo        ] GC(82) Running G1 Clear Card Table Task using 1 workers for 1 units of work for 188 regions.
[16.347s][debug][gc,ref         ] GC(82) Skipped phase1 of Reference Processing due to unavailable references
[16.347s][debug][gc,ref         ] GC(82) Skipped phase2 of Reference Processing due to unavailable references
[16.347s][debug][gc,ref         ] GC(82) Skipped phase3 of Reference Processing due to unavailable references
[16.347s][debug][gc,ref         ] GC(82) Skipped phase4 of Reference Processing due to unavailable references
[16.347s][debug][gc,ergo        ] GC(82) Running G1 Free Collection Set using 8 workers for collection set length 187 (312)
[16.348s][debug][gc,ergo        ] GC(82) Running G1 Rebuild Free List Task using 8 workers for rebuilding free list of 0 (4096) regions
[16.348s][trace][gc,age         ] GC(82) Age table with threshold 15 (max threshold 15)
[16.348s][trace][gc,age         ] GC(82) - age   1:        424 bytes,        424 total
[16.348s][debug][gc,plab        ] GC(82) Young PLAB allocation: allocated: 14448B, wasted: 0B, unused: 14024B, used: 424B, undo waste: 0B, 
[16.348s][debug][gc,plab        ] GC(82) Young other allocation: region end waste: 0B, regions filled: 1, direct allocated: 0B, failure used: 0B, failure wasted: 0B
[16.348s][debug][gc,plab        ] GC(82) Young sizing: calculated: 80B, actual: 2064B
[16.348s][debug][gc,plab        ] GC(82) Old PLAB allocation: allocated: 0B, wasted: 0B, unused: 0B, used: 0B, undo waste: 0B, 
[16.348s][debug][gc,plab        ] GC(82) Old other allocation: region end waste: 0B, regions filled: 1, direct allocated: 0B, failure used: 0B, failure wasted: 0B
[16.348s][debug][gc,plab        ] GC(82) Old sizing: calculated: 0B, actual: 2064B
[16.348s][debug][gc,ihop        ] GC(82) Basic information (value update), threshold: 147220070B (45.00), target occupancy: 327155712B, current occupancy: 4442808B, recent allocation size: 0B, recent allocation duration: 162.95ms, recent old gen allocation rate: 0.00B/s, recent marking phase length: 0.00ms
[16.348s][debug][gc,ihop        ] GC(82) Adaptive IHOP information (value update), threshold: 147220070B (47.37), internal target occupancy: 310797926B, occupancy: 4442808B, additional buffer size: 196083712B, predicted old gen allocation rate: 14257.23B/s, predicted marking phase length: 0.00ms, prediction active: false
[16.348s][debug][gc,ergo,refine ] GC(82) Concurrent refinement times: Logged Cards Scan time goal: 20.00ms Logged Cards Scan time: 0.00ms HCC time: 0.00ms
[16.348s][debug][gc,ergo,refine ] GC(82) Updated Refinement Zones: green: 2048, yellow: 6144, red: 10240
[16.348s][info ][gc,phases      ] GC(82)   Pre Evacuate Collection Set: 0.1ms
[16.348s][debug][gc,phases      ] GC(82)     Prepare TLABs: 0.0ms
[16.348s][debug][gc,phases      ] GC(82)     Choose Collection Set: 0.0ms
[16.348s][debug][gc,phases      ] GC(82)     Region Register: 0.1ms
[16.348s][debug][gc,phases      ] GC(82)     Prepare Heap Roots: 0.0ms
[16.348s][info ][gc,phases      ] GC(82)   Merge Heap Roots: 0.1ms
[16.348s][debug][gc,phases      ] GC(82)     Prepare Merge Heap Roots: 0.0ms
[16.348s][debug][gc,phases      ] GC(82)     Eager Reclaim (ms):       skipped
[16.348s][debug][gc,phases      ] GC(82)     Remembered Sets (ms):     Min:  0.0, Avg:  0.0, Max:  0.0, Diff:  0.0, Sum:  0.0, Workers: 8
[16.348s][debug][gc,phases      ] GC(82)       Merged Sparse:            Min: 0, Avg:  0.0, Max: 0, Diff: 0, Sum: 0, Workers: 8
[16.348s][debug][gc,phases      ] GC(82)       Merged Fine:              Min: 0, Avg:  0.0, Max: 0, Diff: 0, Sum: 0, Workers: 8
[16.348s][debug][gc,phases      ] GC(82)       Merged Coarse:            Min: 0, Avg:  0.0, Max: 0, Diff: 0, Sum: 0, Workers: 8
[16.348s][debug][gc,phases      ] GC(82)       Dirty Cards:              Min: 0, Avg:  0.0, Max: 0, Diff: 0, Sum: 0, Workers: 8
[16.348s][debug][gc,phases      ] GC(82)     Hot Card Cache (ms):      Min:  0.0, Avg:  0.0, Max:  0.0, Diff:  0.0, Sum:  0.0, Workers: 8
[16.348s][debug][gc,phases      ] GC(82)       Dirty Cards:              Min: 0, Avg:  0.0, Max: 0, Diff: 0, Sum: 0, Workers: 8
[16.348s][debug][gc,phases      ] GC(82)       Skipped Cards:            Min: 0, Avg:  0.0, Max: 0, Diff: 0, Sum: 0, Workers: 8
[16.348s][debug][gc,phases      ] GC(82)     Log Buffers (ms):         Min:  0.0, Avg:  0.0, Max:  0.0, Diff:  0.0, Sum:  0.0, Workers: 8
[16.348s][debug][gc,phases      ] GC(82)       Dirty Cards:              Min: 0, Avg:  0.1, Max: 1, Diff: 1, Sum: 1, Workers: 8
[16.348s][debug][gc,phases      ] GC(82)       Skipped Cards:            Min: 0, Avg:  0.0, Max: 0, Diff: 0, Sum: 0, Workers: 8
[16.348s][info ][gc,phases      ] GC(82)   Evacuate Collection Set: 0.2ms
[16.348s][debug][gc,phases      ] GC(82)     Ext Root Scanning (ms):   Min:  0.0, Avg:  0.0, Max:  0.1, Diff:  0.0, Sum:  0.2, Workers: 8
[16.348s][debug][gc,phases      ] GC(82)     Scan Heap Roots (ms):     Min:  0.0, Avg:  0.0, Max:  0.0, Diff:  0.0, Sum:  0.0, Workers: 8
[16.348s][debug][gc,phases      ] GC(82)       Scanned Cards:            Min: 0, Avg:  0.1, Max: 1, Diff: 1, Sum: 1, Workers: 8
[16.348s][debug][gc,phases      ] GC(82)       Scanned Blocks:           Min: 0, Avg:  0.1, Max: 1, Diff: 1, Sum: 1, Workers: 8
[16.348s][debug][gc,phases      ] GC(82)       Claimed Chunks:           Min: 0, Avg:  0.1, Max: 1, Diff: 1, Sum: 1, Workers: 8
[16.348s][debug][gc,phases      ] GC(82)     Code Root Scan (ms):      Min:  0.0, Avg:  0.0, Max:  0.0, Diff:  0.0, Sum:  0.0, Workers: 8
[16.348s][debug][gc,phases      ] GC(82)     Object Copy (ms):         Min:  0.0, Avg:  0.0, Max:  0.0, Diff:  0.0, Sum:  0.0, Workers: 8
[16.348s][debug][gc,phases      ] GC(82)     Termination (ms):         Min:  0.0, Avg:  0.1, Max:  0.1, Diff:  0.0, Sum:  0.5, Workers: 8
[16.348s][debug][gc,phases      ] GC(82)       Termination Attempts:     Min: 1, Avg:  1.0, Max: 1, Diff: 0, Sum: 8, Workers: 8
[16.348s][debug][gc,phases      ] GC(82)     GC Worker Other (ms):     Min:  0.0, Avg:  0.0, Max:  0.0, Diff:  0.0, Sum:  0.1, Workers: 8
[16.348s][debug][gc,phases      ] GC(82)     GC Worker Total (ms):     Min:  0.1, Avg:  0.1, Max:  0.1, Diff:  0.1, Sum:  0.8, Workers: 8
[16.348s][info ][gc,phases      ] GC(82)   Post Evacuate Collection Set: 0.3ms
[16.348s][debug][gc,phases      ] GC(82)     Code Roots Fixup: 0.0ms
[16.348s][debug][gc,phases      ] GC(82)     Clear Card Table: 0.1ms
[16.348s][debug][gc,phases      ] GC(82)     Reference Processing: 0.0ms
[16.348s][debug][gc,phases,ref  ] GC(82)       Reconsider SoftReferences: 0.0ms
[16.348s][debug][gc,phases,ref  ] GC(82)         SoftRef (ms):             skipped
[16.348s][debug][gc,phases,ref  ] GC(82)       Notify Soft/WeakReferences: 0.0ms
[16.348s][debug][gc,phases,ref  ] GC(82)         SoftRef (ms):             skipped
[16.348s][debug][gc,phases,ref  ] GC(82)         WeakRef (ms):             skipped
[16.348s][debug][gc,phases,ref  ] GC(82)         FinalRef (ms):            skipped
[16.348s][debug][gc,phases,ref  ] GC(82)         Total (ms):               skipped
[16.348s][debug][gc,phases,ref  ] GC(82)       Notify and keep alive finalizable: 0.0ms
[16.348s][debug][gc,phases,ref  ] GC(82)         FinalRef (ms):            skipped
[16.348s][debug][gc,phases,ref  ] GC(82)       Notify PhantomReferences: 0.0ms
[16.348s][debug][gc,phases,ref  ] GC(82)         PhantomRef (ms):          skipped
[16.348s][debug][gc,phases,ref  ] GC(82)       SoftReference:
[16.348s][debug][gc,phases,ref  ] GC(82)         Discovered: 0
[16.348s][debug][gc,phases,ref  ] GC(82)         Cleared: 0
[16.348s][debug][gc,phases,ref  ] GC(82)       WeakReference:
[16.348s][debug][gc,phases,ref  ] GC(82)         Discovered: 0
[16.348s][debug][gc,phases,ref  ] GC(82)         Cleared: 0
[16.348s][debug][gc,phases,ref  ] GC(82)       FinalReference:
[16.348s][debug][gc,phases,ref  ] GC(82)         Discovered: 0
[16.348s][debug][gc,phases,ref  ] GC(82)         Cleared: 0
[16.348s][debug][gc,phases,ref  ] GC(82)       PhantomReference:
[16.348s][debug][gc,phases,ref  ] GC(82)         Discovered: 0
[16.348s][debug][gc,phases,ref  ] GC(82)         Cleared: 0
[16.348s][debug][gc,phases      ] GC(82)     Weak Processing: 0.0ms
[16.348s][debug][gc,phases      ] GC(82)       JVMTI weak processing: 0.0ms
[16.348s][debug][gc,phases      ] GC(82)         Dead: 0
[16.348s][debug][gc,phases      ] GC(82)         Total: 0
[16.348s][debug][gc,phases      ] GC(82)       JFR weak processing: 0.0ms
[16.348s][debug][gc,phases      ] GC(82)         Dead: 0
[16.348s][debug][gc,phases      ] GC(82)         Total: 0
[16.348s][debug][gc,phases      ] GC(82)       JNI weak                  Min:  0.0, Avg:  0.0, Max:  0.0, Diff:  0.0, Sum:  0.0, Workers: 5
[16.348s][debug][gc,phases      ] GC(82)         Dead                      Min: 0, Avg:  0.0, Max: 0, Diff: 0, Sum: 0, Workers: 5
[16.348s][debug][gc,phases      ] GC(82)         Total                     Min: 0, Avg: 12.6, Max: 63, Diff: 63, Sum: 63, Workers: 5
[16.348s][debug][gc,phases      ] GC(82)       VM weak                   Min:  0.0, Avg:  0.0, Max:  0.0, Diff:  0.0, Sum:  0.0, Workers: 5
[16.348s][debug][gc,phases      ] GC(82)         Dead                      Min: 0, Avg:  0.0, Max: 0, Diff: 0, Sum: 0, Workers: 5
[16.348s][debug][gc,phases      ] GC(82)         Total                     Min: 0, Avg: 44.0, Max: 220, Diff: 220, Sum: 220, Workers: 5
[16.348s][debug][gc,phases      ] GC(82)       StringTable weak          Min:  0.0, Avg:  0.0, Max:  0.0, Diff:  0.0, Sum:  0.0, Workers: 5
[16.348s][debug][gc,phases      ] GC(82)         Dead                      Min: 0, Avg:  0.0, Max: 0, Diff: 0, Sum: 0, Workers: 5
[16.348s][debug][gc,phases      ] GC(82)         Total                     Min: 0, Avg: 718.4, Max: 1544, Diff: 1544, Sum: 3592, Workers: 5
[16.348s][debug][gc,phases      ] GC(82)       ResolvedMethodTable weak  Min:  0.0, Avg:  0.0, Max:  0.0, Diff:  0.0, Sum:  0.0, Workers: 5
[16.348s][debug][gc,phases      ] GC(82)         Dead                      Min: 0, Avg:  0.0, Max: 0, Diff: 0, Sum: 0, Workers: 5
[16.348s][debug][gc,phases      ] GC(82)         Total                     Min: 0, Avg: 116.6, Max: 199, Diff: 199, Sum: 583, Workers: 5
[16.348s][debug][gc,phases      ] GC(82)     Merge Per-Thread State: 0.0ms
[16.348s][debug][gc,phases      ] GC(82)       Copied Bytes              Min: 0, Avg: 53.0, Max: 120, Diff: 120, Sum: 424, Workers: 8
[16.348s][debug][gc,phases      ] GC(82)       LAB Waste                 Min: 0, Avg:  0.0, Max: 0, Diff: 0, Sum: 0, Workers: 8
[16.348s][debug][gc,phases      ] GC(82)       LAB Undo Waste            Min: 0, Avg:  0.0, Max: 0, Diff: 0, Sum: 0, Workers: 8
[16.348s][debug][gc,phases      ] GC(82)     Code Roots Purge: 0.0ms
[16.348s][debug][gc,phases      ] GC(82)     Redirty Cards: 0.0ms
[16.348s][debug][gc,phases      ] GC(82)     DerivedPointerTable Update: 0.0ms
[16.348s][debug][gc,phases      ] GC(82)     Free Collection Set: 0.1ms
[16.348s][debug][gc,phases      ] GC(82)     Rebuild Free List: 0.0ms
[16.348s][debug][gc,phases      ] GC(82)     Humongous Reclaim: 0.0ms
[16.348s][debug][gc,phases      ] GC(82)     Start New Collection Set: 0.0ms
[16.348s][debug][gc,phases      ] GC(82)     Resize TLABs: 0.0ms
[16.348s][debug][gc,phases      ] GC(82)     Expand Heap After Collection: 0.0ms
[16.348s][info ][gc,phases      ] GC(82)   Other: 0.2ms
[16.348s][info ][gc,heap        ] GC(82) Eden regions: 186->0(186)
[16.348s][info ][gc,heap        ] GC(82) Survivor regions: 1->1(24)
[16.348s][info ][gc,heap        ] GC(82) Old regions: 7->7
[16.348s][info ][gc,heap        ] GC(82) Archive regions: 2->2
[16.348s][info ][gc,heap        ] GC(82) Humongous regions: 0->0
[16.348s][info ][gc,metaspace   ] GC(82) Metaspace: 10391K(10880K)->10391K(10880K) NonClass: 9188K(9472K)->9188K(9472K) Class: 1202K(1408K)->1202K(1408K)
[16.348s][debug][gc,heap        ] GC(82) Heap after GC invocations=83 (full 1): garbage-first heap   total 319488K, used 4338K [0x0000000700000000, 0x0000000800000000)
[16.348s][debug][gc,heap        ] GC(82)   region size 1024K, 1 young (1024K), 1 survivors (1024K)
[16.348s][debug][gc,heap        ] GC(82)  Metaspace       used 10391K, capacity 10712K, committed 10880K, reserved 1058816K
[16.348s][debug][gc,heap        ] GC(82)   class space    used 1202K, capacity 1338K, committed 1408K, reserved 1048576K
[16.348s][info ][gc             ] GC(82) Pause Young (Normal) (G1 Evacuation Pause) 190M->4M(312M) 1.379ms
[16.348s][info ][gc,cpu         ] GC(82) User=0.00s Sys=0.00s Real=0.00s
[16.348s][info ][safepoint      ] Safepoint "G1CollectForAllocation", Time since last: 161944960 ns, Reaching safepoint: 158396 ns, At safepoint: 1537442 ns, Total: 1695838 ns
[16.510s][debug][gc,heap        ] GC(83) Heap before GC invocations=83 (full 1): garbage-first heap   total 319488K, used 194802K [0x0000000700000000, 0x0000000800000000)
[16.510s][debug][gc,heap        ] GC(83)   region size 1024K, 187 young (191488K), 1 survivors (1024K)
[16.510s][debug][gc,heap        ] GC(83)  Metaspace       used 10391K, capacity 10712K, committed 10880K, reserved 1058816K
[16.510s][debug][gc,heap        ] GC(83)   class space    used 1202K, capacity 1338K, committed 1408K, reserved 1048576K
[16.510s][info ][gc,start       ] GC(83) Pause Young (Normal) (G1 Evacuation Pause)
[16.510s][info ][gc,task        ] GC(83) Using 8 workers of 8 for evacuation
[16.510s][debug][gc,tlab        ] GC(83) TLAB totals: thrds: 8  refills: 747 max: 100 slow allocs: 0 max 0 waste:  0.9% gc: 1274856B max: 337848B slow: 430152B max: 57552B fast: 0B max: 0B
[16.510s][debug][gc,age         ] GC(83) Desired survivor size 12582912 bytes, new threshold 15 (max threshold 15)
[16.510s][debug][gc,alloc,region] GC(83) Mutator Allocation stats, regions: 186, wasted size: 0B ( 0.0%)
[16.511s][debug][gc,ergo        ] GC(83) Running G1 Merge Heap Roots using 8 workers for 187 regions
[16.511s][debug][gc,remset      ] GC(83) Visited cards 256 Total dirty 2048 (12.50%) Total old 784384 (0.03%)
[16.511s][debug][gc,ergo        ] GC(83) Running G1 Clear Card Table Task using 1 workers for 1 units of work for 188 regions.
[16.511s][debug][gc,ref         ] GC(83) Skipped phase1 of Reference Processing due to unavailable references
[16.511s][debug][gc,ref         ] GC(83) Skipped phase2 of Reference Processing due to unavailable references
[16.511s][debug][gc,ref         ] GC(83) Skipped phase3 of Reference Processing due to unavailable references
[16.511s][debug][gc,ref         ] GC(83) Skipped phase4 of Reference Processing due to unavailable references
[16.511s][debug][gc,ergo        ] GC(83) Running G1 Free Collection Set using 8 workers for collection set length 187 (312)
[16.511s][debug][gc,ergo        ] GC(83) Running G1 Rebuild Free List Task using 8 workers for rebuilding free list of 0 (4096) regions
[16.511s][trace][gc,age         ] GC(83) Age table with threshold 15 (max threshold 15)
[16.511s][trace][gc,age         ] GC(83) - age   1:        688 bytes,        688 total
[16.511s][debug][gc,plab        ] GC(83) Young PLAB allocation: allocated: 12384B, wasted: 0B, unused: 11696B, used: 688B, undo waste: 0B, 
[16.511s][debug][gc,plab        ] GC(83) Young other allocation: region end waste: 0B, regions filled: 1, direct allocated: 0B, failure used: 0B, failure wasted: 0B
[16.511s][debug][gc,plab        ] GC(83) Young sizing: calculated: 136B, actual: 2064B
[16.511s][debug][gc,plab        ] GC(83) Old PLAB allocation: allocated: 0B, wasted: 0B, unused: 0B, used: 0B, undo waste: 0B, 
[16.511s][debug][gc,plab        ] GC(83) Old other allocation: region end waste: 0B, regions filled: 1, direct allocated: 0B, failure used: 0B, failure wasted: 0B
[16.511s][debug][gc,plab        ] GC(83) Old sizing: calculated: 0B, actual: 2064B
[16.511s][debug][gc,ihop        ] GC(83) Basic information (value update), threshold: 147220070B (45.00), target occupancy: 327155712B, current occupancy: 4440744B, recent allocation size: 0B, recent allocation duration: 162.73ms, recent old gen allocation rate: 0.00B/s, recent marking phase length: 0.00ms
[16.511s][debug][gc,ihop        ] GC(83) Adaptive IHOP information (value update), threshold: 147220070B (47.37), internal target occupancy: 310797926B, occupancy: 4440744B, additional buffer size: 196083712B, predicted old gen allocation rate: 13816.46B/s, predicted marking phase length: 0.00ms, prediction active: false
[16.511s][debug][gc,ergo,refine ] GC(83) Concurrent refinement times: Logged Cards Scan time goal: 20.00ms Logged Cards Scan time: 0.00ms HCC time: 0.00ms
[16.511s][debug][gc,ergo,refine ] GC(83) Updated Refinement Zones: green: 2048, yellow: 6144, red: 10240
[16.511s][info ][gc,phases      ] GC(83)   Pre Evacuate Collection Set: 0.1ms
[16.511s][debug][gc,phases      ] GC(83)     Prepare TLABs: 0.0ms
[16.511s][debug][gc,phases      ] GC(83)     Choose Collection Set: 0.0ms
[16.511s][debug][gc,phases      ] GC(83)     Region Register: 0.1ms
[16.511s][debug][gc,phases      ] GC(83)     Prepare Heap Roots: 0.0ms
[16.511s][info ][gc,phases      ] GC(83)   Merge Heap Roots: 0.1ms
[16.511s][debug][gc,phases      ] GC(83)     Prepare Merge Heap Roots: 0.0ms
[16.511s][debug][gc,phases      ] GC(83)     Eager Reclaim (ms):       skipped
[16.511s][debug][gc,phases      ] GC(83)     Remembered Sets (ms):     Min:  0.0, Avg:  0.0, Max:  0.0, Diff:  0.0, Sum:  0.0, Workers: 8
[16.511s][debug][gc,phases      ] GC(83)       Merged Sparse:            Min: 0, Avg:  0.0, Max: 0, Diff: 0, Sum: 0, Workers: 8
[16.511s][debug][gc,phases      ] GC(83)       Merged Fine:              Min: 0, Avg:  0.0, Max: 0, Diff: 0, Sum: 0, Workers: 8
[16.511s][debug][gc,phases      ] GC(83)       Merged Coarse:            Min: 0, Avg:  0.0, Max: 0, Diff: 0, Sum: 0, Workers: 8
[16.511s][debug][gc,phases      ] GC(83)       Dirty Cards:              Min: 0, Avg:  0.0, Max: 0, Diff: 0, Sum: 0, Workers: 8
[16.511s][debug][gc,phases      ] GC(83)     Hot Card Cache (ms):      Min:  0.0, Avg:  0.0, Max:  0.0, Diff:  0.0, Sum:  0.0, Workers: 8
[16.511s][debug][gc,phases      ] GC(83)       Dirty Cards:              Min: 0, Avg:  0.0, Max: 0, Diff: 0, Sum: 0, Workers: 8
[16.511s][debug][gc,phases      ] GC(83)       Skipped Cards:            Min: 0, Avg:  0.0, Max: 0, Diff: 0, Sum: 0, Workers: 8
[16.511s][debug][gc,phases      ] GC(83)     Log Buffers (ms):         Min:  0.0, Avg:  0.0, Max:  0.0, Diff:  0.0, Sum:  0.0, Workers: 8
[16.511s][debug][gc,phases      ] GC(83)       Dirty Cards:              Min: 0, Avg:  0.1, Max: 1, Diff: 1, Sum: 1, Workers: 8
[16.511s][debug][gc,phases      ] GC(83)       Skipped Cards:            Min: 0, Avg:  0.0, Max: 0, Diff: 0, Sum: 0, Workers: 8
[16.511s][info ][gc,phases      ] GC(83)   Evacuate Collection Set: 0.1ms
[16.511s][debug][gc,phases      ] GC(83)     Ext Root Scanning (ms):   Min:  0.0, Avg:  0.0, Max:  0.1, Diff:  0.1, Sum:  0.2, Workers: 8
[16.511s][debug][gc,phases      ] GC(83)     Scan Heap Roots (ms):     Min:  0.0, Avg:  0.0, Max:  0.0, Diff:  0.0, Sum:  0.0, Workers: 8
[16.511s][debug][gc,phases      ] GC(83)       Scanned Cards:            Min: 0, Avg:  0.1, Max: 1, Diff: 1, Sum: 1, Workers: 8
[16.511s][debug][gc,phases      ] GC(83)       Scanned Blocks:           Min: 0, Avg:  0.1, Max: 1, Diff: 1, Sum: 1, Workers: 8
[16.511s][debug][gc,phases      ] GC(83)       Claimed Chunks:           Min: 0, Avg:  0.1, Max: 1, Diff: 1, Sum: 1, Workers: 8
[16.511s][debug][gc,phases      ] GC(83)     Code Root Scan (ms):      Min:  0.0, Avg:  0.0, Max:  0.0, Diff:  0.0, Sum:  0.0, Workers: 8
[16.511s][debug][gc,phases      ] GC(83)     Object Copy (ms):         Min:  0.0, Avg:  0.0, Max:  0.0, Diff:  0.0, Sum:  0.0, Workers: 8
[16.511s][debug][gc,phases      ] GC(83)     Termination (ms):         Min:  0.0, Avg:  0.0, Max:  0.1, Diff:  0.0, Sum:  0.4, Workers: 8
[16.511s][debug][gc,phases      ] GC(83)       Termination Attempts:     Min: 1, Avg:  1.0, Max: 1, Diff: 0, Sum: 8, Workers: 8
[16.512s][debug][gc,phases      ] GC(83)     GC Worker Other (ms):     Min:  0.0, Avg:  0.0, Max:  0.0, Diff:  0.0, Sum:  0.1, Workers: 8
[16.512s][debug][gc,phases      ] GC(83)     GC Worker Total (ms):     Min:  0.1, Avg:  0.1, Max:  0.1, Diff:  0.1, Sum:  0.7, Workers: 8
[16.512s][info ][gc,phases      ] GC(83)   Post Evacuate Collection Set: 0.4ms
[16.512s][debug][gc,phases      ] GC(83)     Code Roots Fixup: 0.0ms
[16.512s][debug][gc,phases      ] GC(83)     Clear Card Table: 0.1ms
[16.512s][debug][gc,phases      ] GC(83)     Reference Processing: 0.0ms
[16.512s][debug][gc,phases,ref  ] GC(83)       Reconsider SoftReferences: 0.0ms
[16.512s][debug][gc,phases,ref  ] GC(83)         SoftRef (ms):             skipped
[16.512s][debug][gc,phases,ref  ] GC(83)       Notify Soft/WeakReferences: 0.0ms
[16.512s][debug][gc,phases,ref  ] GC(83)         SoftRef (ms):             skipped
[16.512s][debug][gc,phases,ref  ] GC(83)         WeakRef (ms):             skipped
[16.512s][debug][gc,phases,ref  ] GC(83)         FinalRef (ms):            skipped
[16.512s][debug][gc,phases,ref  ] GC(83)         Total (ms):               skipped
[16.512s][debug][gc,phases,ref  ] GC(83)       Notify and keep alive finalizable: 0.0ms
[16.512s][debug][gc,phases,ref  ] GC(83)         FinalRef (ms):            skipped
[16.512s][debug][gc,phases,ref  ] GC(83)       Notify PhantomReferences: 0.0ms
[16.512s][debug][gc,phases,ref  ] GC(83)         PhantomRef (ms):          skipped
[16.512s][debug][gc,phases,ref  ] GC(83)       SoftReference:
[16.512s][debug][gc,phases,ref  ] GC(83)         Discovered: 0
[16.512s][debug][gc,phases,ref  ] GC(83)         Cleared: 0
[16.512s][debug][gc,phases,ref  ] GC(83)       WeakReference:
[16.512s][debug][gc,phases,ref  ] GC(83)         Discovered: 0
[16.512s][debug][gc,phases,ref  ] GC(83)         Cleared: 0
[16.512s][debug][gc,phases,ref  ] GC(83)       FinalReference:
[16.512s][debug][gc,phases,ref  ] GC(83)         Discovered: 0
[16.512s][debug][gc,phases,ref  ] GC(83)         Cleared: 0
[16.512s][debug][gc,phases,ref  ] GC(83)       PhantomReference:
[16.512s][debug][gc,phases,ref  ] GC(83)         Discovered: 0
[16.512s][debug][gc,phases,ref  ] GC(83)         Cleared: 0
[16.512s][debug][gc,phases      ] GC(83)     Weak Processing: 0.1ms
[16.512s][debug][gc,phases      ] GC(83)       JVMTI weak processing: 0.0ms
[16.512s][debug][gc,phases      ] GC(83)         Dead: 0
[16.512s][debug][gc,phases      ] GC(83)         Total: 0
[16.512s][debug][gc,phases      ] GC(83)       JFR weak processing: 0.0ms
[16.512s][debug][gc,phases      ] GC(83)         Dead: 0
[16.512s][debug][gc,phases      ] GC(83)         Total: 0
[16.512s][debug][gc,phases      ] GC(83)       JNI weak                  Min:  0.0, Avg:  0.0, Max:  0.0, Diff:  0.0, Sum:  0.0, Workers: 5
[16.512s][debug][gc,phases      ] GC(83)         Dead                      Min: 0, Avg:  0.0, Max: 0, Diff: 0, Sum: 0, Workers: 5
[16.512s][debug][gc,phases      ] GC(83)         Total                     Min: 0, Avg: 12.6, Max: 63, Diff: 63, Sum: 63, Workers: 5
[16.512s][debug][gc,phases      ] GC(83)       VM weak                   Min:  0.0, Avg:  0.0, Max:  0.0, Diff:  0.0, Sum:  0.0, Workers: 5
[16.512s][debug][gc,phases      ] GC(83)         Dead                      Min: 0, Avg:  0.0, Max: 0, Diff: 0, Sum: 0, Workers: 5
[16.512s][debug][gc,phases      ] GC(83)         Total                     Min: 0, Avg: 44.0, Max: 220, Diff: 220, Sum: 220, Workers: 5
[16.512s][debug][gc,phases      ] GC(83)       StringTable weak          Min:  0.0, Avg:  0.0, Max:  0.0, Diff:  0.0, Sum:  0.0, Workers: 5
[16.512s][debug][gc,phases      ] GC(83)         Dead                      Min: 0, Avg:  0.0, Max: 0, Diff: 0, Sum: 0, Workers: 5
[16.512s][debug][gc,phases      ] GC(83)         Total                     Min: 0, Avg: 718.4, Max: 3336, Diff: 3336, Sum: 3592, Workers: 5
[16.512s][debug][gc,phases      ] GC(83)       ResolvedMethodTable weak  Min:  0.0, Avg:  0.0, Max:  0.0, Diff:  0.0, Sum:  0.0, Workers: 5
[16.512s][debug][gc,phases      ] GC(83)         Dead                      Min: 0, Avg:  0.0, Max: 0, Diff: 0, Sum: 0, Workers: 5
[16.512s][debug][gc,phases      ] GC(83)         Total                     Min: 0, Avg: 116.6, Max: 327, Diff: 327, Sum: 583, Workers: 5
[16.512s][debug][gc,phases      ] GC(83)     Merge Per-Thread State: 0.0ms
[16.512s][debug][gc,phases      ] GC(83)       Copied Bytes              Min: 0, Avg: 86.0, Max: 232, Diff: 232, Sum: 688, Workers: 8
[16.512s][debug][gc,phases      ] GC(83)       LAB Waste                 Min: 0, Avg:  0.0, Max: 0, Diff: 0, Sum: 0, Workers: 8
[16.512s][debug][gc,phases      ] GC(83)       LAB Undo Waste            Min: 0, Avg:  0.0, Max: 0, Diff: 0, Sum: 0, Workers: 8
[16.512s][debug][gc,phases      ] GC(83)     Code Roots Purge: 0.0ms
[16.512s][debug][gc,phases      ] GC(83)     Redirty Cards: 0.0ms
[16.512s][debug][gc,phases      ] GC(83)     DerivedPointerTable Update: 0.0ms
[16.512s][debug][gc,phases      ] GC(83)     Free Collection Set: 0.1ms
[16.512s][debug][gc,phases      ] GC(83)     Rebuild Free List: 0.0ms
[16.512s][debug][gc,phases      ] GC(83)     Humongous Reclaim: 0.0ms
[16.512s][debug][gc,phases      ] GC(83)     Start New Collection Set: 0.0ms
[16.512s][debug][gc,phases      ] GC(83)     Resize TLABs: 0.0ms
[16.512s][debug][gc,phases      ] GC(83)     Expand Heap After Collection: 0.0ms
[16.512s][info ][gc,phases      ] GC(83)   Other: 0.3ms
[16.512s][info ][gc,heap        ] GC(83) Eden regions: 186->0(186)
[16.512s][info ][gc,heap        ] GC(83) Survivor regions: 1->1(24)
[16.512s][info ][gc,heap        ] GC(83) Old regions: 7->7
[16.512s][info ][gc,heap        ] GC(83) Archive regions: 2->2
[16.512s][info ][gc,heap        ] GC(83) Humongous regions: 0->0
[16.512s][info ][gc,metaspace   ] GC(83) Metaspace: 10391K(10880K)->10391K(10880K) NonClass: 9188K(9472K)->9188K(9472K) Class: 1202K(1408K)->1202K(1408K)
[16.512s][debug][gc,heap        ] GC(83) Heap after GC invocations=84 (full 1): garbage-first heap   total 319488K, used 4336K [0x0000000700000000, 0x0000000800000000)
[16.512s][debug][gc,heap        ] GC(83)   region size 1024K, 1 young (1024K), 1 survivors (1024K)
[16.512s][debug][gc,heap        ] GC(83)  Metaspace       used 10391K, capacity 10712K, committed 10880K, reserved 1058816K
[16.512s][debug][gc,heap        ] GC(83)   class space    used 1202K, capacity 1338K, committed 1408K, reserved 1048576K
[16.512s][info ][gc             ] GC(83) Pause Young (Normal) (G1 Evacuation Pause) 190M->4M(312M) 1.547ms
[16.512s][info ][gc,cpu         ] GC(83) User=0.00s Sys=0.00s Real=0.00s
[16.512s][info ][safepoint      ] Safepoint "G1CollectForAllocation", Time since last: 161697266 ns, Reaching safepoint: 200911 ns, At safepoint: 1704888 ns, Total: 1905799 ns
[16.672s][debug][gc,heap        ] GC(84) Heap before GC invocations=84 (full 1): garbage-first heap   total 319488K, used 194800K [0x0000000700000000, 0x0000000800000000)
[16.672s][debug][gc,heap        ] GC(84)   region size 1024K, 187 young (191488K), 1 survivors (1024K)
[16.672s][debug][gc,heap        ] GC(84)  Metaspace       used 10391K, capacity 10712K, committed 10880K, reserved 1058816K
[16.672s][debug][gc,heap        ] GC(84)   class space    used 1202K, capacity 1338K, committed 1408K, reserved 1048576K
[16.672s][info ][gc,start       ] GC(84) Pause Young (Normal) (G1 Evacuation Pause)
[16.672s][info ][gc,task        ] GC(84) Using 8 workers of 8 for evacuation
[16.672s][debug][gc,tlab        ] GC(84) TLAB totals: thrds: 8  refills: 746 max: 102 slow allocs: 0 max 0 waste:  1.0% gc: 1604056B max: 355040B slow: 431272B max: 59064B fast: 0B max: 0B
[16.672s][debug][gc,age         ] GC(84) Desired survivor size 12582912 bytes, new threshold 15 (max threshold 15)
[16.672s][debug][gc,alloc,region] GC(84) Mutator Allocation stats, regions: 186, wasted size: 0B ( 0.0%)
[16.672s][debug][gc,ergo        ] GC(84) Running G1 Merge Heap Roots using 8 workers for 187 regions
[16.672s][debug][gc,remset      ] GC(84) Visited cards 256 Total dirty 2048 (12.50%) Total old 784384 (0.03%)
[16.672s][debug][gc,ergo        ] GC(84) Running G1 Clear Card Table Task using 1 workers for 1 units of work for 188 regions.
[16.673s][debug][gc,ref         ] GC(84) Skipped phase1 of Reference Processing due to unavailable references
[16.673s][debug][gc,ref         ] GC(84) Skipped phase2 of Reference Processing due to unavailable references
[16.673s][debug][gc,ref         ] GC(84) Skipped phase3 of Reference Processing due to unavailable references
[16.673s][debug][gc,ref         ] GC(84) Skipped phase4 of Reference Processing due to unavailable references
[16.673s][debug][gc,ergo        ] GC(84) Running G1 Free Collection Set using 8 workers for collection set length 187 (312)
[16.673s][debug][gc,ergo        ] GC(84) Running G1 Rebuild Free List Task using 8 workers for rebuilding free list of 0 (4096) regions
[16.673s][trace][gc,age         ] GC(84) Age table with threshold 15 (max threshold 15)
[16.673s][trace][gc,age         ] GC(84) - age   1:        424 bytes,        424 total
[16.673s][debug][gc,plab        ] GC(84) Young PLAB allocation: allocated: 12384B, wasted: 0B, unused: 11960B, used: 424B, undo waste: 0B, 
[16.673s][debug][gc,plab        ] GC(84) Young other allocation: region end waste: 0B, regions filled: 1, direct allocated: 0B, failure used: 0B, failure wasted: 0B
[16.673s][debug][gc,plab        ] GC(84) Young sizing: calculated: 80B, actual: 2064B
[16.673s][debug][gc,plab        ] GC(84) Old PLAB allocation: allocated: 0B, wasted: 0B, unused: 0B, used: 0B, undo waste: 0B, 
[16.673s][debug][gc,plab        ] GC(84) Old other allocation: region end waste: 0B, regions filled: 1, direct allocated: 0B, failure used: 0B, failure wasted: 0B
[16.673s][debug][gc,plab        ] GC(84) Old sizing: calculated: 0B, actual: 2064B
[16.673s][debug][gc,ihop        ] GC(84) Basic information (value update), threshold: 147220070B (45.00), target occupancy: 327155712B, current occupancy: 4440744B, recent allocation size: 0B, recent allocation duration: 160.78ms, recent old gen allocation rate: 0.00B/s, recent marking phase length: 0.00ms
[16.673s][debug][gc,ihop        ] GC(84) Adaptive IHOP information (value update), threshold: 147220070B (47.37), internal target occupancy: 310797926B, occupancy: 4440744B, additional buffer size: 196083712B, predicted old gen allocation rate: 13390.68B/s, predicted marking phase length: 0.00ms, prediction active: false
[16.673s][debug][gc,ergo,refine ] GC(84) Concurrent refinement times: Logged Cards Scan time goal: 20.00ms Logged Cards Scan time: 0.00ms HCC time: 0.00ms
[16.673s][debug][gc,ergo,refine ] GC(84) Updated Refinement Zones: green: 2048, yellow: 6144, red: 10240
[16.673s][info ][gc,phases      ] GC(84)   Pre Evacuate Collection Set: 0.1ms
[16.673s][debug][gc,phases      ] GC(84)     Prepare TLABs: 0.0ms
[16.673s][debug][gc,phases      ] GC(84)     Choose Collection Set: 0.0ms
[16.673s][debug][gc,phases      ] GC(84)     Region Register: 0.1ms
[16.673s][debug][gc,phases      ] GC(84)     Prepare Heap Roots: 0.0ms
[16.673s][info ][gc,phases      ] GC(84)   Merge Heap Roots: 0.1ms
[16.673s][debug][gc,phases      ] GC(84)     Prepare Merge Heap Roots: 0.0ms
[16.673s][debug][gc,phases      ] GC(84)     Eager Reclaim (ms):       skipped
[16.673s][debug][gc,phases      ] GC(84)     Remembered Sets (ms):     Min:  0.0, Avg:  0.0, Max:  0.0, Diff:  0.0, Sum:  0.1, Workers: 8
[16.673s][debug][gc,phases      ] GC(84)       Merged Sparse:            Min: 0, Avg:  0.0, Max: 0, Diff: 0, Sum: 0, Workers: 8
[16.673s][debug][gc,phases      ] GC(84)       Merged Fine:              Min: 0, Avg:  0.0, Max: 0, Diff: 0, Sum: 0, Workers: 8
[16.673s][debug][gc,phases      ] GC(84)       Merged Coarse:            Min: 0, Avg:  0.0, Max: 0, Diff: 0, Sum: 0, Workers: 8
[16.673s][debug][gc,phases      ] GC(84)       Dirty Cards:              Min: 0, Avg:  0.0, Max: 0, Diff: 0, Sum: 0, Workers: 8
[16.673s][debug][gc,phases      ] GC(84)     Hot Card Cache (ms):      Min:  0.0, Avg:  0.0, Max:  0.0, Diff:  0.0, Sum:  0.0, Workers: 8
[16.673s][debug][gc,phases      ] GC(84)       Dirty Cards:              Min: 0, Avg:  0.0, Max: 0, Diff: 0, Sum: 0, Workers: 8
[16.673s][debug][gc,phases      ] GC(84)       Skipped Cards:            Min: 0, Avg:  0.0, Max: 0, Diff: 0, Sum: 0, Workers: 8
[16.673s][debug][gc,phases      ] GC(84)     Log Buffers (ms):         Min:  0.0, Avg:  0.0, Max:  0.0, Diff:  0.0, Sum:  0.0, Workers: 8
[16.673s][debug][gc,phases      ] GC(84)       Dirty Cards:              Min: 0, Avg:  0.1, Max: 1, Diff: 1, Sum: 1, Workers: 8
[16.673s][debug][gc,phases      ] GC(84)       Skipped Cards:            Min: 0, Avg:  0.0, Max: 0, Diff: 0, Sum: 0, Workers: 8
[16.673s][info ][gc,phases      ] GC(84)   Evacuate Collection Set: 0.2ms
[16.673s][debug][gc,phases      ] GC(84)     Ext Root Scanning (ms):   Min:  0.0, Avg:  0.0, Max:  0.0, Diff:  0.0, Sum:  0.2, Workers: 8
[16.673s][debug][gc,phases      ] GC(84)     Scan Heap Roots (ms):     Min:  0.0, Avg:  0.0, Max:  0.0, Diff:  0.0, Sum:  0.0, Workers: 8
[16.673s][debug][gc,phases      ] GC(84)       Scanned Cards:            Min: 0, Avg:  0.1, Max: 1, Diff: 1, Sum: 1, Workers: 8
[16.673s][debug][gc,phases      ] GC(84)       Scanned Blocks:           Min: 0, Avg:  0.1, Max: 1, Diff: 1, Sum: 1, Workers: 8
[16.673s][debug][gc,phases      ] GC(84)       Claimed Chunks:           Min: 0, Avg:  0.1, Max: 1, Diff: 1, Sum: 1, Workers: 8
[16.673s][debug][gc,phases      ] GC(84)     Code Root Scan (ms):      Min:  0.0, Avg:  0.0, Max:  0.0, Diff:  0.0, Sum:  0.0, Workers: 8
[16.673s][debug][gc,phases      ] GC(84)     Object Copy (ms):         Min:  0.0, Avg:  0.0, Max:  0.0, Diff:  0.0, Sum:  0.0, Workers: 8
[16.673s][debug][gc,phases      ] GC(84)     Termination (ms):         Min:  0.0, Avg:  0.1, Max:  0.1, Diff:  0.0, Sum:  0.6, Workers: 8
[16.673s][debug][gc,phases      ] GC(84)       Termination Attempts:     Min: 1, Avg:  1.0, Max: 1, Diff: 0, Sum: 8, Workers: 8
[16.673s][debug][gc,phases      ] GC(84)     GC Worker Other (ms):     Min:  0.0, Avg:  0.0, Max:  0.0, Diff:  0.0, Sum:  0.1, Workers: 8
[16.673s][debug][gc,phases      ] GC(84)     GC Worker Total (ms):     Min:  0.1, Avg:  0.1, Max:  0.1, Diff:  0.1, Sum:  0.9, Workers: 8
[16.673s][info ][gc,phases      ] GC(84)   Post Evacuate Collection Set: 0.3ms
[16.673s][debug][gc,phases      ] GC(84)     Code Roots Fixup: 0.0ms
[16.673s][debug][gc,phases      ] GC(84)     Clear Card Table: 0.1ms
[16.673s][debug][gc,phases      ] GC(84)     Reference Processing: 0.0ms
[16.673s][debug][gc,phases,ref  ] GC(84)       Reconsider SoftReferences: 0.0ms
[16.673s][debug][gc,phases,ref  ] GC(84)         SoftRef (ms):             skipped
[16.673s][debug][gc,phases,ref  ] GC(84)       Notify Soft/WeakReferences: 0.0ms
[16.673s][debug][gc,phases,ref  ] GC(84)         SoftRef (ms):             skipped
[16.673s][debug][gc,phases,ref  ] GC(84)         WeakRef (ms):             skipped
[16.673s][debug][gc,phases,ref  ] GC(84)         FinalRef (ms):            skipped
[16.673s][debug][gc,phases,ref  ] GC(84)         Total (ms):               skipped
[16.673s][debug][gc,phases,ref  ] GC(84)       Notify and keep alive finalizable: 0.0ms
[16.673s][debug][gc,phases,ref  ] GC(84)         FinalRef (ms):            skipped
[16.673s][debug][gc,phases,ref  ] GC(84)       Notify PhantomReferences: 0.0ms
[16.673s][debug][gc,phases,ref  ] GC(84)         PhantomRef (ms):          skipped
[16.673s][debug][gc,phases,ref  ] GC(84)       SoftReference:
[16.673s][debug][gc,phases,ref  ] GC(84)         Discovered: 0
[16.673s][debug][gc,phases,ref  ] GC(84)         Cleared: 0
[16.673s][debug][gc,phases,ref  ] GC(84)       WeakReference:
[16.673s][debug][gc,phases,ref  ] GC(84)         Discovered: 0
[16.673s][debug][gc,phases,ref  ] GC(84)         Cleared: 0
[16.673s][debug][gc,phases,ref  ] GC(84)       FinalReference:
[16.673s][debug][gc,phases,ref  ] GC(84)         Discovered: 0
[16.673s][debug][gc,phases,ref  ] GC(84)         Cleared: 0
[16.673s][debug][gc,phases,ref  ] GC(84)       PhantomReference:
[16.673s][debug][gc,phases,ref  ] GC(84)         Discovered: 0
[16.673s][debug][gc,phases,ref  ] GC(84)         Cleared: 0
[16.673s][debug][gc,phases      ] GC(84)     Weak Processing: 0.0ms
[16.673s][debug][gc,phases      ] GC(84)       JVMTI weak processing: 0.0ms
[16.673s][debug][gc,phases      ] GC(84)         Dead: 0
[16.673s][debug][gc,phases      ] GC(84)         Total: 0
[16.673s][debug][gc,phases      ] GC(84)       JFR weak processing: 0.0ms
[16.673s][debug][gc,phases      ] GC(84)         Dead: 0
[16.673s][debug][gc,phases      ] GC(84)         Total: 0
[16.673s][debug][gc,phases      ] GC(84)       JNI weak                  Min:  0.0, Avg:  0.0, Max:  0.0, Diff:  0.0, Sum:  0.0, Workers: 5
[16.673s][debug][gc,phases      ] GC(84)         Dead                      Min: 0, Avg:  0.0, Max: 0, Diff: 0, Sum: 0, Workers: 5
[16.673s][debug][gc,phases      ] GC(84)         Total                     Min: 0, Avg: 12.6, Max: 59, Diff: 59, Sum: 63, Workers: 5
[16.673s][debug][gc,phases      ] GC(84)       VM weak                   Min:  0.0, Avg:  0.0, Max:  0.0, Diff:  0.0, Sum:  0.0, Workers: 5
[16.673s][debug][gc,phases      ] GC(84)         Dead                      Min: 0, Avg:  0.0, Max: 0, Diff: 0, Sum: 0, Workers: 5
[16.673s][debug][gc,phases      ] GC(84)         Total                     Min: 0, Avg: 44.0, Max: 128, Diff: 128, Sum: 220, Workers: 5
[16.673s][debug][gc,phases      ] GC(84)       StringTable weak          Min:  0.0, Avg:  0.0, Max:  0.0, Diff:  0.0, Sum:  0.1, Workers: 5
[16.673s][debug][gc,phases      ] GC(84)         Dead                      Min: 0, Avg:  0.0, Max: 0, Diff: 0, Sum: 0, Workers: 5
[16.673s][debug][gc,phases      ] GC(84)         Total                     Min: 0, Avg: 718.4, Max: 960, Diff: 960, Sum: 3592, Workers: 5
[16.673s][debug][gc,phases      ] GC(84)       ResolvedMethodTable weak  Min:  0.0, Avg:  0.0, Max:  0.0, Diff:  0.0, Sum:  0.0, Workers: 5
[16.673s][debug][gc,phases      ] GC(84)         Dead                      Min: 0, Avg:  0.0, Max: 0, Diff: 0, Sum: 0, Workers: 5
[16.673s][debug][gc,phases      ] GC(84)         Total                     Min: 0, Avg: 116.6, Max: 192, Diff: 192, Sum: 583, Workers: 5
[16.673s][debug][gc,phases      ] GC(84)     Merge Per-Thread State: 0.0ms
[16.673s][debug][gc,phases      ] GC(84)       Copied Bytes              Min: 0, Avg: 53.0, Max: 128, Diff: 128, Sum: 424, Workers: 8
[16.673s][debug][gc,phases      ] GC(84)       LAB Waste                 Min: 0, Avg:  0.0, Max: 0, Diff: 0, Sum: 0, Workers: 8
[16.673s][debug][gc,phases      ] GC(84)       LAB Undo Waste            Min: 0, Avg:  0.0, Max: 0, Diff: 0, Sum: 0, Workers: 8
[16.673s][debug][gc,phases      ] GC(84)     Code Roots Purge: 0.0ms
[16.673s][debug][gc,phases      ] GC(84)     Redirty Cards: 0.0ms
[16.673s][debug][gc,phases      ] GC(84)     DerivedPointerTable Update: 0.0ms
[16.673s][debug][gc,phases      ] GC(84)     Free Collection Set: 0.1ms
[16.673s][debug][gc,phases      ] GC(84)     Rebuild Free List: 0.0ms
[16.673s][debug][gc,phases      ] GC(84)     Humongous Reclaim: 0.0ms
[16.673s][debug][gc,phases      ] GC(84)     Start New Collection Set: 0.0ms
[16.673s][debug][gc,phases      ] GC(84)     Resize TLABs: 0.0ms
[16.673s][debug][gc,phases      ] GC(84)     Expand Heap After Collection: 0.0ms
[16.673s][info ][gc,phases      ] GC(84)   Other: 0.2ms
[16.673s][info ][gc,heap        ] GC(84) Eden regions: 186->0(186)
[16.673s][info ][gc,heap        ] GC(84) Survivor regions: 1->1(24)
[16.673s][info ][gc,heap        ] GC(84) Old regions: 7->7
[16.673s][info ][gc,heap        ] GC(84) Archive regions: 2->2
[16.673s][info ][gc,heap        ] GC(84) Humongous regions: 0->0
[16.673s][info ][gc,metaspace   ] GC(84) Metaspace: 10391K(10880K)->10391K(10880K) NonClass: 9188K(9472K)->9188K(9472K) Class: 1202K(1408K)->1202K(1408K)
[16.673s][debug][gc,heap        ] GC(84) Heap after GC invocations=85 (full 1): garbage-first heap   total 319488K, used 4336K [0x0000000700000000, 0x0000000800000000)
[16.673s][debug][gc,heap        ] GC(84)   region size 1024K, 1 young (1024K), 1 survivors (1024K)
[16.673s][debug][gc,heap        ] GC(84)  Metaspace       used 10391K, capacity 10712K, committed 10880K, reserved 1058816K
[16.673s][debug][gc,heap        ] GC(84)   class space    used 1202K, capacity 1338K, committed 1408K, reserved 1048576K
[16.673s][info ][gc             ] GC(84) Pause Young (Normal) (G1 Evacuation Pause) 190M->4M(312M) 1.471ms
[16.674s][info ][gc,cpu         ] GC(84) User=0.00s Sys=0.00s Real=0.00s
[16.674s][info ][safepoint      ] Safepoint "G1CollectForAllocation", Time since last: 159856718 ns, Reaching safepoint: 93082 ns, At safepoint: 1613382 ns, Total: 1706464 ns
[16.834s][debug][gc,heap        ] GC(85) Heap before GC invocations=85 (full 1): garbage-first heap   total 319488K, used 194800K [0x0000000700000000, 0x0000000800000000)
[16.834s][debug][gc,heap        ] GC(85)   region size 1024K, 187 young (191488K), 1 survivors (1024K)
[16.834s][debug][gc,heap        ] GC(85)  Metaspace       used 10391K, capacity 10712K, committed 10880K, reserved 1058816K
[16.834s][debug][gc,heap        ] GC(85)   class space    used 1202K, capacity 1338K, committed 1408K, reserved 1048576K
[16.834s][info ][gc,start       ] GC(85) Pause Young (Normal) (G1 Evacuation Pause)
[16.834s][info ][gc,task        ] GC(85) Using 8 workers of 8 for evacuation
[16.834s][debug][gc,tlab        ] GC(85) TLAB totals: thrds: 8  refills: 744 max: 99 slow allocs: 0 max 0 waste:  1.0% gc: 1587216B max: 423664B slow: 428856B max: 57200B fast: 0B max: 0B
[16.834s][debug][gc,age         ] GC(85) Desired survivor size 12582912 bytes, new threshold 15 (max threshold 15)
[16.834s][debug][gc,alloc,region] GC(85) Mutator Allocation stats, regions: 186, wasted size: 0B ( 0.0%)
[16.835s][debug][gc,ergo        ] GC(85) Running G1 Merge Heap Roots using 8 workers for 187 regions
[16.835s][debug][gc,remset      ] GC(85) Visited cards 256 Total dirty 2048 (12.50%) Total old 784384 (0.03%)
[16.835s][debug][gc,ergo        ] GC(85) Running G1 Clear Card Table Task using 1 workers for 1 units of work for 188 regions.
[16.835s][debug][gc,ref         ] GC(85) Skipped phase1 of Reference Processing due to unavailable references
[16.835s][debug][gc,ref         ] GC(85) Skipped phase2 of Reference Processing due to unavailable references
[16.835s][debug][gc,ref         ] GC(85) Skipped phase3 of Reference Processing due to unavailable references
[16.835s][debug][gc,ref         ] GC(85) Skipped phase4 of Reference Processing due to unavailable references
[16.835s][debug][gc,ergo        ] GC(85) Running G1 Free Collection Set using 8 workers for collection set length 187 (312)
[16.835s][debug][gc,ergo        ] GC(85) Running G1 Rebuild Free List Task using 8 workers for rebuilding free list of 0 (4096) regions
[16.835s][trace][gc,age         ] GC(85) Age table with threshold 15 (max threshold 15)
[16.835s][trace][gc,age         ] GC(85) - age   1:        528 bytes,        528 total
[16.835s][debug][gc,plab        ] GC(85) Young PLAB allocation: allocated: 8256B, wasted: 0B, unused: 7728B, used: 528B, undo waste: 0B, 
[16.835s][debug][gc,plab        ] GC(85) Young other allocation: region end waste: 0B, regions filled: 1, direct allocated: 0B, failure used: 0B, failure wasted: 0B
[16.835s][debug][gc,plab        ] GC(85) Young sizing: calculated: 104B, actual: 2064B
[16.835s][debug][gc,plab        ] GC(85) Old PLAB allocation: allocated: 0B, wasted: 0B, unused: 0B, used: 0B, undo waste: 0B, 
[16.835s][debug][gc,plab        ] GC(85) Old other allocation: region end waste: 0B, regions filled: 1, direct allocated: 0B, failure used: 0B, failure wasted: 0B
[16.835s][debug][gc,plab        ] GC(85) Old sizing: calculated: 0B, actual: 2064B
[16.835s][debug][gc,ihop        ] GC(85) Basic information (value update), threshold: 147220070B (45.00), target occupancy: 327155712B, current occupancy: 4436616B, recent allocation size: 0B, recent allocation duration: 161.55ms, recent old gen allocation rate: 0.00B/s, recent marking phase length: 0.00ms
[16.835s][debug][gc,ihop        ] GC(85) Adaptive IHOP information (value update), threshold: 147220070B (47.37), internal target occupancy: 310797926B, occupancy: 4436616B, additional buffer size: 196083712B, predicted old gen allocation rate: 12979.34B/s, predicted marking phase length: 0.00ms, prediction active: false
[16.835s][debug][gc,ergo,refine ] GC(85) Concurrent refinement times: Logged Cards Scan time goal: 20.00ms Logged Cards Scan time: 0.00ms HCC time: 0.00ms
[16.835s][debug][gc,ergo,refine ] GC(85) Updated Refinement Zones: green: 2048, yellow: 6144, red: 10240
[16.835s][info ][gc,phases      ] GC(85)   Pre Evacuate Collection Set: 0.1ms
[16.835s][debug][gc,phases      ] GC(85)     Prepare TLABs: 0.0ms
[16.835s][debug][gc,phases      ] GC(85)     Choose Collection Set: 0.0ms
[16.835s][debug][gc,phases      ] GC(85)     Region Register: 0.1ms
[16.835s][debug][gc,phases      ] GC(85)     Prepare Heap Roots: 0.0ms
[16.835s][info ][gc,phases      ] GC(85)   Merge Heap Roots: 0.1ms
[16.835s][debug][gc,phases      ] GC(85)     Prepare Merge Heap Roots: 0.0ms
[16.835s][debug][gc,phases      ] GC(85)     Eager Reclaim (ms):       skipped
[16.835s][debug][gc,phases      ] GC(85)     Remembered Sets (ms):     Min:  0.0, Avg:  0.0, Max:  0.0, Diff:  0.0, Sum:  0.0, Workers: 8
[16.835s][debug][gc,phases      ] GC(85)       Merged Sparse:            Min: 0, Avg:  0.0, Max: 0, Diff: 0, Sum: 0, Workers: 8
[16.835s][debug][gc,phases      ] GC(85)       Merged Fine:              Min: 0, Avg:  0.0, Max: 0, Diff: 0, Sum: 0, Workers: 8
[16.835s][debug][gc,phases      ] GC(85)       Merged Coarse:            Min: 0, Avg:  0.0, Max: 0, Diff: 0, Sum: 0, Workers: 8
[16.835s][debug][gc,phases      ] GC(85)       Dirty Cards:              Min: 0, Avg:  0.0, Max: 0, Diff: 0, Sum: 0, Workers: 8
[16.835s][debug][gc,phases      ] GC(85)     Hot Card Cache (ms):      Min:  0.0, Avg:  0.0, Max:  0.0, Diff:  0.0, Sum:  0.0, Workers: 8
[16.835s][debug][gc,phases      ] GC(85)       Dirty Cards:              Min: 0, Avg:  0.0, Max: 0, Diff: 0, Sum: 0, Workers: 8
[16.835s][debug][gc,phases      ] GC(85)       Skipped Cards:            Min: 0, Avg:  0.0, Max: 0, Diff: 0, Sum: 0, Workers: 8
[16.835s][debug][gc,phases      ] GC(85)     Log Buffers (ms):         Min:  0.0, Avg:  0.0, Max:  0.0, Diff:  0.0, Sum:  0.0, Workers: 8
[16.835s][debug][gc,phases      ] GC(85)       Dirty Cards:              Min: 0, Avg:  0.1, Max: 1, Diff: 1, Sum: 1, Workers: 8
[16.835s][debug][gc,phases      ] GC(85)       Skipped Cards:            Min: 0, Avg:  0.0, Max: 0, Diff: 0, Sum: 0, Workers: 8
[16.835s][info ][gc,phases      ] GC(85)   Evacuate Collection Set: 0.1ms
[16.835s][debug][gc,phases      ] GC(85)     Ext Root Scanning (ms):   Min:  0.0, Avg:  0.0, Max:  0.1, Diff:  0.1, Sum:  0.2, Workers: 8
[16.835s][debug][gc,phases      ] GC(85)     Scan Heap Roots (ms):     Min:  0.0, Avg:  0.0, Max:  0.0, Diff:  0.0, Sum:  0.0, Workers: 8
[16.835s][debug][gc,phases      ] GC(85)       Scanned Cards:            Min: 0, Avg:  0.1, Max: 1, Diff: 1, Sum: 1, Workers: 8
[16.835s][debug][gc,phases      ] GC(85)       Scanned Blocks:           Min: 0, Avg:  0.1, Max: 1, Diff: 1, Sum: 1, Workers: 8
[16.835s][debug][gc,phases      ] GC(85)       Claimed Chunks:           Min: 0, Avg:  0.1, Max: 1, Diff: 1, Sum: 1, Workers: 8
[16.835s][debug][gc,phases      ] GC(85)     Code Root Scan (ms):      Min:  0.0, Avg:  0.0, Max:  0.0, Diff:  0.0, Sum:  0.0, Workers: 8
[16.835s][debug][gc,phases      ] GC(85)     Object Copy (ms):         Min:  0.0, Avg:  0.0, Max:  0.0, Diff:  0.0, Sum:  0.0, Workers: 8
[16.835s][debug][gc,phases      ] GC(85)     Termination (ms):         Min:  0.0, Avg:  0.0, Max:  0.1, Diff:  0.0, Sum:  0.4, Workers: 8
[16.835s][debug][gc,phases      ] GC(85)       Termination Attempts:     Min: 1, Avg:  1.0, Max: 1, Diff: 0, Sum: 8, Workers: 8
[16.835s][debug][gc,phases      ] GC(85)     GC Worker Other (ms):     Min:  0.0, Avg:  0.0, Max:  0.0, Diff:  0.0, Sum:  0.1, Workers: 8
[16.835s][debug][gc,phases      ] GC(85)     GC Worker Total (ms):     Min:  0.1, Avg:  0.1, Max:  0.1, Diff:  0.1, Sum:  0.8, Workers: 8
[16.835s][info ][gc,phases      ] GC(85)   Post Evacuate Collection Set: 0.4ms
[16.835s][debug][gc,phases      ] GC(85)     Code Roots Fixup: 0.0ms
[16.835s][debug][gc,phases      ] GC(85)     Clear Card Table: 0.1ms
[16.836s][debug][gc,phases      ] GC(85)     Reference Processing: 0.0ms
[16.836s][debug][gc,phases,ref  ] GC(85)       Reconsider SoftReferences: 0.0ms
[16.836s][debug][gc,phases,ref  ] GC(85)         SoftRef (ms):             skipped
[16.836s][debug][gc,phases,ref  ] GC(85)       Notify Soft/WeakReferences: 0.0ms
[16.836s][debug][gc,phases,ref  ] GC(85)         SoftRef (ms):             skipped
[16.836s][debug][gc,phases,ref  ] GC(85)         WeakRef (ms):             skipped
[16.836s][debug][gc,phases,ref  ] GC(85)         FinalRef (ms):            skipped
[16.836s][debug][gc,phases,ref  ] GC(85)         Total (ms):               skipped
[16.836s][debug][gc,phases,ref  ] GC(85)       Notify and keep alive finalizable: 0.0ms
[16.836s][debug][gc,phases,ref  ] GC(85)         FinalRef (ms):            skipped
[16.836s][debug][gc,phases,ref  ] GC(85)       Notify PhantomReferences: 0.0ms
[16.836s][debug][gc,phases,ref  ] GC(85)         PhantomRef (ms):          skipped
[16.836s][debug][gc,phases,ref  ] GC(85)       SoftReference:
[16.836s][debug][gc,phases,ref  ] GC(85)         Discovered: 0
[16.836s][debug][gc,phases,ref  ] GC(85)         Cleared: 0
[16.836s][debug][gc,phases,ref  ] GC(85)       WeakReference:
[16.836s][debug][gc,phases,ref  ] GC(85)         Discovered: 0
[16.836s][debug][gc,phases,ref  ] GC(85)         Cleared: 0
[16.836s][debug][gc,phases,ref  ] GC(85)       FinalReference:
[16.836s][debug][gc,phases,ref  ] GC(85)         Discovered: 0
[16.836s][debug][gc,phases,ref  ] GC(85)         Cleared: 0
[16.836s][debug][gc,phases,ref  ] GC(85)       PhantomReference:
[16.836s][debug][gc,phases,ref  ] GC(85)         Discovered: 0
[16.836s][debug][gc,phases,ref  ] GC(85)         Cleared: 0
[16.836s][debug][gc,phases      ] GC(85)     Weak Processing: 0.1ms
[16.836s][debug][gc,phases      ] GC(85)       JVMTI weak processing: 0.0ms
[16.836s][debug][gc,phases      ] GC(85)         Dead: 0
[16.836s][debug][gc,phases      ] GC(85)         Total: 0
[16.836s][debug][gc,phases      ] GC(85)       JFR weak processing: 0.0ms
[16.836s][debug][gc,phases      ] GC(85)         Dead: 0
[16.836s][debug][gc,phases      ] GC(85)         Total: 0
[16.836s][debug][gc,phases      ] GC(85)       JNI weak                  Min:  0.0, Avg:  0.0, Max:  0.0, Diff:  0.0, Sum:  0.1, Workers: 5
[16.836s][debug][gc,phases      ] GC(85)         Dead                      Min: 0, Avg:  0.0, Max: 0, Diff: 0, Sum: 0, Workers: 5
[16.836s][debug][gc,phases      ] GC(85)         Total                     Min: 0, Avg: 12.6, Max: 59, Diff: 59, Sum: 63, Workers: 5
[16.836s][debug][gc,phases      ] GC(85)       VM weak                   Min:  0.0, Avg:  0.0, Max:  0.0, Diff:  0.0, Sum:  0.0, Workers: 5
[16.836s][debug][gc,phases      ] GC(85)         Dead                      Min: 0, Avg:  0.0, Max: 0, Diff: 0, Sum: 0, Workers: 5
[16.836s][debug][gc,phases      ] GC(85)         Total                     Min: 0, Avg: 44.0, Max: 128, Diff: 128, Sum: 220, Workers: 5
[16.836s][debug][gc,phases      ] GC(85)       StringTable weak          Min:  0.0, Avg:  0.0, Max:  0.0, Diff:  0.0, Sum:  0.1, Workers: 5
[16.836s][debug][gc,phases      ] GC(85)         Dead                      Min: 0, Avg:  0.0, Max: 0, Diff: 0, Sum: 0, Workers: 5
[16.836s][debug][gc,phases      ] GC(85)         Total                     Min: 0, Avg: 718.4, Max: 1344, Diff: 1344, Sum: 3592, Workers: 5
[16.836s][debug][gc,phases      ] GC(85)       ResolvedMethodTable weak  Min:  0.0, Avg:  0.0, Max:  0.0, Diff:  0.0, Sum:  0.1, Workers: 5
[16.836s][debug][gc,phases      ] GC(85)         Dead                      Min: 0, Avg:  0.0, Max: 0, Diff: 0, Sum: 0, Workers: 5
[16.836s][debug][gc,phases      ] GC(85)         Total                     Min: 64, Avg: 116.6, Max: 192, Diff: 128, Sum: 583, Workers: 5
[16.836s][debug][gc,phases      ] GC(85)     Merge Per-Thread State: 0.0ms
[16.836s][debug][gc,phases      ] GC(85)       Copied Bytes              Min: 0, Avg: 66.0, Max: 224, Diff: 224, Sum: 528, Workers: 8
[16.836s][debug][gc,phases      ] GC(85)       LAB Waste                 Min: 0, Avg:  0.0, Max: 0, Diff: 0, Sum: 0, Workers: 8
[16.836s][debug][gc,phases      ] GC(85)       LAB Undo Waste            Min: 0, Avg:  0.0, Max: 0, Diff: 0, Sum: 0, Workers: 8
[16.836s][debug][gc,phases      ] GC(85)     Code Roots Purge: 0.0ms
[16.836s][debug][gc,phases      ] GC(85)     Redirty Cards: 0.0ms
[16.836s][debug][gc,phases      ] GC(85)     DerivedPointerTable Update: 0.0ms
[16.836s][debug][gc,phases      ] GC(85)     Free Collection Set: 0.2ms
[16.836s][debug][gc,phases      ] GC(85)     Rebuild Free List: 0.0ms
[16.836s][debug][gc,phases      ] GC(85)     Humongous Reclaim: 0.0ms
[16.836s][debug][gc,phases      ] GC(85)     Start New Collection Set: 0.0ms
[16.836s][debug][gc,phases      ] GC(85)     Resize TLABs: 0.0ms
[16.836s][debug][gc,phases      ] GC(85)     Expand Heap After Collection: 0.0ms
[16.836s][info ][gc,phases      ] GC(85)   Other: 0.3ms
[16.836s][info ][gc,heap        ] GC(85) Eden regions: 186->0(186)
[16.836s][info ][gc,heap        ] GC(85) Survivor regions: 1->1(24)
[16.836s][info ][gc,heap        ] GC(85) Old regions: 7->7
[16.836s][info ][gc,heap        ] GC(85) Archive regions: 2->2
[16.836s][info ][gc,heap        ] GC(85) Humongous regions: 0->0
[16.836s][info ][gc,metaspace   ] GC(85) Metaspace: 10391K(10880K)->10391K(10880K) NonClass: 9188K(9472K)->9188K(9472K) Class: 1202K(1408K)->1202K(1408K)
[16.836s][debug][gc,heap        ] GC(85) Heap after GC invocations=86 (full 1): garbage-first heap   total 319488K, used 4332K [0x0000000700000000, 0x0000000800000000)
[16.836s][debug][gc,heap        ] GC(85)   region size 1024K, 1 young (1024K), 1 survivors (1024K)
[16.836s][debug][gc,heap        ] GC(85)  Metaspace       used 10391K, capacity 10712K, committed 10880K, reserved 1058816K
[16.836s][debug][gc,heap        ] GC(85)   class space    used 1202K, capacity 1338K, committed 1408K, reserved 1048576K
[16.836s][info ][gc             ] GC(85) Pause Young (Normal) (G1 Evacuation Pause) 190M->4M(312M) 1.511ms
[16.836s][info ][gc,cpu         ] GC(85) User=0.00s Sys=0.01s Real=0.01s
[16.836s][info ][safepoint      ] Safepoint "G1CollectForAllocation", Time since last: 160630302 ns, Reaching safepoint: 83245 ns, At safepoint: 1693228 ns, Total: 1776473 ns
[16.998s][debug][gc,heap        ] GC(86) Heap before GC invocations=86 (full 1): garbage-first heap   total 319488K, used 194796K [0x0000000700000000, 0x0000000800000000)
[16.998s][debug][gc,heap        ] GC(86)   region size 1024K, 187 young (191488K), 1 survivors (1024K)
[16.998s][debug][gc,heap        ] GC(86)  Metaspace       used 10391K, capacity 10712K, committed 10880K, reserved 1058816K
[16.998s][debug][gc,heap        ] GC(86)   class space    used 1202K, capacity 1338K, committed 1408K, reserved 1048576K
[16.998s][info ][gc,start       ] GC(86) Pause Young (Normal) (G1 Evacuation Pause)
[16.998s][info ][gc,task        ] GC(86) Using 8 workers of 8 for evacuation
[16.998s][debug][gc,tlab        ] GC(86) TLAB totals: thrds: 8  refills: 746 max: 103 slow allocs: 0 max 0 waste:  1.0% gc: 1451456B max: 389040B slow: 430336B max: 59720B fast: 0B max: 0B
[16.998s][debug][gc,age         ] GC(86) Desired survivor size 12582912 bytes, new threshold 15 (max threshold 15)
[16.998s][debug][gc,alloc,region] GC(86) Mutator Allocation stats, regions: 186, wasted size: 0B ( 0.0%)
[16.998s][debug][gc,ergo        ] GC(86) Running G1 Merge Heap Roots using 8 workers for 187 regions
[16.998s][debug][gc,remset      ] GC(86) Visited cards 256 Total dirty 2048 (12.50%) Total old 784384 (0.03%)
[16.998s][debug][gc,ergo        ] GC(86) Running G1 Clear Card Table Task using 1 workers for 1 units of work for 188 regions.
[16.998s][debug][gc,ref         ] GC(86) Skipped phase1 of Reference Processing due to unavailable references
[16.998s][debug][gc,ref         ] GC(86) Skipped phase2 of Reference Processing due to unavailable references
[16.998s][debug][gc,ref         ] GC(86) Skipped phase3 of Reference Processing due to unavailable references
[16.998s][debug][gc,ref         ] GC(86) Skipped phase4 of Reference Processing due to unavailable references
[16.998s][debug][gc,ergo        ] GC(86) Running G1 Free Collection Set using 8 workers for collection set length 187 (312)
[16.998s][debug][gc,ergo        ] GC(86) Running G1 Rebuild Free List Task using 8 workers for rebuilding free list of 0 (4096) regions
[16.998s][trace][gc,age         ] GC(86) Age table with threshold 15 (max threshold 15)
[16.998s][trace][gc,age         ] GC(86) - age   1:        792 bytes,        792 total
[16.998s][debug][gc,plab        ] GC(86) Young PLAB allocation: allocated: 16512B, wasted: 0B, unused: 15720B, used: 792B, undo waste: 0B, 
[16.998s][debug][gc,plab        ] GC(86) Young other allocation: region end waste: 0B, regions filled: 1, direct allocated: 0B, failure used: 0B, failure wasted: 0B
[16.998s][debug][gc,plab        ] GC(86) Young sizing: calculated: 152B, actual: 2064B
[16.998s][debug][gc,plab        ] GC(86) Old PLAB allocation: allocated: 0B, wasted: 0B, unused: 0B, used: 0B, undo waste: 0B, 
[16.998s][debug][gc,plab        ] GC(86) Old other allocation: region end waste: 0B, regions filled: 1, direct allocated: 0B, failure used: 0B, failure wasted: 0B
[16.998s][debug][gc,plab        ] GC(86) Old sizing: calculated: 0B, actual: 2064B
[16.998s][debug][gc,ihop        ] GC(86) Basic information (value update), threshold: 147220070B (45.00), target occupancy: 327155712B, current occupancy: 4444872B, recent allocation size: 0B, recent allocation duration: 162.44ms, recent old gen allocation rate: 0.00B/s, recent marking phase length: 0.00ms
[16.998s][debug][gc,ihop        ] GC(86) Adaptive IHOP information (value update), threshold: 147220070B (47.37), internal target occupancy: 310797926B, occupancy: 4444872B, additional buffer size: 196083712B, predicted old gen allocation rate: 12581.88B/s, predicted marking phase length: 0.00ms, prediction active: false
[16.998s][debug][gc,ergo,refine ] GC(86) Concurrent refinement times: Logged Cards Scan time goal: 20.00ms Logged Cards Scan time: 0.00ms HCC time: 0.00ms
[16.998s][debug][gc,ergo,refine ] GC(86) Updated Refinement Zones: green: 2048, yellow: 6144, red: 10240
[16.998s][info ][gc,phases      ] GC(86)   Pre Evacuate Collection Set: 0.1ms
[16.998s][debug][gc,phases      ] GC(86)     Prepare TLABs: 0.0ms
[16.998s][debug][gc,phases      ] GC(86)     Choose Collection Set: 0.0ms
[16.998s][debug][gc,phases      ] GC(86)     Region Register: 0.1ms
[16.998s][debug][gc,phases      ] GC(86)     Prepare Heap Roots: 0.0ms
[16.998s][info ][gc,phases      ] GC(86)   Merge Heap Roots: 0.1ms
[16.998s][debug][gc,phases      ] GC(86)     Prepare Merge Heap Roots: 0.0ms
[16.998s][debug][gc,phases      ] GC(86)     Eager Reclaim (ms):       skipped
[16.999s][debug][gc,phases      ] GC(86)     Remembered Sets (ms):     Min:  0.0, Avg:  0.0, Max:  0.0, Diff:  0.0, Sum:  0.0, Workers: 8
[16.999s][debug][gc,phases      ] GC(86)       Merged Sparse:            Min: 0, Avg:  0.0, Max: 0, Diff: 0, Sum: 0, Workers: 8
[16.999s][debug][gc,phases      ] GC(86)       Merged Fine:              Min: 0, Avg:  0.0, Max: 0, Diff: 0, Sum: 0, Workers: 8
[16.999s][debug][gc,phases      ] GC(86)       Merged Coarse:            Min: 0, Avg:  0.0, Max: 0, Diff: 0, Sum: 0, Workers: 8
[16.999s][debug][gc,phases      ] GC(86)       Dirty Cards:              Min: 0, Avg:  0.0, Max: 0, Diff: 0, Sum: 0, Workers: 8
[16.999s][debug][gc,phases      ] GC(86)     Hot Card Cache (ms):      Min:  0.0, Avg:  0.0, Max:  0.0, Diff:  0.0, Sum:  0.0, Workers: 8
[16.999s][debug][gc,phases      ] GC(86)       Dirty Cards:              Min: 0, Avg:  0.0, Max: 0, Diff: 0, Sum: 0, Workers: 8
[16.999s][debug][gc,phases      ] GC(86)       Skipped Cards:            Min: 0, Avg:  0.0, Max: 0, Diff: 0, Sum: 0, Workers: 8
[16.999s][debug][gc,phases      ] GC(86)     Log Buffers (ms):         Min:  0.0, Avg:  0.0, Max:  0.0, Diff:  0.0, Sum:  0.0, Workers: 8
[16.999s][debug][gc,phases      ] GC(86)       Dirty Cards:              Min: 0, Avg:  0.1, Max: 1, Diff: 1, Sum: 1, Workers: 8
[16.999s][debug][gc,phases      ] GC(86)       Skipped Cards:            Min: 0, Avg:  0.0, Max: 0, Diff: 0, Sum: 0, Workers: 8
[16.999s][info ][gc,phases      ] GC(86)   Evacuate Collection Set: 0.2ms
[16.999s][debug][gc,phases      ] GC(86)     Ext Root Scanning (ms):   Min:  0.0, Avg:  0.0, Max:  0.1, Diff:  0.0, Sum:  0.2, Workers: 8
[16.999s][debug][gc,phases      ] GC(86)     Scan Heap Roots (ms):     Min:  0.0, Avg:  0.0, Max:  0.0, Diff:  0.0, Sum:  0.0, Workers: 8
[16.999s][debug][gc,phases      ] GC(86)       Scanned Cards:            Min: 0, Avg:  0.1, Max: 1, Diff: 1, Sum: 1, Workers: 8
[16.999s][debug][gc,phases      ] GC(86)       Scanned Blocks:           Min: 0, Avg:  0.1, Max: 1, Diff: 1, Sum: 1, Workers: 8
[16.999s][debug][gc,phases      ] GC(86)       Claimed Chunks:           Min: 0, Avg:  0.1, Max: 1, Diff: 1, Sum: 1, Workers: 8
[16.999s][debug][gc,phases      ] GC(86)     Code Root Scan (ms):      Min:  0.0, Avg:  0.0, Max:  0.0, Diff:  0.0, Sum:  0.0, Workers: 8
[16.999s][debug][gc,phases      ] GC(86)     Object Copy (ms):         Min:  0.0, Avg:  0.0, Max:  0.0, Diff:  0.0, Sum:  0.0, Workers: 8
[16.999s][debug][gc,phases      ] GC(86)     Termination (ms):         Min:  0.1, Avg:  0.1, Max:  0.1, Diff:  0.0, Sum:  0.5, Workers: 8
[16.999s][debug][gc,phases      ] GC(86)       Termination Attempts:     Min: 1, Avg:  1.0, Max: 1, Diff: 0, Sum: 8, Workers: 8
[16.999s][debug][gc,phases      ] GC(86)     GC Worker Other (ms):     Min:  0.0, Avg:  0.0, Max:  0.0, Diff:  0.0, Sum:  0.1, Workers: 8
[16.999s][debug][gc,phases      ] GC(86)     GC Worker Total (ms):     Min:  0.1, Avg:  0.1, Max:  0.1, Diff:  0.1, Sum:  0.9, Workers: 8
[16.999s][info ][gc,phases      ] GC(86)   Post Evacuate Collection Set: 0.3ms
[16.999s][debug][gc,phases      ] GC(86)     Code Roots Fixup: 0.0ms
[16.999s][debug][gc,phases      ] GC(86)     Clear Card Table: 0.1ms
[16.999s][debug][gc,phases      ] GC(86)     Reference Processing: 0.0ms
[16.999s][debug][gc,phases,ref  ] GC(86)       Reconsider SoftReferences: 0.0ms
[16.999s][debug][gc,phases,ref  ] GC(86)         SoftRef (ms):             skipped
[16.999s][debug][gc,phases,ref  ] GC(86)       Notify Soft/WeakReferences: 0.0ms
[16.999s][debug][gc,phases,ref  ] GC(86)         SoftRef (ms):             skipped
[16.999s][debug][gc,phases,ref  ] GC(86)         WeakRef (ms):             skipped
[16.999s][debug][gc,phases,ref  ] GC(86)         FinalRef (ms):            skipped
[16.999s][debug][gc,phases,ref  ] GC(86)         Total (ms):               skipped
[16.999s][debug][gc,phases,ref  ] GC(86)       Notify and keep alive finalizable: 0.0ms
[16.999s][debug][gc,phases,ref  ] GC(86)         FinalRef (ms):            skipped
[16.999s][debug][gc,phases,ref  ] GC(86)       Notify PhantomReferences: 0.0ms
[16.999s][debug][gc,phases,ref  ] GC(86)         PhantomRef (ms):          skipped
[16.999s][debug][gc,phases,ref  ] GC(86)       SoftReference:
[16.999s][debug][gc,phases,ref  ] GC(86)         Discovered: 0
[16.999s][debug][gc,phases,ref  ] GC(86)         Cleared: 0
[16.999s][debug][gc,phases,ref  ] GC(86)       WeakReference:
[16.999s][debug][gc,phases,ref  ] GC(86)         Discovered: 0
[16.999s][debug][gc,phases,ref  ] GC(86)         Cleared: 0
[16.999s][debug][gc,phases,ref  ] GC(86)       FinalReference:
[16.999s][debug][gc,phases,ref  ] GC(86)         Discovered: 0
[16.999s][debug][gc,phases,ref  ] GC(86)         Cleared: 0
[16.999s][debug][gc,phases,ref  ] GC(86)       PhantomReference:
[16.999s][debug][gc,phases,ref  ] GC(86)         Discovered: 0
[16.999s][debug][gc,phases,ref  ] GC(86)         Cleared: 0
[16.999s][debug][gc,phases      ] GC(86)     Weak Processing: 0.0ms
[16.999s][debug][gc,phases      ] GC(86)       JVMTI weak processing: 0.0ms
[16.999s][debug][gc,phases      ] GC(86)         Dead: 0
[16.999s][debug][gc,phases      ] GC(86)         Total: 0
[16.999s][debug][gc,phases      ] GC(86)       JFR weak processing: 0.0ms
[16.999s][debug][gc,phases      ] GC(86)         Dead: 0
[16.999s][debug][gc,phases      ] GC(86)         Total: 0
[16.999s][debug][gc,phases      ] GC(86)       JNI weak                  Min:  0.0, Avg:  0.0, Max:  0.0, Diff:  0.0, Sum:  0.0, Workers: 5
[16.999s][debug][gc,phases      ] GC(86)         Dead                      Min: 0, Avg:  0.0, Max: 0, Diff: 0, Sum: 0, Workers: 5
[16.999s][debug][gc,phases      ] GC(86)         Total                     Min: 0, Avg: 12.6, Max: 59, Diff: 59, Sum: 63, Workers: 5
[16.999s][debug][gc,phases      ] GC(86)       VM weak                   Min:  0.0, Avg:  0.0, Max:  0.0, Diff:  0.0, Sum:  0.0, Workers: 5
[16.999s][debug][gc,phases      ] GC(86)         Dead                      Min: 0, Avg:  0.0, Max: 0, Diff: 0, Sum: 0, Workers: 5
[16.999s][debug][gc,phases      ] GC(86)         Total                     Min: 0, Avg: 44.0, Max: 128, Diff: 128, Sum: 220, Workers: 5
[16.999s][debug][gc,phases      ] GC(86)       StringTable weak          Min:  0.0, Avg:  0.0, Max:  0.0, Diff:  0.0, Sum:  0.1, Workers: 5
[16.999s][debug][gc,phases      ] GC(86)         Dead                      Min: 0, Avg:  0.0, Max: 0, Diff: 0, Sum: 0, Workers: 5
[16.999s][debug][gc,phases      ] GC(86)         Total                     Min: 0, Avg: 718.4, Max: 1856, Diff: 1856, Sum: 3592, Workers: 5
[16.999s][debug][gc,phases      ] GC(86)       ResolvedMethodTable weak  Min:  0.0, Avg:  0.0, Max:  0.0, Diff:  0.0, Sum:  0.0, Workers: 5
[16.999s][debug][gc,phases      ] GC(86)         Dead                      Min: 0, Avg:  0.0, Max: 0, Diff: 0, Sum: 0, Workers: 5
[16.999s][debug][gc,phases      ] GC(86)         Total                     Min: 0, Avg: 116.6, Max: 256, Diff: 256, Sum: 583, Workers: 5
[16.999s][debug][gc,phases      ] GC(86)     Merge Per-Thread State: 0.0ms
[16.999s][debug][gc,phases      ] GC(86)       Copied Bytes              Min: 24, Avg: 99.0, Max: 152, Diff: 128, Sum: 792, Workers: 8
[16.999s][debug][gc,phases      ] GC(86)       LAB Waste                 Min: 0, Avg:  0.0, Max: 0, Diff: 0, Sum: 0, Workers: 8
[16.999s][debug][gc,phases      ] GC(86)       LAB Undo Waste            Min: 0, Avg:  0.0, Max: 0, Diff: 0, Sum: 0, Workers: 8
[16.999s][debug][gc,phases      ] GC(86)     Code Roots Purge: 0.0ms
[16.999s][debug][gc,phases      ] GC(86)     Redirty Cards: 0.0ms
[16.999s][debug][gc,phases      ] GC(86)     DerivedPointerTable Update: 0.0ms
[16.999s][debug][gc,phases      ] GC(86)     Free Collection Set: 0.1ms
[16.999s][debug][gc,phases      ] GC(86)     Rebuild Free List: 0.0ms
[16.999s][debug][gc,phases      ] GC(86)     Humongous Reclaim: 0.0ms
[16.999s][debug][gc,phases      ] GC(86)     Start New Collection Set: 0.0ms
[16.999s][debug][gc,phases      ] GC(86)     Resize TLABs: 0.0ms
[16.999s][debug][gc,phases      ] GC(86)     Expand Heap After Collection: 0.0ms
[16.999s][info ][gc,phases      ] GC(86)   Other: 0.2ms
[16.999s][info ][gc,heap        ] GC(86) Eden regions: 186->0(186)
[16.999s][info ][gc,heap        ] GC(86) Survivor regions: 1->1(24)
[16.999s][info ][gc,heap        ] GC(86) Old regions: 7->7
[16.999s][info ][gc,heap        ] GC(86) Archive regions: 2->2
[16.999s][info ][gc,heap        ] GC(86) Humongous regions: 0->0
[16.999s][info ][gc,metaspace   ] GC(86) Metaspace: 10391K(10880K)->10391K(10880K) NonClass: 9188K(9472K)->9188K(9472K) Class: 1202K(1408K)->1202K(1408K)
[16.999s][debug][gc,heap        ] GC(86) Heap after GC invocations=87 (full 1): garbage-first heap   total 319488K, used 4340K [0x0000000700000000, 0x0000000800000000)
[16.999s][debug][gc,heap        ] GC(86)   region size 1024K, 1 young (1024K), 1 survivors (1024K)
[16.999s][debug][gc,heap        ] GC(86)  Metaspace       used 10391K, capacity 10712K, committed 10880K, reserved 1058816K
[16.999s][debug][gc,heap        ] GC(86)   class space    used 1202K, capacity 1338K, committed 1408K, reserved 1048576K
[16.999s][info ][gc             ] GC(86) Pause Young (Normal) (G1 Evacuation Pause) 190M->4M(312M) 1.389ms
[16.999s][info ][gc,cpu         ] GC(86) User=0.00s Sys=0.00s Real=0.00s
[16.999s][info ][safepoint      ] Safepoint "G1CollectForAllocation", Time since last: 161501822 ns, Reaching safepoint: 117598 ns, At safepoint: 1547077 ns, Total: 1664675 ns
[17.145s][debug][gc,heap        ] GC(87) Heap before GC invocations=87 (full 1): garbage-first heap   total 319488K, used 194804K [0x0000000700000000, 0x0000000800000000)
[17.145s][debug][gc,heap        ] GC(87)   region size 1024K, 187 young (191488K), 1 survivors (1024K)
[17.145s][debug][gc,heap        ] GC(87)  Metaspace       used 10391K, capacity 10712K, committed 10880K, reserved 1058816K
[17.145s][debug][gc,heap        ] GC(87)   class space    used 1202K, capacity 1338K, committed 1408K, reserved 1048576K
[17.145s][info ][gc,start       ] GC(87) Pause Young (Normal) (G1 Evacuation Pause)
[17.145s][info ][gc,task        ] GC(87) Using 8 workers of 8 for evacuation
[17.145s][debug][gc,tlab        ] GC(87) TLAB totals: thrds: 8  refills: 747 max: 102 slow allocs: 0 max 0 waste:  1.1% gc: 1712824B max: 423560B slow: 431976B max: 59304B fast: 0B max: 0B
[17.145s][debug][gc,age         ] GC(87) Desired survivor size 12582912 bytes, new threshold 15 (max threshold 15)
[17.145s][debug][gc,alloc,region] GC(87) Mutator Allocation stats, regions: 186, wasted size: 0B ( 0.0%)
[17.145s][debug][gc,ergo        ] GC(87) Running G1 Merge Heap Roots using 8 workers for 187 regions
[17.145s][debug][gc,remset      ] GC(87) Visited cards 256 Total dirty 2048 (12.50%) Total old 784384 (0.03%)
[17.145s][debug][gc,ergo        ] GC(87) Running G1 Clear Card Table Task using 1 workers for 1 units of work for 188 regions.
[17.145s][debug][gc,ref         ] GC(87) Skipped phase1 of Reference Processing due to unavailable references
[17.145s][debug][gc,ref         ] GC(87) Skipped phase2 of Reference Processing due to unavailable references
[17.145s][debug][gc,ref         ] GC(87) Skipped phase3 of Reference Processing due to unavailable references
[17.145s][debug][gc,ref         ] GC(87) Skipped phase4 of Reference Processing due to unavailable references
[17.145s][debug][gc,ergo        ] GC(87) Running G1 Free Collection Set using 8 workers for collection set length 187 (312)
[17.146s][debug][gc,ergo        ] GC(87) Running G1 Rebuild Free List Task using 8 workers for rebuilding free list of 0 (4096) regions
[17.146s][trace][gc,age         ] GC(87) Age table with threshold 15 (max threshold 15)
[17.146s][trace][gc,age         ] GC(87) - age   1:        368 bytes,        368 total
[17.146s][debug][gc,plab        ] GC(87) Young PLAB allocation: allocated: 12384B, wasted: 0B, unused: 12016B, used: 368B, undo waste: 0B, 
[17.146s][debug][gc,plab        ] GC(87) Young other allocation: region end waste: 0B, regions filled: 1, direct allocated: 0B, failure used: 0B, failure wasted: 0B
[17.146s][debug][gc,plab        ] GC(87) Young sizing: calculated: 72B, actual: 2064B
[17.146s][debug][gc,plab        ] GC(87) Old PLAB allocation: allocated: 0B, wasted: 0B, unused: 0B, used: 0B, undo waste: 0B, 
[17.146s][debug][gc,plab        ] GC(87) Old other allocation: region end waste: 0B, regions filled: 1, direct allocated: 0B, failure used: 0B, failure wasted: 0B
[17.146s][debug][gc,plab        ] GC(87) Old sizing: calculated: 0B, actual: 2064B
[17.146s][debug][gc,ihop        ] GC(87) Basic information (value update), threshold: 147220070B (45.00), target occupancy: 327155712B, current occupancy: 4440744B, recent allocation size: 0B, recent allocation duration: 146.39ms, recent old gen allocation rate: 0.00B/s, recent marking phase length: 0.00ms
[17.146s][debug][gc,ihop        ] GC(87) Adaptive IHOP information (value update), threshold: 147220070B (47.37), internal target occupancy: 310797926B, occupancy: 4440744B, additional buffer size: 196083712B, predicted old gen allocation rate: 12197.80B/s, predicted marking phase length: 0.00ms, prediction active: false
[17.146s][debug][gc,ergo,refine ] GC(87) Concurrent refinement times: Logged Cards Scan time goal: 20.00ms Logged Cards Scan time: 0.00ms HCC time: 0.00ms
[17.146s][debug][gc,ergo,refine ] GC(87) Updated Refinement Zones: green: 2048, yellow: 6144, red: 10240
[17.146s][info ][gc,phases      ] GC(87)   Pre Evacuate Collection Set: 0.1ms
[17.146s][debug][gc,phases      ] GC(87)     Prepare TLABs: 0.0ms
[17.146s][debug][gc,phases      ] GC(87)     Choose Collection Set: 0.0ms
[17.146s][debug][gc,phases      ] GC(87)     Region Register: 0.1ms
[17.146s][debug][gc,phases      ] GC(87)     Prepare Heap Roots: 0.0ms
[17.146s][info ][gc,phases      ] GC(87)   Merge Heap Roots: 0.1ms
[17.146s][debug][gc,phases      ] GC(87)     Prepare Merge Heap Roots: 0.0ms
[17.146s][debug][gc,phases      ] GC(87)     Eager Reclaim (ms):       skipped
[17.146s][debug][gc,phases      ] GC(87)     Remembered Sets (ms):     Min:  0.0, Avg:  0.0, Max:  0.0, Diff:  0.0, Sum:  0.2, Workers: 8
[17.146s][debug][gc,phases      ] GC(87)       Merged Sparse:            Min: 0, Avg:  0.0, Max: 0, Diff: 0, Sum: 0, Workers: 8
[17.146s][debug][gc,phases      ] GC(87)       Merged Fine:              Min: 0, Avg:  0.0, Max: 0, Diff: 0, Sum: 0, Workers: 8
[17.146s][debug][gc,phases      ] GC(87)       Merged Coarse:            Min: 0, Avg:  0.0, Max: 0, Diff: 0, Sum: 0, Workers: 8
[17.146s][debug][gc,phases      ] GC(87)       Dirty Cards:              Min: 0, Avg:  0.0, Max: 0, Diff: 0, Sum: 0, Workers: 8
[17.146s][debug][gc,phases      ] GC(87)     Hot Card Cache (ms):      Min:  0.0, Avg:  0.0, Max:  0.0, Diff:  0.0, Sum:  0.0, Workers: 8
[17.146s][debug][gc,phases      ] GC(87)       Dirty Cards:              Min: 0, Avg:  0.0, Max: 0, Diff: 0, Sum: 0, Workers: 8
[17.146s][debug][gc,phases      ] GC(87)       Skipped Cards:            Min: 0, Avg:  0.0, Max: 0, Diff: 0, Sum: 0, Workers: 8
[17.146s][debug][gc,phases      ] GC(87)     Log Buffers (ms):         Min:  0.0, Avg:  0.0, Max:  0.0, Diff:  0.0, Sum:  0.0, Workers: 8
[17.146s][debug][gc,phases      ] GC(87)       Dirty Cards:              Min: 0, Avg:  0.1, Max: 1, Diff: 1, Sum: 1, Workers: 8
[17.146s][debug][gc,phases      ] GC(87)       Skipped Cards:            Min: 0, Avg:  0.0, Max: 0, Diff: 0, Sum: 0, Workers: 8
[17.146s][info ][gc,phases      ] GC(87)   Evacuate Collection Set: 0.1ms
[17.146s][debug][gc,phases      ] GC(87)     Ext Root Scanning (ms):   Min:  0.0, Avg:  0.0, Max:  0.1, Diff:  0.1, Sum:  0.2, Workers: 8
[17.146s][debug][gc,phases      ] GC(87)     Scan Heap Roots (ms):     Min:  0.0, Avg:  0.0, Max:  0.0, Diff:  0.0, Sum:  0.0, Workers: 8
[17.146s][debug][gc,phases      ] GC(87)       Scanned Cards:            Min: 0, Avg:  0.1, Max: 1, Diff: 1, Sum: 1, Workers: 8
[17.146s][debug][gc,phases      ] GC(87)       Scanned Blocks:           Min: 0, Avg:  0.1, Max: 1, Diff: 1, Sum: 1, Workers: 8
[17.146s][debug][gc,phases      ] GC(87)       Claimed Chunks:           Min: 0, Avg:  0.1, Max: 1, Diff: 1, Sum: 1, Workers: 8
[17.146s][debug][gc,phases      ] GC(87)     Code Root Scan (ms):      Min:  0.0, Avg:  0.0, Max:  0.0, Diff:  0.0, Sum:  0.0, Workers: 8
[17.146s][debug][gc,phases      ] GC(87)     Object Copy (ms):         Min:  0.0, Avg:  0.0, Max:  0.0, Diff:  0.0, Sum:  0.0, Workers: 8
[17.146s][debug][gc,phases      ] GC(87)     Termination (ms):         Min:  0.1, Avg:  0.1, Max:  0.1, Diff:  0.0, Sum:  0.5, Workers: 8
[17.146s][debug][gc,phases      ] GC(87)       Termination Attempts:     Min: 1, Avg:  1.0, Max: 1, Diff: 0, Sum: 8, Workers: 8
[17.146s][debug][gc,phases      ] GC(87)     GC Worker Other (ms):     Min:  0.0, Avg:  0.0, Max:  0.0, Diff:  0.0, Sum:  0.1, Workers: 8
[17.146s][debug][gc,phases      ] GC(87)     GC Worker Total (ms):     Min:  0.1, Avg:  0.1, Max:  0.1, Diff:  0.0, Sum:  0.9, Workers: 8
[17.146s][info ][gc,phases      ] GC(87)   Post Evacuate Collection Set: 0.4ms
[17.146s][debug][gc,phases      ] GC(87)     Code Roots Fixup: 0.0ms
[17.146s][debug][gc,phases      ] GC(87)     Clear Card Table: 0.1ms
[17.146s][debug][gc,phases      ] GC(87)     Reference Processing: 0.0ms
[17.146s][debug][gc,phases,ref  ] GC(87)       Reconsider SoftReferences: 0.0ms
[17.146s][debug][gc,phases,ref  ] GC(87)         SoftRef (ms):             skipped
[17.146s][debug][gc,phases,ref  ] GC(87)       Notify Soft/WeakReferences: 0.0ms
[17.146s][debug][gc,phases,ref  ] GC(87)         SoftRef (ms):             skipped
[17.146s][debug][gc,phases,ref  ] GC(87)         WeakRef (ms):             skipped
[17.146s][debug][gc,phases,ref  ] GC(87)         FinalRef (ms):            skipped
[17.146s][debug][gc,phases,ref  ] GC(87)         Total (ms):               skipped
[17.146s][debug][gc,phases,ref  ] GC(87)       Notify and keep alive finalizable: 0.0ms
[17.146s][debug][gc,phases,ref  ] GC(87)         FinalRef (ms):            skipped
[17.146s][debug][gc,phases,ref  ] GC(87)       Notify PhantomReferences: 0.0ms
[17.146s][debug][gc,phases,ref  ] GC(87)         PhantomRef (ms):          skipped
[17.146s][debug][gc,phases,ref  ] GC(87)       SoftReference:
[17.146s][debug][gc,phases,ref  ] GC(87)         Discovered: 0
[17.146s][debug][gc,phases,ref  ] GC(87)         Cleared: 0
[17.146s][debug][gc,phases,ref  ] GC(87)       WeakReference:
[17.146s][debug][gc,phases,ref  ] GC(87)         Discovered: 0
[17.146s][debug][gc,phases,ref  ] GC(87)         Cleared: 0
[17.146s][debug][gc,phases,ref  ] GC(87)       FinalReference:
[17.146s][debug][gc,phases,ref  ] GC(87)         Discovered: 0
[17.146s][debug][gc,phases,ref  ] GC(87)         Cleared: 0
[17.146s][debug][gc,phases,ref  ] GC(87)       PhantomReference:
[17.146s][debug][gc,phases,ref  ] GC(87)         Discovered: 0
[17.146s][debug][gc,phases,ref  ] GC(87)         Cleared: 0
[17.146s][debug][gc,phases      ] GC(87)     Weak Processing: 0.1ms
[17.146s][debug][gc,phases      ] GC(87)       JVMTI weak processing: 0.0ms
[17.146s][debug][gc,phases      ] GC(87)         Dead: 0
[17.146s][debug][gc,phases      ] GC(87)         Total: 0
[17.146s][debug][gc,phases      ] GC(87)       JFR weak processing: 0.0ms
[17.146s][debug][gc,phases      ] GC(87)         Dead: 0
[17.146s][debug][gc,phases      ] GC(87)         Total: 0
[17.146s][debug][gc,phases      ] GC(87)       JNI weak                  Min:  0.0, Avg:  0.0, Max:  0.0, Diff:  0.0, Sum:  0.0, Workers: 5
[17.146s][debug][gc,phases      ] GC(87)         Dead                      Min: 0, Avg:  0.0, Max: 0, Diff: 0, Sum: 0, Workers: 5
[17.146s][debug][gc,phases      ] GC(87)         Total                     Min: 0, Avg: 12.6, Max: 59, Diff: 59, Sum: 63, Workers: 5
[17.146s][debug][gc,phases      ] GC(87)       VM weak                   Min:  0.0, Avg:  0.0, Max:  0.0, Diff:  0.0, Sum:  0.0, Workers: 5
[17.146s][debug][gc,phases      ] GC(87)         Dead                      Min: 0, Avg:  0.0, Max: 0, Diff: 0, Sum: 0, Workers: 5
[17.146s][debug][gc,phases      ] GC(87)         Total                     Min: 0, Avg: 44.0, Max: 128, Diff: 128, Sum: 220, Workers: 5
[17.146s][debug][gc,phases      ] GC(87)       StringTable weak          Min:  0.0, Avg:  0.0, Max:  0.0, Diff:  0.0, Sum:  0.1, Workers: 5
[17.146s][debug][gc,phases      ] GC(87)         Dead                      Min: 0, Avg:  0.0, Max: 0, Diff: 0, Sum: 0, Workers: 5
[17.146s][debug][gc,phases      ] GC(87)         Total                     Min: 0, Avg: 718.4, Max: 1024, Diff: 1024, Sum: 3592, Workers: 5
[17.146s][debug][gc,phases      ] GC(87)       ResolvedMethodTable weak  Min:  0.0, Avg:  0.0, Max:  0.0, Diff:  0.0, Sum:  0.0, Workers: 5
[17.146s][debug][gc,phases      ] GC(87)         Dead                      Min: 0, Avg:  0.0, Max: 0, Diff: 0, Sum: 0, Workers: 5
[17.146s][debug][gc,phases      ] GC(87)         Total                     Min: 0, Avg: 116.6, Max: 192, Diff: 192, Sum: 583, Workers: 5
[17.146s][debug][gc,phases      ] GC(87)     Merge Per-Thread State: 0.0ms
[17.146s][debug][gc,phases      ] GC(87)       Copied Bytes              Min: 0, Avg: 46.0, Max: 120, Diff: 120, Sum: 368, Workers: 8
[17.146s][debug][gc,phases      ] GC(87)       LAB Waste                 Min: 0, Avg:  0.0, Max: 0, Diff: 0, Sum: 0, Workers: 8
[17.146s][debug][gc,phases      ] GC(87)       LAB Undo Waste            Min: 0, Avg:  0.0, Max: 0, Diff: 0, Sum: 0, Workers: 8
[17.146s][debug][gc,phases      ] GC(87)     Code Roots Purge: 0.0ms
[17.146s][debug][gc,phases      ] GC(87)     Redirty Cards: 0.0ms
[17.146s][debug][gc,phases      ] GC(87)     DerivedPointerTable Update: 0.0ms
[17.146s][debug][gc,phases      ] GC(87)     Free Collection Set: 0.1ms
[17.146s][debug][gc,phases      ] GC(87)     Rebuild Free List: 0.0ms
[17.146s][debug][gc,phases      ] GC(87)     Humongous Reclaim: 0.0ms
[17.146s][debug][gc,phases      ] GC(87)     Start New Collection Set: 0.0ms
[17.146s][debug][gc,phases      ] GC(87)     Resize TLABs: 0.0ms
[17.146s][debug][gc,phases      ] GC(87)     Expand Heap After Collection: 0.0ms
[17.146s][info ][gc,phases      ] GC(87)   Other: 0.3ms
[17.146s][info ][gc,heap        ] GC(87) Eden regions: 186->0(186)
[17.146s][info ][gc,heap        ] GC(87) Survivor regions: 1->1(24)
[17.146s][info ][gc,heap        ] GC(87) Old regions: 7->7
[17.146s][info ][gc,heap        ] GC(87) Archive regions: 2->2
[17.146s][info ][gc,heap        ] GC(87) Humongous regions: 0->0
[17.146s][info ][gc,metaspace   ] GC(87) Metaspace: 10391K(10880K)->10391K(10880K) NonClass: 9188K(9472K)->9188K(9472K) Class: 1202K(1408K)->1202K(1408K)
[17.146s][debug][gc,heap        ] GC(87) Heap after GC invocations=88 (full 1): garbage-first heap   total 319488K, used 4336K [0x0000000700000000, 0x0000000800000000)
[17.146s][debug][gc,heap        ] GC(87)   region size 1024K, 1 young (1024K), 1 survivors (1024K)
[17.146s][debug][gc,heap        ] GC(87)  Metaspace       used 10391K, capacity 10712K, committed 10880K, reserved 1058816K
[17.146s][debug][gc,heap        ] GC(87)   class space    used 1202K, capacity 1338K, committed 1408K, reserved 1048576K
[17.146s][info ][gc             ] GC(87) Pause Young (Normal) (G1 Evacuation Pause) 190M->4M(312M) 1.562ms
[17.146s][info ][gc,cpu         ] GC(87) User=0.00s Sys=0.00s Real=0.01s
[17.146s][info ][safepoint      ] Safepoint "G1CollectForAllocation", Time since last: 145338354 ns, Reaching safepoint: 202014 ns, At safepoint: 1754723 ns, Total: 1956737 ns
[17.308s][debug][gc,heap        ] GC(88) Heap before GC invocations=88 (full 1): garbage-first heap   total 319488K, used 194800K [0x0000000700000000, 0x0000000800000000)
[17.308s][debug][gc,heap        ] GC(88)   region size 1024K, 187 young (191488K), 1 survivors (1024K)
[17.308s][debug][gc,heap        ] GC(88)  Metaspace       used 10391K, capacity 10712K, committed 10880K, reserved 1058816K
[17.308s][debug][gc,heap        ] GC(88)   class space    used 1202K, capacity 1338K, committed 1408K, reserved 1048576K
[17.308s][info ][gc,start       ] GC(88) Pause Young (Normal) (G1 Evacuation Pause)
[17.308s][info ][gc,task        ] GC(88) Using 8 workers of 8 for evacuation
[17.308s][debug][gc,tlab        ] GC(88) TLAB totals: thrds: 8  refills: 746 max: 102 slow allocs: 0 max 0 waste:  0.9% gc: 1340944B max: 425152B slow: 431872B max: 59232B fast: 0B max: 0B
[17.308s][debug][gc,age         ] GC(88) Desired survivor size 12582912 bytes, new threshold 15 (max threshold 15)
[17.308s][debug][gc,alloc,region] GC(88) Mutator Allocation stats, regions: 186, wasted size: 0B ( 0.0%)
[17.308s][debug][gc,ergo        ] GC(88) Running G1 Merge Heap Roots using 8 workers for 187 regions
[17.308s][debug][gc,remset      ] GC(88) Visited cards 256 Total dirty 2048 (12.50%) Total old 784384 (0.03%)
[17.309s][debug][gc,ergo        ] GC(88) Running G1 Clear Card Table Task using 1 workers for 1 units of work for 188 regions.
[17.309s][debug][gc,ref         ] GC(88) Skipped phase1 of Reference Processing due to unavailable references
[17.309s][debug][gc,ref         ] GC(88) Skipped phase2 of Reference Processing due to unavailable references
[17.309s][debug][gc,ref         ] GC(88) Skipped phase3 of Reference Processing due to unavailable references
[17.309s][debug][gc,ref         ] GC(88) Skipped phase4 of Reference Processing due to unavailable references
[17.309s][debug][gc,ergo        ] GC(88) Running G1 Free Collection Set using 8 workers for collection set length 187 (312)
[17.309s][debug][gc,ergo        ] GC(88) Running G1 Rebuild Free List Task using 8 workers for rebuilding free list of 0 (4096) regions
[17.309s][trace][gc,age         ] GC(88) Age table with threshold 15 (max threshold 15)
[17.309s][trace][gc,age         ] GC(88) - age   1:        344 bytes,        344 total
[17.309s][debug][gc,plab        ] GC(88) Young PLAB allocation: allocated: 8256B, wasted: 0B, unused: 7912B, used: 344B, undo waste: 0B, 
[17.309s][debug][gc,plab        ] GC(88) Young other allocation: region end waste: 0B, regions filled: 1, direct allocated: 0B, failure used: 0B, failure wasted: 0B
[17.309s][debug][gc,plab        ] GC(88) Young sizing: calculated: 64B, actual: 2064B
[17.309s][debug][gc,plab        ] GC(88) Old PLAB allocation: allocated: 0B, wasted: 0B, unused: 0B, used: 0B, undo waste: 0B, 
[17.309s][debug][gc,plab        ] GC(88) Old other allocation: region end waste: 0B, regions filled: 1, direct allocated: 0B, failure used: 0B, failure wasted: 0B
[17.309s][debug][gc,plab        ] GC(88) Old sizing: calculated: 0B, actual: 2064B
[17.309s][debug][gc,ihop        ] GC(88) Basic information (value update), threshold: 147220070B (45.00), target occupancy: 327155712B, current occupancy: 4436616B, recent allocation size: 0B, recent allocation duration: 162.53ms, recent old gen allocation rate: 0.00B/s, recent marking phase length: 0.00ms
[17.309s][debug][gc,ihop        ] GC(88) Adaptive IHOP information (value update), threshold: 147220070B (47.37), internal target occupancy: 310797926B, occupancy: 4436616B, additional buffer size: 196083712B, predicted old gen allocation rate: 11826.60B/s, predicted marking phase length: 0.00ms, prediction active: false
[17.309s][debug][gc,ergo,refine ] GC(88) Concurrent refinement times: Logged Cards Scan time goal: 20.00ms Logged Cards Scan time: 0.00ms HCC time: 0.00ms
[17.309s][debug][gc,ergo,refine ] GC(88) Updated Refinement Zones: green: 2048, yellow: 6144, red: 10240
[17.309s][info ][gc,phases      ] GC(88)   Pre Evacuate Collection Set: 0.1ms
[17.309s][debug][gc,phases      ] GC(88)     Prepare TLABs: 0.0ms
[17.309s][debug][gc,phases      ] GC(88)     Choose Collection Set: 0.0ms
[17.309s][debug][gc,phases      ] GC(88)     Region Register: 0.1ms
[17.309s][debug][gc,phases      ] GC(88)     Prepare Heap Roots: 0.0ms
[17.309s][info ][gc,phases      ] GC(88)   Merge Heap Roots: 0.1ms
[17.309s][debug][gc,phases      ] GC(88)     Prepare Merge Heap Roots: 0.0ms
[17.309s][debug][gc,phases      ] GC(88)     Eager Reclaim (ms):       skipped
[17.309s][debug][gc,phases      ] GC(88)     Remembered Sets (ms):     Min:  0.0, Avg:  0.0, Max:  0.0, Diff:  0.0, Sum:  0.0, Workers: 8
[17.309s][debug][gc,phases      ] GC(88)       Merged Sparse:            Min: 0, Avg:  0.0, Max: 0, Diff: 0, Sum: 0, Workers: 8
[17.309s][debug][gc,phases      ] GC(88)       Merged Fine:              Min: 0, Avg:  0.0, Max: 0, Diff: 0, Sum: 0, Workers: 8
[17.309s][debug][gc,phases      ] GC(88)       Merged Coarse:            Min: 0, Avg:  0.0, Max: 0, Diff: 0, Sum: 0, Workers: 8
[17.309s][debug][gc,phases      ] GC(88)       Dirty Cards:              Min: 0, Avg:  0.0, Max: 0, Diff: 0, Sum: 0, Workers: 8
[17.309s][debug][gc,phases      ] GC(88)     Hot Card Cache (ms):      Min:  0.0, Avg:  0.0, Max:  0.0, Diff:  0.0, Sum:  0.0, Workers: 8
[17.309s][debug][gc,phases      ] GC(88)       Dirty Cards:              Min: 0, Avg:  0.0, Max: 0, Diff: 0, Sum: 0, Workers: 8
[17.309s][debug][gc,phases      ] GC(88)       Skipped Cards:            Min: 0, Avg:  0.0, Max: 0, Diff: 0, Sum: 0, Workers: 8
[17.309s][debug][gc,phases      ] GC(88)     Log Buffers (ms):         Min:  0.0, Avg:  0.0, Max:  0.0, Diff:  0.0, Sum:  0.0, Workers: 8
[17.309s][debug][gc,phases      ] GC(88)       Dirty Cards:              Min: 0, Avg:  0.1, Max: 1, Diff: 1, Sum: 1, Workers: 8
[17.309s][debug][gc,phases      ] GC(88)       Skipped Cards:            Min: 0, Avg:  0.0, Max: 0, Diff: 0, Sum: 0, Workers: 8
[17.309s][info ][gc,phases      ] GC(88)   Evacuate Collection Set: 0.2ms
[17.309s][debug][gc,phases      ] GC(88)     Ext Root Scanning (ms):   Min:  0.0, Avg:  0.0, Max:  0.0, Diff:  0.0, Sum:  0.2, Workers: 8
[17.309s][debug][gc,phases      ] GC(88)     Scan Heap Roots (ms):     Min:  0.0, Avg:  0.0, Max:  0.0, Diff:  0.0, Sum:  0.0, Workers: 8
[17.309s][debug][gc,phases      ] GC(88)       Scanned Cards:            Min: 0, Avg:  0.1, Max: 1, Diff: 1, Sum: 1, Workers: 8
[17.309s][debug][gc,phases      ] GC(88)       Scanned Blocks:           Min: 0, Avg:  0.1, Max: 1, Diff: 1, Sum: 1, Workers: 8
[17.309s][debug][gc,phases      ] GC(88)       Claimed Chunks:           Min: 0, Avg:  0.1, Max: 1, Diff: 1, Sum: 1, Workers: 8
[17.309s][debug][gc,phases      ] GC(88)     Code Root Scan (ms):      Min:  0.0, Avg:  0.0, Max:  0.0, Diff:  0.0, Sum:  0.0, Workers: 8
[17.309s][debug][gc,phases      ] GC(88)     Object Copy (ms):         Min:  0.0, Avg:  0.0, Max:  0.0, Diff:  0.0, Sum:  0.0, Workers: 8
[17.309s][debug][gc,phases      ] GC(88)     Termination (ms):         Min:  0.0, Avg:  0.1, Max:  0.1, Diff:  0.0, Sum:  0.5, Workers: 8
[17.309s][debug][gc,phases      ] GC(88)       Termination Attempts:     Min: 1, Avg:  1.0, Max: 1, Diff: 0, Sum: 8, Workers: 8
[17.309s][debug][gc,phases      ] GC(88)     GC Worker Other (ms):     Min:  0.0, Avg:  0.0, Max:  0.0, Diff:  0.0, Sum:  0.1, Workers: 8
[17.309s][debug][gc,phases      ] GC(88)     GC Worker Total (ms):     Min:  0.1, Avg:  0.1, Max:  0.1, Diff:  0.1, Sum:  0.8, Workers: 8
[17.309s][info ][gc,phases      ] GC(88)   Post Evacuate Collection Set: 0.3ms
[17.309s][debug][gc,phases      ] GC(88)     Code Roots Fixup: 0.0ms
[17.309s][debug][gc,phases      ] GC(88)     Clear Card Table: 0.1ms
[17.309s][debug][gc,phases      ] GC(88)     Reference Processing: 0.0ms
[17.309s][debug][gc,phases,ref  ] GC(88)       Reconsider SoftReferences: 0.0ms
[17.309s][debug][gc,phases,ref  ] GC(88)         SoftRef (ms):             skipped
[17.309s][debug][gc,phases,ref  ] GC(88)       Notify Soft/WeakReferences: 0.0ms
[17.309s][debug][gc,phases,ref  ] GC(88)         SoftRef (ms):             skipped
[17.309s][debug][gc,phases,ref  ] GC(88)         WeakRef (ms):             skipped
[17.309s][debug][gc,phases,ref  ] GC(88)         FinalRef (ms):            skipped
[17.309s][debug][gc,phases,ref  ] GC(88)         Total (ms):               skipped
[17.309s][debug][gc,phases,ref  ] GC(88)       Notify and keep alive finalizable: 0.0ms
[17.309s][debug][gc,phases,ref  ] GC(88)         FinalRef (ms):            skipped
[17.309s][debug][gc,phases,ref  ] GC(88)       Notify PhantomReferences: 0.0ms
[17.309s][debug][gc,phases,ref  ] GC(88)         PhantomRef (ms):          skipped
[17.309s][debug][gc,phases,ref  ] GC(88)       SoftReference:
[17.309s][debug][gc,phases,ref  ] GC(88)         Discovered: 0
[17.309s][debug][gc,phases,ref  ] GC(88)         Cleared: 0
[17.309s][debug][gc,phases,ref  ] GC(88)       WeakReference:
[17.309s][debug][gc,phases,ref  ] GC(88)         Discovered: 0
[17.309s][debug][gc,phases,ref  ] GC(88)         Cleared: 0
[17.309s][debug][gc,phases,ref  ] GC(88)       FinalReference:
[17.309s][debug][gc,phases,ref  ] GC(88)         Discovered: 0
[17.309s][debug][gc,phases,ref  ] GC(88)         Cleared: 0
[17.309s][debug][gc,phases,ref  ] GC(88)       PhantomReference:
[17.309s][debug][gc,phases,ref  ] GC(88)         Discovered: 0
[17.309s][debug][gc,phases,ref  ] GC(88)         Cleared: 0
[17.309s][debug][gc,phases      ] GC(88)     Weak Processing: 0.0ms
[17.309s][debug][gc,phases      ] GC(88)       JVMTI weak processing: 0.0ms
[17.309s][debug][gc,phases      ] GC(88)         Dead: 0
[17.309s][debug][gc,phases      ] GC(88)         Total: 0
[17.309s][debug][gc,phases      ] GC(88)       JFR weak processing: 0.0ms
[17.309s][debug][gc,phases      ] GC(88)         Dead: 0
[17.309s][debug][gc,phases      ] GC(88)         Total: 0
[17.309s][debug][gc,phases      ] GC(88)       JNI weak                  Min:  0.0, Avg:  0.0, Max:  0.0, Diff:  0.0, Sum:  0.0, Workers: 5
[17.309s][debug][gc,phases      ] GC(88)         Dead                      Min: 0, Avg:  0.0, Max: 0, Diff: 0, Sum: 0, Workers: 5
[17.309s][debug][gc,phases      ] GC(88)         Total                     Min: 0, Avg: 12.6, Max: 59, Diff: 59, Sum: 63, Workers: 5
[17.309s][debug][gc,phases      ] GC(88)       VM weak                   Min:  0.0, Avg:  0.0, Max:  0.0, Diff:  0.0, Sum:  0.0, Workers: 5
[17.309s][debug][gc,phases      ] GC(88)         Dead                      Min: 0, Avg:  0.0, Max: 0, Diff: 0, Sum: 0, Workers: 5
[17.309s][debug][gc,phases      ] GC(88)         Total                     Min: 0, Avg: 44.0, Max: 128, Diff: 128, Sum: 220, Workers: 5
[17.309s][debug][gc,phases      ] GC(88)       StringTable weak          Min:  0.0, Avg:  0.0, Max:  0.0, Diff:  0.0, Sum:  0.1, Workers: 5
[17.309s][debug][gc,phases      ] GC(88)         Dead                      Min: 0, Avg:  0.0, Max: 0, Diff: 0, Sum: 0, Workers: 5
[17.309s][debug][gc,phases      ] GC(88)         Total                     Min: 0, Avg: 718.4, Max: 1856, Diff: 1856, Sum: 3592, Workers: 5
[17.309s][debug][gc,phases      ] GC(88)       ResolvedMethodTable weak  Min:  0.0, Avg:  0.0, Max:  0.0, Diff:  0.0, Sum:  0.0, Workers: 5
[17.309s][debug][gc,phases      ] GC(88)         Dead                      Min: 0, Avg:  0.0, Max: 0, Diff: 0, Sum: 0, Workers: 5
[17.309s][debug][gc,phases      ] GC(88)         Total                     Min: 0, Avg: 116.6, Max: 256, Diff: 256, Sum: 583, Workers: 5
[17.309s][debug][gc,phases      ] GC(88)     Merge Per-Thread State: 0.0ms
[17.309s][debug][gc,phases      ] GC(88)       Copied Bytes              Min: 0, Avg: 43.0, Max: 224, Diff: 224, Sum: 344, Workers: 8
[17.309s][debug][gc,phases      ] GC(88)       LAB Waste                 Min: 0, Avg:  0.0, Max: 0, Diff: 0, Sum: 0, Workers: 8
[17.309s][debug][gc,phases      ] GC(88)       LAB Undo Waste            Min: 0, Avg:  0.0, Max: 0, Diff: 0, Sum: 0, Workers: 8
[17.309s][debug][gc,phases      ] GC(88)     Code Roots Purge: 0.0ms
[17.309s][debug][gc,phases      ] GC(88)     Redirty Cards: 0.0ms
[17.309s][debug][gc,phases      ] GC(88)     DerivedPointerTable Update: 0.0ms
[17.309s][debug][gc,phases      ] GC(88)     Free Collection Set: 0.1ms
[17.309s][debug][gc,phases      ] GC(88)     Rebuild Free List: 0.0ms
[17.309s][debug][gc,phases      ] GC(88)     Humongous Reclaim: 0.0ms
[17.309s][debug][gc,phases      ] GC(88)     Start New Collection Set: 0.0ms
[17.309s][debug][gc,phases      ] GC(88)     Resize TLABs: 0.0ms
[17.310s][debug][gc,phases      ] GC(88)     Expand Heap After Collection: 0.0ms
[17.310s][info ][gc,phases      ] GC(88)   Other: 0.2ms
[17.310s][info ][gc,heap        ] GC(88) Eden regions: 186->0(186)
[17.310s][info ][gc,heap        ] GC(88) Survivor regions: 1->1(24)
[17.310s][info ][gc,heap        ] GC(88) Old regions: 7->7
[17.310s][info ][gc,heap        ] GC(88) Archive regions: 2->2
[17.310s][info ][gc,heap        ] GC(88) Humongous regions: 0->0
[17.310s][info ][gc,metaspace   ] GC(88) Metaspace: 10391K(10880K)->10391K(10880K) NonClass: 9188K(9472K)->9188K(9472K) Class: 1202K(1408K)->1202K(1408K)
[17.310s][debug][gc,heap        ] GC(88) Heap after GC invocations=89 (full 1): garbage-first heap   total 319488K, used 4332K [0x0000000700000000, 0x0000000800000000)
[17.310s][debug][gc,heap        ] GC(88)   region size 1024K, 1 young (1024K), 1 survivors (1024K)
[17.310s][debug][gc,heap        ] GC(88)  Metaspace       used 10391K, capacity 10712K, committed 10880K, reserved 1058816K
[17.310s][debug][gc,heap        ] GC(88)   class space    used 1202K, capacity 1338K, committed 1408K, reserved 1048576K
[17.310s][info ][gc             ] GC(88) Pause Young (Normal) (G1 Evacuation Pause) 190M->4M(312M) 1.385ms
[17.310s][info ][gc,cpu         ] GC(88) User=0.00s Sys=0.00s Real=0.00s
[17.310s][info ][safepoint      ] Safepoint "G1CollectForAllocation", Time since last: 161543411 ns, Reaching safepoint: 147572 ns, At safepoint: 1529772 ns, Total: 1677344 ns
[17.473s][debug][gc,heap        ] GC(89) Heap before GC invocations=89 (full 1): garbage-first heap   total 319488K, used 194796K [0x0000000700000000, 0x0000000800000000)
[17.473s][debug][gc,heap        ] GC(89)   region size 1024K, 187 young (191488K), 1 survivors (1024K)
[17.473s][debug][gc,heap        ] GC(89)  Metaspace       used 10391K, capacity 10712K, committed 10880K, reserved 1058816K
[17.473s][debug][gc,heap        ] GC(89)   class space    used 1202K, capacity 1338K, committed 1408K, reserved 1048576K
[17.473s][info ][gc,start       ] GC(89) Pause Young (Normal) (G1 Evacuation Pause)
[17.473s][info ][gc,task        ] GC(89) Using 8 workers of 8 for evacuation
[17.473s][debug][gc,tlab        ] GC(89) TLAB totals: thrds: 8  refills: 749 max: 105 slow allocs: 0 max 0 waste:  0.9% gc: 1419760B max: 370872B slow: 431800B max: 60872B fast: 0B max: 0B
[17.473s][debug][gc,age         ] GC(89) Desired survivor size 12582912 bytes, new threshold 15 (max threshold 15)
[17.473s][debug][gc,alloc,region] GC(89) Mutator Allocation stats, regions: 186, wasted size: 0B ( 0.0%)
[17.473s][debug][gc,ergo        ] GC(89) Running G1 Merge Heap Roots using 8 workers for 187 regions
[17.473s][debug][gc,remset      ] GC(89) Visited cards 256 Total dirty 2048 (12.50%) Total old 784384 (0.03%)
[17.473s][debug][gc,ergo        ] GC(89) Running G1 Clear Card Table Task using 1 workers for 1 units of work for 188 regions.
[17.473s][debug][gc,ref         ] GC(89) Skipped phase1 of Reference Processing due to unavailable references
[17.473s][debug][gc,ref         ] GC(89) Skipped phase2 of Reference Processing due to unavailable references
[17.473s][debug][gc,ref         ] GC(89) Skipped phase3 of Reference Processing due to unavailable references
[17.473s][debug][gc,ref         ] GC(89) Skipped phase4 of Reference Processing due to unavailable references
[17.473s][debug][gc,ergo        ] GC(89) Running G1 Free Collection Set using 8 workers for collection set length 187 (312)
[17.473s][debug][gc,ergo        ] GC(89) Running G1 Rebuild Free List Task using 8 workers for rebuilding free list of 0 (4096) regions
[17.473s][trace][gc,age         ] GC(89) Age table with threshold 15 (max threshold 15)
[17.473s][trace][gc,age         ] GC(89) - age   1:        320 bytes,        320 total
[17.473s][debug][gc,plab        ] GC(89) Young PLAB allocation: allocated: 8256B, wasted: 0B, unused: 7936B, used: 320B, undo waste: 0B, 
[17.473s][debug][gc,plab        ] GC(89) Young other allocation: region end waste: 0B, regions filled: 1, direct allocated: 0B, failure used: 0B, failure wasted: 0B
[17.473s][debug][gc,plab        ] GC(89) Young sizing: calculated: 64B, actual: 2064B
[17.473s][debug][gc,plab        ] GC(89) Old PLAB allocation: allocated: 0B, wasted: 0B, unused: 0B, used: 0B, undo waste: 0B, 
[17.473s][debug][gc,plab        ] GC(89) Old other allocation: region end waste: 0B, regions filled: 1, direct allocated: 0B, failure used: 0B, failure wasted: 0B
[17.473s][debug][gc,plab        ] GC(89) Old sizing: calculated: 0B, actual: 2064B
[17.474s][debug][gc,ihop        ] GC(89) Basic information (value update), threshold: 147220070B (45.00), target occupancy: 327155712B, current occupancy: 4436616B, recent allocation size: 0B, recent allocation duration: 163.73ms, recent old gen allocation rate: 0.00B/s, recent marking phase length: 0.00ms
[17.474s][debug][gc,ihop        ] GC(89) Adaptive IHOP information (value update), threshold: 147220070B (47.37), internal target occupancy: 310797926B, occupancy: 4436616B, additional buffer size: 196083712B, predicted old gen allocation rate: 11467.81B/s, predicted marking phase length: 0.00ms, prediction active: false
[17.474s][debug][gc,ergo,refine ] GC(89) Concurrent refinement times: Logged Cards Scan time goal: 20.00ms Logged Cards Scan time: 0.00ms HCC time: 0.00ms
[17.474s][debug][gc,ergo,refine ] GC(89) Updated Refinement Zones: green: 2048, yellow: 6144, red: 10240
[17.474s][info ][gc,phases      ] GC(89)   Pre Evacuate Collection Set: 0.1ms
[17.474s][debug][gc,phases      ] GC(89)     Prepare TLABs: 0.0ms
[17.474s][debug][gc,phases      ] GC(89)     Choose Collection Set: 0.0ms
[17.474s][debug][gc,phases      ] GC(89)     Region Register: 0.1ms
[17.474s][debug][gc,phases      ] GC(89)     Prepare Heap Roots: 0.0ms
[17.474s][info ][gc,phases      ] GC(89)   Merge Heap Roots: 0.1ms
[17.474s][debug][gc,phases      ] GC(89)     Prepare Merge Heap Roots: 0.0ms
[17.474s][debug][gc,phases      ] GC(89)     Eager Reclaim (ms):       skipped
[17.474s][debug][gc,phases      ] GC(89)     Remembered Sets (ms):     Min:  0.0, Avg:  0.0, Max:  0.0, Diff:  0.0, Sum:  0.1, Workers: 8
[17.474s][debug][gc,phases      ] GC(89)       Merged Sparse:            Min: 0, Avg:  0.0, Max: 0, Diff: 0, Sum: 0, Workers: 8
[17.474s][debug][gc,phases      ] GC(89)       Merged Fine:              Min: 0, Avg:  0.0, Max: 0, Diff: 0, Sum: 0, Workers: 8
[17.474s][debug][gc,phases      ] GC(89)       Merged Coarse:            Min: 0, Avg:  0.0, Max: 0, Diff: 0, Sum: 0, Workers: 8
[17.474s][debug][gc,phases      ] GC(89)       Dirty Cards:              Min: 0, Avg:  0.0, Max: 0, Diff: 0, Sum: 0, Workers: 8
[17.474s][debug][gc,phases      ] GC(89)     Hot Card Cache (ms):      Min:  0.0, Avg:  0.0, Max:  0.0, Diff:  0.0, Sum:  0.0, Workers: 8
[17.474s][debug][gc,phases      ] GC(89)       Dirty Cards:              Min: 0, Avg:  0.0, Max: 0, Diff: 0, Sum: 0, Workers: 8
[17.474s][debug][gc,phases      ] GC(89)       Skipped Cards:            Min: 0, Avg:  0.0, Max: 0, Diff: 0, Sum: 0, Workers: 8
[17.474s][debug][gc,phases      ] GC(89)     Log Buffers (ms):         Min:  0.0, Avg:  0.0, Max:  0.0, Diff:  0.0, Sum:  0.0, Workers: 8
[17.474s][debug][gc,phases      ] GC(89)       Dirty Cards:              Min: 0, Avg:  0.1, Max: 1, Diff: 1, Sum: 1, Workers: 8
[17.474s][debug][gc,phases      ] GC(89)       Skipped Cards:            Min: 0, Avg:  0.0, Max: 0, Diff: 0, Sum: 0, Workers: 8
[17.474s][info ][gc,phases      ] GC(89)   Evacuate Collection Set: 0.2ms
[17.474s][debug][gc,phases      ] GC(89)     Ext Root Scanning (ms):   Min:  0.0, Avg:  0.0, Max:  0.1, Diff:  0.1, Sum:  0.2, Workers: 8
[17.474s][debug][gc,phases      ] GC(89)     Scan Heap Roots (ms):     Min:  0.0, Avg:  0.0, Max:  0.0, Diff:  0.0, Sum:  0.0, Workers: 8
[17.474s][debug][gc,phases      ] GC(89)       Scanned Cards:            Min: 0, Avg:  0.1, Max: 1, Diff: 1, Sum: 1, Workers: 8
[17.474s][debug][gc,phases      ] GC(89)       Scanned Blocks:           Min: 0, Avg:  0.1, Max: 1, Diff: 1, Sum: 1, Workers: 8
[17.474s][debug][gc,phases      ] GC(89)       Claimed Chunks:           Min: 0, Avg:  0.1, Max: 1, Diff: 1, Sum: 1, Workers: 8
[17.474s][debug][gc,phases      ] GC(89)     Code Root Scan (ms):      Min:  0.0, Avg:  0.0, Max:  0.0, Diff:  0.0, Sum:  0.0, Workers: 8
[17.474s][debug][gc,phases      ] GC(89)     Object Copy (ms):         Min:  0.0, Avg:  0.0, Max:  0.0, Diff:  0.0, Sum:  0.0, Workers: 8
[17.474s][debug][gc,phases      ] GC(89)     Termination (ms):         Min:  0.0, Avg:  0.0, Max:  0.0, Diff:  0.0, Sum:  0.3, Workers: 8
[17.474s][debug][gc,phases      ] GC(89)       Termination Attempts:     Min: 1, Avg:  1.0, Max: 1, Diff: 0, Sum: 8, Workers: 8
[17.474s][debug][gc,phases      ] GC(89)     GC Worker Other (ms):     Min:  0.0, Avg:  0.0, Max:  0.0, Diff:  0.0, Sum:  0.1, Workers: 8
[17.474s][debug][gc,phases      ] GC(89)     GC Worker Total (ms):     Min:  0.0, Avg:  0.1, Max:  0.1, Diff:  0.1, Sum:  0.7, Workers: 8
[17.474s][info ][gc,phases      ] GC(89)   Post Evacuate Collection Set: 0.4ms
[17.474s][debug][gc,phases      ] GC(89)     Code Roots Fixup: 0.0ms
[17.474s][debug][gc,phases      ] GC(89)     Clear Card Table: 0.1ms
[17.474s][debug][gc,phases      ] GC(89)     Reference Processing: 0.0ms
[17.474s][debug][gc,phases,ref  ] GC(89)       Reconsider SoftReferences: 0.0ms
[17.474s][debug][gc,phases,ref  ] GC(89)         SoftRef (ms):             skipped
[17.474s][debug][gc,phases,ref  ] GC(89)       Notify Soft/WeakReferences: 0.0ms
[17.474s][debug][gc,phases,ref  ] GC(89)         SoftRef (ms):             skipped
[17.474s][debug][gc,phases,ref  ] GC(89)         WeakRef (ms):             skipped
[17.474s][debug][gc,phases,ref  ] GC(89)         FinalRef (ms):            skipped
[17.474s][debug][gc,phases,ref  ] GC(89)         Total (ms):               skipped
[17.474s][debug][gc,phases,ref  ] GC(89)       Notify and keep alive finalizable: 0.0ms
[17.474s][debug][gc,phases,ref  ] GC(89)         FinalRef (ms):            skipped
[17.474s][debug][gc,phases,ref  ] GC(89)       Notify PhantomReferences: 0.0ms
[17.474s][debug][gc,phases,ref  ] GC(89)         PhantomRef (ms):          skipped
[17.474s][debug][gc,phases,ref  ] GC(89)       SoftReference:
[17.474s][debug][gc,phases,ref  ] GC(89)         Discovered: 0
[17.474s][debug][gc,phases,ref  ] GC(89)         Cleared: 0
[17.474s][debug][gc,phases,ref  ] GC(89)       WeakReference:
[17.474s][debug][gc,phases,ref  ] GC(89)         Discovered: 0
[17.474s][debug][gc,phases,ref  ] GC(89)         Cleared: 0
[17.474s][debug][gc,phases,ref  ] GC(89)       FinalReference:
[17.474s][debug][gc,phases,ref  ] GC(89)         Discovered: 0
[17.474s][debug][gc,phases,ref  ] GC(89)         Cleared: 0
[17.474s][debug][gc,phases,ref  ] GC(89)       PhantomReference:
[17.474s][debug][gc,phases,ref  ] GC(89)         Discovered: 0
[17.474s][debug][gc,phases,ref  ] GC(89)         Cleared: 0
[17.474s][debug][gc,phases      ] GC(89)     Weak Processing: 0.0ms
[17.474s][debug][gc,phases      ] GC(89)       JVMTI weak processing: 0.0ms
[17.474s][debug][gc,phases      ] GC(89)         Dead: 0
[17.474s][debug][gc,phases      ] GC(89)         Total: 0
[17.474s][debug][gc,phases      ] GC(89)       JFR weak processing: 0.0ms
[17.474s][debug][gc,phases      ] GC(89)         Dead: 0
[17.474s][debug][gc,phases      ] GC(89)         Total: 0
[17.474s][debug][gc,phases      ] GC(89)       JNI weak                  Min:  0.0, Avg:  0.0, Max:  0.0, Diff:  0.0, Sum:  0.0, Workers: 5
[17.474s][debug][gc,phases      ] GC(89)         Dead                      Min: 0, Avg:  0.0, Max: 0, Diff: 0, Sum: 0, Workers: 5
[17.474s][debug][gc,phases      ] GC(89)         Total                     Min: 0, Avg: 12.6, Max: 59, Diff: 59, Sum: 63, Workers: 5
[17.474s][debug][gc,phases      ] GC(89)       VM weak                   Min:  0.0, Avg:  0.0, Max:  0.0, Diff:  0.0, Sum:  0.0, Workers: 5
[17.474s][debug][gc,phases      ] GC(89)         Dead                      Min: 0, Avg:  0.0, Max: 0, Diff: 0, Sum: 0, Workers: 5
[17.474s][debug][gc,phases      ] GC(89)         Total                     Min: 0, Avg: 44.0, Max: 64, Diff: 64, Sum: 220, Workers: 5
[17.474s][debug][gc,phases      ] GC(89)       StringTable weak          Min:  0.0, Avg:  0.0, Max:  0.0, Diff:  0.0, Sum:  0.1, Workers: 5
[17.474s][debug][gc,phases      ] GC(89)         Dead                      Min: 0, Avg:  0.0, Max: 0, Diff: 0, Sum: 0, Workers: 5
[17.474s][debug][gc,phases      ] GC(89)         Total                     Min: 0, Avg: 718.4, Max: 960, Diff: 960, Sum: 3592, Workers: 5
[17.474s][debug][gc,phases      ] GC(89)       ResolvedMethodTable weak  Min:  0.0, Avg:  0.0, Max:  0.0, Diff:  0.0, Sum:  0.0, Workers: 5
[17.474s][debug][gc,phases      ] GC(89)         Dead                      Min: 0, Avg:  0.0, Max: 0, Diff: 0, Sum: 0, Workers: 5
[17.474s][debug][gc,phases      ] GC(89)         Total                     Min: 0, Avg: 116.6, Max: 192, Diff: 192, Sum: 583, Workers: 5
[17.474s][debug][gc,phases      ] GC(89)     Merge Per-Thread State: 0.0ms
[17.474s][debug][gc,phases      ] GC(89)       Copied Bytes              Min: 0, Avg: 40.0, Max: 176, Diff: 176, Sum: 320, Workers: 8
[17.474s][debug][gc,phases      ] GC(89)       LAB Waste                 Min: 0, Avg:  0.0, Max: 0, Diff: 0, Sum: 0, Workers: 8
[17.474s][debug][gc,phases      ] GC(89)       LAB Undo Waste            Min: 0, Avg:  0.0, Max: 0, Diff: 0, Sum: 0, Workers: 8
[17.474s][debug][gc,phases      ] GC(89)     Code Roots Purge: 0.0ms
[17.474s][debug][gc,phases      ] GC(89)     Redirty Cards: 0.0ms
[17.474s][debug][gc,phases      ] GC(89)     DerivedPointerTable Update: 0.0ms
[17.474s][debug][gc,phases      ] GC(89)     Free Collection Set: 0.1ms
[17.474s][debug][gc,phases      ] GC(89)     Rebuild Free List: 0.1ms
[17.474s][debug][gc,phases      ] GC(89)     Humongous Reclaim: 0.0ms
[17.474s][debug][gc,phases      ] GC(89)     Start New Collection Set: 0.0ms
[17.474s][debug][gc,phases      ] GC(89)     Resize TLABs: 0.0ms
[17.474s][debug][gc,phases      ] GC(89)     Expand Heap After Collection: 0.0ms
[17.474s][info ][gc,phases      ] GC(89)   Other: 0.3ms
[17.474s][info ][gc,heap        ] GC(89) Eden regions: 186->0(186)
[17.474s][info ][gc,heap        ] GC(89) Survivor regions: 1->1(24)
[17.474s][info ][gc,heap        ] GC(89) Old regions: 7->7
[17.474s][info ][gc,heap        ] GC(89) Archive regions: 2->2
[17.474s][info ][gc,heap        ] GC(89) Humongous regions: 0->0
[17.474s][info ][gc,metaspace   ] GC(89) Metaspace: 10391K(10880K)->10391K(10880K) NonClass: 9188K(9472K)->9188K(9472K) Class: 1202K(1408K)->1202K(1408K)
[17.474s][debug][gc,heap        ] GC(89) Heap after GC invocations=90 (full 1): garbage-first heap   total 319488K, used 4332K [0x0000000700000000, 0x0000000800000000)
[17.474s][debug][gc,heap        ] GC(89)   region size 1024K, 1 young (1024K), 1 survivors (1024K)
[17.474s][debug][gc,heap        ] GC(89)  Metaspace       used 10391K, capacity 10712K, committed 10880K, reserved 1058816K
[17.474s][debug][gc,heap        ] GC(89)   class space    used 1202K, capacity 1338K, committed 1408K, reserved 1048576K
[17.474s][info ][gc             ] GC(89) Pause Young (Normal) (G1 Evacuation Pause) 190M->4M(312M) 1.850ms
[17.474s][info ][gc,cpu         ] GC(89) User=0.00s Sys=0.00s Real=0.00s
[17.475s][info ][safepoint      ] Safepoint "G1CollectForAllocation", Time since last: 162770080 ns, Reaching safepoint: 100021 ns, At safepoint: 2035983 ns, Total: 2136004 ns
[17.636s][debug][gc,heap        ] GC(90) Heap before GC invocations=90 (full 1): garbage-first heap   total 319488K, used 194796K [0x0000000700000000, 0x0000000800000000)
[17.636s][debug][gc,heap        ] GC(90)   region size 1024K, 187 young (191488K), 1 survivors (1024K)
[17.636s][debug][gc,heap        ] GC(90)  Metaspace       used 10391K, capacity 10712K, committed 10880K, reserved 1058816K
[17.636s][debug][gc,heap        ] GC(90)   class space    used 1202K, capacity 1338K, committed 1408K, reserved 1048576K
[17.636s][info ][gc,start       ] GC(90) Pause Young (Normal) (G1 Evacuation Pause)
[17.636s][info ][gc,task        ] GC(90) Using 8 workers of 8 for evacuation
[17.636s][debug][gc,tlab        ] GC(90) TLAB totals: thrds: 8  refills: 747 max: 98 slow allocs: 0 max 0 waste:  1.3% gc: 2022456B max: 425848B slow: 431408B max: 56944B fast: 0B max: 0B
[17.636s][debug][gc,age         ] GC(90) Desired survivor size 12582912 bytes, new threshold 15 (max threshold 15)
[17.636s][debug][gc,alloc,region] GC(90) Mutator Allocation stats, regions: 186, wasted size: 0B ( 0.0%)
[17.636s][debug][gc,ergo        ] GC(90) Running G1 Merge Heap Roots using 8 workers for 187 regions
[17.636s][debug][gc,remset      ] GC(90) Visited cards 256 Total dirty 2048 (12.50%) Total old 784384 (0.03%)
[17.636s][debug][gc,ergo        ] GC(90) Running G1 Clear Card Table Task using 1 workers for 1 units of work for 188 regions.
[17.636s][debug][gc,ref         ] GC(90) Skipped phase1 of Reference Processing due to unavailable references
[17.637s][debug][gc,ref         ] GC(90) Skipped phase2 of Reference Processing due to unavailable references
[17.637s][debug][gc,ref         ] GC(90) Skipped phase3 of Reference Processing due to unavailable references
[17.637s][debug][gc,ref         ] GC(90) Skipped phase4 of Reference Processing due to unavailable references
[17.637s][debug][gc,ergo        ] GC(90) Running G1 Free Collection Set using 8 workers for collection set length 187 (312)
[17.637s][debug][gc,ergo        ] GC(90) Running G1 Rebuild Free List Task using 8 workers for rebuilding free list of 0 (4096) regions
[17.637s][trace][gc,age         ] GC(90) Age table with threshold 15 (max threshold 15)
[17.637s][trace][gc,age         ] GC(90) - age   1:        584 bytes,        584 total
[17.637s][debug][gc,plab        ] GC(90) Young PLAB allocation: allocated: 10320B, wasted: 0B, unused: 9736B, used: 584B, undo waste: 0B, 
[17.637s][debug][gc,plab        ] GC(90) Young other allocation: region end waste: 0B, regions filled: 1, direct allocated: 0B, failure used: 0B, failure wasted: 0B
[17.637s][debug][gc,plab        ] GC(90) Young sizing: calculated: 112B, actual: 2064B
[17.637s][debug][gc,plab        ] GC(90) Old PLAB allocation: allocated: 0B, wasted: 0B, unused: 0B, used: 0B, undo waste: 0B, 
[17.637s][debug][gc,plab        ] GC(90) Old other allocation: region end waste: 0B, regions filled: 1, direct allocated: 0B, failure used: 0B, failure wasted: 0B
[17.637s][debug][gc,plab        ] GC(90) Old sizing: calculated: 0B, actual: 2064B
[17.637s][debug][gc,ihop        ] GC(90) Basic information (value update), threshold: 147220070B (45.00), target occupancy: 327155712B, current occupancy: 4438680B, recent allocation size: 0B, recent allocation duration: 162.50ms, recent old gen allocation rate: 0.00B/s, recent marking phase length: 0.00ms
[17.637s][debug][gc,ihop        ] GC(90) Adaptive IHOP information (value update), threshold: 147220070B (47.37), internal target occupancy: 310797926B, occupancy: 4438680B, additional buffer size: 196083712B, predicted old gen allocation rate: 11120.96B/s, predicted marking phase length: 0.00ms, prediction active: false
[17.637s][debug][gc,ergo,refine ] GC(90) Concurrent refinement times: Logged Cards Scan time goal: 20.00ms Logged Cards Scan time: 0.00ms HCC time: 0.00ms
[17.637s][debug][gc,ergo,refine ] GC(90) Updated Refinement Zones: green: 2048, yellow: 6144, red: 10240
[17.637s][info ][gc,phases      ] GC(90)   Pre Evacuate Collection Set: 0.1ms
[17.637s][debug][gc,phases      ] GC(90)     Prepare TLABs: 0.0ms
[17.637s][debug][gc,phases      ] GC(90)     Choose Collection Set: 0.0ms
[17.637s][debug][gc,phases      ] GC(90)     Region Register: 0.1ms
[17.637s][debug][gc,phases      ] GC(90)     Prepare Heap Roots: 0.0ms
[17.637s][info ][gc,phases      ] GC(90)   Merge Heap Roots: 0.1ms
[17.637s][debug][gc,phases      ] GC(90)     Prepare Merge Heap Roots: 0.0ms
[17.637s][debug][gc,phases      ] GC(90)     Eager Reclaim (ms):       skipped
[17.637s][debug][gc,phases      ] GC(90)     Remembered Sets (ms):     Min:  0.0, Avg:  0.0, Max:  0.0, Diff:  0.0, Sum:  0.0, Workers: 8
[17.637s][debug][gc,phases      ] GC(90)       Merged Sparse:            Min: 0, Avg:  0.0, Max: 0, Diff: 0, Sum: 0, Workers: 8
[17.637s][debug][gc,phases      ] GC(90)       Merged Fine:              Min: 0, Avg:  0.0, Max: 0, Diff: 0, Sum: 0, Workers: 8
[17.637s][debug][gc,phases      ] GC(90)       Merged Coarse:            Min: 0, Avg:  0.0, Max: 0, Diff: 0, Sum: 0, Workers: 8
[17.637s][debug][gc,phases      ] GC(90)       Dirty Cards:              Min: 0, Avg:  0.0, Max: 0, Diff: 0, Sum: 0, Workers: 8
[17.637s][debug][gc,phases      ] GC(90)     Hot Card Cache (ms):      Min:  0.0, Avg:  0.0, Max:  0.0, Diff:  0.0, Sum:  0.0, Workers: 8
[17.637s][debug][gc,phases      ] GC(90)       Dirty Cards:              Min: 0, Avg:  0.0, Max: 0, Diff: 0, Sum: 0, Workers: 8
[17.637s][debug][gc,phases      ] GC(90)       Skipped Cards:            Min: 0, Avg:  0.0, Max: 0, Diff: 0, Sum: 0, Workers: 8
[17.637s][debug][gc,phases      ] GC(90)     Log Buffers (ms):         Min:  0.0, Avg:  0.0, Max:  0.0, Diff:  0.0, Sum:  0.0, Workers: 8
[17.637s][debug][gc,phases      ] GC(90)       Dirty Cards:              Min: 0, Avg:  0.1, Max: 1, Diff: 1, Sum: 1, Workers: 8
[17.637s][debug][gc,phases      ] GC(90)       Skipped Cards:            Min: 0, Avg:  0.0, Max: 0, Diff: 0, Sum: 0, Workers: 8
[17.637s][info ][gc,phases      ] GC(90)   Evacuate Collection Set: 0.1ms
[17.637s][debug][gc,phases      ] GC(90)     Ext Root Scanning (ms):   Min:  0.0, Avg:  0.0, Max:  0.1, Diff:  0.1, Sum:  0.2, Workers: 8
[17.637s][debug][gc,phases      ] GC(90)     Scan Heap Roots (ms):     Min:  0.0, Avg:  0.0, Max:  0.0, Diff:  0.0, Sum:  0.0, Workers: 8
[17.637s][debug][gc,phases      ] GC(90)       Scanned Cards:            Min: 0, Avg:  0.1, Max: 1, Diff: 1, Sum: 1, Workers: 8
[17.637s][debug][gc,phases      ] GC(90)       Scanned Blocks:           Min: 0, Avg:  0.1, Max: 1, Diff: 1, Sum: 1, Workers: 8
[17.637s][debug][gc,phases      ] GC(90)       Claimed Chunks:           Min: 0, Avg:  0.1, Max: 1, Diff: 1, Sum: 1, Workers: 8
[17.637s][debug][gc,phases      ] GC(90)     Code Root Scan (ms):      Min:  0.0, Avg:  0.0, Max:  0.0, Diff:  0.0, Sum:  0.0, Workers: 8
[17.637s][debug][gc,phases      ] GC(90)     Object Copy (ms):         Min:  0.0, Avg:  0.0, Max:  0.0, Diff:  0.0, Sum:  0.0, Workers: 8
[17.637s][debug][gc,phases      ] GC(90)     Termination (ms):         Min:  0.1, Avg:  0.1, Max:  0.1, Diff:  0.0, Sum:  0.5, Workers: 8
[17.637s][debug][gc,phases      ] GC(90)       Termination Attempts:     Min: 1, Avg:  1.0, Max: 1, Diff: 0, Sum: 8, Workers: 8
[17.637s][debug][gc,phases      ] GC(90)     GC Worker Other (ms):     Min:  0.0, Avg:  0.0, Max:  0.0, Diff:  0.0, Sum:  0.1, Workers: 8
[17.637s][debug][gc,phases      ] GC(90)     GC Worker Total (ms):     Min:  0.1, Avg:  0.1, Max:  0.1, Diff:  0.0, Sum:  0.9, Workers: 8
[17.637s][info ][gc,phases      ] GC(90)   Post Evacuate Collection Set: 0.3ms
[17.637s][debug][gc,phases      ] GC(90)     Code Roots Fixup: 0.0ms
[17.637s][debug][gc,phases      ] GC(90)     Clear Card Table: 0.1ms
[17.637s][debug][gc,phases      ] GC(90)     Reference Processing: 0.0ms
[17.637s][debug][gc,phases,ref  ] GC(90)       Reconsider SoftReferences: 0.0ms
[17.637s][debug][gc,phases,ref  ] GC(90)         SoftRef (ms):             skipped
[17.637s][debug][gc,phases,ref  ] GC(90)       Notify Soft/WeakReferences: 0.0ms
[17.637s][debug][gc,phases,ref  ] GC(90)         SoftRef (ms):             skipped
[17.637s][debug][gc,phases,ref  ] GC(90)         WeakRef (ms):             skipped
[17.637s][debug][gc,phases,ref  ] GC(90)         FinalRef (ms):            skipped
[17.637s][debug][gc,phases,ref  ] GC(90)         Total (ms):               skipped
[17.637s][debug][gc,phases,ref  ] GC(90)       Notify and keep alive finalizable: 0.0ms
[17.637s][debug][gc,phases,ref  ] GC(90)         FinalRef (ms):            skipped
[17.637s][debug][gc,phases,ref  ] GC(90)       Notify PhantomReferences: 0.0ms
[17.637s][debug][gc,phases,ref  ] GC(90)         PhantomRef (ms):          skipped
[17.637s][debug][gc,phases,ref  ] GC(90)       SoftReference:
[17.637s][debug][gc,phases,ref  ] GC(90)         Discovered: 0
[17.637s][debug][gc,phases,ref  ] GC(90)         Cleared: 0
[17.637s][debug][gc,phases,ref  ] GC(90)       WeakReference:
[17.637s][debug][gc,phases,ref  ] GC(90)         Discovered: 0
[17.637s][debug][gc,phases,ref  ] GC(90)         Cleared: 0
[17.637s][debug][gc,phases,ref  ] GC(90)       FinalReference:
[17.637s][debug][gc,phases,ref  ] GC(90)         Discovered: 0
[17.637s][debug][gc,phases,ref  ] GC(90)         Cleared: 0
[17.637s][debug][gc,phases,ref  ] GC(90)       PhantomReference:
[17.637s][debug][gc,phases,ref  ] GC(90)         Discovered: 0
[17.637s][debug][gc,phases,ref  ] GC(90)         Cleared: 0
[17.637s][debug][gc,phases      ] GC(90)     Weak Processing: 0.1ms
[17.637s][debug][gc,phases      ] GC(90)       JVMTI weak processing: 0.0ms
[17.637s][debug][gc,phases      ] GC(90)         Dead: 0
[17.637s][debug][gc,phases      ] GC(90)         Total: 0
[17.637s][debug][gc,phases      ] GC(90)       JFR weak processing: 0.0ms
[17.637s][debug][gc,phases      ] GC(90)         Dead: 0
[17.637s][debug][gc,phases      ] GC(90)         Total: 0
[17.637s][debug][gc,phases      ] GC(90)       JNI weak                  Min:  0.0, Avg:  0.0, Max:  0.0, Diff:  0.0, Sum:  0.0, Workers: 5
[17.637s][debug][gc,phases      ] GC(90)         Dead                      Min: 0, Avg:  0.0, Max: 0, Diff: 0, Sum: 0, Workers: 5
[17.637s][debug][gc,phases      ] GC(90)         Total                     Min: 0, Avg: 12.6, Max: 63, Diff: 63, Sum: 63, Workers: 5
[17.638s][debug][gc,phases      ] GC(90)       VM weak                   Min:  0.0, Avg:  0.0, Max:  0.0, Diff:  0.0, Sum:  0.0, Workers: 5
[17.638s][debug][gc,phases      ] GC(90)         Dead                      Min: 0, Avg:  0.0, Max: 0, Diff: 0, Sum: 0, Workers: 5
[17.638s][debug][gc,phases      ] GC(90)         Total                     Min: 0, Avg: 44.0, Max: 220, Diff: 220, Sum: 220, Workers: 5
[17.638s][debug][gc,phases      ] GC(90)       StringTable weak          Min:  0.0, Avg:  0.0, Max:  0.0, Diff:  0.0, Sum:  0.0, Workers: 5
[17.638s][debug][gc,phases      ] GC(90)         Dead                      Min: 0, Avg:  0.0, Max: 0, Diff: 0, Sum: 0, Workers: 5
[17.638s][debug][gc,phases      ] GC(90)         Total                     Min: 0, Avg: 718.4, Max: 2944, Diff: 2944, Sum: 3592, Workers: 5
[17.638s][debug][gc,phases      ] GC(90)       ResolvedMethodTable weak  Min:  0.0, Avg:  0.0, Max:  0.0, Diff:  0.0, Sum:  0.0, Workers: 5
[17.638s][debug][gc,phases      ] GC(90)         Dead                      Min: 0, Avg:  0.0, Max: 0, Diff: 0, Sum: 0, Workers: 5
[17.638s][debug][gc,phases      ] GC(90)         Total                     Min: 0, Avg: 116.6, Max: 199, Diff: 199, Sum: 583, Workers: 5
[17.638s][debug][gc,phases      ] GC(90)     Merge Per-Thread State: 0.0ms
[17.638s][debug][gc,phases      ] GC(90)       Copied Bytes              Min: 0, Avg: 73.0, Max: 200, Diff: 200, Sum: 584, Workers: 8
[17.638s][debug][gc,phases      ] GC(90)       LAB Waste                 Min: 0, Avg:  0.0, Max: 0, Diff: 0, Sum: 0, Workers: 8
[17.638s][debug][gc,phases      ] GC(90)       LAB Undo Waste            Min: 0, Avg:  0.0, Max: 0, Diff: 0, Sum: 0, Workers: 8
[17.638s][debug][gc,phases      ] GC(90)     Code Roots Purge: 0.0ms
[17.638s][debug][gc,phases      ] GC(90)     Redirty Cards: 0.0ms
[17.638s][debug][gc,phases      ] GC(90)     DerivedPointerTable Update: 0.0ms
[17.638s][debug][gc,phases      ] GC(90)     Free Collection Set: 0.1ms
[17.638s][debug][gc,phases      ] GC(90)     Rebuild Free List: 0.1ms
[17.638s][debug][gc,phases      ] GC(90)     Humongous Reclaim: 0.0ms
[17.638s][debug][gc,phases      ] GC(90)     Start New Collection Set: 0.0ms
[17.638s][debug][gc,phases      ] GC(90)     Resize TLABs: 0.0ms
[17.638s][debug][gc,phases      ] GC(90)     Expand Heap After Collection: 0.0ms
[17.638s][info ][gc,phases      ] GC(90)   Other: 0.3ms
[17.638s][info ][gc,heap        ] GC(90) Eden regions: 186->0(186)
[17.638s][info ][gc,heap        ] GC(90) Survivor regions: 1->1(24)
[17.638s][info ][gc,heap        ] GC(90) Old regions: 7->7
[17.638s][info ][gc,heap        ] GC(90) Archive regions: 2->2
[17.638s][info ][gc,heap        ] GC(90) Humongous regions: 0->0
[17.638s][info ][gc,metaspace   ] GC(90) Metaspace: 10391K(10880K)->10391K(10880K) NonClass: 9188K(9472K)->9188K(9472K) Class: 1202K(1408K)->1202K(1408K)
[17.638s][debug][gc,heap        ] GC(90) Heap after GC invocations=91 (full 1): garbage-first heap   total 319488K, used 4334K [0x0000000700000000, 0x0000000800000000)
[17.638s][debug][gc,heap        ] GC(90)   region size 1024K, 1 young (1024K), 1 survivors (1024K)
[17.638s][debug][gc,heap        ] GC(90)  Metaspace       used 10391K, capacity 10712K, committed 10880K, reserved 1058816K
[17.638s][debug][gc,heap        ] GC(90)   class space    used 1202K, capacity 1338K, committed 1408K, reserved 1048576K
[17.638s][info ][gc             ] GC(90) Pause Young (Normal) (G1 Evacuation Pause) 190M->4M(312M) 1.832ms
[17.638s][info ][gc,cpu         ] GC(90) User=0.00s Sys=0.00s Real=0.00s
[17.638s][info ][safepoint      ] Safepoint "G1CollectForAllocation", Time since last: 161183187 ns, Reaching safepoint: 129542 ns, At safepoint: 2009768 ns, Total: 2139310 ns
[17.797s][debug][gc,heap        ] GC(91) Heap before GC invocations=91 (full 1): garbage-first heap   total 319488K, used 194798K [0x0000000700000000, 0x0000000800000000)
[17.797s][debug][gc,heap        ] GC(91)   region size 1024K, 187 young (191488K), 1 survivors (1024K)
[17.797s][debug][gc,heap        ] GC(91)  Metaspace       used 10391K, capacity 10712K, committed 10880K, reserved 1058816K
[17.797s][debug][gc,heap        ] GC(91)   class space    used 1202K, capacity 1338K, committed 1408K, reserved 1048576K
[17.797s][info ][gc,start       ] GC(91) Pause Young (Normal) (G1 Evacuation Pause)
[17.797s][info ][gc,task        ] GC(91) Using 8 workers of 8 for evacuation
[17.797s][debug][gc,tlab        ] GC(91) TLAB totals: thrds: 8  refills: 746 max: 104 slow allocs: 0 max 0 waste:  1.0% gc: 1613920B max: 389808B slow: 431920B max: 60336B fast: 0B max: 0B
[17.797s][debug][gc,age         ] GC(91) Desired survivor size 12582912 bytes, new threshold 15 (max threshold 15)
[17.797s][debug][gc,alloc,region] GC(91) Mutator Allocation stats, regions: 186, wasted size: 0B ( 0.0%)
[17.797s][debug][gc,ergo        ] GC(91) Running G1 Merge Heap Roots using 8 workers for 187 regions
[17.797s][debug][gc,remset      ] GC(91) Visited cards 256 Total dirty 2048 (12.50%) Total old 784384 (0.03%)
[17.798s][debug][gc,ergo        ] GC(91) Running G1 Clear Card Table Task using 1 workers for 1 units of work for 188 regions.
[17.798s][debug][gc,ref         ] GC(91) Skipped phase1 of Reference Processing due to unavailable references
[17.798s][debug][gc,ref         ] GC(91) Skipped phase2 of Reference Processing due to unavailable references
[17.798s][debug][gc,ref         ] GC(91) Skipped phase3 of Reference Processing due to unavailable references
[17.798s][debug][gc,ref         ] GC(91) Skipped phase4 of Reference Processing due to unavailable references
[17.798s][debug][gc,ergo        ] GC(91) Running G1 Free Collection Set using 8 workers for collection set length 187 (312)
[17.798s][debug][gc,ergo        ] GC(91) Running G1 Rebuild Free List Task using 8 workers for rebuilding free list of 0 (4096) regions
[17.798s][trace][gc,age         ] GC(91) Age table with threshold 15 (max threshold 15)
[17.798s][trace][gc,age         ] GC(91) - age   1:        584 bytes,        584 total
[17.798s][debug][gc,plab        ] GC(91) Young PLAB allocation: allocated: 10320B, wasted: 0B, unused: 9736B, used: 584B, undo waste: 0B, 
[17.798s][debug][gc,plab        ] GC(91) Young other allocation: region end waste: 0B, regions filled: 1, direct allocated: 0B, failure used: 0B, failure wasted: 0B
[17.798s][debug][gc,plab        ] GC(91) Young sizing: calculated: 112B, actual: 2064B
[17.798s][debug][gc,plab        ] GC(91) Old PLAB allocation: allocated: 0B, wasted: 0B, unused: 0B, used: 0B, undo waste: 0B, 
[17.798s][debug][gc,plab        ] GC(91) Old other allocation: region end waste: 0B, regions filled: 1, direct allocated: 0B, failure used: 0B, failure wasted: 0B
[17.798s][debug][gc,plab        ] GC(91) Old sizing: calculated: 0B, actual: 2064B
[17.798s][debug][gc,ihop        ] GC(91) Basic information (value update), threshold: 147220070B (45.00), target occupancy: 327155712B, current occupancy: 4438680B, recent allocation size: 0B, recent allocation duration: 160.34ms, recent old gen allocation rate: 0.00B/s, recent marking phase length: 0.00ms
[17.798s][debug][gc,ihop        ] GC(91) Adaptive IHOP information (value update), threshold: 147220070B (47.37), internal target occupancy: 310797926B, occupancy: 4438680B, additional buffer size: 196083712B, predicted old gen allocation rate: 10785.63B/s, predicted marking phase length: 0.00ms, prediction active: false
[17.798s][debug][gc,ergo,refine ] GC(91) Concurrent refinement times: Logged Cards Scan time goal: 20.00ms Logged Cards Scan time: 0.00ms HCC time: 0.00ms
[17.798s][debug][gc,ergo,refine ] GC(91) Updated Refinement Zones: green: 2048, yellow: 6144, red: 10240
[17.798s][info ][gc,phases      ] GC(91)   Pre Evacuate Collection Set: 0.1ms
[17.798s][debug][gc,phases      ] GC(91)     Prepare TLABs: 0.0ms
[17.798s][debug][gc,phases      ] GC(91)     Choose Collection Set: 0.0ms
[17.798s][debug][gc,phases      ] GC(91)     Region Register: 0.1ms
[17.798s][debug][gc,phases      ] GC(91)     Prepare Heap Roots: 0.0ms
[17.798s][info ][gc,phases      ] GC(91)   Merge Heap Roots: 0.1ms
[17.798s][debug][gc,phases      ] GC(91)     Prepare Merge Heap Roots: 0.0ms
[17.798s][debug][gc,phases      ] GC(91)     Eager Reclaim (ms):       skipped
[17.798s][debug][gc,phases      ] GC(91)     Remembered Sets (ms):     Min:  0.0, Avg:  0.0, Max:  0.0, Diff:  0.0, Sum:  0.0, Workers: 8
[17.798s][debug][gc,phases      ] GC(91)       Merged Sparse:            Min: 0, Avg:  0.0, Max: 0, Diff: 0, Sum: 0, Workers: 8
[17.798s][debug][gc,phases      ] GC(91)       Merged Fine:              Min: 0, Avg:  0.0, Max: 0, Diff: 0, Sum: 0, Workers: 8
[17.798s][debug][gc,phases      ] GC(91)       Merged Coarse:            Min: 0, Avg:  0.0, Max: 0, Diff: 0, Sum: 0, Workers: 8
[17.798s][debug][gc,phases      ] GC(91)       Dirty Cards:              Min: 0, Avg:  0.0, Max: 0, Diff: 0, Sum: 0, Workers: 8
[17.798s][debug][gc,phases      ] GC(91)     Hot Card Cache (ms):      Min:  0.0, Avg:  0.0, Max:  0.0, Diff:  0.0, Sum:  0.0, Workers: 8
[17.798s][debug][gc,phases      ] GC(91)       Dirty Cards:              Min: 0, Avg:  0.0, Max: 0, Diff: 0, Sum: 0, Workers: 8
[17.798s][debug][gc,phases      ] GC(91)       Skipped Cards:            Min: 0, Avg:  0.0, Max: 0, Diff: 0, Sum: 0, Workers: 8
[17.798s][debug][gc,phases      ] GC(91)     Log Buffers (ms):         Min:  0.0, Avg:  0.0, Max:  0.0, Diff:  0.0, Sum:  0.0, Workers: 8
[17.798s][debug][gc,phases      ] GC(91)       Dirty Cards:              Min: 0, Avg:  0.1, Max: 1, Diff: 1, Sum: 1, Workers: 8
[17.798s][debug][gc,phases      ] GC(91)       Skipped Cards:            Min: 0, Avg:  0.0, Max: 0, Diff: 0, Sum: 0, Workers: 8
[17.798s][info ][gc,phases      ] GC(91)   Evacuate Collection Set: 0.1ms
[17.798s][debug][gc,phases      ] GC(91)     Ext Root Scanning (ms):   Min:  0.0, Avg:  0.0, Max:  0.1, Diff:  0.1, Sum:  0.2, Workers: 8
[17.798s][debug][gc,phases      ] GC(91)     Scan Heap Roots (ms):     Min:  0.0, Avg:  0.0, Max:  0.0, Diff:  0.0, Sum:  0.0, Workers: 8
[17.798s][debug][gc,phases      ] GC(91)       Scanned Cards:            Min: 0, Avg:  0.1, Max: 1, Diff: 1, Sum: 1, Workers: 8
[17.798s][debug][gc,phases      ] GC(91)       Scanned Blocks:           Min: 0, Avg:  0.1, Max: 1, Diff: 1, Sum: 1, Workers: 8
[17.798s][debug][gc,phases      ] GC(91)       Claimed Chunks:           Min: 0, Avg:  0.1, Max: 1, Diff: 1, Sum: 1, Workers: 8
[17.798s][debug][gc,phases      ] GC(91)     Code Root Scan (ms):      Min:  0.0, Avg:  0.0, Max:  0.0, Diff:  0.0, Sum:  0.0, Workers: 8
[17.798s][debug][gc,phases      ] GC(91)     Object Copy (ms):         Min:  0.0, Avg:  0.0, Max:  0.0, Diff:  0.0, Sum:  0.0, Workers: 8
[17.798s][debug][gc,phases      ] GC(91)     Termination (ms):         Min:  0.1, Avg:  0.1, Max:  0.1, Diff:  0.0, Sum:  0.5, Workers: 8
[17.798s][debug][gc,phases      ] GC(91)       Termination Attempts:     Min: 1, Avg:  1.0, Max: 1, Diff: 0, Sum: 8, Workers: 8
[17.798s][debug][gc,phases      ] GC(91)     GC Worker Other (ms):     Min:  0.0, Avg:  0.0, Max:  0.0, Diff:  0.0, Sum:  0.1, Workers: 8
[17.798s][debug][gc,phases      ] GC(91)     GC Worker Total (ms):     Min:  0.1, Avg:  0.1, Max:  0.1, Diff:  0.0, Sum:  0.8, Workers: 8
[17.798s][info ][gc,phases      ] GC(91)   Post Evacuate Collection Set: 0.4ms
[17.798s][debug][gc,phases      ] GC(91)     Code Roots Fixup: 0.0ms
[17.798s][debug][gc,phases      ] GC(91)     Clear Card Table: 0.1ms
[17.798s][debug][gc,phases      ] GC(91)     Reference Processing: 0.0ms
[17.798s][debug][gc,phases,ref  ] GC(91)       Reconsider SoftReferences: 0.0ms
[17.798s][debug][gc,phases,ref  ] GC(91)         SoftRef (ms):             skipped
[17.798s][debug][gc,phases,ref  ] GC(91)       Notify Soft/WeakReferences: 0.0ms
[17.798s][debug][gc,phases,ref  ] GC(91)         SoftRef (ms):             skipped
[17.798s][debug][gc,phases,ref  ] GC(91)         WeakRef (ms):             skipped
[17.798s][debug][gc,phases,ref  ] GC(91)         FinalRef (ms):            skipped
[17.798s][debug][gc,phases,ref  ] GC(91)         Total (ms):               skipped
[17.798s][debug][gc,phases,ref  ] GC(91)       Notify and keep alive finalizable: 0.0ms
[17.798s][debug][gc,phases,ref  ] GC(91)         FinalRef (ms):            skipped
[17.798s][debug][gc,phases,ref  ] GC(91)       Notify PhantomReferences: 0.0ms
[17.798s][debug][gc,phases,ref  ] GC(91)         PhantomRef (ms):          skipped
[17.798s][debug][gc,phases,ref  ] GC(91)       SoftReference:
[17.798s][debug][gc,phases,ref  ] GC(91)         Discovered: 0
[17.798s][debug][gc,phases,ref  ] GC(91)         Cleared: 0
[17.799s][debug][gc,phases,ref  ] GC(91)       WeakReference:
[17.799s][debug][gc,phases,ref  ] GC(91)         Discovered: 0
[17.799s][debug][gc,phases,ref  ] GC(91)         Cleared: 0
[17.799s][debug][gc,phases,ref  ] GC(91)       FinalReference:
[17.799s][debug][gc,phases,ref  ] GC(91)         Discovered: 0
[17.799s][debug][gc,phases,ref  ] GC(91)         Cleared: 0
[17.799s][debug][gc,phases,ref  ] GC(91)       PhantomReference:
[17.799s][debug][gc,phases,ref  ] GC(91)         Discovered: 0
[17.799s][debug][gc,phases,ref  ] GC(91)         Cleared: 0
[17.799s][debug][gc,phases      ] GC(91)     Weak Processing: 0.0ms
[17.799s][debug][gc,phases      ] GC(91)       JVMTI weak processing: 0.0ms
[17.799s][debug][gc,phases      ] GC(91)         Dead: 0
[17.799s][debug][gc,phases      ] GC(91)         Total: 0
[17.799s][debug][gc,phases      ] GC(91)       JFR weak processing: 0.0ms
[17.799s][debug][gc,phases      ] GC(91)         Dead: 0
[17.799s][debug][gc,phases      ] GC(91)         Total: 0
[17.799s][debug][gc,phases      ] GC(91)       JNI weak                  Min:  0.0, Avg:  0.0, Max:  0.0, Diff:  0.0, Sum:  0.0, Workers: 5
[17.799s][debug][gc,phases      ] GC(91)         Dead                      Min: 0, Avg:  0.0, Max: 0, Diff: 0, Sum: 0, Workers: 5
[17.799s][debug][gc,phases      ] GC(91)         Total                     Min: 0, Avg: 12.6, Max: 59, Diff: 59, Sum: 63, Workers: 5
[17.799s][debug][gc,phases      ] GC(91)       VM weak                   Min:  0.0, Avg:  0.0, Max:  0.0, Diff:  0.0, Sum:  0.0, Workers: 5
[17.799s][debug][gc,phases      ] GC(91)         Dead                      Min: 0, Avg:  0.0, Max: 0, Diff: 0, Sum: 0, Workers: 5
[17.799s][debug][gc,phases      ] GC(91)         Total                     Min: 0, Avg: 44.0, Max: 128, Diff: 128, Sum: 220, Workers: 5
[17.799s][debug][gc,phases      ] GC(91)       StringTable weak          Min:  0.0, Avg:  0.0, Max:  0.0, Diff:  0.0, Sum:  0.1, Workers: 5
[17.799s][debug][gc,phases      ] GC(91)         Dead                      Min: 0, Avg:  0.0, Max: 0, Diff: 0, Sum: 0, Workers: 5
[17.799s][debug][gc,phases      ] GC(91)         Total                     Min: 0, Avg: 718.4, Max: 1800, Diff: 1800, Sum: 3592, Workers: 5
[17.799s][debug][gc,phases      ] GC(91)       ResolvedMethodTable weak  Min:  0.0, Avg:  0.0, Max:  0.0, Diff:  0.0, Sum:  0.0, Workers: 5
[17.799s][debug][gc,phases      ] GC(91)         Dead                      Min: 0, Avg:  0.0, Max: 0, Diff: 0, Sum: 0, Workers: 5
[17.799s][debug][gc,phases      ] GC(91)         Total                     Min: 0, Avg: 116.6, Max: 320, Diff: 320, Sum: 583, Workers: 5
[17.799s][debug][gc,phases      ] GC(91)     Merge Per-Thread State: 0.0ms
[17.799s][debug][gc,phases      ] GC(91)       Copied Bytes              Min: 0, Avg: 73.0, Max: 176, Diff: 176, Sum: 584, Workers: 8
[17.799s][debug][gc,phases      ] GC(91)       LAB Waste                 Min: 0, Avg:  0.0, Max: 0, Diff: 0, Sum: 0, Workers: 8
[17.799s][debug][gc,phases      ] GC(91)       LAB Undo Waste            Min: 0, Avg:  0.0, Max: 0, Diff: 0, Sum: 0, Workers: 8
[17.799s][debug][gc,phases      ] GC(91)     Code Roots Purge: 0.0ms
[17.799s][debug][gc,phases      ] GC(91)     Redirty Cards: 0.0ms
[17.799s][debug][gc,phases      ] GC(91)     DerivedPointerTable Update: 0.0ms
[17.799s][debug][gc,phases      ] GC(91)     Free Collection Set: 0.2ms
[17.799s][debug][gc,phases      ] GC(91)     Rebuild Free List: 0.1ms
[17.799s][debug][gc,phases      ] GC(91)     Humongous Reclaim: 0.0ms
[17.799s][debug][gc,phases      ] GC(91)     Start New Collection Set: 0.0ms
[17.799s][debug][gc,phases      ] GC(91)     Resize TLABs: 0.0ms
[17.799s][debug][gc,phases      ] GC(91)     Expand Heap After Collection: 0.0ms
[17.799s][info ][gc,phases      ] GC(91)   Other: 0.3ms
[17.799s][info ][gc,heap        ] GC(91) Eden regions: 186->0(186)
[17.799s][info ][gc,heap        ] GC(91) Survivor regions: 1->1(24)
[17.799s][info ][gc,heap        ] GC(91) Old regions: 7->7
[17.799s][info ][gc,heap        ] GC(91) Archive regions: 2->2
[17.799s][info ][gc,heap        ] GC(91) Humongous regions: 0->0
[17.799s][info ][gc,metaspace   ] GC(91) Metaspace: 10391K(10880K)->10391K(10880K) NonClass: 9188K(9472K)->9188K(9472K) Class: 1202K(1408K)->1202K(1408K)
[17.799s][debug][gc,heap        ] GC(91) Heap after GC invocations=92 (full 1): garbage-first heap   total 319488K, used 4334K [0x0000000700000000, 0x0000000800000000)
[17.799s][debug][gc,heap        ] GC(91)   region size 1024K, 1 young (1024K), 1 survivors (1024K)
[17.799s][debug][gc,heap        ] GC(91)  Metaspace       used 10391K, capacity 10712K, committed 10880K, reserved 1058816K
[17.799s][debug][gc,heap        ] GC(91)   class space    used 1202K, capacity 1338K, committed 1408K, reserved 1048576K
[17.799s][info ][gc             ] GC(91) Pause Young (Normal) (G1 Evacuation Pause) 190M->4M(312M) 1.807ms
[17.799s][info ][gc,cpu         ] GC(91) User=0.01s Sys=0.00s Real=0.00s
[17.799s][info ][safepoint      ] Safepoint "G1CollectForAllocation", Time since last: 159053437 ns, Reaching safepoint: 127958 ns, At safepoint: 1974788 ns, Total: 2102746 ns
[17.960s][debug][gc,heap        ] GC(92) Heap before GC invocations=92 (full 1): garbage-first heap   total 319488K, used 193774K [0x0000000700000000, 0x0000000800000000)
[17.961s][debug][gc,heap        ] GC(92)   region size 1024K, 187 young (191488K), 1 survivors (1024K)
[17.961s][debug][gc,heap        ] GC(92)  Metaspace       used 10391K, capacity 10712K, committed 10880K, reserved 1058816K
[17.961s][debug][gc,heap        ] GC(92)   class space    used 1202K, capacity 1338K, committed 1408K, reserved 1048576K
[17.961s][info ][gc,start       ] GC(92) Pause Young (Normal) (G1 Evacuation Pause)
[17.961s][info ][gc,task        ] GC(92) Using 8 workers of 8 for evacuation
[17.961s][debug][gc,tlab        ] GC(92) TLAB totals: thrds: 8  refills: 745 max: 97 slow allocs: 0 max 0 waste:  0.8% gc: 1164344B max: 329320B slow: 431368B max: 56608B fast: 0B max: 0B
[17.961s][debug][gc,age         ] GC(92) Desired survivor size 12582912 bytes, new threshold 15 (max threshold 15)
[17.961s][debug][gc,alloc,region] GC(92) Mutator Allocation stats, regions: 186, wasted size: 0B ( 0.0%)
[17.961s][debug][gc,ergo        ] GC(92) Running G1 Merge Heap Roots using 8 workers for 187 regions
[17.961s][debug][gc,remset      ] GC(92) Visited cards 256 Total dirty 2048 (12.50%) Total old 784384 (0.03%)
[17.961s][debug][gc,ergo        ] GC(92) Running G1 Clear Card Table Task using 1 workers for 1 units of work for 188 regions.
[17.961s][debug][gc,ref         ] GC(92) Skipped phase1 of Reference Processing due to unavailable references
[17.961s][debug][gc,ref         ] GC(92) Skipped phase2 of Reference Processing due to unavailable references
[17.961s][debug][gc,ref         ] GC(92) Skipped phase3 of Reference Processing due to unavailable references
[17.961s][debug][gc,ref         ] GC(92) Skipped phase4 of Reference Processing due to unavailable references
[17.961s][debug][gc,ergo        ] GC(92) Running G1 Free Collection Set using 8 workers for collection set length 187 (312)
[17.961s][debug][gc,ergo        ] GC(92) Running G1 Rebuild Free List Task using 8 workers for rebuilding free list of 0 (4096) regions
[17.961s][trace][gc,age         ] GC(92) Age table with threshold 15 (max threshold 15)
[17.961s][trace][gc,age         ] GC(92) - age   1:        504 bytes,        504 total
[17.961s][debug][gc,plab        ] GC(92) Young PLAB allocation: allocated: 12384B, wasted: 0B, unused: 11880B, used: 504B, undo waste: 0B, 
[17.961s][debug][gc,plab        ] GC(92) Young other allocation: region end waste: 0B, regions filled: 1, direct allocated: 0B, failure used: 0B, failure wasted: 0B
[17.961s][debug][gc,plab        ] GC(92) Young sizing: calculated: 96B, actual: 2064B
[17.961s][debug][gc,plab        ] GC(92) Old PLAB allocation: allocated: 0B, wasted: 0B, unused: 0B, used: 0B, undo waste: 0B, 
[17.961s][debug][gc,plab        ] GC(92) Old other allocation: region end waste: 0B, regions filled: 1, direct allocated: 0B, failure used: 0B, failure wasted: 0B
[17.961s][debug][gc,plab        ] GC(92) Old sizing: calculated: 0B, actual: 2064B
[17.961s][debug][gc,ihop        ] GC(92) Basic information (value update), threshold: 147220070B (45.00), target occupancy: 327155712B, current occupancy: 4440744B, recent allocation size: 0B, recent allocation duration: 162.56ms, recent old gen allocation rate: 0.00B/s, recent marking phase length: 0.00ms
[17.961s][debug][gc,ihop        ] GC(92) Adaptive IHOP information (value update), threshold: 147220070B (47.37), internal target occupancy: 310797926B, occupancy: 4440744B, additional buffer size: 196083712B, predicted old gen allocation rate: 10461.40B/s, predicted marking phase length: 0.00ms, prediction active: false
[17.961s][debug][gc,ergo,refine ] GC(92) Concurrent refinement times: Logged Cards Scan time goal: 20.00ms Logged Cards Scan time: 0.00ms HCC time: 0.00ms
[17.961s][debug][gc,ergo,refine ] GC(92) Updated Refinement Zones: green: 2048, yellow: 6144, red: 10240
[17.961s][info ][gc,phases      ] GC(92)   Pre Evacuate Collection Set: 0.1ms
[17.961s][debug][gc,phases      ] GC(92)     Prepare TLABs: 0.0ms
[17.961s][debug][gc,phases      ] GC(92)     Choose Collection Set: 0.0ms
[17.961s][debug][gc,phases      ] GC(92)     Region Register: 0.1ms
[17.961s][debug][gc,phases      ] GC(92)     Prepare Heap Roots: 0.0ms
[17.961s][info ][gc,phases      ] GC(92)   Merge Heap Roots: 0.1ms
[17.961s][debug][gc,phases      ] GC(92)     Prepare Merge Heap Roots: 0.0ms
[17.961s][debug][gc,phases      ] GC(92)     Eager Reclaim (ms):       skipped
[17.961s][debug][gc,phases      ] GC(92)     Remembered Sets (ms):     Min:  0.0, Avg:  0.0, Max:  0.0, Diff:  0.0, Sum:  0.0, Workers: 8
[17.961s][debug][gc,phases      ] GC(92)       Merged Sparse:            Min: 0, Avg:  0.0, Max: 0, Diff: 0, Sum: 0, Workers: 8
[17.961s][debug][gc,phases      ] GC(92)       Merged Fine:              Min: 0, Avg:  0.0, Max: 0, Diff: 0, Sum: 0, Workers: 8
[17.961s][debug][gc,phases      ] GC(92)       Merged Coarse:            Min: 0, Avg:  0.0, Max: 0, Diff: 0, Sum: 0, Workers: 8
[17.962s][debug][gc,phases      ] GC(92)       Dirty Cards:              Min: 0, Avg:  0.0, Max: 0, Diff: 0, Sum: 0, Workers: 8
[17.962s][debug][gc,phases      ] GC(92)     Hot Card Cache (ms):      Min:  0.0, Avg:  0.0, Max:  0.0, Diff:  0.0, Sum:  0.0, Workers: 8
[17.962s][debug][gc,phases      ] GC(92)       Dirty Cards:              Min: 0, Avg:  0.0, Max: 0, Diff: 0, Sum: 0, Workers: 8
[17.962s][debug][gc,phases      ] GC(92)       Skipped Cards:            Min: 0, Avg:  0.0, Max: 0, Diff: 0, Sum: 0, Workers: 8
[17.962s][debug][gc,phases      ] GC(92)     Log Buffers (ms):         Min:  0.0, Avg:  0.0, Max:  0.0, Diff:  0.0, Sum:  0.0, Workers: 8
[17.962s][debug][gc,phases      ] GC(92)       Dirty Cards:              Min: 0, Avg:  0.1, Max: 1, Diff: 1, Sum: 1, Workers: 8
[17.962s][debug][gc,phases      ] GC(92)       Skipped Cards:            Min: 0, Avg:  0.0, Max: 0, Diff: 0, Sum: 0, Workers: 8
[17.962s][info ][gc,phases      ] GC(92)   Evacuate Collection Set: 0.1ms
[17.962s][debug][gc,phases      ] GC(92)     Ext Root Scanning (ms):   Min:  0.0, Avg:  0.0, Max:  0.0, Diff:  0.0, Sum:  0.2, Workers: 8
[17.962s][debug][gc,phases      ] GC(92)     Scan Heap Roots (ms):     Min:  0.0, Avg:  0.0, Max:  0.0, Diff:  0.0, Sum:  0.0, Workers: 8
[17.962s][debug][gc,phases      ] GC(92)       Scanned Cards:            Min: 0, Avg:  0.1, Max: 1, Diff: 1, Sum: 1, Workers: 8
[17.962s][debug][gc,phases      ] GC(92)       Scanned Blocks:           Min: 0, Avg:  0.1, Max: 1, Diff: 1, Sum: 1, Workers: 8
[17.962s][debug][gc,phases      ] GC(92)       Claimed Chunks:           Min: 0, Avg:  0.1, Max: 1, Diff: 1, Sum: 1, Workers: 8
[17.962s][debug][gc,phases      ] GC(92)     Code Root Scan (ms):      Min:  0.0, Avg:  0.0, Max:  0.0, Diff:  0.0, Sum:  0.0, Workers: 8
[17.962s][debug][gc,phases      ] GC(92)     Object Copy (ms):         Min:  0.0, Avg:  0.0, Max:  0.0, Diff:  0.0, Sum:  0.0, Workers: 8
[17.962s][debug][gc,phases      ] GC(92)     Termination (ms):         Min:  0.0, Avg:  0.1, Max:  0.1, Diff:  0.0, Sum:  0.4, Workers: 8
[17.962s][debug][gc,phases      ] GC(92)       Termination Attempts:     Min: 1, Avg:  1.0, Max: 1, Diff: 0, Sum: 8, Workers: 8
[17.962s][debug][gc,phases      ] GC(92)     GC Worker Other (ms):     Min:  0.0, Avg:  0.0, Max:  0.0, Diff:  0.0, Sum:  0.1, Workers: 8
[17.962s][debug][gc,phases      ] GC(92)     GC Worker Total (ms):     Min:  0.1, Avg:  0.1, Max:  0.1, Diff:  0.0, Sum:  0.8, Workers: 8
[17.962s][info ][gc,phases      ] GC(92)   Post Evacuate Collection Set: 0.3ms
[17.962s][debug][gc,phases      ] GC(92)     Code Roots Fixup: 0.0ms
[17.962s][debug][gc,phases      ] GC(92)     Clear Card Table: 0.1ms
[17.962s][debug][gc,phases      ] GC(92)     Reference Processing: 0.0ms
[17.962s][debug][gc,phases,ref  ] GC(92)       Reconsider SoftReferences: 0.0ms
[17.962s][debug][gc,phases,ref  ] GC(92)         SoftRef (ms):             skipped
[17.962s][debug][gc,phases,ref  ] GC(92)       Notify Soft/WeakReferences: 0.0ms
[17.962s][debug][gc,phases,ref  ] GC(92)         SoftRef (ms):             skipped
[17.962s][debug][gc,phases,ref  ] GC(92)         WeakRef (ms):             skipped
[17.962s][debug][gc,phases,ref  ] GC(92)         FinalRef (ms):            skipped
[17.962s][debug][gc,phases,ref  ] GC(92)         Total (ms):               skipped
[17.962s][debug][gc,phases,ref  ] GC(92)       Notify and keep alive finalizable: 0.0ms
[17.962s][debug][gc,phases,ref  ] GC(92)         FinalRef (ms):            skipped
[17.962s][debug][gc,phases,ref  ] GC(92)       Notify PhantomReferences: 0.0ms
[17.962s][debug][gc,phases,ref  ] GC(92)         PhantomRef (ms):          skipped
[17.962s][debug][gc,phases,ref  ] GC(92)       SoftReference:
[17.962s][debug][gc,phases,ref  ] GC(92)         Discovered: 0
[17.962s][debug][gc,phases,ref  ] GC(92)         Cleared: 0
[17.962s][debug][gc,phases,ref  ] GC(92)       WeakReference:
[17.962s][debug][gc,phases,ref  ] GC(92)         Discovered: 0
[17.962s][debug][gc,phases,ref  ] GC(92)         Cleared: 0
[17.962s][debug][gc,phases,ref  ] GC(92)       FinalReference:
[17.962s][debug][gc,phases,ref  ] GC(92)         Discovered: 0
[17.962s][debug][gc,phases,ref  ] GC(92)         Cleared: 0
[17.962s][debug][gc,phases,ref  ] GC(92)       PhantomReference:
[17.962s][debug][gc,phases,ref  ] GC(92)         Discovered: 0
[17.962s][debug][gc,phases,ref  ] GC(92)         Cleared: 0
[17.962s][debug][gc,phases      ] GC(92)     Weak Processing: 0.0ms
[17.962s][debug][gc,phases      ] GC(92)       JVMTI weak processing: 0.0ms
[17.962s][debug][gc,phases      ] GC(92)         Dead: 0
[17.962s][debug][gc,phases      ] GC(92)         Total: 0
[17.962s][debug][gc,phases      ] GC(92)       JFR weak processing: 0.0ms
[17.962s][debug][gc,phases      ] GC(92)         Dead: 0
[17.962s][debug][gc,phases      ] GC(92)         Total: 0
[17.962s][debug][gc,phases      ] GC(92)       JNI weak                  Min:  0.0, Avg:  0.0, Max:  0.0, Diff:  0.0, Sum:  0.0, Workers: 5
[17.962s][debug][gc,phases      ] GC(92)         Dead                      Min: 0, Avg:  0.0, Max: 0, Diff: 0, Sum: 0, Workers: 5
[17.962s][debug][gc,phases      ] GC(92)         Total                     Min: 0, Avg: 12.6, Max: 59, Diff: 59, Sum: 63, Workers: 5
[17.962s][debug][gc,phases      ] GC(92)       VM weak                   Min:  0.0, Avg:  0.0, Max:  0.0, Diff:  0.0, Sum:  0.0, Workers: 5
[17.962s][debug][gc,phases      ] GC(92)         Dead                      Min: 0, Avg:  0.0, Max: 0, Diff: 0, Sum: 0, Workers: 5
[17.962s][debug][gc,phases      ] GC(92)         Total                     Min: 0, Avg: 44.0, Max: 128, Diff: 128, Sum: 220, Workers: 5
[17.962s][debug][gc,phases      ] GC(92)       StringTable weak          Min:  0.0, Avg:  0.0, Max:  0.0, Diff:  0.0, Sum:  0.1, Workers: 5
[17.962s][debug][gc,phases      ] GC(92)         Dead                      Min: 0, Avg:  0.0, Max: 0, Diff: 0, Sum: 0, Workers: 5
[17.962s][debug][gc,phases      ] GC(92)         Total                     Min: 0, Avg: 718.4, Max: 1800, Diff: 1800, Sum: 3592, Workers: 5
[17.962s][debug][gc,phases      ] GC(92)       ResolvedMethodTable weak  Min:  0.0, Avg:  0.0, Max:  0.0, Diff:  0.0, Sum:  0.0, Workers: 5
[17.962s][debug][gc,phases      ] GC(92)         Dead                      Min: 0, Avg:  0.0, Max: 0, Diff: 0, Sum: 0, Workers: 5
[17.962s][debug][gc,phases      ] GC(92)         Total                     Min: 0, Avg: 116.6, Max: 320, Diff: 320, Sum: 583, Workers: 5
[17.962s][debug][gc,phases      ] GC(92)     Merge Per-Thread State: 0.0ms
[17.962s][debug][gc,phases      ] GC(92)       Copied Bytes              Min: 0, Avg: 63.0, Max: 232, Diff: 232, Sum: 504, Workers: 8
[17.962s][debug][gc,phases      ] GC(92)       LAB Waste                 Min: 0, Avg:  0.0, Max: 0, Diff: 0, Sum: 0, Workers: 8
[17.962s][debug][gc,phases      ] GC(92)       LAB Undo Waste            Min: 0, Avg:  0.0, Max: 0, Diff: 0, Sum: 0, Workers: 8
[17.962s][debug][gc,phases      ] GC(92)     Code Roots Purge: 0.0ms
[17.962s][debug][gc,phases      ] GC(92)     Redirty Cards: 0.0ms
[17.962s][debug][gc,phases      ] GC(92)     DerivedPointerTable Update: 0.0ms
[17.962s][debug][gc,phases      ] GC(92)     Free Collection Set: 0.1ms
[17.962s][debug][gc,phases      ] GC(92)     Rebuild Free List: 0.0ms
[17.962s][debug][gc,phases      ] GC(92)     Humongous Reclaim: 0.0ms
[17.962s][debug][gc,phases      ] GC(92)     Start New Collection Set: 0.0ms
[17.962s][debug][gc,phases      ] GC(92)     Resize TLABs: 0.0ms
[17.962s][debug][gc,phases      ] GC(92)     Expand Heap After Collection: 0.0ms
[17.962s][info ][gc,phases      ] GC(92)   Other: 0.3ms
[17.962s][info ][gc,heap        ] GC(92) Eden regions: 186->0(186)
[17.962s][info ][gc,heap        ] GC(92) Survivor regions: 1->1(24)
[17.962s][info ][gc,heap        ] GC(92) Old regions: 7->7
[17.962s][info ][gc,heap        ] GC(92) Archive regions: 2->2
[17.962s][info ][gc,heap        ] GC(92) Humongous regions: 0->0
[17.962s][info ][gc,metaspace   ] GC(92) Metaspace: 10391K(10880K)->10391K(10880K) NonClass: 9188K(9472K)->9188K(9472K) Class: 1202K(1408K)->1202K(1408K)
[17.962s][debug][gc,heap        ] GC(92) Heap after GC invocations=93 (full 1): garbage-first heap   total 319488K, used 4336K [0x0000000700000000, 0x0000000800000000)
[17.962s][debug][gc,heap        ] GC(92)   region size 1024K, 1 young (1024K), 1 survivors (1024K)
[17.962s][debug][gc,heap        ] GC(92)  Metaspace       used 10391K, capacity 10712K, committed 10880K, reserved 1058816K
[17.962s][debug][gc,heap        ] GC(92)   class space    used 1202K, capacity 1338K, committed 1408K, reserved 1048576K
[17.962s][info ][gc             ] GC(92) Pause Young (Normal) (G1 Evacuation Pause) 190M->4M(312M) 1.737ms
[17.962s][info ][gc,cpu         ] GC(92) User=0.00s Sys=0.00s Real=0.00s
[17.962s][info ][safepoint      ] Safepoint "G1CollectForAllocation", Time since last: 161305634 ns, Reaching safepoint: 117308 ns, At safepoint: 1914258 ns, Total: 2031566 ns
[18.108s][debug][gc,heap        ] GC(93) Heap before GC invocations=93 (full 1): garbage-first heap   total 319488K, used 194800K [0x0000000700000000, 0x0000000800000000)
[18.108s][debug][gc,heap        ] GC(93)   region size 1024K, 187 young (191488K), 1 survivors (1024K)
[18.108s][debug][gc,heap        ] GC(93)  Metaspace       used 10391K, capacity 10712K, committed 10880K, reserved 1058816K
[18.108s][debug][gc,heap        ] GC(93)   class space    used 1202K, capacity 1338K, committed 1408K, reserved 1048576K
[18.108s][info ][gc,start       ] GC(93) Pause Young (Normal) (G1 Evacuation Pause)
[18.108s][info ][gc,task        ] GC(93) Using 8 workers of 8 for evacuation
[18.108s][debug][gc,tlab        ] GC(93) TLAB totals: thrds: 8  refills: 745 max: 105 slow allocs: 0 max 0 waste:  0.9% gc: 1239632B max: 470184B slow: 429744B max: 60264B fast: 0B max: 0B
[18.108s][debug][gc,age         ] GC(93) Desired survivor size 12582912 bytes, new threshold 15 (max threshold 15)
[18.108s][debug][gc,alloc,region] GC(93) Mutator Allocation stats, regions: 186, wasted size: 0B ( 0.0%)
[18.109s][debug][gc,ergo        ] GC(93) Running G1 Merge Heap Roots using 8 workers for 187 regions
[18.109s][debug][gc,remset      ] GC(93) Visited cards 256 Total dirty 2048 (12.50%) Total old 784384 (0.03%)
[18.109s][debug][gc,ergo        ] GC(93) Running G1 Clear Card Table Task using 1 workers for 1 units of work for 188 regions.
[18.109s][debug][gc,ref         ] GC(93) Skipped phase1 of Reference Processing due to unavailable references
[18.109s][debug][gc,ref         ] GC(93) Skipped phase2 of Reference Processing due to unavailable references
[18.109s][debug][gc,ref         ] GC(93) Skipped phase3 of Reference Processing due to unavailable references
[18.109s][debug][gc,ref         ] GC(93) Skipped phase4 of Reference Processing due to unavailable references
[18.109s][debug][gc,ergo        ] GC(93) Running G1 Free Collection Set using 8 workers for collection set length 187 (312)
[18.109s][debug][gc,ergo        ] GC(93) Running G1 Rebuild Free List Task using 8 workers for rebuilding free list of 0 (4096) regions
[18.109s][trace][gc,age         ] GC(93) Age table with threshold 15 (max threshold 15)
[18.109s][trace][gc,age         ] GC(93) - age   1:        552 bytes,        552 total
[18.109s][debug][gc,plab        ] GC(93) Young PLAB allocation: allocated: 12384B, wasted: 0B, unused: 11832B, used: 552B, undo waste: 0B, 
[18.109s][debug][gc,plab        ] GC(93) Young other allocation: region end waste: 0B, regions filled: 1, direct allocated: 0B, failure used: 0B, failure wasted: 0B
[18.109s][debug][gc,plab        ] GC(93) Young sizing: calculated: 104B, actual: 2064B
[18.109s][debug][gc,plab        ] GC(93) Old PLAB allocation: allocated: 0B, wasted: 0B, unused: 0B, used: 0B, undo waste: 0B, 
[18.109s][debug][gc,plab        ] GC(93) Old other allocation: region end waste: 0B, regions filled: 1, direct allocated: 0B, failure used: 0B, failure wasted: 0B
[18.109s][debug][gc,plab        ] GC(93) Old sizing: calculated: 0B, actual: 2064B
[18.109s][debug][gc,ihop        ] GC(93) Basic information (value update), threshold: 147220070B (45.00), target occupancy: 327155712B, current occupancy: 4440744B, recent allocation size: 0B, recent allocation duration: 147.11ms, recent old gen allocation rate: 0.00B/s, recent marking phase length: 0.00ms
[18.109s][debug][gc,ihop        ] GC(93) Adaptive IHOP information (value update), threshold: 147220070B (47.37), internal target occupancy: 310797926B, occupancy: 4440744B, additional buffer size: 196083712B, predicted old gen allocation rate: 10147.84B/s, predicted marking phase length: 0.00ms, prediction active: false
[18.109s][debug][gc,ergo,refine ] GC(93) Concurrent refinement times: Logged Cards Scan time goal: 20.00ms Logged Cards Scan time: 0.00ms HCC time: 0.00ms
[18.110s][debug][gc,ergo,refine ] GC(93) Updated Refinement Zones: green: 2048, yellow: 6144, red: 10240
[18.110s][info ][gc,phases      ] GC(93)   Pre Evacuate Collection Set: 0.1ms
[18.110s][debug][gc,phases      ] GC(93)     Prepare TLABs: 0.0ms
[18.110s][debug][gc,phases      ] GC(93)     Choose Collection Set: 0.0ms
[18.110s][debug][gc,phases      ] GC(93)     Region Register: 0.1ms
[18.110s][debug][gc,phases      ] GC(93)     Prepare Heap Roots: 0.0ms
[18.110s][info ][gc,phases      ] GC(93)   Merge Heap Roots: 0.2ms
[18.110s][debug][gc,phases      ] GC(93)     Prepare Merge Heap Roots: 0.0ms
[18.110s][debug][gc,phases      ] GC(93)     Eager Reclaim (ms):       skipped
[18.110s][debug][gc,phases      ] GC(93)     Remembered Sets (ms):     Min:  0.0, Avg:  0.0, Max:  0.0, Diff:  0.0, Sum:  0.2, Workers: 8
[18.110s][debug][gc,phases      ] GC(93)       Merged Sparse:            Min: 0, Avg:  0.0, Max: 0, Diff: 0, Sum: 0, Workers: 8
[18.110s][debug][gc,phases      ] GC(93)       Merged Fine:              Min: 0, Avg:  0.0, Max: 0, Diff: 0, Sum: 0, Workers: 8
[18.110s][debug][gc,phases      ] GC(93)       Merged Coarse:            Min: 0, Avg:  0.0, Max: 0, Diff: 0, Sum: 0, Workers: 8
[18.110s][debug][gc,phases      ] GC(93)       Dirty Cards:              Min: 0, Avg:  0.0, Max: 0, Diff: 0, Sum: 0, Workers: 8
[18.110s][debug][gc,phases      ] GC(93)     Hot Card Cache (ms):      Min:  0.0, Avg:  0.0, Max:  0.0, Diff:  0.0, Sum:  0.0, Workers: 8
[18.110s][debug][gc,phases      ] GC(93)       Dirty Cards:              Min: 0, Avg:  0.0, Max: 0, Diff: 0, Sum: 0, Workers: 8
[18.110s][debug][gc,phases      ] GC(93)       Skipped Cards:            Min: 0, Avg:  0.0, Max: 0, Diff: 0, Sum: 0, Workers: 8
[18.110s][debug][gc,phases      ] GC(93)     Log Buffers (ms):         Min:  0.0, Avg:  0.0, Max:  0.0, Diff:  0.0, Sum:  0.0, Workers: 8
[18.110s][debug][gc,phases      ] GC(93)       Dirty Cards:              Min: 0, Avg:  0.1, Max: 1, Diff: 1, Sum: 1, Workers: 8
[18.110s][debug][gc,phases      ] GC(93)       Skipped Cards:            Min: 0, Avg:  0.0, Max: 0, Diff: 0, Sum: 0, Workers: 8
[18.110s][info ][gc,phases      ] GC(93)   Evacuate Collection Set: 0.1ms
[18.110s][debug][gc,phases      ] GC(93)     Ext Root Scanning (ms):   Min:  0.0, Avg:  0.0, Max:  0.1, Diff:  0.0, Sum:  0.2, Workers: 8
[18.110s][debug][gc,phases      ] GC(93)     Scan Heap Roots (ms):     Min:  0.0, Avg:  0.0, Max:  0.0, Diff:  0.0, Sum:  0.0, Workers: 8
[18.110s][debug][gc,phases      ] GC(93)       Scanned Cards:            Min: 0, Avg:  0.1, Max: 1, Diff: 1, Sum: 1, Workers: 8
[18.110s][debug][gc,phases      ] GC(93)       Scanned Blocks:           Min: 0, Avg:  0.1, Max: 1, Diff: 1, Sum: 1, Workers: 8
[18.110s][debug][gc,phases      ] GC(93)       Claimed Chunks:           Min: 0, Avg:  0.1, Max: 1, Diff: 1, Sum: 1, Workers: 8
[18.110s][debug][gc,phases      ] GC(93)     Code Root Scan (ms):      Min:  0.0, Avg:  0.0, Max:  0.0, Diff:  0.0, Sum:  0.0, Workers: 8
[18.110s][debug][gc,phases      ] GC(93)     Object Copy (ms):         Min:  0.0, Avg:  0.0, Max:  0.0, Diff:  0.0, Sum:  0.0, Workers: 8
[18.110s][debug][gc,phases      ] GC(93)     Termination (ms):         Min:  0.0, Avg:  0.1, Max:  0.1, Diff:  0.0, Sum:  0.4, Workers: 8
[18.110s][debug][gc,phases      ] GC(93)       Termination Attempts:     Min: 1, Avg:  1.0, Max: 1, Diff: 0, Sum: 8, Workers: 8
[18.110s][debug][gc,phases      ] GC(93)     GC Worker Other (ms):     Min:  0.0, Avg:  0.0, Max:  0.0, Diff:  0.0, Sum:  0.1, Workers: 8
[18.110s][debug][gc,phases      ] GC(93)     GC Worker Total (ms):     Min:  0.1, Avg:  0.1, Max:  0.1, Diff:  0.0, Sum:  0.8, Workers: 8
[18.110s][info ][gc,phases      ] GC(93)   Post Evacuate Collection Set: 0.4ms
[18.110s][debug][gc,phases      ] GC(93)     Code Roots Fixup: 0.0ms
[18.110s][debug][gc,phases      ] GC(93)     Clear Card Table: 0.1ms
[18.110s][debug][gc,phases      ] GC(93)     Reference Processing: 0.1ms
[18.110s][debug][gc,phases,ref  ] GC(93)       Reconsider SoftReferences: 0.0ms
[18.110s][debug][gc,phases,ref  ] GC(93)         SoftRef (ms):             skipped
[18.110s][debug][gc,phases,ref  ] GC(93)       Notify Soft/WeakReferences: 0.0ms
[18.110s][debug][gc,phases,ref  ] GC(93)         SoftRef (ms):             skipped
[18.110s][debug][gc,phases,ref  ] GC(93)         WeakRef (ms):             skipped
[18.110s][debug][gc,phases,ref  ] GC(93)         FinalRef (ms):            skipped
[18.110s][debug][gc,phases,ref  ] GC(93)         Total (ms):               skipped
[18.110s][debug][gc,phases,ref  ] GC(93)       Notify and keep alive finalizable: 0.0ms
[18.110s][debug][gc,phases,ref  ] GC(93)         FinalRef (ms):            skipped
[18.110s][debug][gc,phases,ref  ] GC(93)       Notify PhantomReferences: 0.0ms
[18.110s][debug][gc,phases,ref  ] GC(93)         PhantomRef (ms):          skipped
[18.110s][debug][gc,phases,ref  ] GC(93)       SoftReference:
[18.110s][debug][gc,phases,ref  ] GC(93)         Discovered: 0
[18.110s][debug][gc,phases,ref  ] GC(93)         Cleared: 0
[18.110s][debug][gc,phases,ref  ] GC(93)       WeakReference:
[18.110s][debug][gc,phases,ref  ] GC(93)         Discovered: 0
[18.110s][debug][gc,phases,ref  ] GC(93)         Cleared: 0
[18.110s][debug][gc,phases,ref  ] GC(93)       FinalReference:
[18.110s][debug][gc,phases,ref  ] GC(93)         Discovered: 0
[18.110s][debug][gc,phases,ref  ] GC(93)         Cleared: 0
[18.110s][debug][gc,phases,ref  ] GC(93)       PhantomReference:
[18.110s][debug][gc,phases,ref  ] GC(93)         Discovered: 0
[18.110s][debug][gc,phases,ref  ] GC(93)         Cleared: 0
[18.110s][debug][gc,phases      ] GC(93)     Weak Processing: 0.1ms
[18.110s][debug][gc,phases      ] GC(93)       JVMTI weak processing: 0.0ms
[18.110s][debug][gc,phases      ] GC(93)         Dead: 0
[18.110s][debug][gc,phases      ] GC(93)         Total: 0
[18.110s][debug][gc,phases      ] GC(93)       JFR weak processing: 0.0ms
[18.110s][debug][gc,phases      ] GC(93)         Dead: 0
[18.110s][debug][gc,phases      ] GC(93)         Total: 0
[18.110s][debug][gc,phases      ] GC(93)       JNI weak                  Min:  0.0, Avg:  0.0, Max:  0.0, Diff:  0.0, Sum:  0.0, Workers: 5
[18.110s][debug][gc,phases      ] GC(93)         Dead                      Min: 0, Avg:  0.0, Max: 0, Diff: 0, Sum: 0, Workers: 5
[18.110s][debug][gc,phases      ] GC(93)         Total                     Min: 0, Avg: 12.6, Max: 59, Diff: 59, Sum: 63, Workers: 5
[18.110s][debug][gc,phases      ] GC(93)       VM weak                   Min:  0.0, Avg:  0.0, Max:  0.0, Diff:  0.0, Sum:  0.0, Workers: 5
[18.110s][debug][gc,phases      ] GC(93)         Dead                      Min: 0, Avg:  0.0, Max: 0, Diff: 0, Sum: 0, Workers: 5
[18.110s][debug][gc,phases      ] GC(93)         Total                     Min: 0, Avg: 44.0, Max: 92, Diff: 92, Sum: 220, Workers: 5
[18.110s][debug][gc,phases      ] GC(93)       StringTable weak          Min:  0.0, Avg:  0.0, Max:  0.0, Diff:  0.0, Sum:  0.1, Workers: 5
[18.110s][debug][gc,phases      ] GC(93)         Dead                      Min: 0, Avg:  0.0, Max: 0, Diff: 0, Sum: 0, Workers: 5
[18.110s][debug][gc,phases      ] GC(93)         Total                     Min: 200, Avg: 718.4, Max: 960, Diff: 760, Sum: 3592, Workers: 5
[18.110s][debug][gc,phases      ] GC(93)       ResolvedMethodTable weak  Min:  0.0, Avg:  0.0, Max:  0.0, Diff:  0.0, Sum:  0.0, Workers: 5
[18.110s][debug][gc,phases      ] GC(93)         Dead                      Min: 0, Avg:  0.0, Max: 0, Diff: 0, Sum: 0, Workers: 5
[18.110s][debug][gc,phases      ] GC(93)         Total                     Min: 0, Avg: 116.6, Max: 192, Diff: 192, Sum: 583, Workers: 5
[18.110s][debug][gc,phases      ] GC(93)     Merge Per-Thread State: 0.0ms
[18.110s][debug][gc,phases      ] GC(93)       Copied Bytes              Min: 0, Avg: 69.0, Max: 176, Diff: 176, Sum: 552, Workers: 8
[18.110s][debug][gc,phases      ] GC(93)       LAB Waste                 Min: 0, Avg:  0.0, Max: 0, Diff: 0, Sum: 0, Workers: 8
[18.110s][debug][gc,phases      ] GC(93)       LAB Undo Waste            Min: 0, Avg:  0.0, Max: 0, Diff: 0, Sum: 0, Workers: 8
[18.110s][debug][gc,phases      ] GC(93)     Code Roots Purge: 0.0ms
[18.110s][debug][gc,phases      ] GC(93)     Redirty Cards: 0.0ms
[18.110s][debug][gc,phases      ] GC(93)     DerivedPointerTable Update: 0.0ms
[18.110s][debug][gc,phases      ] GC(93)     Free Collection Set: 0.1ms
[18.110s][debug][gc,phases      ] GC(93)     Rebuild Free List: 0.0ms
[18.110s][debug][gc,phases      ] GC(93)     Humongous Reclaim: 0.0ms
[18.110s][debug][gc,phases      ] GC(93)     Start New Collection Set: 0.0ms
[18.110s][debug][gc,phases      ] GC(93)     Resize TLABs: 0.0ms
[18.110s][debug][gc,phases      ] GC(93)     Expand Heap After Collection: 0.0ms
[18.110s][info ][gc,phases      ] GC(93)   Other: 0.4ms
[18.110s][info ][gc,heap        ] GC(93) Eden regions: 186->0(186)
[18.110s][info ][gc,heap        ] GC(93) Survivor regions: 1->1(24)
[18.110s][info ][gc,heap        ] GC(93) Old regions: 7->7
[18.110s][info ][gc,heap        ] GC(93) Archive regions: 2->2
[18.110s][info ][gc,heap        ] GC(93) Humongous regions: 0->0
[18.110s][info ][gc,metaspace   ] GC(93) Metaspace: 10391K(10880K)->10391K(10880K) NonClass: 9188K(9472K)->9188K(9472K) Class: 1202K(1408K)->1202K(1408K)
[18.110s][debug][gc,heap        ] GC(93) Heap after GC invocations=94 (full 1): garbage-first heap   total 319488K, used 4336K [0x0000000700000000, 0x0000000800000000)
[18.110s][debug][gc,heap        ] GC(93)   region size 1024K, 1 young (1024K), 1 survivors (1024K)
[18.110s][debug][gc,heap        ] GC(93)  Metaspace       used 10391K, capacity 10712K, committed 10880K, reserved 1058816K
[18.110s][debug][gc,heap        ] GC(93)   class space    used 1202K, capacity 1338K, committed 1408K, reserved 1048576K
[18.111s][info ][gc             ] GC(93) Pause Young (Normal) (G1 Evacuation Pause) 190M->4M(312M) 2.089ms
[18.111s][info ][gc,cpu         ] GC(93) User=0.00s Sys=0.00s Real=0.00s
[18.111s][info ][safepoint      ] Safepoint "G1CollectForAllocation", Time since last: 145708456 ns, Reaching safepoint: 224853 ns, At safepoint: 2294755 ns, Total: 2519608 ns
[18.267s][debug][gc,heap        ] GC(94) Heap before GC invocations=94 (full 1): garbage-first heap   total 319488K, used 194800K [0x0000000700000000, 0x0000000800000000)
[18.267s][debug][gc,heap        ] GC(94)   region size 1024K, 187 young (191488K), 1 survivors (1024K)
[18.267s][debug][gc,heap        ] GC(94)  Metaspace       used 10391K, capacity 10712K, committed 10880K, reserved 1058816K
[18.267s][debug][gc,heap        ] GC(94)   class space    used 1202K, capacity 1338K, committed 1408K, reserved 1048576K
[18.267s][info ][gc,start       ] GC(94) Pause Young (Normal) (G1 Evacuation Pause)
[18.267s][info ][gc,task        ] GC(94) Using 8 workers of 8 for evacuation
[18.267s][debug][gc,tlab        ] GC(94) TLAB totals: thrds: 8  refills: 747 max: 106 slow allocs: 0 max 0 waste:  1.1% gc: 1775208B max: 462392B slow: 431080B max: 61152B fast: 0B max: 0B
[18.267s][debug][gc,age         ] GC(94) Desired survivor size 12582912 bytes, new threshold 15 (max threshold 15)
[18.267s][debug][gc,alloc,region] GC(94) Mutator Allocation stats, regions: 186, wasted size: 0B ( 0.0%)
[18.267s][debug][gc,ergo        ] GC(94) Running G1 Merge Heap Roots using 8 workers for 187 regions
[18.268s][debug][gc,remset      ] GC(94) Visited cards 256 Total dirty 2048 (12.50%) Total old 784384 (0.03%)
[18.268s][debug][gc,ergo        ] GC(94) Running G1 Clear Card Table Task using 1 workers for 1 units of work for 188 regions.
[18.268s][debug][gc,ref         ] GC(94) Skipped phase1 of Reference Processing due to unavailable references
[18.268s][debug][gc,ref         ] GC(94) Skipped phase2 of Reference Processing due to unavailable references
[18.268s][debug][gc,ref         ] GC(94) Skipped phase3 of Reference Processing due to unavailable references
[18.268s][debug][gc,ref         ] GC(94) Skipped phase4 of Reference Processing due to unavailable references
[18.268s][debug][gc,ergo        ] GC(94) Running G1 Free Collection Set using 8 workers for collection set length 187 (312)
[18.268s][debug][gc,ergo        ] GC(94) Running G1 Rebuild Free List Task using 8 workers for rebuilding free list of 0 (4096) regions
[18.268s][trace][gc,age         ] GC(94) Age table with threshold 15 (max threshold 15)
[18.268s][trace][gc,age         ] GC(94) - age   1:        272 bytes,        272 total
[18.268s][debug][gc,plab        ] GC(94) Young PLAB allocation: allocated: 8256B, wasted: 0B, unused: 7984B, used: 272B, undo waste: 0B, 
[18.268s][debug][gc,plab        ] GC(94) Young other allocation: region end waste: 0B, regions filled: 1, direct allocated: 0B, failure used: 0B, failure wasted: 0B
[18.268s][debug][gc,plab        ] GC(94) Young sizing: calculated: 48B, actual: 2064B
[18.268s][debug][gc,plab        ] GC(94) Old PLAB allocation: allocated: 0B, wasted: 0B, unused: 0B, used: 0B, undo waste: 0B, 
[18.268s][debug][gc,plab        ] GC(94) Old other allocation: region end waste: 0B, regions filled: 1, direct allocated: 0B, failure used: 0B, failure wasted: 0B
[18.268s][debug][gc,plab        ] GC(94) Old sizing: calculated: 0B, actual: 2064B
[18.268s][debug][gc,ihop        ] GC(94) Basic information (value update), threshold: 147220070B (45.00), target occupancy: 327155712B, current occupancy: 4436616B, recent allocation size: 0B, recent allocation duration: 157.77ms, recent old gen allocation rate: 0.00B/s, recent marking phase length: 0.00ms
[18.268s][debug][gc,ihop        ] GC(94) Adaptive IHOP information (value update), threshold: 147220070B (47.37), internal target occupancy: 310797926B, occupancy: 4436616B, additional buffer size: 196083712B, predicted old gen allocation rate: 9844.59B/s, predicted marking phase length: 0.00ms, prediction active: false
[18.268s][debug][gc,ergo,refine ] GC(94) Concurrent refinement times: Logged Cards Scan time goal: 20.00ms Logged Cards Scan time: 0.00ms HCC time: 0.00ms
[18.268s][debug][gc,ergo,refine ] GC(94) Updated Refinement Zones: green: 2048, yellow: 6144, red: 10240
[18.268s][info ][gc,phases      ] GC(94)   Pre Evacuate Collection Set: 0.2ms
[18.268s][debug][gc,phases      ] GC(94)     Prepare TLABs: 0.0ms
[18.268s][debug][gc,phases      ] GC(94)     Choose Collection Set: 0.0ms
[18.268s][debug][gc,phases      ] GC(94)     Region Register: 0.1ms
[18.268s][debug][gc,phases      ] GC(94)     Prepare Heap Roots: 0.0ms
[18.268s][info ][gc,phases      ] GC(94)   Merge Heap Roots: 0.1ms
[18.268s][debug][gc,phases      ] GC(94)     Prepare Merge Heap Roots: 0.0ms
[18.268s][debug][gc,phases      ] GC(94)     Eager Reclaim (ms):       skipped
[18.268s][debug][gc,phases      ] GC(94)     Remembered Sets (ms):     Min:  0.0, Avg:  0.0, Max:  0.0, Diff:  0.0, Sum:  0.0, Workers: 8
[18.268s][debug][gc,phases      ] GC(94)       Merged Sparse:            Min: 0, Avg:  0.0, Max: 0, Diff: 0, Sum: 0, Workers: 8
[18.268s][debug][gc,phases      ] GC(94)       Merged Fine:              Min: 0, Avg:  0.0, Max: 0, Diff: 0, Sum: 0, Workers: 8
[18.268s][debug][gc,phases      ] GC(94)       Merged Coarse:            Min: 0, Avg:  0.0, Max: 0, Diff: 0, Sum: 0, Workers: 8
[18.268s][debug][gc,phases      ] GC(94)       Dirty Cards:              Min: 0, Avg:  0.0, Max: 0, Diff: 0, Sum: 0, Workers: 8
[18.268s][debug][gc,phases      ] GC(94)     Hot Card Cache (ms):      Min:  0.0, Avg:  0.0, Max:  0.0, Diff:  0.0, Sum:  0.0, Workers: 8
[18.268s][debug][gc,phases      ] GC(94)       Dirty Cards:              Min: 0, Avg:  0.0, Max: 0, Diff: 0, Sum: 0, Workers: 8
[18.268s][debug][gc,phases      ] GC(94)       Skipped Cards:            Min: 0, Avg:  0.0, Max: 0, Diff: 0, Sum: 0, Workers: 8
[18.268s][debug][gc,phases      ] GC(94)     Log Buffers (ms):         Min:  0.0, Avg:  0.0, Max:  0.0, Diff:  0.0, Sum:  0.0, Workers: 8
[18.268s][debug][gc,phases      ] GC(94)       Dirty Cards:              Min: 0, Avg:  0.1, Max: 1, Diff: 1, Sum: 1, Workers: 8
[18.268s][debug][gc,phases      ] GC(94)       Skipped Cards:            Min: 0, Avg:  0.0, Max: 0, Diff: 0, Sum: 0, Workers: 8
[18.268s][info ][gc,phases      ] GC(94)   Evacuate Collection Set: 0.1ms
[18.268s][debug][gc,phases      ] GC(94)     Ext Root Scanning (ms):   Min:  0.0, Avg:  0.0, Max:  0.1, Diff:  0.0, Sum:  0.2, Workers: 8
[18.268s][debug][gc,phases      ] GC(94)     Scan Heap Roots (ms):     Min:  0.0, Avg:  0.0, Max:  0.0, Diff:  0.0, Sum:  0.0, Workers: 8
[18.268s][debug][gc,phases      ] GC(94)       Scanned Cards:            Min: 0, Avg:  0.1, Max: 1, Diff: 1, Sum: 1, Workers: 8
[18.268s][debug][gc,phases      ] GC(94)       Scanned Blocks:           Min: 0, Avg:  0.1, Max: 1, Diff: 1, Sum: 1, Workers: 8
[18.268s][debug][gc,phases      ] GC(94)       Claimed Chunks:           Min: 0, Avg:  0.1, Max: 1, Diff: 1, Sum: 1, Workers: 8
[18.268s][debug][gc,phases      ] GC(94)     Code Root Scan (ms):      Min:  0.0, Avg:  0.0, Max:  0.0, Diff:  0.0, Sum:  0.0, Workers: 8
[18.268s][debug][gc,phases      ] GC(94)     Object Copy (ms):         Min:  0.0, Avg:  0.0, Max:  0.0, Diff:  0.0, Sum:  0.0, Workers: 8
[18.268s][debug][gc,phases      ] GC(94)     Termination (ms):         Min:  0.0, Avg:  0.0, Max:  0.1, Diff:  0.0, Sum:  0.4, Workers: 8
[18.268s][debug][gc,phases      ] GC(94)       Termination Attempts:     Min: 1, Avg:  1.0, Max: 1, Diff: 0, Sum: 8, Workers: 8
[18.268s][debug][gc,phases      ] GC(94)     GC Worker Other (ms):     Min:  0.0, Avg:  0.0, Max:  0.0, Diff:  0.0, Sum:  0.1, Workers: 8
[18.268s][debug][gc,phases      ] GC(94)     GC Worker Total (ms):     Min:  0.1, Avg:  0.1, Max:  0.1, Diff:  0.0, Sum:  0.7, Workers: 8
[18.268s][info ][gc,phases      ] GC(94)   Post Evacuate Collection Set: 0.3ms
[18.268s][debug][gc,phases      ] GC(94)     Code Roots Fixup: 0.0ms
[18.268s][debug][gc,phases      ] GC(94)     Clear Card Table: 0.1ms
[18.268s][debug][gc,phases      ] GC(94)     Reference Processing: 0.0ms
[18.268s][debug][gc,phases,ref  ] GC(94)       Reconsider SoftReferences: 0.0ms
[18.268s][debug][gc,phases,ref  ] GC(94)         SoftRef (ms):             skipped
[18.268s][debug][gc,phases,ref  ] GC(94)       Notify Soft/WeakReferences: 0.0ms
[18.268s][debug][gc,phases,ref  ] GC(94)         SoftRef (ms):             skipped
[18.268s][debug][gc,phases,ref  ] GC(94)         WeakRef (ms):             skipped
[18.268s][debug][gc,phases,ref  ] GC(94)         FinalRef (ms):            skipped
[18.269s][debug][gc,phases,ref  ] GC(94)         Total (ms):               skipped
[18.269s][debug][gc,phases,ref  ] GC(94)       Notify and keep alive finalizable: 0.0ms
[18.269s][debug][gc,phases,ref  ] GC(94)         FinalRef (ms):            skipped
[18.269s][debug][gc,phases,ref  ] GC(94)       Notify PhantomReferences: 0.0ms
[18.269s][debug][gc,phases,ref  ] GC(94)         PhantomRef (ms):          skipped
[18.269s][debug][gc,phases,ref  ] GC(94)       SoftReference:
[18.269s][debug][gc,phases,ref  ] GC(94)         Discovered: 0
[18.269s][debug][gc,phases,ref  ] GC(94)         Cleared: 0
[18.269s][debug][gc,phases,ref  ] GC(94)       WeakReference:
[18.269s][debug][gc,phases,ref  ] GC(94)         Discovered: 0
[18.269s][debug][gc,phases,ref  ] GC(94)         Cleared: 0
[18.269s][debug][gc,phases,ref  ] GC(94)       FinalReference:
[18.269s][debug][gc,phases,ref  ] GC(94)         Discovered: 0
[18.269s][debug][gc,phases,ref  ] GC(94)         Cleared: 0
[18.269s][debug][gc,phases,ref  ] GC(94)       PhantomReference:
[18.269s][debug][gc,phases,ref  ] GC(94)         Discovered: 0
[18.269s][debug][gc,phases,ref  ] GC(94)         Cleared: 0
[18.269s][debug][gc,phases      ] GC(94)     Weak Processing: 0.0ms
[18.269s][debug][gc,phases      ] GC(94)       JVMTI weak processing: 0.0ms
[18.269s][debug][gc,phases      ] GC(94)         Dead: 0
[18.269s][debug][gc,phases      ] GC(94)         Total: 0
[18.269s][debug][gc,phases      ] GC(94)       JFR weak processing: 0.0ms
[18.269s][debug][gc,phases      ] GC(94)         Dead: 0
[18.269s][debug][gc,phases      ] GC(94)         Total: 0
[18.269s][debug][gc,phases      ] GC(94)       JNI weak                  Min:  0.0, Avg:  0.0, Max:  0.0, Diff:  0.0, Sum:  0.0, Workers: 5
[18.269s][debug][gc,phases      ] GC(94)         Dead                      Min: 0, Avg:  0.0, Max: 0, Diff: 0, Sum: 0, Workers: 5
[18.269s][debug][gc,phases      ] GC(94)         Total                     Min: 0, Avg: 12.6, Max: 59, Diff: 59, Sum: 63, Workers: 5
[18.269s][debug][gc,phases      ] GC(94)       VM weak                   Min:  0.0, Avg:  0.0, Max:  0.0, Diff:  0.0, Sum:  0.0, Workers: 5
[18.269s][debug][gc,phases      ] GC(94)         Dead                      Min: 0, Avg:  0.0, Max: 0, Diff: 0, Sum: 0, Workers: 5
[18.269s][debug][gc,phases      ] GC(94)         Total                     Min: 0, Avg: 44.0, Max: 128, Diff: 128, Sum: 220, Workers: 5
[18.269s][debug][gc,phases      ] GC(94)       StringTable weak          Min:  0.0, Avg:  0.0, Max:  0.0, Diff:  0.0, Sum:  0.1, Workers: 5
[18.269s][debug][gc,phases      ] GC(94)         Dead                      Min: 0, Avg:  0.0, Max: 0, Diff: 0, Sum: 0, Workers: 5
[18.269s][debug][gc,phases      ] GC(94)         Total                     Min: 0, Avg: 718.4, Max: 1800, Diff: 1800, Sum: 3592, Workers: 5
[18.269s][debug][gc,phases      ] GC(94)       ResolvedMethodTable weak  Min:  0.0, Avg:  0.0, Max:  0.0, Diff:  0.0, Sum:  0.0, Workers: 5
[18.269s][debug][gc,phases      ] GC(94)         Dead                      Min: 0, Avg:  0.0, Max: 0, Diff: 0, Sum: 0, Workers: 5
[18.269s][debug][gc,phases      ] GC(94)         Total                     Min: 0, Avg: 116.6, Max: 256, Diff: 256, Sum: 583, Workers: 5
[18.269s][debug][gc,phases      ] GC(94)     Merge Per-Thread State: 0.0ms
[18.269s][debug][gc,phases      ] GC(94)       Copied Bytes              Min: 0, Avg: 34.0, Max: 128, Diff: 128, Sum: 272, Workers: 8
[18.269s][debug][gc,phases      ] GC(94)       LAB Waste                 Min: 0, Avg:  0.0, Max: 0, Diff: 0, Sum: 0, Workers: 8
[18.269s][debug][gc,phases      ] GC(94)       LAB Undo Waste            Min: 0, Avg:  0.0, Max: 0, Diff: 0, Sum: 0, Workers: 8
[18.269s][debug][gc,phases      ] GC(94)     Code Roots Purge: 0.0ms
[18.269s][debug][gc,phases      ] GC(94)     Redirty Cards: 0.0ms
[18.269s][debug][gc,phases      ] GC(94)     DerivedPointerTable Update: 0.0ms
[18.269s][debug][gc,phases      ] GC(94)     Free Collection Set: 0.1ms
[18.269s][debug][gc,phases      ] GC(94)     Rebuild Free List: 0.0ms
[18.269s][debug][gc,phases      ] GC(94)     Humongous Reclaim: 0.0ms
[18.269s][debug][gc,phases      ] GC(94)     Start New Collection Set: 0.0ms
[18.269s][debug][gc,phases      ] GC(94)     Resize TLABs: 0.0ms
[18.269s][debug][gc,phases      ] GC(94)     Expand Heap After Collection: 0.0ms
[18.269s][info ][gc,phases      ] GC(94)   Other: 0.3ms
[18.269s][info ][gc,heap        ] GC(94) Eden regions: 186->0(186)
[18.269s][info ][gc,heap        ] GC(94) Survivor regions: 1->1(24)
[18.269s][info ][gc,heap        ] GC(94) Old regions: 7->7
[18.269s][info ][gc,heap        ] GC(94) Archive regions: 2->2
[18.269s][info ][gc,heap        ] GC(94) Humongous regions: 0->0
[18.269s][info ][gc,metaspace   ] GC(94) Metaspace: 10391K(10880K)->10391K(10880K) NonClass: 9188K(9472K)->9188K(9472K) Class: 1202K(1408K)->1202K(1408K)
[18.269s][debug][gc,heap        ] GC(94) Heap after GC invocations=95 (full 1): garbage-first heap   total 319488K, used 4332K [0x0000000700000000, 0x0000000800000000)
[18.269s][debug][gc,heap        ] GC(94)   region size 1024K, 1 young (1024K), 1 survivors (1024K)
[18.269s][debug][gc,heap        ] GC(94)  Metaspace       used 10391K, capacity 10712K, committed 10880K, reserved 1058816K
[18.269s][debug][gc,heap        ] GC(94)   class space    used 1202K, capacity 1338K, committed 1408K, reserved 1048576K
[18.269s][info ][gc             ] GC(94) Pause Young (Normal) (G1 Evacuation Pause) 190M->4M(312M) 1.834ms
[18.269s][info ][gc,cpu         ] GC(94) User=0.00s Sys=0.00s Real=0.00s
[18.269s][info ][safepoint      ] Safepoint "G1CollectForAllocation", Time since last: 156396631 ns, Reaching safepoint: 106145 ns, At safepoint: 2012161 ns, Total: 2118306 ns
[18.431s][debug][gc,heap        ] GC(95) Heap before GC invocations=95 (full 1): garbage-first heap   total 319488K, used 194796K [0x0000000700000000, 0x0000000800000000)
[18.431s][debug][gc,heap        ] GC(95)   region size 1024K, 187 young (191488K), 1 survivors (1024K)
[18.431s][debug][gc,heap        ] GC(95)  Metaspace       used 10391K, capacity 10712K, committed 10880K, reserved 1058816K
[18.431s][debug][gc,heap        ] GC(95)   class space    used 1202K, capacity 1338K, committed 1408K, reserved 1048576K
[18.431s][info ][gc,start       ] GC(95) Pause Young (Normal) (G1 Evacuation Pause)
[18.431s][info ][gc,task        ] GC(95) Using 8 workers of 8 for evacuation
[18.431s][debug][gc,tlab        ] GC(95) TLAB totals: thrds: 8  refills: 746 max: 100 slow allocs: 0 max 0 waste:  0.7% gc: 882040B max: 328904B slow: 431448B max: 57952B fast: 0B max: 0B
[18.431s][debug][gc,age         ] GC(95) Desired survivor size 12582912 bytes, new threshold 15 (max threshold 15)
[18.431s][debug][gc,alloc,region] GC(95) Mutator Allocation stats, regions: 186, wasted size: 0B ( 0.0%)
[18.431s][debug][gc,ergo        ] GC(95) Running G1 Merge Heap Roots using 8 workers for 187 regions
[18.431s][debug][gc,remset      ] GC(95) Visited cards 256 Total dirty 2048 (12.50%) Total old 784384 (0.03%)
[18.432s][debug][gc,ergo        ] GC(95) Running G1 Clear Card Table Task using 1 workers for 1 units of work for 188 regions.
[18.432s][debug][gc,ref         ] GC(95) Skipped phase1 of Reference Processing due to unavailable references
[18.432s][debug][gc,ref         ] GC(95) Skipped phase2 of Reference Processing due to unavailable references
[18.432s][debug][gc,ref         ] GC(95) Skipped phase3 of Reference Processing due to unavailable references
[18.432s][debug][gc,ref         ] GC(95) Skipped phase4 of Reference Processing due to unavailable references
[18.432s][debug][gc,ergo        ] GC(95) Running G1 Free Collection Set using 8 workers for collection set length 187 (312)
[18.432s][debug][gc,ergo        ] GC(95) Running G1 Rebuild Free List Task using 8 workers for rebuilding free list of 0 (4096) regions
[18.432s][trace][gc,age         ] GC(95) Age table with threshold 15 (max threshold 15)
[18.432s][trace][gc,age         ] GC(95) - age   1:        448 bytes,        448 total
[18.432s][debug][gc,plab        ] GC(95) Young PLAB allocation: allocated: 14448B, wasted: 0B, unused: 14000B, used: 448B, undo waste: 0B, 
[18.432s][debug][gc,plab        ] GC(95) Young other allocation: region end waste: 0B, regions filled: 1, direct allocated: 0B, failure used: 0B, failure wasted: 0B
[18.432s][debug][gc,plab        ] GC(95) Young sizing: calculated: 88B, actual: 2064B
[18.432s][debug][gc,plab        ] GC(95) Old PLAB allocation: allocated: 0B, wasted: 0B, unused: 0B, used: 0B, undo waste: 0B, 
[18.432s][debug][gc,plab        ] GC(95) Old other allocation: region end waste: 0B, regions filled: 1, direct allocated: 0B, failure used: 0B, failure wasted: 0B
[18.432s][debug][gc,plab        ] GC(95) Old sizing: calculated: 0B, actual: 2064B
[18.432s][debug][gc,ihop        ] GC(95) Basic information (value update), threshold: 147220070B (45.00), target occupancy: 327155712B, current occupancy: 4442808B, recent allocation size: 0B, recent allocation duration: 163.12ms, recent old gen allocation rate: 0.00B/s, recent marking phase length: 0.00ms
[18.432s][debug][gc,ihop        ] GC(95) Adaptive IHOP information (value update), threshold: 147220070B (47.37), internal target occupancy: 310797926B, occupancy: 4442808B, additional buffer size: 196083712B, predicted old gen allocation rate: 9551.26B/s, predicted marking phase length: 0.00ms, prediction active: false
[18.432s][debug][gc,ergo,refine ] GC(95) Concurrent refinement times: Logged Cards Scan time goal: 20.00ms Logged Cards Scan time: 0.00ms HCC time: 0.00ms
[18.432s][debug][gc,ergo,refine ] GC(95) Updated Refinement Zones: green: 2048, yellow: 6144, red: 10240
[18.432s][info ][gc,phases      ] GC(95)   Pre Evacuate Collection Set: 0.1ms
[18.432s][debug][gc,phases      ] GC(95)     Prepare TLABs: 0.0ms
[18.432s][debug][gc,phases      ] GC(95)     Choose Collection Set: 0.0ms
[18.432s][debug][gc,phases      ] GC(95)     Region Register: 0.1ms
[18.432s][debug][gc,phases      ] GC(95)     Prepare Heap Roots: 0.0ms
[18.432s][info ][gc,phases      ] GC(95)   Merge Heap Roots: 0.1ms
[18.432s][debug][gc,phases      ] GC(95)     Prepare Merge Heap Roots: 0.0ms
[18.432s][debug][gc,phases      ] GC(95)     Eager Reclaim (ms):       skipped
[18.432s][debug][gc,phases      ] GC(95)     Remembered Sets (ms):     Min:  0.0, Avg:  0.0, Max:  0.0, Diff:  0.0, Sum:  0.2, Workers: 8
[18.432s][debug][gc,phases      ] GC(95)       Merged Sparse:            Min: 0, Avg:  0.0, Max: 0, Diff: 0, Sum: 0, Workers: 8
[18.432s][debug][gc,phases      ] GC(95)       Merged Fine:              Min: 0, Avg:  0.0, Max: 0, Diff: 0, Sum: 0, Workers: 8
[18.432s][debug][gc,phases      ] GC(95)       Merged Coarse:            Min: 0, Avg:  0.0, Max: 0, Diff: 0, Sum: 0, Workers: 8
[18.432s][debug][gc,phases      ] GC(95)       Dirty Cards:              Min: 0, Avg:  0.0, Max: 0, Diff: 0, Sum: 0, Workers: 8
[18.432s][debug][gc,phases      ] GC(95)     Hot Card Cache (ms):      Min:  0.0, Avg:  0.0, Max:  0.0, Diff:  0.0, Sum:  0.0, Workers: 8
[18.432s][debug][gc,phases      ] GC(95)       Dirty Cards:              Min: 0, Avg:  0.0, Max: 0, Diff: 0, Sum: 0, Workers: 8
[18.432s][debug][gc,phases      ] GC(95)       Skipped Cards:            Min: 0, Avg:  0.0, Max: 0, Diff: 0, Sum: 0, Workers: 8
[18.432s][debug][gc,phases      ] GC(95)     Log Buffers (ms):         Min:  0.0, Avg:  0.0, Max:  0.0, Diff:  0.0, Sum:  0.0, Workers: 8
[18.432s][debug][gc,phases      ] GC(95)       Dirty Cards:              Min: 0, Avg:  0.1, Max: 1, Diff: 1, Sum: 1, Workers: 8
[18.432s][debug][gc,phases      ] GC(95)       Skipped Cards:            Min: 0, Avg:  0.0, Max: 0, Diff: 0, Sum: 0, Workers: 8
[18.432s][info ][gc,phases      ] GC(95)   Evacuate Collection Set: 0.2ms
[18.432s][debug][gc,phases      ] GC(95)     Ext Root Scanning (ms):   Min:  0.0, Avg:  0.0, Max:  0.1, Diff:  0.1, Sum:  0.4, Workers: 8
[18.432s][debug][gc,phases      ] GC(95)     Scan Heap Roots (ms):     Min:  0.0, Avg:  0.0, Max:  0.0, Diff:  0.0, Sum:  0.0, Workers: 8
[18.432s][debug][gc,phases      ] GC(95)       Scanned Cards:            Min: 0, Avg:  0.1, Max: 1, Diff: 1, Sum: 1, Workers: 8
[18.432s][debug][gc,phases      ] GC(95)       Scanned Blocks:           Min: 0, Avg:  0.1, Max: 1, Diff: 1, Sum: 1, Workers: 8
[18.432s][debug][gc,phases      ] GC(95)       Claimed Chunks:           Min: 0, Avg:  0.1, Max: 1, Diff: 1, Sum: 1, Workers: 8
[18.432s][debug][gc,phases      ] GC(95)     Code Root Scan (ms):      Min:  0.0, Avg:  0.0, Max:  0.0, Diff:  0.0, Sum:  0.0, Workers: 8
[18.432s][debug][gc,phases      ] GC(95)     Object Copy (ms):         Min:  0.0, Avg:  0.0, Max:  0.0, Diff:  0.0, Sum:  0.0, Workers: 8
[18.432s][debug][gc,phases      ] GC(95)     Termination (ms):         Min:  0.0, Avg:  0.0, Max:  0.1, Diff:  0.0, Sum:  0.4, Workers: 8
[18.432s][debug][gc,phases      ] GC(95)       Termination Attempts:     Min: 1, Avg:  1.0, Max: 1, Diff: 0, Sum: 8, Workers: 8
[18.432s][debug][gc,phases      ] GC(95)     GC Worker Other (ms):     Min:  0.0, Avg:  0.0, Max:  0.1, Diff:  0.1, Sum:  0.2, Workers: 8
[18.432s][debug][gc,phases      ] GC(95)     GC Worker Total (ms):     Min:  0.1, Avg:  0.1, Max:  0.2, Diff:  0.1, Sum:  1.0, Workers: 8
[18.432s][info ][gc,phases      ] GC(95)   Post Evacuate Collection Set: 0.4ms
[18.432s][debug][gc,phases      ] GC(95)     Code Roots Fixup: 0.0ms
[18.432s][debug][gc,phases      ] GC(95)     Clear Card Table: 0.1ms
[18.432s][debug][gc,phases      ] GC(95)     Reference Processing: 0.0ms
[18.433s][debug][gc,phases,ref  ] GC(95)       Reconsider SoftReferences: 0.0ms
[18.433s][debug][gc,phases,ref  ] GC(95)         SoftRef (ms):             skipped
[18.433s][debug][gc,phases,ref  ] GC(95)       Notify Soft/WeakReferences: 0.0ms
[18.433s][debug][gc,phases,ref  ] GC(95)         SoftRef (ms):             skipped
[18.433s][debug][gc,phases,ref  ] GC(95)         WeakRef (ms):             skipped
[18.433s][debug][gc,phases,ref  ] GC(95)         FinalRef (ms):            skipped
[18.433s][debug][gc,phases,ref  ] GC(95)         Total (ms):               skipped
[18.433s][debug][gc,phases,ref  ] GC(95)       Notify and keep alive finalizable: 0.0ms
[18.433s][debug][gc,phases,ref  ] GC(95)         FinalRef (ms):            skipped
[18.433s][debug][gc,phases,ref  ] GC(95)       Notify PhantomReferences: 0.0ms
[18.433s][debug][gc,phases,ref  ] GC(95)         PhantomRef (ms):          skipped
[18.433s][debug][gc,phases,ref  ] GC(95)       SoftReference:
[18.433s][debug][gc,phases,ref  ] GC(95)         Discovered: 0
[18.433s][debug][gc,phases,ref  ] GC(95)         Cleared: 0
[18.433s][debug][gc,phases,ref  ] GC(95)       WeakReference:
[18.433s][debug][gc,phases,ref  ] GC(95)         Discovered: 0
[18.433s][debug][gc,phases,ref  ] GC(95)         Cleared: 0
[18.433s][debug][gc,phases,ref  ] GC(95)       FinalReference:
[18.433s][debug][gc,phases,ref  ] GC(95)         Discovered: 0
[18.433s][debug][gc,phases,ref  ] GC(95)         Cleared: 0
[18.433s][debug][gc,phases,ref  ] GC(95)       PhantomReference:
[18.433s][debug][gc,phases,ref  ] GC(95)         Discovered: 0
[18.433s][debug][gc,phases,ref  ] GC(95)         Cleared: 0
[18.433s][debug][gc,phases      ] GC(95)     Weak Processing: 0.1ms
[18.433s][debug][gc,phases      ] GC(95)       JVMTI weak processing: 0.0ms
[18.433s][debug][gc,phases      ] GC(95)         Dead: 0
[18.433s][debug][gc,phases      ] GC(95)         Total: 0
[18.433s][debug][gc,phases      ] GC(95)       JFR weak processing: 0.0ms
[18.433s][debug][gc,phases      ] GC(95)         Dead: 0
[18.433s][debug][gc,phases      ] GC(95)         Total: 0
[18.433s][debug][gc,phases      ] GC(95)       JNI weak                  Min:  0.0, Avg:  0.0, Max:  0.0, Diff:  0.0, Sum:  0.0, Workers: 5
[18.433s][debug][gc,phases      ] GC(95)         Dead                      Min: 0, Avg:  0.0, Max: 0, Diff: 0, Sum: 0, Workers: 5
[18.433s][debug][gc,phases      ] GC(95)         Total                     Min: 0, Avg: 12.6, Max: 59, Diff: 59, Sum: 63, Workers: 5
[18.433s][debug][gc,phases      ] GC(95)       VM weak                   Min:  0.0, Avg:  0.0, Max:  0.0, Diff:  0.0, Sum:  0.0, Workers: 5
[18.433s][debug][gc,phases      ] GC(95)         Dead                      Min: 0, Avg:  0.0, Max: 0, Diff: 0, Sum: 0, Workers: 5
[18.433s][debug][gc,phases      ] GC(95)         Total                     Min: 0, Avg: 44.0, Max: 128, Diff: 128, Sum: 220, Workers: 5
[18.433s][debug][gc,phases      ] GC(95)       StringTable weak          Min:  0.0, Avg:  0.0, Max:  0.0, Diff:  0.0, Sum:  0.1, Workers: 5
[18.433s][debug][gc,phases      ] GC(95)         Dead                      Min: 0, Avg:  0.0, Max: 0, Diff: 0, Sum: 0, Workers: 5
[18.433s][debug][gc,phases      ] GC(95)         Total                     Min: 0, Avg: 718.4, Max: 1664, Diff: 1664, Sum: 3592, Workers: 5
[18.433s][debug][gc,phases      ] GC(95)       ResolvedMethodTable weak  Min:  0.0, Avg:  0.0, Max:  0.0, Diff:  0.0, Sum:  0.0, Workers: 5
[18.433s][debug][gc,phases      ] GC(95)         Dead                      Min: 0, Avg:  0.0, Max: 0, Diff: 0, Sum: 0, Workers: 5
[18.433s][debug][gc,phases      ] GC(95)         Total                     Min: 0, Avg: 116.6, Max: 199, Diff: 199, Sum: 583, Workers: 5
[18.433s][debug][gc,phases      ] GC(95)     Merge Per-Thread State: 0.0ms
[18.433s][debug][gc,phases      ] GC(95)       Copied Bytes              Min: 0, Avg: 56.0, Max: 128, Diff: 128, Sum: 448, Workers: 8
[18.433s][debug][gc,phases      ] GC(95)       LAB Waste                 Min: 0, Avg:  0.0, Max: 0, Diff: 0, Sum: 0, Workers: 8
[18.433s][debug][gc,phases      ] GC(95)       LAB Undo Waste            Min: 0, Avg:  0.0, Max: 0, Diff: 0, Sum: 0, Workers: 8
[18.433s][debug][gc,phases      ] GC(95)     Code Roots Purge: 0.0ms
[18.433s][debug][gc,phases      ] GC(95)     Redirty Cards: 0.0ms
[18.433s][debug][gc,phases      ] GC(95)     DerivedPointerTable Update: 0.0ms
[18.433s][debug][gc,phases      ] GC(95)     Free Collection Set: 0.1ms
[18.433s][debug][gc,phases      ] GC(95)     Rebuild Free List: 0.1ms
[18.433s][debug][gc,phases      ] GC(95)     Humongous Reclaim: 0.0ms
[18.433s][debug][gc,phases      ] GC(95)     Start New Collection Set: 0.0ms
[18.433s][debug][gc,phases      ] GC(95)     Resize TLABs: 0.0ms
[18.433s][debug][gc,phases      ] GC(95)     Expand Heap After Collection: 0.0ms
[18.433s][info ][gc,phases      ] GC(95)   Other: 0.4ms
[18.433s][info ][gc,heap        ] GC(95) Eden regions: 186->0(186)
[18.433s][info ][gc,heap        ] GC(95) Survivor regions: 1->1(24)
[18.433s][info ][gc,heap        ] GC(95) Old regions: 7->7
[18.433s][info ][gc,heap        ] GC(95) Archive regions: 2->2
[18.433s][info ][gc,heap        ] GC(95) Humongous regions: 0->0
[18.433s][info ][gc,metaspace   ] GC(95) Metaspace: 10391K(10880K)->10391K(10880K) NonClass: 9188K(9472K)->9188K(9472K) Class: 1202K(1408K)->1202K(1408K)
[18.433s][debug][gc,heap        ] GC(95) Heap after GC invocations=96 (full 1): garbage-first heap   total 319488K, used 4338K [0x0000000700000000, 0x0000000800000000)
[18.433s][debug][gc,heap        ] GC(95)   region size 1024K, 1 young (1024K), 1 survivors (1024K)
[18.433s][debug][gc,heap        ] GC(95)  Metaspace       used 10391K, capacity 10712K, committed 10880K, reserved 1058816K
[18.433s][debug][gc,heap        ] GC(95)   class space    used 1202K, capacity 1338K, committed 1408K, reserved 1048576K
[18.433s][info ][gc             ] GC(95) Pause Young (Normal) (G1 Evacuation Pause) 190M->4M(312M) 1.897ms
[18.433s][info ][gc,cpu         ] GC(95) User=0.00s Sys=0.00s Real=0.00s
[18.433s][info ][safepoint      ] Safepoint "G1CollectForAllocation", Time since last: 161778955 ns, Reaching safepoint: 165391 ns, At safepoint: 2099511 ns, Total: 2264902 ns
[18.580s][debug][gc,heap        ] GC(96) Heap before GC invocations=96 (full 1): garbage-first heap   total 319488K, used 194802K [0x0000000700000000, 0x0000000800000000)
[18.580s][debug][gc,heap        ] GC(96)   region size 1024K, 187 young (191488K), 1 survivors (1024K)
[18.580s][debug][gc,heap        ] GC(96)  Metaspace       used 10391K, capacity 10712K, committed 10880K, reserved 1058816K
[18.580s][debug][gc,heap        ] GC(96)   class space    used 1202K, capacity 1338K, committed 1408K, reserved 1048576K
[18.580s][info ][gc,start       ] GC(96) Pause Young (Normal) (G1 Evacuation Pause)
[18.580s][info ][gc,task        ] GC(96) Using 8 workers of 8 for evacuation
[18.580s][debug][gc,tlab        ] GC(96) TLAB totals: thrds: 8  refills: 746 max: 112 slow allocs: 0 max 0 waste:  1.3% gc: 2030552B max: 449048B slow: 431096B max: 64440B fast: 0B max: 0B
[18.580s][debug][gc,age         ] GC(96) Desired survivor size 12582912 bytes, new threshold 15 (max threshold 15)
[18.580s][debug][gc,alloc,region] GC(96) Mutator Allocation stats, regions: 186, wasted size: 0B ( 0.0%)
[18.580s][debug][gc,ergo        ] GC(96) Running G1 Merge Heap Roots using 8 workers for 187 regions
[18.580s][debug][gc,remset      ] GC(96) Visited cards 256 Total dirty 2048 (12.50%) Total old 784384 (0.03%)
[18.580s][debug][gc,ergo        ] GC(96) Running G1 Clear Card Table Task using 1 workers for 1 units of work for 188 regions.
[18.580s][debug][gc,ref         ] GC(96) Skipped phase1 of Reference Processing due to unavailable references
[18.580s][debug][gc,ref         ] GC(96) Skipped phase2 of Reference Processing due to unavailable references
[18.580s][debug][gc,ref         ] GC(96) Skipped phase3 of Reference Processing due to unavailable references
[18.580s][debug][gc,ref         ] GC(96) Skipped phase4 of Reference Processing due to unavailable references
[18.581s][debug][gc,ergo        ] GC(96) Running G1 Free Collection Set using 8 workers for collection set length 187 (312)
[18.581s][debug][gc,ergo        ] GC(96) Running G1 Rebuild Free List Task using 8 workers for rebuilding free list of 0 (4096) regions
[18.581s][trace][gc,age         ] GC(96) Age table with threshold 15 (max threshold 15)
[18.581s][trace][gc,age         ] GC(96) - age   1:        664 bytes,        664 total
[18.581s][debug][gc,plab        ] GC(96) Young PLAB allocation: allocated: 12384B, wasted: 0B, unused: 11720B, used: 664B, undo waste: 0B, 
[18.581s][debug][gc,plab        ] GC(96) Young other allocation: region end waste: 0B, regions filled: 1, direct allocated: 0B, failure used: 0B, failure wasted: 0B
[18.581s][debug][gc,plab        ] GC(96) Young sizing: calculated: 128B, actual: 2064B
[18.581s][debug][gc,plab        ] GC(96) Old PLAB allocation: allocated: 0B, wasted: 0B, unused: 0B, used: 0B, undo waste: 0B, 
[18.581s][debug][gc,plab        ] GC(96) Old other allocation: region end waste: 0B, regions filled: 1, direct allocated: 0B, failure used: 0B, failure wasted: 0B
[18.581s][debug][gc,plab        ] GC(96) Old sizing: calculated: 0B, actual: 2064B
[18.581s][debug][gc,ihop        ] GC(96) Basic information (value update), threshold: 147220070B (45.00), target occupancy: 327155712B, current occupancy: 4440744B, recent allocation size: 0B, recent allocation duration: 147.61ms, recent old gen allocation rate: 0.00B/s, recent marking phase length: 0.00ms
[18.581s][debug][gc,ihop        ] GC(96) Adaptive IHOP information (value update), threshold: 147220070B (47.37), internal target occupancy: 310797926B, occupancy: 4440744B, additional buffer size: 196083712B, predicted old gen allocation rate: 9267.50B/s, predicted marking phase length: 0.00ms, prediction active: false
[18.581s][debug][gc,ergo,refine ] GC(96) Concurrent refinement times: Logged Cards Scan time goal: 20.00ms Logged Cards Scan time: 0.00ms HCC time: 0.00ms
[18.581s][debug][gc,ergo,refine ] GC(96) Updated Refinement Zones: green: 2048, yellow: 6144, red: 10240
[18.581s][info ][gc,phases      ] GC(96)   Pre Evacuate Collection Set: 0.1ms
[18.581s][debug][gc,phases      ] GC(96)     Prepare TLABs: 0.0ms
[18.581s][debug][gc,phases      ] GC(96)     Choose Collection Set: 0.0ms
[18.581s][debug][gc,phases      ] GC(96)     Region Register: 0.1ms
[18.581s][debug][gc,phases      ] GC(96)     Prepare Heap Roots: 0.0ms
[18.581s][info ][gc,phases      ] GC(96)   Merge Heap Roots: 0.1ms
[18.581s][debug][gc,phases      ] GC(96)     Prepare Merge Heap Roots: 0.0ms
[18.581s][debug][gc,phases      ] GC(96)     Eager Reclaim (ms):       skipped
[18.581s][debug][gc,phases      ] GC(96)     Remembered Sets (ms):     Min:  0.0, Avg:  0.0, Max:  0.0, Diff:  0.0, Sum:  0.2, Workers: 8
[18.581s][debug][gc,phases      ] GC(96)       Merged Sparse:            Min: 0, Avg:  0.0, Max: 0, Diff: 0, Sum: 0, Workers: 8
[18.581s][debug][gc,phases      ] GC(96)       Merged Fine:              Min: 0, Avg:  0.0, Max: 0, Diff: 0, Sum: 0, Workers: 8
[18.581s][debug][gc,phases      ] GC(96)       Merged Coarse:            Min: 0, Avg:  0.0, Max: 0, Diff: 0, Sum: 0, Workers: 8
[18.581s][debug][gc,phases      ] GC(96)       Dirty Cards:              Min: 0, Avg:  0.0, Max: 0, Diff: 0, Sum: 0, Workers: 8
[18.581s][debug][gc,phases      ] GC(96)     Hot Card Cache (ms):      Min:  0.0, Avg:  0.0, Max:  0.0, Diff:  0.0, Sum:  0.0, Workers: 8
[18.581s][debug][gc,phases      ] GC(96)       Dirty Cards:              Min: 0, Avg:  0.0, Max: 0, Diff: 0, Sum: 0, Workers: 8
[18.581s][debug][gc,phases      ] GC(96)       Skipped Cards:            Min: 0, Avg:  0.0, Max: 0, Diff: 0, Sum: 0, Workers: 8
[18.581s][debug][gc,phases      ] GC(96)     Log Buffers (ms):         Min:  0.0, Avg:  0.0, Max:  0.0, Diff:  0.0, Sum:  0.0, Workers: 8
[18.581s][debug][gc,phases      ] GC(96)       Dirty Cards:              Min: 0, Avg:  0.1, Max: 1, Diff: 1, Sum: 1, Workers: 8
[18.581s][debug][gc,phases      ] GC(96)       Skipped Cards:            Min: 0, Avg:  0.0, Max: 0, Diff: 0, Sum: 0, Workers: 8
[18.581s][info ][gc,phases      ] GC(96)   Evacuate Collection Set: 0.2ms
[18.581s][debug][gc,phases      ] GC(96)     Ext Root Scanning (ms):   Min:  0.0, Avg:  0.0, Max:  0.1, Diff:  0.0, Sum:  0.3, Workers: 8
[18.581s][debug][gc,phases      ] GC(96)     Scan Heap Roots (ms):     Min:  0.0, Avg:  0.0, Max:  0.0, Diff:  0.0, Sum:  0.0, Workers: 8
[18.581s][debug][gc,phases      ] GC(96)       Scanned Cards:            Min: 0, Avg:  0.1, Max: 1, Diff: 1, Sum: 1, Workers: 8
[18.581s][debug][gc,phases      ] GC(96)       Scanned Blocks:           Min: 0, Avg:  0.1, Max: 1, Diff: 1, Sum: 1, Workers: 8
[18.581s][debug][gc,phases      ] GC(96)       Claimed Chunks:           Min: 0, Avg:  0.1, Max: 1, Diff: 1, Sum: 1, Workers: 8
[18.581s][debug][gc,phases      ] GC(96)     Code Root Scan (ms):      Min:  0.0, Avg:  0.0, Max:  0.0, Diff:  0.0, Sum:  0.0, Workers: 8
[18.581s][debug][gc,phases      ] GC(96)     Object Copy (ms):         Min:  0.0, Avg:  0.0, Max:  0.0, Diff:  0.0, Sum:  0.0, Workers: 8
[18.581s][debug][gc,phases      ] GC(96)     Termination (ms):         Min:  0.0, Avg:  0.0, Max:  0.1, Diff:  0.0, Sum:  0.4, Workers: 8
[18.581s][debug][gc,phases      ] GC(96)       Termination Attempts:     Min: 1, Avg:  1.0, Max: 1, Diff: 0, Sum: 8, Workers: 8
[18.581s][debug][gc,phases      ] GC(96)     GC Worker Other (ms):     Min:  0.0, Avg:  0.0, Max:  0.0, Diff:  0.0, Sum:  0.2, Workers: 8
[18.581s][debug][gc,phases      ] GC(96)     GC Worker Total (ms):     Min:  0.1, Avg:  0.1, Max:  0.2, Diff:  0.1, Sum:  0.9, Workers: 8
[18.581s][info ][gc,phases      ] GC(96)   Post Evacuate Collection Set: 0.5ms
[18.581s][debug][gc,phases      ] GC(96)     Code Roots Fixup: 0.0ms
[18.581s][debug][gc,phases      ] GC(96)     Clear Card Table: 0.1ms
[18.581s][debug][gc,phases      ] GC(96)     Reference Processing: 0.0ms
[18.581s][debug][gc,phases,ref  ] GC(96)       Reconsider SoftReferences: 0.0ms
[18.581s][debug][gc,phases,ref  ] GC(96)         SoftRef (ms):             skipped
[18.581s][debug][gc,phases,ref  ] GC(96)       Notify Soft/WeakReferences: 0.0ms
[18.581s][debug][gc,phases,ref  ] GC(96)         SoftRef (ms):             skipped
[18.581s][debug][gc,phases,ref  ] GC(96)         WeakRef (ms):             skipped
[18.581s][debug][gc,phases,ref  ] GC(96)         FinalRef (ms):            skipped
[18.581s][debug][gc,phases,ref  ] GC(96)         Total (ms):               skipped
[18.581s][debug][gc,phases,ref  ] GC(96)       Notify and keep alive finalizable: 0.0ms
[18.581s][debug][gc,phases,ref  ] GC(96)         FinalRef (ms):            skipped
[18.581s][debug][gc,phases,ref  ] GC(96)       Notify PhantomReferences: 0.0ms
[18.581s][debug][gc,phases,ref  ] GC(96)         PhantomRef (ms):          skipped
[18.581s][debug][gc,phases,ref  ] GC(96)       SoftReference:
[18.581s][debug][gc,phases,ref  ] GC(96)         Discovered: 0
[18.581s][debug][gc,phases,ref  ] GC(96)         Cleared: 0
[18.581s][debug][gc,phases,ref  ] GC(96)       WeakReference:
[18.581s][debug][gc,phases,ref  ] GC(96)         Discovered: 0
[18.581s][debug][gc,phases,ref  ] GC(96)         Cleared: 0
[18.581s][debug][gc,phases,ref  ] GC(96)       FinalReference:
[18.581s][debug][gc,phases,ref  ] GC(96)         Discovered: 0
[18.581s][debug][gc,phases,ref  ] GC(96)         Cleared: 0
[18.581s][debug][gc,phases,ref  ] GC(96)       PhantomReference:
[18.581s][debug][gc,phases,ref  ] GC(96)         Discovered: 0
[18.581s][debug][gc,phases,ref  ] GC(96)         Cleared: 0
[18.581s][debug][gc,phases      ] GC(96)     Weak Processing: 0.1ms
[18.581s][debug][gc,phases      ] GC(96)       JVMTI weak processing: 0.0ms
[18.581s][debug][gc,phases      ] GC(96)         Dead: 0
[18.581s][debug][gc,phases      ] GC(96)         Total: 0
[18.581s][debug][gc,phases      ] GC(96)       JFR weak processing: 0.0ms
[18.581s][debug][gc,phases      ] GC(96)         Dead: 0
[18.581s][debug][gc,phases      ] GC(96)         Total: 0
[18.581s][debug][gc,phases      ] GC(96)       JNI weak                  Min:  0.0, Avg:  0.0, Max:  0.0, Diff:  0.0, Sum:  0.1, Workers: 5
[18.581s][debug][gc,phases      ] GC(96)         Dead                      Min: 0, Avg:  0.0, Max: 0, Diff: 0, Sum: 0, Workers: 5
[18.581s][debug][gc,phases      ] GC(96)         Total                     Min: 0, Avg: 12.6, Max: 63, Diff: 63, Sum: 63, Workers: 5
[18.581s][debug][gc,phases      ] GC(96)       VM weak                   Min:  0.0, Avg:  0.0, Max:  0.0, Diff:  0.0, Sum:  0.0, Workers: 5
[18.581s][debug][gc,phases      ] GC(96)         Dead                      Min: 0, Avg:  0.0, Max: 0, Diff: 0, Sum: 0, Workers: 5
[18.581s][debug][gc,phases      ] GC(96)         Total                     Min: 0, Avg: 44.0, Max: 220, Diff: 220, Sum: 220, Workers: 5
[18.581s][debug][gc,phases      ] GC(96)       StringTable weak          Min:  0.0, Avg:  0.0, Max:  0.1, Diff:  0.1, Sum:  0.1, Workers: 5
[18.582s][debug][gc,phases      ] GC(96)         Dead                      Min: 0, Avg:  0.0, Max: 0, Diff: 0, Sum: 0, Workers: 5
[18.582s][debug][gc,phases      ] GC(96)         Total                     Min: 0, Avg: 718.4, Max: 2696, Diff: 2696, Sum: 3592, Workers: 5
[18.582s][debug][gc,phases      ] GC(96)       ResolvedMethodTable weak  Min:  0.0, Avg:  0.0, Max:  0.0, Diff:  0.0, Sum:  0.1, Workers: 5
[18.582s][debug][gc,phases      ] GC(96)         Dead                      Min: 0, Avg:  0.0, Max: 0, Diff: 0, Sum: 0, Workers: 5
[18.582s][debug][gc,phases      ] GC(96)         Total                     Min: 7, Avg: 116.6, Max: 192, Diff: 185, Sum: 583, Workers: 5
[18.582s][debug][gc,phases      ] GC(96)     Merge Per-Thread State: 0.0ms
[18.582s][debug][gc,phases      ] GC(96)       Copied Bytes              Min: 0, Avg: 83.0, Max: 208, Diff: 208, Sum: 664, Workers: 8
[18.582s][debug][gc,phases      ] GC(96)       LAB Waste                 Min: 0, Avg:  0.0, Max: 0, Diff: 0, Sum: 0, Workers: 8
[18.582s][debug][gc,phases      ] GC(96)       LAB Undo Waste            Min: 0, Avg:  0.0, Max: 0, Diff: 0, Sum: 0, Workers: 8
[18.582s][debug][gc,phases      ] GC(96)     Code Roots Purge: 0.0ms
[18.582s][debug][gc,phases      ] GC(96)     Redirty Cards: 0.0ms
[18.582s][debug][gc,phases      ] GC(96)     DerivedPointerTable Update: 0.0ms
[18.582s][debug][gc,phases      ] GC(96)     Free Collection Set: 0.2ms
[18.582s][debug][gc,phases      ] GC(96)     Rebuild Free List: 0.1ms
[18.582s][debug][gc,phases      ] GC(96)     Humongous Reclaim: 0.0ms
[18.582s][debug][gc,phases      ] GC(96)     Start New Collection Set: 0.0ms
[18.582s][debug][gc,phases      ] GC(96)     Resize TLABs: 0.0ms
[18.582s][debug][gc,phases      ] GC(96)     Expand Heap After Collection: 0.0ms
[18.582s][info ][gc,phases      ] GC(96)   Other: 0.3ms
[18.582s][info ][gc,heap        ] GC(96) Eden regions: 186->0(186)
[18.582s][info ][gc,heap        ] GC(96) Survivor regions: 1->1(24)
[18.582s][info ][gc,heap        ] GC(96) Old regions: 7->7
[18.582s][info ][gc,heap        ] GC(96) Archive regions: 2->2
[18.582s][info ][gc,heap        ] GC(96) Humongous regions: 0->0
[18.582s][info ][gc,metaspace   ] GC(96) Metaspace: 10391K(10880K)->10391K(10880K) NonClass: 9188K(9472K)->9188K(9472K) Class: 1202K(1408K)->1202K(1408K)
[18.582s][debug][gc,heap        ] GC(96) Heap after GC invocations=97 (full 1): garbage-first heap   total 319488K, used 4336K [0x0000000700000000, 0x0000000800000000)
[18.582s][debug][gc,heap        ] GC(96)   region size 1024K, 1 young (1024K), 1 survivors (1024K)
[18.582s][debug][gc,heap        ] GC(96)  Metaspace       used 10391K, capacity 10712K, committed 10880K, reserved 1058816K
[18.582s][debug][gc,heap        ] GC(96)   class space    used 1202K, capacity 1338K, committed 1408K, reserved 1048576K
[18.582s][info ][gc             ] GC(96) Pause Young (Normal) (G1 Evacuation Pause) 190M->4M(312M) 2.034ms
[18.582s][info ][gc,cpu         ] GC(96) User=0.00s Sys=0.00s Real=0.00s
[18.582s][info ][safepoint      ] Safepoint "G1CollectForAllocation", Time since last: 146261200 ns, Reaching safepoint: 190966 ns, At safepoint: 2235902 ns, Total: 2426868 ns
[18.726s][debug][gc,heap        ] GC(97) Heap before GC invocations=97 (full 1): garbage-first heap   total 319488K, used 194800K [0x0000000700000000, 0x0000000800000000)
[18.726s][debug][gc,heap        ] GC(97)   region size 1024K, 187 young (191488K), 1 survivors (1024K)
[18.726s][debug][gc,heap        ] GC(97)  Metaspace       used 10391K, capacity 10712K, committed 10880K, reserved 1058816K
[18.726s][debug][gc,heap        ] GC(97)   class space    used 1202K, capacity 1338K, committed 1408K, reserved 1048576K
[18.726s][info ][gc,start       ] GC(97) Pause Young (Normal) (G1 Evacuation Pause)
[18.726s][info ][gc,task        ] GC(97) Using 8 workers of 8 for evacuation
[18.726s][debug][gc,tlab        ] GC(97) TLAB totals: thrds: 8  refills: 750 max: 126 slow allocs: 0 max 0 waste:  0.7% gc: 1004152B max: 368728B slow: 433840B max: 73184B fast: 0B max: 0B
[18.726s][debug][gc,age         ] GC(97) Desired survivor size 12582912 bytes, new threshold 15 (max threshold 15)
[18.726s][debug][gc,alloc,region] GC(97) Mutator Allocation stats, regions: 186, wasted size: 0B ( 0.0%)
[18.727s][debug][gc,ergo        ] GC(97) Running G1 Merge Heap Roots using 8 workers for 187 regions
[18.727s][debug][gc,remset      ] GC(97) Visited cards 256 Total dirty 2048 (12.50%) Total old 784384 (0.03%)
[18.727s][debug][gc,ergo        ] GC(97) Running G1 Clear Card Table Task using 1 workers for 1 units of work for 188 regions.
[18.727s][debug][gc,ref         ] GC(97) Skipped phase1 of Reference Processing due to unavailable references
[18.727s][debug][gc,ref         ] GC(97) Skipped phase2 of Reference Processing due to unavailable references
[18.727s][debug][gc,ref         ] GC(97) Skipped phase3 of Reference Processing due to unavailable references
[18.727s][debug][gc,ref         ] GC(97) Skipped phase4 of Reference Processing due to unavailable references
[18.727s][debug][gc,ergo        ] GC(97) Running G1 Free Collection Set using 8 workers for collection set length 187 (312)
[18.727s][debug][gc,ergo        ] GC(97) Running G1 Rebuild Free List Task using 8 workers for rebuilding free list of 0 (4096) regions
[18.727s][trace][gc,age         ] GC(97) Age table with threshold 15 (max threshold 15)
[18.727s][trace][gc,age         ] GC(97) - age   1:        528 bytes,        528 total
[18.727s][debug][gc,plab        ] GC(97) Young PLAB allocation: allocated: 10320B, wasted: 0B, unused: 9792B, used: 528B, undo waste: 0B, 
[18.727s][debug][gc,plab        ] GC(97) Young other allocation: region end waste: 0B, regions filled: 1, direct allocated: 0B, failure used: 0B, failure wasted: 0B
[18.727s][debug][gc,plab        ] GC(97) Young sizing: calculated: 104B, actual: 2064B
[18.727s][debug][gc,plab        ] GC(97) Old PLAB allocation: allocated: 0B, wasted: 0B, unused: 0B, used: 0B, undo waste: 0B, 
[18.727s][debug][gc,plab        ] GC(97) Old other allocation: region end waste: 0B, regions filled: 1, direct allocated: 0B, failure used: 0B, failure wasted: 0B
[18.727s][debug][gc,plab        ] GC(97) Old sizing: calculated: 0B, actual: 2064B
[18.727s][debug][gc,ihop        ] GC(97) Basic information (value update), threshold: 147220070B (45.00), target occupancy: 327155712B, current occupancy: 4438680B, recent allocation size: 0B, recent allocation duration: 145.58ms, recent old gen allocation rate: 0.00B/s, recent marking phase length: 0.00ms
[18.727s][debug][gc,ihop        ] GC(97) Adaptive IHOP information (value update), threshold: 147220070B (47.37), internal target occupancy: 310797926B, occupancy: 4438680B, additional buffer size: 196083712B, predicted old gen allocation rate: 8992.96B/s, predicted marking phase length: 0.00ms, prediction active: false
[18.727s][debug][gc,ergo,refine ] GC(97) Concurrent refinement times: Logged Cards Scan time goal: 20.00ms Logged Cards Scan time: 0.00ms HCC time: 0.00ms
[18.727s][debug][gc,ergo,refine ] GC(97) Updated Refinement Zones: green: 2048, yellow: 6144, red: 10240
[18.727s][info ][gc,phases      ] GC(97)   Pre Evacuate Collection Set: 0.1ms
[18.727s][debug][gc,phases      ] GC(97)     Prepare TLABs: 0.0ms
[18.727s][debug][gc,phases      ] GC(97)     Choose Collection Set: 0.0ms
[18.727s][debug][gc,phases      ] GC(97)     Region Register: 0.1ms
[18.727s][debug][gc,phases      ] GC(97)     Prepare Heap Roots: 0.0ms
[18.727s][info ][gc,phases      ] GC(97)   Merge Heap Roots: 0.1ms
[18.727s][debug][gc,phases      ] GC(97)     Prepare Merge Heap Roots: 0.0ms
[18.727s][debug][gc,phases      ] GC(97)     Eager Reclaim (ms):       skipped
[18.727s][debug][gc,phases      ] GC(97)     Remembered Sets (ms):     Min:  0.0, Avg:  0.0, Max:  0.0, Diff:  0.0, Sum:  0.1, Workers: 8
[18.728s][debug][gc,phases      ] GC(97)       Merged Sparse:            Min: 0, Avg:  0.0, Max: 0, Diff: 0, Sum: 0, Workers: 8
[18.728s][debug][gc,phases      ] GC(97)       Merged Fine:              Min: 0, Avg:  0.0, Max: 0, Diff: 0, Sum: 0, Workers: 8
[18.728s][debug][gc,phases      ] GC(97)       Merged Coarse:            Min: 0, Avg:  0.0, Max: 0, Diff: 0, Sum: 0, Workers: 8
[18.728s][debug][gc,phases      ] GC(97)       Dirty Cards:              Min: 0, Avg:  0.0, Max: 0, Diff: 0, Sum: 0, Workers: 8
[18.728s][debug][gc,phases      ] GC(97)     Hot Card Cache (ms):      Min:  0.0, Avg:  0.0, Max:  0.0, Diff:  0.0, Sum:  0.0, Workers: 8
[18.728s][debug][gc,phases      ] GC(97)       Dirty Cards:              Min: 0, Avg:  0.0, Max: 0, Diff: 0, Sum: 0, Workers: 8
[18.728s][debug][gc,phases      ] GC(97)       Skipped Cards:            Min: 0, Avg:  0.0, Max: 0, Diff: 0, Sum: 0, Workers: 8
[18.728s][debug][gc,phases      ] GC(97)     Log Buffers (ms):         Min:  0.0, Avg:  0.0, Max:  0.0, Diff:  0.0, Sum:  0.0, Workers: 8
[18.728s][debug][gc,phases      ] GC(97)       Dirty Cards:              Min: 0, Avg:  0.1, Max: 1, Diff: 1, Sum: 1, Workers: 8
[18.728s][debug][gc,phases      ] GC(97)       Skipped Cards:            Min: 0, Avg:  0.0, Max: 0, Diff: 0, Sum: 0, Workers: 8
[18.728s][info ][gc,phases      ] GC(97)   Evacuate Collection Set: 0.2ms
[18.728s][debug][gc,phases      ] GC(97)     Ext Root Scanning (ms):   Min:  0.0, Avg:  0.1, Max:  0.1, Diff:  0.1, Sum:  0.4, Workers: 8
[18.728s][debug][gc,phases      ] GC(97)     Scan Heap Roots (ms):     Min:  0.0, Avg:  0.0, Max:  0.0, Diff:  0.0, Sum:  0.0, Workers: 8
[18.728s][debug][gc,phases      ] GC(97)       Scanned Cards:            Min: 0, Avg:  0.1, Max: 1, Diff: 1, Sum: 1, Workers: 8
[18.728s][debug][gc,phases      ] GC(97)       Scanned Blocks:           Min: 0, Avg:  0.1, Max: 1, Diff: 1, Sum: 1, Workers: 8
[18.728s][debug][gc,phases      ] GC(97)       Claimed Chunks:           Min: 0, Avg:  0.1, Max: 1, Diff: 1, Sum: 1, Workers: 8
[18.728s][debug][gc,phases      ] GC(97)     Code Root Scan (ms):      Min:  0.0, Avg:  0.0, Max:  0.0, Diff:  0.0, Sum:  0.0, Workers: 8
[18.728s][debug][gc,phases      ] GC(97)     Object Copy (ms):         Min:  0.0, Avg:  0.0, Max:  0.0, Diff:  0.0, Sum:  0.0, Workers: 8
[18.728s][debug][gc,phases      ] GC(97)     Termination (ms):         Min:  0.0, Avg:  0.1, Max:  0.1, Diff:  0.0, Sum:  0.4, Workers: 8
[18.728s][debug][gc,phases      ] GC(97)       Termination Attempts:     Min: 1, Avg:  1.0, Max: 1, Diff: 0, Sum: 8, Workers: 8
[18.728s][debug][gc,phases      ] GC(97)     GC Worker Other (ms):     Min:  0.0, Avg:  0.0, Max:  0.1, Diff:  0.0, Sum:  0.2, Workers: 8
[18.728s][debug][gc,phases      ] GC(97)     GC Worker Total (ms):     Min:  0.1, Avg:  0.1, Max:  0.2, Diff:  0.1, Sum:  1.1, Workers: 8
[18.728s][info ][gc,phases      ] GC(97)   Post Evacuate Collection Set: 0.4ms
[18.728s][debug][gc,phases      ] GC(97)     Code Roots Fixup: 0.0ms
[18.728s][debug][gc,phases      ] GC(97)     Clear Card Table: 0.1ms
[18.728s][debug][gc,phases      ] GC(97)     Reference Processing: 0.1ms
[18.728s][debug][gc,phases,ref  ] GC(97)       Reconsider SoftReferences: 0.0ms
[18.728s][debug][gc,phases,ref  ] GC(97)         SoftRef (ms):             skipped
[18.728s][debug][gc,phases,ref  ] GC(97)       Notify Soft/WeakReferences: 0.0ms
[18.728s][debug][gc,phases,ref  ] GC(97)         SoftRef (ms):             skipped
[18.728s][debug][gc,phases,ref  ] GC(97)         WeakRef (ms):             skipped
[18.728s][debug][gc,phases,ref  ] GC(97)         FinalRef (ms):            skipped
[18.728s][debug][gc,phases,ref  ] GC(97)         Total (ms):               skipped
[18.728s][debug][gc,phases,ref  ] GC(97)       Notify and keep alive finalizable: 0.0ms
[18.728s][debug][gc,phases,ref  ] GC(97)         FinalRef (ms):            skipped
[18.728s][debug][gc,phases,ref  ] GC(97)       Notify PhantomReferences: 0.0ms
[18.728s][debug][gc,phases,ref  ] GC(97)         PhantomRef (ms):          skipped
[18.728s][debug][gc,phases,ref  ] GC(97)       SoftReference:
[18.728s][debug][gc,phases,ref  ] GC(97)         Discovered: 0
[18.728s][debug][gc,phases,ref  ] GC(97)         Cleared: 0
[18.728s][debug][gc,phases,ref  ] GC(97)       WeakReference:
[18.728s][debug][gc,phases,ref  ] GC(97)         Discovered: 0
[18.728s][debug][gc,phases,ref  ] GC(97)         Cleared: 0
[18.728s][debug][gc,phases,ref  ] GC(97)       FinalReference:
[18.728s][debug][gc,phases,ref  ] GC(97)         Discovered: 0
[18.728s][debug][gc,phases,ref  ] GC(97)         Cleared: 0
[18.728s][debug][gc,phases,ref  ] GC(97)       PhantomReference:
[18.728s][debug][gc,phases,ref  ] GC(97)         Discovered: 0
[18.728s][debug][gc,phases,ref  ] GC(97)         Cleared: 0
[18.728s][debug][gc,phases      ] GC(97)     Weak Processing: 0.0ms
[18.728s][debug][gc,phases      ] GC(97)       JVMTI weak processing: 0.0ms
[18.728s][debug][gc,phases      ] GC(97)         Dead: 0
[18.728s][debug][gc,phases      ] GC(97)         Total: 0
[18.728s][debug][gc,phases      ] GC(97)       JFR weak processing: 0.0ms
[18.728s][debug][gc,phases      ] GC(97)         Dead: 0
[18.728s][debug][gc,phases      ] GC(97)         Total: 0
[18.728s][debug][gc,phases      ] GC(97)       JNI weak                  Min:  0.0, Avg:  0.0, Max:  0.0, Diff:  0.0, Sum:  0.0, Workers: 5
[18.728s][debug][gc,phases      ] GC(97)         Dead                      Min: 0, Avg:  0.0, Max: 0, Diff: 0, Sum: 0, Workers: 5
[18.728s][debug][gc,phases      ] GC(97)         Total                     Min: 0, Avg: 12.6, Max: 59, Diff: 59, Sum: 63, Workers: 5
[18.728s][debug][gc,phases      ] GC(97)       VM weak                   Min:  0.0, Avg:  0.0, Max:  0.0, Diff:  0.0, Sum:  0.0, Workers: 5
[18.728s][debug][gc,phases      ] GC(97)         Dead                      Min: 0, Avg:  0.0, Max: 0, Diff: 0, Sum: 0, Workers: 5
[18.728s][debug][gc,phases      ] GC(97)         Total                     Min: 0, Avg: 44.0, Max: 92, Diff: 92, Sum: 220, Workers: 5
[18.728s][debug][gc,phases      ] GC(97)       StringTable weak          Min:  0.0, Avg:  0.0, Max:  0.0, Diff:  0.0, Sum:  0.1, Workers: 5
[18.728s][debug][gc,phases      ] GC(97)         Dead                      Min: 0, Avg:  0.0, Max: 0, Diff: 0, Sum: 0, Workers: 5
[18.728s][debug][gc,phases      ] GC(97)         Total                     Min: 0, Avg: 718.4, Max: 1216, Diff: 1216, Sum: 3592, Workers: 5
[18.728s][debug][gc,phases      ] GC(97)       ResolvedMethodTable weak  Min:  0.0, Avg:  0.0, Max:  0.0, Diff:  0.0, Sum:  0.0, Workers: 5
[18.728s][debug][gc,phases      ] GC(97)         Dead                      Min: 0, Avg:  0.0, Max: 0, Diff: 0, Sum: 0, Workers: 5
[18.728s][debug][gc,phases      ] GC(97)         Total                     Min: 0, Avg: 116.6, Max: 199, Diff: 199, Sum: 583, Workers: 5
[18.728s][debug][gc,phases      ] GC(97)     Merge Per-Thread State: 0.0ms
[18.728s][debug][gc,phases      ] GC(97)       Copied Bytes              Min: 0, Avg: 66.0, Max: 176, Diff: 176, Sum: 528, Workers: 8
[18.728s][debug][gc,phases      ] GC(97)       LAB Waste                 Min: 0, Avg:  0.0, Max: 0, Diff: 0, Sum: 0, Workers: 8
[18.728s][debug][gc,phases      ] GC(97)       LAB Undo Waste            Min: 0, Avg:  0.0, Max: 0, Diff: 0, Sum: 0, Workers: 8
[18.728s][debug][gc,phases      ] GC(97)     Code Roots Purge: 0.0ms
[18.728s][debug][gc,phases      ] GC(97)     Redirty Cards: 0.0ms
[18.728s][debug][gc,phases      ] GC(97)     DerivedPointerTable Update: 0.0ms
[18.728s][debug][gc,phases      ] GC(97)     Free Collection Set: 0.1ms
[18.728s][debug][gc,phases      ] GC(97)     Rebuild Free List: 0.0ms
[18.728s][debug][gc,phases      ] GC(97)     Humongous Reclaim: 0.0ms
[18.728s][debug][gc,phases      ] GC(97)     Start New Collection Set: 0.0ms
[18.728s][debug][gc,phases      ] GC(97)     Resize TLABs: 0.0ms
[18.728s][debug][gc,phases      ] GC(97)     Expand Heap After Collection: 0.0ms
[18.728s][info ][gc,phases      ] GC(97)   Other: 0.4ms
[18.728s][info ][gc,heap        ] GC(97) Eden regions: 186->0(186)
[18.728s][info ][gc,heap        ] GC(97) Survivor regions: 1->1(24)
[18.728s][info ][gc,heap        ] GC(97) Old regions: 7->7
[18.728s][info ][gc,heap        ] GC(97) Archive regions: 2->2
[18.728s][info ][gc,heap        ] GC(97) Humongous regions: 0->0
[18.728s][info ][gc,metaspace   ] GC(97) Metaspace: 10391K(10880K)->10391K(10880K) NonClass: 9188K(9472K)->9188K(9472K) Class: 1202K(1408K)->1202K(1408K)
[18.728s][debug][gc,heap        ] GC(97) Heap after GC invocations=98 (full 1): garbage-first heap   total 319488K, used 4334K [0x0000000700000000, 0x0000000800000000)
[18.728s][debug][gc,heap        ] GC(97)   region size 1024K, 1 young (1024K), 1 survivors (1024K)
[18.728s][debug][gc,heap        ] GC(97)  Metaspace       used 10391K, capacity 10712K, committed 10880K, reserved 1058816K
[18.728s][debug][gc,heap        ] GC(97)   class space    used 1202K, capacity 1338K, committed 1408K, reserved 1048576K
[18.728s][info ][gc             ] GC(97) Pause Young (Normal) (G1 Evacuation Pause) 190M->4M(312M) 1.951ms
[18.728s][info ][gc,cpu         ] GC(97) User=0.00s Sys=0.00s Real=0.00s
[18.728s][info ][safepoint      ] Safepoint "G1CollectForAllocation", Time since last: 144245062 ns, Reaching safepoint: 116943 ns, At safepoint: 2155045 ns, Total: 2271988 ns
[18.889s][debug][gc,heap        ] GC(98) Heap before GC invocations=98 (full 1): garbage-first heap   total 319488K, used 194798K [0x0000000700000000, 0x0000000800000000)
[18.889s][debug][gc,heap        ] GC(98)   region size 1024K, 187 young (191488K), 1 survivors (1024K)
[18.889s][debug][gc,heap        ] GC(98)  Metaspace       used 10391K, capacity 10712K, committed 10880K, reserved 1058816K
[18.889s][debug][gc,heap        ] GC(98)   class space    used 1202K, capacity 1338K, committed 1408K, reserved 1048576K
[18.889s][info ][gc,start       ] GC(98) Pause Young (Normal) (G1 Evacuation Pause)
[18.889s][info ][gc,task        ] GC(98) Using 8 workers of 8 for evacuation
[18.889s][debug][gc,tlab        ] GC(98) TLAB totals: thrds: 8  refills: 746 max: 112 slow allocs: 0 max 0 waste:  1.0% gc: 1535912B max: 471136B slow: 431256B max: 64760B fast: 0B max: 0B
[18.889s][debug][gc,age         ] GC(98) Desired survivor size 12582912 bytes, new threshold 15 (max threshold 15)
[18.889s][debug][gc,alloc,region] GC(98) Mutator Allocation stats, regions: 186, wasted size: 0B ( 0.0%)
[18.889s][debug][gc,ergo        ] GC(98) Running G1 Merge Heap Roots using 8 workers for 187 regions
[18.889s][debug][gc,remset      ] GC(98) Visited cards 256 Total dirty 2048 (12.50%) Total old 784384 (0.03%)
[18.889s][debug][gc,ergo        ] GC(98) Running G1 Clear Card Table Task using 1 workers for 1 units of work for 188 regions.
[18.890s][debug][gc,ref         ] GC(98) Skipped phase1 of Reference Processing due to unavailable references
[18.890s][debug][gc,ref         ] GC(98) Skipped phase2 of Reference Processing due to unavailable references
[18.890s][debug][gc,ref         ] GC(98) Skipped phase3 of Reference Processing due to unavailable references
[18.890s][debug][gc,ref         ] GC(98) Skipped phase4 of Reference Processing due to unavailable references
[18.890s][debug][gc,ergo        ] GC(98) Running G1 Free Collection Set using 8 workers for collection set length 187 (312)
[18.890s][debug][gc,ergo        ] GC(98) Running G1 Rebuild Free List Task using 8 workers for rebuilding free list of 0 (4096) regions
[18.890s][trace][gc,age         ] GC(98) Age table with threshold 15 (max threshold 15)
[18.890s][trace][gc,age         ] GC(98) - age   1:        584 bytes,        584 total
[18.890s][debug][gc,plab        ] GC(98) Young PLAB allocation: allocated: 16512B, wasted: 0B, unused: 15928B, used: 584B, undo waste: 0B, 
[18.890s][debug][gc,plab        ] GC(98) Young other allocation: region end waste: 0B, regions filled: 1, direct allocated: 0B, failure used: 0B, failure wasted: 0B
[18.890s][debug][gc,plab        ] GC(98) Young sizing: calculated: 112B, actual: 2064B
[18.890s][debug][gc,plab        ] GC(98) Old PLAB allocation: allocated: 0B, wasted: 0B, unused: 0B, used: 0B, undo waste: 0B, 
[18.890s][debug][gc,plab        ] GC(98) Old other allocation: region end waste: 0B, regions filled: 1, direct allocated: 0B, failure used: 0B, failure wasted: 0B
[18.890s][debug][gc,plab        ] GC(98) Old sizing: calculated: 0B, actual: 2064B
[18.890s][debug][gc,ihop        ] GC(98) Basic information (value update), threshold: 147220070B (45.00), target occupancy: 327155712B, current occupancy: 4444872B, recent allocation size: 0B, recent allocation duration: 161.70ms, recent old gen allocation rate: 0.00B/s, recent marking phase length: 0.00ms
[18.890s][debug][gc,ihop        ] GC(98) Adaptive IHOP information (value update), threshold: 147220070B (47.37), internal target occupancy: 310797926B, occupancy: 4444872B, additional buffer size: 196083712B, predicted old gen allocation rate: 8727.31B/s, predicted marking phase length: 0.00ms, prediction active: false
[18.890s][debug][gc,ergo,refine ] GC(98) Concurrent refinement times: Logged Cards Scan time goal: 20.00ms Logged Cards Scan time: 0.00ms HCC time: 0.00ms
[18.890s][debug][gc,ergo,refine ] GC(98) Updated Refinement Zones: green: 2048, yellow: 6144, red: 10240
[18.890s][info ][gc,phases      ] GC(98)   Pre Evacuate Collection Set: 0.1ms
[18.890s][debug][gc,phases      ] GC(98)     Prepare TLABs: 0.0ms
[18.890s][debug][gc,phases      ] GC(98)     Choose Collection Set: 0.0ms
[18.890s][debug][gc,phases      ] GC(98)     Region Register: 0.1ms
[18.890s][debug][gc,phases      ] GC(98)     Prepare Heap Roots: 0.0ms
[18.890s][info ][gc,phases      ] GC(98)   Merge Heap Roots: 0.1ms
[18.890s][debug][gc,phases      ] GC(98)     Prepare Merge Heap Roots: 0.0ms
[18.890s][debug][gc,phases      ] GC(98)     Eager Reclaim (ms):       skipped
[18.890s][debug][gc,phases      ] GC(98)     Remembered Sets (ms):     Min:  0.0, Avg:  0.0, Max:  0.0, Diff:  0.0, Sum:  0.0, Workers: 8
[18.890s][debug][gc,phases      ] GC(98)       Merged Sparse:            Min: 0, Avg:  0.0, Max: 0, Diff: 0, Sum: 0, Workers: 8
[18.890s][debug][gc,phases      ] GC(98)       Merged Fine:              Min: 0, Avg:  0.0, Max: 0, Diff: 0, Sum: 0, Workers: 8
[18.890s][debug][gc,phases      ] GC(98)       Merged Coarse:            Min: 0, Avg:  0.0, Max: 0, Diff: 0, Sum: 0, Workers: 8
[18.890s][debug][gc,phases      ] GC(98)       Dirty Cards:              Min: 0, Avg:  0.0, Max: 0, Diff: 0, Sum: 0, Workers: 8
[18.890s][debug][gc,phases      ] GC(98)     Hot Card Cache (ms):      Min:  0.0, Avg:  0.0, Max:  0.0, Diff:  0.0, Sum:  0.0, Workers: 8
[18.890s][debug][gc,phases      ] GC(98)       Dirty Cards:              Min: 0, Avg:  0.0, Max: 0, Diff: 0, Sum: 0, Workers: 8
[18.890s][debug][gc,phases      ] GC(98)       Skipped Cards:            Min: 0, Avg:  0.0, Max: 0, Diff: 0, Sum: 0, Workers: 8
[18.890s][debug][gc,phases      ] GC(98)     Log Buffers (ms):         Min:  0.0, Avg:  0.0, Max:  0.0, Diff:  0.0, Sum:  0.0, Workers: 8
[18.890s][debug][gc,phases      ] GC(98)       Dirty Cards:              Min: 0, Avg:  0.1, Max: 1, Diff: 1, Sum: 1, Workers: 8
[18.890s][debug][gc,phases      ] GC(98)       Skipped Cards:            Min: 0, Avg:  0.0, Max: 0, Diff: 0, Sum: 0, Workers: 8
[18.890s][info ][gc,phases      ] GC(98)   Evacuate Collection Set: 0.2ms
[18.890s][debug][gc,phases      ] GC(98)     Ext Root Scanning (ms):   Min:  0.0, Avg:  0.0, Max:  0.1, Diff:  0.0, Sum:  0.2, Workers: 8
[18.890s][debug][gc,phases      ] GC(98)     Scan Heap Roots (ms):     Min:  0.0, Avg:  0.0, Max:  0.0, Diff:  0.0, Sum:  0.0, Workers: 8
[18.890s][debug][gc,phases      ] GC(98)       Scanned Cards:            Min: 0, Avg:  0.1, Max: 1, Diff: 1, Sum: 1, Workers: 8
[18.890s][debug][gc,phases      ] GC(98)       Scanned Blocks:           Min: 0, Avg:  0.1, Max: 1, Diff: 1, Sum: 1, Workers: 8
[18.890s][debug][gc,phases      ] GC(98)       Claimed Chunks:           Min: 0, Avg:  0.1, Max: 1, Diff: 1, Sum: 1, Workers: 8
[18.890s][debug][gc,phases      ] GC(98)     Code Root Scan (ms):      Min:  0.0, Avg:  0.0, Max:  0.0, Diff:  0.0, Sum:  0.0, Workers: 8
[18.890s][debug][gc,phases      ] GC(98)     Object Copy (ms):         Min:  0.0, Avg:  0.0, Max:  0.0, Diff:  0.0, Sum:  0.0, Workers: 8
[18.890s][debug][gc,phases      ] GC(98)     Termination (ms):         Min:  0.1, Avg:  0.1, Max:  0.1, Diff:  0.0, Sum:  0.9, Workers: 8
[18.890s][debug][gc,phases      ] GC(98)       Termination Attempts:     Min: 1, Avg:  1.0, Max: 1, Diff: 0, Sum: 8, Workers: 8
[18.890s][debug][gc,phases      ] GC(98)     GC Worker Other (ms):     Min:  0.0, Avg:  0.0, Max:  0.0, Diff:  0.0, Sum:  0.1, Workers: 8
[18.890s][debug][gc,phases      ] GC(98)     GC Worker Total (ms):     Min:  0.1, Avg:  0.2, Max:  0.2, Diff:  0.1, Sum:  1.3, Workers: 8
[18.890s][info ][gc,phases      ] GC(98)   Post Evacuate Collection Set: 0.4ms
[18.890s][debug][gc,phases      ] GC(98)     Code Roots Fixup: 0.0ms
[18.890s][debug][gc,phases      ] GC(98)     Clear Card Table: 0.1ms
[18.890s][debug][gc,phases      ] GC(98)     Reference Processing: 0.0ms
[18.890s][debug][gc,phases,ref  ] GC(98)       Reconsider SoftReferences: 0.0ms
[18.890s][debug][gc,phases,ref  ] GC(98)         SoftRef (ms):             skipped
[18.890s][debug][gc,phases,ref  ] GC(98)       Notify Soft/WeakReferences: 0.0ms
[18.890s][debug][gc,phases,ref  ] GC(98)         SoftRef (ms):             skipped
[18.890s][debug][gc,phases,ref  ] GC(98)         WeakRef (ms):             skipped
[18.890s][debug][gc,phases,ref  ] GC(98)         FinalRef (ms):            skipped
[18.890s][debug][gc,phases,ref  ] GC(98)         Total (ms):               skipped
[18.890s][debug][gc,phases,ref  ] GC(98)       Notify and keep alive finalizable: 0.0ms
[18.890s][debug][gc,phases,ref  ] GC(98)         FinalRef (ms):            skipped
[18.890s][debug][gc,phases,ref  ] GC(98)       Notify PhantomReferences: 0.0ms
[18.890s][debug][gc,phases,ref  ] GC(98)         PhantomRef (ms):          skipped
[18.890s][debug][gc,phases,ref  ] GC(98)       SoftReference:
[18.890s][debug][gc,phases,ref  ] GC(98)         Discovered: 0
[18.890s][debug][gc,phases,ref  ] GC(98)         Cleared: 0
[18.890s][debug][gc,phases,ref  ] GC(98)       WeakReference:
[18.890s][debug][gc,phases,ref  ] GC(98)         Discovered: 0
[18.890s][debug][gc,phases,ref  ] GC(98)         Cleared: 0
[18.890s][debug][gc,phases,ref  ] GC(98)       FinalReference:
[18.890s][debug][gc,phases,ref  ] GC(98)         Discovered: 0
[18.891s][debug][gc,phases,ref  ] GC(98)         Cleared: 0
[18.891s][debug][gc,phases,ref  ] GC(98)       PhantomReference:
[18.891s][debug][gc,phases,ref  ] GC(98)         Discovered: 0
[18.891s][debug][gc,phases,ref  ] GC(98)         Cleared: 0
[18.891s][debug][gc,phases      ] GC(98)     Weak Processing: 0.1ms
[18.891s][debug][gc,phases      ] GC(98)       JVMTI weak processing: 0.0ms
[18.891s][debug][gc,phases      ] GC(98)         Dead: 0
[18.891s][debug][gc,phases      ] GC(98)         Total: 0
[18.891s][debug][gc,phases      ] GC(98)       JFR weak processing: 0.0ms
[18.891s][debug][gc,phases      ] GC(98)         Dead: 0
[18.891s][debug][gc,phases      ] GC(98)         Total: 0
[18.891s][debug][gc,phases      ] GC(98)       JNI weak                  Min:  0.0, Avg:  0.0, Max:  0.0, Diff:  0.0, Sum:  0.0, Workers: 5
[18.891s][debug][gc,phases      ] GC(98)         Dead                      Min: 0, Avg:  0.0, Max: 0, Diff: 0, Sum: 0, Workers: 5
[18.891s][debug][gc,phases      ] GC(98)         Total                     Min: 0, Avg: 12.6, Max: 59, Diff: 59, Sum: 63, Workers: 5
[18.891s][debug][gc,phases      ] GC(98)       VM weak                   Min:  0.0, Avg:  0.0, Max:  0.0, Diff:  0.0, Sum:  0.0, Workers: 5
[18.891s][debug][gc,phases      ] GC(98)         Dead                      Min: 0, Avg:  0.0, Max: 0, Diff: 0, Sum: 0, Workers: 5
[18.891s][debug][gc,phases      ] GC(98)         Total                     Min: 0, Avg: 44.0, Max: 128, Diff: 128, Sum: 220, Workers: 5
[18.891s][debug][gc,phases      ] GC(98)       StringTable weak          Min:  0.0, Avg:  0.0, Max:  0.0, Diff:  0.0, Sum:  0.1, Workers: 5
[18.891s][debug][gc,phases      ] GC(98)         Dead                      Min: 0, Avg:  0.0, Max: 0, Diff: 0, Sum: 0, Workers: 5
[18.891s][debug][gc,phases      ] GC(98)         Total                     Min: 0, Avg: 718.4, Max: 1856, Diff: 1856, Sum: 3592, Workers: 5
[18.891s][debug][gc,phases      ] GC(98)       ResolvedMethodTable weak  Min:  0.0, Avg:  0.0, Max:  0.0, Diff:  0.0, Sum:  0.0, Workers: 5
[18.891s][debug][gc,phases      ] GC(98)         Dead                      Min: 0, Avg:  0.0, Max: 0, Diff: 0, Sum: 0, Workers: 5
[18.891s][debug][gc,phases      ] GC(98)         Total                     Min: 0, Avg: 116.6, Max: 263, Diff: 263, Sum: 583, Workers: 5
[18.891s][debug][gc,phases      ] GC(98)     Merge Per-Thread State: 0.0ms
[18.891s][debug][gc,phases      ] GC(98)       Copied Bytes              Min: 24, Avg: 73.0, Max: 176, Diff: 152, Sum: 584, Workers: 8
[18.891s][debug][gc,phases      ] GC(98)       LAB Waste                 Min: 0, Avg:  0.0, Max: 0, Diff: 0, Sum: 0, Workers: 8
[18.891s][debug][gc,phases      ] GC(98)       LAB Undo Waste            Min: 0, Avg:  0.0, Max: 0, Diff: 0, Sum: 0, Workers: 8
[18.891s][debug][gc,phases      ] GC(98)     Code Roots Purge: 0.0ms
[18.891s][debug][gc,phases      ] GC(98)     Redirty Cards: 0.0ms
[18.891s][debug][gc,phases      ] GC(98)     DerivedPointerTable Update: 0.0ms
[18.891s][debug][gc,phases      ] GC(98)     Free Collection Set: 0.1ms
[18.891s][debug][gc,phases      ] GC(98)     Rebuild Free List: 0.1ms
[18.891s][debug][gc,phases      ] GC(98)     Humongous Reclaim: 0.0ms
[18.891s][debug][gc,phases      ] GC(98)     Start New Collection Set: 0.0ms
[18.891s][debug][gc,phases      ] GC(98)     Resize TLABs: 0.0ms
[18.891s][debug][gc,phases      ] GC(98)     Expand Heap After Collection: 0.0ms
[18.891s][info ][gc,phases      ] GC(98)   Other: 0.3ms
[18.891s][info ][gc,heap        ] GC(98) Eden regions: 186->0(186)
[18.891s][info ][gc,heap        ] GC(98) Survivor regions: 1->1(24)
[18.891s][info ][gc,heap        ] GC(98) Old regions: 7->7
[18.891s][info ][gc,heap        ] GC(98) Archive regions: 2->2
[18.891s][info ][gc,heap        ] GC(98) Humongous regions: 0->0
[18.891s][info ][gc,metaspace   ] GC(98) Metaspace: 10391K(10880K)->10391K(10880K) NonClass: 9188K(9472K)->9188K(9472K) Class: 1202K(1408K)->1202K(1408K)
[18.891s][debug][gc,heap        ] GC(98) Heap after GC invocations=99 (full 1): garbage-first heap   total 319488K, used 4340K [0x0000000700000000, 0x0000000800000000)
[18.891s][debug][gc,heap        ] GC(98)   region size 1024K, 1 young (1024K), 1 survivors (1024K)
[18.891s][debug][gc,heap        ] GC(98)  Metaspace       used 10391K, capacity 10712K, committed 10880K, reserved 1058816K
[18.891s][debug][gc,heap        ] GC(98)   class space    used 1202K, capacity 1338K, committed 1408K, reserved 1048576K
[18.891s][info ][gc             ] GC(98) Pause Young (Normal) (G1 Evacuation Pause) 190M->4M(312M) 1.886ms
[18.891s][info ][gc,cpu         ] GC(98) User=0.00s Sys=0.00s Real=0.00s
[18.891s][info ][safepoint      ] Safepoint "G1CollectForAllocation", Time since last: 160457988 ns, Reaching safepoint: 112601 ns, At safepoint: 2064404 ns, Total: 2177005 ns
[19.046s][debug][gc,heap        ] GC(99) Heap before GC invocations=99 (full 1): garbage-first heap   total 319488K, used 194804K [0x0000000700000000, 0x0000000800000000)
[19.046s][debug][gc,heap        ] GC(99)   region size 1024K, 187 young (191488K), 1 survivors (1024K)
[19.046s][debug][gc,heap        ] GC(99)  Metaspace       used 10391K, capacity 10712K, committed 10880K, reserved 1058816K
[19.046s][debug][gc,heap        ] GC(99)   class space    used 1202K, capacity 1338K, committed 1408K, reserved 1048576K
[19.046s][info ][gc,start       ] GC(99) Pause Young (Normal) (G1 Evacuation Pause)
[19.046s][info ][gc,task        ] GC(99) Using 8 workers of 8 for evacuation
[19.046s][debug][gc,tlab        ] GC(99) TLAB totals: thrds: 8  refills: 747 max: 110 slow allocs: 0 max 0 waste:  0.6% gc: 770296B max: 324272B slow: 431720B max: 63800B fast: 0B max: 0B
[19.046s][debug][gc,age         ] GC(99) Desired survivor size 12582912 bytes, new threshold 15 (max threshold 15)
[19.046s][debug][gc,alloc,region] GC(99) Mutator Allocation stats, regions: 186, wasted size: 0B ( 0.0%)
[19.046s][debug][gc,ergo        ] GC(99) Running G1 Merge Heap Roots using 8 workers for 187 regions
[19.046s][debug][gc,remset      ] GC(99) Visited cards 256 Total dirty 2048 (12.50%) Total old 784384 (0.03%)
[19.046s][debug][gc,ergo        ] GC(99) Running G1 Clear Card Table Task using 1 workers for 1 units of work for 188 regions.
[19.046s][debug][gc,ref         ] GC(99) Skipped phase1 of Reference Processing due to unavailable references
[19.046s][debug][gc,ref         ] GC(99) Skipped phase2 of Reference Processing due to unavailable references
[19.046s][debug][gc,ref         ] GC(99) Skipped phase3 of Reference Processing due to unavailable references
[19.046s][debug][gc,ref         ] GC(99) Skipped phase4 of Reference Processing due to unavailable references
[19.047s][debug][gc,ergo        ] GC(99) Running G1 Free Collection Set using 8 workers for collection set length 187 (312)
[19.047s][debug][gc,ergo        ] GC(99) Running G1 Rebuild Free List Task using 8 workers for rebuilding free list of 0 (4096) regions
[19.047s][trace][gc,age         ] GC(99) Age table with threshold 15 (max threshold 15)
[19.047s][trace][gc,age         ] GC(99) - age   1:        656 bytes,        656 total
[19.047s][debug][gc,plab        ] GC(99) Young PLAB allocation: allocated: 14448B, wasted: 0B, unused: 13792B, used: 656B, undo waste: 0B, 
[19.047s][debug][gc,plab        ] GC(99) Young other allocation: region end waste: 0B, regions filled: 1, direct allocated: 0B, failure used: 0B, failure wasted: 0B
[19.047s][debug][gc,plab        ] GC(99) Young sizing: calculated: 128B, actual: 2064B
[19.047s][debug][gc,plab        ] GC(99) Old PLAB allocation: allocated: 0B, wasted: 0B, unused: 0B, used: 0B, undo waste: 0B, 
[19.047s][debug][gc,plab        ] GC(99) Old other allocation: region end waste: 0B, regions filled: 1, direct allocated: 0B, failure used: 0B, failure wasted: 0B
[19.047s][debug][gc,plab        ] GC(99) Old sizing: calculated: 0B, actual: 2064B
[19.047s][debug][gc,ihop        ] GC(99) Basic information (value update), threshold: 147220070B (45.00), target occupancy: 327155712B, current occupancy: 4442808B, recent allocation size: 0B, recent allocation duration: 155.99ms, recent old gen allocation rate: 0.00B/s, recent marking phase length: 0.00ms
[19.047s][debug][gc,ihop        ] GC(99) Adaptive IHOP information (value update), threshold: 147220070B (47.37), internal target occupancy: 310797926B, occupancy: 4442808B, additional buffer size: 196083712B, predicted old gen allocation rate: 8470.24B/s, predicted marking phase length: 0.00ms, prediction active: false
[19.047s][debug][gc,ergo,refine ] GC(99) Concurrent refinement times: Logged Cards Scan time goal: 20.00ms Logged Cards Scan time: 0.00ms HCC time: 0.00ms
[19.047s][debug][gc,ergo,refine ] GC(99) Updated Refinement Zones: green: 2048, yellow: 6144, red: 10240
[19.047s][info ][gc,phases      ] GC(99)   Pre Evacuate Collection Set: 0.1ms
[19.047s][debug][gc,phases      ] GC(99)     Prepare TLABs: 0.0ms
[19.047s][debug][gc,phases      ] GC(99)     Choose Collection Set: 0.0ms
[19.047s][debug][gc,phases      ] GC(99)     Region Register: 0.1ms
[19.047s][debug][gc,phases      ] GC(99)     Prepare Heap Roots: 0.0ms
[19.047s][info ][gc,phases      ] GC(99)   Merge Heap Roots: 0.1ms
[19.047s][debug][gc,phases      ] GC(99)     Prepare Merge Heap Roots: 0.0ms
[19.047s][debug][gc,phases      ] GC(99)     Eager Reclaim (ms):       skipped
[19.047s][debug][gc,phases      ] GC(99)     Remembered Sets (ms):     Min:  0.0, Avg:  0.0, Max:  0.0, Diff:  0.0, Sum:  0.1, Workers: 8
[19.047s][debug][gc,phases      ] GC(99)       Merged Sparse:            Min: 0, Avg:  0.0, Max: 0, Diff: 0, Sum: 0, Workers: 8
[19.047s][debug][gc,phases      ] GC(99)       Merged Fine:              Min: 0, Avg:  0.0, Max: 0, Diff: 0, Sum: 0, Workers: 8
[19.047s][debug][gc,phases      ] GC(99)       Merged Coarse:            Min: 0, Avg:  0.0, Max: 0, Diff: 0, Sum: 0, Workers: 8
[19.047s][debug][gc,phases      ] GC(99)       Dirty Cards:              Min: 0, Avg:  0.0, Max: 0, Diff: 0, Sum: 0, Workers: 8
[19.047s][debug][gc,phases      ] GC(99)     Hot Card Cache (ms):      Min:  0.0, Avg:  0.0, Max:  0.0, Diff:  0.0, Sum:  0.0, Workers: 8
[19.047s][debug][gc,phases      ] GC(99)       Dirty Cards:              Min: 0, Avg:  0.0, Max: 0, Diff: 0, Sum: 0, Workers: 8
[19.047s][debug][gc,phases      ] GC(99)       Skipped Cards:            Min: 0, Avg:  0.0, Max: 0, Diff: 0, Sum: 0, Workers: 8
[19.047s][debug][gc,phases      ] GC(99)     Log Buffers (ms):         Min:  0.0, Avg:  0.0, Max:  0.0, Diff:  0.0, Sum:  0.0, Workers: 8
[19.047s][debug][gc,phases      ] GC(99)       Dirty Cards:              Min: 0, Avg:  0.1, Max: 1, Diff: 1, Sum: 1, Workers: 8
[19.047s][debug][gc,phases      ] GC(99)       Skipped Cards:            Min: 0, Avg:  0.0, Max: 0, Diff: 0, Sum: 0, Workers: 8
[19.047s][info ][gc,phases      ] GC(99)   Evacuate Collection Set: 0.1ms
[19.047s][debug][gc,phases      ] GC(99)     Ext Root Scanning (ms):   Min:  0.0, Avg:  0.0, Max:  0.1, Diff:  0.0, Sum:  0.2, Workers: 8
[19.047s][debug][gc,phases      ] GC(99)     Scan Heap Roots (ms):     Min:  0.0, Avg:  0.0, Max:  0.0, Diff:  0.0, Sum:  0.0, Workers: 8
[19.047s][debug][gc,phases      ] GC(99)       Scanned Cards:            Min: 0, Avg:  0.1, Max: 1, Diff: 1, Sum: 1, Workers: 8
[19.047s][debug][gc,phases      ] GC(99)       Scanned Blocks:           Min: 0, Avg:  0.1, Max: 1, Diff: 1, Sum: 1, Workers: 8
[19.047s][debug][gc,phases      ] GC(99)       Claimed Chunks:           Min: 0, Avg:  0.1, Max: 1, Diff: 1, Sum: 1, Workers: 8
[19.047s][debug][gc,phases      ] GC(99)     Code Root Scan (ms):      Min:  0.0, Avg:  0.0, Max:  0.0, Diff:  0.0, Sum:  0.0, Workers: 8
[19.047s][debug][gc,phases      ] GC(99)     Object Copy (ms):         Min:  0.0, Avg:  0.0, Max:  0.0, Diff:  0.0, Sum:  0.0, Workers: 8
[19.047s][debug][gc,phases      ] GC(99)     Termination (ms):         Min:  0.0, Avg:  0.0, Max:  0.1, Diff:  0.0, Sum:  0.4, Workers: 8
[19.047s][debug][gc,phases      ] GC(99)       Termination Attempts:     Min: 1, Avg:  1.0, Max: 1, Diff: 0, Sum: 8, Workers: 8
[19.047s][debug][gc,phases      ] GC(99)     GC Worker Other (ms):     Min:  0.0, Avg:  0.0, Max:  0.1, Diff:  0.0, Sum:  0.2, Workers: 8
[19.047s][debug][gc,phases      ] GC(99)     GC Worker Total (ms):     Min:  0.1, Avg:  0.1, Max:  0.1, Diff:  0.0, Sum:  0.8, Workers: 8
[19.047s][info ][gc,phases      ] GC(99)   Post Evacuate Collection Set: 0.3ms
[19.047s][debug][gc,phases      ] GC(99)     Code Roots Fixup: 0.0ms
[19.047s][debug][gc,phases      ] GC(99)     Clear Card Table: 0.1ms
[19.047s][debug][gc,phases      ] GC(99)     Reference Processing: 0.0ms
[19.047s][debug][gc,phases,ref  ] GC(99)       Reconsider SoftReferences: 0.0ms
[19.047s][debug][gc,phases,ref  ] GC(99)         SoftRef (ms):             skipped
[19.047s][debug][gc,phases,ref  ] GC(99)       Notify Soft/WeakReferences: 0.0ms
[19.047s][debug][gc,phases,ref  ] GC(99)         SoftRef (ms):             skipped
[19.047s][debug][gc,phases,ref  ] GC(99)         WeakRef (ms):             skipped
[19.047s][debug][gc,phases,ref  ] GC(99)         FinalRef (ms):            skipped
[19.047s][debug][gc,phases,ref  ] GC(99)         Total (ms):               skipped
[19.047s][debug][gc,phases,ref  ] GC(99)       Notify and keep alive finalizable: 0.0ms
[19.047s][debug][gc,phases,ref  ] GC(99)         FinalRef (ms):            skipped
[19.047s][debug][gc,phases,ref  ] GC(99)       Notify PhantomReferences: 0.0ms
[19.047s][debug][gc,phases,ref  ] GC(99)         PhantomRef (ms):          skipped
[19.047s][debug][gc,phases,ref  ] GC(99)       SoftReference:
[19.047s][debug][gc,phases,ref  ] GC(99)         Discovered: 0
[19.047s][debug][gc,phases,ref  ] GC(99)         Cleared: 0
[19.047s][debug][gc,phases,ref  ] GC(99)       WeakReference:
[19.047s][debug][gc,phases,ref  ] GC(99)         Discovered: 0
[19.047s][debug][gc,phases,ref  ] GC(99)         Cleared: 0
[19.047s][debug][gc,phases,ref  ] GC(99)       FinalReference:
[19.047s][debug][gc,phases,ref  ] GC(99)         Discovered: 0
[19.047s][debug][gc,phases,ref  ] GC(99)         Cleared: 0
[19.047s][debug][gc,phases,ref  ] GC(99)       PhantomReference:
[19.047s][debug][gc,phases,ref  ] GC(99)         Discovered: 0
[19.047s][debug][gc,phases,ref  ] GC(99)         Cleared: 0
[19.047s][debug][gc,phases      ] GC(99)     Weak Processing: 0.1ms
[19.047s][debug][gc,phases      ] GC(99)       JVMTI weak processing: 0.0ms
[19.047s][debug][gc,phases      ] GC(99)         Dead: 0
[19.047s][debug][gc,phases      ] GC(99)         Total: 0
[19.047s][debug][gc,phases      ] GC(99)       JFR weak processing: 0.0ms
[19.047s][debug][gc,phases      ] GC(99)         Dead: 0
[19.047s][debug][gc,phases      ] GC(99)         Total: 0
[19.047s][debug][gc,phases      ] GC(99)       JNI weak                  Min:  0.0, Avg:  0.0, Max:  0.0, Diff:  0.0, Sum:  0.0, Workers: 5
[19.047s][debug][gc,phases      ] GC(99)         Dead                      Min: 0, Avg:  0.0, Max: 0, Diff: 0, Sum: 0, Workers: 5
[19.047s][debug][gc,phases      ] GC(99)         Total                     Min: 0, Avg: 12.6, Max: 59, Diff: 59, Sum: 63, Workers: 5
[19.047s][debug][gc,phases      ] GC(99)       VM weak                   Min:  0.0, Avg:  0.0, Max:  0.0, Diff:  0.0, Sum:  0.0, Workers: 5
[19.047s][debug][gc,phases      ] GC(99)         Dead                      Min: 0, Avg:  0.0, Max: 0, Diff: 0, Sum: 0, Workers: 5
[19.047s][debug][gc,phases      ] GC(99)         Total                     Min: 0, Avg: 44.0, Max: 128, Diff: 128, Sum: 220, Workers: 5
[19.047s][debug][gc,phases      ] GC(99)       StringTable weak          Min:  0.0, Avg:  0.0, Max:  0.0, Diff:  0.0, Sum:  0.1, Workers: 5
[19.047s][debug][gc,phases      ] GC(99)         Dead                      Min: 0, Avg:  0.0, Max: 0, Diff: 0, Sum: 0, Workers: 5
[19.047s][debug][gc,phases      ] GC(99)         Total                     Min: 0, Avg: 718.4, Max: 1800, Diff: 1800, Sum: 3592, Workers: 5
[19.047s][debug][gc,phases      ] GC(99)       ResolvedMethodTable weak  Min:  0.0, Avg:  0.0, Max:  0.0, Diff:  0.0, Sum:  0.0, Workers: 5
[19.047s][debug][gc,phases      ] GC(99)         Dead                      Min: 0, Avg:  0.0, Max: 0, Diff: 0, Sum: 0, Workers: 5
[19.047s][debug][gc,phases      ] GC(99)         Total                     Min: 0, Avg: 116.6, Max: 320, Diff: 320, Sum: 583, Workers: 5
[19.047s][debug][gc,phases      ] GC(99)     Merge Per-Thread State: 0.0ms
[19.047s][debug][gc,phases      ] GC(99)       Copied Bytes              Min: 0, Avg: 82.0, Max: 176, Diff: 176, Sum: 656, Workers: 8
[19.047s][debug][gc,phases      ] GC(99)       LAB Waste                 Min: 0, Avg:  0.0, Max: 0, Diff: 0, Sum: 0, Workers: 8
[19.047s][debug][gc,phases      ] GC(99)       LAB Undo Waste            Min: 0, Avg:  0.0, Max: 0, Diff: 0, Sum: 0, Workers: 8
[19.047s][debug][gc,phases      ] GC(99)     Code Roots Purge: 0.0ms
[19.047s][debug][gc,phases      ] GC(99)     Redirty Cards: 0.0ms
[19.047s][debug][gc,phases      ] GC(99)     DerivedPointerTable Update: 0.0ms
[19.048s][debug][gc,phases      ] GC(99)     Free Collection Set: 0.1ms
[19.048s][debug][gc,phases      ] GC(99)     Rebuild Free List: 0.0ms
[19.048s][debug][gc,phases      ] GC(99)     Humongous Reclaim: 0.0ms
[19.048s][debug][gc,phases      ] GC(99)     Start New Collection Set: 0.0ms
[19.048s][debug][gc,phases      ] GC(99)     Resize TLABs: 0.0ms
[19.048s][debug][gc,phases      ] GC(99)     Expand Heap After Collection: 0.0ms
[19.048s][info ][gc,phases      ] GC(99)   Other: 0.3ms
[19.048s][info ][gc,heap        ] GC(99) Eden regions: 186->0(186)
[19.048s][info ][gc,heap        ] GC(99) Survivor regions: 1->1(24)
[19.048s][info ][gc,heap        ] GC(99) Old regions: 7->7
[19.048s][info ][gc,heap        ] GC(99) Archive regions: 2->2
[19.048s][info ][gc,heap        ] GC(99) Humongous regions: 0->0
[19.048s][info ][gc,metaspace   ] GC(99) Metaspace: 10391K(10880K)->10391K(10880K) NonClass: 9188K(9472K)->9188K(9472K) Class: 1202K(1408K)->1202K(1408K)
[19.048s][debug][gc,heap        ] GC(99) Heap after GC invocations=100 (full 1): garbage-first heap   total 319488K, used 4338K [0x0000000700000000, 0x0000000800000000)
[19.048s][debug][gc,heap        ] GC(99)   region size 1024K, 1 young (1024K), 1 survivors (1024K)
[19.048s][debug][gc,heap        ] GC(99)  Metaspace       used 10391K, capacity 10712K, committed 10880K, reserved 1058816K
[19.048s][debug][gc,heap        ] GC(99)   class space    used 1202K, capacity 1338K, committed 1408K, reserved 1048576K
[19.048s][info ][gc             ] GC(99) Pause Young (Normal) (G1 Evacuation Pause) 190M->4M(312M) 1.736ms
[19.048s][info ][gc,cpu         ] GC(99) User=0.00s Sys=0.00s Real=0.00s
[19.048s][info ][safepoint      ] Safepoint "G1CollectForAllocation", Time since last: 154713756 ns, Reaching safepoint: 115253 ns, At safepoint: 1915786 ns, Total: 2031039 ns
[19.203s][debug][gc,heap        ] GC(100) Heap before GC invocations=100 (full 1): garbage-first heap   total 319488K, used 194802K [0x0000000700000000, 0x0000000800000000)
[19.203s][debug][gc,heap        ] GC(100)   region size 1024K, 187 young (191488K), 1 survivors (1024K)
[19.203s][debug][gc,heap        ] GC(100)  Metaspace       used 10391K, capacity 10712K, committed 10880K, reserved 1058816K
[19.203s][debug][gc,heap        ] GC(100)   class space    used 1202K, capacity 1338K, committed 1408K, reserved 1048576K
[19.203s][info ][gc,start       ] GC(100) Pause Young (Normal) (G1 Evacuation Pause)
[19.203s][info ][gc,task        ] GC(100) Using 8 workers of 8 for evacuation
[19.203s][debug][gc,tlab        ] GC(100) TLAB totals: thrds: 8  refills: 747 max: 112 slow allocs: 0 max 0 waste:  1.0% gc: 1522168B max: 440096B slow: 432216B max: 64464B fast: 0B max: 0B
[19.203s][debug][gc,age         ] GC(100) Desired survivor size 12582912 bytes, new threshold 15 (max threshold 15)
[19.203s][debug][gc,alloc,region] GC(100) Mutator Allocation stats, regions: 186, wasted size: 0B ( 0.0%)
[19.204s][debug][gc,ergo        ] GC(100) Running G1 Merge Heap Roots using 8 workers for 187 regions
[19.204s][debug][gc,remset      ] GC(100) Visited cards 256 Total dirty 2048 (12.50%) Total old 784384 (0.03%)
[19.204s][debug][gc,ergo        ] GC(100) Running G1 Clear Card Table Task using 1 workers for 1 units of work for 188 regions.
[19.204s][debug][gc,ref         ] GC(100) Skipped phase1 of Reference Processing due to unavailable references
[19.204s][debug][gc,ref         ] GC(100) Skipped phase2 of Reference Processing due to unavailable references
[19.204s][debug][gc,ref         ] GC(100) Skipped phase3 of Reference Processing due to unavailable references
[19.204s][debug][gc,ref         ] GC(100) Skipped phase4 of Reference Processing due to unavailable references
[19.204s][debug][gc,ergo        ] GC(100) Running G1 Free Collection Set using 8 workers for collection set length 187 (312)
[19.204s][debug][gc,ergo        ] GC(100) Running G1 Rebuild Free List Task using 8 workers for rebuilding free list of 0 (4096) regions
[19.204s][trace][gc,age         ] GC(100) Age table with threshold 15 (max threshold 15)
[19.204s][trace][gc,age         ] GC(100) - age   1:        400 bytes,        400 total
[19.204s][debug][gc,plab        ] GC(100) Young PLAB allocation: allocated: 10320B, wasted: 0B, unused: 9920B, used: 400B, undo waste: 0B, 
[19.204s][debug][gc,plab        ] GC(100) Young other allocation: region end waste: 0B, regions filled: 1, direct allocated: 0B, failure used: 0B, failure wasted: 0B
[19.204s][debug][gc,plab        ] GC(100) Young sizing: calculated: 80B, actual: 2064B
[19.204s][debug][gc,plab        ] GC(100) Old PLAB allocation: allocated: 0B, wasted: 0B, unused: 0B, used: 0B, undo waste: 0B, 
[19.204s][debug][gc,plab        ] GC(100) Old other allocation: region end waste: 0B, regions filled: 1, direct allocated: 0B, failure used: 0B, failure wasted: 0B
[19.204s][debug][gc,plab        ] GC(100) Old sizing: calculated: 0B, actual: 2064B
[19.204s][debug][gc,ihop        ] GC(100) Basic information (value update), threshold: 147220070B (45.00), target occupancy: 327155712B, current occupancy: 4438680B, recent allocation size: 0B, recent allocation duration: 156.64ms, recent old gen allocation rate: 0.00B/s, recent marking phase length: 0.00ms
[19.204s][debug][gc,ihop        ] GC(100) Adaptive IHOP information (value update), threshold: 147220070B (47.37), internal target occupancy: 310797926B, occupancy: 4438680B, additional buffer size: 196083712B, predicted old gen allocation rate: 8221.43B/s, predicted marking phase length: 0.00ms, prediction active: false
[19.204s][debug][gc,ergo,refine ] GC(100) Concurrent refinement times: Logged Cards Scan time goal: 20.00ms Logged Cards Scan time: 0.00ms HCC time: 0.00ms
[19.204s][debug][gc,ergo,refine ] GC(100) Updated Refinement Zones: green: 2048, yellow: 6144, red: 10240
[19.204s][info ][gc,phases      ] GC(100)   Pre Evacuate Collection Set: 0.1ms
[19.204s][debug][gc,phases      ] GC(100)     Prepare TLABs: 0.0ms
[19.204s][debug][gc,phases      ] GC(100)     Choose Collection Set: 0.0ms
[19.204s][debug][gc,phases      ] GC(100)     Region Register: 0.1ms
[19.204s][debug][gc,phases      ] GC(100)     Prepare Heap Roots: 0.0ms
[19.204s][info ][gc,phases      ] GC(100)   Merge Heap Roots: 0.1ms
[19.204s][debug][gc,phases      ] GC(100)     Prepare Merge Heap Roots: 0.0ms
[19.204s][debug][gc,phases      ] GC(100)     Eager Reclaim (ms):       skipped
[19.204s][debug][gc,phases      ] GC(100)     Remembered Sets (ms):     Min:  0.0, Avg:  0.0, Max:  0.0, Diff:  0.0, Sum:  0.1, Workers: 8
[19.204s][debug][gc,phases      ] GC(100)       Merged Sparse:            Min: 0, Avg:  0.0, Max: 0, Diff: 0, Sum: 0, Workers: 8
[19.204s][debug][gc,phases      ] GC(100)       Merged Fine:              Min: 0, Avg:  0.0, Max: 0, Diff: 0, Sum: 0, Workers: 8
[19.204s][debug][gc,phases      ] GC(100)       Merged Coarse:            Min: 0, Avg:  0.0, Max: 0, Diff: 0, Sum: 0, Workers: 8
[19.204s][debug][gc,phases      ] GC(100)       Dirty Cards:              Min: 0, Avg:  0.0, Max: 0, Diff: 0, Sum: 0, Workers: 8
[19.204s][debug][gc,phases      ] GC(100)     Hot Card Cache (ms):      Min:  0.0, Avg:  0.0, Max:  0.0, Diff:  0.0, Sum:  0.0, Workers: 8
[19.204s][debug][gc,phases      ] GC(100)       Dirty Cards:              Min: 0, Avg:  0.0, Max: 0, Diff: 0, Sum: 0, Workers: 8
[19.204s][debug][gc,phases      ] GC(100)       Skipped Cards:            Min: 0, Avg:  0.0, Max: 0, Diff: 0, Sum: 0, Workers: 8
[19.204s][debug][gc,phases      ] GC(100)     Log Buffers (ms):         Min:  0.0, Avg:  0.0, Max:  0.0, Diff:  0.0, Sum:  0.0, Workers: 8
[19.204s][debug][gc,phases      ] GC(100)       Dirty Cards:              Min: 0, Avg:  0.1, Max: 1, Diff: 1, Sum: 1, Workers: 8
[19.204s][debug][gc,phases      ] GC(100)       Skipped Cards:            Min: 0, Avg:  0.0, Max: 0, Diff: 0, Sum: 0, Workers: 8
[19.204s][info ][gc,phases      ] GC(100)   Evacuate Collection Set: 0.1ms
[19.204s][debug][gc,phases      ] GC(100)     Ext Root Scanning (ms):   Min:  0.0, Avg:  0.0, Max:  0.1, Diff:  0.1, Sum:  0.2, Workers: 8
[19.204s][debug][gc,phases      ] GC(100)     Scan Heap Roots (ms):     Min:  0.0, Avg:  0.0, Max:  0.0, Diff:  0.0, Sum:  0.0, Workers: 8
[19.204s][debug][gc,phases      ] GC(100)       Scanned Cards:            Min: 0, Avg:  0.1, Max: 1, Diff: 1, Sum: 1, Workers: 8
[19.204s][debug][gc,phases      ] GC(100)       Scanned Blocks:           Min: 0, Avg:  0.1, Max: 1, Diff: 1, Sum: 1, Workers: 8
[19.205s][debug][gc,phases      ] GC(100)       Claimed Chunks:           Min: 0, Avg:  0.1, Max: 1, Diff: 1, Sum: 1, Workers: 8
[19.205s][debug][gc,phases      ] GC(100)     Code Root Scan (ms):      Min:  0.0, Avg:  0.0, Max:  0.0, Diff:  0.0, Sum:  0.0, Workers: 8
[19.205s][debug][gc,phases      ] GC(100)     Object Copy (ms):         Min:  0.0, Avg:  0.0, Max:  0.0, Diff:  0.0, Sum:  0.0, Workers: 8
[19.205s][debug][gc,phases      ] GC(100)     Termination (ms):         Min:  0.0, Avg:  0.0, Max:  0.0, Diff:  0.0, Sum:  0.3, Workers: 8
[19.205s][debug][gc,phases      ] GC(100)       Termination Attempts:     Min: 1, Avg:  1.0, Max: 1, Diff: 0, Sum: 8, Workers: 8
[19.205s][debug][gc,phases      ] GC(100)     GC Worker Other (ms):     Min:  0.0, Avg:  0.0, Max:  0.0, Diff:  0.0, Sum:  0.1, Workers: 8
[19.205s][debug][gc,phases      ] GC(100)     GC Worker Total (ms):     Min:  0.0, Avg:  0.1, Max:  0.1, Diff:  0.1, Sum:  0.6, Workers: 8
[19.205s][info ][gc,phases      ] GC(100)   Post Evacuate Collection Set: 0.4ms
[19.205s][debug][gc,phases      ] GC(100)     Code Roots Fixup: 0.0ms
[19.205s][debug][gc,phases      ] GC(100)     Clear Card Table: 0.1ms
[19.205s][debug][gc,phases      ] GC(100)     Reference Processing: 0.1ms
[19.205s][debug][gc,phases,ref  ] GC(100)       Reconsider SoftReferences: 0.0ms
[19.205s][debug][gc,phases,ref  ] GC(100)         SoftRef (ms):             skipped
[19.205s][debug][gc,phases,ref  ] GC(100)       Notify Soft/WeakReferences: 0.0ms
[19.205s][debug][gc,phases,ref  ] GC(100)         SoftRef (ms):             skipped
[19.205s][debug][gc,phases,ref  ] GC(100)         WeakRef (ms):             skipped
[19.205s][debug][gc,phases,ref  ] GC(100)         FinalRef (ms):            skipped
[19.205s][debug][gc,phases,ref  ] GC(100)         Total (ms):               skipped
[19.205s][debug][gc,phases,ref  ] GC(100)       Notify and keep alive finalizable: 0.0ms
[19.205s][debug][gc,phases,ref  ] GC(100)         FinalRef (ms):            skipped
[19.205s][debug][gc,phases,ref  ] GC(100)       Notify PhantomReferences: 0.0ms
[19.205s][debug][gc,phases,ref  ] GC(100)         PhantomRef (ms):          skipped
[19.205s][debug][gc,phases,ref  ] GC(100)       SoftReference:
[19.205s][debug][gc,phases,ref  ] GC(100)         Discovered: 0
[19.205s][debug][gc,phases,ref  ] GC(100)         Cleared: 0
[19.205s][debug][gc,phases,ref  ] GC(100)       WeakReference:
[19.205s][debug][gc,phases,ref  ] GC(100)         Discovered: 0
[19.205s][debug][gc,phases,ref  ] GC(100)         Cleared: 0
[19.205s][debug][gc,phases,ref  ] GC(100)       FinalReference:
[19.205s][debug][gc,phases,ref  ] GC(100)         Discovered: 0
[19.205s][debug][gc,phases,ref  ] GC(100)         Cleared: 0
[19.205s][debug][gc,phases,ref  ] GC(100)       PhantomReference:
[19.205s][debug][gc,phases,ref  ] GC(100)         Discovered: 0
[19.205s][debug][gc,phases,ref  ] GC(100)         Cleared: 0
[19.205s][debug][gc,phases      ] GC(100)     Weak Processing: 0.0ms
[19.205s][debug][gc,phases      ] GC(100)       JVMTI weak processing: 0.0ms
[19.205s][debug][gc,phases      ] GC(100)         Dead: 0
[19.205s][debug][gc,phases      ] GC(100)         Total: 0
[19.205s][debug][gc,phases      ] GC(100)       JFR weak processing: 0.0ms
[19.205s][debug][gc,phases      ] GC(100)         Dead: 0
[19.205s][debug][gc,phases      ] GC(100)         Total: 0
[19.205s][debug][gc,phases      ] GC(100)       JNI weak                  Min:  0.0, Avg:  0.0, Max:  0.0, Diff:  0.0, Sum:  0.0, Workers: 5
[19.205s][debug][gc,phases      ] GC(100)         Dead                      Min: 0, Avg:  0.0, Max: 0, Diff: 0, Sum: 0, Workers: 5
[19.205s][debug][gc,phases      ] GC(100)         Total                     Min: 0, Avg: 12.6, Max: 59, Diff: 59, Sum: 63, Workers: 5
[19.205s][debug][gc,phases      ] GC(100)       VM weak                   Min:  0.0, Avg:  0.0, Max:  0.0, Diff:  0.0, Sum:  0.0, Workers: 5
[19.205s][debug][gc,phases      ] GC(100)         Dead                      Min: 0, Avg:  0.0, Max: 0, Diff: 0, Sum: 0, Workers: 5
[19.205s][debug][gc,phases      ] GC(100)         Total                     Min: 0, Avg: 44.0, Max: 128, Diff: 128, Sum: 220, Workers: 5
[19.205s][debug][gc,phases      ] GC(100)       StringTable weak          Min:  0.0, Avg:  0.0, Max:  0.0, Diff:  0.0, Sum:  0.1, Workers: 5
[19.205s][debug][gc,phases      ] GC(100)         Dead                      Min: 0, Avg:  0.0, Max: 0, Diff: 0, Sum: 0, Workers: 5
[19.205s][debug][gc,phases      ] GC(100)         Total                     Min: 128, Avg: 718.4, Max: 1224, Diff: 1096, Sum: 3592, Workers: 5
[19.205s][debug][gc,phases      ] GC(100)       ResolvedMethodTable weak  Min:  0.0, Avg:  0.0, Max:  0.0, Diff:  0.0, Sum:  0.0, Workers: 5
[19.205s][debug][gc,phases      ] GC(100)         Dead                      Min: 0, Avg:  0.0, Max: 0, Diff: 0, Sum: 0, Workers: 5
[19.205s][debug][gc,phases      ] GC(100)         Total                     Min: 64, Avg: 116.6, Max: 192, Diff: 128, Sum: 583, Workers: 5
[19.205s][debug][gc,phases      ] GC(100)     Merge Per-Thread State: 0.0ms
[19.205s][debug][gc,phases      ] GC(100)       Copied Bytes              Min: 0, Avg: 50.0, Max: 128, Diff: 128, Sum: 400, Workers: 8
[19.205s][debug][gc,phases      ] GC(100)       LAB Waste                 Min: 0, Avg:  0.0, Max: 0, Diff: 0, Sum: 0, Workers: 8
[19.205s][debug][gc,phases      ] GC(100)       LAB Undo Waste            Min: 0, Avg:  0.0, Max: 0, Diff: 0, Sum: 0, Workers: 8
[19.205s][debug][gc,phases      ] GC(100)     Code Roots Purge: 0.0ms
[19.205s][debug][gc,phases      ] GC(100)     Redirty Cards: 0.0ms
[19.205s][debug][gc,phases      ] GC(100)     DerivedPointerTable Update: 0.0ms
[19.205s][debug][gc,phases      ] GC(100)     Free Collection Set: 0.1ms
[19.205s][debug][gc,phases      ] GC(100)     Rebuild Free List: 0.1ms
[19.205s][debug][gc,phases      ] GC(100)     Humongous Reclaim: 0.0ms
[19.205s][debug][gc,phases      ] GC(100)     Start New Collection Set: 0.0ms
[19.205s][debug][gc,phases      ] GC(100)     Resize TLABs: 0.0ms
[19.205s][debug][gc,phases      ] GC(100)     Expand Heap After Collection: 0.0ms
[19.205s][info ][gc,phases      ] GC(100)   Other: 0.4ms
[19.205s][info ][gc,heap        ] GC(100) Eden regions: 186->0(186)
[19.205s][info ][gc,heap        ] GC(100) Survivor regions: 1->1(24)
[19.205s][info ][gc,heap        ] GC(100) Old regions: 7->7
[19.205s][info ][gc,heap        ] GC(100) Archive regions: 2->2
[19.205s][info ][gc,heap        ] GC(100) Humongous regions: 0->0
[19.205s][info ][gc,metaspace   ] GC(100) Metaspace: 10391K(10880K)->10391K(10880K) NonClass: 9188K(9472K)->9188K(9472K) Class: 1202K(1408K)->1202K(1408K)
[19.205s][debug][gc,heap        ] GC(100) Heap after GC invocations=101 (full 1): garbage-first heap   total 319488K, used 4334K [0x0000000700000000, 0x0000000800000000)
[19.205s][debug][gc,heap        ] GC(100)   region size 1024K, 1 young (1024K), 1 survivors (1024K)
[19.205s][debug][gc,heap        ] GC(100)  Metaspace       used 10391K, capacity 10712K, committed 10880K, reserved 1058816K
[19.205s][debug][gc,heap        ] GC(100)   class space    used 1202K, capacity 1338K, committed 1408K, reserved 1048576K
[19.205s][info ][gc             ] GC(100) Pause Young (Normal) (G1 Evacuation Pause) 190M->4M(312M) 1.888ms
[19.205s][info ][gc,cpu         ] GC(100) User=0.00s Sys=0.00s Real=0.00s
[19.205s][info ][safepoint      ] Safepoint "G1CollectForAllocation", Time since last: 155238598 ns, Reaching safepoint: 151517 ns, At safepoint: 2123208 ns, Total: 2274725 ns
[19.366s][debug][gc,heap        ] GC(101) Heap before GC invocations=101 (full 1): garbage-first heap   total 319488K, used 194798K [0x0000000700000000, 0x0000000800000000)
[19.366s][debug][gc,heap        ] GC(101)   region size 1024K, 187 young (191488K), 1 survivors (1024K)
[19.366s][debug][gc,heap        ] GC(101)  Metaspace       used 10391K, capacity 10712K, committed 10880K, reserved 1058816K
[19.366s][debug][gc,heap        ] GC(101)   class space    used 1202K, capacity 1338K, committed 1408K, reserved 1048576K
[19.366s][info ][gc,start       ] GC(101) Pause Young (Normal) (G1 Evacuation Pause)
[19.366s][info ][gc,task        ] GC(101) Using 8 workers of 8 for evacuation
[19.366s][debug][gc,tlab        ] GC(101) TLAB totals: thrds: 8  refills: 746 max: 113 slow allocs: 0 max 0 waste:  0.9% gc: 1329000B max: 470544B slow: 432184B max: 65112B fast: 0B max: 0B
[19.366s][debug][gc,age         ] GC(101) Desired survivor size 12582912 bytes, new threshold 15 (max threshold 15)
[19.366s][debug][gc,alloc,region] GC(101) Mutator Allocation stats, regions: 186, wasted size: 0B ( 0.0%)
[19.366s][debug][gc,ergo        ] GC(101) Running G1 Merge Heap Roots using 8 workers for 187 regions
[19.366s][debug][gc,remset      ] GC(101) Visited cards 256 Total dirty 2048 (12.50%) Total old 784384 (0.03%)
[19.366s][debug][gc,ergo        ] GC(101) Running G1 Clear Card Table Task using 1 workers for 1 units of work for 188 regions.
[19.367s][debug][gc,ref         ] GC(101) Skipped phase1 of Reference Processing due to unavailable references
[19.367s][debug][gc,ref         ] GC(101) Skipped phase2 of Reference Processing due to unavailable references
[19.367s][debug][gc,ref         ] GC(101) Skipped phase3 of Reference Processing due to unavailable references
[19.367s][debug][gc,ref         ] GC(101) Skipped phase4 of Reference Processing due to unavailable references
[19.367s][debug][gc,ergo        ] GC(101) Running G1 Free Collection Set using 8 workers for collection set length 187 (312)
[19.367s][debug][gc,ergo        ] GC(101) Running G1 Rebuild Free List Task using 8 workers for rebuilding free list of 0 (4096) regions
[19.367s][trace][gc,age         ] GC(101) Age table with threshold 15 (max threshold 15)
[19.367s][trace][gc,age         ] GC(101) - age   1:        480 bytes,        480 total
[19.367s][debug][gc,plab        ] GC(101) Young PLAB allocation: allocated: 14448B, wasted: 0B, unused: 13968B, used: 480B, undo waste: 0B, 
[19.367s][debug][gc,plab        ] GC(101) Young other allocation: region end waste: 0B, regions filled: 1, direct allocated: 0B, failure used: 0B, failure wasted: 0B
[19.367s][debug][gc,plab        ] GC(101) Young sizing: calculated: 96B, actual: 2064B
[19.367s][debug][gc,plab        ] GC(101) Old PLAB allocation: allocated: 0B, wasted: 0B, unused: 0B, used: 0B, undo waste: 0B, 
[19.367s][debug][gc,plab        ] GC(101) Old other allocation: region end waste: 0B, regions filled: 1, direct allocated: 0B, failure used: 0B, failure wasted: 0B
[19.367s][debug][gc,plab        ] GC(101) Old sizing: calculated: 0B, actual: 2064B
[19.367s][debug][gc,ihop        ] GC(101) Basic information (value update), threshold: 147220070B (45.00), target occupancy: 327155712B, current occupancy: 4442808B, recent allocation size: 0B, recent allocation duration: 161.88ms, recent old gen allocation rate: 0.00B/s, recent marking phase length: 0.00ms
[19.367s][debug][gc,ihop        ] GC(101) Adaptive IHOP information (value update), threshold: 147220070B (47.37), internal target occupancy: 310797926B, occupancy: 4442808B, additional buffer size: 196083712B, predicted old gen allocation rate: 7980.60B/s, predicted marking phase length: 0.00ms, prediction active: false
[19.367s][debug][gc,ergo,refine ] GC(101) Concurrent refinement times: Logged Cards Scan time goal: 20.00ms Logged Cards Scan time: 0.00ms HCC time: 0.00ms
[19.367s][debug][gc,ergo,refine ] GC(101) Updated Refinement Zones: green: 2048, yellow: 6144, red: 10240
[19.367s][info ][gc,phases      ] GC(101)   Pre Evacuate Collection Set: 0.1ms
[19.367s][debug][gc,phases      ] GC(101)     Prepare TLABs: 0.0ms
[19.367s][debug][gc,phases      ] GC(101)     Choose Collection Set: 0.0ms
[19.367s][debug][gc,phases      ] GC(101)     Region Register: 0.1ms
[19.367s][debug][gc,phases      ] GC(101)     Prepare Heap Roots: 0.0ms
[19.367s][info ][gc,phases      ] GC(101)   Merge Heap Roots: 0.1ms
[19.367s][debug][gc,phases      ] GC(101)     Prepare Merge Heap Roots: 0.0ms
[19.367s][debug][gc,phases      ] GC(101)     Eager Reclaim (ms):       skipped
[19.367s][debug][gc,phases      ] GC(101)     Remembered Sets (ms):     Min:  0.0, Avg:  0.0, Max:  0.0, Diff:  0.0, Sum:  0.0, Workers: 8
[19.367s][debug][gc,phases      ] GC(101)       Merged Sparse:            Min: 0, Avg:  0.0, Max: 0, Diff: 0, Sum: 0, Workers: 8
[19.367s][debug][gc,phases      ] GC(101)       Merged Fine:              Min: 0, Avg:  0.0, Max: 0, Diff: 0, Sum: 0, Workers: 8
[19.367s][debug][gc,phases      ] GC(101)       Merged Coarse:            Min: 0, Avg:  0.0, Max: 0, Diff: 0, Sum: 0, Workers: 8
[19.367s][debug][gc,phases      ] GC(101)       Dirty Cards:              Min: 0, Avg:  0.0, Max: 0, Diff: 0, Sum: 0, Workers: 8
[19.367s][debug][gc,phases      ] GC(101)     Hot Card Cache (ms):      Min:  0.0, Avg:  0.0, Max:  0.0, Diff:  0.0, Sum:  0.0, Workers: 8
[19.367s][debug][gc,phases      ] GC(101)       Dirty Cards:              Min: 0, Avg:  0.0, Max: 0, Diff: 0, Sum: 0, Workers: 8
[19.367s][debug][gc,phases      ] GC(101)       Skipped Cards:            Min: 0, Avg:  0.0, Max: 0, Diff: 0, Sum: 0, Workers: 8
[19.367s][debug][gc,phases      ] GC(101)     Log Buffers (ms):         Min:  0.0, Avg:  0.0, Max:  0.0, Diff:  0.0, Sum:  0.0, Workers: 8
[19.367s][debug][gc,phases      ] GC(101)       Dirty Cards:              Min: 0, Avg:  0.1, Max: 1, Diff: 1, Sum: 1, Workers: 8
[19.367s][debug][gc,phases      ] GC(101)       Skipped Cards:            Min: 0, Avg:  0.0, Max: 0, Diff: 0, Sum: 0, Workers: 8
[19.367s][info ][gc,phases      ] GC(101)   Evacuate Collection Set: 0.2ms
[19.367s][debug][gc,phases      ] GC(101)     Ext Root Scanning (ms):   Min:  0.0, Avg:  0.0, Max:  0.1, Diff:  0.0, Sum:  0.2, Workers: 8
[19.367s][debug][gc,phases      ] GC(101)     Scan Heap Roots (ms):     Min:  0.0, Avg:  0.0, Max:  0.0, Diff:  0.0, Sum:  0.0, Workers: 8
[19.367s][debug][gc,phases      ] GC(101)       Scanned Cards:            Min: 0, Avg:  0.1, Max: 1, Diff: 1, Sum: 1, Workers: 8
[19.367s][debug][gc,phases      ] GC(101)       Scanned Blocks:           Min: 0, Avg:  0.1, Max: 1, Diff: 1, Sum: 1, Workers: 8
[19.367s][debug][gc,phases      ] GC(101)       Claimed Chunks:           Min: 0, Avg:  0.1, Max: 1, Diff: 1, Sum: 1, Workers: 8
[19.367s][debug][gc,phases      ] GC(101)     Code Root Scan (ms):      Min:  0.0, Avg:  0.0, Max:  0.0, Diff:  0.0, Sum:  0.0, Workers: 8
[19.367s][debug][gc,phases      ] GC(101)     Object Copy (ms):         Min:  0.0, Avg:  0.0, Max:  0.0, Diff:  0.0, Sum:  0.0, Workers: 8
[19.367s][debug][gc,phases      ] GC(101)     Termination (ms):         Min:  0.1, Avg:  0.1, Max:  0.1, Diff:  0.0, Sum:  0.5, Workers: 8
[19.367s][debug][gc,phases      ] GC(101)       Termination Attempts:     Min: 1, Avg:  1.0, Max: 1, Diff: 0, Sum: 8, Workers: 8
[19.367s][debug][gc,phases      ] GC(101)     GC Worker Other (ms):     Min:  0.0, Avg:  0.0, Max:  0.0, Diff:  0.0, Sum:  0.1, Workers: 8
[19.367s][debug][gc,phases      ] GC(101)     GC Worker Total (ms):     Min:  0.1, Avg:  0.1, Max:  0.1, Diff:  0.1, Sum:  0.9, Workers: 8
[19.367s][info ][gc,phases      ] GC(101)   Post Evacuate Collection Set: 0.3ms
[19.367s][debug][gc,phases      ] GC(101)     Code Roots Fixup: 0.0ms
[19.367s][debug][gc,phases      ] GC(101)     Clear Card Table: 0.1ms
[19.367s][debug][gc,phases      ] GC(101)     Reference Processing: 0.0ms
[19.367s][debug][gc,phases,ref  ] GC(101)       Reconsider SoftReferences: 0.0ms
[19.367s][debug][gc,phases,ref  ] GC(101)         SoftRef (ms):             skipped
[19.367s][debug][gc,phases,ref  ] GC(101)       Notify Soft/WeakReferences: 0.0ms
[19.367s][debug][gc,phases,ref  ] GC(101)         SoftRef (ms):             skipped
[19.367s][debug][gc,phases,ref  ] GC(101)         WeakRef (ms):             skipped
[19.367s][debug][gc,phases,ref  ] GC(101)         FinalRef (ms):            skipped
[19.367s][debug][gc,phases,ref  ] GC(101)         Total (ms):               skipped
[19.367s][debug][gc,phases,ref  ] GC(101)       Notify and keep alive finalizable: 0.0ms
[19.367s][debug][gc,phases,ref  ] GC(101)         FinalRef (ms):            skipped
[19.367s][debug][gc,phases,ref  ] GC(101)       Notify PhantomReferences: 0.0ms
[19.367s][debug][gc,phases,ref  ] GC(101)         PhantomRef (ms):          skipped
[19.367s][debug][gc,phases,ref  ] GC(101)       SoftReference:
[19.367s][debug][gc,phases,ref  ] GC(101)         Discovered: 0
[19.367s][debug][gc,phases,ref  ] GC(101)         Cleared: 0
[19.367s][debug][gc,phases,ref  ] GC(101)       WeakReference:
[19.367s][debug][gc,phases,ref  ] GC(101)         Discovered: 0
[19.367s][debug][gc,phases,ref  ] GC(101)         Cleared: 0
[19.367s][debug][gc,phases,ref  ] GC(101)       FinalReference:
[19.367s][debug][gc,phases,ref  ] GC(101)         Discovered: 0
[19.367s][debug][gc,phases,ref  ] GC(101)         Cleared: 0
[19.367s][debug][gc,phases,ref  ] GC(101)       PhantomReference:
[19.367s][debug][gc,phases,ref  ] GC(101)         Discovered: 0
[19.367s][debug][gc,phases,ref  ] GC(101)         Cleared: 0
[19.367s][debug][gc,phases      ] GC(101)     Weak Processing: 0.1ms
[19.367s][debug][gc,phases      ] GC(101)       JVMTI weak processing: 0.0ms
[19.367s][debug][gc,phases      ] GC(101)         Dead: 0
[19.367s][debug][gc,phases      ] GC(101)         Total: 0
[19.367s][debug][gc,phases      ] GC(101)       JFR weak processing: 0.0ms
[19.367s][debug][gc,phases      ] GC(101)         Dead: 0
[19.367s][debug][gc,phases      ] GC(101)         Total: 0
[19.367s][debug][gc,phases      ] GC(101)       JNI weak                  Min:  0.0, Avg:  0.0, Max:  0.0, Diff:  0.0, Sum:  0.0, Workers: 5
[19.368s][debug][gc,phases      ] GC(101)         Dead                      Min: 0, Avg:  0.0, Max: 0, Diff: 0, Sum: 0, Workers: 5
[19.368s][debug][gc,phases      ] GC(101)         Total                     Min: 0, Avg: 12.6, Max: 63, Diff: 63, Sum: 63, Workers: 5
[19.368s][debug][gc,phases      ] GC(101)       VM weak                   Min:  0.0, Avg:  0.0, Max:  0.0, Diff:  0.0, Sum:  0.0, Workers: 5
[19.368s][debug][gc,phases      ] GC(101)         Dead                      Min: 0, Avg:  0.0, Max: 0, Diff: 0, Sum: 0, Workers: 5
[19.368s][debug][gc,phases      ] GC(101)         Total                     Min: 0, Avg: 44.0, Max: 220, Diff: 220, Sum: 220, Workers: 5
[19.368s][debug][gc,phases      ] GC(101)       StringTable weak          Min:  0.0, Avg:  0.0, Max:  0.0, Diff:  0.0, Sum:  0.0, Workers: 5
[19.368s][debug][gc,phases      ] GC(101)         Dead                      Min: 0, Avg:  0.0, Max: 0, Diff: 0, Sum: 0, Workers: 5
[19.368s][debug][gc,phases      ] GC(101)         Total                     Min: 0, Avg: 718.4, Max: 3592, Diff: 3592, Sum: 3592, Workers: 5
[19.368s][debug][gc,phases      ] GC(101)       ResolvedMethodTable weak  Min:  0.0, Avg:  0.0, Max:  0.0, Diff:  0.0, Sum:  0.0, Workers: 5
[19.368s][debug][gc,phases      ] GC(101)         Dead                      Min: 0, Avg:  0.0, Max: 0, Diff: 0, Sum: 0, Workers: 5
[19.368s][debug][gc,phases      ] GC(101)         Total                     Min: 0, Avg: 116.6, Max: 448, Diff: 448, Sum: 583, Workers: 5
[19.368s][debug][gc,phases      ] GC(101)     Merge Per-Thread State: 0.0ms
[19.368s][debug][gc,phases      ] GC(101)       Copied Bytes              Min: 0, Avg: 60.0, Max: 104, Diff: 104, Sum: 480, Workers: 8
[19.368s][debug][gc,phases      ] GC(101)       LAB Waste                 Min: 0, Avg:  0.0, Max: 0, Diff: 0, Sum: 0, Workers: 8
[19.368s][debug][gc,phases      ] GC(101)       LAB Undo Waste            Min: 0, Avg:  0.0, Max: 0, Diff: 0, Sum: 0, Workers: 8
[19.368s][debug][gc,phases      ] GC(101)     Code Roots Purge: 0.0ms
[19.368s][debug][gc,phases      ] GC(101)     Redirty Cards: 0.0ms
[19.368s][debug][gc,phases      ] GC(101)     DerivedPointerTable Update: 0.0ms
[19.368s][debug][gc,phases      ] GC(101)     Free Collection Set: 0.1ms
[19.368s][debug][gc,phases      ] GC(101)     Rebuild Free List: 0.0ms
[19.368s][debug][gc,phases      ] GC(101)     Humongous Reclaim: 0.0ms
[19.368s][debug][gc,phases      ] GC(101)     Start New Collection Set: 0.0ms
[19.368s][debug][gc,phases      ] GC(101)     Resize TLABs: 0.0ms
[19.368s][debug][gc,phases      ] GC(101)     Expand Heap After Collection: 0.0ms
[19.368s][info ][gc,phases      ] GC(101)   Other: 0.3ms
[19.368s][info ][gc,heap        ] GC(101) Eden regions: 186->0(186)
[19.368s][info ][gc,heap        ] GC(101) Survivor regions: 1->1(24)
[19.368s][info ][gc,heap        ] GC(101) Old regions: 7->7
[19.368s][info ][gc,heap        ] GC(101) Archive regions: 2->2
[19.368s][info ][gc,heap        ] GC(101) Humongous regions: 0->0
[19.368s][info ][gc,metaspace   ] GC(101) Metaspace: 10391K(10880K)->10391K(10880K) NonClass: 9188K(9472K)->9188K(9472K) Class: 1202K(1408K)->1202K(1408K)
[19.368s][debug][gc,heap        ] GC(101) Heap after GC invocations=102 (full 1): garbage-first heap   total 319488K, used 4338K [0x0000000700000000, 0x0000000800000000)
[19.368s][debug][gc,heap        ] GC(101)   region size 1024K, 1 young (1024K), 1 survivors (1024K)
[19.368s][debug][gc,heap        ] GC(101)  Metaspace       used 10391K, capacity 10712K, committed 10880K, reserved 1058816K
[19.368s][debug][gc,heap        ] GC(101)   class space    used 1202K, capacity 1338K, committed 1408K, reserved 1048576K
[19.368s][info ][gc             ] GC(101) Pause Young (Normal) (G1 Evacuation Pause) 190M->4M(312M) 1.756ms
[19.368s][info ][gc,cpu         ] GC(101) User=0.00s Sys=0.00s Real=0.00s
[19.368s][info ][safepoint      ] Safepoint "G1CollectForAllocation", Time since last: 160578366 ns, Reaching safepoint: 136009 ns, At safepoint: 1943417 ns, Total: 2079426 ns
[19.526s][debug][gc,heap        ] GC(102) Heap before GC invocations=102 (full 1): garbage-first heap   total 319488K, used 194802K [0x0000000700000000, 0x0000000800000000)
[19.526s][debug][gc,heap        ] GC(102)   region size 1024K, 187 young (191488K), 1 survivors (1024K)
[19.526s][debug][gc,heap        ] GC(102)  Metaspace       used 10391K, capacity 10712K, committed 10880K, reserved 1058816K
[19.526s][debug][gc,heap        ] GC(102)   class space    used 1202K, capacity 1338K, committed 1408K, reserved 1048576K
[19.526s][info ][gc,start       ] GC(102) Pause Young (Normal) (G1 Evacuation Pause)
[19.526s][info ][gc,task        ] GC(102) Using 8 workers of 8 for evacuation
[19.526s][debug][gc,tlab        ] GC(102) TLAB totals: thrds: 8  refills: 745 max: 97 slow allocs: 0 max 0 waste:  1.0% gc: 1522976B max: 408496B slow: 430192B max: 56232B fast: 0B max: 0B
[19.526s][debug][gc,age         ] GC(102) Desired survivor size 12582912 bytes, new threshold 15 (max threshold 15)
[19.526s][debug][gc,alloc,region] GC(102) Mutator Allocation stats, regions: 186, wasted size: 0B ( 0.0%)
[19.526s][debug][gc,ergo        ] GC(102) Running G1 Merge Heap Roots using 8 workers for 187 regions
[19.526s][debug][gc,remset      ] GC(102) Visited cards 256 Total dirty 2048 (12.50%) Total old 784384 (0.03%)
[19.527s][debug][gc,ergo        ] GC(102) Running G1 Clear Card Table Task using 1 workers for 1 units of work for 188 regions.
[19.527s][debug][gc,ref         ] GC(102) Skipped phase1 of Reference Processing due to unavailable references
[19.527s][debug][gc,ref         ] GC(102) Skipped phase2 of Reference Processing due to unavailable references
[19.527s][debug][gc,ref         ] GC(102) Skipped phase3 of Reference Processing due to unavailable references
[19.527s][debug][gc,ref         ] GC(102) Skipped phase4 of Reference Processing due to unavailable references
[19.527s][debug][gc,ergo        ] GC(102) Running G1 Free Collection Set using 8 workers for collection set length 187 (312)
[19.527s][debug][gc,ergo        ] GC(102) Running G1 Rebuild Free List Task using 8 workers for rebuilding free list of 0 (4096) regions
[19.527s][trace][gc,age         ] GC(102) Age table with threshold 15 (max threshold 15)
[19.527s][trace][gc,age         ] GC(102) - age   1:        424 bytes,        424 total
[19.527s][debug][gc,plab        ] GC(102) Young PLAB allocation: allocated: 12384B, wasted: 0B, unused: 11960B, used: 424B, undo waste: 0B, 
[19.527s][debug][gc,plab        ] GC(102) Young other allocation: region end waste: 0B, regions filled: 1, direct allocated: 0B, failure used: 0B, failure wasted: 0B
[19.527s][debug][gc,plab        ] GC(102) Young sizing: calculated: 80B, actual: 2064B
[19.527s][debug][gc,plab        ] GC(102) Old PLAB allocation: allocated: 0B, wasted: 0B, unused: 0B, used: 0B, undo waste: 0B, 
[19.527s][debug][gc,plab        ] GC(102) Old other allocation: region end waste: 0B, regions filled: 1, direct allocated: 0B, failure used: 0B, failure wasted: 0B
[19.527s][debug][gc,plab        ] GC(102) Old sizing: calculated: 0B, actual: 2064B
[19.527s][debug][gc,ihop        ] GC(102) Basic information (value update), threshold: 147220070B (45.00), target occupancy: 327155712B, current occupancy: 4440744B, recent allocation size: 0B, recent allocation duration: 159.35ms, recent old gen allocation rate: 0.00B/s, recent marking phase length: 0.00ms
[19.527s][debug][gc,ihop        ] GC(102) Adaptive IHOP information (value update), threshold: 147220070B (47.37), internal target occupancy: 310797926B, occupancy: 4440744B, additional buffer size: 196083712B, predicted old gen allocation rate: 7747.46B/s, predicted marking phase length: 0.00ms, prediction active: false
[19.527s][debug][gc,ergo,refine ] GC(102) Concurrent refinement times: Logged Cards Scan time goal: 20.00ms Logged Cards Scan time: 0.00ms HCC time: 0.00ms
[19.527s][debug][gc,ergo,refine ] GC(102) Updated Refinement Zones: green: 2048, yellow: 6144, red: 10240
[19.527s][info ][gc,phases      ] GC(102)   Pre Evacuate Collection Set: 0.1ms
[19.527s][debug][gc,phases      ] GC(102)     Prepare TLABs: 0.0ms
[19.527s][debug][gc,phases      ] GC(102)     Choose Collection Set: 0.0ms
[19.527s][debug][gc,phases      ] GC(102)     Region Register: 0.1ms
[19.527s][debug][gc,phases      ] GC(102)     Prepare Heap Roots: 0.0ms
[19.527s][info ][gc,phases      ] GC(102)   Merge Heap Roots: 0.1ms
[19.527s][debug][gc,phases      ] GC(102)     Prepare Merge Heap Roots: 0.0ms
[19.527s][debug][gc,phases      ] GC(102)     Eager Reclaim (ms):       skipped
[19.527s][debug][gc,phases      ] GC(102)     Remembered Sets (ms):     Min:  0.0, Avg:  0.0, Max:  0.0, Diff:  0.0, Sum:  0.0, Workers: 8
[19.527s][debug][gc,phases      ] GC(102)       Merged Sparse:            Min: 0, Avg:  0.0, Max: 0, Diff: 0, Sum: 0, Workers: 8
[19.527s][debug][gc,phases      ] GC(102)       Merged Fine:              Min: 0, Avg:  0.0, Max: 0, Diff: 0, Sum: 0, Workers: 8
[19.527s][debug][gc,phases      ] GC(102)       Merged Coarse:            Min: 0, Avg:  0.0, Max: 0, Diff: 0, Sum: 0, Workers: 8
[19.527s][debug][gc,phases      ] GC(102)       Dirty Cards:              Min: 0, Avg:  0.0, Max: 0, Diff: 0, Sum: 0, Workers: 8
[19.527s][debug][gc,phases      ] GC(102)     Hot Card Cache (ms):      Min:  0.0, Avg:  0.0, Max:  0.0, Diff:  0.0, Sum:  0.0, Workers: 8
[19.527s][debug][gc,phases      ] GC(102)       Dirty Cards:              Min: 0, Avg:  0.0, Max: 0, Diff: 0, Sum: 0, Workers: 8
[19.527s][debug][gc,phases      ] GC(102)       Skipped Cards:            Min: 0, Avg:  0.0, Max: 0, Diff: 0, Sum: 0, Workers: 8
[19.527s][debug][gc,phases      ] GC(102)     Log Buffers (ms):         Min:  0.0, Avg:  0.0, Max:  0.0, Diff:  0.0, Sum:  0.0, Workers: 8
[19.527s][debug][gc,phases      ] GC(102)       Dirty Cards:              Min: 0, Avg:  0.1, Max: 1, Diff: 1, Sum: 1, Workers: 8
[19.527s][debug][gc,phases      ] GC(102)       Skipped Cards:            Min: 0, Avg:  0.0, Max: 0, Diff: 0, Sum: 0, Workers: 8
[19.527s][info ][gc,phases      ] GC(102)   Evacuate Collection Set: 0.2ms
[19.527s][debug][gc,phases      ] GC(102)     Ext Root Scanning (ms):   Min:  0.0, Avg:  0.0, Max:  0.1, Diff:  0.1, Sum:  0.2, Workers: 8
[19.527s][debug][gc,phases      ] GC(102)     Scan Heap Roots (ms):     Min:  0.0, Avg:  0.0, Max:  0.0, Diff:  0.0, Sum:  0.0, Workers: 8
[19.527s][debug][gc,phases      ] GC(102)       Scanned Cards:            Min: 0, Avg:  0.1, Max: 1, Diff: 1, Sum: 1, Workers: 8
[19.527s][debug][gc,phases      ] GC(102)       Scanned Blocks:           Min: 0, Avg:  0.1, Max: 1, Diff: 1, Sum: 1, Workers: 8
[19.527s][debug][gc,phases      ] GC(102)       Claimed Chunks:           Min: 0, Avg:  0.1, Max: 1, Diff: 1, Sum: 1, Workers: 8
[19.527s][debug][gc,phases      ] GC(102)     Code Root Scan (ms):      Min:  0.0, Avg:  0.0, Max:  0.0, Diff:  0.0, Sum:  0.0, Workers: 8
[19.527s][debug][gc,phases      ] GC(102)     Object Copy (ms):         Min:  0.0, Avg:  0.0, Max:  0.0, Diff:  0.0, Sum:  0.0, Workers: 8
[19.527s][debug][gc,phases      ] GC(102)     Termination (ms):         Min:  0.1, Avg:  0.1, Max:  0.1, Diff:  0.0, Sum:  0.5, Workers: 8
[19.527s][debug][gc,phases      ] GC(102)       Termination Attempts:     Min: 1, Avg:  1.0, Max: 1, Diff: 0, Sum: 8, Workers: 8
[19.527s][debug][gc,phases      ] GC(102)     GC Worker Other (ms):     Min:  0.0, Avg:  0.0, Max:  0.0, Diff:  0.0, Sum:  0.1, Workers: 8
[19.527s][debug][gc,phases      ] GC(102)     GC Worker Total (ms):     Min:  0.1, Avg:  0.1, Max:  0.1, Diff:  0.0, Sum:  0.9, Workers: 8
[19.527s][info ][gc,phases      ] GC(102)   Post Evacuate Collection Set: 0.3ms
[19.527s][debug][gc,phases      ] GC(102)     Code Roots Fixup: 0.0ms
[19.527s][debug][gc,phases      ] GC(102)     Clear Card Table: 0.1ms
[19.527s][debug][gc,phases      ] GC(102)     Reference Processing: 0.0ms
[19.527s][debug][gc,phases,ref  ] GC(102)       Reconsider SoftReferences: 0.0ms
[19.527s][debug][gc,phases,ref  ] GC(102)         SoftRef (ms):             skipped
[19.527s][debug][gc,phases,ref  ] GC(102)       Notify Soft/WeakReferences: 0.0ms
[19.527s][debug][gc,phases,ref  ] GC(102)         SoftRef (ms):             skipped
[19.527s][debug][gc,phases,ref  ] GC(102)         WeakRef (ms):             skipped
[19.527s][debug][gc,phases,ref  ] GC(102)         FinalRef (ms):            skipped
[19.527s][debug][gc,phases,ref  ] GC(102)         Total (ms):               skipped
[19.527s][debug][gc,phases,ref  ] GC(102)       Notify and keep alive finalizable: 0.0ms
[19.527s][debug][gc,phases,ref  ] GC(102)         FinalRef (ms):            skipped
[19.527s][debug][gc,phases,ref  ] GC(102)       Notify PhantomReferences: 0.0ms
[19.527s][debug][gc,phases,ref  ] GC(102)         PhantomRef (ms):          skipped
[19.527s][debug][gc,phases,ref  ] GC(102)       SoftReference:
[19.528s][debug][gc,phases,ref  ] GC(102)         Discovered: 0
[19.528s][debug][gc,phases,ref  ] GC(102)         Cleared: 0
[19.528s][debug][gc,phases,ref  ] GC(102)       WeakReference:
[19.528s][debug][gc,phases,ref  ] GC(102)         Discovered: 0
[19.528s][debug][gc,phases,ref  ] GC(102)         Cleared: 0
[19.528s][debug][gc,phases,ref  ] GC(102)       FinalReference:
[19.528s][debug][gc,phases,ref  ] GC(102)         Discovered: 0
[19.528s][debug][gc,phases,ref  ] GC(102)         Cleared: 0
[19.528s][debug][gc,phases,ref  ] GC(102)       PhantomReference:
[19.528s][debug][gc,phases,ref  ] GC(102)         Discovered: 0
[19.528s][debug][gc,phases,ref  ] GC(102)         Cleared: 0
[19.528s][debug][gc,phases      ] GC(102)     Weak Processing: 0.1ms
[19.528s][debug][gc,phases      ] GC(102)       JVMTI weak processing: 0.0ms
[19.528s][debug][gc,phases      ] GC(102)         Dead: 0
[19.528s][debug][gc,phases      ] GC(102)         Total: 0
[19.528s][debug][gc,phases      ] GC(102)       JFR weak processing: 0.0ms
[19.528s][debug][gc,phases      ] GC(102)         Dead: 0
[19.528s][debug][gc,phases      ] GC(102)         Total: 0
[19.528s][debug][gc,phases      ] GC(102)       JNI weak                  Min:  0.0, Avg:  0.0, Max:  0.0, Diff:  0.0, Sum:  0.0, Workers: 5
[19.528s][debug][gc,phases      ] GC(102)         Dead                      Min: 0, Avg:  0.0, Max: 0, Diff: 0, Sum: 0, Workers: 5
[19.528s][debug][gc,phases      ] GC(102)         Total                     Min: 0, Avg: 12.6, Max: 59, Diff: 59, Sum: 63, Workers: 5
[19.528s][debug][gc,phases      ] GC(102)       VM weak                   Min:  0.0, Avg:  0.0, Max:  0.0, Diff:  0.0, Sum:  0.0, Workers: 5
[19.528s][debug][gc,phases      ] GC(102)         Dead                      Min: 0, Avg:  0.0, Max: 0, Diff: 0, Sum: 0, Workers: 5
[19.528s][debug][gc,phases      ] GC(102)         Total                     Min: 0, Avg: 44.0, Max: 128, Diff: 128, Sum: 220, Workers: 5
[19.528s][debug][gc,phases      ] GC(102)       StringTable weak          Min:  0.0, Avg:  0.0, Max:  0.0, Diff:  0.0, Sum:  0.1, Workers: 5
[19.528s][debug][gc,phases      ] GC(102)         Dead                      Min: 0, Avg:  0.0, Max: 0, Diff: 0, Sum: 0, Workers: 5
[19.528s][debug][gc,phases      ] GC(102)         Total                     Min: 0, Avg: 718.4, Max: 1800, Diff: 1800, Sum: 3592, Workers: 5
[19.528s][debug][gc,phases      ] GC(102)       ResolvedMethodTable weak  Min:  0.0, Avg:  0.0, Max:  0.0, Diff:  0.0, Sum:  0.0, Workers: 5
[19.528s][debug][gc,phases      ] GC(102)         Dead                      Min: 0, Avg:  0.0, Max: 0, Diff: 0, Sum: 0, Workers: 5
[19.528s][debug][gc,phases      ] GC(102)         Total                     Min: 0, Avg: 116.6, Max: 320, Diff: 320, Sum: 583, Workers: 5
[19.528s][debug][gc,phases      ] GC(102)     Merge Per-Thread State: 0.0ms
[19.528s][debug][gc,phases      ] GC(102)       Copied Bytes              Min: 0, Avg: 53.0, Max: 128, Diff: 128, Sum: 424, Workers: 8
[19.528s][debug][gc,phases      ] GC(102)       LAB Waste                 Min: 0, Avg:  0.0, Max: 0, Diff: 0, Sum: 0, Workers: 8
[19.528s][debug][gc,phases      ] GC(102)       LAB Undo Waste            Min: 0, Avg:  0.0, Max: 0, Diff: 0, Sum: 0, Workers: 8
[19.528s][debug][gc,phases      ] GC(102)     Code Roots Purge: 0.0ms
[19.528s][debug][gc,phases      ] GC(102)     Redirty Cards: 0.0ms
[19.528s][debug][gc,phases      ] GC(102)     DerivedPointerTable Update: 0.0ms
[19.528s][debug][gc,phases      ] GC(102)     Free Collection Set: 0.1ms
[19.528s][debug][gc,phases      ] GC(102)     Rebuild Free List: 0.1ms
[19.528s][debug][gc,phases      ] GC(102)     Humongous Reclaim: 0.0ms
[19.528s][debug][gc,phases      ] GC(102)     Start New Collection Set: 0.0ms
[19.528s][debug][gc,phases      ] GC(102)     Resize TLABs: 0.0ms
[19.528s][debug][gc,phases      ] GC(102)     Expand Heap After Collection: 0.0ms
[19.528s][info ][gc,phases      ] GC(102)   Other: 0.3ms
[19.528s][info ][gc,heap        ] GC(102) Eden regions: 186->0(186)
[19.528s][info ][gc,heap        ] GC(102) Survivor regions: 1->1(24)
[19.528s][info ][gc,heap        ] GC(102) Old regions: 7->7
[19.528s][info ][gc,heap        ] GC(102) Archive regions: 2->2
[19.528s][info ][gc,heap        ] GC(102) Humongous regions: 0->0
[19.528s][info ][gc,metaspace   ] GC(102) Metaspace: 10391K(10880K)->10391K(10880K) NonClass: 9188K(9472K)->9188K(9472K) Class: 1202K(1408K)->1202K(1408K)
[19.528s][debug][gc,heap        ] GC(102) Heap after GC invocations=103 (full 1): garbage-first heap   total 319488K, used 4336K [0x0000000700000000, 0x0000000800000000)
[19.528s][debug][gc,heap        ] GC(102)   region size 1024K, 1 young (1024K), 1 survivors (1024K)
[19.528s][debug][gc,heap        ] GC(102)  Metaspace       used 10391K, capacity 10712K, committed 10880K, reserved 1058816K
[19.528s][debug][gc,heap        ] GC(102)   class space    used 1202K, capacity 1338K, committed 1408K, reserved 1048576K
[19.528s][info ][gc             ] GC(102) Pause Young (Normal) (G1 Evacuation Pause) 190M->4M(312M) 1.779ms
[19.528s][info ][gc,cpu         ] GC(102) User=0.00s Sys=0.00s Real=0.00s
[19.528s][info ][safepoint      ] Safepoint "G1CollectForAllocation", Time since last: 158056419 ns, Reaching safepoint: 121480 ns, At safepoint: 1966234 ns, Total: 2087714 ns
[19.689s][debug][gc,heap        ] GC(103) Heap before GC invocations=103 (full 1): garbage-first heap   total 319488K, used 194800K [0x0000000700000000, 0x0000000800000000)
[19.689s][debug][gc,heap        ] GC(103)   region size 1024K, 187 young (191488K), 1 survivors (1024K)
[19.689s][debug][gc,heap        ] GC(103)  Metaspace       used 10391K, capacity 10712K, committed 10880K, reserved 1058816K
[19.689s][debug][gc,heap        ] GC(103)   class space    used 1202K, capacity 1338K, committed 1408K, reserved 1048576K
[19.689s][info ][gc,start       ] GC(103) Pause Young (Normal) (G1 Evacuation Pause)
[19.689s][info ][gc,task        ] GC(103) Using 8 workers of 8 for evacuation
[19.689s][debug][gc,tlab        ] GC(103) TLAB totals: thrds: 8  refills: 746 max: 103 slow allocs: 0 max 0 waste:  1.0% gc: 1518792B max: 379384B slow: 431168B max: 59288B fast: 0B max: 0B
[19.689s][debug][gc,age         ] GC(103) Desired survivor size 12582912 bytes, new threshold 15 (max threshold 15)
[19.689s][debug][gc,alloc,region] GC(103) Mutator Allocation stats, regions: 186, wasted size: 0B ( 0.0%)
[19.689s][debug][gc,ergo        ] GC(103) Running G1 Merge Heap Roots using 8 workers for 187 regions
[19.690s][debug][gc,remset      ] GC(103) Visited cards 256 Total dirty 2048 (12.50%) Total old 784384 (0.03%)
[19.690s][debug][gc,ergo        ] GC(103) Running G1 Clear Card Table Task using 1 workers for 1 units of work for 188 regions.
[19.690s][debug][gc,ref         ] GC(103) Skipped phase1 of Reference Processing due to unavailable references
[19.690s][debug][gc,ref         ] GC(103) Skipped phase2 of Reference Processing due to unavailable references
[19.690s][debug][gc,ref         ] GC(103) Skipped phase3 of Reference Processing due to unavailable references
[19.690s][debug][gc,ref         ] GC(103) Skipped phase4 of Reference Processing due to unavailable references
[19.690s][debug][gc,ergo        ] GC(103) Running G1 Free Collection Set using 8 workers for collection set length 187 (312)
[19.690s][debug][gc,ergo        ] GC(103) Running G1 Rebuild Free List Task using 8 workers for rebuilding free list of 0 (4096) regions
[19.690s][trace][gc,age         ] GC(103) Age table with threshold 15 (max threshold 15)
[19.690s][trace][gc,age         ] GC(103) - age   1:        608 bytes,        608 total
[19.690s][debug][gc,plab        ] GC(103) Young PLAB allocation: allocated: 12384B, wasted: 0B, unused: 11776B, used: 608B, undo waste: 0B, 
[19.690s][debug][gc,plab        ] GC(103) Young other allocation: region end waste: 0B, regions filled: 1, direct allocated: 0B, failure used: 0B, failure wasted: 0B
[19.690s][debug][gc,plab        ] GC(103) Young sizing: calculated: 120B, actual: 2064B
[19.690s][debug][gc,plab        ] GC(103) Old PLAB allocation: allocated: 0B, wasted: 0B, unused: 0B, used: 0B, undo waste: 0B, 
[19.690s][debug][gc,plab        ] GC(103) Old other allocation: region end waste: 0B, regions filled: 1, direct allocated: 0B, failure used: 0B, failure wasted: 0B
[19.690s][debug][gc,plab        ] GC(103) Old sizing: calculated: 0B, actual: 2064B
[19.690s][debug][gc,ihop        ] GC(103) Basic information (value update), threshold: 147220070B (45.00), target occupancy: 327155712B, current occupancy: 4440744B, recent allocation size: 0B, recent allocation duration: 162.28ms, recent old gen allocation rate: 0.00B/s, recent marking phase length: 0.00ms
[19.691s][debug][gc,ihop        ] GC(103) Adaptive IHOP information (value update), threshold: 147220070B (47.37), internal target occupancy: 310797926B, occupancy: 4440744B, additional buffer size: 196083712B, predicted old gen allocation rate: 7521.74B/s, predicted marking phase length: 0.00ms, prediction active: false
[19.691s][debug][gc,ergo,refine ] GC(103) Concurrent refinement times: Logged Cards Scan time goal: 20.00ms Logged Cards Scan time: 0.00ms HCC time: 0.00ms
[19.691s][debug][gc,ergo,refine ] GC(103) Updated Refinement Zones: green: 2048, yellow: 6144, red: 10240
[19.691s][info ][gc,phases      ] GC(103)   Pre Evacuate Collection Set: 0.1ms
[19.691s][debug][gc,phases      ] GC(103)     Prepare TLABs: 0.0ms
[19.691s][debug][gc,phases      ] GC(103)     Choose Collection Set: 0.0ms
[19.691s][debug][gc,phases      ] GC(103)     Region Register: 0.1ms
[19.691s][debug][gc,phases      ] GC(103)     Prepare Heap Roots: 0.0ms
[19.691s][info ][gc,phases      ] GC(103)   Merge Heap Roots: 0.2ms
[19.691s][debug][gc,phases      ] GC(103)     Prepare Merge Heap Roots: 0.0ms
[19.691s][debug][gc,phases      ] GC(103)     Eager Reclaim (ms):       skipped
[19.691s][debug][gc,phases      ] GC(103)     Remembered Sets (ms):     Min:  0.0, Avg:  0.0, Max:  0.0, Diff:  0.0, Sum:  0.0, Workers: 8
[19.691s][debug][gc,phases      ] GC(103)       Merged Sparse:            Min: 0, Avg:  0.0, Max: 0, Diff: 0, Sum: 0, Workers: 8
[19.691s][debug][gc,phases      ] GC(103)       Merged Fine:              Min: 0, Avg:  0.0, Max: 0, Diff: 0, Sum: 0, Workers: 8
[19.691s][debug][gc,phases      ] GC(103)       Merged Coarse:            Min: 0, Avg:  0.0, Max: 0, Diff: 0, Sum: 0, Workers: 8
[19.691s][debug][gc,phases      ] GC(103)       Dirty Cards:              Min: 0, Avg:  0.0, Max: 0, Diff: 0, Sum: 0, Workers: 8
[19.691s][debug][gc,phases      ] GC(103)     Hot Card Cache (ms):      Min:  0.0, Avg:  0.0, Max:  0.0, Diff:  0.0, Sum:  0.0, Workers: 8
[19.691s][debug][gc,phases      ] GC(103)       Dirty Cards:              Min: 0, Avg:  0.0, Max: 0, Diff: 0, Sum: 0, Workers: 8
[19.691s][debug][gc,phases      ] GC(103)       Skipped Cards:            Min: 0, Avg:  0.0, Max: 0, Diff: 0, Sum: 0, Workers: 8
[19.691s][debug][gc,phases      ] GC(103)     Log Buffers (ms):         Min:  0.0, Avg:  0.0, Max:  0.0, Diff:  0.0, Sum:  0.0, Workers: 8
[19.691s][debug][gc,phases      ] GC(103)       Dirty Cards:              Min: 0, Avg:  0.1, Max: 1, Diff: 1, Sum: 1, Workers: 8
[19.691s][debug][gc,phases      ] GC(103)       Skipped Cards:            Min: 0, Avg:  0.0, Max: 0, Diff: 0, Sum: 0, Workers: 8
[19.691s][info ][gc,phases      ] GC(103)   Evacuate Collection Set: 0.2ms
[19.691s][debug][gc,phases      ] GC(103)     Ext Root Scanning (ms):   Min:  0.0, Avg:  0.0, Max:  0.1, Diff:  0.1, Sum:  0.3, Workers: 8
[19.691s][debug][gc,phases      ] GC(103)     Scan Heap Roots (ms):     Min:  0.0, Avg:  0.0, Max:  0.0, Diff:  0.0, Sum:  0.0, Workers: 8
[19.691s][debug][gc,phases      ] GC(103)       Scanned Cards:            Min: 0, Avg:  0.1, Max: 1, Diff: 1, Sum: 1, Workers: 8
[19.691s][debug][gc,phases      ] GC(103)       Scanned Blocks:           Min: 0, Avg:  0.1, Max: 1, Diff: 1, Sum: 1, Workers: 8
[19.691s][debug][gc,phases      ] GC(103)       Claimed Chunks:           Min: 0, Avg:  0.1, Max: 1, Diff: 1, Sum: 1, Workers: 8
[19.691s][debug][gc,phases      ] GC(103)     Code Root Scan (ms):      Min:  0.0, Avg:  0.0, Max:  0.0, Diff:  0.0, Sum:  0.0, Workers: 8
[19.691s][debug][gc,phases      ] GC(103)     Object Copy (ms):         Min:  0.0, Avg:  0.0, Max:  0.0, Diff:  0.0, Sum:  0.0, Workers: 8
[19.691s][debug][gc,phases      ] GC(103)     Termination (ms):         Min:  0.1, Avg:  0.1, Max:  0.1, Diff:  0.0, Sum:  0.5, Workers: 8
[19.691s][debug][gc,phases      ] GC(103)       Termination Attempts:     Min: 1, Avg:  1.0, Max: 1, Diff: 0, Sum: 8, Workers: 8
[19.691s][debug][gc,phases      ] GC(103)     GC Worker Other (ms):     Min:  0.0, Avg:  0.0, Max:  0.0, Diff:  0.0, Sum:  0.2, Workers: 8
[19.691s][debug][gc,phases      ] GC(103)     GC Worker Total (ms):     Min:  0.1, Avg:  0.1, Max:  0.2, Diff:  0.1, Sum:  1.0, Workers: 8
[19.691s][info ][gc,phases      ] GC(103)   Post Evacuate Collection Set: 0.6ms
[19.691s][debug][gc,phases      ] GC(103)     Code Roots Fixup: 0.0ms
[19.691s][debug][gc,phases      ] GC(103)     Clear Card Table: 0.1ms
[19.691s][debug][gc,phases      ] GC(103)     Reference Processing: 0.0ms
[19.691s][debug][gc,phases,ref  ] GC(103)       Reconsider SoftReferences: 0.0ms
[19.691s][debug][gc,phases,ref  ] GC(103)         SoftRef (ms):             skipped
[19.691s][debug][gc,phases,ref  ] GC(103)       Notify Soft/WeakReferences: 0.0ms
[19.691s][debug][gc,phases,ref  ] GC(103)         SoftRef (ms):             skipped
[19.691s][debug][gc,phases,ref  ] GC(103)         WeakRef (ms):             skipped
[19.691s][debug][gc,phases,ref  ] GC(103)         FinalRef (ms):            skipped
[19.691s][debug][gc,phases,ref  ] GC(103)         Total (ms):               skipped
[19.691s][debug][gc,phases,ref  ] GC(103)       Notify and keep alive finalizable: 0.0ms
[19.691s][debug][gc,phases,ref  ] GC(103)         FinalRef (ms):            skipped
[19.691s][debug][gc,phases,ref  ] GC(103)       Notify PhantomReferences: 0.0ms
[19.691s][debug][gc,phases,ref  ] GC(103)         PhantomRef (ms):          skipped
[19.691s][debug][gc,phases,ref  ] GC(103)       SoftReference:
[19.691s][debug][gc,phases,ref  ] GC(103)         Discovered: 0
[19.691s][debug][gc,phases,ref  ] GC(103)         Cleared: 0
[19.691s][debug][gc,phases,ref  ] GC(103)       WeakReference:
[19.691s][debug][gc,phases,ref  ] GC(103)         Discovered: 0
[19.691s][debug][gc,phases,ref  ] GC(103)         Cleared: 0
[19.691s][debug][gc,phases,ref  ] GC(103)       FinalReference:
[19.691s][debug][gc,phases,ref  ] GC(103)         Discovered: 0
[19.691s][debug][gc,phases,ref  ] GC(103)         Cleared: 0
[19.691s][debug][gc,phases,ref  ] GC(103)       PhantomReference:
[19.691s][debug][gc,phases,ref  ] GC(103)         Discovered: 0
[19.691s][debug][gc,phases,ref  ] GC(103)         Cleared: 0
[19.691s][debug][gc,phases      ] GC(103)     Weak Processing: 0.1ms
[19.691s][debug][gc,phases      ] GC(103)       JVMTI weak processing: 0.0ms
[19.691s][debug][gc,phases      ] GC(103)         Dead: 0
[19.691s][debug][gc,phases      ] GC(103)         Total: 0
[19.691s][debug][gc,phases      ] GC(103)       JFR weak processing: 0.0ms
[19.691s][debug][gc,phases      ] GC(103)         Dead: 0
[19.691s][debug][gc,phases      ] GC(103)         Total: 0
[19.691s][debug][gc,phases      ] GC(103)       JNI weak                  Min:  0.0, Avg:  0.0, Max:  0.0, Diff:  0.0, Sum:  0.0, Workers: 5
[19.691s][debug][gc,phases      ] GC(103)         Dead                      Min: 0, Avg:  0.0, Max: 0, Diff: 0, Sum: 0, Workers: 5
[19.691s][debug][gc,phases      ] GC(103)         Total                     Min: 0, Avg: 12.6, Max: 59, Diff: 59, Sum: 63, Workers: 5
[19.691s][debug][gc,phases      ] GC(103)       VM weak                   Min:  0.0, Avg:  0.0, Max:  0.0, Diff:  0.0, Sum:  0.0, Workers: 5
[19.691s][debug][gc,phases      ] GC(103)         Dead                      Min: 0, Avg:  0.0, Max: 0, Diff: 0, Sum: 0, Workers: 5
[19.691s][debug][gc,phases      ] GC(103)         Total                     Min: 0, Avg: 44.0, Max: 128, Diff: 128, Sum: 220, Workers: 5
[19.691s][debug][gc,phases      ] GC(103)       StringTable weak          Min:  0.0, Avg:  0.0, Max:  0.0, Diff:  0.0, Sum:  0.1, Workers: 5
[19.691s][debug][gc,phases      ] GC(103)         Dead                      Min: 0, Avg:  0.0, Max: 0, Diff: 0, Sum: 0, Workers: 5
[19.691s][debug][gc,phases      ] GC(103)         Total                     Min: 0, Avg: 718.4, Max: 1800, Diff: 1800, Sum: 3592, Workers: 5
[19.691s][debug][gc,phases      ] GC(103)       ResolvedMethodTable weak  Min:  0.0, Avg:  0.0, Max:  0.0, Diff:  0.0, Sum:  0.1, Workers: 5
[19.691s][debug][gc,phases      ] GC(103)         Dead                      Min: 0, Avg:  0.0, Max: 0, Diff: 0, Sum: 0, Workers: 5
[19.691s][debug][gc,phases      ] GC(103)         Total                     Min: 0, Avg: 116.6, Max: 256, Diff: 256, Sum: 583, Workers: 5
[19.691s][debug][gc,phases      ] GC(103)     Merge Per-Thread State: 0.0ms
[19.691s][debug][gc,phases      ] GC(103)       Copied Bytes              Min: 0, Avg: 76.0, Max: 152, Diff: 152, Sum: 608, Workers: 8
[19.691s][debug][gc,phases      ] GC(103)       LAB Waste                 Min: 0, Avg:  0.0, Max: 0, Diff: 0, Sum: 0, Workers: 8
[19.691s][debug][gc,phases      ] GC(103)       LAB Undo Waste            Min: 0, Avg:  0.0, Max: 0, Diff: 0, Sum: 0, Workers: 8
[19.691s][debug][gc,phases      ] GC(103)     Code Roots Purge: 0.0ms
[19.691s][debug][gc,phases      ] GC(103)     Redirty Cards: 0.0ms
[19.691s][debug][gc,phases      ] GC(103)     DerivedPointerTable Update: 0.0ms
[19.691s][debug][gc,phases      ] GC(103)     Free Collection Set: 0.2ms
[19.691s][debug][gc,phases      ] GC(103)     Rebuild Free List: 0.1ms
[19.691s][debug][gc,phases      ] GC(103)     Humongous Reclaim: 0.0ms
[19.691s][debug][gc,phases      ] GC(103)     Start New Collection Set: 0.0ms
[19.691s][debug][gc,phases      ] GC(103)     Resize TLABs: 0.0ms
[19.691s][debug][gc,phases      ] GC(103)     Expand Heap After Collection: 0.0ms
[19.691s][info ][gc,phases      ] GC(103)   Other: 0.3ms
[19.691s][info ][gc,heap        ] GC(103) Eden regions: 186->0(186)
[19.691s][info ][gc,heap        ] GC(103) Survivor regions: 1->1(24)
[19.691s][info ][gc,heap        ] GC(103) Old regions: 7->7
[19.691s][info ][gc,heap        ] GC(103) Archive regions: 2->2
[19.691s][info ][gc,heap        ] GC(103) Humongous regions: 0->0
[19.691s][info ][gc,metaspace   ] GC(103) Metaspace: 10391K(10880K)->10391K(10880K) NonClass: 9188K(9472K)->9188K(9472K) Class: 1202K(1408K)->1202K(1408K)
[19.691s][debug][gc,heap        ] GC(103) Heap after GC invocations=104 (full 1): garbage-first heap   total 319488K, used 4336K [0x0000000700000000, 0x0000000800000000)
[19.691s][debug][gc,heap        ] GC(103)   region size 1024K, 1 young (1024K), 1 survivors (1024K)
[19.691s][debug][gc,heap        ] GC(103)  Metaspace       used 10391K, capacity 10712K, committed 10880K, reserved 1058816K
[19.691s][debug][gc,heap        ] GC(103)   class space    used 1202K, capacity 1338K, committed 1408K, reserved 1048576K
[19.691s][info ][gc             ] GC(103) Pause Young (Normal) (G1 Evacuation Pause) 190M->4M(312M) 2.122ms
[19.691s][info ][gc,cpu         ] GC(103) User=0.00s Sys=0.00s Real=0.00s
[19.691s][info ][safepoint      ] Safepoint "G1CollectForAllocation", Time since last: 160988113 ns, Reaching safepoint: 116056 ns, At safepoint: 2333672 ns, Total: 2449728 ns
[19.850s][debug][gc,heap        ] GC(104) Heap before GC invocations=104 (full 1): garbage-first heap   total 319488K, used 194800K [0x0000000700000000, 0x0000000800000000)
[19.850s][debug][gc,heap        ] GC(104)   region size 1024K, 187 young (191488K), 1 survivors (1024K)
[19.850s][debug][gc,heap        ] GC(104)  Metaspace       used 10391K, capacity 10712K, committed 10880K, reserved 1058816K
[19.850s][debug][gc,heap        ] GC(104)   class space    used 1202K, capacity 1338K, committed 1408K, reserved 1048576K
[19.850s][info ][gc,start       ] GC(104) Pause Young (Normal) (G1 Evacuation Pause)
[19.850s][info ][gc,task        ] GC(104) Using 8 workers of 8 for evacuation
[19.851s][debug][gc,tlab        ] GC(104) TLAB totals: thrds: 8  refills: 746 max: 101 slow allocs: 0 max 0 waste:  1.0% gc: 1565536B max: 392352B slow: 431408B max: 59032B fast: 0B max: 0B
[19.851s][debug][gc,age         ] GC(104) Desired survivor size 12582912 bytes, new threshold 15 (max threshold 15)
[19.851s][debug][gc,alloc,region] GC(104) Mutator Allocation stats, regions: 186, wasted size: 0B ( 0.0%)
[19.851s][debug][gc,ergo        ] GC(104) Running G1 Merge Heap Roots using 8 workers for 187 regions
[19.851s][debug][gc,remset      ] GC(104) Visited cards 256 Total dirty 2048 (12.50%) Total old 784384 (0.03%)
[19.851s][debug][gc,ergo        ] GC(104) Running G1 Clear Card Table Task using 1 workers for 1 units of work for 188 regions.
[19.851s][debug][gc,ref         ] GC(104) Skipped phase1 of Reference Processing due to unavailable references
[19.851s][debug][gc,ref         ] GC(104) Skipped phase2 of Reference Processing due to unavailable references
[19.851s][debug][gc,ref         ] GC(104) Skipped phase3 of Reference Processing due to unavailable references
[19.851s][debug][gc,ref         ] GC(104) Skipped phase4 of Reference Processing due to unavailable references
[19.851s][debug][gc,ergo        ] GC(104) Running G1 Free Collection Set using 8 workers for collection set length 187 (312)
[19.851s][debug][gc,ergo        ] GC(104) Running G1 Rebuild Free List Task using 8 workers for rebuilding free list of 0 (4096) regions
[19.851s][trace][gc,age         ] GC(104) Age table with threshold 15 (max threshold 15)
[19.851s][trace][gc,age         ] GC(104) - age   1:        560 bytes,        560 total
[19.851s][debug][gc,plab        ] GC(104) Young PLAB allocation: allocated: 8256B, wasted: 0B, unused: 7696B, used: 560B, undo waste: 0B, 
[19.851s][debug][gc,plab        ] GC(104) Young other allocation: region end waste: 0B, regions filled: 1, direct allocated: 0B, failure used: 0B, failure wasted: 0B
[19.851s][debug][gc,plab        ] GC(104) Young sizing: calculated: 112B, actual: 2064B
[19.851s][debug][gc,plab        ] GC(104) Old PLAB allocation: allocated: 0B, wasted: 0B, unused: 0B, used: 0B, undo waste: 0B, 
[19.851s][debug][gc,plab        ] GC(104) Old other allocation: region end waste: 0B, regions filled: 1, direct allocated: 0B, failure used: 0B, failure wasted: 0B
[19.851s][debug][gc,plab        ] GC(104) Old sizing: calculated: 0B, actual: 2064B
[19.851s][debug][gc,ihop        ] GC(104) Basic information (value update), threshold: 147220070B (45.00), target occupancy: 327155712B, current occupancy: 4436616B, recent allocation size: 0B, recent allocation duration: 160.03ms, recent old gen allocation rate: 0.00B/s, recent marking phase length: 0.00ms
[19.851s][debug][gc,ihop        ] GC(104) Adaptive IHOP information (value update), threshold: 147220070B (47.37), internal target occupancy: 310797926B, occupancy: 4436616B, additional buffer size: 196083712B, predicted old gen allocation rate: 7303.17B/s, predicted marking phase length: 0.00ms, prediction active: false
[19.851s][debug][gc,ergo,refine ] GC(104) Concurrent refinement times: Logged Cards Scan time goal: 20.00ms Logged Cards Scan time: 0.00ms HCC time: 0.00ms
[19.851s][debug][gc,ergo,refine ] GC(104) Updated Refinement Zones: green: 2048, yellow: 6144, red: 10240
[19.851s][info ][gc,phases      ] GC(104)   Pre Evacuate Collection Set: 0.1ms
[19.851s][debug][gc,phases      ] GC(104)     Prepare TLABs: 0.0ms
[19.851s][debug][gc,phases      ] GC(104)     Choose Collection Set: 0.0ms
[19.851s][debug][gc,phases      ] GC(104)     Region Register: 0.1ms
[19.851s][debug][gc,phases      ] GC(104)     Prepare Heap Roots: 0.0ms
[19.851s][info ][gc,phases      ] GC(104)   Merge Heap Roots: 0.1ms
[19.851s][debug][gc,phases      ] GC(104)     Prepare Merge Heap Roots: 0.0ms
[19.851s][debug][gc,phases      ] GC(104)     Eager Reclaim (ms):       skipped
[19.851s][debug][gc,phases      ] GC(104)     Remembered Sets (ms):     Min:  0.0, Avg:  0.0, Max:  0.0, Diff:  0.0, Sum:  0.1, Workers: 8
[19.851s][debug][gc,phases      ] GC(104)       Merged Sparse:            Min: 0, Avg:  0.0, Max: 0, Diff: 0, Sum: 0, Workers: 8
[19.851s][debug][gc,phases      ] GC(104)       Merged Fine:              Min: 0, Avg:  0.0, Max: 0, Diff: 0, Sum: 0, Workers: 8
[19.851s][debug][gc,phases      ] GC(104)       Merged Coarse:            Min: 0, Avg:  0.0, Max: 0, Diff: 0, Sum: 0, Workers: 8
[19.851s][debug][gc,phases      ] GC(104)       Dirty Cards:              Min: 0, Avg:  0.0, Max: 0, Diff: 0, Sum: 0, Workers: 8
[19.851s][debug][gc,phases      ] GC(104)     Hot Card Cache (ms):      Min:  0.0, Avg:  0.0, Max:  0.0, Diff:  0.0, Sum:  0.0, Workers: 8
[19.851s][debug][gc,phases      ] GC(104)       Dirty Cards:              Min: 0, Avg:  0.0, Max: 0, Diff: 0, Sum: 0, Workers: 8
[19.851s][debug][gc,phases      ] GC(104)       Skipped Cards:            Min: 0, Avg:  0.0, Max: 0, Diff: 0, Sum: 0, Workers: 8
[19.851s][debug][gc,phases      ] GC(104)     Log Buffers (ms):         Min:  0.0, Avg:  0.0, Max:  0.0, Diff:  0.0, Sum:  0.0, Workers: 8
[19.851s][debug][gc,phases      ] GC(104)       Dirty Cards:              Min: 0, Avg:  0.1, Max: 1, Diff: 1, Sum: 1, Workers: 8
[19.852s][debug][gc,phases      ] GC(104)       Skipped Cards:            Min: 0, Avg:  0.0, Max: 0, Diff: 0, Sum: 0, Workers: 8
[19.852s][info ][gc,phases      ] GC(104)   Evacuate Collection Set: 0.1ms
[19.852s][debug][gc,phases      ] GC(104)     Ext Root Scanning (ms):   Min:  0.0, Avg:  0.0, Max:  0.1, Diff:  0.1, Sum:  0.2, Workers: 8
[19.852s][debug][gc,phases      ] GC(104)     Scan Heap Roots (ms):     Min:  0.0, Avg:  0.0, Max:  0.0, Diff:  0.0, Sum:  0.0, Workers: 8
[19.852s][debug][gc,phases      ] GC(104)       Scanned Cards:            Min: 0, Avg:  0.1, Max: 1, Diff: 1, Sum: 1, Workers: 8
[19.852s][debug][gc,phases      ] GC(104)       Scanned Blocks:           Min: 0, Avg:  0.1, Max: 1, Diff: 1, Sum: 1, Workers: 8
[19.852s][debug][gc,phases      ] GC(104)       Claimed Chunks:           Min: 0, Avg:  0.1, Max: 1, Diff: 1, Sum: 1, Workers: 8
[19.852s][debug][gc,phases      ] GC(104)     Code Root Scan (ms):      Min:  0.0, Avg:  0.0, Max:  0.0, Diff:  0.0, Sum:  0.0, Workers: 8
[19.852s][debug][gc,phases      ] GC(104)     Object Copy (ms):         Min:  0.0, Avg:  0.0, Max:  0.0, Diff:  0.0, Sum:  0.0, Workers: 8
[19.852s][debug][gc,phases      ] GC(104)     Termination (ms):         Min:  0.0, Avg:  0.1, Max:  0.1, Diff:  0.0, Sum:  0.5, Workers: 8
[19.852s][debug][gc,phases      ] GC(104)       Termination Attempts:     Min: 1, Avg:  1.0, Max: 1, Diff: 0, Sum: 8, Workers: 8
[19.852s][debug][gc,phases      ] GC(104)     GC Worker Other (ms):     Min:  0.0, Avg:  0.0, Max:  0.1, Diff:  0.0, Sum:  0.2, Workers: 8
[19.852s][debug][gc,phases      ] GC(104)     GC Worker Total (ms):     Min:  0.1, Avg:  0.1, Max:  0.1, Diff:  0.1, Sum:  0.9, Workers: 8
[19.852s][info ][gc,phases      ] GC(104)   Post Evacuate Collection Set: 0.3ms
[19.852s][debug][gc,phases      ] GC(104)     Code Roots Fixup: 0.0ms
[19.852s][debug][gc,phases      ] GC(104)     Clear Card Table: 0.1ms
[19.852s][debug][gc,phases      ] GC(104)     Reference Processing: 0.0ms
[19.852s][debug][gc,phases,ref  ] GC(104)       Reconsider SoftReferences: 0.0ms
[19.852s][debug][gc,phases,ref  ] GC(104)         SoftRef (ms):             skipped
[19.852s][debug][gc,phases,ref  ] GC(104)       Notify Soft/WeakReferences: 0.0ms
[19.852s][debug][gc,phases,ref  ] GC(104)         SoftRef (ms):             skipped
[19.852s][debug][gc,phases,ref  ] GC(104)         WeakRef (ms):             skipped
[19.852s][debug][gc,phases,ref  ] GC(104)         FinalRef (ms):            skipped
[19.852s][debug][gc,phases,ref  ] GC(104)         Total (ms):               skipped
[19.852s][debug][gc,phases,ref  ] GC(104)       Notify and keep alive finalizable: 0.0ms
[19.852s][debug][gc,phases,ref  ] GC(104)         FinalRef (ms):            skipped
[19.852s][debug][gc,phases,ref  ] GC(104)       Notify PhantomReferences: 0.0ms
[19.852s][debug][gc,phases,ref  ] GC(104)         PhantomRef (ms):          skipped
[19.852s][debug][gc,phases,ref  ] GC(104)       SoftReference:
[19.852s][debug][gc,phases,ref  ] GC(104)         Discovered: 0
[19.852s][debug][gc,phases,ref  ] GC(104)         Cleared: 0
[19.852s][debug][gc,phases,ref  ] GC(104)       WeakReference:
[19.852s][debug][gc,phases,ref  ] GC(104)         Discovered: 0
[19.852s][debug][gc,phases,ref  ] GC(104)         Cleared: 0
[19.852s][debug][gc,phases,ref  ] GC(104)       FinalReference:
[19.852s][debug][gc,phases,ref  ] GC(104)         Discovered: 0
[19.852s][debug][gc,phases,ref  ] GC(104)         Cleared: 0
[19.852s][debug][gc,phases,ref  ] GC(104)       PhantomReference:
[19.852s][debug][gc,phases,ref  ] GC(104)         Discovered: 0
[19.852s][debug][gc,phases,ref  ] GC(104)         Cleared: 0
[19.852s][debug][gc,phases      ] GC(104)     Weak Processing: 0.0ms
[19.852s][debug][gc,phases      ] GC(104)       JVMTI weak processing: 0.0ms
[19.852s][debug][gc,phases      ] GC(104)         Dead: 0
[19.852s][debug][gc,phases      ] GC(104)         Total: 0
[19.852s][debug][gc,phases      ] GC(104)       JFR weak processing: 0.0ms
[19.852s][debug][gc,phases      ] GC(104)         Dead: 0
[19.852s][debug][gc,phases      ] GC(104)         Total: 0
[19.852s][debug][gc,phases      ] GC(104)       JNI weak                  Min:  0.0, Avg:  0.0, Max:  0.0, Diff:  0.0, Sum:  0.0, Workers: 5
[19.852s][debug][gc,phases      ] GC(104)         Dead                      Min: 0, Avg:  0.0, Max: 0, Diff: 0, Sum: 0, Workers: 5
[19.852s][debug][gc,phases      ] GC(104)         Total                     Min: 0, Avg: 12.6, Max: 59, Diff: 59, Sum: 63, Workers: 5
[19.852s][debug][gc,phases      ] GC(104)       VM weak                   Min:  0.0, Avg:  0.0, Max:  0.0, Diff:  0.0, Sum:  0.0, Workers: 5
[19.852s][debug][gc,phases      ] GC(104)         Dead                      Min: 0, Avg:  0.0, Max: 0, Diff: 0, Sum: 0, Workers: 5
[19.852s][debug][gc,phases      ] GC(104)         Total                     Min: 0, Avg: 44.0, Max: 128, Diff: 128, Sum: 220, Workers: 5
[19.852s][debug][gc,phases      ] GC(104)       StringTable weak          Min:  0.0, Avg:  0.0, Max:  0.0, Diff:  0.0, Sum:  0.1, Workers: 5
[19.852s][debug][gc,phases      ] GC(104)         Dead                      Min: 0, Avg:  0.0, Max: 0, Diff: 0, Sum: 0, Workers: 5
[19.852s][debug][gc,phases      ] GC(104)         Total                     Min: 0, Avg: 718.4, Max: 1856, Diff: 1856, Sum: 3592, Workers: 5
[19.852s][debug][gc,phases      ] GC(104)       ResolvedMethodTable weak  Min:  0.0, Avg:  0.0, Max:  0.0, Diff:  0.0, Sum:  0.0, Workers: 5
[19.852s][debug][gc,phases      ] GC(104)         Dead                      Min: 0, Avg:  0.0, Max: 0, Diff: 0, Sum: 0, Workers: 5
[19.852s][debug][gc,phases      ] GC(104)         Total                     Min: 0, Avg: 116.6, Max: 256, Diff: 256, Sum: 583, Workers: 5
[19.852s][debug][gc,phases      ] GC(104)     Merge Per-Thread State: 0.0ms
[19.852s][debug][gc,phases      ] GC(104)       Copied Bytes              Min: 0, Avg: 70.0, Max: 256, Diff: 256, Sum: 560, Workers: 8
[19.852s][debug][gc,phases      ] GC(104)       LAB Waste                 Min: 0, Avg:  0.0, Max: 0, Diff: 0, Sum: 0, Workers: 8
[19.852s][debug][gc,phases      ] GC(104)       LAB Undo Waste            Min: 0, Avg:  0.0, Max: 0, Diff: 0, Sum: 0, Workers: 8
[19.852s][debug][gc,phases      ] GC(104)     Code Roots Purge: 0.0ms
[19.852s][debug][gc,phases      ] GC(104)     Redirty Cards: 0.0ms
[19.852s][debug][gc,phases      ] GC(104)     DerivedPointerTable Update: 0.0ms
[19.852s][debug][gc,phases      ] GC(104)     Free Collection Set: 0.1ms
[19.852s][debug][gc,phases      ] GC(104)     Rebuild Free List: 0.1ms
[19.852s][debug][gc,phases      ] GC(104)     Humongous Reclaim: 0.0ms
[19.852s][debug][gc,phases      ] GC(104)     Start New Collection Set: 0.0ms
[19.852s][debug][gc,phases      ] GC(104)     Resize TLABs: 0.0ms
[19.852s][debug][gc,phases      ] GC(104)     Expand Heap After Collection: 0.0ms
[19.852s][info ][gc,phases      ] GC(104)   Other: 0.3ms
[19.852s][info ][gc,heap        ] GC(104) Eden regions: 186->0(186)
[19.852s][info ][gc,heap        ] GC(104) Survivor regions: 1->1(24)
[19.852s][info ][gc,heap        ] GC(104) Old regions: 7->7
[19.852s][info ][gc,heap        ] GC(104) Archive regions: 2->2
[19.852s][info ][gc,heap        ] GC(104) Humongous regions: 0->0
[19.852s][info ][gc,metaspace   ] GC(104) Metaspace: 10391K(10880K)->10391K(10880K) NonClass: 9188K(9472K)->9188K(9472K) Class: 1202K(1408K)->1202K(1408K)
[19.852s][debug][gc,heap        ] GC(104) Heap after GC invocations=105 (full 1): garbage-first heap   total 319488K, used 4332K [0x0000000700000000, 0x0000000800000000)
[19.852s][debug][gc,heap        ] GC(104)   region size 1024K, 1 young (1024K), 1 survivors (1024K)
[19.852s][debug][gc,heap        ] GC(104)  Metaspace       used 10391K, capacity 10712K, committed 10880K, reserved 1058816K
[19.852s][debug][gc,heap        ] GC(104)   class space    used 1202K, capacity 1338K, committed 1408K, reserved 1048576K
[19.852s][info ][gc             ] GC(104) Pause Young (Normal) (G1 Evacuation Pause) 190M->4M(312M) 1.754ms
[19.852s][info ][gc,cpu         ] GC(104) User=0.00s Sys=0.00s Real=0.00s
[19.852s][info ][safepoint      ] Safepoint "G1CollectForAllocation", Time since last: 158777429 ns, Reaching safepoint: 105272 ns, At safepoint: 1933982 ns, Total: 2039254 ns
[20.014s][debug][gc,heap        ] GC(105) Heap before GC invocations=105 (full 1): garbage-first heap   total 319488K, used 193772K [0x0000000700000000, 0x0000000800000000)
[20.014s][debug][gc,heap        ] GC(105)   region size 1024K, 187 young (191488K), 1 survivors (1024K)
[20.014s][debug][gc,heap        ] GC(105)  Metaspace       used 10391K, capacity 10712K, committed 10880K, reserved 1058816K
[20.014s][debug][gc,heap        ] GC(105)   class space    used 1202K, capacity 1338K, committed 1408K, reserved 1048576K
[20.014s][info ][gc,start       ] GC(105) Pause Young (Normal) (G1 Evacuation Pause)
[20.014s][info ][gc,task        ] GC(105) Using 8 workers of 8 for evacuation
[20.014s][debug][gc,tlab        ] GC(105) TLAB totals: thrds: 8  refills: 747 max: 100 slow allocs: 0 max 0 waste:  1.1% gc: 1792096B max: 445824B slow: 431672B max: 58000B fast: 0B max: 0B
[20.014s][debug][gc,age         ] GC(105) Desired survivor size 12582912 bytes, new threshold 15 (max threshold 15)
[20.014s][debug][gc,alloc,region] GC(105) Mutator Allocation stats, regions: 186, wasted size: 0B ( 0.0%)
[20.014s][debug][gc,ergo        ] GC(105) Running G1 Merge Heap Roots using 8 workers for 187 regions
[20.015s][debug][gc,remset      ] GC(105) Visited cards 256 Total dirty 2048 (12.50%) Total old 784384 (0.03%)
[20.015s][debug][gc,ergo        ] GC(105) Running G1 Clear Card Table Task using 1 workers for 1 units of work for 188 regions.
[20.015s][debug][gc,ref         ] GC(105) Skipped phase1 of Reference Processing due to unavailable references
[20.015s][debug][gc,ref         ] GC(105) Skipped phase2 of Reference Processing due to unavailable references
[20.015s][debug][gc,ref         ] GC(105) Skipped phase3 of Reference Processing due to unavailable references
[20.015s][debug][gc,ref         ] GC(105) Skipped phase4 of Reference Processing due to unavailable references
[20.015s][debug][gc,ergo        ] GC(105) Running G1 Free Collection Set using 8 workers for collection set length 187 (312)
[20.015s][debug][gc,ergo        ] GC(105) Running G1 Rebuild Free List Task using 8 workers for rebuilding free list of 0 (4096) regions
[20.015s][trace][gc,age         ] GC(105) Age table with threshold 15 (max threshold 15)
[20.015s][trace][gc,age         ] GC(105) - age   1:        688 bytes,        688 total
[20.015s][debug][gc,plab        ] GC(105) Young PLAB allocation: allocated: 14448B, wasted: 0B, unused: 13760B, used: 688B, undo waste: 0B, 
[20.015s][debug][gc,plab        ] GC(105) Young other allocation: region end waste: 0B, regions filled: 1, direct allocated: 0B, failure used: 0B, failure wasted: 0B
[20.015s][debug][gc,plab        ] GC(105) Young sizing: calculated: 136B, actual: 2064B
[20.015s][debug][gc,plab        ] GC(105) Old PLAB allocation: allocated: 0B, wasted: 0B, unused: 0B, used: 0B, undo waste: 0B, 
[20.015s][debug][gc,plab        ] GC(105) Old other allocation: region end waste: 0B, regions filled: 1, direct allocated: 0B, failure used: 0B, failure wasted: 0B
[20.015s][debug][gc,plab        ] GC(105) Old sizing: calculated: 0B, actual: 2064B
[20.015s][debug][gc,ihop        ] GC(105) Basic information (value update), threshold: 147220070B (45.00), target occupancy: 327155712B, current occupancy: 4442808B, recent allocation size: 0B, recent allocation duration: 163.05ms, recent old gen allocation rate: 0.00B/s, recent marking phase length: 0.00ms
[20.015s][debug][gc,ihop        ] GC(105) Adaptive IHOP information (value update), threshold: 147220070B (47.37), internal target occupancy: 310797926B, occupancy: 4442808B, additional buffer size: 196083712B, predicted old gen allocation rate: 7091.52B/s, predicted marking phase length: 0.00ms, prediction active: false
[20.015s][debug][gc,ergo,refine ] GC(105) Concurrent refinement times: Logged Cards Scan time goal: 20.00ms Logged Cards Scan time: 0.00ms HCC time: 0.00ms
[20.015s][debug][gc,ergo,refine ] GC(105) Updated Refinement Zones: green: 2048, yellow: 6144, red: 10240
[20.015s][info ][gc,phases      ] GC(105)   Pre Evacuate Collection Set: 0.1ms
[20.015s][debug][gc,phases      ] GC(105)     Prepare TLABs: 0.0ms
[20.015s][debug][gc,phases      ] GC(105)     Choose Collection Set: 0.0ms
[20.016s][debug][gc,phases      ] GC(105)     Region Register: 0.1ms
[20.016s][debug][gc,phases      ] GC(105)     Prepare Heap Roots: 0.0ms
[20.016s][info ][gc,phases      ] GC(105)   Merge Heap Roots: 0.2ms
[20.016s][debug][gc,phases      ] GC(105)     Prepare Merge Heap Roots: 0.0ms
[20.016s][debug][gc,phases      ] GC(105)     Eager Reclaim (ms):       skipped
[20.016s][debug][gc,phases      ] GC(105)     Remembered Sets (ms):     Min:  0.0, Avg:  0.0, Max:  0.0, Diff:  0.0, Sum:  0.1, Workers: 8
[20.016s][debug][gc,phases      ] GC(105)       Merged Sparse:            Min: 0, Avg:  0.0, Max: 0, Diff: 0, Sum: 0, Workers: 8
[20.016s][debug][gc,phases      ] GC(105)       Merged Fine:              Min: 0, Avg:  0.0, Max: 0, Diff: 0, Sum: 0, Workers: 8
[20.016s][debug][gc,phases      ] GC(105)       Merged Coarse:            Min: 0, Avg:  0.0, Max: 0, Diff: 0, Sum: 0, Workers: 8
[20.016s][debug][gc,phases      ] GC(105)       Dirty Cards:              Min: 0, Avg:  0.0, Max: 0, Diff: 0, Sum: 0, Workers: 8
[20.016s][debug][gc,phases      ] GC(105)     Hot Card Cache (ms):      Min:  0.0, Avg:  0.0, Max:  0.0, Diff:  0.0, Sum:  0.0, Workers: 8
[20.016s][debug][gc,phases      ] GC(105)       Dirty Cards:              Min: 0, Avg:  0.0, Max: 0, Diff: 0, Sum: 0, Workers: 8
[20.016s][debug][gc,phases      ] GC(105)       Skipped Cards:            Min: 0, Avg:  0.0, Max: 0, Diff: 0, Sum: 0, Workers: 8
[20.016s][debug][gc,phases      ] GC(105)     Log Buffers (ms):         Min:  0.0, Avg:  0.0, Max:  0.0, Diff:  0.0, Sum:  0.0, Workers: 8
[20.016s][debug][gc,phases      ] GC(105)       Dirty Cards:              Min: 0, Avg:  0.1, Max: 1, Diff: 1, Sum: 1, Workers: 8
[20.016s][debug][gc,phases      ] GC(105)       Skipped Cards:            Min: 0, Avg:  0.0, Max: 0, Diff: 0, Sum: 0, Workers: 8
[20.016s][info ][gc,phases      ] GC(105)   Evacuate Collection Set: 0.2ms
[20.016s][debug][gc,phases      ] GC(105)     Ext Root Scanning (ms):   Min:  0.0, Avg:  0.0, Max:  0.0, Diff:  0.0, Sum:  0.3, Workers: 8
[20.016s][debug][gc,phases      ] GC(105)     Scan Heap Roots (ms):     Min:  0.0, Avg:  0.0, Max:  0.0, Diff:  0.0, Sum:  0.0, Workers: 8
[20.016s][debug][gc,phases      ] GC(105)       Scanned Cards:            Min: 0, Avg:  0.1, Max: 1, Diff: 1, Sum: 1, Workers: 8
[20.016s][debug][gc,phases      ] GC(105)       Scanned Blocks:           Min: 0, Avg:  0.1, Max: 1, Diff: 1, Sum: 1, Workers: 8
[20.016s][debug][gc,phases      ] GC(105)       Claimed Chunks:           Min: 0, Avg:  0.1, Max: 1, Diff: 1, Sum: 1, Workers: 8
[20.016s][debug][gc,phases      ] GC(105)     Code Root Scan (ms):      Min:  0.0, Avg:  0.0, Max:  0.0, Diff:  0.0, Sum:  0.1, Workers: 8
[20.016s][debug][gc,phases      ] GC(105)     Object Copy (ms):         Min:  0.0, Avg:  0.0, Max:  0.0, Diff:  0.0, Sum:  0.0, Workers: 8
[20.016s][debug][gc,phases      ] GC(105)     Termination (ms):         Min:  0.1, Avg:  0.1, Max:  0.1, Diff:  0.0, Sum:  0.6, Workers: 8
[20.016s][debug][gc,phases      ] GC(105)       Termination Attempts:     Min: 1, Avg:  1.0, Max: 1, Diff: 0, Sum: 8, Workers: 8
[20.016s][debug][gc,phases      ] GC(105)     GC Worker Other (ms):     Min:  0.0, Avg:  0.0, Max:  0.0, Diff:  0.0, Sum:  0.2, Workers: 8
[20.016s][debug][gc,phases      ] GC(105)     GC Worker Total (ms):     Min:  0.1, Avg:  0.1, Max:  0.2, Diff:  0.0, Sum:  1.1, Workers: 8
[20.016s][info ][gc,phases      ] GC(105)   Post Evacuate Collection Set: 0.5ms
[20.016s][debug][gc,phases      ] GC(105)     Code Roots Fixup: 0.0ms
[20.016s][debug][gc,phases      ] GC(105)     Clear Card Table: 0.1ms
[20.016s][debug][gc,phases      ] GC(105)     Reference Processing: 0.1ms
[20.016s][debug][gc,phases,ref  ] GC(105)       Reconsider SoftReferences: 0.0ms
[20.016s][debug][gc,phases,ref  ] GC(105)         SoftRef (ms):             skipped
[20.016s][debug][gc,phases,ref  ] GC(105)       Notify Soft/WeakReferences: 0.0ms
[20.016s][debug][gc,phases,ref  ] GC(105)         SoftRef (ms):             skipped
[20.016s][debug][gc,phases,ref  ] GC(105)         WeakRef (ms):             skipped
[20.016s][debug][gc,phases,ref  ] GC(105)         FinalRef (ms):            skipped
[20.016s][debug][gc,phases,ref  ] GC(105)         Total (ms):               skipped
[20.016s][debug][gc,phases,ref  ] GC(105)       Notify and keep alive finalizable: 0.0ms
[20.016s][debug][gc,phases,ref  ] GC(105)         FinalRef (ms):            skipped
[20.016s][debug][gc,phases,ref  ] GC(105)       Notify PhantomReferences: 0.0ms
[20.016s][debug][gc,phases,ref  ] GC(105)         PhantomRef (ms):          skipped
[20.016s][debug][gc,phases,ref  ] GC(105)       SoftReference:
[20.016s][debug][gc,phases,ref  ] GC(105)         Discovered: 0
[20.016s][debug][gc,phases,ref  ] GC(105)         Cleared: 0
[20.016s][debug][gc,phases,ref  ] GC(105)       WeakReference:
[20.016s][debug][gc,phases,ref  ] GC(105)         Discovered: 0
[20.016s][debug][gc,phases,ref  ] GC(105)         Cleared: 0
[20.016s][debug][gc,phases,ref  ] GC(105)       FinalReference:
[20.016s][debug][gc,phases,ref  ] GC(105)         Discovered: 0
[20.016s][debug][gc,phases,ref  ] GC(105)         Cleared: 0
[20.016s][debug][gc,phases,ref  ] GC(105)       PhantomReference:
[20.016s][debug][gc,phases,ref  ] GC(105)         Discovered: 0
[20.016s][debug][gc,phases,ref  ] GC(105)         Cleared: 0
[20.016s][debug][gc,phases      ] GC(105)     Weak Processing: 0.1ms
[20.016s][debug][gc,phases      ] GC(105)       JVMTI weak processing: 0.0ms
[20.016s][debug][gc,phases      ] GC(105)         Dead: 0
[20.016s][debug][gc,phases      ] GC(105)         Total: 0
[20.016s][debug][gc,phases      ] GC(105)       JFR weak processing: 0.0ms
[20.016s][debug][gc,phases      ] GC(105)         Dead: 0
[20.016s][debug][gc,phases      ] GC(105)         Total: 0
[20.016s][debug][gc,phases      ] GC(105)       JNI weak                  Min:  0.0, Avg:  0.0, Max:  0.0, Diff:  0.0, Sum:  0.0, Workers: 5
[20.016s][debug][gc,phases      ] GC(105)         Dead                      Min: 0, Avg:  0.0, Max: 0, Diff: 0, Sum: 0, Workers: 5
[20.016s][debug][gc,phases      ] GC(105)         Total                     Min: 0, Avg: 12.6, Max: 59, Diff: 59, Sum: 63, Workers: 5
[20.016s][debug][gc,phases      ] GC(105)       VM weak                   Min:  0.0, Avg:  0.0, Max:  0.0, Diff:  0.0, Sum:  0.0, Workers: 5
[20.016s][debug][gc,phases      ] GC(105)         Dead                      Min: 0, Avg:  0.0, Max: 0, Diff: 0, Sum: 0, Workers: 5
[20.016s][debug][gc,phases      ] GC(105)         Total                     Min: 0, Avg: 44.0, Max: 64, Diff: 64, Sum: 220, Workers: 5
[20.016s][debug][gc,phases      ] GC(105)       StringTable weak          Min:  0.0, Avg:  0.0, Max:  0.0, Diff:  0.0, Sum:  0.1, Workers: 5
[20.016s][debug][gc,phases      ] GC(105)         Dead                      Min: 0, Avg:  0.0, Max: 0, Diff: 0, Sum: 0, Workers: 5
[20.016s][debug][gc,phases      ] GC(105)         Total                     Min: 0, Avg: 718.4, Max: 960, Diff: 960, Sum: 3592, Workers: 5
[20.016s][debug][gc,phases      ] GC(105)       ResolvedMethodTable weak  Min:  0.0, Avg:  0.0, Max:  0.0, Diff:  0.0, Sum:  0.0, Workers: 5
[20.016s][debug][gc,phases      ] GC(105)         Dead                      Min: 0, Avg:  0.0, Max: 0, Diff: 0, Sum: 0, Workers: 5
[20.016s][debug][gc,phases      ] GC(105)         Total                     Min: 0, Avg: 116.6, Max: 192, Diff: 192, Sum: 583, Workers: 5
[20.017s][debug][gc,phases      ] GC(105)     Merge Per-Thread State: 0.0ms
[20.017s][debug][gc,phases      ] GC(105)       Copied Bytes              Min: 0, Avg: 86.0, Max: 208, Diff: 208, Sum: 688, Workers: 8
[20.017s][debug][gc,phases      ] GC(105)       LAB Waste                 Min: 0, Avg:  0.0, Max: 0, Diff: 0, Sum: 0, Workers: 8
[20.017s][debug][gc,phases      ] GC(105)       LAB Undo Waste            Min: 0, Avg:  0.0, Max: 0, Diff: 0, Sum: 0, Workers: 8
[20.017s][debug][gc,phases      ] GC(105)     Code Roots Purge: 0.0ms
[20.017s][debug][gc,phases      ] GC(105)     Redirty Cards: 0.0ms
[20.017s][debug][gc,phases      ] GC(105)     DerivedPointerTable Update: 0.0ms
[20.017s][debug][gc,phases      ] GC(105)     Free Collection Set: 0.1ms
[20.017s][debug][gc,phases      ] GC(105)     Rebuild Free List: 0.1ms
[20.017s][debug][gc,phases      ] GC(105)     Humongous Reclaim: 0.0ms
[20.017s][debug][gc,phases      ] GC(105)     Start New Collection Set: 0.0ms
[20.017s][debug][gc,phases      ] GC(105)     Resize TLABs: 0.0ms
[20.017s][debug][gc,phases      ] GC(105)     Expand Heap After Collection: 0.0ms
[20.017s][info ][gc,phases      ] GC(105)   Other: 0.4ms
[20.017s][info ][gc,heap        ] GC(105) Eden regions: 186->0(186)
[20.017s][info ][gc,heap        ] GC(105) Survivor regions: 1->1(24)
[20.017s][info ][gc,heap        ] GC(105) Old regions: 7->7
[20.017s][info ][gc,heap        ] GC(105) Archive regions: 2->2
[20.017s][info ][gc,heap        ] GC(105) Humongous regions: 0->0
[20.017s][info ][gc,metaspace   ] GC(105) Metaspace: 10391K(10880K)->10391K(10880K) NonClass: 9188K(9472K)->9188K(9472K) Class: 1202K(1408K)->1202K(1408K)
[20.017s][debug][gc,heap        ] GC(105) Heap after GC invocations=106 (full 1): garbage-first heap   total 319488K, used 4338K [0x0000000700000000, 0x0000000800000000)
[20.017s][debug][gc,heap        ] GC(105)   region size 1024K, 1 young (1024K), 1 survivors (1024K)
[20.017s][debug][gc,heap        ] GC(105)  Metaspace       used 10391K, capacity 10712K, committed 10880K, reserved 1058816K
[20.017s][debug][gc,heap        ] GC(105)   class space    used 1202K, capacity 1338K, committed 1408K, reserved 1048576K
[20.017s][info ][gc             ] GC(105) Pause Young (Normal) (G1 Evacuation Pause) 190M->4M(312M) 2.553ms
[20.017s][info ][gc,cpu         ] GC(105) User=0.01s Sys=0.00s Real=0.01s
[20.017s][info ][safepoint      ] Safepoint "G1CollectForAllocation", Time since last: 161626860 ns, Reaching safepoint: 208110 ns, At safepoint: 2747944 ns, Total: 2956054 ns
[20.168s][debug][gc,heap        ] GC(106) Heap before GC invocations=106 (full 1): garbage-first heap   total 319488K, used 194802K [0x0000000700000000, 0x0000000800000000)
[20.168s][debug][gc,heap        ] GC(106)   region size 1024K, 187 young (191488K), 1 survivors (1024K)
[20.168s][debug][gc,heap        ] GC(106)  Metaspace       used 10391K, capacity 10712K, committed 10880K, reserved 1058816K
[20.168s][debug][gc,heap        ] GC(106)   class space    used 1202K, capacity 1338K, committed 1408K, reserved 1048576K
[20.168s][info ][gc,start       ] GC(106) Pause Young (Normal) (G1 Evacuation Pause)
[20.168s][info ][gc,task        ] GC(106) Using 8 workers of 8 for evacuation
[20.168s][debug][gc,tlab        ] GC(106) TLAB totals: thrds: 8  refills: 748 max: 110 slow allocs: 0 max 0 waste:  1.0% gc: 1482376B max: 405672B slow: 432488B max: 63984B fast: 0B max: 0B
[20.168s][debug][gc,age         ] GC(106) Desired survivor size 12582912 bytes, new threshold 15 (max threshold 15)
[20.168s][debug][gc,alloc,region] GC(106) Mutator Allocation stats, regions: 186, wasted size: 0B ( 0.0%)
[20.168s][debug][gc,ergo        ] GC(106) Running G1 Merge Heap Roots using 8 workers for 187 regions
[20.168s][debug][gc,remset      ] GC(106) Visited cards 256 Total dirty 2048 (12.50%) Total old 784384 (0.03%)
[20.169s][debug][gc,ergo        ] GC(106) Running G1 Clear Card Table Task using 1 workers for 1 units of work for 188 regions.
[20.169s][debug][gc,ref         ] GC(106) Skipped phase1 of Reference Processing due to unavailable references
[20.169s][debug][gc,ref         ] GC(106) Skipped phase2 of Reference Processing due to unavailable references
[20.169s][debug][gc,ref         ] GC(106) Skipped phase3 of Reference Processing due to unavailable references
[20.169s][debug][gc,ref         ] GC(106) Skipped phase4 of Reference Processing due to unavailable references
[20.169s][debug][gc,ergo        ] GC(106) Running G1 Free Collection Set using 8 workers for collection set length 187 (312)
[20.169s][debug][gc,ergo        ] GC(106) Running G1 Rebuild Free List Task using 8 workers for rebuilding free list of 0 (4096) regions
[20.169s][trace][gc,age         ] GC(106) Age table with threshold 15 (max threshold 15)
[20.169s][trace][gc,age         ] GC(106) - age   1:        640 bytes,        640 total
[20.169s][debug][gc,plab        ] GC(106) Young PLAB allocation: allocated: 14448B, wasted: 0B, unused: 13808B, used: 640B, undo waste: 0B, 
[20.169s][debug][gc,plab        ] GC(106) Young other allocation: region end waste: 0B, regions filled: 1, direct allocated: 0B, failure used: 0B, failure wasted: 0B
[20.169s][debug][gc,plab        ] GC(106) Young sizing: calculated: 128B, actual: 2064B
[20.169s][debug][gc,plab        ] GC(106) Old PLAB allocation: allocated: 0B, wasted: 0B, unused: 0B, used: 0B, undo waste: 0B, 
[20.169s][debug][gc,plab        ] GC(106) Old other allocation: region end waste: 0B, regions filled: 1, direct allocated: 0B, failure used: 0B, failure wasted: 0B
[20.169s][debug][gc,plab        ] GC(106) Old sizing: calculated: 0B, actual: 2064B
[20.169s][debug][gc,ihop        ] GC(106) Basic information (value update), threshold: 147220070B (45.00), target occupancy: 327155712B, current occupancy: 4442808B, recent allocation size: 0B, recent allocation duration: 152.86ms, recent old gen allocation rate: 0.00B/s, recent marking phase length: 0.00ms
[20.169s][debug][gc,ihop        ] GC(106) Adaptive IHOP information (value update), threshold: 147220070B (47.37), internal target occupancy: 310797926B, occupancy: 4442808B, additional buffer size: 196083712B, predicted old gen allocation rate: 6886.53B/s, predicted marking phase length: 0.00ms, prediction active: false
[20.169s][debug][gc,ergo,refine ] GC(106) Concurrent refinement times: Logged Cards Scan time goal: 20.00ms Logged Cards Scan time: 0.00ms HCC time: 0.00ms
[20.169s][debug][gc,ergo,refine ] GC(106) Updated Refinement Zones: green: 2048, yellow: 6144, red: 10240
[20.169s][info ][gc,phases      ] GC(106)   Pre Evacuate Collection Set: 0.1ms
[20.169s][debug][gc,phases      ] GC(106)     Prepare TLABs: 0.0ms
[20.169s][debug][gc,phases      ] GC(106)     Choose Collection Set: 0.0ms
[20.169s][debug][gc,phases      ] GC(106)     Region Register: 0.1ms
[20.169s][debug][gc,phases      ] GC(106)     Prepare Heap Roots: 0.0ms
[20.169s][info ][gc,phases      ] GC(106)   Merge Heap Roots: 0.1ms
[20.169s][debug][gc,phases      ] GC(106)     Prepare Merge Heap Roots: 0.0ms
[20.169s][debug][gc,phases      ] GC(106)     Eager Reclaim (ms):       skipped
[20.169s][debug][gc,phases      ] GC(106)     Remembered Sets (ms):     Min:  0.0, Avg:  0.0, Max:  0.0, Diff:  0.0, Sum:  0.1, Workers: 8
[20.169s][debug][gc,phases      ] GC(106)       Merged Sparse:            Min: 0, Avg:  0.0, Max: 0, Diff: 0, Sum: 0, Workers: 8
[20.169s][debug][gc,phases      ] GC(106)       Merged Fine:              Min: 0, Avg:  0.0, Max: 0, Diff: 0, Sum: 0, Workers: 8
[20.169s][debug][gc,phases      ] GC(106)       Merged Coarse:            Min: 0, Avg:  0.0, Max: 0, Diff: 0, Sum: 0, Workers: 8
[20.169s][debug][gc,phases      ] GC(106)       Dirty Cards:              Min: 0, Avg:  0.0, Max: 0, Diff: 0, Sum: 0, Workers: 8
[20.169s][debug][gc,phases      ] GC(106)     Hot Card Cache (ms):      Min:  0.0, Avg:  0.0, Max:  0.0, Diff:  0.0, Sum:  0.0, Workers: 8
[20.169s][debug][gc,phases      ] GC(106)       Dirty Cards:              Min: 0, Avg:  0.0, Max: 0, Diff: 0, Sum: 0, Workers: 8
[20.169s][debug][gc,phases      ] GC(106)       Skipped Cards:            Min: 0, Avg:  0.0, Max: 0, Diff: 0, Sum: 0, Workers: 8
[20.169s][debug][gc,phases      ] GC(106)     Log Buffers (ms):         Min:  0.0, Avg:  0.0, Max:  0.0, Diff:  0.0, Sum:  0.0, Workers: 8
[20.169s][debug][gc,phases      ] GC(106)       Dirty Cards:              Min: 0, Avg:  0.1, Max: 1, Diff: 1, Sum: 1, Workers: 8
[20.169s][debug][gc,phases      ] GC(106)       Skipped Cards:            Min: 0, Avg:  0.0, Max: 0, Diff: 0, Sum: 0, Workers: 8
[20.169s][info ][gc,phases      ] GC(106)   Evacuate Collection Set: 0.1ms
[20.169s][debug][gc,phases      ] GC(106)     Ext Root Scanning (ms):   Min:  0.0, Avg:  0.0, Max:  0.1, Diff:  0.1, Sum:  0.2, Workers: 8
[20.169s][debug][gc,phases      ] GC(106)     Scan Heap Roots (ms):     Min:  0.0, Avg:  0.0, Max:  0.0, Diff:  0.0, Sum:  0.0, Workers: 8
[20.169s][debug][gc,phases      ] GC(106)       Scanned Cards:            Min: 0, Avg:  0.1, Max: 1, Diff: 1, Sum: 1, Workers: 8
[20.169s][debug][gc,phases      ] GC(106)       Scanned Blocks:           Min: 0, Avg:  0.1, Max: 1, Diff: 1, Sum: 1, Workers: 8
[20.169s][debug][gc,phases      ] GC(106)       Claimed Chunks:           Min: 0, Avg:  0.1, Max: 1, Diff: 1, Sum: 1, Workers: 8
[20.169s][debug][gc,phases      ] GC(106)     Code Root Scan (ms):      Min:  0.0, Avg:  0.0, Max:  0.0, Diff:  0.0, Sum:  0.0, Workers: 8
[20.169s][debug][gc,phases      ] GC(106)     Object Copy (ms):         Min:  0.0, Avg:  0.0, Max:  0.0, Diff:  0.0, Sum:  0.0, Workers: 8
[20.169s][debug][gc,phases      ] GC(106)     Termination (ms):         Min:  0.0, Avg:  0.1, Max:  0.1, Diff:  0.0, Sum:  0.4, Workers: 8
[20.169s][debug][gc,phases      ] GC(106)       Termination Attempts:     Min: 1, Avg:  1.0, Max: 1, Diff: 0, Sum: 8, Workers: 8
[20.169s][debug][gc,phases      ] GC(106)     GC Worker Other (ms):     Min:  0.0, Avg:  0.0, Max:  0.0, Diff:  0.0, Sum:  0.1, Workers: 8
[20.169s][debug][gc,phases      ] GC(106)     GC Worker Total (ms):     Min:  0.1, Avg:  0.1, Max:  0.1, Diff:  0.1, Sum:  0.8, Workers: 8
[20.169s][info ][gc,phases      ] GC(106)   Post Evacuate Collection Set: 0.4ms
[20.169s][debug][gc,phases      ] GC(106)     Code Roots Fixup: 0.0ms
[20.169s][debug][gc,phases      ] GC(106)     Clear Card Table: 0.1ms
[20.169s][debug][gc,phases      ] GC(106)     Reference Processing: 0.0ms
[20.169s][debug][gc,phases,ref  ] GC(106)       Reconsider SoftReferences: 0.0ms
[20.169s][debug][gc,phases,ref  ] GC(106)         SoftRef (ms):             skipped
[20.170s][debug][gc,phases,ref  ] GC(106)       Notify Soft/WeakReferences: 0.0ms
[20.170s][debug][gc,phases,ref  ] GC(106)         SoftRef (ms):             skipped
[20.170s][debug][gc,phases,ref  ] GC(106)         WeakRef (ms):             skipped
[20.170s][debug][gc,phases,ref  ] GC(106)         FinalRef (ms):            skipped
[20.170s][debug][gc,phases,ref  ] GC(106)         Total (ms):               skipped
[20.170s][debug][gc,phases,ref  ] GC(106)       Notify and keep alive finalizable: 0.0ms
[20.170s][debug][gc,phases,ref  ] GC(106)         FinalRef (ms):            skipped
[20.170s][debug][gc,phases,ref  ] GC(106)       Notify PhantomReferences: 0.0ms
[20.170s][debug][gc,phases,ref  ] GC(106)         PhantomRef (ms):          skipped
[20.170s][debug][gc,phases,ref  ] GC(106)       SoftReference:
[20.170s][debug][gc,phases,ref  ] GC(106)         Discovered: 0
[20.170s][debug][gc,phases,ref  ] GC(106)         Cleared: 0
[20.170s][debug][gc,phases,ref  ] GC(106)       WeakReference:
[20.170s][debug][gc,phases,ref  ] GC(106)         Discovered: 0
[20.170s][debug][gc,phases,ref  ] GC(106)         Cleared: 0
[20.170s][debug][gc,phases,ref  ] GC(106)       FinalReference:
[20.170s][debug][gc,phases,ref  ] GC(106)         Discovered: 0
[20.170s][debug][gc,phases,ref  ] GC(106)         Cleared: 0
[20.170s][debug][gc,phases,ref  ] GC(106)       PhantomReference:
[20.170s][debug][gc,phases,ref  ] GC(106)         Discovered: 0
[20.170s][debug][gc,phases,ref  ] GC(106)         Cleared: 0
[20.170s][debug][gc,phases      ] GC(106)     Weak Processing: 0.1ms
[20.170s][debug][gc,phases      ] GC(106)       JVMTI weak processing: 0.0ms
[20.170s][debug][gc,phases      ] GC(106)         Dead: 0
[20.170s][debug][gc,phases      ] GC(106)         Total: 0
[20.170s][debug][gc,phases      ] GC(106)       JFR weak processing: 0.0ms
[20.170s][debug][gc,phases      ] GC(106)         Dead: 0
[20.170s][debug][gc,phases      ] GC(106)         Total: 0
[20.170s][debug][gc,phases      ] GC(106)       JNI weak                  Min:  0.0, Avg:  0.0, Max:  0.0, Diff:  0.0, Sum:  0.1, Workers: 5
[20.170s][debug][gc,phases      ] GC(106)         Dead                      Min: 0, Avg:  0.0, Max: 0, Diff: 0, Sum: 0, Workers: 5
[20.170s][debug][gc,phases      ] GC(106)         Total                     Min: 0, Avg: 12.6, Max: 63, Diff: 63, Sum: 63, Workers: 5
[20.170s][debug][gc,phases      ] GC(106)       VM weak                   Min:  0.0, Avg:  0.0, Max:  0.0, Diff:  0.0, Sum:  0.0, Workers: 5
[20.170s][debug][gc,phases      ] GC(106)         Dead                      Min: 0, Avg:  0.0, Max: 0, Diff: 0, Sum: 0, Workers: 5
[20.170s][debug][gc,phases      ] GC(106)         Total                     Min: 0, Avg: 44.0, Max: 220, Diff: 220, Sum: 220, Workers: 5
[20.170s][debug][gc,phases      ] GC(106)       StringTable weak          Min:  0.0, Avg:  0.0, Max:  0.1, Diff:  0.1, Sum:  0.1, Workers: 5
[20.170s][debug][gc,phases      ] GC(106)         Dead                      Min: 0, Avg:  0.0, Max: 0, Diff: 0, Sum: 0, Workers: 5
[20.170s][debug][gc,phases      ] GC(106)         Total                     Min: 0, Avg: 718.4, Max: 2816, Diff: 2816, Sum: 3592, Workers: 5
[20.170s][debug][gc,phases      ] GC(106)       ResolvedMethodTable weak  Min:  0.0, Avg:  0.0, Max:  0.0, Diff:  0.0, Sum:  0.0, Workers: 5
[20.170s][debug][gc,phases      ] GC(106)         Dead                      Min: 0, Avg:  0.0, Max: 0, Diff: 0, Sum: 0, Workers: 5
[20.170s][debug][gc,phases      ] GC(106)         Total                     Min: 0, Avg: 116.6, Max: 192, Diff: 192, Sum: 583, Workers: 5
[20.170s][debug][gc,phases      ] GC(106)     Merge Per-Thread State: 0.0ms
[20.170s][debug][gc,phases      ] GC(106)       Copied Bytes              Min: 0, Avg: 80.0, Max: 208, Diff: 208, Sum: 640, Workers: 8
[20.170s][debug][gc,phases      ] GC(106)       LAB Waste                 Min: 0, Avg:  0.0, Max: 0, Diff: 0, Sum: 0, Workers: 8
[20.170s][debug][gc,phases      ] GC(106)       LAB Undo Waste            Min: 0, Avg:  0.0, Max: 0, Diff: 0, Sum: 0, Workers: 8
[20.170s][debug][gc,phases      ] GC(106)     Code Roots Purge: 0.0ms
[20.170s][debug][gc,phases      ] GC(106)     Redirty Cards: 0.0ms
[20.170s][debug][gc,phases      ] GC(106)     DerivedPointerTable Update: 0.0ms
[20.170s][debug][gc,phases      ] GC(106)     Free Collection Set: 0.1ms
[20.170s][debug][gc,phases      ] GC(106)     Rebuild Free List: 0.1ms
[20.170s][debug][gc,phases      ] GC(106)     Humongous Reclaim: 0.0ms
[20.170s][debug][gc,phases      ] GC(106)     Start New Collection Set: 0.0ms
[20.170s][debug][gc,phases      ] GC(106)     Resize TLABs: 0.0ms
[20.170s][debug][gc,phases      ] GC(106)     Expand Heap After Collection: 0.0ms
[20.170s][info ][gc,phases      ] GC(106)   Other: 0.3ms
[20.170s][info ][gc,heap        ] GC(106) Eden regions: 186->0(186)
[20.170s][info ][gc,heap        ] GC(106) Survivor regions: 1->1(24)
[20.170s][info ][gc,heap        ] GC(106) Old regions: 7->7
[20.170s][info ][gc,heap        ] GC(106) Archive regions: 2->2
[20.170s][info ][gc,heap        ] GC(106) Humongous regions: 0->0
[20.170s][info ][gc,metaspace   ] GC(106) Metaspace: 10391K(10880K)->10391K(10880K) NonClass: 9188K(9472K)->9188K(9472K) Class: 1202K(1408K)->1202K(1408K)
[20.170s][debug][gc,heap        ] GC(106) Heap after GC invocations=107 (full 1): garbage-first heap   total 319488K, used 4338K [0x0000000700000000, 0x0000000800000000)
[20.170s][debug][gc,heap        ] GC(106)   region size 1024K, 1 young (1024K), 1 survivors (1024K)
[20.170s][debug][gc,heap        ] GC(106)  Metaspace       used 10391K, capacity 10712K, committed 10880K, reserved 1058816K
[20.170s][debug][gc,heap        ] GC(106)   class space    used 1202K, capacity 1338K, committed 1408K, reserved 1048576K
[20.170s][info ][gc             ] GC(106) Pause Young (Normal) (G1 Evacuation Pause) 190M->4M(312M) 1.825ms
[20.170s][info ][gc,cpu         ] GC(106) User=0.01s Sys=0.00s Real=0.00s
[20.170s][info ][safepoint      ] Safepoint "G1CollectForAllocation", Time since last: 151045371 ns, Reaching safepoint: 171136 ns, At safepoint: 2029584 ns, Total: 2200720 ns
[20.332s][debug][gc,heap        ] GC(107) Heap before GC invocations=107 (full 1): garbage-first heap   total 319488K, used 194802K [0x0000000700000000, 0x0000000800000000)
[20.332s][debug][gc,heap        ] GC(107)   region size 1024K, 187 young (191488K), 1 survivors (1024K)
[20.332s][debug][gc,heap        ] GC(107)  Metaspace       used 10391K, capacity 10712K, committed 10880K, reserved 1058816K
[20.332s][debug][gc,heap        ] GC(107)   class space    used 1202K, capacity 1338K, committed 1408K, reserved 1048576K
[20.332s][info ][gc,start       ] GC(107) Pause Young (Normal) (G1 Evacuation Pause)
[20.332s][info ][gc,task        ] GC(107) Using 8 workers of 8 for evacuation
[20.332s][debug][gc,tlab        ] GC(107) TLAB totals: thrds: 8  refills: 745 max: 98 slow allocs: 0 max 0 waste:  0.8% gc: 1156496B max: 402856B slow: 430168B max: 56416B fast: 0B max: 0B
[20.332s][debug][gc,age         ] GC(107) Desired survivor size 12582912 bytes, new threshold 15 (max threshold 15)
[20.332s][debug][gc,alloc,region] GC(107) Mutator Allocation stats, regions: 186, wasted size: 0B ( 0.0%)
[20.332s][debug][gc,ergo        ] GC(107) Running G1 Merge Heap Roots using 8 workers for 187 regions
[20.332s][debug][gc,remset      ] GC(107) Visited cards 256 Total dirty 2048 (12.50%) Total old 784384 (0.03%)
[20.332s][debug][gc,ergo        ] GC(107) Running G1 Clear Card Table Task using 1 workers for 1 units of work for 188 regions.
[20.332s][debug][gc,ref         ] GC(107) Skipped phase1 of Reference Processing due to unavailable references
[20.332s][debug][gc,ref         ] GC(107) Skipped phase2 of Reference Processing due to unavailable references
[20.332s][debug][gc,ref         ] GC(107) Skipped phase3 of Reference Processing due to unavailable references
[20.332s][debug][gc,ref         ] GC(107) Skipped phase4 of Reference Processing due to unavailable references
[20.333s][debug][gc,ergo        ] GC(107) Running G1 Free Collection Set using 8 workers for collection set length 187 (312)
[20.333s][debug][gc,ergo        ] GC(107) Running G1 Rebuild Free List Task using 8 workers for rebuilding free list of 0 (4096) regions
[20.333s][trace][gc,age         ] GC(107) Age table with threshold 15 (max threshold 15)
[20.333s][trace][gc,age         ] GC(107) - age   1:        584 bytes,        584 total
[20.333s][debug][gc,plab        ] GC(107) Young PLAB allocation: allocated: 14448B, wasted: 0B, unused: 13864B, used: 584B, undo waste: 0B, 
[20.333s][debug][gc,plab        ] GC(107) Young other allocation: region end waste: 0B, regions filled: 1, direct allocated: 0B, failure used: 0B, failure wasted: 0B
[20.333s][debug][gc,plab        ] GC(107) Young sizing: calculated: 112B, actual: 2064B
[20.333s][debug][gc,plab        ] GC(107) Old PLAB allocation: allocated: 0B, wasted: 0B, unused: 0B, used: 0B, undo waste: 0B, 
[20.333s][debug][gc,plab        ] GC(107) Old other allocation: region end waste: 0B, regions filled: 1, direct allocated: 0B, failure used: 0B, failure wasted: 0B
[20.333s][debug][gc,plab        ] GC(107) Old sizing: calculated: 0B, actual: 2064B
[20.333s][debug][gc,ihop        ] GC(107) Basic information (value update), threshold: 147220070B (45.00), target occupancy: 327155712B, current occupancy: 4442808B, recent allocation size: 0B, recent allocation duration: 162.65ms, recent old gen allocation rate: 0.00B/s, recent marking phase length: 0.00ms
[20.333s][debug][gc,ihop        ] GC(107) Adaptive IHOP information (value update), threshold: 147220070B (47.37), internal target occupancy: 310797926B, occupancy: 4442808B, additional buffer size: 196083712B, predicted old gen allocation rate: 6687.98B/s, predicted marking phase length: 0.00ms, prediction active: false
[20.333s][debug][gc,ergo,refine ] GC(107) Concurrent refinement times: Logged Cards Scan time goal: 20.00ms Logged Cards Scan time: 0.00ms HCC time: 0.00ms
[20.333s][debug][gc,ergo,refine ] GC(107) Updated Refinement Zones: green: 2048, yellow: 6144, red: 10240
[20.333s][info ][gc,phases      ] GC(107)   Pre Evacuate Collection Set: 0.1ms
[20.333s][debug][gc,phases      ] GC(107)     Prepare TLABs: 0.0ms
[20.333s][debug][gc,phases      ] GC(107)     Choose Collection Set: 0.0ms
[20.333s][debug][gc,phases      ] GC(107)     Region Register: 0.1ms
[20.333s][debug][gc,phases      ] GC(107)     Prepare Heap Roots: 0.0ms
[20.333s][info ][gc,phases      ] GC(107)   Merge Heap Roots: 0.2ms
[20.333s][debug][gc,phases      ] GC(107)     Prepare Merge Heap Roots: 0.0ms
[20.333s][debug][gc,phases      ] GC(107)     Eager Reclaim (ms):       skipped
[20.333s][debug][gc,phases      ] GC(107)     Remembered Sets (ms):     Min:  0.0, Avg:  0.0, Max:  0.0, Diff:  0.0, Sum:  0.1, Workers: 8
[20.333s][debug][gc,phases      ] GC(107)       Merged Sparse:            Min: 0, Avg:  0.0, Max: 0, Diff: 0, Sum: 0, Workers: 8
[20.333s][debug][gc,phases      ] GC(107)       Merged Fine:              Min: 0, Avg:  0.0, Max: 0, Diff: 0, Sum: 0, Workers: 8
[20.333s][debug][gc,phases      ] GC(107)       Merged Coarse:            Min: 0, Avg:  0.0, Max: 0, Diff: 0, Sum: 0, Workers: 8
[20.333s][debug][gc,phases      ] GC(107)       Dirty Cards:              Min: 0, Avg:  0.0, Max: 0, Diff: 0, Sum: 0, Workers: 8
[20.333s][debug][gc,phases      ] GC(107)     Hot Card Cache (ms):      Min:  0.0, Avg:  0.0, Max:  0.0, Diff:  0.0, Sum:  0.0, Workers: 8
[20.333s][debug][gc,phases      ] GC(107)       Dirty Cards:              Min: 0, Avg:  0.0, Max: 0, Diff: 0, Sum: 0, Workers: 8
[20.333s][debug][gc,phases      ] GC(107)       Skipped Cards:            Min: 0, Avg:  0.0, Max: 0, Diff: 0, Sum: 0, Workers: 8
[20.333s][debug][gc,phases      ] GC(107)     Log Buffers (ms):         Min:  0.0, Avg:  0.0, Max:  0.0, Diff:  0.0, Sum:  0.0, Workers: 8
[20.333s][debug][gc,phases      ] GC(107)       Dirty Cards:              Min: 0, Avg:  0.1, Max: 1, Diff: 1, Sum: 1, Workers: 8
[20.333s][debug][gc,phases      ] GC(107)       Skipped Cards:            Min: 0, Avg:  0.0, Max: 0, Diff: 0, Sum: 0, Workers: 8
[20.333s][info ][gc,phases      ] GC(107)   Evacuate Collection Set: 0.2ms
[20.333s][debug][gc,phases      ] GC(107)     Ext Root Scanning (ms):   Min:  0.0, Avg:  0.0, Max:  0.1, Diff:  0.1, Sum:  0.3, Workers: 8
[20.333s][debug][gc,phases      ] GC(107)     Scan Heap Roots (ms):     Min:  0.0, Avg:  0.0, Max:  0.0, Diff:  0.0, Sum:  0.0, Workers: 8
[20.333s][debug][gc,phases      ] GC(107)       Scanned Cards:            Min: 0, Avg:  0.1, Max: 1, Diff: 1, Sum: 1, Workers: 8
[20.333s][debug][gc,phases      ] GC(107)       Scanned Blocks:           Min: 0, Avg:  0.1, Max: 1, Diff: 1, Sum: 1, Workers: 8
[20.333s][debug][gc,phases      ] GC(107)       Claimed Chunks:           Min: 0, Avg:  0.1, Max: 1, Diff: 1, Sum: 1, Workers: 8
[20.333s][debug][gc,phases      ] GC(107)     Code Root Scan (ms):      Min:  0.0, Avg:  0.0, Max:  0.0, Diff:  0.0, Sum:  0.0, Workers: 8
[20.333s][debug][gc,phases      ] GC(107)     Object Copy (ms):         Min:  0.0, Avg:  0.0, Max:  0.0, Diff:  0.0, Sum:  0.0, Workers: 8
[20.333s][debug][gc,phases      ] GC(107)     Termination (ms):         Min:  0.0, Avg:  0.0, Max:  0.1, Diff:  0.0, Sum:  0.4, Workers: 8
[20.333s][debug][gc,phases      ] GC(107)       Termination Attempts:     Min: 1, Avg:  1.0, Max: 1, Diff: 0, Sum: 8, Workers: 8
[20.333s][debug][gc,phases      ] GC(107)     GC Worker Other (ms):     Min:  0.0, Avg:  0.0, Max:  0.0, Diff:  0.0, Sum:  0.2, Workers: 8
[20.333s][debug][gc,phases      ] GC(107)     GC Worker Total (ms):     Min:  0.1, Avg:  0.1, Max:  0.1, Diff:  0.1, Sum:  0.9, Workers: 8
[20.333s][info ][gc,phases      ] GC(107)   Post Evacuate Collection Set: 0.4ms
[20.333s][debug][gc,phases      ] GC(107)     Code Roots Fixup: 0.0ms
[20.333s][debug][gc,phases      ] GC(107)     Clear Card Table: 0.1ms
[20.333s][debug][gc,phases      ] GC(107)     Reference Processing: 0.0ms
[20.333s][debug][gc,phases,ref  ] GC(107)       Reconsider SoftReferences: 0.0ms
[20.333s][debug][gc,phases,ref  ] GC(107)         SoftRef (ms):             skipped
[20.333s][debug][gc,phases,ref  ] GC(107)       Notify Soft/WeakReferences: 0.0ms
[20.333s][debug][gc,phases,ref  ] GC(107)         SoftRef (ms):             skipped
[20.333s][debug][gc,phases,ref  ] GC(107)         WeakRef (ms):             skipped
[20.333s][debug][gc,phases,ref  ] GC(107)         FinalRef (ms):            skipped
[20.333s][debug][gc,phases,ref  ] GC(107)         Total (ms):               skipped
[20.333s][debug][gc,phases,ref  ] GC(107)       Notify and keep alive finalizable: 0.0ms
[20.333s][debug][gc,phases,ref  ] GC(107)         FinalRef (ms):            skipped
[20.333s][debug][gc,phases,ref  ] GC(107)       Notify PhantomReferences: 0.0ms
[20.333s][debug][gc,phases,ref  ] GC(107)         PhantomRef (ms):          skipped
[20.333s][debug][gc,phases,ref  ] GC(107)       SoftReference:
[20.333s][debug][gc,phases,ref  ] GC(107)         Discovered: 0
[20.333s][debug][gc,phases,ref  ] GC(107)         Cleared: 0
[20.333s][debug][gc,phases,ref  ] GC(107)       WeakReference:
[20.333s][debug][gc,phases,ref  ] GC(107)         Discovered: 0
[20.333s][debug][gc,phases,ref  ] GC(107)         Cleared: 0
[20.333s][debug][gc,phases,ref  ] GC(107)       FinalReference:
[20.333s][debug][gc,phases,ref  ] GC(107)         Discovered: 0
[20.333s][debug][gc,phases,ref  ] GC(107)         Cleared: 0
[20.333s][debug][gc,phases,ref  ] GC(107)       PhantomReference:
[20.333s][debug][gc,phases,ref  ] GC(107)         Discovered: 0
[20.333s][debug][gc,phases,ref  ] GC(107)         Cleared: 0
[20.333s][debug][gc,phases      ] GC(107)     Weak Processing: 0.1ms
[20.333s][debug][gc,phases      ] GC(107)       JVMTI weak processing: 0.0ms
[20.333s][debug][gc,phases      ] GC(107)         Dead: 0
[20.333s][debug][gc,phases      ] GC(107)         Total: 0
[20.333s][debug][gc,phases      ] GC(107)       JFR weak processing: 0.0ms
[20.333s][debug][gc,phases      ] GC(107)         Dead: 0
[20.333s][debug][gc,phases      ] GC(107)         Total: 0
[20.333s][debug][gc,phases      ] GC(107)       JNI weak                  Min:  0.0, Avg:  0.0, Max:  0.0, Diff:  0.0, Sum:  0.1, Workers: 5
[20.333s][debug][gc,phases      ] GC(107)         Dead                      Min: 0, Avg:  0.0, Max: 0, Diff: 0, Sum: 0, Workers: 5
[20.333s][debug][gc,phases      ] GC(107)         Total                     Min: 0, Avg: 12.6, Max: 59, Diff: 59, Sum: 63, Workers: 5
[20.333s][debug][gc,phases      ] GC(107)       VM weak                   Min:  0.0, Avg:  0.0, Max:  0.0, Diff:  0.0, Sum:  0.0, Workers: 5
[20.333s][debug][gc,phases      ] GC(107)         Dead                      Min: 0, Avg:  0.0, Max: 0, Diff: 0, Sum: 0, Workers: 5
[20.333s][debug][gc,phases      ] GC(107)         Total                     Min: 0, Avg: 44.0, Max: 128, Diff: 128, Sum: 220, Workers: 5
[20.333s][debug][gc,phases      ] GC(107)       StringTable weak          Min:  0.0, Avg:  0.0, Max:  0.1, Diff:  0.1, Sum:  0.1, Workers: 5
[20.333s][debug][gc,phases      ] GC(107)         Dead                      Min: 0, Avg:  0.0, Max: 0, Diff: 0, Sum: 0, Workers: 5
[20.333s][debug][gc,phases      ] GC(107)         Total                     Min: 0, Avg: 718.4, Max: 1664, Diff: 1664, Sum: 3592, Workers: 5
[20.333s][debug][gc,phases      ] GC(107)       ResolvedMethodTable weak  Min:  0.0, Avg:  0.0, Max:  0.0, Diff:  0.0, Sum:  0.0, Workers: 5
[20.333s][debug][gc,phases      ] GC(107)         Dead                      Min: 0, Avg:  0.0, Max: 0, Diff: 0, Sum: 0, Workers: 5
[20.333s][debug][gc,phases      ] GC(107)         Total                     Min: 0, Avg: 116.6, Max: 199, Diff: 199, Sum: 583, Workers: 5
[20.333s][debug][gc,phases      ] GC(107)     Merge Per-Thread State: 0.0ms
[20.333s][debug][gc,phases      ] GC(107)       Copied Bytes              Min: 0, Avg: 73.0, Max: 128, Diff: 128, Sum: 584, Workers: 8
[20.333s][debug][gc,phases      ] GC(107)       LAB Waste                 Min: 0, Avg:  0.0, Max: 0, Diff: 0, Sum: 0, Workers: 8
[20.333s][debug][gc,phases      ] GC(107)       LAB Undo Waste            Min: 0, Avg:  0.0, Max: 0, Diff: 0, Sum: 0, Workers: 8
[20.333s][debug][gc,phases      ] GC(107)     Code Roots Purge: 0.0ms
[20.334s][debug][gc,phases      ] GC(107)     Redirty Cards: 0.0ms
[20.334s][debug][gc,phases      ] GC(107)     DerivedPointerTable Update: 0.0ms
[20.334s][debug][gc,phases      ] GC(107)     Free Collection Set: 0.1ms
[20.334s][debug][gc,phases      ] GC(107)     Rebuild Free List: 0.1ms
[20.334s][debug][gc,phases      ] GC(107)     Humongous Reclaim: 0.0ms
[20.334s][debug][gc,phases      ] GC(107)     Start New Collection Set: 0.0ms
[20.334s][debug][gc,phases      ] GC(107)     Resize TLABs: 0.0ms
[20.334s][debug][gc,phases      ] GC(107)     Expand Heap After Collection: 0.0ms
[20.334s][info ][gc,phases      ] GC(107)   Other: 0.3ms
[20.334s][info ][gc,heap        ] GC(107) Eden regions: 186->0(186)
[20.334s][info ][gc,heap        ] GC(107) Survivor regions: 1->1(24)
[20.334s][info ][gc,heap        ] GC(107) Old regions: 7->7
[20.334s][info ][gc,heap        ] GC(107) Archive regions: 2->2
[20.334s][info ][gc,heap        ] GC(107) Humongous regions: 0->0
[20.334s][info ][gc,metaspace   ] GC(107) Metaspace: 10391K(10880K)->10391K(10880K) NonClass: 9188K(9472K)->9188K(9472K) Class: 1202K(1408K)->1202K(1408K)
[20.334s][debug][gc,heap        ] GC(107) Heap after GC invocations=108 (full 1): garbage-first heap   total 319488K, used 4338K [0x0000000700000000, 0x0000000800000000)
[20.334s][debug][gc,heap        ] GC(107)   region size 1024K, 1 young (1024K), 1 survivors (1024K)
[20.334s][debug][gc,heap        ] GC(107)  Metaspace       used 10391K, capacity 10712K, committed 10880K, reserved 1058816K
[20.334s][debug][gc,heap        ] GC(107)   class space    used 1202K, capacity 1338K, committed 1408K, reserved 1048576K
[20.334s][info ][gc             ] GC(107) Pause Young (Normal) (G1 Evacuation Pause) 190M->4M(312M) 1.923ms
[20.334s][info ][gc,cpu         ] GC(107) User=0.00s Sys=0.00s Real=0.00s
[20.334s][info ][safepoint      ] Safepoint "G1CollectForAllocation", Time since last: 161391984 ns, Reaching safepoint: 104605 ns, At safepoint: 2127533 ns, Total: 2232138 ns
[20.495s][debug][gc,heap        ] GC(108) Heap before GC invocations=108 (full 1): garbage-first heap   total 319488K, used 194802K [0x0000000700000000, 0x0000000800000000)
[20.495s][debug][gc,heap        ] GC(108)   region size 1024K, 187 young (191488K), 1 survivors (1024K)
[20.495s][debug][gc,heap        ] GC(108)  Metaspace       used 10391K, capacity 10712K, committed 10880K, reserved 1058816K
[20.495s][debug][gc,heap        ] GC(108)   class space    used 1202K, capacity 1338K, committed 1408K, reserved 1048576K
[20.495s][info ][gc,start       ] GC(108) Pause Young (Normal) (G1 Evacuation Pause)
[20.495s][info ][gc,task        ] GC(108) Using 8 workers of 8 for evacuation
[20.495s][debug][gc,tlab        ] GC(108) TLAB totals: thrds: 8  refills: 747 max: 100 slow allocs: 0 max 0 waste:  1.1% gc: 1691120B max: 443024B slow: 431200B max: 57536B fast: 0B max: 0B
[20.495s][debug][gc,age         ] GC(108) Desired survivor size 12582912 bytes, new threshold 15 (max threshold 15)
[20.495s][debug][gc,alloc,region] GC(108) Mutator Allocation stats, regions: 186, wasted size: 0B ( 0.0%)
[20.495s][debug][gc,ergo        ] GC(108) Running G1 Merge Heap Roots using 8 workers for 187 regions
[20.495s][debug][gc,remset      ] GC(108) Visited cards 256 Total dirty 2048 (12.50%) Total old 784384 (0.03%)
[20.495s][debug][gc,ergo        ] GC(108) Running G1 Clear Card Table Task using 1 workers for 1 units of work for 188 regions.
[20.495s][debug][gc,ref         ] GC(108) Skipped phase1 of Reference Processing due to unavailable references
[20.495s][debug][gc,ref         ] GC(108) Skipped phase2 of Reference Processing due to unavailable references
[20.495s][debug][gc,ref         ] GC(108) Skipped phase3 of Reference Processing due to unavailable references
[20.495s][debug][gc,ref         ] GC(108) Skipped phase4 of Reference Processing due to unavailable references
[20.495s][debug][gc,ergo        ] GC(108) Running G1 Free Collection Set using 8 workers for collection set length 187 (312)
[20.495s][debug][gc,ergo        ] GC(108) Running G1 Rebuild Free List Task using 8 workers for rebuilding free list of 0 (4096) regions
[20.495s][trace][gc,age         ] GC(108) Age table with threshold 15 (max threshold 15)
[20.495s][trace][gc,age         ] GC(108) - age   1:        368 bytes,        368 total
[20.495s][debug][gc,plab        ] GC(108) Young PLAB allocation: allocated: 8256B, wasted: 0B, unused: 7888B, used: 368B, undo waste: 0B, 
[20.495s][debug][gc,plab        ] GC(108) Young other allocation: region end waste: 0B, regions filled: 1, direct allocated: 0B, failure used: 0B, failure wasted: 0B
[20.495s][debug][gc,plab        ] GC(108) Young sizing: calculated: 72B, actual: 2064B
[20.495s][debug][gc,plab        ] GC(108) Old PLAB allocation: allocated: 0B, wasted: 0B, unused: 0B, used: 0B, undo waste: 0B, 
[20.495s][debug][gc,plab        ] GC(108) Old other allocation: region end waste: 0B, regions filled: 1, direct allocated: 0B, failure used: 0B, failure wasted: 0B
[20.495s][debug][gc,plab        ] GC(108) Old sizing: calculated: 0B, actual: 2064B
[20.495s][debug][gc,ihop        ] GC(108) Basic information (value update), threshold: 147220070B (45.00), target occupancy: 327155712B, current occupancy: 4436616B, recent allocation size: 0B, recent allocation duration: 161.92ms, recent old gen allocation rate: 0.00B/s, recent marking phase length: 0.00ms
[20.496s][debug][gc,ihop        ] GC(108) Adaptive IHOP information (value update), threshold: 147220070B (47.37), internal target occupancy: 310797926B, occupancy: 4436616B, additional buffer size: 196083712B, predicted old gen allocation rate: 6495.64B/s, predicted marking phase length: 0.00ms, prediction active: false
[20.496s][debug][gc,ergo,refine ] GC(108) Concurrent refinement times: Logged Cards Scan time goal: 20.00ms Logged Cards Scan time: 0.00ms HCC time: 0.00ms
[20.496s][debug][gc,ergo,refine ] GC(108) Updated Refinement Zones: green: 2048, yellow: 6144, red: 10240
[20.496s][info ][gc,phases      ] GC(108)   Pre Evacuate Collection Set: 0.1ms
[20.496s][debug][gc,phases      ] GC(108)     Prepare TLABs: 0.0ms
[20.496s][debug][gc,phases      ] GC(108)     Choose Collection Set: 0.0ms
[20.496s][debug][gc,phases      ] GC(108)     Region Register: 0.1ms
[20.496s][debug][gc,phases      ] GC(108)     Prepare Heap Roots: 0.0ms
[20.496s][info ][gc,phases      ] GC(108)   Merge Heap Roots: 0.1ms
[20.496s][debug][gc,phases      ] GC(108)     Prepare Merge Heap Roots: 0.0ms
[20.496s][debug][gc,phases      ] GC(108)     Eager Reclaim (ms):       skipped
[20.496s][debug][gc,phases      ] GC(108)     Remembered Sets (ms):     Min:  0.0, Avg:  0.0, Max:  0.0, Diff:  0.0, Sum:  0.0, Workers: 8
[20.496s][debug][gc,phases      ] GC(108)       Merged Sparse:            Min: 0, Avg:  0.0, Max: 0, Diff: 0, Sum: 0, Workers: 8
[20.496s][debug][gc,phases      ] GC(108)       Merged Fine:              Min: 0, Avg:  0.0, Max: 0, Diff: 0, Sum: 0, Workers: 8
[20.496s][debug][gc,phases      ] GC(108)       Merged Coarse:            Min: 0, Avg:  0.0, Max: 0, Diff: 0, Sum: 0, Workers: 8
[20.496s][debug][gc,phases      ] GC(108)       Dirty Cards:              Min: 0, Avg:  0.0, Max: 0, Diff: 0, Sum: 0, Workers: 8
[20.496s][debug][gc,phases      ] GC(108)     Hot Card Cache (ms):      Min:  0.0, Avg:  0.0, Max:  0.0, Diff:  0.0, Sum:  0.0, Workers: 8
[20.496s][debug][gc,phases      ] GC(108)       Dirty Cards:              Min: 0, Avg:  0.0, Max: 0, Diff: 0, Sum: 0, Workers: 8
[20.496s][debug][gc,phases      ] GC(108)       Skipped Cards:            Min: 0, Avg:  0.0, Max: 0, Diff: 0, Sum: 0, Workers: 8
[20.496s][debug][gc,phases      ] GC(108)     Log Buffers (ms):         Min:  0.0, Avg:  0.0, Max:  0.0, Diff:  0.0, Sum:  0.0, Workers: 8
[20.496s][debug][gc,phases      ] GC(108)       Dirty Cards:              Min: 0, Avg:  0.1, Max: 1, Diff: 1, Sum: 1, Workers: 8
[20.496s][debug][gc,phases      ] GC(108)       Skipped Cards:            Min: 0, Avg:  0.0, Max: 0, Diff: 0, Sum: 0, Workers: 8
[20.496s][info ][gc,phases      ] GC(108)   Evacuate Collection Set: 0.2ms
[20.496s][debug][gc,phases      ] GC(108)     Ext Root Scanning (ms):   Min:  0.0, Avg:  0.0, Max:  0.1, Diff:  0.1, Sum:  0.2, Workers: 8
[20.496s][debug][gc,phases      ] GC(108)     Scan Heap Roots (ms):     Min:  0.0, Avg:  0.0, Max:  0.0, Diff:  0.0, Sum:  0.0, Workers: 8
[20.496s][debug][gc,phases      ] GC(108)       Scanned Cards:            Min: 0, Avg:  0.1, Max: 1, Diff: 1, Sum: 1, Workers: 8
[20.496s][debug][gc,phases      ] GC(108)       Scanned Blocks:           Min: 0, Avg:  0.1, Max: 1, Diff: 1, Sum: 1, Workers: 8
[20.496s][debug][gc,phases      ] GC(108)       Claimed Chunks:           Min: 0, Avg:  0.1, Max: 1, Diff: 1, Sum: 1, Workers: 8
[20.496s][debug][gc,phases      ] GC(108)     Code Root Scan (ms):      Min:  0.0, Avg:  0.0, Max:  0.0, Diff:  0.0, Sum:  0.0, Workers: 8
[20.496s][debug][gc,phases      ] GC(108)     Object Copy (ms):         Min:  0.0, Avg:  0.0, Max:  0.0, Diff:  0.0, Sum:  0.0, Workers: 8
[20.496s][debug][gc,phases      ] GC(108)     Termination (ms):         Min:  0.1, Avg:  0.1, Max:  0.1, Diff:  0.0, Sum:  0.7, Workers: 8
[20.496s][debug][gc,phases      ] GC(108)       Termination Attempts:     Min: 1, Avg:  1.0, Max: 1, Diff: 0, Sum: 8, Workers: 8
[20.496s][debug][gc,phases      ] GC(108)     GC Worker Other (ms):     Min:  0.0, Avg:  0.0, Max:  0.0, Diff:  0.0, Sum:  0.1, Workers: 8
[20.496s][debug][gc,phases      ] GC(108)     GC Worker Total (ms):     Min:  0.1, Avg:  0.1, Max:  0.2, Diff:  0.1, Sum:  1.1, Workers: 8
[20.496s][info ][gc,phases      ] GC(108)   Post Evacuate Collection Set: 0.4ms
[20.496s][debug][gc,phases      ] GC(108)     Code Roots Fixup: 0.0ms
[20.496s][debug][gc,phases      ] GC(108)     Clear Card Table: 0.1ms
[20.496s][debug][gc,phases      ] GC(108)     Reference Processing: 0.0ms
[20.496s][debug][gc,phases,ref  ] GC(108)       Reconsider SoftReferences: 0.0ms
[20.496s][debug][gc,phases,ref  ] GC(108)         SoftRef (ms):             skipped
[20.496s][debug][gc,phases,ref  ] GC(108)       Notify Soft/WeakReferences: 0.0ms
[20.496s][debug][gc,phases,ref  ] GC(108)         SoftRef (ms):             skipped
[20.496s][debug][gc,phases,ref  ] GC(108)         WeakRef (ms):             skipped
[20.496s][debug][gc,phases,ref  ] GC(108)         FinalRef (ms):            skipped
[20.496s][debug][gc,phases,ref  ] GC(108)         Total (ms):               skipped
[20.496s][debug][gc,phases,ref  ] GC(108)       Notify and keep alive finalizable: 0.0ms
[20.496s][debug][gc,phases,ref  ] GC(108)         FinalRef (ms):            skipped
[20.496s][debug][gc,phases,ref  ] GC(108)       Notify PhantomReferences: 0.0ms
[20.496s][debug][gc,phases,ref  ] GC(108)         PhantomRef (ms):          skipped
[20.496s][debug][gc,phases,ref  ] GC(108)       SoftReference:
[20.496s][debug][gc,phases,ref  ] GC(108)         Discovered: 0
[20.496s][debug][gc,phases,ref  ] GC(108)         Cleared: 0
[20.496s][debug][gc,phases,ref  ] GC(108)       WeakReference:
[20.496s][debug][gc,phases,ref  ] GC(108)         Discovered: 0
[20.496s][debug][gc,phases,ref  ] GC(108)         Cleared: 0
[20.496s][debug][gc,phases,ref  ] GC(108)       FinalReference:
[20.496s][debug][gc,phases,ref  ] GC(108)         Discovered: 0
[20.496s][debug][gc,phases,ref  ] GC(108)         Cleared: 0
[20.496s][debug][gc,phases,ref  ] GC(108)       PhantomReference:
[20.496s][debug][gc,phases,ref  ] GC(108)         Discovered: 0
[20.496s][debug][gc,phases,ref  ] GC(108)         Cleared: 0
[20.496s][debug][gc,phases      ] GC(108)     Weak Processing: 0.0ms
[20.496s][debug][gc,phases      ] GC(108)       JVMTI weak processing: 0.0ms
[20.496s][debug][gc,phases      ] GC(108)         Dead: 0
[20.496s][debug][gc,phases      ] GC(108)         Total: 0
[20.496s][debug][gc,phases      ] GC(108)       JFR weak processing: 0.0ms
[20.496s][debug][gc,phases      ] GC(108)         Dead: 0
[20.496s][debug][gc,phases      ] GC(108)         Total: 0
[20.496s][debug][gc,phases      ] GC(108)       JNI weak                  Min:  0.0, Avg:  0.0, Max:  0.0, Diff:  0.0, Sum:  0.0, Workers: 5
[20.496s][debug][gc,phases      ] GC(108)         Dead                      Min: 0, Avg:  0.0, Max: 0, Diff: 0, Sum: 0, Workers: 5
[20.496s][debug][gc,phases      ] GC(108)         Total                     Min: 0, Avg: 12.6, Max: 63, Diff: 63, Sum: 63, Workers: 5
[20.496s][debug][gc,phases      ] GC(108)       VM weak                   Min:  0.0, Avg:  0.0, Max:  0.0, Diff:  0.0, Sum:  0.0, Workers: 5
[20.496s][debug][gc,phases      ] GC(108)         Dead                      Min: 0, Avg:  0.0, Max: 0, Diff: 0, Sum: 0, Workers: 5
[20.496s][debug][gc,phases      ] GC(108)         Total                     Min: 0, Avg: 44.0, Max: 220, Diff: 220, Sum: 220, Workers: 5
[20.496s][debug][gc,phases      ] GC(108)       StringTable weak          Min:  0.0, Avg:  0.0, Max:  0.0, Diff:  0.0, Sum:  0.0, Workers: 5
[20.496s][debug][gc,phases      ] GC(108)         Dead                      Min: 0, Avg:  0.0, Max: 0, Diff: 0, Sum: 0, Workers: 5
[20.496s][debug][gc,phases      ] GC(108)         Total                     Min: 0, Avg: 718.4, Max: 1544, Diff: 1544, Sum: 3592, Workers: 5
[20.496s][debug][gc,phases      ] GC(108)       ResolvedMethodTable weak  Min:  0.0, Avg:  0.0, Max:  0.0, Diff:  0.0, Sum:  0.0, Workers: 5
[20.496s][debug][gc,phases      ] GC(108)         Dead                      Min: 0, Avg:  0.0, Max: 0, Diff: 0, Sum: 0, Workers: 5
[20.496s][debug][gc,phases      ] GC(108)         Total                     Min: 0, Avg: 116.6, Max: 256, Diff: 256, Sum: 583, Workers: 5
[20.496s][debug][gc,phases      ] GC(108)     Merge Per-Thread State: 0.0ms
[20.496s][debug][gc,phases      ] GC(108)       Copied Bytes              Min: 0, Avg: 46.0, Max: 152, Diff: 152, Sum: 368, Workers: 8
[20.496s][debug][gc,phases      ] GC(108)       LAB Waste                 Min: 0, Avg:  0.0, Max: 0, Diff: 0, Sum: 0, Workers: 8
[20.496s][debug][gc,phases      ] GC(108)       LAB Undo Waste            Min: 0, Avg:  0.0, Max: 0, Diff: 0, Sum: 0, Workers: 8
[20.496s][debug][gc,phases      ] GC(108)     Code Roots Purge: 0.0ms
[20.496s][debug][gc,phases      ] GC(108)     Redirty Cards: 0.0ms
[20.496s][debug][gc,phases      ] GC(108)     DerivedPointerTable Update: 0.0ms
[20.496s][debug][gc,phases      ] GC(108)     Free Collection Set: 0.1ms
[20.496s][debug][gc,phases      ] GC(108)     Rebuild Free List: 0.1ms
[20.496s][debug][gc,phases      ] GC(108)     Humongous Reclaim: 0.0ms
[20.496s][debug][gc,phases      ] GC(108)     Start New Collection Set: 0.0ms
[20.496s][debug][gc,phases      ] GC(108)     Resize TLABs: 0.0ms
[20.496s][debug][gc,phases      ] GC(108)     Expand Heap After Collection: 0.0ms
[20.496s][info ][gc,phases      ] GC(108)   Other: 0.3ms
[20.496s][info ][gc,heap        ] GC(108) Eden regions: 186->0(186)
[20.496s][info ][gc,heap        ] GC(108) Survivor regions: 1->1(24)
[20.496s][info ][gc,heap        ] GC(108) Old regions: 7->7
[20.496s][info ][gc,heap        ] GC(108) Archive regions: 2->2
[20.496s][info ][gc,heap        ] GC(108) Humongous regions: 0->0
[20.496s][info ][gc,metaspace   ] GC(108) Metaspace: 10391K(10880K)->10391K(10880K) NonClass: 9188K(9472K)->9188K(9472K) Class: 1202K(1408K)->1202K(1408K)
[20.496s][debug][gc,heap        ] GC(108) Heap after GC invocations=109 (full 1): garbage-first heap   total 319488K, used 4332K [0x0000000700000000, 0x0000000800000000)
[20.496s][debug][gc,heap        ] GC(108)   region size 1024K, 1 young (1024K), 1 survivors (1024K)
[20.496s][debug][gc,heap        ] GC(108)  Metaspace       used 10391K, capacity 10712K, committed 10880K, reserved 1058816K
[20.496s][debug][gc,heap        ] GC(108)   class space    used 1202K, capacity 1338K, committed 1408K, reserved 1048576K
[20.496s][info ][gc             ] GC(108) Pause Young (Normal) (G1 Evacuation Pause) 190M->4M(312M) 1.805ms
[20.496s][info ][gc,cpu         ] GC(108) User=0.00s Sys=0.00s Real=0.01s
[20.497s][info ][safepoint      ] Safepoint "G1CollectForAllocation", Time since last: 160657209 ns, Reaching safepoint: 109026 ns, At safepoint: 1984935 ns, Total: 2093961 ns
[20.641s][debug][gc,heap        ] GC(109) Heap before GC invocations=109 (full 1): garbage-first heap   total 319488K, used 194796K [0x0000000700000000, 0x0000000800000000)
[20.641s][debug][gc,heap        ] GC(109)   region size 1024K, 187 young (191488K), 1 survivors (1024K)
[20.641s][debug][gc,heap        ] GC(109)  Metaspace       used 10391K, capacity 10712K, committed 10880K, reserved 1058816K
[20.642s][debug][gc,heap        ] GC(109)   class space    used 1202K, capacity 1338K, committed 1408K, reserved 1048576K
[20.642s][info ][gc,start       ] GC(109) Pause Young (Normal) (G1 Evacuation Pause)
[20.642s][info ][gc,task        ] GC(109) Using 8 workers of 8 for evacuation
[20.642s][debug][gc,tlab        ] GC(109) TLAB totals: thrds: 8  refills: 746 max: 105 slow allocs: 0 max 0 waste:  0.9% gc: 1248048B max: 358936B slow: 430552B max: 60864B fast: 0B max: 0B
[20.642s][debug][gc,age         ] GC(109) Desired survivor size 12582912 bytes, new threshold 15 (max threshold 15)
[20.642s][debug][gc,alloc,region] GC(109) Mutator Allocation stats, regions: 186, wasted size: 0B ( 0.0%)
[20.642s][debug][gc,ergo        ] GC(109) Running G1 Merge Heap Roots using 8 workers for 187 regions
[20.642s][debug][gc,remset      ] GC(109) Visited cards 256 Total dirty 2048 (12.50%) Total old 784384 (0.03%)
[20.642s][debug][gc,ergo        ] GC(109) Running G1 Clear Card Table Task using 1 workers for 1 units of work for 188 regions.
[20.642s][debug][gc,ref         ] GC(109) Skipped phase1 of Reference Processing due to unavailable references
[20.642s][debug][gc,ref         ] GC(109) Skipped phase2 of Reference Processing due to unavailable references
[20.642s][debug][gc,ref         ] GC(109) Skipped phase3 of Reference Processing due to unavailable references
[20.642s][debug][gc,ref         ] GC(109) Skipped phase4 of Reference Processing due to unavailable references
[20.642s][debug][gc,ergo        ] GC(109) Running G1 Free Collection Set using 8 workers for collection set length 187 (312)
[20.642s][debug][gc,ergo        ] GC(109) Running G1 Rebuild Free List Task using 8 workers for rebuilding free list of 0 (4096) regions
[20.642s][trace][gc,age         ] GC(109) Age table with threshold 15 (max threshold 15)
[20.642s][trace][gc,age         ] GC(109) - age   1:        480 bytes,        480 total
[20.642s][debug][gc,plab        ] GC(109) Young PLAB allocation: allocated: 14448B, wasted: 0B, unused: 13968B, used: 480B, undo waste: 0B, 
[20.642s][debug][gc,plab        ] GC(109) Young other allocation: region end waste: 0B, regions filled: 1, direct allocated: 0B, failure used: 0B, failure wasted: 0B
[20.642s][debug][gc,plab        ] GC(109) Young sizing: calculated: 96B, actual: 2064B
[20.643s][debug][gc,plab        ] GC(109) Old PLAB allocation: allocated: 0B, wasted: 0B, unused: 0B, used: 0B, undo waste: 0B, 
[20.643s][debug][gc,plab        ] GC(109) Old other allocation: region end waste: 0B, regions filled: 1, direct allocated: 0B, failure used: 0B, failure wasted: 0B
[20.643s][debug][gc,plab        ] GC(109) Old sizing: calculated: 0B, actual: 2064B
[20.643s][debug][gc,ihop        ] GC(109) Basic information (value update), threshold: 147220070B (45.00), target occupancy: 327155712B, current occupancy: 4442808B, recent allocation size: 0B, recent allocation duration: 146.07ms, recent old gen allocation rate: 0.00B/s, recent marking phase length: 0.00ms
[20.643s][debug][gc,ihop        ] GC(109) Adaptive IHOP information (value update), threshold: 147220070B (47.37), internal target occupancy: 310797926B, occupancy: 4442808B, additional buffer size: 196083712B, predicted old gen allocation rate: 6309.29B/s, predicted marking phase length: 0.00ms, prediction active: false
[20.643s][debug][gc,ergo,refine ] GC(109) Concurrent refinement times: Logged Cards Scan time goal: 20.00ms Logged Cards Scan time: 0.00ms HCC time: 0.00ms
[20.643s][debug][gc,ergo,refine ] GC(109) Updated Refinement Zones: green: 2048, yellow: 6144, red: 10240
[20.643s][info ][gc,phases      ] GC(109)   Pre Evacuate Collection Set: 0.1ms
[20.643s][debug][gc,phases      ] GC(109)     Prepare TLABs: 0.0ms
[20.643s][debug][gc,phases      ] GC(109)     Choose Collection Set: 0.0ms
[20.643s][debug][gc,phases      ] GC(109)     Region Register: 0.1ms
[20.643s][debug][gc,phases      ] GC(109)     Prepare Heap Roots: 0.0ms
[20.643s][info ][gc,phases      ] GC(109)   Merge Heap Roots: 0.1ms
[20.643s][debug][gc,phases      ] GC(109)     Prepare Merge Heap Roots: 0.0ms
[20.643s][debug][gc,phases      ] GC(109)     Eager Reclaim (ms):       skipped
[20.643s][debug][gc,phases      ] GC(109)     Remembered Sets (ms):     Min:  0.0, Avg:  0.0, Max:  0.0, Diff:  0.0, Sum:  0.0, Workers: 8
[20.643s][debug][gc,phases      ] GC(109)       Merged Sparse:            Min: 0, Avg:  0.0, Max: 0, Diff: 0, Sum: 0, Workers: 8
[20.643s][debug][gc,phases      ] GC(109)       Merged Fine:              Min: 0, Avg:  0.0, Max: 0, Diff: 0, Sum: 0, Workers: 8
[20.643s][debug][gc,phases      ] GC(109)       Merged Coarse:            Min: 0, Avg:  0.0, Max: 0, Diff: 0, Sum: 0, Workers: 8
[20.643s][debug][gc,phases      ] GC(109)       Dirty Cards:              Min: 0, Avg:  0.0, Max: 0, Diff: 0, Sum: 0, Workers: 8
[20.643s][debug][gc,phases      ] GC(109)     Hot Card Cache (ms):      Min:  0.0, Avg:  0.0, Max:  0.0, Diff:  0.0, Sum:  0.0, Workers: 8
[20.643s][debug][gc,phases      ] GC(109)       Dirty Cards:              Min: 0, Avg:  0.0, Max: 0, Diff: 0, Sum: 0, Workers: 8
[20.643s][debug][gc,phases      ] GC(109)       Skipped Cards:            Min: 0, Avg:  0.0, Max: 0, Diff: 0, Sum: 0, Workers: 8
[20.643s][debug][gc,phases      ] GC(109)     Log Buffers (ms):         Min:  0.0, Avg:  0.0, Max:  0.0, Diff:  0.0, Sum:  0.0, Workers: 8
[20.643s][debug][gc,phases      ] GC(109)       Dirty Cards:              Min: 0, Avg:  0.1, Max: 1, Diff: 1, Sum: 1, Workers: 8
[20.643s][debug][gc,phases      ] GC(109)       Skipped Cards:            Min: 0, Avg:  0.0, Max: 0, Diff: 0, Sum: 0, Workers: 8
[20.643s][info ][gc,phases      ] GC(109)   Evacuate Collection Set: 0.2ms
[20.643s][debug][gc,phases      ] GC(109)     Ext Root Scanning (ms):   Min:  0.0, Avg:  0.0, Max:  0.1, Diff:  0.1, Sum:  0.3, Workers: 8
[20.643s][debug][gc,phases      ] GC(109)     Scan Heap Roots (ms):     Min:  0.0, Avg:  0.0, Max:  0.0, Diff:  0.0, Sum:  0.0, Workers: 8
[20.643s][debug][gc,phases      ] GC(109)       Scanned Cards:            Min: 0, Avg:  0.1, Max: 1, Diff: 1, Sum: 1, Workers: 8
[20.643s][debug][gc,phases      ] GC(109)       Scanned Blocks:           Min: 0, Avg:  0.1, Max: 1, Diff: 1, Sum: 1, Workers: 8
[20.643s][debug][gc,phases      ] GC(109)       Claimed Chunks:           Min: 0, Avg:  0.1, Max: 1, Diff: 1, Sum: 1, Workers: 8
[20.643s][debug][gc,phases      ] GC(109)     Code Root Scan (ms):      Min:  0.0, Avg:  0.0, Max:  0.0, Diff:  0.0, Sum:  0.0, Workers: 8
[20.643s][debug][gc,phases      ] GC(109)     Object Copy (ms):         Min:  0.0, Avg:  0.0, Max:  0.0, Diff:  0.0, Sum:  0.0, Workers: 8
[20.643s][debug][gc,phases      ] GC(109)     Termination (ms):         Min:  0.0, Avg:  0.0, Max:  0.0, Diff:  0.0, Sum:  0.3, Workers: 8
[20.643s][debug][gc,phases      ] GC(109)       Termination Attempts:     Min: 1, Avg:  1.0, Max: 1, Diff: 0, Sum: 8, Workers: 8
[20.643s][debug][gc,phases      ] GC(109)     GC Worker Other (ms):     Min:  0.0, Avg:  0.0, Max:  0.0, Diff:  0.0, Sum:  0.2, Workers: 8
[20.643s][debug][gc,phases      ] GC(109)     GC Worker Total (ms):     Min:  0.1, Avg:  0.1, Max:  0.2, Diff:  0.1, Sum:  0.9, Workers: 8
[20.643s][info ][gc,phases      ] GC(109)   Post Evacuate Collection Set: 0.4ms
[20.643s][debug][gc,phases      ] GC(109)     Code Roots Fixup: 0.0ms
[20.643s][debug][gc,phases      ] GC(109)     Clear Card Table: 0.1ms
[20.643s][debug][gc,phases      ] GC(109)     Reference Processing: 0.0ms
[20.643s][debug][gc,phases,ref  ] GC(109)       Reconsider SoftReferences: 0.0ms
[20.643s][debug][gc,phases,ref  ] GC(109)         SoftRef (ms):             skipped
[20.643s][debug][gc,phases,ref  ] GC(109)       Notify Soft/WeakReferences: 0.0ms
[20.643s][debug][gc,phases,ref  ] GC(109)         SoftRef (ms):             skipped
[20.643s][debug][gc,phases,ref  ] GC(109)         WeakRef (ms):             skipped
[20.643s][debug][gc,phases,ref  ] GC(109)         FinalRef (ms):            skipped
[20.643s][debug][gc,phases,ref  ] GC(109)         Total (ms):               skipped
[20.643s][debug][gc,phases,ref  ] GC(109)       Notify and keep alive finalizable: 0.0ms
[20.643s][debug][gc,phases,ref  ] GC(109)         FinalRef (ms):            skipped
[20.643s][debug][gc,phases,ref  ] GC(109)       Notify PhantomReferences: 0.0ms
[20.643s][debug][gc,phases,ref  ] GC(109)         PhantomRef (ms):          skipped
[20.643s][debug][gc,phases,ref  ] GC(109)       SoftReference:
[20.643s][debug][gc,phases,ref  ] GC(109)         Discovered: 0
[20.643s][debug][gc,phases,ref  ] GC(109)         Cleared: 0
[20.643s][debug][gc,phases,ref  ] GC(109)       WeakReference:
[20.643s][debug][gc,phases,ref  ] GC(109)         Discovered: 0
[20.643s][debug][gc,phases,ref  ] GC(109)         Cleared: 0
[20.643s][debug][gc,phases,ref  ] GC(109)       FinalReference:
[20.643s][debug][gc,phases,ref  ] GC(109)         Discovered: 0
[20.643s][debug][gc,phases,ref  ] GC(109)         Cleared: 0
[20.643s][debug][gc,phases,ref  ] GC(109)       PhantomReference:
[20.643s][debug][gc,phases,ref  ] GC(109)         Discovered: 0
[20.643s][debug][gc,phases,ref  ] GC(109)         Cleared: 0
[20.643s][debug][gc,phases      ] GC(109)     Weak Processing: 0.1ms
[20.643s][debug][gc,phases      ] GC(109)       JVMTI weak processing: 0.0ms
[20.643s][debug][gc,phases      ] GC(109)         Dead: 0
[20.643s][debug][gc,phases      ] GC(109)         Total: 0
[20.643s][debug][gc,phases      ] GC(109)       JFR weak processing: 0.0ms
[20.643s][debug][gc,phases      ] GC(109)         Dead: 0
[20.643s][debug][gc,phases      ] GC(109)         Total: 0
[20.643s][debug][gc,phases      ] GC(109)       JNI weak                  Min:  0.0, Avg:  0.0, Max:  0.0, Diff:  0.0, Sum:  0.1, Workers: 5
[20.643s][debug][gc,phases      ] GC(109)         Dead                      Min: 0, Avg:  0.0, Max: 0, Diff: 0, Sum: 0, Workers: 5
[20.643s][debug][gc,phases      ] GC(109)         Total                     Min: 0, Avg: 12.6, Max: 59, Diff: 59, Sum: 63, Workers: 5
[20.643s][debug][gc,phases      ] GC(109)       VM weak                   Min:  0.0, Avg:  0.0, Max:  0.0, Diff:  0.0, Sum:  0.0, Workers: 5
[20.643s][debug][gc,phases      ] GC(109)         Dead                      Min: 0, Avg:  0.0, Max: 0, Diff: 0, Sum: 0, Workers: 5
[20.643s][debug][gc,phases      ] GC(109)         Total                     Min: 0, Avg: 44.0, Max: 128, Diff: 128, Sum: 220, Workers: 5
[20.643s][debug][gc,phases      ] GC(109)       StringTable weak          Min:  0.0, Avg:  0.0, Max:  0.1, Diff:  0.1, Sum:  0.1, Workers: 5
[20.643s][debug][gc,phases      ] GC(109)         Dead                      Min: 0, Avg:  0.0, Max: 0, Diff: 0, Sum: 0, Workers: 5
[20.643s][debug][gc,phases      ] GC(109)         Total                     Min: 0, Avg: 718.4, Max: 1728, Diff: 1728, Sum: 3592, Workers: 5
[20.643s][debug][gc,phases      ] GC(109)       ResolvedMethodTable weak  Min:  0.0, Avg:  0.0, Max:  0.0, Diff:  0.0, Sum:  0.0, Workers: 5
[20.643s][debug][gc,phases      ] GC(109)         Dead                      Min: 0, Avg:  0.0, Max: 0, Diff: 0, Sum: 0, Workers: 5
[20.643s][debug][gc,phases      ] GC(109)         Total                     Min: 0, Avg: 116.6, Max: 192, Diff: 192, Sum: 583, Workers: 5
[20.643s][debug][gc,phases      ] GC(109)     Merge Per-Thread State: 0.0ms
[20.643s][debug][gc,phases      ] GC(109)       Copied Bytes              Min: 0, Avg: 60.0, Max: 152, Diff: 152, Sum: 480, Workers: 8
[20.643s][debug][gc,phases      ] GC(109)       LAB Waste                 Min: 0, Avg:  0.0, Max: 0, Diff: 0, Sum: 0, Workers: 8
[20.643s][debug][gc,phases      ] GC(109)       LAB Undo Waste            Min: 0, Avg:  0.0, Max: 0, Diff: 0, Sum: 0, Workers: 8
[20.643s][debug][gc,phases      ] GC(109)     Code Roots Purge: 0.0ms
[20.643s][debug][gc,phases      ] GC(109)     Redirty Cards: 0.0ms
[20.643s][debug][gc,phases      ] GC(109)     DerivedPointerTable Update: 0.0ms
[20.643s][debug][gc,phases      ] GC(109)     Free Collection Set: 0.1ms
[20.644s][debug][gc,phases      ] GC(109)     Rebuild Free List: 0.1ms
[20.644s][debug][gc,phases      ] GC(109)     Humongous Reclaim: 0.0ms
[20.644s][debug][gc,phases      ] GC(109)     Start New Collection Set: 0.0ms
[20.644s][debug][gc,phases      ] GC(109)     Resize TLABs: 0.0ms
[20.644s][debug][gc,phases      ] GC(109)     Expand Heap After Collection: 0.0ms
[20.644s][info ][gc,phases      ] GC(109)   Other: 0.3ms
[20.644s][info ][gc,heap        ] GC(109) Eden regions: 186->0(186)
[20.644s][info ][gc,heap        ] GC(109) Survivor regions: 1->1(24)
[20.644s][info ][gc,heap        ] GC(109) Old regions: 7->7
[20.644s][info ][gc,heap        ] GC(109) Archive regions: 2->2
[20.644s][info ][gc,heap        ] GC(109) Humongous regions: 0->0
[20.644s][info ][gc,metaspace   ] GC(109) Metaspace: 10391K(10880K)->10391K(10880K) NonClass: 9188K(9472K)->9188K(9472K) Class: 1202K(1408K)->1202K(1408K)
[20.644s][debug][gc,heap        ] GC(109) Heap after GC invocations=110 (full 1): garbage-first heap   total 319488K, used 4338K [0x0000000700000000, 0x0000000800000000)
[20.644s][debug][gc,heap        ] GC(109)   region size 1024K, 1 young (1024K), 1 survivors (1024K)
[20.644s][debug][gc,heap        ] GC(109)  Metaspace       used 10391K, capacity 10712K, committed 10880K, reserved 1058816K
[20.644s][debug][gc,heap        ] GC(109)   class space    used 1202K, capacity 1338K, committed 1408K, reserved 1048576K
[20.644s][info ][gc             ] GC(109) Pause Young (Normal) (G1 Evacuation Pause) 190M->4M(312M) 2.195ms
[20.644s][info ][gc,cpu         ] GC(109) User=0.00s Sys=0.00s Real=0.00s
[20.644s][info ][safepoint      ] Safepoint "G1CollectForAllocation", Time since last: 144736464 ns, Reaching safepoint: 162607 ns, At safepoint: 2404617 ns, Total: 2567224 ns
[20.804s][debug][gc,heap        ] GC(110) Heap before GC invocations=110 (full 1): garbage-first heap   total 319488K, used 194802K [0x0000000700000000, 0x0000000800000000)
[20.804s][debug][gc,heap        ] GC(110)   region size 1024K, 187 young (191488K), 1 survivors (1024K)
[20.804s][debug][gc,heap        ] GC(110)  Metaspace       used 10405K, capacity 10715K, committed 10880K, reserved 1058816K
[20.804s][debug][gc,heap        ] GC(110)   class space    used 1202K, capacity 1339K, committed 1408K, reserved 1048576K
[20.804s][info ][gc,start       ] GC(110) Pause Young (Normal) (G1 Evacuation Pause)
[20.804s][info ][gc,task        ] GC(110) Using 8 workers of 8 for evacuation
[20.804s][debug][gc,tlab        ] GC(110) TLAB totals: thrds: 11  refills: 753 max: 115 slow allocs: 0 max 0 waste:  1.1% gc: 1640128B max: 391632B slow: 434704B max: 66616B fast: 0B max: 0B
[20.804s][debug][gc,age         ] GC(110) Desired survivor size 12582912 bytes, new threshold 15 (max threshold 15)
[20.804s][debug][gc,alloc,region] GC(110) Mutator Allocation stats, regions: 186, wasted size: 0B ( 0.0%)
[20.804s][debug][gc,ergo        ] GC(110) Running G1 Merge Heap Roots using 8 workers for 187 regions
[20.804s][debug][gc,remset      ] GC(110) Visited cards 3584 Total dirty 12288 (29.17%) Total old 784384 (0.46%)
[20.805s][debug][gc,ergo        ] GC(110) Running G1 Clear Card Table Task using 1 workers for 1 units of work for 193 regions.
[20.805s][debug][gc,ref         ] GC(110) Skipped phase1 of Reference Processing due to unavailable references
[20.805s][debug][gc,ref         ] GC(110) Skipped phase3 of Reference Processing due to unavailable references
[20.805s][debug][gc,ergo        ] GC(110) Running G1 Free Collection Set using 8 workers for collection set length 187 (312)
[20.805s][debug][gc,ergo        ] GC(110) Running G1 Rebuild Free List Task using 8 workers for rebuilding free list of 0 (4096) regions
[20.805s][trace][gc,age         ] GC(110) Age table with threshold 15 (max threshold 15)
[20.805s][trace][gc,age         ] GC(110) - age   1:       2368 bytes,       2368 total
[20.805s][debug][gc,plab        ] GC(110) Young PLAB allocation: allocated: 16512B, wasted: 0B, unused: 14144B, used: 2368B, undo waste: 0B, 
[20.805s][debug][gc,plab        ] GC(110) Young other allocation: region end waste: 0B, regions filled: 1, direct allocated: 0B, failure used: 0B, failure wasted: 0B
[20.805s][debug][gc,plab        ] GC(110) Young sizing: calculated: 472B, actual: 2064B
[20.805s][debug][gc,plab        ] GC(110) Old PLAB allocation: allocated: 0B, wasted: 0B, unused: 0B, used: 0B, undo waste: 0B, 
[20.805s][debug][gc,plab        ] GC(110) Old other allocation: region end waste: 0B, regions filled: 1, direct allocated: 0B, failure used: 0B, failure wasted: 0B
[20.805s][debug][gc,plab        ] GC(110) Old sizing: calculated: 0B, actual: 2064B
[20.805s][debug][gc,ihop        ] GC(110) Basic information (value update), threshold: 147220070B (45.00), target occupancy: 327155712B, current occupancy: 4444872B, recent allocation size: 0B, recent allocation duration: 161.66ms, recent old gen allocation rate: 0.00B/s, recent marking phase length: 0.00ms
[20.805s][debug][gc,ihop        ] GC(110) Adaptive IHOP information (value update), threshold: 147220070B (47.37), internal target occupancy: 310797926B, occupancy: 4444872B, additional buffer size: 196083712B, predicted old gen allocation rate: 6128.74B/s, predicted marking phase length: 0.00ms, prediction active: false
[20.805s][debug][gc,ergo,refine ] GC(110) Concurrent refinement times: Logged Cards Scan time goal: 20.00ms Logged Cards Scan time: 0.02ms HCC time: 0.00ms
[20.805s][debug][gc,ergo,refine ] GC(110) Updated Refinement Zones: green: 2048, yellow: 6144, red: 10240
[20.805s][info ][gc,phases      ] GC(110)   Pre Evacuate Collection Set: 0.1ms
[20.805s][debug][gc,phases      ] GC(110)     Prepare TLABs: 0.0ms
[20.805s][debug][gc,phases      ] GC(110)     Choose Collection Set: 0.0ms
[20.805s][debug][gc,phases      ] GC(110)     Region Register: 0.1ms
[20.805s][debug][gc,phases      ] GC(110)     Prepare Heap Roots: 0.0ms
[20.805s][info ][gc,phases      ] GC(110)   Merge Heap Roots: 0.1ms
[20.805s][debug][gc,phases      ] GC(110)     Prepare Merge Heap Roots: 0.0ms
[20.805s][debug][gc,phases      ] GC(110)     Eager Reclaim (ms):       skipped
[20.805s][debug][gc,phases      ] GC(110)     Remembered Sets (ms):     Min:  0.0, Avg:  0.0, Max:  0.0, Diff:  0.0, Sum:  0.1, Workers: 8
[20.805s][debug][gc,phases      ] GC(110)       Merged Sparse:            Min: 0, Avg:  0.0, Max: 0, Diff: 0, Sum: 0, Workers: 8
[20.805s][debug][gc,phases      ] GC(110)       Merged Fine:              Min: 0, Avg:  0.0, Max: 0, Diff: 0, Sum: 0, Workers: 8
[20.805s][debug][gc,phases      ] GC(110)       Merged Coarse:            Min: 0, Avg:  0.0, Max: 0, Diff: 0, Sum: 0, Workers: 8
[20.805s][debug][gc,phases      ] GC(110)       Dirty Cards:              Min: 0, Avg:  0.0, Max: 0, Diff: 0, Sum: 0, Workers: 8
[20.805s][debug][gc,phases      ] GC(110)     Hot Card Cache (ms):      Min:  0.0, Avg:  0.0, Max:  0.0, Diff:  0.0, Sum:  0.0, Workers: 8
[20.805s][debug][gc,phases      ] GC(110)       Dirty Cards:              Min: 0, Avg:  0.0, Max: 0, Diff: 0, Sum: 0, Workers: 8
[20.805s][debug][gc,phases      ] GC(110)       Skipped Cards:            Min: 0, Avg:  0.0, Max: 0, Diff: 0, Sum: 0, Workers: 8
[20.805s][debug][gc,phases      ] GC(110)     Log Buffers (ms):         Min:  0.0, Avg:  0.0, Max:  0.0, Diff:  0.0, Sum:  0.0, Workers: 8
[20.805s][debug][gc,phases      ] GC(110)       Dirty Cards:              Min: 0, Avg:  7.0, Max: 42, Diff: 42, Sum: 56, Workers: 8
[20.805s][debug][gc,phases      ] GC(110)       Skipped Cards:            Min: 0, Avg:  0.0, Max: 0, Diff: 0, Sum: 0, Workers: 8
[20.805s][info ][gc,phases      ] GC(110)   Evacuate Collection Set: 0.1ms
[20.805s][debug][gc,phases      ] GC(110)     Ext Root Scanning (ms):   Min:  0.0, Avg:  0.0, Max:  0.1, Diff:  0.1, Sum:  0.3, Workers: 8
[20.805s][debug][gc,phases      ] GC(110)     Scan Heap Roots (ms):     Min:  0.0, Avg:  0.0, Max:  0.0, Diff:  0.0, Sum:  0.1, Workers: 8
[20.805s][debug][gc,phases      ] GC(110)       Scanned Cards:            Min: 0, Avg:  7.0, Max: 12, Diff: 12, Sum: 56, Workers: 8
[20.805s][debug][gc,phases      ] GC(110)       Scanned Blocks:           Min: 0, Avg:  6.1, Max: 11, Diff: 11, Sum: 49, Workers: 8
[20.805s][debug][gc,phases      ] GC(110)       Claimed Chunks:           Min: 0, Avg:  1.8, Max: 3, Diff: 3, Sum: 14, Workers: 8
[20.805s][debug][gc,phases      ] GC(110)     Code Root Scan (ms):      Min:  0.0, Avg:  0.0, Max:  0.0, Diff:  0.0, Sum:  0.0, Workers: 8
[20.805s][debug][gc,phases      ] GC(110)     Object Copy (ms):         Min:  0.0, Avg:  0.0, Max:  0.0, Diff:  0.0, Sum:  0.0, Workers: 8
[20.805s][debug][gc,phases      ] GC(110)     Termination (ms):         Min:  0.0, Avg:  0.0, Max:  0.1, Diff:  0.0, Sum:  0.4, Workers: 8
[20.805s][debug][gc,phases      ] GC(110)       Termination Attempts:     Min: 1, Avg:  1.0, Max: 1, Diff: 0, Sum: 8, Workers: 8
[20.805s][debug][gc,phases      ] GC(110)     GC Worker Other (ms):     Min:  0.0, Avg:  0.0, Max:  0.0, Diff:  0.0, Sum:  0.1, Workers: 8
[20.805s][debug][gc,phases      ] GC(110)     GC Worker Total (ms):     Min:  0.1, Avg:  0.1, Max:  0.1, Diff:  0.0, Sum:  1.0, Workers: 8
[20.805s][info ][gc,phases      ] GC(110)   Post Evacuate Collection Set: 0.3ms
[20.805s][debug][gc,phases      ] GC(110)     Code Roots Fixup: 0.0ms
[20.805s][debug][gc,phases      ] GC(110)     Clear Card Table: 0.1ms
[20.805s][debug][gc,phases      ] GC(110)     Reference Processing: 0.0ms
[20.805s][debug][gc,phases,ref  ] GC(110)       Reconsider SoftReferences: 0.0ms
[20.805s][debug][gc,phases,ref  ] GC(110)         SoftRef (ms):             skipped
[20.805s][debug][gc,phases,ref  ] GC(110)       Notify Soft/WeakReferences: 0.0ms
[20.805s][debug][gc,phases,ref  ] GC(110)         SoftRef (ms):             Min:  0.0, Avg:  0.0, Max:  0.0, Diff:  0.0, Sum:  0.0, Workers: 1
[20.806s][debug][gc,phases,ref  ] GC(110)         WeakRef (ms):             Min:  0.0, Avg:  0.0, Max:  0.0, Diff:  0.0, Sum:  0.0, Workers: 1
[20.806s][debug][gc,phases,ref  ] GC(110)         FinalRef (ms):            Min:  0.0, Avg:  0.0, Max:  0.0, Diff:  0.0, Sum:  0.0, Workers: 1
[20.806s][debug][gc,phases,ref  ] GC(110)         Total (ms):               Min:  0.0, Avg:  0.0, Max:  0.0, Diff:  0.0, Sum:  0.0, Workers: 1
[20.806s][debug][gc,phases,ref  ] GC(110)       Notify and keep alive finalizable: 0.0ms
[20.806s][debug][gc,phases,ref  ] GC(110)         FinalRef (ms):            skipped
[20.806s][debug][gc,phases,ref  ] GC(110)       Notify PhantomReferences: 0.0ms
[20.806s][debug][gc,phases,ref  ] GC(110)         PhantomRef (ms):          Min:  0.0, Avg:  0.0, Max:  0.0, Diff:  0.0, Sum:  0.0, Workers: 1
[20.806s][debug][gc,phases,ref  ] GC(110)       SoftReference:
[20.806s][debug][gc,phases,ref  ] GC(110)         Discovered: 0
[20.806s][debug][gc,phases,ref  ] GC(110)         Cleared: 0
[20.806s][debug][gc,phases,ref  ] GC(110)       WeakReference:
[20.806s][debug][gc,phases,ref  ] GC(110)         Discovered: 3
[20.806s][debug][gc,phases,ref  ] GC(110)         Cleared: 0
[20.806s][debug][gc,phases,ref  ] GC(110)       FinalReference:
[20.806s][debug][gc,phases,ref  ] GC(110)         Discovered: 0
[20.806s][debug][gc,phases,ref  ] GC(110)         Cleared: 0
[20.806s][debug][gc,phases,ref  ] GC(110)       PhantomReference:
[20.806s][debug][gc,phases,ref  ] GC(110)         Discovered: 2
[20.806s][debug][gc,phases,ref  ] GC(110)         Cleared: 1
[20.806s][debug][gc,phases      ] GC(110)     Weak Processing: 0.0ms
[20.806s][debug][gc,phases      ] GC(110)       JVMTI weak processing: 0.0ms
[20.806s][debug][gc,phases      ] GC(110)         Dead: 0
[20.806s][debug][gc,phases      ] GC(110)         Total: 0
[20.806s][debug][gc,phases      ] GC(110)       JFR weak processing: 0.0ms
[20.806s][debug][gc,phases      ] GC(110)         Dead: 0
[20.806s][debug][gc,phases      ] GC(110)         Total: 0
[20.806s][debug][gc,phases      ] GC(110)       JNI weak                  Min:  0.0, Avg:  0.0, Max:  0.0, Diff:  0.0, Sum:  0.0, Workers: 5
[20.806s][debug][gc,phases      ] GC(110)         Dead                      Min: 0, Avg:  0.0, Max: 0, Diff: 0, Sum: 0, Workers: 5
[20.806s][debug][gc,phases      ] GC(110)         Total                     Min: 0, Avg: 12.8, Max: 60, Diff: 60, Sum: 64, Workers: 5
[20.806s][debug][gc,phases      ] GC(110)       VM weak                   Min:  0.0, Avg:  0.0, Max:  0.0, Diff:  0.0, Sum:  0.0, Workers: 5
[20.806s][debug][gc,phases      ] GC(110)         Dead                      Min: 0, Avg:  0.0, Max: 0, Diff: 0, Sum: 0, Workers: 5
[20.806s][debug][gc,phases      ] GC(110)         Total                     Min: 0, Avg: 44.2, Max: 64, Diff: 64, Sum: 221, Workers: 5
[20.806s][debug][gc,phases      ] GC(110)       StringTable weak          Min:  0.0, Avg:  0.0, Max:  0.0, Diff:  0.0, Sum:  0.1, Workers: 5
[20.806s][debug][gc,phases      ] GC(110)         Dead                      Min: 0, Avg:  0.2, Max: 1, Diff: 1, Sum: 1, Workers: 5
[20.806s][debug][gc,phases      ] GC(110)         Total                     Min: 651, Avg: 718.8, Max: 831, Diff: 180, Sum: 3594, Workers: 5
[20.806s][debug][gc,phases      ] GC(110)       ResolvedMethodTable weak  Min:  0.0, Avg:  0.0, Max:  0.0, Diff:  0.0, Sum:  0.0, Workers: 5
[20.806s][debug][gc,phases      ] GC(110)         Dead                      Min: 0, Avg:  0.0, Max: 0, Diff: 0, Sum: 0, Workers: 5
[20.806s][debug][gc,phases      ] GC(110)         Total                     Min: 64, Avg: 116.8, Max: 192, Diff: 128, Sum: 584, Workers: 5
[20.806s][debug][gc,phases      ] GC(110)     Merge Per-Thread State: 0.0ms
[20.806s][debug][gc,phases      ] GC(110)       Copied Bytes              Min: 24, Avg: 296.0, Max: 520, Diff: 496, Sum: 2368, Workers: 8
[20.806s][debug][gc,phases      ] GC(110)       LAB Waste                 Min: 0, Avg:  0.0, Max: 0, Diff: 0, Sum: 0, Workers: 8
[20.806s][debug][gc,phases      ] GC(110)       LAB Undo Waste            Min: 0, Avg:  0.0, Max: 0, Diff: 0, Sum: 0, Workers: 8
[20.806s][debug][gc,phases      ] GC(110)     Code Roots Purge: 0.0ms
[20.806s][debug][gc,phases      ] GC(110)     Redirty Cards: 0.0ms
[20.806s][debug][gc,phases      ] GC(110)     DerivedPointerTable Update: 0.0ms
[20.806s][debug][gc,phases      ] GC(110)     Free Collection Set: 0.1ms
[20.806s][debug][gc,phases      ] GC(110)     Rebuild Free List: 0.0ms
[20.806s][debug][gc,phases      ] GC(110)     Humongous Reclaim: 0.0ms
[20.806s][debug][gc,phases      ] GC(110)     Start New Collection Set: 0.0ms
[20.806s][debug][gc,phases      ] GC(110)     Resize TLABs: 0.0ms
[20.806s][debug][gc,phases      ] GC(110)     Expand Heap After Collection: 0.0ms
[20.806s][info ][gc,phases      ] GC(110)   Other: 0.5ms
[20.806s][info ][gc,heap        ] GC(110) Eden regions: 186->0(186)
[20.806s][info ][gc,heap        ] GC(110) Survivor regions: 1->1(24)
[20.806s][info ][gc,heap        ] GC(110) Old regions: 7->7
[20.806s][info ][gc,heap        ] GC(110) Archive regions: 2->2
[20.806s][info ][gc,heap        ] GC(110) Humongous regions: 0->0
[20.806s][info ][gc,metaspace   ] GC(110) Metaspace: 10405K(10880K)->10405K(10880K) NonClass: 9202K(9472K)->9202K(9472K) Class: 1202K(1408K)->1202K(1408K)
[20.806s][debug][gc,heap        ] GC(110) Heap after GC invocations=111 (full 1): garbage-first heap   total 319488K, used 4340K [0x0000000700000000, 0x0000000800000000)
[20.806s][debug][gc,heap        ] GC(110)   region size 1024K, 1 young (1024K), 1 survivors (1024K)
[20.806s][debug][gc,heap        ] GC(110)  Metaspace       used 10405K, capacity 10715K, committed 10880K, reserved 1058816K
[20.806s][debug][gc,heap        ] GC(110)   class space    used 1202K, capacity 1339K, committed 1408K, reserved 1048576K
[20.806s][info ][gc             ] GC(110) Pause Young (Normal) (G1 Evacuation Pause) 190M->4M(312M) 1.948ms
[20.806s][info ][gc,cpu         ] GC(110) User=0.00s Sys=0.00s Real=0.01s
[20.806s][info ][safepoint      ] Safepoint "G1CollectForAllocation", Time since last: 160011223 ns, Reaching safepoint: 125535 ns, At safepoint: 2205338 ns, Total: 2330873 ns
[20.938s][debug][gc,heap        ] GC(111) Heap before GC invocations=111 (full 1): garbage-first heap   total 319488K, used 194804K [0x0000000700000000, 0x0000000800000000)
[20.938s][debug][gc,heap        ] GC(111)   region size 1024K, 187 young (191488K), 1 survivors (1024K)
[20.938s][debug][gc,heap        ] GC(111)  Metaspace       used 10405K, capacity 10715K, committed 10880K, reserved 1058816K
[20.938s][debug][gc,heap        ] GC(111)   class space    used 1202K, capacity 1339K, committed 1408K, reserved 1048576K
[20.938s][info ][gc,start       ] GC(111) Pause Young (Normal) (G1 Evacuation Pause)
[20.938s][info ][gc,task        ] GC(111) Using 8 workers of 8 for evacuation
[20.938s][debug][gc,tlab        ] GC(111) TLAB totals: thrds: 8  refills: 749 max: 130 slow allocs: 0 max 0 waste:  1.1% gc: 1630952B max: 361048B slow: 432656B max: 75840B fast: 0B max: 0B
[20.938s][debug][gc,age         ] GC(111) Desired survivor size 12582912 bytes, new threshold 15 (max threshold 15)
[20.938s][debug][gc,alloc,region] GC(111) Mutator Allocation stats, regions: 186, wasted size: 0B ( 0.0%)
[20.938s][debug][gc,ergo        ] GC(111) Running G1 Merge Heap Roots using 8 workers for 187 regions
[20.939s][debug][gc,remset      ] GC(111) Visited cards 2560 Total dirty 10240 (25.00%) Total old 784384 (0.33%)
[20.939s][debug][gc,ergo        ] GC(111) Running G1 Clear Card Table Task using 1 workers for 1 units of work for 192 regions.
[20.939s][debug][gc,ref         ] GC(111) Skipped phase1 of Reference Processing due to unavailable references
[20.939s][debug][gc,ref         ] GC(111) Skipped phase2 of Reference Processing due to unavailable references
[20.939s][debug][gc,ref         ] GC(111) Skipped phase3 of Reference Processing due to unavailable references
[20.939s][debug][gc,ergo        ] GC(111) Running G1 Free Collection Set using 8 workers for collection set length 187 (312)
[20.939s][debug][gc,ergo        ] GC(111) Running G1 Rebuild Free List Task using 8 workers for rebuilding free list of 0 (4096) regions
[20.939s][trace][gc,age         ] GC(111) Age table with threshold 15 (max threshold 15)
[20.939s][trace][gc,age         ] GC(111) - age   1:        560 bytes,        560 total
[20.939s][trace][gc,age         ] GC(111) - age   2:       1840 bytes,       2400 total
[20.939s][debug][gc,plab        ] GC(111) Young PLAB allocation: allocated: 14448B, wasted: 0B, unused: 12048B, used: 2400B, undo waste: 0B, 
[20.939s][debug][gc,plab        ] GC(111) Young other allocation: region end waste: 0B, regions filled: 1, direct allocated: 0B, failure used: 0B, failure wasted: 0B
[20.939s][debug][gc,plab        ] GC(111) Young sizing: calculated: 480B, actual: 2064B
[20.939s][debug][gc,plab        ] GC(111) Old PLAB allocation: allocated: 0B, wasted: 0B, unused: 0B, used: 0B, undo waste: 0B, 
[20.939s][debug][gc,plab        ] GC(111) Old other allocation: region end waste: 0B, regions filled: 1, direct allocated: 0B, failure used: 0B, failure wasted: 0B
[20.939s][debug][gc,plab        ] GC(111) Old sizing: calculated: 0B, actual: 2064B
[20.939s][debug][gc,ihop        ] GC(111) Basic information (value update), threshold: 147220070B (45.00), target occupancy: 327155712B, current occupancy: 4442808B, recent allocation size: 0B, recent allocation duration: 133.31ms, recent old gen allocation rate: 0.00B/s, recent marking phase length: 0.00ms
[20.939s][debug][gc,ihop        ] GC(111) Adaptive IHOP information (value update), threshold: 147220070B (47.37), internal target occupancy: 310797926B, occupancy: 4442808B, additional buffer size: 196083712B, predicted old gen allocation rate: 5953.78B/s, predicted marking phase length: 0.00ms, prediction active: false
[20.939s][debug][gc,ergo,refine ] GC(111) Concurrent refinement times: Logged Cards Scan time goal: 20.00ms Logged Cards Scan time: 0.01ms HCC time: 0.00ms
[20.939s][debug][gc,ergo,refine ] GC(111) Updated Refinement Zones: green: 2048, yellow: 6144, red: 10240
[20.939s][info ][gc,phases      ] GC(111)   Pre Evacuate Collection Set: 0.1ms
[20.939s][debug][gc,phases      ] GC(111)     Prepare TLABs: 0.0ms
[20.939s][debug][gc,phases      ] GC(111)     Choose Collection Set: 0.0ms
[20.939s][debug][gc,phases      ] GC(111)     Region Register: 0.1ms
[20.939s][debug][gc,phases      ] GC(111)     Prepare Heap Roots: 0.0ms
[20.939s][info ][gc,phases      ] GC(111)   Merge Heap Roots: 0.1ms
[20.939s][debug][gc,phases      ] GC(111)     Prepare Merge Heap Roots: 0.0ms
[20.940s][debug][gc,phases      ] GC(111)     Eager Reclaim (ms):       skipped
[20.940s][debug][gc,phases      ] GC(111)     Remembered Sets (ms):     Min:  0.0, Avg:  0.0, Max:  0.0, Diff:  0.0, Sum:  0.1, Workers: 8
[20.940s][debug][gc,phases      ] GC(111)       Merged Sparse:            Min: 0, Avg:  0.0, Max: 0, Diff: 0, Sum: 0, Workers: 8
[20.940s][debug][gc,phases      ] GC(111)       Merged Fine:              Min: 0, Avg:  0.0, Max: 0, Diff: 0, Sum: 0, Workers: 8
[20.940s][debug][gc,phases      ] GC(111)       Merged Coarse:            Min: 0, Avg:  0.0, Max: 0, Diff: 0, Sum: 0, Workers: 8
[20.940s][debug][gc,phases      ] GC(111)       Dirty Cards:              Min: 0, Avg:  0.0, Max: 0, Diff: 0, Sum: 0, Workers: 8
[20.940s][debug][gc,phases      ] GC(111)     Hot Card Cache (ms):      Min:  0.0, Avg:  0.0, Max:  0.0, Diff:  0.0, Sum:  0.0, Workers: 8
[20.940s][debug][gc,phases      ] GC(111)       Dirty Cards:              Min: 0, Avg:  0.0, Max: 0, Diff: 0, Sum: 0, Workers: 8
[20.940s][debug][gc,phases      ] GC(111)       Skipped Cards:            Min: 0, Avg:  0.0, Max: 0, Diff: 0, Sum: 0, Workers: 8
[20.940s][debug][gc,phases      ] GC(111)     Log Buffers (ms):         Min:  0.0, Avg:  0.0, Max:  0.0, Diff:  0.0, Sum:  0.0, Workers: 8
[20.940s][debug][gc,phases      ] GC(111)       Dirty Cards:              Min: 0, Avg:  2.5, Max: 8, Diff: 8, Sum: 20, Workers: 8
[20.940s][debug][gc,phases      ] GC(111)       Skipped Cards:            Min: 0, Avg:  0.0, Max: 0, Diff: 0, Sum: 0, Workers: 8
[20.940s][info ][gc,phases      ] GC(111)   Evacuate Collection Set: 0.3ms
[20.940s][debug][gc,phases      ] GC(111)     Ext Root Scanning (ms):   Min:  0.0, Avg:  0.0, Max:  0.1, Diff:  0.1, Sum:  0.2, Workers: 8
[20.940s][debug][gc,phases      ] GC(111)     Scan Heap Roots (ms):     Min:  0.0, Avg:  0.0, Max:  0.0, Diff:  0.0, Sum:  0.1, Workers: 8
[20.940s][debug][gc,phases      ] GC(111)       Scanned Cards:            Min: 0, Avg:  2.4, Max: 4, Diff: 4, Sum: 19, Workers: 8
[20.940s][debug][gc,phases      ] GC(111)       Scanned Blocks:           Min: 0, Avg:  2.2, Max: 4, Diff: 4, Sum: 18, Workers: 8
[20.940s][debug][gc,phases      ] GC(111)       Claimed Chunks:           Min: 0, Avg:  1.2, Max: 3, Diff: 3, Sum: 10, Workers: 8
[20.940s][debug][gc,phases      ] GC(111)     Code Root Scan (ms):      Min:  0.0, Avg:  0.0, Max:  0.0, Diff:  0.0, Sum:  0.0, Workers: 8
[20.940s][debug][gc,phases      ] GC(111)     Object Copy (ms):         Min:  0.0, Avg:  0.0, Max:  0.0, Diff:  0.0, Sum:  0.0, Workers: 8
[20.940s][debug][gc,phases      ] GC(111)     Termination (ms):         Min:  0.1, Avg:  0.1, Max:  0.2, Diff:  0.1, Sum:  1.1, Workers: 8
[20.940s][debug][gc,phases      ] GC(111)       Termination Attempts:     Min: 1, Avg:  1.0, Max: 1, Diff: 0, Sum: 8, Workers: 8
[20.940s][debug][gc,phases      ] GC(111)     GC Worker Other (ms):     Min:  0.0, Avg:  0.0, Max:  0.0, Diff:  0.0, Sum:  0.2, Workers: 8
[20.940s][debug][gc,phases      ] GC(111)     GC Worker Total (ms):     Min:  0.1, Avg:  0.2, Max:  0.3, Diff:  0.1, Sum:  1.6, Workers: 8
[20.940s][info ][gc,phases      ] GC(111)   Post Evacuate Collection Set: 0.4ms
[20.940s][debug][gc,phases      ] GC(111)     Code Roots Fixup: 0.0ms
[20.940s][debug][gc,phases      ] GC(111)     Clear Card Table: 0.1ms
[20.940s][debug][gc,phases      ] GC(111)     Reference Processing: 0.1ms
[20.940s][debug][gc,phases,ref  ] GC(111)       Reconsider SoftReferences: 0.0ms
[20.940s][debug][gc,phases,ref  ] GC(111)         SoftRef (ms):             skipped
[20.940s][debug][gc,phases,ref  ] GC(111)       Notify Soft/WeakReferences: 0.0ms
[20.940s][debug][gc,phases,ref  ] GC(111)         SoftRef (ms):             skipped
[20.940s][debug][gc,phases,ref  ] GC(111)         WeakRef (ms):             skipped
[20.940s][debug][gc,phases,ref  ] GC(111)         FinalRef (ms):            skipped
[20.940s][debug][gc,phases,ref  ] GC(111)         Total (ms):               skipped
[20.940s][debug][gc,phases,ref  ] GC(111)       Notify and keep alive finalizable: 0.0ms
[20.940s][debug][gc,phases,ref  ] GC(111)         FinalRef (ms):            skipped
[20.940s][debug][gc,phases,ref  ] GC(111)       Notify PhantomReferences: 0.0ms
[20.940s][debug][gc,phases,ref  ] GC(111)         PhantomRef (ms):          Min:  0.0, Avg:  0.0, Max:  0.0, Diff:  0.0, Sum:  0.0, Workers: 1
[20.940s][debug][gc,phases,ref  ] GC(111)       SoftReference:
[20.940s][debug][gc,phases,ref  ] GC(111)         Discovered: 0
[20.940s][debug][gc,phases,ref  ] GC(111)         Cleared: 0
[20.940s][debug][gc,phases,ref  ] GC(111)       WeakReference:
[20.940s][debug][gc,phases,ref  ] GC(111)         Discovered: 0
[20.940s][debug][gc,phases,ref  ] GC(111)         Cleared: 0
[20.940s][debug][gc,phases,ref  ] GC(111)       FinalReference:
[20.940s][debug][gc,phases,ref  ] GC(111)         Discovered: 0
[20.940s][debug][gc,phases,ref  ] GC(111)         Cleared: 0
[20.940s][debug][gc,phases,ref  ] GC(111)       PhantomReference:
[20.940s][debug][gc,phases,ref  ] GC(111)         Discovered: 1
[20.940s][debug][gc,phases,ref  ] GC(111)         Cleared: 1
[20.940s][debug][gc,phases      ] GC(111)     Weak Processing: 0.0ms
[20.940s][debug][gc,phases      ] GC(111)       JVMTI weak processing: 0.0ms
[20.940s][debug][gc,phases      ] GC(111)         Dead: 0
[20.940s][debug][gc,phases      ] GC(111)         Total: 0
[20.940s][debug][gc,phases      ] GC(111)       JFR weak processing: 0.0ms
[20.940s][debug][gc,phases      ] GC(111)         Dead: 0
[20.940s][debug][gc,phases      ] GC(111)         Total: 0
[20.940s][debug][gc,phases      ] GC(111)       JNI weak                  Min:  0.0, Avg:  0.0, Max:  0.0, Diff:  0.0, Sum:  0.0, Workers: 5
[20.940s][debug][gc,phases      ] GC(111)         Dead                      Min: 0, Avg:  0.0, Max: 0, Diff: 0, Sum: 0, Workers: 5
[20.940s][debug][gc,phases      ] GC(111)         Total                     Min: 0, Avg: 12.8, Max: 60, Diff: 60, Sum: 64, Workers: 5
[20.940s][debug][gc,phases      ] GC(111)       VM weak                   Min:  0.0, Avg:  0.0, Max:  0.0, Diff:  0.0, Sum:  0.0, Workers: 5
[20.940s][debug][gc,phases      ] GC(111)         Dead                      Min: 0, Avg:  0.0, Max: 0, Diff: 0, Sum: 0, Workers: 5
[20.940s][debug][gc,phases      ] GC(111)         Total                     Min: 0, Avg: 44.2, Max: 64, Diff: 64, Sum: 221, Workers: 5
[20.940s][debug][gc,phases      ] GC(111)       StringTable weak          Min:  0.0, Avg:  0.0, Max:  0.0, Diff:  0.0, Sum:  0.1, Workers: 5
[20.940s][debug][gc,phases      ] GC(111)         Dead                      Min: 0, Avg:  0.0, Max: 0, Diff: 0, Sum: 0, Workers: 5
[20.940s][debug][gc,phases      ] GC(111)         Total                     Min: 0, Avg: 718.8, Max: 959, Diff: 959, Sum: 3594, Workers: 5
[20.940s][debug][gc,phases      ] GC(111)       ResolvedMethodTable weak  Min:  0.0, Avg:  0.0, Max:  0.0, Diff:  0.0, Sum:  0.0, Workers: 5
[20.940s][debug][gc,phases      ] GC(111)         Dead                      Min: 0, Avg:  0.0, Max: 0, Diff: 0, Sum: 0, Workers: 5
[20.940s][debug][gc,phases      ] GC(111)         Total                     Min: 0, Avg: 116.8, Max: 192, Diff: 192, Sum: 584, Workers: 5
[20.940s][debug][gc,phases      ] GC(111)     Merge Per-Thread State: 0.0ms
[20.940s][debug][gc,phases      ] GC(111)       Copied Bytes              Min: 0, Avg: 300.0, Max: 544, Diff: 544, Sum: 2400, Workers: 8
[20.940s][debug][gc,phases      ] GC(111)       LAB Waste                 Min: 0, Avg:  0.0, Max: 0, Diff: 0, Sum: 0, Workers: 8
[20.940s][debug][gc,phases      ] GC(111)       LAB Undo Waste            Min: 0, Avg:  0.0, Max: 0, Diff: 0, Sum: 0, Workers: 8
[20.940s][debug][gc,phases      ] GC(111)     Code Roots Purge: 0.0ms
[20.940s][debug][gc,phases      ] GC(111)     Redirty Cards: 0.0ms
[20.940s][debug][gc,phases      ] GC(111)     DerivedPointerTable Update: 0.0ms
[20.940s][debug][gc,phases      ] GC(111)     Free Collection Set: 0.1ms
[20.940s][debug][gc,phases      ] GC(111)     Rebuild Free List: 0.1ms
[20.940s][debug][gc,phases      ] GC(111)     Humongous Reclaim: 0.0ms
[20.940s][debug][gc,phases      ] GC(111)     Start New Collection Set: 0.0ms
[20.940s][debug][gc,phases      ] GC(111)     Resize TLABs: 0.0ms
[20.940s][debug][gc,phases      ] GC(111)     Expand Heap After Collection: 0.0ms
[20.940s][info ][gc,phases      ] GC(111)   Other: 0.4ms
[20.940s][info ][gc,heap        ] GC(111) Eden regions: 186->0(186)
[20.940s][info ][gc,heap        ] GC(111) Survivor regions: 1->1(24)
[20.940s][info ][gc,heap        ] GC(111) Old regions: 7->7
[20.940s][info ][gc,heap        ] GC(111) Archive regions: 2->2
[20.940s][info ][gc,heap        ] GC(111) Humongous regions: 0->0
[20.940s][info ][gc,metaspace   ] GC(111) Metaspace: 10405K(10880K)->10405K(10880K) NonClass: 9202K(9472K)->9202K(9472K) Class: 1202K(1408K)->1202K(1408K)
[20.940s][debug][gc,heap        ] GC(111) Heap after GC invocations=112 (full 1): garbage-first heap   total 319488K, used 4338K [0x0000000700000000, 0x0000000800000000)
[20.940s][debug][gc,heap        ] GC(111)   region size 1024K, 1 young (1024K), 1 survivors (1024K)
[20.940s][debug][gc,heap        ] GC(111)  Metaspace       used 10405K, capacity 10715K, committed 10880K, reserved 1058816K
[20.940s][debug][gc,heap        ] GC(111)   class space    used 1202K, capacity 1339K, committed 1408K, reserved 1048576K
[20.941s][info ][gc             ] GC(111) Pause Young (Normal) (G1 Evacuation Pause) 190M->4M(312M) 2.238ms
[20.941s][info ][gc,cpu         ] GC(111) User=0.00s Sys=0.00s Real=0.00s
[20.941s][info ][safepoint      ] Safepoint "G1CollectForAllocation", Time since last: 131872238 ns, Reaching safepoint: 140572 ns, At safepoint: 2469553 ns, Total: 2610125 ns
[21.085s][debug][gc,heap        ] GC(112) Heap before GC invocations=112 (full 1): garbage-first heap   total 319488K, used 194802K [0x0000000700000000, 0x0000000800000000)
[21.085s][debug][gc,heap        ] GC(112)   region size 1024K, 187 young (191488K), 1 survivors (1024K)
[21.085s][debug][gc,heap        ] GC(112)  Metaspace       used 10405K, capacity 10715K, committed 10880K, reserved 1058816K
[21.085s][debug][gc,heap        ] GC(112)   class space    used 1202K, capacity 1339K, committed 1408K, reserved 1048576K
[21.085s][info ][gc,start       ] GC(112) Pause Young (Normal) (G1 Evacuation Pause)
[21.085s][info ][gc,task        ] GC(112) Using 8 workers of 8 for evacuation
[21.085s][debug][gc,tlab        ] GC(112) TLAB totals: thrds: 8  refills: 746 max: 144 slow allocs: 0 max 0 waste:  1.2% gc: 1875824B max: 493032B slow: 430384B max: 83232B fast: 0B max: 0B
[21.085s][debug][gc,age         ] GC(112) Desired survivor size 12582912 bytes, new threshold 15 (max threshold 15)
[21.085s][debug][gc,alloc,region] GC(112) Mutator Allocation stats, regions: 186, wasted size: 0B ( 0.0%)
[21.085s][debug][gc,ergo        ] GC(112) Running G1 Merge Heap Roots using 8 workers for 187 regions
[21.085s][debug][gc,remset      ] GC(112) Visited cards 2048 Total dirty 10240 (20.00%) Total old 784384 (0.26%)
[21.085s][debug][gc,ergo        ] GC(112) Running G1 Clear Card Table Task using 1 workers for 1 units of work for 192 regions.
[21.085s][debug][gc,ref         ] GC(112) Skipped phase1 of Reference Processing due to unavailable references
[21.085s][debug][gc,ref         ] GC(112) Skipped phase2 of Reference Processing due to unavailable references
[21.085s][debug][gc,ref         ] GC(112) Skipped phase3 of Reference Processing due to unavailable references
[21.085s][debug][gc,ref         ] GC(112) Skipped phase4 of Reference Processing due to unavailable references
[21.085s][debug][gc,ergo        ] GC(112) Running G1 Free Collection Set using 8 workers for collection set length 187 (312)
[21.085s][debug][gc,ergo        ] GC(112) Running G1 Rebuild Free List Task using 8 workers for rebuilding free list of 0 (4096) regions
[21.086s][trace][gc,age         ] GC(112) Age table with threshold 15 (max threshold 15)
[21.086s][trace][gc,age         ] GC(112) - age   1:        560 bytes,        560 total
[21.086s][trace][gc,age         ] GC(112) - age   3:       1840 bytes,       2400 total
[21.086s][debug][gc,plab        ] GC(112) Young PLAB allocation: allocated: 12384B, wasted: 0B, unused: 9984B, used: 2400B, undo waste: 0B, 
[21.086s][debug][gc,plab        ] GC(112) Young other allocation: region end waste: 0B, regions filled: 1, direct allocated: 0B, failure used: 0B, failure wasted: 0B
[21.086s][debug][gc,plab        ] GC(112) Young sizing: calculated: 480B, actual: 2064B
[21.086s][debug][gc,plab        ] GC(112) Old PLAB allocation: allocated: 0B, wasted: 0B, unused: 0B, used: 0B, undo waste: 0B, 
[21.086s][debug][gc,plab        ] GC(112) Old other allocation: region end waste: 0B, regions filled: 1, direct allocated: 0B, failure used: 0B, failure wasted: 0B
[21.086s][debug][gc,plab        ] GC(112) Old sizing: calculated: 0B, actual: 2064B
[21.086s][debug][gc,ihop        ] GC(112) Basic information (value update), threshold: 147220070B (45.00), target occupancy: 327155712B, current occupancy: 4440744B, recent allocation size: 0B, recent allocation duration: 145.35ms, recent old gen allocation rate: 0.00B/s, recent marking phase length: 0.00ms
[21.086s][debug][gc,ihop        ] GC(112) Adaptive IHOP information (value update), threshold: 147220070B (47.37), internal target occupancy: 310797926B, occupancy: 4440744B, additional buffer size: 196083712B, predicted old gen allocation rate: 5784.22B/s, predicted marking phase length: 0.00ms, prediction active: false
[21.086s][debug][gc,ergo,refine ] GC(112) Concurrent refinement times: Logged Cards Scan time goal: 20.00ms Logged Cards Scan time: 0.01ms HCC time: 0.00ms
[21.086s][debug][gc,ergo,refine ] GC(112) Updated Refinement Zones: green: 2048, yellow: 6144, red: 10240
[21.086s][info ][gc,phases      ] GC(112)   Pre Evacuate Collection Set: 0.1ms
[21.086s][debug][gc,phases      ] GC(112)     Prepare TLABs: 0.0ms
[21.086s][debug][gc,phases      ] GC(112)     Choose Collection Set: 0.0ms
[21.086s][debug][gc,phases      ] GC(112)     Region Register: 0.1ms
[21.086s][debug][gc,phases      ] GC(112)     Prepare Heap Roots: 0.0ms
[21.086s][info ][gc,phases      ] GC(112)   Merge Heap Roots: 0.1ms
[21.086s][debug][gc,phases      ] GC(112)     Prepare Merge Heap Roots: 0.0ms
[21.086s][debug][gc,phases      ] GC(112)     Eager Reclaim (ms):       skipped
[21.086s][debug][gc,phases      ] GC(112)     Remembered Sets (ms):     Min:  0.0, Avg:  0.0, Max:  0.0, Diff:  0.0, Sum:  0.1, Workers: 8
[21.086s][debug][gc,phases      ] GC(112)       Merged Sparse:            Min: 0, Avg:  0.0, Max: 0, Diff: 0, Sum: 0, Workers: 8
[21.086s][debug][gc,phases      ] GC(112)       Merged Fine:              Min: 0, Avg:  0.0, Max: 0, Diff: 0, Sum: 0, Workers: 8
[21.086s][debug][gc,phases      ] GC(112)       Merged Coarse:            Min: 0, Avg:  0.0, Max: 0, Diff: 0, Sum: 0, Workers: 8
[21.086s][debug][gc,phases      ] GC(112)       Dirty Cards:              Min: 0, Avg:  0.0, Max: 0, Diff: 0, Sum: 0, Workers: 8
[21.086s][debug][gc,phases      ] GC(112)     Hot Card Cache (ms):      Min:  0.0, Avg:  0.0, Max:  0.0, Diff:  0.0, Sum:  0.0, Workers: 8
[21.086s][debug][gc,phases      ] GC(112)       Dirty Cards:              Min: 0, Avg:  0.0, Max: 0, Diff: 0, Sum: 0, Workers: 8
[21.086s][debug][gc,phases      ] GC(112)       Skipped Cards:            Min: 0, Avg:  0.0, Max: 0, Diff: 0, Sum: 0, Workers: 8
[21.086s][debug][gc,phases      ] GC(112)     Log Buffers (ms):         Min:  0.0, Avg:  0.0, Max:  0.0, Diff:  0.0, Sum:  0.0, Workers: 8
[21.086s][debug][gc,phases      ] GC(112)       Dirty Cards:              Min: 0, Avg:  2.0, Max: 9, Diff: 9, Sum: 16, Workers: 8
[21.086s][debug][gc,phases      ] GC(112)       Skipped Cards:            Min: 0, Avg:  0.0, Max: 0, Diff: 0, Sum: 0, Workers: 8
[21.086s][info ][gc,phases      ] GC(112)   Evacuate Collection Set: 0.2ms
[21.086s][debug][gc,phases      ] GC(112)     Ext Root Scanning (ms):   Min:  0.0, Avg:  0.0, Max:  0.1, Diff:  0.1, Sum:  0.2, Workers: 8
[21.086s][debug][gc,phases      ] GC(112)     Scan Heap Roots (ms):     Min:  0.0, Avg:  0.0, Max:  0.0, Diff:  0.0, Sum:  0.0, Workers: 8
[21.086s][debug][gc,phases      ] GC(112)       Scanned Cards:            Min: 0, Avg:  2.0, Max: 5, Diff: 5, Sum: 16, Workers: 8
[21.086s][debug][gc,phases      ] GC(112)       Scanned Blocks:           Min: 0, Avg:  2.0, Max: 5, Diff: 5, Sum: 16, Workers: 8
[21.086s][debug][gc,phases      ] GC(112)       Claimed Chunks:           Min: 0, Avg:  1.0, Max: 3, Diff: 3, Sum: 8, Workers: 8
[21.086s][debug][gc,phases      ] GC(112)     Code Root Scan (ms):      Min:  0.0, Avg:  0.0, Max:  0.0, Diff:  0.0, Sum:  0.0, Workers: 8
[21.086s][debug][gc,phases      ] GC(112)     Object Copy (ms):         Min:  0.0, Avg:  0.0, Max:  0.0, Diff:  0.0, Sum:  0.0, Workers: 8
[21.086s][debug][gc,phases      ] GC(112)     Termination (ms):         Min:  0.0, Avg:  0.1, Max:  0.1, Diff:  0.1, Sum:  0.4, Workers: 8
[21.086s][debug][gc,phases      ] GC(112)       Termination Attempts:     Min: 1, Avg:  1.0, Max: 1, Diff: 0, Sum: 8, Workers: 8
[21.086s][debug][gc,phases      ] GC(112)     GC Worker Other (ms):     Min:  0.0, Avg:  0.0, Max:  0.0, Diff:  0.0, Sum:  0.1, Workers: 8
[21.086s][debug][gc,phases      ] GC(112)     GC Worker Total (ms):     Min:  0.0, Avg:  0.1, Max:  0.2, Diff:  0.1, Sum:  0.9, Workers: 8
[21.086s][info ][gc,phases      ] GC(112)   Post Evacuate Collection Set: 0.4ms
[21.086s][debug][gc,phases      ] GC(112)     Code Roots Fixup: 0.0ms
[21.086s][debug][gc,phases      ] GC(112)     Clear Card Table: 0.1ms
[21.086s][debug][gc,phases      ] GC(112)     Reference Processing: 0.1ms
[21.086s][debug][gc,phases,ref  ] GC(112)       Reconsider SoftReferences: 0.0ms
[21.086s][debug][gc,phases,ref  ] GC(112)         SoftRef (ms):             skipped
[21.086s][debug][gc,phases,ref  ] GC(112)       Notify Soft/WeakReferences: 0.0ms
[21.086s][debug][gc,phases,ref  ] GC(112)         SoftRef (ms):             skipped
[21.086s][debug][gc,phases,ref  ] GC(112)         WeakRef (ms):             skipped
[21.087s][debug][gc,phases,ref  ] GC(112)         FinalRef (ms):            skipped
[21.087s][debug][gc,phases,ref  ] GC(112)         Total (ms):               skipped
[21.087s][debug][gc,phases,ref  ] GC(112)       Notify and keep alive finalizable: 0.0ms
[21.087s][debug][gc,phases,ref  ] GC(112)         FinalRef (ms):            skipped
[21.087s][debug][gc,phases,ref  ] GC(112)       Notify PhantomReferences: 0.0ms
[21.087s][debug][gc,phases,ref  ] GC(112)         PhantomRef (ms):          skipped
[21.087s][debug][gc,phases,ref  ] GC(112)       SoftReference:
[21.087s][debug][gc,phases,ref  ] GC(112)         Discovered: 0
[21.087s][debug][gc,phases,ref  ] GC(112)         Cleared: 0
[21.087s][debug][gc,phases,ref  ] GC(112)       WeakReference:
[21.087s][debug][gc,phases,ref  ] GC(112)         Discovered: 0
[21.087s][debug][gc,phases,ref  ] GC(112)         Cleared: 0
[21.087s][debug][gc,phases,ref  ] GC(112)       FinalReference:
[21.087s][debug][gc,phases,ref  ] GC(112)         Discovered: 0
[21.087s][debug][gc,phases,ref  ] GC(112)         Cleared: 0
[21.087s][debug][gc,phases,ref  ] GC(112)       PhantomReference:
[21.087s][debug][gc,phases,ref  ] GC(112)         Discovered: 0
[21.087s][debug][gc,phases,ref  ] GC(112)         Cleared: 0
[21.087s][debug][gc,phases      ] GC(112)     Weak Processing: 0.0ms
[21.087s][debug][gc,phases      ] GC(112)       JVMTI weak processing: 0.0ms
[21.087s][debug][gc,phases      ] GC(112)         Dead: 0
[21.087s][debug][gc,phases      ] GC(112)         Total: 0
[21.087s][debug][gc,phases      ] GC(112)       JFR weak processing: 0.0ms
[21.087s][debug][gc,phases      ] GC(112)         Dead: 0
[21.087s][debug][gc,phases      ] GC(112)         Total: 0
[21.087s][debug][gc,phases      ] GC(112)       JNI weak                  Min:  0.0, Avg:  0.0, Max:  0.0, Diff:  0.0, Sum:  0.0, Workers: 5
[21.087s][debug][gc,phases      ] GC(112)         Dead                      Min: 0, Avg:  0.0, Max: 0, Diff: 0, Sum: 0, Workers: 5
[21.087s][debug][gc,phases      ] GC(112)         Total                     Min: 0, Avg: 12.8, Max: 60, Diff: 60, Sum: 64, Workers: 5
[21.087s][debug][gc,phases      ] GC(112)       VM weak                   Min:  0.0, Avg:  0.0, Max:  0.0, Diff:  0.0, Sum:  0.0, Workers: 5
[21.087s][debug][gc,phases      ] GC(112)         Dead                      Min: 0, Avg:  0.0, Max: 0, Diff: 0, Sum: 0, Workers: 5
[21.087s][debug][gc,phases      ] GC(112)         Total                     Min: 0, Avg: 44.2, Max: 128, Diff: 128, Sum: 221, Workers: 5
[21.087s][debug][gc,phases      ] GC(112)       StringTable weak          Min:  0.0, Avg:  0.0, Max:  0.0, Diff:  0.0, Sum:  0.1, Workers: 5
[21.087s][debug][gc,phases      ] GC(112)         Dead                      Min: 0, Avg:  0.0, Max: 0, Diff: 0, Sum: 0, Workers: 5
[21.087s][debug][gc,phases      ] GC(112)         Total                     Min: 0, Avg: 718.8, Max: 1024, Diff: 1024, Sum: 3594, Workers: 5
[21.087s][debug][gc,phases      ] GC(112)       ResolvedMethodTable weak  Min:  0.0, Avg:  0.0, Max:  0.0, Diff:  0.0, Sum:  0.0, Workers: 5
[21.087s][debug][gc,phases      ] GC(112)         Dead                      Min: 0, Avg:  0.0, Max: 0, Diff: 0, Sum: 0, Workers: 5
[21.087s][debug][gc,phases      ] GC(112)         Total                     Min: 0, Avg: 116.8, Max: 200, Diff: 200, Sum: 584, Workers: 5
[21.087s][debug][gc,phases      ] GC(112)     Merge Per-Thread State: 0.0ms
[21.087s][debug][gc,phases      ] GC(112)       Copied Bytes              Min: 0, Avg: 300.0, Max: 672, Diff: 672, Sum: 2400, Workers: 8
[21.087s][debug][gc,phases      ] GC(112)       LAB Waste                 Min: 0, Avg:  0.0, Max: 0, Diff: 0, Sum: 0, Workers: 8
[21.087s][debug][gc,phases      ] GC(112)       LAB Undo Waste            Min: 0, Avg:  0.0, Max: 0, Diff: 0, Sum: 0, Workers: 8
[21.087s][debug][gc,phases      ] GC(112)     Code Roots Purge: 0.0ms
[21.087s][debug][gc,phases      ] GC(112)     Redirty Cards: 0.0ms
[21.087s][debug][gc,phases      ] GC(112)     DerivedPointerTable Update: 0.0ms
[21.087s][debug][gc,phases      ] GC(112)     Free Collection Set: 0.1ms
[21.087s][debug][gc,phases      ] GC(112)     Rebuild Free List: 0.0ms
[21.087s][debug][gc,phases      ] GC(112)     Humongous Reclaim: 0.0ms
[21.087s][debug][gc,phases      ] GC(112)     Start New Collection Set: 0.0ms
[21.087s][debug][gc,phases      ] GC(112)     Resize TLABs: 0.0ms
[21.087s][debug][gc,phases      ] GC(112)     Expand Heap After Collection: 0.0ms
[21.087s][info ][gc,phases      ] GC(112)   Other: 0.4ms
[21.087s][info ][gc,heap        ] GC(112) Eden regions: 186->0(186)
[21.087s][info ][gc,heap        ] GC(112) Survivor regions: 1->1(24)
[21.087s][info ][gc,heap        ] GC(112) Old regions: 7->7
[21.087s][info ][gc,heap        ] GC(112) Archive regions: 2->2
[21.087s][info ][gc,heap        ] GC(112) Humongous regions: 0->0
[21.087s][info ][gc,metaspace   ] GC(112) Metaspace: 10405K(10880K)->10405K(10880K) NonClass: 9202K(9472K)->9202K(9472K) Class: 1202K(1408K)->1202K(1408K)
[21.087s][debug][gc,heap        ] GC(112) Heap after GC invocations=113 (full 1): garbage-first heap   total 319488K, used 4336K [0x0000000700000000, 0x0000000800000000)
[21.087s][debug][gc,heap        ] GC(112)   region size 1024K, 1 young (1024K), 1 survivors (1024K)
[21.087s][debug][gc,heap        ] GC(112)  Metaspace       used 10405K, capacity 10715K, committed 10880K, reserved 1058816K
[21.087s][debug][gc,heap        ] GC(112)   class space    used 1202K, capacity 1339K, committed 1408K, reserved 1048576K
[21.087s][info ][gc             ] GC(112) Pause Young (Normal) (G1 Evacuation Pause) 190M->4M(312M) 2.426ms
[21.087s][info ][gc,cpu         ] GC(112) User=0.01s Sys=0.00s Real=0.01s
[21.087s][info ][safepoint      ] Safepoint "G1CollectForAllocation", Time since last: 143787002 ns, Reaching safepoint: 128568 ns, At safepoint: 2680362 ns, Total: 2808930 ns
[21.233s][debug][gc,heap        ] GC(113) Heap before GC invocations=113 (full 1): garbage-first heap   total 319488K, used 194800K [0x0000000700000000, 0x0000000800000000)
[21.233s][debug][gc,heap        ] GC(113)   region size 1024K, 187 young (191488K), 1 survivors (1024K)
[21.233s][debug][gc,heap        ] GC(113)  Metaspace       used 10405K, capacity 10715K, committed 10880K, reserved 1058816K
[21.233s][debug][gc,heap        ] GC(113)   class space    used 1202K, capacity 1339K, committed 1408K, reserved 1048576K
[21.233s][info ][gc,start       ] GC(113) Pause Young (Normal) (G1 Evacuation Pause)
[21.233s][info ][gc,task        ] GC(113) Using 8 workers of 8 for evacuation
[21.233s][debug][gc,tlab        ] GC(113) TLAB totals: thrds: 8  refills: 746 max: 103 slow allocs: 0 max 0 waste:  0.8% gc: 1157496B max: 326880B slow: 431024B max: 59560B fast: 0B max: 0B
[21.233s][debug][gc,age         ] GC(113) Desired survivor size 12582912 bytes, new threshold 15 (max threshold 15)
[21.233s][debug][gc,alloc,region] GC(113) Mutator Allocation stats, regions: 186, wasted size: 0B ( 0.0%)
[21.233s][debug][gc,ergo        ] GC(113) Running G1 Merge Heap Roots using 8 workers for 187 regions
[21.234s][debug][gc,remset      ] GC(113) Visited cards 2048 Total dirty 10240 (20.00%) Total old 784384 (0.26%)
[21.234s][debug][gc,ergo        ] GC(113) Running G1 Clear Card Table Task using 1 workers for 1 units of work for 192 regions.
[21.234s][debug][gc,ref         ] GC(113) Skipped phase1 of Reference Processing due to unavailable references
[21.234s][debug][gc,ref         ] GC(113) Skipped phase2 of Reference Processing due to unavailable references
[21.234s][debug][gc,ref         ] GC(113) Skipped phase3 of Reference Processing due to unavailable references
[21.234s][debug][gc,ergo        ] GC(113) Running G1 Free Collection Set using 8 workers for collection set length 187 (312)
[21.234s][debug][gc,ergo        ] GC(113) Running G1 Rebuild Free List Task using 8 workers for rebuilding free list of 0 (4096) regions
[21.234s][trace][gc,age         ] GC(113) Age table with threshold 15 (max threshold 15)
[21.234s][trace][gc,age         ] GC(113) - age   1:        400 bytes,        400 total
[21.234s][trace][gc,age         ] GC(113) - age   4:       1840 bytes,       2240 total
[21.234s][debug][gc,plab        ] GC(113) Young PLAB allocation: allocated: 16512B, wasted: 0B, unused: 14272B, used: 2240B, undo waste: 0B, 
[21.234s][debug][gc,plab        ] GC(113) Young other allocation: region end waste: 0B, regions filled: 1, direct allocated: 0B, failure used: 0B, failure wasted: 0B
[21.234s][debug][gc,plab        ] GC(113) Young sizing: calculated: 448B, actual: 2064B
[21.234s][debug][gc,plab        ] GC(113) Old PLAB allocation: allocated: 0B, wasted: 0B, unused: 0B, used: 0B, undo waste: 0B, 
[21.234s][debug][gc,plab        ] GC(113) Old other allocation: region end waste: 0B, regions filled: 1, direct allocated: 0B, failure used: 0B, failure wasted: 0B
[21.234s][debug][gc,plab        ] GC(113) Old sizing: calculated: 0B, actual: 2064B
[21.234s][debug][gc,ihop        ] GC(113) Basic information (value update), threshold: 147220070B (45.00), target occupancy: 327155712B, current occupancy: 4444872B, recent allocation size: 0B, recent allocation duration: 147.71ms, recent old gen allocation rate: 0.00B/s, recent marking phase length: 0.00ms
[21.234s][debug][gc,ihop        ] GC(113) Adaptive IHOP information (value update), threshold: 147220070B (47.37), internal target occupancy: 310797926B, occupancy: 4444872B, additional buffer size: 196083712B, predicted old gen allocation rate: 5619.87B/s, predicted marking phase length: 0.00ms, prediction active: false
[21.234s][debug][gc,ergo,refine ] GC(113) Concurrent refinement times: Logged Cards Scan time goal: 20.00ms Logged Cards Scan time: 0.01ms HCC time: 0.00ms
[21.234s][debug][gc,ergo,refine ] GC(113) Updated Refinement Zones: green: 2048, yellow: 6144, red: 10240
[21.234s][info ][gc,phases      ] GC(113)   Pre Evacuate Collection Set: 0.1ms
[21.234s][debug][gc,phases      ] GC(113)     Prepare TLABs: 0.0ms
[21.234s][debug][gc,phases      ] GC(113)     Choose Collection Set: 0.0ms
[21.234s][debug][gc,phases      ] GC(113)     Region Register: 0.1ms
[21.234s][debug][gc,phases      ] GC(113)     Prepare Heap Roots: 0.0ms
[21.234s][info ][gc,phases      ] GC(113)   Merge Heap Roots: 0.1ms
[21.234s][debug][gc,phases      ] GC(113)     Prepare Merge Heap Roots: 0.0ms
[21.234s][debug][gc,phases      ] GC(113)     Eager Reclaim (ms):       skipped
[21.234s][debug][gc,phases      ] GC(113)     Remembered Sets (ms):     Min:  0.0, Avg:  0.0, Max:  0.0, Diff:  0.0, Sum:  0.1, Workers: 8
[21.234s][debug][gc,phases      ] GC(113)       Merged Sparse:            Min: 0, Avg:  0.0, Max: 0, Diff: 0, Sum: 0, Workers: 8
[21.234s][debug][gc,phases      ] GC(113)       Merged Fine:              Min: 0, Avg:  0.0, Max: 0, Diff: 0, Sum: 0, Workers: 8
[21.234s][debug][gc,phases      ] GC(113)       Merged Coarse:            Min: 0, Avg:  0.0, Max: 0, Diff: 0, Sum: 0, Workers: 8
[21.234s][debug][gc,phases      ] GC(113)       Dirty Cards:              Min: 0, Avg:  0.0, Max: 0, Diff: 0, Sum: 0, Workers: 8
[21.234s][debug][gc,phases      ] GC(113)     Hot Card Cache (ms):      Min:  0.0, Avg:  0.0, Max:  0.0, Diff:  0.0, Sum:  0.0, Workers: 8
[21.234s][debug][gc,phases      ] GC(113)       Dirty Cards:              Min: 0, Avg:  0.0, Max: 0, Diff: 0, Sum: 0, Workers: 8
[21.234s][debug][gc,phases      ] GC(113)       Skipped Cards:            Min: 0, Avg:  0.0, Max: 0, Diff: 0, Sum: 0, Workers: 8
[21.234s][debug][gc,phases      ] GC(113)     Log Buffers (ms):         Min:  0.0, Avg:  0.0, Max:  0.0, Diff:  0.0, Sum:  0.0, Workers: 8
[21.234s][debug][gc,phases      ] GC(113)       Dirty Cards:              Min: 0, Avg:  2.1, Max: 5, Diff: 5, Sum: 17, Workers: 8
[21.234s][debug][gc,phases      ] GC(113)       Skipped Cards:            Min: 0, Avg:  0.0, Max: 0, Diff: 0, Sum: 0, Workers: 8
[21.234s][info ][gc,phases      ] GC(113)   Evacuate Collection Set: 0.2ms
[21.234s][debug][gc,phases      ] GC(113)     Ext Root Scanning (ms):   Min:  0.0, Avg:  0.0, Max:  0.1, Diff:  0.1, Sum:  0.2, Workers: 8
[21.234s][debug][gc,phases      ] GC(113)     Scan Heap Roots (ms):     Min:  0.0, Avg:  0.0, Max:  0.0, Diff:  0.0, Sum:  0.0, Workers: 8
[21.234s][debug][gc,phases      ] GC(113)       Scanned Cards:            Min: 0, Avg:  2.0, Max: 4, Diff: 4, Sum: 16, Workers: 8
[21.234s][debug][gc,phases      ] GC(113)       Scanned Blocks:           Min: 0, Avg:  2.0, Max: 4, Diff: 4, Sum: 16, Workers: 8
[21.234s][debug][gc,phases      ] GC(113)       Claimed Chunks:           Min: 0, Avg:  1.0, Max: 2, Diff: 2, Sum: 8, Workers: 8
[21.234s][debug][gc,phases      ] GC(113)     Code Root Scan (ms):      Min:  0.0, Avg:  0.0, Max:  0.0, Diff:  0.0, Sum:  0.0, Workers: 8
[21.234s][debug][gc,phases      ] GC(113)     Object Copy (ms):         Min:  0.0, Avg:  0.0, Max:  0.0, Diff:  0.0, Sum:  0.0, Workers: 8
[21.234s][debug][gc,phases      ] GC(113)     Termination (ms):         Min:  0.1, Avg:  0.1, Max:  0.1, Diff:  0.0, Sum:  0.5, Workers: 8
[21.234s][debug][gc,phases      ] GC(113)       Termination Attempts:     Min: 1, Avg:  1.0, Max: 1, Diff: 0, Sum: 8, Workers: 8
[21.235s][debug][gc,phases      ] GC(113)     GC Worker Other (ms):     Min:  0.0, Avg:  0.0, Max:  0.0, Diff:  0.0, Sum:  0.1, Workers: 8
[21.235s][debug][gc,phases      ] GC(113)     GC Worker Total (ms):     Min:  0.1, Avg:  0.1, Max:  0.1, Diff:  0.0, Sum:  0.9, Workers: 8
[21.235s][info ][gc,phases      ] GC(113)   Post Evacuate Collection Set: 0.3ms
[21.235s][debug][gc,phases      ] GC(113)     Code Roots Fixup: 0.0ms
[21.235s][debug][gc,phases      ] GC(113)     Clear Card Table: 0.1ms
[21.235s][debug][gc,phases      ] GC(113)     Reference Processing: 0.0ms
[21.235s][debug][gc,phases,ref  ] GC(113)       Reconsider SoftReferences: 0.0ms
[21.235s][debug][gc,phases,ref  ] GC(113)         SoftRef (ms):             skipped
[21.235s][debug][gc,phases,ref  ] GC(113)       Notify Soft/WeakReferences: 0.0ms
[21.235s][debug][gc,phases,ref  ] GC(113)         SoftRef (ms):             skipped
[21.235s][debug][gc,phases,ref  ] GC(113)         WeakRef (ms):             skipped
[21.235s][debug][gc,phases,ref  ] GC(113)         FinalRef (ms):            skipped
[21.235s][debug][gc,phases,ref  ] GC(113)         Total (ms):               skipped
[21.235s][debug][gc,phases,ref  ] GC(113)       Notify and keep alive finalizable: 0.0ms
[21.235s][debug][gc,phases,ref  ] GC(113)         FinalRef (ms):            skipped
[21.235s][debug][gc,phases,ref  ] GC(113)       Notify PhantomReferences: 0.0ms
[21.235s][debug][gc,phases,ref  ] GC(113)         PhantomRef (ms):          Min:  0.0, Avg:  0.0, Max:  0.0, Diff:  0.0, Sum:  0.0, Workers: 1
[21.235s][debug][gc,phases,ref  ] GC(113)       SoftReference:
[21.235s][debug][gc,phases,ref  ] GC(113)         Discovered: 0
[21.235s][debug][gc,phases,ref  ] GC(113)         Cleared: 0
[21.235s][debug][gc,phases,ref  ] GC(113)       WeakReference:
[21.235s][debug][gc,phases,ref  ] GC(113)         Discovered: 0
[21.235s][debug][gc,phases,ref  ] GC(113)         Cleared: 0
[21.235s][debug][gc,phases,ref  ] GC(113)       FinalReference:
[21.235s][debug][gc,phases,ref  ] GC(113)         Discovered: 0
[21.235s][debug][gc,phases,ref  ] GC(113)         Cleared: 0
[21.235s][debug][gc,phases,ref  ] GC(113)       PhantomReference:
[21.235s][debug][gc,phases,ref  ] GC(113)         Discovered: 1
[21.235s][debug][gc,phases,ref  ] GC(113)         Cleared: 1
[21.235s][debug][gc,phases      ] GC(113)     Weak Processing: 0.0ms
[21.235s][debug][gc,phases      ] GC(113)       JVMTI weak processing: 0.0ms
[21.235s][debug][gc,phases      ] GC(113)         Dead: 0
[21.235s][debug][gc,phases      ] GC(113)         Total: 0
[21.235s][debug][gc,phases      ] GC(113)       JFR weak processing: 0.0ms
[21.235s][debug][gc,phases      ] GC(113)         Dead: 0
[21.235s][debug][gc,phases      ] GC(113)         Total: 0
[21.235s][debug][gc,phases      ] GC(113)       JNI weak                  Min:  0.0, Avg:  0.0, Max:  0.0, Diff:  0.0, Sum:  0.0, Workers: 5
[21.235s][debug][gc,phases      ] GC(113)         Dead                      Min: 0, Avg:  0.0, Max: 0, Diff: 0, Sum: 0, Workers: 5
[21.235s][debug][gc,phases      ] GC(113)         Total                     Min: 0, Avg: 12.8, Max: 60, Diff: 60, Sum: 64, Workers: 5
[21.235s][debug][gc,phases      ] GC(113)       VM weak                   Min:  0.0, Avg:  0.0, Max:  0.0, Diff:  0.0, Sum:  0.0, Workers: 5
[21.235s][debug][gc,phases      ] GC(113)         Dead                      Min: 0, Avg:  0.0, Max: 0, Diff: 0, Sum: 0, Workers: 5
[21.235s][debug][gc,phases      ] GC(113)         Total                     Min: 0, Avg: 44.2, Max: 128, Diff: 128, Sum: 221, Workers: 5
[21.235s][debug][gc,phases      ] GC(113)       StringTable weak          Min:  0.0, Avg:  0.0, Max:  0.0, Diff:  0.0, Sum:  0.1, Workers: 5
[21.235s][debug][gc,phases      ] GC(113)         Dead                      Min: 0, Avg:  0.0, Max: 0, Diff: 0, Sum: 0, Workers: 5
[21.235s][debug][gc,phases      ] GC(113)         Total                     Min: 0, Avg: 718.8, Max: 1034, Diff: 1034, Sum: 3594, Workers: 5
[21.235s][debug][gc,phases      ] GC(113)       ResolvedMethodTable weak  Min:  0.0, Avg:  0.0, Max:  0.0, Diff:  0.0, Sum:  0.0, Workers: 5
[21.235s][debug][gc,phases      ] GC(113)         Dead                      Min: 0, Avg:  0.0, Max: 0, Diff: 0, Sum: 0, Workers: 5
[21.235s][debug][gc,phases      ] GC(113)         Total                     Min: 0, Avg: 116.8, Max: 192, Diff: 192, Sum: 584, Workers: 5
[21.235s][debug][gc,phases      ] GC(113)     Merge Per-Thread State: 0.0ms
[21.235s][debug][gc,phases      ] GC(113)       Copied Bytes              Min: 40, Avg: 280.0, Max: 512, Diff: 472, Sum: 2240, Workers: 8
[21.235s][debug][gc,phases      ] GC(113)       LAB Waste                 Min: 0, Avg:  0.0, Max: 0, Diff: 0, Sum: 0, Workers: 8
[21.235s][debug][gc,phases      ] GC(113)       LAB Undo Waste            Min: 0, Avg:  0.0, Max: 0, Diff: 0, Sum: 0, Workers: 8
[21.235s][debug][gc,phases      ] GC(113)     Code Roots Purge: 0.0ms
[21.235s][debug][gc,phases      ] GC(113)     Redirty Cards: 0.0ms
[21.235s][debug][gc,phases      ] GC(113)     DerivedPointerTable Update: 0.0ms
[21.235s][debug][gc,phases      ] GC(113)     Free Collection Set: 0.1ms
[21.235s][debug][gc,phases      ] GC(113)     Rebuild Free List: 0.0ms
[21.235s][debug][gc,phases      ] GC(113)     Humongous Reclaim: 0.0ms
[21.235s][debug][gc,phases      ] GC(113)     Start New Collection Set: 0.0ms
[21.235s][debug][gc,phases      ] GC(113)     Resize TLABs: 0.0ms
[21.235s][debug][gc,phases      ] GC(113)     Expand Heap After Collection: 0.0ms
[21.235s][info ][gc,phases      ] GC(113)   Other: 0.3ms
[21.235s][info ][gc,heap        ] GC(113) Eden regions: 186->0(186)
[21.235s][info ][gc,heap        ] GC(113) Survivor regions: 1->1(24)
[21.235s][info ][gc,heap        ] GC(113) Old regions: 7->7
[21.235s][info ][gc,heap        ] GC(113) Archive regions: 2->2
[21.235s][info ][gc,heap        ] GC(113) Humongous regions: 0->0
[21.235s][info ][gc,metaspace   ] GC(113) Metaspace: 10405K(10880K)->10405K(10880K) NonClass: 9202K(9472K)->9202K(9472K) Class: 1202K(1408K)->1202K(1408K)
[21.235s][debug][gc,heap        ] GC(113) Heap after GC invocations=114 (full 1): garbage-first heap   total 319488K, used 4340K [0x0000000700000000, 0x0000000800000000)
[21.235s][debug][gc,heap        ] GC(113)   region size 1024K, 1 young (1024K), 1 survivors (1024K)
[21.235s][debug][gc,heap        ] GC(113)  Metaspace       used 10405K, capacity 10715K, committed 10880K, reserved 1058816K
[21.235s][debug][gc,heap        ] GC(113)   class space    used 1202K, capacity 1339K, committed 1408K, reserved 1048576K
[21.235s][info ][gc             ] GC(113) Pause Young (Normal) (G1 Evacuation Pause) 190M->4M(312M) 1.825ms
[21.235s][info ][gc,cpu         ] GC(113) User=0.00s Sys=0.00s Real=0.00s
[21.235s][info ][safepoint      ] Safepoint "G1CollectForAllocation", Time since last: 145862926 ns, Reaching safepoint: 130345 ns, At safepoint: 1999321 ns, Total: 2129666 ns
[21.378s][debug][gc,heap        ] GC(114) Heap before GC invocations=114 (full 1): garbage-first heap   total 319488K, used 194804K [0x0000000700000000, 0x0000000800000000)
[21.378s][debug][gc,heap        ] GC(114)   region size 1024K, 187 young (191488K), 1 survivors (1024K)
[21.378s][debug][gc,heap        ] GC(114)  Metaspace       used 10405K, capacity 10715K, committed 10880K, reserved 1058816K
[21.378s][debug][gc,heap        ] GC(114)   class space    used 1202K, capacity 1339K, committed 1408K, reserved 1048576K
[21.378s][info ][gc,start       ] GC(114) Pause Young (Normal) (G1 Evacuation Pause)
[21.378s][info ][gc,task        ] GC(114) Using 8 workers of 8 for evacuation
[21.378s][debug][gc,tlab        ] GC(114) TLAB totals: thrds: 10  refills: 747 max: 110 slow allocs: 0 max 0 waste:  1.0% gc: 1572560B max: 476456B slow: 429248B max: 63896B fast: 0B max: 0B
[21.378s][debug][gc,age         ] GC(114) Desired survivor size 12582912 bytes, new threshold 15 (max threshold 15)
[21.378s][debug][gc,alloc,region] GC(114) Mutator Allocation stats, regions: 186, wasted size: 0B ( 0.0%)
[21.378s][debug][gc,ergo        ] GC(114) Running G1 Merge Heap Roots using 8 workers for 187 regions
[21.378s][debug][gc,remset      ] GC(114) Visited cards 2560 Total dirty 10240 (25.00%) Total old 784384 (0.33%)
[21.379s][debug][gc,ergo        ] GC(114) Running G1 Clear Card Table Task using 1 workers for 1 units of work for 192 regions.
[21.379s][debug][gc,ref         ] GC(114) Skipped phase1 of Reference Processing due to unavailable references
[21.379s][debug][gc,ref         ] GC(114) Skipped phase3 of Reference Processing due to unavailable references
[21.379s][debug][gc,ergo        ] GC(114) Running G1 Free Collection Set using 8 workers for collection set length 187 (312)
[21.379s][debug][gc,ergo        ] GC(114) Running G1 Rebuild Free List Task using 8 workers for rebuilding free list of 0 (4096) regions
[21.379s][trace][gc,age         ] GC(114) Age table with threshold 15 (max threshold 15)
[21.379s][trace][gc,age         ] GC(114) - age   1:       1088 bytes,       1088 total
[21.379s][trace][gc,age         ] GC(114) - age   5:       1776 bytes,       2864 total
[21.379s][debug][gc,plab        ] GC(114) Young PLAB allocation: allocated: 16512B, wasted: 0B, unused: 13648B, used: 2864B, undo waste: 0B, 
[21.379s][debug][gc,plab        ] GC(114) Young other allocation: region end waste: 0B, regions filled: 1, direct allocated: 0B, failure used: 0B, failure wasted: 0B
[21.379s][debug][gc,plab        ] GC(114) Young sizing: calculated: 568B, actual: 2064B
[21.379s][debug][gc,plab        ] GC(114) Old PLAB allocation: allocated: 0B, wasted: 0B, unused: 0B, used: 0B, undo waste: 0B, 
[21.379s][debug][gc,plab        ] GC(114) Old other allocation: region end waste: 0B, regions filled: 1, direct allocated: 0B, failure used: 0B, failure wasted: 0B
[21.379s][debug][gc,plab        ] GC(114) Old sizing: calculated: 0B, actual: 2064B
[21.379s][debug][gc,ihop        ] GC(114) Basic information (value update), threshold: 147220070B (45.00), target occupancy: 327155712B, current occupancy: 4444872B, recent allocation size: 0B, recent allocation duration: 143.97ms, recent old gen allocation rate: 0.00B/s, recent marking phase length: 0.00ms
[21.379s][debug][gc,ihop        ] GC(114) Adaptive IHOP information (value update), threshold: 147220070B (47.37), internal target occupancy: 310797926B, occupancy: 4444872B, additional buffer size: 196083712B, predicted old gen allocation rate: 5460.57B/s, predicted marking phase length: 0.00ms, prediction active: false
[21.379s][debug][gc,ergo,refine ] GC(114) Concurrent refinement times: Logged Cards Scan time goal: 20.00ms Logged Cards Scan time: 0.01ms HCC time: 0.00ms
[21.379s][debug][gc,ergo,refine ] GC(114) Updated Refinement Zones: green: 2048, yellow: 6144, red: 10240
[21.379s][info ][gc,phases      ] GC(114)   Pre Evacuate Collection Set: 0.1ms
[21.379s][debug][gc,phases      ] GC(114)     Prepare TLABs: 0.0ms
[21.379s][debug][gc,phases      ] GC(114)     Choose Collection Set: 0.0ms
[21.379s][debug][gc,phases      ] GC(114)     Region Register: 0.1ms
[21.379s][debug][gc,phases      ] GC(114)     Prepare Heap Roots: 0.0ms
[21.379s][info ][gc,phases      ] GC(114)   Merge Heap Roots: 0.2ms
[21.379s][debug][gc,phases      ] GC(114)     Prepare Merge Heap Roots: 0.0ms
[21.379s][debug][gc,phases      ] GC(114)     Eager Reclaim (ms):       skipped
[21.379s][debug][gc,phases      ] GC(114)     Remembered Sets (ms):     Min:  0.0, Avg:  0.0, Max:  0.0, Diff:  0.0, Sum:  0.2, Workers: 8
[21.379s][debug][gc,phases      ] GC(114)       Merged Sparse:            Min: 0, Avg:  0.0, Max: 0, Diff: 0, Sum: 0, Workers: 8
[21.379s][debug][gc,phases      ] GC(114)       Merged Fine:              Min: 0, Avg:  0.0, Max: 0, Diff: 0, Sum: 0, Workers: 8
[21.379s][debug][gc,phases      ] GC(114)       Merged Coarse:            Min: 0, Avg:  0.0, Max: 0, Diff: 0, Sum: 0, Workers: 8
[21.379s][debug][gc,phases      ] GC(114)       Dirty Cards:              Min: 0, Avg:  0.0, Max: 0, Diff: 0, Sum: 0, Workers: 8
[21.379s][debug][gc,phases      ] GC(114)     Hot Card Cache (ms):      Min:  0.0, Avg:  0.0, Max:  0.0, Diff:  0.0, Sum:  0.0, Workers: 8
[21.379s][debug][gc,phases      ] GC(114)       Dirty Cards:              Min: 0, Avg:  0.0, Max: 0, Diff: 0, Sum: 0, Workers: 8
[21.379s][debug][gc,phases      ] GC(114)       Skipped Cards:            Min: 0, Avg:  0.0, Max: 0, Diff: 0, Sum: 0, Workers: 8
[21.379s][debug][gc,phases      ] GC(114)     Log Buffers (ms):         Min:  0.0, Avg:  0.0, Max:  0.0, Diff:  0.0, Sum:  0.0, Workers: 8
[21.379s][debug][gc,phases      ] GC(114)       Dirty Cards:              Min: 0, Avg:  3.4, Max: 15, Diff: 15, Sum: 27, Workers: 8
[21.379s][debug][gc,phases      ] GC(114)       Skipped Cards:            Min: 0, Avg:  0.0, Max: 0, Diff: 0, Sum: 0, Workers: 8
[21.379s][info ][gc,phases      ] GC(114)   Evacuate Collection Set: 0.1ms
[21.379s][debug][gc,phases      ] GC(114)     Ext Root Scanning (ms):   Min:  0.0, Avg:  0.0, Max:  0.1, Diff:  0.1, Sum:  0.2, Workers: 8
[21.379s][debug][gc,phases      ] GC(114)     Scan Heap Roots (ms):     Min:  0.0, Avg:  0.0, Max:  0.0, Diff:  0.0, Sum:  0.1, Workers: 8
[21.379s][debug][gc,phases      ] GC(114)       Scanned Cards:            Min: 0, Avg:  3.2, Max: 6, Diff: 6, Sum: 26, Workers: 8
[21.379s][debug][gc,phases      ] GC(114)       Scanned Blocks:           Min: 0, Avg:  3.0, Max: 6, Diff: 6, Sum: 24, Workers: 8
[21.379s][debug][gc,phases      ] GC(114)       Claimed Chunks:           Min: 0, Avg:  1.2, Max: 2, Diff: 2, Sum: 10, Workers: 8
[21.379s][debug][gc,phases      ] GC(114)     Code Root Scan (ms):      Min:  0.0, Avg:  0.0, Max:  0.0, Diff:  0.0, Sum:  0.0, Workers: 8
[21.379s][debug][gc,phases      ] GC(114)     Object Copy (ms):         Min:  0.0, Avg:  0.0, Max:  0.0, Diff:  0.0, Sum:  0.0, Workers: 8
[21.379s][debug][gc,phases      ] GC(114)     Termination (ms):         Min:  0.1, Avg:  0.1, Max:  0.1, Diff:  0.0, Sum:  0.4, Workers: 8
[21.380s][debug][gc,phases      ] GC(114)       Termination Attempts:     Min: 1, Avg:  1.0, Max: 1, Diff: 0, Sum: 8, Workers: 8
[21.380s][debug][gc,phases      ] GC(114)     GC Worker Other (ms):     Min:  0.0, Avg:  0.0, Max:  0.0, Diff:  0.0, Sum:  0.1, Workers: 8
[21.380s][debug][gc,phases      ] GC(114)     GC Worker Total (ms):     Min:  0.1, Avg:  0.1, Max:  0.1, Diff:  0.0, Sum:  0.9, Workers: 8
[21.380s][info ][gc,phases      ] GC(114)   Post Evacuate Collection Set: 0.3ms
[21.380s][debug][gc,phases      ] GC(114)     Code Roots Fixup: 0.0ms
[21.380s][debug][gc,phases      ] GC(114)     Clear Card Table: 0.1ms
[21.380s][debug][gc,phases      ] GC(114)     Reference Processing: 0.0ms
[21.380s][debug][gc,phases,ref  ] GC(114)       Reconsider SoftReferences: 0.0ms
[21.380s][debug][gc,phases,ref  ] GC(114)         SoftRef (ms):             skipped
[21.380s][debug][gc,phases,ref  ] GC(114)       Notify Soft/WeakReferences: 0.0ms
[21.380s][debug][gc,phases,ref  ] GC(114)         SoftRef (ms):             Min:  0.0, Avg:  0.0, Max:  0.0, Diff:  0.0, Sum:  0.0, Workers: 1
[21.380s][debug][gc,phases,ref  ] GC(114)         WeakRef (ms):             Min:  0.0, Avg:  0.0, Max:  0.0, Diff:  0.0, Sum:  0.0, Workers: 1
[21.380s][debug][gc,phases,ref  ] GC(114)         FinalRef (ms):            Min:  0.0, Avg:  0.0, Max:  0.0, Diff:  0.0, Sum:  0.0, Workers: 1
[21.380s][debug][gc,phases,ref  ] GC(114)         Total (ms):               Min:  0.0, Avg:  0.0, Max:  0.0, Diff:  0.0, Sum:  0.0, Workers: 1
[21.380s][debug][gc,phases,ref  ] GC(114)       Notify and keep alive finalizable: 0.0ms
[21.380s][debug][gc,phases,ref  ] GC(114)         FinalRef (ms):            skipped
[21.380s][debug][gc,phases,ref  ] GC(114)       Notify PhantomReferences: 0.0ms
[21.380s][debug][gc,phases,ref  ] GC(114)         PhantomRef (ms):          Min:  0.0, Avg:  0.0, Max:  0.0, Diff:  0.0, Sum:  0.0, Workers: 1
[21.380s][debug][gc,phases,ref  ] GC(114)       SoftReference:
[21.380s][debug][gc,phases,ref  ] GC(114)         Discovered: 0
[21.380s][debug][gc,phases,ref  ] GC(114)         Cleared: 0
[21.380s][debug][gc,phases,ref  ] GC(114)       WeakReference:
[21.380s][debug][gc,phases,ref  ] GC(114)         Discovered: 1
[21.380s][debug][gc,phases,ref  ] GC(114)         Cleared: 0
[21.380s][debug][gc,phases,ref  ] GC(114)       FinalReference:
[21.380s][debug][gc,phases,ref  ] GC(114)         Discovered: 0
[21.380s][debug][gc,phases,ref  ] GC(114)         Cleared: 0
[21.380s][debug][gc,phases,ref  ] GC(114)       PhantomReference:
[21.380s][debug][gc,phases,ref  ] GC(114)         Discovered: 1
[21.380s][debug][gc,phases,ref  ] GC(114)         Cleared: 1
[21.380s][debug][gc,phases      ] GC(114)     Weak Processing: 0.1ms
[21.380s][debug][gc,phases      ] GC(114)       JVMTI weak processing: 0.0ms
[21.380s][debug][gc,phases      ] GC(114)         Dead: 0
[21.380s][debug][gc,phases      ] GC(114)         Total: 0
[21.380s][debug][gc,phases      ] GC(114)       JFR weak processing: 0.0ms
[21.380s][debug][gc,phases      ] GC(114)         Dead: 0
[21.380s][debug][gc,phases      ] GC(114)         Total: 0
[21.380s][debug][gc,phases      ] GC(114)       JNI weak                  Min:  0.0, Avg:  0.0, Max:  0.0, Diff:  0.0, Sum:  0.0, Workers: 5
[21.380s][debug][gc,phases      ] GC(114)         Dead                      Min: 0, Avg:  0.0, Max: 0, Diff: 0, Sum: 0, Workers: 5
[21.380s][debug][gc,phases      ] GC(114)         Total                     Min: 0, Avg: 12.8, Max: 64, Diff: 64, Sum: 64, Workers: 5
[21.380s][debug][gc,phases      ] GC(114)       VM weak                   Min:  0.0, Avg:  0.0, Max:  0.0, Diff:  0.0, Sum:  0.0, Workers: 5
[21.380s][debug][gc,phases      ] GC(114)         Dead                      Min: 0, Avg:  0.0, Max: 0, Diff: 0, Sum: 0, Workers: 5
[21.380s][debug][gc,phases      ] GC(114)         Total                     Min: 0, Avg: 44.2, Max: 128, Diff: 128, Sum: 221, Workers: 5
[21.380s][debug][gc,phases      ] GC(114)       StringTable weak          Min:  0.0, Avg:  0.0, Max:  0.0, Diff:  0.0, Sum:  0.1, Workers: 5
[21.380s][debug][gc,phases      ] GC(114)         Dead                      Min: 0, Avg:  0.0, Max: 0, Diff: 0, Sum: 0, Workers: 5
[21.380s][debug][gc,phases      ] GC(114)         Total                     Min: 256, Avg: 718.8, Max: 1099, Diff: 843, Sum: 3594, Workers: 5
[21.380s][debug][gc,phases      ] GC(114)       ResolvedMethodTable weak  Min:  0.0, Avg:  0.0, Max:  0.0, Diff:  0.0, Sum:  0.0, Workers: 5
[21.380s][debug][gc,phases      ] GC(114)         Dead                      Min: 0, Avg:  0.0, Max: 0, Diff: 0, Sum: 0, Workers: 5
[21.380s][debug][gc,phases      ] GC(114)         Total                     Min: 64, Avg: 116.8, Max: 192, Diff: 128, Sum: 584, Workers: 5
[21.380s][debug][gc,phases      ] GC(114)     Merge Per-Thread State: 0.0ms
[21.380s][debug][gc,phases      ] GC(114)       Copied Bytes              Min: 144, Avg: 358.0, Max: 696, Diff: 552, Sum: 2864, Workers: 8
[21.380s][debug][gc,phases      ] GC(114)       LAB Waste                 Min: 0, Avg:  0.0, Max: 0, Diff: 0, Sum: 0, Workers: 8
[21.380s][debug][gc,phases      ] GC(114)       LAB Undo Waste            Min: 0, Avg:  0.0, Max: 0, Diff: 0, Sum: 0, Workers: 8
[21.380s][debug][gc,phases      ] GC(114)     Code Roots Purge: 0.0ms
[21.380s][debug][gc,phases      ] GC(114)     Redirty Cards: 0.0ms
[21.380s][debug][gc,phases      ] GC(114)     DerivedPointerTable Update: 0.0ms
[21.380s][debug][gc,phases      ] GC(114)     Free Collection Set: 0.1ms
[21.380s][debug][gc,phases      ] GC(114)     Rebuild Free List: 0.0ms
[21.380s][debug][gc,phases      ] GC(114)     Humongous Reclaim: 0.0ms
[21.380s][debug][gc,phases      ] GC(114)     Start New Collection Set: 0.0ms
[21.380s][debug][gc,phases      ] GC(114)     Resize TLABs: 0.0ms
[21.380s][debug][gc,phases      ] GC(114)     Expand Heap After Collection: 0.0ms
[21.380s][info ][gc,phases      ] GC(114)   Other: 0.3ms
[21.380s][info ][gc,heap        ] GC(114) Eden regions: 186->0(186)
[21.380s][info ][gc,heap        ] GC(114) Survivor regions: 1->1(24)
[21.380s][info ][gc,heap        ] GC(114) Old regions: 7->7
[21.380s][info ][gc,heap        ] GC(114) Archive regions: 2->2
[21.380s][info ][gc,heap        ] GC(114) Humongous regions: 0->0
[21.380s][info ][gc,metaspace   ] GC(114) Metaspace: 10405K(10880K)->10405K(10880K) NonClass: 9202K(9472K)->9202K(9472K) Class: 1202K(1408K)->1202K(1408K)
[21.380s][debug][gc,heap        ] GC(114) Heap after GC invocations=115 (full 1): garbage-first heap   total 319488K, used 4340K [0x0000000700000000, 0x0000000800000000)
[21.380s][debug][gc,heap        ] GC(114)   region size 1024K, 1 young (1024K), 1 survivors (1024K)
[21.380s][debug][gc,heap        ] GC(114)  Metaspace       used 10405K, capacity 10715K, committed 10880K, reserved 1058816K
[21.380s][debug][gc,heap        ] GC(114)   class space    used 1202K, capacity 1339K, committed 1408K, reserved 1048576K
[21.380s][info ][gc             ] GC(114) Pause Young (Normal) (G1 Evacuation Pause) 190M->4M(312M) 2.285ms
[21.380s][info ][gc,cpu         ] GC(114) User=0.00s Sys=0.01s Real=0.00s
[21.380s][info ][safepoint      ] Safepoint "G1CollectForAllocation", Time since last: 142645419 ns, Reaching safepoint: 123585 ns, At safepoint: 2491765 ns, Total: 2615350 ns
[21.534s][debug][gc,heap        ] GC(115) Heap before GC invocations=115 (full 1): garbage-first heap   total 319488K, used 194804K [0x0000000700000000, 0x0000000800000000)
[21.535s][debug][gc,heap        ] GC(115)   region size 1024K, 187 young (191488K), 1 survivors (1024K)
[21.535s][debug][gc,heap        ] GC(115)  Metaspace       used 10405K, capacity 10715K, committed 10880K, reserved 1058816K
[21.535s][debug][gc,heap        ] GC(115)   class space    used 1202K, capacity 1339K, committed 1408K, reserved 1048576K
[21.535s][info ][gc,start       ] GC(115) Pause Young (Normal) (G1 Evacuation Pause)
[21.535s][info ][gc,task        ] GC(115) Using 8 workers of 8 for evacuation
[21.535s][debug][gc,tlab        ] GC(115) TLAB totals: thrds: 8  refills: 746 max: 99 slow allocs: 0 max 0 waste:  0.9% gc: 1241088B max: 370528B slow: 429784B max: 57128B fast: 0B max: 0B
[21.535s][debug][gc,age         ] GC(115) Desired survivor size 12582912 bytes, new threshold 15 (max threshold 15)
[21.535s][debug][gc,alloc,region] GC(115) Mutator Allocation stats, regions: 186, wasted size: 0B ( 0.0%)
[21.535s][debug][gc,ergo        ] GC(115) Running G1 Merge Heap Roots using 8 workers for 187 regions
[21.535s][debug][gc,remset      ] GC(115) Visited cards 2048 Total dirty 10240 (20.00%) Total old 784384 (0.26%)
[21.535s][debug][gc,ergo        ] GC(115) Running G1 Clear Card Table Task using 1 workers for 1 units of work for 192 regions.
[21.535s][debug][gc,ref         ] GC(115) Skipped phase1 of Reference Processing due to unavailable references
[21.535s][debug][gc,ref         ] GC(115) Skipped phase2 of Reference Processing due to unavailable references
[21.535s][debug][gc,ref         ] GC(115) Skipped phase3 of Reference Processing due to unavailable references
[21.535s][debug][gc,ergo        ] GC(115) Running G1 Free Collection Set using 8 workers for collection set length 187 (312)
[21.536s][debug][gc,ergo        ] GC(115) Running G1 Rebuild Free List Task using 8 workers for rebuilding free list of 0 (4096) regions
[21.536s][trace][gc,age         ] GC(115) Age table with threshold 15 (max threshold 15)
[21.536s][trace][gc,age         ] GC(115) - age   1:        632 bytes,        632 total
[21.536s][trace][gc,age         ] GC(115) - age   2:        504 bytes,       1136 total
[21.536s][trace][gc,age         ] GC(115) - age   6:       1776 bytes,       2912 total
[21.536s][debug][gc,plab        ] GC(115) Young PLAB allocation: allocated: 16512B, wasted: 0B, unused: 13600B, used: 2912B, undo waste: 0B, 
[21.536s][debug][gc,plab        ] GC(115) Young other allocation: region end waste: 0B, regions filled: 1, direct allocated: 0B, failure used: 0B, failure wasted: 0B
[21.536s][debug][gc,plab        ] GC(115) Young sizing: calculated: 576B, actual: 2064B
[21.536s][debug][gc,plab        ] GC(115) Old PLAB allocation: allocated: 0B, wasted: 0B, unused: 0B, used: 0B, undo waste: 0B, 
[21.536s][debug][gc,plab        ] GC(115) Old other allocation: region end waste: 0B, regions filled: 1, direct allocated: 0B, failure used: 0B, failure wasted: 0B
[21.536s][debug][gc,plab        ] GC(115) Old sizing: calculated: 0B, actual: 2064B
[21.536s][debug][gc,ihop        ] GC(115) Basic information (value update), threshold: 147220070B (45.00), target occupancy: 327155712B, current occupancy: 4444872B, recent allocation size: 0B, recent allocation duration: 155.55ms, recent old gen allocation rate: 0.00B/s, recent marking phase length: 0.00ms
[21.536s][debug][gc,ihop        ] GC(115) Adaptive IHOP information (value update), threshold: 147220070B (47.37), internal target occupancy: 310797926B, occupancy: 4444872B, additional buffer size: 196083712B, predicted old gen allocation rate: 5306.13B/s, predicted marking phase length: 0.00ms, prediction active: false
[21.536s][debug][gc,ergo,refine ] GC(115) Concurrent refinement times: Logged Cards Scan time goal: 20.00ms Logged Cards Scan time: 0.01ms HCC time: 0.00ms
[21.536s][debug][gc,ergo,refine ] GC(115) Updated Refinement Zones: green: 2048, yellow: 6144, red: 10240
[21.536s][info ][gc,phases      ] GC(115)   Pre Evacuate Collection Set: 0.1ms
[21.536s][debug][gc,phases      ] GC(115)     Prepare TLABs: 0.0ms
[21.536s][debug][gc,phases      ] GC(115)     Choose Collection Set: 0.0ms
[21.536s][debug][gc,phases      ] GC(115)     Region Register: 0.1ms
[21.536s][debug][gc,phases      ] GC(115)     Prepare Heap Roots: 0.0ms
[21.536s][info ][gc,phases      ] GC(115)   Merge Heap Roots: 0.2ms
[21.536s][debug][gc,phases      ] GC(115)     Prepare Merge Heap Roots: 0.0ms
[21.536s][debug][gc,phases      ] GC(115)     Eager Reclaim (ms):       skipped
[21.536s][debug][gc,phases      ] GC(115)     Remembered Sets (ms):     Min:  0.0, Avg:  0.0, Max:  0.0, Diff:  0.0, Sum:  0.1, Workers: 8
[21.536s][debug][gc,phases      ] GC(115)       Merged Sparse:            Min: 0, Avg:  0.0, Max: 0, Diff: 0, Sum: 0, Workers: 8
[21.536s][debug][gc,phases      ] GC(115)       Merged Fine:              Min: 0, Avg:  0.0, Max: 0, Diff: 0, Sum: 0, Workers: 8
[21.536s][debug][gc,phases      ] GC(115)       Merged Coarse:            Min: 0, Avg:  0.0, Max: 0, Diff: 0, Sum: 0, Workers: 8
[21.536s][debug][gc,phases      ] GC(115)       Dirty Cards:              Min: 0, Avg:  0.0, Max: 0, Diff: 0, Sum: 0, Workers: 8
[21.536s][debug][gc,phases      ] GC(115)     Hot Card Cache (ms):      Min:  0.0, Avg:  0.0, Max:  0.0, Diff:  0.0, Sum:  0.0, Workers: 8
[21.536s][debug][gc,phases      ] GC(115)       Dirty Cards:              Min: 0, Avg:  0.0, Max: 0, Diff: 0, Sum: 0, Workers: 8
[21.536s][debug][gc,phases      ] GC(115)       Skipped Cards:            Min: 0, Avg:  0.0, Max: 0, Diff: 0, Sum: 0, Workers: 8
[21.536s][debug][gc,phases      ] GC(115)     Log Buffers (ms):         Min:  0.0, Avg:  0.0, Max:  0.0, Diff:  0.0, Sum:  0.0, Workers: 8
[21.536s][debug][gc,phases      ] GC(115)       Dirty Cards:              Min: 0, Avg:  2.8, Max: 19, Diff: 19, Sum: 22, Workers: 8
[21.536s][debug][gc,phases      ] GC(115)       Skipped Cards:            Min: 0, Avg:  0.0, Max: 0, Diff: 0, Sum: 0, Workers: 8
[21.536s][info ][gc,phases      ] GC(115)   Evacuate Collection Set: 0.2ms
[21.536s][debug][gc,phases      ] GC(115)     Ext Root Scanning (ms):   Min:  0.0, Avg:  0.0, Max:  0.1, Diff:  0.1, Sum:  0.3, Workers: 8
[21.536s][debug][gc,phases      ] GC(115)     Scan Heap Roots (ms):     Min:  0.0, Avg:  0.0, Max:  0.0, Diff:  0.0, Sum:  0.1, Workers: 8
[21.536s][debug][gc,phases      ] GC(115)       Scanned Cards:            Min: 0, Avg:  2.4, Max: 6, Diff: 6, Sum: 19, Workers: 8
[21.536s][debug][gc,phases      ] GC(115)       Scanned Blocks:           Min: 0, Avg:  2.4, Max: 6, Diff: 6, Sum: 19, Workers: 8
[21.536s][debug][gc,phases      ] GC(115)       Claimed Chunks:           Min: 0, Avg:  1.0, Max: 2, Diff: 2, Sum: 8, Workers: 8
[21.536s][debug][gc,phases      ] GC(115)     Code Root Scan (ms):      Min:  0.0, Avg:  0.0, Max:  0.0, Diff:  0.0, Sum:  0.0, Workers: 8
[21.536s][debug][gc,phases      ] GC(115)     Object Copy (ms):         Min:  0.0, Avg:  0.0, Max:  0.0, Diff:  0.0, Sum:  0.0, Workers: 8
[21.536s][debug][gc,phases      ] GC(115)     Termination (ms):         Min:  0.1, Avg:  0.1, Max:  0.1, Diff:  0.0, Sum:  0.4, Workers: 8
[21.536s][debug][gc,phases      ] GC(115)       Termination Attempts:     Min: 1, Avg:  1.0, Max: 1, Diff: 0, Sum: 8, Workers: 8
[21.536s][debug][gc,phases      ] GC(115)     GC Worker Other (ms):     Min:  0.0, Avg:  0.0, Max:  0.0, Diff:  0.0, Sum:  0.2, Workers: 8
[21.536s][debug][gc,phases      ] GC(115)     GC Worker Total (ms):     Min:  0.1, Avg:  0.1, Max:  0.2, Diff:  0.1, Sum:  1.1, Workers: 8
[21.536s][info ][gc,phases      ] GC(115)   Post Evacuate Collection Set: 0.4ms
[21.536s][debug][gc,phases      ] GC(115)     Code Roots Fixup: 0.0ms
[21.536s][debug][gc,phases      ] GC(115)     Clear Card Table: 0.1ms
[21.536s][debug][gc,phases      ] GC(115)     Reference Processing: 0.0ms
[21.536s][debug][gc,phases,ref  ] GC(115)       Reconsider SoftReferences: 0.0ms
[21.536s][debug][gc,phases,ref  ] GC(115)         SoftRef (ms):             skipped
[21.536s][debug][gc,phases,ref  ] GC(115)       Notify Soft/WeakReferences: 0.0ms
[21.536s][debug][gc,phases,ref  ] GC(115)         SoftRef (ms):             skipped
[21.536s][debug][gc,phases,ref  ] GC(115)         WeakRef (ms):             skipped
[21.536s][debug][gc,phases,ref  ] GC(115)         FinalRef (ms):            skipped
[21.536s][debug][gc,phases,ref  ] GC(115)         Total (ms):               skipped
[21.536s][debug][gc,phases,ref  ] GC(115)       Notify and keep alive finalizable: 0.0ms
[21.536s][debug][gc,phases,ref  ] GC(115)         FinalRef (ms):            skipped
[21.536s][debug][gc,phases,ref  ] GC(115)       Notify PhantomReferences: 0.0ms
[21.536s][debug][gc,phases,ref  ] GC(115)         PhantomRef (ms):          Min:  0.0, Avg:  0.0, Max:  0.0, Diff:  0.0, Sum:  0.0, Workers: 1
[21.536s][debug][gc,phases,ref  ] GC(115)       SoftReference:
[21.536s][debug][gc,phases,ref  ] GC(115)         Discovered: 0
[21.536s][debug][gc,phases,ref  ] GC(115)         Cleared: 0
[21.536s][debug][gc,phases,ref  ] GC(115)       WeakReference:
[21.536s][debug][gc,phases,ref  ] GC(115)         Discovered: 0
[21.536s][debug][gc,phases,ref  ] GC(115)         Cleared: 0
[21.536s][debug][gc,phases,ref  ] GC(115)       FinalReference:
[21.536s][debug][gc,phases,ref  ] GC(115)         Discovered: 0
[21.536s][debug][gc,phases,ref  ] GC(115)         Cleared: 0
[21.536s][debug][gc,phases,ref  ] GC(115)       PhantomReference:
[21.536s][debug][gc,phases,ref  ] GC(115)         Discovered: 1
[21.536s][debug][gc,phases,ref  ] GC(115)         Cleared: 1
[21.536s][debug][gc,phases      ] GC(115)     Weak Processing: 0.1ms
[21.536s][debug][gc,phases      ] GC(115)       JVMTI weak processing: 0.0ms
[21.536s][debug][gc,phases      ] GC(115)         Dead: 0
[21.536s][debug][gc,phases      ] GC(115)         Total: 0
[21.536s][debug][gc,phases      ] GC(115)       JFR weak processing: 0.0ms
[21.536s][debug][gc,phases      ] GC(115)         Dead: 0
[21.536s][debug][gc,phases      ] GC(115)         Total: 0
[21.536s][debug][gc,phases      ] GC(115)       JNI weak                  Min:  0.0, Avg:  0.0, Max:  0.0, Diff:  0.0, Sum:  0.0, Workers: 5
[21.536s][debug][gc,phases      ] GC(115)         Dead                      Min: 0, Avg:  0.0, Max: 0, Diff: 0, Sum: 0, Workers: 5
[21.536s][debug][gc,phases      ] GC(115)         Total                     Min: 0, Avg: 12.8, Max: 60, Diff: 60, Sum: 64, Workers: 5
[21.536s][debug][gc,phases      ] GC(115)       VM weak                   Min:  0.0, Avg:  0.0, Max:  0.0, Diff:  0.0, Sum:  0.0, Workers: 5
[21.536s][debug][gc,phases      ] GC(115)         Dead                      Min: 0, Avg:  0.0, Max: 0, Diff: 0, Sum: 0, Workers: 5
[21.536s][debug][gc,phases      ] GC(115)         Total                     Min: 0, Avg: 44.2, Max: 128, Diff: 128, Sum: 221, Workers: 5
[21.536s][debug][gc,phases      ] GC(115)       StringTable weak          Min:  0.0, Avg:  0.0, Max:  0.0, Diff:  0.0, Sum:  0.1, Workers: 5
[21.536s][debug][gc,phases      ] GC(115)         Dead                      Min: 0, Avg:  0.0, Max: 0, Diff: 0, Sum: 0, Workers: 5
[21.536s][debug][gc,phases      ] GC(115)         Total                     Min: 0, Avg: 718.8, Max: 1803, Diff: 1803, Sum: 3594, Workers: 5
[21.536s][debug][gc,phases      ] GC(115)       ResolvedMethodTable weak  Min:  0.0, Avg:  0.0, Max:  0.0, Diff:  0.0, Sum:  0.1, Workers: 5
[21.536s][debug][gc,phases      ] GC(115)         Dead                      Min: 0, Avg:  0.0, Max: 0, Diff: 0, Sum: 0, Workers: 5
[21.536s][debug][gc,phases      ] GC(115)         Total                     Min: 0, Avg: 116.8, Max: 200, Diff: 200, Sum: 584, Workers: 5
[21.536s][debug][gc,phases      ] GC(115)     Merge Per-Thread State: 0.0ms
[21.536s][debug][gc,phases      ] GC(115)       Copied Bytes              Min: 144, Avg: 364.0, Max: 888, Diff: 744, Sum: 2912, Workers: 8
[21.536s][debug][gc,phases      ] GC(115)       LAB Waste                 Min: 0, Avg:  0.0, Max: 0, Diff: 0, Sum: 0, Workers: 8
[21.536s][debug][gc,phases      ] GC(115)       LAB Undo Waste            Min: 0, Avg:  0.0, Max: 0, Diff: 0, Sum: 0, Workers: 8
[21.536s][debug][gc,phases      ] GC(115)     Code Roots Purge: 0.0ms
[21.536s][debug][gc,phases      ] GC(115)     Redirty Cards: 0.1ms
[21.536s][debug][gc,phases      ] GC(115)     DerivedPointerTable Update: 0.0ms
[21.536s][debug][gc,phases      ] GC(115)     Free Collection Set: 0.1ms
[21.536s][debug][gc,phases      ] GC(115)     Rebuild Free List: 0.0ms
[21.536s][debug][gc,phases      ] GC(115)     Humongous Reclaim: 0.0ms
[21.536s][debug][gc,phases      ] GC(115)     Start New Collection Set: 0.0ms
[21.536s][debug][gc,phases      ] GC(115)     Resize TLABs: 0.0ms
[21.536s][debug][gc,phases      ] GC(115)     Expand Heap After Collection: 0.0ms
[21.536s][info ][gc,phases      ] GC(115)   Other: 0.3ms
[21.536s][info ][gc,heap        ] GC(115) Eden regions: 186->0(186)
[21.537s][info ][gc,heap        ] GC(115) Survivor regions: 1->1(24)
[21.537s][info ][gc,heap        ] GC(115) Old regions: 7->7
[21.537s][info ][gc,heap        ] GC(115) Archive regions: 2->2
[21.537s][info ][gc,heap        ] GC(115) Humongous regions: 0->0
[21.537s][info ][gc,metaspace   ] GC(115) Metaspace: 10405K(10880K)->10405K(10880K) NonClass: 9202K(9472K)->9202K(9472K) Class: 1202K(1408K)->1202K(1408K)
[21.537s][debug][gc,heap        ] GC(115) Heap after GC invocations=116 (full 1): garbage-first heap   total 319488K, used 4340K [0x0000000700000000, 0x0000000800000000)
[21.537s][debug][gc,heap        ] GC(115)   region size 1024K, 1 young (1024K), 1 survivors (1024K)
[21.537s][debug][gc,heap        ] GC(115)  Metaspace       used 10405K, capacity 10715K, committed 10880K, reserved 1058816K
[21.537s][debug][gc,heap        ] GC(115)   class space    used 1202K, capacity 1339K, committed 1408K, reserved 1048576K
[21.537s][info ][gc             ] GC(115) Pause Young (Normal) (G1 Evacuation Pause) 190M->4M(312M) 2.026ms
[21.537s][info ][gc,cpu         ] GC(115) User=0.00s Sys=0.00s Real=0.01s
[21.537s][info ][safepoint      ] Safepoint "G1CollectForAllocation", Time since last: 153849587 ns, Reaching safepoint: 116693 ns, At safepoint: 2222295 ns, Total: 2338988 ns
[21.693s][debug][gc,heap        ] GC(116) Heap before GC invocations=116 (full 1): garbage-first heap   total 319488K, used 194804K [0x0000000700000000, 0x0000000800000000)
[21.693s][debug][gc,heap        ] GC(116)   region size 1024K, 187 young (191488K), 1 survivors (1024K)
[21.693s][debug][gc,heap        ] GC(116)  Metaspace       used 10408K, capacity 10715K, committed 10880K, reserved 1058816K
[21.693s][debug][gc,heap        ] GC(116)   class space    used 1202K, capacity 1339K, committed 1408K, reserved 1048576K
[21.693s][info ][gc,start       ] GC(116) Pause Young (Normal) (G1 Evacuation Pause)
[21.693s][info ][gc,task        ] GC(116) Using 8 workers of 8 for evacuation
[21.693s][debug][gc,tlab        ] GC(116) TLAB totals: thrds: 10  refills: 756 max: 105 slow allocs: 0 max 0 waste:  1.1% gc: 1801832B max: 410520B slow: 434968B max: 60360B fast: 0B max: 0B
[21.693s][debug][gc,age         ] GC(116) Desired survivor size 12582912 bytes, new threshold 15 (max threshold 15)
[21.693s][debug][gc,alloc,region] GC(116) Mutator Allocation stats, regions: 186, wasted size: 0B ( 0.0%)
[21.693s][debug][gc,ergo        ] GC(116) Running G1 Merge Heap Roots using 8 workers for 187 regions
[21.693s][debug][gc,remset      ] GC(116) Visited cards 2304 Total dirty 10240 (22.50%) Total old 784384 (0.29%)
[21.693s][debug][gc,ergo        ] GC(116) Running G1 Clear Card Table Task using 1 workers for 1 units of work for 192 regions.
[21.693s][debug][gc,ref         ] GC(116) Skipped phase1 of Reference Processing due to unavailable references
[21.693s][debug][gc,ref         ] GC(116) Skipped phase3 of Reference Processing due to unavailable references
[21.694s][debug][gc,ergo        ] GC(116) Running G1 Free Collection Set using 8 workers for collection set length 187 (312)
[21.694s][debug][gc,ergo        ] GC(116) Running G1 Rebuild Free List Task using 8 workers for rebuilding free list of 0 (4096) regions
[21.694s][trace][gc,age         ] GC(116) Age table with threshold 15 (max threshold 15)
[21.694s][trace][gc,age         ] GC(116) - age   1:        584 bytes,        584 total
[21.694s][trace][gc,age         ] GC(116) - age   3:        344 bytes,        928 total
[21.694s][trace][gc,age         ] GC(116) - age   7:       1776 bytes,       2704 total
[21.694s][debug][gc,plab        ] GC(116) Young PLAB allocation: allocated: 16512B, wasted: 0B, unused: 13808B, used: 2704B, undo waste: 0B, 
[21.694s][debug][gc,plab        ] GC(116) Young other allocation: region end waste: 0B, regions filled: 1, direct allocated: 0B, failure used: 0B, failure wasted: 0B
[21.694s][debug][gc,plab        ] GC(116) Young sizing: calculated: 536B, actual: 2064B
[21.694s][debug][gc,plab        ] GC(116) Old PLAB allocation: allocated: 0B, wasted: 0B, unused: 0B, used: 0B, undo waste: 0B, 
[21.694s][debug][gc,plab        ] GC(116) Old other allocation: region end waste: 0B, regions filled: 1, direct allocated: 0B, failure used: 0B, failure wasted: 0B
[21.694s][debug][gc,plab        ] GC(116) Old sizing: calculated: 0B, actual: 2064B
[21.694s][debug][gc,ihop        ] GC(116) Basic information (value update), threshold: 147220070B (45.00), target occupancy: 327155712B, current occupancy: 4444872B, recent allocation size: 0B, recent allocation duration: 157.17ms, recent old gen allocation rate: 0.00B/s, recent marking phase length: 0.00ms
[21.694s][debug][gc,ihop        ] GC(116) Adaptive IHOP information (value update), threshold: 147220070B (47.37), internal target occupancy: 310797926B, occupancy: 4444872B, additional buffer size: 196083712B, predicted old gen allocation rate: 5156.40B/s, predicted marking phase length: 0.00ms, prediction active: false
[21.694s][debug][gc,ergo,refine ] GC(116) Concurrent refinement times: Logged Cards Scan time goal: 20.00ms Logged Cards Scan time: 0.01ms HCC time: 0.00ms
[21.694s][debug][gc,ergo,refine ] GC(116) Updated Refinement Zones: green: 2048, yellow: 6144, red: 10240
[21.694s][info ][gc,phases      ] GC(116)   Pre Evacuate Collection Set: 0.1ms
[21.694s][debug][gc,phases      ] GC(116)     Prepare TLABs: 0.0ms
[21.694s][debug][gc,phases      ] GC(116)     Choose Collection Set: 0.0ms
[21.694s][debug][gc,phases      ] GC(116)     Region Register: 0.1ms
[21.694s][debug][gc,phases      ] GC(116)     Prepare Heap Roots: 0.0ms
[21.694s][info ][gc,phases      ] GC(116)   Merge Heap Roots: 0.1ms
[21.694s][debug][gc,phases      ] GC(116)     Prepare Merge Heap Roots: 0.0ms
[21.694s][debug][gc,phases      ] GC(116)     Eager Reclaim (ms):       skipped
[21.694s][debug][gc,phases      ] GC(116)     Remembered Sets (ms):     Min:  0.0, Avg:  0.0, Max:  0.0, Diff:  0.0, Sum:  0.1, Workers: 8
[21.694s][debug][gc,phases      ] GC(116)       Merged Sparse:            Min: 0, Avg:  0.0, Max: 0, Diff: 0, Sum: 0, Workers: 8
[21.694s][debug][gc,phases      ] GC(116)       Merged Fine:              Min: 0, Avg:  0.0, Max: 0, Diff: 0, Sum: 0, Workers: 8
[21.694s][debug][gc,phases      ] GC(116)       Merged Coarse:            Min: 0, Avg:  0.0, Max: 0, Diff: 0, Sum: 0, Workers: 8
[21.694s][debug][gc,phases      ] GC(116)       Dirty Cards:              Min: 0, Avg:  0.0, Max: 0, Diff: 0, Sum: 0, Workers: 8
[21.694s][debug][gc,phases      ] GC(116)     Hot Card Cache (ms):      Min:  0.0, Avg:  0.0, Max:  0.0, Diff:  0.0, Sum:  0.0, Workers: 8
[21.694s][debug][gc,phases      ] GC(116)       Dirty Cards:              Min: 0, Avg:  0.0, Max: 0, Diff: 0, Sum: 0, Workers: 8
[21.694s][debug][gc,phases      ] GC(116)       Skipped Cards:            Min: 0, Avg:  0.0, Max: 0, Diff: 0, Sum: 0, Workers: 8
[21.694s][debug][gc,phases      ] GC(116)     Log Buffers (ms):         Min:  0.0, Avg:  0.0, Max:  0.0, Diff:  0.0, Sum:  0.0, Workers: 8
[21.694s][debug][gc,phases      ] GC(116)       Dirty Cards:              Min: 0, Avg:  3.4, Max: 10, Diff: 10, Sum: 27, Workers: 8
[21.694s][debug][gc,phases      ] GC(116)       Skipped Cards:            Min: 0, Avg:  0.0, Max: 0, Diff: 0, Sum: 0, Workers: 8
[21.694s][info ][gc,phases      ] GC(116)   Evacuate Collection Set: 0.1ms
[21.694s][debug][gc,phases      ] GC(116)     Ext Root Scanning (ms):   Min:  0.0, Avg:  0.0, Max:  0.1, Diff:  0.1, Sum:  0.3, Workers: 8
[21.694s][debug][gc,phases      ] GC(116)     Scan Heap Roots (ms):     Min:  0.0, Avg:  0.0, Max:  0.0, Diff:  0.0, Sum:  0.1, Workers: 8
[21.694s][debug][gc,phases      ] GC(116)       Scanned Cards:            Min: 0, Avg:  3.1, Max: 6, Diff: 6, Sum: 25, Workers: 8
[21.694s][debug][gc,phases      ] GC(116)       Scanned Blocks:           Min: 0, Avg:  2.9, Max: 6, Diff: 6, Sum: 23, Workers: 8
[21.694s][debug][gc,phases      ] GC(116)       Claimed Chunks:           Min: 0, Avg:  1.1, Max: 2, Diff: 2, Sum: 9, Workers: 8
[21.694s][debug][gc,phases      ] GC(116)     Code Root Scan (ms):      Min:  0.0, Avg:  0.0, Max:  0.0, Diff:  0.0, Sum:  0.0, Workers: 8
[21.694s][debug][gc,phases      ] GC(116)     Object Copy (ms):         Min:  0.0, Avg:  0.0, Max:  0.0, Diff:  0.0, Sum:  0.0, Workers: 8
[21.694s][debug][gc,phases      ] GC(116)     Termination (ms):         Min:  0.0, Avg:  0.0, Max:  0.0, Diff:  0.0, Sum:  0.3, Workers: 8
[21.694s][debug][gc,phases      ] GC(116)       Termination Attempts:     Min: 1, Avg:  1.0, Max: 1, Diff: 0, Sum: 8, Workers: 8
[21.694s][debug][gc,phases      ] GC(116)     GC Worker Other (ms):     Min:  0.0, Avg:  0.0, Max:  0.0, Diff:  0.0, Sum:  0.2, Workers: 8
[21.694s][debug][gc,phases      ] GC(116)     GC Worker Total (ms):     Min:  0.1, Avg:  0.1, Max:  0.1, Diff:  0.0, Sum:  0.9, Workers: 8
[21.694s][info ][gc,phases      ] GC(116)   Post Evacuate Collection Set: 0.5ms
[21.694s][debug][gc,phases      ] GC(116)     Code Roots Fixup: 0.0ms
[21.694s][debug][gc,phases      ] GC(116)     Clear Card Table: 0.1ms
[21.694s][debug][gc,phases      ] GC(116)     Reference Processing: 0.0ms
[21.694s][debug][gc,phases,ref  ] GC(116)       Reconsider SoftReferences: 0.0ms
[21.694s][debug][gc,phases,ref  ] GC(116)         SoftRef (ms):             skipped
[21.694s][debug][gc,phases,ref  ] GC(116)       Notify Soft/WeakReferences: 0.0ms
[21.694s][debug][gc,phases,ref  ] GC(116)         SoftRef (ms):             Min:  0.0, Avg:  0.0, Max:  0.0, Diff:  0.0, Sum:  0.0, Workers: 1
[21.694s][debug][gc,phases,ref  ] GC(116)         WeakRef (ms):             Min:  0.0, Avg:  0.0, Max:  0.0, Diff:  0.0, Sum:  0.0, Workers: 1
[21.694s][debug][gc,phases,ref  ] GC(116)         FinalRef (ms):            Min:  0.0, Avg:  0.0, Max:  0.0, Diff:  0.0, Sum:  0.0, Workers: 1
[21.694s][debug][gc,phases,ref  ] GC(116)         Total (ms):               Min:  0.0, Avg:  0.0, Max:  0.0, Diff:  0.0, Sum:  0.0, Workers: 1
[21.694s][debug][gc,phases,ref  ] GC(116)       Notify and keep alive finalizable: 0.0ms
[21.694s][debug][gc,phases,ref  ] GC(116)         FinalRef (ms):            skipped
[21.694s][debug][gc,phases,ref  ] GC(116)       Notify PhantomReferences: 0.0ms
[21.694s][debug][gc,phases,ref  ] GC(116)         PhantomRef (ms):          Min:  0.0, Avg:  0.0, Max:  0.0, Diff:  0.0, Sum:  0.0, Workers: 1
[21.694s][debug][gc,phases,ref  ] GC(116)       SoftReference:
[21.694s][debug][gc,phases,ref  ] GC(116)         Discovered: 0
[21.694s][debug][gc,phases,ref  ] GC(116)         Cleared: 0
[21.694s][debug][gc,phases,ref  ] GC(116)       WeakReference:
[21.694s][debug][gc,phases,ref  ] GC(116)         Discovered: 1
[21.694s][debug][gc,phases,ref  ] GC(116)         Cleared: 0
[21.694s][debug][gc,phases,ref  ] GC(116)       FinalReference:
[21.694s][debug][gc,phases,ref  ] GC(116)         Discovered: 0
[21.694s][debug][gc,phases,ref  ] GC(116)         Cleared: 0
[21.694s][debug][gc,phases,ref  ] GC(116)       PhantomReference:
[21.694s][debug][gc,phases,ref  ] GC(116)         Discovered: 1
[21.694s][debug][gc,phases,ref  ] GC(116)         Cleared: 1
[21.694s][debug][gc,phases      ] GC(116)     Weak Processing: 0.0ms
[21.694s][debug][gc,phases      ] GC(116)       JVMTI weak processing: 0.0ms
[21.694s][debug][gc,phases      ] GC(116)         Dead: 0
[21.694s][debug][gc,phases      ] GC(116)         Total: 0
[21.694s][debug][gc,phases      ] GC(116)       JFR weak processing: 0.0ms
[21.694s][debug][gc,phases      ] GC(116)         Dead: 0
[21.694s][debug][gc,phases      ] GC(116)         Total: 0
[21.694s][debug][gc,phases      ] GC(116)       JNI weak                  Min:  0.0, Avg:  0.0, Max:  0.0, Diff:  0.0, Sum:  0.0, Workers: 5
[21.694s][debug][gc,phases      ] GC(116)         Dead                      Min: 0, Avg:  0.0, Max: 0, Diff: 0, Sum: 0, Workers: 5
[21.694s][debug][gc,phases      ] GC(116)         Total                     Min: 0, Avg: 12.8, Max: 64, Diff: 64, Sum: 64, Workers: 5
[21.694s][debug][gc,phases      ] GC(116)       VM weak                   Min:  0.0, Avg:  0.0, Max:  0.0, Diff:  0.0, Sum:  0.0, Workers: 5
[21.695s][debug][gc,phases      ] GC(116)         Dead                      Min: 0, Avg:  0.0, Max: 0, Diff: 0, Sum: 0, Workers: 5
[21.695s][debug][gc,phases      ] GC(116)         Total                     Min: 0, Avg: 44.2, Max: 128, Diff: 128, Sum: 221, Workers: 5
[21.695s][debug][gc,phases      ] GC(116)       StringTable weak          Min:  0.0, Avg:  0.0, Max:  0.0, Diff:  0.0, Sum:  0.0, Workers: 5
[21.695s][debug][gc,phases      ] GC(116)         Dead                      Min: 0, Avg:  0.0, Max: 0, Diff: 0, Sum: 0, Workers: 5
[21.695s][debug][gc,phases      ] GC(116)         Total                     Min: 576, Avg: 718.8, Max: 842, Diff: 266, Sum: 3594, Workers: 5
[21.695s][debug][gc,phases      ] GC(116)       ResolvedMethodTable weak  Min:  0.0, Avg:  0.0, Max:  0.0, Diff:  0.0, Sum:  0.0, Workers: 5
[21.695s][debug][gc,phases      ] GC(116)         Dead                      Min: 0, Avg:  0.0, Max: 0, Diff: 0, Sum: 0, Workers: 5
[21.695s][debug][gc,phases      ] GC(116)         Total                     Min: 64, Avg: 116.8, Max: 192, Diff: 128, Sum: 584, Workers: 5
[21.695s][debug][gc,phases      ] GC(116)     Merge Per-Thread State: 0.0ms
[21.695s][debug][gc,phases      ] GC(116)       Copied Bytes              Min: 24, Avg: 338.0, Max: 504, Diff: 480, Sum: 2704, Workers: 8
[21.695s][debug][gc,phases      ] GC(116)       LAB Waste                 Min: 0, Avg:  0.0, Max: 0, Diff: 0, Sum: 0, Workers: 8
[21.695s][debug][gc,phases      ] GC(116)       LAB Undo Waste            Min: 0, Avg:  0.0, Max: 0, Diff: 0, Sum: 0, Workers: 8
[21.695s][debug][gc,phases      ] GC(116)     Code Roots Purge: 0.0ms
[21.695s][debug][gc,phases      ] GC(116)     Redirty Cards: 0.1ms
[21.695s][debug][gc,phases      ] GC(116)     DerivedPointerTable Update: 0.0ms
[21.695s][debug][gc,phases      ] GC(116)     Free Collection Set: 0.1ms
[21.695s][debug][gc,phases      ] GC(116)     Rebuild Free List: 0.0ms
[21.695s][debug][gc,phases      ] GC(116)     Humongous Reclaim: 0.0ms
[21.695s][debug][gc,phases      ] GC(116)     Start New Collection Set: 0.0ms
[21.695s][debug][gc,phases      ] GC(116)     Resize TLABs: 0.0ms
[21.695s][debug][gc,phases      ] GC(116)     Expand Heap After Collection: 0.0ms
[21.695s][info ][gc,phases      ] GC(116)   Other: 0.4ms
[21.695s][info ][gc,heap        ] GC(116) Eden regions: 186->0(186)
[21.695s][info ][gc,heap        ] GC(116) Survivor regions: 1->1(24)
[21.695s][info ][gc,heap        ] GC(116) Old regions: 7->7
[21.695s][info ][gc,heap        ] GC(116) Archive regions: 2->2
[21.695s][info ][gc,heap        ] GC(116) Humongous regions: 0->0
[21.695s][info ][gc,metaspace   ] GC(116) Metaspace: 10408K(10880K)->10408K(10880K) NonClass: 9205K(9472K)->9205K(9472K) Class: 1202K(1408K)->1202K(1408K)
[21.695s][debug][gc,heap        ] GC(116) Heap after GC invocations=117 (full 1): garbage-first heap   total 319488K, used 4340K [0x0000000700000000, 0x0000000800000000)
[21.695s][debug][gc,heap        ] GC(116)   region size 1024K, 1 young (1024K), 1 survivors (1024K)
[21.695s][debug][gc,heap        ] GC(116)  Metaspace       used 10408K, capacity 10715K, committed 10880K, reserved 1058816K
[21.695s][debug][gc,heap        ] GC(116)   class space    used 1202K, capacity 1339K, committed 1408K, reserved 1048576K
[21.695s][info ][gc             ] GC(116) Pause Young (Normal) (G1 Evacuation Pause) 190M->4M(312M) 1.966ms
[21.695s][info ][gc,cpu         ] GC(116) User=0.01s Sys=0.01s Real=0.00s
[21.695s][info ][safepoint      ] Safepoint "G1CollectForAllocation", Time since last: 155832768 ns, Reaching safepoint: 161901 ns, At safepoint: 2170387 ns, Total: 2332288 ns
[21.855s][debug][gc,heap        ] GC(117) Heap before GC invocations=117 (full 1): garbage-first heap   total 319488K, used 194804K [0x0000000700000000, 0x0000000800000000)
[21.855s][debug][gc,heap        ] GC(117)   region size 1024K, 187 young (191488K), 1 survivors (1024K)
[21.855s][debug][gc,heap        ] GC(117)  Metaspace       used 10408K, capacity 10715K, committed 10880K, reserved 1058816K
[21.855s][debug][gc,heap        ] GC(117)   class space    used 1202K, capacity 1339K, committed 1408K, reserved 1048576K
[21.855s][info ][gc,start       ] GC(117) Pause Young (Normal) (G1 Evacuation Pause)
[21.855s][info ][gc,task        ] GC(117) Using 8 workers of 8 for evacuation
[21.855s][debug][gc,tlab        ] GC(117) TLAB totals: thrds: 10  refills: 749 max: 108 slow allocs: 0 max 0 waste:  1.0% gc: 1450712B max: 401632B slow: 431336B max: 62200B fast: 0B max: 0B
[21.855s][debug][gc,age         ] GC(117) Desired survivor size 12582912 bytes, new threshold 15 (max threshold 15)
[21.855s][debug][gc,alloc,region] GC(117) Mutator Allocation stats, regions: 186, wasted size: 0B ( 0.0%)
[21.855s][debug][gc,ergo        ] GC(117) Running G1 Merge Heap Roots using 8 workers for 187 regions
[21.855s][debug][gc,remset      ] GC(117) Visited cards 2304 Total dirty 10240 (22.50%) Total old 784384 (0.29%)
[21.855s][debug][gc,ergo        ] GC(117) Running G1 Clear Card Table Task using 1 workers for 1 units of work for 192 regions.
[21.855s][debug][gc,ref         ] GC(117) Skipped phase1 of Reference Processing due to unavailable references
[21.855s][debug][gc,ref         ] GC(117) Skipped phase3 of Reference Processing due to unavailable references
[21.855s][debug][gc,ref         ] GC(117) Skipped phase4 of Reference Processing due to unavailable references
[21.856s][debug][gc,ergo        ] GC(117) Running G1 Free Collection Set using 8 workers for collection set length 187 (312)
[21.856s][debug][gc,ergo        ] GC(117) Running G1 Rebuild Free List Task using 8 workers for rebuilding free list of 0 (4096) regions
[21.856s][trace][gc,age         ] GC(117) Age table with threshold 15 (max threshold 15)
[21.856s][trace][gc,age         ] GC(117) - age   1:        832 bytes,        832 total
[21.856s][trace][gc,age         ] GC(117) - age   4:        344 bytes,       1176 total
[21.856s][trace][gc,age         ] GC(117) - age   8:       1776 bytes,       2952 total
[21.856s][debug][gc,plab        ] GC(117) Young PLAB allocation: allocated: 14448B, wasted: 0B, unused: 11496B, used: 2952B, undo waste: 0B, 
[21.856s][debug][gc,plab        ] GC(117) Young other allocation: region end waste: 0B, regions filled: 1, direct allocated: 0B, failure used: 0B, failure wasted: 0B
[21.856s][debug][gc,plab        ] GC(117) Young sizing: calculated: 584B, actual: 2064B
[21.856s][debug][gc,plab        ] GC(117) Old PLAB allocation: allocated: 0B, wasted: 0B, unused: 0B, used: 0B, undo waste: 0B, 
[21.856s][debug][gc,plab        ] GC(117) Old other allocation: region end waste: 0B, regions filled: 1, direct allocated: 0B, failure used: 0B, failure wasted: 0B
[21.856s][debug][gc,plab        ] GC(117) Old sizing: calculated: 0B, actual: 2064B
[21.856s][debug][gc,ihop        ] GC(117) Basic information (value update), threshold: 147220070B (45.00), target occupancy: 327155712B, current occupancy: 4442808B, recent allocation size: 0B, recent allocation duration: 161.01ms, recent old gen allocation rate: 0.00B/s, recent marking phase length: 0.00ms
[21.856s][debug][gc,ihop        ] GC(117) Adaptive IHOP information (value update), threshold: 147220070B (47.37), internal target occupancy: 310797926B, occupancy: 4442808B, additional buffer size: 196083712B, predicted old gen allocation rate: 5011.22B/s, predicted marking phase length: 0.00ms, prediction active: false
[21.856s][debug][gc,ergo,refine ] GC(117) Concurrent refinement times: Logged Cards Scan time goal: 20.00ms Logged Cards Scan time: 0.01ms HCC time: 0.00ms
[21.856s][debug][gc,ergo,refine ] GC(117) Updated Refinement Zones: green: 2048, yellow: 6144, red: 10240
[21.856s][info ][gc,phases      ] GC(117)   Pre Evacuate Collection Set: 0.1ms
[21.856s][debug][gc,phases      ] GC(117)     Prepare TLABs: 0.0ms
[21.856s][debug][gc,phases      ] GC(117)     Choose Collection Set: 0.0ms
[21.856s][debug][gc,phases      ] GC(117)     Region Register: 0.1ms
[21.856s][debug][gc,phases      ] GC(117)     Prepare Heap Roots: 0.0ms
[21.856s][info ][gc,phases      ] GC(117)   Merge Heap Roots: 0.2ms
[21.856s][debug][gc,phases      ] GC(117)     Prepare Merge Heap Roots: 0.0ms
[21.856s][debug][gc,phases      ] GC(117)     Eager Reclaim (ms):       skipped
[21.856s][debug][gc,phases      ] GC(117)     Remembered Sets (ms):     Min:  0.0, Avg:  0.0, Max:  0.0, Diff:  0.0, Sum:  0.1, Workers: 8
[21.856s][debug][gc,phases      ] GC(117)       Merged Sparse:            Min: 0, Avg:  0.0, Max: 0, Diff: 0, Sum: 0, Workers: 8
[21.856s][debug][gc,phases      ] GC(117)       Merged Fine:              Min: 0, Avg:  0.0, Max: 0, Diff: 0, Sum: 0, Workers: 8
[21.856s][debug][gc,phases      ] GC(117)       Merged Coarse:            Min: 0, Avg:  0.0, Max: 0, Diff: 0, Sum: 0, Workers: 8
[21.856s][debug][gc,phases      ] GC(117)       Dirty Cards:              Min: 0, Avg:  0.0, Max: 0, Diff: 0, Sum: 0, Workers: 8
[21.856s][debug][gc,phases      ] GC(117)     Hot Card Cache (ms):      Min:  0.0, Avg:  0.0, Max:  0.0, Diff:  0.0, Sum:  0.0, Workers: 8
[21.856s][debug][gc,phases      ] GC(117)       Dirty Cards:              Min: 0, Avg:  0.0, Max: 0, Diff: 0, Sum: 0, Workers: 8
[21.856s][debug][gc,phases      ] GC(117)       Skipped Cards:            Min: 0, Avg:  0.0, Max: 0, Diff: 0, Sum: 0, Workers: 8
[21.856s][debug][gc,phases      ] GC(117)     Log Buffers (ms):         Min:  0.0, Avg:  0.0, Max:  0.0, Diff:  0.0, Sum:  0.0, Workers: 8
[21.856s][debug][gc,phases      ] GC(117)       Dirty Cards:              Min: 0, Avg:  3.1, Max: 11, Diff: 11, Sum: 25, Workers: 8
[21.856s][debug][gc,phases      ] GC(117)       Skipped Cards:            Min: 0, Avg:  0.0, Max: 0, Diff: 0, Sum: 0, Workers: 8
[21.856s][info ][gc,phases      ] GC(117)   Evacuate Collection Set: 0.2ms
[21.856s][debug][gc,phases      ] GC(117)     Ext Root Scanning (ms):   Min:  0.0, Avg:  0.0, Max:  0.1, Diff:  0.1, Sum:  0.4, Workers: 8
[21.856s][debug][gc,phases      ] GC(117)     Scan Heap Roots (ms):     Min:  0.0, Avg:  0.0, Max:  0.0, Diff:  0.0, Sum:  0.1, Workers: 8
[21.856s][debug][gc,phases      ] GC(117)       Scanned Cards:            Min: 0, Avg:  3.0, Max: 5, Diff: 5, Sum: 24, Workers: 8
[21.856s][debug][gc,phases      ] GC(117)       Scanned Blocks:           Min: 0, Avg:  2.8, Max: 5, Diff: 5, Sum: 22, Workers: 8
[21.856s][debug][gc,phases      ] GC(117)       Claimed Chunks:           Min: 0, Avg:  1.1, Max: 2, Diff: 2, Sum: 9, Workers: 8
[21.856s][debug][gc,phases      ] GC(117)     Code Root Scan (ms):      Min:  0.0, Avg:  0.0, Max:  0.0, Diff:  0.0, Sum:  0.0, Workers: 8
[21.856s][debug][gc,phases      ] GC(117)     Object Copy (ms):         Min:  0.0, Avg:  0.0, Max:  0.0, Diff:  0.0, Sum:  0.0, Workers: 8
[21.856s][debug][gc,phases      ] GC(117)     Termination (ms):         Min:  0.0, Avg:  0.1, Max:  0.1, Diff:  0.0, Sum:  0.5, Workers: 8
[21.856s][debug][gc,phases      ] GC(117)       Termination Attempts:     Min: 1, Avg:  1.0, Max: 1, Diff: 0, Sum: 8, Workers: 8
[21.856s][debug][gc,phases      ] GC(117)     GC Worker Other (ms):     Min:  0.0, Avg:  0.0, Max:  0.0, Diff:  0.0, Sum:  0.2, Workers: 8
[21.856s][debug][gc,phases      ] GC(117)     GC Worker Total (ms):     Min:  0.0, Avg:  0.1, Max:  0.2, Diff:  0.1, Sum:  1.2, Workers: 8
[21.856s][info ][gc,phases      ] GC(117)   Post Evacuate Collection Set: 0.4ms
[21.856s][debug][gc,phases      ] GC(117)     Code Roots Fixup: 0.0ms
[21.856s][debug][gc,phases      ] GC(117)     Clear Card Table: 0.1ms
[21.856s][debug][gc,phases      ] GC(117)     Reference Processing: 0.0ms
[21.856s][debug][gc,phases,ref  ] GC(117)       Reconsider SoftReferences: 0.0ms
[21.856s][debug][gc,phases,ref  ] GC(117)         SoftRef (ms):             skipped
[21.856s][debug][gc,phases,ref  ] GC(117)       Notify Soft/WeakReferences: 0.0ms
[21.856s][debug][gc,phases,ref  ] GC(117)         SoftRef (ms):             Min:  0.0, Avg:  0.0, Max:  0.0, Diff:  0.0, Sum:  0.0, Workers: 1
[21.856s][debug][gc,phases,ref  ] GC(117)         WeakRef (ms):             Min:  0.0, Avg:  0.0, Max:  0.0, Diff:  0.0, Sum:  0.0, Workers: 1
[21.856s][debug][gc,phases,ref  ] GC(117)         FinalRef (ms):            Min:  0.0, Avg:  0.0, Max:  0.0, Diff:  0.0, Sum:  0.0, Workers: 1
[21.856s][debug][gc,phases,ref  ] GC(117)         Total (ms):               Min:  0.0, Avg:  0.0, Max:  0.0, Diff:  0.0, Sum:  0.0, Workers: 1
[21.856s][debug][gc,phases,ref  ] GC(117)       Notify and keep alive finalizable: 0.0ms
[21.856s][debug][gc,phases,ref  ] GC(117)         FinalRef (ms):            skipped
[21.856s][debug][gc,phases,ref  ] GC(117)       Notify PhantomReferences: 0.0ms
[21.856s][debug][gc,phases,ref  ] GC(117)         PhantomRef (ms):          skipped
[21.856s][debug][gc,phases,ref  ] GC(117)       SoftReference:
[21.856s][debug][gc,phases,ref  ] GC(117)         Discovered: 0
[21.856s][debug][gc,phases,ref  ] GC(117)         Cleared: 0
[21.856s][debug][gc,phases,ref  ] GC(117)       WeakReference:
[21.856s][debug][gc,phases,ref  ] GC(117)         Discovered: 1
[21.856s][debug][gc,phases,ref  ] GC(117)         Cleared: 0
[21.856s][debug][gc,phases,ref  ] GC(117)       FinalReference:
[21.856s][debug][gc,phases,ref  ] GC(117)         Discovered: 0
[21.856s][debug][gc,phases,ref  ] GC(117)         Cleared: 0
[21.856s][debug][gc,phases,ref  ] GC(117)       PhantomReference:
[21.856s][debug][gc,phases,ref  ] GC(117)         Discovered: 0
[21.856s][debug][gc,phases,ref  ] GC(117)         Cleared: 0
[21.856s][debug][gc,phases      ] GC(117)     Weak Processing: 0.1ms
[21.856s][debug][gc,phases      ] GC(117)       JVMTI weak processing: 0.0ms
[21.856s][debug][gc,phases      ] GC(117)         Dead: 0
[21.856s][debug][gc,phases      ] GC(117)         Total: 0
[21.856s][debug][gc,phases      ] GC(117)       JFR weak processing: 0.0ms
[21.856s][debug][gc,phases      ] GC(117)         Dead: 0
[21.857s][debug][gc,phases      ] GC(117)         Total: 0
[21.857s][debug][gc,phases      ] GC(117)       JNI weak                  Min:  0.0, Avg:  0.0, Max:  0.0, Diff:  0.0, Sum:  0.0, Workers: 5
[21.857s][debug][gc,phases      ] GC(117)         Dead                      Min: 0, Avg:  0.0, Max: 0, Diff: 0, Sum: 0, Workers: 5
[21.857s][debug][gc,phases      ] GC(117)         Total                     Min: 0, Avg: 12.8, Max: 64, Diff: 64, Sum: 64, Workers: 5
[21.857s][debug][gc,phases      ] GC(117)       VM weak                   Min:  0.0, Avg:  0.0, Max:  0.0, Diff:  0.0, Sum:  0.0, Workers: 5
[21.857s][debug][gc,phases      ] GC(117)         Dead                      Min: 0, Avg:  0.0, Max: 0, Diff: 0, Sum: 0, Workers: 5
[21.857s][debug][gc,phases      ] GC(117)         Total                     Min: 0, Avg: 44.2, Max: 128, Diff: 128, Sum: 221, Workers: 5
[21.857s][debug][gc,phases      ] GC(117)       StringTable weak          Min:  0.0, Avg:  0.0, Max:  0.1, Diff:  0.0, Sum:  0.2, Workers: 5
[21.857s][debug][gc,phases      ] GC(117)         Dead                      Min: 0, Avg:  0.0, Max: 0, Diff: 0, Sum: 0, Workers: 5
[21.857s][debug][gc,phases      ] GC(117)         Total                     Min: 640, Avg: 718.8, Max: 768, Diff: 128, Sum: 3594, Workers: 5
[21.857s][debug][gc,phases      ] GC(117)       ResolvedMethodTable weak  Min:  0.0, Avg:  0.0, Max:  0.0, Diff:  0.0, Sum:  0.0, Workers: 5
[21.857s][debug][gc,phases      ] GC(117)         Dead                      Min: 0, Avg:  0.0, Max: 0, Diff: 0, Sum: 0, Workers: 5
[21.857s][debug][gc,phases      ] GC(117)         Total                     Min: 0, Avg: 116.8, Max: 192, Diff: 192, Sum: 584, Workers: 5
[21.857s][debug][gc,phases      ] GC(117)     Merge Per-Thread State: 0.0ms
[21.857s][debug][gc,phases      ] GC(117)       Copied Bytes              Min: 0, Avg: 369.0, Max: 648, Diff: 648, Sum: 2952, Workers: 8
[21.857s][debug][gc,phases      ] GC(117)       LAB Waste                 Min: 0, Avg:  0.0, Max: 0, Diff: 0, Sum: 0, Workers: 8
[21.857s][debug][gc,phases      ] GC(117)       LAB Undo Waste            Min: 0, Avg:  0.0, Max: 0, Diff: 0, Sum: 0, Workers: 8
[21.857s][debug][gc,phases      ] GC(117)     Code Roots Purge: 0.0ms
[21.857s][debug][gc,phases      ] GC(117)     Redirty Cards: 0.0ms
[21.857s][debug][gc,phases      ] GC(117)     DerivedPointerTable Update: 0.0ms
[21.857s][debug][gc,phases      ] GC(117)     Free Collection Set: 0.1ms
[21.857s][debug][gc,phases      ] GC(117)     Rebuild Free List: 0.1ms
[21.857s][debug][gc,phases      ] GC(117)     Humongous Reclaim: 0.0ms
[21.857s][debug][gc,phases      ] GC(117)     Start New Collection Set: 0.0ms
[21.857s][debug][gc,phases      ] GC(117)     Resize TLABs: 0.0ms
[21.857s][debug][gc,phases      ] GC(117)     Expand Heap After Collection: 0.0ms
[21.857s][info ][gc,phases      ] GC(117)   Other: 0.3ms
[21.857s][info ][gc,heap        ] GC(117) Eden regions: 186->0(186)
[21.857s][info ][gc,heap        ] GC(117) Survivor regions: 1->1(24)
[21.857s][info ][gc,heap        ] GC(117) Old regions: 7->7
[21.857s][info ][gc,heap        ] GC(117) Archive regions: 2->2
[21.857s][info ][gc,heap        ] GC(117) Humongous regions: 0->0
[21.857s][info ][gc,metaspace   ] GC(117) Metaspace: 10408K(10880K)->10408K(10880K) NonClass: 9205K(9472K)->9205K(9472K) Class: 1202K(1408K)->1202K(1408K)
[21.857s][debug][gc,heap        ] GC(117) Heap after GC invocations=118 (full 1): garbage-first heap   total 319488K, used 4338K [0x0000000700000000, 0x0000000800000000)
[21.857s][debug][gc,heap        ] GC(117)   region size 1024K, 1 young (1024K), 1 survivors (1024K)
[21.857s][debug][gc,heap        ] GC(117)  Metaspace       used 10408K, capacity 10715K, committed 10880K, reserved 1058816K
[21.857s][debug][gc,heap        ] GC(117)   class space    used 1202K, capacity 1339K, committed 1408K, reserved 1048576K
[21.857s][info ][gc             ] GC(117) Pause Young (Normal) (G1 Evacuation Pause) 190M->4M(312M) 1.988ms
[21.857s][info ][gc,cpu         ] GC(117) User=0.00s Sys=0.00s Real=0.01s
[21.857s][info ][safepoint      ] Safepoint "G1CollectForAllocation", Time since last: 159762188 ns, Reaching safepoint: 117526 ns, At safepoint: 2188692 ns, Total: 2306218 ns
[22.009s][debug][gc,heap        ] GC(118) Heap before GC invocations=118 (full 1): garbage-first heap   total 319488K, used 194802K [0x0000000700000000, 0x0000000800000000)
[22.009s][debug][gc,heap        ] GC(118)   region size 1024K, 187 young (191488K), 1 survivors (1024K)
[22.009s][debug][gc,heap        ] GC(118)  Metaspace       used 10408K, capacity 10715K, committed 10880K, reserved 1058816K
[22.009s][debug][gc,heap        ] GC(118)   class space    used 1202K, capacity 1339K, committed 1408K, reserved 1048576K
[22.009s][info ][gc,start       ] GC(118) Pause Young (Normal) (G1 Evacuation Pause)
[22.009s][info ][gc,task        ] GC(118) Using 8 workers of 8 for evacuation
[22.009s][debug][gc,tlab        ] GC(118) TLAB totals: thrds: 10  refills: 768 max: 97 slow allocs: 1 max 1 waste:  1.3% gc: 2057288B max: 478112B slow: 442976B max: 56544B fast: 0B max: 0B
[22.009s][debug][gc,age         ] GC(118) Desired survivor size 12582912 bytes, new threshold 15 (max threshold 15)
[22.009s][debug][gc,alloc,region] GC(118) Mutator Allocation stats, regions: 186, wasted size: 0B ( 0.0%)
[22.010s][debug][gc,ergo        ] GC(118) Running G1 Merge Heap Roots using 8 workers for 187 regions
[22.010s][debug][gc,remset      ] GC(118) Visited cards 2304 Total dirty 10240 (22.50%) Total old 784384 (0.29%)
[22.010s][debug][gc,ergo        ] GC(118) Running G1 Clear Card Table Task using 1 workers for 1 units of work for 192 regions.
[22.010s][debug][gc,ref         ] GC(118) Skipped phase1 of Reference Processing due to unavailable references
[22.010s][debug][gc,ref         ] GC(118) Skipped phase3 of Reference Processing due to unavailable references
[22.010s][debug][gc,ergo        ] GC(118) Running G1 Free Collection Set using 8 workers for collection set length 187 (312)
[22.010s][debug][gc,ergo        ] GC(118) Running G1 Rebuild Free List Task using 8 workers for rebuilding free list of 0 (4096) regions
[22.010s][trace][gc,age         ] GC(118) Age table with threshold 15 (max threshold 15)
[22.010s][trace][gc,age         ] GC(118) - age   1:        584 bytes,        584 total
[22.010s][trace][gc,age         ] GC(118) - age   5:        344 bytes,        928 total
[22.010s][trace][gc,age         ] GC(118) - age   9:       1776 bytes,       2704 total
[22.010s][debug][gc,plab        ] GC(118) Young PLAB allocation: allocated: 16512B, wasted: 0B, unused: 13808B, used: 2704B, undo waste: 0B, 
[22.010s][debug][gc,plab        ] GC(118) Young other allocation: region end waste: 0B, regions filled: 1, direct allocated: 0B, failure used: 0B, failure wasted: 0B
[22.010s][debug][gc,plab        ] GC(118) Young sizing: calculated: 536B, actual: 2064B
[22.010s][debug][gc,plab        ] GC(118) Old PLAB allocation: allocated: 0B, wasted: 0B, unused: 0B, used: 0B, undo waste: 0B, 
[22.010s][debug][gc,plab        ] GC(118) Old other allocation: region end waste: 0B, regions filled: 1, direct allocated: 0B, failure used: 0B, failure wasted: 0B
[22.010s][debug][gc,plab        ] GC(118) Old sizing: calculated: 0B, actual: 2064B
[22.010s][debug][gc,ihop        ] GC(118) Basic information (value update), threshold: 147220070B (45.00), target occupancy: 327155712B, current occupancy: 4444872B, recent allocation size: 0B, recent allocation duration: 153.48ms, recent old gen allocation rate: 0.00B/s, recent marking phase length: 0.00ms
[22.010s][debug][gc,ihop        ] GC(118) Adaptive IHOP information (value update), threshold: 147220070B (47.37), internal target occupancy: 310797926B, occupancy: 4444872B, additional buffer size: 196083712B, predicted old gen allocation rate: 4870.44B/s, predicted marking phase length: 0.00ms, prediction active: false
[22.010s][debug][gc,ergo,refine ] GC(118) Concurrent refinement times: Logged Cards Scan time goal: 20.00ms Logged Cards Scan time: 0.01ms HCC time: 0.00ms
[22.010s][debug][gc,ergo,refine ] GC(118) Updated Refinement Zones: green: 2048, yellow: 6144, red: 10240
[22.010s][info ][gc,phases      ] GC(118)   Pre Evacuate Collection Set: 0.1ms
[22.010s][debug][gc,phases      ] GC(118)     Prepare TLABs: 0.0ms
[22.010s][debug][gc,phases      ] GC(118)     Choose Collection Set: 0.0ms
[22.010s][debug][gc,phases      ] GC(118)     Region Register: 0.1ms
[22.010s][debug][gc,phases      ] GC(118)     Prepare Heap Roots: 0.0ms
[22.011s][info ][gc,phases      ] GC(118)   Merge Heap Roots: 0.2ms
[22.011s][debug][gc,phases      ] GC(118)     Prepare Merge Heap Roots: 0.0ms
[22.011s][debug][gc,phases      ] GC(118)     Eager Reclaim (ms):       skipped
[22.011s][debug][gc,phases      ] GC(118)     Remembered Sets (ms):     Min:  0.0, Avg:  0.0, Max:  0.0, Diff:  0.0, Sum:  0.2, Workers: 8
[22.011s][debug][gc,phases      ] GC(118)       Merged Sparse:            Min: 0, Avg:  0.0, Max: 0, Diff: 0, Sum: 0, Workers: 8
[22.011s][debug][gc,phases      ] GC(118)       Merged Fine:              Min: 0, Avg:  0.0, Max: 0, Diff: 0, Sum: 0, Workers: 8
[22.011s][debug][gc,phases      ] GC(118)       Merged Coarse:            Min: 0, Avg:  0.0, Max: 0, Diff: 0, Sum: 0, Workers: 8
[22.011s][debug][gc,phases      ] GC(118)       Dirty Cards:              Min: 0, Avg:  0.0, Max: 0, Diff: 0, Sum: 0, Workers: 8
[22.011s][debug][gc,phases      ] GC(118)     Hot Card Cache (ms):      Min:  0.0, Avg:  0.0, Max:  0.0, Diff:  0.0, Sum:  0.0, Workers: 8
[22.011s][debug][gc,phases      ] GC(118)       Dirty Cards:              Min: 0, Avg:  0.0, Max: 0, Diff: 0, Sum: 0, Workers: 8
[22.011s][debug][gc,phases      ] GC(118)       Skipped Cards:            Min: 0, Avg:  0.0, Max: 0, Diff: 0, Sum: 0, Workers: 8
[22.011s][debug][gc,phases      ] GC(118)     Log Buffers (ms):         Min:  0.0, Avg:  0.0, Max:  0.0, Diff:  0.0, Sum:  0.0, Workers: 8
[22.011s][debug][gc,phases      ] GC(118)       Dirty Cards:              Min: 0, Avg:  3.2, Max: 15, Diff: 15, Sum: 26, Workers: 8
[22.011s][debug][gc,phases      ] GC(118)       Skipped Cards:            Min: 0, Avg:  0.0, Max: 0, Diff: 0, Sum: 0, Workers: 8
[22.011s][info ][gc,phases      ] GC(118)   Evacuate Collection Set: 0.2ms
[22.011s][debug][gc,phases      ] GC(118)     Ext Root Scanning (ms):   Min:  0.0, Avg:  0.0, Max:  0.1, Diff:  0.1, Sum:  0.3, Workers: 8
[22.011s][debug][gc,phases      ] GC(118)     Scan Heap Roots (ms):     Min:  0.0, Avg:  0.0, Max:  0.0, Diff:  0.0, Sum:  0.1, Workers: 8
[22.011s][debug][gc,phases      ] GC(118)       Scanned Cards:            Min: 0, Avg:  3.0, Max: 5, Diff: 5, Sum: 24, Workers: 8
[22.011s][debug][gc,phases      ] GC(118)       Scanned Blocks:           Min: 0, Avg:  2.8, Max: 5, Diff: 5, Sum: 22, Workers: 8
[22.011s][debug][gc,phases      ] GC(118)       Claimed Chunks:           Min: 0, Avg:  1.1, Max: 3, Diff: 3, Sum: 9, Workers: 8
[22.011s][debug][gc,phases      ] GC(118)     Code Root Scan (ms):      Min:  0.0, Avg:  0.0, Max:  0.0, Diff:  0.0, Sum:  0.0, Workers: 8
[22.011s][debug][gc,phases      ] GC(118)     Object Copy (ms):         Min:  0.0, Avg:  0.0, Max:  0.0, Diff:  0.0, Sum:  0.0, Workers: 8
[22.011s][debug][gc,phases      ] GC(118)     Termination (ms):         Min:  0.0, Avg:  0.0, Max:  0.1, Diff:  0.0, Sum:  0.4, Workers: 8
[22.011s][debug][gc,phases      ] GC(118)       Termination Attempts:     Min: 1, Avg:  1.0, Max: 1, Diff: 0, Sum: 8, Workers: 8
[22.011s][debug][gc,phases      ] GC(118)     GC Worker Other (ms):     Min:  0.0, Avg:  0.0, Max:  0.0, Diff:  0.0, Sum:  0.2, Workers: 8
[22.011s][debug][gc,phases      ] GC(118)     GC Worker Total (ms):     Min:  0.1, Avg:  0.1, Max:  0.2, Diff:  0.1, Sum:  1.0, Workers: 8
[22.011s][info ][gc,phases      ] GC(118)   Post Evacuate Collection Set: 0.4ms
[22.011s][debug][gc,phases      ] GC(118)     Code Roots Fixup: 0.0ms
[22.011s][debug][gc,phases      ] GC(118)     Clear Card Table: 0.1ms
[22.011s][debug][gc,phases      ] GC(118)     Reference Processing: 0.0ms
[22.011s][debug][gc,phases,ref  ] GC(118)       Reconsider SoftReferences: 0.0ms
[22.011s][debug][gc,phases,ref  ] GC(118)         SoftRef (ms):             skipped
[22.011s][debug][gc,phases,ref  ] GC(118)       Notify Soft/WeakReferences: 0.0ms
[22.011s][debug][gc,phases,ref  ] GC(118)         SoftRef (ms):             Min:  0.0, Avg:  0.0, Max:  0.0, Diff:  0.0, Sum:  0.0, Workers: 1
[22.011s][debug][gc,phases,ref  ] GC(118)         WeakRef (ms):             Min:  0.0, Avg:  0.0, Max:  0.0, Diff:  0.0, Sum:  0.0, Workers: 1
[22.011s][debug][gc,phases,ref  ] GC(118)         FinalRef (ms):            Min:  0.0, Avg:  0.0, Max:  0.0, Diff:  0.0, Sum:  0.0, Workers: 1
[22.011s][debug][gc,phases,ref  ] GC(118)         Total (ms):               Min:  0.0, Avg:  0.0, Max:  0.0, Diff:  0.0, Sum:  0.0, Workers: 1
[22.011s][debug][gc,phases,ref  ] GC(118)       Notify and keep alive finalizable: 0.0ms
[22.011s][debug][gc,phases,ref  ] GC(118)         FinalRef (ms):            skipped
[22.011s][debug][gc,phases,ref  ] GC(118)       Notify PhantomReferences: 0.0ms
[22.011s][debug][gc,phases,ref  ] GC(118)         PhantomRef (ms):          Min:  0.0, Avg:  0.0, Max:  0.0, Diff:  0.0, Sum:  0.0, Workers: 1
[22.011s][debug][gc,phases,ref  ] GC(118)       SoftReference:
[22.011s][debug][gc,phases,ref  ] GC(118)         Discovered: 0
[22.011s][debug][gc,phases,ref  ] GC(118)         Cleared: 0
[22.011s][debug][gc,phases,ref  ] GC(118)       WeakReference:
[22.011s][debug][gc,phases,ref  ] GC(118)         Discovered: 1
[22.011s][debug][gc,phases,ref  ] GC(118)         Cleared: 0
[22.011s][debug][gc,phases,ref  ] GC(118)       FinalReference:
[22.011s][debug][gc,phases,ref  ] GC(118)         Discovered: 0
[22.011s][debug][gc,phases,ref  ] GC(118)         Cleared: 0
[22.011s][debug][gc,phases,ref  ] GC(118)       PhantomReference:
[22.011s][debug][gc,phases,ref  ] GC(118)         Discovered: 1
[22.011s][debug][gc,phases,ref  ] GC(118)         Cleared: 1
[22.011s][debug][gc,phases      ] GC(118)     Weak Processing: 0.1ms
[22.011s][debug][gc,phases      ] GC(118)       JVMTI weak processing: 0.0ms
[22.011s][debug][gc,phases      ] GC(118)         Dead: 0
[22.011s][debug][gc,phases      ] GC(118)         Total: 0
[22.011s][debug][gc,phases      ] GC(118)       JFR weak processing: 0.0ms
[22.011s][debug][gc,phases      ] GC(118)         Dead: 0
[22.011s][debug][gc,phases      ] GC(118)         Total: 0
[22.011s][debug][gc,phases      ] GC(118)       JNI weak                  Min:  0.0, Avg:  0.0, Max:  0.0, Diff:  0.0, Sum:  0.0, Workers: 5
[22.011s][debug][gc,phases      ] GC(118)         Dead                      Min: 0, Avg:  0.0, Max: 0, Diff: 0, Sum: 0, Workers: 5
[22.011s][debug][gc,phases      ] GC(118)         Total                     Min: 0, Avg: 12.8, Max: 64, Diff: 64, Sum: 64, Workers: 5
[22.011s][debug][gc,phases      ] GC(118)       VM weak                   Min:  0.0, Avg:  0.0, Max:  0.0, Diff:  0.0, Sum:  0.0, Workers: 5
[22.011s][debug][gc,phases      ] GC(118)         Dead                      Min: 0, Avg:  0.0, Max: 0, Diff: 0, Sum: 0, Workers: 5
[22.011s][debug][gc,phases      ] GC(118)         Total                     Min: 0, Avg: 44.2, Max: 128, Diff: 128, Sum: 221, Workers: 5
[22.011s][debug][gc,phases      ] GC(118)       StringTable weak          Min:  0.0, Avg:  0.0, Max:  0.1, Diff:  0.0, Sum:  0.1, Workers: 5
[22.011s][debug][gc,phases      ] GC(118)         Dead                      Min: 0, Avg:  0.0, Max: 0, Diff: 0, Sum: 0, Workers: 5
[22.011s][debug][gc,phases      ] GC(118)         Total                     Min: 448, Avg: 718.8, Max: 1098, Diff: 650, Sum: 3594, Workers: 5
[22.011s][debug][gc,phases      ] GC(118)       ResolvedMethodTable weak  Min:  0.0, Avg:  0.0, Max:  0.0, Diff:  0.0, Sum:  0.0, Workers: 5
[22.011s][debug][gc,phases      ] GC(118)         Dead                      Min: 0, Avg:  0.0, Max: 0, Diff: 0, Sum: 0, Workers: 5
[22.011s][debug][gc,phases      ] GC(118)         Total                     Min: 0, Avg: 116.8, Max: 192, Diff: 192, Sum: 584, Workers: 5
[22.011s][debug][gc,phases      ] GC(118)     Merge Per-Thread State: 0.0ms
[22.011s][debug][gc,phases      ] GC(118)       Copied Bytes              Min: 168, Avg: 338.0, Max: 552, Diff: 384, Sum: 2704, Workers: 8
[22.011s][debug][gc,phases      ] GC(118)       LAB Waste                 Min: 0, Avg:  0.0, Max: 0, Diff: 0, Sum: 0, Workers: 8
[22.011s][debug][gc,phases      ] GC(118)       LAB Undo Waste            Min: 0, Avg:  0.0, Max: 0, Diff: 0, Sum: 0, Workers: 8
[22.011s][debug][gc,phases      ] GC(118)     Code Roots Purge: 0.0ms
[22.011s][debug][gc,phases      ] GC(118)     Redirty Cards: 0.0ms
[22.011s][debug][gc,phases      ] GC(118)     DerivedPointerTable Update: 0.0ms
[22.011s][debug][gc,phases      ] GC(118)     Free Collection Set: 0.1ms
[22.011s][debug][gc,phases      ] GC(118)     Rebuild Free List: 0.1ms
[22.011s][debug][gc,phases      ] GC(118)     Humongous Reclaim: 0.0ms
[22.011s][debug][gc,phases      ] GC(118)     Start New Collection Set: 0.0ms
[22.011s][debug][gc,phases      ] GC(118)     Resize TLABs: 0.0ms
[22.011s][debug][gc,phases      ] GC(118)     Expand Heap After Collection: 0.0ms
[22.011s][info ][gc,phases      ] GC(118)   Other: 0.3ms
[22.011s][info ][gc,heap        ] GC(118) Eden regions: 186->0(186)
[22.011s][info ][gc,heap        ] GC(118) Survivor regions: 1->1(24)
[22.011s][info ][gc,heap        ] GC(118) Old regions: 7->7
[22.011s][info ][gc,heap        ] GC(118) Archive regions: 2->2
[22.011s][info ][gc,heap        ] GC(118) Humongous regions: 0->0
[22.011s][info ][gc,metaspace   ] GC(118) Metaspace: 10408K(10880K)->10408K(10880K) NonClass: 9205K(9472K)->9205K(9472K) Class: 1202K(1408K)->1202K(1408K)
[22.011s][debug][gc,heap        ] GC(118) Heap after GC invocations=119 (full 1): garbage-first heap   total 319488K, used 4340K [0x0000000700000000, 0x0000000800000000)
[22.011s][debug][gc,heap        ] GC(118)   region size 1024K, 1 young (1024K), 1 survivors (1024K)
[22.011s][debug][gc,heap        ] GC(118)  Metaspace       used 10408K, capacity 10715K, committed 10880K, reserved 1058816K
[22.011s][debug][gc,heap        ] GC(118)   class space    used 1202K, capacity 1339K, committed 1408K, reserved 1048576K
[22.011s][info ][gc             ] GC(118) Pause Young (Normal) (G1 Evacuation Pause) 190M->4M(312M) 1.921ms
[22.011s][info ][gc,cpu         ] GC(118) User=0.00s Sys=0.00s Real=0.00s
[22.011s][info ][safepoint      ] Safepoint "G1CollectForAllocation", Time since last: 152157474 ns, Reaching safepoint: 165409 ns, At safepoint: 2087554 ns, Total: 2252963 ns
[22.163s][debug][gc,heap        ] GC(119) Heap before GC invocations=119 (full 1): garbage-first heap   total 319488K, used 194804K [0x0000000700000000, 0x0000000800000000)
[22.164s][debug][gc,heap        ] GC(119)   region size 1024K, 187 young (191488K), 1 survivors (1024K)
[22.164s][debug][gc,heap        ] GC(119)  Metaspace       used 10408K, capacity 10715K, committed 10880K, reserved 1058816K
[22.164s][debug][gc,heap        ] GC(119)   class space    used 1202K, capacity 1339K, committed 1408K, reserved 1048576K
[22.164s][info ][gc,start       ] GC(119) Pause Young (Normal) (G1 Evacuation Pause)
[22.164s][info ][gc,task        ] GC(119) Using 8 workers of 8 for evacuation
[22.164s][debug][gc,tlab        ] GC(119) TLAB totals: thrds: 10  refills: 768 max: 101 slow allocs: 2 max 1 waste:  1.0% gc: 1573208B max: 363448B slow: 444384B max: 58256B fast: 0B max: 0B
[22.164s][debug][gc,age         ] GC(119) Desired survivor size 12582912 bytes, new threshold 15 (max threshold 15)
[22.164s][debug][gc,alloc,region] GC(119) Mutator Allocation stats, regions: 186, wasted size: 0B ( 0.0%)
[22.164s][debug][gc,ergo        ] GC(119) Running G1 Merge Heap Roots using 8 workers for 187 regions
[22.164s][debug][gc,remset      ] GC(119) Visited cards 2304 Total dirty 10240 (22.50%) Total old 784384 (0.29%)
[22.164s][debug][gc,ergo        ] GC(119) Running G1 Clear Card Table Task using 1 workers for 1 units of work for 192 regions.
[22.164s][debug][gc,ref         ] GC(119) Skipped phase1 of Reference Processing due to unavailable references
[22.164s][debug][gc,ref         ] GC(119) Skipped phase3 of Reference Processing due to unavailable references
[22.164s][debug][gc,ergo        ] GC(119) Running G1 Free Collection Set using 8 workers for collection set length 187 (312)
[22.165s][debug][gc,ergo        ] GC(119) Running G1 Rebuild Free List Task using 8 workers for rebuilding free list of 0 (4096) regions
[22.165s][trace][gc,age         ] GC(119) Age table with threshold 15 (max threshold 15)
[22.165s][trace][gc,age         ] GC(119) - age   1:        664 bytes,        664 total
[22.165s][trace][gc,age         ] GC(119) - age   6:        344 bytes,       1008 total
[22.165s][trace][gc,age         ] GC(119) - age  10:       1776 bytes,       2784 total
[22.165s][debug][gc,plab        ] GC(119) Young PLAB allocation: allocated: 16512B, wasted: 0B, unused: 13728B, used: 2784B, undo waste: 0B, 
[22.165s][debug][gc,plab        ] GC(119) Young other allocation: region end waste: 0B, regions filled: 1, direct allocated: 0B, failure used: 0B, failure wasted: 0B
[22.165s][debug][gc,plab        ] GC(119) Young sizing: calculated: 552B, actual: 2064B
[22.165s][debug][gc,plab        ] GC(119) Old PLAB allocation: allocated: 0B, wasted: 0B, unused: 0B, used: 0B, undo waste: 0B, 
[22.165s][debug][gc,plab        ] GC(119) Old other allocation: region end waste: 0B, regions filled: 1, direct allocated: 0B, failure used: 0B, failure wasted: 0B
[22.165s][debug][gc,plab        ] GC(119) Old sizing: calculated: 0B, actual: 2064B
[22.165s][debug][gc,ihop        ] GC(119) Basic information (value update), threshold: 147220070B (45.00), target occupancy: 327155712B, current occupancy: 4444872B, recent allocation size: 0B, recent allocation duration: 153.20ms, recent old gen allocation rate: 0.00B/s, recent marking phase length: 0.00ms
[22.165s][debug][gc,ihop        ] GC(119) Adaptive IHOP information (value update), threshold: 147220070B (47.37), internal target occupancy: 310797926B, occupancy: 4444872B, additional buffer size: 196083712B, predicted old gen allocation rate: 4733.90B/s, predicted marking phase length: 0.00ms, prediction active: false
[22.165s][debug][gc,ergo,refine ] GC(119) Concurrent refinement times: Logged Cards Scan time goal: 20.00ms Logged Cards Scan time: 0.01ms HCC time: 0.00ms
[22.165s][debug][gc,ergo,refine ] GC(119) Updated Refinement Zones: green: 2048, yellow: 6144, red: 10240
[22.165s][info ][gc,phases      ] GC(119)   Pre Evacuate Collection Set: 0.1ms
[22.165s][debug][gc,phases      ] GC(119)     Prepare TLABs: 0.0ms
[22.165s][debug][gc,phases      ] GC(119)     Choose Collection Set: 0.0ms
[22.165s][debug][gc,phases      ] GC(119)     Region Register: 0.1ms
[22.165s][debug][gc,phases      ] GC(119)     Prepare Heap Roots: 0.0ms
[22.165s][info ][gc,phases      ] GC(119)   Merge Heap Roots: 0.2ms
[22.165s][debug][gc,phases      ] GC(119)     Prepare Merge Heap Roots: 0.0ms
[22.165s][debug][gc,phases      ] GC(119)     Eager Reclaim (ms):       skipped
[22.165s][debug][gc,phases      ] GC(119)     Remembered Sets (ms):     Min:  0.0, Avg:  0.0, Max:  0.0, Diff:  0.0, Sum:  0.1, Workers: 8
[22.165s][debug][gc,phases      ] GC(119)       Merged Sparse:            Min: 0, Avg:  0.0, Max: 0, Diff: 0, Sum: 0, Workers: 8
[22.165s][debug][gc,phases      ] GC(119)       Merged Fine:              Min: 0, Avg:  0.0, Max: 0, Diff: 0, Sum: 0, Workers: 8
[22.165s][debug][gc,phases      ] GC(119)       Merged Coarse:            Min: 0, Avg:  0.0, Max: 0, Diff: 0, Sum: 0, Workers: 8
[22.165s][debug][gc,phases      ] GC(119)       Dirty Cards:              Min: 0, Avg:  0.0, Max: 0, Diff: 0, Sum: 0, Workers: 8
[22.165s][debug][gc,phases      ] GC(119)     Hot Card Cache (ms):      Min:  0.0, Avg:  0.0, Max:  0.0, Diff:  0.0, Sum:  0.0, Workers: 8
[22.165s][debug][gc,phases      ] GC(119)       Dirty Cards:              Min: 0, Avg:  0.0, Max: 0, Diff: 0, Sum: 0, Workers: 8
[22.165s][debug][gc,phases      ] GC(119)       Skipped Cards:            Min: 0, Avg:  0.0, Max: 0, Diff: 0, Sum: 0, Workers: 8
[22.165s][debug][gc,phases      ] GC(119)     Log Buffers (ms):         Min:  0.0, Avg:  0.0, Max:  0.0, Diff:  0.0, Sum:  0.0, Workers: 8
[22.165s][debug][gc,phases      ] GC(119)       Dirty Cards:              Min: 0, Avg:  3.4, Max: 22, Diff: 22, Sum: 27, Workers: 8
[22.165s][debug][gc,phases      ] GC(119)       Skipped Cards:            Min: 0, Avg:  0.0, Max: 0, Diff: 0, Sum: 0, Workers: 8
[22.165s][info ][gc,phases      ] GC(119)   Evacuate Collection Set: 0.2ms
[22.165s][debug][gc,phases      ] GC(119)     Ext Root Scanning (ms):   Min:  0.0, Avg:  0.0, Max:  0.0, Diff:  0.0, Sum:  0.2, Workers: 8
[22.165s][debug][gc,phases      ] GC(119)     Scan Heap Roots (ms):     Min:  0.0, Avg:  0.0, Max:  0.0, Diff:  0.0, Sum:  0.1, Workers: 8
[22.165s][debug][gc,phases      ] GC(119)       Scanned Cards:            Min: 0, Avg:  3.0, Max: 5, Diff: 5, Sum: 24, Workers: 8
[22.165s][debug][gc,phases      ] GC(119)       Scanned Blocks:           Min: 0, Avg:  2.8, Max: 5, Diff: 5, Sum: 22, Workers: 8
[22.165s][debug][gc,phases      ] GC(119)       Claimed Chunks:           Min: 0, Avg:  1.1, Max: 2, Diff: 2, Sum: 9, Workers: 8
[22.165s][debug][gc,phases      ] GC(119)     Code Root Scan (ms):      Min:  0.0, Avg:  0.0, Max:  0.0, Diff:  0.0, Sum:  0.0, Workers: 8
[22.165s][debug][gc,phases      ] GC(119)     Object Copy (ms):         Min:  0.0, Avg:  0.0, Max:  0.0, Diff:  0.0, Sum:  0.0, Workers: 8
[22.165s][debug][gc,phases      ] GC(119)     Termination (ms):         Min:  0.0, Avg:  0.1, Max:  0.1, Diff:  0.0, Sum:  0.5, Workers: 8
[22.165s][debug][gc,phases      ] GC(119)       Termination Attempts:     Min: 1, Avg:  1.0, Max: 1, Diff: 0, Sum: 8, Workers: 8
[22.165s][debug][gc,phases      ] GC(119)     GC Worker Other (ms):     Min:  0.0, Avg:  0.0, Max:  0.0, Diff:  0.0, Sum:  0.1, Workers: 8
[22.165s][debug][gc,phases      ] GC(119)     GC Worker Total (ms):     Min:  0.1, Avg:  0.1, Max:  0.2, Diff:  0.0, Sum:  0.9, Workers: 8
[22.165s][info ][gc,phases      ] GC(119)   Post Evacuate Collection Set: 0.6ms
[22.165s][debug][gc,phases      ] GC(119)     Code Roots Fixup: 0.0ms
[22.165s][debug][gc,phases      ] GC(119)     Clear Card Table: 0.1ms
[22.165s][debug][gc,phases      ] GC(119)     Reference Processing: 0.0ms
[22.165s][debug][gc,phases,ref  ] GC(119)       Reconsider SoftReferences: 0.0ms
[22.165s][debug][gc,phases,ref  ] GC(119)         SoftRef (ms):             skipped
[22.165s][debug][gc,phases,ref  ] GC(119)       Notify Soft/WeakReferences: 0.0ms
[22.165s][debug][gc,phases,ref  ] GC(119)         SoftRef (ms):             Min:  0.0, Avg:  0.0, Max:  0.0, Diff:  0.0, Sum:  0.0, Workers: 1
[22.165s][debug][gc,phases,ref  ] GC(119)         WeakRef (ms):             Min:  0.0, Avg:  0.0, Max:  0.0, Diff:  0.0, Sum:  0.0, Workers: 1
[22.165s][debug][gc,phases,ref  ] GC(119)         FinalRef (ms):            Min:  0.0, Avg:  0.0, Max:  0.0, Diff:  0.0, Sum:  0.0, Workers: 1
[22.165s][debug][gc,phases,ref  ] GC(119)         Total (ms):               Min:  0.0, Avg:  0.0, Max:  0.0, Diff:  0.0, Sum:  0.0, Workers: 1
[22.165s][debug][gc,phases,ref  ] GC(119)       Notify and keep alive finalizable: 0.0ms
[22.165s][debug][gc,phases,ref  ] GC(119)         FinalRef (ms):            skipped
[22.165s][debug][gc,phases,ref  ] GC(119)       Notify PhantomReferences: 0.0ms
[22.165s][debug][gc,phases,ref  ] GC(119)         PhantomRef (ms):          Min:  0.0, Avg:  0.0, Max:  0.0, Diff:  0.0, Sum:  0.0, Workers: 1
[22.165s][debug][gc,phases,ref  ] GC(119)       SoftReference:
[22.165s][debug][gc,phases,ref  ] GC(119)         Discovered: 0
[22.165s][debug][gc,phases,ref  ] GC(119)         Cleared: 0
[22.165s][debug][gc,phases,ref  ] GC(119)       WeakReference:
[22.165s][debug][gc,phases,ref  ] GC(119)         Discovered: 1
[22.165s][debug][gc,phases,ref  ] GC(119)         Cleared: 0
[22.165s][debug][gc,phases,ref  ] GC(119)       FinalReference:
[22.165s][debug][gc,phases,ref  ] GC(119)         Discovered: 0
[22.165s][debug][gc,phases,ref  ] GC(119)         Cleared: 0
[22.165s][debug][gc,phases,ref  ] GC(119)       PhantomReference:
[22.165s][debug][gc,phases,ref  ] GC(119)         Discovered: 1
[22.165s][debug][gc,phases,ref  ] GC(119)         Cleared: 1
[22.165s][debug][gc,phases      ] GC(119)     Weak Processing: 0.1ms
[22.165s][debug][gc,phases      ] GC(119)       JVMTI weak processing: 0.0ms
[22.165s][debug][gc,phases      ] GC(119)         Dead: 0
[22.165s][debug][gc,phases      ] GC(119)         Total: 0
[22.165s][debug][gc,phases      ] GC(119)       JFR weak processing: 0.0ms
[22.165s][debug][gc,phases      ] GC(119)         Dead: 0
[22.165s][debug][gc,phases      ] GC(119)         Total: 0
[22.165s][debug][gc,phases      ] GC(119)       JNI weak                  Min:  0.0, Avg:  0.0, Max:  0.0, Diff:  0.0, Sum:  0.0, Workers: 5
[22.165s][debug][gc,phases      ] GC(119)         Dead                      Min: 0, Avg:  0.0, Max: 0, Diff: 0, Sum: 0, Workers: 5
[22.165s][debug][gc,phases      ] GC(119)         Total                     Min: 0, Avg: 12.8, Max: 64, Diff: 64, Sum: 64, Workers: 5
[22.165s][debug][gc,phases      ] GC(119)       VM weak                   Min:  0.0, Avg:  0.0, Max:  0.0, Diff:  0.0, Sum:  0.0, Workers: 5
[22.165s][debug][gc,phases      ] GC(119)         Dead                      Min: 0, Avg:  0.0, Max: 0, Diff: 0, Sum: 0, Workers: 5
[22.165s][debug][gc,phases      ] GC(119)         Total                     Min: 0, Avg: 44.2, Max: 221, Diff: 221, Sum: 221, Workers: 5
[22.165s][debug][gc,phases      ] GC(119)       StringTable weak          Min:  0.0, Avg:  0.0, Max:  0.1, Diff:  0.1, Sum:  0.1, Workers: 5
[22.165s][debug][gc,phases      ] GC(119)         Dead                      Min: 0, Avg:  0.0, Max: 0, Diff: 0, Sum: 0, Workers: 5
[22.165s][debug][gc,phases      ] GC(119)         Total                     Min: 0, Avg: 718.8, Max: 2495, Diff: 2495, Sum: 3594, Workers: 5
[22.165s][debug][gc,phases      ] GC(119)       ResolvedMethodTable weak  Min:  0.0, Avg:  0.0, Max:  0.0, Diff:  0.0, Sum:  0.0, Workers: 5
[22.166s][debug][gc,phases      ] GC(119)         Dead                      Min: 0, Avg:  0.0, Max: 0, Diff: 0, Sum: 0, Workers: 5
[22.166s][debug][gc,phases      ] GC(119)         Total                     Min: 64, Avg: 116.8, Max: 192, Diff: 128, Sum: 584, Workers: 5
[22.166s][debug][gc,phases      ] GC(119)     Merge Per-Thread State: 0.0ms
[22.166s][debug][gc,phases      ] GC(119)       Copied Bytes              Min: 168, Avg: 348.0, Max: 552, Diff: 384, Sum: 2784, Workers: 8
[22.166s][debug][gc,phases      ] GC(119)       LAB Waste                 Min: 0, Avg:  0.0, Max: 0, Diff: 0, Sum: 0, Workers: 8
[22.166s][debug][gc,phases      ] GC(119)       LAB Undo Waste            Min: 0, Avg:  0.0, Max: 0, Diff: 0, Sum: 0, Workers: 8
[22.166s][debug][gc,phases      ] GC(119)     Code Roots Purge: 0.0ms
[22.166s][debug][gc,phases      ] GC(119)     Redirty Cards: 0.0ms
[22.166s][debug][gc,phases      ] GC(119)     DerivedPointerTable Update: 0.0ms
[22.166s][debug][gc,phases      ] GC(119)     Free Collection Set: 0.2ms
[22.166s][debug][gc,phases      ] GC(119)     Rebuild Free List: 0.1ms
[22.166s][debug][gc,phases      ] GC(119)     Humongous Reclaim: 0.0ms
[22.166s][debug][gc,phases      ] GC(119)     Start New Collection Set: 0.0ms
[22.166s][debug][gc,phases      ] GC(119)     Resize TLABs: 0.0ms
[22.166s][debug][gc,phases      ] GC(119)     Expand Heap After Collection: 0.0ms
[22.166s][info ][gc,phases      ] GC(119)   Other: 0.3ms
[22.166s][info ][gc,heap        ] GC(119) Eden regions: 186->0(186)
[22.166s][info ][gc,heap        ] GC(119) Survivor regions: 1->1(24)
[22.166s][info ][gc,heap        ] GC(119) Old regions: 7->7
[22.166s][info ][gc,heap        ] GC(119) Archive regions: 2->2
[22.166s][info ][gc,heap        ] GC(119) Humongous regions: 0->0
[22.166s][info ][gc,metaspace   ] GC(119) Metaspace: 10408K(10880K)->10408K(10880K) NonClass: 9205K(9472K)->9205K(9472K) Class: 1202K(1408K)->1202K(1408K)
[22.166s][debug][gc,heap        ] GC(119) Heap after GC invocations=120 (full 1): garbage-first heap   total 319488K, used 4340K [0x0000000700000000, 0x0000000800000000)
[22.166s][debug][gc,heap        ] GC(119)   region size 1024K, 1 young (1024K), 1 survivors (1024K)
[22.166s][debug][gc,heap        ] GC(119)  Metaspace       used 10408K, capacity 10715K, committed 10880K, reserved 1058816K
[22.166s][debug][gc,heap        ] GC(119)   class space    used 1202K, capacity 1339K, committed 1408K, reserved 1048576K
[22.166s][info ][gc             ] GC(119) Pause Young (Normal) (G1 Evacuation Pause) 190M->4M(312M) 2.125ms
[22.166s][info ][gc,cpu         ] GC(119) User=0.00s Sys=0.01s Real=0.01s
[22.166s][info ][safepoint      ] Safepoint "G1CollectForAllocation", Time since last: 152066348 ns, Reaching safepoint: 95404 ns, At safepoint: 2316779 ns, Total: 2412183 ns
[22.305s][debug][gc,refine      ] Stopping 0
[22.306s][info ][gc,heap,exit   ] Heap
[22.306s][info ][gc,heap,exit   ]  garbage-first heap   total 319488K, used 173300K [0x0000000700000000, 0x0000000800000000)
[22.306s][info ][gc,heap,exit   ]   region size 1024K, 167 young (171008K), 1 survivors (1024K)
[22.306s][info ][gc,heap,exit   ]  Metaspace       used 10427K, capacity 10715K, committed 10880K, reserved 1058816K
[22.306s][info ][gc,heap,exit   ]   class space    used 1202K, capacity 1339K, committed 1408K, reserved 1048576K
