[0.008s][info][gc,heap] Heap region size: 1M
[0.008s][debug][gc,heap] Minimum heap 8388608  Initial heap 268435456  Maximum heap 4294967296
[0.008s][info ][gc,heap,coops] Heap address: 0x0000000700000000, size: 4096 MB, Compressed Oops mode: Zero based, Oop shift amount: 3
[0.008s][debug][gc           ] ConcGCThreads: 2 offset 16
[0.008s][debug][gc           ] ParallelGCThreads: 8
[0.009s][debug][gc           ] Initialize mark stack with 4096 chunks, maximum 16384
[0.009s][debug][gc,ergo,heap ] Expand the heap. requested expansion amount: 268435456B expansion amount: 268435456B
[0.011s][debug][gc,ihop      ] Target occupancy update: old: 0B, new: 268435456B
[0.011s][debug][gc,ergo,refine] Initial Refinement Zones: green: 2048, yellow: 6144, red: 10240, min yellow size: 4096
[0.012s][info ][gc            ] Using G1
[0.012s][debug][gc,ergo,heap  ] Attempt heap expansion (allocate archive regions). Total size: 1048576B
[0.013s][info ][gc,cds        ] Mark closed archive regions in map: [0x00000007bff00000, 0x00000007bff7aff8]
[0.013s][debug][gc,ergo,heap  ] Attempt heap expansion (allocate archive regions). Total size: 1048576B
[0.013s][info ][gc,cds        ] Mark open archive regions in map: [0x00000007bfe00000, 0x00000007bfe50ff8]
[0.029s][info ][gc            ] Periodic GC disabled
[1.532s][info ][safepoint     ] Safepoint "Cleanup", Time since last: 1513262090 ns, Reaching safepoint: 110963 ns, At safepoint: 3635 ns, Total: 114598 ns
[1.901s][info ][safepoint     ] Safepoint "BulkRevokeBias", Time since last: 368656413 ns, Reaching safepoint: 56621 ns, At safepoint: 48919 ns, Total: 105540 ns
[1.903s][info ][safepoint     ] Safepoint "BulkRevokeBias", Time since last: 1443239 ns, Reaching safepoint: 40654 ns, At safepoint: 96955 ns, Total: 137609 ns
[1.903s][info ][safepoint     ] Safepoint "BulkRevokeBias", Time since last: 399700 ns, Reaching safepoint: 20356 ns, At safepoint: 82723 ns, Total: 103079 ns
[2.005s][info ][safepoint     ] Safepoint "BulkRevokeBias", Time since last: 101773248 ns, Reaching safepoint: 97607 ns, At safepoint: 73020 ns, Total: 170627 ns
[3.384s][info ][safepoint     ] Safepoint "Cleanup", Time since last: 1378415735 ns, Reaching safepoint: 60610 ns, At safepoint: 2847 ns, Total: 63457 ns
[4.722s][info ][safepoint     ] Safepoint "Cleanup", Time since last: 1338310598 ns, Reaching safepoint: 52591 ns, At safepoint: 1514 ns, Total: 54105 ns
[6.358s][debug][gc,task       ] GC(0) Requesting 6 active workers for full compaction (waste limited workers: 8, adaptive workers: 6)
[6.358s][info ][gc,task       ] GC(0) Using 6 workers of 8 for full compaction
[6.358s][info ][gc,start      ] GC(0) Pause Full (System.gc())
[6.358s][debug][gc,heap       ] GC(0) Heap before GC invocations=0 (full 0): garbage-first heap   total 264192K, used 10032K [0x0000000700000000, 0x0000000800000000)
[6.358s][debug][gc,heap       ] GC(0)   region size 1024K, 10 young (10240K), 0 survivors (0K)
[6.358s][debug][gc,heap       ] GC(0)  Metaspace       used 10379K, capacity 10667K, committed 10880K, reserved 1058816K
[6.358s][debug][gc,heap       ] GC(0)   class space    used 1205K, capacity 1343K, committed 1408K, reserved 1048576K
[6.358s][debug][gc,tlab       ] GC(0) TLAB totals: thrds: 7  refills: 23 max: 14 slow allocs: 1 max 1 waste: 32.6% gc: 2044336B max: 480624B slow: 9416B max: 7624B fast: 0B max: 0B
[6.358s][debug][gc,alloc,region] GC(0) Mutator Allocation stats, regions: 10, wasted size: 0B ( 0.0%)
[6.359s][info ][gc,phases,start] GC(0) Phase 1: Mark live objects
[6.361s][debug][gc,phases,start] GC(0) Phase 1: Reference Processing
[6.361s][debug][gc,ref         ] GC(0) Skipped phase1 of Reference Processing due to unavailable references
[6.362s][debug][gc,phases,ref  ] GC(0) Reference Processing: 0.2ms
[6.362s][debug][gc,phases,ref  ] GC(0)   Reconsider SoftReferences: 0.0ms
[6.362s][debug][gc,phases,ref  ] GC(0)     SoftRef (ms):             skipped
[6.362s][debug][gc,phases,ref  ] GC(0)   Notify Soft/WeakReferences: 0.1ms
[6.362s][debug][gc,phases,ref  ] GC(0)     Balance queues: 0.0ms
[6.362s][debug][gc,phases,ref  ] GC(0)     SoftRef (ms):             Min:  0.0, Avg:  0.0, Max:  0.0, Diff:  0.0, Sum:  0.0, Workers: 2
[6.362s][debug][gc,phases,ref  ] GC(0)     WeakRef (ms):             Min:  0.0, Avg:  0.0, Max:  0.0, Diff:  0.0, Sum:  0.0, Workers: 2
[6.362s][debug][gc,phases,ref  ] GC(0)     FinalRef (ms):            Min:  0.0, Avg:  0.0, Max:  0.0, Diff:  0.0, Sum:  0.0, Workers: 2
[6.362s][debug][gc,phases,ref  ] GC(0)     Total (ms):               Min:  0.0, Avg:  0.0, Max:  0.0, Diff:  0.0, Sum:  0.1, Workers: 2
[6.362s][debug][gc,phases,ref  ] GC(0)   Notify and keep alive finalizable: 0.0ms
[6.362s][debug][gc,phases,ref  ] GC(0)     Balance queues: 0.0ms
[6.362s][debug][gc,phases,ref  ] GC(0)     FinalRef (ms):            Min:  0.0, Avg:  0.0, Max:  0.0, Diff:  0.0, Sum:  0.1, Workers: 6
[6.362s][debug][gc,phases,ref  ] GC(0)   Notify PhantomReferences: 0.0ms
[6.362s][debug][gc,phases,ref  ] GC(0)     PhantomRef (ms):          Min:  0.0, Avg:  0.0, Max:  0.0, Diff:  0.0, Sum:  0.0, Workers: 1
[6.362s][debug][gc,phases,ref  ] GC(0)   SoftReference:
[6.362s][debug][gc,phases,ref  ] GC(0)     Discovered: 0
[6.362s][debug][gc,phases,ref  ] GC(0)     Cleared: 0
[6.362s][debug][gc,phases,ref  ] GC(0)   WeakReference:
[6.362s][debug][gc,phases,ref  ] GC(0)     Discovered: 469
[6.362s][debug][gc,phases,ref  ] GC(0)     Cleared: 314
[6.362s][debug][gc,phases,ref  ] GC(0)   FinalReference:
[6.362s][debug][gc,phases,ref  ] GC(0)     Discovered: 858
[6.362s][debug][gc,phases,ref  ] GC(0)     Cleared: 782
[6.362s][debug][gc,phases,ref  ] GC(0)   PhantomReference:
[6.362s][debug][gc,phases,ref  ] GC(0)     Discovered: 254
[6.362s][debug][gc,phases,ref  ] GC(0)     Cleared: 30
[6.362s][debug][gc,phases      ] GC(0) Phase 1: Reference Processing 0.518ms
[6.362s][debug][gc,phases,start] GC(0) Phase 1: Weak Processing
[6.362s][debug][gc,phases      ] GC(0)   JVMTI weak processing: 0.0ms
[6.362s][debug][gc,phases      ] GC(0)     Dead: 0
[6.362s][debug][gc,phases      ] GC(0)     Total: 0
[6.362s][debug][gc,phases      ] GC(0)   JFR weak processing: 0.0ms
[6.362s][debug][gc,phases      ] GC(0)     Dead: 0
[6.362s][debug][gc,phases      ] GC(0)     Total: 0
[6.362s][debug][gc,phases      ] GC(0)   JNI weak                  Min:  0.0, Avg:  0.0, Max:  0.0, Diff:  0.0, Sum:  0.0, Workers: 5
[6.362s][debug][gc,phases      ] GC(0)     Dead                      Min: 0, Avg:  0.6, Max: 3, Diff: 3, Sum: 3, Workers: 5
[6.362s][debug][gc,phases      ] GC(0)     Total                     Min: 0, Avg: 10.6, Max: 53, Diff: 53, Sum: 53, Workers: 5
[6.362s][debug][gc,phases      ] GC(0)   VM weak                   Min:  0.0, Avg:  0.0, Max:  0.0, Diff:  0.0, Sum:  0.0, Workers: 5
[6.362s][debug][gc,phases      ] GC(0)     Dead                      Min: 0, Avg:  0.0, Max: 0, Diff: 0, Sum: 0, Workers: 5
[6.362s][debug][gc,phases      ] GC(0)     Total                     Min: 0, Avg: 44.8, Max: 64, Diff: 64, Sum: 224, Workers: 5
[6.362s][debug][gc,phases      ] GC(0)   StringTable weak          Min:  0.0, Avg:  0.0, Max:  0.0, Diff:  0.0, Sum:  0.1, Workers: 5
[6.362s][debug][gc,phases      ] GC(0)     Dead                      Min: 0, Avg:  1.2, Max: 3, Diff: 3, Sum: 6, Workers: 5
[6.362s][debug][gc,phases      ] GC(0)     Total                     Min: 0, Avg: 719.6, Max: 960, Diff: 960, Sum: 3598, Workers: 5
[6.362s][debug][gc,phases      ] GC(0)   ResolvedMethodTable weak  Min:  0.0, Avg:  0.0, Max:  0.0, Diff:  0.0, Sum:  0.0, Workers: 5
[6.362s][debug][gc,phases      ] GC(0)     Dead                      Min: 0, Avg:  0.8, Max: 2, Diff: 2, Sum: 4, Workers: 5
[6.362s][debug][gc,phases      ] GC(0)     Total                     Min: 0, Avg: 117.8, Max: 192, Diff: 192, Sum: 589, Workers: 5
[6.362s][debug][gc,phases      ] GC(0) Phase 1: Weak Processing 0.213ms
[6.362s][debug][gc,phases,start] GC(0) Phase 1: Class Unloading and Cleanup
[6.362s][debug][gc,phases,start] GC(0) ClassLoaderData
[6.362s][debug][gc,phases      ] GC(0) ClassLoaderData 0.020ms
[6.362s][debug][gc,phases,start] GC(0) Trigger cleanups
[6.362s][debug][gc,phases      ] GC(0) Trigger cleanups 0.007ms
[6.363s][debug][gc,phases      ] GC(0) Phase 1: Class Unloading and Cleanup 0.545ms
[6.363s][info ][gc,phases      ] GC(0) Phase 1: Mark live objects 4.129ms
[6.363s][info ][gc,phases,start] GC(0) Phase 2: Prepare for compaction
[6.364s][info ][gc,phases      ] GC(0) Phase 2: Prepare for compaction 0.861ms
[6.364s][info ][gc,phases,start] GC(0) Phase 3: Adjust pointers
[6.365s][info ][gc,phases      ] GC(0) Phase 3: Adjust pointers 1.388ms
[6.365s][info ][gc,phases,start] GC(0) Phase 4: Compact heap
[6.366s][info ][gc,phases      ] GC(0) Phase 4: Compact heap 1.437ms
[6.367s][debug][gc,ergo,heap   ] GC(0) Attempt heap shrinking (capacity higher than max desired capacity). Capacity: 270532608B occupancy: 8388608B live: 3699696B maximum_desired_capacity: 27962026B (70 %)
[6.369s][debug][gc,ergo,heap   ] GC(0) Shrink the heap. requested shrinking amount: 242570582B aligned shrinking amount: 242221056B attempted shrinking amount: 242221056B
[6.369s][debug][gc,ihop        ] GC(0) Target occupancy update: old: 268435456B, new: 28311552B
[6.369s][info ][gc,heap        ] GC(0) Eden regions: 10->0(8)
[6.369s][info ][gc,heap        ] GC(0) Survivor regions: 0->0(0)
[6.369s][info ][gc,heap        ] GC(0) Old regions: 0->6
[6.369s][info ][gc,heap        ] GC(0) Archive regions: 2->2
[6.369s][info ][gc,heap        ] GC(0) Humongous regions: 0->0
[6.369s][info ][gc,metaspace   ] GC(0) Metaspace: 10379K(10880K)->10379K(10880K) NonClass: 9173K(9472K)->9173K(9472K) Class: 1205K(1408K)->1205K(1408K)
[6.369s][debug][gc,heap        ] GC(0) Heap after GC invocations=1 (full 1): garbage-first heap   total 27648K, used 3612K [0x0000000700000000, 0x0000000800000000)
[6.369s][debug][gc,heap        ] GC(0)   region size 1024K, 0 young (0K), 0 survivors (0K)
[6.369s][debug][gc,heap        ] GC(0)  Metaspace       used 10379K, capacity 10667K, committed 10880K, reserved 1058816K
[6.370s][debug][gc,heap        ] GC(0)   class space    used 1205K, capacity 1343K, committed 1408K, reserved 1048576K
[6.370s][info ][gc             ] GC(0) Pause Full (System.gc()) 10M->3M(27M) 11.168ms
[6.370s][info ][gc,cpu         ] GC(0) User=0.03s Sys=0.01s Real=0.02s
[6.370s][info ][safepoint      ] Safepoint "G1CollectFull", Time since last: 1635698192 ns, Reaching safepoint: 94776 ns, At safepoint: 11886323 ns, Total: 11981099 ns
[6.377s][info ][safepoint      ] Safepoint "BulkRevokeBias", Time since last: 7368415 ns, Reaching safepoint: 134029 ns, At safepoint: 143689 ns, Total: 277718 ns
[6.403s][debug][gc,heap        ] GC(1) Heap before GC invocations=1 (full 1): garbage-first heap   total 27648K, used 11804K [0x0000000700000000, 0x0000000800000000)
[6.403s][debug][gc,heap        ] GC(1)   region size 1024K, 8 young (8192K), 0 survivors (0K)
[6.403s][debug][gc,heap        ] GC(1)  Metaspace       used 10449K, capacity 10795K, committed 11136K, reserved 1058816K
[6.403s][debug][gc,heap        ] GC(1)   class space    used 1213K, capacity 1343K, committed 1408K, reserved 1048576K
[6.403s][info ][gc,start       ] GC(1) Pause Young (Normal) (G1 Evacuation Pause)
[6.404s][info ][gc,task        ] GC(1) Using 8 workers of 8 for evacuation
[6.404s][debug][gc,tlab        ] GC(1) TLAB totals: thrds: 13  refills: 180 max: 27 slow allocs: 1 max 1 waste: 11.5% gc: 815872B max: 167672B slow: 99840B max: 15744B fast: 0B max: 0B
[6.404s][debug][gc,age         ] GC(1) Desired survivor size 524288 bytes, new threshold 15 (max threshold 15)
[6.404s][debug][gc,alloc,region] GC(1) Mutator Allocation stats, regions: 8, wasted size: 0B ( 0.0%)
[6.404s][debug][gc,ergo        ] GC(1) Running G1 Merge Heap Roots using 8 workers for 8 regions
[6.404s][debug][gc,remset      ] GC(1) Visited cards 5632 Total dirty 12288 (45.83%) Total old 49152 (11.46%)
[6.405s][debug][gc,ergo        ] GC(1) Running G1 Clear Card Table Task using 1 workers for 1 units of work for 14 regions.
[6.405s][debug][gc,ref         ] GC(1) Skipped phase1 of Reference Processing due to unavailable references
[6.405s][debug][gc,ref         ] GC(1) Skipped phase3 of Reference Processing due to unavailable references
[6.405s][debug][gc,ergo        ] GC(1) Running G1 Free Collection Set using 8 workers for collection set length 8 (27)
[6.405s][debug][gc,ergo        ] GC(1) Running G1 Rebuild Free List Task using 8 workers for rebuilding free list of 0 (4096) regions
[6.405s][trace][gc,age         ] GC(1) Age table with threshold 15 (max threshold 15)
[6.405s][trace][gc,age         ] GC(1) - age   1:     515472 bytes,     515472 total
[6.405s][debug][gc,plab        ] GC(1) Young PLAB allocation: allocated: 45056B, wasted: 296B, unused: 22072B, used: 22688B, undo waste: 0B, 
[6.405s][debug][gc,plab        ] GC(1) Young other allocation: region end waste: 0B, regions filled: 1, direct allocated: 492784B, failure used: 0B, failure wasted: 0B
[6.405s][debug][gc,plab        ] GC(1) Young sizing: calculated: 4536B, actual: 4536B
[6.405s][debug][gc,plab        ] GC(1) Old PLAB allocation: allocated: 0B, wasted: 0B, unused: 0B, used: 0B, undo waste: 0B, 
[6.405s][debug][gc,plab        ] GC(1) Old other allocation: region end waste: 0B, regions filled: 0, direct allocated: 0B, failure used: 0B, failure wasted: 0B
[6.405s][debug][gc,plab        ] GC(1) Old sizing: calculated: 0B, actual: 2064B
[6.405s][debug][gc,ihop        ] GC(1) Basic information (value update), threshold: 12740198B (45.00), target occupancy: 28311552B, current occupancy: 4237536B, recent allocation size: 0B, recent allocation duration: 34.19ms, recent old gen allocation rate: 0.00B/s, recent marking phase length: 0.00ms
[6.405s][debug][gc,ihop        ] GC(1) Adaptive IHOP information (value update), threshold: 12740198B (47.37), internal target occupancy: 26895974B, occupancy: 4237536B, additional buffer size: 9437184B, predicted old gen allocation rate: 0.00B/s, predicted marking phase length: 0.00ms, prediction active: false
[6.405s][debug][gc,ergo,refine ] GC(1) Concurrent refinement times: Logged Cards Scan time goal: 20.00ms Logged Cards Scan time: 0.08ms HCC time: 0.00ms
[6.405s][debug][gc,ergo,refine ] GC(1) Updated Refinement Zones: green: 2048, yellow: 6144, red: 10240
[6.405s][info ][gc,phases      ] GC(1)   Pre Evacuate Collection Set: 0.1ms
[6.405s][debug][gc,phases      ] GC(1)     Prepare TLABs: 0.0ms
[6.405s][debug][gc,phases      ] GC(1)     Choose Collection Set: 0.0ms
[6.405s][debug][gc,phases      ] GC(1)     Region Register: 0.1ms
[6.405s][debug][gc,phases      ] GC(1)     Prepare Heap Roots: 0.0ms
[6.405s][info ][gc,phases      ] GC(1)   Merge Heap Roots: 0.1ms
[6.405s][debug][gc,phases      ] GC(1)     Prepare Merge Heap Roots: 0.0ms
[6.405s][debug][gc,phases      ] GC(1)     Eager Reclaim (ms):       skipped
[6.405s][debug][gc,phases      ] GC(1)     Remembered Sets (ms):     Min:  0.0, Avg:  0.0, Max:  0.0, Diff:  0.0, Sum:  0.0, Workers: 8
[6.405s][debug][gc,phases      ] GC(1)       Merged Sparse:            Min: 0, Avg:  0.0, Max: 0, Diff: 0, Sum: 0, Workers: 8
[6.405s][debug][gc,phases      ] GC(1)       Merged Fine:              Min: 0, Avg:  0.0, Max: 0, Diff: 0, Sum: 0, Workers: 8
[6.405s][debug][gc,phases      ] GC(1)       Merged Coarse:            Min: 0, Avg:  0.0, Max: 0, Diff: 0, Sum: 0, Workers: 8
[6.405s][debug][gc,phases      ] GC(1)       Dirty Cards:              Min: 0, Avg:  0.0, Max: 0, Diff: 0, Sum: 0, Workers: 8
[6.405s][debug][gc,phases      ] GC(1)     Hot Card Cache (ms):      Min:  0.0, Avg:  0.0, Max:  0.0, Diff:  0.0, Sum:  0.0, Workers: 8
[6.405s][debug][gc,phases      ] GC(1)       Dirty Cards:              Min: 0, Avg:  0.0, Max: 0, Diff: 0, Sum: 0, Workers: 8
[6.405s][debug][gc,phases      ] GC(1)       Skipped Cards:            Min: 0, Avg:  0.0, Max: 0, Diff: 0, Sum: 0, Workers: 8
[6.405s][debug][gc,phases      ] GC(1)     Log Buffers (ms):         Min:  0.0, Avg:  0.0, Max:  0.0, Diff:  0.0, Sum:  0.0, Workers: 8
[6.405s][debug][gc,phases      ] GC(1)       Dirty Cards:              Min: 0, Avg: 60.2, Max: 256, Diff: 256, Sum: 482, Workers: 8
[6.405s][debug][gc,phases      ] GC(1)       Skipped Cards:            Min: 0, Avg:  0.0, Max: 0, Diff: 0, Sum: 0, Workers: 8
[6.405s][info ][gc,phases      ] GC(1)   Evacuate Collection Set: 0.7ms
[6.405s][debug][gc,phases      ] GC(1)     Ext Root Scanning (ms):   Min:  0.0, Avg:  0.2, Max:  0.6, Diff:  0.6, Sum:  1.2, Workers: 8
[6.405s][debug][gc,phases      ] GC(1)     Scan Heap Roots (ms):     Min:  0.0, Avg:  0.1, Max:  0.1, Diff:  0.1, Sum:  0.6, Workers: 8
[6.405s][debug][gc,phases      ] GC(1)       Scanned Cards:            Min: 0, Avg: 60.2, Max: 119, Diff: 119, Sum: 482, Workers: 8
[6.405s][debug][gc,phases      ] GC(1)       Scanned Blocks:           Min: 0, Avg: 40.1, Max: 77, Diff: 77, Sum: 321, Workers: 8
[6.405s][debug][gc,phases      ] GC(1)       Claimed Chunks:           Min: 0, Avg:  2.8, Max: 6, Diff: 6, Sum: 22, Workers: 8
[6.405s][debug][gc,phases      ] GC(1)     Code Root Scan (ms):      Min:  0.0, Avg:  0.0, Max:  0.0, Diff:  0.0, Sum:  0.0, Workers: 8
[6.405s][debug][gc,phases      ] GC(1)     Object Copy (ms):         Min:  0.0, Avg:  0.1, Max:  0.4, Diff:  0.4, Sum:  1.0, Workers: 8
[6.405s][debug][gc,phases      ] GC(1)     Termination (ms):         Min:  0.0, Avg:  0.3, Max:  0.4, Diff:  0.3, Sum:  2.1, Workers: 8
[6.405s][debug][gc,phases      ] GC(1)       Termination Attempts:     Min: 1, Avg:  1.4, Max: 3, Diff: 2, Sum: 11, Workers: 8
[6.405s][debug][gc,phases      ] GC(1)     GC Worker Other (ms):     Min:  0.0, Avg:  0.0, Max:  0.0, Diff:  0.0, Sum:  0.1, Workers: 8
[6.405s][debug][gc,phases      ] GC(1)     GC Worker Total (ms):     Min:  0.4, Avg:  0.6, Max:  0.7, Diff:  0.3, Sum:  4.9, Workers: 8
[6.405s][info ][gc,phases      ] GC(1)   Post Evacuate Collection Set: 0.3ms
[6.405s][debug][gc,phases      ] GC(1)     Code Roots Fixup: 0.0ms
[6.405s][debug][gc,phases      ] GC(1)     Clear Card Table: 0.0ms
[6.405s][debug][gc,phases      ] GC(1)     Reference Processing: 0.0ms
[6.405s][debug][gc,phases,ref  ] GC(1)       Reconsider SoftReferences: 0.0ms
[6.405s][debug][gc,phases,ref  ] GC(1)         SoftRef (ms):             skipped
[6.405s][debug][gc,phases,ref  ] GC(1)       Notify Soft/WeakReferences: 0.0ms
[6.405s][debug][gc,phases,ref  ] GC(1)         SoftRef (ms):             Min:  0.0, Avg:  0.0, Max:  0.0, Diff:  0.0, Sum:  0.0, Workers: 1
[6.405s][debug][gc,phases,ref  ] GC(1)         WeakRef (ms):             Min:  0.0, Avg:  0.0, Max:  0.0, Diff:  0.0, Sum:  0.0, Workers: 1
[6.405s][debug][gc,phases,ref  ] GC(1)         FinalRef (ms):            Min:  0.0, Avg:  0.0, Max:  0.0, Diff:  0.0, Sum:  0.0, Workers: 1
[6.405s][debug][gc,phases,ref  ] GC(1)         Total (ms):               Min:  0.0, Avg:  0.0, Max:  0.0, Diff:  0.0, Sum:  0.0, Workers: 1
[6.405s][debug][gc,phases,ref  ] GC(1)       Notify and keep alive finalizable: 0.0ms
[6.405s][debug][gc,phases,ref  ] GC(1)         FinalRef (ms):            skipped
[6.405s][debug][gc,phases,ref  ] GC(1)       Notify PhantomReferences: 0.0ms
[6.405s][debug][gc,phases,ref  ] GC(1)         PhantomRef (ms):          Min:  0.0, Avg:  0.0, Max:  0.0, Diff:  0.0, Sum:  0.0, Workers: 1
[6.405s][debug][gc,phases,ref  ] GC(1)       SoftReference:
[6.405s][debug][gc,phases,ref  ] GC(1)         Discovered: 0
[6.405s][debug][gc,phases,ref  ] GC(1)         Cleared: 0
[6.405s][debug][gc,phases,ref  ] GC(1)       WeakReference:
[6.405s][debug][gc,phases,ref  ] GC(1)         Discovered: 6
[6.405s][debug][gc,phases,ref  ] GC(1)         Cleared: 1
[6.405s][debug][gc,phases,ref  ] GC(1)       FinalReference:
[6.405s][debug][gc,phases,ref  ] GC(1)         Discovered: 0
[6.405s][debug][gc,phases,ref  ] GC(1)         Cleared: 0
[6.405s][debug][gc,phases,ref  ] GC(1)       PhantomReference:
[6.405s][debug][gc,phases,ref  ] GC(1)         Discovered: 4
[6.405s][debug][gc,phases,ref  ] GC(1)         Cleared: 2
[6.405s][debug][gc,phases      ] GC(1)     Weak Processing: 0.0ms
[6.405s][debug][gc,phases      ] GC(1)       JVMTI weak processing: 0.0ms
[6.405s][debug][gc,phases      ] GC(1)         Dead: 0
[6.405s][debug][gc,phases      ] GC(1)         Total: 0
[6.405s][debug][gc,phases      ] GC(1)       JFR weak processing: 0.0ms
[6.405s][debug][gc,phases      ] GC(1)         Dead: 0
[6.405s][debug][gc,phases      ] GC(1)         Total: 0
[6.405s][debug][gc,phases      ] GC(1)       JNI weak                  Min:  0.0, Avg:  0.0, Max:  0.0, Diff:  0.0, Sum:  0.0, Workers: 5
[6.405s][debug][gc,phases      ] GC(1)         Dead                      Min: 0, Avg:  0.0, Max: 0, Diff: 0, Sum: 0, Workers: 5
[6.405s][debug][gc,phases      ] GC(1)         Total                     Min: 0, Avg: 13.2, Max: 52, Diff: 52, Sum: 66, Workers: 5
[6.405s][debug][gc,phases      ] GC(1)       VM weak                   Min:  0.0, Avg:  0.0, Max:  0.0, Diff:  0.0, Sum:  0.0, Workers: 5
[6.405s][debug][gc,phases      ] GC(1)         Dead                      Min: 0, Avg:  0.0, Max: 0, Diff: 0, Sum: 0, Workers: 5
[6.405s][debug][gc,phases      ] GC(1)         Total                     Min: 0, Avg: 44.8, Max: 96, Diff: 96, Sum: 224, Workers: 5
[6.406s][debug][gc,phases      ] GC(1)       StringTable weak          Min:  0.0, Avg:  0.0, Max:  0.0, Diff:  0.0, Sum:  0.1, Workers: 5
[6.406s][debug][gc,phases      ] GC(1)         Dead                      Min: 0, Avg:  0.2, Max: 1, Diff: 1, Sum: 1, Workers: 5
[6.406s][debug][gc,phases      ] GC(1)         Total                     Min: 0, Avg: 722.4, Max: 1216, Diff: 1216, Sum: 3612, Workers: 5
[6.406s][debug][gc,phases      ] GC(1)       ResolvedMethodTable weak  Min:  0.0, Avg:  0.0, Max:  0.0, Diff:  0.0, Sum:  0.0, Workers: 5
[6.406s][debug][gc,phases      ] GC(1)         Dead                      Min: 0, Avg:  0.0, Max: 0, Diff: 0, Sum: 0, Workers: 5
[6.406s][debug][gc,phases      ] GC(1)         Total                     Min: 0, Avg: 117.8, Max: 192, Diff: 192, Sum: 589, Workers: 5
[6.406s][debug][gc,phases      ] GC(1)     Merge Per-Thread State: 0.0ms
[6.406s][debug][gc,phases      ] GC(1)       Copied Bytes              Min: 120, Avg: 64434.0, Max: 402648, Diff: 402528, Sum: 515472, Workers: 8
[6.406s][debug][gc,phases      ] GC(1)       LAB Waste                 Min: 0, Avg: 37.0, Max: 248, Diff: 248, Sum: 296, Workers: 8
[6.406s][debug][gc,phases      ] GC(1)       LAB Undo Waste            Min: 0, Avg:  0.0, Max: 0, Diff: 0, Sum: 0, Workers: 8
[6.406s][debug][gc,phases      ] GC(1)     Code Roots Purge: 0.0ms
[6.406s][debug][gc,phases      ] GC(1)     Redirty Cards: 0.0ms
[6.406s][debug][gc,phases      ] GC(1)     DerivedPointerTable Update: 0.0ms
[6.406s][debug][gc,phases      ] GC(1)     Free Collection Set: 0.1ms
[6.406s][debug][gc,phases      ] GC(1)     Rebuild Free List: 0.0ms
[6.406s][debug][gc,phases      ] GC(1)     Humongous Reclaim: 0.0ms
[6.406s][debug][gc,phases      ] GC(1)     Start New Collection Set: 0.0ms
[6.406s][debug][gc,phases      ] GC(1)     Resize TLABs: 0.0ms
[6.406s][debug][gc,phases      ] GC(1)     Expand Heap After Collection: 0.0ms
[6.406s][info ][gc,phases      ] GC(1)   Other: 0.4ms
[6.406s][info ][gc,heap        ] GC(1) Eden regions: 8->0(8)
[6.406s][info ][gc,heap        ] GC(1) Survivor regions: 0->1(1)
[6.406s][info ][gc,heap        ] GC(1) Old regions: 6->6
[6.406s][info ][gc,heap        ] GC(1) Archive regions: 2->2
[6.406s][info ][gc,heap        ] GC(1) Humongous regions: 0->0
[6.406s][info ][gc,metaspace   ] GC(1) Metaspace: 10449K(11136K)->10449K(11136K) NonClass: 9236K(9728K)->9236K(9728K) Class: 1213K(1408K)->1213K(1408K)
[6.406s][debug][gc,heap        ] GC(1) Heap after GC invocations=2 (full 1): garbage-first heap   total 27648K, used 4138K [0x0000000700000000, 0x0000000800000000)
[6.406s][debug][gc,heap        ] GC(1)   region size 1024K, 1 young (1024K), 1 survivors (1024K)
[6.406s][debug][gc,heap        ] GC(1)  Metaspace       used 10449K, capacity 10795K, committed 11136K, reserved 1058816K
[6.406s][debug][gc,heap        ] GC(1)   class space    used 1213K, capacity 1343K, committed 1408K, reserved 1048576K
[6.406s][info ][gc             ] GC(1) Pause Young (Normal) (G1 Evacuation Pause) 11M->4M(27M) 2.309ms
[6.406s][info ][gc,cpu         ] GC(1) User=0.00s Sys=0.00s Real=0.00s
[6.406s][info ][safepoint      ] Safepoint "G1CollectForAllocation", Time since last: 25797840 ns, Reaching safepoint: 114324 ns, At safepoint: 2478012 ns, Total: 2592336 ns
[6.423s][debug][gc,heap        ] GC(2) Heap before GC invocations=2 (full 1): garbage-first heap   total 27648K, used 12330K [0x0000000700000000, 0x0000000800000000)
[6.423s][debug][gc,heap        ] GC(2)   region size 1024K, 9 young (9216K), 1 survivors (1024K)
[6.423s][debug][gc,heap        ] GC(2)  Metaspace       used 10450K, capacity 10795K, committed 11136K, reserved 1058816K
[6.423s][debug][gc,heap        ] GC(2)   class space    used 1213K, capacity 1343K, committed 1408K, reserved 1048576K
[6.423s][info ][gc,start       ] GC(2) Pause Young (Normal) (G1 Evacuation Pause)
[6.423s][info ][gc,task        ] GC(2) Using 8 workers of 8 for evacuation
[6.423s][debug][gc,tlab        ] GC(2) TLAB totals: thrds: 10  refills: 291 max: 43 slow allocs: 0 max 0 waste:  5.0% gc: 254480B max: 85416B slow: 165072B max: 24592B fast: 0B max: 0B
[6.423s][debug][gc,age         ] GC(2) Desired survivor size 1048576 bytes, new threshold 15 (max threshold 15)
[6.423s][debug][gc,alloc,region] GC(2) Mutator Allocation stats, regions: 8, wasted size: 0B ( 0.0%)
[6.424s][debug][gc,ergo        ] GC(2) Running G1 Merge Heap Roots using 8 workers for 9 regions
[6.424s][debug][gc,remset      ] GC(2) Visited cards 4608 Total dirty 12288 (37.50%) Total old 53248 (8.65%)
[6.424s][debug][gc,ergo        ] GC(2) Running G1 Clear Card Table Task using 1 workers for 1 units of work for 15 regions.
[6.424s][debug][gc,ref         ] GC(2) Skipped phase1 of Reference Processing due to unavailable references
[6.424s][debug][gc,ref         ] GC(2) Skipped phase3 of Reference Processing due to unavailable references
[6.424s][debug][gc,ref         ] GC(2) Skipped phase4 of Reference Processing due to unavailable references
[6.424s][debug][gc,ergo        ] GC(2) Running G1 Free Collection Set using 8 workers for collection set length 9 (27)
[6.424s][debug][gc,ergo        ] GC(2) Running G1 Rebuild Free List Task using 8 workers for rebuilding free list of 0 (4096) regions
[6.424s][trace][gc,age         ] GC(2) Age table with threshold 15 (max threshold 15)
[6.424s][trace][gc,age         ] GC(2) - age   1:       1512 bytes,       1512 total
[6.424s][trace][gc,age         ] GC(2) - age   2:     512968 bytes,     514480 total
[6.424s][debug][gc,plab        ] GC(2) Young PLAB allocation: allocated: 28896B, wasted: 192B, unused: 9216B, used: 19488B, undo waste: 368B, 
[6.424s][debug][gc,plab        ] GC(2) Young other allocation: region end waste: 0B, regions filled: 1, direct allocated: 495360B, failure used: 0B, failure wasted: 0B
[6.424s][debug][gc,plab        ] GC(2) Young sizing: calculated: 3896B, actual: 4056B
[6.424s][debug][gc,plab        ] GC(2) Old PLAB allocation: allocated: 0B, wasted: 0B, unused: 0B, used: 0B, undo waste: 0B, 
[6.424s][debug][gc,plab        ] GC(2) Old other allocation: region end waste: 0B, regions filled: 0, direct allocated: 0B, failure used: 0B, failure wasted: 0B
[6.424s][debug][gc,plab        ] GC(2) Old sizing: calculated: 0B, actual: 2064B
[6.424s][debug][gc,ihop        ] GC(2) Basic information (value update), threshold: 12740198B (45.00), target occupancy: 28311552B, current occupancy: 4223952B, recent allocation size: 0B, recent allocation duration: 18.56ms, recent old gen allocation rate: 0.00B/s, recent marking phase length: 0.00ms
[6.424s][debug][gc,ihop        ] GC(2) Adaptive IHOP information (value update), threshold: 12740198B (47.37), internal target occupancy: 26895974B, occupancy: 4223952B, additional buffer size: 10485760B, predicted old gen allocation rate: 0.00B/s, predicted marking phase length: 0.00ms, prediction active: false
[6.424s][debug][gc,ergo,refine ] GC(2) Concurrent refinement times: Logged Cards Scan time goal: 20.00ms Logged Cards Scan time: 0.02ms HCC time: 0.00ms
[6.424s][debug][gc,ergo,refine ] GC(2) Updated Refinement Zones: green: 2048, yellow: 6144, red: 10240
[6.424s][info ][gc,phases      ] GC(2)   Pre Evacuate Collection Set: 0.1ms
[6.424s][debug][gc,phases      ] GC(2)     Prepare TLABs: 0.0ms
[6.424s][debug][gc,phases      ] GC(2)     Choose Collection Set: 0.0ms
[6.425s][debug][gc,phases      ] GC(2)     Region Register: 0.0ms
[6.425s][debug][gc,phases      ] GC(2)     Prepare Heap Roots: 0.0ms
[6.425s][info ][gc,phases      ] GC(2)   Merge Heap Roots: 0.1ms
[6.425s][debug][gc,phases      ] GC(2)     Prepare Merge Heap Roots: 0.0ms
[6.425s][debug][gc,phases      ] GC(2)     Eager Reclaim (ms):       skipped
[6.425s][debug][gc,phases      ] GC(2)     Remembered Sets (ms):     Min:  0.0, Avg:  0.0, Max:  0.0, Diff:  0.0, Sum:  0.0, Workers: 8
[6.425s][debug][gc,phases      ] GC(2)       Merged Sparse:            Min: 0, Avg:  0.0, Max: 0, Diff: 0, Sum: 0, Workers: 8
[6.425s][debug][gc,phases      ] GC(2)       Merged Fine:              Min: 0, Avg:  0.0, Max: 0, Diff: 0, Sum: 0, Workers: 8
[6.425s][debug][gc,phases      ] GC(2)       Merged Coarse:            Min: 0, Avg:  0.0, Max: 0, Diff: 0, Sum: 0, Workers: 8
[6.425s][debug][gc,phases      ] GC(2)       Dirty Cards:              Min: 0, Avg:  0.0, Max: 0, Diff: 0, Sum: 0, Workers: 8
[6.425s][debug][gc,phases      ] GC(2)     Hot Card Cache (ms):      Min:  0.0, Avg:  0.0, Max:  0.0, Diff:  0.0, Sum:  0.0, Workers: 8
[6.425s][debug][gc,phases      ] GC(2)       Dirty Cards:              Min: 0, Avg:  0.0, Max: 0, Diff: 0, Sum: 0, Workers: 8
[6.425s][debug][gc,phases      ] GC(2)       Skipped Cards:            Min: 0, Avg:  0.0, Max: 0, Diff: 0, Sum: 0, Workers: 8
[6.425s][debug][gc,phases      ] GC(2)     Log Buffers (ms):         Min:  0.0, Avg:  0.0, Max:  0.0, Diff:  0.0, Sum:  0.0, Workers: 8
[6.425s][debug][gc,phases      ] GC(2)       Dirty Cards:              Min: 0, Avg:  8.0, Max: 28, Diff: 28, Sum: 64, Workers: 8
[6.425s][debug][gc,phases      ] GC(2)       Skipped Cards:            Min: 0, Avg:  0.0, Max: 0, Diff: 0, Sum: 0, Workers: 8
[6.425s][info ][gc,phases      ] GC(2)   Evacuate Collection Set: 0.5ms
[6.425s][debug][gc,phases      ] GC(2)     Ext Root Scanning (ms):   Min:  0.0, Avg:  0.1, Max:  0.1, Diff:  0.1, Sum:  0.6, Workers: 8
[6.425s][debug][gc,phases      ] GC(2)     Scan Heap Roots (ms):     Min:  0.0, Avg:  0.0, Max:  0.0, Diff:  0.0, Sum:  0.1, Workers: 8
[6.425s][debug][gc,phases      ] GC(2)       Scanned Cards:            Min: 0, Avg:  7.8, Max: 15, Diff: 15, Sum: 62, Workers: 8
[6.425s][debug][gc,phases      ] GC(2)       Scanned Blocks:           Min: 0, Avg:  6.1, Max: 11, Diff: 11, Sum: 49, Workers: 8
[6.425s][debug][gc,phases      ] GC(2)       Claimed Chunks:           Min: 0, Avg:  2.2, Max: 5, Diff: 5, Sum: 18, Workers: 8
[6.425s][debug][gc,phases      ] GC(2)     Code Root Scan (ms):      Min:  0.0, Avg:  0.0, Max:  0.0, Diff:  0.0, Sum:  0.0, Workers: 8
[6.425s][debug][gc,phases      ] GC(2)     Object Copy (ms):         Min:  0.0, Avg:  0.1, Max:  0.3, Diff:  0.3, Sum:  0.5, Workers: 8
[6.425s][debug][gc,phases      ] GC(2)     Termination (ms):         Min:  0.0, Avg:  0.2, Max:  0.4, Diff:  0.4, Sum:  1.8, Workers: 8
[6.425s][debug][gc,phases      ] GC(2)       Termination Attempts:     Min: 1, Avg:  1.0, Max: 1, Diff: 0, Sum: 8, Workers: 8
[6.425s][debug][gc,phases      ] GC(2)     GC Worker Other (ms):     Min:  0.0, Avg:  0.0, Max:  0.0, Diff:  0.0, Sum:  0.1, Workers: 8
[6.425s][debug][gc,phases      ] GC(2)     GC Worker Total (ms):     Min:  0.3, Avg:  0.4, Max:  0.5, Diff:  0.2, Sum:  3.0, Workers: 8
[6.425s][info ][gc,phases      ] GC(2)   Post Evacuate Collection Set: 0.2ms
[6.425s][debug][gc,phases      ] GC(2)     Code Roots Fixup: 0.0ms
[6.425s][debug][gc,phases      ] GC(2)     Clear Card Table: 0.0ms
[6.425s][debug][gc,phases      ] GC(2)     Reference Processing: 0.0ms
[6.425s][debug][gc,phases,ref  ] GC(2)       Reconsider SoftReferences: 0.0ms
[6.425s][debug][gc,phases,ref  ] GC(2)         SoftRef (ms):             skipped
[6.425s][debug][gc,phases,ref  ] GC(2)       Notify Soft/WeakReferences: 0.0ms
[6.425s][debug][gc,phases,ref  ] GC(2)         SoftRef (ms):             Min:  0.0, Avg:  0.0, Max:  0.0, Diff:  0.0, Sum:  0.0, Workers: 1
[6.425s][debug][gc,phases,ref  ] GC(2)         WeakRef (ms):             Min:  0.0, Avg:  0.0, Max:  0.0, Diff:  0.0, Sum:  0.0, Workers: 1
[6.425s][debug][gc,phases,ref  ] GC(2)         FinalRef (ms):            Min:  0.0, Avg:  0.0, Max:  0.0, Diff:  0.0, Sum:  0.0, Workers: 1
[6.425s][debug][gc,phases,ref  ] GC(2)         Total (ms):               Min:  0.0, Avg:  0.0, Max:  0.0, Diff:  0.0, Sum:  0.0, Workers: 1
[6.425s][debug][gc,phases,ref  ] GC(2)       Notify and keep alive finalizable: 0.0ms
[6.425s][debug][gc,phases,ref  ] GC(2)         FinalRef (ms):            skipped
[6.425s][debug][gc,phases,ref  ] GC(2)       Notify PhantomReferences: 0.0ms
[6.425s][debug][gc,phases,ref  ] GC(2)         PhantomRef (ms):          skipped
[6.425s][debug][gc,phases,ref  ] GC(2)       SoftReference:
[6.425s][debug][gc,phases,ref  ] GC(2)         Discovered: 0
[6.425s][debug][gc,phases,ref  ] GC(2)         Cleared: 0
[6.425s][debug][gc,phases,ref  ] GC(2)       WeakReference:
[6.425s][debug][gc,phases,ref  ] GC(2)         Discovered: 2
[6.425s][debug][gc,phases,ref  ] GC(2)         Cleared: 1
[6.425s][debug][gc,phases,ref  ] GC(2)       FinalReference:
[6.425s][debug][gc,phases,ref  ] GC(2)         Discovered: 0
[6.425s][debug][gc,phases,ref  ] GC(2)         Cleared: 0
[6.425s][debug][gc,phases,ref  ] GC(2)       PhantomReference:
[6.425s][debug][gc,phases,ref  ] GC(2)         Discovered: 0
[6.425s][debug][gc,phases,ref  ] GC(2)         Cleared: 0
[6.425s][debug][gc,phases      ] GC(2)     Weak Processing: 0.0ms
[6.425s][debug][gc,phases      ] GC(2)       JVMTI weak processing: 0.0ms
[6.425s][debug][gc,phases      ] GC(2)         Dead: 0
[6.425s][debug][gc,phases      ] GC(2)         Total: 0
[6.425s][debug][gc,phases      ] GC(2)       JFR weak processing: 0.0ms
[6.425s][debug][gc,phases      ] GC(2)         Dead: 0
[6.425s][debug][gc,phases      ] GC(2)         Total: 0
[6.425s][debug][gc,phases      ] GC(2)       JNI weak                  Min:  0.0, Avg:  0.0, Max:  0.0, Diff:  0.0, Sum:  0.0, Workers: 5
[6.425s][debug][gc,phases      ] GC(2)         Dead                      Min: 0, Avg:  0.0, Max: 0, Diff: 0, Sum: 0, Workers: 5
[6.425s][debug][gc,phases      ] GC(2)         Total                     Min: 0, Avg: 13.2, Max: 52, Diff: 52, Sum: 66, Workers: 5
[6.425s][debug][gc,phases      ] GC(2)       VM weak                   Min:  0.0, Avg:  0.0, Max:  0.0, Diff:  0.0, Sum:  0.0, Workers: 5
[6.425s][debug][gc,phases      ] GC(2)         Dead                      Min: 0, Avg:  0.0, Max: 0, Diff: 0, Sum: 0, Workers: 5
[6.425s][debug][gc,phases      ] GC(2)         Total                     Min: 0, Avg: 44.8, Max: 96, Diff: 96, Sum: 224, Workers: 5
[6.425s][debug][gc,phases      ] GC(2)       StringTable weak          Min:  0.0, Avg:  0.0, Max:  0.0, Diff:  0.0, Sum:  0.1, Workers: 5
[6.425s][debug][gc,phases      ] GC(2)         Dead                      Min: 0, Avg:  0.0, Max: 0, Diff: 0, Sum: 0, Workers: 5
[6.425s][debug][gc,phases      ] GC(2)         Total                     Min: 0, Avg: 722.4, Max: 959, Diff: 959, Sum: 3612, Workers: 5
[6.425s][debug][gc,phases      ] GC(2)       ResolvedMethodTable weak  Min:  0.0, Avg:  0.0, Max:  0.0, Diff:  0.0, Sum:  0.0, Workers: 5
[6.425s][debug][gc,phases      ] GC(2)         Dead                      Min: 0, Avg:  0.0, Max: 0, Diff: 0, Sum: 0, Workers: 5
[6.425s][debug][gc,phases      ] GC(2)         Total                     Min: 0, Avg: 117.8, Max: 192, Diff: 192, Sum: 589, Workers: 5
[6.425s][debug][gc,phases      ] GC(2)     Merge Per-Thread State: 0.0ms
[6.425s][debug][gc,phases      ] GC(2)       Copied Bytes              Min: 72, Avg: 64310.0, Max: 403536, Diff: 403464, Sum: 514480, Workers: 8
[6.425s][debug][gc,phases      ] GC(2)       LAB Waste                 Min: 0, Avg: 24.0, Max: 120, Diff: 120, Sum: 192, Workers: 8
[6.425s][debug][gc,phases      ] GC(2)       LAB Undo Waste            Min: 0, Avg: 46.0, Max: 368, Diff: 368, Sum: 368, Workers: 8
[6.425s][debug][gc,phases      ] GC(2)     Code Roots Purge: 0.0ms
[6.425s][debug][gc,phases      ] GC(2)     Redirty Cards: 0.0ms
[6.425s][debug][gc,phases      ] GC(2)     DerivedPointerTable Update: 0.0ms
[6.425s][debug][gc,phases      ] GC(2)     Free Collection Set: 0.0ms
[6.425s][debug][gc,phases      ] GC(2)     Rebuild Free List: 0.0ms
[6.425s][debug][gc,phases      ] GC(2)     Humongous Reclaim: 0.0ms
[6.425s][debug][gc,phases      ] GC(2)     Start New Collection Set: 0.0ms
[6.425s][debug][gc,phases      ] GC(2)     Resize TLABs: 0.0ms
[6.425s][debug][gc,phases      ] GC(2)     Expand Heap After Collection: 0.0ms
[6.425s][info ][gc,phases      ] GC(2)   Other: 0.2ms
[6.425s][info ][gc,heap        ] GC(2) Eden regions: 8->0(9)
[6.425s][info ][gc,heap        ] GC(2) Survivor regions: 1->1(2)
[6.425s][info ][gc,heap        ] GC(2) Old regions: 6->6
[6.425s][info ][gc,heap        ] GC(2) Archive regions: 2->2
[6.425s][info ][gc,heap        ] GC(2) Humongous regions: 0->0
[6.425s][info ][gc,metaspace   ] GC(2) Metaspace: 10450K(11136K)->10450K(11136K) NonClass: 9237K(9728K)->9237K(9728K) Class: 1213K(1408K)->1213K(1408K)
[6.425s][debug][gc,heap        ] GC(2) Heap after GC invocations=3 (full 1): garbage-first heap   total 27648K, used 4124K [0x0000000700000000, 0x0000000800000000)
[6.425s][debug][gc,heap        ] GC(2)   region size 1024K, 1 young (1024K), 1 survivors (1024K)
[6.425s][debug][gc,heap        ] GC(2)  Metaspace       used 10450K, capacity 10795K, committed 11136K, reserved 1058816K
[6.425s][debug][gc,heap        ] GC(2)   class space    used 1213K, capacity 1343K, committed 1408K, reserved 1048576K
[6.425s][info ][gc             ] GC(2) Pause Young (Normal) (G1 Evacuation Pause) 12M->4M(27M) 1.714ms
[6.425s][info ][gc,cpu         ] GC(2) User=0.01s Sys=0.00s Real=0.00s
[6.425s][info ][safepoint      ] Safepoint "G1CollectForAllocation", Time since last: 17460824 ns, Reaching safepoint: 121401 ns, At safepoint: 2037647 ns, Total: 2159048 ns
[6.444s][debug][gc,heap        ] GC(3) Heap before GC invocations=3 (full 1): garbage-first heap   total 27648K, used 13340K [0x0000000700000000, 0x0000000800000000)
[6.444s][debug][gc,heap        ] GC(3)   region size 1024K, 10 young (10240K), 1 survivors (1024K)
[6.444s][debug][gc,heap        ] GC(3)  Metaspace       used 10456K, capacity 10795K, committed 11136K, reserved 1058816K
[6.444s][debug][gc,heap        ] GC(3)   class space    used 1213K, capacity 1343K, committed 1408K, reserved 1048576K
[6.444s][info ][gc,start       ] GC(3) Pause Young (Normal) (G1 Evacuation Pause)
[6.444s][info ][gc,task        ] GC(3) Using 8 workers of 8 for evacuation
[6.444s][debug][gc,tlab        ] GC(3) TLAB totals: thrds: 8  refills: 334 max: 50 slow allocs: 0 max 0 waste:  3.0% gc: 91968B max: 28384B slow: 191296B max: 28936B fast: 0B max: 0B
[6.444s][debug][gc,age         ] GC(3) Desired survivor size 1048576 bytes, new threshold 15 (max threshold 15)
[6.445s][debug][gc,alloc,region] GC(3) Mutator Allocation stats, regions: 9, wasted size: 1880B ( 0.0%)
[6.445s][debug][gc,ergo        ] GC(3) Running G1 Merge Heap Roots using 8 workers for 10 regions
[6.445s][debug][gc,remset      ] GC(3) Visited cards 4096 Total dirty 12288 (33.33%) Total old 57344 (7.14%)
[6.445s][debug][gc,ergo        ] GC(3) Running G1 Clear Card Table Task using 1 workers for 1 units of work for 16 regions.
[6.445s][debug][gc,ref         ] GC(3) Skipped phase1 of Reference Processing due to unavailable references
[6.445s][debug][gc,ref         ] GC(3) Skipped phase3 of Reference Processing due to unavailable references
[6.445s][debug][gc,ergo        ] GC(3) Running G1 Free Collection Set using 8 workers for collection set length 10 (27)
[6.445s][debug][gc,ergo        ] GC(3) Running G1 Rebuild Free List Task using 8 workers for rebuilding free list of 0 (4096) regions
[6.445s][trace][gc,age         ] GC(3) Age table with threshold 15 (max threshold 15)
[6.445s][trace][gc,age         ] GC(3) - age   1:       1200 bytes,       1200 total
[6.445s][trace][gc,age         ] GC(3) - age   2:        480 bytes,       1680 total
[6.445s][trace][gc,age         ] GC(3) - age   3:     512968 bytes,     514648 total
[6.445s][debug][gc,plab        ] GC(3) Young PLAB allocation: allocated: 28896B, wasted: 200B, unused: 9408B, used: 19288B, undo waste: 0B, 
[6.445s][debug][gc,plab        ] GC(3) Young other allocation: region end waste: 0B, regions filled: 1, direct allocated: 495360B, failure used: 0B, failure wasted: 0B
[6.445s][debug][gc,plab        ] GC(3) Young sizing: calculated: 3856B, actual: 3904B
[6.445s][debug][gc,plab        ] GC(3) Old PLAB allocation: allocated: 0B, wasted: 0B, unused: 0B, used: 0B, undo waste: 0B, 
[6.445s][debug][gc,plab        ] GC(3) Old other allocation: region end waste: 0B, regions filled: 0, direct allocated: 0B, failure used: 0B, failure wasted: 0B
[6.445s][debug][gc,plab        ] GC(3) Old sizing: calculated: 0B, actual: 2064B
[6.445s][debug][gc,ihop        ] GC(3) Basic information (value update), threshold: 12740198B (45.00), target occupancy: 28311552B, current occupancy: 4223952B, recent allocation size: 0B, recent allocation duration: 20.04ms, recent old gen allocation rate: 0.00B/s, recent marking phase length: 0.00ms
[6.445s][debug][gc,ihop        ] GC(3) Adaptive IHOP information (value update), threshold: 12740198B (47.37), internal target occupancy: 26895974B, occupancy: 4223952B, additional buffer size: 14680064B, predicted old gen allocation rate: 0.00B/s, predicted marking phase length: 0.00ms, prediction active: false
[6.445s][debug][gc,ergo,refine ] GC(3) Concurrent refinement times: Logged Cards Scan time goal: 20.00ms Logged Cards Scan time: 0.01ms HCC time: 0.00ms
[6.445s][debug][gc,ergo,refine ] GC(3) Updated Refinement Zones: green: 2048, yellow: 6144, red: 10240
[6.445s][info ][gc,phases      ] GC(3)   Pre Evacuate Collection Set: 0.1ms
[6.445s][debug][gc,phases      ] GC(3)     Prepare TLABs: 0.0ms
[6.445s][debug][gc,phases      ] GC(3)     Choose Collection Set: 0.0ms
[6.445s][debug][gc,phases      ] GC(3)     Region Register: 0.0ms
[6.445s][debug][gc,phases      ] GC(3)     Prepare Heap Roots: 0.0ms
[6.446s][info ][gc,phases      ] GC(3)   Merge Heap Roots: 0.1ms
[6.446s][debug][gc,phases      ] GC(3)     Prepare Merge Heap Roots: 0.0ms
[6.446s][debug][gc,phases      ] GC(3)     Eager Reclaim (ms):       skipped
[6.446s][debug][gc,phases      ] GC(3)     Remembered Sets (ms):     Min:  0.0, Avg:  0.0, Max:  0.0, Diff:  0.0, Sum:  0.0, Workers: 8
[6.446s][debug][gc,phases      ] GC(3)       Merged Sparse:            Min: 0, Avg:  0.0, Max: 0, Diff: 0, Sum: 0, Workers: 8
[6.446s][debug][gc,phases      ] GC(3)       Merged Fine:              Min: 0, Avg:  0.0, Max: 0, Diff: 0, Sum: 0, Workers: 8
[6.446s][debug][gc,phases      ] GC(3)       Merged Coarse:            Min: 0, Avg:  0.0, Max: 0, Diff: 0, Sum: 0, Workers: 8
[6.446s][debug][gc,phases      ] GC(3)       Dirty Cards:              Min: 0, Avg:  0.0, Max: 0, Diff: 0, Sum: 0, Workers: 8
[6.446s][debug][gc,phases      ] GC(3)     Hot Card Cache (ms):      Min:  0.0, Avg:  0.0, Max:  0.0, Diff:  0.0, Sum:  0.0, Workers: 8
[6.446s][debug][gc,phases      ] GC(3)       Dirty Cards:              Min: 0, Avg:  0.0, Max: 0, Diff: 0, Sum: 0, Workers: 8
[6.446s][debug][gc,phases      ] GC(3)       Skipped Cards:            Min: 0, Avg:  0.0, Max: 0, Diff: 0, Sum: 0, Workers: 8
[6.446s][debug][gc,phases      ] GC(3)     Log Buffers (ms):         Min:  0.0, Avg:  0.0, Max:  0.0, Diff:  0.0, Sum:  0.0, Workers: 8
[6.446s][debug][gc,phases      ] GC(3)       Dirty Cards:              Min: 0, Avg:  6.2, Max: 20, Diff: 20, Sum: 50, Workers: 8
[6.446s][debug][gc,phases      ] GC(3)       Skipped Cards:            Min: 0, Avg:  0.0, Max: 0, Diff: 0, Sum: 0, Workers: 8
[6.446s][info ][gc,phases      ] GC(3)   Evacuate Collection Set: 0.5ms
[6.446s][debug][gc,phases      ] GC(3)     Ext Root Scanning (ms):   Min:  0.0, Avg:  0.0, Max:  0.1, Diff:  0.1, Sum:  0.4, Workers: 8
[6.446s][debug][gc,phases      ] GC(3)     Scan Heap Roots (ms):     Min:  0.0, Avg:  0.0, Max:  0.0, Diff:  0.0, Sum:  0.1, Workers: 8
[6.446s][debug][gc,phases      ] GC(3)       Scanned Cards:            Min: 0, Avg:  6.0, Max: 13, Diff: 13, Sum: 48, Workers: 8
[6.446s][debug][gc,phases      ] GC(3)       Scanned Blocks:           Min: 0, Avg:  4.8, Max: 8, Diff: 8, Sum: 38, Workers: 8
[6.446s][debug][gc,phases      ] GC(3)       Claimed Chunks:           Min: 0, Avg:  2.0, Max: 3, Diff: 3, Sum: 16, Workers: 8
[6.446s][debug][gc,phases      ] GC(3)     Code Root Scan (ms):      Min:  0.0, Avg:  0.0, Max:  0.0, Diff:  0.0, Sum:  0.0, Workers: 8
[6.446s][debug][gc,phases      ] GC(3)     Object Copy (ms):         Min:  0.0, Avg:  0.1, Max:  0.3, Diff:  0.3, Sum:  0.6, Workers: 8
[6.446s][debug][gc,phases      ] GC(3)     Termination (ms):         Min:  0.0, Avg:  0.2, Max:  0.4, Diff:  0.4, Sum:  1.7, Workers: 8
[6.446s][debug][gc,phases      ] GC(3)       Termination Attempts:     Min: 1, Avg:  1.0, Max: 1, Diff: 0, Sum: 8, Workers: 8
[6.446s][debug][gc,phases      ] GC(3)     GC Worker Other (ms):     Min:  0.0, Avg:  0.0, Max:  0.0, Diff:  0.0, Sum:  0.1, Workers: 8
[6.446s][debug][gc,phases      ] GC(3)     GC Worker Total (ms):     Min:  0.3, Avg:  0.4, Max:  0.5, Diff:  0.2, Sum:  2.9, Workers: 8
[6.446s][info ][gc,phases      ] GC(3)   Post Evacuate Collection Set: 0.2ms
[6.446s][debug][gc,phases      ] GC(3)     Code Roots Fixup: 0.0ms
[6.446s][debug][gc,phases      ] GC(3)     Clear Card Table: 0.0ms
[6.446s][debug][gc,phases      ] GC(3)     Reference Processing: 0.0ms
[6.446s][debug][gc,phases,ref  ] GC(3)       Reconsider SoftReferences: 0.0ms
[6.446s][debug][gc,phases,ref  ] GC(3)         SoftRef (ms):             skipped
[6.446s][debug][gc,phases,ref  ] GC(3)       Notify Soft/WeakReferences: 0.0ms
[6.446s][debug][gc,phases,ref  ] GC(3)         SoftRef (ms):             Min:  0.0, Avg:  0.0, Max:  0.0, Diff:  0.0, Sum:  0.0, Workers: 1
[6.446s][debug][gc,phases,ref  ] GC(3)         WeakRef (ms):             Min:  0.0, Avg:  0.0, Max:  0.0, Diff:  0.0, Sum:  0.0, Workers: 1
[6.446s][debug][gc,phases,ref  ] GC(3)         FinalRef (ms):            Min:  0.0, Avg:  0.0, Max:  0.0, Diff:  0.0, Sum:  0.0, Workers: 1
[6.446s][debug][gc,phases,ref  ] GC(3)         Total (ms):               Min:  0.0, Avg:  0.0, Max:  0.0, Diff:  0.0, Sum:  0.0, Workers: 1
[6.446s][debug][gc,phases,ref  ] GC(3)       Notify and keep alive finalizable: 0.0ms
[6.446s][debug][gc,phases,ref  ] GC(3)         FinalRef (ms):            skipped
[6.446s][debug][gc,phases,ref  ] GC(3)       Notify PhantomReferences: 0.0ms
[6.446s][debug][gc,phases,ref  ] GC(3)         PhantomRef (ms):          Min:  0.0, Avg:  0.0, Max:  0.0, Diff:  0.0, Sum:  0.0, Workers: 1
[6.446s][debug][gc,phases,ref  ] GC(3)       SoftReference:
[6.446s][debug][gc,phases,ref  ] GC(3)         Discovered: 0
[6.446s][debug][gc,phases,ref  ] GC(3)         Cleared: 0
[6.446s][debug][gc,phases,ref  ] GC(3)       WeakReference:
[6.446s][debug][gc,phases,ref  ] GC(3)         Discovered: 1
[6.446s][debug][gc,phases,ref  ] GC(3)         Cleared: 1
[6.446s][debug][gc,phases,ref  ] GC(3)       FinalReference:
[6.446s][debug][gc,phases,ref  ] GC(3)         Discovered: 0
[6.446s][debug][gc,phases,ref  ] GC(3)         Cleared: 0
[6.446s][debug][gc,phases,ref  ] GC(3)       PhantomReference:
[6.446s][debug][gc,phases,ref  ] GC(3)         Discovered: 2
[6.446s][debug][gc,phases,ref  ] GC(3)         Cleared: 2
[6.446s][debug][gc,phases      ] GC(3)     Weak Processing: 0.0ms
[6.446s][debug][gc,phases      ] GC(3)       JVMTI weak processing: 0.0ms
[6.446s][debug][gc,phases      ] GC(3)         Dead: 0
[6.446s][debug][gc,phases      ] GC(3)         Total: 0
[6.446s][debug][gc,phases      ] GC(3)       JFR weak processing: 0.0ms
[6.446s][debug][gc,phases      ] GC(3)         Dead: 0
[6.446s][debug][gc,phases      ] GC(3)         Total: 0
[6.446s][debug][gc,phases      ] GC(3)       JNI weak                  Min:  0.0, Avg:  0.0, Max:  0.0, Diff:  0.0, Sum:  0.0, Workers: 5
[6.446s][debug][gc,phases      ] GC(3)         Dead                      Min: 0, Avg:  0.0, Max: 0, Diff: 0, Sum: 0, Workers: 5
[6.446s][debug][gc,phases      ] GC(3)         Total                     Min: 0, Avg: 13.6, Max: 52, Diff: 52, Sum: 68, Workers: 5
[6.446s][debug][gc,phases      ] GC(3)       VM weak                   Min:  0.0, Avg:  0.0, Max:  0.0, Diff:  0.0, Sum:  0.0, Workers: 5
[6.446s][debug][gc,phases      ] GC(3)         Dead                      Min: 0, Avg:  0.0, Max: 0, Diff: 0, Sum: 0, Workers: 5
[6.446s][debug][gc,phases      ] GC(3)         Total                     Min: 0, Avg: 44.8, Max: 96, Diff: 96, Sum: 224, Workers: 5
[6.446s][debug][gc,phases      ] GC(3)       StringTable weak          Min:  0.0, Avg:  0.0, Max:  0.0, Diff:  0.0, Sum:  0.0, Workers: 5
[6.446s][debug][gc,phases      ] GC(3)         Dead                      Min: 0, Avg:  0.0, Max: 0, Diff: 0, Sum: 0, Workers: 5
[6.446s][debug][gc,phases      ] GC(3)         Total                     Min: 640, Avg: 722.4, Max: 832, Diff: 192, Sum: 3612, Workers: 5
[6.446s][debug][gc,phases      ] GC(3)       ResolvedMethodTable weak  Min:  0.0, Avg:  0.0, Max:  0.0, Diff:  0.0, Sum:  0.0, Workers: 5
[6.446s][debug][gc,phases      ] GC(3)         Dead                      Min: 0, Avg:  0.0, Max: 0, Diff: 0, Sum: 0, Workers: 5
[6.446s][debug][gc,phases      ] GC(3)         Total                     Min: 64, Avg: 117.8, Max: 192, Diff: 128, Sum: 589, Workers: 5
[6.446s][debug][gc,phases      ] GC(3)     Merge Per-Thread State: 0.0ms
[6.446s][debug][gc,phases      ] GC(3)       Copied Bytes              Min: 1512, Avg: 64331.0, Max: 401864, Diff: 400352, Sum: 514648, Workers: 8
[6.446s][debug][gc,phases      ] GC(3)       LAB Waste                 Min: 0, Avg: 25.0, Max: 96, Diff: 96, Sum: 200, Workers: 8
[6.446s][debug][gc,phases      ] GC(3)       LAB Undo Waste            Min: 0, Avg:  0.0, Max: 0, Diff: 0, Sum: 0, Workers: 8
[6.446s][debug][gc,phases      ] GC(3)     Code Roots Purge: 0.0ms
[6.446s][debug][gc,phases      ] GC(3)     Redirty Cards: 0.0ms
[6.446s][debug][gc,phases      ] GC(3)     DerivedPointerTable Update: 0.0ms
[6.446s][debug][gc,phases      ] GC(3)     Free Collection Set: 0.1ms
[6.446s][debug][gc,phases      ] GC(3)     Rebuild Free List: 0.0ms
[6.446s][debug][gc,phases      ] GC(3)     Humongous Reclaim: 0.0ms
[6.446s][debug][gc,phases      ] GC(3)     Start New Collection Set: 0.0ms
[6.446s][debug][gc,phases      ] GC(3)     Resize TLABs: 0.0ms
[6.446s][debug][gc,phases      ] GC(3)     Expand Heap After Collection: 0.0ms
[6.446s][info ][gc,phases      ] GC(3)   Other: 0.3ms
[6.446s][info ][gc,heap        ] GC(3) Eden regions: 9->0(13)
[6.446s][info ][gc,heap        ] GC(3) Survivor regions: 1->1(2)
[6.446s][info ][gc,heap        ] GC(3) Old regions: 6->6
[6.446s][info ][gc,heap        ] GC(3) Archive regions: 2->2
[6.446s][info ][gc,heap        ] GC(3) Humongous regions: 0->0
[6.446s][info ][gc,metaspace   ] GC(3) Metaspace: 10456K(11136K)->10456K(11136K) NonClass: 9243K(9728K)->9243K(9728K) Class: 1213K(1408K)->1213K(1408K)
[6.446s][debug][gc,heap        ] GC(3) Heap after GC invocations=4 (full 1): garbage-first heap   total 27648K, used 4124K [0x0000000700000000, 0x0000000800000000)
[6.446s][debug][gc,heap        ] GC(3)   region size 1024K, 1 young (1024K), 1 survivors (1024K)
[6.446s][debug][gc,heap        ] GC(3)  Metaspace       used 10456K, capacity 10795K, committed 11136K, reserved 1058816K
[6.446s][debug][gc,heap        ] GC(3)   class space    used 1213K, capacity 1343K, committed 1408K, reserved 1048576K
[6.446s][info ][gc             ] GC(3) Pause Young (Normal) (G1 Evacuation Pause) 13M->4M(27M) 1.652ms
[6.446s][info ][gc,cpu         ] GC(3) User=0.00s Sys=0.00s Real=0.00s
[6.446s][info ][safepoint      ] Safepoint "G1CollectForAllocation", Time since last: 18840345 ns, Reaching safepoint: 126774 ns, At safepoint: 1781557 ns, Total: 1908331 ns
[6.475s][debug][gc,heap        ] GC(4) Heap before GC invocations=4 (full 1): garbage-first heap   total 27648K, used 17436K [0x0000000700000000, 0x0000000800000000)
[6.475s][debug][gc,heap        ] GC(4)   region size 1024K, 14 young (14336K), 1 survivors (1024K)
[6.475s][debug][gc,heap        ] GC(4)  Metaspace       used 10456K, capacity 10795K, committed 11136K, reserved 1058816K
[6.475s][debug][gc,heap        ] GC(4)   class space    used 1213K, capacity 1343K, committed 1408K, reserved 1048576K
[6.475s][info ][gc,start       ] GC(4) Pause Young (Normal) (G1 Evacuation Pause)
[6.475s][info ][gc,task        ] GC(4) Using 8 workers of 8 for evacuation
[6.475s][debug][gc,tlab        ] GC(4) TLAB totals: thrds: 8  refills: 376 max: 67 slow allocs: 0 max 0 waste:  2.4% gc: 106736B max: 32728B slow: 216360B max: 38784B fast: 0B max: 0B
[6.475s][debug][gc,age         ] GC(4) Desired survivor size 1048576 bytes, new threshold 15 (max threshold 15)
[6.475s][debug][gc,alloc,region] GC(4) Mutator Allocation stats, regions: 13, wasted size: 0B ( 0.0%)
[6.475s][debug][gc,ergo        ] GC(4) Running G1 Merge Heap Roots using 8 workers for 14 regions
[6.475s][debug][gc,remset      ] GC(4) Visited cards 4096 Total dirty 12288 (33.33%) Total old 73728 (5.56%)
[6.475s][debug][gc,ergo        ] GC(4) Running G1 Clear Card Table Task using 1 workers for 1 units of work for 20 regions.
[6.475s][debug][gc,ref         ] GC(4) Skipped phase1 of Reference Processing due to unavailable references
[6.475s][debug][gc,ref         ] GC(4) Skipped phase3 of Reference Processing due to unavailable references
[6.475s][debug][gc,ref         ] GC(4) Skipped phase4 of Reference Processing due to unavailable references
[6.476s][debug][gc,ergo        ] GC(4) Running G1 Free Collection Set using 8 workers for collection set length 14 (27)
[6.476s][debug][gc,ergo        ] GC(4) Running G1 Rebuild Free List Task using 8 workers for rebuilding free list of 0 (4096) regions
[6.476s][trace][gc,age         ] GC(4) Age table with threshold 15 (max threshold 15)
[6.476s][trace][gc,age         ] GC(4) - age   1:       1088 bytes,       1088 total
[6.476s][trace][gc,age         ] GC(4) - age   3:        480 bytes,       1568 total
[6.476s][trace][gc,age         ] GC(4) - age   4:     512968 bytes,     514536 total
[6.476s][debug][gc,plab        ] GC(4) Young PLAB allocation: allocated: 28896B, wasted: 144B, unused: 9576B, used: 19176B, undo waste: 0B, 
[6.476s][debug][gc,plab        ] GC(4) Young other allocation: region end waste: 0B, regions filled: 1, direct allocated: 495360B, failure used: 0B, failure wasted: 0B
[6.476s][debug][gc,plab        ] GC(4) Young sizing: calculated: 3832B, actual: 3848B
[6.476s][debug][gc,plab        ] GC(4) Old PLAB allocation: allocated: 0B, wasted: 0B, unused: 0B, used: 0B, undo waste: 0B, 
[6.476s][debug][gc,plab        ] GC(4) Old other allocation: region end waste: 0B, regions filled: 0, direct allocated: 0B, failure used: 0B, failure wasted: 0B
[6.476s][debug][gc,plab        ] GC(4) Old sizing: calculated: 0B, actual: 2064B
[6.476s][debug][gc,ihop        ] GC(4) Basic information (value update), threshold: 12740198B (45.00), target occupancy: 28311552B, current occupancy: 4223952B, recent allocation size: 0B, recent allocation duration: 29.23ms, recent old gen allocation rate: 0.00B/s, recent marking phase length: 0.00ms
[6.476s][debug][gc,ihop        ] GC(4) Adaptive IHOP information (value update), threshold: 12740198B (47.37), internal target occupancy: 26895974B, occupancy: 4223952B, additional buffer size: 15728640B, predicted old gen allocation rate: 0.00B/s, predicted marking phase length: 0.00ms, prediction active: false
[6.476s][debug][gc,ergo,refine ] GC(4) Concurrent refinement times: Logged Cards Scan time goal: 20.00ms Logged Cards Scan time: 0.01ms HCC time: 0.00ms
[6.476s][debug][gc,ergo,refine ] GC(4) Updated Refinement Zones: green: 2048, yellow: 6144, red: 10240
[6.476s][info ][gc,phases      ] GC(4)   Pre Evacuate Collection Set: 0.1ms
[6.476s][debug][gc,phases      ] GC(4)     Prepare TLABs: 0.0ms
[6.476s][debug][gc,phases      ] GC(4)     Choose Collection Set: 0.0ms
[6.476s][debug][gc,phases      ] GC(4)     Region Register: 0.0ms
[6.476s][debug][gc,phases      ] GC(4)     Prepare Heap Roots: 0.0ms
[6.476s][info ][gc,phases      ] GC(4)   Merge Heap Roots: 0.1ms
[6.476s][debug][gc,phases      ] GC(4)     Prepare Merge Heap Roots: 0.0ms
[6.476s][debug][gc,phases      ] GC(4)     Eager Reclaim (ms):       skipped
[6.476s][debug][gc,phases      ] GC(4)     Remembered Sets (ms):     Min:  0.0, Avg:  0.0, Max:  0.0, Diff:  0.0, Sum:  0.0, Workers: 8
[6.476s][debug][gc,phases      ] GC(4)       Merged Sparse:            Min: 0, Avg:  0.0, Max: 0, Diff: 0, Sum: 0, Workers: 8
[6.476s][debug][gc,phases      ] GC(4)       Merged Fine:              Min: 0, Avg:  0.0, Max: 0, Diff: 0, Sum: 0, Workers: 8
[6.476s][debug][gc,phases      ] GC(4)       Merged Coarse:            Min: 0, Avg:  0.0, Max: 0, Diff: 0, Sum: 0, Workers: 8
[6.476s][debug][gc,phases      ] GC(4)       Dirty Cards:              Min: 0, Avg:  0.0, Max: 0, Diff: 0, Sum: 0, Workers: 8
[6.476s][debug][gc,phases      ] GC(4)     Hot Card Cache (ms):      Min:  0.0, Avg:  0.0, Max:  0.0, Diff:  0.0, Sum:  0.0, Workers: 8
[6.476s][debug][gc,phases      ] GC(4)       Dirty Cards:              Min: 0, Avg:  0.0, Max: 0, Diff: 0, Sum: 0, Workers: 8
[6.476s][debug][gc,phases      ] GC(4)       Skipped Cards:            Min: 0, Avg:  0.0, Max: 0, Diff: 0, Sum: 0, Workers: 8
[6.476s][debug][gc,phases      ] GC(4)     Log Buffers (ms):         Min:  0.0, Avg:  0.0, Max:  0.0, Diff:  0.0, Sum:  0.0, Workers: 8
[6.476s][debug][gc,phases      ] GC(4)       Dirty Cards:              Min: 0, Avg:  7.0, Max: 21, Diff: 21, Sum: 56, Workers: 8
[6.476s][debug][gc,phases      ] GC(4)       Skipped Cards:            Min: 0, Avg:  0.0, Max: 0, Diff: 0, Sum: 0, Workers: 8
[6.476s][info ][gc,phases      ] GC(4)   Evacuate Collection Set: 0.6ms
[6.476s][debug][gc,phases      ] GC(4)     Ext Root Scanning (ms):   Min:  0.0, Avg:  0.1, Max:  0.1, Diff:  0.1, Sum:  0.5, Workers: 8
[6.476s][debug][gc,phases      ] GC(4)     Scan Heap Roots (ms):     Min:  0.0, Avg:  0.0, Max:  0.0, Diff:  0.0, Sum:  0.1, Workers: 8
[6.476s][debug][gc,phases      ] GC(4)       Scanned Cards:            Min: 0, Avg:  6.0, Max: 12, Diff: 12, Sum: 48, Workers: 8
[6.476s][debug][gc,phases      ] GC(4)       Scanned Blocks:           Min: 0, Avg:  4.8, Max: 10, Diff: 10, Sum: 38, Workers: 8
[6.476s][debug][gc,phases      ] GC(4)       Claimed Chunks:           Min: 0, Avg:  2.0, Max: 4, Diff: 4, Sum: 16, Workers: 8
[6.476s][debug][gc,phases      ] GC(4)     Code Root Scan (ms):      Min:  0.0, Avg:  0.0, Max:  0.0, Diff:  0.0, Sum:  0.0, Workers: 8
[6.476s][debug][gc,phases      ] GC(4)     Object Copy (ms):         Min:  0.0, Avg:  0.1, Max:  0.3, Diff:  0.3, Sum:  0.8, Workers: 8
[6.476s][debug][gc,phases      ] GC(4)     Termination (ms):         Min:  0.0, Avg:  0.2, Max:  0.4, Diff:  0.4, Sum:  1.8, Workers: 8
[6.476s][debug][gc,phases      ] GC(4)       Termination Attempts:     Min: 1, Avg:  1.0, Max: 1, Diff: 0, Sum: 8, Workers: 8
[6.476s][debug][gc,phases      ] GC(4)     GC Worker Other (ms):     Min:  0.0, Avg:  0.0, Max:  0.0, Diff:  0.0, Sum:  0.0, Workers: 8
[6.476s][debug][gc,phases      ] GC(4)     GC Worker Total (ms):     Min:  0.4, Avg:  0.4, Max:  0.5, Diff:  0.1, Sum:  3.2, Workers: 8
[6.476s][info ][gc,phases      ] GC(4)   Post Evacuate Collection Set: 0.2ms
[6.476s][debug][gc,phases      ] GC(4)     Code Roots Fixup: 0.0ms
[6.476s][debug][gc,phases      ] GC(4)     Clear Card Table: 0.0ms
[6.476s][debug][gc,phases      ] GC(4)     Reference Processing: 0.0ms
[6.476s][debug][gc,phases,ref  ] GC(4)       Reconsider SoftReferences: 0.0ms
[6.476s][debug][gc,phases,ref  ] GC(4)         SoftRef (ms):             skipped
[6.476s][debug][gc,phases,ref  ] GC(4)       Notify Soft/WeakReferences: 0.0ms
[6.476s][debug][gc,phases,ref  ] GC(4)         SoftRef (ms):             Min:  0.0, Avg:  0.0, Max:  0.0, Diff:  0.0, Sum:  0.0, Workers: 1
[6.476s][debug][gc,phases,ref  ] GC(4)         WeakRef (ms):             Min:  0.0, Avg:  0.0, Max:  0.0, Diff:  0.0, Sum:  0.0, Workers: 1
[6.476s][debug][gc,phases,ref  ] GC(4)         FinalRef (ms):            Min:  0.0, Avg:  0.0, Max:  0.0, Diff:  0.0, Sum:  0.0, Workers: 1
[6.476s][debug][gc,phases,ref  ] GC(4)         Total (ms):               Min:  0.0, Avg:  0.0, Max:  0.0, Diff:  0.0, Sum:  0.0, Workers: 1
[6.476s][debug][gc,phases,ref  ] GC(4)       Notify and keep alive finalizable: 0.0ms
[6.476s][debug][gc,phases,ref  ] GC(4)         FinalRef (ms):            skipped
[6.476s][debug][gc,phases,ref  ] GC(4)       Notify PhantomReferences: 0.0ms
[6.476s][debug][gc,phases,ref  ] GC(4)         PhantomRef (ms):          skipped
[6.476s][debug][gc,phases,ref  ] GC(4)       SoftReference:
[6.476s][debug][gc,phases,ref  ] GC(4)         Discovered: 0
[6.476s][debug][gc,phases,ref  ] GC(4)         Cleared: 0
[6.476s][debug][gc,phases,ref  ] GC(4)       WeakReference:
[6.476s][debug][gc,phases,ref  ] GC(4)         Discovered: 8
[6.476s][debug][gc,phases,ref  ] GC(4)         Cleared: 8
[6.476s][debug][gc,phases,ref  ] GC(4)       FinalReference:
[6.476s][debug][gc,phases,ref  ] GC(4)         Discovered: 0
[6.476s][debug][gc,phases,ref  ] GC(4)         Cleared: 0
[6.476s][debug][gc,phases,ref  ] GC(4)       PhantomReference:
[6.476s][debug][gc,phases,ref  ] GC(4)         Discovered: 0
[6.476s][debug][gc,phases,ref  ] GC(4)         Cleared: 0
[6.476s][debug][gc,phases      ] GC(4)     Weak Processing: 0.0ms
[6.476s][debug][gc,phases      ] GC(4)       JVMTI weak processing: 0.0ms
[6.476s][debug][gc,phases      ] GC(4)         Dead: 0
[6.476s][debug][gc,phases      ] GC(4)         Total: 0
[6.476s][debug][gc,phases      ] GC(4)       JFR weak processing: 0.0ms
[6.476s][debug][gc,phases      ] GC(4)         Dead: 0
[6.476s][debug][gc,phases      ] GC(4)         Total: 0
[6.476s][debug][gc,phases      ] GC(4)       JNI weak                  Min:  0.0, Avg:  0.0, Max:  0.0, Diff:  0.0, Sum:  0.0, Workers: 5
[6.476s][debug][gc,phases      ] GC(4)         Dead                      Min: 0, Avg:  0.0, Max: 0, Diff: 0, Sum: 0, Workers: 5
[6.476s][debug][gc,phases      ] GC(4)         Total                     Min: 0, Avg: 13.6, Max: 52, Diff: 52, Sum: 68, Workers: 5
[6.476s][debug][gc,phases      ] GC(4)       VM weak                   Min:  0.0, Avg:  0.0, Max:  0.0, Diff:  0.0, Sum:  0.0, Workers: 5
[6.476s][debug][gc,phases      ] GC(4)         Dead                      Min: 0, Avg:  0.0, Max: 0, Diff: 0, Sum: 0, Workers: 5
[6.476s][debug][gc,phases      ] GC(4)         Total                     Min: 0, Avg: 44.8, Max: 64, Diff: 64, Sum: 224, Workers: 5
[6.476s][debug][gc,phases      ] GC(4)       StringTable weak          Min:  0.0, Avg:  0.0, Max:  0.0, Diff:  0.0, Sum:  0.1, Workers: 5
[6.476s][debug][gc,phases      ] GC(4)         Dead                      Min: 0, Avg:  0.0, Max: 0, Diff: 0, Sum: 0, Workers: 5
[6.476s][debug][gc,phases      ] GC(4)         Total                     Min: 704, Avg: 722.4, Max: 768, Diff: 64, Sum: 3612, Workers: 5
[6.476s][debug][gc,phases      ] GC(4)       ResolvedMethodTable weak  Min:  0.0, Avg:  0.0, Max:  0.0, Diff:  0.0, Sum:  0.0, Workers: 5
[6.476s][debug][gc,phases      ] GC(4)         Dead                      Min: 0, Avg:  0.0, Max: 0, Diff: 0, Sum: 0, Workers: 5
[6.476s][debug][gc,phases      ] GC(4)         Total                     Min: 64, Avg: 117.8, Max: 192, Diff: 128, Sum: 589, Workers: 5
[6.476s][debug][gc,phases      ] GC(4)     Merge Per-Thread State: 0.0ms
[6.476s][debug][gc,phases      ] GC(4)       Copied Bytes              Min: 2440, Avg: 64317.0, Max: 401736, Diff: 399296, Sum: 514536, Workers: 8
[6.476s][debug][gc,phases      ] GC(4)       LAB Waste                 Min: 0, Avg: 18.0, Max: 48, Diff: 48, Sum: 144, Workers: 8
[6.476s][debug][gc,phases      ] GC(4)       LAB Undo Waste            Min: 0, Avg:  0.0, Max: 0, Diff: 0, Sum: 0, Workers: 8
[6.476s][debug][gc,phases      ] GC(4)     Code Roots Purge: 0.0ms
[6.476s][debug][gc,phases      ] GC(4)     Redirty Cards: 0.0ms
[6.476s][debug][gc,phases      ] GC(4)     DerivedPointerTable Update: 0.0ms
[6.476s][debug][gc,phases      ] GC(4)     Free Collection Set: 0.0ms
[6.476s][debug][gc,phases      ] GC(4)     Rebuild Free List: 0.0ms
[6.476s][debug][gc,phases      ] GC(4)     Humongous Reclaim: 0.0ms
[6.476s][debug][gc,phases      ] GC(4)     Start New Collection Set: 0.0ms
[6.476s][debug][gc,phases      ] GC(4)     Resize TLABs: 0.0ms
[6.476s][debug][gc,phases      ] GC(4)     Expand Heap After Collection: 0.0ms
[6.476s][info ][gc,phases      ] GC(4)   Other: 0.3ms
[6.476s][info ][gc,heap        ] GC(4) Eden regions: 13->0(14)
[6.476s][info ][gc,heap        ] GC(4) Survivor regions: 1->1(2)
[6.476s][info ][gc,heap        ] GC(4) Old regions: 6->6
[6.476s][info ][gc,heap        ] GC(4) Archive regions: 2->2
[6.476s][info ][gc,heap        ] GC(4) Humongous regions: 0->0
[6.476s][info ][gc,metaspace   ] GC(4) Metaspace: 10456K(11136K)->10456K(11136K) NonClass: 9243K(9728K)->9243K(9728K) Class: 1213K(1408K)->1213K(1408K)
[6.476s][debug][gc,heap        ] GC(4) Heap after GC invocations=5 (full 1): garbage-first heap   total 27648K, used 4124K [0x0000000700000000, 0x0000000800000000)
[6.476s][debug][gc,heap        ] GC(4)   region size 1024K, 1 young (1024K), 1 survivors (1024K)
[6.476s][debug][gc,heap        ] GC(4)  Metaspace       used 10456K, capacity 10795K, committed 11136K, reserved 1058816K
[6.476s][debug][gc,heap        ] GC(4)   class space    used 1213K, capacity 1343K, committed 1408K, reserved 1048576K
[6.476s][info ][gc             ] GC(4) Pause Young (Normal) (G1 Evacuation Pause) 17M->4M(27M) 1.733ms
[6.476s][info ][gc,cpu         ] GC(4) User=0.01s Sys=0.01s Real=0.00s
[6.476s][info ][safepoint      ] Safepoint "G1CollectForAllocation", Time since last: 28281462 ns, Reaching safepoint: 97203 ns, At safepoint: 1887211 ns, Total: 1984414 ns
[6.506s][debug][gc,heap        ] GC(5) Heap before GC invocations=5 (full 1): garbage-first heap   total 27648K, used 18460K [0x0000000700000000, 0x0000000800000000)
[6.506s][debug][gc,heap        ] GC(5)   region size 1024K, 15 young (15360K), 1 survivors (1024K)
[6.506s][debug][gc,heap        ] GC(5)  Metaspace       used 10456K, capacity 10795K, committed 11136K, reserved 1058816K
[6.506s][debug][gc,heap        ] GC(5)   class space    used 1213K, capacity 1343K, committed 1408K, reserved 1048576K
[6.506s][info ][gc,start       ] GC(5) Pause Young (Normal) (G1 Evacuation Pause)
[6.506s][info ][gc,task        ] GC(5) Using 8 workers of 8 for evacuation
[6.506s][debug][gc,tlab        ] GC(5) TLAB totals: thrds: 8  refills: 392 max: 59 slow allocs: 0 max 0 waste:  2.6% gc: 150856B max: 34592B slow: 224848B max: 34464B fast: 0B max: 0B
[6.506s][debug][gc,age         ] GC(5) Desired survivor size 1048576 bytes, new threshold 15 (max threshold 15)
[6.506s][debug][gc,alloc,region] GC(5) Mutator Allocation stats, regions: 14, wasted size: 0B ( 0.0%)
[6.506s][debug][gc,ergo        ] GC(5) Running G1 Merge Heap Roots using 8 workers for 15 regions
[6.506s][debug][gc,remset      ] GC(5) Visited cards 4096 Total dirty 12288 (33.33%) Total old 77824 (5.26%)
[6.507s][debug][gc,ergo        ] GC(5) Running G1 Clear Card Table Task using 1 workers for 1 units of work for 21 regions.
[6.507s][debug][gc,ref         ] GC(5) Skipped phase1 of Reference Processing due to unavailable references
[6.507s][debug][gc,ref         ] GC(5) Skipped phase3 of Reference Processing due to unavailable references
[6.507s][debug][gc,ref         ] GC(5) Skipped phase4 of Reference Processing due to unavailable references
[6.507s][debug][gc,ergo        ] GC(5) Running G1 Free Collection Set using 8 workers for collection set length 15 (27)
[6.507s][debug][gc,ergo        ] GC(5) Running G1 Rebuild Free List Task using 8 workers for rebuilding free list of 0 (4096) regions
[6.507s][trace][gc,age         ] GC(5) Age table with threshold 15 (max threshold 15)
[6.507s][trace][gc,age         ] GC(5) - age   1:       1088 bytes,       1088 total
[6.507s][trace][gc,age         ] GC(5) - age   4:        480 bytes,       1568 total
[6.507s][trace][gc,age         ] GC(5) - age   5:     512968 bytes,     514536 total
[6.507s][debug][gc,plab        ] GC(5) Young PLAB allocation: allocated: 26832B, wasted: 104B, unused: 7264B, used: 19464B, undo waste: 0B, 
[6.507s][debug][gc,plab        ] GC(5) Young other allocation: region end waste: 0B, regions filled: 1, direct allocated: 495072B, failure used: 0B, failure wasted: 0B
[6.507s][debug][gc,plab        ] GC(5) Young sizing: calculated: 3888B, actual: 3872B
[6.507s][debug][gc,plab        ] GC(5) Old PLAB allocation: allocated: 0B, wasted: 0B, unused: 0B, used: 0B, undo waste: 0B, 
[6.507s][debug][gc,plab        ] GC(5) Old other allocation: region end waste: 0B, regions filled: 0, direct allocated: 0B, failure used: 0B, failure wasted: 0B
[6.507s][debug][gc,plab        ] GC(5) Old sizing: calculated: 0B, actual: 2064B
[6.507s][debug][gc,ihop        ] GC(5) Basic information (value update), threshold: 12740198B (45.00), target occupancy: 28311552B, current occupancy: 4221600B, recent allocation size: 0B, recent allocation duration: 30.62ms, recent old gen allocation rate: 0.00B/s, recent marking phase length: 0.00ms
[6.507s][debug][gc,ihop        ] GC(5) Adaptive IHOP information (value update), threshold: 12740198B (47.37), internal target occupancy: 26895974B, occupancy: 4221600B, additional buffer size: 15728640B, predicted old gen allocation rate: 0.00B/s, predicted marking phase length: 0.00ms, prediction active: false
[6.507s][debug][gc,ergo,refine ] GC(5) Concurrent refinement times: Logged Cards Scan time goal: 20.00ms Logged Cards Scan time: 0.01ms HCC time: 0.00ms
[6.507s][debug][gc,ergo,refine ] GC(5) Updated Refinement Zones: green: 2048, yellow: 6144, red: 10240
[6.507s][info ][gc,phases      ] GC(5)   Pre Evacuate Collection Set: 0.0ms
[6.507s][debug][gc,phases      ] GC(5)     Prepare TLABs: 0.0ms
[6.507s][debug][gc,phases      ] GC(5)     Choose Collection Set: 0.0ms
[6.507s][debug][gc,phases      ] GC(5)     Region Register: 0.0ms
[6.507s][debug][gc,phases      ] GC(5)     Prepare Heap Roots: 0.0ms
[6.507s][info ][gc,phases      ] GC(5)   Merge Heap Roots: 0.1ms
[6.507s][debug][gc,phases      ] GC(5)     Prepare Merge Heap Roots: 0.0ms
[6.507s][debug][gc,phases      ] GC(5)     Eager Reclaim (ms):       skipped
[6.507s][debug][gc,phases      ] GC(5)     Remembered Sets (ms):     Min:  0.0, Avg:  0.0, Max:  0.0, Diff:  0.0, Sum:  0.0, Workers: 8
[6.507s][debug][gc,phases      ] GC(5)       Merged Sparse:            Min: 0, Avg:  0.0, Max: 0, Diff: 0, Sum: 0, Workers: 8
[6.507s][debug][gc,phases      ] GC(5)       Merged Fine:              Min: 0, Avg:  0.0, Max: 0, Diff: 0, Sum: 0, Workers: 8
[6.507s][debug][gc,phases      ] GC(5)       Merged Coarse:            Min: 0, Avg:  0.0, Max: 0, Diff: 0, Sum: 0, Workers: 8
[6.507s][debug][gc,phases      ] GC(5)       Dirty Cards:              Min: 0, Avg:  0.0, Max: 0, Diff: 0, Sum: 0, Workers: 8
[6.507s][debug][gc,phases      ] GC(5)     Hot Card Cache (ms):      Min:  0.0, Avg:  0.0, Max:  0.0, Diff:  0.0, Sum:  0.0, Workers: 8
[6.507s][debug][gc,phases      ] GC(5)       Dirty Cards:              Min: 0, Avg:  0.0, Max: 0, Diff: 0, Sum: 0, Workers: 8
[6.507s][debug][gc,phases      ] GC(5)       Skipped Cards:            Min: 0, Avg:  0.0, Max: 0, Diff: 0, Sum: 0, Workers: 8
[6.507s][debug][gc,phases      ] GC(5)     Log Buffers (ms):         Min:  0.0, Avg:  0.0, Max:  0.0, Diff:  0.0, Sum:  0.0, Workers: 8
[6.507s][debug][gc,phases      ] GC(5)       Dirty Cards:              Min: 0, Avg:  6.6, Max: 22, Diff: 22, Sum: 53, Workers: 8
[6.507s][debug][gc,phases      ] GC(5)       Skipped Cards:            Min: 0, Avg:  0.0, Max: 0, Diff: 0, Sum: 0, Workers: 8
[6.507s][info ][gc,phases      ] GC(5)   Evacuate Collection Set: 0.5ms
[6.507s][debug][gc,phases      ] GC(5)     Ext Root Scanning (ms):   Min:  0.0, Avg:  0.0, Max:  0.1, Diff:  0.1, Sum:  0.4, Workers: 8
[6.507s][debug][gc,phases      ] GC(5)     Scan Heap Roots (ms):     Min:  0.0, Avg:  0.0, Max:  0.0, Diff:  0.0, Sum:  0.1, Workers: 8
[6.507s][debug][gc,phases      ] GC(5)       Scanned Cards:            Min: 0, Avg:  6.0, Max: 11, Diff: 11, Sum: 48, Workers: 8
[6.507s][debug][gc,phases      ] GC(5)       Scanned Blocks:           Min: 0, Avg:  4.8, Max: 7, Diff: 7, Sum: 38, Workers: 8
[6.507s][debug][gc,phases      ] GC(5)       Claimed Chunks:           Min: 0, Avg:  2.0, Max: 4, Diff: 4, Sum: 16, Workers: 8
[6.507s][debug][gc,phases      ] GC(5)     Code Root Scan (ms):      Min:  0.0, Avg:  0.0, Max:  0.0, Diff:  0.0, Sum:  0.0, Workers: 8
[6.507s][debug][gc,phases      ] GC(5)     Object Copy (ms):         Min:  0.0, Avg:  0.1, Max:  0.3, Diff:  0.3, Sum:  0.5, Workers: 8
[6.507s][debug][gc,phases      ] GC(5)     Termination (ms):         Min:  0.0, Avg:  0.2, Max:  0.4, Diff:  0.4, Sum:  1.9, Workers: 8
[6.507s][debug][gc,phases      ] GC(5)       Termination Attempts:     Min: 1, Avg:  1.0, Max: 1, Diff: 0, Sum: 8, Workers: 8
[6.507s][debug][gc,phases      ] GC(5)     GC Worker Other (ms):     Min:  0.0, Avg:  0.0, Max:  0.0, Diff:  0.0, Sum:  0.0, Workers: 8
[6.507s][debug][gc,phases      ] GC(5)     GC Worker Total (ms):     Min:  0.3, Avg:  0.4, Max:  0.5, Diff:  0.2, Sum:  2.9, Workers: 8
[6.508s][info ][gc,phases      ] GC(5)   Post Evacuate Collection Set: 0.2ms
[6.508s][debug][gc,phases      ] GC(5)     Code Roots Fixup: 0.0ms
[6.508s][debug][gc,phases      ] GC(5)     Clear Card Table: 0.0ms
[6.508s][debug][gc,phases      ] GC(5)     Reference Processing: 0.0ms
[6.508s][debug][gc,phases,ref  ] GC(5)       Reconsider SoftReferences: 0.0ms
[6.508s][debug][gc,phases,ref  ] GC(5)         SoftRef (ms):             skipped
[6.508s][debug][gc,phases,ref  ] GC(5)       Notify Soft/WeakReferences: 0.0ms
[6.508s][debug][gc,phases,ref  ] GC(5)         SoftRef (ms):             Min:  0.0, Avg:  0.0, Max:  0.0, Diff:  0.0, Sum:  0.0, Workers: 1
[6.508s][debug][gc,phases,ref  ] GC(5)         WeakRef (ms):             Min:  0.0, Avg:  0.0, Max:  0.0, Diff:  0.0, Sum:  0.0, Workers: 1
[6.508s][debug][gc,phases,ref  ] GC(5)         FinalRef (ms):            Min:  0.0, Avg:  0.0, Max:  0.0, Diff:  0.0, Sum:  0.0, Workers: 1
[6.508s][debug][gc,phases,ref  ] GC(5)         Total (ms):               Min:  0.0, Avg:  0.0, Max:  0.0, Diff:  0.0, Sum:  0.0, Workers: 1
[6.508s][debug][gc,phases,ref  ] GC(5)       Notify and keep alive finalizable: 0.0ms
[6.508s][debug][gc,phases,ref  ] GC(5)         FinalRef (ms):            skipped
[6.508s][debug][gc,phases,ref  ] GC(5)       Notify PhantomReferences: 0.0ms
[6.508s][debug][gc,phases,ref  ] GC(5)         PhantomRef (ms):          skipped
[6.508s][debug][gc,phases,ref  ] GC(5)       SoftReference:
[6.508s][debug][gc,phases,ref  ] GC(5)         Discovered: 0
[6.508s][debug][gc,phases,ref  ] GC(5)         Cleared: 0
[6.508s][debug][gc,phases,ref  ] GC(5)       WeakReference:
[6.508s][debug][gc,phases,ref  ] GC(5)         Discovered: 1
[6.508s][debug][gc,phases,ref  ] GC(5)         Cleared: 1
[6.508s][debug][gc,phases,ref  ] GC(5)       FinalReference:
[6.508s][debug][gc,phases,ref  ] GC(5)         Discovered: 0
[6.508s][debug][gc,phases,ref  ] GC(5)         Cleared: 0
[6.508s][debug][gc,phases,ref  ] GC(5)       PhantomReference:
[6.508s][debug][gc,phases,ref  ] GC(5)         Discovered: 0
[6.508s][debug][gc,phases,ref  ] GC(5)         Cleared: 0
[6.508s][debug][gc,phases      ] GC(5)     Weak Processing: 0.0ms
[6.508s][debug][gc,phases      ] GC(5)       JVMTI weak processing: 0.0ms
[6.508s][debug][gc,phases      ] GC(5)         Dead: 0
[6.508s][debug][gc,phases      ] GC(5)         Total: 0
[6.508s][debug][gc,phases      ] GC(5)       JFR weak processing: 0.0ms
[6.508s][debug][gc,phases      ] GC(5)         Dead: 0
[6.508s][debug][gc,phases      ] GC(5)         Total: 0
[6.508s][debug][gc,phases      ] GC(5)       JNI weak                  Min:  0.0, Avg:  0.0, Max:  0.0, Diff:  0.0, Sum:  0.0, Workers: 5
[6.508s][debug][gc,phases      ] GC(5)         Dead                      Min: 0, Avg:  0.0, Max: 0, Diff: 0, Sum: 0, Workers: 5
[6.508s][debug][gc,phases      ] GC(5)         Total                     Min: 0, Avg: 13.8, Max: 52, Diff: 52, Sum: 69, Workers: 5
[6.508s][debug][gc,phases      ] GC(5)       VM weak                   Min:  0.0, Avg:  0.0, Max:  0.0, Diff:  0.0, Sum:  0.0, Workers: 5
[6.508s][debug][gc,phases      ] GC(5)         Dead                      Min: 0, Avg:  0.0, Max: 0, Diff: 0, Sum: 0, Workers: 5
[6.508s][debug][gc,phases      ] GC(5)         Total                     Min: 0, Avg: 44.8, Max: 64, Diff: 64, Sum: 224, Workers: 5
[6.508s][debug][gc,phases      ] GC(5)       StringTable weak          Min:  0.0, Avg:  0.0, Max:  0.0, Diff:  0.0, Sum:  0.1, Workers: 5
[6.508s][debug][gc,phases      ] GC(5)         Dead                      Min: 0, Avg:  0.0, Max: 0, Diff: 0, Sum: 0, Workers: 5
[6.508s][debug][gc,phases      ] GC(5)         Total                     Min: 0, Avg: 722.4, Max: 960, Diff: 960, Sum: 3612, Workers: 5
[6.508s][debug][gc,phases      ] GC(5)       ResolvedMethodTable weak  Min:  0.0, Avg:  0.0, Max:  0.0, Diff:  0.0, Sum:  0.0, Workers: 5
[6.508s][debug][gc,phases      ] GC(5)         Dead                      Min: 0, Avg:  0.0, Max: 0, Diff: 0, Sum: 0, Workers: 5
[6.508s][debug][gc,phases      ] GC(5)         Total                     Min: 0, Avg: 117.8, Max: 192, Diff: 192, Sum: 589, Workers: 5
[6.508s][debug][gc,phases      ] GC(5)     Merge Per-Thread State: 0.0ms
[6.508s][debug][gc,phases      ] GC(5)       Copied Bytes              Min: 528, Avg: 64317.0, Max: 403520, Diff: 402992, Sum: 514536, Workers: 8
[6.508s][debug][gc,phases      ] GC(5)       LAB Waste                 Min: 0, Avg: 13.0, Max: 32, Diff: 32, Sum: 104, Workers: 8
[6.508s][debug][gc,phases      ] GC(5)       LAB Undo Waste            Min: 0, Avg:  0.0, Max: 0, Diff: 0, Sum: 0, Workers: 8
[6.508s][debug][gc,phases      ] GC(5)     Code Roots Purge: 0.0ms
[6.508s][debug][gc,phases      ] GC(5)     Redirty Cards: 0.0ms
[6.508s][debug][gc,phases      ] GC(5)     DerivedPointerTable Update: 0.0ms
[6.508s][debug][gc,phases      ] GC(5)     Free Collection Set: 0.1ms
[6.508s][debug][gc,phases      ] GC(5)     Rebuild Free List: 0.0ms
[6.508s][debug][gc,phases      ] GC(5)     Humongous Reclaim: 0.0ms
[6.508s][debug][gc,phases      ] GC(5)     Start New Collection Set: 0.0ms
[6.508s][debug][gc,phases      ] GC(5)     Resize TLABs: 0.0ms
[6.508s][debug][gc,phases      ] GC(5)     Expand Heap After Collection: 0.0ms
[6.508s][info ][gc,phases      ] GC(5)   Other: 0.3ms
[6.508s][info ][gc,heap        ] GC(5) Eden regions: 14->0(14)
[6.508s][info ][gc,heap        ] GC(5) Survivor regions: 1->1(2)
[6.508s][info ][gc,heap        ] GC(5) Old regions: 6->6
[6.508s][info ][gc,heap        ] GC(5) Archive regions: 2->2
[6.508s][info ][gc,heap        ] GC(5) Humongous regions: 0->0
[6.508s][info ][gc,metaspace   ] GC(5) Metaspace: 10456K(11136K)->10456K(11136K) NonClass: 9243K(9728K)->9243K(9728K) Class: 1213K(1408K)->1213K(1408K)
[6.508s][debug][gc,heap        ] GC(5) Heap after GC invocations=6 (full 1): garbage-first heap   total 27648K, used 4122K [0x0000000700000000, 0x0000000800000000)
[6.508s][debug][gc,heap        ] GC(5)   region size 1024K, 1 young (1024K), 1 survivors (1024K)
[6.508s][debug][gc,heap        ] GC(5)  Metaspace       used 10456K, capacity 10795K, committed 11136K, reserved 1058816K
[6.508s][debug][gc,heap        ] GC(5)   class space    used 1213K, capacity 1343K, committed 1408K, reserved 1048576K
[6.508s][info ][gc             ] GC(5) Pause Young (Normal) (G1 Evacuation Pause) 18M->4M(27M) 1.667ms
[6.508s][info ][gc,cpu         ] GC(5) User=0.00s Sys=0.00s Real=0.00s
[6.510s][info ][safepoint      ] Safepoint "G1CollectForAllocation", Time since last: 29582386 ns, Reaching safepoint: 156952 ns, At safepoint: 3795215 ns, Total: 3952167 ns
[6.537s][debug][gc,heap        ] GC(6) Heap before GC invocations=6 (full 1): garbage-first heap   total 27648K, used 18458K [0x0000000700000000, 0x0000000800000000)
[6.537s][debug][gc,heap        ] GC(6)   region size 1024K, 15 young (15360K), 1 survivors (1024K)
[6.537s][debug][gc,heap        ] GC(6)  Metaspace       used 10456K, capacity 10795K, committed 11136K, reserved 1058816K
[6.537s][debug][gc,heap        ] GC(6)   class space    used 1213K, capacity 1343K, committed 1408K, reserved 1048576K
[6.537s][info ][gc,start       ] GC(6) Pause Young (Normal) (G1 Evacuation Pause)
[6.537s][info ][gc,task        ] GC(6) Using 8 workers of 8 for evacuation
[6.537s][debug][gc,tlab        ] GC(6) TLAB totals: thrds: 8  refills: 409 max: 59 slow allocs: 0 max 0 waste:  2.6% gc: 147832B max: 36208B slow: 234672B max: 33872B fast: 0B max: 0B
[6.537s][debug][gc,age         ] GC(6) Desired survivor size 1048576 bytes, new threshold 15 (max threshold 15)
[6.537s][debug][gc,alloc,region] GC(6) Mutator Allocation stats, regions: 14, wasted size: 0B ( 0.0%)
[6.537s][debug][gc,ergo        ] GC(6) Running G1 Merge Heap Roots using 8 workers for 15 regions
[6.537s][debug][gc,remset      ] GC(6) Visited cards 4096 Total dirty 12288 (33.33%) Total old 77824 (5.26%)
[6.538s][debug][gc,ergo        ] GC(6) Running G1 Clear Card Table Task using 1 workers for 1 units of work for 21 regions.
[6.538s][debug][gc,ref         ] GC(6) Skipped phase1 of Reference Processing due to unavailable references
[6.538s][debug][gc,ref         ] GC(6) Skipped phase3 of Reference Processing due to unavailable references
[6.538s][debug][gc,ergo        ] GC(6) Running G1 Free Collection Set using 8 workers for collection set length 15 (27)
[6.538s][debug][gc,ergo        ] GC(6) Running G1 Rebuild Free List Task using 8 workers for rebuilding free list of 0 (4096) regions
[6.538s][trace][gc,age         ] GC(6) Age table with threshold 15 (max threshold 15)
[6.538s][trace][gc,age         ] GC(6) - age   1:       1272 bytes,       1272 total
[6.538s][trace][gc,age         ] GC(6) - age   5:        480 bytes,       1752 total
[6.538s][trace][gc,age         ] GC(6) - age   6:     512968 bytes,     514720 total
[6.538s][debug][gc,plab        ] GC(6) Young PLAB allocation: allocated: 26832B, wasted: 120B, unused: 7352B, used: 19360B, undo waste: 0B, 
[6.538s][debug][gc,plab        ] GC(6) Young other allocation: region end waste: 0B, regions filled: 1, direct allocated: 495360B, failure used: 0B, failure wasted: 0B
[6.538s][debug][gc,plab        ] GC(6) Young sizing: calculated: 3872B, actual: 3872B
[6.538s][debug][gc,plab        ] GC(6) Old PLAB allocation: allocated: 0B, wasted: 0B, unused: 0B, used: 0B, undo waste: 0B, 
[6.538s][debug][gc,plab        ] GC(6) Old other allocation: region end waste: 0B, regions filled: 0, direct allocated: 0B, failure used: 0B, failure wasted: 0B
[6.538s][debug][gc,plab        ] GC(6) Old sizing: calculated: 0B, actual: 2064B
[6.538s][debug][gc,ihop        ] GC(6) Basic information (value update), threshold: 12740198B (45.00), target occupancy: 28311552B, current occupancy: 4221888B, recent allocation size: 0B, recent allocation duration: 30.00ms, recent old gen allocation rate: 0.00B/s, recent marking phase length: 0.00ms
[6.538s][debug][gc,ihop        ] GC(6) Adaptive IHOP information (value update), threshold: 12740198B (47.37), internal target occupancy: 26895974B, occupancy: 4221888B, additional buffer size: 15728640B, predicted old gen allocation rate: 0.00B/s, predicted marking phase length: 0.00ms, prediction active: false
[6.538s][debug][gc,ergo,refine ] GC(6) Concurrent refinement times: Logged Cards Scan time goal: 20.00ms Logged Cards Scan time: 0.01ms HCC time: 0.00ms
[6.538s][debug][gc,ergo,refine ] GC(6) Updated Refinement Zones: green: 2048, yellow: 6144, red: 10240
[6.538s][info ][gc,phases      ] GC(6)   Pre Evacuate Collection Set: 0.1ms
[6.538s][debug][gc,phases      ] GC(6)     Prepare TLABs: 0.0ms
[6.538s][debug][gc,phases      ] GC(6)     Choose Collection Set: 0.0ms
[6.538s][debug][gc,phases      ] GC(6)     Region Register: 0.0ms
[6.538s][debug][gc,phases      ] GC(6)     Prepare Heap Roots: 0.0ms
[6.538s][info ][gc,phases      ] GC(6)   Merge Heap Roots: 0.1ms
[6.538s][debug][gc,phases      ] GC(6)     Prepare Merge Heap Roots: 0.0ms
[6.538s][debug][gc,phases      ] GC(6)     Eager Reclaim (ms):       skipped
[6.538s][debug][gc,phases      ] GC(6)     Remembered Sets (ms):     Min:  0.0, Avg:  0.0, Max:  0.0, Diff:  0.0, Sum:  0.0, Workers: 8
[6.538s][debug][gc,phases      ] GC(6)       Merged Sparse:            Min: 0, Avg:  0.0, Max: 0, Diff: 0, Sum: 0, Workers: 8
[6.538s][debug][gc,phases      ] GC(6)       Merged Fine:              Min: 0, Avg:  0.0, Max: 0, Diff: 0, Sum: 0, Workers: 8
[6.538s][debug][gc,phases      ] GC(6)       Merged Coarse:            Min: 0, Avg:  0.0, Max: 0, Diff: 0, Sum: 0, Workers: 8
[6.538s][debug][gc,phases      ] GC(6)       Dirty Cards:              Min: 0, Avg:  0.0, Max: 0, Diff: 0, Sum: 0, Workers: 8
[6.538s][debug][gc,phases      ] GC(6)     Hot Card Cache (ms):      Min:  0.0, Avg:  0.0, Max:  0.0, Diff:  0.0, Sum:  0.0, Workers: 8
[6.538s][debug][gc,phases      ] GC(6)       Dirty Cards:              Min: 0, Avg:  0.0, Max: 0, Diff: 0, Sum: 0, Workers: 8
[6.538s][debug][gc,phases      ] GC(6)       Skipped Cards:            Min: 0, Avg:  0.0, Max: 0, Diff: 0, Sum: 0, Workers: 8
[6.538s][debug][gc,phases      ] GC(6)     Log Buffers (ms):         Min:  0.0, Avg:  0.0, Max:  0.0, Diff:  0.0, Sum:  0.0, Workers: 8
[6.538s][debug][gc,phases      ] GC(6)       Dirty Cards:              Min: 0, Avg:  6.4, Max: 25, Diff: 25, Sum: 51, Workers: 8
[6.538s][debug][gc,phases      ] GC(6)       Skipped Cards:            Min: 0, Avg:  0.0, Max: 0, Diff: 0, Sum: 0, Workers: 8
[6.538s][info ][gc,phases      ] GC(6)   Evacuate Collection Set: 0.2ms
[6.538s][debug][gc,phases      ] GC(6)     Ext Root Scanning (ms):   Min:  0.0, Avg:  0.0, Max:  0.1, Diff:  0.1, Sum:  0.4, Workers: 8
[6.538s][debug][gc,phases      ] GC(6)     Scan Heap Roots (ms):     Min:  0.0, Avg:  0.0, Max:  0.0, Diff:  0.0, Sum:  0.1, Workers: 8
[6.538s][debug][gc,phases      ] GC(6)       Scanned Cards:            Min: 0, Avg:  6.0, Max: 13, Diff: 13, Sum: 48, Workers: 8
[6.538s][debug][gc,phases      ] GC(6)       Scanned Blocks:           Min: 0, Avg:  4.8, Max: 10, Diff: 10, Sum: 38, Workers: 8
[6.538s][debug][gc,phases      ] GC(6)       Claimed Chunks:           Min: 0, Avg:  2.0, Max: 4, Diff: 4, Sum: 16, Workers: 8
[6.538s][debug][gc,phases      ] GC(6)     Code Root Scan (ms):      Min:  0.0, Avg:  0.0, Max:  0.0, Diff:  0.0, Sum:  0.0, Workers: 8
[6.538s][debug][gc,phases      ] GC(6)     Object Copy (ms):         Min:  0.0, Avg:  0.0, Max:  0.1, Diff:  0.1, Sum:  0.2, Workers: 8
[6.538s][debug][gc,phases      ] GC(6)     Termination (ms):         Min:  0.0, Avg:  0.1, Max:  0.1, Diff:  0.1, Sum:  0.5, Workers: 8
[6.538s][debug][gc,phases      ] GC(6)       Termination Attempts:     Min: 1, Avg:  1.0, Max: 1, Diff: 0, Sum: 8, Workers: 8
[6.538s][debug][gc,phases      ] GC(6)     GC Worker Other (ms):     Min:  0.0, Avg:  0.0, Max:  0.0, Diff:  0.0, Sum:  0.0, Workers: 8
[6.538s][debug][gc,phases      ] GC(6)     GC Worker Total (ms):     Min:  0.1, Avg:  0.2, Max:  0.2, Diff:  0.0, Sum:  1.2, Workers: 8
[6.538s][info ][gc,phases      ] GC(6)   Post Evacuate Collection Set: 0.2ms
[6.538s][debug][gc,phases      ] GC(6)     Code Roots Fixup: 0.0ms
[6.538s][debug][gc,phases      ] GC(6)     Clear Card Table: 0.0ms
[6.538s][debug][gc,phases      ] GC(6)     Reference Processing: 0.0ms
[6.538s][debug][gc,phases,ref  ] GC(6)       Reconsider SoftReferences: 0.0ms
[6.538s][debug][gc,phases,ref  ] GC(6)         SoftRef (ms):             skipped
[6.538s][debug][gc,phases,ref  ] GC(6)       Notify Soft/WeakReferences: 0.0ms
[6.538s][debug][gc,phases,ref  ] GC(6)         SoftRef (ms):             Min:  0.0, Avg:  0.0, Max:  0.0, Diff:  0.0, Sum:  0.0, Workers: 1
[6.538s][debug][gc,phases,ref  ] GC(6)         WeakRef (ms):             Min:  0.0, Avg:  0.0, Max:  0.0, Diff:  0.0, Sum:  0.0, Workers: 1
[6.538s][debug][gc,phases,ref  ] GC(6)         FinalRef (ms):            Min:  0.0, Avg:  0.0, Max:  0.0, Diff:  0.0, Sum:  0.0, Workers: 1
[6.538s][debug][gc,phases,ref  ] GC(6)         Total (ms):               Min:  0.0, Avg:  0.0, Max:  0.0, Diff:  0.0, Sum:  0.0, Workers: 1
[6.538s][debug][gc,phases,ref  ] GC(6)       Notify and keep alive finalizable: 0.0ms
[6.538s][debug][gc,phases,ref  ] GC(6)         FinalRef (ms):            skipped
[6.538s][debug][gc,phases,ref  ] GC(6)       Notify PhantomReferences: 0.0ms
[6.538s][debug][gc,phases,ref  ] GC(6)         PhantomRef (ms):          Min:  0.0, Avg:  0.0, Max:  0.0, Diff:  0.0, Sum:  0.0, Workers: 1
[6.538s][debug][gc,phases,ref  ] GC(6)       SoftReference:
[6.538s][debug][gc,phases,ref  ] GC(6)         Discovered: 0
[6.538s][debug][gc,phases,ref  ] GC(6)         Cleared: 0
[6.538s][debug][gc,phases,ref  ] GC(6)       WeakReference:
[6.538s][debug][gc,phases,ref  ] GC(6)         Discovered: 5
[6.538s][debug][gc,phases,ref  ] GC(6)         Cleared: 5
[6.538s][debug][gc,phases,ref  ] GC(6)       FinalReference:
[6.538s][debug][gc,phases,ref  ] GC(6)         Discovered: 0
[6.538s][debug][gc,phases,ref  ] GC(6)         Cleared: 0
[6.538s][debug][gc,phases,ref  ] GC(6)       PhantomReference:
[6.538s][debug][gc,phases,ref  ] GC(6)         Discovered: 1
[6.538s][debug][gc,phases,ref  ] GC(6)         Cleared: 1
[6.538s][debug][gc,phases      ] GC(6)     Weak Processing: 0.0ms
[6.538s][debug][gc,phases      ] GC(6)       JVMTI weak processing: 0.0ms
[6.538s][debug][gc,phases      ] GC(6)         Dead: 0
[6.538s][debug][gc,phases      ] GC(6)         Total: 0
[6.538s][debug][gc,phases      ] GC(6)       JFR weak processing: 0.0ms
[6.538s][debug][gc,phases      ] GC(6)         Dead: 0
[6.538s][debug][gc,phases      ] GC(6)         Total: 0
[6.538s][debug][gc,phases      ] GC(6)       JNI weak                  Min:  0.0, Avg:  0.0, Max:  0.0, Diff:  0.0, Sum:  0.0, Workers: 5
[6.538s][debug][gc,phases      ] GC(6)         Dead                      Min: 0, Avg:  0.0, Max: 0, Diff: 0, Sum: 0, Workers: 5
[6.538s][debug][gc,phases      ] GC(6)         Total                     Min: 0, Avg: 14.4, Max: 52, Diff: 52, Sum: 72, Workers: 5
[6.538s][debug][gc,phases      ] GC(6)       VM weak                   Min:  0.0, Avg:  0.0, Max:  0.0, Diff:  0.0, Sum:  0.0, Workers: 5
[6.538s][debug][gc,phases      ] GC(6)         Dead                      Min: 0, Avg:  0.0, Max: 0, Diff: 0, Sum: 0, Workers: 5
[6.538s][debug][gc,phases      ] GC(6)         Total                     Min: 0, Avg: 44.8, Max: 64, Diff: 64, Sum: 224, Workers: 5
[6.538s][debug][gc,phases      ] GC(6)       StringTable weak          Min:  0.0, Avg:  0.0, Max:  0.0, Diff:  0.0, Sum:  0.1, Workers: 5
[6.538s][debug][gc,phases      ] GC(6)         Dead                      Min: 0, Avg:  0.0, Max: 0, Diff: 0, Sum: 0, Workers: 5
[6.538s][debug][gc,phases      ] GC(6)         Total                     Min: 703, Avg: 722.4, Max: 768, Diff: 65, Sum: 3612, Workers: 5
[6.538s][debug][gc,phases      ] GC(6)       ResolvedMethodTable weak  Min:  0.0, Avg:  0.0, Max:  0.0, Diff:  0.0, Sum:  0.0, Workers: 5
[6.538s][debug][gc,phases      ] GC(6)         Dead                      Min: 0, Avg:  0.0, Max: 0, Diff: 0, Sum: 0, Workers: 5
[6.538s][debug][gc,phases      ] GC(6)         Total                     Min: 64, Avg: 117.8, Max: 192, Diff: 128, Sum: 589, Workers: 5
[6.538s][debug][gc,phases      ] GC(6)     Merge Per-Thread State: 0.0ms
[6.538s][debug][gc,phases      ] GC(6)       Copied Bytes              Min: 1664, Avg: 64340.0, Max: 401504, Diff: 399840, Sum: 514720, Workers: 8
[6.538s][debug][gc,phases      ] GC(6)       LAB Waste                 Min: 0, Avg: 15.0, Max: 48, Diff: 48, Sum: 120, Workers: 8
[6.538s][debug][gc,phases      ] GC(6)       LAB Undo Waste            Min: 0, Avg:  0.0, Max: 0, Diff: 0, Sum: 0, Workers: 8
[6.538s][debug][gc,phases      ] GC(6)     Code Roots Purge: 0.0ms
[6.538s][debug][gc,phases      ] GC(6)     Redirty Cards: 0.0ms
[6.538s][debug][gc,phases      ] GC(6)     DerivedPointerTable Update: 0.0ms
[6.538s][debug][gc,phases      ] GC(6)     Free Collection Set: 0.0ms
[6.538s][debug][gc,phases      ] GC(6)     Rebuild Free List: 0.0ms
[6.538s][debug][gc,phases      ] GC(6)     Humongous Reclaim: 0.0ms
[6.538s][debug][gc,phases      ] GC(6)     Start New Collection Set: 0.0ms
[6.538s][debug][gc,phases      ] GC(6)     Resize TLABs: 0.0ms
[6.538s][debug][gc,phases      ] GC(6)     Expand Heap After Collection: 0.0ms
[6.538s][info ][gc,phases      ] GC(6)   Other: 0.2ms
[6.538s][info ][gc,heap        ] GC(6) Eden regions: 14->0(14)
[6.538s][info ][gc,heap        ] GC(6) Survivor regions: 1->1(2)
[6.538s][info ][gc,heap        ] GC(6) Old regions: 6->6
[6.538s][info ][gc,heap        ] GC(6) Archive regions: 2->2
[6.538s][info ][gc,heap        ] GC(6) Humongous regions: 0->0
[6.538s][info ][gc,metaspace   ] GC(6) Metaspace: 10456K(11136K)->10456K(11136K) NonClass: 9243K(9728K)->9243K(9728K) Class: 1213K(1408K)->1213K(1408K)
[6.538s][debug][gc,heap        ] GC(6) Heap after GC invocations=7 (full 1): garbage-first heap   total 27648K, used 4122K [0x0000000700000000, 0x0000000800000000)
[6.538s][debug][gc,heap        ] GC(6)   region size 1024K, 1 young (1024K), 1 survivors (1024K)
[6.539s][debug][gc,heap        ] GC(6)  Metaspace       used 10456K, capacity 10795K, committed 11136K, reserved 1058816K
[6.539s][debug][gc,heap        ] GC(6)   class space    used 1213K, capacity 1343K, committed 1408K, reserved 1048576K
[6.539s][info ][gc             ] GC(6) Pause Young (Normal) (G1 Evacuation Pause) 18M->4M(27M) 1.290ms
[6.539s][info ][gc,cpu         ] GC(6) User=0.00s Sys=0.00s Real=0.01s
[6.540s][info ][safepoint      ] Safepoint "G1CollectForAllocation", Time since last: 27053698 ns, Reaching safepoint: 131528 ns, At safepoint: 3344319 ns, Total: 3475847 ns
[6.563s][debug][gc,heap        ] GC(7) Heap before GC invocations=7 (full 1): garbage-first heap   total 27648K, used 18458K [0x0000000700000000, 0x0000000800000000)
[6.563s][debug][gc,heap        ] GC(7)   region size 1024K, 15 young (15360K), 1 survivors (1024K)
[6.563s][debug][gc,heap        ] GC(7)  Metaspace       used 10456K, capacity 10795K, committed 11136K, reserved 1058816K
[6.563s][debug][gc,heap        ] GC(7)   class space    used 1213K, capacity 1343K, committed 1408K, reserved 1048576K
[6.563s][info ][gc,start       ] GC(7) Pause Young (Normal) (G1 Evacuation Pause)
[6.563s][info ][gc,task        ] GC(7) Using 8 workers of 8 for evacuation
[6.563s][debug][gc,tlab        ] GC(7) TLAB totals: thrds: 9  refills: 411 max: 64 slow allocs: 0 max 0 waste:  2.7% gc: 167312B max: 36472B slow: 234712B max: 36992B fast: 0B max: 0B
[6.563s][debug][gc,age         ] GC(7) Desired survivor size 1048576 bytes, new threshold 15 (max threshold 15)
[6.563s][debug][gc,alloc,region] GC(7) Mutator Allocation stats, regions: 14, wasted size: 0B ( 0.0%)
[6.563s][debug][gc,ergo        ] GC(7) Running G1 Merge Heap Roots using 8 workers for 15 regions
[6.563s][debug][gc,remset      ] GC(7) Visited cards 4096 Total dirty 12288 (33.33%) Total old 77824 (5.26%)
[6.563s][debug][gc,ergo        ] GC(7) Running G1 Clear Card Table Task using 1 workers for 1 units of work for 21 regions.
[6.563s][debug][gc,ref         ] GC(7) Skipped phase1 of Reference Processing due to unavailable references
[6.563s][debug][gc,ref         ] GC(7) Skipped phase3 of Reference Processing due to unavailable references
[6.563s][debug][gc,ergo        ] GC(7) Running G1 Free Collection Set using 8 workers for collection set length 15 (27)
[6.563s][debug][gc,ergo        ] GC(7) Running G1 Rebuild Free List Task using 8 workers for rebuilding free list of 0 (4096) regions
[6.564s][trace][gc,age         ] GC(7) Age table with threshold 15 (max threshold 15)
[6.564s][trace][gc,age         ] GC(7) - age   1:        696 bytes,        696 total
[6.564s][trace][gc,age         ] GC(7) - age   6:        480 bytes,       1176 total
[6.564s][trace][gc,age         ] GC(7) - age   7:     512968 bytes,     514144 total
[6.564s][debug][gc,plab        ] GC(7) Young PLAB allocation: allocated: 26832B, wasted: 128B, unused: 7552B, used: 19152B, undo waste: 0B, 
[6.564s][debug][gc,plab        ] GC(7) Young other allocation: region end waste: 0B, regions filled: 1, direct allocated: 494992B, failure used: 0B, failure wasted: 0B
[6.564s][debug][gc,plab        ] GC(7) Young sizing: calculated: 3824B, actual: 3832B
[6.564s][debug][gc,plab        ] GC(7) Old PLAB allocation: allocated: 0B, wasted: 0B, unused: 0B, used: 0B, undo waste: 0B, 
[6.564s][debug][gc,plab        ] GC(7) Old other allocation: region end waste: 0B, regions filled: 0, direct allocated: 0B, failure used: 0B, failure wasted: 0B
[6.564s][debug][gc,plab        ] GC(7) Old sizing: calculated: 0B, actual: 2064B
[6.564s][debug][gc,ihop        ] GC(7) Basic information (value update), threshold: 12740198B (45.00), target occupancy: 28311552B, current occupancy: 4221520B, recent allocation size: 0B, recent allocation duration: 25.00ms, recent old gen allocation rate: 0.00B/s, recent marking phase length: 0.00ms
[6.564s][debug][gc,ihop        ] GC(7) Adaptive IHOP information (value update), threshold: 12740198B (47.37), internal target occupancy: 26895974B, occupancy: 4221520B, additional buffer size: 15728640B, predicted old gen allocation rate: 0.00B/s, predicted marking phase length: 0.00ms, prediction active: false
[6.564s][debug][gc,ergo,refine ] GC(7) Concurrent refinement times: Logged Cards Scan time goal: 20.00ms Logged Cards Scan time: 0.02ms HCC time: 0.00ms
[6.564s][debug][gc,ergo,refine ] GC(7) Updated Refinement Zones: green: 2048, yellow: 6144, red: 10240
[6.564s][info ][gc,phases      ] GC(7)   Pre Evacuate Collection Set: 0.1ms
[6.564s][debug][gc,phases      ] GC(7)     Prepare TLABs: 0.0ms
[6.564s][debug][gc,phases      ] GC(7)     Choose Collection Set: 0.0ms
[6.564s][debug][gc,phases      ] GC(7)     Region Register: 0.1ms
[6.564s][debug][gc,phases      ] GC(7)     Prepare Heap Roots: 0.0ms
[6.564s][info ][gc,phases      ] GC(7)   Merge Heap Roots: 0.1ms
[6.564s][debug][gc,phases      ] GC(7)     Prepare Merge Heap Roots: 0.0ms
[6.564s][debug][gc,phases      ] GC(7)     Eager Reclaim (ms):       skipped
[6.564s][debug][gc,phases      ] GC(7)     Remembered Sets (ms):     Min:  0.0, Avg:  0.0, Max:  0.0, Diff:  0.0, Sum:  0.0, Workers: 8
[6.564s][debug][gc,phases      ] GC(7)       Merged Sparse:            Min: 0, Avg:  0.0, Max: 0, Diff: 0, Sum: 0, Workers: 8
[6.564s][debug][gc,phases      ] GC(7)       Merged Fine:              Min: 0, Avg:  0.0, Max: 0, Diff: 0, Sum: 0, Workers: 8
[6.564s][debug][gc,phases      ] GC(7)       Merged Coarse:            Min: 0, Avg:  0.0, Max: 0, Diff: 0, Sum: 0, Workers: 8
[6.564s][debug][gc,phases      ] GC(7)       Dirty Cards:              Min: 0, Avg:  0.0, Max: 0, Diff: 0, Sum: 0, Workers: 8
[6.564s][debug][gc,phases      ] GC(7)     Hot Card Cache (ms):      Min:  0.0, Avg:  0.0, Max:  0.0, Diff:  0.0, Sum:  0.0, Workers: 8
[6.564s][debug][gc,phases      ] GC(7)       Dirty Cards:              Min: 0, Avg:  0.0, Max: 0, Diff: 0, Sum: 0, Workers: 8
[6.564s][debug][gc,phases      ] GC(7)       Skipped Cards:            Min: 0, Avg:  0.0, Max: 0, Diff: 0, Sum: 0, Workers: 8
[6.564s][debug][gc,phases      ] GC(7)     Log Buffers (ms):         Min:  0.0, Avg:  0.0, Max:  0.0, Diff:  0.0, Sum:  0.1, Workers: 8
[6.564s][debug][gc,phases      ] GC(7)       Dirty Cards:              Min: 0, Avg:  6.5, Max: 19, Diff: 19, Sum: 52, Workers: 8
[6.564s][debug][gc,phases      ] GC(7)       Skipped Cards:            Min: 0, Avg:  0.0, Max: 0, Diff: 0, Sum: 0, Workers: 8
[6.564s][info ][gc,phases      ] GC(7)   Evacuate Collection Set: 0.2ms
[6.564s][debug][gc,phases      ] GC(7)     Ext Root Scanning (ms):   Min:  0.0, Avg:  0.1, Max:  0.1, Diff:  0.1, Sum:  0.4, Workers: 8
[6.564s][debug][gc,phases      ] GC(7)     Scan Heap Roots (ms):     Min:  0.0, Avg:  0.0, Max:  0.0, Diff:  0.0, Sum:  0.1, Workers: 8
[6.564s][debug][gc,phases      ] GC(7)       Scanned Cards:            Min: 0, Avg:  6.0, Max: 11, Diff: 11, Sum: 48, Workers: 8
[6.564s][debug][gc,phases      ] GC(7)       Scanned Blocks:           Min: 0, Avg:  4.8, Max: 9, Diff: 9, Sum: 38, Workers: 8
[6.564s][debug][gc,phases      ] GC(7)       Claimed Chunks:           Min: 0, Avg:  2.0, Max: 4, Diff: 4, Sum: 16, Workers: 8
[6.564s][debug][gc,phases      ] GC(7)     Code Root Scan (ms):      Min:  0.0, Avg:  0.0, Max:  0.0, Diff:  0.0, Sum:  0.0, Workers: 8
[6.564s][debug][gc,phases      ] GC(7)     Object Copy (ms):         Min:  0.0, Avg:  0.0, Max:  0.1, Diff:  0.1, Sum:  0.2, Workers: 8
[6.564s][debug][gc,phases      ] GC(7)     Termination (ms):         Min:  0.0, Avg:  0.1, Max:  0.1, Diff:  0.1, Sum:  0.4, Workers: 8
[6.564s][debug][gc,phases      ] GC(7)       Termination Attempts:     Min: 1, Avg:  1.0, Max: 1, Diff: 0, Sum: 8, Workers: 8
[6.564s][debug][gc,phases      ] GC(7)     GC Worker Other (ms):     Min:  0.0, Avg:  0.0, Max:  0.0, Diff:  0.0, Sum:  0.1, Workers: 8
[6.564s][debug][gc,phases      ] GC(7)     GC Worker Total (ms):     Min:  0.1, Avg:  0.2, Max:  0.2, Diff:  0.0, Sum:  1.3, Workers: 8
[6.564s][info ][gc,phases      ] GC(7)   Post Evacuate Collection Set: 0.3ms
[6.564s][debug][gc,phases      ] GC(7)     Code Roots Fixup: 0.0ms
[6.564s][debug][gc,phases      ] GC(7)     Clear Card Table: 0.0ms
[6.564s][debug][gc,phases      ] GC(7)     Reference Processing: 0.0ms
[6.564s][debug][gc,phases,ref  ] GC(7)       Reconsider SoftReferences: 0.0ms
[6.564s][debug][gc,phases,ref  ] GC(7)         SoftRef (ms):             skipped
[6.564s][debug][gc,phases,ref  ] GC(7)       Notify Soft/WeakReferences: 0.0ms
[6.564s][debug][gc,phases,ref  ] GC(7)         SoftRef (ms):             Min:  0.0, Avg:  0.0, Max:  0.0, Diff:  0.0, Sum:  0.0, Workers: 1
[6.564s][debug][gc,phases,ref  ] GC(7)         WeakRef (ms):             Min:  0.0, Avg:  0.0, Max:  0.0, Diff:  0.0, Sum:  0.0, Workers: 1
[6.564s][debug][gc,phases,ref  ] GC(7)         FinalRef (ms):            Min:  0.0, Avg:  0.0, Max:  0.0, Diff:  0.0, Sum:  0.0, Workers: 1
[6.564s][debug][gc,phases,ref  ] GC(7)         Total (ms):               Min:  0.0, Avg:  0.0, Max:  0.0, Diff:  0.0, Sum:  0.0, Workers: 1
[6.564s][debug][gc,phases,ref  ] GC(7)       Notify and keep alive finalizable: 0.0ms
[6.564s][debug][gc,phases,ref  ] GC(7)         FinalRef (ms):            skipped
[6.564s][debug][gc,phases,ref  ] GC(7)       Notify PhantomReferences: 0.0ms
[6.564s][debug][gc,phases,ref  ] GC(7)         PhantomRef (ms):          Min:  0.0, Avg:  0.0, Max:  0.0, Diff:  0.0, Sum:  0.0, Workers: 1
[6.564s][debug][gc,phases,ref  ] GC(7)       SoftReference:
[6.564s][debug][gc,phases,ref  ] GC(7)         Discovered: 0
[6.564s][debug][gc,phases,ref  ] GC(7)         Cleared: 0
[6.564s][debug][gc,phases,ref  ] GC(7)       WeakReference:
[6.564s][debug][gc,phases,ref  ] GC(7)         Discovered: 1
[6.564s][debug][gc,phases,ref  ] GC(7)         Cleared: 1
[6.564s][debug][gc,phases,ref  ] GC(7)       FinalReference:
[6.564s][debug][gc,phases,ref  ] GC(7)         Discovered: 0
[6.564s][debug][gc,phases,ref  ] GC(7)         Cleared: 0
[6.564s][debug][gc,phases,ref  ] GC(7)       PhantomReference:
[6.564s][debug][gc,phases,ref  ] GC(7)         Discovered: 2
[6.564s][debug][gc,phases,ref  ] GC(7)         Cleared: 2
[6.564s][debug][gc,phases      ] GC(7)     Weak Processing: 0.1ms
[6.564s][debug][gc,phases      ] GC(7)       JVMTI weak processing: 0.0ms
[6.564s][debug][gc,phases      ] GC(7)         Dead: 0
[6.564s][debug][gc,phases      ] GC(7)         Total: 0
[6.564s][debug][gc,phases      ] GC(7)       JFR weak processing: 0.0ms
[6.564s][debug][gc,phases      ] GC(7)         Dead: 0
[6.564s][debug][gc,phases      ] GC(7)         Total: 0
[6.564s][debug][gc,phases      ] GC(7)       JNI weak                  Min:  0.0, Avg:  0.0, Max:  0.0, Diff:  0.0, Sum:  0.0, Workers: 5
[6.564s][debug][gc,phases      ] GC(7)         Dead                      Min: 0, Avg:  0.0, Max: 0, Diff: 0, Sum: 0, Workers: 5
[6.564s][debug][gc,phases      ] GC(7)         Total                     Min: 0, Avg: 14.4, Max: 52, Diff: 52, Sum: 72, Workers: 5
[6.564s][debug][gc,phases      ] GC(7)       VM weak                   Min:  0.0, Avg:  0.0, Max:  0.0, Diff:  0.0, Sum:  0.0, Workers: 5
[6.564s][debug][gc,phases      ] GC(7)         Dead                      Min: 0, Avg:  0.0, Max: 0, Diff: 0, Sum: 0, Workers: 5
[6.564s][debug][gc,phases      ] GC(7)         Total                     Min: 0, Avg: 44.8, Max: 96, Diff: 96, Sum: 224, Workers: 5
[6.564s][debug][gc,phases      ] GC(7)       StringTable weak          Min:  0.0, Avg:  0.0, Max:  0.0, Diff:  0.0, Sum:  0.1, Workers: 5
[6.564s][debug][gc,phases      ] GC(7)         Dead                      Min: 0, Avg:  0.0, Max: 0, Diff: 0, Sum: 0, Workers: 5
[6.564s][debug][gc,phases      ] GC(7)         Total                     Min: 0, Avg: 722.4, Max: 1245, Diff: 1245, Sum: 3612, Workers: 5
[6.564s][debug][gc,phases      ] GC(7)       ResolvedMethodTable weak  Min:  0.0, Avg:  0.0, Max:  0.0, Diff:  0.0, Sum:  0.1, Workers: 5
[6.564s][debug][gc,phases      ] GC(7)         Dead                      Min: 0, Avg:  0.0, Max: 0, Diff: 0, Sum: 0, Workers: 5
[6.564s][debug][gc,phases      ] GC(7)         Total                     Min: 0, Avg: 117.8, Max: 205, Diff: 205, Sum: 589, Workers: 5
[6.564s][debug][gc,phases      ] GC(7)     Merge Per-Thread State: 0.0ms
[6.564s][debug][gc,phases      ] GC(7)       Copied Bytes              Min: 1488, Avg: 64268.0, Max: 401080, Diff: 399592, Sum: 514144, Workers: 8
[6.564s][debug][gc,phases      ] GC(7)       LAB Waste                 Min: 0, Avg: 16.0, Max: 40, Diff: 40, Sum: 128, Workers: 8
[6.564s][debug][gc,phases      ] GC(7)       LAB Undo Waste            Min: 0, Avg:  0.0, Max: 0, Diff: 0, Sum: 0, Workers: 8
[6.564s][debug][gc,phases      ] GC(7)     Code Roots Purge: 0.0ms
[6.564s][debug][gc,phases      ] GC(7)     Redirty Cards: 0.0ms
[6.564s][debug][gc,phases      ] GC(7)     DerivedPointerTable Update: 0.0ms
[6.564s][debug][gc,phases      ] GC(7)     Free Collection Set: 0.0ms
[6.564s][debug][gc,phases      ] GC(7)     Rebuild Free List: 0.1ms
[6.564s][debug][gc,phases      ] GC(7)     Humongous Reclaim: 0.0ms
[6.564s][debug][gc,phases      ] GC(7)     Start New Collection Set: 0.0ms
[6.564s][debug][gc,phases      ] GC(7)     Resize TLABs: 0.0ms
[6.564s][debug][gc,phases      ] GC(7)     Expand Heap After Collection: 0.0ms
[6.564s][info ][gc,phases      ] GC(7)   Other: 0.3ms
[6.564s][info ][gc,heap        ] GC(7) Eden regions: 14->0(14)
[6.564s][info ][gc,heap        ] GC(7) Survivor regions: 1->1(2)
[6.564s][info ][gc,heap        ] GC(7) Old regions: 6->6
[6.564s][info ][gc,heap        ] GC(7) Archive regions: 2->2
[6.564s][info ][gc,heap        ] GC(7) Humongous regions: 0->0
[6.564s][info ][gc,metaspace   ] GC(7) Metaspace: 10456K(11136K)->10456K(11136K) NonClass: 9243K(9728K)->9243K(9728K) Class: 1213K(1408K)->1213K(1408K)
[6.564s][debug][gc,heap        ] GC(7) Heap after GC invocations=8 (full 1): garbage-first heap   total 27648K, used 4122K [0x0000000700000000, 0x0000000800000000)
[6.564s][debug][gc,heap        ] GC(7)   region size 1024K, 1 young (1024K), 1 survivors (1024K)
[6.564s][debug][gc,heap        ] GC(7)  Metaspace       used 10456K, capacity 10795K, committed 11136K, reserved 1058816K
[6.564s][debug][gc,heap        ] GC(7)   class space    used 1213K, capacity 1343K, committed 1408K, reserved 1048576K
[6.564s][info ][gc             ] GC(7) Pause Young (Normal) (G1 Evacuation Pause) 18M->4M(27M) 1.478ms
[6.564s][info ][gc,cpu         ] GC(7) User=0.00s Sys=0.00s Real=0.00s
[6.566s][info ][safepoint      ] Safepoint "G1CollectForAllocation", Time since last: 22096446 ns, Reaching safepoint: 111078 ns, At safepoint: 2985603 ns, Total: 3096681 ns
[6.586s][debug][gc,heap        ] GC(8) Heap before GC invocations=8 (full 1): garbage-first heap   total 27648K, used 18458K [0x0000000700000000, 0x0000000800000000)
[6.586s][debug][gc,heap        ] GC(8)   region size 1024K, 15 young (15360K), 1 survivors (1024K)
[6.586s][debug][gc,heap        ] GC(8)  Metaspace       used 10456K, capacity 10795K, committed 11136K, reserved 1058816K
[6.586s][debug][gc,heap        ] GC(8)   class space    used 1213K, capacity 1343K, committed 1408K, reserved 1048576K
[6.586s][info ][gc,start       ] GC(8) Pause Young (Normal) (G1 Evacuation Pause)
[6.586s][info ][gc,task        ] GC(8) Using 8 workers of 8 for evacuation
[6.586s][debug][gc,tlab        ] GC(8) TLAB totals: thrds: 10  refills: 421 max: 78 slow allocs: 0 max 0 waste:  3.2% gc: 235024B max: 97344B slow: 240776B max: 44992B fast: 0B max: 0B
[6.586s][debug][gc,age         ] GC(8) Desired survivor size 1048576 bytes, new threshold 15 (max threshold 15)
[6.586s][debug][gc,alloc,region] GC(8) Mutator Allocation stats, regions: 14, wasted size: 0B ( 0.0%)
[6.586s][debug][gc,ergo        ] GC(8) Running G1 Merge Heap Roots using 8 workers for 15 regions
[6.586s][debug][gc,remset      ] GC(8) Visited cards 4096 Total dirty 12288 (33.33%) Total old 77824 (5.26%)
[6.586s][debug][gc,ergo        ] GC(8) Running G1 Clear Card Table Task using 1 workers for 1 units of work for 21 regions.
[6.586s][debug][gc,ref         ] GC(8) Skipped phase1 of Reference Processing due to unavailable references
[6.586s][debug][gc,ref         ] GC(8) Skipped phase3 of Reference Processing due to unavailable references
[6.586s][debug][gc,ref         ] GC(8) Skipped phase4 of Reference Processing due to unavailable references
[6.586s][debug][gc,ergo        ] GC(8) Running G1 Free Collection Set using 8 workers for collection set length 15 (27)
[6.586s][debug][gc,ergo        ] GC(8) Running G1 Rebuild Free List Task using 8 workers for rebuilding free list of 0 (4096) regions
[6.586s][trace][gc,age         ] GC(8) Age table with threshold 15 (max threshold 15)
[6.586s][trace][gc,age         ] GC(8) - age   1:       1112 bytes,       1112 total
[6.586s][trace][gc,age         ] GC(8) - age   7:        416 bytes,       1528 total
[6.587s][trace][gc,age         ] GC(8) - age   8:     512936 bytes,     514464 total
[6.587s][debug][gc,plab        ] GC(8) Young PLAB allocation: allocated: 24768B, wasted: 224B, unused: 5152B, used: 19392B, undo waste: 0B, 
[6.587s][debug][gc,plab        ] GC(8) Young other allocation: region end waste: 0B, regions filled: 1, direct allocated: 495072B, failure used: 0B, failure wasted: 0B
[6.587s][debug][gc,plab        ] GC(8) Young sizing: calculated: 3872B, actual: 3856B
[6.587s][debug][gc,plab        ] GC(8) Old PLAB allocation: allocated: 0B, wasted: 0B, unused: 0B, used: 0B, undo waste: 0B, 
[6.587s][debug][gc,plab        ] GC(8) Old other allocation: region end waste: 0B, regions filled: 0, direct allocated: 0B, failure used: 0B, failure wasted: 0B
[6.587s][debug][gc,plab        ] GC(8) Old sizing: calculated: 0B, actual: 2064B
[6.587s][debug][gc,ihop        ] GC(8) Basic information (value update), threshold: 12740198B (45.00), target occupancy: 28311552B, current occupancy: 4219536B, recent allocation size: 0B, recent allocation duration: 22.15ms, recent old gen allocation rate: 0.00B/s, recent marking phase length: 0.00ms
[6.587s][debug][gc,ihop        ] GC(8) Adaptive IHOP information (value update), threshold: 12740198B (47.37), internal target occupancy: 26895974B, occupancy: 4219536B, additional buffer size: 15728640B, predicted old gen allocation rate: 0.00B/s, predicted marking phase length: 0.00ms, prediction active: false
[6.587s][debug][gc,ergo,refine ] GC(8) Concurrent refinement times: Logged Cards Scan time goal: 20.00ms Logged Cards Scan time: 0.02ms HCC time: 0.00ms
[6.587s][debug][gc,ergo,refine ] GC(8) Updated Refinement Zones: green: 2048, yellow: 6144, red: 10240
[6.587s][info ][gc,phases      ] GC(8)   Pre Evacuate Collection Set: 0.1ms
[6.587s][debug][gc,phases      ] GC(8)     Prepare TLABs: 0.0ms
[6.587s][debug][gc,phases      ] GC(8)     Choose Collection Set: 0.0ms
[6.587s][debug][gc,phases      ] GC(8)     Region Register: 0.1ms
[6.587s][debug][gc,phases      ] GC(8)     Prepare Heap Roots: 0.0ms
[6.587s][info ][gc,phases      ] GC(8)   Merge Heap Roots: 0.1ms
[6.587s][debug][gc,phases      ] GC(8)     Prepare Merge Heap Roots: 0.0ms
[6.587s][debug][gc,phases      ] GC(8)     Eager Reclaim (ms):       skipped
[6.587s][debug][gc,phases      ] GC(8)     Remembered Sets (ms):     Min:  0.0, Avg:  0.0, Max:  0.0, Diff:  0.0, Sum:  0.0, Workers: 8
[6.587s][debug][gc,phases      ] GC(8)       Merged Sparse:            Min: 0, Avg:  0.0, Max: 0, Diff: 0, Sum: 0, Workers: 8
[6.587s][debug][gc,phases      ] GC(8)       Merged Fine:              Min: 0, Avg:  0.0, Max: 0, Diff: 0, Sum: 0, Workers: 8
[6.587s][debug][gc,phases      ] GC(8)       Merged Coarse:            Min: 0, Avg:  0.0, Max: 0, Diff: 0, Sum: 0, Workers: 8
[6.587s][debug][gc,phases      ] GC(8)       Dirty Cards:              Min: 0, Avg:  0.0, Max: 0, Diff: 0, Sum: 0, Workers: 8
[6.587s][debug][gc,phases      ] GC(8)     Hot Card Cache (ms):      Min:  0.0, Avg:  0.0, Max:  0.0, Diff:  0.0, Sum:  0.0, Workers: 8
[6.587s][debug][gc,phases      ] GC(8)       Dirty Cards:              Min: 0, Avg:  0.0, Max: 0, Diff: 0, Sum: 0, Workers: 8
[6.587s][debug][gc,phases      ] GC(8)       Skipped Cards:            Min: 0, Avg:  0.0, Max: 0, Diff: 0, Sum: 0, Workers: 8
[6.587s][debug][gc,phases      ] GC(8)     Log Buffers (ms):         Min:  0.0, Avg:  0.0, Max:  0.0, Diff:  0.0, Sum:  0.0, Workers: 8
[6.587s][debug][gc,phases      ] GC(8)       Dirty Cards:              Min: 0, Avg:  6.9, Max: 18, Diff: 18, Sum: 55, Workers: 8
[6.587s][debug][gc,phases      ] GC(8)       Skipped Cards:            Min: 0, Avg:  0.0, Max: 0, Diff: 0, Sum: 0, Workers: 8
[6.587s][info ][gc,phases      ] GC(8)   Evacuate Collection Set: 0.2ms
[6.587s][debug][gc,phases      ] GC(8)     Ext Root Scanning (ms):   Min:  0.0, Avg:  0.1, Max:  0.1, Diff:  0.1, Sum:  0.4, Workers: 8
[6.587s][debug][gc,phases      ] GC(8)     Scan Heap Roots (ms):     Min:  0.0, Avg:  0.0, Max:  0.0, Diff:  0.0, Sum:  0.1, Workers: 8
[6.587s][debug][gc,phases      ] GC(8)       Scanned Cards:            Min: 0, Avg:  6.6, Max: 11, Diff: 11, Sum: 53, Workers: 8
[6.587s][debug][gc,phases      ] GC(8)       Scanned Blocks:           Min: 0, Avg:  5.1, Max: 8, Diff: 8, Sum: 41, Workers: 8
[6.587s][debug][gc,phases      ] GC(8)       Claimed Chunks:           Min: 0, Avg:  2.0, Max: 4, Diff: 4, Sum: 16, Workers: 8
[6.587s][debug][gc,phases      ] GC(8)     Code Root Scan (ms):      Min:  0.0, Avg:  0.0, Max:  0.0, Diff:  0.0, Sum:  0.0, Workers: 8
[6.587s][debug][gc,phases      ] GC(8)     Object Copy (ms):         Min:  0.0, Avg:  0.0, Max:  0.1, Diff:  0.1, Sum:  0.2, Workers: 8
[6.587s][debug][gc,phases      ] GC(8)     Termination (ms):         Min:  0.0, Avg:  0.0, Max:  0.1, Diff:  0.1, Sum:  0.4, Workers: 8
[6.587s][debug][gc,phases      ] GC(8)       Termination Attempts:     Min: 1, Avg:  1.0, Max: 1, Diff: 0, Sum: 8, Workers: 8
[6.587s][debug][gc,phases      ] GC(8)     GC Worker Other (ms):     Min:  0.0, Avg:  0.0, Max:  0.0, Diff:  0.0, Sum:  0.1, Workers: 8
[6.587s][debug][gc,phases      ] GC(8)     GC Worker Total (ms):     Min:  0.1, Avg:  0.2, Max:  0.2, Diff:  0.1, Sum:  1.2, Workers: 8
[6.587s][info ][gc,phases      ] GC(8)   Post Evacuate Collection Set: 0.2ms
[6.587s][debug][gc,phases      ] GC(8)     Code Roots Fixup: 0.0ms
[6.587s][debug][gc,phases      ] GC(8)     Clear Card Table: 0.0ms
[6.587s][debug][gc,phases      ] GC(8)     Reference Processing: 0.0ms
[6.587s][debug][gc,phases,ref  ] GC(8)       Reconsider SoftReferences: 0.0ms
[6.587s][debug][gc,phases,ref  ] GC(8)         SoftRef (ms):             skipped
[6.587s][debug][gc,phases,ref  ] GC(8)       Notify Soft/WeakReferences: 0.0ms
[6.587s][debug][gc,phases,ref  ] GC(8)         SoftRef (ms):             Min:  0.0, Avg:  0.0, Max:  0.0, Diff:  0.0, Sum:  0.0, Workers: 1
[6.587s][debug][gc,phases,ref  ] GC(8)         WeakRef (ms):             Min:  0.0, Avg:  0.0, Max:  0.0, Diff:  0.0, Sum:  0.0, Workers: 1
[6.587s][debug][gc,phases,ref  ] GC(8)         FinalRef (ms):            Min:  0.0, Avg:  0.0, Max:  0.0, Diff:  0.0, Sum:  0.0, Workers: 1
[6.587s][debug][gc,phases,ref  ] GC(8)         Total (ms):               Min:  0.0, Avg:  0.0, Max:  0.0, Diff:  0.0, Sum:  0.0, Workers: 1
[6.587s][debug][gc,phases,ref  ] GC(8)       Notify and keep alive finalizable: 0.0ms
[6.587s][debug][gc,phases,ref  ] GC(8)         FinalRef (ms):            skipped
[6.587s][debug][gc,phases,ref  ] GC(8)       Notify PhantomReferences: 0.0ms
[6.587s][debug][gc,phases,ref  ] GC(8)         PhantomRef (ms):          skipped
[6.587s][debug][gc,phases,ref  ] GC(8)       SoftReference:
[6.587s][debug][gc,phases,ref  ] GC(8)         Discovered: 0
[6.587s][debug][gc,phases,ref  ] GC(8)         Cleared: 0
[6.587s][debug][gc,phases,ref  ] GC(8)       WeakReference:
[6.587s][debug][gc,phases,ref  ] GC(8)         Discovered: 1
[6.587s][debug][gc,phases,ref  ] GC(8)         Cleared: 0
[6.587s][debug][gc,phases,ref  ] GC(8)       FinalReference:
[6.587s][debug][gc,phases,ref  ] GC(8)         Discovered: 0
[6.587s][debug][gc,phases,ref  ] GC(8)         Cleared: 0
[6.587s][debug][gc,phases,ref  ] GC(8)       PhantomReference:
[6.587s][debug][gc,phases,ref  ] GC(8)         Discovered: 0
[6.587s][debug][gc,phases,ref  ] GC(8)         Cleared: 0
[6.587s][debug][gc,phases      ] GC(8)     Weak Processing: 0.0ms
[6.587s][debug][gc,phases      ] GC(8)       JVMTI weak processing: 0.0ms
[6.587s][debug][gc,phases      ] GC(8)         Dead: 0
[6.587s][debug][gc,phases      ] GC(8)         Total: 0
[6.587s][debug][gc,phases      ] GC(8)       JFR weak processing: 0.0ms
[6.587s][debug][gc,phases      ] GC(8)         Dead: 0
[6.587s][debug][gc,phases      ] GC(8)         Total: 0
[6.587s][debug][gc,phases      ] GC(8)       JNI weak                  Min:  0.0, Avg:  0.0, Max:  0.0, Diff:  0.0, Sum:  0.0, Workers: 5
[6.587s][debug][gc,phases      ] GC(8)         Dead                      Min: 0, Avg:  0.0, Max: 0, Diff: 0, Sum: 0, Workers: 5
[6.587s][debug][gc,phases      ] GC(8)         Total                     Min: 0, Avg: 14.4, Max: 52, Diff: 52, Sum: 72, Workers: 5
[6.587s][debug][gc,phases      ] GC(8)       VM weak                   Min:  0.0, Avg:  0.0, Max:  0.0, Diff:  0.0, Sum:  0.0, Workers: 5
[6.587s][debug][gc,phases      ] GC(8)         Dead                      Min: 0, Avg:  0.0, Max: 0, Diff: 0, Sum: 0, Workers: 5
[6.587s][debug][gc,phases      ] GC(8)         Total                     Min: 0, Avg: 44.8, Max: 96, Diff: 96, Sum: 224, Workers: 5
[6.587s][debug][gc,phases      ] GC(8)       StringTable weak          Min:  0.0, Avg:  0.0, Max:  0.0, Diff:  0.0, Sum:  0.0, Workers: 5
[6.587s][debug][gc,phases      ] GC(8)         Dead                      Min: 0, Avg:  0.0, Max: 0, Diff: 0, Sum: 0, Workers: 5
[6.587s][debug][gc,phases      ] GC(8)         Total                     Min: 320, Avg: 722.4, Max: 1088, Diff: 768, Sum: 3612, Workers: 5
[6.587s][debug][gc,phases      ] GC(8)       ResolvedMethodTable weak  Min:  0.0, Avg:  0.0, Max:  0.0, Diff:  0.0, Sum:  0.0, Workers: 5
[6.587s][debug][gc,phases      ] GC(8)         Dead                      Min: 0, Avg:  0.0, Max: 0, Diff: 0, Sum: 0, Workers: 5
[6.587s][debug][gc,phases      ] GC(8)         Total                     Min: 64, Avg: 117.8, Max: 192, Diff: 128, Sum: 589, Workers: 5
[6.587s][debug][gc,phases      ] GC(8)     Merge Per-Thread State: 0.0ms
[6.587s][debug][gc,phases      ] GC(8)       Copied Bytes              Min: 0, Avg: 64308.0, Max: 401896, Diff: 401896, Sum: 514464, Workers: 8
[6.587s][debug][gc,phases      ] GC(8)       LAB Waste                 Min: 0, Avg: 28.0, Max: 112, Diff: 112, Sum: 224, Workers: 8
[6.587s][debug][gc,phases      ] GC(8)       LAB Undo Waste            Min: 0, Avg:  0.0, Max: 0, Diff: 0, Sum: 0, Workers: 8
[6.587s][debug][gc,phases      ] GC(8)     Code Roots Purge: 0.0ms
[6.587s][debug][gc,phases      ] GC(8)     Redirty Cards: 0.0ms
[6.587s][debug][gc,phases      ] GC(8)     DerivedPointerTable Update: 0.0ms
[6.587s][debug][gc,phases      ] GC(8)     Free Collection Set: 0.1ms
[6.587s][debug][gc,phases      ] GC(8)     Rebuild Free List: 0.0ms
[6.587s][debug][gc,phases      ] GC(8)     Humongous Reclaim: 0.0ms
[6.587s][debug][gc,phases      ] GC(8)     Start New Collection Set: 0.0ms
[6.587s][debug][gc,phases      ] GC(8)     Resize TLABs: 0.0ms
[6.587s][debug][gc,phases      ] GC(8)     Expand Heap After Collection: 0.0ms
[6.587s][info ][gc,phases      ] GC(8)   Other: 0.3ms
[6.587s][info ][gc,heap        ] GC(8) Eden regions: 14->0(14)
[6.587s][info ][gc,heap        ] GC(8) Survivor regions: 1->1(2)
[6.587s][info ][gc,heap        ] GC(8) Old regions: 6->6
[6.587s][info ][gc,heap        ] GC(8) Archive regions: 2->2
[6.587s][info ][gc,heap        ] GC(8) Humongous regions: 0->0
[6.587s][info ][gc,metaspace   ] GC(8) Metaspace: 10456K(11136K)->10456K(11136K) NonClass: 9243K(9728K)->9243K(9728K) Class: 1213K(1408K)->1213K(1408K)
[6.587s][debug][gc,heap        ] GC(8) Heap after GC invocations=9 (full 1): garbage-first heap   total 27648K, used 4120K [0x0000000700000000, 0x0000000800000000)
[6.587s][debug][gc,heap        ] GC(8)   region size 1024K, 1 young (1024K), 1 survivors (1024K)
[6.587s][debug][gc,heap        ] GC(8)  Metaspace       used 10456K, capacity 10795K, committed 11136K, reserved 1058816K
[6.587s][debug][gc,heap        ] GC(8)   class space    used 1213K, capacity 1343K, committed 1408K, reserved 1048576K
[6.587s][info ][gc             ] GC(8) Pause Young (Normal) (G1 Evacuation Pause) 18M->4M(27M) 1.566ms
[6.587s][info ][gc,cpu         ] GC(8) User=0.00s Sys=0.00s Real=0.00s
[6.588s][info ][safepoint      ] Safepoint "G1CollectForAllocation", Time since last: 19855443 ns, Reaching safepoint: 125556 ns, At safepoint: 1951650 ns, Total: 2077206 ns
[6.611s][debug][gc,heap        ] GC(9) Heap before GC invocations=9 (full 1): garbage-first heap   total 27648K, used 18456K [0x0000000700000000, 0x0000000800000000)
[6.611s][debug][gc,heap        ] GC(9)   region size 1024K, 15 young (15360K), 1 survivors (1024K)
[6.611s][debug][gc,heap        ] GC(9)  Metaspace       used 10457K, capacity 10795K, committed 11136K, reserved 1058816K
[6.611s][debug][gc,heap        ] GC(9)   class space    used 1213K, capacity 1343K, committed 1408K, reserved 1048576K
[6.611s][info ][gc,start       ] GC(9) Pause Young (Normal) (G1 Evacuation Pause)
[6.611s][info ][gc,task        ] GC(9) Using 8 workers of 8 for evacuation
[6.611s][debug][gc,tlab        ] GC(9) TLAB totals: thrds: 10  refills: 421 max: 68 slow allocs: 0 max 0 waste:  3.2% gc: 222480B max: 58696B slow: 241024B max: 39168B fast: 0B max: 0B
[6.611s][debug][gc,age         ] GC(9) Desired survivor size 1048576 bytes, new threshold 15 (max threshold 15)
[6.611s][debug][gc,alloc,region] GC(9) Mutator Allocation stats, regions: 14, wasted size: 2416B ( 0.0%)
[6.611s][debug][gc,ergo        ] GC(9) Running G1 Merge Heap Roots using 8 workers for 15 regions
[6.612s][debug][gc,remset      ] GC(9) Visited cards 4096 Total dirty 12288 (33.33%) Total old 77824 (5.26%)
[6.612s][debug][gc,ergo        ] GC(9) Running G1 Clear Card Table Task using 1 workers for 1 units of work for 21 regions.
[6.612s][debug][gc,ref         ] GC(9) Skipped phase1 of Reference Processing due to unavailable references
[6.612s][debug][gc,ref         ] GC(9) Skipped phase3 of Reference Processing due to unavailable references
[6.612s][debug][gc,ergo        ] GC(9) Running G1 Free Collection Set using 8 workers for collection set length 15 (27)
[6.612s][debug][gc,ergo        ] GC(9) Running G1 Rebuild Free List Task using 8 workers for rebuilding free list of 0 (4096) regions
[6.612s][trace][gc,age         ] GC(9) Age table with threshold 15 (max threshold 15)
[6.612s][trace][gc,age         ] GC(9) - age   1:       1184 bytes,       1184 total
[6.612s][trace][gc,age         ] GC(9) - age   8:        416 bytes,       1600 total
[6.612s][trace][gc,age         ] GC(9) - age   9:     512936 bytes,     514536 total
[6.612s][debug][gc,plab        ] GC(9) Young PLAB allocation: allocated: 28896B, wasted: 240B, unused: 9384B, used: 19272B, undo waste: 0B, 
[6.612s][debug][gc,plab        ] GC(9) Young other allocation: region end waste: 0B, regions filled: 1, direct allocated: 495264B, failure used: 0B, failure wasted: 0B
[6.612s][debug][gc,plab        ] GC(9) Young sizing: calculated: 3848B, actual: 3848B
[6.612s][debug][gc,plab        ] GC(9) Old PLAB allocation: allocated: 0B, wasted: 0B, unused: 0B, used: 0B, undo waste: 0B, 
[6.612s][debug][gc,plab        ] GC(9) Old other allocation: region end waste: 0B, regions filled: 0, direct allocated: 0B, failure used: 0B, failure wasted: 0B
[6.612s][debug][gc,plab        ] GC(9) Old sizing: calculated: 0B, actual: 2064B
[6.612s][debug][gc,ihop        ] GC(9) Basic information (value update), threshold: 12740198B (45.00), target occupancy: 28311552B, current occupancy: 4223856B, recent allocation size: 0B, recent allocation duration: 24.81ms, recent old gen allocation rate: 0.00B/s, recent marking phase length: 0.00ms
[6.612s][debug][gc,ihop        ] GC(9) Adaptive IHOP information (value update), threshold: 12740198B (47.37), internal target occupancy: 26895974B, occupancy: 4223856B, additional buffer size: 15728640B, predicted old gen allocation rate: 0.00B/s, predicted marking phase length: 0.00ms, prediction active: false
[6.612s][debug][gc,ergo,refine ] GC(9) Concurrent refinement times: Logged Cards Scan time goal: 20.00ms Logged Cards Scan time: 0.02ms HCC time: 0.00ms
[6.612s][debug][gc,ergo,refine ] GC(9) Updated Refinement Zones: green: 2048, yellow: 6144, red: 10240
[6.612s][info ][gc,phases      ] GC(9)   Pre Evacuate Collection Set: 0.1ms
[6.612s][debug][gc,phases      ] GC(9)     Prepare TLABs: 0.0ms
[6.612s][debug][gc,phases      ] GC(9)     Choose Collection Set: 0.0ms
[6.612s][debug][gc,phases      ] GC(9)     Region Register: 0.0ms
[6.612s][debug][gc,phases      ] GC(9)     Prepare Heap Roots: 0.0ms
[6.612s][info ][gc,phases      ] GC(9)   Merge Heap Roots: 0.1ms
[6.612s][debug][gc,phases      ] GC(9)     Prepare Merge Heap Roots: 0.0ms
[6.612s][debug][gc,phases      ] GC(9)     Eager Reclaim (ms):       skipped
[6.612s][debug][gc,phases      ] GC(9)     Remembered Sets (ms):     Min:  0.0, Avg:  0.0, Max:  0.0, Diff:  0.0, Sum:  0.0, Workers: 8
[6.612s][debug][gc,phases      ] GC(9)       Merged Sparse:            Min: 0, Avg:  0.0, Max: 0, Diff: 0, Sum: 0, Workers: 8
[6.612s][debug][gc,phases      ] GC(9)       Merged Fine:              Min: 0, Avg:  0.0, Max: 0, Diff: 0, Sum: 0, Workers: 8
[6.612s][debug][gc,phases      ] GC(9)       Merged Coarse:            Min: 0, Avg:  0.0, Max: 0, Diff: 0, Sum: 0, Workers: 8
[6.612s][debug][gc,phases      ] GC(9)       Dirty Cards:              Min: 0, Avg:  0.0, Max: 0, Diff: 0, Sum: 0, Workers: 8
[6.612s][debug][gc,phases      ] GC(9)     Hot Card Cache (ms):      Min:  0.0, Avg:  0.0, Max:  0.0, Diff:  0.0, Sum:  0.0, Workers: 8
[6.612s][debug][gc,phases      ] GC(9)       Dirty Cards:              Min: 0, Avg:  0.0, Max: 0, Diff: 0, Sum: 0, Workers: 8
[6.612s][debug][gc,phases      ] GC(9)       Skipped Cards:            Min: 0, Avg:  0.0, Max: 0, Diff: 0, Sum: 0, Workers: 8
[6.612s][debug][gc,phases      ] GC(9)     Log Buffers (ms):         Min:  0.0, Avg:  0.0, Max:  0.0, Diff:  0.0, Sum:  0.0, Workers: 8
[6.612s][debug][gc,phases      ] GC(9)       Dirty Cards:              Min: 0, Avg:  6.9, Max: 23, Diff: 23, Sum: 55, Workers: 8
[6.612s][debug][gc,phases      ] GC(9)       Skipped Cards:            Min: 0, Avg:  0.0, Max: 0, Diff: 0, Sum: 0, Workers: 8
[6.612s][info ][gc,phases      ] GC(9)   Evacuate Collection Set: 0.2ms
[6.612s][debug][gc,phases      ] GC(9)     Ext Root Scanning (ms):   Min:  0.0, Avg:  0.1, Max:  0.1, Diff:  0.1, Sum:  0.5, Workers: 8
[6.612s][debug][gc,phases      ] GC(9)     Scan Heap Roots (ms):     Min:  0.0, Avg:  0.0, Max:  0.0, Diff:  0.0, Sum:  0.1, Workers: 8
[6.612s][debug][gc,phases      ] GC(9)       Scanned Cards:            Min: 0, Avg:  6.6, Max: 14, Diff: 14, Sum: 53, Workers: 8
[6.612s][debug][gc,phases      ] GC(9)       Scanned Blocks:           Min: 0, Avg:  5.1, Max: 10, Diff: 10, Sum: 41, Workers: 8
[6.612s][debug][gc,phases      ] GC(9)       Claimed Chunks:           Min: 0, Avg:  2.0, Max: 3, Diff: 3, Sum: 16, Workers: 8
[6.612s][debug][gc,phases      ] GC(9)     Code Root Scan (ms):      Min:  0.0, Avg:  0.0, Max:  0.0, Diff:  0.0, Sum:  0.0, Workers: 8
[6.612s][debug][gc,phases      ] GC(9)     Object Copy (ms):         Min:  0.0, Avg:  0.0, Max:  0.1, Diff:  0.1, Sum:  0.2, Workers: 8
[6.612s][debug][gc,phases      ] GC(9)     Termination (ms):         Min:  0.0, Avg:  0.1, Max:  0.1, Diff:  0.1, Sum:  0.4, Workers: 8
[6.612s][debug][gc,phases      ] GC(9)       Termination Attempts:     Min: 1, Avg:  1.0, Max: 1, Diff: 0, Sum: 8, Workers: 8
[6.612s][debug][gc,phases      ] GC(9)     GC Worker Other (ms):     Min:  0.0, Avg:  0.0, Max:  0.0, Diff:  0.0, Sum:  0.0, Workers: 8
[6.612s][debug][gc,phases      ] GC(9)     GC Worker Total (ms):     Min:  0.1, Avg:  0.2, Max:  0.2, Diff:  0.0, Sum:  1.3, Workers: 8
[6.612s][info ][gc,phases      ] GC(9)   Post Evacuate Collection Set: 0.2ms
[6.612s][debug][gc,phases      ] GC(9)     Code Roots Fixup: 0.0ms
[6.612s][debug][gc,phases      ] GC(9)     Clear Card Table: 0.0ms
[6.612s][debug][gc,phases      ] GC(9)     Reference Processing: 0.0ms
[6.612s][debug][gc,phases,ref  ] GC(9)       Reconsider SoftReferences: 0.0ms
[6.612s][debug][gc,phases,ref  ] GC(9)         SoftRef (ms):             skipped
[6.612s][debug][gc,phases,ref  ] GC(9)       Notify Soft/WeakReferences: 0.0ms
[6.612s][debug][gc,phases,ref  ] GC(9)         SoftRef (ms):             Min:  0.0, Avg:  0.0, Max:  0.0, Diff:  0.0, Sum:  0.0, Workers: 1
[6.612s][debug][gc,phases,ref  ] GC(9)         WeakRef (ms):             Min:  0.0, Avg:  0.0, Max:  0.0, Diff:  0.0, Sum:  0.0, Workers: 1
[6.612s][debug][gc,phases,ref  ] GC(9)         FinalRef (ms):            Min:  0.0, Avg:  0.0, Max:  0.0, Diff:  0.0, Sum:  0.0, Workers: 1
[6.612s][debug][gc,phases,ref  ] GC(9)         Total (ms):               Min:  0.0, Avg:  0.0, Max:  0.0, Diff:  0.0, Sum:  0.0, Workers: 1
[6.612s][debug][gc,phases,ref  ] GC(9)       Notify and keep alive finalizable: 0.0ms
[6.613s][debug][gc,phases,ref  ] GC(9)         FinalRef (ms):            skipped
[6.613s][debug][gc,phases,ref  ] GC(9)       Notify PhantomReferences: 0.0ms
[6.613s][debug][gc,phases,ref  ] GC(9)         PhantomRef (ms):          Min:  0.0, Avg:  0.0, Max:  0.0, Diff:  0.0, Sum:  0.0, Workers: 1
[6.613s][debug][gc,phases,ref  ] GC(9)       SoftReference:
[6.613s][debug][gc,phases,ref  ] GC(9)         Discovered: 0
[6.613s][debug][gc,phases,ref  ] GC(9)         Cleared: 0
[6.613s][debug][gc,phases,ref  ] GC(9)       WeakReference:
[6.613s][debug][gc,phases,ref  ] GC(9)         Discovered: 2
[6.613s][debug][gc,phases,ref  ] GC(9)         Cleared: 1
[6.613s][debug][gc,phases,ref  ] GC(9)       FinalReference:
[6.613s][debug][gc,phases,ref  ] GC(9)         Discovered: 0
[6.613s][debug][gc,phases,ref  ] GC(9)         Cleared: 0
[6.613s][debug][gc,phases,ref  ] GC(9)       PhantomReference:
[6.613s][debug][gc,phases,ref  ] GC(9)         Discovered: 1
[6.613s][debug][gc,phases,ref  ] GC(9)         Cleared: 1
[6.613s][debug][gc,phases      ] GC(9)     Weak Processing: 0.0ms
[6.613s][debug][gc,phases      ] GC(9)       JVMTI weak processing: 0.0ms
[6.613s][debug][gc,phases      ] GC(9)         Dead: 0
[6.613s][debug][gc,phases      ] GC(9)         Total: 0
[6.613s][debug][gc,phases      ] GC(9)       JFR weak processing: 0.0ms
[6.613s][debug][gc,phases      ] GC(9)         Dead: 0
[6.613s][debug][gc,phases      ] GC(9)         Total: 0
[6.613s][debug][gc,phases      ] GC(9)       JNI weak                  Min:  0.0, Avg:  0.0, Max:  0.0, Diff:  0.0, Sum:  0.0, Workers: 5
[6.613s][debug][gc,phases      ] GC(9)         Dead                      Min: 0, Avg:  0.0, Max: 0, Diff: 0, Sum: 0, Workers: 5
[6.613s][debug][gc,phases      ] GC(9)         Total                     Min: 0, Avg: 14.4, Max: 72, Diff: 72, Sum: 72, Workers: 5
[6.613s][debug][gc,phases      ] GC(9)       VM weak                   Min:  0.0, Avg:  0.0, Max:  0.0, Diff:  0.0, Sum:  0.0, Workers: 5
[6.613s][debug][gc,phases      ] GC(9)         Dead                      Min: 0, Avg:  0.0, Max: 0, Diff: 0, Sum: 0, Workers: 5
[6.613s][debug][gc,phases      ] GC(9)         Total                     Min: 0, Avg: 44.8, Max: 64, Diff: 64, Sum: 224, Workers: 5
[6.613s][debug][gc,phases      ] GC(9)       StringTable weak          Min:  0.0, Avg:  0.0, Max:  0.0, Diff:  0.0, Sum:  0.1, Workers: 5
[6.613s][debug][gc,phases      ] GC(9)         Dead                      Min: 0, Avg:  0.0, Max: 0, Diff: 0, Sum: 0, Workers: 5
[6.613s][debug][gc,phases      ] GC(9)         Total                     Min: 640, Avg: 722.4, Max: 768, Diff: 128, Sum: 3612, Workers: 5
[6.613s][debug][gc,phases      ] GC(9)       ResolvedMethodTable weak  Min:  0.0, Avg:  0.0, Max:  0.0, Diff:  0.0, Sum:  0.0, Workers: 5
[6.613s][debug][gc,phases      ] GC(9)         Dead                      Min: 0, Avg:  0.0, Max: 0, Diff: 0, Sum: 0, Workers: 5
[6.613s][debug][gc,phases      ] GC(9)         Total                     Min: 64, Avg: 117.8, Max: 192, Diff: 128, Sum: 589, Workers: 5
[6.613s][debug][gc,phases      ] GC(9)     Merge Per-Thread State: 0.0ms
[6.613s][debug][gc,phases      ] GC(9)       Copied Bytes              Min: 440, Avg: 64317.0, Max: 402624, Diff: 402184, Sum: 514536, Workers: 8
[6.613s][debug][gc,phases      ] GC(9)       LAB Waste                 Min: 0, Avg: 30.0, Max: 80, Diff: 80, Sum: 240, Workers: 8
[6.613s][debug][gc,phases      ] GC(9)       LAB Undo Waste            Min: 0, Avg:  0.0, Max: 0, Diff: 0, Sum: 0, Workers: 8
[6.613s][debug][gc,phases      ] GC(9)     Code Roots Purge: 0.0ms
[6.613s][debug][gc,phases      ] GC(9)     Redirty Cards: 0.0ms
[6.613s][debug][gc,phases      ] GC(9)     DerivedPointerTable Update: 0.0ms
[6.613s][debug][gc,phases      ] GC(9)     Free Collection Set: 0.1ms
[6.613s][debug][gc,phases      ] GC(9)     Rebuild Free List: 0.0ms
[6.613s][debug][gc,phases      ] GC(9)     Humongous Reclaim: 0.0ms
[6.613s][debug][gc,phases      ] GC(9)     Start New Collection Set: 0.0ms
[6.613s][debug][gc,phases      ] GC(9)     Resize TLABs: 0.0ms
[6.613s][debug][gc,phases      ] GC(9)     Expand Heap After Collection: 0.0ms
[6.613s][info ][gc,phases      ] GC(9)   Other: 0.3ms
[6.613s][info ][gc,heap        ] GC(9) Eden regions: 14->0(14)
[6.613s][info ][gc,heap        ] GC(9) Survivor regions: 1->1(2)
[6.613s][info ][gc,heap        ] GC(9) Old regions: 6->6
[6.613s][info ][gc,heap        ] GC(9) Archive regions: 2->2
[6.613s][info ][gc,heap        ] GC(9) Humongous regions: 0->0
[6.613s][info ][gc,metaspace   ] GC(9) Metaspace: 10457K(11136K)->10457K(11136K) NonClass: 9244K(9728K)->9244K(9728K) Class: 1213K(1408K)->1213K(1408K)
[6.613s][debug][gc,heap        ] GC(9) Heap after GC invocations=10 (full 1): garbage-first heap   total 27648K, used 4124K [0x0000000700000000, 0x0000000800000000)
[6.613s][debug][gc,heap        ] GC(9)   region size 1024K, 1 young (1024K), 1 survivors (1024K)
[6.613s][debug][gc,heap        ] GC(9)  Metaspace       used 10457K, capacity 10795K, committed 11136K, reserved 1058816K
[6.613s][debug][gc,heap        ] GC(9)   class space    used 1213K, capacity 1343K, committed 1408K, reserved 1048576K
[6.613s][info ][gc             ] GC(9) Pause Young (Normal) (G1 Evacuation Pause) 18M->4M(27M) 1.556ms
[6.613s][info ][gc,cpu         ] GC(9) User=0.00s Sys=0.00s Real=0.00s
[6.614s][info ][safepoint      ] Safepoint "G1CollectForAllocation", Time since last: 23533962 ns, Reaching safepoint: 87380 ns, At safepoint: 3099432 ns, Total: 3186812 ns
[6.635s][debug][gc,heap        ] GC(10) Heap before GC invocations=10 (full 1): garbage-first heap   total 27648K, used 18460K [0x0000000700000000, 0x0000000800000000)
[6.635s][debug][gc,heap        ] GC(10)   region size 1024K, 15 young (15360K), 1 survivors (1024K)
[6.635s][debug][gc,heap        ] GC(10)  Metaspace       used 10457K, capacity 10795K, committed 11136K, reserved 1058816K
[6.635s][debug][gc,heap        ] GC(10)   class space    used 1213K, capacity 1343K, committed 1408K, reserved 1048576K
[6.635s][info ][gc,start       ] GC(10) Pause Young (Normal) (G1 Evacuation Pause)
[6.635s][info ][gc,task        ] GC(10) Using 8 workers of 8 for evacuation
[6.635s][debug][gc,tlab        ] GC(10) TLAB totals: thrds: 10  refills: 429 max: 70 slow allocs: 0 max 0 waste:  2.6% gc: 143584B max: 36864B slow: 245080B max: 40864B fast: 0B max: 0B
[6.635s][debug][gc,age         ] GC(10) Desired survivor size 1048576 bytes, new threshold 15 (max threshold 15)
[6.635s][debug][gc,alloc,region] GC(10) Mutator Allocation stats, regions: 14, wasted size: 0B ( 0.0%)
[6.635s][debug][gc,ergo        ] GC(10) Running G1 Merge Heap Roots using 8 workers for 15 regions
[6.635s][debug][gc,remset      ] GC(10) Visited cards 4096 Total dirty 12288 (33.33%) Total old 77824 (5.26%)
[6.636s][debug][gc,ergo        ] GC(10) Running G1 Clear Card Table Task using 1 workers for 1 units of work for 21 regions.
[6.636s][debug][gc,ref         ] GC(10) Skipped phase1 of Reference Processing due to unavailable references
[6.636s][debug][gc,ref         ] GC(10) Skipped phase3 of Reference Processing due to unavailable references
[6.636s][debug][gc,ergo        ] GC(10) Running G1 Free Collection Set using 8 workers for collection set length 15 (27)
[6.636s][debug][gc,ergo        ] GC(10) Running G1 Rebuild Free List Task using 8 workers for rebuilding free list of 0 (4096) regions
[6.636s][trace][gc,age         ] GC(10) Age table with threshold 15 (max threshold 15)
[6.636s][trace][gc,age         ] GC(10) - age   1:       1544 bytes,       1544 total
[6.636s][trace][gc,age         ] GC(10) - age   9:        416 bytes,       1960 total
[6.636s][trace][gc,age         ] GC(10) - age  10:     512936 bytes,     514896 total
[6.636s][debug][gc,plab        ] GC(10) Young PLAB allocation: allocated: 30960B, wasted: 200B, unused: 10488B, used: 20272B, undo waste: 0B, 
[6.636s][debug][gc,plab        ] GC(10) Young other allocation: region end waste: 0B, regions filled: 1, direct allocated: 494624B, failure used: 0B, failure wasted: 0B
[6.636s][debug][gc,plab        ] GC(10) Young sizing: calculated: 4048B, actual: 3992B
[6.636s][debug][gc,plab        ] GC(10) Old PLAB allocation: allocated: 0B, wasted: 0B, unused: 0B, used: 0B, undo waste: 0B, 
[6.636s][debug][gc,plab        ] GC(10) Old other allocation: region end waste: 0B, regions filled: 0, direct allocated: 0B, failure used: 0B, failure wasted: 0B
[6.636s][debug][gc,plab        ] GC(10) Old sizing: calculated: 0B, actual: 2064B
[6.636s][debug][gc,ihop        ] GC(10) Basic information (value update), threshold: 12740198B (45.00), target occupancy: 28311552B, current occupancy: 4225280B, recent allocation size: 0B, recent allocation duration: 23.14ms, recent old gen allocation rate: 0.00B/s, recent marking phase length: 0.00ms
[6.636s][debug][gc,ihop        ] GC(10) Adaptive IHOP information (value update), threshold: 12740198B (47.37), internal target occupancy: 26895974B, occupancy: 4225280B, additional buffer size: 15728640B, predicted old gen allocation rate: 0.00B/s, predicted marking phase length: 0.00ms, prediction active: false
[6.636s][debug][gc,ergo,refine ] GC(10) Concurrent refinement times: Logged Cards Scan time goal: 20.00ms Logged Cards Scan time: 0.02ms HCC time: 0.00ms
[6.636s][debug][gc,ergo,refine ] GC(10) Updated Refinement Zones: green: 2048, yellow: 6144, red: 10240
[6.636s][info ][gc,phases      ] GC(10)   Pre Evacuate Collection Set: 0.1ms
[6.636s][debug][gc,phases      ] GC(10)     Prepare TLABs: 0.0ms
[6.636s][debug][gc,phases      ] GC(10)     Choose Collection Set: 0.0ms
[6.636s][debug][gc,phases      ] GC(10)     Region Register: 0.1ms
[6.636s][debug][gc,phases      ] GC(10)     Prepare Heap Roots: 0.0ms
[6.636s][info ][gc,phases      ] GC(10)   Merge Heap Roots: 0.1ms
[6.636s][debug][gc,phases      ] GC(10)     Prepare Merge Heap Roots: 0.0ms
[6.636s][debug][gc,phases      ] GC(10)     Eager Reclaim (ms):       skipped
[6.636s][debug][gc,phases      ] GC(10)     Remembered Sets (ms):     Min:  0.0, Avg:  0.0, Max:  0.0, Diff:  0.0, Sum:  0.0, Workers: 8
[6.636s][debug][gc,phases      ] GC(10)       Merged Sparse:            Min: 0, Avg:  0.0, Max: 0, Diff: 0, Sum: 0, Workers: 8
[6.636s][debug][gc,phases      ] GC(10)       Merged Fine:              Min: 0, Avg:  0.0, Max: 0, Diff: 0, Sum: 0, Workers: 8
[6.636s][debug][gc,phases      ] GC(10)       Merged Coarse:            Min: 0, Avg:  0.0, Max: 0, Diff: 0, Sum: 0, Workers: 8
[6.636s][debug][gc,phases      ] GC(10)       Dirty Cards:              Min: 0, Avg:  0.0, Max: 0, Diff: 0, Sum: 0, Workers: 8
[6.636s][debug][gc,phases      ] GC(10)     Hot Card Cache (ms):      Min:  0.0, Avg:  0.0, Max:  0.0, Diff:  0.0, Sum:  0.0, Workers: 8
[6.636s][debug][gc,phases      ] GC(10)       Dirty Cards:              Min: 0, Avg:  0.0, Max: 0, Diff: 0, Sum: 0, Workers: 8
[6.636s][debug][gc,phases      ] GC(10)       Skipped Cards:            Min: 0, Avg:  0.0, Max: 0, Diff: 0, Sum: 0, Workers: 8
[6.636s][debug][gc,phases      ] GC(10)     Log Buffers (ms):         Min:  0.0, Avg:  0.0, Max:  0.0, Diff:  0.0, Sum:  0.0, Workers: 8
[6.636s][debug][gc,phases      ] GC(10)       Dirty Cards:              Min: 0, Avg:  7.1, Max: 14, Diff: 14, Sum: 57, Workers: 8
[6.636s][debug][gc,phases      ] GC(10)       Skipped Cards:            Min: 0, Avg:  0.0, Max: 0, Diff: 0, Sum: 0, Workers: 8
[6.636s][info ][gc,phases      ] GC(10)   Evacuate Collection Set: 0.2ms
[6.636s][debug][gc,phases      ] GC(10)     Ext Root Scanning (ms):   Min:  0.0, Avg:  0.1, Max:  0.1, Diff:  0.1, Sum:  0.4, Workers: 8
[6.636s][debug][gc,phases      ] GC(10)     Scan Heap Roots (ms):     Min:  0.0, Avg:  0.0, Max:  0.0, Diff:  0.0, Sum:  0.1, Workers: 8
[6.636s][debug][gc,phases      ] GC(10)       Scanned Cards:            Min: 0, Avg:  6.8, Max: 14, Diff: 14, Sum: 54, Workers: 8
[6.636s][debug][gc,phases      ] GC(10)       Scanned Blocks:           Min: 0, Avg:  5.2, Max: 9, Diff: 9, Sum: 42, Workers: 8
[6.636s][debug][gc,phases      ] GC(10)       Claimed Chunks:           Min: 0, Avg:  2.0, Max: 4, Diff: 4, Sum: 16, Workers: 8
[6.636s][debug][gc,phases      ] GC(10)     Code Root Scan (ms):      Min:  0.0, Avg:  0.0, Max:  0.0, Diff:  0.0, Sum:  0.0, Workers: 8
[6.636s][debug][gc,phases      ] GC(10)     Object Copy (ms):         Min:  0.0, Avg:  0.0, Max:  0.1, Diff:  0.1, Sum:  0.2, Workers: 8
[6.636s][debug][gc,phases      ] GC(10)     Termination (ms):         Min:  0.0, Avg:  0.1, Max:  0.1, Diff:  0.1, Sum:  0.4, Workers: 8
[6.636s][debug][gc,phases      ] GC(10)       Termination Attempts:     Min: 1, Avg:  1.0, Max: 1, Diff: 0, Sum: 8, Workers: 8
[6.636s][debug][gc,phases      ] GC(10)     GC Worker Other (ms):     Min:  0.0, Avg:  0.0, Max:  0.1, Diff:  0.1, Sum:  0.2, Workers: 8
[6.636s][debug][gc,phases      ] GC(10)     GC Worker Total (ms):     Min:  0.2, Avg:  0.2, Max:  0.2, Diff:  0.0, Sum:  1.3, Workers: 8
[6.636s][info ][gc,phases      ] GC(10)   Post Evacuate Collection Set: 0.2ms
[6.636s][debug][gc,phases      ] GC(10)     Code Roots Fixup: 0.0ms
[6.636s][debug][gc,phases      ] GC(10)     Clear Card Table: 0.0ms
[6.636s][debug][gc,phases      ] GC(10)     Reference Processing: 0.0ms
[6.636s][debug][gc,phases,ref  ] GC(10)       Reconsider SoftReferences: 0.0ms
[6.636s][debug][gc,phases,ref  ] GC(10)         SoftRef (ms):             skipped
[6.636s][debug][gc,phases,ref  ] GC(10)       Notify Soft/WeakReferences: 0.0ms
[6.636s][debug][gc,phases,ref  ] GC(10)         SoftRef (ms):             Min:  0.0, Avg:  0.0, Max:  0.0, Diff:  0.0, Sum:  0.0, Workers: 1
[6.636s][debug][gc,phases,ref  ] GC(10)         WeakRef (ms):             Min:  0.0, Avg:  0.0, Max:  0.0, Diff:  0.0, Sum:  0.0, Workers: 1
[6.636s][debug][gc,phases,ref  ] GC(10)         FinalRef (ms):            Min:  0.0, Avg:  0.0, Max:  0.0, Diff:  0.0, Sum:  0.0, Workers: 1
[6.636s][debug][gc,phases,ref  ] GC(10)         Total (ms):               Min:  0.0, Avg:  0.0, Max:  0.0, Diff:  0.0, Sum:  0.0, Workers: 1
[6.636s][debug][gc,phases,ref  ] GC(10)       Notify and keep alive finalizable: 0.0ms
[6.636s][debug][gc,phases,ref  ] GC(10)         FinalRef (ms):            skipped
[6.636s][debug][gc,phases,ref  ] GC(10)       Notify PhantomReferences: 0.0ms
[6.636s][debug][gc,phases,ref  ] GC(10)         PhantomRef (ms):          Min:  0.0, Avg:  0.0, Max:  0.0, Diff:  0.0, Sum:  0.0, Workers: 1
[6.636s][debug][gc,phases,ref  ] GC(10)       SoftReference:
[6.636s][debug][gc,phases,ref  ] GC(10)         Discovered: 0
[6.636s][debug][gc,phases,ref  ] GC(10)         Cleared: 0
[6.636s][debug][gc,phases,ref  ] GC(10)       WeakReference:
[6.636s][debug][gc,phases,ref  ] GC(10)         Discovered: 1
[6.636s][debug][gc,phases,ref  ] GC(10)         Cleared: 0
[6.636s][debug][gc,phases,ref  ] GC(10)       FinalReference:
[6.636s][debug][gc,phases,ref  ] GC(10)         Discovered: 0
[6.636s][debug][gc,phases,ref  ] GC(10)         Cleared: 0
[6.636s][debug][gc,phases,ref  ] GC(10)       PhantomReference:
[6.636s][debug][gc,phases,ref  ] GC(10)         Discovered: 1
[6.636s][debug][gc,phases,ref  ] GC(10)         Cleared: 1
[6.636s][debug][gc,phases      ] GC(10)     Weak Processing: 0.1ms
[6.636s][debug][gc,phases      ] GC(10)       JVMTI weak processing: 0.0ms
[6.636s][debug][gc,phases      ] GC(10)         Dead: 0
[6.636s][debug][gc,phases      ] GC(10)         Total: 0
[6.636s][debug][gc,phases      ] GC(10)       JFR weak processing: 0.0ms
[6.636s][debug][gc,phases      ] GC(10)         Dead: 0
[6.636s][debug][gc,phases      ] GC(10)         Total: 0
[6.636s][debug][gc,phases      ] GC(10)       JNI weak                  Min:  0.0, Avg:  0.0, Max:  0.0, Diff:  0.0, Sum:  0.0, Workers: 5
[6.636s][debug][gc,phases      ] GC(10)         Dead                      Min: 0, Avg:  0.0, Max: 0, Diff: 0, Sum: 0, Workers: 5
[6.636s][debug][gc,phases      ] GC(10)         Total                     Min: 0, Avg: 14.4, Max: 52, Diff: 52, Sum: 72, Workers: 5
[6.636s][debug][gc,phases      ] GC(10)       VM weak                   Min:  0.0, Avg:  0.0, Max:  0.0, Diff:  0.0, Sum:  0.0, Workers: 5
[6.636s][debug][gc,phases      ] GC(10)         Dead                      Min: 0, Avg:  0.0, Max: 0, Diff: 0, Sum: 0, Workers: 5
[6.636s][debug][gc,phases      ] GC(10)         Total                     Min: 0, Avg: 44.8, Max: 64, Diff: 64, Sum: 224, Workers: 5
[6.637s][debug][gc,phases      ] GC(10)       StringTable weak          Min:  0.0, Avg:  0.0, Max:  0.0, Diff:  0.0, Sum:  0.1, Workers: 5
[6.637s][debug][gc,phases      ] GC(10)         Dead                      Min: 0, Avg:  0.0, Max: 0, Diff: 0, Sum: 0, Workers: 5
[6.637s][debug][gc,phases      ] GC(10)         Total                     Min: 384, Avg: 722.4, Max: 959, Diff: 575, Sum: 3612, Workers: 5
[6.637s][debug][gc,phases      ] GC(10)       ResolvedMethodTable weak  Min:  0.0, Avg:  0.0, Max:  0.0, Diff:  0.0, Sum:  0.0, Workers: 5
[6.637s][debug][gc,phases      ] GC(10)         Dead                      Min: 0, Avg:  0.0, Max: 0, Diff: 0, Sum: 0, Workers: 5
[6.637s][debug][gc,phases      ] GC(10)         Total                     Min: 0, Avg: 117.8, Max: 205, Diff: 205, Sum: 589, Workers: 5
[6.637s][debug][gc,phases      ] GC(10)     Merge Per-Thread State: 0.0ms
[6.637s][debug][gc,phases      ] GC(10)       Copied Bytes              Min: 56, Avg: 64362.0, Max: 403248, Diff: 403192, Sum: 514896, Workers: 8
[6.637s][debug][gc,phases      ] GC(10)       LAB Waste                 Min: 0, Avg: 25.0, Max: 56, Diff: 56, Sum: 200, Workers: 8
[6.637s][debug][gc,phases      ] GC(10)       LAB Undo Waste            Min: 0, Avg:  0.0, Max: 0, Diff: 0, Sum: 0, Workers: 8
[6.637s][debug][gc,phases      ] GC(10)     Code Roots Purge: 0.0ms
[6.637s][debug][gc,phases      ] GC(10)     Redirty Cards: 0.0ms
[6.637s][debug][gc,phases      ] GC(10)     DerivedPointerTable Update: 0.0ms
[6.637s][debug][gc,phases      ] GC(10)     Free Collection Set: 0.0ms
[6.637s][debug][gc,phases      ] GC(10)     Rebuild Free List: 0.0ms
[6.637s][debug][gc,phases      ] GC(10)     Humongous Reclaim: 0.0ms
[6.637s][debug][gc,phases      ] GC(10)     Start New Collection Set: 0.0ms
[6.637s][debug][gc,phases      ] GC(10)     Resize TLABs: 0.0ms
[6.637s][debug][gc,phases      ] GC(10)     Expand Heap After Collection: 0.0ms
[6.637s][info ][gc,phases      ] GC(10)   Other: 0.3ms
[6.637s][info ][gc,heap        ] GC(10) Eden regions: 14->0(14)
[6.637s][info ][gc,heap        ] GC(10) Survivor regions: 1->1(2)
[6.637s][info ][gc,heap        ] GC(10) Old regions: 6->6
[6.637s][info ][gc,heap        ] GC(10) Archive regions: 2->2
[6.637s][info ][gc,heap        ] GC(10) Humongous regions: 0->0
[6.637s][info ][gc,metaspace   ] GC(10) Metaspace: 10457K(11136K)->10457K(11136K) NonClass: 9244K(9728K)->9244K(9728K) Class: 1213K(1408K)->1213K(1408K)
[6.637s][debug][gc,heap        ] GC(10) Heap after GC invocations=11 (full 1): garbage-first heap   total 27648K, used 4126K [0x0000000700000000, 0x0000000800000000)
[6.637s][debug][gc,heap        ] GC(10)   region size 1024K, 1 young (1024K), 1 survivors (1024K)
[6.637s][debug][gc,heap        ] GC(10)  Metaspace       used 10457K, capacity 10795K, committed 11136K, reserved 1058816K
[6.637s][debug][gc,heap        ] GC(10)   class space    used 1213K, capacity 1343K, committed 1408K, reserved 1048576K
[6.637s][info ][gc             ] GC(10) Pause Young (Normal) (G1 Evacuation Pause) 18M->4M(27M) 1.514ms
[6.637s][info ][gc,cpu         ] GC(10) User=0.00s Sys=0.00s Real=0.00s
[6.637s][info ][safepoint      ] Safepoint "G1CollectForAllocation", Time since last: 20629032 ns, Reaching safepoint: 115911 ns, At safepoint: 1721596 ns, Total: 1837507 ns
[6.657s][debug][gc,heap        ] GC(11) Heap before GC invocations=11 (full 1): garbage-first heap   total 27648K, used 18462K [0x0000000700000000, 0x0000000800000000)
[6.657s][debug][gc,heap        ] GC(11)   region size 1024K, 15 young (15360K), 1 survivors (1024K)
[6.657s][debug][gc,heap        ] GC(11)  Metaspace       used 10457K, capacity 10795K, committed 11136K, reserved 1058816K
[6.657s][debug][gc,heap        ] GC(11)   class space    used 1213K, capacity 1343K, committed 1408K, reserved 1048576K
[6.657s][info ][gc,start       ] GC(11) Pause Young (Normal) (G1 Evacuation Pause)
[6.657s][info ][gc,task        ] GC(11) Using 8 workers of 8 for evacuation
[6.657s][debug][gc,tlab        ] GC(11) TLAB totals: thrds: 10  refills: 437 max: 68 slow allocs: 0 max 0 waste:  2.6% gc: 133464B max: 33592B slow: 250432B max: 39080B fast: 0B max: 0B
[6.657s][debug][gc,age         ] GC(11) Desired survivor size 1048576 bytes, new threshold 15 (max threshold 15)
[6.657s][debug][gc,alloc,region] GC(11) Mutator Allocation stats, regions: 14, wasted size: 0B ( 0.0%)
[6.658s][debug][gc,ergo        ] GC(11) Running G1 Merge Heap Roots using 8 workers for 15 regions
[6.658s][debug][gc,remset      ] GC(11) Visited cards 4096 Total dirty 12288 (33.33%) Total old 77824 (5.26%)
[6.658s][debug][gc,ergo        ] GC(11) Running G1 Clear Card Table Task using 1 workers for 1 units of work for 21 regions.
[6.658s][debug][gc,ref         ] GC(11) Skipped phase1 of Reference Processing due to unavailable references
[6.658s][debug][gc,ref         ] GC(11) Skipped phase3 of Reference Processing due to unavailable references
[6.658s][debug][gc,ergo        ] GC(11) Running G1 Free Collection Set using 8 workers for collection set length 15 (27)
[6.658s][debug][gc,ergo        ] GC(11) Running G1 Rebuild Free List Task using 8 workers for rebuilding free list of 0 (4096) regions
[6.658s][trace][gc,age         ] GC(11) Age table with threshold 15 (max threshold 15)
[6.658s][trace][gc,age         ] GC(11) - age   1:       1136 bytes,       1136 total
[6.658s][trace][gc,age         ] GC(11) - age  10:        416 bytes,       1552 total
[6.658s][trace][gc,age         ] GC(11) - age  11:     512936 bytes,     514488 total
[6.658s][debug][gc,plab        ] GC(11) Young PLAB allocation: allocated: 30960B, wasted: 256B, unused: 10472B, used: 20232B, undo waste: 0B, 
[6.658s][debug][gc,plab        ] GC(11) Young other allocation: region end waste: 0B, regions filled: 1, direct allocated: 494256B, failure used: 0B, failure wasted: 0B
[6.658s][debug][gc,plab        ] GC(11) Young sizing: calculated: 4040B, actual: 4024B
[6.658s][debug][gc,plab        ] GC(11) Old PLAB allocation: allocated: 0B, wasted: 0B, unused: 0B, used: 0B, undo waste: 0B, 
[6.658s][debug][gc,plab        ] GC(11) Old other allocation: region end waste: 0B, regions filled: 0, direct allocated: 0B, failure used: 0B, failure wasted: 0B
[6.658s][debug][gc,plab        ] GC(11) Old sizing: calculated: 0B, actual: 2064B
[6.658s][debug][gc,ihop        ] GC(11) Basic information (value update), threshold: 12740198B (45.00), target occupancy: 28311552B, current occupancy: 4224912B, recent allocation size: 0B, recent allocation duration: 21.46ms, recent old gen allocation rate: 0.00B/s, recent marking phase length: 0.00ms
[6.658s][debug][gc,ihop        ] GC(11) Adaptive IHOP information (value update), threshold: 12740198B (47.37), internal target occupancy: 26895974B, occupancy: 4224912B, additional buffer size: 15728640B, predicted old gen allocation rate: 0.00B/s, predicted marking phase length: 0.00ms, prediction active: false
[6.658s][debug][gc,ergo,refine ] GC(11) Concurrent refinement times: Logged Cards Scan time goal: 20.00ms Logged Cards Scan time: 0.02ms HCC time: 0.00ms
[6.658s][debug][gc,ergo,refine ] GC(11) Updated Refinement Zones: green: 2048, yellow: 6144, red: 10240
[6.658s][info ][gc,phases      ] GC(11)   Pre Evacuate Collection Set: 0.1ms
[6.658s][debug][gc,phases      ] GC(11)     Prepare TLABs: 0.0ms
[6.658s][debug][gc,phases      ] GC(11)     Choose Collection Set: 0.0ms
[6.658s][debug][gc,phases      ] GC(11)     Region Register: 0.1ms
[6.658s][debug][gc,phases      ] GC(11)     Prepare Heap Roots: 0.0ms
[6.658s][info ][gc,phases      ] GC(11)   Merge Heap Roots: 0.1ms
[6.658s][debug][gc,phases      ] GC(11)     Prepare Merge Heap Roots: 0.0ms
[6.658s][debug][gc,phases      ] GC(11)     Eager Reclaim (ms):       skipped
[6.658s][debug][gc,phases      ] GC(11)     Remembered Sets (ms):     Min:  0.0, Avg:  0.0, Max:  0.0, Diff:  0.0, Sum:  0.0, Workers: 8
[6.658s][debug][gc,phases      ] GC(11)       Merged Sparse:            Min: 0, Avg:  0.0, Max: 0, Diff: 0, Sum: 0, Workers: 8
[6.658s][debug][gc,phases      ] GC(11)       Merged Fine:              Min: 0, Avg:  0.0, Max: 0, Diff: 0, Sum: 0, Workers: 8
[6.658s][debug][gc,phases      ] GC(11)       Merged Coarse:            Min: 0, Avg:  0.0, Max: 0, Diff: 0, Sum: 0, Workers: 8
[6.658s][debug][gc,phases      ] GC(11)       Dirty Cards:              Min: 0, Avg:  0.0, Max: 0, Diff: 0, Sum: 0, Workers: 8
[6.658s][debug][gc,phases      ] GC(11)     Hot Card Cache (ms):      Min:  0.0, Avg:  0.0, Max:  0.0, Diff:  0.0, Sum:  0.0, Workers: 8
[6.658s][debug][gc,phases      ] GC(11)       Dirty Cards:              Min: 0, Avg:  0.0, Max: 0, Diff: 0, Sum: 0, Workers: 8
[6.658s][debug][gc,phases      ] GC(11)       Skipped Cards:            Min: 0, Avg:  0.0, Max: 0, Diff: 0, Sum: 0, Workers: 8
[6.658s][debug][gc,phases      ] GC(11)     Log Buffers (ms):         Min:  0.0, Avg:  0.0, Max:  0.0, Diff:  0.0, Sum:  0.0, Workers: 8
[6.658s][debug][gc,phases      ] GC(11)       Dirty Cards:              Min: 0, Avg:  7.0, Max: 18, Diff: 18, Sum: 56, Workers: 8
[6.658s][debug][gc,phases      ] GC(11)       Skipped Cards:            Min: 0, Avg:  0.0, Max: 0, Diff: 0, Sum: 0, Workers: 8
[6.658s][info ][gc,phases      ] GC(11)   Evacuate Collection Set: 0.2ms
[6.658s][debug][gc,phases      ] GC(11)     Ext Root Scanning (ms):   Min:  0.0, Avg:  0.1, Max:  0.1, Diff:  0.1, Sum:  0.5, Workers: 8
[6.658s][debug][gc,phases      ] GC(11)     Scan Heap Roots (ms):     Min:  0.0, Avg:  0.0, Max:  0.0, Diff:  0.0, Sum:  0.1, Workers: 8
[6.658s][debug][gc,phases      ] GC(11)       Scanned Cards:            Min: 0, Avg:  6.6, Max: 12, Diff: 12, Sum: 53, Workers: 8
[6.658s][debug][gc,phases      ] GC(11)       Scanned Blocks:           Min: 0, Avg:  5.1, Max: 8, Diff: 8, Sum: 41, Workers: 8
[6.658s][debug][gc,phases      ] GC(11)       Claimed Chunks:           Min: 0, Avg:  2.0, Max: 4, Diff: 4, Sum: 16, Workers: 8
[6.658s][debug][gc,phases      ] GC(11)     Code Root Scan (ms):      Min:  0.0, Avg:  0.0, Max:  0.0, Diff:  0.0, Sum:  0.0, Workers: 8
[6.658s][debug][gc,phases      ] GC(11)     Object Copy (ms):         Min:  0.0, Avg:  0.0, Max:  0.0, Diff:  0.0, Sum:  0.2, Workers: 8
[6.658s][debug][gc,phases      ] GC(11)     Termination (ms):         Min:  0.0, Avg:  0.0, Max:  0.1, Diff:  0.0, Sum:  0.4, Workers: 8
[6.658s][debug][gc,phases      ] GC(11)       Termination Attempts:     Min: 1, Avg:  1.0, Max: 1, Diff: 0, Sum: 8, Workers: 8
[6.658s][debug][gc,phases      ] GC(11)     GC Worker Other (ms):     Min:  0.0, Avg:  0.0, Max:  0.0, Diff:  0.0, Sum:  0.1, Workers: 8
[6.658s][debug][gc,phases      ] GC(11)     GC Worker Total (ms):     Min:  0.1, Avg:  0.2, Max:  0.2, Diff:  0.1, Sum:  1.3, Workers: 8
[6.658s][info ][gc,phases      ] GC(11)   Post Evacuate Collection Set: 0.3ms
[6.658s][debug][gc,phases      ] GC(11)     Code Roots Fixup: 0.0ms
[6.658s][debug][gc,phases      ] GC(11)     Clear Card Table: 0.0ms
[6.659s][debug][gc,phases      ] GC(11)     Reference Processing: 0.0ms
[6.659s][debug][gc,phases,ref  ] GC(11)       Reconsider SoftReferences: 0.0ms
[6.659s][debug][gc,phases,ref  ] GC(11)         SoftRef (ms):             skipped
[6.659s][debug][gc,phases,ref  ] GC(11)       Notify Soft/WeakReferences: 0.0ms
[6.659s][debug][gc,phases,ref  ] GC(11)         SoftRef (ms):             Min:  0.0, Avg:  0.0, Max:  0.0, Diff:  0.0, Sum:  0.0, Workers: 1
[6.659s][debug][gc,phases,ref  ] GC(11)         WeakRef (ms):             Min:  0.0, Avg:  0.0, Max:  0.0, Diff:  0.0, Sum:  0.0, Workers: 1
[6.659s][debug][gc,phases,ref  ] GC(11)         FinalRef (ms):            Min:  0.0, Avg:  0.0, Max:  0.0, Diff:  0.0, Sum:  0.0, Workers: 1
[6.659s][debug][gc,phases,ref  ] GC(11)         Total (ms):               Min:  0.0, Avg:  0.0, Max:  0.0, Diff:  0.0, Sum:  0.0, Workers: 1
[6.659s][debug][gc,phases,ref  ] GC(11)       Notify and keep alive finalizable: 0.0ms
[6.659s][debug][gc,phases,ref  ] GC(11)         FinalRef (ms):            skipped
[6.659s][debug][gc,phases,ref  ] GC(11)       Notify PhantomReferences: 0.0ms
[6.659s][debug][gc,phases,ref  ] GC(11)         PhantomRef (ms):          Min:  0.0, Avg:  0.0, Max:  0.0, Diff:  0.0, Sum:  0.0, Workers: 1
[6.659s][debug][gc,phases,ref  ] GC(11)       SoftReference:
[6.659s][debug][gc,phases,ref  ] GC(11)         Discovered: 0
[6.659s][debug][gc,phases,ref  ] GC(11)         Cleared: 0
[6.659s][debug][gc,phases,ref  ] GC(11)       WeakReference:
[6.659s][debug][gc,phases,ref  ] GC(11)         Discovered: 1
[6.659s][debug][gc,phases,ref  ] GC(11)         Cleared: 0
[6.659s][debug][gc,phases,ref  ] GC(11)       FinalReference:
[6.659s][debug][gc,phases,ref  ] GC(11)         Discovered: 0
[6.659s][debug][gc,phases,ref  ] GC(11)         Cleared: 0
[6.659s][debug][gc,phases,ref  ] GC(11)       PhantomReference:
[6.659s][debug][gc,phases,ref  ] GC(11)         Discovered: 2
[6.659s][debug][gc,phases,ref  ] GC(11)         Cleared: 2
[6.659s][debug][gc,phases      ] GC(11)     Weak Processing: 0.0ms
[6.659s][debug][gc,phases      ] GC(11)       JVMTI weak processing: 0.0ms
[6.659s][debug][gc,phases      ] GC(11)         Dead: 0
[6.659s][debug][gc,phases      ] GC(11)         Total: 0
[6.659s][debug][gc,phases      ] GC(11)       JFR weak processing: 0.0ms
[6.659s][debug][gc,phases      ] GC(11)         Dead: 0
[6.659s][debug][gc,phases      ] GC(11)         Total: 0
[6.659s][debug][gc,phases      ] GC(11)       JNI weak                  Min:  0.0, Avg:  0.0, Max:  0.0, Diff:  0.0, Sum:  0.0, Workers: 5
[6.659s][debug][gc,phases      ] GC(11)         Dead                      Min: 0, Avg:  0.0, Max: 0, Diff: 0, Sum: 0, Workers: 5
[6.659s][debug][gc,phases      ] GC(11)         Total                     Min: 0, Avg: 13.8, Max: 52, Diff: 52, Sum: 69, Workers: 5
[6.659s][debug][gc,phases      ] GC(11)       VM weak                   Min:  0.0, Avg:  0.0, Max:  0.0, Diff:  0.0, Sum:  0.0, Workers: 5
[6.659s][debug][gc,phases      ] GC(11)         Dead                      Min: 0, Avg:  0.0, Max: 0, Diff: 0, Sum: 0, Workers: 5
[6.659s][debug][gc,phases      ] GC(11)         Total                     Min: 0, Avg: 44.8, Max: 64, Diff: 64, Sum: 224, Workers: 5
[6.659s][debug][gc,phases      ] GC(11)       StringTable weak          Min:  0.0, Avg:  0.0, Max:  0.0, Diff:  0.0, Sum:  0.1, Workers: 5
[6.659s][debug][gc,phases      ] GC(11)         Dead                      Min: 0, Avg:  0.0, Max: 0, Diff: 0, Sum: 0, Workers: 5
[6.659s][debug][gc,phases      ] GC(11)         Total                     Min: 576, Avg: 722.4, Max: 831, Diff: 255, Sum: 3612, Workers: 5
[6.659s][debug][gc,phases      ] GC(11)       ResolvedMethodTable weak  Min:  0.0, Avg:  0.0, Max:  0.0, Diff:  0.0, Sum:  0.0, Workers: 5
[6.659s][debug][gc,phases      ] GC(11)         Dead                      Min: 0, Avg:  0.0, Max: 0, Diff: 0, Sum: 0, Workers: 5
[6.659s][debug][gc,phases      ] GC(11)         Total                     Min: 0, Avg: 117.8, Max: 205, Diff: 205, Sum: 589, Workers: 5
[6.659s][debug][gc,phases      ] GC(11)     Merge Per-Thread State: 0.0ms
[6.659s][debug][gc,phases      ] GC(11)       Copied Bytes              Min: 1544, Avg: 64311.0, Max: 401856, Diff: 400312, Sum: 514488, Workers: 8
[6.659s][debug][gc,phases      ] GC(11)       LAB Waste                 Min: 0, Avg: 32.0, Max: 72, Diff: 72, Sum: 256, Workers: 8
[6.659s][debug][gc,phases      ] GC(11)       LAB Undo Waste            Min: 0, Avg:  0.0, Max: 0, Diff: 0, Sum: 0, Workers: 8
[6.659s][debug][gc,phases      ] GC(11)     Code Roots Purge: 0.0ms
[6.659s][debug][gc,phases      ] GC(11)     Redirty Cards: 0.0ms
[6.659s][debug][gc,phases      ] GC(11)     DerivedPointerTable Update: 0.0ms
[6.659s][debug][gc,phases      ] GC(11)     Free Collection Set: 0.1ms
[6.659s][debug][gc,phases      ] GC(11)     Rebuild Free List: 0.1ms
[6.659s][debug][gc,phases      ] GC(11)     Humongous Reclaim: 0.0ms
[6.659s][debug][gc,phases      ] GC(11)     Start New Collection Set: 0.0ms
[6.659s][debug][gc,phases      ] GC(11)     Resize TLABs: 0.0ms
[6.659s][debug][gc,phases      ] GC(11)     Expand Heap After Collection: 0.0ms
[6.659s][info ][gc,phases      ] GC(11)   Other: 0.3ms
[6.659s][info ][gc,heap        ] GC(11) Eden regions: 14->0(14)
[6.659s][info ][gc,heap        ] GC(11) Survivor regions: 1->1(2)
[6.659s][info ][gc,heap        ] GC(11) Old regions: 6->6
[6.659s][info ][gc,heap        ] GC(11) Archive regions: 2->2
[6.659s][info ][gc,heap        ] GC(11) Humongous regions: 0->0
[6.659s][info ][gc,metaspace   ] GC(11) Metaspace: 10457K(11136K)->10457K(11136K) NonClass: 9244K(9728K)->9244K(9728K) Class: 1213K(1408K)->1213K(1408K)
[6.659s][debug][gc,heap        ] GC(11) Heap after GC invocations=12 (full 1): garbage-first heap   total 27648K, used 4125K [0x0000000700000000, 0x0000000800000000)
[6.659s][debug][gc,heap        ] GC(11)   region size 1024K, 1 young (1024K), 1 survivors (1024K)
[6.659s][debug][gc,heap        ] GC(11)  Metaspace       used 10457K, capacity 10795K, committed 11136K, reserved 1058816K
[6.659s][debug][gc,heap        ] GC(11)   class space    used 1213K, capacity 1343K, committed 1408K, reserved 1048576K
[6.659s][info ][gc             ] GC(11) Pause Young (Normal) (G1 Evacuation Pause) 18M->4M(27M) 1.526ms
[6.659s][info ][gc,cpu         ] GC(11) User=0.00s Sys=0.00s Real=0.01s
[6.660s][info ][safepoint      ] Safepoint "G1CollectForAllocation", Time since last: 20406063 ns, Reaching safepoint: 98043 ns, At safepoint: 3075954 ns, Total: 3173997 ns
[6.675s][debug][gc,heap        ] GC(12) Heap before GC invocations=12 (full 1): garbage-first heap   total 27648K, used 18461K [0x0000000700000000, 0x0000000800000000)
[6.675s][debug][gc,heap        ] GC(12)   region size 1024K, 15 young (15360K), 1 survivors (1024K)
[6.675s][debug][gc,heap        ] GC(12)  Metaspace       used 10459K, capacity 10795K, committed 11136K, reserved 1058816K
[6.675s][debug][gc,heap        ] GC(12)   class space    used 1213K, capacity 1343K, committed 1408K, reserved 1048576K
[6.675s][info ][gc,start       ] GC(12) Pause Young (Normal) (G1 Evacuation Pause)
[6.675s][info ][gc,task        ] GC(12) Using 8 workers of 8 for evacuation
[6.675s][debug][gc,tlab        ] GC(12) TLAB totals: thrds: 10  refills: 438 max: 75 slow allocs: 0 max 0 waste:  2.5% gc: 109240B max: 34368B slow: 251808B max: 43824B fast: 0B max: 0B
[6.675s][debug][gc,age         ] GC(12) Desired survivor size 1048576 bytes, new threshold 15 (max threshold 15)
[6.675s][debug][gc,alloc,region] GC(12) Mutator Allocation stats, regions: 14, wasted size: 1776B ( 0.0%)
[6.675s][debug][gc,ergo        ] GC(12) Running G1 Merge Heap Roots using 8 workers for 15 regions
[6.675s][debug][gc,remset      ] GC(12) Visited cards 4096 Total dirty 12288 (33.33%) Total old 77824 (5.26%)
[6.675s][debug][gc,ergo        ] GC(12) Running G1 Clear Card Table Task using 1 workers for 1 units of work for 21 regions.
[6.675s][debug][gc,ref         ] GC(12) Skipped phase1 of Reference Processing due to unavailable references
[6.675s][debug][gc,ref         ] GC(12) Skipped phase3 of Reference Processing due to unavailable references
[6.675s][debug][gc,ref         ] GC(12) Skipped phase4 of Reference Processing due to unavailable references
[6.676s][debug][gc,ergo        ] GC(12) Running G1 Free Collection Set using 8 workers for collection set length 15 (27)
[6.676s][debug][gc,ergo        ] GC(12) Running G1 Rebuild Free List Task using 8 workers for rebuilding free list of 0 (4096) regions
[6.676s][trace][gc,age         ] GC(12) Age table with threshold 15 (max threshold 15)
[6.676s][trace][gc,age         ] GC(12) - age   1:        784 bytes,        784 total
[6.676s][trace][gc,age         ] GC(12) - age  11:        416 bytes,       1200 total
[6.676s][trace][gc,age         ] GC(12) - age  12:     512936 bytes,     514136 total
[6.676s][debug][gc,plab        ] GC(12) Young PLAB allocation: allocated: 26832B, wasted: 192B, unused: 7496B, used: 19144B, undo waste: 448B, 
[6.676s][debug][gc,plab        ] GC(12) Young other allocation: region end waste: 0B, regions filled: 1, direct allocated: 495440B, failure used: 0B, failure wasted: 0B
[6.676s][debug][gc,plab        ] GC(12) Young sizing: calculated: 3824B, actual: 3872B
[6.676s][debug][gc,plab        ] GC(12) Old PLAB allocation: allocated: 0B, wasted: 0B, unused: 0B, used: 0B, undo waste: 0B, 
[6.676s][debug][gc,plab        ] GC(12) Old other allocation: region end waste: 0B, regions filled: 0, direct allocated: 0B, failure used: 0B, failure wasted: 0B
[6.676s][debug][gc,plab        ] GC(12) Old sizing: calculated: 0B, actual: 2064B
[6.676s][debug][gc,ihop        ] GC(12) Basic information (value update), threshold: 12740198B (45.00), target occupancy: 28311552B, current occupancy: 4221968B, recent allocation size: 0B, recent allocation duration: 16.70ms, recent old gen allocation rate: 0.00B/s, recent marking phase length: 0.00ms
[6.676s][debug][gc,ihop        ] GC(12) Adaptive IHOP information (value update), threshold: 12740198B (47.37), internal target occupancy: 26895974B, occupancy: 4221968B, additional buffer size: 15728640B, predicted old gen allocation rate: 0.00B/s, predicted marking phase length: 0.00ms, prediction active: false
[6.676s][debug][gc,ergo,refine ] GC(12) Concurrent refinement times: Logged Cards Scan time goal: 20.00ms Logged Cards Scan time: 0.02ms HCC time: 0.00ms
[6.676s][debug][gc,ergo,refine ] GC(12) Updated Refinement Zones: green: 2048, yellow: 6144, red: 10240
[6.676s][info ][gc,phases      ] GC(12)   Pre Evacuate Collection Set: 0.1ms
[6.676s][debug][gc,phases      ] GC(12)     Prepare TLABs: 0.0ms
[6.676s][debug][gc,phases      ] GC(12)     Choose Collection Set: 0.0ms
[6.676s][debug][gc,phases      ] GC(12)     Region Register: 0.0ms
[6.676s][debug][gc,phases      ] GC(12)     Prepare Heap Roots: 0.0ms
[6.676s][info ][gc,phases      ] GC(12)   Merge Heap Roots: 0.1ms
[6.676s][debug][gc,phases      ] GC(12)     Prepare Merge Heap Roots: 0.0ms
[6.676s][debug][gc,phases      ] GC(12)     Eager Reclaim (ms):       skipped
[6.676s][debug][gc,phases      ] GC(12)     Remembered Sets (ms):     Min:  0.0, Avg:  0.0, Max:  0.0, Diff:  0.0, Sum:  0.0, Workers: 8
[6.676s][debug][gc,phases      ] GC(12)       Merged Sparse:            Min: 0, Avg:  0.0, Max: 0, Diff: 0, Sum: 0, Workers: 8
[6.676s][debug][gc,phases      ] GC(12)       Merged Fine:              Min: 0, Avg:  0.0, Max: 0, Diff: 0, Sum: 0, Workers: 8
[6.676s][debug][gc,phases      ] GC(12)       Merged Coarse:            Min: 0, Avg:  0.0, Max: 0, Diff: 0, Sum: 0, Workers: 8
[6.676s][debug][gc,phases      ] GC(12)       Dirty Cards:              Min: 0, Avg:  0.0, Max: 0, Diff: 0, Sum: 0, Workers: 8
[6.676s][debug][gc,phases      ] GC(12)     Hot Card Cache (ms):      Min:  0.0, Avg:  0.0, Max:  0.0, Diff:  0.0, Sum:  0.0, Workers: 8
[6.676s][debug][gc,phases      ] GC(12)       Dirty Cards:              Min: 0, Avg:  0.0, Max: 0, Diff: 0, Sum: 0, Workers: 8
[6.676s][debug][gc,phases      ] GC(12)       Skipped Cards:            Min: 0, Avg:  0.0, Max: 0, Diff: 0, Sum: 0, Workers: 8
[6.676s][debug][gc,phases      ] GC(12)     Log Buffers (ms):         Min:  0.0, Avg:  0.0, Max:  0.0, Diff:  0.0, Sum:  0.0, Workers: 8
[6.676s][debug][gc,phases      ] GC(12)       Dirty Cards:              Min: 0, Avg:  6.9, Max: 16, Diff: 16, Sum: 55, Workers: 8
[6.676s][debug][gc,phases      ] GC(12)       Skipped Cards:            Min: 0, Avg:  0.0, Max: 0, Diff: 0, Sum: 0, Workers: 8
[6.676s][info ][gc,phases      ] GC(12)   Evacuate Collection Set: 0.2ms
[6.676s][debug][gc,phases      ] GC(12)     Ext Root Scanning (ms):   Min:  0.0, Avg:  0.1, Max:  0.1, Diff:  0.1, Sum:  0.4, Workers: 8
[6.676s][debug][gc,phases      ] GC(12)     Scan Heap Roots (ms):     Min:  0.0, Avg:  0.0, Max:  0.0, Diff:  0.0, Sum:  0.1, Workers: 8
[6.676s][debug][gc,phases      ] GC(12)       Scanned Cards:            Min: 0, Avg:  6.8, Max: 14, Diff: 14, Sum: 54, Workers: 8
[6.676s][debug][gc,phases      ] GC(12)       Scanned Blocks:           Min: 0, Avg:  5.2, Max: 9, Diff: 9, Sum: 42, Workers: 8
[6.676s][debug][gc,phases      ] GC(12)       Claimed Chunks:           Min: 0, Avg:  2.0, Max: 3, Diff: 3, Sum: 16, Workers: 8
[6.676s][debug][gc,phases      ] GC(12)     Code Root Scan (ms):      Min:  0.0, Avg:  0.0, Max:  0.0, Diff:  0.0, Sum:  0.0, Workers: 8
[6.676s][debug][gc,phases      ] GC(12)     Object Copy (ms):         Min:  0.0, Avg:  0.0, Max:  0.1, Diff:  0.1, Sum:  0.2, Workers: 8
[6.676s][debug][gc,phases      ] GC(12)     Termination (ms):         Min:  0.0, Avg:  0.1, Max:  0.1, Diff:  0.0, Sum:  0.5, Workers: 8
[6.676s][debug][gc,phases      ] GC(12)       Termination Attempts:     Min: 1, Avg:  1.1, Max: 2, Diff: 1, Sum: 9, Workers: 8
[6.676s][debug][gc,phases      ] GC(12)     GC Worker Other (ms):     Min:  0.0, Avg:  0.0, Max:  0.0, Diff:  0.0, Sum:  0.1, Workers: 8
[6.676s][debug][gc,phases      ] GC(12)     GC Worker Total (ms):     Min:  0.1, Avg:  0.2, Max:  0.2, Diff:  0.1, Sum:  1.4, Workers: 8
[6.676s][info ][gc,phases      ] GC(12)   Post Evacuate Collection Set: 0.3ms
[6.676s][debug][gc,phases      ] GC(12)     Code Roots Fixup: 0.0ms
[6.676s][debug][gc,phases      ] GC(12)     Clear Card Table: 0.0ms
[6.676s][debug][gc,phases      ] GC(12)     Reference Processing: 0.1ms
[6.676s][debug][gc,phases,ref  ] GC(12)       Reconsider SoftReferences: 0.0ms
[6.676s][debug][gc,phases,ref  ] GC(12)         SoftRef (ms):             skipped
[6.676s][debug][gc,phases,ref  ] GC(12)       Notify Soft/WeakReferences: 0.0ms
[6.676s][debug][gc,phases,ref  ] GC(12)         SoftRef (ms):             Min:  0.0, Avg:  0.0, Max:  0.0, Diff:  0.0, Sum:  0.0, Workers: 1
[6.676s][debug][gc,phases,ref  ] GC(12)         WeakRef (ms):             Min:  0.0, Avg:  0.0, Max:  0.0, Diff:  0.0, Sum:  0.0, Workers: 1
[6.676s][debug][gc,phases,ref  ] GC(12)         FinalRef (ms):            Min:  0.0, Avg:  0.0, Max:  0.0, Diff:  0.0, Sum:  0.0, Workers: 1
[6.676s][debug][gc,phases,ref  ] GC(12)         Total (ms):               Min:  0.0, Avg:  0.0, Max:  0.0, Diff:  0.0, Sum:  0.0, Workers: 1
[6.676s][debug][gc,phases,ref  ] GC(12)       Notify and keep alive finalizable: 0.0ms
[6.676s][debug][gc,phases,ref  ] GC(12)         FinalRef (ms):            skipped
[6.676s][debug][gc,phases,ref  ] GC(12)       Notify PhantomReferences: 0.0ms
[6.676s][debug][gc,phases,ref  ] GC(12)         PhantomRef (ms):          skipped
[6.676s][debug][gc,phases,ref  ] GC(12)       SoftReference:
[6.676s][debug][gc,phases,ref  ] GC(12)         Discovered: 0
[6.676s][debug][gc,phases,ref  ] GC(12)         Cleared: 0
[6.676s][debug][gc,phases,ref  ] GC(12)       WeakReference:
[6.676s][debug][gc,phases,ref  ] GC(12)         Discovered: 2
[6.676s][debug][gc,phases,ref  ] GC(12)         Cleared: 1
[6.676s][debug][gc,phases,ref  ] GC(12)       FinalReference:
[6.676s][debug][gc,phases,ref  ] GC(12)         Discovered: 0
[6.676s][debug][gc,phases,ref  ] GC(12)         Cleared: 0
[6.676s][debug][gc,phases,ref  ] GC(12)       PhantomReference:
[6.676s][debug][gc,phases,ref  ] GC(12)         Discovered: 0
[6.676s][debug][gc,phases,ref  ] GC(12)         Cleared: 0
[6.676s][debug][gc,phases      ] GC(12)     Weak Processing: 0.1ms
[6.676s][debug][gc,phases      ] GC(12)       JVMTI weak processing: 0.0ms
[6.676s][debug][gc,phases      ] GC(12)         Dead: 0
[6.676s][debug][gc,phases      ] GC(12)         Total: 0
[6.676s][debug][gc,phases      ] GC(12)       JFR weak processing: 0.0ms
[6.676s][debug][gc,phases      ] GC(12)         Dead: 0
[6.676s][debug][gc,phases      ] GC(12)         Total: 0
[6.676s][debug][gc,phases      ] GC(12)       JNI weak                  Min:  0.0, Avg:  0.0, Max:  0.0, Diff:  0.0, Sum:  0.0, Workers: 5
[6.676s][debug][gc,phases      ] GC(12)         Dead                      Min: 0, Avg:  0.0, Max: 0, Diff: 0, Sum: 0, Workers: 5
[6.676s][debug][gc,phases      ] GC(12)         Total                     Min: 0, Avg: 13.8, Max: 52, Diff: 52, Sum: 69, Workers: 5
[6.676s][debug][gc,phases      ] GC(12)       VM weak                   Min:  0.0, Avg:  0.0, Max:  0.0, Diff:  0.0, Sum:  0.0, Workers: 5
[6.676s][debug][gc,phases      ] GC(12)         Dead                      Min: 0, Avg:  0.0, Max: 0, Diff: 0, Sum: 0, Workers: 5
[6.676s][debug][gc,phases      ] GC(12)         Total                     Min: 0, Avg: 44.8, Max: 96, Diff: 96, Sum: 224, Workers: 5
[6.676s][debug][gc,phases      ] GC(12)       StringTable weak          Min:  0.0, Avg:  0.0, Max:  0.1, Diff:  0.0, Sum:  0.2, Workers: 5
[6.676s][debug][gc,phases      ] GC(12)         Dead                      Min: 0, Avg:  0.0, Max: 0, Diff: 0, Sum: 0, Workers: 5
[6.676s][debug][gc,phases      ] GC(12)         Total                     Min: 285, Avg: 722.4, Max: 1024, Diff: 739, Sum: 3612, Workers: 5
[6.676s][debug][gc,phases      ] GC(12)       ResolvedMethodTable weak  Min:  0.0, Avg:  0.0, Max:  0.0, Diff:  0.0, Sum:  0.0, Workers: 5
[6.676s][debug][gc,phases      ] GC(12)         Dead                      Min: 0, Avg:  0.0, Max: 0, Diff: 0, Sum: 0, Workers: 5
[6.676s][debug][gc,phases      ] GC(12)         Total                     Min: 0, Avg: 117.8, Max: 192, Diff: 192, Sum: 589, Workers: 5
[6.676s][debug][gc,phases      ] GC(12)     Merge Per-Thread State: 0.0ms
[6.676s][debug][gc,phases      ] GC(12)       Copied Bytes              Min: 1096, Avg: 64267.0, Max: 401880, Diff: 400784, Sum: 514136, Workers: 8
[6.676s][debug][gc,phases      ] GC(12)       LAB Waste                 Min: 0, Avg: 24.0, Max: 104, Diff: 104, Sum: 192, Workers: 8
[6.676s][debug][gc,phases      ] GC(12)       LAB Undo Waste            Min: 0, Avg: 56.0, Max: 448, Diff: 448, Sum: 448, Workers: 8
[6.676s][debug][gc,phases      ] GC(12)     Code Roots Purge: 0.0ms
[6.676s][debug][gc,phases      ] GC(12)     Redirty Cards: 0.0ms
[6.676s][debug][gc,phases      ] GC(12)     DerivedPointerTable Update: 0.0ms
[6.676s][debug][gc,phases      ] GC(12)     Free Collection Set: 0.0ms
[6.676s][debug][gc,phases      ] GC(12)     Rebuild Free List: 0.0ms
[6.676s][debug][gc,phases      ] GC(12)     Humongous Reclaim: 0.0ms
[6.676s][debug][gc,phases      ] GC(12)     Start New Collection Set: 0.0ms
[6.676s][debug][gc,phases      ] GC(12)     Resize TLABs: 0.0ms
[6.676s][debug][gc,phases      ] GC(12)     Expand Heap After Collection: 0.0ms
[6.676s][info ][gc,phases      ] GC(12)   Other: 0.3ms
[6.676s][info ][gc,heap        ] GC(12) Eden regions: 14->0(14)
[6.676s][info ][gc,heap        ] GC(12) Survivor regions: 1->1(2)
[6.676s][info ][gc,heap        ] GC(12) Old regions: 6->6
[6.676s][info ][gc,heap        ] GC(12) Archive regions: 2->2
[6.676s][info ][gc,heap        ] GC(12) Humongous regions: 0->0
[6.676s][info ][gc,metaspace   ] GC(12) Metaspace: 10459K(11136K)->10459K(11136K) NonClass: 9246K(9728K)->9246K(9728K) Class: 1213K(1408K)->1213K(1408K)
[6.676s][debug][gc,heap        ] GC(12) Heap after GC invocations=13 (full 1): garbage-first heap   total 27648K, used 4123K [0x0000000700000000, 0x0000000800000000)
[6.676s][debug][gc,heap        ] GC(12)   region size 1024K, 1 young (1024K), 1 survivors (1024K)
[6.676s][debug][gc,heap        ] GC(12)  Metaspace       used 10459K, capacity 10795K, committed 11136K, reserved 1058816K
[6.676s][debug][gc,heap        ] GC(12)   class space    used 1213K, capacity 1343K, committed 1408K, reserved 1048576K
[6.676s][info ][gc             ] GC(12) Pause Young (Normal) (G1 Evacuation Pause) 18M->4M(27M) 1.517ms
[6.676s][info ][gc,cpu         ] GC(12) User=0.00s Sys=0.01s Real=0.00s
[6.678s][info ][safepoint      ] Safepoint "G1CollectForAllocation", Time since last: 14324308 ns, Reaching safepoint: 96827 ns, At safepoint: 2832837 ns, Total: 2929664 ns
[6.690s][debug][gc,heap        ] GC(13) Heap before GC invocations=13 (full 1): garbage-first heap   total 27648K, used 18459K [0x0000000700000000, 0x0000000800000000)
[6.690s][debug][gc,heap        ] GC(13)   region size 1024K, 15 young (15360K), 1 survivors (1024K)
[6.690s][debug][gc,heap        ] GC(13)  Metaspace       used 10461K, capacity 10795K, committed 11136K, reserved 1058816K
[6.690s][debug][gc,heap        ] GC(13)   class space    used 1213K, capacity 1343K, committed 1408K, reserved 1048576K
[6.690s][info ][gc,start       ] GC(13) Pause Young (Normal) (G1 Evacuation Pause)
[6.690s][info ][gc,task        ] GC(13) Using 8 workers of 8 for evacuation
[6.690s][debug][gc,tlab        ] GC(13) TLAB totals: thrds: 11  refills: 430 max: 70 slow allocs: 0 max 0 waste:  2.3% gc: 85144B max: 23792B slow: 247248B max: 40824B fast: 0B max: 0B
[6.690s][debug][gc,age         ] GC(13) Desired survivor size 1048576 bytes, new threshold 15 (max threshold 15)
[6.690s][debug][gc,alloc,region] GC(13) Mutator Allocation stats, regions: 14, wasted size: 0B ( 0.0%)
[6.690s][debug][gc,ergo        ] GC(13) Running G1 Merge Heap Roots using 8 workers for 15 regions
[6.690s][debug][gc,remset      ] GC(13) Visited cards 4096 Total dirty 12288 (33.33%) Total old 77824 (5.26%)
[6.691s][debug][gc,ergo        ] GC(13) Running G1 Clear Card Table Task using 1 workers for 1 units of work for 21 regions.
[6.691s][debug][gc,ref         ] GC(13) Skipped phase1 of Reference Processing due to unavailable references
[6.691s][debug][gc,ref         ] GC(13) Skipped phase3 of Reference Processing due to unavailable references
[6.691s][debug][gc,ergo        ] GC(13) Running G1 Free Collection Set using 8 workers for collection set length 15 (27)
[6.691s][debug][gc,ergo        ] GC(13) Running G1 Rebuild Free List Task using 8 workers for rebuilding free list of 0 (4096) regions
[6.691s][trace][gc,age         ] GC(13) Age table with threshold 15 (max threshold 15)
[6.691s][trace][gc,age         ] GC(13) - age   1:       1304 bytes,       1304 total
[6.691s][trace][gc,age         ] GC(13) - age  12:        416 bytes,       1720 total
[6.691s][trace][gc,age         ] GC(13) - age  13:     512936 bytes,     514656 total
[6.691s][debug][gc,plab        ] GC(13) Young PLAB allocation: allocated: 26832B, wasted: 296B, unused: 5672B, used: 20864B, undo waste: 0B, 
[6.691s][debug][gc,plab        ] GC(13) Young other allocation: region end waste: 0B, regions filled: 1, direct allocated: 493792B, failure used: 0B, failure wasted: 0B
[6.691s][debug][gc,plab        ] GC(13) Young sizing: calculated: 4168B, actual: 4088B
[6.691s][debug][gc,plab        ] GC(13) Old PLAB allocation: allocated: 0B, wasted: 0B, unused: 0B, used: 0B, undo waste: 0B, 
[6.691s][debug][gc,plab        ] GC(13) Old other allocation: region end waste: 0B, regions filled: 0, direct allocated: 0B, failure used: 0B, failure wasted: 0B
[6.691s][debug][gc,plab        ] GC(13) Old sizing: calculated: 0B, actual: 2064B
[6.691s][debug][gc,ihop        ] GC(13) Basic information (value update), threshold: 12740198B (45.00), target occupancy: 28311552B, current occupancy: 4220320B, recent allocation size: 0B, recent allocation duration: 14.50ms, recent old gen allocation rate: 0.00B/s, recent marking phase length: 0.00ms
[6.691s][debug][gc,ihop        ] GC(13) Adaptive IHOP information (value update), threshold: 12740198B (47.37), internal target occupancy: 26895974B, occupancy: 4220320B, additional buffer size: 15728640B, predicted old gen allocation rate: 0.00B/s, predicted marking phase length: 0.00ms, prediction active: false
[6.691s][debug][gc,ergo,refine ] GC(13) Concurrent refinement times: Logged Cards Scan time goal: 20.00ms Logged Cards Scan time: 0.02ms HCC time: 0.00ms
[6.691s][debug][gc,ergo,refine ] GC(13) Updated Refinement Zones: green: 2048, yellow: 6144, red: 10240
[6.691s][info ][gc,phases      ] GC(13)   Pre Evacuate Collection Set: 0.1ms
[6.691s][debug][gc,phases      ] GC(13)     Prepare TLABs: 0.0ms
[6.691s][debug][gc,phases      ] GC(13)     Choose Collection Set: 0.0ms
[6.691s][debug][gc,phases      ] GC(13)     Region Register: 0.0ms
[6.691s][debug][gc,phases      ] GC(13)     Prepare Heap Roots: 0.0ms
[6.691s][info ][gc,phases      ] GC(13)   Merge Heap Roots: 0.1ms
[6.691s][debug][gc,phases      ] GC(13)     Prepare Merge Heap Roots: 0.0ms
[6.691s][debug][gc,phases      ] GC(13)     Eager Reclaim (ms):       skipped
[6.691s][debug][gc,phases      ] GC(13)     Remembered Sets (ms):     Min:  0.0, Avg:  0.0, Max:  0.0, Diff:  0.0, Sum:  0.0, Workers: 8
[6.691s][debug][gc,phases      ] GC(13)       Merged Sparse:            Min: 0, Avg:  0.0, Max: 0, Diff: 0, Sum: 0, Workers: 8
[6.691s][debug][gc,phases      ] GC(13)       Merged Fine:              Min: 0, Avg:  0.0, Max: 0, Diff: 0, Sum: 0, Workers: 8
[6.691s][debug][gc,phases      ] GC(13)       Merged Coarse:            Min: 0, Avg:  0.0, Max: 0, Diff: 0, Sum: 0, Workers: 8
[6.691s][debug][gc,phases      ] GC(13)       Dirty Cards:              Min: 0, Avg:  0.0, Max: 0, Diff: 0, Sum: 0, Workers: 8
[6.691s][debug][gc,phases      ] GC(13)     Hot Card Cache (ms):      Min:  0.0, Avg:  0.0, Max:  0.0, Diff:  0.0, Sum:  0.0, Workers: 8
[6.691s][debug][gc,phases      ] GC(13)       Dirty Cards:              Min: 0, Avg:  0.0, Max: 0, Diff: 0, Sum: 0, Workers: 8
[6.691s][debug][gc,phases      ] GC(13)       Skipped Cards:            Min: 0, Avg:  0.0, Max: 0, Diff: 0, Sum: 0, Workers: 8
[6.691s][debug][gc,phases      ] GC(13)     Log Buffers (ms):         Min:  0.0, Avg:  0.0, Max:  0.0, Diff:  0.0, Sum:  0.0, Workers: 8
[6.691s][debug][gc,phases      ] GC(13)       Dirty Cards:              Min: 0, Avg:  7.6, Max: 19, Diff: 19, Sum: 61, Workers: 8
[6.691s][debug][gc,phases      ] GC(13)       Skipped Cards:            Min: 0, Avg:  0.0, Max: 0, Diff: 0, Sum: 0, Workers: 8
[6.691s][info ][gc,phases      ] GC(13)   Evacuate Collection Set: 0.2ms
[6.691s][debug][gc,phases      ] GC(13)     Ext Root Scanning (ms):   Min:  0.0, Avg:  0.0, Max:  0.1, Diff:  0.1, Sum:  0.3, Workers: 8
[6.691s][debug][gc,phases      ] GC(13)     Scan Heap Roots (ms):     Min:  0.0, Avg:  0.0, Max:  0.0, Diff:  0.0, Sum:  0.1, Workers: 8
[6.691s][debug][gc,phases      ] GC(13)       Scanned Cards:            Min: 0, Avg:  7.1, Max: 14, Diff: 14, Sum: 57, Workers: 8
[6.691s][debug][gc,phases      ] GC(13)       Scanned Blocks:           Min: 0, Avg:  5.5, Max: 12, Diff: 12, Sum: 44, Workers: 8
[6.691s][debug][gc,phases      ] GC(13)       Claimed Chunks:           Min: 0, Avg:  2.0, Max: 5, Diff: 5, Sum: 16, Workers: 8
[6.691s][debug][gc,phases      ] GC(13)     Code Root Scan (ms):      Min:  0.0, Avg:  0.0, Max:  0.0, Diff:  0.0, Sum:  0.0, Workers: 8
[6.691s][debug][gc,phases      ] GC(13)     Object Copy (ms):         Min:  0.0, Avg:  0.0, Max:  0.1, Diff:  0.1, Sum:  0.2, Workers: 8
[6.691s][debug][gc,phases      ] GC(13)     Termination (ms):         Min:  0.0, Avg:  0.1, Max:  0.1, Diff:  0.1, Sum:  0.5, Workers: 8
[6.691s][debug][gc,phases      ] GC(13)       Termination Attempts:     Min: 1, Avg:  1.0, Max: 1, Diff: 0, Sum: 8, Workers: 8
[6.691s][debug][gc,phases      ] GC(13)     GC Worker Other (ms):     Min:  0.0, Avg:  0.0, Max:  0.1, Diff:  0.1, Sum:  0.1, Workers: 8
[6.691s][debug][gc,phases      ] GC(13)     GC Worker Total (ms):     Min:  0.1, Avg:  0.2, Max:  0.2, Diff:  0.1, Sum:  1.2, Workers: 8
[6.691s][info ][gc,phases      ] GC(13)   Post Evacuate Collection Set: 0.3ms
[6.691s][debug][gc,phases      ] GC(13)     Code Roots Fixup: 0.0ms
[6.691s][debug][gc,phases      ] GC(13)     Clear Card Table: 0.0ms
[6.691s][debug][gc,phases      ] GC(13)     Reference Processing: 0.0ms
[6.691s][debug][gc,phases,ref  ] GC(13)       Reconsider SoftReferences: 0.0ms
[6.691s][debug][gc,phases,ref  ] GC(13)         SoftRef (ms):             skipped
[6.691s][debug][gc,phases,ref  ] GC(13)       Notify Soft/WeakReferences: 0.0ms
[6.691s][debug][gc,phases,ref  ] GC(13)         SoftRef (ms):             Min:  0.0, Avg:  0.0, Max:  0.0, Diff:  0.0, Sum:  0.0, Workers: 1
[6.691s][debug][gc,phases,ref  ] GC(13)         WeakRef (ms):             Min:  0.0, Avg:  0.0, Max:  0.0, Diff:  0.0, Sum:  0.0, Workers: 1
[6.691s][debug][gc,phases,ref  ] GC(13)         FinalRef (ms):            Min:  0.0, Avg:  0.0, Max:  0.0, Diff:  0.0, Sum:  0.0, Workers: 1
[6.691s][debug][gc,phases,ref  ] GC(13)         Total (ms):               Min:  0.0, Avg:  0.0, Max:  0.0, Diff:  0.0, Sum:  0.0, Workers: 1
[6.691s][debug][gc,phases,ref  ] GC(13)       Notify and keep alive finalizable: 0.0ms
[6.691s][debug][gc,phases,ref  ] GC(13)         FinalRef (ms):            skipped
[6.691s][debug][gc,phases,ref  ] GC(13)       Notify PhantomReferences: 0.0ms
[6.691s][debug][gc,phases,ref  ] GC(13)         PhantomRef (ms):          Min:  0.0, Avg:  0.0, Max:  0.0, Diff:  0.0, Sum:  0.0, Workers: 1
[6.691s][debug][gc,phases,ref  ] GC(13)       SoftReference:
[6.691s][debug][gc,phases,ref  ] GC(13)         Discovered: 0
[6.691s][debug][gc,phases,ref  ] GC(13)         Cleared: 0
[6.691s][debug][gc,phases,ref  ] GC(13)       WeakReference:
[6.691s][debug][gc,phases,ref  ] GC(13)         Discovered: 1
[6.691s][debug][gc,phases,ref  ] GC(13)         Cleared: 1
[6.691s][debug][gc,phases,ref  ] GC(13)       FinalReference:
[6.691s][debug][gc,phases,ref  ] GC(13)         Discovered: 0
[6.691s][debug][gc,phases,ref  ] GC(13)         Cleared: 0
[6.691s][debug][gc,phases,ref  ] GC(13)       PhantomReference:
[6.691s][debug][gc,phases,ref  ] GC(13)         Discovered: 1
[6.691s][debug][gc,phases,ref  ] GC(13)         Cleared: 1
[6.691s][debug][gc,phases      ] GC(13)     Weak Processing: 0.0ms
[6.691s][debug][gc,phases      ] GC(13)       JVMTI weak processing: 0.0ms
[6.691s][debug][gc,phases      ] GC(13)         Dead: 0
[6.691s][debug][gc,phases      ] GC(13)         Total: 0
[6.691s][debug][gc,phases      ] GC(13)       JFR weak processing: 0.0ms
[6.691s][debug][gc,phases      ] GC(13)         Dead: 0
[6.691s][debug][gc,phases      ] GC(13)         Total: 0
[6.691s][debug][gc,phases      ] GC(13)       JNI weak                  Min:  0.0, Avg:  0.0, Max:  0.0, Diff:  0.0, Sum:  0.0, Workers: 5
[6.691s][debug][gc,phases      ] GC(13)         Dead                      Min: 0, Avg:  0.0, Max: 0, Diff: 0, Sum: 0, Workers: 5
[6.691s][debug][gc,phases      ] GC(13)         Total                     Min: 0, Avg: 13.8, Max: 69, Diff: 69, Sum: 69, Workers: 5
[6.692s][debug][gc,phases      ] GC(13)       VM weak                   Min:  0.0, Avg:  0.0, Max:  0.0, Diff:  0.0, Sum:  0.0, Workers: 5
[6.692s][debug][gc,phases      ] GC(13)         Dead                      Min: 0, Avg:  0.0, Max: 0, Diff: 0, Sum: 0, Workers: 5
[6.692s][debug][gc,phases      ] GC(13)         Total                     Min: 0, Avg: 44.8, Max: 128, Diff: 128, Sum: 224, Workers: 5
[6.692s][debug][gc,phases      ] GC(13)       StringTable weak          Min:  0.0, Avg:  0.0, Max:  0.0, Diff:  0.0, Sum:  0.1, Workers: 5
[6.692s][debug][gc,phases      ] GC(13)         Dead                      Min: 0, Avg:  0.0, Max: 0, Diff: 0, Sum: 0, Workers: 5
[6.692s][debug][gc,phases      ] GC(13)         Total                     Min: 512, Avg: 722.4, Max: 831, Diff: 319, Sum: 3612, Workers: 5
[6.692s][debug][gc,phases      ] GC(13)       ResolvedMethodTable weak  Min:  0.0, Avg:  0.0, Max:  0.0, Diff:  0.0, Sum:  0.0, Workers: 5
[6.692s][debug][gc,phases      ] GC(13)         Dead                      Min: 0, Avg:  0.0, Max: 0, Diff: 0, Sum: 0, Workers: 5
[6.692s][debug][gc,phases      ] GC(13)         Total                     Min: 64, Avg: 117.8, Max: 192, Diff: 128, Sum: 589, Workers: 5
[6.692s][debug][gc,phases      ] GC(13)     Merge Per-Thread State: 0.0ms
[6.692s][debug][gc,phases      ] GC(13)       Copied Bytes              Min: 0, Avg: 64332.0, Max: 402976, Diff: 402976, Sum: 514656, Workers: 8
[6.692s][debug][gc,phases      ] GC(13)       LAB Waste                 Min: 0, Avg: 37.0, Max: 184, Diff: 184, Sum: 296, Workers: 8
[6.692s][debug][gc,phases      ] GC(13)       LAB Undo Waste            Min: 0, Avg:  0.0, Max: 0, Diff: 0, Sum: 0, Workers: 8
[6.692s][debug][gc,phases      ] GC(13)     Code Roots Purge: 0.0ms
[6.692s][debug][gc,phases      ] GC(13)     Redirty Cards: 0.1ms
[6.692s][debug][gc,phases      ] GC(13)     DerivedPointerTable Update: 0.0ms
[6.692s][debug][gc,phases      ] GC(13)     Free Collection Set: 0.1ms
[6.692s][debug][gc,phases      ] GC(13)     Rebuild Free List: 0.0ms
[6.692s][debug][gc,phases      ] GC(13)     Humongous Reclaim: 0.0ms
[6.692s][debug][gc,phases      ] GC(13)     Start New Collection Set: 0.0ms
[6.692s][debug][gc,phases      ] GC(13)     Resize TLABs: 0.0ms
[6.692s][debug][gc,phases      ] GC(13)     Expand Heap After Collection: 0.0ms
[6.692s][info ][gc,phases      ] GC(13)   Other: 0.3ms
[6.692s][info ][gc,heap        ] GC(13) Eden regions: 14->0(14)
[6.692s][info ][gc,heap        ] GC(13) Survivor regions: 1->1(2)
[6.692s][info ][gc,heap        ] GC(13) Old regions: 6->6
[6.692s][info ][gc,heap        ] GC(13) Archive regions: 2->2
[6.692s][info ][gc,heap        ] GC(13) Humongous regions: 0->0
[6.692s][info ][gc,metaspace   ] GC(13) Metaspace: 10461K(11136K)->10461K(11136K) NonClass: 9248K(9728K)->9248K(9728K) Class: 1213K(1408K)->1213K(1408K)
[6.692s][debug][gc,heap        ] GC(13) Heap after GC invocations=14 (full 1): garbage-first heap   total 27648K, used 4121K [0x0000000700000000, 0x0000000800000000)
[6.692s][debug][gc,heap        ] GC(13)   region size 1024K, 1 young (1024K), 1 survivors (1024K)
[6.692s][debug][gc,heap        ] GC(13)  Metaspace       used 10461K, capacity 10795K, committed 11136K, reserved 1058816K
[6.692s][debug][gc,heap        ] GC(13)   class space    used 1213K, capacity 1343K, committed 1408K, reserved 1048576K
[6.692s][info ][gc             ] GC(13) Pause Young (Normal) (G1 Evacuation Pause) 18M->4M(27M) 1.572ms
[6.692s][info ][gc,cpu         ] GC(13) User=0.00s Sys=0.00s Real=0.00s
[6.692s][info ][safepoint      ] Safepoint "G1CollectForAllocation", Time since last: 12384498 ns, Reaching safepoint: 82743 ns, At safepoint: 2039577 ns, Total: 2122320 ns
[6.705s][debug][gc,heap        ] GC(14) Heap before GC invocations=14 (full 1): garbage-first heap   total 27648K, used 18457K [0x0000000700000000, 0x0000000800000000)
[6.705s][debug][gc,heap        ] GC(14)   region size 1024K, 15 young (15360K), 1 survivors (1024K)
[6.705s][debug][gc,heap        ] GC(14)  Metaspace       used 10461K, capacity 10795K, committed 11136K, reserved 1058816K
[6.705s][debug][gc,heap        ] GC(14)   class space    used 1213K, capacity 1343K, committed 1408K, reserved 1048576K
[6.705s][info ][gc,start       ] GC(14) Pause Young (Normal) (G1 Evacuation Pause)
[6.705s][info ][gc,task        ] GC(14) Using 8 workers of 8 for evacuation
[6.705s][debug][gc,tlab        ] GC(14) TLAB totals: thrds: 11  refills: 424 max: 69 slow allocs: 0 max 0 waste:  3.4% gc: 259768B max: 146736B slow: 242680B max: 39952B fast: 0B max: 0B
[6.705s][debug][gc,age         ] GC(14) Desired survivor size 1048576 bytes, new threshold 15 (max threshold 15)
[6.705s][debug][gc,alloc,region] GC(14) Mutator Allocation stats, regions: 14, wasted size: 0B ( 0.0%)
[6.705s][debug][gc,ergo        ] GC(14) Running G1 Merge Heap Roots using 8 workers for 15 regions
[6.705s][debug][gc,remset      ] GC(14) Visited cards 4096 Total dirty 12288 (33.33%) Total old 77824 (5.26%)
[6.705s][debug][gc,ergo        ] GC(14) Running G1 Clear Card Table Task using 1 workers for 1 units of work for 21 regions.
[6.705s][debug][gc,ref         ] GC(14) Skipped phase1 of Reference Processing due to unavailable references
[6.705s][debug][gc,ref         ] GC(14) Skipped phase3 of Reference Processing due to unavailable references
[6.705s][debug][gc,ref         ] GC(14) Skipped phase4 of Reference Processing due to unavailable references
[6.706s][debug][gc,ergo        ] GC(14) Running G1 Free Collection Set using 8 workers for collection set length 15 (27)
[6.706s][debug][gc,ergo        ] GC(14) Running G1 Rebuild Free List Task using 8 workers for rebuilding free list of 0 (4096) regions
[6.706s][trace][gc,age         ] GC(14) Age table with threshold 15 (max threshold 15)
[6.706s][trace][gc,age         ] GC(14) - age   1:       1088 bytes,       1088 total
[6.706s][trace][gc,age         ] GC(14) - age  13:        416 bytes,       1504 total
[6.706s][trace][gc,age         ] GC(14) - age  14:     512936 bytes,     514440 total
[6.706s][debug][gc,plab        ] GC(14) Young PLAB allocation: allocated: 26832B, wasted: 184B, unused: 6464B, used: 20184B, undo waste: 0B, 
[6.706s][debug][gc,plab        ] GC(14) Young other allocation: region end waste: 0B, regions filled: 1, direct allocated: 494256B, failure used: 0B, failure wasted: 0B
[6.706s][debug][gc,plab        ] GC(14) Young sizing: calculated: 4032B, actual: 4040B
[6.706s][debug][gc,plab        ] GC(14) Old PLAB allocation: allocated: 0B, wasted: 0B, unused: 0B, used: 0B, undo waste: 0B, 
[6.706s][debug][gc,plab        ] GC(14) Old other allocation: region end waste: 0B, regions filled: 0, direct allocated: 0B, failure used: 0B, failure wasted: 0B
[6.706s][debug][gc,plab        ] GC(14) Old sizing: calculated: 0B, actual: 2064B
[6.706s][debug][gc,ergo,heap   ] GC(14) Attempt heap expansion (recent GC overhead higher than threshold after GC) recent GC overhead: 3.23 % threshold: 1.00 % uncommitted: 4266655744B base expansion amount and scale: 120061952B (100.00%)
[6.706s][debug][gc,ergo,heap   ] GC(14) Expand the heap. requested expansion amount: 120061952B expansion amount: 120586240B
[6.706s][debug][gc,ihop        ] GC(14) Target occupancy update: old: 28311552B, new: 148897792B
[6.707s][debug][gc,ihop        ] GC(14) Basic information (value update), threshold: 67004006B (45.00), target occupancy: 148897792B, current occupancy: 4220784B, recent allocation size: 0B, recent allocation duration: 14.05ms, recent old gen allocation rate: 0.00B/s, recent marking phase length: 0.00ms
[6.707s][debug][gc,ihop        ] GC(14) Adaptive IHOP information (value update), threshold: 67004006B (47.37), internal target occupancy: 141452902B, occupancy: 4220784B, additional buffer size: 89128960B, predicted old gen allocation rate: 0.00B/s, predicted marking phase length: 0.00ms, prediction active: false
[6.707s][debug][gc,ergo,refine ] GC(14) Concurrent refinement times: Logged Cards Scan time goal: 20.00ms Logged Cards Scan time: 0.02ms HCC time: 0.00ms
[6.707s][debug][gc,ergo,refine ] GC(14) Updated Refinement Zones: green: 2048, yellow: 6144, red: 10240
[6.707s][info ][gc,phases      ] GC(14)   Pre Evacuate Collection Set: 0.1ms
[6.707s][debug][gc,phases      ] GC(14)     Prepare TLABs: 0.0ms
[6.707s][debug][gc,phases      ] GC(14)     Choose Collection Set: 0.0ms
[6.707s][debug][gc,phases      ] GC(14)     Region Register: 0.0ms
[6.707s][debug][gc,phases      ] GC(14)     Prepare Heap Roots: 0.0ms
[6.707s][info ][gc,phases      ] GC(14)   Merge Heap Roots: 0.1ms
[6.707s][debug][gc,phases      ] GC(14)     Prepare Merge Heap Roots: 0.0ms
[6.707s][debug][gc,phases      ] GC(14)     Eager Reclaim (ms):       skipped
[6.707s][debug][gc,phases      ] GC(14)     Remembered Sets (ms):     Min:  0.0, Avg:  0.0, Max:  0.0, Diff:  0.0, Sum:  0.0, Workers: 8
[6.707s][debug][gc,phases      ] GC(14)       Merged Sparse:            Min: 0, Avg:  0.0, Max: 0, Diff: 0, Sum: 0, Workers: 8
[6.707s][debug][gc,phases      ] GC(14)       Merged Fine:              Min: 0, Avg:  0.0, Max: 0, Diff: 0, Sum: 0, Workers: 8
[6.707s][debug][gc,phases      ] GC(14)       Merged Coarse:            Min: 0, Avg:  0.0, Max: 0, Diff: 0, Sum: 0, Workers: 8
[6.707s][debug][gc,phases      ] GC(14)       Dirty Cards:              Min: 0, Avg:  0.0, Max: 0, Diff: 0, Sum: 0, Workers: 8
[6.707s][debug][gc,phases      ] GC(14)     Hot Card Cache (ms):      Min:  0.0, Avg:  0.0, Max:  0.0, Diff:  0.0, Sum:  0.0, Workers: 8
[6.707s][debug][gc,phases      ] GC(14)       Dirty Cards:              Min: 0, Avg:  0.0, Max: 0, Diff: 0, Sum: 0, Workers: 8
[6.707s][debug][gc,phases      ] GC(14)       Skipped Cards:            Min: 0, Avg:  0.0, Max: 0, Diff: 0, Sum: 0, Workers: 8
[6.707s][debug][gc,phases      ] GC(14)     Log Buffers (ms):         Min:  0.0, Avg:  0.0, Max:  0.0, Diff:  0.0, Sum:  0.0, Workers: 8
[6.707s][debug][gc,phases      ] GC(14)       Dirty Cards:              Min: 0, Avg:  7.8, Max: 33, Diff: 33, Sum: 62, Workers: 8
[6.707s][debug][gc,phases      ] GC(14)       Skipped Cards:            Min: 0, Avg:  0.0, Max: 0, Diff: 0, Sum: 0, Workers: 8
[6.707s][info ][gc,phases      ] GC(14)   Evacuate Collection Set: 0.2ms
[6.707s][debug][gc,phases      ] GC(14)     Ext Root Scanning (ms):   Min:  0.0, Avg:  0.0, Max:  0.1, Diff:  0.1, Sum:  0.3, Workers: 8
[6.707s][debug][gc,phases      ] GC(14)     Scan Heap Roots (ms):     Min:  0.0, Avg:  0.0, Max:  0.0, Diff:  0.0, Sum:  0.1, Workers: 8
[6.707s][debug][gc,phases      ] GC(14)       Scanned Cards:            Min: 0, Avg:  7.1, Max: 16, Diff: 16, Sum: 57, Workers: 8
[6.707s][debug][gc,phases      ] GC(14)       Scanned Blocks:           Min: 0, Avg:  5.4, Max: 10, Diff: 10, Sum: 43, Workers: 8
[6.707s][debug][gc,phases      ] GC(14)       Claimed Chunks:           Min: 0, Avg:  2.0, Max: 4, Diff: 4, Sum: 16, Workers: 8
[6.707s][debug][gc,phases      ] GC(14)     Code Root Scan (ms):      Min:  0.0, Avg:  0.0, Max:  0.0, Diff:  0.0, Sum:  0.0, Workers: 8
[6.707s][debug][gc,phases      ] GC(14)     Object Copy (ms):         Min:  0.0, Avg:  0.0, Max:  0.1, Diff:  0.1, Sum:  0.2, Workers: 8
[6.707s][debug][gc,phases      ] GC(14)     Termination (ms):         Min:  0.0, Avg:  0.1, Max:  0.1, Diff:  0.1, Sum:  0.5, Workers: 8
[6.707s][debug][gc,phases      ] GC(14)       Termination Attempts:     Min: 1, Avg:  1.0, Max: 1, Diff: 0, Sum: 8, Workers: 8
[6.707s][debug][gc,phases      ] GC(14)     GC Worker Other (ms):     Min:  0.0, Avg:  0.0, Max:  0.0, Diff:  0.0, Sum:  0.0, Workers: 8
[6.707s][debug][gc,phases      ] GC(14)     GC Worker Total (ms):     Min:  0.1, Avg:  0.2, Max:  0.2, Diff:  0.1, Sum:  1.2, Workers: 8
[6.707s][info ][gc,phases      ] GC(14)   Post Evacuate Collection Set: 1.0ms
[6.707s][debug][gc,phases      ] GC(14)     Code Roots Fixup: 0.0ms
[6.707s][debug][gc,phases      ] GC(14)     Clear Card Table: 0.0ms
[6.707s][debug][gc,phases      ] GC(14)     Reference Processing: 0.0ms
[6.707s][debug][gc,phases,ref  ] GC(14)       Reconsider SoftReferences: 0.0ms
[6.707s][debug][gc,phases,ref  ] GC(14)         SoftRef (ms):             skipped
[6.707s][debug][gc,phases,ref  ] GC(14)       Notify Soft/WeakReferences: 0.0ms
[6.707s][debug][gc,phases,ref  ] GC(14)         SoftRef (ms):             Min:  0.0, Avg:  0.0, Max:  0.0, Diff:  0.0, Sum:  0.0, Workers: 1
[6.707s][debug][gc,phases,ref  ] GC(14)         WeakRef (ms):             Min:  0.0, Avg:  0.0, Max:  0.0, Diff:  0.0, Sum:  0.0, Workers: 1
[6.707s][debug][gc,phases,ref  ] GC(14)         FinalRef (ms):            Min:  0.0, Avg:  0.0, Max:  0.0, Diff:  0.0, Sum:  0.0, Workers: 1
[6.707s][debug][gc,phases,ref  ] GC(14)         Total (ms):               Min:  0.0, Avg:  0.0, Max:  0.0, Diff:  0.0, Sum:  0.0, Workers: 1
[6.707s][debug][gc,phases,ref  ] GC(14)       Notify and keep alive finalizable: 0.0ms
[6.707s][debug][gc,phases,ref  ] GC(14)         FinalRef (ms):            skipped
[6.707s][debug][gc,phases,ref  ] GC(14)       Notify PhantomReferences: 0.0ms
[6.707s][debug][gc,phases,ref  ] GC(14)         PhantomRef (ms):          skipped
[6.707s][debug][gc,phases,ref  ] GC(14)       SoftReference:
[6.707s][debug][gc,phases,ref  ] GC(14)         Discovered: 0
[6.707s][debug][gc,phases,ref  ] GC(14)         Cleared: 0
[6.707s][debug][gc,phases,ref  ] GC(14)       WeakReference:
[6.707s][debug][gc,phases,ref  ] GC(14)         Discovered: 1
[6.707s][debug][gc,phases,ref  ] GC(14)         Cleared: 1
[6.707s][debug][gc,phases,ref  ] GC(14)       FinalReference:
[6.707s][debug][gc,phases,ref  ] GC(14)         Discovered: 0
[6.707s][debug][gc,phases,ref  ] GC(14)         Cleared: 0
[6.707s][debug][gc,phases,ref  ] GC(14)       PhantomReference:
[6.707s][debug][gc,phases,ref  ] GC(14)         Discovered: 0
[6.707s][debug][gc,phases,ref  ] GC(14)         Cleared: 0
[6.707s][debug][gc,phases      ] GC(14)     Weak Processing: 0.0ms
[6.707s][debug][gc,phases      ] GC(14)       JVMTI weak processing: 0.0ms
[6.707s][debug][gc,phases      ] GC(14)         Dead: 0
[6.707s][debug][gc,phases      ] GC(14)         Total: 0
[6.707s][debug][gc,phases      ] GC(14)       JFR weak processing: 0.0ms
[6.707s][debug][gc,phases      ] GC(14)         Dead: 0
[6.707s][debug][gc,phases      ] GC(14)         Total: 0
[6.707s][debug][gc,phases      ] GC(14)       JNI weak                  Min:  0.0, Avg:  0.0, Max:  0.0, Diff:  0.0, Sum:  0.0, Workers: 5
[6.707s][debug][gc,phases      ] GC(14)         Dead                      Min: 0, Avg:  0.0, Max: 0, Diff: 0, Sum: 0, Workers: 5
[6.707s][debug][gc,phases      ] GC(14)         Total                     Min: 0, Avg: 13.8, Max: 69, Diff: 69, Sum: 69, Workers: 5
[6.707s][debug][gc,phases      ] GC(14)       VM weak                   Min:  0.0, Avg:  0.0, Max:  0.0, Diff:  0.0, Sum:  0.0, Workers: 5
[6.707s][debug][gc,phases      ] GC(14)         Dead                      Min: 0, Avg:  0.0, Max: 0, Diff: 0, Sum: 0, Workers: 5
[6.707s][debug][gc,phases      ] GC(14)         Total                     Min: 0, Avg: 44.8, Max: 64, Diff: 64, Sum: 224, Workers: 5
[6.707s][debug][gc,phases      ] GC(14)       StringTable weak          Min:  0.0, Avg:  0.0, Max:  0.0, Diff:  0.0, Sum:  0.1, Workers: 5
[6.707s][debug][gc,phases      ] GC(14)         Dead                      Min: 0, Avg:  0.0, Max: 0, Diff: 0, Sum: 0, Workers: 5
[6.707s][debug][gc,phases      ] GC(14)         Total                     Min: 669, Avg: 722.4, Max: 768, Diff: 99, Sum: 3612, Workers: 5
[6.707s][debug][gc,phases      ] GC(14)       ResolvedMethodTable weak  Min:  0.0, Avg:  0.0, Max:  0.0, Diff:  0.0, Sum:  0.0, Workers: 5
[6.707s][debug][gc,phases      ] GC(14)         Dead                      Min: 0, Avg:  0.0, Max: 0, Diff: 0, Sum: 0, Workers: 5
[6.707s][debug][gc,phases      ] GC(14)         Total                     Min: 13, Avg: 117.8, Max: 192, Diff: 179, Sum: 589, Workers: 5
[6.707s][debug][gc,phases      ] GC(14)     Merge Per-Thread State: 0.0ms
[6.707s][debug][gc,phases      ] GC(14)       Copied Bytes              Min: 0, Avg: 64305.0, Max: 403160, Diff: 403160, Sum: 514440, Workers: 8
[6.707s][debug][gc,phases      ] GC(14)       LAB Waste                 Min: 0, Avg: 23.0, Max: 56, Diff: 56, Sum: 184, Workers: 8
[6.707s][debug][gc,phases      ] GC(14)       LAB Undo Waste            Min: 0, Avg:  0.0, Max: 0, Diff: 0, Sum: 0, Workers: 8
[6.707s][debug][gc,phases      ] GC(14)     Code Roots Purge: 0.0ms
[6.707s][debug][gc,phases      ] GC(14)     Redirty Cards: 0.0ms
[6.707s][debug][gc,phases      ] GC(14)     DerivedPointerTable Update: 0.0ms
[6.707s][debug][gc,phases      ] GC(14)     Free Collection Set: 0.0ms
[6.707s][debug][gc,phases      ] GC(14)     Rebuild Free List: 0.0ms
[6.707s][debug][gc,phases      ] GC(14)     Humongous Reclaim: 0.0ms
[6.707s][debug][gc,phases      ] GC(14)     Start New Collection Set: 0.0ms
[6.707s][debug][gc,phases      ] GC(14)     Resize TLABs: 0.0ms
[6.707s][debug][gc,phases      ] GC(14)     Expand Heap After Collection: 0.8ms
[6.707s][info ][gc,phases      ] GC(14)   Other: 0.4ms
[6.707s][info ][gc,heap        ] GC(14) Eden regions: 14->0(84)
[6.707s][info ][gc,heap        ] GC(14) Survivor regions: 1->1(2)
[6.707s][info ][gc,heap        ] GC(14) Old regions: 6->6
[6.707s][info ][gc,heap        ] GC(14) Archive regions: 2->2
[6.707s][info ][gc,heap        ] GC(14) Humongous regions: 0->0
[6.707s][info ][gc,metaspace   ] GC(14) Metaspace: 10461K(11136K)->10461K(11136K) NonClass: 9248K(9728K)->9248K(9728K) Class: 1213K(1408K)->1213K(1408K)
[6.707s][debug][gc,heap        ] GC(14) Heap after GC invocations=15 (full 1): garbage-first heap   total 145408K, used 4121K [0x0000000700000000, 0x0000000800000000)
[6.707s][debug][gc,heap        ] GC(14)   region size 1024K, 1 young (1024K), 1 survivors (1024K)
[6.707s][debug][gc,heap        ] GC(14)  Metaspace       used 10461K, capacity 10795K, committed 11136K, reserved 1058816K
[6.707s][debug][gc,heap        ] GC(14)   class space    used 1213K, capacity 1343K, committed 1408K, reserved 1048576K
[6.707s][info ][gc             ] GC(14) Pause Young (Normal) (G1 Evacuation Pause) 18M->4M(142M) 2.378ms
[6.707s][info ][gc,cpu         ] GC(14) User=0.00s Sys=0.00s Real=0.00s
[6.708s][info ][safepoint      ] Safepoint "G1CollectForAllocation", Time since last: 12663313 ns, Reaching safepoint: 107311 ns, At safepoint: 2593231 ns, Total: 2700542 ns
[6.787s][debug][gc,heap        ] GC(15) Heap before GC invocations=15 (full 1): garbage-first heap   total 145408K, used 90137K [0x0000000700000000, 0x0000000800000000)
[6.787s][debug][gc,heap        ] GC(15)   region size 1024K, 85 young (87040K), 1 survivors (1024K)
[6.787s][debug][gc,heap        ] GC(15)  Metaspace       used 10461K, capacity 10795K, committed 11136K, reserved 1058816K
[6.787s][debug][gc,heap        ] GC(15)   class space    used 1213K, capacity 1343K, committed 1408K, reserved 1048576K
[6.787s][info ][gc,start       ] GC(15) Pause Young (Normal) (G1 Evacuation Pause)
[6.787s][info ][gc,task        ] GC(15) Using 8 workers of 8 for evacuation
[6.787s][debug][gc,tlab        ] GC(15) TLAB totals: thrds: 11  refills: 564 max: 121 slow allocs: 0 max 0 waste:  1.8% gc: 1286768B max: 524224B slow: 324136B max: 70296B fast: 0B max: 0B
[6.787s][debug][gc,age         ] GC(15) Desired survivor size 5767168 bytes, new threshold 15 (max threshold 15)
[6.787s][debug][gc,alloc,region] GC(15) Mutator Allocation stats, regions: 84, wasted size: 0B ( 0.0%)
[6.787s][debug][gc,ergo        ] GC(15) Running G1 Merge Heap Roots using 8 workers for 85 regions
[6.787s][debug][gc,remset      ] GC(15) Visited cards 4096 Total dirty 12288 (33.33%) Total old 364544 (1.12%)
[6.788s][debug][gc,ergo        ] GC(15) Running G1 Clear Card Table Task using 1 workers for 1 units of work for 91 regions.
[6.788s][debug][gc,ref         ] GC(15) Skipped phase1 of Reference Processing due to unavailable references
[6.788s][debug][gc,ref         ] GC(15) Skipped phase3 of Reference Processing due to unavailable references
[6.788s][debug][gc,ergo        ] GC(15) Running G1 Free Collection Set using 8 workers for collection set length 85 (142)
[6.788s][debug][gc,ergo        ] GC(15) Running G1 Rebuild Free List Task using 8 workers for rebuilding free list of 0 (4096) regions
[6.788s][trace][gc,age         ] GC(15) Age table with threshold 15 (max threshold 15)
[6.788s][trace][gc,age         ] GC(15) - age   1:        800 bytes,        800 total
[6.788s][trace][gc,age         ] GC(15) - age  14:        416 bytes,       1216 total
[6.788s][trace][gc,age         ] GC(15) - age  15:     512936 bytes,     514152 total
[6.788s][debug][gc,plab        ] GC(15) Young PLAB allocation: allocated: 26832B, wasted: 208B, unused: 6728B, used: 19896B, undo waste: 0B, 
[6.788s][debug][gc,plab        ] GC(15) Young other allocation: region end waste: 0B, regions filled: 1, direct allocated: 494256B, failure used: 0B, failure wasted: 0B
[6.788s][debug][gc,plab        ] GC(15) Young sizing: calculated: 3976B, actual: 3992B
[6.788s][debug][gc,plab        ] GC(15) Old PLAB allocation: allocated: 0B, wasted: 0B, unused: 0B, used: 0B, undo waste: 0B, 
[6.788s][debug][gc,plab        ] GC(15) Old other allocation: region end waste: 0B, regions filled: 0, direct allocated: 0B, failure used: 0B, failure wasted: 0B
[6.788s][debug][gc,plab        ] GC(15) Old sizing: calculated: 0B, actual: 2064B
[6.788s][debug][gc,ihop        ] GC(15) Basic information (value update), threshold: 67004006B (45.00), target occupancy: 148897792B, current occupancy: 4220784B, recent allocation size: 0B, recent allocation duration: 80.20ms, recent old gen allocation rate: 0.00B/s, recent marking phase length: 0.00ms
[6.788s][debug][gc,ihop        ] GC(15) Adaptive IHOP information (value update), threshold: 67004006B (47.37), internal target occupancy: 141452902B, occupancy: 4220784B, additional buffer size: 89128960B, predicted old gen allocation rate: 0.00B/s, predicted marking phase length: 0.00ms, prediction active: false
[6.788s][debug][gc,ergo,refine ] GC(15) Concurrent refinement times: Logged Cards Scan time goal: 20.00ms Logged Cards Scan time: 0.02ms HCC time: 0.00ms
[6.788s][debug][gc,ergo,refine ] GC(15) Updated Refinement Zones: green: 2048, yellow: 6144, red: 10240
[6.788s][info ][gc,phases      ] GC(15)   Pre Evacuate Collection Set: 0.1ms
[6.788s][debug][gc,phases      ] GC(15)     Prepare TLABs: 0.0ms
[6.788s][debug][gc,phases      ] GC(15)     Choose Collection Set: 0.0ms
[6.788s][debug][gc,phases      ] GC(15)     Region Register: 0.1ms
[6.788s][debug][gc,phases      ] GC(15)     Prepare Heap Roots: 0.0ms
[6.788s][info ][gc,phases      ] GC(15)   Merge Heap Roots: 0.1ms
[6.788s][debug][gc,phases      ] GC(15)     Prepare Merge Heap Roots: 0.0ms
[6.788s][debug][gc,phases      ] GC(15)     Eager Reclaim (ms):       skipped
[6.788s][debug][gc,phases      ] GC(15)     Remembered Sets (ms):     Min:  0.0, Avg:  0.0, Max:  0.0, Diff:  0.0, Sum:  0.1, Workers: 8
[6.788s][debug][gc,phases      ] GC(15)       Merged Sparse:            Min: 0, Avg:  0.0, Max: 0, Diff: 0, Sum: 0, Workers: 8
[6.788s][debug][gc,phases      ] GC(15)       Merged Fine:              Min: 0, Avg:  0.0, Max: 0, Diff: 0, Sum: 0, Workers: 8
[6.788s][debug][gc,phases      ] GC(15)       Merged Coarse:            Min: 0, Avg:  0.0, Max: 0, Diff: 0, Sum: 0, Workers: 8
[6.788s][debug][gc,phases      ] GC(15)       Dirty Cards:              Min: 0, Avg:  0.0, Max: 0, Diff: 0, Sum: 0, Workers: 8
[6.788s][debug][gc,phases      ] GC(15)     Hot Card Cache (ms):      Min:  0.0, Avg:  0.0, Max:  0.0, Diff:  0.0, Sum:  0.0, Workers: 8
[6.788s][debug][gc,phases      ] GC(15)       Dirty Cards:              Min: 0, Avg:  0.0, Max: 0, Diff: 0, Sum: 0, Workers: 8
[6.788s][debug][gc,phases      ] GC(15)       Skipped Cards:            Min: 0, Avg:  0.0, Max: 0, Diff: 0, Sum: 0, Workers: 8
[6.788s][debug][gc,phases      ] GC(15)     Log Buffers (ms):         Min:  0.0, Avg:  0.0, Max:  0.0, Diff:  0.0, Sum:  0.0, Workers: 8
[6.788s][debug][gc,phases      ] GC(15)       Dirty Cards:              Min: 0, Avg:  7.5, Max: 21, Diff: 21, Sum: 60, Workers: 8
[6.788s][debug][gc,phases      ] GC(15)       Skipped Cards:            Min: 0, Avg:  0.0, Max: 0, Diff: 0, Sum: 0, Workers: 8
[6.788s][info ][gc,phases      ] GC(15)   Evacuate Collection Set: 0.6ms
[6.788s][debug][gc,phases      ] GC(15)     Ext Root Scanning (ms):   Min:  0.0, Avg:  0.0, Max:  0.2, Diff:  0.1, Sum:  0.4, Workers: 8
[6.788s][debug][gc,phases      ] GC(15)     Scan Heap Roots (ms):     Min:  0.0, Avg:  0.0, Max:  0.0, Diff:  0.0, Sum:  0.1, Workers: 8
[6.788s][debug][gc,phases      ] GC(15)       Scanned Cards:            Min: 0, Avg:  7.0, Max: 15, Diff: 15, Sum: 56, Workers: 8
[6.788s][debug][gc,phases      ] GC(15)       Scanned Blocks:           Min: 0, Avg:  5.4, Max: 11, Diff: 11, Sum: 43, Workers: 8
[6.788s][debug][gc,phases      ] GC(15)       Claimed Chunks:           Min: 0, Avg:  2.0, Max: 5, Diff: 5, Sum: 16, Workers: 8
[6.788s][debug][gc,phases      ] GC(15)     Code Root Scan (ms):      Min:  0.0, Avg:  0.0, Max:  0.0, Diff:  0.0, Sum:  0.0, Workers: 8
[6.788s][debug][gc,phases      ] GC(15)     Object Copy (ms):         Min:  0.0, Avg:  0.1, Max:  0.3, Diff:  0.3, Sum:  0.5, Workers: 8
[6.788s][debug][gc,phases      ] GC(15)     Termination (ms):         Min:  0.0, Avg:  0.3, Max:  0.4, Diff:  0.4, Sum:  2.0, Workers: 8
[6.788s][debug][gc,phases      ] GC(15)       Termination Attempts:     Min: 1, Avg:  1.0, Max: 1, Diff: 0, Sum: 8, Workers: 8
[6.788s][debug][gc,phases      ] GC(15)     GC Worker Other (ms):     Min:  0.0, Avg:  0.0, Max:  0.0, Diff:  0.0, Sum:  0.1, Workers: 8
[6.788s][debug][gc,phases      ] GC(15)     GC Worker Total (ms):     Min:  0.3, Avg:  0.4, Max:  0.6, Diff:  0.3, Sum:  3.1, Workers: 8
[6.788s][info ][gc,phases      ] GC(15)   Post Evacuate Collection Set: 0.4ms
[6.788s][debug][gc,phases      ] GC(15)     Code Roots Fixup: 0.0ms
[6.788s][debug][gc,phases      ] GC(15)     Clear Card Table: 0.1ms
[6.788s][debug][gc,phases      ] GC(15)     Reference Processing: 0.0ms
[6.788s][debug][gc,phases,ref  ] GC(15)       Reconsider SoftReferences: 0.0ms
[6.788s][debug][gc,phases,ref  ] GC(15)         SoftRef (ms):             skipped
[6.788s][debug][gc,phases,ref  ] GC(15)       Notify Soft/WeakReferences: 0.0ms
[6.788s][debug][gc,phases,ref  ] GC(15)         SoftRef (ms):             Min:  0.0, Avg:  0.0, Max:  0.0, Diff:  0.0, Sum:  0.0, Workers: 1
[6.788s][debug][gc,phases,ref  ] GC(15)         WeakRef (ms):             Min:  0.0, Avg:  0.0, Max:  0.0, Diff:  0.0, Sum:  0.0, Workers: 1
[6.788s][debug][gc,phases,ref  ] GC(15)         FinalRef (ms):            Min:  0.0, Avg:  0.0, Max:  0.0, Diff:  0.0, Sum:  0.0, Workers: 1
[6.788s][debug][gc,phases,ref  ] GC(15)         Total (ms):               Min:  0.0, Avg:  0.0, Max:  0.0, Diff:  0.0, Sum:  0.0, Workers: 1
[6.788s][debug][gc,phases,ref  ] GC(15)       Notify and keep alive finalizable: 0.0ms
[6.788s][debug][gc,phases,ref  ] GC(15)         FinalRef (ms):            skipped
[6.788s][debug][gc,phases,ref  ] GC(15)       Notify PhantomReferences: 0.0ms
[6.788s][debug][gc,phases,ref  ] GC(15)         PhantomRef (ms):          Min:  0.0, Avg:  0.0, Max:  0.0, Diff:  0.0, Sum:  0.0, Workers: 1
[6.788s][debug][gc,phases,ref  ] GC(15)       SoftReference:
[6.788s][debug][gc,phases,ref  ] GC(15)         Discovered: 0
[6.788s][debug][gc,phases,ref  ] GC(15)         Cleared: 0
[6.788s][debug][gc,phases,ref  ] GC(15)       WeakReference:
[6.788s][debug][gc,phases,ref  ] GC(15)         Discovered: 1
[6.788s][debug][gc,phases,ref  ] GC(15)         Cleared: 0
[6.788s][debug][gc,phases,ref  ] GC(15)       FinalReference:
[6.788s][debug][gc,phases,ref  ] GC(15)         Discovered: 0
[6.788s][debug][gc,phases,ref  ] GC(15)         Cleared: 0
[6.788s][debug][gc,phases,ref  ] GC(15)       PhantomReference:
[6.788s][debug][gc,phases,ref  ] GC(15)         Discovered: 1
[6.788s][debug][gc,phases,ref  ] GC(15)         Cleared: 1
[6.788s][debug][gc,phases      ] GC(15)     Weak Processing: 0.1ms
[6.788s][debug][gc,phases      ] GC(15)       JVMTI weak processing: 0.0ms
[6.788s][debug][gc,phases      ] GC(15)         Dead: 0
[6.788s][debug][gc,phases      ] GC(15)         Total: 0
[6.788s][debug][gc,phases      ] GC(15)       JFR weak processing: 0.0ms
[6.788s][debug][gc,phases      ] GC(15)         Dead: 0
[6.788s][debug][gc,phases      ] GC(15)         Total: 0
[6.788s][debug][gc,phases      ] GC(15)       JNI weak                  Min:  0.0, Avg:  0.0, Max:  0.0, Diff:  0.0, Sum:  0.0, Workers: 5
[6.788s][debug][gc,phases      ] GC(15)         Dead                      Min: 0, Avg:  0.0, Max: 0, Diff: 0, Sum: 0, Workers: 5
[6.788s][debug][gc,phases      ] GC(15)         Total                     Min: 0, Avg: 13.8, Max: 52, Diff: 52, Sum: 69, Workers: 5
[6.788s][debug][gc,phases      ] GC(15)       VM weak                   Min:  0.0, Avg:  0.0, Max:  0.0, Diff:  0.0, Sum:  0.0, Workers: 5
[6.788s][debug][gc,phases      ] GC(15)         Dead                      Min: 0, Avg:  0.0, Max: 0, Diff: 0, Sum: 0, Workers: 5
[6.788s][debug][gc,phases      ] GC(15)         Total                     Min: 0, Avg: 44.8, Max: 128, Diff: 128, Sum: 224, Workers: 5
[6.788s][debug][gc,phases      ] GC(15)       StringTable weak          Min:  0.0, Avg:  0.0, Max:  0.0, Diff:  0.0, Sum:  0.1, Workers: 5
[6.788s][debug][gc,phases      ] GC(15)         Dead                      Min: 0, Avg:  0.0, Max: 0, Diff: 0, Sum: 0, Workers: 5
[6.788s][debug][gc,phases      ] GC(15)         Total                     Min: 0, Avg: 722.4, Max: 1245, Diff: 1245, Sum: 3612, Workers: 5
[6.788s][debug][gc,phases      ] GC(15)       ResolvedMethodTable weak  Min:  0.0, Avg:  0.0, Max:  0.0, Diff:  0.0, Sum:  0.0, Workers: 5
[6.788s][debug][gc,phases      ] GC(15)         Dead                      Min: 0, Avg:  0.0, Max: 0, Diff: 0, Sum: 0, Workers: 5
[6.788s][debug][gc,phases      ] GC(15)         Total                     Min: 0, Avg: 117.8, Max: 192, Diff: 192, Sum: 589, Workers: 5
[6.788s][debug][gc,phases      ] GC(15)     Merge Per-Thread State: 0.0ms
[6.788s][debug][gc,phases      ] GC(15)       Copied Bytes              Min: 0, Avg: 64269.0, Max: 402928, Diff: 402928, Sum: 514152, Workers: 8
[6.788s][debug][gc,phases      ] GC(15)       LAB Waste                 Min: 0, Avg: 26.0, Max: 80, Diff: 80, Sum: 208, Workers: 8
[6.789s][debug][gc,phases      ] GC(15)       LAB Undo Waste            Min: 0, Avg:  0.0, Max: 0, Diff: 0, Sum: 0, Workers: 8
[6.789s][debug][gc,phases      ] GC(15)     Code Roots Purge: 0.0ms
[6.789s][debug][gc,phases      ] GC(15)     Redirty Cards: 0.0ms
[6.789s][debug][gc,phases      ] GC(15)     DerivedPointerTable Update: 0.0ms
[6.789s][debug][gc,phases      ] GC(15)     Free Collection Set: 0.1ms
[6.789s][debug][gc,phases      ] GC(15)     Rebuild Free List: 0.1ms
[6.789s][debug][gc,phases      ] GC(15)     Humongous Reclaim: 0.0ms
[6.789s][debug][gc,phases      ] GC(15)     Start New Collection Set: 0.0ms
[6.789s][debug][gc,phases      ] GC(15)     Resize TLABs: 0.0ms
[6.789s][debug][gc,phases      ] GC(15)     Expand Heap After Collection: 0.0ms
[6.789s][info ][gc,phases      ] GC(15)   Other: 0.3ms
[6.789s][info ][gc,heap        ] GC(15) Eden regions: 84->0(84)
[6.789s][info ][gc,heap        ] GC(15) Survivor regions: 1->1(11)
[6.789s][info ][gc,heap        ] GC(15) Old regions: 6->6
[6.789s][info ][gc,heap        ] GC(15) Archive regions: 2->2
[6.789s][info ][gc,heap        ] GC(15) Humongous regions: 0->0
[6.789s][info ][gc,metaspace   ] GC(15) Metaspace: 10461K(11136K)->10461K(11136K) NonClass: 9248K(9728K)->9248K(9728K) Class: 1213K(1408K)->1213K(1408K)
[6.789s][debug][gc,heap        ] GC(15) Heap after GC invocations=16 (full 1): garbage-first heap   total 145408K, used 4121K [0x0000000700000000, 0x0000000800000000)
[6.789s][debug][gc,heap        ] GC(15)   region size 1024K, 1 young (1024K), 1 survivors (1024K)
[6.789s][debug][gc,heap        ] GC(15)  Metaspace       used 10461K, capacity 10795K, committed 11136K, reserved 1058816K
[6.789s][debug][gc,heap        ] GC(15)   class space    used 1213K, capacity 1343K, committed 1408K, reserved 1048576K
[6.789s][info ][gc             ] GC(15) Pause Young (Normal) (G1 Evacuation Pause) 88M->4M(142M) 1.940ms
[6.789s][info ][gc,cpu         ] GC(15) User=0.01s Sys=0.00s Real=0.01s
[6.789s][info ][safepoint      ] Safepoint "G1CollectForAllocation", Time since last: 78988791 ns, Reaching safepoint: 89905 ns, At safepoint: 2105905 ns, Total: 2195810 ns
[6.850s][debug][gc,heap        ] GC(16) Heap before GC invocations=16 (full 1): garbage-first heap   total 145408K, used 90137K [0x0000000700000000, 0x0000000800000000)
[6.850s][debug][gc,heap        ] GC(16)   region size 1024K, 85 young (87040K), 1 survivors (1024K)
[6.850s][debug][gc,heap        ] GC(16)  Metaspace       used 10461K, capacity 10795K, committed 11136K, reserved 1058816K
[6.850s][debug][gc,heap        ] GC(16)   class space    used 1213K, capacity 1343K, committed 1408K, reserved 1048576K
[6.850s][info ][gc,start       ] GC(16) Pause Young (Normal) (G1 Evacuation Pause)
[6.850s][info ][gc,task        ] GC(16) Using 8 workers of 8 for evacuation
[6.850s][debug][gc,tlab        ] GC(16) TLAB totals: thrds: 8  refills: 538 max: 91 slow allocs: 0 max 0 waste:  0.8% gc: 403816B max: 129672B slow: 310152B max: 53280B fast: 0B max: 0B
[6.850s][debug][gc,age         ] GC(16) Desired survivor size 5767168 bytes, new threshold 15 (max threshold 15)
[6.850s][debug][gc,alloc,region] GC(16) Mutator Allocation stats, regions: 84, wasted size: 0B ( 0.0%)
[6.851s][debug][gc,ergo        ] GC(16) Running G1 Merge Heap Roots using 8 workers for 85 regions
[6.851s][debug][gc,remset      ] GC(16) Visited cards 4096 Total dirty 12288 (33.33%) Total old 364544 (1.12%)
[6.851s][debug][gc,ergo        ] GC(16) Running G1 Clear Card Table Task using 1 workers for 1 units of work for 91 regions.
[6.851s][debug][gc,ref         ] GC(16) Skipped phase1 of Reference Processing due to unavailable references
[6.851s][debug][gc,ref         ] GC(16) Skipped phase2 of Reference Processing due to unavailable references
[6.851s][debug][gc,ref         ] GC(16) Skipped phase3 of Reference Processing due to unavailable references
[6.851s][debug][gc,ref         ] GC(16) Skipped phase4 of Reference Processing due to unavailable references
[6.852s][debug][gc,ergo        ] GC(16) Running G1 Free Collection Set using 8 workers for collection set length 85 (142)
[6.852s][debug][gc,ergo        ] GC(16) Running G1 Rebuild Free List Task using 8 workers for rebuilding free list of 0 (4096) regions
[6.852s][trace][gc,age         ] GC(16) Age table with threshold 15 (max threshold 15)
[6.852s][trace][gc,age         ] GC(16) - age   1:        464 bytes,        464 total
[6.852s][trace][gc,age         ] GC(16) - age   2:        416 bytes,        880 total
[6.852s][trace][gc,age         ] GC(16) - age  15:        416 bytes,       1296 total
[6.852s][debug][gc,plab        ] GC(16) Young PLAB allocation: allocated: 12384B, wasted: 0B, unused: 11088B, used: 1296B, undo waste: 0B, 
[6.852s][debug][gc,plab        ] GC(16) Young other allocation: region end waste: 0B, regions filled: 1, direct allocated: 0B, failure used: 0B, failure wasted: 0B
[6.852s][debug][gc,plab        ] GC(16) Young sizing: calculated: 256B, actual: 2064B
[6.852s][debug][gc,plab        ] GC(16) Old PLAB allocation: allocated: 26832B, wasted: 176B, unused: 9080B, used: 17576B, undo waste: 0B, 
[6.852s][debug][gc,plab        ] GC(16) Old other allocation: region end waste: 0B, regions filled: 1, direct allocated: 495360B, failure used: 0B, failure wasted: 0B
[6.852s][debug][gc,plab        ] GC(16) Old sizing: calculated: 3512B, actual: 2632B
[6.852s][debug][gc,ihop        ] GC(16) Basic information (value update), threshold: 67004006B (45.00), target occupancy: 148897792B, current occupancy: 4234320B, recent allocation size: 26832B, recent allocation duration: 62.45ms, recent old gen allocation rate: 429670.55B/s, recent marking phase length: 0.00ms
[6.852s][debug][gc,ihop        ] GC(16) Adaptive IHOP information (value update), threshold: 67004006B (47.37), internal target occupancy: 141452902B, occupancy: 4234320B, additional buffer size: 89128960B, predicted old gen allocation rate: 67120.22B/s, predicted marking phase length: 0.00ms, prediction active: false
[6.852s][debug][gc,ergo,refine ] GC(16) Concurrent refinement times: Logged Cards Scan time goal: 20.00ms Logged Cards Scan time: 0.02ms HCC time: 0.00ms
[6.852s][debug][gc,ergo,refine ] GC(16) Updated Refinement Zones: green: 2048, yellow: 6144, red: 10240
[6.852s][info ][gc,phases      ] GC(16)   Pre Evacuate Collection Set: 0.1ms
[6.852s][debug][gc,phases      ] GC(16)     Prepare TLABs: 0.0ms
[6.852s][debug][gc,phases      ] GC(16)     Choose Collection Set: 0.0ms
[6.852s][debug][gc,phases      ] GC(16)     Region Register: 0.1ms
[6.852s][debug][gc,phases      ] GC(16)     Prepare Heap Roots: 0.0ms
[6.852s][info ][gc,phases      ] GC(16)   Merge Heap Roots: 0.2ms
[6.852s][debug][gc,phases      ] GC(16)     Prepare Merge Heap Roots: 0.0ms
[6.852s][debug][gc,phases      ] GC(16)     Eager Reclaim (ms):       skipped
[6.852s][debug][gc,phases      ] GC(16)     Remembered Sets (ms):     Min:  0.0, Avg:  0.0, Max:  0.0, Diff:  0.0, Sum:  0.0, Workers: 8
[6.852s][debug][gc,phases      ] GC(16)       Merged Sparse:            Min: 0, Avg:  0.0, Max: 0, Diff: 0, Sum: 0, Workers: 8
[6.852s][debug][gc,phases      ] GC(16)       Merged Fine:              Min: 0, Avg:  0.0, Max: 0, Diff: 0, Sum: 0, Workers: 8
[6.852s][debug][gc,phases      ] GC(16)       Merged Coarse:            Min: 0, Avg:  0.0, Max: 0, Diff: 0, Sum: 0, Workers: 8
[6.852s][debug][gc,phases      ] GC(16)       Dirty Cards:              Min: 0, Avg:  0.0, Max: 0, Diff: 0, Sum: 0, Workers: 8
[6.852s][debug][gc,phases      ] GC(16)     Hot Card Cache (ms):      Min:  0.0, Avg:  0.0, Max:  0.0, Diff:  0.0, Sum:  0.0, Workers: 8
[6.852s][debug][gc,phases      ] GC(16)       Dirty Cards:              Min: 0, Avg:  0.0, Max: 0, Diff: 0, Sum: 0, Workers: 8
[6.852s][debug][gc,phases      ] GC(16)       Skipped Cards:            Min: 0, Avg:  0.0, Max: 0, Diff: 0, Sum: 0, Workers: 8
[6.852s][debug][gc,phases      ] GC(16)     Log Buffers (ms):         Min:  0.0, Avg:  0.0, Max:  0.0, Diff:  0.0, Sum:  0.0, Workers: 8
[6.852s][debug][gc,phases      ] GC(16)       Dirty Cards:              Min: 0, Avg:  6.6, Max: 53, Diff: 53, Sum: 53, Workers: 8
[6.852s][debug][gc,phases      ] GC(16)       Skipped Cards:            Min: 0, Avg:  0.0, Max: 0, Diff: 0, Sum: 0, Workers: 8
[6.852s][info ][gc,phases      ] GC(16)   Evacuate Collection Set: 0.6ms
[6.852s][debug][gc,phases      ] GC(16)     Ext Root Scanning (ms):   Min:  0.0, Avg:  0.1, Max:  0.1, Diff:  0.1, Sum:  0.4, Workers: 8
[6.852s][debug][gc,phases      ] GC(16)     Scan Heap Roots (ms):     Min:  0.0, Avg:  0.0, Max:  0.0, Diff:  0.0, Sum:  0.1, Workers: 8
[6.852s][debug][gc,phases      ] GC(16)       Scanned Cards:            Min: 0, Avg:  6.4, Max: 12, Diff: 12, Sum: 51, Workers: 8
[6.852s][debug][gc,phases      ] GC(16)       Scanned Blocks:           Min: 0, Avg:  5.0, Max: 8, Diff: 8, Sum: 40, Workers: 8
[6.852s][debug][gc,phases      ] GC(16)       Claimed Chunks:           Min: 0, Avg:  2.0, Max: 3, Diff: 3, Sum: 16, Workers: 8
[6.852s][debug][gc,phases      ] GC(16)     Code Root Scan (ms):      Min:  0.0, Avg:  0.0, Max:  0.0, Diff:  0.0, Sum:  0.0, Workers: 8
[6.852s][debug][gc,phases      ] GC(16)     Object Copy (ms):         Min:  0.0, Avg:  0.1, Max:  0.3, Diff:  0.3, Sum:  0.6, Workers: 8
[6.852s][debug][gc,phases      ] GC(16)     Termination (ms):         Min:  0.0, Avg:  0.3, Max:  0.4, Diff:  0.4, Sum:  2.0, Workers: 8
[6.852s][debug][gc,phases      ] GC(16)       Termination Attempts:     Min: 1, Avg:  1.0, Max: 1, Diff: 0, Sum: 8, Workers: 8
[6.852s][debug][gc,phases      ] GC(16)     GC Worker Other (ms):     Min:  0.0, Avg:  0.0, Max:  0.0, Diff:  0.0, Sum:  0.1, Workers: 8
[6.852s][debug][gc,phases      ] GC(16)     GC Worker Total (ms):     Min:  0.4, Avg:  0.4, Max:  0.6, Diff:  0.2, Sum:  3.3, Workers: 8
[6.852s][info ][gc,phases      ] GC(16)   Post Evacuate Collection Set: 0.3ms
[6.852s][debug][gc,phases      ] GC(16)     Code Roots Fixup: 0.0ms
[6.852s][debug][gc,phases      ] GC(16)     Clear Card Table: 0.0ms
[6.852s][debug][gc,phases      ] GC(16)     Reference Processing: 0.0ms
[6.852s][debug][gc,phases,ref  ] GC(16)       Reconsider SoftReferences: 0.0ms
[6.852s][debug][gc,phases,ref  ] GC(16)         SoftRef (ms):             skipped
[6.852s][debug][gc,phases,ref  ] GC(16)       Notify Soft/WeakReferences: 0.0ms
[6.852s][debug][gc,phases,ref  ] GC(16)         SoftRef (ms):             skipped
[6.852s][debug][gc,phases,ref  ] GC(16)         WeakRef (ms):             skipped
[6.852s][debug][gc,phases,ref  ] GC(16)         FinalRef (ms):            skipped
[6.852s][debug][gc,phases,ref  ] GC(16)         Total (ms):               skipped
[6.852s][debug][gc,phases,ref  ] GC(16)       Notify and keep alive finalizable: 0.0ms
[6.852s][debug][gc,phases,ref  ] GC(16)         FinalRef (ms):            skipped
[6.852s][debug][gc,phases,ref  ] GC(16)       Notify PhantomReferences: 0.0ms
[6.852s][debug][gc,phases,ref  ] GC(16)         PhantomRef (ms):          skipped
[6.852s][debug][gc,phases,ref  ] GC(16)       SoftReference:
[6.852s][debug][gc,phases,ref  ] GC(16)         Discovered: 0
[6.852s][debug][gc,phases,ref  ] GC(16)         Cleared: 0
[6.852s][debug][gc,phases,ref  ] GC(16)       WeakReference:
[6.852s][debug][gc,phases,ref  ] GC(16)         Discovered: 0
[6.852s][debug][gc,phases,ref  ] GC(16)         Cleared: 0
[6.852s][debug][gc,phases,ref  ] GC(16)       FinalReference:
[6.852s][debug][gc,phases,ref  ] GC(16)         Discovered: 0
[6.852s][debug][gc,phases,ref  ] GC(16)         Cleared: 0
[6.852s][debug][gc,phases,ref  ] GC(16)       PhantomReference:
[6.852s][debug][gc,phases,ref  ] GC(16)         Discovered: 0
[6.852s][debug][gc,phases,ref  ] GC(16)         Cleared: 0
[6.852s][debug][gc,phases      ] GC(16)     Weak Processing: 0.1ms
[6.852s][debug][gc,phases      ] GC(16)       JVMTI weak processing: 0.0ms
[6.852s][debug][gc,phases      ] GC(16)         Dead: 0
[6.852s][debug][gc,phases      ] GC(16)         Total: 0
[6.852s][debug][gc,phases      ] GC(16)       JFR weak processing: 0.0ms
[6.852s][debug][gc,phases      ] GC(16)         Dead: 0
[6.852s][debug][gc,phases      ] GC(16)         Total: 0
[6.852s][debug][gc,phases      ] GC(16)       JNI weak                  Min:  0.0, Avg:  0.0, Max:  0.0, Diff:  0.0, Sum:  0.0, Workers: 5
[6.852s][debug][gc,phases      ] GC(16)         Dead                      Min: 0, Avg:  0.0, Max: 0, Diff: 0, Sum: 0, Workers: 5
[6.852s][debug][gc,phases      ] GC(16)         Total                     Min: 0, Avg: 11.2, Max: 56, Diff: 56, Sum: 56, Workers: 5
[6.852s][debug][gc,phases      ] GC(16)       VM weak                   Min:  0.0, Avg:  0.0, Max:  0.0, Diff:  0.0, Sum:  0.0, Workers: 5
[6.852s][debug][gc,phases      ] GC(16)         Dead                      Min: 0, Avg:  0.0, Max: 0, Diff: 0, Sum: 0, Workers: 5
[6.852s][debug][gc,phases      ] GC(16)         Total                     Min: 0, Avg: 44.8, Max: 224, Diff: 224, Sum: 224, Workers: 5
[6.852s][debug][gc,phases      ] GC(16)       StringTable weak          Min:  0.0, Avg:  0.0, Max:  0.0, Diff:  0.0, Sum:  0.1, Workers: 5
[6.852s][debug][gc,phases      ] GC(16)         Dead                      Min: 0, Avg:  0.0, Max: 0, Diff: 0, Sum: 0, Workers: 5
[6.852s][debug][gc,phases      ] GC(16)         Total                     Min: 0, Avg: 722.4, Max: 1919, Diff: 1919, Sum: 3612, Workers: 5
[6.852s][debug][gc,phases      ] GC(16)       ResolvedMethodTable weak  Min:  0.0, Avg:  0.0, Max:  0.0, Diff:  0.0, Sum:  0.0, Workers: 5
[6.852s][debug][gc,phases      ] GC(16)         Dead                      Min: 0, Avg:  0.0, Max: 0, Diff: 0, Sum: 0, Workers: 5
[6.852s][debug][gc,phases      ] GC(16)         Total                     Min: 0, Avg: 117.8, Max: 192, Diff: 192, Sum: 589, Workers: 5
[6.852s][debug][gc,phases      ] GC(16)     Merge Per-Thread State: 0.0ms
[6.852s][debug][gc,phases      ] GC(16)       Copied Bytes              Min: 1776, Avg: 64279.0, Max: 401624, Diff: 399848, Sum: 514232, Workers: 8
[6.852s][debug][gc,phases      ] GC(16)       LAB Waste                 Min: 0, Avg: 22.0, Max: 64, Diff: 64, Sum: 176, Workers: 8
[6.852s][debug][gc,phases      ] GC(16)       LAB Undo Waste            Min: 0, Avg:  0.0, Max: 0, Diff: 0, Sum: 0, Workers: 8
[6.852s][debug][gc,phases      ] GC(16)     Code Roots Purge: 0.0ms
[6.852s][debug][gc,phases      ] GC(16)     Redirty Cards: 0.0ms
[6.852s][debug][gc,phases      ] GC(16)     DerivedPointerTable Update: 0.0ms
[6.852s][debug][gc,phases      ] GC(16)     Free Collection Set: 0.1ms
[6.852s][debug][gc,phases      ] GC(16)     Rebuild Free List: 0.0ms
[6.852s][debug][gc,phases      ] GC(16)     Humongous Reclaim: 0.0ms
[6.852s][debug][gc,phases      ] GC(16)     Start New Collection Set: 0.0ms
[6.852s][debug][gc,phases      ] GC(16)     Resize TLABs: 0.0ms
[6.852s][debug][gc,phases      ] GC(16)     Expand Heap After Collection: 0.0ms
[6.852s][info ][gc,phases      ] GC(16)   Other: 0.3ms
[6.852s][info ][gc,heap        ] GC(16) Eden regions: 84->0(84)
[6.852s][info ][gc,heap        ] GC(16) Survivor regions: 1->1(11)
[6.852s][info ][gc,heap        ] GC(16) Old regions: 6->7
[6.852s][info ][gc,heap        ] GC(16) Archive regions: 2->2
[6.852s][info ][gc,heap        ] GC(16) Humongous regions: 0->0
[6.852s][info ][gc,metaspace   ] GC(16) Metaspace: 10461K(11136K)->10461K(11136K) NonClass: 9248K(9728K)->9248K(9728K) Class: 1213K(1408K)->1213K(1408K)
[6.852s][debug][gc,heap        ] GC(16) Heap after GC invocations=17 (full 1): garbage-first heap   total 145408K, used 4135K [0x0000000700000000, 0x0000000800000000)
[6.852s][debug][gc,heap        ] GC(16)   region size 1024K, 1 young (1024K), 1 survivors (1024K)
[6.852s][debug][gc,heap        ] GC(16)  Metaspace       used 10461K, capacity 10795K, committed 11136K, reserved 1058816K
[6.852s][debug][gc,heap        ] GC(16)   class space    used 1213K, capacity 1343K, committed 1408K, reserved 1048576K
[6.852s][info ][gc             ] GC(16) Pause Young (Normal) (G1 Evacuation Pause) 88M->4M(142M) 1.962ms
[6.852s][info ][gc,cpu         ] GC(16) User=0.00s Sys=0.01s Real=0.00s
[6.852s][info ][safepoint      ] Safepoint "G1CollectForAllocation", Time since last: 61528872 ns, Reaching safepoint: 95017 ns, At safepoint: 2144420 ns, Total: 2239437 ns
[6.924s][debug][gc,heap        ] GC(17) Heap before GC invocations=17 (full 1): garbage-first heap   total 145408K, used 90151K [0x0000000700000000, 0x0000000800000000)
[6.924s][debug][gc,heap        ] GC(17)   region size 1024K, 85 young (87040K), 1 survivors (1024K)
[6.924s][debug][gc,heap        ] GC(17)  Metaspace       used 10461K, capacity 10795K, committed 11136K, reserved 1058816K
[6.924s][debug][gc,heap        ] GC(17)   class space    used 1213K, capacity 1343K, committed 1408K, reserved 1048576K
[6.924s][info ][gc,start       ] GC(17) Pause Young (Normal) (G1 Evacuation Pause)
[6.924s][info ][gc,task        ] GC(17) Using 8 workers of 8 for evacuation
[6.924s][debug][gc,tlab        ] GC(17) TLAB totals: thrds: 8  refills: 517 max: 72 slow allocs: 0 max 0 waste:  0.8% gc: 394544B max: 129352B slow: 299136B max: 41256B fast: 0B max: 0B
[6.924s][debug][gc,age         ] GC(17) Desired survivor size 5767168 bytes, new threshold 15 (max threshold 15)
[6.924s][debug][gc,alloc,region] GC(17) Mutator Allocation stats, regions: 84, wasted size: 0B ( 0.0%)
[6.924s][debug][gc,ergo        ] GC(17) Running G1 Merge Heap Roots using 8 workers for 85 regions
[6.924s][debug][gc,remset      ] GC(17) Visited cards 1536 Total dirty 8192 (18.75%) Total old 366592 (0.42%)
[6.924s][debug][gc,ergo        ] GC(17) Running G1 Clear Card Table Task using 1 workers for 1 units of work for 89 regions.
[6.924s][debug][gc,ref         ] GC(17) Skipped phase1 of Reference Processing due to unavailable references
[6.924s][debug][gc,ref         ] GC(17) Skipped phase2 of Reference Processing due to unavailable references
[6.924s][debug][gc,ref         ] GC(17) Skipped phase3 of Reference Processing due to unavailable references
[6.924s][debug][gc,ref         ] GC(17) Skipped phase4 of Reference Processing due to unavailable references
[6.925s][debug][gc,ergo        ] GC(17) Running G1 Free Collection Set using 8 workers for collection set length 85 (142)
[6.925s][debug][gc,ergo        ] GC(17) Running G1 Rebuild Free List Task using 8 workers for rebuilding free list of 0 (4096) regions
[6.925s][trace][gc,age         ] GC(17) Age table with threshold 15 (max threshold 15)
[6.925s][trace][gc,age         ] GC(17) - age   1:        464 bytes,        464 total
[6.925s][trace][gc,age         ] GC(17) - age   3:        416 bytes,        880 total
[6.925s][debug][gc,plab        ] GC(17) Young PLAB allocation: allocated: 14448B, wasted: 0B, unused: 13568B, used: 880B, undo waste: 0B, 
[6.925s][debug][gc,plab        ] GC(17) Young other allocation: region end waste: 0B, regions filled: 1, direct allocated: 0B, failure used: 0B, failure wasted: 0B
[6.925s][debug][gc,plab        ] GC(17) Young sizing: calculated: 176B, actual: 2064B
[6.925s][debug][gc,plab        ] GC(17) Old PLAB allocation: allocated: 14448B, wasted: 0B, unused: 14032B, used: 416B, undo waste: 0B, 
[6.925s][debug][gc,plab        ] GC(17) Old other allocation: region end waste: 0B, regions filled: 1, direct allocated: 0B, failure used: 0B, failure wasted: 0B
[6.925s][debug][gc,plab        ] GC(17) Old sizing: calculated: 80B, actual: 2064B
[6.925s][debug][gc,ihop        ] GC(17) Basic information (value update), threshold: 67004006B (45.00), target occupancy: 148897792B, current occupancy: 4251232B, recent allocation size: 14448B, recent allocation duration: 72.09ms, recent old gen allocation rate: 200421.81B/s, recent marking phase length: 0.00ms
[6.925s][debug][gc,ihop        ] GC(17) Adaptive IHOP information (value update), threshold: 67004006B (47.37), internal target occupancy: 141452902B, occupancy: 4251232B, additional buffer size: 89128960B, predicted old gen allocation rate: 78801.78B/s, predicted marking phase length: 0.00ms, prediction active: false
[6.925s][debug][gc,ergo,refine ] GC(17) Concurrent refinement times: Logged Cards Scan time goal: 20.00ms Logged Cards Scan time: 0.00ms HCC time: 0.00ms
[6.925s][debug][gc,ergo,refine ] GC(17) Updated Refinement Zones: green: 2048, yellow: 6144, red: 10240
[6.925s][info ][gc,phases      ] GC(17)   Pre Evacuate Collection Set: 0.1ms
[6.925s][debug][gc,phases      ] GC(17)     Prepare TLABs: 0.0ms
[6.925s][debug][gc,phases      ] GC(17)     Choose Collection Set: 0.0ms
[6.925s][debug][gc,phases      ] GC(17)     Region Register: 0.1ms
[6.925s][debug][gc,phases      ] GC(17)     Prepare Heap Roots: 0.0ms
[6.925s][info ][gc,phases      ] GC(17)   Merge Heap Roots: 0.2ms
[6.925s][debug][gc,phases      ] GC(17)     Prepare Merge Heap Roots: 0.0ms
[6.925s][debug][gc,phases      ] GC(17)     Eager Reclaim (ms):       skipped
[6.925s][debug][gc,phases      ] GC(17)     Remembered Sets (ms):     Min:  0.0, Avg:  0.0, Max:  0.0, Diff:  0.0, Sum:  0.1, Workers: 8
[6.925s][debug][gc,phases      ] GC(17)       Merged Sparse:            Min: 0, Avg:  0.0, Max: 0, Diff: 0, Sum: 0, Workers: 8
[6.925s][debug][gc,phases      ] GC(17)       Merged Fine:              Min: 0, Avg:  0.0, Max: 0, Diff: 0, Sum: 0, Workers: 8
[6.925s][debug][gc,phases      ] GC(17)       Merged Coarse:            Min: 0, Avg:  0.0, Max: 0, Diff: 0, Sum: 0, Workers: 8
[6.925s][debug][gc,phases      ] GC(17)       Dirty Cards:              Min: 0, Avg:  0.0, Max: 0, Diff: 0, Sum: 0, Workers: 8
[6.925s][debug][gc,phases      ] GC(17)     Hot Card Cache (ms):      Min:  0.0, Avg:  0.0, Max:  0.0, Diff:  0.0, Sum:  0.0, Workers: 8
[6.925s][debug][gc,phases      ] GC(17)       Dirty Cards:              Min: 0, Avg:  0.0, Max: 0, Diff: 0, Sum: 0, Workers: 8
[6.925s][debug][gc,phases      ] GC(17)       Skipped Cards:            Min: 0, Avg:  0.0, Max: 0, Diff: 0, Sum: 0, Workers: 8
[6.925s][debug][gc,phases      ] GC(17)     Log Buffers (ms):         Min:  0.0, Avg:  0.0, Max:  0.0, Diff:  0.0, Sum:  0.0, Workers: 8
[6.925s][debug][gc,phases      ] GC(17)       Dirty Cards:              Min: 0, Avg:  1.5, Max: 7, Diff: 7, Sum: 12, Workers: 8
[6.925s][debug][gc,phases      ] GC(17)       Skipped Cards:            Min: 0, Avg:  0.0, Max: 0, Diff: 0, Sum: 0, Workers: 8
[6.925s][info ][gc,phases      ] GC(17)   Evacuate Collection Set: 0.2ms
[6.925s][debug][gc,phases      ] GC(17)     Ext Root Scanning (ms):   Min:  0.0, Avg:  0.0, Max:  0.1, Diff:  0.1, Sum:  0.3, Workers: 8
[6.925s][debug][gc,phases      ] GC(17)     Scan Heap Roots (ms):     Min:  0.0, Avg:  0.0, Max:  0.0, Diff:  0.0, Sum:  0.0, Workers: 8
[6.925s][debug][gc,phases      ] GC(17)       Scanned Cards:            Min: 0, Avg:  1.4, Max: 3, Diff: 3, Sum: 11, Workers: 8
[6.925s][debug][gc,phases      ] GC(17)       Scanned Blocks:           Min: 0, Avg:  1.2, Max: 3, Diff: 3, Sum: 10, Workers: 8
[6.925s][debug][gc,phases      ] GC(17)       Claimed Chunks:           Min: 0, Avg:  0.8, Max: 1, Diff: 1, Sum: 6, Workers: 8
[6.925s][debug][gc,phases      ] GC(17)     Code Root Scan (ms):      Min:  0.0, Avg:  0.0, Max:  0.0, Diff:  0.0, Sum:  0.0, Workers: 8
[6.925s][debug][gc,phases      ] GC(17)     Object Copy (ms):         Min:  0.0, Avg:  0.0, Max:  0.0, Diff:  0.0, Sum:  0.1, Workers: 8
[6.925s][debug][gc,phases      ] GC(17)     Termination (ms):         Min:  0.0, Avg:  0.0, Max:  0.1, Diff:  0.0, Sum:  0.3, Workers: 8
[6.925s][debug][gc,phases      ] GC(17)       Termination Attempts:     Min: 1, Avg:  1.0, Max: 1, Diff: 0, Sum: 8, Workers: 8
[6.925s][debug][gc,phases      ] GC(17)     GC Worker Other (ms):     Min:  0.0, Avg:  0.0, Max:  0.0, Diff:  0.0, Sum:  0.2, Workers: 8
[6.925s][debug][gc,phases      ] GC(17)     GC Worker Total (ms):     Min:  0.1, Avg:  0.1, Max:  0.2, Diff:  0.1, Sum:  1.0, Workers: 8
[6.925s][info ][gc,phases      ] GC(17)   Post Evacuate Collection Set: 0.3ms
[6.925s][debug][gc,phases      ] GC(17)     Code Roots Fixup: 0.0ms
[6.925s][debug][gc,phases      ] GC(17)     Clear Card Table: 0.1ms
[6.925s][debug][gc,phases      ] GC(17)     Reference Processing: 0.0ms
[6.925s][debug][gc,phases,ref  ] GC(17)       Reconsider SoftReferences: 0.0ms
[6.925s][debug][gc,phases,ref  ] GC(17)         SoftRef (ms):             skipped
[6.925s][debug][gc,phases,ref  ] GC(17)       Notify Soft/WeakReferences: 0.0ms
[6.925s][debug][gc,phases,ref  ] GC(17)         SoftRef (ms):             skipped
[6.925s][debug][gc,phases,ref  ] GC(17)         WeakRef (ms):             skipped
[6.925s][debug][gc,phases,ref  ] GC(17)         FinalRef (ms):            skipped
[6.925s][debug][gc,phases,ref  ] GC(17)         Total (ms):               skipped
[6.925s][debug][gc,phases,ref  ] GC(17)       Notify and keep alive finalizable: 0.0ms
[6.925s][debug][gc,phases,ref  ] GC(17)         FinalRef (ms):            skipped
[6.925s][debug][gc,phases,ref  ] GC(17)       Notify PhantomReferences: 0.0ms
[6.925s][debug][gc,phases,ref  ] GC(17)         PhantomRef (ms):          skipped
[6.925s][debug][gc,phases,ref  ] GC(17)       SoftReference:
[6.925s][debug][gc,phases,ref  ] GC(17)         Discovered: 0
[6.925s][debug][gc,phases,ref  ] GC(17)         Cleared: 0
[6.925s][debug][gc,phases,ref  ] GC(17)       WeakReference:
[6.925s][debug][gc,phases,ref  ] GC(17)         Discovered: 0
[6.925s][debug][gc,phases,ref  ] GC(17)         Cleared: 0
[6.925s][debug][gc,phases,ref  ] GC(17)       FinalReference:
[6.925s][debug][gc,phases,ref  ] GC(17)         Discovered: 0
[6.925s][debug][gc,phases,ref  ] GC(17)         Cleared: 0
[6.925s][debug][gc,phases,ref  ] GC(17)       PhantomReference:
[6.925s][debug][gc,phases,ref  ] GC(17)         Discovered: 0
[6.925s][debug][gc,phases,ref  ] GC(17)         Cleared: 0
[6.925s][debug][gc,phases      ] GC(17)     Weak Processing: 0.1ms
[6.925s][debug][gc,phases      ] GC(17)       JVMTI weak processing: 0.0ms
[6.925s][debug][gc,phases      ] GC(17)         Dead: 0
[6.925s][debug][gc,phases      ] GC(17)         Total: 0
[6.925s][debug][gc,phases      ] GC(17)       JFR weak processing: 0.0ms
[6.925s][debug][gc,phases      ] GC(17)         Dead: 0
[6.925s][debug][gc,phases      ] GC(17)         Total: 0
[6.925s][debug][gc,phases      ] GC(17)       JNI weak                  Min:  0.0, Avg:  0.0, Max:  0.0, Diff:  0.0, Sum:  0.0, Workers: 5
[6.925s][debug][gc,phases      ] GC(17)         Dead                      Min: 0, Avg:  0.0, Max: 0, Diff: 0, Sum: 0, Workers: 5
[6.925s][debug][gc,phases      ] GC(17)         Total                     Min: 0, Avg: 10.8, Max: 52, Diff: 52, Sum: 54, Workers: 5
[6.925s][debug][gc,phases      ] GC(17)       VM weak                   Min:  0.0, Avg:  0.0, Max:  0.0, Diff:  0.0, Sum:  0.0, Workers: 5
[6.925s][debug][gc,phases      ] GC(17)         Dead                      Min: 0, Avg:  0.0, Max: 0, Diff: 0, Sum: 0, Workers: 5
[6.925s][debug][gc,phases      ] GC(17)         Total                     Min: 0, Avg: 44.8, Max: 128, Diff: 128, Sum: 224, Workers: 5
[6.925s][debug][gc,phases      ] GC(17)       StringTable weak          Min:  0.0, Avg:  0.0, Max:  0.1, Diff:  0.0, Sum:  0.2, Workers: 5
[6.925s][debug][gc,phases      ] GC(17)         Dead                      Min: 0, Avg:  0.0, Max: 0, Diff: 0, Sum: 0, Workers: 5
[6.925s][debug][gc,phases      ] GC(17)         Total                     Min: 128, Avg: 722.4, Max: 989, Diff: 861, Sum: 3612, Workers: 5
[6.925s][debug][gc,phases      ] GC(17)       ResolvedMethodTable weak  Min:  0.0, Avg:  0.0, Max:  0.0, Diff:  0.0, Sum:  0.0, Workers: 5
[6.925s][debug][gc,phases      ] GC(17)         Dead                      Min: 0, Avg:  0.0, Max: 0, Diff: 0, Sum: 0, Workers: 5
[6.925s][debug][gc,phases      ] GC(17)         Total                     Min: 64, Avg: 117.8, Max: 192, Diff: 128, Sum: 589, Workers: 5
[6.925s][debug][gc,phases      ] GC(17)     Merge Per-Thread State: 0.0ms
[6.925s][debug][gc,phases      ] GC(17)       Copied Bytes              Min: 72, Avg: 162.0, Max: 264, Diff: 192, Sum: 1296, Workers: 8
[6.925s][debug][gc,phases      ] GC(17)       LAB Waste                 Min: 0, Avg:  0.0, Max: 0, Diff: 0, Sum: 0, Workers: 8
[6.925s][debug][gc,phases      ] GC(17)       LAB Undo Waste            Min: 0, Avg:  0.0, Max: 0, Diff: 0, Sum: 0, Workers: 8
[6.925s][debug][gc,phases      ] GC(17)     Code Roots Purge: 0.0ms
[6.925s][debug][gc,phases      ] GC(17)     Redirty Cards: 0.0ms
[6.925s][debug][gc,phases      ] GC(17)     DerivedPointerTable Update: 0.0ms
[6.925s][debug][gc,phases      ] GC(17)     Free Collection Set: 0.1ms
[6.925s][debug][gc,phases      ] GC(17)     Rebuild Free List: 0.0ms
[6.925s][debug][gc,phases      ] GC(17)     Humongous Reclaim: 0.0ms
[6.925s][debug][gc,phases      ] GC(17)     Start New Collection Set: 0.0ms
[6.925s][debug][gc,phases      ] GC(17)     Resize TLABs: 0.0ms
[6.925s][debug][gc,phases      ] GC(17)     Expand Heap After Collection: 0.0ms
[6.925s][info ][gc,phases      ] GC(17)   Other: 0.3ms
[6.925s][info ][gc,heap        ] GC(17) Eden regions: 84->0(84)
[6.925s][info ][gc,heap        ] GC(17) Survivor regions: 1->1(11)
[6.925s][info ][gc,heap        ] GC(17) Old regions: 7->7
[6.925s][info ][gc,heap        ] GC(17) Archive regions: 2->2
[6.925s][info ][gc,heap        ] GC(17) Humongous regions: 0->0
[6.925s][info ][gc,metaspace   ] GC(17) Metaspace: 10461K(11136K)->10461K(11136K) NonClass: 9248K(9728K)->9248K(9728K) Class: 1213K(1408K)->1213K(1408K)
[6.925s][debug][gc,heap        ] GC(17) Heap after GC invocations=18 (full 1): garbage-first heap   total 145408K, used 4151K [0x0000000700000000, 0x0000000800000000)
[6.925s][debug][gc,heap        ] GC(17)   region size 1024K, 1 young (1024K), 1 survivors (1024K)
[6.925s][debug][gc,heap        ] GC(17)  Metaspace       used 10461K, capacity 10795K, committed 11136K, reserved 1058816K
[6.925s][debug][gc,heap        ] GC(17)   class space    used 1213K, capacity 1343K, committed 1408K, reserved 1048576K
[6.925s][info ][gc             ] GC(17) Pause Young (Normal) (G1 Evacuation Pause) 88M->4M(142M) 1.583ms
[6.925s][info ][gc,cpu         ] GC(17) User=0.00s Sys=0.01s Real=0.00s
[6.925s][info ][safepoint      ] Safepoint "G1CollectForAllocation", Time since last: 71066271 ns, Reaching safepoint: 185900 ns, At safepoint: 1762371 ns, Total: 1948271 ns
[6.993s][debug][gc,heap        ] GC(18) Heap before GC invocations=18 (full 1): garbage-first heap   total 145408K, used 90167K [0x0000000700000000, 0x0000000800000000)
[6.993s][debug][gc,heap        ] GC(18)   region size 1024K, 85 young (87040K), 1 survivors (1024K)
[6.993s][debug][gc,heap        ] GC(18)  Metaspace       used 10461K, capacity 10795K, committed 11136K, reserved 1058816K
[6.993s][debug][gc,heap        ] GC(18)   class space    used 1213K, capacity 1343K, committed 1408K, reserved 1048576K
[6.993s][info ][gc,start       ] GC(18) Pause Young (Normal) (G1 Evacuation Pause)
[6.993s][info ][gc,task        ] GC(18) Using 8 workers of 8 for evacuation
[6.993s][debug][gc,tlab        ] GC(18) TLAB totals: thrds: 8  refills: 508 max: 71 slow allocs: 0 max 0 waste:  1.1% gc: 698416B max: 163200B slow: 293080B max: 41112B fast: 0B max: 0B
[6.993s][debug][gc,age         ] GC(18) Desired survivor size 5767168 bytes, new threshold 15 (max threshold 15)
[6.993s][debug][gc,alloc,region] GC(18) Mutator Allocation stats, regions: 84, wasted size: 0B ( 0.0%)
[6.993s][debug][gc,ergo        ] GC(18) Running G1 Merge Heap Roots using 8 workers for 85 regions
[6.994s][debug][gc,remset      ] GC(18) Visited cards 1280 Total dirty 8192 (15.62%) Total old 366592 (0.35%)
[6.994s][debug][gc,ergo        ] GC(18) Running G1 Clear Card Table Task using 1 workers for 1 units of work for 89 regions.
[6.994s][debug][gc,ref         ] GC(18) Skipped phase1 of Reference Processing due to unavailable references
[6.994s][debug][gc,ref         ] GC(18) Skipped phase2 of Reference Processing due to unavailable references
[6.994s][debug][gc,ref         ] GC(18) Skipped phase3 of Reference Processing due to unavailable references
[6.994s][debug][gc,ref         ] GC(18) Skipped phase4 of Reference Processing due to unavailable references
[6.994s][debug][gc,ergo        ] GC(18) Running G1 Free Collection Set using 8 workers for collection set length 85 (142)
[6.994s][debug][gc,ergo        ] GC(18) Running G1 Rebuild Free List Task using 8 workers for rebuilding free list of 0 (4096) regions
[6.994s][trace][gc,age         ] GC(18) Age table with threshold 15 (max threshold 15)
[6.994s][trace][gc,age         ] GC(18) - age   1:        440 bytes,        440 total
[6.994s][trace][gc,age         ] GC(18) - age   4:        416 bytes,        856 total
[6.994s][debug][gc,plab        ] GC(18) Young PLAB allocation: allocated: 16512B, wasted: 0B, unused: 15656B, used: 856B, undo waste: 0B, 
[6.994s][debug][gc,plab        ] GC(18) Young other allocation: region end waste: 0B, regions filled: 1, direct allocated: 0B, failure used: 0B, failure wasted: 0B
[6.994s][debug][gc,plab        ] GC(18) Young sizing: calculated: 168B, actual: 2064B
[6.994s][debug][gc,plab        ] GC(18) Old PLAB allocation: allocated: 0B, wasted: 0B, unused: 0B, used: 0B, undo waste: 0B, 
[6.994s][debug][gc,plab        ] GC(18) Old other allocation: region end waste: 0B, regions filled: 1, direct allocated: 0B, failure used: 0B, failure wasted: 0B
[6.994s][debug][gc,plab        ] GC(18) Old sizing: calculated: 0B, actual: 2064B
[6.994s][debug][gc,ergo,heap   ] GC(18) Attempt heap expansion (recent GC overhead higher than threshold after GC) recent GC overhead: 2.65 % threshold: 1.00 % uncommitted: 4146069504B base expansion amount and scale: 148897792B (44.74%)
[6.994s][debug][gc,ergo,heap   ] GC(18) Expand the heap. requested expansion amount: 66612258B expansion amount: 67108864B
[6.994s][debug][gc,ihop        ] GC(18) Target occupancy update: old: 148897792B, new: 216006656B
[6.994s][debug][gc,ihop        ] GC(18) Basic information (value update), threshold: 97202995B (45.00), target occupancy: 216006656B, current occupancy: 4253296B, recent allocation size: 0B, recent allocation duration: 68.59ms, recent old gen allocation rate: 0.00B/s, recent marking phase length: 0.00ms
[6.994s][debug][gc,ihop        ] GC(18) Adaptive IHOP information (value update), threshold: 97202995B (47.37), internal target occupancy: 205206323B, occupancy: 4253296B, additional buffer size: 128974848B, predicted old gen allocation rate: 76166.12B/s, predicted marking phase length: 0.00ms, prediction active: false
[6.995s][debug][gc,ergo,refine ] GC(18) Concurrent refinement times: Logged Cards Scan time goal: 20.00ms Logged Cards Scan time: 0.00ms HCC time: 0.00ms
[6.995s][debug][gc,ergo,refine ] GC(18) Updated Refinement Zones: green: 2048, yellow: 6144, red: 10240
[6.995s][info ][gc,phases      ] GC(18)   Pre Evacuate Collection Set: 0.1ms
[6.995s][debug][gc,phases      ] GC(18)     Prepare TLABs: 0.0ms
[6.995s][debug][gc,phases      ] GC(18)     Choose Collection Set: 0.0ms
[6.995s][debug][gc,phases      ] GC(18)     Region Register: 0.1ms
[6.995s][debug][gc,phases      ] GC(18)     Prepare Heap Roots: 0.0ms
[6.995s][info ][gc,phases      ] GC(18)   Merge Heap Roots: 0.1ms
[6.995s][debug][gc,phases      ] GC(18)     Prepare Merge Heap Roots: 0.0ms
[6.995s][debug][gc,phases      ] GC(18)     Eager Reclaim (ms):       skipped
[6.995s][debug][gc,phases      ] GC(18)     Remembered Sets (ms):     Min:  0.0, Avg:  0.0, Max:  0.0, Diff:  0.0, Sum:  0.0, Workers: 8
[6.995s][debug][gc,phases      ] GC(18)       Merged Sparse:            Min: 0, Avg:  0.0, Max: 0, Diff: 0, Sum: 0, Workers: 8
[6.995s][debug][gc,phases      ] GC(18)       Merged Fine:              Min: 0, Avg:  0.0, Max: 0, Diff: 0, Sum: 0, Workers: 8
[6.995s][debug][gc,phases      ] GC(18)       Merged Coarse:            Min: 0, Avg:  0.0, Max: 0, Diff: 0, Sum: 0, Workers: 8
[6.995s][debug][gc,phases      ] GC(18)       Dirty Cards:              Min: 0, Avg:  0.0, Max: 0, Diff: 0, Sum: 0, Workers: 8
[6.995s][debug][gc,phases      ] GC(18)     Hot Card Cache (ms):      Min:  0.0, Avg:  0.0, Max:  0.0, Diff:  0.0, Sum:  0.0, Workers: 8
[6.995s][debug][gc,phases      ] GC(18)       Dirty Cards:              Min: 0, Avg:  0.0, Max: 0, Diff: 0, Sum: 0, Workers: 8
[6.995s][debug][gc,phases      ] GC(18)       Skipped Cards:            Min: 0, Avg:  0.0, Max: 0, Diff: 0, Sum: 0, Workers: 8
[6.995s][debug][gc,phases      ] GC(18)     Log Buffers (ms):         Min:  0.0, Avg:  0.0, Max:  0.0, Diff:  0.0, Sum:  0.0, Workers: 8
[6.995s][debug][gc,phases      ] GC(18)       Dirty Cards:              Min: 0, Avg:  1.2, Max: 6, Diff: 6, Sum: 10, Workers: 8
[6.995s][debug][gc,phases      ] GC(18)       Skipped Cards:            Min: 0, Avg:  0.0, Max: 0, Diff: 0, Sum: 0, Workers: 8
[6.995s][info ][gc,phases      ] GC(18)   Evacuate Collection Set: 0.2ms
[6.995s][debug][gc,phases      ] GC(18)     Ext Root Scanning (ms):   Min:  0.0, Avg:  0.0, Max:  0.1, Diff:  0.1, Sum:  0.3, Workers: 8
[6.995s][debug][gc,phases      ] GC(18)     Scan Heap Roots (ms):     Min:  0.0, Avg:  0.0, Max:  0.0, Diff:  0.0, Sum:  0.0, Workers: 8
[6.995s][debug][gc,phases      ] GC(18)       Scanned Cards:            Min: 0, Avg:  0.9, Max: 2, Diff: 2, Sum: 7, Workers: 8
[6.995s][debug][gc,phases      ] GC(18)       Scanned Blocks:           Min: 0, Avg:  0.8, Max: 2, Diff: 2, Sum: 6, Workers: 8
[6.995s][debug][gc,phases      ] GC(18)       Claimed Chunks:           Min: 0, Avg:  0.6, Max: 1, Diff: 1, Sum: 5, Workers: 8
[6.995s][debug][gc,phases      ] GC(18)     Code Root Scan (ms):      Min:  0.0, Avg:  0.0, Max:  0.0, Diff:  0.0, Sum:  0.0, Workers: 8
[6.995s][debug][gc,phases      ] GC(18)     Object Copy (ms):         Min:  0.0, Avg:  0.0, Max:  0.0, Diff:  0.0, Sum:  0.0, Workers: 8
[6.995s][debug][gc,phases      ] GC(18)     Termination (ms):         Min:  0.0, Avg:  0.0, Max:  0.1, Diff:  0.0, Sum:  0.4, Workers: 8
[6.995s][debug][gc,phases      ] GC(18)       Termination Attempts:     Min: 1, Avg:  1.0, Max: 1, Diff: 0, Sum: 8, Workers: 8
[6.995s][debug][gc,phases      ] GC(18)     GC Worker Other (ms):     Min:  0.0, Avg:  0.0, Max:  0.0, Diff:  0.0, Sum:  0.1, Workers: 8
[6.995s][debug][gc,phases      ] GC(18)     GC Worker Total (ms):     Min:  0.1, Avg:  0.1, Max:  0.1, Diff:  0.1, Sum:  0.9, Workers: 8
[6.995s][info ][gc,phases      ] GC(18)   Post Evacuate Collection Set: 0.7ms
[6.995s][debug][gc,phases      ] GC(18)     Code Roots Fixup: 0.0ms
[6.995s][debug][gc,phases      ] GC(18)     Clear Card Table: 0.0ms
[6.995s][debug][gc,phases      ] GC(18)     Reference Processing: 0.0ms
[6.995s][debug][gc,phases,ref  ] GC(18)       Reconsider SoftReferences: 0.0ms
[6.995s][debug][gc,phases,ref  ] GC(18)         SoftRef (ms):             skipped
[6.995s][debug][gc,phases,ref  ] GC(18)       Notify Soft/WeakReferences: 0.0ms
[6.995s][debug][gc,phases,ref  ] GC(18)         SoftRef (ms):             skipped
[6.995s][debug][gc,phases,ref  ] GC(18)         WeakRef (ms):             skipped
[6.995s][debug][gc,phases,ref  ] GC(18)         FinalRef (ms):            skipped
[6.995s][debug][gc,phases,ref  ] GC(18)         Total (ms):               skipped
[6.995s][debug][gc,phases,ref  ] GC(18)       Notify and keep alive finalizable: 0.0ms
[6.995s][debug][gc,phases,ref  ] GC(18)         FinalRef (ms):            skipped
[6.995s][debug][gc,phases,ref  ] GC(18)       Notify PhantomReferences: 0.0ms
[6.995s][debug][gc,phases,ref  ] GC(18)         PhantomRef (ms):          skipped
[6.995s][debug][gc,phases,ref  ] GC(18)       SoftReference:
[6.995s][debug][gc,phases,ref  ] GC(18)         Discovered: 0
[6.995s][debug][gc,phases,ref  ] GC(18)         Cleared: 0
[6.995s][debug][gc,phases,ref  ] GC(18)       WeakReference:
[6.995s][debug][gc,phases,ref  ] GC(18)         Discovered: 0
[6.995s][debug][gc,phases,ref  ] GC(18)         Cleared: 0
[6.995s][debug][gc,phases,ref  ] GC(18)       FinalReference:
[6.995s][debug][gc,phases,ref  ] GC(18)         Discovered: 0
[6.995s][debug][gc,phases,ref  ] GC(18)         Cleared: 0
[6.995s][debug][gc,phases,ref  ] GC(18)       PhantomReference:
[6.995s][debug][gc,phases,ref  ] GC(18)         Discovered: 0
[6.995s][debug][gc,phases,ref  ] GC(18)         Cleared: 0
[6.995s][debug][gc,phases      ] GC(18)     Weak Processing: 0.1ms
[6.995s][debug][gc,phases      ] GC(18)       JVMTI weak processing: 0.0ms
[6.995s][debug][gc,phases      ] GC(18)         Dead: 0
[6.995s][debug][gc,phases      ] GC(18)         Total: 0
[6.995s][debug][gc,phases      ] GC(18)       JFR weak processing: 0.0ms
[6.995s][debug][gc,phases      ] GC(18)         Dead: 0
[6.995s][debug][gc,phases      ] GC(18)         Total: 0
[6.995s][debug][gc,phases      ] GC(18)       JNI weak                  Min:  0.0, Avg:  0.0, Max:  0.0, Diff:  0.0, Sum:  0.1, Workers: 5
[6.995s][debug][gc,phases      ] GC(18)         Dead                      Min: 0, Avg:  0.0, Max: 0, Diff: 0, Sum: 0, Workers: 5
[6.995s][debug][gc,phases      ] GC(18)         Total                     Min: 0, Avg: 10.8, Max: 52, Diff: 52, Sum: 54, Workers: 5
[6.995s][debug][gc,phases      ] GC(18)       VM weak                   Min:  0.0, Avg:  0.0, Max:  0.0, Diff:  0.0, Sum:  0.0, Workers: 5
[6.995s][debug][gc,phases      ] GC(18)         Dead                      Min: 0, Avg:  0.0, Max: 0, Diff: 0, Sum: 0, Workers: 5
[6.995s][debug][gc,phases      ] GC(18)         Total                     Min: 0, Avg: 44.8, Max: 128, Diff: 128, Sum: 224, Workers: 5
[6.995s][debug][gc,phases      ] GC(18)       StringTable weak          Min:  0.0, Avg:  0.0, Max:  0.1, Diff:  0.1, Sum:  0.2, Workers: 5
[6.995s][debug][gc,phases      ] GC(18)         Dead                      Min: 0, Avg:  0.0, Max: 0, Diff: 0, Sum: 0, Workers: 5
[6.995s][debug][gc,phases      ] GC(18)         Total                     Min: 128, Avg: 722.4, Max: 1181, Diff: 1053, Sum: 3612, Workers: 5
[6.995s][debug][gc,phases      ] GC(18)       ResolvedMethodTable weak  Min:  0.0, Avg:  0.0, Max:  0.0, Diff:  0.0, Sum:  0.0, Workers: 5
[6.995s][debug][gc,phases      ] GC(18)         Dead                      Min: 0, Avg:  0.0, Max: 0, Diff: 0, Sum: 0, Workers: 5
[6.995s][debug][gc,phases      ] GC(18)         Total                     Min: 0, Avg: 117.8, Max: 192, Diff: 192, Sum: 589, Workers: 5
[6.995s][debug][gc,phases      ] GC(18)     Merge Per-Thread State: 0.0ms
[6.995s][debug][gc,phases      ] GC(18)       Copied Bytes              Min: 32, Avg: 107.0, Max: 224, Diff: 192, Sum: 856, Workers: 8
[6.995s][debug][gc,phases      ] GC(18)       LAB Waste                 Min: 0, Avg:  0.0, Max: 0, Diff: 0, Sum: 0, Workers: 8
[6.995s][debug][gc,phases      ] GC(18)       LAB Undo Waste            Min: 0, Avg:  0.0, Max: 0, Diff: 0, Sum: 0, Workers: 8
[6.995s][debug][gc,phases      ] GC(18)     Code Roots Purge: 0.0ms
[6.995s][debug][gc,phases      ] GC(18)     Redirty Cards: 0.0ms
[6.995s][debug][gc,phases      ] GC(18)     DerivedPointerTable Update: 0.0ms
[6.995s][debug][gc,phases      ] GC(18)     Free Collection Set: 0.1ms
[6.995s][debug][gc,phases      ] GC(18)     Rebuild Free List: 0.0ms
[6.995s][debug][gc,phases      ] GC(18)     Humongous Reclaim: 0.0ms
[6.995s][debug][gc,phases      ] GC(18)     Start New Collection Set: 0.0ms
[6.995s][debug][gc,phases      ] GC(18)     Resize TLABs: 0.0ms
[6.995s][debug][gc,phases      ] GC(18)     Expand Heap After Collection: 0.4ms
[6.995s][info ][gc,phases      ] GC(18)   Other: 0.3ms
[6.995s][info ][gc,heap        ] GC(18) Eden regions: 84->0(122)
[6.995s][info ][gc,heap        ] GC(18) Survivor regions: 1->1(11)
[6.995s][info ][gc,heap        ] GC(18) Old regions: 7->7
[6.995s][info ][gc,heap        ] GC(18) Archive regions: 2->2
[6.995s][info ][gc,heap        ] GC(18) Humongous regions: 0->0
[6.995s][info ][gc,metaspace   ] GC(18) Metaspace: 10461K(11136K)->10461K(11136K) NonClass: 9248K(9728K)->9248K(9728K) Class: 1213K(1408K)->1213K(1408K)
[6.995s][debug][gc,heap        ] GC(18) Heap after GC invocations=19 (full 1): garbage-first heap   total 210944K, used 4153K [0x0000000700000000, 0x0000000800000000)
[6.995s][debug][gc,heap        ] GC(18)   region size 1024K, 1 young (1024K), 1 survivors (1024K)
[6.995s][debug][gc,heap        ] GC(18)  Metaspace       used 10461K, capacity 10795K, committed 11136K, reserved 1058816K
[6.995s][debug][gc,heap        ] GC(18)   class space    used 1213K, capacity 1343K, committed 1408K, reserved 1048576K
[6.995s][info ][gc             ] GC(18) Pause Young (Normal) (G1 Evacuation Pause) 88M->4M(206M) 1.796ms
[6.995s][info ][gc,cpu         ] GC(18) User=0.00s Sys=0.00s Real=0.00s
[6.995s][info ][safepoint      ] Safepoint "G1CollectForAllocation", Time since last: 67647657 ns, Reaching safepoint: 117291 ns, At safepoint: 1982442 ns, Total: 2099733 ns
[7.111s][debug][gc,heap        ] GC(19) Heap before GC invocations=19 (full 1): garbage-first heap   total 210944K, used 129081K [0x0000000700000000, 0x0000000800000000)
[7.111s][debug][gc,heap        ] GC(19)   region size 1024K, 123 young (125952K), 1 survivors (1024K)
[7.111s][debug][gc,heap        ] GC(19)  Metaspace       used 10461K, capacity 10795K, committed 11136K, reserved 1058816K
[7.111s][debug][gc,heap        ] GC(19)   class space    used 1213K, capacity 1343K, committed 1408K, reserved 1048576K
[7.111s][info ][gc,start       ] GC(19) Pause Young (Normal) (G1 Evacuation Pause)
[7.111s][info ][gc,task        ] GC(19) Using 8 workers of 8 for evacuation
[7.111s][debug][gc,tlab        ] GC(19) TLAB totals: thrds: 8  refills: 612 max: 81 slow allocs: 0 max 0 waste:  1.3% gc: 1321144B max: 262352B slow: 354136B max: 46720B fast: 0B max: 0B
[7.111s][debug][gc,age         ] GC(19) Desired survivor size 8388608 bytes, new threshold 15 (max threshold 15)
[7.111s][debug][gc,alloc,region] GC(19) Mutator Allocation stats, regions: 122, wasted size: 0B ( 0.0%)
[7.111s][debug][gc,ergo        ] GC(19) Running G1 Merge Heap Roots using 8 workers for 123 regions
[7.111s][debug][gc,remset      ] GC(19) Visited cards 1280 Total dirty 8192 (15.62%) Total old 522240 (0.25%)
[7.111s][debug][gc,ergo        ] GC(19) Running G1 Clear Card Table Task using 1 workers for 1 units of work for 127 regions.
[7.111s][debug][gc,ref         ] GC(19) Skipped phase1 of Reference Processing due to unavailable references
[7.111s][debug][gc,ref         ] GC(19) Skipped phase2 of Reference Processing due to unavailable references
[7.111s][debug][gc,ref         ] GC(19) Skipped phase3 of Reference Processing due to unavailable references
[7.111s][debug][gc,ref         ] GC(19) Skipped phase4 of Reference Processing due to unavailable references
[7.111s][debug][gc,ergo        ] GC(19) Running G1 Free Collection Set using 8 workers for collection set length 123 (206)
[7.111s][debug][gc,ergo        ] GC(19) Running G1 Rebuild Free List Task using 8 workers for rebuilding free list of 0 (4096) regions
[7.111s][trace][gc,age         ] GC(19) Age table with threshold 15 (max threshold 15)
[7.111s][trace][gc,age         ] GC(19) - age   1:        256 bytes,        256 total
[7.111s][trace][gc,age         ] GC(19) - age   5:        416 bytes,        672 total
[7.111s][debug][gc,plab        ] GC(19) Young PLAB allocation: allocated: 14448B, wasted: 0B, unused: 13776B, used: 672B, undo waste: 0B, 
[7.111s][debug][gc,plab        ] GC(19) Young other allocation: region end waste: 0B, regions filled: 1, direct allocated: 0B, failure used: 0B, failure wasted: 0B
[7.111s][debug][gc,plab        ] GC(19) Young sizing: calculated: 128B, actual: 2064B
[7.111s][debug][gc,plab        ] GC(19) Old PLAB allocation: allocated: 0B, wasted: 0B, unused: 0B, used: 0B, undo waste: 0B, 
[7.111s][debug][gc,plab        ] GC(19) Old other allocation: region end waste: 0B, regions filled: 1, direct allocated: 0B, failure used: 0B, failure wasted: 0B
[7.111s][debug][gc,plab        ] GC(19) Old sizing: calculated: 0B, actual: 2064B
[7.111s][debug][gc,ihop        ] GC(19) Basic information (value update), threshold: 97202995B (45.00), target occupancy: 216006656B, current occupancy: 4251232B, recent allocation size: 0B, recent allocation duration: 116.28ms, recent old gen allocation rate: 0.00B/s, recent marking phase length: 0.00ms
[7.111s][debug][gc,ihop        ] GC(19) Adaptive IHOP information (value update), threshold: 97202995B (47.37), internal target occupancy: 205206323B, occupancy: 4251232B, additional buffer size: 128974848B, predicted old gen allocation rate: 73626.33B/s, predicted marking phase length: 0.00ms, prediction active: false
[7.112s][debug][gc,ergo,refine ] GC(19) Concurrent refinement times: Logged Cards Scan time goal: 20.00ms Logged Cards Scan time: 0.00ms HCC time: 0.00ms
[7.112s][debug][gc,ergo,refine ] GC(19) Updated Refinement Zones: green: 2048, yellow: 6144, red: 10240
[7.112s][info ][gc,phases      ] GC(19)   Pre Evacuate Collection Set: 0.1ms
[7.112s][debug][gc,phases      ] GC(19)     Prepare TLABs: 0.0ms
[7.112s][debug][gc,phases      ] GC(19)     Choose Collection Set: 0.0ms
[7.112s][debug][gc,phases      ] GC(19)     Region Register: 0.1ms
[7.112s][debug][gc,phases      ] GC(19)     Prepare Heap Roots: 0.0ms
[7.112s][info ][gc,phases      ] GC(19)   Merge Heap Roots: 0.1ms
[7.112s][debug][gc,phases      ] GC(19)     Prepare Merge Heap Roots: 0.0ms
[7.112s][debug][gc,phases      ] GC(19)     Eager Reclaim (ms):       skipped
[7.112s][debug][gc,phases      ] GC(19)     Remembered Sets (ms):     Min:  0.0, Avg:  0.0, Max:  0.0, Diff:  0.0, Sum:  0.0, Workers: 8
[7.112s][debug][gc,phases      ] GC(19)       Merged Sparse:            Min: 0, Avg:  0.0, Max: 0, Diff: 0, Sum: 0, Workers: 8
[7.112s][debug][gc,phases      ] GC(19)       Merged Fine:              Min: 0, Avg:  0.0, Max: 0, Diff: 0, Sum: 0, Workers: 8
[7.112s][debug][gc,phases      ] GC(19)       Merged Coarse:            Min: 0, Avg:  0.0, Max: 0, Diff: 0, Sum: 0, Workers: 8
[7.112s][debug][gc,phases      ] GC(19)       Dirty Cards:              Min: 0, Avg:  0.0, Max: 0, Diff: 0, Sum: 0, Workers: 8
[7.112s][debug][gc,phases      ] GC(19)     Hot Card Cache (ms):      Min:  0.0, Avg:  0.0, Max:  0.0, Diff:  0.0, Sum:  0.0, Workers: 8
[7.112s][debug][gc,phases      ] GC(19)       Dirty Cards:              Min: 0, Avg:  0.0, Max: 0, Diff: 0, Sum: 0, Workers: 8
[7.112s][debug][gc,phases      ] GC(19)       Skipped Cards:            Min: 0, Avg:  0.0, Max: 0, Diff: 0, Sum: 0, Workers: 8
[7.112s][debug][gc,phases      ] GC(19)     Log Buffers (ms):         Min:  0.0, Avg:  0.0, Max:  0.0, Diff:  0.0, Sum:  0.0, Workers: 8
[7.112s][debug][gc,phases      ] GC(19)       Dirty Cards:              Min: 0, Avg:  1.1, Max: 5, Diff: 5, Sum: 9, Workers: 8
[7.112s][debug][gc,phases      ] GC(19)       Skipped Cards:            Min: 0, Avg:  0.0, Max: 0, Diff: 0, Sum: 0, Workers: 8
[7.112s][info ][gc,phases      ] GC(19)   Evacuate Collection Set: 0.1ms
[7.112s][debug][gc,phases      ] GC(19)     Ext Root Scanning (ms):   Min:  0.0, Avg:  0.0, Max:  0.1, Diff:  0.0, Sum:  0.2, Workers: 8
[7.112s][debug][gc,phases      ] GC(19)     Scan Heap Roots (ms):     Min:  0.0, Avg:  0.0, Max:  0.0, Diff:  0.0, Sum:  0.0, Workers: 8
[7.112s][debug][gc,phases      ] GC(19)       Scanned Cards:            Min: 0, Avg:  0.9, Max: 2, Diff: 2, Sum: 7, Workers: 8
[7.112s][debug][gc,phases      ] GC(19)       Scanned Blocks:           Min: 0, Avg:  0.8, Max: 2, Diff: 2, Sum: 6, Workers: 8
[7.112s][debug][gc,phases      ] GC(19)       Claimed Chunks:           Min: 0, Avg:  0.6, Max: 1, Diff: 1, Sum: 5, Workers: 8
[7.112s][debug][gc,phases      ] GC(19)     Code Root Scan (ms):      Min:  0.0, Avg:  0.0, Max:  0.0, Diff:  0.0, Sum:  0.0, Workers: 8
[7.112s][debug][gc,phases      ] GC(19)     Object Copy (ms):         Min:  0.0, Avg:  0.0, Max:  0.0, Diff:  0.0, Sum:  0.0, Workers: 8
[7.112s][debug][gc,phases      ] GC(19)     Termination (ms):         Min:  0.0, Avg:  0.0, Max:  0.1, Diff:  0.0, Sum:  0.4, Workers: 8
[7.112s][debug][gc,phases      ] GC(19)       Termination Attempts:     Min: 1, Avg:  1.0, Max: 1, Diff: 0, Sum: 8, Workers: 8
[7.112s][debug][gc,phases      ] GC(19)     GC Worker Other (ms):     Min:  0.0, Avg:  0.0, Max:  0.0, Diff:  0.0, Sum:  0.1, Workers: 8
[7.112s][debug][gc,phases      ] GC(19)     GC Worker Total (ms):     Min:  0.1, Avg:  0.1, Max:  0.1, Diff:  0.1, Sum:  0.8, Workers: 8
[7.112s][info ][gc,phases      ] GC(19)   Post Evacuate Collection Set: 0.3ms
[7.112s][debug][gc,phases      ] GC(19)     Code Roots Fixup: 0.0ms
[7.112s][debug][gc,phases      ] GC(19)     Clear Card Table: 0.0ms
[7.112s][debug][gc,phases      ] GC(19)     Reference Processing: 0.0ms
[7.112s][debug][gc,phases,ref  ] GC(19)       Reconsider SoftReferences: 0.0ms
[7.112s][debug][gc,phases,ref  ] GC(19)         SoftRef (ms):             skipped
[7.112s][debug][gc,phases,ref  ] GC(19)       Notify Soft/WeakReferences: 0.0ms
[7.112s][debug][gc,phases,ref  ] GC(19)         SoftRef (ms):             skipped
[7.112s][debug][gc,phases,ref  ] GC(19)         WeakRef (ms):             skipped
[7.112s][debug][gc,phases,ref  ] GC(19)         FinalRef (ms):            skipped
[7.112s][debug][gc,phases,ref  ] GC(19)         Total (ms):               skipped
[7.112s][debug][gc,phases,ref  ] GC(19)       Notify and keep alive finalizable: 0.0ms
[7.112s][debug][gc,phases,ref  ] GC(19)         FinalRef (ms):            skipped
[7.112s][debug][gc,phases,ref  ] GC(19)       Notify PhantomReferences: 0.0ms
[7.112s][debug][gc,phases,ref  ] GC(19)         PhantomRef (ms):          skipped
[7.112s][debug][gc,phases,ref  ] GC(19)       SoftReference:
[7.112s][debug][gc,phases,ref  ] GC(19)         Discovered: 0
[7.112s][debug][gc,phases,ref  ] GC(19)         Cleared: 0
[7.112s][debug][gc,phases,ref  ] GC(19)       WeakReference:
[7.112s][debug][gc,phases,ref  ] GC(19)         Discovered: 0
[7.112s][debug][gc,phases,ref  ] GC(19)         Cleared: 0
[7.112s][debug][gc,phases,ref  ] GC(19)       FinalReference:
[7.112s][debug][gc,phases,ref  ] GC(19)         Discovered: 0
[7.112s][debug][gc,phases,ref  ] GC(19)         Cleared: 0
[7.112s][debug][gc,phases,ref  ] GC(19)       PhantomReference:
[7.112s][debug][gc,phases,ref  ] GC(19)         Discovered: 0
[7.112s][debug][gc,phases,ref  ] GC(19)         Cleared: 0
[7.112s][debug][gc,phases      ] GC(19)     Weak Processing: 0.0ms
[7.112s][debug][gc,phases      ] GC(19)       JVMTI weak processing: 0.0ms
[7.112s][debug][gc,phases      ] GC(19)         Dead: 0
[7.112s][debug][gc,phases      ] GC(19)         Total: 0
[7.112s][debug][gc,phases      ] GC(19)       JFR weak processing: 0.0ms
[7.112s][debug][gc,phases      ] GC(19)         Dead: 0
[7.112s][debug][gc,phases      ] GC(19)         Total: 0
[7.112s][debug][gc,phases      ] GC(19)       JNI weak                  Min:  0.0, Avg:  0.0, Max:  0.0, Diff:  0.0, Sum:  0.0, Workers: 5
[7.112s][debug][gc,phases      ] GC(19)         Dead                      Min: 0, Avg:  0.0, Max: 0, Diff: 0, Sum: 0, Workers: 5
[7.112s][debug][gc,phases      ] GC(19)         Total                     Min: 0, Avg: 10.8, Max: 54, Diff: 54, Sum: 54, Workers: 5
[7.112s][debug][gc,phases      ] GC(19)       VM weak                   Min:  0.0, Avg:  0.0, Max:  0.0, Diff:  0.0, Sum:  0.0, Workers: 5
[7.112s][debug][gc,phases      ] GC(19)         Dead                      Min: 0, Avg:  0.0, Max: 0, Diff: 0, Sum: 0, Workers: 5
[7.112s][debug][gc,phases      ] GC(19)         Total                     Min: 0, Avg: 44.8, Max: 224, Diff: 224, Sum: 224, Workers: 5
[7.112s][debug][gc,phases      ] GC(19)       StringTable weak          Min:  0.0, Avg:  0.0, Max:  0.0, Diff:  0.0, Sum:  0.0, Workers: 5
[7.112s][debug][gc,phases      ] GC(19)         Dead                      Min: 0, Avg:  0.0, Max: 0, Diff: 0, Sum: 0, Workers: 5
[7.112s][debug][gc,phases      ] GC(19)         Total                     Min: 0, Avg: 722.4, Max: 1536, Diff: 1536, Sum: 3612, Workers: 5
[7.112s][debug][gc,phases      ] GC(19)       ResolvedMethodTable weak  Min:  0.0, Avg:  0.0, Max:  0.0, Diff:  0.0, Sum:  0.0, Workers: 5
[7.112s][debug][gc,phases      ] GC(19)         Dead                      Min: 0, Avg:  0.0, Max: 0, Diff: 0, Sum: 0, Workers: 5
[7.112s][debug][gc,phases      ] GC(19)         Total                     Min: 0, Avg: 117.8, Max: 256, Diff: 256, Sum: 589, Workers: 5
[7.112s][debug][gc,phases      ] GC(19)     Merge Per-Thread State: 0.0ms
[7.112s][debug][gc,phases      ] GC(19)       Copied Bytes              Min: 0, Avg: 84.0, Max: 168, Diff: 168, Sum: 672, Workers: 8
[7.112s][debug][gc,phases      ] GC(19)       LAB Waste                 Min: 0, Avg:  0.0, Max: 0, Diff: 0, Sum: 0, Workers: 8
[7.112s][debug][gc,phases      ] GC(19)       LAB Undo Waste            Min: 0, Avg:  0.0, Max: 0, Diff: 0, Sum: 0, Workers: 8
[7.112s][debug][gc,phases      ] GC(19)     Code Roots Purge: 0.0ms
[7.112s][debug][gc,phases      ] GC(19)     Redirty Cards: 0.0ms
[7.112s][debug][gc,phases      ] GC(19)     DerivedPointerTable Update: 0.0ms
[7.112s][debug][gc,phases      ] GC(19)     Free Collection Set: 0.1ms
[7.112s][debug][gc,phases      ] GC(19)     Rebuild Free List: 0.0ms
[7.112s][debug][gc,phases      ] GC(19)     Humongous Reclaim: 0.0ms
[7.112s][debug][gc,phases      ] GC(19)     Start New Collection Set: 0.0ms
[7.112s][debug][gc,phases      ] GC(19)     Resize TLABs: 0.0ms
[7.112s][debug][gc,phases      ] GC(19)     Expand Heap After Collection: 0.0ms
[7.112s][info ][gc,phases      ] GC(19)   Other: 0.3ms
[7.112s][info ][gc,heap        ] GC(19) Eden regions: 122->0(122)
[7.112s][info ][gc,heap        ] GC(19) Survivor regions: 1->1(16)
[7.112s][info ][gc,heap        ] GC(19) Old regions: 7->7
[7.112s][info ][gc,heap        ] GC(19) Archive regions: 2->2
[7.112s][info ][gc,heap        ] GC(19) Humongous regions: 0->0
[7.112s][info ][gc,metaspace   ] GC(19) Metaspace: 10461K(11136K)->10461K(11136K) NonClass: 9248K(9728K)->9248K(9728K) Class: 1213K(1408K)->1213K(1408K)
[7.112s][debug][gc,heap        ] GC(19) Heap after GC invocations=20 (full 1): garbage-first heap   total 210944K, used 4151K [0x0000000700000000, 0x0000000800000000)
[7.112s][debug][gc,heap        ] GC(19)   region size 1024K, 1 young (1024K), 1 survivors (1024K)
[7.112s][debug][gc,heap        ] GC(19)  Metaspace       used 10461K, capacity 10795K, committed 11136K, reserved 1058816K
[7.112s][debug][gc,heap        ] GC(19)   class space    used 1213K, capacity 1343K, committed 1408K, reserved 1048576K
[7.112s][info ][gc             ] GC(19) Pause Young (Normal) (G1 Evacuation Pause) 126M->4M(206M) 1.384ms
[7.112s][info ][gc,cpu         ] GC(19) User=0.00s Sys=0.00s Real=0.00s
[7.112s][info ][safepoint      ] Safepoint "G1CollectForAllocation", Time since last: 115292415 ns, Reaching safepoint: 141950 ns, At safepoint: 1538958 ns, Total: 1680908 ns
[7.224s][debug][gc,heap        ] GC(20) Heap before GC invocations=20 (full 1): garbage-first heap   total 210944K, used 129079K [0x0000000700000000, 0x0000000800000000)
[7.224s][debug][gc,heap        ] GC(20)   region size 1024K, 123 young (125952K), 1 survivors (1024K)
[7.224s][debug][gc,heap        ] GC(20)  Metaspace       used 10461K, capacity 10795K, committed 11136K, reserved 1058816K
[7.224s][debug][gc,heap        ] GC(20)   class space    used 1213K, capacity 1343K, committed 1408K, reserved 1048576K
[7.224s][info ][gc,start       ] GC(20) Pause Young (Normal) (G1 Evacuation Pause)
[7.224s][info ][gc,task        ] GC(20) Using 8 workers of 8 for evacuation
[7.224s][debug][gc,tlab        ] GC(20) TLAB totals: thrds: 8  refills: 612 max: 79 slow allocs: 0 max 0 waste:  1.3% gc: 1287560B max: 282920B slow: 353832B max: 45992B fast: 0B max: 0B
[7.224s][debug][gc,age         ] GC(20) Desired survivor size 8388608 bytes, new threshold 15 (max threshold 15)
[7.224s][debug][gc,alloc,region] GC(20) Mutator Allocation stats, regions: 122, wasted size: 0B ( 0.0%)
[7.224s][debug][gc,ergo        ] GC(20) Running G1 Merge Heap Roots using 8 workers for 123 regions
[7.225s][debug][gc,remset      ] GC(20) Visited cards 1280 Total dirty 8192 (15.62%) Total old 522240 (0.25%)
[7.225s][debug][gc,ergo        ] GC(20) Running G1 Clear Card Table Task using 1 workers for 1 units of work for 127 regions.
[7.225s][debug][gc,ref         ] GC(20) Skipped phase1 of Reference Processing due to unavailable references
[7.225s][debug][gc,ref         ] GC(20) Skipped phase2 of Reference Processing due to unavailable references
[7.225s][debug][gc,ref         ] GC(20) Skipped phase3 of Reference Processing due to unavailable references
[7.225s][debug][gc,ref         ] GC(20) Skipped phase4 of Reference Processing due to unavailable references
[7.225s][debug][gc,ergo        ] GC(20) Running G1 Free Collection Set using 8 workers for collection set length 123 (206)
[7.225s][debug][gc,ergo        ] GC(20) Running G1 Rebuild Free List Task using 8 workers for rebuilding free list of 0 (4096) regions
[7.225s][trace][gc,age         ] GC(20) Age table with threshold 15 (max threshold 15)
[7.225s][trace][gc,age         ] GC(20) - age   1:        544 bytes,        544 total
[7.225s][trace][gc,age         ] GC(20) - age   6:        416 bytes,        960 total
[7.225s][debug][gc,plab        ] GC(20) Young PLAB allocation: allocated: 14448B, wasted: 0B, unused: 13488B, used: 960B, undo waste: 0B, 
[7.225s][debug][gc,plab        ] GC(20) Young other allocation: region end waste: 0B, regions filled: 1, direct allocated: 0B, failure used: 0B, failure wasted: 0B
[7.225s][debug][gc,plab        ] GC(20) Young sizing: calculated: 192B, actual: 2064B
[7.225s][debug][gc,plab        ] GC(20) Old PLAB allocation: allocated: 0B, wasted: 0B, unused: 0B, used: 0B, undo waste: 0B, 
[7.225s][debug][gc,plab        ] GC(20) Old other allocation: region end waste: 0B, regions filled: 1, direct allocated: 0B, failure used: 0B, failure wasted: 0B
[7.225s][debug][gc,plab        ] GC(20) Old sizing: calculated: 0B, actual: 2064B
[7.225s][debug][gc,ihop        ] GC(20) Basic information (value update), threshold: 97202995B (45.00), target occupancy: 216006656B, current occupancy: 4251232B, recent allocation size: 0B, recent allocation duration: 112.83ms, recent old gen allocation rate: 0.00B/s, recent marking phase length: 0.00ms
[7.225s][debug][gc,ihop        ] GC(20) Adaptive IHOP information (value update), threshold: 97202995B (47.37), internal target occupancy: 205206323B, occupancy: 4251232B, additional buffer size: 128974848B, predicted old gen allocation rate: 71178.74B/s, predicted marking phase length: 0.00ms, prediction active: false
[7.225s][debug][gc,ergo,refine ] GC(20) Concurrent refinement times: Logged Cards Scan time goal: 20.00ms Logged Cards Scan time: 0.00ms HCC time: 0.00ms
[7.225s][debug][gc,ergo,refine ] GC(20) Updated Refinement Zones: green: 2048, yellow: 6144, red: 10240
[7.225s][info ][gc,phases      ] GC(20)   Pre Evacuate Collection Set: 0.1ms
[7.225s][debug][gc,phases      ] GC(20)     Prepare TLABs: 0.0ms
[7.225s][debug][gc,phases      ] GC(20)     Choose Collection Set: 0.0ms
[7.225s][debug][gc,phases      ] GC(20)     Region Register: 0.1ms
[7.225s][debug][gc,phases      ] GC(20)     Prepare Heap Roots: 0.0ms
[7.225s][info ][gc,phases      ] GC(20)   Merge Heap Roots: 0.1ms
[7.225s][debug][gc,phases      ] GC(20)     Prepare Merge Heap Roots: 0.0ms
[7.225s][debug][gc,phases      ] GC(20)     Eager Reclaim (ms):       skipped
[7.225s][debug][gc,phases      ] GC(20)     Remembered Sets (ms):     Min:  0.0, Avg:  0.0, Max:  0.0, Diff:  0.0, Sum:  0.0, Workers: 8
[7.225s][debug][gc,phases      ] GC(20)       Merged Sparse:            Min: 0, Avg:  0.0, Max: 0, Diff: 0, Sum: 0, Workers: 8
[7.225s][debug][gc,phases      ] GC(20)       Merged Fine:              Min: 0, Avg:  0.0, Max: 0, Diff: 0, Sum: 0, Workers: 8
[7.225s][debug][gc,phases      ] GC(20)       Merged Coarse:            Min: 0, Avg:  0.0, Max: 0, Diff: 0, Sum: 0, Workers: 8
[7.225s][debug][gc,phases      ] GC(20)       Dirty Cards:              Min: 0, Avg:  0.0, Max: 0, Diff: 0, Sum: 0, Workers: 8
[7.225s][debug][gc,phases      ] GC(20)     Hot Card Cache (ms):      Min:  0.0, Avg:  0.0, Max:  0.0, Diff:  0.0, Sum:  0.0, Workers: 8
[7.225s][debug][gc,phases      ] GC(20)       Dirty Cards:              Min: 0, Avg:  0.0, Max: 0, Diff: 0, Sum: 0, Workers: 8
[7.225s][debug][gc,phases      ] GC(20)       Skipped Cards:            Min: 0, Avg:  0.0, Max: 0, Diff: 0, Sum: 0, Workers: 8
[7.225s][debug][gc,phases      ] GC(20)     Log Buffers (ms):         Min:  0.0, Avg:  0.0, Max:  0.0, Diff:  0.0, Sum:  0.0, Workers: 8
[7.225s][debug][gc,phases      ] GC(20)       Dirty Cards:              Min: 0, Avg:  1.2, Max: 8, Diff: 8, Sum: 10, Workers: 8
[7.225s][debug][gc,phases      ] GC(20)       Skipped Cards:            Min: 0, Avg:  0.0, Max: 0, Diff: 0, Sum: 0, Workers: 8
[7.225s][info ][gc,phases      ] GC(20)   Evacuate Collection Set: 0.2ms
[7.225s][debug][gc,phases      ] GC(20)     Ext Root Scanning (ms):   Min:  0.0, Avg:  0.0, Max:  0.1, Diff:  0.1, Sum:  0.3, Workers: 8
[7.225s][debug][gc,phases      ] GC(20)     Scan Heap Roots (ms):     Min:  0.0, Avg:  0.0, Max:  0.0, Diff:  0.0, Sum:  0.0, Workers: 8
[7.225s][debug][gc,phases      ] GC(20)       Scanned Cards:            Min: 0, Avg:  0.9, Max: 2, Diff: 2, Sum: 7, Workers: 8
[7.225s][debug][gc,phases      ] GC(20)       Scanned Blocks:           Min: 0, Avg:  0.8, Max: 2, Diff: 2, Sum: 6, Workers: 8
[7.225s][debug][gc,phases      ] GC(20)       Claimed Chunks:           Min: 0, Avg:  0.6, Max: 1, Diff: 1, Sum: 5, Workers: 8
[7.225s][debug][gc,phases      ] GC(20)     Code Root Scan (ms):      Min:  0.0, Avg:  0.0, Max:  0.0, Diff:  0.0, Sum:  0.0, Workers: 8
[7.225s][debug][gc,phases      ] GC(20)     Object Copy (ms):         Min:  0.0, Avg:  0.0, Max:  0.0, Diff:  0.0, Sum:  0.0, Workers: 8
[7.225s][debug][gc,phases      ] GC(20)     Termination (ms):         Min:  0.0, Avg:  0.0, Max:  0.0, Diff:  0.0, Sum:  0.3, Workers: 8
[7.225s][debug][gc,phases      ] GC(20)       Termination Attempts:     Min: 1, Avg:  1.0, Max: 1, Diff: 0, Sum: 8, Workers: 8
[7.225s][debug][gc,phases      ] GC(20)     GC Worker Other (ms):     Min:  0.0, Avg:  0.0, Max:  0.0, Diff:  0.0, Sum:  0.1, Workers: 8
[7.225s][debug][gc,phases      ] GC(20)     GC Worker Total (ms):     Min:  0.1, Avg:  0.1, Max:  0.1, Diff:  0.1, Sum:  0.7, Workers: 8
[7.225s][info ][gc,phases      ] GC(20)   Post Evacuate Collection Set: 0.3ms
[7.225s][debug][gc,phases      ] GC(20)     Code Roots Fixup: 0.0ms
[7.225s][debug][gc,phases      ] GC(20)     Clear Card Table: 0.0ms
[7.225s][debug][gc,phases      ] GC(20)     Reference Processing: 0.0ms
[7.225s][debug][gc,phases,ref  ] GC(20)       Reconsider SoftReferences: 0.0ms
[7.225s][debug][gc,phases,ref  ] GC(20)         SoftRef (ms):             skipped
[7.225s][debug][gc,phases,ref  ] GC(20)       Notify Soft/WeakReferences: 0.0ms
[7.225s][debug][gc,phases,ref  ] GC(20)         SoftRef (ms):             skipped
[7.225s][debug][gc,phases,ref  ] GC(20)         WeakRef (ms):             skipped
[7.225s][debug][gc,phases,ref  ] GC(20)         FinalRef (ms):            skipped
[7.225s][debug][gc,phases,ref  ] GC(20)         Total (ms):               skipped
[7.225s][debug][gc,phases,ref  ] GC(20)       Notify and keep alive finalizable: 0.0ms
[7.225s][debug][gc,phases,ref  ] GC(20)         FinalRef (ms):            skipped
[7.225s][debug][gc,phases,ref  ] GC(20)       Notify PhantomReferences: 0.0ms
[7.225s][debug][gc,phases,ref  ] GC(20)         PhantomRef (ms):          skipped
[7.225s][debug][gc,phases,ref  ] GC(20)       SoftReference:
[7.225s][debug][gc,phases,ref  ] GC(20)         Discovered: 0
[7.225s][debug][gc,phases,ref  ] GC(20)         Cleared: 0
[7.225s][debug][gc,phases,ref  ] GC(20)       WeakReference:
[7.225s][debug][gc,phases,ref  ] GC(20)         Discovered: 0
[7.225s][debug][gc,phases,ref  ] GC(20)         Cleared: 0
[7.225s][debug][gc,phases,ref  ] GC(20)       FinalReference:
[7.225s][debug][gc,phases,ref  ] GC(20)         Discovered: 0
[7.225s][debug][gc,phases,ref  ] GC(20)         Cleared: 0
[7.225s][debug][gc,phases,ref  ] GC(20)       PhantomReference:
[7.225s][debug][gc,phases,ref  ] GC(20)         Discovered: 0
[7.225s][debug][gc,phases,ref  ] GC(20)         Cleared: 0
[7.225s][debug][gc,phases      ] GC(20)     Weak Processing: 0.1ms
[7.225s][debug][gc,phases      ] GC(20)       JVMTI weak processing: 0.0ms
[7.225s][debug][gc,phases      ] GC(20)         Dead: 0
[7.225s][debug][gc,phases      ] GC(20)         Total: 0
[7.225s][debug][gc,phases      ] GC(20)       JFR weak processing: 0.0ms
[7.225s][debug][gc,phases      ] GC(20)         Dead: 0
[7.225s][debug][gc,phases      ] GC(20)         Total: 0
[7.225s][debug][gc,phases      ] GC(20)       JNI weak                  Min:  0.0, Avg:  0.0, Max:  0.0, Diff:  0.0, Sum:  0.0, Workers: 5
[7.225s][debug][gc,phases      ] GC(20)         Dead                      Min: 0, Avg:  0.0, Max: 0, Diff: 0, Sum: 0, Workers: 5
[7.225s][debug][gc,phases      ] GC(20)         Total                     Min: 0, Avg: 10.8, Max: 54, Diff: 54, Sum: 54, Workers: 5
[7.225s][debug][gc,phases      ] GC(20)       VM weak                   Min:  0.0, Avg:  0.0, Max:  0.0, Diff:  0.0, Sum:  0.0, Workers: 5
[7.225s][debug][gc,phases      ] GC(20)         Dead                      Min: 0, Avg:  0.0, Max: 0, Diff: 0, Sum: 0, Workers: 5
[7.226s][debug][gc,phases      ] GC(20)         Total                     Min: 0, Avg: 44.8, Max: 224, Diff: 224, Sum: 224, Workers: 5
[7.226s][debug][gc,phases      ] GC(20)       StringTable weak          Min:  0.0, Avg:  0.0, Max:  0.0, Diff:  0.0, Sum:  0.0, Workers: 5
[7.226s][debug][gc,phases      ] GC(20)         Dead                      Min: 0, Avg:  0.0, Max: 0, Diff: 0, Sum: 0, Workers: 5
[7.226s][debug][gc,phases      ] GC(20)         Total                     Min: 0, Avg: 722.4, Max: 1564, Diff: 1564, Sum: 3612, Workers: 5
[7.226s][debug][gc,phases      ] GC(20)       ResolvedMethodTable weak  Min:  0.0, Avg:  0.0, Max:  0.0, Diff:  0.0, Sum:  0.0, Workers: 5
[7.226s][debug][gc,phases      ] GC(20)         Dead                      Min: 0, Avg:  0.0, Max: 0, Diff: 0, Sum: 0, Workers: 5
[7.226s][debug][gc,phases      ] GC(20)         Total                     Min: 0, Avg: 117.8, Max: 256, Diff: 256, Sum: 589, Workers: 5
[7.226s][debug][gc,phases      ] GC(20)     Merge Per-Thread State: 0.0ms
[7.226s][debug][gc,phases      ] GC(20)       Copied Bytes              Min: 0, Avg: 120.0, Max: 288, Diff: 288, Sum: 960, Workers: 8
[7.226s][debug][gc,phases      ] GC(20)       LAB Waste                 Min: 0, Avg:  0.0, Max: 0, Diff: 0, Sum: 0, Workers: 8
[7.226s][debug][gc,phases      ] GC(20)       LAB Undo Waste            Min: 0, Avg:  0.0, Max: 0, Diff: 0, Sum: 0, Workers: 8
[7.226s][debug][gc,phases      ] GC(20)     Code Roots Purge: 0.0ms
[7.226s][debug][gc,phases      ] GC(20)     Redirty Cards: 0.0ms
[7.226s][debug][gc,phases      ] GC(20)     DerivedPointerTable Update: 0.0ms
[7.226s][debug][gc,phases      ] GC(20)     Free Collection Set: 0.1ms
[7.226s][debug][gc,phases      ] GC(20)     Rebuild Free List: 0.0ms
[7.226s][debug][gc,phases      ] GC(20)     Humongous Reclaim: 0.0ms
[7.226s][debug][gc,phases      ] GC(20)     Start New Collection Set: 0.0ms
[7.226s][debug][gc,phases      ] GC(20)     Resize TLABs: 0.0ms
[7.226s][debug][gc,phases      ] GC(20)     Expand Heap After Collection: 0.0ms
[7.226s][info ][gc,phases      ] GC(20)   Other: 0.3ms
[7.226s][info ][gc,heap        ] GC(20) Eden regions: 122->0(122)
[7.226s][info ][gc,heap        ] GC(20) Survivor regions: 1->1(16)
[7.226s][info ][gc,heap        ] GC(20) Old regions: 7->7
[7.226s][info ][gc,heap        ] GC(20) Archive regions: 2->2
[7.226s][info ][gc,heap        ] GC(20) Humongous regions: 0->0
[7.226s][info ][gc,metaspace   ] GC(20) Metaspace: 10461K(11136K)->10461K(11136K) NonClass: 9248K(9728K)->9248K(9728K) Class: 1213K(1408K)->1213K(1408K)
[7.226s][debug][gc,heap        ] GC(20) Heap after GC invocations=21 (full 1): garbage-first heap   total 210944K, used 4151K [0x0000000700000000, 0x0000000800000000)
[7.226s][debug][gc,heap        ] GC(20)   region size 1024K, 1 young (1024K), 1 survivors (1024K)
[7.226s][debug][gc,heap        ] GC(20)  Metaspace       used 10461K, capacity 10795K, committed 11136K, reserved 1058816K
[7.226s][debug][gc,heap        ] GC(20)   class space    used 1213K, capacity 1343K, committed 1408K, reserved 1048576K
[7.226s][info ][gc             ] GC(20) Pause Young (Normal) (G1 Evacuation Pause) 126M->4M(206M) 1.408ms
[7.226s][info ][gc,cpu         ] GC(20) User=0.00s Sys=0.00s Real=0.00s
[7.226s][info ][safepoint      ] Safepoint "G1CollectForAllocation", Time since last: 111860358 ns, Reaching safepoint: 144340 ns, At safepoint: 1574870 ns, Total: 1719210 ns
[7.339s][debug][gc,heap        ] GC(21) Heap before GC invocations=21 (full 1): garbage-first heap   total 210944K, used 129079K [0x0000000700000000, 0x0000000800000000)
[7.339s][debug][gc,heap        ] GC(21)   region size 1024K, 123 young (125952K), 1 survivors (1024K)
[7.339s][debug][gc,heap        ] GC(21)  Metaspace       used 10461K, capacity 10795K, committed 11136K, reserved 1058816K
[7.339s][debug][gc,heap        ] GC(21)   class space    used 1213K, capacity 1343K, committed 1408K, reserved 1048576K
[7.339s][info ][gc,start       ] GC(21) Pause Young (Normal) (G1 Evacuation Pause)
[7.339s][info ][gc,task        ] GC(21) Using 8 workers of 8 for evacuation
[7.339s][debug][gc,tlab        ] GC(21) TLAB totals: thrds: 8  refills: 612 max: 81 slow allocs: 0 max 0 waste:  1.2% gc: 1198504B max: 252216B slow: 354360B max: 47160B fast: 0B max: 0B
[7.339s][debug][gc,age         ] GC(21) Desired survivor size 8388608 bytes, new threshold 15 (max threshold 15)
[7.339s][debug][gc,alloc,region] GC(21) Mutator Allocation stats, regions: 122, wasted size: 0B ( 0.0%)
[7.339s][debug][gc,ergo        ] GC(21) Running G1 Merge Heap Roots using 8 workers for 123 regions
[7.340s][debug][gc,remset      ] GC(21) Visited cards 1280 Total dirty 8192 (15.62%) Total old 522240 (0.25%)
[7.340s][debug][gc,ergo        ] GC(21) Running G1 Clear Card Table Task using 1 workers for 1 units of work for 127 regions.
[7.340s][debug][gc,ref         ] GC(21) Skipped phase1 of Reference Processing due to unavailable references
[7.340s][debug][gc,ref         ] GC(21) Skipped phase2 of Reference Processing due to unavailable references
[7.340s][debug][gc,ref         ] GC(21) Skipped phase3 of Reference Processing due to unavailable references
[7.340s][debug][gc,ref         ] GC(21) Skipped phase4 of Reference Processing due to unavailable references
[7.340s][debug][gc,ergo        ] GC(21) Running G1 Free Collection Set using 8 workers for collection set length 123 (206)
[7.340s][debug][gc,ergo        ] GC(21) Running G1 Rebuild Free List Task using 8 workers for rebuilding free list of 0 (4096) regions
[7.340s][trace][gc,age         ] GC(21) Age table with threshold 15 (max threshold 15)
[7.340s][trace][gc,age         ] GC(21) - age   1:        496 bytes,        496 total
[7.340s][trace][gc,age         ] GC(21) - age   7:        416 bytes,        912 total
[7.340s][debug][gc,plab        ] GC(21) Young PLAB allocation: allocated: 14448B, wasted: 0B, unused: 13536B, used: 912B, undo waste: 0B, 
[7.340s][debug][gc,plab        ] GC(21) Young other allocation: region end waste: 0B, regions filled: 1, direct allocated: 0B, failure used: 0B, failure wasted: 0B
[7.340s][debug][gc,plab        ] GC(21) Young sizing: calculated: 176B, actual: 2064B
[7.340s][debug][gc,plab        ] GC(21) Old PLAB allocation: allocated: 0B, wasted: 0B, unused: 0B, used: 0B, undo waste: 0B, 
[7.340s][debug][gc,plab        ] GC(21) Old other allocation: region end waste: 0B, regions filled: 1, direct allocated: 0B, failure used: 0B, failure wasted: 0B
[7.340s][debug][gc,plab        ] GC(21) Old sizing: calculated: 0B, actual: 2064B
[7.340s][debug][gc,ihop        ] GC(21) Basic information (value update), threshold: 97202995B (45.00), target occupancy: 216006656B, current occupancy: 4251232B, recent allocation size: 0B, recent allocation duration: 114.30ms, recent old gen allocation rate: 0.00B/s, recent marking phase length: 0.00ms
[7.340s][debug][gc,ihop        ] GC(21) Adaptive IHOP information (value update), threshold: 97202995B (47.37), internal target occupancy: 205206323B, occupancy: 4251232B, additional buffer size: 128974848B, predicted old gen allocation rate: 68819.84B/s, predicted marking phase length: 0.00ms, prediction active: false
[7.340s][debug][gc,ergo,refine ] GC(21) Concurrent refinement times: Logged Cards Scan time goal: 20.00ms Logged Cards Scan time: 0.00ms HCC time: 0.00ms
[7.340s][debug][gc,ergo,refine ] GC(21) Updated Refinement Zones: green: 2048, yellow: 6144, red: 10240
[7.340s][info ][gc,phases      ] GC(21)   Pre Evacuate Collection Set: 0.1ms
[7.340s][debug][gc,phases      ] GC(21)     Prepare TLABs: 0.0ms
[7.340s][debug][gc,phases      ] GC(21)     Choose Collection Set: 0.0ms
[7.340s][debug][gc,phases      ] GC(21)     Region Register: 0.1ms
[7.340s][debug][gc,phases      ] GC(21)     Prepare Heap Roots: 0.0ms
[7.340s][info ][gc,phases      ] GC(21)   Merge Heap Roots: 0.1ms
[7.340s][debug][gc,phases      ] GC(21)     Prepare Merge Heap Roots: 0.0ms
[7.340s][debug][gc,phases      ] GC(21)     Eager Reclaim (ms):       skipped
[7.340s][debug][gc,phases      ] GC(21)     Remembered Sets (ms):     Min:  0.0, Avg:  0.0, Max:  0.0, Diff:  0.0, Sum:  0.0, Workers: 8
[7.340s][debug][gc,phases      ] GC(21)       Merged Sparse:            Min: 0, Avg:  0.0, Max: 0, Diff: 0, Sum: 0, Workers: 8
[7.340s][debug][gc,phases      ] GC(21)       Merged Fine:              Min: 0, Avg:  0.0, Max: 0, Diff: 0, Sum: 0, Workers: 8
[7.340s][debug][gc,phases      ] GC(21)       Merged Coarse:            Min: 0, Avg:  0.0, Max: 0, Diff: 0, Sum: 0, Workers: 8
[7.340s][debug][gc,phases      ] GC(21)       Dirty Cards:              Min: 0, Avg:  0.0, Max: 0, Diff: 0, Sum: 0, Workers: 8
[7.340s][debug][gc,phases      ] GC(21)     Hot Card Cache (ms):      Min:  0.0, Avg:  0.0, Max:  0.0, Diff:  0.0, Sum:  0.0, Workers: 8
[7.340s][debug][gc,phases      ] GC(21)       Dirty Cards:              Min: 0, Avg:  0.0, Max: 0, Diff: 0, Sum: 0, Workers: 8
[7.340s][debug][gc,phases      ] GC(21)       Skipped Cards:            Min: 0, Avg:  0.0, Max: 0, Diff: 0, Sum: 0, Workers: 8
[7.340s][debug][gc,phases      ] GC(21)     Log Buffers (ms):         Min:  0.0, Avg:  0.0, Max:  0.0, Diff:  0.0, Sum:  0.0, Workers: 8
[7.340s][debug][gc,phases      ] GC(21)       Dirty Cards:              Min: 0, Avg:  1.2, Max: 3, Diff: 3, Sum: 10, Workers: 8
[7.340s][debug][gc,phases      ] GC(21)       Skipped Cards:            Min: 0, Avg:  0.0, Max: 0, Diff: 0, Sum: 0, Workers: 8
[7.340s][info ][gc,phases      ] GC(21)   Evacuate Collection Set: 0.2ms
[7.340s][debug][gc,phases      ] GC(21)     Ext Root Scanning (ms):   Min:  0.0, Avg:  0.0, Max:  0.1, Diff:  0.1, Sum:  0.3, Workers: 8
[7.340s][debug][gc,phases      ] GC(21)     Scan Heap Roots (ms):     Min:  0.0, Avg:  0.0, Max:  0.0, Diff:  0.0, Sum:  0.0, Workers: 8
[7.340s][debug][gc,phases      ] GC(21)       Scanned Cards:            Min: 0, Avg:  0.9, Max: 2, Diff: 2, Sum: 7, Workers: 8
[7.340s][debug][gc,phases      ] GC(21)       Scanned Blocks:           Min: 0, Avg:  0.8, Max: 2, Diff: 2, Sum: 6, Workers: 8
[7.340s][debug][gc,phases      ] GC(21)       Claimed Chunks:           Min: 0, Avg:  0.6, Max: 1, Diff: 1, Sum: 5, Workers: 8
[7.340s][debug][gc,phases      ] GC(21)     Code Root Scan (ms):      Min:  0.0, Avg:  0.0, Max:  0.0, Diff:  0.0, Sum:  0.0, Workers: 8
[7.340s][debug][gc,phases      ] GC(21)     Object Copy (ms):         Min:  0.0, Avg:  0.0, Max:  0.0, Diff:  0.0, Sum:  0.0, Workers: 8
[7.340s][debug][gc,phases      ] GC(21)     Termination (ms):         Min:  0.1, Avg:  0.1, Max:  0.1, Diff:  0.0, Sum:  0.5, Workers: 8
[7.340s][debug][gc,phases      ] GC(21)       Termination Attempts:     Min: 1, Avg:  1.0, Max: 1, Diff: 0, Sum: 8, Workers: 8
[7.340s][debug][gc,phases      ] GC(21)     GC Worker Other (ms):     Min:  0.0, Avg:  0.0, Max:  0.1, Diff:  0.1, Sum:  0.1, Workers: 8
[7.340s][debug][gc,phases      ] GC(21)     GC Worker Total (ms):     Min:  0.1, Avg:  0.1, Max:  0.2, Diff:  0.1, Sum:  1.0, Workers: 8
[7.340s][info ][gc,phases      ] GC(21)   Post Evacuate Collection Set: 0.4ms
[7.340s][debug][gc,phases      ] GC(21)     Code Roots Fixup: 0.0ms
[7.340s][debug][gc,phases      ] GC(21)     Clear Card Table: 0.0ms
[7.340s][debug][gc,phases      ] GC(21)     Reference Processing: 0.0ms
[7.340s][debug][gc,phases,ref  ] GC(21)       Reconsider SoftReferences: 0.0ms
[7.340s][debug][gc,phases,ref  ] GC(21)         SoftRef (ms):             skipped
[7.341s][debug][gc,phases,ref  ] GC(21)       Notify Soft/WeakReferences: 0.0ms
[7.341s][debug][gc,phases,ref  ] GC(21)         SoftRef (ms):             skipped
[7.341s][debug][gc,phases,ref  ] GC(21)         WeakRef (ms):             skipped
[7.341s][debug][gc,phases,ref  ] GC(21)         FinalRef (ms):            skipped
[7.341s][debug][gc,phases,ref  ] GC(21)         Total (ms):               skipped
[7.341s][debug][gc,phases,ref  ] GC(21)       Notify and keep alive finalizable: 0.0ms
[7.341s][debug][gc,phases,ref  ] GC(21)         FinalRef (ms):            skipped
[7.341s][debug][gc,phases,ref  ] GC(21)       Notify PhantomReferences: 0.0ms
[7.341s][debug][gc,phases,ref  ] GC(21)         PhantomRef (ms):          skipped
[7.341s][debug][gc,phases,ref  ] GC(21)       SoftReference:
[7.341s][debug][gc,phases,ref  ] GC(21)         Discovered: 0
[7.341s][debug][gc,phases,ref  ] GC(21)         Cleared: 0
[7.341s][debug][gc,phases,ref  ] GC(21)       WeakReference:
[7.341s][debug][gc,phases,ref  ] GC(21)         Discovered: 0
[7.341s][debug][gc,phases,ref  ] GC(21)         Cleared: 0
[7.341s][debug][gc,phases,ref  ] GC(21)       FinalReference:
[7.341s][debug][gc,phases,ref  ] GC(21)         Discovered: 0
[7.341s][debug][gc,phases,ref  ] GC(21)         Cleared: 0
[7.341s][debug][gc,phases,ref  ] GC(21)       PhantomReference:
[7.341s][debug][gc,phases,ref  ] GC(21)         Discovered: 0
[7.341s][debug][gc,phases,ref  ] GC(21)         Cleared: 0
[7.341s][debug][gc,phases      ] GC(21)     Weak Processing: 0.1ms
[7.341s][debug][gc,phases      ] GC(21)       JVMTI weak processing: 0.0ms
[7.341s][debug][gc,phases      ] GC(21)         Dead: 0
[7.341s][debug][gc,phases      ] GC(21)         Total: 0
[7.341s][debug][gc,phases      ] GC(21)       JFR weak processing: 0.0ms
[7.341s][debug][gc,phases      ] GC(21)         Dead: 0
[7.341s][debug][gc,phases      ] GC(21)         Total: 0
[7.341s][debug][gc,phases      ] GC(21)       JNI weak                  Min:  0.0, Avg:  0.0, Max:  0.0, Diff:  0.0, Sum:  0.0, Workers: 5
[7.341s][debug][gc,phases      ] GC(21)         Dead                      Min: 0, Avg:  0.0, Max: 0, Diff: 0, Sum: 0, Workers: 5
[7.341s][debug][gc,phases      ] GC(21)         Total                     Min: 0, Avg: 10.8, Max: 52, Diff: 52, Sum: 54, Workers: 5
[7.341s][debug][gc,phases      ] GC(21)       VM weak                   Min:  0.0, Avg:  0.0, Max:  0.0, Diff:  0.0, Sum:  0.0, Workers: 5
[7.341s][debug][gc,phases      ] GC(21)         Dead                      Min: 0, Avg:  0.0, Max: 0, Diff: 0, Sum: 0, Workers: 5
[7.341s][debug][gc,phases      ] GC(21)         Total                     Min: 0, Avg: 44.8, Max: 64, Diff: 64, Sum: 224, Workers: 5
[7.341s][debug][gc,phases      ] GC(21)       StringTable weak          Min:  0.0, Avg:  0.0, Max:  0.0, Diff:  0.0, Sum:  0.1, Workers: 5
[7.341s][debug][gc,phases      ] GC(21)         Dead                      Min: 0, Avg:  0.0, Max: 0, Diff: 0, Sum: 0, Workers: 5
[7.341s][debug][gc,phases      ] GC(21)         Total                     Min: 0, Avg: 722.4, Max: 924, Diff: 924, Sum: 3612, Workers: 5
[7.341s][debug][gc,phases      ] GC(21)       ResolvedMethodTable weak  Min:  0.0, Avg:  0.0, Max:  0.0, Diff:  0.0, Sum:  0.0, Workers: 5
[7.341s][debug][gc,phases      ] GC(21)         Dead                      Min: 0, Avg:  0.0, Max: 0, Diff: 0, Sum: 0, Workers: 5
[7.341s][debug][gc,phases      ] GC(21)         Total                     Min: 0, Avg: 117.8, Max: 192, Diff: 192, Sum: 589, Workers: 5
[7.341s][debug][gc,phases      ] GC(21)     Merge Per-Thread State: 0.0ms
[7.341s][debug][gc,phases      ] GC(21)       Copied Bytes              Min: 0, Avg: 114.0, Max: 272, Diff: 272, Sum: 912, Workers: 8
[7.341s][debug][gc,phases      ] GC(21)       LAB Waste                 Min: 0, Avg:  0.0, Max: 0, Diff: 0, Sum: 0, Workers: 8
[7.341s][debug][gc,phases      ] GC(21)       LAB Undo Waste            Min: 0, Avg:  0.0, Max: 0, Diff: 0, Sum: 0, Workers: 8
[7.341s][debug][gc,phases      ] GC(21)     Code Roots Purge: 0.0ms
[7.341s][debug][gc,phases      ] GC(21)     Redirty Cards: 0.0ms
[7.341s][debug][gc,phases      ] GC(21)     DerivedPointerTable Update: 0.0ms
[7.341s][debug][gc,phases      ] GC(21)     Free Collection Set: 0.1ms
[7.341s][debug][gc,phases      ] GC(21)     Rebuild Free List: 0.0ms
[7.341s][debug][gc,phases      ] GC(21)     Humongous Reclaim: 0.0ms
[7.341s][debug][gc,phases      ] GC(21)     Start New Collection Set: 0.0ms
[7.341s][debug][gc,phases      ] GC(21)     Resize TLABs: 0.0ms
[7.341s][debug][gc,phases      ] GC(21)     Expand Heap After Collection: 0.0ms
[7.341s][info ][gc,phases      ] GC(21)   Other: 0.3ms
[7.341s][info ][gc,heap        ] GC(21) Eden regions: 122->0(122)
[7.341s][info ][gc,heap        ] GC(21) Survivor regions: 1->1(16)
[7.341s][info ][gc,heap        ] GC(21) Old regions: 7->7
[7.341s][info ][gc,heap        ] GC(21) Archive regions: 2->2
[7.341s][info ][gc,heap        ] GC(21) Humongous regions: 0->0
[7.341s][info ][gc,metaspace   ] GC(21) Metaspace: 10461K(11136K)->10461K(11136K) NonClass: 9248K(9728K)->9248K(9728K) Class: 1213K(1408K)->1213K(1408K)
[7.341s][debug][gc,heap        ] GC(21) Heap after GC invocations=22 (full 1): garbage-first heap   total 210944K, used 4151K [0x0000000700000000, 0x0000000800000000)
[7.341s][debug][gc,heap        ] GC(21)   region size 1024K, 1 young (1024K), 1 survivors (1024K)
[7.341s][debug][gc,heap        ] GC(21)  Metaspace       used 10461K, capacity 10795K, committed 11136K, reserved 1058816K
[7.341s][debug][gc,heap        ] GC(21)   class space    used 1213K, capacity 1343K, committed 1408K, reserved 1048576K
[7.341s][info ][gc             ] GC(21) Pause Young (Normal) (G1 Evacuation Pause) 126M->4M(206M) 1.536ms
[7.341s][info ][gc,cpu         ] GC(21) User=0.00s Sys=0.00s Real=0.00s
[7.341s][info ][safepoint      ] Safepoint "G1CollectForAllocation", Time since last: 113064884 ns, Reaching safepoint: 387763 ns, At safepoint: 1726748 ns, Total: 2114511 ns
[7.456s][debug][gc,heap        ] GC(22) Heap before GC invocations=22 (full 1): garbage-first heap   total 210944K, used 129079K [0x0000000700000000, 0x0000000800000000)
[7.456s][debug][gc,heap        ] GC(22)   region size 1024K, 123 young (125952K), 1 survivors (1024K)
[7.456s][debug][gc,heap        ] GC(22)  Metaspace       used 10461K, capacity 10795K, committed 11136K, reserved 1058816K
[7.456s][debug][gc,heap        ] GC(22)   class space    used 1213K, capacity 1343K, committed 1408K, reserved 1048576K
[7.456s][info ][gc,start       ] GC(22) Pause Young (Normal) (G1 Evacuation Pause)
[7.456s][info ][gc,task        ] GC(22) Using 8 workers of 8 for evacuation
[7.456s][debug][gc,tlab        ] GC(22) TLAB totals: thrds: 8  refills: 612 max: 82 slow allocs: 0 max 0 waste:  1.0% gc: 957288B max: 261904B slow: 353024B max: 47552B fast: 0B max: 0B
[7.456s][debug][gc,age         ] GC(22) Desired survivor size 8388608 bytes, new threshold 15 (max threshold 15)
[7.456s][debug][gc,alloc,region] GC(22) Mutator Allocation stats, regions: 122, wasted size: 0B ( 0.0%)
[7.456s][debug][gc,ergo        ] GC(22) Running G1 Merge Heap Roots using 8 workers for 123 regions
[7.456s][debug][gc,remset      ] GC(22) Visited cards 1280 Total dirty 8192 (15.62%) Total old 522240 (0.25%)
[7.456s][debug][gc,ergo        ] GC(22) Running G1 Clear Card Table Task using 1 workers for 1 units of work for 127 regions.
[7.456s][debug][gc,ref         ] GC(22) Skipped phase1 of Reference Processing due to unavailable references
[7.456s][debug][gc,ref         ] GC(22) Skipped phase2 of Reference Processing due to unavailable references
[7.456s][debug][gc,ref         ] GC(22) Skipped phase3 of Reference Processing due to unavailable references
[7.456s][debug][gc,ref         ] GC(22) Skipped phase4 of Reference Processing due to unavailable references
[7.456s][debug][gc,ergo        ] GC(22) Running G1 Free Collection Set using 8 workers for collection set length 123 (206)
[7.456s][debug][gc,ergo        ] GC(22) Running G1 Rebuild Free List Task using 8 workers for rebuilding free list of 0 (4096) regions
[7.456s][trace][gc,age         ] GC(22) Age table with threshold 15 (max threshold 15)
[7.456s][trace][gc,age         ] GC(22) - age   1:        472 bytes,        472 total
[7.456s][trace][gc,age         ] GC(22) - age   8:        416 bytes,        888 total
[7.456s][debug][gc,plab        ] GC(22) Young PLAB allocation: allocated: 14448B, wasted: 0B, unused: 13560B, used: 888B, undo waste: 0B, 
[7.456s][debug][gc,plab        ] GC(22) Young other allocation: region end waste: 0B, regions filled: 1, direct allocated: 0B, failure used: 0B, failure wasted: 0B
[7.456s][debug][gc,plab        ] GC(22) Young sizing: calculated: 176B, actual: 2064B
[7.456s][debug][gc,plab        ] GC(22) Old PLAB allocation: allocated: 0B, wasted: 0B, unused: 0B, used: 0B, undo waste: 0B, 
[7.456s][debug][gc,plab        ] GC(22) Old other allocation: region end waste: 0B, regions filled: 1, direct allocated: 0B, failure used: 0B, failure wasted: 0B
[7.456s][debug][gc,plab        ] GC(22) Old sizing: calculated: 0B, actual: 2064B
[7.456s][debug][gc,ergo,heap   ] GC(22) Attempt heap expansion (recent GC overhead higher than threshold after GC) recent GC overhead: 1.47 % threshold: 1.00 % uncommitted: 4078960640B base expansion amount and scale: 216006656B (20.00%)
[7.456s][debug][gc,ergo,heap   ] GC(22) Expand the heap. requested expansion amount: 43201331B expansion amount: 44040192B
[7.457s][debug][gc,ihop        ] GC(22) Target occupancy update: old: 216006656B, new: 260046848B
[7.457s][debug][gc,ihop        ] GC(22) Basic information (value update), threshold: 117021081B (45.00), target occupancy: 260046848B, current occupancy: 4251232B, recent allocation size: 0B, recent allocation duration: 115.50ms, recent old gen allocation rate: 0.00B/s, recent marking phase length: 0.00ms
[7.457s][debug][gc,ihop        ] GC(22) Adaptive IHOP information (value update), threshold: 117021081B (47.37), internal target occupancy: 247044505B, occupancy: 4251232B, additional buffer size: 155189248B, predicted old gen allocation rate: 66546.25B/s, predicted marking phase length: 0.00ms, prediction active: false
[7.457s][debug][gc,ergo,refine ] GC(22) Concurrent refinement times: Logged Cards Scan time goal: 20.00ms Logged Cards Scan time: 0.00ms HCC time: 0.00ms
[7.457s][debug][gc,ergo,refine ] GC(22) Updated Refinement Zones: green: 2048, yellow: 6144, red: 10240
[7.457s][info ][gc,phases      ] GC(22)   Pre Evacuate Collection Set: 0.1ms
[7.457s][debug][gc,phases      ] GC(22)     Prepare TLABs: 0.0ms
[7.457s][debug][gc,phases      ] GC(22)     Choose Collection Set: 0.0ms
[7.457s][debug][gc,phases      ] GC(22)     Region Register: 0.1ms
[7.457s][debug][gc,phases      ] GC(22)     Prepare Heap Roots: 0.0ms
[7.457s][info ][gc,phases      ] GC(22)   Merge Heap Roots: 0.1ms
[7.457s][debug][gc,phases      ] GC(22)     Prepare Merge Heap Roots: 0.0ms
[7.457s][debug][gc,phases      ] GC(22)     Eager Reclaim (ms):       skipped
[7.457s][debug][gc,phases      ] GC(22)     Remembered Sets (ms):     Min:  0.0, Avg:  0.0, Max:  0.0, Diff:  0.0, Sum:  0.0, Workers: 8
[7.457s][debug][gc,phases      ] GC(22)       Merged Sparse:            Min: 0, Avg:  0.0, Max: 0, Diff: 0, Sum: 0, Workers: 8
[7.457s][debug][gc,phases      ] GC(22)       Merged Fine:              Min: 0, Avg:  0.0, Max: 0, Diff: 0, Sum: 0, Workers: 8
[7.457s][debug][gc,phases      ] GC(22)       Merged Coarse:            Min: 0, Avg:  0.0, Max: 0, Diff: 0, Sum: 0, Workers: 8
[7.457s][debug][gc,phases      ] GC(22)       Dirty Cards:              Min: 0, Avg:  0.0, Max: 0, Diff: 0, Sum: 0, Workers: 8
[7.457s][debug][gc,phases      ] GC(22)     Hot Card Cache (ms):      Min:  0.0, Avg:  0.0, Max:  0.0, Diff:  0.0, Sum:  0.0, Workers: 8
[7.457s][debug][gc,phases      ] GC(22)       Dirty Cards:              Min: 0, Avg:  0.0, Max: 0, Diff: 0, Sum: 0, Workers: 8
[7.457s][debug][gc,phases      ] GC(22)       Skipped Cards:            Min: 0, Avg:  0.0, Max: 0, Diff: 0, Sum: 0, Workers: 8
[7.457s][debug][gc,phases      ] GC(22)     Log Buffers (ms):         Min:  0.0, Avg:  0.0, Max:  0.0, Diff:  0.0, Sum:  0.0, Workers: 8
[7.457s][debug][gc,phases      ] GC(22)       Dirty Cards:              Min: 0, Avg:  1.0, Max: 3, Diff: 3, Sum: 8, Workers: 8
[7.457s][debug][gc,phases      ] GC(22)       Skipped Cards:            Min: 0, Avg:  0.0, Max: 0, Diff: 0, Sum: 0, Workers: 8
[7.457s][info ][gc,phases      ] GC(22)   Evacuate Collection Set: 0.1ms
[7.457s][debug][gc,phases      ] GC(22)     Ext Root Scanning (ms):   Min:  0.0, Avg:  0.0, Max:  0.0, Diff:  0.0, Sum:  0.2, Workers: 8
[7.457s][debug][gc,phases      ] GC(22)     Scan Heap Roots (ms):     Min:  0.0, Avg:  0.0, Max:  0.0, Diff:  0.0, Sum:  0.0, Workers: 8
[7.457s][debug][gc,phases      ] GC(22)       Scanned Cards:            Min: 0, Avg:  0.9, Max: 2, Diff: 2, Sum: 7, Workers: 8
[7.457s][debug][gc,phases      ] GC(22)       Scanned Blocks:           Min: 0, Avg:  0.8, Max: 2, Diff: 2, Sum: 6, Workers: 8
[7.457s][debug][gc,phases      ] GC(22)       Claimed Chunks:           Min: 0, Avg:  0.6, Max: 1, Diff: 1, Sum: 5, Workers: 8
[7.457s][debug][gc,phases      ] GC(22)     Code Root Scan (ms):      Min:  0.0, Avg:  0.0, Max:  0.0, Diff:  0.0, Sum:  0.0, Workers: 8
[7.457s][debug][gc,phases      ] GC(22)     Object Copy (ms):         Min:  0.0, Avg:  0.0, Max:  0.0, Diff:  0.0, Sum:  0.0, Workers: 8
[7.457s][debug][gc,phases      ] GC(22)     Termination (ms):         Min:  0.0, Avg:  0.0, Max:  0.0, Diff:  0.0, Sum:  0.3, Workers: 8
[7.457s][debug][gc,phases      ] GC(22)       Termination Attempts:     Min: 1, Avg:  1.0, Max: 1, Diff: 0, Sum: 8, Workers: 8
[7.457s][debug][gc,phases      ] GC(22)     GC Worker Other (ms):     Min:  0.0, Avg:  0.0, Max:  0.0, Diff:  0.0, Sum:  0.1, Workers: 8
[7.457s][debug][gc,phases      ] GC(22)     GC Worker Total (ms):     Min:  0.1, Avg:  0.1, Max:  0.1, Diff:  0.0, Sum:  0.7, Workers: 8
[7.457s][info ][gc,phases      ] GC(22)   Post Evacuate Collection Set: 0.6ms
[7.457s][debug][gc,phases      ] GC(22)     Code Roots Fixup: 0.0ms
[7.457s][debug][gc,phases      ] GC(22)     Clear Card Table: 0.1ms
[7.457s][debug][gc,phases      ] GC(22)     Reference Processing: 0.0ms
[7.457s][debug][gc,phases,ref  ] GC(22)       Reconsider SoftReferences: 0.0ms
[7.457s][debug][gc,phases,ref  ] GC(22)         SoftRef (ms):             skipped
[7.457s][debug][gc,phases,ref  ] GC(22)       Notify Soft/WeakReferences: 0.0ms
[7.457s][debug][gc,phases,ref  ] GC(22)         SoftRef (ms):             skipped
[7.457s][debug][gc,phases,ref  ] GC(22)         WeakRef (ms):             skipped
[7.457s][debug][gc,phases,ref  ] GC(22)         FinalRef (ms):            skipped
[7.457s][debug][gc,phases,ref  ] GC(22)         Total (ms):               skipped
[7.457s][debug][gc,phases,ref  ] GC(22)       Notify and keep alive finalizable: 0.0ms
[7.457s][debug][gc,phases,ref  ] GC(22)         FinalRef (ms):            skipped
[7.457s][debug][gc,phases,ref  ] GC(22)       Notify PhantomReferences: 0.0ms
[7.457s][debug][gc,phases,ref  ] GC(22)         PhantomRef (ms):          skipped
[7.457s][debug][gc,phases,ref  ] GC(22)       SoftReference:
[7.457s][debug][gc,phases,ref  ] GC(22)         Discovered: 0
[7.457s][debug][gc,phases,ref  ] GC(22)         Cleared: 0
[7.457s][debug][gc,phases,ref  ] GC(22)       WeakReference:
[7.457s][debug][gc,phases,ref  ] GC(22)         Discovered: 0
[7.457s][debug][gc,phases,ref  ] GC(22)         Cleared: 0
[7.457s][debug][gc,phases,ref  ] GC(22)       FinalReference:
[7.457s][debug][gc,phases,ref  ] GC(22)         Discovered: 0
[7.457s][debug][gc,phases,ref  ] GC(22)         Cleared: 0
[7.457s][debug][gc,phases,ref  ] GC(22)       PhantomReference:
[7.457s][debug][gc,phases,ref  ] GC(22)         Discovered: 0
[7.457s][debug][gc,phases,ref  ] GC(22)         Cleared: 0
[7.457s][debug][gc,phases      ] GC(22)     Weak Processing: 0.1ms
[7.457s][debug][gc,phases      ] GC(22)       JVMTI weak processing: 0.0ms
[7.457s][debug][gc,phases      ] GC(22)         Dead: 0
[7.457s][debug][gc,phases      ] GC(22)         Total: 0
[7.457s][debug][gc,phases      ] GC(22)       JFR weak processing: 0.0ms
[7.457s][debug][gc,phases      ] GC(22)         Dead: 0
[7.457s][debug][gc,phases      ] GC(22)         Total: 0
[7.457s][debug][gc,phases      ] GC(22)       JNI weak                  Min:  0.0, Avg:  0.0, Max:  0.0, Diff:  0.0, Sum:  0.0, Workers: 5
[7.457s][debug][gc,phases      ] GC(22)         Dead                      Min: 0, Avg:  0.0, Max: 0, Diff: 0, Sum: 0, Workers: 5
[7.457s][debug][gc,phases      ] GC(22)         Total                     Min: 0, Avg: 10.8, Max: 52, Diff: 52, Sum: 54, Workers: 5
[7.457s][debug][gc,phases      ] GC(22)       VM weak                   Min:  0.0, Avg:  0.0, Max:  0.0, Diff:  0.0, Sum:  0.0, Workers: 5
[7.457s][debug][gc,phases      ] GC(22)         Dead                      Min: 0, Avg:  0.0, Max: 0, Diff: 0, Sum: 0, Workers: 5
[7.457s][debug][gc,phases      ] GC(22)         Total                     Min: 0, Avg: 44.8, Max: 128, Diff: 128, Sum: 224, Workers: 5
[7.457s][debug][gc,phases      ] GC(22)       StringTable weak          Min:  0.0, Avg:  0.0, Max:  0.0, Diff:  0.0, Sum:  0.1, Workers: 5
[7.457s][debug][gc,phases      ] GC(22)         Dead                      Min: 0, Avg:  0.0, Max: 0, Diff: 0, Sum: 0, Workers: 5
[7.457s][debug][gc,phases      ] GC(22)         Total                     Min: 0, Avg: 722.4, Max: 1820, Diff: 1820, Sum: 3612, Workers: 5
[7.457s][debug][gc,phases      ] GC(22)       ResolvedMethodTable weak  Min:  0.0, Avg:  0.0, Max:  0.0, Diff:  0.0, Sum:  0.0, Workers: 5
[7.457s][debug][gc,phases      ] GC(22)         Dead                      Min: 0, Avg:  0.0, Max: 0, Diff: 0, Sum: 0, Workers: 5
[7.457s][debug][gc,phases      ] GC(22)         Total                     Min: 0, Avg: 117.8, Max: 320, Diff: 320, Sum: 589, Workers: 5
[7.457s][debug][gc,phases      ] GC(22)     Merge Per-Thread State: 0.0ms
[7.457s][debug][gc,phases      ] GC(22)       Copied Bytes              Min: 0, Avg: 111.0, Max: 400, Diff: 400, Sum: 888, Workers: 8
[7.457s][debug][gc,phases      ] GC(22)       LAB Waste                 Min: 0, Avg:  0.0, Max: 0, Diff: 0, Sum: 0, Workers: 8
[7.457s][debug][gc,phases      ] GC(22)       LAB Undo Waste            Min: 0, Avg:  0.0, Max: 0, Diff: 0, Sum: 0, Workers: 8
[7.457s][debug][gc,phases      ] GC(22)     Code Roots Purge: 0.0ms
[7.457s][debug][gc,phases      ] GC(22)     Redirty Cards: 0.0ms
[7.457s][debug][gc,phases      ] GC(22)     DerivedPointerTable Update: 0.0ms
[7.457s][debug][gc,phases      ] GC(22)     Free Collection Set: 0.1ms
[7.457s][debug][gc,phases      ] GC(22)     Rebuild Free List: 0.0ms
[7.457s][debug][gc,phases      ] GC(22)     Humongous Reclaim: 0.0ms
[7.457s][debug][gc,phases      ] GC(22)     Start New Collection Set: 0.0ms
[7.457s][debug][gc,phases      ] GC(22)     Resize TLABs: 0.0ms
[7.457s][debug][gc,phases      ] GC(22)     Expand Heap After Collection: 0.3ms
[7.457s][info ][gc,phases      ] GC(22)   Other: 0.3ms
[7.457s][info ][gc,heap        ] GC(22) Eden regions: 122->0(147)
[7.457s][info ][gc,heap        ] GC(22) Survivor regions: 1->1(16)
[7.457s][info ][gc,heap        ] GC(22) Old regions: 7->7
[7.457s][info ][gc,heap        ] GC(22) Archive regions: 2->2
[7.457s][info ][gc,heap        ] GC(22) Humongous regions: 0->0
[7.457s][info ][gc,metaspace   ] GC(22) Metaspace: 10461K(11136K)->10461K(11136K) NonClass: 9248K(9728K)->9248K(9728K) Class: 1213K(1408K)->1213K(1408K)
[7.457s][debug][gc,heap        ] GC(22) Heap after GC invocations=23 (full 1): garbage-first heap   total 253952K, used 4151K [0x0000000700000000, 0x0000000800000000)
[7.457s][debug][gc,heap        ] GC(22)   region size 1024K, 1 young (1024K), 1 survivors (1024K)
[7.457s][debug][gc,heap        ] GC(22)  Metaspace       used 10461K, capacity 10795K, committed 11136K, reserved 1058816K
[7.457s][debug][gc,heap        ] GC(22)   class space    used 1213K, capacity 1343K, committed 1408K, reserved 1048576K
[7.457s][info ][gc             ] GC(22) Pause Young (Normal) (G1 Evacuation Pause) 126M->4M(248M) 1.701ms
[7.457s][info ][gc,cpu         ] GC(22) User=0.00s Sys=0.00s Real=0.00s
[7.457s][info ][safepoint      ] Safepoint "G1CollectForAllocation", Time since last: 114523301 ns, Reaching safepoint: 135440 ns, At safepoint: 1860410 ns, Total: 1995850 ns
[7.581s][debug][gc,heap        ] GC(23) Heap before GC invocations=23 (full 1): garbage-first heap   total 253952K, used 154679K [0x0000000700000000, 0x0000000800000000)
[7.581s][debug][gc,heap        ] GC(23)   region size 1024K, 148 young (151552K), 1 survivors (1024K)
[7.581s][debug][gc,heap        ] GC(23)  Metaspace       used 10665K, capacity 10989K, committed 11136K, reserved 1058816K
[7.582s][debug][gc,heap        ] GC(23)   class space    used 1256K, capacity 1388K, committed 1408K, reserved 1048576K
[7.582s][info ][gc,start       ] GC(23) Pause Young (Normal) (G1 Evacuation Pause)
[7.582s][info ][gc,task        ] GC(23) Using 8 workers of 8 for evacuation
[7.582s][debug][gc,tlab        ] GC(23) TLAB totals: thrds: 11  refills: 597 max: 78 slow allocs: 0 max 0 waste:  1.0% gc: 1255032B max: 292856B slow: 342768B max: 44864B fast: 0B max: 0B
[7.582s][debug][gc,age         ] GC(23) Desired survivor size 9961472 bytes, new threshold 15 (max threshold 15)
[7.582s][debug][gc,alloc,region] GC(23) Mutator Allocation stats, regions: 147, wasted size: 0B ( 0.0%)
[7.582s][debug][gc,ergo        ] GC(23) Running G1 Merge Heap Roots using 8 workers for 148 regions
[7.582s][debug][gc,remset      ] GC(23) Visited cards 5376 Total dirty 14336 (37.50%) Total old 624640 (0.86%)
[7.582s][debug][gc,ergo        ] GC(23) Running G1 Clear Card Table Task using 1 workers for 1 units of work for 155 regions.
[7.582s][debug][gc,ref         ] GC(23) Skipped phase1 of Reference Processing due to unavailable references
[7.582s][debug][gc,ref         ] GC(23) Skipped phase3 of Reference Processing due to unavailable references
[7.582s][debug][gc,ergo        ] GC(23) Running G1 Free Collection Set using 8 workers for collection set length 148 (248)
[7.582s][debug][gc,ergo        ] GC(23) Running G1 Rebuild Free List Task using 8 workers for rebuilding free list of 0 (4096) regions
[7.583s][trace][gc,age         ] GC(23) Age table with threshold 15 (max threshold 15)
[7.583s][trace][gc,age         ] GC(23) - age   1:      49136 bytes,      49136 total
[7.583s][trace][gc,age         ] GC(23) - age   9:        224 bytes,      49360 total
[7.583s][debug][gc,plab        ] GC(23) Young PLAB allocation: allocated: 51600B, wasted: 696B, unused: 12168B, used: 38736B, undo waste: 0B, 
[7.583s][debug][gc,plab        ] GC(23) Young other allocation: region end waste: 0B, regions filled: 1, direct allocated: 10624B, failure used: 0B, failure wasted: 0B
[7.583s][debug][gc,plab        ] GC(23) Young sizing: calculated: 7744B, actual: 5848B
[7.583s][debug][gc,plab        ] GC(23) Old PLAB allocation: allocated: 0B, wasted: 0B, unused: 0B, used: 0B, undo waste: 0B, 
[7.583s][debug][gc,plab        ] GC(23) Old other allocation: region end waste: 0B, regions filled: 1, direct allocated: 0B, failure used: 0B, failure wasted: 0B
[7.583s][debug][gc,plab        ] GC(23) Old sizing: calculated: 0B, actual: 2064B
[7.583s][debug][gc,ihop        ] GC(23) Basic information (value update), threshold: 117021081B (45.00), target occupancy: 260046848B, current occupancy: 4299008B, recent allocation size: 0B, recent allocation duration: 124.80ms, recent old gen allocation rate: 0.00B/s, recent marking phase length: 0.00ms
[7.583s][debug][gc,ihop        ] GC(23) Adaptive IHOP information (value update), threshold: 117021081B (47.37), internal target occupancy: 247044505B, occupancy: 4299008B, additional buffer size: 155189248B, predicted old gen allocation rate: 64354.70B/s, predicted marking phase length: 0.00ms, prediction active: false
[7.583s][debug][gc,ergo,refine ] GC(23) Concurrent refinement times: Logged Cards Scan time goal: 20.00ms Logged Cards Scan time: 0.03ms HCC time: 0.00ms
[7.583s][debug][gc,ergo,refine ] GC(23) Updated Refinement Zones: green: 2048, yellow: 6144, red: 10240
[7.583s][info ][gc,phases      ] GC(23)   Pre Evacuate Collection Set: 0.1ms
[7.583s][debug][gc,phases      ] GC(23)     Prepare TLABs: 0.0ms
[7.583s][debug][gc,phases      ] GC(23)     Choose Collection Set: 0.0ms
[7.583s][debug][gc,phases      ] GC(23)     Region Register: 0.1ms
[7.583s][debug][gc,phases      ] GC(23)     Prepare Heap Roots: 0.0ms
[7.583s][info ][gc,phases      ] GC(23)   Merge Heap Roots: 0.1ms
[7.583s][debug][gc,phases      ] GC(23)     Prepare Merge Heap Roots: 0.0ms
[7.583s][debug][gc,phases      ] GC(23)     Eager Reclaim (ms):       skipped
[7.583s][debug][gc,phases      ] GC(23)     Remembered Sets (ms):     Min:  0.0, Avg:  0.0, Max:  0.0, Diff:  0.0, Sum:  0.1, Workers: 8
[7.583s][debug][gc,phases      ] GC(23)       Merged Sparse:            Min: 0, Avg:  0.0, Max: 0, Diff: 0, Sum: 0, Workers: 8
[7.583s][debug][gc,phases      ] GC(23)       Merged Fine:              Min: 0, Avg:  0.0, Max: 0, Diff: 0, Sum: 0, Workers: 8
[7.583s][debug][gc,phases      ] GC(23)       Merged Coarse:            Min: 0, Avg:  0.0, Max: 0, Diff: 0, Sum: 0, Workers: 8
[7.583s][debug][gc,phases      ] GC(23)       Dirty Cards:              Min: 0, Avg:  0.0, Max: 0, Diff: 0, Sum: 0, Workers: 8
[7.583s][debug][gc,phases      ] GC(23)     Hot Card Cache (ms):      Min:  0.0, Avg:  0.0, Max:  0.0, Diff:  0.0, Sum:  0.0, Workers: 8
[7.583s][debug][gc,phases      ] GC(23)       Dirty Cards:              Min: 0, Avg:  0.0, Max: 0, Diff: 0, Sum: 0, Workers: 8
[7.583s][debug][gc,phases      ] GC(23)       Skipped Cards:            Min: 0, Avg:  0.0, Max: 0, Diff: 0, Sum: 0, Workers: 8
[7.583s][debug][gc,phases      ] GC(23)     Log Buffers (ms):         Min:  0.0, Avg:  0.0, Max:  0.0, Diff:  0.0, Sum:  0.0, Workers: 8
[7.583s][debug][gc,phases      ] GC(23)       Dirty Cards:              Min: 0, Avg: 11.2, Max: 74, Diff: 74, Sum: 90, Workers: 8
[7.583s][debug][gc,phases      ] GC(23)       Skipped Cards:            Min: 0, Avg:  0.0, Max: 0, Diff: 0, Sum: 0, Workers: 8
[7.583s][info ][gc,phases      ] GC(23)   Evacuate Collection Set: 0.2ms
[7.583s][debug][gc,phases      ] GC(23)     Ext Root Scanning (ms):   Min:  0.0, Avg:  0.0, Max:  0.1, Diff:  0.1, Sum:  0.4, Workers: 8
[7.583s][debug][gc,phases      ] GC(23)     Scan Heap Roots (ms):     Min:  0.0, Avg:  0.0, Max:  0.1, Diff:  0.1, Sum:  0.2, Workers: 8
[7.583s][debug][gc,phases      ] GC(23)       Scanned Cards:            Min: 0, Avg: 10.8, Max: 19, Diff: 19, Sum: 86, Workers: 8
[7.583s][debug][gc,phases      ] GC(23)       Scanned Blocks:           Min: 0, Avg:  8.1, Max: 15, Diff: 15, Sum: 65, Workers: 8
[7.583s][debug][gc,phases      ] GC(23)       Claimed Chunks:           Min: 0, Avg:  2.6, Max: 6, Diff: 6, Sum: 21, Workers: 8
[7.583s][debug][gc,phases      ] GC(23)     Code Root Scan (ms):      Min:  0.0, Avg:  0.0, Max:  0.0, Diff:  0.0, Sum:  0.0, Workers: 8
[7.583s][debug][gc,phases      ] GC(23)     Object Copy (ms):         Min:  0.0, Avg:  0.0, Max:  0.0, Diff:  0.0, Sum:  0.2, Workers: 8
[7.583s][debug][gc,phases      ] GC(23)     Termination (ms):         Min:  0.0, Avg:  0.0, Max:  0.0, Diff:  0.0, Sum:  0.3, Workers: 8
[7.583s][debug][gc,phases      ] GC(23)       Termination Attempts:     Min: 1, Avg:  1.0, Max: 1, Diff: 0, Sum: 8, Workers: 8
[7.583s][debug][gc,phases      ] GC(23)     GC Worker Other (ms):     Min:  0.0, Avg:  0.0, Max:  0.1, Diff:  0.0, Sum:  0.3, Workers: 8
[7.583s][debug][gc,phases      ] GC(23)     GC Worker Total (ms):     Min:  0.1, Avg:  0.2, Max:  0.2, Diff:  0.1, Sum:  1.4, Workers: 8
[7.583s][info ][gc,phases      ] GC(23)   Post Evacuate Collection Set: 0.4ms
[7.583s][debug][gc,phases      ] GC(23)     Code Roots Fixup: 0.0ms
[7.583s][debug][gc,phases      ] GC(23)     Clear Card Table: 0.1ms
[7.583s][debug][gc,phases      ] GC(23)     Reference Processing: 0.0ms
[7.583s][debug][gc,phases,ref  ] GC(23)       Reconsider SoftReferences: 0.0ms
[7.583s][debug][gc,phases,ref  ] GC(23)         SoftRef (ms):             skipped
[7.583s][debug][gc,phases,ref  ] GC(23)       Notify Soft/WeakReferences: 0.0ms
[7.583s][debug][gc,phases,ref  ] GC(23)         SoftRef (ms):             Min:  0.0, Avg:  0.0, Max:  0.0, Diff:  0.0, Sum:  0.0, Workers: 1
[7.583s][debug][gc,phases,ref  ] GC(23)         WeakRef (ms):             Min:  0.0, Avg:  0.0, Max:  0.0, Diff:  0.0, Sum:  0.0, Workers: 1
[7.583s][debug][gc,phases,ref  ] GC(23)         FinalRef (ms):            Min:  0.0, Avg:  0.0, Max:  0.0, Diff:  0.0, Sum:  0.0, Workers: 1
[7.583s][debug][gc,phases,ref  ] GC(23)         Total (ms):               Min:  0.0, Avg:  0.0, Max:  0.0, Diff:  0.0, Sum:  0.0, Workers: 1
[7.583s][debug][gc,phases,ref  ] GC(23)       Notify and keep alive finalizable: 0.0ms
[7.583s][debug][gc,phases,ref  ] GC(23)         FinalRef (ms):            skipped
[7.583s][debug][gc,phases,ref  ] GC(23)       Notify PhantomReferences: 0.0ms
[7.583s][debug][gc,phases,ref  ] GC(23)         PhantomRef (ms):          Min:  0.0, Avg:  0.0, Max:  0.0, Diff:  0.0, Sum:  0.0, Workers: 1
[7.583s][debug][gc,phases,ref  ] GC(23)       SoftReference:
[7.583s][debug][gc,phases,ref  ] GC(23)         Discovered: 0
[7.583s][debug][gc,phases,ref  ] GC(23)         Cleared: 0
[7.583s][debug][gc,phases,ref  ] GC(23)       WeakReference:
[7.583s][debug][gc,phases,ref  ] GC(23)         Discovered: 42
[7.583s][debug][gc,phases,ref  ] GC(23)         Cleared: 30
[7.583s][debug][gc,phases,ref  ] GC(23)       FinalReference:
[7.583s][debug][gc,phases,ref  ] GC(23)         Discovered: 1
[7.583s][debug][gc,phases,ref  ] GC(23)         Cleared: 1
[7.583s][debug][gc,phases,ref  ] GC(23)       PhantomReference:
[7.583s][debug][gc,phases,ref  ] GC(23)         Discovered: 8
[7.583s][debug][gc,phases,ref  ] GC(23)         Cleared: 0
[7.583s][debug][gc,phases      ] GC(23)     Weak Processing: 0.1ms
[7.583s][debug][gc,phases      ] GC(23)       JVMTI weak processing: 0.0ms
[7.583s][debug][gc,phases      ] GC(23)         Dead: 0
[7.583s][debug][gc,phases      ] GC(23)         Total: 0
[7.583s][debug][gc,phases      ] GC(23)       JFR weak processing: 0.0ms
[7.583s][debug][gc,phases      ] GC(23)         Dead: 0
[7.583s][debug][gc,phases      ] GC(23)         Total: 0
[7.583s][debug][gc,phases      ] GC(23)       JNI weak                  Min:  0.0, Avg:  0.0, Max:  0.0, Diff:  0.0, Sum:  0.1, Workers: 5
[7.583s][debug][gc,phases      ] GC(23)         Dead                      Min: 0, Avg:  0.2, Max: 1, Diff: 1, Sum: 1, Workers: 5
[7.583s][debug][gc,phases      ] GC(23)         Total                     Min: 0, Avg: 11.8, Max: 52, Diff: 52, Sum: 59, Workers: 5
[7.583s][debug][gc,phases      ] GC(23)       VM weak                   Min:  0.0, Avg:  0.0, Max:  0.0, Diff:  0.0, Sum:  0.0, Workers: 5
[7.583s][debug][gc,phases      ] GC(23)         Dead                      Min: 0, Avg:  0.0, Max: 0, Diff: 0, Sum: 0, Workers: 5
[7.583s][debug][gc,phases      ] GC(23)         Total                     Min: 0, Avg: 47.4, Max: 128, Diff: 128, Sum: 237, Workers: 5
[7.583s][debug][gc,phases      ] GC(23)       StringTable weak          Min:  0.0, Avg:  0.0, Max:  0.0, Diff:  0.0, Sum:  0.1, Workers: 5
[7.583s][debug][gc,phases      ] GC(23)         Dead                      Min: 0, Avg:  0.2, Max: 1, Diff: 1, Sum: 1, Workers: 5
[7.583s][debug][gc,phases      ] GC(23)         Total                     Min: 0, Avg: 728.2, Max: 1657, Diff: 1657, Sum: 3641, Workers: 5
[7.583s][debug][gc,phases      ] GC(23)       ResolvedMethodTable weak  Min:  0.0, Avg:  0.0, Max:  0.0, Diff:  0.0, Sum:  0.0, Workers: 5
[7.583s][debug][gc,phases      ] GC(23)         Dead                      Min: 0, Avg:  0.0, Max: 0, Diff: 0, Sum: 0, Workers: 5
[7.583s][debug][gc,phases      ] GC(23)         Total                     Min: 0, Avg: 123.2, Max: 192, Diff: 192, Sum: 616, Workers: 5
[7.583s][debug][gc,phases      ] GC(23)     Merge Per-Thread State: 0.0ms
[7.583s][debug][gc,phases      ] GC(23)       Copied Bytes              Min: 56, Avg: 6170.0, Max: 13592, Diff: 13536, Sum: 49360, Workers: 8
[7.583s][debug][gc,phases      ] GC(23)       LAB Waste                 Min: 0, Avg: 87.0, Max: 192, Diff: 192, Sum: 696, Workers: 8
[7.583s][debug][gc,phases      ] GC(23)       LAB Undo Waste            Min: 0, Avg:  0.0, Max: 0, Diff: 0, Sum: 0, Workers: 8
[7.583s][debug][gc,phases      ] GC(23)     Code Roots Purge: 0.0ms
[7.583s][debug][gc,phases      ] GC(23)     Redirty Cards: 0.0ms
[7.583s][debug][gc,phases      ] GC(23)     DerivedPointerTable Update: 0.0ms
[7.583s][debug][gc,phases      ] GC(23)     Free Collection Set: 0.1ms
[7.583s][debug][gc,phases      ] GC(23)     Rebuild Free List: 0.1ms
[7.583s][debug][gc,phases      ] GC(23)     Humongous Reclaim: 0.0ms
[7.583s][debug][gc,phases      ] GC(23)     Start New Collection Set: 0.0ms
[7.583s][debug][gc,phases      ] GC(23)     Resize TLABs: 0.0ms
[7.583s][debug][gc,phases      ] GC(23)     Expand Heap After Collection: 0.0ms
[7.583s][info ][gc,phases      ] GC(23)   Other: 0.3ms
[7.583s][info ][gc,heap        ] GC(23) Eden regions: 147->0(147)
[7.583s][info ][gc,heap        ] GC(23) Survivor regions: 1->1(19)
[7.583s][info ][gc,heap        ] GC(23) Old regions: 7->7
[7.583s][info ][gc,heap        ] GC(23) Archive regions: 2->2
[7.583s][info ][gc,heap        ] GC(23) Humongous regions: 0->0
[7.583s][info ][gc,metaspace   ] GC(23) Metaspace: 10665K(11136K)->10665K(11136K) NonClass: 9409K(9728K)->9409K(9728K) Class: 1256K(1408K)->1256K(1408K)
[7.583s][debug][gc,heap        ] GC(23) Heap after GC invocations=24 (full 1): garbage-first heap   total 253952K, used 4198K [0x0000000700000000, 0x0000000800000000)
[7.583s][debug][gc,heap        ] GC(23)   region size 1024K, 1 young (1024K), 1 survivors (1024K)
[7.583s][debug][gc,heap        ] GC(23)  Metaspace       used 10665K, capacity 10989K, committed 11136K, reserved 1058816K
[7.583s][debug][gc,heap        ] GC(23)   class space    used 1256K, capacity 1388K, committed 1408K, reserved 1048576K
[7.583s][info ][gc             ] GC(23) Pause Young (Normal) (G1 Evacuation Pause) 151M->4M(248M) 1.942ms
[7.584s][info ][gc,cpu         ] GC(23) User=0.00s Sys=0.00s Real=0.00s
[7.584s][info ][safepoint      ] Safepoint "G1CollectForAllocation", Time since last: 123841238 ns, Reaching safepoint: 128736 ns, At safepoint: 2165208 ns, Total: 2293944 ns
[7.735s][debug][gc,heap        ] GC(24) Heap before GC invocations=24 (full 1): garbage-first heap   total 253952K, used 154726K [0x0000000700000000, 0x0000000800000000)
[7.735s][debug][gc,heap        ] GC(24)   region size 1024K, 148 young (151552K), 1 survivors (1024K)
[7.735s][debug][gc,heap        ] GC(24)  Metaspace       used 10703K, capacity 10992K, committed 11136K, reserved 1058816K
[7.735s][debug][gc,heap        ] GC(24)   class space    used 1263K, capacity 1389K, committed 1408K, reserved 1048576K
[7.735s][info ][gc,start       ] GC(24) Pause Young (Normal) (G1 Evacuation Pause)
[7.735s][info ][gc,task        ] GC(24) Using 8 workers of 8 for evacuation
[7.735s][debug][gc,tlab        ] GC(24) TLAB totals: thrds: 12  refills: 595 max: 78 slow allocs: 4 max 4 waste:  1.3% gc: 1717040B max: 524216B slow: 341288B max: 44936B fast: 0B max: 0B
[7.735s][debug][gc,age         ] GC(24) Desired survivor size 9961472 bytes, new threshold 15 (max threshold 15)
[7.735s][debug][gc,alloc,region] GC(24) Mutator Allocation stats, regions: 147, wasted size: 0B ( 0.0%)
[7.735s][debug][gc,ergo        ] GC(24) Running G1 Merge Heap Roots using 8 workers for 148 regions
[7.735s][debug][gc,remset      ] GC(24) Visited cards 5888 Total dirty 14336 (41.07%) Total old 624640 (0.94%)
[7.735s][debug][gc,ergo        ] GC(24) Running G1 Clear Card Table Task using 1 workers for 1 units of work for 155 regions.
[7.736s][debug][gc,ref         ] GC(24) Skipped phase1 of Reference Processing due to unavailable references
[7.736s][debug][gc,ref         ] GC(24) Skipped phase3 of Reference Processing due to unavailable references
[7.736s][debug][gc,ergo        ] GC(24) Running G1 Free Collection Set using 8 workers for collection set length 148 (248)
[7.736s][debug][gc,ergo        ] GC(24) Running G1 Rebuild Free List Task using 8 workers for rebuilding free list of 0 (4096) regions
[7.736s][trace][gc,age         ] GC(24) Age table with threshold 15 (max threshold 15)
[7.736s][trace][gc,age         ] GC(24) - age   1:     200064 bytes,     200064 total
[7.736s][trace][gc,age         ] GC(24) - age   2:      46912 bytes,     246976 total
[7.736s][debug][gc,plab        ] GC(24) Young PLAB allocation: allocated: 55728B, wasted: 632B, unused: 7720B, used: 47376B, undo waste: 0B, 
[7.736s][debug][gc,plab        ] GC(24) Young other allocation: region end waste: 0B, regions filled: 1, direct allocated: 199600B, failure used: 0B, failure wasted: 0B
[7.736s][debug][gc,plab        ] GC(24) Young sizing: calculated: 9472B, actual: 8560B
[7.736s][debug][gc,plab        ] GC(24) Old PLAB allocation: allocated: 0B, wasted: 0B, unused: 0B, used: 0B, undo waste: 0B, 
[7.736s][debug][gc,plab        ] GC(24) Old other allocation: region end waste: 0B, regions filled: 1, direct allocated: 0B, failure used: 0B, failure wasted: 0B
[7.736s][debug][gc,plab        ] GC(24) Old sizing: calculated: 0B, actual: 2064B
[7.736s][debug][gc,ihop        ] GC(24) Basic information (value update), threshold: 117021081B (45.00), target occupancy: 260046848B, current occupancy: 4492112B, recent allocation size: 0B, recent allocation duration: 152.10ms, recent old gen allocation rate: 0.00B/s, recent marking phase length: 0.00ms
[7.736s][debug][gc,ihop        ] GC(24) Adaptive IHOP information (value update), threshold: 117021081B (47.37), internal target occupancy: 247044505B, occupancy: 4492112B, additional buffer size: 155189248B, predicted old gen allocation rate: 62242.06B/s, predicted marking phase length: 0.00ms, prediction active: false
[7.736s][debug][gc,ergo,refine ] GC(24) Concurrent refinement times: Logged Cards Scan time goal: 20.00ms Logged Cards Scan time: 0.07ms HCC time: 0.00ms
[7.736s][debug][gc,ergo,refine ] GC(24) Updated Refinement Zones: green: 2048, yellow: 6144, red: 10240
[7.736s][info ][gc,phases      ] GC(24)   Pre Evacuate Collection Set: 0.1ms
[7.736s][debug][gc,phases      ] GC(24)     Prepare TLABs: 0.0ms
[7.736s][debug][gc,phases      ] GC(24)     Choose Collection Set: 0.0ms
[7.736s][debug][gc,phases      ] GC(24)     Region Register: 0.1ms
[7.736s][debug][gc,phases      ] GC(24)     Prepare Heap Roots: 0.0ms
[7.736s][info ][gc,phases      ] GC(24)   Merge Heap Roots: 0.2ms
[7.736s][debug][gc,phases      ] GC(24)     Prepare Merge Heap Roots: 0.0ms
[7.736s][debug][gc,phases      ] GC(24)     Eager Reclaim (ms):       skipped
[7.736s][debug][gc,phases      ] GC(24)     Remembered Sets (ms):     Min:  0.0, Avg:  0.0, Max:  0.0, Diff:  0.0, Sum:  0.1, Workers: 8
[7.736s][debug][gc,phases      ] GC(24)       Merged Sparse:            Min: 0, Avg:  0.0, Max: 0, Diff: 0, Sum: 0, Workers: 8
[7.736s][debug][gc,phases      ] GC(24)       Merged Fine:              Min: 0, Avg:  0.0, Max: 0, Diff: 0, Sum: 0, Workers: 8
[7.736s][debug][gc,phases      ] GC(24)       Merged Coarse:            Min: 0, Avg:  0.0, Max: 0, Diff: 0, Sum: 0, Workers: 8
[7.736s][debug][gc,phases      ] GC(24)       Dirty Cards:              Min: 0, Avg:  0.0, Max: 0, Diff: 0, Sum: 0, Workers: 8
[7.736s][debug][gc,phases      ] GC(24)     Hot Card Cache (ms):      Min:  0.0, Avg:  0.0, Max:  0.0, Diff:  0.0, Sum:  0.0, Workers: 8
[7.736s][debug][gc,phases      ] GC(24)       Dirty Cards:              Min: 0, Avg:  0.0, Max: 0, Diff: 0, Sum: 0, Workers: 8
[7.736s][debug][gc,phases      ] GC(24)       Skipped Cards:            Min: 0, Avg:  0.0, Max: 0, Diff: 0, Sum: 0, Workers: 8
[7.736s][debug][gc,phases      ] GC(24)     Log Buffers (ms):         Min:  0.0, Avg:  0.0, Max:  0.0, Diff:  0.0, Sum:  0.0, Workers: 8
[7.736s][debug][gc,phases      ] GC(24)       Dirty Cards:              Min: 0, Avg: 13.8, Max: 59, Diff: 59, Sum: 110, Workers: 8
[7.736s][debug][gc,phases      ] GC(24)       Skipped Cards:            Min: 0, Avg:  0.0, Max: 0, Diff: 0, Sum: 0, Workers: 8
[7.736s][info ][gc,phases      ] GC(24)   Evacuate Collection Set: 0.4ms
[7.736s][debug][gc,phases      ] GC(24)     Ext Root Scanning (ms):   Min:  0.0, Avg:  0.1, Max:  0.2, Diff:  0.2, Sum:  0.4, Workers: 8
[7.736s][debug][gc,phases      ] GC(24)     Scan Heap Roots (ms):     Min:  0.0, Avg:  0.1, Max:  0.2, Diff:  0.2, Sum:  0.5, Workers: 8
[7.736s][debug][gc,phases      ] GC(24)       Scanned Cards:            Min: 0, Avg: 13.1, Max: 26, Diff: 26, Sum: 105, Workers: 8
[7.736s][debug][gc,phases      ] GC(24)       Scanned Blocks:           Min: 0, Avg: 10.0, Max: 22, Diff: 22, Sum: 80, Workers: 8
[7.736s][debug][gc,phases      ] GC(24)       Claimed Chunks:           Min: 0, Avg:  2.9, Max: 5, Diff: 5, Sum: 23, Workers: 8
[7.736s][debug][gc,phases      ] GC(24)     Code Root Scan (ms):      Min:  0.0, Avg:  0.0, Max:  0.0, Diff:  0.0, Sum:  0.1, Workers: 8
[7.736s][debug][gc,phases      ] GC(24)     Object Copy (ms):         Min:  0.0, Avg:  0.1, Max:  0.1, Diff:  0.1, Sum:  0.5, Workers: 8
[7.736s][debug][gc,phases      ] GC(24)     Termination (ms):         Min:  0.1, Avg:  0.1, Max:  0.2, Diff:  0.1, Sum:  1.0, Workers: 8
[7.736s][debug][gc,phases      ] GC(24)       Termination Attempts:     Min: 1, Avg:  1.0, Max: 1, Diff: 0, Sum: 8, Workers: 8
[7.736s][debug][gc,phases      ] GC(24)     GC Worker Other (ms):     Min:  0.0, Avg:  0.0, Max:  0.0, Diff:  0.0, Sum:  0.2, Workers: 8
[7.736s][debug][gc,phases      ] GC(24)     GC Worker Total (ms):     Min:  0.3, Avg:  0.3, Max:  0.4, Diff:  0.1, Sum:  2.7, Workers: 8
[7.736s][info ][gc,phases      ] GC(24)   Post Evacuate Collection Set: 0.4ms
[7.736s][debug][gc,phases      ] GC(24)     Code Roots Fixup: 0.0ms
[7.736s][debug][gc,phases      ] GC(24)     Clear Card Table: 0.1ms
[7.736s][debug][gc,phases      ] GC(24)     Reference Processing: 0.0ms
[7.736s][debug][gc,phases,ref  ] GC(24)       Reconsider SoftReferences: 0.0ms
[7.737s][debug][gc,phases,ref  ] GC(24)         SoftRef (ms):             skipped
[7.737s][debug][gc,phases,ref  ] GC(24)       Notify Soft/WeakReferences: 0.0ms
[7.737s][debug][gc,phases,ref  ] GC(24)         SoftRef (ms):             Min:  0.0, Avg:  0.0, Max:  0.0, Diff:  0.0, Sum:  0.0, Workers: 1
[7.737s][debug][gc,phases,ref  ] GC(24)         WeakRef (ms):             Min:  0.0, Avg:  0.0, Max:  0.0, Diff:  0.0, Sum:  0.0, Workers: 1
[7.737s][debug][gc,phases,ref  ] GC(24)         FinalRef (ms):            Min:  0.0, Avg:  0.0, Max:  0.0, Diff:  0.0, Sum:  0.0, Workers: 1
[7.737s][debug][gc,phases,ref  ] GC(24)         Total (ms):               Min:  0.0, Avg:  0.0, Max:  0.0, Diff:  0.0, Sum:  0.0, Workers: 1
[7.737s][debug][gc,phases,ref  ] GC(24)       Notify and keep alive finalizable: 0.0ms
[7.737s][debug][gc,phases,ref  ] GC(24)         FinalRef (ms):            skipped
[7.737s][debug][gc,phases,ref  ] GC(24)       Notify PhantomReferences: 0.0ms
[7.737s][debug][gc,phases,ref  ] GC(24)         PhantomRef (ms):          Min:  0.0, Avg:  0.0, Max:  0.0, Diff:  0.0, Sum:  0.0, Workers: 1
[7.737s][debug][gc,phases,ref  ] GC(24)       SoftReference:
[7.737s][debug][gc,phases,ref  ] GC(24)         Discovered: 0
[7.737s][debug][gc,phases,ref  ] GC(24)         Cleared: 0
[7.737s][debug][gc,phases,ref  ] GC(24)       WeakReference:
[7.737s][debug][gc,phases,ref  ] GC(24)         Discovered: 19
[7.737s][debug][gc,phases,ref  ] GC(24)         Cleared: 16
[7.737s][debug][gc,phases,ref  ] GC(24)       FinalReference:
[7.737s][debug][gc,phases,ref  ] GC(24)         Discovered: 4
[7.737s][debug][gc,phases,ref  ] GC(24)         Cleared: 4
[7.737s][debug][gc,phases,ref  ] GC(24)       PhantomReference:
[7.737s][debug][gc,phases,ref  ] GC(24)         Discovered: 3
[7.737s][debug][gc,phases,ref  ] GC(24)         Cleared: 2
[7.737s][debug][gc,phases      ] GC(24)     Weak Processing: 0.1ms
[7.737s][debug][gc,phases      ] GC(24)       JVMTI weak processing: 0.0ms
[7.737s][debug][gc,phases      ] GC(24)         Dead: 0
[7.737s][debug][gc,phases      ] GC(24)         Total: 0
[7.737s][debug][gc,phases      ] GC(24)       JFR weak processing: 0.0ms
[7.737s][debug][gc,phases      ] GC(24)         Dead: 0
[7.737s][debug][gc,phases      ] GC(24)         Total: 0
[7.737s][debug][gc,phases      ] GC(24)       JNI weak                  Min:  0.0, Avg:  0.0, Max:  0.0, Diff:  0.0, Sum:  0.0, Workers: 5
[7.737s][debug][gc,phases      ] GC(24)         Dead                      Min: 0, Avg:  0.0, Max: 0, Diff: 0, Sum: 0, Workers: 5
[7.737s][debug][gc,phases      ] GC(24)         Total                     Min: 0, Avg: 13.4, Max: 67, Diff: 67, Sum: 67, Workers: 5
[7.737s][debug][gc,phases      ] GC(24)       VM weak                   Min:  0.0, Avg:  0.0, Max:  0.0, Diff:  0.0, Sum:  0.0, Workers: 5
[7.737s][debug][gc,phases      ] GC(24)         Dead                      Min: 0, Avg:  0.0, Max: 0, Diff: 0, Sum: 0, Workers: 5
[7.737s][debug][gc,phases      ] GC(24)         Total                     Min: 0, Avg: 47.6, Max: 110, Diff: 110, Sum: 238, Workers: 5
[7.737s][debug][gc,phases      ] GC(24)       StringTable weak          Min:  0.0, Avg:  0.0, Max:  0.0, Diff:  0.0, Sum:  0.1, Workers: 5
[7.737s][debug][gc,phases      ] GC(24)         Dead                      Min: 0, Avg:  0.2, Max: 1, Diff: 1, Sum: 1, Workers: 5
[7.737s][debug][gc,phases      ] GC(24)         Total                     Min: 704, Avg: 728.6, Max: 766, Diff: 62, Sum: 3643, Workers: 5
[7.737s][debug][gc,phases      ] GC(24)       ResolvedMethodTable weak  Min:  0.0, Avg:  0.0, Max:  0.0, Diff:  0.0, Sum:  0.0, Workers: 5
[7.737s][debug][gc,phases      ] GC(24)         Dead                      Min: 0, Avg:  0.0, Max: 0, Diff: 0, Sum: 0, Workers: 5
[7.737s][debug][gc,phases      ] GC(24)         Total                     Min: 64, Avg: 123.4, Max: 192, Diff: 128, Sum: 617, Workers: 5
[7.737s][debug][gc,phases      ] GC(24)     Merge Per-Thread State: 0.0ms
[7.737s][debug][gc,phases      ] GC(24)       Copied Bytes              Min: 336, Avg: 30872.0, Max: 84208, Diff: 83872, Sum: 246976, Workers: 8
[7.737s][debug][gc,phases      ] GC(24)       LAB Waste                 Min: 0, Avg: 79.0, Max: 160, Diff: 160, Sum: 632, Workers: 8
[7.737s][debug][gc,phases      ] GC(24)       LAB Undo Waste            Min: 0, Avg:  0.0, Max: 0, Diff: 0, Sum: 0, Workers: 8
[7.737s][debug][gc,phases      ] GC(24)     Code Roots Purge: 0.0ms
[7.737s][debug][gc,phases      ] GC(24)     Redirty Cards: 0.0ms
[7.737s][debug][gc,phases      ] GC(24)     DerivedPointerTable Update: 0.0ms
[7.737s][debug][gc,phases      ] GC(24)     Free Collection Set: 0.1ms
[7.737s][debug][gc,phases      ] GC(24)     Rebuild Free List: 0.1ms
[7.737s][debug][gc,phases      ] GC(24)     Humongous Reclaim: 0.0ms
[7.737s][debug][gc,phases      ] GC(24)     Start New Collection Set: 0.0ms
[7.737s][debug][gc,phases      ] GC(24)     Resize TLABs: 0.0ms
[7.737s][debug][gc,phases      ] GC(24)     Expand Heap After Collection: 0.0ms
[7.737s][info ][gc,phases      ] GC(24)   Other: 0.4ms
[7.737s][info ][gc,heap        ] GC(24) Eden regions: 147->0(147)
[7.737s][info ][gc,heap        ] GC(24) Survivor regions: 1->1(19)
[7.737s][info ][gc,heap        ] GC(24) Old regions: 7->7
[7.737s][info ][gc,heap        ] GC(24) Archive regions: 2->2
[7.737s][info ][gc,heap        ] GC(24) Humongous regions: 0->0
[7.737s][info ][gc,metaspace   ] GC(24) Metaspace: 10703K(11136K)->10703K(11136K) NonClass: 9440K(9728K)->9440K(9728K) Class: 1263K(1408K)->1263K(1408K)
[7.737s][debug][gc,heap        ] GC(24) Heap after GC invocations=25 (full 1): garbage-first heap   total 253952K, used 4386K [0x0000000700000000, 0x0000000800000000)
[7.737s][debug][gc,heap        ] GC(24)   region size 1024K, 1 young (1024K), 1 survivors (1024K)
[7.737s][debug][gc,heap        ] GC(24)  Metaspace       used 10703K, capacity 10992K, committed 11136K, reserved 1058816K
[7.737s][debug][gc,heap        ] GC(24)   class space    used 1263K, capacity 1389K, committed 1408K, reserved 1048576K
[7.737s][info ][gc             ] GC(24) Pause Young (Normal) (G1 Evacuation Pause) 151M->4M(248M) 2.654ms
[7.737s][info ][gc,cpu         ] GC(24) User=0.01s Sys=0.00s Real=0.00s
[7.737s][info ][safepoint      ] Safepoint "G1CollectForAllocation", Time since last: 150756272 ns, Reaching safepoint: 192049 ns, At safepoint: 2843160 ns, Total: 3035209 ns
[7.873s][debug][gc,heap        ] GC(25) Heap before GC invocations=25 (full 1): garbage-first heap   total 253952K, used 153890K [0x0000000700000000, 0x0000000800000000)
[7.873s][debug][gc,heap        ] GC(25)   region size 1024K, 148 young (151552K), 1 survivors (1024K)
[7.873s][debug][gc,heap        ] GC(25)  Metaspace       used 10703K, capacity 10992K, committed 11136K, reserved 1058816K
[7.873s][debug][gc,heap        ] GC(25)   class space    used 1263K, capacity 1389K, committed 1408K, reserved 1048576K
[7.873s][info ][gc,start       ] GC(25) Pause Young (Normal) (G1 Evacuation Pause)
[7.873s][info ][gc,task        ] GC(25) Using 8 workers of 8 for evacuation
[7.873s][debug][gc,tlab        ] GC(25) TLAB totals: thrds: 8  refills: 589 max: 96 slow allocs: 0 max 0 waste:  1.1% gc: 1396256B max: 303512B slow: 341000B max: 56288B fast: 0B max: 0B
[7.874s][debug][gc,age         ] GC(25) Desired survivor size 9961472 bytes, new threshold 15 (max threshold 15)
[7.874s][debug][gc,alloc,region] GC(25) Mutator Allocation stats, regions: 147, wasted size: 0B ( 0.0%)
[7.875s][debug][gc,ergo        ] GC(25) Running G1 Merge Heap Roots using 8 workers for 148 regions
[7.875s][debug][gc,remset      ] GC(25) Visited cards 5376 Total dirty 14336 (37.50%) Total old 624640 (0.86%)
[7.875s][debug][gc,ergo        ] GC(25) Running G1 Clear Card Table Task using 1 workers for 1 units of work for 155 regions.
[7.875s][debug][gc,ref         ] GC(25) Skipped phase1 of Reference Processing due to unavailable references
[7.875s][debug][gc,ref         ] GC(25) Skipped phase3 of Reference Processing due to unavailable references
[7.875s][debug][gc,ref         ] GC(25) Skipped phase4 of Reference Processing due to unavailable references
[7.875s][debug][gc,ergo        ] GC(25) Running G1 Free Collection Set using 8 workers for collection set length 148 (248)
[7.875s][debug][gc,ergo        ] GC(25) Running G1 Rebuild Free List Task using 8 workers for rebuilding free list of 0 (4096) regions
[7.875s][trace][gc,age         ] GC(25) Age table with threshold 15 (max threshold 15)
[7.876s][trace][gc,age         ] GC(25) - age   1:        200 bytes,        200 total
[7.876s][trace][gc,age         ] GC(25) - age   2:     199808 bytes,     200008 total
[7.876s][trace][gc,age         ] GC(25) - age   3:      46912 bytes,     246920 total
[7.876s][debug][gc,plab        ] GC(25) Young PLAB allocation: allocated: 49536B, wasted: 768B, unused: 2400B, used: 46368B, undo waste: 0B, 
[7.876s][debug][gc,plab        ] GC(25) Young other allocation: region end waste: 0B, regions filled: 1, direct allocated: 200552B, failure used: 0B, failure wasted: 0B
[7.876s][debug][gc,plab        ] GC(25) Young sizing: calculated: 9272B, actual: 9088B
[7.876s][debug][gc,plab        ] GC(25) Old PLAB allocation: allocated: 0B, wasted: 0B, unused: 0B, used: 0B, undo waste: 0B, 
[7.876s][debug][gc,plab        ] GC(25) Old other allocation: region end waste: 0B, regions filled: 1, direct allocated: 0B, failure used: 0B, failure wasted: 0B
[7.876s][debug][gc,plab        ] GC(25) Old sizing: calculated: 0B, actual: 2064B
[7.876s][debug][gc,ihop        ] GC(25) Basic information (value update), threshold: 117021081B (45.00), target occupancy: 260046848B, current occupancy: 4486872B, recent allocation size: 0B, recent allocation duration: 137.48ms, recent old gen allocation rate: 0.00B/s, recent marking phase length: 0.00ms
[7.876s][debug][gc,ihop        ] GC(25) Adaptive IHOP information (value update), threshold: 117021081B (47.37), internal target occupancy: 247044505B, occupancy: 4486872B, additional buffer size: 155189248B, predicted old gen allocation rate: 60205.30B/s, predicted marking phase length: 0.00ms, prediction active: false
[7.876s][debug][gc,ergo,refine ] GC(25) Concurrent refinement times: Logged Cards Scan time goal: 20.00ms Logged Cards Scan time: 0.03ms HCC time: 0.00ms
[7.876s][debug][gc,ergo,refine ] GC(25) Updated Refinement Zones: green: 2048, yellow: 6144, red: 10240
[7.876s][info ][gc,phases      ] GC(25)   Pre Evacuate Collection Set: 1.0ms
[7.876s][debug][gc,phases      ] GC(25)     Prepare TLABs: 0.0ms
[7.876s][debug][gc,phases      ] GC(25)     Choose Collection Set: 0.0ms
[7.876s][debug][gc,phases      ] GC(25)     Region Register: 1.0ms
[7.876s][debug][gc,phases      ] GC(25)     Prepare Heap Roots: 0.0ms
[7.876s][info ][gc,phases      ] GC(25)   Merge Heap Roots: 0.1ms
[7.876s][debug][gc,phases      ] GC(25)     Prepare Merge Heap Roots: 0.0ms
[7.876s][debug][gc,phases      ] GC(25)     Eager Reclaim (ms):       skipped
[7.876s][debug][gc,phases      ] GC(25)     Remembered Sets (ms):     Min:  0.0, Avg:  0.0, Max:  0.0, Diff:  0.0, Sum:  0.0, Workers: 8
[7.876s][debug][gc,phases      ] GC(25)       Merged Sparse:            Min: 0, Avg:  0.0, Max: 0, Diff: 0, Sum: 0, Workers: 8
[7.876s][debug][gc,phases      ] GC(25)       Merged Fine:              Min: 0, Avg:  0.0, Max: 0, Diff: 0, Sum: 0, Workers: 8
[7.876s][debug][gc,phases      ] GC(25)       Merged Coarse:            Min: 0, Avg:  0.0, Max: 0, Diff: 0, Sum: 0, Workers: 8
[7.876s][debug][gc,phases      ] GC(25)       Dirty Cards:              Min: 0, Avg:  0.0, Max: 0, Diff: 0, Sum: 0, Workers: 8
[7.876s][debug][gc,phases      ] GC(25)     Hot Card Cache (ms):      Min:  0.0, Avg:  0.0, Max:  0.0, Diff:  0.0, Sum:  0.0, Workers: 8
[7.876s][debug][gc,phases      ] GC(25)       Dirty Cards:              Min: 0, Avg:  0.0, Max: 0, Diff: 0, Sum: 0, Workers: 8
[7.876s][debug][gc,phases      ] GC(25)       Skipped Cards:            Min: 0, Avg:  0.0, Max: 0, Diff: 0, Sum: 0, Workers: 8
[7.876s][debug][gc,phases      ] GC(25)     Log Buffers (ms):         Min:  0.0, Avg:  0.0, Max:  0.0, Diff:  0.0, Sum:  0.0, Workers: 8
[7.876s][debug][gc,phases      ] GC(25)       Dirty Cards:              Min: 0, Avg: 11.0, Max: 33, Diff: 33, Sum: 88, Workers: 8
[7.876s][debug][gc,phases      ] GC(25)       Skipped Cards:            Min: 0, Avg:  0.0, Max: 0, Diff: 0, Sum: 0, Workers: 8
[7.876s][info ][gc,phases      ] GC(25)   Evacuate Collection Set: 0.4ms
[7.876s][debug][gc,phases      ] GC(25)     Ext Root Scanning (ms):   Min:  0.0, Avg:  0.0, Max:  0.1, Diff:  0.1, Sum:  0.3, Workers: 8
[7.876s][debug][gc,phases      ] GC(25)     Scan Heap Roots (ms):     Min:  0.0, Avg:  0.0, Max:  0.1, Diff:  0.1, Sum:  0.2, Workers: 8
[7.876s][debug][gc,phases      ] GC(25)       Scanned Cards:            Min: 0, Avg: 10.0, Max: 36, Diff: 36, Sum: 80, Workers: 8
[7.876s][debug][gc,phases      ] GC(25)       Scanned Blocks:           Min: 0, Avg:  8.1, Max: 30, Diff: 30, Sum: 65, Workers: 8
[7.876s][debug][gc,phases      ] GC(25)       Claimed Chunks:           Min: 0, Avg:  2.6, Max: 10, Diff: 10, Sum: 21, Workers: 8
[7.876s][debug][gc,phases      ] GC(25)     Code Root Scan (ms):      Min:  0.0, Avg:  0.0, Max:  0.0, Diff:  0.0, Sum:  0.0, Workers: 8
[7.876s][debug][gc,phases      ] GC(25)     Object Copy (ms):         Min:  0.0, Avg:  0.0, Max:  0.1, Diff:  0.1, Sum:  0.2, Workers: 8
[7.876s][debug][gc,phases      ] GC(25)     Termination (ms):         Min:  0.0, Avg:  0.1, Max:  0.1, Diff:  0.1, Sum:  0.5, Workers: 8
[7.876s][debug][gc,phases      ] GC(25)       Termination Attempts:     Min: 1, Avg:  1.0, Max: 1, Diff: 0, Sum: 8, Workers: 8
[7.876s][debug][gc,phases      ] GC(25)     GC Worker Other (ms):     Min:  0.0, Avg:  0.0, Max:  0.0, Diff:  0.0, Sum:  0.1, Workers: 8
[7.876s][debug][gc,phases      ] GC(25)     GC Worker Total (ms):     Min:  0.0, Avg:  0.2, Max:  0.4, Diff:  0.3, Sum:  1.4, Workers: 8
[7.876s][info ][gc,phases      ] GC(25)   Post Evacuate Collection Set: 0.4ms
[7.876s][debug][gc,phases      ] GC(25)     Code Roots Fixup: 0.0ms
[7.876s][debug][gc,phases      ] GC(25)     Clear Card Table: 0.1ms
[7.876s][debug][gc,phases      ] GC(25)     Reference Processing: 0.0ms
[7.876s][debug][gc,phases,ref  ] GC(25)       Reconsider SoftReferences: 0.0ms
[7.876s][debug][gc,phases,ref  ] GC(25)         SoftRef (ms):             skipped
[7.876s][debug][gc,phases,ref  ] GC(25)       Notify Soft/WeakReferences: 0.0ms
[7.876s][debug][gc,phases,ref  ] GC(25)         SoftRef (ms):             Min:  0.0, Avg:  0.0, Max:  0.0, Diff:  0.0, Sum:  0.0, Workers: 1
[7.876s][debug][gc,phases,ref  ] GC(25)         WeakRef (ms):             Min:  0.0, Avg:  0.0, Max:  0.0, Diff:  0.0, Sum:  0.0, Workers: 1
[7.876s][debug][gc,phases,ref  ] GC(25)         FinalRef (ms):            Min:  0.0, Avg:  0.0, Max:  0.0, Diff:  0.0, Sum:  0.0, Workers: 1
[7.876s][debug][gc,phases,ref  ] GC(25)         Total (ms):               Min:  0.0, Avg:  0.0, Max:  0.0, Diff:  0.0, Sum:  0.0, Workers: 1
[7.876s][debug][gc,phases,ref  ] GC(25)       Notify and keep alive finalizable: 0.0ms
[7.876s][debug][gc,phases,ref  ] GC(25)         FinalRef (ms):            skipped
[7.876s][debug][gc,phases,ref  ] GC(25)       Notify PhantomReferences: 0.0ms
[7.876s][debug][gc,phases,ref  ] GC(25)         PhantomRef (ms):          skipped
[7.876s][debug][gc,phases,ref  ] GC(25)       SoftReference:
[7.876s][debug][gc,phases,ref  ] GC(25)         Discovered: 0
[7.876s][debug][gc,phases,ref  ] GC(25)         Cleared: 0
[7.876s][debug][gc,phases,ref  ] GC(25)       WeakReference:
[7.876s][debug][gc,phases,ref  ] GC(25)         Discovered: 3
[7.876s][debug][gc,phases,ref  ] GC(25)         Cleared: 3
[7.876s][debug][gc,phases,ref  ] GC(25)       FinalReference:
[7.876s][debug][gc,phases,ref  ] GC(25)         Discovered: 6
[7.876s][debug][gc,phases,ref  ] GC(25)         Cleared: 6
[7.876s][debug][gc,phases,ref  ] GC(25)       PhantomReference:
[7.876s][debug][gc,phases,ref  ] GC(25)         Discovered: 0
[7.876s][debug][gc,phases,ref  ] GC(25)         Cleared: 0
[7.876s][debug][gc,phases      ] GC(25)     Weak Processing: 0.1ms
[7.876s][debug][gc,phases      ] GC(25)       JVMTI weak processing: 0.0ms
[7.876s][debug][gc,phases      ] GC(25)         Dead: 0
[7.876s][debug][gc,phases      ] GC(25)         Total: 0
[7.876s][debug][gc,phases      ] GC(25)       JFR weak processing: 0.0ms
[7.876s][debug][gc,phases      ] GC(25)         Dead: 0
[7.876s][debug][gc,phases      ] GC(25)         Total: 0
[7.876s][debug][gc,phases      ] GC(25)       JNI weak                  Min:  0.0, Avg:  0.0, Max:  0.0, Diff:  0.0, Sum:  0.0, Workers: 5
[7.876s][debug][gc,phases      ] GC(25)         Dead                      Min: 0, Avg:  0.0, Max: 0, Diff: 0, Sum: 0, Workers: 5
[7.876s][debug][gc,phases      ] GC(25)         Total                     Min: 0, Avg: 13.4, Max: 67, Diff: 67, Sum: 67, Workers: 5
[7.876s][debug][gc,phases      ] GC(25)       VM weak                   Min:  0.0, Avg:  0.0, Max:  0.0, Diff:  0.0, Sum:  0.0, Workers: 5
[7.876s][debug][gc,phases      ] GC(25)         Dead                      Min: 0, Avg:  0.0, Max: 0, Diff: 0, Sum: 0, Workers: 5
[7.876s][debug][gc,phases      ] GC(25)         Total                     Min: 0, Avg: 47.6, Max: 128, Diff: 128, Sum: 238, Workers: 5
[7.876s][debug][gc,phases      ] GC(25)       StringTable weak          Min:  0.0, Avg:  0.0, Max:  0.0, Diff:  0.0, Sum:  0.1, Workers: 5
[7.876s][debug][gc,phases      ] GC(25)         Dead                      Min: 0, Avg:  0.0, Max: 0, Diff: 0, Sum: 0, Workers: 5
[7.877s][debug][gc,phases      ] GC(25)         Total                     Min: 0, Avg: 728.6, Max: 1851, Diff: 1851, Sum: 3643, Workers: 5
[7.877s][debug][gc,phases      ] GC(25)       ResolvedMethodTable weak  Min:  0.0, Avg:  0.0, Max:  0.0, Diff:  0.0, Sum:  0.0, Workers: 5
[7.877s][debug][gc,phases      ] GC(25)         Dead                      Min: 0, Avg:  0.0, Max: 0, Diff: 0, Sum: 0, Workers: 5
[7.877s][debug][gc,phases      ] GC(25)         Total                     Min: 0, Avg: 123.4, Max: 320, Diff: 320, Sum: 617, Workers: 5
[7.877s][debug][gc,phases      ] GC(25)     Merge Per-Thread State: 0.0ms
[7.877s][debug][gc,phases      ] GC(25)       Copied Bytes              Min: 0, Avg: 30865.0, Max: 201696, Diff: 201696, Sum: 246920, Workers: 8
[7.877s][debug][gc,phases      ] GC(25)       LAB Waste                 Min: 0, Avg: 96.0, Max: 464, Diff: 464, Sum: 768, Workers: 8
[7.877s][debug][gc,phases      ] GC(25)       LAB Undo Waste            Min: 0, Avg:  0.0, Max: 0, Diff: 0, Sum: 0, Workers: 8
[7.877s][debug][gc,phases      ] GC(25)     Code Roots Purge: 0.0ms
[7.877s][debug][gc,phases      ] GC(25)     Redirty Cards: 0.0ms
[7.877s][debug][gc,phases      ] GC(25)     DerivedPointerTable Update: 0.0ms
[7.877s][debug][gc,phases      ] GC(25)     Free Collection Set: 0.1ms
[7.877s][debug][gc,phases      ] GC(25)     Rebuild Free List: 0.1ms
[7.877s][debug][gc,phases      ] GC(25)     Humongous Reclaim: 0.0ms
[7.877s][debug][gc,phases      ] GC(25)     Start New Collection Set: 0.0ms
[7.877s][debug][gc,phases      ] GC(25)     Resize TLABs: 0.0ms
[7.877s][debug][gc,phases      ] GC(25)     Expand Heap After Collection: 0.0ms
[7.877s][info ][gc,phases      ] GC(25)   Other: 0.5ms
[7.877s][info ][gc,heap        ] GC(25) Eden regions: 147->0(147)
[7.877s][info ][gc,heap        ] GC(25) Survivor regions: 1->1(19)
[7.877s][info ][gc,heap        ] GC(25) Old regions: 7->7
[7.877s][info ][gc,heap        ] GC(25) Archive regions: 2->2
[7.877s][info ][gc,heap        ] GC(25) Humongous regions: 0->0
[7.877s][info ][gc,metaspace   ] GC(25) Metaspace: 10703K(11136K)->10703K(11136K) NonClass: 9440K(9728K)->9440K(9728K) Class: 1263K(1408K)->1263K(1408K)
[7.877s][debug][gc,heap        ] GC(25) Heap after GC invocations=26 (full 1): garbage-first heap   total 253952K, used 4381K [0x0000000700000000, 0x0000000800000000)
[7.877s][debug][gc,heap        ] GC(25)   region size 1024K, 1 young (1024K), 1 survivors (1024K)
[7.877s][debug][gc,heap        ] GC(25)  Metaspace       used 10703K, capacity 10992K, committed 11136K, reserved 1058816K
[7.877s][debug][gc,heap        ] GC(25)   class space    used 1263K, capacity 1389K, committed 1408K, reserved 1048576K
[7.877s][info ][gc             ] GC(25) Pause Young (Normal) (G1 Evacuation Pause) 151M->4M(248M) 3.358ms
[7.877s][info ][gc,cpu         ] GC(25) User=0.00s Sys=0.00s Real=0.00s
[7.879s][info ][safepoint      ] Safepoint "G1CollectForAllocation", Time since last: 135773242 ns, Reaching safepoint: 155081 ns, At safepoint: 5241063 ns, Total: 5396144 ns
[8.007s][debug][gc,heap        ] GC(26) Heap before GC invocations=26 (full 1): garbage-first heap   total 253952K, used 154909K [0x0000000700000000, 0x0000000800000000)
[8.007s][debug][gc,heap        ] GC(26)   region size 1024K, 148 young (151552K), 1 survivors (1024K)
[8.007s][debug][gc,heap        ] GC(26)  Metaspace       used 10703K, capacity 10992K, committed 11136K, reserved 1058816K
[8.007s][debug][gc,heap        ] GC(26)   class space    used 1263K, capacity 1389K, committed 1408K, reserved 1048576K
[8.007s][info ][gc,start       ] GC(26) Pause Young (Normal) (G1 Evacuation Pause)
[8.007s][info ][gc,task        ] GC(26) Using 8 workers of 8 for evacuation
[8.007s][debug][gc,tlab        ] GC(26) TLAB totals: thrds: 8  refills: 594 max: 88 slow allocs: 0 max 0 waste:  1.1% gc: 1285016B max: 274784B slow: 342664B max: 51136B fast: 0B max: 0B
[8.007s][debug][gc,age         ] GC(26) Desired survivor size 9961472 bytes, new threshold 15 (max threshold 15)
[8.007s][debug][gc,alloc,region] GC(26) Mutator Allocation stats, regions: 147, wasted size: 0B ( 0.0%)
[8.008s][debug][gc,ergo        ] GC(26) Running G1 Merge Heap Roots using 8 workers for 148 regions
[8.008s][debug][gc,remset      ] GC(26) Visited cards 5376 Total dirty 14336 (37.50%) Total old 624640 (0.86%)
[8.008s][debug][gc,ergo        ] GC(26) Running G1 Clear Card Table Task using 1 workers for 1 units of work for 155 regions.
[8.008s][debug][gc,ref         ] GC(26) Skipped phase1 of Reference Processing due to unavailable references
[8.008s][debug][gc,ref         ] GC(26) Skipped phase3 of Reference Processing due to unavailable references
[8.008s][debug][gc,ergo        ] GC(26) Running G1 Free Collection Set using 8 workers for collection set length 148 (248)
[8.008s][debug][gc,ergo        ] GC(26) Running G1 Rebuild Free List Task using 8 workers for rebuilding free list of 0 (4096) regions
[8.008s][trace][gc,age         ] GC(26) Age table with threshold 15 (max threshold 15)
[8.008s][trace][gc,age         ] GC(26) - age   1:        280 bytes,        280 total
[8.008s][trace][gc,age         ] GC(26) - age   3:     199808 bytes,     200088 total
[8.008s][trace][gc,age         ] GC(26) - age   4:      46912 bytes,     247000 total
[8.008s][debug][gc,plab        ] GC(26) Young PLAB allocation: allocated: 51600B, wasted: 864B, unused: 3336B, used: 47400B, undo waste: 0B, 
[8.008s][debug][gc,plab        ] GC(26) Young other allocation: region end waste: 0B, regions filled: 1, direct allocated: 199600B, failure used: 0B, failure wasted: 0B
[8.009s][debug][gc,plab        ] GC(26) Young sizing: calculated: 9480B, actual: 9376B
[8.009s][debug][gc,plab        ] GC(26) Old PLAB allocation: allocated: 0B, wasted: 0B, unused: 0B, used: 0B, undo waste: 0B, 
[8.009s][debug][gc,plab        ] GC(26) Old other allocation: region end waste: 0B, regions filled: 1, direct allocated: 0B, failure used: 0B, failure wasted: 0B
[8.009s][debug][gc,plab        ] GC(26) Old sizing: calculated: 0B, actual: 2064B
[8.009s][debug][gc,ergo,heap   ] GC(26) Attempt heap expansion (recent GC overhead higher than threshold after GC) recent GC overhead: 1.03 % threshold: 1.00 % uncommitted: 4034920448B base expansion amount and scale: 260046848B (20.00%)
[8.009s][debug][gc,ergo,heap   ] GC(26) Expand the heap. requested expansion amount: 52009369B expansion amount: 52428800B
[8.009s][debug][gc,ihop        ] GC(26) Target occupancy update: old: 260046848B, new: 312475648B
[8.009s][debug][gc,ihop        ] GC(26) Basic information (value update), threshold: 140614041B (45.00), target occupancy: 312475648B, current occupancy: 4487984B, recent allocation size: 0B, recent allocation duration: 131.70ms, recent old gen allocation rate: 0.00B/s, recent marking phase length: 0.00ms
[8.009s][debug][gc,ihop        ] GC(26) Adaptive IHOP information (value update), threshold: 140614041B (47.37), internal target occupancy: 296851865B, occupancy: 4487984B, additional buffer size: 186646528B, predicted old gen allocation rate: 58241.53B/s, predicted marking phase length: 0.00ms, prediction active: false
[8.009s][debug][gc,ergo,refine ] GC(26) Concurrent refinement times: Logged Cards Scan time goal: 20.00ms Logged Cards Scan time: 0.03ms HCC time: 0.00ms
[8.009s][debug][gc,ergo,refine ] GC(26) Updated Refinement Zones: green: 2048, yellow: 6144, red: 10240
[8.010s][info ][gc,phases      ] GC(26)   Pre Evacuate Collection Set: 0.1ms
[8.010s][debug][gc,phases      ] GC(26)     Prepare TLABs: 0.0ms
[8.010s][debug][gc,phases      ] GC(26)     Choose Collection Set: 0.0ms
[8.010s][debug][gc,phases      ] GC(26)     Region Register: 0.1ms
[8.010s][debug][gc,phases      ] GC(26)     Prepare Heap Roots: 0.0ms
[8.010s][info ][gc,phases      ] GC(26)   Merge Heap Roots: 0.1ms
[8.010s][debug][gc,phases      ] GC(26)     Prepare Merge Heap Roots: 0.0ms
[8.010s][debug][gc,phases      ] GC(26)     Eager Reclaim (ms):       skipped
[8.010s][debug][gc,phases      ] GC(26)     Remembered Sets (ms):     Min:  0.0, Avg:  0.0, Max:  0.0, Diff:  0.0, Sum:  0.1, Workers: 8
[8.010s][debug][gc,phases      ] GC(26)       Merged Sparse:            Min: 0, Avg:  0.0, Max: 0, Diff: 0, Sum: 0, Workers: 8
[8.010s][debug][gc,phases      ] GC(26)       Merged Fine:              Min: 0, Avg:  0.0, Max: 0, Diff: 0, Sum: 0, Workers: 8
[8.010s][debug][gc,phases      ] GC(26)       Merged Coarse:            Min: 0, Avg:  0.0, Max: 0, Diff: 0, Sum: 0, Workers: 8
[8.010s][debug][gc,phases      ] GC(26)       Dirty Cards:              Min: 0, Avg:  0.0, Max: 0, Diff: 0, Sum: 0, Workers: 8
[8.010s][debug][gc,phases      ] GC(26)     Hot Card Cache (ms):      Min:  0.0, Avg:  0.0, Max:  0.0, Diff:  0.0, Sum:  0.0, Workers: 8
[8.010s][debug][gc,phases      ] GC(26)       Dirty Cards:              Min: 0, Avg:  0.0, Max: 0, Diff: 0, Sum: 0, Workers: 8
[8.010s][debug][gc,phases      ] GC(26)       Skipped Cards:            Min: 0, Avg:  0.0, Max: 0, Diff: 0, Sum: 0, Workers: 8
[8.010s][debug][gc,phases      ] GC(26)     Log Buffers (ms):         Min:  0.0, Avg:  0.0, Max:  0.0, Diff:  0.0, Sum:  0.0, Workers: 8
[8.010s][debug][gc,phases      ] GC(26)       Dirty Cards:              Min: 0, Avg:  9.8, Max: 32, Diff: 32, Sum: 78, Workers: 8
[8.010s][debug][gc,phases      ] GC(26)       Skipped Cards:            Min: 0, Avg:  0.0, Max: 0, Diff: 0, Sum: 0, Workers: 8
[8.010s][info ][gc,phases      ] GC(26)   Evacuate Collection Set: 0.3ms
[8.010s][debug][gc,phases      ] GC(26)     Ext Root Scanning (ms):   Min:  0.0, Avg:  0.1, Max:  0.2, Diff:  0.2, Sum:  0.5, Workers: 8
[8.010s][debug][gc,phases      ] GC(26)     Scan Heap Roots (ms):     Min:  0.0, Avg:  0.0, Max:  0.1, Diff:  0.1, Sum:  0.2, Workers: 8
[8.010s][debug][gc,phases      ] GC(26)       Scanned Cards:            Min: 0, Avg:  9.6, Max: 23, Diff: 23, Sum: 77, Workers: 8
[8.010s][debug][gc,phases      ] GC(26)       Scanned Blocks:           Min: 0, Avg:  7.9, Max: 21, Diff: 21, Sum: 63, Workers: 8
[8.010s][debug][gc,phases      ] GC(26)       Claimed Chunks:           Min: 0, Avg:  2.6, Max: 7, Diff: 7, Sum: 21, Workers: 8
[8.010s][debug][gc,phases      ] GC(26)     Code Root Scan (ms):      Min:  0.0, Avg:  0.0, Max:  0.0, Diff:  0.0, Sum:  0.0, Workers: 8
[8.010s][debug][gc,phases      ] GC(26)     Object Copy (ms):         Min:  0.0, Avg:  0.0, Max:  0.1, Diff:  0.1, Sum:  0.3, Workers: 8
[8.010s][debug][gc,phases      ] GC(26)     Termination (ms):         Min:  0.0, Avg:  0.1, Max:  0.1, Diff:  0.0, Sum:  0.4, Workers: 8
[8.010s][debug][gc,phases      ] GC(26)       Termination Attempts:     Min: 1, Avg:  1.0, Max: 1, Diff: 0, Sum: 8, Workers: 8
[8.010s][debug][gc,phases      ] GC(26)     GC Worker Other (ms):     Min:  0.0, Avg:  0.0, Max:  0.0, Diff:  0.0, Sum:  0.1, Workers: 8
[8.010s][debug][gc,phases      ] GC(26)     GC Worker Total (ms):     Min:  0.0, Avg:  0.2, Max:  0.2, Diff:  0.2, Sum:  1.5, Workers: 8
[8.010s][info ][gc,phases      ] GC(26)   Post Evacuate Collection Set: 1.2ms
[8.010s][debug][gc,phases      ] GC(26)     Code Roots Fixup: 0.0ms
[8.010s][debug][gc,phases      ] GC(26)     Clear Card Table: 0.1ms
[8.010s][debug][gc,phases      ] GC(26)     Reference Processing: 0.0ms
[8.010s][debug][gc,phases,ref  ] GC(26)       Reconsider SoftReferences: 0.0ms
[8.010s][debug][gc,phases,ref  ] GC(26)         SoftRef (ms):             skipped
[8.010s][debug][gc,phases,ref  ] GC(26)       Notify Soft/WeakReferences: 0.0ms
[8.010s][debug][gc,phases,ref  ] GC(26)         SoftRef (ms):             Min:  0.0, Avg:  0.0, Max:  0.0, Diff:  0.0, Sum:  0.0, Workers: 1
[8.010s][debug][gc,phases,ref  ] GC(26)         WeakRef (ms):             Min:  0.0, Avg:  0.0, Max:  0.0, Diff:  0.0, Sum:  0.0, Workers: 1
[8.010s][debug][gc,phases,ref  ] GC(26)         FinalRef (ms):            Min:  0.0, Avg:  0.0, Max:  0.0, Diff:  0.0, Sum:  0.0, Workers: 1
[8.010s][debug][gc,phases,ref  ] GC(26)         Total (ms):               Min:  0.0, Avg:  0.0, Max:  0.0, Diff:  0.0, Sum:  0.0, Workers: 1
[8.010s][debug][gc,phases,ref  ] GC(26)       Notify and keep alive finalizable: 0.0ms
[8.010s][debug][gc,phases,ref  ] GC(26)         FinalRef (ms):            skipped
[8.010s][debug][gc,phases,ref  ] GC(26)       Notify PhantomReferences: 0.0ms
[8.010s][debug][gc,phases,ref  ] GC(26)         PhantomRef (ms):          Min:  0.0, Avg:  0.0, Max:  0.0, Diff:  0.0, Sum:  0.0, Workers: 1
[8.010s][debug][gc,phases,ref  ] GC(26)       SoftReference:
[8.010s][debug][gc,phases,ref  ] GC(26)         Discovered: 0
[8.010s][debug][gc,phases,ref  ] GC(26)         Cleared: 0
[8.010s][debug][gc,phases,ref  ] GC(26)       WeakReference:
[8.010s][debug][gc,phases,ref  ] GC(26)         Discovered: 27
[8.010s][debug][gc,phases,ref  ] GC(26)         Cleared: 27
[8.010s][debug][gc,phases,ref  ] GC(26)       FinalReference:
[8.010s][debug][gc,phases,ref  ] GC(26)         Discovered: 4
[8.010s][debug][gc,phases,ref  ] GC(26)         Cleared: 4
[8.010s][debug][gc,phases,ref  ] GC(26)       PhantomReference:
[8.010s][debug][gc,phases,ref  ] GC(26)         Discovered: 1
[8.010s][debug][gc,phases,ref  ] GC(26)         Cleared: 1
[8.010s][debug][gc,phases      ] GC(26)     Weak Processing: 0.1ms
[8.010s][debug][gc,phases      ] GC(26)       JVMTI weak processing: 0.0ms
[8.010s][debug][gc,phases      ] GC(26)         Dead: 0
[8.010s][debug][gc,phases      ] GC(26)         Total: 0
[8.010s][debug][gc,phases      ] GC(26)       JFR weak processing: 0.0ms
[8.010s][debug][gc,phases      ] GC(26)         Dead: 0
[8.010s][debug][gc,phases      ] GC(26)         Total: 0
[8.010s][debug][gc,phases      ] GC(26)       JNI weak                  Min:  0.0, Avg:  0.0, Max:  0.0, Diff:  0.0, Sum:  0.0, Workers: 5
[8.010s][debug][gc,phases      ] GC(26)         Dead                      Min: 0, Avg:  0.0, Max: 0, Diff: 0, Sum: 0, Workers: 5
[8.011s][debug][gc,phases      ] GC(26)         Total                     Min: 0, Avg: 13.4, Max: 67, Diff: 67, Sum: 67, Workers: 5
[8.011s][debug][gc,phases      ] GC(26)       VM weak                   Min:  0.0, Avg:  0.0, Max:  0.0, Diff:  0.0, Sum:  0.0, Workers: 5
[8.011s][debug][gc,phases      ] GC(26)         Dead                      Min: 0, Avg:  0.0, Max: 0, Diff: 0, Sum: 0, Workers: 5
[8.011s][debug][gc,phases      ] GC(26)         Total                     Min: 0, Avg: 47.6, Max: 64, Diff: 64, Sum: 238, Workers: 5
[8.011s][debug][gc,phases      ] GC(26)       StringTable weak          Min:  0.0, Avg:  0.0, Max:  0.0, Diff:  0.0, Sum:  0.1, Workers: 5
[8.011s][debug][gc,phases      ] GC(26)         Dead                      Min: 0, Avg:  0.0, Max: 0, Diff: 0, Sum: 0, Workers: 5
[8.011s][debug][gc,phases      ] GC(26)         Total                     Min: 0, Avg: 728.6, Max: 960, Diff: 960, Sum: 3643, Workers: 5
[8.011s][debug][gc,phases      ] GC(26)       ResolvedMethodTable weak  Min:  0.0, Avg:  0.0, Max:  0.0, Diff:  0.0, Sum:  0.0, Workers: 5
[8.011s][debug][gc,phases      ] GC(26)         Dead                      Min: 0, Avg:  0.0, Max: 0, Diff: 0, Sum: 0, Workers: 5
[8.011s][debug][gc,phases      ] GC(26)         Total                     Min: 0, Avg: 123.4, Max: 192, Diff: 192, Sum: 617, Workers: 5
[8.011s][debug][gc,phases      ] GC(26)     Merge Per-Thread State: 0.1ms
[8.011s][debug][gc,phases      ] GC(26)       Copied Bytes              Min: 0, Avg: 30875.0, Max: 122184, Diff: 122184, Sum: 247000, Workers: 8
[8.011s][debug][gc,phases      ] GC(26)       LAB Waste                 Min: 0, Avg: 108.0, Max: 376, Diff: 376, Sum: 864, Workers: 8
[8.011s][debug][gc,phases      ] GC(26)       LAB Undo Waste            Min: 0, Avg:  0.0, Max: 0, Diff: 0, Sum: 0, Workers: 8
[8.011s][debug][gc,phases      ] GC(26)     Code Roots Purge: 0.0ms
[8.011s][debug][gc,phases      ] GC(26)     Redirty Cards: 0.0ms
[8.011s][debug][gc,phases      ] GC(26)     DerivedPointerTable Update: 0.0ms
[8.011s][debug][gc,phases      ] GC(26)     Free Collection Set: 0.1ms
[8.011s][debug][gc,phases      ] GC(26)     Rebuild Free List: 0.1ms
[8.011s][debug][gc,phases      ] GC(26)     Humongous Reclaim: 0.0ms
[8.011s][debug][gc,phases      ] GC(26)     Start New Collection Set: 0.0ms
[8.011s][debug][gc,phases      ] GC(26)     Resize TLABs: 0.0ms
[8.011s][debug][gc,phases      ] GC(26)     Expand Heap After Collection: 0.7ms
[8.011s][info ][gc,phases      ] GC(26)   Other: 0.7ms
[8.011s][info ][gc,heap        ] GC(26) Eden regions: 147->0(177)
[8.011s][info ][gc,heap        ] GC(26) Survivor regions: 1->1(19)
[8.011s][info ][gc,heap        ] GC(26) Old regions: 7->7
[8.011s][info ][gc,heap        ] GC(26) Archive regions: 2->2
[8.011s][info ][gc,heap        ] GC(26) Humongous regions: 0->0
[8.011s][info ][gc,metaspace   ] GC(26) Metaspace: 10703K(11136K)->10703K(11136K) NonClass: 9440K(9728K)->9440K(9728K) Class: 1263K(1408K)->1263K(1408K)
[8.011s][debug][gc,heap        ] GC(26) Heap after GC invocations=27 (full 1): garbage-first heap   total 305152K, used 4382K [0x0000000700000000, 0x0000000800000000)
[8.011s][debug][gc,heap        ] GC(26)   region size 1024K, 1 young (1024K), 1 survivors (1024K)
[8.011s][debug][gc,heap        ] GC(26)  Metaspace       used 10703K, capacity 10992K, committed 11136K, reserved 1058816K
[8.011s][debug][gc,heap        ] GC(26)   class space    used 1263K, capacity 1389K, committed 1408K, reserved 1048576K
[8.011s][info ][gc             ] GC(26) Pause Young (Normal) (G1 Evacuation Pause) 151M->4M(298M) 3.729ms
[8.011s][info ][gc,cpu         ] GC(26) User=0.00s Sys=0.00s Real=0.01s
[8.011s][info ][safepoint      ] Safepoint "G1CollectForAllocation", Time since last: 128276251 ns, Reaching safepoint: 319778 ns, At safepoint: 4116967 ns, Total: 4436745 ns
[8.142s][debug][gc,heap        ] GC(27) Heap before GC invocations=27 (full 1): garbage-first heap   total 305152K, used 185630K [0x0000000700000000, 0x0000000800000000)
[8.142s][debug][gc,heap        ] GC(27)   region size 1024K, 178 young (182272K), 1 survivors (1024K)
[8.142s][debug][gc,heap        ] GC(27)  Metaspace       used 10703K, capacity 10992K, committed 11136K, reserved 1058816K
[8.142s][debug][gc,heap        ] GC(27)   class space    used 1263K, capacity 1389K, committed 1408K, reserved 1048576K
[8.142s][info ][gc,start       ] GC(27) Pause Young (Normal) (G1 Evacuation Pause)
[8.142s][info ][gc,task        ] GC(27) Using 8 workers of 8 for evacuation
[8.142s][debug][gc,tlab        ] GC(27) TLAB totals: thrds: 8  refills: 711 max: 113 slow allocs: 0 max 0 waste:  1.4% gc: 2192032B max: 448448B slow: 411656B max: 65376B fast: 0B max: 0B
[8.142s][debug][gc,age         ] GC(27) Desired survivor size 12058624 bytes, new threshold 15 (max threshold 15)
[8.142s][debug][gc,alloc,region] GC(27) Mutator Allocation stats, regions: 177, wasted size: 0B ( 0.0%)
[8.142s][debug][gc,ergo        ] GC(27) Running G1 Merge Heap Roots using 8 workers for 178 regions
[8.142s][debug][gc,remset      ] GC(27) Visited cards 5376 Total dirty 14336 (37.50%) Total old 747520 (0.72%)
[8.142s][debug][gc,ergo        ] GC(27) Running G1 Clear Card Table Task using 1 workers for 1 units of work for 185 regions.
[8.142s][debug][gc,ref         ] GC(27) Skipped phase1 of Reference Processing due to unavailable references
[8.142s][debug][gc,ref         ] GC(27) Skipped phase3 of Reference Processing due to unavailable references
[8.142s][debug][gc,ref         ] GC(27) Skipped phase4 of Reference Processing due to unavailable references
[8.142s][debug][gc,ergo        ] GC(27) Running G1 Free Collection Set using 8 workers for collection set length 178 (298)
[8.143s][debug][gc,ergo        ] GC(27) Running G1 Rebuild Free List Task using 8 workers for rebuilding free list of 0 (4096) regions
[8.143s][trace][gc,age         ] GC(27) Age table with threshold 15 (max threshold 15)
[8.143s][trace][gc,age         ] GC(27) - age   1:        496 bytes,        496 total
[8.143s][trace][gc,age         ] GC(27) - age   4:     199808 bytes,     200304 total
[8.143s][trace][gc,age         ] GC(27) - age   5:      46912 bytes,     247216 total
[8.143s][debug][gc,plab        ] GC(27) Young PLAB allocation: allocated: 55728B, wasted: 816B, unused: 7256B, used: 47656B, undo waste: 0B, 
[8.143s][debug][gc,plab        ] GC(27) Young other allocation: region end waste: 0B, regions filled: 1, direct allocated: 199560B, failure used: 0B, failure wasted: 0B
[8.143s][debug][gc,plab        ] GC(27) Young sizing: calculated: 9528B, actual: 9488B
[8.143s][debug][gc,plab        ] GC(27) Old PLAB allocation: allocated: 0B, wasted: 0B, unused: 0B, used: 0B, undo waste: 0B, 
[8.143s][debug][gc,plab        ] GC(27) Old other allocation: region end waste: 0B, regions filled: 1, direct allocated: 0B, failure used: 0B, failure wasted: 0B
[8.143s][debug][gc,plab        ] GC(27) Old sizing: calculated: 0B, actual: 2064B
[8.143s][debug][gc,ihop        ] GC(27) Basic information (value update), threshold: 140614041B (45.00), target occupancy: 312475648B, current occupancy: 4492072B, recent allocation size: 0B, recent allocation duration: 132.45ms, recent old gen allocation rate: 0.00B/s, recent marking phase length: 0.00ms
[8.143s][debug][gc,ihop        ] GC(27) Adaptive IHOP information (value update), threshold: 140614041B (47.37), internal target occupancy: 296851865B, occupancy: 4492072B, additional buffer size: 186646528B, predicted old gen allocation rate: 56347.96B/s, predicted marking phase length: 0.00ms, prediction active: false
[8.143s][debug][gc,ergo,refine ] GC(27) Concurrent refinement times: Logged Cards Scan time goal: 20.00ms Logged Cards Scan time: 0.03ms HCC time: 0.00ms
[8.143s][debug][gc,ergo,refine ] GC(27) Updated Refinement Zones: green: 2048, yellow: 6144, red: 10240
[8.143s][info ][gc,phases      ] GC(27)   Pre Evacuate Collection Set: 0.1ms
[8.143s][debug][gc,phases      ] GC(27)     Prepare TLABs: 0.0ms
[8.143s][debug][gc,phases      ] GC(27)     Choose Collection Set: 0.0ms
[8.143s][debug][gc,phases      ] GC(27)     Region Register: 0.1ms
[8.143s][debug][gc,phases      ] GC(27)     Prepare Heap Roots: 0.0ms
[8.143s][info ][gc,phases      ] GC(27)   Merge Heap Roots: 0.1ms
[8.143s][debug][gc,phases      ] GC(27)     Prepare Merge Heap Roots: 0.0ms
[8.143s][debug][gc,phases      ] GC(27)     Eager Reclaim (ms):       skipped
[8.143s][debug][gc,phases      ] GC(27)     Remembered Sets (ms):     Min:  0.0, Avg:  0.0, Max:  0.0, Diff:  0.0, Sum:  0.1, Workers: 8
[8.143s][debug][gc,phases      ] GC(27)       Merged Sparse:            Min: 0, Avg:  0.0, Max: 0, Diff: 0, Sum: 0, Workers: 8
[8.143s][debug][gc,phases      ] GC(27)       Merged Fine:              Min: 0, Avg:  0.0, Max: 0, Diff: 0, Sum: 0, Workers: 8
[8.143s][debug][gc,phases      ] GC(27)       Merged Coarse:            Min: 0, Avg:  0.0, Max: 0, Diff: 0, Sum: 0, Workers: 8
[8.143s][debug][gc,phases      ] GC(27)       Dirty Cards:              Min: 0, Avg:  0.0, Max: 0, Diff: 0, Sum: 0, Workers: 8
[8.143s][debug][gc,phases      ] GC(27)     Hot Card Cache (ms):      Min:  0.0, Avg:  0.0, Max:  0.0, Diff:  0.0, Sum:  0.0, Workers: 8
[8.143s][debug][gc,phases      ] GC(27)       Dirty Cards:              Min: 0, Avg:  0.0, Max: 0, Diff: 0, Sum: 0, Workers: 8
[8.143s][debug][gc,phases      ] GC(27)       Skipped Cards:            Min: 0, Avg:  0.0, Max: 0, Diff: 0, Sum: 0, Workers: 8
[8.143s][debug][gc,phases      ] GC(27)     Log Buffers (ms):         Min:  0.0, Avg:  0.0, Max:  0.0, Diff:  0.0, Sum:  0.0, Workers: 8
[8.143s][debug][gc,phases      ] GC(27)       Dirty Cards:              Min: 0, Avg: 10.2, Max: 24, Diff: 24, Sum: 82, Workers: 8
[8.143s][debug][gc,phases      ] GC(27)       Skipped Cards:            Min: 0, Avg:  0.0, Max: 0, Diff: 0, Sum: 0, Workers: 8
[8.143s][info ][gc,phases      ] GC(27)   Evacuate Collection Set: 0.2ms
[8.143s][debug][gc,phases      ] GC(27)     Ext Root Scanning (ms):   Min:  0.0, Avg:  0.0, Max:  0.1, Diff:  0.1, Sum:  0.3, Workers: 8
[8.143s][debug][gc,phases      ] GC(27)     Scan Heap Roots (ms):     Min:  0.0, Avg:  0.0, Max:  0.1, Diff:  0.1, Sum:  0.2, Workers: 8
[8.143s][debug][gc,phases      ] GC(27)       Scanned Cards:            Min: 0, Avg:  9.6, Max: 20, Diff: 20, Sum: 77, Workers: 8
[8.143s][debug][gc,phases      ] GC(27)       Scanned Blocks:           Min: 0, Avg:  7.9, Max: 18, Diff: 18, Sum: 63, Workers: 8
[8.143s][debug][gc,phases      ] GC(27)       Claimed Chunks:           Min: 0, Avg:  2.6, Max: 6, Diff: 6, Sum: 21, Workers: 8
[8.143s][debug][gc,phases      ] GC(27)     Code Root Scan (ms):      Min:  0.0, Avg:  0.0, Max:  0.0, Diff:  0.0, Sum:  0.0, Workers: 8
[8.143s][debug][gc,phases      ] GC(27)     Object Copy (ms):         Min:  0.0, Avg:  0.0, Max:  0.1, Diff:  0.0, Sum:  0.2, Workers: 8
[8.143s][debug][gc,phases      ] GC(27)     Termination (ms):         Min:  0.0, Avg:  0.0, Max:  0.1, Diff:  0.0, Sum:  0.4, Workers: 8
[8.143s][debug][gc,phases      ] GC(27)       Termination Attempts:     Min: 1, Avg:  1.0, Max: 1, Diff: 0, Sum: 8, Workers: 8
[8.143s][debug][gc,phases      ] GC(27)     GC Worker Other (ms):     Min:  0.0, Avg:  0.0, Max:  0.0, Diff:  0.0, Sum:  0.1, Workers: 8
[8.143s][debug][gc,phases      ] GC(27)     GC Worker Total (ms):     Min:  0.0, Avg:  0.2, Max:  0.2, Diff:  0.2, Sum:  1.2, Workers: 8
[8.143s][info ][gc,phases      ] GC(27)   Post Evacuate Collection Set: 0.4ms
[8.143s][debug][gc,phases      ] GC(27)     Code Roots Fixup: 0.0ms
[8.143s][debug][gc,phases      ] GC(27)     Clear Card Table: 0.1ms
[8.143s][debug][gc,phases      ] GC(27)     Reference Processing: 0.0ms
[8.143s][debug][gc,phases,ref  ] GC(27)       Reconsider SoftReferences: 0.0ms
[8.143s][debug][gc,phases,ref  ] GC(27)         SoftRef (ms):             skipped
[8.143s][debug][gc,phases,ref  ] GC(27)       Notify Soft/WeakReferences: 0.0ms
[8.143s][debug][gc,phases,ref  ] GC(27)         SoftRef (ms):             Min:  0.0, Avg:  0.0, Max:  0.0, Diff:  0.0, Sum:  0.0, Workers: 1
[8.143s][debug][gc,phases,ref  ] GC(27)         WeakRef (ms):             Min:  0.0, Avg:  0.0, Max:  0.0, Diff:  0.0, Sum:  0.0, Workers: 1
[8.143s][debug][gc,phases,ref  ] GC(27)         FinalRef (ms):            Min:  0.0, Avg:  0.0, Max:  0.0, Diff:  0.0, Sum:  0.0, Workers: 1
[8.143s][debug][gc,phases,ref  ] GC(27)         Total (ms):               Min:  0.0, Avg:  0.0, Max:  0.0, Diff:  0.0, Sum:  0.0, Workers: 1
[8.143s][debug][gc,phases,ref  ] GC(27)       Notify and keep alive finalizable: 0.0ms
[8.143s][debug][gc,phases,ref  ] GC(27)         FinalRef (ms):            skipped
[8.143s][debug][gc,phases,ref  ] GC(27)       Notify PhantomReferences: 0.0ms
[8.143s][debug][gc,phases,ref  ] GC(27)         PhantomRef (ms):          skipped
[8.143s][debug][gc,phases,ref  ] GC(27)       SoftReference:
[8.143s][debug][gc,phases,ref  ] GC(27)         Discovered: 0
[8.143s][debug][gc,phases,ref  ] GC(27)         Cleared: 0
[8.143s][debug][gc,phases,ref  ] GC(27)       WeakReference:
[8.143s][debug][gc,phases,ref  ] GC(27)         Discovered: 27
[8.143s][debug][gc,phases,ref  ] GC(27)         Cleared: 27
[8.143s][debug][gc,phases,ref  ] GC(27)       FinalReference:
[8.143s][debug][gc,phases,ref  ] GC(27)         Discovered: 7
[8.143s][debug][gc,phases,ref  ] GC(27)         Cleared: 7
[8.143s][debug][gc,phases,ref  ] GC(27)       PhantomReference:
[8.143s][debug][gc,phases,ref  ] GC(27)         Discovered: 0
[8.143s][debug][gc,phases,ref  ] GC(27)         Cleared: 0
[8.143s][debug][gc,phases      ] GC(27)     Weak Processing: 0.0ms
[8.143s][debug][gc,phases      ] GC(27)       JVMTI weak processing: 0.0ms
[8.143s][debug][gc,phases      ] GC(27)         Dead: 0
[8.143s][debug][gc,phases      ] GC(27)         Total: 0
[8.143s][debug][gc,phases      ] GC(27)       JFR weak processing: 0.0ms
[8.143s][debug][gc,phases      ] GC(27)         Dead: 0
[8.143s][debug][gc,phases      ] GC(27)         Total: 0
[8.143s][debug][gc,phases      ] GC(27)       JNI weak                  Min:  0.0, Avg:  0.0, Max:  0.0, Diff:  0.0, Sum:  0.0, Workers: 5
[8.143s][debug][gc,phases      ] GC(27)         Dead                      Min: 0, Avg:  0.0, Max: 0, Diff: 0, Sum: 0, Workers: 5
[8.143s][debug][gc,phases      ] GC(27)         Total                     Min: 0, Avg: 13.4, Max: 52, Diff: 52, Sum: 67, Workers: 5
[8.143s][debug][gc,phases      ] GC(27)       VM weak                   Min:  0.0, Avg:  0.0, Max:  0.0, Diff:  0.0, Sum:  0.0, Workers: 5
[8.143s][debug][gc,phases      ] GC(27)         Dead                      Min: 0, Avg:  0.0, Max: 0, Diff: 0, Sum: 0, Workers: 5
[8.143s][debug][gc,phases      ] GC(27)         Total                     Min: 0, Avg: 47.6, Max: 110, Diff: 110, Sum: 238, Workers: 5
[8.143s][debug][gc,phases      ] GC(27)       StringTable weak          Min:  0.0, Avg:  0.0, Max:  0.0, Diff:  0.0, Sum:  0.1, Workers: 5
[8.143s][debug][gc,phases      ] GC(27)         Dead                      Min: 0, Avg:  0.0, Max: 0, Diff: 0, Sum: 0, Workers: 5
[8.143s][debug][gc,phases      ] GC(27)         Total                     Min: 576, Avg: 728.6, Max: 829, Diff: 253, Sum: 3643, Workers: 5
[8.143s][debug][gc,phases      ] GC(27)       ResolvedMethodTable weak  Min:  0.0, Avg:  0.0, Max:  0.0, Diff:  0.0, Sum:  0.0, Workers: 5
[8.143s][debug][gc,phases      ] GC(27)         Dead                      Min: 0, Avg:  0.0, Max: 0, Diff: 0, Sum: 0, Workers: 5
[8.143s][debug][gc,phases      ] GC(27)         Total                     Min: 64, Avg: 123.4, Max: 192, Diff: 128, Sum: 617, Workers: 5
[8.143s][debug][gc,phases      ] GC(27)     Merge Per-Thread State: 0.0ms
[8.143s][debug][gc,phases      ] GC(27)       Copied Bytes              Min: 0, Avg: 30902.0, Max: 93776, Diff: 93776, Sum: 247216, Workers: 8
[8.143s][debug][gc,phases      ] GC(27)       LAB Waste                 Min: 0, Avg: 102.0, Max: 192, Diff: 192, Sum: 816, Workers: 8
[8.143s][debug][gc,phases      ] GC(27)       LAB Undo Waste            Min: 0, Avg:  0.0, Max: 0, Diff: 0, Sum: 0, Workers: 8
[8.144s][debug][gc,phases      ] GC(27)     Code Roots Purge: 0.0ms
[8.144s][debug][gc,phases      ] GC(27)     Redirty Cards: 0.0ms
[8.144s][debug][gc,phases      ] GC(27)     DerivedPointerTable Update: 0.0ms
[8.144s][debug][gc,phases      ] GC(27)     Free Collection Set: 0.1ms
[8.144s][debug][gc,phases      ] GC(27)     Rebuild Free List: 0.1ms
[8.144s][debug][gc,phases      ] GC(27)     Humongous Reclaim: 0.0ms
[8.144s][debug][gc,phases      ] GC(27)     Start New Collection Set: 0.0ms
[8.144s][debug][gc,phases      ] GC(27)     Resize TLABs: 0.0ms
[8.144s][debug][gc,phases      ] GC(27)     Expand Heap After Collection: 0.0ms
[8.144s][info ][gc,phases      ] GC(27)   Other: 0.3ms
[8.144s][info ][gc,heap        ] GC(27) Eden regions: 177->0(177)
[8.144s][info ][gc,heap        ] GC(27) Survivor regions: 1->1(23)
[8.144s][info ][gc,heap        ] GC(27) Old regions: 7->7
[8.144s][info ][gc,heap        ] GC(27) Archive regions: 2->2
[8.144s][info ][gc,heap        ] GC(27) Humongous regions: 0->0
[8.144s][info ][gc,metaspace   ] GC(27) Metaspace: 10703K(11136K)->10703K(11136K) NonClass: 9440K(9728K)->9440K(9728K) Class: 1263K(1408K)->1263K(1408K)
[8.144s][debug][gc,heap        ] GC(27) Heap after GC invocations=28 (full 1): garbage-first heap   total 305152K, used 4386K [0x0000000700000000, 0x0000000800000000)
[8.144s][debug][gc,heap        ] GC(27)   region size 1024K, 1 young (1024K), 1 survivors (1024K)
[8.144s][debug][gc,heap        ] GC(27)  Metaspace       used 10703K, capacity 10992K, committed 11136K, reserved 1058816K
[8.144s][debug][gc,heap        ] GC(27)   class space    used 1263K, capacity 1389K, committed 1408K, reserved 1048576K
[8.144s][info ][gc             ] GC(27) Pause Young (Normal) (G1 Evacuation Pause) 181M->4M(298M) 1.865ms
[8.144s][info ][gc,cpu         ] GC(27) User=0.00s Sys=0.00s Real=0.00s
[8.144s][info ][safepoint      ] Safepoint "G1CollectForAllocation", Time since last: 130327903 ns, Reaching safepoint: 106318 ns, At safepoint: 2261565 ns, Total: 2367883 ns
[8.256s][debug][gc,heap        ] GC(28) Heap before GC invocations=28 (full 1): garbage-first heap   total 305152K, used 185634K [0x0000000700000000, 0x0000000800000000)
[8.256s][debug][gc,heap        ] GC(28)   region size 1024K, 178 young (182272K), 1 survivors (1024K)
[8.256s][debug][gc,heap        ] GC(28)  Metaspace       used 10703K, capacity 10992K, committed 11136K, reserved 1058816K
[8.256s][debug][gc,heap        ] GC(28)   class space    used 1263K, capacity 1389K, committed 1408K, reserved 1048576K
[8.256s][info ][gc,start       ] GC(28) Pause Young (Normal) (G1 Evacuation Pause)
[8.256s][info ][gc,task        ] GC(28) Using 8 workers of 8 for evacuation
[8.256s][debug][gc,tlab        ] GC(28) TLAB totals: thrds: 9  refills: 713 max: 106 slow allocs: 0 max 0 waste:  1.2% gc: 1862360B max: 416336B slow: 410832B max: 61568B fast: 0B max: 0B
[8.256s][debug][gc,age         ] GC(28) Desired survivor size 12058624 bytes, new threshold 15 (max threshold 15)
[8.256s][debug][gc,alloc,region] GC(28) Mutator Allocation stats, regions: 177, wasted size: 0B ( 0.0%)
[8.256s][debug][gc,ergo        ] GC(28) Running G1 Merge Heap Roots using 8 workers for 178 regions
[8.256s][debug][gc,remset      ] GC(28) Visited cards 5376 Total dirty 14336 (37.50%) Total old 747520 (0.72%)
[8.257s][debug][gc,ergo        ] GC(28) Running G1 Clear Card Table Task using 1 workers for 1 units of work for 185 regions.
[8.257s][debug][gc,ref         ] GC(28) Skipped phase1 of Reference Processing due to unavailable references
[8.257s][debug][gc,ref         ] GC(28) Skipped phase3 of Reference Processing due to unavailable references
[8.257s][debug][gc,ergo        ] GC(28) Running G1 Free Collection Set using 8 workers for collection set length 178 (298)
[8.257s][debug][gc,ergo        ] GC(28) Running G1 Rebuild Free List Task using 8 workers for rebuilding free list of 0 (4096) regions
[8.257s][trace][gc,age         ] GC(28) Age table with threshold 15 (max threshold 15)
[8.257s][trace][gc,age         ] GC(28) - age   1:        528 bytes,        528 total
[8.257s][trace][gc,age         ] GC(28) - age   5:     199776 bytes,     200304 total
[8.257s][trace][gc,age         ] GC(28) - age   6:      46912 bytes,     247216 total
[8.257s][debug][gc,plab        ] GC(28) Young PLAB allocation: allocated: 55728B, wasted: 872B, unused: 7616B, used: 47240B, undo waste: 0B, 
[8.257s][debug][gc,plab        ] GC(28) Young other allocation: region end waste: 0B, regions filled: 1, direct allocated: 199976B, failure used: 0B, failure wasted: 0B
[8.257s][debug][gc,plab        ] GC(28) Young sizing: calculated: 9448B, actual: 9456B
[8.257s][debug][gc,plab        ] GC(28) Old PLAB allocation: allocated: 0B, wasted: 0B, unused: 0B, used: 0B, undo waste: 0B, 
[8.257s][debug][gc,plab        ] GC(28) Old other allocation: region end waste: 0B, regions filled: 1, direct allocated: 0B, failure used: 0B, failure wasted: 0B
[8.257s][debug][gc,plab        ] GC(28) Old sizing: calculated: 0B, actual: 2064B
[8.257s][debug][gc,ihop        ] GC(28) Basic information (value update), threshold: 140614041B (45.00), target occupancy: 312475648B, current occupancy: 4492488B, recent allocation size: 0B, recent allocation duration: 113.51ms, recent old gen allocation rate: 0.00B/s, recent marking phase length: 0.00ms
[8.257s][debug][gc,ihop        ] GC(28) Adaptive IHOP information (value update), threshold: 140614041B (47.37), internal target occupancy: 296851865B, occupancy: 4492488B, additional buffer size: 186646528B, predicted old gen allocation rate: 54521.89B/s, predicted marking phase length: 0.00ms, prediction active: false
[8.257s][debug][gc,ergo,refine ] GC(28) Concurrent refinement times: Logged Cards Scan time goal: 20.00ms Logged Cards Scan time: 0.03ms HCC time: 0.00ms
[8.257s][debug][gc,ergo,refine ] GC(28) Updated Refinement Zones: green: 2048, yellow: 6144, red: 10240
[8.257s][info ][gc,phases      ] GC(28)   Pre Evacuate Collection Set: 0.1ms
[8.257s][debug][gc,phases      ] GC(28)     Prepare TLABs: 0.0ms
[8.257s][debug][gc,phases      ] GC(28)     Choose Collection Set: 0.0ms
[8.257s][debug][gc,phases      ] GC(28)     Region Register: 0.1ms
[8.257s][debug][gc,phases      ] GC(28)     Prepare Heap Roots: 0.0ms
[8.257s][info ][gc,phases      ] GC(28)   Merge Heap Roots: 0.1ms
[8.257s][debug][gc,phases      ] GC(28)     Prepare Merge Heap Roots: 0.0ms
[8.257s][debug][gc,phases      ] GC(28)     Eager Reclaim (ms):       skipped
[8.257s][debug][gc,phases      ] GC(28)     Remembered Sets (ms):     Min:  0.0, Avg:  0.0, Max:  0.0, Diff:  0.0, Sum:  0.1, Workers: 8
[8.257s][debug][gc,phases      ] GC(28)       Merged Sparse:            Min: 0, Avg:  0.0, Max: 0, Diff: 0, Sum: 0, Workers: 8
[8.257s][debug][gc,phases      ] GC(28)       Merged Fine:              Min: 0, Avg:  0.0, Max: 0, Diff: 0, Sum: 0, Workers: 8
[8.257s][debug][gc,phases      ] GC(28)       Merged Coarse:            Min: 0, Avg:  0.0, Max: 0, Diff: 0, Sum: 0, Workers: 8
[8.257s][debug][gc,phases      ] GC(28)       Dirty Cards:              Min: 0, Avg:  0.0, Max: 0, Diff: 0, Sum: 0, Workers: 8
[8.257s][debug][gc,phases      ] GC(28)     Hot Card Cache (ms):      Min:  0.0, Avg:  0.0, Max:  0.0, Diff:  0.0, Sum:  0.0, Workers: 8
[8.257s][debug][gc,phases      ] GC(28)       Dirty Cards:              Min: 0, Avg:  0.0, Max: 0, Diff: 0, Sum: 0, Workers: 8
[8.257s][debug][gc,phases      ] GC(28)       Skipped Cards:            Min: 0, Avg:  0.0, Max: 0, Diff: 0, Sum: 0, Workers: 8
[8.257s][debug][gc,phases      ] GC(28)     Log Buffers (ms):         Min:  0.0, Avg:  0.0, Max:  0.0, Diff:  0.0, Sum:  0.0, Workers: 8
[8.258s][debug][gc,phases      ] GC(28)       Dirty Cards:              Min: 0, Avg: 10.1, Max: 18, Diff: 18, Sum: 81, Workers: 8
[8.258s][debug][gc,phases      ] GC(28)       Skipped Cards:            Min: 0, Avg:  0.0, Max: 0, Diff: 0, Sum: 0, Workers: 8
[8.258s][info ][gc,phases      ] GC(28)   Evacuate Collection Set: 0.3ms
[8.258s][debug][gc,phases      ] GC(28)     Ext Root Scanning (ms):   Min:  0.0, Avg:  0.0, Max:  0.1, Diff:  0.1, Sum:  0.3, Workers: 8
[8.258s][debug][gc,phases      ] GC(28)     Scan Heap Roots (ms):     Min:  0.0, Avg:  0.0, Max:  0.1, Diff:  0.1, Sum:  0.2, Workers: 8
[8.258s][debug][gc,phases      ] GC(28)       Scanned Cards:            Min: 0, Avg:  9.6, Max: 25, Diff: 25, Sum: 77, Workers: 8
[8.258s][debug][gc,phases      ] GC(28)       Scanned Blocks:           Min: 0, Avg:  7.9, Max: 22, Diff: 22, Sum: 63, Workers: 8
[8.258s][debug][gc,phases      ] GC(28)       Claimed Chunks:           Min: 0, Avg:  2.6, Max: 5, Diff: 5, Sum: 21, Workers: 8
[8.258s][debug][gc,phases      ] GC(28)     Code Root Scan (ms):      Min:  0.0, Avg:  0.0, Max:  0.0, Diff:  0.0, Sum:  0.0, Workers: 8
[8.258s][debug][gc,phases      ] GC(28)     Object Copy (ms):         Min:  0.0, Avg:  0.0, Max:  0.0, Diff:  0.0, Sum:  0.2, Workers: 8
[8.258s][debug][gc,phases      ] GC(28)     Termination (ms):         Min:  0.1, Avg:  0.1, Max:  0.1, Diff:  0.0, Sum:  0.6, Workers: 8
[8.258s][debug][gc,phases      ] GC(28)       Termination Attempts:     Min: 1, Avg:  1.0, Max: 1, Diff: 0, Sum: 8, Workers: 8
[8.258s][debug][gc,phases      ] GC(28)     GC Worker Other (ms):     Min:  0.0, Avg:  0.0, Max:  0.2, Diff:  0.2, Sum:  0.3, Workers: 8
[8.258s][debug][gc,phases      ] GC(28)     GC Worker Total (ms):     Min:  0.1, Avg:  0.2, Max:  0.2, Diff:  0.2, Sum:  1.7, Workers: 8
[8.258s][info ][gc,phases      ] GC(28)   Post Evacuate Collection Set: 0.4ms
[8.258s][debug][gc,phases      ] GC(28)     Code Roots Fixup: 0.0ms
[8.258s][debug][gc,phases      ] GC(28)     Clear Card Table: 0.1ms
[8.258s][debug][gc,phases      ] GC(28)     Reference Processing: 0.0ms
[8.258s][debug][gc,phases,ref  ] GC(28)       Reconsider SoftReferences: 0.0ms
[8.258s][debug][gc,phases,ref  ] GC(28)         SoftRef (ms):             skipped
[8.258s][debug][gc,phases,ref  ] GC(28)       Notify Soft/WeakReferences: 0.0ms
[8.258s][debug][gc,phases,ref  ] GC(28)         SoftRef (ms):             Min:  0.0, Avg:  0.0, Max:  0.0, Diff:  0.0, Sum:  0.0, Workers: 1
[8.258s][debug][gc,phases,ref  ] GC(28)         WeakRef (ms):             Min:  0.0, Avg:  0.0, Max:  0.0, Diff:  0.0, Sum:  0.0, Workers: 1
[8.258s][debug][gc,phases,ref  ] GC(28)         FinalRef (ms):            Min:  0.0, Avg:  0.0, Max:  0.0, Diff:  0.0, Sum:  0.0, Workers: 1
[8.258s][debug][gc,phases,ref  ] GC(28)         Total (ms):               Min:  0.0, Avg:  0.0, Max:  0.0, Diff:  0.0, Sum:  0.0, Workers: 1
[8.258s][debug][gc,phases,ref  ] GC(28)       Notify and keep alive finalizable: 0.0ms
[8.258s][debug][gc,phases,ref  ] GC(28)         FinalRef (ms):            skipped
[8.258s][debug][gc,phases,ref  ] GC(28)       Notify PhantomReferences: 0.0ms
[8.258s][debug][gc,phases,ref  ] GC(28)         PhantomRef (ms):          Min:  0.0, Avg:  0.0, Max:  0.0, Diff:  0.0, Sum:  0.0, Workers: 1
[8.258s][debug][gc,phases,ref  ] GC(28)       SoftReference:
[8.258s][debug][gc,phases,ref  ] GC(28)         Discovered: 0
[8.258s][debug][gc,phases,ref  ] GC(28)         Cleared: 0
[8.258s][debug][gc,phases,ref  ] GC(28)       WeakReference:
[8.258s][debug][gc,phases,ref  ] GC(28)         Discovered: 28
[8.258s][debug][gc,phases,ref  ] GC(28)         Cleared: 28
[8.258s][debug][gc,phases,ref  ] GC(28)       FinalReference:
[8.258s][debug][gc,phases,ref  ] GC(28)         Discovered: 7
[8.258s][debug][gc,phases,ref  ] GC(28)         Cleared: 7
[8.258s][debug][gc,phases,ref  ] GC(28)       PhantomReference:
[8.258s][debug][gc,phases,ref  ] GC(28)         Discovered: 1
[8.258s][debug][gc,phases,ref  ] GC(28)         Cleared: 1
[8.258s][debug][gc,phases      ] GC(28)     Weak Processing: 0.0ms
[8.258s][debug][gc,phases      ] GC(28)       JVMTI weak processing: 0.0ms
[8.258s][debug][gc,phases      ] GC(28)         Dead: 0
[8.258s][debug][gc,phases      ] GC(28)         Total: 0
[8.258s][debug][gc,phases      ] GC(28)       JFR weak processing: 0.0ms
[8.258s][debug][gc,phases      ] GC(28)         Dead: 0
[8.258s][debug][gc,phases      ] GC(28)         Total: 0
[8.258s][debug][gc,phases      ] GC(28)       JNI weak                  Min:  0.0, Avg:  0.0, Max:  0.0, Diff:  0.0, Sum:  0.0, Workers: 5
[8.258s][debug][gc,phases      ] GC(28)         Dead                      Min: 0, Avg:  0.0, Max: 0, Diff: 0, Sum: 0, Workers: 5
[8.258s][debug][gc,phases      ] GC(28)         Total                     Min: 0, Avg: 13.4, Max: 52, Diff: 52, Sum: 67, Workers: 5
[8.258s][debug][gc,phases      ] GC(28)       VM weak                   Min:  0.0, Avg:  0.0, Max:  0.0, Diff:  0.0, Sum:  0.0, Workers: 5
[8.258s][debug][gc,phases      ] GC(28)         Dead                      Min: 0, Avg:  0.0, Max: 0, Diff: 0, Sum: 0, Workers: 5
[8.258s][debug][gc,phases      ] GC(28)         Total                     Min: 0, Avg: 47.6, Max: 128, Diff: 128, Sum: 238, Workers: 5
[8.258s][debug][gc,phases      ] GC(28)       StringTable weak          Min:  0.0, Avg:  0.0, Max:  0.0, Diff:  0.0, Sum:  0.1, Workers: 5
[8.258s][debug][gc,phases      ] GC(28)         Dead                      Min: 0, Avg:  0.0, Max: 0, Diff: 0, Sum: 0, Workers: 5
[8.258s][debug][gc,phases      ] GC(28)         Total                     Min: 640, Avg: 728.6, Max: 829, Diff: 189, Sum: 3643, Workers: 5
[8.258s][debug][gc,phases      ] GC(28)       ResolvedMethodTable weak  Min:  0.0, Avg:  0.0, Max:  0.0, Diff:  0.0, Sum:  0.0, Workers: 5
[8.258s][debug][gc,phases      ] GC(28)         Dead                      Min: 0, Avg:  0.0, Max: 0, Diff: 0, Sum: 0, Workers: 5
[8.258s][debug][gc,phases      ] GC(28)         Total                     Min: 41, Avg: 123.4, Max: 192, Diff: 151, Sum: 617, Workers: 5
[8.258s][debug][gc,phases      ] GC(28)     Merge Per-Thread State: 0.0ms
[8.258s][debug][gc,phases      ] GC(28)       Copied Bytes              Min: 0, Avg: 30902.0, Max: 161432, Diff: 161432, Sum: 247216, Workers: 8
[8.258s][debug][gc,phases      ] GC(28)       LAB Waste                 Min: 0, Avg: 109.0, Max: 272, Diff: 272, Sum: 872, Workers: 8
[8.258s][debug][gc,phases      ] GC(28)       LAB Undo Waste            Min: 0, Avg:  0.0, Max: 0, Diff: 0, Sum: 0, Workers: 8
[8.258s][debug][gc,phases      ] GC(28)     Code Roots Purge: 0.0ms
[8.258s][debug][gc,phases      ] GC(28)     Redirty Cards: 0.1ms
[8.258s][debug][gc,phases      ] GC(28)     DerivedPointerTable Update: 0.0ms
[8.258s][debug][gc,phases      ] GC(28)     Free Collection Set: 0.1ms
[8.258s][debug][gc,phases      ] GC(28)     Rebuild Free List: 0.1ms
[8.258s][debug][gc,phases      ] GC(28)     Humongous Reclaim: 0.0ms
[8.258s][debug][gc,phases      ] GC(28)     Start New Collection Set: 0.0ms
[8.258s][debug][gc,phases      ] GC(28)     Resize TLABs: 0.0ms
[8.258s][debug][gc,phases      ] GC(28)     Expand Heap After Collection: 0.0ms
[8.258s][info ][gc,phases      ] GC(28)   Other: 0.4ms
[8.258s][info ][gc,heap        ] GC(28) Eden regions: 177->0(177)
[8.258s][info ][gc,heap        ] GC(28) Survivor regions: 1->1(23)
[8.258s][info ][gc,heap        ] GC(28) Old regions: 7->7
[8.258s][info ][gc,heap        ] GC(28) Archive regions: 2->2
[8.258s][info ][gc,heap        ] GC(28) Humongous regions: 0->0
[8.258s][info ][gc,metaspace   ] GC(28) Metaspace: 10703K(11136K)->10703K(11136K) NonClass: 9440K(9728K)->9440K(9728K) Class: 1263K(1408K)->1263K(1408K)
[8.258s][debug][gc,heap        ] GC(28) Heap after GC invocations=29 (full 1): garbage-first heap   total 305152K, used 4387K [0x0000000700000000, 0x0000000800000000)
[8.258s][debug][gc,heap        ] GC(28)   region size 1024K, 1 young (1024K), 1 survivors (1024K)
[8.258s][debug][gc,heap        ] GC(28)  Metaspace       used 10703K, capacity 10992K, committed 11136K, reserved 1058816K
[8.258s][debug][gc,heap        ] GC(28)   class space    used 1263K, capacity 1389K, committed 1408K, reserved 1048576K
[8.258s][info ][gc             ] GC(28) Pause Young (Normal) (G1 Evacuation Pause) 181M->4M(298M) 2.063ms
[8.258s][info ][gc,cpu         ] GC(28) User=0.00s Sys=0.00s Real=0.01s
[8.259s][info ][safepoint      ] Safepoint "G1CollectForAllocation", Time since last: 111959188 ns, Reaching safepoint: 137618 ns, At safepoint: 2540367 ns, Total: 2677985 ns
[8.393s][debug][gc,heap        ] GC(29) Heap before GC invocations=29 (full 1): garbage-first heap   total 305152K, used 185635K [0x0000000700000000, 0x0000000800000000)
[8.394s][debug][gc,heap        ] GC(29)   region size 1024K, 178 young (182272K), 1 survivors (1024K)
[8.394s][debug][gc,heap        ] GC(29)  Metaspace       used 10703K, capacity 10992K, committed 11136K, reserved 1058816K
[8.394s][debug][gc,heap        ] GC(29)   class space    used 1263K, capacity 1389K, committed 1408K, reserved 1048576K
[8.394s][info ][gc,start       ] GC(29) Pause Young (Normal) (G1 Evacuation Pause)
[8.394s][info ][gc,task        ] GC(29) Using 8 workers of 8 for evacuation
[8.394s][debug][gc,tlab        ] GC(29) TLAB totals: thrds: 8  refills: 712 max: 114 slow allocs: 0 max 0 waste:  1.1% gc: 1691704B max: 399576B slow: 410584B max: 65904B fast: 0B max: 0B
[8.394s][debug][gc,age         ] GC(29) Desired survivor size 12058624 bytes, new threshold 15 (max threshold 15)
[8.394s][debug][gc,alloc,region] GC(29) Mutator Allocation stats, regions: 177, wasted size: 0B ( 0.0%)
[8.394s][debug][gc,ergo        ] GC(29) Running G1 Merge Heap Roots using 8 workers for 178 regions
[8.394s][debug][gc,remset      ] GC(29) Visited cards 5376 Total dirty 14336 (37.50%) Total old 747520 (0.72%)
[8.394s][debug][gc,ergo        ] GC(29) Running G1 Clear Card Table Task using 1 workers for 1 units of work for 185 regions.
[8.394s][debug][gc,ref         ] GC(29) Skipped phase1 of Reference Processing due to unavailable references
[8.394s][debug][gc,ref         ] GC(29) Skipped phase3 of Reference Processing due to unavailable references
[8.394s][debug][gc,ergo        ] GC(29) Running G1 Free Collection Set using 8 workers for collection set length 178 (298)
[8.394s][debug][gc,ergo        ] GC(29) Running G1 Rebuild Free List Task using 8 workers for rebuilding free list of 0 (4096) regions
[8.394s][trace][gc,age         ] GC(29) Age table with threshold 15 (max threshold 15)
[8.394s][trace][gc,age         ] GC(29) - age   1:        336 bytes,        336 total
[8.394s][trace][gc,age         ] GC(29) - age   2:         32 bytes,        368 total
[8.394s][trace][gc,age         ] GC(29) - age   6:     199776 bytes,     200144 total
[8.394s][trace][gc,age         ] GC(29) - age   7:      46912 bytes,     247056 total
[8.394s][debug][gc,plab        ] GC(29) Young PLAB allocation: allocated: 53664B, wasted: 552B, unused: 6304B, used: 46808B, undo waste: 0B, 
[8.394s][debug][gc,plab        ] GC(29) Young other allocation: region end waste: 0B, regions filled: 1, direct allocated: 200248B, failure used: 0B, failure wasted: 0B
[8.394s][debug][gc,plab        ] GC(29) Young sizing: calculated: 9360B, actual: 9384B
[8.394s][debug][gc,plab        ] GC(29) Old PLAB allocation: allocated: 0B, wasted: 0B, unused: 0B, used: 0B, undo waste: 0B, 
[8.394s][debug][gc,plab        ] GC(29) Old other allocation: region end waste: 0B, regions filled: 1, direct allocated: 0B, failure used: 0B, failure wasted: 0B
[8.394s][debug][gc,plab        ] GC(29) Old sizing: calculated: 0B, actual: 2064B
[8.394s][debug][gc,ihop        ] GC(29) Basic information (value update), threshold: 140614041B (45.00), target occupancy: 312475648B, current occupancy: 4490696B, recent allocation size: 0B, recent allocation duration: 136.31ms, recent old gen allocation rate: 0.00B/s, recent marking phase length: 0.00ms
[8.394s][debug][gc,ihop        ] GC(29) Adaptive IHOP information (value update), threshold: 140614041B (47.37), internal target occupancy: 296851865B, occupancy: 4490696B, additional buffer size: 186646528B, predicted old gen allocation rate: 52760.76B/s, predicted marking phase length: 0.00ms, prediction active: false
[8.394s][debug][gc,ergo,refine ] GC(29) Concurrent refinement times: Logged Cards Scan time goal: 20.00ms Logged Cards Scan time: 0.03ms HCC time: 0.00ms
[8.394s][debug][gc,ergo,refine ] GC(29) Updated Refinement Zones: green: 2048, yellow: 6144, red: 10240
[8.394s][info ][gc,phases      ] GC(29)   Pre Evacuate Collection Set: 0.1ms
[8.394s][debug][gc,phases      ] GC(29)     Prepare TLABs: 0.0ms
[8.394s][debug][gc,phases      ] GC(29)     Choose Collection Set: 0.0ms
[8.394s][debug][gc,phases      ] GC(29)     Region Register: 0.1ms
[8.394s][debug][gc,phases      ] GC(29)     Prepare Heap Roots: 0.0ms
[8.394s][info ][gc,phases      ] GC(29)   Merge Heap Roots: 0.1ms
[8.394s][debug][gc,phases      ] GC(29)     Prepare Merge Heap Roots: 0.0ms
[8.394s][debug][gc,phases      ] GC(29)     Eager Reclaim (ms):       skipped
[8.394s][debug][gc,phases      ] GC(29)     Remembered Sets (ms):     Min:  0.0, Avg:  0.0, Max:  0.0, Diff:  0.0, Sum:  0.1, Workers: 8
[8.394s][debug][gc,phases      ] GC(29)       Merged Sparse:            Min: 0, Avg:  0.0, Max: 0, Diff: 0, Sum: 0, Workers: 8
[8.394s][debug][gc,phases      ] GC(29)       Merged Fine:              Min: 0, Avg:  0.0, Max: 0, Diff: 0, Sum: 0, Workers: 8
[8.394s][debug][gc,phases      ] GC(29)       Merged Coarse:            Min: 0, Avg:  0.0, Max: 0, Diff: 0, Sum: 0, Workers: 8
[8.394s][debug][gc,phases      ] GC(29)       Dirty Cards:              Min: 0, Avg:  0.0, Max: 0, Diff: 0, Sum: 0, Workers: 8
[8.395s][debug][gc,phases      ] GC(29)     Hot Card Cache (ms):      Min:  0.0, Avg:  0.0, Max:  0.0, Diff:  0.0, Sum:  0.0, Workers: 8
[8.395s][debug][gc,phases      ] GC(29)       Dirty Cards:              Min: 0, Avg:  0.0, Max: 0, Diff: 0, Sum: 0, Workers: 8
[8.395s][debug][gc,phases      ] GC(29)       Skipped Cards:            Min: 0, Avg:  0.0, Max: 0, Diff: 0, Sum: 0, Workers: 8
[8.395s][debug][gc,phases      ] GC(29)     Log Buffers (ms):         Min:  0.0, Avg:  0.0, Max:  0.0, Diff:  0.0, Sum:  0.0, Workers: 8
[8.395s][debug][gc,phases      ] GC(29)       Dirty Cards:              Min: 0, Avg: 10.4, Max: 24, Diff: 24, Sum: 83, Workers: 8
[8.395s][debug][gc,phases      ] GC(29)       Skipped Cards:            Min: 0, Avg:  0.0, Max: 0, Diff: 0, Sum: 0, Workers: 8
[8.395s][info ][gc,phases      ] GC(29)   Evacuate Collection Set: 0.2ms
[8.395s][debug][gc,phases      ] GC(29)     Ext Root Scanning (ms):   Min:  0.0, Avg:  0.0, Max:  0.2, Diff:  0.1, Sum:  0.3, Workers: 8
[8.395s][debug][gc,phases      ] GC(29)     Scan Heap Roots (ms):     Min:  0.0, Avg:  0.0, Max:  0.1, Diff:  0.1, Sum:  0.2, Workers: 8
[8.395s][debug][gc,phases      ] GC(29)       Scanned Cards:            Min: 0, Avg:  9.6, Max: 20, Diff: 20, Sum: 77, Workers: 8
[8.395s][debug][gc,phases      ] GC(29)       Scanned Blocks:           Min: 0, Avg:  7.9, Max: 20, Diff: 20, Sum: 63, Workers: 8
[8.395s][debug][gc,phases      ] GC(29)       Claimed Chunks:           Min: 0, Avg:  2.6, Max: 5, Diff: 5, Sum: 21, Workers: 8
[8.395s][debug][gc,phases      ] GC(29)     Code Root Scan (ms):      Min:  0.0, Avg:  0.0, Max:  0.0, Diff:  0.0, Sum:  0.0, Workers: 8
[8.395s][debug][gc,phases      ] GC(29)     Object Copy (ms):         Min:  0.0, Avg:  0.0, Max:  0.0, Diff:  0.0, Sum:  0.3, Workers: 8
[8.395s][debug][gc,phases      ] GC(29)     Termination (ms):         Min:  0.0, Avg:  0.1, Max:  0.1, Diff:  0.0, Sum:  0.5, Workers: 8
[8.395s][debug][gc,phases      ] GC(29)       Termination Attempts:     Min: 1, Avg:  1.0, Max: 1, Diff: 0, Sum: 8, Workers: 8
[8.395s][debug][gc,phases      ] GC(29)     GC Worker Other (ms):     Min:  0.0, Avg:  0.0, Max:  0.0, Diff:  0.0, Sum:  0.1, Workers: 8
[8.395s][debug][gc,phases      ] GC(29)     GC Worker Total (ms):     Min:  0.2, Avg:  0.2, Max:  0.2, Diff:  0.0, Sum:  1.4, Workers: 8
[8.395s][info ][gc,phases      ] GC(29)   Post Evacuate Collection Set: 0.3ms
[8.395s][debug][gc,phases      ] GC(29)     Code Roots Fixup: 0.0ms
[8.395s][debug][gc,phases      ] GC(29)     Clear Card Table: 0.1ms
[8.395s][debug][gc,phases      ] GC(29)     Reference Processing: 0.0ms
[8.395s][debug][gc,phases,ref  ] GC(29)       Reconsider SoftReferences: 0.0ms
[8.395s][debug][gc,phases,ref  ] GC(29)         SoftRef (ms):             skipped
[8.395s][debug][gc,phases,ref  ] GC(29)       Notify Soft/WeakReferences: 0.0ms
[8.395s][debug][gc,phases,ref  ] GC(29)         SoftRef (ms):             Min:  0.0, Avg:  0.0, Max:  0.0, Diff:  0.0, Sum:  0.0, Workers: 1
[8.395s][debug][gc,phases,ref  ] GC(29)         WeakRef (ms):             Min:  0.0, Avg:  0.0, Max:  0.0, Diff:  0.0, Sum:  0.0, Workers: 1
[8.395s][debug][gc,phases,ref  ] GC(29)         FinalRef (ms):            Min:  0.0, Avg:  0.0, Max:  0.0, Diff:  0.0, Sum:  0.0, Workers: 1
[8.395s][debug][gc,phases,ref  ] GC(29)         Total (ms):               Min:  0.0, Avg:  0.0, Max:  0.0, Diff:  0.0, Sum:  0.0, Workers: 1
[8.395s][debug][gc,phases,ref  ] GC(29)       Notify and keep alive finalizable: 0.0ms
[8.395s][debug][gc,phases,ref  ] GC(29)         FinalRef (ms):            skipped
[8.395s][debug][gc,phases,ref  ] GC(29)       Notify PhantomReferences: 0.0ms
[8.395s][debug][gc,phases,ref  ] GC(29)         PhantomRef (ms):          Min:  0.0, Avg:  0.0, Max:  0.0, Diff:  0.0, Sum:  0.0, Workers: 1
[8.395s][debug][gc,phases,ref  ] GC(29)       SoftReference:
[8.395s][debug][gc,phases,ref  ] GC(29)         Discovered: 0
[8.395s][debug][gc,phases,ref  ] GC(29)         Cleared: 0
[8.395s][debug][gc,phases,ref  ] GC(29)       WeakReference:
[8.395s][debug][gc,phases,ref  ] GC(29)         Discovered: 26
[8.395s][debug][gc,phases,ref  ] GC(29)         Cleared: 26
[8.395s][debug][gc,phases,ref  ] GC(29)       FinalReference:
[8.395s][debug][gc,phases,ref  ] GC(29)         Discovered: 4
[8.395s][debug][gc,phases,ref  ] GC(29)         Cleared: 4
[8.395s][debug][gc,phases,ref  ] GC(29)       PhantomReference:
[8.395s][debug][gc,phases,ref  ] GC(29)         Discovered: 4
[8.395s][debug][gc,phases,ref  ] GC(29)         Cleared: 4
[8.395s][debug][gc,phases      ] GC(29)     Weak Processing: 0.0ms
[8.395s][debug][gc,phases      ] GC(29)       JVMTI weak processing: 0.0ms
[8.395s][debug][gc,phases      ] GC(29)         Dead: 0
[8.395s][debug][gc,phases      ] GC(29)         Total: 0
[8.395s][debug][gc,phases      ] GC(29)       JFR weak processing: 0.0ms
[8.395s][debug][gc,phases      ] GC(29)         Dead: 0
[8.395s][debug][gc,phases      ] GC(29)         Total: 0
[8.395s][debug][gc,phases      ] GC(29)       JNI weak                  Min:  0.0, Avg:  0.0, Max:  0.0, Diff:  0.0, Sum:  0.0, Workers: 5
[8.395s][debug][gc,phases      ] GC(29)         Dead                      Min: 0, Avg:  0.0, Max: 0, Diff: 0, Sum: 0, Workers: 5
[8.395s][debug][gc,phases      ] GC(29)         Total                     Min: 0, Avg: 13.4, Max: 52, Diff: 52, Sum: 67, Workers: 5
[8.395s][debug][gc,phases      ] GC(29)       VM weak                   Min:  0.0, Avg:  0.0, Max:  0.0, Diff:  0.0, Sum:  0.0, Workers: 5
[8.395s][debug][gc,phases      ] GC(29)         Dead                      Min: 0, Avg:  0.0, Max: 0, Diff: 0, Sum: 0, Workers: 5
[8.395s][debug][gc,phases      ] GC(29)         Total                     Min: 0, Avg: 47.6, Max: 110, Diff: 110, Sum: 238, Workers: 5
[8.395s][debug][gc,phases      ] GC(29)       StringTable weak          Min:  0.0, Avg:  0.0, Max:  0.0, Diff:  0.0, Sum:  0.1, Workers: 5
[8.395s][debug][gc,phases      ] GC(29)         Dead                      Min: 0, Avg:  0.0, Max: 0, Diff: 0, Sum: 0, Workers: 5
[8.395s][debug][gc,phases      ] GC(29)         Total                     Min: 512, Avg: 728.6, Max: 896, Diff: 384, Sum: 3643, Workers: 5
[8.395s][debug][gc,phases      ] GC(29)       ResolvedMethodTable weak  Min:  0.0, Avg:  0.0, Max:  0.0, Diff:  0.0, Sum:  0.0, Workers: 5
[8.395s][debug][gc,phases      ] GC(29)         Dead                      Min: 0, Avg:  0.0, Max: 0, Diff: 0, Sum: 0, Workers: 5
[8.395s][debug][gc,phases      ] GC(29)         Total                     Min: 64, Avg: 123.4, Max: 192, Diff: 128, Sum: 617, Workers: 5
[8.395s][debug][gc,phases      ] GC(29)     Merge Per-Thread State: 0.0ms
[8.395s][debug][gc,phases      ] GC(29)       Copied Bytes              Min: 4056, Avg: 30882.0, Max: 116016, Diff: 111960, Sum: 247056, Workers: 8
[8.395s][debug][gc,phases      ] GC(29)       LAB Waste                 Min: 16, Avg: 69.0, Max: 160, Diff: 144, Sum: 552, Workers: 8
[8.395s][debug][gc,phases      ] GC(29)       LAB Undo Waste            Min: 0, Avg:  0.0, Max: 0, Diff: 0, Sum: 0, Workers: 8
[8.395s][debug][gc,phases      ] GC(29)     Code Roots Purge: 0.0ms
[8.395s][debug][gc,phases      ] GC(29)     Redirty Cards: 0.0ms
[8.395s][debug][gc,phases      ] GC(29)     DerivedPointerTable Update: 0.0ms
[8.395s][debug][gc,phases      ] GC(29)     Free Collection Set: 0.1ms
[8.395s][debug][gc,phases      ] GC(29)     Rebuild Free List: 0.0ms
[8.395s][debug][gc,phases      ] GC(29)     Humongous Reclaim: 0.0ms
[8.395s][debug][gc,phases      ] GC(29)     Start New Collection Set: 0.0ms
[8.395s][debug][gc,phases      ] GC(29)     Resize TLABs: 0.0ms
[8.395s][debug][gc,phases      ] GC(29)     Expand Heap After Collection: 0.0ms
[8.395s][info ][gc,phases      ] GC(29)   Other: 0.3ms
[8.395s][info ][gc,heap        ] GC(29) Eden regions: 177->0(177)
[8.395s][info ][gc,heap        ] GC(29) Survivor regions: 1->1(23)
[8.395s][info ][gc,heap        ] GC(29) Old regions: 7->7
[8.395s][info ][gc,heap        ] GC(29) Archive regions: 2->2
[8.395s][info ][gc,heap        ] GC(29) Humongous regions: 0->0
[8.395s][info ][gc,metaspace   ] GC(29) Metaspace: 10703K(11136K)->10703K(11136K) NonClass: 9440K(9728K)->9440K(9728K) Class: 1263K(1408K)->1263K(1408K)
[8.395s][debug][gc,heap        ] GC(29) Heap after GC invocations=30 (full 1): garbage-first heap   total 305152K, used 4385K [0x0000000700000000, 0x0000000800000000)
[8.395s][debug][gc,heap        ] GC(29)   region size 1024K, 1 young (1024K), 1 survivors (1024K)
[8.395s][debug][gc,heap        ] GC(29)  Metaspace       used 10703K, capacity 10992K, committed 11136K, reserved 1058816K
[8.395s][debug][gc,heap        ] GC(29)   class space    used 1263K, capacity 1389K, committed 1408K, reserved 1048576K
[8.395s][info ][gc             ] GC(29) Pause Young (Normal) (G1 Evacuation Pause) 181M->4M(298M) 1.525ms
[8.395s][info ][gc,cpu         ] GC(29) User=0.00s Sys=0.00s Real=0.00s
[8.395s][info ][safepoint      ] Safepoint "G1CollectForAllocation", Time since last: 134713885 ns, Reaching safepoint: 125536 ns, At safepoint: 1692129 ns, Total: 1817665 ns
[8.535s][debug][gc,heap        ] GC(30) Heap before GC invocations=30 (full 1): garbage-first heap   total 305152K, used 185633K [0x0000000700000000, 0x0000000800000000)
[8.535s][debug][gc,heap        ] GC(30)   region size 1024K, 178 young (182272K), 1 survivors (1024K)
[8.535s][debug][gc,heap        ] GC(30)  Metaspace       used 10703K, capacity 10992K, committed 11136K, reserved 1058816K
[8.535s][debug][gc,heap        ] GC(30)   class space    used 1263K, capacity 1389K, committed 1408K, reserved 1048576K
[8.535s][info ][gc,start       ] GC(30) Pause Young (Normal) (G1 Evacuation Pause)
[8.535s][info ][gc,task        ] GC(30) Using 8 workers of 8 for evacuation
[8.535s][debug][gc,tlab        ] GC(30) TLAB totals: thrds: 8  refills: 714 max: 101 slow allocs: 0 max 0 waste:  1.1% gc: 1563408B max: 391832B slow: 412056B max: 57952B fast: 0B max: 0B
[8.535s][debug][gc,age         ] GC(30) Desired survivor size 12058624 bytes, new threshold 15 (max threshold 15)
[8.535s][debug][gc,alloc,region] GC(30) Mutator Allocation stats, regions: 177, wasted size: 0B ( 0.0%)
[8.535s][debug][gc,ergo        ] GC(30) Running G1 Merge Heap Roots using 8 workers for 178 regions
[8.535s][debug][gc,remset      ] GC(30) Visited cards 5376 Total dirty 14336 (37.50%) Total old 747520 (0.72%)
[8.535s][debug][gc,ergo        ] GC(30) Running G1 Clear Card Table Task using 1 workers for 1 units of work for 185 regions.
[8.535s][debug][gc,ref         ] GC(30) Skipped phase1 of Reference Processing due to unavailable references
[8.535s][debug][gc,ref         ] GC(30) Skipped phase3 of Reference Processing due to unavailable references
[8.536s][debug][gc,ergo        ] GC(30) Running G1 Free Collection Set using 8 workers for collection set length 178 (298)
[8.536s][debug][gc,ergo        ] GC(30) Running G1 Rebuild Free List Task using 8 workers for rebuilding free list of 0 (4096) regions
[8.536s][trace][gc,age         ] GC(30) Age table with threshold 15 (max threshold 15)
[8.536s][trace][gc,age         ] GC(30) - age   1:        232 bytes,        232 total
[8.536s][trace][gc,age         ] GC(30) - age   3:         32 bytes,        264 total
[8.536s][trace][gc,age         ] GC(30) - age   7:     199776 bytes,     200040 total
[8.536s][trace][gc,age         ] GC(30) - age   8:      46912 bytes,     246952 total
[8.536s][debug][gc,plab        ] GC(30) Young PLAB allocation: allocated: 55728B, wasted: 816B, unused: 8208B, used: 46704B, undo waste: 0B, 
[8.536s][debug][gc,plab        ] GC(30) Young other allocation: region end waste: 0B, regions filled: 1, direct allocated: 200248B, failure used: 0B, failure wasted: 0B
[8.536s][debug][gc,plab        ] GC(30) Young sizing: calculated: 9336B, actual: 9344B
[8.536s][debug][gc,plab        ] GC(30) Old PLAB allocation: allocated: 0B, wasted: 0B, unused: 0B, used: 0B, undo waste: 0B, 
[8.536s][debug][gc,plab        ] GC(30) Old other allocation: region end waste: 0B, regions filled: 1, direct allocated: 0B, failure used: 0B, failure wasted: 0B
[8.536s][debug][gc,plab        ] GC(30) Old sizing: calculated: 0B, actual: 2064B
[8.536s][debug][gc,ihop        ] GC(30) Basic information (value update), threshold: 140614041B (45.00), target occupancy: 312475648B, current occupancy: 4492760B, recent allocation size: 0B, recent allocation duration: 140.52ms, recent old gen allocation rate: 0.00B/s, recent marking phase length: 0.00ms
[8.536s][debug][gc,ihop        ] GC(30) Adaptive IHOP information (value update), threshold: 140614041B (47.37), internal target occupancy: 296851865B, occupancy: 4492760B, additional buffer size: 186646528B, predicted old gen allocation rate: 51062.07B/s, predicted marking phase length: 0.00ms, prediction active: false
[8.536s][debug][gc,ergo,refine ] GC(30) Concurrent refinement times: Logged Cards Scan time goal: 20.00ms Logged Cards Scan time: 0.03ms HCC time: 0.00ms
[8.536s][debug][gc,ergo,refine ] GC(30) Updated Refinement Zones: green: 2048, yellow: 6144, red: 10240
[8.536s][info ][gc,phases      ] GC(30)   Pre Evacuate Collection Set: 0.1ms
[8.536s][debug][gc,phases      ] GC(30)     Prepare TLABs: 0.0ms
[8.536s][debug][gc,phases      ] GC(30)     Choose Collection Set: 0.0ms
[8.536s][debug][gc,phases      ] GC(30)     Region Register: 0.1ms
[8.536s][debug][gc,phases      ] GC(30)     Prepare Heap Roots: 0.0ms
[8.536s][info ][gc,phases      ] GC(30)   Merge Heap Roots: 0.1ms
[8.536s][debug][gc,phases      ] GC(30)     Prepare Merge Heap Roots: 0.0ms
[8.536s][debug][gc,phases      ] GC(30)     Eager Reclaim (ms):       skipped
[8.536s][debug][gc,phases      ] GC(30)     Remembered Sets (ms):     Min:  0.0, Avg:  0.0, Max:  0.0, Diff:  0.0, Sum:  0.1, Workers: 8
[8.536s][debug][gc,phases      ] GC(30)       Merged Sparse:            Min: 0, Avg:  0.0, Max: 0, Diff: 0, Sum: 0, Workers: 8
[8.536s][debug][gc,phases      ] GC(30)       Merged Fine:              Min: 0, Avg:  0.0, Max: 0, Diff: 0, Sum: 0, Workers: 8
[8.536s][debug][gc,phases      ] GC(30)       Merged Coarse:            Min: 0, Avg:  0.0, Max: 0, Diff: 0, Sum: 0, Workers: 8
[8.536s][debug][gc,phases      ] GC(30)       Dirty Cards:              Min: 0, Avg:  0.0, Max: 0, Diff: 0, Sum: 0, Workers: 8
[8.536s][debug][gc,phases      ] GC(30)     Hot Card Cache (ms):      Min:  0.0, Avg:  0.0, Max:  0.0, Diff:  0.0, Sum:  0.0, Workers: 8
[8.536s][debug][gc,phases      ] GC(30)       Dirty Cards:              Min: 0, Avg:  0.0, Max: 0, Diff: 0, Sum: 0, Workers: 8
[8.536s][debug][gc,phases      ] GC(30)       Skipped Cards:            Min: 0, Avg:  0.0, Max: 0, Diff: 0, Sum: 0, Workers: 8
[8.536s][debug][gc,phases      ] GC(30)     Log Buffers (ms):         Min:  0.0, Avg:  0.0, Max:  0.0, Diff:  0.0, Sum:  0.0, Workers: 8
[8.536s][debug][gc,phases      ] GC(30)       Dirty Cards:              Min: 0, Avg: 10.2, Max: 37, Diff: 37, Sum: 82, Workers: 8
[8.536s][debug][gc,phases      ] GC(30)       Skipped Cards:            Min: 0, Avg:  0.0, Max: 0, Diff: 0, Sum: 0, Workers: 8
[8.536s][info ][gc,phases      ] GC(30)   Evacuate Collection Set: 0.2ms
[8.536s][debug][gc,phases      ] GC(30)     Ext Root Scanning (ms):   Min:  0.0, Avg:  0.0, Max:  0.1, Diff:  0.1, Sum:  0.3, Workers: 8
[8.536s][debug][gc,phases      ] GC(30)     Scan Heap Roots (ms):     Min:  0.0, Avg:  0.0, Max:  0.1, Diff:  0.1, Sum:  0.3, Workers: 8
[8.536s][debug][gc,phases      ] GC(30)       Scanned Cards:            Min: 0, Avg:  9.6, Max: 24, Diff: 24, Sum: 77, Workers: 8
[8.536s][debug][gc,phases      ] GC(30)       Scanned Blocks:           Min: 0, Avg:  7.9, Max: 22, Diff: 22, Sum: 63, Workers: 8
[8.536s][debug][gc,phases      ] GC(30)       Claimed Chunks:           Min: 0, Avg:  2.6, Max: 5, Diff: 5, Sum: 21, Workers: 8
[8.536s][debug][gc,phases      ] GC(30)     Code Root Scan (ms):      Min:  0.0, Avg:  0.0, Max:  0.0, Diff:  0.0, Sum:  0.0, Workers: 8
[8.536s][debug][gc,phases      ] GC(30)     Object Copy (ms):         Min:  0.0, Avg:  0.0, Max:  0.1, Diff:  0.1, Sum:  0.3, Workers: 8
[8.536s][debug][gc,phases      ] GC(30)     Termination (ms):         Min:  0.0, Avg:  0.0, Max:  0.1, Diff:  0.0, Sum:  0.4, Workers: 8
[8.536s][debug][gc,phases      ] GC(30)       Termination Attempts:     Min: 1, Avg:  1.0, Max: 1, Diff: 0, Sum: 8, Workers: 8
[8.536s][debug][gc,phases      ] GC(30)     GC Worker Other (ms):     Min:  0.0, Avg:  0.0, Max:  0.0, Diff:  0.0, Sum:  0.1, Workers: 8
[8.536s][debug][gc,phases      ] GC(30)     GC Worker Total (ms):     Min:  0.0, Avg:  0.2, Max:  0.2, Diff:  0.2, Sum:  1.4, Workers: 8
[8.536s][info ][gc,phases      ] GC(30)   Post Evacuate Collection Set: 0.4ms
[8.536s][debug][gc,phases      ] GC(30)     Code Roots Fixup: 0.0ms
[8.536s][debug][gc,phases      ] GC(30)     Clear Card Table: 0.1ms
[8.536s][debug][gc,phases      ] GC(30)     Reference Processing: 0.0ms
[8.536s][debug][gc,phases,ref  ] GC(30)       Reconsider SoftReferences: 0.0ms
[8.536s][debug][gc,phases,ref  ] GC(30)         SoftRef (ms):             skipped
[8.536s][debug][gc,phases,ref  ] GC(30)       Notify Soft/WeakReferences: 0.0ms
[8.536s][debug][gc,phases,ref  ] GC(30)         SoftRef (ms):             Min:  0.0, Avg:  0.0, Max:  0.0, Diff:  0.0, Sum:  0.0, Workers: 1
[8.536s][debug][gc,phases,ref  ] GC(30)         WeakRef (ms):             Min:  0.0, Avg:  0.0, Max:  0.0, Diff:  0.0, Sum:  0.0, Workers: 1
[8.536s][debug][gc,phases,ref  ] GC(30)         FinalRef (ms):            Min:  0.0, Avg:  0.0, Max:  0.0, Diff:  0.0, Sum:  0.0, Workers: 1
[8.536s][debug][gc,phases,ref  ] GC(30)         Total (ms):               Min:  0.0, Avg:  0.0, Max:  0.0, Diff:  0.0, Sum:  0.0, Workers: 1
[8.536s][debug][gc,phases,ref  ] GC(30)       Notify and keep alive finalizable: 0.0ms
[8.536s][debug][gc,phases,ref  ] GC(30)         FinalRef (ms):            skipped
[8.536s][debug][gc,phases,ref  ] GC(30)       Notify PhantomReferences: 0.0ms
[8.536s][debug][gc,phases,ref  ] GC(30)         PhantomRef (ms):          Min:  0.0, Avg:  0.0, Max:  0.0, Diff:  0.0, Sum:  0.0, Workers: 1
[8.536s][debug][gc,phases,ref  ] GC(30)       SoftReference:
[8.536s][debug][gc,phases,ref  ] GC(30)         Discovered: 0
[8.536s][debug][gc,phases,ref  ] GC(30)         Cleared: 0
[8.536s][debug][gc,phases,ref  ] GC(30)       WeakReference:
[8.536s][debug][gc,phases,ref  ] GC(30)         Discovered: 23
[8.536s][debug][gc,phases,ref  ] GC(30)         Cleared: 23
[8.536s][debug][gc,phases,ref  ] GC(30)       FinalReference:
[8.536s][debug][gc,phases,ref  ] GC(30)         Discovered: 1
[8.536s][debug][gc,phases,ref  ] GC(30)         Cleared: 1
[8.536s][debug][gc,phases,ref  ] GC(30)       PhantomReference:
[8.536s][debug][gc,phases,ref  ] GC(30)         Discovered: 2
[8.536s][debug][gc,phases,ref  ] GC(30)         Cleared: 2
[8.536s][debug][gc,phases      ] GC(30)     Weak Processing: 0.1ms
[8.536s][debug][gc,phases      ] GC(30)       JVMTI weak processing: 0.0ms
[8.536s][debug][gc,phases      ] GC(30)         Dead: 0
[8.536s][debug][gc,phases      ] GC(30)         Total: 0
[8.536s][debug][gc,phases      ] GC(30)       JFR weak processing: 0.0ms
[8.536s][debug][gc,phases      ] GC(30)         Dead: 0
[8.536s][debug][gc,phases      ] GC(30)         Total: 0
[8.536s][debug][gc,phases      ] GC(30)       JNI weak                  Min:  0.0, Avg:  0.0, Max:  0.0, Diff:  0.0, Sum:  0.0, Workers: 5
[8.536s][debug][gc,phases      ] GC(30)         Dead                      Min: 0, Avg:  0.0, Max: 0, Diff: 0, Sum: 0, Workers: 5
[8.536s][debug][gc,phases      ] GC(30)         Total                     Min: 0, Avg: 13.4, Max: 67, Diff: 67, Sum: 67, Workers: 5
[8.536s][debug][gc,phases      ] GC(30)       VM weak                   Min:  0.0, Avg:  0.0, Max:  0.0, Diff:  0.0, Sum:  0.0, Workers: 5
[8.536s][debug][gc,phases      ] GC(30)         Dead                      Min: 0, Avg:  0.0, Max: 0, Diff: 0, Sum: 0, Workers: 5
[8.536s][debug][gc,phases      ] GC(30)         Total                     Min: 0, Avg: 47.6, Max: 238, Diff: 238, Sum: 238, Workers: 5
[8.536s][debug][gc,phases      ] GC(30)       StringTable weak          Min:  0.0, Avg:  0.0, Max:  0.0, Diff:  0.0, Sum:  0.0, Workers: 5
[8.536s][debug][gc,phases      ] GC(30)         Dead                      Min: 0, Avg:  0.0, Max: 0, Diff: 0, Sum: 0, Workers: 5
[8.536s][debug][gc,phases      ] GC(30)         Total                     Min: 0, Avg: 728.6, Max: 3326, Diff: 3326, Sum: 3643, Workers: 5
[8.536s][debug][gc,phases      ] GC(30)       ResolvedMethodTable weak  Min:  0.0, Avg:  0.0, Max:  0.0, Diff:  0.0, Sum:  0.0, Workers: 5
[8.536s][debug][gc,phases      ] GC(30)         Dead                      Min: 0, Avg:  0.0, Max: 0, Diff: 0, Sum: 0, Workers: 5
[8.536s][debug][gc,phases      ] GC(30)         Total                     Min: 0, Avg: 123.4, Max: 297, Diff: 297, Sum: 617, Workers: 5
[8.536s][debug][gc,phases      ] GC(30)     Merge Per-Thread State: 0.0ms
[8.536s][debug][gc,phases      ] GC(30)       Copied Bytes              Min: 0, Avg: 30869.0, Max: 82032, Diff: 82032, Sum: 246952, Workers: 8
[8.536s][debug][gc,phases      ] GC(30)       LAB Waste                 Min: 0, Avg: 102.0, Max: 208, Diff: 208, Sum: 816, Workers: 8
[8.536s][debug][gc,phases      ] GC(30)       LAB Undo Waste            Min: 0, Avg:  0.0, Max: 0, Diff: 0, Sum: 0, Workers: 8
[8.536s][debug][gc,phases      ] GC(30)     Code Roots Purge: 0.0ms
[8.536s][debug][gc,phases      ] GC(30)     Redirty Cards: 0.1ms
[8.536s][debug][gc,phases      ] GC(30)     DerivedPointerTable Update: 0.0ms
[8.536s][debug][gc,phases      ] GC(30)     Free Collection Set: 0.1ms
[8.536s][debug][gc,phases      ] GC(30)     Rebuild Free List: 0.0ms
[8.536s][debug][gc,phases      ] GC(30)     Humongous Reclaim: 0.0ms
[8.536s][debug][gc,phases      ] GC(30)     Start New Collection Set: 0.0ms
[8.536s][debug][gc,phases      ] GC(30)     Resize TLABs: 0.0ms
[8.536s][debug][gc,phases      ] GC(30)     Expand Heap After Collection: 0.0ms
[8.536s][info ][gc,phases      ] GC(30)   Other: 0.4ms
[8.536s][info ][gc,heap        ] GC(30) Eden regions: 177->0(177)
[8.536s][info ][gc,heap        ] GC(30) Survivor regions: 1->1(23)
[8.536s][info ][gc,heap        ] GC(30) Old regions: 7->7
[8.536s][info ][gc,heap        ] GC(30) Archive regions: 2->2
[8.536s][info ][gc,heap        ] GC(30) Humongous regions: 0->0
[8.536s][info ][gc,metaspace   ] GC(30) Metaspace: 10703K(11136K)->10703K(11136K) NonClass: 9440K(9728K)->9440K(9728K) Class: 1263K(1408K)->1263K(1408K)
[8.536s][debug][gc,heap        ] GC(30) Heap after GC invocations=31 (full 1): garbage-first heap   total 305152K, used 4387K [0x0000000700000000, 0x0000000800000000)
[8.536s][debug][gc,heap        ] GC(30)   region size 1024K, 1 young (1024K), 1 survivors (1024K)
[8.536s][debug][gc,heap        ] GC(30)  Metaspace       used 10703K, capacity 10992K, committed 11136K, reserved 1058816K
[8.537s][debug][gc,heap        ] GC(30)   class space    used 1263K, capacity 1389K, committed 1408K, reserved 1048576K
[8.537s][info ][gc             ] GC(30) Pause Young (Normal) (G1 Evacuation Pause) 181M->4M(298M) 1.642ms
[8.537s][info ][gc,cpu         ] GC(30) User=0.01s Sys=0.00s Real=0.00s
[8.537s][info ][safepoint      ] Safepoint "G1CollectForAllocation", Time since last: 139417189 ns, Reaching safepoint: 162393 ns, At safepoint: 1870079 ns, Total: 2032472 ns
[8.755s][debug][gc,heap        ] GC(31) Heap before GC invocations=31 (full 1): garbage-first heap   total 305152K, used 185635K [0x0000000700000000, 0x0000000800000000)
[8.755s][debug][gc,heap        ] GC(31)   region size 1024K, 178 young (182272K), 1 survivors (1024K)
[8.755s][debug][gc,heap        ] GC(31)  Metaspace       used 10703K, capacity 10992K, committed 11136K, reserved 1058816K
[8.755s][debug][gc,heap        ] GC(31)   class space    used 1263K, capacity 1389K, committed 1408K, reserved 1048576K
[8.755s][info ][gc,start       ] GC(31) Pause Young (Normal) (G1 Evacuation Pause)
[8.755s][info ][gc,task        ] GC(31) Using 8 workers of 8 for evacuation
[8.755s][debug][gc,tlab        ] GC(31) TLAB totals: thrds: 8  refills: 713 max: 123 slow allocs: 0 max 0 waste:  1.4% gc: 2221096B max: 446480B slow: 412824B max: 71568B fast: 0B max: 0B
[8.755s][debug][gc,age         ] GC(31) Desired survivor size 12058624 bytes, new threshold 15 (max threshold 15)
[8.755s][debug][gc,alloc,region] GC(31) Mutator Allocation stats, regions: 177, wasted size: 0B ( 0.0%)
[8.755s][debug][gc,ergo        ] GC(31) Running G1 Merge Heap Roots using 8 workers for 178 regions
[8.755s][debug][gc,remset      ] GC(31) Visited cards 5376 Total dirty 14336 (37.50%) Total old 747520 (0.72%)
[8.755s][debug][gc,ergo        ] GC(31) Running G1 Clear Card Table Task using 1 workers for 1 units of work for 185 regions.
[8.755s][debug][gc,ref         ] GC(31) Skipped phase1 of Reference Processing due to unavailable references
[8.755s][debug][gc,ref         ] GC(31) Skipped phase3 of Reference Processing due to unavailable references
[8.755s][debug][gc,ref         ] GC(31) Skipped phase4 of Reference Processing due to unavailable references
[8.756s][debug][gc,ergo        ] GC(31) Running G1 Free Collection Set using 8 workers for collection set length 178 (298)
[8.756s][debug][gc,ergo        ] GC(31) Running G1 Rebuild Free List Task using 8 workers for rebuilding free list of 0 (4096) regions
[8.756s][trace][gc,age         ] GC(31) Age table with threshold 15 (max threshold 15)
[8.756s][trace][gc,age         ] GC(31) - age   1:        392 bytes,        392 total
[8.756s][trace][gc,age         ] GC(31) - age   4:         32 bytes,        424 total
[8.756s][trace][gc,age         ] GC(31) - age   8:     199776 bytes,     200200 total
[8.756s][trace][gc,age         ] GC(31) - age   9:      46912 bytes,     247112 total
[8.756s][debug][gc,plab        ] GC(31) Young PLAB allocation: allocated: 55728B, wasted: 592B, unused: 8576B, used: 46560B, undo waste: 0B, 
[8.756s][debug][gc,plab        ] GC(31) Young other allocation: region end waste: 0B, regions filled: 1, direct allocated: 200552B, failure used: 0B, failure wasted: 0B
[8.756s][debug][gc,plab        ] GC(31) Young sizing: calculated: 9312B, actual: 9320B
[8.756s][debug][gc,plab        ] GC(31) Old PLAB allocation: allocated: 0B, wasted: 0B, unused: 0B, used: 0B, undo waste: 0B, 
[8.756s][debug][gc,plab        ] GC(31) Old other allocation: region end waste: 0B, regions filled: 1, direct allocated: 0B, failure used: 0B, failure wasted: 0B
[8.756s][debug][gc,plab        ] GC(31) Old sizing: calculated: 0B, actual: 2064B
[8.756s][debug][gc,ihop        ] GC(31) Basic information (value update), threshold: 140614041B (45.00), target occupancy: 312475648B, current occupancy: 4493064B, recent allocation size: 0B, recent allocation duration: 218.94ms, recent old gen allocation rate: 0.00B/s, recent marking phase length: 0.00ms
[8.756s][debug][gc,ihop        ] GC(31) Adaptive IHOP information (value update), threshold: 140614041B (47.37), internal target occupancy: 296851865B, occupancy: 4493064B, additional buffer size: 186646528B, predicted old gen allocation rate: 49423.45B/s, predicted marking phase length: 0.00ms, prediction active: false
[8.756s][debug][gc,ergo,refine ] GC(31) Concurrent refinement times: Logged Cards Scan time goal: 20.00ms Logged Cards Scan time: 0.03ms HCC time: 0.00ms
[8.756s][debug][gc,ergo,refine ] GC(31) Updated Refinement Zones: green: 2048, yellow: 6144, red: 10240
[8.756s][info ][gc,phases      ] GC(31)   Pre Evacuate Collection Set: 0.1ms
[8.756s][debug][gc,phases      ] GC(31)     Prepare TLABs: 0.0ms
[8.756s][debug][gc,phases      ] GC(31)     Choose Collection Set: 0.0ms
[8.756s][debug][gc,phases      ] GC(31)     Region Register: 0.1ms
[8.756s][debug][gc,phases      ] GC(31)     Prepare Heap Roots: 0.0ms
[8.756s][info ][gc,phases      ] GC(31)   Merge Heap Roots: 0.1ms
[8.756s][debug][gc,phases      ] GC(31)     Prepare Merge Heap Roots: 0.0ms
[8.756s][debug][gc,phases      ] GC(31)     Eager Reclaim (ms):       skipped
[8.756s][debug][gc,phases      ] GC(31)     Remembered Sets (ms):     Min:  0.0, Avg:  0.0, Max:  0.0, Diff:  0.0, Sum:  0.1, Workers: 8
[8.756s][debug][gc,phases      ] GC(31)       Merged Sparse:            Min: 0, Avg:  0.0, Max: 0, Diff: 0, Sum: 0, Workers: 8
[8.756s][debug][gc,phases      ] GC(31)       Merged Fine:              Min: 0, Avg:  0.0, Max: 0, Diff: 0, Sum: 0, Workers: 8
[8.756s][debug][gc,phases      ] GC(31)       Merged Coarse:            Min: 0, Avg:  0.0, Max: 0, Diff: 0, Sum: 0, Workers: 8
[8.756s][debug][gc,phases      ] GC(31)       Dirty Cards:              Min: 0, Avg:  0.0, Max: 0, Diff: 0, Sum: 0, Workers: 8
[8.756s][debug][gc,phases      ] GC(31)     Hot Card Cache (ms):      Min:  0.0, Avg:  0.0, Max:  0.0, Diff:  0.0, Sum:  0.0, Workers: 8
[8.756s][debug][gc,phases      ] GC(31)       Dirty Cards:              Min: 0, Avg:  0.0, Max: 0, Diff: 0, Sum: 0, Workers: 8
[8.756s][debug][gc,phases      ] GC(31)       Skipped Cards:            Min: 0, Avg:  0.0, Max: 0, Diff: 0, Sum: 0, Workers: 8
[8.756s][debug][gc,phases      ] GC(31)     Log Buffers (ms):         Min:  0.0, Avg:  0.0, Max:  0.0, Diff:  0.0, Sum:  0.0, Workers: 8
[8.756s][debug][gc,phases      ] GC(31)       Dirty Cards:              Min: 0, Avg: 10.0, Max: 23, Diff: 23, Sum: 80, Workers: 8
[8.756s][debug][gc,phases      ] GC(31)       Skipped Cards:            Min: 0, Avg:  0.0, Max: 0, Diff: 0, Sum: 0, Workers: 8
[8.756s][info ][gc,phases      ] GC(31)   Evacuate Collection Set: 0.2ms
[8.756s][debug][gc,phases      ] GC(31)     Ext Root Scanning (ms):   Min:  0.0, Avg:  0.0, Max:  0.1, Diff:  0.1, Sum:  0.3, Workers: 8
[8.756s][debug][gc,phases      ] GC(31)     Scan Heap Roots (ms):     Min:  0.0, Avg:  0.0, Max:  0.1, Diff:  0.1, Sum:  0.2, Workers: 8
[8.756s][debug][gc,phases      ] GC(31)       Scanned Cards:            Min: 0, Avg:  9.6, Max: 24, Diff: 24, Sum: 77, Workers: 8
[8.756s][debug][gc,phases      ] GC(31)       Scanned Blocks:           Min: 0, Avg:  7.9, Max: 22, Diff: 22, Sum: 63, Workers: 8
[8.756s][debug][gc,phases      ] GC(31)       Claimed Chunks:           Min: 0, Avg:  2.6, Max: 7, Diff: 7, Sum: 21, Workers: 8
[8.756s][debug][gc,phases      ] GC(31)     Code Root Scan (ms):      Min:  0.0, Avg:  0.0, Max:  0.0, Diff:  0.0, Sum:  0.0, Workers: 8
[8.756s][debug][gc,phases      ] GC(31)     Object Copy (ms):         Min:  0.0, Avg:  0.0, Max:  0.0, Diff:  0.0, Sum:  0.3, Workers: 8
[8.756s][debug][gc,phases      ] GC(31)     Termination (ms):         Min:  0.0, Avg:  0.0, Max:  0.1, Diff:  0.0, Sum:  0.4, Workers: 8
[8.756s][debug][gc,phases      ] GC(31)       Termination Attempts:     Min: 1, Avg:  1.0, Max: 1, Diff: 0, Sum: 8, Workers: 8
[8.756s][debug][gc,phases      ] GC(31)     GC Worker Other (ms):     Min:  0.0, Avg:  0.0, Max:  0.0, Diff:  0.0, Sum:  0.1, Workers: 8
[8.756s][debug][gc,phases      ] GC(31)     GC Worker Total (ms):     Min:  0.0, Avg:  0.2, Max:  0.2, Diff:  0.2, Sum:  1.3, Workers: 8
[8.756s][info ][gc,phases      ] GC(31)   Post Evacuate Collection Set: 0.4ms
[8.756s][debug][gc,phases      ] GC(31)     Code Roots Fixup: 0.0ms
[8.756s][debug][gc,phases      ] GC(31)     Clear Card Table: 0.1ms
[8.756s][debug][gc,phases      ] GC(31)     Reference Processing: 0.0ms
[8.756s][debug][gc,phases,ref  ] GC(31)       Reconsider SoftReferences: 0.0ms
[8.756s][debug][gc,phases,ref  ] GC(31)         SoftRef (ms):             skipped
[8.756s][debug][gc,phases,ref  ] GC(31)       Notify Soft/WeakReferences: 0.0ms
[8.756s][debug][gc,phases,ref  ] GC(31)         SoftRef (ms):             Min:  0.0, Avg:  0.0, Max:  0.0, Diff:  0.0, Sum:  0.0, Workers: 1
[8.756s][debug][gc,phases,ref  ] GC(31)         WeakRef (ms):             Min:  0.0, Avg:  0.0, Max:  0.0, Diff:  0.0, Sum:  0.0, Workers: 1
[8.756s][debug][gc,phases,ref  ] GC(31)         FinalRef (ms):            Min:  0.0, Avg:  0.0, Max:  0.0, Diff:  0.0, Sum:  0.0, Workers: 1
[8.756s][debug][gc,phases,ref  ] GC(31)         Total (ms):               Min:  0.0, Avg:  0.0, Max:  0.0, Diff:  0.0, Sum:  0.0, Workers: 1
[8.756s][debug][gc,phases,ref  ] GC(31)       Notify and keep alive finalizable: 0.0ms
[8.756s][debug][gc,phases,ref  ] GC(31)         FinalRef (ms):            skipped
[8.756s][debug][gc,phases,ref  ] GC(31)       Notify PhantomReferences: 0.0ms
[8.756s][debug][gc,phases,ref  ] GC(31)         PhantomRef (ms):          skipped
[8.756s][debug][gc,phases,ref  ] GC(31)       SoftReference:
[8.756s][debug][gc,phases,ref  ] GC(31)         Discovered: 0
[8.756s][debug][gc,phases,ref  ] GC(31)         Cleared: 0
[8.756s][debug][gc,phases,ref  ] GC(31)       WeakReference:
[8.756s][debug][gc,phases,ref  ] GC(31)         Discovered: 27
[8.756s][debug][gc,phases,ref  ] GC(31)         Cleared: 27
[8.756s][debug][gc,phases,ref  ] GC(31)       FinalReference:
[8.756s][debug][gc,phases,ref  ] GC(31)         Discovered: 1
[8.756s][debug][gc,phases,ref  ] GC(31)         Cleared: 1
[8.756s][debug][gc,phases,ref  ] GC(31)       PhantomReference:
[8.756s][debug][gc,phases,ref  ] GC(31)         Discovered: 0
[8.756s][debug][gc,phases,ref  ] GC(31)         Cleared: 0
[8.756s][debug][gc,phases      ] GC(31)     Weak Processing: 0.0ms
[8.756s][debug][gc,phases      ] GC(31)       JVMTI weak processing: 0.0ms
[8.756s][debug][gc,phases      ] GC(31)         Dead: 0
[8.756s][debug][gc,phases      ] GC(31)         Total: 0
[8.756s][debug][gc,phases      ] GC(31)       JFR weak processing: 0.0ms
[8.756s][debug][gc,phases      ] GC(31)         Dead: 0
[8.756s][debug][gc,phases      ] GC(31)         Total: 0
[8.756s][debug][gc,phases      ] GC(31)       JNI weak                  Min:  0.0, Avg:  0.0, Max:  0.0, Diff:  0.0, Sum:  0.0, Workers: 5
[8.756s][debug][gc,phases      ] GC(31)         Dead                      Min: 0, Avg:  0.0, Max: 0, Diff: 0, Sum: 0, Workers: 5
[8.756s][debug][gc,phases      ] GC(31)         Total                     Min: 0, Avg: 13.4, Max: 52, Diff: 52, Sum: 67, Workers: 5
[8.756s][debug][gc,phases      ] GC(31)       VM weak                   Min:  0.0, Avg:  0.0, Max:  0.0, Diff:  0.0, Sum:  0.0, Workers: 5
[8.756s][debug][gc,phases      ] GC(31)         Dead                      Min: 0, Avg:  0.0, Max: 0, Diff: 0, Sum: 0, Workers: 5
[8.756s][debug][gc,phases      ] GC(31)         Total                     Min: 0, Avg: 47.6, Max: 64, Diff: 64, Sum: 238, Workers: 5
[8.756s][debug][gc,phases      ] GC(31)       StringTable weak          Min:  0.0, Avg:  0.0, Max:  0.0, Diff:  0.0, Sum:  0.1, Workers: 5
[8.756s][debug][gc,phases      ] GC(31)         Dead                      Min: 0, Avg:  0.0, Max: 0, Diff: 0, Sum: 0, Workers: 5
[8.756s][debug][gc,phases      ] GC(31)         Total                     Min: 704, Avg: 728.6, Max: 766, Diff: 62, Sum: 3643, Workers: 5
[8.756s][debug][gc,phases      ] GC(31)       ResolvedMethodTable weak  Min:  0.0, Avg:  0.0, Max:  0.0, Diff:  0.0, Sum:  0.0, Workers: 5
[8.756s][debug][gc,phases      ] GC(31)         Dead                      Min: 0, Avg:  0.0, Max: 0, Diff: 0, Sum: 0, Workers: 5
[8.756s][debug][gc,phases      ] GC(31)         Total                     Min: 64, Avg: 123.4, Max: 192, Diff: 128, Sum: 617, Workers: 5
[8.756s][debug][gc,phases      ] GC(31)     Merge Per-Thread State: 0.0ms
[8.756s][debug][gc,phases      ] GC(31)       Copied Bytes              Min: 0, Avg: 30889.0, Max: 83464, Diff: 83464, Sum: 247112, Workers: 8
[8.756s][debug][gc,phases      ] GC(31)       LAB Waste                 Min: 0, Avg: 74.0, Max: 128, Diff: 128, Sum: 592, Workers: 8
[8.756s][debug][gc,phases      ] GC(31)       LAB Undo Waste            Min: 0, Avg:  0.0, Max: 0, Diff: 0, Sum: 0, Workers: 8
[8.756s][debug][gc,phases      ] GC(31)     Code Roots Purge: 0.0ms
[8.756s][debug][gc,phases      ] GC(31)     Redirty Cards: 0.0ms
[8.756s][debug][gc,phases      ] GC(31)     DerivedPointerTable Update: 0.0ms
[8.756s][debug][gc,phases      ] GC(31)     Free Collection Set: 0.1ms
[8.756s][debug][gc,phases      ] GC(31)     Rebuild Free List: 0.1ms
[8.756s][debug][gc,phases      ] GC(31)     Humongous Reclaim: 0.0ms
[8.756s][debug][gc,phases      ] GC(31)     Start New Collection Set: 0.0ms
[8.756s][debug][gc,phases      ] GC(31)     Resize TLABs: 0.0ms
[8.756s][debug][gc,phases      ] GC(31)     Expand Heap After Collection: 0.0ms
[8.756s][info ][gc,phases      ] GC(31)   Other: 0.4ms
[8.756s][info ][gc,heap        ] GC(31) Eden regions: 177->0(177)
[8.756s][info ][gc,heap        ] GC(31) Survivor regions: 1->1(23)
[8.756s][info ][gc,heap        ] GC(31) Old regions: 7->7
[8.757s][info ][gc,heap        ] GC(31) Archive regions: 2->2
[8.757s][info ][gc,heap        ] GC(31) Humongous regions: 0->0
[8.757s][info ][gc,metaspace   ] GC(31) Metaspace: 10703K(11136K)->10703K(11136K) NonClass: 9440K(9728K)->9440K(9728K) Class: 1263K(1408K)->1263K(1408K)
[8.757s][debug][gc,heap        ] GC(31) Heap after GC invocations=32 (full 1): garbage-first heap   total 305152K, used 4387K [0x0000000700000000, 0x0000000800000000)
[8.757s][debug][gc,heap        ] GC(31)   region size 1024K, 1 young (1024K), 1 survivors (1024K)
[8.757s][debug][gc,heap        ] GC(31)  Metaspace       used 10703K, capacity 10992K, committed 11136K, reserved 1058816K
[8.757s][debug][gc,heap        ] GC(31)   class space    used 1263K, capacity 1389K, committed 1408K, reserved 1048576K
[8.757s][info ][gc             ] GC(31) Pause Young (Normal) (G1 Evacuation Pause) 181M->4M(298M) 1.765ms
[8.757s][info ][gc,cpu         ] GC(31) User=0.01s Sys=0.01s Real=0.00s
[8.758s][info ][safepoint      ] Safepoint "G1CollectForAllocation", Time since last: 217925088 ns, Reaching safepoint: 123555 ns, At safepoint: 2984209 ns, Total: 3107764 ns
[8.894s][debug][gc,heap        ] GC(32) Heap before GC invocations=32 (full 1): garbage-first heap   total 305152K, used 185635K [0x0000000700000000, 0x0000000800000000)
[8.894s][debug][gc,heap        ] GC(32)   region size 1024K, 178 young (182272K), 1 survivors (1024K)
[8.894s][debug][gc,heap        ] GC(32)  Metaspace       used 10703K, capacity 10992K, committed 11136K, reserved 1058816K
[8.894s][debug][gc,heap        ] GC(32)   class space    used 1263K, capacity 1389K, committed 1408K, reserved 1048576K
[8.894s][info ][gc,start       ] GC(32) Pause Young (Normal) (G1 Evacuation Pause)
[8.894s][info ][gc,task        ] GC(32) Using 8 workers of 8 for evacuation
[8.894s][debug][gc,tlab        ] GC(32) TLAB totals: thrds: 8  refills: 716 max: 128 slow allocs: 0 max 0 waste:  1.2% gc: 1769856B max: 415008B slow: 413960B max: 73984B fast: 0B max: 0B
[8.894s][debug][gc,age         ] GC(32) Desired survivor size 12058624 bytes, new threshold 15 (max threshold 15)
[8.894s][debug][gc,alloc,region] GC(32) Mutator Allocation stats, regions: 177, wasted size: 0B ( 0.0%)
[8.894s][debug][gc,ergo        ] GC(32) Running G1 Merge Heap Roots using 8 workers for 178 regions
[8.894s][debug][gc,remset      ] GC(32) Visited cards 5376 Total dirty 14336 (37.50%) Total old 747520 (0.72%)
[8.894s][debug][gc,ergo        ] GC(32) Running G1 Clear Card Table Task using 1 workers for 1 units of work for 185 regions.
[8.894s][debug][gc,ref         ] GC(32) Skipped phase1 of Reference Processing due to unavailable references
[8.894s][debug][gc,ref         ] GC(32) Skipped phase3 of Reference Processing due to unavailable references
[8.894s][debug][gc,ergo        ] GC(32) Running G1 Free Collection Set using 8 workers for collection set length 178 (298)
[8.894s][debug][gc,ergo        ] GC(32) Running G1 Rebuild Free List Task using 8 workers for rebuilding free list of 0 (4096) regions
[8.895s][trace][gc,age         ] GC(32) Age table with threshold 15 (max threshold 15)
[8.895s][trace][gc,age         ] GC(32) - age   1:        464 bytes,        464 total
[8.895s][trace][gc,age         ] GC(32) - age   5:         32 bytes,        496 total
[8.895s][trace][gc,age         ] GC(32) - age   9:     199776 bytes,     200272 total
[8.895s][trace][gc,age         ] GC(32) - age  10:      46912 bytes,     247184 total
[8.895s][debug][gc,plab        ] GC(32) Young PLAB allocation: allocated: 55728B, wasted: 600B, unused: 7848B, used: 47280B, undo waste: 0B, 
[8.895s][debug][gc,plab        ] GC(32) Young other allocation: region end waste: 0B, regions filled: 1, direct allocated: 199904B, failure used: 0B, failure wasted: 0B
[8.895s][debug][gc,plab        ] GC(32) Young sizing: calculated: 9456B, actual: 9416B
[8.895s][debug][gc,plab        ] GC(32) Old PLAB allocation: allocated: 0B, wasted: 0B, unused: 0B, used: 0B, undo waste: 0B, 
[8.895s][debug][gc,plab        ] GC(32) Old other allocation: region end waste: 0B, regions filled: 1, direct allocated: 0B, failure used: 0B, failure wasted: 0B
[8.895s][debug][gc,plab        ] GC(32) Old sizing: calculated: 0B, actual: 2064B
[8.895s][debug][gc,ihop        ] GC(32) Basic information (value update), threshold: 140614041B (45.00), target occupancy: 312475648B, current occupancy: 4492416B, recent allocation size: 0B, recent allocation duration: 138.02ms, recent old gen allocation rate: 0.00B/s, recent marking phase length: 0.00ms
[8.895s][debug][gc,ihop        ] GC(32) Adaptive IHOP information (value update), threshold: 140614041B (47.37), internal target occupancy: 296851865B, occupancy: 4492416B, additional buffer size: 186646528B, predicted old gen allocation rate: 47842.61B/s, predicted marking phase length: 0.00ms, prediction active: false
[8.895s][debug][gc,ergo,refine ] GC(32) Concurrent refinement times: Logged Cards Scan time goal: 20.00ms Logged Cards Scan time: 0.03ms HCC time: 0.00ms
[8.895s][debug][gc,ergo,refine ] GC(32) Updated Refinement Zones: green: 2048, yellow: 6144, red: 10240
[8.895s][info ][gc,phases      ] GC(32)   Pre Evacuate Collection Set: 0.1ms
[8.895s][debug][gc,phases      ] GC(32)     Prepare TLABs: 0.0ms
[8.895s][debug][gc,phases      ] GC(32)     Choose Collection Set: 0.0ms
[8.895s][debug][gc,phases      ] GC(32)     Region Register: 0.1ms
[8.895s][debug][gc,phases      ] GC(32)     Prepare Heap Roots: 0.0ms
[8.895s][info ][gc,phases      ] GC(32)   Merge Heap Roots: 0.1ms
[8.895s][debug][gc,phases      ] GC(32)     Prepare Merge Heap Roots: 0.0ms
[8.895s][debug][gc,phases      ] GC(32)     Eager Reclaim (ms):       skipped
[8.895s][debug][gc,phases      ] GC(32)     Remembered Sets (ms):     Min:  0.0, Avg:  0.0, Max:  0.0, Diff:  0.0, Sum:  0.1, Workers: 8
[8.895s][debug][gc,phases      ] GC(32)       Merged Sparse:            Min: 0, Avg:  0.0, Max: 0, Diff: 0, Sum: 0, Workers: 8
[8.895s][debug][gc,phases      ] GC(32)       Merged Fine:              Min: 0, Avg:  0.0, Max: 0, Diff: 0, Sum: 0, Workers: 8
[8.895s][debug][gc,phases      ] GC(32)       Merged Coarse:            Min: 0, Avg:  0.0, Max: 0, Diff: 0, Sum: 0, Workers: 8
[8.895s][debug][gc,phases      ] GC(32)       Dirty Cards:              Min: 0, Avg:  0.0, Max: 0, Diff: 0, Sum: 0, Workers: 8
[8.895s][debug][gc,phases      ] GC(32)     Hot Card Cache (ms):      Min:  0.0, Avg:  0.0, Max:  0.0, Diff:  0.0, Sum:  0.0, Workers: 8
[8.895s][debug][gc,phases      ] GC(32)       Dirty Cards:              Min: 0, Avg:  0.0, Max: 0, Diff: 0, Sum: 0, Workers: 8
[8.895s][debug][gc,phases      ] GC(32)       Skipped Cards:            Min: 0, Avg:  0.0, Max: 0, Diff: 0, Sum: 0, Workers: 8
[8.895s][debug][gc,phases      ] GC(32)     Log Buffers (ms):         Min:  0.0, Avg:  0.0, Max:  0.0, Diff:  0.0, Sum:  0.0, Workers: 8
[8.895s][debug][gc,phases      ] GC(32)       Dirty Cards:              Min: 0, Avg: 10.4, Max: 29, Diff: 29, Sum: 83, Workers: 8
[8.895s][debug][gc,phases      ] GC(32)       Skipped Cards:            Min: 0, Avg:  0.0, Max: 0, Diff: 0, Sum: 0, Workers: 8
[8.895s][info ][gc,phases      ] GC(32)   Evacuate Collection Set: 0.2ms
[8.895s][debug][gc,phases      ] GC(32)     Ext Root Scanning (ms):   Min:  0.0, Avg:  0.0, Max:  0.1, Diff:  0.1, Sum:  0.3, Workers: 8
[8.895s][debug][gc,phases      ] GC(32)     Scan Heap Roots (ms):     Min:  0.0, Avg:  0.0, Max:  0.1, Diff:  0.1, Sum:  0.2, Workers: 8
[8.895s][debug][gc,phases      ] GC(32)       Scanned Cards:            Min: 0, Avg:  9.6, Max: 15, Diff: 15, Sum: 77, Workers: 8
[8.895s][debug][gc,phases      ] GC(32)       Scanned Blocks:           Min: 0, Avg:  7.9, Max: 14, Diff: 14, Sum: 63, Workers: 8
[8.895s][debug][gc,phases      ] GC(32)       Claimed Chunks:           Min: 0, Avg:  2.6, Max: 5, Diff: 5, Sum: 21, Workers: 8
[8.895s][debug][gc,phases      ] GC(32)     Code Root Scan (ms):      Min:  0.0, Avg:  0.0, Max:  0.0, Diff:  0.0, Sum:  0.0, Workers: 8
[8.895s][debug][gc,phases      ] GC(32)     Object Copy (ms):         Min:  0.0, Avg:  0.0, Max:  0.0, Diff:  0.0, Sum:  0.3, Workers: 8
[8.895s][debug][gc,phases      ] GC(32)     Termination (ms):         Min:  0.1, Avg:  0.1, Max:  0.1, Diff:  0.0, Sum:  0.6, Workers: 8
[8.895s][debug][gc,phases      ] GC(32)       Termination Attempts:     Min: 1, Avg:  1.0, Max: 1, Diff: 0, Sum: 8, Workers: 8
[8.895s][debug][gc,phases      ] GC(32)     GC Worker Other (ms):     Min:  0.0, Avg:  0.0, Max:  0.0, Diff:  0.0, Sum:  0.1, Workers: 8
[8.895s][debug][gc,phases      ] GC(32)     GC Worker Total (ms):     Min:  0.2, Avg:  0.2, Max:  0.2, Diff:  0.0, Sum:  1.5, Workers: 8
[8.895s][info ][gc,phases      ] GC(32)   Post Evacuate Collection Set: 0.3ms
[8.895s][debug][gc,phases      ] GC(32)     Code Roots Fixup: 0.0ms
[8.895s][debug][gc,phases      ] GC(32)     Clear Card Table: 0.1ms
[8.895s][debug][gc,phases      ] GC(32)     Reference Processing: 0.0ms
[8.895s][debug][gc,phases,ref  ] GC(32)       Reconsider SoftReferences: 0.0ms
[8.895s][debug][gc,phases,ref  ] GC(32)         SoftRef (ms):             skipped
[8.895s][debug][gc,phases,ref  ] GC(32)       Notify Soft/WeakReferences: 0.0ms
[8.895s][debug][gc,phases,ref  ] GC(32)         SoftRef (ms):             Min:  0.0, Avg:  0.0, Max:  0.0, Diff:  0.0, Sum:  0.0, Workers: 1
[8.895s][debug][gc,phases,ref  ] GC(32)         WeakRef (ms):             Min:  0.0, Avg:  0.0, Max:  0.0, Diff:  0.0, Sum:  0.0, Workers: 1
[8.895s][debug][gc,phases,ref  ] GC(32)         FinalRef (ms):            Min:  0.0, Avg:  0.0, Max:  0.0, Diff:  0.0, Sum:  0.0, Workers: 1
[8.895s][debug][gc,phases,ref  ] GC(32)         Total (ms):               Min:  0.0, Avg:  0.0, Max:  0.0, Diff:  0.0, Sum:  0.0, Workers: 1
[8.895s][debug][gc,phases,ref  ] GC(32)       Notify and keep alive finalizable: 0.0ms
[8.895s][debug][gc,phases,ref  ] GC(32)         FinalRef (ms):            skipped
[8.895s][debug][gc,phases,ref  ] GC(32)       Notify PhantomReferences: 0.0ms
[8.895s][debug][gc,phases,ref  ] GC(32)         PhantomRef (ms):          Min:  0.0, Avg:  0.0, Max:  0.0, Diff:  0.0, Sum:  0.0, Workers: 1
[8.895s][debug][gc,phases,ref  ] GC(32)       SoftReference:
[8.895s][debug][gc,phases,ref  ] GC(32)         Discovered: 0
[8.895s][debug][gc,phases,ref  ] GC(32)         Cleared: 0
[8.895s][debug][gc,phases,ref  ] GC(32)       WeakReference:
[8.895s][debug][gc,phases,ref  ] GC(32)         Discovered: 26
[8.895s][debug][gc,phases,ref  ] GC(32)         Cleared: 26
[8.895s][debug][gc,phases,ref  ] GC(32)       FinalReference:
[8.895s][debug][gc,phases,ref  ] GC(32)         Discovered: 7
[8.895s][debug][gc,phases,ref  ] GC(32)         Cleared: 7
[8.895s][debug][gc,phases,ref  ] GC(32)       PhantomReference:
[8.895s][debug][gc,phases,ref  ] GC(32)         Discovered: 2
[8.895s][debug][gc,phases,ref  ] GC(32)         Cleared: 2
[8.895s][debug][gc,phases      ] GC(32)     Weak Processing: 0.0ms
[8.895s][debug][gc,phases      ] GC(32)       JVMTI weak processing: 0.0ms
[8.895s][debug][gc,phases      ] GC(32)         Dead: 0
[8.895s][debug][gc,phases      ] GC(32)         Total: 0
[8.895s][debug][gc,phases      ] GC(32)       JFR weak processing: 0.0ms
[8.895s][debug][gc,phases      ] GC(32)         Dead: 0
[8.895s][debug][gc,phases      ] GC(32)         Total: 0
[8.895s][debug][gc,phases      ] GC(32)       JNI weak                  Min:  0.0, Avg:  0.0, Max:  0.0, Diff:  0.0, Sum:  0.0, Workers: 5
[8.895s][debug][gc,phases      ] GC(32)         Dead                      Min: 0, Avg:  0.0, Max: 0, Diff: 0, Sum: 0, Workers: 5
[8.895s][debug][gc,phases      ] GC(32)         Total                     Min: 0, Avg: 13.4, Max: 52, Diff: 52, Sum: 67, Workers: 5
[8.895s][debug][gc,phases      ] GC(32)       VM weak                   Min:  0.0, Avg:  0.0, Max:  0.0, Diff:  0.0, Sum:  0.0, Workers: 5
[8.895s][debug][gc,phases      ] GC(32)         Dead                      Min: 0, Avg:  0.0, Max: 0, Diff: 0, Sum: 0, Workers: 5
[8.895s][debug][gc,phases      ] GC(32)         Total                     Min: 0, Avg: 47.6, Max: 64, Diff: 64, Sum: 238, Workers: 5
[8.895s][debug][gc,phases      ] GC(32)       StringTable weak          Min:  0.0, Avg:  0.0, Max:  0.0, Diff:  0.0, Sum:  0.1, Workers: 5
[8.895s][debug][gc,phases      ] GC(32)         Dead                      Min: 0, Avg:  0.0, Max: 0, Diff: 0, Sum: 0, Workers: 5
[8.895s][debug][gc,phases      ] GC(32)         Total                     Min: 320, Avg: 728.6, Max: 832, Diff: 512, Sum: 3643, Workers: 5
[8.895s][debug][gc,phases      ] GC(32)       ResolvedMethodTable weak  Min:  0.0, Avg:  0.0, Max:  0.0, Diff:  0.0, Sum:  0.0, Workers: 5
[8.895s][debug][gc,phases      ] GC(32)         Dead                      Min: 0, Avg:  0.0, Max: 0, Diff: 0, Sum: 0, Workers: 5
[8.895s][debug][gc,phases      ] GC(32)         Total                     Min: 64, Avg: 123.4, Max: 192, Diff: 128, Sum: 617, Workers: 5
[8.895s][debug][gc,phases      ] GC(32)     Merge Per-Thread State: 0.0ms
[8.895s][debug][gc,phases      ] GC(32)       Copied Bytes              Min: 4568, Avg: 30898.0, Max: 83440, Diff: 78872, Sum: 247184, Workers: 8
[8.895s][debug][gc,phases      ] GC(32)       LAB Waste                 Min: 24, Avg: 75.0, Max: 136, Diff: 112, Sum: 600, Workers: 8
[8.895s][debug][gc,phases      ] GC(32)       LAB Undo Waste            Min: 0, Avg:  0.0, Max: 0, Diff: 0, Sum: 0, Workers: 8
[8.895s][debug][gc,phases      ] GC(32)     Code Roots Purge: 0.0ms
[8.895s][debug][gc,phases      ] GC(32)     Redirty Cards: 0.0ms
[8.895s][debug][gc,phases      ] GC(32)     DerivedPointerTable Update: 0.0ms
[8.895s][debug][gc,phases      ] GC(32)     Free Collection Set: 0.1ms
[8.895s][debug][gc,phases      ] GC(32)     Rebuild Free List: 0.0ms
[8.895s][debug][gc,phases      ] GC(32)     Humongous Reclaim: 0.0ms
[8.895s][debug][gc,phases      ] GC(32)     Start New Collection Set: 0.0ms
[8.895s][debug][gc,phases      ] GC(32)     Resize TLABs: 0.0ms
[8.895s][debug][gc,phases      ] GC(32)     Expand Heap After Collection: 0.0ms
[8.895s][info ][gc,phases      ] GC(32)   Other: 0.3ms
[8.895s][info ][gc,heap        ] GC(32) Eden regions: 177->0(177)
[8.895s][info ][gc,heap        ] GC(32) Survivor regions: 1->1(23)
[8.895s][info ][gc,heap        ] GC(32) Old regions: 7->7
[8.895s][info ][gc,heap        ] GC(32) Archive regions: 2->2
[8.895s][info ][gc,heap        ] GC(32) Humongous regions: 0->0
[8.895s][info ][gc,metaspace   ] GC(32) Metaspace: 10703K(11136K)->10703K(11136K) NonClass: 9440K(9728K)->9440K(9728K) Class: 1263K(1408K)->1263K(1408K)
[8.895s][debug][gc,heap        ] GC(32) Heap after GC invocations=33 (full 1): garbage-first heap   total 305152K, used 4387K [0x0000000700000000, 0x0000000800000000)
[8.895s][debug][gc,heap        ] GC(32)   region size 1024K, 1 young (1024K), 1 survivors (1024K)
[8.895s][debug][gc,heap        ] GC(32)  Metaspace       used 10703K, capacity 10992K, committed 11136K, reserved 1058816K
[8.895s][debug][gc,heap        ] GC(32)   class space    used 1263K, capacity 1389K, committed 1408K, reserved 1048576K
[8.895s][info ][gc             ] GC(32) Pause Young (Normal) (G1 Evacuation Pause) 181M->4M(298M) 1.514ms
[8.895s][info ][gc,cpu         ] GC(32) User=0.01s Sys=0.00s Real=0.00s
[8.895s][info ][safepoint      ] Safepoint "G1CollectForAllocation", Time since last: 135964027 ns, Reaching safepoint: 120171 ns, At safepoint: 1703614 ns, Total: 1823785 ns
[9.043s][debug][gc,heap        ] GC(33) Heap before GC invocations=33 (full 1): garbage-first heap   total 305152K, used 185635K [0x0000000700000000, 0x0000000800000000)
[9.044s][debug][gc,heap        ] GC(33)   region size 1024K, 178 young (182272K), 1 survivors (1024K)
[9.044s][debug][gc,heap        ] GC(33)  Metaspace       used 10703K, capacity 10992K, committed 11136K, reserved 1058816K
[9.044s][debug][gc,heap        ] GC(33)   class space    used 1263K, capacity 1389K, committed 1408K, reserved 1048576K
[9.044s][info ][gc,start       ] GC(33) Pause Young (Normal) (G1 Evacuation Pause)
[9.044s][info ][gc,task        ] GC(33) Using 8 workers of 8 for evacuation
[9.044s][debug][gc,tlab        ] GC(33) TLAB totals: thrds: 8  refills: 712 max: 101 slow allocs: 0 max 0 waste:  0.8% gc: 1003896B max: 389984B slow: 412360B max: 58088B fast: 0B max: 0B
[9.044s][debug][gc,age         ] GC(33) Desired survivor size 12058624 bytes, new threshold 15 (max threshold 15)
[9.044s][debug][gc,alloc,region] GC(33) Mutator Allocation stats, regions: 177, wasted size: 0B ( 0.0%)
[9.044s][debug][gc,ergo        ] GC(33) Running G1 Merge Heap Roots using 8 workers for 178 regions
[9.044s][debug][gc,remset      ] GC(33) Visited cards 5376 Total dirty 14336 (37.50%) Total old 747520 (0.72%)
[9.044s][debug][gc,ergo        ] GC(33) Running G1 Clear Card Table Task using 1 workers for 1 units of work for 185 regions.
[9.044s][debug][gc,ref         ] GC(33) Skipped phase1 of Reference Processing due to unavailable references
[9.044s][debug][gc,ref         ] GC(33) Skipped phase3 of Reference Processing due to unavailable references
[9.044s][debug][gc,ergo        ] GC(33) Running G1 Free Collection Set using 8 workers for collection set length 178 (298)
[9.044s][debug][gc,ergo        ] GC(33) Running G1 Rebuild Free List Task using 8 workers for rebuilding free list of 0 (4096) regions
[9.044s][trace][gc,age         ] GC(33) Age table with threshold 15 (max threshold 15)
[9.044s][trace][gc,age         ] GC(33) - age   1:        256 bytes,        256 total
[9.044s][trace][gc,age         ] GC(33) - age   6:         32 bytes,        288 total
[9.044s][trace][gc,age         ] GC(33) - age  10:     199776 bytes,     200064 total
[9.045s][trace][gc,age         ] GC(33) - age  11:      46912 bytes,     246976 total
[9.045s][debug][gc,plab        ] GC(33) Young PLAB allocation: allocated: 55728B, wasted: 744B, unused: 8296B, used: 46688B, undo waste: 0B, 
[9.045s][debug][gc,plab        ] GC(33) Young other allocation: region end waste: 0B, regions filled: 1, direct allocated: 200288B, failure used: 0B, failure wasted: 0B
[9.045s][debug][gc,plab        ] GC(33) Young sizing: calculated: 9336B, actual: 9352B
[9.045s][debug][gc,plab        ] GC(33) Old PLAB allocation: allocated: 0B, wasted: 0B, unused: 0B, used: 0B, undo waste: 0B, 
[9.045s][debug][gc,plab        ] GC(33) Old other allocation: region end waste: 0B, regions filled: 1, direct allocated: 0B, failure used: 0B, failure wasted: 0B
[9.045s][debug][gc,plab        ] GC(33) Old sizing: calculated: 0B, actual: 2064B
[9.045s][debug][gc,ihop        ] GC(33) Basic information (value update), threshold: 140614041B (45.00), target occupancy: 312475648B, current occupancy: 4492800B, recent allocation size: 0B, recent allocation duration: 148.98ms, recent old gen allocation rate: 0.00B/s, recent marking phase length: 0.00ms
[9.045s][debug][gc,ihop        ] GC(33) Adaptive IHOP information (value update), threshold: 140614041B (47.37), internal target occupancy: 296851865B, occupancy: 4492800B, additional buffer size: 186646528B, predicted old gen allocation rate: 46317.34B/s, predicted marking phase length: 0.00ms, prediction active: false
[9.045s][debug][gc,ergo,refine ] GC(33) Concurrent refinement times: Logged Cards Scan time goal: 20.00ms Logged Cards Scan time: 0.03ms HCC time: 0.00ms
[9.045s][debug][gc,ergo,refine ] GC(33) Updated Refinement Zones: green: 2048, yellow: 6144, red: 10240
[9.045s][info ][gc,phases      ] GC(33)   Pre Evacuate Collection Set: 0.1ms
[9.045s][debug][gc,phases      ] GC(33)     Prepare TLABs: 0.0ms
[9.045s][debug][gc,phases      ] GC(33)     Choose Collection Set: 0.0ms
[9.045s][debug][gc,phases      ] GC(33)     Region Register: 0.1ms
[9.045s][debug][gc,phases      ] GC(33)     Prepare Heap Roots: 0.0ms
[9.045s][info ][gc,phases      ] GC(33)   Merge Heap Roots: 0.1ms
[9.045s][debug][gc,phases      ] GC(33)     Prepare Merge Heap Roots: 0.0ms
[9.045s][debug][gc,phases      ] GC(33)     Eager Reclaim (ms):       skipped
[9.045s][debug][gc,phases      ] GC(33)     Remembered Sets (ms):     Min:  0.0, Avg:  0.0, Max:  0.0, Diff:  0.0, Sum:  0.1, Workers: 8
[9.045s][debug][gc,phases      ] GC(33)       Merged Sparse:            Min: 0, Avg:  0.0, Max: 0, Diff: 0, Sum: 0, Workers: 8
[9.045s][debug][gc,phases      ] GC(33)       Merged Fine:              Min: 0, Avg:  0.0, Max: 0, Diff: 0, Sum: 0, Workers: 8
[9.045s][debug][gc,phases      ] GC(33)       Merged Coarse:            Min: 0, Avg:  0.0, Max: 0, Diff: 0, Sum: 0, Workers: 8
[9.045s][debug][gc,phases      ] GC(33)       Dirty Cards:              Min: 0, Avg:  0.0, Max: 0, Diff: 0, Sum: 0, Workers: 8
[9.045s][debug][gc,phases      ] GC(33)     Hot Card Cache (ms):      Min:  0.0, Avg:  0.0, Max:  0.0, Diff:  0.0, Sum:  0.0, Workers: 8
[9.045s][debug][gc,phases      ] GC(33)       Dirty Cards:              Min: 0, Avg:  0.0, Max: 0, Diff: 0, Sum: 0, Workers: 8
[9.045s][debug][gc,phases      ] GC(33)       Skipped Cards:            Min: 0, Avg:  0.0, Max: 0, Diff: 0, Sum: 0, Workers: 8
[9.045s][debug][gc,phases      ] GC(33)     Log Buffers (ms):         Min:  0.0, Avg:  0.0, Max:  0.0, Diff:  0.0, Sum:  0.0, Workers: 8
[9.045s][debug][gc,phases      ] GC(33)       Dirty Cards:              Min: 0, Avg: 10.4, Max: 28, Diff: 28, Sum: 83, Workers: 8
[9.045s][debug][gc,phases      ] GC(33)       Skipped Cards:            Min: 0, Avg:  0.0, Max: 0, Diff: 0, Sum: 0, Workers: 8
[9.045s][info ][gc,phases      ] GC(33)   Evacuate Collection Set: 0.3ms
[9.045s][debug][gc,phases      ] GC(33)     Ext Root Scanning (ms):   Min:  0.0, Avg:  0.0, Max:  0.2, Diff:  0.2, Sum:  0.4, Workers: 8
[9.045s][debug][gc,phases      ] GC(33)     Scan Heap Roots (ms):     Min:  0.0, Avg:  0.0, Max:  0.1, Diff:  0.1, Sum:  0.2, Workers: 8
[9.045s][debug][gc,phases      ] GC(33)       Scanned Cards:            Min: 0, Avg:  9.6, Max: 19, Diff: 19, Sum: 77, Workers: 8
[9.045s][debug][gc,phases      ] GC(33)       Scanned Blocks:           Min: 0, Avg:  7.9, Max: 19, Diff: 19, Sum: 63, Workers: 8
[9.045s][debug][gc,phases      ] GC(33)       Claimed Chunks:           Min: 0, Avg:  2.6, Max: 5, Diff: 5, Sum: 21, Workers: 8
[9.045s][debug][gc,phases      ] GC(33)     Code Root Scan (ms):      Min:  0.0, Avg:  0.0, Max:  0.0, Diff:  0.0, Sum:  0.0, Workers: 8
[9.045s][debug][gc,phases      ] GC(33)     Object Copy (ms):         Min:  0.0, Avg:  0.0, Max:  0.0, Diff:  0.0, Sum:  0.3, Workers: 8
[9.045s][debug][gc,phases      ] GC(33)     Termination (ms):         Min:  0.0, Avg:  0.1, Max:  0.1, Diff:  0.0, Sum:  0.5, Workers: 8
[9.045s][debug][gc,phases      ] GC(33)       Termination Attempts:     Min: 1, Avg:  1.0, Max: 1, Diff: 0, Sum: 8, Workers: 8
[9.045s][debug][gc,phases      ] GC(33)     GC Worker Other (ms):     Min:  0.0, Avg:  0.0, Max:  0.0, Diff:  0.0, Sum:  0.2, Workers: 8
[9.045s][debug][gc,phases      ] GC(33)     GC Worker Total (ms):     Min:  0.2, Avg:  0.2, Max:  0.2, Diff:  0.0, Sum:  1.7, Workers: 8
[9.045s][info ][gc,phases      ] GC(33)   Post Evacuate Collection Set: 0.4ms
[9.045s][debug][gc,phases      ] GC(33)     Code Roots Fixup: 0.0ms
[9.045s][debug][gc,phases      ] GC(33)     Clear Card Table: 0.1ms
[9.045s][debug][gc,phases      ] GC(33)     Reference Processing: 0.0ms
[9.045s][debug][gc,phases,ref  ] GC(33)       Reconsider SoftReferences: 0.0ms
[9.045s][debug][gc,phases,ref  ] GC(33)         SoftRef (ms):             skipped
[9.045s][debug][gc,phases,ref  ] GC(33)       Notify Soft/WeakReferences: 0.0ms
[9.045s][debug][gc,phases,ref  ] GC(33)         SoftRef (ms):             Min:  0.0, Avg:  0.0, Max:  0.0, Diff:  0.0, Sum:  0.0, Workers: 1
[9.045s][debug][gc,phases,ref  ] GC(33)         WeakRef (ms):             Min:  0.0, Avg:  0.0, Max:  0.0, Diff:  0.0, Sum:  0.0, Workers: 1
[9.045s][debug][gc,phases,ref  ] GC(33)         FinalRef (ms):            Min:  0.0, Avg:  0.0, Max:  0.0, Diff:  0.0, Sum:  0.0, Workers: 1
[9.045s][debug][gc,phases,ref  ] GC(33)         Total (ms):               Min:  0.0, Avg:  0.0, Max:  0.0, Diff:  0.0, Sum:  0.0, Workers: 1
[9.045s][debug][gc,phases,ref  ] GC(33)       Notify and keep alive finalizable: 0.0ms
[9.045s][debug][gc,phases,ref  ] GC(33)         FinalRef (ms):            skipped
[9.045s][debug][gc,phases,ref  ] GC(33)       Notify PhantomReferences: 0.0ms
[9.045s][debug][gc,phases,ref  ] GC(33)         PhantomRef (ms):          Min:  0.0, Avg:  0.0, Max:  0.0, Diff:  0.0, Sum:  0.0, Workers: 1
[9.045s][debug][gc,phases,ref  ] GC(33)       SoftReference:
[9.045s][debug][gc,phases,ref  ] GC(33)         Discovered: 0
[9.045s][debug][gc,phases,ref  ] GC(33)         Cleared: 0
[9.045s][debug][gc,phases,ref  ] GC(33)       WeakReference:
[9.045s][debug][gc,phases,ref  ] GC(33)         Discovered: 28
[9.045s][debug][gc,phases,ref  ] GC(33)         Cleared: 28
[9.045s][debug][gc,phases,ref  ] GC(33)       FinalReference:
[9.045s][debug][gc,phases,ref  ] GC(33)         Discovered: 5
[9.045s][debug][gc,phases,ref  ] GC(33)         Cleared: 5
[9.045s][debug][gc,phases,ref  ] GC(33)       PhantomReference:
[9.045s][debug][gc,phases,ref  ] GC(33)         Discovered: 2
[9.045s][debug][gc,phases,ref  ] GC(33)         Cleared: 2
[9.045s][debug][gc,phases      ] GC(33)     Weak Processing: 0.1ms
[9.045s][debug][gc,phases      ] GC(33)       JVMTI weak processing: 0.0ms
[9.045s][debug][gc,phases      ] GC(33)         Dead: 0
[9.045s][debug][gc,phases      ] GC(33)         Total: 0
[9.045s][debug][gc,phases      ] GC(33)       JFR weak processing: 0.0ms
[9.045s][debug][gc,phases      ] GC(33)         Dead: 0
[9.045s][debug][gc,phases      ] GC(33)         Total: 0
[9.045s][debug][gc,phases      ] GC(33)       JNI weak                  Min:  0.0, Avg:  0.0, Max:  0.0, Diff:  0.0, Sum:  0.0, Workers: 5
[9.045s][debug][gc,phases      ] GC(33)         Dead                      Min: 0, Avg:  0.0, Max: 0, Diff: 0, Sum: 0, Workers: 5
[9.045s][debug][gc,phases      ] GC(33)         Total                     Min: 0, Avg: 13.4, Max: 52, Diff: 52, Sum: 67, Workers: 5
[9.045s][debug][gc,phases      ] GC(33)       VM weak                   Min:  0.0, Avg:  0.0, Max:  0.0, Diff:  0.0, Sum:  0.0, Workers: 5
[9.045s][debug][gc,phases      ] GC(33)         Dead                      Min: 0, Avg:  0.0, Max: 0, Diff: 0, Sum: 0, Workers: 5
[9.045s][debug][gc,phases      ] GC(33)         Total                     Min: 0, Avg: 47.6, Max: 128, Diff: 128, Sum: 238, Workers: 5
[9.045s][debug][gc,phases      ] GC(33)       StringTable weak          Min:  0.0, Avg:  0.0, Max:  0.0, Diff:  0.0, Sum:  0.1, Workers: 5
[9.045s][debug][gc,phases      ] GC(33)         Dead                      Min: 0, Avg:  0.0, Max: 0, Diff: 0, Sum: 0, Workers: 5
[9.045s][debug][gc,phases      ] GC(33)         Total                     Min: 0, Avg: 728.6, Max: 1344, Diff: 1344, Sum: 3643, Workers: 5
[9.045s][debug][gc,phases      ] GC(33)       ResolvedMethodTable weak  Min:  0.0, Avg:  0.0, Max:  0.0, Diff:  0.0, Sum:  0.0, Workers: 5
[9.045s][debug][gc,phases      ] GC(33)         Dead                      Min: 0, Avg:  0.0, Max: 0, Diff: 0, Sum: 0, Workers: 5
[9.045s][debug][gc,phases      ] GC(33)         Total                     Min: 41, Avg: 123.4, Max: 192, Diff: 151, Sum: 617, Workers: 5
[9.045s][debug][gc,phases      ] GC(33)     Merge Per-Thread State: 0.0ms
[9.045s][debug][gc,phases      ] GC(33)       Copied Bytes              Min: 1488, Avg: 30872.0, Max: 83320, Diff: 81832, Sum: 246976, Workers: 8
[9.045s][debug][gc,phases      ] GC(33)       LAB Waste                 Min: 0, Avg: 93.0, Max: 168, Diff: 168, Sum: 744, Workers: 8
[9.045s][debug][gc,phases      ] GC(33)       LAB Undo Waste            Min: 0, Avg:  0.0, Max: 0, Diff: 0, Sum: 0, Workers: 8
[9.045s][debug][gc,phases      ] GC(33)     Code Roots Purge: 0.0ms
[9.045s][debug][gc,phases      ] GC(33)     Redirty Cards: 0.0ms
[9.045s][debug][gc,phases      ] GC(33)     DerivedPointerTable Update: 0.0ms
[9.045s][debug][gc,phases      ] GC(33)     Free Collection Set: 0.1ms
[9.045s][debug][gc,phases      ] GC(33)     Rebuild Free List: 0.0ms
[9.045s][debug][gc,phases      ] GC(33)     Humongous Reclaim: 0.0ms
[9.045s][debug][gc,phases      ] GC(33)     Start New Collection Set: 0.0ms
[9.045s][debug][gc,phases      ] GC(33)     Resize TLABs: 0.0ms
[9.045s][debug][gc,phases      ] GC(33)     Expand Heap After Collection: 0.0ms
[9.045s][info ][gc,phases      ] GC(33)   Other: 0.3ms
[9.045s][info ][gc,heap        ] GC(33) Eden regions: 177->0(177)
[9.045s][info ][gc,heap        ] GC(33) Survivor regions: 1->1(23)
[9.045s][info ][gc,heap        ] GC(33) Old regions: 7->7
[9.045s][info ][gc,heap        ] GC(33) Archive regions: 2->2
[9.045s][info ][gc,heap        ] GC(33) Humongous regions: 0->0
[9.045s][info ][gc,metaspace   ] GC(33) Metaspace: 10703K(11136K)->10703K(11136K) NonClass: 9440K(9728K)->9440K(9728K) Class: 1263K(1408K)->1263K(1408K)
[9.045s][debug][gc,heap        ] GC(33) Heap after GC invocations=34 (full 1): garbage-first heap   total 305152K, used 4387K [0x0000000700000000, 0x0000000800000000)
[9.045s][debug][gc,heap        ] GC(33)   region size 1024K, 1 young (1024K), 1 survivors (1024K)
[9.045s][debug][gc,heap        ] GC(33)  Metaspace       used 10703K, capacity 10992K, committed 11136K, reserved 1058816K
[9.045s][debug][gc,heap        ] GC(33)   class space    used 1263K, capacity 1389K, committed 1408K, reserved 1048576K
[9.045s][info ][gc             ] GC(33) Pause Young (Normal) (G1 Evacuation Pause) 181M->4M(298M) 1.600ms
[9.045s][info ][gc,cpu         ] GC(33) User=0.00s Sys=0.00s Real=0.00s
[9.045s][info ][safepoint      ] Safepoint "G1CollectForAllocation", Time since last: 147903703 ns, Reaching safepoint: 140209 ns, At safepoint: 1774415 ns, Total: 1914624 ns
[9.207s][debug][gc,heap        ] GC(34) Heap before GC invocations=34 (full 1): garbage-first heap   total 305152K, used 185635K [0x0000000700000000, 0x0000000800000000)
[9.207s][debug][gc,heap        ] GC(34)   region size 1024K, 178 young (182272K), 1 survivors (1024K)
[9.207s][debug][gc,heap        ] GC(34)  Metaspace       used 10703K, capacity 10992K, committed 11136K, reserved 1058816K
[9.207s][debug][gc,heap        ] GC(34)   class space    used 1263K, capacity 1389K, committed 1408K, reserved 1048576K
[9.207s][info ][gc,start       ] GC(34) Pause Young (Normal) (G1 Evacuation Pause)
[9.207s][info ][gc,task        ] GC(34) Using 8 workers of 8 for evacuation
[9.207s][debug][gc,tlab        ] GC(34) TLAB totals: thrds: 8  refills: 711 max: 100 slow allocs: 0 max 0 waste:  0.9% gc: 1169104B max: 278200B slow: 410544B max: 57928B fast: 0B max: 0B
[9.207s][debug][gc,age         ] GC(34) Desired survivor size 12058624 bytes, new threshold 15 (max threshold 15)
[9.207s][debug][gc,alloc,region] GC(34) Mutator Allocation stats, regions: 177, wasted size: 0B ( 0.0%)
[9.208s][debug][gc,ergo        ] GC(34) Running G1 Merge Heap Roots using 8 workers for 178 regions
[9.208s][debug][gc,remset      ] GC(34) Visited cards 5376 Total dirty 14336 (37.50%) Total old 747520 (0.72%)
[9.208s][debug][gc,ergo        ] GC(34) Running G1 Clear Card Table Task using 1 workers for 1 units of work for 185 regions.
[9.208s][debug][gc,ref         ] GC(34) Skipped phase1 of Reference Processing due to unavailable references
[9.208s][debug][gc,ref         ] GC(34) Skipped phase3 of Reference Processing due to unavailable references
[9.208s][debug][gc,ergo        ] GC(34) Running G1 Free Collection Set using 8 workers for collection set length 178 (298)
[9.208s][debug][gc,ergo        ] GC(34) Running G1 Rebuild Free List Task using 8 workers for rebuilding free list of 0 (4096) regions
[9.208s][trace][gc,age         ] GC(34) Age table with threshold 15 (max threshold 15)
[9.208s][trace][gc,age         ] GC(34) - age   1:        416 bytes,        416 total
[9.208s][trace][gc,age         ] GC(34) - age   7:         32 bytes,        448 total
[9.208s][trace][gc,age         ] GC(34) - age  11:     199776 bytes,     200224 total
[9.208s][trace][gc,age         ] GC(34) - age  12:      46912 bytes,     247136 total
[9.208s][debug][gc,plab        ] GC(34) Young PLAB allocation: allocated: 57792B, wasted: 936B, unused: 8928B, used: 47928B, undo waste: 0B, 
[9.208s][debug][gc,plab        ] GC(34) Young other allocation: region end waste: 0B, regions filled: 1, direct allocated: 199208B, failure used: 0B, failure wasted: 0B
[9.208s][debug][gc,plab        ] GC(34) Young sizing: calculated: 9584B, actual: 9520B
[9.208s][debug][gc,plab        ] GC(34) Old PLAB allocation: allocated: 0B, wasted: 0B, unused: 0B, used: 0B, undo waste: 0B, 
[9.208s][debug][gc,plab        ] GC(34) Old other allocation: region end waste: 0B, regions filled: 1, direct allocated: 0B, failure used: 0B, failure wasted: 0B
[9.208s][debug][gc,plab        ] GC(34) Old sizing: calculated: 0B, actual: 2064B
[9.208s][debug][gc,ihop        ] GC(34) Basic information (value update), threshold: 140614041B (45.00), target occupancy: 312475648B, current occupancy: 4493784B, recent allocation size: 0B, recent allocation duration: 162.80ms, recent old gen allocation rate: 0.00B/s, recent marking phase length: 0.00ms
[9.208s][debug][gc,ihop        ] GC(34) Adaptive IHOP information (value update), threshold: 140614041B (47.37), internal target occupancy: 296851865B, occupancy: 4493784B, additional buffer size: 186646528B, predicted old gen allocation rate: 44845.54B/s, predicted marking phase length: 0.00ms, prediction active: false
[9.208s][debug][gc,ergo,refine ] GC(34) Concurrent refinement times: Logged Cards Scan time goal: 20.00ms Logged Cards Scan time: 0.03ms HCC time: 0.00ms
[9.208s][debug][gc,ergo,refine ] GC(34) Updated Refinement Zones: green: 2048, yellow: 6144, red: 10240
[9.208s][info ][gc,phases      ] GC(34)   Pre Evacuate Collection Set: 0.1ms
[9.208s][debug][gc,phases      ] GC(34)     Prepare TLABs: 0.0ms
[9.208s][debug][gc,phases      ] GC(34)     Choose Collection Set: 0.0ms
[9.208s][debug][gc,phases      ] GC(34)     Region Register: 0.1ms
[9.208s][debug][gc,phases      ] GC(34)     Prepare Heap Roots: 0.0ms
[9.208s][info ][gc,phases      ] GC(34)   Merge Heap Roots: 0.2ms
[9.208s][debug][gc,phases      ] GC(34)     Prepare Merge Heap Roots: 0.0ms
[9.208s][debug][gc,phases      ] GC(34)     Eager Reclaim (ms):       skipped
[9.208s][debug][gc,phases      ] GC(34)     Remembered Sets (ms):     Min:  0.0, Avg:  0.0, Max:  0.0, Diff:  0.0, Sum:  0.1, Workers: 8
[9.208s][debug][gc,phases      ] GC(34)       Merged Sparse:            Min: 0, Avg:  0.0, Max: 0, Diff: 0, Sum: 0, Workers: 8
[9.208s][debug][gc,phases      ] GC(34)       Merged Fine:              Min: 0, Avg:  0.0, Max: 0, Diff: 0, Sum: 0, Workers: 8
[9.208s][debug][gc,phases      ] GC(34)       Merged Coarse:            Min: 0, Avg:  0.0, Max: 0, Diff: 0, Sum: 0, Workers: 8
[9.208s][debug][gc,phases      ] GC(34)       Dirty Cards:              Min: 0, Avg:  0.0, Max: 0, Diff: 0, Sum: 0, Workers: 8
[9.208s][debug][gc,phases      ] GC(34)     Hot Card Cache (ms):      Min:  0.0, Avg:  0.0, Max:  0.0, Diff:  0.0, Sum:  0.0, Workers: 8
[9.208s][debug][gc,phases      ] GC(34)       Dirty Cards:              Min: 0, Avg:  0.0, Max: 0, Diff: 0, Sum: 0, Workers: 8
[9.208s][debug][gc,phases      ] GC(34)       Skipped Cards:            Min: 0, Avg:  0.0, Max: 0, Diff: 0, Sum: 0, Workers: 8
[9.208s][debug][gc,phases      ] GC(34)     Log Buffers (ms):         Min:  0.0, Avg:  0.0, Max:  0.0, Diff:  0.0, Sum:  0.0, Workers: 8
[9.208s][debug][gc,phases      ] GC(34)       Dirty Cards:              Min: 0, Avg: 10.2, Max: 41, Diff: 41, Sum: 82, Workers: 8
[9.209s][debug][gc,phases      ] GC(34)       Skipped Cards:            Min: 0, Avg:  0.0, Max: 0, Diff: 0, Sum: 0, Workers: 8
[9.209s][info ][gc,phases      ] GC(34)   Evacuate Collection Set: 0.2ms
[9.209s][debug][gc,phases      ] GC(34)     Ext Root Scanning (ms):   Min:  0.0, Avg:  0.1, Max:  0.1, Diff:  0.1, Sum:  0.4, Workers: 8
[9.209s][debug][gc,phases      ] GC(34)     Scan Heap Roots (ms):     Min:  0.0, Avg:  0.0, Max:  0.1, Diff:  0.1, Sum:  0.2, Workers: 8
[9.209s][debug][gc,phases      ] GC(34)       Scanned Cards:            Min: 0, Avg:  9.6, Max: 19, Diff: 19, Sum: 77, Workers: 8
[9.209s][debug][gc,phases      ] GC(34)       Scanned Blocks:           Min: 0, Avg:  7.9, Max: 17, Diff: 17, Sum: 63, Workers: 8
[9.209s][debug][gc,phases      ] GC(34)       Claimed Chunks:           Min: 0, Avg:  2.6, Max: 6, Diff: 6, Sum: 21, Workers: 8
[9.209s][debug][gc,phases      ] GC(34)     Code Root Scan (ms):      Min:  0.0, Avg:  0.0, Max:  0.0, Diff:  0.0, Sum:  0.0, Workers: 8
[9.209s][debug][gc,phases      ] GC(34)     Object Copy (ms):         Min:  0.0, Avg:  0.0, Max:  0.1, Diff:  0.1, Sum:  0.3, Workers: 8
[9.209s][debug][gc,phases      ] GC(34)     Termination (ms):         Min:  0.0, Avg:  0.1, Max:  0.1, Diff:  0.0, Sum:  0.5, Workers: 8
[9.209s][debug][gc,phases      ] GC(34)       Termination Attempts:     Min: 1, Avg:  1.0, Max: 1, Diff: 0, Sum: 8, Workers: 8
[9.209s][debug][gc,phases      ] GC(34)     GC Worker Other (ms):     Min:  0.0, Avg:  0.0, Max:  0.0, Diff:  0.0, Sum:  0.1, Workers: 8
[9.209s][debug][gc,phases      ] GC(34)     GC Worker Total (ms):     Min:  0.2, Avg:  0.2, Max:  0.2, Diff:  0.1, Sum:  1.6, Workers: 8
[9.209s][info ][gc,phases      ] GC(34)   Post Evacuate Collection Set: 0.3ms
[9.209s][debug][gc,phases      ] GC(34)     Code Roots Fixup: 0.0ms
[9.209s][debug][gc,phases      ] GC(34)     Clear Card Table: 0.1ms
[9.209s][debug][gc,phases      ] GC(34)     Reference Processing: 0.0ms
[9.209s][debug][gc,phases,ref  ] GC(34)       Reconsider SoftReferences: 0.0ms
[9.209s][debug][gc,phases,ref  ] GC(34)         SoftRef (ms):             skipped
[9.209s][debug][gc,phases,ref  ] GC(34)       Notify Soft/WeakReferences: 0.0ms
[9.209s][debug][gc,phases,ref  ] GC(34)         SoftRef (ms):             Min:  0.0, Avg:  0.0, Max:  0.0, Diff:  0.0, Sum:  0.0, Workers: 1
[9.209s][debug][gc,phases,ref  ] GC(34)         WeakRef (ms):             Min:  0.0, Avg:  0.0, Max:  0.0, Diff:  0.0, Sum:  0.0, Workers: 1
[9.209s][debug][gc,phases,ref  ] GC(34)         FinalRef (ms):            Min:  0.0, Avg:  0.0, Max:  0.0, Diff:  0.0, Sum:  0.0, Workers: 1
[9.209s][debug][gc,phases,ref  ] GC(34)         Total (ms):               Min:  0.0, Avg:  0.0, Max:  0.0, Diff:  0.0, Sum:  0.0, Workers: 1
[9.209s][debug][gc,phases,ref  ] GC(34)       Notify and keep alive finalizable: 0.0ms
[9.209s][debug][gc,phases,ref  ] GC(34)         FinalRef (ms):            skipped
[9.209s][debug][gc,phases,ref  ] GC(34)       Notify PhantomReferences: 0.0ms
[9.209s][debug][gc,phases,ref  ] GC(34)         PhantomRef (ms):          Min:  0.0, Avg:  0.0, Max:  0.0, Diff:  0.0, Sum:  0.0, Workers: 1
[9.209s][debug][gc,phases,ref  ] GC(34)       SoftReference:
[9.209s][debug][gc,phases,ref  ] GC(34)         Discovered: 0
[9.209s][debug][gc,phases,ref  ] GC(34)         Cleared: 0
[9.209s][debug][gc,phases,ref  ] GC(34)       WeakReference:
[9.209s][debug][gc,phases,ref  ] GC(34)         Discovered: 25
[9.209s][debug][gc,phases,ref  ] GC(34)         Cleared: 25
[9.209s][debug][gc,phases,ref  ] GC(34)       FinalReference:
[9.209s][debug][gc,phases,ref  ] GC(34)         Discovered: 5
[9.209s][debug][gc,phases,ref  ] GC(34)         Cleared: 5
[9.209s][debug][gc,phases,ref  ] GC(34)       PhantomReference:
[9.209s][debug][gc,phases,ref  ] GC(34)         Discovered: 2
[9.209s][debug][gc,phases,ref  ] GC(34)         Cleared: 2
[9.209s][debug][gc,phases      ] GC(34)     Weak Processing: 0.1ms
[9.209s][debug][gc,phases      ] GC(34)       JVMTI weak processing: 0.0ms
[9.209s][debug][gc,phases      ] GC(34)         Dead: 0
[9.209s][debug][gc,phases      ] GC(34)         Total: 0
[9.209s][debug][gc,phases      ] GC(34)       JFR weak processing: 0.0ms
[9.209s][debug][gc,phases      ] GC(34)         Dead: 0
[9.209s][debug][gc,phases      ] GC(34)         Total: 0
[9.209s][debug][gc,phases      ] GC(34)       JNI weak                  Min:  0.0, Avg:  0.0, Max:  0.0, Diff:  0.0, Sum:  0.0, Workers: 5
[9.209s][debug][gc,phases      ] GC(34)         Dead                      Min: 0, Avg:  0.0, Max: 0, Diff: 0, Sum: 0, Workers: 5
[9.209s][debug][gc,phases      ] GC(34)         Total                     Min: 0, Avg: 13.4, Max: 52, Diff: 52, Sum: 67, Workers: 5
[9.209s][debug][gc,phases      ] GC(34)       VM weak                   Min:  0.0, Avg:  0.0, Max:  0.0, Diff:  0.0, Sum:  0.0, Workers: 5
[9.209s][debug][gc,phases      ] GC(34)         Dead                      Min: 0, Avg:  0.0, Max: 0, Diff: 0, Sum: 0, Workers: 5
[9.209s][debug][gc,phases      ] GC(34)         Total                     Min: 0, Avg: 47.6, Max: 128, Diff: 128, Sum: 238, Workers: 5
[9.209s][debug][gc,phases      ] GC(34)       StringTable weak          Min:  0.0, Avg:  0.0, Max:  0.0, Diff:  0.0, Sum:  0.1, Workers: 5
[9.209s][debug][gc,phases      ] GC(34)         Dead                      Min: 0, Avg:  0.0, Max: 0, Diff: 0, Sum: 0, Workers: 5
[9.209s][debug][gc,phases      ] GC(34)         Total                     Min: 576, Avg: 728.6, Max: 768, Diff: 192, Sum: 3643, Workers: 5
[9.209s][debug][gc,phases      ] GC(34)       ResolvedMethodTable weak  Min:  0.0, Avg:  0.0, Max:  0.0, Diff:  0.0, Sum:  0.1, Workers: 5
[9.209s][debug][gc,phases      ] GC(34)         Dead                      Min: 0, Avg:  0.0, Max: 0, Diff: 0, Sum: 0, Workers: 5
[9.209s][debug][gc,phases      ] GC(34)         Total                     Min: 41, Avg: 123.4, Max: 192, Diff: 151, Sum: 617, Workers: 5
[9.209s][debug][gc,phases      ] GC(34)     Merge Per-Thread State: 0.0ms
[9.209s][debug][gc,phases      ] GC(34)       Copied Bytes              Min: 0, Avg: 30892.0, Max: 116792, Diff: 116792, Sum: 247136, Workers: 8
[9.209s][debug][gc,phases      ] GC(34)       LAB Waste                 Min: 0, Avg: 117.0, Max: 280, Diff: 280, Sum: 936, Workers: 8
[9.209s][debug][gc,phases      ] GC(34)       LAB Undo Waste            Min: 0, Avg:  0.0, Max: 0, Diff: 0, Sum: 0, Workers: 8
[9.209s][debug][gc,phases      ] GC(34)     Code Roots Purge: 0.0ms
[9.209s][debug][gc,phases      ] GC(34)     Redirty Cards: 0.0ms
[9.209s][debug][gc,phases      ] GC(34)     DerivedPointerTable Update: 0.0ms
[9.209s][debug][gc,phases      ] GC(34)     Free Collection Set: 0.1ms
[9.209s][debug][gc,phases      ] GC(34)     Rebuild Free List: 0.0ms
[9.209s][debug][gc,phases      ] GC(34)     Humongous Reclaim: 0.0ms
[9.209s][debug][gc,phases      ] GC(34)     Start New Collection Set: 0.0ms
[9.209s][debug][gc,phases      ] GC(34)     Resize TLABs: 0.0ms
[9.209s][debug][gc,phases      ] GC(34)     Expand Heap After Collection: 0.0ms
[9.209s][info ][gc,phases      ] GC(34)   Other: 0.3ms
[9.209s][info ][gc,heap        ] GC(34) Eden regions: 177->0(177)
[9.209s][info ][gc,heap        ] GC(34) Survivor regions: 1->1(23)
[9.209s][info ][gc,heap        ] GC(34) Old regions: 7->7
[9.209s][info ][gc,heap        ] GC(34) Archive regions: 2->2
[9.209s][info ][gc,heap        ] GC(34) Humongous regions: 0->0
[9.209s][info ][gc,metaspace   ] GC(34) Metaspace: 10703K(11136K)->10703K(11136K) NonClass: 9440K(9728K)->9440K(9728K) Class: 1263K(1408K)->1263K(1408K)
[9.209s][debug][gc,heap        ] GC(34) Heap after GC invocations=35 (full 1): garbage-first heap   total 305152K, used 4388K [0x0000000700000000, 0x0000000800000000)
[9.209s][debug][gc,heap        ] GC(34)   region size 1024K, 1 young (1024K), 1 survivors (1024K)
[9.209s][debug][gc,heap        ] GC(34)  Metaspace       used 10703K, capacity 10992K, committed 11136K, reserved 1058816K
[9.209s][debug][gc,heap        ] GC(34)   class space    used 1263K, capacity 1389K, committed 1408K, reserved 1048576K
[9.209s][info ][gc             ] GC(34) Pause Young (Normal) (G1 Evacuation Pause) 181M->4M(298M) 1.892ms
[9.209s][info ][gc,cpu         ] GC(34) User=0.00s Sys=0.00s Real=0.01s
[9.209s][info ][safepoint      ] Safepoint "G1CollectForAllocation", Time since last: 161826211 ns, Reaching safepoint: 187119 ns, At safepoint: 2051872 ns, Total: 2238991 ns
[9.370s][debug][gc,heap        ] GC(35) Heap before GC invocations=35 (full 1): garbage-first heap   total 305152K, used 185636K [0x0000000700000000, 0x0000000800000000)
[9.370s][debug][gc,heap        ] GC(35)   region size 1024K, 178 young (182272K), 1 survivors (1024K)
[9.370s][debug][gc,heap        ] GC(35)  Metaspace       used 10703K, capacity 10992K, committed 11136K, reserved 1058816K
[9.370s][debug][gc,heap        ] GC(35)   class space    used 1263K, capacity 1389K, committed 1408K, reserved 1048576K
[9.370s][info ][gc,start       ] GC(35) Pause Young (Normal) (G1 Evacuation Pause)
[9.370s][info ][gc,task        ] GC(35) Using 8 workers of 8 for evacuation
[9.370s][debug][gc,tlab        ] GC(35) TLAB totals: thrds: 8  refills: 711 max: 96 slow allocs: 0 max 0 waste:  1.2% gc: 1727840B max: 422336B slow: 411072B max: 55328B fast: 0B max: 0B
[9.370s][debug][gc,age         ] GC(35) Desired survivor size 12058624 bytes, new threshold 15 (max threshold 15)
[9.370s][debug][gc,alloc,region] GC(35) Mutator Allocation stats, regions: 177, wasted size: 0B ( 0.0%)
[9.370s][debug][gc,ergo        ] GC(35) Running G1 Merge Heap Roots using 8 workers for 178 regions
[9.371s][debug][gc,remset      ] GC(35) Visited cards 5376 Total dirty 14336 (37.50%) Total old 747520 (0.72%)
[9.371s][debug][gc,ergo        ] GC(35) Running G1 Clear Card Table Task using 1 workers for 1 units of work for 185 regions.
[9.371s][debug][gc,ref         ] GC(35) Skipped phase1 of Reference Processing due to unavailable references
[9.371s][debug][gc,ref         ] GC(35) Skipped phase3 of Reference Processing due to unavailable references
[9.371s][debug][gc,ergo        ] GC(35) Running G1 Free Collection Set using 8 workers for collection set length 178 (298)
[9.371s][debug][gc,ergo        ] GC(35) Running G1 Rebuild Free List Task using 8 workers for rebuilding free list of 0 (4096) regions
[9.371s][trace][gc,age         ] GC(35) Age table with threshold 15 (max threshold 15)
[9.371s][trace][gc,age         ] GC(35) - age   1:        280 bytes,        280 total
[9.371s][trace][gc,age         ] GC(35) - age   8:         32 bytes,        312 total
[9.371s][trace][gc,age         ] GC(35) - age  12:     199776 bytes,     200088 total
[9.371s][trace][gc,age         ] GC(35) - age  13:      46912 bytes,     247000 total
[9.371s][debug][gc,plab        ] GC(35) Young PLAB allocation: allocated: 55728B, wasted: 872B, unused: 7624B, used: 47232B, undo waste: 0B, 
[9.371s][debug][gc,plab        ] GC(35) Young other allocation: region end waste: 0B, regions filled: 1, direct allocated: 199768B, failure used: 0B, failure wasted: 0B
[9.371s][debug][gc,plab        ] GC(35) Young sizing: calculated: 9440B, actual: 9456B
[9.371s][debug][gc,plab        ] GC(35) Old PLAB allocation: allocated: 0B, wasted: 0B, unused: 0B, used: 0B, undo waste: 0B, 
[9.371s][debug][gc,plab        ] GC(35) Old other allocation: region end waste: 0B, regions filled: 1, direct allocated: 0B, failure used: 0B, failure wasted: 0B
[9.371s][debug][gc,plab        ] GC(35) Old sizing: calculated: 0B, actual: 2064B
[9.371s][debug][gc,ihop        ] GC(35) Basic information (value update), threshold: 140614041B (45.00), target occupancy: 312475648B, current occupancy: 4492280B, recent allocation size: 0B, recent allocation duration: 162.01ms, recent old gen allocation rate: 0.00B/s, recent marking phase length: 0.00ms
[9.371s][debug][gc,ihop        ] GC(35) Adaptive IHOP information (value update), threshold: 140614041B (47.37), internal target occupancy: 296851865B, occupancy: 4492280B, additional buffer size: 186646528B, predicted old gen allocation rate: 43425.16B/s, predicted marking phase length: 0.00ms, prediction active: false
[9.371s][debug][gc,ergo,refine ] GC(35) Concurrent refinement times: Logged Cards Scan time goal: 20.00ms Logged Cards Scan time: 0.03ms HCC time: 0.00ms
[9.371s][debug][gc,ergo,refine ] GC(35) Updated Refinement Zones: green: 2048, yellow: 6144, red: 10240
[9.371s][info ][gc,phases      ] GC(35)   Pre Evacuate Collection Set: 0.1ms
[9.371s][debug][gc,phases      ] GC(35)     Prepare TLABs: 0.0ms
[9.371s][debug][gc,phases      ] GC(35)     Choose Collection Set: 0.0ms
[9.371s][debug][gc,phases      ] GC(35)     Region Register: 0.1ms
[9.371s][debug][gc,phases      ] GC(35)     Prepare Heap Roots: 0.0ms
[9.371s][info ][gc,phases      ] GC(35)   Merge Heap Roots: 0.1ms
[9.371s][debug][gc,phases      ] GC(35)     Prepare Merge Heap Roots: 0.0ms
[9.371s][debug][gc,phases      ] GC(35)     Eager Reclaim (ms):       skipped
[9.371s][debug][gc,phases      ] GC(35)     Remembered Sets (ms):     Min:  0.0, Avg:  0.0, Max:  0.0, Diff:  0.0, Sum:  0.1, Workers: 8
[9.371s][debug][gc,phases      ] GC(35)       Merged Sparse:            Min: 0, Avg:  0.0, Max: 0, Diff: 0, Sum: 0, Workers: 8
[9.371s][debug][gc,phases      ] GC(35)       Merged Fine:              Min: 0, Avg:  0.0, Max: 0, Diff: 0, Sum: 0, Workers: 8
[9.371s][debug][gc,phases      ] GC(35)       Merged Coarse:            Min: 0, Avg:  0.0, Max: 0, Diff: 0, Sum: 0, Workers: 8
[9.371s][debug][gc,phases      ] GC(35)       Dirty Cards:              Min: 0, Avg:  0.0, Max: 0, Diff: 0, Sum: 0, Workers: 8
[9.371s][debug][gc,phases      ] GC(35)     Hot Card Cache (ms):      Min:  0.0, Avg:  0.0, Max:  0.0, Diff:  0.0, Sum:  0.0, Workers: 8
[9.371s][debug][gc,phases      ] GC(35)       Dirty Cards:              Min: 0, Avg:  0.0, Max: 0, Diff: 0, Sum: 0, Workers: 8
[9.371s][debug][gc,phases      ] GC(35)       Skipped Cards:            Min: 0, Avg:  0.0, Max: 0, Diff: 0, Sum: 0, Workers: 8
[9.371s][debug][gc,phases      ] GC(35)     Log Buffers (ms):         Min:  0.0, Avg:  0.0, Max:  0.0, Diff:  0.0, Sum:  0.0, Workers: 8
[9.371s][debug][gc,phases      ] GC(35)       Dirty Cards:              Min: 0, Avg: 10.2, Max: 48, Diff: 48, Sum: 82, Workers: 8
[9.371s][debug][gc,phases      ] GC(35)       Skipped Cards:            Min: 0, Avg:  0.0, Max: 0, Diff: 0, Sum: 0, Workers: 8
[9.371s][info ][gc,phases      ] GC(35)   Evacuate Collection Set: 0.2ms
[9.371s][debug][gc,phases      ] GC(35)     Ext Root Scanning (ms):   Min:  0.0, Avg:  0.0, Max:  0.1, Diff:  0.1, Sum:  0.3, Workers: 8
[9.371s][debug][gc,phases      ] GC(35)     Scan Heap Roots (ms):     Min:  0.0, Avg:  0.0, Max:  0.1, Diff:  0.1, Sum:  0.2, Workers: 8
[9.371s][debug][gc,phases      ] GC(35)       Scanned Cards:            Min: 0, Avg:  9.6, Max: 19, Diff: 19, Sum: 77, Workers: 8
[9.371s][debug][gc,phases      ] GC(35)       Scanned Blocks:           Min: 0, Avg:  7.9, Max: 17, Diff: 17, Sum: 63, Workers: 8
[9.372s][debug][gc,phases      ] GC(35)       Claimed Chunks:           Min: 0, Avg:  2.6, Max: 6, Diff: 6, Sum: 21, Workers: 8
[9.372s][debug][gc,phases      ] GC(35)     Code Root Scan (ms):      Min:  0.0, Avg:  0.0, Max:  0.0, Diff:  0.0, Sum:  0.0, Workers: 8
[9.372s][debug][gc,phases      ] GC(35)     Object Copy (ms):         Min:  0.0, Avg:  0.0, Max:  0.1, Diff:  0.1, Sum:  0.3, Workers: 8
[9.372s][debug][gc,phases      ] GC(35)     Termination (ms):         Min:  0.0, Avg:  0.1, Max:  0.1, Diff:  0.0, Sum:  0.5, Workers: 8
[9.372s][debug][gc,phases      ] GC(35)       Termination Attempts:     Min: 1, Avg:  1.0, Max: 1, Diff: 0, Sum: 8, Workers: 8
[9.372s][debug][gc,phases      ] GC(35)     GC Worker Other (ms):     Min:  0.0, Avg:  0.0, Max:  0.0, Diff:  0.0, Sum:  0.1, Workers: 8
[9.372s][debug][gc,phases      ] GC(35)     GC Worker Total (ms):     Min:  0.0, Avg:  0.2, Max:  0.2, Diff:  0.2, Sum:  1.5, Workers: 8
[9.372s][info ][gc,phases      ] GC(35)   Post Evacuate Collection Set: 0.4ms
[9.372s][debug][gc,phases      ] GC(35)     Code Roots Fixup: 0.0ms
[9.372s][debug][gc,phases      ] GC(35)     Clear Card Table: 0.1ms
[9.372s][debug][gc,phases      ] GC(35)     Reference Processing: 0.0ms
[9.372s][debug][gc,phases,ref  ] GC(35)       Reconsider SoftReferences: 0.0ms
[9.372s][debug][gc,phases,ref  ] GC(35)         SoftRef (ms):             skipped
[9.372s][debug][gc,phases,ref  ] GC(35)       Notify Soft/WeakReferences: 0.0ms
[9.372s][debug][gc,phases,ref  ] GC(35)         SoftRef (ms):             Min:  0.0, Avg:  0.0, Max:  0.0, Diff:  0.0, Sum:  0.0, Workers: 1
[9.372s][debug][gc,phases,ref  ] GC(35)         WeakRef (ms):             Min:  0.0, Avg:  0.0, Max:  0.0, Diff:  0.0, Sum:  0.0, Workers: 1
[9.372s][debug][gc,phases,ref  ] GC(35)         FinalRef (ms):            Min:  0.0, Avg:  0.0, Max:  0.0, Diff:  0.0, Sum:  0.0, Workers: 1
[9.372s][debug][gc,phases,ref  ] GC(35)         Total (ms):               Min:  0.0, Avg:  0.0, Max:  0.0, Diff:  0.0, Sum:  0.0, Workers: 1
[9.372s][debug][gc,phases,ref  ] GC(35)       Notify and keep alive finalizable: 0.0ms
[9.372s][debug][gc,phases,ref  ] GC(35)         FinalRef (ms):            skipped
[9.372s][debug][gc,phases,ref  ] GC(35)       Notify PhantomReferences: 0.0ms
[9.372s][debug][gc,phases,ref  ] GC(35)         PhantomRef (ms):          Min:  0.0, Avg:  0.0, Max:  0.0, Diff:  0.0, Sum:  0.0, Workers: 1
[9.372s][debug][gc,phases,ref  ] GC(35)       SoftReference:
[9.372s][debug][gc,phases,ref  ] GC(35)         Discovered: 0
[9.372s][debug][gc,phases,ref  ] GC(35)         Cleared: 0
[9.372s][debug][gc,phases,ref  ] GC(35)       WeakReference:
[9.372s][debug][gc,phases,ref  ] GC(35)         Discovered: 22
[9.372s][debug][gc,phases,ref  ] GC(35)         Cleared: 22
[9.372s][debug][gc,phases,ref  ] GC(35)       FinalReference:
[9.372s][debug][gc,phases,ref  ] GC(35)         Discovered: 6
[9.372s][debug][gc,phases,ref  ] GC(35)         Cleared: 6
[9.372s][debug][gc,phases,ref  ] GC(35)       PhantomReference:
[9.372s][debug][gc,phases,ref  ] GC(35)         Discovered: 4
[9.372s][debug][gc,phases,ref  ] GC(35)         Cleared: 4
[9.372s][debug][gc,phases      ] GC(35)     Weak Processing: 0.1ms
[9.372s][debug][gc,phases      ] GC(35)       JVMTI weak processing: 0.0ms
[9.372s][debug][gc,phases      ] GC(35)         Dead: 0
[9.372s][debug][gc,phases      ] GC(35)         Total: 0
[9.372s][debug][gc,phases      ] GC(35)       JFR weak processing: 0.0ms
[9.372s][debug][gc,phases      ] GC(35)         Dead: 0
[9.372s][debug][gc,phases      ] GC(35)         Total: 0
[9.372s][debug][gc,phases      ] GC(35)       JNI weak                  Min:  0.0, Avg:  0.0, Max:  0.0, Diff:  0.0, Sum:  0.0, Workers: 5
[9.372s][debug][gc,phases      ] GC(35)         Dead                      Min: 0, Avg:  0.0, Max: 0, Diff: 0, Sum: 0, Workers: 5
[9.372s][debug][gc,phases      ] GC(35)         Total                     Min: 0, Avg: 13.4, Max: 52, Diff: 52, Sum: 67, Workers: 5
[9.372s][debug][gc,phases      ] GC(35)       VM weak                   Min:  0.0, Avg:  0.0, Max:  0.0, Diff:  0.0, Sum:  0.0, Workers: 5
[9.372s][debug][gc,phases      ] GC(35)         Dead                      Min: 0, Avg:  0.0, Max: 0, Diff: 0, Sum: 0, Workers: 5
[9.372s][debug][gc,phases      ] GC(35)         Total                     Min: 0, Avg: 47.6, Max: 128, Diff: 128, Sum: 238, Workers: 5
[9.372s][debug][gc,phases      ] GC(35)       StringTable weak          Min:  0.0, Avg:  0.0, Max:  0.0, Diff:  0.0, Sum:  0.1, Workers: 5
[9.372s][debug][gc,phases      ] GC(35)         Dead                      Min: 0, Avg:  0.0, Max: 0, Diff: 0, Sum: 0, Workers: 5
[9.372s][debug][gc,phases      ] GC(35)         Total                     Min: 189, Avg: 728.6, Max: 1534, Diff: 1345, Sum: 3643, Workers: 5
[9.372s][debug][gc,phases      ] GC(35)       ResolvedMethodTable weak  Min:  0.0, Avg:  0.0, Max:  0.0, Diff:  0.0, Sum:  0.0, Workers: 5
[9.372s][debug][gc,phases      ] GC(35)         Dead                      Min: 0, Avg:  0.0, Max: 0, Diff: 0, Sum: 0, Workers: 5
[9.372s][debug][gc,phases      ] GC(35)         Total                     Min: 64, Avg: 123.4, Max: 192, Diff: 128, Sum: 617, Workers: 5
[9.372s][debug][gc,phases      ] GC(35)     Merge Per-Thread State: 0.0ms
[9.372s][debug][gc,phases      ] GC(35)       Copied Bytes              Min: 0, Avg: 30875.0, Max: 151336, Diff: 151336, Sum: 247000, Workers: 8
[9.372s][debug][gc,phases      ] GC(35)       LAB Waste                 Min: 0, Avg: 109.0, Max: 192, Diff: 192, Sum: 872, Workers: 8
[9.372s][debug][gc,phases      ] GC(35)       LAB Undo Waste            Min: 0, Avg:  0.0, Max: 0, Diff: 0, Sum: 0, Workers: 8
[9.372s][debug][gc,phases      ] GC(35)     Code Roots Purge: 0.0ms
[9.372s][debug][gc,phases      ] GC(35)     Redirty Cards: 0.0ms
[9.372s][debug][gc,phases      ] GC(35)     DerivedPointerTable Update: 0.0ms
[9.372s][debug][gc,phases      ] GC(35)     Free Collection Set: 0.1ms
[9.372s][debug][gc,phases      ] GC(35)     Rebuild Free List: 0.1ms
[9.372s][debug][gc,phases      ] GC(35)     Humongous Reclaim: 0.0ms
[9.372s][debug][gc,phases      ] GC(35)     Start New Collection Set: 0.0ms
[9.372s][debug][gc,phases      ] GC(35)     Resize TLABs: 0.0ms
[9.372s][debug][gc,phases      ] GC(35)     Expand Heap After Collection: 0.0ms
[9.372s][info ][gc,phases      ] GC(35)   Other: 0.3ms
[9.372s][info ][gc,heap        ] GC(35) Eden regions: 177->0(177)
[9.372s][info ][gc,heap        ] GC(35) Survivor regions: 1->1(23)
[9.372s][info ][gc,heap        ] GC(35) Old regions: 7->7
[9.372s][info ][gc,heap        ] GC(35) Archive regions: 2->2
[9.372s][info ][gc,heap        ] GC(35) Humongous regions: 0->0
[9.372s][info ][gc,metaspace   ] GC(35) Metaspace: 10703K(11136K)->10703K(11136K) NonClass: 9440K(9728K)->9440K(9728K) Class: 1263K(1408K)->1263K(1408K)
[9.372s][debug][gc,heap        ] GC(35) Heap after GC invocations=36 (full 1): garbage-first heap   total 305152K, used 4386K [0x0000000700000000, 0x0000000800000000)
[9.372s][debug][gc,heap        ] GC(35)   region size 1024K, 1 young (1024K), 1 survivors (1024K)
[9.372s][debug][gc,heap        ] GC(35)  Metaspace       used 10703K, capacity 10992K, committed 11136K, reserved 1058816K
[9.372s][debug][gc,heap        ] GC(35)   class space    used 1263K, capacity 1389K, committed 1408K, reserved 1048576K
[9.372s][info ][gc             ] GC(35) Pause Young (Normal) (G1 Evacuation Pause) 181M->4M(298M) 1.687ms
[9.372s][info ][gc,cpu         ] GC(35) User=0.01s Sys=0.00s Real=0.00s
[9.372s][info ][safepoint      ] Safepoint "G1CollectForAllocation", Time since last: 160662479 ns, Reaching safepoint: 185897 ns, At safepoint: 1912545 ns, Total: 2098442 ns
[9.536s][debug][gc,heap        ] GC(36) Heap before GC invocations=36 (full 1): garbage-first heap   total 305152K, used 185634K [0x0000000700000000, 0x0000000800000000)
[9.536s][debug][gc,heap        ] GC(36)   region size 1024K, 178 young (182272K), 1 survivors (1024K)
[9.536s][debug][gc,heap        ] GC(36)  Metaspace       used 10703K, capacity 10992K, committed 11136K, reserved 1058816K
[9.536s][debug][gc,heap        ] GC(36)   class space    used 1263K, capacity 1389K, committed 1408K, reserved 1048576K
[9.536s][info ][gc,start       ] GC(36) Pause Young (Normal) (G1 Evacuation Pause)
[9.536s][info ][gc,task        ] GC(36) Using 8 workers of 8 for evacuation
[9.536s][debug][gc,tlab        ] GC(36) TLAB totals: thrds: 8  refills: 710 max: 96 slow allocs: 0 max 0 waste:  1.1% gc: 1641624B max: 393912B slow: 411520B max: 55856B fast: 0B max: 0B
[9.536s][debug][gc,age         ] GC(36) Desired survivor size 12058624 bytes, new threshold 15 (max threshold 15)
[9.536s][debug][gc,alloc,region] GC(36) Mutator Allocation stats, regions: 177, wasted size: 0B ( 0.0%)
[9.537s][debug][gc,ergo        ] GC(36) Running G1 Merge Heap Roots using 8 workers for 178 regions
[9.537s][debug][gc,remset      ] GC(36) Visited cards 5376 Total dirty 14336 (37.50%) Total old 747520 (0.72%)
[9.537s][debug][gc,ergo        ] GC(36) Running G1 Clear Card Table Task using 1 workers for 1 units of work for 185 regions.
[9.537s][debug][gc,ref         ] GC(36) Skipped phase1 of Reference Processing due to unavailable references
[9.537s][debug][gc,ref         ] GC(36) Skipped phase3 of Reference Processing due to unavailable references
[9.537s][debug][gc,ref         ] GC(36) Skipped phase4 of Reference Processing due to unavailable references
[9.537s][debug][gc,ergo        ] GC(36) Running G1 Free Collection Set using 8 workers for collection set length 178 (298)
[9.537s][debug][gc,ergo        ] GC(36) Running G1 Rebuild Free List Task using 8 workers for rebuilding free list of 0 (4096) regions
[9.537s][trace][gc,age         ] GC(36) Age table with threshold 15 (max threshold 15)
[9.537s][trace][gc,age         ] GC(36) - age   1:        336 bytes,        336 total
[9.537s][trace][gc,age         ] GC(36) - age   9:         32 bytes,        368 total
[9.537s][trace][gc,age         ] GC(36) - age  13:     199776 bytes,     200144 total
[9.537s][trace][gc,age         ] GC(36) - age  14:      46912 bytes,     247056 total
[9.537s][debug][gc,plab        ] GC(36) Young PLAB allocation: allocated: 59856B, wasted: 808B, unused: 11480B, used: 47568B, undo waste: 0B, 
[9.537s][debug][gc,plab        ] GC(36) Young other allocation: region end waste: 0B, regions filled: 1, direct allocated: 199488B, failure used: 0B, failure wasted: 0B
[9.537s][debug][gc,plab        ] GC(36) Young sizing: calculated: 9512B, actual: 9496B
[9.537s][debug][gc,plab        ] GC(36) Old PLAB allocation: allocated: 0B, wasted: 0B, unused: 0B, used: 0B, undo waste: 0B, 
[9.537s][debug][gc,plab        ] GC(36) Old other allocation: region end waste: 0B, regions filled: 1, direct allocated: 0B, failure used: 0B, failure wasted: 0B
[9.537s][debug][gc,plab        ] GC(36) Old sizing: calculated: 0B, actual: 2064B
[9.537s][debug][gc,ihop        ] GC(36) Basic information (value update), threshold: 140614041B (45.00), target occupancy: 312475648B, current occupancy: 4496128B, recent allocation size: 0B, recent allocation duration: 165.10ms, recent old gen allocation rate: 0.00B/s, recent marking phase length: 0.00ms
[9.537s][debug][gc,ihop        ] GC(36) Adaptive IHOP information (value update), threshold: 140614041B (47.37), internal target occupancy: 296851865B, occupancy: 4496128B, additional buffer size: 186646528B, predicted old gen allocation rate: 42054.27B/s, predicted marking phase length: 0.00ms, prediction active: false
[9.537s][debug][gc,ergo,refine ] GC(36) Concurrent refinement times: Logged Cards Scan time goal: 20.00ms Logged Cards Scan time: 0.03ms HCC time: 0.00ms
[9.537s][debug][gc,ergo,refine ] GC(36) Updated Refinement Zones: green: 2048, yellow: 6144, red: 10240
[9.537s][info ][gc,phases      ] GC(36)   Pre Evacuate Collection Set: 0.1ms
[9.537s][debug][gc,phases      ] GC(36)     Prepare TLABs: 0.0ms
[9.537s][debug][gc,phases      ] GC(36)     Choose Collection Set: 0.0ms
[9.537s][debug][gc,phases      ] GC(36)     Region Register: 0.1ms
[9.537s][debug][gc,phases      ] GC(36)     Prepare Heap Roots: 0.0ms
[9.537s][info ][gc,phases      ] GC(36)   Merge Heap Roots: 0.2ms
[9.537s][debug][gc,phases      ] GC(36)     Prepare Merge Heap Roots: 0.0ms
[9.537s][debug][gc,phases      ] GC(36)     Eager Reclaim (ms):       skipped
[9.538s][debug][gc,phases      ] GC(36)     Remembered Sets (ms):     Min:  0.0, Avg:  0.0, Max:  0.0, Diff:  0.0, Sum:  0.2, Workers: 8
[9.538s][debug][gc,phases      ] GC(36)       Merged Sparse:            Min: 0, Avg:  0.0, Max: 0, Diff: 0, Sum: 0, Workers: 8
[9.538s][debug][gc,phases      ] GC(36)       Merged Fine:              Min: 0, Avg:  0.0, Max: 0, Diff: 0, Sum: 0, Workers: 8
[9.538s][debug][gc,phases      ] GC(36)       Merged Coarse:            Min: 0, Avg:  0.0, Max: 0, Diff: 0, Sum: 0, Workers: 8
[9.538s][debug][gc,phases      ] GC(36)       Dirty Cards:              Min: 0, Avg:  0.0, Max: 0, Diff: 0, Sum: 0, Workers: 8
[9.538s][debug][gc,phases      ] GC(36)     Hot Card Cache (ms):      Min:  0.0, Avg:  0.0, Max:  0.0, Diff:  0.0, Sum:  0.0, Workers: 8
[9.538s][debug][gc,phases      ] GC(36)       Dirty Cards:              Min: 0, Avg:  0.0, Max: 0, Diff: 0, Sum: 0, Workers: 8
[9.538s][debug][gc,phases      ] GC(36)       Skipped Cards:            Min: 0, Avg:  0.0, Max: 0, Diff: 0, Sum: 0, Workers: 8
[9.538s][debug][gc,phases      ] GC(36)     Log Buffers (ms):         Min:  0.0, Avg:  0.0, Max:  0.0, Diff:  0.0, Sum:  0.0, Workers: 8
[9.538s][debug][gc,phases      ] GC(36)       Dirty Cards:              Min: 0, Avg: 10.5, Max: 30, Diff: 30, Sum: 84, Workers: 8
[9.538s][debug][gc,phases      ] GC(36)       Skipped Cards:            Min: 0, Avg:  0.0, Max: 0, Diff: 0, Sum: 0, Workers: 8
[9.538s][info ][gc,phases      ] GC(36)   Evacuate Collection Set: 0.2ms
[9.538s][debug][gc,phases      ] GC(36)     Ext Root Scanning (ms):   Min:  0.0, Avg:  0.0, Max:  0.1, Diff:  0.1, Sum:  0.3, Workers: 8
[9.538s][debug][gc,phases      ] GC(36)     Scan Heap Roots (ms):     Min:  0.0, Avg:  0.0, Max:  0.1, Diff:  0.1, Sum:  0.2, Workers: 8
[9.538s][debug][gc,phases      ] GC(36)       Scanned Cards:            Min: 0, Avg:  9.6, Max: 16, Diff: 16, Sum: 77, Workers: 8
[9.538s][debug][gc,phases      ] GC(36)       Scanned Blocks:           Min: 0, Avg:  7.9, Max: 13, Diff: 13, Sum: 63, Workers: 8
[9.538s][debug][gc,phases      ] GC(36)       Claimed Chunks:           Min: 0, Avg:  2.6, Max: 6, Diff: 6, Sum: 21, Workers: 8
[9.538s][debug][gc,phases      ] GC(36)     Code Root Scan (ms):      Min:  0.0, Avg:  0.0, Max:  0.0, Diff:  0.0, Sum:  0.0, Workers: 8
[9.538s][debug][gc,phases      ] GC(36)     Object Copy (ms):         Min:  0.0, Avg:  0.0, Max:  0.0, Diff:  0.0, Sum:  0.3, Workers: 8
[9.538s][debug][gc,phases      ] GC(36)     Termination (ms):         Min:  0.0, Avg:  0.0, Max:  0.1, Diff:  0.0, Sum:  0.4, Workers: 8
[9.538s][debug][gc,phases      ] GC(36)       Termination Attempts:     Min: 1, Avg:  1.0, Max: 1, Diff: 0, Sum: 8, Workers: 8
[9.538s][debug][gc,phases      ] GC(36)     GC Worker Other (ms):     Min:  0.0, Avg:  0.0, Max:  0.0, Diff:  0.0, Sum:  0.1, Workers: 8
[9.538s][debug][gc,phases      ] GC(36)     GC Worker Total (ms):     Min:  0.1, Avg:  0.2, Max:  0.2, Diff:  0.1, Sum:  1.3, Workers: 8
[9.538s][info ][gc,phases      ] GC(36)   Post Evacuate Collection Set: 0.4ms
[9.538s][debug][gc,phases      ] GC(36)     Code Roots Fixup: 0.0ms
[9.538s][debug][gc,phases      ] GC(36)     Clear Card Table: 0.1ms
[9.538s][debug][gc,phases      ] GC(36)     Reference Processing: 0.0ms
[9.538s][debug][gc,phases,ref  ] GC(36)       Reconsider SoftReferences: 0.0ms
[9.538s][debug][gc,phases,ref  ] GC(36)         SoftRef (ms):             skipped
[9.538s][debug][gc,phases,ref  ] GC(36)       Notify Soft/WeakReferences: 0.0ms
[9.538s][debug][gc,phases,ref  ] GC(36)         SoftRef (ms):             Min:  0.0, Avg:  0.0, Max:  0.0, Diff:  0.0, Sum:  0.0, Workers: 1
[9.538s][debug][gc,phases,ref  ] GC(36)         WeakRef (ms):             Min:  0.0, Avg:  0.0, Max:  0.0, Diff:  0.0, Sum:  0.0, Workers: 1
[9.538s][debug][gc,phases,ref  ] GC(36)         FinalRef (ms):            Min:  0.0, Avg:  0.0, Max:  0.0, Diff:  0.0, Sum:  0.0, Workers: 1
[9.538s][debug][gc,phases,ref  ] GC(36)         Total (ms):               Min:  0.0, Avg:  0.0, Max:  0.0, Diff:  0.0, Sum:  0.0, Workers: 1
[9.538s][debug][gc,phases,ref  ] GC(36)       Notify and keep alive finalizable: 0.0ms
[9.538s][debug][gc,phases,ref  ] GC(36)         FinalRef (ms):            skipped
[9.538s][debug][gc,phases,ref  ] GC(36)       Notify PhantomReferences: 0.0ms
[9.538s][debug][gc,phases,ref  ] GC(36)         PhantomRef (ms):          skipped
[9.538s][debug][gc,phases,ref  ] GC(36)       SoftReference:
[9.538s][debug][gc,phases,ref  ] GC(36)         Discovered: 0
[9.538s][debug][gc,phases,ref  ] GC(36)         Cleared: 0
[9.538s][debug][gc,phases,ref  ] GC(36)       WeakReference:
[9.538s][debug][gc,phases,ref  ] GC(36)         Discovered: 27
[9.538s][debug][gc,phases,ref  ] GC(36)         Cleared: 27
[9.538s][debug][gc,phases,ref  ] GC(36)       FinalReference:
[9.538s][debug][gc,phases,ref  ] GC(36)         Discovered: 0
[9.538s][debug][gc,phases,ref  ] GC(36)         Cleared: 0
[9.538s][debug][gc,phases,ref  ] GC(36)       PhantomReference:
[9.538s][debug][gc,phases,ref  ] GC(36)         Discovered: 0
[9.538s][debug][gc,phases,ref  ] GC(36)         Cleared: 0
[9.538s][debug][gc,phases      ] GC(36)     Weak Processing: 0.1ms
[9.538s][debug][gc,phases      ] GC(36)       JVMTI weak processing: 0.0ms
[9.538s][debug][gc,phases      ] GC(36)         Dead: 0
[9.538s][debug][gc,phases      ] GC(36)         Total: 0
[9.538s][debug][gc,phases      ] GC(36)       JFR weak processing: 0.0ms
[9.538s][debug][gc,phases      ] GC(36)         Dead: 0
[9.538s][debug][gc,phases      ] GC(36)         Total: 0
[9.538s][debug][gc,phases      ] GC(36)       JNI weak                  Min:  0.0, Avg:  0.0, Max:  0.0, Diff:  0.0, Sum:  0.0, Workers: 5
[9.538s][debug][gc,phases      ] GC(36)         Dead                      Min: 0, Avg:  0.0, Max: 0, Diff: 0, Sum: 0, Workers: 5
[9.538s][debug][gc,phases      ] GC(36)         Total                     Min: 0, Avg: 13.4, Max: 52, Diff: 52, Sum: 67, Workers: 5
[9.538s][debug][gc,phases      ] GC(36)       VM weak                   Min:  0.0, Avg:  0.0, Max:  0.0, Diff:  0.0, Sum:  0.0, Workers: 5
[9.538s][debug][gc,phases      ] GC(36)         Dead                      Min: 0, Avg:  0.0, Max: 0, Diff: 0, Sum: 0, Workers: 5
[9.538s][debug][gc,phases      ] GC(36)         Total                     Min: 0, Avg: 47.6, Max: 128, Diff: 128, Sum: 238, Workers: 5
[9.538s][debug][gc,phases      ] GC(36)       StringTable weak          Min:  0.0, Avg:  0.0, Max:  0.0, Diff:  0.0, Sum:  0.1, Workers: 5
[9.538s][debug][gc,phases      ] GC(36)         Dead                      Min: 0, Avg:  0.0, Max: 0, Diff: 0, Sum: 0, Workers: 5
[9.538s][debug][gc,phases      ] GC(36)         Total                     Min: 125, Avg: 728.6, Max: 1662, Diff: 1537, Sum: 3643, Workers: 5
[9.538s][debug][gc,phases      ] GC(36)       ResolvedMethodTable weak  Min:  0.0, Avg:  0.0, Max:  0.0, Diff:  0.0, Sum:  0.0, Workers: 5
[9.538s][debug][gc,phases      ] GC(36)         Dead                      Min: 0, Avg:  0.0, Max: 0, Diff: 0, Sum: 0, Workers: 5
[9.538s][debug][gc,phases      ] GC(36)         Total                     Min: 64, Avg: 123.4, Max: 192, Diff: 128, Sum: 617, Workers: 5
[9.538s][debug][gc,phases      ] GC(36)     Merge Per-Thread State: 0.0ms
[9.538s][debug][gc,phases      ] GC(36)       Copied Bytes              Min: 456, Avg: 30882.0, Max: 83216, Diff: 82760, Sum: 247056, Workers: 8
[9.538s][debug][gc,phases      ] GC(36)       LAB Waste                 Min: 0, Avg: 101.0, Max: 232, Diff: 232, Sum: 808, Workers: 8
[9.538s][debug][gc,phases      ] GC(36)       LAB Undo Waste            Min: 0, Avg:  0.0, Max: 0, Diff: 0, Sum: 0, Workers: 8
[9.538s][debug][gc,phases      ] GC(36)     Code Roots Purge: 0.0ms
[9.538s][debug][gc,phases      ] GC(36)     Redirty Cards: 0.0ms
[9.538s][debug][gc,phases      ] GC(36)     DerivedPointerTable Update: 0.0ms
[9.538s][debug][gc,phases      ] GC(36)     Free Collection Set: 0.1ms
[9.538s][debug][gc,phases      ] GC(36)     Rebuild Free List: 0.0ms
[9.538s][debug][gc,phases      ] GC(36)     Humongous Reclaim: 0.0ms
[9.538s][debug][gc,phases      ] GC(36)     Start New Collection Set: 0.0ms
[9.538s][debug][gc,phases      ] GC(36)     Resize TLABs: 0.0ms
[9.538s][debug][gc,phases      ] GC(36)     Expand Heap After Collection: 0.0ms
[9.538s][info ][gc,phases      ] GC(36)   Other: 0.4ms
[9.538s][info ][gc,heap        ] GC(36) Eden regions: 177->0(177)
[9.538s][info ][gc,heap        ] GC(36) Survivor regions: 1->1(23)
[9.538s][info ][gc,heap        ] GC(36) Old regions: 7->7
[9.538s][info ][gc,heap        ] GC(36) Archive regions: 2->2
[9.538s][info ][gc,heap        ] GC(36) Humongous regions: 0->0
[9.538s][info ][gc,metaspace   ] GC(36) Metaspace: 10703K(11136K)->10703K(11136K) NonClass: 9440K(9728K)->9440K(9728K) Class: 1263K(1408K)->1263K(1408K)
[9.538s][debug][gc,heap        ] GC(36) Heap after GC invocations=37 (full 1): garbage-first heap   total 305152K, used 4390K [0x0000000700000000, 0x0000000800000000)
[9.538s][debug][gc,heap        ] GC(36)   region size 1024K, 1 young (1024K), 1 survivors (1024K)
[9.538s][debug][gc,heap        ] GC(36)  Metaspace       used 10703K, capacity 10992K, committed 11136K, reserved 1058816K
[9.538s][debug][gc,heap        ] GC(36)   class space    used 1263K, capacity 1389K, committed 1408K, reserved 1048576K
[9.538s][info ][gc             ] GC(36) Pause Young (Normal) (G1 Evacuation Pause) 181M->4M(298M) 1.703ms
[9.538s][info ][gc,cpu         ] GC(36) User=0.00s Sys=0.00s Real=0.01s
[9.538s][info ][safepoint      ] Safepoint "G1CollectForAllocation", Time since last: 164024177 ns, Reaching safepoint: 119092 ns, At safepoint: 1927866 ns, Total: 2046958 ns
[9.704s][debug][gc,heap        ] GC(37) Heap before GC invocations=37 (full 1): garbage-first heap   total 305152K, used 185638K [0x0000000700000000, 0x0000000800000000)
[9.704s][debug][gc,heap        ] GC(37)   region size 1024K, 178 young (182272K), 1 survivors (1024K)
[9.704s][debug][gc,heap        ] GC(37)  Metaspace       used 10703K, capacity 10992K, committed 11136K, reserved 1058816K
[9.704s][debug][gc,heap        ] GC(37)   class space    used 1263K, capacity 1389K, committed 1408K, reserved 1048576K
[9.704s][info ][gc,start       ] GC(37) Pause Young (Normal) (G1 Evacuation Pause)
[9.704s][info ][gc,task        ] GC(37) Using 8 workers of 8 for evacuation
[9.704s][debug][gc,tlab        ] GC(37) TLAB totals: thrds: 8  refills: 711 max: 95 slow allocs: 0 max 0 waste:  0.9% gc: 1294592B max: 397344B slow: 410600B max: 54840B fast: 0B max: 0B
[9.704s][debug][gc,age         ] GC(37) Desired survivor size 12058624 bytes, new threshold 15 (max threshold 15)
[9.704s][debug][gc,alloc,region] GC(37) Mutator Allocation stats, regions: 177, wasted size: 0B ( 0.0%)
[9.704s][debug][gc,ergo        ] GC(37) Running G1 Merge Heap Roots using 8 workers for 178 regions
[9.704s][debug][gc,remset      ] GC(37) Visited cards 5376 Total dirty 14336 (37.50%) Total old 747520 (0.72%)
[9.705s][debug][gc,ergo        ] GC(37) Running G1 Clear Card Table Task using 1 workers for 1 units of work for 185 regions.
[9.705s][debug][gc,ref         ] GC(37) Skipped phase1 of Reference Processing due to unavailable references
[9.705s][debug][gc,ref         ] GC(37) Skipped phase3 of Reference Processing due to unavailable references
[9.705s][debug][gc,ergo        ] GC(37) Running G1 Free Collection Set using 8 workers for collection set length 178 (298)
[9.705s][debug][gc,ergo        ] GC(37) Running G1 Rebuild Free List Task using 8 workers for rebuilding free list of 0 (4096) regions
[9.705s][trace][gc,age         ] GC(37) Age table with threshold 15 (max threshold 15)
[9.705s][trace][gc,age         ] GC(37) - age   1:        312 bytes,        312 total
[9.705s][trace][gc,age         ] GC(37) - age  10:         32 bytes,        344 total
[9.705s][trace][gc,age         ] GC(37) - age  14:     199776 bytes,     200120 total
[9.705s][trace][gc,age         ] GC(37) - age  15:      46912 bytes,     247032 total
[9.705s][debug][gc,plab        ] GC(37) Young PLAB allocation: allocated: 59856B, wasted: 840B, unused: 11192B, used: 47824B, undo waste: 0B, 
[9.705s][debug][gc,plab        ] GC(37) Young other allocation: region end waste: 0B, regions filled: 1, direct allocated: 199208B, failure used: 0B, failure wasted: 0B
[9.705s][debug][gc,plab        ] GC(37) Young sizing: calculated: 9560B, actual: 9544B
[9.705s][debug][gc,plab        ] GC(37) Old PLAB allocation: allocated: 0B, wasted: 0B, unused: 0B, used: 0B, undo waste: 0B, 
[9.705s][debug][gc,plab        ] GC(37) Old other allocation: region end waste: 0B, regions filled: 1, direct allocated: 0B, failure used: 0B, failure wasted: 0B
[9.705s][debug][gc,plab        ] GC(37) Old sizing: calculated: 0B, actual: 2064B
[9.705s][debug][gc,ihop        ] GC(37) Basic information (value update), threshold: 140614041B (45.00), target occupancy: 312475648B, current occupancy: 4495848B, recent allocation size: 0B, recent allocation duration: 166.44ms, recent old gen allocation rate: 0.00B/s, recent marking phase length: 0.00ms
[9.705s][debug][gc,ihop        ] GC(37) Adaptive IHOP information (value update), threshold: 140614041B (47.37), internal target occupancy: 296851865B, occupancy: 4495848B, additional buffer size: 186646528B, predicted old gen allocation rate: 40730.99B/s, predicted marking phase length: 0.00ms, prediction active: false
[9.705s][debug][gc,ergo,refine ] GC(37) Concurrent refinement times: Logged Cards Scan time goal: 20.00ms Logged Cards Scan time: 0.03ms HCC time: 0.00ms
[9.705s][debug][gc,ergo,refine ] GC(37) Updated Refinement Zones: green: 2048, yellow: 6144, red: 10240
[9.705s][info ][gc,phases      ] GC(37)   Pre Evacuate Collection Set: 0.1ms
[9.705s][debug][gc,phases      ] GC(37)     Prepare TLABs: 0.0ms
[9.705s][debug][gc,phases      ] GC(37)     Choose Collection Set: 0.0ms
[9.705s][debug][gc,phases      ] GC(37)     Region Register: 0.1ms
[9.705s][debug][gc,phases      ] GC(37)     Prepare Heap Roots: 0.0ms
[9.705s][info ][gc,phases      ] GC(37)   Merge Heap Roots: 0.3ms
[9.705s][debug][gc,phases      ] GC(37)     Prepare Merge Heap Roots: 0.0ms
[9.705s][debug][gc,phases      ] GC(37)     Eager Reclaim (ms):       skipped
[9.705s][debug][gc,phases      ] GC(37)     Remembered Sets (ms):     Min:  0.0, Avg:  0.0, Max:  0.0, Diff:  0.0, Sum:  0.1, Workers: 8
[9.705s][debug][gc,phases      ] GC(37)       Merged Sparse:            Min: 0, Avg:  0.0, Max: 0, Diff: 0, Sum: 0, Workers: 8
[9.705s][debug][gc,phases      ] GC(37)       Merged Fine:              Min: 0, Avg:  0.0, Max: 0, Diff: 0, Sum: 0, Workers: 8
[9.705s][debug][gc,phases      ] GC(37)       Merged Coarse:            Min: 0, Avg:  0.0, Max: 0, Diff: 0, Sum: 0, Workers: 8
[9.705s][debug][gc,phases      ] GC(37)       Dirty Cards:              Min: 0, Avg:  0.0, Max: 0, Diff: 0, Sum: 0, Workers: 8
[9.705s][debug][gc,phases      ] GC(37)     Hot Card Cache (ms):      Min:  0.0, Avg:  0.0, Max:  0.0, Diff:  0.0, Sum:  0.0, Workers: 8
[9.705s][debug][gc,phases      ] GC(37)       Dirty Cards:              Min: 0, Avg:  0.0, Max: 0, Diff: 0, Sum: 0, Workers: 8
[9.705s][debug][gc,phases      ] GC(37)       Skipped Cards:            Min: 0, Avg:  0.0, Max: 0, Diff: 0, Sum: 0, Workers: 8
[9.705s][debug][gc,phases      ] GC(37)     Log Buffers (ms):         Min:  0.0, Avg:  0.0, Max:  0.0, Diff:  0.0, Sum:  0.0, Workers: 8
[9.705s][debug][gc,phases      ] GC(37)       Dirty Cards:              Min: 0, Avg:  9.8, Max: 45, Diff: 45, Sum: 78, Workers: 8
[9.705s][debug][gc,phases      ] GC(37)       Skipped Cards:            Min: 0, Avg:  0.0, Max: 0, Diff: 0, Sum: 0, Workers: 8
[9.705s][info ][gc,phases      ] GC(37)   Evacuate Collection Set: 0.2ms
[9.705s][debug][gc,phases      ] GC(37)     Ext Root Scanning (ms):   Min:  0.0, Avg:  0.0, Max:  0.1, Diff:  0.1, Sum:  0.4, Workers: 8
[9.705s][debug][gc,phases      ] GC(37)     Scan Heap Roots (ms):     Min:  0.0, Avg:  0.0, Max:  0.1, Diff:  0.1, Sum:  0.2, Workers: 8
[9.705s][debug][gc,phases      ] GC(37)       Scanned Cards:            Min: 0, Avg:  9.6, Max: 18, Diff: 18, Sum: 77, Workers: 8
[9.705s][debug][gc,phases      ] GC(37)       Scanned Blocks:           Min: 0, Avg:  7.9, Max: 16, Diff: 16, Sum: 63, Workers: 8
[9.705s][debug][gc,phases      ] GC(37)       Claimed Chunks:           Min: 0, Avg:  2.6, Max: 5, Diff: 5, Sum: 21, Workers: 8
[9.705s][debug][gc,phases      ] GC(37)     Code Root Scan (ms):      Min:  0.0, Avg:  0.0, Max:  0.0, Diff:  0.0, Sum:  0.0, Workers: 8
[9.705s][debug][gc,phases      ] GC(37)     Object Copy (ms):         Min:  0.0, Avg:  0.0, Max:  0.0, Diff:  0.0, Sum:  0.3, Workers: 8
[9.705s][debug][gc,phases      ] GC(37)     Termination (ms):         Min:  0.0, Avg:  0.1, Max:  0.1, Diff:  0.0, Sum:  0.5, Workers: 8
[9.705s][debug][gc,phases      ] GC(37)       Termination Attempts:     Min: 1, Avg:  1.0, Max: 1, Diff: 0, Sum: 8, Workers: 8
[9.705s][debug][gc,phases      ] GC(37)     GC Worker Other (ms):     Min:  0.0, Avg:  0.0, Max:  0.0, Diff:  0.0, Sum:  0.2, Workers: 8
[9.705s][debug][gc,phases      ] GC(37)     GC Worker Total (ms):     Min:  0.2, Avg:  0.2, Max:  0.2, Diff:  0.1, Sum:  1.5, Workers: 8
[9.705s][info ][gc,phases      ] GC(37)   Post Evacuate Collection Set: 0.4ms
[9.705s][debug][gc,phases      ] GC(37)     Code Roots Fixup: 0.0ms
[9.705s][debug][gc,phases      ] GC(37)     Clear Card Table: 0.1ms
[9.705s][debug][gc,phases      ] GC(37)     Reference Processing: 0.0ms
[9.705s][debug][gc,phases,ref  ] GC(37)       Reconsider SoftReferences: 0.0ms
[9.705s][debug][gc,phases,ref  ] GC(37)         SoftRef (ms):             skipped
[9.705s][debug][gc,phases,ref  ] GC(37)       Notify Soft/WeakReferences: 0.0ms
[9.705s][debug][gc,phases,ref  ] GC(37)         SoftRef (ms):             Min:  0.0, Avg:  0.0, Max:  0.0, Diff:  0.0, Sum:  0.0, Workers: 1
[9.705s][debug][gc,phases,ref  ] GC(37)         WeakRef (ms):             Min:  0.0, Avg:  0.0, Max:  0.0, Diff:  0.0, Sum:  0.0, Workers: 1
[9.705s][debug][gc,phases,ref  ] GC(37)         FinalRef (ms):            Min:  0.0, Avg:  0.0, Max:  0.0, Diff:  0.0, Sum:  0.0, Workers: 1
[9.705s][debug][gc,phases,ref  ] GC(37)         Total (ms):               Min:  0.0, Avg:  0.0, Max:  0.0, Diff:  0.0, Sum:  0.0, Workers: 1
[9.705s][debug][gc,phases,ref  ] GC(37)       Notify and keep alive finalizable: 0.0ms
[9.705s][debug][gc,phases,ref  ] GC(37)         FinalRef (ms):            skipped
[9.705s][debug][gc,phases,ref  ] GC(37)       Notify PhantomReferences: 0.0ms
[9.705s][debug][gc,phases,ref  ] GC(37)         PhantomRef (ms):          Min:  0.0, Avg:  0.0, Max:  0.0, Diff:  0.0, Sum:  0.0, Workers: 1
[9.705s][debug][gc,phases,ref  ] GC(37)       SoftReference:
[9.705s][debug][gc,phases,ref  ] GC(37)         Discovered: 0
[9.705s][debug][gc,phases,ref  ] GC(37)         Cleared: 0
[9.705s][debug][gc,phases,ref  ] GC(37)       WeakReference:
[9.705s][debug][gc,phases,ref  ] GC(37)         Discovered: 25
[9.705s][debug][gc,phases,ref  ] GC(37)         Cleared: 25
[9.705s][debug][gc,phases,ref  ] GC(37)       FinalReference:
[9.705s][debug][gc,phases,ref  ] GC(37)         Discovered: 0
[9.705s][debug][gc,phases,ref  ] GC(37)         Cleared: 0
[9.705s][debug][gc,phases,ref  ] GC(37)       PhantomReference:
[9.705s][debug][gc,phases,ref  ] GC(37)         Discovered: 1
[9.705s][debug][gc,phases,ref  ] GC(37)         Cleared: 1
[9.705s][debug][gc,phases      ] GC(37)     Weak Processing: 0.1ms
[9.705s][debug][gc,phases      ] GC(37)       JVMTI weak processing: 0.0ms
[9.705s][debug][gc,phases      ] GC(37)         Dead: 0
[9.705s][debug][gc,phases      ] GC(37)         Total: 0
[9.705s][debug][gc,phases      ] GC(37)       JFR weak processing: 0.0ms
[9.705s][debug][gc,phases      ] GC(37)         Dead: 0
[9.705s][debug][gc,phases      ] GC(37)         Total: 0
[9.705s][debug][gc,phases      ] GC(37)       JNI weak                  Min:  0.0, Avg:  0.0, Max:  0.0, Diff:  0.0, Sum:  0.0, Workers: 5
[9.705s][debug][gc,phases      ] GC(37)         Dead                      Min: 0, Avg:  0.0, Max: 0, Diff: 0, Sum: 0, Workers: 5
[9.705s][debug][gc,phases      ] GC(37)         Total                     Min: 0, Avg: 13.4, Max: 52, Diff: 52, Sum: 67, Workers: 5
[9.706s][debug][gc,phases      ] GC(37)       VM weak                   Min:  0.0, Avg:  0.0, Max:  0.0, Diff:  0.0, Sum:  0.0, Workers: 5
[9.706s][debug][gc,phases      ] GC(37)         Dead                      Min: 0, Avg:  0.0, Max: 0, Diff: 0, Sum: 0, Workers: 5
[9.706s][debug][gc,phases      ] GC(37)         Total                     Min: 0, Avg: 47.6, Max: 128, Diff: 128, Sum: 238, Workers: 5
[9.706s][debug][gc,phases      ] GC(37)       StringTable weak          Min:  0.0, Avg:  0.0, Max:  0.0, Diff:  0.0, Sum:  0.1, Workers: 5
[9.706s][debug][gc,phases      ] GC(37)         Dead                      Min: 0, Avg:  0.0, Max: 0, Diff: 0, Sum: 0, Workers: 5
[9.706s][debug][gc,phases      ] GC(37)         Total                     Min: 0, Avg: 728.6, Max: 960, Diff: 960, Sum: 3643, Workers: 5
[9.706s][debug][gc,phases      ] GC(37)       ResolvedMethodTable weak  Min:  0.0, Avg:  0.0, Max:  0.0, Diff:  0.0, Sum:  0.0, Workers: 5
[9.706s][debug][gc,phases      ] GC(37)         Dead                      Min: 0, Avg:  0.0, Max: 0, Diff: 0, Sum: 0, Workers: 5
[9.706s][debug][gc,phases      ] GC(37)         Total                     Min: 0, Avg: 123.4, Max: 192, Diff: 192, Sum: 617, Workers: 5
[9.706s][debug][gc,phases      ] GC(37)     Merge Per-Thread State: 0.0ms
[9.706s][debug][gc,phases      ] GC(37)       Copied Bytes              Min: 2128, Avg: 30879.0, Max: 81720, Diff: 79592, Sum: 247032, Workers: 8
[9.706s][debug][gc,phases      ] GC(37)       LAB Waste                 Min: 32, Avg: 105.0, Max: 168, Diff: 136, Sum: 840, Workers: 8
[9.706s][debug][gc,phases      ] GC(37)       LAB Undo Waste            Min: 0, Avg:  0.0, Max: 0, Diff: 0, Sum: 0, Workers: 8
[9.706s][debug][gc,phases      ] GC(37)     Code Roots Purge: 0.0ms
[9.706s][debug][gc,phases      ] GC(37)     Redirty Cards: 0.0ms
[9.706s][debug][gc,phases      ] GC(37)     DerivedPointerTable Update: 0.0ms
[9.706s][debug][gc,phases      ] GC(37)     Free Collection Set: 0.1ms
[9.706s][debug][gc,phases      ] GC(37)     Rebuild Free List: 0.0ms
[9.706s][debug][gc,phases      ] GC(37)     Humongous Reclaim: 0.0ms
[9.706s][debug][gc,phases      ] GC(37)     Start New Collection Set: 0.0ms
[9.706s][debug][gc,phases      ] GC(37)     Resize TLABs: 0.0ms
[9.706s][debug][gc,phases      ] GC(37)     Expand Heap After Collection: 0.0ms
[9.706s][info ][gc,phases      ] GC(37)   Other: 0.3ms
[9.706s][info ][gc,heap        ] GC(37) Eden regions: 177->0(177)
[9.706s][info ][gc,heap        ] GC(37) Survivor regions: 1->1(23)
[9.706s][info ][gc,heap        ] GC(37) Old regions: 7->7
[9.706s][info ][gc,heap        ] GC(37) Archive regions: 2->2
[9.706s][info ][gc,heap        ] GC(37) Humongous regions: 0->0
[9.706s][info ][gc,metaspace   ] GC(37) Metaspace: 10703K(11136K)->10703K(11136K) NonClass: 9440K(9728K)->9440K(9728K) Class: 1263K(1408K)->1263K(1408K)
[9.706s][debug][gc,heap        ] GC(37) Heap after GC invocations=38 (full 1): garbage-first heap   total 305152K, used 4390K [0x0000000700000000, 0x0000000800000000)
[9.706s][debug][gc,heap        ] GC(37)   region size 1024K, 1 young (1024K), 1 survivors (1024K)
[9.706s][debug][gc,heap        ] GC(37)  Metaspace       used 10703K, capacity 10992K, committed 11136K, reserved 1058816K
[9.706s][debug][gc,heap        ] GC(37)   class space    used 1263K, capacity 1389K, committed 1408K, reserved 1048576K
[9.706s][info ][gc             ] GC(37) Pause Young (Normal) (G1 Evacuation Pause) 181M->4M(298M) 1.964ms
[9.706s][info ][gc,cpu         ] GC(37) User=0.01s Sys=0.00s Real=0.00s
[9.706s][info ][safepoint      ] Safepoint "G1CollectForAllocation", Time since last: 165511397 ns, Reaching safepoint: 94207 ns, At safepoint: 2159014 ns, Total: 2253221 ns
[9.865s][debug][gc,heap        ] GC(38) Heap before GC invocations=38 (full 1): garbage-first heap   total 305152K, used 185638K [0x0000000700000000, 0x0000000800000000)
[9.865s][debug][gc,heap        ] GC(38)   region size 1024K, 178 young (182272K), 1 survivors (1024K)
[9.865s][debug][gc,heap        ] GC(38)  Metaspace       used 10703K, capacity 10992K, committed 11136K, reserved 1058816K
[9.865s][debug][gc,heap        ] GC(38)   class space    used 1263K, capacity 1389K, committed 1408K, reserved 1048576K
[9.865s][info ][gc,start       ] GC(38) Pause Young (Normal) (G1 Evacuation Pause)
[9.865s][info ][gc,task        ] GC(38) Using 8 workers of 8 for evacuation
[9.865s][debug][gc,tlab        ] GC(38) TLAB totals: thrds: 8  refills: 712 max: 98 slow allocs: 0 max 0 waste:  1.0% gc: 1407952B max: 413608B slow: 412304B max: 56504B fast: 0B max: 0B
[9.865s][debug][gc,age         ] GC(38) Desired survivor size 12058624 bytes, new threshold 15 (max threshold 15)
[9.865s][debug][gc,alloc,region] GC(38) Mutator Allocation stats, regions: 177, wasted size: 0B ( 0.0%)
[9.865s][debug][gc,ergo        ] GC(38) Running G1 Merge Heap Roots using 8 workers for 178 regions
[9.866s][debug][gc,remset      ] GC(38) Visited cards 5376 Total dirty 14336 (37.50%) Total old 747520 (0.72%)
[9.866s][debug][gc,ergo        ] GC(38) Running G1 Clear Card Table Task using 1 workers for 1 units of work for 185 regions.
[9.866s][debug][gc,ref         ] GC(38) Skipped phase1 of Reference Processing due to unavailable references
[9.866s][debug][gc,ref         ] GC(38) Skipped phase2 of Reference Processing due to unavailable references
[9.866s][debug][gc,ref         ] GC(38) Skipped phase3 of Reference Processing due to unavailable references
[9.866s][debug][gc,ref         ] GC(38) Skipped phase4 of Reference Processing due to unavailable references
[9.866s][debug][gc,ergo        ] GC(38) Running G1 Free Collection Set using 8 workers for collection set length 178 (298)
[9.866s][debug][gc,ergo        ] GC(38) Running G1 Rebuild Free List Task using 8 workers for rebuilding free list of 0 (4096) regions
[9.866s][trace][gc,age         ] GC(38) Age table with threshold 15 (max threshold 15)
[9.866s][trace][gc,age         ] GC(38) - age   1:        280 bytes,        280 total
[9.866s][trace][gc,age         ] GC(38) - age  11:         32 bytes,        312 total
[9.866s][trace][gc,age         ] GC(38) - age  15:     199776 bytes,     200088 total
[9.866s][debug][gc,plab        ] GC(38) Young PLAB allocation: allocated: 20640B, wasted: 56B, unused: 11088B, used: 9496B, undo waste: 0B, 
[9.866s][debug][gc,plab        ] GC(38) Young other allocation: region end waste: 0B, regions filled: 1, direct allocated: 190592B, failure used: 0B, failure wasted: 0B
[9.866s][debug][gc,plab        ] GC(38) Young sizing: calculated: 1896B, actual: 3808B
[9.866s][debug][gc,plab        ] GC(38) Old PLAB allocation: allocated: 43344B, wasted: 512B, unused: 5928B, used: 36904B, undo waste: 0B, 
[9.866s][debug][gc,plab        ] GC(38) Old other allocation: region end waste: 0B, regions filled: 1, direct allocated: 10008B, failure used: 0B, failure wasted: 0B
[9.866s][debug][gc,plab        ] GC(38) Old sizing: calculated: 7376B, actual: 5528B
[9.866s][debug][gc,ihop        ] GC(38) Basic information (value update), threshold: 140614041B (45.00), target occupancy: 312475648B, current occupancy: 4501776B, recent allocation size: 43344B, recent allocation duration: 160.38ms, recent old gen allocation rate: 270260.09B/s, recent marking phase length: 0.00ms
[9.866s][debug][gc,ihop        ] GC(38) Adaptive IHOP information (value update), threshold: 140614041B (47.37), internal target occupancy: 296851865B, occupancy: 4501776B, additional buffer size: 186646528B, predicted old gen allocation rate: 63922.69B/s, predicted marking phase length: 0.00ms, prediction active: false
[9.866s][debug][gc,ergo,refine ] GC(38) Concurrent refinement times: Logged Cards Scan time goal: 20.00ms Logged Cards Scan time: 0.03ms HCC time: 0.00ms
[9.866s][debug][gc,ergo,refine ] GC(38) Updated Refinement Zones: green: 2048, yellow: 6144, red: 10240
[9.866s][info ][gc,phases      ] GC(38)   Pre Evacuate Collection Set: 0.1ms
[9.866s][debug][gc,phases      ] GC(38)     Prepare TLABs: 0.0ms
[9.866s][debug][gc,phases      ] GC(38)     Choose Collection Set: 0.0ms
[9.866s][debug][gc,phases      ] GC(38)     Region Register: 0.1ms
[9.866s][debug][gc,phases      ] GC(38)     Prepare Heap Roots: 0.0ms
[9.866s][info ][gc,phases      ] GC(38)   Merge Heap Roots: 0.1ms
[9.866s][debug][gc,phases      ] GC(38)     Prepare Merge Heap Roots: 0.0ms
[9.866s][debug][gc,phases      ] GC(38)     Eager Reclaim (ms):       skipped
[9.866s][debug][gc,phases      ] GC(38)     Remembered Sets (ms):     Min:  0.0, Avg:  0.0, Max:  0.0, Diff:  0.0, Sum:  0.0, Workers: 8
[9.866s][debug][gc,phases      ] GC(38)       Merged Sparse:            Min: 0, Avg:  0.0, Max: 0, Diff: 0, Sum: 0, Workers: 8
[9.866s][debug][gc,phases      ] GC(38)       Merged Fine:              Min: 0, Avg:  0.0, Max: 0, Diff: 0, Sum: 0, Workers: 8
[9.866s][debug][gc,phases      ] GC(38)       Merged Coarse:            Min: 0, Avg:  0.0, Max: 0, Diff: 0, Sum: 0, Workers: 8
[9.866s][debug][gc,phases      ] GC(38)       Dirty Cards:              Min: 0, Avg:  0.0, Max: 0, Diff: 0, Sum: 0, Workers: 8
[9.866s][debug][gc,phases      ] GC(38)     Hot Card Cache (ms):      Min:  0.0, Avg:  0.0, Max:  0.0, Diff:  0.0, Sum:  0.0, Workers: 8
[9.866s][debug][gc,phases      ] GC(38)       Dirty Cards:              Min: 0, Avg:  0.0, Max: 0, Diff: 0, Sum: 0, Workers: 8
[9.866s][debug][gc,phases      ] GC(38)       Skipped Cards:            Min: 0, Avg:  0.0, Max: 0, Diff: 0, Sum: 0, Workers: 8
[9.867s][debug][gc,phases      ] GC(38)     Log Buffers (ms):         Min:  0.0, Avg:  0.0, Max:  0.0, Diff:  0.0, Sum:  0.0, Workers: 8
[9.867s][debug][gc,phases      ] GC(38)       Dirty Cards:              Min: 0, Avg:  9.9, Max: 27, Diff: 27, Sum: 79, Workers: 8
[9.867s][debug][gc,phases      ] GC(38)       Skipped Cards:            Min: 0, Avg:  0.0, Max: 0, Diff: 0, Sum: 0, Workers: 8
[9.867s][info ][gc,phases      ] GC(38)   Evacuate Collection Set: 0.2ms
[9.867s][debug][gc,phases      ] GC(38)     Ext Root Scanning (ms):   Min:  0.0, Avg:  0.0, Max:  0.2, Diff:  0.2, Sum:  0.3, Workers: 8
[9.867s][debug][gc,phases      ] GC(38)     Scan Heap Roots (ms):     Min:  0.0, Avg:  0.0, Max:  0.1, Diff:  0.1, Sum:  0.2, Workers: 8
[9.867s][debug][gc,phases      ] GC(38)       Scanned Cards:            Min: 0, Avg:  9.6, Max: 19, Diff: 19, Sum: 77, Workers: 8
[9.867s][debug][gc,phases      ] GC(38)       Scanned Blocks:           Min: 0, Avg:  7.9, Max: 17, Diff: 17, Sum: 63, Workers: 8
[9.867s][debug][gc,phases      ] GC(38)       Claimed Chunks:           Min: 0, Avg:  2.6, Max: 5, Diff: 5, Sum: 21, Workers: 8
[9.867s][debug][gc,phases      ] GC(38)     Code Root Scan (ms):      Min:  0.0, Avg:  0.0, Max:  0.0, Diff:  0.0, Sum:  0.0, Workers: 8
[9.867s][debug][gc,phases      ] GC(38)     Object Copy (ms):         Min:  0.0, Avg:  0.1, Max:  0.1, Diff:  0.1, Sum:  0.4, Workers: 8
[9.867s][debug][gc,phases      ] GC(38)     Termination (ms):         Min:  0.0, Avg:  0.0, Max:  0.1, Diff:  0.0, Sum:  0.4, Workers: 8
[9.867s][debug][gc,phases      ] GC(38)       Termination Attempts:     Min: 1, Avg:  1.0, Max: 1, Diff: 0, Sum: 8, Workers: 8
[9.867s][debug][gc,phases      ] GC(38)     GC Worker Other (ms):     Min:  0.0, Avg:  0.0, Max:  0.0, Diff:  0.0, Sum:  0.1, Workers: 8
[9.867s][debug][gc,phases      ] GC(38)     GC Worker Total (ms):     Min:  0.2, Avg:  0.2, Max:  0.2, Diff:  0.1, Sum:  1.4, Workers: 8
[9.867s][info ][gc,phases      ] GC(38)   Post Evacuate Collection Set: 0.4ms
[9.867s][debug][gc,phases      ] GC(38)     Code Roots Fixup: 0.0ms
[9.867s][debug][gc,phases      ] GC(38)     Clear Card Table: 0.1ms
[9.867s][debug][gc,phases      ] GC(38)     Reference Processing: 0.1ms
[9.867s][debug][gc,phases,ref  ] GC(38)       Reconsider SoftReferences: 0.0ms
[9.867s][debug][gc,phases,ref  ] GC(38)         SoftRef (ms):             skipped
[9.867s][debug][gc,phases,ref  ] GC(38)       Notify Soft/WeakReferences: 0.0ms
[9.867s][debug][gc,phases,ref  ] GC(38)         SoftRef (ms):             skipped
[9.867s][debug][gc,phases,ref  ] GC(38)         WeakRef (ms):             skipped
[9.867s][debug][gc,phases,ref  ] GC(38)         FinalRef (ms):            skipped
[9.867s][debug][gc,phases,ref  ] GC(38)         Total (ms):               skipped
[9.867s][debug][gc,phases,ref  ] GC(38)       Notify and keep alive finalizable: 0.0ms
[9.867s][debug][gc,phases,ref  ] GC(38)         FinalRef (ms):            skipped
[9.867s][debug][gc,phases,ref  ] GC(38)       Notify PhantomReferences: 0.0ms
[9.867s][debug][gc,phases,ref  ] GC(38)         PhantomRef (ms):          skipped
[9.867s][debug][gc,phases,ref  ] GC(38)       SoftReference:
[9.867s][debug][gc,phases,ref  ] GC(38)         Discovered: 0
[9.867s][debug][gc,phases,ref  ] GC(38)         Cleared: 0
[9.867s][debug][gc,phases,ref  ] GC(38)       WeakReference:
[9.867s][debug][gc,phases,ref  ] GC(38)         Discovered: 0
[9.867s][debug][gc,phases,ref  ] GC(38)         Cleared: 0
[9.867s][debug][gc,phases,ref  ] GC(38)       FinalReference:
[9.867s][debug][gc,phases,ref  ] GC(38)         Discovered: 0
[9.867s][debug][gc,phases,ref  ] GC(38)         Cleared: 0
[9.867s][debug][gc,phases,ref  ] GC(38)       PhantomReference:
[9.867s][debug][gc,phases,ref  ] GC(38)         Discovered: 0
[9.867s][debug][gc,phases,ref  ] GC(38)         Cleared: 0
[9.867s][debug][gc,phases      ] GC(38)     Weak Processing: 0.1ms
[9.867s][debug][gc,phases      ] GC(38)       JVMTI weak processing: 0.0ms
[9.867s][debug][gc,phases      ] GC(38)         Dead: 0
[9.867s][debug][gc,phases      ] GC(38)         Total: 0
[9.867s][debug][gc,phases      ] GC(38)       JFR weak processing: 0.0ms
[9.867s][debug][gc,phases      ] GC(38)         Dead: 0
[9.867s][debug][gc,phases      ] GC(38)         Total: 0
[9.867s][debug][gc,phases      ] GC(38)       JNI weak                  Min:  0.0, Avg:  0.0, Max:  0.0, Diff:  0.0, Sum:  0.0, Workers: 5
[9.867s][debug][gc,phases      ] GC(38)         Dead                      Min: 0, Avg:  0.0, Max: 0, Diff: 0, Sum: 0, Workers: 5
[9.867s][debug][gc,phases      ] GC(38)         Total                     Min: 0, Avg: 13.4, Max: 52, Diff: 52, Sum: 67, Workers: 5
[9.867s][debug][gc,phases      ] GC(38)       VM weak                   Min:  0.0, Avg:  0.0, Max:  0.0, Diff:  0.0, Sum:  0.0, Workers: 5
[9.867s][debug][gc,phases      ] GC(38)         Dead                      Min: 0, Avg:  0.0, Max: 0, Diff: 0, Sum: 0, Workers: 5
[9.867s][debug][gc,phases      ] GC(38)         Total                     Min: 0, Avg: 47.6, Max: 110, Diff: 110, Sum: 238, Workers: 5
[9.867s][debug][gc,phases      ] GC(38)       StringTable weak          Min:  0.0, Avg:  0.0, Max:  0.0, Diff:  0.0, Sum:  0.1, Workers: 5
[9.867s][debug][gc,phases      ] GC(38)         Dead                      Min: 0, Avg:  0.0, Max: 0, Diff: 0, Sum: 0, Workers: 5
[9.867s][debug][gc,phases      ] GC(38)         Total                     Min: 576, Avg: 728.6, Max: 827, Diff: 251, Sum: 3643, Workers: 5
[9.867s][debug][gc,phases      ] GC(38)       ResolvedMethodTable weak  Min:  0.0, Avg:  0.0, Max:  0.0, Diff:  0.0, Sum:  0.0, Workers: 5
[9.867s][debug][gc,phases      ] GC(38)         Dead                      Min: 0, Avg:  0.0, Max: 0, Diff: 0, Sum: 0, Workers: 5
[9.867s][debug][gc,phases      ] GC(38)         Total                     Min: 64, Avg: 123.4, Max: 192, Diff: 128, Sum: 617, Workers: 5
[9.867s][debug][gc,phases      ] GC(38)     Merge Per-Thread State: 0.0ms
[9.867s][debug][gc,phases      ] GC(38)       Copied Bytes              Min: 5112, Avg: 30875.0, Max: 85936, Diff: 80824, Sum: 247000, Workers: 8
[9.867s][debug][gc,phases      ] GC(38)       LAB Waste                 Min: 16, Avg: 71.0, Max: 120, Diff: 104, Sum: 568, Workers: 8
[9.867s][debug][gc,phases      ] GC(38)       LAB Undo Waste            Min: 0, Avg:  0.0, Max: 0, Diff: 0, Sum: 0, Workers: 8
[9.867s][debug][gc,phases      ] GC(38)     Code Roots Purge: 0.0ms
[9.867s][debug][gc,phases      ] GC(38)     Redirty Cards: 0.0ms
[9.867s][debug][gc,phases      ] GC(38)     DerivedPointerTable Update: 0.0ms
[9.867s][debug][gc,phases      ] GC(38)     Free Collection Set: 0.1ms
[9.867s][debug][gc,phases      ] GC(38)     Rebuild Free List: 0.1ms
[9.867s][debug][gc,phases      ] GC(38)     Humongous Reclaim: 0.0ms
[9.867s][debug][gc,phases      ] GC(38)     Start New Collection Set: 0.0ms
[9.867s][debug][gc,phases      ] GC(38)     Resize TLABs: 0.0ms
[9.867s][debug][gc,phases      ] GC(38)     Expand Heap After Collection: 0.0ms
[9.867s][info ][gc,phases      ] GC(38)   Other: 0.3ms
[9.867s][info ][gc,heap        ] GC(38) Eden regions: 177->0(177)
[9.867s][info ][gc,heap        ] GC(38) Survivor regions: 1->1(23)
[9.867s][info ][gc,heap        ] GC(38) Old regions: 7->7
[9.867s][info ][gc,heap        ] GC(38) Archive regions: 2->2
[9.867s][info ][gc,heap        ] GC(38) Humongous regions: 0->0
[9.867s][info ][gc,metaspace   ] GC(38) Metaspace: 10703K(11136K)->10703K(11136K) NonClass: 9440K(9728K)->9440K(9728K) Class: 1263K(1408K)->1263K(1408K)
[9.867s][debug][gc,heap        ] GC(38) Heap after GC invocations=39 (full 1): garbage-first heap   total 305152K, used 4396K [0x0000000700000000, 0x0000000800000000)
[9.867s][debug][gc,heap        ] GC(38)   region size 1024K, 1 young (1024K), 1 survivors (1024K)
[9.867s][debug][gc,heap        ] GC(38)  Metaspace       used 10703K, capacity 10992K, committed 11136K, reserved 1058816K
[9.867s][debug][gc,heap        ] GC(38)   class space    used 1263K, capacity 1389K, committed 1408K, reserved 1048576K
[9.867s][info ][gc             ] GC(38) Pause Young (Normal) (G1 Evacuation Pause) 181M->4M(298M) 1.740ms
[9.867s][info ][gc,cpu         ] GC(38) User=0.01s Sys=0.00s Real=0.00s
[9.867s][info ][safepoint      ] Safepoint "G1CollectForAllocation", Time since last: 159122659 ns, Reaching safepoint: 215281 ns, At safepoint: 1864325 ns, Total: 2079606 ns
[10.034s][debug][gc,heap        ] GC(39) Heap before GC invocations=39 (full 1): garbage-first heap   total 305152K, used 185644K [0x0000000700000000, 0x0000000800000000)
[10.034s][debug][gc,heap        ] GC(39)   region size 1024K, 178 young (182272K), 1 survivors (1024K)
[10.034s][debug][gc,heap        ] GC(39)  Metaspace       used 10703K, capacity 10992K, committed 11136K, reserved 1058816K
[10.034s][debug][gc,heap        ] GC(39)   class space    used 1263K, capacity 1389K, committed 1408K, reserved 1048576K
[10.034s][info ][gc,start       ] GC(39) Pause Young (Normal) (G1 Evacuation Pause)
[10.034s][info ][gc,task        ] GC(39) Using 8 workers of 8 for evacuation
[10.034s][debug][gc,tlab        ] GC(39) TLAB totals: thrds: 8  refills: 709 max: 94 slow allocs: 0 max 0 waste:  0.8% gc: 1084672B max: 290832B slow: 410480B max: 54272B fast: 0B max: 0B
[10.034s][debug][gc,age         ] GC(39) Desired survivor size 12058624 bytes, new threshold 15 (max threshold 15)
[10.034s][debug][gc,alloc,region] GC(39) Mutator Allocation stats, regions: 177, wasted size: 1280B ( 0.0%)
[10.034s][debug][gc,ergo        ] GC(39) Running G1 Merge Heap Roots using 8 workers for 178 regions
[10.034s][debug][gc,remset      ] GC(39) Visited cards 2816 Total dirty 10240 (27.50%) Total old 747520 (0.38%)
[10.034s][debug][gc,ergo        ] GC(39) Running G1 Clear Card Table Task using 1 workers for 1 units of work for 183 regions.
[10.034s][debug][gc,ref         ] GC(39) Skipped phase1 of Reference Processing due to unavailable references
[10.034s][debug][gc,ref         ] GC(39) Skipped phase2 of Reference Processing due to unavailable references
[10.034s][debug][gc,ref         ] GC(39) Skipped phase3 of Reference Processing due to unavailable references
[10.034s][debug][gc,ref         ] GC(39) Skipped phase4 of Reference Processing due to unavailable references
[10.035s][debug][gc,ergo        ] GC(39) Running G1 Free Collection Set using 8 workers for collection set length 178 (298)
[10.035s][debug][gc,ergo        ] GC(39) Running G1 Rebuild Free List Task using 8 workers for rebuilding free list of 0 (4096) regions
[10.035s][trace][gc,age         ] GC(39) Age table with threshold 15 (max threshold 15)
[10.035s][trace][gc,age         ] GC(39) - age   1:        256 bytes,        256 total
[10.035s][trace][gc,age         ] GC(39) - age  12:         32 bytes,        288 total
[10.035s][debug][gc,plab        ] GC(39) Young PLAB allocation: allocated: 10320B, wasted: 0B, unused: 10032B, used: 288B, undo waste: 0B, 
[10.035s][debug][gc,plab        ] GC(39) Young other allocation: region end waste: 0B, regions filled: 1, direct allocated: 0B, failure used: 0B, failure wasted: 0B
[10.035s][debug][gc,plab        ] GC(39) Young sizing: calculated: 56B, actual: 2064B
[10.035s][debug][gc,plab        ] GC(39) Old PLAB allocation: allocated: 16512B, wasted: 0B, unused: 7328B, used: 9184B, undo waste: 34064B, 
[10.035s][debug][gc,plab        ] GC(39) Old other allocation: region end waste: 0B, regions filled: 1, direct allocated: 224656B, failure used: 0B, failure wasted: 0B
[10.035s][debug][gc,plab        ] GC(39) Old sizing: calculated: 1832B, actual: 2752B
[10.035s][debug][gc,ihop        ] GC(39) Basic information (value update), threshold: 140614041B (45.00), target occupancy: 312475648B, current occupancy: 4542528B, recent allocation size: 16512B, recent allocation duration: 167.41ms, recent old gen allocation rate: 98634.77B/s, recent marking phase length: 0.00ms
[10.035s][debug][gc,ihop        ] GC(39) Adaptive IHOP information (value update), threshold: 140614041B (47.37), internal target occupancy: 296851865B, occupancy: 4542528B, additional buffer size: 186646528B, predicted old gen allocation rate: 67446.07B/s, predicted marking phase length: 0.00ms, prediction active: false
[10.035s][debug][gc,ergo,refine ] GC(39) Concurrent refinement times: Logged Cards Scan time goal: 20.00ms Logged Cards Scan time: 0.01ms HCC time: 0.00ms
[10.035s][debug][gc,ergo,refine ] GC(39) Updated Refinement Zones: green: 2048, yellow: 6144, red: 10240
[10.035s][info ][gc,phases      ] GC(39)   Pre Evacuate Collection Set: 0.1ms
[10.035s][debug][gc,phases      ] GC(39)     Prepare TLABs: 0.0ms
[10.035s][debug][gc,phases      ] GC(39)     Choose Collection Set: 0.0ms
[10.035s][debug][gc,phases      ] GC(39)     Region Register: 0.1ms
[10.035s][debug][gc,phases      ] GC(39)     Prepare Heap Roots: 0.0ms
[10.035s][info ][gc,phases      ] GC(39)   Merge Heap Roots: 0.1ms
[10.035s][debug][gc,phases      ] GC(39)     Prepare Merge Heap Roots: 0.0ms
[10.035s][debug][gc,phases      ] GC(39)     Eager Reclaim (ms):       skipped
[10.035s][debug][gc,phases      ] GC(39)     Remembered Sets (ms):     Min:  0.0, Avg:  0.0, Max:  0.0, Diff:  0.0, Sum:  0.2, Workers: 8
[10.035s][debug][gc,phases      ] GC(39)       Merged Sparse:            Min: 0, Avg:  0.0, Max: 0, Diff: 0, Sum: 0, Workers: 8
[10.035s][debug][gc,phases      ] GC(39)       Merged Fine:              Min: 0, Avg:  0.0, Max: 0, Diff: 0, Sum: 0, Workers: 8
[10.035s][debug][gc,phases      ] GC(39)       Merged Coarse:            Min: 0, Avg:  0.0, Max: 0, Diff: 0, Sum: 0, Workers: 8
[10.035s][debug][gc,phases      ] GC(39)       Dirty Cards:              Min: 0, Avg:  0.0, Max: 0, Diff: 0, Sum: 0, Workers: 8
[10.035s][debug][gc,phases      ] GC(39)     Hot Card Cache (ms):      Min:  0.0, Avg:  0.0, Max:  0.0, Diff:  0.0, Sum:  0.0, Workers: 8
[10.035s][debug][gc,phases      ] GC(39)       Dirty Cards:              Min: 0, Avg:  0.0, Max: 0, Diff: 0, Sum: 0, Workers: 8
[10.035s][debug][gc,phases      ] GC(39)       Skipped Cards:            Min: 0, Avg:  0.0, Max: 0, Diff: 0, Sum: 0, Workers: 8
[10.035s][debug][gc,phases      ] GC(39)     Log Buffers (ms):         Min:  0.0, Avg:  0.0, Max:  0.0, Diff:  0.0, Sum:  0.0, Workers: 8
[10.035s][debug][gc,phases      ] GC(39)       Dirty Cards:              Min: 0, Avg:  3.5, Max: 14, Diff: 14, Sum: 28, Workers: 8
[10.035s][debug][gc,phases      ] GC(39)       Skipped Cards:            Min: 0, Avg:  0.0, Max: 0, Diff: 0, Sum: 0, Workers: 8
[10.035s][info ][gc,phases      ] GC(39)   Evacuate Collection Set: 0.3ms
[10.035s][debug][gc,phases      ] GC(39)     Ext Root Scanning (ms):   Min:  0.0, Avg:  0.0, Max:  0.1, Diff:  0.1, Sum:  0.4, Workers: 8
[10.035s][debug][gc,phases      ] GC(39)     Scan Heap Roots (ms):     Min:  0.0, Avg:  0.0, Max:  0.0, Diff:  0.0, Sum:  0.1, Workers: 8
[10.035s][debug][gc,phases      ] GC(39)       Scanned Cards:            Min: 0, Avg:  3.4, Max: 7, Diff: 7, Sum: 27, Workers: 8
[10.035s][debug][gc,phases      ] GC(39)       Scanned Blocks:           Min: 0, Avg:  3.2, Max: 7, Diff: 7, Sum: 26, Workers: 8
[10.035s][debug][gc,phases      ] GC(39)       Claimed Chunks:           Min: 0, Avg:  1.4, Max: 3, Diff: 3, Sum: 11, Workers: 8
[10.035s][debug][gc,phases      ] GC(39)     Code Root Scan (ms):      Min:  0.0, Avg:  0.0, Max:  0.0, Diff:  0.0, Sum:  0.1, Workers: 8
[10.035s][debug][gc,phases      ] GC(39)     Object Copy (ms):         Min:  0.0, Avg:  0.0, Max:  0.1, Diff:  0.1, Sum:  0.4, Workers: 8
[10.035s][debug][gc,phases      ] GC(39)     Termination (ms):         Min:  0.0, Avg:  0.1, Max:  0.1, Diff:  0.1, Sum:  0.4, Workers: 8
[10.035s][debug][gc,phases      ] GC(39)       Termination Attempts:     Min: 1, Avg:  1.0, Max: 1, Diff: 0, Sum: 8, Workers: 8
[10.035s][debug][gc,phases      ] GC(39)     GC Worker Other (ms):     Min:  0.0, Avg:  0.0, Max:  0.0, Diff:  0.0, Sum:  0.2, Workers: 8
[10.035s][debug][gc,phases      ] GC(39)     GC Worker Total (ms):     Min:  0.2, Avg:  0.2, Max:  0.3, Diff:  0.1, Sum:  1.5, Workers: 8
[10.035s][info ][gc,phases      ] GC(39)   Post Evacuate Collection Set: 0.4ms
[10.035s][debug][gc,phases      ] GC(39)     Code Roots Fixup: 0.0ms
[10.035s][debug][gc,phases      ] GC(39)     Clear Card Table: 0.1ms
[10.035s][debug][gc,phases      ] GC(39)     Reference Processing: 0.0ms
[10.035s][debug][gc,phases,ref  ] GC(39)       Reconsider SoftReferences: 0.0ms
[10.035s][debug][gc,phases,ref  ] GC(39)         SoftRef (ms):             skipped
[10.035s][debug][gc,phases,ref  ] GC(39)       Notify Soft/WeakReferences: 0.0ms
[10.035s][debug][gc,phases,ref  ] GC(39)         SoftRef (ms):             skipped
[10.035s][debug][gc,phases,ref  ] GC(39)         WeakRef (ms):             skipped
[10.035s][debug][gc,phases,ref  ] GC(39)         FinalRef (ms):            skipped
[10.035s][debug][gc,phases,ref  ] GC(39)         Total (ms):               skipped
[10.035s][debug][gc,phases,ref  ] GC(39)       Notify and keep alive finalizable: 0.0ms
[10.035s][debug][gc,phases,ref  ] GC(39)         FinalRef (ms):            skipped
[10.035s][debug][gc,phases,ref  ] GC(39)       Notify PhantomReferences: 0.0ms
[10.035s][debug][gc,phases,ref  ] GC(39)         PhantomRef (ms):          skipped
[10.035s][debug][gc,phases,ref  ] GC(39)       SoftReference:
[10.035s][debug][gc,phases,ref  ] GC(39)         Discovered: 0
[10.035s][debug][gc,phases,ref  ] GC(39)         Cleared: 0
[10.035s][debug][gc,phases,ref  ] GC(39)       WeakReference:
[10.035s][debug][gc,phases,ref  ] GC(39)         Discovered: 0
[10.035s][debug][gc,phases,ref  ] GC(39)         Cleared: 0
[10.035s][debug][gc,phases,ref  ] GC(39)       FinalReference:
[10.035s][debug][gc,phases,ref  ] GC(39)         Discovered: 0
[10.035s][debug][gc,phases,ref  ] GC(39)         Cleared: 0
[10.035s][debug][gc,phases,ref  ] GC(39)       PhantomReference:
[10.035s][debug][gc,phases,ref  ] GC(39)         Discovered: 0
[10.035s][debug][gc,phases,ref  ] GC(39)         Cleared: 0
[10.035s][debug][gc,phases      ] GC(39)     Weak Processing: 0.1ms
[10.035s][debug][gc,phases      ] GC(39)       JVMTI weak processing: 0.0ms
[10.035s][debug][gc,phases      ] GC(39)         Dead: 0
[10.035s][debug][gc,phases      ] GC(39)         Total: 0
[10.035s][debug][gc,phases      ] GC(39)       JFR weak processing: 0.0ms
[10.035s][debug][gc,phases      ] GC(39)         Dead: 0
[10.035s][debug][gc,phases      ] GC(39)         Total: 0
[10.035s][debug][gc,phases      ] GC(39)       JNI weak                  Min:  0.0, Avg:  0.0, Max:  0.0, Diff:  0.0, Sum:  0.0, Workers: 5
[10.035s][debug][gc,phases      ] GC(39)         Dead                      Min: 0, Avg:  0.0, Max: 0, Diff: 0, Sum: 0, Workers: 5
[10.035s][debug][gc,phases      ] GC(39)         Total                     Min: 0, Avg: 13.4, Max: 52, Diff: 52, Sum: 67, Workers: 5
[10.035s][debug][gc,phases      ] GC(39)       VM weak                   Min:  0.0, Avg:  0.0, Max:  0.0, Diff:  0.0, Sum:  0.0, Workers: 5
[10.035s][debug][gc,phases      ] GC(39)         Dead                      Min: 0, Avg:  0.0, Max: 0, Diff: 0, Sum: 0, Workers: 5
[10.035s][debug][gc,phases      ] GC(39)         Total                     Min: 0, Avg: 47.6, Max: 64, Diff: 64, Sum: 238, Workers: 5
[10.035s][debug][gc,phases      ] GC(39)       StringTable weak          Min:  0.0, Avg:  0.0, Max:  0.0, Diff:  0.0, Sum:  0.1, Workers: 5
[10.035s][debug][gc,phases      ] GC(39)         Dead                      Min: 0, Avg:  0.0, Max: 0, Diff: 0, Sum: 0, Workers: 5
[10.035s][debug][gc,phases      ] GC(39)         Total                     Min: 704, Avg: 728.6, Max: 766, Diff: 62, Sum: 3643, Workers: 5
[10.035s][debug][gc,phases      ] GC(39)       ResolvedMethodTable weak  Min:  0.0, Avg:  0.0, Max:  0.0, Diff:  0.0, Sum:  0.0, Workers: 5
[10.035s][debug][gc,phases      ] GC(39)         Dead                      Min: 0, Avg:  0.0, Max: 0, Diff: 0, Sum: 0, Workers: 5
[10.035s][debug][gc,phases      ] GC(39)         Total                     Min: 64, Avg: 123.4, Max: 192, Diff: 128, Sum: 617, Workers: 5
[10.035s][debug][gc,phases      ] GC(39)     Merge Per-Thread State: 0.0ms
[10.035s][debug][gc,phases      ] GC(39)       Copied Bytes              Min: 584, Avg: 25008.0, Max: 79296, Diff: 78712, Sum: 200064, Workers: 8
[10.035s][debug][gc,phases      ] GC(39)       LAB Waste                 Min: 0, Avg:  0.0, Max: 0, Diff: 0, Sum: 0, Workers: 8
[10.035s][debug][gc,phases      ] GC(39)       LAB Undo Waste            Min: 0, Avg: 4258.0, Max: 34064, Diff: 34064, Sum: 34064, Workers: 8
[10.035s][debug][gc,phases      ] GC(39)     Code Roots Purge: 0.0ms
[10.035s][debug][gc,phases      ] GC(39)     Redirty Cards: 0.0ms
[10.035s][debug][gc,phases      ] GC(39)     DerivedPointerTable Update: 0.0ms
[10.035s][debug][gc,phases      ] GC(39)     Free Collection Set: 0.1ms
[10.035s][debug][gc,phases      ] GC(39)     Rebuild Free List: 0.1ms
[10.035s][debug][gc,phases      ] GC(39)     Humongous Reclaim: 0.0ms
[10.035s][debug][gc,phases      ] GC(39)     Start New Collection Set: 0.0ms
[10.035s][debug][gc,phases      ] GC(39)     Resize TLABs: 0.0ms
[10.035s][debug][gc,phases      ] GC(39)     Expand Heap After Collection: 0.0ms
[10.035s][info ][gc,phases      ] GC(39)   Other: 0.3ms
[10.035s][info ][gc,heap        ] GC(39) Eden regions: 177->0(177)
[10.035s][info ][gc,heap        ] GC(39) Survivor regions: 1->1(23)
[10.035s][info ][gc,heap        ] GC(39) Old regions: 7->7
[10.035s][info ][gc,heap        ] GC(39) Archive regions: 2->2
[10.035s][info ][gc,heap        ] GC(39) Humongous regions: 0->0
[10.035s][info ][gc,metaspace   ] GC(39) Metaspace: 10703K(11136K)->10703K(11136K) NonClass: 9440K(9728K)->9440K(9728K) Class: 1263K(1408K)->1263K(1408K)
[10.035s][debug][gc,heap        ] GC(39) Heap after GC invocations=40 (full 1): garbage-first heap   total 305152K, used 4436K [0x0000000700000000, 0x0000000800000000)
[10.035s][debug][gc,heap        ] GC(39)   region size 1024K, 1 young (1024K), 1 survivors (1024K)
[10.035s][debug][gc,heap        ] GC(39)  Metaspace       used 10703K, capacity 10992K, committed 11136K, reserved 1058816K
[10.035s][debug][gc,heap        ] GC(39)   class space    used 1263K, capacity 1389K, committed 1408K, reserved 1048576K
[10.035s][info ][gc             ] GC(39) Pause Young (Normal) (G1 Evacuation Pause) 181M->4M(298M) 1.671ms
[10.035s][info ][gc,cpu         ] GC(39) User=0.00s Sys=0.00s Real=0.00s
[10.035s][info ][safepoint      ] Safepoint "G1CollectForAllocation", Time since last: 166363309 ns, Reaching safepoint: 181313 ns, At safepoint: 1853828 ns, Total: 2035141 ns
[10.200s][debug][gc,heap        ] GC(40) Heap before GC invocations=40 (full 1): garbage-first heap   total 305152K, used 185684K [0x0000000700000000, 0x0000000800000000)
[10.200s][debug][gc,heap        ] GC(40)   region size 1024K, 178 young (182272K), 1 survivors (1024K)
[10.200s][debug][gc,heap        ] GC(40)  Metaspace       used 10703K, capacity 10992K, committed 11136K, reserved 1058816K
[10.200s][debug][gc,heap        ] GC(40)   class space    used 1263K, capacity 1389K, committed 1408K, reserved 1048576K
[10.200s][info ][gc,start       ] GC(40) Pause Young (Normal) (G1 Evacuation Pause)
[10.200s][info ][gc,task        ] GC(40) Using 8 workers of 8 for evacuation
[10.200s][debug][gc,tlab        ] GC(40) TLAB totals: thrds: 8  refills: 710 max: 95 slow allocs: 0 max 0 waste:  1.0% gc: 1475264B max: 392672B slow: 410504B max: 54848B fast: 0B max: 0B
[10.200s][debug][gc,age         ] GC(40) Desired survivor size 12058624 bytes, new threshold 15 (max threshold 15)
[10.200s][debug][gc,alloc,region] GC(40) Mutator Allocation stats, regions: 177, wasted size: 0B ( 0.0%)
[10.201s][debug][gc,ergo        ] GC(40) Running G1 Merge Heap Roots using 8 workers for 178 regions
[10.201s][debug][gc,remset      ] GC(40) Visited cards 512 Total dirty 4096 (12.50%) Total old 747520 (0.07%)
[10.201s][debug][gc,ergo        ] GC(40) Running G1 Clear Card Table Task using 1 workers for 1 units of work for 180 regions.
[10.201s][debug][gc,ref         ] GC(40) Skipped phase1 of Reference Processing due to unavailable references
[10.201s][debug][gc,ref         ] GC(40) Skipped phase2 of Reference Processing due to unavailable references
[10.201s][debug][gc,ref         ] GC(40) Skipped phase3 of Reference Processing due to unavailable references
[10.201s][debug][gc,ref         ] GC(40) Skipped phase4 of Reference Processing due to unavailable references
[10.201s][debug][gc,ergo        ] GC(40) Running G1 Free Collection Set using 8 workers for collection set length 178 (298)
[10.201s][debug][gc,ergo        ] GC(40) Running G1 Rebuild Free List Task using 8 workers for rebuilding free list of 0 (4096) regions
[10.201s][trace][gc,age         ] GC(40) Age table with threshold 15 (max threshold 15)
[10.201s][trace][gc,age         ] GC(40) - age   1:        520 bytes,        520 total
[10.201s][trace][gc,age         ] GC(40) - age  13:         32 bytes,        552 total
[10.201s][debug][gc,plab        ] GC(40) Young PLAB allocation: allocated: 12384B, wasted: 0B, unused: 11832B, used: 552B, undo waste: 0B, 
[10.201s][debug][gc,plab        ] GC(40) Young other allocation: region end waste: 0B, regions filled: 1, direct allocated: 0B, failure used: 0B, failure wasted: 0B
[10.201s][debug][gc,plab        ] GC(40) Young sizing: calculated: 104B, actual: 2064B
[10.201s][debug][gc,plab        ] GC(40) Old PLAB allocation: allocated: 0B, wasted: 0B, unused: 0B, used: 0B, undo waste: 0B, 
[10.201s][debug][gc,plab        ] GC(40) Old other allocation: region end waste: 0B, regions filled: 1, direct allocated: 0B, failure used: 0B, failure wasted: 0B
[10.201s][debug][gc,plab        ] GC(40) Old sizing: calculated: 0B, actual: 2064B
[10.201s][debug][gc,ihop        ] GC(40) Basic information (value update), threshold: 140614041B (45.00), target occupancy: 312475648B, current occupancy: 4544592B, recent allocation size: 0B, recent allocation duration: 165.61ms, recent old gen allocation rate: 0.00B/s, recent marking phase length: 0.00ms
[10.201s][debug][gc,ihop        ] GC(40) Adaptive IHOP information (value update), threshold: 140614041B (47.37), internal target occupancy: 296851865B, occupancy: 4544592B, additional buffer size: 186646528B, predicted old gen allocation rate: 65167.42B/s, predicted marking phase length: 0.00ms, prediction active: false
[10.201s][debug][gc,ergo,refine ] GC(40) Concurrent refinement times: Logged Cards Scan time goal: 20.00ms Logged Cards Scan time: 0.00ms HCC time: 0.00ms
[10.201s][debug][gc,ergo,refine ] GC(40) Updated Refinement Zones: green: 2048, yellow: 6144, red: 10240
[10.201s][info ][gc,phases      ] GC(40)   Pre Evacuate Collection Set: 0.1ms
[10.201s][debug][gc,phases      ] GC(40)     Prepare TLABs: 0.0ms
[10.201s][debug][gc,phases      ] GC(40)     Choose Collection Set: 0.0ms
[10.201s][debug][gc,phases      ] GC(40)     Region Register: 0.1ms
[10.201s][debug][gc,phases      ] GC(40)     Prepare Heap Roots: 0.0ms
[10.201s][info ][gc,phases      ] GC(40)   Merge Heap Roots: 0.1ms
[10.201s][debug][gc,phases      ] GC(40)     Prepare Merge Heap Roots: 0.0ms
[10.201s][debug][gc,phases      ] GC(40)     Eager Reclaim (ms):       skipped
[10.201s][debug][gc,phases      ] GC(40)     Remembered Sets (ms):     Min:  0.0, Avg:  0.0, Max:  0.0, Diff:  0.0, Sum:  0.1, Workers: 8
[10.201s][debug][gc,phases      ] GC(40)       Merged Sparse:            Min: 0, Avg:  0.0, Max: 0, Diff: 0, Sum: 0, Workers: 8
[10.201s][debug][gc,phases      ] GC(40)       Merged Fine:              Min: 0, Avg:  0.0, Max: 0, Diff: 0, Sum: 0, Workers: 8
[10.201s][debug][gc,phases      ] GC(40)       Merged Coarse:            Min: 0, Avg:  0.0, Max: 0, Diff: 0, Sum: 0, Workers: 8
[10.201s][debug][gc,phases      ] GC(40)       Dirty Cards:              Min: 0, Avg:  0.0, Max: 0, Diff: 0, Sum: 0, Workers: 8
[10.201s][debug][gc,phases      ] GC(40)     Hot Card Cache (ms):      Min:  0.0, Avg:  0.0, Max:  0.0, Diff:  0.0, Sum:  0.0, Workers: 8
[10.201s][debug][gc,phases      ] GC(40)       Dirty Cards:              Min: 0, Avg:  0.0, Max: 0, Diff: 0, Sum: 0, Workers: 8
[10.201s][debug][gc,phases      ] GC(40)       Skipped Cards:            Min: 0, Avg:  0.0, Max: 0, Diff: 0, Sum: 0, Workers: 8
[10.201s][debug][gc,phases      ] GC(40)     Log Buffers (ms):         Min:  0.0, Avg:  0.0, Max:  0.0, Diff:  0.0, Sum:  0.0, Workers: 8
[10.201s][debug][gc,phases      ] GC(40)       Dirty Cards:              Min: 0, Avg:  0.2, Max: 2, Diff: 2, Sum: 2, Workers: 8
[10.201s][debug][gc,phases      ] GC(40)       Skipped Cards:            Min: 0, Avg:  0.0, Max: 0, Diff: 0, Sum: 0, Workers: 8
[10.201s][info ][gc,phases      ] GC(40)   Evacuate Collection Set: 0.1ms
[10.201s][debug][gc,phases      ] GC(40)     Ext Root Scanning (ms):   Min:  0.0, Avg:  0.0, Max:  0.1, Diff:  0.1, Sum:  0.2, Workers: 8
[10.201s][debug][gc,phases      ] GC(40)     Scan Heap Roots (ms):     Min:  0.0, Avg:  0.0, Max:  0.0, Diff:  0.0, Sum:  0.0, Workers: 8
[10.201s][debug][gc,phases      ] GC(40)       Scanned Cards:            Min: 0, Avg:  0.2, Max: 1, Diff: 1, Sum: 2, Workers: 8
[10.201s][debug][gc,phases      ] GC(40)       Scanned Blocks:           Min: 0, Avg:  0.2, Max: 1, Diff: 1, Sum: 2, Workers: 8
[10.201s][debug][gc,phases      ] GC(40)       Claimed Chunks:           Min: 0, Avg:  0.2, Max: 1, Diff: 1, Sum: 2, Workers: 8
[10.201s][debug][gc,phases      ] GC(40)     Code Root Scan (ms):      Min:  0.0, Avg:  0.0, Max:  0.0, Diff:  0.0, Sum:  0.0, Workers: 8
[10.201s][debug][gc,phases      ] GC(40)     Object Copy (ms):         Min:  0.0, Avg:  0.0, Max:  0.0, Diff:  0.0, Sum:  0.0, Workers: 8
[10.201s][debug][gc,phases      ] GC(40)     Termination (ms):         Min:  0.0, Avg:  0.0, Max:  0.1, Diff:  0.0, Sum:  0.3, Workers: 8
[10.201s][debug][gc,phases      ] GC(40)       Termination Attempts:     Min: 1, Avg:  1.0, Max: 1, Diff: 0, Sum: 8, Workers: 8
[10.201s][debug][gc,phases      ] GC(40)     GC Worker Other (ms):     Min:  0.0, Avg:  0.0, Max:  0.0, Diff:  0.0, Sum:  0.1, Workers: 8
[10.201s][debug][gc,phases      ] GC(40)     GC Worker Total (ms):     Min:  0.0, Avg:  0.1, Max:  0.1, Diff:  0.1, Sum:  0.7, Workers: 8
[10.201s][info ][gc,phases      ] GC(40)   Post Evacuate Collection Set: 0.3ms
[10.201s][debug][gc,phases      ] GC(40)     Code Roots Fixup: 0.0ms
[10.201s][debug][gc,phases      ] GC(40)     Clear Card Table: 0.1ms
[10.201s][debug][gc,phases      ] GC(40)     Reference Processing: 0.0ms
[10.201s][debug][gc,phases,ref  ] GC(40)       Reconsider SoftReferences: 0.0ms
[10.201s][debug][gc,phases,ref  ] GC(40)         SoftRef (ms):             skipped
[10.201s][debug][gc,phases,ref  ] GC(40)       Notify Soft/WeakReferences: 0.0ms
[10.201s][debug][gc,phases,ref  ] GC(40)         SoftRef (ms):             skipped
[10.201s][debug][gc,phases,ref  ] GC(40)         WeakRef (ms):             skipped
[10.201s][debug][gc,phases,ref  ] GC(40)         FinalRef (ms):            skipped
[10.201s][debug][gc,phases,ref  ] GC(40)         Total (ms):               skipped
[10.201s][debug][gc,phases,ref  ] GC(40)       Notify and keep alive finalizable: 0.0ms
[10.201s][debug][gc,phases,ref  ] GC(40)         FinalRef (ms):            skipped
[10.201s][debug][gc,phases,ref  ] GC(40)       Notify PhantomReferences: 0.0ms
[10.202s][debug][gc,phases,ref  ] GC(40)         PhantomRef (ms):          skipped
[10.202s][debug][gc,phases,ref  ] GC(40)       SoftReference:
[10.202s][debug][gc,phases,ref  ] GC(40)         Discovered: 0
[10.202s][debug][gc,phases,ref  ] GC(40)         Cleared: 0
[10.202s][debug][gc,phases,ref  ] GC(40)       WeakReference:
[10.202s][debug][gc,phases,ref  ] GC(40)         Discovered: 0
[10.202s][debug][gc,phases,ref  ] GC(40)         Cleared: 0
[10.202s][debug][gc,phases,ref  ] GC(40)       FinalReference:
[10.202s][debug][gc,phases,ref  ] GC(40)         Discovered: 0
[10.202s][debug][gc,phases,ref  ] GC(40)         Cleared: 0
[10.202s][debug][gc,phases,ref  ] GC(40)       PhantomReference:
[10.202s][debug][gc,phases,ref  ] GC(40)         Discovered: 0
[10.202s][debug][gc,phases,ref  ] GC(40)         Cleared: 0
[10.202s][debug][gc,phases      ] GC(40)     Weak Processing: 0.0ms
[10.202s][debug][gc,phases      ] GC(40)       JVMTI weak processing: 0.0ms
[10.202s][debug][gc,phases      ] GC(40)         Dead: 0
[10.202s][debug][gc,phases      ] GC(40)         Total: 0
[10.202s][debug][gc,phases      ] GC(40)       JFR weak processing: 0.0ms
[10.202s][debug][gc,phases      ] GC(40)         Dead: 0
[10.202s][debug][gc,phases      ] GC(40)         Total: 0
[10.202s][debug][gc,phases      ] GC(40)       JNI weak                  Min:  0.0, Avg:  0.0, Max:  0.0, Diff:  0.0, Sum:  0.0, Workers: 5
[10.202s][debug][gc,phases      ] GC(40)         Dead                      Min: 0, Avg:  0.0, Max: 0, Diff: 0, Sum: 0, Workers: 5
[10.202s][debug][gc,phases      ] GC(40)         Total                     Min: 0, Avg: 13.4, Max: 67, Diff: 67, Sum: 67, Workers: 5
[10.202s][debug][gc,phases      ] GC(40)       VM weak                   Min:  0.0, Avg:  0.0, Max:  0.0, Diff:  0.0, Sum:  0.0, Workers: 5
[10.202s][debug][gc,phases      ] GC(40)         Dead                      Min: 0, Avg:  0.0, Max: 0, Diff: 0, Sum: 0, Workers: 5
[10.202s][debug][gc,phases      ] GC(40)         Total                     Min: 0, Avg: 47.6, Max: 64, Diff: 64, Sum: 238, Workers: 5
[10.202s][debug][gc,phases      ] GC(40)       StringTable weak          Min:  0.0, Avg:  0.0, Max:  0.0, Diff:  0.0, Sum:  0.1, Workers: 5
[10.202s][debug][gc,phases      ] GC(40)         Dead                      Min: 0, Avg:  0.0, Max: 0, Diff: 0, Sum: 0, Workers: 5
[10.202s][debug][gc,phases      ] GC(40)         Total                     Min: 640, Avg: 728.6, Max: 827, Diff: 187, Sum: 3643, Workers: 5
[10.202s][debug][gc,phases      ] GC(40)       ResolvedMethodTable weak  Min:  0.0, Avg:  0.0, Max:  0.0, Diff:  0.0, Sum:  0.0, Workers: 5
[10.202s][debug][gc,phases      ] GC(40)         Dead                      Min: 0, Avg:  0.0, Max: 0, Diff: 0, Sum: 0, Workers: 5
[10.202s][debug][gc,phases      ] GC(40)         Total                     Min: 0, Avg: 123.4, Max: 192, Diff: 192, Sum: 617, Workers: 5
[10.202s][debug][gc,phases      ] GC(40)     Merge Per-Thread State: 0.0ms
[10.202s][debug][gc,phases      ] GC(40)       Copied Bytes              Min: 0, Avg: 69.0, Max: 184, Diff: 184, Sum: 552, Workers: 8
[10.202s][debug][gc,phases      ] GC(40)       LAB Waste                 Min: 0, Avg:  0.0, Max: 0, Diff: 0, Sum: 0, Workers: 8
[10.202s][debug][gc,phases      ] GC(40)       LAB Undo Waste            Min: 0, Avg:  0.0, Max: 0, Diff: 0, Sum: 0, Workers: 8
[10.202s][debug][gc,phases      ] GC(40)     Code Roots Purge: 0.0ms
[10.202s][debug][gc,phases      ] GC(40)     Redirty Cards: 0.0ms
[10.202s][debug][gc,phases      ] GC(40)     DerivedPointerTable Update: 0.0ms
[10.202s][debug][gc,phases      ] GC(40)     Free Collection Set: 0.1ms
[10.202s][debug][gc,phases      ] GC(40)     Rebuild Free List: 0.0ms
[10.202s][debug][gc,phases      ] GC(40)     Humongous Reclaim: 0.0ms
[10.202s][debug][gc,phases      ] GC(40)     Start New Collection Set: 0.0ms
[10.202s][debug][gc,phases      ] GC(40)     Resize TLABs: 0.0ms
[10.202s][debug][gc,phases      ] GC(40)     Expand Heap After Collection: 0.0ms
[10.202s][info ][gc,phases      ] GC(40)   Other: 0.3ms
[10.202s][info ][gc,heap        ] GC(40) Eden regions: 177->0(177)
[10.202s][info ][gc,heap        ] GC(40) Survivor regions: 1->1(23)
[10.202s][info ][gc,heap        ] GC(40) Old regions: 7->7
[10.202s][info ][gc,heap        ] GC(40) Archive regions: 2->2
[10.202s][info ][gc,heap        ] GC(40) Humongous regions: 0->0
[10.202s][info ][gc,metaspace   ] GC(40) Metaspace: 10703K(11136K)->10703K(11136K) NonClass: 9440K(9728K)->9440K(9728K) Class: 1263K(1408K)->1263K(1408K)
[10.202s][debug][gc,heap        ] GC(40) Heap after GC invocations=41 (full 1): garbage-first heap   total 305152K, used 4438K [0x0000000700000000, 0x0000000800000000)
[10.202s][debug][gc,heap        ] GC(40)   region size 1024K, 1 young (1024K), 1 survivors (1024K)
[10.202s][debug][gc,heap        ] GC(40)  Metaspace       used 10703K, capacity 10992K, committed 11136K, reserved 1058816K
[10.202s][debug][gc,heap        ] GC(40)   class space    used 1263K, capacity 1389K, committed 1408K, reserved 1048576K
[10.202s][info ][gc             ] GC(40) Pause Young (Normal) (G1 Evacuation Pause) 181M->4M(298M) 1.462ms
[10.202s][info ][gc,cpu         ] GC(40) User=0.00s Sys=0.00s Real=0.00s
[10.202s][info ][safepoint      ] Safepoint "G1CollectForAllocation", Time since last: 164659106 ns, Reaching safepoint: 110371 ns, At safepoint: 1620525 ns, Total: 1730896 ns
[10.368s][debug][gc,heap        ] GC(41) Heap before GC invocations=41 (full 1): garbage-first heap   total 305152K, used 185686K [0x0000000700000000, 0x0000000800000000)
[10.368s][debug][gc,heap        ] GC(41)   region size 1024K, 178 young (182272K), 1 survivors (1024K)
[10.368s][debug][gc,heap        ] GC(41)  Metaspace       used 10703K, capacity 10992K, committed 11136K, reserved 1058816K
[10.368s][debug][gc,heap        ] GC(41)   class space    used 1263K, capacity 1389K, committed 1408K, reserved 1048576K
[10.368s][info ][gc,start       ] GC(41) Pause Young (Normal) (G1 Evacuation Pause)
[10.368s][info ][gc,task        ] GC(41) Using 8 workers of 8 for evacuation
[10.368s][debug][gc,tlab        ] GC(41) TLAB totals: thrds: 8  refills: 711 max: 94 slow allocs: 0 max 0 waste:  1.0% gc: 1493216B max: 390040B slow: 411256B max: 54128B fast: 0B max: 0B
[10.368s][debug][gc,age         ] GC(41) Desired survivor size 12058624 bytes, new threshold 15 (max threshold 15)
[10.368s][debug][gc,alloc,region] GC(41) Mutator Allocation stats, regions: 177, wasted size: 0B ( 0.0%)
[10.368s][debug][gc,ergo        ] GC(41) Running G1 Merge Heap Roots using 8 workers for 178 regions
[10.368s][debug][gc,remset      ] GC(41) Visited cards 512 Total dirty 4096 (12.50%) Total old 747520 (0.07%)
[10.368s][debug][gc,ergo        ] GC(41) Running G1 Clear Card Table Task using 1 workers for 1 units of work for 180 regions.
[10.368s][debug][gc,ref         ] GC(41) Skipped phase1 of Reference Processing due to unavailable references
[10.368s][debug][gc,ref         ] GC(41) Skipped phase2 of Reference Processing due to unavailable references
[10.368s][debug][gc,ref         ] GC(41) Skipped phase3 of Reference Processing due to unavailable references
[10.368s][debug][gc,ref         ] GC(41) Skipped phase4 of Reference Processing due to unavailable references
[10.368s][debug][gc,ergo        ] GC(41) Running G1 Free Collection Set using 8 workers for collection set length 178 (298)
[10.368s][debug][gc,ergo        ] GC(41) Running G1 Rebuild Free List Task using 8 workers for rebuilding free list of 0 (4096) regions
[10.368s][trace][gc,age         ] GC(41) Age table with threshold 15 (max threshold 15)
[10.368s][trace][gc,age         ] GC(41) - age   1:        176 bytes,        176 total
[10.368s][trace][gc,age         ] GC(41) - age  14:         32 bytes,        208 total
[10.368s][debug][gc,plab        ] GC(41) Young PLAB allocation: allocated: 10320B, wasted: 0B, unused: 10112B, used: 208B, undo waste: 0B, 
[10.368s][debug][gc,plab        ] GC(41) Young other allocation: region end waste: 0B, regions filled: 1, direct allocated: 0B, failure used: 0B, failure wasted: 0B
[10.368s][debug][gc,plab        ] GC(41) Young sizing: calculated: 40B, actual: 2064B
[10.368s][debug][gc,plab        ] GC(41) Old PLAB allocation: allocated: 0B, wasted: 0B, unused: 0B, used: 0B, undo waste: 0B, 
[10.369s][debug][gc,plab        ] GC(41) Old other allocation: region end waste: 0B, regions filled: 1, direct allocated: 0B, failure used: 0B, failure wasted: 0B
[10.369s][debug][gc,plab        ] GC(41) Old sizing: calculated: 0B, actual: 2064B
[10.369s][debug][gc,ihop        ] GC(41) Basic information (value update), threshold: 140614041B (45.00), target occupancy: 312475648B, current occupancy: 4542528B, recent allocation size: 0B, recent allocation duration: 166.55ms, recent old gen allocation rate: 0.00B/s, recent marking phase length: 0.00ms
[10.369s][debug][gc,ihop        ] GC(41) Adaptive IHOP information (value update), threshold: 140614041B (47.37), internal target occupancy: 296851865B, occupancy: 4542528B, additional buffer size: 186646528B, predicted old gen allocation rate: 62972.07B/s, predicted marking phase length: 0.00ms, prediction active: false
[10.369s][debug][gc,ergo,refine ] GC(41) Concurrent refinement times: Logged Cards Scan time goal: 20.00ms Logged Cards Scan time: 0.00ms HCC time: 0.00ms
[10.369s][debug][gc,ergo,refine ] GC(41) Updated Refinement Zones: green: 2048, yellow: 6144, red: 10240
[10.369s][info ][gc,phases      ] GC(41)   Pre Evacuate Collection Set: 0.1ms
[10.369s][debug][gc,phases      ] GC(41)     Prepare TLABs: 0.0ms
[10.369s][debug][gc,phases      ] GC(41)     Choose Collection Set: 0.0ms
[10.369s][debug][gc,phases      ] GC(41)     Region Register: 0.1ms
[10.369s][debug][gc,phases      ] GC(41)     Prepare Heap Roots: 0.0ms
[10.369s][info ][gc,phases      ] GC(41)   Merge Heap Roots: 0.1ms
[10.369s][debug][gc,phases      ] GC(41)     Prepare Merge Heap Roots: 0.0ms
[10.369s][debug][gc,phases      ] GC(41)     Eager Reclaim (ms):       skipped
[10.369s][debug][gc,phases      ] GC(41)     Remembered Sets (ms):     Min:  0.0, Avg:  0.0, Max:  0.0, Diff:  0.0, Sum:  0.1, Workers: 8
[10.369s][debug][gc,phases      ] GC(41)       Merged Sparse:            Min: 0, Avg:  0.0, Max: 0, Diff: 0, Sum: 0, Workers: 8
[10.369s][debug][gc,phases      ] GC(41)       Merged Fine:              Min: 0, Avg:  0.0, Max: 0, Diff: 0, Sum: 0, Workers: 8
[10.369s][debug][gc,phases      ] GC(41)       Merged Coarse:            Min: 0, Avg:  0.0, Max: 0, Diff: 0, Sum: 0, Workers: 8
[10.369s][debug][gc,phases      ] GC(41)       Dirty Cards:              Min: 0, Avg:  0.0, Max: 0, Diff: 0, Sum: 0, Workers: 8
[10.369s][debug][gc,phases      ] GC(41)     Hot Card Cache (ms):      Min:  0.0, Avg:  0.0, Max:  0.0, Diff:  0.0, Sum:  0.0, Workers: 8
[10.369s][debug][gc,phases      ] GC(41)       Dirty Cards:              Min: 0, Avg:  0.0, Max: 0, Diff: 0, Sum: 0, Workers: 8
[10.369s][debug][gc,phases      ] GC(41)       Skipped Cards:            Min: 0, Avg:  0.0, Max: 0, Diff: 0, Sum: 0, Workers: 8
[10.369s][debug][gc,phases      ] GC(41)     Log Buffers (ms):         Min:  0.0, Avg:  0.0, Max:  0.0, Diff:  0.0, Sum:  0.0, Workers: 8
[10.369s][debug][gc,phases      ] GC(41)       Dirty Cards:              Min: 0, Avg:  0.2, Max: 1, Diff: 1, Sum: 2, Workers: 8
[10.369s][debug][gc,phases      ] GC(41)       Skipped Cards:            Min: 0, Avg:  0.0, Max: 0, Diff: 0, Sum: 0, Workers: 8
[10.369s][info ][gc,phases      ] GC(41)   Evacuate Collection Set: 0.1ms
[10.369s][debug][gc,phases      ] GC(41)     Ext Root Scanning (ms):   Min:  0.0, Avg:  0.0, Max:  0.1, Diff:  0.1, Sum:  0.2, Workers: 8
[10.369s][debug][gc,phases      ] GC(41)     Scan Heap Roots (ms):     Min:  0.0, Avg:  0.0, Max:  0.0, Diff:  0.0, Sum:  0.0, Workers: 8
[10.369s][debug][gc,phases      ] GC(41)       Scanned Cards:            Min: 0, Avg:  0.2, Max: 1, Diff: 1, Sum: 2, Workers: 8
[10.369s][debug][gc,phases      ] GC(41)       Scanned Blocks:           Min: 0, Avg:  0.2, Max: 1, Diff: 1, Sum: 2, Workers: 8
[10.369s][debug][gc,phases      ] GC(41)       Claimed Chunks:           Min: 0, Avg:  0.2, Max: 1, Diff: 1, Sum: 2, Workers: 8
[10.369s][debug][gc,phases      ] GC(41)     Code Root Scan (ms):      Min:  0.0, Avg:  0.0, Max:  0.0, Diff:  0.0, Sum:  0.0, Workers: 8
[10.369s][debug][gc,phases      ] GC(41)     Object Copy (ms):         Min:  0.0, Avg:  0.0, Max:  0.0, Diff:  0.0, Sum:  0.0, Workers: 8
[10.369s][debug][gc,phases      ] GC(41)     Termination (ms):         Min:  0.0, Avg:  0.0, Max:  0.1, Diff:  0.0, Sum:  0.3, Workers: 8
[10.369s][debug][gc,phases      ] GC(41)       Termination Attempts:     Min: 1, Avg:  1.0, Max: 1, Diff: 0, Sum: 8, Workers: 8
[10.369s][debug][gc,phases      ] GC(41)     GC Worker Other (ms):     Min:  0.0, Avg:  0.0, Max:  0.1, Diff:  0.1, Sum:  0.2, Workers: 8
[10.369s][debug][gc,phases      ] GC(41)     GC Worker Total (ms):     Min:  0.0, Avg:  0.1, Max:  0.1, Diff:  0.1, Sum:  0.8, Workers: 8
[10.369s][info ][gc,phases      ] GC(41)   Post Evacuate Collection Set: 0.4ms
[10.369s][debug][gc,phases      ] GC(41)     Code Roots Fixup: 0.0ms
[10.369s][debug][gc,phases      ] GC(41)     Clear Card Table: 0.1ms
[10.369s][debug][gc,phases      ] GC(41)     Reference Processing: 0.0ms
[10.369s][debug][gc,phases,ref  ] GC(41)       Reconsider SoftReferences: 0.0ms
[10.369s][debug][gc,phases,ref  ] GC(41)         SoftRef (ms):             skipped
[10.369s][debug][gc,phases,ref  ] GC(41)       Notify Soft/WeakReferences: 0.0ms
[10.369s][debug][gc,phases,ref  ] GC(41)         SoftRef (ms):             skipped
[10.369s][debug][gc,phases,ref  ] GC(41)         WeakRef (ms):             skipped
[10.369s][debug][gc,phases,ref  ] GC(41)         FinalRef (ms):            skipped
[10.369s][debug][gc,phases,ref  ] GC(41)         Total (ms):               skipped
[10.369s][debug][gc,phases,ref  ] GC(41)       Notify and keep alive finalizable: 0.0ms
[10.369s][debug][gc,phases,ref  ] GC(41)         FinalRef (ms):            skipped
[10.369s][debug][gc,phases,ref  ] GC(41)       Notify PhantomReferences: 0.0ms
[10.369s][debug][gc,phases,ref  ] GC(41)         PhantomRef (ms):          skipped
[10.369s][debug][gc,phases,ref  ] GC(41)       SoftReference:
[10.369s][debug][gc,phases,ref  ] GC(41)         Discovered: 0
[10.369s][debug][gc,phases,ref  ] GC(41)         Cleared: 0
[10.369s][debug][gc,phases,ref  ] GC(41)       WeakReference:
[10.369s][debug][gc,phases,ref  ] GC(41)         Discovered: 0
[10.369s][debug][gc,phases,ref  ] GC(41)         Cleared: 0
[10.369s][debug][gc,phases,ref  ] GC(41)       FinalReference:
[10.369s][debug][gc,phases,ref  ] GC(41)         Discovered: 0
[10.369s][debug][gc,phases,ref  ] GC(41)         Cleared: 0
[10.369s][debug][gc,phases,ref  ] GC(41)       PhantomReference:
[10.369s][debug][gc,phases,ref  ] GC(41)         Discovered: 0
[10.369s][debug][gc,phases,ref  ] GC(41)         Cleared: 0
[10.369s][debug][gc,phases      ] GC(41)     Weak Processing: 0.1ms
[10.369s][debug][gc,phases      ] GC(41)       JVMTI weak processing: 0.0ms
[10.369s][debug][gc,phases      ] GC(41)         Dead: 0
[10.369s][debug][gc,phases      ] GC(41)         Total: 0
[10.369s][debug][gc,phases      ] GC(41)       JFR weak processing: 0.0ms
[10.369s][debug][gc,phases      ] GC(41)         Dead: 0
[10.369s][debug][gc,phases      ] GC(41)         Total: 0
[10.369s][debug][gc,phases      ] GC(41)       JNI weak                  Min:  0.0, Avg:  0.0, Max:  0.0, Diff:  0.0, Sum:  0.1, Workers: 5
[10.369s][debug][gc,phases      ] GC(41)         Dead                      Min: 0, Avg:  0.0, Max: 0, Diff: 0, Sum: 0, Workers: 5
[10.369s][debug][gc,phases      ] GC(41)         Total                     Min: 0, Avg: 13.4, Max: 52, Diff: 52, Sum: 67, Workers: 5
[10.369s][debug][gc,phases      ] GC(41)       VM weak                   Min:  0.0, Avg:  0.0, Max:  0.0, Diff:  0.0, Sum:  0.0, Workers: 5
[10.369s][debug][gc,phases      ] GC(41)         Dead                      Min: 0, Avg:  0.0, Max: 0, Diff: 0, Sum: 0, Workers: 5
[10.369s][debug][gc,phases      ] GC(41)         Total                     Min: 0, Avg: 47.6, Max: 128, Diff: 128, Sum: 238, Workers: 5
[10.369s][debug][gc,phases      ] GC(41)       StringTable weak          Min:  0.0, Avg:  0.0, Max:  0.1, Diff:  0.1, Sum:  0.1, Workers: 5
[10.369s][debug][gc,phases      ] GC(41)         Dead                      Min: 0, Avg:  0.0, Max: 0, Diff: 0, Sum: 0, Workers: 5
[10.369s][debug][gc,phases      ] GC(41)         Total                     Min: 0, Avg: 728.6, Max: 1787, Diff: 1787, Sum: 3643, Workers: 5
[10.369s][debug][gc,phases      ] GC(41)       ResolvedMethodTable weak  Min:  0.0, Avg:  0.0, Max:  0.0, Diff:  0.0, Sum:  0.0, Workers: 5
[10.369s][debug][gc,phases      ] GC(41)         Dead                      Min: 0, Avg:  0.0, Max: 0, Diff: 0, Sum: 0, Workers: 5
[10.369s][debug][gc,phases      ] GC(41)         Total                     Min: 0, Avg: 123.4, Max: 192, Diff: 192, Sum: 617, Workers: 5
[10.369s][debug][gc,phases      ] GC(41)     Merge Per-Thread State: 0.0ms
[10.369s][debug][gc,phases      ] GC(41)       Copied Bytes              Min: 0, Avg: 26.0, Max: 104, Diff: 104, Sum: 208, Workers: 8
[10.369s][debug][gc,phases      ] GC(41)       LAB Waste                 Min: 0, Avg:  0.0, Max: 0, Diff: 0, Sum: 0, Workers: 8
[10.369s][debug][gc,phases      ] GC(41)       LAB Undo Waste            Min: 0, Avg:  0.0, Max: 0, Diff: 0, Sum: 0, Workers: 8
[10.369s][debug][gc,phases      ] GC(41)     Code Roots Purge: 0.0ms
[10.369s][debug][gc,phases      ] GC(41)     Redirty Cards: 0.0ms
[10.369s][debug][gc,phases      ] GC(41)     DerivedPointerTable Update: 0.0ms
[10.369s][debug][gc,phases      ] GC(41)     Free Collection Set: 0.1ms
[10.369s][debug][gc,phases      ] GC(41)     Rebuild Free List: 0.0ms
[10.369s][debug][gc,phases      ] GC(41)     Humongous Reclaim: 0.0ms
[10.369s][debug][gc,phases      ] GC(41)     Start New Collection Set: 0.0ms
[10.369s][debug][gc,phases      ] GC(41)     Resize TLABs: 0.0ms
[10.369s][debug][gc,phases      ] GC(41)     Expand Heap After Collection: 0.0ms
[10.369s][info ][gc,phases      ] GC(41)   Other: 0.3ms
[10.369s][info ][gc,heap        ] GC(41) Eden regions: 177->0(177)
[10.369s][info ][gc,heap        ] GC(41) Survivor regions: 1->1(23)
[10.369s][info ][gc,heap        ] GC(41) Old regions: 7->7
[10.369s][info ][gc,heap        ] GC(41) Archive regions: 2->2
[10.369s][info ][gc,heap        ] GC(41) Humongous regions: 0->0
[10.369s][info ][gc,metaspace   ] GC(41) Metaspace: 10703K(11136K)->10703K(11136K) NonClass: 9440K(9728K)->9440K(9728K) Class: 1263K(1408K)->1263K(1408K)
[10.369s][debug][gc,heap        ] GC(41) Heap after GC invocations=42 (full 1): garbage-first heap   total 305152K, used 4436K [0x0000000700000000, 0x0000000800000000)
[10.369s][debug][gc,heap        ] GC(41)   region size 1024K, 1 young (1024K), 1 survivors (1024K)
[10.369s][debug][gc,heap        ] GC(41)  Metaspace       used 10703K, capacity 10992K, committed 11136K, reserved 1058816K
[10.369s][debug][gc,heap        ] GC(41)   class space    used 1263K, capacity 1389K, committed 1408K, reserved 1048576K
[10.369s][info ][gc             ] GC(41) Pause Young (Normal) (G1 Evacuation Pause) 181M->4M(298M) 1.507ms
[10.369s][info ][gc,cpu         ] GC(41) User=0.00s Sys=0.00s Real=0.01s
[10.369s][info ][safepoint      ] Safepoint "G1CollectForAllocation", Time since last: 165472277 ns, Reaching safepoint: 170799 ns, At safepoint: 1691916 ns, Total: 1862715 ns
[10.531s][debug][gc,heap        ] GC(42) Heap before GC invocations=42 (full 1): garbage-first heap   total 305152K, used 185684K [0x0000000700000000, 0x0000000800000000)
[10.531s][debug][gc,heap        ] GC(42)   region size 1024K, 178 young (182272K), 1 survivors (1024K)
[10.531s][debug][gc,heap        ] GC(42)  Metaspace       used 10703K, capacity 10992K, committed 11136K, reserved 1058816K
[10.531s][debug][gc,heap        ] GC(42)   class space    used 1263K, capacity 1389K, committed 1408K, reserved 1048576K
[10.531s][info ][gc,start       ] GC(42) Pause Young (Normal) (G1 Evacuation Pause)
[10.531s][info ][gc,task        ] GC(42) Using 8 workers of 8 for evacuation
[10.531s][debug][gc,tlab        ] GC(42) TLAB totals: thrds: 8  refills: 707 max: 94 slow allocs: 0 max 0 waste:  1.1% gc: 1691576B max: 407328B slow: 409272B max: 54072B fast: 0B max: 0B
[10.531s][debug][gc,age         ] GC(42) Desired survivor size 12058624 bytes, new threshold 15 (max threshold 15)
[10.531s][debug][gc,alloc,region] GC(42) Mutator Allocation stats, regions: 177, wasted size: 0B ( 0.0%)
[10.531s][debug][gc,ergo        ] GC(42) Running G1 Merge Heap Roots using 8 workers for 178 regions
[10.531s][debug][gc,remset      ] GC(42) Visited cards 512 Total dirty 4096 (12.50%) Total old 747520 (0.07%)
[10.531s][debug][gc,ergo        ] GC(42) Running G1 Clear Card Table Task using 1 workers for 1 units of work for 180 regions.
[10.531s][debug][gc,ref         ] GC(42) Skipped phase1 of Reference Processing due to unavailable references
[10.531s][debug][gc,ref         ] GC(42) Skipped phase2 of Reference Processing due to unavailable references
[10.531s][debug][gc,ref         ] GC(42) Skipped phase3 of Reference Processing due to unavailable references
[10.531s][debug][gc,ref         ] GC(42) Skipped phase4 of Reference Processing due to unavailable references
[10.531s][debug][gc,ergo        ] GC(42) Running G1 Free Collection Set using 8 workers for collection set length 178 (298)
[10.531s][debug][gc,ergo        ] GC(42) Running G1 Rebuild Free List Task using 8 workers for rebuilding free list of 0 (4096) regions
[10.532s][trace][gc,age         ] GC(42) Age table with threshold 15 (max threshold 15)
[10.532s][trace][gc,age         ] GC(42) - age   1:        336 bytes,        336 total
[10.532s][trace][gc,age         ] GC(42) - age  15:         32 bytes,        368 total
[10.532s][debug][gc,plab        ] GC(42) Young PLAB allocation: allocated: 8256B, wasted: 0B, unused: 7888B, used: 368B, undo waste: 0B, 
[10.532s][debug][gc,plab        ] GC(42) Young other allocation: region end waste: 0B, regions filled: 1, direct allocated: 0B, failure used: 0B, failure wasted: 0B
[10.532s][debug][gc,plab        ] GC(42) Young sizing: calculated: 72B, actual: 2064B
[10.532s][debug][gc,plab        ] GC(42) Old PLAB allocation: allocated: 0B, wasted: 0B, unused: 0B, used: 0B, undo waste: 0B, 
[10.532s][debug][gc,plab        ] GC(42) Old other allocation: region end waste: 0B, regions filled: 1, direct allocated: 0B, failure used: 0B, failure wasted: 0B
[10.532s][debug][gc,plab        ] GC(42) Old sizing: calculated: 0B, actual: 2064B
[10.532s][debug][gc,ihop        ] GC(42) Basic information (value update), threshold: 140614041B (45.00), target occupancy: 312475648B, current occupancy: 4540464B, recent allocation size: 0B, recent allocation duration: 162.11ms, recent old gen allocation rate: 0.00B/s, recent marking phase length: 0.00ms
[10.532s][debug][gc,ihop        ] GC(42) Adaptive IHOP information (value update), threshold: 140614041B (47.37), internal target occupancy: 296851865B, occupancy: 4540464B, additional buffer size: 186646528B, predicted old gen allocation rate: 60856.87B/s, predicted marking phase length: 0.00ms, prediction active: false
[10.532s][debug][gc,ergo,refine ] GC(42) Concurrent refinement times: Logged Cards Scan time goal: 20.00ms Logged Cards Scan time: 0.00ms HCC time: 0.00ms
[10.532s][debug][gc,ergo,refine ] GC(42) Updated Refinement Zones: green: 2048, yellow: 6144, red: 10240
[10.532s][info ][gc,phases      ] GC(42)   Pre Evacuate Collection Set: 0.1ms
[10.532s][debug][gc,phases      ] GC(42)     Prepare TLABs: 0.0ms
[10.532s][debug][gc,phases      ] GC(42)     Choose Collection Set: 0.0ms
[10.532s][debug][gc,phases      ] GC(42)     Region Register: 0.1ms
[10.532s][debug][gc,phases      ] GC(42)     Prepare Heap Roots: 0.0ms
[10.532s][info ][gc,phases      ] GC(42)   Merge Heap Roots: 0.1ms
[10.532s][debug][gc,phases      ] GC(42)     Prepare Merge Heap Roots: 0.0ms
[10.532s][debug][gc,phases      ] GC(42)     Eager Reclaim (ms):       skipped
[10.532s][debug][gc,phases      ] GC(42)     Remembered Sets (ms):     Min:  0.0, Avg:  0.0, Max:  0.0, Diff:  0.0, Sum:  0.2, Workers: 8
[10.532s][debug][gc,phases      ] GC(42)       Merged Sparse:            Min: 0, Avg:  0.0, Max: 0, Diff: 0, Sum: 0, Workers: 8
[10.532s][debug][gc,phases      ] GC(42)       Merged Fine:              Min: 0, Avg:  0.0, Max: 0, Diff: 0, Sum: 0, Workers: 8
[10.532s][debug][gc,phases      ] GC(42)       Merged Coarse:            Min: 0, Avg:  0.0, Max: 0, Diff: 0, Sum: 0, Workers: 8
[10.532s][debug][gc,phases      ] GC(42)       Dirty Cards:              Min: 0, Avg:  0.0, Max: 0, Diff: 0, Sum: 0, Workers: 8
[10.532s][debug][gc,phases      ] GC(42)     Hot Card Cache (ms):      Min:  0.0, Avg:  0.0, Max:  0.0, Diff:  0.0, Sum:  0.0, Workers: 8
[10.532s][debug][gc,phases      ] GC(42)       Dirty Cards:              Min: 0, Avg:  0.0, Max: 0, Diff: 0, Sum: 0, Workers: 8
[10.532s][debug][gc,phases      ] GC(42)       Skipped Cards:            Min: 0, Avg:  0.0, Max: 0, Diff: 0, Sum: 0, Workers: 8
[10.532s][debug][gc,phases      ] GC(42)     Log Buffers (ms):         Min:  0.0, Avg:  0.0, Max:  0.0, Diff:  0.0, Sum:  0.0, Workers: 8
[10.532s][debug][gc,phases      ] GC(42)       Dirty Cards:              Min: 0, Avg:  0.4, Max: 1, Diff: 1, Sum: 3, Workers: 8
[10.532s][debug][gc,phases      ] GC(42)       Skipped Cards:            Min: 0, Avg:  0.0, Max: 0, Diff: 0, Sum: 0, Workers: 8
[10.532s][info ][gc,phases      ] GC(42)   Evacuate Collection Set: 0.2ms
[10.532s][debug][gc,phases      ] GC(42)     Ext Root Scanning (ms):   Min:  0.0, Avg:  0.0, Max:  0.0, Diff:  0.0, Sum:  0.2, Workers: 8
[10.532s][debug][gc,phases      ] GC(42)     Scan Heap Roots (ms):     Min:  0.0, Avg:  0.0, Max:  0.0, Diff:  0.0, Sum:  0.0, Workers: 8
[10.532s][debug][gc,phases      ] GC(42)       Scanned Cards:            Min: 0, Avg:  0.2, Max: 1, Diff: 1, Sum: 2, Workers: 8
[10.532s][debug][gc,phases      ] GC(42)       Scanned Blocks:           Min: 0, Avg:  0.2, Max: 1, Diff: 1, Sum: 2, Workers: 8
[10.532s][debug][gc,phases      ] GC(42)       Claimed Chunks:           Min: 0, Avg:  0.2, Max: 1, Diff: 1, Sum: 2, Workers: 8
[10.532s][debug][gc,phases      ] GC(42)     Code Root Scan (ms):      Min:  0.0, Avg:  0.0, Max:  0.0, Diff:  0.0, Sum:  0.0, Workers: 8
[10.532s][debug][gc,phases      ] GC(42)     Object Copy (ms):         Min:  0.0, Avg:  0.0, Max:  0.0, Diff:  0.0, Sum:  0.0, Workers: 8
[10.532s][debug][gc,phases      ] GC(42)     Termination (ms):         Min:  0.0, Avg:  0.0, Max:  0.0, Diff:  0.0, Sum:  0.4, Workers: 8
[10.532s][debug][gc,phases      ] GC(42)       Termination Attempts:     Min: 1, Avg:  1.0, Max: 1, Diff: 0, Sum: 8, Workers: 8
[10.532s][debug][gc,phases      ] GC(42)     GC Worker Other (ms):     Min:  0.0, Avg:  0.0, Max:  0.0, Diff:  0.0, Sum:  0.2, Workers: 8
[10.532s][debug][gc,phases      ] GC(42)     GC Worker Total (ms):     Min:  0.0, Avg:  0.1, Max:  0.1, Diff:  0.1, Sum:  0.8, Workers: 8
[10.532s][info ][gc,phases      ] GC(42)   Post Evacuate Collection Set: 0.4ms
[10.532s][debug][gc,phases      ] GC(42)     Code Roots Fixup: 0.0ms
[10.532s][debug][gc,phases      ] GC(42)     Clear Card Table: 0.1ms
[10.532s][debug][gc,phases      ] GC(42)     Reference Processing: 0.0ms
[10.532s][debug][gc,phases,ref  ] GC(42)       Reconsider SoftReferences: 0.0ms
[10.532s][debug][gc,phases,ref  ] GC(42)         SoftRef (ms):             skipped
[10.532s][debug][gc,phases,ref  ] GC(42)       Notify Soft/WeakReferences: 0.0ms
[10.532s][debug][gc,phases,ref  ] GC(42)         SoftRef (ms):             skipped
[10.532s][debug][gc,phases,ref  ] GC(42)         WeakRef (ms):             skipped
[10.532s][debug][gc,phases,ref  ] GC(42)         FinalRef (ms):            skipped
[10.532s][debug][gc,phases,ref  ] GC(42)         Total (ms):               skipped
[10.532s][debug][gc,phases,ref  ] GC(42)       Notify and keep alive finalizable: 0.0ms
[10.532s][debug][gc,phases,ref  ] GC(42)         FinalRef (ms):            skipped
[10.532s][debug][gc,phases,ref  ] GC(42)       Notify PhantomReferences: 0.0ms
[10.532s][debug][gc,phases,ref  ] GC(42)         PhantomRef (ms):          skipped
[10.532s][debug][gc,phases,ref  ] GC(42)       SoftReference:
[10.532s][debug][gc,phases,ref  ] GC(42)         Discovered: 0
[10.532s][debug][gc,phases,ref  ] GC(42)         Cleared: 0
[10.532s][debug][gc,phases,ref  ] GC(42)       WeakReference:
[10.532s][debug][gc,phases,ref  ] GC(42)         Discovered: 0
[10.532s][debug][gc,phases,ref  ] GC(42)         Cleared: 0
[10.532s][debug][gc,phases,ref  ] GC(42)       FinalReference:
[10.532s][debug][gc,phases,ref  ] GC(42)         Discovered: 0
[10.532s][debug][gc,phases,ref  ] GC(42)         Cleared: 0
[10.532s][debug][gc,phases,ref  ] GC(42)       PhantomReference:
[10.532s][debug][gc,phases,ref  ] GC(42)         Discovered: 0
[10.532s][debug][gc,phases,ref  ] GC(42)         Cleared: 0
[10.532s][debug][gc,phases      ] GC(42)     Weak Processing: 0.1ms
[10.532s][debug][gc,phases      ] GC(42)       JVMTI weak processing: 0.0ms
[10.532s][debug][gc,phases      ] GC(42)         Dead: 0
[10.532s][debug][gc,phases      ] GC(42)         Total: 0
[10.532s][debug][gc,phases      ] GC(42)       JFR weak processing: 0.0ms
[10.532s][debug][gc,phases      ] GC(42)         Dead: 0
[10.532s][debug][gc,phases      ] GC(42)         Total: 0
[10.532s][debug][gc,phases      ] GC(42)       JNI weak                  Min:  0.0, Avg:  0.0, Max:  0.0, Diff:  0.0, Sum:  0.0, Workers: 5
[10.532s][debug][gc,phases      ] GC(42)         Dead                      Min: 0, Avg:  0.0, Max: 0, Diff: 0, Sum: 0, Workers: 5
[10.532s][debug][gc,phases      ] GC(42)         Total                     Min: 0, Avg: 13.4, Max: 52, Diff: 52, Sum: 67, Workers: 5
[10.532s][debug][gc,phases      ] GC(42)       VM weak                   Min:  0.0, Avg:  0.0, Max:  0.0, Diff:  0.0, Sum:  0.0, Workers: 5
[10.532s][debug][gc,phases      ] GC(42)         Dead                      Min: 0, Avg:  0.0, Max: 0, Diff: 0, Sum: 0, Workers: 5
[10.532s][debug][gc,phases      ] GC(42)         Total                     Min: 0, Avg: 47.6, Max: 110, Diff: 110, Sum: 238, Workers: 5
[10.532s][debug][gc,phases      ] GC(42)       StringTable weak          Min:  0.0, Avg:  0.0, Max:  0.0, Diff:  0.0, Sum:  0.1, Workers: 5
[10.532s][debug][gc,phases      ] GC(42)         Dead                      Min: 0, Avg:  0.0, Max: 0, Diff: 0, Sum: 0, Workers: 5
[10.532s][debug][gc,phases      ] GC(42)         Total                     Min: 637, Avg: 728.6, Max: 768, Diff: 131, Sum: 3643, Workers: 5
[10.532s][debug][gc,phases      ] GC(42)       ResolvedMethodTable weak  Min:  0.0, Avg:  0.0, Max:  0.0, Diff:  0.0, Sum:  0.0, Workers: 5
[10.532s][debug][gc,phases      ] GC(42)         Dead                      Min: 0, Avg:  0.0, Max: 0, Diff: 0, Sum: 0, Workers: 5
[10.532s][debug][gc,phases      ] GC(42)         Total                     Min: 41, Avg: 123.4, Max: 192, Diff: 151, Sum: 617, Workers: 5
[10.532s][debug][gc,phases      ] GC(42)     Merge Per-Thread State: 0.0ms
[10.532s][debug][gc,phases      ] GC(42)       Copied Bytes              Min: 0, Avg: 46.0, Max: 184, Diff: 184, Sum: 368, Workers: 8
[10.532s][debug][gc,phases      ] GC(42)       LAB Waste                 Min: 0, Avg:  0.0, Max: 0, Diff: 0, Sum: 0, Workers: 8
[10.532s][debug][gc,phases      ] GC(42)       LAB Undo Waste            Min: 0, Avg:  0.0, Max: 0, Diff: 0, Sum: 0, Workers: 8
[10.532s][debug][gc,phases      ] GC(42)     Code Roots Purge: 0.0ms
[10.532s][debug][gc,phases      ] GC(42)     Redirty Cards: 0.0ms
[10.532s][debug][gc,phases      ] GC(42)     DerivedPointerTable Update: 0.0ms
[10.532s][debug][gc,phases      ] GC(42)     Free Collection Set: 0.2ms
[10.532s][debug][gc,phases      ] GC(42)     Rebuild Free List: 0.0ms
[10.532s][debug][gc,phases      ] GC(42)     Humongous Reclaim: 0.0ms
[10.532s][debug][gc,phases      ] GC(42)     Start New Collection Set: 0.0ms
[10.532s][debug][gc,phases      ] GC(42)     Resize TLABs: 0.0ms
[10.532s][debug][gc,phases      ] GC(42)     Expand Heap After Collection: 0.0ms
[10.532s][info ][gc,phases      ] GC(42)   Other: 0.3ms
[10.532s][info ][gc,heap        ] GC(42) Eden regions: 177->0(177)
[10.532s][info ][gc,heap        ] GC(42) Survivor regions: 1->1(23)
[10.532s][info ][gc,heap        ] GC(42) Old regions: 7->7
[10.532s][info ][gc,heap        ] GC(42) Archive regions: 2->2
[10.532s][info ][gc,heap        ] GC(42) Humongous regions: 0->0
[10.532s][info ][gc,metaspace   ] GC(42) Metaspace: 10703K(11136K)->10703K(11136K) NonClass: 9440K(9728K)->9440K(9728K) Class: 1263K(1408K)->1263K(1408K)
[10.532s][debug][gc,heap        ] GC(42) Heap after GC invocations=43 (full 1): garbage-first heap   total 305152K, used 4434K [0x0000000700000000, 0x0000000800000000)
[10.532s][debug][gc,heap        ] GC(42)   region size 1024K, 1 young (1024K), 1 survivors (1024K)
[10.532s][debug][gc,heap        ] GC(42)  Metaspace       used 10703K, capacity 10992K, committed 11136K, reserved 1058816K
[10.532s][debug][gc,heap        ] GC(42)   class space    used 1263K, capacity 1389K, committed 1408K, reserved 1048576K
[10.532s][info ][gc             ] GC(42) Pause Young (Normal) (G1 Evacuation Pause) 181M->4M(298M) 1.769ms
[10.532s][info ][gc,cpu         ] GC(42) User=0.01s Sys=0.00s Real=0.00s
[10.532s][info ][safepoint      ] Safepoint "G1CollectForAllocation", Time since last: 161165157 ns, Reaching safepoint: 107154 ns, At safepoint: 1972233 ns, Total: 2079387 ns
[10.697s][debug][gc,heap        ] GC(43) Heap before GC invocations=43 (full 1): garbage-first heap   total 305152K, used 185682K [0x0000000700000000, 0x0000000800000000)
[10.697s][debug][gc,heap        ] GC(43)   region size 1024K, 178 young (182272K), 1 survivors (1024K)
[10.697s][debug][gc,heap        ] GC(43)  Metaspace       used 10703K, capacity 10992K, committed 11136K, reserved 1058816K
[10.697s][debug][gc,heap        ] GC(43)   class space    used 1263K, capacity 1389K, committed 1408K, reserved 1048576K
[10.697s][info ][gc,start       ] GC(43) Pause Young (Normal) (G1 Evacuation Pause)
[10.697s][info ][gc,task        ] GC(43) Using 8 workers of 8 for evacuation
[10.697s][debug][gc,tlab        ] GC(43) TLAB totals: thrds: 8  refills: 709 max: 93 slow allocs: 0 max 0 waste:  0.9% gc: 1278808B max: 374192B slow: 408872B max: 53688B fast: 0B max: 0B
[10.697s][debug][gc,age         ] GC(43) Desired survivor size 12058624 bytes, new threshold 15 (max threshold 15)
[10.697s][debug][gc,alloc,region] GC(43) Mutator Allocation stats, regions: 177, wasted size: 0B ( 0.0%)
[10.697s][debug][gc,ergo        ] GC(43) Running G1 Merge Heap Roots using 8 workers for 178 regions
[10.698s][debug][gc,remset      ] GC(43) Visited cards 512 Total dirty 4096 (12.50%) Total old 747520 (0.07%)
[10.698s][debug][gc,ergo        ] GC(43) Running G1 Clear Card Table Task using 1 workers for 1 units of work for 180 regions.
[10.698s][debug][gc,ref         ] GC(43) Skipped phase1 of Reference Processing due to unavailable references
[10.698s][debug][gc,ref         ] GC(43) Skipped phase2 of Reference Processing due to unavailable references
[10.698s][debug][gc,ref         ] GC(43) Skipped phase3 of Reference Processing due to unavailable references
[10.698s][debug][gc,ref         ] GC(43) Skipped phase4 of Reference Processing due to unavailable references
[10.698s][debug][gc,ergo        ] GC(43) Running G1 Free Collection Set using 8 workers for collection set length 178 (298)
[10.698s][debug][gc,ergo        ] GC(43) Running G1 Rebuild Free List Task using 8 workers for rebuilding free list of 0 (4096) regions
[10.698s][trace][gc,age         ] GC(43) Age table with threshold 15 (max threshold 15)
[10.698s][trace][gc,age         ] GC(43) - age   1:        416 bytes,        416 total
[10.698s][debug][gc,plab        ] GC(43) Young PLAB allocation: allocated: 8256B, wasted: 0B, unused: 7840B, used: 416B, undo waste: 0B, 
[10.698s][debug][gc,plab        ] GC(43) Young other allocation: region end waste: 0B, regions filled: 1, direct allocated: 0B, failure used: 0B, failure wasted: 0B
[10.698s][debug][gc,plab        ] GC(43) Young sizing: calculated: 80B, actual: 2064B
[10.698s][debug][gc,plab        ] GC(43) Old PLAB allocation: allocated: 2064B, wasted: 0B, unused: 2032B, used: 32B, undo waste: 0B, 
[10.698s][debug][gc,plab        ] GC(43) Old other allocation: region end waste: 0B, regions filled: 1, direct allocated: 0B, failure used: 0B, failure wasted: 0B
[10.698s][debug][gc,plab        ] GC(43) Old sizing: calculated: 0B, actual: 2064B
[10.698s][debug][gc,ihop        ] GC(43) Basic information (value update), threshold: 140614041B (45.00), target occupancy: 312475648B, current occupancy: 4543024B, recent allocation size: 2064B, recent allocation duration: 165.74ms, recent old gen allocation rate: 12453.42B/s, recent marking phase length: 0.00ms
[10.698s][debug][gc,ihop        ] GC(43) Adaptive IHOP information (value update), threshold: 140614041B (47.37), internal target occupancy: 296851865B, occupancy: 4543024B, additional buffer size: 186646528B, predicted old gen allocation rate: 59373.90B/s, predicted marking phase length: 0.00ms, prediction active: false
[10.698s][debug][gc,ergo,refine ] GC(43) Concurrent refinement times: Logged Cards Scan time goal: 20.00ms Logged Cards Scan time: 0.00ms HCC time: 0.00ms
[10.698s][debug][gc,ergo,refine ] GC(43) Updated Refinement Zones: green: 2048, yellow: 6144, red: 10240
[10.698s][info ][gc,phases      ] GC(43)   Pre Evacuate Collection Set: 0.1ms
[10.698s][debug][gc,phases      ] GC(43)     Prepare TLABs: 0.0ms
[10.698s][debug][gc,phases      ] GC(43)     Choose Collection Set: 0.0ms
[10.698s][debug][gc,phases      ] GC(43)     Region Register: 0.1ms
[10.698s][debug][gc,phases      ] GC(43)     Prepare Heap Roots: 0.0ms
[10.698s][info ][gc,phases      ] GC(43)   Merge Heap Roots: 0.1ms
[10.698s][debug][gc,phases      ] GC(43)     Prepare Merge Heap Roots: 0.0ms
[10.698s][debug][gc,phases      ] GC(43)     Eager Reclaim (ms):       skipped
[10.698s][debug][gc,phases      ] GC(43)     Remembered Sets (ms):     Min:  0.0, Avg:  0.0, Max:  0.0, Diff:  0.0, Sum:  0.0, Workers: 8
[10.698s][debug][gc,phases      ] GC(43)       Merged Sparse:            Min: 0, Avg:  0.0, Max: 0, Diff: 0, Sum: 0, Workers: 8
[10.698s][debug][gc,phases      ] GC(43)       Merged Fine:              Min: 0, Avg:  0.0, Max: 0, Diff: 0, Sum: 0, Workers: 8
[10.698s][debug][gc,phases      ] GC(43)       Merged Coarse:            Min: 0, Avg:  0.0, Max: 0, Diff: 0, Sum: 0, Workers: 8
[10.698s][debug][gc,phases      ] GC(43)       Dirty Cards:              Min: 0, Avg:  0.0, Max: 0, Diff: 0, Sum: 0, Workers: 8
[10.698s][debug][gc,phases      ] GC(43)     Hot Card Cache (ms):      Min:  0.0, Avg:  0.0, Max:  0.0, Diff:  0.0, Sum:  0.0, Workers: 8
[10.698s][debug][gc,phases      ] GC(43)       Dirty Cards:              Min: 0, Avg:  0.0, Max: 0, Diff: 0, Sum: 0, Workers: 8
[10.698s][debug][gc,phases      ] GC(43)       Skipped Cards:            Min: 0, Avg:  0.0, Max: 0, Diff: 0, Sum: 0, Workers: 8
[10.698s][debug][gc,phases      ] GC(43)     Log Buffers (ms):         Min:  0.0, Avg:  0.0, Max:  0.0, Diff:  0.0, Sum:  0.0, Workers: 8
[10.698s][debug][gc,phases      ] GC(43)       Dirty Cards:              Min: 0, Avg:  0.4, Max: 1, Diff: 1, Sum: 3, Workers: 8
[10.698s][debug][gc,phases      ] GC(43)       Skipped Cards:            Min: 0, Avg:  0.0, Max: 0, Diff: 0, Sum: 0, Workers: 8
[10.698s][info ][gc,phases      ] GC(43)   Evacuate Collection Set: 0.1ms
[10.698s][debug][gc,phases      ] GC(43)     Ext Root Scanning (ms):   Min:  0.0, Avg:  0.0, Max:  0.1, Diff:  0.1, Sum:  0.2, Workers: 8
[10.698s][debug][gc,phases      ] GC(43)     Scan Heap Roots (ms):     Min:  0.0, Avg:  0.0, Max:  0.0, Diff:  0.0, Sum:  0.0, Workers: 8
[10.698s][debug][gc,phases      ] GC(43)       Scanned Cards:            Min: 0, Avg:  0.2, Max: 1, Diff: 1, Sum: 2, Workers: 8
[10.698s][debug][gc,phases      ] GC(43)       Scanned Blocks:           Min: 0, Avg:  0.2, Max: 1, Diff: 1, Sum: 2, Workers: 8
[10.698s][debug][gc,phases      ] GC(43)       Claimed Chunks:           Min: 0, Avg:  0.2, Max: 1, Diff: 1, Sum: 2, Workers: 8
[10.698s][debug][gc,phases      ] GC(43)     Code Root Scan (ms):      Min:  0.0, Avg:  0.0, Max:  0.0, Diff:  0.0, Sum:  0.0, Workers: 8
[10.698s][debug][gc,phases      ] GC(43)     Object Copy (ms):         Min:  0.0, Avg:  0.0, Max:  0.0, Diff:  0.0, Sum:  0.0, Workers: 8
[10.699s][debug][gc,phases      ] GC(43)     Termination (ms):         Min:  0.0, Avg:  0.0, Max:  0.0, Diff:  0.0, Sum:  0.3, Workers: 8
[10.699s][debug][gc,phases      ] GC(43)       Termination Attempts:     Min: 1, Avg:  1.0, Max: 1, Diff: 0, Sum: 8, Workers: 8
[10.699s][debug][gc,phases      ] GC(43)     GC Worker Other (ms):     Min:  0.0, Avg:  0.0, Max:  0.0, Diff:  0.0, Sum:  0.1, Workers: 8
[10.699s][debug][gc,phases      ] GC(43)     GC Worker Total (ms):     Min:  0.0, Avg:  0.1, Max:  0.1, Diff:  0.1, Sum:  0.7, Workers: 8
[10.699s][info ][gc,phases      ] GC(43)   Post Evacuate Collection Set: 0.5ms
[10.699s][debug][gc,phases      ] GC(43)     Code Roots Fixup: 0.0ms
[10.699s][debug][gc,phases      ] GC(43)     Clear Card Table: 0.1ms
[10.699s][debug][gc,phases      ] GC(43)     Reference Processing: 0.0ms
[10.699s][debug][gc,phases,ref  ] GC(43)       Reconsider SoftReferences: 0.0ms
[10.699s][debug][gc,phases,ref  ] GC(43)         SoftRef (ms):             skipped
[10.699s][debug][gc,phases,ref  ] GC(43)       Notify Soft/WeakReferences: 0.0ms
[10.699s][debug][gc,phases,ref  ] GC(43)         SoftRef (ms):             skipped
[10.699s][debug][gc,phases,ref  ] GC(43)         WeakRef (ms):             skipped
[10.699s][debug][gc,phases,ref  ] GC(43)         FinalRef (ms):            skipped
[10.699s][debug][gc,phases,ref  ] GC(43)         Total (ms):               skipped
[10.699s][debug][gc,phases,ref  ] GC(43)       Notify and keep alive finalizable: 0.0ms
[10.699s][debug][gc,phases,ref  ] GC(43)         FinalRef (ms):            skipped
[10.699s][debug][gc,phases,ref  ] GC(43)       Notify PhantomReferences: 0.0ms
[10.699s][debug][gc,phases,ref  ] GC(43)         PhantomRef (ms):          skipped
[10.699s][debug][gc,phases,ref  ] GC(43)       SoftReference:
[10.699s][debug][gc,phases,ref  ] GC(43)         Discovered: 0
[10.699s][debug][gc,phases,ref  ] GC(43)         Cleared: 0
[10.699s][debug][gc,phases,ref  ] GC(43)       WeakReference:
[10.699s][debug][gc,phases,ref  ] GC(43)         Discovered: 0
[10.699s][debug][gc,phases,ref  ] GC(43)         Cleared: 0
[10.699s][debug][gc,phases,ref  ] GC(43)       FinalReference:
[10.699s][debug][gc,phases,ref  ] GC(43)         Discovered: 0
[10.699s][debug][gc,phases,ref  ] GC(43)         Cleared: 0
[10.699s][debug][gc,phases,ref  ] GC(43)       PhantomReference:
[10.699s][debug][gc,phases,ref  ] GC(43)         Discovered: 0
[10.699s][debug][gc,phases,ref  ] GC(43)         Cleared: 0
[10.699s][debug][gc,phases      ] GC(43)     Weak Processing: 0.1ms
[10.699s][debug][gc,phases      ] GC(43)       JVMTI weak processing: 0.0ms
[10.699s][debug][gc,phases      ] GC(43)         Dead: 0
[10.699s][debug][gc,phases      ] GC(43)         Total: 0
[10.699s][debug][gc,phases      ] GC(43)       JFR weak processing: 0.0ms
[10.699s][debug][gc,phases      ] GC(43)         Dead: 0
[10.699s][debug][gc,phases      ] GC(43)         Total: 0
[10.699s][debug][gc,phases      ] GC(43)       JNI weak                  Min:  0.0, Avg:  0.0, Max:  0.0, Diff:  0.0, Sum:  0.0, Workers: 5
[10.699s][debug][gc,phases      ] GC(43)         Dead                      Min: 0, Avg:  0.0, Max: 0, Diff: 0, Sum: 0, Workers: 5
[10.699s][debug][gc,phases      ] GC(43)         Total                     Min: 0, Avg: 13.4, Max: 52, Diff: 52, Sum: 67, Workers: 5
[10.699s][debug][gc,phases      ] GC(43)       VM weak                   Min:  0.0, Avg:  0.0, Max:  0.0, Diff:  0.0, Sum:  0.0, Workers: 5
[10.699s][debug][gc,phases      ] GC(43)         Dead                      Min: 0, Avg:  0.0, Max: 0, Diff: 0, Sum: 0, Workers: 5
[10.699s][debug][gc,phases      ] GC(43)         Total                     Min: 0, Avg: 47.6, Max: 64, Diff: 64, Sum: 238, Workers: 5
[10.699s][debug][gc,phases      ] GC(43)       StringTable weak          Min:  0.0, Avg:  0.0, Max:  0.0, Diff:  0.0, Sum:  0.0, Workers: 5
[10.699s][debug][gc,phases      ] GC(43)         Dead                      Min: 0, Avg:  0.0, Max: 0, Diff: 0, Sum: 0, Workers: 5
[10.699s][debug][gc,phases      ] GC(43)         Total                     Min: 0, Avg: 728.6, Max: 1152, Diff: 1152, Sum: 3643, Workers: 5
[10.699s][debug][gc,phases      ] GC(43)       ResolvedMethodTable weak  Min:  0.0, Avg:  0.0, Max:  0.0, Diff:  0.0, Sum:  0.0, Workers: 5
[10.699s][debug][gc,phases      ] GC(43)         Dead                      Min: 0, Avg:  0.0, Max: 0, Diff: 0, Sum: 0, Workers: 5
[10.699s][debug][gc,phases      ] GC(43)         Total                     Min: 64, Avg: 123.4, Max: 192, Diff: 128, Sum: 617, Workers: 5
[10.699s][debug][gc,phases      ] GC(43)     Merge Per-Thread State: 0.0ms
[10.699s][debug][gc,phases      ] GC(43)       Copied Bytes              Min: 0, Avg: 56.0, Max: 128, Diff: 128, Sum: 448, Workers: 8
[10.699s][debug][gc,phases      ] GC(43)       LAB Waste                 Min: 0, Avg:  0.0, Max: 0, Diff: 0, Sum: 0, Workers: 8
[10.699s][debug][gc,phases      ] GC(43)       LAB Undo Waste            Min: 0, Avg:  0.0, Max: 0, Diff: 0, Sum: 0, Workers: 8
[10.699s][debug][gc,phases      ] GC(43)     Code Roots Purge: 0.0ms
[10.699s][debug][gc,phases      ] GC(43)     Redirty Cards: 0.1ms
[10.699s][debug][gc,phases      ] GC(43)     DerivedPointerTable Update: 0.0ms
[10.699s][debug][gc,phases      ] GC(43)     Free Collection Set: 0.1ms
[10.699s][debug][gc,phases      ] GC(43)     Rebuild Free List: 0.1ms
[10.699s][debug][gc,phases      ] GC(43)     Humongous Reclaim: 0.0ms
[10.699s][debug][gc,phases      ] GC(43)     Start New Collection Set: 0.0ms
[10.699s][debug][gc,phases      ] GC(43)     Resize TLABs: 0.0ms
[10.699s][debug][gc,phases      ] GC(43)     Expand Heap After Collection: 0.0ms
[10.699s][info ][gc,phases      ] GC(43)   Other: 0.3ms
[10.699s][info ][gc,heap        ] GC(43) Eden regions: 177->0(177)
[10.699s][info ][gc,heap        ] GC(43) Survivor regions: 1->1(23)
[10.699s][info ][gc,heap        ] GC(43) Old regions: 7->7
[10.699s][info ][gc,heap        ] GC(43) Archive regions: 2->2
[10.699s][info ][gc,heap        ] GC(43) Humongous regions: 0->0
[10.699s][info ][gc,metaspace   ] GC(43) Metaspace: 10703K(11136K)->10703K(11136K) NonClass: 9440K(9728K)->9440K(9728K) Class: 1263K(1408K)->1263K(1408K)
[10.699s][debug][gc,heap        ] GC(43) Heap after GC invocations=44 (full 1): garbage-first heap   total 305152K, used 4436K [0x0000000700000000, 0x0000000800000000)
[10.699s][debug][gc,heap        ] GC(43)   region size 1024K, 1 young (1024K), 1 survivors (1024K)
[10.699s][debug][gc,heap        ] GC(43)  Metaspace       used 10703K, capacity 10992K, committed 11136K, reserved 1058816K
[10.699s][debug][gc,heap        ] GC(43)   class space    used 1263K, capacity 1389K, committed 1408K, reserved 1048576K
[10.699s][info ][gc             ] GC(43) Pause Young (Normal) (G1 Evacuation Pause) 181M->4M(298M) 1.613ms
[10.699s][info ][gc,cpu         ] GC(43) User=0.00s Sys=0.00s Real=0.01s
[10.699s][info ][safepoint      ] Safepoint "G1CollectForAllocation", Time since last: 164578711 ns, Reaching safepoint: 174834 ns, At safepoint: 1790937 ns, Total: 1965771 ns
[10.867s][debug][gc,heap        ] GC(44) Heap before GC invocations=44 (full 1): garbage-first heap   total 305152K, used 185684K [0x0000000700000000, 0x0000000800000000)
[10.867s][debug][gc,heap        ] GC(44)   region size 1024K, 178 young (182272K), 1 survivors (1024K)
[10.867s][debug][gc,heap        ] GC(44)  Metaspace       used 10703K, capacity 10992K, committed 11136K, reserved 1058816K
[10.867s][debug][gc,heap        ] GC(44)   class space    used 1263K, capacity 1389K, committed 1408K, reserved 1048576K
[10.867s][info ][gc,start       ] GC(44) Pause Young (Normal) (G1 Evacuation Pause)
[10.867s][info ][gc,task        ] GC(44) Using 8 workers of 8 for evacuation
[10.867s][debug][gc,tlab        ] GC(44) TLAB totals: thrds: 8  refills: 710 max: 98 slow allocs: 0 max 0 waste:  1.0% gc: 1424760B max: 397392B slow: 411520B max: 56872B fast: 0B max: 0B
[10.867s][debug][gc,age         ] GC(44) Desired survivor size 12058624 bytes, new threshold 15 (max threshold 15)
[10.867s][debug][gc,alloc,region] GC(44) Mutator Allocation stats, regions: 177, wasted size: 0B ( 0.0%)
[10.867s][debug][gc,ergo        ] GC(44) Running G1 Merge Heap Roots using 8 workers for 178 regions
[10.867s][debug][gc,remset      ] GC(44) Visited cards 256 Total dirty 2048 (12.50%) Total old 747520 (0.03%)
[10.867s][debug][gc,ergo        ] GC(44) Running G1 Clear Card Table Task using 1 workers for 1 units of work for 179 regions.
[10.868s][debug][gc,ref         ] GC(44) Skipped phase1 of Reference Processing due to unavailable references
[10.868s][debug][gc,ref         ] GC(44) Skipped phase2 of Reference Processing due to unavailable references
[10.868s][debug][gc,ref         ] GC(44) Skipped phase3 of Reference Processing due to unavailable references
[10.868s][debug][gc,ref         ] GC(44) Skipped phase4 of Reference Processing due to unavailable references
[10.868s][debug][gc,ergo        ] GC(44) Running G1 Free Collection Set using 8 workers for collection set length 178 (298)
[10.868s][debug][gc,ergo        ] GC(44) Running G1 Rebuild Free List Task using 8 workers for rebuilding free list of 0 (4096) regions
[10.868s][trace][gc,age         ] GC(44) Age table with threshold 15 (max threshold 15)
[10.868s][trace][gc,age         ] GC(44) - age   1:        336 bytes,        336 total
[10.868s][debug][gc,plab        ] GC(44) Young PLAB allocation: allocated: 8256B, wasted: 0B, unused: 7920B, used: 336B, undo waste: 0B, 
[10.868s][debug][gc,plab        ] GC(44) Young other allocation: region end waste: 0B, regions filled: 1, direct allocated: 0B, failure used: 0B, failure wasted: 0B
[10.868s][debug][gc,plab        ] GC(44) Young sizing: calculated: 64B, actual: 2064B
[10.868s][debug][gc,plab        ] GC(44) Old PLAB allocation: allocated: 0B, wasted: 0B, unused: 0B, used: 0B, undo waste: 0B, 
[10.868s][debug][gc,plab        ] GC(44) Old other allocation: region end waste: 0B, regions filled: 1, direct allocated: 0B, failure used: 0B, failure wasted: 0B
[10.868s][debug][gc,plab        ] GC(44) Old sizing: calculated: 0B, actual: 2064B
[10.868s][debug][gc,ihop        ] GC(44) Basic information (value update), threshold: 140614041B (45.00), target occupancy: 312475648B, current occupancy: 4543024B, recent allocation size: 0B, recent allocation duration: 168.87ms, recent old gen allocation rate: 0.00B/s, recent marking phase length: 0.00ms
[10.868s][debug][gc,ihop        ] GC(44) Adaptive IHOP information (value update), threshold: 140614041B (47.37), internal target occupancy: 296851865B, occupancy: 4543024B, additional buffer size: 186646528B, predicted old gen allocation rate: 57385.24B/s, predicted marking phase length: 0.00ms, prediction active: false
[10.868s][debug][gc,ergo,refine ] GC(44) Concurrent refinement times: Logged Cards Scan time goal: 20.00ms Logged Cards Scan time: 0.00ms HCC time: 0.00ms
[10.868s][debug][gc,ergo,refine ] GC(44) Updated Refinement Zones: green: 2048, yellow: 6144, red: 10240
[10.868s][info ][gc,phases      ] GC(44)   Pre Evacuate Collection Set: 0.1ms
[10.868s][debug][gc,phases      ] GC(44)     Prepare TLABs: 0.0ms
[10.868s][debug][gc,phases      ] GC(44)     Choose Collection Set: 0.0ms
[10.868s][debug][gc,phases      ] GC(44)     Region Register: 0.1ms
[10.868s][debug][gc,phases      ] GC(44)     Prepare Heap Roots: 0.0ms
[10.868s][info ][gc,phases      ] GC(44)   Merge Heap Roots: 0.1ms
[10.868s][debug][gc,phases      ] GC(44)     Prepare Merge Heap Roots: 0.0ms
[10.868s][debug][gc,phases      ] GC(44)     Eager Reclaim (ms):       skipped
[10.868s][debug][gc,phases      ] GC(44)     Remembered Sets (ms):     Min:  0.0, Avg:  0.0, Max:  0.0, Diff:  0.0, Sum:  0.0, Workers: 8
[10.868s][debug][gc,phases      ] GC(44)       Merged Sparse:            Min: 0, Avg:  0.0, Max: 0, Diff: 0, Sum: 0, Workers: 8
[10.868s][debug][gc,phases      ] GC(44)       Merged Fine:              Min: 0, Avg:  0.0, Max: 0, Diff: 0, Sum: 0, Workers: 8
[10.868s][debug][gc,phases      ] GC(44)       Merged Coarse:            Min: 0, Avg:  0.0, Max: 0, Diff: 0, Sum: 0, Workers: 8
[10.868s][debug][gc,phases      ] GC(44)       Dirty Cards:              Min: 0, Avg:  0.0, Max: 0, Diff: 0, Sum: 0, Workers: 8
[10.868s][debug][gc,phases      ] GC(44)     Hot Card Cache (ms):      Min:  0.0, Avg:  0.0, Max:  0.0, Diff:  0.0, Sum:  0.0, Workers: 8
[10.868s][debug][gc,phases      ] GC(44)       Dirty Cards:              Min: 0, Avg:  0.0, Max: 0, Diff: 0, Sum: 0, Workers: 8
[10.868s][debug][gc,phases      ] GC(44)       Skipped Cards:            Min: 0, Avg:  0.0, Max: 0, Diff: 0, Sum: 0, Workers: 8
[10.868s][debug][gc,phases      ] GC(44)     Log Buffers (ms):         Min:  0.0, Avg:  0.0, Max:  0.0, Diff:  0.0, Sum:  0.0, Workers: 8
[10.868s][debug][gc,phases      ] GC(44)       Dirty Cards:              Min: 0, Avg:  0.1, Max: 1, Diff: 1, Sum: 1, Workers: 8
[10.868s][debug][gc,phases      ] GC(44)       Skipped Cards:            Min: 0, Avg:  0.0, Max: 0, Diff: 0, Sum: 0, Workers: 8
[10.868s][info ][gc,phases      ] GC(44)   Evacuate Collection Set: 0.1ms
[10.868s][debug][gc,phases      ] GC(44)     Ext Root Scanning (ms):   Min:  0.0, Avg:  0.0, Max:  0.1, Diff:  0.0, Sum:  0.2, Workers: 8
[10.868s][debug][gc,phases      ] GC(44)     Scan Heap Roots (ms):     Min:  0.0, Avg:  0.0, Max:  0.0, Diff:  0.0, Sum:  0.0, Workers: 8
[10.868s][debug][gc,phases      ] GC(44)       Scanned Cards:            Min: 0, Avg:  0.1, Max: 1, Diff: 1, Sum: 1, Workers: 8
[10.868s][debug][gc,phases      ] GC(44)       Scanned Blocks:           Min: 0, Avg:  0.1, Max: 1, Diff: 1, Sum: 1, Workers: 8
[10.868s][debug][gc,phases      ] GC(44)       Claimed Chunks:           Min: 0, Avg:  0.1, Max: 1, Diff: 1, Sum: 1, Workers: 8
[10.868s][debug][gc,phases      ] GC(44)     Code Root Scan (ms):      Min:  0.0, Avg:  0.0, Max:  0.0, Diff:  0.0, Sum:  0.0, Workers: 8
[10.868s][debug][gc,phases      ] GC(44)     Object Copy (ms):         Min:  0.0, Avg:  0.0, Max:  0.0, Diff:  0.0, Sum:  0.0, Workers: 8
[10.868s][debug][gc,phases      ] GC(44)     Termination (ms):         Min:  0.0, Avg:  0.0, Max:  0.0, Diff:  0.0, Sum:  0.3, Workers: 8
[10.868s][debug][gc,phases      ] GC(44)       Termination Attempts:     Min: 1, Avg:  1.0, Max: 1, Diff: 0, Sum: 8, Workers: 8
[10.868s][debug][gc,phases      ] GC(44)     GC Worker Other (ms):     Min:  0.0, Avg:  0.0, Max:  0.0, Diff:  0.0, Sum:  0.1, Workers: 8
[10.868s][debug][gc,phases      ] GC(44)     GC Worker Total (ms):     Min:  0.1, Avg:  0.1, Max:  0.1, Diff:  0.1, Sum:  0.7, Workers: 8
[10.868s][info ][gc,phases      ] GC(44)   Post Evacuate Collection Set: 0.4ms
[10.868s][debug][gc,phases      ] GC(44)     Code Roots Fixup: 0.0ms
[10.868s][debug][gc,phases      ] GC(44)     Clear Card Table: 0.1ms
[10.868s][debug][gc,phases      ] GC(44)     Reference Processing: 0.0ms
[10.868s][debug][gc,phases,ref  ] GC(44)       Reconsider SoftReferences: 0.0ms
[10.868s][debug][gc,phases,ref  ] GC(44)         SoftRef (ms):             skipped
[10.868s][debug][gc,phases,ref  ] GC(44)       Notify Soft/WeakReferences: 0.0ms
[10.868s][debug][gc,phases,ref  ] GC(44)         SoftRef (ms):             skipped
[10.868s][debug][gc,phases,ref  ] GC(44)         WeakRef (ms):             skipped
[10.868s][debug][gc,phases,ref  ] GC(44)         FinalRef (ms):            skipped
[10.868s][debug][gc,phases,ref  ] GC(44)         Total (ms):               skipped
[10.868s][debug][gc,phases,ref  ] GC(44)       Notify and keep alive finalizable: 0.0ms
[10.868s][debug][gc,phases,ref  ] GC(44)         FinalRef (ms):            skipped
[10.868s][debug][gc,phases,ref  ] GC(44)       Notify PhantomReferences: 0.0ms
[10.868s][debug][gc,phases,ref  ] GC(44)         PhantomRef (ms):          skipped
[10.868s][debug][gc,phases,ref  ] GC(44)       SoftReference:
[10.868s][debug][gc,phases,ref  ] GC(44)         Discovered: 0
[10.868s][debug][gc,phases,ref  ] GC(44)         Cleared: 0
[10.868s][debug][gc,phases,ref  ] GC(44)       WeakReference:
[10.868s][debug][gc,phases,ref  ] GC(44)         Discovered: 0
[10.868s][debug][gc,phases,ref  ] GC(44)         Cleared: 0
[10.868s][debug][gc,phases,ref  ] GC(44)       FinalReference:
[10.868s][debug][gc,phases,ref  ] GC(44)         Discovered: 0
[10.868s][debug][gc,phases,ref  ] GC(44)         Cleared: 0
[10.868s][debug][gc,phases,ref  ] GC(44)       PhantomReference:
[10.868s][debug][gc,phases,ref  ] GC(44)         Discovered: 0
[10.868s][debug][gc,phases,ref  ] GC(44)         Cleared: 0
[10.868s][debug][gc,phases      ] GC(44)     Weak Processing: 0.1ms
[10.868s][debug][gc,phases      ] GC(44)       JVMTI weak processing: 0.0ms
[10.868s][debug][gc,phases      ] GC(44)         Dead: 0
[10.868s][debug][gc,phases      ] GC(44)         Total: 0
[10.868s][debug][gc,phases      ] GC(44)       JFR weak processing: 0.0ms
[10.868s][debug][gc,phases      ] GC(44)         Dead: 0
[10.868s][debug][gc,phases      ] GC(44)         Total: 0
[10.868s][debug][gc,phases      ] GC(44)       JNI weak                  Min:  0.0, Avg:  0.0, Max:  0.0, Diff:  0.0, Sum:  0.0, Workers: 5
[10.868s][debug][gc,phases      ] GC(44)         Dead                      Min: 0, Avg:  0.0, Max: 0, Diff: 0, Sum: 0, Workers: 5
[10.868s][debug][gc,phases      ] GC(44)         Total                     Min: 0, Avg: 13.4, Max: 52, Diff: 52, Sum: 67, Workers: 5
[10.868s][debug][gc,phases      ] GC(44)       VM weak                   Min:  0.0, Avg:  0.0, Max:  0.0, Diff:  0.0, Sum:  0.0, Workers: 5
[10.868s][debug][gc,phases      ] GC(44)         Dead                      Min: 0, Avg:  0.0, Max: 0, Diff: 0, Sum: 0, Workers: 5
[10.868s][debug][gc,phases      ] GC(44)         Total                     Min: 0, Avg: 47.6, Max: 128, Diff: 128, Sum: 238, Workers: 5
[10.868s][debug][gc,phases      ] GC(44)       StringTable weak          Min:  0.0, Avg:  0.0, Max:  0.0, Diff:  0.0, Sum:  0.1, Workers: 5
[10.868s][debug][gc,phases      ] GC(44)         Dead                      Min: 0, Avg:  0.0, Max: 0, Diff: 0, Sum: 0, Workers: 5
[10.868s][debug][gc,phases      ] GC(44)         Total                     Min: 0, Avg: 728.6, Max: 1851, Diff: 1851, Sum: 3643, Workers: 5
[10.868s][debug][gc,phases      ] GC(44)       ResolvedMethodTable weak  Min:  0.0, Avg:  0.0, Max:  0.0, Diff:  0.0, Sum:  0.0, Workers: 5
[10.868s][debug][gc,phases      ] GC(44)         Dead                      Min: 0, Avg:  0.0, Max: 0, Diff: 0, Sum: 0, Workers: 5
[10.868s][debug][gc,phases      ] GC(44)         Total                     Min: 0, Avg: 123.4, Max: 297, Diff: 297, Sum: 617, Workers: 5
[10.868s][debug][gc,phases      ] GC(44)     Merge Per-Thread State: 0.0ms
[10.868s][debug][gc,phases      ] GC(44)       Copied Bytes              Min: 0, Avg: 42.0, Max: 104, Diff: 104, Sum: 336, Workers: 8
[10.868s][debug][gc,phases      ] GC(44)       LAB Waste                 Min: 0, Avg:  0.0, Max: 0, Diff: 0, Sum: 0, Workers: 8
[10.868s][debug][gc,phases      ] GC(44)       LAB Undo Waste            Min: 0, Avg:  0.0, Max: 0, Diff: 0, Sum: 0, Workers: 8
[10.868s][debug][gc,phases      ] GC(44)     Code Roots Purge: 0.0ms
[10.868s][debug][gc,phases      ] GC(44)     Redirty Cards: 0.0ms
[10.868s][debug][gc,phases      ] GC(44)     DerivedPointerTable Update: 0.0ms
[10.868s][debug][gc,phases      ] GC(44)     Free Collection Set: 0.1ms
[10.868s][debug][gc,phases      ] GC(44)     Rebuild Free List: 0.1ms
[10.868s][debug][gc,phases      ] GC(44)     Humongous Reclaim: 0.0ms
[10.868s][debug][gc,phases      ] GC(44)     Start New Collection Set: 0.0ms
[10.868s][debug][gc,phases      ] GC(44)     Resize TLABs: 0.0ms
[10.868s][debug][gc,phases      ] GC(44)     Expand Heap After Collection: 0.0ms
[10.868s][info ][gc,phases      ] GC(44)   Other: 0.3ms
[10.868s][info ][gc,heap        ] GC(44) Eden regions: 177->0(177)
[10.868s][info ][gc,heap        ] GC(44) Survivor regions: 1->1(23)
[10.868s][info ][gc,heap        ] GC(44) Old regions: 7->7
[10.868s][info ][gc,heap        ] GC(44) Archive regions: 2->2
[10.868s][info ][gc,heap        ] GC(44) Humongous regions: 0->0
[10.869s][info ][gc,metaspace   ] GC(44) Metaspace: 10703K(11136K)->10703K(11136K) NonClass: 9440K(9728K)->9440K(9728K) Class: 1263K(1408K)->1263K(1408K)
[10.869s][debug][gc,heap        ] GC(44) Heap after GC invocations=45 (full 1): garbage-first heap   total 305152K, used 4436K [0x0000000700000000, 0x0000000800000000)
[10.869s][debug][gc,heap        ] GC(44)   region size 1024K, 1 young (1024K), 1 survivors (1024K)
[10.869s][debug][gc,heap        ] GC(44)  Metaspace       used 10703K, capacity 10992K, committed 11136K, reserved 1058816K
[10.869s][debug][gc,heap        ] GC(44)   class space    used 1263K, capacity 1389K, committed 1408K, reserved 1048576K
[10.869s][info ][gc             ] GC(44) Pause Young (Normal) (G1 Evacuation Pause) 181M->4M(298M) 1.455ms
[10.869s][info ][gc,cpu         ] GC(44) User=0.00s Sys=0.00s Real=0.01s
[10.869s][info ][safepoint      ] Safepoint "G1CollectForAllocation", Time since last: 167819184 ns, Reaching safepoint: 158802 ns, At safepoint: 1633971 ns, Total: 1792773 ns
[11.035s][debug][gc,heap        ] GC(45) Heap before GC invocations=45 (full 1): garbage-first heap   total 305152K, used 185684K [0x0000000700000000, 0x0000000800000000)
[11.035s][debug][gc,heap        ] GC(45)   region size 1024K, 178 young (182272K), 1 survivors (1024K)
[11.035s][debug][gc,heap        ] GC(45)  Metaspace       used 10703K, capacity 10992K, committed 11136K, reserved 1058816K
[11.035s][debug][gc,heap        ] GC(45)   class space    used 1263K, capacity 1389K, committed 1408K, reserved 1048576K
[11.035s][info ][gc,start       ] GC(45) Pause Young (Normal) (G1 Evacuation Pause)
[11.035s][info ][gc,task        ] GC(45) Using 8 workers of 8 for evacuation
[11.035s][debug][gc,tlab        ] GC(45) TLAB totals: thrds: 8  refills: 710 max: 91 slow allocs: 0 max 0 waste:  0.7% gc: 852320B max: 339248B slow: 411144B max: 53104B fast: 0B max: 0B
[11.035s][debug][gc,age         ] GC(45) Desired survivor size 12058624 bytes, new threshold 15 (max threshold 15)
[11.035s][debug][gc,alloc,region] GC(45) Mutator Allocation stats, regions: 177, wasted size: 0B ( 0.0%)
[11.036s][debug][gc,ergo        ] GC(45) Running G1 Merge Heap Roots using 8 workers for 178 regions
[11.036s][debug][gc,remset      ] GC(45) Visited cards 256 Total dirty 2048 (12.50%) Total old 747520 (0.03%)
[11.036s][debug][gc,ergo        ] GC(45) Running G1 Clear Card Table Task using 1 workers for 1 units of work for 179 regions.
[11.036s][debug][gc,ref         ] GC(45) Skipped phase1 of Reference Processing due to unavailable references
[11.036s][debug][gc,ref         ] GC(45) Skipped phase2 of Reference Processing due to unavailable references
[11.036s][debug][gc,ref         ] GC(45) Skipped phase3 of Reference Processing due to unavailable references
[11.036s][debug][gc,ref         ] GC(45) Skipped phase4 of Reference Processing due to unavailable references
[11.036s][debug][gc,ergo        ] GC(45) Running G1 Free Collection Set using 8 workers for collection set length 178 (298)
[11.036s][debug][gc,ergo        ] GC(45) Running G1 Rebuild Free List Task using 8 workers for rebuilding free list of 0 (4096) regions
[11.036s][trace][gc,age         ] GC(45) Age table with threshold 15 (max threshold 15)
[11.036s][trace][gc,age         ] GC(45) - age   1:        568 bytes,        568 total
[11.036s][debug][gc,plab        ] GC(45) Young PLAB allocation: allocated: 14448B, wasted: 0B, unused: 13880B, used: 568B, undo waste: 0B, 
[11.036s][debug][gc,plab        ] GC(45) Young other allocation: region end waste: 0B, regions filled: 1, direct allocated: 0B, failure used: 0B, failure wasted: 0B
[11.036s][debug][gc,plab        ] GC(45) Young sizing: calculated: 112B, actual: 2064B
[11.036s][debug][gc,plab        ] GC(45) Old PLAB allocation: allocated: 0B, wasted: 0B, unused: 0B, used: 0B, undo waste: 0B, 
[11.036s][debug][gc,plab        ] GC(45) Old other allocation: region end waste: 0B, regions filled: 1, direct allocated: 0B, failure used: 0B, failure wasted: 0B
[11.036s][debug][gc,plab        ] GC(45) Old sizing: calculated: 0B, actual: 2064B
[11.036s][debug][gc,ihop        ] GC(45) Basic information (value update), threshold: 140614041B (45.00), target occupancy: 312475648B, current occupancy: 4549216B, recent allocation size: 0B, recent allocation duration: 167.52ms, recent old gen allocation rate: 0.00B/s, recent marking phase length: 0.00ms
[11.036s][debug][gc,ihop        ] GC(45) Adaptive IHOP information (value update), threshold: 140614041B (47.37), internal target occupancy: 296851865B, occupancy: 4549216B, additional buffer size: 186646528B, predicted old gen allocation rate: 55468.96B/s, predicted marking phase length: 0.00ms, prediction active: false
[11.036s][debug][gc,ergo,refine ] GC(45) Concurrent refinement times: Logged Cards Scan time goal: 20.00ms Logged Cards Scan time: 0.00ms HCC time: 0.00ms
[11.036s][debug][gc,ergo,refine ] GC(45) Updated Refinement Zones: green: 2048, yellow: 6144, red: 10240
[11.036s][info ][gc,phases      ] GC(45)   Pre Evacuate Collection Set: 0.1ms
[11.036s][debug][gc,phases      ] GC(45)     Prepare TLABs: 0.0ms
[11.036s][debug][gc,phases      ] GC(45)     Choose Collection Set: 0.0ms
[11.036s][debug][gc,phases      ] GC(45)     Region Register: 0.1ms
[11.036s][debug][gc,phases      ] GC(45)     Prepare Heap Roots: 0.0ms
[11.036s][info ][gc,phases      ] GC(45)   Merge Heap Roots: 0.1ms
[11.036s][debug][gc,phases      ] GC(45)     Prepare Merge Heap Roots: 0.0ms
[11.036s][debug][gc,phases      ] GC(45)     Eager Reclaim (ms):       skipped
[11.036s][debug][gc,phases      ] GC(45)     Remembered Sets (ms):     Min:  0.0, Avg:  0.0, Max:  0.0, Diff:  0.0, Sum:  0.1, Workers: 8
[11.036s][debug][gc,phases      ] GC(45)       Merged Sparse:            Min: 0, Avg:  0.0, Max: 0, Diff: 0, Sum: 0, Workers: 8
[11.036s][debug][gc,phases      ] GC(45)       Merged Fine:              Min: 0, Avg:  0.0, Max: 0, Diff: 0, Sum: 0, Workers: 8
[11.036s][debug][gc,phases      ] GC(45)       Merged Coarse:            Min: 0, Avg:  0.0, Max: 0, Diff: 0, Sum: 0, Workers: 8
[11.036s][debug][gc,phases      ] GC(45)       Dirty Cards:              Min: 0, Avg:  0.0, Max: 0, Diff: 0, Sum: 0, Workers: 8
[11.036s][debug][gc,phases      ] GC(45)     Hot Card Cache (ms):      Min:  0.0, Avg:  0.0, Max:  0.0, Diff:  0.0, Sum:  0.0, Workers: 8
[11.036s][debug][gc,phases      ] GC(45)       Dirty Cards:              Min: 0, Avg:  0.0, Max: 0, Diff: 0, Sum: 0, Workers: 8
[11.036s][debug][gc,phases      ] GC(45)       Skipped Cards:            Min: 0, Avg:  0.0, Max: 0, Diff: 0, Sum: 0, Workers: 8
[11.037s][debug][gc,phases      ] GC(45)     Log Buffers (ms):         Min:  0.0, Avg:  0.0, Max:  0.0, Diff:  0.0, Sum:  0.0, Workers: 8
[11.037s][debug][gc,phases      ] GC(45)       Dirty Cards:              Min: 0, Avg:  0.1, Max: 1, Diff: 1, Sum: 1, Workers: 8
[11.037s][debug][gc,phases      ] GC(45)       Skipped Cards:            Min: 0, Avg:  0.0, Max: 0, Diff: 0, Sum: 0, Workers: 8
[11.037s][info ][gc,phases      ] GC(45)   Evacuate Collection Set: 0.2ms
[11.037s][debug][gc,phases      ] GC(45)     Ext Root Scanning (ms):   Min:  0.0, Avg:  0.0, Max:  0.1, Diff:  0.1, Sum:  0.3, Workers: 8
[11.037s][debug][gc,phases      ] GC(45)     Scan Heap Roots (ms):     Min:  0.0, Avg:  0.0, Max:  0.0, Diff:  0.0, Sum:  0.0, Workers: 8
[11.037s][debug][gc,phases      ] GC(45)       Scanned Cards:            Min: 0, Avg:  0.1, Max: 1, Diff: 1, Sum: 1, Workers: 8
[11.037s][debug][gc,phases      ] GC(45)       Scanned Blocks:           Min: 0, Avg:  0.1, Max: 1, Diff: 1, Sum: 1, Workers: 8
[11.037s][debug][gc,phases      ] GC(45)       Claimed Chunks:           Min: 0, Avg:  0.1, Max: 1, Diff: 1, Sum: 1, Workers: 8
[11.037s][debug][gc,phases      ] GC(45)     Code Root Scan (ms):      Min:  0.0, Avg:  0.0, Max:  0.0, Diff:  0.0, Sum:  0.0, Workers: 8
[11.037s][debug][gc,phases      ] GC(45)     Object Copy (ms):         Min:  0.0, Avg:  0.0, Max:  0.0, Diff:  0.0, Sum:  0.0, Workers: 8
[11.037s][debug][gc,phases      ] GC(45)     Termination (ms):         Min:  0.1, Avg:  0.1, Max:  0.1, Diff:  0.0, Sum:  0.8, Workers: 8
[11.037s][debug][gc,phases      ] GC(45)       Termination Attempts:     Min: 1, Avg:  1.0, Max: 1, Diff: 0, Sum: 8, Workers: 8
[11.037s][debug][gc,phases      ] GC(45)     GC Worker Other (ms):     Min:  0.0, Avg:  0.0, Max:  0.0, Diff:  0.0, Sum:  0.2, Workers: 8
[11.037s][debug][gc,phases      ] GC(45)     GC Worker Total (ms):     Min:  0.1, Avg:  0.2, Max:  0.2, Diff:  0.1, Sum:  1.4, Workers: 8
[11.037s][info ][gc,phases      ] GC(45)   Post Evacuate Collection Set: 0.4ms
[11.037s][debug][gc,phases      ] GC(45)     Code Roots Fixup: 0.0ms
[11.037s][debug][gc,phases      ] GC(45)     Clear Card Table: 0.1ms
[11.037s][debug][gc,phases      ] GC(45)     Reference Processing: 0.0ms
[11.037s][debug][gc,phases,ref  ] GC(45)       Reconsider SoftReferences: 0.0ms
[11.037s][debug][gc,phases,ref  ] GC(45)         SoftRef (ms):             skipped
[11.037s][debug][gc,phases,ref  ] GC(45)       Notify Soft/WeakReferences: 0.0ms
[11.037s][debug][gc,phases,ref  ] GC(45)         SoftRef (ms):             skipped
[11.037s][debug][gc,phases,ref  ] GC(45)         WeakRef (ms):             skipped
[11.037s][debug][gc,phases,ref  ] GC(45)         FinalRef (ms):            skipped
[11.037s][debug][gc,phases,ref  ] GC(45)         Total (ms):               skipped
[11.037s][debug][gc,phases,ref  ] GC(45)       Notify and keep alive finalizable: 0.0ms
[11.037s][debug][gc,phases,ref  ] GC(45)         FinalRef (ms):            skipped
[11.037s][debug][gc,phases,ref  ] GC(45)       Notify PhantomReferences: 0.0ms
[11.037s][debug][gc,phases,ref  ] GC(45)         PhantomRef (ms):          skipped
[11.037s][debug][gc,phases,ref  ] GC(45)       SoftReference:
[11.037s][debug][gc,phases,ref  ] GC(45)         Discovered: 0
[11.037s][debug][gc,phases,ref  ] GC(45)         Cleared: 0
[11.037s][debug][gc,phases,ref  ] GC(45)       WeakReference:
[11.037s][debug][gc,phases,ref  ] GC(45)         Discovered: 0
[11.037s][debug][gc,phases,ref  ] GC(45)         Cleared: 0
[11.037s][debug][gc,phases,ref  ] GC(45)       FinalReference:
[11.037s][debug][gc,phases,ref  ] GC(45)         Discovered: 0
[11.037s][debug][gc,phases,ref  ] GC(45)         Cleared: 0
[11.037s][debug][gc,phases,ref  ] GC(45)       PhantomReference:
[11.037s][debug][gc,phases,ref  ] GC(45)         Discovered: 0
[11.037s][debug][gc,phases,ref  ] GC(45)         Cleared: 0
[11.037s][debug][gc,phases      ] GC(45)     Weak Processing: 0.1ms
[11.037s][debug][gc,phases      ] GC(45)       JVMTI weak processing: 0.0ms
[11.037s][debug][gc,phases      ] GC(45)         Dead: 0
[11.037s][debug][gc,phases      ] GC(45)         Total: 0
[11.037s][debug][gc,phases      ] GC(45)       JFR weak processing: 0.0ms
[11.037s][debug][gc,phases      ] GC(45)         Dead: 0
[11.037s][debug][gc,phases      ] GC(45)         Total: 0
[11.037s][debug][gc,phases      ] GC(45)       JNI weak                  Min:  0.0, Avg:  0.0, Max:  0.0, Diff:  0.0, Sum:  0.1, Workers: 5
[11.037s][debug][gc,phases      ] GC(45)         Dead                      Min: 0, Avg:  0.0, Max: 0, Diff: 0, Sum: 0, Workers: 5
[11.037s][debug][gc,phases      ] GC(45)         Total                     Min: 0, Avg: 13.4, Max: 52, Diff: 52, Sum: 67, Workers: 5
[11.037s][debug][gc,phases      ] GC(45)       VM weak                   Min:  0.0, Avg:  0.0, Max:  0.0, Diff:  0.0, Sum:  0.0, Workers: 5
[11.037s][debug][gc,phases      ] GC(45)         Dead                      Min: 0, Avg:  0.0, Max: 0, Diff: 0, Sum: 0, Workers: 5
[11.037s][debug][gc,phases      ] GC(45)         Total                     Min: 0, Avg: 47.6, Max: 128, Diff: 128, Sum: 238, Workers: 5
[11.037s][debug][gc,phases      ] GC(45)       StringTable weak          Min:  0.0, Avg:  0.0, Max:  0.1, Diff:  0.1, Sum:  0.1, Workers: 5
[11.037s][debug][gc,phases      ] GC(45)         Dead                      Min: 0, Avg:  0.0, Max: 0, Diff: 0, Sum: 0, Workers: 5
[11.037s][debug][gc,phases      ] GC(45)         Total                     Min: 0, Avg: 728.6, Max: 1790, Diff: 1790, Sum: 3643, Workers: 5
[11.037s][debug][gc,phases      ] GC(45)       ResolvedMethodTable weak  Min:  0.0, Avg:  0.0, Max:  0.0, Diff:  0.0, Sum:  0.0, Workers: 5
[11.037s][debug][gc,phases      ] GC(45)         Dead                      Min: 0, Avg:  0.0, Max: 0, Diff: 0, Sum: 0, Workers: 5
[11.037s][debug][gc,phases      ] GC(45)         Total                     Min: 0, Avg: 123.4, Max: 192, Diff: 192, Sum: 617, Workers: 5
[11.037s][debug][gc,phases      ] GC(45)     Merge Per-Thread State: 0.0ms
[11.037s][debug][gc,phases      ] GC(45)       Copied Bytes              Min: 0, Avg: 71.0, Max: 104, Diff: 104, Sum: 568, Workers: 8
[11.037s][debug][gc,phases      ] GC(45)       LAB Waste                 Min: 0, Avg:  0.0, Max: 0, Diff: 0, Sum: 0, Workers: 8
[11.037s][debug][gc,phases      ] GC(45)       LAB Undo Waste            Min: 0, Avg:  0.0, Max: 0, Diff: 0, Sum: 0, Workers: 8
[11.037s][debug][gc,phases      ] GC(45)     Code Roots Purge: 0.0ms
[11.037s][debug][gc,phases      ] GC(45)     Redirty Cards: 0.0ms
[11.037s][debug][gc,phases      ] GC(45)     DerivedPointerTable Update: 0.0ms
[11.037s][debug][gc,phases      ] GC(45)     Free Collection Set: 0.1ms
[11.037s][debug][gc,phases      ] GC(45)     Rebuild Free List: 0.1ms
[11.037s][debug][gc,phases      ] GC(45)     Humongous Reclaim: 0.0ms
[11.037s][debug][gc,phases      ] GC(45)     Start New Collection Set: 0.0ms
[11.037s][debug][gc,phases      ] GC(45)     Resize TLABs: 0.0ms
[11.037s][debug][gc,phases      ] GC(45)     Expand Heap After Collection: 0.0ms
[11.037s][info ][gc,phases      ] GC(45)   Other: 0.3ms
[11.037s][info ][gc,heap        ] GC(45) Eden regions: 177->0(177)
[11.037s][info ][gc,heap        ] GC(45) Survivor regions: 1->1(23)
[11.037s][info ][gc,heap        ] GC(45) Old regions: 7->7
[11.037s][info ][gc,heap        ] GC(45) Archive regions: 2->2
[11.037s][info ][gc,heap        ] GC(45) Humongous regions: 0->0
[11.037s][info ][gc,metaspace   ] GC(45) Metaspace: 10703K(11136K)->10703K(11136K) NonClass: 9440K(9728K)->9440K(9728K) Class: 1263K(1408K)->1263K(1408K)
[11.037s][debug][gc,heap        ] GC(45) Heap after GC invocations=46 (full 1): garbage-first heap   total 305152K, used 4442K [0x0000000700000000, 0x0000000800000000)
[11.037s][debug][gc,heap        ] GC(45)   region size 1024K, 1 young (1024K), 1 survivors (1024K)
[11.037s][debug][gc,heap        ] GC(45)  Metaspace       used 10703K, capacity 10992K, committed 11136K, reserved 1058816K
[11.037s][debug][gc,heap        ] GC(45)   class space    used 1263K, capacity 1389K, committed 1408K, reserved 1048576K
[11.037s][info ][gc             ] GC(45) Pause Young (Normal) (G1 Evacuation Pause) 181M->4M(298M) 1.601ms
[11.037s][info ][gc,cpu         ] GC(45) User=0.01s Sys=0.00s Real=0.00s
[11.037s][info ][safepoint      ] Safepoint "G1CollectForAllocation", Time since last: 166502686 ns, Reaching safepoint: 174046 ns, At safepoint: 1783792 ns, Total: 1957838 ns
[11.203s][debug][gc,heap        ] GC(46) Heap before GC invocations=46 (full 1): garbage-first heap   total 305152K, used 185690K [0x0000000700000000, 0x0000000800000000)
[11.203s][debug][gc,heap        ] GC(46)   region size 1024K, 178 young (182272K), 1 survivors (1024K)
[11.203s][debug][gc,heap        ] GC(46)  Metaspace       used 10703K, capacity 10992K, committed 11136K, reserved 1058816K
[11.203s][debug][gc,heap        ] GC(46)   class space    used 1263K, capacity 1389K, committed 1408K, reserved 1048576K
[11.203s][info ][gc,start       ] GC(46) Pause Young (Normal) (G1 Evacuation Pause)
[11.203s][info ][gc,task        ] GC(46) Using 8 workers of 8 for evacuation
[11.203s][debug][gc,tlab        ] GC(46) TLAB totals: thrds: 8  refills: 715 max: 96 slow allocs: 0 max 0 waste:  1.0% gc: 1492648B max: 361552B slow: 413288B max: 55880B fast: 0B max: 0B
[11.203s][debug][gc,age         ] GC(46) Desired survivor size 12058624 bytes, new threshold 15 (max threshold 15)
[11.203s][debug][gc,alloc,region] GC(46) Mutator Allocation stats, regions: 177, wasted size: 0B ( 0.0%)
[11.204s][debug][gc,ergo        ] GC(46) Running G1 Merge Heap Roots using 8 workers for 178 regions
[11.204s][debug][gc,remset      ] GC(46) Visited cards 256 Total dirty 2048 (12.50%) Total old 747520 (0.03%)
[11.204s][debug][gc,ergo        ] GC(46) Running G1 Clear Card Table Task using 1 workers for 1 units of work for 179 regions.
[11.204s][debug][gc,ref         ] GC(46) Skipped phase1 of Reference Processing due to unavailable references
[11.204s][debug][gc,ref         ] GC(46) Skipped phase2 of Reference Processing due to unavailable references
[11.204s][debug][gc,ref         ] GC(46) Skipped phase3 of Reference Processing due to unavailable references
[11.204s][debug][gc,ref         ] GC(46) Skipped phase4 of Reference Processing due to unavailable references
[11.204s][debug][gc,ergo        ] GC(46) Running G1 Free Collection Set using 8 workers for collection set length 178 (298)
[11.204s][debug][gc,ergo        ] GC(46) Running G1 Rebuild Free List Task using 8 workers for rebuilding free list of 0 (4096) regions
[11.204s][trace][gc,age         ] GC(46) Age table with threshold 15 (max threshold 15)
[11.204s][trace][gc,age         ] GC(46) - age   1:        152 bytes,        152 total
[11.204s][debug][gc,plab        ] GC(46) Young PLAB allocation: allocated: 6192B, wasted: 0B, unused: 6040B, used: 152B, undo waste: 0B, 
[11.204s][debug][gc,plab        ] GC(46) Young other allocation: region end waste: 0B, regions filled: 1, direct allocated: 0B, failure used: 0B, failure wasted: 0B
[11.204s][debug][gc,plab        ] GC(46) Young sizing: calculated: 24B, actual: 2064B
[11.204s][debug][gc,plab        ] GC(46) Old PLAB allocation: allocated: 0B, wasted: 0B, unused: 0B, used: 0B, undo waste: 0B, 
[11.204s][debug][gc,plab        ] GC(46) Old other allocation: region end waste: 0B, regions filled: 1, direct allocated: 0B, failure used: 0B, failure wasted: 0B
[11.204s][debug][gc,plab        ] GC(46) Old sizing: calculated: 0B, actual: 2064B
[11.204s][debug][gc,ihop        ] GC(46) Basic information (value update), threshold: 140614041B (45.00), target occupancy: 312475648B, current occupancy: 4540960B, recent allocation size: 0B, recent allocation duration: 167.12ms, recent old gen allocation rate: 0.00B/s, recent marking phase length: 0.00ms
[11.204s][debug][gc,ihop        ] GC(46) Adaptive IHOP information (value update), threshold: 140614041B (47.37), internal target occupancy: 296851865B, occupancy: 4540960B, additional buffer size: 186646528B, predicted old gen allocation rate: 53622.30B/s, predicted marking phase length: 0.00ms, prediction active: false
[11.204s][debug][gc,ergo,refine ] GC(46) Concurrent refinement times: Logged Cards Scan time goal: 20.00ms Logged Cards Scan time: 0.00ms HCC time: 0.00ms
[11.204s][debug][gc,ergo,refine ] GC(46) Updated Refinement Zones: green: 2048, yellow: 6144, red: 10240
[11.204s][info ][gc,phases      ] GC(46)   Pre Evacuate Collection Set: 0.1ms
[11.204s][debug][gc,phases      ] GC(46)     Prepare TLABs: 0.0ms
[11.204s][debug][gc,phases      ] GC(46)     Choose Collection Set: 0.0ms
[11.204s][debug][gc,phases      ] GC(46)     Region Register: 0.1ms
[11.204s][debug][gc,phases      ] GC(46)     Prepare Heap Roots: 0.0ms
[11.204s][info ][gc,phases      ] GC(46)   Merge Heap Roots: 0.1ms
[11.205s][debug][gc,phases      ] GC(46)     Prepare Merge Heap Roots: 0.0ms
[11.205s][debug][gc,phases      ] GC(46)     Eager Reclaim (ms):       skipped
[11.205s][debug][gc,phases      ] GC(46)     Remembered Sets (ms):     Min:  0.0, Avg:  0.0, Max:  0.0, Diff:  0.0, Sum:  0.2, Workers: 8
[11.205s][debug][gc,phases      ] GC(46)       Merged Sparse:            Min: 0, Avg:  0.0, Max: 0, Diff: 0, Sum: 0, Workers: 8
[11.205s][debug][gc,phases      ] GC(46)       Merged Fine:              Min: 0, Avg:  0.0, Max: 0, Diff: 0, Sum: 0, Workers: 8
[11.205s][debug][gc,phases      ] GC(46)       Merged Coarse:            Min: 0, Avg:  0.0, Max: 0, Diff: 0, Sum: 0, Workers: 8
[11.205s][debug][gc,phases      ] GC(46)       Dirty Cards:              Min: 0, Avg:  0.0, Max: 0, Diff: 0, Sum: 0, Workers: 8
[11.205s][debug][gc,phases      ] GC(46)     Hot Card Cache (ms):      Min:  0.0, Avg:  0.0, Max:  0.0, Diff:  0.0, Sum:  0.0, Workers: 8
[11.205s][debug][gc,phases      ] GC(46)       Dirty Cards:              Min: 0, Avg:  0.0, Max: 0, Diff: 0, Sum: 0, Workers: 8
[11.205s][debug][gc,phases      ] GC(46)       Skipped Cards:            Min: 0, Avg:  0.0, Max: 0, Diff: 0, Sum: 0, Workers: 8
[11.205s][debug][gc,phases      ] GC(46)     Log Buffers (ms):         Min:  0.0, Avg:  0.0, Max:  0.0, Diff:  0.0, Sum:  0.0, Workers: 8
[11.205s][debug][gc,phases      ] GC(46)       Dirty Cards:              Min: 0, Avg:  0.1, Max: 1, Diff: 1, Sum: 1, Workers: 8
[11.205s][debug][gc,phases      ] GC(46)       Skipped Cards:            Min: 0, Avg:  0.0, Max: 0, Diff: 0, Sum: 0, Workers: 8
[11.205s][info ][gc,phases      ] GC(46)   Evacuate Collection Set: 0.2ms
[11.205s][debug][gc,phases      ] GC(46)     Ext Root Scanning (ms):   Min:  0.0, Avg:  0.0, Max:  0.1, Diff:  0.1, Sum:  0.3, Workers: 8
[11.205s][debug][gc,phases      ] GC(46)     Scan Heap Roots (ms):     Min:  0.0, Avg:  0.0, Max:  0.0, Diff:  0.0, Sum:  0.0, Workers: 8
[11.205s][debug][gc,phases      ] GC(46)       Scanned Cards:            Min: 0, Avg:  0.1, Max: 1, Diff: 1, Sum: 1, Workers: 8
[11.205s][debug][gc,phases      ] GC(46)       Scanned Blocks:           Min: 0, Avg:  0.1, Max: 1, Diff: 1, Sum: 1, Workers: 8
[11.205s][debug][gc,phases      ] GC(46)       Claimed Chunks:           Min: 0, Avg:  0.1, Max: 1, Diff: 1, Sum: 1, Workers: 8
[11.205s][debug][gc,phases      ] GC(46)     Code Root Scan (ms):      Min:  0.0, Avg:  0.0, Max:  0.0, Diff:  0.0, Sum:  0.0, Workers: 8
[11.205s][debug][gc,phases      ] GC(46)     Object Copy (ms):         Min:  0.0, Avg:  0.0, Max:  0.0, Diff:  0.0, Sum:  0.0, Workers: 8
[11.205s][debug][gc,phases      ] GC(46)     Termination (ms):         Min:  0.1, Avg:  0.1, Max:  0.1, Diff:  0.0, Sum:  0.7, Workers: 8
[11.205s][debug][gc,phases      ] GC(46)       Termination Attempts:     Min: 1, Avg:  1.0, Max: 1, Diff: 0, Sum: 8, Workers: 8
[11.205s][debug][gc,phases      ] GC(46)     GC Worker Other (ms):     Min:  0.0, Avg:  0.0, Max:  0.0, Diff:  0.0, Sum:  0.2, Workers: 8
[11.205s][debug][gc,phases      ] GC(46)     GC Worker Total (ms):     Min:  0.1, Avg:  0.1, Max:  0.2, Diff:  0.1, Sum:  1.2, Workers: 8
[11.205s][info ][gc,phases      ] GC(46)   Post Evacuate Collection Set: 0.4ms
[11.205s][debug][gc,phases      ] GC(46)     Code Roots Fixup: 0.0ms
[11.205s][debug][gc,phases      ] GC(46)     Clear Card Table: 0.1ms
[11.205s][debug][gc,phases      ] GC(46)     Reference Processing: 0.0ms
[11.205s][debug][gc,phases,ref  ] GC(46)       Reconsider SoftReferences: 0.0ms
[11.205s][debug][gc,phases,ref  ] GC(46)         SoftRef (ms):             skipped
[11.205s][debug][gc,phases,ref  ] GC(46)       Notify Soft/WeakReferences: 0.0ms
[11.205s][debug][gc,phases,ref  ] GC(46)         SoftRef (ms):             skipped
[11.205s][debug][gc,phases,ref  ] GC(46)         WeakRef (ms):             skipped
[11.205s][debug][gc,phases,ref  ] GC(46)         FinalRef (ms):            skipped
[11.205s][debug][gc,phases,ref  ] GC(46)         Total (ms):               skipped
[11.205s][debug][gc,phases,ref  ] GC(46)       Notify and keep alive finalizable: 0.0ms
[11.205s][debug][gc,phases,ref  ] GC(46)         FinalRef (ms):            skipped
[11.205s][debug][gc,phases,ref  ] GC(46)       Notify PhantomReferences: 0.0ms
[11.205s][debug][gc,phases,ref  ] GC(46)         PhantomRef (ms):          skipped
[11.205s][debug][gc,phases,ref  ] GC(46)       SoftReference:
[11.205s][debug][gc,phases,ref  ] GC(46)         Discovered: 0
[11.205s][debug][gc,phases,ref  ] GC(46)         Cleared: 0
[11.205s][debug][gc,phases,ref  ] GC(46)       WeakReference:
[11.205s][debug][gc,phases,ref  ] GC(46)         Discovered: 0
[11.205s][debug][gc,phases,ref  ] GC(46)         Cleared: 0
[11.205s][debug][gc,phases,ref  ] GC(46)       FinalReference:
[11.205s][debug][gc,phases,ref  ] GC(46)         Discovered: 0
[11.205s][debug][gc,phases,ref  ] GC(46)         Cleared: 0
[11.205s][debug][gc,phases,ref  ] GC(46)       PhantomReference:
[11.205s][debug][gc,phases,ref  ] GC(46)         Discovered: 0
[11.205s][debug][gc,phases,ref  ] GC(46)         Cleared: 0
[11.205s][debug][gc,phases      ] GC(46)     Weak Processing: 0.1ms
[11.205s][debug][gc,phases      ] GC(46)       JVMTI weak processing: 0.0ms
[11.205s][debug][gc,phases      ] GC(46)         Dead: 0
[11.205s][debug][gc,phases      ] GC(46)         Total: 0
[11.205s][debug][gc,phases      ] GC(46)       JFR weak processing: 0.0ms
[11.205s][debug][gc,phases      ] GC(46)         Dead: 0
[11.205s][debug][gc,phases      ] GC(46)         Total: 0
[11.205s][debug][gc,phases      ] GC(46)       JNI weak                  Min:  0.0, Avg:  0.0, Max:  0.0, Diff:  0.0, Sum:  0.1, Workers: 5
[11.205s][debug][gc,phases      ] GC(46)         Dead                      Min: 0, Avg:  0.0, Max: 0, Diff: 0, Sum: 0, Workers: 5
[11.205s][debug][gc,phases      ] GC(46)         Total                     Min: 0, Avg: 13.4, Max: 67, Diff: 67, Sum: 67, Workers: 5
[11.205s][debug][gc,phases      ] GC(46)       VM weak                   Min:  0.0, Avg:  0.0, Max:  0.0, Diff:  0.0, Sum:  0.0, Workers: 5
[11.205s][debug][gc,phases      ] GC(46)         Dead                      Min: 0, Avg:  0.0, Max: 0, Diff: 0, Sum: 0, Workers: 5
[11.205s][debug][gc,phases      ] GC(46)         Total                     Min: 0, Avg: 47.6, Max: 238, Diff: 238, Sum: 238, Workers: 5
[11.205s][debug][gc,phases      ] GC(46)       StringTable weak          Min:  0.0, Avg:  0.0, Max:  0.1, Diff:  0.1, Sum:  0.1, Workers: 5
[11.205s][debug][gc,phases      ] GC(46)         Dead                      Min: 0, Avg:  0.0, Max: 0, Diff: 0, Sum: 0, Workers: 5
[11.205s][debug][gc,phases      ] GC(46)         Total                     Min: 0, Avg: 728.6, Max: 3070, Diff: 3070, Sum: 3643, Workers: 5
[11.205s][debug][gc,phases      ] GC(46)       ResolvedMethodTable weak  Min:  0.0, Avg:  0.0, Max:  0.0, Diff:  0.0, Sum:  0.0, Workers: 5
[11.205s][debug][gc,phases      ] GC(46)         Dead                      Min: 0, Avg:  0.0, Max: 0, Diff: 0, Sum: 0, Workers: 5
[11.205s][debug][gc,phases      ] GC(46)         Total                     Min: 0, Avg: 123.4, Max: 192, Diff: 192, Sum: 617, Workers: 5
[11.205s][debug][gc,phases      ] GC(46)     Merge Per-Thread State: 0.0ms
[11.205s][debug][gc,phases      ] GC(46)       Copied Bytes              Min: 0, Avg: 19.0, Max: 104, Diff: 104, Sum: 152, Workers: 8
[11.205s][debug][gc,phases      ] GC(46)       LAB Waste                 Min: 0, Avg:  0.0, Max: 0, Diff: 0, Sum: 0, Workers: 8
[11.205s][debug][gc,phases      ] GC(46)       LAB Undo Waste            Min: 0, Avg:  0.0, Max: 0, Diff: 0, Sum: 0, Workers: 8
[11.205s][debug][gc,phases      ] GC(46)     Code Roots Purge: 0.0ms
[11.205s][debug][gc,phases      ] GC(46)     Redirty Cards: 0.0ms
[11.205s][debug][gc,phases      ] GC(46)     DerivedPointerTable Update: 0.0ms
[11.205s][debug][gc,phases      ] GC(46)     Free Collection Set: 0.1ms
[11.205s][debug][gc,phases      ] GC(46)     Rebuild Free List: 0.1ms
[11.205s][debug][gc,phases      ] GC(46)     Humongous Reclaim: 0.0ms
[11.205s][debug][gc,phases      ] GC(46)     Start New Collection Set: 0.0ms
[11.205s][debug][gc,phases      ] GC(46)     Resize TLABs: 0.0ms
[11.205s][debug][gc,phases      ] GC(46)     Expand Heap After Collection: 0.0ms
[11.205s][info ][gc,phases      ] GC(46)   Other: 0.3ms
[11.205s][info ][gc,heap        ] GC(46) Eden regions: 177->0(177)
[11.205s][info ][gc,heap        ] GC(46) Survivor regions: 1->1(23)
[11.205s][info ][gc,heap        ] GC(46) Old regions: 7->7
[11.205s][info ][gc,heap        ] GC(46) Archive regions: 2->2
[11.205s][info ][gc,heap        ] GC(46) Humongous regions: 0->0
[11.205s][info ][gc,metaspace   ] GC(46) Metaspace: 10703K(11136K)->10703K(11136K) NonClass: 9440K(9728K)->9440K(9728K) Class: 1263K(1408K)->1263K(1408K)
[11.205s][debug][gc,heap        ] GC(46) Heap after GC invocations=47 (full 1): garbage-first heap   total 305152K, used 4434K [0x0000000700000000, 0x0000000800000000)
[11.205s][debug][gc,heap        ] GC(46)   region size 1024K, 1 young (1024K), 1 survivors (1024K)
[11.205s][debug][gc,heap        ] GC(46)  Metaspace       used 10703K, capacity 10992K, committed 11136K, reserved 1058816K
[11.205s][debug][gc,heap        ] GC(46)   class space    used 1263K, capacity 1389K, committed 1408K, reserved 1048576K
[11.205s][info ][gc             ] GC(46) Pause Young (Normal) (G1 Evacuation Pause) 181M->4M(298M) 1.615ms
[11.205s][info ][gc,cpu         ] GC(46) User=0.01s Sys=0.00s Real=0.00s
[11.205s][info ][safepoint      ] Safepoint "G1CollectForAllocation", Time since last: 166184904 ns, Reaching safepoint: 76577 ns, At safepoint: 1801200 ns, Total: 1877777 ns
[11.371s][debug][gc,heap        ] GC(47) Heap before GC invocations=47 (full 1): garbage-first heap   total 305152K, used 185682K [0x0000000700000000, 0x0000000800000000)
[11.371s][debug][gc,heap        ] GC(47)   region size 1024K, 178 young (182272K), 1 survivors (1024K)
[11.371s][debug][gc,heap        ] GC(47)  Metaspace       used 10703K, capacity 10992K, committed 11136K, reserved 1058816K
[11.371s][debug][gc,heap        ] GC(47)   class space    used 1263K, capacity 1389K, committed 1408K, reserved 1048576K
[11.371s][info ][gc,start       ] GC(47) Pause Young (Normal) (G1 Evacuation Pause)
[11.371s][info ][gc,task        ] GC(47) Using 8 workers of 8 for evacuation
[11.371s][debug][gc,tlab        ] GC(47) TLAB totals: thrds: 8  refills: 712 max: 92 slow allocs: 0 max 0 waste:  0.9% gc: 1231272B max: 391176B slow: 411640B max: 53008B fast: 0B max: 0B
[11.371s][debug][gc,age         ] GC(47) Desired survivor size 12058624 bytes, new threshold 15 (max threshold 15)
[11.371s][debug][gc,alloc,region] GC(47) Mutator Allocation stats, regions: 177, wasted size: 0B ( 0.0%)
[11.371s][debug][gc,ergo        ] GC(47) Running G1 Merge Heap Roots using 8 workers for 178 regions
[11.371s][debug][gc,remset      ] GC(47) Visited cards 256 Total dirty 2048 (12.50%) Total old 747520 (0.03%)
[11.371s][debug][gc,ergo        ] GC(47) Running G1 Clear Card Table Task using 1 workers for 1 units of work for 179 regions.
[11.371s][debug][gc,ref         ] GC(47) Skipped phase1 of Reference Processing due to unavailable references
[11.371s][debug][gc,ref         ] GC(47) Skipped phase2 of Reference Processing due to unavailable references
[11.372s][debug][gc,ref         ] GC(47) Skipped phase3 of Reference Processing due to unavailable references
[11.372s][debug][gc,ref         ] GC(47) Skipped phase4 of Reference Processing due to unavailable references
[11.372s][debug][gc,ergo        ] GC(47) Running G1 Free Collection Set using 8 workers for collection set length 178 (298)
[11.372s][debug][gc,ergo        ] GC(47) Running G1 Rebuild Free List Task using 8 workers for rebuilding free list of 0 (4096) regions
[11.372s][trace][gc,age         ] GC(47) Age table with threshold 15 (max threshold 15)
[11.372s][trace][gc,age         ] GC(47) - age   1:        496 bytes,        496 total
[11.372s][debug][gc,plab        ] GC(47) Young PLAB allocation: allocated: 14448B, wasted: 0B, unused: 13952B, used: 496B, undo waste: 0B, 
[11.372s][debug][gc,plab        ] GC(47) Young other allocation: region end waste: 0B, regions filled: 1, direct allocated: 0B, failure used: 0B, failure wasted: 0B
[11.372s][debug][gc,plab        ] GC(47) Young sizing: calculated: 96B, actual: 2064B
[11.372s][debug][gc,plab        ] GC(47) Old PLAB allocation: allocated: 0B, wasted: 0B, unused: 0B, used: 0B, undo waste: 0B, 
[11.372s][debug][gc,plab        ] GC(47) Old other allocation: region end waste: 0B, regions filled: 1, direct allocated: 0B, failure used: 0B, failure wasted: 0B
[11.372s][debug][gc,plab        ] GC(47) Old sizing: calculated: 0B, actual: 2064B
[11.372s][debug][gc,ihop        ] GC(47) Basic information (value update), threshold: 140614041B (45.00), target occupancy: 312475648B, current occupancy: 4549216B, recent allocation size: 0B, recent allocation duration: 166.59ms, recent old gen allocation rate: 0.00B/s, recent marking phase length: 0.00ms
[11.372s][debug][gc,ihop        ] GC(47) Adaptive IHOP information (value update), threshold: 140614041B (47.37), internal target occupancy: 296851865B, occupancy: 4549216B, additional buffer size: 186646528B, predicted old gen allocation rate: 51842.63B/s, predicted marking phase length: 0.00ms, prediction active: false
[11.372s][debug][gc,ergo,refine ] GC(47) Concurrent refinement times: Logged Cards Scan time goal: 19.99ms Logged Cards Scan time: 0.00ms HCC time: 0.01ms
[11.372s][debug][gc,ergo,refine ] GC(47) Updated Refinement Zones: green: 2048, yellow: 6144, red: 10240
[11.372s][info ][gc,phases      ] GC(47)   Pre Evacuate Collection Set: 0.1ms
[11.372s][debug][gc,phases      ] GC(47)     Prepare TLABs: 0.0ms
[11.372s][debug][gc,phases      ] GC(47)     Choose Collection Set: 0.0ms
[11.372s][debug][gc,phases      ] GC(47)     Region Register: 0.1ms
[11.372s][debug][gc,phases      ] GC(47)     Prepare Heap Roots: 0.0ms
[11.372s][info ][gc,phases      ] GC(47)   Merge Heap Roots: 0.1ms
[11.372s][debug][gc,phases      ] GC(47)     Prepare Merge Heap Roots: 0.0ms
[11.372s][debug][gc,phases      ] GC(47)     Eager Reclaim (ms):       skipped
[11.372s][debug][gc,phases      ] GC(47)     Remembered Sets (ms):     Min:  0.0, Avg:  0.0, Max:  0.0, Diff:  0.0, Sum:  0.2, Workers: 8
[11.372s][debug][gc,phases      ] GC(47)       Merged Sparse:            Min: 0, Avg:  0.0, Max: 0, Diff: 0, Sum: 0, Workers: 8
[11.372s][debug][gc,phases      ] GC(47)       Merged Fine:              Min: 0, Avg:  0.0, Max: 0, Diff: 0, Sum: 0, Workers: 8
[11.372s][debug][gc,phases      ] GC(47)       Merged Coarse:            Min: 0, Avg:  0.0, Max: 0, Diff: 0, Sum: 0, Workers: 8
[11.372s][debug][gc,phases      ] GC(47)       Dirty Cards:              Min: 0, Avg:  0.0, Max: 0, Diff: 0, Sum: 0, Workers: 8
[11.372s][debug][gc,phases      ] GC(47)     Hot Card Cache (ms):      Min:  0.0, Avg:  0.0, Max:  0.0, Diff:  0.0, Sum:  0.1, Workers: 8
[11.372s][debug][gc,phases      ] GC(47)       Dirty Cards:              Min: 0, Avg:  0.0, Max: 0, Diff: 0, Sum: 0, Workers: 8
[11.372s][debug][gc,phases      ] GC(47)       Skipped Cards:            Min: 0, Avg:  0.0, Max: 0, Diff: 0, Sum: 0, Workers: 8
[11.372s][debug][gc,phases      ] GC(47)     Log Buffers (ms):         Min:  0.0, Avg:  0.0, Max:  0.0, Diff:  0.0, Sum:  0.0, Workers: 8
[11.372s][debug][gc,phases      ] GC(47)       Dirty Cards:              Min: 0, Avg:  0.1, Max: 1, Diff: 1, Sum: 1, Workers: 8
[11.372s][debug][gc,phases      ] GC(47)       Skipped Cards:            Min: 0, Avg:  0.0, Max: 0, Diff: 0, Sum: 0, Workers: 8
[11.372s][info ][gc,phases      ] GC(47)   Evacuate Collection Set: 0.1ms
[11.372s][debug][gc,phases      ] GC(47)     Ext Root Scanning (ms):   Min:  0.0, Avg:  0.0, Max:  0.1, Diff:  0.1, Sum:  0.3, Workers: 8
[11.372s][debug][gc,phases      ] GC(47)     Scan Heap Roots (ms):     Min:  0.0, Avg:  0.0, Max:  0.0, Diff:  0.0, Sum:  0.0, Workers: 8
[11.372s][debug][gc,phases      ] GC(47)       Scanned Cards:            Min: 0, Avg:  0.1, Max: 1, Diff: 1, Sum: 1, Workers: 8
[11.372s][debug][gc,phases      ] GC(47)       Scanned Blocks:           Min: 0, Avg:  0.1, Max: 1, Diff: 1, Sum: 1, Workers: 8
[11.372s][debug][gc,phases      ] GC(47)       Claimed Chunks:           Min: 0, Avg:  0.1, Max: 1, Diff: 1, Sum: 1, Workers: 8
[11.372s][debug][gc,phases      ] GC(47)     Code Root Scan (ms):      Min:  0.0, Avg:  0.0, Max:  0.0, Diff:  0.0, Sum:  0.0, Workers: 8
[11.372s][debug][gc,phases      ] GC(47)     Object Copy (ms):         Min:  0.0, Avg:  0.0, Max:  0.0, Diff:  0.0, Sum:  0.0, Workers: 8
[11.372s][debug][gc,phases      ] GC(47)     Termination (ms):         Min:  0.0, Avg:  0.0, Max:  0.0, Diff:  0.0, Sum:  0.3, Workers: 8
[11.372s][debug][gc,phases      ] GC(47)       Termination Attempts:     Min: 1, Avg:  1.0, Max: 1, Diff: 0, Sum: 8, Workers: 8
[11.372s][debug][gc,phases      ] GC(47)     GC Worker Other (ms):     Min:  0.0, Avg:  0.0, Max:  0.0, Diff:  0.0, Sum:  0.1, Workers: 8
[11.372s][debug][gc,phases      ] GC(47)     GC Worker Total (ms):     Min:  0.1, Avg:  0.1, Max:  0.1, Diff:  0.0, Sum:  0.8, Workers: 8
[11.372s][info ][gc,phases      ] GC(47)   Post Evacuate Collection Set: 0.4ms
[11.372s][debug][gc,phases      ] GC(47)     Code Roots Fixup: 0.0ms
[11.372s][debug][gc,phases      ] GC(47)     Clear Card Table: 0.1ms
[11.372s][debug][gc,phases      ] GC(47)     Reference Processing: 0.0ms
[11.372s][debug][gc,phases,ref  ] GC(47)       Reconsider SoftReferences: 0.0ms
[11.372s][debug][gc,phases,ref  ] GC(47)         SoftRef (ms):             skipped
[11.372s][debug][gc,phases,ref  ] GC(47)       Notify Soft/WeakReferences: 0.0ms
[11.372s][debug][gc,phases,ref  ] GC(47)         SoftRef (ms):             skipped
[11.372s][debug][gc,phases,ref  ] GC(47)         WeakRef (ms):             skipped
[11.372s][debug][gc,phases,ref  ] GC(47)         FinalRef (ms):            skipped
[11.372s][debug][gc,phases,ref  ] GC(47)         Total (ms):               skipped
[11.372s][debug][gc,phases,ref  ] GC(47)       Notify and keep alive finalizable: 0.0ms
[11.372s][debug][gc,phases,ref  ] GC(47)         FinalRef (ms):            skipped
[11.372s][debug][gc,phases,ref  ] GC(47)       Notify PhantomReferences: 0.0ms
[11.372s][debug][gc,phases,ref  ] GC(47)         PhantomRef (ms):          skipped
[11.372s][debug][gc,phases,ref  ] GC(47)       SoftReference:
[11.372s][debug][gc,phases,ref  ] GC(47)         Discovered: 0
[11.372s][debug][gc,phases,ref  ] GC(47)         Cleared: 0
[11.372s][debug][gc,phases,ref  ] GC(47)       WeakReference:
[11.372s][debug][gc,phases,ref  ] GC(47)         Discovered: 0
[11.372s][debug][gc,phases,ref  ] GC(47)         Cleared: 0
[11.372s][debug][gc,phases,ref  ] GC(47)       FinalReference:
[11.372s][debug][gc,phases,ref  ] GC(47)         Discovered: 0
[11.372s][debug][gc,phases,ref  ] GC(47)         Cleared: 0
[11.372s][debug][gc,phases,ref  ] GC(47)       PhantomReference:
[11.372s][debug][gc,phases,ref  ] GC(47)         Discovered: 0
[11.372s][debug][gc,phases,ref  ] GC(47)         Cleared: 0
[11.372s][debug][gc,phases      ] GC(47)     Weak Processing: 0.1ms
[11.372s][debug][gc,phases      ] GC(47)       JVMTI weak processing: 0.0ms
[11.372s][debug][gc,phases      ] GC(47)         Dead: 0
[11.372s][debug][gc,phases      ] GC(47)         Total: 0
[11.372s][debug][gc,phases      ] GC(47)       JFR weak processing: 0.0ms
[11.372s][debug][gc,phases      ] GC(47)         Dead: 0
[11.372s][debug][gc,phases      ] GC(47)         Total: 0
[11.372s][debug][gc,phases      ] GC(47)       JNI weak                  Min:  0.0, Avg:  0.0, Max:  0.0, Diff:  0.0, Sum:  0.1, Workers: 5
[11.372s][debug][gc,phases      ] GC(47)         Dead                      Min: 0, Avg:  0.0, Max: 0, Diff: 0, Sum: 0, Workers: 5
[11.372s][debug][gc,phases      ] GC(47)         Total                     Min: 0, Avg: 13.4, Max: 52, Diff: 52, Sum: 67, Workers: 5
[11.372s][debug][gc,phases      ] GC(47)       VM weak                   Min:  0.0, Avg:  0.0, Max:  0.0, Diff:  0.0, Sum:  0.0, Workers: 5
[11.372s][debug][gc,phases      ] GC(47)         Dead                      Min: 0, Avg:  0.0, Max: 0, Diff: 0, Sum: 0, Workers: 5
[11.372s][debug][gc,phases      ] GC(47)         Total                     Min: 0, Avg: 47.6, Max: 128, Diff: 128, Sum: 238, Workers: 5
[11.372s][debug][gc,phases      ] GC(47)       StringTable weak          Min:  0.0, Avg:  0.0, Max:  0.1, Diff:  0.0, Sum:  0.2, Workers: 5
[11.372s][debug][gc,phases      ] GC(47)         Dead                      Min: 0, Avg:  0.0, Max: 0, Diff: 0, Sum: 0, Workers: 5
[11.372s][debug][gc,phases      ] GC(47)         Total                     Min: 192, Avg: 728.6, Max: 1083, Diff: 891, Sum: 3643, Workers: 5
[11.372s][debug][gc,phases      ] GC(47)       ResolvedMethodTable weak  Min:  0.0, Avg:  0.0, Max:  0.0, Diff:  0.0, Sum:  0.0, Workers: 5
[11.372s][debug][gc,phases      ] GC(47)         Dead                      Min: 0, Avg:  0.0, Max: 0, Diff: 0, Sum: 0, Workers: 5
[11.372s][debug][gc,phases      ] GC(47)         Total                     Min: 0, Avg: 123.4, Max: 233, Diff: 233, Sum: 617, Workers: 5
[11.372s][debug][gc,phases      ] GC(47)     Merge Per-Thread State: 0.0ms
[11.372s][debug][gc,phases      ] GC(47)       Copied Bytes              Min: 0, Avg: 62.0, Max: 128, Diff: 128, Sum: 496, Workers: 8
[11.372s][debug][gc,phases      ] GC(47)       LAB Waste                 Min: 0, Avg:  0.0, Max: 0, Diff: 0, Sum: 0, Workers: 8
[11.372s][debug][gc,phases      ] GC(47)       LAB Undo Waste            Min: 0, Avg:  0.0, Max: 0, Diff: 0, Sum: 0, Workers: 8
[11.372s][debug][gc,phases      ] GC(47)     Code Roots Purge: 0.0ms
[11.372s][debug][gc,phases      ] GC(47)     Redirty Cards: 0.0ms
[11.372s][debug][gc,phases      ] GC(47)     DerivedPointerTable Update: 0.0ms
[11.372s][debug][gc,phases      ] GC(47)     Free Collection Set: 0.1ms
[11.372s][debug][gc,phases      ] GC(47)     Rebuild Free List: 0.1ms
[11.372s][debug][gc,phases      ] GC(47)     Humongous Reclaim: 0.0ms
[11.372s][debug][gc,phases      ] GC(47)     Start New Collection Set: 0.0ms
[11.372s][debug][gc,phases      ] GC(47)     Resize TLABs: 0.0ms
[11.372s][debug][gc,phases      ] GC(47)     Expand Heap After Collection: 0.0ms
[11.372s][info ][gc,phases      ] GC(47)   Other: 0.3ms
[11.372s][info ][gc,heap        ] GC(47) Eden regions: 177->0(177)
[11.372s][info ][gc,heap        ] GC(47) Survivor regions: 1->1(23)
[11.372s][info ][gc,heap        ] GC(47) Old regions: 7->7
[11.372s][info ][gc,heap        ] GC(47) Archive regions: 2->2
[11.372s][info ][gc,heap        ] GC(47) Humongous regions: 0->0
[11.372s][info ][gc,metaspace   ] GC(47) Metaspace: 10703K(11136K)->10703K(11136K) NonClass: 9440K(9728K)->9440K(9728K) Class: 1263K(1408K)->1263K(1408K)
[11.372s][debug][gc,heap        ] GC(47) Heap after GC invocations=48 (full 1): garbage-first heap   total 305152K, used 4442K [0x0000000700000000, 0x0000000800000000)
[11.372s][debug][gc,heap        ] GC(47)   region size 1024K, 1 young (1024K), 1 survivors (1024K)
[11.372s][debug][gc,heap        ] GC(47)  Metaspace       used 10703K, capacity 10992K, committed 11136K, reserved 1058816K
[11.372s][debug][gc,heap        ] GC(47)   class space    used 1263K, capacity 1389K, committed 1408K, reserved 1048576K
[11.372s][info ][gc             ] GC(47) Pause Young (Normal) (G1 Evacuation Pause) 181M->4M(298M) 1.516ms
[11.373s][info ][gc,cpu         ] GC(47) User=0.00s Sys=0.00s Real=0.00s
[11.373s][info ][safepoint      ] Safepoint "G1CollectForAllocation", Time since last: 165585529 ns, Reaching safepoint: 145219 ns, At safepoint: 1705420 ns, Total: 1850639 ns
[11.538s][debug][gc,heap        ] GC(48) Heap before GC invocations=48 (full 1): garbage-first heap   total 305152K, used 185690K [0x0000000700000000, 0x0000000800000000)
[11.538s][debug][gc,heap        ] GC(48)   region size 1024K, 178 young (182272K), 1 survivors (1024K)
[11.538s][debug][gc,heap        ] GC(48)  Metaspace       used 10703K, capacity 10992K, committed 11136K, reserved 1058816K
[11.538s][debug][gc,heap        ] GC(48)   class space    used 1263K, capacity 1389K, committed 1408K, reserved 1048576K
[11.538s][info ][gc,start       ] GC(48) Pause Young (Normal) (G1 Evacuation Pause)
[11.538s][info ][gc,task        ] GC(48) Using 8 workers of 8 for evacuation
[11.538s][debug][gc,tlab        ] GC(48) TLAB totals: thrds: 8  refills: 712 max: 95 slow allocs: 0 max 0 waste:  1.0% gc: 1482896B max: 382768B slow: 412208B max: 55096B fast: 0B max: 0B
[11.538s][debug][gc,age         ] GC(48) Desired survivor size 12058624 bytes, new threshold 15 (max threshold 15)
[11.538s][debug][gc,alloc,region] GC(48) Mutator Allocation stats, regions: 177, wasted size: 0B ( 0.0%)
[11.539s][debug][gc,ergo        ] GC(48) Running G1 Merge Heap Roots using 8 workers for 178 regions
[11.539s][debug][gc,remset      ] GC(48) Visited cards 256 Total dirty 2048 (12.50%) Total old 747520 (0.03%)
[11.539s][debug][gc,ergo        ] GC(48) Running G1 Clear Card Table Task using 1 workers for 1 units of work for 179 regions.
[11.539s][debug][gc,ref         ] GC(48) Skipped phase1 of Reference Processing due to unavailable references
[11.539s][debug][gc,ref         ] GC(48) Skipped phase2 of Reference Processing due to unavailable references
[11.539s][debug][gc,ref         ] GC(48) Skipped phase3 of Reference Processing due to unavailable references
[11.539s][debug][gc,ref         ] GC(48) Skipped phase4 of Reference Processing due to unavailable references
[11.539s][debug][gc,ergo        ] GC(48) Running G1 Free Collection Set using 8 workers for collection set length 178 (298)
[11.539s][debug][gc,ergo        ] GC(48) Running G1 Rebuild Free List Task using 8 workers for rebuilding free list of 0 (4096) regions
[11.539s][trace][gc,age         ] GC(48) Age table with threshold 15 (max threshold 15)
[11.539s][trace][gc,age         ] GC(48) - age   1:        520 bytes,        520 total
[11.539s][debug][gc,plab        ] GC(48) Young PLAB allocation: allocated: 10320B, wasted: 0B, unused: 9800B, used: 520B, undo waste: 0B, 
[11.539s][debug][gc,plab        ] GC(48) Young other allocation: region end waste: 0B, regions filled: 1, direct allocated: 0B, failure used: 0B, failure wasted: 0B
[11.539s][debug][gc,plab        ] GC(48) Young sizing: calculated: 104B, actual: 2064B
[11.539s][debug][gc,plab        ] GC(48) Old PLAB allocation: allocated: 0B, wasted: 0B, unused: 0B, used: 0B, undo waste: 0B, 
[11.539s][debug][gc,plab        ] GC(48) Old other allocation: region end waste: 0B, regions filled: 1, direct allocated: 0B, failure used: 0B, failure wasted: 0B
[11.539s][debug][gc,plab        ] GC(48) Old sizing: calculated: 0B, actual: 2064B
[11.539s][debug][gc,ihop        ] GC(48) Basic information (value update), threshold: 140614041B (45.00), target occupancy: 312475648B, current occupancy: 4545088B, recent allocation size: 0B, recent allocation duration: 166.60ms, recent old gen allocation rate: 0.00B/s, recent marking phase length: 0.00ms
[11.539s][debug][gc,ihop        ] GC(48) Adaptive IHOP information (value update), threshold: 140614041B (47.37), internal target occupancy: 296851865B, occupancy: 4545088B, additional buffer size: 186646528B, predicted old gen allocation rate: 50127.37B/s, predicted marking phase length: 0.00ms, prediction active: false
[11.539s][debug][gc,ergo,refine ] GC(48) Concurrent refinement times: Logged Cards Scan time goal: 20.00ms Logged Cards Scan time: 0.00ms HCC time: 0.00ms
[11.539s][debug][gc,ergo,refine ] GC(48) Updated Refinement Zones: green: 2048, yellow: 6144, red: 10240
[11.539s][info ][gc,phases      ] GC(48)   Pre Evacuate Collection Set: 0.1ms
[11.539s][debug][gc,phases      ] GC(48)     Prepare TLABs: 0.0ms
[11.539s][debug][gc,phases      ] GC(48)     Choose Collection Set: 0.0ms
[11.539s][debug][gc,phases      ] GC(48)     Region Register: 0.1ms
[11.539s][debug][gc,phases      ] GC(48)     Prepare Heap Roots: 0.0ms
[11.539s][info ][gc,phases      ] GC(48)   Merge Heap Roots: 0.1ms
[11.539s][debug][gc,phases      ] GC(48)     Prepare Merge Heap Roots: 0.0ms
[11.539s][debug][gc,phases      ] GC(48)     Eager Reclaim (ms):       skipped
[11.539s][debug][gc,phases      ] GC(48)     Remembered Sets (ms):     Min:  0.0, Avg:  0.0, Max:  0.0, Diff:  0.0, Sum:  0.0, Workers: 8
[11.539s][debug][gc,phases      ] GC(48)       Merged Sparse:            Min: 0, Avg:  0.0, Max: 0, Diff: 0, Sum: 0, Workers: 8
[11.539s][debug][gc,phases      ] GC(48)       Merged Fine:              Min: 0, Avg:  0.0, Max: 0, Diff: 0, Sum: 0, Workers: 8
[11.539s][debug][gc,phases      ] GC(48)       Merged Coarse:            Min: 0, Avg:  0.0, Max: 0, Diff: 0, Sum: 0, Workers: 8
[11.539s][debug][gc,phases      ] GC(48)       Dirty Cards:              Min: 0, Avg:  0.0, Max: 0, Diff: 0, Sum: 0, Workers: 8
[11.539s][debug][gc,phases      ] GC(48)     Hot Card Cache (ms):      Min:  0.0, Avg:  0.0, Max:  0.0, Diff:  0.0, Sum:  0.0, Workers: 8
[11.539s][debug][gc,phases      ] GC(48)       Dirty Cards:              Min: 0, Avg:  0.0, Max: 0, Diff: 0, Sum: 0, Workers: 8
[11.539s][debug][gc,phases      ] GC(48)       Skipped Cards:            Min: 0, Avg:  0.0, Max: 0, Diff: 0, Sum: 0, Workers: 8
[11.539s][debug][gc,phases      ] GC(48)     Log Buffers (ms):         Min:  0.0, Avg:  0.0, Max:  0.0, Diff:  0.0, Sum:  0.0, Workers: 8
[11.539s][debug][gc,phases      ] GC(48)       Dirty Cards:              Min: 0, Avg:  0.1, Max: 1, Diff: 1, Sum: 1, Workers: 8
[11.539s][debug][gc,phases      ] GC(48)       Skipped Cards:            Min: 0, Avg:  0.0, Max: 0, Diff: 0, Sum: 0, Workers: 8
[11.539s][info ][gc,phases      ] GC(48)   Evacuate Collection Set: 0.2ms
[11.539s][debug][gc,phases      ] GC(48)     Ext Root Scanning (ms):   Min:  0.0, Avg:  0.0, Max:  0.1, Diff:  0.0, Sum:  0.2, Workers: 8
[11.539s][debug][gc,phases      ] GC(48)     Scan Heap Roots (ms):     Min:  0.0, Avg:  0.0, Max:  0.0, Diff:  0.0, Sum:  0.0, Workers: 8
[11.539s][debug][gc,phases      ] GC(48)       Scanned Cards:            Min: 0, Avg:  0.1, Max: 1, Diff: 1, Sum: 1, Workers: 8
[11.539s][debug][gc,phases      ] GC(48)       Scanned Blocks:           Min: 0, Avg:  0.1, Max: 1, Diff: 1, Sum: 1, Workers: 8
[11.539s][debug][gc,phases      ] GC(48)       Claimed Chunks:           Min: 0, Avg:  0.1, Max: 1, Diff: 1, Sum: 1, Workers: 8
[11.539s][debug][gc,phases      ] GC(48)     Code Root Scan (ms):      Min:  0.0, Avg:  0.0, Max:  0.0, Diff:  0.0, Sum:  0.0, Workers: 8
[11.540s][debug][gc,phases      ] GC(48)     Object Copy (ms):         Min:  0.0, Avg:  0.0, Max:  0.0, Diff:  0.0, Sum:  0.0, Workers: 8
[11.540s][debug][gc,phases      ] GC(48)     Termination (ms):         Min:  0.1, Avg:  0.1, Max:  0.1, Diff:  0.0, Sum:  0.7, Workers: 8
[11.540s][debug][gc,phases      ] GC(48)       Termination Attempts:     Min: 1, Avg:  1.0, Max: 1, Diff: 0, Sum: 8, Workers: 8
[11.540s][debug][gc,phases      ] GC(48)     GC Worker Other (ms):     Min:  0.0, Avg:  0.0, Max:  0.1, Diff:  0.0, Sum:  0.2, Workers: 8
[11.540s][debug][gc,phases      ] GC(48)     GC Worker Total (ms):     Min:  0.1, Avg:  0.1, Max:  0.2, Diff:  0.0, Sum:  1.2, Workers: 8
[11.540s][info ][gc,phases      ] GC(48)   Post Evacuate Collection Set: 0.3ms
[11.540s][debug][gc,phases      ] GC(48)     Code Roots Fixup: 0.0ms
[11.540s][debug][gc,phases      ] GC(48)     Clear Card Table: 0.1ms
[11.540s][debug][gc,phases      ] GC(48)     Reference Processing: 0.0ms
[11.540s][debug][gc,phases,ref  ] GC(48)       Reconsider SoftReferences: 0.0ms
[11.540s][debug][gc,phases,ref  ] GC(48)         SoftRef (ms):             skipped
[11.540s][debug][gc,phases,ref  ] GC(48)       Notify Soft/WeakReferences: 0.0ms
[11.540s][debug][gc,phases,ref  ] GC(48)         SoftRef (ms):             skipped
[11.540s][debug][gc,phases,ref  ] GC(48)         WeakRef (ms):             skipped
[11.540s][debug][gc,phases,ref  ] GC(48)         FinalRef (ms):            skipped
[11.540s][debug][gc,phases,ref  ] GC(48)         Total (ms):               skipped
[11.540s][debug][gc,phases,ref  ] GC(48)       Notify and keep alive finalizable: 0.0ms
[11.540s][debug][gc,phases,ref  ] GC(48)         FinalRef (ms):            skipped
[11.540s][debug][gc,phases,ref  ] GC(48)       Notify PhantomReferences: 0.0ms
[11.540s][debug][gc,phases,ref  ] GC(48)         PhantomRef (ms):          skipped
[11.540s][debug][gc,phases,ref  ] GC(48)       SoftReference:
[11.540s][debug][gc,phases,ref  ] GC(48)         Discovered: 0
[11.540s][debug][gc,phases,ref  ] GC(48)         Cleared: 0
[11.540s][debug][gc,phases,ref  ] GC(48)       WeakReference:
[11.540s][debug][gc,phases,ref  ] GC(48)         Discovered: 0
[11.540s][debug][gc,phases,ref  ] GC(48)         Cleared: 0
[11.540s][debug][gc,phases,ref  ] GC(48)       FinalReference:
[11.540s][debug][gc,phases,ref  ] GC(48)         Discovered: 0
[11.540s][debug][gc,phases,ref  ] GC(48)         Cleared: 0
[11.540s][debug][gc,phases,ref  ] GC(48)       PhantomReference:
[11.540s][debug][gc,phases,ref  ] GC(48)         Discovered: 0
[11.540s][debug][gc,phases,ref  ] GC(48)         Cleared: 0
[11.540s][debug][gc,phases      ] GC(48)     Weak Processing: 0.0ms
[11.540s][debug][gc,phases      ] GC(48)       JVMTI weak processing: 0.0ms
[11.540s][debug][gc,phases      ] GC(48)         Dead: 0
[11.540s][debug][gc,phases      ] GC(48)         Total: 0
[11.540s][debug][gc,phases      ] GC(48)       JFR weak processing: 0.0ms
[11.540s][debug][gc,phases      ] GC(48)         Dead: 0
[11.540s][debug][gc,phases      ] GC(48)         Total: 0
[11.540s][debug][gc,phases      ] GC(48)       JNI weak                  Min:  0.0, Avg:  0.0, Max:  0.0, Diff:  0.0, Sum:  0.0, Workers: 5
[11.540s][debug][gc,phases      ] GC(48)         Dead                      Min: 0, Avg:  0.0, Max: 0, Diff: 0, Sum: 0, Workers: 5
[11.540s][debug][gc,phases      ] GC(48)         Total                     Min: 0, Avg: 13.4, Max: 52, Diff: 52, Sum: 67, Workers: 5
[11.540s][debug][gc,phases      ] GC(48)       VM weak                   Min:  0.0, Avg:  0.0, Max:  0.0, Diff:  0.0, Sum:  0.0, Workers: 5
[11.540s][debug][gc,phases      ] GC(48)         Dead                      Min: 0, Avg:  0.0, Max: 0, Diff: 0, Sum: 0, Workers: 5
[11.540s][debug][gc,phases      ] GC(48)         Total                     Min: 0, Avg: 47.6, Max: 110, Diff: 110, Sum: 238, Workers: 5
[11.540s][debug][gc,phases      ] GC(48)       StringTable weak          Min:  0.0, Avg:  0.0, Max:  0.0, Diff:  0.0, Sum:  0.0, Workers: 5
[11.540s][debug][gc,phases      ] GC(48)         Dead                      Min: 0, Avg:  0.0, Max: 0, Diff: 0, Sum: 0, Workers: 5
[11.540s][debug][gc,phases      ] GC(48)         Total                     Min: 0, Avg: 728.6, Max: 1533, Diff: 1533, Sum: 3643, Workers: 5
[11.540s][debug][gc,phases      ] GC(48)       ResolvedMethodTable weak  Min:  0.0, Avg:  0.0, Max:  0.0, Diff:  0.0, Sum:  0.0, Workers: 5
[11.540s][debug][gc,phases      ] GC(48)         Dead                      Min: 0, Avg:  0.0, Max: 0, Diff: 0, Sum: 0, Workers: 5
[11.540s][debug][gc,phases      ] GC(48)         Total                     Min: 0, Avg: 123.4, Max: 256, Diff: 256, Sum: 617, Workers: 5
[11.540s][debug][gc,phases      ] GC(48)     Merge Per-Thread State: 0.0ms
[11.540s][debug][gc,phases      ] GC(48)       Copied Bytes              Min: 0, Avg: 65.0, Max: 104, Diff: 104, Sum: 520, Workers: 8
[11.540s][debug][gc,phases      ] GC(48)       LAB Waste                 Min: 0, Avg:  0.0, Max: 0, Diff: 0, Sum: 0, Workers: 8
[11.540s][debug][gc,phases      ] GC(48)       LAB Undo Waste            Min: 0, Avg:  0.0, Max: 0, Diff: 0, Sum: 0, Workers: 8
[11.540s][debug][gc,phases      ] GC(48)     Code Roots Purge: 0.0ms
[11.540s][debug][gc,phases      ] GC(48)     Redirty Cards: 0.0ms
[11.540s][debug][gc,phases      ] GC(48)     DerivedPointerTable Update: 0.0ms
[11.540s][debug][gc,phases      ] GC(48)     Free Collection Set: 0.1ms
[11.540s][debug][gc,phases      ] GC(48)     Rebuild Free List: 0.0ms
[11.540s][debug][gc,phases      ] GC(48)     Humongous Reclaim: 0.0ms
[11.540s][debug][gc,phases      ] GC(48)     Start New Collection Set: 0.0ms
[11.540s][debug][gc,phases      ] GC(48)     Resize TLABs: 0.0ms
[11.540s][debug][gc,phases      ] GC(48)     Expand Heap After Collection: 0.0ms
[11.540s][info ][gc,phases      ] GC(48)   Other: 0.2ms
[11.540s][info ][gc,heap        ] GC(48) Eden regions: 177->0(177)
[11.540s][info ][gc,heap        ] GC(48) Survivor regions: 1->1(23)
[11.540s][info ][gc,heap        ] GC(48) Old regions: 7->7
[11.540s][info ][gc,heap        ] GC(48) Archive regions: 2->2
[11.540s][info ][gc,heap        ] GC(48) Humongous regions: 0->0
[11.540s][info ][gc,metaspace   ] GC(48) Metaspace: 10703K(11136K)->10703K(11136K) NonClass: 9440K(9728K)->9440K(9728K) Class: 1263K(1408K)->1263K(1408K)
[11.540s][debug][gc,heap        ] GC(48) Heap after GC invocations=49 (full 1): garbage-first heap   total 305152K, used 4438K [0x0000000700000000, 0x0000000800000000)
[11.540s][debug][gc,heap        ] GC(48)   region size 1024K, 1 young (1024K), 1 survivors (1024K)
[11.540s][debug][gc,heap        ] GC(48)  Metaspace       used 10703K, capacity 10992K, committed 11136K, reserved 1058816K
[11.540s][debug][gc,heap        ] GC(48)   class space    used 1263K, capacity 1389K, committed 1408K, reserved 1048576K
[11.540s][info ][gc             ] GC(48) Pause Young (Normal) (G1 Evacuation Pause) 181M->4M(298M) 1.487ms
[11.540s][info ][gc,cpu         ] GC(48) User=0.00s Sys=0.00s Real=0.00s
[11.540s][info ][safepoint      ] Safepoint "G1CollectForAllocation", Time since last: 165632504 ns, Reaching safepoint: 153714 ns, At safepoint: 1643106 ns, Total: 1796820 ns
[11.696s][debug][gc,heap        ] GC(49) Heap before GC invocations=49 (full 1): garbage-first heap   total 305152K, used 185686K [0x0000000700000000, 0x0000000800000000)
[11.696s][debug][gc,heap        ] GC(49)   region size 1024K, 178 young (182272K), 1 survivors (1024K)
[11.696s][debug][gc,heap        ] GC(49)  Metaspace       used 10703K, capacity 10992K, committed 11136K, reserved 1058816K
[11.696s][debug][gc,heap        ] GC(49)   class space    used 1263K, capacity 1389K, committed 1408K, reserved 1048576K
[11.696s][info ][gc,start       ] GC(49) Pause Young (Normal) (G1 Evacuation Pause)
[11.696s][info ][gc,task        ] GC(49) Using 8 workers of 8 for evacuation
[11.696s][debug][gc,tlab        ] GC(49) TLAB totals: thrds: 8  refills: 710 max: 94 slow allocs: 0 max 0 waste:  0.8% gc: 1167128B max: 394568B slow: 410128B max: 53832B fast: 0B max: 0B
[11.696s][debug][gc,age         ] GC(49) Desired survivor size 12058624 bytes, new threshold 15 (max threshold 15)
[11.696s][debug][gc,alloc,region] GC(49) Mutator Allocation stats, regions: 177, wasted size: 0B ( 0.0%)
[11.696s][debug][gc,ergo        ] GC(49) Running G1 Merge Heap Roots using 8 workers for 178 regions
[11.696s][debug][gc,remset      ] GC(49) Visited cards 256 Total dirty 2048 (12.50%) Total old 747520 (0.03%)
[11.696s][debug][gc,ergo        ] GC(49) Running G1 Clear Card Table Task using 1 workers for 1 units of work for 179 regions.
[11.696s][debug][gc,ref         ] GC(49) Skipped phase1 of Reference Processing due to unavailable references
[11.696s][debug][gc,ref         ] GC(49) Skipped phase2 of Reference Processing due to unavailable references
[11.696s][debug][gc,ref         ] GC(49) Skipped phase3 of Reference Processing due to unavailable references
[11.696s][debug][gc,ref         ] GC(49) Skipped phase4 of Reference Processing due to unavailable references
[11.697s][debug][gc,ergo        ] GC(49) Running G1 Free Collection Set using 8 workers for collection set length 178 (298)
[11.697s][debug][gc,ergo        ] GC(49) Running G1 Rebuild Free List Task using 8 workers for rebuilding free list of 0 (4096) regions
[11.697s][trace][gc,age         ] GC(49) Age table with threshold 15 (max threshold 15)
[11.697s][trace][gc,age         ] GC(49) - age   1:        256 bytes,        256 total
[11.697s][debug][gc,plab        ] GC(49) Young PLAB allocation: allocated: 8256B, wasted: 0B, unused: 8000B, used: 256B, undo waste: 0B, 
[11.697s][debug][gc,plab        ] GC(49) Young other allocation: region end waste: 0B, regions filled: 1, direct allocated: 0B, failure used: 0B, failure wasted: 0B
[11.697s][debug][gc,plab        ] GC(49) Young sizing: calculated: 48B, actual: 2064B
[11.697s][debug][gc,plab        ] GC(49) Old PLAB allocation: allocated: 0B, wasted: 0B, unused: 0B, used: 0B, undo waste: 0B, 
[11.697s][debug][gc,plab        ] GC(49) Old other allocation: region end waste: 0B, regions filled: 1, direct allocated: 0B, failure used: 0B, failure wasted: 0B
[11.697s][debug][gc,plab        ] GC(49) Old sizing: calculated: 0B, actual: 2064B
[11.697s][debug][gc,ihop        ] GC(49) Basic information (value update), threshold: 140614041B (45.00), target occupancy: 312475648B, current occupancy: 4543024B, recent allocation size: 0B, recent allocation duration: 156.68ms, recent old gen allocation rate: 0.00B/s, recent marking phase length: 0.00ms
[11.697s][debug][gc,ihop        ] GC(49) Adaptive IHOP information (value update), threshold: 140614041B (47.37), internal target occupancy: 296851865B, occupancy: 4543024B, additional buffer size: 186646528B, predicted old gen allocation rate: 48474.08B/s, predicted marking phase length: 0.00ms, prediction active: false
[11.697s][debug][gc,ergo,refine ] GC(49) Concurrent refinement times: Logged Cards Scan time goal: 20.00ms Logged Cards Scan time: 0.00ms HCC time: 0.00ms
[11.697s][debug][gc,ergo,refine ] GC(49) Updated Refinement Zones: green: 2048, yellow: 6144, red: 10240
[11.697s][info ][gc,phases      ] GC(49)   Pre Evacuate Collection Set: 0.1ms
[11.697s][debug][gc,phases      ] GC(49)     Prepare TLABs: 0.0ms
[11.697s][debug][gc,phases      ] GC(49)     Choose Collection Set: 0.0ms
[11.697s][debug][gc,phases      ] GC(49)     Region Register: 0.1ms
[11.697s][debug][gc,phases      ] GC(49)     Prepare Heap Roots: 0.0ms
[11.697s][info ][gc,phases      ] GC(49)   Merge Heap Roots: 0.1ms
[11.697s][debug][gc,phases      ] GC(49)     Prepare Merge Heap Roots: 0.0ms
[11.697s][debug][gc,phases      ] GC(49)     Eager Reclaim (ms):       skipped
[11.697s][debug][gc,phases      ] GC(49)     Remembered Sets (ms):     Min:  0.0, Avg:  0.0, Max:  0.0, Diff:  0.0, Sum:  0.0, Workers: 8
[11.697s][debug][gc,phases      ] GC(49)       Merged Sparse:            Min: 0, Avg:  0.0, Max: 0, Diff: 0, Sum: 0, Workers: 8
[11.697s][debug][gc,phases      ] GC(49)       Merged Fine:              Min: 0, Avg:  0.0, Max: 0, Diff: 0, Sum: 0, Workers: 8
[11.697s][debug][gc,phases      ] GC(49)       Merged Coarse:            Min: 0, Avg:  0.0, Max: 0, Diff: 0, Sum: 0, Workers: 8
[11.697s][debug][gc,phases      ] GC(49)       Dirty Cards:              Min: 0, Avg:  0.0, Max: 0, Diff: 0, Sum: 0, Workers: 8
[11.697s][debug][gc,phases      ] GC(49)     Hot Card Cache (ms):      Min:  0.0, Avg:  0.0, Max:  0.0, Diff:  0.0, Sum:  0.0, Workers: 8
[11.697s][debug][gc,phases      ] GC(49)       Dirty Cards:              Min: 0, Avg:  0.0, Max: 0, Diff: 0, Sum: 0, Workers: 8
[11.697s][debug][gc,phases      ] GC(49)       Skipped Cards:            Min: 0, Avg:  0.0, Max: 0, Diff: 0, Sum: 0, Workers: 8
[11.697s][debug][gc,phases      ] GC(49)     Log Buffers (ms):         Min:  0.0, Avg:  0.0, Max:  0.0, Diff:  0.0, Sum:  0.0, Workers: 8
[11.697s][debug][gc,phases      ] GC(49)       Dirty Cards:              Min: 0, Avg:  0.1, Max: 1, Diff: 1, Sum: 1, Workers: 8
[11.697s][debug][gc,phases      ] GC(49)       Skipped Cards:            Min: 0, Avg:  0.0, Max: 0, Diff: 0, Sum: 0, Workers: 8
[11.697s][info ][gc,phases      ] GC(49)   Evacuate Collection Set: 0.2ms
[11.697s][debug][gc,phases      ] GC(49)     Ext Root Scanning (ms):   Min:  0.0, Avg:  0.0, Max:  0.0, Diff:  0.0, Sum:  0.2, Workers: 8
[11.697s][debug][gc,phases      ] GC(49)     Scan Heap Roots (ms):     Min:  0.0, Avg:  0.0, Max:  0.0, Diff:  0.0, Sum:  0.0, Workers: 8
[11.697s][debug][gc,phases      ] GC(49)       Scanned Cards:            Min: 0, Avg:  0.1, Max: 1, Diff: 1, Sum: 1, Workers: 8
[11.697s][debug][gc,phases      ] GC(49)       Scanned Blocks:           Min: 0, Avg:  0.1, Max: 1, Diff: 1, Sum: 1, Workers: 8
[11.697s][debug][gc,phases      ] GC(49)       Claimed Chunks:           Min: 0, Avg:  0.1, Max: 1, Diff: 1, Sum: 1, Workers: 8
[11.697s][debug][gc,phases      ] GC(49)     Code Root Scan (ms):      Min:  0.0, Avg:  0.0, Max:  0.0, Diff:  0.0, Sum:  0.0, Workers: 8
[11.697s][debug][gc,phases      ] GC(49)     Object Copy (ms):         Min:  0.0, Avg:  0.0, Max:  0.0, Diff:  0.0, Sum:  0.0, Workers: 8
[11.697s][debug][gc,phases      ] GC(49)     Termination (ms):         Min:  0.1, Avg:  0.1, Max:  0.1, Diff:  0.0, Sum:  0.5, Workers: 8
[11.697s][debug][gc,phases      ] GC(49)       Termination Attempts:     Min: 1, Avg:  1.0, Max: 1, Diff: 0, Sum: 8, Workers: 8
[11.697s][debug][gc,phases      ] GC(49)     GC Worker Other (ms):     Min:  0.0, Avg:  0.0, Max:  0.0, Diff:  0.0, Sum:  0.1, Workers: 8
[11.697s][debug][gc,phases      ] GC(49)     GC Worker Total (ms):     Min:  0.1, Avg:  0.1, Max:  0.1, Diff:  0.0, Sum:  0.9, Workers: 8
[11.697s][info ][gc,phases      ] GC(49)   Post Evacuate Collection Set: 0.3ms
[11.697s][debug][gc,phases      ] GC(49)     Code Roots Fixup: 0.0ms
[11.697s][debug][gc,phases      ] GC(49)     Clear Card Table: 0.1ms
[11.697s][debug][gc,phases      ] GC(49)     Reference Processing: 0.0ms
[11.697s][debug][gc,phases,ref  ] GC(49)       Reconsider SoftReferences: 0.0ms
[11.697s][debug][gc,phases,ref  ] GC(49)         SoftRef (ms):             skipped
[11.697s][debug][gc,phases,ref  ] GC(49)       Notify Soft/WeakReferences: 0.0ms
[11.697s][debug][gc,phases,ref  ] GC(49)         SoftRef (ms):             skipped
[11.697s][debug][gc,phases,ref  ] GC(49)         WeakRef (ms):             skipped
[11.697s][debug][gc,phases,ref  ] GC(49)         FinalRef (ms):            skipped
[11.697s][debug][gc,phases,ref  ] GC(49)         Total (ms):               skipped
[11.697s][debug][gc,phases,ref  ] GC(49)       Notify and keep alive finalizable: 0.0ms
[11.697s][debug][gc,phases,ref  ] GC(49)         FinalRef (ms):            skipped
[11.697s][debug][gc,phases,ref  ] GC(49)       Notify PhantomReferences: 0.0ms
[11.697s][debug][gc,phases,ref  ] GC(49)         PhantomRef (ms):          skipped
[11.697s][debug][gc,phases,ref  ] GC(49)       SoftReference:
[11.697s][debug][gc,phases,ref  ] GC(49)         Discovered: 0
[11.697s][debug][gc,phases,ref  ] GC(49)         Cleared: 0
[11.697s][debug][gc,phases,ref  ] GC(49)       WeakReference:
[11.697s][debug][gc,phases,ref  ] GC(49)         Discovered: 0
[11.697s][debug][gc,phases,ref  ] GC(49)         Cleared: 0
[11.697s][debug][gc,phases,ref  ] GC(49)       FinalReference:
[11.697s][debug][gc,phases,ref  ] GC(49)         Discovered: 0
[11.697s][debug][gc,phases,ref  ] GC(49)         Cleared: 0
[11.697s][debug][gc,phases,ref  ] GC(49)       PhantomReference:
[11.697s][debug][gc,phases,ref  ] GC(49)         Discovered: 0
[11.697s][debug][gc,phases,ref  ] GC(49)         Cleared: 0
[11.697s][debug][gc,phases      ] GC(49)     Weak Processing: 0.1ms
[11.697s][debug][gc,phases      ] GC(49)       JVMTI weak processing: 0.0ms
[11.697s][debug][gc,phases      ] GC(49)         Dead: 0
[11.697s][debug][gc,phases      ] GC(49)         Total: 0
[11.697s][debug][gc,phases      ] GC(49)       JFR weak processing: 0.0ms
[11.697s][debug][gc,phases      ] GC(49)         Dead: 0
[11.697s][debug][gc,phases      ] GC(49)         Total: 0
[11.697s][debug][gc,phases      ] GC(49)       JNI weak                  Min:  0.0, Avg:  0.0, Max:  0.0, Diff:  0.0, Sum:  0.0, Workers: 5
[11.697s][debug][gc,phases      ] GC(49)         Dead                      Min: 0, Avg:  0.0, Max: 0, Diff: 0, Sum: 0, Workers: 5
[11.697s][debug][gc,phases      ] GC(49)         Total                     Min: 0, Avg: 13.4, Max: 52, Diff: 52, Sum: 67, Workers: 5
[11.697s][debug][gc,phases      ] GC(49)       VM weak                   Min:  0.0, Avg:  0.0, Max:  0.0, Diff:  0.0, Sum:  0.0, Workers: 5
[11.697s][debug][gc,phases      ] GC(49)         Dead                      Min: 0, Avg:  0.0, Max: 0, Diff: 0, Sum: 0, Workers: 5
[11.697s][debug][gc,phases      ] GC(49)         Total                     Min: 0, Avg: 47.6, Max: 128, Diff: 128, Sum: 238, Workers: 5
[11.697s][debug][gc,phases      ] GC(49)       StringTable weak          Min:  0.0, Avg:  0.0, Max:  0.0, Diff:  0.0, Sum:  0.1, Workers: 5
[11.697s][debug][gc,phases      ] GC(49)         Dead                      Min: 0, Avg:  0.0, Max: 0, Diff: 0, Sum: 0, Workers: 5
[11.697s][debug][gc,phases      ] GC(49)         Total                     Min: 0, Avg: 728.6, Max: 1851, Diff: 1851, Sum: 3643, Workers: 5
[11.697s][debug][gc,phases      ] GC(49)       ResolvedMethodTable weak  Min:  0.0, Avg:  0.0, Max:  0.0, Diff:  0.0, Sum:  0.0, Workers: 5
[11.697s][debug][gc,phases      ] GC(49)         Dead                      Min: 0, Avg:  0.0, Max: 0, Diff: 0, Sum: 0, Workers: 5
[11.697s][debug][gc,phases      ] GC(49)         Total                     Min: 0, Avg: 123.4, Max: 320, Diff: 320, Sum: 617, Workers: 5
[11.697s][debug][gc,phases      ] GC(49)     Merge Per-Thread State: 0.0ms
[11.697s][debug][gc,phases      ] GC(49)       Copied Bytes              Min: 0, Avg: 32.0, Max: 104, Diff: 104, Sum: 256, Workers: 8
[11.697s][debug][gc,phases      ] GC(49)       LAB Waste                 Min: 0, Avg:  0.0, Max: 0, Diff: 0, Sum: 0, Workers: 8
[11.697s][debug][gc,phases      ] GC(49)       LAB Undo Waste            Min: 0, Avg:  0.0, Max: 0, Diff: 0, Sum: 0, Workers: 8
[11.697s][debug][gc,phases      ] GC(49)     Code Roots Purge: 0.0ms
[11.697s][debug][gc,phases      ] GC(49)     Redirty Cards: 0.0ms
[11.697s][debug][gc,phases      ] GC(49)     DerivedPointerTable Update: 0.0ms
[11.697s][debug][gc,phases      ] GC(49)     Free Collection Set: 0.1ms
[11.697s][debug][gc,phases      ] GC(49)     Rebuild Free List: 0.0ms
[11.697s][debug][gc,phases      ] GC(49)     Humongous Reclaim: 0.0ms
[11.697s][debug][gc,phases      ] GC(49)     Start New Collection Set: 0.0ms
[11.697s][debug][gc,phases      ] GC(49)     Resize TLABs: 0.0ms
[11.697s][debug][gc,phases      ] GC(49)     Expand Heap After Collection: 0.0ms
[11.697s][info ][gc,phases      ] GC(49)   Other: 0.3ms
[11.697s][info ][gc,heap        ] GC(49) Eden regions: 177->0(177)
[11.697s][info ][gc,heap        ] GC(49) Survivor regions: 1->1(23)
[11.697s][info ][gc,heap        ] GC(49) Old regions: 7->7
[11.697s][info ][gc,heap        ] GC(49) Archive regions: 2->2
[11.697s][info ][gc,heap        ] GC(49) Humongous regions: 0->0
[11.697s][info ][gc,metaspace   ] GC(49) Metaspace: 10703K(11136K)->10703K(11136K) NonClass: 9440K(9728K)->9440K(9728K) Class: 1263K(1408K)->1263K(1408K)
[11.697s][debug][gc,heap        ] GC(49) Heap after GC invocations=50 (full 1): garbage-first heap   total 305152K, used 4436K [0x0000000700000000, 0x0000000800000000)
[11.697s][debug][gc,heap        ] GC(49)   region size 1024K, 1 young (1024K), 1 survivors (1024K)
[11.697s][debug][gc,heap        ] GC(49)  Metaspace       used 10703K, capacity 10992K, committed 11136K, reserved 1058816K
[11.697s][debug][gc,heap        ] GC(49)   class space    used 1263K, capacity 1389K, committed 1408K, reserved 1048576K
[11.697s][info ][gc             ] GC(49) Pause Young (Normal) (G1 Evacuation Pause) 181M->4M(298M) 1.394ms
[11.697s][info ][gc,cpu         ] GC(49) User=0.00s Sys=0.00s Real=0.00s
[11.697s][info ][safepoint      ] Safepoint "G1CollectForAllocation", Time since last: 155694090 ns, Reaching safepoint: 124536 ns, At safepoint: 1599196 ns, Total: 1723732 ns
[11.863s][debug][gc,heap        ] GC(50) Heap before GC invocations=50 (full 1): garbage-first heap   total 305152K, used 185684K [0x0000000700000000, 0x0000000800000000)
[11.863s][debug][gc,heap        ] GC(50)   region size 1024K, 178 young (182272K), 1 survivors (1024K)
[11.863s][debug][gc,heap        ] GC(50)  Metaspace       used 10703K, capacity 10992K, committed 11136K, reserved 1058816K
[11.863s][debug][gc,heap        ] GC(50)   class space    used 1263K, capacity 1389K, committed 1408K, reserved 1048576K
[11.863s][info ][gc,start       ] GC(50) Pause Young (Normal) (G1 Evacuation Pause)
[11.863s][info ][gc,task        ] GC(50) Using 8 workers of 8 for evacuation
[11.863s][debug][gc,tlab        ] GC(50) TLAB totals: thrds: 8  refills: 710 max: 92 slow allocs: 0 max 0 waste:  1.2% gc: 1824072B max: 431480B slow: 410448B max: 53184B fast: 0B max: 0B
[11.863s][debug][gc,age         ] GC(50) Desired survivor size 12058624 bytes, new threshold 15 (max threshold 15)
[11.863s][debug][gc,alloc,region] GC(50) Mutator Allocation stats, regions: 177, wasted size: 0B ( 0.0%)
[11.863s][debug][gc,ergo        ] GC(50) Running G1 Merge Heap Roots using 8 workers for 178 regions
[11.863s][debug][gc,remset      ] GC(50) Visited cards 256 Total dirty 2048 (12.50%) Total old 747520 (0.03%)
[11.864s][debug][gc,ergo        ] GC(50) Running G1 Clear Card Table Task using 1 workers for 1 units of work for 179 regions.
[11.864s][debug][gc,ref         ] GC(50) Skipped phase1 of Reference Processing due to unavailable references
[11.864s][debug][gc,ref         ] GC(50) Skipped phase2 of Reference Processing due to unavailable references
[11.864s][debug][gc,ref         ] GC(50) Skipped phase3 of Reference Processing due to unavailable references
[11.864s][debug][gc,ref         ] GC(50) Skipped phase4 of Reference Processing due to unavailable references
[11.864s][debug][gc,ergo        ] GC(50) Running G1 Free Collection Set using 8 workers for collection set length 178 (298)
[11.864s][debug][gc,ergo        ] GC(50) Running G1 Rebuild Free List Task using 8 workers for rebuilding free list of 0 (4096) regions
[11.864s][trace][gc,age         ] GC(50) Age table with threshold 15 (max threshold 15)
[11.864s][trace][gc,age         ] GC(50) - age   1:        416 bytes,        416 total
[11.864s][debug][gc,plab        ] GC(50) Young PLAB allocation: allocated: 8256B, wasted: 0B, unused: 7840B, used: 416B, undo waste: 0B, 
[11.864s][debug][gc,plab        ] GC(50) Young other allocation: region end waste: 0B, regions filled: 1, direct allocated: 0B, failure used: 0B, failure wasted: 0B
[11.864s][debug][gc,plab        ] GC(50) Young sizing: calculated: 80B, actual: 2064B
[11.864s][debug][gc,plab        ] GC(50) Old PLAB allocation: allocated: 0B, wasted: 0B, unused: 0B, used: 0B, undo waste: 0B, 
[11.864s][debug][gc,plab        ] GC(50) Old other allocation: region end waste: 0B, regions filled: 1, direct allocated: 0B, failure used: 0B, failure wasted: 0B
[11.864s][debug][gc,plab        ] GC(50) Old sizing: calculated: 0B, actual: 2064B
[11.864s][debug][gc,ihop        ] GC(50) Basic information (value update), threshold: 140614041B (45.00), target occupancy: 312475648B, current occupancy: 4543024B, recent allocation size: 0B, recent allocation duration: 166.35ms, recent old gen allocation rate: 0.00B/s, recent marking phase length: 0.00ms
[11.864s][debug][gc,ihop        ] GC(50) Adaptive IHOP information (value update), threshold: 140614041B (47.37), internal target occupancy: 296851865B, occupancy: 4543024B, additional buffer size: 186646528B, predicted old gen allocation rate: 46880.37B/s, predicted marking phase length: 0.00ms, prediction active: false
[11.864s][debug][gc,ergo,refine ] GC(50) Concurrent refinement times: Logged Cards Scan time goal: 20.00ms Logged Cards Scan time: 0.00ms HCC time: 0.00ms
[11.864s][debug][gc,ergo,refine ] GC(50) Updated Refinement Zones: green: 2048, yellow: 6144, red: 10240
[11.864s][info ][gc,phases      ] GC(50)   Pre Evacuate Collection Set: 0.1ms
[11.864s][debug][gc,phases      ] GC(50)     Prepare TLABs: 0.0ms
[11.864s][debug][gc,phases      ] GC(50)     Choose Collection Set: 0.0ms
[11.864s][debug][gc,phases      ] GC(50)     Region Register: 0.1ms
[11.864s][debug][gc,phases      ] GC(50)     Prepare Heap Roots: 0.0ms
[11.864s][info ][gc,phases      ] GC(50)   Merge Heap Roots: 0.1ms
[11.864s][debug][gc,phases      ] GC(50)     Prepare Merge Heap Roots: 0.0ms
[11.864s][debug][gc,phases      ] GC(50)     Eager Reclaim (ms):       skipped
[11.864s][debug][gc,phases      ] GC(50)     Remembered Sets (ms):     Min:  0.0, Avg:  0.0, Max:  0.0, Diff:  0.0, Sum:  0.2, Workers: 8
[11.864s][debug][gc,phases      ] GC(50)       Merged Sparse:            Min: 0, Avg:  0.0, Max: 0, Diff: 0, Sum: 0, Workers: 8
[11.864s][debug][gc,phases      ] GC(50)       Merged Fine:              Min: 0, Avg:  0.0, Max: 0, Diff: 0, Sum: 0, Workers: 8
[11.864s][debug][gc,phases      ] GC(50)       Merged Coarse:            Min: 0, Avg:  0.0, Max: 0, Diff: 0, Sum: 0, Workers: 8
[11.864s][debug][gc,phases      ] GC(50)       Dirty Cards:              Min: 0, Avg:  0.0, Max: 0, Diff: 0, Sum: 0, Workers: 8
[11.864s][debug][gc,phases      ] GC(50)     Hot Card Cache (ms):      Min:  0.0, Avg:  0.0, Max:  0.0, Diff:  0.0, Sum:  0.0, Workers: 8
[11.864s][debug][gc,phases      ] GC(50)       Dirty Cards:              Min: 0, Avg:  0.0, Max: 0, Diff: 0, Sum: 0, Workers: 8
[11.864s][debug][gc,phases      ] GC(50)       Skipped Cards:            Min: 0, Avg:  0.0, Max: 0, Diff: 0, Sum: 0, Workers: 8
[11.864s][debug][gc,phases      ] GC(50)     Log Buffers (ms):         Min:  0.0, Avg:  0.0, Max:  0.0, Diff:  0.0, Sum:  0.0, Workers: 8
[11.864s][debug][gc,phases      ] GC(50)       Dirty Cards:              Min: 0, Avg:  0.1, Max: 1, Diff: 1, Sum: 1, Workers: 8
[11.864s][debug][gc,phases      ] GC(50)       Skipped Cards:            Min: 0, Avg:  0.0, Max: 0, Diff: 0, Sum: 0, Workers: 8
[11.864s][info ][gc,phases      ] GC(50)   Evacuate Collection Set: 0.2ms
[11.864s][debug][gc,phases      ] GC(50)     Ext Root Scanning (ms):   Min:  0.0, Avg:  0.0, Max:  0.1, Diff:  0.1, Sum:  0.3, Workers: 8
[11.864s][debug][gc,phases      ] GC(50)     Scan Heap Roots (ms):     Min:  0.0, Avg:  0.0, Max:  0.0, Diff:  0.0, Sum:  0.0, Workers: 8
[11.864s][debug][gc,phases      ] GC(50)       Scanned Cards:            Min: 0, Avg:  0.1, Max: 1, Diff: 1, Sum: 1, Workers: 8
[11.864s][debug][gc,phases      ] GC(50)       Scanned Blocks:           Min: 0, Avg:  0.1, Max: 1, Diff: 1, Sum: 1, Workers: 8
[11.864s][debug][gc,phases      ] GC(50)       Claimed Chunks:           Min: 0, Avg:  0.1, Max: 1, Diff: 1, Sum: 1, Workers: 8
[11.864s][debug][gc,phases      ] GC(50)     Code Root Scan (ms):      Min:  0.0, Avg:  0.0, Max:  0.0, Diff:  0.0, Sum:  0.0, Workers: 8
[11.864s][debug][gc,phases      ] GC(50)     Object Copy (ms):         Min:  0.0, Avg:  0.0, Max:  0.0, Diff:  0.0, Sum:  0.0, Workers: 8
[11.864s][debug][gc,phases      ] GC(50)     Termination (ms):         Min:  0.0, Avg:  0.1, Max:  0.1, Diff:  0.0, Sum:  0.4, Workers: 8
[11.864s][debug][gc,phases      ] GC(50)       Termination Attempts:     Min: 1, Avg:  1.0, Max: 1, Diff: 0, Sum: 8, Workers: 8
[11.864s][debug][gc,phases      ] GC(50)     GC Worker Other (ms):     Min:  0.0, Avg:  0.0, Max:  0.0, Diff:  0.0, Sum:  0.2, Workers: 8
[11.864s][debug][gc,phases      ] GC(50)     GC Worker Total (ms):     Min:  0.1, Avg:  0.1, Max:  0.2, Diff:  0.0, Sum:  1.0, Workers: 8
[11.864s][info ][gc,phases      ] GC(50)   Post Evacuate Collection Set: 0.4ms
[11.864s][debug][gc,phases      ] GC(50)     Code Roots Fixup: 0.0ms
[11.864s][debug][gc,phases      ] GC(50)     Clear Card Table: 0.1ms
[11.864s][debug][gc,phases      ] GC(50)     Reference Processing: 0.0ms
[11.864s][debug][gc,phases,ref  ] GC(50)       Reconsider SoftReferences: 0.0ms
[11.864s][debug][gc,phases,ref  ] GC(50)         SoftRef (ms):             skipped
[11.864s][debug][gc,phases,ref  ] GC(50)       Notify Soft/WeakReferences: 0.0ms
[11.864s][debug][gc,phases,ref  ] GC(50)         SoftRef (ms):             skipped
[11.864s][debug][gc,phases,ref  ] GC(50)         WeakRef (ms):             skipped
[11.864s][debug][gc,phases,ref  ] GC(50)         FinalRef (ms):            skipped
[11.864s][debug][gc,phases,ref  ] GC(50)         Total (ms):               skipped
[11.864s][debug][gc,phases,ref  ] GC(50)       Notify and keep alive finalizable: 0.0ms
[11.864s][debug][gc,phases,ref  ] GC(50)         FinalRef (ms):            skipped
[11.864s][debug][gc,phases,ref  ] GC(50)       Notify PhantomReferences: 0.0ms
[11.864s][debug][gc,phases,ref  ] GC(50)         PhantomRef (ms):          skipped
[11.864s][debug][gc,phases,ref  ] GC(50)       SoftReference:
[11.864s][debug][gc,phases,ref  ] GC(50)         Discovered: 0
[11.864s][debug][gc,phases,ref  ] GC(50)         Cleared: 0
[11.864s][debug][gc,phases,ref  ] GC(50)       WeakReference:
[11.864s][debug][gc,phases,ref  ] GC(50)         Discovered: 0
[11.864s][debug][gc,phases,ref  ] GC(50)         Cleared: 0
[11.864s][debug][gc,phases,ref  ] GC(50)       FinalReference:
[11.864s][debug][gc,phases,ref  ] GC(50)         Discovered: 0
[11.864s][debug][gc,phases,ref  ] GC(50)         Cleared: 0
[11.865s][debug][gc,phases,ref  ] GC(50)       PhantomReference:
[11.865s][debug][gc,phases,ref  ] GC(50)         Discovered: 0
[11.865s][debug][gc,phases,ref  ] GC(50)         Cleared: 0
[11.865s][debug][gc,phases      ] GC(50)     Weak Processing: 0.1ms
[11.865s][debug][gc,phases      ] GC(50)       JVMTI weak processing: 0.0ms
[11.865s][debug][gc,phases      ] GC(50)         Dead: 0
[11.865s][debug][gc,phases      ] GC(50)         Total: 0
[11.865s][debug][gc,phases      ] GC(50)       JFR weak processing: 0.0ms
[11.865s][debug][gc,phases      ] GC(50)         Dead: 0
[11.865s][debug][gc,phases      ] GC(50)         Total: 0
[11.865s][debug][gc,phases      ] GC(50)       JNI weak                  Min:  0.0, Avg:  0.0, Max:  0.0, Diff:  0.0, Sum:  0.0, Workers: 5
[11.865s][debug][gc,phases      ] GC(50)         Dead                      Min: 0, Avg:  0.0, Max: 0, Diff: 0, Sum: 0, Workers: 5
[11.865s][debug][gc,phases      ] GC(50)         Total                     Min: 0, Avg: 13.4, Max: 52, Diff: 52, Sum: 67, Workers: 5
[11.865s][debug][gc,phases      ] GC(50)       VM weak                   Min:  0.0, Avg:  0.0, Max:  0.0, Diff:  0.0, Sum:  0.0, Workers: 5
[11.865s][debug][gc,phases      ] GC(50)         Dead                      Min: 0, Avg:  0.0, Max: 0, Diff: 0, Sum: 0, Workers: 5
[11.865s][debug][gc,phases      ] GC(50)         Total                     Min: 0, Avg: 47.6, Max: 128, Diff: 128, Sum: 238, Workers: 5
[11.865s][debug][gc,phases      ] GC(50)       StringTable weak          Min:  0.0, Avg:  0.0, Max:  0.0, Diff:  0.0, Sum:  0.1, Workers: 5
[11.865s][debug][gc,phases      ] GC(50)         Dead                      Min: 0, Avg:  0.0, Max: 0, Diff: 0, Sum: 0, Workers: 5
[11.865s][debug][gc,phases      ] GC(50)         Total                     Min: 0, Avg: 728.6, Max: 1149, Diff: 1149, Sum: 3643, Workers: 5
[11.865s][debug][gc,phases      ] GC(50)       ResolvedMethodTable weak  Min:  0.0, Avg:  0.0, Max:  0.0, Diff:  0.0, Sum:  0.1, Workers: 5
[11.865s][debug][gc,phases      ] GC(50)         Dead                      Min: 0, Avg:  0.0, Max: 0, Diff: 0, Sum: 0, Workers: 5
[11.865s][debug][gc,phases      ] GC(50)         Total                     Min: 0, Avg: 123.4, Max: 192, Diff: 192, Sum: 617, Workers: 5
[11.865s][debug][gc,phases      ] GC(50)     Merge Per-Thread State: 0.0ms
[11.865s][debug][gc,phases      ] GC(50)       Copied Bytes              Min: 0, Avg: 52.0, Max: 128, Diff: 128, Sum: 416, Workers: 8
[11.865s][debug][gc,phases      ] GC(50)       LAB Waste                 Min: 0, Avg:  0.0, Max: 0, Diff: 0, Sum: 0, Workers: 8
[11.865s][debug][gc,phases      ] GC(50)       LAB Undo Waste            Min: 0, Avg:  0.0, Max: 0, Diff: 0, Sum: 0, Workers: 8
[11.865s][debug][gc,phases      ] GC(50)     Code Roots Purge: 0.0ms
[11.865s][debug][gc,phases      ] GC(50)     Redirty Cards: 0.0ms
[11.865s][debug][gc,phases      ] GC(50)     DerivedPointerTable Update: 0.0ms
[11.865s][debug][gc,phases      ] GC(50)     Free Collection Set: 0.1ms
[11.865s][debug][gc,phases      ] GC(50)     Rebuild Free List: 0.1ms
[11.865s][debug][gc,phases      ] GC(50)     Humongous Reclaim: 0.0ms
[11.865s][debug][gc,phases      ] GC(50)     Start New Collection Set: 0.0ms
[11.865s][debug][gc,phases      ] GC(50)     Resize TLABs: 0.0ms
[11.865s][debug][gc,phases      ] GC(50)     Expand Heap After Collection: 0.0ms
[11.865s][info ][gc,phases      ] GC(50)   Other: 0.3ms
[11.865s][info ][gc,heap        ] GC(50) Eden regions: 177->0(177)
[11.865s][info ][gc,heap        ] GC(50) Survivor regions: 1->1(23)
[11.865s][info ][gc,heap        ] GC(50) Old regions: 7->7
[11.865s][info ][gc,heap        ] GC(50) Archive regions: 2->2
[11.865s][info ][gc,heap        ] GC(50) Humongous regions: 0->0
[11.865s][info ][gc,metaspace   ] GC(50) Metaspace: 10703K(11136K)->10703K(11136K) NonClass: 9440K(9728K)->9440K(9728K) Class: 1263K(1408K)->1263K(1408K)
[11.865s][debug][gc,heap        ] GC(50) Heap after GC invocations=51 (full 1): garbage-first heap   total 305152K, used 4436K [0x0000000700000000, 0x0000000800000000)
[11.865s][debug][gc,heap        ] GC(50)   region size 1024K, 1 young (1024K), 1 survivors (1024K)
[11.865s][debug][gc,heap        ] GC(50)  Metaspace       used 10703K, capacity 10992K, committed 11136K, reserved 1058816K
[11.865s][debug][gc,heap        ] GC(50)   class space    used 1263K, capacity 1389K, committed 1408K, reserved 1048576K
[11.865s][info ][gc             ] GC(50) Pause Young (Normal) (G1 Evacuation Pause) 181M->4M(298M) 1.852ms
[11.865s][info ][gc,cpu         ] GC(50) User=0.00s Sys=0.00s Real=0.00s
[11.865s][info ][safepoint      ] Safepoint "G1CollectForAllocation", Time since last: 165395006 ns, Reaching safepoint: 111280 ns, At safepoint: 2001768 ns, Total: 2113048 ns
[12.033s][debug][gc,heap        ] GC(51) Heap before GC invocations=51 (full 1): garbage-first heap   total 305152K, used 185684K [0x0000000700000000, 0x0000000800000000)
[12.033s][debug][gc,heap        ] GC(51)   region size 1024K, 178 young (182272K), 1 survivors (1024K)
[12.033s][debug][gc,heap        ] GC(51)  Metaspace       used 10703K, capacity 10992K, committed 11136K, reserved 1058816K
[12.033s][debug][gc,heap        ] GC(51)   class space    used 1263K, capacity 1389K, committed 1408K, reserved 1048576K
[12.033s][info ][gc,start       ] GC(51) Pause Young (Normal) (G1 Evacuation Pause)
[12.033s][info ][gc,task        ] GC(51) Using 8 workers of 8 for evacuation
[12.033s][debug][gc,tlab        ] GC(51) TLAB totals: thrds: 8  refills: 711 max: 96 slow allocs: 0 max 0 waste:  0.8% gc: 1162032B max: 359144B slow: 411776B max: 55744B fast: 0B max: 0B
[12.033s][debug][gc,age         ] GC(51) Desired survivor size 12058624 bytes, new threshold 15 (max threshold 15)
[12.033s][debug][gc,alloc,region] GC(51) Mutator Allocation stats, regions: 177, wasted size: 0B ( 0.0%)
[12.033s][debug][gc,ergo        ] GC(51) Running G1 Merge Heap Roots using 8 workers for 178 regions
[12.033s][debug][gc,remset      ] GC(51) Visited cards 256 Total dirty 2048 (12.50%) Total old 747520 (0.03%)
[12.033s][debug][gc,ergo        ] GC(51) Running G1 Clear Card Table Task using 1 workers for 1 units of work for 179 regions.
[12.033s][debug][gc,ref         ] GC(51) Skipped phase1 of Reference Processing due to unavailable references
[12.033s][debug][gc,ref         ] GC(51) Skipped phase2 of Reference Processing due to unavailable references
[12.033s][debug][gc,ref         ] GC(51) Skipped phase3 of Reference Processing due to unavailable references
[12.033s][debug][gc,ref         ] GC(51) Skipped phase4 of Reference Processing due to unavailable references
[12.033s][debug][gc,ergo        ] GC(51) Running G1 Free Collection Set using 8 workers for collection set length 178 (298)
[12.033s][debug][gc,ergo        ] GC(51) Running G1 Rebuild Free List Task using 8 workers for rebuilding free list of 0 (4096) regions
[12.034s][trace][gc,age         ] GC(51) Age table with threshold 15 (max threshold 15)
[12.034s][trace][gc,age         ] GC(51) - age   1:        360 bytes,        360 total
[12.034s][debug][gc,plab        ] GC(51) Young PLAB allocation: allocated: 8256B, wasted: 0B, unused: 7896B, used: 360B, undo waste: 0B, 
[12.034s][debug][gc,plab        ] GC(51) Young other allocation: region end waste: 0B, regions filled: 1, direct allocated: 0B, failure used: 0B, failure wasted: 0B
[12.034s][debug][gc,plab        ] GC(51) Young sizing: calculated: 72B, actual: 2064B
[12.034s][debug][gc,plab        ] GC(51) Old PLAB allocation: allocated: 0B, wasted: 0B, unused: 0B, used: 0B, undo waste: 0B, 
[12.034s][debug][gc,plab        ] GC(51) Old other allocation: region end waste: 0B, regions filled: 1, direct allocated: 0B, failure used: 0B, failure wasted: 0B
[12.034s][debug][gc,plab        ] GC(51) Old sizing: calculated: 0B, actual: 2064B
[12.034s][debug][gc,ihop        ] GC(51) Basic information (value update), threshold: 140614041B (45.00), target occupancy: 312475648B, current occupancy: 4543024B, recent allocation size: 0B, recent allocation duration: 168.63ms, recent old gen allocation rate: 0.00B/s, recent marking phase length: 0.00ms
[12.034s][debug][gc,ihop        ] GC(51) Adaptive IHOP information (value update), threshold: 140614041B (47.37), internal target occupancy: 296851865B, occupancy: 4543024B, additional buffer size: 186646528B, predicted old gen allocation rate: 45343.98B/s, predicted marking phase length: 0.00ms, prediction active: false
[12.034s][debug][gc,ergo,refine ] GC(51) Concurrent refinement times: Logged Cards Scan time goal: 20.00ms Logged Cards Scan time: 0.00ms HCC time: 0.00ms
[12.034s][debug][gc,ergo,refine ] GC(51) Updated Refinement Zones: green: 2048, yellow: 6144, red: 10240
[12.034s][info ][gc,phases      ] GC(51)   Pre Evacuate Collection Set: 0.1ms
[12.034s][debug][gc,phases      ] GC(51)     Prepare TLABs: 0.0ms
[12.034s][debug][gc,phases      ] GC(51)     Choose Collection Set: 0.0ms
[12.034s][debug][gc,phases      ] GC(51)     Region Register: 0.1ms
[12.034s][debug][gc,phases      ] GC(51)     Prepare Heap Roots: 0.0ms
[12.034s][info ][gc,phases      ] GC(51)   Merge Heap Roots: 0.2ms
[12.034s][debug][gc,phases      ] GC(51)     Prepare Merge Heap Roots: 0.0ms
[12.034s][debug][gc,phases      ] GC(51)     Eager Reclaim (ms):       skipped
[12.034s][debug][gc,phases      ] GC(51)     Remembered Sets (ms):     Min:  0.0, Avg:  0.0, Max:  0.0, Diff:  0.0, Sum:  0.1, Workers: 8
[12.034s][debug][gc,phases      ] GC(51)       Merged Sparse:            Min: 0, Avg:  0.0, Max: 0, Diff: 0, Sum: 0, Workers: 8
[12.034s][debug][gc,phases      ] GC(51)       Merged Fine:              Min: 0, Avg:  0.0, Max: 0, Diff: 0, Sum: 0, Workers: 8
[12.034s][debug][gc,phases      ] GC(51)       Merged Coarse:            Min: 0, Avg:  0.0, Max: 0, Diff: 0, Sum: 0, Workers: 8
[12.034s][debug][gc,phases      ] GC(51)       Dirty Cards:              Min: 0, Avg:  0.0, Max: 0, Diff: 0, Sum: 0, Workers: 8
[12.034s][debug][gc,phases      ] GC(51)     Hot Card Cache (ms):      Min:  0.0, Avg:  0.0, Max:  0.0, Diff:  0.0, Sum:  0.0, Workers: 8
[12.034s][debug][gc,phases      ] GC(51)       Dirty Cards:              Min: 0, Avg:  0.0, Max: 0, Diff: 0, Sum: 0, Workers: 8
[12.034s][debug][gc,phases      ] GC(51)       Skipped Cards:            Min: 0, Avg:  0.0, Max: 0, Diff: 0, Sum: 0, Workers: 8
[12.034s][debug][gc,phases      ] GC(51)     Log Buffers (ms):         Min:  0.0, Avg:  0.0, Max:  0.0, Diff:  0.0, Sum:  0.0, Workers: 8
[12.034s][debug][gc,phases      ] GC(51)       Dirty Cards:              Min: 0, Avg:  0.1, Max: 1, Diff: 1, Sum: 1, Workers: 8
[12.034s][debug][gc,phases      ] GC(51)       Skipped Cards:            Min: 0, Avg:  0.0, Max: 0, Diff: 0, Sum: 0, Workers: 8
[12.034s][info ][gc,phases      ] GC(51)   Evacuate Collection Set: 0.2ms
[12.034s][debug][gc,phases      ] GC(51)     Ext Root Scanning (ms):   Min:  0.0, Avg:  0.0, Max:  0.1, Diff:  0.1, Sum:  0.3, Workers: 8
[12.034s][debug][gc,phases      ] GC(51)     Scan Heap Roots (ms):     Min:  0.0, Avg:  0.0, Max:  0.0, Diff:  0.0, Sum:  0.0, Workers: 8
[12.034s][debug][gc,phases      ] GC(51)       Scanned Cards:            Min: 0, Avg:  0.1, Max: 1, Diff: 1, Sum: 1, Workers: 8
[12.034s][debug][gc,phases      ] GC(51)       Scanned Blocks:           Min: 0, Avg:  0.1, Max: 1, Diff: 1, Sum: 1, Workers: 8
[12.034s][debug][gc,phases      ] GC(51)       Claimed Chunks:           Min: 0, Avg:  0.1, Max: 1, Diff: 1, Sum: 1, Workers: 8
[12.034s][debug][gc,phases      ] GC(51)     Code Root Scan (ms):      Min:  0.0, Avg:  0.0, Max:  0.0, Diff:  0.0, Sum:  0.0, Workers: 8
[12.034s][debug][gc,phases      ] GC(51)     Object Copy (ms):         Min:  0.0, Avg:  0.0, Max:  0.0, Diff:  0.0, Sum:  0.0, Workers: 8
[12.034s][debug][gc,phases      ] GC(51)     Termination (ms):         Min:  0.1, Avg:  0.1, Max:  0.1, Diff:  0.0, Sum:  0.7, Workers: 8
[12.034s][debug][gc,phases      ] GC(51)       Termination Attempts:     Min: 1, Avg:  1.0, Max: 1, Diff: 0, Sum: 8, Workers: 8
[12.034s][debug][gc,phases      ] GC(51)     GC Worker Other (ms):     Min:  0.0, Avg:  0.0, Max:  0.0, Diff:  0.0, Sum:  0.2, Workers: 8
[12.034s][debug][gc,phases      ] GC(51)     GC Worker Total (ms):     Min:  0.1, Avg:  0.2, Max:  0.2, Diff:  0.1, Sum:  1.3, Workers: 8
[12.034s][info ][gc,phases      ] GC(51)   Post Evacuate Collection Set: 0.4ms
[12.034s][debug][gc,phases      ] GC(51)     Code Roots Fixup: 0.0ms
[12.034s][debug][gc,phases      ] GC(51)     Clear Card Table: 0.1ms
[12.034s][debug][gc,phases      ] GC(51)     Reference Processing: 0.0ms
[12.034s][debug][gc,phases,ref  ] GC(51)       Reconsider SoftReferences: 0.0ms
[12.034s][debug][gc,phases,ref  ] GC(51)         SoftRef (ms):             skipped
[12.034s][debug][gc,phases,ref  ] GC(51)       Notify Soft/WeakReferences: 0.0ms
[12.034s][debug][gc,phases,ref  ] GC(51)         SoftRef (ms):             skipped
[12.034s][debug][gc,phases,ref  ] GC(51)         WeakRef (ms):             skipped
[12.034s][debug][gc,phases,ref  ] GC(51)         FinalRef (ms):            skipped
[12.034s][debug][gc,phases,ref  ] GC(51)         Total (ms):               skipped
[12.034s][debug][gc,phases,ref  ] GC(51)       Notify and keep alive finalizable: 0.0ms
[12.034s][debug][gc,phases,ref  ] GC(51)         FinalRef (ms):            skipped
[12.034s][debug][gc,phases,ref  ] GC(51)       Notify PhantomReferences: 0.0ms
[12.034s][debug][gc,phases,ref  ] GC(51)         PhantomRef (ms):          skipped
[12.034s][debug][gc,phases,ref  ] GC(51)       SoftReference:
[12.034s][debug][gc,phases,ref  ] GC(51)         Discovered: 0
[12.034s][debug][gc,phases,ref  ] GC(51)         Cleared: 0
[12.034s][debug][gc,phases,ref  ] GC(51)       WeakReference:
[12.034s][debug][gc,phases,ref  ] GC(51)         Discovered: 0
[12.034s][debug][gc,phases,ref  ] GC(51)         Cleared: 0
[12.034s][debug][gc,phases,ref  ] GC(51)       FinalReference:
[12.034s][debug][gc,phases,ref  ] GC(51)         Discovered: 0
[12.034s][debug][gc,phases,ref  ] GC(51)         Cleared: 0
[12.034s][debug][gc,phases,ref  ] GC(51)       PhantomReference:
[12.034s][debug][gc,phases,ref  ] GC(51)         Discovered: 0
[12.034s][debug][gc,phases,ref  ] GC(51)         Cleared: 0
[12.034s][debug][gc,phases      ] GC(51)     Weak Processing: 0.1ms
[12.034s][debug][gc,phases      ] GC(51)       JVMTI weak processing: 0.0ms
[12.034s][debug][gc,phases      ] GC(51)         Dead: 0
[12.034s][debug][gc,phases      ] GC(51)         Total: 0
[12.034s][debug][gc,phases      ] GC(51)       JFR weak processing: 0.0ms
[12.034s][debug][gc,phases      ] GC(51)         Dead: 0
[12.034s][debug][gc,phases      ] GC(51)         Total: 0
[12.034s][debug][gc,phases      ] GC(51)       JNI weak                  Min:  0.0, Avg:  0.0, Max:  0.0, Diff:  0.0, Sum:  0.1, Workers: 5
[12.034s][debug][gc,phases      ] GC(51)         Dead                      Min: 0, Avg:  0.0, Max: 0, Diff: 0, Sum: 0, Workers: 5
[12.034s][debug][gc,phases      ] GC(51)         Total                     Min: 0, Avg: 13.4, Max: 67, Diff: 67, Sum: 67, Workers: 5
[12.034s][debug][gc,phases      ] GC(51)       VM weak                   Min:  0.0, Avg:  0.0, Max:  0.0, Diff:  0.0, Sum:  0.0, Workers: 5
[12.034s][debug][gc,phases      ] GC(51)         Dead                      Min: 0, Avg:  0.0, Max: 0, Diff: 0, Sum: 0, Workers: 5
[12.034s][debug][gc,phases      ] GC(51)         Total                     Min: 0, Avg: 47.6, Max: 238, Diff: 238, Sum: 238, Workers: 5
[12.034s][debug][gc,phases      ] GC(51)       StringTable weak          Min:  0.0, Avg:  0.0, Max:  0.1, Diff:  0.1, Sum:  0.1, Workers: 5
[12.034s][debug][gc,phases      ] GC(51)         Dead                      Min: 0, Avg:  0.0, Max: 0, Diff: 0, Sum: 0, Workers: 5
[12.034s][debug][gc,phases      ] GC(51)         Total                     Min: 0, Avg: 728.6, Max: 3003, Diff: 3003, Sum: 3643, Workers: 5
[12.034s][debug][gc,phases      ] GC(51)       ResolvedMethodTable weak  Min:  0.0, Avg:  0.0, Max:  0.0, Diff:  0.0, Sum:  0.0, Workers: 5
[12.034s][debug][gc,phases      ] GC(51)         Dead                      Min: 0, Avg:  0.0, Max: 0, Diff: 0, Sum: 0, Workers: 5
[12.034s][debug][gc,phases      ] GC(51)         Total                     Min: 0, Avg: 123.4, Max: 256, Diff: 256, Sum: 617, Workers: 5
[12.034s][debug][gc,phases      ] GC(51)     Merge Per-Thread State: 0.0ms
[12.034s][debug][gc,phases      ] GC(51)       Copied Bytes              Min: 0, Avg: 45.0, Max: 104, Diff: 104, Sum: 360, Workers: 8
[12.034s][debug][gc,phases      ] GC(51)       LAB Waste                 Min: 0, Avg:  0.0, Max: 0, Diff: 0, Sum: 0, Workers: 8
[12.034s][debug][gc,phases      ] GC(51)       LAB Undo Waste            Min: 0, Avg:  0.0, Max: 0, Diff: 0, Sum: 0, Workers: 8
[12.034s][debug][gc,phases      ] GC(51)     Code Roots Purge: 0.0ms
[12.034s][debug][gc,phases      ] GC(51)     Redirty Cards: 0.0ms
[12.034s][debug][gc,phases      ] GC(51)     DerivedPointerTable Update: 0.0ms
[12.034s][debug][gc,phases      ] GC(51)     Free Collection Set: 0.1ms
[12.034s][debug][gc,phases      ] GC(51)     Rebuild Free List: 0.0ms
[12.034s][debug][gc,phases      ] GC(51)     Humongous Reclaim: 0.0ms
[12.034s][debug][gc,phases      ] GC(51)     Start New Collection Set: 0.0ms
[12.034s][debug][gc,phases      ] GC(51)     Resize TLABs: 0.0ms
[12.034s][debug][gc,phases      ] GC(51)     Expand Heap After Collection: 0.0ms
[12.034s][info ][gc,phases      ] GC(51)   Other: 0.3ms
[12.034s][info ][gc,heap        ] GC(51) Eden regions: 177->0(177)
[12.034s][info ][gc,heap        ] GC(51) Survivor regions: 1->1(23)
[12.034s][info ][gc,heap        ] GC(51) Old regions: 7->7
[12.034s][info ][gc,heap        ] GC(51) Archive regions: 2->2
[12.034s][info ][gc,heap        ] GC(51) Humongous regions: 0->0
[12.034s][info ][gc,metaspace   ] GC(51) Metaspace: 10703K(11136K)->10703K(11136K) NonClass: 9440K(9728K)->9440K(9728K) Class: 1263K(1408K)->1263K(1408K)
[12.034s][debug][gc,heap        ] GC(51) Heap after GC invocations=52 (full 1): garbage-first heap   total 305152K, used 4436K [0x0000000700000000, 0x0000000800000000)
[12.034s][debug][gc,heap        ] GC(51)   region size 1024K, 1 young (1024K), 1 survivors (1024K)
[12.034s][debug][gc,heap        ] GC(51)  Metaspace       used 10703K, capacity 10992K, committed 11136K, reserved 1058816K
[12.034s][debug][gc,heap        ] GC(51)   class space    used 1263K, capacity 1389K, committed 1408K, reserved 1048576K
[12.034s][info ][gc             ] GC(51) Pause Young (Normal) (G1 Evacuation Pause) 181M->4M(298M) 1.649ms
[12.034s][info ][gc,cpu         ] GC(51) User=0.00s Sys=0.01s Real=0.00s
[12.034s][info ][safepoint      ] Safepoint "G1CollectForAllocation", Time since last: 167435279 ns, Reaching safepoint: 114648 ns, At safepoint: 1832898 ns, Total: 1947546 ns
[12.200s][debug][gc,heap        ] GC(52) Heap before GC invocations=52 (full 1): garbage-first heap   total 305152K, used 185684K [0x0000000700000000, 0x0000000800000000)
[12.200s][debug][gc,heap        ] GC(52)   region size 1024K, 178 young (182272K), 1 survivors (1024K)
[12.200s][debug][gc,heap        ] GC(52)  Metaspace       used 10703K, capacity 10992K, committed 11136K, reserved 1058816K
[12.200s][debug][gc,heap        ] GC(52)   class space    used 1263K, capacity 1389K, committed 1408K, reserved 1048576K
[12.200s][info ][gc,start       ] GC(52) Pause Young (Normal) (G1 Evacuation Pause)
[12.200s][info ][gc,task        ] GC(52) Using 8 workers of 8 for evacuation
[12.200s][debug][gc,tlab        ] GC(52) TLAB totals: thrds: 8  refills: 708 max: 98 slow allocs: 0 max 0 waste:  1.0% gc: 1376728B max: 390664B slow: 408736B max: 56800B fast: 0B max: 0B
[12.200s][debug][gc,age         ] GC(52) Desired survivor size 12058624 bytes, new threshold 15 (max threshold 15)
[12.200s][debug][gc,alloc,region] GC(52) Mutator Allocation stats, regions: 177, wasted size: 0B ( 0.0%)
[12.200s][debug][gc,ergo        ] GC(52) Running G1 Merge Heap Roots using 8 workers for 178 regions
[12.200s][debug][gc,remset      ] GC(52) Visited cards 256 Total dirty 2048 (12.50%) Total old 747520 (0.03%)
[12.200s][debug][gc,ergo        ] GC(52) Running G1 Clear Card Table Task using 1 workers for 1 units of work for 179 regions.
[12.200s][debug][gc,ref         ] GC(52) Skipped phase1 of Reference Processing due to unavailable references
[12.200s][debug][gc,ref         ] GC(52) Skipped phase2 of Reference Processing due to unavailable references
[12.200s][debug][gc,ref         ] GC(52) Skipped phase3 of Reference Processing due to unavailable references
[12.200s][debug][gc,ref         ] GC(52) Skipped phase4 of Reference Processing due to unavailable references
[12.201s][debug][gc,ergo        ] GC(52) Running G1 Free Collection Set using 8 workers for collection set length 178 (298)
[12.201s][debug][gc,ergo        ] GC(52) Running G1 Rebuild Free List Task using 8 workers for rebuilding free list of 0 (4096) regions
[12.201s][trace][gc,age         ] GC(52) Age table with threshold 15 (max threshold 15)
[12.201s][trace][gc,age         ] GC(52) - age   1:        472 bytes,        472 total
[12.201s][debug][gc,plab        ] GC(52) Young PLAB allocation: allocated: 10320B, wasted: 0B, unused: 9848B, used: 472B, undo waste: 0B, 
[12.201s][debug][gc,plab        ] GC(52) Young other allocation: region end waste: 0B, regions filled: 1, direct allocated: 0B, failure used: 0B, failure wasted: 0B
[12.201s][debug][gc,plab        ] GC(52) Young sizing: calculated: 88B, actual: 2064B
[12.201s][debug][gc,plab        ] GC(52) Old PLAB allocation: allocated: 0B, wasted: 0B, unused: 0B, used: 0B, undo waste: 0B, 
[12.201s][debug][gc,plab        ] GC(52) Old other allocation: region end waste: 0B, regions filled: 1, direct allocated: 0B, failure used: 0B, failure wasted: 0B
[12.201s][debug][gc,plab        ] GC(52) Old sizing: calculated: 0B, actual: 2064B
[12.201s][debug][gc,ihop        ] GC(52) Basic information (value update), threshold: 140614041B (45.00), target occupancy: 312475648B, current occupancy: 4545088B, recent allocation size: 0B, recent allocation duration: 166.40ms, recent old gen allocation rate: 0.00B/s, recent marking phase length: 0.00ms
[12.201s][debug][gc,ihop        ] GC(52) Adaptive IHOP information (value update), threshold: 140614041B (47.37), internal target occupancy: 296851865B, occupancy: 4545088B, additional buffer size: 186646528B, predicted old gen allocation rate: 43862.70B/s, predicted marking phase length: 0.00ms, prediction active: false
[12.201s][debug][gc,ergo,refine ] GC(52) Concurrent refinement times: Logged Cards Scan time goal: 20.00ms Logged Cards Scan time: 0.00ms HCC time: 0.00ms
[12.201s][debug][gc,ergo,refine ] GC(52) Updated Refinement Zones: green: 2048, yellow: 6144, red: 10240
[12.201s][info ][gc,phases      ] GC(52)   Pre Evacuate Collection Set: 0.1ms
[12.201s][debug][gc,phases      ] GC(52)     Prepare TLABs: 0.0ms
[12.201s][debug][gc,phases      ] GC(52)     Choose Collection Set: 0.0ms
[12.201s][debug][gc,phases      ] GC(52)     Region Register: 0.1ms
[12.201s][debug][gc,phases      ] GC(52)     Prepare Heap Roots: 0.0ms
[12.201s][info ][gc,phases      ] GC(52)   Merge Heap Roots: 0.1ms
[12.201s][debug][gc,phases      ] GC(52)     Prepare Merge Heap Roots: 0.0ms
[12.201s][debug][gc,phases      ] GC(52)     Eager Reclaim (ms):       skipped
[12.201s][debug][gc,phases      ] GC(52)     Remembered Sets (ms):     Min:  0.0, Avg:  0.0, Max:  0.0, Diff:  0.0, Sum:  0.1, Workers: 8
[12.201s][debug][gc,phases      ] GC(52)       Merged Sparse:            Min: 0, Avg:  0.0, Max: 0, Diff: 0, Sum: 0, Workers: 8
[12.201s][debug][gc,phases      ] GC(52)       Merged Fine:              Min: 0, Avg:  0.0, Max: 0, Diff: 0, Sum: 0, Workers: 8
[12.201s][debug][gc,phases      ] GC(52)       Merged Coarse:            Min: 0, Avg:  0.0, Max: 0, Diff: 0, Sum: 0, Workers: 8
[12.201s][debug][gc,phases      ] GC(52)       Dirty Cards:              Min: 0, Avg:  0.0, Max: 0, Diff: 0, Sum: 0, Workers: 8
[12.201s][debug][gc,phases      ] GC(52)     Hot Card Cache (ms):      Min:  0.0, Avg:  0.0, Max:  0.0, Diff:  0.0, Sum:  0.0, Workers: 8
[12.201s][debug][gc,phases      ] GC(52)       Dirty Cards:              Min: 0, Avg:  0.0, Max: 0, Diff: 0, Sum: 0, Workers: 8
[12.201s][debug][gc,phases      ] GC(52)       Skipped Cards:            Min: 0, Avg:  0.0, Max: 0, Diff: 0, Sum: 0, Workers: 8
[12.201s][debug][gc,phases      ] GC(52)     Log Buffers (ms):         Min:  0.0, Avg:  0.0, Max:  0.0, Diff:  0.0, Sum:  0.0, Workers: 8
[12.201s][debug][gc,phases      ] GC(52)       Dirty Cards:              Min: 0, Avg:  0.1, Max: 1, Diff: 1, Sum: 1, Workers: 8
[12.201s][debug][gc,phases      ] GC(52)       Skipped Cards:            Min: 0, Avg:  0.0, Max: 0, Diff: 0, Sum: 0, Workers: 8
[12.201s][info ][gc,phases      ] GC(52)   Evacuate Collection Set: 0.1ms
[12.201s][debug][gc,phases      ] GC(52)     Ext Root Scanning (ms):   Min:  0.0, Avg:  0.0, Max:  0.1, Diff:  0.1, Sum:  0.3, Workers: 8
[12.201s][debug][gc,phases      ] GC(52)     Scan Heap Roots (ms):     Min:  0.0, Avg:  0.0, Max:  0.0, Diff:  0.0, Sum:  0.0, Workers: 8
[12.201s][debug][gc,phases      ] GC(52)       Scanned Cards:            Min: 0, Avg:  0.1, Max: 1, Diff: 1, Sum: 1, Workers: 8
[12.201s][debug][gc,phases      ] GC(52)       Scanned Blocks:           Min: 0, Avg:  0.1, Max: 1, Diff: 1, Sum: 1, Workers: 8
[12.201s][debug][gc,phases      ] GC(52)       Claimed Chunks:           Min: 0, Avg:  0.1, Max: 1, Diff: 1, Sum: 1, Workers: 8
[12.201s][debug][gc,phases      ] GC(52)     Code Root Scan (ms):      Min:  0.0, Avg:  0.0, Max:  0.0, Diff:  0.0, Sum:  0.0, Workers: 8
[12.201s][debug][gc,phases      ] GC(52)     Object Copy (ms):         Min:  0.0, Avg:  0.0, Max:  0.0, Diff:  0.0, Sum:  0.0, Workers: 8
[12.201s][debug][gc,phases      ] GC(52)     Termination (ms):         Min:  0.0, Avg:  0.0, Max:  0.1, Diff:  0.0, Sum:  0.4, Workers: 8
[12.201s][debug][gc,phases      ] GC(52)       Termination Attempts:     Min: 1, Avg:  1.0, Max: 1, Diff: 0, Sum: 8, Workers: 8
[12.201s][debug][gc,phases      ] GC(52)     GC Worker Other (ms):     Min:  0.0, Avg:  0.0, Max:  0.0, Diff:  0.0, Sum:  0.2, Workers: 8
[12.201s][debug][gc,phases      ] GC(52)     GC Worker Total (ms):     Min:  0.1, Avg:  0.1, Max:  0.1, Diff:  0.1, Sum:  0.9, Workers: 8
[12.201s][info ][gc,phases      ] GC(52)   Post Evacuate Collection Set: 0.4ms
[12.201s][debug][gc,phases      ] GC(52)     Code Roots Fixup: 0.0ms
[12.201s][debug][gc,phases      ] GC(52)     Clear Card Table: 0.1ms
[12.201s][debug][gc,phases      ] GC(52)     Reference Processing: 0.0ms
[12.201s][debug][gc,phases,ref  ] GC(52)       Reconsider SoftReferences: 0.0ms
[12.201s][debug][gc,phases,ref  ] GC(52)         SoftRef (ms):             skipped
[12.201s][debug][gc,phases,ref  ] GC(52)       Notify Soft/WeakReferences: 0.0ms
[12.201s][debug][gc,phases,ref  ] GC(52)         SoftRef (ms):             skipped
[12.201s][debug][gc,phases,ref  ] GC(52)         WeakRef (ms):             skipped
[12.201s][debug][gc,phases,ref  ] GC(52)         FinalRef (ms):            skipped
[12.201s][debug][gc,phases,ref  ] GC(52)         Total (ms):               skipped
[12.201s][debug][gc,phases,ref  ] GC(52)       Notify and keep alive finalizable: 0.0ms
[12.201s][debug][gc,phases,ref  ] GC(52)         FinalRef (ms):            skipped
[12.201s][debug][gc,phases,ref  ] GC(52)       Notify PhantomReferences: 0.0ms
[12.201s][debug][gc,phases,ref  ] GC(52)         PhantomRef (ms):          skipped
[12.201s][debug][gc,phases,ref  ] GC(52)       SoftReference:
[12.201s][debug][gc,phases,ref  ] GC(52)         Discovered: 0
[12.201s][debug][gc,phases,ref  ] GC(52)         Cleared: 0
[12.201s][debug][gc,phases,ref  ] GC(52)       WeakReference:
[12.201s][debug][gc,phases,ref  ] GC(52)         Discovered: 0
[12.201s][debug][gc,phases,ref  ] GC(52)         Cleared: 0
[12.201s][debug][gc,phases,ref  ] GC(52)       FinalReference:
[12.201s][debug][gc,phases,ref  ] GC(52)         Discovered: 0
[12.201s][debug][gc,phases,ref  ] GC(52)         Cleared: 0
[12.201s][debug][gc,phases,ref  ] GC(52)       PhantomReference:
[12.201s][debug][gc,phases,ref  ] GC(52)         Discovered: 0
[12.201s][debug][gc,phases,ref  ] GC(52)         Cleared: 0
[12.201s][debug][gc,phases      ] GC(52)     Weak Processing: 0.1ms
[12.201s][debug][gc,phases      ] GC(52)       JVMTI weak processing: 0.0ms
[12.201s][debug][gc,phases      ] GC(52)         Dead: 0
[12.201s][debug][gc,phases      ] GC(52)         Total: 0
[12.201s][debug][gc,phases      ] GC(52)       JFR weak processing: 0.0ms
[12.201s][debug][gc,phases      ] GC(52)         Dead: 0
[12.201s][debug][gc,phases      ] GC(52)         Total: 0
[12.201s][debug][gc,phases      ] GC(52)       JNI weak                  Min:  0.0, Avg:  0.0, Max:  0.0, Diff:  0.0, Sum:  0.0, Workers: 5
[12.201s][debug][gc,phases      ] GC(52)         Dead                      Min: 0, Avg:  0.0, Max: 0, Diff: 0, Sum: 0, Workers: 5
[12.201s][debug][gc,phases      ] GC(52)         Total                     Min: 0, Avg: 13.4, Max: 52, Diff: 52, Sum: 67, Workers: 5
[12.201s][debug][gc,phases      ] GC(52)       VM weak                   Min:  0.0, Avg:  0.0, Max:  0.0, Diff:  0.0, Sum:  0.0, Workers: 5
[12.201s][debug][gc,phases      ] GC(52)         Dead                      Min: 0, Avg:  0.0, Max: 0, Diff: 0, Sum: 0, Workers: 5
[12.201s][debug][gc,phases      ] GC(52)         Total                     Min: 0, Avg: 47.6, Max: 64, Diff: 64, Sum: 238, Workers: 5
[12.201s][debug][gc,phases      ] GC(52)       StringTable weak          Min:  0.0, Avg:  0.0, Max:  0.0, Diff:  0.0, Sum:  0.1, Workers: 5
[12.201s][debug][gc,phases      ] GC(52)         Dead                      Min: 0, Avg:  0.0, Max: 0, Diff: 0, Sum: 0, Workers: 5
[12.201s][debug][gc,phases      ] GC(52)         Total                     Min: 0, Avg: 728.6, Max: 955, Diff: 955, Sum: 3643, Workers: 5
[12.201s][debug][gc,phases      ] GC(52)       ResolvedMethodTable weak  Min:  0.0, Avg:  0.0, Max:  0.0, Diff:  0.0, Sum:  0.0, Workers: 5
[12.201s][debug][gc,phases      ] GC(52)         Dead                      Min: 0, Avg:  0.0, Max: 0, Diff: 0, Sum: 0, Workers: 5
[12.201s][debug][gc,phases      ] GC(52)         Total                     Min: 0, Avg: 123.4, Max: 192, Diff: 192, Sum: 617, Workers: 5
[12.201s][debug][gc,phases      ] GC(52)     Merge Per-Thread State: 0.0ms
[12.201s][debug][gc,phases      ] GC(52)       Copied Bytes              Min: 0, Avg: 59.0, Max: 160, Diff: 160, Sum: 472, Workers: 8
[12.201s][debug][gc,phases      ] GC(52)       LAB Waste                 Min: 0, Avg:  0.0, Max: 0, Diff: 0, Sum: 0, Workers: 8
[12.201s][debug][gc,phases      ] GC(52)       LAB Undo Waste            Min: 0, Avg:  0.0, Max: 0, Diff: 0, Sum: 0, Workers: 8
[12.201s][debug][gc,phases      ] GC(52)     Code Roots Purge: 0.0ms
[12.201s][debug][gc,phases      ] GC(52)     Redirty Cards: 0.0ms
[12.201s][debug][gc,phases      ] GC(52)     DerivedPointerTable Update: 0.0ms
[12.201s][debug][gc,phases      ] GC(52)     Free Collection Set: 0.1ms
[12.201s][debug][gc,phases      ] GC(52)     Rebuild Free List: 0.0ms
[12.201s][debug][gc,phases      ] GC(52)     Humongous Reclaim: 0.0ms
[12.201s][debug][gc,phases      ] GC(52)     Start New Collection Set: 0.0ms
[12.201s][debug][gc,phases      ] GC(52)     Resize TLABs: 0.0ms
[12.201s][debug][gc,phases      ] GC(52)     Expand Heap After Collection: 0.0ms
[12.201s][info ][gc,phases      ] GC(52)   Other: 0.3ms
[12.201s][info ][gc,heap        ] GC(52) Eden regions: 177->0(177)
[12.201s][info ][gc,heap        ] GC(52) Survivor regions: 1->1(23)
[12.201s][info ][gc,heap        ] GC(52) Old regions: 7->7
[12.201s][info ][gc,heap        ] GC(52) Archive regions: 2->2
[12.201s][info ][gc,heap        ] GC(52) Humongous regions: 0->0
[12.201s][info ][gc,metaspace   ] GC(52) Metaspace: 10703K(11136K)->10703K(11136K) NonClass: 9440K(9728K)->9440K(9728K) Class: 1263K(1408K)->1263K(1408K)
[12.201s][debug][gc,heap        ] GC(52) Heap after GC invocations=53 (full 1): garbage-first heap   total 305152K, used 4438K [0x0000000700000000, 0x0000000800000000)
[12.201s][debug][gc,heap        ] GC(52)   region size 1024K, 1 young (1024K), 1 survivors (1024K)
[12.201s][debug][gc,heap        ] GC(52)  Metaspace       used 10703K, capacity 10992K, committed 11136K, reserved 1058816K
[12.201s][debug][gc,heap        ] GC(52)   class space    used 1263K, capacity 1389K, committed 1408K, reserved 1048576K
[12.201s][info ][gc             ] GC(52) Pause Young (Normal) (G1 Evacuation Pause) 181M->4M(298M) 1.487ms
[12.201s][info ][gc,cpu         ] GC(52) User=0.00s Sys=0.00s Real=0.00s
[12.202s][info ][safepoint      ] Safepoint "G1CollectForAllocation", Time since last: 165458711 ns, Reaching safepoint: 96283 ns, At safepoint: 1641405 ns, Total: 1737688 ns
[12.367s][debug][gc,heap        ] GC(53) Heap before GC invocations=53 (full 1): garbage-first heap   total 305152K, used 185686K [0x0000000700000000, 0x0000000800000000)
[12.367s][debug][gc,heap        ] GC(53)   region size 1024K, 178 young (182272K), 1 survivors (1024K)
[12.367s][debug][gc,heap        ] GC(53)  Metaspace       used 10703K, capacity 10992K, committed 11136K, reserved 1058816K
[12.367s][debug][gc,heap        ] GC(53)   class space    used 1263K, capacity 1389K, committed 1408K, reserved 1048576K
[12.367s][info ][gc,start       ] GC(53) Pause Young (Normal) (G1 Evacuation Pause)
[12.367s][info ][gc,task        ] GC(53) Using 8 workers of 8 for evacuation
[12.367s][debug][gc,tlab        ] GC(53) TLAB totals: thrds: 8  refills: 710 max: 94 slow allocs: 0 max 0 waste:  1.1% gc: 1641952B max: 405096B slow: 411480B max: 54504B fast: 0B max: 0B
[12.367s][debug][gc,age         ] GC(53) Desired survivor size 12058624 bytes, new threshold 15 (max threshold 15)
[12.367s][debug][gc,alloc,region] GC(53) Mutator Allocation stats, regions: 177, wasted size: 0B ( 0.0%)
[12.367s][debug][gc,ergo        ] GC(53) Running G1 Merge Heap Roots using 8 workers for 178 regions
[12.367s][debug][gc,remset      ] GC(53) Visited cards 256 Total dirty 2048 (12.50%) Total old 747520 (0.03%)
[12.367s][debug][gc,ergo        ] GC(53) Running G1 Clear Card Table Task using 1 workers for 1 units of work for 179 regions.
[12.367s][debug][gc,ref         ] GC(53) Skipped phase1 of Reference Processing due to unavailable references
[12.367s][debug][gc,ref         ] GC(53) Skipped phase2 of Reference Processing due to unavailable references
[12.367s][debug][gc,ref         ] GC(53) Skipped phase3 of Reference Processing due to unavailable references
[12.367s][debug][gc,ref         ] GC(53) Skipped phase4 of Reference Processing due to unavailable references
[12.368s][debug][gc,ergo        ] GC(53) Running G1 Free Collection Set using 8 workers for collection set length 178 (298)
[12.368s][debug][gc,ergo        ] GC(53) Running G1 Rebuild Free List Task using 8 workers for rebuilding free list of 0 (4096) regions
[12.368s][trace][gc,age         ] GC(53) Age table with threshold 15 (max threshold 15)
[12.368s][trace][gc,age         ] GC(53) - age   1:        576 bytes,        576 total
[12.368s][debug][gc,plab        ] GC(53) Young PLAB allocation: allocated: 12384B, wasted: 0B, unused: 11808B, used: 576B, undo waste: 0B, 
[12.368s][debug][gc,plab        ] GC(53) Young other allocation: region end waste: 0B, regions filled: 1, direct allocated: 0B, failure used: 0B, failure wasted: 0B
[12.368s][debug][gc,plab        ] GC(53) Young sizing: calculated: 112B, actual: 2064B
[12.368s][debug][gc,plab        ] GC(53) Old PLAB allocation: allocated: 0B, wasted: 0B, unused: 0B, used: 0B, undo waste: 0B, 
[12.368s][debug][gc,plab        ] GC(53) Old other allocation: region end waste: 0B, regions filled: 1, direct allocated: 0B, failure used: 0B, failure wasted: 0B
[12.368s][debug][gc,plab        ] GC(53) Old sizing: calculated: 0B, actual: 2064B
[12.368s][debug][gc,ihop        ] GC(53) Basic information (value update), threshold: 140614041B (45.00), target occupancy: 312475648B, current occupancy: 4547152B, recent allocation size: 0B, recent allocation duration: 166.01ms, recent old gen allocation rate: 0.00B/s, recent marking phase length: 0.00ms
[12.368s][debug][gc,ihop        ] GC(53) Adaptive IHOP information (value update), threshold: 140614041B (47.37), internal target occupancy: 296851865B, occupancy: 4547152B, additional buffer size: 186646528B, predicted old gen allocation rate: 42434.44B/s, predicted marking phase length: 0.00ms, prediction active: false
[12.368s][debug][gc,ergo,refine ] GC(53) Concurrent refinement times: Logged Cards Scan time goal: 20.00ms Logged Cards Scan time: 0.00ms HCC time: 0.00ms
[12.368s][debug][gc,ergo,refine ] GC(53) Updated Refinement Zones: green: 2048, yellow: 6144, red: 10240
[12.368s][info ][gc,phases      ] GC(53)   Pre Evacuate Collection Set: 0.1ms
[12.368s][debug][gc,phases      ] GC(53)     Prepare TLABs: 0.0ms
[12.368s][debug][gc,phases      ] GC(53)     Choose Collection Set: 0.0ms
[12.368s][debug][gc,phases      ] GC(53)     Region Register: 0.1ms
[12.368s][debug][gc,phases      ] GC(53)     Prepare Heap Roots: 0.0ms
[12.368s][info ][gc,phases      ] GC(53)   Merge Heap Roots: 0.1ms
[12.368s][debug][gc,phases      ] GC(53)     Prepare Merge Heap Roots: 0.0ms
[12.368s][debug][gc,phases      ] GC(53)     Eager Reclaim (ms):       skipped
[12.368s][debug][gc,phases      ] GC(53)     Remembered Sets (ms):     Min:  0.0, Avg:  0.0, Max:  0.0, Diff:  0.0, Sum:  0.1, Workers: 8
[12.368s][debug][gc,phases      ] GC(53)       Merged Sparse:            Min: 0, Avg:  0.0, Max: 0, Diff: 0, Sum: 0, Workers: 8
[12.368s][debug][gc,phases      ] GC(53)       Merged Fine:              Min: 0, Avg:  0.0, Max: 0, Diff: 0, Sum: 0, Workers: 8
[12.368s][debug][gc,phases      ] GC(53)       Merged Coarse:            Min: 0, Avg:  0.0, Max: 0, Diff: 0, Sum: 0, Workers: 8
[12.368s][debug][gc,phases      ] GC(53)       Dirty Cards:              Min: 0, Avg:  0.0, Max: 0, Diff: 0, Sum: 0, Workers: 8
[12.368s][debug][gc,phases      ] GC(53)     Hot Card Cache (ms):      Min:  0.0, Avg:  0.0, Max:  0.0, Diff:  0.0, Sum:  0.0, Workers: 8
[12.368s][debug][gc,phases      ] GC(53)       Dirty Cards:              Min: 0, Avg:  0.0, Max: 0, Diff: 0, Sum: 0, Workers: 8
[12.368s][debug][gc,phases      ] GC(53)       Skipped Cards:            Min: 0, Avg:  0.0, Max: 0, Diff: 0, Sum: 0, Workers: 8
[12.368s][debug][gc,phases      ] GC(53)     Log Buffers (ms):         Min:  0.0, Avg:  0.0, Max:  0.0, Diff:  0.0, Sum:  0.0, Workers: 8
[12.368s][debug][gc,phases      ] GC(53)       Dirty Cards:              Min: 0, Avg:  0.1, Max: 1, Diff: 1, Sum: 1, Workers: 8
[12.368s][debug][gc,phases      ] GC(53)       Skipped Cards:            Min: 0, Avg:  0.0, Max: 0, Diff: 0, Sum: 0, Workers: 8
[12.368s][info ][gc,phases      ] GC(53)   Evacuate Collection Set: 0.2ms
[12.368s][debug][gc,phases      ] GC(53)     Ext Root Scanning (ms):   Min:  0.0, Avg:  0.0, Max:  0.1, Diff:  0.1, Sum:  0.3, Workers: 8
[12.368s][debug][gc,phases      ] GC(53)     Scan Heap Roots (ms):     Min:  0.0, Avg:  0.0, Max:  0.0, Diff:  0.0, Sum:  0.0, Workers: 8
[12.368s][debug][gc,phases      ] GC(53)       Scanned Cards:            Min: 0, Avg:  0.1, Max: 1, Diff: 1, Sum: 1, Workers: 8
[12.368s][debug][gc,phases      ] GC(53)       Scanned Blocks:           Min: 0, Avg:  0.1, Max: 1, Diff: 1, Sum: 1, Workers: 8
[12.368s][debug][gc,phases      ] GC(53)       Claimed Chunks:           Min: 0, Avg:  0.1, Max: 1, Diff: 1, Sum: 1, Workers: 8
[12.368s][debug][gc,phases      ] GC(53)     Code Root Scan (ms):      Min:  0.0, Avg:  0.0, Max:  0.0, Diff:  0.0, Sum:  0.0, Workers: 8
[12.368s][debug][gc,phases      ] GC(53)     Object Copy (ms):         Min:  0.0, Avg:  0.0, Max:  0.0, Diff:  0.0, Sum:  0.0, Workers: 8
[12.368s][debug][gc,phases      ] GC(53)     Termination (ms):         Min:  0.0, Avg:  0.0, Max:  0.1, Diff:  0.0, Sum:  0.4, Workers: 8
[12.368s][debug][gc,phases      ] GC(53)       Termination Attempts:     Min: 1, Avg:  1.0, Max: 1, Diff: 0, Sum: 8, Workers: 8
[12.368s][debug][gc,phases      ] GC(53)     GC Worker Other (ms):     Min:  0.0, Avg:  0.0, Max:  0.0, Diff:  0.0, Sum:  0.2, Workers: 8
[12.368s][debug][gc,phases      ] GC(53)     GC Worker Total (ms):     Min:  0.1, Avg:  0.1, Max:  0.2, Diff:  0.1, Sum:  1.0, Workers: 8
[12.368s][info ][gc,phases      ] GC(53)   Post Evacuate Collection Set: 0.4ms
[12.368s][debug][gc,phases      ] GC(53)     Code Roots Fixup: 0.0ms
[12.368s][debug][gc,phases      ] GC(53)     Clear Card Table: 0.1ms
[12.368s][debug][gc,phases      ] GC(53)     Reference Processing: 0.0ms
[12.368s][debug][gc,phases,ref  ] GC(53)       Reconsider SoftReferences: 0.0ms
[12.368s][debug][gc,phases,ref  ] GC(53)         SoftRef (ms):             skipped
[12.368s][debug][gc,phases,ref  ] GC(53)       Notify Soft/WeakReferences: 0.0ms
[12.368s][debug][gc,phases,ref  ] GC(53)         SoftRef (ms):             skipped
[12.368s][debug][gc,phases,ref  ] GC(53)         WeakRef (ms):             skipped
[12.368s][debug][gc,phases,ref  ] GC(53)         FinalRef (ms):            skipped
[12.368s][debug][gc,phases,ref  ] GC(53)         Total (ms):               skipped
[12.368s][debug][gc,phases,ref  ] GC(53)       Notify and keep alive finalizable: 0.0ms
[12.368s][debug][gc,phases,ref  ] GC(53)         FinalRef (ms):            skipped
[12.368s][debug][gc,phases,ref  ] GC(53)       Notify PhantomReferences: 0.0ms
[12.368s][debug][gc,phases,ref  ] GC(53)         PhantomRef (ms):          skipped
[12.368s][debug][gc,phases,ref  ] GC(53)       SoftReference:
[12.368s][debug][gc,phases,ref  ] GC(53)         Discovered: 0
[12.368s][debug][gc,phases,ref  ] GC(53)         Cleared: 0
[12.368s][debug][gc,phases,ref  ] GC(53)       WeakReference:
[12.368s][debug][gc,phases,ref  ] GC(53)         Discovered: 0
[12.368s][debug][gc,phases,ref  ] GC(53)         Cleared: 0
[12.368s][debug][gc,phases,ref  ] GC(53)       FinalReference:
[12.368s][debug][gc,phases,ref  ] GC(53)         Discovered: 0
[12.368s][debug][gc,phases,ref  ] GC(53)         Cleared: 0
[12.368s][debug][gc,phases,ref  ] GC(53)       PhantomReference:
[12.368s][debug][gc,phases,ref  ] GC(53)         Discovered: 0
[12.368s][debug][gc,phases,ref  ] GC(53)         Cleared: 0
[12.368s][debug][gc,phases      ] GC(53)     Weak Processing: 0.1ms
[12.368s][debug][gc,phases      ] GC(53)       JVMTI weak processing: 0.0ms
[12.368s][debug][gc,phases      ] GC(53)         Dead: 0
[12.368s][debug][gc,phases      ] GC(53)         Total: 0
[12.368s][debug][gc,phases      ] GC(53)       JFR weak processing: 0.0ms
[12.368s][debug][gc,phases      ] GC(53)         Dead: 0
[12.368s][debug][gc,phases      ] GC(53)         Total: 0
[12.368s][debug][gc,phases      ] GC(53)       JNI weak                  Min:  0.0, Avg:  0.0, Max:  0.0, Diff:  0.0, Sum:  0.0, Workers: 5
[12.368s][debug][gc,phases      ] GC(53)         Dead                      Min: 0, Avg:  0.0, Max: 0, Diff: 0, Sum: 0, Workers: 5
[12.368s][debug][gc,phases      ] GC(53)         Total                     Min: 0, Avg: 13.4, Max: 52, Diff: 52, Sum: 67, Workers: 5
[12.368s][debug][gc,phases      ] GC(53)       VM weak                   Min:  0.0, Avg:  0.0, Max:  0.0, Diff:  0.0, Sum:  0.0, Workers: 5
[12.368s][debug][gc,phases      ] GC(53)         Dead                      Min: 0, Avg:  0.0, Max: 0, Diff: 0, Sum: 0, Workers: 5
[12.368s][debug][gc,phases      ] GC(53)         Total                     Min: 0, Avg: 47.6, Max: 128, Diff: 128, Sum: 238, Workers: 5
[12.368s][debug][gc,phases      ] GC(53)       StringTable weak          Min:  0.0, Avg:  0.0, Max:  0.1, Diff:  0.1, Sum:  0.1, Workers: 5
[12.368s][debug][gc,phases      ] GC(53)         Dead                      Min: 0, Avg:  0.0, Max: 0, Diff: 0, Sum: 0, Workers: 5
[12.368s][debug][gc,phases      ] GC(53)         Total                     Min: 0, Avg: 728.6, Max: 1851, Diff: 1851, Sum: 3643, Workers: 5
[12.368s][debug][gc,phases      ] GC(53)       ResolvedMethodTable weak  Min:  0.0, Avg:  0.0, Max:  0.0, Diff:  0.0, Sum:  0.0, Workers: 5
[12.368s][debug][gc,phases      ] GC(53)         Dead                      Min: 0, Avg:  0.0, Max: 0, Diff: 0, Sum: 0, Workers: 5
[12.368s][debug][gc,phases      ] GC(53)         Total                     Min: 0, Avg: 123.4, Max: 192, Diff: 192, Sum: 617, Workers: 5
[12.368s][debug][gc,phases      ] GC(53)     Merge Per-Thread State: 0.0ms
[12.368s][debug][gc,phases      ] GC(53)       Copied Bytes              Min: 0, Avg: 72.0, Max: 104, Diff: 104, Sum: 576, Workers: 8
[12.368s][debug][gc,phases      ] GC(53)       LAB Waste                 Min: 0, Avg:  0.0, Max: 0, Diff: 0, Sum: 0, Workers: 8
[12.368s][debug][gc,phases      ] GC(53)       LAB Undo Waste            Min: 0, Avg:  0.0, Max: 0, Diff: 0, Sum: 0, Workers: 8
[12.368s][debug][gc,phases      ] GC(53)     Code Roots Purge: 0.0ms
[12.368s][debug][gc,phases      ] GC(53)     Redirty Cards: 0.0ms
[12.368s][debug][gc,phases      ] GC(53)     DerivedPointerTable Update: 0.0ms
[12.368s][debug][gc,phases      ] GC(53)     Free Collection Set: 0.1ms
[12.368s][debug][gc,phases      ] GC(53)     Rebuild Free List: 0.0ms
[12.368s][debug][gc,phases      ] GC(53)     Humongous Reclaim: 0.0ms
[12.368s][debug][gc,phases      ] GC(53)     Start New Collection Set: 0.0ms
[12.368s][debug][gc,phases      ] GC(53)     Resize TLABs: 0.0ms
[12.368s][debug][gc,phases      ] GC(53)     Expand Heap After Collection: 0.0ms
[12.368s][info ][gc,phases      ] GC(53)   Other: 0.3ms
[12.368s][info ][gc,heap        ] GC(53) Eden regions: 177->0(177)
[12.368s][info ][gc,heap        ] GC(53) Survivor regions: 1->1(23)
[12.368s][info ][gc,heap        ] GC(53) Old regions: 7->7
[12.368s][info ][gc,heap        ] GC(53) Archive regions: 2->2
[12.368s][info ][gc,heap        ] GC(53) Humongous regions: 0->0
[12.368s][info ][gc,metaspace   ] GC(53) Metaspace: 10703K(11136K)->10703K(11136K) NonClass: 9440K(9728K)->9440K(9728K) Class: 1263K(1408K)->1263K(1408K)
[12.368s][debug][gc,heap        ] GC(53) Heap after GC invocations=54 (full 1): garbage-first heap   total 305152K, used 4440K [0x0000000700000000, 0x0000000800000000)
[12.368s][debug][gc,heap        ] GC(53)   region size 1024K, 1 young (1024K), 1 survivors (1024K)
[12.368s][debug][gc,heap        ] GC(53)  Metaspace       used 10703K, capacity 10992K, committed 11136K, reserved 1058816K
[12.368s][debug][gc,heap        ] GC(53)   class space    used 1263K, capacity 1389K, committed 1408K, reserved 1048576K
[12.368s][info ][gc             ] GC(53) Pause Young (Normal) (G1 Evacuation Pause) 181M->4M(298M) 1.545ms
[12.368s][info ][gc,cpu         ] GC(53) User=0.00s Sys=0.00s Real=0.01s
[12.368s][info ][safepoint      ] Safepoint "G1CollectForAllocation", Time since last: 165103967 ns, Reaching safepoint: 98991 ns, At safepoint: 1732324 ns, Total: 1831315 ns
[12.534s][debug][gc,heap        ] GC(54) Heap before GC invocations=54 (full 1): garbage-first heap   total 305152K, used 185688K [0x0000000700000000, 0x0000000800000000)
[12.534s][debug][gc,heap        ] GC(54)   region size 1024K, 178 young (182272K), 1 survivors (1024K)
[12.534s][debug][gc,heap        ] GC(54)  Metaspace       used 10703K, capacity 10992K, committed 11136K, reserved 1058816K
[12.534s][debug][gc,heap        ] GC(54)   class space    used 1263K, capacity 1389K, committed 1408K, reserved 1048576K
[12.534s][info ][gc,start       ] GC(54) Pause Young (Normal) (G1 Evacuation Pause)
[12.534s][info ][gc,task        ] GC(54) Using 8 workers of 8 for evacuation
[12.534s][debug][gc,tlab        ] GC(54) TLAB totals: thrds: 8  refills: 710 max: 94 slow allocs: 0 max 0 waste:  1.0% gc: 1432624B max: 424536B slow: 409840B max: 54144B fast: 0B max: 0B
[12.534s][debug][gc,age         ] GC(54) Desired survivor size 12058624 bytes, new threshold 15 (max threshold 15)
[12.534s][debug][gc,alloc,region] GC(54) Mutator Allocation stats, regions: 177, wasted size: 0B ( 0.0%)
[12.534s][debug][gc,ergo        ] GC(54) Running G1 Merge Heap Roots using 8 workers for 178 regions
[12.534s][debug][gc,remset      ] GC(54) Visited cards 256 Total dirty 2048 (12.50%) Total old 747520 (0.03%)
[12.535s][debug][gc,ergo        ] GC(54) Running G1 Clear Card Table Task using 1 workers for 1 units of work for 179 regions.
[12.535s][debug][gc,ref         ] GC(54) Skipped phase1 of Reference Processing due to unavailable references
[12.535s][debug][gc,ref         ] GC(54) Skipped phase2 of Reference Processing due to unavailable references
[12.535s][debug][gc,ref         ] GC(54) Skipped phase3 of Reference Processing due to unavailable references
[12.535s][debug][gc,ref         ] GC(54) Skipped phase4 of Reference Processing due to unavailable references
[12.535s][debug][gc,ergo        ] GC(54) Running G1 Free Collection Set using 8 workers for collection set length 178 (298)
[12.535s][debug][gc,ergo        ] GC(54) Running G1 Rebuild Free List Task using 8 workers for rebuilding free list of 0 (4096) regions
[12.535s][trace][gc,age         ] GC(54) Age table with threshold 15 (max threshold 15)
[12.535s][trace][gc,age         ] GC(54) - age   1:        312 bytes,        312 total
[12.535s][debug][gc,plab        ] GC(54) Young PLAB allocation: allocated: 6192B, wasted: 0B, unused: 5880B, used: 312B, undo waste: 0B, 
[12.535s][debug][gc,plab        ] GC(54) Young other allocation: region end waste: 0B, regions filled: 1, direct allocated: 0B, failure used: 0B, failure wasted: 0B
[12.535s][debug][gc,plab        ] GC(54) Young sizing: calculated: 56B, actual: 2064B
[12.535s][debug][gc,plab        ] GC(54) Old PLAB allocation: allocated: 0B, wasted: 0B, unused: 0B, used: 0B, undo waste: 0B, 
[12.535s][debug][gc,plab        ] GC(54) Old other allocation: region end waste: 0B, regions filled: 1, direct allocated: 0B, failure used: 0B, failure wasted: 0B
[12.535s][debug][gc,plab        ] GC(54) Old sizing: calculated: 0B, actual: 2064B
[12.535s][debug][gc,ihop        ] GC(54) Basic information (value update), threshold: 140614041B (45.00), target occupancy: 312475648B, current occupancy: 4540960B, recent allocation size: 0B, recent allocation duration: 166.51ms, recent old gen allocation rate: 0.00B/s, recent marking phase length: 0.00ms
[12.535s][debug][gc,ihop        ] GC(54) Adaptive IHOP information (value update), threshold: 140614041B (47.37), internal target occupancy: 296851865B, occupancy: 4540960B, additional buffer size: 186646528B, predicted old gen allocation rate: 41057.16B/s, predicted marking phase length: 0.00ms, prediction active: false
[12.535s][debug][gc,ergo,refine ] GC(54) Concurrent refinement times: Logged Cards Scan time goal: 20.00ms Logged Cards Scan time: 0.00ms HCC time: 0.00ms
[12.535s][debug][gc,ergo,refine ] GC(54) Updated Refinement Zones: green: 2048, yellow: 6144, red: 10240
[12.535s][info ][gc,phases      ] GC(54)   Pre Evacuate Collection Set: 0.1ms
[12.535s][debug][gc,phases      ] GC(54)     Prepare TLABs: 0.0ms
[12.535s][debug][gc,phases      ] GC(54)     Choose Collection Set: 0.0ms
[12.535s][debug][gc,phases      ] GC(54)     Region Register: 0.1ms
[12.535s][debug][gc,phases      ] GC(54)     Prepare Heap Roots: 0.0ms
[12.535s][info ][gc,phases      ] GC(54)   Merge Heap Roots: 0.1ms
[12.535s][debug][gc,phases      ] GC(54)     Prepare Merge Heap Roots: 0.0ms
[12.535s][debug][gc,phases      ] GC(54)     Eager Reclaim (ms):       skipped
[12.535s][debug][gc,phases      ] GC(54)     Remembered Sets (ms):     Min:  0.0, Avg:  0.0, Max:  0.0, Diff:  0.0, Sum:  0.0, Workers: 8
[12.535s][debug][gc,phases      ] GC(54)       Merged Sparse:            Min: 0, Avg:  0.0, Max: 0, Diff: 0, Sum: 0, Workers: 8
[12.535s][debug][gc,phases      ] GC(54)       Merged Fine:              Min: 0, Avg:  0.0, Max: 0, Diff: 0, Sum: 0, Workers: 8
[12.535s][debug][gc,phases      ] GC(54)       Merged Coarse:            Min: 0, Avg:  0.0, Max: 0, Diff: 0, Sum: 0, Workers: 8
[12.535s][debug][gc,phases      ] GC(54)       Dirty Cards:              Min: 0, Avg:  0.0, Max: 0, Diff: 0, Sum: 0, Workers: 8
[12.535s][debug][gc,phases      ] GC(54)     Hot Card Cache (ms):      Min:  0.0, Avg:  0.0, Max:  0.0, Diff:  0.0, Sum:  0.0, Workers: 8
[12.535s][debug][gc,phases      ] GC(54)       Dirty Cards:              Min: 0, Avg:  0.0, Max: 0, Diff: 0, Sum: 0, Workers: 8
[12.535s][debug][gc,phases      ] GC(54)       Skipped Cards:            Min: 0, Avg:  0.0, Max: 0, Diff: 0, Sum: 0, Workers: 8
[12.535s][debug][gc,phases      ] GC(54)     Log Buffers (ms):         Min:  0.0, Avg:  0.0, Max:  0.0, Diff:  0.0, Sum:  0.0, Workers: 8
[12.535s][debug][gc,phases      ] GC(54)       Dirty Cards:              Min: 0, Avg:  0.1, Max: 1, Diff: 1, Sum: 1, Workers: 8
[12.535s][debug][gc,phases      ] GC(54)       Skipped Cards:            Min: 0, Avg:  0.0, Max: 0, Diff: 0, Sum: 0, Workers: 8
[12.535s][info ][gc,phases      ] GC(54)   Evacuate Collection Set: 0.2ms
[12.535s][debug][gc,phases      ] GC(54)     Ext Root Scanning (ms):   Min:  0.0, Avg:  0.0, Max:  0.1, Diff:  0.1, Sum:  0.3, Workers: 8
[12.535s][debug][gc,phases      ] GC(54)     Scan Heap Roots (ms):     Min:  0.0, Avg:  0.0, Max:  0.0, Diff:  0.0, Sum:  0.0, Workers: 8
[12.535s][debug][gc,phases      ] GC(54)       Scanned Cards:            Min: 0, Avg:  0.1, Max: 1, Diff: 1, Sum: 1, Workers: 8
[12.535s][debug][gc,phases      ] GC(54)       Scanned Blocks:           Min: 0, Avg:  0.1, Max: 1, Diff: 1, Sum: 1, Workers: 8
[12.535s][debug][gc,phases      ] GC(54)       Claimed Chunks:           Min: 0, Avg:  0.1, Max: 1, Diff: 1, Sum: 1, Workers: 8
[12.535s][debug][gc,phases      ] GC(54)     Code Root Scan (ms):      Min:  0.0, Avg:  0.0, Max:  0.0, Diff:  0.0, Sum:  0.0, Workers: 8
[12.535s][debug][gc,phases      ] GC(54)     Object Copy (ms):         Min:  0.0, Avg:  0.0, Max:  0.0, Diff:  0.0, Sum:  0.0, Workers: 8
[12.535s][debug][gc,phases      ] GC(54)     Termination (ms):         Min:  0.0, Avg:  0.0, Max:  0.1, Diff:  0.0, Sum:  0.4, Workers: 8
[12.535s][debug][gc,phases      ] GC(54)       Termination Attempts:     Min: 1, Avg:  1.0, Max: 1, Diff: 0, Sum: 8, Workers: 8
[12.535s][debug][gc,phases      ] GC(54)     GC Worker Other (ms):     Min:  0.0, Avg:  0.0, Max:  0.0, Diff:  0.0, Sum:  0.1, Workers: 8
[12.535s][debug][gc,phases      ] GC(54)     GC Worker Total (ms):     Min:  0.1, Avg:  0.1, Max:  0.2, Diff:  0.1, Sum:  0.9, Workers: 8
[12.535s][info ][gc,phases      ] GC(54)   Post Evacuate Collection Set: 0.4ms
[12.535s][debug][gc,phases      ] GC(54)     Code Roots Fixup: 0.0ms
[12.535s][debug][gc,phases      ] GC(54)     Clear Card Table: 0.1ms
[12.535s][debug][gc,phases      ] GC(54)     Reference Processing: 0.0ms
[12.535s][debug][gc,phases,ref  ] GC(54)       Reconsider SoftReferences: 0.0ms
[12.535s][debug][gc,phases,ref  ] GC(54)         SoftRef (ms):             skipped
[12.535s][debug][gc,phases,ref  ] GC(54)       Notify Soft/WeakReferences: 0.0ms
[12.535s][debug][gc,phases,ref  ] GC(54)         SoftRef (ms):             skipped
[12.535s][debug][gc,phases,ref  ] GC(54)         WeakRef (ms):             skipped
[12.535s][debug][gc,phases,ref  ] GC(54)         FinalRef (ms):            skipped
[12.535s][debug][gc,phases,ref  ] GC(54)         Total (ms):               skipped
[12.535s][debug][gc,phases,ref  ] GC(54)       Notify and keep alive finalizable: 0.0ms
[12.535s][debug][gc,phases,ref  ] GC(54)         FinalRef (ms):            skipped
[12.535s][debug][gc,phases,ref  ] GC(54)       Notify PhantomReferences: 0.0ms
[12.535s][debug][gc,phases,ref  ] GC(54)         PhantomRef (ms):          skipped
[12.535s][debug][gc,phases,ref  ] GC(54)       SoftReference:
[12.535s][debug][gc,phases,ref  ] GC(54)         Discovered: 0
[12.535s][debug][gc,phases,ref  ] GC(54)         Cleared: 0
[12.535s][debug][gc,phases,ref  ] GC(54)       WeakReference:
[12.535s][debug][gc,phases,ref  ] GC(54)         Discovered: 0
[12.535s][debug][gc,phases,ref  ] GC(54)         Cleared: 0
[12.535s][debug][gc,phases,ref  ] GC(54)       FinalReference:
[12.535s][debug][gc,phases,ref  ] GC(54)         Discovered: 0
[12.535s][debug][gc,phases,ref  ] GC(54)         Cleared: 0
[12.535s][debug][gc,phases,ref  ] GC(54)       PhantomReference:
[12.535s][debug][gc,phases,ref  ] GC(54)         Discovered: 0
[12.535s][debug][gc,phases,ref  ] GC(54)         Cleared: 0
[12.535s][debug][gc,phases      ] GC(54)     Weak Processing: 0.1ms
[12.535s][debug][gc,phases      ] GC(54)       JVMTI weak processing: 0.0ms
[12.535s][debug][gc,phases      ] GC(54)         Dead: 0
[12.535s][debug][gc,phases      ] GC(54)         Total: 0
[12.535s][debug][gc,phases      ] GC(54)       JFR weak processing: 0.0ms
[12.536s][debug][gc,phases      ] GC(54)         Dead: 0
[12.536s][debug][gc,phases      ] GC(54)         Total: 0
[12.536s][debug][gc,phases      ] GC(54)       JNI weak                  Min:  0.0, Avg:  0.0, Max:  0.0, Diff:  0.0, Sum:  0.0, Workers: 5
[12.536s][debug][gc,phases      ] GC(54)         Dead                      Min: 0, Avg:  0.0, Max: 0, Diff: 0, Sum: 0, Workers: 5
[12.536s][debug][gc,phases      ] GC(54)         Total                     Min: 0, Avg: 13.4, Max: 52, Diff: 52, Sum: 67, Workers: 5
[12.536s][debug][gc,phases      ] GC(54)       VM weak                   Min:  0.0, Avg:  0.0, Max:  0.0, Diff:  0.0, Sum:  0.0, Workers: 5
[12.536s][debug][gc,phases      ] GC(54)         Dead                      Min: 0, Avg:  0.0, Max: 0, Diff: 0, Sum: 0, Workers: 5
[12.536s][debug][gc,phases      ] GC(54)         Total                     Min: 0, Avg: 47.6, Max: 128, Diff: 128, Sum: 238, Workers: 5
[12.536s][debug][gc,phases      ] GC(54)       StringTable weak          Min:  0.0, Avg:  0.0, Max:  0.1, Diff:  0.1, Sum:  0.1, Workers: 5
[12.536s][debug][gc,phases      ] GC(54)         Dead                      Min: 0, Avg:  0.0, Max: 0, Diff: 0, Sum: 0, Workers: 5
[12.536s][debug][gc,phases      ] GC(54)         Total                     Min: 0, Avg: 728.6, Max: 1851, Diff: 1851, Sum: 3643, Workers: 5
[12.536s][debug][gc,phases      ] GC(54)       ResolvedMethodTable weak  Min:  0.0, Avg:  0.0, Max:  0.0, Diff:  0.0, Sum:  0.0, Workers: 5
[12.536s][debug][gc,phases      ] GC(54)         Dead                      Min: 0, Avg:  0.0, Max: 0, Diff: 0, Sum: 0, Workers: 5
[12.536s][debug][gc,phases      ] GC(54)         Total                     Min: 0, Avg: 123.4, Max: 192, Diff: 192, Sum: 617, Workers: 5
[12.536s][debug][gc,phases      ] GC(54)     Merge Per-Thread State: 0.0ms
[12.536s][debug][gc,phases      ] GC(54)       Copied Bytes              Min: 0, Avg: 39.0, Max: 104, Diff: 104, Sum: 312, Workers: 8
[12.536s][debug][gc,phases      ] GC(54)       LAB Waste                 Min: 0, Avg:  0.0, Max: 0, Diff: 0, Sum: 0, Workers: 8
[12.536s][debug][gc,phases      ] GC(54)       LAB Undo Waste            Min: 0, Avg:  0.0, Max: 0, Diff: 0, Sum: 0, Workers: 8
[12.536s][debug][gc,phases      ] GC(54)     Code Roots Purge: 0.0ms
[12.536s][debug][gc,phases      ] GC(54)     Redirty Cards: 0.0ms
[12.536s][debug][gc,phases      ] GC(54)     DerivedPointerTable Update: 0.0ms
[12.536s][debug][gc,phases      ] GC(54)     Free Collection Set: 0.1ms
[12.536s][debug][gc,phases      ] GC(54)     Rebuild Free List: 0.0ms
[12.536s][debug][gc,phases      ] GC(54)     Humongous Reclaim: 0.0ms
[12.536s][debug][gc,phases      ] GC(54)     Start New Collection Set: 0.0ms
[12.536s][debug][gc,phases      ] GC(54)     Resize TLABs: 0.0ms
[12.536s][debug][gc,phases      ] GC(54)     Expand Heap After Collection: 0.0ms
[12.536s][info ][gc,phases      ] GC(54)   Other: 0.3ms
[12.536s][info ][gc,heap        ] GC(54) Eden regions: 177->0(177)
[12.536s][info ][gc,heap        ] GC(54) Survivor regions: 1->1(23)
[12.536s][info ][gc,heap        ] GC(54) Old regions: 7->7
[12.536s][info ][gc,heap        ] GC(54) Archive regions: 2->2
[12.536s][info ][gc,heap        ] GC(54) Humongous regions: 0->0
[12.536s][info ][gc,metaspace   ] GC(54) Metaspace: 10703K(11136K)->10703K(11136K) NonClass: 9440K(9728K)->9440K(9728K) Class: 1263K(1408K)->1263K(1408K)
[12.536s][debug][gc,heap        ] GC(54) Heap after GC invocations=55 (full 1): garbage-first heap   total 305152K, used 4434K [0x0000000700000000, 0x0000000800000000)
[12.536s][debug][gc,heap        ] GC(54)   region size 1024K, 1 young (1024K), 1 survivors (1024K)
[12.536s][debug][gc,heap        ] GC(54)  Metaspace       used 10703K, capacity 10992K, committed 11136K, reserved 1058816K
[12.536s][debug][gc,heap        ] GC(54)   class space    used 1263K, capacity 1389K, committed 1408K, reserved 1048576K
[12.536s][info ][gc             ] GC(54) Pause Young (Normal) (G1 Evacuation Pause) 181M->4M(298M) 1.516ms
[12.536s][info ][gc,cpu         ] GC(54) User=0.01s Sys=0.00s Real=0.00s
[12.536s][info ][safepoint      ] Safepoint "G1CollectForAllocation", Time since last: 165494029 ns, Reaching safepoint: 158543 ns, At safepoint: 1705603 ns, Total: 1864146 ns
[12.688s][debug][gc,heap        ] GC(55) Heap before GC invocations=55 (full 1): garbage-first heap   total 305152K, used 185682K [0x0000000700000000, 0x0000000800000000)
[12.689s][debug][gc,heap        ] GC(55)   region size 1024K, 178 young (182272K), 1 survivors (1024K)
[12.689s][debug][gc,heap        ] GC(55)  Metaspace       used 10703K, capacity 10992K, committed 11136K, reserved 1058816K
[12.689s][debug][gc,heap        ] GC(55)   class space    used 1263K, capacity 1389K, committed 1408K, reserved 1048576K
[12.689s][info ][gc,start       ] GC(55) Pause Young (Normal) (G1 Evacuation Pause)
[12.689s][info ][gc,task        ] GC(55) Using 8 workers of 8 for evacuation
[12.689s][debug][gc,tlab        ] GC(55) TLAB totals: thrds: 8  refills: 710 max: 94 slow allocs: 0 max 0 waste:  1.1% gc: 1603384B max: 376032B slow: 410064B max: 54368B fast: 0B max: 0B
[12.689s][debug][gc,age         ] GC(55) Desired survivor size 12058624 bytes, new threshold 15 (max threshold 15)
[12.689s][debug][gc,alloc,region] GC(55) Mutator Allocation stats, regions: 177, wasted size: 0B ( 0.0%)
[12.689s][debug][gc,ergo        ] GC(55) Running G1 Merge Heap Roots using 8 workers for 178 regions
[12.689s][debug][gc,remset      ] GC(55) Visited cards 256 Total dirty 2048 (12.50%) Total old 747520 (0.03%)
[12.689s][debug][gc,ergo        ] GC(55) Running G1 Clear Card Table Task using 1 workers for 1 units of work for 179 regions.
[12.689s][debug][gc,ref         ] GC(55) Skipped phase1 of Reference Processing due to unavailable references
[12.689s][debug][gc,ref         ] GC(55) Skipped phase2 of Reference Processing due to unavailable references
[12.689s][debug][gc,ref         ] GC(55) Skipped phase3 of Reference Processing due to unavailable references
[12.689s][debug][gc,ref         ] GC(55) Skipped phase4 of Reference Processing due to unavailable references
[12.689s][debug][gc,ergo        ] GC(55) Running G1 Free Collection Set using 8 workers for collection set length 178 (298)
[12.689s][debug][gc,ergo        ] GC(55) Running G1 Rebuild Free List Task using 8 workers for rebuilding free list of 0 (4096) regions
[12.689s][trace][gc,age         ] GC(55) Age table with threshold 15 (max threshold 15)
[12.690s][trace][gc,age         ] GC(55) - age   1:        176 bytes,        176 total
[12.690s][debug][gc,plab        ] GC(55) Young PLAB allocation: allocated: 6192B, wasted: 0B, unused: 6016B, used: 176B, undo waste: 0B, 
[12.690s][debug][gc,plab        ] GC(55) Young other allocation: region end waste: 0B, regions filled: 1, direct allocated: 0B, failure used: 0B, failure wasted: 0B
[12.690s][debug][gc,plab        ] GC(55) Young sizing: calculated: 32B, actual: 2064B
[12.690s][debug][gc,plab        ] GC(55) Old PLAB allocation: allocated: 0B, wasted: 0B, unused: 0B, used: 0B, undo waste: 0B, 
[12.690s][debug][gc,plab        ] GC(55) Old other allocation: region end waste: 0B, regions filled: 1, direct allocated: 0B, failure used: 0B, failure wasted: 0B
[12.690s][debug][gc,plab        ] GC(55) Old sizing: calculated: 0B, actual: 2064B
[12.690s][debug][gc,ihop        ] GC(55) Basic information (value update), threshold: 140614041B (45.00), target occupancy: 312475648B, current occupancy: 4540960B, recent allocation size: 0B, recent allocation duration: 153.59ms, recent old gen allocation rate: 0.00B/s, recent marking phase length: 0.00ms
[12.690s][debug][gc,ihop        ] GC(55) Adaptive IHOP information (value update), threshold: 140614041B (47.37), internal target occupancy: 296851865B, occupancy: 4540960B, additional buffer size: 186646528B, predicted old gen allocation rate: 39728.91B/s, predicted marking phase length: 0.00ms, prediction active: false
[12.690s][debug][gc,ergo,refine ] GC(55) Concurrent refinement times: Logged Cards Scan time goal: 20.00ms Logged Cards Scan time: 0.00ms HCC time: 0.00ms
[12.690s][debug][gc,ergo,refine ] GC(55) Updated Refinement Zones: green: 2048, yellow: 6144, red: 10240
[12.690s][info ][gc,phases      ] GC(55)   Pre Evacuate Collection Set: 0.1ms
[12.690s][debug][gc,phases      ] GC(55)     Prepare TLABs: 0.0ms
[12.690s][debug][gc,phases      ] GC(55)     Choose Collection Set: 0.0ms
[12.690s][debug][gc,phases      ] GC(55)     Region Register: 0.1ms
[12.690s][debug][gc,phases      ] GC(55)     Prepare Heap Roots: 0.0ms
[12.690s][info ][gc,phases      ] GC(55)   Merge Heap Roots: 0.1ms
[12.690s][debug][gc,phases      ] GC(55)     Prepare Merge Heap Roots: 0.0ms
[12.690s][debug][gc,phases      ] GC(55)     Eager Reclaim (ms):       skipped
[12.690s][debug][gc,phases      ] GC(55)     Remembered Sets (ms):     Min:  0.0, Avg:  0.0, Max:  0.0, Diff:  0.0, Sum:  0.1, Workers: 8
[12.690s][debug][gc,phases      ] GC(55)       Merged Sparse:            Min: 0, Avg:  0.0, Max: 0, Diff: 0, Sum: 0, Workers: 8
[12.690s][debug][gc,phases      ] GC(55)       Merged Fine:              Min: 0, Avg:  0.0, Max: 0, Diff: 0, Sum: 0, Workers: 8
[12.690s][debug][gc,phases      ] GC(55)       Merged Coarse:            Min: 0, Avg:  0.0, Max: 0, Diff: 0, Sum: 0, Workers: 8
[12.690s][debug][gc,phases      ] GC(55)       Dirty Cards:              Min: 0, Avg:  0.0, Max: 0, Diff: 0, Sum: 0, Workers: 8
[12.690s][debug][gc,phases      ] GC(55)     Hot Card Cache (ms):      Min:  0.0, Avg:  0.0, Max:  0.0, Diff:  0.0, Sum:  0.0, Workers: 8
[12.690s][debug][gc,phases      ] GC(55)       Dirty Cards:              Min: 0, Avg:  0.0, Max: 0, Diff: 0, Sum: 0, Workers: 8
[12.690s][debug][gc,phases      ] GC(55)       Skipped Cards:            Min: 0, Avg:  0.0, Max: 0, Diff: 0, Sum: 0, Workers: 8
[12.690s][debug][gc,phases      ] GC(55)     Log Buffers (ms):         Min:  0.0, Avg:  0.0, Max:  0.0, Diff:  0.0, Sum:  0.0, Workers: 8
[12.690s][debug][gc,phases      ] GC(55)       Dirty Cards:              Min: 0, Avg:  0.1, Max: 1, Diff: 1, Sum: 1, Workers: 8
[12.690s][debug][gc,phases      ] GC(55)       Skipped Cards:            Min: 0, Avg:  0.0, Max: 0, Diff: 0, Sum: 0, Workers: 8
[12.690s][info ][gc,phases      ] GC(55)   Evacuate Collection Set: 0.1ms
[12.690s][debug][gc,phases      ] GC(55)     Ext Root Scanning (ms):   Min:  0.0, Avg:  0.0, Max:  0.1, Diff:  0.0, Sum:  0.2, Workers: 8
[12.690s][debug][gc,phases      ] GC(55)     Scan Heap Roots (ms):     Min:  0.0, Avg:  0.0, Max:  0.0, Diff:  0.0, Sum:  0.0, Workers: 8
[12.690s][debug][gc,phases      ] GC(55)       Scanned Cards:            Min: 0, Avg:  0.1, Max: 1, Diff: 1, Sum: 1, Workers: 8
[12.690s][debug][gc,phases      ] GC(55)       Scanned Blocks:           Min: 0, Avg:  0.1, Max: 1, Diff: 1, Sum: 1, Workers: 8
[12.690s][debug][gc,phases      ] GC(55)       Claimed Chunks:           Min: 0, Avg:  0.1, Max: 1, Diff: 1, Sum: 1, Workers: 8
[12.690s][debug][gc,phases      ] GC(55)     Code Root Scan (ms):      Min:  0.0, Avg:  0.0, Max:  0.0, Diff:  0.0, Sum:  0.0, Workers: 8
[12.690s][debug][gc,phases      ] GC(55)     Object Copy (ms):         Min:  0.0, Avg:  0.0, Max:  0.0, Diff:  0.0, Sum:  0.0, Workers: 8
[12.690s][debug][gc,phases      ] GC(55)     Termination (ms):         Min:  0.0, Avg:  0.0, Max:  0.1, Diff:  0.0, Sum:  0.4, Workers: 8
[12.690s][debug][gc,phases      ] GC(55)       Termination Attempts:     Min: 1, Avg:  1.0, Max: 1, Diff: 0, Sum: 8, Workers: 8
[12.690s][debug][gc,phases      ] GC(55)     GC Worker Other (ms):     Min:  0.0, Avg:  0.0, Max:  0.0, Diff:  0.0, Sum:  0.1, Workers: 8
[12.690s][debug][gc,phases      ] GC(55)     GC Worker Total (ms):     Min:  0.0, Avg:  0.1, Max:  0.1, Diff:  0.1, Sum:  0.8, Workers: 8
[12.690s][info ][gc,phases      ] GC(55)   Post Evacuate Collection Set: 0.4ms
[12.690s][debug][gc,phases      ] GC(55)     Code Roots Fixup: 0.0ms
[12.690s][debug][gc,phases      ] GC(55)     Clear Card Table: 0.1ms
[12.690s][debug][gc,phases      ] GC(55)     Reference Processing: 0.0ms
[12.690s][debug][gc,phases,ref  ] GC(55)       Reconsider SoftReferences: 0.0ms
[12.690s][debug][gc,phases,ref  ] GC(55)         SoftRef (ms):             skipped
[12.690s][debug][gc,phases,ref  ] GC(55)       Notify Soft/WeakReferences: 0.0ms
[12.690s][debug][gc,phases,ref  ] GC(55)         SoftRef (ms):             skipped
[12.690s][debug][gc,phases,ref  ] GC(55)         WeakRef (ms):             skipped
[12.690s][debug][gc,phases,ref  ] GC(55)         FinalRef (ms):            skipped
[12.690s][debug][gc,phases,ref  ] GC(55)         Total (ms):               skipped
[12.690s][debug][gc,phases,ref  ] GC(55)       Notify and keep alive finalizable: 0.0ms
[12.690s][debug][gc,phases,ref  ] GC(55)         FinalRef (ms):            skipped
[12.690s][debug][gc,phases,ref  ] GC(55)       Notify PhantomReferences: 0.0ms
[12.690s][debug][gc,phases,ref  ] GC(55)         PhantomRef (ms):          skipped
[12.690s][debug][gc,phases,ref  ] GC(55)       SoftReference:
[12.690s][debug][gc,phases,ref  ] GC(55)         Discovered: 0
[12.690s][debug][gc,phases,ref  ] GC(55)         Cleared: 0
[12.690s][debug][gc,phases,ref  ] GC(55)       WeakReference:
[12.690s][debug][gc,phases,ref  ] GC(55)         Discovered: 0
[12.690s][debug][gc,phases,ref  ] GC(55)         Cleared: 0
[12.690s][debug][gc,phases,ref  ] GC(55)       FinalReference:
[12.690s][debug][gc,phases,ref  ] GC(55)         Discovered: 0
[12.690s][debug][gc,phases,ref  ] GC(55)         Cleared: 0
[12.690s][debug][gc,phases,ref  ] GC(55)       PhantomReference:
[12.690s][debug][gc,phases,ref  ] GC(55)         Discovered: 0
[12.690s][debug][gc,phases,ref  ] GC(55)         Cleared: 0
[12.690s][debug][gc,phases      ] GC(55)     Weak Processing: 0.1ms
[12.690s][debug][gc,phases      ] GC(55)       JVMTI weak processing: 0.0ms
[12.690s][debug][gc,phases      ] GC(55)         Dead: 0
[12.690s][debug][gc,phases      ] GC(55)         Total: 0
[12.690s][debug][gc,phases      ] GC(55)       JFR weak processing: 0.0ms
[12.690s][debug][gc,phases      ] GC(55)         Dead: 0
[12.690s][debug][gc,phases      ] GC(55)         Total: 0
[12.690s][debug][gc,phases      ] GC(55)       JNI weak                  Min:  0.0, Avg:  0.0, Max:  0.0, Diff:  0.0, Sum:  0.0, Workers: 5
[12.690s][debug][gc,phases      ] GC(55)         Dead                      Min: 0, Avg:  0.0, Max: 0, Diff: 0, Sum: 0, Workers: 5
[12.690s][debug][gc,phases      ] GC(55)         Total                     Min: 0, Avg: 13.4, Max: 52, Diff: 52, Sum: 67, Workers: 5
[12.690s][debug][gc,phases      ] GC(55)       VM weak                   Min:  0.0, Avg:  0.0, Max:  0.0, Diff:  0.0, Sum:  0.0, Workers: 5
[12.690s][debug][gc,phases      ] GC(55)         Dead                      Min: 0, Avg:  0.0, Max: 0, Diff: 0, Sum: 0, Workers: 5
[12.690s][debug][gc,phases      ] GC(55)         Total                     Min: 0, Avg: 47.6, Max: 128, Diff: 128, Sum: 238, Workers: 5
[12.690s][debug][gc,phases      ] GC(55)       StringTable weak          Min:  0.0, Avg:  0.0, Max:  0.0, Diff:  0.0, Sum:  0.1, Workers: 5
[12.690s][debug][gc,phases      ] GC(55)         Dead                      Min: 0, Avg:  0.0, Max: 0, Diff: 0, Sum: 0, Workers: 5
[12.690s][debug][gc,phases      ] GC(55)         Total                     Min: 128, Avg: 728.6, Max: 960, Diff: 832, Sum: 3643, Workers: 5
[12.690s][debug][gc,phases      ] GC(55)       ResolvedMethodTable weak  Min:  0.0, Avg:  0.0, Max:  0.0, Diff:  0.0, Sum:  0.0, Workers: 5
[12.690s][debug][gc,phases      ] GC(55)         Dead                      Min: 0, Avg:  0.0, Max: 0, Diff: 0, Sum: 0, Workers: 5
[12.690s][debug][gc,phases      ] GC(55)         Total                     Min: 64, Avg: 123.4, Max: 192, Diff: 128, Sum: 617, Workers: 5
[12.690s][debug][gc,phases      ] GC(55)     Merge Per-Thread State: 0.0ms
[12.690s][debug][gc,phases      ] GC(55)       Copied Bytes              Min: 0, Avg: 22.0, Max: 128, Diff: 128, Sum: 176, Workers: 8
[12.690s][debug][gc,phases      ] GC(55)       LAB Waste                 Min: 0, Avg:  0.0, Max: 0, Diff: 0, Sum: 0, Workers: 8
[12.690s][debug][gc,phases      ] GC(55)       LAB Undo Waste            Min: 0, Avg:  0.0, Max: 0, Diff: 0, Sum: 0, Workers: 8
[12.690s][debug][gc,phases      ] GC(55)     Code Roots Purge: 0.0ms
[12.690s][debug][gc,phases      ] GC(55)     Redirty Cards: 0.0ms
[12.690s][debug][gc,phases      ] GC(55)     DerivedPointerTable Update: 0.0ms
[12.690s][debug][gc,phases      ] GC(55)     Free Collection Set: 0.1ms
[12.690s][debug][gc,phases      ] GC(55)     Rebuild Free List: 0.1ms
[12.690s][debug][gc,phases      ] GC(55)     Humongous Reclaim: 0.0ms
[12.690s][debug][gc,phases      ] GC(55)     Start New Collection Set: 0.0ms
[12.690s][debug][gc,phases      ] GC(55)     Resize TLABs: 0.0ms
[12.690s][debug][gc,phases      ] GC(55)     Expand Heap After Collection: 0.0ms
[12.690s][info ][gc,phases      ] GC(55)   Other: 0.4ms
[12.690s][info ][gc,heap        ] GC(55) Eden regions: 177->0(177)
[12.690s][info ][gc,heap        ] GC(55) Survivor regions: 1->1(23)
[12.690s][info ][gc,heap        ] GC(55) Old regions: 7->7
[12.690s][info ][gc,heap        ] GC(55) Archive regions: 2->2
[12.690s][info ][gc,heap        ] GC(55) Humongous regions: 0->0
[12.690s][info ][gc,metaspace   ] GC(55) Metaspace: 10703K(11136K)->10703K(11136K) NonClass: 9440K(9728K)->9440K(9728K) Class: 1263K(1408K)->1263K(1408K)
[12.690s][debug][gc,heap        ] GC(55) Heap after GC invocations=56 (full 1): garbage-first heap   total 305152K, used 4434K [0x0000000700000000, 0x0000000800000000)
[12.690s][debug][gc,heap        ] GC(55)   region size 1024K, 1 young (1024K), 1 survivors (1024K)
[12.690s][debug][gc,heap        ] GC(55)  Metaspace       used 10703K, capacity 10992K, committed 11136K, reserved 1058816K
[12.690s][debug][gc,heap        ] GC(55)   class space    used 1263K, capacity 1389K, committed 1408K, reserved 1048576K
[12.690s][info ][gc             ] GC(55) Pause Young (Normal) (G1 Evacuation Pause) 181M->4M(298M) 1.534ms
[12.690s][info ][gc,cpu         ] GC(55) User=0.01s Sys=0.00s Real=0.00s
[12.690s][info ][safepoint      ] Safepoint "G1CollectForAllocation", Time since last: 152453726 ns, Reaching safepoint: 112055 ns, At safepoint: 1895163 ns, Total: 2007218 ns
[12.857s][debug][gc,heap        ] GC(56) Heap before GC invocations=56 (full 1): garbage-first heap   total 305152K, used 185682K [0x0000000700000000, 0x0000000800000000)
[12.857s][debug][gc,heap        ] GC(56)   region size 1024K, 178 young (182272K), 1 survivors (1024K)
[12.857s][debug][gc,heap        ] GC(56)  Metaspace       used 10703K, capacity 10992K, committed 11136K, reserved 1058816K
[12.857s][debug][gc,heap        ] GC(56)   class space    used 1263K, capacity 1389K, committed 1408K, reserved 1048576K
[12.857s][info ][gc,start       ] GC(56) Pause Young (Normal) (G1 Evacuation Pause)
[12.857s][info ][gc,task        ] GC(56) Using 8 workers of 8 for evacuation
[12.857s][debug][gc,tlab        ] GC(56) TLAB totals: thrds: 8  refills: 709 max: 96 slow allocs: 0 max 0 waste:  1.1% gc: 1642400B max: 439232B slow: 410720B max: 55440B fast: 0B max: 0B
[12.857s][debug][gc,age         ] GC(56) Desired survivor size 12058624 bytes, new threshold 15 (max threshold 15)
[12.857s][debug][gc,alloc,region] GC(56) Mutator Allocation stats, regions: 177, wasted size: 0B ( 0.0%)
[12.857s][debug][gc,ergo        ] GC(56) Running G1 Merge Heap Roots using 8 workers for 178 regions
[12.857s][debug][gc,remset      ] GC(56) Visited cards 256 Total dirty 2048 (12.50%) Total old 747520 (0.03%)
[12.857s][debug][gc,ergo        ] GC(56) Running G1 Clear Card Table Task using 1 workers for 1 units of work for 179 regions.
[12.858s][debug][gc,ref         ] GC(56) Skipped phase1 of Reference Processing due to unavailable references
[12.858s][debug][gc,ref         ] GC(56) Skipped phase2 of Reference Processing due to unavailable references
[12.858s][debug][gc,ref         ] GC(56) Skipped phase3 of Reference Processing due to unavailable references
[12.858s][debug][gc,ref         ] GC(56) Skipped phase4 of Reference Processing due to unavailable references
[12.858s][debug][gc,ergo        ] GC(56) Running G1 Free Collection Set using 8 workers for collection set length 178 (298)
[12.858s][debug][gc,ergo        ] GC(56) Running G1 Rebuild Free List Task using 8 workers for rebuilding free list of 0 (4096) regions
[12.858s][trace][gc,age         ] GC(56) Age table with threshold 15 (max threshold 15)
[12.858s][trace][gc,age         ] GC(56) - age   1:        360 bytes,        360 total
[12.858s][debug][gc,plab        ] GC(56) Young PLAB allocation: allocated: 10320B, wasted: 0B, unused: 9960B, used: 360B, undo waste: 0B, 
[12.858s][debug][gc,plab        ] GC(56) Young other allocation: region end waste: 0B, regions filled: 1, direct allocated: 0B, failure used: 0B, failure wasted: 0B
[12.858s][debug][gc,plab        ] GC(56) Young sizing: calculated: 72B, actual: 2064B
[12.858s][debug][gc,plab        ] GC(56) Old PLAB allocation: allocated: 0B, wasted: 0B, unused: 0B, used: 0B, undo waste: 0B, 
[12.858s][debug][gc,plab        ] GC(56) Old other allocation: region end waste: 0B, regions filled: 1, direct allocated: 0B, failure used: 0B, failure wasted: 0B
[12.858s][debug][gc,plab        ] GC(56) Old sizing: calculated: 0B, actual: 2064B
[12.858s][debug][gc,ihop        ] GC(56) Basic information (value update), threshold: 140614041B (45.00), target occupancy: 312475648B, current occupancy: 4545088B, recent allocation size: 0B, recent allocation duration: 167.48ms, recent old gen allocation rate: 0.00B/s, recent marking phase length: 0.00ms
[12.858s][debug][gc,ihop        ] GC(56) Adaptive IHOP information (value update), threshold: 140614041B (47.37), internal target occupancy: 296851865B, occupancy: 4545088B, additional buffer size: 186646528B, predicted old gen allocation rate: 38447.82B/s, predicted marking phase length: 0.00ms, prediction active: false
[12.858s][debug][gc,ergo,refine ] GC(56) Concurrent refinement times: Logged Cards Scan time goal: 20.00ms Logged Cards Scan time: 0.00ms HCC time: 0.00ms
[12.858s][debug][gc,ergo,refine ] GC(56) Updated Refinement Zones: green: 2048, yellow: 6144, red: 10240
[12.858s][info ][gc,phases      ] GC(56)   Pre Evacuate Collection Set: 0.1ms
[12.858s][debug][gc,phases      ] GC(56)     Prepare TLABs: 0.0ms
[12.858s][debug][gc,phases      ] GC(56)     Choose Collection Set: 0.0ms
[12.858s][debug][gc,phases      ] GC(56)     Region Register: 0.1ms
[12.858s][debug][gc,phases      ] GC(56)     Prepare Heap Roots: 0.0ms
[12.858s][info ][gc,phases      ] GC(56)   Merge Heap Roots: 0.1ms
[12.858s][debug][gc,phases      ] GC(56)     Prepare Merge Heap Roots: 0.0ms
[12.858s][debug][gc,phases      ] GC(56)     Eager Reclaim (ms):       skipped
[12.858s][debug][gc,phases      ] GC(56)     Remembered Sets (ms):     Min:  0.0, Avg:  0.0, Max:  0.0, Diff:  0.0, Sum:  0.1, Workers: 8
[12.858s][debug][gc,phases      ] GC(56)       Merged Sparse:            Min: 0, Avg:  0.0, Max: 0, Diff: 0, Sum: 0, Workers: 8
[12.858s][debug][gc,phases      ] GC(56)       Merged Fine:              Min: 0, Avg:  0.0, Max: 0, Diff: 0, Sum: 0, Workers: 8
[12.858s][debug][gc,phases      ] GC(56)       Merged Coarse:            Min: 0, Avg:  0.0, Max: 0, Diff: 0, Sum: 0, Workers: 8
[12.858s][debug][gc,phases      ] GC(56)       Dirty Cards:              Min: 0, Avg:  0.0, Max: 0, Diff: 0, Sum: 0, Workers: 8
[12.858s][debug][gc,phases      ] GC(56)     Hot Card Cache (ms):      Min:  0.0, Avg:  0.0, Max:  0.0, Diff:  0.0, Sum:  0.0, Workers: 8
[12.858s][debug][gc,phases      ] GC(56)       Dirty Cards:              Min: 0, Avg:  0.0, Max: 0, Diff: 0, Sum: 0, Workers: 8
[12.858s][debug][gc,phases      ] GC(56)       Skipped Cards:            Min: 0, Avg:  0.0, Max: 0, Diff: 0, Sum: 0, Workers: 8
[12.858s][debug][gc,phases      ] GC(56)     Log Buffers (ms):         Min:  0.0, Avg:  0.0, Max:  0.0, Diff:  0.0, Sum:  0.0, Workers: 8
[12.858s][debug][gc,phases      ] GC(56)       Dirty Cards:              Min: 0, Avg:  0.1, Max: 1, Diff: 1, Sum: 1, Workers: 8
[12.858s][debug][gc,phases      ] GC(56)       Skipped Cards:            Min: 0, Avg:  0.0, Max: 0, Diff: 0, Sum: 0, Workers: 8
[12.858s][info ][gc,phases      ] GC(56)   Evacuate Collection Set: 0.2ms
[12.858s][debug][gc,phases      ] GC(56)     Ext Root Scanning (ms):   Min:  0.0, Avg:  0.0, Max:  0.0, Diff:  0.0, Sum:  0.2, Workers: 8
[12.858s][debug][gc,phases      ] GC(56)     Scan Heap Roots (ms):     Min:  0.0, Avg:  0.0, Max:  0.0, Diff:  0.0, Sum:  0.0, Workers: 8
[12.858s][debug][gc,phases      ] GC(56)       Scanned Cards:            Min: 0, Avg:  0.1, Max: 1, Diff: 1, Sum: 1, Workers: 8
[12.858s][debug][gc,phases      ] GC(56)       Scanned Blocks:           Min: 0, Avg:  0.1, Max: 1, Diff: 1, Sum: 1, Workers: 8
[12.858s][debug][gc,phases      ] GC(56)       Claimed Chunks:           Min: 0, Avg:  0.1, Max: 1, Diff: 1, Sum: 1, Workers: 8
[12.858s][debug][gc,phases      ] GC(56)     Code Root Scan (ms):      Min:  0.0, Avg:  0.0, Max:  0.0, Diff:  0.0, Sum:  0.0, Workers: 8
[12.858s][debug][gc,phases      ] GC(56)     Object Copy (ms):         Min:  0.0, Avg:  0.0, Max:  0.0, Diff:  0.0, Sum:  0.0, Workers: 8
[12.858s][debug][gc,phases      ] GC(56)     Termination (ms):         Min:  0.1, Avg:  0.1, Max:  0.1, Diff:  0.0, Sum:  0.5, Workers: 8
[12.858s][debug][gc,phases      ] GC(56)       Termination Attempts:     Min: 1, Avg:  1.0, Max: 1, Diff: 0, Sum: 8, Workers: 8
[12.858s][debug][gc,phases      ] GC(56)     GC Worker Other (ms):     Min:  0.0, Avg:  0.0, Max:  0.0, Diff:  0.0, Sum:  0.1, Workers: 8
[12.858s][debug][gc,phases      ] GC(56)     GC Worker Total (ms):     Min:  0.1, Avg:  0.1, Max:  0.1, Diff:  0.1, Sum:  0.9, Workers: 8
[12.858s][info ][gc,phases      ] GC(56)   Post Evacuate Collection Set: 0.5ms
[12.858s][debug][gc,phases      ] GC(56)     Code Roots Fixup: 0.0ms
[12.858s][debug][gc,phases      ] GC(56)     Clear Card Table: 0.1ms
[12.858s][debug][gc,phases      ] GC(56)     Reference Processing: 0.0ms
[12.858s][debug][gc,phases,ref  ] GC(56)       Reconsider SoftReferences: 0.0ms
[12.858s][debug][gc,phases,ref  ] GC(56)         SoftRef (ms):             skipped
[12.858s][debug][gc,phases,ref  ] GC(56)       Notify Soft/WeakReferences: 0.0ms
[12.858s][debug][gc,phases,ref  ] GC(56)         SoftRef (ms):             skipped
[12.858s][debug][gc,phases,ref  ] GC(56)         WeakRef (ms):             skipped
[12.858s][debug][gc,phases,ref  ] GC(56)         FinalRef (ms):            skipped
[12.858s][debug][gc,phases,ref  ] GC(56)         Total (ms):               skipped
[12.858s][debug][gc,phases,ref  ] GC(56)       Notify and keep alive finalizable: 0.0ms
[12.858s][debug][gc,phases,ref  ] GC(56)         FinalRef (ms):            skipped
[12.858s][debug][gc,phases,ref  ] GC(56)       Notify PhantomReferences: 0.0ms
[12.858s][debug][gc,phases,ref  ] GC(56)         PhantomRef (ms):          skipped
[12.858s][debug][gc,phases,ref  ] GC(56)       SoftReference:
[12.858s][debug][gc,phases,ref  ] GC(56)         Discovered: 0
[12.858s][debug][gc,phases,ref  ] GC(56)         Cleared: 0
[12.858s][debug][gc,phases,ref  ] GC(56)       WeakReference:
[12.858s][debug][gc,phases,ref  ] GC(56)         Discovered: 0
[12.858s][debug][gc,phases,ref  ] GC(56)         Cleared: 0
[12.858s][debug][gc,phases,ref  ] GC(56)       FinalReference:
[12.858s][debug][gc,phases,ref  ] GC(56)         Discovered: 0
[12.858s][debug][gc,phases,ref  ] GC(56)         Cleared: 0
[12.858s][debug][gc,phases,ref  ] GC(56)       PhantomReference:
[12.858s][debug][gc,phases,ref  ] GC(56)         Discovered: 0
[12.858s][debug][gc,phases,ref  ] GC(56)         Cleared: 0
[12.858s][debug][gc,phases      ] GC(56)     Weak Processing: 0.1ms
[12.858s][debug][gc,phases      ] GC(56)       JVMTI weak processing: 0.0ms
[12.858s][debug][gc,phases      ] GC(56)         Dead: 0
[12.858s][debug][gc,phases      ] GC(56)         Total: 0
[12.858s][debug][gc,phases      ] GC(56)       JFR weak processing: 0.0ms
[12.858s][debug][gc,phases      ] GC(56)         Dead: 0
[12.858s][debug][gc,phases      ] GC(56)         Total: 0
[12.858s][debug][gc,phases      ] GC(56)       JNI weak                  Min:  0.0, Avg:  0.0, Max:  0.0, Diff:  0.0, Sum:  0.0, Workers: 5
[12.858s][debug][gc,phases      ] GC(56)         Dead                      Min: 0, Avg:  0.0, Max: 0, Diff: 0, Sum: 0, Workers: 5
[12.858s][debug][gc,phases      ] GC(56)         Total                     Min: 0, Avg: 13.4, Max: 52, Diff: 52, Sum: 67, Workers: 5
[12.858s][debug][gc,phases      ] GC(56)       VM weak                   Min:  0.0, Avg:  0.0, Max:  0.0, Diff:  0.0, Sum:  0.0, Workers: 5
[12.858s][debug][gc,phases      ] GC(56)         Dead                      Min: 0, Avg:  0.0, Max: 0, Diff: 0, Sum: 0, Workers: 5
[12.858s][debug][gc,phases      ] GC(56)         Total                     Min: 0, Avg: 47.6, Max: 128, Diff: 128, Sum: 238, Workers: 5
[12.858s][debug][gc,phases      ] GC(56)       StringTable weak          Min:  0.0, Avg:  0.0, Max:  0.1, Diff:  0.1, Sum:  0.1, Workers: 5
[12.858s][debug][gc,phases      ] GC(56)         Dead                      Min: 0, Avg:  0.0, Max: 0, Diff: 0, Sum: 0, Workers: 5
[12.858s][debug][gc,phases      ] GC(56)         Total                     Min: 64, Avg: 728.6, Max: 1726, Diff: 1662, Sum: 3643, Workers: 5
[12.858s][debug][gc,phases      ] GC(56)       ResolvedMethodTable weak  Min:  0.0, Avg:  0.0, Max:  0.0, Diff:  0.0, Sum:  0.0, Workers: 5
[12.858s][debug][gc,phases      ] GC(56)         Dead                      Min: 0, Avg:  0.0, Max: 0, Diff: 0, Sum: 0, Workers: 5
[12.858s][debug][gc,phases      ] GC(56)         Total                     Min: 41, Avg: 123.4, Max: 192, Diff: 151, Sum: 617, Workers: 5
[12.858s][debug][gc,phases      ] GC(56)     Merge Per-Thread State: 0.0ms
[12.858s][debug][gc,phases      ] GC(56)       Copied Bytes              Min: 0, Avg: 45.0, Max: 128, Diff: 128, Sum: 360, Workers: 8
[12.858s][debug][gc,phases      ] GC(56)       LAB Waste                 Min: 0, Avg:  0.0, Max: 0, Diff: 0, Sum: 0, Workers: 8
[12.858s][debug][gc,phases      ] GC(56)       LAB Undo Waste            Min: 0, Avg:  0.0, Max: 0, Diff: 0, Sum: 0, Workers: 8
[12.858s][debug][gc,phases      ] GC(56)     Code Roots Purge: 0.0ms
[12.858s][debug][gc,phases      ] GC(56)     Redirty Cards: 0.0ms
[12.858s][debug][gc,phases      ] GC(56)     DerivedPointerTable Update: 0.0ms
[12.859s][debug][gc,phases      ] GC(56)     Free Collection Set: 0.1ms
[12.859s][debug][gc,phases      ] GC(56)     Rebuild Free List: 0.0ms
[12.859s][debug][gc,phases      ] GC(56)     Humongous Reclaim: 0.0ms
[12.859s][debug][gc,phases      ] GC(56)     Start New Collection Set: 0.0ms
[12.859s][debug][gc,phases      ] GC(56)     Resize TLABs: 0.0ms
[12.859s][debug][gc,phases      ] GC(56)     Expand Heap After Collection: 0.0ms
[12.859s][info ][gc,phases      ] GC(56)   Other: 0.3ms
[12.859s][info ][gc,heap        ] GC(56) Eden regions: 177->0(177)
[12.859s][info ][gc,heap        ] GC(56) Survivor regions: 1->1(23)
[12.859s][info ][gc,heap        ] GC(56) Old regions: 7->7
[12.859s][info ][gc,heap        ] GC(56) Archive regions: 2->2
[12.859s][info ][gc,heap        ] GC(56) Humongous regions: 0->0
[12.859s][info ][gc,metaspace   ] GC(56) Metaspace: 10703K(11136K)->10703K(11136K) NonClass: 9440K(9728K)->9440K(9728K) Class: 1263K(1408K)->1263K(1408K)
[12.859s][debug][gc,heap        ] GC(56) Heap after GC invocations=57 (full 1): garbage-first heap   total 305152K, used 4438K [0x0000000700000000, 0x0000000800000000)
[12.859s][debug][gc,heap        ] GC(56)   region size 1024K, 1 young (1024K), 1 survivors (1024K)
[12.859s][debug][gc,heap        ] GC(56)  Metaspace       used 10703K, capacity 10992K, committed 11136K, reserved 1058816K
[12.859s][debug][gc,heap        ] GC(56)   class space    used 1263K, capacity 1389K, committed 1408K, reserved 1048576K
[12.859s][info ][gc             ] GC(56) Pause Young (Normal) (G1 Evacuation Pause) 181M->4M(298M) 1.681ms
[12.859s][info ][gc,cpu         ] GC(56) User=0.00s Sys=0.00s Real=0.01s
[12.859s][info ][safepoint      ] Safepoint "G1CollectForAllocation", Time since last: 166469195 ns, Reaching safepoint: 169426 ns, At safepoint: 1844020 ns, Total: 2013446 ns
[13.026s][debug][gc,heap        ] GC(57) Heap before GC invocations=57 (full 1): garbage-first heap   total 305152K, used 185686K [0x0000000700000000, 0x0000000800000000)
[13.026s][debug][gc,heap        ] GC(57)   region size 1024K, 178 young (182272K), 1 survivors (1024K)
[13.026s][debug][gc,heap        ] GC(57)  Metaspace       used 10703K, capacity 10992K, committed 11136K, reserved 1058816K
[13.026s][debug][gc,heap        ] GC(57)   class space    used 1263K, capacity 1389K, committed 1408K, reserved 1048576K
[13.026s][info ][gc,start       ] GC(57) Pause Young (Normal) (G1 Evacuation Pause)
[13.026s][info ][gc,task        ] GC(57) Using 8 workers of 8 for evacuation
[13.026s][debug][gc,tlab        ] GC(57) TLAB totals: thrds: 8  refills: 714 max: 100 slow allocs: 0 max 0 waste:  0.7% gc: 963312B max: 267856B slow: 412352B max: 57736B fast: 0B max: 0B
[13.026s][debug][gc,age         ] GC(57) Desired survivor size 12058624 bytes, new threshold 15 (max threshold 15)
[13.026s][debug][gc,alloc,region] GC(57) Mutator Allocation stats, regions: 177, wasted size: 0B ( 0.0%)
[13.026s][debug][gc,ergo        ] GC(57) Running G1 Merge Heap Roots using 8 workers for 178 regions
[13.026s][debug][gc,remset      ] GC(57) Visited cards 256 Total dirty 2048 (12.50%) Total old 747520 (0.03%)
[13.026s][debug][gc,ergo        ] GC(57) Running G1 Clear Card Table Task using 1 workers for 1 units of work for 179 regions.
[13.026s][debug][gc,ref         ] GC(57) Skipped phase1 of Reference Processing due to unavailable references
[13.026s][debug][gc,ref         ] GC(57) Skipped phase2 of Reference Processing due to unavailable references
[13.026s][debug][gc,ref         ] GC(57) Skipped phase3 of Reference Processing due to unavailable references
[13.026s][debug][gc,ref         ] GC(57) Skipped phase4 of Reference Processing due to unavailable references
[13.026s][debug][gc,ergo        ] GC(57) Running G1 Free Collection Set using 8 workers for collection set length 178 (298)
[13.026s][debug][gc,ergo        ] GC(57) Running G1 Rebuild Free List Task using 8 workers for rebuilding free list of 0 (4096) regions
[13.026s][trace][gc,age         ] GC(57) Age table with threshold 15 (max threshold 15)
[13.026s][trace][gc,age         ] GC(57) - age   1:        360 bytes,        360 total
[13.026s][debug][gc,plab        ] GC(57) Young PLAB allocation: allocated: 10320B, wasted: 0B, unused: 9960B, used: 360B, undo waste: 0B, 
[13.026s][debug][gc,plab        ] GC(57) Young other allocation: region end waste: 0B, regions filled: 1, direct allocated: 0B, failure used: 0B, failure wasted: 0B
[13.026s][debug][gc,plab        ] GC(57) Young sizing: calculated: 72B, actual: 2064B
[13.026s][debug][gc,plab        ] GC(57) Old PLAB allocation: allocated: 0B, wasted: 0B, unused: 0B, used: 0B, undo waste: 0B, 
[13.026s][debug][gc,plab        ] GC(57) Old other allocation: region end waste: 0B, regions filled: 1, direct allocated: 0B, failure used: 0B, failure wasted: 0B
[13.026s][debug][gc,plab        ] GC(57) Old sizing: calculated: 0B, actual: 2064B
[13.026s][debug][gc,ihop        ] GC(57) Basic information (value update), threshold: 140614041B (45.00), target occupancy: 312475648B, current occupancy: 4545088B, recent allocation size: 0B, recent allocation duration: 167.73ms, recent old gen allocation rate: 0.00B/s, recent marking phase length: 0.00ms
[13.026s][debug][gc,ihop        ] GC(57) Adaptive IHOP information (value update), threshold: 140614041B (47.37), internal target occupancy: 296851865B, occupancy: 4545088B, additional buffer size: 186646528B, predicted old gen allocation rate: 37212.10B/s, predicted marking phase length: 0.00ms, prediction active: false
[13.026s][debug][gc,ergo,refine ] GC(57) Concurrent refinement times: Logged Cards Scan time goal: 20.00ms Logged Cards Scan time: 0.00ms HCC time: 0.00ms
[13.026s][debug][gc,ergo,refine ] GC(57) Updated Refinement Zones: green: 2048, yellow: 6144, red: 10240
[13.026s][info ][gc,phases      ] GC(57)   Pre Evacuate Collection Set: 0.1ms
[13.026s][debug][gc,phases      ] GC(57)     Prepare TLABs: 0.0ms
[13.026s][debug][gc,phases      ] GC(57)     Choose Collection Set: 0.0ms
[13.026s][debug][gc,phases      ] GC(57)     Region Register: 0.1ms
[13.026s][debug][gc,phases      ] GC(57)     Prepare Heap Roots: 0.0ms
[13.026s][info ][gc,phases      ] GC(57)   Merge Heap Roots: 0.1ms
[13.026s][debug][gc,phases      ] GC(57)     Prepare Merge Heap Roots: 0.0ms
[13.026s][debug][gc,phases      ] GC(57)     Eager Reclaim (ms):       skipped
[13.026s][debug][gc,phases      ] GC(57)     Remembered Sets (ms):     Min:  0.0, Avg:  0.0, Max:  0.0, Diff:  0.0, Sum:  0.0, Workers: 8
[13.026s][debug][gc,phases      ] GC(57)       Merged Sparse:            Min: 0, Avg:  0.0, Max: 0, Diff: 0, Sum: 0, Workers: 8
[13.027s][debug][gc,phases      ] GC(57)       Merged Fine:              Min: 0, Avg:  0.0, Max: 0, Diff: 0, Sum: 0, Workers: 8
[13.027s][debug][gc,phases      ] GC(57)       Merged Coarse:            Min: 0, Avg:  0.0, Max: 0, Diff: 0, Sum: 0, Workers: 8
[13.027s][debug][gc,phases      ] GC(57)       Dirty Cards:              Min: 0, Avg:  0.0, Max: 0, Diff: 0, Sum: 0, Workers: 8
[13.027s][debug][gc,phases      ] GC(57)     Hot Card Cache (ms):      Min:  0.0, Avg:  0.0, Max:  0.0, Diff:  0.0, Sum:  0.0, Workers: 8
[13.027s][debug][gc,phases      ] GC(57)       Dirty Cards:              Min: 0, Avg:  0.0, Max: 0, Diff: 0, Sum: 0, Workers: 8
[13.027s][debug][gc,phases      ] GC(57)       Skipped Cards:            Min: 0, Avg:  0.0, Max: 0, Diff: 0, Sum: 0, Workers: 8
[13.027s][debug][gc,phases      ] GC(57)     Log Buffers (ms):         Min:  0.0, Avg:  0.0, Max:  0.0, Diff:  0.0, Sum:  0.0, Workers: 8
[13.027s][debug][gc,phases      ] GC(57)       Dirty Cards:              Min: 0, Avg:  0.1, Max: 1, Diff: 1, Sum: 1, Workers: 8
[13.027s][debug][gc,phases      ] GC(57)       Skipped Cards:            Min: 0, Avg:  0.0, Max: 0, Diff: 0, Sum: 0, Workers: 8
[13.027s][info ][gc,phases      ] GC(57)   Evacuate Collection Set: 0.2ms
[13.027s][debug][gc,phases      ] GC(57)     Ext Root Scanning (ms):   Min:  0.0, Avg:  0.0, Max:  0.1, Diff:  0.1, Sum:  0.2, Workers: 8
[13.027s][debug][gc,phases      ] GC(57)     Scan Heap Roots (ms):     Min:  0.0, Avg:  0.0, Max:  0.0, Diff:  0.0, Sum:  0.0, Workers: 8
[13.027s][debug][gc,phases      ] GC(57)       Scanned Cards:            Min: 0, Avg:  0.1, Max: 1, Diff: 1, Sum: 1, Workers: 8
[13.027s][debug][gc,phases      ] GC(57)       Scanned Blocks:           Min: 0, Avg:  0.1, Max: 1, Diff: 1, Sum: 1, Workers: 8
[13.027s][debug][gc,phases      ] GC(57)       Claimed Chunks:           Min: 0, Avg:  0.1, Max: 1, Diff: 1, Sum: 1, Workers: 8
[13.027s][debug][gc,phases      ] GC(57)     Code Root Scan (ms):      Min:  0.0, Avg:  0.0, Max:  0.0, Diff:  0.0, Sum:  0.0, Workers: 8
[13.027s][debug][gc,phases      ] GC(57)     Object Copy (ms):         Min:  0.0, Avg:  0.0, Max:  0.0, Diff:  0.0, Sum:  0.0, Workers: 8
[13.027s][debug][gc,phases      ] GC(57)     Termination (ms):         Min:  0.1, Avg:  0.1, Max:  0.1, Diff:  0.0, Sum:  0.6, Workers: 8
[13.027s][debug][gc,phases      ] GC(57)       Termination Attempts:     Min: 1, Avg:  1.0, Max: 1, Diff: 0, Sum: 8, Workers: 8
[13.027s][debug][gc,phases      ] GC(57)     GC Worker Other (ms):     Min:  0.0, Avg:  0.0, Max:  0.0, Diff:  0.0, Sum:  0.1, Workers: 8
[13.027s][debug][gc,phases      ] GC(57)     GC Worker Total (ms):     Min:  0.1, Avg:  0.1, Max:  0.1, Diff:  0.0, Sum:  1.0, Workers: 8
[13.027s][info ][gc,phases      ] GC(57)   Post Evacuate Collection Set: 0.3ms
[13.027s][debug][gc,phases      ] GC(57)     Code Roots Fixup: 0.0ms
[13.027s][debug][gc,phases      ] GC(57)     Clear Card Table: 0.1ms
[13.027s][debug][gc,phases      ] GC(57)     Reference Processing: 0.0ms
[13.027s][debug][gc,phases,ref  ] GC(57)       Reconsider SoftReferences: 0.0ms
[13.027s][debug][gc,phases,ref  ] GC(57)         SoftRef (ms):             skipped
[13.027s][debug][gc,phases,ref  ] GC(57)       Notify Soft/WeakReferences: 0.0ms
[13.027s][debug][gc,phases,ref  ] GC(57)         SoftRef (ms):             skipped
[13.027s][debug][gc,phases,ref  ] GC(57)         WeakRef (ms):             skipped
[13.027s][debug][gc,phases,ref  ] GC(57)         FinalRef (ms):            skipped
[13.027s][debug][gc,phases,ref  ] GC(57)         Total (ms):               skipped
[13.027s][debug][gc,phases,ref  ] GC(57)       Notify and keep alive finalizable: 0.0ms
[13.027s][debug][gc,phases,ref  ] GC(57)         FinalRef (ms):            skipped
[13.027s][debug][gc,phases,ref  ] GC(57)       Notify PhantomReferences: 0.0ms
[13.027s][debug][gc,phases,ref  ] GC(57)         PhantomRef (ms):          skipped
[13.027s][debug][gc,phases,ref  ] GC(57)       SoftReference:
[13.027s][debug][gc,phases,ref  ] GC(57)         Discovered: 0
[13.027s][debug][gc,phases,ref  ] GC(57)         Cleared: 0
[13.027s][debug][gc,phases,ref  ] GC(57)       WeakReference:
[13.027s][debug][gc,phases,ref  ] GC(57)         Discovered: 0
[13.027s][debug][gc,phases,ref  ] GC(57)         Cleared: 0
[13.027s][debug][gc,phases,ref  ] GC(57)       FinalReference:
[13.027s][debug][gc,phases,ref  ] GC(57)         Discovered: 0
[13.027s][debug][gc,phases,ref  ] GC(57)         Cleared: 0
[13.027s][debug][gc,phases,ref  ] GC(57)       PhantomReference:
[13.027s][debug][gc,phases,ref  ] GC(57)         Discovered: 0
[13.027s][debug][gc,phases,ref  ] GC(57)         Cleared: 0
[13.027s][debug][gc,phases      ] GC(57)     Weak Processing: 0.1ms
[13.027s][debug][gc,phases      ] GC(57)       JVMTI weak processing: 0.0ms
[13.027s][debug][gc,phases      ] GC(57)         Dead: 0
[13.027s][debug][gc,phases      ] GC(57)         Total: 0
[13.027s][debug][gc,phases      ] GC(57)       JFR weak processing: 0.0ms
[13.027s][debug][gc,phases      ] GC(57)         Dead: 0
[13.027s][debug][gc,phases      ] GC(57)         Total: 0
[13.027s][debug][gc,phases      ] GC(57)       JNI weak                  Min:  0.0, Avg:  0.0, Max:  0.0, Diff:  0.0, Sum:  0.0, Workers: 5
[13.027s][debug][gc,phases      ] GC(57)         Dead                      Min: 0, Avg:  0.0, Max: 0, Diff: 0, Sum: 0, Workers: 5
[13.027s][debug][gc,phases      ] GC(57)         Total                     Min: 0, Avg: 13.4, Max: 67, Diff: 67, Sum: 67, Workers: 5
[13.027s][debug][gc,phases      ] GC(57)       VM weak                   Min:  0.0, Avg:  0.0, Max:  0.0, Diff:  0.0, Sum:  0.0, Workers: 5
[13.027s][debug][gc,phases      ] GC(57)         Dead                      Min: 0, Avg:  0.0, Max: 0, Diff: 0, Sum: 0, Workers: 5
[13.027s][debug][gc,phases      ] GC(57)         Total                     Min: 0, Avg: 47.6, Max: 128, Diff: 128, Sum: 238, Workers: 5
[13.027s][debug][gc,phases      ] GC(57)       StringTable weak          Min:  0.0, Avg:  0.0, Max:  0.0, Diff:  0.0, Sum:  0.1, Workers: 5
[13.027s][debug][gc,phases      ] GC(57)         Dead                      Min: 0, Avg:  0.0, Max: 0, Diff: 0, Sum: 0, Workers: 5
[13.027s][debug][gc,phases      ] GC(57)         Total                     Min: 0, Avg: 728.6, Max: 1851, Diff: 1851, Sum: 3643, Workers: 5
[13.027s][debug][gc,phases      ] GC(57)       ResolvedMethodTable weak  Min:  0.0, Avg:  0.0, Max:  0.0, Diff:  0.0, Sum:  0.0, Workers: 5
[13.027s][debug][gc,phases      ] GC(57)         Dead                      Min: 0, Avg:  0.0, Max: 0, Diff: 0, Sum: 0, Workers: 5
[13.027s][debug][gc,phases      ] GC(57)         Total                     Min: 0, Avg: 123.4, Max: 320, Diff: 320, Sum: 617, Workers: 5
[13.027s][debug][gc,phases      ] GC(57)     Merge Per-Thread State: 0.0ms
[13.027s][debug][gc,phases      ] GC(57)       Copied Bytes              Min: 0, Avg: 45.0, Max: 128, Diff: 128, Sum: 360, Workers: 8
[13.027s][debug][gc,phases      ] GC(57)       LAB Waste                 Min: 0, Avg:  0.0, Max: 0, Diff: 0, Sum: 0, Workers: 8
[13.027s][debug][gc,phases      ] GC(57)       LAB Undo Waste            Min: 0, Avg:  0.0, Max: 0, Diff: 0, Sum: 0, Workers: 8
[13.027s][debug][gc,phases      ] GC(57)     Code Roots Purge: 0.0ms
[13.027s][debug][gc,phases      ] GC(57)     Redirty Cards: 0.0ms
[13.027s][debug][gc,phases      ] GC(57)     DerivedPointerTable Update: 0.0ms
[13.027s][debug][gc,phases      ] GC(57)     Free Collection Set: 0.1ms
[13.027s][debug][gc,phases      ] GC(57)     Rebuild Free List: 0.0ms
[13.027s][debug][gc,phases      ] GC(57)     Humongous Reclaim: 0.0ms
[13.027s][debug][gc,phases      ] GC(57)     Start New Collection Set: 0.0ms
[13.027s][debug][gc,phases      ] GC(57)     Resize TLABs: 0.0ms
[13.027s][debug][gc,phases      ] GC(57)     Expand Heap After Collection: 0.0ms
[13.027s][info ][gc,phases      ] GC(57)   Other: 0.2ms
[13.027s][info ][gc,heap        ] GC(57) Eden regions: 177->0(177)
[13.027s][info ][gc,heap        ] GC(57) Survivor regions: 1->1(23)
[13.027s][info ][gc,heap        ] GC(57) Old regions: 7->7
[13.027s][info ][gc,heap        ] GC(57) Archive regions: 2->2
[13.027s][info ][gc,heap        ] GC(57) Humongous regions: 0->0
[13.027s][info ][gc,metaspace   ] GC(57) Metaspace: 10703K(11136K)->10703K(11136K) NonClass: 9440K(9728K)->9440K(9728K) Class: 1263K(1408K)->1263K(1408K)
[13.027s][debug][gc,heap        ] GC(57) Heap after GC invocations=58 (full 1): garbage-first heap   total 305152K, used 4438K [0x0000000700000000, 0x0000000800000000)
[13.027s][debug][gc,heap        ] GC(57)   region size 1024K, 1 young (1024K), 1 survivors (1024K)
[13.027s][debug][gc,heap        ] GC(57)  Metaspace       used 10703K, capacity 10992K, committed 11136K, reserved 1058816K
[13.027s][debug][gc,heap        ] GC(57)   class space    used 1263K, capacity 1389K, committed 1408K, reserved 1048576K
[13.027s][info ][gc             ] GC(57) Pause Young (Normal) (G1 Evacuation Pause) 181M->4M(298M) 1.380ms
[13.027s][info ][gc,cpu         ] GC(57) User=0.00s Sys=0.00s Real=0.00s
[13.027s][info ][safepoint      ] Safepoint "G1CollectForAllocation", Time since last: 166685773 ns, Reaching safepoint: 136230 ns, At safepoint: 1538029 ns, Total: 1674259 ns
[13.191s][debug][gc,heap        ] GC(58) Heap before GC invocations=58 (full 1): garbage-first heap   total 305152K, used 185686K [0x0000000700000000, 0x0000000800000000)
[13.191s][debug][gc,heap        ] GC(58)   region size 1024K, 178 young (182272K), 1 survivors (1024K)
[13.191s][debug][gc,heap        ] GC(58)  Metaspace       used 10703K, capacity 10992K, committed 11136K, reserved 1058816K
[13.191s][debug][gc,heap        ] GC(58)   class space    used 1263K, capacity 1389K, committed 1408K, reserved 1048576K
[13.191s][info ][gc,start       ] GC(58) Pause Young (Normal) (G1 Evacuation Pause)
[13.191s][info ][gc,task        ] GC(58) Using 8 workers of 8 for evacuation
[13.192s][debug][gc,tlab        ] GC(58) TLAB totals: thrds: 8  refills: 711 max: 94 slow allocs: 0 max 0 waste:  1.0% gc: 1530008B max: 379728B slow: 412280B max: 54240B fast: 0B max: 0B
[13.192s][debug][gc,age         ] GC(58) Desired survivor size 12058624 bytes, new threshold 15 (max threshold 15)
[13.192s][debug][gc,alloc,region] GC(58) Mutator Allocation stats, regions: 177, wasted size: 0B ( 0.0%)
[13.192s][debug][gc,ergo        ] GC(58) Running G1 Merge Heap Roots using 8 workers for 178 regions
[13.192s][debug][gc,remset      ] GC(58) Visited cards 256 Total dirty 2048 (12.50%) Total old 747520 (0.03%)
[13.192s][debug][gc,ergo        ] GC(58) Running G1 Clear Card Table Task using 1 workers for 1 units of work for 179 regions.
[13.192s][debug][gc,ref         ] GC(58) Skipped phase1 of Reference Processing due to unavailable references
[13.192s][debug][gc,ref         ] GC(58) Skipped phase2 of Reference Processing due to unavailable references
[13.192s][debug][gc,ref         ] GC(58) Skipped phase3 of Reference Processing due to unavailable references
[13.192s][debug][gc,ref         ] GC(58) Skipped phase4 of Reference Processing due to unavailable references
[13.192s][debug][gc,ergo        ] GC(58) Running G1 Free Collection Set using 8 workers for collection set length 178 (298)
[13.192s][debug][gc,ergo        ] GC(58) Running G1 Rebuild Free List Task using 8 workers for rebuilding free list of 0 (4096) regions
[13.192s][trace][gc,age         ] GC(58) Age table with threshold 15 (max threshold 15)
[13.192s][trace][gc,age         ] GC(58) - age   1:        200 bytes,        200 total
[13.192s][debug][gc,plab        ] GC(58) Young PLAB allocation: allocated: 8256B, wasted: 0B, unused: 8056B, used: 200B, undo waste: 0B, 
[13.192s][debug][gc,plab        ] GC(58) Young other allocation: region end waste: 0B, regions filled: 1, direct allocated: 0B, failure used: 0B, failure wasted: 0B
[13.192s][debug][gc,plab        ] GC(58) Young sizing: calculated: 40B, actual: 2064B
[13.192s][debug][gc,plab        ] GC(58) Old PLAB allocation: allocated: 0B, wasted: 0B, unused: 0B, used: 0B, undo waste: 0B, 
[13.192s][debug][gc,plab        ] GC(58) Old other allocation: region end waste: 0B, regions filled: 1, direct allocated: 0B, failure used: 0B, failure wasted: 0B
[13.192s][debug][gc,plab        ] GC(58) Old sizing: calculated: 0B, actual: 2064B
[13.192s][debug][gc,ihop        ] GC(58) Basic information (value update), threshold: 140614041B (45.00), target occupancy: 312475648B, current occupancy: 4543024B, recent allocation size: 0B, recent allocation duration: 165.12ms, recent old gen allocation rate: 0.00B/s, recent marking phase length: 0.00ms
[13.192s][debug][gc,ihop        ] GC(58) Adaptive IHOP information (value update), threshold: 140614041B (47.37), internal target occupancy: 296851865B, occupancy: 4543024B, additional buffer size: 186646528B, predicted old gen allocation rate: 36020.00B/s, predicted marking phase length: 0.00ms, prediction active: false
[13.192s][debug][gc,ergo,refine ] GC(58) Concurrent refinement times: Logged Cards Scan time goal: 20.00ms Logged Cards Scan time: 0.00ms HCC time: 0.00ms
[13.192s][debug][gc,ergo,refine ] GC(58) Updated Refinement Zones: green: 2048, yellow: 6144, red: 10240
[13.192s][info ][gc,phases      ] GC(58)   Pre Evacuate Collection Set: 0.1ms
[13.192s][debug][gc,phases      ] GC(58)     Prepare TLABs: 0.0ms
[13.192s][debug][gc,phases      ] GC(58)     Choose Collection Set: 0.0ms
[13.192s][debug][gc,phases      ] GC(58)     Region Register: 0.1ms
[13.192s][debug][gc,phases      ] GC(58)     Prepare Heap Roots: 0.0ms
[13.193s][info ][gc,phases      ] GC(58)   Merge Heap Roots: 0.1ms
[13.193s][debug][gc,phases      ] GC(58)     Prepare Merge Heap Roots: 0.0ms
[13.193s][debug][gc,phases      ] GC(58)     Eager Reclaim (ms):       skipped
[13.193s][debug][gc,phases      ] GC(58)     Remembered Sets (ms):     Min:  0.0, Avg:  0.0, Max:  0.0, Diff:  0.0, Sum:  0.0, Workers: 8
[13.193s][debug][gc,phases      ] GC(58)       Merged Sparse:            Min: 0, Avg:  0.0, Max: 0, Diff: 0, Sum: 0, Workers: 8
[13.193s][debug][gc,phases      ] GC(58)       Merged Fine:              Min: 0, Avg:  0.0, Max: 0, Diff: 0, Sum: 0, Workers: 8
[13.193s][debug][gc,phases      ] GC(58)       Merged Coarse:            Min: 0, Avg:  0.0, Max: 0, Diff: 0, Sum: 0, Workers: 8
[13.193s][debug][gc,phases      ] GC(58)       Dirty Cards:              Min: 0, Avg:  0.0, Max: 0, Diff: 0, Sum: 0, Workers: 8
[13.193s][debug][gc,phases      ] GC(58)     Hot Card Cache (ms):      Min:  0.0, Avg:  0.0, Max:  0.0, Diff:  0.0, Sum:  0.0, Workers: 8
[13.193s][debug][gc,phases      ] GC(58)       Dirty Cards:              Min: 0, Avg:  0.0, Max: 0, Diff: 0, Sum: 0, Workers: 8
[13.193s][debug][gc,phases      ] GC(58)       Skipped Cards:            Min: 0, Avg:  0.0, Max: 0, Diff: 0, Sum: 0, Workers: 8
[13.193s][debug][gc,phases      ] GC(58)     Log Buffers (ms):         Min:  0.0, Avg:  0.0, Max:  0.0, Diff:  0.0, Sum:  0.0, Workers: 8
[13.193s][debug][gc,phases      ] GC(58)       Dirty Cards:              Min: 0, Avg:  0.1, Max: 1, Diff: 1, Sum: 1, Workers: 8
[13.193s][debug][gc,phases      ] GC(58)       Skipped Cards:            Min: 0, Avg:  0.0, Max: 0, Diff: 0, Sum: 0, Workers: 8
[13.193s][info ][gc,phases      ] GC(58)   Evacuate Collection Set: 0.2ms
[13.193s][debug][gc,phases      ] GC(58)     Ext Root Scanning (ms):   Min:  0.0, Avg:  0.0, Max:  0.1, Diff:  0.1, Sum:  0.3, Workers: 8
[13.193s][debug][gc,phases      ] GC(58)     Scan Heap Roots (ms):     Min:  0.0, Avg:  0.0, Max:  0.0, Diff:  0.0, Sum:  0.0, Workers: 8
[13.193s][debug][gc,phases      ] GC(58)       Scanned Cards:            Min: 0, Avg:  0.1, Max: 1, Diff: 1, Sum: 1, Workers: 8
[13.193s][debug][gc,phases      ] GC(58)       Scanned Blocks:           Min: 0, Avg:  0.1, Max: 1, Diff: 1, Sum: 1, Workers: 8
[13.193s][debug][gc,phases      ] GC(58)       Claimed Chunks:           Min: 0, Avg:  0.1, Max: 1, Diff: 1, Sum: 1, Workers: 8
[13.193s][debug][gc,phases      ] GC(58)     Code Root Scan (ms):      Min:  0.0, Avg:  0.0, Max:  0.0, Diff:  0.0, Sum:  0.0, Workers: 8
[13.193s][debug][gc,phases      ] GC(58)     Object Copy (ms):         Min:  0.0, Avg:  0.0, Max:  0.0, Diff:  0.0, Sum:  0.0, Workers: 8
[13.193s][debug][gc,phases      ] GC(58)     Termination (ms):         Min:  0.1, Avg:  0.1, Max:  0.1, Diff:  0.0, Sum:  0.8, Workers: 8
[13.193s][debug][gc,phases      ] GC(58)       Termination Attempts:     Min: 1, Avg:  1.0, Max: 1, Diff: 0, Sum: 8, Workers: 8
[13.193s][debug][gc,phases      ] GC(58)     GC Worker Other (ms):     Min:  0.0, Avg:  0.0, Max:  0.0, Diff:  0.0, Sum:  0.2, Workers: 8
[13.193s][debug][gc,phases      ] GC(58)     GC Worker Total (ms):     Min:  0.1, Avg:  0.2, Max:  0.2, Diff:  0.1, Sum:  1.3, Workers: 8
[13.193s][info ][gc,phases      ] GC(58)   Post Evacuate Collection Set: 0.4ms
[13.193s][debug][gc,phases      ] GC(58)     Code Roots Fixup: 0.0ms
[13.193s][debug][gc,phases      ] GC(58)     Clear Card Table: 0.1ms
[13.193s][debug][gc,phases      ] GC(58)     Reference Processing: 0.0ms
[13.193s][debug][gc,phases,ref  ] GC(58)       Reconsider SoftReferences: 0.0ms
[13.193s][debug][gc,phases,ref  ] GC(58)         SoftRef (ms):             skipped
[13.193s][debug][gc,phases,ref  ] GC(58)       Notify Soft/WeakReferences: 0.0ms
[13.193s][debug][gc,phases,ref  ] GC(58)         SoftRef (ms):             skipped
[13.193s][debug][gc,phases,ref  ] GC(58)         WeakRef (ms):             skipped
[13.193s][debug][gc,phases,ref  ] GC(58)         FinalRef (ms):            skipped
[13.193s][debug][gc,phases,ref  ] GC(58)         Total (ms):               skipped
[13.193s][debug][gc,phases,ref  ] GC(58)       Notify and keep alive finalizable: 0.0ms
[13.193s][debug][gc,phases,ref  ] GC(58)         FinalRef (ms):            skipped
[13.193s][debug][gc,phases,ref  ] GC(58)       Notify PhantomReferences: 0.0ms
[13.193s][debug][gc,phases,ref  ] GC(58)         PhantomRef (ms):          skipped
[13.193s][debug][gc,phases,ref  ] GC(58)       SoftReference:
[13.193s][debug][gc,phases,ref  ] GC(58)         Discovered: 0
[13.193s][debug][gc,phases,ref  ] GC(58)         Cleared: 0
[13.193s][debug][gc,phases,ref  ] GC(58)       WeakReference:
[13.193s][debug][gc,phases,ref  ] GC(58)         Discovered: 0
[13.193s][debug][gc,phases,ref  ] GC(58)         Cleared: 0
[13.193s][debug][gc,phases,ref  ] GC(58)       FinalReference:
[13.193s][debug][gc,phases,ref  ] GC(58)         Discovered: 0
[13.193s][debug][gc,phases,ref  ] GC(58)         Cleared: 0
[13.193s][debug][gc,phases,ref  ] GC(58)       PhantomReference:
[13.193s][debug][gc,phases,ref  ] GC(58)         Discovered: 0
[13.193s][debug][gc,phases,ref  ] GC(58)         Cleared: 0
[13.193s][debug][gc,phases      ] GC(58)     Weak Processing: 0.1ms
[13.193s][debug][gc,phases      ] GC(58)       JVMTI weak processing: 0.0ms
[13.193s][debug][gc,phases      ] GC(58)         Dead: 0
[13.193s][debug][gc,phases      ] GC(58)         Total: 0
[13.193s][debug][gc,phases      ] GC(58)       JFR weak processing: 0.0ms
[13.193s][debug][gc,phases      ] GC(58)         Dead: 0
[13.193s][debug][gc,phases      ] GC(58)         Total: 0
[13.193s][debug][gc,phases      ] GC(58)       JNI weak                  Min:  0.0, Avg:  0.0, Max:  0.0, Diff:  0.0, Sum:  0.0, Workers: 5
[13.193s][debug][gc,phases      ] GC(58)         Dead                      Min: 0, Avg:  0.0, Max: 0, Diff: 0, Sum: 0, Workers: 5
[13.193s][debug][gc,phases      ] GC(58)         Total                     Min: 0, Avg: 13.4, Max: 52, Diff: 52, Sum: 67, Workers: 5
[13.193s][debug][gc,phases      ] GC(58)       VM weak                   Min:  0.0, Avg:  0.0, Max:  0.0, Diff:  0.0, Sum:  0.0, Workers: 5
[13.193s][debug][gc,phases      ] GC(58)         Dead                      Min: 0, Avg:  0.0, Max: 0, Diff: 0, Sum: 0, Workers: 5
[13.193s][debug][gc,phases      ] GC(58)         Total                     Min: 0, Avg: 47.6, Max: 128, Diff: 128, Sum: 238, Workers: 5
[13.193s][debug][gc,phases      ] GC(58)       StringTable weak          Min:  0.0, Avg:  0.0, Max:  0.0, Diff:  0.0, Sum:  0.1, Workers: 5
[13.193s][debug][gc,phases      ] GC(58)         Dead                      Min: 0, Avg:  0.0, Max: 0, Diff: 0, Sum: 0, Workers: 5
[13.193s][debug][gc,phases      ] GC(58)         Total                     Min: 0, Avg: 728.6, Max: 958, Diff: 958, Sum: 3643, Workers: 5
[13.193s][debug][gc,phases      ] GC(58)       ResolvedMethodTable weak  Min:  0.0, Avg:  0.0, Max:  0.0, Diff:  0.0, Sum:  0.0, Workers: 5
[13.193s][debug][gc,phases      ] GC(58)         Dead                      Min: 0, Avg:  0.0, Max: 0, Diff: 0, Sum: 0, Workers: 5
[13.193s][debug][gc,phases      ] GC(58)         Total                     Min: 0, Avg: 123.4, Max: 192, Diff: 192, Sum: 617, Workers: 5
[13.193s][debug][gc,phases      ] GC(58)     Merge Per-Thread State: 0.0ms
[13.193s][debug][gc,phases      ] GC(58)       Copied Bytes              Min: 0, Avg: 25.0, Max: 104, Diff: 104, Sum: 200, Workers: 8
[13.193s][debug][gc,phases      ] GC(58)       LAB Waste                 Min: 0, Avg:  0.0, Max: 0, Diff: 0, Sum: 0, Workers: 8
[13.193s][debug][gc,phases      ] GC(58)       LAB Undo Waste            Min: 0, Avg:  0.0, Max: 0, Diff: 0, Sum: 0, Workers: 8
[13.193s][debug][gc,phases      ] GC(58)     Code Roots Purge: 0.0ms
[13.193s][debug][gc,phases      ] GC(58)     Redirty Cards: 0.0ms
[13.193s][debug][gc,phases      ] GC(58)     DerivedPointerTable Update: 0.0ms
[13.193s][debug][gc,phases      ] GC(58)     Free Collection Set: 0.1ms
[13.193s][debug][gc,phases      ] GC(58)     Rebuild Free List: 0.1ms
[13.193s][debug][gc,phases      ] GC(58)     Humongous Reclaim: 0.0ms
[13.193s][debug][gc,phases      ] GC(58)     Start New Collection Set: 0.0ms
[13.193s][debug][gc,phases      ] GC(58)     Resize TLABs: 0.0ms
[13.193s][debug][gc,phases      ] GC(58)     Expand Heap After Collection: 0.0ms
[13.193s][info ][gc,phases      ] GC(58)   Other: 0.3ms
[13.193s][info ][gc,heap        ] GC(58) Eden regions: 177->0(177)
[13.193s][info ][gc,heap        ] GC(58) Survivor regions: 1->1(23)
[13.193s][info ][gc,heap        ] GC(58) Old regions: 7->7
[13.193s][info ][gc,heap        ] GC(58) Archive regions: 2->2
[13.193s][info ][gc,heap        ] GC(58) Humongous regions: 0->0
[13.193s][info ][gc,metaspace   ] GC(58) Metaspace: 10703K(11136K)->10703K(11136K) NonClass: 9440K(9728K)->9440K(9728K) Class: 1263K(1408K)->1263K(1408K)
[13.193s][debug][gc,heap        ] GC(58) Heap after GC invocations=59 (full 1): garbage-first heap   total 305152K, used 4436K [0x0000000700000000, 0x0000000800000000)
[13.193s][debug][gc,heap        ] GC(58)   region size 1024K, 1 young (1024K), 1 survivors (1024K)
[13.193s][debug][gc,heap        ] GC(58)  Metaspace       used 10703K, capacity 10992K, committed 11136K, reserved 1058816K
[13.193s][debug][gc,heap        ] GC(58)   class space    used 1263K, capacity 1389K, committed 1408K, reserved 1048576K
[13.193s][info ][gc             ] GC(58) Pause Young (Normal) (G1 Evacuation Pause) 181M->4M(298M) 1.586ms
[13.193s][info ][gc,cpu         ] GC(58) User=0.00s Sys=0.00s Real=0.00s
[13.193s][info ][safepoint      ] Safepoint "G1CollectForAllocation", Time since last: 164125920 ns, Reaching safepoint: 152169 ns, At safepoint: 1751031 ns, Total: 1903200 ns
[13.359s][debug][gc,heap        ] GC(59) Heap before GC invocations=59 (full 1): garbage-first heap   total 305152K, used 185684K [0x0000000700000000, 0x0000000800000000)
[13.359s][debug][gc,heap        ] GC(59)   region size 1024K, 178 young (182272K), 1 survivors (1024K)
[13.359s][debug][gc,heap        ] GC(59)  Metaspace       used 10703K, capacity 10992K, committed 11136K, reserved 1058816K
[13.359s][debug][gc,heap        ] GC(59)   class space    used 1263K, capacity 1389K, committed 1408K, reserved 1048576K
[13.359s][info ][gc,start       ] GC(59) Pause Young (Normal) (G1 Evacuation Pause)
[13.359s][info ][gc,task        ] GC(59) Using 8 workers of 8 for evacuation
[13.359s][debug][gc,tlab        ] GC(59) TLAB totals: thrds: 8  refills: 709 max: 98 slow allocs: 0 max 0 waste:  0.8% gc: 1078104B max: 343776B slow: 410400B max: 57040B fast: 0B max: 0B
[13.359s][debug][gc,age         ] GC(59) Desired survivor size 12058624 bytes, new threshold 15 (max threshold 15)
[13.359s][debug][gc,alloc,region] GC(59) Mutator Allocation stats, regions: 177, wasted size: 0B ( 0.0%)
[13.359s][debug][gc,ergo        ] GC(59) Running G1 Merge Heap Roots using 8 workers for 178 regions
[13.359s][debug][gc,remset      ] GC(59) Visited cards 256 Total dirty 2048 (12.50%) Total old 747520 (0.03%)
[13.359s][debug][gc,ergo        ] GC(59) Running G1 Clear Card Table Task using 1 workers for 1 units of work for 179 regions.
[13.359s][debug][gc,ref         ] GC(59) Skipped phase1 of Reference Processing due to unavailable references
[13.359s][debug][gc,ref         ] GC(59) Skipped phase2 of Reference Processing due to unavailable references
[13.359s][debug][gc,ref         ] GC(59) Skipped phase3 of Reference Processing due to unavailable references
[13.359s][debug][gc,ref         ] GC(59) Skipped phase4 of Reference Processing due to unavailable references
[13.359s][debug][gc,ergo        ] GC(59) Running G1 Free Collection Set using 8 workers for collection set length 178 (298)
[13.359s][debug][gc,ergo        ] GC(59) Running G1 Rebuild Free List Task using 8 workers for rebuilding free list of 0 (4096) regions
[13.359s][trace][gc,age         ] GC(59) Age table with threshold 15 (max threshold 15)
[13.359s][trace][gc,age         ] GC(59) - age   1:        336 bytes,        336 total
[13.359s][debug][gc,plab        ] GC(59) Young PLAB allocation: allocated: 8256B, wasted: 0B, unused: 7920B, used: 336B, undo waste: 0B, 
[13.359s][debug][gc,plab        ] GC(59) Young other allocation: region end waste: 0B, regions filled: 1, direct allocated: 0B, failure used: 0B, failure wasted: 0B
[13.359s][debug][gc,plab        ] GC(59) Young sizing: calculated: 64B, actual: 2064B
[13.359s][debug][gc,plab        ] GC(59) Old PLAB allocation: allocated: 0B, wasted: 0B, unused: 0B, used: 0B, undo waste: 0B, 
[13.359s][debug][gc,plab        ] GC(59) Old other allocation: region end waste: 0B, regions filled: 1, direct allocated: 0B, failure used: 0B, failure wasted: 0B
[13.359s][debug][gc,plab        ] GC(59) Old sizing: calculated: 0B, actual: 2064B
[13.360s][debug][gc,ihop        ] GC(59) Basic information (value update), threshold: 140614041B (45.00), target occupancy: 312475648B, current occupancy: 4543024B, recent allocation size: 0B, recent allocation duration: 166.21ms, recent old gen allocation rate: 0.00B/s, recent marking phase length: 0.00ms
[13.360s][debug][gc,ihop        ] GC(59) Adaptive IHOP information (value update), threshold: 140614041B (47.37), internal target occupancy: 296851865B, occupancy: 4543024B, additional buffer size: 186646528B, predicted old gen allocation rate: 34869.87B/s, predicted marking phase length: 0.00ms, prediction active: false
[13.360s][debug][gc,ergo,refine ] GC(59) Concurrent refinement times: Logged Cards Scan time goal: 20.00ms Logged Cards Scan time: 0.00ms HCC time: 0.00ms
[13.360s][debug][gc,ergo,refine ] GC(59) Updated Refinement Zones: green: 2048, yellow: 6144, red: 10240
[13.360s][info ][gc,phases      ] GC(59)   Pre Evacuate Collection Set: 0.1ms
[13.360s][debug][gc,phases      ] GC(59)     Prepare TLABs: 0.0ms
[13.360s][debug][gc,phases      ] GC(59)     Choose Collection Set: 0.0ms
[13.360s][debug][gc,phases      ] GC(59)     Region Register: 0.1ms
[13.360s][debug][gc,phases      ] GC(59)     Prepare Heap Roots: 0.0ms
[13.360s][info ][gc,phases      ] GC(59)   Merge Heap Roots: 0.1ms
[13.360s][debug][gc,phases      ] GC(59)     Prepare Merge Heap Roots: 0.0ms
[13.360s][debug][gc,phases      ] GC(59)     Eager Reclaim (ms):       skipped
[13.360s][debug][gc,phases      ] GC(59)     Remembered Sets (ms):     Min:  0.0, Avg:  0.0, Max:  0.0, Diff:  0.0, Sum:  0.1, Workers: 8
[13.360s][debug][gc,phases      ] GC(59)       Merged Sparse:            Min: 0, Avg:  0.0, Max: 0, Diff: 0, Sum: 0, Workers: 8
[13.360s][debug][gc,phases      ] GC(59)       Merged Fine:              Min: 0, Avg:  0.0, Max: 0, Diff: 0, Sum: 0, Workers: 8
[13.360s][debug][gc,phases      ] GC(59)       Merged Coarse:            Min: 0, Avg:  0.0, Max: 0, Diff: 0, Sum: 0, Workers: 8
[13.360s][debug][gc,phases      ] GC(59)       Dirty Cards:              Min: 0, Avg:  0.0, Max: 0, Diff: 0, Sum: 0, Workers: 8
[13.360s][debug][gc,phases      ] GC(59)     Hot Card Cache (ms):      Min:  0.0, Avg:  0.0, Max:  0.0, Diff:  0.0, Sum:  0.0, Workers: 8
[13.360s][debug][gc,phases      ] GC(59)       Dirty Cards:              Min: 0, Avg:  0.0, Max: 0, Diff: 0, Sum: 0, Workers: 8
[13.360s][debug][gc,phases      ] GC(59)       Skipped Cards:            Min: 0, Avg:  0.0, Max: 0, Diff: 0, Sum: 0, Workers: 8
[13.360s][debug][gc,phases      ] GC(59)     Log Buffers (ms):         Min:  0.0, Avg:  0.0, Max:  0.0, Diff:  0.0, Sum:  0.0, Workers: 8
[13.360s][debug][gc,phases      ] GC(59)       Dirty Cards:              Min: 0, Avg:  0.1, Max: 1, Diff: 1, Sum: 1, Workers: 8
[13.360s][debug][gc,phases      ] GC(59)       Skipped Cards:            Min: 0, Avg:  0.0, Max: 0, Diff: 0, Sum: 0, Workers: 8
[13.360s][info ][gc,phases      ] GC(59)   Evacuate Collection Set: 0.1ms
[13.360s][debug][gc,phases      ] GC(59)     Ext Root Scanning (ms):   Min:  0.0, Avg:  0.0, Max:  0.1, Diff:  0.0, Sum:  0.2, Workers: 8
[13.360s][debug][gc,phases      ] GC(59)     Scan Heap Roots (ms):     Min:  0.0, Avg:  0.0, Max:  0.0, Diff:  0.0, Sum:  0.0, Workers: 8
[13.360s][debug][gc,phases      ] GC(59)       Scanned Cards:            Min: 0, Avg:  0.1, Max: 1, Diff: 1, Sum: 1, Workers: 8
[13.360s][debug][gc,phases      ] GC(59)       Scanned Blocks:           Min: 0, Avg:  0.1, Max: 1, Diff: 1, Sum: 1, Workers: 8
[13.360s][debug][gc,phases      ] GC(59)       Claimed Chunks:           Min: 0, Avg:  0.1, Max: 1, Diff: 1, Sum: 1, Workers: 8
[13.360s][debug][gc,phases      ] GC(59)     Code Root Scan (ms):      Min:  0.0, Avg:  0.0, Max:  0.0, Diff:  0.0, Sum:  0.0, Workers: 8
[13.360s][debug][gc,phases      ] GC(59)     Object Copy (ms):         Min:  0.0, Avg:  0.0, Max:  0.0, Diff:  0.0, Sum:  0.0, Workers: 8
[13.360s][debug][gc,phases      ] GC(59)     Termination (ms):         Min:  0.0, Avg:  0.0, Max:  0.0, Diff:  0.0, Sum:  0.4, Workers: 8
[13.360s][debug][gc,phases      ] GC(59)       Termination Attempts:     Min: 1, Avg:  1.0, Max: 1, Diff: 0, Sum: 8, Workers: 8
[13.360s][debug][gc,phases      ] GC(59)     GC Worker Other (ms):     Min:  0.0, Avg:  0.0, Max:  0.0, Diff:  0.0, Sum:  0.1, Workers: 8
[13.360s][debug][gc,phases      ] GC(59)     GC Worker Total (ms):     Min:  0.1, Avg:  0.1, Max:  0.1, Diff:  0.1, Sum:  0.7, Workers: 8
[13.360s][info ][gc,phases      ] GC(59)   Post Evacuate Collection Set: 0.4ms
[13.360s][debug][gc,phases      ] GC(59)     Code Roots Fixup: 0.0ms
[13.360s][debug][gc,phases      ] GC(59)     Clear Card Table: 0.1ms
[13.360s][debug][gc,phases      ] GC(59)     Reference Processing: 0.0ms
[13.360s][debug][gc,phases,ref  ] GC(59)       Reconsider SoftReferences: 0.0ms
[13.360s][debug][gc,phases,ref  ] GC(59)         SoftRef (ms):             skipped
[13.360s][debug][gc,phases,ref  ] GC(59)       Notify Soft/WeakReferences: 0.0ms
[13.360s][debug][gc,phases,ref  ] GC(59)         SoftRef (ms):             skipped
[13.360s][debug][gc,phases,ref  ] GC(59)         WeakRef (ms):             skipped
[13.360s][debug][gc,phases,ref  ] GC(59)         FinalRef (ms):            skipped
[13.360s][debug][gc,phases,ref  ] GC(59)         Total (ms):               skipped
[13.360s][debug][gc,phases,ref  ] GC(59)       Notify and keep alive finalizable: 0.0ms
[13.360s][debug][gc,phases,ref  ] GC(59)         FinalRef (ms):            skipped
[13.360s][debug][gc,phases,ref  ] GC(59)       Notify PhantomReferences: 0.0ms
[13.360s][debug][gc,phases,ref  ] GC(59)         PhantomRef (ms):          skipped
[13.360s][debug][gc,phases,ref  ] GC(59)       SoftReference:
[13.360s][debug][gc,phases,ref  ] GC(59)         Discovered: 0
[13.360s][debug][gc,phases,ref  ] GC(59)         Cleared: 0
[13.360s][debug][gc,phases,ref  ] GC(59)       WeakReference:
[13.360s][debug][gc,phases,ref  ] GC(59)         Discovered: 0
[13.360s][debug][gc,phases,ref  ] GC(59)         Cleared: 0
[13.360s][debug][gc,phases,ref  ] GC(59)       FinalReference:
[13.360s][debug][gc,phases,ref  ] GC(59)         Discovered: 0
[13.360s][debug][gc,phases,ref  ] GC(59)         Cleared: 0
[13.360s][debug][gc,phases,ref  ] GC(59)       PhantomReference:
[13.360s][debug][gc,phases,ref  ] GC(59)         Discovered: 0
[13.360s][debug][gc,phases,ref  ] GC(59)         Cleared: 0
[13.360s][debug][gc,phases      ] GC(59)     Weak Processing: 0.1ms
[13.360s][debug][gc,phases      ] GC(59)       JVMTI weak processing: 0.0ms
[13.360s][debug][gc,phases      ] GC(59)         Dead: 0
[13.360s][debug][gc,phases      ] GC(59)         Total: 0
[13.360s][debug][gc,phases      ] GC(59)       JFR weak processing: 0.0ms
[13.360s][debug][gc,phases      ] GC(59)         Dead: 0
[13.360s][debug][gc,phases      ] GC(59)         Total: 0
[13.360s][debug][gc,phases      ] GC(59)       JNI weak                  Min:  0.0, Avg:  0.0, Max:  0.0, Diff:  0.0, Sum:  0.1, Workers: 5
[13.360s][debug][gc,phases      ] GC(59)         Dead                      Min: 0, Avg:  0.0, Max: 0, Diff: 0, Sum: 0, Workers: 5
[13.360s][debug][gc,phases      ] GC(59)         Total                     Min: 0, Avg: 13.4, Max: 52, Diff: 52, Sum: 67, Workers: 5
[13.360s][debug][gc,phases      ] GC(59)       VM weak                   Min:  0.0, Avg:  0.0, Max:  0.0, Diff:  0.0, Sum:  0.0, Workers: 5
[13.360s][debug][gc,phases      ] GC(59)         Dead                      Min: 0, Avg:  0.0, Max: 0, Diff: 0, Sum: 0, Workers: 5
[13.360s][debug][gc,phases      ] GC(59)         Total                     Min: 0, Avg: 47.6, Max: 128, Diff: 128, Sum: 238, Workers: 5
[13.360s][debug][gc,phases      ] GC(59)       StringTable weak          Min:  0.0, Avg:  0.0, Max:  0.1, Diff:  0.0, Sum:  0.2, Workers: 5
[13.360s][debug][gc,phases      ] GC(59)         Dead                      Min: 0, Avg:  0.0, Max: 0, Diff: 0, Sum: 0, Workers: 5
[13.360s][debug][gc,phases      ] GC(59)         Total                     Min: 256, Avg: 728.6, Max: 1150, Diff: 894, Sum: 3643, Workers: 5
[13.360s][debug][gc,phases      ] GC(59)       ResolvedMethodTable weak  Min:  0.0, Avg:  0.0, Max:  0.0, Diff:  0.0, Sum:  0.0, Workers: 5
[13.360s][debug][gc,phases      ] GC(59)         Dead                      Min: 0, Avg:  0.0, Max: 0, Diff: 0, Sum: 0, Workers: 5
[13.360s][debug][gc,phases      ] GC(59)         Total                     Min: 41, Avg: 123.4, Max: 192, Diff: 151, Sum: 617, Workers: 5
[13.360s][debug][gc,phases      ] GC(59)     Merge Per-Thread State: 0.0ms
[13.360s][debug][gc,phases      ] GC(59)       Copied Bytes              Min: 0, Avg: 42.0, Max: 184, Diff: 184, Sum: 336, Workers: 8
[13.360s][debug][gc,phases      ] GC(59)       LAB Waste                 Min: 0, Avg:  0.0, Max: 0, Diff: 0, Sum: 0, Workers: 8
[13.360s][debug][gc,phases      ] GC(59)       LAB Undo Waste            Min: 0, Avg:  0.0, Max: 0, Diff: 0, Sum: 0, Workers: 8
[13.360s][debug][gc,phases      ] GC(59)     Code Roots Purge: 0.0ms
[13.360s][debug][gc,phases      ] GC(59)     Redirty Cards: 0.0ms
[13.360s][debug][gc,phases      ] GC(59)     DerivedPointerTable Update: 0.0ms
[13.360s][debug][gc,phases      ] GC(59)     Free Collection Set: 0.1ms
[13.360s][debug][gc,phases      ] GC(59)     Rebuild Free List: 0.1ms
[13.360s][debug][gc,phases      ] GC(59)     Humongous Reclaim: 0.0ms
[13.360s][debug][gc,phases      ] GC(59)     Start New Collection Set: 0.0ms
[13.360s][debug][gc,phases      ] GC(59)     Resize TLABs: 0.0ms
[13.360s][debug][gc,phases      ] GC(59)     Expand Heap After Collection: 0.0ms
[13.360s][info ][gc,phases      ] GC(59)   Other: 0.2ms
[13.360s][info ][gc,heap        ] GC(59) Eden regions: 177->0(177)
[13.360s][info ][gc,heap        ] GC(59) Survivor regions: 1->1(23)
[13.360s][info ][gc,heap        ] GC(59) Old regions: 7->7
[13.360s][info ][gc,heap        ] GC(59) Archive regions: 2->2
[13.360s][info ][gc,heap        ] GC(59) Humongous regions: 0->0
[13.360s][info ][gc,metaspace   ] GC(59) Metaspace: 10703K(11136K)->10703K(11136K) NonClass: 9440K(9728K)->9440K(9728K) Class: 1263K(1408K)->1263K(1408K)
[13.360s][debug][gc,heap        ] GC(59) Heap after GC invocations=60 (full 1): garbage-first heap   total 305152K, used 4436K [0x0000000700000000, 0x0000000800000000)
[13.360s][debug][gc,heap        ] GC(59)   region size 1024K, 1 young (1024K), 1 survivors (1024K)
[13.360s][debug][gc,heap        ] GC(59)  Metaspace       used 10703K, capacity 10992K, committed 11136K, reserved 1058816K
[13.360s][debug][gc,heap        ] GC(59)   class space    used 1263K, capacity 1389K, committed 1408K, reserved 1048576K
[13.360s][info ][gc             ] GC(59) Pause Young (Normal) (G1 Evacuation Pause) 181M->4M(298M) 1.499ms
[13.360s][info ][gc,cpu         ] GC(59) User=0.00s Sys=0.00s Real=0.00s
[13.360s][info ][safepoint      ] Safepoint "G1CollectForAllocation", Time since last: 165212850 ns, Reaching safepoint: 165018 ns, At safepoint: 1682977 ns, Total: 1847995 ns
[13.527s][debug][gc,heap        ] GC(60) Heap before GC invocations=60 (full 1): garbage-first heap   total 305152K, used 185684K [0x0000000700000000, 0x0000000800000000)
[13.527s][debug][gc,heap        ] GC(60)   region size 1024K, 178 young (182272K), 1 survivors (1024K)
[13.527s][debug][gc,heap        ] GC(60)  Metaspace       used 10703K, capacity 10992K, committed 11136K, reserved 1058816K
[13.527s][debug][gc,heap        ] GC(60)   class space    used 1263K, capacity 1389K, committed 1408K, reserved 1048576K
[13.527s][info ][gc,start       ] GC(60) Pause Young (Normal) (G1 Evacuation Pause)
[13.527s][info ][gc,task        ] GC(60) Using 8 workers of 8 for evacuation
[13.527s][debug][gc,tlab        ] GC(60) TLAB totals: thrds: 8  refills: 711 max: 92 slow allocs: 0 max 0 waste:  1.1% gc: 1576928B max: 425112B slow: 411512B max: 53464B fast: 0B max: 0B
[13.527s][debug][gc,age         ] GC(60) Desired survivor size 12058624 bytes, new threshold 15 (max threshold 15)
[13.527s][debug][gc,alloc,region] GC(60) Mutator Allocation stats, regions: 177, wasted size: 0B ( 0.0%)
[13.527s][debug][gc,ergo        ] GC(60) Running G1 Merge Heap Roots using 8 workers for 178 regions
[13.527s][debug][gc,remset      ] GC(60) Visited cards 256 Total dirty 2048 (12.50%) Total old 747520 (0.03%)
[13.527s][debug][gc,ergo        ] GC(60) Running G1 Clear Card Table Task using 1 workers for 1 units of work for 179 regions.
[13.527s][debug][gc,ref         ] GC(60) Skipped phase1 of Reference Processing due to unavailable references
[13.527s][debug][gc,ref         ] GC(60) Skipped phase2 of Reference Processing due to unavailable references
[13.527s][debug][gc,ref         ] GC(60) Skipped phase3 of Reference Processing due to unavailable references
[13.527s][debug][gc,ref         ] GC(60) Skipped phase4 of Reference Processing due to unavailable references
[13.527s][debug][gc,ergo        ] GC(60) Running G1 Free Collection Set using 8 workers for collection set length 178 (298)
[13.527s][debug][gc,ergo        ] GC(60) Running G1 Rebuild Free List Task using 8 workers for rebuilding free list of 0 (4096) regions
[13.527s][trace][gc,age         ] GC(60) Age table with threshold 15 (max threshold 15)
[13.527s][trace][gc,age         ] GC(60) - age   1:        256 bytes,        256 total
[13.527s][debug][gc,plab        ] GC(60) Young PLAB allocation: allocated: 6192B, wasted: 0B, unused: 5936B, used: 256B, undo waste: 0B, 
[13.527s][debug][gc,plab        ] GC(60) Young other allocation: region end waste: 0B, regions filled: 1, direct allocated: 0B, failure used: 0B, failure wasted: 0B
[13.527s][debug][gc,plab        ] GC(60) Young sizing: calculated: 48B, actual: 2064B
[13.527s][debug][gc,plab        ] GC(60) Old PLAB allocation: allocated: 0B, wasted: 0B, unused: 0B, used: 0B, undo waste: 0B, 
[13.527s][debug][gc,plab        ] GC(60) Old other allocation: region end waste: 0B, regions filled: 1, direct allocated: 0B, failure used: 0B, failure wasted: 0B
[13.527s][debug][gc,plab        ] GC(60) Old sizing: calculated: 0B, actual: 2064B
[13.527s][debug][gc,ihop        ] GC(60) Basic information (value update), threshold: 140614041B (45.00), target occupancy: 312475648B, current occupancy: 4540960B, recent allocation size: 0B, recent allocation duration: 167.18ms, recent old gen allocation rate: 0.00B/s, recent marking phase length: 0.00ms
[13.527s][debug][gc,ihop        ] GC(60) Adaptive IHOP information (value update), threshold: 140614041B (47.37), internal target occupancy: 296851865B, occupancy: 4540960B, additional buffer size: 186646528B, predicted old gen allocation rate: 33760.11B/s, predicted marking phase length: 0.00ms, prediction active: false
[13.527s][debug][gc,ergo,refine ] GC(60) Concurrent refinement times: Logged Cards Scan time goal: 20.00ms Logged Cards Scan time: 0.00ms HCC time: 0.00ms
[13.527s][debug][gc,ergo,refine ] GC(60) Updated Refinement Zones: green: 2048, yellow: 6144, red: 10240
[13.527s][info ][gc,phases      ] GC(60)   Pre Evacuate Collection Set: 0.1ms
[13.527s][debug][gc,phases      ] GC(60)     Prepare TLABs: 0.0ms
[13.527s][debug][gc,phases      ] GC(60)     Choose Collection Set: 0.0ms
[13.527s][debug][gc,phases      ] GC(60)     Region Register: 0.1ms
[13.527s][debug][gc,phases      ] GC(60)     Prepare Heap Roots: 0.0ms
[13.527s][info ][gc,phases      ] GC(60)   Merge Heap Roots: 0.1ms
[13.527s][debug][gc,phases      ] GC(60)     Prepare Merge Heap Roots: 0.0ms
[13.527s][debug][gc,phases      ] GC(60)     Eager Reclaim (ms):       skipped
[13.527s][debug][gc,phases      ] GC(60)     Remembered Sets (ms):     Min:  0.0, Avg:  0.0, Max:  0.0, Diff:  0.0, Sum:  0.0, Workers: 8
[13.527s][debug][gc,phases      ] GC(60)       Merged Sparse:            Min: 0, Avg:  0.0, Max: 0, Diff: 0, Sum: 0, Workers: 8
[13.527s][debug][gc,phases      ] GC(60)       Merged Fine:              Min: 0, Avg:  0.0, Max: 0, Diff: 0, Sum: 0, Workers: 8
[13.527s][debug][gc,phases      ] GC(60)       Merged Coarse:            Min: 0, Avg:  0.0, Max: 0, Diff: 0, Sum: 0, Workers: 8
[13.527s][debug][gc,phases      ] GC(60)       Dirty Cards:              Min: 0, Avg:  0.0, Max: 0, Diff: 0, Sum: 0, Workers: 8
[13.527s][debug][gc,phases      ] GC(60)     Hot Card Cache (ms):      Min:  0.0, Avg:  0.0, Max:  0.0, Diff:  0.0, Sum:  0.0, Workers: 8
[13.528s][debug][gc,phases      ] GC(60)       Dirty Cards:              Min: 0, Avg:  0.0, Max: 0, Diff: 0, Sum: 0, Workers: 8
[13.528s][debug][gc,phases      ] GC(60)       Skipped Cards:            Min: 0, Avg:  0.0, Max: 0, Diff: 0, Sum: 0, Workers: 8
[13.528s][debug][gc,phases      ] GC(60)     Log Buffers (ms):         Min:  0.0, Avg:  0.0, Max:  0.0, Diff:  0.0, Sum:  0.0, Workers: 8
[13.528s][debug][gc,phases      ] GC(60)       Dirty Cards:              Min: 0, Avg:  0.1, Max: 1, Diff: 1, Sum: 1, Workers: 8
[13.528s][debug][gc,phases      ] GC(60)       Skipped Cards:            Min: 0, Avg:  0.0, Max: 0, Diff: 0, Sum: 0, Workers: 8
[13.528s][info ][gc,phases      ] GC(60)   Evacuate Collection Set: 0.1ms
[13.528s][debug][gc,phases      ] GC(60)     Ext Root Scanning (ms):   Min:  0.0, Avg:  0.0, Max:  0.0, Diff:  0.0, Sum:  0.2, Workers: 8
[13.528s][debug][gc,phases      ] GC(60)     Scan Heap Roots (ms):     Min:  0.0, Avg:  0.0, Max:  0.0, Diff:  0.0, Sum:  0.0, Workers: 8
[13.528s][debug][gc,phases      ] GC(60)       Scanned Cards:            Min: 0, Avg:  0.1, Max: 1, Diff: 1, Sum: 1, Workers: 8
[13.528s][debug][gc,phases      ] GC(60)       Scanned Blocks:           Min: 0, Avg:  0.1, Max: 1, Diff: 1, Sum: 1, Workers: 8
[13.528s][debug][gc,phases      ] GC(60)       Claimed Chunks:           Min: 0, Avg:  0.1, Max: 1, Diff: 1, Sum: 1, Workers: 8
[13.528s][debug][gc,phases      ] GC(60)     Code Root Scan (ms):      Min:  0.0, Avg:  0.0, Max:  0.0, Diff:  0.0, Sum:  0.0, Workers: 8
[13.528s][debug][gc,phases      ] GC(60)     Object Copy (ms):         Min:  0.0, Avg:  0.0, Max:  0.0, Diff:  0.0, Sum:  0.0, Workers: 8
[13.528s][debug][gc,phases      ] GC(60)     Termination (ms):         Min:  0.0, Avg:  0.1, Max:  0.1, Diff:  0.0, Sum:  0.4, Workers: 8
[13.528s][debug][gc,phases      ] GC(60)       Termination Attempts:     Min: 1, Avg:  1.0, Max: 1, Diff: 0, Sum: 8, Workers: 8
[13.528s][debug][gc,phases      ] GC(60)     GC Worker Other (ms):     Min:  0.0, Avg:  0.0, Max:  0.0, Diff:  0.0, Sum:  0.1, Workers: 8
[13.528s][debug][gc,phases      ] GC(60)     GC Worker Total (ms):     Min:  0.1, Avg:  0.1, Max:  0.1, Diff:  0.1, Sum:  0.8, Workers: 8
[13.528s][info ][gc,phases      ] GC(60)   Post Evacuate Collection Set: 0.3ms
[13.528s][debug][gc,phases      ] GC(60)     Code Roots Fixup: 0.0ms
[13.528s][debug][gc,phases      ] GC(60)     Clear Card Table: 0.1ms
[13.528s][debug][gc,phases      ] GC(60)     Reference Processing: 0.0ms
[13.528s][debug][gc,phases,ref  ] GC(60)       Reconsider SoftReferences: 0.0ms
[13.528s][debug][gc,phases,ref  ] GC(60)         SoftRef (ms):             skipped
[13.528s][debug][gc,phases,ref  ] GC(60)       Notify Soft/WeakReferences: 0.0ms
[13.528s][debug][gc,phases,ref  ] GC(60)         SoftRef (ms):             skipped
[13.528s][debug][gc,phases,ref  ] GC(60)         WeakRef (ms):             skipped
[13.528s][debug][gc,phases,ref  ] GC(60)         FinalRef (ms):            skipped
[13.528s][debug][gc,phases,ref  ] GC(60)         Total (ms):               skipped
[13.528s][debug][gc,phases,ref  ] GC(60)       Notify and keep alive finalizable: 0.0ms
[13.528s][debug][gc,phases,ref  ] GC(60)         FinalRef (ms):            skipped
[13.528s][debug][gc,phases,ref  ] GC(60)       Notify PhantomReferences: 0.0ms
[13.528s][debug][gc,phases,ref  ] GC(60)         PhantomRef (ms):          skipped
[13.528s][debug][gc,phases,ref  ] GC(60)       SoftReference:
[13.528s][debug][gc,phases,ref  ] GC(60)         Discovered: 0
[13.528s][debug][gc,phases,ref  ] GC(60)         Cleared: 0
[13.528s][debug][gc,phases,ref  ] GC(60)       WeakReference:
[13.528s][debug][gc,phases,ref  ] GC(60)         Discovered: 0
[13.528s][debug][gc,phases,ref  ] GC(60)         Cleared: 0
[13.528s][debug][gc,phases,ref  ] GC(60)       FinalReference:
[13.528s][debug][gc,phases,ref  ] GC(60)         Discovered: 0
[13.528s][debug][gc,phases,ref  ] GC(60)         Cleared: 0
[13.528s][debug][gc,phases,ref  ] GC(60)       PhantomReference:
[13.528s][debug][gc,phases,ref  ] GC(60)         Discovered: 0
[13.528s][debug][gc,phases,ref  ] GC(60)         Cleared: 0
[13.528s][debug][gc,phases      ] GC(60)     Weak Processing: 0.0ms
[13.528s][debug][gc,phases      ] GC(60)       JVMTI weak processing: 0.0ms
[13.528s][debug][gc,phases      ] GC(60)         Dead: 0
[13.528s][debug][gc,phases      ] GC(60)         Total: 0
[13.528s][debug][gc,phases      ] GC(60)       JFR weak processing: 0.0ms
[13.528s][debug][gc,phases      ] GC(60)         Dead: 0
[13.528s][debug][gc,phases      ] GC(60)         Total: 0
[13.528s][debug][gc,phases      ] GC(60)       JNI weak                  Min:  0.0, Avg:  0.0, Max:  0.0, Diff:  0.0, Sum:  0.0, Workers: 5
[13.528s][debug][gc,phases      ] GC(60)         Dead                      Min: 0, Avg:  0.0, Max: 0, Diff: 0, Sum: 0, Workers: 5
[13.528s][debug][gc,phases      ] GC(60)         Total                     Min: 0, Avg: 13.4, Max: 52, Diff: 52, Sum: 67, Workers: 5
[13.528s][debug][gc,phases      ] GC(60)       VM weak                   Min:  0.0, Avg:  0.0, Max:  0.0, Diff:  0.0, Sum:  0.0, Workers: 5
[13.528s][debug][gc,phases      ] GC(60)         Dead                      Min: 0, Avg:  0.0, Max: 0, Diff: 0, Sum: 0, Workers: 5
[13.528s][debug][gc,phases      ] GC(60)         Total                     Min: 0, Avg: 47.6, Max: 128, Diff: 128, Sum: 238, Workers: 5
[13.528s][debug][gc,phases      ] GC(60)       StringTable weak          Min:  0.0, Avg:  0.0, Max:  0.0, Diff:  0.0, Sum:  0.1, Workers: 5
[13.528s][debug][gc,phases      ] GC(60)         Dead                      Min: 0, Avg:  0.0, Max: 0, Diff: 0, Sum: 0, Workers: 5
[13.528s][debug][gc,phases      ] GC(60)         Total                     Min: 0, Avg: 728.6, Max: 1854, Diff: 1854, Sum: 3643, Workers: 5
[13.528s][debug][gc,phases      ] GC(60)       ResolvedMethodTable weak  Min:  0.0, Avg:  0.0, Max:  0.0, Diff:  0.0, Sum:  0.0, Workers: 5
[13.528s][debug][gc,phases      ] GC(60)         Dead                      Min: 0, Avg:  0.0, Max: 0, Diff: 0, Sum: 0, Workers: 5
[13.528s][debug][gc,phases      ] GC(60)         Total                     Min: 0, Avg: 123.4, Max: 256, Diff: 256, Sum: 617, Workers: 5
[13.528s][debug][gc,phases      ] GC(60)     Merge Per-Thread State: 0.0ms
[13.528s][debug][gc,phases      ] GC(60)       Copied Bytes              Min: 0, Avg: 32.0, Max: 104, Diff: 104, Sum: 256, Workers: 8
[13.528s][debug][gc,phases      ] GC(60)       LAB Waste                 Min: 0, Avg:  0.0, Max: 0, Diff: 0, Sum: 0, Workers: 8
[13.528s][debug][gc,phases      ] GC(60)       LAB Undo Waste            Min: 0, Avg:  0.0, Max: 0, Diff: 0, Sum: 0, Workers: 8
[13.528s][debug][gc,phases      ] GC(60)     Code Roots Purge: 0.0ms
[13.528s][debug][gc,phases      ] GC(60)     Redirty Cards: 0.0ms
[13.528s][debug][gc,phases      ] GC(60)     DerivedPointerTable Update: 0.0ms
[13.528s][debug][gc,phases      ] GC(60)     Free Collection Set: 0.1ms
[13.528s][debug][gc,phases      ] GC(60)     Rebuild Free List: 0.0ms
[13.528s][debug][gc,phases      ] GC(60)     Humongous Reclaim: 0.0ms
[13.528s][debug][gc,phases      ] GC(60)     Start New Collection Set: 0.0ms
[13.528s][debug][gc,phases      ] GC(60)     Resize TLABs: 0.0ms
[13.528s][debug][gc,phases      ] GC(60)     Expand Heap After Collection: 0.0ms
[13.528s][info ][gc,phases      ] GC(60)   Other: 0.2ms
[13.528s][info ][gc,heap        ] GC(60) Eden regions: 177->0(177)
[13.528s][info ][gc,heap        ] GC(60) Survivor regions: 1->1(23)
[13.528s][info ][gc,heap        ] GC(60) Old regions: 7->7
[13.528s][info ][gc,heap        ] GC(60) Archive regions: 2->2
[13.528s][info ][gc,heap        ] GC(60) Humongous regions: 0->0
[13.528s][info ][gc,metaspace   ] GC(60) Metaspace: 10703K(11136K)->10703K(11136K) NonClass: 9440K(9728K)->9440K(9728K) Class: 1263K(1408K)->1263K(1408K)
[13.528s][debug][gc,heap        ] GC(60) Heap after GC invocations=61 (full 1): garbage-first heap   total 305152K, used 4434K [0x0000000700000000, 0x0000000800000000)
[13.528s][debug][gc,heap        ] GC(60)   region size 1024K, 1 young (1024K), 1 survivors (1024K)
[13.528s][debug][gc,heap        ] GC(60)  Metaspace       used 10703K, capacity 10992K, committed 11136K, reserved 1058816K
[13.528s][debug][gc,heap        ] GC(60)   class space    used 1263K, capacity 1389K, committed 1408K, reserved 1048576K
[13.528s][info ][gc             ] GC(60) Pause Young (Normal) (G1 Evacuation Pause) 181M->4M(298M) 1.385ms
[13.528s][info ][gc,cpu         ] GC(60) User=0.00s Sys=0.00s Real=0.01s
[13.528s][info ][safepoint      ] Safepoint "G1CollectForAllocation", Time since last: 166205054 ns, Reaching safepoint: 154258 ns, At safepoint: 1543086 ns, Total: 1697344 ns
[13.683s][debug][gc,heap        ] GC(61) Heap before GC invocations=61 (full 1): garbage-first heap   total 305152K, used 185682K [0x0000000700000000, 0x0000000800000000)
[13.683s][debug][gc,heap        ] GC(61)   region size 1024K, 178 young (182272K), 1 survivors (1024K)
[13.683s][debug][gc,heap        ] GC(61)  Metaspace       used 10703K, capacity 10992K, committed 11136K, reserved 1058816K
[13.683s][debug][gc,heap        ] GC(61)   class space    used 1263K, capacity 1389K, committed 1408K, reserved 1048576K
[13.683s][info ][gc,start       ] GC(61) Pause Young (Normal) (G1 Evacuation Pause)
[13.683s][info ][gc,task        ] GC(61) Using 8 workers of 8 for evacuation
[13.683s][debug][gc,tlab        ] GC(61) TLAB totals: thrds: 8  refills: 713 max: 101 slow allocs: 0 max 0 waste:  1.0% gc: 1535944B max: 432208B slow: 412464B max: 58464B fast: 0B max: 0B
[13.683s][debug][gc,age         ] GC(61) Desired survivor size 12058624 bytes, new threshold 15 (max threshold 15)
[13.683s][debug][gc,alloc,region] GC(61) Mutator Allocation stats, regions: 177, wasted size: 0B ( 0.0%)
[13.683s][debug][gc,ergo        ] GC(61) Running G1 Merge Heap Roots using 8 workers for 178 regions
[13.683s][debug][gc,remset      ] GC(61) Visited cards 256 Total dirty 2048 (12.50%) Total old 747520 (0.03%)
[13.684s][debug][gc,ergo        ] GC(61) Running G1 Clear Card Table Task using 1 workers for 1 units of work for 179 regions.
[13.684s][debug][gc,ref         ] GC(61) Skipped phase1 of Reference Processing due to unavailable references
[13.684s][debug][gc,ref         ] GC(61) Skipped phase2 of Reference Processing due to unavailable references
[13.684s][debug][gc,ref         ] GC(61) Skipped phase3 of Reference Processing due to unavailable references
[13.684s][debug][gc,ref         ] GC(61) Skipped phase4 of Reference Processing due to unavailable references
[13.684s][debug][gc,ergo        ] GC(61) Running G1 Free Collection Set using 8 workers for collection set length 178 (298)
[13.684s][debug][gc,ergo        ] GC(61) Running G1 Rebuild Free List Task using 8 workers for rebuilding free list of 0 (4096) regions
[13.684s][trace][gc,age         ] GC(61) Age table with threshold 15 (max threshold 15)
[13.684s][trace][gc,age         ] GC(61) - age   1:        360 bytes,        360 total
[13.684s][debug][gc,plab        ] GC(61) Young PLAB allocation: allocated: 8256B, wasted: 0B, unused: 7896B, used: 360B, undo waste: 0B, 
[13.684s][debug][gc,plab        ] GC(61) Young other allocation: region end waste: 0B, regions filled: 1, direct allocated: 0B, failure used: 0B, failure wasted: 0B
[13.684s][debug][gc,plab        ] GC(61) Young sizing: calculated: 72B, actual: 2064B
[13.684s][debug][gc,plab        ] GC(61) Old PLAB allocation: allocated: 0B, wasted: 0B, unused: 0B, used: 0B, undo waste: 0B, 
[13.684s][debug][gc,plab        ] GC(61) Old other allocation: region end waste: 0B, regions filled: 1, direct allocated: 0B, failure used: 0B, failure wasted: 0B
[13.684s][debug][gc,plab        ] GC(61) Old sizing: calculated: 0B, actual: 2064B
[13.684s][debug][gc,ihop        ] GC(61) Basic information (value update), threshold: 140614041B (45.00), target occupancy: 312475648B, current occupancy: 4543024B, recent allocation size: 0B, recent allocation duration: 155.91ms, recent old gen allocation rate: 0.00B/s, recent marking phase length: 0.00ms
[13.684s][debug][gc,ihop        ] GC(61) Adaptive IHOP information (value update), threshold: 140614041B (47.37), internal target occupancy: 296851865B, occupancy: 4543024B, additional buffer size: 186646528B, predicted old gen allocation rate: 32689.19B/s, predicted marking phase length: 0.00ms, prediction active: false
[13.684s][debug][gc,ergo,refine ] GC(61) Concurrent refinement times: Logged Cards Scan time goal: 20.00ms Logged Cards Scan time: 0.00ms HCC time: 0.00ms
[13.684s][debug][gc,ergo,refine ] GC(61) Updated Refinement Zones: green: 2048, yellow: 6144, red: 10240
[13.684s][info ][gc,phases      ] GC(61)   Pre Evacuate Collection Set: 0.1ms
[13.684s][debug][gc,phases      ] GC(61)     Prepare TLABs: 0.0ms
[13.684s][debug][gc,phases      ] GC(61)     Choose Collection Set: 0.0ms
[13.684s][debug][gc,phases      ] GC(61)     Region Register: 0.1ms
[13.684s][debug][gc,phases      ] GC(61)     Prepare Heap Roots: 0.0ms
[13.684s][info ][gc,phases      ] GC(61)   Merge Heap Roots: 0.1ms
[13.684s][debug][gc,phases      ] GC(61)     Prepare Merge Heap Roots: 0.0ms
[13.684s][debug][gc,phases      ] GC(61)     Eager Reclaim (ms):       skipped
[13.684s][debug][gc,phases      ] GC(61)     Remembered Sets (ms):     Min:  0.0, Avg:  0.0, Max:  0.0, Diff:  0.0, Sum:  0.1, Workers: 8
[13.684s][debug][gc,phases      ] GC(61)       Merged Sparse:            Min: 0, Avg:  0.0, Max: 0, Diff: 0, Sum: 0, Workers: 8
[13.684s][debug][gc,phases      ] GC(61)       Merged Fine:              Min: 0, Avg:  0.0, Max: 0, Diff: 0, Sum: 0, Workers: 8
[13.684s][debug][gc,phases      ] GC(61)       Merged Coarse:            Min: 0, Avg:  0.0, Max: 0, Diff: 0, Sum: 0, Workers: 8
[13.684s][debug][gc,phases      ] GC(61)       Dirty Cards:              Min: 0, Avg:  0.0, Max: 0, Diff: 0, Sum: 0, Workers: 8
[13.684s][debug][gc,phases      ] GC(61)     Hot Card Cache (ms):      Min:  0.0, Avg:  0.0, Max:  0.0, Diff:  0.0, Sum:  0.0, Workers: 8
[13.684s][debug][gc,phases      ] GC(61)       Dirty Cards:              Min: 0, Avg:  0.0, Max: 0, Diff: 0, Sum: 0, Workers: 8
[13.684s][debug][gc,phases      ] GC(61)       Skipped Cards:            Min: 0, Avg:  0.0, Max: 0, Diff: 0, Sum: 0, Workers: 8
[13.684s][debug][gc,phases      ] GC(61)     Log Buffers (ms):         Min:  0.0, Avg:  0.0, Max:  0.0, Diff:  0.0, Sum:  0.0, Workers: 8
[13.684s][debug][gc,phases      ] GC(61)       Dirty Cards:              Min: 0, Avg:  0.1, Max: 1, Diff: 1, Sum: 1, Workers: 8
[13.684s][debug][gc,phases      ] GC(61)       Skipped Cards:            Min: 0, Avg:  0.0, Max: 0, Diff: 0, Sum: 0, Workers: 8
[13.684s][info ][gc,phases      ] GC(61)   Evacuate Collection Set: 0.2ms
[13.684s][debug][gc,phases      ] GC(61)     Ext Root Scanning (ms):   Min:  0.0, Avg:  0.0, Max:  0.1, Diff:  0.1, Sum:  0.3, Workers: 8
[13.684s][debug][gc,phases      ] GC(61)     Scan Heap Roots (ms):     Min:  0.0, Avg:  0.0, Max:  0.0, Diff:  0.0, Sum:  0.0, Workers: 8
[13.684s][debug][gc,phases      ] GC(61)       Scanned Cards:            Min: 0, Avg:  0.1, Max: 1, Diff: 1, Sum: 1, Workers: 8
[13.684s][debug][gc,phases      ] GC(61)       Scanned Blocks:           Min: 0, Avg:  0.1, Max: 1, Diff: 1, Sum: 1, Workers: 8
[13.684s][debug][gc,phases      ] GC(61)       Claimed Chunks:           Min: 0, Avg:  0.1, Max: 1, Diff: 1, Sum: 1, Workers: 8
[13.684s][debug][gc,phases      ] GC(61)     Code Root Scan (ms):      Min:  0.0, Avg:  0.0, Max:  0.0, Diff:  0.0, Sum:  0.0, Workers: 8
[13.684s][debug][gc,phases      ] GC(61)     Object Copy (ms):         Min:  0.0, Avg:  0.0, Max:  0.0, Diff:  0.0, Sum:  0.0, Workers: 8
[13.684s][debug][gc,phases      ] GC(61)     Termination (ms):         Min:  0.0, Avg:  0.1, Max:  0.1, Diff:  0.0, Sum:  0.4, Workers: 8
[13.684s][debug][gc,phases      ] GC(61)       Termination Attempts:     Min: 1, Avg:  1.0, Max: 1, Diff: 0, Sum: 8, Workers: 8
[13.684s][debug][gc,phases      ] GC(61)     GC Worker Other (ms):     Min:  0.0, Avg:  0.0, Max:  0.0, Diff:  0.0, Sum:  0.2, Workers: 8
[13.684s][debug][gc,phases      ] GC(61)     GC Worker Total (ms):     Min:  0.1, Avg:  0.1, Max:  0.2, Diff:  0.1, Sum:  1.0, Workers: 8
[13.684s][info ][gc,phases      ] GC(61)   Post Evacuate Collection Set: 0.3ms
[13.684s][debug][gc,phases      ] GC(61)     Code Roots Fixup: 0.0ms
[13.684s][debug][gc,phases      ] GC(61)     Clear Card Table: 0.1ms
[13.684s][debug][gc,phases      ] GC(61)     Reference Processing: 0.0ms
[13.684s][debug][gc,phases,ref  ] GC(61)       Reconsider SoftReferences: 0.0ms
[13.684s][debug][gc,phases,ref  ] GC(61)         SoftRef (ms):             skipped
[13.684s][debug][gc,phases,ref  ] GC(61)       Notify Soft/WeakReferences: 0.0ms
[13.684s][debug][gc,phases,ref  ] GC(61)         SoftRef (ms):             skipped
[13.684s][debug][gc,phases,ref  ] GC(61)         WeakRef (ms):             skipped
[13.684s][debug][gc,phases,ref  ] GC(61)         FinalRef (ms):            skipped
[13.684s][debug][gc,phases,ref  ] GC(61)         Total (ms):               skipped
[13.684s][debug][gc,phases,ref  ] GC(61)       Notify and keep alive finalizable: 0.0ms
[13.684s][debug][gc,phases,ref  ] GC(61)         FinalRef (ms):            skipped
[13.684s][debug][gc,phases,ref  ] GC(61)       Notify PhantomReferences: 0.0ms
[13.684s][debug][gc,phases,ref  ] GC(61)         PhantomRef (ms):          skipped
[13.684s][debug][gc,phases,ref  ] GC(61)       SoftReference:
[13.684s][debug][gc,phases,ref  ] GC(61)         Discovered: 0
[13.684s][debug][gc,phases,ref  ] GC(61)         Cleared: 0
[13.684s][debug][gc,phases,ref  ] GC(61)       WeakReference:
[13.684s][debug][gc,phases,ref  ] GC(61)         Discovered: 0
[13.684s][debug][gc,phases,ref  ] GC(61)         Cleared: 0
[13.684s][debug][gc,phases,ref  ] GC(61)       FinalReference:
[13.684s][debug][gc,phases,ref  ] GC(61)         Discovered: 0
[13.684s][debug][gc,phases,ref  ] GC(61)         Cleared: 0
[13.684s][debug][gc,phases,ref  ] GC(61)       PhantomReference:
[13.684s][debug][gc,phases,ref  ] GC(61)         Discovered: 0
[13.684s][debug][gc,phases,ref  ] GC(61)         Cleared: 0
[13.684s][debug][gc,phases      ] GC(61)     Weak Processing: 0.0ms
[13.685s][debug][gc,phases      ] GC(61)       JVMTI weak processing: 0.0ms
[13.685s][debug][gc,phases      ] GC(61)         Dead: 0
[13.685s][debug][gc,phases      ] GC(61)         Total: 0
[13.685s][debug][gc,phases      ] GC(61)       JFR weak processing: 0.0ms
[13.685s][debug][gc,phases      ] GC(61)         Dead: 0
[13.685s][debug][gc,phases      ] GC(61)         Total: 0
[13.685s][debug][gc,phases      ] GC(61)       JNI weak                  Min:  0.0, Avg:  0.0, Max:  0.0, Diff:  0.0, Sum:  0.0, Workers: 5
[13.685s][debug][gc,phases      ] GC(61)         Dead                      Min: 0, Avg:  0.0, Max: 0, Diff: 0, Sum: 0, Workers: 5
[13.685s][debug][gc,phases      ] GC(61)         Total                     Min: 0, Avg: 13.4, Max: 52, Diff: 52, Sum: 67, Workers: 5
[13.685s][debug][gc,phases      ] GC(61)       VM weak                   Min:  0.0, Avg:  0.0, Max:  0.0, Diff:  0.0, Sum:  0.0, Workers: 5
[13.685s][debug][gc,phases      ] GC(61)         Dead                      Min: 0, Avg:  0.0, Max: 0, Diff: 0, Sum: 0, Workers: 5
[13.685s][debug][gc,phases      ] GC(61)         Total                     Min: 0, Avg: 47.6, Max: 64, Diff: 64, Sum: 238, Workers: 5
[13.685s][debug][gc,phases      ] GC(61)       StringTable weak          Min:  0.0, Avg:  0.0, Max:  0.0, Diff:  0.0, Sum:  0.1, Workers: 5
[13.685s][debug][gc,phases      ] GC(61)         Dead                      Min: 0, Avg:  0.0, Max: 0, Diff: 0, Sum: 0, Workers: 5
[13.685s][debug][gc,phases      ] GC(61)         Total                     Min: 0, Avg: 728.6, Max: 955, Diff: 955, Sum: 3643, Workers: 5
[13.685s][debug][gc,phases      ] GC(61)       ResolvedMethodTable weak  Min:  0.0, Avg:  0.0, Max:  0.0, Diff:  0.0, Sum:  0.0, Workers: 5
[13.685s][debug][gc,phases      ] GC(61)         Dead                      Min: 0, Avg:  0.0, Max: 0, Diff: 0, Sum: 0, Workers: 5
[13.685s][debug][gc,phases      ] GC(61)         Total                     Min: 0, Avg: 123.4, Max: 192, Diff: 192, Sum: 617, Workers: 5
[13.685s][debug][gc,phases      ] GC(61)     Merge Per-Thread State: 0.0ms
[13.685s][debug][gc,phases      ] GC(61)       Copied Bytes              Min: 0, Avg: 45.0, Max: 104, Diff: 104, Sum: 360, Workers: 8
[13.685s][debug][gc,phases      ] GC(61)       LAB Waste                 Min: 0, Avg:  0.0, Max: 0, Diff: 0, Sum: 0, Workers: 8
[13.685s][debug][gc,phases      ] GC(61)       LAB Undo Waste            Min: 0, Avg:  0.0, Max: 0, Diff: 0, Sum: 0, Workers: 8
[13.685s][debug][gc,phases      ] GC(61)     Code Roots Purge: 0.0ms
[13.685s][debug][gc,phases      ] GC(61)     Redirty Cards: 0.0ms
[13.685s][debug][gc,phases      ] GC(61)     DerivedPointerTable Update: 0.0ms
[13.685s][debug][gc,phases      ] GC(61)     Free Collection Set: 0.1ms
[13.685s][debug][gc,phases      ] GC(61)     Rebuild Free List: 0.0ms
[13.685s][debug][gc,phases      ] GC(61)     Humongous Reclaim: 0.0ms
[13.685s][debug][gc,phases      ] GC(61)     Start New Collection Set: 0.0ms
[13.685s][debug][gc,phases      ] GC(61)     Resize TLABs: 0.0ms
[13.685s][debug][gc,phases      ] GC(61)     Expand Heap After Collection: 0.0ms
[13.685s][info ][gc,phases      ] GC(61)   Other: 0.3ms
[13.685s][info ][gc,heap        ] GC(61) Eden regions: 177->0(177)
[13.685s][info ][gc,heap        ] GC(61) Survivor regions: 1->1(23)
[13.685s][info ][gc,heap        ] GC(61) Old regions: 7->7
[13.685s][info ][gc,heap        ] GC(61) Archive regions: 2->2
[13.685s][info ][gc,heap        ] GC(61) Humongous regions: 0->0
[13.685s][info ][gc,metaspace   ] GC(61) Metaspace: 10703K(11136K)->10703K(11136K) NonClass: 9440K(9728K)->9440K(9728K) Class: 1263K(1408K)->1263K(1408K)
[13.685s][debug][gc,heap        ] GC(61) Heap after GC invocations=62 (full 1): garbage-first heap   total 305152K, used 4436K [0x0000000700000000, 0x0000000800000000)
[13.685s][debug][gc,heap        ] GC(61)   region size 1024K, 1 young (1024K), 1 survivors (1024K)
[13.685s][debug][gc,heap        ] GC(61)  Metaspace       used 10703K, capacity 10992K, committed 11136K, reserved 1058816K
[13.685s][debug][gc,heap        ] GC(61)   class space    used 1263K, capacity 1389K, committed 1408K, reserved 1048576K
[13.685s][info ][gc             ] GC(61) Pause Young (Normal) (G1 Evacuation Pause) 181M->4M(298M) 1.490ms
[13.685s][info ][gc,cpu         ] GC(61) User=0.00s Sys=0.00s Real=0.00s
[13.685s][info ][safepoint      ] Safepoint "G1CollectForAllocation", Time since last: 154819837 ns, Reaching safepoint: 159026 ns, At safepoint: 1746073 ns, Total: 1905099 ns
[13.853s][debug][gc,heap        ] GC(62) Heap before GC invocations=62 (full 1): garbage-first heap   total 305152K, used 185684K [0x0000000700000000, 0x0000000800000000)
[13.853s][debug][gc,heap        ] GC(62)   region size 1024K, 178 young (182272K), 1 survivors (1024K)
[13.853s][debug][gc,heap        ] GC(62)  Metaspace       used 10703K, capacity 10992K, committed 11136K, reserved 1058816K
[13.853s][debug][gc,heap        ] GC(62)   class space    used 1263K, capacity 1389K, committed 1408K, reserved 1048576K
[13.853s][info ][gc,start       ] GC(62) Pause Young (Normal) (G1 Evacuation Pause)
[13.853s][info ][gc,task        ] GC(62) Using 8 workers of 8 for evacuation
[13.853s][debug][gc,tlab        ] GC(62) TLAB totals: thrds: 8  refills: 712 max: 93 slow allocs: 0 max 0 waste:  0.9% gc: 1213528B max: 316000B slow: 411008B max: 53752B fast: 0B max: 0B
[13.853s][debug][gc,age         ] GC(62) Desired survivor size 12058624 bytes, new threshold 15 (max threshold 15)
[13.853s][debug][gc,alloc,region] GC(62) Mutator Allocation stats, regions: 177, wasted size: 0B ( 0.0%)
[13.853s][debug][gc,ergo        ] GC(62) Running G1 Merge Heap Roots using 8 workers for 178 regions
[13.853s][debug][gc,remset      ] GC(62) Visited cards 256 Total dirty 2048 (12.50%) Total old 747520 (0.03%)
[13.854s][debug][gc,ergo        ] GC(62) Running G1 Clear Card Table Task using 1 workers for 1 units of work for 179 regions.
[13.854s][debug][gc,ref         ] GC(62) Skipped phase1 of Reference Processing due to unavailable references
[13.854s][debug][gc,ref         ] GC(62) Skipped phase2 of Reference Processing due to unavailable references
[13.854s][debug][gc,ref         ] GC(62) Skipped phase3 of Reference Processing due to unavailable references
[13.854s][debug][gc,ref         ] GC(62) Skipped phase4 of Reference Processing due to unavailable references
[13.854s][debug][gc,ergo        ] GC(62) Running G1 Free Collection Set using 8 workers for collection set length 178 (298)
[13.854s][debug][gc,ergo        ] GC(62) Running G1 Rebuild Free List Task using 8 workers for rebuilding free list of 0 (4096) regions
[13.854s][trace][gc,age         ] GC(62) Age table with threshold 15 (max threshold 15)
[13.854s][trace][gc,age         ] GC(62) - age   1:        336 bytes,        336 total
[13.854s][debug][gc,plab        ] GC(62) Young PLAB allocation: allocated: 4128B, wasted: 0B, unused: 3792B, used: 336B, undo waste: 0B, 
[13.854s][debug][gc,plab        ] GC(62) Young other allocation: region end waste: 0B, regions filled: 1, direct allocated: 0B, failure used: 0B, failure wasted: 0B
[13.854s][debug][gc,plab        ] GC(62) Young sizing: calculated: 64B, actual: 2064B
[13.854s][debug][gc,plab        ] GC(62) Old PLAB allocation: allocated: 0B, wasted: 0B, unused: 0B, used: 0B, undo waste: 0B, 
[13.854s][debug][gc,plab        ] GC(62) Old other allocation: region end waste: 0B, regions filled: 1, direct allocated: 0B, failure used: 0B, failure wasted: 0B
[13.854s][debug][gc,plab        ] GC(62) Old sizing: calculated: 0B, actual: 2064B
[13.854s][debug][gc,ihop        ] GC(62) Basic information (value update), threshold: 140614041B (45.00), target occupancy: 312475648B, current occupancy: 4538896B, recent allocation size: 0B, recent allocation duration: 169.13ms, recent old gen allocation rate: 0.00B/s, recent marking phase length: 0.00ms
[13.854s][debug][gc,ihop        ] GC(62) Adaptive IHOP information (value update), threshold: 140614041B (47.37), internal target occupancy: 296851865B, occupancy: 4538896B, additional buffer size: 186646528B, predicted old gen allocation rate: 31655.63B/s, predicted marking phase length: 0.00ms, prediction active: false
[13.854s][debug][gc,ergo,refine ] GC(62) Concurrent refinement times: Logged Cards Scan time goal: 20.00ms Logged Cards Scan time: 0.00ms HCC time: 0.00ms
[13.854s][debug][gc,ergo,refine ] GC(62) Updated Refinement Zones: green: 2048, yellow: 6144, red: 10240
[13.854s][info ][gc,phases      ] GC(62)   Pre Evacuate Collection Set: 0.1ms
[13.854s][debug][gc,phases      ] GC(62)     Prepare TLABs: 0.0ms
[13.854s][debug][gc,phases      ] GC(62)     Choose Collection Set: 0.0ms
[13.854s][debug][gc,phases      ] GC(62)     Region Register: 0.1ms
[13.854s][debug][gc,phases      ] GC(62)     Prepare Heap Roots: 0.0ms
[13.854s][info ][gc,phases      ] GC(62)   Merge Heap Roots: 0.1ms
[13.854s][debug][gc,phases      ] GC(62)     Prepare Merge Heap Roots: 0.0ms
[13.854s][debug][gc,phases      ] GC(62)     Eager Reclaim (ms):       skipped
[13.854s][debug][gc,phases      ] GC(62)     Remembered Sets (ms):     Min:  0.0, Avg:  0.0, Max:  0.0, Diff:  0.0, Sum:  0.0, Workers: 8
[13.854s][debug][gc,phases      ] GC(62)       Merged Sparse:            Min: 0, Avg:  0.0, Max: 0, Diff: 0, Sum: 0, Workers: 8
[13.854s][debug][gc,phases      ] GC(62)       Merged Fine:              Min: 0, Avg:  0.0, Max: 0, Diff: 0, Sum: 0, Workers: 8
[13.854s][debug][gc,phases      ] GC(62)       Merged Coarse:            Min: 0, Avg:  0.0, Max: 0, Diff: 0, Sum: 0, Workers: 8
[13.854s][debug][gc,phases      ] GC(62)       Dirty Cards:              Min: 0, Avg:  0.0, Max: 0, Diff: 0, Sum: 0, Workers: 8
[13.854s][debug][gc,phases      ] GC(62)     Hot Card Cache (ms):      Min:  0.0, Avg:  0.0, Max:  0.0, Diff:  0.0, Sum:  0.0, Workers: 8
[13.854s][debug][gc,phases      ] GC(62)       Dirty Cards:              Min: 0, Avg:  0.0, Max: 0, Diff: 0, Sum: 0, Workers: 8
[13.854s][debug][gc,phases      ] GC(62)       Skipped Cards:            Min: 0, Avg:  0.0, Max: 0, Diff: 0, Sum: 0, Workers: 8
[13.854s][debug][gc,phases      ] GC(62)     Log Buffers (ms):         Min:  0.0, Avg:  0.0, Max:  0.0, Diff:  0.0, Sum:  0.0, Workers: 8
[13.854s][debug][gc,phases      ] GC(62)       Dirty Cards:              Min: 0, Avg:  0.1, Max: 1, Diff: 1, Sum: 1, Workers: 8
[13.854s][debug][gc,phases      ] GC(62)       Skipped Cards:            Min: 0, Avg:  0.0, Max: 0, Diff: 0, Sum: 0, Workers: 8
[13.854s][info ][gc,phases      ] GC(62)   Evacuate Collection Set: 0.1ms
[13.854s][debug][gc,phases      ] GC(62)     Ext Root Scanning (ms):   Min:  0.0, Avg:  0.0, Max:  0.1, Diff:  0.1, Sum:  0.2, Workers: 8
[13.854s][debug][gc,phases      ] GC(62)     Scan Heap Roots (ms):     Min:  0.0, Avg:  0.0, Max:  0.0, Diff:  0.0, Sum:  0.0, Workers: 8
[13.854s][debug][gc,phases      ] GC(62)       Scanned Cards:            Min: 0, Avg:  0.1, Max: 1, Diff: 1, Sum: 1, Workers: 8
[13.854s][debug][gc,phases      ] GC(62)       Scanned Blocks:           Min: 0, Avg:  0.1, Max: 1, Diff: 1, Sum: 1, Workers: 8
[13.854s][debug][gc,phases      ] GC(62)       Claimed Chunks:           Min: 0, Avg:  0.1, Max: 1, Diff: 1, Sum: 1, Workers: 8
[13.854s][debug][gc,phases      ] GC(62)     Code Root Scan (ms):      Min:  0.0, Avg:  0.0, Max:  0.0, Diff:  0.0, Sum:  0.0, Workers: 8
[13.854s][debug][gc,phases      ] GC(62)     Object Copy (ms):         Min:  0.0, Avg:  0.0, Max:  0.0, Diff:  0.0, Sum:  0.0, Workers: 8
[13.854s][debug][gc,phases      ] GC(62)     Termination (ms):         Min:  0.0, Avg:  0.0, Max:  0.1, Diff:  0.0, Sum:  0.4, Workers: 8
[13.854s][debug][gc,phases      ] GC(62)       Termination Attempts:     Min: 1, Avg:  1.0, Max: 1, Diff: 0, Sum: 8, Workers: 8
[13.854s][debug][gc,phases      ] GC(62)     GC Worker Other (ms):     Min:  0.0, Avg:  0.0, Max:  0.0, Diff:  0.0, Sum:  0.1, Workers: 8
[13.854s][debug][gc,phases      ] GC(62)     GC Worker Total (ms):     Min:  0.0, Avg:  0.1, Max:  0.1, Diff:  0.1, Sum:  0.7, Workers: 8
[13.854s][info ][gc,phases      ] GC(62)   Post Evacuate Collection Set: 0.4ms
[13.854s][debug][gc,phases      ] GC(62)     Code Roots Fixup: 0.0ms
[13.854s][debug][gc,phases      ] GC(62)     Clear Card Table: 0.1ms
[13.854s][debug][gc,phases      ] GC(62)     Reference Processing: 0.1ms
[13.854s][debug][gc,phases,ref  ] GC(62)       Reconsider SoftReferences: 0.0ms
[13.854s][debug][gc,phases,ref  ] GC(62)         SoftRef (ms):             skipped
[13.854s][debug][gc,phases,ref  ] GC(62)       Notify Soft/WeakReferences: 0.0ms
[13.854s][debug][gc,phases,ref  ] GC(62)         SoftRef (ms):             skipped
[13.854s][debug][gc,phases,ref  ] GC(62)         WeakRef (ms):             skipped
[13.854s][debug][gc,phases,ref  ] GC(62)         FinalRef (ms):            skipped
[13.854s][debug][gc,phases,ref  ] GC(62)         Total (ms):               skipped
[13.854s][debug][gc,phases,ref  ] GC(62)       Notify and keep alive finalizable: 0.0ms
[13.854s][debug][gc,phases,ref  ] GC(62)         FinalRef (ms):            skipped
[13.854s][debug][gc,phases,ref  ] GC(62)       Notify PhantomReferences: 0.0ms
[13.854s][debug][gc,phases,ref  ] GC(62)         PhantomRef (ms):          skipped
[13.854s][debug][gc,phases,ref  ] GC(62)       SoftReference:
[13.854s][debug][gc,phases,ref  ] GC(62)         Discovered: 0
[13.854s][debug][gc,phases,ref  ] GC(62)         Cleared: 0
[13.854s][debug][gc,phases,ref  ] GC(62)       WeakReference:
[13.854s][debug][gc,phases,ref  ] GC(62)         Discovered: 0
[13.854s][debug][gc,phases,ref  ] GC(62)         Cleared: 0
[13.855s][debug][gc,phases,ref  ] GC(62)       FinalReference:
[13.855s][debug][gc,phases,ref  ] GC(62)         Discovered: 0
[13.855s][debug][gc,phases,ref  ] GC(62)         Cleared: 0
[13.855s][debug][gc,phases,ref  ] GC(62)       PhantomReference:
[13.855s][debug][gc,phases,ref  ] GC(62)         Discovered: 0
[13.855s][debug][gc,phases,ref  ] GC(62)         Cleared: 0
[13.855s][debug][gc,phases      ] GC(62)     Weak Processing: 0.1ms
[13.855s][debug][gc,phases      ] GC(62)       JVMTI weak processing: 0.0ms
[13.855s][debug][gc,phases      ] GC(62)         Dead: 0
[13.855s][debug][gc,phases      ] GC(62)         Total: 0
[13.855s][debug][gc,phases      ] GC(62)       JFR weak processing: 0.0ms
[13.855s][debug][gc,phases      ] GC(62)         Dead: 0
[13.855s][debug][gc,phases      ] GC(62)         Total: 0
[13.855s][debug][gc,phases      ] GC(62)       JNI weak                  Min:  0.0, Avg:  0.0, Max:  0.0, Diff:  0.0, Sum:  0.0, Workers: 5
[13.855s][debug][gc,phases      ] GC(62)         Dead                      Min: 0, Avg:  0.0, Max: 0, Diff: 0, Sum: 0, Workers: 5
[13.855s][debug][gc,phases      ] GC(62)         Total                     Min: 0, Avg: 13.4, Max: 67, Diff: 67, Sum: 67, Workers: 5
[13.855s][debug][gc,phases      ] GC(62)       VM weak                   Min:  0.0, Avg:  0.0, Max:  0.0, Diff:  0.0, Sum:  0.0, Workers: 5
[13.855s][debug][gc,phases      ] GC(62)         Dead                      Min: 0, Avg:  0.0, Max: 0, Diff: 0, Sum: 0, Workers: 5
[13.855s][debug][gc,phases      ] GC(62)         Total                     Min: 0, Avg: 47.6, Max: 174, Diff: 174, Sum: 238, Workers: 5
[13.855s][debug][gc,phases      ] GC(62)       StringTable weak          Min:  0.0, Avg:  0.0, Max:  0.0, Diff:  0.0, Sum:  0.0, Workers: 5
[13.855s][debug][gc,phases      ] GC(62)         Dead                      Min: 0, Avg:  0.0, Max: 0, Diff: 0, Sum: 0, Workers: 5
[13.855s][debug][gc,phases      ] GC(62)         Total                     Min: 0, Avg: 728.6, Max: 1853, Diff: 1853, Sum: 3643, Workers: 5
[13.855s][debug][gc,phases      ] GC(62)       ResolvedMethodTable weak  Min:  0.0, Avg:  0.0, Max:  0.0, Diff:  0.0, Sum:  0.0, Workers: 5
[13.855s][debug][gc,phases      ] GC(62)         Dead                      Min: 0, Avg:  0.0, Max: 0, Diff: 0, Sum: 0, Workers: 5
[13.855s][debug][gc,phases      ] GC(62)         Total                     Min: 0, Avg: 123.4, Max: 192, Diff: 192, Sum: 617, Workers: 5
[13.855s][debug][gc,phases      ] GC(62)     Merge Per-Thread State: 0.0ms
[13.855s][debug][gc,phases      ] GC(62)       Copied Bytes              Min: 0, Avg: 42.0, Max: 208, Diff: 208, Sum: 336, Workers: 8
[13.855s][debug][gc,phases      ] GC(62)       LAB Waste                 Min: 0, Avg:  0.0, Max: 0, Diff: 0, Sum: 0, Workers: 8
[13.855s][debug][gc,phases      ] GC(62)       LAB Undo Waste            Min: 0, Avg:  0.0, Max: 0, Diff: 0, Sum: 0, Workers: 8
[13.855s][debug][gc,phases      ] GC(62)     Code Roots Purge: 0.0ms
[13.855s][debug][gc,phases      ] GC(62)     Redirty Cards: 0.0ms
[13.855s][debug][gc,phases      ] GC(62)     DerivedPointerTable Update: 0.0ms
[13.855s][debug][gc,phases      ] GC(62)     Free Collection Set: 0.1ms
[13.855s][debug][gc,phases      ] GC(62)     Rebuild Free List: 0.0ms
[13.855s][debug][gc,phases      ] GC(62)     Humongous Reclaim: 0.0ms
[13.855s][debug][gc,phases      ] GC(62)     Start New Collection Set: 0.0ms
[13.855s][debug][gc,phases      ] GC(62)     Resize TLABs: 0.0ms
[13.855s][debug][gc,phases      ] GC(62)     Expand Heap After Collection: 0.0ms
[13.855s][info ][gc,phases      ] GC(62)   Other: 0.3ms
[13.855s][info ][gc,heap        ] GC(62) Eden regions: 177->0(177)
[13.855s][info ][gc,heap        ] GC(62) Survivor regions: 1->1(23)
[13.855s][info ][gc,heap        ] GC(62) Old regions: 7->7
[13.855s][info ][gc,heap        ] GC(62) Archive regions: 2->2
[13.855s][info ][gc,heap        ] GC(62) Humongous regions: 0->0
[13.855s][info ][gc,metaspace   ] GC(62) Metaspace: 10703K(11136K)->10703K(11136K) NonClass: 9440K(9728K)->9440K(9728K) Class: 1263K(1408K)->1263K(1408K)
[13.855s][debug][gc,heap        ] GC(62) Heap after GC invocations=63 (full 1): garbage-first heap   total 305152K, used 4432K [0x0000000700000000, 0x0000000800000000)
[13.855s][debug][gc,heap        ] GC(62)   region size 1024K, 1 young (1024K), 1 survivors (1024K)
[13.855s][debug][gc,heap        ] GC(62)  Metaspace       used 10703K, capacity 10992K, committed 11136K, reserved 1058816K
[13.855s][debug][gc,heap        ] GC(62)   class space    used 1263K, capacity 1389K, committed 1408K, reserved 1048576K
[13.855s][info ][gc             ] GC(62) Pause Young (Normal) (G1 Evacuation Pause) 181M->4M(298M) 1.641ms
[13.855s][info ][gc,cpu         ] GC(62) User=0.00s Sys=0.00s Real=0.00s
[13.855s][info ][safepoint      ] Safepoint "G1CollectForAllocation", Time since last: 168169156 ns, Reaching safepoint: 135216 ns, At safepoint: 1789162 ns, Total: 1924378 ns
[14.021s][debug][gc,heap        ] GC(63) Heap before GC invocations=63 (full 1): garbage-first heap   total 305152K, used 185680K [0x0000000700000000, 0x0000000800000000)
[14.021s][debug][gc,heap        ] GC(63)   region size 1024K, 178 young (182272K), 1 survivors (1024K)
[14.021s][debug][gc,heap        ] GC(63)  Metaspace       used 10703K, capacity 10992K, committed 11136K, reserved 1058816K
[14.021s][debug][gc,heap        ] GC(63)   class space    used 1263K, capacity 1389K, committed 1408K, reserved 1048576K
[14.021s][info ][gc,start       ] GC(63) Pause Young (Normal) (G1 Evacuation Pause)
[14.021s][info ][gc,task        ] GC(63) Using 8 workers of 8 for evacuation
[14.021s][debug][gc,tlab        ] GC(63) TLAB totals: thrds: 8  refills: 708 max: 96 slow allocs: 0 max 0 waste:  1.2% gc: 1778480B max: 344704B slow: 408968B max: 55288B fast: 0B max: 0B
[14.021s][debug][gc,age         ] GC(63) Desired survivor size 12058624 bytes, new threshold 15 (max threshold 15)
[14.021s][debug][gc,alloc,region] GC(63) Mutator Allocation stats, regions: 177, wasted size: 0B ( 0.0%)
[14.022s][debug][gc,ergo        ] GC(63) Running G1 Merge Heap Roots using 8 workers for 178 regions
[14.022s][debug][gc,remset      ] GC(63) Visited cards 256 Total dirty 2048 (12.50%) Total old 747520 (0.03%)
[14.022s][debug][gc,ergo        ] GC(63) Running G1 Clear Card Table Task using 1 workers for 1 units of work for 179 regions.
[14.022s][debug][gc,ref         ] GC(63) Skipped phase1 of Reference Processing due to unavailable references
[14.022s][debug][gc,ref         ] GC(63) Skipped phase2 of Reference Processing due to unavailable references
[14.022s][debug][gc,ref         ] GC(63) Skipped phase3 of Reference Processing due to unavailable references
[14.022s][debug][gc,ref         ] GC(63) Skipped phase4 of Reference Processing due to unavailable references
[14.022s][debug][gc,ergo        ] GC(63) Running G1 Free Collection Set using 8 workers for collection set length 178 (298)
[14.022s][debug][gc,ergo        ] GC(63) Running G1 Rebuild Free List Task using 8 workers for rebuilding free list of 0 (4096) regions
[14.022s][trace][gc,age         ] GC(63) Age table with threshold 15 (max threshold 15)
[14.022s][trace][gc,age         ] GC(63) - age   1:        232 bytes,        232 total
[14.022s][debug][gc,plab        ] GC(63) Young PLAB allocation: allocated: 8256B, wasted: 0B, unused: 8024B, used: 232B, undo waste: 0B, 
[14.022s][debug][gc,plab        ] GC(63) Young other allocation: region end waste: 0B, regions filled: 1, direct allocated: 0B, failure used: 0B, failure wasted: 0B
[14.022s][debug][gc,plab        ] GC(63) Young sizing: calculated: 40B, actual: 2064B
[14.022s][debug][gc,plab        ] GC(63) Old PLAB allocation: allocated: 0B, wasted: 0B, unused: 0B, used: 0B, undo waste: 0B, 
[14.022s][debug][gc,plab        ] GC(63) Old other allocation: region end waste: 0B, regions filled: 1, direct allocated: 0B, failure used: 0B, failure wasted: 0B
[14.022s][debug][gc,plab        ] GC(63) Old sizing: calculated: 0B, actual: 2064B
[14.022s][debug][gc,ihop        ] GC(63) Basic information (value update), threshold: 140614041B (45.00), target occupancy: 312475648B, current occupancy: 4543024B, recent allocation size: 0B, recent allocation duration: 167.35ms, recent old gen allocation rate: 0.00B/s, recent marking phase length: 0.00ms
[14.022s][debug][gc,ihop        ] GC(63) Adaptive IHOP information (value update), threshold: 140614041B (47.37), internal target occupancy: 296851865B, occupancy: 4543024B, additional buffer size: 186646528B, predicted old gen allocation rate: 30658.02B/s, predicted marking phase length: 0.00ms, prediction active: false
[14.022s][debug][gc,ergo,refine ] GC(63) Concurrent refinement times: Logged Cards Scan time goal: 20.00ms Logged Cards Scan time: 0.00ms HCC time: 0.00ms
[14.022s][debug][gc,ergo,refine ] GC(63) Updated Refinement Zones: green: 2048, yellow: 6144, red: 10240
[14.022s][info ][gc,phases      ] GC(63)   Pre Evacuate Collection Set: 0.1ms
[14.022s][debug][gc,phases      ] GC(63)     Prepare TLABs: 0.0ms
[14.022s][debug][gc,phases      ] GC(63)     Choose Collection Set: 0.0ms
[14.022s][debug][gc,phases      ] GC(63)     Region Register: 0.1ms
[14.022s][debug][gc,phases      ] GC(63)     Prepare Heap Roots: 0.0ms
[14.022s][info ][gc,phases      ] GC(63)   Merge Heap Roots: 0.1ms
[14.022s][debug][gc,phases      ] GC(63)     Prepare Merge Heap Roots: 0.0ms
[14.022s][debug][gc,phases      ] GC(63)     Eager Reclaim (ms):       skipped
[14.022s][debug][gc,phases      ] GC(63)     Remembered Sets (ms):     Min:  0.0, Avg:  0.0, Max:  0.0, Diff:  0.0, Sum:  0.0, Workers: 8
[14.022s][debug][gc,phases      ] GC(63)       Merged Sparse:            Min: 0, Avg:  0.0, Max: 0, Diff: 0, Sum: 0, Workers: 8
[14.022s][debug][gc,phases      ] GC(63)       Merged Fine:              Min: 0, Avg:  0.0, Max: 0, Diff: 0, Sum: 0, Workers: 8
[14.022s][debug][gc,phases      ] GC(63)       Merged Coarse:            Min: 0, Avg:  0.0, Max: 0, Diff: 0, Sum: 0, Workers: 8
[14.022s][debug][gc,phases      ] GC(63)       Dirty Cards:              Min: 0, Avg:  0.0, Max: 0, Diff: 0, Sum: 0, Workers: 8
[14.022s][debug][gc,phases      ] GC(63)     Hot Card Cache (ms):      Min:  0.0, Avg:  0.0, Max:  0.0, Diff:  0.0, Sum:  0.0, Workers: 8
[14.022s][debug][gc,phases      ] GC(63)       Dirty Cards:              Min: 0, Avg:  0.0, Max: 0, Diff: 0, Sum: 0, Workers: 8
[14.022s][debug][gc,phases      ] GC(63)       Skipped Cards:            Min: 0, Avg:  0.0, Max: 0, Diff: 0, Sum: 0, Workers: 8
[14.022s][debug][gc,phases      ] GC(63)     Log Buffers (ms):         Min:  0.0, Avg:  0.0, Max:  0.0, Diff:  0.0, Sum:  0.0, Workers: 8
[14.022s][debug][gc,phases      ] GC(63)       Dirty Cards:              Min: 0, Avg:  0.1, Max: 1, Diff: 1, Sum: 1, Workers: 8
[14.022s][debug][gc,phases      ] GC(63)       Skipped Cards:            Min: 0, Avg:  0.0, Max: 0, Diff: 0, Sum: 0, Workers: 8
[14.022s][info ][gc,phases      ] GC(63)   Evacuate Collection Set: 0.2ms
[14.022s][debug][gc,phases      ] GC(63)     Ext Root Scanning (ms):   Min:  0.0, Avg:  0.0, Max:  0.1, Diff:  0.1, Sum:  0.2, Workers: 8
[14.022s][debug][gc,phases      ] GC(63)     Scan Heap Roots (ms):     Min:  0.0, Avg:  0.0, Max:  0.0, Diff:  0.0, Sum:  0.0, Workers: 8
[14.022s][debug][gc,phases      ] GC(63)       Scanned Cards:            Min: 0, Avg:  0.1, Max: 1, Diff: 1, Sum: 1, Workers: 8
[14.022s][debug][gc,phases      ] GC(63)       Scanned Blocks:           Min: 0, Avg:  0.1, Max: 1, Diff: 1, Sum: 1, Workers: 8
[14.022s][debug][gc,phases      ] GC(63)       Claimed Chunks:           Min: 0, Avg:  0.1, Max: 1, Diff: 1, Sum: 1, Workers: 8
[14.022s][debug][gc,phases      ] GC(63)     Code Root Scan (ms):      Min:  0.0, Avg:  0.0, Max:  0.0, Diff:  0.0, Sum:  0.0, Workers: 8
[14.022s][debug][gc,phases      ] GC(63)     Object Copy (ms):         Min:  0.0, Avg:  0.0, Max:  0.0, Diff:  0.0, Sum:  0.0, Workers: 8
[14.022s][debug][gc,phases      ] GC(63)     Termination (ms):         Min:  0.1, Avg:  0.1, Max:  0.1, Diff:  0.0, Sum:  0.6, Workers: 8
[14.022s][debug][gc,phases      ] GC(63)       Termination Attempts:     Min: 1, Avg:  1.0, Max: 1, Diff: 0, Sum: 8, Workers: 8
[14.022s][debug][gc,phases      ] GC(63)     GC Worker Other (ms):     Min:  0.0, Avg:  0.0, Max:  0.0, Diff:  0.0, Sum:  0.1, Workers: 8
[14.022s][debug][gc,phases      ] GC(63)     GC Worker Total (ms):     Min:  0.1, Avg:  0.1, Max:  0.1, Diff:  0.0, Sum:  1.0, Workers: 8
[14.022s][info ][gc,phases      ] GC(63)   Post Evacuate Collection Set: 0.3ms
[14.022s][debug][gc,phases      ] GC(63)     Code Roots Fixup: 0.0ms
[14.022s][debug][gc,phases      ] GC(63)     Clear Card Table: 0.1ms
[14.022s][debug][gc,phases      ] GC(63)     Reference Processing: 0.0ms
[14.022s][debug][gc,phases,ref  ] GC(63)       Reconsider SoftReferences: 0.0ms
[14.022s][debug][gc,phases,ref  ] GC(63)         SoftRef (ms):             skipped
[14.022s][debug][gc,phases,ref  ] GC(63)       Notify Soft/WeakReferences: 0.0ms
[14.022s][debug][gc,phases,ref  ] GC(63)         SoftRef (ms):             skipped
[14.022s][debug][gc,phases,ref  ] GC(63)         WeakRef (ms):             skipped
[14.022s][debug][gc,phases,ref  ] GC(63)         FinalRef (ms):            skipped
[14.022s][debug][gc,phases,ref  ] GC(63)         Total (ms):               skipped
[14.022s][debug][gc,phases,ref  ] GC(63)       Notify and keep alive finalizable: 0.0ms
[14.022s][debug][gc,phases,ref  ] GC(63)         FinalRef (ms):            skipped
[14.022s][debug][gc,phases,ref  ] GC(63)       Notify PhantomReferences: 0.0ms
[14.022s][debug][gc,phases,ref  ] GC(63)         PhantomRef (ms):          skipped
[14.022s][debug][gc,phases,ref  ] GC(63)       SoftReference:
[14.022s][debug][gc,phases,ref  ] GC(63)         Discovered: 0
[14.022s][debug][gc,phases,ref  ] GC(63)         Cleared: 0
[14.022s][debug][gc,phases,ref  ] GC(63)       WeakReference:
[14.022s][debug][gc,phases,ref  ] GC(63)         Discovered: 0
[14.023s][debug][gc,phases,ref  ] GC(63)         Cleared: 0
[14.023s][debug][gc,phases,ref  ] GC(63)       FinalReference:
[14.023s][debug][gc,phases,ref  ] GC(63)         Discovered: 0
[14.023s][debug][gc,phases,ref  ] GC(63)         Cleared: 0
[14.023s][debug][gc,phases,ref  ] GC(63)       PhantomReference:
[14.023s][debug][gc,phases,ref  ] GC(63)         Discovered: 0
[14.023s][debug][gc,phases,ref  ] GC(63)         Cleared: 0
[14.023s][debug][gc,phases      ] GC(63)     Weak Processing: 0.1ms
[14.023s][debug][gc,phases      ] GC(63)       JVMTI weak processing: 0.0ms
[14.023s][debug][gc,phases      ] GC(63)         Dead: 0
[14.023s][debug][gc,phases      ] GC(63)         Total: 0
[14.023s][debug][gc,phases      ] GC(63)       JFR weak processing: 0.0ms
[14.023s][debug][gc,phases      ] GC(63)         Dead: 0
[14.023s][debug][gc,phases      ] GC(63)         Total: 0
[14.023s][debug][gc,phases      ] GC(63)       JNI weak                  Min:  0.0, Avg:  0.0, Max:  0.0, Diff:  0.0, Sum:  0.0, Workers: 5
[14.023s][debug][gc,phases      ] GC(63)         Dead                      Min: 0, Avg:  0.0, Max: 0, Diff: 0, Sum: 0, Workers: 5
[14.023s][debug][gc,phases      ] GC(63)         Total                     Min: 0, Avg: 13.4, Max: 67, Diff: 67, Sum: 67, Workers: 5
[14.023s][debug][gc,phases      ] GC(63)       VM weak                   Min:  0.0, Avg:  0.0, Max:  0.0, Diff:  0.0, Sum:  0.0, Workers: 5
[14.023s][debug][gc,phases      ] GC(63)         Dead                      Min: 0, Avg:  0.0, Max: 0, Diff: 0, Sum: 0, Workers: 5
[14.023s][debug][gc,phases      ] GC(63)         Total                     Min: 0, Avg: 47.6, Max: 238, Diff: 238, Sum: 238, Workers: 5
[14.023s][debug][gc,phases      ] GC(63)       StringTable weak          Min:  0.0, Avg:  0.0, Max:  0.0, Diff:  0.0, Sum:  0.0, Workers: 5
[14.023s][debug][gc,phases      ] GC(63)         Dead                      Min: 0, Avg:  0.0, Max: 0, Diff: 0, Sum: 0, Workers: 5
[14.023s][debug][gc,phases      ] GC(63)         Total                     Min: 0, Avg: 728.6, Max: 3582, Diff: 3582, Sum: 3643, Workers: 5
[14.023s][debug][gc,phases      ] GC(63)       ResolvedMethodTable weak  Min:  0.0, Avg:  0.0, Max:  0.0, Diff:  0.0, Sum:  0.0, Workers: 5
[14.023s][debug][gc,phases      ] GC(63)         Dead                      Min: 0, Avg:  0.0, Max: 0, Diff: 0, Sum: 0, Workers: 5
[14.023s][debug][gc,phases      ] GC(63)         Total                     Min: 0, Avg: 123.4, Max: 192, Diff: 192, Sum: 617, Workers: 5
[14.023s][debug][gc,phases      ] GC(63)     Merge Per-Thread State: 0.0ms
[14.023s][debug][gc,phases      ] GC(63)       Copied Bytes              Min: 0, Avg: 29.0, Max: 104, Diff: 104, Sum: 232, Workers: 8
[14.023s][debug][gc,phases      ] GC(63)       LAB Waste                 Min: 0, Avg:  0.0, Max: 0, Diff: 0, Sum: 0, Workers: 8
[14.023s][debug][gc,phases      ] GC(63)       LAB Undo Waste            Min: 0, Avg:  0.0, Max: 0, Diff: 0, Sum: 0, Workers: 8
[14.023s][debug][gc,phases      ] GC(63)     Code Roots Purge: 0.0ms
[14.023s][debug][gc,phases      ] GC(63)     Redirty Cards: 0.0ms
[14.023s][debug][gc,phases      ] GC(63)     DerivedPointerTable Update: 0.0ms
[14.023s][debug][gc,phases      ] GC(63)     Free Collection Set: 0.1ms
[14.023s][debug][gc,phases      ] GC(63)     Rebuild Free List: 0.0ms
[14.023s][debug][gc,phases      ] GC(63)     Humongous Reclaim: 0.0ms
[14.023s][debug][gc,phases      ] GC(63)     Start New Collection Set: 0.0ms
[14.023s][debug][gc,phases      ] GC(63)     Resize TLABs: 0.0ms
[14.023s][debug][gc,phases      ] GC(63)     Expand Heap After Collection: 0.0ms
[14.023s][info ][gc,phases      ] GC(63)   Other: 0.2ms
[14.023s][info ][gc,heap        ] GC(63) Eden regions: 177->0(177)
[14.023s][info ][gc,heap        ] GC(63) Survivor regions: 1->1(23)
[14.023s][info ][gc,heap        ] GC(63) Old regions: 7->7
[14.023s][info ][gc,heap        ] GC(63) Archive regions: 2->2
[14.023s][info ][gc,heap        ] GC(63) Humongous regions: 0->0
[14.023s][info ][gc,metaspace   ] GC(63) Metaspace: 10703K(11136K)->10703K(11136K) NonClass: 9440K(9728K)->9440K(9728K) Class: 1263K(1408K)->1263K(1408K)
[14.023s][debug][gc,heap        ] GC(63) Heap after GC invocations=64 (full 1): garbage-first heap   total 305152K, used 4436K [0x0000000700000000, 0x0000000800000000)
[14.023s][debug][gc,heap        ] GC(63)   region size 1024K, 1 young (1024K), 1 survivors (1024K)
[14.023s][debug][gc,heap        ] GC(63)  Metaspace       used 10703K, capacity 10992K, committed 11136K, reserved 1058816K
[14.023s][debug][gc,heap        ] GC(63)   class space    used 1263K, capacity 1389K, committed 1408K, reserved 1048576K
[14.023s][info ][gc             ] GC(63) Pause Young (Normal) (G1 Evacuation Pause) 181M->4M(298M) 1.389ms
[14.023s][info ][gc,cpu         ] GC(63) User=0.00s Sys=0.00s Real=0.00s
[14.023s][info ][safepoint      ] Safepoint "G1CollectForAllocation", Time since last: 166186297 ns, Reaching safepoint: 188036 ns, At safepoint: 1570958 ns, Total: 1758994 ns
[14.187s][debug][gc,heap        ] GC(64) Heap before GC invocations=64 (full 1): garbage-first heap   total 305152K, used 185684K [0x0000000700000000, 0x0000000800000000)
[14.187s][debug][gc,heap        ] GC(64)   region size 1024K, 178 young (182272K), 1 survivors (1024K)
[14.187s][debug][gc,heap        ] GC(64)  Metaspace       used 10703K, capacity 10992K, committed 11136K, reserved 1058816K
[14.187s][debug][gc,heap        ] GC(64)   class space    used 1263K, capacity 1389K, committed 1408K, reserved 1048576K
[14.187s][info ][gc,start       ] GC(64) Pause Young (Normal) (G1 Evacuation Pause)
[14.187s][info ][gc,task        ] GC(64) Using 8 workers of 8 for evacuation
[14.187s][debug][gc,tlab        ] GC(64) TLAB totals: thrds: 8  refills: 710 max: 96 slow allocs: 0 max 0 waste:  1.0% gc: 1359368B max: 400288B slow: 411208B max: 55704B fast: 0B max: 0B
[14.187s][debug][gc,age         ] GC(64) Desired survivor size 12058624 bytes, new threshold 15 (max threshold 15)
[14.187s][debug][gc,alloc,region] GC(64) Mutator Allocation stats, regions: 177, wasted size: 0B ( 0.0%)
[14.187s][debug][gc,ergo        ] GC(64) Running G1 Merge Heap Roots using 8 workers for 178 regions
[14.187s][debug][gc,remset      ] GC(64) Visited cards 256 Total dirty 2048 (12.50%) Total old 747520 (0.03%)
[14.187s][debug][gc,ergo        ] GC(64) Running G1 Clear Card Table Task using 1 workers for 1 units of work for 179 regions.
[14.187s][debug][gc,ref         ] GC(64) Skipped phase1 of Reference Processing due to unavailable references
[14.187s][debug][gc,ref         ] GC(64) Skipped phase2 of Reference Processing due to unavailable references
[14.187s][debug][gc,ref         ] GC(64) Skipped phase3 of Reference Processing due to unavailable references
[14.187s][debug][gc,ref         ] GC(64) Skipped phase4 of Reference Processing due to unavailable references
[14.187s][debug][gc,ergo        ] GC(64) Running G1 Free Collection Set using 8 workers for collection set length 178 (298)
[14.188s][debug][gc,ergo        ] GC(64) Running G1 Rebuild Free List Task using 8 workers for rebuilding free list of 0 (4096) regions
[14.188s][trace][gc,age         ] GC(64) Age table with threshold 15 (max threshold 15)
[14.188s][trace][gc,age         ] GC(64) - age   1:        208 bytes,        208 total
[14.188s][debug][gc,plab        ] GC(64) Young PLAB allocation: allocated: 6192B, wasted: 0B, unused: 5984B, used: 208B, undo waste: 0B, 
[14.188s][debug][gc,plab        ] GC(64) Young other allocation: region end waste: 0B, regions filled: 1, direct allocated: 0B, failure used: 0B, failure wasted: 0B
[14.188s][debug][gc,plab        ] GC(64) Young sizing: calculated: 40B, actual: 2064B
[14.188s][debug][gc,plab        ] GC(64) Old PLAB allocation: allocated: 0B, wasted: 0B, unused: 0B, used: 0B, undo waste: 0B, 
[14.188s][debug][gc,plab        ] GC(64) Old other allocation: region end waste: 0B, regions filled: 1, direct allocated: 0B, failure used: 0B, failure wasted: 0B
[14.188s][debug][gc,plab        ] GC(64) Old sizing: calculated: 0B, actual: 2064B
[14.188s][debug][gc,ihop        ] GC(64) Basic information (value update), threshold: 140614041B (45.00), target occupancy: 312475648B, current occupancy: 4540960B, recent allocation size: 0B, recent allocation duration: 164.60ms, recent old gen allocation rate: 0.00B/s, recent marking phase length: 0.00ms
[14.188s][debug][gc,ihop        ] GC(64) Adaptive IHOP information (value update), threshold: 140614041B (47.37), internal target occupancy: 296851865B, occupancy: 4540960B, additional buffer size: 186646528B, predicted old gen allocation rate: 29694.99B/s, predicted marking phase length: 0.00ms, prediction active: false
[14.188s][debug][gc,ergo,refine ] GC(64) Concurrent refinement times: Logged Cards Scan time goal: 20.00ms Logged Cards Scan time: 0.00ms HCC time: 0.00ms
[14.188s][debug][gc,ergo,refine ] GC(64) Updated Refinement Zones: green: 2048, yellow: 6144, red: 10240
[14.188s][info ][gc,phases      ] GC(64)   Pre Evacuate Collection Set: 0.1ms
[14.188s][debug][gc,phases      ] GC(64)     Prepare TLABs: 0.0ms
[14.188s][debug][gc,phases      ] GC(64)     Choose Collection Set: 0.0ms
[14.188s][debug][gc,phases      ] GC(64)     Region Register: 0.1ms
[14.188s][debug][gc,phases      ] GC(64)     Prepare Heap Roots: 0.0ms
[14.188s][info ][gc,phases      ] GC(64)   Merge Heap Roots: 0.1ms
[14.188s][debug][gc,phases      ] GC(64)     Prepare Merge Heap Roots: 0.0ms
[14.188s][debug][gc,phases      ] GC(64)     Eager Reclaim (ms):       skipped
[14.188s][debug][gc,phases      ] GC(64)     Remembered Sets (ms):     Min:  0.0, Avg:  0.0, Max:  0.0, Diff:  0.0, Sum:  0.1, Workers: 8
[14.188s][debug][gc,phases      ] GC(64)       Merged Sparse:            Min: 0, Avg:  0.0, Max: 0, Diff: 0, Sum: 0, Workers: 8
[14.188s][debug][gc,phases      ] GC(64)       Merged Fine:              Min: 0, Avg:  0.0, Max: 0, Diff: 0, Sum: 0, Workers: 8
[14.188s][debug][gc,phases      ] GC(64)       Merged Coarse:            Min: 0, Avg:  0.0, Max: 0, Diff: 0, Sum: 0, Workers: 8
[14.188s][debug][gc,phases      ] GC(64)       Dirty Cards:              Min: 0, Avg:  0.0, Max: 0, Diff: 0, Sum: 0, Workers: 8
[14.188s][debug][gc,phases      ] GC(64)     Hot Card Cache (ms):      Min:  0.0, Avg:  0.0, Max:  0.0, Diff:  0.0, Sum:  0.0, Workers: 8
[14.188s][debug][gc,phases      ] GC(64)       Dirty Cards:              Min: 0, Avg:  0.0, Max: 0, Diff: 0, Sum: 0, Workers: 8
[14.188s][debug][gc,phases      ] GC(64)       Skipped Cards:            Min: 0, Avg:  0.0, Max: 0, Diff: 0, Sum: 0, Workers: 8
[14.188s][debug][gc,phases      ] GC(64)     Log Buffers (ms):         Min:  0.0, Avg:  0.0, Max:  0.0, Diff:  0.0, Sum:  0.0, Workers: 8
[14.188s][debug][gc,phases      ] GC(64)       Dirty Cards:              Min: 0, Avg:  0.1, Max: 1, Diff: 1, Sum: 1, Workers: 8
[14.188s][debug][gc,phases      ] GC(64)       Skipped Cards:            Min: 0, Avg:  0.0, Max: 0, Diff: 0, Sum: 0, Workers: 8
[14.188s][info ][gc,phases      ] GC(64)   Evacuate Collection Set: 0.2ms
[14.188s][debug][gc,phases      ] GC(64)     Ext Root Scanning (ms):   Min:  0.0, Avg:  0.1, Max:  0.1, Diff:  0.1, Sum:  0.4, Workers: 8
[14.188s][debug][gc,phases      ] GC(64)     Scan Heap Roots (ms):     Min:  0.0, Avg:  0.0, Max:  0.0, Diff:  0.0, Sum:  0.0, Workers: 8
[14.188s][debug][gc,phases      ] GC(64)       Scanned Cards:            Min: 0, Avg:  0.1, Max: 1, Diff: 1, Sum: 1, Workers: 8
[14.188s][debug][gc,phases      ] GC(64)       Scanned Blocks:           Min: 0, Avg:  0.1, Max: 1, Diff: 1, Sum: 1, Workers: 8
[14.188s][debug][gc,phases      ] GC(64)       Claimed Chunks:           Min: 0, Avg:  0.1, Max: 1, Diff: 1, Sum: 1, Workers: 8
[14.188s][debug][gc,phases      ] GC(64)     Code Root Scan (ms):      Min:  0.0, Avg:  0.0, Max:  0.0, Diff:  0.0, Sum:  0.0, Workers: 8
[14.188s][debug][gc,phases      ] GC(64)     Object Copy (ms):         Min:  0.0, Avg:  0.0, Max:  0.0, Diff:  0.0, Sum:  0.0, Workers: 8
[14.188s][debug][gc,phases      ] GC(64)     Termination (ms):         Min:  0.1, Avg:  0.1, Max:  0.1, Diff:  0.0, Sum:  0.5, Workers: 8
[14.188s][debug][gc,phases      ] GC(64)       Termination Attempts:     Min: 1, Avg:  1.0, Max: 1, Diff: 0, Sum: 8, Workers: 8
[14.188s][debug][gc,phases      ] GC(64)     GC Worker Other (ms):     Min:  0.0, Avg:  0.0, Max:  0.0, Diff:  0.0, Sum:  0.2, Workers: 8
[14.188s][debug][gc,phases      ] GC(64)     GC Worker Total (ms):     Min:  0.1, Avg:  0.1, Max:  0.2, Diff:  0.1, Sum:  1.1, Workers: 8
[14.188s][info ][gc,phases      ] GC(64)   Post Evacuate Collection Set: 0.4ms
[14.188s][debug][gc,phases      ] GC(64)     Code Roots Fixup: 0.0ms
[14.188s][debug][gc,phases      ] GC(64)     Clear Card Table: 0.1ms
[14.188s][debug][gc,phases      ] GC(64)     Reference Processing: 0.0ms
[14.188s][debug][gc,phases,ref  ] GC(64)       Reconsider SoftReferences: 0.0ms
[14.188s][debug][gc,phases,ref  ] GC(64)         SoftRef (ms):             skipped
[14.188s][debug][gc,phases,ref  ] GC(64)       Notify Soft/WeakReferences: 0.0ms
[14.188s][debug][gc,phases,ref  ] GC(64)         SoftRef (ms):             skipped
[14.188s][debug][gc,phases,ref  ] GC(64)         WeakRef (ms):             skipped
[14.188s][debug][gc,phases,ref  ] GC(64)         FinalRef (ms):            skipped
[14.188s][debug][gc,phases,ref  ] GC(64)         Total (ms):               skipped
[14.188s][debug][gc,phases,ref  ] GC(64)       Notify and keep alive finalizable: 0.0ms
[14.188s][debug][gc,phases,ref  ] GC(64)         FinalRef (ms):            skipped
[14.188s][debug][gc,phases,ref  ] GC(64)       Notify PhantomReferences: 0.0ms
[14.188s][debug][gc,phases,ref  ] GC(64)         PhantomRef (ms):          skipped
[14.188s][debug][gc,phases,ref  ] GC(64)       SoftReference:
[14.188s][debug][gc,phases,ref  ] GC(64)         Discovered: 0
[14.188s][debug][gc,phases,ref  ] GC(64)         Cleared: 0
[14.188s][debug][gc,phases,ref  ] GC(64)       WeakReference:
[14.188s][debug][gc,phases,ref  ] GC(64)         Discovered: 0
[14.188s][debug][gc,phases,ref  ] GC(64)         Cleared: 0
[14.188s][debug][gc,phases,ref  ] GC(64)       FinalReference:
[14.188s][debug][gc,phases,ref  ] GC(64)         Discovered: 0
[14.188s][debug][gc,phases,ref  ] GC(64)         Cleared: 0
[14.188s][debug][gc,phases,ref  ] GC(64)       PhantomReference:
[14.188s][debug][gc,phases,ref  ] GC(64)         Discovered: 0
[14.188s][debug][gc,phases,ref  ] GC(64)         Cleared: 0
[14.188s][debug][gc,phases      ] GC(64)     Weak Processing: 0.1ms
[14.188s][debug][gc,phases      ] GC(64)       JVMTI weak processing: 0.0ms
[14.188s][debug][gc,phases      ] GC(64)         Dead: 0
[14.188s][debug][gc,phases      ] GC(64)         Total: 0
[14.188s][debug][gc,phases      ] GC(64)       JFR weak processing: 0.0ms
[14.188s][debug][gc,phases      ] GC(64)         Dead: 0
[14.188s][debug][gc,phases      ] GC(64)         Total: 0
[14.188s][debug][gc,phases      ] GC(64)       JNI weak                  Min:  0.0, Avg:  0.0, Max:  0.0, Diff:  0.0, Sum:  0.0, Workers: 5
[14.188s][debug][gc,phases      ] GC(64)         Dead                      Min: 0, Avg:  0.0, Max: 0, Diff: 0, Sum: 0, Workers: 5
[14.188s][debug][gc,phases      ] GC(64)         Total                     Min: 0, Avg: 13.4, Max: 52, Diff: 52, Sum: 67, Workers: 5
[14.188s][debug][gc,phases      ] GC(64)       VM weak                   Min:  0.0, Avg:  0.0, Max:  0.0, Diff:  0.0, Sum:  0.0, Workers: 5
[14.188s][debug][gc,phases      ] GC(64)         Dead                      Min: 0, Avg:  0.0, Max: 0, Diff: 0, Sum: 0, Workers: 5
[14.188s][debug][gc,phases      ] GC(64)         Total                     Min: 0, Avg: 47.6, Max: 128, Diff: 128, Sum: 238, Workers: 5
[14.188s][debug][gc,phases      ] GC(64)       StringTable weak          Min:  0.0, Avg:  0.0, Max:  0.0, Diff:  0.0, Sum:  0.0, Workers: 5
[14.188s][debug][gc,phases      ] GC(64)         Dead                      Min: 0, Avg:  0.0, Max: 0, Diff: 0, Sum: 0, Workers: 5
[14.188s][debug][gc,phases      ] GC(64)         Total                     Min: 0, Avg: 728.6, Max: 1280, Diff: 1280, Sum: 3643, Workers: 5
[14.188s][debug][gc,phases      ] GC(64)       ResolvedMethodTable weak  Min:  0.0, Avg:  0.0, Max:  0.0, Diff:  0.0, Sum:  0.0, Workers: 5
[14.188s][debug][gc,phases      ] GC(64)         Dead                      Min: 0, Avg:  0.0, Max: 0, Diff: 0, Sum: 0, Workers: 5
[14.188s][debug][gc,phases      ] GC(64)         Total                     Min: 0, Avg: 123.4, Max: 233, Diff: 233, Sum: 617, Workers: 5
[14.188s][debug][gc,phases      ] GC(64)     Merge Per-Thread State: 0.0ms
[14.188s][debug][gc,phases      ] GC(64)       Copied Bytes              Min: 0, Avg: 26.0, Max: 104, Diff: 104, Sum: 208, Workers: 8
[14.188s][debug][gc,phases      ] GC(64)       LAB Waste                 Min: 0, Avg:  0.0, Max: 0, Diff: 0, Sum: 0, Workers: 8
[14.188s][debug][gc,phases      ] GC(64)       LAB Undo Waste            Min: 0, Avg:  0.0, Max: 0, Diff: 0, Sum: 0, Workers: 8
[14.188s][debug][gc,phases      ] GC(64)     Code Roots Purge: 0.0ms
[14.188s][debug][gc,phases      ] GC(64)     Redirty Cards: 0.1ms
[14.188s][debug][gc,phases      ] GC(64)     DerivedPointerTable Update: 0.0ms
[14.188s][debug][gc,phases      ] GC(64)     Free Collection Set: 0.1ms
[14.188s][debug][gc,phases      ] GC(64)     Rebuild Free List: 0.1ms
[14.188s][debug][gc,phases      ] GC(64)     Humongous Reclaim: 0.0ms
[14.188s][debug][gc,phases      ] GC(64)     Start New Collection Set: 0.0ms
[14.188s][debug][gc,phases      ] GC(64)     Resize TLABs: 0.0ms
[14.188s][debug][gc,phases      ] GC(64)     Expand Heap After Collection: 0.0ms
[14.188s][info ][gc,phases      ] GC(64)   Other: 0.3ms
[14.188s][info ][gc,heap        ] GC(64) Eden regions: 177->0(177)
[14.188s][info ][gc,heap        ] GC(64) Survivor regions: 1->1(23)
[14.188s][info ][gc,heap        ] GC(64) Old regions: 7->7
[14.188s][info ][gc,heap        ] GC(64) Archive regions: 2->2
[14.188s][info ][gc,heap        ] GC(64) Humongous regions: 0->0
[14.188s][info ][gc,metaspace   ] GC(64) Metaspace: 10703K(11136K)->10703K(11136K) NonClass: 9440K(9728K)->9440K(9728K) Class: 1263K(1408K)->1263K(1408K)
[14.188s][debug][gc,heap        ] GC(64) Heap after GC invocations=65 (full 1): garbage-first heap   total 305152K, used 4434K [0x0000000700000000, 0x0000000800000000)
[14.188s][debug][gc,heap        ] GC(64)   region size 1024K, 1 young (1024K), 1 survivors (1024K)
[14.188s][debug][gc,heap        ] GC(64)  Metaspace       used 10703K, capacity 10992K, committed 11136K, reserved 1058816K
[14.188s][debug][gc,heap        ] GC(64)   class space    used 1263K, capacity 1389K, committed 1408K, reserved 1048576K
[14.188s][info ][gc             ] GC(64) Pause Young (Normal) (G1 Evacuation Pause) 181M->4M(298M) 1.562ms
[14.188s][info ][gc,cpu         ] GC(64) User=0.01s Sys=0.01s Real=0.01s
[14.188s][info ][safepoint      ] Safepoint "G1CollectForAllocation", Time since last: 163602577 ns, Reaching safepoint: 163341 ns, At safepoint: 1727006 ns, Total: 1890347 ns
[14.356s][debug][gc,heap        ] GC(65) Heap before GC invocations=65 (full 1): garbage-first heap   total 305152K, used 185682K [0x0000000700000000, 0x0000000800000000)
[14.356s][debug][gc,heap        ] GC(65)   region size 1024K, 178 young (182272K), 1 survivors (1024K)
[14.356s][debug][gc,heap        ] GC(65)  Metaspace       used 10703K, capacity 10992K, committed 11136K, reserved 1058816K
[14.356s][debug][gc,heap        ] GC(65)   class space    used 1263K, capacity 1389K, committed 1408K, reserved 1048576K
[14.356s][info ][gc,start       ] GC(65) Pause Young (Normal) (G1 Evacuation Pause)
[14.356s][info ][gc,task        ] GC(65) Using 8 workers of 8 for evacuation
[14.356s][debug][gc,tlab        ] GC(65) TLAB totals: thrds: 8  refills: 712 max: 95 slow allocs: 0 max 0 waste:  1.1% gc: 1564568B max: 425040B slow: 412016B max: 54688B fast: 0B max: 0B
[14.356s][debug][gc,age         ] GC(65) Desired survivor size 12058624 bytes, new threshold 15 (max threshold 15)
[14.356s][debug][gc,alloc,region] GC(65) Mutator Allocation stats, regions: 177, wasted size: 0B ( 0.0%)
[14.356s][debug][gc,ergo        ] GC(65) Running G1 Merge Heap Roots using 8 workers for 178 regions
[14.356s][debug][gc,remset      ] GC(65) Visited cards 256 Total dirty 2048 (12.50%) Total old 747520 (0.03%)
[14.356s][debug][gc,ergo        ] GC(65) Running G1 Clear Card Table Task using 1 workers for 1 units of work for 179 regions.
[14.356s][debug][gc,ref         ] GC(65) Skipped phase1 of Reference Processing due to unavailable references
[14.356s][debug][gc,ref         ] GC(65) Skipped phase2 of Reference Processing due to unavailable references
[14.356s][debug][gc,ref         ] GC(65) Skipped phase3 of Reference Processing due to unavailable references
[14.356s][debug][gc,ref         ] GC(65) Skipped phase4 of Reference Processing due to unavailable references
[14.356s][debug][gc,ergo        ] GC(65) Running G1 Free Collection Set using 8 workers for collection set length 178 (298)
[14.356s][debug][gc,ergo        ] GC(65) Running G1 Rebuild Free List Task using 8 workers for rebuilding free list of 0 (4096) regions
[14.356s][trace][gc,age         ] GC(65) Age table with threshold 15 (max threshold 15)
[14.356s][trace][gc,age         ] GC(65) - age   1:        232 bytes,        232 total
[14.356s][debug][gc,plab        ] GC(65) Young PLAB allocation: allocated: 8256B, wasted: 0B, unused: 8024B, used: 232B, undo waste: 0B, 
[14.356s][debug][gc,plab        ] GC(65) Young other allocation: region end waste: 0B, regions filled: 1, direct allocated: 0B, failure used: 0B, failure wasted: 0B
[14.357s][debug][gc,plab        ] GC(65) Young sizing: calculated: 40B, actual: 2064B
[14.357s][debug][gc,plab        ] GC(65) Old PLAB allocation: allocated: 0B, wasted: 0B, unused: 0B, used: 0B, undo waste: 0B, 
[14.357s][debug][gc,plab        ] GC(65) Old other allocation: region end waste: 0B, regions filled: 1, direct allocated: 0B, failure used: 0B, failure wasted: 0B
[14.357s][debug][gc,plab        ] GC(65) Old sizing: calculated: 0B, actual: 2064B
[14.357s][debug][gc,ihop        ] GC(65) Basic information (value update), threshold: 140614041B (45.00), target occupancy: 312475648B, current occupancy: 4543024B, recent allocation size: 0B, recent allocation duration: 167.96ms, recent old gen allocation rate: 0.00B/s, recent marking phase length: 0.00ms
[14.357s][debug][gc,ihop        ] GC(65) Adaptive IHOP information (value update), threshold: 140614041B (47.37), internal target occupancy: 296851865B, occupancy: 4543024B, additional buffer size: 186646528B, predicted old gen allocation rate: 28765.25B/s, predicted marking phase length: 0.00ms, prediction active: false
[14.357s][debug][gc,ergo,refine ] GC(65) Concurrent refinement times: Logged Cards Scan time goal: 20.00ms Logged Cards Scan time: 0.00ms HCC time: 0.00ms
[14.357s][debug][gc,ergo,refine ] GC(65) Updated Refinement Zones: green: 2048, yellow: 6144, red: 10240
[14.357s][info ][gc,phases      ] GC(65)   Pre Evacuate Collection Set: 0.1ms
[14.357s][debug][gc,phases      ] GC(65)     Prepare TLABs: 0.0ms
[14.357s][debug][gc,phases      ] GC(65)     Choose Collection Set: 0.0ms
[14.357s][debug][gc,phases      ] GC(65)     Region Register: 0.1ms
[14.357s][debug][gc,phases      ] GC(65)     Prepare Heap Roots: 0.0ms
[14.357s][info ][gc,phases      ] GC(65)   Merge Heap Roots: 0.2ms
[14.357s][debug][gc,phases      ] GC(65)     Prepare Merge Heap Roots: 0.0ms
[14.357s][debug][gc,phases      ] GC(65)     Eager Reclaim (ms):       skipped
[14.357s][debug][gc,phases      ] GC(65)     Remembered Sets (ms):     Min:  0.0, Avg:  0.0, Max:  0.0, Diff:  0.0, Sum:  0.2, Workers: 8
[14.357s][debug][gc,phases      ] GC(65)       Merged Sparse:            Min: 0, Avg:  0.0, Max: 0, Diff: 0, Sum: 0, Workers: 8
[14.357s][debug][gc,phases      ] GC(65)       Merged Fine:              Min: 0, Avg:  0.0, Max: 0, Diff: 0, Sum: 0, Workers: 8
[14.357s][debug][gc,phases      ] GC(65)       Merged Coarse:            Min: 0, Avg:  0.0, Max: 0, Diff: 0, Sum: 0, Workers: 8
[14.357s][debug][gc,phases      ] GC(65)       Dirty Cards:              Min: 0, Avg:  0.0, Max: 0, Diff: 0, Sum: 0, Workers: 8
[14.357s][debug][gc,phases      ] GC(65)     Hot Card Cache (ms):      Min:  0.0, Avg:  0.0, Max:  0.0, Diff:  0.0, Sum:  0.0, Workers: 8
[14.357s][debug][gc,phases      ] GC(65)       Dirty Cards:              Min: 0, Avg:  0.0, Max: 0, Diff: 0, Sum: 0, Workers: 8
[14.357s][debug][gc,phases      ] GC(65)       Skipped Cards:            Min: 0, Avg:  0.0, Max: 0, Diff: 0, Sum: 0, Workers: 8
[14.357s][debug][gc,phases      ] GC(65)     Log Buffers (ms):         Min:  0.0, Avg:  0.0, Max:  0.0, Diff:  0.0, Sum:  0.0, Workers: 8
[14.357s][debug][gc,phases      ] GC(65)       Dirty Cards:              Min: 0, Avg:  0.1, Max: 1, Diff: 1, Sum: 1, Workers: 8
[14.357s][debug][gc,phases      ] GC(65)       Skipped Cards:            Min: 0, Avg:  0.0, Max: 0, Diff: 0, Sum: 0, Workers: 8
[14.357s][info ][gc,phases      ] GC(65)   Evacuate Collection Set: 0.2ms
[14.357s][debug][gc,phases      ] GC(65)     Ext Root Scanning (ms):   Min:  0.0, Avg:  0.0, Max:  0.1, Diff:  0.1, Sum:  0.4, Workers: 8
[14.357s][debug][gc,phases      ] GC(65)     Scan Heap Roots (ms):     Min:  0.0, Avg:  0.0, Max:  0.0, Diff:  0.0, Sum:  0.0, Workers: 8
[14.357s][debug][gc,phases      ] GC(65)       Scanned Cards:            Min: 0, Avg:  0.1, Max: 1, Diff: 1, Sum: 1, Workers: 8
[14.357s][debug][gc,phases      ] GC(65)       Scanned Blocks:           Min: 0, Avg:  0.1, Max: 1, Diff: 1, Sum: 1, Workers: 8
[14.357s][debug][gc,phases      ] GC(65)       Claimed Chunks:           Min: 0, Avg:  0.1, Max: 1, Diff: 1, Sum: 1, Workers: 8
[14.357s][debug][gc,phases      ] GC(65)     Code Root Scan (ms):      Min:  0.0, Avg:  0.0, Max:  0.0, Diff:  0.0, Sum:  0.0, Workers: 8
[14.357s][debug][gc,phases      ] GC(65)     Object Copy (ms):         Min:  0.0, Avg:  0.0, Max:  0.0, Diff:  0.0, Sum:  0.0, Workers: 8
[14.357s][debug][gc,phases      ] GC(65)     Termination (ms):         Min:  0.0, Avg:  0.1, Max:  0.1, Diff:  0.0, Sum:  0.4, Workers: 8
[14.357s][debug][gc,phases      ] GC(65)       Termination Attempts:     Min: 1, Avg:  1.0, Max: 1, Diff: 0, Sum: 8, Workers: 8
[14.357s][debug][gc,phases      ] GC(65)     GC Worker Other (ms):     Min:  0.0, Avg:  0.0, Max:  0.1, Diff:  0.0, Sum:  0.2, Workers: 8
[14.357s][debug][gc,phases      ] GC(65)     GC Worker Total (ms):     Min:  0.1, Avg:  0.1, Max:  0.2, Diff:  0.1, Sum:  1.1, Workers: 8
[14.357s][info ][gc,phases      ] GC(65)   Post Evacuate Collection Set: 0.3ms
[14.357s][debug][gc,phases      ] GC(65)     Code Roots Fixup: 0.0ms
[14.357s][debug][gc,phases      ] GC(65)     Clear Card Table: 0.1ms
[14.357s][debug][gc,phases      ] GC(65)     Reference Processing: 0.0ms
[14.357s][debug][gc,phases,ref  ] GC(65)       Reconsider SoftReferences: 0.0ms
[14.357s][debug][gc,phases,ref  ] GC(65)         SoftRef (ms):             skipped
[14.357s][debug][gc,phases,ref  ] GC(65)       Notify Soft/WeakReferences: 0.0ms
[14.357s][debug][gc,phases,ref  ] GC(65)         SoftRef (ms):             skipped
[14.357s][debug][gc,phases,ref  ] GC(65)         WeakRef (ms):             skipped
[14.357s][debug][gc,phases,ref  ] GC(65)         FinalRef (ms):            skipped
[14.357s][debug][gc,phases,ref  ] GC(65)         Total (ms):               skipped
[14.357s][debug][gc,phases,ref  ] GC(65)       Notify and keep alive finalizable: 0.0ms
[14.357s][debug][gc,phases,ref  ] GC(65)         FinalRef (ms):            skipped
[14.357s][debug][gc,phases,ref  ] GC(65)       Notify PhantomReferences: 0.0ms
[14.357s][debug][gc,phases,ref  ] GC(65)         PhantomRef (ms):          skipped
[14.357s][debug][gc,phases,ref  ] GC(65)       SoftReference:
[14.357s][debug][gc,phases,ref  ] GC(65)         Discovered: 0
[14.357s][debug][gc,phases,ref  ] GC(65)         Cleared: 0
[14.357s][debug][gc,phases,ref  ] GC(65)       WeakReference:
[14.357s][debug][gc,phases,ref  ] GC(65)         Discovered: 0
[14.357s][debug][gc,phases,ref  ] GC(65)         Cleared: 0
[14.357s][debug][gc,phases,ref  ] GC(65)       FinalReference:
[14.357s][debug][gc,phases,ref  ] GC(65)         Discovered: 0
[14.357s][debug][gc,phases,ref  ] GC(65)         Cleared: 0
[14.357s][debug][gc,phases,ref  ] GC(65)       PhantomReference:
[14.357s][debug][gc,phases,ref  ] GC(65)         Discovered: 0
[14.357s][debug][gc,phases,ref  ] GC(65)         Cleared: 0
[14.357s][debug][gc,phases      ] GC(65)     Weak Processing: 0.1ms
[14.357s][debug][gc,phases      ] GC(65)       JVMTI weak processing: 0.0ms
[14.357s][debug][gc,phases      ] GC(65)         Dead: 0
[14.357s][debug][gc,phases      ] GC(65)         Total: 0
[14.357s][debug][gc,phases      ] GC(65)       JFR weak processing: 0.0ms
[14.357s][debug][gc,phases      ] GC(65)         Dead: 0
[14.357s][debug][gc,phases      ] GC(65)         Total: 0
[14.357s][debug][gc,phases      ] GC(65)       JNI weak                  Min:  0.0, Avg:  0.0, Max:  0.0, Diff:  0.0, Sum:  0.0, Workers: 5
[14.357s][debug][gc,phases      ] GC(65)         Dead                      Min: 0, Avg:  0.0, Max: 0, Diff: 0, Sum: 0, Workers: 5
[14.357s][debug][gc,phases      ] GC(65)         Total                     Min: 0, Avg: 13.4, Max: 52, Diff: 52, Sum: 67, Workers: 5
[14.357s][debug][gc,phases      ] GC(65)       VM weak                   Min:  0.0, Avg:  0.0, Max:  0.0, Diff:  0.0, Sum:  0.0, Workers: 5
[14.357s][debug][gc,phases      ] GC(65)         Dead                      Min: 0, Avg:  0.0, Max: 0, Diff: 0, Sum: 0, Workers: 5
[14.357s][debug][gc,phases      ] GC(65)         Total                     Min: 0, Avg: 47.6, Max: 110, Diff: 110, Sum: 238, Workers: 5
[14.357s][debug][gc,phases      ] GC(65)       StringTable weak          Min:  0.0, Avg:  0.0, Max:  0.1, Diff:  0.1, Sum:  0.1, Workers: 5
[14.357s][debug][gc,phases      ] GC(65)         Dead                      Min: 0, Avg:  0.0, Max: 0, Diff: 0, Sum: 0, Workers: 5
[14.357s][debug][gc,phases      ] GC(65)         Total                     Min: 320, Avg: 728.6, Max: 1280, Diff: 960, Sum: 3643, Workers: 5
[14.357s][debug][gc,phases      ] GC(65)       ResolvedMethodTable weak  Min:  0.0, Avg:  0.0, Max:  0.0, Diff:  0.0, Sum:  0.0, Workers: 5
[14.357s][debug][gc,phases      ] GC(65)         Dead                      Min: 0, Avg:  0.0, Max: 0, Diff: 0, Sum: 0, Workers: 5
[14.357s][debug][gc,phases      ] GC(65)         Total                     Min: 0, Avg: 123.4, Max: 192, Diff: 192, Sum: 617, Workers: 5
[14.357s][debug][gc,phases      ] GC(65)     Merge Per-Thread State: 0.0ms
[14.357s][debug][gc,phases      ] GC(65)       Copied Bytes              Min: 0, Avg: 29.0, Max: 104, Diff: 104, Sum: 232, Workers: 8
[14.357s][debug][gc,phases      ] GC(65)       LAB Waste                 Min: 0, Avg:  0.0, Max: 0, Diff: 0, Sum: 0, Workers: 8
[14.357s][debug][gc,phases      ] GC(65)       LAB Undo Waste            Min: 0, Avg:  0.0, Max: 0, Diff: 0, Sum: 0, Workers: 8
[14.357s][debug][gc,phases      ] GC(65)     Code Roots Purge: 0.0ms
[14.357s][debug][gc,phases      ] GC(65)     Redirty Cards: 0.0ms
[14.357s][debug][gc,phases      ] GC(65)     DerivedPointerTable Update: 0.0ms
[14.357s][debug][gc,phases      ] GC(65)     Free Collection Set: 0.1ms
[14.357s][debug][gc,phases      ] GC(65)     Rebuild Free List: 0.0ms
[14.357s][debug][gc,phases      ] GC(65)     Humongous Reclaim: 0.0ms
[14.357s][debug][gc,phases      ] GC(65)     Start New Collection Set: 0.0ms
[14.357s][debug][gc,phases      ] GC(65)     Resize TLABs: 0.0ms
[14.357s][debug][gc,phases      ] GC(65)     Expand Heap After Collection: 0.0ms
[14.357s][info ][gc,phases      ] GC(65)   Other: 0.3ms
[14.357s][info ][gc,heap        ] GC(65) Eden regions: 177->0(177)
[14.357s][info ][gc,heap        ] GC(65) Survivor regions: 1->1(23)
[14.357s][info ][gc,heap        ] GC(65) Old regions: 7->7
[14.357s][info ][gc,heap        ] GC(65) Archive regions: 2->2
[14.357s][info ][gc,heap        ] GC(65) Humongous regions: 0->0
[14.357s][info ][gc,metaspace   ] GC(65) Metaspace: 10703K(11136K)->10703K(11136K) NonClass: 9440K(9728K)->9440K(9728K) Class: 1263K(1408K)->1263K(1408K)
[14.357s][debug][gc,heap        ] GC(65) Heap after GC invocations=66 (full 1): garbage-first heap   total 305152K, used 4436K [0x0000000700000000, 0x0000000800000000)
[14.357s][debug][gc,heap        ] GC(65)   region size 1024K, 1 young (1024K), 1 survivors (1024K)
[14.357s][debug][gc,heap        ] GC(65)  Metaspace       used 10703K, capacity 10992K, committed 11136K, reserved 1058816K
[14.357s][debug][gc,heap        ] GC(65)   class space    used 1263K, capacity 1389K, committed 1408K, reserved 1048576K
[14.357s][info ][gc             ] GC(65) Pause Young (Normal) (G1 Evacuation Pause) 181M->4M(298M) 1.565ms
[14.357s][info ][gc,cpu         ] GC(65) User=0.00s Sys=0.00s Real=0.00s
[14.357s][info ][safepoint      ] Safepoint "G1CollectForAllocation", Time since last: 167015758 ns, Reaching safepoint: 130079 ns, At safepoint: 1737334 ns, Total: 1867413 ns
[14.524s][debug][gc,heap        ] GC(66) Heap before GC invocations=66 (full 1): garbage-first heap   total 305152K, used 185684K [0x0000000700000000, 0x0000000800000000)
[14.524s][debug][gc,heap        ] GC(66)   region size 1024K, 178 young (182272K), 1 survivors (1024K)
[14.524s][debug][gc,heap        ] GC(66)  Metaspace       used 10703K, capacity 10992K, committed 11136K, reserved 1058816K
[14.524s][debug][gc,heap        ] GC(66)   class space    used 1263K, capacity 1389K, committed 1408K, reserved 1048576K
[14.524s][info ][gc,start       ] GC(66) Pause Young (Normal) (G1 Evacuation Pause)
[14.525s][info ][gc,task        ] GC(66) Using 8 workers of 8 for evacuation
[14.525s][debug][gc,tlab        ] GC(66) TLAB totals: thrds: 8  refills: 709 max: 93 slow allocs: 0 max 0 waste:  0.9% gc: 1237720B max: 376584B slow: 409744B max: 54072B fast: 0B max: 0B
[14.525s][debug][gc,age         ] GC(66) Desired survivor size 12058624 bytes, new threshold 15 (max threshold 15)
[14.525s][debug][gc,alloc,region] GC(66) Mutator Allocation stats, regions: 177, wasted size: 0B ( 0.0%)
[14.525s][debug][gc,ergo        ] GC(66) Running G1 Merge Heap Roots using 8 workers for 178 regions
[14.525s][debug][gc,remset      ] GC(66) Visited cards 256 Total dirty 2048 (12.50%) Total old 747520 (0.03%)
[14.525s][debug][gc,ergo        ] GC(66) Running G1 Clear Card Table Task using 1 workers for 1 units of work for 179 regions.
[14.525s][debug][gc,ref         ] GC(66) Skipped phase1 of Reference Processing due to unavailable references
[14.525s][debug][gc,ref         ] GC(66) Skipped phase2 of Reference Processing due to unavailable references
[14.525s][debug][gc,ref         ] GC(66) Skipped phase3 of Reference Processing due to unavailable references
[14.525s][debug][gc,ref         ] GC(66) Skipped phase4 of Reference Processing due to unavailable references
[14.525s][debug][gc,ergo        ] GC(66) Running G1 Free Collection Set using 8 workers for collection set length 178 (298)
[14.525s][debug][gc,ergo        ] GC(66) Running G1 Rebuild Free List Task using 8 workers for rebuilding free list of 0 (4096) regions
[14.525s][trace][gc,age         ] GC(66) Age table with threshold 15 (max threshold 15)
[14.525s][trace][gc,age         ] GC(66) - age   1:        280 bytes,        280 total
[14.525s][debug][gc,plab        ] GC(66) Young PLAB allocation: allocated: 8256B, wasted: 0B, unused: 7976B, used: 280B, undo waste: 0B, 
[14.525s][debug][gc,plab        ] GC(66) Young other allocation: region end waste: 0B, regions filled: 1, direct allocated: 0B, failure used: 0B, failure wasted: 0B
[14.525s][debug][gc,plab        ] GC(66) Young sizing: calculated: 56B, actual: 2064B
[14.525s][debug][gc,plab        ] GC(66) Old PLAB allocation: allocated: 0B, wasted: 0B, unused: 0B, used: 0B, undo waste: 0B, 
[14.525s][debug][gc,plab        ] GC(66) Old other allocation: region end waste: 0B, regions filled: 1, direct allocated: 0B, failure used: 0B, failure wasted: 0B
[14.525s][debug][gc,plab        ] GC(66) Old sizing: calculated: 0B, actual: 2064B
[14.525s][debug][gc,ihop        ] GC(66) Basic information (value update), threshold: 140614041B (45.00), target occupancy: 312475648B, current occupancy: 4543024B, recent allocation size: 0B, recent allocation duration: 167.99ms, recent old gen allocation rate: 0.00B/s, recent marking phase length: 0.00ms
[14.525s][debug][gc,ihop        ] GC(66) Adaptive IHOP information (value update), threshold: 140614041B (47.37), internal target occupancy: 296851865B, occupancy: 4543024B, additional buffer size: 186646528B, predicted old gen allocation rate: 27867.53B/s, predicted marking phase length: 0.00ms, prediction active: false
[14.525s][debug][gc,ergo,refine ] GC(66) Concurrent refinement times: Logged Cards Scan time goal: 20.00ms Logged Cards Scan time: 0.00ms HCC time: 0.00ms
[14.525s][debug][gc,ergo,refine ] GC(66) Updated Refinement Zones: green: 2048, yellow: 6144, red: 10240
[14.525s][info ][gc,phases      ] GC(66)   Pre Evacuate Collection Set: 0.1ms
[14.525s][debug][gc,phases      ] GC(66)     Prepare TLABs: 0.0ms
[14.525s][debug][gc,phases      ] GC(66)     Choose Collection Set: 0.0ms
[14.525s][debug][gc,phases      ] GC(66)     Region Register: 0.1ms
[14.525s][debug][gc,phases      ] GC(66)     Prepare Heap Roots: 0.0ms
[14.525s][info ][gc,phases      ] GC(66)   Merge Heap Roots: 0.1ms
[14.525s][debug][gc,phases      ] GC(66)     Prepare Merge Heap Roots: 0.0ms
[14.525s][debug][gc,phases      ] GC(66)     Eager Reclaim (ms):       skipped
[14.525s][debug][gc,phases      ] GC(66)     Remembered Sets (ms):     Min:  0.0, Avg:  0.0, Max:  0.0, Diff:  0.0, Sum:  0.0, Workers: 8
[14.525s][debug][gc,phases      ] GC(66)       Merged Sparse:            Min: 0, Avg:  0.0, Max: 0, Diff: 0, Sum: 0, Workers: 8
[14.525s][debug][gc,phases      ] GC(66)       Merged Fine:              Min: 0, Avg:  0.0, Max: 0, Diff: 0, Sum: 0, Workers: 8
[14.525s][debug][gc,phases      ] GC(66)       Merged Coarse:            Min: 0, Avg:  0.0, Max: 0, Diff: 0, Sum: 0, Workers: 8
[14.525s][debug][gc,phases      ] GC(66)       Dirty Cards:              Min: 0, Avg:  0.0, Max: 0, Diff: 0, Sum: 0, Workers: 8
[14.525s][debug][gc,phases      ] GC(66)     Hot Card Cache (ms):      Min:  0.0, Avg:  0.0, Max:  0.0, Diff:  0.0, Sum:  0.0, Workers: 8
[14.525s][debug][gc,phases      ] GC(66)       Dirty Cards:              Min: 0, Avg:  0.0, Max: 0, Diff: 0, Sum: 0, Workers: 8
[14.525s][debug][gc,phases      ] GC(66)       Skipped Cards:            Min: 0, Avg:  0.0, Max: 0, Diff: 0, Sum: 0, Workers: 8
[14.525s][debug][gc,phases      ] GC(66)     Log Buffers (ms):         Min:  0.0, Avg:  0.0, Max:  0.0, Diff:  0.0, Sum:  0.0, Workers: 8
[14.526s][debug][gc,phases      ] GC(66)       Dirty Cards:              Min: 0, Avg:  0.1, Max: 1, Diff: 1, Sum: 1, Workers: 8
[14.526s][debug][gc,phases      ] GC(66)       Skipped Cards:            Min: 0, Avg:  0.0, Max: 0, Diff: 0, Sum: 0, Workers: 8
[14.526s][info ][gc,phases      ] GC(66)   Evacuate Collection Set: 0.2ms
[14.526s][debug][gc,phases      ] GC(66)     Ext Root Scanning (ms):   Min:  0.0, Avg:  0.0, Max:  0.1, Diff:  0.1, Sum:  0.2, Workers: 8
[14.526s][debug][gc,phases      ] GC(66)     Scan Heap Roots (ms):     Min:  0.0, Avg:  0.0, Max:  0.0, Diff:  0.0, Sum:  0.0, Workers: 8
[14.526s][debug][gc,phases      ] GC(66)       Scanned Cards:            Min: 0, Avg:  0.1, Max: 1, Diff: 1, Sum: 1, Workers: 8
[14.526s][debug][gc,phases      ] GC(66)       Scanned Blocks:           Min: 0, Avg:  0.1, Max: 1, Diff: 1, Sum: 1, Workers: 8
[14.526s][debug][gc,phases      ] GC(66)       Claimed Chunks:           Min: 0, Avg:  0.1, Max: 1, Diff: 1, Sum: 1, Workers: 8
[14.526s][debug][gc,phases      ] GC(66)     Code Root Scan (ms):      Min:  0.0, Avg:  0.0, Max:  0.0, Diff:  0.0, Sum:  0.0, Workers: 8
[14.526s][debug][gc,phases      ] GC(66)     Object Copy (ms):         Min:  0.0, Avg:  0.0, Max:  0.0, Diff:  0.0, Sum:  0.0, Workers: 8
[14.526s][debug][gc,phases      ] GC(66)     Termination (ms):         Min:  0.1, Avg:  0.1, Max:  0.1, Diff:  0.0, Sum:  0.6, Workers: 8
[14.526s][debug][gc,phases      ] GC(66)       Termination Attempts:     Min: 1, Avg:  1.0, Max: 1, Diff: 0, Sum: 8, Workers: 8
[14.526s][debug][gc,phases      ] GC(66)     GC Worker Other (ms):     Min:  0.0, Avg:  0.0, Max:  0.0, Diff:  0.0, Sum:  0.1, Workers: 8
[14.526s][debug][gc,phases      ] GC(66)     GC Worker Total (ms):     Min:  0.1, Avg:  0.1, Max:  0.1, Diff:  0.0, Sum:  1.0, Workers: 8
[14.526s][info ][gc,phases      ] GC(66)   Post Evacuate Collection Set: 0.4ms
[14.526s][debug][gc,phases      ] GC(66)     Code Roots Fixup: 0.0ms
[14.526s][debug][gc,phases      ] GC(66)     Clear Card Table: 0.1ms
[14.526s][debug][gc,phases      ] GC(66)     Reference Processing: 0.0ms
[14.526s][debug][gc,phases,ref  ] GC(66)       Reconsider SoftReferences: 0.0ms
[14.526s][debug][gc,phases,ref  ] GC(66)         SoftRef (ms):             skipped
[14.526s][debug][gc,phases,ref  ] GC(66)       Notify Soft/WeakReferences: 0.0ms
[14.526s][debug][gc,phases,ref  ] GC(66)         SoftRef (ms):             skipped
[14.526s][debug][gc,phases,ref  ] GC(66)         WeakRef (ms):             skipped
[14.526s][debug][gc,phases,ref  ] GC(66)         FinalRef (ms):            skipped
[14.526s][debug][gc,phases,ref  ] GC(66)         Total (ms):               skipped
[14.526s][debug][gc,phases,ref  ] GC(66)       Notify and keep alive finalizable: 0.0ms
[14.526s][debug][gc,phases,ref  ] GC(66)         FinalRef (ms):            skipped
[14.526s][debug][gc,phases,ref  ] GC(66)       Notify PhantomReferences: 0.0ms
[14.526s][debug][gc,phases,ref  ] GC(66)         PhantomRef (ms):          skipped
[14.526s][debug][gc,phases,ref  ] GC(66)       SoftReference:
[14.526s][debug][gc,phases,ref  ] GC(66)         Discovered: 0
[14.526s][debug][gc,phases,ref  ] GC(66)         Cleared: 0
[14.526s][debug][gc,phases,ref  ] GC(66)       WeakReference:
[14.526s][debug][gc,phases,ref  ] GC(66)         Discovered: 0
[14.526s][debug][gc,phases,ref  ] GC(66)         Cleared: 0
[14.526s][debug][gc,phases,ref  ] GC(66)       FinalReference:
[14.526s][debug][gc,phases,ref  ] GC(66)         Discovered: 0
[14.526s][debug][gc,phases,ref  ] GC(66)         Cleared: 0
[14.526s][debug][gc,phases,ref  ] GC(66)       PhantomReference:
[14.526s][debug][gc,phases,ref  ] GC(66)         Discovered: 0
[14.526s][debug][gc,phases,ref  ] GC(66)         Cleared: 0
[14.526s][debug][gc,phases      ] GC(66)     Weak Processing: 0.1ms
[14.526s][debug][gc,phases      ] GC(66)       JVMTI weak processing: 0.0ms
[14.526s][debug][gc,phases      ] GC(66)         Dead: 0
[14.526s][debug][gc,phases      ] GC(66)         Total: 0
[14.526s][debug][gc,phases      ] GC(66)       JFR weak processing: 0.0ms
[14.526s][debug][gc,phases      ] GC(66)         Dead: 0
[14.526s][debug][gc,phases      ] GC(66)         Total: 0
[14.526s][debug][gc,phases      ] GC(66)       JNI weak                  Min:  0.0, Avg:  0.0, Max:  0.0, Diff:  0.0, Sum:  0.0, Workers: 5
[14.526s][debug][gc,phases      ] GC(66)         Dead                      Min: 0, Avg:  0.0, Max: 0, Diff: 0, Sum: 0, Workers: 5
[14.526s][debug][gc,phases      ] GC(66)         Total                     Min: 0, Avg: 13.4, Max: 67, Diff: 67, Sum: 67, Workers: 5
[14.526s][debug][gc,phases      ] GC(66)       VM weak                   Min:  0.0, Avg:  0.0, Max:  0.0, Diff:  0.0, Sum:  0.0, Workers: 5
[14.526s][debug][gc,phases      ] GC(66)         Dead                      Min: 0, Avg:  0.0, Max: 0, Diff: 0, Sum: 0, Workers: 5
[14.526s][debug][gc,phases      ] GC(66)         Total                     Min: 0, Avg: 47.6, Max: 238, Diff: 238, Sum: 238, Workers: 5
[14.526s][debug][gc,phases      ] GC(66)       StringTable weak          Min:  0.0, Avg:  0.0, Max:  0.0, Diff:  0.0, Sum:  0.0, Workers: 5
[14.526s][debug][gc,phases      ] GC(66)         Dead                      Min: 0, Avg:  0.0, Max: 0, Diff: 0, Sum: 0, Workers: 5
[14.526s][debug][gc,phases      ] GC(66)         Total                     Min: 0, Avg: 728.6, Max: 1598, Diff: 1598, Sum: 3643, Workers: 5
[14.526s][debug][gc,phases      ] GC(66)       ResolvedMethodTable weak  Min:  0.0, Avg:  0.0, Max:  0.0, Diff:  0.0, Sum:  0.0, Workers: 5
[14.526s][debug][gc,phases      ] GC(66)         Dead                      Min: 0, Avg:  0.0, Max: 0, Diff: 0, Sum: 0, Workers: 5
[14.526s][debug][gc,phases      ] GC(66)         Total                     Min: 0, Avg: 123.4, Max: 320, Diff: 320, Sum: 617, Workers: 5
[14.526s][debug][gc,phases      ] GC(66)     Merge Per-Thread State: 0.0ms
[14.526s][debug][gc,phases      ] GC(66)       Copied Bytes              Min: 0, Avg: 35.0, Max: 128, Diff: 128, Sum: 280, Workers: 8
[14.526s][debug][gc,phases      ] GC(66)       LAB Waste                 Min: 0, Avg:  0.0, Max: 0, Diff: 0, Sum: 0, Workers: 8
[14.526s][debug][gc,phases      ] GC(66)       LAB Undo Waste            Min: 0, Avg:  0.0, Max: 0, Diff: 0, Sum: 0, Workers: 8
[14.526s][debug][gc,phases      ] GC(66)     Code Roots Purge: 0.0ms
[14.526s][debug][gc,phases      ] GC(66)     Redirty Cards: 0.0ms
[14.526s][debug][gc,phases      ] GC(66)     DerivedPointerTable Update: 0.0ms
[14.526s][debug][gc,phases      ] GC(66)     Free Collection Set: 0.1ms
[14.526s][debug][gc,phases      ] GC(66)     Rebuild Free List: 0.1ms
[14.526s][debug][gc,phases      ] GC(66)     Humongous Reclaim: 0.0ms
[14.526s][debug][gc,phases      ] GC(66)     Start New Collection Set: 0.0ms
[14.526s][debug][gc,phases      ] GC(66)     Resize TLABs: 0.0ms
[14.526s][debug][gc,phases      ] GC(66)     Expand Heap After Collection: 0.0ms
[14.526s][info ][gc,phases      ] GC(66)   Other: 0.3ms
[14.526s][info ][gc,heap        ] GC(66) Eden regions: 177->0(177)
[14.526s][info ][gc,heap        ] GC(66) Survivor regions: 1->1(23)
[14.526s][info ][gc,heap        ] GC(66) Old regions: 7->7
[14.526s][info ][gc,heap        ] GC(66) Archive regions: 2->2
[14.526s][info ][gc,heap        ] GC(66) Humongous regions: 0->0
[14.526s][info ][gc,metaspace   ] GC(66) Metaspace: 10703K(11136K)->10703K(11136K) NonClass: 9440K(9728K)->9440K(9728K) Class: 1263K(1408K)->1263K(1408K)
[14.526s][debug][gc,heap        ] GC(66) Heap after GC invocations=67 (full 1): garbage-first heap   total 305152K, used 4436K [0x0000000700000000, 0x0000000800000000)
[14.526s][debug][gc,heap        ] GC(66)   region size 1024K, 1 young (1024K), 1 survivors (1024K)
[14.526s][debug][gc,heap        ] GC(66)  Metaspace       used 10703K, capacity 10992K, committed 11136K, reserved 1058816K
[14.526s][debug][gc,heap        ] GC(66)   class space    used 1263K, capacity 1389K, committed 1408K, reserved 1048576K
[14.526s][info ][gc             ] GC(66) Pause Young (Normal) (G1 Evacuation Pause) 181M->4M(298M) 1.484ms
[14.526s][info ][gc,cpu         ] GC(66) User=0.00s Sys=0.00s Real=0.00s
[14.526s][info ][safepoint      ] Safepoint "G1CollectForAllocation", Time since last: 166976597 ns, Reaching safepoint: 179990 ns, At safepoint: 1660367 ns, Total: 1840357 ns
[14.677s][debug][gc,heap        ] GC(67) Heap before GC invocations=67 (full 1): garbage-first heap   total 305152K, used 185684K [0x0000000700000000, 0x0000000800000000)
[14.677s][debug][gc,heap        ] GC(67)   region size 1024K, 178 young (182272K), 1 survivors (1024K)
[14.677s][debug][gc,heap        ] GC(67)  Metaspace       used 10703K, capacity 10992K, committed 11136K, reserved 1058816K
[14.677s][debug][gc,heap        ] GC(67)   class space    used 1263K, capacity 1389K, committed 1408K, reserved 1048576K
[14.677s][info ][gc,start       ] GC(67) Pause Young (Normal) (G1 Evacuation Pause)
[14.677s][info ][gc,task        ] GC(67) Using 8 workers of 8 for evacuation
[14.677s][debug][gc,tlab        ] GC(67) TLAB totals: thrds: 8  refills: 710 max: 96 slow allocs: 0 max 0 waste:  0.7% gc: 875384B max: 334528B slow: 411216B max: 55752B fast: 0B max: 0B
[14.677s][debug][gc,age         ] GC(67) Desired survivor size 12058624 bytes, new threshold 15 (max threshold 15)
[14.677s][debug][gc,alloc,region] GC(67) Mutator Allocation stats, regions: 177, wasted size: 600B ( 0.0%)
[14.677s][debug][gc,ergo        ] GC(67) Running G1 Merge Heap Roots using 8 workers for 178 regions
[14.677s][debug][gc,remset      ] GC(67) Visited cards 256 Total dirty 2048 (12.50%) Total old 747520 (0.03%)
[14.677s][debug][gc,ergo        ] GC(67) Running G1 Clear Card Table Task using 1 workers for 1 units of work for 179 regions.
[14.677s][debug][gc,ref         ] GC(67) Skipped phase1 of Reference Processing due to unavailable references
[14.677s][debug][gc,ref         ] GC(67) Skipped phase2 of Reference Processing due to unavailable references
[14.677s][debug][gc,ref         ] GC(67) Skipped phase3 of Reference Processing due to unavailable references
[14.677s][debug][gc,ref         ] GC(67) Skipped phase4 of Reference Processing due to unavailable references
[14.678s][debug][gc,ergo        ] GC(67) Running G1 Free Collection Set using 8 workers for collection set length 178 (298)
[14.678s][debug][gc,ergo        ] GC(67) Running G1 Rebuild Free List Task using 8 workers for rebuilding free list of 0 (4096) regions
[14.678s][trace][gc,age         ] GC(67) Age table with threshold 15 (max threshold 15)
[14.678s][trace][gc,age         ] GC(67) - age   1:        520 bytes,        520 total
[14.678s][debug][gc,plab        ] GC(67) Young PLAB allocation: allocated: 10320B, wasted: 0B, unused: 9800B, used: 520B, undo waste: 0B, 
[14.678s][debug][gc,plab        ] GC(67) Young other allocation: region end waste: 0B, regions filled: 1, direct allocated: 0B, failure used: 0B, failure wasted: 0B
[14.678s][debug][gc,plab        ] GC(67) Young sizing: calculated: 104B, actual: 2064B
[14.678s][debug][gc,plab        ] GC(67) Old PLAB allocation: allocated: 0B, wasted: 0B, unused: 0B, used: 0B, undo waste: 0B, 
[14.678s][debug][gc,plab        ] GC(67) Old other allocation: region end waste: 0B, regions filled: 1, direct allocated: 0B, failure used: 0B, failure wasted: 0B
[14.678s][debug][gc,plab        ] GC(67) Old sizing: calculated: 0B, actual: 2064B
[14.678s][debug][gc,ihop        ] GC(67) Basic information (value update), threshold: 140614041B (45.00), target occupancy: 312475648B, current occupancy: 4545088B, recent allocation size: 0B, recent allocation duration: 151.64ms, recent old gen allocation rate: 0.00B/s, recent marking phase length: 0.00ms
[14.678s][debug][gc,ihop        ] GC(67) Adaptive IHOP information (value update), threshold: 140614041B (47.37), internal target occupancy: 296851865B, occupancy: 4545088B, additional buffer size: 186646528B, predicted old gen allocation rate: 27000.64B/s, predicted marking phase length: 0.00ms, prediction active: false
[14.678s][debug][gc,ergo,refine ] GC(67) Concurrent refinement times: Logged Cards Scan time goal: 20.00ms Logged Cards Scan time: 0.00ms HCC time: 0.00ms
[14.678s][debug][gc,ergo,refine ] GC(67) Updated Refinement Zones: green: 2048, yellow: 6144, red: 10240
[14.678s][info ][gc,phases      ] GC(67)   Pre Evacuate Collection Set: 0.1ms
[14.678s][debug][gc,phases      ] GC(67)     Prepare TLABs: 0.0ms
[14.678s][debug][gc,phases      ] GC(67)     Choose Collection Set: 0.0ms
[14.678s][debug][gc,phases      ] GC(67)     Region Register: 0.1ms
[14.678s][debug][gc,phases      ] GC(67)     Prepare Heap Roots: 0.0ms
[14.678s][info ][gc,phases      ] GC(67)   Merge Heap Roots: 0.1ms
[14.678s][debug][gc,phases      ] GC(67)     Prepare Merge Heap Roots: 0.0ms
[14.678s][debug][gc,phases      ] GC(67)     Eager Reclaim (ms):       skipped
[14.678s][debug][gc,phases      ] GC(67)     Remembered Sets (ms):     Min:  0.0, Avg:  0.0, Max:  0.0, Diff:  0.0, Sum:  0.1, Workers: 8
[14.678s][debug][gc,phases      ] GC(67)       Merged Sparse:            Min: 0, Avg:  0.0, Max: 0, Diff: 0, Sum: 0, Workers: 8
[14.678s][debug][gc,phases      ] GC(67)       Merged Fine:              Min: 0, Avg:  0.0, Max: 0, Diff: 0, Sum: 0, Workers: 8
[14.678s][debug][gc,phases      ] GC(67)       Merged Coarse:            Min: 0, Avg:  0.0, Max: 0, Diff: 0, Sum: 0, Workers: 8
[14.678s][debug][gc,phases      ] GC(67)       Dirty Cards:              Min: 0, Avg:  0.0, Max: 0, Diff: 0, Sum: 0, Workers: 8
[14.678s][debug][gc,phases      ] GC(67)     Hot Card Cache (ms):      Min:  0.0, Avg:  0.0, Max:  0.0, Diff:  0.0, Sum:  0.0, Workers: 8
[14.678s][debug][gc,phases      ] GC(67)       Dirty Cards:              Min: 0, Avg:  0.0, Max: 0, Diff: 0, Sum: 0, Workers: 8
[14.678s][debug][gc,phases      ] GC(67)       Skipped Cards:            Min: 0, Avg:  0.0, Max: 0, Diff: 0, Sum: 0, Workers: 8
[14.678s][debug][gc,phases      ] GC(67)     Log Buffers (ms):         Min:  0.0, Avg:  0.0, Max:  0.0, Diff:  0.0, Sum:  0.0, Workers: 8
[14.678s][debug][gc,phases      ] GC(67)       Dirty Cards:              Min: 0, Avg:  0.1, Max: 1, Diff: 1, Sum: 1, Workers: 8
[14.678s][debug][gc,phases      ] GC(67)       Skipped Cards:            Min: 0, Avg:  0.0, Max: 0, Diff: 0, Sum: 0, Workers: 8
[14.678s][info ][gc,phases      ] GC(67)   Evacuate Collection Set: 0.2ms
[14.678s][debug][gc,phases      ] GC(67)     Ext Root Scanning (ms):   Min:  0.0, Avg:  0.0, Max:  0.1, Diff:  0.1, Sum:  0.4, Workers: 8
[14.678s][debug][gc,phases      ] GC(67)     Scan Heap Roots (ms):     Min:  0.0, Avg:  0.0, Max:  0.0, Diff:  0.0, Sum:  0.0, Workers: 8
[14.678s][debug][gc,phases      ] GC(67)       Scanned Cards:            Min: 0, Avg:  0.1, Max: 1, Diff: 1, Sum: 1, Workers: 8
[14.678s][debug][gc,phases      ] GC(67)       Scanned Blocks:           Min: 0, Avg:  0.1, Max: 1, Diff: 1, Sum: 1, Workers: 8
[14.678s][debug][gc,phases      ] GC(67)       Claimed Chunks:           Min: 0, Avg:  0.1, Max: 1, Diff: 1, Sum: 1, Workers: 8
[14.678s][debug][gc,phases      ] GC(67)     Code Root Scan (ms):      Min:  0.0, Avg:  0.0, Max:  0.0, Diff:  0.0, Sum:  0.0, Workers: 8
[14.678s][debug][gc,phases      ] GC(67)     Object Copy (ms):         Min:  0.0, Avg:  0.0, Max:  0.0, Diff:  0.0, Sum:  0.0, Workers: 8
[14.678s][debug][gc,phases      ] GC(67)     Termination (ms):         Min:  0.0, Avg:  0.0, Max:  0.1, Diff:  0.0, Sum:  0.4, Workers: 8
[14.678s][debug][gc,phases      ] GC(67)       Termination Attempts:     Min: 1, Avg:  1.0, Max: 1, Diff: 0, Sum: 8, Workers: 8
[14.678s][debug][gc,phases      ] GC(67)     GC Worker Other (ms):     Min:  0.0, Avg:  0.0, Max:  0.0, Diff:  0.0, Sum:  0.2, Workers: 8
[14.678s][debug][gc,phases      ] GC(67)     GC Worker Total (ms):     Min:  0.1, Avg:  0.1, Max:  0.1, Diff:  0.1, Sum:  1.0, Workers: 8
[14.678s][info ][gc,phases      ] GC(67)   Post Evacuate Collection Set: 0.4ms
[14.678s][debug][gc,phases      ] GC(67)     Code Roots Fixup: 0.0ms
[14.678s][debug][gc,phases      ] GC(67)     Clear Card Table: 0.1ms
[14.678s][debug][gc,phases      ] GC(67)     Reference Processing: 0.0ms
[14.678s][debug][gc,phases,ref  ] GC(67)       Reconsider SoftReferences: 0.0ms
[14.678s][debug][gc,phases,ref  ] GC(67)         SoftRef (ms):             skipped
[14.678s][debug][gc,phases,ref  ] GC(67)       Notify Soft/WeakReferences: 0.0ms
[14.678s][debug][gc,phases,ref  ] GC(67)         SoftRef (ms):             skipped
[14.678s][debug][gc,phases,ref  ] GC(67)         WeakRef (ms):             skipped
[14.678s][debug][gc,phases,ref  ] GC(67)         FinalRef (ms):            skipped
[14.678s][debug][gc,phases,ref  ] GC(67)         Total (ms):               skipped
[14.678s][debug][gc,phases,ref  ] GC(67)       Notify and keep alive finalizable: 0.0ms
[14.678s][debug][gc,phases,ref  ] GC(67)         FinalRef (ms):            skipped
[14.678s][debug][gc,phases,ref  ] GC(67)       Notify PhantomReferences: 0.0ms
[14.678s][debug][gc,phases,ref  ] GC(67)         PhantomRef (ms):          skipped
[14.678s][debug][gc,phases,ref  ] GC(67)       SoftReference:
[14.678s][debug][gc,phases,ref  ] GC(67)         Discovered: 0
[14.678s][debug][gc,phases,ref  ] GC(67)         Cleared: 0
[14.678s][debug][gc,phases,ref  ] GC(67)       WeakReference:
[14.678s][debug][gc,phases,ref  ] GC(67)         Discovered: 0
[14.678s][debug][gc,phases,ref  ] GC(67)         Cleared: 0
[14.678s][debug][gc,phases,ref  ] GC(67)       FinalReference:
[14.678s][debug][gc,phases,ref  ] GC(67)         Discovered: 0
[14.678s][debug][gc,phases,ref  ] GC(67)         Cleared: 0
[14.678s][debug][gc,phases,ref  ] GC(67)       PhantomReference:
[14.678s][debug][gc,phases,ref  ] GC(67)         Discovered: 0
[14.678s][debug][gc,phases,ref  ] GC(67)         Cleared: 0
[14.678s][debug][gc,phases      ] GC(67)     Weak Processing: 0.1ms
[14.678s][debug][gc,phases      ] GC(67)       JVMTI weak processing: 0.0ms
[14.678s][debug][gc,phases      ] GC(67)         Dead: 0
[14.678s][debug][gc,phases      ] GC(67)         Total: 0
[14.678s][debug][gc,phases      ] GC(67)       JFR weak processing: 0.0ms
[14.678s][debug][gc,phases      ] GC(67)         Dead: 0
[14.678s][debug][gc,phases      ] GC(67)         Total: 0
[14.678s][debug][gc,phases      ] GC(67)       JNI weak                  Min:  0.0, Avg:  0.0, Max:  0.0, Diff:  0.0, Sum:  0.1, Workers: 5
[14.678s][debug][gc,phases      ] GC(67)         Dead                      Min: 0, Avg:  0.0, Max: 0, Diff: 0, Sum: 0, Workers: 5
[14.678s][debug][gc,phases      ] GC(67)         Total                     Min: 0, Avg: 13.4, Max: 52, Diff: 52, Sum: 67, Workers: 5
[14.678s][debug][gc,phases      ] GC(67)       VM weak                   Min:  0.0, Avg:  0.0, Max:  0.0, Diff:  0.0, Sum:  0.0, Workers: 5
[14.678s][debug][gc,phases      ] GC(67)         Dead                      Min: 0, Avg:  0.0, Max: 0, Diff: 0, Sum: 0, Workers: 5
[14.678s][debug][gc,phases      ] GC(67)         Total                     Min: 0, Avg: 47.6, Max: 128, Diff: 128, Sum: 238, Workers: 5
[14.678s][debug][gc,phases      ] GC(67)       StringTable weak          Min:  0.0, Avg:  0.0, Max:  0.1, Diff:  0.1, Sum:  0.1, Workers: 5
[14.678s][debug][gc,phases      ] GC(67)         Dead                      Min: 0, Avg:  0.0, Max: 0, Diff: 0, Sum: 0, Workers: 5
[14.678s][debug][gc,phases      ] GC(67)         Total                     Min: 0, Avg: 728.6, Max: 1723, Diff: 1723, Sum: 3643, Workers: 5
[14.678s][debug][gc,phases      ] GC(67)       ResolvedMethodTable weak  Min:  0.0, Avg:  0.0, Max:  0.0, Diff:  0.0, Sum:  0.0, Workers: 5
[14.678s][debug][gc,phases      ] GC(67)         Dead                      Min: 0, Avg:  0.0, Max: 0, Diff: 0, Sum: 0, Workers: 5
[14.678s][debug][gc,phases      ] GC(67)         Total                     Min: 0, Avg: 123.4, Max: 233, Diff: 233, Sum: 617, Workers: 5
[14.678s][debug][gc,phases      ] GC(67)     Merge Per-Thread State: 0.0ms
[14.678s][debug][gc,phases      ] GC(67)       Copied Bytes              Min: 0, Avg: 65.0, Max: 128, Diff: 128, Sum: 520, Workers: 8
[14.678s][debug][gc,phases      ] GC(67)       LAB Waste                 Min: 0, Avg:  0.0, Max: 0, Diff: 0, Sum: 0, Workers: 8
[14.678s][debug][gc,phases      ] GC(67)       LAB Undo Waste            Min: 0, Avg:  0.0, Max: 0, Diff: 0, Sum: 0, Workers: 8
[14.678s][debug][gc,phases      ] GC(67)     Code Roots Purge: 0.0ms
[14.678s][debug][gc,phases      ] GC(67)     Redirty Cards: 0.0ms
[14.678s][debug][gc,phases      ] GC(67)     DerivedPointerTable Update: 0.0ms
[14.678s][debug][gc,phases      ] GC(67)     Free Collection Set: 0.1ms
[14.678s][debug][gc,phases      ] GC(67)     Rebuild Free List: 0.0ms
[14.678s][debug][gc,phases      ] GC(67)     Humongous Reclaim: 0.0ms
[14.678s][debug][gc,phases      ] GC(67)     Start New Collection Set: 0.0ms
[14.678s][debug][gc,phases      ] GC(67)     Resize TLABs: 0.0ms
[14.678s][debug][gc,phases      ] GC(67)     Expand Heap After Collection: 0.0ms
[14.678s][info ][gc,phases      ] GC(67)   Other: 0.3ms
[14.678s][info ][gc,heap        ] GC(67) Eden regions: 177->0(177)
[14.678s][info ][gc,heap        ] GC(67) Survivor regions: 1->1(23)
[14.678s][info ][gc,heap        ] GC(67) Old regions: 7->7
[14.678s][info ][gc,heap        ] GC(67) Archive regions: 2->2
[14.678s][info ][gc,heap        ] GC(67) Humongous regions: 0->0
[14.678s][info ][gc,metaspace   ] GC(67) Metaspace: 10703K(11136K)->10703K(11136K) NonClass: 9440K(9728K)->9440K(9728K) Class: 1263K(1408K)->1263K(1408K)
[14.678s][debug][gc,heap        ] GC(67) Heap after GC invocations=68 (full 1): garbage-first heap   total 305152K, used 4438K [0x0000000700000000, 0x0000000800000000)
[14.678s][debug][gc,heap        ] GC(67)   region size 1024K, 1 young (1024K), 1 survivors (1024K)
[14.678s][debug][gc,heap        ] GC(67)  Metaspace       used 10703K, capacity 10992K, committed 11136K, reserved 1058816K
[14.678s][debug][gc,heap        ] GC(67)   class space    used 1263K, capacity 1389K, committed 1408K, reserved 1048576K
[14.678s][info ][gc             ] GC(67) Pause Young (Normal) (G1 Evacuation Pause) 181M->4M(298M) 1.422ms
[14.678s][info ][gc,cpu         ] GC(67) User=0.00s Sys=0.00s Real=0.01s
[14.678s][info ][safepoint      ] Safepoint "G1CollectForAllocation", Time since last: 150611289 ns, Reaching safepoint: 205887 ns, At safepoint: 1591787 ns, Total: 1797674 ns
[14.846s][debug][gc,heap        ] GC(68) Heap before GC invocations=68 (full 1): garbage-first heap   total 305152K, used 185686K [0x0000000700000000, 0x0000000800000000)
[14.846s][debug][gc,heap        ] GC(68)   region size 1024K, 178 young (182272K), 1 survivors (1024K)
[14.846s][debug][gc,heap        ] GC(68)  Metaspace       used 10703K, capacity 10992K, committed 11136K, reserved 1058816K
[14.846s][debug][gc,heap        ] GC(68)   class space    used 1263K, capacity 1389K, committed 1408K, reserved 1048576K
[14.846s][info ][gc,start       ] GC(68) Pause Young (Normal) (G1 Evacuation Pause)
[14.846s][info ][gc,task        ] GC(68) Using 8 workers of 8 for evacuation
[14.846s][debug][gc,tlab        ] GC(68) TLAB totals: thrds: 8  refills: 709 max: 95 slow allocs: 0 max 0 waste:  0.7% gc: 964752B max: 239224B slow: 410280B max: 55080B fast: 0B max: 0B
[14.846s][debug][gc,age         ] GC(68) Desired survivor size 12058624 bytes, new threshold 15 (max threshold 15)
[14.846s][debug][gc,alloc,region] GC(68) Mutator Allocation stats, regions: 177, wasted size: 0B ( 0.0%)
[14.846s][debug][gc,ergo        ] GC(68) Running G1 Merge Heap Roots using 8 workers for 178 regions
[14.846s][debug][gc,remset      ] GC(68) Visited cards 256 Total dirty 2048 (12.50%) Total old 747520 (0.03%)
[14.847s][debug][gc,ergo        ] GC(68) Running G1 Clear Card Table Task using 1 workers for 1 units of work for 179 regions.
[14.847s][debug][gc,ref         ] GC(68) Skipped phase1 of Reference Processing due to unavailable references
[14.847s][debug][gc,ref         ] GC(68) Skipped phase2 of Reference Processing due to unavailable references
[14.847s][debug][gc,ref         ] GC(68) Skipped phase3 of Reference Processing due to unavailable references
[14.847s][debug][gc,ref         ] GC(68) Skipped phase4 of Reference Processing due to unavailable references
[14.847s][debug][gc,ergo        ] GC(68) Running G1 Free Collection Set using 8 workers for collection set length 178 (298)
[14.847s][debug][gc,ergo        ] GC(68) Running G1 Rebuild Free List Task using 8 workers for rebuilding free list of 0 (4096) regions
[14.847s][trace][gc,age         ] GC(68) Age table with threshold 15 (max threshold 15)
[14.847s][trace][gc,age         ] GC(68) - age   1:        256 bytes,        256 total
[14.847s][debug][gc,plab        ] GC(68) Young PLAB allocation: allocated: 6192B, wasted: 0B, unused: 5936B, used: 256B, undo waste: 0B, 
[14.847s][debug][gc,plab        ] GC(68) Young other allocation: region end waste: 0B, regions filled: 1, direct allocated: 0B, failure used: 0B, failure wasted: 0B
[14.847s][debug][gc,plab        ] GC(68) Young sizing: calculated: 48B, actual: 2064B
[14.847s][debug][gc,plab        ] GC(68) Old PLAB allocation: allocated: 0B, wasted: 0B, unused: 0B, used: 0B, undo waste: 0B, 
[14.847s][debug][gc,plab        ] GC(68) Old other allocation: region end waste: 0B, regions filled: 1, direct allocated: 0B, failure used: 0B, failure wasted: 0B
[14.847s][debug][gc,plab        ] GC(68) Old sizing: calculated: 0B, actual: 2064B
[14.847s][debug][gc,ihop        ] GC(68) Basic information (value update), threshold: 140614041B (45.00), target occupancy: 312475648B, current occupancy: 4540960B, recent allocation size: 0B, recent allocation duration: 168.42ms, recent old gen allocation rate: 0.00B/s, recent marking phase length: 0.00ms
[14.847s][debug][gc,ihop        ] GC(68) Adaptive IHOP information (value update), threshold: 140614041B (47.37), internal target occupancy: 296851865B, occupancy: 4540960B, additional buffer size: 186646528B, predicted old gen allocation rate: 26163.42B/s, predicted marking phase length: 0.00ms, prediction active: false
[14.847s][debug][gc,ergo,refine ] GC(68) Concurrent refinement times: Logged Cards Scan time goal: 20.00ms Logged Cards Scan time: 0.00ms HCC time: 0.00ms
[14.847s][debug][gc,ergo,refine ] GC(68) Updated Refinement Zones: green: 2048, yellow: 6144, red: 10240
[14.847s][info ][gc,phases      ] GC(68)   Pre Evacuate Collection Set: 0.1ms
[14.847s][debug][gc,phases      ] GC(68)     Prepare TLABs: 0.0ms
[14.847s][debug][gc,phases      ] GC(68)     Choose Collection Set: 0.0ms
[14.847s][debug][gc,phases      ] GC(68)     Region Register: 0.1ms
[14.847s][debug][gc,phases      ] GC(68)     Prepare Heap Roots: 0.0ms
[14.847s][info ][gc,phases      ] GC(68)   Merge Heap Roots: 0.1ms
[14.847s][debug][gc,phases      ] GC(68)     Prepare Merge Heap Roots: 0.0ms
[14.847s][debug][gc,phases      ] GC(68)     Eager Reclaim (ms):       skipped
[14.847s][debug][gc,phases      ] GC(68)     Remembered Sets (ms):     Min:  0.0, Avg:  0.0, Max:  0.0, Diff:  0.0, Sum:  0.0, Workers: 8
[14.847s][debug][gc,phases      ] GC(68)       Merged Sparse:            Min: 0, Avg:  0.0, Max: 0, Diff: 0, Sum: 0, Workers: 8
[14.847s][debug][gc,phases      ] GC(68)       Merged Fine:              Min: 0, Avg:  0.0, Max: 0, Diff: 0, Sum: 0, Workers: 8
[14.847s][debug][gc,phases      ] GC(68)       Merged Coarse:            Min: 0, Avg:  0.0, Max: 0, Diff: 0, Sum: 0, Workers: 8
[14.847s][debug][gc,phases      ] GC(68)       Dirty Cards:              Min: 0, Avg:  0.0, Max: 0, Diff: 0, Sum: 0, Workers: 8
[14.847s][debug][gc,phases      ] GC(68)     Hot Card Cache (ms):      Min:  0.0, Avg:  0.0, Max:  0.0, Diff:  0.0, Sum:  0.0, Workers: 8
[14.847s][debug][gc,phases      ] GC(68)       Dirty Cards:              Min: 0, Avg:  0.0, Max: 0, Diff: 0, Sum: 0, Workers: 8
[14.847s][debug][gc,phases      ] GC(68)       Skipped Cards:            Min: 0, Avg:  0.0, Max: 0, Diff: 0, Sum: 0, Workers: 8
[14.847s][debug][gc,phases      ] GC(68)     Log Buffers (ms):         Min:  0.0, Avg:  0.0, Max:  0.0, Diff:  0.0, Sum:  0.0, Workers: 8
[14.847s][debug][gc,phases      ] GC(68)       Dirty Cards:              Min: 0, Avg:  0.1, Max: 1, Diff: 1, Sum: 1, Workers: 8
[14.847s][debug][gc,phases      ] GC(68)       Skipped Cards:            Min: 0, Avg:  0.0, Max: 0, Diff: 0, Sum: 0, Workers: 8
[14.847s][info ][gc,phases      ] GC(68)   Evacuate Collection Set: 0.1ms
[14.847s][debug][gc,phases      ] GC(68)     Ext Root Scanning (ms):   Min:  0.0, Avg:  0.0, Max:  0.0, Diff:  0.0, Sum:  0.2, Workers: 8
[14.847s][debug][gc,phases      ] GC(68)     Scan Heap Roots (ms):     Min:  0.0, Avg:  0.0, Max:  0.0, Diff:  0.0, Sum:  0.0, Workers: 8
[14.847s][debug][gc,phases      ] GC(68)       Scanned Cards:            Min: 0, Avg:  0.1, Max: 1, Diff: 1, Sum: 1, Workers: 8
[14.847s][debug][gc,phases      ] GC(68)       Scanned Blocks:           Min: 0, Avg:  0.1, Max: 1, Diff: 1, Sum: 1, Workers: 8
[14.847s][debug][gc,phases      ] GC(68)       Claimed Chunks:           Min: 0, Avg:  0.1, Max: 1, Diff: 1, Sum: 1, Workers: 8
[14.847s][debug][gc,phases      ] GC(68)     Code Root Scan (ms):      Min:  0.0, Avg:  0.0, Max:  0.0, Diff:  0.0, Sum:  0.0, Workers: 8
[14.847s][debug][gc,phases      ] GC(68)     Object Copy (ms):         Min:  0.0, Avg:  0.0, Max:  0.0, Diff:  0.0, Sum:  0.0, Workers: 8
[14.847s][debug][gc,phases      ] GC(68)     Termination (ms):         Min:  0.1, Avg:  0.1, Max:  0.1, Diff:  0.0, Sum:  0.5, Workers: 8
[14.847s][debug][gc,phases      ] GC(68)       Termination Attempts:     Min: 1, Avg:  1.0, Max: 1, Diff: 0, Sum: 8, Workers: 8
[14.847s][debug][gc,phases      ] GC(68)     GC Worker Other (ms):     Min:  0.0, Avg:  0.0, Max:  0.0, Diff:  0.0, Sum:  0.1, Workers: 8
[14.847s][debug][gc,phases      ] GC(68)     GC Worker Total (ms):     Min:  0.1, Avg:  0.1, Max:  0.1, Diff:  0.0, Sum:  0.9, Workers: 8
[14.847s][info ][gc,phases      ] GC(68)   Post Evacuate Collection Set: 0.3ms
[14.847s][debug][gc,phases      ] GC(68)     Code Roots Fixup: 0.0ms
[14.847s][debug][gc,phases      ] GC(68)     Clear Card Table: 0.1ms
[14.847s][debug][gc,phases      ] GC(68)     Reference Processing: 0.0ms
[14.847s][debug][gc,phases,ref  ] GC(68)       Reconsider SoftReferences: 0.0ms
[14.847s][debug][gc,phases,ref  ] GC(68)         SoftRef (ms):             skipped
[14.847s][debug][gc,phases,ref  ] GC(68)       Notify Soft/WeakReferences: 0.0ms
[14.847s][debug][gc,phases,ref  ] GC(68)         SoftRef (ms):             skipped
[14.847s][debug][gc,phases,ref  ] GC(68)         WeakRef (ms):             skipped
[14.847s][debug][gc,phases,ref  ] GC(68)         FinalRef (ms):            skipped
[14.847s][debug][gc,phases,ref  ] GC(68)         Total (ms):               skipped
[14.847s][debug][gc,phases,ref  ] GC(68)       Notify and keep alive finalizable: 0.0ms
[14.847s][debug][gc,phases,ref  ] GC(68)         FinalRef (ms):            skipped
[14.847s][debug][gc,phases,ref  ] GC(68)       Notify PhantomReferences: 0.0ms
[14.847s][debug][gc,phases,ref  ] GC(68)         PhantomRef (ms):          skipped
[14.847s][debug][gc,phases,ref  ] GC(68)       SoftReference:
[14.847s][debug][gc,phases,ref  ] GC(68)         Discovered: 0
[14.847s][debug][gc,phases,ref  ] GC(68)         Cleared: 0
[14.847s][debug][gc,phases,ref  ] GC(68)       WeakReference:
[14.847s][debug][gc,phases,ref  ] GC(68)         Discovered: 0
[14.847s][debug][gc,phases,ref  ] GC(68)         Cleared: 0
[14.847s][debug][gc,phases,ref  ] GC(68)       FinalReference:
[14.847s][debug][gc,phases,ref  ] GC(68)         Discovered: 0
[14.847s][debug][gc,phases,ref  ] GC(68)         Cleared: 0
[14.847s][debug][gc,phases,ref  ] GC(68)       PhantomReference:
[14.847s][debug][gc,phases,ref  ] GC(68)         Discovered: 0
[14.847s][debug][gc,phases,ref  ] GC(68)         Cleared: 0
[14.847s][debug][gc,phases      ] GC(68)     Weak Processing: 0.1ms
[14.847s][debug][gc,phases      ] GC(68)       JVMTI weak processing: 0.0ms
[14.847s][debug][gc,phases      ] GC(68)         Dead: 0
[14.847s][debug][gc,phases      ] GC(68)         Total: 0
[14.847s][debug][gc,phases      ] GC(68)       JFR weak processing: 0.0ms
[14.847s][debug][gc,phases      ] GC(68)         Dead: 0
[14.847s][debug][gc,phases      ] GC(68)         Total: 0
[14.847s][debug][gc,phases      ] GC(68)       JNI weak                  Min:  0.0, Avg:  0.0, Max:  0.0, Diff:  0.0, Sum:  0.0, Workers: 5
[14.847s][debug][gc,phases      ] GC(68)         Dead                      Min: 0, Avg:  0.0, Max: 0, Diff: 0, Sum: 0, Workers: 5
[14.847s][debug][gc,phases      ] GC(68)         Total                     Min: 0, Avg: 13.4, Max: 67, Diff: 67, Sum: 67, Workers: 5
[14.847s][debug][gc,phases      ] GC(68)       VM weak                   Min:  0.0, Avg:  0.0, Max:  0.0, Diff:  0.0, Sum:  0.0, Workers: 5
[14.847s][debug][gc,phases      ] GC(68)         Dead                      Min: 0, Avg:  0.0, Max: 0, Diff: 0, Sum: 0, Workers: 5
[14.847s][debug][gc,phases      ] GC(68)         Total                     Min: 0, Avg: 47.6, Max: 238, Diff: 238, Sum: 238, Workers: 5
[14.848s][debug][gc,phases      ] GC(68)       StringTable weak          Min:  0.0, Avg:  0.0, Max:  0.0, Diff:  0.0, Sum:  0.0, Workers: 5
[14.848s][debug][gc,phases      ] GC(68)         Dead                      Min: 0, Avg:  0.0, Max: 0, Diff: 0, Sum: 0, Workers: 5
[14.848s][debug][gc,phases      ] GC(68)         Total                     Min: 0, Avg: 728.6, Max: 3326, Diff: 3326, Sum: 3643, Workers: 5
[14.848s][debug][gc,phases      ] GC(68)       ResolvedMethodTable weak  Min:  0.0, Avg:  0.0, Max:  0.0, Diff:  0.0, Sum:  0.0, Workers: 5
[14.848s][debug][gc,phases      ] GC(68)         Dead                      Min: 0, Avg:  0.0, Max: 0, Diff: 0, Sum: 0, Workers: 5
[14.848s][debug][gc,phases      ] GC(68)         Total                     Min: 0, Avg: 123.4, Max: 256, Diff: 256, Sum: 617, Workers: 5
[14.848s][debug][gc,phases      ] GC(68)     Merge Per-Thread State: 0.0ms
[14.848s][debug][gc,phases      ] GC(68)       Copied Bytes              Min: 0, Avg: 32.0, Max: 128, Diff: 128, Sum: 256, Workers: 8
[14.848s][debug][gc,phases      ] GC(68)       LAB Waste                 Min: 0, Avg:  0.0, Max: 0, Diff: 0, Sum: 0, Workers: 8
[14.848s][debug][gc,phases      ] GC(68)       LAB Undo Waste            Min: 0, Avg:  0.0, Max: 0, Diff: 0, Sum: 0, Workers: 8
[14.848s][debug][gc,phases      ] GC(68)     Code Roots Purge: 0.0ms
[14.848s][debug][gc,phases      ] GC(68)     Redirty Cards: 0.0ms
[14.848s][debug][gc,phases      ] GC(68)     DerivedPointerTable Update: 0.0ms
[14.848s][debug][gc,phases      ] GC(68)     Free Collection Set: 0.1ms
[14.848s][debug][gc,phases      ] GC(68)     Rebuild Free List: 0.0ms
[14.848s][debug][gc,phases      ] GC(68)     Humongous Reclaim: 0.0ms
[14.848s][debug][gc,phases      ] GC(68)     Start New Collection Set: 0.0ms
[14.848s][debug][gc,phases      ] GC(68)     Resize TLABs: 0.0ms
[14.848s][debug][gc,phases      ] GC(68)     Expand Heap After Collection: 0.0ms
[14.848s][info ][gc,phases      ] GC(68)   Other: 0.2ms
[14.848s][info ][gc,heap        ] GC(68) Eden regions: 177->0(177)
[14.848s][info ][gc,heap        ] GC(68) Survivor regions: 1->1(23)
[14.848s][info ][gc,heap        ] GC(68) Old regions: 7->7
[14.848s][info ][gc,heap        ] GC(68) Archive regions: 2->2
[14.848s][info ][gc,heap        ] GC(68) Humongous regions: 0->0
[14.848s][info ][gc,metaspace   ] GC(68) Metaspace: 10703K(11136K)->10703K(11136K) NonClass: 9440K(9728K)->9440K(9728K) Class: 1263K(1408K)->1263K(1408K)
[14.848s][debug][gc,heap        ] GC(68) Heap after GC invocations=69 (full 1): garbage-first heap   total 305152K, used 4434K [0x0000000700000000, 0x0000000800000000)
[14.848s][debug][gc,heap        ] GC(68)   region size 1024K, 1 young (1024K), 1 survivors (1024K)
[14.848s][debug][gc,heap        ] GC(68)  Metaspace       used 10703K, capacity 10992K, committed 11136K, reserved 1058816K
[14.848s][debug][gc,heap        ] GC(68)   class space    used 1263K, capacity 1389K, committed 1408K, reserved 1048576K
[14.848s][info ][gc             ] GC(68) Pause Young (Normal) (G1 Evacuation Pause) 181M->4M(298M) 1.487ms
[14.848s][info ][gc,cpu         ] GC(68) User=0.00s Sys=0.00s Real=0.00s
[14.848s][info ][safepoint      ] Safepoint "G1CollectForAllocation", Time since last: 167522510 ns, Reaching safepoint: 112289 ns, At safepoint: 1646719 ns, Total: 1759008 ns
[15.015s][debug][gc,heap        ] GC(69) Heap before GC invocations=69 (full 1): garbage-first heap   total 305152K, used 185682K [0x0000000700000000, 0x0000000800000000)
[15.015s][debug][gc,heap        ] GC(69)   region size 1024K, 178 young (182272K), 1 survivors (1024K)
[15.015s][debug][gc,heap        ] GC(69)  Metaspace       used 10703K, capacity 10992K, committed 11136K, reserved 1058816K
[15.015s][debug][gc,heap        ] GC(69)   class space    used 1263K, capacity 1389K, committed 1408K, reserved 1048576K
[15.015s][info ][gc,start       ] GC(69) Pause Young (Normal) (G1 Evacuation Pause)
[15.015s][info ][gc,task        ] GC(69) Using 8 workers of 8 for evacuation
[15.015s][debug][gc,tlab        ] GC(69) TLAB totals: thrds: 8  refills: 712 max: 98 slow allocs: 0 max 0 waste:  1.0% gc: 1501528B max: 365088B slow: 412640B max: 56328B fast: 0B max: 0B
[15.015s][debug][gc,age         ] GC(69) Desired survivor size 12058624 bytes, new threshold 15 (max threshold 15)
[15.015s][debug][gc,alloc,region] GC(69) Mutator Allocation stats, regions: 177, wasted size: 0B ( 0.0%)
[15.015s][debug][gc,ergo        ] GC(69) Running G1 Merge Heap Roots using 8 workers for 178 regions
[15.016s][debug][gc,remset      ] GC(69) Visited cards 256 Total dirty 2048 (12.50%) Total old 747520 (0.03%)
[15.016s][debug][gc,ergo        ] GC(69) Running G1 Clear Card Table Task using 1 workers for 1 units of work for 179 regions.
[15.016s][debug][gc,ref         ] GC(69) Skipped phase1 of Reference Processing due to unavailable references
[15.016s][debug][gc,ref         ] GC(69) Skipped phase2 of Reference Processing due to unavailable references
[15.016s][debug][gc,ref         ] GC(69) Skipped phase3 of Reference Processing due to unavailable references
[15.016s][debug][gc,ref         ] GC(69) Skipped phase4 of Reference Processing due to unavailable references
[15.016s][debug][gc,ergo        ] GC(69) Running G1 Free Collection Set using 8 workers for collection set length 178 (298)
[15.016s][debug][gc,ergo        ] GC(69) Running G1 Rebuild Free List Task using 8 workers for rebuilding free list of 0 (4096) regions
[15.016s][trace][gc,age         ] GC(69) Age table with threshold 15 (max threshold 15)
[15.016s][trace][gc,age         ] GC(69) - age   1:        336 bytes,        336 total
[15.016s][debug][gc,plab        ] GC(69) Young PLAB allocation: allocated: 8256B, wasted: 0B, unused: 7920B, used: 336B, undo waste: 0B, 
[15.016s][debug][gc,plab        ] GC(69) Young other allocation: region end waste: 0B, regions filled: 1, direct allocated: 0B, failure used: 0B, failure wasted: 0B
[15.016s][debug][gc,plab        ] GC(69) Young sizing: calculated: 64B, actual: 2064B
[15.016s][debug][gc,plab        ] GC(69) Old PLAB allocation: allocated: 0B, wasted: 0B, unused: 0B, used: 0B, undo waste: 0B, 
[15.016s][debug][gc,plab        ] GC(69) Old other allocation: region end waste: 0B, regions filled: 1, direct allocated: 0B, failure used: 0B, failure wasted: 0B
[15.016s][debug][gc,plab        ] GC(69) Old sizing: calculated: 0B, actual: 2064B
[15.016s][debug][gc,ihop        ] GC(69) Basic information (value update), threshold: 140614041B (45.00), target occupancy: 312475648B, current occupancy: 4543024B, recent allocation size: 0B, recent allocation duration: 168.22ms, recent old gen allocation rate: 0.00B/s, recent marking phase length: 0.00ms
[15.016s][debug][gc,ihop        ] GC(69) Adaptive IHOP information (value update), threshold: 140614041B (47.37), internal target occupancy: 296851865B, occupancy: 4543024B, additional buffer size: 186646528B, predicted old gen allocation rate: 25354.74B/s, predicted marking phase length: 0.00ms, prediction active: false
[15.016s][debug][gc,ergo,refine ] GC(69) Concurrent refinement times: Logged Cards Scan time goal: 20.00ms Logged Cards Scan time: 0.00ms HCC time: 0.00ms
[15.016s][debug][gc,ergo,refine ] GC(69) Updated Refinement Zones: green: 2048, yellow: 6144, red: 10240
[15.016s][info ][gc,phases      ] GC(69)   Pre Evacuate Collection Set: 0.1ms
[15.016s][debug][gc,phases      ] GC(69)     Prepare TLABs: 0.0ms
[15.016s][debug][gc,phases      ] GC(69)     Choose Collection Set: 0.0ms
[15.016s][debug][gc,phases      ] GC(69)     Region Register: 0.1ms
[15.016s][debug][gc,phases      ] GC(69)     Prepare Heap Roots: 0.0ms
[15.016s][info ][gc,phases      ] GC(69)   Merge Heap Roots: 0.2ms
[15.016s][debug][gc,phases      ] GC(69)     Prepare Merge Heap Roots: 0.0ms
[15.016s][debug][gc,phases      ] GC(69)     Eager Reclaim (ms):       skipped
[15.016s][debug][gc,phases      ] GC(69)     Remembered Sets (ms):     Min:  0.0, Avg:  0.0, Max:  0.0, Diff:  0.0, Sum:  0.0, Workers: 8
[15.016s][debug][gc,phases      ] GC(69)       Merged Sparse:            Min: 0, Avg:  0.0, Max: 0, Diff: 0, Sum: 0, Workers: 8
[15.016s][debug][gc,phases      ] GC(69)       Merged Fine:              Min: 0, Avg:  0.0, Max: 0, Diff: 0, Sum: 0, Workers: 8
[15.016s][debug][gc,phases      ] GC(69)       Merged Coarse:            Min: 0, Avg:  0.0, Max: 0, Diff: 0, Sum: 0, Workers: 8
[15.016s][debug][gc,phases      ] GC(69)       Dirty Cards:              Min: 0, Avg:  0.0, Max: 0, Diff: 0, Sum: 0, Workers: 8
[15.016s][debug][gc,phases      ] GC(69)     Hot Card Cache (ms):      Min:  0.0, Avg:  0.0, Max:  0.0, Diff:  0.0, Sum:  0.0, Workers: 8
[15.016s][debug][gc,phases      ] GC(69)       Dirty Cards:              Min: 0, Avg:  0.0, Max: 0, Diff: 0, Sum: 0, Workers: 8
[15.016s][debug][gc,phases      ] GC(69)       Skipped Cards:            Min: 0, Avg:  0.0, Max: 0, Diff: 0, Sum: 0, Workers: 8
[15.016s][debug][gc,phases      ] GC(69)     Log Buffers (ms):         Min:  0.0, Avg:  0.0, Max:  0.0, Diff:  0.0, Sum:  0.0, Workers: 8
[15.016s][debug][gc,phases      ] GC(69)       Dirty Cards:              Min: 0, Avg:  0.1, Max: 1, Diff: 1, Sum: 1, Workers: 8
[15.016s][debug][gc,phases      ] GC(69)       Skipped Cards:            Min: 0, Avg:  0.0, Max: 0, Diff: 0, Sum: 0, Workers: 8
[15.016s][info ][gc,phases      ] GC(69)   Evacuate Collection Set: 0.2ms
[15.016s][debug][gc,phases      ] GC(69)     Ext Root Scanning (ms):   Min:  0.0, Avg:  0.0, Max:  0.1, Diff:  0.1, Sum:  0.3, Workers: 8
[15.016s][debug][gc,phases      ] GC(69)     Scan Heap Roots (ms):     Min:  0.0, Avg:  0.0, Max:  0.0, Diff:  0.0, Sum:  0.0, Workers: 8
[15.016s][debug][gc,phases      ] GC(69)       Scanned Cards:            Min: 0, Avg:  0.1, Max: 1, Diff: 1, Sum: 1, Workers: 8
[15.016s][debug][gc,phases      ] GC(69)       Scanned Blocks:           Min: 0, Avg:  0.1, Max: 1, Diff: 1, Sum: 1, Workers: 8
[15.016s][debug][gc,phases      ] GC(69)       Claimed Chunks:           Min: 0, Avg:  0.1, Max: 1, Diff: 1, Sum: 1, Workers: 8
[15.016s][debug][gc,phases      ] GC(69)     Code Root Scan (ms):      Min:  0.0, Avg:  0.0, Max:  0.0, Diff:  0.0, Sum:  0.0, Workers: 8
[15.016s][debug][gc,phases      ] GC(69)     Object Copy (ms):         Min:  0.0, Avg:  0.0, Max:  0.0, Diff:  0.0, Sum:  0.0, Workers: 8
[15.016s][debug][gc,phases      ] GC(69)     Termination (ms):         Min:  0.0, Avg:  0.0, Max:  0.1, Diff:  0.0, Sum:  0.3, Workers: 8
[15.016s][debug][gc,phases      ] GC(69)       Termination Attempts:     Min: 1, Avg:  1.0, Max: 1, Diff: 0, Sum: 8, Workers: 8
[15.016s][debug][gc,phases      ] GC(69)     GC Worker Other (ms):     Min:  0.0, Avg:  0.0, Max:  0.0, Diff:  0.0, Sum:  0.2, Workers: 8
[15.016s][debug][gc,phases      ] GC(69)     GC Worker Total (ms):     Min:  0.1, Avg:  0.1, Max:  0.1, Diff:  0.1, Sum:  0.8, Workers: 8
[15.016s][info ][gc,phases      ] GC(69)   Post Evacuate Collection Set: 0.3ms
[15.016s][debug][gc,phases      ] GC(69)     Code Roots Fixup: 0.0ms
[15.016s][debug][gc,phases      ] GC(69)     Clear Card Table: 0.1ms
[15.016s][debug][gc,phases      ] GC(69)     Reference Processing: 0.0ms
[15.016s][debug][gc,phases,ref  ] GC(69)       Reconsider SoftReferences: 0.0ms
[15.016s][debug][gc,phases,ref  ] GC(69)         SoftRef (ms):             skipped
[15.016s][debug][gc,phases,ref  ] GC(69)       Notify Soft/WeakReferences: 0.0ms
[15.016s][debug][gc,phases,ref  ] GC(69)         SoftRef (ms):             skipped
[15.016s][debug][gc,phases,ref  ] GC(69)         WeakRef (ms):             skipped
[15.016s][debug][gc,phases,ref  ] GC(69)         FinalRef (ms):            skipped
[15.016s][debug][gc,phases,ref  ] GC(69)         Total (ms):               skipped
[15.016s][debug][gc,phases,ref  ] GC(69)       Notify and keep alive finalizable: 0.0ms
[15.016s][debug][gc,phases,ref  ] GC(69)         FinalRef (ms):            skipped
[15.016s][debug][gc,phases,ref  ] GC(69)       Notify PhantomReferences: 0.0ms
[15.016s][debug][gc,phases,ref  ] GC(69)         PhantomRef (ms):          skipped
[15.016s][debug][gc,phases,ref  ] GC(69)       SoftReference:
[15.016s][debug][gc,phases,ref  ] GC(69)         Discovered: 0
[15.016s][debug][gc,phases,ref  ] GC(69)         Cleared: 0
[15.016s][debug][gc,phases,ref  ] GC(69)       WeakReference:
[15.016s][debug][gc,phases,ref  ] GC(69)         Discovered: 0
[15.016s][debug][gc,phases,ref  ] GC(69)         Cleared: 0
[15.016s][debug][gc,phases,ref  ] GC(69)       FinalReference:
[15.016s][debug][gc,phases,ref  ] GC(69)         Discovered: 0
[15.016s][debug][gc,phases,ref  ] GC(69)         Cleared: 0
[15.016s][debug][gc,phases,ref  ] GC(69)       PhantomReference:
[15.016s][debug][gc,phases,ref  ] GC(69)         Discovered: 0
[15.016s][debug][gc,phases,ref  ] GC(69)         Cleared: 0
[15.017s][debug][gc,phases      ] GC(69)     Weak Processing: 0.1ms
[15.017s][debug][gc,phases      ] GC(69)       JVMTI weak processing: 0.0ms
[15.017s][debug][gc,phases      ] GC(69)         Dead: 0
[15.017s][debug][gc,phases      ] GC(69)         Total: 0
[15.017s][debug][gc,phases      ] GC(69)       JFR weak processing: 0.0ms
[15.017s][debug][gc,phases      ] GC(69)         Dead: 0
[15.017s][debug][gc,phases      ] GC(69)         Total: 0
[15.017s][debug][gc,phases      ] GC(69)       JNI weak                  Min:  0.0, Avg:  0.0, Max:  0.0, Diff:  0.0, Sum:  0.0, Workers: 5
[15.017s][debug][gc,phases      ] GC(69)         Dead                      Min: 0, Avg:  0.0, Max: 0, Diff: 0, Sum: 0, Workers: 5
[15.017s][debug][gc,phases      ] GC(69)         Total                     Min: 0, Avg: 13.4, Max: 52, Diff: 52, Sum: 67, Workers: 5
[15.017s][debug][gc,phases      ] GC(69)       VM weak                   Min:  0.0, Avg:  0.0, Max:  0.0, Diff:  0.0, Sum:  0.0, Workers: 5
[15.017s][debug][gc,phases      ] GC(69)         Dead                      Min: 0, Avg:  0.0, Max: 0, Diff: 0, Sum: 0, Workers: 5
[15.017s][debug][gc,phases      ] GC(69)         Total                     Min: 0, Avg: 47.6, Max: 128, Diff: 128, Sum: 238, Workers: 5
[15.017s][debug][gc,phases      ] GC(69)       StringTable weak          Min:  0.0, Avg:  0.0, Max:  0.1, Diff:  0.1, Sum:  0.1, Workers: 5
[15.017s][debug][gc,phases      ] GC(69)         Dead                      Min: 0, Avg:  0.0, Max: 0, Diff: 0, Sum: 0, Workers: 5
[15.017s][debug][gc,phases      ] GC(69)         Total                     Min: 61, Avg: 728.6, Max: 1790, Diff: 1729, Sum: 3643, Workers: 5
[15.017s][debug][gc,phases      ] GC(69)       ResolvedMethodTable weak  Min:  0.0, Avg:  0.0, Max:  0.0, Diff:  0.0, Sum:  0.0, Workers: 5
[15.017s][debug][gc,phases      ] GC(69)         Dead                      Min: 0, Avg:  0.0, Max: 0, Diff: 0, Sum: 0, Workers: 5
[15.017s][debug][gc,phases      ] GC(69)         Total                     Min: 64, Avg: 123.4, Max: 192, Diff: 128, Sum: 617, Workers: 5
[15.017s][debug][gc,phases      ] GC(69)     Merge Per-Thread State: 0.0ms
[15.017s][debug][gc,phases      ] GC(69)       Copied Bytes              Min: 0, Avg: 42.0, Max: 104, Diff: 104, Sum: 336, Workers: 8
[15.017s][debug][gc,phases      ] GC(69)       LAB Waste                 Min: 0, Avg:  0.0, Max: 0, Diff: 0, Sum: 0, Workers: 8
[15.017s][debug][gc,phases      ] GC(69)       LAB Undo Waste            Min: 0, Avg:  0.0, Max: 0, Diff: 0, Sum: 0, Workers: 8
[15.017s][debug][gc,phases      ] GC(69)     Code Roots Purge: 0.0ms
[15.017s][debug][gc,phases      ] GC(69)     Redirty Cards: 0.0ms
[15.017s][debug][gc,phases      ] GC(69)     DerivedPointerTable Update: 0.0ms
[15.017s][debug][gc,phases      ] GC(69)     Free Collection Set: 0.1ms
[15.017s][debug][gc,phases      ] GC(69)     Rebuild Free List: 0.0ms
[15.017s][debug][gc,phases      ] GC(69)     Humongous Reclaim: 0.0ms
[15.017s][debug][gc,phases      ] GC(69)     Start New Collection Set: 0.0ms
[15.017s][debug][gc,phases      ] GC(69)     Resize TLABs: 0.0ms
[15.017s][debug][gc,phases      ] GC(69)     Expand Heap After Collection: 0.0ms
[15.017s][info ][gc,phases      ] GC(69)   Other: 0.3ms
[15.017s][info ][gc,heap        ] GC(69) Eden regions: 177->0(177)
[15.017s][info ][gc,heap        ] GC(69) Survivor regions: 1->1(23)
[15.017s][info ][gc,heap        ] GC(69) Old regions: 7->7
[15.017s][info ][gc,heap        ] GC(69) Archive regions: 2->2
[15.017s][info ][gc,heap        ] GC(69) Humongous regions: 0->0
[15.017s][info ][gc,metaspace   ] GC(69) Metaspace: 10703K(11136K)->10703K(11136K) NonClass: 9440K(9728K)->9440K(9728K) Class: 1263K(1408K)->1263K(1408K)
[15.017s][debug][gc,heap        ] GC(69) Heap after GC invocations=70 (full 1): garbage-first heap   total 305152K, used 4436K [0x0000000700000000, 0x0000000800000000)
[15.017s][debug][gc,heap        ] GC(69)   region size 1024K, 1 young (1024K), 1 survivors (1024K)
[15.017s][debug][gc,heap        ] GC(69)  Metaspace       used 10703K, capacity 10992K, committed 11136K, reserved 1058816K
[15.017s][debug][gc,heap        ] GC(69)   class space    used 1263K, capacity 1389K, committed 1408K, reserved 1048576K
[15.017s][info ][gc             ] GC(69) Pause Young (Normal) (G1 Evacuation Pause) 181M->4M(298M) 1.516ms
[15.017s][info ][gc,cpu         ] GC(69) User=0.00s Sys=0.00s Real=0.00s
[15.017s][info ][safepoint      ] Safepoint "G1CollectForAllocation", Time since last: 167231617 ns, Reaching safepoint: 155515 ns, At safepoint: 1695402 ns, Total: 1850917 ns
[15.183s][debug][gc,heap        ] GC(70) Heap before GC invocations=70 (full 1): garbage-first heap   total 305152K, used 185684K [0x0000000700000000, 0x0000000800000000)
[15.183s][debug][gc,heap        ] GC(70)   region size 1024K, 178 young (182272K), 1 survivors (1024K)
[15.183s][debug][gc,heap        ] GC(70)  Metaspace       used 10703K, capacity 10992K, committed 11136K, reserved 1058816K
[15.183s][debug][gc,heap        ] GC(70)   class space    used 1263K, capacity 1389K, committed 1408K, reserved 1048576K
[15.183s][info ][gc,start       ] GC(70) Pause Young (Normal) (G1 Evacuation Pause)
[15.183s][info ][gc,task        ] GC(70) Using 8 workers of 8 for evacuation
[15.183s][debug][gc,tlab        ] GC(70) TLAB totals: thrds: 8  refills: 712 max: 92 slow allocs: 0 max 0 waste:  1.1% gc: 1684168B max: 416432B slow: 411000B max: 53048B fast: 0B max: 0B
[15.183s][debug][gc,age         ] GC(70) Desired survivor size 12058624 bytes, new threshold 15 (max threshold 15)
[15.183s][debug][gc,alloc,region] GC(70) Mutator Allocation stats, regions: 177, wasted size: 0B ( 0.0%)
[15.183s][debug][gc,ergo        ] GC(70) Running G1 Merge Heap Roots using 8 workers for 178 regions
[15.183s][debug][gc,remset      ] GC(70) Visited cards 256 Total dirty 2048 (12.50%) Total old 747520 (0.03%)
[15.184s][debug][gc,ergo        ] GC(70) Running G1 Clear Card Table Task using 1 workers for 1 units of work for 179 regions.
[15.184s][debug][gc,ref         ] GC(70) Skipped phase1 of Reference Processing due to unavailable references
[15.184s][debug][gc,ref         ] GC(70) Skipped phase2 of Reference Processing due to unavailable references
[15.184s][debug][gc,ref         ] GC(70) Skipped phase3 of Reference Processing due to unavailable references
[15.184s][debug][gc,ref         ] GC(70) Skipped phase4 of Reference Processing due to unavailable references
[15.184s][debug][gc,ergo        ] GC(70) Running G1 Free Collection Set using 8 workers for collection set length 178 (298)
[15.184s][debug][gc,ergo        ] GC(70) Running G1 Rebuild Free List Task using 8 workers for rebuilding free list of 0 (4096) regions
[15.184s][trace][gc,age         ] GC(70) Age table with threshold 15 (max threshold 15)
[15.184s][trace][gc,age         ] GC(70) - age   1:        256 bytes,        256 total
[15.184s][debug][gc,plab        ] GC(70) Young PLAB allocation: allocated: 8256B, wasted: 0B, unused: 8000B, used: 256B, undo waste: 0B, 
[15.184s][debug][gc,plab        ] GC(70) Young other allocation: region end waste: 0B, regions filled: 1, direct allocated: 0B, failure used: 0B, failure wasted: 0B
[15.184s][debug][gc,plab        ] GC(70) Young sizing: calculated: 48B, actual: 2064B
[15.184s][debug][gc,plab        ] GC(70) Old PLAB allocation: allocated: 0B, wasted: 0B, unused: 0B, used: 0B, undo waste: 0B, 
[15.184s][debug][gc,plab        ] GC(70) Old other allocation: region end waste: 0B, regions filled: 1, direct allocated: 0B, failure used: 0B, failure wasted: 0B
[15.184s][debug][gc,plab        ] GC(70) Old sizing: calculated: 0B, actual: 2064B
[15.184s][debug][gc,ihop        ] GC(70) Basic information (value update), threshold: 140614041B (45.00), target occupancy: 312475648B, current occupancy: 4543024B, recent allocation size: 0B, recent allocation duration: 167.00ms, recent old gen allocation rate: 0.00B/s, recent marking phase length: 0.00ms
[15.184s][debug][gc,ihop        ] GC(70) Adaptive IHOP information (value update), threshold: 140614041B (47.37), internal target occupancy: 296851865B, occupancy: 4543024B, additional buffer size: 186646528B, predicted old gen allocation rate: 24573.56B/s, predicted marking phase length: 0.00ms, prediction active: false
[15.184s][debug][gc,ergo,refine ] GC(70) Concurrent refinement times: Logged Cards Scan time goal: 20.00ms Logged Cards Scan time: 0.00ms HCC time: 0.00ms
[15.184s][debug][gc,ergo,refine ] GC(70) Updated Refinement Zones: green: 2048, yellow: 6144, red: 10240
[15.184s][info ][gc,phases      ] GC(70)   Pre Evacuate Collection Set: 0.1ms
[15.184s][debug][gc,phases      ] GC(70)     Prepare TLABs: 0.0ms
[15.184s][debug][gc,phases      ] GC(70)     Choose Collection Set: 0.0ms
[15.184s][debug][gc,phases      ] GC(70)     Region Register: 0.1ms
[15.184s][debug][gc,phases      ] GC(70)     Prepare Heap Roots: 0.0ms
[15.184s][info ][gc,phases      ] GC(70)   Merge Heap Roots: 0.1ms
[15.184s][debug][gc,phases      ] GC(70)     Prepare Merge Heap Roots: 0.0ms
[15.184s][debug][gc,phases      ] GC(70)     Eager Reclaim (ms):       skipped
[15.184s][debug][gc,phases      ] GC(70)     Remembered Sets (ms):     Min:  0.0, Avg:  0.0, Max:  0.0, Diff:  0.0, Sum:  0.1, Workers: 8
[15.184s][debug][gc,phases      ] GC(70)       Merged Sparse:            Min: 0, Avg:  0.0, Max: 0, Diff: 0, Sum: 0, Workers: 8
[15.184s][debug][gc,phases      ] GC(70)       Merged Fine:              Min: 0, Avg:  0.0, Max: 0, Diff: 0, Sum: 0, Workers: 8
[15.184s][debug][gc,phases      ] GC(70)       Merged Coarse:            Min: 0, Avg:  0.0, Max: 0, Diff: 0, Sum: 0, Workers: 8
[15.184s][debug][gc,phases      ] GC(70)       Dirty Cards:              Min: 0, Avg:  0.0, Max: 0, Diff: 0, Sum: 0, Workers: 8
[15.184s][debug][gc,phases      ] GC(70)     Hot Card Cache (ms):      Min:  0.0, Avg:  0.0, Max:  0.0, Diff:  0.0, Sum:  0.0, Workers: 8
[15.184s][debug][gc,phases      ] GC(70)       Dirty Cards:              Min: 0, Avg:  0.0, Max: 0, Diff: 0, Sum: 0, Workers: 8
[15.184s][debug][gc,phases      ] GC(70)       Skipped Cards:            Min: 0, Avg:  0.0, Max: 0, Diff: 0, Sum: 0, Workers: 8
[15.184s][debug][gc,phases      ] GC(70)     Log Buffers (ms):         Min:  0.0, Avg:  0.0, Max:  0.0, Diff:  0.0, Sum:  0.0, Workers: 8
[15.184s][debug][gc,phases      ] GC(70)       Dirty Cards:              Min: 0, Avg:  0.1, Max: 1, Diff: 1, Sum: 1, Workers: 8
[15.184s][debug][gc,phases      ] GC(70)       Skipped Cards:            Min: 0, Avg:  0.0, Max: 0, Diff: 0, Sum: 0, Workers: 8
[15.184s][info ][gc,phases      ] GC(70)   Evacuate Collection Set: 0.2ms
[15.184s][debug][gc,phases      ] GC(70)     Ext Root Scanning (ms):   Min:  0.0, Avg:  0.0, Max:  0.1, Diff:  0.1, Sum:  0.2, Workers: 8
[15.184s][debug][gc,phases      ] GC(70)     Scan Heap Roots (ms):     Min:  0.0, Avg:  0.0, Max:  0.0, Diff:  0.0, Sum:  0.0, Workers: 8
[15.184s][debug][gc,phases      ] GC(70)       Scanned Cards:            Min: 0, Avg:  0.1, Max: 1, Diff: 1, Sum: 1, Workers: 8
[15.184s][debug][gc,phases      ] GC(70)       Scanned Blocks:           Min: 0, Avg:  0.1, Max: 1, Diff: 1, Sum: 1, Workers: 8
[15.184s][debug][gc,phases      ] GC(70)       Claimed Chunks:           Min: 0, Avg:  0.1, Max: 1, Diff: 1, Sum: 1, Workers: 8
[15.184s][debug][gc,phases      ] GC(70)     Code Root Scan (ms):      Min:  0.0, Avg:  0.0, Max:  0.0, Diff:  0.0, Sum:  0.0, Workers: 8
[15.184s][debug][gc,phases      ] GC(70)     Object Copy (ms):         Min:  0.0, Avg:  0.0, Max:  0.0, Diff:  0.0, Sum:  0.0, Workers: 8
[15.184s][debug][gc,phases      ] GC(70)     Termination (ms):         Min:  0.1, Avg:  0.1, Max:  0.1, Diff:  0.0, Sum:  0.7, Workers: 8
[15.184s][debug][gc,phases      ] GC(70)       Termination Attempts:     Min: 1, Avg:  1.0, Max: 1, Diff: 0, Sum: 8, Workers: 8
[15.184s][debug][gc,phases      ] GC(70)     GC Worker Other (ms):     Min:  0.0, Avg:  0.0, Max:  0.0, Diff:  0.0, Sum:  0.1, Workers: 8
[15.184s][debug][gc,phases      ] GC(70)     GC Worker Total (ms):     Min:  0.1, Avg:  0.1, Max:  0.2, Diff:  0.0, Sum:  1.0, Workers: 8
[15.184s][info ][gc,phases      ] GC(70)   Post Evacuate Collection Set: 0.3ms
[15.184s][debug][gc,phases      ] GC(70)     Code Roots Fixup: 0.0ms
[15.184s][debug][gc,phases      ] GC(70)     Clear Card Table: 0.1ms
[15.184s][debug][gc,phases      ] GC(70)     Reference Processing: 0.0ms
[15.184s][debug][gc,phases,ref  ] GC(70)       Reconsider SoftReferences: 0.0ms
[15.184s][debug][gc,phases,ref  ] GC(70)         SoftRef (ms):             skipped
[15.184s][debug][gc,phases,ref  ] GC(70)       Notify Soft/WeakReferences: 0.0ms
[15.184s][debug][gc,phases,ref  ] GC(70)         SoftRef (ms):             skipped
[15.184s][debug][gc,phases,ref  ] GC(70)         WeakRef (ms):             skipped
[15.184s][debug][gc,phases,ref  ] GC(70)         FinalRef (ms):            skipped
[15.184s][debug][gc,phases,ref  ] GC(70)         Total (ms):               skipped
[15.184s][debug][gc,phases,ref  ] GC(70)       Notify and keep alive finalizable: 0.0ms
[15.184s][debug][gc,phases,ref  ] GC(70)         FinalRef (ms):            skipped
[15.184s][debug][gc,phases,ref  ] GC(70)       Notify PhantomReferences: 0.0ms
[15.184s][debug][gc,phases,ref  ] GC(70)         PhantomRef (ms):          skipped
[15.184s][debug][gc,phases,ref  ] GC(70)       SoftReference:
[15.184s][debug][gc,phases,ref  ] GC(70)         Discovered: 0
[15.184s][debug][gc,phases,ref  ] GC(70)         Cleared: 0
[15.184s][debug][gc,phases,ref  ] GC(70)       WeakReference:
[15.184s][debug][gc,phases,ref  ] GC(70)         Discovered: 0
[15.184s][debug][gc,phases,ref  ] GC(70)         Cleared: 0
[15.184s][debug][gc,phases,ref  ] GC(70)       FinalReference:
[15.184s][debug][gc,phases,ref  ] GC(70)         Discovered: 0
[15.184s][debug][gc,phases,ref  ] GC(70)         Cleared: 0
[15.184s][debug][gc,phases,ref  ] GC(70)       PhantomReference:
[15.184s][debug][gc,phases,ref  ] GC(70)         Discovered: 0
[15.184s][debug][gc,phases,ref  ] GC(70)         Cleared: 0
[15.184s][debug][gc,phases      ] GC(70)     Weak Processing: 0.1ms
[15.184s][debug][gc,phases      ] GC(70)       JVMTI weak processing: 0.0ms
[15.184s][debug][gc,phases      ] GC(70)         Dead: 0
[15.184s][debug][gc,phases      ] GC(70)         Total: 0
[15.184s][debug][gc,phases      ] GC(70)       JFR weak processing: 0.0ms
[15.184s][debug][gc,phases      ] GC(70)         Dead: 0
[15.184s][debug][gc,phases      ] GC(70)         Total: 0
[15.184s][debug][gc,phases      ] GC(70)       JNI weak                  Min:  0.0, Avg:  0.0, Max:  0.0, Diff:  0.0, Sum:  0.0, Workers: 5
[15.184s][debug][gc,phases      ] GC(70)         Dead                      Min: 0, Avg:  0.0, Max: 0, Diff: 0, Sum: 0, Workers: 5
[15.184s][debug][gc,phases      ] GC(70)         Total                     Min: 0, Avg: 13.4, Max: 52, Diff: 52, Sum: 67, Workers: 5
[15.184s][debug][gc,phases      ] GC(70)       VM weak                   Min:  0.0, Avg:  0.0, Max:  0.0, Diff:  0.0, Sum:  0.0, Workers: 5
[15.184s][debug][gc,phases      ] GC(70)         Dead                      Min: 0, Avg:  0.0, Max: 0, Diff: 0, Sum: 0, Workers: 5
[15.184s][debug][gc,phases      ] GC(70)         Total                     Min: 0, Avg: 47.6, Max: 128, Diff: 128, Sum: 238, Workers: 5
[15.184s][debug][gc,phases      ] GC(70)       StringTable weak          Min:  0.0, Avg:  0.0, Max:  0.0, Diff:  0.0, Sum:  0.1, Workers: 5
[15.184s][debug][gc,phases      ] GC(70)         Dead                      Min: 0, Avg:  0.0, Max: 0, Diff: 0, Sum: 0, Workers: 5
[15.184s][debug][gc,phases      ] GC(70)         Total                     Min: 0, Avg: 728.6, Max: 1342, Diff: 1342, Sum: 3643, Workers: 5
[15.184s][debug][gc,phases      ] GC(70)       ResolvedMethodTable weak  Min:  0.0, Avg:  0.0, Max:  0.0, Diff:  0.0, Sum:  0.0, Workers: 5
[15.184s][debug][gc,phases      ] GC(70)         Dead                      Min: 0, Avg:  0.0, Max: 0, Diff: 0, Sum: 0, Workers: 5
[15.184s][debug][gc,phases      ] GC(70)         Total                     Min: 0, Avg: 123.4, Max: 192, Diff: 192, Sum: 617, Workers: 5
[15.184s][debug][gc,phases      ] GC(70)     Merge Per-Thread State: 0.0ms
[15.184s][debug][gc,phases      ] GC(70)       Copied Bytes              Min: 0, Avg: 32.0, Max: 104, Diff: 104, Sum: 256, Workers: 8
[15.184s][debug][gc,phases      ] GC(70)       LAB Waste                 Min: 0, Avg:  0.0, Max: 0, Diff: 0, Sum: 0, Workers: 8
[15.184s][debug][gc,phases      ] GC(70)       LAB Undo Waste            Min: 0, Avg:  0.0, Max: 0, Diff: 0, Sum: 0, Workers: 8
[15.184s][debug][gc,phases      ] GC(70)     Code Roots Purge: 0.0ms
[15.184s][debug][gc,phases      ] GC(70)     Redirty Cards: 0.1ms
[15.184s][debug][gc,phases      ] GC(70)     DerivedPointerTable Update: 0.0ms
[15.184s][debug][gc,phases      ] GC(70)     Free Collection Set: 0.1ms
[15.184s][debug][gc,phases      ] GC(70)     Rebuild Free List: 0.0ms
[15.184s][debug][gc,phases      ] GC(70)     Humongous Reclaim: 0.0ms
[15.184s][debug][gc,phases      ] GC(70)     Start New Collection Set: 0.0ms
[15.184s][debug][gc,phases      ] GC(70)     Resize TLABs: 0.0ms
[15.184s][debug][gc,phases      ] GC(70)     Expand Heap After Collection: 0.0ms
[15.184s][info ][gc,phases      ] GC(70)   Other: 0.3ms
[15.184s][info ][gc,heap        ] GC(70) Eden regions: 177->0(177)
[15.184s][info ][gc,heap        ] GC(70) Survivor regions: 1->1(23)
[15.184s][info ][gc,heap        ] GC(70) Old regions: 7->7
[15.184s][info ][gc,heap        ] GC(70) Archive regions: 2->2
[15.184s][info ][gc,heap        ] GC(70) Humongous regions: 0->0
[15.184s][info ][gc,metaspace   ] GC(70) Metaspace: 10703K(11136K)->10703K(11136K) NonClass: 9440K(9728K)->9440K(9728K) Class: 1263K(1408K)->1263K(1408K)
[15.184s][debug][gc,heap        ] GC(70) Heap after GC invocations=71 (full 1): garbage-first heap   total 305152K, used 4436K [0x0000000700000000, 0x0000000800000000)
[15.184s][debug][gc,heap        ] GC(70)   region size 1024K, 1 young (1024K), 1 survivors (1024K)
[15.185s][debug][gc,heap        ] GC(70)  Metaspace       used 10703K, capacity 10992K, committed 11136K, reserved 1058816K
[15.185s][debug][gc,heap        ] GC(70)   class space    used 1263K, capacity 1389K, committed 1408K, reserved 1048576K
[15.185s][info ][gc             ] GC(70) Pause Young (Normal) (G1 Evacuation Pause) 181M->4M(298M) 1.436ms
[15.185s][info ][gc,cpu         ] GC(70) User=0.01s Sys=0.00s Real=0.00s
[15.185s][info ][safepoint      ] Safepoint "G1CollectForAllocation", Time since last: 166026846 ns, Reaching safepoint: 122046 ns, At safepoint: 1614969 ns, Total: 1737015 ns
[15.347s][debug][gc,heap        ] GC(71) Heap before GC invocations=71 (full 1): garbage-first heap   total 305152K, used 185684K [0x0000000700000000, 0x0000000800000000)
[15.347s][debug][gc,heap        ] GC(71)   region size 1024K, 178 young (182272K), 1 survivors (1024K)
[15.347s][debug][gc,heap        ] GC(71)  Metaspace       used 10703K, capacity 10992K, committed 11136K, reserved 1058816K
[15.347s][debug][gc,heap        ] GC(71)   class space    used 1263K, capacity 1389K, committed 1408K, reserved 1048576K
[15.347s][info ][gc,start       ] GC(71) Pause Young (Normal) (G1 Evacuation Pause)
[15.348s][info ][gc,task        ] GC(71) Using 8 workers of 8 for evacuation
[15.348s][debug][gc,tlab        ] GC(71) TLAB totals: thrds: 8  refills: 709 max: 95 slow allocs: 0 max 0 waste:  1.0% gc: 1511000B max: 432640B slow: 410984B max: 55040B fast: 0B max: 0B
[15.348s][debug][gc,age         ] GC(71) Desired survivor size 12058624 bytes, new threshold 15 (max threshold 15)
[15.348s][debug][gc,alloc,region] GC(71) Mutator Allocation stats, regions: 177, wasted size: 0B ( 0.0%)
[15.348s][debug][gc,ergo        ] GC(71) Running G1 Merge Heap Roots using 8 workers for 178 regions
[15.348s][debug][gc,remset      ] GC(71) Visited cards 256 Total dirty 2048 (12.50%) Total old 747520 (0.03%)
[15.348s][debug][gc,ergo        ] GC(71) Running G1 Clear Card Table Task using 1 workers for 1 units of work for 179 regions.
[15.348s][debug][gc,ref         ] GC(71) Skipped phase1 of Reference Processing due to unavailable references
[15.348s][debug][gc,ref         ] GC(71) Skipped phase2 of Reference Processing due to unavailable references
[15.348s][debug][gc,ref         ] GC(71) Skipped phase3 of Reference Processing due to unavailable references
[15.348s][debug][gc,ref         ] GC(71) Skipped phase4 of Reference Processing due to unavailable references
[15.348s][debug][gc,ergo        ] GC(71) Running G1 Free Collection Set using 8 workers for collection set length 178 (298)
[15.348s][debug][gc,ergo        ] GC(71) Running G1 Rebuild Free List Task using 8 workers for rebuilding free list of 0 (4096) regions
[15.348s][trace][gc,age         ] GC(71) Age table with threshold 15 (max threshold 15)
[15.348s][trace][gc,age         ] GC(71) - age   1:        256 bytes,        256 total
[15.348s][debug][gc,plab        ] GC(71) Young PLAB allocation: allocated: 6192B, wasted: 0B, unused: 5936B, used: 256B, undo waste: 0B, 
[15.348s][debug][gc,plab        ] GC(71) Young other allocation: region end waste: 0B, regions filled: 1, direct allocated: 0B, failure used: 0B, failure wasted: 0B
[15.348s][debug][gc,plab        ] GC(71) Young sizing: calculated: 48B, actual: 2064B
[15.348s][debug][gc,plab        ] GC(71) Old PLAB allocation: allocated: 0B, wasted: 0B, unused: 0B, used: 0B, undo waste: 0B, 
[15.348s][debug][gc,plab        ] GC(71) Old other allocation: region end waste: 0B, regions filled: 1, direct allocated: 0B, failure used: 0B, failure wasted: 0B
[15.348s][debug][gc,plab        ] GC(71) Old sizing: calculated: 0B, actual: 2064B
[15.349s][debug][gc,ihop        ] GC(71) Basic information (value update), threshold: 140614041B (45.00), target occupancy: 312475648B, current occupancy: 4540960B, recent allocation size: 0B, recent allocation duration: 163.64ms, recent old gen allocation rate: 0.00B/s, recent marking phase length: 0.00ms
[15.349s][debug][gc,ihop        ] GC(71) Adaptive IHOP information (value update), threshold: 140614041B (47.37), internal target occupancy: 296851865B, occupancy: 4540960B, additional buffer size: 186646528B, predicted old gen allocation rate: 23818.85B/s, predicted marking phase length: 0.00ms, prediction active: false
[15.349s][debug][gc,ergo,refine ] GC(71) Concurrent refinement times: Logged Cards Scan time goal: 20.00ms Logged Cards Scan time: 0.00ms HCC time: 0.00ms
[15.349s][debug][gc,ergo,refine ] GC(71) Updated Refinement Zones: green: 2048, yellow: 6144, red: 10240
[15.349s][info ][gc,phases      ] GC(71)   Pre Evacuate Collection Set: 0.1ms
[15.349s][debug][gc,phases      ] GC(71)     Prepare TLABs: 0.0ms
[15.349s][debug][gc,phases      ] GC(71)     Choose Collection Set: 0.0ms
[15.349s][debug][gc,phases      ] GC(71)     Region Register: 0.1ms
[15.349s][debug][gc,phases      ] GC(71)     Prepare Heap Roots: 0.0ms
[15.349s][info ][gc,phases      ] GC(71)   Merge Heap Roots: 0.2ms
[15.349s][debug][gc,phases      ] GC(71)     Prepare Merge Heap Roots: 0.0ms
[15.349s][debug][gc,phases      ] GC(71)     Eager Reclaim (ms):       skipped
[15.349s][debug][gc,phases      ] GC(71)     Remembered Sets (ms):     Min:  0.0, Avg:  0.0, Max:  0.0, Diff:  0.0, Sum:  0.1, Workers: 8
[15.349s][debug][gc,phases      ] GC(71)       Merged Sparse:            Min: 0, Avg:  0.0, Max: 0, Diff: 0, Sum: 0, Workers: 8
[15.349s][debug][gc,phases      ] GC(71)       Merged Fine:              Min: 0, Avg:  0.0, Max: 0, Diff: 0, Sum: 0, Workers: 8
[15.349s][debug][gc,phases      ] GC(71)       Merged Coarse:            Min: 0, Avg:  0.0, Max: 0, Diff: 0, Sum: 0, Workers: 8
[15.349s][debug][gc,phases      ] GC(71)       Dirty Cards:              Min: 0, Avg:  0.0, Max: 0, Diff: 0, Sum: 0, Workers: 8
[15.349s][debug][gc,phases      ] GC(71)     Hot Card Cache (ms):      Min:  0.0, Avg:  0.0, Max:  0.0, Diff:  0.0, Sum:  0.0, Workers: 8
[15.349s][debug][gc,phases      ] GC(71)       Dirty Cards:              Min: 0, Avg:  0.0, Max: 0, Diff: 0, Sum: 0, Workers: 8
[15.349s][debug][gc,phases      ] GC(71)       Skipped Cards:            Min: 0, Avg:  0.0, Max: 0, Diff: 0, Sum: 0, Workers: 8
[15.349s][debug][gc,phases      ] GC(71)     Log Buffers (ms):         Min:  0.0, Avg:  0.0, Max:  0.0, Diff:  0.0, Sum:  0.0, Workers: 8
[15.349s][debug][gc,phases      ] GC(71)       Dirty Cards:              Min: 0, Avg:  0.1, Max: 1, Diff: 1, Sum: 1, Workers: 8
[15.349s][debug][gc,phases      ] GC(71)       Skipped Cards:            Min: 0, Avg:  0.0, Max: 0, Diff: 0, Sum: 0, Workers: 8
[15.349s][info ][gc,phases      ] GC(71)   Evacuate Collection Set: 0.1ms
[15.349s][debug][gc,phases      ] GC(71)     Ext Root Scanning (ms):   Min:  0.0, Avg:  0.0, Max:  0.1, Diff:  0.1, Sum:  0.2, Workers: 8
[15.349s][debug][gc,phases      ] GC(71)     Scan Heap Roots (ms):     Min:  0.0, Avg:  0.0, Max:  0.0, Diff:  0.0, Sum:  0.0, Workers: 8
[15.349s][debug][gc,phases      ] GC(71)       Scanned Cards:            Min: 0, Avg:  0.1, Max: 1, Diff: 1, Sum: 1, Workers: 8
[15.349s][debug][gc,phases      ] GC(71)       Scanned Blocks:           Min: 0, Avg:  0.1, Max: 1, Diff: 1, Sum: 1, Workers: 8
[15.349s][debug][gc,phases      ] GC(71)       Claimed Chunks:           Min: 0, Avg:  0.1, Max: 1, Diff: 1, Sum: 1, Workers: 8
[15.349s][debug][gc,phases      ] GC(71)     Code Root Scan (ms):      Min:  0.0, Avg:  0.0, Max:  0.0, Diff:  0.0, Sum:  0.0, Workers: 8
[15.349s][debug][gc,phases      ] GC(71)     Object Copy (ms):         Min:  0.0, Avg:  0.0, Max:  0.0, Diff:  0.0, Sum:  0.0, Workers: 8
[15.349s][debug][gc,phases      ] GC(71)     Termination (ms):         Min:  0.0, Avg:  0.1, Max:  0.1, Diff:  0.0, Sum:  0.4, Workers: 8
[15.349s][debug][gc,phases      ] GC(71)       Termination Attempts:     Min: 1, Avg:  1.0, Max: 1, Diff: 0, Sum: 8, Workers: 8
[15.349s][debug][gc,phases      ] GC(71)     GC Worker Other (ms):     Min:  0.0, Avg:  0.0, Max:  0.0, Diff:  0.0, Sum:  0.1, Workers: 8
[15.349s][debug][gc,phases      ] GC(71)     GC Worker Total (ms):     Min:  0.1, Avg:  0.1, Max:  0.1, Diff:  0.1, Sum:  0.8, Workers: 8
[15.349s][info ][gc,phases      ] GC(71)   Post Evacuate Collection Set: 0.5ms
[15.349s][debug][gc,phases      ] GC(71)     Code Roots Fixup: 0.0ms
[15.349s][debug][gc,phases      ] GC(71)     Clear Card Table: 0.1ms
[15.349s][debug][gc,phases      ] GC(71)     Reference Processing: 0.0ms
[15.349s][debug][gc,phases,ref  ] GC(71)       Reconsider SoftReferences: 0.0ms
[15.349s][debug][gc,phases,ref  ] GC(71)         SoftRef (ms):             skipped
[15.349s][debug][gc,phases,ref  ] GC(71)       Notify Soft/WeakReferences: 0.0ms
[15.349s][debug][gc,phases,ref  ] GC(71)         SoftRef (ms):             skipped
[15.349s][debug][gc,phases,ref  ] GC(71)         WeakRef (ms):             skipped
[15.349s][debug][gc,phases,ref  ] GC(71)         FinalRef (ms):            skipped
[15.349s][debug][gc,phases,ref  ] GC(71)         Total (ms):               skipped
[15.349s][debug][gc,phases,ref  ] GC(71)       Notify and keep alive finalizable: 0.0ms
[15.349s][debug][gc,phases,ref  ] GC(71)         FinalRef (ms):            skipped
[15.349s][debug][gc,phases,ref  ] GC(71)       Notify PhantomReferences: 0.0ms
[15.349s][debug][gc,phases,ref  ] GC(71)         PhantomRef (ms):          skipped
[15.349s][debug][gc,phases,ref  ] GC(71)       SoftReference:
[15.349s][debug][gc,phases,ref  ] GC(71)         Discovered: 0
[15.349s][debug][gc,phases,ref  ] GC(71)         Cleared: 0
[15.349s][debug][gc,phases,ref  ] GC(71)       WeakReference:
[15.349s][debug][gc,phases,ref  ] GC(71)         Discovered: 0
[15.349s][debug][gc,phases,ref  ] GC(71)         Cleared: 0
[15.349s][debug][gc,phases,ref  ] GC(71)       FinalReference:
[15.349s][debug][gc,phases,ref  ] GC(71)         Discovered: 0
[15.349s][debug][gc,phases,ref  ] GC(71)         Cleared: 0
[15.349s][debug][gc,phases,ref  ] GC(71)       PhantomReference:
[15.349s][debug][gc,phases,ref  ] GC(71)         Discovered: 0
[15.349s][debug][gc,phases,ref  ] GC(71)         Cleared: 0
[15.349s][debug][gc,phases      ] GC(71)     Weak Processing: 0.1ms
[15.349s][debug][gc,phases      ] GC(71)       JVMTI weak processing: 0.0ms
[15.349s][debug][gc,phases      ] GC(71)         Dead: 0
[15.349s][debug][gc,phases      ] GC(71)         Total: 0
[15.349s][debug][gc,phases      ] GC(71)       JFR weak processing: 0.0ms
[15.349s][debug][gc,phases      ] GC(71)         Dead: 0
[15.349s][debug][gc,phases      ] GC(71)         Total: 0
[15.349s][debug][gc,phases      ] GC(71)       JNI weak                  Min:  0.0, Avg:  0.0, Max:  0.0, Diff:  0.0, Sum:  0.0, Workers: 5
[15.349s][debug][gc,phases      ] GC(71)         Dead                      Min: 0, Avg:  0.0, Max: 0, Diff: 0, Sum: 0, Workers: 5
[15.349s][debug][gc,phases      ] GC(71)         Total                     Min: 0, Avg: 13.4, Max: 52, Diff: 52, Sum: 67, Workers: 5
[15.349s][debug][gc,phases      ] GC(71)       VM weak                   Min:  0.0, Avg:  0.0, Max:  0.0, Diff:  0.0, Sum:  0.0, Workers: 5
[15.349s][debug][gc,phases      ] GC(71)         Dead                      Min: 0, Avg:  0.0, Max: 0, Diff: 0, Sum: 0, Workers: 5
[15.349s][debug][gc,phases      ] GC(71)         Total                     Min: 0, Avg: 47.6, Max: 128, Diff: 128, Sum: 238, Workers: 5
[15.349s][debug][gc,phases      ] GC(71)       StringTable weak          Min:  0.0, Avg:  0.0, Max:  0.1, Diff:  0.1, Sum:  0.2, Workers: 5
[15.349s][debug][gc,phases      ] GC(71)         Dead                      Min: 0, Avg:  0.0, Max: 0, Diff: 0, Sum: 0, Workers: 5
[15.349s][debug][gc,phases      ] GC(71)         Total                     Min: 0, Avg: 728.6, Max: 1213, Diff: 1213, Sum: 3643, Workers: 5
[15.349s][debug][gc,phases      ] GC(71)       ResolvedMethodTable weak  Min:  0.0, Avg:  0.0, Max:  0.0, Diff:  0.0, Sum:  0.0, Workers: 5
[15.349s][debug][gc,phases      ] GC(71)         Dead                      Min: 0, Avg:  0.0, Max: 0, Diff: 0, Sum: 0, Workers: 5
[15.349s][debug][gc,phases      ] GC(71)         Total                     Min: 0, Avg: 123.4, Max: 233, Diff: 233, Sum: 617, Workers: 5
[15.349s][debug][gc,phases      ] GC(71)     Merge Per-Thread State: 0.0ms
[15.349s][debug][gc,phases      ] GC(71)       Copied Bytes              Min: 0, Avg: 32.0, Max: 104, Diff: 104, Sum: 256, Workers: 8
[15.349s][debug][gc,phases      ] GC(71)       LAB Waste                 Min: 0, Avg:  0.0, Max: 0, Diff: 0, Sum: 0, Workers: 8
[15.349s][debug][gc,phases      ] GC(71)       LAB Undo Waste            Min: 0, Avg:  0.0, Max: 0, Diff: 0, Sum: 0, Workers: 8
[15.349s][debug][gc,phases      ] GC(71)     Code Roots Purge: 0.0ms
[15.349s][debug][gc,phases      ] GC(71)     Redirty Cards: 0.0ms
[15.349s][debug][gc,phases      ] GC(71)     DerivedPointerTable Update: 0.0ms
[15.349s][debug][gc,phases      ] GC(71)     Free Collection Set: 0.1ms
[15.349s][debug][gc,phases      ] GC(71)     Rebuild Free List: 0.2ms
[15.349s][debug][gc,phases      ] GC(71)     Humongous Reclaim: 0.0ms
[15.349s][debug][gc,phases      ] GC(71)     Start New Collection Set: 0.0ms
[15.349s][debug][gc,phases      ] GC(71)     Resize TLABs: 0.0ms
[15.349s][debug][gc,phases      ] GC(71)     Expand Heap After Collection: 0.0ms
[15.349s][info ][gc,phases      ] GC(71)   Other: 0.3ms
[15.349s][info ][gc,heap        ] GC(71) Eden regions: 177->0(177)
[15.349s][info ][gc,heap        ] GC(71) Survivor regions: 1->1(23)
[15.349s][info ][gc,heap        ] GC(71) Old regions: 7->7
[15.349s][info ][gc,heap        ] GC(71) Archive regions: 2->2
[15.349s][info ][gc,heap        ] GC(71) Humongous regions: 0->0
[15.349s][info ][gc,metaspace   ] GC(71) Metaspace: 10703K(11136K)->10703K(11136K) NonClass: 9440K(9728K)->9440K(9728K) Class: 1263K(1408K)->1263K(1408K)
[15.349s][debug][gc,heap        ] GC(71) Heap after GC invocations=72 (full 1): garbage-first heap   total 305152K, used 4434K [0x0000000700000000, 0x0000000800000000)
[15.349s][debug][gc,heap        ] GC(71)   region size 1024K, 1 young (1024K), 1 survivors (1024K)
[15.349s][debug][gc,heap        ] GC(71)  Metaspace       used 10703K, capacity 10992K, committed 11136K, reserved 1058816K
[15.349s][debug][gc,heap        ] GC(71)   class space    used 1263K, capacity 1389K, committed 1408K, reserved 1048576K
[15.349s][info ][gc             ] GC(71) Pause Young (Normal) (G1 Evacuation Pause) 181M->4M(298M) 1.626ms
[15.349s][info ][gc,cpu         ] GC(71) User=0.00s Sys=0.00s Real=0.01s
[15.349s][info ][safepoint      ] Safepoint "G1CollectForAllocation", Time since last: 162628725 ns, Reaching safepoint: 177191 ns, At safepoint: 1798259 ns, Total: 1975450 ns
[15.516s][debug][gc,heap        ] GC(72) Heap before GC invocations=72 (full 1): garbage-first heap   total 305152K, used 185682K [0x0000000700000000, 0x0000000800000000)
[15.516s][debug][gc,heap        ] GC(72)   region size 1024K, 178 young (182272K), 1 survivors (1024K)
[15.516s][debug][gc,heap        ] GC(72)  Metaspace       used 10703K, capacity 10992K, committed 11136K, reserved 1058816K
[15.516s][debug][gc,heap        ] GC(72)   class space    used 1263K, capacity 1389K, committed 1408K, reserved 1048576K
[15.516s][info ][gc,start       ] GC(72) Pause Young (Normal) (G1 Evacuation Pause)
[15.516s][info ][gc,task        ] GC(72) Using 8 workers of 8 for evacuation
[15.516s][debug][gc,tlab        ] GC(72) TLAB totals: thrds: 8  refills: 709 max: 94 slow allocs: 0 max 0 waste:  1.2% gc: 1903824B max: 405272B slow: 410144B max: 54104B fast: 0B max: 0B
[15.516s][debug][gc,age         ] GC(72) Desired survivor size 12058624 bytes, new threshold 15 (max threshold 15)
[15.516s][debug][gc,alloc,region] GC(72) Mutator Allocation stats, regions: 177, wasted size: 0B ( 0.0%)
[15.516s][debug][gc,ergo        ] GC(72) Running G1 Merge Heap Roots using 8 workers for 178 regions
[15.516s][debug][gc,remset      ] GC(72) Visited cards 256 Total dirty 2048 (12.50%) Total old 747520 (0.03%)
[15.516s][debug][gc,ergo        ] GC(72) Running G1 Clear Card Table Task using 1 workers for 1 units of work for 179 regions.
[15.516s][debug][gc,ref         ] GC(72) Skipped phase1 of Reference Processing due to unavailable references
[15.516s][debug][gc,ref         ] GC(72) Skipped phase2 of Reference Processing due to unavailable references
[15.516s][debug][gc,ref         ] GC(72) Skipped phase3 of Reference Processing due to unavailable references
[15.516s][debug][gc,ref         ] GC(72) Skipped phase4 of Reference Processing due to unavailable references
[15.516s][debug][gc,ergo        ] GC(72) Running G1 Free Collection Set using 8 workers for collection set length 178 (298)
[15.516s][debug][gc,ergo        ] GC(72) Running G1 Rebuild Free List Task using 8 workers for rebuilding free list of 0 (4096) regions
[15.516s][trace][gc,age         ] GC(72) Age table with threshold 15 (max threshold 15)
[15.516s][trace][gc,age         ] GC(72) - age   1:        544 bytes,        544 total
[15.516s][debug][gc,plab        ] GC(72) Young PLAB allocation: allocated: 8256B, wasted: 0B, unused: 7712B, used: 544B, undo waste: 0B, 
[15.516s][debug][gc,plab        ] GC(72) Young other allocation: region end waste: 0B, regions filled: 1, direct allocated: 0B, failure used: 0B, failure wasted: 0B
[15.516s][debug][gc,plab        ] GC(72) Young sizing: calculated: 104B, actual: 2064B
[15.516s][debug][gc,plab        ] GC(72) Old PLAB allocation: allocated: 0B, wasted: 0B, unused: 0B, used: 0B, undo waste: 0B, 
[15.516s][debug][gc,plab        ] GC(72) Old other allocation: region end waste: 0B, regions filled: 1, direct allocated: 0B, failure used: 0B, failure wasted: 0B
[15.516s][debug][gc,plab        ] GC(72) Old sizing: calculated: 0B, actual: 2064B
[15.516s][debug][gc,ihop        ] GC(72) Basic information (value update), threshold: 140614041B (45.00), target occupancy: 312475648B, current occupancy: 4543024B, recent allocation size: 0B, recent allocation duration: 167.12ms, recent old gen allocation rate: 0.00B/s, recent marking phase length: 0.00ms
[15.516s][debug][gc,ihop        ] GC(72) Adaptive IHOP information (value update), threshold: 140614041B (47.37), internal target occupancy: 296851865B, occupancy: 4543024B, additional buffer size: 186646528B, predicted old gen allocation rate: 23089.61B/s, predicted marking phase length: 0.00ms, prediction active: false
[15.516s][debug][gc,ergo,refine ] GC(72) Concurrent refinement times: Logged Cards Scan time goal: 20.00ms Logged Cards Scan time: 0.00ms HCC time: 0.00ms
[15.516s][debug][gc,ergo,refine ] GC(72) Updated Refinement Zones: green: 2048, yellow: 6144, red: 10240
[15.516s][info ][gc,phases      ] GC(72)   Pre Evacuate Collection Set: 0.1ms
[15.516s][debug][gc,phases      ] GC(72)     Prepare TLABs: 0.0ms
[15.516s][debug][gc,phases      ] GC(72)     Choose Collection Set: 0.0ms
[15.516s][debug][gc,phases      ] GC(72)     Region Register: 0.1ms
[15.516s][debug][gc,phases      ] GC(72)     Prepare Heap Roots: 0.0ms
[15.516s][info ][gc,phases      ] GC(72)   Merge Heap Roots: 0.1ms
[15.516s][debug][gc,phases      ] GC(72)     Prepare Merge Heap Roots: 0.0ms
[15.516s][debug][gc,phases      ] GC(72)     Eager Reclaim (ms):       skipped
[15.516s][debug][gc,phases      ] GC(72)     Remembered Sets (ms):     Min:  0.0, Avg:  0.0, Max:  0.0, Diff:  0.0, Sum:  0.0, Workers: 8
[15.516s][debug][gc,phases      ] GC(72)       Merged Sparse:            Min: 0, Avg:  0.0, Max: 0, Diff: 0, Sum: 0, Workers: 8
[15.516s][debug][gc,phases      ] GC(72)       Merged Fine:              Min: 0, Avg:  0.0, Max: 0, Diff: 0, Sum: 0, Workers: 8
[15.516s][debug][gc,phases      ] GC(72)       Merged Coarse:            Min: 0, Avg:  0.0, Max: 0, Diff: 0, Sum: 0, Workers: 8
[15.516s][debug][gc,phases      ] GC(72)       Dirty Cards:              Min: 0, Avg:  0.0, Max: 0, Diff: 0, Sum: 0, Workers: 8
[15.516s][debug][gc,phases      ] GC(72)     Hot Card Cache (ms):      Min:  0.0, Avg:  0.0, Max:  0.0, Diff:  0.0, Sum:  0.0, Workers: 8
[15.516s][debug][gc,phases      ] GC(72)       Dirty Cards:              Min: 0, Avg:  0.0, Max: 0, Diff: 0, Sum: 0, Workers: 8
[15.516s][debug][gc,phases      ] GC(72)       Skipped Cards:            Min: 0, Avg:  0.0, Max: 0, Diff: 0, Sum: 0, Workers: 8
[15.516s][debug][gc,phases      ] GC(72)     Log Buffers (ms):         Min:  0.0, Avg:  0.0, Max:  0.0, Diff:  0.0, Sum:  0.0, Workers: 8
[15.516s][debug][gc,phases      ] GC(72)       Dirty Cards:              Min: 0, Avg:  0.1, Max: 1, Diff: 1, Sum: 1, Workers: 8
[15.516s][debug][gc,phases      ] GC(72)       Skipped Cards:            Min: 0, Avg:  0.0, Max: 0, Diff: 0, Sum: 0, Workers: 8
[15.516s][info ][gc,phases      ] GC(72)   Evacuate Collection Set: 0.1ms
[15.516s][debug][gc,phases      ] GC(72)     Ext Root Scanning (ms):   Min:  0.0, Avg:  0.0, Max:  0.1, Diff:  0.1, Sum:  0.2, Workers: 8
[15.516s][debug][gc,phases      ] GC(72)     Scan Heap Roots (ms):     Min:  0.0, Avg:  0.0, Max:  0.0, Diff:  0.0, Sum:  0.0, Workers: 8
[15.516s][debug][gc,phases      ] GC(72)       Scanned Cards:            Min: 0, Avg:  0.1, Max: 1, Diff: 1, Sum: 1, Workers: 8
[15.516s][debug][gc,phases      ] GC(72)       Scanned Blocks:           Min: 0, Avg:  0.1, Max: 1, Diff: 1, Sum: 1, Workers: 8
[15.516s][debug][gc,phases      ] GC(72)       Claimed Chunks:           Min: 0, Avg:  0.1, Max: 1, Diff: 1, Sum: 1, Workers: 8
[15.516s][debug][gc,phases      ] GC(72)     Code Root Scan (ms):      Min:  0.0, Avg:  0.0, Max:  0.0, Diff:  0.0, Sum:  0.0, Workers: 8
[15.516s][debug][gc,phases      ] GC(72)     Object Copy (ms):         Min:  0.0, Avg:  0.0, Max:  0.0, Diff:  0.0, Sum:  0.0, Workers: 8
[15.517s][debug][gc,phases      ] GC(72)     Termination (ms):         Min:  0.0, Avg:  0.0, Max:  0.0, Diff:  0.0, Sum:  0.3, Workers: 8
[15.517s][debug][gc,phases      ] GC(72)       Termination Attempts:     Min: 1, Avg:  1.0, Max: 1, Diff: 0, Sum: 8, Workers: 8
[15.517s][debug][gc,phases      ] GC(72)     GC Worker Other (ms):     Min:  0.0, Avg:  0.0, Max:  0.0, Diff:  0.0, Sum:  0.1, Workers: 8
[15.517s][debug][gc,phases      ] GC(72)     GC Worker Total (ms):     Min:  0.1, Avg:  0.1, Max:  0.1, Diff:  0.1, Sum:  0.7, Workers: 8
[15.517s][info ][gc,phases      ] GC(72)   Post Evacuate Collection Set: 0.3ms
[15.517s][debug][gc,phases      ] GC(72)     Code Roots Fixup: 0.0ms
[15.517s][debug][gc,phases      ] GC(72)     Clear Card Table: 0.1ms
[15.517s][debug][gc,phases      ] GC(72)     Reference Processing: 0.0ms
[15.517s][debug][gc,phases,ref  ] GC(72)       Reconsider SoftReferences: 0.0ms
[15.517s][debug][gc,phases,ref  ] GC(72)         SoftRef (ms):             skipped
[15.517s][debug][gc,phases,ref  ] GC(72)       Notify Soft/WeakReferences: 0.0ms
[15.517s][debug][gc,phases,ref  ] GC(72)         SoftRef (ms):             skipped
[15.517s][debug][gc,phases,ref  ] GC(72)         WeakRef (ms):             skipped
[15.517s][debug][gc,phases,ref  ] GC(72)         FinalRef (ms):            skipped
[15.517s][debug][gc,phases,ref  ] GC(72)         Total (ms):               skipped
[15.517s][debug][gc,phases,ref  ] GC(72)       Notify and keep alive finalizable: 0.0ms
[15.517s][debug][gc,phases,ref  ] GC(72)         FinalRef (ms):            skipped
[15.517s][debug][gc,phases,ref  ] GC(72)       Notify PhantomReferences: 0.0ms
[15.517s][debug][gc,phases,ref  ] GC(72)         PhantomRef (ms):          skipped
[15.517s][debug][gc,phases,ref  ] GC(72)       SoftReference:
[15.517s][debug][gc,phases,ref  ] GC(72)         Discovered: 0
[15.517s][debug][gc,phases,ref  ] GC(72)         Cleared: 0
[15.517s][debug][gc,phases,ref  ] GC(72)       WeakReference:
[15.517s][debug][gc,phases,ref  ] GC(72)         Discovered: 0
[15.517s][debug][gc,phases,ref  ] GC(72)         Cleared: 0
[15.517s][debug][gc,phases,ref  ] GC(72)       FinalReference:
[15.517s][debug][gc,phases,ref  ] GC(72)         Discovered: 0
[15.517s][debug][gc,phases,ref  ] GC(72)         Cleared: 0
[15.517s][debug][gc,phases,ref  ] GC(72)       PhantomReference:
[15.517s][debug][gc,phases,ref  ] GC(72)         Discovered: 0
[15.517s][debug][gc,phases,ref  ] GC(72)         Cleared: 0
[15.517s][debug][gc,phases      ] GC(72)     Weak Processing: 0.0ms
[15.517s][debug][gc,phases      ] GC(72)       JVMTI weak processing: 0.0ms
[15.517s][debug][gc,phases      ] GC(72)         Dead: 0
[15.517s][debug][gc,phases      ] GC(72)         Total: 0
[15.517s][debug][gc,phases      ] GC(72)       JFR weak processing: 0.0ms
[15.517s][debug][gc,phases      ] GC(72)         Dead: 0
[15.517s][debug][gc,phases      ] GC(72)         Total: 0
[15.517s][debug][gc,phases      ] GC(72)       JNI weak                  Min:  0.0, Avg:  0.0, Max:  0.0, Diff:  0.0, Sum:  0.0, Workers: 5
[15.517s][debug][gc,phases      ] GC(72)         Dead                      Min: 0, Avg:  0.0, Max: 0, Diff: 0, Sum: 0, Workers: 5
[15.517s][debug][gc,phases      ] GC(72)         Total                     Min: 0, Avg: 13.4, Max: 52, Diff: 52, Sum: 67, Workers: 5
[15.517s][debug][gc,phases      ] GC(72)       VM weak                   Min:  0.0, Avg:  0.0, Max:  0.0, Diff:  0.0, Sum:  0.0, Workers: 5
[15.517s][debug][gc,phases      ] GC(72)         Dead                      Min: 0, Avg:  0.0, Max: 0, Diff: 0, Sum: 0, Workers: 5
[15.517s][debug][gc,phases      ] GC(72)         Total                     Min: 0, Avg: 47.6, Max: 110, Diff: 110, Sum: 238, Workers: 5
[15.517s][debug][gc,phases      ] GC(72)       StringTable weak          Min:  0.0, Avg:  0.0, Max:  0.0, Diff:  0.0, Sum:  0.0, Workers: 5
[15.517s][debug][gc,phases      ] GC(72)         Dead                      Min: 0, Avg:  0.0, Max: 0, Diff: 0, Sum: 0, Workers: 5
[15.517s][debug][gc,phases      ] GC(72)         Total                     Min: 0, Avg: 728.6, Max: 1533, Diff: 1533, Sum: 3643, Workers: 5
[15.517s][debug][gc,phases      ] GC(72)       ResolvedMethodTable weak  Min:  0.0, Avg:  0.0, Max:  0.0, Diff:  0.0, Sum:  0.0, Workers: 5
[15.517s][debug][gc,phases      ] GC(72)         Dead                      Min: 0, Avg:  0.0, Max: 0, Diff: 0, Sum: 0, Workers: 5
[15.517s][debug][gc,phases      ] GC(72)         Total                     Min: 0, Avg: 123.4, Max: 256, Diff: 256, Sum: 617, Workers: 5
[15.517s][debug][gc,phases      ] GC(72)     Merge Per-Thread State: 0.0ms
[15.517s][debug][gc,phases      ] GC(72)       Copied Bytes              Min: 0, Avg: 68.0, Max: 208, Diff: 208, Sum: 544, Workers: 8
[15.517s][debug][gc,phases      ] GC(72)       LAB Waste                 Min: 0, Avg:  0.0, Max: 0, Diff: 0, Sum: 0, Workers: 8
[15.517s][debug][gc,phases      ] GC(72)       LAB Undo Waste            Min: 0, Avg:  0.0, Max: 0, Diff: 0, Sum: 0, Workers: 8
[15.517s][debug][gc,phases      ] GC(72)     Code Roots Purge: 0.0ms
[15.517s][debug][gc,phases      ] GC(72)     Redirty Cards: 0.0ms
[15.517s][debug][gc,phases      ] GC(72)     DerivedPointerTable Update: 0.0ms
[15.517s][debug][gc,phases      ] GC(72)     Free Collection Set: 0.1ms
[15.517s][debug][gc,phases      ] GC(72)     Rebuild Free List: 0.0ms
[15.517s][debug][gc,phases      ] GC(72)     Humongous Reclaim: 0.0ms
[15.517s][debug][gc,phases      ] GC(72)     Start New Collection Set: 0.0ms
[15.517s][debug][gc,phases      ] GC(72)     Resize TLABs: 0.0ms
[15.517s][debug][gc,phases      ] GC(72)     Expand Heap After Collection: 0.0ms
[15.517s][info ][gc,phases      ] GC(72)   Other: 0.2ms
[15.517s][info ][gc,heap        ] GC(72) Eden regions: 177->0(177)
[15.517s][info ][gc,heap        ] GC(72) Survivor regions: 1->1(23)
[15.517s][info ][gc,heap        ] GC(72) Old regions: 7->7
[15.517s][info ][gc,heap        ] GC(72) Archive regions: 2->2
[15.517s][info ][gc,heap        ] GC(72) Humongous regions: 0->0
[15.517s][info ][gc,metaspace   ] GC(72) Metaspace: 10703K(11136K)->10703K(11136K) NonClass: 9440K(9728K)->9440K(9728K) Class: 1263K(1408K)->1263K(1408K)
[15.517s][debug][gc,heap        ] GC(72) Heap after GC invocations=73 (full 1): garbage-first heap   total 305152K, used 4436K [0x0000000700000000, 0x0000000800000000)
[15.517s][debug][gc,heap        ] GC(72)   region size 1024K, 1 young (1024K), 1 survivors (1024K)
[15.517s][debug][gc,heap        ] GC(72)  Metaspace       used 10703K, capacity 10992K, committed 11136K, reserved 1058816K
[15.517s][debug][gc,heap        ] GC(72)   class space    used 1263K, capacity 1389K, committed 1408K, reserved 1048576K
[15.517s][info ][gc             ] GC(72) Pause Young (Normal) (G1 Evacuation Pause) 181M->4M(298M) 1.339ms
[15.517s][info ][gc,cpu         ] GC(72) User=0.01s Sys=0.01s Real=0.00s
[15.517s][info ][safepoint      ] Safepoint "G1CollectForAllocation", Time since last: 166192976 ns, Reaching safepoint: 108197 ns, At safepoint: 1498633 ns, Total: 1606830 ns
[15.671s][debug][gc,heap        ] GC(73) Heap before GC invocations=73 (full 1): garbage-first heap   total 305152K, used 185684K [0x0000000700000000, 0x0000000800000000)
[15.671s][debug][gc,heap        ] GC(73)   region size 1024K, 178 young (182272K), 1 survivors (1024K)
[15.671s][debug][gc,heap        ] GC(73)  Metaspace       used 10703K, capacity 10992K, committed 11136K, reserved 1058816K
[15.671s][debug][gc,heap        ] GC(73)   class space    used 1263K, capacity 1389K, committed 1408K, reserved 1048576K
[15.671s][info ][gc,start       ] GC(73) Pause Young (Normal) (G1 Evacuation Pause)
[15.671s][info ][gc,task        ] GC(73) Using 8 workers of 8 for evacuation
[15.671s][debug][gc,tlab        ] GC(73) TLAB totals: thrds: 8  refills: 711 max: 98 slow allocs: 0 max 0 waste:  1.1% gc: 1680704B max: 430160B slow: 411200B max: 56712B fast: 0B max: 0B
[15.671s][debug][gc,age         ] GC(73) Desired survivor size 12058624 bytes, new threshold 15 (max threshold 15)
[15.671s][debug][gc,alloc,region] GC(73) Mutator Allocation stats, regions: 177, wasted size: 0B ( 0.0%)
[15.671s][debug][gc,ergo        ] GC(73) Running G1 Merge Heap Roots using 8 workers for 178 regions
[15.671s][debug][gc,remset      ] GC(73) Visited cards 256 Total dirty 2048 (12.50%) Total old 747520 (0.03%)
[15.671s][debug][gc,ergo        ] GC(73) Running G1 Clear Card Table Task using 1 workers for 1 units of work for 179 regions.
[15.672s][debug][gc,ref         ] GC(73) Skipped phase1 of Reference Processing due to unavailable references
[15.672s][debug][gc,ref         ] GC(73) Skipped phase2 of Reference Processing due to unavailable references
[15.672s][debug][gc,ref         ] GC(73) Skipped phase3 of Reference Processing due to unavailable references
[15.672s][debug][gc,ref         ] GC(73) Skipped phase4 of Reference Processing due to unavailable references
[15.672s][debug][gc,ergo        ] GC(73) Running G1 Free Collection Set using 8 workers for collection set length 178 (298)
[15.672s][debug][gc,ergo        ] GC(73) Running G1 Rebuild Free List Task using 8 workers for rebuilding free list of 0 (4096) regions
[15.672s][trace][gc,age         ] GC(73) Age table with threshold 15 (max threshold 15)
[15.672s][trace][gc,age         ] GC(73) - age   1:        280 bytes,        280 total
[15.672s][debug][gc,plab        ] GC(73) Young PLAB allocation: allocated: 10320B, wasted: 0B, unused: 10040B, used: 280B, undo waste: 0B, 
[15.672s][debug][gc,plab        ] GC(73) Young other allocation: region end waste: 0B, regions filled: 1, direct allocated: 0B, failure used: 0B, failure wasted: 0B
[15.672s][debug][gc,plab        ] GC(73) Young sizing: calculated: 56B, actual: 2064B
[15.672s][debug][gc,plab        ] GC(73) Old PLAB allocation: allocated: 0B, wasted: 0B, unused: 0B, used: 0B, undo waste: 0B, 
[15.672s][debug][gc,plab        ] GC(73) Old other allocation: region end waste: 0B, regions filled: 1, direct allocated: 0B, failure used: 0B, failure wasted: 0B
[15.672s][debug][gc,plab        ] GC(73) Old sizing: calculated: 0B, actual: 2064B
[15.672s][debug][gc,ihop        ] GC(73) Basic information (value update), threshold: 140614041B (45.00), target occupancy: 312475648B, current occupancy: 4545088B, recent allocation size: 0B, recent allocation duration: 154.75ms, recent old gen allocation rate: 0.00B/s, recent marking phase length: 0.00ms
[15.672s][debug][gc,ihop        ] GC(73) Adaptive IHOP information (value update), threshold: 140614041B (47.37), internal target occupancy: 296851865B, occupancy: 4545088B, additional buffer size: 186646528B, predicted old gen allocation rate: 22384.92B/s, predicted marking phase length: 0.00ms, prediction active: false
[15.672s][debug][gc,ergo,refine ] GC(73) Concurrent refinement times: Logged Cards Scan time goal: 20.00ms Logged Cards Scan time: 0.00ms HCC time: 0.00ms
[15.672s][debug][gc,ergo,refine ] GC(73) Updated Refinement Zones: green: 2048, yellow: 6144, red: 10240
[15.672s][info ][gc,phases      ] GC(73)   Pre Evacuate Collection Set: 0.1ms
[15.672s][debug][gc,phases      ] GC(73)     Prepare TLABs: 0.0ms
[15.672s][debug][gc,phases      ] GC(73)     Choose Collection Set: 0.0ms
[15.672s][debug][gc,phases      ] GC(73)     Region Register: 0.1ms
[15.672s][debug][gc,phases      ] GC(73)     Prepare Heap Roots: 0.0ms
[15.672s][info ][gc,phases      ] GC(73)   Merge Heap Roots: 0.1ms
[15.672s][debug][gc,phases      ] GC(73)     Prepare Merge Heap Roots: 0.0ms
[15.672s][debug][gc,phases      ] GC(73)     Eager Reclaim (ms):       skipped
[15.672s][debug][gc,phases      ] GC(73)     Remembered Sets (ms):     Min:  0.0, Avg:  0.0, Max:  0.0, Diff:  0.0, Sum:  0.1, Workers: 8
[15.672s][debug][gc,phases      ] GC(73)       Merged Sparse:            Min: 0, Avg:  0.0, Max: 0, Diff: 0, Sum: 0, Workers: 8
[15.672s][debug][gc,phases      ] GC(73)       Merged Fine:              Min: 0, Avg:  0.0, Max: 0, Diff: 0, Sum: 0, Workers: 8
[15.672s][debug][gc,phases      ] GC(73)       Merged Coarse:            Min: 0, Avg:  0.0, Max: 0, Diff: 0, Sum: 0, Workers: 8
[15.672s][debug][gc,phases      ] GC(73)       Dirty Cards:              Min: 0, Avg:  0.0, Max: 0, Diff: 0, Sum: 0, Workers: 8
[15.672s][debug][gc,phases      ] GC(73)     Hot Card Cache (ms):      Min:  0.0, Avg:  0.0, Max:  0.0, Diff:  0.0, Sum:  0.0, Workers: 8
[15.672s][debug][gc,phases      ] GC(73)       Dirty Cards:              Min: 0, Avg:  0.0, Max: 0, Diff: 0, Sum: 0, Workers: 8
[15.672s][debug][gc,phases      ] GC(73)       Skipped Cards:            Min: 0, Avg:  0.0, Max: 0, Diff: 0, Sum: 0, Workers: 8
[15.672s][debug][gc,phases      ] GC(73)     Log Buffers (ms):         Min:  0.0, Avg:  0.0, Max:  0.0, Diff:  0.0, Sum:  0.0, Workers: 8
[15.672s][debug][gc,phases      ] GC(73)       Dirty Cards:              Min: 0, Avg:  0.1, Max: 1, Diff: 1, Sum: 1, Workers: 8
[15.672s][debug][gc,phases      ] GC(73)       Skipped Cards:            Min: 0, Avg:  0.0, Max: 0, Diff: 0, Sum: 0, Workers: 8
[15.672s][info ][gc,phases      ] GC(73)   Evacuate Collection Set: 0.1ms
[15.672s][debug][gc,phases      ] GC(73)     Ext Root Scanning (ms):   Min:  0.0, Avg:  0.0, Max:  0.1, Diff:  0.0, Sum:  0.2, Workers: 8
[15.672s][debug][gc,phases      ] GC(73)     Scan Heap Roots (ms):     Min:  0.0, Avg:  0.0, Max:  0.0, Diff:  0.0, Sum:  0.0, Workers: 8
[15.672s][debug][gc,phases      ] GC(73)       Scanned Cards:            Min: 0, Avg:  0.1, Max: 1, Diff: 1, Sum: 1, Workers: 8
[15.672s][debug][gc,phases      ] GC(73)       Scanned Blocks:           Min: 0, Avg:  0.1, Max: 1, Diff: 1, Sum: 1, Workers: 8
[15.672s][debug][gc,phases      ] GC(73)       Claimed Chunks:           Min: 0, Avg:  0.1, Max: 1, Diff: 1, Sum: 1, Workers: 8
[15.672s][debug][gc,phases      ] GC(73)     Code Root Scan (ms):      Min:  0.0, Avg:  0.0, Max:  0.0, Diff:  0.0, Sum:  0.0, Workers: 8
[15.672s][debug][gc,phases      ] GC(73)     Object Copy (ms):         Min:  0.0, Avg:  0.0, Max:  0.0, Diff:  0.0, Sum:  0.0, Workers: 8
[15.672s][debug][gc,phases      ] GC(73)     Termination (ms):         Min:  0.0, Avg:  0.1, Max:  0.1, Diff:  0.0, Sum:  0.4, Workers: 8
[15.672s][debug][gc,phases      ] GC(73)       Termination Attempts:     Min: 1, Avg:  1.0, Max: 1, Diff: 0, Sum: 8, Workers: 8
[15.672s][debug][gc,phases      ] GC(73)     GC Worker Other (ms):     Min:  0.0, Avg:  0.0, Max:  0.0, Diff:  0.0, Sum:  0.1, Workers: 8
[15.672s][debug][gc,phases      ] GC(73)     GC Worker Total (ms):     Min:  0.1, Avg:  0.1, Max:  0.1, Diff:  0.1, Sum:  0.8, Workers: 8
[15.672s][info ][gc,phases      ] GC(73)   Post Evacuate Collection Set: 0.4ms
[15.672s][debug][gc,phases      ] GC(73)     Code Roots Fixup: 0.0ms
[15.672s][debug][gc,phases      ] GC(73)     Clear Card Table: 0.1ms
[15.672s][debug][gc,phases      ] GC(73)     Reference Processing: 0.0ms
[15.672s][debug][gc,phases,ref  ] GC(73)       Reconsider SoftReferences: 0.0ms
[15.672s][debug][gc,phases,ref  ] GC(73)         SoftRef (ms):             skipped
[15.672s][debug][gc,phases,ref  ] GC(73)       Notify Soft/WeakReferences: 0.0ms
[15.672s][debug][gc,phases,ref  ] GC(73)         SoftRef (ms):             skipped
[15.672s][debug][gc,phases,ref  ] GC(73)         WeakRef (ms):             skipped
[15.672s][debug][gc,phases,ref  ] GC(73)         FinalRef (ms):            skipped
[15.672s][debug][gc,phases,ref  ] GC(73)         Total (ms):               skipped
[15.672s][debug][gc,phases,ref  ] GC(73)       Notify and keep alive finalizable: 0.0ms
[15.672s][debug][gc,phases,ref  ] GC(73)         FinalRef (ms):            skipped
[15.672s][debug][gc,phases,ref  ] GC(73)       Notify PhantomReferences: 0.0ms
[15.672s][debug][gc,phases,ref  ] GC(73)         PhantomRef (ms):          skipped
[15.672s][debug][gc,phases,ref  ] GC(73)       SoftReference:
[15.672s][debug][gc,phases,ref  ] GC(73)         Discovered: 0
[15.672s][debug][gc,phases,ref  ] GC(73)         Cleared: 0
[15.672s][debug][gc,phases,ref  ] GC(73)       WeakReference:
[15.672s][debug][gc,phases,ref  ] GC(73)         Discovered: 0
[15.672s][debug][gc,phases,ref  ] GC(73)         Cleared: 0
[15.672s][debug][gc,phases,ref  ] GC(73)       FinalReference:
[15.672s][debug][gc,phases,ref  ] GC(73)         Discovered: 0
[15.672s][debug][gc,phases,ref  ] GC(73)         Cleared: 0
[15.672s][debug][gc,phases,ref  ] GC(73)       PhantomReference:
[15.672s][debug][gc,phases,ref  ] GC(73)         Discovered: 0
[15.672s][debug][gc,phases,ref  ] GC(73)         Cleared: 0
[15.672s][debug][gc,phases      ] GC(73)     Weak Processing: 0.1ms
[15.672s][debug][gc,phases      ] GC(73)       JVMTI weak processing: 0.0ms
[15.672s][debug][gc,phases      ] GC(73)         Dead: 0
[15.672s][debug][gc,phases      ] GC(73)         Total: 0
[15.672s][debug][gc,phases      ] GC(73)       JFR weak processing: 0.0ms
[15.672s][debug][gc,phases      ] GC(73)         Dead: 0
[15.672s][debug][gc,phases      ] GC(73)         Total: 0
[15.672s][debug][gc,phases      ] GC(73)       JNI weak                  Min:  0.0, Avg:  0.0, Max:  0.0, Diff:  0.0, Sum:  0.1, Workers: 5
[15.672s][debug][gc,phases      ] GC(73)         Dead                      Min: 0, Avg:  0.0, Max: 0, Diff: 0, Sum: 0, Workers: 5
[15.672s][debug][gc,phases      ] GC(73)         Total                     Min: 0, Avg: 13.4, Max: 67, Diff: 67, Sum: 67, Workers: 5
[15.672s][debug][gc,phases      ] GC(73)       VM weak                   Min:  0.0, Avg:  0.0, Max:  0.0, Diff:  0.0, Sum:  0.0, Workers: 5
[15.672s][debug][gc,phases      ] GC(73)         Dead                      Min: 0, Avg:  0.0, Max: 0, Diff: 0, Sum: 0, Workers: 5
[15.672s][debug][gc,phases      ] GC(73)         Total                     Min: 0, Avg: 47.6, Max: 238, Diff: 238, Sum: 238, Workers: 5
[15.672s][debug][gc,phases      ] GC(73)       StringTable weak          Min:  0.0, Avg:  0.0, Max:  0.1, Diff:  0.1, Sum:  0.1, Workers: 5
[15.672s][debug][gc,phases      ] GC(73)         Dead                      Min: 0, Avg:  0.0, Max: 0, Diff: 0, Sum: 0, Workers: 5
[15.672s][debug][gc,phases      ] GC(73)         Total                     Min: 0, Avg: 728.6, Max: 3006, Diff: 3006, Sum: 3643, Workers: 5
[15.672s][debug][gc,phases      ] GC(73)       ResolvedMethodTable weak  Min:  0.0, Avg:  0.0, Max:  0.0, Diff:  0.0, Sum:  0.0, Workers: 5
[15.672s][debug][gc,phases      ] GC(73)         Dead                      Min: 0, Avg:  0.0, Max: 0, Diff: 0, Sum: 0, Workers: 5
[15.672s][debug][gc,phases      ] GC(73)         Total                     Min: 0, Avg: 123.4, Max: 192, Diff: 192, Sum: 617, Workers: 5
[15.672s][debug][gc,phases      ] GC(73)     Merge Per-Thread State: 0.0ms
[15.672s][debug][gc,phases      ] GC(73)       Copied Bytes              Min: 0, Avg: 35.0, Max: 104, Diff: 104, Sum: 280, Workers: 8
[15.672s][debug][gc,phases      ] GC(73)       LAB Waste                 Min: 0, Avg:  0.0, Max: 0, Diff: 0, Sum: 0, Workers: 8
[15.672s][debug][gc,phases      ] GC(73)       LAB Undo Waste            Min: 0, Avg:  0.0, Max: 0, Diff: 0, Sum: 0, Workers: 8
[15.672s][debug][gc,phases      ] GC(73)     Code Roots Purge: 0.0ms
[15.672s][debug][gc,phases      ] GC(73)     Redirty Cards: 0.0ms
[15.672s][debug][gc,phases      ] GC(73)     DerivedPointerTable Update: 0.0ms
[15.672s][debug][gc,phases      ] GC(73)     Free Collection Set: 0.1ms
[15.672s][debug][gc,phases      ] GC(73)     Rebuild Free List: 0.0ms
[15.672s][debug][gc,phases      ] GC(73)     Humongous Reclaim: 0.0ms
[15.672s][debug][gc,phases      ] GC(73)     Start New Collection Set: 0.0ms
[15.672s][debug][gc,phases      ] GC(73)     Resize TLABs: 0.0ms
[15.672s][debug][gc,phases      ] GC(73)     Expand Heap After Collection: 0.0ms
[15.673s][info ][gc,phases      ] GC(73)   Other: 0.3ms
[15.673s][info ][gc,heap        ] GC(73) Eden regions: 177->0(177)
[15.673s][info ][gc,heap        ] GC(73) Survivor regions: 1->1(23)
[15.673s][info ][gc,heap        ] GC(73) Old regions: 7->7
[15.673s][info ][gc,heap        ] GC(73) Archive regions: 2->2
[15.673s][info ][gc,heap        ] GC(73) Humongous regions: 0->0
[15.673s][info ][gc,metaspace   ] GC(73) Metaspace: 10703K(11136K)->10703K(11136K) NonClass: 9440K(9728K)->9440K(9728K) Class: 1263K(1408K)->1263K(1408K)
[15.673s][debug][gc,heap        ] GC(73) Heap after GC invocations=74 (full 1): garbage-first heap   total 305152K, used 4438K [0x0000000700000000, 0x0000000800000000)
[15.673s][debug][gc,heap        ] GC(73)   region size 1024K, 1 young (1024K), 1 survivors (1024K)
[15.673s][debug][gc,heap        ] GC(73)  Metaspace       used 10703K, capacity 10992K, committed 11136K, reserved 1058816K
[15.673s][debug][gc,heap        ] GC(73)   class space    used 1263K, capacity 1389K, committed 1408K, reserved 1048576K
[15.673s][info ][gc             ] GC(73) Pause Young (Normal) (G1 Evacuation Pause) 181M->4M(298M) 1.561ms
[15.673s][info ][gc,cpu         ] GC(73) User=0.00s Sys=0.00s Real=0.00s
[15.673s][info ][safepoint      ] Safepoint "G1CollectForAllocation", Time since last: 153716107 ns, Reaching safepoint: 192117 ns, At safepoint: 1743949 ns, Total: 1936066 ns
[15.839s][debug][gc,heap        ] GC(74) Heap before GC invocations=74 (full 1): garbage-first heap   total 305152K, used 185686K [0x0000000700000000, 0x0000000800000000)
[15.839s][debug][gc,heap        ] GC(74)   region size 1024K, 178 young (182272K), 1 survivors (1024K)
[15.839s][debug][gc,heap        ] GC(74)  Metaspace       used 10703K, capacity 10992K, committed 11136K, reserved 1058816K
[15.839s][debug][gc,heap        ] GC(74)   class space    used 1263K, capacity 1389K, committed 1408K, reserved 1048576K
[15.839s][info ][gc,start       ] GC(74) Pause Young (Normal) (G1 Evacuation Pause)
[15.839s][info ][gc,task        ] GC(74) Using 8 workers of 8 for evacuation
[15.839s][debug][gc,tlab        ] GC(74) TLAB totals: thrds: 8  refills: 711 max: 95 slow allocs: 0 max 0 waste:  1.2% gc: 1826880B max: 445376B slow: 411416B max: 54840B fast: 0B max: 0B
[15.839s][debug][gc,age         ] GC(74) Desired survivor size 12058624 bytes, new threshold 15 (max threshold 15)
[15.839s][debug][gc,alloc,region] GC(74) Mutator Allocation stats, regions: 177, wasted size: 0B ( 0.0%)
[15.839s][debug][gc,ergo        ] GC(74) Running G1 Merge Heap Roots using 8 workers for 178 regions
[15.839s][debug][gc,remset      ] GC(74) Visited cards 256 Total dirty 2048 (12.50%) Total old 747520 (0.03%)
[15.840s][debug][gc,ergo        ] GC(74) Running G1 Clear Card Table Task using 1 workers for 1 units of work for 179 regions.
[15.840s][debug][gc,ref         ] GC(74) Skipped phase1 of Reference Processing due to unavailable references
[15.840s][debug][gc,ref         ] GC(74) Skipped phase2 of Reference Processing due to unavailable references
[15.840s][debug][gc,ref         ] GC(74) Skipped phase3 of Reference Processing due to unavailable references
[15.840s][debug][gc,ref         ] GC(74) Skipped phase4 of Reference Processing due to unavailable references
[15.840s][debug][gc,ergo        ] GC(74) Running G1 Free Collection Set using 8 workers for collection set length 178 (298)
[15.840s][debug][gc,ergo        ] GC(74) Running G1 Rebuild Free List Task using 8 workers for rebuilding free list of 0 (4096) regions
[15.840s][trace][gc,age         ] GC(74) Age table with threshold 15 (max threshold 15)
[15.840s][trace][gc,age         ] GC(74) - age   1:        360 bytes,        360 total
[15.840s][debug][gc,plab        ] GC(74) Young PLAB allocation: allocated: 6192B, wasted: 0B, unused: 5832B, used: 360B, undo waste: 0B, 
[15.840s][debug][gc,plab        ] GC(74) Young other allocation: region end waste: 0B, regions filled: 1, direct allocated: 0B, failure used: 0B, failure wasted: 0B
[15.840s][debug][gc,plab        ] GC(74) Young sizing: calculated: 72B, actual: 2064B
[15.840s][debug][gc,plab        ] GC(74) Old PLAB allocation: allocated: 0B, wasted: 0B, unused: 0B, used: 0B, undo waste: 0B, 
[15.840s][debug][gc,plab        ] GC(74) Old other allocation: region end waste: 0B, regions filled: 1, direct allocated: 0B, failure used: 0B, failure wasted: 0B
[15.840s][debug][gc,plab        ] GC(74) Old sizing: calculated: 0B, actual: 2064B
[15.840s][debug][gc,ihop        ] GC(74) Basic information (value update), threshold: 140614041B (45.00), target occupancy: 312475648B, current occupancy: 4540960B, recent allocation size: 0B, recent allocation duration: 167.29ms, recent old gen allocation rate: 0.00B/s, recent marking phase length: 0.00ms
[15.840s][debug][gc,ihop        ] GC(74) Adaptive IHOP information (value update), threshold: 140614041B (47.37), internal target occupancy: 296851865B, occupancy: 4540960B, additional buffer size: 186646528B, predicted old gen allocation rate: 21703.85B/s, predicted marking phase length: 0.00ms, prediction active: false
[15.840s][debug][gc,ergo,refine ] GC(74) Concurrent refinement times: Logged Cards Scan time goal: 20.00ms Logged Cards Scan time: 0.00ms HCC time: 0.00ms
[15.840s][debug][gc,ergo,refine ] GC(74) Updated Refinement Zones: green: 2048, yellow: 6144, red: 10240
[15.840s][info ][gc,phases      ] GC(74)   Pre Evacuate Collection Set: 0.1ms
[15.840s][debug][gc,phases      ] GC(74)     Prepare TLABs: 0.0ms
[15.840s][debug][gc,phases      ] GC(74)     Choose Collection Set: 0.0ms
[15.840s][debug][gc,phases      ] GC(74)     Region Register: 0.1ms
[15.840s][debug][gc,phases      ] GC(74)     Prepare Heap Roots: 0.0ms
[15.840s][info ][gc,phases      ] GC(74)   Merge Heap Roots: 0.1ms
[15.840s][debug][gc,phases      ] GC(74)     Prepare Merge Heap Roots: 0.0ms
[15.840s][debug][gc,phases      ] GC(74)     Eager Reclaim (ms):       skipped
[15.840s][debug][gc,phases      ] GC(74)     Remembered Sets (ms):     Min:  0.0, Avg:  0.0, Max:  0.0, Diff:  0.0, Sum:  0.0, Workers: 8
[15.840s][debug][gc,phases      ] GC(74)       Merged Sparse:            Min: 0, Avg:  0.0, Max: 0, Diff: 0, Sum: 0, Workers: 8
[15.840s][debug][gc,phases      ] GC(74)       Merged Fine:              Min: 0, Avg:  0.0, Max: 0, Diff: 0, Sum: 0, Workers: 8
[15.840s][debug][gc,phases      ] GC(74)       Merged Coarse:            Min: 0, Avg:  0.0, Max: 0, Diff: 0, Sum: 0, Workers: 8
[15.840s][debug][gc,phases      ] GC(74)       Dirty Cards:              Min: 0, Avg:  0.0, Max: 0, Diff: 0, Sum: 0, Workers: 8
[15.840s][debug][gc,phases      ] GC(74)     Hot Card Cache (ms):      Min:  0.0, Avg:  0.0, Max:  0.0, Diff:  0.0, Sum:  0.0, Workers: 8
[15.840s][debug][gc,phases      ] GC(74)       Dirty Cards:              Min: 0, Avg:  0.0, Max: 0, Diff: 0, Sum: 0, Workers: 8
[15.840s][debug][gc,phases      ] GC(74)       Skipped Cards:            Min: 0, Avg:  0.0, Max: 0, Diff: 0, Sum: 0, Workers: 8
[15.840s][debug][gc,phases      ] GC(74)     Log Buffers (ms):         Min:  0.0, Avg:  0.0, Max:  0.0, Diff:  0.0, Sum:  0.0, Workers: 8
[15.840s][debug][gc,phases      ] GC(74)       Dirty Cards:              Min: 0, Avg:  0.1, Max: 1, Diff: 1, Sum: 1, Workers: 8
[15.840s][debug][gc,phases      ] GC(74)       Skipped Cards:            Min: 0, Avg:  0.0, Max: 0, Diff: 0, Sum: 0, Workers: 8
[15.840s][info ][gc,phases      ] GC(74)   Evacuate Collection Set: 0.1ms
[15.840s][debug][gc,phases      ] GC(74)     Ext Root Scanning (ms):   Min:  0.0, Avg:  0.0, Max:  0.1, Diff:  0.1, Sum:  0.2, Workers: 8
[15.840s][debug][gc,phases      ] GC(74)     Scan Heap Roots (ms):     Min:  0.0, Avg:  0.0, Max:  0.0, Diff:  0.0, Sum:  0.0, Workers: 8
[15.840s][debug][gc,phases      ] GC(74)       Scanned Cards:            Min: 0, Avg:  0.1, Max: 1, Diff: 1, Sum: 1, Workers: 8
[15.840s][debug][gc,phases      ] GC(74)       Scanned Blocks:           Min: 0, Avg:  0.1, Max: 1, Diff: 1, Sum: 1, Workers: 8
[15.840s][debug][gc,phases      ] GC(74)       Claimed Chunks:           Min: 0, Avg:  0.1, Max: 1, Diff: 1, Sum: 1, Workers: 8
[15.840s][debug][gc,phases      ] GC(74)     Code Root Scan (ms):      Min:  0.0, Avg:  0.0, Max:  0.0, Diff:  0.0, Sum:  0.0, Workers: 8
[15.840s][debug][gc,phases      ] GC(74)     Object Copy (ms):         Min:  0.0, Avg:  0.0, Max:  0.0, Diff:  0.0, Sum:  0.0, Workers: 8
[15.840s][debug][gc,phases      ] GC(74)     Termination (ms):         Min:  0.0, Avg:  0.0, Max:  0.1, Diff:  0.0, Sum:  0.4, Workers: 8
[15.840s][debug][gc,phases      ] GC(74)       Termination Attempts:     Min: 1, Avg:  1.0, Max: 1, Diff: 0, Sum: 8, Workers: 8
[15.840s][debug][gc,phases      ] GC(74)     GC Worker Other (ms):     Min:  0.0, Avg:  0.0, Max:  0.0, Diff:  0.0, Sum:  0.1, Workers: 8
[15.840s][debug][gc,phases      ] GC(74)     GC Worker Total (ms):     Min:  0.1, Avg:  0.1, Max:  0.1, Diff:  0.0, Sum:  0.7, Workers: 8
[15.840s][info ][gc,phases      ] GC(74)   Post Evacuate Collection Set: 0.5ms
[15.840s][debug][gc,phases      ] GC(74)     Code Roots Fixup: 0.0ms
[15.840s][debug][gc,phases      ] GC(74)     Clear Card Table: 0.1ms
[15.840s][debug][gc,phases      ] GC(74)     Reference Processing: 0.0ms
[15.840s][debug][gc,phases,ref  ] GC(74)       Reconsider SoftReferences: 0.0ms
[15.840s][debug][gc,phases,ref  ] GC(74)         SoftRef (ms):             skipped
[15.840s][debug][gc,phases,ref  ] GC(74)       Notify Soft/WeakReferences: 0.0ms
[15.840s][debug][gc,phases,ref  ] GC(74)         SoftRef (ms):             skipped
[15.840s][debug][gc,phases,ref  ] GC(74)         WeakRef (ms):             skipped
[15.840s][debug][gc,phases,ref  ] GC(74)         FinalRef (ms):            skipped
[15.840s][debug][gc,phases,ref  ] GC(74)         Total (ms):               skipped
[15.840s][debug][gc,phases,ref  ] GC(74)       Notify and keep alive finalizable: 0.0ms
[15.840s][debug][gc,phases,ref  ] GC(74)         FinalRef (ms):            skipped
[15.840s][debug][gc,phases,ref  ] GC(74)       Notify PhantomReferences: 0.0ms
[15.840s][debug][gc,phases,ref  ] GC(74)         PhantomRef (ms):          skipped
[15.840s][debug][gc,phases,ref  ] GC(74)       SoftReference:
[15.841s][debug][gc,phases,ref  ] GC(74)         Discovered: 0
[15.841s][debug][gc,phases,ref  ] GC(74)         Cleared: 0
[15.841s][debug][gc,phases,ref  ] GC(74)       WeakReference:
[15.841s][debug][gc,phases,ref  ] GC(74)         Discovered: 0
[15.841s][debug][gc,phases,ref  ] GC(74)         Cleared: 0
[15.841s][debug][gc,phases,ref  ] GC(74)       FinalReference:
[15.841s][debug][gc,phases,ref  ] GC(74)         Discovered: 0
[15.841s][debug][gc,phases,ref  ] GC(74)         Cleared: 0
[15.841s][debug][gc,phases,ref  ] GC(74)       PhantomReference:
[15.841s][debug][gc,phases,ref  ] GC(74)         Discovered: 0
[15.841s][debug][gc,phases,ref  ] GC(74)         Cleared: 0
[15.841s][debug][gc,phases      ] GC(74)     Weak Processing: 0.1ms
[15.841s][debug][gc,phases      ] GC(74)       JVMTI weak processing: 0.0ms
[15.841s][debug][gc,phases      ] GC(74)         Dead: 0
[15.841s][debug][gc,phases      ] GC(74)         Total: 0
[15.841s][debug][gc,phases      ] GC(74)       JFR weak processing: 0.0ms
[15.841s][debug][gc,phases      ] GC(74)         Dead: 0
[15.841s][debug][gc,phases      ] GC(74)         Total: 0
[15.841s][debug][gc,phases      ] GC(74)       JNI weak                  Min:  0.0, Avg:  0.0, Max:  0.0, Diff:  0.0, Sum:  0.0, Workers: 5
[15.841s][debug][gc,phases      ] GC(74)         Dead                      Min: 0, Avg:  0.0, Max: 0, Diff: 0, Sum: 0, Workers: 5
[15.841s][debug][gc,phases      ] GC(74)         Total                     Min: 0, Avg: 13.4, Max: 67, Diff: 67, Sum: 67, Workers: 5
[15.841s][debug][gc,phases      ] GC(74)       VM weak                   Min:  0.0, Avg:  0.0, Max:  0.0, Diff:  0.0, Sum:  0.0, Workers: 5
[15.841s][debug][gc,phases      ] GC(74)         Dead                      Min: 0, Avg:  0.0, Max: 0, Diff: 0, Sum: 0, Workers: 5
[15.841s][debug][gc,phases      ] GC(74)         Total                     Min: 0, Avg: 47.6, Max: 238, Diff: 238, Sum: 238, Workers: 5
[15.841s][debug][gc,phases      ] GC(74)       StringTable weak          Min:  0.0, Avg:  0.0, Max:  0.0, Diff:  0.0, Sum:  0.1, Workers: 5
[15.841s][debug][gc,phases      ] GC(74)         Dead                      Min: 0, Avg:  0.0, Max: 0, Diff: 0, Sum: 0, Workers: 5
[15.841s][debug][gc,phases      ] GC(74)         Total                     Min: 0, Avg: 728.6, Max: 1918, Diff: 1918, Sum: 3643, Workers: 5
[15.841s][debug][gc,phases      ] GC(74)       ResolvedMethodTable weak  Min:  0.0, Avg:  0.0, Max:  0.0, Diff:  0.0, Sum:  0.0, Workers: 5
[15.841s][debug][gc,phases      ] GC(74)         Dead                      Min: 0, Avg:  0.0, Max: 0, Diff: 0, Sum: 0, Workers: 5
[15.841s][debug][gc,phases      ] GC(74)         Total                     Min: 41, Avg: 123.4, Max: 192, Diff: 151, Sum: 617, Workers: 5
[15.841s][debug][gc,phases      ] GC(74)     Merge Per-Thread State: 0.0ms
[15.841s][debug][gc,phases      ] GC(74)       Copied Bytes              Min: 0, Avg: 45.0, Max: 152, Diff: 152, Sum: 360, Workers: 8
[15.841s][debug][gc,phases      ] GC(74)       LAB Waste                 Min: 0, Avg:  0.0, Max: 0, Diff: 0, Sum: 0, Workers: 8
[15.841s][debug][gc,phases      ] GC(74)       LAB Undo Waste            Min: 0, Avg:  0.0, Max: 0, Diff: 0, Sum: 0, Workers: 8
[15.841s][debug][gc,phases      ] GC(74)     Code Roots Purge: 0.0ms
[15.841s][debug][gc,phases      ] GC(74)     Redirty Cards: 0.0ms
[15.841s][debug][gc,phases      ] GC(74)     DerivedPointerTable Update: 0.0ms
[15.841s][debug][gc,phases      ] GC(74)     Free Collection Set: 0.1ms
[15.841s][debug][gc,phases      ] GC(74)     Rebuild Free List: 0.0ms
[15.841s][debug][gc,phases      ] GC(74)     Humongous Reclaim: 0.0ms
[15.841s][debug][gc,phases      ] GC(74)     Start New Collection Set: 0.0ms
[15.841s][debug][gc,phases      ] GC(74)     Resize TLABs: 0.0ms
[15.841s][debug][gc,phases      ] GC(74)     Expand Heap After Collection: 0.0ms
[15.841s][info ][gc,phases      ] GC(74)   Other: 0.3ms
[15.841s][info ][gc,heap        ] GC(74) Eden regions: 177->0(177)
[15.841s][info ][gc,heap        ] GC(74) Survivor regions: 1->1(23)
[15.841s][info ][gc,heap        ] GC(74) Old regions: 7->7
[15.841s][info ][gc,heap        ] GC(74) Archive regions: 2->2
[15.841s][info ][gc,heap        ] GC(74) Humongous regions: 0->0
[15.841s][info ][gc,metaspace   ] GC(74) Metaspace: 10703K(11136K)->10703K(11136K) NonClass: 9440K(9728K)->9440K(9728K) Class: 1263K(1408K)->1263K(1408K)
[15.841s][debug][gc,heap        ] GC(74) Heap after GC invocations=75 (full 1): garbage-first heap   total 305152K, used 4434K [0x0000000700000000, 0x0000000800000000)
[15.841s][debug][gc,heap        ] GC(74)   region size 1024K, 1 young (1024K), 1 survivors (1024K)
[15.841s][debug][gc,heap        ] GC(74)  Metaspace       used 10703K, capacity 10992K, committed 11136K, reserved 1058816K
[15.841s][debug][gc,heap        ] GC(74)   class space    used 1263K, capacity 1389K, committed 1408K, reserved 1048576K
[15.841s][info ][gc             ] GC(74) Pause Young (Normal) (G1 Evacuation Pause) 181M->4M(298M) 1.620ms
[15.841s][info ][gc,cpu         ] GC(74) User=0.01s Sys=0.00s Real=0.00s
[15.841s][info ][safepoint      ] Safepoint "G1CollectForAllocation", Time since last: 166307647 ns, Reaching safepoint: 149552 ns, At safepoint: 1785046 ns, Total: 1934598 ns
[16.008s][debug][gc,heap        ] GC(75) Heap before GC invocations=75 (full 1): garbage-first heap   total 305152K, used 185682K [0x0000000700000000, 0x0000000800000000)
[16.008s][debug][gc,heap        ] GC(75)   region size 1024K, 178 young (182272K), 1 survivors (1024K)
[16.008s][debug][gc,heap        ] GC(75)  Metaspace       used 10703K, capacity 10992K, committed 11136K, reserved 1058816K
[16.008s][debug][gc,heap        ] GC(75)   class space    used 1263K, capacity 1389K, committed 1408K, reserved 1048576K
[16.008s][info ][gc,start       ] GC(75) Pause Young (Normal) (G1 Evacuation Pause)
[16.008s][info ][gc,task        ] GC(75) Using 8 workers of 8 for evacuation
[16.008s][debug][gc,tlab        ] GC(75) TLAB totals: thrds: 8  refills: 711 max: 97 slow allocs: 0 max 0 waste:  1.0% gc: 1489904B max: 389008B slow: 411240B max: 56472B fast: 0B max: 0B
[16.008s][debug][gc,age         ] GC(75) Desired survivor size 12058624 bytes, new threshold 15 (max threshold 15)
[16.008s][debug][gc,alloc,region] GC(75) Mutator Allocation stats, regions: 177, wasted size: 0B ( 0.0%)
[16.008s][debug][gc,ergo        ] GC(75) Running G1 Merge Heap Roots using 8 workers for 178 regions
[16.008s][debug][gc,remset      ] GC(75) Visited cards 256 Total dirty 2048 (12.50%) Total old 747520 (0.03%)
[16.008s][debug][gc,ergo        ] GC(75) Running G1 Clear Card Table Task using 1 workers for 1 units of work for 179 regions.
[16.008s][debug][gc,ref         ] GC(75) Skipped phase1 of Reference Processing due to unavailable references
[16.008s][debug][gc,ref         ] GC(75) Skipped phase2 of Reference Processing due to unavailable references
[16.008s][debug][gc,ref         ] GC(75) Skipped phase3 of Reference Processing due to unavailable references
[16.008s][debug][gc,ref         ] GC(75) Skipped phase4 of Reference Processing due to unavailable references
[16.008s][debug][gc,ergo        ] GC(75) Running G1 Free Collection Set using 8 workers for collection set length 178 (298)
[16.008s][debug][gc,ergo        ] GC(75) Running G1 Rebuild Free List Task using 8 workers for rebuilding free list of 0 (4096) regions
[16.008s][trace][gc,age         ] GC(75) Age table with threshold 15 (max threshold 15)
[16.008s][trace][gc,age         ] GC(75) - age   1:        416 bytes,        416 total
[16.008s][debug][gc,plab        ] GC(75) Young PLAB allocation: allocated: 10320B, wasted: 0B, unused: 9904B, used: 416B, undo waste: 0B, 
[16.008s][debug][gc,plab        ] GC(75) Young other allocation: region end waste: 0B, regions filled: 1, direct allocated: 0B, failure used: 0B, failure wasted: 0B
[16.008s][debug][gc,plab        ] GC(75) Young sizing: calculated: 80B, actual: 2064B
[16.008s][debug][gc,plab        ] GC(75) Old PLAB allocation: allocated: 0B, wasted: 0B, unused: 0B, used: 0B, undo waste: 0B, 
[16.008s][debug][gc,plab        ] GC(75) Old other allocation: region end waste: 0B, regions filled: 1, direct allocated: 0B, failure used: 0B, failure wasted: 0B
[16.008s][debug][gc,plab        ] GC(75) Old sizing: calculated: 0B, actual: 2064B
[16.008s][debug][gc,ihop        ] GC(75) Basic information (value update), threshold: 140614041B (45.00), target occupancy: 312475648B, current occupancy: 4545088B, recent allocation size: 0B, recent allocation duration: 167.49ms, recent old gen allocation rate: 0.00B/s, recent marking phase length: 0.00ms
[16.008s][debug][gc,ihop        ] GC(75) Adaptive IHOP information (value update), threshold: 140614041B (47.37), internal target occupancy: 296851865B, occupancy: 4545088B, additional buffer size: 186646528B, predicted old gen allocation rate: 21045.54B/s, predicted marking phase length: 0.00ms, prediction active: false
[16.008s][debug][gc,ergo,refine ] GC(75) Concurrent refinement times: Logged Cards Scan time goal: 20.00ms Logged Cards Scan time: 0.00ms HCC time: 0.00ms
[16.008s][debug][gc,ergo,refine ] GC(75) Updated Refinement Zones: green: 2048, yellow: 6144, red: 10240
[16.008s][info ][gc,phases      ] GC(75)   Pre Evacuate Collection Set: 0.1ms
[16.008s][debug][gc,phases      ] GC(75)     Prepare TLABs: 0.0ms
[16.008s][debug][gc,phases      ] GC(75)     Choose Collection Set: 0.0ms
[16.008s][debug][gc,phases      ] GC(75)     Region Register: 0.1ms
[16.008s][debug][gc,phases      ] GC(75)     Prepare Heap Roots: 0.0ms
[16.008s][info ][gc,phases      ] GC(75)   Merge Heap Roots: 0.1ms
[16.008s][debug][gc,phases      ] GC(75)     Prepare Merge Heap Roots: 0.0ms
[16.008s][debug][gc,phases      ] GC(75)     Eager Reclaim (ms):       skipped
[16.008s][debug][gc,phases      ] GC(75)     Remembered Sets (ms):     Min:  0.0, Avg:  0.0, Max:  0.0, Diff:  0.0, Sum:  0.1, Workers: 8
[16.008s][debug][gc,phases      ] GC(75)       Merged Sparse:            Min: 0, Avg:  0.0, Max: 0, Diff: 0, Sum: 0, Workers: 8
[16.008s][debug][gc,phases      ] GC(75)       Merged Fine:              Min: 0, Avg:  0.0, Max: 0, Diff: 0, Sum: 0, Workers: 8
[16.008s][debug][gc,phases      ] GC(75)       Merged Coarse:            Min: 0, Avg:  0.0, Max: 0, Diff: 0, Sum: 0, Workers: 8
[16.008s][debug][gc,phases      ] GC(75)       Dirty Cards:              Min: 0, Avg:  0.0, Max: 0, Diff: 0, Sum: 0, Workers: 8
[16.008s][debug][gc,phases      ] GC(75)     Hot Card Cache (ms):      Min:  0.0, Avg:  0.0, Max:  0.0, Diff:  0.0, Sum:  0.0, Workers: 8
[16.008s][debug][gc,phases      ] GC(75)       Dirty Cards:              Min: 0, Avg:  0.0, Max: 0, Diff: 0, Sum: 0, Workers: 8
[16.009s][debug][gc,phases      ] GC(75)       Skipped Cards:            Min: 0, Avg:  0.0, Max: 0, Diff: 0, Sum: 0, Workers: 8
[16.009s][debug][gc,phases      ] GC(75)     Log Buffers (ms):         Min:  0.0, Avg:  0.0, Max:  0.0, Diff:  0.0, Sum:  0.0, Workers: 8
[16.009s][debug][gc,phases      ] GC(75)       Dirty Cards:              Min: 0, Avg:  0.1, Max: 1, Diff: 1, Sum: 1, Workers: 8
[16.009s][debug][gc,phases      ] GC(75)       Skipped Cards:            Min: 0, Avg:  0.0, Max: 0, Diff: 0, Sum: 0, Workers: 8
[16.009s][info ][gc,phases      ] GC(75)   Evacuate Collection Set: 0.1ms
[16.009s][debug][gc,phases      ] GC(75)     Ext Root Scanning (ms):   Min:  0.0, Avg:  0.0, Max:  0.1, Diff:  0.0, Sum:  0.2, Workers: 8
[16.009s][debug][gc,phases      ] GC(75)     Scan Heap Roots (ms):     Min:  0.0, Avg:  0.0, Max:  0.0, Diff:  0.0, Sum:  0.0, Workers: 8
[16.009s][debug][gc,phases      ] GC(75)       Scanned Cards:            Min: 0, Avg:  0.1, Max: 1, Diff: 1, Sum: 1, Workers: 8
[16.009s][debug][gc,phases      ] GC(75)       Scanned Blocks:           Min: 0, Avg:  0.1, Max: 1, Diff: 1, Sum: 1, Workers: 8
[16.009s][debug][gc,phases      ] GC(75)       Claimed Chunks:           Min: 0, Avg:  0.1, Max: 1, Diff: 1, Sum: 1, Workers: 8
[16.009s][debug][gc,phases      ] GC(75)     Code Root Scan (ms):      Min:  0.0, Avg:  0.0, Max:  0.0, Diff:  0.0, Sum:  0.0, Workers: 8
[16.009s][debug][gc,phases      ] GC(75)     Object Copy (ms):         Min:  0.0, Avg:  0.0, Max:  0.0, Diff:  0.0, Sum:  0.0, Workers: 8
[16.009s][debug][gc,phases      ] GC(75)     Termination (ms):         Min:  0.0, Avg:  0.0, Max:  0.0, Diff:  0.0, Sum:  0.3, Workers: 8
[16.009s][debug][gc,phases      ] GC(75)       Termination Attempts:     Min: 1, Avg:  1.0, Max: 1, Diff: 0, Sum: 8, Workers: 8
[16.009s][debug][gc,phases      ] GC(75)     GC Worker Other (ms):     Min:  0.0, Avg:  0.0, Max:  0.0, Diff:  0.0, Sum:  0.1, Workers: 8
[16.009s][debug][gc,phases      ] GC(75)     GC Worker Total (ms):     Min:  0.1, Avg:  0.1, Max:  0.1, Diff:  0.1, Sum:  0.7, Workers: 8
[16.009s][info ][gc,phases      ] GC(75)   Post Evacuate Collection Set: 0.3ms
[16.009s][debug][gc,phases      ] GC(75)     Code Roots Fixup: 0.0ms
[16.009s][debug][gc,phases      ] GC(75)     Clear Card Table: 0.1ms
[16.009s][debug][gc,phases      ] GC(75)     Reference Processing: 0.0ms
[16.009s][debug][gc,phases,ref  ] GC(75)       Reconsider SoftReferences: 0.0ms
[16.009s][debug][gc,phases,ref  ] GC(75)         SoftRef (ms):             skipped
[16.009s][debug][gc,phases,ref  ] GC(75)       Notify Soft/WeakReferences: 0.0ms
[16.009s][debug][gc,phases,ref  ] GC(75)         SoftRef (ms):             skipped
[16.009s][debug][gc,phases,ref  ] GC(75)         WeakRef (ms):             skipped
[16.009s][debug][gc,phases,ref  ] GC(75)         FinalRef (ms):            skipped
[16.009s][debug][gc,phases,ref  ] GC(75)         Total (ms):               skipped
[16.009s][debug][gc,phases,ref  ] GC(75)       Notify and keep alive finalizable: 0.0ms
[16.009s][debug][gc,phases,ref  ] GC(75)         FinalRef (ms):            skipped
[16.009s][debug][gc,phases,ref  ] GC(75)       Notify PhantomReferences: 0.0ms
[16.009s][debug][gc,phases,ref  ] GC(75)         PhantomRef (ms):          skipped
[16.009s][debug][gc,phases,ref  ] GC(75)       SoftReference:
[16.009s][debug][gc,phases,ref  ] GC(75)         Discovered: 0
[16.009s][debug][gc,phases,ref  ] GC(75)         Cleared: 0
[16.009s][debug][gc,phases,ref  ] GC(75)       WeakReference:
[16.009s][debug][gc,phases,ref  ] GC(75)         Discovered: 0
[16.009s][debug][gc,phases,ref  ] GC(75)         Cleared: 0
[16.009s][debug][gc,phases,ref  ] GC(75)       FinalReference:
[16.009s][debug][gc,phases,ref  ] GC(75)         Discovered: 0
[16.009s][debug][gc,phases,ref  ] GC(75)         Cleared: 0
[16.009s][debug][gc,phases,ref  ] GC(75)       PhantomReference:
[16.009s][debug][gc,phases,ref  ] GC(75)         Discovered: 0
[16.009s][debug][gc,phases,ref  ] GC(75)         Cleared: 0
[16.009s][debug][gc,phases      ] GC(75)     Weak Processing: 0.0ms
[16.009s][debug][gc,phases      ] GC(75)       JVMTI weak processing: 0.0ms
[16.009s][debug][gc,phases      ] GC(75)         Dead: 0
[16.009s][debug][gc,phases      ] GC(75)         Total: 0
[16.009s][debug][gc,phases      ] GC(75)       JFR weak processing: 0.0ms
[16.009s][debug][gc,phases      ] GC(75)         Dead: 0
[16.009s][debug][gc,phases      ] GC(75)         Total: 0
[16.009s][debug][gc,phases      ] GC(75)       JNI weak                  Min:  0.0, Avg:  0.0, Max:  0.0, Diff:  0.0, Sum:  0.0, Workers: 5
[16.009s][debug][gc,phases      ] GC(75)         Dead                      Min: 0, Avg:  0.0, Max: 0, Diff: 0, Sum: 0, Workers: 5
[16.009s][debug][gc,phases      ] GC(75)         Total                     Min: 0, Avg: 13.4, Max: 67, Diff: 67, Sum: 67, Workers: 5
[16.009s][debug][gc,phases      ] GC(75)       VM weak                   Min:  0.0, Avg:  0.0, Max:  0.0, Diff:  0.0, Sum:  0.0, Workers: 5
[16.009s][debug][gc,phases      ] GC(75)         Dead                      Min: 0, Avg:  0.0, Max: 0, Diff: 0, Sum: 0, Workers: 5
[16.009s][debug][gc,phases      ] GC(75)         Total                     Min: 0, Avg: 47.6, Max: 238, Diff: 238, Sum: 238, Workers: 5
[16.009s][debug][gc,phases      ] GC(75)       StringTable weak          Min:  0.0, Avg:  0.0, Max:  0.0, Diff:  0.0, Sum:  0.0, Workers: 5
[16.009s][debug][gc,phases      ] GC(75)         Dead                      Min: 0, Avg:  0.0, Max: 0, Diff: 0, Sum: 0, Workers: 5
[16.009s][debug][gc,phases      ] GC(75)         Total                     Min: 0, Avg: 728.6, Max: 1598, Diff: 1598, Sum: 3643, Workers: 5
[16.009s][debug][gc,phases      ] GC(75)       ResolvedMethodTable weak  Min:  0.0, Avg:  0.0, Max:  0.0, Diff:  0.0, Sum:  0.0, Workers: 5
[16.009s][debug][gc,phases      ] GC(75)         Dead                      Min: 0, Avg:  0.0, Max: 0, Diff: 0, Sum: 0, Workers: 5
[16.009s][debug][gc,phases      ] GC(75)         Total                     Min: 0, Avg: 123.4, Max: 297, Diff: 297, Sum: 617, Workers: 5
[16.009s][debug][gc,phases      ] GC(75)     Merge Per-Thread State: 0.0ms
[16.009s][debug][gc,phases      ] GC(75)       Copied Bytes              Min: 0, Avg: 52.0, Max: 104, Diff: 104, Sum: 416, Workers: 8
[16.009s][debug][gc,phases      ] GC(75)       LAB Waste                 Min: 0, Avg:  0.0, Max: 0, Diff: 0, Sum: 0, Workers: 8
[16.009s][debug][gc,phases      ] GC(75)       LAB Undo Waste            Min: 0, Avg:  0.0, Max: 0, Diff: 0, Sum: 0, Workers: 8
[16.009s][debug][gc,phases      ] GC(75)     Code Roots Purge: 0.0ms
[16.009s][debug][gc,phases      ] GC(75)     Redirty Cards: 0.0ms
[16.009s][debug][gc,phases      ] GC(75)     DerivedPointerTable Update: 0.0ms
[16.009s][debug][gc,phases      ] GC(75)     Free Collection Set: 0.1ms
[16.009s][debug][gc,phases      ] GC(75)     Rebuild Free List: 0.0ms
[16.009s][debug][gc,phases      ] GC(75)     Humongous Reclaim: 0.0ms
[16.009s][debug][gc,phases      ] GC(75)     Start New Collection Set: 0.0ms
[16.009s][debug][gc,phases      ] GC(75)     Resize TLABs: 0.0ms
[16.009s][debug][gc,phases      ] GC(75)     Expand Heap After Collection: 0.0ms
[16.009s][info ][gc,phases      ] GC(75)   Other: 0.2ms
[16.009s][info ][gc,heap        ] GC(75) Eden regions: 177->0(177)
[16.009s][info ][gc,heap        ] GC(75) Survivor regions: 1->1(23)
[16.009s][info ][gc,heap        ] GC(75) Old regions: 7->7
[16.009s][info ][gc,heap        ] GC(75) Archive regions: 2->2
[16.009s][info ][gc,heap        ] GC(75) Humongous regions: 0->0
[16.009s][info ][gc,metaspace   ] GC(75) Metaspace: 10703K(11136K)->10703K(11136K) NonClass: 9440K(9728K)->9440K(9728K) Class: 1263K(1408K)->1263K(1408K)
[16.009s][debug][gc,heap        ] GC(75) Heap after GC invocations=76 (full 1): garbage-first heap   total 305152K, used 4438K [0x0000000700000000, 0x0000000800000000)
[16.009s][debug][gc,heap        ] GC(75)   region size 1024K, 1 young (1024K), 1 survivors (1024K)
[16.009s][debug][gc,heap        ] GC(75)  Metaspace       used 10703K, capacity 10992K, committed 11136K, reserved 1058816K
[16.009s][debug][gc,heap        ] GC(75)   class space    used 1263K, capacity 1389K, committed 1408K, reserved 1048576K
[16.009s][info ][gc             ] GC(75) Pause Young (Normal) (G1 Evacuation Pause) 181M->4M(298M) 1.366ms
[16.009s][info ][gc,cpu         ] GC(75) User=0.00s Sys=0.00s Real=0.01s
[16.009s][info ][safepoint      ] Safepoint "G1CollectForAllocation", Time since last: 166539840 ns, Reaching safepoint: 121184 ns, At safepoint: 1524837 ns, Total: 1646021 ns
[16.176s][debug][gc,heap        ] GC(76) Heap before GC invocations=76 (full 1): garbage-first heap   total 305152K, used 185686K [0x0000000700000000, 0x0000000800000000)
[16.176s][debug][gc,heap        ] GC(76)   region size 1024K, 178 young (182272K), 1 survivors (1024K)
[16.176s][debug][gc,heap        ] GC(76)  Metaspace       used 10703K, capacity 10992K, committed 11136K, reserved 1058816K
[16.176s][debug][gc,heap        ] GC(76)   class space    used 1263K, capacity 1389K, committed 1408K, reserved 1048576K
[16.176s][info ][gc,start       ] GC(76) Pause Young (Normal) (G1 Evacuation Pause)
[16.176s][info ][gc,task        ] GC(76) Using 8 workers of 8 for evacuation
[16.176s][debug][gc,tlab        ] GC(76) TLAB totals: thrds: 8  refills: 709 max: 92 slow allocs: 0 max 0 waste:  1.0% gc: 1360736B max: 370000B slow: 409496B max: 53192B fast: 0B max: 0B
[16.176s][debug][gc,age         ] GC(76) Desired survivor size 12058624 bytes, new threshold 15 (max threshold 15)
[16.176s][debug][gc,alloc,region] GC(76) Mutator Allocation stats, regions: 177, wasted size: 0B ( 0.0%)
[16.176s][debug][gc,ergo        ] GC(76) Running G1 Merge Heap Roots using 8 workers for 178 regions
[16.176s][debug][gc,remset      ] GC(76) Visited cards 256 Total dirty 2048 (12.50%) Total old 747520 (0.03%)
[16.176s][debug][gc,ergo        ] GC(76) Running G1 Clear Card Table Task using 1 workers for 1 units of work for 179 regions.
[16.177s][debug][gc,ref         ] GC(76) Skipped phase1 of Reference Processing due to unavailable references
[16.177s][debug][gc,ref         ] GC(76) Skipped phase2 of Reference Processing due to unavailable references
[16.177s][debug][gc,ref         ] GC(76) Skipped phase3 of Reference Processing due to unavailable references
[16.177s][debug][gc,ref         ] GC(76) Skipped phase4 of Reference Processing due to unavailable references
[16.177s][debug][gc,ergo        ] GC(76) Running G1 Free Collection Set using 8 workers for collection set length 178 (298)
[16.177s][debug][gc,ergo        ] GC(76) Running G1 Rebuild Free List Task using 8 workers for rebuilding free list of 0 (4096) regions
[16.177s][trace][gc,age         ] GC(76) Age table with threshold 15 (max threshold 15)
[16.177s][trace][gc,age         ] GC(76) - age   1:        488 bytes,        488 total
[16.177s][debug][gc,plab        ] GC(76) Young PLAB allocation: allocated: 10320B, wasted: 0B, unused: 9832B, used: 488B, undo waste: 0B, 
[16.177s][debug][gc,plab        ] GC(76) Young other allocation: region end waste: 0B, regions filled: 1, direct allocated: 0B, failure used: 0B, failure wasted: 0B
[16.177s][debug][gc,plab        ] GC(76) Young sizing: calculated: 96B, actual: 2064B
[16.177s][debug][gc,plab        ] GC(76) Old PLAB allocation: allocated: 0B, wasted: 0B, unused: 0B, used: 0B, undo waste: 0B, 
[16.177s][debug][gc,plab        ] GC(76) Old other allocation: region end waste: 0B, regions filled: 1, direct allocated: 0B, failure used: 0B, failure wasted: 0B
[16.177s][debug][gc,plab        ] GC(76) Old sizing: calculated: 0B, actual: 2064B
[16.177s][debug][gc,ihop        ] GC(76) Basic information (value update), threshold: 140614041B (45.00), target occupancy: 312475648B, current occupancy: 4545088B, recent allocation size: 0B, recent allocation duration: 167.59ms, recent old gen allocation rate: 0.00B/s, recent marking phase length: 0.00ms
[16.177s][debug][gc,ihop        ] GC(76) Adaptive IHOP information (value update), threshold: 140614041B (47.37), internal target occupancy: 296851865B, occupancy: 4545088B, additional buffer size: 186646528B, predicted old gen allocation rate: 20409.15B/s, predicted marking phase length: 0.00ms, prediction active: false
[16.177s][debug][gc,ergo,refine ] GC(76) Concurrent refinement times: Logged Cards Scan time goal: 20.00ms Logged Cards Scan time: 0.00ms HCC time: 0.00ms
[16.177s][debug][gc,ergo,refine ] GC(76) Updated Refinement Zones: green: 2048, yellow: 6144, red: 10240
[16.177s][info ][gc,phases      ] GC(76)   Pre Evacuate Collection Set: 0.1ms
[16.177s][debug][gc,phases      ] GC(76)     Prepare TLABs: 0.0ms
[16.177s][debug][gc,phases      ] GC(76)     Choose Collection Set: 0.0ms
[16.177s][debug][gc,phases      ] GC(76)     Region Register: 0.1ms
[16.177s][debug][gc,phases      ] GC(76)     Prepare Heap Roots: 0.0ms
[16.177s][info ][gc,phases      ] GC(76)   Merge Heap Roots: 0.2ms
[16.177s][debug][gc,phases      ] GC(76)     Prepare Merge Heap Roots: 0.0ms
[16.177s][debug][gc,phases      ] GC(76)     Eager Reclaim (ms):       skipped
[16.177s][debug][gc,phases      ] GC(76)     Remembered Sets (ms):     Min:  0.0, Avg:  0.0, Max:  0.0, Diff:  0.0, Sum:  0.2, Workers: 8
[16.177s][debug][gc,phases      ] GC(76)       Merged Sparse:            Min: 0, Avg:  0.0, Max: 0, Diff: 0, Sum: 0, Workers: 8
[16.177s][debug][gc,phases      ] GC(76)       Merged Fine:              Min: 0, Avg:  0.0, Max: 0, Diff: 0, Sum: 0, Workers: 8
[16.177s][debug][gc,phases      ] GC(76)       Merged Coarse:            Min: 0, Avg:  0.0, Max: 0, Diff: 0, Sum: 0, Workers: 8
[16.177s][debug][gc,phases      ] GC(76)       Dirty Cards:              Min: 0, Avg:  0.0, Max: 0, Diff: 0, Sum: 0, Workers: 8
[16.177s][debug][gc,phases      ] GC(76)     Hot Card Cache (ms):      Min:  0.0, Avg:  0.0, Max:  0.0, Diff:  0.0, Sum:  0.0, Workers: 8
[16.177s][debug][gc,phases      ] GC(76)       Dirty Cards:              Min: 0, Avg:  0.0, Max: 0, Diff: 0, Sum: 0, Workers: 8
[16.177s][debug][gc,phases      ] GC(76)       Skipped Cards:            Min: 0, Avg:  0.0, Max: 0, Diff: 0, Sum: 0, Workers: 8
[16.177s][debug][gc,phases      ] GC(76)     Log Buffers (ms):         Min:  0.0, Avg:  0.0, Max:  0.0, Diff:  0.0, Sum:  0.0, Workers: 8
[16.177s][debug][gc,phases      ] GC(76)       Dirty Cards:              Min: 0, Avg:  0.1, Max: 1, Diff: 1, Sum: 1, Workers: 8
[16.177s][debug][gc,phases      ] GC(76)       Skipped Cards:            Min: 0, Avg:  0.0, Max: 0, Diff: 0, Sum: 0, Workers: 8
[16.177s][info ][gc,phases      ] GC(76)   Evacuate Collection Set: 0.2ms
[16.177s][debug][gc,phases      ] GC(76)     Ext Root Scanning (ms):   Min:  0.0, Avg:  0.0, Max:  0.1, Diff:  0.1, Sum:  0.2, Workers: 8
[16.177s][debug][gc,phases      ] GC(76)     Scan Heap Roots (ms):     Min:  0.0, Avg:  0.0, Max:  0.0, Diff:  0.0, Sum:  0.0, Workers: 8
[16.177s][debug][gc,phases      ] GC(76)       Scanned Cards:            Min: 0, Avg:  0.1, Max: 1, Diff: 1, Sum: 1, Workers: 8
[16.177s][debug][gc,phases      ] GC(76)       Scanned Blocks:           Min: 0, Avg:  0.1, Max: 1, Diff: 1, Sum: 1, Workers: 8
[16.177s][debug][gc,phases      ] GC(76)       Claimed Chunks:           Min: 0, Avg:  0.1, Max: 1, Diff: 1, Sum: 1, Workers: 8
[16.177s][debug][gc,phases      ] GC(76)     Code Root Scan (ms):      Min:  0.0, Avg:  0.0, Max:  0.0, Diff:  0.0, Sum:  0.0, Workers: 8
[16.177s][debug][gc,phases      ] GC(76)     Object Copy (ms):         Min:  0.0, Avg:  0.0, Max:  0.0, Diff:  0.0, Sum:  0.0, Workers: 8
[16.177s][debug][gc,phases      ] GC(76)     Termination (ms):         Min:  0.0, Avg:  0.1, Max:  0.1, Diff:  0.0, Sum:  0.4, Workers: 8
[16.177s][debug][gc,phases      ] GC(76)       Termination Attempts:     Min: 1, Avg:  1.0, Max: 1, Diff: 0, Sum: 8, Workers: 8
[16.177s][debug][gc,phases      ] GC(76)     GC Worker Other (ms):     Min:  0.0, Avg:  0.0, Max:  0.0, Diff:  0.0, Sum:  0.1, Workers: 8
[16.177s][debug][gc,phases      ] GC(76)     GC Worker Total (ms):     Min:  0.1, Avg:  0.1, Max:  0.1, Diff:  0.0, Sum:  0.8, Workers: 8
[16.177s][info ][gc,phases      ] GC(76)   Post Evacuate Collection Set: 0.4ms
[16.177s][debug][gc,phases      ] GC(76)     Code Roots Fixup: 0.0ms
[16.177s][debug][gc,phases      ] GC(76)     Clear Card Table: 0.1ms
[16.177s][debug][gc,phases      ] GC(76)     Reference Processing: 0.0ms
[16.177s][debug][gc,phases,ref  ] GC(76)       Reconsider SoftReferences: 0.0ms
[16.177s][debug][gc,phases,ref  ] GC(76)         SoftRef (ms):             skipped
[16.177s][debug][gc,phases,ref  ] GC(76)       Notify Soft/WeakReferences: 0.0ms
[16.177s][debug][gc,phases,ref  ] GC(76)         SoftRef (ms):             skipped
[16.177s][debug][gc,phases,ref  ] GC(76)         WeakRef (ms):             skipped
[16.177s][debug][gc,phases,ref  ] GC(76)         FinalRef (ms):            skipped
[16.177s][debug][gc,phases,ref  ] GC(76)         Total (ms):               skipped
[16.177s][debug][gc,phases,ref  ] GC(76)       Notify and keep alive finalizable: 0.0ms
[16.177s][debug][gc,phases,ref  ] GC(76)         FinalRef (ms):            skipped
[16.177s][debug][gc,phases,ref  ] GC(76)       Notify PhantomReferences: 0.0ms
[16.177s][debug][gc,phases,ref  ] GC(76)         PhantomRef (ms):          skipped
[16.177s][debug][gc,phases,ref  ] GC(76)       SoftReference:
[16.177s][debug][gc,phases,ref  ] GC(76)         Discovered: 0
[16.177s][debug][gc,phases,ref  ] GC(76)         Cleared: 0
[16.177s][debug][gc,phases,ref  ] GC(76)       WeakReference:
[16.177s][debug][gc,phases,ref  ] GC(76)         Discovered: 0
[16.177s][debug][gc,phases,ref  ] GC(76)         Cleared: 0
[16.177s][debug][gc,phases,ref  ] GC(76)       FinalReference:
[16.177s][debug][gc,phases,ref  ] GC(76)         Discovered: 0
[16.177s][debug][gc,phases,ref  ] GC(76)         Cleared: 0
[16.177s][debug][gc,phases,ref  ] GC(76)       PhantomReference:
[16.177s][debug][gc,phases,ref  ] GC(76)         Discovered: 0
[16.177s][debug][gc,phases,ref  ] GC(76)         Cleared: 0
[16.177s][debug][gc,phases      ] GC(76)     Weak Processing: 0.1ms
[16.177s][debug][gc,phases      ] GC(76)       JVMTI weak processing: 0.0ms
[16.177s][debug][gc,phases      ] GC(76)         Dead: 0
[16.177s][debug][gc,phases      ] GC(76)         Total: 0
[16.177s][debug][gc,phases      ] GC(76)       JFR weak processing: 0.0ms
[16.177s][debug][gc,phases      ] GC(76)         Dead: 0
[16.177s][debug][gc,phases      ] GC(76)         Total: 0
[16.177s][debug][gc,phases      ] GC(76)       JNI weak                  Min:  0.0, Avg:  0.0, Max:  0.0, Diff:  0.0, Sum:  0.1, Workers: 5
[16.177s][debug][gc,phases      ] GC(76)         Dead                      Min: 0, Avg:  0.0, Max: 0, Diff: 0, Sum: 0, Workers: 5
[16.177s][debug][gc,phases      ] GC(76)         Total                     Min: 0, Avg: 13.4, Max: 52, Diff: 52, Sum: 67, Workers: 5
[16.177s][debug][gc,phases      ] GC(76)       VM weak                   Min:  0.0, Avg:  0.0, Max:  0.0, Diff:  0.0, Sum:  0.0, Workers: 5
[16.177s][debug][gc,phases      ] GC(76)         Dead                      Min: 0, Avg:  0.0, Max: 0, Diff: 0, Sum: 0, Workers: 5
[16.177s][debug][gc,phases      ] GC(76)         Total                     Min: 0, Avg: 47.6, Max: 128, Diff: 128, Sum: 238, Workers: 5
[16.177s][debug][gc,phases      ] GC(76)       StringTable weak          Min:  0.0, Avg:  0.0, Max:  0.1, Diff:  0.1, Sum:  0.1, Workers: 5
[16.177s][debug][gc,phases      ] GC(76)         Dead                      Min: 0, Avg:  0.0, Max: 0, Diff: 0, Sum: 0, Workers: 5
[16.177s][debug][gc,phases      ] GC(76)         Total                     Min: 128, Avg: 728.6, Max: 1853, Diff: 1725, Sum: 3643, Workers: 5
[16.177s][debug][gc,phases      ] GC(76)       ResolvedMethodTable weak  Min:  0.0, Avg:  0.0, Max:  0.0, Diff:  0.0, Sum:  0.0, Workers: 5
[16.177s][debug][gc,phases      ] GC(76)         Dead                      Min: 0, Avg:  0.0, Max: 0, Diff: 0, Sum: 0, Workers: 5
[16.177s][debug][gc,phases      ] GC(76)         Total                     Min: 0, Avg: 123.4, Max: 192, Diff: 192, Sum: 617, Workers: 5
[16.177s][debug][gc,phases      ] GC(76)     Merge Per-Thread State: 0.0ms
[16.177s][debug][gc,phases      ] GC(76)       Copied Bytes              Min: 0, Avg: 61.0, Max: 128, Diff: 128, Sum: 488, Workers: 8
[16.177s][debug][gc,phases      ] GC(76)       LAB Waste                 Min: 0, Avg:  0.0, Max: 0, Diff: 0, Sum: 0, Workers: 8
[16.177s][debug][gc,phases      ] GC(76)       LAB Undo Waste            Min: 0, Avg:  0.0, Max: 0, Diff: 0, Sum: 0, Workers: 8
[16.177s][debug][gc,phases      ] GC(76)     Code Roots Purge: 0.0ms
[16.177s][debug][gc,phases      ] GC(76)     Redirty Cards: 0.0ms
[16.177s][debug][gc,phases      ] GC(76)     DerivedPointerTable Update: 0.0ms
[16.177s][debug][gc,phases      ] GC(76)     Free Collection Set: 0.1ms
[16.177s][debug][gc,phases      ] GC(76)     Rebuild Free List: 0.1ms
[16.177s][debug][gc,phases      ] GC(76)     Humongous Reclaim: 0.0ms
[16.177s][debug][gc,phases      ] GC(76)     Start New Collection Set: 0.0ms
[16.177s][debug][gc,phases      ] GC(76)     Resize TLABs: 0.0ms
[16.177s][debug][gc,phases      ] GC(76)     Expand Heap After Collection: 0.0ms
[16.177s][info ][gc,phases      ] GC(76)   Other: 0.3ms
[16.177s][info ][gc,heap        ] GC(76) Eden regions: 177->0(177)
[16.177s][info ][gc,heap        ] GC(76) Survivor regions: 1->1(23)
[16.177s][info ][gc,heap        ] GC(76) Old regions: 7->7
[16.177s][info ][gc,heap        ] GC(76) Archive regions: 2->2
[16.177s][info ][gc,heap        ] GC(76) Humongous regions: 0->0
[16.177s][info ][gc,metaspace   ] GC(76) Metaspace: 10703K(11136K)->10703K(11136K) NonClass: 9440K(9728K)->9440K(9728K) Class: 1263K(1408K)->1263K(1408K)
[16.177s][debug][gc,heap        ] GC(76) Heap after GC invocations=77 (full 1): garbage-first heap   total 305152K, used 4438K [0x0000000700000000, 0x0000000800000000)
[16.178s][debug][gc,heap        ] GC(76)   region size 1024K, 1 young (1024K), 1 survivors (1024K)
[16.178s][debug][gc,heap        ] GC(76)  Metaspace       used 10703K, capacity 10992K, committed 11136K, reserved 1058816K
[16.178s][debug][gc,heap        ] GC(76)   class space    used 1263K, capacity 1389K, committed 1408K, reserved 1048576K
[16.178s][info ][gc             ] GC(76) Pause Young (Normal) (G1 Evacuation Pause) 181M->4M(298M) 1.594ms
[16.178s][info ][gc,cpu         ] GC(76) User=0.01s Sys=0.00s Real=0.00s
[16.178s][info ][safepoint      ] Safepoint "G1CollectForAllocation", Time since last: 166573955 ns, Reaching safepoint: 178881 ns, At safepoint: 1774724 ns, Total: 1953605 ns
[16.343s][debug][gc,heap        ] GC(77) Heap before GC invocations=77 (full 1): garbage-first heap   total 305152K, used 185686K [0x0000000700000000, 0x0000000800000000)
[16.343s][debug][gc,heap        ] GC(77)   region size 1024K, 178 young (182272K), 1 survivors (1024K)
[16.343s][debug][gc,heap        ] GC(77)  Metaspace       used 10703K, capacity 10992K, committed 11136K, reserved 1058816K
[16.343s][debug][gc,heap        ] GC(77)   class space    used 1263K, capacity 1389K, committed 1408K, reserved 1048576K
[16.343s][info ][gc,start       ] GC(77) Pause Young (Normal) (G1 Evacuation Pause)
[16.343s][info ][gc,task        ] GC(77) Using 8 workers of 8 for evacuation
[16.343s][debug][gc,tlab        ] GC(77) TLAB totals: thrds: 8  refills: 711 max: 95 slow allocs: 0 max 0 waste:  0.8% gc: 1147400B max: 272424B slow: 411824B max: 55576B fast: 0B max: 0B
[16.343s][debug][gc,age         ] GC(77) Desired survivor size 12058624 bytes, new threshold 15 (max threshold 15)
[16.343s][debug][gc,alloc,region] GC(77) Mutator Allocation stats, regions: 177, wasted size: 0B ( 0.0%)
[16.343s][debug][gc,ergo        ] GC(77) Running G1 Merge Heap Roots using 8 workers for 178 regions
[16.343s][debug][gc,remset      ] GC(77) Visited cards 256 Total dirty 2048 (12.50%) Total old 747520 (0.03%)
[16.344s][debug][gc,ergo        ] GC(77) Running G1 Clear Card Table Task using 1 workers for 1 units of work for 179 regions.
[16.344s][debug][gc,ref         ] GC(77) Skipped phase1 of Reference Processing due to unavailable references
[16.344s][debug][gc,ref         ] GC(77) Skipped phase2 of Reference Processing due to unavailable references
[16.344s][debug][gc,ref         ] GC(77) Skipped phase3 of Reference Processing due to unavailable references
[16.344s][debug][gc,ref         ] GC(77) Skipped phase4 of Reference Processing due to unavailable references
[16.344s][debug][gc,ergo        ] GC(77) Running G1 Free Collection Set using 8 workers for collection set length 178 (298)
[16.344s][debug][gc,ergo        ] GC(77) Running G1 Rebuild Free List Task using 8 workers for rebuilding free list of 0 (4096) regions
[16.344s][trace][gc,age         ] GC(77) Age table with threshold 15 (max threshold 15)
[16.344s][trace][gc,age         ] GC(77) - age   1:        232 bytes,        232 total
[16.344s][debug][gc,plab        ] GC(77) Young PLAB allocation: allocated: 8256B, wasted: 0B, unused: 8024B, used: 232B, undo waste: 0B, 
[16.344s][debug][gc,plab        ] GC(77) Young other allocation: region end waste: 0B, regions filled: 1, direct allocated: 0B, failure used: 0B, failure wasted: 0B
[16.344s][debug][gc,plab        ] GC(77) Young sizing: calculated: 40B, actual: 2064B
[16.344s][debug][gc,plab        ] GC(77) Old PLAB allocation: allocated: 0B, wasted: 0B, unused: 0B, used: 0B, undo waste: 0B, 
[16.344s][debug][gc,plab        ] GC(77) Old other allocation: region end waste: 0B, regions filled: 1, direct allocated: 0B, failure used: 0B, failure wasted: 0B
[16.344s][debug][gc,plab        ] GC(77) Old sizing: calculated: 0B, actual: 2064B
[16.344s][debug][gc,ihop        ] GC(77) Basic information (value update), threshold: 140614041B (45.00), target occupancy: 312475648B, current occupancy: 4543024B, recent allocation size: 0B, recent allocation duration: 166.29ms, recent old gen allocation rate: 0.00B/s, recent marking phase length: 0.00ms
[16.344s][debug][gc,ihop        ] GC(77) Adaptive IHOP information (value update), threshold: 140614041B (47.37), internal target occupancy: 296851865B, occupancy: 4543024B, additional buffer size: 186646528B, predicted old gen allocation rate: 19793.88B/s, predicted marking phase length: 0.00ms, prediction active: false
[16.344s][debug][gc,ergo,refine ] GC(77) Concurrent refinement times: Logged Cards Scan time goal: 20.00ms Logged Cards Scan time: 0.00ms HCC time: 0.00ms
[16.344s][debug][gc,ergo,refine ] GC(77) Updated Refinement Zones: green: 2048, yellow: 6144, red: 10240
[16.344s][info ][gc,phases      ] GC(77)   Pre Evacuate Collection Set: 0.1ms
[16.344s][debug][gc,phases      ] GC(77)     Prepare TLABs: 0.0ms
[16.344s][debug][gc,phases      ] GC(77)     Choose Collection Set: 0.0ms
[16.344s][debug][gc,phases      ] GC(77)     Region Register: 0.1ms
[16.344s][debug][gc,phases      ] GC(77)     Prepare Heap Roots: 0.0ms
[16.344s][info ][gc,phases      ] GC(77)   Merge Heap Roots: 0.2ms
[16.344s][debug][gc,phases      ] GC(77)     Prepare Merge Heap Roots: 0.0ms
[16.344s][debug][gc,phases      ] GC(77)     Eager Reclaim (ms):       skipped
[16.344s][debug][gc,phases      ] GC(77)     Remembered Sets (ms):     Min:  0.0, Avg:  0.0, Max:  0.0, Diff:  0.0, Sum:  0.0, Workers: 8
[16.344s][debug][gc,phases      ] GC(77)       Merged Sparse:            Min: 0, Avg:  0.0, Max: 0, Diff: 0, Sum: 0, Workers: 8
[16.344s][debug][gc,phases      ] GC(77)       Merged Fine:              Min: 0, Avg:  0.0, Max: 0, Diff: 0, Sum: 0, Workers: 8
[16.344s][debug][gc,phases      ] GC(77)       Merged Coarse:            Min: 0, Avg:  0.0, Max: 0, Diff: 0, Sum: 0, Workers: 8
[16.344s][debug][gc,phases      ] GC(77)       Dirty Cards:              Min: 0, Avg:  0.0, Max: 0, Diff: 0, Sum: 0, Workers: 8
[16.344s][debug][gc,phases      ] GC(77)     Hot Card Cache (ms):      Min:  0.0, Avg:  0.0, Max:  0.0, Diff:  0.0, Sum:  0.0, Workers: 8
[16.344s][debug][gc,phases      ] GC(77)       Dirty Cards:              Min: 0, Avg:  0.0, Max: 0, Diff: 0, Sum: 0, Workers: 8
[16.344s][debug][gc,phases      ] GC(77)       Skipped Cards:            Min: 0, Avg:  0.0, Max: 0, Diff: 0, Sum: 0, Workers: 8
[16.344s][debug][gc,phases      ] GC(77)     Log Buffers (ms):         Min:  0.0, Avg:  0.0, Max:  0.0, Diff:  0.0, Sum:  0.0, Workers: 8
[16.344s][debug][gc,phases      ] GC(77)       Dirty Cards:              Min: 0, Avg:  0.1, Max: 1, Diff: 1, Sum: 1, Workers: 8
[16.344s][debug][gc,phases      ] GC(77)       Skipped Cards:            Min: 0, Avg:  0.0, Max: 0, Diff: 0, Sum: 0, Workers: 8
[16.344s][info ][gc,phases      ] GC(77)   Evacuate Collection Set: 0.2ms
[16.344s][debug][gc,phases      ] GC(77)     Ext Root Scanning (ms):   Min:  0.0, Avg:  0.0, Max:  0.1, Diff:  0.1, Sum:  0.3, Workers: 8
[16.344s][debug][gc,phases      ] GC(77)     Scan Heap Roots (ms):     Min:  0.0, Avg:  0.0, Max:  0.0, Diff:  0.0, Sum:  0.0, Workers: 8
[16.344s][debug][gc,phases      ] GC(77)       Scanned Cards:            Min: 0, Avg:  0.1, Max: 1, Diff: 1, Sum: 1, Workers: 8
[16.344s][debug][gc,phases      ] GC(77)       Scanned Blocks:           Min: 0, Avg:  0.1, Max: 1, Diff: 1, Sum: 1, Workers: 8
[16.344s][debug][gc,phases      ] GC(77)       Claimed Chunks:           Min: 0, Avg:  0.1, Max: 1, Diff: 1, Sum: 1, Workers: 8
[16.344s][debug][gc,phases      ] GC(77)     Code Root Scan (ms):      Min:  0.0, Avg:  0.0, Max:  0.0, Diff:  0.0, Sum:  0.0, Workers: 8
[16.344s][debug][gc,phases      ] GC(77)     Object Copy (ms):         Min:  0.0, Avg:  0.0, Max:  0.0, Diff:  0.0, Sum:  0.0, Workers: 8
[16.344s][debug][gc,phases      ] GC(77)     Termination (ms):         Min:  0.0, Avg:  0.0, Max:  0.1, Diff:  0.0, Sum:  0.4, Workers: 8
[16.344s][debug][gc,phases      ] GC(77)       Termination Attempts:     Min: 1, Avg:  1.0, Max: 1, Diff: 0, Sum: 8, Workers: 8
[16.344s][debug][gc,phases      ] GC(77)     GC Worker Other (ms):     Min:  0.0, Avg:  0.0, Max:  0.0, Diff:  0.0, Sum:  0.2, Workers: 8
[16.344s][debug][gc,phases      ] GC(77)     GC Worker Total (ms):     Min:  0.1, Avg:  0.1, Max:  0.2, Diff:  0.1, Sum:  1.0, Workers: 8
[16.344s][info ][gc,phases      ] GC(77)   Post Evacuate Collection Set: 0.3ms
[16.344s][debug][gc,phases      ] GC(77)     Code Roots Fixup: 0.0ms
[16.344s][debug][gc,phases      ] GC(77)     Clear Card Table: 0.1ms
[16.344s][debug][gc,phases      ] GC(77)     Reference Processing: 0.0ms
[16.344s][debug][gc,phases,ref  ] GC(77)       Reconsider SoftReferences: 0.0ms
[16.344s][debug][gc,phases,ref  ] GC(77)         SoftRef (ms):             skipped
[16.344s][debug][gc,phases,ref  ] GC(77)       Notify Soft/WeakReferences: 0.0ms
[16.344s][debug][gc,phases,ref  ] GC(77)         SoftRef (ms):             skipped
[16.344s][debug][gc,phases,ref  ] GC(77)         WeakRef (ms):             skipped
[16.344s][debug][gc,phases,ref  ] GC(77)         FinalRef (ms):            skipped
[16.344s][debug][gc,phases,ref  ] GC(77)         Total (ms):               skipped
[16.344s][debug][gc,phases,ref  ] GC(77)       Notify and keep alive finalizable: 0.0ms
[16.344s][debug][gc,phases,ref  ] GC(77)         FinalRef (ms):            skipped
[16.344s][debug][gc,phases,ref  ] GC(77)       Notify PhantomReferences: 0.0ms
[16.344s][debug][gc,phases,ref  ] GC(77)         PhantomRef (ms):          skipped
[16.344s][debug][gc,phases,ref  ] GC(77)       SoftReference:
[16.344s][debug][gc,phases,ref  ] GC(77)         Discovered: 0
[16.344s][debug][gc,phases,ref  ] GC(77)         Cleared: 0
[16.344s][debug][gc,phases,ref  ] GC(77)       WeakReference:
[16.344s][debug][gc,phases,ref  ] GC(77)         Discovered: 0
[16.344s][debug][gc,phases,ref  ] GC(77)         Cleared: 0
[16.344s][debug][gc,phases,ref  ] GC(77)       FinalReference:
[16.344s][debug][gc,phases,ref  ] GC(77)         Discovered: 0
[16.344s][debug][gc,phases,ref  ] GC(77)         Cleared: 0
[16.344s][debug][gc,phases,ref  ] GC(77)       PhantomReference:
[16.344s][debug][gc,phases,ref  ] GC(77)         Discovered: 0
[16.344s][debug][gc,phases,ref  ] GC(77)         Cleared: 0
[16.344s][debug][gc,phases      ] GC(77)     Weak Processing: 0.0ms
[16.344s][debug][gc,phases      ] GC(77)       JVMTI weak processing: 0.0ms
[16.344s][debug][gc,phases      ] GC(77)         Dead: 0
[16.344s][debug][gc,phases      ] GC(77)         Total: 0
[16.344s][debug][gc,phases      ] GC(77)       JFR weak processing: 0.0ms
[16.344s][debug][gc,phases      ] GC(77)         Dead: 0
[16.344s][debug][gc,phases      ] GC(77)         Total: 0
[16.344s][debug][gc,phases      ] GC(77)       JNI weak                  Min:  0.0, Avg:  0.0, Max:  0.0, Diff:  0.0, Sum:  0.0, Workers: 5
[16.344s][debug][gc,phases      ] GC(77)         Dead                      Min: 0, Avg:  0.0, Max: 0, Diff: 0, Sum: 0, Workers: 5
[16.344s][debug][gc,phases      ] GC(77)         Total                     Min: 0, Avg: 13.4, Max: 52, Diff: 52, Sum: 67, Workers: 5
[16.344s][debug][gc,phases      ] GC(77)       VM weak                   Min:  0.0, Avg:  0.0, Max:  0.0, Diff:  0.0, Sum:  0.0, Workers: 5
[16.344s][debug][gc,phases      ] GC(77)         Dead                      Min: 0, Avg:  0.0, Max: 0, Diff: 0, Sum: 0, Workers: 5
[16.344s][debug][gc,phases      ] GC(77)         Total                     Min: 0, Avg: 47.6, Max: 128, Diff: 128, Sum: 238, Workers: 5
[16.345s][debug][gc,phases      ] GC(77)       StringTable weak          Min:  0.0, Avg:  0.0, Max:  0.0, Diff:  0.0, Sum:  0.0, Workers: 5
[16.345s][debug][gc,phases      ] GC(77)         Dead                      Min: 0, Avg:  0.0, Max: 0, Diff: 0, Sum: 0, Workers: 5
[16.345s][debug][gc,phases      ] GC(77)         Total                     Min: 0, Avg: 728.6, Max: 1533, Diff: 1533, Sum: 3643, Workers: 5
[16.345s][debug][gc,phases      ] GC(77)       ResolvedMethodTable weak  Min:  0.0, Avg:  0.0, Max:  0.0, Diff:  0.0, Sum:  0.0, Workers: 5
[16.345s][debug][gc,phases      ] GC(77)         Dead                      Min: 0, Avg:  0.0, Max: 0, Diff: 0, Sum: 0, Workers: 5
[16.345s][debug][gc,phases      ] GC(77)         Total                     Min: 0, Avg: 123.4, Max: 256, Diff: 256, Sum: 617, Workers: 5
[16.345s][debug][gc,phases      ] GC(77)     Merge Per-Thread State: 0.0ms
[16.345s][debug][gc,phases      ] GC(77)       Copied Bytes              Min: 0, Avg: 29.0, Max: 104, Diff: 104, Sum: 232, Workers: 8
[16.345s][debug][gc,phases      ] GC(77)       LAB Waste                 Min: 0, Avg:  0.0, Max: 0, Diff: 0, Sum: 0, Workers: 8
[16.345s][debug][gc,phases      ] GC(77)       LAB Undo Waste            Min: 0, Avg:  0.0, Max: 0, Diff: 0, Sum: 0, Workers: 8
[16.345s][debug][gc,phases      ] GC(77)     Code Roots Purge: 0.0ms
[16.345s][debug][gc,phases      ] GC(77)     Redirty Cards: 0.0ms
[16.345s][debug][gc,phases      ] GC(77)     DerivedPointerTable Update: 0.0ms
[16.345s][debug][gc,phases      ] GC(77)     Free Collection Set: 0.1ms
[16.345s][debug][gc,phases      ] GC(77)     Rebuild Free List: 0.0ms
[16.345s][debug][gc,phases      ] GC(77)     Humongous Reclaim: 0.0ms
[16.345s][debug][gc,phases      ] GC(77)     Start New Collection Set: 0.0ms
[16.345s][debug][gc,phases      ] GC(77)     Resize TLABs: 0.0ms
[16.345s][debug][gc,phases      ] GC(77)     Expand Heap After Collection: 0.0ms
[16.345s][info ][gc,phases      ] GC(77)   Other: 0.3ms
[16.345s][info ][gc,heap        ] GC(77) Eden regions: 177->0(177)
[16.345s][info ][gc,heap        ] GC(77) Survivor regions: 1->1(23)
[16.345s][info ][gc,heap        ] GC(77) Old regions: 7->7
[16.345s][info ][gc,heap        ] GC(77) Archive regions: 2->2
[16.345s][info ][gc,heap        ] GC(77) Humongous regions: 0->0
[16.345s][info ][gc,metaspace   ] GC(77) Metaspace: 10703K(11136K)->10703K(11136K) NonClass: 9440K(9728K)->9440K(9728K) Class: 1263K(1408K)->1263K(1408K)
[16.345s][debug][gc,heap        ] GC(77) Heap after GC invocations=78 (full 1): garbage-first heap   total 305152K, used 4436K [0x0000000700000000, 0x0000000800000000)
[16.345s][debug][gc,heap        ] GC(77)   region size 1024K, 1 young (1024K), 1 survivors (1024K)
[16.345s][debug][gc,heap        ] GC(77)  Metaspace       used 10703K, capacity 10992K, committed 11136K, reserved 1058816K
[16.345s][debug][gc,heap        ] GC(77)   class space    used 1263K, capacity 1389K, committed 1408K, reserved 1048576K
[16.345s][info ][gc             ] GC(77) Pause Young (Normal) (G1 Evacuation Pause) 181M->4M(298M) 1.529ms
[16.345s][info ][gc,cpu         ] GC(77) User=0.00s Sys=0.00s Real=0.00s
[16.345s][info ][safepoint      ] Safepoint "G1CollectForAllocation", Time since last: 165355186 ns, Reaching safepoint: 83125 ns, At safepoint: 1707438 ns, Total: 1790563 ns
[16.511s][debug][gc,heap        ] GC(78) Heap before GC invocations=78 (full 1): garbage-first heap   total 305152K, used 185684K [0x0000000700000000, 0x0000000800000000)
[16.511s][debug][gc,heap        ] GC(78)   region size 1024K, 178 young (182272K), 1 survivors (1024K)
[16.511s][debug][gc,heap        ] GC(78)  Metaspace       used 10703K, capacity 10992K, committed 11136K, reserved 1058816K
[16.511s][debug][gc,heap        ] GC(78)   class space    used 1263K, capacity 1389K, committed 1408K, reserved 1048576K
[16.511s][info ][gc,start       ] GC(78) Pause Young (Normal) (G1 Evacuation Pause)
[16.511s][info ][gc,task        ] GC(78) Using 8 workers of 8 for evacuation
[16.511s][debug][gc,tlab        ] GC(78) TLAB totals: thrds: 8  refills: 710 max: 94 slow allocs: 0 max 0 waste:  1.1% gc: 1636232B max: 404024B slow: 410328B max: 54328B fast: 0B max: 0B
[16.511s][debug][gc,age         ] GC(78) Desired survivor size 12058624 bytes, new threshold 15 (max threshold 15)
[16.511s][debug][gc,alloc,region] GC(78) Mutator Allocation stats, regions: 177, wasted size: 0B ( 0.0%)
[16.511s][debug][gc,ergo        ] GC(78) Running G1 Merge Heap Roots using 8 workers for 178 regions
[16.511s][debug][gc,remset      ] GC(78) Visited cards 256 Total dirty 2048 (12.50%) Total old 747520 (0.03%)
[16.512s][debug][gc,ergo        ] GC(78) Running G1 Clear Card Table Task using 1 workers for 1 units of work for 179 regions.
[16.512s][debug][gc,ref         ] GC(78) Skipped phase1 of Reference Processing due to unavailable references
[16.512s][debug][gc,ref         ] GC(78) Skipped phase2 of Reference Processing due to unavailable references
[16.512s][debug][gc,ref         ] GC(78) Skipped phase3 of Reference Processing due to unavailable references
[16.512s][debug][gc,ref         ] GC(78) Skipped phase4 of Reference Processing due to unavailable references
[16.512s][debug][gc,ergo        ] GC(78) Running G1 Free Collection Set using 8 workers for collection set length 178 (298)
[16.512s][debug][gc,ergo        ] GC(78) Running G1 Rebuild Free List Task using 8 workers for rebuilding free list of 0 (4096) regions
[16.512s][trace][gc,age         ] GC(78) Age table with threshold 15 (max threshold 15)
[16.512s][trace][gc,age         ] GC(78) - age   1:        568 bytes,        568 total
[16.512s][debug][gc,plab        ] GC(78) Young PLAB allocation: allocated: 14448B, wasted: 0B, unused: 13880B, used: 568B, undo waste: 0B, 
[16.512s][debug][gc,plab        ] GC(78) Young other allocation: region end waste: 0B, regions filled: 1, direct allocated: 0B, failure used: 0B, failure wasted: 0B
[16.512s][debug][gc,plab        ] GC(78) Young sizing: calculated: 112B, actual: 2064B
[16.512s][debug][gc,plab        ] GC(78) Old PLAB allocation: allocated: 0B, wasted: 0B, unused: 0B, used: 0B, undo waste: 0B, 
[16.512s][debug][gc,plab        ] GC(78) Old other allocation: region end waste: 0B, regions filled: 1, direct allocated: 0B, failure used: 0B, failure wasted: 0B
[16.512s][debug][gc,plab        ] GC(78) Old sizing: calculated: 0B, actual: 2064B
[16.512s][debug][gc,ihop        ] GC(78) Basic information (value update), threshold: 140614041B (45.00), target occupancy: 312475648B, current occupancy: 4549216B, recent allocation size: 0B, recent allocation duration: 167.12ms, recent old gen allocation rate: 0.00B/s, recent marking phase length: 0.00ms
[16.512s][debug][gc,ihop        ] GC(78) Adaptive IHOP information (value update), threshold: 140614041B (47.37), internal target occupancy: 296851865B, occupancy: 4549216B, additional buffer size: 186646528B, predicted old gen allocation rate: 19198.96B/s, predicted marking phase length: 0.00ms, prediction active: false
[16.512s][debug][gc,ergo,refine ] GC(78) Concurrent refinement times: Logged Cards Scan time goal: 20.00ms Logged Cards Scan time: 0.00ms HCC time: 0.00ms
[16.512s][debug][gc,ergo,refine ] GC(78) Updated Refinement Zones: green: 2048, yellow: 6144, red: 10240
[16.512s][info ][gc,phases      ] GC(78)   Pre Evacuate Collection Set: 0.1ms
[16.512s][debug][gc,phases      ] GC(78)     Prepare TLABs: 0.0ms
[16.512s][debug][gc,phases      ] GC(78)     Choose Collection Set: 0.0ms
[16.512s][debug][gc,phases      ] GC(78)     Region Register: 0.1ms
[16.512s][debug][gc,phases      ] GC(78)     Prepare Heap Roots: 0.0ms
[16.512s][info ][gc,phases      ] GC(78)   Merge Heap Roots: 0.1ms
[16.512s][debug][gc,phases      ] GC(78)     Prepare Merge Heap Roots: 0.0ms
[16.512s][debug][gc,phases      ] GC(78)     Eager Reclaim (ms):       skipped
[16.512s][debug][gc,phases      ] GC(78)     Remembered Sets (ms):     Min:  0.0, Avg:  0.0, Max:  0.0, Diff:  0.0, Sum:  0.1, Workers: 8
[16.512s][debug][gc,phases      ] GC(78)       Merged Sparse:            Min: 0, Avg:  0.0, Max: 0, Diff: 0, Sum: 0, Workers: 8
[16.512s][debug][gc,phases      ] GC(78)       Merged Fine:              Min: 0, Avg:  0.0, Max: 0, Diff: 0, Sum: 0, Workers: 8
[16.512s][debug][gc,phases      ] GC(78)       Merged Coarse:            Min: 0, Avg:  0.0, Max: 0, Diff: 0, Sum: 0, Workers: 8
[16.512s][debug][gc,phases      ] GC(78)       Dirty Cards:              Min: 0, Avg:  0.0, Max: 0, Diff: 0, Sum: 0, Workers: 8
[16.512s][debug][gc,phases      ] GC(78)     Hot Card Cache (ms):      Min:  0.0, Avg:  0.0, Max:  0.0, Diff:  0.0, Sum:  0.0, Workers: 8
[16.512s][debug][gc,phases      ] GC(78)       Dirty Cards:              Min: 0, Avg:  0.0, Max: 0, Diff: 0, Sum: 0, Workers: 8
[16.512s][debug][gc,phases      ] GC(78)       Skipped Cards:            Min: 0, Avg:  0.0, Max: 0, Diff: 0, Sum: 0, Workers: 8
[16.512s][debug][gc,phases      ] GC(78)     Log Buffers (ms):         Min:  0.0, Avg:  0.0, Max:  0.0, Diff:  0.0, Sum:  0.0, Workers: 8
[16.512s][debug][gc,phases      ] GC(78)       Dirty Cards:              Min: 0, Avg:  0.1, Max: 1, Diff: 1, Sum: 1, Workers: 8
[16.512s][debug][gc,phases      ] GC(78)       Skipped Cards:            Min: 0, Avg:  0.0, Max: 0, Diff: 0, Sum: 0, Workers: 8
[16.512s][info ][gc,phases      ] GC(78)   Evacuate Collection Set: 0.2ms
[16.512s][debug][gc,phases      ] GC(78)     Ext Root Scanning (ms):   Min:  0.0, Avg:  0.0, Max:  0.1, Diff:  0.1, Sum:  0.3, Workers: 8
[16.512s][debug][gc,phases      ] GC(78)     Scan Heap Roots (ms):     Min:  0.0, Avg:  0.0, Max:  0.0, Diff:  0.0, Sum:  0.0, Workers: 8
[16.512s][debug][gc,phases      ] GC(78)       Scanned Cards:            Min: 0, Avg:  0.1, Max: 1, Diff: 1, Sum: 1, Workers: 8
[16.512s][debug][gc,phases      ] GC(78)       Scanned Blocks:           Min: 0, Avg:  0.1, Max: 1, Diff: 1, Sum: 1, Workers: 8
[16.512s][debug][gc,phases      ] GC(78)       Claimed Chunks:           Min: 0, Avg:  0.1, Max: 1, Diff: 1, Sum: 1, Workers: 8
[16.512s][debug][gc,phases      ] GC(78)     Code Root Scan (ms):      Min:  0.0, Avg:  0.0, Max:  0.0, Diff:  0.0, Sum:  0.0, Workers: 8
[16.512s][debug][gc,phases      ] GC(78)     Object Copy (ms):         Min:  0.0, Avg:  0.0, Max:  0.0, Diff:  0.0, Sum:  0.0, Workers: 8
[16.512s][debug][gc,phases      ] GC(78)     Termination (ms):         Min:  0.1, Avg:  0.1, Max:  0.1, Diff:  0.0, Sum:  0.8, Workers: 8
[16.512s][debug][gc,phases      ] GC(78)       Termination Attempts:     Min: 1, Avg:  1.0, Max: 1, Diff: 0, Sum: 8, Workers: 8
[16.512s][debug][gc,phases      ] GC(78)     GC Worker Other (ms):     Min:  0.0, Avg:  0.0, Max:  0.0, Diff:  0.0, Sum:  0.2, Workers: 8
[16.512s][debug][gc,phases      ] GC(78)     GC Worker Total (ms):     Min:  0.1, Avg:  0.2, Max:  0.2, Diff:  0.1, Sum:  1.4, Workers: 8
[16.512s][info ][gc,phases      ] GC(78)   Post Evacuate Collection Set: 0.4ms
[16.512s][debug][gc,phases      ] GC(78)     Code Roots Fixup: 0.0ms
[16.512s][debug][gc,phases      ] GC(78)     Clear Card Table: 0.1ms
[16.512s][debug][gc,phases      ] GC(78)     Reference Processing: 0.0ms
[16.512s][debug][gc,phases,ref  ] GC(78)       Reconsider SoftReferences: 0.0ms
[16.512s][debug][gc,phases,ref  ] GC(78)         SoftRef (ms):             skipped
[16.512s][debug][gc,phases,ref  ] GC(78)       Notify Soft/WeakReferences: 0.0ms
[16.512s][debug][gc,phases,ref  ] GC(78)         SoftRef (ms):             skipped
[16.512s][debug][gc,phases,ref  ] GC(78)         WeakRef (ms):             skipped
[16.512s][debug][gc,phases,ref  ] GC(78)         FinalRef (ms):            skipped
[16.512s][debug][gc,phases,ref  ] GC(78)         Total (ms):               skipped
[16.512s][debug][gc,phases,ref  ] GC(78)       Notify and keep alive finalizable: 0.0ms
[16.512s][debug][gc,phases,ref  ] GC(78)         FinalRef (ms):            skipped
[16.512s][debug][gc,phases,ref  ] GC(78)       Notify PhantomReferences: 0.0ms
[16.512s][debug][gc,phases,ref  ] GC(78)         PhantomRef (ms):          skipped
[16.512s][debug][gc,phases,ref  ] GC(78)       SoftReference:
[16.512s][debug][gc,phases,ref  ] GC(78)         Discovered: 0
[16.512s][debug][gc,phases,ref  ] GC(78)         Cleared: 0
[16.512s][debug][gc,phases,ref  ] GC(78)       WeakReference:
[16.512s][debug][gc,phases,ref  ] GC(78)         Discovered: 0
[16.512s][debug][gc,phases,ref  ] GC(78)         Cleared: 0
[16.512s][debug][gc,phases,ref  ] GC(78)       FinalReference:
[16.512s][debug][gc,phases,ref  ] GC(78)         Discovered: 0
[16.512s][debug][gc,phases,ref  ] GC(78)         Cleared: 0
[16.512s][debug][gc,phases,ref  ] GC(78)       PhantomReference:
[16.512s][debug][gc,phases,ref  ] GC(78)         Discovered: 0
[16.512s][debug][gc,phases,ref  ] GC(78)         Cleared: 0
[16.512s][debug][gc,phases      ] GC(78)     Weak Processing: 0.1ms
[16.512s][debug][gc,phases      ] GC(78)       JVMTI weak processing: 0.0ms
[16.512s][debug][gc,phases      ] GC(78)         Dead: 0
[16.512s][debug][gc,phases      ] GC(78)         Total: 0
[16.512s][debug][gc,phases      ] GC(78)       JFR weak processing: 0.0ms
[16.512s][debug][gc,phases      ] GC(78)         Dead: 0
[16.513s][debug][gc,phases      ] GC(78)         Total: 0
[16.513s][debug][gc,phases      ] GC(78)       JNI weak                  Min:  0.0, Avg:  0.0, Max:  0.0, Diff:  0.0, Sum:  0.0, Workers: 5
[16.513s][debug][gc,phases      ] GC(78)         Dead                      Min: 0, Avg:  0.0, Max: 0, Diff: 0, Sum: 0, Workers: 5
[16.513s][debug][gc,phases      ] GC(78)         Total                     Min: 0, Avg: 13.4, Max: 52, Diff: 52, Sum: 67, Workers: 5
[16.513s][debug][gc,phases      ] GC(78)       VM weak                   Min:  0.0, Avg:  0.0, Max:  0.0, Diff:  0.0, Sum:  0.0, Workers: 5
[16.513s][debug][gc,phases      ] GC(78)         Dead                      Min: 0, Avg:  0.0, Max: 0, Diff: 0, Sum: 0, Workers: 5
[16.513s][debug][gc,phases      ] GC(78)         Total                     Min: 0, Avg: 47.6, Max: 128, Diff: 128, Sum: 238, Workers: 5
[16.513s][debug][gc,phases      ] GC(78)       StringTable weak          Min:  0.0, Avg:  0.0, Max:  0.0, Diff:  0.0, Sum:  0.1, Workers: 5
[16.513s][debug][gc,phases      ] GC(78)         Dead                      Min: 0, Avg:  0.0, Max: 0, Diff: 0, Sum: 0, Workers: 5
[16.513s][debug][gc,phases      ] GC(78)         Total                     Min: 0, Avg: 728.6, Max: 960, Diff: 960, Sum: 3643, Workers: 5
[16.513s][debug][gc,phases      ] GC(78)       ResolvedMethodTable weak  Min:  0.0, Avg:  0.0, Max:  0.0, Diff:  0.0, Sum:  0.0, Workers: 5
[16.513s][debug][gc,phases      ] GC(78)         Dead                      Min: 0, Avg:  0.0, Max: 0, Diff: 0, Sum: 0, Workers: 5
[16.513s][debug][gc,phases      ] GC(78)         Total                     Min: 0, Avg: 123.4, Max: 192, Diff: 192, Sum: 617, Workers: 5
[16.513s][debug][gc,phases      ] GC(78)     Merge Per-Thread State: 0.0ms
[16.513s][debug][gc,phases      ] GC(78)       Copied Bytes              Min: 0, Avg: 71.0, Max: 104, Diff: 104, Sum: 568, Workers: 8
[16.513s][debug][gc,phases      ] GC(78)       LAB Waste                 Min: 0, Avg:  0.0, Max: 0, Diff: 0, Sum: 0, Workers: 8
[16.513s][debug][gc,phases      ] GC(78)       LAB Undo Waste            Min: 0, Avg:  0.0, Max: 0, Diff: 0, Sum: 0, Workers: 8
[16.513s][debug][gc,phases      ] GC(78)     Code Roots Purge: 0.0ms
[16.513s][debug][gc,phases      ] GC(78)     Redirty Cards: 0.0ms
[16.513s][debug][gc,phases      ] GC(78)     DerivedPointerTable Update: 0.0ms
[16.513s][debug][gc,phases      ] GC(78)     Free Collection Set: 0.1ms
[16.513s][debug][gc,phases      ] GC(78)     Rebuild Free List: 0.1ms
[16.513s][debug][gc,phases      ] GC(78)     Humongous Reclaim: 0.0ms
[16.513s][debug][gc,phases      ] GC(78)     Start New Collection Set: 0.0ms
[16.513s][debug][gc,phases      ] GC(78)     Resize TLABs: 0.0ms
[16.513s][debug][gc,phases      ] GC(78)     Expand Heap After Collection: 0.0ms
[16.513s][info ][gc,phases      ] GC(78)   Other: 0.3ms
[16.513s][info ][gc,heap        ] GC(78) Eden regions: 177->0(177)
[16.513s][info ][gc,heap        ] GC(78) Survivor regions: 1->1(23)
[16.513s][info ][gc,heap        ] GC(78) Old regions: 7->7
[16.513s][info ][gc,heap        ] GC(78) Archive regions: 2->2
[16.513s][info ][gc,heap        ] GC(78) Humongous regions: 0->0
[16.513s][info ][gc,metaspace   ] GC(78) Metaspace: 10703K(11136K)->10703K(11136K) NonClass: 9440K(9728K)->9440K(9728K) Class: 1263K(1408K)->1263K(1408K)
[16.513s][debug][gc,heap        ] GC(78) Heap after GC invocations=79 (full 1): garbage-first heap   total 305152K, used 4442K [0x0000000700000000, 0x0000000800000000)
[16.513s][debug][gc,heap        ] GC(78)   region size 1024K, 1 young (1024K), 1 survivors (1024K)
[16.513s][debug][gc,heap        ] GC(78)  Metaspace       used 10703K, capacity 10992K, committed 11136K, reserved 1058816K
[16.513s][debug][gc,heap        ] GC(78)   class space    used 1263K, capacity 1389K, committed 1408K, reserved 1048576K
[16.513s][info ][gc             ] GC(78) Pause Young (Normal) (G1 Evacuation Pause) 181M->4M(298M) 1.576ms
[16.513s][info ][gc,cpu         ] GC(78) User=0.00s Sys=0.00s Real=0.00s
[16.513s][info ][safepoint      ] Safepoint "G1CollectForAllocation", Time since last: 166043153 ns, Reaching safepoint: 251252 ns, At safepoint: 1756445 ns, Total: 2007697 ns
[16.660s][debug][gc,heap        ] GC(79) Heap before GC invocations=79 (full 1): garbage-first heap   total 305152K, used 185690K [0x0000000700000000, 0x0000000800000000)
[16.660s][debug][gc,heap        ] GC(79)   region size 1024K, 178 young (182272K), 1 survivors (1024K)
[16.660s][debug][gc,heap        ] GC(79)  Metaspace       used 10703K, capacity 10992K, committed 11136K, reserved 1058816K
[16.660s][debug][gc,heap        ] GC(79)   class space    used 1263K, capacity 1389K, committed 1408K, reserved 1048576K
[16.660s][info ][gc,start       ] GC(79) Pause Young (Normal) (G1 Evacuation Pause)
[16.660s][info ][gc,task        ] GC(79) Using 8 workers of 8 for evacuation
[16.660s][debug][gc,tlab        ] GC(79) TLAB totals: thrds: 8  refills: 712 max: 116 slow allocs: 0 max 0 waste:  0.8% gc: 1064696B max: 360448B slow: 411768B max: 67192B fast: 0B max: 0B
[16.660s][debug][gc,age         ] GC(79) Desired survivor size 12058624 bytes, new threshold 15 (max threshold 15)
[16.660s][debug][gc,alloc,region] GC(79) Mutator Allocation stats, regions: 177, wasted size: 0B ( 0.0%)
[16.660s][debug][gc,ergo        ] GC(79) Running G1 Merge Heap Roots using 8 workers for 178 regions
[16.660s][debug][gc,remset      ] GC(79) Visited cards 256 Total dirty 2048 (12.50%) Total old 747520 (0.03%)
[16.661s][debug][gc,ergo        ] GC(79) Running G1 Clear Card Table Task using 1 workers for 1 units of work for 179 regions.
[16.661s][debug][gc,ref         ] GC(79) Skipped phase1 of Reference Processing due to unavailable references
[16.661s][debug][gc,ref         ] GC(79) Skipped phase2 of Reference Processing due to unavailable references
[16.661s][debug][gc,ref         ] GC(79) Skipped phase3 of Reference Processing due to unavailable references
[16.661s][debug][gc,ref         ] GC(79) Skipped phase4 of Reference Processing due to unavailable references
[16.661s][debug][gc,ergo        ] GC(79) Running G1 Free Collection Set using 8 workers for collection set length 178 (298)
[16.661s][debug][gc,ergo        ] GC(79) Running G1 Rebuild Free List Task using 8 workers for rebuilding free list of 0 (4096) regions
[16.661s][trace][gc,age         ] GC(79) Age table with threshold 15 (max threshold 15)
[16.661s][trace][gc,age         ] GC(79) - age   1:        496 bytes,        496 total
[16.661s][debug][gc,plab        ] GC(79) Young PLAB allocation: allocated: 10320B, wasted: 0B, unused: 9824B, used: 496B, undo waste: 0B, 
[16.661s][debug][gc,plab        ] GC(79) Young other allocation: region end waste: 0B, regions filled: 1, direct allocated: 0B, failure used: 0B, failure wasted: 0B
[16.661s][debug][gc,plab        ] GC(79) Young sizing: calculated: 96B, actual: 2064B
[16.661s][debug][gc,plab        ] GC(79) Old PLAB allocation: allocated: 0B, wasted: 0B, unused: 0B, used: 0B, undo waste: 0B, 
[16.661s][debug][gc,plab        ] GC(79) Old other allocation: region end waste: 0B, regions filled: 1, direct allocated: 0B, failure used: 0B, failure wasted: 0B
[16.661s][debug][gc,plab        ] GC(79) Old sizing: calculated: 0B, actual: 2064B
[16.661s][debug][gc,ihop        ] GC(79) Basic information (value update), threshold: 140614041B (45.00), target occupancy: 312475648B, current occupancy: 4545088B, recent allocation size: 0B, recent allocation duration: 148.05ms, recent old gen allocation rate: 0.00B/s, recent marking phase length: 0.00ms
[16.661s][debug][gc,ihop        ] GC(79) Adaptive IHOP information (value update), threshold: 140614041B (47.37), internal target occupancy: 296851865B, occupancy: 4545088B, additional buffer size: 186646528B, predicted old gen allocation rate: 18623.64B/s, predicted marking phase length: 0.00ms, prediction active: false
[16.661s][debug][gc,ergo,refine ] GC(79) Concurrent refinement times: Logged Cards Scan time goal: 20.00ms Logged Cards Scan time: 0.00ms HCC time: 0.00ms
[16.661s][debug][gc,ergo,refine ] GC(79) Updated Refinement Zones: green: 2048, yellow: 6144, red: 10240
[16.661s][info ][gc,phases      ] GC(79)   Pre Evacuate Collection Set: 0.1ms
[16.661s][debug][gc,phases      ] GC(79)     Prepare TLABs: 0.0ms
[16.661s][debug][gc,phases      ] GC(79)     Choose Collection Set: 0.0ms
[16.661s][debug][gc,phases      ] GC(79)     Region Register: 0.1ms
[16.661s][debug][gc,phases      ] GC(79)     Prepare Heap Roots: 0.0ms
[16.661s][info ][gc,phases      ] GC(79)   Merge Heap Roots: 0.1ms
[16.661s][debug][gc,phases      ] GC(79)     Prepare Merge Heap Roots: 0.0ms
[16.661s][debug][gc,phases      ] GC(79)     Eager Reclaim (ms):       skipped
[16.661s][debug][gc,phases      ] GC(79)     Remembered Sets (ms):     Min:  0.0, Avg:  0.0, Max:  0.0, Diff:  0.0, Sum:  0.1, Workers: 8
[16.661s][debug][gc,phases      ] GC(79)       Merged Sparse:            Min: 0, Avg:  0.0, Max: 0, Diff: 0, Sum: 0, Workers: 8
[16.661s][debug][gc,phases      ] GC(79)       Merged Fine:              Min: 0, Avg:  0.0, Max: 0, Diff: 0, Sum: 0, Workers: 8
[16.661s][debug][gc,phases      ] GC(79)       Merged Coarse:            Min: 0, Avg:  0.0, Max: 0, Diff: 0, Sum: 0, Workers: 8
[16.661s][debug][gc,phases      ] GC(79)       Dirty Cards:              Min: 0, Avg:  0.0, Max: 0, Diff: 0, Sum: 0, Workers: 8
[16.661s][debug][gc,phases      ] GC(79)     Hot Card Cache (ms):      Min:  0.0, Avg:  0.0, Max:  0.0, Diff:  0.0, Sum:  0.0, Workers: 8
[16.661s][debug][gc,phases      ] GC(79)       Dirty Cards:              Min: 0, Avg:  0.0, Max: 0, Diff: 0, Sum: 0, Workers: 8
[16.661s][debug][gc,phases      ] GC(79)       Skipped Cards:            Min: 0, Avg:  0.0, Max: 0, Diff: 0, Sum: 0, Workers: 8
[16.661s][debug][gc,phases      ] GC(79)     Log Buffers (ms):         Min:  0.0, Avg:  0.0, Max:  0.0, Diff:  0.0, Sum:  0.0, Workers: 8
[16.661s][debug][gc,phases      ] GC(79)       Dirty Cards:              Min: 0, Avg:  0.1, Max: 1, Diff: 1, Sum: 1, Workers: 8
[16.661s][debug][gc,phases      ] GC(79)       Skipped Cards:            Min: 0, Avg:  0.0, Max: 0, Diff: 0, Sum: 0, Workers: 8
[16.661s][info ][gc,phases      ] GC(79)   Evacuate Collection Set: 0.2ms
[16.661s][debug][gc,phases      ] GC(79)     Ext Root Scanning (ms):   Min:  0.0, Avg:  0.0, Max:  0.1, Diff:  0.1, Sum:  0.2, Workers: 8
[16.661s][debug][gc,phases      ] GC(79)     Scan Heap Roots (ms):     Min:  0.0, Avg:  0.0, Max:  0.0, Diff:  0.0, Sum:  0.0, Workers: 8
[16.661s][debug][gc,phases      ] GC(79)       Scanned Cards:            Min: 0, Avg:  0.1, Max: 1, Diff: 1, Sum: 1, Workers: 8
[16.661s][debug][gc,phases      ] GC(79)       Scanned Blocks:           Min: 0, Avg:  0.1, Max: 1, Diff: 1, Sum: 1, Workers: 8
[16.661s][debug][gc,phases      ] GC(79)       Claimed Chunks:           Min: 0, Avg:  0.1, Max: 1, Diff: 1, Sum: 1, Workers: 8
[16.661s][debug][gc,phases      ] GC(79)     Code Root Scan (ms):      Min:  0.0, Avg:  0.0, Max:  0.0, Diff:  0.0, Sum:  0.0, Workers: 8
[16.661s][debug][gc,phases      ] GC(79)     Object Copy (ms):         Min:  0.0, Avg:  0.0, Max:  0.0, Diff:  0.0, Sum:  0.0, Workers: 8
[16.661s][debug][gc,phases      ] GC(79)     Termination (ms):         Min:  0.0, Avg:  0.1, Max:  0.1, Diff:  0.0, Sum:  0.5, Workers: 8
[16.661s][debug][gc,phases      ] GC(79)       Termination Attempts:     Min: 1, Avg:  1.0, Max: 1, Diff: 0, Sum: 8, Workers: 8
[16.661s][debug][gc,phases      ] GC(79)     GC Worker Other (ms):     Min:  0.0, Avg:  0.0, Max:  0.0, Diff:  0.0, Sum:  0.1, Workers: 8
[16.661s][debug][gc,phases      ] GC(79)     GC Worker Total (ms):     Min:  0.1, Avg:  0.1, Max:  0.1, Diff:  0.1, Sum:  0.8, Workers: 8
[16.661s][info ][gc,phases      ] GC(79)   Post Evacuate Collection Set: 0.4ms
[16.661s][debug][gc,phases      ] GC(79)     Code Roots Fixup: 0.0ms
[16.661s][debug][gc,phases      ] GC(79)     Clear Card Table: 0.1ms
[16.661s][debug][gc,phases      ] GC(79)     Reference Processing: 0.1ms
[16.661s][debug][gc,phases,ref  ] GC(79)       Reconsider SoftReferences: 0.0ms
[16.661s][debug][gc,phases,ref  ] GC(79)         SoftRef (ms):             skipped
[16.661s][debug][gc,phases,ref  ] GC(79)       Notify Soft/WeakReferences: 0.0ms
[16.661s][debug][gc,phases,ref  ] GC(79)         SoftRef (ms):             skipped
[16.661s][debug][gc,phases,ref  ] GC(79)         WeakRef (ms):             skipped
[16.661s][debug][gc,phases,ref  ] GC(79)         FinalRef (ms):            skipped
[16.661s][debug][gc,phases,ref  ] GC(79)         Total (ms):               skipped
[16.661s][debug][gc,phases,ref  ] GC(79)       Notify and keep alive finalizable: 0.0ms
[16.661s][debug][gc,phases,ref  ] GC(79)         FinalRef (ms):            skipped
[16.661s][debug][gc,phases,ref  ] GC(79)       Notify PhantomReferences: 0.0ms
[16.661s][debug][gc,phases,ref  ] GC(79)         PhantomRef (ms):          skipped
[16.661s][debug][gc,phases,ref  ] GC(79)       SoftReference:
[16.661s][debug][gc,phases,ref  ] GC(79)         Discovered: 0
[16.661s][debug][gc,phases,ref  ] GC(79)         Cleared: 0
[16.661s][debug][gc,phases,ref  ] GC(79)       WeakReference:
[16.661s][debug][gc,phases,ref  ] GC(79)         Discovered: 0
[16.661s][debug][gc,phases,ref  ] GC(79)         Cleared: 0
[16.661s][debug][gc,phases,ref  ] GC(79)       FinalReference:
[16.661s][debug][gc,phases,ref  ] GC(79)         Discovered: 0
[16.661s][debug][gc,phases,ref  ] GC(79)         Cleared: 0
[16.661s][debug][gc,phases,ref  ] GC(79)       PhantomReference:
[16.661s][debug][gc,phases,ref  ] GC(79)         Discovered: 0
[16.661s][debug][gc,phases,ref  ] GC(79)         Cleared: 0
[16.661s][debug][gc,phases      ] GC(79)     Weak Processing: 0.1ms
[16.661s][debug][gc,phases      ] GC(79)       JVMTI weak processing: 0.0ms
[16.661s][debug][gc,phases      ] GC(79)         Dead: 0
[16.661s][debug][gc,phases      ] GC(79)         Total: 0
[16.661s][debug][gc,phases      ] GC(79)       JFR weak processing: 0.0ms
[16.661s][debug][gc,phases      ] GC(79)         Dead: 0
[16.661s][debug][gc,phases      ] GC(79)         Total: 0
[16.661s][debug][gc,phases      ] GC(79)       JNI weak                  Min:  0.0, Avg:  0.0, Max:  0.0, Diff:  0.0, Sum:  0.0, Workers: 5
[16.661s][debug][gc,phases      ] GC(79)         Dead                      Min: 0, Avg:  0.0, Max: 0, Diff: 0, Sum: 0, Workers: 5
[16.661s][debug][gc,phases      ] GC(79)         Total                     Min: 0, Avg: 13.4, Max: 52, Diff: 52, Sum: 67, Workers: 5
[16.661s][debug][gc,phases      ] GC(79)       VM weak                   Min:  0.0, Avg:  0.0, Max:  0.0, Diff:  0.0, Sum:  0.0, Workers: 5
[16.661s][debug][gc,phases      ] GC(79)         Dead                      Min: 0, Avg:  0.0, Max: 0, Diff: 0, Sum: 0, Workers: 5
[16.661s][debug][gc,phases      ] GC(79)         Total                     Min: 0, Avg: 47.6, Max: 128, Diff: 128, Sum: 238, Workers: 5
[16.661s][debug][gc,phases      ] GC(79)       StringTable weak          Min:  0.0, Avg:  0.0, Max:  0.1, Diff:  0.1, Sum:  0.1, Workers: 5
[16.661s][debug][gc,phases      ] GC(79)         Dead                      Min: 0, Avg:  0.0, Max: 0, Diff: 0, Sum: 0, Workers: 5
[16.661s][debug][gc,phases      ] GC(79)         Total                     Min: 0, Avg: 728.6, Max: 1726, Diff: 1726, Sum: 3643, Workers: 5
[16.662s][debug][gc,phases      ] GC(79)       ResolvedMethodTable weak  Min:  0.0, Avg:  0.0, Max:  0.0, Diff:  0.0, Sum:  0.0, Workers: 5
[16.662s][debug][gc,phases      ] GC(79)         Dead                      Min: 0, Avg:  0.0, Max: 0, Diff: 0, Sum: 0, Workers: 5
[16.662s][debug][gc,phases      ] GC(79)         Total                     Min: 0, Avg: 123.4, Max: 361, Diff: 361, Sum: 617, Workers: 5
[16.662s][debug][gc,phases      ] GC(79)     Merge Per-Thread State: 0.0ms
[16.662s][debug][gc,phases      ] GC(79)       Copied Bytes              Min: 0, Avg: 62.0, Max: 128, Diff: 128, Sum: 496, Workers: 8
[16.662s][debug][gc,phases      ] GC(79)       LAB Waste                 Min: 0, Avg:  0.0, Max: 0, Diff: 0, Sum: 0, Workers: 8
[16.662s][debug][gc,phases      ] GC(79)       LAB Undo Waste            Min: 0, Avg:  0.0, Max: 0, Diff: 0, Sum: 0, Workers: 8
[16.662s][debug][gc,phases      ] GC(79)     Code Roots Purge: 0.0ms
[16.662s][debug][gc,phases      ] GC(79)     Redirty Cards: 0.0ms
[16.662s][debug][gc,phases      ] GC(79)     DerivedPointerTable Update: 0.0ms
[16.662s][debug][gc,phases      ] GC(79)     Free Collection Set: 0.1ms
[16.662s][debug][gc,phases      ] GC(79)     Rebuild Free List: 0.0ms
[16.662s][debug][gc,phases      ] GC(79)     Humongous Reclaim: 0.0ms
[16.662s][debug][gc,phases      ] GC(79)     Start New Collection Set: 0.0ms
[16.662s][debug][gc,phases      ] GC(79)     Resize TLABs: 0.0ms
[16.662s][debug][gc,phases      ] GC(79)     Expand Heap After Collection: 0.0ms
[16.662s][info ][gc,phases      ] GC(79)   Other: 0.3ms
[16.662s][info ][gc,heap        ] GC(79) Eden regions: 177->0(177)
[16.662s][info ][gc,heap        ] GC(79) Survivor regions: 1->1(23)
[16.662s][info ][gc,heap        ] GC(79) Old regions: 7->7
[16.662s][info ][gc,heap        ] GC(79) Archive regions: 2->2
[16.662s][info ][gc,heap        ] GC(79) Humongous regions: 0->0
[16.662s][info ][gc,metaspace   ] GC(79) Metaspace: 10703K(11136K)->10703K(11136K) NonClass: 9440K(9728K)->9440K(9728K) Class: 1263K(1408K)->1263K(1408K)
[16.662s][debug][gc,heap        ] GC(79) Heap after GC invocations=80 (full 1): garbage-first heap   total 305152K, used 4438K [0x0000000700000000, 0x0000000800000000)
[16.662s][debug][gc,heap        ] GC(79)   region size 1024K, 1 young (1024K), 1 survivors (1024K)
[16.662s][debug][gc,heap        ] GC(79)  Metaspace       used 10703K, capacity 10992K, committed 11136K, reserved 1058816K
[16.662s][debug][gc,heap        ] GC(79)   class space    used 1263K, capacity 1389K, committed 1408K, reserved 1048576K
[16.662s][info ][gc             ] GC(79) Pause Young (Normal) (G1 Evacuation Pause) 181M->4M(298M) 1.556ms
[16.662s][info ][gc,cpu         ] GC(79) User=0.00s Sys=0.00s Real=0.00s
[16.662s][info ][safepoint      ] Safepoint "G1CollectForAllocation", Time since last: 147081999 ns, Reaching safepoint: 114009 ns, At safepoint: 1743480 ns, Total: 1857489 ns
[16.831s][debug][gc,heap        ] GC(80) Heap before GC invocations=80 (full 1): garbage-first heap   total 305152K, used 185686K [0x0000000700000000, 0x0000000800000000)
[16.831s][debug][gc,heap        ] GC(80)   region size 1024K, 178 young (182272K), 1 survivors (1024K)
[16.831s][debug][gc,heap        ] GC(80)  Metaspace       used 10703K, capacity 10992K, committed 11136K, reserved 1058816K
[16.831s][debug][gc,heap        ] GC(80)   class space    used 1263K, capacity 1389K, committed 1408K, reserved 1048576K
[16.831s][info ][gc,start       ] GC(80) Pause Young (Normal) (G1 Evacuation Pause)
[16.831s][info ][gc,task        ] GC(80) Using 8 workers of 8 for evacuation
[16.831s][debug][gc,tlab        ] GC(80) TLAB totals: thrds: 8  refills: 709 max: 96 slow allocs: 0 max 0 waste:  1.0% gc: 1374840B max: 410440B slow: 410520B max: 55728B fast: 0B max: 0B
[16.831s][debug][gc,age         ] GC(80) Desired survivor size 12058624 bytes, new threshold 15 (max threshold 15)
[16.831s][debug][gc,alloc,region] GC(80) Mutator Allocation stats, regions: 177, wasted size: 400B ( 0.0%)
[16.831s][debug][gc,ergo        ] GC(80) Running G1 Merge Heap Roots using 8 workers for 178 regions
[16.831s][debug][gc,remset      ] GC(80) Visited cards 256 Total dirty 2048 (12.50%) Total old 747520 (0.03%)
[16.831s][debug][gc,ergo        ] GC(80) Running G1 Clear Card Table Task using 1 workers for 1 units of work for 179 regions.
[16.832s][debug][gc,ref         ] GC(80) Skipped phase1 of Reference Processing due to unavailable references
[16.832s][debug][gc,ref         ] GC(80) Skipped phase2 of Reference Processing due to unavailable references
[16.832s][debug][gc,ref         ] GC(80) Skipped phase3 of Reference Processing due to unavailable references
[16.832s][debug][gc,ref         ] GC(80) Skipped phase4 of Reference Processing due to unavailable references
[16.832s][debug][gc,ergo        ] GC(80) Running G1 Free Collection Set using 8 workers for collection set length 178 (298)
[16.832s][debug][gc,ergo        ] GC(80) Running G1 Rebuild Free List Task using 8 workers for rebuilding free list of 0 (4096) regions
[16.832s][trace][gc,age         ] GC(80) Age table with threshold 15 (max threshold 15)
[16.832s][trace][gc,age         ] GC(80) - age   1:        520 bytes,        520 total
[16.832s][debug][gc,plab        ] GC(80) Young PLAB allocation: allocated: 12384B, wasted: 0B, unused: 11864B, used: 520B, undo waste: 0B, 
[16.832s][debug][gc,plab        ] GC(80) Young other allocation: region end waste: 0B, regions filled: 1, direct allocated: 0B, failure used: 0B, failure wasted: 0B
[16.832s][debug][gc,plab        ] GC(80) Young sizing: calculated: 104B, actual: 2064B
[16.832s][debug][gc,plab        ] GC(80) Old PLAB allocation: allocated: 0B, wasted: 0B, unused: 0B, used: 0B, undo waste: 0B, 
[16.832s][debug][gc,plab        ] GC(80) Old other allocation: region end waste: 0B, regions filled: 1, direct allocated: 0B, failure used: 0B, failure wasted: 0B
[16.832s][debug][gc,plab        ] GC(80) Old sizing: calculated: 0B, actual: 2064B
[16.832s][debug][gc,ihop        ] GC(80) Basic information (value update), threshold: 140614041B (45.00), target occupancy: 312475648B, current occupancy: 4547152B, recent allocation size: 0B, recent allocation duration: 169.97ms, recent old gen allocation rate: 0.00B/s, recent marking phase length: 0.00ms
[16.832s][debug][gc,ihop        ] GC(80) Adaptive IHOP information (value update), threshold: 140614041B (47.37), internal target occupancy: 296851865B, occupancy: 4547152B, additional buffer size: 186646528B, predicted old gen allocation rate: 18067.21B/s, predicted marking phase length: 0.00ms, prediction active: false
[16.832s][debug][gc,ergo,refine ] GC(80) Concurrent refinement times: Logged Cards Scan time goal: 20.00ms Logged Cards Scan time: 0.00ms HCC time: 0.00ms
[16.832s][debug][gc,ergo,refine ] GC(80) Updated Refinement Zones: green: 2048, yellow: 6144, red: 10240
[16.832s][info ][gc,phases      ] GC(80)   Pre Evacuate Collection Set: 0.1ms
[16.832s][debug][gc,phases      ] GC(80)     Prepare TLABs: 0.0ms
[16.832s][debug][gc,phases      ] GC(80)     Choose Collection Set: 0.0ms
[16.832s][debug][gc,phases      ] GC(80)     Region Register: 0.1ms
[16.832s][debug][gc,phases      ] GC(80)     Prepare Heap Roots: 0.0ms
[16.832s][info ][gc,phases      ] GC(80)   Merge Heap Roots: 0.1ms
[16.832s][debug][gc,phases      ] GC(80)     Prepare Merge Heap Roots: 0.0ms
[16.832s][debug][gc,phases      ] GC(80)     Eager Reclaim (ms):       skipped
[16.832s][debug][gc,phases      ] GC(80)     Remembered Sets (ms):     Min:  0.0, Avg:  0.0, Max:  0.0, Diff:  0.0, Sum:  0.2, Workers: 8
[16.832s][debug][gc,phases      ] GC(80)       Merged Sparse:            Min: 0, Avg:  0.0, Max: 0, Diff: 0, Sum: 0, Workers: 8
[16.832s][debug][gc,phases      ] GC(80)       Merged Fine:              Min: 0, Avg:  0.0, Max: 0, Diff: 0, Sum: 0, Workers: 8
[16.832s][debug][gc,phases      ] GC(80)       Merged Coarse:            Min: 0, Avg:  0.0, Max: 0, Diff: 0, Sum: 0, Workers: 8
[16.832s][debug][gc,phases      ] GC(80)       Dirty Cards:              Min: 0, Avg:  0.0, Max: 0, Diff: 0, Sum: 0, Workers: 8
[16.832s][debug][gc,phases      ] GC(80)     Hot Card Cache (ms):      Min:  0.0, Avg:  0.0, Max:  0.0, Diff:  0.0, Sum:  0.0, Workers: 8
[16.832s][debug][gc,phases      ] GC(80)       Dirty Cards:              Min: 0, Avg:  0.0, Max: 0, Diff: 0, Sum: 0, Workers: 8
[16.832s][debug][gc,phases      ] GC(80)       Skipped Cards:            Min: 0, Avg:  0.0, Max: 0, Diff: 0, Sum: 0, Workers: 8
[16.832s][debug][gc,phases      ] GC(80)     Log Buffers (ms):         Min:  0.0, Avg:  0.0, Max:  0.0, Diff:  0.0, Sum:  0.0, Workers: 8
[16.832s][debug][gc,phases      ] GC(80)       Dirty Cards:              Min: 0, Avg:  0.1, Max: 1, Diff: 1, Sum: 1, Workers: 8
[16.832s][debug][gc,phases      ] GC(80)       Skipped Cards:            Min: 0, Avg:  0.0, Max: 0, Diff: 0, Sum: 0, Workers: 8
[16.832s][info ][gc,phases      ] GC(80)   Evacuate Collection Set: 0.2ms
[16.832s][debug][gc,phases      ] GC(80)     Ext Root Scanning (ms):   Min:  0.0, Avg:  0.0, Max:  0.1, Diff:  0.1, Sum:  0.4, Workers: 8
[16.832s][debug][gc,phases      ] GC(80)     Scan Heap Roots (ms):     Min:  0.0, Avg:  0.0, Max:  0.0, Diff:  0.0, Sum:  0.0, Workers: 8
[16.832s][debug][gc,phases      ] GC(80)       Scanned Cards:            Min: 0, Avg:  0.1, Max: 1, Diff: 1, Sum: 1, Workers: 8
[16.832s][debug][gc,phases      ] GC(80)       Scanned Blocks:           Min: 0, Avg:  0.1, Max: 1, Diff: 1, Sum: 1, Workers: 8
[16.832s][debug][gc,phases      ] GC(80)       Claimed Chunks:           Min: 0, Avg:  0.1, Max: 1, Diff: 1, Sum: 1, Workers: 8
[16.832s][debug][gc,phases      ] GC(80)     Code Root Scan (ms):      Min:  0.0, Avg:  0.0, Max:  0.0, Diff:  0.0, Sum:  0.0, Workers: 8
[16.832s][debug][gc,phases      ] GC(80)     Object Copy (ms):         Min:  0.0, Avg:  0.0, Max:  0.0, Diff:  0.0, Sum:  0.0, Workers: 8
[16.832s][debug][gc,phases      ] GC(80)     Termination (ms):         Min:  0.1, Avg:  0.1, Max:  0.1, Diff:  0.0, Sum:  0.5, Workers: 8
[16.832s][debug][gc,phases      ] GC(80)       Termination Attempts:     Min: 1, Avg:  1.0, Max: 1, Diff: 0, Sum: 8, Workers: 8
[16.832s][debug][gc,phases      ] GC(80)     GC Worker Other (ms):     Min:  0.0, Avg:  0.0, Max:  0.0, Diff:  0.0, Sum:  0.2, Workers: 8
[16.832s][debug][gc,phases      ] GC(80)     GC Worker Total (ms):     Min:  0.1, Avg:  0.1, Max:  0.2, Diff:  0.1, Sum:  1.1, Workers: 8
[16.832s][info ][gc,phases      ] GC(80)   Post Evacuate Collection Set: 0.4ms
[16.832s][debug][gc,phases      ] GC(80)     Code Roots Fixup: 0.0ms
[16.832s][debug][gc,phases      ] GC(80)     Clear Card Table: 0.1ms
[16.832s][debug][gc,phases      ] GC(80)     Reference Processing: 0.0ms
[16.832s][debug][gc,phases,ref  ] GC(80)       Reconsider SoftReferences: 0.0ms
[16.832s][debug][gc,phases,ref  ] GC(80)         SoftRef (ms):             skipped
[16.832s][debug][gc,phases,ref  ] GC(80)       Notify Soft/WeakReferences: 0.0ms
[16.832s][debug][gc,phases,ref  ] GC(80)         SoftRef (ms):             skipped
[16.832s][debug][gc,phases,ref  ] GC(80)         WeakRef (ms):             skipped
[16.832s][debug][gc,phases,ref  ] GC(80)         FinalRef (ms):            skipped
[16.832s][debug][gc,phases,ref  ] GC(80)         Total (ms):               skipped
[16.832s][debug][gc,phases,ref  ] GC(80)       Notify and keep alive finalizable: 0.0ms
[16.832s][debug][gc,phases,ref  ] GC(80)         FinalRef (ms):            skipped
[16.832s][debug][gc,phases,ref  ] GC(80)       Notify PhantomReferences: 0.0ms
[16.832s][debug][gc,phases,ref  ] GC(80)         PhantomRef (ms):          skipped
[16.832s][debug][gc,phases,ref  ] GC(80)       SoftReference:
[16.832s][debug][gc,phases,ref  ] GC(80)         Discovered: 0
[16.832s][debug][gc,phases,ref  ] GC(80)         Cleared: 0
[16.832s][debug][gc,phases,ref  ] GC(80)       WeakReference:
[16.832s][debug][gc,phases,ref  ] GC(80)         Discovered: 0
[16.832s][debug][gc,phases,ref  ] GC(80)         Cleared: 0
[16.832s][debug][gc,phases,ref  ] GC(80)       FinalReference:
[16.832s][debug][gc,phases,ref  ] GC(80)         Discovered: 0
[16.832s][debug][gc,phases,ref  ] GC(80)         Cleared: 0
[16.832s][debug][gc,phases,ref  ] GC(80)       PhantomReference:
[16.832s][debug][gc,phases,ref  ] GC(80)         Discovered: 0
[16.832s][debug][gc,phases,ref  ] GC(80)         Cleared: 0
[16.832s][debug][gc,phases      ] GC(80)     Weak Processing: 0.1ms
[16.832s][debug][gc,phases      ] GC(80)       JVMTI weak processing: 0.0ms
[16.832s][debug][gc,phases      ] GC(80)         Dead: 0
[16.832s][debug][gc,phases      ] GC(80)         Total: 0
[16.832s][debug][gc,phases      ] GC(80)       JFR weak processing: 0.0ms
[16.832s][debug][gc,phases      ] GC(80)         Dead: 0
[16.832s][debug][gc,phases      ] GC(80)         Total: 0
[16.832s][debug][gc,phases      ] GC(80)       JNI weak                  Min:  0.0, Avg:  0.0, Max:  0.0, Diff:  0.0, Sum:  0.1, Workers: 5
[16.832s][debug][gc,phases      ] GC(80)         Dead                      Min: 0, Avg:  0.0, Max: 0, Diff: 0, Sum: 0, Workers: 5
[16.832s][debug][gc,phases      ] GC(80)         Total                     Min: 0, Avg: 13.4, Max: 67, Diff: 67, Sum: 67, Workers: 5
[16.832s][debug][gc,phases      ] GC(80)       VM weak                   Min:  0.0, Avg:  0.0, Max:  0.0, Diff:  0.0, Sum:  0.0, Workers: 5
[16.832s][debug][gc,phases      ] GC(80)         Dead                      Min: 0, Avg:  0.0, Max: 0, Diff: 0, Sum: 0, Workers: 5
[16.832s][debug][gc,phases      ] GC(80)         Total                     Min: 0, Avg: 47.6, Max: 238, Diff: 238, Sum: 238, Workers: 5
[16.832s][debug][gc,phases      ] GC(80)       StringTable weak          Min:  0.0, Avg:  0.0, Max:  0.1, Diff:  0.1, Sum:  0.1, Workers: 5
[16.832s][debug][gc,phases      ] GC(80)         Dead                      Min: 0, Avg:  0.0, Max: 0, Diff: 0, Sum: 0, Workers: 5
[16.832s][debug][gc,phases      ] GC(80)         Total                     Min: 0, Avg: 728.6, Max: 2235, Diff: 2235, Sum: 3643, Workers: 5
[16.832s][debug][gc,phases      ] GC(80)       ResolvedMethodTable weak  Min:  0.0, Avg:  0.0, Max:  0.0, Diff:  0.0, Sum:  0.0, Workers: 5
[16.832s][debug][gc,phases      ] GC(80)         Dead                      Min: 0, Avg:  0.0, Max: 0, Diff: 0, Sum: 0, Workers: 5
[16.832s][debug][gc,phases      ] GC(80)         Total                     Min: 0, Avg: 123.4, Max: 192, Diff: 192, Sum: 617, Workers: 5
[16.832s][debug][gc,phases      ] GC(80)     Merge Per-Thread State: 0.0ms
[16.832s][debug][gc,phases      ] GC(80)       Copied Bytes              Min: 0, Avg: 65.0, Max: 128, Diff: 128, Sum: 520, Workers: 8
[16.832s][debug][gc,phases      ] GC(80)       LAB Waste                 Min: 0, Avg:  0.0, Max: 0, Diff: 0, Sum: 0, Workers: 8
[16.832s][debug][gc,phases      ] GC(80)       LAB Undo Waste            Min: 0, Avg:  0.0, Max: 0, Diff: 0, Sum: 0, Workers: 8
[16.832s][debug][gc,phases      ] GC(80)     Code Roots Purge: 0.0ms
[16.832s][debug][gc,phases      ] GC(80)     Redirty Cards: 0.0ms
[16.832s][debug][gc,phases      ] GC(80)     DerivedPointerTable Update: 0.0ms
[16.832s][debug][gc,phases      ] GC(80)     Free Collection Set: 0.1ms
[16.832s][debug][gc,phases      ] GC(80)     Rebuild Free List: 0.1ms
[16.832s][debug][gc,phases      ] GC(80)     Humongous Reclaim: 0.0ms
[16.832s][debug][gc,phases      ] GC(80)     Start New Collection Set: 0.0ms
[16.832s][debug][gc,phases      ] GC(80)     Resize TLABs: 0.0ms
[16.832s][debug][gc,phases      ] GC(80)     Expand Heap After Collection: 0.0ms
[16.832s][info ][gc,phases      ] GC(80)   Other: 0.3ms
[16.832s][info ][gc,heap        ] GC(80) Eden regions: 177->0(177)
[16.833s][info ][gc,heap        ] GC(80) Survivor regions: 1->1(23)
[16.833s][info ][gc,heap        ] GC(80) Old regions: 7->7
[16.833s][info ][gc,heap        ] GC(80) Archive regions: 2->2
[16.833s][info ][gc,heap        ] GC(80) Humongous regions: 0->0
[16.833s][info ][gc,metaspace   ] GC(80) Metaspace: 10703K(11136K)->10703K(11136K) NonClass: 9440K(9728K)->9440K(9728K) Class: 1263K(1408K)->1263K(1408K)
[16.833s][debug][gc,heap        ] GC(80) Heap after GC invocations=81 (full 1): garbage-first heap   total 305152K, used 4440K [0x0000000700000000, 0x0000000800000000)
[16.833s][debug][gc,heap        ] GC(80)   region size 1024K, 1 young (1024K), 1 survivors (1024K)
[16.833s][debug][gc,heap        ] GC(80)  Metaspace       used 10703K, capacity 10992K, committed 11136K, reserved 1058816K
[16.833s][debug][gc,heap        ] GC(80)   class space    used 1263K, capacity 1389K, committed 1408K, reserved 1048576K
[16.833s][info ][gc             ] GC(80) Pause Young (Normal) (G1 Evacuation Pause) 181M->4M(298M) 1.592ms
[16.833s][info ][gc,cpu         ] GC(80) User=0.00s Sys=0.01s Real=0.00s
[16.833s][info ][safepoint      ] Safepoint "G1CollectForAllocation", Time since last: 168968336 ns, Reaching safepoint: 168044 ns, At safepoint: 1762871 ns, Total: 1930915 ns
[17.000s][debug][gc,heap        ] GC(81) Heap before GC invocations=81 (full 1): garbage-first heap   total 305152K, used 185688K [0x0000000700000000, 0x0000000800000000)
[17.000s][debug][gc,heap        ] GC(81)   region size 1024K, 178 young (182272K), 1 survivors (1024K)
[17.000s][debug][gc,heap        ] GC(81)  Metaspace       used 10703K, capacity 10992K, committed 11136K, reserved 1058816K
[17.000s][debug][gc,heap        ] GC(81)   class space    used 1263K, capacity 1389K, committed 1408K, reserved 1048576K
[17.000s][info ][gc,start       ] GC(81) Pause Young (Normal) (G1 Evacuation Pause)
[17.000s][info ][gc,task        ] GC(81) Using 8 workers of 8 for evacuation
[17.000s][debug][gc,tlab        ] GC(81) TLAB totals: thrds: 8  refills: 710 max: 93 slow allocs: 0 max 0 waste:  0.9% gc: 1225864B max: 389480B slow: 410168B max: 53944B fast: 0B max: 0B
[17.000s][debug][gc,age         ] GC(81) Desired survivor size 12058624 bytes, new threshold 15 (max threshold 15)
[17.000s][debug][gc,alloc,region] GC(81) Mutator Allocation stats, regions: 177, wasted size: 0B ( 0.0%)
[17.001s][debug][gc,ergo        ] GC(81) Running G1 Merge Heap Roots using 8 workers for 178 regions
[17.001s][debug][gc,remset      ] GC(81) Visited cards 256 Total dirty 2048 (12.50%) Total old 747520 (0.03%)
[17.001s][debug][gc,ergo        ] GC(81) Running G1 Clear Card Table Task using 1 workers for 1 units of work for 179 regions.
[17.001s][debug][gc,ref         ] GC(81) Skipped phase1 of Reference Processing due to unavailable references
[17.001s][debug][gc,ref         ] GC(81) Skipped phase2 of Reference Processing due to unavailable references
[17.001s][debug][gc,ref         ] GC(81) Skipped phase3 of Reference Processing due to unavailable references
[17.001s][debug][gc,ref         ] GC(81) Skipped phase4 of Reference Processing due to unavailable references
[17.001s][debug][gc,ergo        ] GC(81) Running G1 Free Collection Set using 8 workers for collection set length 178 (298)
[17.001s][debug][gc,ergo        ] GC(81) Running G1 Rebuild Free List Task using 8 workers for rebuilding free list of 0 (4096) regions
[17.001s][trace][gc,age         ] GC(81) Age table with threshold 15 (max threshold 15)
[17.001s][trace][gc,age         ] GC(81) - age   1:        232 bytes,        232 total
[17.001s][debug][gc,plab        ] GC(81) Young PLAB allocation: allocated: 6192B, wasted: 0B, unused: 5960B, used: 232B, undo waste: 0B, 
[17.001s][debug][gc,plab        ] GC(81) Young other allocation: region end waste: 0B, regions filled: 1, direct allocated: 0B, failure used: 0B, failure wasted: 0B
[17.001s][debug][gc,plab        ] GC(81) Young sizing: calculated: 40B, actual: 2064B
[17.001s][debug][gc,plab        ] GC(81) Old PLAB allocation: allocated: 0B, wasted: 0B, unused: 0B, used: 0B, undo waste: 0B, 
[17.001s][debug][gc,plab        ] GC(81) Old other allocation: region end waste: 0B, regions filled: 1, direct allocated: 0B, failure used: 0B, failure wasted: 0B
[17.001s][debug][gc,plab        ] GC(81) Old sizing: calculated: 0B, actual: 2064B
[17.001s][debug][gc,ihop        ] GC(81) Basic information (value update), threshold: 140614041B (45.00), target occupancy: 312475648B, current occupancy: 4540960B, recent allocation size: 0B, recent allocation duration: 168.48ms, recent old gen allocation rate: 0.00B/s, recent marking phase length: 0.00ms
[17.001s][debug][gc,ihop        ] GC(81) Adaptive IHOP information (value update), threshold: 140614041B (47.37), internal target occupancy: 296851865B, occupancy: 4540960B, additional buffer size: 186646528B, predicted old gen allocation rate: 17528.99B/s, predicted marking phase length: 0.00ms, prediction active: false
[17.001s][debug][gc,ergo,refine ] GC(81) Concurrent refinement times: Logged Cards Scan time goal: 20.00ms Logged Cards Scan time: 0.00ms HCC time: 0.00ms
[17.001s][debug][gc,ergo,refine ] GC(81) Updated Refinement Zones: green: 2048, yellow: 6144, red: 10240
[17.001s][info ][gc,phases      ] GC(81)   Pre Evacuate Collection Set: 0.1ms
[17.001s][debug][gc,phases      ] GC(81)     Prepare TLABs: 0.0ms
[17.001s][debug][gc,phases      ] GC(81)     Choose Collection Set: 0.0ms
[17.001s][debug][gc,phases      ] GC(81)     Region Register: 0.1ms
[17.001s][debug][gc,phases      ] GC(81)     Prepare Heap Roots: 0.0ms
[17.001s][info ][gc,phases      ] GC(81)   Merge Heap Roots: 0.1ms
[17.001s][debug][gc,phases      ] GC(81)     Prepare Merge Heap Roots: 0.0ms
[17.001s][debug][gc,phases      ] GC(81)     Eager Reclaim (ms):       skipped
[17.001s][debug][gc,phases      ] GC(81)     Remembered Sets (ms):     Min:  0.0, Avg:  0.0, Max:  0.0, Diff:  0.0, Sum:  0.1, Workers: 8
[17.001s][debug][gc,phases      ] GC(81)       Merged Sparse:            Min: 0, Avg:  0.0, Max: 0, Diff: 0, Sum: 0, Workers: 8
[17.001s][debug][gc,phases      ] GC(81)       Merged Fine:              Min: 0, Avg:  0.0, Max: 0, Diff: 0, Sum: 0, Workers: 8
[17.001s][debug][gc,phases      ] GC(81)       Merged Coarse:            Min: 0, Avg:  0.0, Max: 0, Diff: 0, Sum: 0, Workers: 8
[17.001s][debug][gc,phases      ] GC(81)       Dirty Cards:              Min: 0, Avg:  0.0, Max: 0, Diff: 0, Sum: 0, Workers: 8
[17.001s][debug][gc,phases      ] GC(81)     Hot Card Cache (ms):      Min:  0.0, Avg:  0.0, Max:  0.0, Diff:  0.0, Sum:  0.0, Workers: 8
[17.001s][debug][gc,phases      ] GC(81)       Dirty Cards:              Min: 0, Avg:  0.0, Max: 0, Diff: 0, Sum: 0, Workers: 8
[17.001s][debug][gc,phases      ] GC(81)       Skipped Cards:            Min: 0, Avg:  0.0, Max: 0, Diff: 0, Sum: 0, Workers: 8
[17.001s][debug][gc,phases      ] GC(81)     Log Buffers (ms):         Min:  0.0, Avg:  0.0, Max:  0.0, Diff:  0.0, Sum:  0.0, Workers: 8
[17.001s][debug][gc,phases      ] GC(81)       Dirty Cards:              Min: 0, Avg:  0.1, Max: 1, Diff: 1, Sum: 1, Workers: 8
[17.001s][debug][gc,phases      ] GC(81)       Skipped Cards:            Min: 0, Avg:  0.0, Max: 0, Diff: 0, Sum: 0, Workers: 8
[17.001s][info ][gc,phases      ] GC(81)   Evacuate Collection Set: 0.2ms
[17.001s][debug][gc,phases      ] GC(81)     Ext Root Scanning (ms):   Min:  0.0, Avg:  0.0, Max:  0.1, Diff:  0.1, Sum:  0.2, Workers: 8
[17.001s][debug][gc,phases      ] GC(81)     Scan Heap Roots (ms):     Min:  0.0, Avg:  0.0, Max:  0.0, Diff:  0.0, Sum:  0.0, Workers: 8
[17.001s][debug][gc,phases      ] GC(81)       Scanned Cards:            Min: 0, Avg:  0.1, Max: 1, Diff: 1, Sum: 1, Workers: 8
[17.001s][debug][gc,phases      ] GC(81)       Scanned Blocks:           Min: 0, Avg:  0.1, Max: 1, Diff: 1, Sum: 1, Workers: 8
[17.001s][debug][gc,phases      ] GC(81)       Claimed Chunks:           Min: 0, Avg:  0.1, Max: 1, Diff: 1, Sum: 1, Workers: 8
[17.002s][debug][gc,phases      ] GC(81)     Code Root Scan (ms):      Min:  0.0, Avg:  0.0, Max:  0.0, Diff:  0.0, Sum:  0.0, Workers: 8
[17.002s][debug][gc,phases      ] GC(81)     Object Copy (ms):         Min:  0.0, Avg:  0.0, Max:  0.0, Diff:  0.0, Sum:  0.0, Workers: 8
[17.002s][debug][gc,phases      ] GC(81)     Termination (ms):         Min:  0.0, Avg:  0.1, Max:  0.1, Diff:  0.0, Sum:  0.5, Workers: 8
[17.002s][debug][gc,phases      ] GC(81)       Termination Attempts:     Min: 1, Avg:  1.0, Max: 1, Diff: 0, Sum: 8, Workers: 8
[17.002s][debug][gc,phases      ] GC(81)     GC Worker Other (ms):     Min:  0.0, Avg:  0.0, Max:  0.0, Diff:  0.0, Sum:  0.1, Workers: 8
[17.002s][debug][gc,phases      ] GC(81)     GC Worker Total (ms):     Min:  0.1, Avg:  0.1, Max:  0.1, Diff:  0.1, Sum:  0.9, Workers: 8
[17.002s][info ][gc,phases      ] GC(81)   Post Evacuate Collection Set: 0.4ms
[17.002s][debug][gc,phases      ] GC(81)     Code Roots Fixup: 0.0ms
[17.002s][debug][gc,phases      ] GC(81)     Clear Card Table: 0.1ms
[17.002s][debug][gc,phases      ] GC(81)     Reference Processing: 0.0ms
[17.002s][debug][gc,phases,ref  ] GC(81)       Reconsider SoftReferences: 0.0ms
[17.002s][debug][gc,phases,ref  ] GC(81)         SoftRef (ms):             skipped
[17.002s][debug][gc,phases,ref  ] GC(81)       Notify Soft/WeakReferences: 0.0ms
[17.002s][debug][gc,phases,ref  ] GC(81)         SoftRef (ms):             skipped
[17.002s][debug][gc,phases,ref  ] GC(81)         WeakRef (ms):             skipped
[17.002s][debug][gc,phases,ref  ] GC(81)         FinalRef (ms):            skipped
[17.002s][debug][gc,phases,ref  ] GC(81)         Total (ms):               skipped
[17.002s][debug][gc,phases,ref  ] GC(81)       Notify and keep alive finalizable: 0.0ms
[17.002s][debug][gc,phases,ref  ] GC(81)         FinalRef (ms):            skipped
[17.002s][debug][gc,phases,ref  ] GC(81)       Notify PhantomReferences: 0.0ms
[17.002s][debug][gc,phases,ref  ] GC(81)         PhantomRef (ms):          skipped
[17.002s][debug][gc,phases,ref  ] GC(81)       SoftReference:
[17.002s][debug][gc,phases,ref  ] GC(81)         Discovered: 0
[17.002s][debug][gc,phases,ref  ] GC(81)         Cleared: 0
[17.002s][debug][gc,phases,ref  ] GC(81)       WeakReference:
[17.002s][debug][gc,phases,ref  ] GC(81)         Discovered: 0
[17.002s][debug][gc,phases,ref  ] GC(81)         Cleared: 0
[17.002s][debug][gc,phases,ref  ] GC(81)       FinalReference:
[17.002s][debug][gc,phases,ref  ] GC(81)         Discovered: 0
[17.002s][debug][gc,phases,ref  ] GC(81)         Cleared: 0
[17.002s][debug][gc,phases,ref  ] GC(81)       PhantomReference:
[17.002s][debug][gc,phases,ref  ] GC(81)         Discovered: 0
[17.002s][debug][gc,phases,ref  ] GC(81)         Cleared: 0
[17.002s][debug][gc,phases      ] GC(81)     Weak Processing: 0.1ms
[17.002s][debug][gc,phases      ] GC(81)       JVMTI weak processing: 0.0ms
[17.002s][debug][gc,phases      ] GC(81)         Dead: 0
[17.002s][debug][gc,phases      ] GC(81)         Total: 0
[17.002s][debug][gc,phases      ] GC(81)       JFR weak processing: 0.0ms
[17.002s][debug][gc,phases      ] GC(81)         Dead: 0
[17.002s][debug][gc,phases      ] GC(81)         Total: 0
[17.002s][debug][gc,phases      ] GC(81)       JNI weak                  Min:  0.0, Avg:  0.0, Max:  0.0, Diff:  0.0, Sum:  0.1, Workers: 5
[17.002s][debug][gc,phases      ] GC(81)         Dead                      Min: 0, Avg:  0.0, Max: 0, Diff: 0, Sum: 0, Workers: 5
[17.002s][debug][gc,phases      ] GC(81)         Total                     Min: 0, Avg: 13.4, Max: 67, Diff: 67, Sum: 67, Workers: 5
[17.002s][debug][gc,phases      ] GC(81)       VM weak                   Min:  0.0, Avg:  0.0, Max:  0.0, Diff:  0.0, Sum:  0.0, Workers: 5
[17.002s][debug][gc,phases      ] GC(81)         Dead                      Min: 0, Avg:  0.0, Max: 0, Diff: 0, Sum: 0, Workers: 5
[17.002s][debug][gc,phases      ] GC(81)         Total                     Min: 0, Avg: 47.6, Max: 238, Diff: 238, Sum: 238, Workers: 5
[17.002s][debug][gc,phases      ] GC(81)       StringTable weak          Min:  0.0, Avg:  0.0, Max:  0.1, Diff:  0.1, Sum:  0.1, Workers: 5
[17.002s][debug][gc,phases      ] GC(81)         Dead                      Min: 0, Avg:  0.0, Max: 0, Diff: 0, Sum: 0, Workers: 5
[17.002s][debug][gc,phases      ] GC(81)         Total                     Min: 256, Avg: 728.6, Max: 2491, Diff: 2235, Sum: 3643, Workers: 5
[17.002s][debug][gc,phases      ] GC(81)       ResolvedMethodTable weak  Min:  0.0, Avg:  0.0, Max:  0.0, Diff:  0.0, Sum:  0.0, Workers: 5
[17.002s][debug][gc,phases      ] GC(81)         Dead                      Min: 0, Avg:  0.0, Max: 0, Diff: 0, Sum: 0, Workers: 5
[17.002s][debug][gc,phases      ] GC(81)         Total                     Min: 41, Avg: 123.4, Max: 192, Diff: 151, Sum: 617, Workers: 5
[17.002s][debug][gc,phases      ] GC(81)     Merge Per-Thread State: 0.0ms
[17.002s][debug][gc,phases      ] GC(81)       Copied Bytes              Min: 0, Avg: 29.0, Max: 104, Diff: 104, Sum: 232, Workers: 8
[17.002s][debug][gc,phases      ] GC(81)       LAB Waste                 Min: 0, Avg:  0.0, Max: 0, Diff: 0, Sum: 0, Workers: 8
[17.002s][debug][gc,phases      ] GC(81)       LAB Undo Waste            Min: 0, Avg:  0.0, Max: 0, Diff: 0, Sum: 0, Workers: 8
[17.002s][debug][gc,phases      ] GC(81)     Code Roots Purge: 0.0ms
[17.002s][debug][gc,phases      ] GC(81)     Redirty Cards: 0.0ms
[17.002s][debug][gc,phases      ] GC(81)     DerivedPointerTable Update: 0.0ms
[17.002s][debug][gc,phases      ] GC(81)     Free Collection Set: 0.1ms
[17.002s][debug][gc,phases      ] GC(81)     Rebuild Free List: 0.1ms
[17.002s][debug][gc,phases      ] GC(81)     Humongous Reclaim: 0.0ms
[17.002s][debug][gc,phases      ] GC(81)     Start New Collection Set: 0.0ms
[17.002s][debug][gc,phases      ] GC(81)     Resize TLABs: 0.0ms
[17.002s][debug][gc,phases      ] GC(81)     Expand Heap After Collection: 0.0ms
[17.002s][info ][gc,phases      ] GC(81)   Other: 0.3ms
[17.002s][info ][gc,heap        ] GC(81) Eden regions: 177->0(177)
[17.002s][info ][gc,heap        ] GC(81) Survivor regions: 1->1(23)
[17.002s][info ][gc,heap        ] GC(81) Old regions: 7->7
[17.002s][info ][gc,heap        ] GC(81) Archive regions: 2->2
[17.002s][info ][gc,heap        ] GC(81) Humongous regions: 0->0
[17.002s][info ][gc,metaspace   ] GC(81) Metaspace: 10703K(11136K)->10703K(11136K) NonClass: 9440K(9728K)->9440K(9728K) Class: 1263K(1408K)->1263K(1408K)
[17.002s][debug][gc,heap        ] GC(81) Heap after GC invocations=82 (full 1): garbage-first heap   total 305152K, used 4434K [0x0000000700000000, 0x0000000800000000)
[17.002s][debug][gc,heap        ] GC(81)   region size 1024K, 1 young (1024K), 1 survivors (1024K)
[17.002s][debug][gc,heap        ] GC(81)  Metaspace       used 10703K, capacity 10992K, committed 11136K, reserved 1058816K
[17.002s][debug][gc,heap        ] GC(81)   class space    used 1263K, capacity 1389K, committed 1408K, reserved 1048576K
[17.002s][info ][gc             ] GC(81) Pause Young (Normal) (G1 Evacuation Pause) 181M->4M(298M) 1.541ms
[17.002s][info ][gc,cpu         ] GC(81) User=0.00s Sys=0.00s Real=0.00s
[17.002s][info ][safepoint      ] Safepoint "G1CollectForAllocation", Time since last: 167517541 ns, Reaching safepoint: 109434 ns, At safepoint: 1748662 ns, Total: 1858096 ns
[17.169s][debug][gc,heap        ] GC(82) Heap before GC invocations=82 (full 1): garbage-first heap   total 305152K, used 185682K [0x0000000700000000, 0x0000000800000000)
[17.169s][debug][gc,heap        ] GC(82)   region size 1024K, 178 young (182272K), 1 survivors (1024K)
[17.169s][debug][gc,heap        ] GC(82)  Metaspace       used 10703K, capacity 10992K, committed 11136K, reserved 1058816K
[17.169s][debug][gc,heap        ] GC(82)   class space    used 1263K, capacity 1389K, committed 1408K, reserved 1048576K
[17.169s][info ][gc,start       ] GC(82) Pause Young (Normal) (G1 Evacuation Pause)
[17.169s][info ][gc,task        ] GC(82) Using 8 workers of 8 for evacuation
[17.169s][debug][gc,tlab        ] GC(82) TLAB totals: thrds: 8  refills: 708 max: 95 slow allocs: 0 max 0 waste:  1.1% gc: 1545000B max: 390512B slow: 409080B max: 54680B fast: 0B max: 0B
[17.169s][debug][gc,age         ] GC(82) Desired survivor size 12058624 bytes, new threshold 15 (max threshold 15)
[17.169s][debug][gc,alloc,region] GC(82) Mutator Allocation stats, regions: 177, wasted size: 0B ( 0.0%)
[17.169s][debug][gc,ergo        ] GC(82) Running G1 Merge Heap Roots using 8 workers for 178 regions
[17.169s][debug][gc,remset      ] GC(82) Visited cards 256 Total dirty 2048 (12.50%) Total old 747520 (0.03%)
[17.169s][debug][gc,ergo        ] GC(82) Running G1 Clear Card Table Task using 1 workers for 1 units of work for 179 regions.
[17.169s][debug][gc,ref         ] GC(82) Skipped phase1 of Reference Processing due to unavailable references
[17.169s][debug][gc,ref         ] GC(82) Skipped phase2 of Reference Processing due to unavailable references
[17.169s][debug][gc,ref         ] GC(82) Skipped phase3 of Reference Processing due to unavailable references
[17.169s][debug][gc,ref         ] GC(82) Skipped phase4 of Reference Processing due to unavailable references
[17.169s][debug][gc,ergo        ] GC(82) Running G1 Free Collection Set using 8 workers for collection set length 178 (298)
[17.169s][debug][gc,ergo        ] GC(82) Running G1 Rebuild Free List Task using 8 workers for rebuilding free list of 0 (4096) regions
[17.169s][trace][gc,age         ] GC(82) Age table with threshold 15 (max threshold 15)
[17.169s][trace][gc,age         ] GC(82) - age   1:        624 bytes,        624 total
[17.169s][debug][gc,plab        ] GC(82) Young PLAB allocation: allocated: 14448B, wasted: 0B, unused: 13824B, used: 624B, undo waste: 0B, 
[17.169s][debug][gc,plab        ] GC(82) Young other allocation: region end waste: 0B, regions filled: 1, direct allocated: 0B, failure used: 0B, failure wasted: 0B
[17.169s][debug][gc,plab        ] GC(82) Young sizing: calculated: 120B, actual: 2064B
[17.169s][debug][gc,plab        ] GC(82) Old PLAB allocation: allocated: 0B, wasted: 0B, unused: 0B, used: 0B, undo waste: 0B, 
[17.169s][debug][gc,plab        ] GC(82) Old other allocation: region end waste: 0B, regions filled: 1, direct allocated: 0B, failure used: 0B, failure wasted: 0B
[17.169s][debug][gc,plab        ] GC(82) Old sizing: calculated: 0B, actual: 2064B
[17.169s][debug][gc,ihop        ] GC(82) Basic information (value update), threshold: 140614041B (45.00), target occupancy: 312475648B, current occupancy: 4549216B, recent allocation size: 0B, recent allocation duration: 167.44ms, recent old gen allocation rate: 0.00B/s, recent marking phase length: 0.00ms
[17.169s][debug][gc,ihop        ] GC(82) Adaptive IHOP information (value update), threshold: 140614041B (47.37), internal target occupancy: 296851865B, occupancy: 4549216B, additional buffer size: 186646528B, predicted old gen allocation rate: 17008.31B/s, predicted marking phase length: 0.00ms, prediction active: false
[17.169s][debug][gc,ergo,refine ] GC(82) Concurrent refinement times: Logged Cards Scan time goal: 20.00ms Logged Cards Scan time: 0.00ms HCC time: 0.00ms
[17.169s][debug][gc,ergo,refine ] GC(82) Updated Refinement Zones: green: 2048, yellow: 6144, red: 10240
[17.169s][info ][gc,phases      ] GC(82)   Pre Evacuate Collection Set: 0.1ms
[17.169s][debug][gc,phases      ] GC(82)     Prepare TLABs: 0.0ms
[17.169s][debug][gc,phases      ] GC(82)     Choose Collection Set: 0.0ms
[17.170s][debug][gc,phases      ] GC(82)     Region Register: 0.1ms
[17.170s][debug][gc,phases      ] GC(82)     Prepare Heap Roots: 0.0ms
[17.170s][info ][gc,phases      ] GC(82)   Merge Heap Roots: 0.1ms
[17.170s][debug][gc,phases      ] GC(82)     Prepare Merge Heap Roots: 0.0ms
[17.170s][debug][gc,phases      ] GC(82)     Eager Reclaim (ms):       skipped
[17.170s][debug][gc,phases      ] GC(82)     Remembered Sets (ms):     Min:  0.0, Avg:  0.0, Max:  0.0, Diff:  0.0, Sum:  0.0, Workers: 8
[17.170s][debug][gc,phases      ] GC(82)       Merged Sparse:            Min: 0, Avg:  0.0, Max: 0, Diff: 0, Sum: 0, Workers: 8
[17.170s][debug][gc,phases      ] GC(82)       Merged Fine:              Min: 0, Avg:  0.0, Max: 0, Diff: 0, Sum: 0, Workers: 8
[17.170s][debug][gc,phases      ] GC(82)       Merged Coarse:            Min: 0, Avg:  0.0, Max: 0, Diff: 0, Sum: 0, Workers: 8
[17.170s][debug][gc,phases      ] GC(82)       Dirty Cards:              Min: 0, Avg:  0.0, Max: 0, Diff: 0, Sum: 0, Workers: 8
[17.170s][debug][gc,phases      ] GC(82)     Hot Card Cache (ms):      Min:  0.0, Avg:  0.0, Max:  0.0, Diff:  0.0, Sum:  0.0, Workers: 8
[17.170s][debug][gc,phases      ] GC(82)       Dirty Cards:              Min: 0, Avg:  0.0, Max: 0, Diff: 0, Sum: 0, Workers: 8
[17.170s][debug][gc,phases      ] GC(82)       Skipped Cards:            Min: 0, Avg:  0.0, Max: 0, Diff: 0, Sum: 0, Workers: 8
[17.170s][debug][gc,phases      ] GC(82)     Log Buffers (ms):         Min:  0.0, Avg:  0.0, Max:  0.0, Diff:  0.0, Sum:  0.0, Workers: 8
[17.170s][debug][gc,phases      ] GC(82)       Dirty Cards:              Min: 0, Avg:  0.1, Max: 1, Diff: 1, Sum: 1, Workers: 8
[17.170s][debug][gc,phases      ] GC(82)       Skipped Cards:            Min: 0, Avg:  0.0, Max: 0, Diff: 0, Sum: 0, Workers: 8
[17.170s][info ][gc,phases      ] GC(82)   Evacuate Collection Set: 0.1ms
[17.170s][debug][gc,phases      ] GC(82)     Ext Root Scanning (ms):   Min:  0.0, Avg:  0.0, Max:  0.1, Diff:  0.1, Sum:  0.2, Workers: 8
[17.170s][debug][gc,phases      ] GC(82)     Scan Heap Roots (ms):     Min:  0.0, Avg:  0.0, Max:  0.0, Diff:  0.0, Sum:  0.0, Workers: 8
[17.170s][debug][gc,phases      ] GC(82)       Scanned Cards:            Min: 0, Avg:  0.1, Max: 1, Diff: 1, Sum: 1, Workers: 8
[17.170s][debug][gc,phases      ] GC(82)       Scanned Blocks:           Min: 0, Avg:  0.1, Max: 1, Diff: 1, Sum: 1, Workers: 8
[17.170s][debug][gc,phases      ] GC(82)       Claimed Chunks:           Min: 0, Avg:  0.1, Max: 1, Diff: 1, Sum: 1, Workers: 8
[17.170s][debug][gc,phases      ] GC(82)     Code Root Scan (ms):      Min:  0.0, Avg:  0.0, Max:  0.0, Diff:  0.0, Sum:  0.0, Workers: 8
[17.170s][debug][gc,phases      ] GC(82)     Object Copy (ms):         Min:  0.0, Avg:  0.0, Max:  0.0, Diff:  0.0, Sum:  0.0, Workers: 8
[17.170s][debug][gc,phases      ] GC(82)     Termination (ms):         Min:  0.0, Avg:  0.0, Max:  0.0, Diff:  0.0, Sum:  0.3, Workers: 8
[17.170s][debug][gc,phases      ] GC(82)       Termination Attempts:     Min: 1, Avg:  1.0, Max: 1, Diff: 0, Sum: 8, Workers: 8
[17.170s][debug][gc,phases      ] GC(82)     GC Worker Other (ms):     Min:  0.0, Avg:  0.0, Max:  0.0, Diff:  0.0, Sum:  0.1, Workers: 8
[17.170s][debug][gc,phases      ] GC(82)     GC Worker Total (ms):     Min:  0.1, Avg:  0.1, Max:  0.1, Diff:  0.1, Sum:  0.7, Workers: 8
[17.170s][info ][gc,phases      ] GC(82)   Post Evacuate Collection Set: 0.3ms
[17.170s][debug][gc,phases      ] GC(82)     Code Roots Fixup: 0.0ms
[17.170s][debug][gc,phases      ] GC(82)     Clear Card Table: 0.1ms
[17.170s][debug][gc,phases      ] GC(82)     Reference Processing: 0.0ms
[17.170s][debug][gc,phases,ref  ] GC(82)       Reconsider SoftReferences: 0.0ms
[17.170s][debug][gc,phases,ref  ] GC(82)         SoftRef (ms):             skipped
[17.170s][debug][gc,phases,ref  ] GC(82)       Notify Soft/WeakReferences: 0.0ms
[17.170s][debug][gc,phases,ref  ] GC(82)         SoftRef (ms):             skipped
[17.170s][debug][gc,phases,ref  ] GC(82)         WeakRef (ms):             skipped
[17.170s][debug][gc,phases,ref  ] GC(82)         FinalRef (ms):            skipped
[17.170s][debug][gc,phases,ref  ] GC(82)         Total (ms):               skipped
[17.170s][debug][gc,phases,ref  ] GC(82)       Notify and keep alive finalizable: 0.0ms
[17.170s][debug][gc,phases,ref  ] GC(82)         FinalRef (ms):            skipped
[17.170s][debug][gc,phases,ref  ] GC(82)       Notify PhantomReferences: 0.0ms
[17.170s][debug][gc,phases,ref  ] GC(82)         PhantomRef (ms):          skipped
[17.170s][debug][gc,phases,ref  ] GC(82)       SoftReference:
[17.170s][debug][gc,phases,ref  ] GC(82)         Discovered: 0
[17.170s][debug][gc,phases,ref  ] GC(82)         Cleared: 0
[17.170s][debug][gc,phases,ref  ] GC(82)       WeakReference:
[17.170s][debug][gc,phases,ref  ] GC(82)         Discovered: 0
[17.170s][debug][gc,phases,ref  ] GC(82)         Cleared: 0
[17.170s][debug][gc,phases,ref  ] GC(82)       FinalReference:
[17.170s][debug][gc,phases,ref  ] GC(82)         Discovered: 0
[17.170s][debug][gc,phases,ref  ] GC(82)         Cleared: 0
[17.170s][debug][gc,phases,ref  ] GC(82)       PhantomReference:
[17.170s][debug][gc,phases,ref  ] GC(82)         Discovered: 0
[17.170s][debug][gc,phases,ref  ] GC(82)         Cleared: 0
[17.170s][debug][gc,phases      ] GC(82)     Weak Processing: 0.0ms
[17.170s][debug][gc,phases      ] GC(82)       JVMTI weak processing: 0.0ms
[17.170s][debug][gc,phases      ] GC(82)         Dead: 0
[17.170s][debug][gc,phases      ] GC(82)         Total: 0
[17.170s][debug][gc,phases      ] GC(82)       JFR weak processing: 0.0ms
[17.170s][debug][gc,phases      ] GC(82)         Dead: 0
[17.170s][debug][gc,phases      ] GC(82)         Total: 0
[17.170s][debug][gc,phases      ] GC(82)       JNI weak                  Min:  0.0, Avg:  0.0, Max:  0.0, Diff:  0.0, Sum:  0.0, Workers: 5
[17.170s][debug][gc,phases      ] GC(82)         Dead                      Min: 0, Avg:  0.0, Max: 0, Diff: 0, Sum: 0, Workers: 5
[17.170s][debug][gc,phases      ] GC(82)         Total                     Min: 0, Avg: 13.4, Max: 52, Diff: 52, Sum: 67, Workers: 5
[17.170s][debug][gc,phases      ] GC(82)       VM weak                   Min:  0.0, Avg:  0.0, Max:  0.0, Diff:  0.0, Sum:  0.0, Workers: 5
[17.170s][debug][gc,phases      ] GC(82)         Dead                      Min: 0, Avg:  0.0, Max: 0, Diff: 0, Sum: 0, Workers: 5
[17.170s][debug][gc,phases      ] GC(82)         Total                     Min: 0, Avg: 47.6, Max: 128, Diff: 128, Sum: 238, Workers: 5
[17.170s][debug][gc,phases      ] GC(82)       StringTable weak          Min:  0.0, Avg:  0.0, Max:  0.0, Diff:  0.0, Sum:  0.1, Workers: 5
[17.170s][debug][gc,phases      ] GC(82)         Dead                      Min: 0, Avg:  0.0, Max: 0, Diff: 0, Sum: 0, Workers: 5
[17.170s][debug][gc,phases      ] GC(82)         Total                     Min: 0, Avg: 728.6, Max: 1024, Diff: 1024, Sum: 3643, Workers: 5
[17.170s][debug][gc,phases      ] GC(82)       ResolvedMethodTable weak  Min:  0.0, Avg:  0.0, Max:  0.0, Diff:  0.0, Sum:  0.0, Workers: 5
[17.170s][debug][gc,phases      ] GC(82)         Dead                      Min: 0, Avg:  0.0, Max: 0, Diff: 0, Sum: 0, Workers: 5
[17.170s][debug][gc,phases      ] GC(82)         Total                     Min: 0, Avg: 123.4, Max: 192, Diff: 192, Sum: 617, Workers: 5
[17.170s][debug][gc,phases      ] GC(82)     Merge Per-Thread State: 0.0ms
[17.170s][debug][gc,phases      ] GC(82)       Copied Bytes              Min: 0, Avg: 78.0, Max: 208, Diff: 208, Sum: 624, Workers: 8
[17.170s][debug][gc,phases      ] GC(82)       LAB Waste                 Min: 0, Avg:  0.0, Max: 0, Diff: 0, Sum: 0, Workers: 8
[17.170s][debug][gc,phases      ] GC(82)       LAB Undo Waste            Min: 0, Avg:  0.0, Max: 0, Diff: 0, Sum: 0, Workers: 8
[17.170s][debug][gc,phases      ] GC(82)     Code Roots Purge: 0.0ms
[17.170s][debug][gc,phases      ] GC(82)     Redirty Cards: 0.0ms
[17.170s][debug][gc,phases      ] GC(82)     DerivedPointerTable Update: 0.0ms
[17.170s][debug][gc,phases      ] GC(82)     Free Collection Set: 0.1ms
[17.170s][debug][gc,phases      ] GC(82)     Rebuild Free List: 0.0ms
[17.170s][debug][gc,phases      ] GC(82)     Humongous Reclaim: 0.0ms
[17.170s][debug][gc,phases      ] GC(82)     Start New Collection Set: 0.0ms
[17.170s][debug][gc,phases      ] GC(82)     Resize TLABs: 0.0ms
[17.170s][debug][gc,phases      ] GC(82)     Expand Heap After Collection: 0.0ms
[17.170s][info ][gc,phases      ] GC(82)   Other: 0.2ms
[17.170s][info ][gc,heap        ] GC(82) Eden regions: 177->0(177)
[17.170s][info ][gc,heap        ] GC(82) Survivor regions: 1->1(23)
[17.170s][info ][gc,heap        ] GC(82) Old regions: 7->7
[17.170s][info ][gc,heap        ] GC(82) Archive regions: 2->2
[17.170s][info ][gc,heap        ] GC(82) Humongous regions: 0->0
[17.170s][info ][gc,metaspace   ] GC(82) Metaspace: 10703K(11136K)->10703K(11136K) NonClass: 9440K(9728K)->9440K(9728K) Class: 1263K(1408K)->1263K(1408K)
[17.170s][debug][gc,heap        ] GC(82) Heap after GC invocations=83 (full 1): garbage-first heap   total 305152K, used 4442K [0x0000000700000000, 0x0000000800000000)
[17.170s][debug][gc,heap        ] GC(82)   region size 1024K, 1 young (1024K), 1 survivors (1024K)
[17.170s][debug][gc,heap        ] GC(82)  Metaspace       used 10703K, capacity 10992K, committed 11136K, reserved 1058816K
[17.170s][debug][gc,heap        ] GC(82)   class space    used 1263K, capacity 1389K, committed 1408K, reserved 1048576K
[17.170s][info ][gc             ] GC(82) Pause Young (Normal) (G1 Evacuation Pause) 181M->4M(298M) 1.366ms
[17.170s][info ][gc,cpu         ] GC(82) User=0.00s Sys=0.00s Real=0.00s
[17.170s][info ][safepoint      ] Safepoint "G1CollectForAllocation", Time since last: 166488836 ns, Reaching safepoint: 131213 ns, At safepoint: 1522855 ns, Total: 1654068 ns
[17.335s][debug][gc,heap        ] GC(83) Heap before GC invocations=83 (full 1): garbage-first heap   total 305152K, used 185690K [0x0000000700000000, 0x0000000800000000)
[17.336s][debug][gc,heap        ] GC(83)   region size 1024K, 178 young (182272K), 1 survivors (1024K)
[17.336s][debug][gc,heap        ] GC(83)  Metaspace       used 10703K, capacity 10992K, committed 11136K, reserved 1058816K
[17.336s][debug][gc,heap        ] GC(83)   class space    used 1263K, capacity 1389K, committed 1408K, reserved 1048576K
[17.336s][info ][gc,start       ] GC(83) Pause Young (Normal) (G1 Evacuation Pause)
[17.336s][info ][gc,task        ] GC(83) Using 8 workers of 8 for evacuation
[17.336s][debug][gc,tlab        ] GC(83) TLAB totals: thrds: 8  refills: 713 max: 96 slow allocs: 0 max 0 waste:  1.0% gc: 1398264B max: 351088B slow: 413664B max: 55880B fast: 0B max: 0B
[17.336s][debug][gc,age         ] GC(83) Desired survivor size 12058624 bytes, new threshold 15 (max threshold 15)
[17.336s][debug][gc,alloc,region] GC(83) Mutator Allocation stats, regions: 177, wasted size: 0B ( 0.0%)
[17.336s][debug][gc,ergo        ] GC(83) Running G1 Merge Heap Roots using 8 workers for 178 regions
[17.336s][debug][gc,remset      ] GC(83) Visited cards 256 Total dirty 2048 (12.50%) Total old 747520 (0.03%)
[17.336s][debug][gc,ergo        ] GC(83) Running G1 Clear Card Table Task using 1 workers for 1 units of work for 179 regions.
[17.336s][debug][gc,ref         ] GC(83) Skipped phase1 of Reference Processing due to unavailable references
[17.336s][debug][gc,ref         ] GC(83) Skipped phase2 of Reference Processing due to unavailable references
[17.336s][debug][gc,ref         ] GC(83) Skipped phase3 of Reference Processing due to unavailable references
[17.336s][debug][gc,ref         ] GC(83) Skipped phase4 of Reference Processing due to unavailable references
[17.336s][debug][gc,ergo        ] GC(83) Running G1 Free Collection Set using 8 workers for collection set length 178 (298)
[17.336s][debug][gc,ergo        ] GC(83) Running G1 Rebuild Free List Task using 8 workers for rebuilding free list of 0 (4096) regions
[17.336s][trace][gc,age         ] GC(83) Age table with threshold 15 (max threshold 15)
[17.336s][trace][gc,age         ] GC(83) - age   1:        152 bytes,        152 total
[17.336s][debug][gc,plab        ] GC(83) Young PLAB allocation: allocated: 8256B, wasted: 0B, unused: 8104B, used: 152B, undo waste: 0B, 
[17.336s][debug][gc,plab        ] GC(83) Young other allocation: region end waste: 0B, regions filled: 1, direct allocated: 0B, failure used: 0B, failure wasted: 0B
[17.336s][debug][gc,plab        ] GC(83) Young sizing: calculated: 24B, actual: 2064B
[17.336s][debug][gc,plab        ] GC(83) Old PLAB allocation: allocated: 0B, wasted: 0B, unused: 0B, used: 0B, undo waste: 0B, 
[17.336s][debug][gc,plab        ] GC(83) Old other allocation: region end waste: 0B, regions filled: 1, direct allocated: 0B, failure used: 0B, failure wasted: 0B
[17.336s][debug][gc,plab        ] GC(83) Old sizing: calculated: 0B, actual: 2064B
[17.336s][debug][gc,ihop        ] GC(83) Basic information (value update), threshold: 140614041B (45.00), target occupancy: 312475648B, current occupancy: 4543024B, recent allocation size: 0B, recent allocation duration: 166.15ms, recent old gen allocation rate: 0.00B/s, recent marking phase length: 0.00ms
[17.336s][debug][gc,ihop        ] GC(83) Adaptive IHOP information (value update), threshold: 140614041B (47.37), internal target occupancy: 296851865B, occupancy: 4543024B, additional buffer size: 186646528B, predicted old gen allocation rate: 16504.56B/s, predicted marking phase length: 0.00ms, prediction active: false
[17.336s][debug][gc,ergo,refine ] GC(83) Concurrent refinement times: Logged Cards Scan time goal: 20.00ms Logged Cards Scan time: 0.00ms HCC time: 0.00ms
[17.336s][debug][gc,ergo,refine ] GC(83) Updated Refinement Zones: green: 2048, yellow: 6144, red: 10240
[17.336s][info ][gc,phases      ] GC(83)   Pre Evacuate Collection Set: 0.1ms
[17.336s][debug][gc,phases      ] GC(83)     Prepare TLABs: 0.0ms
[17.336s][debug][gc,phases      ] GC(83)     Choose Collection Set: 0.0ms
[17.336s][debug][gc,phases      ] GC(83)     Region Register: 0.1ms
[17.336s][debug][gc,phases      ] GC(83)     Prepare Heap Roots: 0.0ms
[17.336s][info ][gc,phases      ] GC(83)   Merge Heap Roots: 0.1ms
[17.336s][debug][gc,phases      ] GC(83)     Prepare Merge Heap Roots: 0.0ms
[17.336s][debug][gc,phases      ] GC(83)     Eager Reclaim (ms):       skipped
[17.336s][debug][gc,phases      ] GC(83)     Remembered Sets (ms):     Min:  0.0, Avg:  0.0, Max:  0.0, Diff:  0.0, Sum:  0.0, Workers: 8
[17.336s][debug][gc,phases      ] GC(83)       Merged Sparse:            Min: 0, Avg:  0.0, Max: 0, Diff: 0, Sum: 0, Workers: 8
[17.336s][debug][gc,phases      ] GC(83)       Merged Fine:              Min: 0, Avg:  0.0, Max: 0, Diff: 0, Sum: 0, Workers: 8
[17.336s][debug][gc,phases      ] GC(83)       Merged Coarse:            Min: 0, Avg:  0.0, Max: 0, Diff: 0, Sum: 0, Workers: 8
[17.336s][debug][gc,phases      ] GC(83)       Dirty Cards:              Min: 0, Avg:  0.0, Max: 0, Diff: 0, Sum: 0, Workers: 8
[17.336s][debug][gc,phases      ] GC(83)     Hot Card Cache (ms):      Min:  0.0, Avg:  0.0, Max:  0.0, Diff:  0.0, Sum:  0.0, Workers: 8
[17.336s][debug][gc,phases      ] GC(83)       Dirty Cards:              Min: 0, Avg:  0.0, Max: 0, Diff: 0, Sum: 0, Workers: 8
[17.336s][debug][gc,phases      ] GC(83)       Skipped Cards:            Min: 0, Avg:  0.0, Max: 0, Diff: 0, Sum: 0, Workers: 8
[17.336s][debug][gc,phases      ] GC(83)     Log Buffers (ms):         Min:  0.0, Avg:  0.0, Max:  0.0, Diff:  0.0, Sum:  0.0, Workers: 8
[17.336s][debug][gc,phases      ] GC(83)       Dirty Cards:              Min: 0, Avg:  0.1, Max: 1, Diff: 1, Sum: 1, Workers: 8
[17.336s][debug][gc,phases      ] GC(83)       Skipped Cards:            Min: 0, Avg:  0.0, Max: 0, Diff: 0, Sum: 0, Workers: 8
[17.336s][info ][gc,phases      ] GC(83)   Evacuate Collection Set: 0.2ms
[17.336s][debug][gc,phases      ] GC(83)     Ext Root Scanning (ms):   Min:  0.0, Avg:  0.0, Max:  0.1, Diff:  0.1, Sum:  0.2, Workers: 8
[17.336s][debug][gc,phases      ] GC(83)     Scan Heap Roots (ms):     Min:  0.0, Avg:  0.0, Max:  0.0, Diff:  0.0, Sum:  0.0, Workers: 8
[17.336s][debug][gc,phases      ] GC(83)       Scanned Cards:            Min: 0, Avg:  0.1, Max: 1, Diff: 1, Sum: 1, Workers: 8
[17.336s][debug][gc,phases      ] GC(83)       Scanned Blocks:           Min: 0, Avg:  0.1, Max: 1, Diff: 1, Sum: 1, Workers: 8
[17.337s][debug][gc,phases      ] GC(83)       Claimed Chunks:           Min: 0, Avg:  0.1, Max: 1, Diff: 1, Sum: 1, Workers: 8
[17.337s][debug][gc,phases      ] GC(83)     Code Root Scan (ms):      Min:  0.0, Avg:  0.0, Max:  0.0, Diff:  0.0, Sum:  0.0, Workers: 8
[17.337s][debug][gc,phases      ] GC(83)     Object Copy (ms):         Min:  0.0, Avg:  0.0, Max:  0.0, Diff:  0.0, Sum:  0.0, Workers: 8
[17.337s][debug][gc,phases      ] GC(83)     Termination (ms):         Min:  0.1, Avg:  0.1, Max:  0.1, Diff:  0.0, Sum:  0.6, Workers: 8
[17.337s][debug][gc,phases      ] GC(83)       Termination Attempts:     Min: 1, Avg:  1.0, Max: 1, Diff: 0, Sum: 8, Workers: 8
[17.337s][debug][gc,phases      ] GC(83)     GC Worker Other (ms):     Min:  0.0, Avg:  0.0, Max:  0.0, Diff:  0.0, Sum:  0.1, Workers: 8
[17.337s][debug][gc,phases      ] GC(83)     GC Worker Total (ms):     Min:  0.1, Avg:  0.1, Max:  0.2, Diff:  0.1, Sum:  0.9, Workers: 8
[17.337s][info ][gc,phases      ] GC(83)   Post Evacuate Collection Set: 0.3ms
[17.337s][debug][gc,phases      ] GC(83)     Code Roots Fixup: 0.0ms
[17.337s][debug][gc,phases      ] GC(83)     Clear Card Table: 0.1ms
[17.337s][debug][gc,phases      ] GC(83)     Reference Processing: 0.0ms
[17.337s][debug][gc,phases,ref  ] GC(83)       Reconsider SoftReferences: 0.0ms
[17.337s][debug][gc,phases,ref  ] GC(83)         SoftRef (ms):             skipped
[17.337s][debug][gc,phases,ref  ] GC(83)       Notify Soft/WeakReferences: 0.0ms
[17.337s][debug][gc,phases,ref  ] GC(83)         SoftRef (ms):             skipped
[17.337s][debug][gc,phases,ref  ] GC(83)         WeakRef (ms):             skipped
[17.337s][debug][gc,phases,ref  ] GC(83)         FinalRef (ms):            skipped
[17.337s][debug][gc,phases,ref  ] GC(83)         Total (ms):               skipped
[17.337s][debug][gc,phases,ref  ] GC(83)       Notify and keep alive finalizable: 0.0ms
[17.337s][debug][gc,phases,ref  ] GC(83)         FinalRef (ms):            skipped
[17.337s][debug][gc,phases,ref  ] GC(83)       Notify PhantomReferences: 0.0ms
[17.337s][debug][gc,phases,ref  ] GC(83)         PhantomRef (ms):          skipped
[17.337s][debug][gc,phases,ref  ] GC(83)       SoftReference:
[17.337s][debug][gc,phases,ref  ] GC(83)         Discovered: 0
[17.337s][debug][gc,phases,ref  ] GC(83)         Cleared: 0
[17.337s][debug][gc,phases,ref  ] GC(83)       WeakReference:
[17.337s][debug][gc,phases,ref  ] GC(83)         Discovered: 0
[17.337s][debug][gc,phases,ref  ] GC(83)         Cleared: 0
[17.337s][debug][gc,phases,ref  ] GC(83)       FinalReference:
[17.337s][debug][gc,phases,ref  ] GC(83)         Discovered: 0
[17.337s][debug][gc,phases,ref  ] GC(83)         Cleared: 0
[17.337s][debug][gc,phases,ref  ] GC(83)       PhantomReference:
[17.337s][debug][gc,phases,ref  ] GC(83)         Discovered: 0
[17.337s][debug][gc,phases,ref  ] GC(83)         Cleared: 0
[17.337s][debug][gc,phases      ] GC(83)     Weak Processing: 0.0ms
[17.337s][debug][gc,phases      ] GC(83)       JVMTI weak processing: 0.0ms
[17.337s][debug][gc,phases      ] GC(83)         Dead: 0
[17.337s][debug][gc,phases      ] GC(83)         Total: 0
[17.337s][debug][gc,phases      ] GC(83)       JFR weak processing: 0.0ms
[17.337s][debug][gc,phases      ] GC(83)         Dead: 0
[17.337s][debug][gc,phases      ] GC(83)         Total: 0
[17.337s][debug][gc,phases      ] GC(83)       JNI weak                  Min:  0.0, Avg:  0.0, Max:  0.0, Diff:  0.0, Sum:  0.0, Workers: 5
[17.337s][debug][gc,phases      ] GC(83)         Dead                      Min: 0, Avg:  0.0, Max: 0, Diff: 0, Sum: 0, Workers: 5
[17.337s][debug][gc,phases      ] GC(83)         Total                     Min: 0, Avg: 13.4, Max: 67, Diff: 67, Sum: 67, Workers: 5
[17.337s][debug][gc,phases      ] GC(83)       VM weak                   Min:  0.0, Avg:  0.0, Max:  0.0, Diff:  0.0, Sum:  0.0, Workers: 5
[17.337s][debug][gc,phases      ] GC(83)         Dead                      Min: 0, Avg:  0.0, Max: 0, Diff: 0, Sum: 0, Workers: 5
[17.337s][debug][gc,phases      ] GC(83)         Total                     Min: 0, Avg: 47.6, Max: 110, Diff: 110, Sum: 238, Workers: 5
[17.337s][debug][gc,phases      ] GC(83)       StringTable weak          Min:  0.0, Avg:  0.0, Max:  0.0, Diff:  0.0, Sum:  0.0, Workers: 5
[17.337s][debug][gc,phases      ] GC(83)         Dead                      Min: 0, Avg:  0.0, Max: 0, Diff: 0, Sum: 0, Workers: 5
[17.337s][debug][gc,phases      ] GC(83)         Total                     Min: 0, Avg: 728.6, Max: 1536, Diff: 1536, Sum: 3643, Workers: 5
[17.337s][debug][gc,phases      ] GC(83)       ResolvedMethodTable weak  Min:  0.0, Avg:  0.0, Max:  0.0, Diff:  0.0, Sum:  0.0, Workers: 5
[17.337s][debug][gc,phases      ] GC(83)         Dead                      Min: 0, Avg:  0.0, Max: 0, Diff: 0, Sum: 0, Workers: 5
[17.337s][debug][gc,phases      ] GC(83)         Total                     Min: 0, Avg: 123.4, Max: 256, Diff: 256, Sum: 617, Workers: 5
[17.337s][debug][gc,phases      ] GC(83)     Merge Per-Thread State: 0.0ms
[17.337s][debug][gc,phases      ] GC(83)       Copied Bytes              Min: 0, Avg: 19.0, Max: 80, Diff: 80, Sum: 152, Workers: 8
[17.337s][debug][gc,phases      ] GC(83)       LAB Waste                 Min: 0, Avg:  0.0, Max: 0, Diff: 0, Sum: 0, Workers: 8
[17.337s][debug][gc,phases      ] GC(83)       LAB Undo Waste            Min: 0, Avg:  0.0, Max: 0, Diff: 0, Sum: 0, Workers: 8
[17.337s][debug][gc,phases      ] GC(83)     Code Roots Purge: 0.0ms
[17.337s][debug][gc,phases      ] GC(83)     Redirty Cards: 0.0ms
[17.337s][debug][gc,phases      ] GC(83)     DerivedPointerTable Update: 0.0ms
[17.337s][debug][gc,phases      ] GC(83)     Free Collection Set: 0.1ms
[17.337s][debug][gc,phases      ] GC(83)     Rebuild Free List: 0.0ms
[17.337s][debug][gc,phases      ] GC(83)     Humongous Reclaim: 0.0ms
[17.337s][debug][gc,phases      ] GC(83)     Start New Collection Set: 0.0ms
[17.337s][debug][gc,phases      ] GC(83)     Resize TLABs: 0.0ms
[17.337s][debug][gc,phases      ] GC(83)     Expand Heap After Collection: 0.0ms
[17.337s][info ][gc,phases      ] GC(83)   Other: 0.2ms
[17.337s][info ][gc,heap        ] GC(83) Eden regions: 177->0(177)
[17.337s][info ][gc,heap        ] GC(83) Survivor regions: 1->1(23)
[17.337s][info ][gc,heap        ] GC(83) Old regions: 7->7
[17.337s][info ][gc,heap        ] GC(83) Archive regions: 2->2
[17.337s][info ][gc,heap        ] GC(83) Humongous regions: 0->0
[17.337s][info ][gc,metaspace   ] GC(83) Metaspace: 10703K(11136K)->10703K(11136K) NonClass: 9440K(9728K)->9440K(9728K) Class: 1263K(1408K)->1263K(1408K)
[17.337s][debug][gc,heap        ] GC(83) Heap after GC invocations=84 (full 1): garbage-first heap   total 305152K, used 4436K [0x0000000700000000, 0x0000000800000000)
[17.337s][debug][gc,heap        ] GC(83)   region size 1024K, 1 young (1024K), 1 survivors (1024K)
[17.337s][debug][gc,heap        ] GC(83)  Metaspace       used 10703K, capacity 10992K, committed 11136K, reserved 1058816K
[17.337s][debug][gc,heap        ] GC(83)   class space    used 1263K, capacity 1389K, committed 1408K, reserved 1048576K
[17.337s][info ][gc             ] GC(83) Pause Young (Normal) (G1 Evacuation Pause) 181M->4M(298M) 1.380ms
[17.337s][info ][gc,cpu         ] GC(83) User=0.00s Sys=0.00s Real=0.00s
[17.337s][info ][safepoint      ] Safepoint "G1CollectForAllocation", Time since last: 165206566 ns, Reaching safepoint: 111770 ns, At safepoint: 1535347 ns, Total: 1647117 ns
[17.501s][debug][gc,heap        ] GC(84) Heap before GC invocations=84 (full 1): garbage-first heap   total 305152K, used 185684K [0x0000000700000000, 0x0000000800000000)
[17.501s][debug][gc,heap        ] GC(84)   region size 1024K, 178 young (182272K), 1 survivors (1024K)
[17.501s][debug][gc,heap        ] GC(84)  Metaspace       used 10703K, capacity 10992K, committed 11136K, reserved 1058816K
[17.501s][debug][gc,heap        ] GC(84)   class space    used 1263K, capacity 1389K, committed 1408K, reserved 1048576K
[17.501s][info ][gc,start       ] GC(84) Pause Young (Normal) (G1 Evacuation Pause)
[17.501s][info ][gc,task        ] GC(84) Using 8 workers of 8 for evacuation
[17.501s][debug][gc,tlab        ] GC(84) TLAB totals: thrds: 8  refills: 711 max: 98 slow allocs: 0 max 0 waste:  1.1% gc: 1663696B max: 382928B slow: 410616B max: 57288B fast: 0B max: 0B
[17.501s][debug][gc,age         ] GC(84) Desired survivor size 12058624 bytes, new threshold 15 (max threshold 15)
[17.501s][debug][gc,alloc,region] GC(84) Mutator Allocation stats, regions: 177, wasted size: 0B ( 0.0%)
[17.501s][debug][gc,ergo        ] GC(84) Running G1 Merge Heap Roots using 8 workers for 178 regions
[17.501s][debug][gc,remset      ] GC(84) Visited cards 256 Total dirty 2048 (12.50%) Total old 747520 (0.03%)
[17.501s][debug][gc,ergo        ] GC(84) Running G1 Clear Card Table Task using 1 workers for 1 units of work for 179 regions.
[17.501s][debug][gc,ref         ] GC(84) Skipped phase1 of Reference Processing due to unavailable references
[17.501s][debug][gc,ref         ] GC(84) Skipped phase2 of Reference Processing due to unavailable references
[17.501s][debug][gc,ref         ] GC(84) Skipped phase3 of Reference Processing due to unavailable references
[17.501s][debug][gc,ref         ] GC(84) Skipped phase4 of Reference Processing due to unavailable references
[17.502s][debug][gc,ergo        ] GC(84) Running G1 Free Collection Set using 8 workers for collection set length 178 (298)
[17.502s][debug][gc,ergo        ] GC(84) Running G1 Rebuild Free List Task using 8 workers for rebuilding free list of 0 (4096) regions
[17.502s][trace][gc,age         ] GC(84) Age table with threshold 15 (max threshold 15)
[17.502s][trace][gc,age         ] GC(84) - age   1:        232 bytes,        232 total
[17.502s][debug][gc,plab        ] GC(84) Young PLAB allocation: allocated: 6192B, wasted: 0B, unused: 5960B, used: 232B, undo waste: 0B, 
[17.502s][debug][gc,plab        ] GC(84) Young other allocation: region end waste: 0B, regions filled: 1, direct allocated: 0B, failure used: 0B, failure wasted: 0B
[17.502s][debug][gc,plab        ] GC(84) Young sizing: calculated: 40B, actual: 2064B
[17.502s][debug][gc,plab        ] GC(84) Old PLAB allocation: allocated: 0B, wasted: 0B, unused: 0B, used: 0B, undo waste: 0B, 
[17.502s][debug][gc,plab        ] GC(84) Old other allocation: region end waste: 0B, regions filled: 1, direct allocated: 0B, failure used: 0B, failure wasted: 0B
[17.502s][debug][gc,plab        ] GC(84) Old sizing: calculated: 0B, actual: 2064B
[17.502s][debug][gc,ihop        ] GC(84) Basic information (value update), threshold: 140614041B (45.00), target occupancy: 312475648B, current occupancy: 4540960B, recent allocation size: 0B, recent allocation duration: 164.64ms, recent old gen allocation rate: 0.00B/s, recent marking phase length: 0.00ms
[17.502s][debug][gc,ihop        ] GC(84) Adaptive IHOP information (value update), threshold: 140614041B (47.37), internal target occupancy: 296851865B, occupancy: 4540960B, additional buffer size: 186646528B, predicted old gen allocation rate: 16017.12B/s, predicted marking phase length: 0.00ms, prediction active: false
[17.502s][debug][gc,ergo,refine ] GC(84) Concurrent refinement times: Logged Cards Scan time goal: 20.00ms Logged Cards Scan time: 0.00ms HCC time: 0.00ms
[17.502s][debug][gc,ergo,refine ] GC(84) Updated Refinement Zones: green: 2048, yellow: 6144, red: 10240
[17.502s][info ][gc,phases      ] GC(84)   Pre Evacuate Collection Set: 0.1ms
[17.502s][debug][gc,phases      ] GC(84)     Prepare TLABs: 0.0ms
[17.502s][debug][gc,phases      ] GC(84)     Choose Collection Set: 0.0ms
[17.502s][debug][gc,phases      ] GC(84)     Region Register: 0.1ms
[17.502s][debug][gc,phases      ] GC(84)     Prepare Heap Roots: 0.0ms
[17.502s][info ][gc,phases      ] GC(84)   Merge Heap Roots: 0.1ms
[17.502s][debug][gc,phases      ] GC(84)     Prepare Merge Heap Roots: 0.0ms
[17.502s][debug][gc,phases      ] GC(84)     Eager Reclaim (ms):       skipped
[17.502s][debug][gc,phases      ] GC(84)     Remembered Sets (ms):     Min:  0.0, Avg:  0.0, Max:  0.0, Diff:  0.0, Sum:  0.0, Workers: 8
[17.502s][debug][gc,phases      ] GC(84)       Merged Sparse:            Min: 0, Avg:  0.0, Max: 0, Diff: 0, Sum: 0, Workers: 8
[17.502s][debug][gc,phases      ] GC(84)       Merged Fine:              Min: 0, Avg:  0.0, Max: 0, Diff: 0, Sum: 0, Workers: 8
[17.502s][debug][gc,phases      ] GC(84)       Merged Coarse:            Min: 0, Avg:  0.0, Max: 0, Diff: 0, Sum: 0, Workers: 8
[17.502s][debug][gc,phases      ] GC(84)       Dirty Cards:              Min: 0, Avg:  0.0, Max: 0, Diff: 0, Sum: 0, Workers: 8
[17.502s][debug][gc,phases      ] GC(84)     Hot Card Cache (ms):      Min:  0.0, Avg:  0.0, Max:  0.0, Diff:  0.0, Sum:  0.0, Workers: 8
[17.502s][debug][gc,phases      ] GC(84)       Dirty Cards:              Min: 0, Avg:  0.0, Max: 0, Diff: 0, Sum: 0, Workers: 8
[17.502s][debug][gc,phases      ] GC(84)       Skipped Cards:            Min: 0, Avg:  0.0, Max: 0, Diff: 0, Sum: 0, Workers: 8
[17.502s][debug][gc,phases      ] GC(84)     Log Buffers (ms):         Min:  0.0, Avg:  0.0, Max:  0.0, Diff:  0.0, Sum:  0.0, Workers: 8
[17.502s][debug][gc,phases      ] GC(84)       Dirty Cards:              Min: 0, Avg:  0.1, Max: 1, Diff: 1, Sum: 1, Workers: 8
[17.502s][debug][gc,phases      ] GC(84)       Skipped Cards:            Min: 0, Avg:  0.0, Max: 0, Diff: 0, Sum: 0, Workers: 8
[17.502s][info ][gc,phases      ] GC(84)   Evacuate Collection Set: 0.1ms
[17.502s][debug][gc,phases      ] GC(84)     Ext Root Scanning (ms):   Min:  0.0, Avg:  0.0, Max:  0.1, Diff:  0.1, Sum:  0.2, Workers: 8
[17.502s][debug][gc,phases      ] GC(84)     Scan Heap Roots (ms):     Min:  0.0, Avg:  0.0, Max:  0.0, Diff:  0.0, Sum:  0.0, Workers: 8
[17.502s][debug][gc,phases      ] GC(84)       Scanned Cards:            Min: 0, Avg:  0.1, Max: 1, Diff: 1, Sum: 1, Workers: 8
[17.502s][debug][gc,phases      ] GC(84)       Scanned Blocks:           Min: 0, Avg:  0.1, Max: 1, Diff: 1, Sum: 1, Workers: 8
[17.502s][debug][gc,phases      ] GC(84)       Claimed Chunks:           Min: 0, Avg:  0.1, Max: 1, Diff: 1, Sum: 1, Workers: 8
[17.502s][debug][gc,phases      ] GC(84)     Code Root Scan (ms):      Min:  0.0, Avg:  0.0, Max:  0.0, Diff:  0.0, Sum:  0.0, Workers: 8
[17.502s][debug][gc,phases      ] GC(84)     Object Copy (ms):         Min:  0.0, Avg:  0.0, Max:  0.0, Diff:  0.0, Sum:  0.0, Workers: 8
[17.502s][debug][gc,phases      ] GC(84)     Termination (ms):         Min:  0.0, Avg:  0.0, Max:  0.0, Diff:  0.0, Sum:  0.3, Workers: 8
[17.502s][debug][gc,phases      ] GC(84)       Termination Attempts:     Min: 1, Avg:  1.0, Max: 1, Diff: 0, Sum: 8, Workers: 8
[17.502s][debug][gc,phases      ] GC(84)     GC Worker Other (ms):     Min:  0.0, Avg:  0.0, Max:  0.0, Diff:  0.0, Sum:  0.1, Workers: 8
[17.502s][debug][gc,phases      ] GC(84)     GC Worker Total (ms):     Min:  0.1, Avg:  0.1, Max:  0.1, Diff:  0.1, Sum:  0.7, Workers: 8
[17.502s][info ][gc,phases      ] GC(84)   Post Evacuate Collection Set: 0.3ms
[17.502s][debug][gc,phases      ] GC(84)     Code Roots Fixup: 0.0ms
[17.502s][debug][gc,phases      ] GC(84)     Clear Card Table: 0.1ms
[17.502s][debug][gc,phases      ] GC(84)     Reference Processing: 0.0ms
[17.502s][debug][gc,phases,ref  ] GC(84)       Reconsider SoftReferences: 0.0ms
[17.502s][debug][gc,phases,ref  ] GC(84)         SoftRef (ms):             skipped
[17.502s][debug][gc,phases,ref  ] GC(84)       Notify Soft/WeakReferences: 0.0ms
[17.502s][debug][gc,phases,ref  ] GC(84)         SoftRef (ms):             skipped
[17.502s][debug][gc,phases,ref  ] GC(84)         WeakRef (ms):             skipped
[17.502s][debug][gc,phases,ref  ] GC(84)         FinalRef (ms):            skipped
[17.502s][debug][gc,phases,ref  ] GC(84)         Total (ms):               skipped
[17.502s][debug][gc,phases,ref  ] GC(84)       Notify and keep alive finalizable: 0.0ms
[17.502s][debug][gc,phases,ref  ] GC(84)         FinalRef (ms):            skipped
[17.502s][debug][gc,phases,ref  ] GC(84)       Notify PhantomReferences: 0.0ms
[17.502s][debug][gc,phases,ref  ] GC(84)         PhantomRef (ms):          skipped
[17.502s][debug][gc,phases,ref  ] GC(84)       SoftReference:
[17.502s][debug][gc,phases,ref  ] GC(84)         Discovered: 0
[17.502s][debug][gc,phases,ref  ] GC(84)         Cleared: 0
[17.502s][debug][gc,phases,ref  ] GC(84)       WeakReference:
[17.502s][debug][gc,phases,ref  ] GC(84)         Discovered: 0
[17.502s][debug][gc,phases,ref  ] GC(84)         Cleared: 0
[17.502s][debug][gc,phases,ref  ] GC(84)       FinalReference:
[17.502s][debug][gc,phases,ref  ] GC(84)         Discovered: 0
[17.502s][debug][gc,phases,ref  ] GC(84)         Cleared: 0
[17.502s][debug][gc,phases,ref  ] GC(84)       PhantomReference:
[17.502s][debug][gc,phases,ref  ] GC(84)         Discovered: 0
[17.502s][debug][gc,phases,ref  ] GC(84)         Cleared: 0
[17.502s][debug][gc,phases      ] GC(84)     Weak Processing: 0.0ms
[17.502s][debug][gc,phases      ] GC(84)       JVMTI weak processing: 0.0ms
[17.502s][debug][gc,phases      ] GC(84)         Dead: 0
[17.502s][debug][gc,phases      ] GC(84)         Total: 0
[17.502s][debug][gc,phases      ] GC(84)       JFR weak processing: 0.0ms
[17.502s][debug][gc,phases      ] GC(84)         Dead: 0
[17.502s][debug][gc,phases      ] GC(84)         Total: 0
[17.502s][debug][gc,phases      ] GC(84)       JNI weak                  Min:  0.0, Avg:  0.0, Max:  0.0, Diff:  0.0, Sum:  0.0, Workers: 5
[17.502s][debug][gc,phases      ] GC(84)         Dead                      Min: 0, Avg:  0.0, Max: 0, Diff: 0, Sum: 0, Workers: 5
[17.502s][debug][gc,phases      ] GC(84)         Total                     Min: 0, Avg: 13.4, Max: 67, Diff: 67, Sum: 67, Workers: 5
[17.502s][debug][gc,phases      ] GC(84)       VM weak                   Min:  0.0, Avg:  0.0, Max:  0.0, Diff:  0.0, Sum:  0.0, Workers: 5
[17.502s][debug][gc,phases      ] GC(84)         Dead                      Min: 0, Avg:  0.0, Max: 0, Diff: 0, Sum: 0, Workers: 5
[17.502s][debug][gc,phases      ] GC(84)         Total                     Min: 0, Avg: 47.6, Max: 128, Diff: 128, Sum: 238, Workers: 5
[17.502s][debug][gc,phases      ] GC(84)       StringTable weak          Min:  0.0, Avg:  0.0, Max:  0.0, Diff:  0.0, Sum:  0.0, Workers: 5
[17.502s][debug][gc,phases      ] GC(84)         Dead                      Min: 0, Avg:  0.0, Max: 0, Diff: 0, Sum: 0, Workers: 5
[17.502s][debug][gc,phases      ] GC(84)         Total                     Min: 0, Avg: 728.6, Max: 1595, Diff: 1595, Sum: 3643, Workers: 5
[17.502s][debug][gc,phases      ] GC(84)       ResolvedMethodTable weak  Min:  0.0, Avg:  0.0, Max:  0.0, Diff:  0.0, Sum:  0.0, Workers: 5
[17.502s][debug][gc,phases      ] GC(84)         Dead                      Min: 0, Avg:  0.0, Max: 0, Diff: 0, Sum: 0, Workers: 5
[17.502s][debug][gc,phases      ] GC(84)         Total                     Min: 0, Avg: 123.4, Max: 233, Diff: 233, Sum: 617, Workers: 5
[17.502s][debug][gc,phases      ] GC(84)     Merge Per-Thread State: 0.0ms
[17.502s][debug][gc,phases      ] GC(84)       Copied Bytes              Min: 0, Avg: 29.0, Max: 128, Diff: 128, Sum: 232, Workers: 8
[17.502s][debug][gc,phases      ] GC(84)       LAB Waste                 Min: 0, Avg:  0.0, Max: 0, Diff: 0, Sum: 0, Workers: 8
[17.502s][debug][gc,phases      ] GC(84)       LAB Undo Waste            Min: 0, Avg:  0.0, Max: 0, Diff: 0, Sum: 0, Workers: 8
[17.502s][debug][gc,phases      ] GC(84)     Code Roots Purge: 0.0ms
[17.502s][debug][gc,phases      ] GC(84)     Redirty Cards: 0.0ms
[17.502s][debug][gc,phases      ] GC(84)     DerivedPointerTable Update: 0.0ms
[17.502s][debug][gc,phases      ] GC(84)     Free Collection Set: 0.1ms
[17.502s][debug][gc,phases      ] GC(84)     Rebuild Free List: 0.0ms
[17.502s][debug][gc,phases      ] GC(84)     Humongous Reclaim: 0.0ms
[17.502s][debug][gc,phases      ] GC(84)     Start New Collection Set: 0.0ms
[17.502s][debug][gc,phases      ] GC(84)     Resize TLABs: 0.0ms
[17.502s][debug][gc,phases      ] GC(84)     Expand Heap After Collection: 0.0ms
[17.502s][info ][gc,phases      ] GC(84)   Other: 0.3ms
[17.502s][info ][gc,heap        ] GC(84) Eden regions: 177->0(177)
[17.502s][info ][gc,heap        ] GC(84) Survivor regions: 1->1(23)
[17.502s][info ][gc,heap        ] GC(84) Old regions: 7->7
[17.502s][info ][gc,heap        ] GC(84) Archive regions: 2->2
[17.502s][info ][gc,heap        ] GC(84) Humongous regions: 0->0
[17.502s][info ][gc,metaspace   ] GC(84) Metaspace: 10703K(11136K)->10703K(11136K) NonClass: 9440K(9728K)->9440K(9728K) Class: 1263K(1408K)->1263K(1408K)
[17.502s][debug][gc,heap        ] GC(84) Heap after GC invocations=85 (full 1): garbage-first heap   total 305152K, used 4434K [0x0000000700000000, 0x0000000800000000)
[17.502s][debug][gc,heap        ] GC(84)   region size 1024K, 1 young (1024K), 1 survivors (1024K)
[17.502s][debug][gc,heap        ] GC(84)  Metaspace       used 10703K, capacity 10992K, committed 11136K, reserved 1058816K
[17.502s][debug][gc,heap        ] GC(84)   class space    used 1263K, capacity 1389K, committed 1408K, reserved 1048576K
[17.502s][info ][gc             ] GC(84) Pause Young (Normal) (G1 Evacuation Pause) 181M->4M(298M) 1.426ms
[17.502s][info ][gc,cpu         ] GC(84) User=0.01s Sys=0.00s Real=0.00s
[17.502s][info ][safepoint      ] Safepoint "G1CollectForAllocation", Time since last: 163733284 ns, Reaching safepoint: 87921 ns, At safepoint: 1586105 ns, Total: 1674026 ns
[17.656s][debug][gc,heap        ] GC(85) Heap before GC invocations=85 (full 1): garbage-first heap   total 305152K, used 185682K [0x0000000700000000, 0x0000000800000000)
[17.657s][debug][gc,heap        ] GC(85)   region size 1024K, 178 young (182272K), 1 survivors (1024K)
[17.657s][debug][gc,heap        ] GC(85)  Metaspace       used 10703K, capacity 10992K, committed 11136K, reserved 1058816K
[17.657s][debug][gc,heap        ] GC(85)   class space    used 1263K, capacity 1389K, committed 1408K, reserved 1048576K
[17.657s][info ][gc,start       ] GC(85) Pause Young (Normal) (G1 Evacuation Pause)
[17.657s][info ][gc,task        ] GC(85) Using 8 workers of 8 for evacuation
[17.657s][debug][gc,tlab        ] GC(85) TLAB totals: thrds: 8  refills: 711 max: 93 slow allocs: 0 max 0 waste:  1.1% gc: 1566824B max: 403640B slow: 410912B max: 53728B fast: 0B max: 0B
[17.657s][debug][gc,age         ] GC(85) Desired survivor size 12058624 bytes, new threshold 15 (max threshold 15)
[17.657s][debug][gc,alloc,region] GC(85) Mutator Allocation stats, regions: 177, wasted size: 0B ( 0.0%)
[17.657s][debug][gc,ergo        ] GC(85) Running G1 Merge Heap Roots using 8 workers for 178 regions
[17.657s][debug][gc,remset      ] GC(85) Visited cards 256 Total dirty 2048 (12.50%) Total old 747520 (0.03%)
[17.657s][debug][gc,ergo        ] GC(85) Running G1 Clear Card Table Task using 1 workers for 1 units of work for 179 regions.
[17.657s][debug][gc,ref         ] GC(85) Skipped phase1 of Reference Processing due to unavailable references
[17.657s][debug][gc,ref         ] GC(85) Skipped phase2 of Reference Processing due to unavailable references
[17.657s][debug][gc,ref         ] GC(85) Skipped phase3 of Reference Processing due to unavailable references
[17.657s][debug][gc,ref         ] GC(85) Skipped phase4 of Reference Processing due to unavailable references
[17.657s][debug][gc,ergo        ] GC(85) Running G1 Free Collection Set using 8 workers for collection set length 178 (298)
[17.658s][debug][gc,ergo        ] GC(85) Running G1 Rebuild Free List Task using 8 workers for rebuilding free list of 0 (4096) regions
[17.658s][trace][gc,age         ] GC(85) Age table with threshold 15 (max threshold 15)
[17.658s][trace][gc,age         ] GC(85) - age   1:        336 bytes,        336 total
[17.658s][debug][gc,plab        ] GC(85) Young PLAB allocation: allocated: 8256B, wasted: 0B, unused: 7920B, used: 336B, undo waste: 0B, 
[17.658s][debug][gc,plab        ] GC(85) Young other allocation: region end waste: 0B, regions filled: 1, direct allocated: 0B, failure used: 0B, failure wasted: 0B
[17.658s][debug][gc,plab        ] GC(85) Young sizing: calculated: 64B, actual: 2064B
[17.658s][debug][gc,plab        ] GC(85) Old PLAB allocation: allocated: 0B, wasted: 0B, unused: 0B, used: 0B, undo waste: 0B, 
[17.658s][debug][gc,plab        ] GC(85) Old other allocation: region end waste: 0B, regions filled: 1, direct allocated: 0B, failure used: 0B, failure wasted: 0B
[17.658s][debug][gc,plab        ] GC(85) Old sizing: calculated: 0B, actual: 2064B
[17.658s][debug][gc,ihop        ] GC(85) Basic information (value update), threshold: 140614041B (45.00), target occupancy: 312475648B, current occupancy: 4543024B, recent allocation size: 0B, recent allocation duration: 154.90ms, recent old gen allocation rate: 0.00B/s, recent marking phase length: 0.00ms
[17.658s][debug][gc,ihop        ] GC(85) Adaptive IHOP information (value update), threshold: 140614041B (47.37), internal target occupancy: 296851865B, occupancy: 4543024B, additional buffer size: 186646528B, predicted old gen allocation rate: 15545.40B/s, predicted marking phase length: 0.00ms, prediction active: false
[17.658s][debug][gc,ergo,refine ] GC(85) Concurrent refinement times: Logged Cards Scan time goal: 20.00ms Logged Cards Scan time: 0.00ms HCC time: 0.00ms
[17.658s][debug][gc,ergo,refine ] GC(85) Updated Refinement Zones: green: 2048, yellow: 6144, red: 10240
[17.658s][info ][gc,phases      ] GC(85)   Pre Evacuate Collection Set: 0.1ms
[17.658s][debug][gc,phases      ] GC(85)     Prepare TLABs: 0.0ms
[17.658s][debug][gc,phases      ] GC(85)     Choose Collection Set: 0.0ms
[17.658s][debug][gc,phases      ] GC(85)     Region Register: 0.1ms
[17.658s][debug][gc,phases      ] GC(85)     Prepare Heap Roots: 0.0ms
[17.658s][info ][gc,phases      ] GC(85)   Merge Heap Roots: 0.1ms
[17.658s][debug][gc,phases      ] GC(85)     Prepare Merge Heap Roots: 0.0ms
[17.658s][debug][gc,phases      ] GC(85)     Eager Reclaim (ms):       skipped
[17.658s][debug][gc,phases      ] GC(85)     Remembered Sets (ms):     Min:  0.0, Avg:  0.0, Max:  0.0, Diff:  0.0, Sum:  0.1, Workers: 8
[17.658s][debug][gc,phases      ] GC(85)       Merged Sparse:            Min: 0, Avg:  0.0, Max: 0, Diff: 0, Sum: 0, Workers: 8
[17.658s][debug][gc,phases      ] GC(85)       Merged Fine:              Min: 0, Avg:  0.0, Max: 0, Diff: 0, Sum: 0, Workers: 8
[17.658s][debug][gc,phases      ] GC(85)       Merged Coarse:            Min: 0, Avg:  0.0, Max: 0, Diff: 0, Sum: 0, Workers: 8
[17.658s][debug][gc,phases      ] GC(85)       Dirty Cards:              Min: 0, Avg:  0.0, Max: 0, Diff: 0, Sum: 0, Workers: 8
[17.658s][debug][gc,phases      ] GC(85)     Hot Card Cache (ms):      Min:  0.0, Avg:  0.0, Max:  0.0, Diff:  0.0, Sum:  0.0, Workers: 8
[17.658s][debug][gc,phases      ] GC(85)       Dirty Cards:              Min: 0, Avg:  0.0, Max: 0, Diff: 0, Sum: 0, Workers: 8
[17.658s][debug][gc,phases      ] GC(85)       Skipped Cards:            Min: 0, Avg:  0.0, Max: 0, Diff: 0, Sum: 0, Workers: 8
[17.658s][debug][gc,phases      ] GC(85)     Log Buffers (ms):         Min:  0.0, Avg:  0.0, Max:  0.0, Diff:  0.0, Sum:  0.0, Workers: 8
[17.658s][debug][gc,phases      ] GC(85)       Dirty Cards:              Min: 0, Avg:  0.1, Max: 1, Diff: 1, Sum: 1, Workers: 8
[17.658s][debug][gc,phases      ] GC(85)       Skipped Cards:            Min: 0, Avg:  0.0, Max: 0, Diff: 0, Sum: 0, Workers: 8
[17.658s][info ][gc,phases      ] GC(85)   Evacuate Collection Set: 0.3ms
[17.658s][debug][gc,phases      ] GC(85)     Ext Root Scanning (ms):   Min:  0.0, Avg:  0.0, Max:  0.1, Diff:  0.0, Sum:  0.3, Workers: 8
[17.658s][debug][gc,phases      ] GC(85)     Scan Heap Roots (ms):     Min:  0.0, Avg:  0.0, Max:  0.0, Diff:  0.0, Sum:  0.0, Workers: 8
[17.658s][debug][gc,phases      ] GC(85)       Scanned Cards:            Min: 0, Avg:  0.1, Max: 1, Diff: 1, Sum: 1, Workers: 8
[17.658s][debug][gc,phases      ] GC(85)       Scanned Blocks:           Min: 0, Avg:  0.1, Max: 1, Diff: 1, Sum: 1, Workers: 8
[17.658s][debug][gc,phases      ] GC(85)       Claimed Chunks:           Min: 0, Avg:  0.1, Max: 1, Diff: 1, Sum: 1, Workers: 8
[17.658s][debug][gc,phases      ] GC(85)     Code Root Scan (ms):      Min:  0.0, Avg:  0.0, Max:  0.0, Diff:  0.0, Sum:  0.0, Workers: 8
[17.658s][debug][gc,phases      ] GC(85)     Object Copy (ms):         Min:  0.0, Avg:  0.0, Max:  0.0, Diff:  0.0, Sum:  0.0, Workers: 8
[17.658s][debug][gc,phases      ] GC(85)     Termination (ms):         Min:  0.1, Avg:  0.2, Max:  0.2, Diff:  0.0, Sum:  1.3, Workers: 8
[17.658s][debug][gc,phases      ] GC(85)       Termination Attempts:     Min: 1, Avg:  1.0, Max: 1, Diff: 0, Sum: 8, Workers: 8
[17.658s][debug][gc,phases      ] GC(85)     GC Worker Other (ms):     Min:  0.0, Avg:  0.0, Max:  0.0, Diff:  0.0, Sum:  0.2, Workers: 8
[17.658s][debug][gc,phases      ] GC(85)     GC Worker Total (ms):     Min:  0.2, Avg:  0.2, Max:  0.3, Diff:  0.1, Sum:  1.8, Workers: 8
[17.658s][info ][gc,phases      ] GC(85)   Post Evacuate Collection Set: 0.4ms
[17.658s][debug][gc,phases      ] GC(85)     Code Roots Fixup: 0.0ms
[17.658s][debug][gc,phases      ] GC(85)     Clear Card Table: 0.1ms
[17.658s][debug][gc,phases      ] GC(85)     Reference Processing: 0.0ms
[17.658s][debug][gc,phases,ref  ] GC(85)       Reconsider SoftReferences: 0.0ms
[17.658s][debug][gc,phases,ref  ] GC(85)         SoftRef (ms):             skipped
[17.658s][debug][gc,phases,ref  ] GC(85)       Notify Soft/WeakReferences: 0.0ms
[17.658s][debug][gc,phases,ref  ] GC(85)         SoftRef (ms):             skipped
[17.658s][debug][gc,phases,ref  ] GC(85)         WeakRef (ms):             skipped
[17.658s][debug][gc,phases,ref  ] GC(85)         FinalRef (ms):            skipped
[17.658s][debug][gc,phases,ref  ] GC(85)         Total (ms):               skipped
[17.658s][debug][gc,phases,ref  ] GC(85)       Notify and keep alive finalizable: 0.0ms
[17.658s][debug][gc,phases,ref  ] GC(85)         FinalRef (ms):            skipped
[17.658s][debug][gc,phases,ref  ] GC(85)       Notify PhantomReferences: 0.0ms
[17.658s][debug][gc,phases,ref  ] GC(85)         PhantomRef (ms):          skipped
[17.658s][debug][gc,phases,ref  ] GC(85)       SoftReference:
[17.658s][debug][gc,phases,ref  ] GC(85)         Discovered: 0
[17.658s][debug][gc,phases,ref  ] GC(85)         Cleared: 0
[17.658s][debug][gc,phases,ref  ] GC(85)       WeakReference:
[17.658s][debug][gc,phases,ref  ] GC(85)         Discovered: 0
[17.658s][debug][gc,phases,ref  ] GC(85)         Cleared: 0
[17.658s][debug][gc,phases,ref  ] GC(85)       FinalReference:
[17.658s][debug][gc,phases,ref  ] GC(85)         Discovered: 0
[17.658s][debug][gc,phases,ref  ] GC(85)         Cleared: 0
[17.658s][debug][gc,phases,ref  ] GC(85)       PhantomReference:
[17.658s][debug][gc,phases,ref  ] GC(85)         Discovered: 0
[17.658s][debug][gc,phases,ref  ] GC(85)         Cleared: 0
[17.658s][debug][gc,phases      ] GC(85)     Weak Processing: 0.1ms
[17.658s][debug][gc,phases      ] GC(85)       JVMTI weak processing: 0.0ms
[17.658s][debug][gc,phases      ] GC(85)         Dead: 0
[17.658s][debug][gc,phases      ] GC(85)         Total: 0
[17.658s][debug][gc,phases      ] GC(85)       JFR weak processing: 0.0ms
[17.658s][debug][gc,phases      ] GC(85)         Dead: 0
[17.658s][debug][gc,phases      ] GC(85)         Total: 0
[17.658s][debug][gc,phases      ] GC(85)       JNI weak                  Min:  0.0, Avg:  0.0, Max:  0.0, Diff:  0.0, Sum:  0.0, Workers: 5
[17.658s][debug][gc,phases      ] GC(85)         Dead                      Min: 0, Avg:  0.0, Max: 0, Diff: 0, Sum: 0, Workers: 5
[17.658s][debug][gc,phases      ] GC(85)         Total                     Min: 0, Avg: 13.4, Max: 67, Diff: 67, Sum: 67, Workers: 5
[17.658s][debug][gc,phases      ] GC(85)       VM weak                   Min:  0.0, Avg:  0.0, Max:  0.0, Diff:  0.0, Sum:  0.0, Workers: 5
[17.658s][debug][gc,phases      ] GC(85)         Dead                      Min: 0, Avg:  0.0, Max: 0, Diff: 0, Sum: 0, Workers: 5
[17.658s][debug][gc,phases      ] GC(85)         Total                     Min: 0, Avg: 47.6, Max: 238, Diff: 238, Sum: 238, Workers: 5
[17.658s][debug][gc,phases      ] GC(85)       StringTable weak          Min:  0.0, Avg:  0.0, Max:  0.0, Diff:  0.0, Sum:  0.0, Workers: 5
[17.658s][debug][gc,phases      ] GC(85)         Dead                      Min: 0, Avg:  0.0, Max: 0, Diff: 0, Sum: 0, Workers: 5
[17.658s][debug][gc,phases      ] GC(85)         Total                     Min: 0, Avg: 728.6, Max: 3454, Diff: 3454, Sum: 3643, Workers: 5
[17.658s][debug][gc,phases      ] GC(85)       ResolvedMethodTable weak  Min:  0.0, Avg:  0.0, Max:  0.0, Diff:  0.0, Sum:  0.0, Workers: 5
[17.658s][debug][gc,phases      ] GC(85)         Dead                      Min: 0, Avg:  0.0, Max: 0, Diff: 0, Sum: 0, Workers: 5
[17.658s][debug][gc,phases      ] GC(85)         Total                     Min: 64, Avg: 123.4, Max: 192, Diff: 128, Sum: 617, Workers: 5
[17.658s][debug][gc,phases      ] GC(85)     Merge Per-Thread State: 0.0ms
[17.658s][debug][gc,phases      ] GC(85)       Copied Bytes              Min: 0, Avg: 42.0, Max: 104, Diff: 104, Sum: 336, Workers: 8
[17.658s][debug][gc,phases      ] GC(85)       LAB Waste                 Min: 0, Avg:  0.0, Max: 0, Diff: 0, Sum: 0, Workers: 8
[17.658s][debug][gc,phases      ] GC(85)       LAB Undo Waste            Min: 0, Avg:  0.0, Max: 0, Diff: 0, Sum: 0, Workers: 8
[17.658s][debug][gc,phases      ] GC(85)     Code Roots Purge: 0.0ms
[17.658s][debug][gc,phases      ] GC(85)     Redirty Cards: 0.0ms
[17.658s][debug][gc,phases      ] GC(85)     DerivedPointerTable Update: 0.0ms
[17.658s][debug][gc,phases      ] GC(85)     Free Collection Set: 0.1ms
[17.658s][debug][gc,phases      ] GC(85)     Rebuild Free List: 0.1ms
[17.658s][debug][gc,phases      ] GC(85)     Humongous Reclaim: 0.0ms
[17.658s][debug][gc,phases      ] GC(85)     Start New Collection Set: 0.0ms
[17.658s][debug][gc,phases      ] GC(85)     Resize TLABs: 0.0ms
[17.658s][debug][gc,phases      ] GC(85)     Expand Heap After Collection: 0.0ms
[17.658s][info ][gc,phases      ] GC(85)   Other: 0.3ms
[17.658s][info ][gc,heap        ] GC(85) Eden regions: 177->0(177)
[17.658s][info ][gc,heap        ] GC(85) Survivor regions: 1->1(23)
[17.658s][info ][gc,heap        ] GC(85) Old regions: 7->7
[17.658s][info ][gc,heap        ] GC(85) Archive regions: 2->2
[17.658s][info ][gc,heap        ] GC(85) Humongous regions: 0->0
[17.658s][info ][gc,metaspace   ] GC(85) Metaspace: 10703K(11136K)->10703K(11136K) NonClass: 9440K(9728K)->9440K(9728K) Class: 1263K(1408K)->1263K(1408K)
[17.659s][debug][gc,heap        ] GC(85) Heap after GC invocations=86 (full 1): garbage-first heap   total 305152K, used 4436K [0x0000000700000000, 0x0000000800000000)
[17.659s][debug][gc,heap        ] GC(85)   region size 1024K, 1 young (1024K), 1 survivors (1024K)
[17.659s][debug][gc,heap        ] GC(85)  Metaspace       used 10703K, capacity 10992K, committed 11136K, reserved 1058816K
[17.659s][debug][gc,heap        ] GC(85)   class space    used 1263K, capacity 1389K, committed 1408K, reserved 1048576K
[17.659s][info ][gc             ] GC(85) Pause Young (Normal) (G1 Evacuation Pause) 181M->4M(298M) 1.964ms
[17.659s][info ][gc,cpu         ] GC(85) User=0.00s Sys=0.00s Real=0.01s
[17.659s][info ][safepoint      ] Safepoint "G1CollectForAllocation", Time since last: 153915975 ns, Reaching safepoint: 132733 ns, At safepoint: 2142569 ns, Total: 2275302 ns
[17.827s][debug][gc,heap        ] GC(86) Heap before GC invocations=86 (full 1): garbage-first heap   total 305152K, used 185684K [0x0000000700000000, 0x0000000800000000)
[17.827s][debug][gc,heap        ] GC(86)   region size 1024K, 178 young (182272K), 1 survivors (1024K)
[17.827s][debug][gc,heap        ] GC(86)  Metaspace       used 10703K, capacity 10992K, committed 11136K, reserved 1058816K
[17.827s][debug][gc,heap        ] GC(86)   class space    used 1263K, capacity 1389K, committed 1408K, reserved 1048576K
[17.827s][info ][gc,start       ] GC(86) Pause Young (Normal) (G1 Evacuation Pause)
[17.827s][info ][gc,task        ] GC(86) Using 8 workers of 8 for evacuation
[17.827s][debug][gc,tlab        ] GC(86) TLAB totals: thrds: 8  refills: 710 max: 92 slow allocs: 0 max 0 waste:  0.9% gc: 1244072B max: 390232B slow: 411200B max: 53160B fast: 0B max: 0B
[17.827s][debug][gc,age         ] GC(86) Desired survivor size 12058624 bytes, new threshold 15 (max threshold 15)
[17.827s][debug][gc,alloc,region] GC(86) Mutator Allocation stats, regions: 177, wasted size: 0B ( 0.0%)
[17.827s][debug][gc,ergo        ] GC(86) Running G1 Merge Heap Roots using 8 workers for 178 regions
[17.827s][debug][gc,remset      ] GC(86) Visited cards 256 Total dirty 2048 (12.50%) Total old 747520 (0.03%)
[17.827s][debug][gc,ergo        ] GC(86) Running G1 Clear Card Table Task using 1 workers for 1 units of work for 179 regions.
[17.828s][debug][gc,ref         ] GC(86) Skipped phase1 of Reference Processing due to unavailable references
[17.828s][debug][gc,ref         ] GC(86) Skipped phase2 of Reference Processing due to unavailable references
[17.828s][debug][gc,ref         ] GC(86) Skipped phase3 of Reference Processing due to unavailable references
[17.828s][debug][gc,ref         ] GC(86) Skipped phase4 of Reference Processing due to unavailable references
[17.828s][debug][gc,ergo        ] GC(86) Running G1 Free Collection Set using 8 workers for collection set length 178 (298)
[17.828s][debug][gc,ergo        ] GC(86) Running G1 Rebuild Free List Task using 8 workers for rebuilding free list of 0 (4096) regions
[17.828s][trace][gc,age         ] GC(86) Age table with threshold 15 (max threshold 15)
[17.828s][trace][gc,age         ] GC(86) - age   1:        336 bytes,        336 total
[17.828s][debug][gc,plab        ] GC(86) Young PLAB allocation: allocated: 8256B, wasted: 0B, unused: 7920B, used: 336B, undo waste: 0B, 
[17.828s][debug][gc,plab        ] GC(86) Young other allocation: region end waste: 0B, regions filled: 1, direct allocated: 0B, failure used: 0B, failure wasted: 0B
[17.828s][debug][gc,plab        ] GC(86) Young sizing: calculated: 64B, actual: 2064B
[17.828s][debug][gc,plab        ] GC(86) Old PLAB allocation: allocated: 0B, wasted: 0B, unused: 0B, used: 0B, undo waste: 0B, 
[17.828s][debug][gc,plab        ] GC(86) Old other allocation: region end waste: 0B, regions filled: 1, direct allocated: 0B, failure used: 0B, failure wasted: 0B
[17.828s][debug][gc,plab        ] GC(86) Old sizing: calculated: 0B, actual: 2064B
[17.828s][debug][gc,ihop        ] GC(86) Basic information (value update), threshold: 140614041B (45.00), target occupancy: 312475648B, current occupancy: 4543024B, recent allocation size: 0B, recent allocation duration: 169.30ms, recent old gen allocation rate: 0.00B/s, recent marking phase length: 0.00ms
[17.828s][debug][gc,ihop        ] GC(86) Adaptive IHOP information (value update), threshold: 140614041B (47.37), internal target occupancy: 296851865B, occupancy: 4543024B, additional buffer size: 186646528B, predicted old gen allocation rate: 15088.85B/s, predicted marking phase length: 0.00ms, prediction active: false
[17.828s][debug][gc,ergo,refine ] GC(86) Concurrent refinement times: Logged Cards Scan time goal: 20.00ms Logged Cards Scan time: 0.00ms HCC time: 0.00ms
[17.828s][debug][gc,ergo,refine ] GC(86) Updated Refinement Zones: green: 2048, yellow: 6144, red: 10240
[17.828s][info ][gc,phases      ] GC(86)   Pre Evacuate Collection Set: 0.1ms
[17.828s][debug][gc,phases      ] GC(86)     Prepare TLABs: 0.0ms
[17.828s][debug][gc,phases      ] GC(86)     Choose Collection Set: 0.0ms
[17.828s][debug][gc,phases      ] GC(86)     Region Register: 0.1ms
[17.828s][debug][gc,phases      ] GC(86)     Prepare Heap Roots: 0.0ms
[17.828s][info ][gc,phases      ] GC(86)   Merge Heap Roots: 0.2ms
[17.828s][debug][gc,phases      ] GC(86)     Prepare Merge Heap Roots: 0.0ms
[17.828s][debug][gc,phases      ] GC(86)     Eager Reclaim (ms):       skipped
[17.828s][debug][gc,phases      ] GC(86)     Remembered Sets (ms):     Min:  0.0, Avg:  0.0, Max:  0.0, Diff:  0.0, Sum:  0.1, Workers: 8
[17.828s][debug][gc,phases      ] GC(86)       Merged Sparse:            Min: 0, Avg:  0.0, Max: 0, Diff: 0, Sum: 0, Workers: 8
[17.828s][debug][gc,phases      ] GC(86)       Merged Fine:              Min: 0, Avg:  0.0, Max: 0, Diff: 0, Sum: 0, Workers: 8
[17.828s][debug][gc,phases      ] GC(86)       Merged Coarse:            Min: 0, Avg:  0.0, Max: 0, Diff: 0, Sum: 0, Workers: 8
[17.828s][debug][gc,phases      ] GC(86)       Dirty Cards:              Min: 0, Avg:  0.0, Max: 0, Diff: 0, Sum: 0, Workers: 8
[17.828s][debug][gc,phases      ] GC(86)     Hot Card Cache (ms):      Min:  0.0, Avg:  0.0, Max:  0.0, Diff:  0.0, Sum:  0.0, Workers: 8
[17.828s][debug][gc,phases      ] GC(86)       Dirty Cards:              Min: 0, Avg:  0.0, Max: 0, Diff: 0, Sum: 0, Workers: 8
[17.828s][debug][gc,phases      ] GC(86)       Skipped Cards:            Min: 0, Avg:  0.0, Max: 0, Diff: 0, Sum: 0, Workers: 8
[17.828s][debug][gc,phases      ] GC(86)     Log Buffers (ms):         Min:  0.0, Avg:  0.0, Max:  0.0, Diff:  0.0, Sum:  0.0, Workers: 8
[17.828s][debug][gc,phases      ] GC(86)       Dirty Cards:              Min: 0, Avg:  0.1, Max: 1, Diff: 1, Sum: 1, Workers: 8
[17.828s][debug][gc,phases      ] GC(86)       Skipped Cards:            Min: 0, Avg:  0.0, Max: 0, Diff: 0, Sum: 0, Workers: 8
[17.828s][info ][gc,phases      ] GC(86)   Evacuate Collection Set: 0.2ms
[17.828s][debug][gc,phases      ] GC(86)     Ext Root Scanning (ms):   Min:  0.0, Avg:  0.0, Max:  0.0, Diff:  0.0, Sum:  0.2, Workers: 8
[17.828s][debug][gc,phases      ] GC(86)     Scan Heap Roots (ms):     Min:  0.0, Avg:  0.0, Max:  0.0, Diff:  0.0, Sum:  0.0, Workers: 8
[17.828s][debug][gc,phases      ] GC(86)       Scanned Cards:            Min: 0, Avg:  0.1, Max: 1, Diff: 1, Sum: 1, Workers: 8
[17.828s][debug][gc,phases      ] GC(86)       Scanned Blocks:           Min: 0, Avg:  0.1, Max: 1, Diff: 1, Sum: 1, Workers: 8
[17.828s][debug][gc,phases      ] GC(86)       Claimed Chunks:           Min: 0, Avg:  0.1, Max: 1, Diff: 1, Sum: 1, Workers: 8
[17.828s][debug][gc,phases      ] GC(86)     Code Root Scan (ms):      Min:  0.0, Avg:  0.0, Max:  0.0, Diff:  0.0, Sum:  0.0, Workers: 8
[17.828s][debug][gc,phases      ] GC(86)     Object Copy (ms):         Min:  0.0, Avg:  0.0, Max:  0.0, Diff:  0.0, Sum:  0.0, Workers: 8
[17.828s][debug][gc,phases      ] GC(86)     Termination (ms):         Min:  0.0, Avg:  0.1, Max:  0.1, Diff:  0.0, Sum:  0.4, Workers: 8
[17.828s][debug][gc,phases      ] GC(86)       Termination Attempts:     Min: 1, Avg:  1.0, Max: 1, Diff: 0, Sum: 8, Workers: 8
[17.828s][debug][gc,phases      ] GC(86)     GC Worker Other (ms):     Min:  0.0, Avg:  0.0, Max:  0.1, Diff:  0.1, Sum:  0.2, Workers: 8
[17.828s][debug][gc,phases      ] GC(86)     GC Worker Total (ms):     Min:  0.0, Avg:  0.1, Max:  0.1, Diff:  0.1, Sum:  0.9, Workers: 8
[17.828s][info ][gc,phases      ] GC(86)   Post Evacuate Collection Set: 0.4ms
[17.828s][debug][gc,phases      ] GC(86)     Code Roots Fixup: 0.0ms
[17.828s][debug][gc,phases      ] GC(86)     Clear Card Table: 0.1ms
[17.828s][debug][gc,phases      ] GC(86)     Reference Processing: 0.0ms
[17.828s][debug][gc,phases,ref  ] GC(86)       Reconsider SoftReferences: 0.0ms
[17.828s][debug][gc,phases,ref  ] GC(86)         SoftRef (ms):             skipped
[17.828s][debug][gc,phases,ref  ] GC(86)       Notify Soft/WeakReferences: 0.0ms
[17.828s][debug][gc,phases,ref  ] GC(86)         SoftRef (ms):             skipped
[17.828s][debug][gc,phases,ref  ] GC(86)         WeakRef (ms):             skipped
[17.828s][debug][gc,phases,ref  ] GC(86)         FinalRef (ms):            skipped
[17.828s][debug][gc,phases,ref  ] GC(86)         Total (ms):               skipped
[17.828s][debug][gc,phases,ref  ] GC(86)       Notify and keep alive finalizable: 0.0ms
[17.828s][debug][gc,phases,ref  ] GC(86)         FinalRef (ms):            skipped
[17.828s][debug][gc,phases,ref  ] GC(86)       Notify PhantomReferences: 0.0ms
[17.828s][debug][gc,phases,ref  ] GC(86)         PhantomRef (ms):          skipped
[17.828s][debug][gc,phases,ref  ] GC(86)       SoftReference:
[17.828s][debug][gc,phases,ref  ] GC(86)         Discovered: 0
[17.828s][debug][gc,phases,ref  ] GC(86)         Cleared: 0
[17.828s][debug][gc,phases,ref  ] GC(86)       WeakReference:
[17.828s][debug][gc,phases,ref  ] GC(86)         Discovered: 0
[17.828s][debug][gc,phases,ref  ] GC(86)         Cleared: 0
[17.828s][debug][gc,phases,ref  ] GC(86)       FinalReference:
[17.828s][debug][gc,phases,ref  ] GC(86)         Discovered: 0
[17.828s][debug][gc,phases,ref  ] GC(86)         Cleared: 0
[17.828s][debug][gc,phases,ref  ] GC(86)       PhantomReference:
[17.828s][debug][gc,phases,ref  ] GC(86)         Discovered: 0
[17.828s][debug][gc,phases,ref  ] GC(86)         Cleared: 0
[17.828s][debug][gc,phases      ] GC(86)     Weak Processing: 0.1ms
[17.828s][debug][gc,phases      ] GC(86)       JVMTI weak processing: 0.0ms
[17.828s][debug][gc,phases      ] GC(86)         Dead: 0
[17.828s][debug][gc,phases      ] GC(86)         Total: 0
[17.829s][debug][gc,phases      ] GC(86)       JFR weak processing: 0.0ms
[17.829s][debug][gc,phases      ] GC(86)         Dead: 0
[17.829s][debug][gc,phases      ] GC(86)         Total: 0
[17.829s][debug][gc,phases      ] GC(86)       JNI weak                  Min:  0.0, Avg:  0.0, Max:  0.0, Diff:  0.0, Sum:  0.0, Workers: 5
[17.829s][debug][gc,phases      ] GC(86)         Dead                      Min: 0, Avg:  0.0, Max: 0, Diff: 0, Sum: 0, Workers: 5
[17.829s][debug][gc,phases      ] GC(86)         Total                     Min: 0, Avg: 13.4, Max: 52, Diff: 52, Sum: 67, Workers: 5
[17.829s][debug][gc,phases      ] GC(86)       VM weak                   Min:  0.0, Avg:  0.0, Max:  0.0, Diff:  0.0, Sum:  0.0, Workers: 5
[17.829s][debug][gc,phases      ] GC(86)         Dead                      Min: 0, Avg:  0.0, Max: 0, Diff: 0, Sum: 0, Workers: 5
[17.829s][debug][gc,phases      ] GC(86)         Total                     Min: 0, Avg: 47.6, Max: 110, Diff: 110, Sum: 238, Workers: 5
[17.829s][debug][gc,phases      ] GC(86)       StringTable weak          Min:  0.0, Avg:  0.0, Max:  0.0, Diff:  0.0, Sum:  0.1, Workers: 5
[17.829s][debug][gc,phases      ] GC(86)         Dead                      Min: 0, Avg:  0.0, Max: 0, Diff: 0, Sum: 0, Workers: 5
[17.829s][debug][gc,phases      ] GC(86)         Total                     Min: 637, Avg: 728.6, Max: 832, Diff: 195, Sum: 3643, Workers: 5
[17.829s][debug][gc,phases      ] GC(86)       ResolvedMethodTable weak  Min:  0.0, Avg:  0.0, Max:  0.0, Diff:  0.0, Sum:  0.0, Workers: 5
[17.829s][debug][gc,phases      ] GC(86)         Dead                      Min: 0, Avg:  0.0, Max: 0, Diff: 0, Sum: 0, Workers: 5
[17.829s][debug][gc,phases      ] GC(86)         Total                     Min: 0, Avg: 123.4, Max: 192, Diff: 192, Sum: 617, Workers: 5
[17.829s][debug][gc,phases      ] GC(86)     Merge Per-Thread State: 0.0ms
[17.829s][debug][gc,phases      ] GC(86)       Copied Bytes              Min: 0, Avg: 42.0, Max: 128, Diff: 128, Sum: 336, Workers: 8
[17.829s][debug][gc,phases      ] GC(86)       LAB Waste                 Min: 0, Avg:  0.0, Max: 0, Diff: 0, Sum: 0, Workers: 8
[17.829s][debug][gc,phases      ] GC(86)       LAB Undo Waste            Min: 0, Avg:  0.0, Max: 0, Diff: 0, Sum: 0, Workers: 8
[17.829s][debug][gc,phases      ] GC(86)     Code Roots Purge: 0.0ms
[17.829s][debug][gc,phases      ] GC(86)     Redirty Cards: 0.0ms
[17.829s][debug][gc,phases      ] GC(86)     DerivedPointerTable Update: 0.0ms
[17.829s][debug][gc,phases      ] GC(86)     Free Collection Set: 0.2ms
[17.829s][debug][gc,phases      ] GC(86)     Rebuild Free List: 0.1ms
[17.829s][debug][gc,phases      ] GC(86)     Humongous Reclaim: 0.0ms
[17.829s][debug][gc,phases      ] GC(86)     Start New Collection Set: 0.0ms
[17.829s][debug][gc,phases      ] GC(86)     Resize TLABs: 0.0ms
[17.829s][debug][gc,phases      ] GC(86)     Expand Heap After Collection: 0.0ms
[17.829s][info ][gc,phases      ] GC(86)   Other: 0.3ms
[17.829s][info ][gc,heap        ] GC(86) Eden regions: 177->0(177)
[17.829s][info ][gc,heap        ] GC(86) Survivor regions: 1->1(23)
[17.829s][info ][gc,heap        ] GC(86) Old regions: 7->7
[17.829s][info ][gc,heap        ] GC(86) Archive regions: 2->2
[17.829s][info ][gc,heap        ] GC(86) Humongous regions: 0->0
[17.829s][info ][gc,metaspace   ] GC(86) Metaspace: 10703K(11136K)->10703K(11136K) NonClass: 9440K(9728K)->9440K(9728K) Class: 1263K(1408K)->1263K(1408K)
[17.829s][debug][gc,heap        ] GC(86) Heap after GC invocations=87 (full 1): garbage-first heap   total 305152K, used 4436K [0x0000000700000000, 0x0000000800000000)
[17.829s][debug][gc,heap        ] GC(86)   region size 1024K, 1 young (1024K), 1 survivors (1024K)
[17.829s][debug][gc,heap        ] GC(86)  Metaspace       used 10703K, capacity 10992K, committed 11136K, reserved 1058816K
[17.829s][debug][gc,heap        ] GC(86)   class space    used 1263K, capacity 1389K, committed 1408K, reserved 1048576K
[17.829s][info ][gc             ] GC(86) Pause Young (Normal) (G1 Evacuation Pause) 181M->4M(298M) 1.926ms
[17.829s][info ][gc,cpu         ] GC(86) User=0.00s Sys=0.00s Real=0.01s
[17.829s][info ][safepoint      ] Safepoint "G1CollectForAllocation", Time since last: 168107558 ns, Reaching safepoint: 107785 ns, At safepoint: 2122057 ns, Total: 2229842 ns
[17.995s][debug][gc,heap        ] GC(87) Heap before GC invocations=87 (full 1): garbage-first heap   total 305152K, used 185684K [0x0000000700000000, 0x0000000800000000)
[17.995s][debug][gc,heap        ] GC(87)   region size 1024K, 178 young (182272K), 1 survivors (1024K)
[17.995s][debug][gc,heap        ] GC(87)  Metaspace       used 10703K, capacity 10992K, committed 11136K, reserved 1058816K
[17.995s][debug][gc,heap        ] GC(87)   class space    used 1263K, capacity 1389K, committed 1408K, reserved 1048576K
[17.995s][info ][gc,start       ] GC(87) Pause Young (Normal) (G1 Evacuation Pause)
[17.995s][info ][gc,task        ] GC(87) Using 8 workers of 8 for evacuation
[17.995s][debug][gc,tlab        ] GC(87) TLAB totals: thrds: 8  refills: 710 max: 95 slow allocs: 0 max 0 waste:  1.1% gc: 1541496B max: 334656B slow: 410752B max: 55296B fast: 0B max: 0B
[17.995s][debug][gc,age         ] GC(87) Desired survivor size 12058624 bytes, new threshold 15 (max threshold 15)
[17.995s][debug][gc,alloc,region] GC(87) Mutator Allocation stats, regions: 177, wasted size: 0B ( 0.0%)
[17.996s][debug][gc,ergo        ] GC(87) Running G1 Merge Heap Roots using 8 workers for 178 regions
[17.996s][debug][gc,remset      ] GC(87) Visited cards 256 Total dirty 2048 (12.50%) Total old 747520 (0.03%)
[17.996s][debug][gc,ergo        ] GC(87) Running G1 Clear Card Table Task using 1 workers for 1 units of work for 179 regions.
[17.996s][debug][gc,ref         ] GC(87) Skipped phase1 of Reference Processing due to unavailable references
[17.996s][debug][gc,ref         ] GC(87) Skipped phase2 of Reference Processing due to unavailable references
[17.996s][debug][gc,ref         ] GC(87) Skipped phase3 of Reference Processing due to unavailable references
[17.996s][debug][gc,ref         ] GC(87) Skipped phase4 of Reference Processing due to unavailable references
[17.996s][debug][gc,ergo        ] GC(87) Running G1 Free Collection Set using 8 workers for collection set length 178 (298)
[17.996s][debug][gc,ergo        ] GC(87) Running G1 Rebuild Free List Task using 8 workers for rebuilding free list of 0 (4096) regions
[17.996s][trace][gc,age         ] GC(87) Age table with threshold 15 (max threshold 15)
[17.996s][trace][gc,age         ] GC(87) - age   1:        392 bytes,        392 total
[17.996s][debug][gc,plab        ] GC(87) Young PLAB allocation: allocated: 10320B, wasted: 0B, unused: 9928B, used: 392B, undo waste: 0B, 
[17.996s][debug][gc,plab        ] GC(87) Young other allocation: region end waste: 0B, regions filled: 1, direct allocated: 0B, failure used: 0B, failure wasted: 0B
[17.996s][debug][gc,plab        ] GC(87) Young sizing: calculated: 72B, actual: 2064B
[17.996s][debug][gc,plab        ] GC(87) Old PLAB allocation: allocated: 0B, wasted: 0B, unused: 0B, used: 0B, undo waste: 0B, 
[17.996s][debug][gc,plab        ] GC(87) Old other allocation: region end waste: 0B, regions filled: 1, direct allocated: 0B, failure used: 0B, failure wasted: 0B
[17.996s][debug][gc,plab        ] GC(87) Old sizing: calculated: 0B, actual: 2064B
[17.996s][debug][gc,ihop        ] GC(87) Basic information (value update), threshold: 140614041B (45.00), target occupancy: 312475648B, current occupancy: 4545088B, recent allocation size: 0B, recent allocation duration: 167.51ms, recent old gen allocation rate: 0.00B/s, recent marking phase length: 0.00ms
[17.996s][debug][gc,ihop        ] GC(87) Adaptive IHOP information (value update), threshold: 140614041B (47.37), internal target occupancy: 296851865B, occupancy: 4545088B, additional buffer size: 186646528B, predicted old gen allocation rate: 14646.93B/s, predicted marking phase length: 0.00ms, prediction active: false
[17.996s][debug][gc,ergo,refine ] GC(87) Concurrent refinement times: Logged Cards Scan time goal: 20.00ms Logged Cards Scan time: 0.00ms HCC time: 0.00ms
[17.996s][debug][gc,ergo,refine ] GC(87) Updated Refinement Zones: green: 2048, yellow: 6144, red: 10240
[17.996s][info ][gc,phases      ] GC(87)   Pre Evacuate Collection Set: 0.1ms
[17.996s][debug][gc,phases      ] GC(87)     Prepare TLABs: 0.0ms
[17.997s][debug][gc,phases      ] GC(87)     Choose Collection Set: 0.0ms
[17.997s][debug][gc,phases      ] GC(87)     Region Register: 0.1ms
[17.997s][debug][gc,phases      ] GC(87)     Prepare Heap Roots: 0.0ms
[17.997s][info ][gc,phases      ] GC(87)   Merge Heap Roots: 0.1ms
[17.997s][debug][gc,phases      ] GC(87)     Prepare Merge Heap Roots: 0.0ms
[17.997s][debug][gc,phases      ] GC(87)     Eager Reclaim (ms):       skipped
[17.997s][debug][gc,phases      ] GC(87)     Remembered Sets (ms):     Min:  0.0, Avg:  0.0, Max:  0.0, Diff:  0.0, Sum:  0.1, Workers: 8
[17.997s][debug][gc,phases      ] GC(87)       Merged Sparse:            Min: 0, Avg:  0.0, Max: 0, Diff: 0, Sum: 0, Workers: 8
[17.997s][debug][gc,phases      ] GC(87)       Merged Fine:              Min: 0, Avg:  0.0, Max: 0, Diff: 0, Sum: 0, Workers: 8
[17.997s][debug][gc,phases      ] GC(87)       Merged Coarse:            Min: 0, Avg:  0.0, Max: 0, Diff: 0, Sum: 0, Workers: 8
[17.997s][debug][gc,phases      ] GC(87)       Dirty Cards:              Min: 0, Avg:  0.0, Max: 0, Diff: 0, Sum: 0, Workers: 8
[17.997s][debug][gc,phases      ] GC(87)     Hot Card Cache (ms):      Min:  0.0, Avg:  0.0, Max:  0.0, Diff:  0.0, Sum:  0.0, Workers: 8
[17.997s][debug][gc,phases      ] GC(87)       Dirty Cards:              Min: 0, Avg:  0.0, Max: 0, Diff: 0, Sum: 0, Workers: 8
[17.997s][debug][gc,phases      ] GC(87)       Skipped Cards:            Min: 0, Avg:  0.0, Max: 0, Diff: 0, Sum: 0, Workers: 8
[17.997s][debug][gc,phases      ] GC(87)     Log Buffers (ms):         Min:  0.0, Avg:  0.0, Max:  0.0, Diff:  0.0, Sum:  0.0, Workers: 8
[17.997s][debug][gc,phases      ] GC(87)       Dirty Cards:              Min: 0, Avg:  0.1, Max: 1, Diff: 1, Sum: 1, Workers: 8
[17.997s][debug][gc,phases      ] GC(87)       Skipped Cards:            Min: 0, Avg:  0.0, Max: 0, Diff: 0, Sum: 0, Workers: 8
[17.997s][info ][gc,phases      ] GC(87)   Evacuate Collection Set: 0.2ms
[17.997s][debug][gc,phases      ] GC(87)     Ext Root Scanning (ms):   Min:  0.0, Avg:  0.0, Max:  0.1, Diff:  0.0, Sum:  0.2, Workers: 8
[17.997s][debug][gc,phases      ] GC(87)     Scan Heap Roots (ms):     Min:  0.0, Avg:  0.0, Max:  0.0, Diff:  0.0, Sum:  0.0, Workers: 8
[17.997s][debug][gc,phases      ] GC(87)       Scanned Cards:            Min: 0, Avg:  0.1, Max: 1, Diff: 1, Sum: 1, Workers: 8
[17.997s][debug][gc,phases      ] GC(87)       Scanned Blocks:           Min: 0, Avg:  0.1, Max: 1, Diff: 1, Sum: 1, Workers: 8
[17.997s][debug][gc,phases      ] GC(87)       Claimed Chunks:           Min: 0, Avg:  0.1, Max: 1, Diff: 1, Sum: 1, Workers: 8
[17.997s][debug][gc,phases      ] GC(87)     Code Root Scan (ms):      Min:  0.0, Avg:  0.0, Max:  0.0, Diff:  0.0, Sum:  0.0, Workers: 8
[17.997s][debug][gc,phases      ] GC(87)     Object Copy (ms):         Min:  0.0, Avg:  0.0, Max:  0.0, Diff:  0.0, Sum:  0.0, Workers: 8
[17.997s][debug][gc,phases      ] GC(87)     Termination (ms):         Min:  0.1, Avg:  0.1, Max:  0.1, Diff:  0.0, Sum:  0.5, Workers: 8
[17.997s][debug][gc,phases      ] GC(87)       Termination Attempts:     Min: 1, Avg:  1.0, Max: 1, Diff: 0, Sum: 8, Workers: 8
[17.997s][debug][gc,phases      ] GC(87)     GC Worker Other (ms):     Min:  0.0, Avg:  0.0, Max:  0.0, Diff:  0.0, Sum:  0.1, Workers: 8
[17.997s][debug][gc,phases      ] GC(87)     GC Worker Total (ms):     Min:  0.1, Avg:  0.1, Max:  0.1, Diff:  0.0, Sum:  0.8, Workers: 8
[17.997s][info ][gc,phases      ] GC(87)   Post Evacuate Collection Set: 0.5ms
[17.997s][debug][gc,phases      ] GC(87)     Code Roots Fixup: 0.0ms
[17.997s][debug][gc,phases      ] GC(87)     Clear Card Table: 0.1ms
[17.997s][debug][gc,phases      ] GC(87)     Reference Processing: 0.0ms
[17.997s][debug][gc,phases,ref  ] GC(87)       Reconsider SoftReferences: 0.0ms
[17.997s][debug][gc,phases,ref  ] GC(87)         SoftRef (ms):             skipped
[17.997s][debug][gc,phases,ref  ] GC(87)       Notify Soft/WeakReferences: 0.0ms
[17.997s][debug][gc,phases,ref  ] GC(87)         SoftRef (ms):             skipped
[17.997s][debug][gc,phases,ref  ] GC(87)         WeakRef (ms):             skipped
[17.997s][debug][gc,phases,ref  ] GC(87)         FinalRef (ms):            skipped
[17.997s][debug][gc,phases,ref  ] GC(87)         Total (ms):               skipped
[17.997s][debug][gc,phases,ref  ] GC(87)       Notify and keep alive finalizable: 0.0ms
[17.997s][debug][gc,phases,ref  ] GC(87)         FinalRef (ms):            skipped
[17.997s][debug][gc,phases,ref  ] GC(87)       Notify PhantomReferences: 0.0ms
[17.997s][debug][gc,phases,ref  ] GC(87)         PhantomRef (ms):          skipped
[17.997s][debug][gc,phases,ref  ] GC(87)       SoftReference:
[17.997s][debug][gc,phases,ref  ] GC(87)         Discovered: 0
[17.997s][debug][gc,phases,ref  ] GC(87)         Cleared: 0
[17.997s][debug][gc,phases,ref  ] GC(87)       WeakReference:
[17.997s][debug][gc,phases,ref  ] GC(87)         Discovered: 0
[17.997s][debug][gc,phases,ref  ] GC(87)         Cleared: 0
[17.997s][debug][gc,phases,ref  ] GC(87)       FinalReference:
[17.997s][debug][gc,phases,ref  ] GC(87)         Discovered: 0
[17.997s][debug][gc,phases,ref  ] GC(87)         Cleared: 0
[17.997s][debug][gc,phases,ref  ] GC(87)       PhantomReference:
[17.997s][debug][gc,phases,ref  ] GC(87)         Discovered: 0
[17.997s][debug][gc,phases,ref  ] GC(87)         Cleared: 0
[17.997s][debug][gc,phases      ] GC(87)     Weak Processing: 0.1ms
[17.997s][debug][gc,phases      ] GC(87)       JVMTI weak processing: 0.0ms
[17.997s][debug][gc,phases      ] GC(87)         Dead: 0
[17.997s][debug][gc,phases      ] GC(87)         Total: 0
[17.997s][debug][gc,phases      ] GC(87)       JFR weak processing: 0.0ms
[17.997s][debug][gc,phases      ] GC(87)         Dead: 0
[17.997s][debug][gc,phases      ] GC(87)         Total: 0
[17.997s][debug][gc,phases      ] GC(87)       JNI weak                  Min:  0.0, Avg:  0.0, Max:  0.0, Diff:  0.0, Sum:  0.0, Workers: 5
[17.997s][debug][gc,phases      ] GC(87)         Dead                      Min: 0, Avg:  0.0, Max: 0, Diff: 0, Sum: 0, Workers: 5
[17.997s][debug][gc,phases      ] GC(87)         Total                     Min: 0, Avg: 13.4, Max: 52, Diff: 52, Sum: 67, Workers: 5
[17.997s][debug][gc,phases      ] GC(87)       VM weak                   Min:  0.0, Avg:  0.0, Max:  0.0, Diff:  0.0, Sum:  0.0, Workers: 5
[17.997s][debug][gc,phases      ] GC(87)         Dead                      Min: 0, Avg:  0.0, Max: 0, Diff: 0, Sum: 0, Workers: 5
[17.997s][debug][gc,phases      ] GC(87)         Total                     Min: 0, Avg: 47.6, Max: 128, Diff: 128, Sum: 238, Workers: 5
[17.997s][debug][gc,phases      ] GC(87)       StringTable weak          Min:  0.0, Avg:  0.0, Max:  0.0, Diff:  0.0, Sum:  0.1, Workers: 5
[17.997s][debug][gc,phases      ] GC(87)         Dead                      Min: 0, Avg:  0.0, Max: 0, Diff: 0, Sum: 0, Workers: 5
[17.997s][debug][gc,phases      ] GC(87)         Total                     Min: 0, Avg: 728.6, Max: 1021, Diff: 1021, Sum: 3643, Workers: 5
[17.997s][debug][gc,phases      ] GC(87)       ResolvedMethodTable weak  Min:  0.0, Avg:  0.0, Max:  0.0, Diff:  0.0, Sum:  0.0, Workers: 5
[17.997s][debug][gc,phases      ] GC(87)         Dead                      Min: 0, Avg:  0.0, Max: 0, Diff: 0, Sum: 0, Workers: 5
[17.997s][debug][gc,phases      ] GC(87)         Total                     Min: 0, Avg: 123.4, Max: 192, Diff: 192, Sum: 617, Workers: 5
[17.997s][debug][gc,phases      ] GC(87)     Merge Per-Thread State: 0.0ms
[17.997s][debug][gc,phases      ] GC(87)       Copied Bytes              Min: 0, Avg: 49.0, Max: 104, Diff: 104, Sum: 392, Workers: 8
[17.997s][debug][gc,phases      ] GC(87)       LAB Waste                 Min: 0, Avg:  0.0, Max: 0, Diff: 0, Sum: 0, Workers: 8
[17.997s][debug][gc,phases      ] GC(87)       LAB Undo Waste            Min: 0, Avg:  0.0, Max: 0, Diff: 0, Sum: 0, Workers: 8
[17.997s][debug][gc,phases      ] GC(87)     Code Roots Purge: 0.0ms
[17.997s][debug][gc,phases      ] GC(87)     Redirty Cards: 0.0ms
[17.997s][debug][gc,phases      ] GC(87)     DerivedPointerTable Update: 0.0ms
[17.997s][debug][gc,phases      ] GC(87)     Free Collection Set: 0.2ms
[17.997s][debug][gc,phases      ] GC(87)     Rebuild Free List: 0.1ms
[17.997s][debug][gc,phases      ] GC(87)     Humongous Reclaim: 0.0ms
[17.997s][debug][gc,phases      ] GC(87)     Start New Collection Set: 0.0ms
[17.997s][debug][gc,phases      ] GC(87)     Resize TLABs: 0.0ms
[17.997s][debug][gc,phases      ] GC(87)     Expand Heap After Collection: 0.0ms
[17.997s][info ][gc,phases      ] GC(87)   Other: 0.3ms
[17.997s][info ][gc,heap        ] GC(87) Eden regions: 177->0(177)
[17.997s][info ][gc,heap        ] GC(87) Survivor regions: 1->1(23)
[17.997s][info ][gc,heap        ] GC(87) Old regions: 7->7
[17.997s][info ][gc,heap        ] GC(87) Archive regions: 2->2
[17.997s][info ][gc,heap        ] GC(87) Humongous regions: 0->0
[17.997s][info ][gc,metaspace   ] GC(87) Metaspace: 10703K(11136K)->10703K(11136K) NonClass: 9440K(9728K)->9440K(9728K) Class: 1263K(1408K)->1263K(1408K)
[17.997s][debug][gc,heap        ] GC(87) Heap after GC invocations=88 (full 1): garbage-first heap   total 305152K, used 4438K [0x0000000700000000, 0x0000000800000000)
[17.997s][debug][gc,heap        ] GC(87)   region size 1024K, 1 young (1024K), 1 survivors (1024K)
[17.997s][debug][gc,heap        ] GC(87)  Metaspace       used 10703K, capacity 10992K, committed 11136K, reserved 1058816K
[17.997s][debug][gc,heap        ] GC(87)   class space    used 1263K, capacity 1389K, committed 1408K, reserved 1048576K
[17.997s][info ][gc             ] GC(87) Pause Young (Normal) (G1 Evacuation Pause) 181M->4M(298M) 1.691ms
[17.997s][info ][gc,cpu         ] GC(87) User=0.00s Sys=0.00s Real=0.00s
[17.997s][info ][safepoint      ] Safepoint "G1CollectForAllocation", Time since last: 166174736 ns, Reaching safepoint: 187736 ns, At safepoint: 1878505 ns, Total: 2066241 ns
[18.164s][debug][gc,heap        ] GC(88) Heap before GC invocations=88 (full 1): garbage-first heap   total 305152K, used 185686K [0x0000000700000000, 0x0000000800000000)
[18.164s][debug][gc,heap        ] GC(88)   region size 1024K, 178 young (182272K), 1 survivors (1024K)
[18.164s][debug][gc,heap        ] GC(88)  Metaspace       used 10703K, capacity 10992K, committed 11136K, reserved 1058816K
[18.164s][debug][gc,heap        ] GC(88)   class space    used 1263K, capacity 1389K, committed 1408K, reserved 1048576K
[18.164s][info ][gc,start       ] GC(88) Pause Young (Normal) (G1 Evacuation Pause)
[18.164s][info ][gc,task        ] GC(88) Using 8 workers of 8 for evacuation
[18.164s][debug][gc,tlab        ] GC(88) TLAB totals: thrds: 8  refills: 710 max: 94 slow allocs: 0 max 0 waste:  1.0% gc: 1446200B max: 350896B slow: 411648B max: 54576B fast: 0B max: 0B
[18.164s][debug][gc,age         ] GC(88) Desired survivor size 12058624 bytes, new threshold 15 (max threshold 15)
[18.164s][debug][gc,alloc,region] GC(88) Mutator Allocation stats, regions: 177, wasted size: 0B ( 0.0%)
[18.164s][debug][gc,ergo        ] GC(88) Running G1 Merge Heap Roots using 8 workers for 178 regions
[18.164s][debug][gc,remset      ] GC(88) Visited cards 256 Total dirty 2048 (12.50%) Total old 747520 (0.03%)
[18.164s][debug][gc,ergo        ] GC(88) Running G1 Clear Card Table Task using 1 workers for 1 units of work for 179 regions.
[18.164s][debug][gc,ref         ] GC(88) Skipped phase1 of Reference Processing due to unavailable references
[18.164s][debug][gc,ref         ] GC(88) Skipped phase2 of Reference Processing due to unavailable references
[18.164s][debug][gc,ref         ] GC(88) Skipped phase3 of Reference Processing due to unavailable references
[18.164s][debug][gc,ref         ] GC(88) Skipped phase4 of Reference Processing due to unavailable references
[18.165s][debug][gc,ergo        ] GC(88) Running G1 Free Collection Set using 8 workers for collection set length 178 (298)
[18.165s][debug][gc,ergo        ] GC(88) Running G1 Rebuild Free List Task using 8 workers for rebuilding free list of 0 (4096) regions
[18.165s][trace][gc,age         ] GC(88) Age table with threshold 15 (max threshold 15)
[18.165s][trace][gc,age         ] GC(88) - age   1:        456 bytes,        456 total
[18.165s][debug][gc,plab        ] GC(88) Young PLAB allocation: allocated: 10320B, wasted: 0B, unused: 9864B, used: 456B, undo waste: 0B, 
[18.165s][debug][gc,plab        ] GC(88) Young other allocation: region end waste: 0B, regions filled: 1, direct allocated: 0B, failure used: 0B, failure wasted: 0B
[18.165s][debug][gc,plab        ] GC(88) Young sizing: calculated: 88B, actual: 2064B
[18.165s][debug][gc,plab        ] GC(88) Old PLAB allocation: allocated: 0B, wasted: 0B, unused: 0B, used: 0B, undo waste: 0B, 
[18.165s][debug][gc,plab        ] GC(88) Old other allocation: region end waste: 0B, regions filled: 1, direct allocated: 0B, failure used: 0B, failure wasted: 0B
[18.165s][debug][gc,plab        ] GC(88) Old sizing: calculated: 0B, actual: 2064B
[18.165s][debug][gc,ihop        ] GC(88) Basic information (value update), threshold: 140614041B (45.00), target occupancy: 312475648B, current occupancy: 4545088B, recent allocation size: 0B, recent allocation duration: 167.56ms, recent old gen allocation rate: 0.00B/s, recent marking phase length: 0.00ms
[18.165s][debug][gc,ihop        ] GC(88) Adaptive IHOP information (value update), threshold: 140614041B (47.37), internal target occupancy: 296851865B, occupancy: 4545088B, additional buffer size: 186646528B, predicted old gen allocation rate: 14219.12B/s, predicted marking phase length: 0.00ms, prediction active: false
[18.165s][debug][gc,ergo,refine ] GC(88) Concurrent refinement times: Logged Cards Scan time goal: 20.00ms Logged Cards Scan time: 0.00ms HCC time: 0.00ms
[18.165s][debug][gc,ergo,refine ] GC(88) Updated Refinement Zones: green: 2048, yellow: 6144, red: 10240
[18.165s][info ][gc,phases      ] GC(88)   Pre Evacuate Collection Set: 0.1ms
[18.165s][debug][gc,phases      ] GC(88)     Prepare TLABs: 0.0ms
[18.165s][debug][gc,phases      ] GC(88)     Choose Collection Set: 0.0ms
[18.165s][debug][gc,phases      ] GC(88)     Region Register: 0.1ms
[18.165s][debug][gc,phases      ] GC(88)     Prepare Heap Roots: 0.0ms
[18.165s][info ][gc,phases      ] GC(88)   Merge Heap Roots: 0.1ms
[18.165s][debug][gc,phases      ] GC(88)     Prepare Merge Heap Roots: 0.0ms
[18.165s][debug][gc,phases      ] GC(88)     Eager Reclaim (ms):       skipped
[18.165s][debug][gc,phases      ] GC(88)     Remembered Sets (ms):     Min:  0.0, Avg:  0.0, Max:  0.0, Diff:  0.0, Sum:  0.0, Workers: 8
[18.165s][debug][gc,phases      ] GC(88)       Merged Sparse:            Min: 0, Avg:  0.0, Max: 0, Diff: 0, Sum: 0, Workers: 8
[18.165s][debug][gc,phases      ] GC(88)       Merged Fine:              Min: 0, Avg:  0.0, Max: 0, Diff: 0, Sum: 0, Workers: 8
[18.165s][debug][gc,phases      ] GC(88)       Merged Coarse:            Min: 0, Avg:  0.0, Max: 0, Diff: 0, Sum: 0, Workers: 8
[18.165s][debug][gc,phases      ] GC(88)       Dirty Cards:              Min: 0, Avg:  0.0, Max: 0, Diff: 0, Sum: 0, Workers: 8
[18.165s][debug][gc,phases      ] GC(88)     Hot Card Cache (ms):      Min:  0.0, Avg:  0.0, Max:  0.0, Diff:  0.0, Sum:  0.0, Workers: 8
[18.165s][debug][gc,phases      ] GC(88)       Dirty Cards:              Min: 0, Avg:  0.0, Max: 0, Diff: 0, Sum: 0, Workers: 8
[18.165s][debug][gc,phases      ] GC(88)       Skipped Cards:            Min: 0, Avg:  0.0, Max: 0, Diff: 0, Sum: 0, Workers: 8
[18.165s][debug][gc,phases      ] GC(88)     Log Buffers (ms):         Min:  0.0, Avg:  0.0, Max:  0.0, Diff:  0.0, Sum:  0.0, Workers: 8
[18.165s][debug][gc,phases      ] GC(88)       Dirty Cards:              Min: 0, Avg:  0.1, Max: 1, Diff: 1, Sum: 1, Workers: 8
[18.165s][debug][gc,phases      ] GC(88)       Skipped Cards:            Min: 0, Avg:  0.0, Max: 0, Diff: 0, Sum: 0, Workers: 8
[18.165s][info ][gc,phases      ] GC(88)   Evacuate Collection Set: 0.2ms
[18.165s][debug][gc,phases      ] GC(88)     Ext Root Scanning (ms):   Min:  0.0, Avg:  0.0, Max:  0.1, Diff:  0.1, Sum:  0.2, Workers: 8
[18.165s][debug][gc,phases      ] GC(88)     Scan Heap Roots (ms):     Min:  0.0, Avg:  0.0, Max:  0.0, Diff:  0.0, Sum:  0.0, Workers: 8
[18.165s][debug][gc,phases      ] GC(88)       Scanned Cards:            Min: 0, Avg:  0.1, Max: 1, Diff: 1, Sum: 1, Workers: 8
[18.165s][debug][gc,phases      ] GC(88)       Scanned Blocks:           Min: 0, Avg:  0.1, Max: 1, Diff: 1, Sum: 1, Workers: 8
[18.165s][debug][gc,phases      ] GC(88)       Claimed Chunks:           Min: 0, Avg:  0.1, Max: 1, Diff: 1, Sum: 1, Workers: 8
[18.165s][debug][gc,phases      ] GC(88)     Code Root Scan (ms):      Min:  0.0, Avg:  0.0, Max:  0.0, Diff:  0.0, Sum:  0.0, Workers: 8
[18.165s][debug][gc,phases      ] GC(88)     Object Copy (ms):         Min:  0.0, Avg:  0.0, Max:  0.0, Diff:  0.0, Sum:  0.0, Workers: 8
[18.165s][debug][gc,phases      ] GC(88)     Termination (ms):         Min:  0.1, Avg:  0.1, Max:  0.1, Diff:  0.0, Sum:  0.6, Workers: 8
[18.165s][debug][gc,phases      ] GC(88)       Termination Attempts:     Min: 1, Avg:  1.0, Max: 1, Diff: 0, Sum: 8, Workers: 8
[18.165s][debug][gc,phases      ] GC(88)     GC Worker Other (ms):     Min:  0.0, Avg:  0.0, Max:  0.0, Diff:  0.0, Sum:  0.1, Workers: 8
[18.165s][debug][gc,phases      ] GC(88)     GC Worker Total (ms):     Min:  0.1, Avg:  0.1, Max:  0.1, Diff:  0.0, Sum:  1.0, Workers: 8
[18.165s][info ][gc,phases      ] GC(88)   Post Evacuate Collection Set: 0.3ms
[18.165s][debug][gc,phases      ] GC(88)     Code Roots Fixup: 0.0ms
[18.165s][debug][gc,phases      ] GC(88)     Clear Card Table: 0.1ms
[18.165s][debug][gc,phases      ] GC(88)     Reference Processing: 0.0ms
[18.165s][debug][gc,phases,ref  ] GC(88)       Reconsider SoftReferences: 0.0ms
[18.165s][debug][gc,phases,ref  ] GC(88)         SoftRef (ms):             skipped
[18.165s][debug][gc,phases,ref  ] GC(88)       Notify Soft/WeakReferences: 0.0ms
[18.165s][debug][gc,phases,ref  ] GC(88)         SoftRef (ms):             skipped
[18.165s][debug][gc,phases,ref  ] GC(88)         WeakRef (ms):             skipped
[18.165s][debug][gc,phases,ref  ] GC(88)         FinalRef (ms):            skipped
[18.165s][debug][gc,phases,ref  ] GC(88)         Total (ms):               skipped
[18.165s][debug][gc,phases,ref  ] GC(88)       Notify and keep alive finalizable: 0.0ms
[18.165s][debug][gc,phases,ref  ] GC(88)         FinalRef (ms):            skipped
[18.165s][debug][gc,phases,ref  ] GC(88)       Notify PhantomReferences: 0.0ms
[18.165s][debug][gc,phases,ref  ] GC(88)         PhantomRef (ms):          skipped
[18.165s][debug][gc,phases,ref  ] GC(88)       SoftReference:
[18.165s][debug][gc,phases,ref  ] GC(88)         Discovered: 0
[18.165s][debug][gc,phases,ref  ] GC(88)         Cleared: 0
[18.165s][debug][gc,phases,ref  ] GC(88)       WeakReference:
[18.165s][debug][gc,phases,ref  ] GC(88)         Discovered: 0
[18.165s][debug][gc,phases,ref  ] GC(88)         Cleared: 0
[18.165s][debug][gc,phases,ref  ] GC(88)       FinalReference:
[18.165s][debug][gc,phases,ref  ] GC(88)         Discovered: 0
[18.165s][debug][gc,phases,ref  ] GC(88)         Cleared: 0
[18.165s][debug][gc,phases,ref  ] GC(88)       PhantomReference:
[18.165s][debug][gc,phases,ref  ] GC(88)         Discovered: 0
[18.165s][debug][gc,phases,ref  ] GC(88)         Cleared: 0
[18.165s][debug][gc,phases      ] GC(88)     Weak Processing: 0.1ms
[18.165s][debug][gc,phases      ] GC(88)       JVMTI weak processing: 0.0ms
[18.165s][debug][gc,phases      ] GC(88)         Dead: 0
[18.165s][debug][gc,phases      ] GC(88)         Total: 0
[18.165s][debug][gc,phases      ] GC(88)       JFR weak processing: 0.0ms
[18.165s][debug][gc,phases      ] GC(88)         Dead: 0
[18.165s][debug][gc,phases      ] GC(88)         Total: 0
[18.165s][debug][gc,phases      ] GC(88)       JNI weak                  Min:  0.0, Avg:  0.0, Max:  0.0, Diff:  0.0, Sum:  0.1, Workers: 5
[18.165s][debug][gc,phases      ] GC(88)         Dead                      Min: 0, Avg:  0.0, Max: 0, Diff: 0, Sum: 0, Workers: 5
[18.165s][debug][gc,phases      ] GC(88)         Total                     Min: 0, Avg: 13.4, Max: 67, Diff: 67, Sum: 67, Workers: 5
[18.165s][debug][gc,phases      ] GC(88)       VM weak                   Min:  0.0, Avg:  0.0, Max:  0.0, Diff:  0.0, Sum:  0.0, Workers: 5
[18.165s][debug][gc,phases      ] GC(88)         Dead                      Min: 0, Avg:  0.0, Max: 0, Diff: 0, Sum: 0, Workers: 5
[18.165s][debug][gc,phases      ] GC(88)         Total                     Min: 0, Avg: 47.6, Max: 238, Diff: 238, Sum: 238, Workers: 5
[18.165s][debug][gc,phases      ] GC(88)       StringTable weak          Min:  0.0, Avg:  0.0, Max:  0.1, Diff:  0.1, Sum:  0.1, Workers: 5
[18.165s][debug][gc,phases      ] GC(88)         Dead                      Min: 0, Avg:  0.0, Max: 0, Diff: 0, Sum: 0, Workers: 5
[18.165s][debug][gc,phases      ] GC(88)         Total                     Min: 0, Avg: 728.6, Max: 2363, Diff: 2363, Sum: 3643, Workers: 5
[18.165s][debug][gc,phases      ] GC(88)       ResolvedMethodTable weak  Min:  0.0, Avg:  0.0, Max:  0.0, Diff:  0.0, Sum:  0.0, Workers: 5
[18.165s][debug][gc,phases      ] GC(88)         Dead                      Min: 0, Avg:  0.0, Max: 0, Diff: 0, Sum: 0, Workers: 5
[18.165s][debug][gc,phases      ] GC(88)         Total                     Min: 41, Avg: 123.4, Max: 192, Diff: 151, Sum: 617, Workers: 5
[18.165s][debug][gc,phases      ] GC(88)     Merge Per-Thread State: 0.0ms
[18.165s][debug][gc,phases      ] GC(88)       Copied Bytes              Min: 0, Avg: 57.0, Max: 208, Diff: 208, Sum: 456, Workers: 8
[18.165s][debug][gc,phases      ] GC(88)       LAB Waste                 Min: 0, Avg:  0.0, Max: 0, Diff: 0, Sum: 0, Workers: 8
[18.165s][debug][gc,phases      ] GC(88)       LAB Undo Waste            Min: 0, Avg:  0.0, Max: 0, Diff: 0, Sum: 0, Workers: 8
[18.165s][debug][gc,phases      ] GC(88)     Code Roots Purge: 0.0ms
[18.165s][debug][gc,phases      ] GC(88)     Redirty Cards: 0.0ms
[18.165s][debug][gc,phases      ] GC(88)     DerivedPointerTable Update: 0.0ms
[18.165s][debug][gc,phases      ] GC(88)     Free Collection Set: 0.1ms
[18.165s][debug][gc,phases      ] GC(88)     Rebuild Free List: 0.0ms
[18.165s][debug][gc,phases      ] GC(88)     Humongous Reclaim: 0.0ms
[18.165s][debug][gc,phases      ] GC(88)     Start New Collection Set: 0.0ms
[18.165s][debug][gc,phases      ] GC(88)     Resize TLABs: 0.0ms
[18.165s][debug][gc,phases      ] GC(88)     Expand Heap After Collection: 0.0ms
[18.165s][info ][gc,phases      ] GC(88)   Other: 0.3ms
[18.165s][info ][gc,heap        ] GC(88) Eden regions: 177->0(177)
[18.165s][info ][gc,heap        ] GC(88) Survivor regions: 1->1(23)
[18.165s][info ][gc,heap        ] GC(88) Old regions: 7->7
[18.165s][info ][gc,heap        ] GC(88) Archive regions: 2->2
[18.165s][info ][gc,heap        ] GC(88) Humongous regions: 0->0
[18.165s][info ][gc,metaspace   ] GC(88) Metaspace: 10703K(11136K)->10703K(11136K) NonClass: 9440K(9728K)->9440K(9728K) Class: 1263K(1408K)->1263K(1408K)
[18.165s][debug][gc,heap        ] GC(88) Heap after GC invocations=89 (full 1): garbage-first heap   total 305152K, used 4438K [0x0000000700000000, 0x0000000800000000)
[18.165s][debug][gc,heap        ] GC(88)   region size 1024K, 1 young (1024K), 1 survivors (1024K)
[18.165s][debug][gc,heap        ] GC(88)  Metaspace       used 10703K, capacity 10992K, committed 11136K, reserved 1058816K
[18.165s][debug][gc,heap        ] GC(88)   class space    used 1263K, capacity 1389K, committed 1408K, reserved 1048576K
[18.165s][info ][gc             ] GC(88) Pause Young (Normal) (G1 Evacuation Pause) 181M->4M(298M) 1.447ms
[18.165s][info ][gc,cpu         ] GC(88) User=0.00s Sys=0.00s Real=0.00s
[18.166s][info ][safepoint      ] Safepoint "G1CollectForAllocation", Time since last: 166514387 ns, Reaching safepoint: 177492 ns, At safepoint: 1623220 ns, Total: 1800712 ns
[18.332s][debug][gc,heap        ] GC(89) Heap before GC invocations=89 (full 1): garbage-first heap   total 305152K, used 184662K [0x0000000700000000, 0x0000000800000000)
[18.332s][debug][gc,heap        ] GC(89)   region size 1024K, 178 young (182272K), 1 survivors (1024K)
[18.332s][debug][gc,heap        ] GC(89)  Metaspace       used 10703K, capacity 10992K, committed 11136K, reserved 1058816K
[18.332s][debug][gc,heap        ] GC(89)   class space    used 1263K, capacity 1389K, committed 1408K, reserved 1048576K
[18.332s][info ][gc,start       ] GC(89) Pause Young (Normal) (G1 Evacuation Pause)
[18.332s][info ][gc,task        ] GC(89) Using 8 workers of 8 for evacuation
[18.332s][debug][gc,tlab        ] GC(89) TLAB totals: thrds: 8  refills: 708 max: 92 slow allocs: 0 max 0 waste:  1.0% gc: 1464576B max: 391920B slow: 409528B max: 53280B fast: 0B max: 0B
[18.332s][debug][gc,age         ] GC(89) Desired survivor size 12058624 bytes, new threshold 15 (max threshold 15)
[18.332s][debug][gc,alloc,region] GC(89) Mutator Allocation stats, regions: 177, wasted size: 0B ( 0.0%)
[18.332s][debug][gc,ergo        ] GC(89) Running G1 Merge Heap Roots using 8 workers for 178 regions
[18.332s][debug][gc,remset      ] GC(89) Visited cards 256 Total dirty 2048 (12.50%) Total old 747520 (0.03%)
[18.332s][debug][gc,ergo        ] GC(89) Running G1 Clear Card Table Task using 1 workers for 1 units of work for 179 regions.
[18.332s][debug][gc,ref         ] GC(89) Skipped phase1 of Reference Processing due to unavailable references
[18.332s][debug][gc,ref         ] GC(89) Skipped phase2 of Reference Processing due to unavailable references
[18.332s][debug][gc,ref         ] GC(89) Skipped phase3 of Reference Processing due to unavailable references
[18.332s][debug][gc,ref         ] GC(89) Skipped phase4 of Reference Processing due to unavailable references
[18.333s][debug][gc,ergo        ] GC(89) Running G1 Free Collection Set using 8 workers for collection set length 178 (298)
[18.333s][debug][gc,ergo        ] GC(89) Running G1 Rebuild Free List Task using 8 workers for rebuilding free list of 0 (4096) regions
[18.333s][trace][gc,age         ] GC(89) Age table with threshold 15 (max threshold 15)
[18.333s][trace][gc,age         ] GC(89) - age   1:        336 bytes,        336 total
[18.333s][debug][gc,plab        ] GC(89) Young PLAB allocation: allocated: 8256B, wasted: 0B, unused: 7920B, used: 336B, undo waste: 0B, 
[18.333s][debug][gc,plab        ] GC(89) Young other allocation: region end waste: 0B, regions filled: 1, direct allocated: 0B, failure used: 0B, failure wasted: 0B
[18.333s][debug][gc,plab        ] GC(89) Young sizing: calculated: 64B, actual: 2064B
[18.333s][debug][gc,plab        ] GC(89) Old PLAB allocation: allocated: 0B, wasted: 0B, unused: 0B, used: 0B, undo waste: 0B, 
[18.333s][debug][gc,plab        ] GC(89) Old other allocation: region end waste: 0B, regions filled: 1, direct allocated: 0B, failure used: 0B, failure wasted: 0B
[18.333s][debug][gc,plab        ] GC(89) Old sizing: calculated: 0B, actual: 2064B
[18.333s][debug][gc,ihop        ] GC(89) Basic information (value update), threshold: 140614041B (45.00), target occupancy: 312475648B, current occupancy: 4543024B, recent allocation size: 0B, recent allocation duration: 167.10ms, recent old gen allocation rate: 0.00B/s, recent marking phase length: 0.00ms
[18.333s][debug][gc,ihop        ] GC(89) Adaptive IHOP information (value update), threshold: 140614041B (47.37), internal target occupancy: 296851865B, occupancy: 4543024B, additional buffer size: 186646528B, predicted old gen allocation rate: 13804.92B/s, predicted marking phase length: 0.00ms, prediction active: false
[18.333s][debug][gc,ergo,refine ] GC(89) Concurrent refinement times: Logged Cards Scan time goal: 20.00ms Logged Cards Scan time: 0.00ms HCC time: 0.00ms
[18.333s][debug][gc,ergo,refine ] GC(89) Updated Refinement Zones: green: 2048, yellow: 6144, red: 10240
[18.333s][info ][gc,phases      ] GC(89)   Pre Evacuate Collection Set: 0.1ms
[18.333s][debug][gc,phases      ] GC(89)     Prepare TLABs: 0.0ms
[18.333s][debug][gc,phases      ] GC(89)     Choose Collection Set: 0.0ms
[18.333s][debug][gc,phases      ] GC(89)     Region Register: 0.1ms
[18.333s][debug][gc,phases      ] GC(89)     Prepare Heap Roots: 0.0ms
[18.333s][info ][gc,phases      ] GC(89)   Merge Heap Roots: 0.1ms
[18.333s][debug][gc,phases      ] GC(89)     Prepare Merge Heap Roots: 0.0ms
[18.333s][debug][gc,phases      ] GC(89)     Eager Reclaim (ms):       skipped
[18.333s][debug][gc,phases      ] GC(89)     Remembered Sets (ms):     Min:  0.0, Avg:  0.0, Max:  0.0, Diff:  0.0, Sum:  0.0, Workers: 8
[18.333s][debug][gc,phases      ] GC(89)       Merged Sparse:            Min: 0, Avg:  0.0, Max: 0, Diff: 0, Sum: 0, Workers: 8
[18.333s][debug][gc,phases      ] GC(89)       Merged Fine:              Min: 0, Avg:  0.0, Max: 0, Diff: 0, Sum: 0, Workers: 8
[18.333s][debug][gc,phases      ] GC(89)       Merged Coarse:            Min: 0, Avg:  0.0, Max: 0, Diff: 0, Sum: 0, Workers: 8
[18.333s][debug][gc,phases      ] GC(89)       Dirty Cards:              Min: 0, Avg:  0.0, Max: 0, Diff: 0, Sum: 0, Workers: 8
[18.333s][debug][gc,phases      ] GC(89)     Hot Card Cache (ms):      Min:  0.0, Avg:  0.0, Max:  0.0, Diff:  0.0, Sum:  0.0, Workers: 8
[18.333s][debug][gc,phases      ] GC(89)       Dirty Cards:              Min: 0, Avg:  0.0, Max: 0, Diff: 0, Sum: 0, Workers: 8
[18.333s][debug][gc,phases      ] GC(89)       Skipped Cards:            Min: 0, Avg:  0.0, Max: 0, Diff: 0, Sum: 0, Workers: 8
[18.333s][debug][gc,phases      ] GC(89)     Log Buffers (ms):         Min:  0.0, Avg:  0.0, Max:  0.0, Diff:  0.0, Sum:  0.0, Workers: 8
[18.333s][debug][gc,phases      ] GC(89)       Dirty Cards:              Min: 0, Avg:  0.1, Max: 1, Diff: 1, Sum: 1, Workers: 8
[18.333s][debug][gc,phases      ] GC(89)       Skipped Cards:            Min: 0, Avg:  0.0, Max: 0, Diff: 0, Sum: 0, Workers: 8
[18.333s][info ][gc,phases      ] GC(89)   Evacuate Collection Set: 0.2ms
[18.333s][debug][gc,phases      ] GC(89)     Ext Root Scanning (ms):   Min:  0.0, Avg:  0.0, Max:  0.1, Diff:  0.1, Sum:  0.3, Workers: 8
[18.333s][debug][gc,phases      ] GC(89)     Scan Heap Roots (ms):     Min:  0.0, Avg:  0.0, Max:  0.0, Diff:  0.0, Sum:  0.0, Workers: 8
[18.333s][debug][gc,phases      ] GC(89)       Scanned Cards:            Min: 0, Avg:  0.1, Max: 1, Diff: 1, Sum: 1, Workers: 8
[18.333s][debug][gc,phases      ] GC(89)       Scanned Blocks:           Min: 0, Avg:  0.1, Max: 1, Diff: 1, Sum: 1, Workers: 8
[18.333s][debug][gc,phases      ] GC(89)       Claimed Chunks:           Min: 0, Avg:  0.1, Max: 1, Diff: 1, Sum: 1, Workers: 8
[18.333s][debug][gc,phases      ] GC(89)     Code Root Scan (ms):      Min:  0.0, Avg:  0.0, Max:  0.0, Diff:  0.0, Sum:  0.0, Workers: 8
[18.333s][debug][gc,phases      ] GC(89)     Object Copy (ms):         Min:  0.0, Avg:  0.0, Max:  0.0, Diff:  0.0, Sum:  0.0, Workers: 8
[18.333s][debug][gc,phases      ] GC(89)     Termination (ms):         Min:  0.0, Avg:  0.0, Max:  0.0, Diff:  0.0, Sum:  0.3, Workers: 8
[18.333s][debug][gc,phases      ] GC(89)       Termination Attempts:     Min: 1, Avg:  1.0, Max: 1, Diff: 0, Sum: 8, Workers: 8
[18.333s][debug][gc,phases      ] GC(89)     GC Worker Other (ms):     Min:  0.0, Avg:  0.0, Max:  0.1, Diff:  0.1, Sum:  0.3, Workers: 8
[18.333s][debug][gc,phases      ] GC(89)     GC Worker Total (ms):     Min:  0.0, Avg:  0.1, Max:  0.2, Diff:  0.1, Sum:  1.0, Workers: 8
[18.333s][info ][gc,phases      ] GC(89)   Post Evacuate Collection Set: 0.5ms
[18.333s][debug][gc,phases      ] GC(89)     Code Roots Fixup: 0.0ms
[18.333s][debug][gc,phases      ] GC(89)     Clear Card Table: 0.1ms
[18.333s][debug][gc,phases      ] GC(89)     Reference Processing: 0.0ms
[18.333s][debug][gc,phases,ref  ] GC(89)       Reconsider SoftReferences: 0.0ms
[18.333s][debug][gc,phases,ref  ] GC(89)         SoftRef (ms):             skipped
[18.333s][debug][gc,phases,ref  ] GC(89)       Notify Soft/WeakReferences: 0.0ms
[18.333s][debug][gc,phases,ref  ] GC(89)         SoftRef (ms):             skipped
[18.333s][debug][gc,phases,ref  ] GC(89)         WeakRef (ms):             skipped
[18.333s][debug][gc,phases,ref  ] GC(89)         FinalRef (ms):            skipped
[18.333s][debug][gc,phases,ref  ] GC(89)         Total (ms):               skipped
[18.333s][debug][gc,phases,ref  ] GC(89)       Notify and keep alive finalizable: 0.0ms
[18.333s][debug][gc,phases,ref  ] GC(89)         FinalRef (ms):            skipped
[18.333s][debug][gc,phases,ref  ] GC(89)       Notify PhantomReferences: 0.0ms
[18.333s][debug][gc,phases,ref  ] GC(89)         PhantomRef (ms):          skipped
[18.333s][debug][gc,phases,ref  ] GC(89)       SoftReference:
[18.333s][debug][gc,phases,ref  ] GC(89)         Discovered: 0
[18.333s][debug][gc,phases,ref  ] GC(89)         Cleared: 0
[18.333s][debug][gc,phases,ref  ] GC(89)       WeakReference:
[18.333s][debug][gc,phases,ref  ] GC(89)         Discovered: 0
[18.333s][debug][gc,phases,ref  ] GC(89)         Cleared: 0
[18.333s][debug][gc,phases,ref  ] GC(89)       FinalReference:
[18.333s][debug][gc,phases,ref  ] GC(89)         Discovered: 0
[18.333s][debug][gc,phases,ref  ] GC(89)         Cleared: 0
[18.333s][debug][gc,phases,ref  ] GC(89)       PhantomReference:
[18.333s][debug][gc,phases,ref  ] GC(89)         Discovered: 0
[18.333s][debug][gc,phases,ref  ] GC(89)         Cleared: 0
[18.333s][debug][gc,phases      ] GC(89)     Weak Processing: 0.1ms
[18.333s][debug][gc,phases      ] GC(89)       JVMTI weak processing: 0.0ms
[18.333s][debug][gc,phases      ] GC(89)         Dead: 0
[18.333s][debug][gc,phases      ] GC(89)         Total: 0
[18.333s][debug][gc,phases      ] GC(89)       JFR weak processing: 0.0ms
[18.333s][debug][gc,phases      ] GC(89)         Dead: 0
[18.333s][debug][gc,phases      ] GC(89)         Total: 0
[18.333s][debug][gc,phases      ] GC(89)       JNI weak                  Min:  0.0, Avg:  0.0, Max:  0.0, Diff:  0.0, Sum:  0.0, Workers: 5
[18.333s][debug][gc,phases      ] GC(89)         Dead                      Min: 0, Avg:  0.0, Max: 0, Diff: 0, Sum: 0, Workers: 5
[18.333s][debug][gc,phases      ] GC(89)         Total                     Min: 0, Avg: 13.4, Max: 52, Diff: 52, Sum: 67, Workers: 5
[18.333s][debug][gc,phases      ] GC(89)       VM weak                   Min:  0.0, Avg:  0.0, Max:  0.0, Diff:  0.0, Sum:  0.0, Workers: 5
[18.333s][debug][gc,phases      ] GC(89)         Dead                      Min: 0, Avg:  0.0, Max: 0, Diff: 0, Sum: 0, Workers: 5
[18.333s][debug][gc,phases      ] GC(89)         Total                     Min: 0, Avg: 47.6, Max: 110, Diff: 110, Sum: 238, Workers: 5
[18.333s][debug][gc,phases      ] GC(89)       StringTable weak          Min:  0.0, Avg:  0.0, Max:  0.0, Diff:  0.0, Sum:  0.1, Workers: 5
[18.333s][debug][gc,phases      ] GC(89)         Dead                      Min: 0, Avg:  0.0, Max: 0, Diff: 0, Sum: 0, Workers: 5
[18.333s][debug][gc,phases      ] GC(89)         Total                     Min: 192, Avg: 728.6, Max: 1088, Diff: 896, Sum: 3643, Workers: 5
[18.333s][debug][gc,phases      ] GC(89)       ResolvedMethodTable weak  Min:  0.0, Avg:  0.0, Max:  0.0, Diff:  0.0, Sum:  0.0, Workers: 5
[18.333s][debug][gc,phases      ] GC(89)         Dead                      Min: 0, Avg:  0.0, Max: 0, Diff: 0, Sum: 0, Workers: 5
[18.333s][debug][gc,phases      ] GC(89)         Total                     Min: 64, Avg: 123.4, Max: 192, Diff: 128, Sum: 617, Workers: 5
[18.333s][debug][gc,phases      ] GC(89)     Merge Per-Thread State: 0.0ms
[18.333s][debug][gc,phases      ] GC(89)       Copied Bytes              Min: 0, Avg: 42.0, Max: 128, Diff: 128, Sum: 336, Workers: 8
[18.333s][debug][gc,phases      ] GC(89)       LAB Waste                 Min: 0, Avg:  0.0, Max: 0, Diff: 0, Sum: 0, Workers: 8
[18.333s][debug][gc,phases      ] GC(89)       LAB Undo Waste            Min: 0, Avg:  0.0, Max: 0, Diff: 0, Sum: 0, Workers: 8
[18.333s][debug][gc,phases      ] GC(89)     Code Roots Purge: 0.0ms
[18.333s][debug][gc,phases      ] GC(89)     Redirty Cards: 0.0ms
[18.334s][debug][gc,phases      ] GC(89)     DerivedPointerTable Update: 0.0ms
[18.334s][debug][gc,phases      ] GC(89)     Free Collection Set: 0.2ms
[18.334s][debug][gc,phases      ] GC(89)     Rebuild Free List: 0.2ms
[18.334s][debug][gc,phases      ] GC(89)     Humongous Reclaim: 0.0ms
[18.334s][debug][gc,phases      ] GC(89)     Start New Collection Set: 0.0ms
[18.334s][debug][gc,phases      ] GC(89)     Resize TLABs: 0.0ms
[18.334s][debug][gc,phases      ] GC(89)     Expand Heap After Collection: 0.0ms
[18.334s][info ][gc,phases      ] GC(89)   Other: 0.3ms
[18.334s][info ][gc,heap        ] GC(89) Eden regions: 177->0(177)
[18.334s][info ][gc,heap        ] GC(89) Survivor regions: 1->1(23)
[18.334s][info ][gc,heap        ] GC(89) Old regions: 7->7
[18.334s][info ][gc,heap        ] GC(89) Archive regions: 2->2
[18.334s][info ][gc,heap        ] GC(89) Humongous regions: 0->0
[18.334s][info ][gc,metaspace   ] GC(89) Metaspace: 10703K(11136K)->10703K(11136K) NonClass: 9440K(9728K)->9440K(9728K) Class: 1263K(1408K)->1263K(1408K)
[18.334s][debug][gc,heap        ] GC(89) Heap after GC invocations=90 (full 1): garbage-first heap   total 305152K, used 4436K [0x0000000700000000, 0x0000000800000000)
[18.334s][debug][gc,heap        ] GC(89)   region size 1024K, 1 young (1024K), 1 survivors (1024K)
[18.334s][debug][gc,heap        ] GC(89)  Metaspace       used 10703K, capacity 10992K, committed 11136K, reserved 1058816K
[18.334s][debug][gc,heap        ] GC(89)   class space    used 1263K, capacity 1389K, committed 1408K, reserved 1048576K
[18.334s][info ][gc             ] GC(89) Pause Young (Normal) (G1 Evacuation Pause) 181M->4M(298M) 1.785ms
[18.334s][info ][gc,cpu         ] GC(89) User=0.01s Sys=0.00s Real=0.00s
[18.334s][info ][safepoint      ] Safepoint "G1CollectForAllocation", Time since last: 166132701 ns, Reaching safepoint: 145276 ns, At safepoint: 1951213 ns, Total: 2096489 ns
[18.501s][debug][gc,heap        ] GC(90) Heap before GC invocations=90 (full 1): garbage-first heap   total 305152K, used 185684K [0x0000000700000000, 0x0000000800000000)
[18.501s][debug][gc,heap        ] GC(90)   region size 1024K, 178 young (182272K), 1 survivors (1024K)
[18.501s][debug][gc,heap        ] GC(90)  Metaspace       used 10703K, capacity 10992K, committed 11136K, reserved 1058816K
[18.501s][debug][gc,heap        ] GC(90)   class space    used 1263K, capacity 1389K, committed 1408K, reserved 1048576K
[18.501s][info ][gc,start       ] GC(90) Pause Young (Normal) (G1 Evacuation Pause)
[18.501s][info ][gc,task        ] GC(90) Using 8 workers of 8 for evacuation
[18.501s][debug][gc,tlab        ] GC(90) TLAB totals: thrds: 8  refills: 710 max: 97 slow allocs: 0 max 0 waste:  0.9% gc: 1306232B max: 359664B slow: 410912B max: 56080B fast: 0B max: 0B
[18.501s][debug][gc,age         ] GC(90) Desired survivor size 12058624 bytes, new threshold 15 (max threshold 15)
[18.501s][debug][gc,alloc,region] GC(90) Mutator Allocation stats, regions: 177, wasted size: 0B ( 0.0%)
[18.501s][debug][gc,ergo        ] GC(90) Running G1 Merge Heap Roots using 8 workers for 178 regions
[18.501s][debug][gc,remset      ] GC(90) Visited cards 256 Total dirty 2048 (12.50%) Total old 747520 (0.03%)
[18.501s][debug][gc,ergo        ] GC(90) Running G1 Clear Card Table Task using 1 workers for 1 units of work for 179 regions.
[18.501s][debug][gc,ref         ] GC(90) Skipped phase1 of Reference Processing due to unavailable references
[18.501s][debug][gc,ref         ] GC(90) Skipped phase2 of Reference Processing due to unavailable references
[18.501s][debug][gc,ref         ] GC(90) Skipped phase3 of Reference Processing due to unavailable references
[18.501s][debug][gc,ref         ] GC(90) Skipped phase4 of Reference Processing due to unavailable references
[18.501s][debug][gc,ergo        ] GC(90) Running G1 Free Collection Set using 8 workers for collection set length 178 (298)
[18.502s][debug][gc,ergo        ] GC(90) Running G1 Rebuild Free List Task using 8 workers for rebuilding free list of 0 (4096) regions
[18.502s][trace][gc,age         ] GC(90) Age table with threshold 15 (max threshold 15)
[18.502s][trace][gc,age         ] GC(90) - age   1:        256 bytes,        256 total
[18.502s][debug][gc,plab        ] GC(90) Young PLAB allocation: allocated: 8256B, wasted: 0B, unused: 8000B, used: 256B, undo waste: 0B, 
[18.502s][debug][gc,plab        ] GC(90) Young other allocation: region end waste: 0B, regions filled: 1, direct allocated: 0B, failure used: 0B, failure wasted: 0B
[18.502s][debug][gc,plab        ] GC(90) Young sizing: calculated: 48B, actual: 2064B
[18.502s][debug][gc,plab        ] GC(90) Old PLAB allocation: allocated: 0B, wasted: 0B, unused: 0B, used: 0B, undo waste: 0B, 
[18.502s][debug][gc,plab        ] GC(90) Old other allocation: region end waste: 0B, regions filled: 1, direct allocated: 0B, failure used: 0B, failure wasted: 0B
[18.502s][debug][gc,plab        ] GC(90) Old sizing: calculated: 0B, actual: 2064B
[18.502s][debug][gc,ihop        ] GC(90) Basic information (value update), threshold: 140614041B (45.00), target occupancy: 312475648B, current occupancy: 4543024B, recent allocation size: 0B, recent allocation duration: 167.99ms, recent old gen allocation rate: 0.00B/s, recent marking phase length: 0.00ms
[18.502s][debug][gc,ihop        ] GC(90) Adaptive IHOP information (value update), threshold: 140614041B (47.37), internal target occupancy: 296851865B, occupancy: 4543024B, additional buffer size: 186646528B, predicted old gen allocation rate: 13403.86B/s, predicted marking phase length: 0.00ms, prediction active: false
[18.502s][debug][gc,ergo,refine ] GC(90) Concurrent refinement times: Logged Cards Scan time goal: 20.00ms Logged Cards Scan time: 0.00ms HCC time: 0.00ms
[18.502s][debug][gc,ergo,refine ] GC(90) Updated Refinement Zones: green: 2048, yellow: 6144, red: 10240
[18.502s][info ][gc,phases      ] GC(90)   Pre Evacuate Collection Set: 0.2ms
[18.502s][debug][gc,phases      ] GC(90)     Prepare TLABs: 0.0ms
[18.502s][debug][gc,phases      ] GC(90)     Choose Collection Set: 0.0ms
[18.502s][debug][gc,phases      ] GC(90)     Region Register: 0.1ms
[18.502s][debug][gc,phases      ] GC(90)     Prepare Heap Roots: 0.0ms
[18.502s][info ][gc,phases      ] GC(90)   Merge Heap Roots: 0.1ms
[18.502s][debug][gc,phases      ] GC(90)     Prepare Merge Heap Roots: 0.0ms
[18.502s][debug][gc,phases      ] GC(90)     Eager Reclaim (ms):       skipped
[18.502s][debug][gc,phases      ] GC(90)     Remembered Sets (ms):     Min:  0.0, Avg:  0.0, Max:  0.0, Diff:  0.0, Sum:  0.0, Workers: 8
[18.502s][debug][gc,phases      ] GC(90)       Merged Sparse:            Min: 0, Avg:  0.0, Max: 0, Diff: 0, Sum: 0, Workers: 8
[18.502s][debug][gc,phases      ] GC(90)       Merged Fine:              Min: 0, Avg:  0.0, Max: 0, Diff: 0, Sum: 0, Workers: 8
[18.502s][debug][gc,phases      ] GC(90)       Merged Coarse:            Min: 0, Avg:  0.0, Max: 0, Diff: 0, Sum: 0, Workers: 8
[18.502s][debug][gc,phases      ] GC(90)       Dirty Cards:              Min: 0, Avg:  0.0, Max: 0, Diff: 0, Sum: 0, Workers: 8
[18.502s][debug][gc,phases      ] GC(90)     Hot Card Cache (ms):      Min:  0.0, Avg:  0.0, Max:  0.0, Diff:  0.0, Sum:  0.0, Workers: 8
[18.502s][debug][gc,phases      ] GC(90)       Dirty Cards:              Min: 0, Avg:  0.0, Max: 0, Diff: 0, Sum: 0, Workers: 8
[18.502s][debug][gc,phases      ] GC(90)       Skipped Cards:            Min: 0, Avg:  0.0, Max: 0, Diff: 0, Sum: 0, Workers: 8
[18.502s][debug][gc,phases      ] GC(90)     Log Buffers (ms):         Min:  0.0, Avg:  0.0, Max:  0.0, Diff:  0.0, Sum:  0.0, Workers: 8
[18.502s][debug][gc,phases      ] GC(90)       Dirty Cards:              Min: 0, Avg:  0.1, Max: 1, Diff: 1, Sum: 1, Workers: 8
[18.502s][debug][gc,phases      ] GC(90)       Skipped Cards:            Min: 0, Avg:  0.0, Max: 0, Diff: 0, Sum: 0, Workers: 8
[18.502s][info ][gc,phases      ] GC(90)   Evacuate Collection Set: 0.2ms
[18.502s][debug][gc,phases      ] GC(90)     Ext Root Scanning (ms):   Min:  0.0, Avg:  0.0, Max:  0.1, Diff:  0.0, Sum:  0.2, Workers: 8
[18.502s][debug][gc,phases      ] GC(90)     Scan Heap Roots (ms):     Min:  0.0, Avg:  0.0, Max:  0.0, Diff:  0.0, Sum:  0.0, Workers: 8
[18.502s][debug][gc,phases      ] GC(90)       Scanned Cards:            Min: 0, Avg:  0.1, Max: 1, Diff: 1, Sum: 1, Workers: 8
[18.502s][debug][gc,phases      ] GC(90)       Scanned Blocks:           Min: 0, Avg:  0.1, Max: 1, Diff: 1, Sum: 1, Workers: 8
[18.502s][debug][gc,phases      ] GC(90)       Claimed Chunks:           Min: 0, Avg:  0.1, Max: 1, Diff: 1, Sum: 1, Workers: 8
[18.502s][debug][gc,phases      ] GC(90)     Code Root Scan (ms):      Min:  0.0, Avg:  0.0, Max:  0.0, Diff:  0.0, Sum:  0.0, Workers: 8
[18.502s][debug][gc,phases      ] GC(90)     Object Copy (ms):         Min:  0.0, Avg:  0.0, Max:  0.0, Diff:  0.0, Sum:  0.0, Workers: 8
[18.502s][debug][gc,phases      ] GC(90)     Termination (ms):         Min:  0.0, Avg:  0.1, Max:  0.1, Diff:  0.0, Sum:  0.4, Workers: 8
[18.502s][debug][gc,phases      ] GC(90)       Termination Attempts:     Min: 1, Avg:  1.0, Max: 1, Diff: 0, Sum: 8, Workers: 8
[18.502s][debug][gc,phases      ] GC(90)     GC Worker Other (ms):     Min:  0.0, Avg:  0.0, Max:  0.0, Diff:  0.0, Sum:  0.1, Workers: 8
[18.502s][debug][gc,phases      ] GC(90)     GC Worker Total (ms):     Min:  0.1, Avg:  0.1, Max:  0.1, Diff:  0.1, Sum:  0.8, Workers: 8
[18.502s][info ][gc,phases      ] GC(90)   Post Evacuate Collection Set: 0.3ms
[18.502s][debug][gc,phases      ] GC(90)     Code Roots Fixup: 0.0ms
[18.502s][debug][gc,phases      ] GC(90)     Clear Card Table: 0.1ms
[18.502s][debug][gc,phases      ] GC(90)     Reference Processing: 0.0ms
[18.502s][debug][gc,phases,ref  ] GC(90)       Reconsider SoftReferences: 0.0ms
[18.502s][debug][gc,phases,ref  ] GC(90)         SoftRef (ms):             skipped
[18.502s][debug][gc,phases,ref  ] GC(90)       Notify Soft/WeakReferences: 0.0ms
[18.502s][debug][gc,phases,ref  ] GC(90)         SoftRef (ms):             skipped
[18.502s][debug][gc,phases,ref  ] GC(90)         WeakRef (ms):             skipped
[18.502s][debug][gc,phases,ref  ] GC(90)         FinalRef (ms):            skipped
[18.502s][debug][gc,phases,ref  ] GC(90)         Total (ms):               skipped
[18.502s][debug][gc,phases,ref  ] GC(90)       Notify and keep alive finalizable: 0.0ms
[18.502s][debug][gc,phases,ref  ] GC(90)         FinalRef (ms):            skipped
[18.502s][debug][gc,phases,ref  ] GC(90)       Notify PhantomReferences: 0.0ms
[18.502s][debug][gc,phases,ref  ] GC(90)         PhantomRef (ms):          skipped
[18.502s][debug][gc,phases,ref  ] GC(90)       SoftReference:
[18.502s][debug][gc,phases,ref  ] GC(90)         Discovered: 0
[18.502s][debug][gc,phases,ref  ] GC(90)         Cleared: 0
[18.502s][debug][gc,phases,ref  ] GC(90)       WeakReference:
[18.502s][debug][gc,phases,ref  ] GC(90)         Discovered: 0
[18.502s][debug][gc,phases,ref  ] GC(90)         Cleared: 0
[18.502s][debug][gc,phases,ref  ] GC(90)       FinalReference:
[18.502s][debug][gc,phases,ref  ] GC(90)         Discovered: 0
[18.502s][debug][gc,phases,ref  ] GC(90)         Cleared: 0
[18.502s][debug][gc,phases,ref  ] GC(90)       PhantomReference:
[18.502s][debug][gc,phases,ref  ] GC(90)         Discovered: 0
[18.502s][debug][gc,phases,ref  ] GC(90)         Cleared: 0
[18.502s][debug][gc,phases      ] GC(90)     Weak Processing: 0.1ms
[18.502s][debug][gc,phases      ] GC(90)       JVMTI weak processing: 0.0ms
[18.502s][debug][gc,phases      ] GC(90)         Dead: 0
[18.502s][debug][gc,phases      ] GC(90)         Total: 0
[18.502s][debug][gc,phases      ] GC(90)       JFR weak processing: 0.0ms
[18.502s][debug][gc,phases      ] GC(90)         Dead: 0
[18.502s][debug][gc,phases      ] GC(90)         Total: 0
[18.502s][debug][gc,phases      ] GC(90)       JNI weak                  Min:  0.0, Avg:  0.0, Max:  0.0, Diff:  0.0, Sum:  0.0, Workers: 5
[18.502s][debug][gc,phases      ] GC(90)         Dead                      Min: 0, Avg:  0.0, Max: 0, Diff: 0, Sum: 0, Workers: 5
[18.502s][debug][gc,phases      ] GC(90)         Total                     Min: 0, Avg: 13.4, Max: 52, Diff: 52, Sum: 67, Workers: 5
[18.502s][debug][gc,phases      ] GC(90)       VM weak                   Min:  0.0, Avg:  0.0, Max:  0.0, Diff:  0.0, Sum:  0.0, Workers: 5
[18.502s][debug][gc,phases      ] GC(90)         Dead                      Min: 0, Avg:  0.0, Max: 0, Diff: 0, Sum: 0, Workers: 5
[18.502s][debug][gc,phases      ] GC(90)         Total                     Min: 0, Avg: 47.6, Max: 128, Diff: 128, Sum: 238, Workers: 5
[18.502s][debug][gc,phases      ] GC(90)       StringTable weak          Min:  0.0, Avg:  0.0, Max:  0.0, Diff:  0.0, Sum:  0.1, Workers: 5
[18.502s][debug][gc,phases      ] GC(90)         Dead                      Min: 0, Avg:  0.0, Max: 0, Diff: 0, Sum: 0, Workers: 5
[18.502s][debug][gc,phases      ] GC(90)         Total                     Min: 0, Avg: 728.6, Max: 1851, Diff: 1851, Sum: 3643, Workers: 5
[18.502s][debug][gc,phases      ] GC(90)       ResolvedMethodTable weak  Min:  0.0, Avg:  0.0, Max:  0.0, Diff:  0.0, Sum:  0.0, Workers: 5
[18.502s][debug][gc,phases      ] GC(90)         Dead                      Min: 0, Avg:  0.0, Max: 0, Diff: 0, Sum: 0, Workers: 5
[18.502s][debug][gc,phases      ] GC(90)         Total                     Min: 0, Avg: 123.4, Max: 320, Diff: 320, Sum: 617, Workers: 5
[18.502s][debug][gc,phases      ] GC(90)     Merge Per-Thread State: 0.0ms
[18.502s][debug][gc,phases      ] GC(90)       Copied Bytes              Min: 0, Avg: 32.0, Max: 104, Diff: 104, Sum: 256, Workers: 8
[18.502s][debug][gc,phases      ] GC(90)       LAB Waste                 Min: 0, Avg:  0.0, Max: 0, Diff: 0, Sum: 0, Workers: 8
[18.502s][debug][gc,phases      ] GC(90)       LAB Undo Waste            Min: 0, Avg:  0.0, Max: 0, Diff: 0, Sum: 0, Workers: 8
[18.502s][debug][gc,phases      ] GC(90)     Code Roots Purge: 0.0ms
[18.502s][debug][gc,phases      ] GC(90)     Redirty Cards: 0.0ms
[18.502s][debug][gc,phases      ] GC(90)     DerivedPointerTable Update: 0.0ms
[18.502s][debug][gc,phases      ] GC(90)     Free Collection Set: 0.1ms
[18.502s][debug][gc,phases      ] GC(90)     Rebuild Free List: 0.0ms
[18.502s][debug][gc,phases      ] GC(90)     Humongous Reclaim: 0.0ms
[18.502s][debug][gc,phases      ] GC(90)     Start New Collection Set: 0.0ms
[18.502s][debug][gc,phases      ] GC(90)     Resize TLABs: 0.0ms
[18.502s][debug][gc,phases      ] GC(90)     Expand Heap After Collection: 0.0ms
[18.502s][info ][gc,phases      ] GC(90)   Other: 0.2ms
[18.502s][info ][gc,heap        ] GC(90) Eden regions: 177->0(177)
[18.502s][info ][gc,heap        ] GC(90) Survivor regions: 1->1(23)
[18.502s][info ][gc,heap        ] GC(90) Old regions: 7->7
[18.502s][info ][gc,heap        ] GC(90) Archive regions: 2->2
[18.502s][info ][gc,heap        ] GC(90) Humongous regions: 0->0
[18.502s][info ][gc,metaspace   ] GC(90) Metaspace: 10703K(11136K)->10703K(11136K) NonClass: 9440K(9728K)->9440K(9728K) Class: 1263K(1408K)->1263K(1408K)
[18.502s][debug][gc,heap        ] GC(90) Heap after GC invocations=91 (full 1): garbage-first heap   total 305152K, used 4436K [0x0000000700000000, 0x0000000800000000)
[18.502s][debug][gc,heap        ] GC(90)   region size 1024K, 1 young (1024K), 1 survivors (1024K)
[18.502s][debug][gc,heap        ] GC(90)  Metaspace       used 10703K, capacity 10992K, committed 11136K, reserved 1058816K
[18.502s][debug][gc,heap        ] GC(90)   class space    used 1263K, capacity 1389K, committed 1408K, reserved 1048576K
[18.502s][info ][gc             ] GC(90) Pause Young (Normal) (G1 Evacuation Pause) 181M->4M(298M) 1.486ms
[18.502s][info ][gc,cpu         ] GC(90) User=0.00s Sys=0.00s Real=0.00s
[18.502s][info ][safepoint      ] Safepoint "G1CollectForAllocation", Time since last: 166917588 ns, Reaching safepoint: 88578 ns, At safepoint: 1642004 ns, Total: 1730582 ns
[18.651s][debug][gc,heap        ] GC(91) Heap before GC invocations=91 (full 1): garbage-first heap   total 305152K, used 185684K [0x0000000700000000, 0x0000000800000000)
[18.651s][debug][gc,heap        ] GC(91)   region size 1024K, 178 young (182272K), 1 survivors (1024K)
[18.652s][debug][gc,heap        ] GC(91)  Metaspace       used 10703K, capacity 10992K, committed 11136K, reserved 1058816K
[18.652s][debug][gc,heap        ] GC(91)   class space    used 1263K, capacity 1389K, committed 1408K, reserved 1048576K
[18.652s][info ][gc,start       ] GC(91) Pause Young (Normal) (G1 Evacuation Pause)
[18.652s][info ][gc,task        ] GC(91) Using 8 workers of 8 for evacuation
[18.652s][debug][gc,tlab        ] GC(91) TLAB totals: thrds: 8  refills: 710 max: 105 slow allocs: 0 max 0 waste:  1.1% gc: 1578464B max: 361224B slow: 409568B max: 60872B fast: 0B max: 0B
[18.652s][debug][gc,age         ] GC(91) Desired survivor size 12058624 bytes, new threshold 15 (max threshold 15)
[18.652s][debug][gc,alloc,region] GC(91) Mutator Allocation stats, regions: 177, wasted size: 0B ( 0.0%)
[18.652s][debug][gc,ergo        ] GC(91) Running G1 Merge Heap Roots using 8 workers for 178 regions
[18.652s][debug][gc,remset      ] GC(91) Visited cards 256 Total dirty 2048 (12.50%) Total old 747520 (0.03%)
[18.652s][debug][gc,ergo        ] GC(91) Running G1 Clear Card Table Task using 1 workers for 1 units of work for 179 regions.
[18.652s][debug][gc,ref         ] GC(91) Skipped phase1 of Reference Processing due to unavailable references
[18.652s][debug][gc,ref         ] GC(91) Skipped phase2 of Reference Processing due to unavailable references
[18.652s][debug][gc,ref         ] GC(91) Skipped phase3 of Reference Processing due to unavailable references
[18.652s][debug][gc,ref         ] GC(91) Skipped phase4 of Reference Processing due to unavailable references
[18.652s][debug][gc,ergo        ] GC(91) Running G1 Free Collection Set using 8 workers for collection set length 178 (298)
[18.652s][debug][gc,ergo        ] GC(91) Running G1 Rebuild Free List Task using 8 workers for rebuilding free list of 0 (4096) regions
[18.652s][trace][gc,age         ] GC(91) Age table with threshold 15 (max threshold 15)
[18.652s][trace][gc,age         ] GC(91) - age   1:        336 bytes,        336 total
[18.652s][debug][gc,plab        ] GC(91) Young PLAB allocation: allocated: 6192B, wasted: 0B, unused: 5856B, used: 336B, undo waste: 0B, 
[18.652s][debug][gc,plab        ] GC(91) Young other allocation: region end waste: 0B, regions filled: 1, direct allocated: 0B, failure used: 0B, failure wasted: 0B
[18.652s][debug][gc,plab        ] GC(91) Young sizing: calculated: 64B, actual: 2064B
[18.652s][debug][gc,plab        ] GC(91) Old PLAB allocation: allocated: 0B, wasted: 0B, unused: 0B, used: 0B, undo waste: 0B, 
[18.652s][debug][gc,plab        ] GC(91) Old other allocation: region end waste: 0B, regions filled: 1, direct allocated: 0B, failure used: 0B, failure wasted: 0B
[18.652s][debug][gc,plab        ] GC(91) Old sizing: calculated: 0B, actual: 2064B
[18.652s][debug][gc,ihop        ] GC(91) Basic information (value update), threshold: 140614041B (45.00), target occupancy: 312475648B, current occupancy: 4540960B, recent allocation size: 0B, recent allocation duration: 149.90ms, recent old gen allocation rate: 0.00B/s, recent marking phase length: 0.00ms
[18.652s][debug][gc,ihop        ] GC(91) Adaptive IHOP information (value update), threshold: 140614041B (47.37), internal target occupancy: 296851865B, occupancy: 4540960B, additional buffer size: 186646528B, predicted old gen allocation rate: 13015.47B/s, predicted marking phase length: 0.00ms, prediction active: false
[18.652s][debug][gc,ergo,refine ] GC(91) Concurrent refinement times: Logged Cards Scan time goal: 19.99ms Logged Cards Scan time: 0.00ms HCC time: 0.01ms
[18.652s][debug][gc,ergo,refine ] GC(91) Updated Refinement Zones: green: 2048, yellow: 6144, red: 10240
[18.652s][info ][gc,phases      ] GC(91)   Pre Evacuate Collection Set: 0.1ms
[18.652s][debug][gc,phases      ] GC(91)     Prepare TLABs: 0.0ms
[18.652s][debug][gc,phases      ] GC(91)     Choose Collection Set: 0.0ms
[18.652s][debug][gc,phases      ] GC(91)     Region Register: 0.1ms
[18.653s][debug][gc,phases      ] GC(91)     Prepare Heap Roots: 0.0ms
[18.653s][info ][gc,phases      ] GC(91)   Merge Heap Roots: 0.1ms
[18.653s][debug][gc,phases      ] GC(91)     Prepare Merge Heap Roots: 0.0ms
[18.653s][debug][gc,phases      ] GC(91)     Eager Reclaim (ms):       skipped
[18.653s][debug][gc,phases      ] GC(91)     Remembered Sets (ms):     Min:  0.0, Avg:  0.0, Max:  0.0, Diff:  0.0, Sum:  0.1, Workers: 8
[18.653s][debug][gc,phases      ] GC(91)       Merged Sparse:            Min: 0, Avg:  0.0, Max: 0, Diff: 0, Sum: 0, Workers: 8
[18.653s][debug][gc,phases      ] GC(91)       Merged Fine:              Min: 0, Avg:  0.0, Max: 0, Diff: 0, Sum: 0, Workers: 8
[18.653s][debug][gc,phases      ] GC(91)       Merged Coarse:            Min: 0, Avg:  0.0, Max: 0, Diff: 0, Sum: 0, Workers: 8
[18.653s][debug][gc,phases      ] GC(91)       Dirty Cards:              Min: 0, Avg:  0.0, Max: 0, Diff: 0, Sum: 0, Workers: 8
[18.653s][debug][gc,phases      ] GC(91)     Hot Card Cache (ms):      Min:  0.0, Avg:  0.0, Max:  0.0, Diff:  0.0, Sum:  0.0, Workers: 8
[18.653s][debug][gc,phases      ] GC(91)       Dirty Cards:              Min: 0, Avg:  0.0, Max: 0, Diff: 0, Sum: 0, Workers: 8
[18.653s][debug][gc,phases      ] GC(91)       Skipped Cards:            Min: 0, Avg:  0.0, Max: 0, Diff: 0, Sum: 0, Workers: 8
[18.653s][debug][gc,phases      ] GC(91)     Log Buffers (ms):         Min:  0.0, Avg:  0.0, Max:  0.0, Diff:  0.0, Sum:  0.0, Workers: 8
[18.653s][debug][gc,phases      ] GC(91)       Dirty Cards:              Min: 0, Avg:  0.1, Max: 1, Diff: 1, Sum: 1, Workers: 8
[18.653s][debug][gc,phases      ] GC(91)       Skipped Cards:            Min: 0, Avg:  0.0, Max: 0, Diff: 0, Sum: 0, Workers: 8
[18.653s][info ][gc,phases      ] GC(91)   Evacuate Collection Set: 0.1ms
[18.653s][debug][gc,phases      ] GC(91)     Ext Root Scanning (ms):   Min:  0.0, Avg:  0.0, Max:  0.0, Diff:  0.0, Sum:  0.2, Workers: 8
[18.653s][debug][gc,phases      ] GC(91)     Scan Heap Roots (ms):     Min:  0.0, Avg:  0.0, Max:  0.0, Diff:  0.0, Sum:  0.0, Workers: 8
[18.653s][debug][gc,phases      ] GC(91)       Scanned Cards:            Min: 0, Avg:  0.1, Max: 1, Diff: 1, Sum: 1, Workers: 8
[18.653s][debug][gc,phases      ] GC(91)       Scanned Blocks:           Min: 0, Avg:  0.1, Max: 1, Diff: 1, Sum: 1, Workers: 8
[18.653s][debug][gc,phases      ] GC(91)       Claimed Chunks:           Min: 0, Avg:  0.1, Max: 1, Diff: 1, Sum: 1, Workers: 8
[18.653s][debug][gc,phases      ] GC(91)     Code Root Scan (ms):      Min:  0.0, Avg:  0.0, Max:  0.0, Diff:  0.0, Sum:  0.0, Workers: 8
[18.653s][debug][gc,phases      ] GC(91)     Object Copy (ms):         Min:  0.0, Avg:  0.0, Max:  0.0, Diff:  0.0, Sum:  0.0, Workers: 8
[18.653s][debug][gc,phases      ] GC(91)     Termination (ms):         Min:  0.0, Avg:  0.1, Max:  0.1, Diff:  0.0, Sum:  0.4, Workers: 8
[18.653s][debug][gc,phases      ] GC(91)       Termination Attempts:     Min: 1, Avg:  1.0, Max: 1, Diff: 0, Sum: 8, Workers: 8
[18.653s][debug][gc,phases      ] GC(91)     GC Worker Other (ms):     Min:  0.0, Avg:  0.0, Max:  0.0, Diff:  0.0, Sum:  0.1, Workers: 8
[18.653s][debug][gc,phases      ] GC(91)     GC Worker Total (ms):     Min:  0.1, Avg:  0.1, Max:  0.1, Diff:  0.1, Sum:  0.8, Workers: 8
[18.653s][info ][gc,phases      ] GC(91)   Post Evacuate Collection Set: 0.4ms
[18.653s][debug][gc,phases      ] GC(91)     Code Roots Fixup: 0.0ms
[18.653s][debug][gc,phases      ] GC(91)     Clear Card Table: 0.1ms
[18.653s][debug][gc,phases      ] GC(91)     Reference Processing: 0.0ms
[18.653s][debug][gc,phases,ref  ] GC(91)       Reconsider SoftReferences: 0.0ms
[18.653s][debug][gc,phases,ref  ] GC(91)         SoftRef (ms):             skipped
[18.653s][debug][gc,phases,ref  ] GC(91)       Notify Soft/WeakReferences: 0.0ms
[18.653s][debug][gc,phases,ref  ] GC(91)         SoftRef (ms):             skipped
[18.653s][debug][gc,phases,ref  ] GC(91)         WeakRef (ms):             skipped
[18.653s][debug][gc,phases,ref  ] GC(91)         FinalRef (ms):            skipped
[18.653s][debug][gc,phases,ref  ] GC(91)         Total (ms):               skipped
[18.653s][debug][gc,phases,ref  ] GC(91)       Notify and keep alive finalizable: 0.0ms
[18.653s][debug][gc,phases,ref  ] GC(91)         FinalRef (ms):            skipped
[18.653s][debug][gc,phases,ref  ] GC(91)       Notify PhantomReferences: 0.0ms
[18.653s][debug][gc,phases,ref  ] GC(91)         PhantomRef (ms):          skipped
[18.653s][debug][gc,phases,ref  ] GC(91)       SoftReference:
[18.653s][debug][gc,phases,ref  ] GC(91)         Discovered: 0
[18.653s][debug][gc,phases,ref  ] GC(91)         Cleared: 0
[18.653s][debug][gc,phases,ref  ] GC(91)       WeakReference:
[18.653s][debug][gc,phases,ref  ] GC(91)         Discovered: 0
[18.653s][debug][gc,phases,ref  ] GC(91)         Cleared: 0
[18.653s][debug][gc,phases,ref  ] GC(91)       FinalReference:
[18.653s][debug][gc,phases,ref  ] GC(91)         Discovered: 0
[18.653s][debug][gc,phases,ref  ] GC(91)         Cleared: 0
[18.653s][debug][gc,phases,ref  ] GC(91)       PhantomReference:
[18.653s][debug][gc,phases,ref  ] GC(91)         Discovered: 0
[18.653s][debug][gc,phases,ref  ] GC(91)         Cleared: 0
[18.653s][debug][gc,phases      ] GC(91)     Weak Processing: 0.1ms
[18.653s][debug][gc,phases      ] GC(91)       JVMTI weak processing: 0.0ms
[18.653s][debug][gc,phases      ] GC(91)         Dead: 0
[18.653s][debug][gc,phases      ] GC(91)         Total: 0
[18.653s][debug][gc,phases      ] GC(91)       JFR weak processing: 0.0ms
[18.653s][debug][gc,phases      ] GC(91)         Dead: 0
[18.653s][debug][gc,phases      ] GC(91)         Total: 0
[18.653s][debug][gc,phases      ] GC(91)       JNI weak                  Min:  0.0, Avg:  0.0, Max:  0.0, Diff:  0.0, Sum:  0.0, Workers: 5
[18.653s][debug][gc,phases      ] GC(91)         Dead                      Min: 0, Avg:  0.0, Max: 0, Diff: 0, Sum: 0, Workers: 5
[18.653s][debug][gc,phases      ] GC(91)         Total                     Min: 0, Avg: 13.4, Max: 52, Diff: 52, Sum: 67, Workers: 5
[18.653s][debug][gc,phases      ] GC(91)       VM weak                   Min:  0.0, Avg:  0.0, Max:  0.0, Diff:  0.0, Sum:  0.0, Workers: 5
[18.653s][debug][gc,phases      ] GC(91)         Dead                      Min: 0, Avg:  0.0, Max: 0, Diff: 0, Sum: 0, Workers: 5
[18.653s][debug][gc,phases      ] GC(91)         Total                     Min: 0, Avg: 47.6, Max: 128, Diff: 128, Sum: 238, Workers: 5
[18.653s][debug][gc,phases      ] GC(91)       StringTable weak          Min:  0.0, Avg:  0.0, Max:  0.0, Diff:  0.0, Sum:  0.1, Workers: 5
[18.653s][debug][gc,phases      ] GC(91)         Dead                      Min: 0, Avg:  0.0, Max: 0, Diff: 0, Sum: 0, Workers: 5
[18.653s][debug][gc,phases      ] GC(91)         Total                     Min: 0, Avg: 728.6, Max: 1022, Diff: 1022, Sum: 3643, Workers: 5
[18.653s][debug][gc,phases      ] GC(91)       ResolvedMethodTable weak  Min:  0.0, Avg:  0.0, Max:  0.0, Diff:  0.0, Sum:  0.0, Workers: 5
[18.653s][debug][gc,phases      ] GC(91)         Dead                      Min: 0, Avg:  0.0, Max: 0, Diff: 0, Sum: 0, Workers: 5
[18.653s][debug][gc,phases      ] GC(91)         Total                     Min: 0, Avg: 123.4, Max: 192, Diff: 192, Sum: 617, Workers: 5
[18.653s][debug][gc,phases      ] GC(91)     Merge Per-Thread State: 0.0ms
[18.653s][debug][gc,phases      ] GC(91)       Copied Bytes              Min: 0, Avg: 42.0, Max: 184, Diff: 184, Sum: 336, Workers: 8
[18.653s][debug][gc,phases      ] GC(91)       LAB Waste                 Min: 0, Avg:  0.0, Max: 0, Diff: 0, Sum: 0, Workers: 8
[18.653s][debug][gc,phases      ] GC(91)       LAB Undo Waste            Min: 0, Avg:  0.0, Max: 0, Diff: 0, Sum: 0, Workers: 8
[18.653s][debug][gc,phases      ] GC(91)     Code Roots Purge: 0.0ms
[18.653s][debug][gc,phases      ] GC(91)     Redirty Cards: 0.0ms
[18.653s][debug][gc,phases      ] GC(91)     DerivedPointerTable Update: 0.0ms
[18.653s][debug][gc,phases      ] GC(91)     Free Collection Set: 0.1ms
[18.653s][debug][gc,phases      ] GC(91)     Rebuild Free List: 0.0ms
[18.653s][debug][gc,phases      ] GC(91)     Humongous Reclaim: 0.0ms
[18.653s][debug][gc,phases      ] GC(91)     Start New Collection Set: 0.0ms
[18.653s][debug][gc,phases      ] GC(91)     Resize TLABs: 0.0ms
[18.653s][debug][gc,phases      ] GC(91)     Expand Heap After Collection: 0.0ms
[18.653s][info ][gc,phases      ] GC(91)   Other: 0.3ms
[18.653s][info ][gc,heap        ] GC(91) Eden regions: 177->0(177)
[18.653s][info ][gc,heap        ] GC(91) Survivor regions: 1->1(23)
[18.653s][info ][gc,heap        ] GC(91) Old regions: 7->7
[18.653s][info ][gc,heap        ] GC(91) Archive regions: 2->2
[18.653s][info ][gc,heap        ] GC(91) Humongous regions: 0->0
[18.653s][info ][gc,metaspace   ] GC(91) Metaspace: 10703K(11136K)->10703K(11136K) NonClass: 9440K(9728K)->9440K(9728K) Class: 1263K(1408K)->1263K(1408K)
[18.653s][debug][gc,heap        ] GC(91) Heap after GC invocations=92 (full 1): garbage-first heap   total 305152K, used 4434K [0x0000000700000000, 0x0000000800000000)
[18.653s][debug][gc,heap        ] GC(91)   region size 1024K, 1 young (1024K), 1 survivors (1024K)
[18.653s][debug][gc,heap        ] GC(91)  Metaspace       used 10703K, capacity 10992K, committed 11136K, reserved 1058816K
[18.653s][debug][gc,heap        ] GC(91)   class space    used 1263K, capacity 1389K, committed 1408K, reserved 1048576K
[18.653s][info ][gc             ] GC(91) Pause Young (Normal) (G1 Evacuation Pause) 181M->4M(298M) 1.534ms
[18.653s][info ][gc,cpu         ] GC(91) User=0.00s Sys=0.00s Real=0.00s
[18.653s][info ][safepoint      ] Safepoint "G1CollectForAllocation", Time since last: 148937722 ns, Reaching safepoint: 116365 ns, At safepoint: 1705419 ns, Total: 1821784 ns
[18.819s][debug][gc,heap        ] GC(92) Heap before GC invocations=92 (full 1): garbage-first heap   total 305152K, used 185682K [0x0000000700000000, 0x0000000800000000)
[18.819s][debug][gc,heap        ] GC(92)   region size 1024K, 178 young (182272K), 1 survivors (1024K)
[18.819s][debug][gc,heap        ] GC(92)  Metaspace       used 10703K, capacity 10992K, committed 11136K, reserved 1058816K
[18.819s][debug][gc,heap        ] GC(92)   class space    used 1263K, capacity 1389K, committed 1408K, reserved 1048576K
[18.819s][info ][gc,start       ] GC(92) Pause Young (Normal) (G1 Evacuation Pause)
[18.819s][info ][gc,task        ] GC(92) Using 8 workers of 8 for evacuation
[18.819s][debug][gc,tlab        ] GC(92) TLAB totals: thrds: 8  refills: 712 max: 99 slow allocs: 0 max 0 waste:  1.1% gc: 1573504B max: 457712B slow: 412088B max: 57216B fast: 0B max: 0B
[18.819s][debug][gc,age         ] GC(92) Desired survivor size 12058624 bytes, new threshold 15 (max threshold 15)
[18.819s][debug][gc,alloc,region] GC(92) Mutator Allocation stats, regions: 177, wasted size: 0B ( 0.0%)
[18.820s][debug][gc,ergo        ] GC(92) Running G1 Merge Heap Roots using 8 workers for 178 regions
[18.820s][debug][gc,remset      ] GC(92) Visited cards 256 Total dirty 2048 (12.50%) Total old 747520 (0.03%)
[18.820s][debug][gc,ergo        ] GC(92) Running G1 Clear Card Table Task using 1 workers for 1 units of work for 179 regions.
[18.820s][debug][gc,ref         ] GC(92) Skipped phase1 of Reference Processing due to unavailable references
[18.820s][debug][gc,ref         ] GC(92) Skipped phase2 of Reference Processing due to unavailable references
[18.820s][debug][gc,ref         ] GC(92) Skipped phase3 of Reference Processing due to unavailable references
[18.820s][debug][gc,ref         ] GC(92) Skipped phase4 of Reference Processing due to unavailable references
[18.820s][debug][gc,ergo        ] GC(92) Running G1 Free Collection Set using 8 workers for collection set length 178 (298)
[18.820s][debug][gc,ergo        ] GC(92) Running G1 Rebuild Free List Task using 8 workers for rebuilding free list of 0 (4096) regions
[18.820s][trace][gc,age         ] GC(92) Age table with threshold 15 (max threshold 15)
[18.820s][trace][gc,age         ] GC(92) - age   1:        600 bytes,        600 total
[18.820s][debug][gc,plab        ] GC(92) Young PLAB allocation: allocated: 14448B, wasted: 0B, unused: 13848B, used: 600B, undo waste: 0B, 
[18.820s][debug][gc,plab        ] GC(92) Young other allocation: region end waste: 0B, regions filled: 1, direct allocated: 0B, failure used: 0B, failure wasted: 0B
[18.820s][debug][gc,plab        ] GC(92) Young sizing: calculated: 120B, actual: 2064B
[18.820s][debug][gc,plab        ] GC(92) Old PLAB allocation: allocated: 0B, wasted: 0B, unused: 0B, used: 0B, undo waste: 0B, 
[18.820s][debug][gc,plab        ] GC(92) Old other allocation: region end waste: 0B, regions filled: 1, direct allocated: 0B, failure used: 0B, failure wasted: 0B
[18.820s][debug][gc,plab        ] GC(92) Old sizing: calculated: 0B, actual: 2064B
[18.820s][debug][gc,ihop        ] GC(92) Basic information (value update), threshold: 140614041B (45.00), target occupancy: 312475648B, current occupancy: 4549216B, recent allocation size: 0B, recent allocation duration: 166.98ms, recent old gen allocation rate: 0.00B/s, recent marking phase length: 0.00ms
[18.820s][debug][gc,ihop        ] GC(92) Adaptive IHOP information (value update), threshold: 140614041B (47.37), internal target occupancy: 296851865B, occupancy: 4549216B, additional buffer size: 186646528B, predicted old gen allocation rate: 12639.31B/s, predicted marking phase length: 0.00ms, prediction active: false
[18.820s][debug][gc,ergo,refine ] GC(92) Concurrent refinement times: Logged Cards Scan time goal: 20.00ms Logged Cards Scan time: 0.00ms HCC time: 0.00ms
[18.820s][debug][gc,ergo,refine ] GC(92) Updated Refinement Zones: green: 2048, yellow: 6144, red: 10240
[18.820s][info ][gc,phases      ] GC(92)   Pre Evacuate Collection Set: 0.1ms
[18.820s][debug][gc,phases      ] GC(92)     Prepare TLABs: 0.0ms
[18.820s][debug][gc,phases      ] GC(92)     Choose Collection Set: 0.0ms
[18.820s][debug][gc,phases      ] GC(92)     Region Register: 0.1ms
[18.820s][debug][gc,phases      ] GC(92)     Prepare Heap Roots: 0.0ms
[18.820s][info ][gc,phases      ] GC(92)   Merge Heap Roots: 0.1ms
[18.820s][debug][gc,phases      ] GC(92)     Prepare Merge Heap Roots: 0.0ms
[18.820s][debug][gc,phases      ] GC(92)     Eager Reclaim (ms):       skipped
[18.820s][debug][gc,phases      ] GC(92)     Remembered Sets (ms):     Min:  0.0, Avg:  0.0, Max:  0.0, Diff:  0.0, Sum:  0.0, Workers: 8
[18.820s][debug][gc,phases      ] GC(92)       Merged Sparse:            Min: 0, Avg:  0.0, Max: 0, Diff: 0, Sum: 0, Workers: 8
[18.820s][debug][gc,phases      ] GC(92)       Merged Fine:              Min: 0, Avg:  0.0, Max: 0, Diff: 0, Sum: 0, Workers: 8
[18.820s][debug][gc,phases      ] GC(92)       Merged Coarse:            Min: 0, Avg:  0.0, Max: 0, Diff: 0, Sum: 0, Workers: 8
[18.820s][debug][gc,phases      ] GC(92)       Dirty Cards:              Min: 0, Avg:  0.0, Max: 0, Diff: 0, Sum: 0, Workers: 8
[18.820s][debug][gc,phases      ] GC(92)     Hot Card Cache (ms):      Min:  0.0, Avg:  0.0, Max:  0.0, Diff:  0.0, Sum:  0.0, Workers: 8
[18.820s][debug][gc,phases      ] GC(92)       Dirty Cards:              Min: 0, Avg:  0.0, Max: 0, Diff: 0, Sum: 0, Workers: 8
[18.820s][debug][gc,phases      ] GC(92)       Skipped Cards:            Min: 0, Avg:  0.0, Max: 0, Diff: 0, Sum: 0, Workers: 8
[18.820s][debug][gc,phases      ] GC(92)     Log Buffers (ms):         Min:  0.0, Avg:  0.0, Max:  0.0, Diff:  0.0, Sum:  0.0, Workers: 8
[18.820s][debug][gc,phases      ] GC(92)       Dirty Cards:              Min: 0, Avg:  0.1, Max: 1, Diff: 1, Sum: 1, Workers: 8
[18.821s][debug][gc,phases      ] GC(92)       Skipped Cards:            Min: 0, Avg:  0.0, Max: 0, Diff: 0, Sum: 0, Workers: 8
[18.821s][info ][gc,phases      ] GC(92)   Evacuate Collection Set: 0.2ms
[18.821s][debug][gc,phases      ] GC(92)     Ext Root Scanning (ms):   Min:  0.0, Avg:  0.0, Max:  0.1, Diff:  0.1, Sum:  0.2, Workers: 8
[18.821s][debug][gc,phases      ] GC(92)     Scan Heap Roots (ms):     Min:  0.0, Avg:  0.0, Max:  0.0, Diff:  0.0, Sum:  0.0, Workers: 8
[18.821s][debug][gc,phases      ] GC(92)       Scanned Cards:            Min: 0, Avg:  0.1, Max: 1, Diff: 1, Sum: 1, Workers: 8
[18.821s][debug][gc,phases      ] GC(92)       Scanned Blocks:           Min: 0, Avg:  0.1, Max: 1, Diff: 1, Sum: 1, Workers: 8
[18.821s][debug][gc,phases      ] GC(92)       Claimed Chunks:           Min: 0, Avg:  0.1, Max: 1, Diff: 1, Sum: 1, Workers: 8
[18.821s][debug][gc,phases      ] GC(92)     Code Root Scan (ms):      Min:  0.0, Avg:  0.0, Max:  0.0, Diff:  0.0, Sum:  0.0, Workers: 8
[18.821s][debug][gc,phases      ] GC(92)     Object Copy (ms):         Min:  0.0, Avg:  0.0, Max:  0.0, Diff:  0.0, Sum:  0.0, Workers: 8
[18.821s][debug][gc,phases      ] GC(92)     Termination (ms):         Min:  0.1, Avg:  0.1, Max:  0.1, Diff:  0.0, Sum:  0.6, Workers: 8
[18.821s][debug][gc,phases      ] GC(92)       Termination Attempts:     Min: 1, Avg:  1.0, Max: 1, Diff: 0, Sum: 8, Workers: 8
[18.821s][debug][gc,phases      ] GC(92)     GC Worker Other (ms):     Min:  0.0, Avg:  0.0, Max:  0.0, Diff:  0.0, Sum:  0.2, Workers: 8
[18.821s][debug][gc,phases      ] GC(92)     GC Worker Total (ms):     Min:  0.1, Avg:  0.1, Max:  0.2, Diff:  0.1, Sum:  1.1, Workers: 8
[18.821s][info ][gc,phases      ] GC(92)   Post Evacuate Collection Set: 0.5ms
[18.821s][debug][gc,phases      ] GC(92)     Code Roots Fixup: 0.0ms
[18.821s][debug][gc,phases      ] GC(92)     Clear Card Table: 0.1ms
[18.821s][debug][gc,phases      ] GC(92)     Reference Processing: 0.0ms
[18.821s][debug][gc,phases,ref  ] GC(92)       Reconsider SoftReferences: 0.0ms
[18.821s][debug][gc,phases,ref  ] GC(92)         SoftRef (ms):             skipped
[18.821s][debug][gc,phases,ref  ] GC(92)       Notify Soft/WeakReferences: 0.0ms
[18.821s][debug][gc,phases,ref  ] GC(92)         SoftRef (ms):             skipped
[18.821s][debug][gc,phases,ref  ] GC(92)         WeakRef (ms):             skipped
[18.821s][debug][gc,phases,ref  ] GC(92)         FinalRef (ms):            skipped
[18.821s][debug][gc,phases,ref  ] GC(92)         Total (ms):               skipped
[18.821s][debug][gc,phases,ref  ] GC(92)       Notify and keep alive finalizable: 0.0ms
[18.821s][debug][gc,phases,ref  ] GC(92)         FinalRef (ms):            skipped
[18.821s][debug][gc,phases,ref  ] GC(92)       Notify PhantomReferences: 0.0ms
[18.821s][debug][gc,phases,ref  ] GC(92)         PhantomRef (ms):          skipped
[18.821s][debug][gc,phases,ref  ] GC(92)       SoftReference:
[18.821s][debug][gc,phases,ref  ] GC(92)         Discovered: 0
[18.821s][debug][gc,phases,ref  ] GC(92)         Cleared: 0
[18.821s][debug][gc,phases,ref  ] GC(92)       WeakReference:
[18.821s][debug][gc,phases,ref  ] GC(92)         Discovered: 0
[18.821s][debug][gc,phases,ref  ] GC(92)         Cleared: 0
[18.821s][debug][gc,phases,ref  ] GC(92)       FinalReference:
[18.821s][debug][gc,phases,ref  ] GC(92)         Discovered: 0
[18.821s][debug][gc,phases,ref  ] GC(92)         Cleared: 0
[18.821s][debug][gc,phases,ref  ] GC(92)       PhantomReference:
[18.821s][debug][gc,phases,ref  ] GC(92)         Discovered: 0
[18.821s][debug][gc,phases,ref  ] GC(92)         Cleared: 0
[18.821s][debug][gc,phases      ] GC(92)     Weak Processing: 0.1ms
[18.821s][debug][gc,phases      ] GC(92)       JVMTI weak processing: 0.0ms
[18.821s][debug][gc,phases      ] GC(92)         Dead: 0
[18.821s][debug][gc,phases      ] GC(92)         Total: 0
[18.821s][debug][gc,phases      ] GC(92)       JFR weak processing: 0.0ms
[18.821s][debug][gc,phases      ] GC(92)         Dead: 0
[18.821s][debug][gc,phases      ] GC(92)         Total: 0
[18.821s][debug][gc,phases      ] GC(92)       JNI weak                  Min:  0.0, Avg:  0.0, Max:  0.0, Diff:  0.0, Sum:  0.0, Workers: 5
[18.821s][debug][gc,phases      ] GC(92)         Dead                      Min: 0, Avg:  0.0, Max: 0, Diff: 0, Sum: 0, Workers: 5
[18.821s][debug][gc,phases      ] GC(92)         Total                     Min: 0, Avg: 13.4, Max: 52, Diff: 52, Sum: 67, Workers: 5
[18.821s][debug][gc,phases      ] GC(92)       VM weak                   Min:  0.0, Avg:  0.0, Max:  0.0, Diff:  0.0, Sum:  0.0, Workers: 5
[18.821s][debug][gc,phases      ] GC(92)         Dead                      Min: 0, Avg:  0.0, Max: 0, Diff: 0, Sum: 0, Workers: 5
[18.821s][debug][gc,phases      ] GC(92)         Total                     Min: 0, Avg: 47.6, Max: 110, Diff: 110, Sum: 238, Workers: 5
[18.821s][debug][gc,phases      ] GC(92)       StringTable weak          Min:  0.0, Avg:  0.0, Max:  0.1, Diff:  0.1, Sum:  0.2, Workers: 5
[18.821s][debug][gc,phases      ] GC(92)         Dead                      Min: 0, Avg:  0.0, Max: 0, Diff: 0, Sum: 0, Workers: 5
[18.821s][debug][gc,phases      ] GC(92)         Total                     Min: 0, Avg: 728.6, Max: 958, Diff: 958, Sum: 3643, Workers: 5
[18.821s][debug][gc,phases      ] GC(92)       ResolvedMethodTable weak  Min:  0.0, Avg:  0.0, Max:  0.0, Diff:  0.0, Sum:  0.1, Workers: 5
[18.821s][debug][gc,phases      ] GC(92)         Dead                      Min: 0, Avg:  0.0, Max: 0, Diff: 0, Sum: 0, Workers: 5
[18.821s][debug][gc,phases      ] GC(92)         Total                     Min: 0, Avg: 123.4, Max: 233, Diff: 233, Sum: 617, Workers: 5
[18.821s][debug][gc,phases      ] GC(92)     Merge Per-Thread State: 0.0ms
[18.821s][debug][gc,phases      ] GC(92)       Copied Bytes              Min: 0, Avg: 75.0, Max: 184, Diff: 184, Sum: 600, Workers: 8
[18.821s][debug][gc,phases      ] GC(92)       LAB Waste                 Min: 0, Avg:  0.0, Max: 0, Diff: 0, Sum: 0, Workers: 8
[18.821s][debug][gc,phases      ] GC(92)       LAB Undo Waste            Min: 0, Avg:  0.0, Max: 0, Diff: 0, Sum: 0, Workers: 8
[18.821s][debug][gc,phases      ] GC(92)     Code Roots Purge: 0.0ms
[18.821s][debug][gc,phases      ] GC(92)     Redirty Cards: 0.0ms
[18.821s][debug][gc,phases      ] GC(92)     DerivedPointerTable Update: 0.0ms
[18.821s][debug][gc,phases      ] GC(92)     Free Collection Set: 0.1ms
[18.821s][debug][gc,phases      ] GC(92)     Rebuild Free List: 0.1ms
[18.821s][debug][gc,phases      ] GC(92)     Humongous Reclaim: 0.0ms
[18.821s][debug][gc,phases      ] GC(92)     Start New Collection Set: 0.0ms
[18.821s][debug][gc,phases      ] GC(92)     Resize TLABs: 0.0ms
[18.821s][debug][gc,phases      ] GC(92)     Expand Heap After Collection: 0.0ms
[18.821s][info ][gc,phases      ] GC(92)   Other: 0.3ms
[18.821s][info ][gc,heap        ] GC(92) Eden regions: 177->0(177)
[18.821s][info ][gc,heap        ] GC(92) Survivor regions: 1->1(23)
[18.821s][info ][gc,heap        ] GC(92) Old regions: 7->7
[18.821s][info ][gc,heap        ] GC(92) Archive regions: 2->2
[18.821s][info ][gc,heap        ] GC(92) Humongous regions: 0->0
[18.821s][info ][gc,metaspace   ] GC(92) Metaspace: 10703K(11136K)->10703K(11136K) NonClass: 9440K(9728K)->9440K(9728K) Class: 1263K(1408K)->1263K(1408K)
[18.821s][debug][gc,heap        ] GC(92) Heap after GC invocations=93 (full 1): garbage-first heap   total 305152K, used 4442K [0x0000000700000000, 0x0000000800000000)
[18.821s][debug][gc,heap        ] GC(92)   region size 1024K, 1 young (1024K), 1 survivors (1024K)
[18.821s][debug][gc,heap        ] GC(92)  Metaspace       used 10703K, capacity 10992K, committed 11136K, reserved 1058816K
[18.821s][debug][gc,heap        ] GC(92)   class space    used 1263K, capacity 1389K, committed 1408K, reserved 1048576K
[18.821s][info ][gc             ] GC(92) Pause Young (Normal) (G1 Evacuation Pause) 181M->4M(298M) 1.577ms
[18.821s][info ][gc,cpu         ] GC(92) User=0.00s Sys=0.00s Real=0.00s
[18.821s][info ][safepoint      ] Safepoint "G1CollectForAllocation", Time since last: 165950317 ns, Reaching safepoint: 202526 ns, At safepoint: 1760916 ns, Total: 1963442 ns
[18.988s][debug][gc,heap        ] GC(93) Heap before GC invocations=93 (full 1): garbage-first heap   total 305152K, used 185690K [0x0000000700000000, 0x0000000800000000)
[18.988s][debug][gc,heap        ] GC(93)   region size 1024K, 178 young (182272K), 1 survivors (1024K)
[18.988s][debug][gc,heap        ] GC(93)  Metaspace       used 10703K, capacity 10992K, committed 11136K, reserved 1058816K
[18.988s][debug][gc,heap        ] GC(93)   class space    used 1263K, capacity 1389K, committed 1408K, reserved 1048576K
[18.988s][info ][gc,start       ] GC(93) Pause Young (Normal) (G1 Evacuation Pause)
[18.988s][info ][gc,task        ] GC(93) Using 8 workers of 8 for evacuation
[18.988s][debug][gc,tlab        ] GC(93) TLAB totals: thrds: 8  refills: 712 max: 97 slow allocs: 0 max 0 waste:  1.0% gc: 1513000B max: 443288B slow: 412064B max: 56024B fast: 0B max: 0B
[18.988s][debug][gc,age         ] GC(93) Desired survivor size 12058624 bytes, new threshold 15 (max threshold 15)
[18.988s][debug][gc,alloc,region] GC(93) Mutator Allocation stats, regions: 177, wasted size: 0B ( 0.0%)
[18.988s][debug][gc,ergo        ] GC(93) Running G1 Merge Heap Roots using 8 workers for 178 regions
[18.988s][debug][gc,remset      ] GC(93) Visited cards 256 Total dirty 2048 (12.50%) Total old 747520 (0.03%)
[18.989s][debug][gc,ergo        ] GC(93) Running G1 Clear Card Table Task using 1 workers for 1 units of work for 179 regions.
[18.989s][debug][gc,ref         ] GC(93) Skipped phase1 of Reference Processing due to unavailable references
[18.989s][debug][gc,ref         ] GC(93) Skipped phase2 of Reference Processing due to unavailable references
[18.989s][debug][gc,ref         ] GC(93) Skipped phase3 of Reference Processing due to unavailable references
[18.989s][debug][gc,ref         ] GC(93) Skipped phase4 of Reference Processing due to unavailable references
[18.989s][debug][gc,ergo        ] GC(93) Running G1 Free Collection Set using 8 workers for collection set length 178 (298)
[18.989s][debug][gc,ergo        ] GC(93) Running G1 Rebuild Free List Task using 8 workers for rebuilding free list of 0 (4096) regions
[18.989s][trace][gc,age         ] GC(93) Age table with threshold 15 (max threshold 15)
[18.989s][trace][gc,age         ] GC(93) - age   1:        464 bytes,        464 total
[18.989s][debug][gc,plab        ] GC(93) Young PLAB allocation: allocated: 10320B, wasted: 0B, unused: 9856B, used: 464B, undo waste: 0B, 
[18.989s][debug][gc,plab        ] GC(93) Young other allocation: region end waste: 0B, regions filled: 1, direct allocated: 0B, failure used: 0B, failure wasted: 0B
[18.989s][debug][gc,plab        ] GC(93) Young sizing: calculated: 88B, actual: 2064B
[18.989s][debug][gc,plab        ] GC(93) Old PLAB allocation: allocated: 0B, wasted: 0B, unused: 0B, used: 0B, undo waste: 0B, 
[18.989s][debug][gc,plab        ] GC(93) Old other allocation: region end waste: 0B, regions filled: 1, direct allocated: 0B, failure used: 0B, failure wasted: 0B
[18.989s][debug][gc,plab        ] GC(93) Old sizing: calculated: 0B, actual: 2064B
[18.989s][debug][gc,ihop        ] GC(93) Basic information (value update), threshold: 140614041B (45.00), target occupancy: 312475648B, current occupancy: 4545088B, recent allocation size: 0B, recent allocation duration: 167.79ms, recent old gen allocation rate: 0.00B/s, recent marking phase length: 0.00ms
[18.989s][debug][gc,ihop        ] GC(93) Adaptive IHOP information (value update), threshold: 140614041B (47.37), internal target occupancy: 296851865B, occupancy: 4545088B, additional buffer size: 186646528B, predicted old gen allocation rate: 12274.95B/s, predicted marking phase length: 0.00ms, prediction active: false
[18.989s][debug][gc,ergo,refine ] GC(93) Concurrent refinement times: Logged Cards Scan time goal: 20.00ms Logged Cards Scan time: 0.00ms HCC time: 0.00ms
[18.989s][debug][gc,ergo,refine ] GC(93) Updated Refinement Zones: green: 2048, yellow: 6144, red: 10240
[18.989s][info ][gc,phases      ] GC(93)   Pre Evacuate Collection Set: 0.1ms
[18.989s][debug][gc,phases      ] GC(93)     Prepare TLABs: 0.0ms
[18.989s][debug][gc,phases      ] GC(93)     Choose Collection Set: 0.0ms
[18.989s][debug][gc,phases      ] GC(93)     Region Register: 0.1ms
[18.989s][debug][gc,phases      ] GC(93)     Prepare Heap Roots: 0.0ms
[18.989s][info ][gc,phases      ] GC(93)   Merge Heap Roots: 0.1ms
[18.989s][debug][gc,phases      ] GC(93)     Prepare Merge Heap Roots: 0.0ms
[18.989s][debug][gc,phases      ] GC(93)     Eager Reclaim (ms):       skipped
[18.989s][debug][gc,phases      ] GC(93)     Remembered Sets (ms):     Min:  0.0, Avg:  0.0, Max:  0.0, Diff:  0.0, Sum:  0.1, Workers: 8
[18.989s][debug][gc,phases      ] GC(93)       Merged Sparse:            Min: 0, Avg:  0.0, Max: 0, Diff: 0, Sum: 0, Workers: 8
[18.989s][debug][gc,phases      ] GC(93)       Merged Fine:              Min: 0, Avg:  0.0, Max: 0, Diff: 0, Sum: 0, Workers: 8
[18.989s][debug][gc,phases      ] GC(93)       Merged Coarse:            Min: 0, Avg:  0.0, Max: 0, Diff: 0, Sum: 0, Workers: 8
[18.989s][debug][gc,phases      ] GC(93)       Dirty Cards:              Min: 0, Avg:  0.0, Max: 0, Diff: 0, Sum: 0, Workers: 8
[18.989s][debug][gc,phases      ] GC(93)     Hot Card Cache (ms):      Min:  0.0, Avg:  0.0, Max:  0.0, Diff:  0.0, Sum:  0.0, Workers: 8
[18.989s][debug][gc,phases      ] GC(93)       Dirty Cards:              Min: 0, Avg:  0.0, Max: 0, Diff: 0, Sum: 0, Workers: 8
[18.989s][debug][gc,phases      ] GC(93)       Skipped Cards:            Min: 0, Avg:  0.0, Max: 0, Diff: 0, Sum: 0, Workers: 8
[18.989s][debug][gc,phases      ] GC(93)     Log Buffers (ms):         Min:  0.0, Avg:  0.0, Max:  0.0, Diff:  0.0, Sum:  0.0, Workers: 8
[18.989s][debug][gc,phases      ] GC(93)       Dirty Cards:              Min: 0, Avg:  0.1, Max: 1, Diff: 1, Sum: 1, Workers: 8
[18.989s][debug][gc,phases      ] GC(93)       Skipped Cards:            Min: 0, Avg:  0.0, Max: 0, Diff: 0, Sum: 0, Workers: 8
[18.989s][info ][gc,phases      ] GC(93)   Evacuate Collection Set: 0.1ms
[18.989s][debug][gc,phases      ] GC(93)     Ext Root Scanning (ms):   Min:  0.0, Avg:  0.0, Max:  0.1, Diff:  0.1, Sum:  0.2, Workers: 8
[18.989s][debug][gc,phases      ] GC(93)     Scan Heap Roots (ms):     Min:  0.0, Avg:  0.0, Max:  0.0, Diff:  0.0, Sum:  0.0, Workers: 8
[18.989s][debug][gc,phases      ] GC(93)       Scanned Cards:            Min: 0, Avg:  0.1, Max: 1, Diff: 1, Sum: 1, Workers: 8
[18.989s][debug][gc,phases      ] GC(93)       Scanned Blocks:           Min: 0, Avg:  0.1, Max: 1, Diff: 1, Sum: 1, Workers: 8
[18.989s][debug][gc,phases      ] GC(93)       Claimed Chunks:           Min: 0, Avg:  0.1, Max: 1, Diff: 1, Sum: 1, Workers: 8
[18.989s][debug][gc,phases      ] GC(93)     Code Root Scan (ms):      Min:  0.0, Avg:  0.0, Max:  0.0, Diff:  0.0, Sum:  0.0, Workers: 8
[18.989s][debug][gc,phases      ] GC(93)     Object Copy (ms):         Min:  0.0, Avg:  0.0, Max:  0.0, Diff:  0.0, Sum:  0.0, Workers: 8
[18.989s][debug][gc,phases      ] GC(93)     Termination (ms):         Min:  0.0, Avg:  0.0, Max:  0.1, Diff:  0.0, Sum:  0.4, Workers: 8
[18.989s][debug][gc,phases      ] GC(93)       Termination Attempts:     Min: 1, Avg:  1.0, Max: 1, Diff: 0, Sum: 8, Workers: 8
[18.989s][debug][gc,phases      ] GC(93)     GC Worker Other (ms):     Min:  0.0, Avg:  0.0, Max:  0.0, Diff:  0.0, Sum:  0.1, Workers: 8
[18.989s][debug][gc,phases      ] GC(93)     GC Worker Total (ms):     Min:  0.1, Avg:  0.1, Max:  0.1, Diff:  0.0, Sum:  0.7, Workers: 8
[18.989s][info ][gc,phases      ] GC(93)   Post Evacuate Collection Set: 0.4ms
[18.989s][debug][gc,phases      ] GC(93)     Code Roots Fixup: 0.0ms
[18.989s][debug][gc,phases      ] GC(93)     Clear Card Table: 0.1ms
[18.989s][debug][gc,phases      ] GC(93)     Reference Processing: 0.0ms
[18.989s][debug][gc,phases,ref  ] GC(93)       Reconsider SoftReferences: 0.0ms
[18.989s][debug][gc,phases,ref  ] GC(93)         SoftRef (ms):             skipped
[18.989s][debug][gc,phases,ref  ] GC(93)       Notify Soft/WeakReferences: 0.0ms
[18.989s][debug][gc,phases,ref  ] GC(93)         SoftRef (ms):             skipped
[18.989s][debug][gc,phases,ref  ] GC(93)         WeakRef (ms):             skipped
[18.989s][debug][gc,phases,ref  ] GC(93)         FinalRef (ms):            skipped
[18.989s][debug][gc,phases,ref  ] GC(93)         Total (ms):               skipped
[18.989s][debug][gc,phases,ref  ] GC(93)       Notify and keep alive finalizable: 0.0ms
[18.989s][debug][gc,phases,ref  ] GC(93)         FinalRef (ms):            skipped
[18.989s][debug][gc,phases,ref  ] GC(93)       Notify PhantomReferences: 0.0ms
[18.989s][debug][gc,phases,ref  ] GC(93)         PhantomRef (ms):          skipped
[18.989s][debug][gc,phases,ref  ] GC(93)       SoftReference:
[18.989s][debug][gc,phases,ref  ] GC(93)         Discovered: 0
[18.989s][debug][gc,phases,ref  ] GC(93)         Cleared: 0
[18.989s][debug][gc,phases,ref  ] GC(93)       WeakReference:
[18.989s][debug][gc,phases,ref  ] GC(93)         Discovered: 0
[18.989s][debug][gc,phases,ref  ] GC(93)         Cleared: 0
[18.989s][debug][gc,phases,ref  ] GC(93)       FinalReference:
[18.989s][debug][gc,phases,ref  ] GC(93)         Discovered: 0
[18.989s][debug][gc,phases,ref  ] GC(93)         Cleared: 0
[18.989s][debug][gc,phases,ref  ] GC(93)       PhantomReference:
[18.989s][debug][gc,phases,ref  ] GC(93)         Discovered: 0
[18.989s][debug][gc,phases,ref  ] GC(93)         Cleared: 0
[18.989s][debug][gc,phases      ] GC(93)     Weak Processing: 0.1ms
[18.989s][debug][gc,phases      ] GC(93)       JVMTI weak processing: 0.0ms
[18.989s][debug][gc,phases      ] GC(93)         Dead: 0
[18.989s][debug][gc,phases      ] GC(93)         Total: 0
[18.989s][debug][gc,phases      ] GC(93)       JFR weak processing: 0.0ms
[18.989s][debug][gc,phases      ] GC(93)         Dead: 0
[18.989s][debug][gc,phases      ] GC(93)         Total: 0
[18.989s][debug][gc,phases      ] GC(93)       JNI weak                  Min:  0.0, Avg:  0.0, Max:  0.0, Diff:  0.0, Sum:  0.0, Workers: 5
[18.989s][debug][gc,phases      ] GC(93)         Dead                      Min: 0, Avg:  0.0, Max: 0, Diff: 0, Sum: 0, Workers: 5
[18.989s][debug][gc,phases      ] GC(93)         Total                     Min: 0, Avg: 13.4, Max: 52, Diff: 52, Sum: 67, Workers: 5
[18.989s][debug][gc,phases      ] GC(93)       VM weak                   Min:  0.0, Avg:  0.0, Max:  0.0, Diff:  0.0, Sum:  0.0, Workers: 5
[18.989s][debug][gc,phases      ] GC(93)         Dead                      Min: 0, Avg:  0.0, Max: 0, Diff: 0, Sum: 0, Workers: 5
[18.989s][debug][gc,phases      ] GC(93)         Total                     Min: 0, Avg: 47.6, Max: 64, Diff: 64, Sum: 238, Workers: 5
[18.989s][debug][gc,phases      ] GC(93)       StringTable weak          Min:  0.0, Avg:  0.0, Max:  0.0, Diff:  0.0, Sum:  0.1, Workers: 5
[18.989s][debug][gc,phases      ] GC(93)         Dead                      Min: 0, Avg:  0.0, Max: 0, Diff: 0, Sum: 0, Workers: 5
[18.989s][debug][gc,phases      ] GC(93)         Total                     Min: 0, Avg: 728.6, Max: 960, Diff: 960, Sum: 3643, Workers: 5
[18.989s][debug][gc,phases      ] GC(93)       ResolvedMethodTable weak  Min:  0.0, Avg:  0.0, Max:  0.0, Diff:  0.0, Sum:  0.0, Workers: 5
[18.989s][debug][gc,phases      ] GC(93)         Dead                      Min: 0, Avg:  0.0, Max: 0, Diff: 0, Sum: 0, Workers: 5
[18.989s][debug][gc,phases      ] GC(93)         Total                     Min: 0, Avg: 123.4, Max: 192, Diff: 192, Sum: 617, Workers: 5
[18.989s][debug][gc,phases      ] GC(93)     Merge Per-Thread State: 0.0ms
[18.989s][debug][gc,phases      ] GC(93)       Copied Bytes              Min: 0, Avg: 58.0, Max: 208, Diff: 208, Sum: 464, Workers: 8
[18.989s][debug][gc,phases      ] GC(93)       LAB Waste                 Min: 0, Avg:  0.0, Max: 0, Diff: 0, Sum: 0, Workers: 8
[18.989s][debug][gc,phases      ] GC(93)       LAB Undo Waste            Min: 0, Avg:  0.0, Max: 0, Diff: 0, Sum: 0, Workers: 8
[18.989s][debug][gc,phases      ] GC(93)     Code Roots Purge: 0.0ms
[18.989s][debug][gc,phases      ] GC(93)     Redirty Cards: 0.0ms
[18.989s][debug][gc,phases      ] GC(93)     DerivedPointerTable Update: 0.0ms
[18.989s][debug][gc,phases      ] GC(93)     Free Collection Set: 0.1ms
[18.990s][debug][gc,phases      ] GC(93)     Rebuild Free List: 0.0ms
[18.990s][debug][gc,phases      ] GC(93)     Humongous Reclaim: 0.0ms
[18.990s][debug][gc,phases      ] GC(93)     Start New Collection Set: 0.0ms
[18.990s][debug][gc,phases      ] GC(93)     Resize TLABs: 0.0ms
[18.990s][debug][gc,phases      ] GC(93)     Expand Heap After Collection: 0.0ms
[18.990s][info ][gc,phases      ] GC(93)   Other: 0.3ms
[18.990s][info ][gc,heap        ] GC(93) Eden regions: 177->0(177)
[18.990s][info ][gc,heap        ] GC(93) Survivor regions: 1->1(23)
[18.990s][info ][gc,heap        ] GC(93) Old regions: 7->7
[18.990s][info ][gc,heap        ] GC(93) Archive regions: 2->2
[18.990s][info ][gc,heap        ] GC(93) Humongous regions: 0->0
[18.990s][info ][gc,metaspace   ] GC(93) Metaspace: 10703K(11136K)->10703K(11136K) NonClass: 9440K(9728K)->9440K(9728K) Class: 1263K(1408K)->1263K(1408K)
[18.990s][debug][gc,heap        ] GC(93) Heap after GC invocations=94 (full 1): garbage-first heap   total 305152K, used 4438K [0x0000000700000000, 0x0000000800000000)
[18.990s][debug][gc,heap        ] GC(93)   region size 1024K, 1 young (1024K), 1 survivors (1024K)
[18.990s][debug][gc,heap        ] GC(93)  Metaspace       used 10703K, capacity 10992K, committed 11136K, reserved 1058816K
[18.990s][debug][gc,heap        ] GC(93)   class space    used 1263K, capacity 1389K, committed 1408K, reserved 1048576K
[18.990s][info ][gc             ] GC(93) Pause Young (Normal) (G1 Evacuation Pause) 181M->4M(298M) 1.486ms
[18.990s][info ][gc,cpu         ] GC(93) User=0.01s Sys=0.00s Real=0.00s
[18.990s][info ][safepoint      ] Safepoint "G1CollectForAllocation", Time since last: 166725459 ns, Reaching safepoint: 229166 ns, At safepoint: 1669963 ns, Total: 1899129 ns
[19.156s][debug][gc,heap        ] GC(94) Heap before GC invocations=94 (full 1): garbage-first heap   total 305152K, used 185686K [0x0000000700000000, 0x0000000800000000)
[19.156s][debug][gc,heap        ] GC(94)   region size 1024K, 178 young (182272K), 1 survivors (1024K)
[19.156s][debug][gc,heap        ] GC(94)  Metaspace       used 10703K, capacity 10992K, committed 11136K, reserved 1058816K
[19.156s][debug][gc,heap        ] GC(94)   class space    used 1263K, capacity 1389K, committed 1408K, reserved 1048576K
[19.156s][info ][gc,start       ] GC(94) Pause Young (Normal) (G1 Evacuation Pause)
[19.156s][info ][gc,task        ] GC(94) Using 8 workers of 8 for evacuation
[19.156s][debug][gc,tlab        ] GC(94) TLAB totals: thrds: 8  refills: 709 max: 97 slow allocs: 0 max 0 waste:  0.9% gc: 1349328B max: 362080B slow: 410208B max: 55992B fast: 0B max: 0B
[19.156s][debug][gc,age         ] GC(94) Desired survivor size 12058624 bytes, new threshold 15 (max threshold 15)
[19.156s][debug][gc,alloc,region] GC(94) Mutator Allocation stats, regions: 177, wasted size: 0B ( 0.0%)
[19.156s][debug][gc,ergo        ] GC(94) Running G1 Merge Heap Roots using 8 workers for 178 regions
[19.157s][debug][gc,remset      ] GC(94) Visited cards 256 Total dirty 2048 (12.50%) Total old 747520 (0.03%)
[19.157s][debug][gc,ergo        ] GC(94) Running G1 Clear Card Table Task using 1 workers for 1 units of work for 179 regions.
[19.157s][debug][gc,ref         ] GC(94) Skipped phase1 of Reference Processing due to unavailable references
[19.157s][debug][gc,ref         ] GC(94) Skipped phase2 of Reference Processing due to unavailable references
[19.157s][debug][gc,ref         ] GC(94) Skipped phase3 of Reference Processing due to unavailable references
[19.157s][debug][gc,ref         ] GC(94) Skipped phase4 of Reference Processing due to unavailable references
[19.157s][debug][gc,ergo        ] GC(94) Running G1 Free Collection Set using 8 workers for collection set length 178 (298)
[19.157s][debug][gc,ergo        ] GC(94) Running G1 Rebuild Free List Task using 8 workers for rebuilding free list of 0 (4096) regions
[19.157s][trace][gc,age         ] GC(94) Age table with threshold 15 (max threshold 15)
[19.157s][trace][gc,age         ] GC(94) - age   1:        488 bytes,        488 total
[19.157s][debug][gc,plab        ] GC(94) Young PLAB allocation: allocated: 8256B, wasted: 0B, unused: 7768B, used: 488B, undo waste: 0B, 
[19.157s][debug][gc,plab        ] GC(94) Young other allocation: region end waste: 0B, regions filled: 1, direct allocated: 0B, failure used: 0B, failure wasted: 0B
[19.157s][debug][gc,plab        ] GC(94) Young sizing: calculated: 96B, actual: 2064B
[19.157s][debug][gc,plab        ] GC(94) Old PLAB allocation: allocated: 0B, wasted: 0B, unused: 0B, used: 0B, undo waste: 0B, 
[19.157s][debug][gc,plab        ] GC(94) Old other allocation: region end waste: 0B, regions filled: 1, direct allocated: 0B, failure used: 0B, failure wasted: 0B
[19.157s][debug][gc,plab        ] GC(94) Old sizing: calculated: 0B, actual: 2064B
[19.157s][debug][gc,ihop        ] GC(94) Basic information (value update), threshold: 140614041B (45.00), target occupancy: 312475648B, current occupancy: 4543024B, recent allocation size: 0B, recent allocation duration: 167.35ms, recent old gen allocation rate: 0.00B/s, recent marking phase length: 0.00ms
[19.157s][debug][gc,ihop        ] GC(94) Adaptive IHOP information (value update), threshold: 140614041B (47.37), internal target occupancy: 296851865B, occupancy: 4543024B, additional buffer size: 186646528B, predicted old gen allocation rate: 11921.99B/s, predicted marking phase length: 0.00ms, prediction active: false
[19.157s][debug][gc,ergo,refine ] GC(94) Concurrent refinement times: Logged Cards Scan time goal: 20.00ms Logged Cards Scan time: 0.00ms HCC time: 0.00ms
[19.157s][debug][gc,ergo,refine ] GC(94) Updated Refinement Zones: green: 2048, yellow: 6144, red: 10240
[19.157s][info ][gc,phases      ] GC(94)   Pre Evacuate Collection Set: 0.1ms
[19.157s][debug][gc,phases      ] GC(94)     Prepare TLABs: 0.0ms
[19.157s][debug][gc,phases      ] GC(94)     Choose Collection Set: 0.0ms
[19.157s][debug][gc,phases      ] GC(94)     Region Register: 0.1ms
[19.157s][debug][gc,phases      ] GC(94)     Prepare Heap Roots: 0.0ms
[19.157s][info ][gc,phases      ] GC(94)   Merge Heap Roots: 0.1ms
[19.157s][debug][gc,phases      ] GC(94)     Prepare Merge Heap Roots: 0.0ms
[19.157s][debug][gc,phases      ] GC(94)     Eager Reclaim (ms):       skipped
[19.157s][debug][gc,phases      ] GC(94)     Remembered Sets (ms):     Min:  0.0, Avg:  0.0, Max:  0.0, Diff:  0.0, Sum:  0.1, Workers: 8
[19.157s][debug][gc,phases      ] GC(94)       Merged Sparse:            Min: 0, Avg:  0.0, Max: 0, Diff: 0, Sum: 0, Workers: 8
[19.157s][debug][gc,phases      ] GC(94)       Merged Fine:              Min: 0, Avg:  0.0, Max: 0, Diff: 0, Sum: 0, Workers: 8
[19.157s][debug][gc,phases      ] GC(94)       Merged Coarse:            Min: 0, Avg:  0.0, Max: 0, Diff: 0, Sum: 0, Workers: 8
[19.157s][debug][gc,phases      ] GC(94)       Dirty Cards:              Min: 0, Avg:  0.0, Max: 0, Diff: 0, Sum: 0, Workers: 8
[19.157s][debug][gc,phases      ] GC(94)     Hot Card Cache (ms):      Min:  0.0, Avg:  0.0, Max:  0.0, Diff:  0.0, Sum:  0.0, Workers: 8
[19.157s][debug][gc,phases      ] GC(94)       Dirty Cards:              Min: 0, Avg:  0.0, Max: 0, Diff: 0, Sum: 0, Workers: 8
[19.157s][debug][gc,phases      ] GC(94)       Skipped Cards:            Min: 0, Avg:  0.0, Max: 0, Diff: 0, Sum: 0, Workers: 8
[19.157s][debug][gc,phases      ] GC(94)     Log Buffers (ms):         Min:  0.0, Avg:  0.0, Max:  0.0, Diff:  0.0, Sum:  0.0, Workers: 8
[19.157s][debug][gc,phases      ] GC(94)       Dirty Cards:              Min: 0, Avg:  0.1, Max: 1, Diff: 1, Sum: 1, Workers: 8
[19.157s][debug][gc,phases      ] GC(94)       Skipped Cards:            Min: 0, Avg:  0.0, Max: 0, Diff: 0, Sum: 0, Workers: 8
[19.157s][info ][gc,phases      ] GC(94)   Evacuate Collection Set: 0.2ms
[19.157s][debug][gc,phases      ] GC(94)     Ext Root Scanning (ms):   Min:  0.0, Avg:  0.0, Max:  0.1, Diff:  0.1, Sum:  0.2, Workers: 8
[19.157s][debug][gc,phases      ] GC(94)     Scan Heap Roots (ms):     Min:  0.0, Avg:  0.0, Max:  0.0, Diff:  0.0, Sum:  0.0, Workers: 8
[19.157s][debug][gc,phases      ] GC(94)       Scanned Cards:            Min: 0, Avg:  0.1, Max: 1, Diff: 1, Sum: 1, Workers: 8
[19.157s][debug][gc,phases      ] GC(94)       Scanned Blocks:           Min: 0, Avg:  0.1, Max: 1, Diff: 1, Sum: 1, Workers: 8
[19.157s][debug][gc,phases      ] GC(94)       Claimed Chunks:           Min: 0, Avg:  0.1, Max: 1, Diff: 1, Sum: 1, Workers: 8
[19.157s][debug][gc,phases      ] GC(94)     Code Root Scan (ms):      Min:  0.0, Avg:  0.0, Max:  0.0, Diff:  0.0, Sum:  0.0, Workers: 8
[19.157s][debug][gc,phases      ] GC(94)     Object Copy (ms):         Min:  0.0, Avg:  0.0, Max:  0.0, Diff:  0.0, Sum:  0.0, Workers: 8
[19.157s][debug][gc,phases      ] GC(94)     Termination (ms):         Min:  0.0, Avg:  0.1, Max:  0.1, Diff:  0.0, Sum:  0.4, Workers: 8
[19.157s][debug][gc,phases      ] GC(94)       Termination Attempts:     Min: 1, Avg:  1.0, Max: 1, Diff: 0, Sum: 8, Workers: 8
[19.157s][debug][gc,phases      ] GC(94)     GC Worker Other (ms):     Min:  0.0, Avg:  0.0, Max:  0.0, Diff:  0.0, Sum:  0.1, Workers: 8
[19.157s][debug][gc,phases      ] GC(94)     GC Worker Total (ms):     Min:  0.1, Avg:  0.1, Max:  0.1, Diff:  0.1, Sum:  0.8, Workers: 8
[19.157s][info ][gc,phases      ] GC(94)   Post Evacuate Collection Set: 0.4ms
[19.157s][debug][gc,phases      ] GC(94)     Code Roots Fixup: 0.0ms
[19.157s][debug][gc,phases      ] GC(94)     Clear Card Table: 0.1ms
[19.157s][debug][gc,phases      ] GC(94)     Reference Processing: 0.0ms
[19.157s][debug][gc,phases,ref  ] GC(94)       Reconsider SoftReferences: 0.0ms
[19.157s][debug][gc,phases,ref  ] GC(94)         SoftRef (ms):             skipped
[19.157s][debug][gc,phases,ref  ] GC(94)       Notify Soft/WeakReferences: 0.0ms
[19.157s][debug][gc,phases,ref  ] GC(94)         SoftRef (ms):             skipped
[19.157s][debug][gc,phases,ref  ] GC(94)         WeakRef (ms):             skipped
[19.157s][debug][gc,phases,ref  ] GC(94)         FinalRef (ms):            skipped
[19.157s][debug][gc,phases,ref  ] GC(94)         Total (ms):               skipped
[19.157s][debug][gc,phases,ref  ] GC(94)       Notify and keep alive finalizable: 0.0ms
[19.157s][debug][gc,phases,ref  ] GC(94)         FinalRef (ms):            skipped
[19.157s][debug][gc,phases,ref  ] GC(94)       Notify PhantomReferences: 0.0ms
[19.157s][debug][gc,phases,ref  ] GC(94)         PhantomRef (ms):          skipped
[19.157s][debug][gc,phases,ref  ] GC(94)       SoftReference:
[19.157s][debug][gc,phases,ref  ] GC(94)         Discovered: 0
[19.157s][debug][gc,phases,ref  ] GC(94)         Cleared: 0
[19.157s][debug][gc,phases,ref  ] GC(94)       WeakReference:
[19.157s][debug][gc,phases,ref  ] GC(94)         Discovered: 0
[19.157s][debug][gc,phases,ref  ] GC(94)         Cleared: 0
[19.157s][debug][gc,phases,ref  ] GC(94)       FinalReference:
[19.157s][debug][gc,phases,ref  ] GC(94)         Discovered: 0
[19.157s][debug][gc,phases,ref  ] GC(94)         Cleared: 0
[19.158s][debug][gc,phases,ref  ] GC(94)       PhantomReference:
[19.158s][debug][gc,phases,ref  ] GC(94)         Discovered: 0
[19.158s][debug][gc,phases,ref  ] GC(94)         Cleared: 0
[19.158s][debug][gc,phases      ] GC(94)     Weak Processing: 0.1ms
[19.158s][debug][gc,phases      ] GC(94)       JVMTI weak processing: 0.0ms
[19.158s][debug][gc,phases      ] GC(94)         Dead: 0
[19.158s][debug][gc,phases      ] GC(94)         Total: 0
[19.158s][debug][gc,phases      ] GC(94)       JFR weak processing: 0.0ms
[19.158s][debug][gc,phases      ] GC(94)         Dead: 0
[19.158s][debug][gc,phases      ] GC(94)         Total: 0
[19.158s][debug][gc,phases      ] GC(94)       JNI weak                  Min:  0.0, Avg:  0.0, Max:  0.0, Diff:  0.0, Sum:  0.0, Workers: 5
[19.158s][debug][gc,phases      ] GC(94)         Dead                      Min: 0, Avg:  0.0, Max: 0, Diff: 0, Sum: 0, Workers: 5
[19.158s][debug][gc,phases      ] GC(94)         Total                     Min: 0, Avg: 13.4, Max: 52, Diff: 52, Sum: 67, Workers: 5
[19.158s][debug][gc,phases      ] GC(94)       VM weak                   Min:  0.0, Avg:  0.0, Max:  0.0, Diff:  0.0, Sum:  0.0, Workers: 5
[19.158s][debug][gc,phases      ] GC(94)         Dead                      Min: 0, Avg:  0.0, Max: 0, Diff: 0, Sum: 0, Workers: 5
[19.158s][debug][gc,phases      ] GC(94)         Total                     Min: 0, Avg: 47.6, Max: 128, Diff: 128, Sum: 238, Workers: 5
[19.158s][debug][gc,phases      ] GC(94)       StringTable weak          Min:  0.0, Avg:  0.0, Max:  0.0, Diff:  0.0, Sum:  0.1, Workers: 5
[19.158s][debug][gc,phases      ] GC(94)         Dead                      Min: 0, Avg:  0.0, Max: 0, Diff: 0, Sum: 0, Workers: 5
[19.158s][debug][gc,phases      ] GC(94)         Total                     Min: 0, Avg: 728.6, Max: 1022, Diff: 1022, Sum: 3643, Workers: 5
[19.158s][debug][gc,phases      ] GC(94)       ResolvedMethodTable weak  Min:  0.0, Avg:  0.0, Max:  0.0, Diff:  0.0, Sum:  0.0, Workers: 5
[19.158s][debug][gc,phases      ] GC(94)         Dead                      Min: 0, Avg:  0.0, Max: 0, Diff: 0, Sum: 0, Workers: 5
[19.158s][debug][gc,phases      ] GC(94)         Total                     Min: 0, Avg: 123.4, Max: 192, Diff: 192, Sum: 617, Workers: 5
[19.158s][debug][gc,phases      ] GC(94)     Merge Per-Thread State: 0.0ms
[19.158s][debug][gc,phases      ] GC(94)       Copied Bytes              Min: 0, Avg: 61.0, Max: 232, Diff: 232, Sum: 488, Workers: 8
[19.158s][debug][gc,phases      ] GC(94)       LAB Waste                 Min: 0, Avg:  0.0, Max: 0, Diff: 0, Sum: 0, Workers: 8
[19.158s][debug][gc,phases      ] GC(94)       LAB Undo Waste            Min: 0, Avg:  0.0, Max: 0, Diff: 0, Sum: 0, Workers: 8
[19.158s][debug][gc,phases      ] GC(94)     Code Roots Purge: 0.0ms
[19.158s][debug][gc,phases      ] GC(94)     Redirty Cards: 0.0ms
[19.158s][debug][gc,phases      ] GC(94)     DerivedPointerTable Update: 0.0ms
[19.158s][debug][gc,phases      ] GC(94)     Free Collection Set: 0.1ms
[19.158s][debug][gc,phases      ] GC(94)     Rebuild Free List: 0.1ms
[19.158s][debug][gc,phases      ] GC(94)     Humongous Reclaim: 0.0ms
[19.158s][debug][gc,phases      ] GC(94)     Start New Collection Set: 0.0ms
[19.158s][debug][gc,phases      ] GC(94)     Resize TLABs: 0.0ms
[19.158s][debug][gc,phases      ] GC(94)     Expand Heap After Collection: 0.0ms
[19.158s][info ][gc,phases      ] GC(94)   Other: 0.3ms
[19.158s][info ][gc,heap        ] GC(94) Eden regions: 177->0(177)
[19.158s][info ][gc,heap        ] GC(94) Survivor regions: 1->1(23)
[19.158s][info ][gc,heap        ] GC(94) Old regions: 7->7
[19.158s][info ][gc,heap        ] GC(94) Archive regions: 2->2
[19.158s][info ][gc,heap        ] GC(94) Humongous regions: 0->0
[19.158s][info ][gc,metaspace   ] GC(94) Metaspace: 10703K(11136K)->10703K(11136K) NonClass: 9440K(9728K)->9440K(9728K) Class: 1263K(1408K)->1263K(1408K)
[19.158s][debug][gc,heap        ] GC(94) Heap after GC invocations=95 (full 1): garbage-first heap   total 305152K, used 4436K [0x0000000700000000, 0x0000000800000000)
[19.158s][debug][gc,heap        ] GC(94)   region size 1024K, 1 young (1024K), 1 survivors (1024K)
[19.158s][debug][gc,heap        ] GC(94)  Metaspace       used 10703K, capacity 10992K, committed 11136K, reserved 1058816K
[19.158s][debug][gc,heap        ] GC(94)   class space    used 1263K, capacity 1389K, committed 1408K, reserved 1048576K
[19.158s][info ][gc             ] GC(94) Pause Young (Normal) (G1 Evacuation Pause) 181M->4M(298M) 1.482ms
[19.158s][info ][gc,cpu         ] GC(94) User=0.00s Sys=0.01s Real=0.00s
[19.158s][info ][safepoint      ] Safepoint "G1CollectForAllocation", Time since last: 166391577 ns, Reaching safepoint: 100239 ns, At safepoint: 1668367 ns, Total: 1768606 ns
[19.314s][debug][gc,heap        ] GC(95) Heap before GC invocations=95 (full 1): garbage-first heap   total 305152K, used 184660K [0x0000000700000000, 0x0000000800000000)
[19.314s][debug][gc,heap        ] GC(95)   region size 1024K, 178 young (182272K), 1 survivors (1024K)
[19.314s][debug][gc,heap        ] GC(95)  Metaspace       used 10703K, capacity 10992K, committed 11136K, reserved 1058816K
[19.314s][debug][gc,heap        ] GC(95)   class space    used 1263K, capacity 1389K, committed 1408K, reserved 1048576K
[19.314s][info ][gc,start       ] GC(95) Pause Young (Normal) (G1 Evacuation Pause)
[19.314s][info ][gc,task        ] GC(95) Using 8 workers of 8 for evacuation
[19.314s][debug][gc,tlab        ] GC(95) TLAB totals: thrds: 8  refills: 710 max: 103 slow allocs: 0 max 0 waste:  0.8% gc: 1041936B max: 382456B slow: 410952B max: 59440B fast: 0B max: 0B
[19.314s][debug][gc,age         ] GC(95) Desired survivor size 12058624 bytes, new threshold 15 (max threshold 15)
[19.314s][debug][gc,alloc,region] GC(95) Mutator Allocation stats, regions: 177, wasted size: 0B ( 0.0%)
[19.315s][debug][gc,ergo        ] GC(95) Running G1 Merge Heap Roots using 8 workers for 178 regions
[19.315s][debug][gc,remset      ] GC(95) Visited cards 256 Total dirty 2048 (12.50%) Total old 747520 (0.03%)
[19.315s][debug][gc,ergo        ] GC(95) Running G1 Clear Card Table Task using 1 workers for 1 units of work for 179 regions.
[19.315s][debug][gc,ref         ] GC(95) Skipped phase1 of Reference Processing due to unavailable references
[19.315s][debug][gc,ref         ] GC(95) Skipped phase2 of Reference Processing due to unavailable references
[19.315s][debug][gc,ref         ] GC(95) Skipped phase3 of Reference Processing due to unavailable references
[19.315s][debug][gc,ref         ] GC(95) Skipped phase4 of Reference Processing due to unavailable references
[19.315s][debug][gc,ergo        ] GC(95) Running G1 Free Collection Set using 8 workers for collection set length 178 (298)
[19.315s][debug][gc,ergo        ] GC(95) Running G1 Rebuild Free List Task using 8 workers for rebuilding free list of 0 (4096) regions
[19.315s][trace][gc,age         ] GC(95) Age table with threshold 15 (max threshold 15)
[19.315s][trace][gc,age         ] GC(95) - age   1:        496 bytes,        496 total
[19.315s][debug][gc,plab        ] GC(95) Young PLAB allocation: allocated: 12384B, wasted: 0B, unused: 11888B, used: 496B, undo waste: 0B, 
[19.315s][debug][gc,plab        ] GC(95) Young other allocation: region end waste: 0B, regions filled: 1, direct allocated: 0B, failure used: 0B, failure wasted: 0B
[19.315s][debug][gc,plab        ] GC(95) Young sizing: calculated: 96B, actual: 2064B
[19.315s][debug][gc,plab        ] GC(95) Old PLAB allocation: allocated: 0B, wasted: 0B, unused: 0B, used: 0B, undo waste: 0B, 
[19.315s][debug][gc,plab        ] GC(95) Old other allocation: region end waste: 0B, regions filled: 1, direct allocated: 0B, failure used: 0B, failure wasted: 0B
[19.315s][debug][gc,plab        ] GC(95) Old sizing: calculated: 0B, actual: 2064B
[19.315s][debug][gc,ihop        ] GC(95) Basic information (value update), threshold: 140614041B (45.00), target occupancy: 312475648B, current occupancy: 4547152B, recent allocation size: 0B, recent allocation duration: 157.30ms, recent old gen allocation rate: 0.00B/s, recent marking phase length: 0.00ms
[19.315s][debug][gc,ihop        ] GC(95) Adaptive IHOP information (value update), threshold: 140614041B (47.37), internal target occupancy: 296851865B, occupancy: 4547152B, additional buffer size: 186646528B, predicted old gen allocation rate: 11580.04B/s, predicted marking phase length: 0.00ms, prediction active: false
[19.315s][debug][gc,ergo,refine ] GC(95) Concurrent refinement times: Logged Cards Scan time goal: 20.00ms Logged Cards Scan time: 0.00ms HCC time: 0.00ms
[19.315s][debug][gc,ergo,refine ] GC(95) Updated Refinement Zones: green: 2048, yellow: 6144, red: 10240
[19.315s][info ][gc,phases      ] GC(95)   Pre Evacuate Collection Set: 0.1ms
[19.315s][debug][gc,phases      ] GC(95)     Prepare TLABs: 0.0ms
[19.315s][debug][gc,phases      ] GC(95)     Choose Collection Set: 0.0ms
[19.315s][debug][gc,phases      ] GC(95)     Region Register: 0.1ms
[19.315s][debug][gc,phases      ] GC(95)     Prepare Heap Roots: 0.0ms
[19.315s][info ][gc,phases      ] GC(95)   Merge Heap Roots: 0.1ms
[19.315s][debug][gc,phases      ] GC(95)     Prepare Merge Heap Roots: 0.0ms
[19.315s][debug][gc,phases      ] GC(95)     Eager Reclaim (ms):       skipped
[19.315s][debug][gc,phases      ] GC(95)     Remembered Sets (ms):     Min:  0.0, Avg:  0.0, Max:  0.0, Diff:  0.0, Sum:  0.0, Workers: 8
[19.315s][debug][gc,phases      ] GC(95)       Merged Sparse:            Min: 0, Avg:  0.0, Max: 0, Diff: 0, Sum: 0, Workers: 8
[19.315s][debug][gc,phases      ] GC(95)       Merged Fine:              Min: 0, Avg:  0.0, Max: 0, Diff: 0, Sum: 0, Workers: 8
[19.315s][debug][gc,phases      ] GC(95)       Merged Coarse:            Min: 0, Avg:  0.0, Max: 0, Diff: 0, Sum: 0, Workers: 8
[19.315s][debug][gc,phases      ] GC(95)       Dirty Cards:              Min: 0, Avg:  0.0, Max: 0, Diff: 0, Sum: 0, Workers: 8
[19.315s][debug][gc,phases      ] GC(95)     Hot Card Cache (ms):      Min:  0.0, Avg:  0.0, Max:  0.0, Diff:  0.0, Sum:  0.0, Workers: 8
[19.315s][debug][gc,phases      ] GC(95)       Dirty Cards:              Min: 0, Avg:  0.0, Max: 0, Diff: 0, Sum: 0, Workers: 8
[19.315s][debug][gc,phases      ] GC(95)       Skipped Cards:            Min: 0, Avg:  0.0, Max: 0, Diff: 0, Sum: 0, Workers: 8
[19.315s][debug][gc,phases      ] GC(95)     Log Buffers (ms):         Min:  0.0, Avg:  0.0, Max:  0.0, Diff:  0.0, Sum:  0.0, Workers: 8
[19.315s][debug][gc,phases      ] GC(95)       Dirty Cards:              Min: 0, Avg:  0.1, Max: 1, Diff: 1, Sum: 1, Workers: 8
[19.315s][debug][gc,phases      ] GC(95)       Skipped Cards:            Min: 0, Avg:  0.0, Max: 0, Diff: 0, Sum: 0, Workers: 8
[19.315s][info ][gc,phases      ] GC(95)   Evacuate Collection Set: 0.2ms
[19.315s][debug][gc,phases      ] GC(95)     Ext Root Scanning (ms):   Min:  0.0, Avg:  0.0, Max:  0.0, Diff:  0.0, Sum:  0.3, Workers: 8
[19.315s][debug][gc,phases      ] GC(95)     Scan Heap Roots (ms):     Min:  0.0, Avg:  0.0, Max:  0.0, Diff:  0.0, Sum:  0.0, Workers: 8
[19.315s][debug][gc,phases      ] GC(95)       Scanned Cards:            Min: 0, Avg:  0.1, Max: 1, Diff: 1, Sum: 1, Workers: 8
[19.315s][debug][gc,phases      ] GC(95)       Scanned Blocks:           Min: 0, Avg:  0.1, Max: 1, Diff: 1, Sum: 1, Workers: 8
[19.315s][debug][gc,phases      ] GC(95)       Claimed Chunks:           Min: 0, Avg:  0.1, Max: 1, Diff: 1, Sum: 1, Workers: 8
[19.315s][debug][gc,phases      ] GC(95)     Code Root Scan (ms):      Min:  0.0, Avg:  0.0, Max:  0.0, Diff:  0.0, Sum:  0.0, Workers: 8
[19.315s][debug][gc,phases      ] GC(95)     Object Copy (ms):         Min:  0.0, Avg:  0.0, Max:  0.0, Diff:  0.0, Sum:  0.0, Workers: 8
[19.315s][debug][gc,phases      ] GC(95)     Termination (ms):         Min:  0.0, Avg:  0.1, Max:  0.1, Diff:  0.0, Sum:  0.4, Workers: 8
[19.315s][debug][gc,phases      ] GC(95)       Termination Attempts:     Min: 1, Avg:  1.0, Max: 1, Diff: 0, Sum: 8, Workers: 8
[19.316s][debug][gc,phases      ] GC(95)     GC Worker Other (ms):     Min:  0.0, Avg:  0.0, Max:  0.1, Diff:  0.0, Sum:  0.3, Workers: 8
[19.316s][debug][gc,phases      ] GC(95)     GC Worker Total (ms):     Min:  0.1, Avg:  0.1, Max:  0.1, Diff:  0.0, Sum:  1.0, Workers: 8
[19.316s][info ][gc,phases      ] GC(95)   Post Evacuate Collection Set: 0.4ms
[19.316s][debug][gc,phases      ] GC(95)     Code Roots Fixup: 0.0ms
[19.316s][debug][gc,phases      ] GC(95)     Clear Card Table: 0.1ms
[19.316s][debug][gc,phases      ] GC(95)     Reference Processing: 0.0ms
[19.316s][debug][gc,phases,ref  ] GC(95)       Reconsider SoftReferences: 0.0ms
[19.316s][debug][gc,phases,ref  ] GC(95)         SoftRef (ms):             skipped
[19.316s][debug][gc,phases,ref  ] GC(95)       Notify Soft/WeakReferences: 0.0ms
[19.316s][debug][gc,phases,ref  ] GC(95)         SoftRef (ms):             skipped
[19.316s][debug][gc,phases,ref  ] GC(95)         WeakRef (ms):             skipped
[19.316s][debug][gc,phases,ref  ] GC(95)         FinalRef (ms):            skipped
[19.316s][debug][gc,phases,ref  ] GC(95)         Total (ms):               skipped
[19.316s][debug][gc,phases,ref  ] GC(95)       Notify and keep alive finalizable: 0.0ms
[19.316s][debug][gc,phases,ref  ] GC(95)         FinalRef (ms):            skipped
[19.316s][debug][gc,phases,ref  ] GC(95)       Notify PhantomReferences: 0.0ms
[19.316s][debug][gc,phases,ref  ] GC(95)         PhantomRef (ms):          skipped
[19.316s][debug][gc,phases,ref  ] GC(95)       SoftReference:
[19.316s][debug][gc,phases,ref  ] GC(95)         Discovered: 0
[19.316s][debug][gc,phases,ref  ] GC(95)         Cleared: 0
[19.316s][debug][gc,phases,ref  ] GC(95)       WeakReference:
[19.316s][debug][gc,phases,ref  ] GC(95)         Discovered: 0
[19.316s][debug][gc,phases,ref  ] GC(95)         Cleared: 0
[19.316s][debug][gc,phases,ref  ] GC(95)       FinalReference:
[19.316s][debug][gc,phases,ref  ] GC(95)         Discovered: 0
[19.316s][debug][gc,phases,ref  ] GC(95)         Cleared: 0
[19.316s][debug][gc,phases,ref  ] GC(95)       PhantomReference:
[19.316s][debug][gc,phases,ref  ] GC(95)         Discovered: 0
[19.316s][debug][gc,phases,ref  ] GC(95)         Cleared: 0
[19.316s][debug][gc,phases      ] GC(95)     Weak Processing: 0.1ms
[19.316s][debug][gc,phases      ] GC(95)       JVMTI weak processing: 0.0ms
[19.316s][debug][gc,phases      ] GC(95)         Dead: 0
[19.316s][debug][gc,phases      ] GC(95)         Total: 0
[19.316s][debug][gc,phases      ] GC(95)       JFR weak processing: 0.0ms
[19.316s][debug][gc,phases      ] GC(95)         Dead: 0
[19.316s][debug][gc,phases      ] GC(95)         Total: 0
[19.316s][debug][gc,phases      ] GC(95)       JNI weak                  Min:  0.0, Avg:  0.0, Max:  0.0, Diff:  0.0, Sum:  0.0, Workers: 5
[19.316s][debug][gc,phases      ] GC(95)         Dead                      Min: 0, Avg:  0.0, Max: 0, Diff: 0, Sum: 0, Workers: 5
[19.316s][debug][gc,phases      ] GC(95)         Total                     Min: 0, Avg: 13.4, Max: 52, Diff: 52, Sum: 67, Workers: 5
[19.316s][debug][gc,phases      ] GC(95)       VM weak                   Min:  0.0, Avg:  0.0, Max:  0.0, Diff:  0.0, Sum:  0.0, Workers: 5
[19.316s][debug][gc,phases      ] GC(95)         Dead                      Min: 0, Avg:  0.0, Max: 0, Diff: 0, Sum: 0, Workers: 5
[19.316s][debug][gc,phases      ] GC(95)         Total                     Min: 0, Avg: 47.6, Max: 64, Diff: 64, Sum: 238, Workers: 5
[19.316s][debug][gc,phases      ] GC(95)       StringTable weak          Min:  0.0, Avg:  0.0, Max:  0.0, Diff:  0.0, Sum:  0.1, Workers: 5
[19.316s][debug][gc,phases      ] GC(95)         Dead                      Min: 0, Avg:  0.0, Max: 0, Diff: 0, Sum: 0, Workers: 5
[19.316s][debug][gc,phases      ] GC(95)         Total                     Min: 0, Avg: 728.6, Max: 958, Diff: 958, Sum: 3643, Workers: 5
[19.316s][debug][gc,phases      ] GC(95)       ResolvedMethodTable weak  Min:  0.0, Avg:  0.0, Max:  0.0, Diff:  0.0, Sum:  0.0, Workers: 5
[19.316s][debug][gc,phases      ] GC(95)         Dead                      Min: 0, Avg:  0.0, Max: 0, Diff: 0, Sum: 0, Workers: 5
[19.316s][debug][gc,phases      ] GC(95)         Total                     Min: 0, Avg: 123.4, Max: 192, Diff: 192, Sum: 617, Workers: 5
[19.316s][debug][gc,phases      ] GC(95)     Merge Per-Thread State: 0.0ms
[19.316s][debug][gc,phases      ] GC(95)       Copied Bytes              Min: 0, Avg: 62.0, Max: 128, Diff: 128, Sum: 496, Workers: 8
[19.316s][debug][gc,phases      ] GC(95)       LAB Waste                 Min: 0, Avg:  0.0, Max: 0, Diff: 0, Sum: 0, Workers: 8
[19.316s][debug][gc,phases      ] GC(95)       LAB Undo Waste            Min: 0, Avg:  0.0, Max: 0, Diff: 0, Sum: 0, Workers: 8
[19.316s][debug][gc,phases      ] GC(95)     Code Roots Purge: 0.0ms
[19.316s][debug][gc,phases      ] GC(95)     Redirty Cards: 0.0ms
[19.316s][debug][gc,phases      ] GC(95)     DerivedPointerTable Update: 0.0ms
[19.316s][debug][gc,phases      ] GC(95)     Free Collection Set: 0.1ms
[19.316s][debug][gc,phases      ] GC(95)     Rebuild Free List: 0.0ms
[19.316s][debug][gc,phases      ] GC(95)     Humongous Reclaim: 0.0ms
[19.316s][debug][gc,phases      ] GC(95)     Start New Collection Set: 0.0ms
[19.316s][debug][gc,phases      ] GC(95)     Resize TLABs: 0.0ms
[19.316s][debug][gc,phases      ] GC(95)     Expand Heap After Collection: 0.0ms
[19.316s][info ][gc,phases      ] GC(95)   Other: 0.3ms
[19.316s][info ][gc,heap        ] GC(95) Eden regions: 177->0(177)
[19.316s][info ][gc,heap        ] GC(95) Survivor regions: 1->1(23)
[19.316s][info ][gc,heap        ] GC(95) Old regions: 7->7
[19.316s][info ][gc,heap        ] GC(95) Archive regions: 2->2
[19.316s][info ][gc,heap        ] GC(95) Humongous regions: 0->0
[19.316s][info ][gc,metaspace   ] GC(95) Metaspace: 10703K(11136K)->10703K(11136K) NonClass: 9440K(9728K)->9440K(9728K) Class: 1263K(1408K)->1263K(1408K)
[19.316s][debug][gc,heap        ] GC(95) Heap after GC invocations=96 (full 1): garbage-first heap   total 305152K, used 4440K [0x0000000700000000, 0x0000000800000000)
[19.316s][debug][gc,heap        ] GC(95)   region size 1024K, 1 young (1024K), 1 survivors (1024K)
[19.316s][debug][gc,heap        ] GC(95)  Metaspace       used 10703K, capacity 10992K, committed 11136K, reserved 1058816K
[19.316s][debug][gc,heap        ] GC(95)   class space    used 1263K, capacity 1389K, committed 1408K, reserved 1048576K
[19.316s][info ][gc             ] GC(95) Pause Young (Normal) (G1 Evacuation Pause) 181M->4M(298M) 1.494ms
[19.316s][info ][gc,cpu         ] GC(95) User=0.00s Sys=0.00s Real=0.00s
[19.316s][info ][safepoint      ] Safepoint "G1CollectForAllocation", Time since last: 156333914 ns, Reaching safepoint: 127575 ns, At safepoint: 1688127 ns, Total: 1815702 ns
[19.468s][debug][gc,heap        ] GC(96) Heap before GC invocations=96 (full 1): garbage-first heap   total 305152K, used 185688K [0x0000000700000000, 0x0000000800000000)
[19.468s][debug][gc,heap        ] GC(96)   region size 1024K, 178 young (182272K), 1 survivors (1024K)
[19.468s][debug][gc,heap        ] GC(96)  Metaspace       used 10703K, capacity 10992K, committed 11136K, reserved 1058816K
[19.468s][debug][gc,heap        ] GC(96)   class space    used 1263K, capacity 1389K, committed 1408K, reserved 1048576K
[19.468s][info ][gc,start       ] GC(96) Pause Young (Normal) (G1 Evacuation Pause)
[19.468s][info ][gc,task        ] GC(96) Using 8 workers of 8 for evacuation
[19.468s][debug][gc,tlab        ] GC(96) TLAB totals: thrds: 8  refills: 709 max: 105 slow allocs: 0 max 0 waste:  0.9% gc: 1237232B max: 354624B slow: 410560B max: 61224B fast: 0B max: 0B
[19.468s][debug][gc,age         ] GC(96) Desired survivor size 12058624 bytes, new threshold 15 (max threshold 15)
[19.468s][debug][gc,alloc,region] GC(96) Mutator Allocation stats, regions: 177, wasted size: 0B ( 0.0%)
[19.468s][debug][gc,ergo        ] GC(96) Running G1 Merge Heap Roots using 8 workers for 178 regions
[19.468s][debug][gc,remset      ] GC(96) Visited cards 256 Total dirty 2048 (12.50%) Total old 747520 (0.03%)
[19.469s][debug][gc,ergo        ] GC(96) Running G1 Clear Card Table Task using 1 workers for 1 units of work for 179 regions.
[19.469s][debug][gc,ref         ] GC(96) Skipped phase1 of Reference Processing due to unavailable references
[19.469s][debug][gc,ref         ] GC(96) Skipped phase2 of Reference Processing due to unavailable references
[19.469s][debug][gc,ref         ] GC(96) Skipped phase3 of Reference Processing due to unavailable references
[19.469s][debug][gc,ref         ] GC(96) Skipped phase4 of Reference Processing due to unavailable references
[19.469s][debug][gc,ergo        ] GC(96) Running G1 Free Collection Set using 8 workers for collection set length 178 (298)
[19.469s][debug][gc,ergo        ] GC(96) Running G1 Rebuild Free List Task using 8 workers for rebuilding free list of 0 (4096) regions
[19.469s][trace][gc,age         ] GC(96) Age table with threshold 15 (max threshold 15)
[19.469s][trace][gc,age         ] GC(96) - age   1:        488 bytes,        488 total
[19.469s][debug][gc,plab        ] GC(96) Young PLAB allocation: allocated: 12384B, wasted: 0B, unused: 11896B, used: 488B, undo waste: 0B, 
[19.469s][debug][gc,plab        ] GC(96) Young other allocation: region end waste: 0B, regions filled: 1, direct allocated: 0B, failure used: 0B, failure wasted: 0B
[19.469s][debug][gc,plab        ] GC(96) Young sizing: calculated: 96B, actual: 2064B
[19.469s][debug][gc,plab        ] GC(96) Old PLAB allocation: allocated: 0B, wasted: 0B, unused: 0B, used: 0B, undo waste: 0B, 
[19.469s][debug][gc,plab        ] GC(96) Old other allocation: region end waste: 0B, regions filled: 1, direct allocated: 0B, failure used: 0B, failure wasted: 0B
[19.469s][debug][gc,plab        ] GC(96) Old sizing: calculated: 0B, actual: 2064B
[19.469s][debug][gc,ihop        ] GC(96) Basic information (value update), threshold: 140614041B (45.00), target occupancy: 312475648B, current occupancy: 4547152B, recent allocation size: 0B, recent allocation duration: 152.88ms, recent old gen allocation rate: 0.00B/s, recent marking phase length: 0.00ms
[19.469s][debug][gc,ihop        ] GC(96) Adaptive IHOP information (value update), threshold: 140614041B (47.37), internal target occupancy: 296851865B, occupancy: 4547152B, additional buffer size: 186646528B, predicted old gen allocation rate: 11248.71B/s, predicted marking phase length: 0.00ms, prediction active: false
[19.469s][debug][gc,ergo,refine ] GC(96) Concurrent refinement times: Logged Cards Scan time goal: 20.00ms Logged Cards Scan time: 0.00ms HCC time: 0.00ms
[19.469s][debug][gc,ergo,refine ] GC(96) Updated Refinement Zones: green: 2048, yellow: 6144, red: 10240
[19.469s][info ][gc,phases      ] GC(96)   Pre Evacuate Collection Set: 0.1ms
[19.469s][debug][gc,phases      ] GC(96)     Prepare TLABs: 0.0ms
[19.469s][debug][gc,phases      ] GC(96)     Choose Collection Set: 0.0ms
[19.469s][debug][gc,phases      ] GC(96)     Region Register: 0.1ms
[19.469s][debug][gc,phases      ] GC(96)     Prepare Heap Roots: 0.0ms
[19.469s][info ][gc,phases      ] GC(96)   Merge Heap Roots: 0.1ms
[19.469s][debug][gc,phases      ] GC(96)     Prepare Merge Heap Roots: 0.0ms
[19.469s][debug][gc,phases      ] GC(96)     Eager Reclaim (ms):       skipped
[19.469s][debug][gc,phases      ] GC(96)     Remembered Sets (ms):     Min:  0.0, Avg:  0.0, Max:  0.0, Diff:  0.0, Sum:  0.1, Workers: 8
[19.469s][debug][gc,phases      ] GC(96)       Merged Sparse:            Min: 0, Avg:  0.0, Max: 0, Diff: 0, Sum: 0, Workers: 8
[19.469s][debug][gc,phases      ] GC(96)       Merged Fine:              Min: 0, Avg:  0.0, Max: 0, Diff: 0, Sum: 0, Workers: 8
[19.469s][debug][gc,phases      ] GC(96)       Merged Coarse:            Min: 0, Avg:  0.0, Max: 0, Diff: 0, Sum: 0, Workers: 8
[19.469s][debug][gc,phases      ] GC(96)       Dirty Cards:              Min: 0, Avg:  0.0, Max: 0, Diff: 0, Sum: 0, Workers: 8
[19.469s][debug][gc,phases      ] GC(96)     Hot Card Cache (ms):      Min:  0.0, Avg:  0.0, Max:  0.0, Diff:  0.0, Sum:  0.0, Workers: 8
[19.469s][debug][gc,phases      ] GC(96)       Dirty Cards:              Min: 0, Avg:  0.0, Max: 0, Diff: 0, Sum: 0, Workers: 8
[19.469s][debug][gc,phases      ] GC(96)       Skipped Cards:            Min: 0, Avg:  0.0, Max: 0, Diff: 0, Sum: 0, Workers: 8
[19.469s][debug][gc,phases      ] GC(96)     Log Buffers (ms):         Min:  0.0, Avg:  0.0, Max:  0.0, Diff:  0.0, Sum:  0.0, Workers: 8
[19.469s][debug][gc,phases      ] GC(96)       Dirty Cards:              Min: 0, Avg:  0.1, Max: 1, Diff: 1, Sum: 1, Workers: 8
[19.469s][debug][gc,phases      ] GC(96)       Skipped Cards:            Min: 0, Avg:  0.0, Max: 0, Diff: 0, Sum: 0, Workers: 8
[19.469s][info ][gc,phases      ] GC(96)   Evacuate Collection Set: 0.2ms
[19.469s][debug][gc,phases      ] GC(96)     Ext Root Scanning (ms):   Min:  0.0, Avg:  0.0, Max:  0.1, Diff:  0.0, Sum:  0.2, Workers: 8
[19.469s][debug][gc,phases      ] GC(96)     Scan Heap Roots (ms):     Min:  0.0, Avg:  0.0, Max:  0.0, Diff:  0.0, Sum:  0.0, Workers: 8
[19.469s][debug][gc,phases      ] GC(96)       Scanned Cards:            Min: 0, Avg:  0.1, Max: 1, Diff: 1, Sum: 1, Workers: 8
[19.469s][debug][gc,phases      ] GC(96)       Scanned Blocks:           Min: 0, Avg:  0.1, Max: 1, Diff: 1, Sum: 1, Workers: 8
[19.469s][debug][gc,phases      ] GC(96)       Claimed Chunks:           Min: 0, Avg:  0.1, Max: 1, Diff: 1, Sum: 1, Workers: 8
[19.469s][debug][gc,phases      ] GC(96)     Code Root Scan (ms):      Min:  0.0, Avg:  0.0, Max:  0.0, Diff:  0.0, Sum:  0.0, Workers: 8
[19.469s][debug][gc,phases      ] GC(96)     Object Copy (ms):         Min:  0.0, Avg:  0.0, Max:  0.0, Diff:  0.0, Sum:  0.0, Workers: 8
[19.469s][debug][gc,phases      ] GC(96)     Termination (ms):         Min:  0.1, Avg:  0.1, Max:  0.1, Diff:  0.0, Sum:  0.8, Workers: 8
[19.469s][debug][gc,phases      ] GC(96)       Termination Attempts:     Min: 1, Avg:  1.0, Max: 1, Diff: 0, Sum: 8, Workers: 8
[19.469s][debug][gc,phases      ] GC(96)     GC Worker Other (ms):     Min:  0.0, Avg:  0.0, Max:  0.0, Diff:  0.0, Sum:  0.1, Workers: 8
[19.469s][debug][gc,phases      ] GC(96)     GC Worker Total (ms):     Min:  0.1, Avg:  0.1, Max:  0.2, Diff:  0.1, Sum:  1.1, Workers: 8
[19.469s][info ][gc,phases      ] GC(96)   Post Evacuate Collection Set: 0.4ms
[19.469s][debug][gc,phases      ] GC(96)     Code Roots Fixup: 0.0ms
[19.469s][debug][gc,phases      ] GC(96)     Clear Card Table: 0.1ms
[19.469s][debug][gc,phases      ] GC(96)     Reference Processing: 0.0ms
[19.469s][debug][gc,phases,ref  ] GC(96)       Reconsider SoftReferences: 0.0ms
[19.469s][debug][gc,phases,ref  ] GC(96)         SoftRef (ms):             skipped
[19.469s][debug][gc,phases,ref  ] GC(96)       Notify Soft/WeakReferences: 0.0ms
[19.469s][debug][gc,phases,ref  ] GC(96)         SoftRef (ms):             skipped
[19.469s][debug][gc,phases,ref  ] GC(96)         WeakRef (ms):             skipped
[19.469s][debug][gc,phases,ref  ] GC(96)         FinalRef (ms):            skipped
[19.469s][debug][gc,phases,ref  ] GC(96)         Total (ms):               skipped
[19.469s][debug][gc,phases,ref  ] GC(96)       Notify and keep alive finalizable: 0.0ms
[19.469s][debug][gc,phases,ref  ] GC(96)         FinalRef (ms):            skipped
[19.469s][debug][gc,phases,ref  ] GC(96)       Notify PhantomReferences: 0.0ms
[19.469s][debug][gc,phases,ref  ] GC(96)         PhantomRef (ms):          skipped
[19.469s][debug][gc,phases,ref  ] GC(96)       SoftReference:
[19.470s][debug][gc,phases,ref  ] GC(96)         Discovered: 0
[19.470s][debug][gc,phases,ref  ] GC(96)         Cleared: 0
[19.470s][debug][gc,phases,ref  ] GC(96)       WeakReference:
[19.470s][debug][gc,phases,ref  ] GC(96)         Discovered: 0
[19.470s][debug][gc,phases,ref  ] GC(96)         Cleared: 0
[19.470s][debug][gc,phases,ref  ] GC(96)       FinalReference:
[19.470s][debug][gc,phases,ref  ] GC(96)         Discovered: 0
[19.470s][debug][gc,phases,ref  ] GC(96)         Cleared: 0
[19.470s][debug][gc,phases,ref  ] GC(96)       PhantomReference:
[19.470s][debug][gc,phases,ref  ] GC(96)         Discovered: 0
[19.470s][debug][gc,phases,ref  ] GC(96)         Cleared: 0
[19.470s][debug][gc,phases      ] GC(96)     Weak Processing: 0.1ms
[19.470s][debug][gc,phases      ] GC(96)       JVMTI weak processing: 0.0ms
[19.470s][debug][gc,phases      ] GC(96)         Dead: 0
[19.470s][debug][gc,phases      ] GC(96)         Total: 0
[19.470s][debug][gc,phases      ] GC(96)       JFR weak processing: 0.0ms
[19.470s][debug][gc,phases      ] GC(96)         Dead: 0
[19.470s][debug][gc,phases      ] GC(96)         Total: 0
[19.470s][debug][gc,phases      ] GC(96)       JNI weak                  Min:  0.0, Avg:  0.0, Max:  0.0, Diff:  0.0, Sum:  0.0, Workers: 5
[19.470s][debug][gc,phases      ] GC(96)         Dead                      Min: 0, Avg:  0.0, Max: 0, Diff: 0, Sum: 0, Workers: 5
[19.470s][debug][gc,phases      ] GC(96)         Total                     Min: 0, Avg: 13.4, Max: 52, Diff: 52, Sum: 67, Workers: 5
[19.470s][debug][gc,phases      ] GC(96)       VM weak                   Min:  0.0, Avg:  0.0, Max:  0.0, Diff:  0.0, Sum:  0.0, Workers: 5
[19.470s][debug][gc,phases      ] GC(96)         Dead                      Min: 0, Avg:  0.0, Max: 0, Diff: 0, Sum: 0, Workers: 5
[19.470s][debug][gc,phases      ] GC(96)         Total                     Min: 0, Avg: 47.6, Max: 128, Diff: 128, Sum: 238, Workers: 5
[19.470s][debug][gc,phases      ] GC(96)       StringTable weak          Min:  0.0, Avg:  0.0, Max:  0.1, Diff:  0.1, Sum:  0.2, Workers: 5
[19.470s][debug][gc,phases      ] GC(96)         Dead                      Min: 0, Avg:  0.0, Max: 0, Diff: 0, Sum: 0, Workers: 5
[19.470s][debug][gc,phases      ] GC(96)         Total                     Min: 128, Avg: 728.6, Max: 1024, Diff: 896, Sum: 3643, Workers: 5
[19.470s][debug][gc,phases      ] GC(96)       ResolvedMethodTable weak  Min:  0.0, Avg:  0.0, Max:  0.0, Diff:  0.0, Sum:  0.0, Workers: 5
[19.470s][debug][gc,phases      ] GC(96)         Dead                      Min: 0, Avg:  0.0, Max: 0, Diff: 0, Sum: 0, Workers: 5
[19.470s][debug][gc,phases      ] GC(96)         Total                     Min: 64, Avg: 123.4, Max: 192, Diff: 128, Sum: 617, Workers: 5
[19.470s][debug][gc,phases      ] GC(96)     Merge Per-Thread State: 0.0ms
[19.470s][debug][gc,phases      ] GC(96)       Copied Bytes              Min: 0, Avg: 61.0, Max: 104, Diff: 104, Sum: 488, Workers: 8
[19.470s][debug][gc,phases      ] GC(96)       LAB Waste                 Min: 0, Avg:  0.0, Max: 0, Diff: 0, Sum: 0, Workers: 8
[19.470s][debug][gc,phases      ] GC(96)       LAB Undo Waste            Min: 0, Avg:  0.0, Max: 0, Diff: 0, Sum: 0, Workers: 8
[19.470s][debug][gc,phases      ] GC(96)     Code Roots Purge: 0.0ms
[19.470s][debug][gc,phases      ] GC(96)     Redirty Cards: 0.0ms
[19.470s][debug][gc,phases      ] GC(96)     DerivedPointerTable Update: 0.0ms
[19.470s][debug][gc,phases      ] GC(96)     Free Collection Set: 0.2ms
[19.470s][debug][gc,phases      ] GC(96)     Rebuild Free List: 0.0ms
[19.470s][debug][gc,phases      ] GC(96)     Humongous Reclaim: 0.0ms
[19.470s][debug][gc,phases      ] GC(96)     Start New Collection Set: 0.0ms
[19.470s][debug][gc,phases      ] GC(96)     Resize TLABs: 0.0ms
[19.470s][debug][gc,phases      ] GC(96)     Expand Heap After Collection: 0.0ms
[19.470s][info ][gc,phases      ] GC(96)   Other: 0.3ms
[19.470s][info ][gc,heap        ] GC(96) Eden regions: 177->0(177)
[19.470s][info ][gc,heap        ] GC(96) Survivor regions: 1->1(23)
[19.470s][info ][gc,heap        ] GC(96) Old regions: 7->7
[19.470s][info ][gc,heap        ] GC(96) Archive regions: 2->2
[19.470s][info ][gc,heap        ] GC(96) Humongous regions: 0->0
[19.470s][info ][gc,metaspace   ] GC(96) Metaspace: 10703K(11136K)->10703K(11136K) NonClass: 9440K(9728K)->9440K(9728K) Class: 1263K(1408K)->1263K(1408K)
[19.470s][debug][gc,heap        ] GC(96) Heap after GC invocations=97 (full 1): garbage-first heap   total 305152K, used 4440K [0x0000000700000000, 0x0000000800000000)
[19.470s][debug][gc,heap        ] GC(96)   region size 1024K, 1 young (1024K), 1 survivors (1024K)
[19.470s][debug][gc,heap        ] GC(96)  Metaspace       used 10703K, capacity 10992K, committed 11136K, reserved 1058816K
[19.470s][debug][gc,heap        ] GC(96)   class space    used 1263K, capacity 1389K, committed 1408K, reserved 1048576K
[19.470s][info ][gc             ] GC(96) Pause Young (Normal) (G1 Evacuation Pause) 181M->4M(298M) 1.656ms
[19.470s][info ][gc,cpu         ] GC(96) User=0.01s Sys=0.00s Real=0.00s
[19.470s][info ][safepoint      ] Safepoint "G1CollectForAllocation", Time since last: 151935651 ns, Reaching safepoint: 98459 ns, At safepoint: 1844375 ns, Total: 1942834 ns
[19.626s][debug][gc,heap        ] GC(97) Heap before GC invocations=97 (full 1): garbage-first heap   total 305152K, used 185688K [0x0000000700000000, 0x0000000800000000)
[19.626s][debug][gc,heap        ] GC(97)   region size 1024K, 178 young (182272K), 1 survivors (1024K)
[19.626s][debug][gc,heap        ] GC(97)  Metaspace       used 10703K, capacity 10992K, committed 11136K, reserved 1058816K
[19.626s][debug][gc,heap        ] GC(97)   class space    used 1263K, capacity 1389K, committed 1408K, reserved 1048576K
[19.626s][info ][gc,start       ] GC(97) Pause Young (Normal) (G1 Evacuation Pause)
[19.626s][info ][gc,task        ] GC(97) Using 8 workers of 8 for evacuation
[19.626s][debug][gc,tlab        ] GC(97) TLAB totals: thrds: 8  refills: 711 max: 94 slow allocs: 0 max 0 waste:  0.9% gc: 1330888B max: 418192B slow: 411192B max: 54856B fast: 0B max: 0B
[19.626s][debug][gc,age         ] GC(97) Desired survivor size 12058624 bytes, new threshold 15 (max threshold 15)
[19.626s][debug][gc,alloc,region] GC(97) Mutator Allocation stats, regions: 177, wasted size: 0B ( 0.0%)
[19.626s][debug][gc,ergo        ] GC(97) Running G1 Merge Heap Roots using 8 workers for 178 regions
[19.626s][debug][gc,remset      ] GC(97) Visited cards 256 Total dirty 2048 (12.50%) Total old 747520 (0.03%)
[19.627s][debug][gc,ergo        ] GC(97) Running G1 Clear Card Table Task using 1 workers for 1 units of work for 179 regions.
[19.627s][debug][gc,ref         ] GC(97) Skipped phase1 of Reference Processing due to unavailable references
[19.627s][debug][gc,ref         ] GC(97) Skipped phase2 of Reference Processing due to unavailable references
[19.627s][debug][gc,ref         ] GC(97) Skipped phase3 of Reference Processing due to unavailable references
[19.627s][debug][gc,ref         ] GC(97) Skipped phase4 of Reference Processing due to unavailable references
[19.627s][debug][gc,ergo        ] GC(97) Running G1 Free Collection Set using 8 workers for collection set length 178 (298)
[19.627s][debug][gc,ergo        ] GC(97) Running G1 Rebuild Free List Task using 8 workers for rebuilding free list of 0 (4096) regions
[19.627s][trace][gc,age         ] GC(97) Age table with threshold 15 (max threshold 15)
[19.627s][trace][gc,age         ] GC(97) - age   1:        256 bytes,        256 total
[19.627s][debug][gc,plab        ] GC(97) Young PLAB allocation: allocated: 6192B, wasted: 0B, unused: 5936B, used: 256B, undo waste: 0B, 
[19.627s][debug][gc,plab        ] GC(97) Young other allocation: region end waste: 0B, regions filled: 1, direct allocated: 0B, failure used: 0B, failure wasted: 0B
[19.627s][debug][gc,plab        ] GC(97) Young sizing: calculated: 48B, actual: 2064B
[19.627s][debug][gc,plab        ] GC(97) Old PLAB allocation: allocated: 0B, wasted: 0B, unused: 0B, used: 0B, undo waste: 0B, 
[19.627s][debug][gc,plab        ] GC(97) Old other allocation: region end waste: 0B, regions filled: 1, direct allocated: 0B, failure used: 0B, failure wasted: 0B
[19.627s][debug][gc,plab        ] GC(97) Old sizing: calculated: 0B, actual: 2064B
[19.627s][debug][gc,ihop        ] GC(97) Basic information (value update), threshold: 140614041B (45.00), target occupancy: 312475648B, current occupancy: 4540960B, recent allocation size: 0B, recent allocation duration: 157.00ms, recent old gen allocation rate: 0.00B/s, recent marking phase length: 0.00ms
[19.627s][debug][gc,ihop        ] GC(97) Adaptive IHOP information (value update), threshold: 140614041B (47.37), internal target occupancy: 296851865B, occupancy: 4540960B, additional buffer size: 186646528B, predicted old gen allocation rate: 10927.63B/s, predicted marking phase length: 0.00ms, prediction active: false
[19.627s][debug][gc,ergo,refine ] GC(97) Concurrent refinement times: Logged Cards Scan time goal: 20.00ms Logged Cards Scan time: 0.00ms HCC time: 0.00ms
[19.627s][debug][gc,ergo,refine ] GC(97) Updated Refinement Zones: green: 2048, yellow: 6144, red: 10240
[19.627s][info ][gc,phases      ] GC(97)   Pre Evacuate Collection Set: 0.1ms
[19.627s][debug][gc,phases      ] GC(97)     Prepare TLABs: 0.0ms
[19.627s][debug][gc,phases      ] GC(97)     Choose Collection Set: 0.0ms
[19.627s][debug][gc,phases      ] GC(97)     Region Register: 0.1ms
[19.627s][debug][gc,phases      ] GC(97)     Prepare Heap Roots: 0.0ms
[19.627s][info ][gc,phases      ] GC(97)   Merge Heap Roots: 0.1ms
[19.627s][debug][gc,phases      ] GC(97)     Prepare Merge Heap Roots: 0.0ms
[19.627s][debug][gc,phases      ] GC(97)     Eager Reclaim (ms):       skipped
[19.627s][debug][gc,phases      ] GC(97)     Remembered Sets (ms):     Min:  0.0, Avg:  0.0, Max:  0.0, Diff:  0.0, Sum:  0.1, Workers: 8
[19.627s][debug][gc,phases      ] GC(97)       Merged Sparse:            Min: 0, Avg:  0.0, Max: 0, Diff: 0, Sum: 0, Workers: 8
[19.627s][debug][gc,phases      ] GC(97)       Merged Fine:              Min: 0, Avg:  0.0, Max: 0, Diff: 0, Sum: 0, Workers: 8
[19.627s][debug][gc,phases      ] GC(97)       Merged Coarse:            Min: 0, Avg:  0.0, Max: 0, Diff: 0, Sum: 0, Workers: 8
[19.627s][debug][gc,phases      ] GC(97)       Dirty Cards:              Min: 0, Avg:  0.0, Max: 0, Diff: 0, Sum: 0, Workers: 8
[19.627s][debug][gc,phases      ] GC(97)     Hot Card Cache (ms):      Min:  0.0, Avg:  0.0, Max:  0.0, Diff:  0.0, Sum:  0.0, Workers: 8
[19.627s][debug][gc,phases      ] GC(97)       Dirty Cards:              Min: 0, Avg:  0.0, Max: 0, Diff: 0, Sum: 0, Workers: 8
[19.627s][debug][gc,phases      ] GC(97)       Skipped Cards:            Min: 0, Avg:  0.0, Max: 0, Diff: 0, Sum: 0, Workers: 8
[19.627s][debug][gc,phases      ] GC(97)     Log Buffers (ms):         Min:  0.0, Avg:  0.0, Max:  0.0, Diff:  0.0, Sum:  0.0, Workers: 8
[19.627s][debug][gc,phases      ] GC(97)       Dirty Cards:              Min: 0, Avg:  0.1, Max: 1, Diff: 1, Sum: 1, Workers: 8
[19.627s][debug][gc,phases      ] GC(97)       Skipped Cards:            Min: 0, Avg:  0.0, Max: 0, Diff: 0, Sum: 0, Workers: 8
[19.627s][info ][gc,phases      ] GC(97)   Evacuate Collection Set: 0.2ms
[19.627s][debug][gc,phases      ] GC(97)     Ext Root Scanning (ms):   Min:  0.0, Avg:  0.0, Max:  0.1, Diff:  0.0, Sum:  0.3, Workers: 8
[19.627s][debug][gc,phases      ] GC(97)     Scan Heap Roots (ms):     Min:  0.0, Avg:  0.0, Max:  0.0, Diff:  0.0, Sum:  0.0, Workers: 8
[19.627s][debug][gc,phases      ] GC(97)       Scanned Cards:            Min: 0, Avg:  0.1, Max: 1, Diff: 1, Sum: 1, Workers: 8
[19.627s][debug][gc,phases      ] GC(97)       Scanned Blocks:           Min: 0, Avg:  0.1, Max: 1, Diff: 1, Sum: 1, Workers: 8
[19.627s][debug][gc,phases      ] GC(97)       Claimed Chunks:           Min: 0, Avg:  0.1, Max: 1, Diff: 1, Sum: 1, Workers: 8
[19.627s][debug][gc,phases      ] GC(97)     Code Root Scan (ms):      Min:  0.0, Avg:  0.0, Max:  0.0, Diff:  0.0, Sum:  0.0, Workers: 8
[19.627s][debug][gc,phases      ] GC(97)     Object Copy (ms):         Min:  0.0, Avg:  0.0, Max:  0.0, Diff:  0.0, Sum:  0.0, Workers: 8
[19.627s][debug][gc,phases      ] GC(97)     Termination (ms):         Min:  0.1, Avg:  0.1, Max:  0.1, Diff:  0.0, Sum:  0.8, Workers: 8
[19.627s][debug][gc,phases      ] GC(97)       Termination Attempts:     Min: 1, Avg:  1.0, Max: 1, Diff: 0, Sum: 8, Workers: 8
[19.627s][debug][gc,phases      ] GC(97)     GC Worker Other (ms):     Min:  0.0, Avg:  0.0, Max:  0.0, Diff:  0.0, Sum:  0.2, Workers: 8
[19.627s][debug][gc,phases      ] GC(97)     GC Worker Total (ms):     Min:  0.1, Avg:  0.2, Max:  0.2, Diff:  0.1, Sum:  1.4, Workers: 8
[19.627s][info ][gc,phases      ] GC(97)   Post Evacuate Collection Set: 0.5ms
[19.627s][debug][gc,phases      ] GC(97)     Code Roots Fixup: 0.0ms
[19.627s][debug][gc,phases      ] GC(97)     Clear Card Table: 0.1ms
[19.628s][debug][gc,phases      ] GC(97)     Reference Processing: 0.0ms
[19.628s][debug][gc,phases,ref  ] GC(97)       Reconsider SoftReferences: 0.0ms
[19.628s][debug][gc,phases,ref  ] GC(97)         SoftRef (ms):             skipped
[19.628s][debug][gc,phases,ref  ] GC(97)       Notify Soft/WeakReferences: 0.0ms
[19.628s][debug][gc,phases,ref  ] GC(97)         SoftRef (ms):             skipped
[19.628s][debug][gc,phases,ref  ] GC(97)         WeakRef (ms):             skipped
[19.628s][debug][gc,phases,ref  ] GC(97)         FinalRef (ms):            skipped
[19.628s][debug][gc,phases,ref  ] GC(97)         Total (ms):               skipped
[19.628s][debug][gc,phases,ref  ] GC(97)       Notify and keep alive finalizable: 0.0ms
[19.628s][debug][gc,phases,ref  ] GC(97)         FinalRef (ms):            skipped
[19.628s][debug][gc,phases,ref  ] GC(97)       Notify PhantomReferences: 0.0ms
[19.628s][debug][gc,phases,ref  ] GC(97)         PhantomRef (ms):          skipped
[19.628s][debug][gc,phases,ref  ] GC(97)       SoftReference:
[19.628s][debug][gc,phases,ref  ] GC(97)         Discovered: 0
[19.628s][debug][gc,phases,ref  ] GC(97)         Cleared: 0
[19.628s][debug][gc,phases,ref  ] GC(97)       WeakReference:
[19.628s][debug][gc,phases,ref  ] GC(97)         Discovered: 0
[19.628s][debug][gc,phases,ref  ] GC(97)         Cleared: 0
[19.628s][debug][gc,phases,ref  ] GC(97)       FinalReference:
[19.628s][debug][gc,phases,ref  ] GC(97)         Discovered: 0
[19.628s][debug][gc,phases,ref  ] GC(97)         Cleared: 0
[19.628s][debug][gc,phases,ref  ] GC(97)       PhantomReference:
[19.628s][debug][gc,phases,ref  ] GC(97)         Discovered: 0
[19.628s][debug][gc,phases,ref  ] GC(97)         Cleared: 0
[19.628s][debug][gc,phases      ] GC(97)     Weak Processing: 0.1ms
[19.628s][debug][gc,phases      ] GC(97)       JVMTI weak processing: 0.0ms
[19.628s][debug][gc,phases      ] GC(97)         Dead: 0
[19.628s][debug][gc,phases      ] GC(97)         Total: 0
[19.628s][debug][gc,phases      ] GC(97)       JFR weak processing: 0.0ms
[19.628s][debug][gc,phases      ] GC(97)         Dead: 0
[19.628s][debug][gc,phases      ] GC(97)         Total: 0
[19.628s][debug][gc,phases      ] GC(97)       JNI weak                  Min:  0.0, Avg:  0.0, Max:  0.0, Diff:  0.0, Sum:  0.0, Workers: 5
[19.628s][debug][gc,phases      ] GC(97)         Dead                      Min: 0, Avg:  0.0, Max: 0, Diff: 0, Sum: 0, Workers: 5
[19.628s][debug][gc,phases      ] GC(97)         Total                     Min: 0, Avg: 13.4, Max: 52, Diff: 52, Sum: 67, Workers: 5
[19.628s][debug][gc,phases      ] GC(97)       VM weak                   Min:  0.0, Avg:  0.0, Max:  0.0, Diff:  0.0, Sum:  0.0, Workers: 5
[19.628s][debug][gc,phases      ] GC(97)         Dead                      Min: 0, Avg:  0.0, Max: 0, Diff: 0, Sum: 0, Workers: 5
[19.628s][debug][gc,phases      ] GC(97)         Total                     Min: 0, Avg: 47.6, Max: 128, Diff: 128, Sum: 238, Workers: 5
[19.628s][debug][gc,phases      ] GC(97)       StringTable weak          Min:  0.0, Avg:  0.0, Max:  0.0, Diff:  0.0, Sum:  0.1, Workers: 5
[19.628s][debug][gc,phases      ] GC(97)         Dead                      Min: 0, Avg:  0.0, Max: 0, Diff: 0, Sum: 0, Workers: 5
[19.628s][debug][gc,phases      ] GC(97)         Total                     Min: 256, Avg: 728.6, Max: 1726, Diff: 1470, Sum: 3643, Workers: 5
[19.628s][debug][gc,phases      ] GC(97)       ResolvedMethodTable weak  Min:  0.0, Avg:  0.0, Max:  0.0, Diff:  0.0, Sum:  0.0, Workers: 5
[19.628s][debug][gc,phases      ] GC(97)         Dead                      Min: 0, Avg:  0.0, Max: 0, Diff: 0, Sum: 0, Workers: 5
[19.628s][debug][gc,phases      ] GC(97)         Total                     Min: 0, Avg: 123.4, Max: 192, Diff: 192, Sum: 617, Workers: 5
[19.628s][debug][gc,phases      ] GC(97)     Merge Per-Thread State: 0.0ms
[19.628s][debug][gc,phases      ] GC(97)       Copied Bytes              Min: 0, Avg: 32.0, Max: 104, Diff: 104, Sum: 256, Workers: 8
[19.628s][debug][gc,phases      ] GC(97)       LAB Waste                 Min: 0, Avg:  0.0, Max: 0, Diff: 0, Sum: 0, Workers: 8
[19.628s][debug][gc,phases      ] GC(97)       LAB Undo Waste            Min: 0, Avg:  0.0, Max: 0, Diff: 0, Sum: 0, Workers: 8
[19.628s][debug][gc,phases      ] GC(97)     Code Roots Purge: 0.0ms
[19.628s][debug][gc,phases      ] GC(97)     Redirty Cards: 0.0ms
[19.628s][debug][gc,phases      ] GC(97)     DerivedPointerTable Update: 0.0ms
[19.628s][debug][gc,phases      ] GC(97)     Free Collection Set: 0.2ms
[19.628s][debug][gc,phases      ] GC(97)     Rebuild Free List: 0.1ms
[19.628s][debug][gc,phases      ] GC(97)     Humongous Reclaim: 0.0ms
[19.628s][debug][gc,phases      ] GC(97)     Start New Collection Set: 0.0ms
[19.628s][debug][gc,phases      ] GC(97)     Resize TLABs: 0.0ms
[19.628s][debug][gc,phases      ] GC(97)     Expand Heap After Collection: 0.0ms
[19.628s][info ][gc,phases      ] GC(97)   Other: 0.3ms
[19.628s][info ][gc,heap        ] GC(97) Eden regions: 177->0(177)
[19.628s][info ][gc,heap        ] GC(97) Survivor regions: 1->1(23)
[19.628s][info ][gc,heap        ] GC(97) Old regions: 7->7
[19.628s][info ][gc,heap        ] GC(97) Archive regions: 2->2
[19.628s][info ][gc,heap        ] GC(97) Humongous regions: 0->0
[19.628s][info ][gc,metaspace   ] GC(97) Metaspace: 10703K(11136K)->10703K(11136K) NonClass: 9440K(9728K)->9440K(9728K) Class: 1263K(1408K)->1263K(1408K)
[19.628s][debug][gc,heap        ] GC(97) Heap after GC invocations=98 (full 1): garbage-first heap   total 305152K, used 4434K [0x0000000700000000, 0x0000000800000000)
[19.628s][debug][gc,heap        ] GC(97)   region size 1024K, 1 young (1024K), 1 survivors (1024K)
[19.628s][debug][gc,heap        ] GC(97)  Metaspace       used 10703K, capacity 10992K, committed 11136K, reserved 1058816K
[19.628s][debug][gc,heap        ] GC(97)   class space    used 1263K, capacity 1389K, committed 1408K, reserved 1048576K
[19.628s][info ][gc             ] GC(97) Pause Young (Normal) (G1 Evacuation Pause) 181M->4M(298M) 1.703ms
[19.628s][info ][gc,cpu         ] GC(97) User=0.00s Sys=0.00s Real=0.00s
[19.628s][info ][safepoint      ] Safepoint "G1CollectForAllocation", Time since last: 156051820 ns, Reaching safepoint: 159896 ns, At safepoint: 1950783 ns, Total: 2110679 ns
[19.795s][debug][gc,heap        ] GC(98) Heap before GC invocations=98 (full 1): garbage-first heap   total 305152K, used 185682K [0x0000000700000000, 0x0000000800000000)
[19.795s][debug][gc,heap        ] GC(98)   region size 1024K, 178 young (182272K), 1 survivors (1024K)
[19.795s][debug][gc,heap        ] GC(98)  Metaspace       used 10703K, capacity 10992K, committed 11136K, reserved 1058816K
[19.795s][debug][gc,heap        ] GC(98)   class space    used 1263K, capacity 1389K, committed 1408K, reserved 1048576K
[19.795s][info ][gc,start       ] GC(98) Pause Young (Normal) (G1 Evacuation Pause)
[19.795s][info ][gc,task        ] GC(98) Using 8 workers of 8 for evacuation
[19.795s][debug][gc,tlab        ] GC(98) TLAB totals: thrds: 8  refills: 710 max: 94 slow allocs: 0 max 0 waste:  0.9% gc: 1337808B max: 399888B slow: 411216B max: 54536B fast: 0B max: 0B
[19.795s][debug][gc,age         ] GC(98) Desired survivor size 12058624 bytes, new threshold 15 (max threshold 15)
[19.795s][debug][gc,alloc,region] GC(98) Mutator Allocation stats, regions: 177, wasted size: 0B ( 0.0%)
[19.795s][debug][gc,ergo        ] GC(98) Running G1 Merge Heap Roots using 8 workers for 178 regions
[19.795s][debug][gc,remset      ] GC(98) Visited cards 256 Total dirty 2048 (12.50%) Total old 747520 (0.03%)
[19.795s][debug][gc,ergo        ] GC(98) Running G1 Clear Card Table Task using 1 workers for 1 units of work for 179 regions.
[19.796s][debug][gc,ref         ] GC(98) Skipped phase1 of Reference Processing due to unavailable references
[19.796s][debug][gc,ref         ] GC(98) Skipped phase2 of Reference Processing due to unavailable references
[19.796s][debug][gc,ref         ] GC(98) Skipped phase3 of Reference Processing due to unavailable references
[19.796s][debug][gc,ref         ] GC(98) Skipped phase4 of Reference Processing due to unavailable references
[19.796s][debug][gc,ergo        ] GC(98) Running G1 Free Collection Set using 8 workers for collection set length 178 (298)
[19.796s][debug][gc,ergo        ] GC(98) Running G1 Rebuild Free List Task using 8 workers for rebuilding free list of 0 (4096) regions
[19.796s][trace][gc,age         ] GC(98) Age table with threshold 15 (max threshold 15)
[19.796s][trace][gc,age         ] GC(98) - age   1:        360 bytes,        360 total
[19.796s][debug][gc,plab        ] GC(98) Young PLAB allocation: allocated: 8256B, wasted: 0B, unused: 7896B, used: 360B, undo waste: 0B, 
[19.796s][debug][gc,plab        ] GC(98) Young other allocation: region end waste: 0B, regions filled: 1, direct allocated: 0B, failure used: 0B, failure wasted: 0B
[19.796s][debug][gc,plab        ] GC(98) Young sizing: calculated: 72B, actual: 2064B
[19.796s][debug][gc,plab        ] GC(98) Old PLAB allocation: allocated: 0B, wasted: 0B, unused: 0B, used: 0B, undo waste: 0B, 
[19.796s][debug][gc,plab        ] GC(98) Old other allocation: region end waste: 0B, regions filled: 1, direct allocated: 0B, failure used: 0B, failure wasted: 0B
[19.796s][debug][gc,plab        ] GC(98) Old sizing: calculated: 0B, actual: 2064B
[19.796s][debug][gc,ihop        ] GC(98) Basic information (value update), threshold: 140614041B (45.00), target occupancy: 312475648B, current occupancy: 4543024B, recent allocation size: 0B, recent allocation duration: 167.74ms, recent old gen allocation rate: 0.00B/s, recent marking phase length: 0.00ms
[19.796s][debug][gc,ihop        ] GC(98) Adaptive IHOP information (value update), threshold: 140614041B (47.37), internal target occupancy: 296851865B, occupancy: 4543024B, additional buffer size: 186646528B, predicted old gen allocation rate: 10616.47B/s, predicted marking phase length: 0.00ms, prediction active: false
[19.796s][debug][gc,ergo,refine ] GC(98) Concurrent refinement times: Logged Cards Scan time goal: 20.00ms Logged Cards Scan time: 0.00ms HCC time: 0.00ms
[19.796s][debug][gc,ergo,refine ] GC(98) Updated Refinement Zones: green: 2048, yellow: 6144, red: 10240
[19.796s][info ][gc,phases      ] GC(98)   Pre Evacuate Collection Set: 0.1ms
[19.796s][debug][gc,phases      ] GC(98)     Prepare TLABs: 0.0ms
[19.796s][debug][gc,phases      ] GC(98)     Choose Collection Set: 0.0ms
[19.796s][debug][gc,phases      ] GC(98)     Region Register: 0.1ms
[19.796s][debug][gc,phases      ] GC(98)     Prepare Heap Roots: 0.0ms
[19.796s][info ][gc,phases      ] GC(98)   Merge Heap Roots: 0.1ms
[19.796s][debug][gc,phases      ] GC(98)     Prepare Merge Heap Roots: 0.0ms
[19.796s][debug][gc,phases      ] GC(98)     Eager Reclaim (ms):       skipped
[19.796s][debug][gc,phases      ] GC(98)     Remembered Sets (ms):     Min:  0.0, Avg:  0.0, Max:  0.0, Diff:  0.0, Sum:  0.0, Workers: 8
[19.796s][debug][gc,phases      ] GC(98)       Merged Sparse:            Min: 0, Avg:  0.0, Max: 0, Diff: 0, Sum: 0, Workers: 8
[19.796s][debug][gc,phases      ] GC(98)       Merged Fine:              Min: 0, Avg:  0.0, Max: 0, Diff: 0, Sum: 0, Workers: 8
[19.796s][debug][gc,phases      ] GC(98)       Merged Coarse:            Min: 0, Avg:  0.0, Max: 0, Diff: 0, Sum: 0, Workers: 8
[19.796s][debug][gc,phases      ] GC(98)       Dirty Cards:              Min: 0, Avg:  0.0, Max: 0, Diff: 0, Sum: 0, Workers: 8
[19.796s][debug][gc,phases      ] GC(98)     Hot Card Cache (ms):      Min:  0.0, Avg:  0.0, Max:  0.0, Diff:  0.0, Sum:  0.0, Workers: 8
[19.796s][debug][gc,phases      ] GC(98)       Dirty Cards:              Min: 0, Avg:  0.0, Max: 0, Diff: 0, Sum: 0, Workers: 8
[19.796s][debug][gc,phases      ] GC(98)       Skipped Cards:            Min: 0, Avg:  0.0, Max: 0, Diff: 0, Sum: 0, Workers: 8
[19.796s][debug][gc,phases      ] GC(98)     Log Buffers (ms):         Min:  0.0, Avg:  0.0, Max:  0.0, Diff:  0.0, Sum:  0.0, Workers: 8
[19.796s][debug][gc,phases      ] GC(98)       Dirty Cards:              Min: 0, Avg:  0.1, Max: 1, Diff: 1, Sum: 1, Workers: 8
[19.796s][debug][gc,phases      ] GC(98)       Skipped Cards:            Min: 0, Avg:  0.0, Max: 0, Diff: 0, Sum: 0, Workers: 8
[19.796s][info ][gc,phases      ] GC(98)   Evacuate Collection Set: 0.2ms
[19.796s][debug][gc,phases      ] GC(98)     Ext Root Scanning (ms):   Min:  0.0, Avg:  0.0, Max:  0.1, Diff:  0.1, Sum:  0.2, Workers: 8
[19.796s][debug][gc,phases      ] GC(98)     Scan Heap Roots (ms):     Min:  0.0, Avg:  0.0, Max:  0.0, Diff:  0.0, Sum:  0.0, Workers: 8
[19.796s][debug][gc,phases      ] GC(98)       Scanned Cards:            Min: 0, Avg:  0.1, Max: 1, Diff: 1, Sum: 1, Workers: 8
[19.796s][debug][gc,phases      ] GC(98)       Scanned Blocks:           Min: 0, Avg:  0.1, Max: 1, Diff: 1, Sum: 1, Workers: 8
[19.796s][debug][gc,phases      ] GC(98)       Claimed Chunks:           Min: 0, Avg:  0.1, Max: 1, Diff: 1, Sum: 1, Workers: 8
[19.796s][debug][gc,phases      ] GC(98)     Code Root Scan (ms):      Min:  0.0, Avg:  0.0, Max:  0.0, Diff:  0.0, Sum:  0.0, Workers: 8
[19.796s][debug][gc,phases      ] GC(98)     Object Copy (ms):         Min:  0.0, Avg:  0.0, Max:  0.0, Diff:  0.0, Sum:  0.0, Workers: 8
[19.796s][debug][gc,phases      ] GC(98)     Termination (ms):         Min:  0.0, Avg:  0.1, Max:  0.1, Diff:  0.1, Sum:  0.5, Workers: 8
[19.796s][debug][gc,phases      ] GC(98)       Termination Attempts:     Min: 1, Avg:  1.0, Max: 1, Diff: 0, Sum: 8, Workers: 8
[19.796s][debug][gc,phases      ] GC(98)     GC Worker Other (ms):     Min:  0.0, Avg:  0.0, Max:  0.0, Diff:  0.0, Sum:  0.1, Workers: 8
[19.796s][debug][gc,phases      ] GC(98)     GC Worker Total (ms):     Min:  0.1, Avg:  0.1, Max:  0.2, Diff:  0.1, Sum:  1.0, Workers: 8
[19.796s][info ][gc,phases      ] GC(98)   Post Evacuate Collection Set: 0.4ms
[19.796s][debug][gc,phases      ] GC(98)     Code Roots Fixup: 0.0ms
[19.796s][debug][gc,phases      ] GC(98)     Clear Card Table: 0.1ms
[19.796s][debug][gc,phases      ] GC(98)     Reference Processing: 0.0ms
[19.796s][debug][gc,phases,ref  ] GC(98)       Reconsider SoftReferences: 0.0ms
[19.796s][debug][gc,phases,ref  ] GC(98)         SoftRef (ms):             skipped
[19.796s][debug][gc,phases,ref  ] GC(98)       Notify Soft/WeakReferences: 0.0ms
[19.796s][debug][gc,phases,ref  ] GC(98)         SoftRef (ms):             skipped
[19.796s][debug][gc,phases,ref  ] GC(98)         WeakRef (ms):             skipped
[19.796s][debug][gc,phases,ref  ] GC(98)         FinalRef (ms):            skipped
[19.796s][debug][gc,phases,ref  ] GC(98)         Total (ms):               skipped
[19.796s][debug][gc,phases,ref  ] GC(98)       Notify and keep alive finalizable: 0.0ms
[19.796s][debug][gc,phases,ref  ] GC(98)         FinalRef (ms):            skipped
[19.796s][debug][gc,phases,ref  ] GC(98)       Notify PhantomReferences: 0.0ms
[19.796s][debug][gc,phases,ref  ] GC(98)         PhantomRef (ms):          skipped
[19.796s][debug][gc,phases,ref  ] GC(98)       SoftReference:
[19.796s][debug][gc,phases,ref  ] GC(98)         Discovered: 0
[19.796s][debug][gc,phases,ref  ] GC(98)         Cleared: 0
[19.796s][debug][gc,phases,ref  ] GC(98)       WeakReference:
[19.796s][debug][gc,phases,ref  ] GC(98)         Discovered: 0
[19.796s][debug][gc,phases,ref  ] GC(98)         Cleared: 0
[19.796s][debug][gc,phases,ref  ] GC(98)       FinalReference:
[19.796s][debug][gc,phases,ref  ] GC(98)         Discovered: 0
[19.796s][debug][gc,phases,ref  ] GC(98)         Cleared: 0
[19.796s][debug][gc,phases,ref  ] GC(98)       PhantomReference:
[19.796s][debug][gc,phases,ref  ] GC(98)         Discovered: 0
[19.796s][debug][gc,phases,ref  ] GC(98)         Cleared: 0
[19.796s][debug][gc,phases      ] GC(98)     Weak Processing: 0.1ms
[19.796s][debug][gc,phases      ] GC(98)       JVMTI weak processing: 0.0ms
[19.796s][debug][gc,phases      ] GC(98)         Dead: 0
[19.796s][debug][gc,phases      ] GC(98)         Total: 0
[19.796s][debug][gc,phases      ] GC(98)       JFR weak processing: 0.0ms
[19.796s][debug][gc,phases      ] GC(98)         Dead: 0
[19.796s][debug][gc,phases      ] GC(98)         Total: 0
[19.796s][debug][gc,phases      ] GC(98)       JNI weak                  Min:  0.0, Avg:  0.0, Max:  0.0, Diff:  0.0, Sum:  0.1, Workers: 5
[19.796s][debug][gc,phases      ] GC(98)         Dead                      Min: 0, Avg:  0.0, Max: 0, Diff: 0, Sum: 0, Workers: 5
[19.796s][debug][gc,phases      ] GC(98)         Total                     Min: 0, Avg: 13.4, Max: 52, Diff: 52, Sum: 67, Workers: 5
[19.796s][debug][gc,phases      ] GC(98)       VM weak                   Min:  0.0, Avg:  0.0, Max:  0.0, Diff:  0.0, Sum:  0.0, Workers: 5
[19.796s][debug][gc,phases      ] GC(98)         Dead                      Min: 0, Avg:  0.0, Max: 0, Diff: 0, Sum: 0, Workers: 5
[19.796s][debug][gc,phases      ] GC(98)         Total                     Min: 0, Avg: 47.6, Max: 128, Diff: 128, Sum: 238, Workers: 5
[19.796s][debug][gc,phases      ] GC(98)       StringTable weak          Min:  0.0, Avg:  0.0, Max:  0.1, Diff:  0.1, Sum:  0.1, Workers: 5
[19.796s][debug][gc,phases      ] GC(98)         Dead                      Min: 0, Avg:  0.0, Max: 0, Diff: 0, Sum: 0, Workers: 5
[19.796s][debug][gc,phases      ] GC(98)         Total                     Min: 128, Avg: 728.6, Max: 1787, Diff: 1659, Sum: 3643, Workers: 5
[19.796s][debug][gc,phases      ] GC(98)       ResolvedMethodTable weak  Min:  0.0, Avg:  0.0, Max:  0.0, Diff:  0.0, Sum:  0.0, Workers: 5
[19.796s][debug][gc,phases      ] GC(98)         Dead                      Min: 0, Avg:  0.0, Max: 0, Diff: 0, Sum: 0, Workers: 5
[19.796s][debug][gc,phases      ] GC(98)         Total                     Min: 0, Avg: 123.4, Max: 192, Diff: 192, Sum: 617, Workers: 5
[19.796s][debug][gc,phases      ] GC(98)     Merge Per-Thread State: 0.0ms
[19.796s][debug][gc,phases      ] GC(98)       Copied Bytes              Min: 0, Avg: 45.0, Max: 208, Diff: 208, Sum: 360, Workers: 8
[19.796s][debug][gc,phases      ] GC(98)       LAB Waste                 Min: 0, Avg:  0.0, Max: 0, Diff: 0, Sum: 0, Workers: 8
[19.796s][debug][gc,phases      ] GC(98)       LAB Undo Waste            Min: 0, Avg:  0.0, Max: 0, Diff: 0, Sum: 0, Workers: 8
[19.796s][debug][gc,phases      ] GC(98)     Code Roots Purge: 0.0ms
[19.796s][debug][gc,phases      ] GC(98)     Redirty Cards: 0.0ms
[19.796s][debug][gc,phases      ] GC(98)     DerivedPointerTable Update: 0.0ms
[19.796s][debug][gc,phases      ] GC(98)     Free Collection Set: 0.1ms
[19.796s][debug][gc,phases      ] GC(98)     Rebuild Free List: 0.1ms
[19.796s][debug][gc,phases      ] GC(98)     Humongous Reclaim: 0.0ms
[19.796s][debug][gc,phases      ] GC(98)     Start New Collection Set: 0.0ms
[19.796s][debug][gc,phases      ] GC(98)     Resize TLABs: 0.0ms
[19.796s][debug][gc,phases      ] GC(98)     Expand Heap After Collection: 0.0ms
[19.796s][info ][gc,phases      ] GC(98)   Other: 0.3ms
[19.796s][info ][gc,heap        ] GC(98) Eden regions: 177->0(177)
[19.796s][info ][gc,heap        ] GC(98) Survivor regions: 1->1(23)
[19.796s][info ][gc,heap        ] GC(98) Old regions: 7->7
[19.796s][info ][gc,heap        ] GC(98) Archive regions: 2->2
[19.796s][info ][gc,heap        ] GC(98) Humongous regions: 0->0
[19.796s][info ][gc,metaspace   ] GC(98) Metaspace: 10703K(11136K)->10703K(11136K) NonClass: 9440K(9728K)->9440K(9728K) Class: 1263K(1408K)->1263K(1408K)
[19.796s][debug][gc,heap        ] GC(98) Heap after GC invocations=99 (full 1): garbage-first heap   total 305152K, used 4436K [0x0000000700000000, 0x0000000800000000)
[19.796s][debug][gc,heap        ] GC(98)   region size 1024K, 1 young (1024K), 1 survivors (1024K)
[19.796s][debug][gc,heap        ] GC(98)  Metaspace       used 10703K, capacity 10992K, committed 11136K, reserved 1058816K
[19.796s][debug][gc,heap        ] GC(98)   class space    used 1263K, capacity 1389K, committed 1408K, reserved 1048576K
[19.797s][info ][gc             ] GC(98) Pause Young (Normal) (G1 Evacuation Pause) 181M->4M(298M) 1.539ms
[19.797s][info ][gc,cpu         ] GC(98) User=0.00s Sys=0.00s Real=0.00s
[19.797s][info ][safepoint      ] Safepoint "G1CollectForAllocation", Time since last: 166601980 ns, Reaching safepoint: 223408 ns, At safepoint: 1722746 ns, Total: 1946154 ns
[19.964s][debug][gc,heap        ] GC(99) Heap before GC invocations=99 (full 1): garbage-first heap   total 305152K, used 185684K [0x0000000700000000, 0x0000000800000000)
[19.964s][debug][gc,heap        ] GC(99)   region size 1024K, 178 young (182272K), 1 survivors (1024K)
[19.964s][debug][gc,heap        ] GC(99)  Metaspace       used 10703K, capacity 10992K, committed 11136K, reserved 1058816K
[19.964s][debug][gc,heap        ] GC(99)   class space    used 1263K, capacity 1389K, committed 1408K, reserved 1048576K
[19.964s][info ][gc,start       ] GC(99) Pause Young (Normal) (G1 Evacuation Pause)
[19.964s][info ][gc,task        ] GC(99) Using 8 workers of 8 for evacuation
[19.964s][debug][gc,tlab        ] GC(99) TLAB totals: thrds: 8  refills: 712 max: 95 slow allocs: 0 max 0 waste:  0.9% gc: 1334024B max: 341064B slow: 411968B max: 55056B fast: 0B max: 0B
[19.964s][debug][gc,age         ] GC(99) Desired survivor size 12058624 bytes, new threshold 15 (max threshold 15)
[19.964s][debug][gc,alloc,region] GC(99) Mutator Allocation stats, regions: 177, wasted size: 0B ( 0.0%)
[19.964s][debug][gc,ergo        ] GC(99) Running G1 Merge Heap Roots using 8 workers for 178 regions
[19.964s][debug][gc,remset      ] GC(99) Visited cards 256 Total dirty 2048 (12.50%) Total old 747520 (0.03%)
[19.964s][debug][gc,ergo        ] GC(99) Running G1 Clear Card Table Task using 1 workers for 1 units of work for 179 regions.
[19.964s][debug][gc,ref         ] GC(99) Skipped phase1 of Reference Processing due to unavailable references
[19.964s][debug][gc,ref         ] GC(99) Skipped phase2 of Reference Processing due to unavailable references
[19.964s][debug][gc,ref         ] GC(99) Skipped phase3 of Reference Processing due to unavailable references
[19.964s][debug][gc,ref         ] GC(99) Skipped phase4 of Reference Processing due to unavailable references
[19.965s][debug][gc,ergo        ] GC(99) Running G1 Free Collection Set using 8 workers for collection set length 178 (298)
[19.965s][debug][gc,ergo        ] GC(99) Running G1 Rebuild Free List Task using 8 workers for rebuilding free list of 0 (4096) regions
[19.965s][trace][gc,age         ] GC(99) Age table with threshold 15 (max threshold 15)
[19.965s][trace][gc,age         ] GC(99) - age   1:        360 bytes,        360 total
[19.965s][debug][gc,plab        ] GC(99) Young PLAB allocation: allocated: 8256B, wasted: 0B, unused: 7896B, used: 360B, undo waste: 0B, 
[19.965s][debug][gc,plab        ] GC(99) Young other allocation: region end waste: 0B, regions filled: 1, direct allocated: 0B, failure used: 0B, failure wasted: 0B
[19.965s][debug][gc,plab        ] GC(99) Young sizing: calculated: 72B, actual: 2064B
[19.965s][debug][gc,plab        ] GC(99) Old PLAB allocation: allocated: 0B, wasted: 0B, unused: 0B, used: 0B, undo waste: 0B, 
[19.965s][debug][gc,plab        ] GC(99) Old other allocation: region end waste: 0B, regions filled: 1, direct allocated: 0B, failure used: 0B, failure wasted: 0B
[19.965s][debug][gc,plab        ] GC(99) Old sizing: calculated: 0B, actual: 2064B
[19.965s][debug][gc,ihop        ] GC(99) Basic information (value update), threshold: 140614041B (45.00), target occupancy: 312475648B, current occupancy: 4543024B, recent allocation size: 0B, recent allocation duration: 167.88ms, recent old gen allocation rate: 0.00B/s, recent marking phase length: 0.00ms
[19.965s][debug][gc,ihop        ] GC(99) Adaptive IHOP information (value update), threshold: 140614041B (47.37), internal target occupancy: 296851865B, occupancy: 4543024B, additional buffer size: 186646528B, predicted old gen allocation rate: 10314.87B/s, predicted marking phase length: 0.00ms, prediction active: false
[19.965s][debug][gc,ergo,refine ] GC(99) Concurrent refinement times: Logged Cards Scan time goal: 20.00ms Logged Cards Scan time: 0.00ms HCC time: 0.00ms
[19.965s][debug][gc,ergo,refine ] GC(99) Updated Refinement Zones: green: 2048, yellow: 6144, red: 10240
[19.965s][info ][gc,phases      ] GC(99)   Pre Evacuate Collection Set: 0.1ms
[19.965s][debug][gc,phases      ] GC(99)     Prepare TLABs: 0.0ms
[19.965s][debug][gc,phases      ] GC(99)     Choose Collection Set: 0.0ms
[19.965s][debug][gc,phases      ] GC(99)     Region Register: 0.1ms
[19.965s][debug][gc,phases      ] GC(99)     Prepare Heap Roots: 0.0ms
[19.965s][info ][gc,phases      ] GC(99)   Merge Heap Roots: 0.2ms
[19.965s][debug][gc,phases      ] GC(99)     Prepare Merge Heap Roots: 0.0ms
[19.965s][debug][gc,phases      ] GC(99)     Eager Reclaim (ms):       skipped
[19.965s][debug][gc,phases      ] GC(99)     Remembered Sets (ms):     Min:  0.0, Avg:  0.0, Max:  0.0, Diff:  0.0, Sum:  0.2, Workers: 8
[19.965s][debug][gc,phases      ] GC(99)       Merged Sparse:            Min: 0, Avg:  0.0, Max: 0, Diff: 0, Sum: 0, Workers: 8
[19.965s][debug][gc,phases      ] GC(99)       Merged Fine:              Min: 0, Avg:  0.0, Max: 0, Diff: 0, Sum: 0, Workers: 8
[19.965s][debug][gc,phases      ] GC(99)       Merged Coarse:            Min: 0, Avg:  0.0, Max: 0, Diff: 0, Sum: 0, Workers: 8
[19.965s][debug][gc,phases      ] GC(99)       Dirty Cards:              Min: 0, Avg:  0.0, Max: 0, Diff: 0, Sum: 0, Workers: 8
[19.965s][debug][gc,phases      ] GC(99)     Hot Card Cache (ms):      Min:  0.0, Avg:  0.0, Max:  0.0, Diff:  0.0, Sum:  0.0, Workers: 8
[19.965s][debug][gc,phases      ] GC(99)       Dirty Cards:              Min: 0, Avg:  0.0, Max: 0, Diff: 0, Sum: 0, Workers: 8
[19.965s][debug][gc,phases      ] GC(99)       Skipped Cards:            Min: 0, Avg:  0.0, Max: 0, Diff: 0, Sum: 0, Workers: 8
[19.965s][debug][gc,phases      ] GC(99)     Log Buffers (ms):         Min:  0.0, Avg:  0.0, Max:  0.0, Diff:  0.0, Sum:  0.0, Workers: 8
[19.965s][debug][gc,phases      ] GC(99)       Dirty Cards:              Min: 0, Avg:  0.1, Max: 1, Diff: 1, Sum: 1, Workers: 8
[19.965s][debug][gc,phases      ] GC(99)       Skipped Cards:            Min: 0, Avg:  0.0, Max: 0, Diff: 0, Sum: 0, Workers: 8
[19.965s][info ][gc,phases      ] GC(99)   Evacuate Collection Set: 0.2ms
[19.965s][debug][gc,phases      ] GC(99)     Ext Root Scanning (ms):   Min:  0.0, Avg:  0.0, Max:  0.1, Diff:  0.1, Sum:  0.2, Workers: 8
[19.965s][debug][gc,phases      ] GC(99)     Scan Heap Roots (ms):     Min:  0.0, Avg:  0.0, Max:  0.0, Diff:  0.0, Sum:  0.0, Workers: 8
[19.965s][debug][gc,phases      ] GC(99)       Scanned Cards:            Min: 0, Avg:  0.1, Max: 1, Diff: 1, Sum: 1, Workers: 8
[19.965s][debug][gc,phases      ] GC(99)       Scanned Blocks:           Min: 0, Avg:  0.1, Max: 1, Diff: 1, Sum: 1, Workers: 8
[19.965s][debug][gc,phases      ] GC(99)       Claimed Chunks:           Min: 0, Avg:  0.1, Max: 1, Diff: 1, Sum: 1, Workers: 8
[19.965s][debug][gc,phases      ] GC(99)     Code Root Scan (ms):      Min:  0.0, Avg:  0.0, Max:  0.0, Diff:  0.0, Sum:  0.0, Workers: 8
[19.965s][debug][gc,phases      ] GC(99)     Object Copy (ms):         Min:  0.0, Avg:  0.0, Max:  0.0, Diff:  0.0, Sum:  0.0, Workers: 8
[19.965s][debug][gc,phases      ] GC(99)     Termination (ms):         Min:  0.1, Avg:  0.1, Max:  0.1, Diff:  0.0, Sum:  0.8, Workers: 8
[19.965s][debug][gc,phases      ] GC(99)       Termination Attempts:     Min: 1, Avg:  1.0, Max: 1, Diff: 0, Sum: 8, Workers: 8
[19.965s][debug][gc,phases      ] GC(99)     GC Worker Other (ms):     Min:  0.0, Avg:  0.0, Max:  0.0, Diff:  0.0, Sum:  0.1, Workers: 8
[19.965s][debug][gc,phases      ] GC(99)     GC Worker Total (ms):     Min:  0.1, Avg:  0.2, Max:  0.2, Diff:  0.1, Sum:  1.2, Workers: 8
[19.965s][info ][gc,phases      ] GC(99)   Post Evacuate Collection Set: 0.4ms
[19.965s][debug][gc,phases      ] GC(99)     Code Roots Fixup: 0.0ms
[19.965s][debug][gc,phases      ] GC(99)     Clear Card Table: 0.1ms
[19.965s][debug][gc,phases      ] GC(99)     Reference Processing: 0.0ms
[19.965s][debug][gc,phases,ref  ] GC(99)       Reconsider SoftReferences: 0.0ms
[19.965s][debug][gc,phases,ref  ] GC(99)         SoftRef (ms):             skipped
[19.965s][debug][gc,phases,ref  ] GC(99)       Notify Soft/WeakReferences: 0.0ms
[19.965s][debug][gc,phases,ref  ] GC(99)         SoftRef (ms):             skipped
[19.965s][debug][gc,phases,ref  ] GC(99)         WeakRef (ms):             skipped
[19.965s][debug][gc,phases,ref  ] GC(99)         FinalRef (ms):            skipped
[19.965s][debug][gc,phases,ref  ] GC(99)         Total (ms):               skipped
[19.965s][debug][gc,phases,ref  ] GC(99)       Notify and keep alive finalizable: 0.0ms
[19.965s][debug][gc,phases,ref  ] GC(99)         FinalRef (ms):            skipped
[19.965s][debug][gc,phases,ref  ] GC(99)       Notify PhantomReferences: 0.0ms
[19.965s][debug][gc,phases,ref  ] GC(99)         PhantomRef (ms):          skipped
[19.965s][debug][gc,phases,ref  ] GC(99)       SoftReference:
[19.965s][debug][gc,phases,ref  ] GC(99)         Discovered: 0
[19.965s][debug][gc,phases,ref  ] GC(99)         Cleared: 0
[19.965s][debug][gc,phases,ref  ] GC(99)       WeakReference:
[19.965s][debug][gc,phases,ref  ] GC(99)         Discovered: 0
[19.965s][debug][gc,phases,ref  ] GC(99)         Cleared: 0
[19.965s][debug][gc,phases,ref  ] GC(99)       FinalReference:
[19.965s][debug][gc,phases,ref  ] GC(99)         Discovered: 0
[19.965s][debug][gc,phases,ref  ] GC(99)         Cleared: 0
[19.965s][debug][gc,phases,ref  ] GC(99)       PhantomReference:
[19.965s][debug][gc,phases,ref  ] GC(99)         Discovered: 0
[19.965s][debug][gc,phases,ref  ] GC(99)         Cleared: 0
[19.965s][debug][gc,phases      ] GC(99)     Weak Processing: 0.1ms
[19.965s][debug][gc,phases      ] GC(99)       JVMTI weak processing: 0.0ms
[19.965s][debug][gc,phases      ] GC(99)         Dead: 0
[19.965s][debug][gc,phases      ] GC(99)         Total: 0
[19.965s][debug][gc,phases      ] GC(99)       JFR weak processing: 0.0ms
[19.965s][debug][gc,phases      ] GC(99)         Dead: 0
[19.965s][debug][gc,phases      ] GC(99)         Total: 0
[19.965s][debug][gc,phases      ] GC(99)       JNI weak                  Min:  0.0, Avg:  0.0, Max:  0.0, Diff:  0.0, Sum:  0.0, Workers: 5
[19.965s][debug][gc,phases      ] GC(99)         Dead                      Min: 0, Avg:  0.0, Max: 0, Diff: 0, Sum: 0, Workers: 5
[19.965s][debug][gc,phases      ] GC(99)         Total                     Min: 0, Avg: 13.4, Max: 52, Diff: 52, Sum: 67, Workers: 5
[19.965s][debug][gc,phases      ] GC(99)       VM weak                   Min:  0.0, Avg:  0.0, Max:  0.0, Diff:  0.0, Sum:  0.0, Workers: 5
[19.965s][debug][gc,phases      ] GC(99)         Dead                      Min: 0, Avg:  0.0, Max: 0, Diff: 0, Sum: 0, Workers: 5
[19.965s][debug][gc,phases      ] GC(99)         Total                     Min: 0, Avg: 47.6, Max: 110, Diff: 110, Sum: 238, Workers: 5
[19.965s][debug][gc,phases      ] GC(99)       StringTable weak          Min:  0.0, Avg:  0.0, Max:  0.0, Diff:  0.0, Sum:  0.1, Workers: 5
[19.965s][debug][gc,phases      ] GC(99)         Dead                      Min: 0, Avg:  0.0, Max: 0, Diff: 0, Sum: 0, Workers: 5
[19.965s][debug][gc,phases      ] GC(99)         Total                     Min: 0, Avg: 728.6, Max: 1083, Diff: 1083, Sum: 3643, Workers: 5
[19.965s][debug][gc,phases      ] GC(99)       ResolvedMethodTable weak  Min:  0.0, Avg:  0.0, Max:  0.0, Diff:  0.0, Sum:  0.0, Workers: 5
[19.965s][debug][gc,phases      ] GC(99)         Dead                      Min: 0, Avg:  0.0, Max: 0, Diff: 0, Sum: 0, Workers: 5
[19.965s][debug][gc,phases      ] GC(99)         Total                     Min: 0, Avg: 123.4, Max: 192, Diff: 192, Sum: 617, Workers: 5
[19.965s][debug][gc,phases      ] GC(99)     Merge Per-Thread State: 0.0ms
[19.965s][debug][gc,phases      ] GC(99)       Copied Bytes              Min: 0, Avg: 45.0, Max: 128, Diff: 128, Sum: 360, Workers: 8
[19.965s][debug][gc,phases      ] GC(99)       LAB Waste                 Min: 0, Avg:  0.0, Max: 0, Diff: 0, Sum: 0, Workers: 8
[19.965s][debug][gc,phases      ] GC(99)       LAB Undo Waste            Min: 0, Avg:  0.0, Max: 0, Diff: 0, Sum: 0, Workers: 8
[19.965s][debug][gc,phases      ] GC(99)     Code Roots Purge: 0.0ms
[19.965s][debug][gc,phases      ] GC(99)     Redirty Cards: 0.0ms
[19.965s][debug][gc,phases      ] GC(99)     DerivedPointerTable Update: 0.0ms
[19.965s][debug][gc,phases      ] GC(99)     Free Collection Set: 0.1ms
[19.965s][debug][gc,phases      ] GC(99)     Rebuild Free List: 0.0ms
[19.965s][debug][gc,phases      ] GC(99)     Humongous Reclaim: 0.0ms
[19.965s][debug][gc,phases      ] GC(99)     Start New Collection Set: 0.0ms
[19.965s][debug][gc,phases      ] GC(99)     Resize TLABs: 0.0ms
[19.965s][debug][gc,phases      ] GC(99)     Expand Heap After Collection: 0.0ms
[19.965s][info ][gc,phases      ] GC(99)   Other: 0.3ms
[19.965s][info ][gc,heap        ] GC(99) Eden regions: 177->0(177)
[19.965s][info ][gc,heap        ] GC(99) Survivor regions: 1->1(23)
[19.965s][info ][gc,heap        ] GC(99) Old regions: 7->7
[19.965s][info ][gc,heap        ] GC(99) Archive regions: 2->2
[19.965s][info ][gc,heap        ] GC(99) Humongous regions: 0->0
[19.965s][info ][gc,metaspace   ] GC(99) Metaspace: 10703K(11136K)->10703K(11136K) NonClass: 9440K(9728K)->9440K(9728K) Class: 1263K(1408K)->1263K(1408K)
[19.965s][debug][gc,heap        ] GC(99) Heap after GC invocations=100 (full 1): garbage-first heap   total 305152K, used 4436K [0x0000000700000000, 0x0000000800000000)
[19.965s][debug][gc,heap        ] GC(99)   region size 1024K, 1 young (1024K), 1 survivors (1024K)
[19.965s][debug][gc,heap        ] GC(99)  Metaspace       used 10703K, capacity 10992K, committed 11136K, reserved 1058816K
[19.965s][debug][gc,heap        ] GC(99)   class space    used 1263K, capacity 1389K, committed 1408K, reserved 1048576K
[19.965s][info ][gc             ] GC(99) Pause Young (Normal) (G1 Evacuation Pause) 181M->4M(298M) 1.638ms
[19.965s][info ][gc,cpu         ] GC(99) User=0.01s Sys=0.00s Real=0.00s
[19.965s][info ][safepoint      ] Safepoint "G1CollectForAllocation", Time since last: 166945732 ns, Reaching safepoint: 101334 ns, At safepoint: 1824268 ns, Total: 1925602 ns
[20.132s][debug][gc,heap        ] GC(100) Heap before GC invocations=100 (full 1): garbage-first heap   total 305152K, used 185684K [0x0000000700000000, 0x0000000800000000)
[20.132s][debug][gc,heap        ] GC(100)   region size 1024K, 178 young (182272K), 1 survivors (1024K)
[20.132s][debug][gc,heap        ] GC(100)  Metaspace       used 10703K, capacity 10992K, committed 11136K, reserved 1058816K
[20.132s][debug][gc,heap        ] GC(100)   class space    used 1263K, capacity 1389K, committed 1408K, reserved 1048576K
[20.132s][info ][gc,start       ] GC(100) Pause Young (Normal) (G1 Evacuation Pause)
[20.132s][info ][gc,task        ] GC(100) Using 8 workers of 8 for evacuation
[20.132s][debug][gc,tlab        ] GC(100) TLAB totals: thrds: 8  refills: 710 max: 95 slow allocs: 0 max 0 waste:  0.9% gc: 1243392B max: 385984B slow: 412016B max: 54976B fast: 0B max: 0B
[20.132s][debug][gc,age         ] GC(100) Desired survivor size 12058624 bytes, new threshold 15 (max threshold 15)
[20.132s][debug][gc,alloc,region] GC(100) Mutator Allocation stats, regions: 177, wasted size: 0B ( 0.0%)
[20.132s][debug][gc,ergo        ] GC(100) Running G1 Merge Heap Roots using 8 workers for 178 regions
[20.132s][debug][gc,remset      ] GC(100) Visited cards 256 Total dirty 2048 (12.50%) Total old 747520 (0.03%)
[20.132s][debug][gc,ergo        ] GC(100) Running G1 Clear Card Table Task using 1 workers for 1 units of work for 179 regions.
[20.132s][debug][gc,ref         ] GC(100) Skipped phase1 of Reference Processing due to unavailable references
[20.132s][debug][gc,ref         ] GC(100) Skipped phase2 of Reference Processing due to unavailable references
[20.132s][debug][gc,ref         ] GC(100) Skipped phase3 of Reference Processing due to unavailable references
[20.132s][debug][gc,ref         ] GC(100) Skipped phase4 of Reference Processing due to unavailable references
[20.133s][debug][gc,ergo        ] GC(100) Running G1 Free Collection Set using 8 workers for collection set length 178 (298)
[20.133s][debug][gc,ergo        ] GC(100) Running G1 Rebuild Free List Task using 8 workers for rebuilding free list of 0 (4096) regions
[20.133s][trace][gc,age         ] GC(100) Age table with threshold 15 (max threshold 15)
[20.133s][trace][gc,age         ] GC(100) - age   1:        464 bytes,        464 total
[20.133s][debug][gc,plab        ] GC(100) Young PLAB allocation: allocated: 8256B, wasted: 0B, unused: 7792B, used: 464B, undo waste: 0B, 
[20.133s][debug][gc,plab        ] GC(100) Young other allocation: region end waste: 0B, regions filled: 1, direct allocated: 0B, failure used: 0B, failure wasted: 0B
[20.133s][debug][gc,plab        ] GC(100) Young sizing: calculated: 88B, actual: 2064B
[20.133s][debug][gc,plab        ] GC(100) Old PLAB allocation: allocated: 0B, wasted: 0B, unused: 0B, used: 0B, undo waste: 0B, 
[20.133s][debug][gc,plab        ] GC(100) Old other allocation: region end waste: 0B, regions filled: 1, direct allocated: 0B, failure used: 0B, failure wasted: 0B
[20.133s][debug][gc,plab        ] GC(100) Old sizing: calculated: 0B, actual: 2064B
[20.133s][debug][gc,ihop        ] GC(100) Basic information (value update), threshold: 140614041B (45.00), target occupancy: 312475648B, current occupancy: 4543024B, recent allocation size: 0B, recent allocation duration: 167.20ms, recent old gen allocation rate: 0.00B/s, recent marking phase length: 0.00ms
[20.133s][debug][gc,ihop        ] GC(100) Adaptive IHOP information (value update), threshold: 140614041B (47.37), internal target occupancy: 296851865B, occupancy: 4543024B, additional buffer size: 186646528B, predicted old gen allocation rate: 10022.53B/s, predicted marking phase length: 0.00ms, prediction active: false
[20.133s][debug][gc,ergo,refine ] GC(100) Concurrent refinement times: Logged Cards Scan time goal: 20.00ms Logged Cards Scan time: 0.00ms HCC time: 0.00ms
[20.133s][debug][gc,ergo,refine ] GC(100) Updated Refinement Zones: green: 2048, yellow: 6144, red: 10240
[20.133s][info ][gc,phases      ] GC(100)   Pre Evacuate Collection Set: 0.1ms
[20.133s][debug][gc,phases      ] GC(100)     Prepare TLABs: 0.0ms
[20.133s][debug][gc,phases      ] GC(100)     Choose Collection Set: 0.0ms
[20.133s][debug][gc,phases      ] GC(100)     Region Register: 0.1ms
[20.133s][debug][gc,phases      ] GC(100)     Prepare Heap Roots: 0.0ms
[20.133s][info ][gc,phases      ] GC(100)   Merge Heap Roots: 0.1ms
[20.133s][debug][gc,phases      ] GC(100)     Prepare Merge Heap Roots: 0.0ms
[20.133s][debug][gc,phases      ] GC(100)     Eager Reclaim (ms):       skipped
[20.133s][debug][gc,phases      ] GC(100)     Remembered Sets (ms):     Min:  0.0, Avg:  0.0, Max:  0.0, Diff:  0.0, Sum:  0.1, Workers: 8
[20.133s][debug][gc,phases      ] GC(100)       Merged Sparse:            Min: 0, Avg:  0.0, Max: 0, Diff: 0, Sum: 0, Workers: 8
[20.133s][debug][gc,phases      ] GC(100)       Merged Fine:              Min: 0, Avg:  0.0, Max: 0, Diff: 0, Sum: 0, Workers: 8
[20.133s][debug][gc,phases      ] GC(100)       Merged Coarse:            Min: 0, Avg:  0.0, Max: 0, Diff: 0, Sum: 0, Workers: 8
[20.133s][debug][gc,phases      ] GC(100)       Dirty Cards:              Min: 0, Avg:  0.0, Max: 0, Diff: 0, Sum: 0, Workers: 8
[20.133s][debug][gc,phases      ] GC(100)     Hot Card Cache (ms):      Min:  0.0, Avg:  0.0, Max:  0.0, Diff:  0.0, Sum:  0.0, Workers: 8
[20.133s][debug][gc,phases      ] GC(100)       Dirty Cards:              Min: 0, Avg:  0.0, Max: 0, Diff: 0, Sum: 0, Workers: 8
[20.133s][debug][gc,phases      ] GC(100)       Skipped Cards:            Min: 0, Avg:  0.0, Max: 0, Diff: 0, Sum: 0, Workers: 8
[20.133s][debug][gc,phases      ] GC(100)     Log Buffers (ms):         Min:  0.0, Avg:  0.0, Max:  0.0, Diff:  0.0, Sum:  0.0, Workers: 8
[20.133s][debug][gc,phases      ] GC(100)       Dirty Cards:              Min: 0, Avg:  0.1, Max: 1, Diff: 1, Sum: 1, Workers: 8
[20.133s][debug][gc,phases      ] GC(100)       Skipped Cards:            Min: 0, Avg:  0.0, Max: 0, Diff: 0, Sum: 0, Workers: 8
[20.133s][info ][gc,phases      ] GC(100)   Evacuate Collection Set: 0.1ms
[20.133s][debug][gc,phases      ] GC(100)     Ext Root Scanning (ms):   Min:  0.0, Avg:  0.0, Max:  0.1, Diff:  0.1, Sum:  0.3, Workers: 8
[20.133s][debug][gc,phases      ] GC(100)     Scan Heap Roots (ms):     Min:  0.0, Avg:  0.0, Max:  0.0, Diff:  0.0, Sum:  0.0, Workers: 8
[20.133s][debug][gc,phases      ] GC(100)       Scanned Cards:            Min: 0, Avg:  0.1, Max: 1, Diff: 1, Sum: 1, Workers: 8
[20.133s][debug][gc,phases      ] GC(100)       Scanned Blocks:           Min: 0, Avg:  0.1, Max: 1, Diff: 1, Sum: 1, Workers: 8
[20.133s][debug][gc,phases      ] GC(100)       Claimed Chunks:           Min: 0, Avg:  0.1, Max: 1, Diff: 1, Sum: 1, Workers: 8
[20.133s][debug][gc,phases      ] GC(100)     Code Root Scan (ms):      Min:  0.0, Avg:  0.0, Max:  0.0, Diff:  0.0, Sum:  0.0, Workers: 8
[20.133s][debug][gc,phases      ] GC(100)     Object Copy (ms):         Min:  0.0, Avg:  0.0, Max:  0.0, Diff:  0.0, Sum:  0.0, Workers: 8
[20.133s][debug][gc,phases      ] GC(100)     Termination (ms):         Min:  0.0, Avg:  0.0, Max:  0.1, Diff:  0.0, Sum:  0.3, Workers: 8
[20.133s][debug][gc,phases      ] GC(100)       Termination Attempts:     Min: 1, Avg:  1.0, Max: 1, Diff: 0, Sum: 8, Workers: 8
[20.133s][debug][gc,phases      ] GC(100)     GC Worker Other (ms):     Min:  0.0, Avg:  0.0, Max:  0.0, Diff:  0.0, Sum:  0.1, Workers: 8
[20.133s][debug][gc,phases      ] GC(100)     GC Worker Total (ms):     Min:  0.0, Avg:  0.1, Max:  0.1, Diff:  0.1, Sum:  0.7, Workers: 8
[20.133s][info ][gc,phases      ] GC(100)   Post Evacuate Collection Set: 0.4ms
[20.133s][debug][gc,phases      ] GC(100)     Code Roots Fixup: 0.0ms
[20.133s][debug][gc,phases      ] GC(100)     Clear Card Table: 0.1ms
[20.133s][debug][gc,phases      ] GC(100)     Reference Processing: 0.0ms
[20.133s][debug][gc,phases,ref  ] GC(100)       Reconsider SoftReferences: 0.0ms
[20.133s][debug][gc,phases,ref  ] GC(100)         SoftRef (ms):             skipped
[20.133s][debug][gc,phases,ref  ] GC(100)       Notify Soft/WeakReferences: 0.0ms
[20.133s][debug][gc,phases,ref  ] GC(100)         SoftRef (ms):             skipped
[20.133s][debug][gc,phases,ref  ] GC(100)         WeakRef (ms):             skipped
[20.133s][debug][gc,phases,ref  ] GC(100)         FinalRef (ms):            skipped
[20.133s][debug][gc,phases,ref  ] GC(100)         Total (ms):               skipped
[20.133s][debug][gc,phases,ref  ] GC(100)       Notify and keep alive finalizable: 0.0ms
[20.133s][debug][gc,phases,ref  ] GC(100)         FinalRef (ms):            skipped
[20.133s][debug][gc,phases,ref  ] GC(100)       Notify PhantomReferences: 0.0ms
[20.133s][debug][gc,phases,ref  ] GC(100)         PhantomRef (ms):          skipped
[20.133s][debug][gc,phases,ref  ] GC(100)       SoftReference:
[20.133s][debug][gc,phases,ref  ] GC(100)         Discovered: 0
[20.133s][debug][gc,phases,ref  ] GC(100)         Cleared: 0
[20.133s][debug][gc,phases,ref  ] GC(100)       WeakReference:
[20.133s][debug][gc,phases,ref  ] GC(100)         Discovered: 0
[20.133s][debug][gc,phases,ref  ] GC(100)         Cleared: 0
[20.133s][debug][gc,phases,ref  ] GC(100)       FinalReference:
[20.133s][debug][gc,phases,ref  ] GC(100)         Discovered: 0
[20.133s][debug][gc,phases,ref  ] GC(100)         Cleared: 0
[20.133s][debug][gc,phases,ref  ] GC(100)       PhantomReference:
[20.133s][debug][gc,phases,ref  ] GC(100)         Discovered: 0
[20.133s][debug][gc,phases,ref  ] GC(100)         Cleared: 0
[20.133s][debug][gc,phases      ] GC(100)     Weak Processing: 0.0ms
[20.133s][debug][gc,phases      ] GC(100)       JVMTI weak processing: 0.0ms
[20.133s][debug][gc,phases      ] GC(100)         Dead: 0
[20.133s][debug][gc,phases      ] GC(100)         Total: 0
[20.133s][debug][gc,phases      ] GC(100)       JFR weak processing: 0.0ms
[20.133s][debug][gc,phases      ] GC(100)         Dead: 0
[20.133s][debug][gc,phases      ] GC(100)         Total: 0
[20.133s][debug][gc,phases      ] GC(100)       JNI weak                  Min:  0.0, Avg:  0.0, Max:  0.0, Diff:  0.0, Sum:  0.0, Workers: 5
[20.133s][debug][gc,phases      ] GC(100)         Dead                      Min: 0, Avg:  0.0, Max: 0, Diff: 0, Sum: 0, Workers: 5
[20.133s][debug][gc,phases      ] GC(100)         Total                     Min: 0, Avg: 13.4, Max: 52, Diff: 52, Sum: 67, Workers: 5
[20.133s][debug][gc,phases      ] GC(100)       VM weak                   Min:  0.0, Avg:  0.0, Max:  0.0, Diff:  0.0, Sum:  0.0, Workers: 5
[20.133s][debug][gc,phases      ] GC(100)         Dead                      Min: 0, Avg:  0.0, Max: 0, Diff: 0, Sum: 0, Workers: 5
[20.133s][debug][gc,phases      ] GC(100)         Total                     Min: 0, Avg: 47.6, Max: 128, Diff: 128, Sum: 238, Workers: 5
[20.133s][debug][gc,phases      ] GC(100)       StringTable weak          Min:  0.0, Avg:  0.0, Max:  0.0, Diff:  0.0, Sum:  0.1, Workers: 5
[20.133s][debug][gc,phases      ] GC(100)         Dead                      Min: 0, Avg:  0.0, Max: 0, Diff: 0, Sum: 0, Workers: 5
[20.133s][debug][gc,phases      ] GC(100)         Total                     Min: 0, Avg: 728.6, Max: 958, Diff: 958, Sum: 3643, Workers: 5
[20.133s][debug][gc,phases      ] GC(100)       ResolvedMethodTable weak  Min:  0.0, Avg:  0.0, Max:  0.0, Diff:  0.0, Sum:  0.0, Workers: 5
[20.133s][debug][gc,phases      ] GC(100)         Dead                      Min: 0, Avg:  0.0, Max: 0, Diff: 0, Sum: 0, Workers: 5
[20.133s][debug][gc,phases      ] GC(100)         Total                     Min: 0, Avg: 123.4, Max: 192, Diff: 192, Sum: 617, Workers: 5
[20.133s][debug][gc,phases      ] GC(100)     Merge Per-Thread State: 0.0ms
[20.133s][debug][gc,phases      ] GC(100)       Copied Bytes              Min: 0, Avg: 58.0, Max: 280, Diff: 280, Sum: 464, Workers: 8
[20.133s][debug][gc,phases      ] GC(100)       LAB Waste                 Min: 0, Avg:  0.0, Max: 0, Diff: 0, Sum: 0, Workers: 8
[20.133s][debug][gc,phases      ] GC(100)       LAB Undo Waste            Min: 0, Avg:  0.0, Max: 0, Diff: 0, Sum: 0, Workers: 8
[20.133s][debug][gc,phases      ] GC(100)     Code Roots Purge: 0.0ms
[20.133s][debug][gc,phases      ] GC(100)     Redirty Cards: 0.0ms
[20.133s][debug][gc,phases      ] GC(100)     DerivedPointerTable Update: 0.0ms
[20.133s][debug][gc,phases      ] GC(100)     Free Collection Set: 0.1ms
[20.133s][debug][gc,phases      ] GC(100)     Rebuild Free List: 0.0ms
[20.133s][debug][gc,phases      ] GC(100)     Humongous Reclaim: 0.0ms
[20.133s][debug][gc,phases      ] GC(100)     Start New Collection Set: 0.0ms
[20.133s][debug][gc,phases      ] GC(100)     Resize TLABs: 0.0ms
[20.133s][debug][gc,phases      ] GC(100)     Expand Heap After Collection: 0.0ms
[20.133s][info ][gc,phases      ] GC(100)   Other: 0.3ms
[20.133s][info ][gc,heap        ] GC(100) Eden regions: 177->0(177)
[20.134s][info ][gc,heap        ] GC(100) Survivor regions: 1->1(23)
[20.134s][info ][gc,heap        ] GC(100) Old regions: 7->7
[20.134s][info ][gc,heap        ] GC(100) Archive regions: 2->2
[20.134s][info ][gc,heap        ] GC(100) Humongous regions: 0->0
[20.134s][info ][gc,metaspace   ] GC(100) Metaspace: 10703K(11136K)->10703K(11136K) NonClass: 9440K(9728K)->9440K(9728K) Class: 1263K(1408K)->1263K(1408K)
[20.134s][debug][gc,heap        ] GC(100) Heap after GC invocations=101 (full 1): garbage-first heap   total 305152K, used 4436K [0x0000000700000000, 0x0000000800000000)
[20.134s][debug][gc,heap        ] GC(100)   region size 1024K, 1 young (1024K), 1 survivors (1024K)
[20.134s][debug][gc,heap        ] GC(100)  Metaspace       used 10703K, capacity 10992K, committed 11136K, reserved 1058816K
[20.134s][debug][gc,heap        ] GC(100)   class space    used 1263K, capacity 1389K, committed 1408K, reserved 1048576K
[20.134s][info ][gc             ] GC(100) Pause Young (Normal) (G1 Evacuation Pause) 181M->4M(298M) 1.843ms
[20.134s][info ][gc,cpu         ] GC(100) User=0.00s Sys=0.00s Real=0.00s
[20.134s][info ][safepoint      ] Safepoint "G1CollectForAllocation", Time since last: 166159179 ns, Reaching safepoint: 118863 ns, At safepoint: 2100953 ns, Total: 2219816 ns
[20.301s][debug][gc,heap        ] GC(101) Heap before GC invocations=101 (full 1): garbage-first heap   total 305152K, used 185684K [0x0000000700000000, 0x0000000800000000)
[20.301s][debug][gc,heap        ] GC(101)   region size 1024K, 178 young (182272K), 1 survivors (1024K)
[20.301s][debug][gc,heap        ] GC(101)  Metaspace       used 10703K, capacity 10992K, committed 11136K, reserved 1058816K
[20.301s][debug][gc,heap        ] GC(101)   class space    used 1263K, capacity 1389K, committed 1408K, reserved 1048576K
[20.301s][info ][gc,start       ] GC(101) Pause Young (Normal) (G1 Evacuation Pause)
[20.301s][info ][gc,task        ] GC(101) Using 8 workers of 8 for evacuation
[20.301s][debug][gc,tlab        ] GC(101) TLAB totals: thrds: 8  refills: 709 max: 96 slow allocs: 0 max 0 waste:  1.1% gc: 1548040B max: 397504B slow: 409376B max: 55752B fast: 0B max: 0B
[20.301s][debug][gc,age         ] GC(101) Desired survivor size 12058624 bytes, new threshold 15 (max threshold 15)
[20.301s][debug][gc,alloc,region] GC(101) Mutator Allocation stats, regions: 177, wasted size: 0B ( 0.0%)
[20.301s][debug][gc,ergo        ] GC(101) Running G1 Merge Heap Roots using 8 workers for 178 regions
[20.301s][debug][gc,remset      ] GC(101) Visited cards 256 Total dirty 2048 (12.50%) Total old 747520 (0.03%)
[20.301s][debug][gc,ergo        ] GC(101) Running G1 Clear Card Table Task using 1 workers for 1 units of work for 179 regions.
[20.301s][debug][gc,ref         ] GC(101) Skipped phase1 of Reference Processing due to unavailable references
[20.301s][debug][gc,ref         ] GC(101) Skipped phase2 of Reference Processing due to unavailable references
[20.301s][debug][gc,ref         ] GC(101) Skipped phase3 of Reference Processing due to unavailable references
[20.302s][debug][gc,ref         ] GC(101) Skipped phase4 of Reference Processing due to unavailable references
[20.302s][debug][gc,ergo        ] GC(101) Running G1 Free Collection Set using 8 workers for collection set length 178 (298)
[20.302s][debug][gc,ergo        ] GC(101) Running G1 Rebuild Free List Task using 8 workers for rebuilding free list of 0 (4096) regions
[20.302s][trace][gc,age         ] GC(101) Age table with threshold 15 (max threshold 15)
[20.302s][trace][gc,age         ] GC(101) - age   1:        280 bytes,        280 total
[20.302s][debug][gc,plab        ] GC(101) Young PLAB allocation: allocated: 6192B, wasted: 0B, unused: 5912B, used: 280B, undo waste: 0B, 
[20.302s][debug][gc,plab        ] GC(101) Young other allocation: region end waste: 0B, regions filled: 1, direct allocated: 0B, failure used: 0B, failure wasted: 0B
[20.302s][debug][gc,plab        ] GC(101) Young sizing: calculated: 56B, actual: 2064B
[20.302s][debug][gc,plab        ] GC(101) Old PLAB allocation: allocated: 0B, wasted: 0B, unused: 0B, used: 0B, undo waste: 0B, 
[20.302s][debug][gc,plab        ] GC(101) Old other allocation: region end waste: 0B, regions filled: 1, direct allocated: 0B, failure used: 0B, failure wasted: 0B
[20.302s][debug][gc,plab        ] GC(101) Old sizing: calculated: 0B, actual: 2064B
[20.302s][debug][gc,ihop        ] GC(101) Basic information (value update), threshold: 140614041B (45.00), target occupancy: 312475648B, current occupancy: 4540960B, recent allocation size: 0B, recent allocation duration: 168.22ms, recent old gen allocation rate: 0.00B/s, recent marking phase length: 0.00ms
[20.302s][debug][gc,ihop        ] GC(101) Adaptive IHOP information (value update), threshold: 140614041B (47.37), internal target occupancy: 296851865B, occupancy: 4540960B, additional buffer size: 186646528B, predicted old gen allocation rate: 9739.12B/s, predicted marking phase length: 0.00ms, prediction active: false
[20.302s][debug][gc,ergo,refine ] GC(101) Concurrent refinement times: Logged Cards Scan time goal: 20.00ms Logged Cards Scan time: 0.00ms HCC time: 0.00ms
[20.302s][debug][gc,ergo,refine ] GC(101) Updated Refinement Zones: green: 2048, yellow: 6144, red: 10240
[20.302s][info ][gc,phases      ] GC(101)   Pre Evacuate Collection Set: 0.1ms
[20.302s][debug][gc,phases      ] GC(101)     Prepare TLABs: 0.0ms
[20.302s][debug][gc,phases      ] GC(101)     Choose Collection Set: 0.0ms
[20.302s][debug][gc,phases      ] GC(101)     Region Register: 0.1ms
[20.302s][debug][gc,phases      ] GC(101)     Prepare Heap Roots: 0.0ms
[20.302s][info ][gc,phases      ] GC(101)   Merge Heap Roots: 0.1ms
[20.302s][debug][gc,phases      ] GC(101)     Prepare Merge Heap Roots: 0.0ms
[20.302s][debug][gc,phases      ] GC(101)     Eager Reclaim (ms):       skipped
[20.302s][debug][gc,phases      ] GC(101)     Remembered Sets (ms):     Min:  0.0, Avg:  0.0, Max:  0.0, Diff:  0.0, Sum:  0.1, Workers: 8
[20.302s][debug][gc,phases      ] GC(101)       Merged Sparse:            Min: 0, Avg:  0.0, Max: 0, Diff: 0, Sum: 0, Workers: 8
[20.302s][debug][gc,phases      ] GC(101)       Merged Fine:              Min: 0, Avg:  0.0, Max: 0, Diff: 0, Sum: 0, Workers: 8
[20.302s][debug][gc,phases      ] GC(101)       Merged Coarse:            Min: 0, Avg:  0.0, Max: 0, Diff: 0, Sum: 0, Workers: 8
[20.302s][debug][gc,phases      ] GC(101)       Dirty Cards:              Min: 0, Avg:  0.0, Max: 0, Diff: 0, Sum: 0, Workers: 8
[20.302s][debug][gc,phases      ] GC(101)     Hot Card Cache (ms):      Min:  0.0, Avg:  0.0, Max:  0.0, Diff:  0.0, Sum:  0.0, Workers: 8
[20.302s][debug][gc,phases      ] GC(101)       Dirty Cards:              Min: 0, Avg:  0.0, Max: 0, Diff: 0, Sum: 0, Workers: 8
[20.302s][debug][gc,phases      ] GC(101)       Skipped Cards:            Min: 0, Avg:  0.0, Max: 0, Diff: 0, Sum: 0, Workers: 8
[20.302s][debug][gc,phases      ] GC(101)     Log Buffers (ms):         Min:  0.0, Avg:  0.0, Max:  0.0, Diff:  0.0, Sum:  0.0, Workers: 8
[20.302s][debug][gc,phases      ] GC(101)       Dirty Cards:              Min: 0, Avg:  0.1, Max: 1, Diff: 1, Sum: 1, Workers: 8
[20.302s][debug][gc,phases      ] GC(101)       Skipped Cards:            Min: 0, Avg:  0.0, Max: 0, Diff: 0, Sum: 0, Workers: 8
[20.302s][info ][gc,phases      ] GC(101)   Evacuate Collection Set: 0.2ms
[20.302s][debug][gc,phases      ] GC(101)     Ext Root Scanning (ms):   Min:  0.0, Avg:  0.0, Max:  0.1, Diff:  0.1, Sum:  0.2, Workers: 8
[20.302s][debug][gc,phases      ] GC(101)     Scan Heap Roots (ms):     Min:  0.0, Avg:  0.0, Max:  0.0, Diff:  0.0, Sum:  0.0, Workers: 8
[20.302s][debug][gc,phases      ] GC(101)       Scanned Cards:            Min: 0, Avg:  0.1, Max: 1, Diff: 1, Sum: 1, Workers: 8
[20.302s][debug][gc,phases      ] GC(101)       Scanned Blocks:           Min: 0, Avg:  0.1, Max: 1, Diff: 1, Sum: 1, Workers: 8
[20.302s][debug][gc,phases      ] GC(101)       Claimed Chunks:           Min: 0, Avg:  0.1, Max: 1, Diff: 1, Sum: 1, Workers: 8
[20.302s][debug][gc,phases      ] GC(101)     Code Root Scan (ms):      Min:  0.0, Avg:  0.0, Max:  0.0, Diff:  0.0, Sum:  0.0, Workers: 8
[20.302s][debug][gc,phases      ] GC(101)     Object Copy (ms):         Min:  0.0, Avg:  0.0, Max:  0.0, Diff:  0.0, Sum:  0.0, Workers: 8
[20.302s][debug][gc,phases      ] GC(101)     Termination (ms):         Min:  0.0, Avg:  0.0, Max:  0.1, Diff:  0.0, Sum:  0.4, Workers: 8
[20.302s][debug][gc,phases      ] GC(101)       Termination Attempts:     Min: 1, Avg:  1.0, Max: 1, Diff: 0, Sum: 8, Workers: 8
[20.302s][debug][gc,phases      ] GC(101)     GC Worker Other (ms):     Min:  0.0, Avg:  0.0, Max:  0.0, Diff:  0.0, Sum:  0.1, Workers: 8
[20.302s][debug][gc,phases      ] GC(101)     GC Worker Total (ms):     Min:  0.0, Avg:  0.1, Max:  0.1, Diff:  0.1, Sum:  0.7, Workers: 8
[20.302s][info ][gc,phases      ] GC(101)   Post Evacuate Collection Set: 0.4ms
[20.302s][debug][gc,phases      ] GC(101)     Code Roots Fixup: 0.0ms
[20.302s][debug][gc,phases      ] GC(101)     Clear Card Table: 0.1ms
[20.302s][debug][gc,phases      ] GC(101)     Reference Processing: 0.0ms
[20.302s][debug][gc,phases,ref  ] GC(101)       Reconsider SoftReferences: 0.0ms
[20.302s][debug][gc,phases,ref  ] GC(101)         SoftRef (ms):             skipped
[20.302s][debug][gc,phases,ref  ] GC(101)       Notify Soft/WeakReferences: 0.0ms
[20.302s][debug][gc,phases,ref  ] GC(101)         SoftRef (ms):             skipped
[20.302s][debug][gc,phases,ref  ] GC(101)         WeakRef (ms):             skipped
[20.302s][debug][gc,phases,ref  ] GC(101)         FinalRef (ms):            skipped
[20.302s][debug][gc,phases,ref  ] GC(101)         Total (ms):               skipped
[20.302s][debug][gc,phases,ref  ] GC(101)       Notify and keep alive finalizable: 0.0ms
[20.302s][debug][gc,phases,ref  ] GC(101)         FinalRef (ms):            skipped
[20.302s][debug][gc,phases,ref  ] GC(101)       Notify PhantomReferences: 0.0ms
[20.302s][debug][gc,phases,ref  ] GC(101)         PhantomRef (ms):          skipped
[20.302s][debug][gc,phases,ref  ] GC(101)       SoftReference:
[20.302s][debug][gc,phases,ref  ] GC(101)         Discovered: 0
[20.302s][debug][gc,phases,ref  ] GC(101)         Cleared: 0
[20.302s][debug][gc,phases,ref  ] GC(101)       WeakReference:
[20.302s][debug][gc,phases,ref  ] GC(101)         Discovered: 0
[20.302s][debug][gc,phases,ref  ] GC(101)         Cleared: 0
[20.302s][debug][gc,phases,ref  ] GC(101)       FinalReference:
[20.302s][debug][gc,phases,ref  ] GC(101)         Discovered: 0
[20.302s][debug][gc,phases,ref  ] GC(101)         Cleared: 0
[20.302s][debug][gc,phases,ref  ] GC(101)       PhantomReference:
[20.302s][debug][gc,phases,ref  ] GC(101)         Discovered: 0
[20.302s][debug][gc,phases,ref  ] GC(101)         Cleared: 0
[20.302s][debug][gc,phases      ] GC(101)     Weak Processing: 0.1ms
[20.302s][debug][gc,phases      ] GC(101)       JVMTI weak processing: 0.0ms
[20.302s][debug][gc,phases      ] GC(101)         Dead: 0
[20.302s][debug][gc,phases      ] GC(101)         Total: 0
[20.302s][debug][gc,phases      ] GC(101)       JFR weak processing: 0.0ms
[20.302s][debug][gc,phases      ] GC(101)         Dead: 0
[20.302s][debug][gc,phases      ] GC(101)         Total: 0
[20.302s][debug][gc,phases      ] GC(101)       JNI weak                  Min:  0.0, Avg:  0.0, Max:  0.0, Diff:  0.0, Sum:  0.0, Workers: 5
[20.302s][debug][gc,phases      ] GC(101)         Dead                      Min: 0, Avg:  0.0, Max: 0, Diff: 0, Sum: 0, Workers: 5
[20.302s][debug][gc,phases      ] GC(101)         Total                     Min: 0, Avg: 13.4, Max: 52, Diff: 52, Sum: 67, Workers: 5
[20.302s][debug][gc,phases      ] GC(101)       VM weak                   Min:  0.0, Avg:  0.0, Max:  0.0, Diff:  0.0, Sum:  0.0, Workers: 5
[20.302s][debug][gc,phases      ] GC(101)         Dead                      Min: 0, Avg:  0.0, Max: 0, Diff: 0, Sum: 0, Workers: 5
[20.302s][debug][gc,phases      ] GC(101)         Total                     Min: 0, Avg: 47.6, Max: 128, Diff: 128, Sum: 238, Workers: 5
[20.302s][debug][gc,phases      ] GC(101)       StringTable weak          Min:  0.0, Avg:  0.0, Max:  0.0, Diff:  0.0, Sum:  0.1, Workers: 5
[20.302s][debug][gc,phases      ] GC(101)         Dead                      Min: 0, Avg:  0.0, Max: 0, Diff: 0, Sum: 0, Workers: 5
[20.302s][debug][gc,phases      ] GC(101)         Total                     Min: 0, Avg: 728.6, Max: 1787, Diff: 1787, Sum: 3643, Workers: 5
[20.302s][debug][gc,phases      ] GC(101)       ResolvedMethodTable weak  Min:  0.0, Avg:  0.0, Max:  0.0, Diff:  0.0, Sum:  0.0, Workers: 5
[20.302s][debug][gc,phases      ] GC(101)         Dead                      Min: 0, Avg:  0.0, Max: 0, Diff: 0, Sum: 0, Workers: 5
[20.302s][debug][gc,phases      ] GC(101)         Total                     Min: 0, Avg: 123.4, Max: 192, Diff: 192, Sum: 617, Workers: 5
[20.302s][debug][gc,phases      ] GC(101)     Merge Per-Thread State: 0.0ms
[20.302s][debug][gc,phases      ] GC(101)       Copied Bytes              Min: 0, Avg: 35.0, Max: 104, Diff: 104, Sum: 280, Workers: 8
[20.302s][debug][gc,phases      ] GC(101)       LAB Waste                 Min: 0, Avg:  0.0, Max: 0, Diff: 0, Sum: 0, Workers: 8
[20.302s][debug][gc,phases      ] GC(101)       LAB Undo Waste            Min: 0, Avg:  0.0, Max: 0, Diff: 0, Sum: 0, Workers: 8
[20.302s][debug][gc,phases      ] GC(101)     Code Roots Purge: 0.0ms
[20.302s][debug][gc,phases      ] GC(101)     Redirty Cards: 0.0ms
[20.302s][debug][gc,phases      ] GC(101)     DerivedPointerTable Update: 0.0ms
[20.302s][debug][gc,phases      ] GC(101)     Free Collection Set: 0.1ms
[20.302s][debug][gc,phases      ] GC(101)     Rebuild Free List: 0.0ms
[20.302s][debug][gc,phases      ] GC(101)     Humongous Reclaim: 0.0ms
[20.302s][debug][gc,phases      ] GC(101)     Start New Collection Set: 0.0ms
[20.302s][debug][gc,phases      ] GC(101)     Resize TLABs: 0.0ms
[20.302s][debug][gc,phases      ] GC(101)     Expand Heap After Collection: 0.0ms
[20.302s][info ][gc,phases      ] GC(101)   Other: 0.4ms
[20.302s][info ][gc,heap        ] GC(101) Eden regions: 177->0(177)
[20.302s][info ][gc,heap        ] GC(101) Survivor regions: 1->1(23)
[20.302s][info ][gc,heap        ] GC(101) Old regions: 7->7
[20.302s][info ][gc,heap        ] GC(101) Archive regions: 2->2
[20.302s][info ][gc,heap        ] GC(101) Humongous regions: 0->0
[20.302s][info ][gc,metaspace   ] GC(101) Metaspace: 10703K(11136K)->10703K(11136K) NonClass: 9440K(9728K)->9440K(9728K) Class: 1263K(1408K)->1263K(1408K)
[20.302s][debug][gc,heap        ] GC(101) Heap after GC invocations=102 (full 1): garbage-first heap   total 305152K, used 4434K [0x0000000700000000, 0x0000000800000000)
[20.302s][debug][gc,heap        ] GC(101)   region size 1024K, 1 young (1024K), 1 survivors (1024K)
[20.302s][debug][gc,heap        ] GC(101)  Metaspace       used 10703K, capacity 10992K, committed 11136K, reserved 1058816K
[20.302s][debug][gc,heap        ] GC(101)   class space    used 1263K, capacity 1389K, committed 1408K, reserved 1048576K
[20.302s][info ][gc             ] GC(101) Pause Young (Normal) (G1 Evacuation Pause) 181M->4M(298M) 1.530ms
[20.302s][info ][gc,cpu         ] GC(101) User=0.00s Sys=0.00s Real=0.00s
[20.302s][info ][safepoint      ] Safepoint "G1CollectForAllocation", Time since last: 166822837 ns, Reaching safepoint: 102874 ns, At safepoint: 1730313 ns, Total: 1833187 ns
[20.468s][debug][gc,heap        ] GC(102) Heap before GC invocations=102 (full 1): garbage-first heap   total 305152K, used 185682K [0x0000000700000000, 0x0000000800000000)
[20.468s][debug][gc,heap        ] GC(102)   region size 1024K, 178 young (182272K), 1 survivors (1024K)
[20.468s][debug][gc,heap        ] GC(102)  Metaspace       used 10703K, capacity 10992K, committed 11136K, reserved 1058816K
[20.468s][debug][gc,heap        ] GC(102)   class space    used 1263K, capacity 1389K, committed 1408K, reserved 1048576K
[20.468s][info ][gc,start       ] GC(102) Pause Young (Normal) (G1 Evacuation Pause)
[20.468s][info ][gc,task        ] GC(102) Using 8 workers of 8 for evacuation
[20.469s][debug][gc,tlab        ] GC(102) TLAB totals: thrds: 8  refills: 708 max: 92 slow allocs: 0 max 0 waste:  0.8% gc: 1163496B max: 303488B slow: 409224B max: 53480B fast: 0B max: 0B
[20.469s][debug][gc,age         ] GC(102) Desired survivor size 12058624 bytes, new threshold 15 (max threshold 15)
[20.469s][debug][gc,alloc,region] GC(102) Mutator Allocation stats, regions: 177, wasted size: 0B ( 0.0%)
[20.469s][debug][gc,ergo        ] GC(102) Running G1 Merge Heap Roots using 8 workers for 178 regions
[20.469s][debug][gc,remset      ] GC(102) Visited cards 256 Total dirty 2048 (12.50%) Total old 747520 (0.03%)
[20.469s][debug][gc,ergo        ] GC(102) Running G1 Clear Card Table Task using 1 workers for 1 units of work for 179 regions.
[20.469s][debug][gc,ref         ] GC(102) Skipped phase1 of Reference Processing due to unavailable references
[20.469s][debug][gc,ref         ] GC(102) Skipped phase2 of Reference Processing due to unavailable references
[20.469s][debug][gc,ref         ] GC(102) Skipped phase3 of Reference Processing due to unavailable references
[20.469s][debug][gc,ref         ] GC(102) Skipped phase4 of Reference Processing due to unavailable references
[20.469s][debug][gc,ergo        ] GC(102) Running G1 Free Collection Set using 8 workers for collection set length 178 (298)
[20.470s][debug][gc,ergo        ] GC(102) Running G1 Rebuild Free List Task using 8 workers for rebuilding free list of 0 (4096) regions
[20.470s][trace][gc,age         ] GC(102) Age table with threshold 15 (max threshold 15)
[20.470s][trace][gc,age         ] GC(102) - age   1:        256 bytes,        256 total
[20.470s][debug][gc,plab        ] GC(102) Young PLAB allocation: allocated: 10320B, wasted: 0B, unused: 10064B, used: 256B, undo waste: 0B, 
[20.470s][debug][gc,plab        ] GC(102) Young other allocation: region end waste: 0B, regions filled: 1, direct allocated: 0B, failure used: 0B, failure wasted: 0B
[20.470s][debug][gc,plab        ] GC(102) Young sizing: calculated: 48B, actual: 2064B
[20.470s][debug][gc,plab        ] GC(102) Old PLAB allocation: allocated: 0B, wasted: 0B, unused: 0B, used: 0B, undo waste: 0B, 
[20.470s][debug][gc,plab        ] GC(102) Old other allocation: region end waste: 0B, regions filled: 1, direct allocated: 0B, failure used: 0B, failure wasted: 0B
[20.470s][debug][gc,plab        ] GC(102) Old sizing: calculated: 0B, actual: 2064B
[20.470s][debug][gc,ihop        ] GC(102) Basic information (value update), threshold: 140614041B (45.00), target occupancy: 312475648B, current occupancy: 4545088B, recent allocation size: 0B, recent allocation duration: 166.71ms, recent old gen allocation rate: 0.00B/s, recent marking phase length: 0.00ms
[20.470s][debug][gc,ihop        ] GC(102) Adaptive IHOP information (value update), threshold: 140614041B (47.37), internal target occupancy: 296851865B, occupancy: 4545088B, additional buffer size: 186646528B, predicted old gen allocation rate: 9464.34B/s, predicted marking phase length: 0.00ms, prediction active: false
[20.470s][debug][gc,ergo,refine ] GC(102) Concurrent refinement times: Logged Cards Scan time goal: 20.00ms Logged Cards Scan time: 0.00ms HCC time: 0.00ms
[20.470s][debug][gc,ergo,refine ] GC(102) Updated Refinement Zones: green: 2048, yellow: 6144, red: 10240
[20.470s][info ][gc,phases      ] GC(102)   Pre Evacuate Collection Set: 0.1ms
[20.470s][debug][gc,phases      ] GC(102)     Prepare TLABs: 0.0ms
[20.470s][debug][gc,phases      ] GC(102)     Choose Collection Set: 0.0ms
[20.470s][debug][gc,phases      ] GC(102)     Region Register: 0.1ms
[20.470s][debug][gc,phases      ] GC(102)     Prepare Heap Roots: 0.0ms
[20.470s][info ][gc,phases      ] GC(102)   Merge Heap Roots: 0.2ms
[20.470s][debug][gc,phases      ] GC(102)     Prepare Merge Heap Roots: 0.0ms
[20.470s][debug][gc,phases      ] GC(102)     Eager Reclaim (ms):       skipped
[20.470s][debug][gc,phases      ] GC(102)     Remembered Sets (ms):     Min:  0.0, Avg:  0.0, Max:  0.0, Diff:  0.0, Sum:  0.2, Workers: 8
[20.470s][debug][gc,phases      ] GC(102)       Merged Sparse:            Min: 0, Avg:  0.0, Max: 0, Diff: 0, Sum: 0, Workers: 8
[20.470s][debug][gc,phases      ] GC(102)       Merged Fine:              Min: 0, Avg:  0.0, Max: 0, Diff: 0, Sum: 0, Workers: 8
[20.470s][debug][gc,phases      ] GC(102)       Merged Coarse:            Min: 0, Avg:  0.0, Max: 0, Diff: 0, Sum: 0, Workers: 8
[20.470s][debug][gc,phases      ] GC(102)       Dirty Cards:              Min: 0, Avg:  0.0, Max: 0, Diff: 0, Sum: 0, Workers: 8
[20.470s][debug][gc,phases      ] GC(102)     Hot Card Cache (ms):      Min:  0.0, Avg:  0.0, Max:  0.0, Diff:  0.0, Sum:  0.0, Workers: 8
[20.470s][debug][gc,phases      ] GC(102)       Dirty Cards:              Min: 0, Avg:  0.0, Max: 0, Diff: 0, Sum: 0, Workers: 8
[20.470s][debug][gc,phases      ] GC(102)       Skipped Cards:            Min: 0, Avg:  0.0, Max: 0, Diff: 0, Sum: 0, Workers: 8
[20.470s][debug][gc,phases      ] GC(102)     Log Buffers (ms):         Min:  0.0, Avg:  0.0, Max:  0.0, Diff:  0.0, Sum:  0.0, Workers: 8
[20.470s][debug][gc,phases      ] GC(102)       Dirty Cards:              Min: 0, Avg:  0.1, Max: 1, Diff: 1, Sum: 1, Workers: 8
[20.470s][debug][gc,phases      ] GC(102)       Skipped Cards:            Min: 0, Avg:  0.0, Max: 0, Diff: 0, Sum: 0, Workers: 8
[20.470s][info ][gc,phases      ] GC(102)   Evacuate Collection Set: 0.2ms
[20.470s][debug][gc,phases      ] GC(102)     Ext Root Scanning (ms):   Min:  0.0, Avg:  0.1, Max:  0.1, Diff:  0.1, Sum:  0.4, Workers: 8
[20.470s][debug][gc,phases      ] GC(102)     Scan Heap Roots (ms):     Min:  0.0, Avg:  0.0, Max:  0.0, Diff:  0.0, Sum:  0.0, Workers: 8
[20.470s][debug][gc,phases      ] GC(102)       Scanned Cards:            Min: 0, Avg:  0.1, Max: 1, Diff: 1, Sum: 1, Workers: 8
[20.470s][debug][gc,phases      ] GC(102)       Scanned Blocks:           Min: 0, Avg:  0.1, Max: 1, Diff: 1, Sum: 1, Workers: 8
[20.470s][debug][gc,phases      ] GC(102)       Claimed Chunks:           Min: 0, Avg:  0.1, Max: 1, Diff: 1, Sum: 1, Workers: 8
[20.470s][debug][gc,phases      ] GC(102)     Code Root Scan (ms):      Min:  0.0, Avg:  0.0, Max:  0.0, Diff:  0.0, Sum:  0.0, Workers: 8
[20.470s][debug][gc,phases      ] GC(102)     Object Copy (ms):         Min:  0.0, Avg:  0.0, Max:  0.0, Diff:  0.0, Sum:  0.0, Workers: 8
[20.470s][debug][gc,phases      ] GC(102)     Termination (ms):         Min:  0.0, Avg:  0.0, Max:  0.0, Diff:  0.0, Sum:  0.3, Workers: 8
[20.470s][debug][gc,phases      ] GC(102)       Termination Attempts:     Min: 1, Avg:  1.0, Max: 1, Diff: 0, Sum: 8, Workers: 8
[20.470s][debug][gc,phases      ] GC(102)     GC Worker Other (ms):     Min:  0.0, Avg:  0.0, Max:  0.0, Diff:  0.0, Sum:  0.2, Workers: 8
[20.470s][debug][gc,phases      ] GC(102)     GC Worker Total (ms):     Min:  0.1, Avg:  0.1, Max:  0.2, Diff:  0.1, Sum:  1.0, Workers: 8
[20.470s][info ][gc,phases      ] GC(102)   Post Evacuate Collection Set: 0.6ms
[20.470s][debug][gc,phases      ] GC(102)     Code Roots Fixup: 0.0ms
[20.470s][debug][gc,phases      ] GC(102)     Clear Card Table: 0.1ms
[20.470s][debug][gc,phases      ] GC(102)     Reference Processing: 0.0ms
[20.470s][debug][gc,phases,ref  ] GC(102)       Reconsider SoftReferences: 0.0ms
[20.470s][debug][gc,phases,ref  ] GC(102)         SoftRef (ms):             skipped
[20.470s][debug][gc,phases,ref  ] GC(102)       Notify Soft/WeakReferences: 0.0ms
[20.470s][debug][gc,phases,ref  ] GC(102)         SoftRef (ms):             skipped
[20.470s][debug][gc,phases,ref  ] GC(102)         WeakRef (ms):             skipped
[20.470s][debug][gc,phases,ref  ] GC(102)         FinalRef (ms):            skipped
[20.470s][debug][gc,phases,ref  ] GC(102)         Total (ms):               skipped
[20.470s][debug][gc,phases,ref  ] GC(102)       Notify and keep alive finalizable: 0.0ms
[20.470s][debug][gc,phases,ref  ] GC(102)         FinalRef (ms):            skipped
[20.470s][debug][gc,phases,ref  ] GC(102)       Notify PhantomReferences: 0.0ms
[20.470s][debug][gc,phases,ref  ] GC(102)         PhantomRef (ms):          skipped
[20.470s][debug][gc,phases,ref  ] GC(102)       SoftReference:
[20.470s][debug][gc,phases,ref  ] GC(102)         Discovered: 0
[20.470s][debug][gc,phases,ref  ] GC(102)         Cleared: 0
[20.470s][debug][gc,phases,ref  ] GC(102)       WeakReference:
[20.470s][debug][gc,phases,ref  ] GC(102)         Discovered: 0
[20.470s][debug][gc,phases,ref  ] GC(102)         Cleared: 0
[20.470s][debug][gc,phases,ref  ] GC(102)       FinalReference:
[20.470s][debug][gc,phases,ref  ] GC(102)         Discovered: 0
[20.470s][debug][gc,phases,ref  ] GC(102)         Cleared: 0
[20.470s][debug][gc,phases,ref  ] GC(102)       PhantomReference:
[20.470s][debug][gc,phases,ref  ] GC(102)         Discovered: 0
[20.470s][debug][gc,phases,ref  ] GC(102)         Cleared: 0
[20.470s][debug][gc,phases      ] GC(102)     Weak Processing: 0.2ms
[20.470s][debug][gc,phases      ] GC(102)       JVMTI weak processing: 0.0ms
[20.470s][debug][gc,phases      ] GC(102)         Dead: 0
[20.470s][debug][gc,phases      ] GC(102)         Total: 0
[20.470s][debug][gc,phases      ] GC(102)       JFR weak processing: 0.0ms
[20.470s][debug][gc,phases      ] GC(102)         Dead: 0
[20.470s][debug][gc,phases      ] GC(102)         Total: 0
[20.470s][debug][gc,phases      ] GC(102)       JNI weak                  Min:  0.0, Avg:  0.0, Max:  0.0, Diff:  0.0, Sum:  0.1, Workers: 5
[20.470s][debug][gc,phases      ] GC(102)         Dead                      Min: 0, Avg:  0.0, Max: 0, Diff: 0, Sum: 0, Workers: 5
[20.470s][debug][gc,phases      ] GC(102)         Total                     Min: 0, Avg: 13.4, Max: 52, Diff: 52, Sum: 67, Workers: 5
[20.470s][debug][gc,phases      ] GC(102)       VM weak                   Min:  0.0, Avg:  0.0, Max:  0.0, Diff:  0.0, Sum:  0.0, Workers: 5
[20.470s][debug][gc,phases      ] GC(102)         Dead                      Min: 0, Avg:  0.0, Max: 0, Diff: 0, Sum: 0, Workers: 5
[20.470s][debug][gc,phases      ] GC(102)         Total                     Min: 0, Avg: 47.6, Max: 128, Diff: 128, Sum: 238, Workers: 5
[20.470s][debug][gc,phases      ] GC(102)       StringTable weak          Min:  0.0, Avg:  0.0, Max:  0.0, Diff:  0.0, Sum:  0.1, Workers: 5
[20.470s][debug][gc,phases      ] GC(102)         Dead                      Min: 0, Avg:  0.0, Max: 0, Diff: 0, Sum: 0, Workers: 5
[20.470s][debug][gc,phases      ] GC(102)         Total                     Min: 0, Avg: 728.6, Max: 1853, Diff: 1853, Sum: 3643, Workers: 5
[20.470s][debug][gc,phases      ] GC(102)       ResolvedMethodTable weak  Min:  0.0, Avg:  0.0, Max:  0.0, Diff:  0.0, Sum:  0.1, Workers: 5
[20.470s][debug][gc,phases      ] GC(102)         Dead                      Min: 0, Avg:  0.0, Max: 0, Diff: 0, Sum: 0, Workers: 5
[20.470s][debug][gc,phases      ] GC(102)         Total                     Min: 0, Avg: 123.4, Max: 256, Diff: 256, Sum: 617, Workers: 5
[20.470s][debug][gc,phases      ] GC(102)     Merge Per-Thread State: 0.0ms
[20.470s][debug][gc,phases      ] GC(102)       Copied Bytes              Min: 0, Avg: 32.0, Max: 104, Diff: 104, Sum: 256, Workers: 8
[20.470s][debug][gc,phases      ] GC(102)       LAB Waste                 Min: 0, Avg:  0.0, Max: 0, Diff: 0, Sum: 0, Workers: 8
[20.470s][debug][gc,phases      ] GC(102)       LAB Undo Waste            Min: 0, Avg:  0.0, Max: 0, Diff: 0, Sum: 0, Workers: 8
[20.470s][debug][gc,phases      ] GC(102)     Code Roots Purge: 0.0ms
[20.470s][debug][gc,phases      ] GC(102)     Redirty Cards: 0.0ms
[20.470s][debug][gc,phases      ] GC(102)     DerivedPointerTable Update: 0.0ms
[20.470s][debug][gc,phases      ] GC(102)     Free Collection Set: 0.2ms
[20.470s][debug][gc,phases      ] GC(102)     Rebuild Free List: 0.1ms
[20.470s][debug][gc,phases      ] GC(102)     Humongous Reclaim: 0.0ms
[20.470s][debug][gc,phases      ] GC(102)     Start New Collection Set: 0.0ms
[20.470s][debug][gc,phases      ] GC(102)     Resize TLABs: 0.0ms
[20.470s][debug][gc,phases      ] GC(102)     Expand Heap After Collection: 0.0ms
[20.470s][info ][gc,phases      ] GC(102)   Other: 0.3ms
[20.470s][info ][gc,heap        ] GC(102) Eden regions: 177->0(177)
[20.470s][info ][gc,heap        ] GC(102) Survivor regions: 1->1(23)
[20.470s][info ][gc,heap        ] GC(102) Old regions: 7->7
[20.470s][info ][gc,heap        ] GC(102) Archive regions: 2->2
[20.470s][info ][gc,heap        ] GC(102) Humongous regions: 0->0
[20.470s][info ][gc,metaspace   ] GC(102) Metaspace: 10703K(11136K)->10703K(11136K) NonClass: 9440K(9728K)->9440K(9728K) Class: 1263K(1408K)->1263K(1408K)
[20.470s][debug][gc,heap        ] GC(102) Heap after GC invocations=103 (full 1): garbage-first heap   total 305152K, used 4438K [0x0000000700000000, 0x0000000800000000)
[20.470s][debug][gc,heap        ] GC(102)   region size 1024K, 1 young (1024K), 1 survivors (1024K)
[20.470s][debug][gc,heap        ] GC(102)  Metaspace       used 10703K, capacity 10992K, committed 11136K, reserved 1058816K
[20.470s][debug][gc,heap        ] GC(102)   class space    used 1263K, capacity 1389K, committed 1408K, reserved 1048576K
[20.470s][info ][gc             ] GC(102) Pause Young (Normal) (G1 Evacuation Pause) 181M->4M(298M) 1.811ms
[20.470s][info ][gc,cpu         ] GC(102) User=0.01s Sys=0.00s Real=0.00s
[20.470s][info ][safepoint      ] Safepoint "G1CollectForAllocation", Time since last: 165797644 ns, Reaching safepoint: 104330 ns, At safepoint: 1981363 ns, Total: 2085693 ns
[20.622s][debug][gc,heap        ] GC(103) Heap before GC invocations=103 (full 1): garbage-first heap   total 305152K, used 185686K [0x0000000700000000, 0x0000000800000000)
[20.622s][debug][gc,heap        ] GC(103)   region size 1024K, 178 young (182272K), 1 survivors (1024K)
[20.622s][debug][gc,heap        ] GC(103)  Metaspace       used 10703K, capacity 10992K, committed 11136K, reserved 1058816K
[20.622s][debug][gc,heap        ] GC(103)   class space    used 1263K, capacity 1389K, committed 1408K, reserved 1048576K
[20.622s][info ][gc,start       ] GC(103) Pause Young (Normal) (G1 Evacuation Pause)
[20.622s][info ][gc,task        ] GC(103) Using 8 workers of 8 for evacuation
[20.622s][debug][gc,tlab        ] GC(103) TLAB totals: thrds: 8  refills: 711 max: 102 slow allocs: 0 max 0 waste:  1.2% gc: 1758544B max: 441224B slow: 411480B max: 59312B fast: 0B max: 0B
[20.622s][debug][gc,age         ] GC(103) Desired survivor size 12058624 bytes, new threshold 15 (max threshold 15)
[20.622s][debug][gc,alloc,region] GC(103) Mutator Allocation stats, regions: 177, wasted size: 0B ( 0.0%)
[20.622s][debug][gc,ergo        ] GC(103) Running G1 Merge Heap Roots using 8 workers for 178 regions
[20.622s][debug][gc,remset      ] GC(103) Visited cards 256 Total dirty 2048 (12.50%) Total old 747520 (0.03%)
[20.622s][debug][gc,ergo        ] GC(103) Running G1 Clear Card Table Task using 1 workers for 1 units of work for 179 regions.
[20.622s][debug][gc,ref         ] GC(103) Skipped phase1 of Reference Processing due to unavailable references
[20.622s][debug][gc,ref         ] GC(103) Skipped phase2 of Reference Processing due to unavailable references
[20.622s][debug][gc,ref         ] GC(103) Skipped phase3 of Reference Processing due to unavailable references
[20.622s][debug][gc,ref         ] GC(103) Skipped phase4 of Reference Processing due to unavailable references
[20.622s][debug][gc,ergo        ] GC(103) Running G1 Free Collection Set using 8 workers for collection set length 178 (298)
[20.623s][debug][gc,ergo        ] GC(103) Running G1 Rebuild Free List Task using 8 workers for rebuilding free list of 0 (4096) regions
[20.623s][trace][gc,age         ] GC(103) Age table with threshold 15 (max threshold 15)
[20.623s][trace][gc,age         ] GC(103) - age   1:        496 bytes,        496 total
[20.623s][debug][gc,plab        ] GC(103) Young PLAB allocation: allocated: 10320B, wasted: 0B, unused: 9824B, used: 496B, undo waste: 0B, 
[20.623s][debug][gc,plab        ] GC(103) Young other allocation: region end waste: 0B, regions filled: 1, direct allocated: 0B, failure used: 0B, failure wasted: 0B
[20.623s][debug][gc,plab        ] GC(103) Young sizing: calculated: 96B, actual: 2064B
[20.623s][debug][gc,plab        ] GC(103) Old PLAB allocation: allocated: 0B, wasted: 0B, unused: 0B, used: 0B, undo waste: 0B, 
[20.623s][debug][gc,plab        ] GC(103) Old other allocation: region end waste: 0B, regions filled: 1, direct allocated: 0B, failure used: 0B, failure wasted: 0B
[20.623s][debug][gc,plab        ] GC(103) Old sizing: calculated: 0B, actual: 2064B
[20.623s][debug][gc,ihop        ] GC(103) Basic information (value update), threshold: 140614041B (45.00), target occupancy: 312475648B, current occupancy: 4545088B, recent allocation size: 0B, recent allocation duration: 152.11ms, recent old gen allocation rate: 0.00B/s, recent marking phase length: 0.00ms
[20.623s][debug][gc,ihop        ] GC(103) Adaptive IHOP information (value update), threshold: 140614041B (47.37), internal target occupancy: 296851865B, occupancy: 4545088B, additional buffer size: 186646528B, predicted old gen allocation rate: 9197.90B/s, predicted marking phase length: 0.00ms, prediction active: false
[20.623s][debug][gc,ergo,refine ] GC(103) Concurrent refinement times: Logged Cards Scan time goal: 20.00ms Logged Cards Scan time: 0.00ms HCC time: 0.00ms
[20.623s][debug][gc,ergo,refine ] GC(103) Updated Refinement Zones: green: 2048, yellow: 6144, red: 10240
[20.623s][info ][gc,phases      ] GC(103)   Pre Evacuate Collection Set: 0.1ms
[20.623s][debug][gc,phases      ] GC(103)     Prepare TLABs: 0.0ms
[20.623s][debug][gc,phases      ] GC(103)     Choose Collection Set: 0.0ms
[20.623s][debug][gc,phases      ] GC(103)     Region Register: 0.1ms
[20.623s][debug][gc,phases      ] GC(103)     Prepare Heap Roots: 0.0ms
[20.623s][info ][gc,phases      ] GC(103)   Merge Heap Roots: 0.2ms
[20.623s][debug][gc,phases      ] GC(103)     Prepare Merge Heap Roots: 0.0ms
[20.623s][debug][gc,phases      ] GC(103)     Eager Reclaim (ms):       skipped
[20.623s][debug][gc,phases      ] GC(103)     Remembered Sets (ms):     Min:  0.0, Avg:  0.0, Max:  0.0, Diff:  0.0, Sum:  0.0, Workers: 8
[20.623s][debug][gc,phases      ] GC(103)       Merged Sparse:            Min: 0, Avg:  0.0, Max: 0, Diff: 0, Sum: 0, Workers: 8
[20.623s][debug][gc,phases      ] GC(103)       Merged Fine:              Min: 0, Avg:  0.0, Max: 0, Diff: 0, Sum: 0, Workers: 8
[20.623s][debug][gc,phases      ] GC(103)       Merged Coarse:            Min: 0, Avg:  0.0, Max: 0, Diff: 0, Sum: 0, Workers: 8
[20.623s][debug][gc,phases      ] GC(103)       Dirty Cards:              Min: 0, Avg:  0.0, Max: 0, Diff: 0, Sum: 0, Workers: 8
[20.623s][debug][gc,phases      ] GC(103)     Hot Card Cache (ms):      Min:  0.0, Avg:  0.0, Max:  0.0, Diff:  0.0, Sum:  0.0, Workers: 8
[20.623s][debug][gc,phases      ] GC(103)       Dirty Cards:              Min: 0, Avg:  0.0, Max: 0, Diff: 0, Sum: 0, Workers: 8
[20.623s][debug][gc,phases      ] GC(103)       Skipped Cards:            Min: 0, Avg:  0.0, Max: 0, Diff: 0, Sum: 0, Workers: 8
[20.623s][debug][gc,phases      ] GC(103)     Log Buffers (ms):         Min:  0.0, Avg:  0.0, Max:  0.0, Diff:  0.0, Sum:  0.0, Workers: 8
[20.623s][debug][gc,phases      ] GC(103)       Dirty Cards:              Min: 0, Avg:  0.1, Max: 1, Diff: 1, Sum: 1, Workers: 8
[20.623s][debug][gc,phases      ] GC(103)       Skipped Cards:            Min: 0, Avg:  0.0, Max: 0, Diff: 0, Sum: 0, Workers: 8
[20.623s][info ][gc,phases      ] GC(103)   Evacuate Collection Set: 0.2ms
[20.623s][debug][gc,phases      ] GC(103)     Ext Root Scanning (ms):   Min:  0.0, Avg:  0.0, Max:  0.1, Diff:  0.1, Sum:  0.4, Workers: 8
[20.623s][debug][gc,phases      ] GC(103)     Scan Heap Roots (ms):     Min:  0.0, Avg:  0.0, Max:  0.0, Diff:  0.0, Sum:  0.0, Workers: 8
[20.623s][debug][gc,phases      ] GC(103)       Scanned Cards:            Min: 0, Avg:  0.1, Max: 1, Diff: 1, Sum: 1, Workers: 8
[20.623s][debug][gc,phases      ] GC(103)       Scanned Blocks:           Min: 0, Avg:  0.1, Max: 1, Diff: 1, Sum: 1, Workers: 8
[20.623s][debug][gc,phases      ] GC(103)       Claimed Chunks:           Min: 0, Avg:  0.1, Max: 1, Diff: 1, Sum: 1, Workers: 8
[20.623s][debug][gc,phases      ] GC(103)     Code Root Scan (ms):      Min:  0.0, Avg:  0.0, Max:  0.0, Diff:  0.0, Sum:  0.0, Workers: 8
[20.623s][debug][gc,phases      ] GC(103)     Object Copy (ms):         Min:  0.0, Avg:  0.0, Max:  0.0, Diff:  0.0, Sum:  0.0, Workers: 8
[20.623s][debug][gc,phases      ] GC(103)     Termination (ms):         Min:  0.0, Avg:  0.0, Max:  0.1, Diff:  0.0, Sum:  0.4, Workers: 8
[20.623s][debug][gc,phases      ] GC(103)       Termination Attempts:     Min: 1, Avg:  1.0, Max: 1, Diff: 0, Sum: 8, Workers: 8
[20.623s][debug][gc,phases      ] GC(103)     GC Worker Other (ms):     Min:  0.0, Avg:  0.0, Max:  0.0, Diff:  0.0, Sum:  0.2, Workers: 8
[20.623s][debug][gc,phases      ] GC(103)     GC Worker Total (ms):     Min:  0.0, Avg:  0.1, Max:  0.2, Diff:  0.1, Sum:  0.9, Workers: 8
[20.623s][info ][gc,phases      ] GC(103)   Post Evacuate Collection Set: 0.3ms
[20.623s][debug][gc,phases      ] GC(103)     Code Roots Fixup: 0.0ms
[20.623s][debug][gc,phases      ] GC(103)     Clear Card Table: 0.1ms
[20.623s][debug][gc,phases      ] GC(103)     Reference Processing: 0.0ms
[20.623s][debug][gc,phases,ref  ] GC(103)       Reconsider SoftReferences: 0.0ms
[20.623s][debug][gc,phases,ref  ] GC(103)         SoftRef (ms):             skipped
[20.623s][debug][gc,phases,ref  ] GC(103)       Notify Soft/WeakReferences: 0.0ms
[20.623s][debug][gc,phases,ref  ] GC(103)         SoftRef (ms):             skipped
[20.623s][debug][gc,phases,ref  ] GC(103)         WeakRef (ms):             skipped
[20.623s][debug][gc,phases,ref  ] GC(103)         FinalRef (ms):            skipped
[20.623s][debug][gc,phases,ref  ] GC(103)         Total (ms):               skipped
[20.623s][debug][gc,phases,ref  ] GC(103)       Notify and keep alive finalizable: 0.0ms
[20.623s][debug][gc,phases,ref  ] GC(103)         FinalRef (ms):            skipped
[20.623s][debug][gc,phases,ref  ] GC(103)       Notify PhantomReferences: 0.0ms
[20.623s][debug][gc,phases,ref  ] GC(103)         PhantomRef (ms):          skipped
[20.623s][debug][gc,phases,ref  ] GC(103)       SoftReference:
[20.623s][debug][gc,phases,ref  ] GC(103)         Discovered: 0
[20.623s][debug][gc,phases,ref  ] GC(103)         Cleared: 0
[20.623s][debug][gc,phases,ref  ] GC(103)       WeakReference:
[20.623s][debug][gc,phases,ref  ] GC(103)         Discovered: 0
[20.623s][debug][gc,phases,ref  ] GC(103)         Cleared: 0
[20.623s][debug][gc,phases,ref  ] GC(103)       FinalReference:
[20.623s][debug][gc,phases,ref  ] GC(103)         Discovered: 0
[20.623s][debug][gc,phases,ref  ] GC(103)         Cleared: 0
[20.623s][debug][gc,phases,ref  ] GC(103)       PhantomReference:
[20.623s][debug][gc,phases,ref  ] GC(103)         Discovered: 0
[20.623s][debug][gc,phases,ref  ] GC(103)         Cleared: 0
[20.623s][debug][gc,phases      ] GC(103)     Weak Processing: 0.1ms
[20.623s][debug][gc,phases      ] GC(103)       JVMTI weak processing: 0.0ms
[20.623s][debug][gc,phases      ] GC(103)         Dead: 0
[20.623s][debug][gc,phases      ] GC(103)         Total: 0
[20.623s][debug][gc,phases      ] GC(103)       JFR weak processing: 0.0ms
[20.623s][debug][gc,phases      ] GC(103)         Dead: 0
[20.623s][debug][gc,phases      ] GC(103)         Total: 0
[20.623s][debug][gc,phases      ] GC(103)       JNI weak                  Min:  0.0, Avg:  0.0, Max:  0.0, Diff:  0.0, Sum:  0.0, Workers: 5
[20.623s][debug][gc,phases      ] GC(103)         Dead                      Min: 0, Avg:  0.0, Max: 0, Diff: 0, Sum: 0, Workers: 5
[20.623s][debug][gc,phases      ] GC(103)         Total                     Min: 0, Avg: 13.4, Max: 52, Diff: 52, Sum: 67, Workers: 5
[20.623s][debug][gc,phases      ] GC(103)       VM weak                   Min:  0.0, Avg:  0.0, Max:  0.0, Diff:  0.0, Sum:  0.0, Workers: 5
[20.623s][debug][gc,phases      ] GC(103)         Dead                      Min: 0, Avg:  0.0, Max: 0, Diff: 0, Sum: 0, Workers: 5
[20.623s][debug][gc,phases      ] GC(103)         Total                     Min: 0, Avg: 47.6, Max: 64, Diff: 64, Sum: 238, Workers: 5
[20.623s][debug][gc,phases      ] GC(103)       StringTable weak          Min:  0.0, Avg:  0.0, Max:  0.0, Diff:  0.0, Sum:  0.1, Workers: 5
[20.623s][debug][gc,phases      ] GC(103)         Dead                      Min: 0, Avg:  0.0, Max: 0, Diff: 0, Sum: 0, Workers: 5
[20.623s][debug][gc,phases      ] GC(103)         Total                     Min: 61, Avg: 728.6, Max: 958, Diff: 897, Sum: 3643, Workers: 5
[20.623s][debug][gc,phases      ] GC(103)       ResolvedMethodTable weak  Min:  0.0, Avg:  0.0, Max:  0.0, Diff:  0.0, Sum:  0.0, Workers: 5
[20.623s][debug][gc,phases      ] GC(103)         Dead                      Min: 0, Avg:  0.0, Max: 0, Diff: 0, Sum: 0, Workers: 5
[20.623s][debug][gc,phases      ] GC(103)         Total                     Min: 64, Avg: 123.4, Max: 192, Diff: 128, Sum: 617, Workers: 5
[20.623s][debug][gc,phases      ] GC(103)     Merge Per-Thread State: 0.0ms
[20.623s][debug][gc,phases      ] GC(103)       Copied Bytes              Min: 0, Avg: 62.0, Max: 128, Diff: 128, Sum: 496, Workers: 8
[20.623s][debug][gc,phases      ] GC(103)       LAB Waste                 Min: 0, Avg:  0.0, Max: 0, Diff: 0, Sum: 0, Workers: 8
[20.623s][debug][gc,phases      ] GC(103)       LAB Undo Waste            Min: 0, Avg:  0.0, Max: 0, Diff: 0, Sum: 0, Workers: 8
[20.623s][debug][gc,phases      ] GC(103)     Code Roots Purge: 0.0ms
[20.623s][debug][gc,phases      ] GC(103)     Redirty Cards: 0.0ms
[20.623s][debug][gc,phases      ] GC(103)     DerivedPointerTable Update: 0.0ms
[20.623s][debug][gc,phases      ] GC(103)     Free Collection Set: 0.1ms
[20.623s][debug][gc,phases      ] GC(103)     Rebuild Free List: 0.0ms
[20.623s][debug][gc,phases      ] GC(103)     Humongous Reclaim: 0.0ms
[20.623s][debug][gc,phases      ] GC(103)     Start New Collection Set: 0.0ms
[20.623s][debug][gc,phases      ] GC(103)     Resize TLABs: 0.0ms
[20.623s][debug][gc,phases      ] GC(103)     Expand Heap After Collection: 0.0ms
[20.623s][info ][gc,phases      ] GC(103)   Other: 0.3ms
[20.623s][info ][gc,heap        ] GC(103) Eden regions: 177->0(177)
[20.623s][info ][gc,heap        ] GC(103) Survivor regions: 1->1(23)
[20.623s][info ][gc,heap        ] GC(103) Old regions: 7->7
[20.623s][info ][gc,heap        ] GC(103) Archive regions: 2->2
[20.623s][info ][gc,heap        ] GC(103) Humongous regions: 0->0
[20.623s][info ][gc,metaspace   ] GC(103) Metaspace: 10703K(11136K)->10703K(11136K) NonClass: 9440K(9728K)->9440K(9728K) Class: 1263K(1408K)->1263K(1408K)
[20.623s][debug][gc,heap        ] GC(103) Heap after GC invocations=104 (full 1): garbage-first heap   total 305152K, used 4438K [0x0000000700000000, 0x0000000800000000)
[20.623s][debug][gc,heap        ] GC(103)   region size 1024K, 1 young (1024K), 1 survivors (1024K)
[20.623s][debug][gc,heap        ] GC(103)  Metaspace       used 10703K, capacity 10992K, committed 11136K, reserved 1058816K
[20.623s][debug][gc,heap        ] GC(103)   class space    used 1263K, capacity 1389K, committed 1408K, reserved 1048576K
[20.623s][info ][gc             ] GC(103) Pause Young (Normal) (G1 Evacuation Pause) 181M->4M(298M) 1.516ms
[20.623s][info ][gc,cpu         ] GC(103) User=0.01s Sys=0.01s Real=0.00s
[20.623s][info ][safepoint      ] Safepoint "G1CollectForAllocation", Time since last: 151175658 ns, Reaching safepoint: 96301 ns, At safepoint: 1680427 ns, Total: 1776728 ns
[20.780s][debug][gc,heap        ] GC(104) Heap before GC invocations=104 (full 1): garbage-first heap   total 305152K, used 185686K [0x0000000700000000, 0x0000000800000000)
[20.780s][debug][gc,heap        ] GC(104)   region size 1024K, 178 young (182272K), 1 survivors (1024K)
[20.780s][debug][gc,heap        ] GC(104)  Metaspace       used 10703K, capacity 10992K, committed 11136K, reserved 1058816K
[20.780s][debug][gc,heap        ] GC(104)   class space    used 1263K, capacity 1389K, committed 1408K, reserved 1048576K
[20.780s][info ][gc,start       ] GC(104) Pause Young (Normal) (G1 Evacuation Pause)
[20.780s][info ][gc,task        ] GC(104) Using 8 workers of 8 for evacuation
[20.780s][debug][gc,tlab        ] GC(104) TLAB totals: thrds: 8  refills: 714 max: 97 slow allocs: 0 max 0 waste:  0.7% gc: 885936B max: 371576B slow: 415016B max: 56576B fast: 0B max: 0B
[20.780s][debug][gc,age         ] GC(104) Desired survivor size 12058624 bytes, new threshold 15 (max threshold 15)
[20.780s][debug][gc,alloc,region] GC(104) Mutator Allocation stats, regions: 177, wasted size: 0B ( 0.0%)
[20.781s][debug][gc,ergo        ] GC(104) Running G1 Merge Heap Roots using 8 workers for 178 regions
[20.781s][debug][gc,remset      ] GC(104) Visited cards 256 Total dirty 2048 (12.50%) Total old 747520 (0.03%)
[20.781s][debug][gc,ergo        ] GC(104) Running G1 Clear Card Table Task using 1 workers for 1 units of work for 179 regions.
[20.781s][debug][gc,ref         ] GC(104) Skipped phase1 of Reference Processing due to unavailable references
[20.781s][debug][gc,ref         ] GC(104) Skipped phase2 of Reference Processing due to unavailable references
[20.781s][debug][gc,ref         ] GC(104) Skipped phase3 of Reference Processing due to unavailable references
[20.781s][debug][gc,ref         ] GC(104) Skipped phase4 of Reference Processing due to unavailable references
[20.781s][debug][gc,ergo        ] GC(104) Running G1 Free Collection Set using 8 workers for collection set length 178 (298)
[20.781s][debug][gc,ergo        ] GC(104) Running G1 Rebuild Free List Task using 8 workers for rebuilding free list of 0 (4096) regions
[20.781s][trace][gc,age         ] GC(104) Age table with threshold 15 (max threshold 15)
[20.781s][trace][gc,age         ] GC(104) - age   1:        520 bytes,        520 total
[20.781s][debug][gc,plab        ] GC(104) Young PLAB allocation: allocated: 12384B, wasted: 0B, unused: 11864B, used: 520B, undo waste: 0B, 
[20.781s][debug][gc,plab        ] GC(104) Young other allocation: region end waste: 0B, regions filled: 1, direct allocated: 0B, failure used: 0B, failure wasted: 0B
[20.781s][debug][gc,plab        ] GC(104) Young sizing: calculated: 104B, actual: 2064B
[20.781s][debug][gc,plab        ] GC(104) Old PLAB allocation: allocated: 0B, wasted: 0B, unused: 0B, used: 0B, undo waste: 0B, 
[20.781s][debug][gc,plab        ] GC(104) Old other allocation: region end waste: 0B, regions filled: 1, direct allocated: 0B, failure used: 0B, failure wasted: 0B
[20.781s][debug][gc,plab        ] GC(104) Old sizing: calculated: 0B, actual: 2064B
[20.781s][debug][gc,ihop        ] GC(104) Basic information (value update), threshold: 140614041B (45.00), target occupancy: 312475648B, current occupancy: 4547152B, recent allocation size: 0B, recent allocation duration: 157.75ms, recent old gen allocation rate: 0.00B/s, recent marking phase length: 0.00ms
[20.781s][debug][gc,ihop        ] GC(104) Adaptive IHOP information (value update), threshold: 140614041B (47.37), internal target occupancy: 296851865B, occupancy: 4547152B, additional buffer size: 186646528B, predicted old gen allocation rate: 8939.53B/s, predicted marking phase length: 0.00ms, prediction active: false
[20.781s][debug][gc,ergo,refine ] GC(104) Concurrent refinement times: Logged Cards Scan time goal: 20.00ms Logged Cards Scan time: 0.00ms HCC time: 0.00ms
[20.781s][debug][gc,ergo,refine ] GC(104) Updated Refinement Zones: green: 2048, yellow: 6144, red: 10240
[20.781s][info ][gc,phases      ] GC(104)   Pre Evacuate Collection Set: 0.1ms
[20.781s][debug][gc,phases      ] GC(104)     Prepare TLABs: 0.0ms
[20.781s][debug][gc,phases      ] GC(104)     Choose Collection Set: 0.0ms
[20.781s][debug][gc,phases      ] GC(104)     Region Register: 0.1ms
[20.781s][debug][gc,phases      ] GC(104)     Prepare Heap Roots: 0.0ms
[20.781s][info ][gc,phases      ] GC(104)   Merge Heap Roots: 0.1ms
[20.781s][debug][gc,phases      ] GC(104)     Prepare Merge Heap Roots: 0.0ms
[20.781s][debug][gc,phases      ] GC(104)     Eager Reclaim (ms):       skipped
[20.781s][debug][gc,phases      ] GC(104)     Remembered Sets (ms):     Min:  0.0, Avg:  0.0, Max:  0.0, Diff:  0.0, Sum:  0.0, Workers: 8
[20.781s][debug][gc,phases      ] GC(104)       Merged Sparse:            Min: 0, Avg:  0.0, Max: 0, Diff: 0, Sum: 0, Workers: 8
[20.781s][debug][gc,phases      ] GC(104)       Merged Fine:              Min: 0, Avg:  0.0, Max: 0, Diff: 0, Sum: 0, Workers: 8
[20.781s][debug][gc,phases      ] GC(104)       Merged Coarse:            Min: 0, Avg:  0.0, Max: 0, Diff: 0, Sum: 0, Workers: 8
[20.781s][debug][gc,phases      ] GC(104)       Dirty Cards:              Min: 0, Avg:  0.0, Max: 0, Diff: 0, Sum: 0, Workers: 8
[20.781s][debug][gc,phases      ] GC(104)     Hot Card Cache (ms):      Min:  0.0, Avg:  0.0, Max:  0.0, Diff:  0.0, Sum:  0.0, Workers: 8
[20.781s][debug][gc,phases      ] GC(104)       Dirty Cards:              Min: 0, Avg:  0.0, Max: 0, Diff: 0, Sum: 0, Workers: 8
[20.781s][debug][gc,phases      ] GC(104)       Skipped Cards:            Min: 0, Avg:  0.0, Max: 0, Diff: 0, Sum: 0, Workers: 8
[20.781s][debug][gc,phases      ] GC(104)     Log Buffers (ms):         Min:  0.0, Avg:  0.0, Max:  0.0, Diff:  0.0, Sum:  0.0, Workers: 8
[20.781s][debug][gc,phases      ] GC(104)       Dirty Cards:              Min: 0, Avg:  0.1, Max: 1, Diff: 1, Sum: 1, Workers: 8
[20.781s][debug][gc,phases      ] GC(104)       Skipped Cards:            Min: 0, Avg:  0.0, Max: 0, Diff: 0, Sum: 0, Workers: 8
[20.781s][info ][gc,phases      ] GC(104)   Evacuate Collection Set: 0.2ms
[20.781s][debug][gc,phases      ] GC(104)     Ext Root Scanning (ms):   Min:  0.0, Avg:  0.0, Max:  0.1, Diff:  0.1, Sum:  0.2, Workers: 8
[20.781s][debug][gc,phases      ] GC(104)     Scan Heap Roots (ms):     Min:  0.0, Avg:  0.0, Max:  0.0, Diff:  0.0, Sum:  0.0, Workers: 8
[20.781s][debug][gc,phases      ] GC(104)       Scanned Cards:            Min: 0, Avg:  0.1, Max: 1, Diff: 1, Sum: 1, Workers: 8
[20.781s][debug][gc,phases      ] GC(104)       Scanned Blocks:           Min: 0, Avg:  0.1, Max: 1, Diff: 1, Sum: 1, Workers: 8
[20.781s][debug][gc,phases      ] GC(104)       Claimed Chunks:           Min: 0, Avg:  0.1, Max: 1, Diff: 1, Sum: 1, Workers: 8
[20.781s][debug][gc,phases      ] GC(104)     Code Root Scan (ms):      Min:  0.0, Avg:  0.0, Max:  0.0, Diff:  0.0, Sum:  0.0, Workers: 8
[20.781s][debug][gc,phases      ] GC(104)     Object Copy (ms):         Min:  0.0, Avg:  0.0, Max:  0.0, Diff:  0.0, Sum:  0.0, Workers: 8
[20.781s][debug][gc,phases      ] GC(104)     Termination (ms):         Min:  0.1, Avg:  0.1, Max:  0.1, Diff:  0.0, Sum:  0.6, Workers: 8
[20.781s][debug][gc,phases      ] GC(104)       Termination Attempts:     Min: 1, Avg:  1.0, Max: 1, Diff: 0, Sum: 8, Workers: 8
[20.781s][debug][gc,phases      ] GC(104)     GC Worker Other (ms):     Min:  0.0, Avg:  0.0, Max:  0.0, Diff:  0.0, Sum:  0.1, Workers: 8
[20.781s][debug][gc,phases      ] GC(104)     GC Worker Total (ms):     Min:  0.1, Avg:  0.1, Max:  0.2, Diff:  0.0, Sum:  1.0, Workers: 8
[20.781s][info ][gc,phases      ] GC(104)   Post Evacuate Collection Set: 0.4ms
[20.781s][debug][gc,phases      ] GC(104)     Code Roots Fixup: 0.0ms
[20.781s][debug][gc,phases      ] GC(104)     Clear Card Table: 0.1ms
[20.781s][debug][gc,phases      ] GC(104)     Reference Processing: 0.0ms
[20.782s][debug][gc,phases,ref  ] GC(104)       Reconsider SoftReferences: 0.0ms
[20.782s][debug][gc,phases,ref  ] GC(104)         SoftRef (ms):             skipped
[20.782s][debug][gc,phases,ref  ] GC(104)       Notify Soft/WeakReferences: 0.0ms
[20.782s][debug][gc,phases,ref  ] GC(104)         SoftRef (ms):             skipped
[20.782s][debug][gc,phases,ref  ] GC(104)         WeakRef (ms):             skipped
[20.782s][debug][gc,phases,ref  ] GC(104)         FinalRef (ms):            skipped
[20.782s][debug][gc,phases,ref  ] GC(104)         Total (ms):               skipped
[20.782s][debug][gc,phases,ref  ] GC(104)       Notify and keep alive finalizable: 0.0ms
[20.782s][debug][gc,phases,ref  ] GC(104)         FinalRef (ms):            skipped
[20.782s][debug][gc,phases,ref  ] GC(104)       Notify PhantomReferences: 0.0ms
[20.782s][debug][gc,phases,ref  ] GC(104)         PhantomRef (ms):          skipped
[20.782s][debug][gc,phases,ref  ] GC(104)       SoftReference:
[20.782s][debug][gc,phases,ref  ] GC(104)         Discovered: 0
[20.782s][debug][gc,phases,ref  ] GC(104)         Cleared: 0
[20.782s][debug][gc,phases,ref  ] GC(104)       WeakReference:
[20.782s][debug][gc,phases,ref  ] GC(104)         Discovered: 0
[20.782s][debug][gc,phases,ref  ] GC(104)         Cleared: 0
[20.782s][debug][gc,phases,ref  ] GC(104)       FinalReference:
[20.782s][debug][gc,phases,ref  ] GC(104)         Discovered: 0
[20.782s][debug][gc,phases,ref  ] GC(104)         Cleared: 0
[20.782s][debug][gc,phases,ref  ] GC(104)       PhantomReference:
[20.782s][debug][gc,phases,ref  ] GC(104)         Discovered: 0
[20.782s][debug][gc,phases,ref  ] GC(104)         Cleared: 0
[20.782s][debug][gc,phases      ] GC(104)     Weak Processing: 0.1ms
[20.782s][debug][gc,phases      ] GC(104)       JVMTI weak processing: 0.0ms
[20.782s][debug][gc,phases      ] GC(104)         Dead: 0
[20.782s][debug][gc,phases      ] GC(104)         Total: 0
[20.782s][debug][gc,phases      ] GC(104)       JFR weak processing: 0.0ms
[20.782s][debug][gc,phases      ] GC(104)         Dead: 0
[20.782s][debug][gc,phases      ] GC(104)         Total: 0
[20.782s][debug][gc,phases      ] GC(104)       JNI weak                  Min:  0.0, Avg:  0.0, Max:  0.0, Diff:  0.0, Sum:  0.0, Workers: 5
[20.782s][debug][gc,phases      ] GC(104)         Dead                      Min: 0, Avg:  0.0, Max: 0, Diff: 0, Sum: 0, Workers: 5
[20.782s][debug][gc,phases      ] GC(104)         Total                     Min: 0, Avg: 13.4, Max: 52, Diff: 52, Sum: 67, Workers: 5
[20.782s][debug][gc,phases      ] GC(104)       VM weak                   Min:  0.0, Avg:  0.0, Max:  0.0, Diff:  0.0, Sum:  0.0, Workers: 5
[20.782s][debug][gc,phases      ] GC(104)         Dead                      Min: 0, Avg:  0.0, Max: 0, Diff: 0, Sum: 0, Workers: 5
[20.782s][debug][gc,phases      ] GC(104)         Total                     Min: 0, Avg: 47.6, Max: 128, Diff: 128, Sum: 238, Workers: 5
[20.782s][debug][gc,phases      ] GC(104)       StringTable weak          Min:  0.0, Avg:  0.0, Max:  0.0, Diff:  0.0, Sum:  0.1, Workers: 5
[20.782s][debug][gc,phases      ] GC(104)         Dead                      Min: 0, Avg:  0.0, Max: 0, Diff: 0, Sum: 0, Workers: 5
[20.782s][debug][gc,phases      ] GC(104)         Total                     Min: 512, Avg: 728.6, Max: 830, Diff: 318, Sum: 3643, Workers: 5
[20.782s][debug][gc,phases      ] GC(104)       ResolvedMethodTable weak  Min:  0.0, Avg:  0.0, Max:  0.0, Diff:  0.0, Sum:  0.0, Workers: 5
[20.782s][debug][gc,phases      ] GC(104)         Dead                      Min: 0, Avg:  0.0, Max: 0, Diff: 0, Sum: 0, Workers: 5
[20.782s][debug][gc,phases      ] GC(104)         Total                     Min: 0, Avg: 123.4, Max: 192, Diff: 192, Sum: 617, Workers: 5
[20.782s][debug][gc,phases      ] GC(104)     Merge Per-Thread State: 0.0ms
[20.782s][debug][gc,phases      ] GC(104)       Copied Bytes              Min: 0, Avg: 65.0, Max: 104, Diff: 104, Sum: 520, Workers: 8
[20.782s][debug][gc,phases      ] GC(104)       LAB Waste                 Min: 0, Avg:  0.0, Max: 0, Diff: 0, Sum: 0, Workers: 8
[20.782s][debug][gc,phases      ] GC(104)       LAB Undo Waste            Min: 0, Avg:  0.0, Max: 0, Diff: 0, Sum: 0, Workers: 8
[20.782s][debug][gc,phases      ] GC(104)     Code Roots Purge: 0.0ms
[20.782s][debug][gc,phases      ] GC(104)     Redirty Cards: 0.0ms
[20.782s][debug][gc,phases      ] GC(104)     DerivedPointerTable Update: 0.0ms
[20.782s][debug][gc,phases      ] GC(104)     Free Collection Set: 0.1ms
[20.782s][debug][gc,phases      ] GC(104)     Rebuild Free List: 0.0ms
[20.782s][debug][gc,phases      ] GC(104)     Humongous Reclaim: 0.0ms
[20.782s][debug][gc,phases      ] GC(104)     Start New Collection Set: 0.0ms
[20.782s][debug][gc,phases      ] GC(104)     Resize TLABs: 0.0ms
[20.782s][debug][gc,phases      ] GC(104)     Expand Heap After Collection: 0.0ms
[20.782s][info ][gc,phases      ] GC(104)   Other: 0.3ms
[20.782s][info ][gc,heap        ] GC(104) Eden regions: 177->0(177)
[20.782s][info ][gc,heap        ] GC(104) Survivor regions: 1->1(23)
[20.782s][info ][gc,heap        ] GC(104) Old regions: 7->7
[20.782s][info ][gc,heap        ] GC(104) Archive regions: 2->2
[20.782s][info ][gc,heap        ] GC(104) Humongous regions: 0->0
[20.782s][info ][gc,metaspace   ] GC(104) Metaspace: 10703K(11136K)->10703K(11136K) NonClass: 9440K(9728K)->9440K(9728K) Class: 1263K(1408K)->1263K(1408K)
[20.782s][debug][gc,heap        ] GC(104) Heap after GC invocations=105 (full 1): garbage-first heap   total 305152K, used 4440K [0x0000000700000000, 0x0000000800000000)
[20.782s][debug][gc,heap        ] GC(104)   region size 1024K, 1 young (1024K), 1 survivors (1024K)
[20.782s][debug][gc,heap        ] GC(104)  Metaspace       used 10703K, capacity 10992K, committed 11136K, reserved 1058816K
[20.782s][debug][gc,heap        ] GC(104)   class space    used 1263K, capacity 1389K, committed 1408K, reserved 1048576K
[20.782s][info ][gc             ] GC(104) Pause Young (Normal) (G1 Evacuation Pause) 181M->4M(298M) 1.502ms
[20.782s][info ][gc,cpu         ] GC(104) User=0.00s Sys=0.00s Real=0.00s
[20.782s][info ][safepoint      ] Safepoint "G1CollectForAllocation", Time since last: 156830024 ns, Reaching safepoint: 115715 ns, At safepoint: 1681535 ns, Total: 1797250 ns
[20.948s][debug][gc,heap        ] GC(105) Heap before GC invocations=105 (full 1): garbage-first heap   total 305152K, used 185688K [0x0000000700000000, 0x0000000800000000)
[20.948s][debug][gc,heap        ] GC(105)   region size 1024K, 178 young (182272K), 1 survivors (1024K)
[20.948s][debug][gc,heap        ] GC(105)  Metaspace       used 10703K, capacity 10992K, committed 11136K, reserved 1058816K
[20.948s][debug][gc,heap        ] GC(105)   class space    used 1263K, capacity 1389K, committed 1408K, reserved 1048576K
[20.948s][info ][gc,start       ] GC(105) Pause Young (Normal) (G1 Evacuation Pause)
[20.948s][info ][gc,task        ] GC(105) Using 8 workers of 8 for evacuation
[20.948s][debug][gc,tlab        ] GC(105) TLAB totals: thrds: 8  refills: 710 max: 92 slow allocs: 0 max 0 waste:  1.2% gc: 1749632B max: 352584B slow: 411736B max: 53472B fast: 0B max: 0B
[20.948s][debug][gc,age         ] GC(105) Desired survivor size 12058624 bytes, new threshold 15 (max threshold 15)
[20.948s][debug][gc,alloc,region] GC(105) Mutator Allocation stats, regions: 177, wasted size: 0B ( 0.0%)
[20.948s][debug][gc,ergo        ] GC(105) Running G1 Merge Heap Roots using 8 workers for 178 regions
[20.948s][debug][gc,remset      ] GC(105) Visited cards 256 Total dirty 2048 (12.50%) Total old 747520 (0.03%)
[20.948s][debug][gc,ergo        ] GC(105) Running G1 Clear Card Table Task using 1 workers for 1 units of work for 179 regions.
[20.948s][debug][gc,ref         ] GC(105) Skipped phase1 of Reference Processing due to unavailable references
[20.948s][debug][gc,ref         ] GC(105) Skipped phase2 of Reference Processing due to unavailable references
[20.948s][debug][gc,ref         ] GC(105) Skipped phase3 of Reference Processing due to unavailable references
[20.948s][debug][gc,ref         ] GC(105) Skipped phase4 of Reference Processing due to unavailable references
[20.948s][debug][gc,ergo        ] GC(105) Running G1 Free Collection Set using 8 workers for collection set length 178 (298)
[20.948s][debug][gc,ergo        ] GC(105) Running G1 Rebuild Free List Task using 8 workers for rebuilding free list of 0 (4096) regions
[20.949s][trace][gc,age         ] GC(105) Age table with threshold 15 (max threshold 15)
[20.949s][trace][gc,age         ] GC(105) - age   1:        416 bytes,        416 total
[20.949s][debug][gc,plab        ] GC(105) Young PLAB allocation: allocated: 10320B, wasted: 0B, unused: 9904B, used: 416B, undo waste: 0B, 
[20.949s][debug][gc,plab        ] GC(105) Young other allocation: region end waste: 0B, regions filled: 1, direct allocated: 0B, failure used: 0B, failure wasted: 0B
[20.949s][debug][gc,plab        ] GC(105) Young sizing: calculated: 80B, actual: 2064B
[20.949s][debug][gc,plab        ] GC(105) Old PLAB allocation: allocated: 0B, wasted: 0B, unused: 0B, used: 0B, undo waste: 0B, 
[20.949s][debug][gc,plab        ] GC(105) Old other allocation: region end waste: 0B, regions filled: 1, direct allocated: 0B, failure used: 0B, failure wasted: 0B
[20.949s][debug][gc,plab        ] GC(105) Old sizing: calculated: 0B, actual: 2064B
[20.949s][debug][gc,ihop        ] GC(105) Basic information (value update), threshold: 140614041B (45.00), target occupancy: 312475648B, current occupancy: 4545088B, recent allocation size: 0B, recent allocation duration: 166.60ms, recent old gen allocation rate: 0.00B/s, recent marking phase length: 0.00ms
[20.949s][debug][gc,ihop        ] GC(105) Adaptive IHOP information (value update), threshold: 140614041B (47.37), internal target occupancy: 296851865B, occupancy: 4545088B, additional buffer size: 186646528B, predicted old gen allocation rate: 8688.96B/s, predicted marking phase length: 0.00ms, prediction active: false
[20.949s][debug][gc,ergo,refine ] GC(105) Concurrent refinement times: Logged Cards Scan time goal: 20.00ms Logged Cards Scan time: 0.00ms HCC time: 0.00ms
[20.949s][debug][gc,ergo,refine ] GC(105) Updated Refinement Zones: green: 2048, yellow: 6144, red: 10240
[20.949s][info ][gc,phases      ] GC(105)   Pre Evacuate Collection Set: 0.1ms
[20.949s][debug][gc,phases      ] GC(105)     Prepare TLABs: 0.0ms
[20.949s][debug][gc,phases      ] GC(105)     Choose Collection Set: 0.0ms
[20.949s][debug][gc,phases      ] GC(105)     Region Register: 0.1ms
[20.949s][debug][gc,phases      ] GC(105)     Prepare Heap Roots: 0.0ms
[20.949s][info ][gc,phases      ] GC(105)   Merge Heap Roots: 0.1ms
[20.949s][debug][gc,phases      ] GC(105)     Prepare Merge Heap Roots: 0.0ms
[20.949s][debug][gc,phases      ] GC(105)     Eager Reclaim (ms):       skipped
[20.949s][debug][gc,phases      ] GC(105)     Remembered Sets (ms):     Min:  0.0, Avg:  0.0, Max:  0.0, Diff:  0.0, Sum:  0.0, Workers: 8
[20.949s][debug][gc,phases      ] GC(105)       Merged Sparse:            Min: 0, Avg:  0.0, Max: 0, Diff: 0, Sum: 0, Workers: 8
[20.949s][debug][gc,phases      ] GC(105)       Merged Fine:              Min: 0, Avg:  0.0, Max: 0, Diff: 0, Sum: 0, Workers: 8
[20.949s][debug][gc,phases      ] GC(105)       Merged Coarse:            Min: 0, Avg:  0.0, Max: 0, Diff: 0, Sum: 0, Workers: 8
[20.949s][debug][gc,phases      ] GC(105)       Dirty Cards:              Min: 0, Avg:  0.0, Max: 0, Diff: 0, Sum: 0, Workers: 8
[20.949s][debug][gc,phases      ] GC(105)     Hot Card Cache (ms):      Min:  0.0, Avg:  0.0, Max:  0.0, Diff:  0.0, Sum:  0.0, Workers: 8
[20.949s][debug][gc,phases      ] GC(105)       Dirty Cards:              Min: 0, Avg:  0.0, Max: 0, Diff: 0, Sum: 0, Workers: 8
[20.949s][debug][gc,phases      ] GC(105)       Skipped Cards:            Min: 0, Avg:  0.0, Max: 0, Diff: 0, Sum: 0, Workers: 8
[20.949s][debug][gc,phases      ] GC(105)     Log Buffers (ms):         Min:  0.0, Avg:  0.0, Max:  0.0, Diff:  0.0, Sum:  0.0, Workers: 8
[20.949s][debug][gc,phases      ] GC(105)       Dirty Cards:              Min: 0, Avg:  0.1, Max: 1, Diff: 1, Sum: 1, Workers: 8
[20.949s][debug][gc,phases      ] GC(105)       Skipped Cards:            Min: 0, Avg:  0.0, Max: 0, Diff: 0, Sum: 0, Workers: 8
[20.949s][info ][gc,phases      ] GC(105)   Evacuate Collection Set: 0.1ms
[20.949s][debug][gc,phases      ] GC(105)     Ext Root Scanning (ms):   Min:  0.0, Avg:  0.0, Max:  0.1, Diff:  0.1, Sum:  0.2, Workers: 8
[20.949s][debug][gc,phases      ] GC(105)     Scan Heap Roots (ms):     Min:  0.0, Avg:  0.0, Max:  0.0, Diff:  0.0, Sum:  0.0, Workers: 8
[20.949s][debug][gc,phases      ] GC(105)       Scanned Cards:            Min: 0, Avg:  0.1, Max: 1, Diff: 1, Sum: 1, Workers: 8
[20.949s][debug][gc,phases      ] GC(105)       Scanned Blocks:           Min: 0, Avg:  0.1, Max: 1, Diff: 1, Sum: 1, Workers: 8
[20.949s][debug][gc,phases      ] GC(105)       Claimed Chunks:           Min: 0, Avg:  0.1, Max: 1, Diff: 1, Sum: 1, Workers: 8
[20.949s][debug][gc,phases      ] GC(105)     Code Root Scan (ms):      Min:  0.0, Avg:  0.0, Max:  0.0, Diff:  0.0, Sum:  0.0, Workers: 8
[20.949s][debug][gc,phases      ] GC(105)     Object Copy (ms):         Min:  0.0, Avg:  0.0, Max:  0.0, Diff:  0.0, Sum:  0.0, Workers: 8
[20.949s][debug][gc,phases      ] GC(105)     Termination (ms):         Min:  0.0, Avg:  0.1, Max:  0.1, Diff:  0.0, Sum:  0.4, Workers: 8
[20.949s][debug][gc,phases      ] GC(105)       Termination Attempts:     Min: 1, Avg:  1.0, Max: 1, Diff: 0, Sum: 8, Workers: 8
[20.949s][debug][gc,phases      ] GC(105)     GC Worker Other (ms):     Min:  0.0, Avg:  0.0, Max:  0.0, Diff:  0.0, Sum:  0.1, Workers: 8
[20.949s][debug][gc,phases      ] GC(105)     GC Worker Total (ms):     Min:  0.1, Avg:  0.1, Max:  0.1, Diff:  0.1, Sum:  0.8, Workers: 8
[20.949s][info ][gc,phases      ] GC(105)   Post Evacuate Collection Set: 0.3ms
[20.949s][debug][gc,phases      ] GC(105)     Code Roots Fixup: 0.0ms
[20.949s][debug][gc,phases      ] GC(105)     Clear Card Table: 0.1ms
[20.949s][debug][gc,phases      ] GC(105)     Reference Processing: 0.0ms
[20.949s][debug][gc,phases,ref  ] GC(105)       Reconsider SoftReferences: 0.0ms
[20.949s][debug][gc,phases,ref  ] GC(105)         SoftRef (ms):             skipped
[20.949s][debug][gc,phases,ref  ] GC(105)       Notify Soft/WeakReferences: 0.0ms
[20.949s][debug][gc,phases,ref  ] GC(105)         SoftRef (ms):             skipped
[20.949s][debug][gc,phases,ref  ] GC(105)         WeakRef (ms):             skipped
[20.949s][debug][gc,phases,ref  ] GC(105)         FinalRef (ms):            skipped
[20.949s][debug][gc,phases,ref  ] GC(105)         Total (ms):               skipped
[20.949s][debug][gc,phases,ref  ] GC(105)       Notify and keep alive finalizable: 0.0ms
[20.949s][debug][gc,phases,ref  ] GC(105)         FinalRef (ms):            skipped
[20.949s][debug][gc,phases,ref  ] GC(105)       Notify PhantomReferences: 0.0ms
[20.949s][debug][gc,phases,ref  ] GC(105)         PhantomRef (ms):          skipped
[20.949s][debug][gc,phases,ref  ] GC(105)       SoftReference:
[20.949s][debug][gc,phases,ref  ] GC(105)         Discovered: 0
[20.949s][debug][gc,phases,ref  ] GC(105)         Cleared: 0
[20.949s][debug][gc,phases,ref  ] GC(105)       WeakReference:
[20.949s][debug][gc,phases,ref  ] GC(105)         Discovered: 0
[20.949s][debug][gc,phases,ref  ] GC(105)         Cleared: 0
[20.949s][debug][gc,phases,ref  ] GC(105)       FinalReference:
[20.949s][debug][gc,phases,ref  ] GC(105)         Discovered: 0
[20.949s][debug][gc,phases,ref  ] GC(105)         Cleared: 0
[20.949s][debug][gc,phases,ref  ] GC(105)       PhantomReference:
[20.949s][debug][gc,phases,ref  ] GC(105)         Discovered: 0
[20.949s][debug][gc,phases,ref  ] GC(105)         Cleared: 0
[20.949s][debug][gc,phases      ] GC(105)     Weak Processing: 0.0ms
[20.949s][debug][gc,phases      ] GC(105)       JVMTI weak processing: 0.0ms
[20.949s][debug][gc,phases      ] GC(105)         Dead: 0
[20.949s][debug][gc,phases      ] GC(105)         Total: 0
[20.949s][debug][gc,phases      ] GC(105)       JFR weak processing: 0.0ms
[20.949s][debug][gc,phases      ] GC(105)         Dead: 0
[20.949s][debug][gc,phases      ] GC(105)         Total: 0
[20.949s][debug][gc,phases      ] GC(105)       JNI weak                  Min:  0.0, Avg:  0.0, Max:  0.0, Diff:  0.0, Sum:  0.0, Workers: 5
[20.949s][debug][gc,phases      ] GC(105)         Dead                      Min: 0, Avg:  0.0, Max: 0, Diff: 0, Sum: 0, Workers: 5
[20.949s][debug][gc,phases      ] GC(105)         Total                     Min: 0, Avg: 13.4, Max: 52, Diff: 52, Sum: 67, Workers: 5
[20.949s][debug][gc,phases      ] GC(105)       VM weak                   Min:  0.0, Avg:  0.0, Max:  0.0, Diff:  0.0, Sum:  0.0, Workers: 5
[20.949s][debug][gc,phases      ] GC(105)         Dead                      Min: 0, Avg:  0.0, Max: 0, Diff: 0, Sum: 0, Workers: 5
[20.949s][debug][gc,phases      ] GC(105)         Total                     Min: 0, Avg: 47.6, Max: 128, Diff: 128, Sum: 238, Workers: 5
[20.949s][debug][gc,phases      ] GC(105)       StringTable weak          Min:  0.0, Avg:  0.0, Max:  0.0, Diff:  0.0, Sum:  0.1, Workers: 5
[20.949s][debug][gc,phases      ] GC(105)         Dead                      Min: 0, Avg:  0.0, Max: 0, Diff: 0, Sum: 0, Workers: 5
[20.949s][debug][gc,phases      ] GC(105)         Total                     Min: 0, Avg: 728.6, Max: 958, Diff: 958, Sum: 3643, Workers: 5
[20.949s][debug][gc,phases      ] GC(105)       ResolvedMethodTable weak  Min:  0.0, Avg:  0.0, Max:  0.0, Diff:  0.0, Sum:  0.0, Workers: 5
[20.949s][debug][gc,phases      ] GC(105)         Dead                      Min: 0, Avg:  0.0, Max: 0, Diff: 0, Sum: 0, Workers: 5
[20.949s][debug][gc,phases      ] GC(105)         Total                     Min: 0, Avg: 123.4, Max: 192, Diff: 192, Sum: 617, Workers: 5
[20.949s][debug][gc,phases      ] GC(105)     Merge Per-Thread State: 0.0ms
[20.949s][debug][gc,phases      ] GC(105)       Copied Bytes              Min: 0, Avg: 52.0, Max: 104, Diff: 104, Sum: 416, Workers: 8
[20.949s][debug][gc,phases      ] GC(105)       LAB Waste                 Min: 0, Avg:  0.0, Max: 0, Diff: 0, Sum: 0, Workers: 8
[20.949s][debug][gc,phases      ] GC(105)       LAB Undo Waste            Min: 0, Avg:  0.0, Max: 0, Diff: 0, Sum: 0, Workers: 8
[20.949s][debug][gc,phases      ] GC(105)     Code Roots Purge: 0.0ms
[20.949s][debug][gc,phases      ] GC(105)     Redirty Cards: 0.0ms
[20.949s][debug][gc,phases      ] GC(105)     DerivedPointerTable Update: 0.0ms
[20.949s][debug][gc,phases      ] GC(105)     Free Collection Set: 0.1ms
[20.949s][debug][gc,phases      ] GC(105)     Rebuild Free List: 0.1ms
[20.949s][debug][gc,phases      ] GC(105)     Humongous Reclaim: 0.0ms
[20.949s][debug][gc,phases      ] GC(105)     Start New Collection Set: 0.0ms
[20.949s][debug][gc,phases      ] GC(105)     Resize TLABs: 0.0ms
[20.949s][debug][gc,phases      ] GC(105)     Expand Heap After Collection: 0.0ms
[20.949s][info ][gc,phases      ] GC(105)   Other: 0.3ms
[20.949s][info ][gc,heap        ] GC(105) Eden regions: 177->0(177)
[20.949s][info ][gc,heap        ] GC(105) Survivor regions: 1->1(23)
[20.949s][info ][gc,heap        ] GC(105) Old regions: 7->7
[20.949s][info ][gc,heap        ] GC(105) Archive regions: 2->2
[20.949s][info ][gc,heap        ] GC(105) Humongous regions: 0->0
[20.949s][info ][gc,metaspace   ] GC(105) Metaspace: 10703K(11136K)->10703K(11136K) NonClass: 9440K(9728K)->9440K(9728K) Class: 1263K(1408K)->1263K(1408K)
[20.949s][debug][gc,heap        ] GC(105) Heap after GC invocations=106 (full 1): garbage-first heap   total 305152K, used 4438K [0x0000000700000000, 0x0000000800000000)
[20.949s][debug][gc,heap        ] GC(105)   region size 1024K, 1 young (1024K), 1 survivors (1024K)
[20.949s][debug][gc,heap        ] GC(105)  Metaspace       used 10703K, capacity 10992K, committed 11136K, reserved 1058816K
[20.949s][debug][gc,heap        ] GC(105)   class space    used 1263K, capacity 1389K, committed 1408K, reserved 1048576K
[20.949s][info ][gc             ] GC(105) Pause Young (Normal) (G1 Evacuation Pause) 181M->4M(298M) 1.414ms
[20.949s][info ][gc,cpu         ] GC(105) User=0.00s Sys=0.00s Real=0.01s
[20.949s][info ][safepoint      ] Safepoint "G1CollectForAllocation", Time since last: 165620142 ns, Reaching safepoint: 160459 ns, At safepoint: 1573254 ns, Total: 1733713 ns
[21.115s][debug][gc,heap        ] GC(106) Heap before GC invocations=106 (full 1): garbage-first heap   total 305152K, used 185686K [0x0000000700000000, 0x0000000800000000)
[21.115s][debug][gc,heap        ] GC(106)   region size 1024K, 178 young (182272K), 1 survivors (1024K)
[21.115s][debug][gc,heap        ] GC(106)  Metaspace       used 10703K, capacity 10992K, committed 11136K, reserved 1058816K
[21.115s][debug][gc,heap        ] GC(106)   class space    used 1263K, capacity 1389K, committed 1408K, reserved 1048576K
[21.115s][info ][gc,start       ] GC(106) Pause Young (Normal) (G1 Evacuation Pause)
[21.115s][info ][gc,task        ] GC(106) Using 8 workers of 8 for evacuation
[21.115s][debug][gc,tlab        ] GC(106) TLAB totals: thrds: 8  refills: 709 max: 98 slow allocs: 0 max 0 waste:  0.8% gc: 1074760B max: 401328B slow: 409024B max: 56640B fast: 0B max: 0B
[21.115s][debug][gc,age         ] GC(106) Desired survivor size 12058624 bytes, new threshold 15 (max threshold 15)
[21.115s][debug][gc,alloc,region] GC(106) Mutator Allocation stats, regions: 177, wasted size: 0B ( 0.0%)
[21.116s][debug][gc,ergo        ] GC(106) Running G1 Merge Heap Roots using 8 workers for 178 regions
[21.116s][debug][gc,remset      ] GC(106) Visited cards 256 Total dirty 2048 (12.50%) Total old 747520 (0.03%)
[21.116s][debug][gc,ergo        ] GC(106) Running G1 Clear Card Table Task using 1 workers for 1 units of work for 179 regions.
[21.116s][debug][gc,ref         ] GC(106) Skipped phase1 of Reference Processing due to unavailable references
[21.116s][debug][gc,ref         ] GC(106) Skipped phase2 of Reference Processing due to unavailable references
[21.116s][debug][gc,ref         ] GC(106) Skipped phase3 of Reference Processing due to unavailable references
[21.116s][debug][gc,ref         ] GC(106) Skipped phase4 of Reference Processing due to unavailable references
[21.116s][debug][gc,ergo        ] GC(106) Running G1 Free Collection Set using 8 workers for collection set length 178 (298)
[21.116s][debug][gc,ergo        ] GC(106) Running G1 Rebuild Free List Task using 8 workers for rebuilding free list of 0 (4096) regions
[21.116s][trace][gc,age         ] GC(106) Age table with threshold 15 (max threshold 15)
[21.116s][trace][gc,age         ] GC(106) - age   1:        568 bytes,        568 total
[21.116s][debug][gc,plab        ] GC(106) Young PLAB allocation: allocated: 12384B, wasted: 0B, unused: 11816B, used: 568B, undo waste: 0B, 
[21.116s][debug][gc,plab        ] GC(106) Young other allocation: region end waste: 0B, regions filled: 1, direct allocated: 0B, failure used: 0B, failure wasted: 0B
[21.116s][debug][gc,plab        ] GC(106) Young sizing: calculated: 112B, actual: 2064B
[21.116s][debug][gc,plab        ] GC(106) Old PLAB allocation: allocated: 0B, wasted: 0B, unused: 0B, used: 0B, undo waste: 0B, 
[21.116s][debug][gc,plab        ] GC(106) Old other allocation: region end waste: 0B, regions filled: 1, direct allocated: 0B, failure used: 0B, failure wasted: 0B
[21.116s][debug][gc,plab        ] GC(106) Old sizing: calculated: 0B, actual: 2064B
[21.116s][debug][gc,ihop        ] GC(106) Basic information (value update), threshold: 140614041B (45.00), target occupancy: 312475648B, current occupancy: 4547152B, recent allocation size: 0B, recent allocation duration: 166.85ms, recent old gen allocation rate: 0.00B/s, recent marking phase length: 0.00ms
[21.116s][debug][gc,ihop        ] GC(106) Adaptive IHOP information (value update), threshold: 140614041B (47.37), internal target occupancy: 296851865B, occupancy: 4547152B, additional buffer size: 186646528B, predicted old gen allocation rate: 8445.92B/s, predicted marking phase length: 0.00ms, prediction active: false
[21.116s][debug][gc,ergo,refine ] GC(106) Concurrent refinement times: Logged Cards Scan time goal: 20.00ms Logged Cards Scan time: 0.00ms HCC time: 0.00ms
[21.116s][debug][gc,ergo,refine ] GC(106) Updated Refinement Zones: green: 2048, yellow: 6144, red: 10240
[21.116s][info ][gc,phases      ] GC(106)   Pre Evacuate Collection Set: 0.1ms
[21.116s][debug][gc,phases      ] GC(106)     Prepare TLABs: 0.0ms
[21.116s][debug][gc,phases      ] GC(106)     Choose Collection Set: 0.0ms
[21.116s][debug][gc,phases      ] GC(106)     Region Register: 0.1ms
[21.116s][debug][gc,phases      ] GC(106)     Prepare Heap Roots: 0.0ms
[21.116s][info ][gc,phases      ] GC(106)   Merge Heap Roots: 0.1ms
[21.116s][debug][gc,phases      ] GC(106)     Prepare Merge Heap Roots: 0.0ms
[21.116s][debug][gc,phases      ] GC(106)     Eager Reclaim (ms):       skipped
[21.116s][debug][gc,phases      ] GC(106)     Remembered Sets (ms):     Min:  0.0, Avg:  0.0, Max:  0.0, Diff:  0.0, Sum:  0.1, Workers: 8
[21.116s][debug][gc,phases      ] GC(106)       Merged Sparse:            Min: 0, Avg:  0.0, Max: 0, Diff: 0, Sum: 0, Workers: 8
[21.116s][debug][gc,phases      ] GC(106)       Merged Fine:              Min: 0, Avg:  0.0, Max: 0, Diff: 0, Sum: 0, Workers: 8
[21.116s][debug][gc,phases      ] GC(106)       Merged Coarse:            Min: 0, Avg:  0.0, Max: 0, Diff: 0, Sum: 0, Workers: 8
[21.116s][debug][gc,phases      ] GC(106)       Dirty Cards:              Min: 0, Avg:  0.0, Max: 0, Diff: 0, Sum: 0, Workers: 8
[21.116s][debug][gc,phases      ] GC(106)     Hot Card Cache (ms):      Min:  0.0, Avg:  0.0, Max:  0.0, Diff:  0.0, Sum:  0.0, Workers: 8
[21.116s][debug][gc,phases      ] GC(106)       Dirty Cards:              Min: 0, Avg:  0.0, Max: 0, Diff: 0, Sum: 0, Workers: 8
[21.116s][debug][gc,phases      ] GC(106)       Skipped Cards:            Min: 0, Avg:  0.0, Max: 0, Diff: 0, Sum: 0, Workers: 8
[21.116s][debug][gc,phases      ] GC(106)     Log Buffers (ms):         Min:  0.0, Avg:  0.0, Max:  0.0, Diff:  0.0, Sum:  0.0, Workers: 8
[21.116s][debug][gc,phases      ] GC(106)       Dirty Cards:              Min: 0, Avg:  0.1, Max: 1, Diff: 1, Sum: 1, Workers: 8
[21.116s][debug][gc,phases      ] GC(106)       Skipped Cards:            Min: 0, Avg:  0.0, Max: 0, Diff: 0, Sum: 0, Workers: 8
[21.116s][info ][gc,phases      ] GC(106)   Evacuate Collection Set: 0.2ms
[21.116s][debug][gc,phases      ] GC(106)     Ext Root Scanning (ms):   Min:  0.0, Avg:  0.0, Max:  0.1, Diff:  0.1, Sum:  0.3, Workers: 8
[21.116s][debug][gc,phases      ] GC(106)     Scan Heap Roots (ms):     Min:  0.0, Avg:  0.0, Max:  0.0, Diff:  0.0, Sum:  0.0, Workers: 8
[21.116s][debug][gc,phases      ] GC(106)       Scanned Cards:            Min: 0, Avg:  0.1, Max: 1, Diff: 1, Sum: 1, Workers: 8
[21.116s][debug][gc,phases      ] GC(106)       Scanned Blocks:           Min: 0, Avg:  0.1, Max: 1, Diff: 1, Sum: 1, Workers: 8
[21.116s][debug][gc,phases      ] GC(106)       Claimed Chunks:           Min: 0, Avg:  0.1, Max: 1, Diff: 1, Sum: 1, Workers: 8
[21.116s][debug][gc,phases      ] GC(106)     Code Root Scan (ms):      Min:  0.0, Avg:  0.0, Max:  0.0, Diff:  0.0, Sum:  0.0, Workers: 8
[21.116s][debug][gc,phases      ] GC(106)     Object Copy (ms):         Min:  0.0, Avg:  0.0, Max:  0.0, Diff:  0.0, Sum:  0.0, Workers: 8
[21.116s][debug][gc,phases      ] GC(106)     Termination (ms):         Min:  0.0, Avg:  0.1, Max:  0.1, Diff:  0.0, Sum:  0.5, Workers: 8
[21.116s][debug][gc,phases      ] GC(106)       Termination Attempts:     Min: 1, Avg:  1.0, Max: 1, Diff: 0, Sum: 8, Workers: 8
[21.116s][debug][gc,phases      ] GC(106)     GC Worker Other (ms):     Min:  0.0, Avg:  0.0, Max:  0.0, Diff:  0.0, Sum:  0.1, Workers: 8
[21.116s][debug][gc,phases      ] GC(106)     GC Worker Total (ms):     Min:  0.0, Avg:  0.1, Max:  0.1, Diff:  0.1, Sum:  0.9, Workers: 8
[21.116s][info ][gc,phases      ] GC(106)   Post Evacuate Collection Set: 0.3ms
[21.116s][debug][gc,phases      ] GC(106)     Code Roots Fixup: 0.0ms
[21.116s][debug][gc,phases      ] GC(106)     Clear Card Table: 0.1ms
[21.117s][debug][gc,phases      ] GC(106)     Reference Processing: 0.0ms
[21.117s][debug][gc,phases,ref  ] GC(106)       Reconsider SoftReferences: 0.0ms
[21.117s][debug][gc,phases,ref  ] GC(106)         SoftRef (ms):             skipped
[21.117s][debug][gc,phases,ref  ] GC(106)       Notify Soft/WeakReferences: 0.0ms
[21.117s][debug][gc,phases,ref  ] GC(106)         SoftRef (ms):             skipped
[21.117s][debug][gc,phases,ref  ] GC(106)         WeakRef (ms):             skipped
[21.117s][debug][gc,phases,ref  ] GC(106)         FinalRef (ms):            skipped
[21.117s][debug][gc,phases,ref  ] GC(106)         Total (ms):               skipped
[21.117s][debug][gc,phases,ref  ] GC(106)       Notify and keep alive finalizable: 0.0ms
[21.117s][debug][gc,phases,ref  ] GC(106)         FinalRef (ms):            skipped
[21.117s][debug][gc,phases,ref  ] GC(106)       Notify PhantomReferences: 0.0ms
[21.117s][debug][gc,phases,ref  ] GC(106)         PhantomRef (ms):          skipped
[21.117s][debug][gc,phases,ref  ] GC(106)       SoftReference:
[21.117s][debug][gc,phases,ref  ] GC(106)         Discovered: 0
[21.117s][debug][gc,phases,ref  ] GC(106)         Cleared: 0
[21.117s][debug][gc,phases,ref  ] GC(106)       WeakReference:
[21.117s][debug][gc,phases,ref  ] GC(106)         Discovered: 0
[21.117s][debug][gc,phases,ref  ] GC(106)         Cleared: 0
[21.117s][debug][gc,phases,ref  ] GC(106)       FinalReference:
[21.117s][debug][gc,phases,ref  ] GC(106)         Discovered: 0
[21.117s][debug][gc,phases,ref  ] GC(106)         Cleared: 0
[21.117s][debug][gc,phases,ref  ] GC(106)       PhantomReference:
[21.117s][debug][gc,phases,ref  ] GC(106)         Discovered: 0
[21.117s][debug][gc,phases,ref  ] GC(106)         Cleared: 0
[21.117s][debug][gc,phases      ] GC(106)     Weak Processing: 0.0ms
[21.117s][debug][gc,phases      ] GC(106)       JVMTI weak processing: 0.0ms
[21.117s][debug][gc,phases      ] GC(106)         Dead: 0
[21.117s][debug][gc,phases      ] GC(106)         Total: 0
[21.117s][debug][gc,phases      ] GC(106)       JFR weak processing: 0.0ms
[21.117s][debug][gc,phases      ] GC(106)         Dead: 0
[21.117s][debug][gc,phases      ] GC(106)         Total: 0
[21.117s][debug][gc,phases      ] GC(106)       JNI weak                  Min:  0.0, Avg:  0.0, Max:  0.0, Diff:  0.0, Sum:  0.0, Workers: 5
[21.117s][debug][gc,phases      ] GC(106)         Dead                      Min: 0, Avg:  0.0, Max: 0, Diff: 0, Sum: 0, Workers: 5
[21.117s][debug][gc,phases      ] GC(106)         Total                     Min: 0, Avg: 13.4, Max: 52, Diff: 52, Sum: 67, Workers: 5
[21.117s][debug][gc,phases      ] GC(106)       VM weak                   Min:  0.0, Avg:  0.0, Max:  0.0, Diff:  0.0, Sum:  0.0, Workers: 5
[21.117s][debug][gc,phases      ] GC(106)         Dead                      Min: 0, Avg:  0.0, Max: 0, Diff: 0, Sum: 0, Workers: 5
[21.117s][debug][gc,phases      ] GC(106)         Total                     Min: 0, Avg: 47.6, Max: 110, Diff: 110, Sum: 238, Workers: 5
[21.117s][debug][gc,phases      ] GC(106)       StringTable weak          Min:  0.0, Avg:  0.0, Max:  0.0, Diff:  0.0, Sum:  0.1, Workers: 5
[21.117s][debug][gc,phases      ] GC(106)         Dead                      Min: 0, Avg:  0.0, Max: 0, Diff: 0, Sum: 0, Workers: 5
[21.117s][debug][gc,phases      ] GC(106)         Total                     Min: 0, Avg: 728.6, Max: 958, Diff: 958, Sum: 3643, Workers: 5
[21.117s][debug][gc,phases      ] GC(106)       ResolvedMethodTable weak  Min:  0.0, Avg:  0.0, Max:  0.0, Diff:  0.0, Sum:  0.0, Workers: 5
[21.117s][debug][gc,phases      ] GC(106)         Dead                      Min: 0, Avg:  0.0, Max: 0, Diff: 0, Sum: 0, Workers: 5
[21.117s][debug][gc,phases      ] GC(106)         Total                     Min: 0, Avg: 123.4, Max: 192, Diff: 192, Sum: 617, Workers: 5
[21.117s][debug][gc,phases      ] GC(106)     Merge Per-Thread State: 0.0ms
[21.117s][debug][gc,phases      ] GC(106)       Copied Bytes              Min: 0, Avg: 71.0, Max: 104, Diff: 104, Sum: 568, Workers: 8
[21.117s][debug][gc,phases      ] GC(106)       LAB Waste                 Min: 0, Avg:  0.0, Max: 0, Diff: 0, Sum: 0, Workers: 8
[21.117s][debug][gc,phases      ] GC(106)       LAB Undo Waste            Min: 0, Avg:  0.0, Max: 0, Diff: 0, Sum: 0, Workers: 8
[21.117s][debug][gc,phases      ] GC(106)     Code Roots Purge: 0.0ms
[21.117s][debug][gc,phases      ] GC(106)     Redirty Cards: 0.0ms
[21.117s][debug][gc,phases      ] GC(106)     DerivedPointerTable Update: 0.0ms
[21.117s][debug][gc,phases      ] GC(106)     Free Collection Set: 0.1ms
[21.117s][debug][gc,phases      ] GC(106)     Rebuild Free List: 0.0ms
[21.117s][debug][gc,phases      ] GC(106)     Humongous Reclaim: 0.0ms
[21.117s][debug][gc,phases      ] GC(106)     Start New Collection Set: 0.0ms
[21.117s][debug][gc,phases      ] GC(106)     Resize TLABs: 0.0ms
[21.117s][debug][gc,phases      ] GC(106)     Expand Heap After Collection: 0.0ms
[21.117s][info ][gc,phases      ] GC(106)   Other: 0.3ms
[21.117s][info ][gc,heap        ] GC(106) Eden regions: 177->0(177)
[21.117s][info ][gc,heap        ] GC(106) Survivor regions: 1->1(23)
[21.117s][info ][gc,heap        ] GC(106) Old regions: 7->7
[21.117s][info ][gc,heap        ] GC(106) Archive regions: 2->2
[21.117s][info ][gc,heap        ] GC(106) Humongous regions: 0->0
[21.117s][info ][gc,metaspace   ] GC(106) Metaspace: 10703K(11136K)->10703K(11136K) NonClass: 9440K(9728K)->9440K(9728K) Class: 1263K(1408K)->1263K(1408K)
[21.117s][debug][gc,heap        ] GC(106) Heap after GC invocations=107 (full 1): garbage-first heap   total 305152K, used 4440K [0x0000000700000000, 0x0000000800000000)
[21.117s][debug][gc,heap        ] GC(106)   region size 1024K, 1 young (1024K), 1 survivors (1024K)
[21.117s][debug][gc,heap        ] GC(106)  Metaspace       used 10703K, capacity 10992K, committed 11136K, reserved 1058816K
[21.117s][debug][gc,heap        ] GC(106)   class space    used 1263K, capacity 1389K, committed 1408K, reserved 1048576K
[21.117s][info ][gc             ] GC(106) Pause Young (Normal) (G1 Evacuation Pause) 181M->4M(298M) 1.486ms
[21.117s][info ][gc,cpu         ] GC(106) User=0.00s Sys=0.00s Real=0.00s
[21.117s][info ][safepoint      ] Safepoint "G1CollectForAllocation", Time since last: 165840670 ns, Reaching safepoint: 153174 ns, At safepoint: 1663994 ns, Total: 1817168 ns
[21.283s][debug][gc,heap        ] GC(107) Heap before GC invocations=107 (full 1): garbage-first heap   total 305152K, used 185688K [0x0000000700000000, 0x0000000800000000)
[21.283s][debug][gc,heap        ] GC(107)   region size 1024K, 178 young (182272K), 1 survivors (1024K)
[21.283s][debug][gc,heap        ] GC(107)  Metaspace       used 10703K, capacity 10992K, committed 11136K, reserved 1058816K
[21.283s][debug][gc,heap        ] GC(107)   class space    used 1263K, capacity 1389K, committed 1408K, reserved 1048576K
[21.283s][info ][gc,start       ] GC(107) Pause Young (Normal) (G1 Evacuation Pause)
[21.283s][info ][gc,task        ] GC(107) Using 8 workers of 8 for evacuation
[21.283s][debug][gc,tlab        ] GC(107) TLAB totals: thrds: 8  refills: 710 max: 96 slow allocs: 0 max 0 waste:  1.1% gc: 1609456B max: 363608B slow: 409976B max: 55464B fast: 0B max: 0B
[21.283s][debug][gc,age         ] GC(107) Desired survivor size 12058624 bytes, new threshold 15 (max threshold 15)
[21.283s][debug][gc,alloc,region] GC(107) Mutator Allocation stats, regions: 177, wasted size: 0B ( 0.0%)
[21.283s][debug][gc,ergo        ] GC(107) Running G1 Merge Heap Roots using 8 workers for 178 regions
[21.283s][debug][gc,remset      ] GC(107) Visited cards 256 Total dirty 2048 (12.50%) Total old 747520 (0.03%)
[21.283s][debug][gc,ergo        ] GC(107) Running G1 Clear Card Table Task using 1 workers for 1 units of work for 179 regions.
[21.283s][debug][gc,ref         ] GC(107) Skipped phase1 of Reference Processing due to unavailable references
[21.283s][debug][gc,ref         ] GC(107) Skipped phase2 of Reference Processing due to unavailable references
[21.283s][debug][gc,ref         ] GC(107) Skipped phase3 of Reference Processing due to unavailable references
[21.283s][debug][gc,ref         ] GC(107) Skipped phase4 of Reference Processing due to unavailable references
[21.283s][debug][gc,ergo        ] GC(107) Running G1 Free Collection Set using 8 workers for collection set length 178 (298)
[21.284s][debug][gc,ergo        ] GC(107) Running G1 Rebuild Free List Task using 8 workers for rebuilding free list of 0 (4096) regions
[21.284s][trace][gc,age         ] GC(107) Age table with threshold 15 (max threshold 15)
[21.284s][trace][gc,age         ] GC(107) - age   1:        488 bytes,        488 total
[21.284s][debug][gc,plab        ] GC(107) Young PLAB allocation: allocated: 12384B, wasted: 0B, unused: 11896B, used: 488B, undo waste: 0B, 
[21.284s][debug][gc,plab        ] GC(107) Young other allocation: region end waste: 0B, regions filled: 1, direct allocated: 0B, failure used: 0B, failure wasted: 0B
[21.284s][debug][gc,plab        ] GC(107) Young sizing: calculated: 96B, actual: 2064B
[21.284s][debug][gc,plab        ] GC(107) Old PLAB allocation: allocated: 0B, wasted: 0B, unused: 0B, used: 0B, undo waste: 0B, 
[21.284s][debug][gc,plab        ] GC(107) Old other allocation: region end waste: 0B, regions filled: 1, direct allocated: 0B, failure used: 0B, failure wasted: 0B
[21.284s][debug][gc,plab        ] GC(107) Old sizing: calculated: 0B, actual: 2064B
[21.284s][debug][gc,ihop        ] GC(107) Basic information (value update), threshold: 140614041B (45.00), target occupancy: 312475648B, current occupancy: 4547152B, recent allocation size: 0B, recent allocation duration: 166.63ms, recent old gen allocation rate: 0.00B/s, recent marking phase length: 0.00ms
[21.284s][debug][gc,ihop        ] GC(107) Adaptive IHOP information (value update), threshold: 140614041B (47.37), internal target occupancy: 296851865B, occupancy: 4547152B, additional buffer size: 186646528B, predicted old gen allocation rate: 8210.17B/s, predicted marking phase length: 0.00ms, prediction active: false
[21.284s][debug][gc,ergo,refine ] GC(107) Concurrent refinement times: Logged Cards Scan time goal: 20.00ms Logged Cards Scan time: 0.00ms HCC time: 0.00ms
[21.284s][debug][gc,ergo,refine ] GC(107) Updated Refinement Zones: green: 2048, yellow: 6144, red: 10240
[21.284s][info ][gc,phases      ] GC(107)   Pre Evacuate Collection Set: 0.1ms
[21.284s][debug][gc,phases      ] GC(107)     Prepare TLABs: 0.0ms
[21.284s][debug][gc,phases      ] GC(107)     Choose Collection Set: 0.0ms
[21.284s][debug][gc,phases      ] GC(107)     Region Register: 0.1ms
[21.284s][debug][gc,phases      ] GC(107)     Prepare Heap Roots: 0.0ms
[21.284s][info ][gc,phases      ] GC(107)   Merge Heap Roots: 0.1ms
[21.284s][debug][gc,phases      ] GC(107)     Prepare Merge Heap Roots: 0.0ms
[21.284s][debug][gc,phases      ] GC(107)     Eager Reclaim (ms):       skipped
[21.284s][debug][gc,phases      ] GC(107)     Remembered Sets (ms):     Min:  0.0, Avg:  0.0, Max:  0.0, Diff:  0.0, Sum:  0.0, Workers: 8
[21.284s][debug][gc,phases      ] GC(107)       Merged Sparse:            Min: 0, Avg:  0.0, Max: 0, Diff: 0, Sum: 0, Workers: 8
[21.284s][debug][gc,phases      ] GC(107)       Merged Fine:              Min: 0, Avg:  0.0, Max: 0, Diff: 0, Sum: 0, Workers: 8
[21.284s][debug][gc,phases      ] GC(107)       Merged Coarse:            Min: 0, Avg:  0.0, Max: 0, Diff: 0, Sum: 0, Workers: 8
[21.284s][debug][gc,phases      ] GC(107)       Dirty Cards:              Min: 0, Avg:  0.0, Max: 0, Diff: 0, Sum: 0, Workers: 8
[21.284s][debug][gc,phases      ] GC(107)     Hot Card Cache (ms):      Min:  0.0, Avg:  0.0, Max:  0.0, Diff:  0.0, Sum:  0.0, Workers: 8
[21.284s][debug][gc,phases      ] GC(107)       Dirty Cards:              Min: 0, Avg:  0.0, Max: 0, Diff: 0, Sum: 0, Workers: 8
[21.284s][debug][gc,phases      ] GC(107)       Skipped Cards:            Min: 0, Avg:  0.0, Max: 0, Diff: 0, Sum: 0, Workers: 8
[21.284s][debug][gc,phases      ] GC(107)     Log Buffers (ms):         Min:  0.0, Avg:  0.0, Max:  0.0, Diff:  0.0, Sum:  0.0, Workers: 8
[21.284s][debug][gc,phases      ] GC(107)       Dirty Cards:              Min: 0, Avg:  0.1, Max: 1, Diff: 1, Sum: 1, Workers: 8
[21.284s][debug][gc,phases      ] GC(107)       Skipped Cards:            Min: 0, Avg:  0.0, Max: 0, Diff: 0, Sum: 0, Workers: 8
[21.284s][info ][gc,phases      ] GC(107)   Evacuate Collection Set: 0.1ms
[21.284s][debug][gc,phases      ] GC(107)     Ext Root Scanning (ms):   Min:  0.0, Avg:  0.0, Max:  0.1, Diff:  0.1, Sum:  0.2, Workers: 8
[21.284s][debug][gc,phases      ] GC(107)     Scan Heap Roots (ms):     Min:  0.0, Avg:  0.0, Max:  0.0, Diff:  0.0, Sum:  0.0, Workers: 8
[21.284s][debug][gc,phases      ] GC(107)       Scanned Cards:            Min: 0, Avg:  0.1, Max: 1, Diff: 1, Sum: 1, Workers: 8
[21.284s][debug][gc,phases      ] GC(107)       Scanned Blocks:           Min: 0, Avg:  0.1, Max: 1, Diff: 1, Sum: 1, Workers: 8
[21.284s][debug][gc,phases      ] GC(107)       Claimed Chunks:           Min: 0, Avg:  0.1, Max: 1, Diff: 1, Sum: 1, Workers: 8
[21.284s][debug][gc,phases      ] GC(107)     Code Root Scan (ms):      Min:  0.0, Avg:  0.0, Max:  0.0, Diff:  0.0, Sum:  0.0, Workers: 8
[21.284s][debug][gc,phases      ] GC(107)     Object Copy (ms):         Min:  0.0, Avg:  0.0, Max:  0.0, Diff:  0.0, Sum:  0.0, Workers: 8
[21.284s][debug][gc,phases      ] GC(107)     Termination (ms):         Min:  0.0, Avg:  0.0, Max:  0.1, Diff:  0.0, Sum:  0.4, Workers: 8
[21.284s][debug][gc,phases      ] GC(107)       Termination Attempts:     Min: 1, Avg:  1.0, Max: 1, Diff: 0, Sum: 8, Workers: 8
[21.284s][debug][gc,phases      ] GC(107)     GC Worker Other (ms):     Min:  0.0, Avg:  0.0, Max:  0.0, Diff:  0.0, Sum:  0.1, Workers: 8
[21.284s][debug][gc,phases      ] GC(107)     GC Worker Total (ms):     Min:  0.1, Avg:  0.1, Max:  0.1, Diff:  0.1, Sum:  0.8, Workers: 8
[21.284s][info ][gc,phases      ] GC(107)   Post Evacuate Collection Set: 0.4ms
[21.284s][debug][gc,phases      ] GC(107)     Code Roots Fixup: 0.0ms
[21.284s][debug][gc,phases      ] GC(107)     Clear Card Table: 0.1ms
[21.284s][debug][gc,phases      ] GC(107)     Reference Processing: 0.0ms
[21.284s][debug][gc,phases,ref  ] GC(107)       Reconsider SoftReferences: 0.0ms
[21.284s][debug][gc,phases,ref  ] GC(107)         SoftRef (ms):             skipped
[21.284s][debug][gc,phases,ref  ] GC(107)       Notify Soft/WeakReferences: 0.0ms
[21.284s][debug][gc,phases,ref  ] GC(107)         SoftRef (ms):             skipped
[21.284s][debug][gc,phases,ref  ] GC(107)         WeakRef (ms):             skipped
[21.284s][debug][gc,phases,ref  ] GC(107)         FinalRef (ms):            skipped
[21.284s][debug][gc,phases,ref  ] GC(107)         Total (ms):               skipped
[21.284s][debug][gc,phases,ref  ] GC(107)       Notify and keep alive finalizable: 0.0ms
[21.284s][debug][gc,phases,ref  ] GC(107)         FinalRef (ms):            skipped
[21.284s][debug][gc,phases,ref  ] GC(107)       Notify PhantomReferences: 0.0ms
[21.284s][debug][gc,phases,ref  ] GC(107)         PhantomRef (ms):          skipped
[21.284s][debug][gc,phases,ref  ] GC(107)       SoftReference:
[21.284s][debug][gc,phases,ref  ] GC(107)         Discovered: 0
[21.284s][debug][gc,phases,ref  ] GC(107)         Cleared: 0
[21.284s][debug][gc,phases,ref  ] GC(107)       WeakReference:
[21.284s][debug][gc,phases,ref  ] GC(107)         Discovered: 0
[21.284s][debug][gc,phases,ref  ] GC(107)         Cleared: 0
[21.284s][debug][gc,phases,ref  ] GC(107)       FinalReference:
[21.284s][debug][gc,phases,ref  ] GC(107)         Discovered: 0
[21.284s][debug][gc,phases,ref  ] GC(107)         Cleared: 0
[21.284s][debug][gc,phases,ref  ] GC(107)       PhantomReference:
[21.284s][debug][gc,phases,ref  ] GC(107)         Discovered: 0
[21.284s][debug][gc,phases,ref  ] GC(107)         Cleared: 0
[21.284s][debug][gc,phases      ] GC(107)     Weak Processing: 0.1ms
[21.284s][debug][gc,phases      ] GC(107)       JVMTI weak processing: 0.0ms
[21.284s][debug][gc,phases      ] GC(107)         Dead: 0
[21.284s][debug][gc,phases      ] GC(107)         Total: 0
[21.284s][debug][gc,phases      ] GC(107)       JFR weak processing: 0.0ms
[21.284s][debug][gc,phases      ] GC(107)         Dead: 0
[21.284s][debug][gc,phases      ] GC(107)         Total: 0
[21.284s][debug][gc,phases      ] GC(107)       JNI weak                  Min:  0.0, Avg:  0.0, Max:  0.0, Diff:  0.0, Sum:  0.0, Workers: 5
[21.284s][debug][gc,phases      ] GC(107)         Dead                      Min: 0, Avg:  0.0, Max: 0, Diff: 0, Sum: 0, Workers: 5
[21.284s][debug][gc,phases      ] GC(107)         Total                     Min: 0, Avg: 13.4, Max: 52, Diff: 52, Sum: 67, Workers: 5
[21.284s][debug][gc,phases      ] GC(107)       VM weak                   Min:  0.0, Avg:  0.0, Max:  0.0, Diff:  0.0, Sum:  0.0, Workers: 5
[21.284s][debug][gc,phases      ] GC(107)         Dead                      Min: 0, Avg:  0.0, Max: 0, Diff: 0, Sum: 0, Workers: 5
[21.284s][debug][gc,phases      ] GC(107)         Total                     Min: 0, Avg: 47.6, Max: 128, Diff: 128, Sum: 238, Workers: 5
[21.284s][debug][gc,phases      ] GC(107)       StringTable weak          Min:  0.0, Avg:  0.0, Max:  0.0, Diff:  0.0, Sum:  0.1, Workers: 5
[21.284s][debug][gc,phases      ] GC(107)         Dead                      Min: 0, Avg:  0.0, Max: 0, Diff: 0, Sum: 0, Workers: 5
[21.284s][debug][gc,phases      ] GC(107)         Total                     Min: 0, Avg: 728.6, Max: 1024, Diff: 1024, Sum: 3643, Workers: 5
[21.284s][debug][gc,phases      ] GC(107)       ResolvedMethodTable weak  Min:  0.0, Avg:  0.0, Max:  0.0, Diff:  0.0, Sum:  0.0, Workers: 5
[21.284s][debug][gc,phases      ] GC(107)         Dead                      Min: 0, Avg:  0.0, Max: 0, Diff: 0, Sum: 0, Workers: 5
[21.284s][debug][gc,phases      ] GC(107)         Total                     Min: 0, Avg: 123.4, Max: 192, Diff: 192, Sum: 617, Workers: 5
[21.284s][debug][gc,phases      ] GC(107)     Merge Per-Thread State: 0.0ms
[21.284s][debug][gc,phases      ] GC(107)       Copied Bytes              Min: 0, Avg: 61.0, Max: 208, Diff: 208, Sum: 488, Workers: 8
[21.284s][debug][gc,phases      ] GC(107)       LAB Waste                 Min: 0, Avg:  0.0, Max: 0, Diff: 0, Sum: 0, Workers: 8
[21.284s][debug][gc,phases      ] GC(107)       LAB Undo Waste            Min: 0, Avg:  0.0, Max: 0, Diff: 0, Sum: 0, Workers: 8
[21.284s][debug][gc,phases      ] GC(107)     Code Roots Purge: 0.0ms
[21.284s][debug][gc,phases      ] GC(107)     Redirty Cards: 0.0ms
[21.284s][debug][gc,phases      ] GC(107)     DerivedPointerTable Update: 0.0ms
[21.284s][debug][gc,phases      ] GC(107)     Free Collection Set: 0.2ms
[21.284s][debug][gc,phases      ] GC(107)     Rebuild Free List: 0.0ms
[21.284s][debug][gc,phases      ] GC(107)     Humongous Reclaim: 0.0ms
[21.284s][debug][gc,phases      ] GC(107)     Start New Collection Set: 0.0ms
[21.284s][debug][gc,phases      ] GC(107)     Resize TLABs: 0.0ms
[21.284s][debug][gc,phases      ] GC(107)     Expand Heap After Collection: 0.0ms
[21.284s][info ][gc,phases      ] GC(107)   Other: 0.3ms
[21.284s][info ][gc,heap        ] GC(107) Eden regions: 177->0(177)
[21.284s][info ][gc,heap        ] GC(107) Survivor regions: 1->1(23)
[21.284s][info ][gc,heap        ] GC(107) Old regions: 7->7
[21.284s][info ][gc,heap        ] GC(107) Archive regions: 2->2
[21.284s][info ][gc,heap        ] GC(107) Humongous regions: 0->0
[21.284s][info ][gc,metaspace   ] GC(107) Metaspace: 10703K(11136K)->10703K(11136K) NonClass: 9440K(9728K)->9440K(9728K) Class: 1263K(1408K)->1263K(1408K)
[21.284s][debug][gc,heap        ] GC(107) Heap after GC invocations=108 (full 1): garbage-first heap   total 305152K, used 4440K [0x0000000700000000, 0x0000000800000000)
[21.284s][debug][gc,heap        ] GC(107)   region size 1024K, 1 young (1024K), 1 survivors (1024K)
[21.284s][debug][gc,heap        ] GC(107)  Metaspace       used 10703K, capacity 10992K, committed 11136K, reserved 1058816K
[21.284s][debug][gc,heap        ] GC(107)   class space    used 1263K, capacity 1389K, committed 1408K, reserved 1048576K
[21.284s][info ][gc             ] GC(107) Pause Young (Normal) (G1 Evacuation Pause) 181M->4M(298M) 1.518ms
[21.284s][info ][gc,cpu         ] GC(107) User=0.00s Sys=0.01s Real=0.00s
[21.284s][info ][safepoint      ] Safepoint "G1CollectForAllocation", Time since last: 165607039 ns, Reaching safepoint: 128806 ns, At safepoint: 1700869 ns, Total: 1829675 ns
[21.448s][debug][gc,heap        ] GC(108) Heap before GC invocations=108 (full 1): garbage-first heap   total 305152K, used 185688K [0x0000000700000000, 0x0000000800000000)
[21.448s][debug][gc,heap        ] GC(108)   region size 1024K, 178 young (182272K), 1 survivors (1024K)
[21.448s][debug][gc,heap        ] GC(108)  Metaspace       used 10703K, capacity 10992K, committed 11136K, reserved 1058816K
[21.448s][debug][gc,heap        ] GC(108)   class space    used 1263K, capacity 1389K, committed 1408K, reserved 1048576K
[21.448s][info ][gc,start       ] GC(108) Pause Young (Normal) (G1 Evacuation Pause)
[21.448s][info ][gc,task        ] GC(108) Using 8 workers of 8 for evacuation
[21.448s][debug][gc,tlab        ] GC(108) TLAB totals: thrds: 8  refills: 709 max: 98 slow allocs: 0 max 0 waste:  0.7% gc: 819624B max: 351968B slow: 410808B max: 56824B fast: 0B max: 0B
[21.448s][debug][gc,age         ] GC(108) Desired survivor size 12058624 bytes, new threshold 15 (max threshold 15)
[21.448s][debug][gc,alloc,region] GC(108) Mutator Allocation stats, regions: 177, wasted size: 0B ( 0.0%)
[21.448s][debug][gc,ergo        ] GC(108) Running G1 Merge Heap Roots using 8 workers for 178 regions
[21.448s][debug][gc,remset      ] GC(108) Visited cards 256 Total dirty 2048 (12.50%) Total old 747520 (0.03%)
[21.449s][debug][gc,ergo        ] GC(108) Running G1 Clear Card Table Task using 1 workers for 1 units of work for 179 regions.
[21.449s][debug][gc,ref         ] GC(108) Skipped phase1 of Reference Processing due to unavailable references
[21.449s][debug][gc,ref         ] GC(108) Skipped phase2 of Reference Processing due to unavailable references
[21.449s][debug][gc,ref         ] GC(108) Skipped phase3 of Reference Processing due to unavailable references
[21.449s][debug][gc,ref         ] GC(108) Skipped phase4 of Reference Processing due to unavailable references
[21.449s][debug][gc,ergo        ] GC(108) Running G1 Free Collection Set using 8 workers for collection set length 178 (298)
[21.449s][debug][gc,ergo        ] GC(108) Running G1 Rebuild Free List Task using 8 workers for rebuilding free list of 0 (4096) regions
[21.449s][trace][gc,age         ] GC(108) Age table with threshold 15 (max threshold 15)
[21.449s][trace][gc,age         ] GC(108) - age   1:        256 bytes,        256 total
[21.449s][debug][gc,plab        ] GC(108) Young PLAB allocation: allocated: 6192B, wasted: 0B, unused: 5936B, used: 256B, undo waste: 0B, 
[21.449s][debug][gc,plab        ] GC(108) Young other allocation: region end waste: 0B, regions filled: 1, direct allocated: 0B, failure used: 0B, failure wasted: 0B
[21.449s][debug][gc,plab        ] GC(108) Young sizing: calculated: 48B, actual: 2064B
[21.449s][debug][gc,plab        ] GC(108) Old PLAB allocation: allocated: 0B, wasted: 0B, unused: 0B, used: 0B, undo waste: 0B, 
[21.449s][debug][gc,plab        ] GC(108) Old other allocation: region end waste: 0B, regions filled: 1, direct allocated: 0B, failure used: 0B, failure wasted: 0B
[21.449s][debug][gc,plab        ] GC(108) Old sizing: calculated: 0B, actual: 2064B
[21.449s][debug][gc,ihop        ] GC(108) Basic information (value update), threshold: 140614041B (45.00), target occupancy: 312475648B, current occupancy: 4540960B, recent allocation size: 0B, recent allocation duration: 164.46ms, recent old gen allocation rate: 0.00B/s, recent marking phase length: 0.00ms
[21.449s][debug][gc,ihop        ] GC(108) Adaptive IHOP information (value update), threshold: 140614041B (47.37), internal target occupancy: 296851865B, occupancy: 4540960B, additional buffer size: 186646528B, predicted old gen allocation rate: 7981.48B/s, predicted marking phase length: 0.00ms, prediction active: false
[21.449s][debug][gc,ergo,refine ] GC(108) Concurrent refinement times: Logged Cards Scan time goal: 20.00ms Logged Cards Scan time: 0.00ms HCC time: 0.00ms
[21.449s][debug][gc,ergo,refine ] GC(108) Updated Refinement Zones: green: 2048, yellow: 6144, red: 10240
[21.449s][info ][gc,phases      ] GC(108)   Pre Evacuate Collection Set: 0.1ms
[21.449s][debug][gc,phases      ] GC(108)     Prepare TLABs: 0.0ms
[21.449s][debug][gc,phases      ] GC(108)     Choose Collection Set: 0.0ms
[21.449s][debug][gc,phases      ] GC(108)     Region Register: 0.1ms
[21.449s][debug][gc,phases      ] GC(108)     Prepare Heap Roots: 0.0ms
[21.449s][info ][gc,phases      ] GC(108)   Merge Heap Roots: 0.1ms
[21.449s][debug][gc,phases      ] GC(108)     Prepare Merge Heap Roots: 0.0ms
[21.449s][debug][gc,phases      ] GC(108)     Eager Reclaim (ms):       skipped
[21.449s][debug][gc,phases      ] GC(108)     Remembered Sets (ms):     Min:  0.0, Avg:  0.0, Max:  0.0, Diff:  0.0, Sum:  0.1, Workers: 8
[21.449s][debug][gc,phases      ] GC(108)       Merged Sparse:            Min: 0, Avg:  0.0, Max: 0, Diff: 0, Sum: 0, Workers: 8
[21.449s][debug][gc,phases      ] GC(108)       Merged Fine:              Min: 0, Avg:  0.0, Max: 0, Diff: 0, Sum: 0, Workers: 8
[21.449s][debug][gc,phases      ] GC(108)       Merged Coarse:            Min: 0, Avg:  0.0, Max: 0, Diff: 0, Sum: 0, Workers: 8
[21.449s][debug][gc,phases      ] GC(108)       Dirty Cards:              Min: 0, Avg:  0.0, Max: 0, Diff: 0, Sum: 0, Workers: 8
[21.449s][debug][gc,phases      ] GC(108)     Hot Card Cache (ms):      Min:  0.0, Avg:  0.0, Max:  0.0, Diff:  0.0, Sum:  0.0, Workers: 8
[21.449s][debug][gc,phases      ] GC(108)       Dirty Cards:              Min: 0, Avg:  0.0, Max: 0, Diff: 0, Sum: 0, Workers: 8
[21.449s][debug][gc,phases      ] GC(108)       Skipped Cards:            Min: 0, Avg:  0.0, Max: 0, Diff: 0, Sum: 0, Workers: 8
[21.449s][debug][gc,phases      ] GC(108)     Log Buffers (ms):         Min:  0.0, Avg:  0.0, Max:  0.0, Diff:  0.0, Sum:  0.0, Workers: 8
[21.449s][debug][gc,phases      ] GC(108)       Dirty Cards:              Min: 0, Avg:  0.1, Max: 1, Diff: 1, Sum: 1, Workers: 8
[21.449s][debug][gc,phases      ] GC(108)       Skipped Cards:            Min: 0, Avg:  0.0, Max: 0, Diff: 0, Sum: 0, Workers: 8
[21.449s][info ][gc,phases      ] GC(108)   Evacuate Collection Set: 0.2ms
[21.449s][debug][gc,phases      ] GC(108)     Ext Root Scanning (ms):   Min:  0.0, Avg:  0.0, Max:  0.0, Diff:  0.0, Sum:  0.2, Workers: 8
[21.449s][debug][gc,phases      ] GC(108)     Scan Heap Roots (ms):     Min:  0.0, Avg:  0.0, Max:  0.0, Diff:  0.0, Sum:  0.0, Workers: 8
[21.449s][debug][gc,phases      ] GC(108)       Scanned Cards:            Min: 0, Avg:  0.1, Max: 1, Diff: 1, Sum: 1, Workers: 8
[21.449s][debug][gc,phases      ] GC(108)       Scanned Blocks:           Min: 0, Avg:  0.1, Max: 1, Diff: 1, Sum: 1, Workers: 8
[21.449s][debug][gc,phases      ] GC(108)       Claimed Chunks:           Min: 0, Avg:  0.1, Max: 1, Diff: 1, Sum: 1, Workers: 8
[21.449s][debug][gc,phases      ] GC(108)     Code Root Scan (ms):      Min:  0.0, Avg:  0.0, Max:  0.0, Diff:  0.0, Sum:  0.0, Workers: 8
[21.449s][debug][gc,phases      ] GC(108)     Object Copy (ms):         Min:  0.0, Avg:  0.0, Max:  0.0, Diff:  0.0, Sum:  0.0, Workers: 8
[21.449s][debug][gc,phases      ] GC(108)     Termination (ms):         Min:  0.1, Avg:  0.1, Max:  0.1, Diff:  0.0, Sum:  0.5, Workers: 8
[21.449s][debug][gc,phases      ] GC(108)       Termination Attempts:     Min: 1, Avg:  1.0, Max: 1, Diff: 0, Sum: 8, Workers: 8
[21.449s][debug][gc,phases      ] GC(108)     GC Worker Other (ms):     Min:  0.0, Avg:  0.0, Max:  0.0, Diff:  0.0, Sum:  0.2, Workers: 8
[21.449s][debug][gc,phases      ] GC(108)     GC Worker Total (ms):     Min:  0.1, Avg:  0.1, Max:  0.2, Diff:  0.0, Sum:  1.0, Workers: 8
[21.449s][info ][gc,phases      ] GC(108)   Post Evacuate Collection Set: 0.5ms
[21.449s][debug][gc,phases      ] GC(108)     Code Roots Fixup: 0.0ms
[21.449s][debug][gc,phases      ] GC(108)     Clear Card Table: 0.1ms
[21.449s][debug][gc,phases      ] GC(108)     Reference Processing: 0.0ms
[21.449s][debug][gc,phases,ref  ] GC(108)       Reconsider SoftReferences: 0.0ms
[21.449s][debug][gc,phases,ref  ] GC(108)         SoftRef (ms):             skipped
[21.449s][debug][gc,phases,ref  ] GC(108)       Notify Soft/WeakReferences: 0.0ms
[21.449s][debug][gc,phases,ref  ] GC(108)         SoftRef (ms):             skipped
[21.449s][debug][gc,phases,ref  ] GC(108)         WeakRef (ms):             skipped
[21.449s][debug][gc,phases,ref  ] GC(108)         FinalRef (ms):            skipped
[21.449s][debug][gc,phases,ref  ] GC(108)         Total (ms):               skipped
[21.449s][debug][gc,phases,ref  ] GC(108)       Notify and keep alive finalizable: 0.0ms
[21.449s][debug][gc,phases,ref  ] GC(108)         FinalRef (ms):            skipped
[21.449s][debug][gc,phases,ref  ] GC(108)       Notify PhantomReferences: 0.0ms
[21.449s][debug][gc,phases,ref  ] GC(108)         PhantomRef (ms):          skipped
[21.449s][debug][gc,phases,ref  ] GC(108)       SoftReference:
[21.449s][debug][gc,phases,ref  ] GC(108)         Discovered: 0
[21.449s][debug][gc,phases,ref  ] GC(108)         Cleared: 0
[21.449s][debug][gc,phases,ref  ] GC(108)       WeakReference:
[21.449s][debug][gc,phases,ref  ] GC(108)         Discovered: 0
[21.449s][debug][gc,phases,ref  ] GC(108)         Cleared: 0
[21.449s][debug][gc,phases,ref  ] GC(108)       FinalReference:
[21.450s][debug][gc,phases,ref  ] GC(108)         Discovered: 0
[21.450s][debug][gc,phases,ref  ] GC(108)         Cleared: 0
[21.450s][debug][gc,phases,ref  ] GC(108)       PhantomReference:
[21.450s][debug][gc,phases,ref  ] GC(108)         Discovered: 0
[21.450s][debug][gc,phases,ref  ] GC(108)         Cleared: 0
[21.450s][debug][gc,phases      ] GC(108)     Weak Processing: 0.1ms
[21.450s][debug][gc,phases      ] GC(108)       JVMTI weak processing: 0.0ms
[21.450s][debug][gc,phases      ] GC(108)         Dead: 0
[21.450s][debug][gc,phases      ] GC(108)         Total: 0
[21.450s][debug][gc,phases      ] GC(108)       JFR weak processing: 0.0ms
[21.450s][debug][gc,phases      ] GC(108)         Dead: 0
[21.450s][debug][gc,phases      ] GC(108)         Total: 0
[21.450s][debug][gc,phases      ] GC(108)       JNI weak                  Min:  0.0, Avg:  0.0, Max:  0.0, Diff:  0.0, Sum:  0.0, Workers: 5
[21.450s][debug][gc,phases      ] GC(108)         Dead                      Min: 0, Avg:  0.0, Max: 0, Diff: 0, Sum: 0, Workers: 5
[21.450s][debug][gc,phases      ] GC(108)         Total                     Min: 0, Avg: 13.4, Max: 67, Diff: 67, Sum: 67, Workers: 5
[21.450s][debug][gc,phases      ] GC(108)       VM weak                   Min:  0.0, Avg:  0.0, Max:  0.0, Diff:  0.0, Sum:  0.0, Workers: 5
[21.450s][debug][gc,phases      ] GC(108)         Dead                      Min: 0, Avg:  0.0, Max: 0, Diff: 0, Sum: 0, Workers: 5
[21.450s][debug][gc,phases      ] GC(108)         Total                     Min: 0, Avg: 47.6, Max: 238, Diff: 238, Sum: 238, Workers: 5
[21.450s][debug][gc,phases      ] GC(108)       StringTable weak          Min:  0.0, Avg:  0.0, Max:  0.0, Diff:  0.0, Sum:  0.0, Workers: 5
[21.450s][debug][gc,phases      ] GC(108)         Dead                      Min: 0, Avg:  0.0, Max: 0, Diff: 0, Sum: 0, Workers: 5
[21.450s][debug][gc,phases      ] GC(108)         Total                     Min: 0, Avg: 728.6, Max: 3259, Diff: 3259, Sum: 3643, Workers: 5
[21.450s][debug][gc,phases      ] GC(108)       ResolvedMethodTable weak  Min:  0.0, Avg:  0.0, Max:  0.0, Diff:  0.0, Sum:  0.0, Workers: 5
[21.450s][debug][gc,phases      ] GC(108)         Dead                      Min: 0, Avg:  0.0, Max: 0, Diff: 0, Sum: 0, Workers: 5
[21.450s][debug][gc,phases      ] GC(108)         Total                     Min: 0, Avg: 123.4, Max: 233, Diff: 233, Sum: 617, Workers: 5
[21.450s][debug][gc,phases      ] GC(108)     Merge Per-Thread State: 0.0ms
[21.450s][debug][gc,phases      ] GC(108)       Copied Bytes              Min: 0, Avg: 32.0, Max: 128, Diff: 128, Sum: 256, Workers: 8
[21.450s][debug][gc,phases      ] GC(108)       LAB Waste                 Min: 0, Avg:  0.0, Max: 0, Diff: 0, Sum: 0, Workers: 8
[21.450s][debug][gc,phases      ] GC(108)       LAB Undo Waste            Min: 0, Avg:  0.0, Max: 0, Diff: 0, Sum: 0, Workers: 8
[21.450s][debug][gc,phases      ] GC(108)     Code Roots Purge: 0.0ms
[21.450s][debug][gc,phases      ] GC(108)     Redirty Cards: 0.0ms
[21.450s][debug][gc,phases      ] GC(108)     DerivedPointerTable Update: 0.0ms
[21.450s][debug][gc,phases      ] GC(108)     Free Collection Set: 0.1ms
[21.450s][debug][gc,phases      ] GC(108)     Rebuild Free List: 0.0ms
[21.450s][debug][gc,phases      ] GC(108)     Humongous Reclaim: 0.0ms
[21.450s][debug][gc,phases      ] GC(108)     Start New Collection Set: 0.0ms
[21.450s][debug][gc,phases      ] GC(108)     Resize TLABs: 0.0ms
[21.450s][debug][gc,phases      ] GC(108)     Expand Heap After Collection: 0.0ms
[21.450s][info ][gc,phases      ] GC(108)   Other: 0.3ms
[21.450s][info ][gc,heap        ] GC(108) Eden regions: 177->0(177)
[21.450s][info ][gc,heap        ] GC(108) Survivor regions: 1->1(23)
[21.450s][info ][gc,heap        ] GC(108) Old regions: 7->7
[21.450s][info ][gc,heap        ] GC(108) Archive regions: 2->2
[21.450s][info ][gc,heap        ] GC(108) Humongous regions: 0->0
[21.450s][info ][gc,metaspace   ] GC(108) Metaspace: 10703K(11136K)->10703K(11136K) NonClass: 9440K(9728K)->9440K(9728K) Class: 1263K(1408K)->1263K(1408K)
[21.450s][debug][gc,heap        ] GC(108) Heap after GC invocations=109 (full 1): garbage-first heap   total 305152K, used 4434K [0x0000000700000000, 0x0000000800000000)
[21.450s][debug][gc,heap        ] GC(108)   region size 1024K, 1 young (1024K), 1 survivors (1024K)
[21.450s][debug][gc,heap        ] GC(108)  Metaspace       used 10703K, capacity 10992K, committed 11136K, reserved 1058816K
[21.450s][debug][gc,heap        ] GC(108)   class space    used 1263K, capacity 1389K, committed 1408K, reserved 1048576K
[21.450s][info ][gc             ] GC(108) Pause Young (Normal) (G1 Evacuation Pause) 181M->4M(298M) 1.650ms
[21.450s][info ][gc,cpu         ] GC(108) User=0.00s Sys=0.00s Real=0.00s
[21.450s][info ][safepoint      ] Safepoint "G1CollectForAllocation", Time since last: 163452618 ns, Reaching safepoint: 177322 ns, At safepoint: 1817535 ns, Total: 1994857 ns
[21.606s][debug][gc,heap        ] GC(109) Heap before GC invocations=109 (full 1): garbage-first heap   total 305152K, used 185682K [0x0000000700000000, 0x0000000800000000)
[21.606s][debug][gc,heap        ] GC(109)   region size 1024K, 178 young (182272K), 1 survivors (1024K)
[21.606s][debug][gc,heap        ] GC(109)  Metaspace       used 10703K, capacity 10992K, committed 11136K, reserved 1058816K
[21.606s][debug][gc,heap        ] GC(109)   class space    used 1263K, capacity 1389K, committed 1408K, reserved 1048576K
[21.607s][info ][gc,start       ] GC(109) Pause Young (Normal) (G1 Evacuation Pause)
[21.607s][info ][gc,task        ] GC(109) Using 8 workers of 8 for evacuation
[21.607s][debug][gc,tlab        ] GC(109) TLAB totals: thrds: 8  refills: 708 max: 93 slow allocs: 0 max 0 waste:  1.1% gc: 1571968B max: 448912B slow: 409808B max: 54512B fast: 0B max: 0B
[21.607s][debug][gc,age         ] GC(109) Desired survivor size 12058624 bytes, new threshold 15 (max threshold 15)
[21.607s][debug][gc,alloc,region] GC(109) Mutator Allocation stats, regions: 177, wasted size: 0B ( 0.0%)
[21.607s][debug][gc,ergo        ] GC(109) Running G1 Merge Heap Roots using 8 workers for 178 regions
[21.607s][debug][gc,remset      ] GC(109) Visited cards 256 Total dirty 2048 (12.50%) Total old 747520 (0.03%)
[21.607s][debug][gc,ergo        ] GC(109) Running G1 Clear Card Table Task using 1 workers for 1 units of work for 179 regions.
[21.607s][debug][gc,ref         ] GC(109) Skipped phase1 of Reference Processing due to unavailable references
[21.607s][debug][gc,ref         ] GC(109) Skipped phase2 of Reference Processing due to unavailable references
[21.607s][debug][gc,ref         ] GC(109) Skipped phase3 of Reference Processing due to unavailable references
[21.607s][debug][gc,ref         ] GC(109) Skipped phase4 of Reference Processing due to unavailable references
[21.607s][debug][gc,ergo        ] GC(109) Running G1 Free Collection Set using 8 workers for collection set length 178 (298)
[21.607s][debug][gc,ergo        ] GC(109) Running G1 Rebuild Free List Task using 8 workers for rebuilding free list of 0 (4096) regions
[21.607s][trace][gc,age         ] GC(109) Age table with threshold 15 (max threshold 15)
[21.607s][trace][gc,age         ] GC(109) - age   1:        544 bytes,        544 total
[21.607s][debug][gc,plab        ] GC(109) Young PLAB allocation: allocated: 10320B, wasted: 0B, unused: 9776B, used: 544B, undo waste: 0B, 
[21.607s][debug][gc,plab        ] GC(109) Young other allocation: region end waste: 0B, regions filled: 1, direct allocated: 0B, failure used: 0B, failure wasted: 0B
[21.607s][debug][gc,plab        ] GC(109) Young sizing: calculated: 104B, actual: 2064B
[21.607s][debug][gc,plab        ] GC(109) Old PLAB allocation: allocated: 0B, wasted: 0B, unused: 0B, used: 0B, undo waste: 0B, 
[21.607s][debug][gc,plab        ] GC(109) Old other allocation: region end waste: 0B, regions filled: 1, direct allocated: 0B, failure used: 0B, failure wasted: 0B
[21.607s][debug][gc,plab        ] GC(109) Old sizing: calculated: 0B, actual: 2064B
[21.607s][debug][gc,ihop        ] GC(109) Basic information (value update), threshold: 140614041B (45.00), target occupancy: 312475648B, current occupancy: 4545088B, recent allocation size: 0B, recent allocation duration: 157.48ms, recent old gen allocation rate: 0.00B/s, recent marking phase length: 0.00ms
[21.607s][debug][gc,ihop        ] GC(109) Adaptive IHOP information (value update), threshold: 140614041B (47.37), internal target occupancy: 296851865B, occupancy: 4545088B, additional buffer size: 186646528B, predicted old gen allocation rate: 7759.59B/s, predicted marking phase length: 0.00ms, prediction active: false
[21.607s][debug][gc,ergo,refine ] GC(109) Concurrent refinement times: Logged Cards Scan time goal: 20.00ms Logged Cards Scan time: 0.00ms HCC time: 0.00ms
[21.607s][debug][gc,ergo,refine ] GC(109) Updated Refinement Zones: green: 2048, yellow: 6144, red: 10240
[21.607s][info ][gc,phases      ] GC(109)   Pre Evacuate Collection Set: 0.1ms
[21.607s][debug][gc,phases      ] GC(109)     Prepare TLABs: 0.0ms
[21.607s][debug][gc,phases      ] GC(109)     Choose Collection Set: 0.0ms
[21.607s][debug][gc,phases      ] GC(109)     Region Register: 0.1ms
[21.607s][debug][gc,phases      ] GC(109)     Prepare Heap Roots: 0.0ms
[21.608s][info ][gc,phases      ] GC(109)   Merge Heap Roots: 0.1ms
[21.608s][debug][gc,phases      ] GC(109)     Prepare Merge Heap Roots: 0.0ms
[21.608s][debug][gc,phases      ] GC(109)     Eager Reclaim (ms):       skipped
[21.608s][debug][gc,phases      ] GC(109)     Remembered Sets (ms):     Min:  0.0, Avg:  0.0, Max:  0.1, Diff:  0.1, Sum:  0.2, Workers: 8
[21.608s][debug][gc,phases      ] GC(109)       Merged Sparse:            Min: 0, Avg:  0.0, Max: 0, Diff: 0, Sum: 0, Workers: 8
[21.608s][debug][gc,phases      ] GC(109)       Merged Fine:              Min: 0, Avg:  0.0, Max: 0, Diff: 0, Sum: 0, Workers: 8
[21.608s][debug][gc,phases      ] GC(109)       Merged Coarse:            Min: 0, Avg:  0.0, Max: 0, Diff: 0, Sum: 0, Workers: 8
[21.608s][debug][gc,phases      ] GC(109)       Dirty Cards:              Min: 0, Avg:  0.0, Max: 0, Diff: 0, Sum: 0, Workers: 8
[21.608s][debug][gc,phases      ] GC(109)     Hot Card Cache (ms):      Min:  0.0, Avg:  0.0, Max:  0.0, Diff:  0.0, Sum:  0.0, Workers: 8
[21.608s][debug][gc,phases      ] GC(109)       Dirty Cards:              Min: 0, Avg:  0.0, Max: 0, Diff: 0, Sum: 0, Workers: 8
[21.608s][debug][gc,phases      ] GC(109)       Skipped Cards:            Min: 0, Avg:  0.0, Max: 0, Diff: 0, Sum: 0, Workers: 8
[21.608s][debug][gc,phases      ] GC(109)     Log Buffers (ms):         Min:  0.0, Avg:  0.0, Max:  0.0, Diff:  0.0, Sum:  0.0, Workers: 8
[21.608s][debug][gc,phases      ] GC(109)       Dirty Cards:              Min: 0, Avg:  0.1, Max: 1, Diff: 1, Sum: 1, Workers: 8
[21.608s][debug][gc,phases      ] GC(109)       Skipped Cards:            Min: 0, Avg:  0.0, Max: 0, Diff: 0, Sum: 0, Workers: 8
[21.608s][info ][gc,phases      ] GC(109)   Evacuate Collection Set: 0.1ms
[21.608s][debug][gc,phases      ] GC(109)     Ext Root Scanning (ms):   Min:  0.0, Avg:  0.0, Max:  0.0, Diff:  0.0, Sum:  0.2, Workers: 8
[21.608s][debug][gc,phases      ] GC(109)     Scan Heap Roots (ms):     Min:  0.0, Avg:  0.0, Max:  0.0, Diff:  0.0, Sum:  0.0, Workers: 8
[21.608s][debug][gc,phases      ] GC(109)       Scanned Cards:            Min: 0, Avg:  0.1, Max: 1, Diff: 1, Sum: 1, Workers: 8
[21.608s][debug][gc,phases      ] GC(109)       Scanned Blocks:           Min: 0, Avg:  0.1, Max: 1, Diff: 1, Sum: 1, Workers: 8
[21.608s][debug][gc,phases      ] GC(109)       Claimed Chunks:           Min: 0, Avg:  0.1, Max: 1, Diff: 1, Sum: 1, Workers: 8
[21.608s][debug][gc,phases      ] GC(109)     Code Root Scan (ms):      Min:  0.0, Avg:  0.0, Max:  0.0, Diff:  0.0, Sum:  0.0, Workers: 8
[21.608s][debug][gc,phases      ] GC(109)     Object Copy (ms):         Min:  0.0, Avg:  0.0, Max:  0.0, Diff:  0.0, Sum:  0.0, Workers: 8
[21.608s][debug][gc,phases      ] GC(109)     Termination (ms):         Min:  0.1, Avg:  0.1, Max:  0.1, Diff:  0.0, Sum:  0.5, Workers: 8
[21.608s][debug][gc,phases      ] GC(109)       Termination Attempts:     Min: 1, Avg:  1.0, Max: 1, Diff: 0, Sum: 8, Workers: 8
[21.608s][debug][gc,phases      ] GC(109)     GC Worker Other (ms):     Min:  0.0, Avg:  0.0, Max:  0.0, Diff:  0.0, Sum:  0.1, Workers: 8
[21.608s][debug][gc,phases      ] GC(109)     GC Worker Total (ms):     Min:  0.1, Avg:  0.1, Max:  0.1, Diff:  0.0, Sum:  0.9, Workers: 8
[21.608s][info ][gc,phases      ] GC(109)   Post Evacuate Collection Set: 0.4ms
[21.608s][debug][gc,phases      ] GC(109)     Code Roots Fixup: 0.0ms
[21.608s][debug][gc,phases      ] GC(109)     Clear Card Table: 0.1ms
[21.608s][debug][gc,phases      ] GC(109)     Reference Processing: 0.0ms
[21.608s][debug][gc,phases,ref  ] GC(109)       Reconsider SoftReferences: 0.0ms
[21.608s][debug][gc,phases,ref  ] GC(109)         SoftRef (ms):             skipped
[21.608s][debug][gc,phases,ref  ] GC(109)       Notify Soft/WeakReferences: 0.0ms
[21.608s][debug][gc,phases,ref  ] GC(109)         SoftRef (ms):             skipped
[21.608s][debug][gc,phases,ref  ] GC(109)         WeakRef (ms):             skipped
[21.608s][debug][gc,phases,ref  ] GC(109)         FinalRef (ms):            skipped
[21.608s][debug][gc,phases,ref  ] GC(109)         Total (ms):               skipped
[21.608s][debug][gc,phases,ref  ] GC(109)       Notify and keep alive finalizable: 0.0ms
[21.608s][debug][gc,phases,ref  ] GC(109)         FinalRef (ms):            skipped
[21.608s][debug][gc,phases,ref  ] GC(109)       Notify PhantomReferences: 0.0ms
[21.608s][debug][gc,phases,ref  ] GC(109)         PhantomRef (ms):          skipped
[21.608s][debug][gc,phases,ref  ] GC(109)       SoftReference:
[21.608s][debug][gc,phases,ref  ] GC(109)         Discovered: 0
[21.608s][debug][gc,phases,ref  ] GC(109)         Cleared: 0
[21.608s][debug][gc,phases,ref  ] GC(109)       WeakReference:
[21.608s][debug][gc,phases,ref  ] GC(109)         Discovered: 0
[21.608s][debug][gc,phases,ref  ] GC(109)         Cleared: 0
[21.608s][debug][gc,phases,ref  ] GC(109)       FinalReference:
[21.608s][debug][gc,phases,ref  ] GC(109)         Discovered: 0
[21.608s][debug][gc,phases,ref  ] GC(109)         Cleared: 0
[21.608s][debug][gc,phases,ref  ] GC(109)       PhantomReference:
[21.608s][debug][gc,phases,ref  ] GC(109)         Discovered: 0
[21.608s][debug][gc,phases,ref  ] GC(109)         Cleared: 0
[21.608s][debug][gc,phases      ] GC(109)     Weak Processing: 0.1ms
[21.608s][debug][gc,phases      ] GC(109)       JVMTI weak processing: 0.0ms
[21.608s][debug][gc,phases      ] GC(109)         Dead: 0
[21.608s][debug][gc,phases      ] GC(109)         Total: 0
[21.608s][debug][gc,phases      ] GC(109)       JFR weak processing: 0.0ms
[21.608s][debug][gc,phases      ] GC(109)         Dead: 0
[21.608s][debug][gc,phases      ] GC(109)         Total: 0
[21.608s][debug][gc,phases      ] GC(109)       JNI weak                  Min:  0.0, Avg:  0.0, Max:  0.0, Diff:  0.0, Sum:  0.0, Workers: 5
[21.608s][debug][gc,phases      ] GC(109)         Dead                      Min: 0, Avg:  0.0, Max: 0, Diff: 0, Sum: 0, Workers: 5
[21.608s][debug][gc,phases      ] GC(109)         Total                     Min: 0, Avg: 13.4, Max: 67, Diff: 67, Sum: 67, Workers: 5
[21.608s][debug][gc,phases      ] GC(109)       VM weak                   Min:  0.0, Avg:  0.0, Max:  0.0, Diff:  0.0, Sum:  0.0, Workers: 5
[21.608s][debug][gc,phases      ] GC(109)         Dead                      Min: 0, Avg:  0.0, Max: 0, Diff: 0, Sum: 0, Workers: 5
[21.608s][debug][gc,phases      ] GC(109)         Total                     Min: 0, Avg: 47.6, Max: 192, Diff: 192, Sum: 238, Workers: 5
[21.608s][debug][gc,phases      ] GC(109)       StringTable weak          Min:  0.0, Avg:  0.0, Max:  0.0, Diff:  0.0, Sum:  0.0, Workers: 5
[21.608s][debug][gc,phases      ] GC(109)         Dead                      Min: 0, Avg:  0.0, Max: 0, Diff: 0, Sum: 0, Workers: 5
[21.608s][debug][gc,phases      ] GC(109)         Total                     Min: 64, Avg: 728.6, Max: 1024, Diff: 960, Sum: 3643, Workers: 5
[21.608s][debug][gc,phases      ] GC(109)       ResolvedMethodTable weak  Min:  0.0, Avg:  0.0, Max:  0.0, Diff:  0.0, Sum:  0.0, Workers: 5
[21.608s][debug][gc,phases      ] GC(109)         Dead                      Min: 0, Avg:  0.0, Max: 0, Diff: 0, Sum: 0, Workers: 5
[21.608s][debug][gc,phases      ] GC(109)         Total                     Min: 64, Avg: 123.4, Max: 192, Diff: 128, Sum: 617, Workers: 5
[21.608s][debug][gc,phases      ] GC(109)     Merge Per-Thread State: 0.0ms
[21.608s][debug][gc,phases      ] GC(109)       Copied Bytes              Min: 0, Avg: 68.0, Max: 184, Diff: 184, Sum: 544, Workers: 8
[21.608s][debug][gc,phases      ] GC(109)       LAB Waste                 Min: 0, Avg:  0.0, Max: 0, Diff: 0, Sum: 0, Workers: 8
[21.608s][debug][gc,phases      ] GC(109)       LAB Undo Waste            Min: 0, Avg:  0.0, Max: 0, Diff: 0, Sum: 0, Workers: 8
[21.608s][debug][gc,phases      ] GC(109)     Code Roots Purge: 0.0ms
[21.608s][debug][gc,phases      ] GC(109)     Redirty Cards: 0.0ms
[21.608s][debug][gc,phases      ] GC(109)     DerivedPointerTable Update: 0.0ms
[21.608s][debug][gc,phases      ] GC(109)     Free Collection Set: 0.1ms
[21.608s][debug][gc,phases      ] GC(109)     Rebuild Free List: 0.0ms
[21.608s][debug][gc,phases      ] GC(109)     Humongous Reclaim: 0.0ms
[21.608s][debug][gc,phases      ] GC(109)     Start New Collection Set: 0.0ms
[21.608s][debug][gc,phases      ] GC(109)     Resize TLABs: 0.0ms
[21.608s][debug][gc,phases      ] GC(109)     Expand Heap After Collection: 0.0ms
[21.608s][info ][gc,phases      ] GC(109)   Other: 0.3ms
[21.608s][info ][gc,heap        ] GC(109) Eden regions: 177->0(177)
[21.608s][info ][gc,heap        ] GC(109) Survivor regions: 1->1(23)
[21.608s][info ][gc,heap        ] GC(109) Old regions: 7->7
[21.608s][info ][gc,heap        ] GC(109) Archive regions: 2->2
[21.608s][info ][gc,heap        ] GC(109) Humongous regions: 0->0
[21.608s][info ][gc,metaspace   ] GC(109) Metaspace: 10703K(11136K)->10703K(11136K) NonClass: 9440K(9728K)->9440K(9728K) Class: 1263K(1408K)->1263K(1408K)
[21.608s][debug][gc,heap        ] GC(109) Heap after GC invocations=110 (full 1): garbage-first heap   total 305152K, used 4438K [0x0000000700000000, 0x0000000800000000)
[21.608s][debug][gc,heap        ] GC(109)   region size 1024K, 1 young (1024K), 1 survivors (1024K)
[21.608s][debug][gc,heap        ] GC(109)  Metaspace       used 10703K, capacity 10992K, committed 11136K, reserved 1058816K
[21.608s][debug][gc,heap        ] GC(109)   class space    used 1263K, capacity 1389K, committed 1408K, reserved 1048576K
[21.608s][info ][gc             ] GC(109) Pause Young (Normal) (G1 Evacuation Pause) 181M->4M(298M) 1.568ms
[21.608s][info ][gc,cpu         ] GC(109) User=0.00s Sys=0.00s Real=0.01s
[21.608s][info ][safepoint      ] Safepoint "G1CollectForAllocation", Time since last: 156478585 ns, Reaching safepoint: 101942 ns, At safepoint: 1746600 ns, Total: 1848542 ns
[21.772s][debug][gc,heap        ] GC(110) Heap before GC invocations=110 (full 1): garbage-first heap   total 305152K, used 185686K [0x0000000700000000, 0x0000000800000000)
[21.772s][debug][gc,heap        ] GC(110)   region size 1024K, 178 young (182272K), 1 survivors (1024K)
[21.772s][debug][gc,heap        ] GC(110)  Metaspace       used 10703K, capacity 10992K, committed 11136K, reserved 1058816K
[21.772s][debug][gc,heap        ] GC(110)   class space    used 1263K, capacity 1389K, committed 1408K, reserved 1048576K
[21.772s][info ][gc,start       ] GC(110) Pause Young (Normal) (G1 Evacuation Pause)
[21.772s][info ][gc,task        ] GC(110) Using 8 workers of 8 for evacuation
[21.772s][debug][gc,tlab        ] GC(110) TLAB totals: thrds: 8  refills: 711 max: 92 slow allocs: 0 max 0 waste:  0.9% gc: 1245416B max: 329752B slow: 411688B max: 53584B fast: 0B max: 0B
[21.772s][debug][gc,age         ] GC(110) Desired survivor size 12058624 bytes, new threshold 15 (max threshold 15)
[21.772s][debug][gc,alloc,region] GC(110) Mutator Allocation stats, regions: 177, wasted size: 0B ( 0.0%)
[21.772s][debug][gc,ergo        ] GC(110) Running G1 Merge Heap Roots using 8 workers for 178 regions
[21.772s][debug][gc,remset      ] GC(110) Visited cards 256 Total dirty 2048 (12.50%) Total old 747520 (0.03%)
[21.772s][debug][gc,ergo        ] GC(110) Running G1 Clear Card Table Task using 1 workers for 1 units of work for 179 regions.
[21.772s][debug][gc,ref         ] GC(110) Skipped phase1 of Reference Processing due to unavailable references
[21.772s][debug][gc,ref         ] GC(110) Skipped phase2 of Reference Processing due to unavailable references
[21.772s][debug][gc,ref         ] GC(110) Skipped phase3 of Reference Processing due to unavailable references
[21.772s][debug][gc,ref         ] GC(110) Skipped phase4 of Reference Processing due to unavailable references
[21.772s][debug][gc,ergo        ] GC(110) Running G1 Free Collection Set using 8 workers for collection set length 178 (298)
[21.773s][debug][gc,ergo        ] GC(110) Running G1 Rebuild Free List Task using 8 workers for rebuilding free list of 0 (4096) regions
[21.773s][trace][gc,age         ] GC(110) Age table with threshold 15 (max threshold 15)
[21.773s][trace][gc,age         ] GC(110) - age   1:        176 bytes,        176 total
[21.773s][debug][gc,plab        ] GC(110) Young PLAB allocation: allocated: 6192B, wasted: 0B, unused: 6016B, used: 176B, undo waste: 0B, 
[21.773s][debug][gc,plab        ] GC(110) Young other allocation: region end waste: 0B, regions filled: 1, direct allocated: 0B, failure used: 0B, failure wasted: 0B
[21.773s][debug][gc,plab        ] GC(110) Young sizing: calculated: 32B, actual: 2064B
[21.773s][debug][gc,plab        ] GC(110) Old PLAB allocation: allocated: 0B, wasted: 0B, unused: 0B, used: 0B, undo waste: 0B, 
[21.773s][debug][gc,plab        ] GC(110) Old other allocation: region end waste: 0B, regions filled: 1, direct allocated: 0B, failure used: 0B, failure wasted: 0B
[21.773s][debug][gc,plab        ] GC(110) Old sizing: calculated: 0B, actual: 2064B
[21.773s][debug][gc,ihop        ] GC(110) Basic information (value update), threshold: 140614041B (45.00), target occupancy: 312475648B, current occupancy: 4540960B, recent allocation size: 0B, recent allocation duration: 164.37ms, recent old gen allocation rate: 0.00B/s, recent marking phase length: 0.00ms
[21.773s][debug][gc,ihop        ] GC(110) Adaptive IHOP information (value update), threshold: 140614041B (47.37), internal target occupancy: 296851865B, occupancy: 4540960B, additional buffer size: 186646528B, predicted old gen allocation rate: 7544.30B/s, predicted marking phase length: 0.00ms, prediction active: false
[21.773s][debug][gc,ergo,refine ] GC(110) Concurrent refinement times: Logged Cards Scan time goal: 20.00ms Logged Cards Scan time: 0.00ms HCC time: 0.00ms
[21.773s][debug][gc,ergo,refine ] GC(110) Updated Refinement Zones: green: 2048, yellow: 6144, red: 10240
[21.773s][info ][gc,phases      ] GC(110)   Pre Evacuate Collection Set: 0.1ms
[21.773s][debug][gc,phases      ] GC(110)     Prepare TLABs: 0.0ms
[21.773s][debug][gc,phases      ] GC(110)     Choose Collection Set: 0.0ms
[21.773s][debug][gc,phases      ] GC(110)     Region Register: 0.1ms
[21.773s][debug][gc,phases      ] GC(110)     Prepare Heap Roots: 0.0ms
[21.773s][info ][gc,phases      ] GC(110)   Merge Heap Roots: 0.1ms
[21.773s][debug][gc,phases      ] GC(110)     Prepare Merge Heap Roots: 0.0ms
[21.773s][debug][gc,phases      ] GC(110)     Eager Reclaim (ms):       skipped
[21.773s][debug][gc,phases      ] GC(110)     Remembered Sets (ms):     Min:  0.0, Avg:  0.0, Max:  0.0, Diff:  0.0, Sum:  0.1, Workers: 8
[21.773s][debug][gc,phases      ] GC(110)       Merged Sparse:            Min: 0, Avg:  0.0, Max: 0, Diff: 0, Sum: 0, Workers: 8
[21.773s][debug][gc,phases      ] GC(110)       Merged Fine:              Min: 0, Avg:  0.0, Max: 0, Diff: 0, Sum: 0, Workers: 8
[21.773s][debug][gc,phases      ] GC(110)       Merged Coarse:            Min: 0, Avg:  0.0, Max: 0, Diff: 0, Sum: 0, Workers: 8
[21.773s][debug][gc,phases      ] GC(110)       Dirty Cards:              Min: 0, Avg:  0.0, Max: 0, Diff: 0, Sum: 0, Workers: 8
[21.773s][debug][gc,phases      ] GC(110)     Hot Card Cache (ms):      Min:  0.0, Avg:  0.0, Max:  0.0, Diff:  0.0, Sum:  0.0, Workers: 8
[21.773s][debug][gc,phases      ] GC(110)       Dirty Cards:              Min: 0, Avg:  0.0, Max: 0, Diff: 0, Sum: 0, Workers: 8
[21.773s][debug][gc,phases      ] GC(110)       Skipped Cards:            Min: 0, Avg:  0.0, Max: 0, Diff: 0, Sum: 0, Workers: 8
[21.773s][debug][gc,phases      ] GC(110)     Log Buffers (ms):         Min:  0.0, Avg:  0.0, Max:  0.0, Diff:  0.0, Sum:  0.0, Workers: 8
[21.773s][debug][gc,phases      ] GC(110)       Dirty Cards:              Min: 0, Avg:  0.1, Max: 1, Diff: 1, Sum: 1, Workers: 8
[21.773s][debug][gc,phases      ] GC(110)       Skipped Cards:            Min: 0, Avg:  0.0, Max: 0, Diff: 0, Sum: 0, Workers: 8
[21.773s][info ][gc,phases      ] GC(110)   Evacuate Collection Set: 0.2ms
[21.773s][debug][gc,phases      ] GC(110)     Ext Root Scanning (ms):   Min:  0.0, Avg:  0.0, Max:  0.1, Diff:  0.1, Sum:  0.3, Workers: 8
[21.773s][debug][gc,phases      ] GC(110)     Scan Heap Roots (ms):     Min:  0.0, Avg:  0.0, Max:  0.0, Diff:  0.0, Sum:  0.0, Workers: 8
[21.773s][debug][gc,phases      ] GC(110)       Scanned Cards:            Min: 0, Avg:  0.1, Max: 1, Diff: 1, Sum: 1, Workers: 8
[21.773s][debug][gc,phases      ] GC(110)       Scanned Blocks:           Min: 0, Avg:  0.1, Max: 1, Diff: 1, Sum: 1, Workers: 8
[21.773s][debug][gc,phases      ] GC(110)       Claimed Chunks:           Min: 0, Avg:  0.1, Max: 1, Diff: 1, Sum: 1, Workers: 8
[21.773s][debug][gc,phases      ] GC(110)     Code Root Scan (ms):      Min:  0.0, Avg:  0.0, Max:  0.0, Diff:  0.0, Sum:  0.0, Workers: 8
[21.773s][debug][gc,phases      ] GC(110)     Object Copy (ms):         Min:  0.0, Avg:  0.0, Max:  0.0, Diff:  0.0, Sum:  0.0, Workers: 8
[21.773s][debug][gc,phases      ] GC(110)     Termination (ms):         Min:  0.0, Avg:  0.1, Max:  0.1, Diff:  0.0, Sum:  0.4, Workers: 8
[21.773s][debug][gc,phases      ] GC(110)       Termination Attempts:     Min: 1, Avg:  1.0, Max: 1, Diff: 0, Sum: 8, Workers: 8
[21.773s][debug][gc,phases      ] GC(110)     GC Worker Other (ms):     Min:  0.0, Avg:  0.0, Max:  0.0, Diff:  0.0, Sum:  0.2, Workers: 8
[21.773s][debug][gc,phases      ] GC(110)     GC Worker Total (ms):     Min:  0.1, Avg:  0.1, Max:  0.2, Diff:  0.1, Sum:  0.9, Workers: 8
[21.773s][info ][gc,phases      ] GC(110)   Post Evacuate Collection Set: 0.4ms
[21.773s][debug][gc,phases      ] GC(110)     Code Roots Fixup: 0.0ms
[21.773s][debug][gc,phases      ] GC(110)     Clear Card Table: 0.1ms
[21.773s][debug][gc,phases      ] GC(110)     Reference Processing: 0.0ms
[21.773s][debug][gc,phases,ref  ] GC(110)       Reconsider SoftReferences: 0.0ms
[21.773s][debug][gc,phases,ref  ] GC(110)         SoftRef (ms):             skipped
[21.773s][debug][gc,phases,ref  ] GC(110)       Notify Soft/WeakReferences: 0.0ms
[21.773s][debug][gc,phases,ref  ] GC(110)         SoftRef (ms):             skipped
[21.773s][debug][gc,phases,ref  ] GC(110)         WeakRef (ms):             skipped
[21.773s][debug][gc,phases,ref  ] GC(110)         FinalRef (ms):            skipped
[21.773s][debug][gc,phases,ref  ] GC(110)         Total (ms):               skipped
[21.773s][debug][gc,phases,ref  ] GC(110)       Notify and keep alive finalizable: 0.0ms
[21.773s][debug][gc,phases,ref  ] GC(110)         FinalRef (ms):            skipped
[21.773s][debug][gc,phases,ref  ] GC(110)       Notify PhantomReferences: 0.0ms
[21.773s][debug][gc,phases,ref  ] GC(110)         PhantomRef (ms):          skipped
[21.773s][debug][gc,phases,ref  ] GC(110)       SoftReference:
[21.773s][debug][gc,phases,ref  ] GC(110)         Discovered: 0
[21.773s][debug][gc,phases,ref  ] GC(110)         Cleared: 0
[21.773s][debug][gc,phases,ref  ] GC(110)       WeakReference:
[21.773s][debug][gc,phases,ref  ] GC(110)         Discovered: 0
[21.773s][debug][gc,phases,ref  ] GC(110)         Cleared: 0
[21.773s][debug][gc,phases,ref  ] GC(110)       FinalReference:
[21.773s][debug][gc,phases,ref  ] GC(110)         Discovered: 0
[21.773s][debug][gc,phases,ref  ] GC(110)         Cleared: 0
[21.773s][debug][gc,phases,ref  ] GC(110)       PhantomReference:
[21.773s][debug][gc,phases,ref  ] GC(110)         Discovered: 0
[21.773s][debug][gc,phases,ref  ] GC(110)         Cleared: 0
[21.773s][debug][gc,phases      ] GC(110)     Weak Processing: 0.1ms
[21.773s][debug][gc,phases      ] GC(110)       JVMTI weak processing: 0.0ms
[21.773s][debug][gc,phases      ] GC(110)         Dead: 0
[21.773s][debug][gc,phases      ] GC(110)         Total: 0
[21.773s][debug][gc,phases      ] GC(110)       JFR weak processing: 0.0ms
[21.773s][debug][gc,phases      ] GC(110)         Dead: 0
[21.773s][debug][gc,phases      ] GC(110)         Total: 0
[21.773s][debug][gc,phases      ] GC(110)       JNI weak                  Min:  0.0, Avg:  0.0, Max:  0.0, Diff:  0.0, Sum:  0.1, Workers: 5
[21.773s][debug][gc,phases      ] GC(110)         Dead                      Min: 0, Avg:  0.0, Max: 0, Diff: 0, Sum: 0, Workers: 5
[21.773s][debug][gc,phases      ] GC(110)         Total                     Min: 0, Avg: 13.4, Max: 52, Diff: 52, Sum: 67, Workers: 5
[21.773s][debug][gc,phases      ] GC(110)       VM weak                   Min:  0.0, Avg:  0.0, Max:  0.0, Diff:  0.0, Sum:  0.0, Workers: 5
[21.773s][debug][gc,phases      ] GC(110)         Dead                      Min: 0, Avg:  0.0, Max: 0, Diff: 0, Sum: 0, Workers: 5
[21.773s][debug][gc,phases      ] GC(110)         Total                     Min: 0, Avg: 47.6, Max: 128, Diff: 128, Sum: 238, Workers: 5
[21.773s][debug][gc,phases      ] GC(110)       StringTable weak          Min:  0.0, Avg:  0.0, Max:  0.1, Diff:  0.1, Sum:  0.2, Workers: 5
[21.773s][debug][gc,phases      ] GC(110)         Dead                      Min: 0, Avg:  0.0, Max: 0, Diff: 0, Sum: 0, Workers: 5
[21.773s][debug][gc,phases      ] GC(110)         Total                     Min: 64, Avg: 728.6, Max: 1277, Diff: 1213, Sum: 3643, Workers: 5
[21.773s][debug][gc,phases      ] GC(110)       ResolvedMethodTable weak  Min:  0.0, Avg:  0.0, Max:  0.0, Diff:  0.0, Sum:  0.0, Workers: 5
[21.773s][debug][gc,phases      ] GC(110)         Dead                      Min: 0, Avg:  0.0, Max: 0, Diff: 0, Sum: 0, Workers: 5
[21.773s][debug][gc,phases      ] GC(110)         Total                     Min: 0, Avg: 123.4, Max: 192, Diff: 192, Sum: 617, Workers: 5
[21.773s][debug][gc,phases      ] GC(110)     Merge Per-Thread State: 0.0ms
[21.773s][debug][gc,phases      ] GC(110)       Copied Bytes              Min: 0, Avg: 22.0, Max: 104, Diff: 104, Sum: 176, Workers: 8
[21.773s][debug][gc,phases      ] GC(110)       LAB Waste                 Min: 0, Avg:  0.0, Max: 0, Diff: 0, Sum: 0, Workers: 8
[21.773s][debug][gc,phases      ] GC(110)       LAB Undo Waste            Min: 0, Avg:  0.0, Max: 0, Diff: 0, Sum: 0, Workers: 8
[21.773s][debug][gc,phases      ] GC(110)     Code Roots Purge: 0.0ms
[21.773s][debug][gc,phases      ] GC(110)     Redirty Cards: 0.0ms
[21.773s][debug][gc,phases      ] GC(110)     DerivedPointerTable Update: 0.0ms
[21.773s][debug][gc,phases      ] GC(110)     Free Collection Set: 0.1ms
[21.773s][debug][gc,phases      ] GC(110)     Rebuild Free List: 0.1ms
[21.773s][debug][gc,phases      ] GC(110)     Humongous Reclaim: 0.0ms
[21.773s][debug][gc,phases      ] GC(110)     Start New Collection Set: 0.0ms
[21.773s][debug][gc,phases      ] GC(110)     Resize TLABs: 0.0ms
[21.773s][debug][gc,phases      ] GC(110)     Expand Heap After Collection: 0.0ms
[21.773s][info ][gc,phases      ] GC(110)   Other: 0.3ms
[21.773s][info ][gc,heap        ] GC(110) Eden regions: 177->0(177)
[21.773s][info ][gc,heap        ] GC(110) Survivor regions: 1->1(23)
[21.773s][info ][gc,heap        ] GC(110) Old regions: 7->7
[21.773s][info ][gc,heap        ] GC(110) Archive regions: 2->2
[21.773s][info ][gc,heap        ] GC(110) Humongous regions: 0->0
[21.773s][info ][gc,metaspace   ] GC(110) Metaspace: 10703K(11136K)->10703K(11136K) NonClass: 9440K(9728K)->9440K(9728K) Class: 1263K(1408K)->1263K(1408K)
[21.773s][debug][gc,heap        ] GC(110) Heap after GC invocations=111 (full 1): garbage-first heap   total 305152K, used 4434K [0x0000000700000000, 0x0000000800000000)
[21.773s][debug][gc,heap        ] GC(110)   region size 1024K, 1 young (1024K), 1 survivors (1024K)
[21.773s][debug][gc,heap        ] GC(110)  Metaspace       used 10703K, capacity 10992K, committed 11136K, reserved 1058816K
[21.773s][debug][gc,heap        ] GC(110)   class space    used 1263K, capacity 1389K, committed 1408K, reserved 1048576K
[21.773s][info ][gc             ] GC(110) Pause Young (Normal) (G1 Evacuation Pause) 181M->4M(298M) 1.501ms
[21.773s][info ][gc,cpu         ] GC(110) User=0.00s Sys=0.00s Real=0.00s
[21.773s][info ][safepoint      ] Safepoint "G1CollectForAllocation", Time since last: 163338407 ns, Reaching safepoint: 157906 ns, At safepoint: 1700317 ns, Total: 1858223 ns
[21.941s][debug][gc,heap        ] GC(111) Heap before GC invocations=111 (full 1): garbage-first heap   total 305152K, used 185682K [0x0000000700000000, 0x0000000800000000)
[21.941s][debug][gc,heap        ] GC(111)   region size 1024K, 178 young (182272K), 1 survivors (1024K)
[21.941s][debug][gc,heap        ] GC(111)  Metaspace       used 10703K, capacity 10992K, committed 11136K, reserved 1058816K
[21.941s][debug][gc,heap        ] GC(111)   class space    used 1263K, capacity 1389K, committed 1408K, reserved 1048576K
[21.941s][info ][gc,start       ] GC(111) Pause Young (Normal) (G1 Evacuation Pause)
[21.941s][info ][gc,task        ] GC(111) Using 8 workers of 8 for evacuation
[21.941s][debug][gc,tlab        ] GC(111) TLAB totals: thrds: 8  refills: 712 max: 92 slow allocs: 0 max 0 waste:  1.1% gc: 1611280B max: 419888B slow: 411720B max: 52960B fast: 0B max: 0B
[21.941s][debug][gc,age         ] GC(111) Desired survivor size 12058624 bytes, new threshold 15 (max threshold 15)
[21.941s][debug][gc,alloc,region] GC(111) Mutator Allocation stats, regions: 177, wasted size: 0B ( 0.0%)
[21.941s][debug][gc,ergo        ] GC(111) Running G1 Merge Heap Roots using 8 workers for 178 regions
[21.941s][debug][gc,remset      ] GC(111) Visited cards 256 Total dirty 2048 (12.50%) Total old 747520 (0.03%)
[21.941s][debug][gc,ergo        ] GC(111) Running G1 Clear Card Table Task using 1 workers for 1 units of work for 179 regions.
[21.941s][debug][gc,ref         ] GC(111) Skipped phase1 of Reference Processing due to unavailable references
[21.941s][debug][gc,ref         ] GC(111) Skipped phase2 of Reference Processing due to unavailable references
[21.941s][debug][gc,ref         ] GC(111) Skipped phase3 of Reference Processing due to unavailable references
[21.941s][debug][gc,ref         ] GC(111) Skipped phase4 of Reference Processing due to unavailable references
[21.941s][debug][gc,ergo        ] GC(111) Running G1 Free Collection Set using 8 workers for collection set length 178 (298)
[21.942s][debug][gc,ergo        ] GC(111) Running G1 Rebuild Free List Task using 8 workers for rebuilding free list of 0 (4096) regions
[21.942s][trace][gc,age         ] GC(111) Age table with threshold 15 (max threshold 15)
[21.942s][trace][gc,age         ] GC(111) - age   1:        600 bytes,        600 total
[21.942s][debug][gc,plab        ] GC(111) Young PLAB allocation: allocated: 8256B, wasted: 0B, unused: 7656B, used: 600B, undo waste: 0B, 
[21.942s][debug][gc,plab        ] GC(111) Young other allocation: region end waste: 0B, regions filled: 1, direct allocated: 0B, failure used: 0B, failure wasted: 0B
[21.942s][debug][gc,plab        ] GC(111) Young sizing: calculated: 120B, actual: 2064B
[21.942s][debug][gc,plab        ] GC(111) Old PLAB allocation: allocated: 0B, wasted: 0B, unused: 0B, used: 0B, undo waste: 0B, 
[21.942s][debug][gc,plab        ] GC(111) Old other allocation: region end waste: 0B, regions filled: 1, direct allocated: 0B, failure used: 0B, failure wasted: 0B
[21.942s][debug][gc,plab        ] GC(111) Old sizing: calculated: 0B, actual: 2064B
[21.942s][debug][gc,ihop        ] GC(111) Basic information (value update), threshold: 140614041B (45.00), target occupancy: 312475648B, current occupancy: 4543024B, recent allocation size: 0B, recent allocation duration: 168.23ms, recent old gen allocation rate: 0.00B/s, recent marking phase length: 0.00ms
[21.942s][debug][gc,ihop        ] GC(111) Adaptive IHOP information (value update), threshold: 140614041B (47.37), internal target occupancy: 296851865B, occupancy: 4543024B, additional buffer size: 186646528B, predicted old gen allocation rate: 7335.40B/s, predicted marking phase length: 0.00ms, prediction active: false
[21.942s][debug][gc,ergo,refine ] GC(111) Concurrent refinement times: Logged Cards Scan time goal: 20.00ms Logged Cards Scan time: 0.00ms HCC time: 0.00ms
[21.942s][debug][gc,ergo,refine ] GC(111) Updated Refinement Zones: green: 2048, yellow: 6144, red: 10240
[21.942s][info ][gc,phases      ] GC(111)   Pre Evacuate Collection Set: 0.1ms
[21.942s][debug][gc,phases      ] GC(111)     Prepare TLABs: 0.0ms
[21.942s][debug][gc,phases      ] GC(111)     Choose Collection Set: 0.0ms
[21.942s][debug][gc,phases      ] GC(111)     Region Register: 0.1ms
[21.942s][debug][gc,phases      ] GC(111)     Prepare Heap Roots: 0.0ms
[21.942s][info ][gc,phases      ] GC(111)   Merge Heap Roots: 0.1ms
[21.942s][debug][gc,phases      ] GC(111)     Prepare Merge Heap Roots: 0.0ms
[21.942s][debug][gc,phases      ] GC(111)     Eager Reclaim (ms):       skipped
[21.942s][debug][gc,phases      ] GC(111)     Remembered Sets (ms):     Min:  0.0, Avg:  0.0, Max:  0.0, Diff:  0.0, Sum:  0.0, Workers: 8
[21.942s][debug][gc,phases      ] GC(111)       Merged Sparse:            Min: 0, Avg:  0.0, Max: 0, Diff: 0, Sum: 0, Workers: 8
[21.942s][debug][gc,phases      ] GC(111)       Merged Fine:              Min: 0, Avg:  0.0, Max: 0, Diff: 0, Sum: 0, Workers: 8
[21.942s][debug][gc,phases      ] GC(111)       Merged Coarse:            Min: 0, Avg:  0.0, Max: 0, Diff: 0, Sum: 0, Workers: 8
[21.942s][debug][gc,phases      ] GC(111)       Dirty Cards:              Min: 0, Avg:  0.0, Max: 0, Diff: 0, Sum: 0, Workers: 8
[21.942s][debug][gc,phases      ] GC(111)     Hot Card Cache (ms):      Min:  0.0, Avg:  0.0, Max:  0.0, Diff:  0.0, Sum:  0.0, Workers: 8
[21.942s][debug][gc,phases      ] GC(111)       Dirty Cards:              Min: 0, Avg:  0.0, Max: 0, Diff: 0, Sum: 0, Workers: 8
[21.942s][debug][gc,phases      ] GC(111)       Skipped Cards:            Min: 0, Avg:  0.0, Max: 0, Diff: 0, Sum: 0, Workers: 8
[21.942s][debug][gc,phases      ] GC(111)     Log Buffers (ms):         Min:  0.0, Avg:  0.0, Max:  0.0, Diff:  0.0, Sum:  0.0, Workers: 8
[21.942s][debug][gc,phases      ] GC(111)       Dirty Cards:              Min: 0, Avg:  0.1, Max: 1, Diff: 1, Sum: 1, Workers: 8
[21.942s][debug][gc,phases      ] GC(111)       Skipped Cards:            Min: 0, Avg:  0.0, Max: 0, Diff: 0, Sum: 0, Workers: 8
[21.942s][info ][gc,phases      ] GC(111)   Evacuate Collection Set: 0.1ms
[21.942s][debug][gc,phases      ] GC(111)     Ext Root Scanning (ms):   Min:  0.0, Avg:  0.0, Max:  0.1, Diff:  0.1, Sum:  0.2, Workers: 8
[21.942s][debug][gc,phases      ] GC(111)     Scan Heap Roots (ms):     Min:  0.0, Avg:  0.0, Max:  0.0, Diff:  0.0, Sum:  0.0, Workers: 8
[21.942s][debug][gc,phases      ] GC(111)       Scanned Cards:            Min: 0, Avg:  0.1, Max: 1, Diff: 1, Sum: 1, Workers: 8
[21.942s][debug][gc,phases      ] GC(111)       Scanned Blocks:           Min: 0, Avg:  0.1, Max: 1, Diff: 1, Sum: 1, Workers: 8
[21.942s][debug][gc,phases      ] GC(111)       Claimed Chunks:           Min: 0, Avg:  0.1, Max: 1, Diff: 1, Sum: 1, Workers: 8
[21.942s][debug][gc,phases      ] GC(111)     Code Root Scan (ms):      Min:  0.0, Avg:  0.0, Max:  0.0, Diff:  0.0, Sum:  0.0, Workers: 8
[21.942s][debug][gc,phases      ] GC(111)     Object Copy (ms):         Min:  0.0, Avg:  0.0, Max:  0.0, Diff:  0.0, Sum:  0.0, Workers: 8
[21.942s][debug][gc,phases      ] GC(111)     Termination (ms):         Min:  0.0, Avg:  0.0, Max:  0.1, Diff:  0.0, Sum:  0.4, Workers: 8
[21.942s][debug][gc,phases      ] GC(111)       Termination Attempts:     Min: 1, Avg:  1.0, Max: 1, Diff: 0, Sum: 8, Workers: 8
[21.942s][debug][gc,phases      ] GC(111)     GC Worker Other (ms):     Min:  0.0, Avg:  0.0, Max:  0.0, Diff:  0.0, Sum:  0.1, Workers: 8
[21.942s][debug][gc,phases      ] GC(111)     GC Worker Total (ms):     Min:  0.1, Avg:  0.1, Max:  0.1, Diff:  0.1, Sum:  0.8, Workers: 8
[21.942s][info ][gc,phases      ] GC(111)   Post Evacuate Collection Set: 0.4ms
[21.942s][debug][gc,phases      ] GC(111)     Code Roots Fixup: 0.0ms
[21.942s][debug][gc,phases      ] GC(111)     Clear Card Table: 0.1ms
[21.942s][debug][gc,phases      ] GC(111)     Reference Processing: 0.0ms
[21.942s][debug][gc,phases,ref  ] GC(111)       Reconsider SoftReferences: 0.0ms
[21.942s][debug][gc,phases,ref  ] GC(111)         SoftRef (ms):             skipped
[21.942s][debug][gc,phases,ref  ] GC(111)       Notify Soft/WeakReferences: 0.0ms
[21.942s][debug][gc,phases,ref  ] GC(111)         SoftRef (ms):             skipped
[21.942s][debug][gc,phases,ref  ] GC(111)         WeakRef (ms):             skipped
[21.942s][debug][gc,phases,ref  ] GC(111)         FinalRef (ms):            skipped
[21.942s][debug][gc,phases,ref  ] GC(111)         Total (ms):               skipped
[21.942s][debug][gc,phases,ref  ] GC(111)       Notify and keep alive finalizable: 0.0ms
[21.942s][debug][gc,phases,ref  ] GC(111)         FinalRef (ms):            skipped
[21.942s][debug][gc,phases,ref  ] GC(111)       Notify PhantomReferences: 0.0ms
[21.942s][debug][gc,phases,ref  ] GC(111)         PhantomRef (ms):          skipped
[21.942s][debug][gc,phases,ref  ] GC(111)       SoftReference:
[21.942s][debug][gc,phases,ref  ] GC(111)         Discovered: 0
[21.942s][debug][gc,phases,ref  ] GC(111)         Cleared: 0
[21.942s][debug][gc,phases,ref  ] GC(111)       WeakReference:
[21.942s][debug][gc,phases,ref  ] GC(111)         Discovered: 0
[21.942s][debug][gc,phases,ref  ] GC(111)         Cleared: 0
[21.942s][debug][gc,phases,ref  ] GC(111)       FinalReference:
[21.942s][debug][gc,phases,ref  ] GC(111)         Discovered: 0
[21.942s][debug][gc,phases,ref  ] GC(111)         Cleared: 0
[21.942s][debug][gc,phases,ref  ] GC(111)       PhantomReference:
[21.942s][debug][gc,phases,ref  ] GC(111)         Discovered: 0
[21.942s][debug][gc,phases,ref  ] GC(111)         Cleared: 0
[21.942s][debug][gc,phases      ] GC(111)     Weak Processing: 0.0ms
[21.942s][debug][gc,phases      ] GC(111)       JVMTI weak processing: 0.0ms
[21.942s][debug][gc,phases      ] GC(111)         Dead: 0
[21.942s][debug][gc,phases      ] GC(111)         Total: 0
[21.942s][debug][gc,phases      ] GC(111)       JFR weak processing: 0.0ms
[21.942s][debug][gc,phases      ] GC(111)         Dead: 0
[21.942s][debug][gc,phases      ] GC(111)         Total: 0
[21.942s][debug][gc,phases      ] GC(111)       JNI weak                  Min:  0.0, Avg:  0.0, Max:  0.0, Diff:  0.0, Sum:  0.0, Workers: 5
[21.942s][debug][gc,phases      ] GC(111)         Dead                      Min: 0, Avg:  0.0, Max: 0, Diff: 0, Sum: 0, Workers: 5
[21.942s][debug][gc,phases      ] GC(111)         Total                     Min: 0, Avg: 13.4, Max: 52, Diff: 52, Sum: 67, Workers: 5
[21.942s][debug][gc,phases      ] GC(111)       VM weak                   Min:  0.0, Avg:  0.0, Max:  0.0, Diff:  0.0, Sum:  0.0, Workers: 5
[21.942s][debug][gc,phases      ] GC(111)         Dead                      Min: 0, Avg:  0.0, Max: 0, Diff: 0, Sum: 0, Workers: 5
[21.943s][debug][gc,phases      ] GC(111)         Total                     Min: 0, Avg: 47.6, Max: 64, Diff: 64, Sum: 238, Workers: 5
[21.943s][debug][gc,phases      ] GC(111)       StringTable weak          Min:  0.0, Avg:  0.0, Max:  0.0, Diff:  0.0, Sum:  0.1, Workers: 5
[21.943s][debug][gc,phases      ] GC(111)         Dead                      Min: 0, Avg:  0.0, Max: 0, Diff: 0, Sum: 0, Workers: 5
[21.943s][debug][gc,phases      ] GC(111)         Total                     Min: 0, Avg: 728.6, Max: 958, Diff: 958, Sum: 3643, Workers: 5
[21.943s][debug][gc,phases      ] GC(111)       ResolvedMethodTable weak  Min:  0.0, Avg:  0.0, Max:  0.0, Diff:  0.0, Sum:  0.0, Workers: 5
[21.943s][debug][gc,phases      ] GC(111)         Dead                      Min: 0, Avg:  0.0, Max: 0, Diff: 0, Sum: 0, Workers: 5
[21.943s][debug][gc,phases      ] GC(111)         Total                     Min: 0, Avg: 123.4, Max: 192, Diff: 192, Sum: 617, Workers: 5
[21.943s][debug][gc,phases      ] GC(111)     Merge Per-Thread State: 0.0ms
[21.943s][debug][gc,phases      ] GC(111)       Copied Bytes              Min: 0, Avg: 75.0, Max: 184, Diff: 184, Sum: 600, Workers: 8
[21.943s][debug][gc,phases      ] GC(111)       LAB Waste                 Min: 0, Avg:  0.0, Max: 0, Diff: 0, Sum: 0, Workers: 8
[21.943s][debug][gc,phases      ] GC(111)       LAB Undo Waste            Min: 0, Avg:  0.0, Max: 0, Diff: 0, Sum: 0, Workers: 8
[21.943s][debug][gc,phases      ] GC(111)     Code Roots Purge: 0.0ms
[21.943s][debug][gc,phases      ] GC(111)     Redirty Cards: 0.0ms
[21.943s][debug][gc,phases      ] GC(111)     DerivedPointerTable Update: 0.0ms
[21.943s][debug][gc,phases      ] GC(111)     Free Collection Set: 0.1ms
[21.943s][debug][gc,phases      ] GC(111)     Rebuild Free List: 0.1ms
[21.943s][debug][gc,phases      ] GC(111)     Humongous Reclaim: 0.0ms
[21.943s][debug][gc,phases      ] GC(111)     Start New Collection Set: 0.0ms
[21.943s][debug][gc,phases      ] GC(111)     Resize TLABs: 0.0ms
[21.943s][debug][gc,phases      ] GC(111)     Expand Heap After Collection: 0.0ms
[21.943s][info ][gc,phases      ] GC(111)   Other: 0.4ms
[21.943s][info ][gc,heap        ] GC(111) Eden regions: 177->0(177)
[21.943s][info ][gc,heap        ] GC(111) Survivor regions: 1->1(23)
[21.943s][info ][gc,heap        ] GC(111) Old regions: 7->7
[21.943s][info ][gc,heap        ] GC(111) Archive regions: 2->2
[21.943s][info ][gc,heap        ] GC(111) Humongous regions: 0->0
[21.943s][info ][gc,metaspace   ] GC(111) Metaspace: 10703K(11136K)->10703K(11136K) NonClass: 9440K(9728K)->9440K(9728K) Class: 1263K(1408K)->1263K(1408K)
[21.943s][debug][gc,heap        ] GC(111) Heap after GC invocations=112 (full 1): garbage-first heap   total 305152K, used 4436K [0x0000000700000000, 0x0000000800000000)
[21.943s][debug][gc,heap        ] GC(111)   region size 1024K, 1 young (1024K), 1 survivors (1024K)
[21.943s][debug][gc,heap        ] GC(111)  Metaspace       used 10703K, capacity 10992K, committed 11136K, reserved 1058816K
[21.943s][debug][gc,heap        ] GC(111)   class space    used 1263K, capacity 1389K, committed 1408K, reserved 1048576K
[21.943s][info ][gc             ] GC(111) Pause Young (Normal) (G1 Evacuation Pause) 181M->4M(298M) 2.032ms
[21.943s][info ][gc,cpu         ] GC(111) User=0.00s Sys=0.00s Real=0.00s
[21.943s][info ][safepoint      ] Safepoint "G1CollectForAllocation", Time since last: 167155774 ns, Reaching safepoint: 173994 ns, At safepoint: 2229314 ns, Total: 2403308 ns
[22.113s][debug][gc,heap        ] GC(112) Heap before GC invocations=112 (full 1): garbage-first heap   total 305152K, used 185684K [0x0000000700000000, 0x0000000800000000)
[22.122s][debug][gc,heap        ] GC(112)   region size 1024K, 178 young (182272K), 1 survivors (1024K)
[22.122s][debug][gc,heap        ] GC(112)  Metaspace       used 10703K, capacity 10992K, committed 11136K, reserved 1058816K
[22.122s][debug][gc,heap        ] GC(112)   class space    used 1263K, capacity 1389K, committed 1408K, reserved 1048576K
[22.122s][info ][gc,start       ] GC(112) Pause Young (Normal) (G1 Evacuation Pause)
[22.122s][info ][gc,task        ] GC(112) Using 8 workers of 8 for evacuation
[22.122s][debug][gc,tlab        ] GC(112) TLAB totals: thrds: 8  refills: 710 max: 101 slow allocs: 0 max 0 waste:  1.1% gc: 1653304B max: 451304B slow: 410664B max: 58488B fast: 0B max: 0B
[22.122s][debug][gc,age         ] GC(112) Desired survivor size 12058624 bytes, new threshold 15 (max threshold 15)
[22.122s][debug][gc,alloc,region] GC(112) Mutator Allocation stats, regions: 177, wasted size: 0B ( 0.0%)
[22.122s][debug][gc,ergo        ] GC(112) Running G1 Merge Heap Roots using 8 workers for 178 regions
[22.122s][debug][gc,remset      ] GC(112) Visited cards 256 Total dirty 2048 (12.50%) Total old 747520 (0.03%)
[22.123s][debug][gc,ergo        ] GC(112) Running G1 Clear Card Table Task using 1 workers for 1 units of work for 179 regions.
[22.123s][debug][gc,ref         ] GC(112) Skipped phase1 of Reference Processing due to unavailable references
[22.123s][debug][gc,ref         ] GC(112) Skipped phase2 of Reference Processing due to unavailable references
[22.123s][debug][gc,ref         ] GC(112) Skipped phase3 of Reference Processing due to unavailable references
[22.123s][debug][gc,ref         ] GC(112) Skipped phase4 of Reference Processing due to unavailable references
[22.123s][debug][gc,ergo        ] GC(112) Running G1 Free Collection Set using 8 workers for collection set length 178 (298)
[22.123s][debug][gc,ergo        ] GC(112) Running G1 Rebuild Free List Task using 8 workers for rebuilding free list of 0 (4096) regions
[22.123s][trace][gc,age         ] GC(112) Age table with threshold 15 (max threshold 15)
[22.123s][trace][gc,age         ] GC(112) - age   1:        336 bytes,        336 total
[22.123s][debug][gc,plab        ] GC(112) Young PLAB allocation: allocated: 10320B, wasted: 0B, unused: 9984B, used: 336B, undo waste: 0B, 
[22.123s][debug][gc,plab        ] GC(112) Young other allocation: region end waste: 0B, regions filled: 1, direct allocated: 0B, failure used: 0B, failure wasted: 0B
[22.123s][debug][gc,plab        ] GC(112) Young sizing: calculated: 64B, actual: 2064B
[22.123s][debug][gc,plab        ] GC(112) Old PLAB allocation: allocated: 0B, wasted: 0B, unused: 0B, used: 0B, undo waste: 0B, 
[22.123s][debug][gc,plab        ] GC(112) Old other allocation: region end waste: 0B, regions filled: 1, direct allocated: 0B, failure used: 0B, failure wasted: 0B
[22.123s][debug][gc,plab        ] GC(112) Old sizing: calculated: 0B, actual: 2064B
[22.123s][debug][gc,ihop        ] GC(112) Basic information (value update), threshold: 140614041B (45.00), target occupancy: 312475648B, current occupancy: 4545088B, recent allocation size: 0B, recent allocation duration: 180.41ms, recent old gen allocation rate: 0.00B/s, recent marking phase length: 0.00ms
[22.123s][debug][gc,ihop        ] GC(112) Adaptive IHOP information (value update), threshold: 140614041B (47.37), internal target occupancy: 296851865B, occupancy: 4545088B, additional buffer size: 186646528B, predicted old gen allocation rate: 7132.66B/s, predicted marking phase length: 0.00ms, prediction active: false
[22.123s][debug][gc,ergo,refine ] GC(112) Concurrent refinement times: Logged Cards Scan time goal: 20.00ms Logged Cards Scan time: 0.00ms HCC time: 0.00ms
[22.123s][debug][gc,ergo,refine ] GC(112) Updated Refinement Zones: green: 2048, yellow: 6144, red: 10240
[22.123s][info ][gc,phases      ] GC(112)   Pre Evacuate Collection Set: 0.1ms
[22.123s][debug][gc,phases      ] GC(112)     Prepare TLABs: 0.0ms
[22.123s][debug][gc,phases      ] GC(112)     Choose Collection Set: 0.0ms
[22.123s][debug][gc,phases      ] GC(112)     Region Register: 0.1ms
[22.123s][debug][gc,phases      ] GC(112)     Prepare Heap Roots: 0.0ms
[22.123s][info ][gc,phases      ] GC(112)   Merge Heap Roots: 0.1ms
[22.123s][debug][gc,phases      ] GC(112)     Prepare Merge Heap Roots: 0.0ms
[22.123s][debug][gc,phases      ] GC(112)     Eager Reclaim (ms):       skipped
[22.123s][debug][gc,phases      ] GC(112)     Remembered Sets (ms):     Min:  0.0, Avg:  0.0, Max:  0.0, Diff:  0.0, Sum:  0.0, Workers: 8
[22.123s][debug][gc,phases      ] GC(112)       Merged Sparse:            Min: 0, Avg:  0.0, Max: 0, Diff: 0, Sum: 0, Workers: 8
[22.123s][debug][gc,phases      ] GC(112)       Merged Fine:              Min: 0, Avg:  0.0, Max: 0, Diff: 0, Sum: 0, Workers: 8
[22.123s][debug][gc,phases      ] GC(112)       Merged Coarse:            Min: 0, Avg:  0.0, Max: 0, Diff: 0, Sum: 0, Workers: 8
[22.123s][debug][gc,phases      ] GC(112)       Dirty Cards:              Min: 0, Avg:  0.0, Max: 0, Diff: 0, Sum: 0, Workers: 8
[22.123s][debug][gc,phases      ] GC(112)     Hot Card Cache (ms):      Min:  0.0, Avg:  0.0, Max:  0.0, Diff:  0.0, Sum:  0.0, Workers: 8
[22.123s][debug][gc,phases      ] GC(112)       Dirty Cards:              Min: 0, Avg:  0.0, Max: 0, Diff: 0, Sum: 0, Workers: 8
[22.123s][debug][gc,phases      ] GC(112)       Skipped Cards:            Min: 0, Avg:  0.0, Max: 0, Diff: 0, Sum: 0, Workers: 8
[22.123s][debug][gc,phases      ] GC(112)     Log Buffers (ms):         Min:  0.0, Avg:  0.0, Max:  0.0, Diff:  0.0, Sum:  0.0, Workers: 8
[22.123s][debug][gc,phases      ] GC(112)       Dirty Cards:              Min: 0, Avg:  0.1, Max: 1, Diff: 1, Sum: 1, Workers: 8
[22.123s][debug][gc,phases      ] GC(112)       Skipped Cards:            Min: 0, Avg:  0.0, Max: 0, Diff: 0, Sum: 0, Workers: 8
[22.123s][info ][gc,phases      ] GC(112)   Evacuate Collection Set: 0.1ms
[22.123s][debug][gc,phases      ] GC(112)     Ext Root Scanning (ms):   Min:  0.0, Avg:  0.0, Max:  0.1, Diff:  0.1, Sum:  0.2, Workers: 8
[22.123s][debug][gc,phases      ] GC(112)     Scan Heap Roots (ms):     Min:  0.0, Avg:  0.0, Max:  0.0, Diff:  0.0, Sum:  0.0, Workers: 8
[22.123s][debug][gc,phases      ] GC(112)       Scanned Cards:            Min: 0, Avg:  0.1, Max: 1, Diff: 1, Sum: 1, Workers: 8
[22.123s][debug][gc,phases      ] GC(112)       Scanned Blocks:           Min: 0, Avg:  0.1, Max: 1, Diff: 1, Sum: 1, Workers: 8
[22.123s][debug][gc,phases      ] GC(112)       Claimed Chunks:           Min: 0, Avg:  0.1, Max: 1, Diff: 1, Sum: 1, Workers: 8
[22.123s][debug][gc,phases      ] GC(112)     Code Root Scan (ms):      Min:  0.0, Avg:  0.0, Max:  0.0, Diff:  0.0, Sum:  0.0, Workers: 8
[22.123s][debug][gc,phases      ] GC(112)     Object Copy (ms):         Min:  0.0, Avg:  0.0, Max:  0.0, Diff:  0.0, Sum:  0.0, Workers: 8
[22.123s][debug][gc,phases      ] GC(112)     Termination (ms):         Min:  0.1, Avg:  0.1, Max:  0.1, Diff:  0.0, Sum:  0.4, Workers: 8
[22.123s][debug][gc,phases      ] GC(112)       Termination Attempts:     Min: 1, Avg:  1.0, Max: 1, Diff: 0, Sum: 8, Workers: 8
[22.123s][debug][gc,phases      ] GC(112)     GC Worker Other (ms):     Min:  0.0, Avg:  0.0, Max:  0.0, Diff:  0.0, Sum:  0.1, Workers: 8
[22.123s][debug][gc,phases      ] GC(112)     GC Worker Total (ms):     Min:  0.1, Avg:  0.1, Max:  0.1, Diff:  0.0, Sum:  0.8, Workers: 8
[22.123s][info ][gc,phases      ] GC(112)   Post Evacuate Collection Set: 0.4ms
[22.123s][debug][gc,phases      ] GC(112)     Code Roots Fixup: 0.0ms
[22.123s][debug][gc,phases      ] GC(112)     Clear Card Table: 0.1ms
[22.123s][debug][gc,phases      ] GC(112)     Reference Processing: 0.0ms
[22.123s][debug][gc,phases,ref  ] GC(112)       Reconsider SoftReferences: 0.0ms
[22.123s][debug][gc,phases,ref  ] GC(112)         SoftRef (ms):             skipped
[22.123s][debug][gc,phases,ref  ] GC(112)       Notify Soft/WeakReferences: 0.0ms
[22.123s][debug][gc,phases,ref  ] GC(112)         SoftRef (ms):             skipped
[22.123s][debug][gc,phases,ref  ] GC(112)         WeakRef (ms):             skipped
[22.123s][debug][gc,phases,ref  ] GC(112)         FinalRef (ms):            skipped
[22.123s][debug][gc,phases,ref  ] GC(112)         Total (ms):               skipped
[22.123s][debug][gc,phases,ref  ] GC(112)       Notify and keep alive finalizable: 0.0ms
[22.123s][debug][gc,phases,ref  ] GC(112)         FinalRef (ms):            skipped
[22.123s][debug][gc,phases,ref  ] GC(112)       Notify PhantomReferences: 0.0ms
[22.124s][debug][gc,phases,ref  ] GC(112)         PhantomRef (ms):          skipped
[22.124s][debug][gc,phases,ref  ] GC(112)       SoftReference:
[22.124s][debug][gc,phases,ref  ] GC(112)         Discovered: 0
[22.124s][debug][gc,phases,ref  ] GC(112)         Cleared: 0
[22.124s][debug][gc,phases,ref  ] GC(112)       WeakReference:
[22.124s][debug][gc,phases,ref  ] GC(112)         Discovered: 0
[22.124s][debug][gc,phases,ref  ] GC(112)         Cleared: 0
[22.124s][debug][gc,phases,ref  ] GC(112)       FinalReference:
[22.124s][debug][gc,phases,ref  ] GC(112)         Discovered: 0
[22.124s][debug][gc,phases,ref  ] GC(112)         Cleared: 0
[22.124s][debug][gc,phases,ref  ] GC(112)       PhantomReference:
[22.124s][debug][gc,phases,ref  ] GC(112)         Discovered: 0
[22.124s][debug][gc,phases,ref  ] GC(112)         Cleared: 0
[22.124s][debug][gc,phases      ] GC(112)     Weak Processing: 0.1ms
[22.124s][debug][gc,phases      ] GC(112)       JVMTI weak processing: 0.0ms
[22.124s][debug][gc,phases      ] GC(112)         Dead: 0
[22.124s][debug][gc,phases      ] GC(112)         Total: 0
[22.124s][debug][gc,phases      ] GC(112)       JFR weak processing: 0.0ms
[22.124s][debug][gc,phases      ] GC(112)         Dead: 0
[22.124s][debug][gc,phases      ] GC(112)         Total: 0
[22.124s][debug][gc,phases      ] GC(112)       JNI weak                  Min:  0.0, Avg:  0.0, Max:  0.0, Diff:  0.0, Sum:  0.0, Workers: 5
[22.124s][debug][gc,phases      ] GC(112)         Dead                      Min: 0, Avg:  0.0, Max: 0, Diff: 0, Sum: 0, Workers: 5
[22.124s][debug][gc,phases      ] GC(112)         Total                     Min: 0, Avg: 13.4, Max: 52, Diff: 52, Sum: 67, Workers: 5
[22.124s][debug][gc,phases      ] GC(112)       VM weak                   Min:  0.0, Avg:  0.0, Max:  0.0, Diff:  0.0, Sum:  0.0, Workers: 5
[22.124s][debug][gc,phases      ] GC(112)         Dead                      Min: 0, Avg:  0.0, Max: 0, Diff: 0, Sum: 0, Workers: 5
[22.124s][debug][gc,phases      ] GC(112)         Total                     Min: 0, Avg: 47.6, Max: 128, Diff: 128, Sum: 238, Workers: 5
[22.124s][debug][gc,phases      ] GC(112)       StringTable weak          Min:  0.0, Avg:  0.0, Max:  0.1, Diff:  0.0, Sum:  0.2, Workers: 5
[22.124s][debug][gc,phases      ] GC(112)         Dead                      Min: 0, Avg:  0.0, Max: 0, Diff: 0, Sum: 0, Workers: 5
[22.124s][debug][gc,phases      ] GC(112)         Total                     Min: 256, Avg: 728.6, Max: 1725, Diff: 1469, Sum: 3643, Workers: 5
[22.124s][debug][gc,phases      ] GC(112)       ResolvedMethodTable weak  Min:  0.0, Avg:  0.0, Max:  0.0, Diff:  0.0, Sum:  0.0, Workers: 5
[22.124s][debug][gc,phases      ] GC(112)         Dead                      Min: 0, Avg:  0.0, Max: 0, Diff: 0, Sum: 0, Workers: 5
[22.124s][debug][gc,phases      ] GC(112)         Total                     Min: 0, Avg: 123.4, Max: 192, Diff: 192, Sum: 617, Workers: 5
[22.124s][debug][gc,phases      ] GC(112)     Merge Per-Thread State: 0.0ms
[22.124s][debug][gc,phases      ] GC(112)       Copied Bytes              Min: 0, Avg: 42.0, Max: 128, Diff: 128, Sum: 336, Workers: 8
[22.124s][debug][gc,phases      ] GC(112)       LAB Waste                 Min: 0, Avg:  0.0, Max: 0, Diff: 0, Sum: 0, Workers: 8
[22.124s][debug][gc,phases      ] GC(112)       LAB Undo Waste            Min: 0, Avg:  0.0, Max: 0, Diff: 0, Sum: 0, Workers: 8
[22.124s][debug][gc,phases      ] GC(112)     Code Roots Purge: 0.0ms
[22.124s][debug][gc,phases      ] GC(112)     Redirty Cards: 0.0ms
[22.124s][debug][gc,phases      ] GC(112)     DerivedPointerTable Update: 0.0ms
[22.124s][debug][gc,phases      ] GC(112)     Free Collection Set: 0.1ms
[22.124s][debug][gc,phases      ] GC(112)     Rebuild Free List: 0.1ms
[22.124s][debug][gc,phases      ] GC(112)     Humongous Reclaim: 0.0ms
[22.124s][debug][gc,phases      ] GC(112)     Start New Collection Set: 0.0ms
[22.124s][debug][gc,phases      ] GC(112)     Resize TLABs: 0.0ms
[22.124s][debug][gc,phases      ] GC(112)     Expand Heap After Collection: 0.0ms
[22.124s][info ][gc,phases      ] GC(112)   Other: 9.0ms
[22.124s][info ][gc,heap        ] GC(112) Eden regions: 177->0(177)
[22.124s][info ][gc,heap        ] GC(112) Survivor regions: 1->1(23)
[22.124s][info ][gc,heap        ] GC(112) Old regions: 7->7
[22.124s][info ][gc,heap        ] GC(112) Archive regions: 2->2
[22.124s][info ][gc,heap        ] GC(112) Humongous regions: 0->0
[22.124s][info ][gc,metaspace   ] GC(112) Metaspace: 10703K(11136K)->10703K(11136K) NonClass: 9440K(9728K)->9440K(9728K) Class: 1263K(1408K)->1263K(1408K)
[22.124s][debug][gc,heap        ] GC(112) Heap after GC invocations=113 (full 1): garbage-first heap   total 305152K, used 4438K [0x0000000700000000, 0x0000000800000000)
[22.124s][debug][gc,heap        ] GC(112)   region size 1024K, 1 young (1024K), 1 survivors (1024K)
[22.124s][debug][gc,heap        ] GC(112)  Metaspace       used 10703K, capacity 10992K, committed 11136K, reserved 1058816K
[22.124s][debug][gc,heap        ] GC(112)   class space    used 1263K, capacity 1389K, committed 1408K, reserved 1048576K
[22.124s][info ][gc             ] GC(112) Pause Young (Normal) (G1 Evacuation Pause) 181M->4M(298M) 1.893ms
[22.124s][info ][gc,cpu         ] GC(112) User=0.00s Sys=0.00s Real=0.00s
[22.124s][info ][safepoint      ] Safepoint "G1CollectForAllocation", Time since last: 170293870 ns, Reaching safepoint: 116884 ns, At safepoint: 10716955 ns, Total: 10833839 ns
[22.290s][debug][gc,heap        ] GC(113) Heap before GC invocations=113 (full 1): garbage-first heap   total 305152K, used 185686K [0x0000000700000000, 0x0000000800000000)
[22.290s][debug][gc,heap        ] GC(113)   region size 1024K, 178 young (182272K), 1 survivors (1024K)
[22.290s][debug][gc,heap        ] GC(113)  Metaspace       used 10703K, capacity 10992K, committed 11136K, reserved 1058816K
[22.290s][debug][gc,heap        ] GC(113)   class space    used 1263K, capacity 1389K, committed 1408K, reserved 1048576K
[22.290s][info ][gc,start       ] GC(113) Pause Young (Normal) (G1 Evacuation Pause)
[22.290s][info ][gc,task        ] GC(113) Using 8 workers of 8 for evacuation
[22.290s][debug][gc,tlab        ] GC(113) TLAB totals: thrds: 8  refills: 707 max: 94 slow allocs: 0 max 0 waste:  1.0% gc: 1493512B max: 387112B slow: 409968B max: 54232B fast: 0B max: 0B
[22.290s][debug][gc,age         ] GC(113) Desired survivor size 12058624 bytes, new threshold 15 (max threshold 15)
[22.290s][debug][gc,alloc,region] GC(113) Mutator Allocation stats, regions: 177, wasted size: 120B ( 0.0%)
[22.290s][debug][gc,ergo        ] GC(113) Running G1 Merge Heap Roots using 8 workers for 178 regions
[22.290s][debug][gc,remset      ] GC(113) Visited cards 256 Total dirty 2048 (12.50%) Total old 747520 (0.03%)
[22.290s][debug][gc,ergo        ] GC(113) Running G1 Clear Card Table Task using 1 workers for 1 units of work for 179 regions.
[22.291s][debug][gc,ref         ] GC(113) Skipped phase1 of Reference Processing due to unavailable references
[22.291s][debug][gc,ref         ] GC(113) Skipped phase2 of Reference Processing due to unavailable references
[22.291s][debug][gc,ref         ] GC(113) Skipped phase3 of Reference Processing due to unavailable references
[22.291s][debug][gc,ref         ] GC(113) Skipped phase4 of Reference Processing due to unavailable references
[22.291s][debug][gc,ergo        ] GC(113) Running G1 Free Collection Set using 8 workers for collection set length 178 (298)
[22.291s][debug][gc,ergo        ] GC(113) Running G1 Rebuild Free List Task using 8 workers for rebuilding free list of 0 (4096) regions
[22.291s][trace][gc,age         ] GC(113) Age table with threshold 15 (max threshold 15)
[22.291s][trace][gc,age         ] GC(113) - age   1:        440 bytes,        440 total
[22.291s][debug][gc,plab        ] GC(113) Young PLAB allocation: allocated: 12384B, wasted: 0B, unused: 11944B, used: 440B, undo waste: 0B, 
[22.291s][debug][gc,plab        ] GC(113) Young other allocation: region end waste: 0B, regions filled: 1, direct allocated: 0B, failure used: 0B, failure wasted: 0B
[22.291s][debug][gc,plab        ] GC(113) Young sizing: calculated: 88B, actual: 2064B
[22.291s][debug][gc,plab        ] GC(113) Old PLAB allocation: allocated: 0B, wasted: 0B, unused: 0B, used: 0B, undo waste: 0B, 
[22.291s][debug][gc,plab        ] GC(113) Old other allocation: region end waste: 0B, regions filled: 1, direct allocated: 0B, failure used: 0B, failure wasted: 0B
[22.291s][debug][gc,plab        ] GC(113) Old sizing: calculated: 0B, actual: 2064B
[22.291s][debug][gc,ihop        ] GC(113) Basic information (value update), threshold: 140614041B (45.00), target occupancy: 312475648B, current occupancy: 4547152B, recent allocation size: 0B, recent allocation duration: 166.99ms, recent old gen allocation rate: 0.00B/s, recent marking phase length: 0.00ms
[22.291s][debug][gc,ihop        ] GC(113) Adaptive IHOP information (value update), threshold: 140614041B (47.37), internal target occupancy: 296851865B, occupancy: 4547152B, additional buffer size: 186646528B, predicted old gen allocation rate: 6935.90B/s, predicted marking phase length: 0.00ms, prediction active: false
[22.291s][debug][gc,ergo,refine ] GC(113) Concurrent refinement times: Logged Cards Scan time goal: 20.00ms Logged Cards Scan time: 0.00ms HCC time: 0.00ms
[22.291s][debug][gc,ergo,refine ] GC(113) Updated Refinement Zones: green: 2048, yellow: 6144, red: 10240
[22.291s][info ][gc,phases      ] GC(113)   Pre Evacuate Collection Set: 0.1ms
[22.291s][debug][gc,phases      ] GC(113)     Prepare TLABs: 0.0ms
[22.291s][debug][gc,phases      ] GC(113)     Choose Collection Set: 0.0ms
[22.291s][debug][gc,phases      ] GC(113)     Region Register: 0.1ms
[22.291s][debug][gc,phases      ] GC(113)     Prepare Heap Roots: 0.0ms
[22.291s][info ][gc,phases      ] GC(113)   Merge Heap Roots: 0.1ms
[22.291s][debug][gc,phases      ] GC(113)     Prepare Merge Heap Roots: 0.0ms
[22.291s][debug][gc,phases      ] GC(113)     Eager Reclaim (ms):       skipped
[22.291s][debug][gc,phases      ] GC(113)     Remembered Sets (ms):     Min:  0.0, Avg:  0.0, Max:  0.0, Diff:  0.0, Sum:  0.0, Workers: 8
[22.291s][debug][gc,phases      ] GC(113)       Merged Sparse:            Min: 0, Avg:  0.0, Max: 0, Diff: 0, Sum: 0, Workers: 8
[22.291s][debug][gc,phases      ] GC(113)       Merged Fine:              Min: 0, Avg:  0.0, Max: 0, Diff: 0, Sum: 0, Workers: 8
[22.291s][debug][gc,phases      ] GC(113)       Merged Coarse:            Min: 0, Avg:  0.0, Max: 0, Diff: 0, Sum: 0, Workers: 8
[22.291s][debug][gc,phases      ] GC(113)       Dirty Cards:              Min: 0, Avg:  0.0, Max: 0, Diff: 0, Sum: 0, Workers: 8
[22.291s][debug][gc,phases      ] GC(113)     Hot Card Cache (ms):      Min:  0.0, Avg:  0.0, Max:  0.0, Diff:  0.0, Sum:  0.0, Workers: 8
[22.291s][debug][gc,phases      ] GC(113)       Dirty Cards:              Min: 0, Avg:  0.0, Max: 0, Diff: 0, Sum: 0, Workers: 8
[22.291s][debug][gc,phases      ] GC(113)       Skipped Cards:            Min: 0, Avg:  0.0, Max: 0, Diff: 0, Sum: 0, Workers: 8
[22.291s][debug][gc,phases      ] GC(113)     Log Buffers (ms):         Min:  0.0, Avg:  0.0, Max:  0.0, Diff:  0.0, Sum:  0.0, Workers: 8
[22.291s][debug][gc,phases      ] GC(113)       Dirty Cards:              Min: 0, Avg:  0.1, Max: 1, Diff: 1, Sum: 1, Workers: 8
[22.291s][debug][gc,phases      ] GC(113)       Skipped Cards:            Min: 0, Avg:  0.0, Max: 0, Diff: 0, Sum: 0, Workers: 8
[22.291s][info ][gc,phases      ] GC(113)   Evacuate Collection Set: 0.2ms
[22.291s][debug][gc,phases      ] GC(113)     Ext Root Scanning (ms):   Min:  0.0, Avg:  0.0, Max:  0.1, Diff:  0.0, Sum:  0.3, Workers: 8
[22.291s][debug][gc,phases      ] GC(113)     Scan Heap Roots (ms):     Min:  0.0, Avg:  0.0, Max:  0.0, Diff:  0.0, Sum:  0.0, Workers: 8
[22.291s][debug][gc,phases      ] GC(113)       Scanned Cards:            Min: 0, Avg:  0.1, Max: 1, Diff: 1, Sum: 1, Workers: 8
[22.291s][debug][gc,phases      ] GC(113)       Scanned Blocks:           Min: 0, Avg:  0.1, Max: 1, Diff: 1, Sum: 1, Workers: 8
[22.291s][debug][gc,phases      ] GC(113)       Claimed Chunks:           Min: 0, Avg:  0.1, Max: 1, Diff: 1, Sum: 1, Workers: 8
[22.291s][debug][gc,phases      ] GC(113)     Code Root Scan (ms):      Min:  0.0, Avg:  0.0, Max:  0.0, Diff:  0.0, Sum:  0.0, Workers: 8
[22.291s][debug][gc,phases      ] GC(113)     Object Copy (ms):         Min:  0.0, Avg:  0.0, Max:  0.0, Diff:  0.0, Sum:  0.0, Workers: 8
[22.291s][debug][gc,phases      ] GC(113)     Termination (ms):         Min:  0.0, Avg:  0.0, Max:  0.0, Diff:  0.0, Sum:  0.3, Workers: 8
[22.291s][debug][gc,phases      ] GC(113)       Termination Attempts:     Min: 1, Avg:  1.0, Max: 1, Diff: 0, Sum: 8, Workers: 8
[22.291s][debug][gc,phases      ] GC(113)     GC Worker Other (ms):     Min:  0.0, Avg:  0.0, Max:  0.0, Diff:  0.0, Sum:  0.2, Workers: 8
[22.291s][debug][gc,phases      ] GC(113)     GC Worker Total (ms):     Min:  0.1, Avg:  0.1, Max:  0.1, Diff:  0.1, Sum:  0.8, Workers: 8
[22.291s][info ][gc,phases      ] GC(113)   Post Evacuate Collection Set: 0.5ms
[22.291s][debug][gc,phases      ] GC(113)     Code Roots Fixup: 0.0ms
[22.291s][debug][gc,phases      ] GC(113)     Clear Card Table: 0.1ms
[22.291s][debug][gc,phases      ] GC(113)     Reference Processing: 0.0ms
[22.291s][debug][gc,phases,ref  ] GC(113)       Reconsider SoftReferences: 0.0ms
[22.291s][debug][gc,phases,ref  ] GC(113)         SoftRef (ms):             skipped
[22.291s][debug][gc,phases,ref  ] GC(113)       Notify Soft/WeakReferences: 0.0ms
[22.291s][debug][gc,phases,ref  ] GC(113)         SoftRef (ms):             skipped
[22.291s][debug][gc,phases,ref  ] GC(113)         WeakRef (ms):             skipped
[22.291s][debug][gc,phases,ref  ] GC(113)         FinalRef (ms):            skipped
[22.291s][debug][gc,phases,ref  ] GC(113)         Total (ms):               skipped
[22.291s][debug][gc,phases,ref  ] GC(113)       Notify and keep alive finalizable: 0.0ms
[22.291s][debug][gc,phases,ref  ] GC(113)         FinalRef (ms):            skipped
[22.291s][debug][gc,phases,ref  ] GC(113)       Notify PhantomReferences: 0.0ms
[22.291s][debug][gc,phases,ref  ] GC(113)         PhantomRef (ms):          skipped
[22.292s][debug][gc,phases,ref  ] GC(113)       SoftReference:
[22.292s][debug][gc,phases,ref  ] GC(113)         Discovered: 0
[22.292s][debug][gc,phases,ref  ] GC(113)         Cleared: 0
[22.292s][debug][gc,phases,ref  ] GC(113)       WeakReference:
[22.292s][debug][gc,phases,ref  ] GC(113)         Discovered: 0
[22.292s][debug][gc,phases,ref  ] GC(113)         Cleared: 0
[22.292s][debug][gc,phases,ref  ] GC(113)       FinalReference:
[22.292s][debug][gc,phases,ref  ] GC(113)         Discovered: 0
[22.292s][debug][gc,phases,ref  ] GC(113)         Cleared: 0
[22.292s][debug][gc,phases,ref  ] GC(113)       PhantomReference:
[22.292s][debug][gc,phases,ref  ] GC(113)         Discovered: 0
[22.292s][debug][gc,phases,ref  ] GC(113)         Cleared: 0
[22.292s][debug][gc,phases      ] GC(113)     Weak Processing: 0.1ms
[22.292s][debug][gc,phases      ] GC(113)       JVMTI weak processing: 0.0ms
[22.292s][debug][gc,phases      ] GC(113)         Dead: 0
[22.292s][debug][gc,phases      ] GC(113)         Total: 0
[22.292s][debug][gc,phases      ] GC(113)       JFR weak processing: 0.0ms
[22.292s][debug][gc,phases      ] GC(113)         Dead: 0
[22.292s][debug][gc,phases      ] GC(113)         Total: 0
[22.292s][debug][gc,phases      ] GC(113)       JNI weak                  Min:  0.0, Avg:  0.0, Max:  0.0, Diff:  0.0, Sum:  0.1, Workers: 5
[22.292s][debug][gc,phases      ] GC(113)         Dead                      Min: 0, Avg:  0.0, Max: 0, Diff: 0, Sum: 0, Workers: 5
[22.292s][debug][gc,phases      ] GC(113)         Total                     Min: 0, Avg: 13.4, Max: 52, Diff: 52, Sum: 67, Workers: 5
[22.292s][debug][gc,phases      ] GC(113)       VM weak                   Min:  0.0, Avg:  0.0, Max:  0.0, Diff:  0.0, Sum:  0.0, Workers: 5
[22.292s][debug][gc,phases      ] GC(113)         Dead                      Min: 0, Avg:  0.0, Max: 0, Diff: 0, Sum: 0, Workers: 5
[22.292s][debug][gc,phases      ] GC(113)         Total                     Min: 0, Avg: 47.6, Max: 128, Diff: 128, Sum: 238, Workers: 5
[22.292s][debug][gc,phases      ] GC(113)       StringTable weak          Min:  0.0, Avg:  0.0, Max:  0.0, Diff:  0.0, Sum:  0.1, Workers: 5
[22.292s][debug][gc,phases      ] GC(113)         Dead                      Min: 0, Avg:  0.0, Max: 0, Diff: 0, Sum: 0, Workers: 5
[22.292s][debug][gc,phases      ] GC(113)         Total                     Min: 0, Avg: 728.6, Max: 1598, Diff: 1598, Sum: 3643, Workers: 5
[22.292s][debug][gc,phases      ] GC(113)       ResolvedMethodTable weak  Min:  0.0, Avg:  0.0, Max:  0.0, Diff:  0.0, Sum:  0.0, Workers: 5
[22.292s][debug][gc,phases      ] GC(113)         Dead                      Min: 0, Avg:  0.0, Max: 0, Diff: 0, Sum: 0, Workers: 5
[22.292s][debug][gc,phases      ] GC(113)         Total                     Min: 0, Avg: 123.4, Max: 192, Diff: 192, Sum: 617, Workers: 5
[22.292s][debug][gc,phases      ] GC(113)     Merge Per-Thread State: 0.0ms
[22.292s][debug][gc,phases      ] GC(113)       Copied Bytes              Min: 0, Avg: 55.0, Max: 104, Diff: 104, Sum: 440, Workers: 8
[22.292s][debug][gc,phases      ] GC(113)       LAB Waste                 Min: 0, Avg:  0.0, Max: 0, Diff: 0, Sum: 0, Workers: 8
[22.292s][debug][gc,phases      ] GC(113)       LAB Undo Waste            Min: 0, Avg:  0.0, Max: 0, Diff: 0, Sum: 0, Workers: 8
[22.292s][debug][gc,phases      ] GC(113)     Code Roots Purge: 0.0ms
[22.292s][debug][gc,phases      ] GC(113)     Redirty Cards: 0.0ms
[22.292s][debug][gc,phases      ] GC(113)     DerivedPointerTable Update: 0.0ms
[22.292s][debug][gc,phases      ] GC(113)     Free Collection Set: 0.2ms
[22.292s][debug][gc,phases      ] GC(113)     Rebuild Free List: 0.1ms
[22.292s][debug][gc,phases      ] GC(113)     Humongous Reclaim: 0.0ms
[22.292s][debug][gc,phases      ] GC(113)     Start New Collection Set: 0.0ms
[22.292s][debug][gc,phases      ] GC(113)     Resize TLABs: 0.0ms
[22.292s][debug][gc,phases      ] GC(113)     Expand Heap After Collection: 0.0ms
[22.292s][info ][gc,phases      ] GC(113)   Other: 0.3ms
[22.292s][info ][gc,heap        ] GC(113) Eden regions: 177->0(177)
[22.292s][info ][gc,heap        ] GC(113) Survivor regions: 1->1(23)
[22.292s][info ][gc,heap        ] GC(113) Old regions: 7->7
[22.292s][info ][gc,heap        ] GC(113) Archive regions: 2->2
[22.292s][info ][gc,heap        ] GC(113) Humongous regions: 0->0
[22.292s][info ][gc,metaspace   ] GC(113) Metaspace: 10703K(11136K)->10703K(11136K) NonClass: 9440K(9728K)->9440K(9728K) Class: 1263K(1408K)->1263K(1408K)
[22.292s][debug][gc,heap        ] GC(113) Heap after GC invocations=114 (full 1): garbage-first heap   total 305152K, used 4440K [0x0000000700000000, 0x0000000800000000)
[22.292s][debug][gc,heap        ] GC(113)   region size 1024K, 1 young (1024K), 1 survivors (1024K)
[22.292s][debug][gc,heap        ] GC(113)  Metaspace       used 10703K, capacity 10992K, committed 11136K, reserved 1058816K
[22.292s][debug][gc,heap        ] GC(113)   class space    used 1263K, capacity 1389K, committed 1408K, reserved 1048576K
[22.292s][info ][gc             ] GC(113) Pause Young (Normal) (G1 Evacuation Pause) 181M->4M(298M) 1.955ms
[22.292s][info ][gc,cpu         ] GC(113) User=0.00s Sys=0.00s Real=0.00s
[22.292s][info ][safepoint      ] Safepoint "G1CollectForAllocation", Time since last: 165641654 ns, Reaching safepoint: 188910 ns, At safepoint: 2152446 ns, Total: 2341356 ns
[22.459s][debug][gc,heap        ] GC(114) Heap before GC invocations=114 (full 1): garbage-first heap   total 305152K, used 185688K [0x0000000700000000, 0x0000000800000000)
[22.459s][debug][gc,heap        ] GC(114)   region size 1024K, 178 young (182272K), 1 survivors (1024K)
[22.459s][debug][gc,heap        ] GC(114)  Metaspace       used 10703K, capacity 10992K, committed 11136K, reserved 1058816K
[22.459s][debug][gc,heap        ] GC(114)   class space    used 1263K, capacity 1389K, committed 1408K, reserved 1048576K
[22.459s][info ][gc,start       ] GC(114) Pause Young (Normal) (G1 Evacuation Pause)
[22.459s][info ][gc,task        ] GC(114) Using 8 workers of 8 for evacuation
[22.459s][debug][gc,tlab        ] GC(114) TLAB totals: thrds: 8  refills: 710 max: 104 slow allocs: 0 max 0 waste:  0.9% gc: 1267736B max: 393520B slow: 410576B max: 60408B fast: 0B max: 0B
[22.459s][debug][gc,age         ] GC(114) Desired survivor size 12058624 bytes, new threshold 15 (max threshold 15)
[22.459s][debug][gc,alloc,region] GC(114) Mutator Allocation stats, regions: 177, wasted size: 0B ( 0.0%)
[22.459s][debug][gc,ergo        ] GC(114) Running G1 Merge Heap Roots using 8 workers for 178 regions
[22.459s][debug][gc,remset      ] GC(114) Visited cards 256 Total dirty 2048 (12.50%) Total old 747520 (0.03%)
[22.459s][debug][gc,ergo        ] GC(114) Running G1 Clear Card Table Task using 1 workers for 1 units of work for 179 regions.
[22.459s][debug][gc,ref         ] GC(114) Skipped phase1 of Reference Processing due to unavailable references
[22.459s][debug][gc,ref         ] GC(114) Skipped phase2 of Reference Processing due to unavailable references
[22.459s][debug][gc,ref         ] GC(114) Skipped phase3 of Reference Processing due to unavailable references
[22.459s][debug][gc,ref         ] GC(114) Skipped phase4 of Reference Processing due to unavailable references
[22.459s][debug][gc,ergo        ] GC(114) Running G1 Free Collection Set using 8 workers for collection set length 178 (298)
[22.460s][debug][gc,ergo        ] GC(114) Running G1 Rebuild Free List Task using 8 workers for rebuilding free list of 0 (4096) regions
[22.460s][trace][gc,age         ] GC(114) Age table with threshold 15 (max threshold 15)
[22.460s][trace][gc,age         ] GC(114) - age   1:        336 bytes,        336 total
[22.460s][debug][gc,plab        ] GC(114) Young PLAB allocation: allocated: 12384B, wasted: 0B, unused: 12048B, used: 336B, undo waste: 0B, 
[22.460s][debug][gc,plab        ] GC(114) Young other allocation: region end waste: 0B, regions filled: 1, direct allocated: 0B, failure used: 0B, failure wasted: 0B
[22.460s][debug][gc,plab        ] GC(114) Young sizing: calculated: 64B, actual: 2064B
[22.460s][debug][gc,plab        ] GC(114) Old PLAB allocation: allocated: 0B, wasted: 0B, unused: 0B, used: 0B, undo waste: 0B, 
[22.460s][debug][gc,plab        ] GC(114) Old other allocation: region end waste: 0B, regions filled: 1, direct allocated: 0B, failure used: 0B, failure wasted: 0B
[22.460s][debug][gc,plab        ] GC(114) Old sizing: calculated: 0B, actual: 2064B
[22.460s][debug][gc,ihop        ] GC(114) Basic information (value update), threshold: 140614041B (45.00), target occupancy: 312475648B, current occupancy: 4547152B, recent allocation size: 0B, recent allocation duration: 167.62ms, recent old gen allocation rate: 0.00B/s, recent marking phase length: 0.00ms
[22.460s][debug][gc,ihop        ] GC(114) Adaptive IHOP information (value update), threshold: 140614041B (47.37), internal target occupancy: 296851865B, occupancy: 4547152B, additional buffer size: 186646528B, predicted old gen allocation rate: 6744.91B/s, predicted marking phase length: 0.00ms, prediction active: false
[22.460s][debug][gc,ergo,refine ] GC(114) Concurrent refinement times: Logged Cards Scan time goal: 20.00ms Logged Cards Scan time: 0.00ms HCC time: 0.00ms
[22.460s][debug][gc,ergo,refine ] GC(114) Updated Refinement Zones: green: 2048, yellow: 6144, red: 10240
[22.460s][info ][gc,phases      ] GC(114)   Pre Evacuate Collection Set: 0.1ms
[22.460s][debug][gc,phases      ] GC(114)     Prepare TLABs: 0.0ms
[22.460s][debug][gc,phases      ] GC(114)     Choose Collection Set: 0.0ms
[22.460s][debug][gc,phases      ] GC(114)     Region Register: 0.1ms
[22.460s][debug][gc,phases      ] GC(114)     Prepare Heap Roots: 0.0ms
[22.460s][info ][gc,phases      ] GC(114)   Merge Heap Roots: 0.2ms
[22.460s][debug][gc,phases      ] GC(114)     Prepare Merge Heap Roots: 0.0ms
[22.460s][debug][gc,phases      ] GC(114)     Eager Reclaim (ms):       skipped
[22.460s][debug][gc,phases      ] GC(114)     Remembered Sets (ms):     Min:  0.0, Avg:  0.0, Max:  0.0, Diff:  0.0, Sum:  0.1, Workers: 8
[22.460s][debug][gc,phases      ] GC(114)       Merged Sparse:            Min: 0, Avg:  0.0, Max: 0, Diff: 0, Sum: 0, Workers: 8
[22.460s][debug][gc,phases      ] GC(114)       Merged Fine:              Min: 0, Avg:  0.0, Max: 0, Diff: 0, Sum: 0, Workers: 8
[22.460s][debug][gc,phases      ] GC(114)       Merged Coarse:            Min: 0, Avg:  0.0, Max: 0, Diff: 0, Sum: 0, Workers: 8
[22.460s][debug][gc,phases      ] GC(114)       Dirty Cards:              Min: 0, Avg:  0.0, Max: 0, Diff: 0, Sum: 0, Workers: 8
[22.460s][debug][gc,phases      ] GC(114)     Hot Card Cache (ms):      Min:  0.0, Avg:  0.0, Max:  0.0, Diff:  0.0, Sum:  0.0, Workers: 8
[22.460s][debug][gc,phases      ] GC(114)       Dirty Cards:              Min: 0, Avg:  0.0, Max: 0, Diff: 0, Sum: 0, Workers: 8
[22.460s][debug][gc,phases      ] GC(114)       Skipped Cards:            Min: 0, Avg:  0.0, Max: 0, Diff: 0, Sum: 0, Workers: 8
[22.460s][debug][gc,phases      ] GC(114)     Log Buffers (ms):         Min:  0.0, Avg:  0.0, Max:  0.0, Diff:  0.0, Sum:  0.0, Workers: 8
[22.460s][debug][gc,phases      ] GC(114)       Dirty Cards:              Min: 0, Avg:  0.1, Max: 1, Diff: 1, Sum: 1, Workers: 8
[22.460s][debug][gc,phases      ] GC(114)       Skipped Cards:            Min: 0, Avg:  0.0, Max: 0, Diff: 0, Sum: 0, Workers: 8
[22.460s][info ][gc,phases      ] GC(114)   Evacuate Collection Set: 0.2ms
[22.460s][debug][gc,phases      ] GC(114)     Ext Root Scanning (ms):   Min:  0.0, Avg:  0.0, Max:  0.1, Diff:  0.1, Sum:  0.2, Workers: 8
[22.460s][debug][gc,phases      ] GC(114)     Scan Heap Roots (ms):     Min:  0.0, Avg:  0.0, Max:  0.0, Diff:  0.0, Sum:  0.0, Workers: 8
[22.460s][debug][gc,phases      ] GC(114)       Scanned Cards:            Min: 0, Avg:  0.1, Max: 1, Diff: 1, Sum: 1, Workers: 8
[22.460s][debug][gc,phases      ] GC(114)       Scanned Blocks:           Min: 0, Avg:  0.1, Max: 1, Diff: 1, Sum: 1, Workers: 8
[22.460s][debug][gc,phases      ] GC(114)       Claimed Chunks:           Min: 0, Avg:  0.1, Max: 1, Diff: 1, Sum: 1, Workers: 8
[22.460s][debug][gc,phases      ] GC(114)     Code Root Scan (ms):      Min:  0.0, Avg:  0.0, Max:  0.0, Diff:  0.0, Sum:  0.0, Workers: 8
[22.460s][debug][gc,phases      ] GC(114)     Object Copy (ms):         Min:  0.0, Avg:  0.0, Max:  0.0, Diff:  0.0, Sum:  0.0, Workers: 8
[22.460s][debug][gc,phases      ] GC(114)     Termination (ms):         Min:  0.0, Avg:  0.0, Max:  0.1, Diff:  0.0, Sum:  0.4, Workers: 8
[22.460s][debug][gc,phases      ] GC(114)       Termination Attempts:     Min: 1, Avg:  1.0, Max: 1, Diff: 0, Sum: 8, Workers: 8
[22.460s][debug][gc,phases      ] GC(114)     GC Worker Other (ms):     Min:  0.0, Avg:  0.0, Max:  0.0, Diff:  0.0, Sum:  0.1, Workers: 8
[22.460s][debug][gc,phases      ] GC(114)     GC Worker Total (ms):     Min:  0.1, Avg:  0.1, Max:  0.1, Diff:  0.0, Sum:  0.8, Workers: 8
[22.460s][info ][gc,phases      ] GC(114)   Post Evacuate Collection Set: 0.5ms
[22.460s][debug][gc,phases      ] GC(114)     Code Roots Fixup: 0.0ms
[22.460s][debug][gc,phases      ] GC(114)     Clear Card Table: 0.1ms
[22.460s][debug][gc,phases      ] GC(114)     Reference Processing: 0.0ms
[22.460s][debug][gc,phases,ref  ] GC(114)       Reconsider SoftReferences: 0.0ms
[22.460s][debug][gc,phases,ref  ] GC(114)         SoftRef (ms):             skipped
[22.460s][debug][gc,phases,ref  ] GC(114)       Notify Soft/WeakReferences: 0.0ms
[22.460s][debug][gc,phases,ref  ] GC(114)         SoftRef (ms):             skipped
[22.460s][debug][gc,phases,ref  ] GC(114)         WeakRef (ms):             skipped
[22.460s][debug][gc,phases,ref  ] GC(114)         FinalRef (ms):            skipped
[22.460s][debug][gc,phases,ref  ] GC(114)         Total (ms):               skipped
[22.460s][debug][gc,phases,ref  ] GC(114)       Notify and keep alive finalizable: 0.0ms
[22.460s][debug][gc,phases,ref  ] GC(114)         FinalRef (ms):            skipped
[22.460s][debug][gc,phases,ref  ] GC(114)       Notify PhantomReferences: 0.0ms
[22.460s][debug][gc,phases,ref  ] GC(114)         PhantomRef (ms):          skipped
[22.460s][debug][gc,phases,ref  ] GC(114)       SoftReference:
[22.460s][debug][gc,phases,ref  ] GC(114)         Discovered: 0
[22.460s][debug][gc,phases,ref  ] GC(114)         Cleared: 0
[22.460s][debug][gc,phases,ref  ] GC(114)       WeakReference:
[22.460s][debug][gc,phases,ref  ] GC(114)         Discovered: 0
[22.460s][debug][gc,phases,ref  ] GC(114)         Cleared: 0
[22.460s][debug][gc,phases,ref  ] GC(114)       FinalReference:
[22.460s][debug][gc,phases,ref  ] GC(114)         Discovered: 0
[22.460s][debug][gc,phases,ref  ] GC(114)         Cleared: 0
[22.460s][debug][gc,phases,ref  ] GC(114)       PhantomReference:
[22.460s][debug][gc,phases,ref  ] GC(114)         Discovered: 0
[22.460s][debug][gc,phases,ref  ] GC(114)         Cleared: 0
[22.460s][debug][gc,phases      ] GC(114)     Weak Processing: 0.1ms
[22.460s][debug][gc,phases      ] GC(114)       JVMTI weak processing: 0.0ms
[22.460s][debug][gc,phases      ] GC(114)         Dead: 0
[22.460s][debug][gc,phases      ] GC(114)         Total: 0
[22.460s][debug][gc,phases      ] GC(114)       JFR weak processing: 0.0ms
[22.460s][debug][gc,phases      ] GC(114)         Dead: 0
[22.460s][debug][gc,phases      ] GC(114)         Total: 0
[22.460s][debug][gc,phases      ] GC(114)       JNI weak                  Min:  0.0, Avg:  0.0, Max:  0.0, Diff:  0.0, Sum:  0.0, Workers: 5
[22.460s][debug][gc,phases      ] GC(114)         Dead                      Min: 0, Avg:  0.0, Max: 0, Diff: 0, Sum: 0, Workers: 5
[22.460s][debug][gc,phases      ] GC(114)         Total                     Min: 0, Avg: 13.4, Max: 67, Diff: 67, Sum: 67, Workers: 5
[22.460s][debug][gc,phases      ] GC(114)       VM weak                   Min:  0.0, Avg:  0.0, Max:  0.0, Diff:  0.0, Sum:  0.0, Workers: 5
[22.460s][debug][gc,phases      ] GC(114)         Dead                      Min: 0, Avg:  0.0, Max: 0, Diff: 0, Sum: 0, Workers: 5
[22.460s][debug][gc,phases      ] GC(114)         Total                     Min: 0, Avg: 47.6, Max: 238, Diff: 238, Sum: 238, Workers: 5
[22.460s][debug][gc,phases      ] GC(114)       StringTable weak          Min:  0.0, Avg:  0.0, Max:  0.1, Diff:  0.1, Sum:  0.1, Workers: 5
[22.460s][debug][gc,phases      ] GC(114)         Dead                      Min: 0, Avg:  0.0, Max: 0, Diff: 0, Sum: 0, Workers: 5
[22.460s][debug][gc,phases      ] GC(114)         Total                     Min: 192, Avg: 728.6, Max: 2686, Diff: 2494, Sum: 3643, Workers: 5
[22.460s][debug][gc,phases      ] GC(114)       ResolvedMethodTable weak  Min:  0.0, Avg:  0.0, Max:  0.0, Diff:  0.0, Sum:  0.0, Workers: 5
[22.460s][debug][gc,phases      ] GC(114)         Dead                      Min: 0, Avg:  0.0, Max: 0, Diff: 0, Sum: 0, Workers: 5
[22.460s][debug][gc,phases      ] GC(114)         Total                     Min: 64, Avg: 123.4, Max: 192, Diff: 128, Sum: 617, Workers: 5
[22.460s][debug][gc,phases      ] GC(114)     Merge Per-Thread State: 0.0ms
[22.460s][debug][gc,phases      ] GC(114)       Copied Bytes              Min: 0, Avg: 42.0, Max: 104, Diff: 104, Sum: 336, Workers: 8
[22.460s][debug][gc,phases      ] GC(114)       LAB Waste                 Min: 0, Avg:  0.0, Max: 0, Diff: 0, Sum: 0, Workers: 8
[22.460s][debug][gc,phases      ] GC(114)       LAB Undo Waste            Min: 0, Avg:  0.0, Max: 0, Diff: 0, Sum: 0, Workers: 8
[22.460s][debug][gc,phases      ] GC(114)     Code Roots Purge: 0.0ms
[22.460s][debug][gc,phases      ] GC(114)     Redirty Cards: 0.0ms
[22.460s][debug][gc,phases      ] GC(114)     DerivedPointerTable Update: 0.0ms
[22.460s][debug][gc,phases      ] GC(114)     Free Collection Set: 0.1ms
[22.460s][debug][gc,phases      ] GC(114)     Rebuild Free List: 0.1ms
[22.460s][debug][gc,phases      ] GC(114)     Humongous Reclaim: 0.0ms
[22.460s][debug][gc,phases      ] GC(114)     Start New Collection Set: 0.0ms
[22.460s][debug][gc,phases      ] GC(114)     Resize TLABs: 0.0ms
[22.460s][debug][gc,phases      ] GC(114)     Expand Heap After Collection: 0.0ms
[22.461s][info ][gc,phases      ] GC(114)   Other: 0.3ms
[22.461s][info ][gc,heap        ] GC(114) Eden regions: 177->0(177)
[22.461s][info ][gc,heap        ] GC(114) Survivor regions: 1->1(23)
[22.461s][info ][gc,heap        ] GC(114) Old regions: 7->7
[22.461s][info ][gc,heap        ] GC(114) Archive regions: 2->2
[22.461s][info ][gc,heap        ] GC(114) Humongous regions: 0->0
[22.461s][info ][gc,metaspace   ] GC(114) Metaspace: 10703K(11136K)->10703K(11136K) NonClass: 9440K(9728K)->9440K(9728K) Class: 1263K(1408K)->1263K(1408K)
[22.461s][debug][gc,heap        ] GC(114) Heap after GC invocations=115 (full 1): garbage-first heap   total 305152K, used 4440K [0x0000000700000000, 0x0000000800000000)
[22.461s][debug][gc,heap        ] GC(114)   region size 1024K, 1 young (1024K), 1 survivors (1024K)
[22.461s][debug][gc,heap        ] GC(114)  Metaspace       used 10703K, capacity 10992K, committed 11136K, reserved 1058816K
[22.461s][debug][gc,heap        ] GC(114)   class space    used 1263K, capacity 1389K, committed 1408K, reserved 1048576K
[22.461s][info ][gc             ] GC(114) Pause Young (Normal) (G1 Evacuation Pause) 181M->4M(298M) 1.970ms
[22.461s][info ][gc,cpu         ] GC(114) User=0.01s Sys=0.00s Real=0.00s
[22.461s][info ][safepoint      ] Safepoint "G1CollectForAllocation", Time since last: 166325309 ns, Reaching safepoint: 153783 ns, At safepoint: 2171631 ns, Total: 2325414 ns
[22.620s][debug][gc,heap        ] GC(115) Heap before GC invocations=115 (full 1): garbage-first heap   total 305152K, used 185688K [0x0000000700000000, 0x0000000800000000)
[22.620s][debug][gc,heap        ] GC(115)   region size 1024K, 178 young (182272K), 1 survivors (1024K)
[22.620s][debug][gc,heap        ] GC(115)  Metaspace       used 10703K, capacity 10992K, committed 11136K, reserved 1058816K
[22.620s][debug][gc,heap        ] GC(115)   class space    used 1263K, capacity 1389K, committed 1408K, reserved 1048576K
[22.620s][info ][gc,start       ] GC(115) Pause Young (Normal) (G1 Evacuation Pause)
[22.620s][info ][gc,task        ] GC(115) Using 8 workers of 8 for evacuation
[22.620s][debug][gc,tlab        ] GC(115) TLAB totals: thrds: 8  refills: 711 max: 93 slow allocs: 0 max 0 waste:  1.2% gc: 1812464B max: 420480B slow: 410712B max: 53648B fast: 0B max: 0B
[22.620s][debug][gc,age         ] GC(115) Desired survivor size 12058624 bytes, new threshold 15 (max threshold 15)
[22.620s][debug][gc,alloc,region] GC(115) Mutator Allocation stats, regions: 177, wasted size: 0B ( 0.0%)
[22.620s][debug][gc,ergo        ] GC(115) Running G1 Merge Heap Roots using 8 workers for 178 regions
[22.620s][debug][gc,remset      ] GC(115) Visited cards 256 Total dirty 2048 (12.50%) Total old 747520 (0.03%)
[22.620s][debug][gc,ergo        ] GC(115) Running G1 Clear Card Table Task using 1 workers for 1 units of work for 179 regions.
[22.621s][debug][gc,ref         ] GC(115) Skipped phase1 of Reference Processing due to unavailable references
[22.621s][debug][gc,ref         ] GC(115) Skipped phase2 of Reference Processing due to unavailable references
[22.621s][debug][gc,ref         ] GC(115) Skipped phase3 of Reference Processing due to unavailable references
[22.621s][debug][gc,ref         ] GC(115) Skipped phase4 of Reference Processing due to unavailable references
[22.621s][debug][gc,ergo        ] GC(115) Running G1 Free Collection Set using 8 workers for collection set length 178 (298)
[22.621s][debug][gc,ergo        ] GC(115) Running G1 Rebuild Free List Task using 8 workers for rebuilding free list of 0 (4096) regions
[22.621s][trace][gc,age         ] GC(115) Age table with threshold 15 (max threshold 15)
[22.621s][trace][gc,age         ] GC(115) - age   1:        416 bytes,        416 total
[22.621s][debug][gc,plab        ] GC(115) Young PLAB allocation: allocated: 10320B, wasted: 0B, unused: 9904B, used: 416B, undo waste: 0B, 
[22.621s][debug][gc,plab        ] GC(115) Young other allocation: region end waste: 0B, regions filled: 1, direct allocated: 0B, failure used: 0B, failure wasted: 0B
[22.621s][debug][gc,plab        ] GC(115) Young sizing: calculated: 80B, actual: 2064B
[22.621s][debug][gc,plab        ] GC(115) Old PLAB allocation: allocated: 0B, wasted: 0B, unused: 0B, used: 0B, undo waste: 0B, 
[22.621s][debug][gc,plab        ] GC(115) Old other allocation: region end waste: 0B, regions filled: 1, direct allocated: 0B, failure used: 0B, failure wasted: 0B
[22.621s][debug][gc,plab        ] GC(115) Old sizing: calculated: 0B, actual: 2064B
[22.621s][debug][gc,ihop        ] GC(115) Basic information (value update), threshold: 140614041B (45.00), target occupancy: 312475648B, current occupancy: 4545088B, recent allocation size: 0B, recent allocation duration: 160.29ms, recent old gen allocation rate: 0.00B/s, recent marking phase length: 0.00ms
[22.621s][debug][gc,ihop        ] GC(115) Adaptive IHOP information (value update), threshold: 140614041B (47.37), internal target occupancy: 296851865B, occupancy: 4545088B, additional buffer size: 186646528B, predicted old gen allocation rate: 6559.53B/s, predicted marking phase length: 0.00ms, prediction active: false
[22.621s][debug][gc,ergo,refine ] GC(115) Concurrent refinement times: Logged Cards Scan time goal: 20.00ms Logged Cards Scan time: 0.00ms HCC time: 0.00ms
[22.621s][debug][gc,ergo,refine ] GC(115) Updated Refinement Zones: green: 2048, yellow: 6144, red: 10240
[22.621s][info ][gc,phases      ] GC(115)   Pre Evacuate Collection Set: 0.1ms
[22.621s][debug][gc,phases      ] GC(115)     Prepare TLABs: 0.0ms
[22.621s][debug][gc,phases      ] GC(115)     Choose Collection Set: 0.0ms
[22.621s][debug][gc,phases      ] GC(115)     Region Register: 0.1ms
[22.621s][debug][gc,phases      ] GC(115)     Prepare Heap Roots: 0.0ms
[22.621s][info ][gc,phases      ] GC(115)   Merge Heap Roots: 0.1ms
[22.621s][debug][gc,phases      ] GC(115)     Prepare Merge Heap Roots: 0.0ms
[22.621s][debug][gc,phases      ] GC(115)     Eager Reclaim (ms):       skipped
[22.621s][debug][gc,phases      ] GC(115)     Remembered Sets (ms):     Min:  0.0, Avg:  0.0, Max:  0.0, Diff:  0.0, Sum:  0.1, Workers: 8
[22.621s][debug][gc,phases      ] GC(115)       Merged Sparse:            Min: 0, Avg:  0.0, Max: 0, Diff: 0, Sum: 0, Workers: 8
[22.621s][debug][gc,phases      ] GC(115)       Merged Fine:              Min: 0, Avg:  0.0, Max: 0, Diff: 0, Sum: 0, Workers: 8
[22.621s][debug][gc,phases      ] GC(115)       Merged Coarse:            Min: 0, Avg:  0.0, Max: 0, Diff: 0, Sum: 0, Workers: 8
[22.621s][debug][gc,phases      ] GC(115)       Dirty Cards:              Min: 0, Avg:  0.0, Max: 0, Diff: 0, Sum: 0, Workers: 8
[22.621s][debug][gc,phases      ] GC(115)     Hot Card Cache (ms):      Min:  0.0, Avg:  0.0, Max:  0.0, Diff:  0.0, Sum:  0.0, Workers: 8
[22.621s][debug][gc,phases      ] GC(115)       Dirty Cards:              Min: 0, Avg:  0.0, Max: 0, Diff: 0, Sum: 0, Workers: 8
[22.621s][debug][gc,phases      ] GC(115)       Skipped Cards:            Min: 0, Avg:  0.0, Max: 0, Diff: 0, Sum: 0, Workers: 8
[22.621s][debug][gc,phases      ] GC(115)     Log Buffers (ms):         Min:  0.0, Avg:  0.0, Max:  0.0, Diff:  0.0, Sum:  0.0, Workers: 8
[22.621s][debug][gc,phases      ] GC(115)       Dirty Cards:              Min: 0, Avg:  0.1, Max: 1, Diff: 1, Sum: 1, Workers: 8
[22.621s][debug][gc,phases      ] GC(115)       Skipped Cards:            Min: 0, Avg:  0.0, Max: 0, Diff: 0, Sum: 0, Workers: 8
[22.621s][info ][gc,phases      ] GC(115)   Evacuate Collection Set: 0.2ms
[22.621s][debug][gc,phases      ] GC(115)     Ext Root Scanning (ms):   Min:  0.0, Avg:  0.0, Max:  0.1, Diff:  0.1, Sum:  0.2, Workers: 8
[22.621s][debug][gc,phases      ] GC(115)     Scan Heap Roots (ms):     Min:  0.0, Avg:  0.0, Max:  0.0, Diff:  0.0, Sum:  0.0, Workers: 8
[22.621s][debug][gc,phases      ] GC(115)       Scanned Cards:            Min: 0, Avg:  0.1, Max: 1, Diff: 1, Sum: 1, Workers: 8
[22.621s][debug][gc,phases      ] GC(115)       Scanned Blocks:           Min: 0, Avg:  0.1, Max: 1, Diff: 1, Sum: 1, Workers: 8
[22.621s][debug][gc,phases      ] GC(115)       Claimed Chunks:           Min: 0, Avg:  0.1, Max: 1, Diff: 1, Sum: 1, Workers: 8
[22.621s][debug][gc,phases      ] GC(115)     Code Root Scan (ms):      Min:  0.0, Avg:  0.0, Max:  0.0, Diff:  0.0, Sum:  0.0, Workers: 8
[22.621s][debug][gc,phases      ] GC(115)     Object Copy (ms):         Min:  0.0, Avg:  0.0, Max:  0.0, Diff:  0.0, Sum:  0.0, Workers: 8
[22.621s][debug][gc,phases      ] GC(115)     Termination (ms):         Min:  0.0, Avg:  0.1, Max:  0.1, Diff:  0.0, Sum:  0.4, Workers: 8
[22.621s][debug][gc,phases      ] GC(115)       Termination Attempts:     Min: 1, Avg:  1.0, Max: 1, Diff: 0, Sum: 8, Workers: 8
[22.621s][debug][gc,phases      ] GC(115)     GC Worker Other (ms):     Min:  0.0, Avg:  0.0, Max:  0.0, Diff:  0.0, Sum:  0.1, Workers: 8
[22.621s][debug][gc,phases      ] GC(115)     GC Worker Total (ms):     Min:  0.1, Avg:  0.1, Max:  0.1, Diff:  0.1, Sum:  0.8, Workers: 8
[22.622s][info ][gc,phases      ] GC(115)   Post Evacuate Collection Set: 0.6ms
[22.622s][debug][gc,phases      ] GC(115)     Code Roots Fixup: 0.0ms
[22.622s][debug][gc,phases      ] GC(115)     Clear Card Table: 0.1ms
[22.622s][debug][gc,phases      ] GC(115)     Reference Processing: 0.1ms
[22.622s][debug][gc,phases,ref  ] GC(115)       Reconsider SoftReferences: 0.0ms
[22.622s][debug][gc,phases,ref  ] GC(115)         SoftRef (ms):             skipped
[22.622s][debug][gc,phases,ref  ] GC(115)       Notify Soft/WeakReferences: 0.0ms
[22.622s][debug][gc,phases,ref  ] GC(115)         SoftRef (ms):             skipped
[22.622s][debug][gc,phases,ref  ] GC(115)         WeakRef (ms):             skipped
[22.622s][debug][gc,phases,ref  ] GC(115)         FinalRef (ms):            skipped
[22.622s][debug][gc,phases,ref  ] GC(115)         Total (ms):               skipped
[22.622s][debug][gc,phases,ref  ] GC(115)       Notify and keep alive finalizable: 0.0ms
[22.622s][debug][gc,phases,ref  ] GC(115)         FinalRef (ms):            skipped
[22.622s][debug][gc,phases,ref  ] GC(115)       Notify PhantomReferences: 0.0ms
[22.622s][debug][gc,phases,ref  ] GC(115)         PhantomRef (ms):          skipped
[22.622s][debug][gc,phases,ref  ] GC(115)       SoftReference:
[22.622s][debug][gc,phases,ref  ] GC(115)         Discovered: 0
[22.622s][debug][gc,phases,ref  ] GC(115)         Cleared: 0
[22.622s][debug][gc,phases,ref  ] GC(115)       WeakReference:
[22.622s][debug][gc,phases,ref  ] GC(115)         Discovered: 0
[22.622s][debug][gc,phases,ref  ] GC(115)         Cleared: 0
[22.622s][debug][gc,phases,ref  ] GC(115)       FinalReference:
[22.622s][debug][gc,phases,ref  ] GC(115)         Discovered: 0
[22.622s][debug][gc,phases,ref  ] GC(115)         Cleared: 0
[22.622s][debug][gc,phases,ref  ] GC(115)       PhantomReference:
[22.622s][debug][gc,phases,ref  ] GC(115)         Discovered: 0
[22.622s][debug][gc,phases,ref  ] GC(115)         Cleared: 0
[22.622s][debug][gc,phases      ] GC(115)     Weak Processing: 0.0ms
[22.622s][debug][gc,phases      ] GC(115)       JVMTI weak processing: 0.0ms
[22.622s][debug][gc,phases      ] GC(115)         Dead: 0
[22.622s][debug][gc,phases      ] GC(115)         Total: 0
[22.622s][debug][gc,phases      ] GC(115)       JFR weak processing: 0.0ms
[22.622s][debug][gc,phases      ] GC(115)         Dead: 0
[22.622s][debug][gc,phases      ] GC(115)         Total: 0
[22.622s][debug][gc,phases      ] GC(115)       JNI weak                  Min:  0.0, Avg:  0.0, Max:  0.0, Diff:  0.0, Sum:  0.0, Workers: 5
[22.622s][debug][gc,phases      ] GC(115)         Dead                      Min: 0, Avg:  0.0, Max: 0, Diff: 0, Sum: 0, Workers: 5
[22.622s][debug][gc,phases      ] GC(115)         Total                     Min: 0, Avg: 13.4, Max: 52, Diff: 52, Sum: 67, Workers: 5
[22.622s][debug][gc,phases      ] GC(115)       VM weak                   Min:  0.0, Avg:  0.0, Max:  0.0, Diff:  0.0, Sum:  0.0, Workers: 5
[22.622s][debug][gc,phases      ] GC(115)         Dead                      Min: 0, Avg:  0.0, Max: 0, Diff: 0, Sum: 0, Workers: 5
[22.622s][debug][gc,phases      ] GC(115)         Total                     Min: 0, Avg: 47.6, Max: 128, Diff: 128, Sum: 238, Workers: 5
[22.622s][debug][gc,phases      ] GC(115)       StringTable weak          Min:  0.0, Avg:  0.0, Max:  0.0, Diff:  0.0, Sum:  0.1, Workers: 5
[22.622s][debug][gc,phases      ] GC(115)         Dead                      Min: 0, Avg:  0.0, Max: 0, Diff: 0, Sum: 0, Workers: 5
[22.622s][debug][gc,phases      ] GC(115)         Total                     Min: 0, Avg: 728.6, Max: 1280, Diff: 1280, Sum: 3643, Workers: 5
[22.622s][debug][gc,phases      ] GC(115)       ResolvedMethodTable weak  Min:  0.0, Avg:  0.0, Max:  0.0, Diff:  0.0, Sum:  0.0, Workers: 5
[22.622s][debug][gc,phases      ] GC(115)         Dead                      Min: 0, Avg:  0.0, Max: 0, Diff: 0, Sum: 0, Workers: 5
[22.622s][debug][gc,phases      ] GC(115)         Total                     Min: 0, Avg: 123.4, Max: 233, Diff: 233, Sum: 617, Workers: 5
[22.622s][debug][gc,phases      ] GC(115)     Merge Per-Thread State: 0.0ms
[22.622s][debug][gc,phases      ] GC(115)       Copied Bytes              Min: 0, Avg: 52.0, Max: 128, Diff: 128, Sum: 416, Workers: 8
[22.622s][debug][gc,phases      ] GC(115)       LAB Waste                 Min: 0, Avg:  0.0, Max: 0, Diff: 0, Sum: 0, Workers: 8
[22.622s][debug][gc,phases      ] GC(115)       LAB Undo Waste            Min: 0, Avg:  0.0, Max: 0, Diff: 0, Sum: 0, Workers: 8
[22.622s][debug][gc,phases      ] GC(115)     Code Roots Purge: 0.0ms
[22.622s][debug][gc,phases      ] GC(115)     Redirty Cards: 0.0ms
[22.622s][debug][gc,phases      ] GC(115)     DerivedPointerTable Update: 0.0ms
[22.622s][debug][gc,phases      ] GC(115)     Free Collection Set: 0.1ms
[22.622s][debug][gc,phases      ] GC(115)     Rebuild Free List: 0.1ms
[22.622s][debug][gc,phases      ] GC(115)     Humongous Reclaim: 0.0ms
[22.622s][debug][gc,phases      ] GC(115)     Start New Collection Set: 0.0ms
[22.622s][debug][gc,phases      ] GC(115)     Resize TLABs: 0.0ms
[22.622s][debug][gc,phases      ] GC(115)     Expand Heap After Collection: 0.0ms
[22.622s][info ][gc,phases      ] GC(115)   Other: 0.5ms
[22.622s][info ][gc,heap        ] GC(115) Eden regions: 177->0(177)
[22.622s][info ][gc,heap        ] GC(115) Survivor regions: 1->1(23)
[22.622s][info ][gc,heap        ] GC(115) Old regions: 7->7
[22.622s][info ][gc,heap        ] GC(115) Archive regions: 2->2
[22.622s][info ][gc,heap        ] GC(115) Humongous regions: 0->0
[22.622s][info ][gc,metaspace   ] GC(115) Metaspace: 10703K(11136K)->10703K(11136K) NonClass: 9440K(9728K)->9440K(9728K) Class: 1263K(1408K)->1263K(1408K)
[22.622s][debug][gc,heap        ] GC(115) Heap after GC invocations=116 (full 1): garbage-first heap   total 305152K, used 4438K [0x0000000700000000, 0x0000000800000000)
[22.622s][debug][gc,heap        ] GC(115)   region size 1024K, 1 young (1024K), 1 survivors (1024K)
[22.622s][debug][gc,heap        ] GC(115)  Metaspace       used 10703K, capacity 10992K, committed 11136K, reserved 1058816K
[22.622s][debug][gc,heap        ] GC(115)   class space    used 1263K, capacity 1389K, committed 1408K, reserved 1048576K
[22.622s][info ][gc             ] GC(115) Pause Young (Normal) (G1 Evacuation Pause) 181M->4M(298M) 2.531ms
[22.622s][info ][gc,cpu         ] GC(115) User=0.00s Sys=0.00s Real=0.00s
[22.623s][info ][safepoint      ] Safepoint "G1CollectForAllocation", Time since last: 158885425 ns, Reaching safepoint: 188094 ns, At safepoint: 2773309 ns, Total: 2961403 ns
[22.787s][debug][gc,heap        ] GC(116) Heap before GC invocations=116 (full 1): garbage-first heap   total 305152K, used 185686K [0x0000000700000000, 0x0000000800000000)
[22.787s][debug][gc,heap        ] GC(116)   region size 1024K, 178 young (182272K), 1 survivors (1024K)
[22.787s][debug][gc,heap        ] GC(116)  Metaspace       used 10703K, capacity 10992K, committed 11136K, reserved 1058816K
[22.787s][debug][gc,heap        ] GC(116)   class space    used 1263K, capacity 1389K, committed 1408K, reserved 1048576K
[22.787s][info ][gc,start       ] GC(116) Pause Young (Normal) (G1 Evacuation Pause)
[22.787s][info ][gc,task        ] GC(116) Using 8 workers of 8 for evacuation
[22.787s][debug][gc,tlab        ] GC(116) TLAB totals: thrds: 8  refills: 711 max: 95 slow allocs: 0 max 0 waste:  1.0% gc: 1404448B max: 433512B slow: 411424B max: 54624B fast: 0B max: 0B
[22.787s][debug][gc,age         ] GC(116) Desired survivor size 12058624 bytes, new threshold 15 (max threshold 15)
[22.787s][debug][gc,alloc,region] GC(116) Mutator Allocation stats, regions: 177, wasted size: 0B ( 0.0%)
[22.787s][debug][gc,ergo        ] GC(116) Running G1 Merge Heap Roots using 8 workers for 178 regions
[22.787s][debug][gc,remset      ] GC(116) Visited cards 256 Total dirty 2048 (12.50%) Total old 747520 (0.03%)
[22.787s][debug][gc,ergo        ] GC(116) Running G1 Clear Card Table Task using 1 workers for 1 units of work for 179 regions.
[22.787s][debug][gc,ref         ] GC(116) Skipped phase1 of Reference Processing due to unavailable references
[22.787s][debug][gc,ref         ] GC(116) Skipped phase2 of Reference Processing due to unavailable references
[22.787s][debug][gc,ref         ] GC(116) Skipped phase3 of Reference Processing due to unavailable references
[22.787s][debug][gc,ref         ] GC(116) Skipped phase4 of Reference Processing due to unavailable references
[22.788s][debug][gc,ergo        ] GC(116) Running G1 Free Collection Set using 8 workers for collection set length 178 (298)
[22.788s][debug][gc,ergo        ] GC(116) Running G1 Rebuild Free List Task using 8 workers for rebuilding free list of 0 (4096) regions
[22.788s][trace][gc,age         ] GC(116) Age table with threshold 15 (max threshold 15)
[22.788s][trace][gc,age         ] GC(116) - age   1:        416 bytes,        416 total
[22.788s][debug][gc,plab        ] GC(116) Young PLAB allocation: allocated: 8256B, wasted: 0B, unused: 7840B, used: 416B, undo waste: 0B, 
[22.788s][debug][gc,plab        ] GC(116) Young other allocation: region end waste: 0B, regions filled: 1, direct allocated: 0B, failure used: 0B, failure wasted: 0B
[22.788s][debug][gc,plab        ] GC(116) Young sizing: calculated: 80B, actual: 2064B
[22.788s][debug][gc,plab        ] GC(116) Old PLAB allocation: allocated: 0B, wasted: 0B, unused: 0B, used: 0B, undo waste: 0B, 
[22.788s][debug][gc,plab        ] GC(116) Old other allocation: region end waste: 0B, regions filled: 1, direct allocated: 0B, failure used: 0B, failure wasted: 0B
[22.788s][debug][gc,plab        ] GC(116) Old sizing: calculated: 0B, actual: 2064B
[22.788s][debug][gc,ihop        ] GC(116) Basic information (value update), threshold: 140614041B (45.00), target occupancy: 312475648B, current occupancy: 4543024B, recent allocation size: 0B, recent allocation duration: 165.76ms, recent old gen allocation rate: 0.00B/s, recent marking phase length: 0.00ms
[22.788s][debug][gc,ihop        ] GC(116) Adaptive IHOP information (value update), threshold: 140614041B (47.37), internal target occupancy: 296851865B, occupancy: 4543024B, additional buffer size: 186646528B, predicted old gen allocation rate: 6379.56B/s, predicted marking phase length: 0.00ms, prediction active: false
[22.788s][debug][gc,ergo,refine ] GC(116) Concurrent refinement times: Logged Cards Scan time goal: 20.00ms Logged Cards Scan time: 0.00ms HCC time: 0.00ms
[22.788s][debug][gc,ergo,refine ] GC(116) Updated Refinement Zones: green: 2048, yellow: 6144, red: 10240
[22.788s][info ][gc,phases      ] GC(116)   Pre Evacuate Collection Set: 0.1ms
[22.788s][debug][gc,phases      ] GC(116)     Prepare TLABs: 0.0ms
[22.788s][debug][gc,phases      ] GC(116)     Choose Collection Set: 0.0ms
[22.788s][debug][gc,phases      ] GC(116)     Region Register: 0.1ms
[22.788s][debug][gc,phases      ] GC(116)     Prepare Heap Roots: 0.0ms
[22.788s][info ][gc,phases      ] GC(116)   Merge Heap Roots: 0.1ms
[22.788s][debug][gc,phases      ] GC(116)     Prepare Merge Heap Roots: 0.0ms
[22.788s][debug][gc,phases      ] GC(116)     Eager Reclaim (ms):       skipped
[22.788s][debug][gc,phases      ] GC(116)     Remembered Sets (ms):     Min:  0.0, Avg:  0.0, Max:  0.0, Diff:  0.0, Sum:  0.0, Workers: 8
[22.788s][debug][gc,phases      ] GC(116)       Merged Sparse:            Min: 0, Avg:  0.0, Max: 0, Diff: 0, Sum: 0, Workers: 8
[22.788s][debug][gc,phases      ] GC(116)       Merged Fine:              Min: 0, Avg:  0.0, Max: 0, Diff: 0, Sum: 0, Workers: 8
[22.788s][debug][gc,phases      ] GC(116)       Merged Coarse:            Min: 0, Avg:  0.0, Max: 0, Diff: 0, Sum: 0, Workers: 8
[22.788s][debug][gc,phases      ] GC(116)       Dirty Cards:              Min: 0, Avg:  0.0, Max: 0, Diff: 0, Sum: 0, Workers: 8
[22.788s][debug][gc,phases      ] GC(116)     Hot Card Cache (ms):      Min:  0.0, Avg:  0.0, Max:  0.0, Diff:  0.0, Sum:  0.0, Workers: 8
[22.788s][debug][gc,phases      ] GC(116)       Dirty Cards:              Min: 0, Avg:  0.0, Max: 0, Diff: 0, Sum: 0, Workers: 8
[22.788s][debug][gc,phases      ] GC(116)       Skipped Cards:            Min: 0, Avg:  0.0, Max: 0, Diff: 0, Sum: 0, Workers: 8
[22.788s][debug][gc,phases      ] GC(116)     Log Buffers (ms):         Min:  0.0, Avg:  0.0, Max:  0.0, Diff:  0.0, Sum:  0.0, Workers: 8
[22.788s][debug][gc,phases      ] GC(116)       Dirty Cards:              Min: 0, Avg:  0.1, Max: 1, Diff: 1, Sum: 1, Workers: 8
[22.788s][debug][gc,phases      ] GC(116)       Skipped Cards:            Min: 0, Avg:  0.0, Max: 0, Diff: 0, Sum: 0, Workers: 8
[22.788s][info ][gc,phases      ] GC(116)   Evacuate Collection Set: 0.2ms
[22.788s][debug][gc,phases      ] GC(116)     Ext Root Scanning (ms):   Min:  0.0, Avg:  0.0, Max:  0.1, Diff:  0.1, Sum:  0.4, Workers: 8
[22.788s][debug][gc,phases      ] GC(116)     Scan Heap Roots (ms):     Min:  0.0, Avg:  0.0, Max:  0.0, Diff:  0.0, Sum:  0.0, Workers: 8
[22.788s][debug][gc,phases      ] GC(116)       Scanned Cards:            Min: 0, Avg:  0.1, Max: 1, Diff: 1, Sum: 1, Workers: 8
[22.788s][debug][gc,phases      ] GC(116)       Scanned Blocks:           Min: 0, Avg:  0.1, Max: 1, Diff: 1, Sum: 1, Workers: 8
[22.788s][debug][gc,phases      ] GC(116)       Claimed Chunks:           Min: 0, Avg:  0.1, Max: 1, Diff: 1, Sum: 1, Workers: 8
[22.788s][debug][gc,phases      ] GC(116)     Code Root Scan (ms):      Min:  0.0, Avg:  0.0, Max:  0.0, Diff:  0.0, Sum:  0.0, Workers: 8
[22.788s][debug][gc,phases      ] GC(116)     Object Copy (ms):         Min:  0.0, Avg:  0.0, Max:  0.0, Diff:  0.0, Sum:  0.0, Workers: 8
[22.788s][debug][gc,phases      ] GC(116)     Termination (ms):         Min:  0.1, Avg:  0.1, Max:  0.1, Diff:  0.0, Sum:  0.8, Workers: 8
[22.788s][debug][gc,phases      ] GC(116)       Termination Attempts:     Min: 1, Avg:  1.0, Max: 1, Diff: 0, Sum: 8, Workers: 8
[22.788s][debug][gc,phases      ] GC(116)     GC Worker Other (ms):     Min:  0.0, Avg:  0.0, Max:  0.0, Diff:  0.0, Sum:  0.2, Workers: 8
[22.788s][debug][gc,phases      ] GC(116)     GC Worker Total (ms):     Min:  0.2, Avg:  0.2, Max:  0.2, Diff:  0.0, Sum:  1.4, Workers: 8
[22.788s][info ][gc,phases      ] GC(116)   Post Evacuate Collection Set: 0.5ms
[22.788s][debug][gc,phases      ] GC(116)     Code Roots Fixup: 0.0ms
[22.788s][debug][gc,phases      ] GC(116)     Clear Card Table: 0.1ms
[22.788s][debug][gc,phases      ] GC(116)     Reference Processing: 0.1ms
[22.788s][debug][gc,phases,ref  ] GC(116)       Reconsider SoftReferences: 0.0ms
[22.788s][debug][gc,phases,ref  ] GC(116)         SoftRef (ms):             skipped
[22.788s][debug][gc,phases,ref  ] GC(116)       Notify Soft/WeakReferences: 0.0ms
[22.788s][debug][gc,phases,ref  ] GC(116)         SoftRef (ms):             skipped
[22.788s][debug][gc,phases,ref  ] GC(116)         WeakRef (ms):             skipped
[22.788s][debug][gc,phases,ref  ] GC(116)         FinalRef (ms):            skipped
[22.788s][debug][gc,phases,ref  ] GC(116)         Total (ms):               skipped
[22.788s][debug][gc,phases,ref  ] GC(116)       Notify and keep alive finalizable: 0.0ms
[22.788s][debug][gc,phases,ref  ] GC(116)         FinalRef (ms):            skipped
[22.788s][debug][gc,phases,ref  ] GC(116)       Notify PhantomReferences: 0.0ms
[22.788s][debug][gc,phases,ref  ] GC(116)         PhantomRef (ms):          skipped
[22.788s][debug][gc,phases,ref  ] GC(116)       SoftReference:
[22.788s][debug][gc,phases,ref  ] GC(116)         Discovered: 0
[22.788s][debug][gc,phases,ref  ] GC(116)         Cleared: 0
[22.788s][debug][gc,phases,ref  ] GC(116)       WeakReference:
[22.788s][debug][gc,phases,ref  ] GC(116)         Discovered: 0
[22.788s][debug][gc,phases,ref  ] GC(116)         Cleared: 0
[22.788s][debug][gc,phases,ref  ] GC(116)       FinalReference:
[22.788s][debug][gc,phases,ref  ] GC(116)         Discovered: 0
[22.788s][debug][gc,phases,ref  ] GC(116)         Cleared: 0
[22.788s][debug][gc,phases,ref  ] GC(116)       PhantomReference:
[22.788s][debug][gc,phases,ref  ] GC(116)         Discovered: 0
[22.788s][debug][gc,phases,ref  ] GC(116)         Cleared: 0
[22.788s][debug][gc,phases      ] GC(116)     Weak Processing: 0.1ms
[22.788s][debug][gc,phases      ] GC(116)       JVMTI weak processing: 0.0ms
[22.788s][debug][gc,phases      ] GC(116)         Dead: 0
[22.788s][debug][gc,phases      ] GC(116)         Total: 0
[22.788s][debug][gc,phases      ] GC(116)       JFR weak processing: 0.0ms
[22.788s][debug][gc,phases      ] GC(116)         Dead: 0
[22.788s][debug][gc,phases      ] GC(116)         Total: 0
[22.788s][debug][gc,phases      ] GC(116)       JNI weak                  Min:  0.0, Avg:  0.0, Max:  0.0, Diff:  0.0, Sum:  0.0, Workers: 5
[22.789s][debug][gc,phases      ] GC(116)         Dead                      Min: 0, Avg:  0.0, Max: 0, Diff: 0, Sum: 0, Workers: 5
[22.789s][debug][gc,phases      ] GC(116)         Total                     Min: 0, Avg: 13.4, Max: 52, Diff: 52, Sum: 67, Workers: 5
[22.789s][debug][gc,phases      ] GC(116)       VM weak                   Min:  0.0, Avg:  0.0, Max:  0.0, Diff:  0.0, Sum:  0.0, Workers: 5
[22.789s][debug][gc,phases      ] GC(116)         Dead                      Min: 0, Avg:  0.0, Max: 0, Diff: 0, Sum: 0, Workers: 5
[22.789s][debug][gc,phases      ] GC(116)         Total                     Min: 0, Avg: 47.6, Max: 128, Diff: 128, Sum: 238, Workers: 5
[22.789s][debug][gc,phases      ] GC(116)       StringTable weak          Min:  0.0, Avg:  0.0, Max:  0.1, Diff:  0.1, Sum:  0.1, Workers: 5
[22.789s][debug][gc,phases      ] GC(116)         Dead                      Min: 0, Avg:  0.0, Max: 0, Diff: 0, Sum: 0, Workers: 5
[22.789s][debug][gc,phases      ] GC(116)         Total                     Min: 0, Avg: 728.6, Max: 1790, Diff: 1790, Sum: 3643, Workers: 5
[22.789s][debug][gc,phases      ] GC(116)       ResolvedMethodTable weak  Min:  0.0, Avg:  0.0, Max:  0.0, Diff:  0.0, Sum:  0.0, Workers: 5
[22.789s][debug][gc,phases      ] GC(116)         Dead                      Min: 0, Avg:  0.0, Max: 0, Diff: 0, Sum: 0, Workers: 5
[22.789s][debug][gc,phases      ] GC(116)         Total                     Min: 0, Avg: 123.4, Max: 192, Diff: 192, Sum: 617, Workers: 5
[22.789s][debug][gc,phases      ] GC(116)     Merge Per-Thread State: 0.0ms
[22.789s][debug][gc,phases      ] GC(116)       Copied Bytes              Min: 0, Avg: 52.0, Max: 208, Diff: 208, Sum: 416, Workers: 8
[22.789s][debug][gc,phases      ] GC(116)       LAB Waste                 Min: 0, Avg:  0.0, Max: 0, Diff: 0, Sum: 0, Workers: 8
[22.789s][debug][gc,phases      ] GC(116)       LAB Undo Waste            Min: 0, Avg:  0.0, Max: 0, Diff: 0, Sum: 0, Workers: 8
[22.789s][debug][gc,phases      ] GC(116)     Code Roots Purge: 0.0ms
[22.789s][debug][gc,phases      ] GC(116)     Redirty Cards: 0.0ms
[22.789s][debug][gc,phases      ] GC(116)     DerivedPointerTable Update: 0.0ms
[22.789s][debug][gc,phases      ] GC(116)     Free Collection Set: 0.1ms
[22.789s][debug][gc,phases      ] GC(116)     Rebuild Free List: 0.0ms
[22.789s][debug][gc,phases      ] GC(116)     Humongous Reclaim: 0.0ms
[22.789s][debug][gc,phases      ] GC(116)     Start New Collection Set: 0.0ms
[22.789s][debug][gc,phases      ] GC(116)     Resize TLABs: 0.0ms
[22.789s][debug][gc,phases      ] GC(116)     Expand Heap After Collection: 0.0ms
[22.789s][info ][gc,phases      ] GC(116)   Other: 0.3ms
[22.789s][info ][gc,heap        ] GC(116) Eden regions: 177->0(177)
[22.789s][info ][gc,heap        ] GC(116) Survivor regions: 1->1(23)
[22.789s][info ][gc,heap        ] GC(116) Old regions: 7->7
[22.789s][info ][gc,heap        ] GC(116) Archive regions: 2->2
[22.789s][info ][gc,heap        ] GC(116) Humongous regions: 0->0
[22.789s][info ][gc,metaspace   ] GC(116) Metaspace: 10703K(11136K)->10703K(11136K) NonClass: 9440K(9728K)->9440K(9728K) Class: 1263K(1408K)->1263K(1408K)
[22.789s][debug][gc,heap        ] GC(116) Heap after GC invocations=117 (full 1): garbage-first heap   total 305152K, used 4436K [0x0000000700000000, 0x0000000800000000)
[22.789s][debug][gc,heap        ] GC(116)   region size 1024K, 1 young (1024K), 1 survivors (1024K)
[22.789s][debug][gc,heap        ] GC(116)  Metaspace       used 10703K, capacity 10992K, committed 11136K, reserved 1058816K
[22.789s][debug][gc,heap        ] GC(116)   class space    used 1263K, capacity 1389K, committed 1408K, reserved 1048576K
[22.789s][info ][gc             ] GC(116) Pause Young (Normal) (G1 Evacuation Pause) 181M->4M(298M) 1.946ms
[22.789s][info ][gc,cpu         ] GC(116) User=0.00s Sys=0.00s Real=0.01s
[22.789s][info ][safepoint      ] Safepoint "G1CollectForAllocation", Time since last: 164042735 ns, Reaching safepoint: 135191 ns, At safepoint: 2169747 ns, Total: 2304938 ns
[22.956s][debug][gc,heap        ] GC(117) Heap before GC invocations=117 (full 1): garbage-first heap   total 305152K, used 185684K [0x0000000700000000, 0x0000000800000000)
[22.956s][debug][gc,heap        ] GC(117)   region size 1024K, 178 young (182272K), 1 survivors (1024K)
[22.956s][debug][gc,heap        ] GC(117)  Metaspace       used 10703K, capacity 10992K, committed 11136K, reserved 1058816K
[22.956s][debug][gc,heap        ] GC(117)   class space    used 1263K, capacity 1389K, committed 1408K, reserved 1048576K
[22.956s][info ][gc,start       ] GC(117) Pause Young (Normal) (G1 Evacuation Pause)
[22.956s][info ][gc,task        ] GC(117) Using 8 workers of 8 for evacuation
[22.956s][debug][gc,tlab        ] GC(117) TLAB totals: thrds: 8  refills: 711 max: 92 slow allocs: 0 max 0 waste:  1.0% gc: 1411912B max: 396016B slow: 411728B max: 53616B fast: 0B max: 0B
[22.956s][debug][gc,age         ] GC(117) Desired survivor size 12058624 bytes, new threshold 15 (max threshold 15)
[22.956s][debug][gc,alloc,region] GC(117) Mutator Allocation stats, regions: 177, wasted size: 0B ( 0.0%)
[22.956s][debug][gc,ergo        ] GC(117) Running G1 Merge Heap Roots using 8 workers for 178 regions
[22.956s][debug][gc,remset      ] GC(117) Visited cards 256 Total dirty 2048 (12.50%) Total old 747520 (0.03%)
[22.956s][debug][gc,ergo        ] GC(117) Running G1 Clear Card Table Task using 1 workers for 1 units of work for 179 regions.
[22.957s][debug][gc,ref         ] GC(117) Skipped phase1 of Reference Processing due to unavailable references
[22.957s][debug][gc,ref         ] GC(117) Skipped phase2 of Reference Processing due to unavailable references
[22.957s][debug][gc,ref         ] GC(117) Skipped phase3 of Reference Processing due to unavailable references
[22.957s][debug][gc,ref         ] GC(117) Skipped phase4 of Reference Processing due to unavailable references
[22.957s][debug][gc,ergo        ] GC(117) Running G1 Free Collection Set using 8 workers for collection set length 178 (298)
[22.957s][debug][gc,ergo        ] GC(117) Running G1 Rebuild Free List Task using 8 workers for rebuilding free list of 0 (4096) regions
[22.957s][trace][gc,age         ] GC(117) Age table with threshold 15 (max threshold 15)
[22.957s][trace][gc,age         ] GC(117) - age   1:        496 bytes,        496 total
[22.957s][debug][gc,plab        ] GC(117) Young PLAB allocation: allocated: 12384B, wasted: 0B, unused: 11888B, used: 496B, undo waste: 0B, 
[22.957s][debug][gc,plab        ] GC(117) Young other allocation: region end waste: 0B, regions filled: 1, direct allocated: 0B, failure used: 0B, failure wasted: 0B
[22.957s][debug][gc,plab        ] GC(117) Young sizing: calculated: 96B, actual: 2064B
[22.957s][debug][gc,plab        ] GC(117) Old PLAB allocation: allocated: 0B, wasted: 0B, unused: 0B, used: 0B, undo waste: 0B, 
[22.957s][debug][gc,plab        ] GC(117) Old other allocation: region end waste: 0B, regions filled: 1, direct allocated: 0B, failure used: 0B, failure wasted: 0B
[22.957s][debug][gc,plab        ] GC(117) Old sizing: calculated: 0B, actual: 2064B
[22.957s][debug][gc,ihop        ] GC(117) Basic information (value update), threshold: 140614041B (45.00), target occupancy: 312475648B, current occupancy: 4547152B, recent allocation size: 0B, recent allocation duration: 168.21ms, recent old gen allocation rate: 0.00B/s, recent marking phase length: 0.00ms
[22.957s][debug][gc,ihop        ] GC(117) Adaptive IHOP information (value update), threshold: 140614041B (47.37), internal target occupancy: 296851865B, occupancy: 4547152B, additional buffer size: 186646528B, predicted old gen allocation rate: 6204.83B/s, predicted marking phase length: 0.00ms, prediction active: false
[22.957s][debug][gc,ergo,refine ] GC(117) Concurrent refinement times: Logged Cards Scan time goal: 20.00ms Logged Cards Scan time: 0.00ms HCC time: 0.00ms
[22.957s][debug][gc,ergo,refine ] GC(117) Updated Refinement Zones: green: 2048, yellow: 6144, red: 10240
[22.957s][info ][gc,phases      ] GC(117)   Pre Evacuate Collection Set: 0.1ms
[22.957s][debug][gc,phases      ] GC(117)     Prepare TLABs: 0.0ms
[22.957s][debug][gc,phases      ] GC(117)     Choose Collection Set: 0.0ms
[22.957s][debug][gc,phases      ] GC(117)     Region Register: 0.1ms
[22.957s][debug][gc,phases      ] GC(117)     Prepare Heap Roots: 0.0ms
[22.957s][info ][gc,phases      ] GC(117)   Merge Heap Roots: 0.1ms
[22.957s][debug][gc,phases      ] GC(117)     Prepare Merge Heap Roots: 0.0ms
[22.957s][debug][gc,phases      ] GC(117)     Eager Reclaim (ms):       skipped
[22.957s][debug][gc,phases      ] GC(117)     Remembered Sets (ms):     Min:  0.0, Avg:  0.0, Max:  0.0, Diff:  0.0, Sum:  0.1, Workers: 8
[22.957s][debug][gc,phases      ] GC(117)       Merged Sparse:            Min: 0, Avg:  0.0, Max: 0, Diff: 0, Sum: 0, Workers: 8
[22.957s][debug][gc,phases      ] GC(117)       Merged Fine:              Min: 0, Avg:  0.0, Max: 0, Diff: 0, Sum: 0, Workers: 8
[22.957s][debug][gc,phases      ] GC(117)       Merged Coarse:            Min: 0, Avg:  0.0, Max: 0, Diff: 0, Sum: 0, Workers: 8
[22.957s][debug][gc,phases      ] GC(117)       Dirty Cards:              Min: 0, Avg:  0.0, Max: 0, Diff: 0, Sum: 0, Workers: 8
[22.957s][debug][gc,phases      ] GC(117)     Hot Card Cache (ms):      Min:  0.0, Avg:  0.0, Max:  0.0, Diff:  0.0, Sum:  0.0, Workers: 8
[22.957s][debug][gc,phases      ] GC(117)       Dirty Cards:              Min: 0, Avg:  0.0, Max: 0, Diff: 0, Sum: 0, Workers: 8
[22.957s][debug][gc,phases      ] GC(117)       Skipped Cards:            Min: 0, Avg:  0.0, Max: 0, Diff: 0, Sum: 0, Workers: 8
[22.957s][debug][gc,phases      ] GC(117)     Log Buffers (ms):         Min:  0.0, Avg:  0.0, Max:  0.0, Diff:  0.0, Sum:  0.0, Workers: 8
[22.957s][debug][gc,phases      ] GC(117)       Dirty Cards:              Min: 0, Avg:  0.1, Max: 1, Diff: 1, Sum: 1, Workers: 8
[22.957s][debug][gc,phases      ] GC(117)       Skipped Cards:            Min: 0, Avg:  0.0, Max: 0, Diff: 0, Sum: 0, Workers: 8
[22.957s][info ][gc,phases      ] GC(117)   Evacuate Collection Set: 0.2ms
[22.957s][debug][gc,phases      ] GC(117)     Ext Root Scanning (ms):   Min:  0.0, Avg:  0.0, Max:  0.1, Diff:  0.1, Sum:  0.2, Workers: 8
[22.957s][debug][gc,phases      ] GC(117)     Scan Heap Roots (ms):     Min:  0.0, Avg:  0.0, Max:  0.0, Diff:  0.0, Sum:  0.0, Workers: 8
[22.957s][debug][gc,phases      ] GC(117)       Scanned Cards:            Min: 0, Avg:  0.1, Max: 1, Diff: 1, Sum: 1, Workers: 8
[22.957s][debug][gc,phases      ] GC(117)       Scanned Blocks:           Min: 0, Avg:  0.1, Max: 1, Diff: 1, Sum: 1, Workers: 8
[22.957s][debug][gc,phases      ] GC(117)       Claimed Chunks:           Min: 0, Avg:  0.1, Max: 1, Diff: 1, Sum: 1, Workers: 8
[22.957s][debug][gc,phases      ] GC(117)     Code Root Scan (ms):      Min:  0.0, Avg:  0.0, Max:  0.0, Diff:  0.0, Sum:  0.0, Workers: 8
[22.957s][debug][gc,phases      ] GC(117)     Object Copy (ms):         Min:  0.0, Avg:  0.0, Max:  0.0, Diff:  0.0, Sum:  0.0, Workers: 8
[22.957s][debug][gc,phases      ] GC(117)     Termination (ms):         Min:  0.1, Avg:  0.1, Max:  0.1, Diff:  0.0, Sum:  0.5, Workers: 8
[22.957s][debug][gc,phases      ] GC(117)       Termination Attempts:     Min: 1, Avg:  1.0, Max: 1, Diff: 0, Sum: 8, Workers: 8
[22.957s][debug][gc,phases      ] GC(117)     GC Worker Other (ms):     Min:  0.0, Avg:  0.0, Max:  0.0, Diff:  0.0, Sum:  0.1, Workers: 8
[22.957s][debug][gc,phases      ] GC(117)     GC Worker Total (ms):     Min:  0.1, Avg:  0.1, Max:  0.1, Diff:  0.0, Sum:  0.9, Workers: 8
[22.957s][info ][gc,phases      ] GC(117)   Post Evacuate Collection Set: 0.4ms
[22.957s][debug][gc,phases      ] GC(117)     Code Roots Fixup: 0.0ms
[22.957s][debug][gc,phases      ] GC(117)     Clear Card Table: 0.1ms
[22.957s][debug][gc,phases      ] GC(117)     Reference Processing: 0.0ms
[22.957s][debug][gc,phases,ref  ] GC(117)       Reconsider SoftReferences: 0.0ms
[22.957s][debug][gc,phases,ref  ] GC(117)         SoftRef (ms):             skipped
[22.957s][debug][gc,phases,ref  ] GC(117)       Notify Soft/WeakReferences: 0.0ms
[22.957s][debug][gc,phases,ref  ] GC(117)         SoftRef (ms):             skipped
[22.957s][debug][gc,phases,ref  ] GC(117)         WeakRef (ms):             skipped
[22.957s][debug][gc,phases,ref  ] GC(117)         FinalRef (ms):            skipped
[22.957s][debug][gc,phases,ref  ] GC(117)         Total (ms):               skipped
[22.957s][debug][gc,phases,ref  ] GC(117)       Notify and keep alive finalizable: 0.0ms
[22.957s][debug][gc,phases,ref  ] GC(117)         FinalRef (ms):            skipped
[22.957s][debug][gc,phases,ref  ] GC(117)       Notify PhantomReferences: 0.0ms
[22.957s][debug][gc,phases,ref  ] GC(117)         PhantomRef (ms):          skipped
[22.957s][debug][gc,phases,ref  ] GC(117)       SoftReference:
[22.957s][debug][gc,phases,ref  ] GC(117)         Discovered: 0
[22.957s][debug][gc,phases,ref  ] GC(117)         Cleared: 0
[22.957s][debug][gc,phases,ref  ] GC(117)       WeakReference:
[22.957s][debug][gc,phases,ref  ] GC(117)         Discovered: 0
[22.957s][debug][gc,phases,ref  ] GC(117)         Cleared: 0
[22.957s][debug][gc,phases,ref  ] GC(117)       FinalReference:
[22.957s][debug][gc,phases,ref  ] GC(117)         Discovered: 0
[22.957s][debug][gc,phases,ref  ] GC(117)         Cleared: 0
[22.957s][debug][gc,phases,ref  ] GC(117)       PhantomReference:
[22.957s][debug][gc,phases,ref  ] GC(117)         Discovered: 0
[22.958s][debug][gc,phases,ref  ] GC(117)         Cleared: 0
[22.958s][debug][gc,phases      ] GC(117)     Weak Processing: 0.1ms
[22.958s][debug][gc,phases      ] GC(117)       JVMTI weak processing: 0.0ms
[22.958s][debug][gc,phases      ] GC(117)         Dead: 0
[22.958s][debug][gc,phases      ] GC(117)         Total: 0
[22.958s][debug][gc,phases      ] GC(117)       JFR weak processing: 0.0ms
[22.958s][debug][gc,phases      ] GC(117)         Dead: 0
[22.958s][debug][gc,phases      ] GC(117)         Total: 0
[22.958s][debug][gc,phases      ] GC(117)       JNI weak                  Min:  0.0, Avg:  0.0, Max:  0.0, Diff:  0.0, Sum:  0.0, Workers: 5
[22.958s][debug][gc,phases      ] GC(117)         Dead                      Min: 0, Avg:  0.0, Max: 0, Diff: 0, Sum: 0, Workers: 5
[22.958s][debug][gc,phases      ] GC(117)         Total                     Min: 0, Avg: 13.4, Max: 52, Diff: 52, Sum: 67, Workers: 5
[22.958s][debug][gc,phases      ] GC(117)       VM weak                   Min:  0.0, Avg:  0.0, Max:  0.0, Diff:  0.0, Sum:  0.0, Workers: 5
[22.958s][debug][gc,phases      ] GC(117)         Dead                      Min: 0, Avg:  0.0, Max: 0, Diff: 0, Sum: 0, Workers: 5
[22.958s][debug][gc,phases      ] GC(117)         Total                     Min: 0, Avg: 47.6, Max: 128, Diff: 128, Sum: 238, Workers: 5
[22.958s][debug][gc,phases      ] GC(117)       StringTable weak          Min:  0.0, Avg:  0.0, Max:  0.0, Diff:  0.0, Sum:  0.1, Workers: 5
[22.958s][debug][gc,phases      ] GC(117)         Dead                      Min: 0, Avg:  0.0, Max: 0, Diff: 0, Sum: 0, Workers: 5
[22.958s][debug][gc,phases      ] GC(117)         Total                     Min: 0, Avg: 728.6, Max: 1851, Diff: 1851, Sum: 3643, Workers: 5
[22.958s][debug][gc,phases      ] GC(117)       ResolvedMethodTable weak  Min:  0.0, Avg:  0.0, Max:  0.0, Diff:  0.0, Sum:  0.0, Workers: 5
[22.958s][debug][gc,phases      ] GC(117)         Dead                      Min: 0, Avg:  0.0, Max: 0, Diff: 0, Sum: 0, Workers: 5
[22.958s][debug][gc,phases      ] GC(117)         Total                     Min: 0, Avg: 123.4, Max: 320, Diff: 320, Sum: 617, Workers: 5
[22.958s][debug][gc,phases      ] GC(117)     Merge Per-Thread State: 0.0ms
[22.958s][debug][gc,phases      ] GC(117)       Copied Bytes              Min: 0, Avg: 62.0, Max: 104, Diff: 104, Sum: 496, Workers: 8
[22.958s][debug][gc,phases      ] GC(117)       LAB Waste                 Min: 0, Avg:  0.0, Max: 0, Diff: 0, Sum: 0, Workers: 8
[22.958s][debug][gc,phases      ] GC(117)       LAB Undo Waste            Min: 0, Avg:  0.0, Max: 0, Diff: 0, Sum: 0, Workers: 8
[22.958s][debug][gc,phases      ] GC(117)     Code Roots Purge: 0.0ms
[22.958s][debug][gc,phases      ] GC(117)     Redirty Cards: 0.0ms
[22.958s][debug][gc,phases      ] GC(117)     DerivedPointerTable Update: 0.0ms
[22.958s][debug][gc,phases      ] GC(117)     Free Collection Set: 0.1ms
[22.958s][debug][gc,phases      ] GC(117)     Rebuild Free List: 0.0ms
[22.958s][debug][gc,phases      ] GC(117)     Humongous Reclaim: 0.0ms
[22.958s][debug][gc,phases      ] GC(117)     Start New Collection Set: 0.0ms
[22.958s][debug][gc,phases      ] GC(117)     Resize TLABs: 0.0ms
[22.958s][debug][gc,phases      ] GC(117)     Expand Heap After Collection: 0.0ms
[22.958s][info ][gc,phases      ] GC(117)   Other: 0.3ms
[22.958s][info ][gc,heap        ] GC(117) Eden regions: 177->0(177)
[22.958s][info ][gc,heap        ] GC(117) Survivor regions: 1->1(23)
[22.958s][info ][gc,heap        ] GC(117) Old regions: 7->7
[22.958s][info ][gc,heap        ] GC(117) Archive regions: 2->2
[22.958s][info ][gc,heap        ] GC(117) Humongous regions: 0->0
[22.958s][info ][gc,metaspace   ] GC(117) Metaspace: 10703K(11136K)->10703K(11136K) NonClass: 9440K(9728K)->9440K(9728K) Class: 1263K(1408K)->1263K(1408K)
[22.958s][debug][gc,heap        ] GC(117) Heap after GC invocations=118 (full 1): garbage-first heap   total 305152K, used 4440K [0x0000000700000000, 0x0000000800000000)
[22.958s][debug][gc,heap        ] GC(117)   region size 1024K, 1 young (1024K), 1 survivors (1024K)
[22.958s][debug][gc,heap        ] GC(117)  Metaspace       used 10703K, capacity 10992K, committed 11136K, reserved 1058816K
[22.958s][debug][gc,heap        ] GC(117)   class space    used 1263K, capacity 1389K, committed 1408K, reserved 1048576K
[22.958s][info ][gc             ] GC(117) Pause Young (Normal) (G1 Evacuation Pause) 181M->4M(298M) 1.827ms
[22.958s][info ][gc,cpu         ] GC(117) User=0.00s Sys=0.00s Real=0.00s
[22.958s][info ][safepoint      ] Safepoint "G1CollectForAllocation", Time since last: 166938802 ns, Reaching safepoint: 135795 ns, At safepoint: 2004106 ns, Total: 2139901 ns
[23.125s][debug][gc,heap        ] GC(118) Heap before GC invocations=118 (full 1): garbage-first heap   total 305152K, used 185688K [0x0000000700000000, 0x0000000800000000)
[23.125s][debug][gc,heap        ] GC(118)   region size 1024K, 178 young (182272K), 1 survivors (1024K)
[23.125s][debug][gc,heap        ] GC(118)  Metaspace       used 10703K, capacity 10992K, committed 11136K, reserved 1058816K
[23.125s][debug][gc,heap        ] GC(118)   class space    used 1263K, capacity 1389K, committed 1408K, reserved 1048576K
[23.125s][info ][gc,start       ] GC(118) Pause Young (Normal) (G1 Evacuation Pause)
[23.125s][info ][gc,task        ] GC(118) Using 8 workers of 8 for evacuation
[23.125s][debug][gc,tlab        ] GC(118) TLAB totals: thrds: 8  refills: 709 max: 96 slow allocs: 0 max 0 waste:  0.9% gc: 1221440B max: 381184B slow: 409464B max: 55224B fast: 0B max: 0B
[23.125s][debug][gc,age         ] GC(118) Desired survivor size 12058624 bytes, new threshold 15 (max threshold 15)
[23.125s][debug][gc,alloc,region] GC(118) Mutator Allocation stats, regions: 177, wasted size: 0B ( 0.0%)
[23.125s][debug][gc,ergo        ] GC(118) Running G1 Merge Heap Roots using 8 workers for 178 regions
[23.126s][debug][gc,remset      ] GC(118) Visited cards 256 Total dirty 2048 (12.50%) Total old 747520 (0.03%)
[23.126s][debug][gc,ergo        ] GC(118) Running G1 Clear Card Table Task using 1 workers for 1 units of work for 179 regions.
[23.126s][debug][gc,ref         ] GC(118) Skipped phase1 of Reference Processing due to unavailable references
[23.126s][debug][gc,ref         ] GC(118) Skipped phase2 of Reference Processing due to unavailable references
[23.126s][debug][gc,ref         ] GC(118) Skipped phase3 of Reference Processing due to unavailable references
[23.126s][debug][gc,ref         ] GC(118) Skipped phase4 of Reference Processing due to unavailable references
[23.126s][debug][gc,ergo        ] GC(118) Running G1 Free Collection Set using 8 workers for collection set length 178 (298)
[23.126s][debug][gc,ergo        ] GC(118) Running G1 Rebuild Free List Task using 8 workers for rebuilding free list of 0 (4096) regions
[23.126s][trace][gc,age         ] GC(118) Age table with threshold 15 (max threshold 15)
[23.126s][trace][gc,age         ] GC(118) - age   1:        256 bytes,        256 total
[23.126s][debug][gc,plab        ] GC(118) Young PLAB allocation: allocated: 8256B, wasted: 0B, unused: 8000B, used: 256B, undo waste: 0B, 
[23.126s][debug][gc,plab        ] GC(118) Young other allocation: region end waste: 0B, regions filled: 1, direct allocated: 0B, failure used: 0B, failure wasted: 0B
[23.126s][debug][gc,plab        ] GC(118) Young sizing: calculated: 48B, actual: 2064B
[23.126s][debug][gc,plab        ] GC(118) Old PLAB allocation: allocated: 0B, wasted: 0B, unused: 0B, used: 0B, undo waste: 0B, 
[23.126s][debug][gc,plab        ] GC(118) Old other allocation: region end waste: 0B, regions filled: 1, direct allocated: 0B, failure used: 0B, failure wasted: 0B
[23.126s][debug][gc,plab        ] GC(118) Old sizing: calculated: 0B, actual: 2064B
[23.126s][debug][gc,ihop        ] GC(118) Basic information (value update), threshold: 140614041B (45.00), target occupancy: 312475648B, current occupancy: 4543024B, recent allocation size: 0B, recent allocation duration: 168.34ms, recent old gen allocation rate: 0.00B/s, recent marking phase length: 0.00ms
[23.126s][debug][gc,ihop        ] GC(118) Adaptive IHOP information (value update), threshold: 140614041B (47.37), internal target occupancy: 296851865B, occupancy: 4543024B, additional buffer size: 186646528B, predicted old gen allocation rate: 6035.17B/s, predicted marking phase length: 0.00ms, prediction active: false
[23.126s][debug][gc,ergo,refine ] GC(118) Concurrent refinement times: Logged Cards Scan time goal: 20.00ms Logged Cards Scan time: 0.00ms HCC time: 0.00ms
[23.126s][debug][gc,ergo,refine ] GC(118) Updated Refinement Zones: green: 2048, yellow: 6144, red: 10240
[23.126s][info ][gc,phases      ] GC(118)   Pre Evacuate Collection Set: 0.1ms
[23.126s][debug][gc,phases      ] GC(118)     Prepare TLABs: 0.0ms
[23.126s][debug][gc,phases      ] GC(118)     Choose Collection Set: 0.0ms
[23.126s][debug][gc,phases      ] GC(118)     Region Register: 0.1ms
[23.126s][debug][gc,phases      ] GC(118)     Prepare Heap Roots: 0.0ms
[23.126s][info ][gc,phases      ] GC(118)   Merge Heap Roots: 0.1ms
[23.126s][debug][gc,phases      ] GC(118)     Prepare Merge Heap Roots: 0.0ms
[23.126s][debug][gc,phases      ] GC(118)     Eager Reclaim (ms):       skipped
[23.126s][debug][gc,phases      ] GC(118)     Remembered Sets (ms):     Min:  0.0, Avg:  0.0, Max:  0.0, Diff:  0.0, Sum:  0.1, Workers: 8
[23.126s][debug][gc,phases      ] GC(118)       Merged Sparse:            Min: 0, Avg:  0.0, Max: 0, Diff: 0, Sum: 0, Workers: 8
[23.126s][debug][gc,phases      ] GC(118)       Merged Fine:              Min: 0, Avg:  0.0, Max: 0, Diff: 0, Sum: 0, Workers: 8
[23.126s][debug][gc,phases      ] GC(118)       Merged Coarse:            Min: 0, Avg:  0.0, Max: 0, Diff: 0, Sum: 0, Workers: 8
[23.126s][debug][gc,phases      ] GC(118)       Dirty Cards:              Min: 0, Avg:  0.0, Max: 0, Diff: 0, Sum: 0, Workers: 8
[23.126s][debug][gc,phases      ] GC(118)     Hot Card Cache (ms):      Min:  0.0, Avg:  0.0, Max:  0.0, Diff:  0.0, Sum:  0.0, Workers: 8
[23.126s][debug][gc,phases      ] GC(118)       Dirty Cards:              Min: 0, Avg:  0.0, Max: 0, Diff: 0, Sum: 0, Workers: 8
[23.126s][debug][gc,phases      ] GC(118)       Skipped Cards:            Min: 0, Avg:  0.0, Max: 0, Diff: 0, Sum: 0, Workers: 8
[23.126s][debug][gc,phases      ] GC(118)     Log Buffers (ms):         Min:  0.0, Avg:  0.0, Max:  0.0, Diff:  0.0, Sum:  0.0, Workers: 8
[23.126s][debug][gc,phases      ] GC(118)       Dirty Cards:              Min: 0, Avg:  0.1, Max: 1, Diff: 1, Sum: 1, Workers: 8
[23.126s][debug][gc,phases      ] GC(118)       Skipped Cards:            Min: 0, Avg:  0.0, Max: 0, Diff: 0, Sum: 0, Workers: 8
[23.126s][info ][gc,phases      ] GC(118)   Evacuate Collection Set: 0.2ms
[23.126s][debug][gc,phases      ] GC(118)     Ext Root Scanning (ms):   Min:  0.0, Avg:  0.0, Max:  0.1, Diff:  0.0, Sum:  0.2, Workers: 8
[23.126s][debug][gc,phases      ] GC(118)     Scan Heap Roots (ms):     Min:  0.0, Avg:  0.0, Max:  0.0, Diff:  0.0, Sum:  0.0, Workers: 8
[23.126s][debug][gc,phases      ] GC(118)       Scanned Cards:            Min: 0, Avg:  0.1, Max: 1, Diff: 1, Sum: 1, Workers: 8
[23.126s][debug][gc,phases      ] GC(118)       Scanned Blocks:           Min: 0, Avg:  0.1, Max: 1, Diff: 1, Sum: 1, Workers: 8
[23.126s][debug][gc,phases      ] GC(118)       Claimed Chunks:           Min: 0, Avg:  0.1, Max: 1, Diff: 1, Sum: 1, Workers: 8
[23.126s][debug][gc,phases      ] GC(118)     Code Root Scan (ms):      Min:  0.0, Avg:  0.0, Max:  0.0, Diff:  0.0, Sum:  0.0, Workers: 8
[23.126s][debug][gc,phases      ] GC(118)     Object Copy (ms):         Min:  0.0, Avg:  0.0, Max:  0.0, Diff:  0.0, Sum:  0.0, Workers: 8
[23.126s][debug][gc,phases      ] GC(118)     Termination (ms):         Min:  0.0, Avg:  0.1, Max:  0.1, Diff:  0.0, Sum:  0.5, Workers: 8
[23.126s][debug][gc,phases      ] GC(118)       Termination Attempts:     Min: 1, Avg:  1.0, Max: 1, Diff: 0, Sum: 8, Workers: 8
[23.126s][debug][gc,phases      ] GC(118)     GC Worker Other (ms):     Min:  0.0, Avg:  0.0, Max:  0.0, Diff:  0.0, Sum:  0.1, Workers: 8
[23.126s][debug][gc,phases      ] GC(118)     GC Worker Total (ms):     Min:  0.1, Avg:  0.1, Max:  0.1, Diff:  0.0, Sum:  0.9, Workers: 8
[23.126s][info ][gc,phases      ] GC(118)   Post Evacuate Collection Set: 0.3ms
[23.126s][debug][gc,phases      ] GC(118)     Code Roots Fixup: 0.0ms
[23.126s][debug][gc,phases      ] GC(118)     Clear Card Table: 0.1ms
[23.126s][debug][gc,phases      ] GC(118)     Reference Processing: 0.1ms
[23.126s][debug][gc,phases,ref  ] GC(118)       Reconsider SoftReferences: 0.0ms
[23.127s][debug][gc,phases,ref  ] GC(118)         SoftRef (ms):             skipped
[23.127s][debug][gc,phases,ref  ] GC(118)       Notify Soft/WeakReferences: 0.0ms
[23.127s][debug][gc,phases,ref  ] GC(118)         SoftRef (ms):             skipped
[23.127s][debug][gc,phases,ref  ] GC(118)         WeakRef (ms):             skipped
[23.127s][debug][gc,phases,ref  ] GC(118)         FinalRef (ms):            skipped
[23.127s][debug][gc,phases,ref  ] GC(118)         Total (ms):               skipped
[23.127s][debug][gc,phases,ref  ] GC(118)       Notify and keep alive finalizable: 0.0ms
[23.127s][debug][gc,phases,ref  ] GC(118)         FinalRef (ms):            skipped
[23.127s][debug][gc,phases,ref  ] GC(118)       Notify PhantomReferences: 0.0ms
[23.127s][debug][gc,phases,ref  ] GC(118)         PhantomRef (ms):          skipped
[23.127s][debug][gc,phases,ref  ] GC(118)       SoftReference:
[23.127s][debug][gc,phases,ref  ] GC(118)         Discovered: 0
[23.127s][debug][gc,phases,ref  ] GC(118)         Cleared: 0
[23.127s][debug][gc,phases,ref  ] GC(118)       WeakReference:
[23.127s][debug][gc,phases,ref  ] GC(118)         Discovered: 0
[23.127s][debug][gc,phases,ref  ] GC(118)         Cleared: 0
[23.127s][debug][gc,phases,ref  ] GC(118)       FinalReference:
[23.127s][debug][gc,phases,ref  ] GC(118)         Discovered: 0
[23.127s][debug][gc,phases,ref  ] GC(118)         Cleared: 0
[23.127s][debug][gc,phases,ref  ] GC(118)       PhantomReference:
[23.127s][debug][gc,phases,ref  ] GC(118)         Discovered: 0
[23.127s][debug][gc,phases,ref  ] GC(118)         Cleared: 0
[23.127s][debug][gc,phases      ] GC(118)     Weak Processing: 0.1ms
[23.127s][debug][gc,phases      ] GC(118)       JVMTI weak processing: 0.0ms
[23.127s][debug][gc,phases      ] GC(118)         Dead: 0
[23.127s][debug][gc,phases      ] GC(118)         Total: 0
[23.127s][debug][gc,phases      ] GC(118)       JFR weak processing: 0.0ms
[23.127s][debug][gc,phases      ] GC(118)         Dead: 0
[23.127s][debug][gc,phases      ] GC(118)         Total: 0
[23.127s][debug][gc,phases      ] GC(118)       JNI weak                  Min:  0.0, Avg:  0.0, Max:  0.0, Diff:  0.0, Sum:  0.0, Workers: 5
[23.127s][debug][gc,phases      ] GC(118)         Dead                      Min: 0, Avg:  0.0, Max: 0, Diff: 0, Sum: 0, Workers: 5
[23.127s][debug][gc,phases      ] GC(118)         Total                     Min: 0, Avg: 13.4, Max: 67, Diff: 67, Sum: 67, Workers: 5
[23.127s][debug][gc,phases      ] GC(118)       VM weak                   Min:  0.0, Avg:  0.0, Max:  0.0, Diff:  0.0, Sum:  0.0, Workers: 5
[23.127s][debug][gc,phases      ] GC(118)         Dead                      Min: 0, Avg:  0.0, Max: 0, Diff: 0, Sum: 0, Workers: 5
[23.127s][debug][gc,phases      ] GC(118)         Total                     Min: 0, Avg: 47.6, Max: 238, Diff: 238, Sum: 238, Workers: 5
[23.127s][debug][gc,phases      ] GC(118)       StringTable weak          Min:  0.0, Avg:  0.0, Max:  0.1, Diff:  0.1, Sum:  0.1, Workers: 5
[23.127s][debug][gc,phases      ] GC(118)         Dead                      Min: 0, Avg:  0.0, Max: 0, Diff: 0, Sum: 0, Workers: 5
[23.127s][debug][gc,phases      ] GC(118)         Total                     Min: 0, Avg: 728.6, Max: 2750, Diff: 2750, Sum: 3643, Workers: 5
[23.127s][debug][gc,phases      ] GC(118)       ResolvedMethodTable weak  Min:  0.0, Avg:  0.0, Max:  0.0, Diff:  0.0, Sum:  0.0, Workers: 5
[23.127s][debug][gc,phases      ] GC(118)         Dead                      Min: 0, Avg:  0.0, Max: 0, Diff: 0, Sum: 0, Workers: 5
[23.127s][debug][gc,phases      ] GC(118)         Total                     Min: 64, Avg: 123.4, Max: 192, Diff: 128, Sum: 617, Workers: 5
[23.127s][debug][gc,phases      ] GC(118)     Merge Per-Thread State: 0.0ms
[23.127s][debug][gc,phases      ] GC(118)       Copied Bytes              Min: 0, Avg: 32.0, Max: 104, Diff: 104, Sum: 256, Workers: 8
[23.127s][debug][gc,phases      ] GC(118)       LAB Waste                 Min: 0, Avg:  0.0, Max: 0, Diff: 0, Sum: 0, Workers: 8
[23.127s][debug][gc,phases      ] GC(118)       LAB Undo Waste            Min: 0, Avg:  0.0, Max: 0, Diff: 0, Sum: 0, Workers: 8
[23.127s][debug][gc,phases      ] GC(118)     Code Roots Purge: 0.0ms
[23.127s][debug][gc,phases      ] GC(118)     Redirty Cards: 0.0ms
[23.127s][debug][gc,phases      ] GC(118)     DerivedPointerTable Update: 0.0ms
[23.127s][debug][gc,phases      ] GC(118)     Free Collection Set: 0.1ms
[23.127s][debug][gc,phases      ] GC(118)     Rebuild Free List: 0.1ms
[23.127s][debug][gc,phases      ] GC(118)     Humongous Reclaim: 0.0ms
[23.127s][debug][gc,phases      ] GC(118)     Start New Collection Set: 0.0ms
[23.127s][debug][gc,phases      ] GC(118)     Resize TLABs: 0.0ms
[23.127s][debug][gc,phases      ] GC(118)     Expand Heap After Collection: 0.0ms
[23.127s][info ][gc,phases      ] GC(118)   Other: 0.3ms
[23.127s][info ][gc,heap        ] GC(118) Eden regions: 177->0(177)
[23.127s][info ][gc,heap        ] GC(118) Survivor regions: 1->1(23)
[23.127s][info ][gc,heap        ] GC(118) Old regions: 7->7
[23.127s][info ][gc,heap        ] GC(118) Archive regions: 2->2
[23.127s][info ][gc,heap        ] GC(118) Humongous regions: 0->0
[23.127s][info ][gc,metaspace   ] GC(118) Metaspace: 10703K(11136K)->10703K(11136K) NonClass: 9440K(9728K)->9440K(9728K) Class: 1263K(1408K)->1263K(1408K)
[23.127s][debug][gc,heap        ] GC(118) Heap after GC invocations=119 (full 1): garbage-first heap   total 305152K, used 4436K [0x0000000700000000, 0x0000000800000000)
[23.127s][debug][gc,heap        ] GC(118)   region size 1024K, 1 young (1024K), 1 survivors (1024K)
[23.127s][debug][gc,heap        ] GC(118)  Metaspace       used 10703K, capacity 10992K, committed 11136K, reserved 1058816K
[23.127s][debug][gc,heap        ] GC(118)   class space    used 1263K, capacity 1389K, committed 1408K, reserved 1048576K
[23.127s][info ][gc             ] GC(118) Pause Young (Normal) (G1 Evacuation Pause) 181M->4M(298M) 1.849ms
[23.127s][info ][gc,cpu         ] GC(118) User=0.00s Sys=0.00s Real=0.00s
[23.127s][info ][safepoint      ] Safepoint "G1CollectForAllocation", Time since last: 167065885 ns, Reaching safepoint: 109786 ns, At safepoint: 2037663 ns, Total: 2147449 ns
[23.276s][debug][gc,heap        ] GC(119) Heap before GC invocations=119 (full 1): garbage-first heap   total 305152K, used 185684K [0x0000000700000000, 0x0000000800000000)
[23.276s][debug][gc,heap        ] GC(119)   region size 1024K, 178 young (182272K), 1 survivors (1024K)
[23.276s][debug][gc,heap        ] GC(119)  Metaspace       used 10703K, capacity 10992K, committed 11136K, reserved 1058816K
[23.276s][debug][gc,heap        ] GC(119)   class space    used 1263K, capacity 1389K, committed 1408K, reserved 1048576K
[23.276s][info ][gc,start       ] GC(119) Pause Young (Normal) (G1 Evacuation Pause)
[23.277s][info ][gc,task        ] GC(119) Using 8 workers of 8 for evacuation
[23.277s][debug][gc,tlab        ] GC(119) TLAB totals: thrds: 8  refills: 710 max: 112 slow allocs: 0 max 0 waste:  1.1% gc: 1592904B max: 373376B slow: 409912B max: 65208B fast: 0B max: 0B
[23.277s][debug][gc,age         ] GC(119) Desired survivor size 12058624 bytes, new threshold 15 (max threshold 15)
[23.277s][debug][gc,alloc,region] GC(119) Mutator Allocation stats, regions: 177, wasted size: 0B ( 0.0%)
[23.277s][debug][gc,ergo        ] GC(119) Running G1 Merge Heap Roots using 8 workers for 178 regions
[23.277s][debug][gc,remset      ] GC(119) Visited cards 256 Total dirty 2048 (12.50%) Total old 747520 (0.03%)
[23.277s][debug][gc,ergo        ] GC(119) Running G1 Clear Card Table Task using 1 workers for 1 units of work for 179 regions.
[23.277s][debug][gc,ref         ] GC(119) Skipped phase1 of Reference Processing due to unavailable references
[23.277s][debug][gc,ref         ] GC(119) Skipped phase2 of Reference Processing due to unavailable references
[23.277s][debug][gc,ref         ] GC(119) Skipped phase3 of Reference Processing due to unavailable references
[23.277s][debug][gc,ref         ] GC(119) Skipped phase4 of Reference Processing due to unavailable references
[23.277s][debug][gc,ergo        ] GC(119) Running G1 Free Collection Set using 8 workers for collection set length 178 (298)
[23.277s][debug][gc,ergo        ] GC(119) Running G1 Rebuild Free List Task using 8 workers for rebuilding free list of 0 (4096) regions
[23.277s][trace][gc,age         ] GC(119) Age table with threshold 15 (max threshold 15)
[23.277s][trace][gc,age         ] GC(119) - age   1:        568 bytes,        568 total
[23.277s][debug][gc,plab        ] GC(119) Young PLAB allocation: allocated: 12384B, wasted: 0B, unused: 11816B, used: 568B, undo waste: 0B, 
[23.277s][debug][gc,plab        ] GC(119) Young other allocation: region end waste: 0B, regions filled: 1, direct allocated: 0B, failure used: 0B, failure wasted: 0B
[23.277s][debug][gc,plab        ] GC(119) Young sizing: calculated: 112B, actual: 2064B
[23.277s][debug][gc,plab        ] GC(119) Old PLAB allocation: allocated: 0B, wasted: 0B, unused: 0B, used: 0B, undo waste: 0B, 
[23.277s][debug][gc,plab        ] GC(119) Old other allocation: region end waste: 0B, regions filled: 1, direct allocated: 0B, failure used: 0B, failure wasted: 0B
[23.277s][debug][gc,plab        ] GC(119) Old sizing: calculated: 0B, actual: 2064B
[23.278s][debug][gc,ihop        ] GC(119) Basic information (value update), threshold: 140614041B (45.00), target occupancy: 312475648B, current occupancy: 4547152B, recent allocation size: 0B, recent allocation duration: 150.41ms, recent old gen allocation rate: 0.00B/s, recent marking phase length: 0.00ms
[23.278s][debug][gc,ihop        ] GC(119) Adaptive IHOP information (value update), threshold: 140614041B (47.37), internal target occupancy: 296851865B, occupancy: 4547152B, additional buffer size: 186646528B, predicted old gen allocation rate: 5870.44B/s, predicted marking phase length: 0.00ms, prediction active: false
[23.278s][debug][gc,ergo,refine ] GC(119) Concurrent refinement times: Logged Cards Scan time goal: 20.00ms Logged Cards Scan time: 0.00ms HCC time: 0.00ms
[23.278s][debug][gc,ergo,refine ] GC(119) Updated Refinement Zones: green: 2048, yellow: 6144, red: 10240
[23.278s][info ][gc,phases      ] GC(119)   Pre Evacuate Collection Set: 0.1ms
[23.278s][debug][gc,phases      ] GC(119)     Prepare TLABs: 0.0ms
[23.278s][debug][gc,phases      ] GC(119)     Choose Collection Set: 0.0ms
[23.278s][debug][gc,phases      ] GC(119)     Region Register: 0.1ms
[23.278s][debug][gc,phases      ] GC(119)     Prepare Heap Roots: 0.0ms
[23.278s][info ][gc,phases      ] GC(119)   Merge Heap Roots: 0.1ms
[23.278s][debug][gc,phases      ] GC(119)     Prepare Merge Heap Roots: 0.0ms
[23.278s][debug][gc,phases      ] GC(119)     Eager Reclaim (ms):       skipped
[23.278s][debug][gc,phases      ] GC(119)     Remembered Sets (ms):     Min:  0.0, Avg:  0.0, Max:  0.0, Diff:  0.0, Sum:  0.0, Workers: 8
[23.278s][debug][gc,phases      ] GC(119)       Merged Sparse:            Min: 0, Avg:  0.0, Max: 0, Diff: 0, Sum: 0, Workers: 8
[23.278s][debug][gc,phases      ] GC(119)       Merged Fine:              Min: 0, Avg:  0.0, Max: 0, Diff: 0, Sum: 0, Workers: 8
[23.278s][debug][gc,phases      ] GC(119)       Merged Coarse:            Min: 0, Avg:  0.0, Max: 0, Diff: 0, Sum: 0, Workers: 8
[23.278s][debug][gc,phases      ] GC(119)       Dirty Cards:              Min: 0, Avg:  0.0, Max: 0, Diff: 0, Sum: 0, Workers: 8
[23.278s][debug][gc,phases      ] GC(119)     Hot Card Cache (ms):      Min:  0.0, Avg:  0.0, Max:  0.0, Diff:  0.0, Sum:  0.0, Workers: 8
[23.278s][debug][gc,phases      ] GC(119)       Dirty Cards:              Min: 0, Avg:  0.0, Max: 0, Diff: 0, Sum: 0, Workers: 8
[23.278s][debug][gc,phases      ] GC(119)       Skipped Cards:            Min: 0, Avg:  0.0, Max: 0, Diff: 0, Sum: 0, Workers: 8
[23.278s][debug][gc,phases      ] GC(119)     Log Buffers (ms):         Min:  0.0, Avg:  0.0, Max:  0.0, Diff:  0.0, Sum:  0.0, Workers: 8
[23.278s][debug][gc,phases      ] GC(119)       Dirty Cards:              Min: 0, Avg:  0.1, Max: 1, Diff: 1, Sum: 1, Workers: 8
[23.278s][debug][gc,phases      ] GC(119)       Skipped Cards:            Min: 0, Avg:  0.0, Max: 0, Diff: 0, Sum: 0, Workers: 8
[23.278s][info ][gc,phases      ] GC(119)   Evacuate Collection Set: 0.2ms
[23.278s][debug][gc,phases      ] GC(119)     Ext Root Scanning (ms):   Min:  0.0, Avg:  0.0, Max:  0.1, Diff:  0.0, Sum:  0.3, Workers: 8
[23.278s][debug][gc,phases      ] GC(119)     Scan Heap Roots (ms):     Min:  0.0, Avg:  0.0, Max:  0.0, Diff:  0.0, Sum:  0.0, Workers: 8
[23.278s][debug][gc,phases      ] GC(119)       Scanned Cards:            Min: 0, Avg:  0.1, Max: 1, Diff: 1, Sum: 1, Workers: 8
[23.278s][debug][gc,phases      ] GC(119)       Scanned Blocks:           Min: 0, Avg:  0.1, Max: 1, Diff: 1, Sum: 1, Workers: 8
[23.278s][debug][gc,phases      ] GC(119)       Claimed Chunks:           Min: 0, Avg:  0.1, Max: 1, Diff: 1, Sum: 1, Workers: 8
[23.278s][debug][gc,phases      ] GC(119)     Code Root Scan (ms):      Min:  0.0, Avg:  0.0, Max:  0.0, Diff:  0.0, Sum:  0.0, Workers: 8
[23.278s][debug][gc,phases      ] GC(119)     Object Copy (ms):         Min:  0.0, Avg:  0.0, Max:  0.0, Diff:  0.0, Sum:  0.0, Workers: 8
[23.278s][debug][gc,phases      ] GC(119)     Termination (ms):         Min:  0.1, Avg:  0.1, Max:  0.1, Diff:  0.0, Sum:  0.7, Workers: 8
[23.278s][debug][gc,phases      ] GC(119)       Termination Attempts:     Min: 1, Avg:  1.0, Max: 1, Diff: 0, Sum: 8, Workers: 8
[23.278s][debug][gc,phases      ] GC(119)     GC Worker Other (ms):     Min:  0.0, Avg:  0.0, Max:  0.0, Diff:  0.0, Sum:  0.1, Workers: 8
[23.278s][debug][gc,phases      ] GC(119)     GC Worker Total (ms):     Min:  0.1, Avg:  0.1, Max:  0.2, Diff:  0.0, Sum:  1.1, Workers: 8
[23.278s][info ][gc,phases      ] GC(119)   Post Evacuate Collection Set: 0.4ms
[23.278s][debug][gc,phases      ] GC(119)     Code Roots Fixup: 0.0ms
[23.278s][debug][gc,phases      ] GC(119)     Clear Card Table: 0.1ms
[23.278s][debug][gc,phases      ] GC(119)     Reference Processing: 0.0ms
[23.278s][debug][gc,phases,ref  ] GC(119)       Reconsider SoftReferences: 0.0ms
[23.278s][debug][gc,phases,ref  ] GC(119)         SoftRef (ms):             skipped
[23.278s][debug][gc,phases,ref  ] GC(119)       Notify Soft/WeakReferences: 0.0ms
[23.278s][debug][gc,phases,ref  ] GC(119)         SoftRef (ms):             skipped
[23.278s][debug][gc,phases,ref  ] GC(119)         WeakRef (ms):             skipped
[23.278s][debug][gc,phases,ref  ] GC(119)         FinalRef (ms):            skipped
[23.278s][debug][gc,phases,ref  ] GC(119)         Total (ms):               skipped
[23.278s][debug][gc,phases,ref  ] GC(119)       Notify and keep alive finalizable: 0.0ms
[23.278s][debug][gc,phases,ref  ] GC(119)         FinalRef (ms):            skipped
[23.278s][debug][gc,phases,ref  ] GC(119)       Notify PhantomReferences: 0.0ms
[23.278s][debug][gc,phases,ref  ] GC(119)         PhantomRef (ms):          skipped
[23.278s][debug][gc,phases,ref  ] GC(119)       SoftReference:
[23.278s][debug][gc,phases,ref  ] GC(119)         Discovered: 0
[23.278s][debug][gc,phases,ref  ] GC(119)         Cleared: 0
[23.278s][debug][gc,phases,ref  ] GC(119)       WeakReference:
[23.278s][debug][gc,phases,ref  ] GC(119)         Discovered: 0
[23.278s][debug][gc,phases,ref  ] GC(119)         Cleared: 0
[23.278s][debug][gc,phases,ref  ] GC(119)       FinalReference:
[23.278s][debug][gc,phases,ref  ] GC(119)         Discovered: 0
[23.278s][debug][gc,phases,ref  ] GC(119)         Cleared: 0
[23.278s][debug][gc,phases,ref  ] GC(119)       PhantomReference:
[23.278s][debug][gc,phases,ref  ] GC(119)         Discovered: 0
[23.278s][debug][gc,phases,ref  ] GC(119)         Cleared: 0
[23.278s][debug][gc,phases      ] GC(119)     Weak Processing: 0.1ms
[23.278s][debug][gc,phases      ] GC(119)       JVMTI weak processing: 0.0ms
[23.278s][debug][gc,phases      ] GC(119)         Dead: 0
[23.278s][debug][gc,phases      ] GC(119)         Total: 0
[23.278s][debug][gc,phases      ] GC(119)       JFR weak processing: 0.0ms
[23.278s][debug][gc,phases      ] GC(119)         Dead: 0
[23.278s][debug][gc,phases      ] GC(119)         Total: 0
[23.278s][debug][gc,phases      ] GC(119)       JNI weak                  Min:  0.0, Avg:  0.0, Max:  0.0, Diff:  0.0, Sum:  0.0, Workers: 5
[23.278s][debug][gc,phases      ] GC(119)         Dead                      Min: 0, Avg:  0.0, Max: 0, Diff: 0, Sum: 0, Workers: 5
[23.278s][debug][gc,phases      ] GC(119)         Total                     Min: 0, Avg: 13.4, Max: 52, Diff: 52, Sum: 67, Workers: 5
[23.278s][debug][gc,phases      ] GC(119)       VM weak                   Min:  0.0, Avg:  0.0, Max:  0.0, Diff:  0.0, Sum:  0.0, Workers: 5
[23.278s][debug][gc,phases      ] GC(119)         Dead                      Min: 0, Avg:  0.0, Max: 0, Diff: 0, Sum: 0, Workers: 5
[23.278s][debug][gc,phases      ] GC(119)         Total                     Min: 0, Avg: 47.6, Max: 128, Diff: 128, Sum: 238, Workers: 5
[23.278s][debug][gc,phases      ] GC(119)       StringTable weak          Min:  0.0, Avg:  0.0, Max:  0.1, Diff:  0.1, Sum:  0.1, Workers: 5
[23.278s][debug][gc,phases      ] GC(119)         Dead                      Min: 0, Avg:  0.0, Max: 0, Diff: 0, Sum: 0, Workers: 5
[23.278s][debug][gc,phases      ] GC(119)         Total                     Min: 0, Avg: 728.6, Max: 1790, Diff: 1790, Sum: 3643, Workers: 5
[23.278s][debug][gc,phases      ] GC(119)       ResolvedMethodTable weak  Min:  0.0, Avg:  0.0, Max:  0.0, Diff:  0.0, Sum:  0.0, Workers: 5
[23.278s][debug][gc,phases      ] GC(119)         Dead                      Min: 0, Avg:  0.0, Max: 0, Diff: 0, Sum: 0, Workers: 5
[23.278s][debug][gc,phases      ] GC(119)         Total                     Min: 0, Avg: 123.4, Max: 320, Diff: 320, Sum: 617, Workers: 5
[23.278s][debug][gc,phases      ] GC(119)     Merge Per-Thread State: 0.0ms
[23.278s][debug][gc,phases      ] GC(119)       Copied Bytes              Min: 0, Avg: 71.0, Max: 128, Diff: 128, Sum: 568, Workers: 8
[23.278s][debug][gc,phases      ] GC(119)       LAB Waste                 Min: 0, Avg:  0.0, Max: 0, Diff: 0, Sum: 0, Workers: 8
[23.278s][debug][gc,phases      ] GC(119)       LAB Undo Waste            Min: 0, Avg:  0.0, Max: 0, Diff: 0, Sum: 0, Workers: 8
[23.278s][debug][gc,phases      ] GC(119)     Code Roots Purge: 0.0ms
[23.278s][debug][gc,phases      ] GC(119)     Redirty Cards: 0.0ms
[23.278s][debug][gc,phases      ] GC(119)     DerivedPointerTable Update: 0.0ms
[23.278s][debug][gc,phases      ] GC(119)     Free Collection Set: 0.1ms
[23.278s][debug][gc,phases      ] GC(119)     Rebuild Free List: 0.1ms
[23.278s][debug][gc,phases      ] GC(119)     Humongous Reclaim: 0.0ms
[23.278s][debug][gc,phases      ] GC(119)     Start New Collection Set: 0.0ms
[23.278s][debug][gc,phases      ] GC(119)     Resize TLABs: 0.0ms
[23.278s][debug][gc,phases      ] GC(119)     Expand Heap After Collection: 0.0ms
[23.278s][info ][gc,phases      ] GC(119)   Other: 0.3ms
[23.278s][info ][gc,heap        ] GC(119) Eden regions: 177->0(177)
[23.278s][info ][gc,heap        ] GC(119) Survivor regions: 1->1(23)
[23.278s][info ][gc,heap        ] GC(119) Old regions: 7->7
[23.278s][info ][gc,heap        ] GC(119) Archive regions: 2->2
[23.278s][info ][gc,heap        ] GC(119) Humongous regions: 0->0
[23.278s][info ][gc,metaspace   ] GC(119) Metaspace: 10703K(11136K)->10703K(11136K) NonClass: 9440K(9728K)->9440K(9728K) Class: 1263K(1408K)->1263K(1408K)
[23.278s][debug][gc,heap        ] GC(119) Heap after GC invocations=120 (full 1): garbage-first heap   total 305152K, used 4440K [0x0000000700000000, 0x0000000800000000)
[23.278s][debug][gc,heap        ] GC(119)   region size 1024K, 1 young (1024K), 1 survivors (1024K)
[23.278s][debug][gc,heap        ] GC(119)  Metaspace       used 10703K, capacity 10992K, committed 11136K, reserved 1058816K
[23.278s][debug][gc,heap        ] GC(119)   class space    used 1263K, capacity 1389K, committed 1408K, reserved 1048576K
[23.278s][info ][gc             ] GC(119) Pause Young (Normal) (G1 Evacuation Pause) 181M->4M(298M) 1.910ms
[23.278s][info ][gc,cpu         ] GC(119) User=0.00s Sys=0.00s Real=0.01s
[23.279s][info ][safepoint      ] Safepoint "G1CollectForAllocation", Time since last: 148993783 ns, Reaching safepoint: 208034 ns, At safepoint: 2110411 ns, Total: 2318445 ns
[23.443s][debug][gc,heap        ] GC(120) Heap before GC invocations=120 (full 1): garbage-first heap   total 305152K, used 185688K [0x0000000700000000, 0x0000000800000000)
[23.444s][debug][gc,heap        ] GC(120)   region size 1024K, 178 young (182272K), 1 survivors (1024K)
[23.444s][debug][gc,heap        ] GC(120)  Metaspace       used 10703K, capacity 10992K, committed 11136K, reserved 1058816K
[23.444s][debug][gc,heap        ] GC(120)   class space    used 1263K, capacity 1389K, committed 1408K, reserved 1048576K
[23.444s][info ][gc,start       ] GC(120) Pause Young (Normal) (G1 Evacuation Pause)
[23.444s][info ][gc,task        ] GC(120) Using 8 workers of 8 for evacuation
[23.444s][debug][gc,tlab        ] GC(120) TLAB totals: thrds: 8  refills: 711 max: 95 slow allocs: 0 max 0 waste:  1.1% gc: 1703152B max: 409616B slow: 411464B max: 55064B fast: 0B max: 0B
[23.444s][debug][gc,age         ] GC(120) Desired survivor size 12058624 bytes, new threshold 15 (max threshold 15)
[23.444s][debug][gc,alloc,region] GC(120) Mutator Allocation stats, regions: 177, wasted size: 0B ( 0.0%)
[23.444s][debug][gc,ergo        ] GC(120) Running G1 Merge Heap Roots using 8 workers for 178 regions
[23.444s][debug][gc,remset      ] GC(120) Visited cards 256 Total dirty 2048 (12.50%) Total old 747520 (0.03%)
[23.444s][debug][gc,ergo        ] GC(120) Running G1 Clear Card Table Task using 1 workers for 1 units of work for 179 regions.
[23.444s][debug][gc,ref         ] GC(120) Skipped phase1 of Reference Processing due to unavailable references
[23.444s][debug][gc,ref         ] GC(120) Skipped phase2 of Reference Processing due to unavailable references
[23.444s][debug][gc,ref         ] GC(120) Skipped phase3 of Reference Processing due to unavailable references
[23.444s][debug][gc,ref         ] GC(120) Skipped phase4 of Reference Processing due to unavailable references
[23.444s][debug][gc,ergo        ] GC(120) Running G1 Free Collection Set using 8 workers for collection set length 178 (298)
[23.444s][debug][gc,ergo        ] GC(120) Running G1 Rebuild Free List Task using 8 workers for rebuilding free list of 0 (4096) regions
[23.445s][trace][gc,age         ] GC(120) Age table with threshold 15 (max threshold 15)
[23.445s][trace][gc,age         ] GC(120) - age   1:        416 bytes,        416 total
[23.445s][debug][gc,plab        ] GC(120) Young PLAB allocation: allocated: 8256B, wasted: 0B, unused: 7840B, used: 416B, undo waste: 0B, 
[23.445s][debug][gc,plab        ] GC(120) Young other allocation: region end waste: 0B, regions filled: 1, direct allocated: 0B, failure used: 0B, failure wasted: 0B
[23.445s][debug][gc,plab        ] GC(120) Young sizing: calculated: 80B, actual: 2064B
[23.445s][debug][gc,plab        ] GC(120) Old PLAB allocation: allocated: 0B, wasted: 0B, unused: 0B, used: 0B, undo waste: 0B, 
[23.445s][debug][gc,plab        ] GC(120) Old other allocation: region end waste: 0B, regions filled: 1, direct allocated: 0B, failure used: 0B, failure wasted: 0B
[23.445s][debug][gc,plab        ] GC(120) Old sizing: calculated: 0B, actual: 2064B
[23.445s][debug][gc,ihop        ] GC(120) Basic information (value update), threshold: 140614041B (45.00), target occupancy: 312475648B, current occupancy: 4543024B, recent allocation size: 0B, recent allocation duration: 166.12ms, recent old gen allocation rate: 0.00B/s, recent marking phase length: 0.00ms
[23.445s][debug][gc,ihop        ] GC(120) Adaptive IHOP information (value update), threshold: 140614041B (47.37), internal target occupancy: 296851865B, occupancy: 4543024B, additional buffer size: 186646528B, predicted old gen allocation rate: 5710.46B/s, predicted marking phase length: 0.00ms, prediction active: false
[23.445s][debug][gc,ergo,refine ] GC(120) Concurrent refinement times: Logged Cards Scan time goal: 20.00ms Logged Cards Scan time: 0.00ms HCC time: 0.00ms
[23.445s][debug][gc,ergo,refine ] GC(120) Updated Refinement Zones: green: 2048, yellow: 6144, red: 10240
[23.445s][info ][gc,phases      ] GC(120)   Pre Evacuate Collection Set: 0.1ms
[23.445s][debug][gc,phases      ] GC(120)     Prepare TLABs: 0.0ms
[23.445s][debug][gc,phases      ] GC(120)     Choose Collection Set: 0.0ms
[23.445s][debug][gc,phases      ] GC(120)     Region Register: 0.1ms
[23.445s][debug][gc,phases      ] GC(120)     Prepare Heap Roots: 0.0ms
[23.445s][info ][gc,phases      ] GC(120)   Merge Heap Roots: 0.1ms
[23.445s][debug][gc,phases      ] GC(120)     Prepare Merge Heap Roots: 0.0ms
[23.445s][debug][gc,phases      ] GC(120)     Eager Reclaim (ms):       skipped
[23.445s][debug][gc,phases      ] GC(120)     Remembered Sets (ms):     Min:  0.0, Avg:  0.0, Max:  0.0, Diff:  0.0, Sum:  0.2, Workers: 8
[23.445s][debug][gc,phases      ] GC(120)       Merged Sparse:            Min: 0, Avg:  0.0, Max: 0, Diff: 0, Sum: 0, Workers: 8
[23.445s][debug][gc,phases      ] GC(120)       Merged Fine:              Min: 0, Avg:  0.0, Max: 0, Diff: 0, Sum: 0, Workers: 8
[23.445s][debug][gc,phases      ] GC(120)       Merged Coarse:            Min: 0, Avg:  0.0, Max: 0, Diff: 0, Sum: 0, Workers: 8
[23.445s][debug][gc,phases      ] GC(120)       Dirty Cards:              Min: 0, Avg:  0.0, Max: 0, Diff: 0, Sum: 0, Workers: 8
[23.445s][debug][gc,phases      ] GC(120)     Hot Card Cache (ms):      Min:  0.0, Avg:  0.0, Max:  0.0, Diff:  0.0, Sum:  0.0, Workers: 8
[23.445s][debug][gc,phases      ] GC(120)       Dirty Cards:              Min: 0, Avg:  0.0, Max: 0, Diff: 0, Sum: 0, Workers: 8
[23.445s][debug][gc,phases      ] GC(120)       Skipped Cards:            Min: 0, Avg:  0.0, Max: 0, Diff: 0, Sum: 0, Workers: 8
[23.445s][debug][gc,phases      ] GC(120)     Log Buffers (ms):         Min:  0.0, Avg:  0.0, Max:  0.0, Diff:  0.0, Sum:  0.0, Workers: 8
[23.445s][debug][gc,phases      ] GC(120)       Dirty Cards:              Min: 0, Avg:  0.1, Max: 1, Diff: 1, Sum: 1, Workers: 8
[23.445s][debug][gc,phases      ] GC(120)       Skipped Cards:            Min: 0, Avg:  0.0, Max: 0, Diff: 0, Sum: 0, Workers: 8
[23.445s][info ][gc,phases      ] GC(120)   Evacuate Collection Set: 0.2ms
[23.445s][debug][gc,phases      ] GC(120)     Ext Root Scanning (ms):   Min:  0.0, Avg:  0.0, Max:  0.1, Diff:  0.1, Sum:  0.2, Workers: 8
[23.445s][debug][gc,phases      ] GC(120)     Scan Heap Roots (ms):     Min:  0.0, Avg:  0.0, Max:  0.0, Diff:  0.0, Sum:  0.0, Workers: 8
[23.445s][debug][gc,phases      ] GC(120)       Scanned Cards:            Min: 0, Avg:  0.1, Max: 1, Diff: 1, Sum: 1, Workers: 8
[23.445s][debug][gc,phases      ] GC(120)       Scanned Blocks:           Min: 0, Avg:  0.1, Max: 1, Diff: 1, Sum: 1, Workers: 8
[23.445s][debug][gc,phases      ] GC(120)       Claimed Chunks:           Min: 0, Avg:  0.1, Max: 1, Diff: 1, Sum: 1, Workers: 8
[23.445s][debug][gc,phases      ] GC(120)     Code Root Scan (ms):      Min:  0.0, Avg:  0.0, Max:  0.0, Diff:  0.0, Sum:  0.0, Workers: 8
[23.445s][debug][gc,phases      ] GC(120)     Object Copy (ms):         Min:  0.0, Avg:  0.0, Max:  0.0, Diff:  0.0, Sum:  0.0, Workers: 8
[23.445s][debug][gc,phases      ] GC(120)     Termination (ms):         Min:  0.1, Avg:  0.1, Max:  0.1, Diff:  0.0, Sum:  0.8, Workers: 8
[23.445s][debug][gc,phases      ] GC(120)       Termination Attempts:     Min: 1, Avg:  1.0, Max: 1, Diff: 0, Sum: 8, Workers: 8
[23.445s][debug][gc,phases      ] GC(120)     GC Worker Other (ms):     Min:  0.0, Avg:  0.0, Max:  0.0, Diff:  0.0, Sum:  0.1, Workers: 8
[23.445s][debug][gc,phases      ] GC(120)     GC Worker Total (ms):     Min:  0.1, Avg:  0.1, Max:  0.2, Diff:  0.1, Sum:  1.2, Workers: 8
[23.445s][info ][gc,phases      ] GC(120)   Post Evacuate Collection Set: 0.4ms
[23.445s][debug][gc,phases      ] GC(120)     Code Roots Fixup: 0.0ms
[23.445s][debug][gc,phases      ] GC(120)     Clear Card Table: 0.1ms
[23.445s][debug][gc,phases      ] GC(120)     Reference Processing: 0.0ms
[23.445s][debug][gc,phases,ref  ] GC(120)       Reconsider SoftReferences: 0.0ms
[23.445s][debug][gc,phases,ref  ] GC(120)         SoftRef (ms):             skipped
[23.445s][debug][gc,phases,ref  ] GC(120)       Notify Soft/WeakReferences: 0.0ms
[23.445s][debug][gc,phases,ref  ] GC(120)         SoftRef (ms):             skipped
[23.445s][debug][gc,phases,ref  ] GC(120)         WeakRef (ms):             skipped
[23.445s][debug][gc,phases,ref  ] GC(120)         FinalRef (ms):            skipped
[23.445s][debug][gc,phases,ref  ] GC(120)         Total (ms):               skipped
[23.445s][debug][gc,phases,ref  ] GC(120)       Notify and keep alive finalizable: 0.0ms
[23.445s][debug][gc,phases,ref  ] GC(120)         FinalRef (ms):            skipped
[23.445s][debug][gc,phases,ref  ] GC(120)       Notify PhantomReferences: 0.0ms
[23.445s][debug][gc,phases,ref  ] GC(120)         PhantomRef (ms):          skipped
[23.445s][debug][gc,phases,ref  ] GC(120)       SoftReference:
[23.445s][debug][gc,phases,ref  ] GC(120)         Discovered: 0
[23.445s][debug][gc,phases,ref  ] GC(120)         Cleared: 0
[23.445s][debug][gc,phases,ref  ] GC(120)       WeakReference:
[23.445s][debug][gc,phases,ref  ] GC(120)         Discovered: 0
[23.445s][debug][gc,phases,ref  ] GC(120)         Cleared: 0
[23.445s][debug][gc,phases,ref  ] GC(120)       FinalReference:
[23.445s][debug][gc,phases,ref  ] GC(120)         Discovered: 0
[23.445s][debug][gc,phases,ref  ] GC(120)         Cleared: 0
[23.445s][debug][gc,phases,ref  ] GC(120)       PhantomReference:
[23.445s][debug][gc,phases,ref  ] GC(120)         Discovered: 0
[23.445s][debug][gc,phases,ref  ] GC(120)         Cleared: 0
[23.445s][debug][gc,phases      ] GC(120)     Weak Processing: 0.1ms
[23.445s][debug][gc,phases      ] GC(120)       JVMTI weak processing: 0.0ms
[23.445s][debug][gc,phases      ] GC(120)         Dead: 0
[23.445s][debug][gc,phases      ] GC(120)         Total: 0
[23.445s][debug][gc,phases      ] GC(120)       JFR weak processing: 0.0ms
[23.445s][debug][gc,phases      ] GC(120)         Dead: 0
[23.445s][debug][gc,phases      ] GC(120)         Total: 0
[23.445s][debug][gc,phases      ] GC(120)       JNI weak                  Min:  0.0, Avg:  0.0, Max:  0.0, Diff:  0.0, Sum:  0.0, Workers: 5
[23.445s][debug][gc,phases      ] GC(120)         Dead                      Min: 0, Avg:  0.0, Max: 0, Diff: 0, Sum: 0, Workers: 5
[23.445s][debug][gc,phases      ] GC(120)         Total                     Min: 0, Avg: 13.4, Max: 67, Diff: 67, Sum: 67, Workers: 5
[23.445s][debug][gc,phases      ] GC(120)       VM weak                   Min:  0.0, Avg:  0.0, Max:  0.0, Diff:  0.0, Sum:  0.0, Workers: 5
[23.445s][debug][gc,phases      ] GC(120)         Dead                      Min: 0, Avg:  0.0, Max: 0, Diff: 0, Sum: 0, Workers: 5
[23.445s][debug][gc,phases      ] GC(120)         Total                     Min: 0, Avg: 47.6, Max: 128, Diff: 128, Sum: 238, Workers: 5
[23.445s][debug][gc,phases      ] GC(120)       StringTable weak          Min:  0.0, Avg:  0.0, Max:  0.0, Diff:  0.0, Sum:  0.1, Workers: 5
[23.445s][debug][gc,phases      ] GC(120)         Dead                      Min: 0, Avg:  0.0, Max: 0, Diff: 0, Sum: 0, Workers: 5
[23.445s][debug][gc,phases      ] GC(120)         Total                     Min: 0, Avg: 728.6, Max: 958, Diff: 958, Sum: 3643, Workers: 5
[23.445s][debug][gc,phases      ] GC(120)       ResolvedMethodTable weak  Min:  0.0, Avg:  0.0, Max:  0.0, Diff:  0.0, Sum:  0.0, Workers: 5
[23.445s][debug][gc,phases      ] GC(120)         Dead                      Min: 0, Avg:  0.0, Max: 0, Diff: 0, Sum: 0, Workers: 5
[23.445s][debug][gc,phases      ] GC(120)         Total                     Min: 0, Avg: 123.4, Max: 192, Diff: 192, Sum: 617, Workers: 5
[23.445s][debug][gc,phases      ] GC(120)     Merge Per-Thread State: 0.0ms
[23.445s][debug][gc,phases      ] GC(120)       Copied Bytes              Min: 0, Avg: 52.0, Max: 160, Diff: 160, Sum: 416, Workers: 8
[23.445s][debug][gc,phases      ] GC(120)       LAB Waste                 Min: 0, Avg:  0.0, Max: 0, Diff: 0, Sum: 0, Workers: 8
[23.445s][debug][gc,phases      ] GC(120)       LAB Undo Waste            Min: 0, Avg:  0.0, Max: 0, Diff: 0, Sum: 0, Workers: 8
[23.445s][debug][gc,phases      ] GC(120)     Code Roots Purge: 0.0ms
[23.445s][debug][gc,phases      ] GC(120)     Redirty Cards: 0.0ms
[23.445s][debug][gc,phases      ] GC(120)     DerivedPointerTable Update: 0.0ms
[23.445s][debug][gc,phases      ] GC(120)     Free Collection Set: 0.1ms
[23.445s][debug][gc,phases      ] GC(120)     Rebuild Free List: 0.1ms
[23.445s][debug][gc,phases      ] GC(120)     Humongous Reclaim: 0.0ms
[23.445s][debug][gc,phases      ] GC(120)     Start New Collection Set: 0.0ms
[23.445s][debug][gc,phases      ] GC(120)     Resize TLABs: 0.0ms
[23.445s][debug][gc,phases      ] GC(120)     Expand Heap After Collection: 0.0ms
[23.445s][info ][gc,phases      ] GC(120)   Other: 0.3ms
[23.445s][info ][gc,heap        ] GC(120) Eden regions: 177->0(177)
[23.445s][info ][gc,heap        ] GC(120) Survivor regions: 1->1(23)
[23.445s][info ][gc,heap        ] GC(120) Old regions: 7->7
[23.445s][info ][gc,heap        ] GC(120) Archive regions: 2->2
[23.445s][info ][gc,heap        ] GC(120) Humongous regions: 0->0
[23.445s][info ][gc,metaspace   ] GC(120) Metaspace: 10703K(11136K)->10703K(11136K) NonClass: 9440K(9728K)->9440K(9728K) Class: 1263K(1408K)->1263K(1408K)
[23.445s][debug][gc,heap        ] GC(120) Heap after GC invocations=121 (full 1): garbage-first heap   total 305152K, used 4436K [0x0000000700000000, 0x0000000800000000)
[23.445s][debug][gc,heap        ] GC(120)   region size 1024K, 1 young (1024K), 1 survivors (1024K)
[23.445s][debug][gc,heap        ] GC(120)  Metaspace       used 10703K, capacity 10992K, committed 11136K, reserved 1058816K
[23.445s][debug][gc,heap        ] GC(120)   class space    used 1263K, capacity 1389K, committed 1408K, reserved 1048576K
[23.445s][info ][gc             ] GC(120) Pause Young (Normal) (G1 Evacuation Pause) 181M->4M(298M) 1.838ms
[23.445s][info ][gc,cpu         ] GC(120) User=0.00s Sys=0.00s Real=0.00s
[23.446s][info ][safepoint      ] Safepoint "G1CollectForAllocation", Time since last: 164893606 ns, Reaching safepoint: 96685 ns, At safepoint: 2022469 ns, Total: 2119154 ns
[23.607s][debug][gc,heap        ] GC(121) Heap before GC invocations=121 (full 1): garbage-first heap   total 305152K, used 185684K [0x0000000700000000, 0x0000000800000000)
[23.607s][debug][gc,heap        ] GC(121)   region size 1024K, 178 young (182272K), 1 survivors (1024K)
[23.607s][debug][gc,heap        ] GC(121)  Metaspace       used 10703K, capacity 10992K, committed 11136K, reserved 1058816K
[23.607s][debug][gc,heap        ] GC(121)   class space    used 1263K, capacity 1389K, committed 1408K, reserved 1048576K
[23.607s][info ][gc,start       ] GC(121) Pause Young (Normal) (G1 Evacuation Pause)
[23.607s][info ][gc,task        ] GC(121) Using 8 workers of 8 for evacuation
[23.607s][debug][gc,tlab        ] GC(121) TLAB totals: thrds: 8  refills: 711 max: 98 slow allocs: 0 max 0 waste:  1.0% gc: 1362320B max: 329856B slow: 410760B max: 56528B fast: 0B max: 0B
[23.607s][debug][gc,age         ] GC(121) Desired survivor size 12058624 bytes, new threshold 15 (max threshold 15)
[23.607s][debug][gc,alloc,region] GC(121) Mutator Allocation stats, regions: 177, wasted size: 0B ( 0.0%)
[23.607s][debug][gc,ergo        ] GC(121) Running G1 Merge Heap Roots using 8 workers for 178 regions
[23.608s][debug][gc,remset      ] GC(121) Visited cards 256 Total dirty 2048 (12.50%) Total old 747520 (0.03%)
[23.608s][debug][gc,ergo        ] GC(121) Running G1 Clear Card Table Task using 1 workers for 1 units of work for 179 regions.
[23.608s][debug][gc,ref         ] GC(121) Skipped phase1 of Reference Processing due to unavailable references
[23.608s][debug][gc,ref         ] GC(121) Skipped phase2 of Reference Processing due to unavailable references
[23.608s][debug][gc,ref         ] GC(121) Skipped phase3 of Reference Processing due to unavailable references
[23.608s][debug][gc,ref         ] GC(121) Skipped phase4 of Reference Processing due to unavailable references
[23.608s][debug][gc,ergo        ] GC(121) Running G1 Free Collection Set using 8 workers for collection set length 178 (298)
[23.608s][debug][gc,ergo        ] GC(121) Running G1 Rebuild Free List Task using 8 workers for rebuilding free list of 0 (4096) regions
[23.608s][trace][gc,age         ] GC(121) Age table with threshold 15 (max threshold 15)
[23.608s][trace][gc,age         ] GC(121) - age   1:        408 bytes,        408 total
[23.608s][debug][gc,plab        ] GC(121) Young PLAB allocation: allocated: 6192B, wasted: 0B, unused: 5784B, used: 408B, undo waste: 0B, 
[23.608s][debug][gc,plab        ] GC(121) Young other allocation: region end waste: 0B, regions filled: 1, direct allocated: 0B, failure used: 0B, failure wasted: 0B
[23.608s][debug][gc,plab        ] GC(121) Young sizing: calculated: 80B, actual: 2064B
[23.608s][debug][gc,plab        ] GC(121) Old PLAB allocation: allocated: 0B, wasted: 0B, unused: 0B, used: 0B, undo waste: 0B, 
[23.608s][debug][gc,plab        ] GC(121) Old other allocation: region end waste: 0B, regions filled: 1, direct allocated: 0B, failure used: 0B, failure wasted: 0B
[23.608s][debug][gc,plab        ] GC(121) Old sizing: calculated: 0B, actual: 2064B
[23.608s][debug][gc,ihop        ] GC(121) Basic information (value update), threshold: 140614041B (45.00), target occupancy: 312475648B, current occupancy: 4540960B, recent allocation size: 0B, recent allocation duration: 162.71ms, recent old gen allocation rate: 0.00B/s, recent marking phase length: 0.00ms
[23.608s][debug][gc,ihop        ] GC(121) Adaptive IHOP information (value update), threshold: 140614041B (47.37), internal target occupancy: 296851865B, occupancy: 4540960B, additional buffer size: 186646528B, predicted old gen allocation rate: 5555.10B/s, predicted marking phase length: 0.00ms, prediction active: false
[23.608s][debug][gc,ergo,refine ] GC(121) Concurrent refinement times: Logged Cards Scan time goal: 19.99ms Logged Cards Scan time: 0.00ms HCC time: 0.01ms
[23.608s][debug][gc,ergo,refine ] GC(121) Updated Refinement Zones: green: 2048, yellow: 6144, red: 10240
[23.608s][info ][gc,phases      ] GC(121)   Pre Evacuate Collection Set: 0.1ms
[23.608s][debug][gc,phases      ] GC(121)     Prepare TLABs: 0.0ms
[23.608s][debug][gc,phases      ] GC(121)     Choose Collection Set: 0.0ms
[23.608s][debug][gc,phases      ] GC(121)     Region Register: 0.1ms
[23.608s][debug][gc,phases      ] GC(121)     Prepare Heap Roots: 0.0ms
[23.608s][info ][gc,phases      ] GC(121)   Merge Heap Roots: 0.1ms
[23.608s][debug][gc,phases      ] GC(121)     Prepare Merge Heap Roots: 0.0ms
[23.608s][debug][gc,phases      ] GC(121)     Eager Reclaim (ms):       skipped
[23.608s][debug][gc,phases      ] GC(121)     Remembered Sets (ms):     Min:  0.0, Avg:  0.0, Max:  0.0, Diff:  0.0, Sum:  0.2, Workers: 8
[23.608s][debug][gc,phases      ] GC(121)       Merged Sparse:            Min: 0, Avg:  0.0, Max: 0, Diff: 0, Sum: 0, Workers: 8
[23.608s][debug][gc,phases      ] GC(121)       Merged Fine:              Min: 0, Avg:  0.0, Max: 0, Diff: 0, Sum: 0, Workers: 8
[23.608s][debug][gc,phases      ] GC(121)       Merged Coarse:            Min: 0, Avg:  0.0, Max: 0, Diff: 0, Sum: 0, Workers: 8
[23.608s][debug][gc,phases      ] GC(121)       Dirty Cards:              Min: 0, Avg:  0.0, Max: 0, Diff: 0, Sum: 0, Workers: 8
[23.608s][debug][gc,phases      ] GC(121)     Hot Card Cache (ms):      Min:  0.0, Avg:  0.0, Max:  0.0, Diff:  0.0, Sum:  0.1, Workers: 8
[23.608s][debug][gc,phases      ] GC(121)       Dirty Cards:              Min: 0, Avg:  0.0, Max: 0, Diff: 0, Sum: 0, Workers: 8
[23.608s][debug][gc,phases      ] GC(121)       Skipped Cards:            Min: 0, Avg:  0.0, Max: 0, Diff: 0, Sum: 0, Workers: 8
[23.608s][debug][gc,phases      ] GC(121)     Log Buffers (ms):         Min:  0.0, Avg:  0.0, Max:  0.0, Diff:  0.0, Sum:  0.0, Workers: 8
[23.608s][debug][gc,phases      ] GC(121)       Dirty Cards:              Min: 0, Avg:  0.1, Max: 1, Diff: 1, Sum: 1, Workers: 8
[23.608s][debug][gc,phases      ] GC(121)       Skipped Cards:            Min: 0, Avg:  0.0, Max: 0, Diff: 0, Sum: 0, Workers: 8
[23.608s][info ][gc,phases      ] GC(121)   Evacuate Collection Set: 0.2ms
[23.608s][debug][gc,phases      ] GC(121)     Ext Root Scanning (ms):   Min:  0.0, Avg:  0.0, Max:  0.1, Diff:  0.1, Sum:  0.3, Workers: 8
[23.608s][debug][gc,phases      ] GC(121)     Scan Heap Roots (ms):     Min:  0.0, Avg:  0.0, Max:  0.0, Diff:  0.0, Sum:  0.0, Workers: 8
[23.608s][debug][gc,phases      ] GC(121)       Scanned Cards:            Min: 0, Avg:  0.1, Max: 1, Diff: 1, Sum: 1, Workers: 8
[23.608s][debug][gc,phases      ] GC(121)       Scanned Blocks:           Min: 0, Avg:  0.1, Max: 1, Diff: 1, Sum: 1, Workers: 8
[23.608s][debug][gc,phases      ] GC(121)       Claimed Chunks:           Min: 0, Avg:  0.1, Max: 1, Diff: 1, Sum: 1, Workers: 8
[23.608s][debug][gc,phases      ] GC(121)     Code Root Scan (ms):      Min:  0.0, Avg:  0.0, Max:  0.0, Diff:  0.0, Sum:  0.0, Workers: 8
[23.608s][debug][gc,phases      ] GC(121)     Object Copy (ms):         Min:  0.0, Avg:  0.0, Max:  0.0, Diff:  0.0, Sum:  0.0, Workers: 8
[23.608s][debug][gc,phases      ] GC(121)     Termination (ms):         Min:  0.1, Avg:  0.1, Max:  0.1, Diff:  0.0, Sum:  0.5, Workers: 8
[23.608s][debug][gc,phases      ] GC(121)       Termination Attempts:     Min: 1, Avg:  1.0, Max: 1, Diff: 0, Sum: 8, Workers: 8
[23.608s][debug][gc,phases      ] GC(121)     GC Worker Other (ms):     Min:  0.0, Avg:  0.0, Max:  0.1, Diff:  0.1, Sum:  0.2, Workers: 8
[23.608s][debug][gc,phases      ] GC(121)     GC Worker Total (ms):     Min:  0.1, Avg:  0.1, Max:  0.1, Diff:  0.1, Sum:  1.0, Workers: 8
[23.608s][info ][gc,phases      ] GC(121)   Post Evacuate Collection Set: 0.4ms
[23.608s][debug][gc,phases      ] GC(121)     Code Roots Fixup: 0.0ms
[23.609s][debug][gc,phases      ] GC(121)     Clear Card Table: 0.1ms
[23.609s][debug][gc,phases      ] GC(121)     Reference Processing: 0.0ms
[23.609s][debug][gc,phases,ref  ] GC(121)       Reconsider SoftReferences: 0.0ms
[23.609s][debug][gc,phases,ref  ] GC(121)         SoftRef (ms):             skipped
[23.609s][debug][gc,phases,ref  ] GC(121)       Notify Soft/WeakReferences: 0.0ms
[23.609s][debug][gc,phases,ref  ] GC(121)         SoftRef (ms):             skipped
[23.609s][debug][gc,phases,ref  ] GC(121)         WeakRef (ms):             skipped
[23.609s][debug][gc,phases,ref  ] GC(121)         FinalRef (ms):            skipped
[23.609s][debug][gc,phases,ref  ] GC(121)         Total (ms):               skipped
[23.609s][debug][gc,phases,ref  ] GC(121)       Notify and keep alive finalizable: 0.0ms
[23.609s][debug][gc,phases,ref  ] GC(121)         FinalRef (ms):            skipped
[23.609s][debug][gc,phases,ref  ] GC(121)       Notify PhantomReferences: 0.0ms
[23.609s][debug][gc,phases,ref  ] GC(121)         PhantomRef (ms):          skipped
[23.609s][debug][gc,phases,ref  ] GC(121)       SoftReference:
[23.609s][debug][gc,phases,ref  ] GC(121)         Discovered: 0
[23.609s][debug][gc,phases,ref  ] GC(121)         Cleared: 0
[23.609s][debug][gc,phases,ref  ] GC(121)       WeakReference:
[23.609s][debug][gc,phases,ref  ] GC(121)         Discovered: 0
[23.609s][debug][gc,phases,ref  ] GC(121)         Cleared: 0
[23.609s][debug][gc,phases,ref  ] GC(121)       FinalReference:
[23.609s][debug][gc,phases,ref  ] GC(121)         Discovered: 0
[23.609s][debug][gc,phases,ref  ] GC(121)         Cleared: 0
[23.609s][debug][gc,phases,ref  ] GC(121)       PhantomReference:
[23.609s][debug][gc,phases,ref  ] GC(121)         Discovered: 0
[23.609s][debug][gc,phases,ref  ] GC(121)         Cleared: 0
[23.609s][debug][gc,phases      ] GC(121)     Weak Processing: 0.1ms
[23.609s][debug][gc,phases      ] GC(121)       JVMTI weak processing: 0.0ms
[23.609s][debug][gc,phases      ] GC(121)         Dead: 0
[23.609s][debug][gc,phases      ] GC(121)         Total: 0
[23.609s][debug][gc,phases      ] GC(121)       JFR weak processing: 0.0ms
[23.609s][debug][gc,phases      ] GC(121)         Dead: 0
[23.609s][debug][gc,phases      ] GC(121)         Total: 0
[23.609s][debug][gc,phases      ] GC(121)       JNI weak                  Min:  0.0, Avg:  0.0, Max:  0.0, Diff:  0.0, Sum:  0.0, Workers: 5
[23.609s][debug][gc,phases      ] GC(121)         Dead                      Min: 0, Avg:  0.0, Max: 0, Diff: 0, Sum: 0, Workers: 5
[23.609s][debug][gc,phases      ] GC(121)         Total                     Min: 0, Avg: 13.4, Max: 52, Diff: 52, Sum: 67, Workers: 5
[23.609s][debug][gc,phases      ] GC(121)       VM weak                   Min:  0.0, Avg:  0.0, Max:  0.0, Diff:  0.0, Sum:  0.0, Workers: 5
[23.609s][debug][gc,phases      ] GC(121)         Dead                      Min: 0, Avg:  0.0, Max: 0, Diff: 0, Sum: 0, Workers: 5
[23.609s][debug][gc,phases      ] GC(121)         Total                     Min: 0, Avg: 47.6, Max: 110, Diff: 110, Sum: 238, Workers: 5
[23.609s][debug][gc,phases      ] GC(121)       StringTable weak          Min:  0.0, Avg:  0.0, Max:  0.1, Diff:  0.0, Sum:  0.2, Workers: 5
[23.609s][debug][gc,phases      ] GC(121)         Dead                      Min: 0, Avg:  0.0, Max: 0, Diff: 0, Sum: 0, Workers: 5
[23.609s][debug][gc,phases      ] GC(121)         Total                     Min: 192, Avg: 728.6, Max: 1083, Diff: 891, Sum: 3643, Workers: 5
[23.609s][debug][gc,phases      ] GC(121)       ResolvedMethodTable weak  Min:  0.0, Avg:  0.0, Max:  0.0, Diff:  0.0, Sum:  0.0, Workers: 5
[23.609s][debug][gc,phases      ] GC(121)         Dead                      Min: 0, Avg:  0.0, Max: 0, Diff: 0, Sum: 0, Workers: 5
[23.609s][debug][gc,phases      ] GC(121)         Total                     Min: 64, Avg: 123.4, Max: 192, Diff: 128, Sum: 617, Workers: 5
[23.609s][debug][gc,phases      ] GC(121)     Merge Per-Thread State: 0.0ms
[23.609s][debug][gc,phases      ] GC(121)       Copied Bytes              Min: 0, Avg: 51.0, Max: 152, Diff: 152, Sum: 408, Workers: 8
[23.609s][debug][gc,phases      ] GC(121)       LAB Waste                 Min: 0, Avg:  0.0, Max: 0, Diff: 0, Sum: 0, Workers: 8
[23.609s][debug][gc,phases      ] GC(121)       LAB Undo Waste            Min: 0, Avg:  0.0, Max: 0, Diff: 0, Sum: 0, Workers: 8
[23.609s][debug][gc,phases      ] GC(121)     Code Roots Purge: 0.0ms
[23.609s][debug][gc,phases      ] GC(121)     Redirty Cards: 0.0ms
[23.609s][debug][gc,phases      ] GC(121)     DerivedPointerTable Update: 0.0ms
[23.609s][debug][gc,phases      ] GC(121)     Free Collection Set: 0.1ms
[23.609s][debug][gc,phases      ] GC(121)     Rebuild Free List: 0.1ms
[23.609s][debug][gc,phases      ] GC(121)     Humongous Reclaim: 0.0ms
[23.609s][debug][gc,phases      ] GC(121)     Start New Collection Set: 0.0ms
[23.609s][debug][gc,phases      ] GC(121)     Resize TLABs: 0.0ms
[23.609s][debug][gc,phases      ] GC(121)     Expand Heap After Collection: 0.0ms
[23.609s][info ][gc,phases      ] GC(121)   Other: 0.3ms
[23.609s][info ][gc,heap        ] GC(121) Eden regions: 177->0(177)
[23.609s][info ][gc,heap        ] GC(121) Survivor regions: 1->1(23)
[23.609s][info ][gc,heap        ] GC(121) Old regions: 7->7
[23.609s][info ][gc,heap        ] GC(121) Archive regions: 2->2
[23.609s][info ][gc,heap        ] GC(121) Humongous regions: 0->0
[23.609s][info ][gc,metaspace   ] GC(121) Metaspace: 10703K(11136K)->10703K(11136K) NonClass: 9440K(9728K)->9440K(9728K) Class: 1263K(1408K)->1263K(1408K)
[23.609s][debug][gc,heap        ] GC(121) Heap after GC invocations=122 (full 1): garbage-first heap   total 305152K, used 4434K [0x0000000700000000, 0x0000000800000000)
[23.609s][debug][gc,heap        ] GC(121)   region size 1024K, 1 young (1024K), 1 survivors (1024K)
[23.609s][debug][gc,heap        ] GC(121)  Metaspace       used 10703K, capacity 10992K, committed 11136K, reserved 1058816K
[23.609s][debug][gc,heap        ] GC(121)   class space    used 1263K, capacity 1389K, committed 1408K, reserved 1048576K
[23.609s][info ][gc             ] GC(121) Pause Young (Normal) (G1 Evacuation Pause) 181M->4M(298M) 1.605ms
[23.609s][info ][gc,cpu         ] GC(121) User=0.00s Sys=0.00s Real=0.01s
[23.609s][info ][safepoint      ] Safepoint "G1CollectForAllocation", Time since last: 161506383 ns, Reaching safepoint: 200829 ns, At safepoint: 1998784 ns, Total: 2199613 ns
[23.769s][debug][gc,heap        ] GC(122) Heap before GC invocations=122 (full 1): garbage-first heap   total 305152K, used 185682K [0x0000000700000000, 0x0000000800000000)
[23.769s][debug][gc,heap        ] GC(122)   region size 1024K, 178 young (182272K), 1 survivors (1024K)
[23.769s][debug][gc,heap        ] GC(122)  Metaspace       used 10703K, capacity 10992K, committed 11136K, reserved 1058816K
[23.769s][debug][gc,heap        ] GC(122)   class space    used 1263K, capacity 1389K, committed 1408K, reserved 1048576K
[23.769s][info ][gc,start       ] GC(122) Pause Young (Normal) (G1 Evacuation Pause)
[23.769s][info ][gc,task        ] GC(122) Using 8 workers of 8 for evacuation
[23.769s][debug][gc,tlab        ] GC(122) TLAB totals: thrds: 8  refills: 711 max: 97 slow allocs: 0 max 0 waste:  0.9% gc: 1265040B max: 301320B slow: 411744B max: 56248B fast: 0B max: 0B
[23.769s][debug][gc,age         ] GC(122) Desired survivor size 12058624 bytes, new threshold 15 (max threshold 15)
[23.769s][debug][gc,alloc,region] GC(122) Mutator Allocation stats, regions: 177, wasted size: 0B ( 0.0%)
[23.769s][debug][gc,ergo        ] GC(122) Running G1 Merge Heap Roots using 8 workers for 178 regions
[23.769s][debug][gc,remset      ] GC(122) Visited cards 256 Total dirty 2048 (12.50%) Total old 747520 (0.03%)
[23.770s][debug][gc,ergo        ] GC(122) Running G1 Clear Card Table Task using 1 workers for 1 units of work for 179 regions.
[23.770s][debug][gc,ref         ] GC(122) Skipped phase1 of Reference Processing due to unavailable references
[23.770s][debug][gc,ref         ] GC(122) Skipped phase2 of Reference Processing due to unavailable references
[23.770s][debug][gc,ref         ] GC(122) Skipped phase3 of Reference Processing due to unavailable references
[23.770s][debug][gc,ref         ] GC(122) Skipped phase4 of Reference Processing due to unavailable references
[23.770s][debug][gc,ergo        ] GC(122) Running G1 Free Collection Set using 8 workers for collection set length 178 (298)
[23.770s][debug][gc,ergo        ] GC(122) Running G1 Rebuild Free List Task using 8 workers for rebuilding free list of 0 (4096) regions
[23.770s][trace][gc,age         ] GC(122) Age table with threshold 15 (max threshold 15)
[23.770s][trace][gc,age         ] GC(122) - age   1:        360 bytes,        360 total
[23.770s][debug][gc,plab        ] GC(122) Young PLAB allocation: allocated: 12384B, wasted: 0B, unused: 12024B, used: 360B, undo waste: 0B, 
[23.770s][debug][gc,plab        ] GC(122) Young other allocation: region end waste: 0B, regions filled: 1, direct allocated: 0B, failure used: 0B, failure wasted: 0B
[23.770s][debug][gc,plab        ] GC(122) Young sizing: calculated: 72B, actual: 2064B
[23.770s][debug][gc,plab        ] GC(122) Old PLAB allocation: allocated: 0B, wasted: 0B, unused: 0B, used: 0B, undo waste: 0B, 
[23.770s][debug][gc,plab        ] GC(122) Old other allocation: region end waste: 0B, regions filled: 1, direct allocated: 0B, failure used: 0B, failure wasted: 0B
[23.770s][debug][gc,plab        ] GC(122) Old sizing: calculated: 0B, actual: 2064B
[23.770s][debug][gc,ihop        ] GC(122) Basic information (value update), threshold: 140614041B (45.00), target occupancy: 312475648B, current occupancy: 4547152B, recent allocation size: 0B, recent allocation duration: 160.88ms, recent old gen allocation rate: 0.00B/s, recent marking phase length: 0.00ms
[23.770s][debug][gc,ihop        ] GC(122) Adaptive IHOP information (value update), threshold: 140614041B (47.37), internal target occupancy: 296851865B, occupancy: 4547152B, additional buffer size: 186646528B, predicted old gen allocation rate: 5404.21B/s, predicted marking phase length: 0.00ms, prediction active: false
[23.770s][debug][gc,ergo,refine ] GC(122) Concurrent refinement times: Logged Cards Scan time goal: 20.00ms Logged Cards Scan time: 0.00ms HCC time: 0.00ms
[23.770s][debug][gc,ergo,refine ] GC(122) Updated Refinement Zones: green: 2048, yellow: 6144, red: 10240
[23.770s][info ][gc,phases      ] GC(122)   Pre Evacuate Collection Set: 0.1ms
[23.770s][debug][gc,phases      ] GC(122)     Prepare TLABs: 0.0ms
[23.770s][debug][gc,phases      ] GC(122)     Choose Collection Set: 0.0ms
[23.770s][debug][gc,phases      ] GC(122)     Region Register: 0.1ms
[23.770s][debug][gc,phases      ] GC(122)     Prepare Heap Roots: 0.0ms
[23.770s][info ][gc,phases      ] GC(122)   Merge Heap Roots: 0.1ms
[23.770s][debug][gc,phases      ] GC(122)     Prepare Merge Heap Roots: 0.0ms
[23.770s][debug][gc,phases      ] GC(122)     Eager Reclaim (ms):       skipped
[23.770s][debug][gc,phases      ] GC(122)     Remembered Sets (ms):     Min:  0.0, Avg:  0.0, Max:  0.0, Diff:  0.0, Sum:  0.0, Workers: 8
[23.770s][debug][gc,phases      ] GC(122)       Merged Sparse:            Min: 0, Avg:  0.0, Max: 0, Diff: 0, Sum: 0, Workers: 8
[23.770s][debug][gc,phases      ] GC(122)       Merged Fine:              Min: 0, Avg:  0.0, Max: 0, Diff: 0, Sum: 0, Workers: 8
[23.770s][debug][gc,phases      ] GC(122)       Merged Coarse:            Min: 0, Avg:  0.0, Max: 0, Diff: 0, Sum: 0, Workers: 8
[23.770s][debug][gc,phases      ] GC(122)       Dirty Cards:              Min: 0, Avg:  0.0, Max: 0, Diff: 0, Sum: 0, Workers: 8
[23.770s][debug][gc,phases      ] GC(122)     Hot Card Cache (ms):      Min:  0.0, Avg:  0.0, Max:  0.0, Diff:  0.0, Sum:  0.0, Workers: 8
[23.770s][debug][gc,phases      ] GC(122)       Dirty Cards:              Min: 0, Avg:  0.0, Max: 0, Diff: 0, Sum: 0, Workers: 8
[23.770s][debug][gc,phases      ] GC(122)       Skipped Cards:            Min: 0, Avg:  0.0, Max: 0, Diff: 0, Sum: 0, Workers: 8
[23.770s][debug][gc,phases      ] GC(122)     Log Buffers (ms):         Min:  0.0, Avg:  0.0, Max:  0.0, Diff:  0.0, Sum:  0.0, Workers: 8
[23.770s][debug][gc,phases      ] GC(122)       Dirty Cards:              Min: 0, Avg:  0.1, Max: 1, Diff: 1, Sum: 1, Workers: 8
[23.770s][debug][gc,phases      ] GC(122)       Skipped Cards:            Min: 0, Avg:  0.0, Max: 0, Diff: 0, Sum: 0, Workers: 8
[23.770s][info ][gc,phases      ] GC(122)   Evacuate Collection Set: 0.1ms
[23.770s][debug][gc,phases      ] GC(122)     Ext Root Scanning (ms):   Min:  0.0, Avg:  0.0, Max:  0.0, Diff:  0.0, Sum:  0.2, Workers: 8
[23.770s][debug][gc,phases      ] GC(122)     Scan Heap Roots (ms):     Min:  0.0, Avg:  0.0, Max:  0.0, Diff:  0.0, Sum:  0.0, Workers: 8
[23.770s][debug][gc,phases      ] GC(122)       Scanned Cards:            Min: 0, Avg:  0.1, Max: 1, Diff: 1, Sum: 1, Workers: 8
[23.770s][debug][gc,phases      ] GC(122)       Scanned Blocks:           Min: 0, Avg:  0.1, Max: 1, Diff: 1, Sum: 1, Workers: 8
[23.770s][debug][gc,phases      ] GC(122)       Claimed Chunks:           Min: 0, Avg:  0.1, Max: 1, Diff: 1, Sum: 1, Workers: 8
[23.770s][debug][gc,phases      ] GC(122)     Code Root Scan (ms):      Min:  0.0, Avg:  0.0, Max:  0.0, Diff:  0.0, Sum:  0.0, Workers: 8
[23.770s][debug][gc,phases      ] GC(122)     Object Copy (ms):         Min:  0.0, Avg:  0.0, Max:  0.0, Diff:  0.0, Sum:  0.0, Workers: 8
[23.770s][debug][gc,phases      ] GC(122)     Termination (ms):         Min:  0.0, Avg:  0.1, Max:  0.1, Diff:  0.0, Sum:  0.4, Workers: 8
[23.770s][debug][gc,phases      ] GC(122)       Termination Attempts:     Min: 1, Avg:  1.0, Max: 1, Diff: 0, Sum: 8, Workers: 8
[23.770s][debug][gc,phases      ] GC(122)     GC Worker Other (ms):     Min:  0.0, Avg:  0.0, Max:  0.0, Diff:  0.0, Sum:  0.1, Workers: 8
[23.770s][debug][gc,phases      ] GC(122)     GC Worker Total (ms):     Min:  0.1, Avg:  0.1, Max:  0.1, Diff:  0.0, Sum:  0.8, Workers: 8
[23.770s][info ][gc,phases      ] GC(122)   Post Evacuate Collection Set: 0.3ms
[23.770s][debug][gc,phases      ] GC(122)     Code Roots Fixup: 0.0ms
[23.770s][debug][gc,phases      ] GC(122)     Clear Card Table: 0.1ms
[23.770s][debug][gc,phases      ] GC(122)     Reference Processing: 0.0ms
[23.770s][debug][gc,phases,ref  ] GC(122)       Reconsider SoftReferences: 0.0ms
[23.770s][debug][gc,phases,ref  ] GC(122)         SoftRef (ms):             skipped
[23.770s][debug][gc,phases,ref  ] GC(122)       Notify Soft/WeakReferences: 0.0ms
[23.770s][debug][gc,phases,ref  ] GC(122)         SoftRef (ms):             skipped
[23.770s][debug][gc,phases,ref  ] GC(122)         WeakRef (ms):             skipped
[23.770s][debug][gc,phases,ref  ] GC(122)         FinalRef (ms):            skipped
[23.770s][debug][gc,phases,ref  ] GC(122)         Total (ms):               skipped
[23.770s][debug][gc,phases,ref  ] GC(122)       Notify and keep alive finalizable: 0.0ms
[23.770s][debug][gc,phases,ref  ] GC(122)         FinalRef (ms):            skipped
[23.770s][debug][gc,phases,ref  ] GC(122)       Notify PhantomReferences: 0.0ms
[23.770s][debug][gc,phases,ref  ] GC(122)         PhantomRef (ms):          skipped
[23.770s][debug][gc,phases,ref  ] GC(122)       SoftReference:
[23.770s][debug][gc,phases,ref  ] GC(122)         Discovered: 0
[23.770s][debug][gc,phases,ref  ] GC(122)         Cleared: 0
[23.770s][debug][gc,phases,ref  ] GC(122)       WeakReference:
[23.770s][debug][gc,phases,ref  ] GC(122)         Discovered: 0
[23.770s][debug][gc,phases,ref  ] GC(122)         Cleared: 0
[23.770s][debug][gc,phases,ref  ] GC(122)       FinalReference:
[23.770s][debug][gc,phases,ref  ] GC(122)         Discovered: 0
[23.770s][debug][gc,phases,ref  ] GC(122)         Cleared: 0
[23.770s][debug][gc,phases,ref  ] GC(122)       PhantomReference:
[23.770s][debug][gc,phases,ref  ] GC(122)         Discovered: 0
[23.770s][debug][gc,phases,ref  ] GC(122)         Cleared: 0
[23.770s][debug][gc,phases      ] GC(122)     Weak Processing: 0.1ms
[23.770s][debug][gc,phases      ] GC(122)       JVMTI weak processing: 0.0ms
[23.770s][debug][gc,phases      ] GC(122)         Dead: 0
[23.770s][debug][gc,phases      ] GC(122)         Total: 0
[23.770s][debug][gc,phases      ] GC(122)       JFR weak processing: 0.0ms
[23.770s][debug][gc,phases      ] GC(122)         Dead: 0
[23.770s][debug][gc,phases      ] GC(122)         Total: 0
[23.770s][debug][gc,phases      ] GC(122)       JNI weak                  Min:  0.0, Avg:  0.0, Max:  0.0, Diff:  0.0, Sum:  0.0, Workers: 5
[23.770s][debug][gc,phases      ] GC(122)         Dead                      Min: 0, Avg:  0.0, Max: 0, Diff: 0, Sum: 0, Workers: 5
[23.770s][debug][gc,phases      ] GC(122)         Total                     Min: 0, Avg: 13.4, Max: 52, Diff: 52, Sum: 67, Workers: 5
[23.770s][debug][gc,phases      ] GC(122)       VM weak                   Min:  0.0, Avg:  0.0, Max:  0.0, Diff:  0.0, Sum:  0.0, Workers: 5
[23.770s][debug][gc,phases      ] GC(122)         Dead                      Min: 0, Avg:  0.0, Max: 0, Diff: 0, Sum: 0, Workers: 5
[23.770s][debug][gc,phases      ] GC(122)         Total                     Min: 0, Avg: 47.6, Max: 128, Diff: 128, Sum: 238, Workers: 5
[23.770s][debug][gc,phases      ] GC(122)       StringTable weak          Min:  0.0, Avg:  0.0, Max:  0.0, Diff:  0.0, Sum:  0.1, Workers: 5
[23.770s][debug][gc,phases      ] GC(122)         Dead                      Min: 0, Avg:  0.0, Max: 0, Diff: 0, Sum: 0, Workers: 5
[23.770s][debug][gc,phases      ] GC(122)         Total                     Min: 0, Avg: 728.6, Max: 1787, Diff: 1787, Sum: 3643, Workers: 5
[23.770s][debug][gc,phases      ] GC(122)       ResolvedMethodTable weak  Min:  0.0, Avg:  0.0, Max:  0.0, Diff:  0.0, Sum:  0.0, Workers: 5
[23.770s][debug][gc,phases      ] GC(122)         Dead                      Min: 0, Avg:  0.0, Max: 0, Diff: 0, Sum: 0, Workers: 5
[23.770s][debug][gc,phases      ] GC(122)         Total                     Min: 0, Avg: 123.4, Max: 192, Diff: 192, Sum: 617, Workers: 5
[23.770s][debug][gc,phases      ] GC(122)     Merge Per-Thread State: 0.0ms
[23.770s][debug][gc,phases      ] GC(122)       Copied Bytes              Min: 0, Avg: 45.0, Max: 104, Diff: 104, Sum: 360, Workers: 8
[23.770s][debug][gc,phases      ] GC(122)       LAB Waste                 Min: 0, Avg:  0.0, Max: 0, Diff: 0, Sum: 0, Workers: 8
[23.770s][debug][gc,phases      ] GC(122)       LAB Undo Waste            Min: 0, Avg:  0.0, Max: 0, Diff: 0, Sum: 0, Workers: 8
[23.770s][debug][gc,phases      ] GC(122)     Code Roots Purge: 0.0ms
[23.770s][debug][gc,phases      ] GC(122)     Redirty Cards: 0.0ms
[23.770s][debug][gc,phases      ] GC(122)     DerivedPointerTable Update: 0.0ms
[23.770s][debug][gc,phases      ] GC(122)     Free Collection Set: 0.1ms
[23.770s][debug][gc,phases      ] GC(122)     Rebuild Free List: 0.0ms
[23.770s][debug][gc,phases      ] GC(122)     Humongous Reclaim: 0.0ms
[23.770s][debug][gc,phases      ] GC(122)     Start New Collection Set: 0.0ms
[23.770s][debug][gc,phases      ] GC(122)     Resize TLABs: 0.0ms
[23.770s][debug][gc,phases      ] GC(122)     Expand Heap After Collection: 0.0ms
[23.770s][info ][gc,phases      ] GC(122)   Other: 0.3ms
[23.770s][info ][gc,heap        ] GC(122) Eden regions: 177->0(177)
[23.770s][info ][gc,heap        ] GC(122) Survivor regions: 1->1(23)
[23.770s][info ][gc,heap        ] GC(122) Old regions: 7->7
[23.770s][info ][gc,heap        ] GC(122) Archive regions: 2->2
[23.771s][info ][gc,heap        ] GC(122) Humongous regions: 0->0
[23.771s][info ][gc,metaspace   ] GC(122) Metaspace: 10703K(11136K)->10703K(11136K) NonClass: 9440K(9728K)->9440K(9728K) Class: 1263K(1408K)->1263K(1408K)
[23.771s][debug][gc,heap        ] GC(122) Heap after GC invocations=123 (full 1): garbage-first heap   total 305152K, used 4440K [0x0000000700000000, 0x0000000800000000)
[23.771s][debug][gc,heap        ] GC(122)   region size 1024K, 1 young (1024K), 1 survivors (1024K)
[23.771s][debug][gc,heap        ] GC(122)  Metaspace       used 10703K, capacity 10992K, committed 11136K, reserved 1058816K
[23.771s][debug][gc,heap        ] GC(122)   class space    used 1263K, capacity 1389K, committed 1408K, reserved 1048576K
[23.771s][info ][gc             ] GC(122) Pause Young (Normal) (G1 Evacuation Pause) 181M->4M(298M) 1.450ms
[23.771s][info ][gc,cpu         ] GC(122) User=0.00s Sys=0.00s Real=0.00s
[23.771s][info ][safepoint      ] Safepoint "G1CollectForAllocation", Time since last: 159657451 ns, Reaching safepoint: 128923 ns, At safepoint: 1632026 ns, Total: 1760949 ns
[23.936s][debug][gc,heap        ] GC(123) Heap before GC invocations=123 (full 1): garbage-first heap   total 305152K, used 185688K [0x0000000700000000, 0x0000000800000000)
[23.936s][debug][gc,heap        ] GC(123)   region size 1024K, 178 young (182272K), 1 survivors (1024K)
[23.936s][debug][gc,heap        ] GC(123)  Metaspace       used 10703K, capacity 10992K, committed 11136K, reserved 1058816K
[23.936s][debug][gc,heap        ] GC(123)   class space    used 1263K, capacity 1389K, committed 1408K, reserved 1048576K
[23.937s][info ][gc,start       ] GC(123) Pause Young (Normal) (G1 Evacuation Pause)
[23.937s][info ][gc,task        ] GC(123) Using 8 workers of 8 for evacuation
[23.937s][debug][gc,tlab        ] GC(123) TLAB totals: thrds: 8  refills: 710 max: 94 slow allocs: 0 max 0 waste:  1.0% gc: 1363360B max: 408592B slow: 410704B max: 54672B fast: 0B max: 0B
[23.937s][debug][gc,age         ] GC(123) Desired survivor size 12058624 bytes, new threshold 15 (max threshold 15)
[23.937s][debug][gc,alloc,region] GC(123) Mutator Allocation stats, regions: 177, wasted size: 0B ( 0.0%)
[23.937s][debug][gc,ergo        ] GC(123) Running G1 Merge Heap Roots using 8 workers for 178 regions
[23.937s][debug][gc,remset      ] GC(123) Visited cards 256 Total dirty 2048 (12.50%) Total old 747520 (0.03%)
[23.937s][debug][gc,ergo        ] GC(123) Running G1 Clear Card Table Task using 1 workers for 1 units of work for 179 regions.
[23.937s][debug][gc,ref         ] GC(123) Skipped phase1 of Reference Processing due to unavailable references
[23.937s][debug][gc,ref         ] GC(123) Skipped phase2 of Reference Processing due to unavailable references
[23.937s][debug][gc,ref         ] GC(123) Skipped phase3 of Reference Processing due to unavailable references
[23.937s][debug][gc,ref         ] GC(123) Skipped phase4 of Reference Processing due to unavailable references
[23.937s][debug][gc,ergo        ] GC(123) Running G1 Free Collection Set using 8 workers for collection set length 178 (298)
[23.937s][debug][gc,ergo        ] GC(123) Running G1 Rebuild Free List Task using 8 workers for rebuilding free list of 0 (4096) regions
[23.938s][trace][gc,age         ] GC(123) Age table with threshold 15 (max threshold 15)
[23.938s][trace][gc,age         ] GC(123) - age   1:        568 bytes,        568 total
[23.938s][debug][gc,plab        ] GC(123) Young PLAB allocation: allocated: 12384B, wasted: 0B, unused: 11816B, used: 568B, undo waste: 0B, 
[23.938s][debug][gc,plab        ] GC(123) Young other allocation: region end waste: 0B, regions filled: 1, direct allocated: 0B, failure used: 0B, failure wasted: 0B
[23.938s][debug][gc,plab        ] GC(123) Young sizing: calculated: 112B, actual: 2064B
[23.938s][debug][gc,plab        ] GC(123) Old PLAB allocation: allocated: 0B, wasted: 0B, unused: 0B, used: 0B, undo waste: 0B, 
[23.938s][debug][gc,plab        ] GC(123) Old other allocation: region end waste: 0B, regions filled: 1, direct allocated: 0B, failure used: 0B, failure wasted: 0B
[23.938s][debug][gc,plab        ] GC(123) Old sizing: calculated: 0B, actual: 2064B
[23.938s][debug][gc,ihop        ] GC(123) Basic information (value update), threshold: 140614041B (45.00), target occupancy: 312475648B, current occupancy: 4547152B, recent allocation size: 0B, recent allocation duration: 166.62ms, recent old gen allocation rate: 0.00B/s, recent marking phase length: 0.00ms
[23.938s][debug][gc,ihop        ] GC(123) Adaptive IHOP information (value update), threshold: 140614041B (47.37), internal target occupancy: 296851865B, occupancy: 4547152B, additional buffer size: 186646528B, predicted old gen allocation rate: 5257.64B/s, predicted marking phase length: 0.00ms, prediction active: false
[23.938s][debug][gc,ergo,refine ] GC(123) Concurrent refinement times: Logged Cards Scan time goal: 20.00ms Logged Cards Scan time: 0.00ms HCC time: 0.00ms
[23.938s][debug][gc,ergo,refine ] GC(123) Updated Refinement Zones: green: 2048, yellow: 6144, red: 10240
[23.938s][info ][gc,phases      ] GC(123)   Pre Evacuate Collection Set: 0.1ms
[23.938s][debug][gc,phases      ] GC(123)     Prepare TLABs: 0.0ms
[23.938s][debug][gc,phases      ] GC(123)     Choose Collection Set: 0.0ms
[23.938s][debug][gc,phases      ] GC(123)     Region Register: 0.1ms
[23.938s][debug][gc,phases      ] GC(123)     Prepare Heap Roots: 0.0ms
[23.938s][info ][gc,phases      ] GC(123)   Merge Heap Roots: 0.2ms
[23.938s][debug][gc,phases      ] GC(123)     Prepare Merge Heap Roots: 0.0ms
[23.938s][debug][gc,phases      ] GC(123)     Eager Reclaim (ms):       skipped
[23.938s][debug][gc,phases      ] GC(123)     Remembered Sets (ms):     Min:  0.0, Avg:  0.0, Max:  0.0, Diff:  0.0, Sum:  0.2, Workers: 8
[23.938s][debug][gc,phases      ] GC(123)       Merged Sparse:            Min: 0, Avg:  0.0, Max: 0, Diff: 0, Sum: 0, Workers: 8
[23.938s][debug][gc,phases      ] GC(123)       Merged Fine:              Min: 0, Avg:  0.0, Max: 0, Diff: 0, Sum: 0, Workers: 8
[23.938s][debug][gc,phases      ] GC(123)       Merged Coarse:            Min: 0, Avg:  0.0, Max: 0, Diff: 0, Sum: 0, Workers: 8
[23.938s][debug][gc,phases      ] GC(123)       Dirty Cards:              Min: 0, Avg:  0.0, Max: 0, Diff: 0, Sum: 0, Workers: 8
[23.938s][debug][gc,phases      ] GC(123)     Hot Card Cache (ms):      Min:  0.0, Avg:  0.0, Max:  0.0, Diff:  0.0, Sum:  0.0, Workers: 8
[23.938s][debug][gc,phases      ] GC(123)       Dirty Cards:              Min: 0, Avg:  0.0, Max: 0, Diff: 0, Sum: 0, Workers: 8
[23.938s][debug][gc,phases      ] GC(123)       Skipped Cards:            Min: 0, Avg:  0.0, Max: 0, Diff: 0, Sum: 0, Workers: 8
[23.938s][debug][gc,phases      ] GC(123)     Log Buffers (ms):         Min:  0.0, Avg:  0.0, Max:  0.0, Diff:  0.0, Sum:  0.0, Workers: 8
[23.938s][debug][gc,phases      ] GC(123)       Dirty Cards:              Min: 0, Avg:  0.1, Max: 1, Diff: 1, Sum: 1, Workers: 8
[23.938s][debug][gc,phases      ] GC(123)       Skipped Cards:            Min: 0, Avg:  0.0, Max: 0, Diff: 0, Sum: 0, Workers: 8
[23.938s][info ][gc,phases      ] GC(123)   Evacuate Collection Set: 0.2ms
[23.938s][debug][gc,phases      ] GC(123)     Ext Root Scanning (ms):   Min:  0.0, Avg:  0.0, Max:  0.1, Diff:  0.1, Sum:  0.3, Workers: 8
[23.938s][debug][gc,phases      ] GC(123)     Scan Heap Roots (ms):     Min:  0.0, Avg:  0.0, Max:  0.0, Diff:  0.0, Sum:  0.0, Workers: 8
[23.938s][debug][gc,phases      ] GC(123)       Scanned Cards:            Min: 0, Avg:  0.1, Max: 1, Diff: 1, Sum: 1, Workers: 8
[23.938s][debug][gc,phases      ] GC(123)       Scanned Blocks:           Min: 0, Avg:  0.1, Max: 1, Diff: 1, Sum: 1, Workers: 8
[23.938s][debug][gc,phases      ] GC(123)       Claimed Chunks:           Min: 0, Avg:  0.1, Max: 1, Diff: 1, Sum: 1, Workers: 8
[23.938s][debug][gc,phases      ] GC(123)     Code Root Scan (ms):      Min:  0.0, Avg:  0.0, Max:  0.0, Diff:  0.0, Sum:  0.0, Workers: 8
[23.938s][debug][gc,phases      ] GC(123)     Object Copy (ms):         Min:  0.0, Avg:  0.0, Max:  0.0, Diff:  0.0, Sum:  0.0, Workers: 8
[23.938s][debug][gc,phases      ] GC(123)     Termination (ms):         Min:  0.0, Avg:  0.1, Max:  0.1, Diff:  0.0, Sum:  0.5, Workers: 8
[23.938s][debug][gc,phases      ] GC(123)       Termination Attempts:     Min: 1, Avg:  1.0, Max: 1, Diff: 0, Sum: 8, Workers: 8
[23.938s][debug][gc,phases      ] GC(123)     GC Worker Other (ms):     Min:  0.0, Avg:  0.0, Max:  0.0, Diff:  0.0, Sum:  0.2, Workers: 8
[23.938s][debug][gc,phases      ] GC(123)     GC Worker Total (ms):     Min:  0.1, Avg:  0.1, Max:  0.2, Diff:  0.1, Sum:  1.1, Workers: 8
[23.938s][info ][gc,phases      ] GC(123)   Post Evacuate Collection Set: 0.6ms
[23.938s][debug][gc,phases      ] GC(123)     Code Roots Fixup: 0.0ms
[23.938s][debug][gc,phases      ] GC(123)     Clear Card Table: 0.1ms
[23.938s][debug][gc,phases      ] GC(123)     Reference Processing: 0.0ms
[23.938s][debug][gc,phases,ref  ] GC(123)       Reconsider SoftReferences: 0.0ms
[23.938s][debug][gc,phases,ref  ] GC(123)         SoftRef (ms):             skipped
[23.938s][debug][gc,phases,ref  ] GC(123)       Notify Soft/WeakReferences: 0.0ms
[23.938s][debug][gc,phases,ref  ] GC(123)         SoftRef (ms):             skipped
[23.938s][debug][gc,phases,ref  ] GC(123)         WeakRef (ms):             skipped
[23.938s][debug][gc,phases,ref  ] GC(123)         FinalRef (ms):            skipped
[23.938s][debug][gc,phases,ref  ] GC(123)         Total (ms):               skipped
[23.938s][debug][gc,phases,ref  ] GC(123)       Notify and keep alive finalizable: 0.0ms
[23.938s][debug][gc,phases,ref  ] GC(123)         FinalRef (ms):            skipped
[23.938s][debug][gc,phases,ref  ] GC(123)       Notify PhantomReferences: 0.0ms
[23.938s][debug][gc,phases,ref  ] GC(123)         PhantomRef (ms):          skipped
[23.938s][debug][gc,phases,ref  ] GC(123)       SoftReference:
[23.938s][debug][gc,phases,ref  ] GC(123)         Discovered: 0
[23.938s][debug][gc,phases,ref  ] GC(123)         Cleared: 0
[23.938s][debug][gc,phases,ref  ] GC(123)       WeakReference:
[23.938s][debug][gc,phases,ref  ] GC(123)         Discovered: 0
[23.938s][debug][gc,phases,ref  ] GC(123)         Cleared: 0
[23.938s][debug][gc,phases,ref  ] GC(123)       FinalReference:
[23.938s][debug][gc,phases,ref  ] GC(123)         Discovered: 0
[23.938s][debug][gc,phases,ref  ] GC(123)         Cleared: 0
[23.938s][debug][gc,phases,ref  ] GC(123)       PhantomReference:
[23.938s][debug][gc,phases,ref  ] GC(123)         Discovered: 0
[23.938s][debug][gc,phases,ref  ] GC(123)         Cleared: 0
[23.938s][debug][gc,phases      ] GC(123)     Weak Processing: 0.1ms
[23.938s][debug][gc,phases      ] GC(123)       JVMTI weak processing: 0.0ms
[23.938s][debug][gc,phases      ] GC(123)         Dead: 0
[23.938s][debug][gc,phases      ] GC(123)         Total: 0
[23.938s][debug][gc,phases      ] GC(123)       JFR weak processing: 0.0ms
[23.938s][debug][gc,phases      ] GC(123)         Dead: 0
[23.938s][debug][gc,phases      ] GC(123)         Total: 0
[23.938s][debug][gc,phases      ] GC(123)       JNI weak                  Min:  0.0, Avg:  0.0, Max:  0.0, Diff:  0.0, Sum:  0.0, Workers: 5
[23.938s][debug][gc,phases      ] GC(123)         Dead                      Min: 0, Avg:  0.0, Max: 0, Diff: 0, Sum: 0, Workers: 5
[23.938s][debug][gc,phases      ] GC(123)         Total                     Min: 0, Avg: 13.4, Max: 52, Diff: 52, Sum: 67, Workers: 5
[23.938s][debug][gc,phases      ] GC(123)       VM weak                   Min:  0.0, Avg:  0.0, Max:  0.0, Diff:  0.0, Sum:  0.0, Workers: 5
[23.938s][debug][gc,phases      ] GC(123)         Dead                      Min: 0, Avg:  0.0, Max: 0, Diff: 0, Sum: 0, Workers: 5
[23.938s][debug][gc,phases      ] GC(123)         Total                     Min: 0, Avg: 47.6, Max: 64, Diff: 64, Sum: 238, Workers: 5
[23.938s][debug][gc,phases      ] GC(123)       StringTable weak          Min:  0.0, Avg:  0.0, Max:  0.0, Diff:  0.0, Sum:  0.1, Workers: 5
[23.938s][debug][gc,phases      ] GC(123)         Dead                      Min: 0, Avg:  0.0, Max: 0, Diff: 0, Sum: 0, Workers: 5
[23.938s][debug][gc,phases      ] GC(123)         Total                     Min: 0, Avg: 728.6, Max: 1022, Diff: 1022, Sum: 3643, Workers: 5
[23.938s][debug][gc,phases      ] GC(123)       ResolvedMethodTable weak  Min:  0.0, Avg:  0.0, Max:  0.0, Diff:  0.0, Sum:  0.0, Workers: 5
[23.938s][debug][gc,phases      ] GC(123)         Dead                      Min: 0, Avg:  0.0, Max: 0, Diff: 0, Sum: 0, Workers: 5
[23.938s][debug][gc,phases      ] GC(123)         Total                     Min: 0, Avg: 123.4, Max: 192, Diff: 192, Sum: 617, Workers: 5
[23.938s][debug][gc,phases      ] GC(123)     Merge Per-Thread State: 0.0ms
[23.938s][debug][gc,phases      ] GC(123)       Copied Bytes              Min: 0, Avg: 71.0, Max: 128, Diff: 128, Sum: 568, Workers: 8
[23.938s][debug][gc,phases      ] GC(123)       LAB Waste                 Min: 0, Avg:  0.0, Max: 0, Diff: 0, Sum: 0, Workers: 8
[23.938s][debug][gc,phases      ] GC(123)       LAB Undo Waste            Min: 0, Avg:  0.0, Max: 0, Diff: 0, Sum: 0, Workers: 8
[23.938s][debug][gc,phases      ] GC(123)     Code Roots Purge: 0.0ms
[23.938s][debug][gc,phases      ] GC(123)     Redirty Cards: 0.0ms
[23.938s][debug][gc,phases      ] GC(123)     DerivedPointerTable Update: 0.0ms
[23.938s][debug][gc,phases      ] GC(123)     Free Collection Set: 0.2ms
[23.938s][debug][gc,phases      ] GC(123)     Rebuild Free List: 0.2ms
[23.938s][debug][gc,phases      ] GC(123)     Humongous Reclaim: 0.0ms
[23.938s][debug][gc,phases      ] GC(123)     Start New Collection Set: 0.0ms
[23.938s][debug][gc,phases      ] GC(123)     Resize TLABs: 0.0ms
[23.938s][debug][gc,phases      ] GC(123)     Expand Heap After Collection: 0.0ms
[23.938s][info ][gc,phases      ] GC(123)   Other: 0.3ms
[23.938s][info ][gc,heap        ] GC(123) Eden regions: 177->0(177)
[23.938s][info ][gc,heap        ] GC(123) Survivor regions: 1->1(23)
[23.938s][info ][gc,heap        ] GC(123) Old regions: 7->7
[23.938s][info ][gc,heap        ] GC(123) Archive regions: 2->2
[23.938s][info ][gc,heap        ] GC(123) Humongous regions: 0->0
[23.938s][info ][gc,metaspace   ] GC(123) Metaspace: 10703K(11136K)->10703K(11136K) NonClass: 9440K(9728K)->9440K(9728K) Class: 1263K(1408K)->1263K(1408K)
[23.938s][debug][gc,heap        ] GC(123) Heap after GC invocations=124 (full 1): garbage-first heap   total 305152K, used 4440K [0x0000000700000000, 0x0000000800000000)
[23.938s][debug][gc,heap        ] GC(123)   region size 1024K, 1 young (1024K), 1 survivors (1024K)
[23.938s][debug][gc,heap        ] GC(123)  Metaspace       used 10703K, capacity 10992K, committed 11136K, reserved 1058816K
[23.938s][debug][gc,heap        ] GC(123)   class space    used 1263K, capacity 1389K, committed 1408K, reserved 1048576K
[23.938s][info ][gc             ] GC(123) Pause Young (Normal) (G1 Evacuation Pause) 181M->4M(298M) 1.750ms
[23.938s][info ][gc,cpu         ] GC(123) User=0.00s Sys=0.00s Real=0.01s
[23.938s][info ][safepoint      ] Safepoint "G1CollectForAllocation", Time since last: 165613640 ns, Reaching safepoint: 170189 ns, At safepoint: 1922105 ns, Total: 2092294 ns
[24.106s][debug][gc,heap        ] GC(124) Heap before GC invocations=124 (full 1): garbage-first heap   total 305152K, used 185688K [0x0000000700000000, 0x0000000800000000)
[24.106s][debug][gc,heap        ] GC(124)   region size 1024K, 178 young (182272K), 1 survivors (1024K)
[24.106s][debug][gc,heap        ] GC(124)  Metaspace       used 10703K, capacity 10992K, committed 11136K, reserved 1058816K
[24.106s][debug][gc,heap        ] GC(124)   class space    used 1263K, capacity 1389K, committed 1408K, reserved 1048576K
[24.106s][info ][gc,start       ] GC(124) Pause Young (Normal) (G1 Evacuation Pause)
[24.106s][info ][gc,task        ] GC(124) Using 8 workers of 8 for evacuation
[24.106s][debug][gc,tlab        ] GC(124) TLAB totals: thrds: 8  refills: 710 max: 97 slow allocs: 0 max 0 waste:  1.2% gc: 1761152B max: 394280B slow: 410672B max: 56352B fast: 0B max: 0B
[24.106s][debug][gc,age         ] GC(124) Desired survivor size 12058624 bytes, new threshold 15 (max threshold 15)
[24.106s][debug][gc,alloc,region] GC(124) Mutator Allocation stats, regions: 177, wasted size: 0B ( 0.0%)
[24.106s][debug][gc,ergo        ] GC(124) Running G1 Merge Heap Roots using 8 workers for 178 regions
[24.106s][debug][gc,remset      ] GC(124) Visited cards 256 Total dirty 2048 (12.50%) Total old 747520 (0.03%)
[24.106s][debug][gc,ergo        ] GC(124) Running G1 Clear Card Table Task using 1 workers for 1 units of work for 179 regions.
[24.106s][debug][gc,ref         ] GC(124) Skipped phase1 of Reference Processing due to unavailable references
[24.106s][debug][gc,ref         ] GC(124) Skipped phase2 of Reference Processing due to unavailable references
[24.106s][debug][gc,ref         ] GC(124) Skipped phase3 of Reference Processing due to unavailable references
[24.106s][debug][gc,ref         ] GC(124) Skipped phase4 of Reference Processing due to unavailable references
[24.107s][debug][gc,ergo        ] GC(124) Running G1 Free Collection Set using 8 workers for collection set length 178 (298)
[24.107s][debug][gc,ergo        ] GC(124) Running G1 Rebuild Free List Task using 8 workers for rebuilding free list of 0 (4096) regions
[24.107s][trace][gc,age         ] GC(124) Age table with threshold 15 (max threshold 15)
[24.107s][trace][gc,age         ] GC(124) - age   1:        464 bytes,        464 total
[24.107s][debug][gc,plab        ] GC(124) Young PLAB allocation: allocated: 12384B, wasted: 0B, unused: 11920B, used: 464B, undo waste: 0B, 
[24.107s][debug][gc,plab        ] GC(124) Young other allocation: region end waste: 0B, regions filled: 1, direct allocated: 0B, failure used: 0B, failure wasted: 0B
[24.107s][debug][gc,plab        ] GC(124) Young sizing: calculated: 88B, actual: 2064B
[24.107s][debug][gc,plab        ] GC(124) Old PLAB allocation: allocated: 0B, wasted: 0B, unused: 0B, used: 0B, undo waste: 0B, 
[24.107s][debug][gc,plab        ] GC(124) Old other allocation: region end waste: 0B, regions filled: 1, direct allocated: 0B, failure used: 0B, failure wasted: 0B
[24.107s][debug][gc,plab        ] GC(124) Old sizing: calculated: 0B, actual: 2064B
[24.107s][debug][gc,ihop        ] GC(124) Basic information (value update), threshold: 140614041B (45.00), target occupancy: 312475648B, current occupancy: 4547152B, recent allocation size: 0B, recent allocation duration: 168.30ms, recent old gen allocation rate: 0.00B/s, recent marking phase length: 0.00ms
[24.107s][debug][gc,ihop        ] GC(124) Adaptive IHOP information (value update), threshold: 140614041B (47.37), internal target occupancy: 296851865B, occupancy: 4547152B, additional buffer size: 186646528B, predicted old gen allocation rate: 5115.26B/s, predicted marking phase length: 0.00ms, prediction active: false
[24.107s][debug][gc,ergo,refine ] GC(124) Concurrent refinement times: Logged Cards Scan time goal: 20.00ms Logged Cards Scan time: 0.00ms HCC time: 0.00ms
[24.107s][debug][gc,ergo,refine ] GC(124) Updated Refinement Zones: green: 2048, yellow: 6144, red: 10240
[24.107s][info ][gc,phases      ] GC(124)   Pre Evacuate Collection Set: 0.1ms
[24.107s][debug][gc,phases      ] GC(124)     Prepare TLABs: 0.0ms
[24.107s][debug][gc,phases      ] GC(124)     Choose Collection Set: 0.0ms
[24.107s][debug][gc,phases      ] GC(124)     Region Register: 0.1ms
[24.107s][debug][gc,phases      ] GC(124)     Prepare Heap Roots: 0.0ms
[24.107s][info ][gc,phases      ] GC(124)   Merge Heap Roots: 0.1ms
[24.107s][debug][gc,phases      ] GC(124)     Prepare Merge Heap Roots: 0.0ms
[24.107s][debug][gc,phases      ] GC(124)     Eager Reclaim (ms):       skipped
[24.107s][debug][gc,phases      ] GC(124)     Remembered Sets (ms):     Min:  0.0, Avg:  0.0, Max:  0.0, Diff:  0.0, Sum:  0.1, Workers: 8
[24.107s][debug][gc,phases      ] GC(124)       Merged Sparse:            Min: 0, Avg:  0.0, Max: 0, Diff: 0, Sum: 0, Workers: 8
[24.107s][debug][gc,phases      ] GC(124)       Merged Fine:              Min: 0, Avg:  0.0, Max: 0, Diff: 0, Sum: 0, Workers: 8
[24.107s][debug][gc,phases      ] GC(124)       Merged Coarse:            Min: 0, Avg:  0.0, Max: 0, Diff: 0, Sum: 0, Workers: 8
[24.107s][debug][gc,phases      ] GC(124)       Dirty Cards:              Min: 0, Avg:  0.0, Max: 0, Diff: 0, Sum: 0, Workers: 8
[24.107s][debug][gc,phases      ] GC(124)     Hot Card Cache (ms):      Min:  0.0, Avg:  0.0, Max:  0.0, Diff:  0.0, Sum:  0.0, Workers: 8
[24.107s][debug][gc,phases      ] GC(124)       Dirty Cards:              Min: 0, Avg:  0.0, Max: 0, Diff: 0, Sum: 0, Workers: 8
[24.107s][debug][gc,phases      ] GC(124)       Skipped Cards:            Min: 0, Avg:  0.0, Max: 0, Diff: 0, Sum: 0, Workers: 8
[24.107s][debug][gc,phases      ] GC(124)     Log Buffers (ms):         Min:  0.0, Avg:  0.0, Max:  0.0, Diff:  0.0, Sum:  0.0, Workers: 8
[24.107s][debug][gc,phases      ] GC(124)       Dirty Cards:              Min: 0, Avg:  0.1, Max: 1, Diff: 1, Sum: 1, Workers: 8
[24.107s][debug][gc,phases      ] GC(124)       Skipped Cards:            Min: 0, Avg:  0.0, Max: 0, Diff: 0, Sum: 0, Workers: 8
[24.107s][info ][gc,phases      ] GC(124)   Evacuate Collection Set: 0.2ms
[24.107s][debug][gc,phases      ] GC(124)     Ext Root Scanning (ms):   Min:  0.0, Avg:  0.0, Max:  0.1, Diff:  0.1, Sum:  0.3, Workers: 8
[24.107s][debug][gc,phases      ] GC(124)     Scan Heap Roots (ms):     Min:  0.0, Avg:  0.0, Max:  0.0, Diff:  0.0, Sum:  0.0, Workers: 8
[24.107s][debug][gc,phases      ] GC(124)       Scanned Cards:            Min: 0, Avg:  0.1, Max: 1, Diff: 1, Sum: 1, Workers: 8
[24.107s][debug][gc,phases      ] GC(124)       Scanned Blocks:           Min: 0, Avg:  0.1, Max: 1, Diff: 1, Sum: 1, Workers: 8
[24.107s][debug][gc,phases      ] GC(124)       Claimed Chunks:           Min: 0, Avg:  0.1, Max: 1, Diff: 1, Sum: 1, Workers: 8
[24.107s][debug][gc,phases      ] GC(124)     Code Root Scan (ms):      Min:  0.0, Avg:  0.0, Max:  0.0, Diff:  0.0, Sum:  0.0, Workers: 8
[24.107s][debug][gc,phases      ] GC(124)     Object Copy (ms):         Min:  0.0, Avg:  0.0, Max:  0.0, Diff:  0.0, Sum:  0.0, Workers: 8
[24.107s][debug][gc,phases      ] GC(124)     Termination (ms):         Min:  0.1, Avg:  0.1, Max:  0.1, Diff:  0.0, Sum:  0.7, Workers: 8
[24.107s][debug][gc,phases      ] GC(124)       Termination Attempts:     Min: 1, Avg:  1.0, Max: 1, Diff: 0, Sum: 8, Workers: 8
[24.107s][debug][gc,phases      ] GC(124)     GC Worker Other (ms):     Min:  0.0, Avg:  0.0, Max:  0.0, Diff:  0.0, Sum:  0.2, Workers: 8
[24.107s][debug][gc,phases      ] GC(124)     GC Worker Total (ms):     Min:  0.1, Avg:  0.2, Max:  0.2, Diff:  0.1, Sum:  1.3, Workers: 8
[24.107s][info ][gc,phases      ] GC(124)   Post Evacuate Collection Set: 0.3ms
[24.107s][debug][gc,phases      ] GC(124)     Code Roots Fixup: 0.0ms
[24.107s][debug][gc,phases      ] GC(124)     Clear Card Table: 0.1ms
[24.107s][debug][gc,phases      ] GC(124)     Reference Processing: 0.0ms
[24.107s][debug][gc,phases,ref  ] GC(124)       Reconsider SoftReferences: 0.0ms
[24.107s][debug][gc,phases,ref  ] GC(124)         SoftRef (ms):             skipped
[24.107s][debug][gc,phases,ref  ] GC(124)       Notify Soft/WeakReferences: 0.0ms
[24.107s][debug][gc,phases,ref  ] GC(124)         SoftRef (ms):             skipped
[24.107s][debug][gc,phases,ref  ] GC(124)         WeakRef (ms):             skipped
[24.107s][debug][gc,phases,ref  ] GC(124)         FinalRef (ms):            skipped
[24.107s][debug][gc,phases,ref  ] GC(124)         Total (ms):               skipped
[24.107s][debug][gc,phases,ref  ] GC(124)       Notify and keep alive finalizable: 0.0ms
[24.107s][debug][gc,phases,ref  ] GC(124)         FinalRef (ms):            skipped
[24.107s][debug][gc,phases,ref  ] GC(124)       Notify PhantomReferences: 0.0ms
[24.107s][debug][gc,phases,ref  ] GC(124)         PhantomRef (ms):          skipped
[24.107s][debug][gc,phases,ref  ] GC(124)       SoftReference:
[24.107s][debug][gc,phases,ref  ] GC(124)         Discovered: 0
[24.107s][debug][gc,phases,ref  ] GC(124)         Cleared: 0
[24.107s][debug][gc,phases,ref  ] GC(124)       WeakReference:
[24.107s][debug][gc,phases,ref  ] GC(124)         Discovered: 0
[24.107s][debug][gc,phases,ref  ] GC(124)         Cleared: 0
[24.107s][debug][gc,phases,ref  ] GC(124)       FinalReference:
[24.107s][debug][gc,phases,ref  ] GC(124)         Discovered: 0
[24.107s][debug][gc,phases,ref  ] GC(124)         Cleared: 0
[24.107s][debug][gc,phases,ref  ] GC(124)       PhantomReference:
[24.107s][debug][gc,phases,ref  ] GC(124)         Discovered: 0
[24.107s][debug][gc,phases,ref  ] GC(124)         Cleared: 0
[24.107s][debug][gc,phases      ] GC(124)     Weak Processing: 0.1ms
[24.107s][debug][gc,phases      ] GC(124)       JVMTI weak processing: 0.0ms
[24.107s][debug][gc,phases      ] GC(124)         Dead: 0
[24.107s][debug][gc,phases      ] GC(124)         Total: 0
[24.107s][debug][gc,phases      ] GC(124)       JFR weak processing: 0.0ms
[24.107s][debug][gc,phases      ] GC(124)         Dead: 0
[24.107s][debug][gc,phases      ] GC(124)         Total: 0
[24.107s][debug][gc,phases      ] GC(124)       JNI weak                  Min:  0.0, Avg:  0.0, Max:  0.0, Diff:  0.0, Sum:  0.0, Workers: 5
[24.107s][debug][gc,phases      ] GC(124)         Dead                      Min: 0, Avg:  0.0, Max: 0, Diff: 0, Sum: 0, Workers: 5
[24.107s][debug][gc,phases      ] GC(124)         Total                     Min: 0, Avg: 13.4, Max: 67, Diff: 67, Sum: 67, Workers: 5
[24.107s][debug][gc,phases      ] GC(124)       VM weak                   Min:  0.0, Avg:  0.0, Max:  0.0, Diff:  0.0, Sum:  0.0, Workers: 5
[24.107s][debug][gc,phases      ] GC(124)         Dead                      Min: 0, Avg:  0.0, Max: 0, Diff: 0, Sum: 0, Workers: 5
[24.107s][debug][gc,phases      ] GC(124)         Total                     Min: 0, Avg: 47.6, Max: 238, Diff: 238, Sum: 238, Workers: 5
[24.107s][debug][gc,phases      ] GC(124)       StringTable weak          Min:  0.0, Avg:  0.0, Max:  0.0, Diff:  0.0, Sum:  0.0, Workers: 5
[24.107s][debug][gc,phases      ] GC(124)         Dead                      Min: 0, Avg:  0.0, Max: 0, Diff: 0, Sum: 0, Workers: 5
[24.107s][debug][gc,phases      ] GC(124)         Total                     Min: 0, Avg: 728.6, Max: 3643, Diff: 3643, Sum: 3643, Workers: 5
[24.107s][debug][gc,phases      ] GC(124)       ResolvedMethodTable weak  Min:  0.0, Avg:  0.0, Max:  0.0, Diff:  0.0, Sum:  0.0, Workers: 5
[24.107s][debug][gc,phases      ] GC(124)         Dead                      Min: 0, Avg:  0.0, Max: 0, Diff: 0, Sum: 0, Workers: 5
[24.107s][debug][gc,phases      ] GC(124)         Total                     Min: 0, Avg: 123.4, Max: 320, Diff: 320, Sum: 617, Workers: 5
[24.107s][debug][gc,phases      ] GC(124)     Merge Per-Thread State: 0.0ms
[24.107s][debug][gc,phases      ] GC(124)       Copied Bytes              Min: 0, Avg: 58.0, Max: 104, Diff: 104, Sum: 464, Workers: 8
[24.107s][debug][gc,phases      ] GC(124)       LAB Waste                 Min: 0, Avg:  0.0, Max: 0, Diff: 0, Sum: 0, Workers: 8
[24.107s][debug][gc,phases      ] GC(124)       LAB Undo Waste            Min: 0, Avg:  0.0, Max: 0, Diff: 0, Sum: 0, Workers: 8
[24.107s][debug][gc,phases      ] GC(124)     Code Roots Purge: 0.0ms
[24.107s][debug][gc,phases      ] GC(124)     Redirty Cards: 0.0ms
[24.107s][debug][gc,phases      ] GC(124)     DerivedPointerTable Update: 0.0ms
[24.107s][debug][gc,phases      ] GC(124)     Free Collection Set: 0.1ms
[24.107s][debug][gc,phases      ] GC(124)     Rebuild Free List: 0.1ms
[24.107s][debug][gc,phases      ] GC(124)     Humongous Reclaim: 0.0ms
[24.107s][debug][gc,phases      ] GC(124)     Start New Collection Set: 0.0ms
[24.107s][debug][gc,phases      ] GC(124)     Resize TLABs: 0.0ms
[24.107s][debug][gc,phases      ] GC(124)     Expand Heap After Collection: 0.0ms
[24.107s][info ][gc,phases      ] GC(124)   Other: 0.3ms
[24.107s][info ][gc,heap        ] GC(124) Eden regions: 177->0(177)
[24.107s][info ][gc,heap        ] GC(124) Survivor regions: 1->1(23)
[24.107s][info ][gc,heap        ] GC(124) Old regions: 7->7
[24.107s][info ][gc,heap        ] GC(124) Archive regions: 2->2
[24.107s][info ][gc,heap        ] GC(124) Humongous regions: 0->0
[24.107s][info ][gc,metaspace   ] GC(124) Metaspace: 10703K(11136K)->10703K(11136K) NonClass: 9440K(9728K)->9440K(9728K) Class: 1263K(1408K)->1263K(1408K)
[24.107s][debug][gc,heap        ] GC(124) Heap after GC invocations=125 (full 1): garbage-first heap   total 305152K, used 4440K [0x0000000700000000, 0x0000000800000000)
[24.107s][debug][gc,heap        ] GC(124)   region size 1024K, 1 young (1024K), 1 survivors (1024K)
[24.107s][debug][gc,heap        ] GC(124)  Metaspace       used 10703K, capacity 10992K, committed 11136K, reserved 1058816K
[24.107s][debug][gc,heap        ] GC(124)   class space    used 1263K, capacity 1389K, committed 1408K, reserved 1048576K
[24.107s][info ][gc             ] GC(124) Pause Young (Normal) (G1 Evacuation Pause) 181M->4M(298M) 1.527ms
[24.107s][info ][gc,cpu         ] GC(124) User=0.00s Sys=0.00s Real=0.00s
[24.108s][info ][safepoint      ] Safepoint "G1CollectForAllocation", Time since last: 167295269 ns, Reaching safepoint: 170250 ns, At safepoint: 1712337 ns, Total: 1882587 ns
[24.273s][debug][gc,heap        ] GC(125) Heap before GC invocations=125 (full 1): garbage-first heap   total 305152K, used 185688K [0x0000000700000000, 0x0000000800000000)
[24.273s][debug][gc,heap        ] GC(125)   region size 1024K, 178 young (182272K), 1 survivors (1024K)
[24.273s][debug][gc,heap        ] GC(125)  Metaspace       used 10703K, capacity 10992K, committed 11136K, reserved 1058816K
[24.273s][debug][gc,heap        ] GC(125)   class space    used 1263K, capacity 1389K, committed 1408K, reserved 1048576K
[24.273s][info ][gc,start       ] GC(125) Pause Young (Normal) (G1 Evacuation Pause)
[24.273s][info ][gc,task        ] GC(125) Using 8 workers of 8 for evacuation
[24.273s][debug][gc,tlab        ] GC(125) TLAB totals: thrds: 8  refills: 709 max: 92 slow allocs: 0 max 0 waste:  0.9% gc: 1303416B max: 381848B slow: 409424B max: 53184B fast: 0B max: 0B
[24.273s][debug][gc,age         ] GC(125) Desired survivor size 12058624 bytes, new threshold 15 (max threshold 15)
[24.273s][debug][gc,alloc,region] GC(125) Mutator Allocation stats, regions: 177, wasted size: 0B ( 0.0%)
[24.273s][debug][gc,ergo        ] GC(125) Running G1 Merge Heap Roots using 8 workers for 178 regions
[24.274s][debug][gc,remset      ] GC(125) Visited cards 256 Total dirty 2048 (12.50%) Total old 747520 (0.03%)
[24.274s][debug][gc,ergo        ] GC(125) Running G1 Clear Card Table Task using 1 workers for 1 units of work for 179 regions.
[24.274s][debug][gc,ref         ] GC(125) Skipped phase1 of Reference Processing due to unavailable references
[24.274s][debug][gc,ref         ] GC(125) Skipped phase2 of Reference Processing due to unavailable references
[24.274s][debug][gc,ref         ] GC(125) Skipped phase3 of Reference Processing due to unavailable references
[24.274s][debug][gc,ref         ] GC(125) Skipped phase4 of Reference Processing due to unavailable references
[24.274s][debug][gc,ergo        ] GC(125) Running G1 Free Collection Set using 8 workers for collection set length 178 (298)
[24.274s][debug][gc,ergo        ] GC(125) Running G1 Rebuild Free List Task using 8 workers for rebuilding free list of 0 (4096) regions
[24.274s][trace][gc,age         ] GC(125) Age table with threshold 15 (max threshold 15)
[24.274s][trace][gc,age         ] GC(125) - age   1:        312 bytes,        312 total
[24.274s][debug][gc,plab        ] GC(125) Young PLAB allocation: allocated: 8256B, wasted: 0B, unused: 7944B, used: 312B, undo waste: 0B, 
[24.274s][debug][gc,plab        ] GC(125) Young other allocation: region end waste: 0B, regions filled: 1, direct allocated: 0B, failure used: 0B, failure wasted: 0B
[24.274s][debug][gc,plab        ] GC(125) Young sizing: calculated: 56B, actual: 2064B
[24.274s][debug][gc,plab        ] GC(125) Old PLAB allocation: allocated: 0B, wasted: 0B, unused: 0B, used: 0B, undo waste: 0B, 
[24.274s][debug][gc,plab        ] GC(125) Old other allocation: region end waste: 0B, regions filled: 1, direct allocated: 0B, failure used: 0B, failure wasted: 0B
[24.274s][debug][gc,plab        ] GC(125) Old sizing: calculated: 0B, actual: 2064B
[24.274s][debug][gc,ihop        ] GC(125) Basic information (value update), threshold: 140614041B (45.00), target occupancy: 312475648B, current occupancy: 4543024B, recent allocation size: 0B, recent allocation duration: 166.45ms, recent old gen allocation rate: 0.00B/s, recent marking phase length: 0.00ms
[24.274s][debug][gc,ihop        ] GC(125) Adaptive IHOP information (value update), threshold: 140614041B (47.37), internal target occupancy: 296851865B, occupancy: 4543024B, additional buffer size: 186646528B, predicted old gen allocation rate: 4976.95B/s, predicted marking phase length: 0.00ms, prediction active: false
[24.274s][debug][gc,ergo,refine ] GC(125) Concurrent refinement times: Logged Cards Scan time goal: 19.99ms Logged Cards Scan time: 0.00ms HCC time: 0.01ms
[24.274s][debug][gc,ergo,refine ] GC(125) Updated Refinement Zones: green: 2048, yellow: 6144, red: 10240
[24.274s][info ][gc,phases      ] GC(125)   Pre Evacuate Collection Set: 0.1ms
[24.274s][debug][gc,phases      ] GC(125)     Prepare TLABs: 0.0ms
[24.274s][debug][gc,phases      ] GC(125)     Choose Collection Set: 0.0ms
[24.274s][debug][gc,phases      ] GC(125)     Region Register: 0.1ms
[24.274s][debug][gc,phases      ] GC(125)     Prepare Heap Roots: 0.0ms
[24.274s][info ][gc,phases      ] GC(125)   Merge Heap Roots: 0.1ms
[24.274s][debug][gc,phases      ] GC(125)     Prepare Merge Heap Roots: 0.0ms
[24.274s][debug][gc,phases      ] GC(125)     Eager Reclaim (ms):       skipped
[24.274s][debug][gc,phases      ] GC(125)     Remembered Sets (ms):     Min:  0.0, Avg:  0.0, Max:  0.0, Diff:  0.0, Sum:  0.0, Workers: 8
[24.274s][debug][gc,phases      ] GC(125)       Merged Sparse:            Min: 0, Avg:  0.0, Max: 0, Diff: 0, Sum: 0, Workers: 8
[24.274s][debug][gc,phases      ] GC(125)       Merged Fine:              Min: 0, Avg:  0.0, Max: 0, Diff: 0, Sum: 0, Workers: 8
[24.274s][debug][gc,phases      ] GC(125)       Merged Coarse:            Min: 0, Avg:  0.0, Max: 0, Diff: 0, Sum: 0, Workers: 8
[24.274s][debug][gc,phases      ] GC(125)       Dirty Cards:              Min: 0, Avg:  0.0, Max: 0, Diff: 0, Sum: 0, Workers: 8
[24.274s][debug][gc,phases      ] GC(125)     Hot Card Cache (ms):      Min:  0.0, Avg:  0.0, Max:  0.0, Diff:  0.0, Sum:  0.0, Workers: 8
[24.274s][debug][gc,phases      ] GC(125)       Dirty Cards:              Min: 0, Avg:  0.0, Max: 0, Diff: 0, Sum: 0, Workers: 8
[24.274s][debug][gc,phases      ] GC(125)       Skipped Cards:            Min: 0, Avg:  0.0, Max: 0, Diff: 0, Sum: 0, Workers: 8
[24.274s][debug][gc,phases      ] GC(125)     Log Buffers (ms):         Min:  0.0, Avg:  0.0, Max:  0.0, Diff:  0.0, Sum:  0.0, Workers: 8
[24.274s][debug][gc,phases      ] GC(125)       Dirty Cards:              Min: 0, Avg:  0.1, Max: 1, Diff: 1, Sum: 1, Workers: 8
[24.274s][debug][gc,phases      ] GC(125)       Skipped Cards:            Min: 0, Avg:  0.0, Max: 0, Diff: 0, Sum: 0, Workers: 8
[24.274s][info ][gc,phases      ] GC(125)   Evacuate Collection Set: 0.2ms
[24.274s][debug][gc,phases      ] GC(125)     Ext Root Scanning (ms):   Min:  0.0, Avg:  0.0, Max:  0.1, Diff:  0.1, Sum:  0.4, Workers: 8
[24.274s][debug][gc,phases      ] GC(125)     Scan Heap Roots (ms):     Min:  0.0, Avg:  0.0, Max:  0.0, Diff:  0.0, Sum:  0.0, Workers: 8
[24.274s][debug][gc,phases      ] GC(125)       Scanned Cards:            Min: 0, Avg:  0.1, Max: 1, Diff: 1, Sum: 1, Workers: 8
[24.274s][debug][gc,phases      ] GC(125)       Scanned Blocks:           Min: 0, Avg:  0.1, Max: 1, Diff: 1, Sum: 1, Workers: 8
[24.274s][debug][gc,phases      ] GC(125)       Claimed Chunks:           Min: 0, Avg:  0.1, Max: 1, Diff: 1, Sum: 1, Workers: 8
[24.274s][debug][gc,phases      ] GC(125)     Code Root Scan (ms):      Min:  0.0, Avg:  0.0, Max:  0.0, Diff:  0.0, Sum:  0.0, Workers: 8
[24.274s][debug][gc,phases      ] GC(125)     Object Copy (ms):         Min:  0.0, Avg:  0.0, Max:  0.0, Diff:  0.0, Sum:  0.0, Workers: 8
[24.274s][debug][gc,phases      ] GC(125)     Termination (ms):         Min:  0.1, Avg:  0.1, Max:  0.1, Diff:  0.0, Sum:  0.6, Workers: 8
[24.274s][debug][gc,phases      ] GC(125)       Termination Attempts:     Min: 1, Avg:  1.0, Max: 1, Diff: 0, Sum: 8, Workers: 8
[24.274s][debug][gc,phases      ] GC(125)     GC Worker Other (ms):     Min:  0.0, Avg:  0.0, Max:  0.0, Diff:  0.0, Sum:  0.2, Workers: 8
[24.274s][debug][gc,phases      ] GC(125)     GC Worker Total (ms):     Min:  0.1, Avg:  0.2, Max:  0.2, Diff:  0.1, Sum:  1.2, Workers: 8
[24.274s][info ][gc,phases      ] GC(125)   Post Evacuate Collection Set: 0.4ms
[24.274s][debug][gc,phases      ] GC(125)     Code Roots Fixup: 0.0ms
[24.274s][debug][gc,phases      ] GC(125)     Clear Card Table: 0.1ms
[24.274s][debug][gc,phases      ] GC(125)     Reference Processing: 0.0ms
[24.274s][debug][gc,phases,ref  ] GC(125)       Reconsider SoftReferences: 0.0ms
[24.274s][debug][gc,phases,ref  ] GC(125)         SoftRef (ms):             skipped
[24.274s][debug][gc,phases,ref  ] GC(125)       Notify Soft/WeakReferences: 0.0ms
[24.274s][debug][gc,phases,ref  ] GC(125)         SoftRef (ms):             skipped
[24.274s][debug][gc,phases,ref  ] GC(125)         WeakRef (ms):             skipped
[24.274s][debug][gc,phases,ref  ] GC(125)         FinalRef (ms):            skipped
[24.274s][debug][gc,phases,ref  ] GC(125)         Total (ms):               skipped
[24.274s][debug][gc,phases,ref  ] GC(125)       Notify and keep alive finalizable: 0.0ms
[24.274s][debug][gc,phases,ref  ] GC(125)         FinalRef (ms):            skipped
[24.274s][debug][gc,phases,ref  ] GC(125)       Notify PhantomReferences: 0.0ms
[24.274s][debug][gc,phases,ref  ] GC(125)         PhantomRef (ms):          skipped
[24.274s][debug][gc,phases,ref  ] GC(125)       SoftReference:
[24.275s][debug][gc,phases,ref  ] GC(125)         Discovered: 0
[24.275s][debug][gc,phases,ref  ] GC(125)         Cleared: 0
[24.275s][debug][gc,phases,ref  ] GC(125)       WeakReference:
[24.275s][debug][gc,phases,ref  ] GC(125)         Discovered: 0
[24.275s][debug][gc,phases,ref  ] GC(125)         Cleared: 0
[24.275s][debug][gc,phases,ref  ] GC(125)       FinalReference:
[24.275s][debug][gc,phases,ref  ] GC(125)         Discovered: 0
[24.275s][debug][gc,phases,ref  ] GC(125)         Cleared: 0
[24.275s][debug][gc,phases,ref  ] GC(125)       PhantomReference:
[24.275s][debug][gc,phases,ref  ] GC(125)         Discovered: 0
[24.275s][debug][gc,phases,ref  ] GC(125)         Cleared: 0
[24.275s][debug][gc,phases      ] GC(125)     Weak Processing: 0.1ms
[24.275s][debug][gc,phases      ] GC(125)       JVMTI weak processing: 0.0ms
[24.275s][debug][gc,phases      ] GC(125)         Dead: 0
[24.275s][debug][gc,phases      ] GC(125)         Total: 0
[24.275s][debug][gc,phases      ] GC(125)       JFR weak processing: 0.0ms
[24.275s][debug][gc,phases      ] GC(125)         Dead: 0
[24.275s][debug][gc,phases      ] GC(125)         Total: 0
[24.275s][debug][gc,phases      ] GC(125)       JNI weak                  Min:  0.0, Avg:  0.0, Max:  0.0, Diff:  0.0, Sum:  0.1, Workers: 5
[24.275s][debug][gc,phases      ] GC(125)         Dead                      Min: 0, Avg:  0.0, Max: 0, Diff: 0, Sum: 0, Workers: 5
[24.275s][debug][gc,phases      ] GC(125)         Total                     Min: 0, Avg: 13.4, Max: 67, Diff: 67, Sum: 67, Workers: 5
[24.275s][debug][gc,phases      ] GC(125)       VM weak                   Min:  0.0, Avg:  0.0, Max:  0.0, Diff:  0.0, Sum:  0.0, Workers: 5
[24.275s][debug][gc,phases      ] GC(125)         Dead                      Min: 0, Avg:  0.0, Max: 0, Diff: 0, Sum: 0, Workers: 5
[24.275s][debug][gc,phases      ] GC(125)         Total                     Min: 0, Avg: 47.6, Max: 238, Diff: 238, Sum: 238, Workers: 5
[24.275s][debug][gc,phases      ] GC(125)       StringTable weak          Min:  0.0, Avg:  0.0, Max:  0.1, Diff:  0.1, Sum:  0.1, Workers: 5
[24.275s][debug][gc,phases      ] GC(125)         Dead                      Min: 0, Avg:  0.0, Max: 0, Diff: 0, Sum: 0, Workers: 5
[24.275s][debug][gc,phases      ] GC(125)         Total                     Min: 0, Avg: 728.6, Max: 3003, Diff: 3003, Sum: 3643, Workers: 5
[24.275s][debug][gc,phases      ] GC(125)       ResolvedMethodTable weak  Min:  0.0, Avg:  0.0, Max:  0.0, Diff:  0.0, Sum:  0.0, Workers: 5
[24.275s][debug][gc,phases      ] GC(125)         Dead                      Min: 0, Avg:  0.0, Max: 0, Diff: 0, Sum: 0, Workers: 5
[24.275s][debug][gc,phases      ] GC(125)         Total                     Min: 0, Avg: 123.4, Max: 192, Diff: 192, Sum: 617, Workers: 5
[24.275s][debug][gc,phases      ] GC(125)     Merge Per-Thread State: 0.0ms
[24.275s][debug][gc,phases      ] GC(125)       Copied Bytes              Min: 0, Avg: 39.0, Max: 104, Diff: 104, Sum: 312, Workers: 8
[24.275s][debug][gc,phases      ] GC(125)       LAB Waste                 Min: 0, Avg:  0.0, Max: 0, Diff: 0, Sum: 0, Workers: 8
[24.275s][debug][gc,phases      ] GC(125)       LAB Undo Waste            Min: 0, Avg:  0.0, Max: 0, Diff: 0, Sum: 0, Workers: 8
[24.275s][debug][gc,phases      ] GC(125)     Code Roots Purge: 0.0ms
[24.275s][debug][gc,phases      ] GC(125)     Redirty Cards: 0.0ms
[24.275s][debug][gc,phases      ] GC(125)     DerivedPointerTable Update: 0.0ms
[24.275s][debug][gc,phases      ] GC(125)     Free Collection Set: 0.1ms
[24.275s][debug][gc,phases      ] GC(125)     Rebuild Free List: 0.0ms
[24.275s][debug][gc,phases      ] GC(125)     Humongous Reclaim: 0.0ms
[24.275s][debug][gc,phases      ] GC(125)     Start New Collection Set: 0.0ms
[24.275s][debug][gc,phases      ] GC(125)     Resize TLABs: 0.0ms
[24.275s][debug][gc,phases      ] GC(125)     Expand Heap After Collection: 0.0ms
[24.275s][info ][gc,phases      ] GC(125)   Other: 0.3ms
[24.275s][info ][gc,heap        ] GC(125) Eden regions: 177->0(177)
[24.275s][info ][gc,heap        ] GC(125) Survivor regions: 1->1(23)
[24.275s][info ][gc,heap        ] GC(125) Old regions: 7->7
[24.275s][info ][gc,heap        ] GC(125) Archive regions: 2->2
[24.275s][info ][gc,heap        ] GC(125) Humongous regions: 0->0
[24.275s][info ][gc,metaspace   ] GC(125) Metaspace: 10703K(11136K)->10703K(11136K) NonClass: 9440K(9728K)->9440K(9728K) Class: 1263K(1408K)->1263K(1408K)
[24.275s][debug][gc,heap        ] GC(125) Heap after GC invocations=126 (full 1): garbage-first heap   total 305152K, used 4436K [0x0000000700000000, 0x0000000800000000)
[24.275s][debug][gc,heap        ] GC(125)   region size 1024K, 1 young (1024K), 1 survivors (1024K)
[24.275s][debug][gc,heap        ] GC(125)  Metaspace       used 10703K, capacity 10992K, committed 11136K, reserved 1058816K
[24.275s][debug][gc,heap        ] GC(125)   class space    used 1263K, capacity 1389K, committed 1408K, reserved 1048576K
[24.275s][info ][gc             ] GC(125) Pause Young (Normal) (G1 Evacuation Pause) 181M->4M(298M) 1.590ms
[24.275s][info ][gc,cpu         ] GC(125) User=0.00s Sys=0.00s Real=0.00s
[24.275s][info ][safepoint      ] Safepoint "G1CollectForAllocation", Time since last: 165519902 ns, Reaching safepoint: 88921 ns, At safepoint: 1772553 ns, Total: 1861474 ns
[24.442s][debug][gc,heap        ] GC(126) Heap before GC invocations=126 (full 1): garbage-first heap   total 305152K, used 185684K [0x0000000700000000, 0x0000000800000000)
[24.442s][debug][gc,heap        ] GC(126)   region size 1024K, 178 young (182272K), 1 survivors (1024K)
[24.442s][debug][gc,heap        ] GC(126)  Metaspace       used 10703K, capacity 10992K, committed 11136K, reserved 1058816K
[24.442s][debug][gc,heap        ] GC(126)   class space    used 1263K, capacity 1389K, committed 1408K, reserved 1048576K
[24.442s][info ][gc,start       ] GC(126) Pause Young (Normal) (G1 Evacuation Pause)
[24.442s][info ][gc,task        ] GC(126) Using 8 workers of 8 for evacuation
[24.442s][debug][gc,tlab        ] GC(126) TLAB totals: thrds: 8  refills: 711 max: 92 slow allocs: 0 max 0 waste:  1.0% gc: 1446888B max: 382768B slow: 412144B max: 53864B fast: 0B max: 0B
[24.442s][debug][gc,age         ] GC(126) Desired survivor size 12058624 bytes, new threshold 15 (max threshold 15)
[24.442s][debug][gc,alloc,region] GC(126) Mutator Allocation stats, regions: 177, wasted size: 0B ( 0.0%)
[24.443s][debug][gc,ergo        ] GC(126) Running G1 Merge Heap Roots using 8 workers for 178 regions
[24.443s][debug][gc,remset      ] GC(126) Visited cards 256 Total dirty 2048 (12.50%) Total old 747520 (0.03%)
[24.443s][debug][gc,ergo        ] GC(126) Running G1 Clear Card Table Task using 1 workers for 1 units of work for 179 regions.
[24.443s][debug][gc,ref         ] GC(126) Skipped phase1 of Reference Processing due to unavailable references
[24.443s][debug][gc,ref         ] GC(126) Skipped phase2 of Reference Processing due to unavailable references
[24.443s][debug][gc,ref         ] GC(126) Skipped phase3 of Reference Processing due to unavailable references
[24.443s][debug][gc,ref         ] GC(126) Skipped phase4 of Reference Processing due to unavailable references
[24.443s][debug][gc,ergo        ] GC(126) Running G1 Free Collection Set using 8 workers for collection set length 178 (298)
[24.443s][debug][gc,ergo        ] GC(126) Running G1 Rebuild Free List Task using 8 workers for rebuilding free list of 0 (4096) regions
[24.443s][trace][gc,age         ] GC(126) Age table with threshold 15 (max threshold 15)
[24.443s][trace][gc,age         ] GC(126) - age   1:        256 bytes,        256 total
[24.443s][debug][gc,plab        ] GC(126) Young PLAB allocation: allocated: 8256B, wasted: 0B, unused: 8000B, used: 256B, undo waste: 0B, 
[24.443s][debug][gc,plab        ] GC(126) Young other allocation: region end waste: 0B, regions filled: 1, direct allocated: 0B, failure used: 0B, failure wasted: 0B
[24.443s][debug][gc,plab        ] GC(126) Young sizing: calculated: 48B, actual: 2064B
[24.443s][debug][gc,plab        ] GC(126) Old PLAB allocation: allocated: 0B, wasted: 0B, unused: 0B, used: 0B, undo waste: 0B, 
[24.443s][debug][gc,plab        ] GC(126) Old other allocation: region end waste: 0B, regions filled: 1, direct allocated: 0B, failure used: 0B, failure wasted: 0B
[24.443s][debug][gc,plab        ] GC(126) Old sizing: calculated: 0B, actual: 2064B
[24.443s][debug][gc,ihop        ] GC(126) Basic information (value update), threshold: 140614041B (45.00), target occupancy: 312475648B, current occupancy: 4543024B, recent allocation size: 0B, recent allocation duration: 168.21ms, recent old gen allocation rate: 0.00B/s, recent marking phase length: 0.00ms
[24.443s][debug][gc,ihop        ] GC(126) Adaptive IHOP information (value update), threshold: 140614041B (47.37), internal target occupancy: 296851865B, occupancy: 4543024B, additional buffer size: 186646528B, predicted old gen allocation rate: 4842.58B/s, predicted marking phase length: 0.00ms, prediction active: false
[24.443s][debug][gc,ergo,refine ] GC(126) Concurrent refinement times: Logged Cards Scan time goal: 20.00ms Logged Cards Scan time: 0.00ms HCC time: 0.00ms
[24.443s][debug][gc,ergo,refine ] GC(126) Updated Refinement Zones: green: 2048, yellow: 6144, red: 10240
[24.443s][info ][gc,phases      ] GC(126)   Pre Evacuate Collection Set: 0.1ms
[24.443s][debug][gc,phases      ] GC(126)     Prepare TLABs: 0.0ms
[24.443s][debug][gc,phases      ] GC(126)     Choose Collection Set: 0.0ms
[24.443s][debug][gc,phases      ] GC(126)     Region Register: 0.1ms
[24.443s][debug][gc,phases      ] GC(126)     Prepare Heap Roots: 0.0ms
[24.443s][info ][gc,phases      ] GC(126)   Merge Heap Roots: 0.1ms
[24.443s][debug][gc,phases      ] GC(126)     Prepare Merge Heap Roots: 0.0ms
[24.443s][debug][gc,phases      ] GC(126)     Eager Reclaim (ms):       skipped
[24.443s][debug][gc,phases      ] GC(126)     Remembered Sets (ms):     Min:  0.0, Avg:  0.0, Max:  0.0, Diff:  0.0, Sum:  0.2, Workers: 8
[24.443s][debug][gc,phases      ] GC(126)       Merged Sparse:            Min: 0, Avg:  0.0, Max: 0, Diff: 0, Sum: 0, Workers: 8
[24.443s][debug][gc,phases      ] GC(126)       Merged Fine:              Min: 0, Avg:  0.0, Max: 0, Diff: 0, Sum: 0, Workers: 8
[24.443s][debug][gc,phases      ] GC(126)       Merged Coarse:            Min: 0, Avg:  0.0, Max: 0, Diff: 0, Sum: 0, Workers: 8
[24.443s][debug][gc,phases      ] GC(126)       Dirty Cards:              Min: 0, Avg:  0.0, Max: 0, Diff: 0, Sum: 0, Workers: 8
[24.443s][debug][gc,phases      ] GC(126)     Hot Card Cache (ms):      Min:  0.0, Avg:  0.0, Max:  0.0, Diff:  0.0, Sum:  0.0, Workers: 8
[24.443s][debug][gc,phases      ] GC(126)       Dirty Cards:              Min: 0, Avg:  0.0, Max: 0, Diff: 0, Sum: 0, Workers: 8
[24.443s][debug][gc,phases      ] GC(126)       Skipped Cards:            Min: 0, Avg:  0.0, Max: 0, Diff: 0, Sum: 0, Workers: 8
[24.443s][debug][gc,phases      ] GC(126)     Log Buffers (ms):         Min:  0.0, Avg:  0.0, Max:  0.0, Diff:  0.0, Sum:  0.0, Workers: 8
[24.443s][debug][gc,phases      ] GC(126)       Dirty Cards:              Min: 0, Avg:  0.1, Max: 1, Diff: 1, Sum: 1, Workers: 8
[24.443s][debug][gc,phases      ] GC(126)       Skipped Cards:            Min: 0, Avg:  0.0, Max: 0, Diff: 0, Sum: 0, Workers: 8
[24.443s][info ][gc,phases      ] GC(126)   Evacuate Collection Set: 0.2ms
[24.443s][debug][gc,phases      ] GC(126)     Ext Root Scanning (ms):   Min:  0.0, Avg:  0.0, Max:  0.1, Diff:  0.1, Sum:  0.2, Workers: 8
[24.443s][debug][gc,phases      ] GC(126)     Scan Heap Roots (ms):     Min:  0.0, Avg:  0.0, Max:  0.0, Diff:  0.0, Sum:  0.0, Workers: 8
[24.443s][debug][gc,phases      ] GC(126)       Scanned Cards:            Min: 0, Avg:  0.1, Max: 1, Diff: 1, Sum: 1, Workers: 8
[24.443s][debug][gc,phases      ] GC(126)       Scanned Blocks:           Min: 0, Avg:  0.1, Max: 1, Diff: 1, Sum: 1, Workers: 8
[24.443s][debug][gc,phases      ] GC(126)       Claimed Chunks:           Min: 0, Avg:  0.1, Max: 1, Diff: 1, Sum: 1, Workers: 8
[24.443s][debug][gc,phases      ] GC(126)     Code Root Scan (ms):      Min:  0.0, Avg:  0.0, Max:  0.0, Diff:  0.0, Sum:  0.0, Workers: 8
[24.443s][debug][gc,phases      ] GC(126)     Object Copy (ms):         Min:  0.0, Avg:  0.0, Max:  0.0, Diff:  0.0, Sum:  0.0, Workers: 8
[24.443s][debug][gc,phases      ] GC(126)     Termination (ms):         Min:  0.0, Avg:  0.0, Max:  0.1, Diff:  0.0, Sum:  0.4, Workers: 8
[24.443s][debug][gc,phases      ] GC(126)       Termination Attempts:     Min: 1, Avg:  1.0, Max: 1, Diff: 0, Sum: 8, Workers: 8
[24.443s][debug][gc,phases      ] GC(126)     GC Worker Other (ms):     Min:  0.0, Avg:  0.0, Max:  0.0, Diff:  0.0, Sum:  0.2, Workers: 8
[24.443s][debug][gc,phases      ] GC(126)     GC Worker Total (ms):     Min:  0.1, Avg:  0.1, Max:  0.1, Diff:  0.1, Sum:  0.8, Workers: 8
[24.443s][info ][gc,phases      ] GC(126)   Post Evacuate Collection Set: 0.4ms
[24.443s][debug][gc,phases      ] GC(126)     Code Roots Fixup: 0.0ms
[24.443s][debug][gc,phases      ] GC(126)     Clear Card Table: 0.1ms
[24.443s][debug][gc,phases      ] GC(126)     Reference Processing: 0.0ms
[24.443s][debug][gc,phases,ref  ] GC(126)       Reconsider SoftReferences: 0.0ms
[24.443s][debug][gc,phases,ref  ] GC(126)         SoftRef (ms):             skipped
[24.444s][debug][gc,phases,ref  ] GC(126)       Notify Soft/WeakReferences: 0.0ms
[24.444s][debug][gc,phases,ref  ] GC(126)         SoftRef (ms):             skipped
[24.444s][debug][gc,phases,ref  ] GC(126)         WeakRef (ms):             skipped
[24.444s][debug][gc,phases,ref  ] GC(126)         FinalRef (ms):            skipped
[24.444s][debug][gc,phases,ref  ] GC(126)         Total (ms):               skipped
[24.444s][debug][gc,phases,ref  ] GC(126)       Notify and keep alive finalizable: 0.0ms
[24.444s][debug][gc,phases,ref  ] GC(126)         FinalRef (ms):            skipped
[24.444s][debug][gc,phases,ref  ] GC(126)       Notify PhantomReferences: 0.0ms
[24.444s][debug][gc,phases,ref  ] GC(126)         PhantomRef (ms):          skipped
[24.444s][debug][gc,phases,ref  ] GC(126)       SoftReference:
[24.444s][debug][gc,phases,ref  ] GC(126)         Discovered: 0
[24.444s][debug][gc,phases,ref  ] GC(126)         Cleared: 0
[24.444s][debug][gc,phases,ref  ] GC(126)       WeakReference:
[24.444s][debug][gc,phases,ref  ] GC(126)         Discovered: 0
[24.444s][debug][gc,phases,ref  ] GC(126)         Cleared: 0
[24.444s][debug][gc,phases,ref  ] GC(126)       FinalReference:
[24.444s][debug][gc,phases,ref  ] GC(126)         Discovered: 0
[24.444s][debug][gc,phases,ref  ] GC(126)         Cleared: 0
[24.444s][debug][gc,phases,ref  ] GC(126)       PhantomReference:
[24.444s][debug][gc,phases,ref  ] GC(126)         Discovered: 0
[24.444s][debug][gc,phases,ref  ] GC(126)         Cleared: 0
[24.444s][debug][gc,phases      ] GC(126)     Weak Processing: 0.1ms
[24.444s][debug][gc,phases      ] GC(126)       JVMTI weak processing: 0.0ms
[24.444s][debug][gc,phases      ] GC(126)         Dead: 0
[24.444s][debug][gc,phases      ] GC(126)         Total: 0
[24.444s][debug][gc,phases      ] GC(126)       JFR weak processing: 0.0ms
[24.444s][debug][gc,phases      ] GC(126)         Dead: 0
[24.444s][debug][gc,phases      ] GC(126)         Total: 0
[24.444s][debug][gc,phases      ] GC(126)       JNI weak                  Min:  0.0, Avg:  0.0, Max:  0.0, Diff:  0.0, Sum:  0.0, Workers: 5
[24.444s][debug][gc,phases      ] GC(126)         Dead                      Min: 0, Avg:  0.0, Max: 0, Diff: 0, Sum: 0, Workers: 5
[24.444s][debug][gc,phases      ] GC(126)         Total                     Min: 0, Avg: 13.4, Max: 67, Diff: 67, Sum: 67, Workers: 5
[24.444s][debug][gc,phases      ] GC(126)       VM weak                   Min:  0.0, Avg:  0.0, Max:  0.0, Diff:  0.0, Sum:  0.0, Workers: 5
[24.444s][debug][gc,phases      ] GC(126)         Dead                      Min: 0, Avg:  0.0, Max: 0, Diff: 0, Sum: 0, Workers: 5
[24.444s][debug][gc,phases      ] GC(126)         Total                     Min: 0, Avg: 47.6, Max: 110, Diff: 110, Sum: 238, Workers: 5
[24.444s][debug][gc,phases      ] GC(126)       StringTable weak          Min:  0.0, Avg:  0.0, Max:  0.0, Diff:  0.0, Sum:  0.0, Workers: 5
[24.444s][debug][gc,phases      ] GC(126)         Dead                      Min: 0, Avg:  0.0, Max: 0, Diff: 0, Sum: 0, Workers: 5
[24.444s][debug][gc,phases      ] GC(126)         Total                     Min: 0, Avg: 728.6, Max: 1595, Diff: 1595, Sum: 3643, Workers: 5
[24.444s][debug][gc,phases      ] GC(126)       ResolvedMethodTable weak  Min:  0.0, Avg:  0.0, Max:  0.0, Diff:  0.0, Sum:  0.1, Workers: 5
[24.444s][debug][gc,phases      ] GC(126)         Dead                      Min: 0, Avg:  0.0, Max: 0, Diff: 0, Sum: 0, Workers: 5
[24.444s][debug][gc,phases      ] GC(126)         Total                     Min: 0, Avg: 123.4, Max: 192, Diff: 192, Sum: 617, Workers: 5
[24.444s][debug][gc,phases      ] GC(126)     Merge Per-Thread State: 0.0ms
[24.444s][debug][gc,phases      ] GC(126)       Copied Bytes              Min: 0, Avg: 32.0, Max: 128, Diff: 128, Sum: 256, Workers: 8
[24.444s][debug][gc,phases      ] GC(126)       LAB Waste                 Min: 0, Avg:  0.0, Max: 0, Diff: 0, Sum: 0, Workers: 8
[24.444s][debug][gc,phases      ] GC(126)       LAB Undo Waste            Min: 0, Avg:  0.0, Max: 0, Diff: 0, Sum: 0, Workers: 8
[24.444s][debug][gc,phases      ] GC(126)     Code Roots Purge: 0.0ms
[24.444s][debug][gc,phases      ] GC(126)     Redirty Cards: 0.0ms
[24.444s][debug][gc,phases      ] GC(126)     DerivedPointerTable Update: 0.0ms
[24.444s][debug][gc,phases      ] GC(126)     Free Collection Set: 0.1ms
[24.444s][debug][gc,phases      ] GC(126)     Rebuild Free List: 0.0ms
[24.444s][debug][gc,phases      ] GC(126)     Humongous Reclaim: 0.0ms
[24.444s][debug][gc,phases      ] GC(126)     Start New Collection Set: 0.0ms
[24.444s][debug][gc,phases      ] GC(126)     Resize TLABs: 0.0ms
[24.444s][debug][gc,phases      ] GC(126)     Expand Heap After Collection: 0.0ms
[24.444s][info ][gc,phases      ] GC(126)   Other: 0.3ms
[24.444s][info ][gc,heap        ] GC(126) Eden regions: 177->0(177)
[24.444s][info ][gc,heap        ] GC(126) Survivor regions: 1->1(23)
[24.444s][info ][gc,heap        ] GC(126) Old regions: 7->7
[24.444s][info ][gc,heap        ] GC(126) Archive regions: 2->2
[24.444s][info ][gc,heap        ] GC(126) Humongous regions: 0->0
[24.444s][info ][gc,metaspace   ] GC(126) Metaspace: 10703K(11136K)->10703K(11136K) NonClass: 9440K(9728K)->9440K(9728K) Class: 1263K(1408K)->1263K(1408K)
[24.444s][debug][gc,heap        ] GC(126) Heap after GC invocations=127 (full 1): garbage-first heap   total 305152K, used 4436K [0x0000000700000000, 0x0000000800000000)
[24.444s][debug][gc,heap        ] GC(126)   region size 1024K, 1 young (1024K), 1 survivors (1024K)
[24.444s][debug][gc,heap        ] GC(126)  Metaspace       used 10703K, capacity 10992K, committed 11136K, reserved 1058816K
[24.444s][debug][gc,heap        ] GC(126)   class space    used 1263K, capacity 1389K, committed 1408K, reserved 1048576K
[24.444s][info ][gc             ] GC(126) Pause Young (Normal) (G1 Evacuation Pause) 181M->4M(298M) 1.510ms
[24.444s][info ][gc,cpu         ] GC(126) User=0.00s Sys=0.01s Real=0.00s
[24.444s][info ][safepoint      ] Safepoint "G1CollectForAllocation", Time since last: 167194420 ns, Reaching safepoint: 157204 ns, At safepoint: 1689981 ns, Total: 1847185 ns
[24.604s][debug][gc,heap        ] GC(127) Heap before GC invocations=127 (full 1): garbage-first heap   total 305152K, used 185684K [0x0000000700000000, 0x0000000800000000)
[24.604s][debug][gc,heap        ] GC(127)   region size 1024K, 178 young (182272K), 1 survivors (1024K)
[24.604s][debug][gc,heap        ] GC(127)  Metaspace       used 10703K, capacity 10992K, committed 11136K, reserved 1058816K
[24.604s][debug][gc,heap        ] GC(127)   class space    used 1263K, capacity 1389K, committed 1408K, reserved 1048576K
[24.604s][info ][gc,start       ] GC(127) Pause Young (Normal) (G1 Evacuation Pause)
[24.604s][info ][gc,task        ] GC(127) Using 8 workers of 8 for evacuation
[24.604s][debug][gc,tlab        ] GC(127) TLAB totals: thrds: 8  refills: 712 max: 98 slow allocs: 0 max 0 waste:  0.6% gc: 736840B max: 390960B slow: 413320B max: 57152B fast: 0B max: 0B
[24.604s][debug][gc,age         ] GC(127) Desired survivor size 12058624 bytes, new threshold 15 (max threshold 15)
[24.604s][debug][gc,alloc,region] GC(127) Mutator Allocation stats, regions: 177, wasted size: 0B ( 0.0%)
[24.604s][debug][gc,ergo        ] GC(127) Running G1 Merge Heap Roots using 8 workers for 178 regions
[24.604s][debug][gc,remset      ] GC(127) Visited cards 256 Total dirty 2048 (12.50%) Total old 747520 (0.03%)
[24.604s][debug][gc,ergo        ] GC(127) Running G1 Clear Card Table Task using 1 workers for 1 units of work for 179 regions.
[24.604s][debug][gc,ref         ] GC(127) Skipped phase1 of Reference Processing due to unavailable references
[24.604s][debug][gc,ref         ] GC(127) Skipped phase2 of Reference Processing due to unavailable references
[24.604s][debug][gc,ref         ] GC(127) Skipped phase3 of Reference Processing due to unavailable references
[24.604s][debug][gc,ref         ] GC(127) Skipped phase4 of Reference Processing due to unavailable references
[24.605s][debug][gc,ergo        ] GC(127) Running G1 Free Collection Set using 8 workers for collection set length 178 (298)
[24.605s][debug][gc,ergo        ] GC(127) Running G1 Rebuild Free List Task using 8 workers for rebuilding free list of 0 (4096) regions
[24.605s][trace][gc,age         ] GC(127) Age table with threshold 15 (max threshold 15)
[24.605s][trace][gc,age         ] GC(127) - age   1:        488 bytes,        488 total
[24.605s][debug][gc,plab        ] GC(127) Young PLAB allocation: allocated: 8256B, wasted: 0B, unused: 7768B, used: 488B, undo waste: 0B, 
[24.605s][debug][gc,plab        ] GC(127) Young other allocation: region end waste: 0B, regions filled: 1, direct allocated: 0B, failure used: 0B, failure wasted: 0B
[24.605s][debug][gc,plab        ] GC(127) Young sizing: calculated: 96B, actual: 2064B
[24.605s][debug][gc,plab        ] GC(127) Old PLAB allocation: allocated: 0B, wasted: 0B, unused: 0B, used: 0B, undo waste: 0B, 
[24.605s][debug][gc,plab        ] GC(127) Old other allocation: region end waste: 0B, regions filled: 1, direct allocated: 0B, failure used: 0B, failure wasted: 0B
[24.605s][debug][gc,plab        ] GC(127) Old sizing: calculated: 0B, actual: 2064B
[24.605s][debug][gc,ihop        ] GC(127) Basic information (value update), threshold: 140614041B (45.00), target occupancy: 312475648B, current occupancy: 4543024B, recent allocation size: 0B, recent allocation duration: 160.79ms, recent old gen allocation rate: 0.00B/s, recent marking phase length: 0.00ms
[24.605s][debug][gc,ihop        ] GC(127) Adaptive IHOP information (value update), threshold: 140614041B (47.37), internal target occupancy: 296851865B, occupancy: 4543024B, additional buffer size: 186646528B, predicted old gen allocation rate: 4712.02B/s, predicted marking phase length: 0.00ms, prediction active: false
[24.605s][debug][gc,ergo,refine ] GC(127) Concurrent refinement times: Logged Cards Scan time goal: 20.00ms Logged Cards Scan time: 0.00ms HCC time: 0.00ms
[24.605s][debug][gc,ergo,refine ] GC(127) Updated Refinement Zones: green: 2048, yellow: 6144, red: 10240
[24.605s][info ][gc,phases      ] GC(127)   Pre Evacuate Collection Set: 0.1ms
[24.605s][debug][gc,phases      ] GC(127)     Prepare TLABs: 0.0ms
[24.605s][debug][gc,phases      ] GC(127)     Choose Collection Set: 0.0ms
[24.605s][debug][gc,phases      ] GC(127)     Region Register: 0.1ms
[24.605s][debug][gc,phases      ] GC(127)     Prepare Heap Roots: 0.0ms
[24.605s][info ][gc,phases      ] GC(127)   Merge Heap Roots: 0.1ms
[24.605s][debug][gc,phases      ] GC(127)     Prepare Merge Heap Roots: 0.0ms
[24.605s][debug][gc,phases      ] GC(127)     Eager Reclaim (ms):       skipped
[24.605s][debug][gc,phases      ] GC(127)     Remembered Sets (ms):     Min:  0.0, Avg:  0.0, Max:  0.0, Diff:  0.0, Sum:  0.1, Workers: 8
[24.605s][debug][gc,phases      ] GC(127)       Merged Sparse:            Min: 0, Avg:  0.0, Max: 0, Diff: 0, Sum: 0, Workers: 8
[24.605s][debug][gc,phases      ] GC(127)       Merged Fine:              Min: 0, Avg:  0.0, Max: 0, Diff: 0, Sum: 0, Workers: 8
[24.605s][debug][gc,phases      ] GC(127)       Merged Coarse:            Min: 0, Avg:  0.0, Max: 0, Diff: 0, Sum: 0, Workers: 8
[24.605s][debug][gc,phases      ] GC(127)       Dirty Cards:              Min: 0, Avg:  0.0, Max: 0, Diff: 0, Sum: 0, Workers: 8
[24.605s][debug][gc,phases      ] GC(127)     Hot Card Cache (ms):      Min:  0.0, Avg:  0.0, Max:  0.0, Diff:  0.0, Sum:  0.0, Workers: 8
[24.605s][debug][gc,phases      ] GC(127)       Dirty Cards:              Min: 0, Avg:  0.0, Max: 0, Diff: 0, Sum: 0, Workers: 8
[24.605s][debug][gc,phases      ] GC(127)       Skipped Cards:            Min: 0, Avg:  0.0, Max: 0, Diff: 0, Sum: 0, Workers: 8
[24.605s][debug][gc,phases      ] GC(127)     Log Buffers (ms):         Min:  0.0, Avg:  0.0, Max:  0.0, Diff:  0.0, Sum:  0.0, Workers: 8
[24.605s][debug][gc,phases      ] GC(127)       Dirty Cards:              Min: 0, Avg:  0.1, Max: 1, Diff: 1, Sum: 1, Workers: 8
[24.605s][debug][gc,phases      ] GC(127)       Skipped Cards:            Min: 0, Avg:  0.0, Max: 0, Diff: 0, Sum: 0, Workers: 8
[24.605s][info ][gc,phases      ] GC(127)   Evacuate Collection Set: 0.1ms
[24.605s][debug][gc,phases      ] GC(127)     Ext Root Scanning (ms):   Min:  0.0, Avg:  0.0, Max:  0.0, Diff:  0.0, Sum:  0.2, Workers: 8
[24.605s][debug][gc,phases      ] GC(127)     Scan Heap Roots (ms):     Min:  0.0, Avg:  0.0, Max:  0.0, Diff:  0.0, Sum:  0.0, Workers: 8
[24.605s][debug][gc,phases      ] GC(127)       Scanned Cards:            Min: 0, Avg:  0.1, Max: 1, Diff: 1, Sum: 1, Workers: 8
[24.605s][debug][gc,phases      ] GC(127)       Scanned Blocks:           Min: 0, Avg:  0.1, Max: 1, Diff: 1, Sum: 1, Workers: 8
[24.605s][debug][gc,phases      ] GC(127)       Claimed Chunks:           Min: 0, Avg:  0.1, Max: 1, Diff: 1, Sum: 1, Workers: 8
[24.605s][debug][gc,phases      ] GC(127)     Code Root Scan (ms):      Min:  0.0, Avg:  0.0, Max:  0.0, Diff:  0.0, Sum:  0.0, Workers: 8
[24.605s][debug][gc,phases      ] GC(127)     Object Copy (ms):         Min:  0.0, Avg:  0.0, Max:  0.0, Diff:  0.0, Sum:  0.0, Workers: 8
[24.605s][debug][gc,phases      ] GC(127)     Termination (ms):         Min:  0.0, Avg:  0.1, Max:  0.1, Diff:  0.0, Sum:  0.4, Workers: 8
[24.605s][debug][gc,phases      ] GC(127)       Termination Attempts:     Min: 1, Avg:  1.0, Max: 1, Diff: 0, Sum: 8, Workers: 8
[24.605s][debug][gc,phases      ] GC(127)     GC Worker Other (ms):     Min:  0.0, Avg:  0.0, Max:  0.0, Diff:  0.0, Sum:  0.1, Workers: 8
[24.605s][debug][gc,phases      ] GC(127)     GC Worker Total (ms):     Min:  0.0, Avg:  0.1, Max:  0.1, Diff:  0.1, Sum:  0.8, Workers: 8
[24.605s][info ][gc,phases      ] GC(127)   Post Evacuate Collection Set: 0.3ms
[24.605s][debug][gc,phases      ] GC(127)     Code Roots Fixup: 0.0ms
[24.605s][debug][gc,phases      ] GC(127)     Clear Card Table: 0.1ms
[24.605s][debug][gc,phases      ] GC(127)     Reference Processing: 0.0ms
[24.605s][debug][gc,phases,ref  ] GC(127)       Reconsider SoftReferences: 0.0ms
[24.605s][debug][gc,phases,ref  ] GC(127)         SoftRef (ms):             skipped
[24.605s][debug][gc,phases,ref  ] GC(127)       Notify Soft/WeakReferences: 0.0ms
[24.605s][debug][gc,phases,ref  ] GC(127)         SoftRef (ms):             skipped
[24.605s][debug][gc,phases,ref  ] GC(127)         WeakRef (ms):             skipped
[24.605s][debug][gc,phases,ref  ] GC(127)         FinalRef (ms):            skipped
[24.605s][debug][gc,phases,ref  ] GC(127)         Total (ms):               skipped
[24.605s][debug][gc,phases,ref  ] GC(127)       Notify and keep alive finalizable: 0.0ms
[24.605s][debug][gc,phases,ref  ] GC(127)         FinalRef (ms):            skipped
[24.605s][debug][gc,phases,ref  ] GC(127)       Notify PhantomReferences: 0.0ms
[24.605s][debug][gc,phases,ref  ] GC(127)         PhantomRef (ms):          skipped
[24.605s][debug][gc,phases,ref  ] GC(127)       SoftReference:
[24.605s][debug][gc,phases,ref  ] GC(127)         Discovered: 0
[24.605s][debug][gc,phases,ref  ] GC(127)         Cleared: 0
[24.605s][debug][gc,phases,ref  ] GC(127)       WeakReference:
[24.605s][debug][gc,phases,ref  ] GC(127)         Discovered: 0
[24.605s][debug][gc,phases,ref  ] GC(127)         Cleared: 0
[24.605s][debug][gc,phases,ref  ] GC(127)       FinalReference:
[24.605s][debug][gc,phases,ref  ] GC(127)         Discovered: 0
[24.605s][debug][gc,phases,ref  ] GC(127)         Cleared: 0
[24.605s][debug][gc,phases,ref  ] GC(127)       PhantomReference:
[24.605s][debug][gc,phases,ref  ] GC(127)         Discovered: 0
[24.605s][debug][gc,phases,ref  ] GC(127)         Cleared: 0
[24.605s][debug][gc,phases      ] GC(127)     Weak Processing: 0.0ms
[24.605s][debug][gc,phases      ] GC(127)       JVMTI weak processing: 0.0ms
[24.605s][debug][gc,phases      ] GC(127)         Dead: 0
[24.605s][debug][gc,phases      ] GC(127)         Total: 0
[24.605s][debug][gc,phases      ] GC(127)       JFR weak processing: 0.0ms
[24.605s][debug][gc,phases      ] GC(127)         Dead: 0
[24.605s][debug][gc,phases      ] GC(127)         Total: 0
[24.605s][debug][gc,phases      ] GC(127)       JNI weak                  Min:  0.0, Avg:  0.0, Max:  0.0, Diff:  0.0, Sum:  0.0, Workers: 5
[24.605s][debug][gc,phases      ] GC(127)         Dead                      Min: 0, Avg:  0.0, Max: 0, Diff: 0, Sum: 0, Workers: 5
[24.605s][debug][gc,phases      ] GC(127)         Total                     Min: 0, Avg: 13.4, Max: 52, Diff: 52, Sum: 67, Workers: 5
[24.605s][debug][gc,phases      ] GC(127)       VM weak                   Min:  0.0, Avg:  0.0, Max:  0.0, Diff:  0.0, Sum:  0.0, Workers: 5
[24.605s][debug][gc,phases      ] GC(127)         Dead                      Min: 0, Avg:  0.0, Max: 0, Diff: 0, Sum: 0, Workers: 5
[24.605s][debug][gc,phases      ] GC(127)         Total                     Min: 0, Avg: 47.6, Max: 64, Diff: 64, Sum: 238, Workers: 5
[24.605s][debug][gc,phases      ] GC(127)       StringTable weak          Min:  0.0, Avg:  0.0, Max:  0.0, Diff:  0.0, Sum:  0.1, Workers: 5
[24.605s][debug][gc,phases      ] GC(127)         Dead                      Min: 0, Avg:  0.0, Max: 0, Diff: 0, Sum: 0, Workers: 5
[24.605s][debug][gc,phases      ] GC(127)         Total                     Min: 704, Avg: 728.6, Max: 766, Diff: 62, Sum: 3643, Workers: 5
[24.605s][debug][gc,phases      ] GC(127)       ResolvedMethodTable weak  Min:  0.0, Avg:  0.0, Max:  0.0, Diff:  0.0, Sum:  0.0, Workers: 5
[24.605s][debug][gc,phases      ] GC(127)         Dead                      Min: 0, Avg:  0.0, Max: 0, Diff: 0, Sum: 0, Workers: 5
[24.605s][debug][gc,phases      ] GC(127)         Total                     Min: 0, Avg: 123.4, Max: 192, Diff: 192, Sum: 617, Workers: 5
[24.605s][debug][gc,phases      ] GC(127)     Merge Per-Thread State: 0.0ms
[24.605s][debug][gc,phases      ] GC(127)       Copied Bytes              Min: 0, Avg: 61.0, Max: 256, Diff: 256, Sum: 488, Workers: 8
[24.605s][debug][gc,phases      ] GC(127)       LAB Waste                 Min: 0, Avg:  0.0, Max: 0, Diff: 0, Sum: 0, Workers: 8
[24.605s][debug][gc,phases      ] GC(127)       LAB Undo Waste            Min: 0, Avg:  0.0, Max: 0, Diff: 0, Sum: 0, Workers: 8
[24.605s][debug][gc,phases      ] GC(127)     Code Roots Purge: 0.0ms
[24.605s][debug][gc,phases      ] GC(127)     Redirty Cards: 0.0ms
[24.605s][debug][gc,phases      ] GC(127)     DerivedPointerTable Update: 0.0ms
[24.605s][debug][gc,phases      ] GC(127)     Free Collection Set: 0.1ms
[24.605s][debug][gc,phases      ] GC(127)     Rebuild Free List: 0.0ms
[24.605s][debug][gc,phases      ] GC(127)     Humongous Reclaim: 0.0ms
[24.605s][debug][gc,phases      ] GC(127)     Start New Collection Set: 0.0ms
[24.605s][debug][gc,phases      ] GC(127)     Resize TLABs: 0.0ms
[24.605s][debug][gc,phases      ] GC(127)     Expand Heap After Collection: 0.0ms
[24.605s][info ][gc,phases      ] GC(127)   Other: 0.4ms
[24.605s][info ][gc,heap        ] GC(127) Eden regions: 177->0(177)
[24.605s][info ][gc,heap        ] GC(127) Survivor regions: 1->1(23)
[24.605s][info ][gc,heap        ] GC(127) Old regions: 7->7
[24.605s][info ][gc,heap        ] GC(127) Archive regions: 2->2
[24.605s][info ][gc,heap        ] GC(127) Humongous regions: 0->0
[24.605s][info ][gc,metaspace   ] GC(127) Metaspace: 10703K(11136K)->10703K(11136K) NonClass: 9440K(9728K)->9440K(9728K) Class: 1263K(1408K)->1263K(1408K)
[24.605s][debug][gc,heap        ] GC(127) Heap after GC invocations=128 (full 1): garbage-first heap   total 305152K, used 4436K [0x0000000700000000, 0x0000000800000000)
[24.605s][debug][gc,heap        ] GC(127)   region size 1024K, 1 young (1024K), 1 survivors (1024K)
[24.605s][debug][gc,heap        ] GC(127)  Metaspace       used 10703K, capacity 10992K, committed 11136K, reserved 1058816K
[24.605s][debug][gc,heap        ] GC(127)   class space    used 1263K, capacity 1389K, committed 1408K, reserved 1048576K
[24.605s][info ][gc             ] GC(127) Pause Young (Normal) (G1 Evacuation Pause) 181M->4M(298M) 1.514ms
[24.605s][info ][gc,cpu         ] GC(127) User=0.00s Sys=0.00s Real=0.00s
[24.606s][info ][safepoint      ] Safepoint "G1CollectForAllocation", Time since last: 159775010 ns, Reaching safepoint: 113820 ns, At safepoint: 1714578 ns, Total: 1828398 ns
[24.766s][debug][gc,heap        ] GC(128) Heap before GC invocations=128 (full 1): garbage-first heap   total 305152K, used 184660K [0x0000000700000000, 0x0000000800000000)
[24.766s][debug][gc,heap        ] GC(128)   region size 1024K, 178 young (182272K), 1 survivors (1024K)
[24.766s][debug][gc,heap        ] GC(128)  Metaspace       used 10703K, capacity 10992K, committed 11136K, reserved 1058816K
[24.766s][debug][gc,heap        ] GC(128)   class space    used 1263K, capacity 1389K, committed 1408K, reserved 1048576K
[24.766s][info ][gc,start       ] GC(128) Pause Young (Normal) (G1 Evacuation Pause)
[24.766s][info ][gc,task        ] GC(128) Using 8 workers of 8 for evacuation
[24.766s][debug][gc,tlab        ] GC(128) TLAB totals: thrds: 8  refills: 709 max: 103 slow allocs: 0 max 0 waste:  1.0% gc: 1420424B max: 355608B slow: 409512B max: 59576B fast: 0B max: 0B
[24.766s][debug][gc,age         ] GC(128) Desired survivor size 12058624 bytes, new threshold 15 (max threshold 15)
[24.766s][debug][gc,alloc,region] GC(128) Mutator Allocation stats, regions: 177, wasted size: 0B ( 0.0%)
[24.766s][debug][gc,ergo        ] GC(128) Running G1 Merge Heap Roots using 8 workers for 178 regions
[24.766s][debug][gc,remset      ] GC(128) Visited cards 256 Total dirty 2048 (12.50%) Total old 747520 (0.03%)
[24.766s][debug][gc,ergo        ] GC(128) Running G1 Clear Card Table Task using 1 workers for 1 units of work for 179 regions.
[24.766s][debug][gc,ref         ] GC(128) Skipped phase1 of Reference Processing due to unavailable references
[24.766s][debug][gc,ref         ] GC(128) Skipped phase2 of Reference Processing due to unavailable references
[24.766s][debug][gc,ref         ] GC(128) Skipped phase3 of Reference Processing due to unavailable references
[24.766s][debug][gc,ref         ] GC(128) Skipped phase4 of Reference Processing due to unavailable references
[24.766s][debug][gc,ergo        ] GC(128) Running G1 Free Collection Set using 8 workers for collection set length 178 (298)
[24.766s][debug][gc,ergo        ] GC(128) Running G1 Rebuild Free List Task using 8 workers for rebuilding free list of 0 (4096) regions
[24.766s][trace][gc,age         ] GC(128) Age table with threshold 15 (max threshold 15)
[24.766s][trace][gc,age         ] GC(128) - age   1:        176 bytes,        176 total
[24.766s][debug][gc,plab        ] GC(128) Young PLAB allocation: allocated: 4128B, wasted: 0B, unused: 3952B, used: 176B, undo waste: 0B, 
[24.766s][debug][gc,plab        ] GC(128) Young other allocation: region end waste: 0B, regions filled: 1, direct allocated: 0B, failure used: 0B, failure wasted: 0B
[24.766s][debug][gc,plab        ] GC(128) Young sizing: calculated: 32B, actual: 2064B
[24.766s][debug][gc,plab        ] GC(128) Old PLAB allocation: allocated: 0B, wasted: 0B, unused: 0B, used: 0B, undo waste: 0B, 
[24.766s][debug][gc,plab        ] GC(128) Old other allocation: region end waste: 0B, regions filled: 1, direct allocated: 0B, failure used: 0B, failure wasted: 0B
[24.767s][debug][gc,plab        ] GC(128) Old sizing: calculated: 0B, actual: 2064B
[24.767s][debug][gc,ihop        ] GC(128) Basic information (value update), threshold: 140614041B (45.00), target occupancy: 312475648B, current occupancy: 4538896B, recent allocation size: 0B, recent allocation duration: 160.88ms, recent old gen allocation rate: 0.00B/s, recent marking phase length: 0.00ms
[24.767s][debug][gc,ihop        ] GC(128) Adaptive IHOP information (value update), threshold: 140614041B (47.37), internal target occupancy: 296851865B, occupancy: 4538896B, additional buffer size: 186646528B, predicted old gen allocation rate: 4585.16B/s, predicted marking phase length: 0.00ms, prediction active: false
[24.767s][debug][gc,ergo,refine ] GC(128) Concurrent refinement times: Logged Cards Scan time goal: 20.00ms Logged Cards Scan time: 0.00ms HCC time: 0.00ms
[24.767s][debug][gc,ergo,refine ] GC(128) Updated Refinement Zones: green: 2048, yellow: 6144, red: 10240
[24.767s][info ][gc,phases      ] GC(128)   Pre Evacuate Collection Set: 0.1ms
[24.767s][debug][gc,phases      ] GC(128)     Prepare TLABs: 0.0ms
[24.767s][debug][gc,phases      ] GC(128)     Choose Collection Set: 0.0ms
[24.767s][debug][gc,phases      ] GC(128)     Region Register: 0.1ms
[24.767s][debug][gc,phases      ] GC(128)     Prepare Heap Roots: 0.0ms
[24.767s][info ][gc,phases      ] GC(128)   Merge Heap Roots: 0.1ms
[24.767s][debug][gc,phases      ] GC(128)     Prepare Merge Heap Roots: 0.0ms
[24.767s][debug][gc,phases      ] GC(128)     Eager Reclaim (ms):       skipped
[24.767s][debug][gc,phases      ] GC(128)     Remembered Sets (ms):     Min:  0.0, Avg:  0.0, Max:  0.0, Diff:  0.0, Sum:  0.1, Workers: 8
[24.767s][debug][gc,phases      ] GC(128)       Merged Sparse:            Min: 0, Avg:  0.0, Max: 0, Diff: 0, Sum: 0, Workers: 8
[24.767s][debug][gc,phases      ] GC(128)       Merged Fine:              Min: 0, Avg:  0.0, Max: 0, Diff: 0, Sum: 0, Workers: 8
[24.767s][debug][gc,phases      ] GC(128)       Merged Coarse:            Min: 0, Avg:  0.0, Max: 0, Diff: 0, Sum: 0, Workers: 8
[24.767s][debug][gc,phases      ] GC(128)       Dirty Cards:              Min: 0, Avg:  0.0, Max: 0, Diff: 0, Sum: 0, Workers: 8
[24.767s][debug][gc,phases      ] GC(128)     Hot Card Cache (ms):      Min:  0.0, Avg:  0.0, Max:  0.0, Diff:  0.0, Sum:  0.0, Workers: 8
[24.767s][debug][gc,phases      ] GC(128)       Dirty Cards:              Min: 0, Avg:  0.0, Max: 0, Diff: 0, Sum: 0, Workers: 8
[24.767s][debug][gc,phases      ] GC(128)       Skipped Cards:            Min: 0, Avg:  0.0, Max: 0, Diff: 0, Sum: 0, Workers: 8
[24.767s][debug][gc,phases      ] GC(128)     Log Buffers (ms):         Min:  0.0, Avg:  0.0, Max:  0.0, Diff:  0.0, Sum:  0.0, Workers: 8
[24.767s][debug][gc,phases      ] GC(128)       Dirty Cards:              Min: 0, Avg:  0.1, Max: 1, Diff: 1, Sum: 1, Workers: 8
[24.767s][debug][gc,phases      ] GC(128)       Skipped Cards:            Min: 0, Avg:  0.0, Max: 0, Diff: 0, Sum: 0, Workers: 8
[24.767s][info ][gc,phases      ] GC(128)   Evacuate Collection Set: 0.2ms
[24.767s][debug][gc,phases      ] GC(128)     Ext Root Scanning (ms):   Min:  0.0, Avg:  0.0, Max:  0.1, Diff:  0.1, Sum:  0.2, Workers: 8
[24.767s][debug][gc,phases      ] GC(128)     Scan Heap Roots (ms):     Min:  0.0, Avg:  0.0, Max:  0.0, Diff:  0.0, Sum:  0.0, Workers: 8
[24.767s][debug][gc,phases      ] GC(128)       Scanned Cards:            Min: 0, Avg:  0.1, Max: 1, Diff: 1, Sum: 1, Workers: 8
[24.767s][debug][gc,phases      ] GC(128)       Scanned Blocks:           Min: 0, Avg:  0.1, Max: 1, Diff: 1, Sum: 1, Workers: 8
[24.767s][debug][gc,phases      ] GC(128)       Claimed Chunks:           Min: 0, Avg:  0.1, Max: 1, Diff: 1, Sum: 1, Workers: 8
[24.767s][debug][gc,phases      ] GC(128)     Code Root Scan (ms):      Min:  0.0, Avg:  0.0, Max:  0.0, Diff:  0.0, Sum:  0.0, Workers: 8
[24.767s][debug][gc,phases      ] GC(128)     Object Copy (ms):         Min:  0.0, Avg:  0.0, Max:  0.0, Diff:  0.0, Sum:  0.0, Workers: 8
[24.767s][debug][gc,phases      ] GC(128)     Termination (ms):         Min:  0.1, Avg:  0.1, Max:  0.1, Diff:  0.0, Sum:  0.7, Workers: 8
[24.767s][debug][gc,phases      ] GC(128)       Termination Attempts:     Min: 1, Avg:  1.0, Max: 1, Diff: 0, Sum: 8, Workers: 8
[24.767s][debug][gc,phases      ] GC(128)     GC Worker Other (ms):     Min:  0.0, Avg:  0.0, Max:  0.0, Diff:  0.0, Sum:  0.1, Workers: 8
[24.767s][debug][gc,phases      ] GC(128)     GC Worker Total (ms):     Min:  0.1, Avg:  0.1, Max:  0.2, Diff:  0.0, Sum:  1.0, Workers: 8
[24.767s][info ][gc,phases      ] GC(128)   Post Evacuate Collection Set: 0.3ms
[24.767s][debug][gc,phases      ] GC(128)     Code Roots Fixup: 0.0ms
[24.767s][debug][gc,phases      ] GC(128)     Clear Card Table: 0.1ms
[24.767s][debug][gc,phases      ] GC(128)     Reference Processing: 0.0ms
[24.767s][debug][gc,phases,ref  ] GC(128)       Reconsider SoftReferences: 0.0ms
[24.767s][debug][gc,phases,ref  ] GC(128)         SoftRef (ms):             skipped
[24.767s][debug][gc,phases,ref  ] GC(128)       Notify Soft/WeakReferences: 0.0ms
[24.767s][debug][gc,phases,ref  ] GC(128)         SoftRef (ms):             skipped
[24.767s][debug][gc,phases,ref  ] GC(128)         WeakRef (ms):             skipped
[24.767s][debug][gc,phases,ref  ] GC(128)         FinalRef (ms):            skipped
[24.767s][debug][gc,phases,ref  ] GC(128)         Total (ms):               skipped
[24.767s][debug][gc,phases,ref  ] GC(128)       Notify and keep alive finalizable: 0.0ms
[24.767s][debug][gc,phases,ref  ] GC(128)         FinalRef (ms):            skipped
[24.767s][debug][gc,phases,ref  ] GC(128)       Notify PhantomReferences: 0.0ms
[24.767s][debug][gc,phases,ref  ] GC(128)         PhantomRef (ms):          skipped
[24.767s][debug][gc,phases,ref  ] GC(128)       SoftReference:
[24.767s][debug][gc,phases,ref  ] GC(128)         Discovered: 0
[24.767s][debug][gc,phases,ref  ] GC(128)         Cleared: 0
[24.767s][debug][gc,phases,ref  ] GC(128)       WeakReference:
[24.767s][debug][gc,phases,ref  ] GC(128)         Discovered: 0
[24.767s][debug][gc,phases,ref  ] GC(128)         Cleared: 0
[24.767s][debug][gc,phases,ref  ] GC(128)       FinalReference:
[24.767s][debug][gc,phases,ref  ] GC(128)         Discovered: 0
[24.767s][debug][gc,phases,ref  ] GC(128)         Cleared: 0
[24.767s][debug][gc,phases,ref  ] GC(128)       PhantomReference:
[24.767s][debug][gc,phases,ref  ] GC(128)         Discovered: 0
[24.767s][debug][gc,phases,ref  ] GC(128)         Cleared: 0
[24.767s][debug][gc,phases      ] GC(128)     Weak Processing: 0.1ms
[24.767s][debug][gc,phases      ] GC(128)       JVMTI weak processing: 0.0ms
[24.767s][debug][gc,phases      ] GC(128)         Dead: 0
[24.767s][debug][gc,phases      ] GC(128)         Total: 0
[24.767s][debug][gc,phases      ] GC(128)       JFR weak processing: 0.0ms
[24.767s][debug][gc,phases      ] GC(128)         Dead: 0
[24.767s][debug][gc,phases      ] GC(128)         Total: 0
[24.767s][debug][gc,phases      ] GC(128)       JNI weak                  Min:  0.0, Avg:  0.0, Max:  0.0, Diff:  0.0, Sum:  0.0, Workers: 5
[24.767s][debug][gc,phases      ] GC(128)         Dead                      Min: 0, Avg:  0.0, Max: 0, Diff: 0, Sum: 0, Workers: 5
[24.767s][debug][gc,phases      ] GC(128)         Total                     Min: 0, Avg: 13.4, Max: 52, Diff: 52, Sum: 67, Workers: 5
[24.767s][debug][gc,phases      ] GC(128)       VM weak                   Min:  0.0, Avg:  0.0, Max:  0.0, Diff:  0.0, Sum:  0.0, Workers: 5
[24.767s][debug][gc,phases      ] GC(128)         Dead                      Min: 0, Avg:  0.0, Max: 0, Diff: 0, Sum: 0, Workers: 5
[24.767s][debug][gc,phases      ] GC(128)         Total                     Min: 0, Avg: 47.6, Max: 128, Diff: 128, Sum: 238, Workers: 5
[24.767s][debug][gc,phases      ] GC(128)       StringTable weak          Min:  0.0, Avg:  0.0, Max:  0.1, Diff:  0.1, Sum:  0.1, Workers: 5
[24.767s][debug][gc,phases      ] GC(128)         Dead                      Min: 0, Avg:  0.0, Max: 0, Diff: 0, Sum: 0, Workers: 5
[24.767s][debug][gc,phases      ] GC(128)         Total                     Min: 0, Avg: 728.6, Max: 1728, Diff: 1728, Sum: 3643, Workers: 5
[24.767s][debug][gc,phases      ] GC(128)       ResolvedMethodTable weak  Min:  0.0, Avg:  0.0, Max:  0.0, Diff:  0.0, Sum:  0.0, Workers: 5
[24.767s][debug][gc,phases      ] GC(128)         Dead                      Min: 0, Avg:  0.0, Max: 0, Diff: 0, Sum: 0, Workers: 5
[24.767s][debug][gc,phases      ] GC(128)         Total                     Min: 0, Avg: 123.4, Max: 192, Diff: 192, Sum: 617, Workers: 5
[24.767s][debug][gc,phases      ] GC(128)     Merge Per-Thread State: 0.0ms
[24.767s][debug][gc,phases      ] GC(128)       Copied Bytes              Min: 0, Avg: 22.0, Max: 104, Diff: 104, Sum: 176, Workers: 8
[24.767s][debug][gc,phases      ] GC(128)       LAB Waste                 Min: 0, Avg:  0.0, Max: 0, Diff: 0, Sum: 0, Workers: 8
[24.767s][debug][gc,phases      ] GC(128)       LAB Undo Waste            Min: 0, Avg:  0.0, Max: 0, Diff: 0, Sum: 0, Workers: 8
[24.767s][debug][gc,phases      ] GC(128)     Code Roots Purge: 0.0ms
[24.767s][debug][gc,phases      ] GC(128)     Redirty Cards: 0.0ms
[24.767s][debug][gc,phases      ] GC(128)     DerivedPointerTable Update: 0.0ms
[24.767s][debug][gc,phases      ] GC(128)     Free Collection Set: 0.1ms
[24.767s][debug][gc,phases      ] GC(128)     Rebuild Free List: 0.0ms
[24.767s][debug][gc,phases      ] GC(128)     Humongous Reclaim: 0.0ms
[24.767s][debug][gc,phases      ] GC(128)     Start New Collection Set: 0.0ms
[24.767s][debug][gc,phases      ] GC(128)     Resize TLABs: 0.0ms
[24.767s][debug][gc,phases      ] GC(128)     Expand Heap After Collection: 0.0ms
[24.767s][info ][gc,phases      ] GC(128)   Other: 0.3ms
[24.767s][info ][gc,heap        ] GC(128) Eden regions: 177->0(177)
[24.767s][info ][gc,heap        ] GC(128) Survivor regions: 1->1(23)
[24.767s][info ][gc,heap        ] GC(128) Old regions: 7->7
[24.767s][info ][gc,heap        ] GC(128) Archive regions: 2->2
[24.767s][info ][gc,heap        ] GC(128) Humongous regions: 0->0
[24.767s][info ][gc,metaspace   ] GC(128) Metaspace: 10703K(11136K)->10703K(11136K) NonClass: 9440K(9728K)->9440K(9728K) Class: 1263K(1408K)->1263K(1408K)
[24.767s][debug][gc,heap        ] GC(128) Heap after GC invocations=129 (full 1): garbage-first heap   total 305152K, used 4432K [0x0000000700000000, 0x0000000800000000)
[24.767s][debug][gc,heap        ] GC(128)   region size 1024K, 1 young (1024K), 1 survivors (1024K)
[24.767s][debug][gc,heap        ] GC(128)  Metaspace       used 10703K, capacity 10992K, committed 11136K, reserved 1058816K
[24.767s][debug][gc,heap        ] GC(128)   class space    used 1263K, capacity 1389K, committed 1408K, reserved 1048576K
[24.767s][info ][gc             ] GC(128) Pause Young (Normal) (G1 Evacuation Pause) 181M->4M(298M) 1.515ms
[24.767s][info ][gc,cpu         ] GC(128) User=0.01s Sys=0.00s Real=0.00s
[24.767s][info ][safepoint      ] Safepoint "G1CollectForAllocation", Time since last: 159850526 ns, Reaching safepoint: 149194 ns, At safepoint: 1694261 ns, Total: 1843455 ns
[24.935s][debug][gc,heap        ] GC(129) Heap before GC invocations=129 (full 1): garbage-first heap   total 305152K, used 185680K [0x0000000700000000, 0x0000000800000000)
[24.935s][debug][gc,heap        ] GC(129)   region size 1024K, 178 young (182272K), 1 survivors (1024K)
[24.935s][debug][gc,heap        ] GC(129)  Metaspace       used 10703K, capacity 10992K, committed 11136K, reserved 1058816K
[24.935s][debug][gc,heap        ] GC(129)   class space    used 1263K, capacity 1389K, committed 1408K, reserved 1048576K
[24.935s][info ][gc,start       ] GC(129) Pause Young (Normal) (G1 Evacuation Pause)
[24.935s][info ][gc,task        ] GC(129) Using 8 workers of 8 for evacuation
[24.935s][debug][gc,tlab        ] GC(129) TLAB totals: thrds: 8  refills: 711 max: 93 slow allocs: 0 max 0 waste:  1.1% gc: 1547952B max: 413888B slow: 411584B max: 53904B fast: 0B max: 0B
[24.935s][debug][gc,age         ] GC(129) Desired survivor size 12058624 bytes, new threshold 15 (max threshold 15)
[24.935s][debug][gc,alloc,region] GC(129) Mutator Allocation stats, regions: 177, wasted size: 0B ( 0.0%)
[24.936s][debug][gc,ergo        ] GC(129) Running G1 Merge Heap Roots using 8 workers for 178 regions
[24.936s][debug][gc,remset      ] GC(129) Visited cards 256 Total dirty 2048 (12.50%) Total old 747520 (0.03%)
[24.936s][debug][gc,ergo        ] GC(129) Running G1 Clear Card Table Task using 1 workers for 1 units of work for 179 regions.
[24.936s][debug][gc,ref         ] GC(129) Skipped phase1 of Reference Processing due to unavailable references
[24.936s][debug][gc,ref         ] GC(129) Skipped phase2 of Reference Processing due to unavailable references
[24.936s][debug][gc,ref         ] GC(129) Skipped phase3 of Reference Processing due to unavailable references
[24.936s][debug][gc,ref         ] GC(129) Skipped phase4 of Reference Processing due to unavailable references
[24.936s][debug][gc,ergo        ] GC(129) Running G1 Free Collection Set using 8 workers for collection set length 178 (298)
[24.936s][debug][gc,ergo        ] GC(129) Running G1 Rebuild Free List Task using 8 workers for rebuilding free list of 0 (4096) regions
[24.936s][trace][gc,age         ] GC(129) Age table with threshold 15 (max threshold 15)
[24.936s][trace][gc,age         ] GC(129) - age   1:        440 bytes,        440 total
[24.936s][debug][gc,plab        ] GC(129) Young PLAB allocation: allocated: 12384B, wasted: 0B, unused: 11944B, used: 440B, undo waste: 0B, 
[24.936s][debug][gc,plab        ] GC(129) Young other allocation: region end waste: 0B, regions filled: 1, direct allocated: 0B, failure used: 0B, failure wasted: 0B
[24.936s][debug][gc,plab        ] GC(129) Young sizing: calculated: 88B, actual: 2064B
[24.936s][debug][gc,plab        ] GC(129) Old PLAB allocation: allocated: 0B, wasted: 0B, unused: 0B, used: 0B, undo waste: 0B, 
[24.936s][debug][gc,plab        ] GC(129) Old other allocation: region end waste: 0B, regions filled: 1, direct allocated: 0B, failure used: 0B, failure wasted: 0B
[24.936s][debug][gc,plab        ] GC(129) Old sizing: calculated: 0B, actual: 2064B
[24.936s][debug][gc,ihop        ] GC(129) Basic information (value update), threshold: 140614041B (45.00), target occupancy: 312475648B, current occupancy: 4547152B, recent allocation size: 0B, recent allocation duration: 168.88ms, recent old gen allocation rate: 0.00B/s, recent marking phase length: 0.00ms
[24.936s][debug][gc,ihop        ] GC(129) Adaptive IHOP information (value update), threshold: 140614041B (47.37), internal target occupancy: 296851865B, occupancy: 4547152B, additional buffer size: 186646528B, predicted old gen allocation rate: 4461.89B/s, predicted marking phase length: 0.00ms, prediction active: false
[24.936s][debug][gc,ergo,refine ] GC(129) Concurrent refinement times: Logged Cards Scan time goal: 20.00ms Logged Cards Scan time: 0.00ms HCC time: 0.00ms
[24.936s][debug][gc,ergo,refine ] GC(129) Updated Refinement Zones: green: 2048, yellow: 6144, red: 10240
[24.936s][info ][gc,phases      ] GC(129)   Pre Evacuate Collection Set: 0.1ms
[24.936s][debug][gc,phases      ] GC(129)     Prepare TLABs: 0.0ms
[24.936s][debug][gc,phases      ] GC(129)     Choose Collection Set: 0.0ms
[24.936s][debug][gc,phases      ] GC(129)     Region Register: 0.1ms
[24.936s][debug][gc,phases      ] GC(129)     Prepare Heap Roots: 0.0ms
[24.936s][info ][gc,phases      ] GC(129)   Merge Heap Roots: 0.1ms
[24.936s][debug][gc,phases      ] GC(129)     Prepare Merge Heap Roots: 0.0ms
[24.936s][debug][gc,phases      ] GC(129)     Eager Reclaim (ms):       skipped
[24.936s][debug][gc,phases      ] GC(129)     Remembered Sets (ms):     Min:  0.0, Avg:  0.0, Max:  0.0, Diff:  0.0, Sum:  0.1, Workers: 8
[24.936s][debug][gc,phases      ] GC(129)       Merged Sparse:            Min: 0, Avg:  0.0, Max: 0, Diff: 0, Sum: 0, Workers: 8
[24.936s][debug][gc,phases      ] GC(129)       Merged Fine:              Min: 0, Avg:  0.0, Max: 0, Diff: 0, Sum: 0, Workers: 8
[24.936s][debug][gc,phases      ] GC(129)       Merged Coarse:            Min: 0, Avg:  0.0, Max: 0, Diff: 0, Sum: 0, Workers: 8
[24.936s][debug][gc,phases      ] GC(129)       Dirty Cards:              Min: 0, Avg:  0.0, Max: 0, Diff: 0, Sum: 0, Workers: 8
[24.936s][debug][gc,phases      ] GC(129)     Hot Card Cache (ms):      Min:  0.0, Avg:  0.0, Max:  0.0, Diff:  0.0, Sum:  0.0, Workers: 8
[24.936s][debug][gc,phases      ] GC(129)       Dirty Cards:              Min: 0, Avg:  0.0, Max: 0, Diff: 0, Sum: 0, Workers: 8
[24.936s][debug][gc,phases      ] GC(129)       Skipped Cards:            Min: 0, Avg:  0.0, Max: 0, Diff: 0, Sum: 0, Workers: 8
[24.936s][debug][gc,phases      ] GC(129)     Log Buffers (ms):         Min:  0.0, Avg:  0.0, Max:  0.0, Diff:  0.0, Sum:  0.0, Workers: 8
[24.936s][debug][gc,phases      ] GC(129)       Dirty Cards:              Min: 0, Avg:  0.1, Max: 1, Diff: 1, Sum: 1, Workers: 8
[24.936s][debug][gc,phases      ] GC(129)       Skipped Cards:            Min: 0, Avg:  0.0, Max: 0, Diff: 0, Sum: 0, Workers: 8
[24.936s][info ][gc,phases      ] GC(129)   Evacuate Collection Set: 0.1ms
[24.936s][debug][gc,phases      ] GC(129)     Ext Root Scanning (ms):   Min:  0.0, Avg:  0.0, Max:  0.1, Diff:  0.1, Sum:  0.2, Workers: 8
[24.936s][debug][gc,phases      ] GC(129)     Scan Heap Roots (ms):     Min:  0.0, Avg:  0.0, Max:  0.0, Diff:  0.0, Sum:  0.0, Workers: 8
[24.936s][debug][gc,phases      ] GC(129)       Scanned Cards:            Min: 0, Avg:  0.1, Max: 1, Diff: 1, Sum: 1, Workers: 8
[24.936s][debug][gc,phases      ] GC(129)       Scanned Blocks:           Min: 0, Avg:  0.1, Max: 1, Diff: 1, Sum: 1, Workers: 8
[24.936s][debug][gc,phases      ] GC(129)       Claimed Chunks:           Min: 0, Avg:  0.1, Max: 1, Diff: 1, Sum: 1, Workers: 8
[24.936s][debug][gc,phases      ] GC(129)     Code Root Scan (ms):      Min:  0.0, Avg:  0.0, Max:  0.0, Diff:  0.0, Sum:  0.0, Workers: 8
[24.936s][debug][gc,phases      ] GC(129)     Object Copy (ms):         Min:  0.0, Avg:  0.0, Max:  0.0, Diff:  0.0, Sum:  0.0, Workers: 8
[24.936s][debug][gc,phases      ] GC(129)     Termination (ms):         Min:  0.0, Avg:  0.0, Max:  0.0, Diff:  0.0, Sum:  0.4, Workers: 8
[24.936s][debug][gc,phases      ] GC(129)       Termination Attempts:     Min: 1, Avg:  1.0, Max: 1, Diff: 0, Sum: 8, Workers: 8
[24.936s][debug][gc,phases      ] GC(129)     GC Worker Other (ms):     Min:  0.0, Avg:  0.0, Max:  0.0, Diff:  0.0, Sum:  0.1, Workers: 8
[24.936s][debug][gc,phases      ] GC(129)     GC Worker Total (ms):     Min:  0.1, Avg:  0.1, Max:  0.1, Diff:  0.0, Sum:  0.7, Workers: 8
[24.936s][info ][gc,phases      ] GC(129)   Post Evacuate Collection Set: 0.4ms
[24.936s][debug][gc,phases      ] GC(129)     Code Roots Fixup: 0.0ms
[24.936s][debug][gc,phases      ] GC(129)     Clear Card Table: 0.1ms
[24.936s][debug][gc,phases      ] GC(129)     Reference Processing: 0.0ms
[24.936s][debug][gc,phases,ref  ] GC(129)       Reconsider SoftReferences: 0.0ms
[24.936s][debug][gc,phases,ref  ] GC(129)         SoftRef (ms):             skipped
[24.936s][debug][gc,phases,ref  ] GC(129)       Notify Soft/WeakReferences: 0.0ms
[24.936s][debug][gc,phases,ref  ] GC(129)         SoftRef (ms):             skipped
[24.936s][debug][gc,phases,ref  ] GC(129)         WeakRef (ms):             skipped
[24.936s][debug][gc,phases,ref  ] GC(129)         FinalRef (ms):            skipped
[24.936s][debug][gc,phases,ref  ] GC(129)         Total (ms):               skipped
[24.937s][debug][gc,phases,ref  ] GC(129)       Notify and keep alive finalizable: 0.0ms
[24.937s][debug][gc,phases,ref  ] GC(129)         FinalRef (ms):            skipped
[24.937s][debug][gc,phases,ref  ] GC(129)       Notify PhantomReferences: 0.0ms
[24.937s][debug][gc,phases,ref  ] GC(129)         PhantomRef (ms):          skipped
[24.937s][debug][gc,phases,ref  ] GC(129)       SoftReference:
[24.937s][debug][gc,phases,ref  ] GC(129)         Discovered: 0
[24.937s][debug][gc,phases,ref  ] GC(129)         Cleared: 0
[24.937s][debug][gc,phases,ref  ] GC(129)       WeakReference:
[24.937s][debug][gc,phases,ref  ] GC(129)         Discovered: 0
[24.937s][debug][gc,phases,ref  ] GC(129)         Cleared: 0
[24.937s][debug][gc,phases,ref  ] GC(129)       FinalReference:
[24.937s][debug][gc,phases,ref  ] GC(129)         Discovered: 0
[24.937s][debug][gc,phases,ref  ] GC(129)         Cleared: 0
[24.937s][debug][gc,phases,ref  ] GC(129)       PhantomReference:
[24.937s][debug][gc,phases,ref  ] GC(129)         Discovered: 0
[24.937s][debug][gc,phases,ref  ] GC(129)         Cleared: 0
[24.937s][debug][gc,phases      ] GC(129)     Weak Processing: 0.1ms
[24.937s][debug][gc,phases      ] GC(129)       JVMTI weak processing: 0.0ms
[24.937s][debug][gc,phases      ] GC(129)         Dead: 0
[24.937s][debug][gc,phases      ] GC(129)         Total: 0
[24.937s][debug][gc,phases      ] GC(129)       JFR weak processing: 0.0ms
[24.937s][debug][gc,phases      ] GC(129)         Dead: 0
[24.937s][debug][gc,phases      ] GC(129)         Total: 0
[24.937s][debug][gc,phases      ] GC(129)       JNI weak                  Min:  0.0, Avg:  0.0, Max:  0.0, Diff:  0.0, Sum:  0.0, Workers: 5
[24.937s][debug][gc,phases      ] GC(129)         Dead                      Min: 0, Avg:  0.0, Max: 0, Diff: 0, Sum: 0, Workers: 5
[24.937s][debug][gc,phases      ] GC(129)         Total                     Min: 0, Avg: 13.4, Max: 67, Diff: 67, Sum: 67, Workers: 5
[24.937s][debug][gc,phases      ] GC(129)       VM weak                   Min:  0.0, Avg:  0.0, Max:  0.0, Diff:  0.0, Sum:  0.0, Workers: 5
[24.937s][debug][gc,phases      ] GC(129)         Dead                      Min: 0, Avg:  0.0, Max: 0, Diff: 0, Sum: 0, Workers: 5
[24.937s][debug][gc,phases      ] GC(129)         Total                     Min: 0, Avg: 47.6, Max: 238, Diff: 238, Sum: 238, Workers: 5
[24.937s][debug][gc,phases      ] GC(129)       StringTable weak          Min:  0.0, Avg:  0.0, Max:  0.1, Diff:  0.1, Sum:  0.1, Workers: 5
[24.937s][debug][gc,phases      ] GC(129)         Dead                      Min: 0, Avg:  0.0, Max: 0, Diff: 0, Sum: 0, Workers: 5
[24.937s][debug][gc,phases      ] GC(129)         Total                     Min: 0, Avg: 728.6, Max: 3003, Diff: 3003, Sum: 3643, Workers: 5
[24.937s][debug][gc,phases      ] GC(129)       ResolvedMethodTable weak  Min:  0.0, Avg:  0.0, Max:  0.0, Diff:  0.0, Sum:  0.0, Workers: 5
[24.937s][debug][gc,phases      ] GC(129)         Dead                      Min: 0, Avg:  0.0, Max: 0, Diff: 0, Sum: 0, Workers: 5
[24.937s][debug][gc,phases      ] GC(129)         Total                     Min: 41, Avg: 123.4, Max: 192, Diff: 151, Sum: 617, Workers: 5
[24.937s][debug][gc,phases      ] GC(129)     Merge Per-Thread State: 0.0ms
[24.937s][debug][gc,phases      ] GC(129)       Copied Bytes              Min: 0, Avg: 55.0, Max: 128, Diff: 128, Sum: 440, Workers: 8
[24.937s][debug][gc,phases      ] GC(129)       LAB Waste                 Min: 0, Avg:  0.0, Max: 0, Diff: 0, Sum: 0, Workers: 8
[24.937s][debug][gc,phases      ] GC(129)       LAB Undo Waste            Min: 0, Avg:  0.0, Max: 0, Diff: 0, Sum: 0, Workers: 8
[24.937s][debug][gc,phases      ] GC(129)     Code Roots Purge: 0.0ms
[24.937s][debug][gc,phases      ] GC(129)     Redirty Cards: 0.0ms
[24.937s][debug][gc,phases      ] GC(129)     DerivedPointerTable Update: 0.0ms
[24.937s][debug][gc,phases      ] GC(129)     Free Collection Set: 0.1ms
[24.937s][debug][gc,phases      ] GC(129)     Rebuild Free List: 0.0ms
[24.937s][debug][gc,phases      ] GC(129)     Humongous Reclaim: 0.0ms
[24.937s][debug][gc,phases      ] GC(129)     Start New Collection Set: 0.0ms
[24.937s][debug][gc,phases      ] GC(129)     Resize TLABs: 0.0ms
[24.937s][debug][gc,phases      ] GC(129)     Expand Heap After Collection: 0.0ms
[24.937s][info ][gc,phases      ] GC(129)   Other: 0.3ms
[24.937s][info ][gc,heap        ] GC(129) Eden regions: 177->0(177)
[24.937s][info ][gc,heap        ] GC(129) Survivor regions: 1->1(23)
[24.937s][info ][gc,heap        ] GC(129) Old regions: 7->7
[24.937s][info ][gc,heap        ] GC(129) Archive regions: 2->2
[24.937s][info ][gc,heap        ] GC(129) Humongous regions: 0->0
[24.937s][info ][gc,metaspace   ] GC(129) Metaspace: 10703K(11136K)->10703K(11136K) NonClass: 9440K(9728K)->9440K(9728K) Class: 1263K(1408K)->1263K(1408K)
[24.937s][debug][gc,heap        ] GC(129) Heap after GC invocations=130 (full 1): garbage-first heap   total 305152K, used 4440K [0x0000000700000000, 0x0000000800000000)
[24.937s][debug][gc,heap        ] GC(129)   region size 1024K, 1 young (1024K), 1 survivors (1024K)
[24.937s][debug][gc,heap        ] GC(129)  Metaspace       used 10703K, capacity 10992K, committed 11136K, reserved 1058816K
[24.937s][debug][gc,heap        ] GC(129)   class space    used 1263K, capacity 1389K, committed 1408K, reserved 1048576K
[24.937s][info ][gc             ] GC(129) Pause Young (Normal) (G1 Evacuation Pause) 181M->4M(298M) 1.480ms
[24.937s][info ][gc,cpu         ] GC(129) User=0.00s Sys=0.00s Real=0.00s
[24.937s][info ][safepoint      ] Safepoint "G1CollectForAllocation", Time since last: 167881283 ns, Reaching safepoint: 145340 ns, At safepoint: 1651119 ns, Total: 1796459 ns
[25.104s][debug][gc,heap        ] GC(130) Heap before GC invocations=130 (full 1): garbage-first heap   total 305152K, used 185688K [0x0000000700000000, 0x0000000800000000)
[25.104s][debug][gc,heap        ] GC(130)   region size 1024K, 178 young (182272K), 1 survivors (1024K)
[25.104s][debug][gc,heap        ] GC(130)  Metaspace       used 10703K, capacity 10992K, committed 11136K, reserved 1058816K
[25.104s][debug][gc,heap        ] GC(130)   class space    used 1263K, capacity 1389K, committed 1408K, reserved 1048576K
[25.104s][info ][gc,start       ] GC(130) Pause Young (Normal) (G1 Evacuation Pause)
[25.104s][info ][gc,task        ] GC(130) Using 8 workers of 8 for evacuation
[25.104s][debug][gc,tlab        ] GC(130) TLAB totals: thrds: 8  refills: 713 max: 97 slow allocs: 0 max 0 waste:  0.9% gc: 1290672B max: 385232B slow: 412456B max: 55856B fast: 0B max: 0B
[25.104s][debug][gc,age         ] GC(130) Desired survivor size 12058624 bytes, new threshold 15 (max threshold 15)
[25.104s][debug][gc,alloc,region] GC(130) Mutator Allocation stats, regions: 177, wasted size: 0B ( 0.0%)
[25.104s][debug][gc,ergo        ] GC(130) Running G1 Merge Heap Roots using 8 workers for 178 regions
[25.104s][debug][gc,remset      ] GC(130) Visited cards 256 Total dirty 2048 (12.50%) Total old 747520 (0.03%)
[25.104s][debug][gc,ergo        ] GC(130) Running G1 Clear Card Table Task using 1 workers for 1 units of work for 179 regions.
[25.105s][debug][gc,ref         ] GC(130) Skipped phase1 of Reference Processing due to unavailable references
[25.105s][debug][gc,ref         ] GC(130) Skipped phase2 of Reference Processing due to unavailable references
[25.105s][debug][gc,ref         ] GC(130) Skipped phase3 of Reference Processing due to unavailable references
[25.105s][debug][gc,ref         ] GC(130) Skipped phase4 of Reference Processing due to unavailable references
[25.105s][debug][gc,ergo        ] GC(130) Running G1 Free Collection Set using 8 workers for collection set length 178 (298)
[25.105s][debug][gc,ergo        ] GC(130) Running G1 Rebuild Free List Task using 8 workers for rebuilding free list of 0 (4096) regions
[25.105s][trace][gc,age         ] GC(130) Age table with threshold 15 (max threshold 15)
[25.105s][trace][gc,age         ] GC(130) - age   1:        552 bytes,        552 total
[25.105s][debug][gc,plab        ] GC(130) Young PLAB allocation: allocated: 12384B, wasted: 0B, unused: 11832B, used: 552B, undo waste: 0B, 
[25.105s][debug][gc,plab        ] GC(130) Young other allocation: region end waste: 0B, regions filled: 1, direct allocated: 0B, failure used: 0B, failure wasted: 0B
[25.105s][debug][gc,plab        ] GC(130) Young sizing: calculated: 104B, actual: 2064B
[25.105s][debug][gc,plab        ] GC(130) Old PLAB allocation: allocated: 0B, wasted: 0B, unused: 0B, used: 0B, undo waste: 0B, 
[25.105s][debug][gc,plab        ] GC(130) Old other allocation: region end waste: 0B, regions filled: 1, direct allocated: 0B, failure used: 0B, failure wasted: 0B
[25.105s][debug][gc,plab        ] GC(130) Old sizing: calculated: 0B, actual: 2064B
[25.105s][debug][gc,ihop        ] GC(130) Basic information (value update), threshold: 140614041B (45.00), target occupancy: 312475648B, current occupancy: 4547152B, recent allocation size: 0B, recent allocation duration: 167.71ms, recent old gen allocation rate: 0.00B/s, recent marking phase length: 0.00ms
[25.105s][debug][gc,ihop        ] GC(130) Adaptive IHOP information (value update), threshold: 140614041B (47.37), internal target occupancy: 296851865B, occupancy: 4547152B, additional buffer size: 186646528B, predicted old gen allocation rate: 4342.10B/s, predicted marking phase length: 0.00ms, prediction active: false
[25.105s][debug][gc,ergo,refine ] GC(130) Concurrent refinement times: Logged Cards Scan time goal: 20.00ms Logged Cards Scan time: 0.00ms HCC time: 0.00ms
[25.105s][debug][gc,ergo,refine ] GC(130) Updated Refinement Zones: green: 2048, yellow: 6144, red: 10240
[25.105s][info ][gc,phases      ] GC(130)   Pre Evacuate Collection Set: 0.1ms
[25.105s][debug][gc,phases      ] GC(130)     Prepare TLABs: 0.0ms
[25.105s][debug][gc,phases      ] GC(130)     Choose Collection Set: 0.0ms
[25.105s][debug][gc,phases      ] GC(130)     Region Register: 0.1ms
[25.105s][debug][gc,phases      ] GC(130)     Prepare Heap Roots: 0.0ms
[25.105s][info ][gc,phases      ] GC(130)   Merge Heap Roots: 0.2ms
[25.105s][debug][gc,phases      ] GC(130)     Prepare Merge Heap Roots: 0.0ms
[25.105s][debug][gc,phases      ] GC(130)     Eager Reclaim (ms):       skipped
[25.105s][debug][gc,phases      ] GC(130)     Remembered Sets (ms):     Min:  0.0, Avg:  0.0, Max:  0.0, Diff:  0.0, Sum:  0.2, Workers: 8
[25.105s][debug][gc,phases      ] GC(130)       Merged Sparse:            Min: 0, Avg:  0.0, Max: 0, Diff: 0, Sum: 0, Workers: 8
[25.105s][debug][gc,phases      ] GC(130)       Merged Fine:              Min: 0, Avg:  0.0, Max: 0, Diff: 0, Sum: 0, Workers: 8
[25.105s][debug][gc,phases      ] GC(130)       Merged Coarse:            Min: 0, Avg:  0.0, Max: 0, Diff: 0, Sum: 0, Workers: 8
[25.105s][debug][gc,phases      ] GC(130)       Dirty Cards:              Min: 0, Avg:  0.0, Max: 0, Diff: 0, Sum: 0, Workers: 8
[25.105s][debug][gc,phases      ] GC(130)     Hot Card Cache (ms):      Min:  0.0, Avg:  0.0, Max:  0.0, Diff:  0.0, Sum:  0.0, Workers: 8
[25.105s][debug][gc,phases      ] GC(130)       Dirty Cards:              Min: 0, Avg:  0.0, Max: 0, Diff: 0, Sum: 0, Workers: 8
[25.105s][debug][gc,phases      ] GC(130)       Skipped Cards:            Min: 0, Avg:  0.0, Max: 0, Diff: 0, Sum: 0, Workers: 8
[25.105s][debug][gc,phases      ] GC(130)     Log Buffers (ms):         Min:  0.0, Avg:  0.0, Max:  0.0, Diff:  0.0, Sum:  0.0, Workers: 8
[25.105s][debug][gc,phases      ] GC(130)       Dirty Cards:              Min: 0, Avg:  0.1, Max: 1, Diff: 1, Sum: 1, Workers: 8
[25.105s][debug][gc,phases      ] GC(130)       Skipped Cards:            Min: 0, Avg:  0.0, Max: 0, Diff: 0, Sum: 0, Workers: 8
[25.105s][info ][gc,phases      ] GC(130)   Evacuate Collection Set: 0.2ms
[25.105s][debug][gc,phases      ] GC(130)     Ext Root Scanning (ms):   Min:  0.0, Avg:  0.0, Max:  0.1, Diff:  0.1, Sum:  0.4, Workers: 8
[25.105s][debug][gc,phases      ] GC(130)     Scan Heap Roots (ms):     Min:  0.0, Avg:  0.0, Max:  0.0, Diff:  0.0, Sum:  0.0, Workers: 8
[25.105s][debug][gc,phases      ] GC(130)       Scanned Cards:            Min: 0, Avg:  0.1, Max: 1, Diff: 1, Sum: 1, Workers: 8
[25.105s][debug][gc,phases      ] GC(130)       Scanned Blocks:           Min: 0, Avg:  0.1, Max: 1, Diff: 1, Sum: 1, Workers: 8
[25.105s][debug][gc,phases      ] GC(130)       Claimed Chunks:           Min: 0, Avg:  0.1, Max: 1, Diff: 1, Sum: 1, Workers: 8
[25.105s][debug][gc,phases      ] GC(130)     Code Root Scan (ms):      Min:  0.0, Avg:  0.0, Max:  0.0, Diff:  0.0, Sum:  0.0, Workers: 8
[25.105s][debug][gc,phases      ] GC(130)     Object Copy (ms):         Min:  0.0, Avg:  0.0, Max:  0.0, Diff:  0.0, Sum:  0.0, Workers: 8
[25.105s][debug][gc,phases      ] GC(130)     Termination (ms):         Min:  0.1, Avg:  0.1, Max:  0.1, Diff:  0.0, Sum:  0.7, Workers: 8
[25.105s][debug][gc,phases      ] GC(130)       Termination Attempts:     Min: 1, Avg:  1.0, Max: 1, Diff: 0, Sum: 8, Workers: 8
[25.105s][debug][gc,phases      ] GC(130)     GC Worker Other (ms):     Min:  0.0, Avg:  0.0, Max:  0.0, Diff:  0.0, Sum:  0.2, Workers: 8
[25.105s][debug][gc,phases      ] GC(130)     GC Worker Total (ms):     Min:  0.1, Avg:  0.2, Max:  0.2, Diff:  0.1, Sum:  1.4, Workers: 8
[25.105s][info ][gc,phases      ] GC(130)   Post Evacuate Collection Set: 0.4ms
[25.105s][debug][gc,phases      ] GC(130)     Code Roots Fixup: 0.0ms
[25.105s][debug][gc,phases      ] GC(130)     Clear Card Table: 0.1ms
[25.105s][debug][gc,phases      ] GC(130)     Reference Processing: 0.0ms
[25.105s][debug][gc,phases,ref  ] GC(130)       Reconsider SoftReferences: 0.0ms
[25.105s][debug][gc,phases,ref  ] GC(130)         SoftRef (ms):             skipped
[25.105s][debug][gc,phases,ref  ] GC(130)       Notify Soft/WeakReferences: 0.0ms
[25.105s][debug][gc,phases,ref  ] GC(130)         SoftRef (ms):             skipped
[25.105s][debug][gc,phases,ref  ] GC(130)         WeakRef (ms):             skipped
[25.105s][debug][gc,phases,ref  ] GC(130)         FinalRef (ms):            skipped
[25.105s][debug][gc,phases,ref  ] GC(130)         Total (ms):               skipped
[25.105s][debug][gc,phases,ref  ] GC(130)       Notify and keep alive finalizable: 0.0ms
[25.105s][debug][gc,phases,ref  ] GC(130)         FinalRef (ms):            skipped
[25.105s][debug][gc,phases,ref  ] GC(130)       Notify PhantomReferences: 0.0ms
[25.105s][debug][gc,phases,ref  ] GC(130)         PhantomRef (ms):          skipped
[25.105s][debug][gc,phases,ref  ] GC(130)       SoftReference:
[25.105s][debug][gc,phases,ref  ] GC(130)         Discovered: 0
[25.105s][debug][gc,phases,ref  ] GC(130)         Cleared: 0
[25.105s][debug][gc,phases,ref  ] GC(130)       WeakReference:
[25.105s][debug][gc,phases,ref  ] GC(130)         Discovered: 0
[25.105s][debug][gc,phases,ref  ] GC(130)         Cleared: 0
[25.105s][debug][gc,phases,ref  ] GC(130)       FinalReference:
[25.105s][debug][gc,phases,ref  ] GC(130)         Discovered: 0
[25.105s][debug][gc,phases,ref  ] GC(130)         Cleared: 0
[25.105s][debug][gc,phases,ref  ] GC(130)       PhantomReference:
[25.105s][debug][gc,phases,ref  ] GC(130)         Discovered: 0
[25.105s][debug][gc,phases,ref  ] GC(130)         Cleared: 0
[25.105s][debug][gc,phases      ] GC(130)     Weak Processing: 0.0ms
[25.105s][debug][gc,phases      ] GC(130)       JVMTI weak processing: 0.0ms
[25.105s][debug][gc,phases      ] GC(130)         Dead: 0
[25.105s][debug][gc,phases      ] GC(130)         Total: 0
[25.105s][debug][gc,phases      ] GC(130)       JFR weak processing: 0.0ms
[25.105s][debug][gc,phases      ] GC(130)         Dead: 0
[25.105s][debug][gc,phases      ] GC(130)         Total: 0
[25.105s][debug][gc,phases      ] GC(130)       JNI weak                  Min:  0.0, Avg:  0.0, Max:  0.0, Diff:  0.0, Sum:  0.0, Workers: 5
[25.105s][debug][gc,phases      ] GC(130)         Dead                      Min: 0, Avg:  0.0, Max: 0, Diff: 0, Sum: 0, Workers: 5
[25.105s][debug][gc,phases      ] GC(130)         Total                     Min: 0, Avg: 13.4, Max: 52, Diff: 52, Sum: 67, Workers: 5
[25.105s][debug][gc,phases      ] GC(130)       VM weak                   Min:  0.0, Avg:  0.0, Max:  0.0, Diff:  0.0, Sum:  0.0, Workers: 5
[25.105s][debug][gc,phases      ] GC(130)         Dead                      Min: 0, Avg:  0.0, Max: 0, Diff: 0, Sum: 0, Workers: 5
[25.105s][debug][gc,phases      ] GC(130)         Total                     Min: 0, Avg: 47.6, Max: 128, Diff: 128, Sum: 238, Workers: 5
[25.105s][debug][gc,phases      ] GC(130)       StringTable weak          Min:  0.0, Avg:  0.0, Max:  0.0, Diff:  0.0, Sum:  0.1, Workers: 5
[25.105s][debug][gc,phases      ] GC(130)         Dead                      Min: 0, Avg:  0.0, Max: 0, Diff: 0, Sum: 0, Workers: 5
[25.105s][debug][gc,phases      ] GC(130)         Total                     Min: 0, Avg: 728.6, Max: 958, Diff: 958, Sum: 3643, Workers: 5
[25.105s][debug][gc,phases      ] GC(130)       ResolvedMethodTable weak  Min:  0.0, Avg:  0.0, Max:  0.0, Diff:  0.0, Sum:  0.0, Workers: 5
[25.105s][debug][gc,phases      ] GC(130)         Dead                      Min: 0, Avg:  0.0, Max: 0, Diff: 0, Sum: 0, Workers: 5
[25.105s][debug][gc,phases      ] GC(130)         Total                     Min: 0, Avg: 123.4, Max: 192, Diff: 192, Sum: 617, Workers: 5
[25.105s][debug][gc,phases      ] GC(130)     Merge Per-Thread State: 0.0ms
[25.105s][debug][gc,phases      ] GC(130)       Copied Bytes              Min: 0, Avg: 69.0, Max: 128, Diff: 128, Sum: 552, Workers: 8
[25.105s][debug][gc,phases      ] GC(130)       LAB Waste                 Min: 0, Avg:  0.0, Max: 0, Diff: 0, Sum: 0, Workers: 8
[25.105s][debug][gc,phases      ] GC(130)       LAB Undo Waste            Min: 0, Avg:  0.0, Max: 0, Diff: 0, Sum: 0, Workers: 8
[25.105s][debug][gc,phases      ] GC(130)     Code Roots Purge: 0.0ms
[25.105s][debug][gc,phases      ] GC(130)     Redirty Cards: 0.0ms
[25.105s][debug][gc,phases      ] GC(130)     DerivedPointerTable Update: 0.0ms
[25.105s][debug][gc,phases      ] GC(130)     Free Collection Set: 0.1ms
[25.105s][debug][gc,phases      ] GC(130)     Rebuild Free List: 0.1ms
[25.105s][debug][gc,phases      ] GC(130)     Humongous Reclaim: 0.0ms
[25.105s][debug][gc,phases      ] GC(130)     Start New Collection Set: 0.0ms
[25.106s][debug][gc,phases      ] GC(130)     Resize TLABs: 0.0ms
[25.106s][debug][gc,phases      ] GC(130)     Expand Heap After Collection: 0.0ms
[25.106s][info ][gc,phases      ] GC(130)   Other: 0.3ms
[25.106s][info ][gc,heap        ] GC(130) Eden regions: 177->0(177)
[25.106s][info ][gc,heap        ] GC(130) Survivor regions: 1->1(23)
[25.106s][info ][gc,heap        ] GC(130) Old regions: 7->7
[25.106s][info ][gc,heap        ] GC(130) Archive regions: 2->2
[25.106s][info ][gc,heap        ] GC(130) Humongous regions: 0->0
[25.106s][info ][gc,metaspace   ] GC(130) Metaspace: 10703K(11136K)->10703K(11136K) NonClass: 9440K(9728K)->9440K(9728K) Class: 1263K(1408K)->1263K(1408K)
[25.106s][debug][gc,heap        ] GC(130) Heap after GC invocations=131 (full 1): garbage-first heap   total 305152K, used 4440K [0x0000000700000000, 0x0000000800000000)
[25.106s][debug][gc,heap        ] GC(130)   region size 1024K, 1 young (1024K), 1 survivors (1024K)
[25.106s][debug][gc,heap        ] GC(130)  Metaspace       used 10703K, capacity 10992K, committed 11136K, reserved 1058816K
[25.106s][debug][gc,heap        ] GC(130)   class space    used 1263K, capacity 1389K, committed 1408K, reserved 1048576K
[25.106s][info ][gc             ] GC(130) Pause Young (Normal) (G1 Evacuation Pause) 181M->4M(298M) 1.742ms
[25.106s][info ][gc,cpu         ] GC(130) User=0.00s Sys=0.00s Real=0.00s
[25.106s][info ][safepoint      ] Safepoint "G1CollectForAllocation", Time since last: 166769979 ns, Reaching safepoint: 106590 ns, At safepoint: 1925680 ns, Total: 2032270 ns
[25.271s][debug][gc,heap        ] GC(131) Heap before GC invocations=131 (full 1): garbage-first heap   total 305152K, used 185688K [0x0000000700000000, 0x0000000800000000)
[25.271s][debug][gc,heap        ] GC(131)   region size 1024K, 178 young (182272K), 1 survivors (1024K)
[25.271s][debug][gc,heap        ] GC(131)  Metaspace       used 10703K, capacity 10992K, committed 11136K, reserved 1058816K
[25.271s][debug][gc,heap        ] GC(131)   class space    used 1263K, capacity 1389K, committed 1408K, reserved 1048576K
[25.271s][info ][gc,start       ] GC(131) Pause Young (Normal) (G1 Evacuation Pause)
[25.271s][info ][gc,task        ] GC(131) Using 8 workers of 8 for evacuation
[25.271s][debug][gc,tlab        ] GC(131) TLAB totals: thrds: 8  refills: 711 max: 100 slow allocs: 0 max 0 waste:  1.1% gc: 1691792B max: 410176B slow: 411888B max: 57792B fast: 0B max: 0B
[25.271s][debug][gc,age         ] GC(131) Desired survivor size 12058624 bytes, new threshold 15 (max threshold 15)
[25.271s][debug][gc,alloc,region] GC(131) Mutator Allocation stats, regions: 177, wasted size: 0B ( 0.0%)
[25.271s][debug][gc,ergo        ] GC(131) Running G1 Merge Heap Roots using 8 workers for 178 regions
[25.272s][debug][gc,remset      ] GC(131) Visited cards 256 Total dirty 2048 (12.50%) Total old 747520 (0.03%)
[25.272s][debug][gc,ergo        ] GC(131) Running G1 Clear Card Table Task using 1 workers for 1 units of work for 179 regions.
[25.272s][debug][gc,ref         ] GC(131) Skipped phase1 of Reference Processing due to unavailable references
[25.272s][debug][gc,ref         ] GC(131) Skipped phase2 of Reference Processing due to unavailable references
[25.272s][debug][gc,ref         ] GC(131) Skipped phase3 of Reference Processing due to unavailable references
[25.272s][debug][gc,ref         ] GC(131) Skipped phase4 of Reference Processing due to unavailable references
[25.272s][debug][gc,ergo        ] GC(131) Running G1 Free Collection Set using 8 workers for collection set length 178 (298)
[25.272s][debug][gc,ergo        ] GC(131) Running G1 Rebuild Free List Task using 8 workers for rebuilding free list of 0 (4096) regions
[25.272s][trace][gc,age         ] GC(131) Age table with threshold 15 (max threshold 15)
[25.272s][trace][gc,age         ] GC(131) - age   1:        336 bytes,        336 total
[25.272s][debug][gc,plab        ] GC(131) Young PLAB allocation: allocated: 10320B, wasted: 0B, unused: 9984B, used: 336B, undo waste: 0B, 
[25.272s][debug][gc,plab        ] GC(131) Young other allocation: region end waste: 0B, regions filled: 1, direct allocated: 0B, failure used: 0B, failure wasted: 0B
[25.272s][debug][gc,plab        ] GC(131) Young sizing: calculated: 64B, actual: 2064B
[25.272s][debug][gc,plab        ] GC(131) Old PLAB allocation: allocated: 0B, wasted: 0B, unused: 0B, used: 0B, undo waste: 0B, 
[25.272s][debug][gc,plab        ] GC(131) Old other allocation: region end waste: 0B, regions filled: 1, direct allocated: 0B, failure used: 0B, failure wasted: 0B
[25.272s][debug][gc,plab        ] GC(131) Old sizing: calculated: 0B, actual: 2064B
[25.272s][debug][gc,ihop        ] GC(131) Basic information (value update), threshold: 140614041B (45.00), target occupancy: 312475648B, current occupancy: 4545088B, recent allocation size: 0B, recent allocation duration: 166.37ms, recent old gen allocation rate: 0.00B/s, recent marking phase length: 0.00ms
[25.272s][debug][gc,ihop        ] GC(131) Adaptive IHOP information (value update), threshold: 140614041B (47.37), internal target occupancy: 296851865B, occupancy: 4545088B, additional buffer size: 186646528B, predicted old gen allocation rate: 4225.68B/s, predicted marking phase length: 0.00ms, prediction active: false
[25.272s][debug][gc,ergo,refine ] GC(131) Concurrent refinement times: Logged Cards Scan time goal: 20.00ms Logged Cards Scan time: 0.00ms HCC time: 0.00ms
[25.272s][debug][gc,ergo,refine ] GC(131) Updated Refinement Zones: green: 2048, yellow: 6144, red: 10240
[25.272s][info ][gc,phases      ] GC(131)   Pre Evacuate Collection Set: 0.1ms
[25.272s][debug][gc,phases      ] GC(131)     Prepare TLABs: 0.0ms
[25.272s][debug][gc,phases      ] GC(131)     Choose Collection Set: 0.0ms
[25.272s][debug][gc,phases      ] GC(131)     Region Register: 0.1ms
[25.272s][debug][gc,phases      ] GC(131)     Prepare Heap Roots: 0.0ms
[25.272s][info ][gc,phases      ] GC(131)   Merge Heap Roots: 0.1ms
[25.272s][debug][gc,phases      ] GC(131)     Prepare Merge Heap Roots: 0.0ms
[25.272s][debug][gc,phases      ] GC(131)     Eager Reclaim (ms):       skipped
[25.272s][debug][gc,phases      ] GC(131)     Remembered Sets (ms):     Min:  0.0, Avg:  0.0, Max:  0.0, Diff:  0.0, Sum:  0.0, Workers: 8
[25.272s][debug][gc,phases      ] GC(131)       Merged Sparse:            Min: 0, Avg:  0.0, Max: 0, Diff: 0, Sum: 0, Workers: 8
[25.272s][debug][gc,phases      ] GC(131)       Merged Fine:              Min: 0, Avg:  0.0, Max: 0, Diff: 0, Sum: 0, Workers: 8
[25.272s][debug][gc,phases      ] GC(131)       Merged Coarse:            Min: 0, Avg:  0.0, Max: 0, Diff: 0, Sum: 0, Workers: 8
[25.272s][debug][gc,phases      ] GC(131)       Dirty Cards:              Min: 0, Avg:  0.0, Max: 0, Diff: 0, Sum: 0, Workers: 8
[25.272s][debug][gc,phases      ] GC(131)     Hot Card Cache (ms):      Min:  0.0, Avg:  0.0, Max:  0.0, Diff:  0.0, Sum:  0.0, Workers: 8
[25.272s][debug][gc,phases      ] GC(131)       Dirty Cards:              Min: 0, Avg:  0.0, Max: 0, Diff: 0, Sum: 0, Workers: 8
[25.272s][debug][gc,phases      ] GC(131)       Skipped Cards:            Min: 0, Avg:  0.0, Max: 0, Diff: 0, Sum: 0, Workers: 8
[25.272s][debug][gc,phases      ] GC(131)     Log Buffers (ms):         Min:  0.0, Avg:  0.0, Max:  0.0, Diff:  0.0, Sum:  0.0, Workers: 8
[25.272s][debug][gc,phases      ] GC(131)       Dirty Cards:              Min: 0, Avg:  0.1, Max: 1, Diff: 1, Sum: 1, Workers: 8
[25.272s][debug][gc,phases      ] GC(131)       Skipped Cards:            Min: 0, Avg:  0.0, Max: 0, Diff: 0, Sum: 0, Workers: 8
[25.272s][info ][gc,phases      ] GC(131)   Evacuate Collection Set: 0.2ms
[25.272s][debug][gc,phases      ] GC(131)     Ext Root Scanning (ms):   Min:  0.0, Avg:  0.0, Max:  0.1, Diff:  0.1, Sum:  0.2, Workers: 8
[25.272s][debug][gc,phases      ] GC(131)     Scan Heap Roots (ms):     Min:  0.0, Avg:  0.0, Max:  0.0, Diff:  0.0, Sum:  0.0, Workers: 8
[25.272s][debug][gc,phases      ] GC(131)       Scanned Cards:            Min: 0, Avg:  0.1, Max: 1, Diff: 1, Sum: 1, Workers: 8
[25.272s][debug][gc,phases      ] GC(131)       Scanned Blocks:           Min: 0, Avg:  0.1, Max: 1, Diff: 1, Sum: 1, Workers: 8
[25.272s][debug][gc,phases      ] GC(131)       Claimed Chunks:           Min: 0, Avg:  0.1, Max: 1, Diff: 1, Sum: 1, Workers: 8
[25.272s][debug][gc,phases      ] GC(131)     Code Root Scan (ms):      Min:  0.0, Avg:  0.0, Max:  0.0, Diff:  0.0, Sum:  0.0, Workers: 8
[25.272s][debug][gc,phases      ] GC(131)     Object Copy (ms):         Min:  0.0, Avg:  0.0, Max:  0.0, Diff:  0.0, Sum:  0.0, Workers: 8
[25.272s][debug][gc,phases      ] GC(131)     Termination (ms):         Min:  0.1, Avg:  0.1, Max:  0.1, Diff:  0.0, Sum:  0.9, Workers: 8
[25.273s][debug][gc,phases      ] GC(131)       Termination Attempts:     Min: 1, Avg:  1.0, Max: 1, Diff: 0, Sum: 8, Workers: 8
[25.273s][debug][gc,phases      ] GC(131)     GC Worker Other (ms):     Min:  0.0, Avg:  0.0, Max:  0.0, Diff:  0.0, Sum:  0.2, Workers: 8
[25.273s][debug][gc,phases      ] GC(131)     GC Worker Total (ms):     Min:  0.1, Avg:  0.2, Max:  0.2, Diff:  0.1, Sum:  1.4, Workers: 8
[25.273s][info ][gc,phases      ] GC(131)   Post Evacuate Collection Set: 0.5ms
[25.273s][debug][gc,phases      ] GC(131)     Code Roots Fixup: 0.0ms
[25.273s][debug][gc,phases      ] GC(131)     Clear Card Table: 0.1ms
[25.273s][debug][gc,phases      ] GC(131)     Reference Processing: 0.0ms
[25.273s][debug][gc,phases,ref  ] GC(131)       Reconsider SoftReferences: 0.0ms
[25.273s][debug][gc,phases,ref  ] GC(131)         SoftRef (ms):             skipped
[25.273s][debug][gc,phases,ref  ] GC(131)       Notify Soft/WeakReferences: 0.0ms
[25.273s][debug][gc,phases,ref  ] GC(131)         SoftRef (ms):             skipped
[25.273s][debug][gc,phases,ref  ] GC(131)         WeakRef (ms):             skipped
[25.273s][debug][gc,phases,ref  ] GC(131)         FinalRef (ms):            skipped
[25.273s][debug][gc,phases,ref  ] GC(131)         Total (ms):               skipped
[25.273s][debug][gc,phases,ref  ] GC(131)       Notify and keep alive finalizable: 0.0ms
[25.273s][debug][gc,phases,ref  ] GC(131)         FinalRef (ms):            skipped
[25.273s][debug][gc,phases,ref  ] GC(131)       Notify PhantomReferences: 0.0ms
[25.273s][debug][gc,phases,ref  ] GC(131)         PhantomRef (ms):          skipped
[25.273s][debug][gc,phases,ref  ] GC(131)       SoftReference:
[25.273s][debug][gc,phases,ref  ] GC(131)         Discovered: 0
[25.273s][debug][gc,phases,ref  ] GC(131)         Cleared: 0
[25.273s][debug][gc,phases,ref  ] GC(131)       WeakReference:
[25.273s][debug][gc,phases,ref  ] GC(131)         Discovered: 0
[25.273s][debug][gc,phases,ref  ] GC(131)         Cleared: 0
[25.273s][debug][gc,phases,ref  ] GC(131)       FinalReference:
[25.273s][debug][gc,phases,ref  ] GC(131)         Discovered: 0
[25.273s][debug][gc,phases,ref  ] GC(131)         Cleared: 0
[25.273s][debug][gc,phases,ref  ] GC(131)       PhantomReference:
[25.273s][debug][gc,phases,ref  ] GC(131)         Discovered: 0
[25.273s][debug][gc,phases,ref  ] GC(131)         Cleared: 0
[25.273s][debug][gc,phases      ] GC(131)     Weak Processing: 0.1ms
[25.273s][debug][gc,phases      ] GC(131)       JVMTI weak processing: 0.0ms
[25.273s][debug][gc,phases      ] GC(131)         Dead: 0
[25.273s][debug][gc,phases      ] GC(131)         Total: 0
[25.273s][debug][gc,phases      ] GC(131)       JFR weak processing: 0.0ms
[25.273s][debug][gc,phases      ] GC(131)         Dead: 0
[25.273s][debug][gc,phases      ] GC(131)         Total: 0
[25.273s][debug][gc,phases      ] GC(131)       JNI weak                  Min:  0.0, Avg:  0.0, Max:  0.0, Diff:  0.0, Sum:  0.0, Workers: 5
[25.273s][debug][gc,phases      ] GC(131)         Dead                      Min: 0, Avg:  0.0, Max: 0, Diff: 0, Sum: 0, Workers: 5
[25.273s][debug][gc,phases      ] GC(131)         Total                     Min: 0, Avg: 13.4, Max: 52, Diff: 52, Sum: 67, Workers: 5
[25.273s][debug][gc,phases      ] GC(131)       VM weak                   Min:  0.0, Avg:  0.0, Max:  0.0, Diff:  0.0, Sum:  0.0, Workers: 5
[25.273s][debug][gc,phases      ] GC(131)         Dead                      Min: 0, Avg:  0.0, Max: 0, Diff: 0, Sum: 0, Workers: 5
[25.273s][debug][gc,phases      ] GC(131)         Total                     Min: 0, Avg: 47.6, Max: 128, Diff: 128, Sum: 238, Workers: 5
[25.273s][debug][gc,phases      ] GC(131)       StringTable weak          Min:  0.0, Avg:  0.0, Max:  0.1, Diff:  0.1, Sum:  0.1, Workers: 5
[25.273s][debug][gc,phases      ] GC(131)         Dead                      Min: 0, Avg:  0.0, Max: 0, Diff: 0, Sum: 0, Workers: 5
[25.273s][debug][gc,phases      ] GC(131)         Total                     Min: 0, Avg: 728.6, Max: 1851, Diff: 1851, Sum: 3643, Workers: 5
[25.273s][debug][gc,phases      ] GC(131)       ResolvedMethodTable weak  Min:  0.0, Avg:  0.0, Max:  0.0, Diff:  0.0, Sum:  0.0, Workers: 5
[25.273s][debug][gc,phases      ] GC(131)         Dead                      Min: 0, Avg:  0.0, Max: 0, Diff: 0, Sum: 0, Workers: 5
[25.273s][debug][gc,phases      ] GC(131)         Total                     Min: 0, Avg: 123.4, Max: 192, Diff: 192, Sum: 617, Workers: 5
[25.273s][debug][gc,phases      ] GC(131)     Merge Per-Thread State: 0.0ms
[25.273s][debug][gc,phases      ] GC(131)       Copied Bytes              Min: 0, Avg: 42.0, Max: 104, Diff: 104, Sum: 336, Workers: 8
[25.273s][debug][gc,phases      ] GC(131)       LAB Waste                 Min: 0, Avg:  0.0, Max: 0, Diff: 0, Sum: 0, Workers: 8
[25.273s][debug][gc,phases      ] GC(131)       LAB Undo Waste            Min: 0, Avg:  0.0, Max: 0, Diff: 0, Sum: 0, Workers: 8
[25.273s][debug][gc,phases      ] GC(131)     Code Roots Purge: 0.0ms
[25.273s][debug][gc,phases      ] GC(131)     Redirty Cards: 0.1ms
[25.273s][debug][gc,phases      ] GC(131)     DerivedPointerTable Update: 0.0ms
[25.273s][debug][gc,phases      ] GC(131)     Free Collection Set: 0.1ms
[25.273s][debug][gc,phases      ] GC(131)     Rebuild Free List: 0.0ms
[25.273s][debug][gc,phases      ] GC(131)     Humongous Reclaim: 0.0ms
[25.273s][debug][gc,phases      ] GC(131)     Start New Collection Set: 0.0ms
[25.273s][debug][gc,phases      ] GC(131)     Resize TLABs: 0.0ms
[25.273s][debug][gc,phases      ] GC(131)     Expand Heap After Collection: 0.0ms
[25.273s][info ][gc,phases      ] GC(131)   Other: 0.3ms
[25.273s][info ][gc,heap        ] GC(131) Eden regions: 177->0(177)
[25.273s][info ][gc,heap        ] GC(131) Survivor regions: 1->1(23)
[25.273s][info ][gc,heap        ] GC(131) Old regions: 7->7
[25.273s][info ][gc,heap        ] GC(131) Archive regions: 2->2
[25.273s][info ][gc,heap        ] GC(131) Humongous regions: 0->0
[25.273s][info ][gc,metaspace   ] GC(131) Metaspace: 10703K(11136K)->10703K(11136K) NonClass: 9440K(9728K)->9440K(9728K) Class: 1263K(1408K)->1263K(1408K)
[25.273s][debug][gc,heap        ] GC(131) Heap after GC invocations=132 (full 1): garbage-first heap   total 305152K, used 4438K [0x0000000700000000, 0x0000000800000000)
[25.273s][debug][gc,heap        ] GC(131)   region size 1024K, 1 young (1024K), 1 survivors (1024K)
[25.273s][debug][gc,heap        ] GC(131)  Metaspace       used 10703K, capacity 10992K, committed 11136K, reserved 1058816K
[25.273s][debug][gc,heap        ] GC(131)   class space    used 1263K, capacity 1389K, committed 1408K, reserved 1048576K
[25.273s][info ][gc             ] GC(131) Pause Young (Normal) (G1 Evacuation Pause) 181M->4M(298M) 1.660ms
[25.273s][info ][gc,cpu         ] GC(131) User=0.01s Sys=0.00s Real=0.00s
[25.273s][info ][safepoint      ] Safepoint "G1CollectForAllocation", Time since last: 165252846 ns, Reaching safepoint: 190130 ns, At safepoint: 1810575 ns, Total: 2000705 ns
[25.440s][debug][gc,heap        ] GC(132) Heap before GC invocations=132 (full 1): garbage-first heap   total 305152K, used 185686K [0x0000000700000000, 0x0000000800000000)
[25.440s][debug][gc,heap        ] GC(132)   region size 1024K, 178 young (182272K), 1 survivors (1024K)
[25.440s][debug][gc,heap        ] GC(132)  Metaspace       used 10703K, capacity 10992K, committed 11136K, reserved 1058816K
[25.440s][debug][gc,heap        ] GC(132)   class space    used 1263K, capacity 1389K, committed 1408K, reserved 1048576K
[25.440s][info ][gc,start       ] GC(132) Pause Young (Normal) (G1 Evacuation Pause)
[25.440s][info ][gc,task        ] GC(132) Using 8 workers of 8 for evacuation
[25.440s][debug][gc,tlab        ] GC(132) TLAB totals: thrds: 8  refills: 710 max: 95 slow allocs: 0 max 0 waste:  1.2% gc: 1882808B max: 472688B slow: 410880B max: 55136B fast: 0B max: 0B
[25.440s][debug][gc,age         ] GC(132) Desired survivor size 12058624 bytes, new threshold 15 (max threshold 15)
[25.440s][debug][gc,alloc,region] GC(132) Mutator Allocation stats, regions: 177, wasted size: 0B ( 0.0%)
[25.440s][debug][gc,ergo        ] GC(132) Running G1 Merge Heap Roots using 8 workers for 178 regions
[25.440s][debug][gc,remset      ] GC(132) Visited cards 256 Total dirty 2048 (12.50%) Total old 747520 (0.03%)
[25.441s][debug][gc,ergo        ] GC(132) Running G1 Clear Card Table Task using 1 workers for 1 units of work for 179 regions.
[25.441s][debug][gc,ref         ] GC(132) Skipped phase1 of Reference Processing due to unavailable references
[25.441s][debug][gc,ref         ] GC(132) Skipped phase2 of Reference Processing due to unavailable references
[25.441s][debug][gc,ref         ] GC(132) Skipped phase3 of Reference Processing due to unavailable references
[25.441s][debug][gc,ref         ] GC(132) Skipped phase4 of Reference Processing due to unavailable references
[25.441s][debug][gc,ergo        ] GC(132) Running G1 Free Collection Set using 8 workers for collection set length 178 (298)
[25.441s][debug][gc,ergo        ] GC(132) Running G1 Rebuild Free List Task using 8 workers for rebuilding free list of 0 (4096) regions
[25.441s][trace][gc,age         ] GC(132) Age table with threshold 15 (max threshold 15)
[25.441s][trace][gc,age         ] GC(132) - age   1:        280 bytes,        280 total
[25.441s][debug][gc,plab        ] GC(132) Young PLAB allocation: allocated: 8256B, wasted: 0B, unused: 7976B, used: 280B, undo waste: 0B, 
[25.441s][debug][gc,plab        ] GC(132) Young other allocation: region end waste: 0B, regions filled: 1, direct allocated: 0B, failure used: 0B, failure wasted: 0B
[25.441s][debug][gc,plab        ] GC(132) Young sizing: calculated: 56B, actual: 2064B
[25.441s][debug][gc,plab        ] GC(132) Old PLAB allocation: allocated: 0B, wasted: 0B, unused: 0B, used: 0B, undo waste: 0B, 
[25.441s][debug][gc,plab        ] GC(132) Old other allocation: region end waste: 0B, regions filled: 1, direct allocated: 0B, failure used: 0B, failure wasted: 0B
[25.441s][debug][gc,plab        ] GC(132) Old sizing: calculated: 0B, actual: 2064B
[25.441s][debug][gc,ihop        ] GC(132) Basic information (value update), threshold: 140614041B (45.00), target occupancy: 312475648B, current occupancy: 4543024B, recent allocation size: 0B, recent allocation duration: 167.78ms, recent old gen allocation rate: 0.00B/s, recent marking phase length: 0.00ms
[25.441s][debug][gc,ihop        ] GC(132) Adaptive IHOP information (value update), threshold: 140614041B (47.37), internal target occupancy: 296851865B, occupancy: 4543024B, additional buffer size: 186646528B, predicted old gen allocation rate: 4112.52B/s, predicted marking phase length: 0.00ms, prediction active: false
[25.441s][debug][gc,ergo,refine ] GC(132) Concurrent refinement times: Logged Cards Scan time goal: 20.00ms Logged Cards Scan time: 0.00ms HCC time: 0.00ms
[25.441s][debug][gc,ergo,refine ] GC(132) Updated Refinement Zones: green: 2048, yellow: 6144, red: 10240
[25.441s][info ][gc,phases      ] GC(132)   Pre Evacuate Collection Set: 0.1ms
[25.441s][debug][gc,phases      ] GC(132)     Prepare TLABs: 0.0ms
[25.441s][debug][gc,phases      ] GC(132)     Choose Collection Set: 0.0ms
[25.441s][debug][gc,phases      ] GC(132)     Region Register: 0.1ms
[25.441s][debug][gc,phases      ] GC(132)     Prepare Heap Roots: 0.0ms
[25.441s][info ][gc,phases      ] GC(132)   Merge Heap Roots: 0.1ms
[25.441s][debug][gc,phases      ] GC(132)     Prepare Merge Heap Roots: 0.0ms
[25.441s][debug][gc,phases      ] GC(132)     Eager Reclaim (ms):       skipped
[25.441s][debug][gc,phases      ] GC(132)     Remembered Sets (ms):     Min:  0.0, Avg:  0.0, Max:  0.0, Diff:  0.0, Sum:  0.1, Workers: 8
[25.441s][debug][gc,phases      ] GC(132)       Merged Sparse:            Min: 0, Avg:  0.0, Max: 0, Diff: 0, Sum: 0, Workers: 8
[25.441s][debug][gc,phases      ] GC(132)       Merged Fine:              Min: 0, Avg:  0.0, Max: 0, Diff: 0, Sum: 0, Workers: 8
[25.441s][debug][gc,phases      ] GC(132)       Merged Coarse:            Min: 0, Avg:  0.0, Max: 0, Diff: 0, Sum: 0, Workers: 8
[25.441s][debug][gc,phases      ] GC(132)       Dirty Cards:              Min: 0, Avg:  0.0, Max: 0, Diff: 0, Sum: 0, Workers: 8
[25.441s][debug][gc,phases      ] GC(132)     Hot Card Cache (ms):      Min:  0.0, Avg:  0.0, Max:  0.0, Diff:  0.0, Sum:  0.0, Workers: 8
[25.441s][debug][gc,phases      ] GC(132)       Dirty Cards:              Min: 0, Avg:  0.0, Max: 0, Diff: 0, Sum: 0, Workers: 8
[25.441s][debug][gc,phases      ] GC(132)       Skipped Cards:            Min: 0, Avg:  0.0, Max: 0, Diff: 0, Sum: 0, Workers: 8
[25.441s][debug][gc,phases      ] GC(132)     Log Buffers (ms):         Min:  0.0, Avg:  0.0, Max:  0.0, Diff:  0.0, Sum:  0.0, Workers: 8
[25.441s][debug][gc,phases      ] GC(132)       Dirty Cards:              Min: 0, Avg:  0.1, Max: 1, Diff: 1, Sum: 1, Workers: 8
[25.441s][debug][gc,phases      ] GC(132)       Skipped Cards:            Min: 0, Avg:  0.0, Max: 0, Diff: 0, Sum: 0, Workers: 8
[25.441s][info ][gc,phases      ] GC(132)   Evacuate Collection Set: 0.2ms
[25.441s][debug][gc,phases      ] GC(132)     Ext Root Scanning (ms):   Min:  0.0, Avg:  0.0, Max:  0.1, Diff:  0.1, Sum:  0.3, Workers: 8
[25.441s][debug][gc,phases      ] GC(132)     Scan Heap Roots (ms):     Min:  0.0, Avg:  0.0, Max:  0.0, Diff:  0.0, Sum:  0.0, Workers: 8
[25.441s][debug][gc,phases      ] GC(132)       Scanned Cards:            Min: 0, Avg:  0.1, Max: 1, Diff: 1, Sum: 1, Workers: 8
[25.441s][debug][gc,phases      ] GC(132)       Scanned Blocks:           Min: 0, Avg:  0.1, Max: 1, Diff: 1, Sum: 1, Workers: 8
[25.441s][debug][gc,phases      ] GC(132)       Claimed Chunks:           Min: 0, Avg:  0.1, Max: 1, Diff: 1, Sum: 1, Workers: 8
[25.441s][debug][gc,phases      ] GC(132)     Code Root Scan (ms):      Min:  0.0, Avg:  0.0, Max:  0.0, Diff:  0.0, Sum:  0.0, Workers: 8
[25.441s][debug][gc,phases      ] GC(132)     Object Copy (ms):         Min:  0.0, Avg:  0.0, Max:  0.0, Diff:  0.0, Sum:  0.0, Workers: 8
[25.441s][debug][gc,phases      ] GC(132)     Termination (ms):         Min:  0.1, Avg:  0.1, Max:  0.1, Diff:  0.0, Sum:  0.7, Workers: 8
[25.441s][debug][gc,phases      ] GC(132)       Termination Attempts:     Min: 1, Avg:  1.0, Max: 1, Diff: 0, Sum: 8, Workers: 8
[25.441s][debug][gc,phases      ] GC(132)     GC Worker Other (ms):     Min:  0.0, Avg:  0.0, Max:  0.0, Diff:  0.0, Sum:  0.2, Workers: 8
[25.441s][debug][gc,phases      ] GC(132)     GC Worker Total (ms):     Min:  0.1, Avg:  0.2, Max:  0.2, Diff:  0.1, Sum:  1.2, Workers: 8
[25.441s][info ][gc,phases      ] GC(132)   Post Evacuate Collection Set: 0.4ms
[25.441s][debug][gc,phases      ] GC(132)     Code Roots Fixup: 0.0ms
[25.441s][debug][gc,phases      ] GC(132)     Clear Card Table: 0.1ms
[25.441s][debug][gc,phases      ] GC(132)     Reference Processing: 0.0ms
[25.441s][debug][gc,phases,ref  ] GC(132)       Reconsider SoftReferences: 0.0ms
[25.441s][debug][gc,phases,ref  ] GC(132)         SoftRef (ms):             skipped
[25.441s][debug][gc,phases,ref  ] GC(132)       Notify Soft/WeakReferences: 0.0ms
[25.441s][debug][gc,phases,ref  ] GC(132)         SoftRef (ms):             skipped
[25.441s][debug][gc,phases,ref  ] GC(132)         WeakRef (ms):             skipped
[25.441s][debug][gc,phases,ref  ] GC(132)         FinalRef (ms):            skipped
[25.441s][debug][gc,phases,ref  ] GC(132)         Total (ms):               skipped
[25.441s][debug][gc,phases,ref  ] GC(132)       Notify and keep alive finalizable: 0.0ms
[25.441s][debug][gc,phases,ref  ] GC(132)         FinalRef (ms):            skipped
[25.441s][debug][gc,phases,ref  ] GC(132)       Notify PhantomReferences: 0.0ms
[25.441s][debug][gc,phases,ref  ] GC(132)         PhantomRef (ms):          skipped
[25.441s][debug][gc,phases,ref  ] GC(132)       SoftReference:
[25.441s][debug][gc,phases,ref  ] GC(132)         Discovered: 0
[25.441s][debug][gc,phases,ref  ] GC(132)         Cleared: 0
[25.441s][debug][gc,phases,ref  ] GC(132)       WeakReference:
[25.441s][debug][gc,phases,ref  ] GC(132)         Discovered: 0
[25.441s][debug][gc,phases,ref  ] GC(132)         Cleared: 0
[25.441s][debug][gc,phases,ref  ] GC(132)       FinalReference:
[25.441s][debug][gc,phases,ref  ] GC(132)         Discovered: 0
[25.441s][debug][gc,phases,ref  ] GC(132)         Cleared: 0
[25.441s][debug][gc,phases,ref  ] GC(132)       PhantomReference:
[25.441s][debug][gc,phases,ref  ] GC(132)         Discovered: 0
[25.441s][debug][gc,phases,ref  ] GC(132)         Cleared: 0
[25.441s][debug][gc,phases      ] GC(132)     Weak Processing: 0.1ms
[25.441s][debug][gc,phases      ] GC(132)       JVMTI weak processing: 0.0ms
[25.441s][debug][gc,phases      ] GC(132)         Dead: 0
[25.441s][debug][gc,phases      ] GC(132)         Total: 0
[25.441s][debug][gc,phases      ] GC(132)       JFR weak processing: 0.0ms
[25.441s][debug][gc,phases      ] GC(132)         Dead: 0
[25.441s][debug][gc,phases      ] GC(132)         Total: 0
[25.441s][debug][gc,phases      ] GC(132)       JNI weak                  Min:  0.0, Avg:  0.0, Max:  0.0, Diff:  0.0, Sum:  0.0, Workers: 5
[25.441s][debug][gc,phases      ] GC(132)         Dead                      Min: 0, Avg:  0.0, Max: 0, Diff: 0, Sum: 0, Workers: 5
[25.441s][debug][gc,phases      ] GC(132)         Total                     Min: 0, Avg: 13.4, Max: 52, Diff: 52, Sum: 67, Workers: 5
[25.441s][debug][gc,phases      ] GC(132)       VM weak                   Min:  0.0, Avg:  0.0, Max:  0.0, Diff:  0.0, Sum:  0.0, Workers: 5
[25.441s][debug][gc,phases      ] GC(132)         Dead                      Min: 0, Avg:  0.0, Max: 0, Diff: 0, Sum: 0, Workers: 5
[25.441s][debug][gc,phases      ] GC(132)         Total                     Min: 0, Avg: 47.6, Max: 128, Diff: 128, Sum: 238, Workers: 5
[25.441s][debug][gc,phases      ] GC(132)       StringTable weak          Min:  0.0, Avg:  0.0, Max:  0.0, Diff:  0.0, Sum:  0.1, Workers: 5
[25.441s][debug][gc,phases      ] GC(132)         Dead                      Min: 0, Avg:  0.0, Max: 0, Diff: 0, Sum: 0, Workers: 5
[25.441s][debug][gc,phases      ] GC(132)         Total                     Min: 64, Avg: 728.6, Max: 1150, Diff: 1086, Sum: 3643, Workers: 5
[25.441s][debug][gc,phases      ] GC(132)       ResolvedMethodTable weak  Min:  0.0, Avg:  0.0, Max:  0.0, Diff:  0.0, Sum:  0.0, Workers: 5
[25.442s][debug][gc,phases      ] GC(132)         Dead                      Min: 0, Avg:  0.0, Max: 0, Diff: 0, Sum: 0, Workers: 5
[25.442s][debug][gc,phases      ] GC(132)         Total                     Min: 41, Avg: 123.4, Max: 192, Diff: 151, Sum: 617, Workers: 5
[25.442s][debug][gc,phases      ] GC(132)     Merge Per-Thread State: 0.0ms
[25.442s][debug][gc,phases      ] GC(132)       Copied Bytes              Min: 0, Avg: 35.0, Max: 104, Diff: 104, Sum: 280, Workers: 8
[25.442s][debug][gc,phases      ] GC(132)       LAB Waste                 Min: 0, Avg:  0.0, Max: 0, Diff: 0, Sum: 0, Workers: 8
[25.442s][debug][gc,phases      ] GC(132)       LAB Undo Waste            Min: 0, Avg:  0.0, Max: 0, Diff: 0, Sum: 0, Workers: 8
[25.442s][debug][gc,phases      ] GC(132)     Code Roots Purge: 0.0ms
[25.442s][debug][gc,phases      ] GC(132)     Redirty Cards: 0.0ms
[25.442s][debug][gc,phases      ] GC(132)     DerivedPointerTable Update: 0.0ms
[25.442s][debug][gc,phases      ] GC(132)     Free Collection Set: 0.1ms
[25.442s][debug][gc,phases      ] GC(132)     Rebuild Free List: 0.0ms
[25.442s][debug][gc,phases      ] GC(132)     Humongous Reclaim: 0.0ms
[25.442s][debug][gc,phases      ] GC(132)     Start New Collection Set: 0.0ms
[25.442s][debug][gc,phases      ] GC(132)     Resize TLABs: 0.0ms
[25.442s][debug][gc,phases      ] GC(132)     Expand Heap After Collection: 0.0ms
[25.442s][info ][gc,phases      ] GC(132)   Other: 0.3ms
[25.442s][info ][gc,heap        ] GC(132) Eden regions: 177->0(177)
[25.442s][info ][gc,heap        ] GC(132) Survivor regions: 1->1(23)
[25.442s][info ][gc,heap        ] GC(132) Old regions: 7->7
[25.442s][info ][gc,heap        ] GC(132) Archive regions: 2->2
[25.442s][info ][gc,heap        ] GC(132) Humongous regions: 0->0
[25.442s][info ][gc,metaspace   ] GC(132) Metaspace: 10703K(11136K)->10703K(11136K) NonClass: 9440K(9728K)->9440K(9728K) Class: 1263K(1408K)->1263K(1408K)
[25.442s][debug][gc,heap        ] GC(132) Heap after GC invocations=133 (full 1): garbage-first heap   total 305152K, used 4436K [0x0000000700000000, 0x0000000800000000)
[25.442s][debug][gc,heap        ] GC(132)   region size 1024K, 1 young (1024K), 1 survivors (1024K)
[25.442s][debug][gc,heap        ] GC(132)  Metaspace       used 10703K, capacity 10992K, committed 11136K, reserved 1058816K
[25.442s][debug][gc,heap        ] GC(132)   class space    used 1263K, capacity 1389K, committed 1408K, reserved 1048576K
[25.442s][info ][gc             ] GC(132) Pause Young (Normal) (G1 Evacuation Pause) 181M->4M(298M) 1.612ms
[25.442s][info ][gc,cpu         ] GC(132) User=0.00s Sys=0.00s Real=0.00s
[25.442s][info ][safepoint      ] Safepoint "G1CollectForAllocation", Time since last: 166783064 ns, Reaching safepoint: 191412 ns, At safepoint: 1813240 ns, Total: 2004652 ns
[25.601s][debug][gc,heap        ] GC(133) Heap before GC invocations=133 (full 1): garbage-first heap   total 305152K, used 185684K [0x0000000700000000, 0x0000000800000000)
[25.601s][debug][gc,heap        ] GC(133)   region size 1024K, 178 young (182272K), 1 survivors (1024K)
[25.601s][debug][gc,heap        ] GC(133)  Metaspace       used 10703K, capacity 10992K, committed 11136K, reserved 1058816K
[25.601s][debug][gc,heap        ] GC(133)   class space    used 1263K, capacity 1389K, committed 1408K, reserved 1048576K
[25.601s][info ][gc,start       ] GC(133) Pause Young (Normal) (G1 Evacuation Pause)
[25.601s][info ][gc,task        ] GC(133) Using 8 workers of 8 for evacuation
[25.601s][debug][gc,tlab        ] GC(133) TLAB totals: thrds: 8  refills: 710 max: 99 slow allocs: 0 max 0 waste:  0.8% gc: 1057936B max: 417096B slow: 412952B max: 57512B fast: 0B max: 0B
[25.601s][debug][gc,age         ] GC(133) Desired survivor size 12058624 bytes, new threshold 15 (max threshold 15)
[25.601s][debug][gc,alloc,region] GC(133) Mutator Allocation stats, regions: 177, wasted size: 0B ( 0.0%)
[25.601s][debug][gc,ergo        ] GC(133) Running G1 Merge Heap Roots using 8 workers for 178 regions
[25.601s][debug][gc,remset      ] GC(133) Visited cards 256 Total dirty 2048 (12.50%) Total old 747520 (0.03%)
[25.601s][debug][gc,ergo        ] GC(133) Running G1 Clear Card Table Task using 1 workers for 1 units of work for 179 regions.
[25.601s][debug][gc,ref         ] GC(133) Skipped phase1 of Reference Processing due to unavailable references
[25.601s][debug][gc,ref         ] GC(133) Skipped phase2 of Reference Processing due to unavailable references
[25.601s][debug][gc,ref         ] GC(133) Skipped phase3 of Reference Processing due to unavailable references
[25.601s][debug][gc,ref         ] GC(133) Skipped phase4 of Reference Processing due to unavailable references
[25.601s][debug][gc,ergo        ] GC(133) Running G1 Free Collection Set using 8 workers for collection set length 178 (298)
[25.601s][debug][gc,ergo        ] GC(133) Running G1 Rebuild Free List Task using 8 workers for rebuilding free list of 0 (4096) regions
[25.601s][trace][gc,age         ] GC(133) Age table with threshold 15 (max threshold 15)
[25.601s][trace][gc,age         ] GC(133) - age   1:        544 bytes,        544 total
[25.601s][debug][gc,plab        ] GC(133) Young PLAB allocation: allocated: 8256B, wasted: 0B, unused: 7712B, used: 544B, undo waste: 0B, 
[25.601s][debug][gc,plab        ] GC(133) Young other allocation: region end waste: 0B, regions filled: 1, direct allocated: 0B, failure used: 0B, failure wasted: 0B
[25.601s][debug][gc,plab        ] GC(133) Young sizing: calculated: 104B, actual: 2064B
[25.601s][debug][gc,plab        ] GC(133) Old PLAB allocation: allocated: 0B, wasted: 0B, unused: 0B, used: 0B, undo waste: 0B, 
[25.601s][debug][gc,plab        ] GC(133) Old other allocation: region end waste: 0B, regions filled: 1, direct allocated: 0B, failure used: 0B, failure wasted: 0B
[25.601s][debug][gc,plab        ] GC(133) Old sizing: calculated: 0B, actual: 2064B
[25.601s][debug][gc,ihop        ] GC(133) Basic information (value update), threshold: 140614041B (45.00), target occupancy: 312475648B, current occupancy: 4543024B, recent allocation size: 0B, recent allocation duration: 159.69ms, recent old gen allocation rate: 0.00B/s, recent marking phase length: 0.00ms
[25.602s][debug][gc,ihop        ] GC(133) Adaptive IHOP information (value update), threshold: 140614041B (47.37), internal target occupancy: 296851865B, occupancy: 4543024B, additional buffer size: 186646528B, predicted old gen allocation rate: 4002.54B/s, predicted marking phase length: 0.00ms, prediction active: false
[25.602s][debug][gc,ergo,refine ] GC(133) Concurrent refinement times: Logged Cards Scan time goal: 20.00ms Logged Cards Scan time: 0.00ms HCC time: 0.00ms
[25.602s][debug][gc,ergo,refine ] GC(133) Updated Refinement Zones: green: 2048, yellow: 6144, red: 10240
[25.602s][info ][gc,phases      ] GC(133)   Pre Evacuate Collection Set: 0.1ms
[25.602s][debug][gc,phases      ] GC(133)     Prepare TLABs: 0.0ms
[25.602s][debug][gc,phases      ] GC(133)     Choose Collection Set: 0.0ms
[25.602s][debug][gc,phases      ] GC(133)     Region Register: 0.1ms
[25.602s][debug][gc,phases      ] GC(133)     Prepare Heap Roots: 0.0ms
[25.602s][info ][gc,phases      ] GC(133)   Merge Heap Roots: 0.1ms
[25.602s][debug][gc,phases      ] GC(133)     Prepare Merge Heap Roots: 0.0ms
[25.602s][debug][gc,phases      ] GC(133)     Eager Reclaim (ms):       skipped
[25.602s][debug][gc,phases      ] GC(133)     Remembered Sets (ms):     Min:  0.0, Avg:  0.0, Max:  0.0, Diff:  0.0, Sum:  0.1, Workers: 8
[25.602s][debug][gc,phases      ] GC(133)       Merged Sparse:            Min: 0, Avg:  0.0, Max: 0, Diff: 0, Sum: 0, Workers: 8
[25.602s][debug][gc,phases      ] GC(133)       Merged Fine:              Min: 0, Avg:  0.0, Max: 0, Diff: 0, Sum: 0, Workers: 8
[25.602s][debug][gc,phases      ] GC(133)       Merged Coarse:            Min: 0, Avg:  0.0, Max: 0, Diff: 0, Sum: 0, Workers: 8
[25.602s][debug][gc,phases      ] GC(133)       Dirty Cards:              Min: 0, Avg:  0.0, Max: 0, Diff: 0, Sum: 0, Workers: 8
[25.602s][debug][gc,phases      ] GC(133)     Hot Card Cache (ms):      Min:  0.0, Avg:  0.0, Max:  0.0, Diff:  0.0, Sum:  0.0, Workers: 8
[25.602s][debug][gc,phases      ] GC(133)       Dirty Cards:              Min: 0, Avg:  0.0, Max: 0, Diff: 0, Sum: 0, Workers: 8
[25.602s][debug][gc,phases      ] GC(133)       Skipped Cards:            Min: 0, Avg:  0.0, Max: 0, Diff: 0, Sum: 0, Workers: 8
[25.602s][debug][gc,phases      ] GC(133)     Log Buffers (ms):         Min:  0.0, Avg:  0.0, Max:  0.0, Diff:  0.0, Sum:  0.0, Workers: 8
[25.602s][debug][gc,phases      ] GC(133)       Dirty Cards:              Min: 0, Avg:  0.1, Max: 1, Diff: 1, Sum: 1, Workers: 8
[25.602s][debug][gc,phases      ] GC(133)       Skipped Cards:            Min: 0, Avg:  0.0, Max: 0, Diff: 0, Sum: 0, Workers: 8
[25.602s][info ][gc,phases      ] GC(133)   Evacuate Collection Set: 0.1ms
[25.602s][debug][gc,phases      ] GC(133)     Ext Root Scanning (ms):   Min:  0.0, Avg:  0.0, Max:  0.1, Diff:  0.1, Sum:  0.2, Workers: 8
[25.602s][debug][gc,phases      ] GC(133)     Scan Heap Roots (ms):     Min:  0.0, Avg:  0.0, Max:  0.0, Diff:  0.0, Sum:  0.0, Workers: 8
[25.602s][debug][gc,phases      ] GC(133)       Scanned Cards:            Min: 0, Avg:  0.1, Max: 1, Diff: 1, Sum: 1, Workers: 8
[25.602s][debug][gc,phases      ] GC(133)       Scanned Blocks:           Min: 0, Avg:  0.1, Max: 1, Diff: 1, Sum: 1, Workers: 8
[25.602s][debug][gc,phases      ] GC(133)       Claimed Chunks:           Min: 0, Avg:  0.1, Max: 1, Diff: 1, Sum: 1, Workers: 8
[25.602s][debug][gc,phases      ] GC(133)     Code Root Scan (ms):      Min:  0.0, Avg:  0.0, Max:  0.0, Diff:  0.0, Sum:  0.0, Workers: 8
[25.602s][debug][gc,phases      ] GC(133)     Object Copy (ms):         Min:  0.0, Avg:  0.0, Max:  0.0, Diff:  0.0, Sum:  0.0, Workers: 8
[25.602s][debug][gc,phases      ] GC(133)     Termination (ms):         Min:  0.0, Avg:  0.1, Max:  0.1, Diff:  0.0, Sum:  0.4, Workers: 8
[25.602s][debug][gc,phases      ] GC(133)       Termination Attempts:     Min: 1, Avg:  1.0, Max: 1, Diff: 0, Sum: 8, Workers: 8
[25.602s][debug][gc,phases      ] GC(133)     GC Worker Other (ms):     Min:  0.0, Avg:  0.0, Max:  0.1, Diff:  0.1, Sum:  0.2, Workers: 8
[25.602s][debug][gc,phases      ] GC(133)     GC Worker Total (ms):     Min:  0.1, Avg:  0.1, Max:  0.1, Diff:  0.0, Sum:  0.9, Workers: 8
[25.602s][info ][gc,phases      ] GC(133)   Post Evacuate Collection Set: 0.3ms
[25.602s][debug][gc,phases      ] GC(133)     Code Roots Fixup: 0.0ms
[25.602s][debug][gc,phases      ] GC(133)     Clear Card Table: 0.1ms
[25.602s][debug][gc,phases      ] GC(133)     Reference Processing: 0.0ms
[25.602s][debug][gc,phases,ref  ] GC(133)       Reconsider SoftReferences: 0.0ms
[25.602s][debug][gc,phases,ref  ] GC(133)         SoftRef (ms):             skipped
[25.602s][debug][gc,phases,ref  ] GC(133)       Notify Soft/WeakReferences: 0.0ms
[25.602s][debug][gc,phases,ref  ] GC(133)         SoftRef (ms):             skipped
[25.602s][debug][gc,phases,ref  ] GC(133)         WeakRef (ms):             skipped
[25.602s][debug][gc,phases,ref  ] GC(133)         FinalRef (ms):            skipped
[25.602s][debug][gc,phases,ref  ] GC(133)         Total (ms):               skipped
[25.602s][debug][gc,phases,ref  ] GC(133)       Notify and keep alive finalizable: 0.0ms
[25.602s][debug][gc,phases,ref  ] GC(133)         FinalRef (ms):            skipped
[25.602s][debug][gc,phases,ref  ] GC(133)       Notify PhantomReferences: 0.0ms
[25.602s][debug][gc,phases,ref  ] GC(133)         PhantomRef (ms):          skipped
[25.602s][debug][gc,phases,ref  ] GC(133)       SoftReference:
[25.602s][debug][gc,phases,ref  ] GC(133)         Discovered: 0
[25.602s][debug][gc,phases,ref  ] GC(133)         Cleared: 0
[25.602s][debug][gc,phases,ref  ] GC(133)       WeakReference:
[25.602s][debug][gc,phases,ref  ] GC(133)         Discovered: 0
[25.602s][debug][gc,phases,ref  ] GC(133)         Cleared: 0
[25.602s][debug][gc,phases,ref  ] GC(133)       FinalReference:
[25.602s][debug][gc,phases,ref  ] GC(133)         Discovered: 0
[25.602s][debug][gc,phases,ref  ] GC(133)         Cleared: 0
[25.602s][debug][gc,phases,ref  ] GC(133)       PhantomReference:
[25.602s][debug][gc,phases,ref  ] GC(133)         Discovered: 0
[25.602s][debug][gc,phases,ref  ] GC(133)         Cleared: 0
[25.602s][debug][gc,phases      ] GC(133)     Weak Processing: 0.0ms
[25.602s][debug][gc,phases      ] GC(133)       JVMTI weak processing: 0.0ms
[25.602s][debug][gc,phases      ] GC(133)         Dead: 0
[25.602s][debug][gc,phases      ] GC(133)         Total: 0
[25.602s][debug][gc,phases      ] GC(133)       JFR weak processing: 0.0ms
[25.602s][debug][gc,phases      ] GC(133)         Dead: 0
[25.602s][debug][gc,phases      ] GC(133)         Total: 0
[25.602s][debug][gc,phases      ] GC(133)       JNI weak                  Min:  0.0, Avg:  0.0, Max:  0.0, Diff:  0.0, Sum:  0.0, Workers: 5
[25.602s][debug][gc,phases      ] GC(133)         Dead                      Min: 0, Avg:  0.0, Max: 0, Diff: 0, Sum: 0, Workers: 5
[25.602s][debug][gc,phases      ] GC(133)         Total                     Min: 0, Avg: 13.4, Max: 52, Diff: 52, Sum: 67, Workers: 5
[25.602s][debug][gc,phases      ] GC(133)       VM weak                   Min:  0.0, Avg:  0.0, Max:  0.0, Diff:  0.0, Sum:  0.0, Workers: 5
[25.602s][debug][gc,phases      ] GC(133)         Dead                      Min: 0, Avg:  0.0, Max: 0, Diff: 0, Sum: 0, Workers: 5
[25.602s][debug][gc,phases      ] GC(133)         Total                     Min: 0, Avg: 47.6, Max: 64, Diff: 64, Sum: 238, Workers: 5
[25.602s][debug][gc,phases      ] GC(133)       StringTable weak          Min:  0.0, Avg:  0.0, Max:  0.0, Diff:  0.0, Sum:  0.1, Workers: 5
[25.602s][debug][gc,phases      ] GC(133)         Dead                      Min: 0, Avg:  0.0, Max: 0, Diff: 0, Sum: 0, Workers: 5
[25.602s][debug][gc,phases      ] GC(133)         Total                     Min: 704, Avg: 728.6, Max: 827, Diff: 123, Sum: 3643, Workers: 5
[25.602s][debug][gc,phases      ] GC(133)       ResolvedMethodTable weak  Min:  0.0, Avg:  0.0, Max:  0.0, Diff:  0.0, Sum:  0.0, Workers: 5
[25.602s][debug][gc,phases      ] GC(133)         Dead                      Min: 0, Avg:  0.0, Max: 0, Diff: 0, Sum: 0, Workers: 5
[25.602s][debug][gc,phases      ] GC(133)         Total                     Min: 64, Avg: 123.4, Max: 192, Diff: 128, Sum: 617, Workers: 5
[25.602s][debug][gc,phases      ] GC(133)     Merge Per-Thread State: 0.0ms
[25.602s][debug][gc,phases      ] GC(133)       Copied Bytes              Min: 0, Avg: 68.0, Max: 208, Diff: 208, Sum: 544, Workers: 8
[25.602s][debug][gc,phases      ] GC(133)       LAB Waste                 Min: 0, Avg:  0.0, Max: 0, Diff: 0, Sum: 0, Workers: 8
[25.602s][debug][gc,phases      ] GC(133)       LAB Undo Waste            Min: 0, Avg:  0.0, Max: 0, Diff: 0, Sum: 0, Workers: 8
[25.602s][debug][gc,phases      ] GC(133)     Code Roots Purge: 0.0ms
[25.602s][debug][gc,phases      ] GC(133)     Redirty Cards: 0.0ms
[25.602s][debug][gc,phases      ] GC(133)     DerivedPointerTable Update: 0.0ms
[25.602s][debug][gc,phases      ] GC(133)     Free Collection Set: 0.1ms
[25.602s][debug][gc,phases      ] GC(133)     Rebuild Free List: 0.0ms
[25.602s][debug][gc,phases      ] GC(133)     Humongous Reclaim: 0.0ms
[25.602s][debug][gc,phases      ] GC(133)     Start New Collection Set: 0.0ms
[25.602s][debug][gc,phases      ] GC(133)     Resize TLABs: 0.0ms
[25.602s][debug][gc,phases      ] GC(133)     Expand Heap After Collection: 0.0ms
[25.602s][info ][gc,phases      ] GC(133)   Other: 0.3ms
[25.602s][info ][gc,heap        ] GC(133) Eden regions: 177->0(177)
[25.602s][info ][gc,heap        ] GC(133) Survivor regions: 1->1(23)
[25.602s][info ][gc,heap        ] GC(133) Old regions: 7->7
[25.602s][info ][gc,heap        ] GC(133) Archive regions: 2->2
[25.602s][info ][gc,heap        ] GC(133) Humongous regions: 0->0
[25.602s][info ][gc,metaspace   ] GC(133) Metaspace: 10703K(11136K)->10703K(11136K) NonClass: 9440K(9728K)->9440K(9728K) Class: 1263K(1408K)->1263K(1408K)
[25.602s][debug][gc,heap        ] GC(133) Heap after GC invocations=134 (full 1): garbage-first heap   total 305152K, used 4436K [0x0000000700000000, 0x0000000800000000)
[25.602s][debug][gc,heap        ] GC(133)   region size 1024K, 1 young (1024K), 1 survivors (1024K)
[25.602s][debug][gc,heap        ] GC(133)  Metaspace       used 10703K, capacity 10992K, committed 11136K, reserved 1058816K
[25.602s][debug][gc,heap        ] GC(133)   class space    used 1263K, capacity 1389K, committed 1408K, reserved 1048576K
[25.602s][info ][gc             ] GC(133) Pause Young (Normal) (G1 Evacuation Pause) 181M->4M(298M) 1.631ms
[25.602s][info ][gc,cpu         ] GC(133) User=0.00s Sys=0.00s Real=0.00s
[25.602s][info ][safepoint      ] Safepoint "G1CollectForAllocation", Time since last: 158684954 ns, Reaching safepoint: 120599 ns, At safepoint: 1768489 ns, Total: 1889088 ns
[25.762s][debug][gc,heap        ] GC(134) Heap before GC invocations=134 (full 1): garbage-first heap   total 305152K, used 184660K [0x0000000700000000, 0x0000000800000000)
[25.762s][debug][gc,heap        ] GC(134)   region size 1024K, 178 young (182272K), 1 survivors (1024K)
[25.762s][debug][gc,heap        ] GC(134)  Metaspace       used 10703K, capacity 10992K, committed 11136K, reserved 1058816K
[25.762s][debug][gc,heap        ] GC(134)   class space    used 1263K, capacity 1389K, committed 1408K, reserved 1048576K
[25.762s][info ][gc,start       ] GC(134) Pause Young (Normal) (G1 Evacuation Pause)
[25.762s][info ][gc,task        ] GC(134) Using 8 workers of 8 for evacuation
[25.762s][debug][gc,tlab        ] GC(134) TLAB totals: thrds: 8  refills: 708 max: 101 slow allocs: 0 max 0 waste:  1.2% gc: 1760416B max: 439976B slow: 409816B max: 58528B fast: 0B max: 0B
[25.762s][debug][gc,age         ] GC(134) Desired survivor size 12058624 bytes, new threshold 15 (max threshold 15)
[25.762s][debug][gc,alloc,region] GC(134) Mutator Allocation stats, regions: 177, wasted size: 0B ( 0.0%)
[25.762s][debug][gc,ergo        ] GC(134) Running G1 Merge Heap Roots using 8 workers for 178 regions
[25.762s][debug][gc,remset      ] GC(134) Visited cards 256 Total dirty 2048 (12.50%) Total old 747520 (0.03%)
[25.762s][debug][gc,ergo        ] GC(134) Running G1 Clear Card Table Task using 1 workers for 1 units of work for 179 regions.
[25.762s][debug][gc,ref         ] GC(134) Skipped phase1 of Reference Processing due to unavailable references
[25.762s][debug][gc,ref         ] GC(134) Skipped phase2 of Reference Processing due to unavailable references
[25.762s][debug][gc,ref         ] GC(134) Skipped phase3 of Reference Processing due to unavailable references
[25.762s][debug][gc,ref         ] GC(134) Skipped phase4 of Reference Processing due to unavailable references
[25.762s][debug][gc,ergo        ] GC(134) Running G1 Free Collection Set using 8 workers for collection set length 178 (298)
[25.762s][debug][gc,ergo        ] GC(134) Running G1 Rebuild Free List Task using 8 workers for rebuilding free list of 0 (4096) regions
[25.763s][trace][gc,age         ] GC(134) Age table with threshold 15 (max threshold 15)
[25.763s][trace][gc,age         ] GC(134) - age   1:        440 bytes,        440 total
[25.763s][debug][gc,plab        ] GC(134) Young PLAB allocation: allocated: 12384B, wasted: 0B, unused: 11944B, used: 440B, undo waste: 0B, 
[25.763s][debug][gc,plab        ] GC(134) Young other allocation: region end waste: 0B, regions filled: 1, direct allocated: 0B, failure used: 0B, failure wasted: 0B
[25.763s][debug][gc,plab        ] GC(134) Young sizing: calculated: 88B, actual: 2064B
[25.763s][debug][gc,plab        ] GC(134) Old PLAB allocation: allocated: 0B, wasted: 0B, unused: 0B, used: 0B, undo waste: 0B, 
[25.763s][debug][gc,plab        ] GC(134) Old other allocation: region end waste: 0B, regions filled: 1, direct allocated: 0B, failure used: 0B, failure wasted: 0B
[25.763s][debug][gc,plab        ] GC(134) Old sizing: calculated: 0B, actual: 2064B
[25.763s][debug][gc,ihop        ] GC(134) Basic information (value update), threshold: 140614041B (45.00), target occupancy: 312475648B, current occupancy: 4547152B, recent allocation size: 0B, recent allocation duration: 160.18ms, recent old gen allocation rate: 0.00B/s, recent marking phase length: 0.00ms
[25.763s][debug][gc,ihop        ] GC(134) Adaptive IHOP information (value update), threshold: 140614041B (47.37), internal target occupancy: 296851865B, occupancy: 4547152B, additional buffer size: 186646528B, predicted old gen allocation rate: 3895.63B/s, predicted marking phase length: 0.00ms, prediction active: false
[25.763s][debug][gc,ergo,refine ] GC(134) Concurrent refinement times: Logged Cards Scan time goal: 20.00ms Logged Cards Scan time: 0.00ms HCC time: 0.00ms
[25.763s][debug][gc,ergo,refine ] GC(134) Updated Refinement Zones: green: 2048, yellow: 6144, red: 10240
[25.763s][info ][gc,phases      ] GC(134)   Pre Evacuate Collection Set: 0.1ms
[25.763s][debug][gc,phases      ] GC(134)     Prepare TLABs: 0.0ms
[25.763s][debug][gc,phases      ] GC(134)     Choose Collection Set: 0.0ms
[25.763s][debug][gc,phases      ] GC(134)     Region Register: 0.1ms
[25.763s][debug][gc,phases      ] GC(134)     Prepare Heap Roots: 0.0ms
[25.763s][info ][gc,phases      ] GC(134)   Merge Heap Roots: 0.2ms
[25.763s][debug][gc,phases      ] GC(134)     Prepare Merge Heap Roots: 0.0ms
[25.763s][debug][gc,phases      ] GC(134)     Eager Reclaim (ms):       skipped
[25.763s][debug][gc,phases      ] GC(134)     Remembered Sets (ms):     Min:  0.0, Avg:  0.0, Max:  0.0, Diff:  0.0, Sum:  0.1, Workers: 8
[25.763s][debug][gc,phases      ] GC(134)       Merged Sparse:            Min: 0, Avg:  0.0, Max: 0, Diff: 0, Sum: 0, Workers: 8
[25.763s][debug][gc,phases      ] GC(134)       Merged Fine:              Min: 0, Avg:  0.0, Max: 0, Diff: 0, Sum: 0, Workers: 8
[25.763s][debug][gc,phases      ] GC(134)       Merged Coarse:            Min: 0, Avg:  0.0, Max: 0, Diff: 0, Sum: 0, Workers: 8
[25.763s][debug][gc,phases      ] GC(134)       Dirty Cards:              Min: 0, Avg:  0.0, Max: 0, Diff: 0, Sum: 0, Workers: 8
[25.763s][debug][gc,phases      ] GC(134)     Hot Card Cache (ms):      Min:  0.0, Avg:  0.0, Max:  0.0, Diff:  0.0, Sum:  0.0, Workers: 8
[25.763s][debug][gc,phases      ] GC(134)       Dirty Cards:              Min: 0, Avg:  0.0, Max: 0, Diff: 0, Sum: 0, Workers: 8
[25.763s][debug][gc,phases      ] GC(134)       Skipped Cards:            Min: 0, Avg:  0.0, Max: 0, Diff: 0, Sum: 0, Workers: 8
[25.763s][debug][gc,phases      ] GC(134)     Log Buffers (ms):         Min:  0.0, Avg:  0.0, Max:  0.0, Diff:  0.0, Sum:  0.0, Workers: 8
[25.763s][debug][gc,phases      ] GC(134)       Dirty Cards:              Min: 0, Avg:  0.1, Max: 1, Diff: 1, Sum: 1, Workers: 8
[25.763s][debug][gc,phases      ] GC(134)       Skipped Cards:            Min: 0, Avg:  0.0, Max: 0, Diff: 0, Sum: 0, Workers: 8
[25.763s][info ][gc,phases      ] GC(134)   Evacuate Collection Set: 0.2ms
[25.763s][debug][gc,phases      ] GC(134)     Ext Root Scanning (ms):   Min:  0.0, Avg:  0.0, Max:  0.1, Diff:  0.1, Sum:  0.3, Workers: 8
[25.763s][debug][gc,phases      ] GC(134)     Scan Heap Roots (ms):     Min:  0.0, Avg:  0.0, Max:  0.0, Diff:  0.0, Sum:  0.0, Workers: 8
[25.763s][debug][gc,phases      ] GC(134)       Scanned Cards:            Min: 0, Avg:  0.1, Max: 1, Diff: 1, Sum: 1, Workers: 8
[25.763s][debug][gc,phases      ] GC(134)       Scanned Blocks:           Min: 0, Avg:  0.1, Max: 1, Diff: 1, Sum: 1, Workers: 8
[25.763s][debug][gc,phases      ] GC(134)       Claimed Chunks:           Min: 0, Avg:  0.1, Max: 1, Diff: 1, Sum: 1, Workers: 8
[25.763s][debug][gc,phases      ] GC(134)     Code Root Scan (ms):      Min:  0.0, Avg:  0.0, Max:  0.0, Diff:  0.0, Sum:  0.0, Workers: 8
[25.763s][debug][gc,phases      ] GC(134)     Object Copy (ms):         Min:  0.0, Avg:  0.0, Max:  0.0, Diff:  0.0, Sum:  0.0, Workers: 8
[25.763s][debug][gc,phases      ] GC(134)     Termination (ms):         Min:  0.1, Avg:  0.1, Max:  0.1, Diff:  0.0, Sum:  0.5, Workers: 8
[25.763s][debug][gc,phases      ] GC(134)       Termination Attempts:     Min: 1, Avg:  1.0, Max: 1, Diff: 0, Sum: 8, Workers: 8
[25.763s][debug][gc,phases      ] GC(134)     GC Worker Other (ms):     Min:  0.0, Avg:  0.0, Max:  0.0, Diff:  0.0, Sum:  0.2, Workers: 8
[25.763s][debug][gc,phases      ] GC(134)     GC Worker Total (ms):     Min:  0.1, Avg:  0.1, Max:  0.2, Diff:  0.1, Sum:  1.0, Workers: 8
[25.763s][info ][gc,phases      ] GC(134)   Post Evacuate Collection Set: 0.3ms
[25.763s][debug][gc,phases      ] GC(134)     Code Roots Fixup: 0.0ms
[25.763s][debug][gc,phases      ] GC(134)     Clear Card Table: 0.1ms
[25.763s][debug][gc,phases      ] GC(134)     Reference Processing: 0.0ms
[25.763s][debug][gc,phases,ref  ] GC(134)       Reconsider SoftReferences: 0.0ms
[25.763s][debug][gc,phases,ref  ] GC(134)         SoftRef (ms):             skipped
[25.763s][debug][gc,phases,ref  ] GC(134)       Notify Soft/WeakReferences: 0.0ms
[25.763s][debug][gc,phases,ref  ] GC(134)         SoftRef (ms):             skipped
[25.763s][debug][gc,phases,ref  ] GC(134)         WeakRef (ms):             skipped
[25.763s][debug][gc,phases,ref  ] GC(134)         FinalRef (ms):            skipped
[25.763s][debug][gc,phases,ref  ] GC(134)         Total (ms):               skipped
[25.763s][debug][gc,phases,ref  ] GC(134)       Notify and keep alive finalizable: 0.0ms
[25.763s][debug][gc,phases,ref  ] GC(134)         FinalRef (ms):            skipped
[25.763s][debug][gc,phases,ref  ] GC(134)       Notify PhantomReferences: 0.0ms
[25.763s][debug][gc,phases,ref  ] GC(134)         PhantomRef (ms):          skipped
[25.763s][debug][gc,phases,ref  ] GC(134)       SoftReference:
[25.763s][debug][gc,phases,ref  ] GC(134)         Discovered: 0
[25.763s][debug][gc,phases,ref  ] GC(134)         Cleared: 0
[25.763s][debug][gc,phases,ref  ] GC(134)       WeakReference:
[25.763s][debug][gc,phases,ref  ] GC(134)         Discovered: 0
[25.763s][debug][gc,phases,ref  ] GC(134)         Cleared: 0
[25.763s][debug][gc,phases,ref  ] GC(134)       FinalReference:
[25.763s][debug][gc,phases,ref  ] GC(134)         Discovered: 0
[25.763s][debug][gc,phases,ref  ] GC(134)         Cleared: 0
[25.763s][debug][gc,phases,ref  ] GC(134)       PhantomReference:
[25.763s][debug][gc,phases,ref  ] GC(134)         Discovered: 0
[25.763s][debug][gc,phases,ref  ] GC(134)         Cleared: 0
[25.763s][debug][gc,phases      ] GC(134)     Weak Processing: 0.1ms
[25.763s][debug][gc,phases      ] GC(134)       JVMTI weak processing: 0.0ms
[25.763s][debug][gc,phases      ] GC(134)         Dead: 0
[25.763s][debug][gc,phases      ] GC(134)         Total: 0
[25.763s][debug][gc,phases      ] GC(134)       JFR weak processing: 0.0ms
[25.763s][debug][gc,phases      ] GC(134)         Dead: 0
[25.763s][debug][gc,phases      ] GC(134)         Total: 0
[25.763s][debug][gc,phases      ] GC(134)       JNI weak                  Min:  0.0, Avg:  0.0, Max:  0.0, Diff:  0.0, Sum:  0.0, Workers: 5
[25.763s][debug][gc,phases      ] GC(134)         Dead                      Min: 0, Avg:  0.0, Max: 0, Diff: 0, Sum: 0, Workers: 5
[25.763s][debug][gc,phases      ] GC(134)         Total                     Min: 0, Avg: 13.4, Max: 52, Diff: 52, Sum: 67, Workers: 5
[25.763s][debug][gc,phases      ] GC(134)       VM weak                   Min:  0.0, Avg:  0.0, Max:  0.0, Diff:  0.0, Sum:  0.0, Workers: 5
[25.763s][debug][gc,phases      ] GC(134)         Dead                      Min: 0, Avg:  0.0, Max: 0, Diff: 0, Sum: 0, Workers: 5
[25.763s][debug][gc,phases      ] GC(134)         Total                     Min: 0, Avg: 47.6, Max: 128, Diff: 128, Sum: 238, Workers: 5
[25.763s][debug][gc,phases      ] GC(134)       StringTable weak          Min:  0.0, Avg:  0.0, Max:  0.0, Diff:  0.0, Sum:  0.1, Workers: 5
[25.763s][debug][gc,phases      ] GC(134)         Dead                      Min: 0, Avg:  0.0, Max: 0, Diff: 0, Sum: 0, Workers: 5
[25.763s][debug][gc,phases      ] GC(134)         Total                     Min: 0, Avg: 728.6, Max: 1792, Diff: 1792, Sum: 3643, Workers: 5
[25.763s][debug][gc,phases      ] GC(134)       ResolvedMethodTable weak  Min:  0.0, Avg:  0.0, Max:  0.0, Diff:  0.0, Sum:  0.0, Workers: 5
[25.763s][debug][gc,phases      ] GC(134)         Dead                      Min: 0, Avg:  0.0, Max: 0, Diff: 0, Sum: 0, Workers: 5
[25.763s][debug][gc,phases      ] GC(134)         Total                     Min: 0, Avg: 123.4, Max: 192, Diff: 192, Sum: 617, Workers: 5
[25.763s][debug][gc,phases      ] GC(134)     Merge Per-Thread State: 0.0ms
[25.763s][debug][gc,phases      ] GC(134)       Copied Bytes              Min: 0, Avg: 55.0, Max: 128, Diff: 128, Sum: 440, Workers: 8
[25.763s][debug][gc,phases      ] GC(134)       LAB Waste                 Min: 0, Avg:  0.0, Max: 0, Diff: 0, Sum: 0, Workers: 8
[25.763s][debug][gc,phases      ] GC(134)       LAB Undo Waste            Min: 0, Avg:  0.0, Max: 0, Diff: 0, Sum: 0, Workers: 8
[25.763s][debug][gc,phases      ] GC(134)     Code Roots Purge: 0.0ms
[25.763s][debug][gc,phases      ] GC(134)     Redirty Cards: 0.0ms
[25.763s][debug][gc,phases      ] GC(134)     DerivedPointerTable Update: 0.0ms
[25.763s][debug][gc,phases      ] GC(134)     Free Collection Set: 0.1ms
[25.763s][debug][gc,phases      ] GC(134)     Rebuild Free List: 0.0ms
[25.763s][debug][gc,phases      ] GC(134)     Humongous Reclaim: 0.0ms
[25.763s][debug][gc,phases      ] GC(134)     Start New Collection Set: 0.0ms
[25.763s][debug][gc,phases      ] GC(134)     Resize TLABs: 0.0ms
[25.763s][debug][gc,phases      ] GC(134)     Expand Heap After Collection: 0.0ms
[25.763s][info ][gc,phases      ] GC(134)   Other: 0.3ms
[25.763s][info ][gc,heap        ] GC(134) Eden regions: 177->0(177)
[25.763s][info ][gc,heap        ] GC(134) Survivor regions: 1->1(23)
[25.763s][info ][gc,heap        ] GC(134) Old regions: 7->7
[25.763s][info ][gc,heap        ] GC(134) Archive regions: 2->2
[25.763s][info ][gc,heap        ] GC(134) Humongous regions: 0->0
[25.763s][info ][gc,metaspace   ] GC(134) Metaspace: 10703K(11136K)->10703K(11136K) NonClass: 9440K(9728K)->9440K(9728K) Class: 1263K(1408K)->1263K(1408K)
[25.763s][debug][gc,heap        ] GC(134) Heap after GC invocations=135 (full 1): garbage-first heap   total 305152K, used 4440K [0x0000000700000000, 0x0000000800000000)
[25.763s][debug][gc,heap        ] GC(134)   region size 1024K, 1 young (1024K), 1 survivors (1024K)
[25.763s][debug][gc,heap        ] GC(134)  Metaspace       used 10703K, capacity 10992K, committed 11136K, reserved 1058816K
[25.763s][debug][gc,heap        ] GC(134)   class space    used 1263K, capacity 1389K, committed 1408K, reserved 1048576K
[25.763s][info ][gc             ] GC(134) Pause Young (Normal) (G1 Evacuation Pause) 181M->4M(298M) 1.591ms
[25.763s][info ][gc,cpu         ] GC(134) User=0.00s Sys=0.00s Real=0.00s
[25.763s][info ][safepoint      ] Safepoint "G1CollectForAllocation", Time since last: 159100642 ns, Reaching safepoint: 110330 ns, At safepoint: 1774008 ns, Total: 1884338 ns
[25.930s][debug][gc,heap        ] GC(135) Heap before GC invocations=135 (full 1): garbage-first heap   total 305152K, used 185688K [0x0000000700000000, 0x0000000800000000)
[25.930s][debug][gc,heap        ] GC(135)   region size 1024K, 178 young (182272K), 1 survivors (1024K)
[25.930s][debug][gc,heap        ] GC(135)  Metaspace       used 10703K, capacity 10992K, committed 11136K, reserved 1058816K
[25.930s][debug][gc,heap        ] GC(135)   class space    used 1263K, capacity 1389K, committed 1408K, reserved 1048576K
[25.930s][info ][gc,start       ] GC(135) Pause Young (Normal) (G1 Evacuation Pause)
[25.930s][info ][gc,task        ] GC(135) Using 8 workers of 8 for evacuation
[25.930s][debug][gc,tlab        ] GC(135) TLAB totals: thrds: 8  refills: 711 max: 95 slow allocs: 0 max 0 waste:  1.0% gc: 1368424B max: 338536B slow: 411064B max: 54872B fast: 0B max: 0B
[25.930s][debug][gc,age         ] GC(135) Desired survivor size 12058624 bytes, new threshold 15 (max threshold 15)
[25.930s][debug][gc,alloc,region] GC(135) Mutator Allocation stats, regions: 177, wasted size: 0B ( 0.0%)
[25.931s][debug][gc,ergo        ] GC(135) Running G1 Merge Heap Roots using 8 workers for 178 regions
[25.931s][debug][gc,remset      ] GC(135) Visited cards 256 Total dirty 2048 (12.50%) Total old 747520 (0.03%)
[25.931s][debug][gc,ergo        ] GC(135) Running G1 Clear Card Table Task using 1 workers for 1 units of work for 179 regions.
[25.931s][debug][gc,ref         ] GC(135) Skipped phase1 of Reference Processing due to unavailable references
[25.931s][debug][gc,ref         ] GC(135) Skipped phase2 of Reference Processing due to unavailable references
[25.931s][debug][gc,ref         ] GC(135) Skipped phase3 of Reference Processing due to unavailable references
[25.931s][debug][gc,ref         ] GC(135) Skipped phase4 of Reference Processing due to unavailable references
[25.931s][debug][gc,ergo        ] GC(135) Running G1 Free Collection Set using 8 workers for collection set length 178 (298)
[25.931s][debug][gc,ergo        ] GC(135) Running G1 Rebuild Free List Task using 8 workers for rebuilding free list of 0 (4096) regions
[25.931s][trace][gc,age         ] GC(135) Age table with threshold 15 (max threshold 15)
[25.931s][trace][gc,age         ] GC(135) - age   1:        176 bytes,        176 total
[25.931s][debug][gc,plab        ] GC(135) Young PLAB allocation: allocated: 8256B, wasted: 0B, unused: 8080B, used: 176B, undo waste: 0B, 
[25.931s][debug][gc,plab        ] GC(135) Young other allocation: region end waste: 0B, regions filled: 1, direct allocated: 0B, failure used: 0B, failure wasted: 0B
[25.931s][debug][gc,plab        ] GC(135) Young sizing: calculated: 32B, actual: 2064B
[25.931s][debug][gc,plab        ] GC(135) Old PLAB allocation: allocated: 0B, wasted: 0B, unused: 0B, used: 0B, undo waste: 0B, 
[25.931s][debug][gc,plab        ] GC(135) Old other allocation: region end waste: 0B, regions filled: 1, direct allocated: 0B, failure used: 0B, failure wasted: 0B
[25.931s][debug][gc,plab        ] GC(135) Old sizing: calculated: 0B, actual: 2064B
[25.931s][debug][gc,ihop        ] GC(135) Basic information (value update), threshold: 140614041B (45.00), target occupancy: 312475648B, current occupancy: 4543024B, recent allocation size: 0B, recent allocation duration: 167.84ms, recent old gen allocation rate: 0.00B/s, recent marking phase length: 0.00ms
[25.931s][debug][gc,ihop        ] GC(135) Adaptive IHOP information (value update), threshold: 140614041B (47.37), internal target occupancy: 296851865B, occupancy: 4543024B, additional buffer size: 186646528B, predicted old gen allocation rate: 3791.71B/s, predicted marking phase length: 0.00ms, prediction active: false
[25.931s][debug][gc,ergo,refine ] GC(135) Concurrent refinement times: Logged Cards Scan time goal: 20.00ms Logged Cards Scan time: 0.00ms HCC time: 0.00ms
[25.931s][debug][gc,ergo,refine ] GC(135) Updated Refinement Zones: green: 2048, yellow: 6144, red: 10240
[25.931s][info ][gc,phases      ] GC(135)   Pre Evacuate Collection Set: 0.1ms
[25.931s][debug][gc,phases      ] GC(135)     Prepare TLABs: 0.0ms
[25.931s][debug][gc,phases      ] GC(135)     Choose Collection Set: 0.0ms
[25.931s][debug][gc,phases      ] GC(135)     Region Register: 0.1ms
[25.931s][debug][gc,phases      ] GC(135)     Prepare Heap Roots: 0.0ms
[25.931s][info ][gc,phases      ] GC(135)   Merge Heap Roots: 0.1ms
[25.931s][debug][gc,phases      ] GC(135)     Prepare Merge Heap Roots: 0.0ms
[25.931s][debug][gc,phases      ] GC(135)     Eager Reclaim (ms):       skipped
[25.931s][debug][gc,phases      ] GC(135)     Remembered Sets (ms):     Min:  0.0, Avg:  0.0, Max:  0.0, Diff:  0.0, Sum:  0.0, Workers: 8
[25.931s][debug][gc,phases      ] GC(135)       Merged Sparse:            Min: 0, Avg:  0.0, Max: 0, Diff: 0, Sum: 0, Workers: 8
[25.931s][debug][gc,phases      ] GC(135)       Merged Fine:              Min: 0, Avg:  0.0, Max: 0, Diff: 0, Sum: 0, Workers: 8
[25.931s][debug][gc,phases      ] GC(135)       Merged Coarse:            Min: 0, Avg:  0.0, Max: 0, Diff: 0, Sum: 0, Workers: 8
[25.931s][debug][gc,phases      ] GC(135)       Dirty Cards:              Min: 0, Avg:  0.0, Max: 0, Diff: 0, Sum: 0, Workers: 8
[25.931s][debug][gc,phases      ] GC(135)     Hot Card Cache (ms):      Min:  0.0, Avg:  0.0, Max:  0.0, Diff:  0.0, Sum:  0.0, Workers: 8
[25.931s][debug][gc,phases      ] GC(135)       Dirty Cards:              Min: 0, Avg:  0.0, Max: 0, Diff: 0, Sum: 0, Workers: 8
[25.931s][debug][gc,phases      ] GC(135)       Skipped Cards:            Min: 0, Avg:  0.0, Max: 0, Diff: 0, Sum: 0, Workers: 8
[25.931s][debug][gc,phases      ] GC(135)     Log Buffers (ms):         Min:  0.0, Avg:  0.0, Max:  0.0, Diff:  0.0, Sum:  0.0, Workers: 8
[25.931s][debug][gc,phases      ] GC(135)       Dirty Cards:              Min: 0, Avg:  0.1, Max: 1, Diff: 1, Sum: 1, Workers: 8
[25.931s][debug][gc,phases      ] GC(135)       Skipped Cards:            Min: 0, Avg:  0.0, Max: 0, Diff: 0, Sum: 0, Workers: 8
[25.931s][info ][gc,phases      ] GC(135)   Evacuate Collection Set: 0.1ms
[25.931s][debug][gc,phases      ] GC(135)     Ext Root Scanning (ms):   Min:  0.0, Avg:  0.0, Max:  0.1, Diff:  0.1, Sum:  0.2, Workers: 8
[25.931s][debug][gc,phases      ] GC(135)     Scan Heap Roots (ms):     Min:  0.0, Avg:  0.0, Max:  0.0, Diff:  0.0, Sum:  0.0, Workers: 8
[25.931s][debug][gc,phases      ] GC(135)       Scanned Cards:            Min: 0, Avg:  0.1, Max: 1, Diff: 1, Sum: 1, Workers: 8
[25.931s][debug][gc,phases      ] GC(135)       Scanned Blocks:           Min: 0, Avg:  0.1, Max: 1, Diff: 1, Sum: 1, Workers: 8
[25.931s][debug][gc,phases      ] GC(135)       Claimed Chunks:           Min: 0, Avg:  0.1, Max: 1, Diff: 1, Sum: 1, Workers: 8
[25.931s][debug][gc,phases      ] GC(135)     Code Root Scan (ms):      Min:  0.0, Avg:  0.0, Max:  0.0, Diff:  0.0, Sum:  0.0, Workers: 8
[25.931s][debug][gc,phases      ] GC(135)     Object Copy (ms):         Min:  0.0, Avg:  0.0, Max:  0.0, Diff:  0.0, Sum:  0.0, Workers: 8
[25.931s][debug][gc,phases      ] GC(135)     Termination (ms):         Min:  0.1, Avg:  0.1, Max:  0.1, Diff:  0.0, Sum:  0.5, Workers: 8
[25.931s][debug][gc,phases      ] GC(135)       Termination Attempts:     Min: 1, Avg:  1.0, Max: 1, Diff: 0, Sum: 8, Workers: 8
[25.931s][debug][gc,phases      ] GC(135)     GC Worker Other (ms):     Min:  0.0, Avg:  0.0, Max:  0.0, Diff:  0.0, Sum:  0.1, Workers: 8
[25.931s][debug][gc,phases      ] GC(135)     GC Worker Total (ms):     Min:  0.1, Avg:  0.1, Max:  0.1, Diff:  0.1, Sum:  0.8, Workers: 8
[25.931s][info ][gc,phases      ] GC(135)   Post Evacuate Collection Set: 0.3ms
[25.931s][debug][gc,phases      ] GC(135)     Code Roots Fixup: 0.0ms
[25.931s][debug][gc,phases      ] GC(135)     Clear Card Table: 0.1ms
[25.932s][debug][gc,phases      ] GC(135)     Reference Processing: 0.0ms
[25.932s][debug][gc,phases,ref  ] GC(135)       Reconsider SoftReferences: 0.0ms
[25.932s][debug][gc,phases,ref  ] GC(135)         SoftRef (ms):             skipped
[25.932s][debug][gc,phases,ref  ] GC(135)       Notify Soft/WeakReferences: 0.0ms
[25.932s][debug][gc,phases,ref  ] GC(135)         SoftRef (ms):             skipped
[25.932s][debug][gc,phases,ref  ] GC(135)         WeakRef (ms):             skipped
[25.932s][debug][gc,phases,ref  ] GC(135)         FinalRef (ms):            skipped
[25.932s][debug][gc,phases,ref  ] GC(135)         Total (ms):               skipped
[25.932s][debug][gc,phases,ref  ] GC(135)       Notify and keep alive finalizable: 0.0ms
[25.932s][debug][gc,phases,ref  ] GC(135)         FinalRef (ms):            skipped
[25.932s][debug][gc,phases,ref  ] GC(135)       Notify PhantomReferences: 0.0ms
[25.932s][debug][gc,phases,ref  ] GC(135)         PhantomRef (ms):          skipped
[25.932s][debug][gc,phases,ref  ] GC(135)       SoftReference:
[25.932s][debug][gc,phases,ref  ] GC(135)         Discovered: 0
[25.932s][debug][gc,phases,ref  ] GC(135)         Cleared: 0
[25.932s][debug][gc,phases,ref  ] GC(135)       WeakReference:
[25.932s][debug][gc,phases,ref  ] GC(135)         Discovered: 0
[25.932s][debug][gc,phases,ref  ] GC(135)         Cleared: 0
[25.932s][debug][gc,phases,ref  ] GC(135)       FinalReference:
[25.932s][debug][gc,phases,ref  ] GC(135)         Discovered: 0
[25.932s][debug][gc,phases,ref  ] GC(135)         Cleared: 0
[25.932s][debug][gc,phases,ref  ] GC(135)       PhantomReference:
[25.932s][debug][gc,phases,ref  ] GC(135)         Discovered: 0
[25.932s][debug][gc,phases,ref  ] GC(135)         Cleared: 0
[25.932s][debug][gc,phases      ] GC(135)     Weak Processing: 0.1ms
[25.932s][debug][gc,phases      ] GC(135)       JVMTI weak processing: 0.0ms
[25.932s][debug][gc,phases      ] GC(135)         Dead: 0
[25.932s][debug][gc,phases      ] GC(135)         Total: 0
[25.932s][debug][gc,phases      ] GC(135)       JFR weak processing: 0.0ms
[25.932s][debug][gc,phases      ] GC(135)         Dead: 0
[25.932s][debug][gc,phases      ] GC(135)         Total: 0
[25.932s][debug][gc,phases      ] GC(135)       JNI weak                  Min:  0.0, Avg:  0.0, Max:  0.0, Diff:  0.0, Sum:  0.0, Workers: 5
[25.932s][debug][gc,phases      ] GC(135)         Dead                      Min: 0, Avg:  0.0, Max: 0, Diff: 0, Sum: 0, Workers: 5
[25.932s][debug][gc,phases      ] GC(135)         Total                     Min: 0, Avg: 13.4, Max: 52, Diff: 52, Sum: 67, Workers: 5
[25.932s][debug][gc,phases      ] GC(135)       VM weak                   Min:  0.0, Avg:  0.0, Max:  0.0, Diff:  0.0, Sum:  0.0, Workers: 5
[25.932s][debug][gc,phases      ] GC(135)         Dead                      Min: 0, Avg:  0.0, Max: 0, Diff: 0, Sum: 0, Workers: 5
[25.932s][debug][gc,phases      ] GC(135)         Total                     Min: 0, Avg: 47.6, Max: 128, Diff: 128, Sum: 238, Workers: 5
[25.932s][debug][gc,phases      ] GC(135)       StringTable weak          Min:  0.0, Avg:  0.0, Max:  0.0, Diff:  0.0, Sum:  0.1, Workers: 5
[25.932s][debug][gc,phases      ] GC(135)         Dead                      Min: 0, Avg:  0.0, Max: 0, Diff: 0, Sum: 0, Workers: 5
[25.932s][debug][gc,phases      ] GC(135)         Total                     Min: 0, Avg: 728.6, Max: 1854, Diff: 1854, Sum: 3643, Workers: 5
[25.932s][debug][gc,phases      ] GC(135)       ResolvedMethodTable weak  Min:  0.0, Avg:  0.0, Max:  0.0, Diff:  0.0, Sum:  0.0, Workers: 5
[25.932s][debug][gc,phases      ] GC(135)         Dead                      Min: 0, Avg:  0.0, Max: 0, Diff: 0, Sum: 0, Workers: 5
[25.932s][debug][gc,phases      ] GC(135)         Total                     Min: 0, Avg: 123.4, Max: 320, Diff: 320, Sum: 617, Workers: 5
[25.932s][debug][gc,phases      ] GC(135)     Merge Per-Thread State: 0.0ms
[25.932s][debug][gc,phases      ] GC(135)       Copied Bytes              Min: 0, Avg: 22.0, Max: 80, Diff: 80, Sum: 176, Workers: 8
[25.932s][debug][gc,phases      ] GC(135)       LAB Waste                 Min: 0, Avg:  0.0, Max: 0, Diff: 0, Sum: 0, Workers: 8
[25.932s][debug][gc,phases      ] GC(135)       LAB Undo Waste            Min: 0, Avg:  0.0, Max: 0, Diff: 0, Sum: 0, Workers: 8
[25.932s][debug][gc,phases      ] GC(135)     Code Roots Purge: 0.0ms
[25.932s][debug][gc,phases      ] GC(135)     Redirty Cards: 0.0ms
[25.932s][debug][gc,phases      ] GC(135)     DerivedPointerTable Update: 0.0ms
[25.932s][debug][gc,phases      ] GC(135)     Free Collection Set: 0.1ms
[25.932s][debug][gc,phases      ] GC(135)     Rebuild Free List: 0.0ms
[25.932s][debug][gc,phases      ] GC(135)     Humongous Reclaim: 0.0ms
[25.932s][debug][gc,phases      ] GC(135)     Start New Collection Set: 0.0ms
[25.932s][debug][gc,phases      ] GC(135)     Resize TLABs: 0.0ms
[25.932s][debug][gc,phases      ] GC(135)     Expand Heap After Collection: 0.0ms
[25.932s][info ][gc,phases      ] GC(135)   Other: 0.2ms
[25.932s][info ][gc,heap        ] GC(135) Eden regions: 177->0(177)
[25.932s][info ][gc,heap        ] GC(135) Survivor regions: 1->1(23)
[25.932s][info ][gc,heap        ] GC(135) Old regions: 7->7
[25.932s][info ][gc,heap        ] GC(135) Archive regions: 2->2
[25.932s][info ][gc,heap        ] GC(135) Humongous regions: 0->0
[25.932s][info ][gc,metaspace   ] GC(135) Metaspace: 10703K(11136K)->10703K(11136K) NonClass: 9440K(9728K)->9440K(9728K) Class: 1263K(1408K)->1263K(1408K)
[25.932s][debug][gc,heap        ] GC(135) Heap after GC invocations=136 (full 1): garbage-first heap   total 305152K, used 4436K [0x0000000700000000, 0x0000000800000000)
[25.932s][debug][gc,heap        ] GC(135)   region size 1024K, 1 young (1024K), 1 survivors (1024K)
[25.932s][debug][gc,heap        ] GC(135)  Metaspace       used 10703K, capacity 10992K, committed 11136K, reserved 1058816K
[25.932s][debug][gc,heap        ] GC(135)   class space    used 1263K, capacity 1389K, committed 1408K, reserved 1048576K
[25.932s][info ][gc             ] GC(135) Pause Young (Normal) (G1 Evacuation Pause) 181M->4M(298M) 1.481ms
[25.932s][info ][gc,cpu         ] GC(135) User=0.00s Sys=0.01s Real=0.00s
[25.932s][info ][safepoint      ] Safepoint "G1CollectForAllocation", Time since last: 166860639 ns, Reaching safepoint: 152634 ns, At safepoint: 1632382 ns, Total: 1785016 ns
[26.100s][debug][gc,heap        ] GC(136) Heap before GC invocations=136 (full 1): garbage-first heap   total 305152K, used 185684K [0x0000000700000000, 0x0000000800000000)
[26.100s][debug][gc,heap        ] GC(136)   region size 1024K, 178 young (182272K), 1 survivors (1024K)
[26.100s][debug][gc,heap        ] GC(136)  Metaspace       used 10703K, capacity 10992K, committed 11136K, reserved 1058816K
[26.100s][debug][gc,heap        ] GC(136)   class space    used 1263K, capacity 1389K, committed 1408K, reserved 1048576K
[26.100s][info ][gc,start       ] GC(136) Pause Young (Normal) (G1 Evacuation Pause)
[26.100s][info ][gc,task        ] GC(136) Using 8 workers of 8 for evacuation
[26.100s][debug][gc,tlab        ] GC(136) TLAB totals: thrds: 8  refills: 708 max: 96 slow allocs: 0 max 0 waste:  1.1% gc: 1544360B max: 426624B slow: 410008B max: 55256B fast: 0B max: 0B
[26.100s][debug][gc,age         ] GC(136) Desired survivor size 12058624 bytes, new threshold 15 (max threshold 15)
[26.100s][debug][gc,alloc,region] GC(136) Mutator Allocation stats, regions: 177, wasted size: 0B ( 0.0%)
[26.100s][debug][gc,ergo        ] GC(136) Running G1 Merge Heap Roots using 8 workers for 178 regions
[26.100s][debug][gc,remset      ] GC(136) Visited cards 256 Total dirty 2048 (12.50%) Total old 747520 (0.03%)
[26.101s][debug][gc,ergo        ] GC(136) Running G1 Clear Card Table Task using 1 workers for 1 units of work for 179 regions.
[26.101s][debug][gc,ref         ] GC(136) Skipped phase1 of Reference Processing due to unavailable references
[26.101s][debug][gc,ref         ] GC(136) Skipped phase2 of Reference Processing due to unavailable references
[26.101s][debug][gc,ref         ] GC(136) Skipped phase3 of Reference Processing due to unavailable references
[26.101s][debug][gc,ref         ] GC(136) Skipped phase4 of Reference Processing due to unavailable references
[26.101s][debug][gc,ergo        ] GC(136) Running G1 Free Collection Set using 8 workers for collection set length 178 (298)
[26.101s][debug][gc,ergo        ] GC(136) Running G1 Rebuild Free List Task using 8 workers for rebuilding free list of 0 (4096) regions
[26.101s][trace][gc,age         ] GC(136) Age table with threshold 15 (max threshold 15)
[26.101s][trace][gc,age         ] GC(136) - age   1:        360 bytes,        360 total
[26.101s][debug][gc,plab        ] GC(136) Young PLAB allocation: allocated: 10320B, wasted: 0B, unused: 9960B, used: 360B, undo waste: 0B, 
[26.101s][debug][gc,plab        ] GC(136) Young other allocation: region end waste: 0B, regions filled: 1, direct allocated: 0B, failure used: 0B, failure wasted: 0B
[26.101s][debug][gc,plab        ] GC(136) Young sizing: calculated: 72B, actual: 2064B
[26.101s][debug][gc,plab        ] GC(136) Old PLAB allocation: allocated: 0B, wasted: 0B, unused: 0B, used: 0B, undo waste: 0B, 
[26.101s][debug][gc,plab        ] GC(136) Old other allocation: region end waste: 0B, regions filled: 1, direct allocated: 0B, failure used: 0B, failure wasted: 0B
[26.101s][debug][gc,plab        ] GC(136) Old sizing: calculated: 0B, actual: 2064B
[26.101s][debug][gc,ihop        ] GC(136) Basic information (value update), threshold: 140614041B (45.00), target occupancy: 312475648B, current occupancy: 4545088B, recent allocation size: 0B, recent allocation duration: 168.96ms, recent old gen allocation rate: 0.00B/s, recent marking phase length: 0.00ms
[26.101s][debug][gc,ihop        ] GC(136) Adaptive IHOP information (value update), threshold: 140614041B (47.37), internal target occupancy: 296851865B, occupancy: 4545088B, additional buffer size: 186646528B, predicted old gen allocation rate: 3690.68B/s, predicted marking phase length: 0.00ms, prediction active: false
[26.101s][debug][gc,ergo,refine ] GC(136) Concurrent refinement times: Logged Cards Scan time goal: 20.00ms Logged Cards Scan time: 0.00ms HCC time: 0.00ms
[26.101s][debug][gc,ergo,refine ] GC(136) Updated Refinement Zones: green: 2048, yellow: 6144, red: 10240
[26.101s][info ][gc,phases      ] GC(136)   Pre Evacuate Collection Set: 0.1ms
[26.101s][debug][gc,phases      ] GC(136)     Prepare TLABs: 0.0ms
[26.101s][debug][gc,phases      ] GC(136)     Choose Collection Set: 0.0ms
[26.101s][debug][gc,phases      ] GC(136)     Region Register: 0.1ms
[26.101s][debug][gc,phases      ] GC(136)     Prepare Heap Roots: 0.0ms
[26.101s][info ][gc,phases      ] GC(136)   Merge Heap Roots: 0.1ms
[26.101s][debug][gc,phases      ] GC(136)     Prepare Merge Heap Roots: 0.0ms
[26.101s][debug][gc,phases      ] GC(136)     Eager Reclaim (ms):       skipped
[26.101s][debug][gc,phases      ] GC(136)     Remembered Sets (ms):     Min:  0.0, Avg:  0.0, Max:  0.0, Diff:  0.0, Sum:  0.0, Workers: 8
[26.101s][debug][gc,phases      ] GC(136)       Merged Sparse:            Min: 0, Avg:  0.0, Max: 0, Diff: 0, Sum: 0, Workers: 8
[26.101s][debug][gc,phases      ] GC(136)       Merged Fine:              Min: 0, Avg:  0.0, Max: 0, Diff: 0, Sum: 0, Workers: 8
[26.101s][debug][gc,phases      ] GC(136)       Merged Coarse:            Min: 0, Avg:  0.0, Max: 0, Diff: 0, Sum: 0, Workers: 8
[26.101s][debug][gc,phases      ] GC(136)       Dirty Cards:              Min: 0, Avg:  0.0, Max: 0, Diff: 0, Sum: 0, Workers: 8
[26.101s][debug][gc,phases      ] GC(136)     Hot Card Cache (ms):      Min:  0.0, Avg:  0.0, Max:  0.0, Diff:  0.0, Sum:  0.0, Workers: 8
[26.101s][debug][gc,phases      ] GC(136)       Dirty Cards:              Min: 0, Avg:  0.0, Max: 0, Diff: 0, Sum: 0, Workers: 8
[26.101s][debug][gc,phases      ] GC(136)       Skipped Cards:            Min: 0, Avg:  0.0, Max: 0, Diff: 0, Sum: 0, Workers: 8
[26.101s][debug][gc,phases      ] GC(136)     Log Buffers (ms):         Min:  0.0, Avg:  0.0, Max:  0.0, Diff:  0.0, Sum:  0.0, Workers: 8
[26.101s][debug][gc,phases      ] GC(136)       Dirty Cards:              Min: 0, Avg:  0.1, Max: 1, Diff: 1, Sum: 1, Workers: 8
[26.101s][debug][gc,phases      ] GC(136)       Skipped Cards:            Min: 0, Avg:  0.0, Max: 0, Diff: 0, Sum: 0, Workers: 8
[26.101s][info ][gc,phases      ] GC(136)   Evacuate Collection Set: 0.2ms
[26.101s][debug][gc,phases      ] GC(136)     Ext Root Scanning (ms):   Min:  0.0, Avg:  0.0, Max:  0.1, Diff:  0.1, Sum:  0.2, Workers: 8
[26.101s][debug][gc,phases      ] GC(136)     Scan Heap Roots (ms):     Min:  0.0, Avg:  0.0, Max:  0.0, Diff:  0.0, Sum:  0.0, Workers: 8
[26.101s][debug][gc,phases      ] GC(136)       Scanned Cards:            Min: 0, Avg:  0.1, Max: 1, Diff: 1, Sum: 1, Workers: 8
[26.101s][debug][gc,phases      ] GC(136)       Scanned Blocks:           Min: 0, Avg:  0.1, Max: 1, Diff: 1, Sum: 1, Workers: 8
[26.101s][debug][gc,phases      ] GC(136)       Claimed Chunks:           Min: 0, Avg:  0.1, Max: 1, Diff: 1, Sum: 1, Workers: 8
[26.101s][debug][gc,phases      ] GC(136)     Code Root Scan (ms):      Min:  0.0, Avg:  0.0, Max:  0.0, Diff:  0.0, Sum:  0.0, Workers: 8
[26.101s][debug][gc,phases      ] GC(136)     Object Copy (ms):         Min:  0.0, Avg:  0.0, Max:  0.0, Diff:  0.0, Sum:  0.0, Workers: 8
[26.101s][debug][gc,phases      ] GC(136)     Termination (ms):         Min:  0.1, Avg:  0.1, Max:  0.1, Diff:  0.0, Sum:  0.5, Workers: 8
[26.101s][debug][gc,phases      ] GC(136)       Termination Attempts:     Min: 1, Avg:  1.0, Max: 1, Diff: 0, Sum: 8, Workers: 8
[26.101s][debug][gc,phases      ] GC(136)     GC Worker Other (ms):     Min:  0.0, Avg:  0.0, Max:  0.0, Diff:  0.0, Sum:  0.1, Workers: 8
[26.101s][debug][gc,phases      ] GC(136)     GC Worker Total (ms):     Min:  0.1, Avg:  0.1, Max:  0.1, Diff:  0.1, Sum:  0.8, Workers: 8
[26.101s][info ][gc,phases      ] GC(136)   Post Evacuate Collection Set: 0.4ms
[26.101s][debug][gc,phases      ] GC(136)     Code Roots Fixup: 0.0ms
[26.101s][debug][gc,phases      ] GC(136)     Clear Card Table: 0.1ms
[26.101s][debug][gc,phases      ] GC(136)     Reference Processing: 0.0ms
[26.101s][debug][gc,phases,ref  ] GC(136)       Reconsider SoftReferences: 0.0ms
[26.101s][debug][gc,phases,ref  ] GC(136)         SoftRef (ms):             skipped
[26.101s][debug][gc,phases,ref  ] GC(136)       Notify Soft/WeakReferences: 0.0ms
[26.101s][debug][gc,phases,ref  ] GC(136)         SoftRef (ms):             skipped
[26.101s][debug][gc,phases,ref  ] GC(136)         WeakRef (ms):             skipped
[26.101s][debug][gc,phases,ref  ] GC(136)         FinalRef (ms):            skipped
[26.101s][debug][gc,phases,ref  ] GC(136)         Total (ms):               skipped
[26.101s][debug][gc,phases,ref  ] GC(136)       Notify and keep alive finalizable: 0.0ms
[26.101s][debug][gc,phases,ref  ] GC(136)         FinalRef (ms):            skipped
[26.101s][debug][gc,phases,ref  ] GC(136)       Notify PhantomReferences: 0.0ms
[26.101s][debug][gc,phases,ref  ] GC(136)         PhantomRef (ms):          skipped
[26.101s][debug][gc,phases,ref  ] GC(136)       SoftReference:
[26.101s][debug][gc,phases,ref  ] GC(136)         Discovered: 0
[26.101s][debug][gc,phases,ref  ] GC(136)         Cleared: 0
[26.101s][debug][gc,phases,ref  ] GC(136)       WeakReference:
[26.101s][debug][gc,phases,ref  ] GC(136)         Discovered: 0
[26.101s][debug][gc,phases,ref  ] GC(136)         Cleared: 0
[26.101s][debug][gc,phases,ref  ] GC(136)       FinalReference:
[26.101s][debug][gc,phases,ref  ] GC(136)         Discovered: 0
[26.101s][debug][gc,phases,ref  ] GC(136)         Cleared: 0
[26.101s][debug][gc,phases,ref  ] GC(136)       PhantomReference:
[26.101s][debug][gc,phases,ref  ] GC(136)         Discovered: 0
[26.101s][debug][gc,phases,ref  ] GC(136)         Cleared: 0
[26.101s][debug][gc,phases      ] GC(136)     Weak Processing: 0.1ms
[26.101s][debug][gc,phases      ] GC(136)       JVMTI weak processing: 0.0ms
[26.101s][debug][gc,phases      ] GC(136)         Dead: 0
[26.101s][debug][gc,phases      ] GC(136)         Total: 0
[26.101s][debug][gc,phases      ] GC(136)       JFR weak processing: 0.0ms
[26.101s][debug][gc,phases      ] GC(136)         Dead: 0
[26.101s][debug][gc,phases      ] GC(136)         Total: 0
[26.101s][debug][gc,phases      ] GC(136)       JNI weak                  Min:  0.0, Avg:  0.0, Max:  0.0, Diff:  0.0, Sum:  0.1, Workers: 5
[26.101s][debug][gc,phases      ] GC(136)         Dead                      Min: 0, Avg:  0.0, Max: 0, Diff: 0, Sum: 0, Workers: 5
[26.101s][debug][gc,phases      ] GC(136)         Total                     Min: 0, Avg: 13.4, Max: 52, Diff: 52, Sum: 67, Workers: 5
[26.101s][debug][gc,phases      ] GC(136)       VM weak                   Min:  0.0, Avg:  0.0, Max:  0.0, Diff:  0.0, Sum:  0.0, Workers: 5
[26.101s][debug][gc,phases      ] GC(136)         Dead                      Min: 0, Avg:  0.0, Max: 0, Diff: 0, Sum: 0, Workers: 5
[26.101s][debug][gc,phases      ] GC(136)         Total                     Min: 0, Avg: 47.6, Max: 128, Diff: 128, Sum: 238, Workers: 5
[26.101s][debug][gc,phases      ] GC(136)       StringTable weak          Min:  0.0, Avg:  0.0, Max:  0.1, Diff:  0.0, Sum:  0.1, Workers: 5
[26.102s][debug][gc,phases      ] GC(136)         Dead                      Min: 0, Avg:  0.0, Max: 0, Diff: 0, Sum: 0, Workers: 5
[26.102s][debug][gc,phases      ] GC(136)         Total                     Min: 61, Avg: 728.6, Max: 1728, Diff: 1667, Sum: 3643, Workers: 5
[26.102s][debug][gc,phases      ] GC(136)       ResolvedMethodTable weak  Min:  0.0, Avg:  0.0, Max:  0.0, Diff:  0.0, Sum:  0.0, Workers: 5
[26.102s][debug][gc,phases      ] GC(136)         Dead                      Min: 0, Avg:  0.0, Max: 0, Diff: 0, Sum: 0, Workers: 5
[26.102s][debug][gc,phases      ] GC(136)         Total                     Min: 64, Avg: 123.4, Max: 192, Diff: 128, Sum: 617, Workers: 5
[26.102s][debug][gc,phases      ] GC(136)     Merge Per-Thread State: 0.0ms
[26.102s][debug][gc,phases      ] GC(136)       Copied Bytes              Min: 0, Avg: 45.0, Max: 128, Diff: 128, Sum: 360, Workers: 8
[26.102s][debug][gc,phases      ] GC(136)       LAB Waste                 Min: 0, Avg:  0.0, Max: 0, Diff: 0, Sum: 0, Workers: 8
[26.102s][debug][gc,phases      ] GC(136)       LAB Undo Waste            Min: 0, Avg:  0.0, Max: 0, Diff: 0, Sum: 0, Workers: 8
[26.102s][debug][gc,phases      ] GC(136)     Code Roots Purge: 0.0ms
[26.102s][debug][gc,phases      ] GC(136)     Redirty Cards: 0.0ms
[26.102s][debug][gc,phases      ] GC(136)     DerivedPointerTable Update: 0.0ms
[26.102s][debug][gc,phases      ] GC(136)     Free Collection Set: 0.1ms
[26.102s][debug][gc,phases      ] GC(136)     Rebuild Free List: 0.1ms
[26.102s][debug][gc,phases      ] GC(136)     Humongous Reclaim: 0.0ms
[26.102s][debug][gc,phases      ] GC(136)     Start New Collection Set: 0.0ms
[26.102s][debug][gc,phases      ] GC(136)     Resize TLABs: 0.0ms
[26.102s][debug][gc,phases      ] GC(136)     Expand Heap After Collection: 0.0ms
[26.102s][info ][gc,phases      ] GC(136)   Other: 0.3ms
[26.102s][info ][gc,heap        ] GC(136) Eden regions: 177->0(177)
[26.102s][info ][gc,heap        ] GC(136) Survivor regions: 1->1(23)
[26.102s][info ][gc,heap        ] GC(136) Old regions: 7->7
[26.102s][info ][gc,heap        ] GC(136) Archive regions: 2->2
[26.102s][info ][gc,heap        ] GC(136) Humongous regions: 0->0
[26.102s][info ][gc,metaspace   ] GC(136) Metaspace: 10703K(11136K)->10703K(11136K) NonClass: 9440K(9728K)->9440K(9728K) Class: 1263K(1408K)->1263K(1408K)
[26.102s][debug][gc,heap        ] GC(136) Heap after GC invocations=137 (full 1): garbage-first heap   total 305152K, used 4438K [0x0000000700000000, 0x0000000800000000)
[26.102s][debug][gc,heap        ] GC(136)   region size 1024K, 1 young (1024K), 1 survivors (1024K)
[26.102s][debug][gc,heap        ] GC(136)  Metaspace       used 10703K, capacity 10992K, committed 11136K, reserved 1058816K
[26.102s][debug][gc,heap        ] GC(136)   class space    used 1263K, capacity 1389K, committed 1408K, reserved 1048576K
[26.102s][info ][gc             ] GC(136) Pause Young (Normal) (G1 Evacuation Pause) 181M->4M(298M) 1.489ms
[26.102s][info ][gc,cpu         ] GC(136) User=0.00s Sys=0.00s Real=0.00s
[26.102s][info ][safepoint      ] Safepoint "G1CollectForAllocation", Time since last: 167889427 ns, Reaching safepoint: 234971 ns, At safepoint: 1670442 ns, Total: 1905413 ns
[26.270s][debug][gc,heap        ] GC(137) Heap before GC invocations=137 (full 1): garbage-first heap   total 305152K, used 185686K [0x0000000700000000, 0x0000000800000000)
[26.270s][debug][gc,heap        ] GC(137)   region size 1024K, 178 young (182272K), 1 survivors (1024K)
[26.270s][debug][gc,heap        ] GC(137)  Metaspace       used 10703K, capacity 10992K, committed 11136K, reserved 1058816K
[26.270s][debug][gc,heap        ] GC(137)   class space    used 1263K, capacity 1389K, committed 1408K, reserved 1048576K
[26.270s][info ][gc,start       ] GC(137) Pause Young (Normal) (G1 Evacuation Pause)
[26.270s][info ][gc,task        ] GC(137) Using 8 workers of 8 for evacuation
[26.270s][debug][gc,tlab        ] GC(137) TLAB totals: thrds: 8  refills: 712 max: 94 slow allocs: 0 max 0 waste:  0.7% gc: 828536B max: 203880B slow: 412288B max: 54240B fast: 0B max: 0B
[26.270s][debug][gc,age         ] GC(137) Desired survivor size 12058624 bytes, new threshold 15 (max threshold 15)
[26.270s][debug][gc,alloc,region] GC(137) Mutator Allocation stats, regions: 177, wasted size: 0B ( 0.0%)
[26.271s][debug][gc,ergo        ] GC(137) Running G1 Merge Heap Roots using 8 workers for 178 regions
[26.271s][debug][gc,remset      ] GC(137) Visited cards 256 Total dirty 2048 (12.50%) Total old 747520 (0.03%)
[26.271s][debug][gc,ergo        ] GC(137) Running G1 Clear Card Table Task using 1 workers for 1 units of work for 179 regions.
[26.271s][debug][gc,ref         ] GC(137) Skipped phase1 of Reference Processing due to unavailable references
[26.271s][debug][gc,ref         ] GC(137) Skipped phase2 of Reference Processing due to unavailable references
[26.271s][debug][gc,ref         ] GC(137) Skipped phase3 of Reference Processing due to unavailable references
[26.271s][debug][gc,ref         ] GC(137) Skipped phase4 of Reference Processing due to unavailable references
[26.271s][debug][gc,ergo        ] GC(137) Running G1 Free Collection Set using 8 workers for collection set length 178 (298)
[26.271s][debug][gc,ergo        ] GC(137) Running G1 Rebuild Free List Task using 8 workers for rebuilding free list of 0 (4096) regions
[26.271s][trace][gc,age         ] GC(137) Age table with threshold 15 (max threshold 15)
[26.271s][trace][gc,age         ] GC(137) - age   1:        304 bytes,        304 total
[26.271s][debug][gc,plab        ] GC(137) Young PLAB allocation: allocated: 10320B, wasted: 0B, unused: 10016B, used: 304B, undo waste: 0B, 
[26.271s][debug][gc,plab        ] GC(137) Young other allocation: region end waste: 0B, regions filled: 1, direct allocated: 0B, failure used: 0B, failure wasted: 0B
[26.271s][debug][gc,plab        ] GC(137) Young sizing: calculated: 56B, actual: 2064B
[26.271s][debug][gc,plab        ] GC(137) Old PLAB allocation: allocated: 0B, wasted: 0B, unused: 0B, used: 0B, undo waste: 0B, 
[26.271s][debug][gc,plab        ] GC(137) Old other allocation: region end waste: 0B, regions filled: 1, direct allocated: 0B, failure used: 0B, failure wasted: 0B
[26.271s][debug][gc,plab        ] GC(137) Old sizing: calculated: 0B, actual: 2064B
[26.271s][debug][gc,ihop        ] GC(137) Basic information (value update), threshold: 140614041B (45.00), target occupancy: 312475648B, current occupancy: 4545088B, recent allocation size: 0B, recent allocation duration: 169.32ms, recent old gen allocation rate: 0.00B/s, recent marking phase length: 0.00ms
[26.271s][debug][gc,ihop        ] GC(137) Adaptive IHOP information (value update), threshold: 140614041B (47.37), internal target occupancy: 296851865B, occupancy: 4545088B, additional buffer size: 186646528B, predicted old gen allocation rate: 3592.45B/s, predicted marking phase length: 0.00ms, prediction active: false
[26.271s][debug][gc,ergo,refine ] GC(137) Concurrent refinement times: Logged Cards Scan time goal: 20.00ms Logged Cards Scan time: 0.00ms HCC time: 0.00ms
[26.271s][debug][gc,ergo,refine ] GC(137) Updated Refinement Zones: green: 2048, yellow: 6144, red: 10240
[26.271s][info ][gc,phases      ] GC(137)   Pre Evacuate Collection Set: 0.1ms
[26.271s][debug][gc,phases      ] GC(137)     Prepare TLABs: 0.0ms
[26.271s][debug][gc,phases      ] GC(137)     Choose Collection Set: 0.0ms
[26.271s][debug][gc,phases      ] GC(137)     Region Register: 0.1ms
[26.271s][debug][gc,phases      ] GC(137)     Prepare Heap Roots: 0.0ms
[26.271s][info ][gc,phases      ] GC(137)   Merge Heap Roots: 0.1ms
[26.271s][debug][gc,phases      ] GC(137)     Prepare Merge Heap Roots: 0.0ms
[26.271s][debug][gc,phases      ] GC(137)     Eager Reclaim (ms):       skipped
[26.271s][debug][gc,phases      ] GC(137)     Remembered Sets (ms):     Min:  0.0, Avg:  0.0, Max:  0.0, Diff:  0.0, Sum:  0.1, Workers: 8
[26.271s][debug][gc,phases      ] GC(137)       Merged Sparse:            Min: 0, Avg:  0.0, Max: 0, Diff: 0, Sum: 0, Workers: 8
[26.271s][debug][gc,phases      ] GC(137)       Merged Fine:              Min: 0, Avg:  0.0, Max: 0, Diff: 0, Sum: 0, Workers: 8
[26.271s][debug][gc,phases      ] GC(137)       Merged Coarse:            Min: 0, Avg:  0.0, Max: 0, Diff: 0, Sum: 0, Workers: 8
[26.271s][debug][gc,phases      ] GC(137)       Dirty Cards:              Min: 0, Avg:  0.0, Max: 0, Diff: 0, Sum: 0, Workers: 8
[26.271s][debug][gc,phases      ] GC(137)     Hot Card Cache (ms):      Min:  0.0, Avg:  0.0, Max:  0.0, Diff:  0.0, Sum:  0.0, Workers: 8
[26.271s][debug][gc,phases      ] GC(137)       Dirty Cards:              Min: 0, Avg:  0.0, Max: 0, Diff: 0, Sum: 0, Workers: 8
[26.272s][debug][gc,phases      ] GC(137)       Skipped Cards:            Min: 0, Avg:  0.0, Max: 0, Diff: 0, Sum: 0, Workers: 8
[26.272s][debug][gc,phases      ] GC(137)     Log Buffers (ms):         Min:  0.0, Avg:  0.0, Max:  0.0, Diff:  0.0, Sum:  0.0, Workers: 8
[26.272s][debug][gc,phases      ] GC(137)       Dirty Cards:              Min: 0, Avg:  0.1, Max: 1, Diff: 1, Sum: 1, Workers: 8
[26.272s][debug][gc,phases      ] GC(137)       Skipped Cards:            Min: 0, Avg:  0.0, Max: 0, Diff: 0, Sum: 0, Workers: 8
[26.272s][info ][gc,phases      ] GC(137)   Evacuate Collection Set: 0.2ms
[26.272s][debug][gc,phases      ] GC(137)     Ext Root Scanning (ms):   Min:  0.0, Avg:  0.0, Max:  0.1, Diff:  0.1, Sum:  0.2, Workers: 8
[26.272s][debug][gc,phases      ] GC(137)     Scan Heap Roots (ms):     Min:  0.0, Avg:  0.0, Max:  0.0, Diff:  0.0, Sum:  0.0, Workers: 8
[26.272s][debug][gc,phases      ] GC(137)       Scanned Cards:            Min: 0, Avg:  0.1, Max: 1, Diff: 1, Sum: 1, Workers: 8
[26.272s][debug][gc,phases      ] GC(137)       Scanned Blocks:           Min: 0, Avg:  0.1, Max: 1, Diff: 1, Sum: 1, Workers: 8
[26.272s][debug][gc,phases      ] GC(137)       Claimed Chunks:           Min: 0, Avg:  0.1, Max: 1, Diff: 1, Sum: 1, Workers: 8
[26.272s][debug][gc,phases      ] GC(137)     Code Root Scan (ms):      Min:  0.0, Avg:  0.0, Max:  0.0, Diff:  0.0, Sum:  0.0, Workers: 8
[26.272s][debug][gc,phases      ] GC(137)     Object Copy (ms):         Min:  0.0, Avg:  0.0, Max:  0.0, Diff:  0.0, Sum:  0.0, Workers: 8
[26.272s][debug][gc,phases      ] GC(137)     Termination (ms):         Min:  0.1, Avg:  0.1, Max:  0.1, Diff:  0.0, Sum:  0.8, Workers: 8
[26.272s][debug][gc,phases      ] GC(137)       Termination Attempts:     Min: 1, Avg:  1.0, Max: 1, Diff: 0, Sum: 8, Workers: 8
[26.272s][debug][gc,phases      ] GC(137)     GC Worker Other (ms):     Min:  0.0, Avg:  0.0, Max:  0.0, Diff:  0.0, Sum:  0.1, Workers: 8
[26.272s][debug][gc,phases      ] GC(137)     GC Worker Total (ms):     Min:  0.1, Avg:  0.1, Max:  0.2, Diff:  0.1, Sum:  1.2, Workers: 8
[26.272s][info ][gc,phases      ] GC(137)   Post Evacuate Collection Set: 0.5ms
[26.272s][debug][gc,phases      ] GC(137)     Code Roots Fixup: 0.0ms
[26.272s][debug][gc,phases      ] GC(137)     Clear Card Table: 0.1ms
[26.272s][debug][gc,phases      ] GC(137)     Reference Processing: 0.0ms
[26.272s][debug][gc,phases,ref  ] GC(137)       Reconsider SoftReferences: 0.0ms
[26.272s][debug][gc,phases,ref  ] GC(137)         SoftRef (ms):             skipped
[26.272s][debug][gc,phases,ref  ] GC(137)       Notify Soft/WeakReferences: 0.0ms
[26.272s][debug][gc,phases,ref  ] GC(137)         SoftRef (ms):             skipped
[26.272s][debug][gc,phases,ref  ] GC(137)         WeakRef (ms):             skipped
[26.272s][debug][gc,phases,ref  ] GC(137)         FinalRef (ms):            skipped
[26.272s][debug][gc,phases,ref  ] GC(137)         Total (ms):               skipped
[26.272s][debug][gc,phases,ref  ] GC(137)       Notify and keep alive finalizable: 0.0ms
[26.272s][debug][gc,phases,ref  ] GC(137)         FinalRef (ms):            skipped
[26.272s][debug][gc,phases,ref  ] GC(137)       Notify PhantomReferences: 0.0ms
[26.272s][debug][gc,phases,ref  ] GC(137)         PhantomRef (ms):          skipped
[26.272s][debug][gc,phases,ref  ] GC(137)       SoftReference:
[26.272s][debug][gc,phases,ref  ] GC(137)         Discovered: 0
[26.272s][debug][gc,phases,ref  ] GC(137)         Cleared: 0
[26.272s][debug][gc,phases,ref  ] GC(137)       WeakReference:
[26.272s][debug][gc,phases,ref  ] GC(137)         Discovered: 0
[26.272s][debug][gc,phases,ref  ] GC(137)         Cleared: 0
[26.272s][debug][gc,phases,ref  ] GC(137)       FinalReference:
[26.272s][debug][gc,phases,ref  ] GC(137)         Discovered: 0
[26.272s][debug][gc,phases,ref  ] GC(137)         Cleared: 0
[26.272s][debug][gc,phases,ref  ] GC(137)       PhantomReference:
[26.272s][debug][gc,phases,ref  ] GC(137)         Discovered: 0
[26.272s][debug][gc,phases,ref  ] GC(137)         Cleared: 0
[26.272s][debug][gc,phases      ] GC(137)     Weak Processing: 0.1ms
[26.272s][debug][gc,phases      ] GC(137)       JVMTI weak processing: 0.0ms
[26.272s][debug][gc,phases      ] GC(137)         Dead: 0
[26.272s][debug][gc,phases      ] GC(137)         Total: 0
[26.272s][debug][gc,phases      ] GC(137)       JFR weak processing: 0.0ms
[26.272s][debug][gc,phases      ] GC(137)         Dead: 0
[26.272s][debug][gc,phases      ] GC(137)         Total: 0
[26.272s][debug][gc,phases      ] GC(137)       JNI weak                  Min:  0.0, Avg:  0.0, Max:  0.0, Diff:  0.0, Sum:  0.0, Workers: 5
[26.272s][debug][gc,phases      ] GC(137)         Dead                      Min: 0, Avg:  0.0, Max: 0, Diff: 0, Sum: 0, Workers: 5
[26.272s][debug][gc,phases      ] GC(137)         Total                     Min: 0, Avg: 13.4, Max: 52, Diff: 52, Sum: 67, Workers: 5
[26.272s][debug][gc,phases      ] GC(137)       VM weak                   Min:  0.0, Avg:  0.0, Max:  0.0, Diff:  0.0, Sum:  0.0, Workers: 5
[26.272s][debug][gc,phases      ] GC(137)         Dead                      Min: 0, Avg:  0.0, Max: 0, Diff: 0, Sum: 0, Workers: 5
[26.272s][debug][gc,phases      ] GC(137)         Total                     Min: 0, Avg: 47.6, Max: 128, Diff: 128, Sum: 238, Workers: 5
[26.272s][debug][gc,phases      ] GC(137)       StringTable weak          Min:  0.0, Avg:  0.0, Max:  0.1, Diff:  0.1, Sum:  0.1, Workers: 5
[26.272s][debug][gc,phases      ] GC(137)         Dead                      Min: 0, Avg:  0.0, Max: 0, Diff: 0, Sum: 0, Workers: 5
[26.272s][debug][gc,phases      ] GC(137)         Total                     Min: 0, Avg: 728.6, Max: 1600, Diff: 1600, Sum: 3643, Workers: 5
[26.272s][debug][gc,phases      ] GC(137)       ResolvedMethodTable weak  Min:  0.0, Avg:  0.0, Max:  0.0, Diff:  0.0, Sum:  0.0, Workers: 5
[26.272s][debug][gc,phases      ] GC(137)         Dead                      Min: 0, Avg:  0.0, Max: 0, Diff: 0, Sum: 0, Workers: 5
[26.272s][debug][gc,phases      ] GC(137)         Total                     Min: 0, Avg: 123.4, Max: 192, Diff: 192, Sum: 617, Workers: 5
[26.272s][debug][gc,phases      ] GC(137)     Merge Per-Thread State: 0.0ms
[26.272s][debug][gc,phases      ] GC(137)       Copied Bytes              Min: 0, Avg: 38.0, Max: 104, Diff: 104, Sum: 304, Workers: 8
[26.272s][debug][gc,phases      ] GC(137)       LAB Waste                 Min: 0, Avg:  0.0, Max: 0, Diff: 0, Sum: 0, Workers: 8
[26.272s][debug][gc,phases      ] GC(137)       LAB Undo Waste            Min: 0, Avg:  0.0, Max: 0, Diff: 0, Sum: 0, Workers: 8
[26.272s][debug][gc,phases      ] GC(137)     Code Roots Purge: 0.0ms
[26.272s][debug][gc,phases      ] GC(137)     Redirty Cards: 0.1ms
[26.272s][debug][gc,phases      ] GC(137)     DerivedPointerTable Update: 0.0ms
[26.272s][debug][gc,phases      ] GC(137)     Free Collection Set: 0.1ms
[26.272s][debug][gc,phases      ] GC(137)     Rebuild Free List: 0.1ms
[26.272s][debug][gc,phases      ] GC(137)     Humongous Reclaim: 0.0ms
[26.272s][debug][gc,phases      ] GC(137)     Start New Collection Set: 0.0ms
[26.272s][debug][gc,phases      ] GC(137)     Resize TLABs: 0.0ms
[26.272s][debug][gc,phases      ] GC(137)     Expand Heap After Collection: 0.0ms
[26.272s][info ][gc,phases      ] GC(137)   Other: 0.3ms
[26.272s][info ][gc,heap        ] GC(137) Eden regions: 177->0(177)
[26.272s][info ][gc,heap        ] GC(137) Survivor regions: 1->1(23)
[26.272s][info ][gc,heap        ] GC(137) Old regions: 7->7
[26.272s][info ][gc,heap        ] GC(137) Archive regions: 2->2
[26.272s][info ][gc,heap        ] GC(137) Humongous regions: 0->0
[26.272s][info ][gc,metaspace   ] GC(137) Metaspace: 10703K(11136K)->10703K(11136K) NonClass: 9440K(9728K)->9440K(9728K) Class: 1263K(1408K)->1263K(1408K)
[26.272s][debug][gc,heap        ] GC(137) Heap after GC invocations=138 (full 1): garbage-first heap   total 305152K, used 4438K [0x0000000700000000, 0x0000000800000000)
[26.272s][debug][gc,heap        ] GC(137)   region size 1024K, 1 young (1024K), 1 survivors (1024K)
[26.272s][debug][gc,heap        ] GC(137)  Metaspace       used 10703K, capacity 10992K, committed 11136K, reserved 1058816K
[26.272s][debug][gc,heap        ] GC(137)   class space    used 1263K, capacity 1389K, committed 1408K, reserved 1048576K
[26.272s][info ][gc             ] GC(137) Pause Young (Normal) (G1 Evacuation Pause) 181M->4M(298M) 1.671ms
[26.272s][info ][gc,cpu         ] GC(137) User=0.00s Sys=0.00s Real=0.00s
[26.272s][info ][safepoint      ] Safepoint "G1CollectForAllocation", Time since last: 168312864 ns, Reaching safepoint: 166949 ns, At safepoint: 1850030 ns, Total: 2016979 ns
[26.439s][debug][gc,heap        ] GC(138) Heap before GC invocations=138 (full 1): garbage-first heap   total 305152K, used 185686K [0x0000000700000000, 0x0000000800000000)
[26.439s][debug][gc,heap        ] GC(138)   region size 1024K, 178 young (182272K), 1 survivors (1024K)
[26.439s][debug][gc,heap        ] GC(138)  Metaspace       used 10703K, capacity 10992K, committed 11136K, reserved 1058816K
[26.439s][debug][gc,heap        ] GC(138)   class space    used 1263K, capacity 1389K, committed 1408K, reserved 1048576K
[26.439s][info ][gc,start       ] GC(138) Pause Young (Normal) (G1 Evacuation Pause)
[26.439s][info ][gc,task        ] GC(138) Using 8 workers of 8 for evacuation
[26.439s][debug][gc,tlab        ] GC(138) TLAB totals: thrds: 8  refills: 711 max: 97 slow allocs: 0 max 0 waste:  1.0% gc: 1457544B max: 447208B slow: 410552B max: 55768B fast: 0B max: 0B
[26.439s][debug][gc,age         ] GC(138) Desired survivor size 12058624 bytes, new threshold 15 (max threshold 15)
[26.439s][debug][gc,alloc,region] GC(138) Mutator Allocation stats, regions: 177, wasted size: 0B ( 0.0%)
[26.439s][debug][gc,ergo        ] GC(138) Running G1 Merge Heap Roots using 8 workers for 178 regions
[26.439s][debug][gc,remset      ] GC(138) Visited cards 256 Total dirty 2048 (12.50%) Total old 747520 (0.03%)
[26.440s][debug][gc,ergo        ] GC(138) Running G1 Clear Card Table Task using 1 workers for 1 units of work for 179 regions.
[26.440s][debug][gc,ref         ] GC(138) Skipped phase1 of Reference Processing due to unavailable references
[26.440s][debug][gc,ref         ] GC(138) Skipped phase2 of Reference Processing due to unavailable references
[26.440s][debug][gc,ref         ] GC(138) Skipped phase3 of Reference Processing due to unavailable references
[26.440s][debug][gc,ref         ] GC(138) Skipped phase4 of Reference Processing due to unavailable references
[26.440s][debug][gc,ergo        ] GC(138) Running G1 Free Collection Set using 8 workers for collection set length 178 (298)
[26.440s][debug][gc,ergo        ] GC(138) Running G1 Rebuild Free List Task using 8 workers for rebuilding free list of 0 (4096) regions
[26.440s][trace][gc,age         ] GC(138) Age table with threshold 15 (max threshold 15)
[26.440s][trace][gc,age         ] GC(138) - age   1:        336 bytes,        336 total
[26.440s][debug][gc,plab        ] GC(138) Young PLAB allocation: allocated: 8256B, wasted: 0B, unused: 7920B, used: 336B, undo waste: 0B, 
[26.440s][debug][gc,plab        ] GC(138) Young other allocation: region end waste: 0B, regions filled: 1, direct allocated: 0B, failure used: 0B, failure wasted: 0B
[26.440s][debug][gc,plab        ] GC(138) Young sizing: calculated: 64B, actual: 2064B
[26.440s][debug][gc,plab        ] GC(138) Old PLAB allocation: allocated: 0B, wasted: 0B, unused: 0B, used: 0B, undo waste: 0B, 
[26.440s][debug][gc,plab        ] GC(138) Old other allocation: region end waste: 0B, regions filled: 1, direct allocated: 0B, failure used: 0B, failure wasted: 0B
[26.440s][debug][gc,plab        ] GC(138) Old sizing: calculated: 0B, actual: 2064B
[26.440s][debug][gc,ihop        ] GC(138) Basic information (value update), threshold: 140614041B (45.00), target occupancy: 312475648B, current occupancy: 4543024B, recent allocation size: 0B, recent allocation duration: 167.90ms, recent old gen allocation rate: 0.00B/s, recent marking phase length: 0.00ms
[26.440s][debug][gc,ihop        ] GC(138) Adaptive IHOP information (value update), threshold: 140614041B (47.37), internal target occupancy: 296851865B, occupancy: 4543024B, additional buffer size: 186646528B, predicted old gen allocation rate: 3496.96B/s, predicted marking phase length: 0.00ms, prediction active: false
[26.440s][debug][gc,ergo,refine ] GC(138) Concurrent refinement times: Logged Cards Scan time goal: 20.00ms Logged Cards Scan time: 0.00ms HCC time: 0.00ms
[26.440s][debug][gc,ergo,refine ] GC(138) Updated Refinement Zones: green: 2048, yellow: 6144, red: 10240
[26.440s][info ][gc,phases      ] GC(138)   Pre Evacuate Collection Set: 0.1ms
[26.440s][debug][gc,phases      ] GC(138)     Prepare TLABs: 0.0ms
[26.440s][debug][gc,phases      ] GC(138)     Choose Collection Set: 0.0ms
[26.440s][debug][gc,phases      ] GC(138)     Region Register: 0.1ms
[26.440s][debug][gc,phases      ] GC(138)     Prepare Heap Roots: 0.0ms
[26.440s][info ][gc,phases      ] GC(138)   Merge Heap Roots: 0.1ms
[26.440s][debug][gc,phases      ] GC(138)     Prepare Merge Heap Roots: 0.0ms
[26.440s][debug][gc,phases      ] GC(138)     Eager Reclaim (ms):       skipped
[26.440s][debug][gc,phases      ] GC(138)     Remembered Sets (ms):     Min:  0.0, Avg:  0.0, Max:  0.0, Diff:  0.0, Sum:  0.1, Workers: 8
[26.440s][debug][gc,phases      ] GC(138)       Merged Sparse:            Min: 0, Avg:  0.0, Max: 0, Diff: 0, Sum: 0, Workers: 8
[26.440s][debug][gc,phases      ] GC(138)       Merged Fine:              Min: 0, Avg:  0.0, Max: 0, Diff: 0, Sum: 0, Workers: 8
[26.440s][debug][gc,phases      ] GC(138)       Merged Coarse:            Min: 0, Avg:  0.0, Max: 0, Diff: 0, Sum: 0, Workers: 8
[26.440s][debug][gc,phases      ] GC(138)       Dirty Cards:              Min: 0, Avg:  0.0, Max: 0, Diff: 0, Sum: 0, Workers: 8
[26.440s][debug][gc,phases      ] GC(138)     Hot Card Cache (ms):      Min:  0.0, Avg:  0.0, Max:  0.0, Diff:  0.0, Sum:  0.0, Workers: 8
[26.440s][debug][gc,phases      ] GC(138)       Dirty Cards:              Min: 0, Avg:  0.0, Max: 0, Diff: 0, Sum: 0, Workers: 8
[26.440s][debug][gc,phases      ] GC(138)       Skipped Cards:            Min: 0, Avg:  0.0, Max: 0, Diff: 0, Sum: 0, Workers: 8
[26.440s][debug][gc,phases      ] GC(138)     Log Buffers (ms):         Min:  0.0, Avg:  0.0, Max:  0.0, Diff:  0.0, Sum:  0.0, Workers: 8
[26.440s][debug][gc,phases      ] GC(138)       Dirty Cards:              Min: 0, Avg:  0.1, Max: 1, Diff: 1, Sum: 1, Workers: 8
[26.440s][debug][gc,phases      ] GC(138)       Skipped Cards:            Min: 0, Avg:  0.0, Max: 0, Diff: 0, Sum: 0, Workers: 8
[26.440s][info ][gc,phases      ] GC(138)   Evacuate Collection Set: 0.2ms
[26.441s][debug][gc,phases      ] GC(138)     Ext Root Scanning (ms):   Min:  0.0, Avg:  0.0, Max:  0.1, Diff:  0.1, Sum:  0.2, Workers: 8
[26.441s][debug][gc,phases      ] GC(138)     Scan Heap Roots (ms):     Min:  0.0, Avg:  0.0, Max:  0.0, Diff:  0.0, Sum:  0.0, Workers: 8
[26.441s][debug][gc,phases      ] GC(138)       Scanned Cards:            Min: 0, Avg:  0.1, Max: 1, Diff: 1, Sum: 1, Workers: 8
[26.441s][debug][gc,phases      ] GC(138)       Scanned Blocks:           Min: 0, Avg:  0.1, Max: 1, Diff: 1, Sum: 1, Workers: 8
[26.441s][debug][gc,phases      ] GC(138)       Claimed Chunks:           Min: 0, Avg:  0.1, Max: 1, Diff: 1, Sum: 1, Workers: 8
[26.441s][debug][gc,phases      ] GC(138)     Code Root Scan (ms):      Min:  0.0, Avg:  0.0, Max:  0.0, Diff:  0.0, Sum:  0.0, Workers: 8
[26.441s][debug][gc,phases      ] GC(138)     Object Copy (ms):         Min:  0.0, Avg:  0.0, Max:  0.0, Diff:  0.0, Sum:  0.0, Workers: 8
[26.441s][debug][gc,phases      ] GC(138)     Termination (ms):         Min:  0.1, Avg:  0.1, Max:  0.1, Diff:  0.0, Sum:  0.9, Workers: 8
[26.441s][debug][gc,phases      ] GC(138)       Termination Attempts:     Min: 1, Avg:  1.0, Max: 1, Diff: 0, Sum: 8, Workers: 8
[26.441s][debug][gc,phases      ] GC(138)     GC Worker Other (ms):     Min:  0.0, Avg:  0.0, Max:  0.0, Diff:  0.0, Sum:  0.1, Workers: 8
[26.441s][debug][gc,phases      ] GC(138)     GC Worker Total (ms):     Min:  0.1, Avg:  0.2, Max:  0.2, Diff:  0.1, Sum:  1.2, Workers: 8
[26.441s][info ][gc,phases      ] GC(138)   Post Evacuate Collection Set: 0.6ms
[26.441s][debug][gc,phases      ] GC(138)     Code Roots Fixup: 0.0ms
[26.441s][debug][gc,phases      ] GC(138)     Clear Card Table: 0.1ms
[26.441s][debug][gc,phases      ] GC(138)     Reference Processing: 0.0ms
[26.441s][debug][gc,phases,ref  ] GC(138)       Reconsider SoftReferences: 0.0ms
[26.441s][debug][gc,phases,ref  ] GC(138)         SoftRef (ms):             skipped
[26.441s][debug][gc,phases,ref  ] GC(138)       Notify Soft/WeakReferences: 0.0ms
[26.441s][debug][gc,phases,ref  ] GC(138)         SoftRef (ms):             skipped
[26.441s][debug][gc,phases,ref  ] GC(138)         WeakRef (ms):             skipped
[26.441s][debug][gc,phases,ref  ] GC(138)         FinalRef (ms):            skipped
[26.441s][debug][gc,phases,ref  ] GC(138)         Total (ms):               skipped
[26.441s][debug][gc,phases,ref  ] GC(138)       Notify and keep alive finalizable: 0.0ms
[26.441s][debug][gc,phases,ref  ] GC(138)         FinalRef (ms):            skipped
[26.441s][debug][gc,phases,ref  ] GC(138)       Notify PhantomReferences: 0.0ms
[26.441s][debug][gc,phases,ref  ] GC(138)         PhantomRef (ms):          skipped
[26.441s][debug][gc,phases,ref  ] GC(138)       SoftReference:
[26.441s][debug][gc,phases,ref  ] GC(138)         Discovered: 0
[26.441s][debug][gc,phases,ref  ] GC(138)         Cleared: 0
[26.441s][debug][gc,phases,ref  ] GC(138)       WeakReference:
[26.441s][debug][gc,phases,ref  ] GC(138)         Discovered: 0
[26.441s][debug][gc,phases,ref  ] GC(138)         Cleared: 0
[26.441s][debug][gc,phases,ref  ] GC(138)       FinalReference:
[26.441s][debug][gc,phases,ref  ] GC(138)         Discovered: 0
[26.441s][debug][gc,phases,ref  ] GC(138)         Cleared: 0
[26.441s][debug][gc,phases,ref  ] GC(138)       PhantomReference:
[26.441s][debug][gc,phases,ref  ] GC(138)         Discovered: 0
[26.441s][debug][gc,phases,ref  ] GC(138)         Cleared: 0
[26.441s][debug][gc,phases      ] GC(138)     Weak Processing: 0.2ms
[26.441s][debug][gc,phases      ] GC(138)       JVMTI weak processing: 0.0ms
[26.441s][debug][gc,phases      ] GC(138)         Dead: 0
[26.441s][debug][gc,phases      ] GC(138)         Total: 0
[26.441s][debug][gc,phases      ] GC(138)       JFR weak processing: 0.0ms
[26.441s][debug][gc,phases      ] GC(138)         Dead: 0
[26.441s][debug][gc,phases      ] GC(138)         Total: 0
[26.441s][debug][gc,phases      ] GC(138)       JNI weak                  Min:  0.0, Avg:  0.0, Max:  0.0, Diff:  0.0, Sum:  0.0, Workers: 5
[26.441s][debug][gc,phases      ] GC(138)         Dead                      Min: 0, Avg:  0.0, Max: 0, Diff: 0, Sum: 0, Workers: 5
[26.441s][debug][gc,phases      ] GC(138)         Total                     Min: 0, Avg: 13.4, Max: 52, Diff: 52, Sum: 67, Workers: 5
[26.441s][debug][gc,phases      ] GC(138)       VM weak                   Min:  0.0, Avg:  0.0, Max:  0.0, Diff:  0.0, Sum:  0.0, Workers: 5
[26.441s][debug][gc,phases      ] GC(138)         Dead                      Min: 0, Avg:  0.0, Max: 0, Diff: 0, Sum: 0, Workers: 5
[26.441s][debug][gc,phases      ] GC(138)         Total                     Min: 0, Avg: 47.6, Max: 128, Diff: 128, Sum: 238, Workers: 5
[26.441s][debug][gc,phases      ] GC(138)       StringTable weak          Min:  0.0, Avg:  0.0, Max:  0.0, Diff:  0.0, Sum:  0.1, Workers: 5
[26.441s][debug][gc,phases      ] GC(138)         Dead                      Min: 0, Avg:  0.0, Max: 0, Diff: 0, Sum: 0, Workers: 5
[26.441s][debug][gc,phases      ] GC(138)         Total                     Min: 0, Avg: 728.6, Max: 1854, Diff: 1854, Sum: 3643, Workers: 5
[26.441s][debug][gc,phases      ] GC(138)       ResolvedMethodTable weak  Min:  0.0, Avg:  0.0, Max:  0.0, Diff:  0.0, Sum:  0.1, Workers: 5
[26.441s][debug][gc,phases      ] GC(138)         Dead                      Min: 0, Avg:  0.0, Max: 0, Diff: 0, Sum: 0, Workers: 5
[26.441s][debug][gc,phases      ] GC(138)         Total                     Min: 0, Avg: 123.4, Max: 320, Diff: 320, Sum: 617, Workers: 5
[26.441s][debug][gc,phases      ] GC(138)     Merge Per-Thread State: 0.0ms
[26.441s][debug][gc,phases      ] GC(138)       Copied Bytes              Min: 0, Avg: 42.0, Max: 128, Diff: 128, Sum: 336, Workers: 8
[26.441s][debug][gc,phases      ] GC(138)       LAB Waste                 Min: 0, Avg:  0.0, Max: 0, Diff: 0, Sum: 0, Workers: 8
[26.441s][debug][gc,phases      ] GC(138)       LAB Undo Waste            Min: 0, Avg:  0.0, Max: 0, Diff: 0, Sum: 0, Workers: 8
[26.441s][debug][gc,phases      ] GC(138)     Code Roots Purge: 0.0ms
[26.441s][debug][gc,phases      ] GC(138)     Redirty Cards: 0.0ms
[26.441s][debug][gc,phases      ] GC(138)     DerivedPointerTable Update: 0.0ms
[26.441s][debug][gc,phases      ] GC(138)     Free Collection Set: 0.2ms
[26.441s][debug][gc,phases      ] GC(138)     Rebuild Free List: 0.1ms
[26.441s][debug][gc,phases      ] GC(138)     Humongous Reclaim: 0.0ms
[26.441s][debug][gc,phases      ] GC(138)     Start New Collection Set: 0.0ms
[26.441s][debug][gc,phases      ] GC(138)     Resize TLABs: 0.0ms
[26.441s][debug][gc,phases      ] GC(138)     Expand Heap After Collection: 0.0ms
[26.441s][info ][gc,phases      ] GC(138)   Other: 0.3ms
[26.441s][info ][gc,heap        ] GC(138) Eden regions: 177->0(177)
[26.441s][info ][gc,heap        ] GC(138) Survivor regions: 1->1(23)
[26.441s][info ][gc,heap        ] GC(138) Old regions: 7->7
[26.441s][info ][gc,heap        ] GC(138) Archive regions: 2->2
[26.441s][info ][gc,heap        ] GC(138) Humongous regions: 0->0
[26.441s][info ][gc,metaspace   ] GC(138) Metaspace: 10703K(11136K)->10703K(11136K) NonClass: 9440K(9728K)->9440K(9728K) Class: 1263K(1408K)->1263K(1408K)
[26.441s][debug][gc,heap        ] GC(138) Heap after GC invocations=139 (full 1): garbage-first heap   total 305152K, used 4436K [0x0000000700000000, 0x0000000800000000)
[26.441s][debug][gc,heap        ] GC(138)   region size 1024K, 1 young (1024K), 1 survivors (1024K)
[26.441s][debug][gc,heap        ] GC(138)  Metaspace       used 10703K, capacity 10992K, committed 11136K, reserved 1058816K
[26.441s][debug][gc,heap        ] GC(138)   class space    used 1263K, capacity 1389K, committed 1408K, reserved 1048576K
[26.441s][info ][gc             ] GC(138) Pause Young (Normal) (G1 Evacuation Pause) 181M->4M(298M) 1.729ms
[26.441s][info ][gc,cpu         ] GC(138) User=0.00s Sys=0.00s Real=0.00s
[26.441s][info ][safepoint      ] Safepoint "G1CollectForAllocation", Time since last: 166961516 ns, Reaching safepoint: 100455 ns, At safepoint: 1907440 ns, Total: 2007895 ns
[26.605s][debug][gc,heap        ] GC(139) Heap before GC invocations=139 (full 1): garbage-first heap   total 305152K, used 185684K [0x0000000700000000, 0x0000000800000000)
[26.605s][debug][gc,heap        ] GC(139)   region size 1024K, 178 young (182272K), 1 survivors (1024K)
[26.605s][debug][gc,heap        ] GC(139)  Metaspace       used 10703K, capacity 10992K, committed 11136K, reserved 1058816K
[26.605s][debug][gc,heap        ] GC(139)   class space    used 1263K, capacity 1389K, committed 1408K, reserved 1048576K
[26.605s][info ][gc,start       ] GC(139) Pause Young (Normal) (G1 Evacuation Pause)
[26.605s][info ][gc,task        ] GC(139) Using 8 workers of 8 for evacuation
[26.605s][debug][gc,tlab        ] GC(139) TLAB totals: thrds: 8  refills: 714 max: 99 slow allocs: 0 max 0 waste:  1.0% gc: 1457056B max: 342256B slow: 411928B max: 57208B fast: 0B max: 0B
[26.605s][debug][gc,age         ] GC(139) Desired survivor size 12058624 bytes, new threshold 15 (max threshold 15)
[26.605s][debug][gc,alloc,region] GC(139) Mutator Allocation stats, regions: 177, wasted size: 0B ( 0.0%)
[26.605s][debug][gc,ergo        ] GC(139) Running G1 Merge Heap Roots using 8 workers for 178 regions
[26.605s][debug][gc,remset      ] GC(139) Visited cards 256 Total dirty 2048 (12.50%) Total old 747520 (0.03%)
[26.605s][debug][gc,ergo        ] GC(139) Running G1 Clear Card Table Task using 1 workers for 1 units of work for 179 regions.
[26.606s][debug][gc,ref         ] GC(139) Skipped phase1 of Reference Processing due to unavailable references
[26.606s][debug][gc,ref         ] GC(139) Skipped phase2 of Reference Processing due to unavailable references
[26.606s][debug][gc,ref         ] GC(139) Skipped phase3 of Reference Processing due to unavailable references
[26.606s][debug][gc,ref         ] GC(139) Skipped phase4 of Reference Processing due to unavailable references
[26.606s][debug][gc,ergo        ] GC(139) Running G1 Free Collection Set using 8 workers for collection set length 178 (298)
[26.606s][debug][gc,ergo        ] GC(139) Running G1 Rebuild Free List Task using 8 workers for rebuilding free list of 0 (4096) regions
[26.606s][trace][gc,age         ] GC(139) Age table with threshold 15 (max threshold 15)
[26.606s][trace][gc,age         ] GC(139) - age   1:        336 bytes,        336 total
[26.606s][debug][gc,plab        ] GC(139) Young PLAB allocation: allocated: 8256B, wasted: 0B, unused: 7920B, used: 336B, undo waste: 0B, 
[26.606s][debug][gc,plab        ] GC(139) Young other allocation: region end waste: 0B, regions filled: 1, direct allocated: 0B, failure used: 0B, failure wasted: 0B
[26.606s][debug][gc,plab        ] GC(139) Young sizing: calculated: 64B, actual: 2064B
[26.606s][debug][gc,plab        ] GC(139) Old PLAB allocation: allocated: 0B, wasted: 0B, unused: 0B, used: 0B, undo waste: 0B, 
[26.606s][debug][gc,plab        ] GC(139) Old other allocation: region end waste: 0B, regions filled: 1, direct allocated: 0B, failure used: 0B, failure wasted: 0B
[26.606s][debug][gc,plab        ] GC(139) Old sizing: calculated: 0B, actual: 2064B
[26.606s][debug][gc,ihop        ] GC(139) Basic information (value update), threshold: 140614041B (45.00), target occupancy: 312475648B, current occupancy: 4543024B, recent allocation size: 0B, recent allocation duration: 164.59ms, recent old gen allocation rate: 0.00B/s, recent marking phase length: 0.00ms
[26.606s][debug][gc,ihop        ] GC(139) Adaptive IHOP information (value update), threshold: 140614041B (47.37), internal target occupancy: 296851865B, occupancy: 4543024B, additional buffer size: 186646528B, predicted old gen allocation rate: 3404.10B/s, predicted marking phase length: 0.00ms, prediction active: false
[26.606s][debug][gc,ergo,refine ] GC(139) Concurrent refinement times: Logged Cards Scan time goal: 20.00ms Logged Cards Scan time: 0.00ms HCC time: 0.00ms
[26.606s][debug][gc,ergo,refine ] GC(139) Updated Refinement Zones: green: 2048, yellow: 6144, red: 10240
[26.606s][info ][gc,phases      ] GC(139)   Pre Evacuate Collection Set: 0.1ms
[26.606s][debug][gc,phases      ] GC(139)     Prepare TLABs: 0.0ms
[26.606s][debug][gc,phases      ] GC(139)     Choose Collection Set: 0.0ms
[26.606s][debug][gc,phases      ] GC(139)     Region Register: 0.1ms
[26.606s][debug][gc,phases      ] GC(139)     Prepare Heap Roots: 0.0ms
[26.606s][info ][gc,phases      ] GC(139)   Merge Heap Roots: 0.1ms
[26.606s][debug][gc,phases      ] GC(139)     Prepare Merge Heap Roots: 0.0ms
[26.606s][debug][gc,phases      ] GC(139)     Eager Reclaim (ms):       skipped
[26.606s][debug][gc,phases      ] GC(139)     Remembered Sets (ms):     Min:  0.0, Avg:  0.0, Max:  0.0, Diff:  0.0, Sum:  0.1, Workers: 8
[26.606s][debug][gc,phases      ] GC(139)       Merged Sparse:            Min: 0, Avg:  0.0, Max: 0, Diff: 0, Sum: 0, Workers: 8
[26.606s][debug][gc,phases      ] GC(139)       Merged Fine:              Min: 0, Avg:  0.0, Max: 0, Diff: 0, Sum: 0, Workers: 8
[26.606s][debug][gc,phases      ] GC(139)       Merged Coarse:            Min: 0, Avg:  0.0, Max: 0, Diff: 0, Sum: 0, Workers: 8
[26.606s][debug][gc,phases      ] GC(139)       Dirty Cards:              Min: 0, Avg:  0.0, Max: 0, Diff: 0, Sum: 0, Workers: 8
[26.606s][debug][gc,phases      ] GC(139)     Hot Card Cache (ms):      Min:  0.0, Avg:  0.0, Max:  0.0, Diff:  0.0, Sum:  0.0, Workers: 8
[26.606s][debug][gc,phases      ] GC(139)       Dirty Cards:              Min: 0, Avg:  0.0, Max: 0, Diff: 0, Sum: 0, Workers: 8
[26.606s][debug][gc,phases      ] GC(139)       Skipped Cards:            Min: 0, Avg:  0.0, Max: 0, Diff: 0, Sum: 0, Workers: 8
[26.606s][debug][gc,phases      ] GC(139)     Log Buffers (ms):         Min:  0.0, Avg:  0.0, Max:  0.0, Diff:  0.0, Sum:  0.0, Workers: 8
[26.606s][debug][gc,phases      ] GC(139)       Dirty Cards:              Min: 0, Avg:  0.1, Max: 1, Diff: 1, Sum: 1, Workers: 8
[26.606s][debug][gc,phases      ] GC(139)       Skipped Cards:            Min: 0, Avg:  0.0, Max: 0, Diff: 0, Sum: 0, Workers: 8
[26.606s][info ][gc,phases      ] GC(139)   Evacuate Collection Set: 0.2ms
[26.606s][debug][gc,phases      ] GC(139)     Ext Root Scanning (ms):   Min:  0.0, Avg:  0.0, Max:  0.0, Diff:  0.0, Sum:  0.2, Workers: 8
[26.606s][debug][gc,phases      ] GC(139)     Scan Heap Roots (ms):     Min:  0.0, Avg:  0.0, Max:  0.0, Diff:  0.0, Sum:  0.0, Workers: 8
[26.606s][debug][gc,phases      ] GC(139)       Scanned Cards:            Min: 0, Avg:  0.1, Max: 1, Diff: 1, Sum: 1, Workers: 8
[26.606s][debug][gc,phases      ] GC(139)       Scanned Blocks:           Min: 0, Avg:  0.1, Max: 1, Diff: 1, Sum: 1, Workers: 8
[26.606s][debug][gc,phases      ] GC(139)       Claimed Chunks:           Min: 0, Avg:  0.1, Max: 1, Diff: 1, Sum: 1, Workers: 8
[26.606s][debug][gc,phases      ] GC(139)     Code Root Scan (ms):      Min:  0.0, Avg:  0.0, Max:  0.0, Diff:  0.0, Sum:  0.0, Workers: 8
[26.606s][debug][gc,phases      ] GC(139)     Object Copy (ms):         Min:  0.0, Avg:  0.0, Max:  0.0, Diff:  0.0, Sum:  0.0, Workers: 8
[26.606s][debug][gc,phases      ] GC(139)     Termination (ms):         Min:  0.1, Avg:  0.1, Max:  0.2, Diff:  0.1, Sum:  0.8, Workers: 8
[26.606s][debug][gc,phases      ] GC(139)       Termination Attempts:     Min: 1, Avg:  1.0, Max: 1, Diff: 0, Sum: 8, Workers: 8
[26.606s][debug][gc,phases      ] GC(139)     GC Worker Other (ms):     Min:  0.0, Avg:  0.0, Max:  0.0, Diff:  0.0, Sum:  0.1, Workers: 8
[26.606s][debug][gc,phases      ] GC(139)     GC Worker Total (ms):     Min:  0.1, Avg:  0.2, Max:  0.2, Diff:  0.1, Sum:  1.2, Workers: 8
[26.606s][info ][gc,phases      ] GC(139)   Post Evacuate Collection Set: 0.4ms
[26.606s][debug][gc,phases      ] GC(139)     Code Roots Fixup: 0.0ms
[26.606s][debug][gc,phases      ] GC(139)     Clear Card Table: 0.1ms
[26.606s][debug][gc,phases      ] GC(139)     Reference Processing: 0.0ms
[26.606s][debug][gc,phases,ref  ] GC(139)       Reconsider SoftReferences: 0.0ms
[26.606s][debug][gc,phases,ref  ] GC(139)         SoftRef (ms):             skipped
[26.606s][debug][gc,phases,ref  ] GC(139)       Notify Soft/WeakReferences: 0.0ms
[26.606s][debug][gc,phases,ref  ] GC(139)         SoftRef (ms):             skipped
[26.606s][debug][gc,phases,ref  ] GC(139)         WeakRef (ms):             skipped
[26.606s][debug][gc,phases,ref  ] GC(139)         FinalRef (ms):            skipped
[26.606s][debug][gc,phases,ref  ] GC(139)         Total (ms):               skipped
[26.606s][debug][gc,phases,ref  ] GC(139)       Notify and keep alive finalizable: 0.0ms
[26.606s][debug][gc,phases,ref  ] GC(139)         FinalRef (ms):            skipped
[26.606s][debug][gc,phases,ref  ] GC(139)       Notify PhantomReferences: 0.0ms
[26.606s][debug][gc,phases,ref  ] GC(139)         PhantomRef (ms):          skipped
[26.606s][debug][gc,phases,ref  ] GC(139)       SoftReference:
[26.606s][debug][gc,phases,ref  ] GC(139)         Discovered: 0
[26.606s][debug][gc,phases,ref  ] GC(139)         Cleared: 0
[26.606s][debug][gc,phases,ref  ] GC(139)       WeakReference:
[26.606s][debug][gc,phases,ref  ] GC(139)         Discovered: 0
[26.606s][debug][gc,phases,ref  ] GC(139)         Cleared: 0
[26.606s][debug][gc,phases,ref  ] GC(139)       FinalReference:
[26.606s][debug][gc,phases,ref  ] GC(139)         Discovered: 0
[26.606s][debug][gc,phases,ref  ] GC(139)         Cleared: 0
[26.606s][debug][gc,phases,ref  ] GC(139)       PhantomReference:
[26.606s][debug][gc,phases,ref  ] GC(139)         Discovered: 0
[26.606s][debug][gc,phases,ref  ] GC(139)         Cleared: 0
[26.606s][debug][gc,phases      ] GC(139)     Weak Processing: 0.0ms
[26.606s][debug][gc,phases      ] GC(139)       JVMTI weak processing: 0.0ms
[26.606s][debug][gc,phases      ] GC(139)         Dead: 0
[26.606s][debug][gc,phases      ] GC(139)         Total: 0
[26.606s][debug][gc,phases      ] GC(139)       JFR weak processing: 0.0ms
[26.606s][debug][gc,phases      ] GC(139)         Dead: 0
[26.606s][debug][gc,phases      ] GC(139)         Total: 0
[26.607s][debug][gc,phases      ] GC(139)       JNI weak                  Min:  0.0, Avg:  0.0, Max:  0.0, Diff:  0.0, Sum:  0.0, Workers: 5
[26.607s][debug][gc,phases      ] GC(139)         Dead                      Min: 0, Avg:  0.0, Max: 0, Diff: 0, Sum: 0, Workers: 5
[26.607s][debug][gc,phases      ] GC(139)         Total                     Min: 0, Avg: 13.4, Max: 52, Diff: 52, Sum: 67, Workers: 5
[26.607s][debug][gc,phases      ] GC(139)       VM weak                   Min:  0.0, Avg:  0.0, Max:  0.0, Diff:  0.0, Sum:  0.0, Workers: 5
[26.607s][debug][gc,phases      ] GC(139)         Dead                      Min: 0, Avg:  0.0, Max: 0, Diff: 0, Sum: 0, Workers: 5
[26.607s][debug][gc,phases      ] GC(139)         Total                     Min: 0, Avg: 47.6, Max: 64, Diff: 64, Sum: 238, Workers: 5
[26.607s][debug][gc,phases      ] GC(139)       StringTable weak          Min:  0.0, Avg:  0.0, Max:  0.0, Diff:  0.0, Sum:  0.1, Workers: 5
[26.607s][debug][gc,phases      ] GC(139)         Dead                      Min: 0, Avg:  0.0, Max: 0, Diff: 0, Sum: 0, Workers: 5
[26.607s][debug][gc,phases      ] GC(139)         Total                     Min: 640, Avg: 728.6, Max: 894, Diff: 254, Sum: 3643, Workers: 5
[26.607s][debug][gc,phases      ] GC(139)       ResolvedMethodTable weak  Min:  0.0, Avg:  0.0, Max:  0.0, Diff:  0.0, Sum:  0.0, Workers: 5
[26.607s][debug][gc,phases      ] GC(139)         Dead                      Min: 0, Avg:  0.0, Max: 0, Diff: 0, Sum: 0, Workers: 5
[26.607s][debug][gc,phases      ] GC(139)         Total                     Min: 64, Avg: 123.4, Max: 192, Diff: 128, Sum: 617, Workers: 5
[26.607s][debug][gc,phases      ] GC(139)     Merge Per-Thread State: 0.0ms
[26.607s][debug][gc,phases      ] GC(139)       Copied Bytes              Min: 0, Avg: 42.0, Max: 104, Diff: 104, Sum: 336, Workers: 8
[26.607s][debug][gc,phases      ] GC(139)       LAB Waste                 Min: 0, Avg:  0.0, Max: 0, Diff: 0, Sum: 0, Workers: 8
[26.607s][debug][gc,phases      ] GC(139)       LAB Undo Waste            Min: 0, Avg:  0.0, Max: 0, Diff: 0, Sum: 0, Workers: 8
[26.607s][debug][gc,phases      ] GC(139)     Code Roots Purge: 0.0ms
[26.607s][debug][gc,phases      ] GC(139)     Redirty Cards: 0.0ms
[26.607s][debug][gc,phases      ] GC(139)     DerivedPointerTable Update: 0.0ms
[26.607s][debug][gc,phases      ] GC(139)     Free Collection Set: 0.1ms
[26.607s][debug][gc,phases      ] GC(139)     Rebuild Free List: 0.0ms
[26.607s][debug][gc,phases      ] GC(139)     Humongous Reclaim: 0.0ms
[26.607s][debug][gc,phases      ] GC(139)     Start New Collection Set: 0.0ms
[26.607s][debug][gc,phases      ] GC(139)     Resize TLABs: 0.0ms
[26.607s][debug][gc,phases      ] GC(139)     Expand Heap After Collection: 0.0ms
[26.607s][info ][gc,phases      ] GC(139)   Other: 0.3ms
[26.607s][info ][gc,heap        ] GC(139) Eden regions: 177->0(177)
[26.607s][info ][gc,heap        ] GC(139) Survivor regions: 1->1(23)
[26.607s][info ][gc,heap        ] GC(139) Old regions: 7->7
[26.607s][info ][gc,heap        ] GC(139) Archive regions: 2->2
[26.607s][info ][gc,heap        ] GC(139) Humongous regions: 0->0
[26.607s][info ][gc,metaspace   ] GC(139) Metaspace: 10703K(11136K)->10703K(11136K) NonClass: 9440K(9728K)->9440K(9728K) Class: 1263K(1408K)->1263K(1408K)
[26.607s][debug][gc,heap        ] GC(139) Heap after GC invocations=140 (full 1): garbage-first heap   total 305152K, used 4436K [0x0000000700000000, 0x0000000800000000)
[26.607s][debug][gc,heap        ] GC(139)   region size 1024K, 1 young (1024K), 1 survivors (1024K)
[26.607s][debug][gc,heap        ] GC(139)  Metaspace       used 10703K, capacity 10992K, committed 11136K, reserved 1058816K
[26.607s][debug][gc,heap        ] GC(139)   class space    used 1263K, capacity 1389K, committed 1408K, reserved 1048576K
[26.607s][info ][gc             ] GC(139) Pause Young (Normal) (G1 Evacuation Pause) 181M->4M(298M) 1.927ms
[26.607s][info ][gc,cpu         ] GC(139) User=0.00s Sys=0.00s Real=0.00s
[26.607s][info ][safepoint      ] Safepoint "G1CollectForAllocation", Time since last: 163594778 ns, Reaching safepoint: 158975 ns, At safepoint: 2062530 ns, Total: 2221505 ns
[26.747s][debug][gc,heap        ] GC(140) Heap before GC invocations=140 (full 1): garbage-first heap   total 305152K, used 185684K [0x0000000700000000, 0x0000000800000000)
[26.747s][debug][gc,heap        ] GC(140)   region size 1024K, 178 young (182272K), 1 survivors (1024K)
[26.747s][debug][gc,heap        ] GC(140)  Metaspace       used 10703K, capacity 10992K, committed 11136K, reserved 1058816K
[26.747s][debug][gc,heap        ] GC(140)   class space    used 1263K, capacity 1389K, committed 1408K, reserved 1048576K
[26.747s][info ][gc,start       ] GC(140) Pause Young (Normal) (G1 Evacuation Pause)
[26.747s][info ][gc,task        ] GC(140) Using 8 workers of 8 for evacuation
[26.747s][debug][gc,tlab        ] GC(140) TLAB totals: thrds: 8  refills: 710 max: 123 slow allocs: 0 max 0 waste:  1.4% gc: 2144568B max: 392080B slow: 410984B max: 71256B fast: 0B max: 0B
[26.747s][debug][gc,age         ] GC(140) Desired survivor size 12058624 bytes, new threshold 15 (max threshold 15)
[26.747s][debug][gc,alloc,region] GC(140) Mutator Allocation stats, regions: 177, wasted size: 0B ( 0.0%)
[26.747s][debug][gc,ergo        ] GC(140) Running G1 Merge Heap Roots using 8 workers for 178 regions
[26.747s][debug][gc,remset      ] GC(140) Visited cards 256 Total dirty 2048 (12.50%) Total old 747520 (0.03%)
[26.747s][debug][gc,ergo        ] GC(140) Running G1 Clear Card Table Task using 1 workers for 1 units of work for 179 regions.
[26.748s][debug][gc,ref         ] GC(140) Skipped phase1 of Reference Processing due to unavailable references
[26.748s][debug][gc,ref         ] GC(140) Skipped phase2 of Reference Processing due to unavailable references
[26.748s][debug][gc,ref         ] GC(140) Skipped phase3 of Reference Processing due to unavailable references
[26.748s][debug][gc,ref         ] GC(140) Skipped phase4 of Reference Processing due to unavailable references
[26.748s][debug][gc,ergo        ] GC(140) Running G1 Free Collection Set using 8 workers for collection set length 178 (298)
[26.748s][debug][gc,ergo        ] GC(140) Running G1 Rebuild Free List Task using 8 workers for rebuilding free list of 0 (4096) regions
[26.748s][trace][gc,age         ] GC(140) Age table with threshold 15 (max threshold 15)
[26.748s][trace][gc,age         ] GC(140) - age   1:        360 bytes,        360 total
[26.748s][debug][gc,plab        ] GC(140) Young PLAB allocation: allocated: 10320B, wasted: 0B, unused: 9960B, used: 360B, undo waste: 0B, 
[26.748s][debug][gc,plab        ] GC(140) Young other allocation: region end waste: 0B, regions filled: 1, direct allocated: 0B, failure used: 0B, failure wasted: 0B
[26.748s][debug][gc,plab        ] GC(140) Young sizing: calculated: 72B, actual: 2064B
[26.748s][debug][gc,plab        ] GC(140) Old PLAB allocation: allocated: 0B, wasted: 0B, unused: 0B, used: 0B, undo waste: 0B, 
[26.748s][debug][gc,plab        ] GC(140) Old other allocation: region end waste: 0B, regions filled: 1, direct allocated: 0B, failure used: 0B, failure wasted: 0B
[26.748s][debug][gc,plab        ] GC(140) Old sizing: calculated: 0B, actual: 2064B
[26.748s][debug][gc,ihop        ] GC(140) Basic information (value update), threshold: 140614041B (45.00), target occupancy: 312475648B, current occupancy: 4545088B, recent allocation size: 0B, recent allocation duration: 141.19ms, recent old gen allocation rate: 0.00B/s, recent marking phase length: 0.00ms
[26.748s][debug][gc,ihop        ] GC(140) Adaptive IHOP information (value update), threshold: 140614041B (47.37), internal target occupancy: 296851865B, occupancy: 4545088B, additional buffer size: 186646528B, predicted old gen allocation rate: 3313.81B/s, predicted marking phase length: 0.00ms, prediction active: false
[26.748s][debug][gc,ergo,refine ] GC(140) Concurrent refinement times: Logged Cards Scan time goal: 20.00ms Logged Cards Scan time: 0.00ms HCC time: 0.00ms
[26.748s][debug][gc,ergo,refine ] GC(140) Updated Refinement Zones: green: 2048, yellow: 6144, red: 10240
[26.748s][info ][gc,phases      ] GC(140)   Pre Evacuate Collection Set: 0.1ms
[26.748s][debug][gc,phases      ] GC(140)     Prepare TLABs: 0.0ms
[26.748s][debug][gc,phases      ] GC(140)     Choose Collection Set: 0.0ms
[26.748s][debug][gc,phases      ] GC(140)     Region Register: 0.1ms
[26.748s][debug][gc,phases      ] GC(140)     Prepare Heap Roots: 0.0ms
[26.748s][info ][gc,phases      ] GC(140)   Merge Heap Roots: 0.1ms
[26.748s][debug][gc,phases      ] GC(140)     Prepare Merge Heap Roots: 0.0ms
[26.748s][debug][gc,phases      ] GC(140)     Eager Reclaim (ms):       skipped
[26.748s][debug][gc,phases      ] GC(140)     Remembered Sets (ms):     Min:  0.0, Avg:  0.0, Max:  0.0, Diff:  0.0, Sum:  0.1, Workers: 8
[26.748s][debug][gc,phases      ] GC(140)       Merged Sparse:            Min: 0, Avg:  0.0, Max: 0, Diff: 0, Sum: 0, Workers: 8
[26.748s][debug][gc,phases      ] GC(140)       Merged Fine:              Min: 0, Avg:  0.0, Max: 0, Diff: 0, Sum: 0, Workers: 8
[26.748s][debug][gc,phases      ] GC(140)       Merged Coarse:            Min: 0, Avg:  0.0, Max: 0, Diff: 0, Sum: 0, Workers: 8
[26.748s][debug][gc,phases      ] GC(140)       Dirty Cards:              Min: 0, Avg:  0.0, Max: 0, Diff: 0, Sum: 0, Workers: 8
[26.748s][debug][gc,phases      ] GC(140)     Hot Card Cache (ms):      Min:  0.0, Avg:  0.0, Max:  0.0, Diff:  0.0, Sum:  0.0, Workers: 8
[26.748s][debug][gc,phases      ] GC(140)       Dirty Cards:              Min: 0, Avg:  0.0, Max: 0, Diff: 0, Sum: 0, Workers: 8
[26.748s][debug][gc,phases      ] GC(140)       Skipped Cards:            Min: 0, Avg:  0.0, Max: 0, Diff: 0, Sum: 0, Workers: 8
[26.748s][debug][gc,phases      ] GC(140)     Log Buffers (ms):         Min:  0.0, Avg:  0.0, Max:  0.0, Diff:  0.0, Sum:  0.0, Workers: 8
[26.748s][debug][gc,phases      ] GC(140)       Dirty Cards:              Min: 0, Avg:  0.1, Max: 1, Diff: 1, Sum: 1, Workers: 8
[26.748s][debug][gc,phases      ] GC(140)       Skipped Cards:            Min: 0, Avg:  0.0, Max: 0, Diff: 0, Sum: 0, Workers: 8
[26.748s][info ][gc,phases      ] GC(140)   Evacuate Collection Set: 0.2ms
[26.748s][debug][gc,phases      ] GC(140)     Ext Root Scanning (ms):   Min:  0.0, Avg:  0.0, Max:  0.1, Diff:  0.0, Sum:  0.2, Workers: 8
[26.748s][debug][gc,phases      ] GC(140)     Scan Heap Roots (ms):     Min:  0.0, Avg:  0.0, Max:  0.0, Diff:  0.0, Sum:  0.0, Workers: 8
[26.748s][debug][gc,phases      ] GC(140)       Scanned Cards:            Min: 0, Avg:  0.1, Max: 1, Diff: 1, Sum: 1, Workers: 8
[26.748s][debug][gc,phases      ] GC(140)       Scanned Blocks:           Min: 0, Avg:  0.1, Max: 1, Diff: 1, Sum: 1, Workers: 8
[26.748s][debug][gc,phases      ] GC(140)       Claimed Chunks:           Min: 0, Avg:  0.1, Max: 1, Diff: 1, Sum: 1, Workers: 8
[26.748s][debug][gc,phases      ] GC(140)     Code Root Scan (ms):      Min:  0.0, Avg:  0.0, Max:  0.0, Diff:  0.0, Sum:  0.0, Workers: 8
[26.748s][debug][gc,phases      ] GC(140)     Object Copy (ms):         Min:  0.0, Avg:  0.0, Max:  0.0, Diff:  0.0, Sum:  0.0, Workers: 8
[26.748s][debug][gc,phases      ] GC(140)     Termination (ms):         Min:  0.1, Avg:  0.1, Max:  0.1, Diff:  0.0, Sum:  0.5, Workers: 8
[26.748s][debug][gc,phases      ] GC(140)       Termination Attempts:     Min: 1, Avg:  1.0, Max: 1, Diff: 0, Sum: 8, Workers: 8
[26.748s][debug][gc,phases      ] GC(140)     GC Worker Other (ms):     Min:  0.0, Avg:  0.0, Max:  0.0, Diff:  0.0, Sum:  0.1, Workers: 8
[26.748s][debug][gc,phases      ] GC(140)     GC Worker Total (ms):     Min:  0.1, Avg:  0.1, Max:  0.1, Diff:  0.1, Sum:  0.8, Workers: 8
[26.748s][info ][gc,phases      ] GC(140)   Post Evacuate Collection Set: 0.6ms
[26.748s][debug][gc,phases      ] GC(140)     Code Roots Fixup: 0.0ms
[26.748s][debug][gc,phases      ] GC(140)     Clear Card Table: 0.1ms
[26.748s][debug][gc,phases      ] GC(140)     Reference Processing: 0.1ms
[26.748s][debug][gc,phases,ref  ] GC(140)       Reconsider SoftReferences: 0.0ms
[26.748s][debug][gc,phases,ref  ] GC(140)         SoftRef (ms):             skipped
[26.748s][debug][gc,phases,ref  ] GC(140)       Notify Soft/WeakReferences: 0.0ms
[26.748s][debug][gc,phases,ref  ] GC(140)         SoftRef (ms):             skipped
[26.748s][debug][gc,phases,ref  ] GC(140)         WeakRef (ms):             skipped
[26.748s][debug][gc,phases,ref  ] GC(140)         FinalRef (ms):            skipped
[26.748s][debug][gc,phases,ref  ] GC(140)         Total (ms):               skipped
[26.748s][debug][gc,phases,ref  ] GC(140)       Notify and keep alive finalizable: 0.0ms
[26.748s][debug][gc,phases,ref  ] GC(140)         FinalRef (ms):            skipped
[26.748s][debug][gc,phases,ref  ] GC(140)       Notify PhantomReferences: 0.0ms
[26.748s][debug][gc,phases,ref  ] GC(140)         PhantomRef (ms):          skipped
[26.748s][debug][gc,phases,ref  ] GC(140)       SoftReference:
[26.748s][debug][gc,phases,ref  ] GC(140)         Discovered: 0
[26.748s][debug][gc,phases,ref  ] GC(140)         Cleared: 0
[26.748s][debug][gc,phases,ref  ] GC(140)       WeakReference:
[26.748s][debug][gc,phases,ref  ] GC(140)         Discovered: 0
[26.748s][debug][gc,phases,ref  ] GC(140)         Cleared: 0
[26.748s][debug][gc,phases,ref  ] GC(140)       FinalReference:
[26.748s][debug][gc,phases,ref  ] GC(140)         Discovered: 0
[26.748s][debug][gc,phases,ref  ] GC(140)         Cleared: 0
[26.748s][debug][gc,phases,ref  ] GC(140)       PhantomReference:
[26.748s][debug][gc,phases,ref  ] GC(140)         Discovered: 0
[26.748s][debug][gc,phases,ref  ] GC(140)         Cleared: 0
[26.748s][debug][gc,phases      ] GC(140)     Weak Processing: 0.1ms
[26.748s][debug][gc,phases      ] GC(140)       JVMTI weak processing: 0.0ms
[26.748s][debug][gc,phases      ] GC(140)         Dead: 0
[26.748s][debug][gc,phases      ] GC(140)         Total: 0
[26.748s][debug][gc,phases      ] GC(140)       JFR weak processing: 0.0ms
[26.748s][debug][gc,phases      ] GC(140)         Dead: 0
[26.748s][debug][gc,phases      ] GC(140)         Total: 0
[26.748s][debug][gc,phases      ] GC(140)       JNI weak                  Min:  0.0, Avg:  0.0, Max:  0.0, Diff:  0.0, Sum:  0.1, Workers: 5
[26.749s][debug][gc,phases      ] GC(140)         Dead                      Min: 0, Avg:  0.0, Max: 0, Diff: 0, Sum: 0, Workers: 5
[26.749s][debug][gc,phases      ] GC(140)         Total                     Min: 0, Avg: 13.4, Max: 67, Diff: 67, Sum: 67, Workers: 5
[26.749s][debug][gc,phases      ] GC(140)       VM weak                   Min:  0.0, Avg:  0.0, Max:  0.0, Diff:  0.0, Sum:  0.0, Workers: 5
[26.749s][debug][gc,phases      ] GC(140)         Dead                      Min: 0, Avg:  0.0, Max: 0, Diff: 0, Sum: 0, Workers: 5
[26.749s][debug][gc,phases      ] GC(140)         Total                     Min: 0, Avg: 47.6, Max: 238, Diff: 238, Sum: 238, Workers: 5
[26.749s][debug][gc,phases      ] GC(140)       StringTable weak          Min:  0.0, Avg:  0.0, Max:  0.1, Diff:  0.1, Sum:  0.1, Workers: 5
[26.749s][debug][gc,phases      ] GC(140)         Dead                      Min: 0, Avg:  0.0, Max: 0, Diff: 0, Sum: 0, Workers: 5
[26.749s][debug][gc,phases      ] GC(140)         Total                     Min: 0, Avg: 728.6, Max: 2046, Diff: 2046, Sum: 3643, Workers: 5
[26.749s][debug][gc,phases      ] GC(140)       ResolvedMethodTable weak  Min:  0.0, Avg:  0.0, Max:  0.0, Diff:  0.0, Sum:  0.0, Workers: 5
[26.749s][debug][gc,phases      ] GC(140)         Dead                      Min: 0, Avg:  0.0, Max: 0, Diff: 0, Sum: 0, Workers: 5
[26.749s][debug][gc,phases      ] GC(140)         Total                     Min: 0, Avg: 123.4, Max: 233, Diff: 233, Sum: 617, Workers: 5
[26.749s][debug][gc,phases      ] GC(140)     Merge Per-Thread State: 0.0ms
[26.749s][debug][gc,phases      ] GC(140)       Copied Bytes              Min: 0, Avg: 45.0, Max: 128, Diff: 128, Sum: 360, Workers: 8
[26.749s][debug][gc,phases      ] GC(140)       LAB Waste                 Min: 0, Avg:  0.0, Max: 0, Diff: 0, Sum: 0, Workers: 8
[26.749s][debug][gc,phases      ] GC(140)       LAB Undo Waste            Min: 0, Avg:  0.0, Max: 0, Diff: 0, Sum: 0, Workers: 8
[26.749s][debug][gc,phases      ] GC(140)     Code Roots Purge: 0.0ms
[26.749s][debug][gc,phases      ] GC(140)     Redirty Cards: 0.0ms
[26.749s][debug][gc,phases      ] GC(140)     DerivedPointerTable Update: 0.0ms
[26.749s][debug][gc,phases      ] GC(140)     Free Collection Set: 0.1ms
[26.749s][debug][gc,phases      ] GC(140)     Rebuild Free List: 0.2ms
[26.749s][debug][gc,phases      ] GC(140)     Humongous Reclaim: 0.0ms
[26.749s][debug][gc,phases      ] GC(140)     Start New Collection Set: 0.0ms
[26.749s][debug][gc,phases      ] GC(140)     Resize TLABs: 0.0ms
[26.749s][debug][gc,phases      ] GC(140)     Expand Heap After Collection: 0.0ms
[26.749s][info ][gc,phases      ] GC(140)   Other: 0.3ms
[26.749s][info ][gc,heap        ] GC(140) Eden regions: 177->0(177)
[26.749s][info ][gc,heap        ] GC(140) Survivor regions: 1->1(23)
[26.749s][info ][gc,heap        ] GC(140) Old regions: 7->7
[26.749s][info ][gc,heap        ] GC(140) Archive regions: 2->2
[26.749s][info ][gc,heap        ] GC(140) Humongous regions: 0->0
[26.749s][info ][gc,metaspace   ] GC(140) Metaspace: 10703K(11136K)->10703K(11136K) NonClass: 9440K(9728K)->9440K(9728K) Class: 1263K(1408K)->1263K(1408K)
[26.749s][debug][gc,heap        ] GC(140) Heap after GC invocations=141 (full 1): garbage-first heap   total 305152K, used 4438K [0x0000000700000000, 0x0000000800000000)
[26.749s][debug][gc,heap        ] GC(140)   region size 1024K, 1 young (1024K), 1 survivors (1024K)
[26.749s][debug][gc,heap        ] GC(140)  Metaspace       used 10703K, capacity 10992K, committed 11136K, reserved 1058816K
[26.749s][debug][gc,heap        ] GC(140)   class space    used 1263K, capacity 1389K, committed 1408K, reserved 1048576K
[26.749s][info ][gc             ] GC(140) Pause Young (Normal) (G1 Evacuation Pause) 181M->4M(298M) 1.683ms
[26.749s][info ][gc,cpu         ] GC(140) User=0.00s Sys=0.00s Real=0.01s
[26.749s][info ][safepoint      ] Safepoint "G1CollectForAllocation", Time since last: 139975339 ns, Reaching safepoint: 113553 ns, At safepoint: 1906336 ns, Total: 2019889 ns
[26.888s][debug][gc,heap        ] GC(141) Heap before GC invocations=141 (full 1): garbage-first heap   total 305152K, used 185686K [0x0000000700000000, 0x0000000800000000)
[26.889s][debug][gc,heap        ] GC(141)   region size 1024K, 178 young (182272K), 1 survivors (1024K)
[26.889s][debug][gc,heap        ] GC(141)  Metaspace       used 10703K, capacity 10992K, committed 11136K, reserved 1058816K
[26.889s][debug][gc,heap        ] GC(141)   class space    used 1263K, capacity 1389K, committed 1408K, reserved 1048576K
[26.889s][info ][gc,start       ] GC(141) Pause Young (Normal) (G1 Evacuation Pause)
[26.889s][info ][gc,task        ] GC(141) Using 8 workers of 8 for evacuation
[26.889s][debug][gc,tlab        ] GC(141) TLAB totals: thrds: 8  refills: 711 max: 140 slow allocs: 0 max 0 waste:  0.9% gc: 1296336B max: 385328B slow: 410616B max: 81216B fast: 0B max: 0B
[26.889s][debug][gc,age         ] GC(141) Desired survivor size 12058624 bytes, new threshold 15 (max threshold 15)
[26.889s][debug][gc,alloc,region] GC(141) Mutator Allocation stats, regions: 177, wasted size: 0B ( 0.0%)
[26.889s][debug][gc,ergo        ] GC(141) Running G1 Merge Heap Roots using 8 workers for 178 regions
[26.889s][debug][gc,remset      ] GC(141) Visited cards 256 Total dirty 2048 (12.50%) Total old 747520 (0.03%)
[26.889s][debug][gc,ergo        ] GC(141) Running G1 Clear Card Table Task using 1 workers for 1 units of work for 179 regions.
[26.889s][debug][gc,ref         ] GC(141) Skipped phase1 of Reference Processing due to unavailable references
[26.889s][debug][gc,ref         ] GC(141) Skipped phase2 of Reference Processing due to unavailable references
[26.889s][debug][gc,ref         ] GC(141) Skipped phase3 of Reference Processing due to unavailable references
[26.889s][debug][gc,ref         ] GC(141) Skipped phase4 of Reference Processing due to unavailable references
[26.889s][debug][gc,ergo        ] GC(141) Running G1 Free Collection Set using 8 workers for collection set length 178 (298)
[26.889s][debug][gc,ergo        ] GC(141) Running G1 Rebuild Free List Task using 8 workers for rebuilding free list of 0 (4096) regions
[26.889s][trace][gc,age         ] GC(141) Age table with threshold 15 (max threshold 15)
[26.889s][trace][gc,age         ] GC(141) - age   1:        304 bytes,        304 total
[26.889s][debug][gc,plab        ] GC(141) Young PLAB allocation: allocated: 8256B, wasted: 0B, unused: 7952B, used: 304B, undo waste: 0B, 
[26.889s][debug][gc,plab        ] GC(141) Young other allocation: region end waste: 0B, regions filled: 1, direct allocated: 0B, failure used: 0B, failure wasted: 0B
[26.889s][debug][gc,plab        ] GC(141) Young sizing: calculated: 56B, actual: 2064B
[26.889s][debug][gc,plab        ] GC(141) Old PLAB allocation: allocated: 0B, wasted: 0B, unused: 0B, used: 0B, undo waste: 0B, 
[26.889s][debug][gc,plab        ] GC(141) Old other allocation: region end waste: 0B, regions filled: 1, direct allocated: 0B, failure used: 0B, failure wasted: 0B
[26.889s][debug][gc,plab        ] GC(141) Old sizing: calculated: 0B, actual: 2064B
[26.890s][debug][gc,ihop        ] GC(141) Basic information (value update), threshold: 140614041B (45.00), target occupancy: 312475648B, current occupancy: 4543024B, recent allocation size: 0B, recent allocation duration: 140.50ms, recent old gen allocation rate: 0.00B/s, recent marking phase length: 0.00ms
[26.890s][debug][gc,ihop        ] GC(141) Adaptive IHOP information (value update), threshold: 140614041B (47.37), internal target occupancy: 296851865B, occupancy: 4543024B, additional buffer size: 186646528B, predicted old gen allocation rate: 3226.01B/s, predicted marking phase length: 0.00ms, prediction active: false
[26.890s][debug][gc,ergo,refine ] GC(141) Concurrent refinement times: Logged Cards Scan time goal: 20.00ms Logged Cards Scan time: 0.00ms HCC time: 0.00ms
[26.890s][debug][gc,ergo,refine ] GC(141) Updated Refinement Zones: green: 2048, yellow: 6144, red: 10240
[26.890s][info ][gc,phases      ] GC(141)   Pre Evacuate Collection Set: 0.1ms
[26.890s][debug][gc,phases      ] GC(141)     Prepare TLABs: 0.0ms
[26.890s][debug][gc,phases      ] GC(141)     Choose Collection Set: 0.0ms
[26.890s][debug][gc,phases      ] GC(141)     Region Register: 0.1ms
[26.890s][debug][gc,phases      ] GC(141)     Prepare Heap Roots: 0.0ms
[26.890s][info ][gc,phases      ] GC(141)   Merge Heap Roots: 0.1ms
[26.890s][debug][gc,phases      ] GC(141)     Prepare Merge Heap Roots: 0.0ms
[26.890s][debug][gc,phases      ] GC(141)     Eager Reclaim (ms):       skipped
[26.890s][debug][gc,phases      ] GC(141)     Remembered Sets (ms):     Min:  0.0, Avg:  0.0, Max:  0.0, Diff:  0.0, Sum:  0.1, Workers: 8
[26.890s][debug][gc,phases      ] GC(141)       Merged Sparse:            Min: 0, Avg:  0.0, Max: 0, Diff: 0, Sum: 0, Workers: 8
[26.890s][debug][gc,phases      ] GC(141)       Merged Fine:              Min: 0, Avg:  0.0, Max: 0, Diff: 0, Sum: 0, Workers: 8
[26.890s][debug][gc,phases      ] GC(141)       Merged Coarse:            Min: 0, Avg:  0.0, Max: 0, Diff: 0, Sum: 0, Workers: 8
[26.890s][debug][gc,phases      ] GC(141)       Dirty Cards:              Min: 0, Avg:  0.0, Max: 0, Diff: 0, Sum: 0, Workers: 8
[26.890s][debug][gc,phases      ] GC(141)     Hot Card Cache (ms):      Min:  0.0, Avg:  0.0, Max:  0.0, Diff:  0.0, Sum:  0.0, Workers: 8
[26.890s][debug][gc,phases      ] GC(141)       Dirty Cards:              Min: 0, Avg:  0.0, Max: 0, Diff: 0, Sum: 0, Workers: 8
[26.890s][debug][gc,phases      ] GC(141)       Skipped Cards:            Min: 0, Avg:  0.0, Max: 0, Diff: 0, Sum: 0, Workers: 8
[26.890s][debug][gc,phases      ] GC(141)     Log Buffers (ms):         Min:  0.0, Avg:  0.0, Max:  0.0, Diff:  0.0, Sum:  0.0, Workers: 8
[26.890s][debug][gc,phases      ] GC(141)       Dirty Cards:              Min: 0, Avg:  0.1, Max: 1, Diff: 1, Sum: 1, Workers: 8
[26.890s][debug][gc,phases      ] GC(141)       Skipped Cards:            Min: 0, Avg:  0.0, Max: 0, Diff: 0, Sum: 0, Workers: 8
[26.890s][info ][gc,phases      ] GC(141)   Evacuate Collection Set: 0.1ms
[26.890s][debug][gc,phases      ] GC(141)     Ext Root Scanning (ms):   Min:  0.0, Avg:  0.0, Max:  0.1, Diff:  0.1, Sum:  0.2, Workers: 8
[26.890s][debug][gc,phases      ] GC(141)     Scan Heap Roots (ms):     Min:  0.0, Avg:  0.0, Max:  0.0, Diff:  0.0, Sum:  0.0, Workers: 8
[26.890s][debug][gc,phases      ] GC(141)       Scanned Cards:            Min: 0, Avg:  0.1, Max: 1, Diff: 1, Sum: 1, Workers: 8
[26.890s][debug][gc,phases      ] GC(141)       Scanned Blocks:           Min: 0, Avg:  0.1, Max: 1, Diff: 1, Sum: 1, Workers: 8
[26.890s][debug][gc,phases      ] GC(141)       Claimed Chunks:           Min: 0, Avg:  0.1, Max: 1, Diff: 1, Sum: 1, Workers: 8
[26.890s][debug][gc,phases      ] GC(141)     Code Root Scan (ms):      Min:  0.0, Avg:  0.0, Max:  0.0, Diff:  0.0, Sum:  0.0, Workers: 8
[26.890s][debug][gc,phases      ] GC(141)     Object Copy (ms):         Min:  0.0, Avg:  0.0, Max:  0.0, Diff:  0.0, Sum:  0.0, Workers: 8
[26.890s][debug][gc,phases      ] GC(141)     Termination (ms):         Min:  0.0, Avg:  0.1, Max:  0.1, Diff:  0.0, Sum:  0.4, Workers: 8
[26.890s][debug][gc,phases      ] GC(141)       Termination Attempts:     Min: 1, Avg:  1.0, Max: 1, Diff: 0, Sum: 8, Workers: 8
[26.890s][debug][gc,phases      ] GC(141)     GC Worker Other (ms):     Min:  0.0, Avg:  0.0, Max:  0.0, Diff:  0.0, Sum:  0.1, Workers: 8
[26.890s][debug][gc,phases      ] GC(141)     GC Worker Total (ms):     Min:  0.0, Avg:  0.1, Max:  0.1, Diff:  0.1, Sum:  0.8, Workers: 8
[26.890s][info ][gc,phases      ] GC(141)   Post Evacuate Collection Set: 0.4ms
[26.890s][debug][gc,phases      ] GC(141)     Code Roots Fixup: 0.0ms
[26.890s][debug][gc,phases      ] GC(141)     Clear Card Table: 0.1ms
[26.890s][debug][gc,phases      ] GC(141)     Reference Processing: 0.0ms
[26.890s][debug][gc,phases,ref  ] GC(141)       Reconsider SoftReferences: 0.0ms
[26.890s][debug][gc,phases,ref  ] GC(141)         SoftRef (ms):             skipped
[26.890s][debug][gc,phases,ref  ] GC(141)       Notify Soft/WeakReferences: 0.0ms
[26.890s][debug][gc,phases,ref  ] GC(141)         SoftRef (ms):             skipped
[26.890s][debug][gc,phases,ref  ] GC(141)         WeakRef (ms):             skipped
[26.890s][debug][gc,phases,ref  ] GC(141)         FinalRef (ms):            skipped
[26.890s][debug][gc,phases,ref  ] GC(141)         Total (ms):               skipped
[26.890s][debug][gc,phases,ref  ] GC(141)       Notify and keep alive finalizable: 0.0ms
[26.890s][debug][gc,phases,ref  ] GC(141)         FinalRef (ms):            skipped
[26.890s][debug][gc,phases,ref  ] GC(141)       Notify PhantomReferences: 0.0ms
[26.890s][debug][gc,phases,ref  ] GC(141)         PhantomRef (ms):          skipped
[26.890s][debug][gc,phases,ref  ] GC(141)       SoftReference:
[26.890s][debug][gc,phases,ref  ] GC(141)         Discovered: 0
[26.890s][debug][gc,phases,ref  ] GC(141)         Cleared: 0
[26.890s][debug][gc,phases,ref  ] GC(141)       WeakReference:
[26.890s][debug][gc,phases,ref  ] GC(141)         Discovered: 0
[26.890s][debug][gc,phases,ref  ] GC(141)         Cleared: 0
[26.890s][debug][gc,phases,ref  ] GC(141)       FinalReference:
[26.890s][debug][gc,phases,ref  ] GC(141)         Discovered: 0
[26.890s][debug][gc,phases,ref  ] GC(141)         Cleared: 0
[26.890s][debug][gc,phases,ref  ] GC(141)       PhantomReference:
[26.890s][debug][gc,phases,ref  ] GC(141)         Discovered: 0
[26.890s][debug][gc,phases,ref  ] GC(141)         Cleared: 0
[26.890s][debug][gc,phases      ] GC(141)     Weak Processing: 0.1ms
[26.890s][debug][gc,phases      ] GC(141)       JVMTI weak processing: 0.0ms
