[424.099s][debug][gc,phases,ref  ] GC(2917)         Discovered: 0
[424.099s][debug][gc,phases,ref  ] GC(2917)         Cleared: 0
[424.099s][debug][gc,phases,ref  ] GC(2917)       PhantomReference:
[424.099s][debug][gc,phases,ref  ] GC(2917)         Discovered: 0
[424.099s][debug][gc,phases,ref  ] GC(2917)         Cleared: 0
[424.099s][debug][gc,phases      ] GC(2917)     Weak Processing: 0.1ms
[424.099s][debug][gc,phases      ] GC(2917)       JVMTI weak processing: 0.0ms
[424.099s][debug][gc,phases      ] GC(2917)         Dead: 0
[424.099s][debug][gc,phases      ] GC(2917)         Total: 0
[424.099s][debug][gc,phases      ] GC(2917)       JFR weak processing: 0.0ms
[424.099s][debug][gc,phases      ] GC(2917)         Dead: 0
[424.099s][debug][gc,phases      ] GC(2917)         Total: 0
[424.100s][debug][gc,phases      ] GC(2917)       JNI weak                  Min:  0.0, Avg:  0.0, Max:  0.0, Diff:  0.0, Sum:  0.0, Workers: 5
[424.100s][debug][gc,phases      ] GC(2917)         Dead                      Min: 0, Avg:  0.0, Max: 0, Diff: 0, Sum: 0, Workers: 5
[424.100s][debug][gc,phases      ] GC(2917)         Total                     Min: 0, Avg: 13.6, Max: 52, Diff: 52, Sum: 68, Workers: 5
[424.100s][debug][gc,phases      ] GC(2917)       VM weak                   Min:  0.0, Avg:  0.0, Max:  0.0, Diff:  0.0, Sum:  0.0, Workers: 5
[424.100s][debug][gc,phases      ] GC(2917)         Dead                      Min: 0, Avg:  0.0, Max: 0, Diff: 0, Sum: 0, Workers: 5
[424.100s][debug][gc,phases      ] GC(2917)         Total                     Min: 0, Avg: 42.6, Max: 128, Diff: 128, Sum: 213, Workers: 5
[424.100s][debug][gc,phases      ] GC(2917)       StringTable weak          Min:  0.0, Avg:  0.0, Max:  0.0, Diff:  0.0, Sum:  0.1, Workers: 5
[424.100s][debug][gc,phases      ] GC(2917)         Dead                      Min: 0, Avg:  0.0, Max: 0, Diff: 0, Sum: 0, Workers: 5
[424.100s][debug][gc,phases      ] GC(2917)         Total                     Min: 0, Avg: 682.0, Max: 1728, Diff: 1728, Sum: 3410, Workers: 5
[424.100s][debug][gc,phases      ] GC(2917)       ResolvedMethodTable weak  Min:  0.0, Avg:  0.0, Max:  0.0, Diff:  0.0, Sum:  0.0, Workers: 5
[424.100s][debug][gc,phases      ] GC(2917)         Dead                      Min: 0, Avg:  0.0, Max: 0, Diff: 0, Sum: 0, Workers: 5
[424.100s][debug][gc,phases      ] GC(2917)         Total                     Min: 0, Avg: 114.8, Max: 318, Diff: 318, Sum: 574, Workers: 5
[424.100s][debug][gc,phases      ] GC(2917)     Merge Per-Thread State: 0.0ms
[424.100s][debug][gc,phases      ] GC(2917)       Copied Bytes              Min: 0, Avg: 61.0, Max: 216, Diff: 216, Sum: 488, Workers: 8
[424.100s][debug][gc,phases      ] GC(2917)       LAB Waste                 Min: 0, Avg:  0.0, Max: 0, Diff: 0, Sum: 0, Workers: 8
[424.100s][debug][gc,phases      ] GC(2917)       LAB Undo Waste            Min: 0, Avg:  0.0, Max: 0, Diff: 0, Sum: 0, Workers: 8
[424.100s][debug][gc,phases      ] GC(2917)     Code Roots Purge: 0.0ms
[424.100s][debug][gc,phases      ] GC(2917)     Redirty Cards: 0.0ms
[424.100s][debug][gc,phases      ] GC(2917)     DerivedPointerTable Update: 0.0ms
[424.100s][debug][gc,phases      ] GC(2917)     Free Collection Set: 0.1ms
[424.100s][debug][gc,phases      ] GC(2917)     Rebuild Free List: 0.0ms
[424.100s][debug][gc,phases      ] GC(2917)     Humongous Reclaim: 0.0ms
[424.100s][debug][gc,phases      ] GC(2917)     Start New Collection Set: 0.0ms
[424.100s][debug][gc,phases      ] GC(2917)     Resize TLABs: 0.0ms
[424.100s][debug][gc,phases      ] GC(2917)     Expand Heap After Collection: 0.0ms
[424.100s][info ][gc,phases      ] GC(2917)   Other: 0.2ms
[424.100s][info ][gc,heap        ] GC(2917) Eden regions: 180->0(180)
[424.100s][info ][gc,heap        ] GC(2917) Survivor regions: 1->1(23)
[424.100s][info ][gc,heap        ] GC(2917) Old regions: 7->7
[424.100s][info ][gc,heap        ] GC(2917) Archive regions: 2->2
[424.100s][info ][gc,heap        ] GC(2917) Humongous regions: 0->0
[424.100s][info ][gc,metaspace   ] GC(2917) Metaspace: 9905K(10624K)->9905K(10624K) NonClass: 8758K(9216K)->8758K(9216K) Class: 1146K(1408K)->1146K(1408K)
[424.100s][debug][gc,heap        ] GC(2917) Heap after GC invocations=2918 (full 1): garbage-first heap   total 309248K, used 4069K [0x0000000700000000, 0x0000000800000000)
[424.100s][debug][gc,heap        ] GC(2917)   region size 1024K, 1 young (1024K), 1 survivors (1024K)
[424.100s][debug][gc,heap        ] GC(2917)  Metaspace       used 9905K, capacity 10179K, committed 10624K, reserved 1058816K
[424.100s][debug][gc,heap        ] GC(2917)   class space    used 1146K, capacity 1267K, committed 1408K, reserved 1048576K
[424.100s][info ][gc             ] GC(2917) Pause Young (Normal) (G1 Evacuation Pause) 183M->3M(302M) 2.072ms
[424.100s][info ][gc,cpu         ] GC(2917) User=0.00s Sys=0.00s Real=0.00s
[424.100s][info ][safepoint      ] Safepoint "G1CollectForAllocation", Time since last: 147556272 ns, Reaching safepoint: 143934 ns, At safepoint: 2233569 ns, Total: 2377503 ns
[424.249s][debug][gc,heap        ] GC(2918) Heap before GC invocations=2918 (full 1): garbage-first heap   total 309248K, used 188389K [0x0000000700000000, 0x0000000800000000)
[424.249s][debug][gc,heap        ] GC(2918)   region size 1024K, 181 young (185344K), 1 survivors (1024K)
[424.249s][debug][gc,heap        ] GC(2918)  Metaspace       used 9905K, capacity 10179K, committed 10624K, reserved 1058816K
[424.249s][debug][gc,heap        ] GC(2918)   class space    used 1146K, capacity 1267K, committed 1408K, reserved 1048576K
[424.250s][info ][gc,start       ] GC(2918) Pause Young (Normal) (G1 Evacuation Pause)
[424.250s][info ][gc,task        ] GC(2918) Using 8 workers of 8 for evacuation
[424.250s][debug][gc,tlab        ] GC(2918) TLAB totals: thrds: 8  refills: 722 max: 97 slow allocs: 0 max 0 waste:  1.0% gc: 1546416B max: 416608B slow: 417872B max: 56384B fast: 0B max: 0B
[424.250s][debug][gc,age         ] GC(2918) Desired survivor size 12058624 bytes, new threshold 15 (max threshold 15)
[424.250s][debug][gc,alloc,region] GC(2918) Mutator Allocation stats, regions: 180, wasted size: 0B ( 0.0%)
[424.250s][debug][gc,ergo        ] GC(2918) Running G1 Merge Heap Roots using 8 workers for 181 regions
[424.250s][debug][gc,remset      ] GC(2918) Visited cards 256 Total dirty 2048 (12.50%) Total old 759808 (0.03%)
[424.250s][debug][gc,ergo        ] GC(2918) Running G1 Clear Card Table Task using 1 workers for 1 units of work for 182 regions.
[424.250s][debug][gc,ref         ] GC(2918) Skipped phase1 of Reference Processing due to unavailable references
[424.250s][debug][gc,ref         ] GC(2918) Skipped phase2 of Reference Processing due to unavailable references
[424.250s][debug][gc,ref         ] GC(2918) Skipped phase3 of Reference Processing due to unavailable references
[424.250s][debug][gc,ref         ] GC(2918) Skipped phase4 of Reference Processing due to unavailable references
[424.250s][debug][gc,ergo        ] GC(2918) Running G1 Free Collection Set using 8 workers for collection set length 181 (302)
[424.250s][debug][gc,ergo        ] GC(2918) Running G1 Rebuild Free List Task using 8 workers for rebuilding free list of 0 (4096) regions
[424.250s][trace][gc,age         ] GC(2918) Age table with threshold 15 (max threshold 15)
[424.250s][trace][gc,age         ] GC(2918) - age   1:        488 bytes,        488 total
[424.250s][debug][gc,plab        ] GC(2918) Young PLAB allocation: allocated: 12384B, wasted: 0B, unused: 11896B, used: 488B, undo waste: 0B, 
[424.250s][debug][gc,plab        ] GC(2918) Young other allocation: region end waste: 0B, regions filled: 1, direct allocated: 0B, failure used: 0B, failure wasted: 0B
[424.250s][debug][gc,plab        ] GC(2918) Young sizing: calculated: 96B, actual: 2064B
[424.250s][debug][gc,plab        ] GC(2918) Old PLAB allocation: allocated: 0B, wasted: 0B, unused: 0B, used: 0B, undo waste: 0B, 
[424.250s][debug][gc,plab        ] GC(2918) Old other allocation: region end waste: 0B, regions filled: 1, direct allocated: 0B, failure used: 0B, failure wasted: 0B
[424.250s][debug][gc,plab        ] GC(2918) Old sizing: calculated: 0B, actual: 2064B
[424.250s][debug][gc,ihop        ] GC(2918) Basic information (value update), threshold: 142501478B (45.00), target occupancy: 316669952B, current occupancy: 4167128B, recent allocation size: 0B, recent allocation duration: 150.94ms, recent old gen allocation rate: 0.00B/s, recent marking phase length: 0.00ms
[424.250s][debug][gc,ihop        ] GC(2918) Adaptive IHOP information (value update), threshold: 142501478B (47.37), internal target occupancy: 300836454B, occupancy: 4167128B, additional buffer size: 189792256B, predicted old gen allocation rate: 0.00B/s, predicted marking phase length: 0.00ms, prediction active: false
[424.250s][debug][gc,ergo,refine ] GC(2918) Concurrent refinement times: Logged Cards Scan time goal: 20.00ms Logged Cards Scan time: 0.00ms HCC time: 0.00ms
[424.251s][debug][gc,ergo,refine ] GC(2918) Updated Refinement Zones: green: 2048, yellow: 6144, red: 10240
[424.251s][info ][gc,phases      ] GC(2918)   Pre Evacuate Collection Set: 0.1ms
[424.251s][debug][gc,phases      ] GC(2918)     Prepare TLABs: 0.0ms
[424.251s][debug][gc,phases      ] GC(2918)     Choose Collection Set: 0.0ms
[424.251s][debug][gc,phases      ] GC(2918)     Region Register: 0.1ms
[424.251s][debug][gc,phases      ] GC(2918)     Prepare Heap Roots: 0.0ms
[424.251s][info ][gc,phases      ] GC(2918)   Merge Heap Roots: 0.1ms
[424.251s][debug][gc,phases      ] GC(2918)     Prepare Merge Heap Roots: 0.0ms
[424.251s][debug][gc,phases      ] GC(2918)     Eager Reclaim (ms):       skipped
[424.251s][debug][gc,phases      ] GC(2918)     Remembered Sets (ms):     Min:  0.0, Avg:  0.0, Max:  0.0, Diff:  0.0, Sum:  0.0, Workers: 8
[424.251s][debug][gc,phases      ] GC(2918)       Merged Sparse:            Min: 0, Avg:  0.0, Max: 0, Diff: 0, Sum: 0, Workers: 8
[424.251s][debug][gc,phases      ] GC(2918)       Merged Fine:              Min: 0, Avg:  0.0, Max: 0, Diff: 0, Sum: 0, Workers: 8
[424.251s][debug][gc,phases      ] GC(2918)       Merged Coarse:            Min: 0, Avg:  0.0, Max: 0, Diff: 0, Sum: 0, Workers: 8
[424.251s][debug][gc,phases      ] GC(2918)       Dirty Cards:              Min: 0, Avg:  0.0, Max: 0, Diff: 0, Sum: 0, Workers: 8
[424.251s][debug][gc,phases      ] GC(2918)     Hot Card Cache (ms):      Min:  0.0, Avg:  0.0, Max:  0.0, Diff:  0.0, Sum:  0.0, Workers: 8
[424.251s][debug][gc,phases      ] GC(2918)       Dirty Cards:              Min: 0, Avg:  0.0, Max: 0, Diff: 0, Sum: 0, Workers: 8
[424.251s][debug][gc,phases      ] GC(2918)       Skipped Cards:            Min: 0, Avg:  0.0, Max: 0, Diff: 0, Sum: 0, Workers: 8
[424.251s][debug][gc,phases      ] GC(2918)     Log Buffers (ms):         Min:  0.0, Avg:  0.0, Max:  0.0, Diff:  0.0, Sum:  0.0, Workers: 8
[424.251s][debug][gc,phases      ] GC(2918)       Dirty Cards:              Min: 0, Avg:  0.1, Max: 1, Diff: 1, Sum: 1, Workers: 8
[424.251s][debug][gc,phases      ] GC(2918)       Skipped Cards:            Min: 0, Avg:  0.0, Max: 0, Diff: 0, Sum: 0, Workers: 8
[424.251s][info ][gc,phases      ] GC(2918)   Evacuate Collection Set: 0.2ms
[424.251s][debug][gc,phases      ] GC(2918)     Ext Root Scanning (ms):   Min:  0.0, Avg:  0.0, Max:  0.1, Diff:  0.1, Sum:  0.2, Workers: 8
[424.251s][debug][gc,phases      ] GC(2918)     Scan Heap Roots (ms):     Min:  0.0, Avg:  0.0, Max:  0.0, Diff:  0.0, Sum:  0.0, Workers: 8
[424.251s][debug][gc,phases      ] GC(2918)       Scanned Cards:            Min: 0, Avg:  0.1, Max: 1, Diff: 1, Sum: 1, Workers: 8
[424.251s][debug][gc,phases      ] GC(2918)       Scanned Blocks:           Min: 0, Avg:  0.1, Max: 1, Diff: 1, Sum: 1, Workers: 8
[424.251s][debug][gc,phases      ] GC(2918)       Claimed Chunks:           Min: 0, Avg:  0.1, Max: 1, Diff: 1, Sum: 1, Workers: 8
[424.251s][debug][gc,phases      ] GC(2918)     Code Root Scan (ms):      Min:  0.0, Avg:  0.0, Max:  0.0, Diff:  0.0, Sum:  0.0, Workers: 8
[424.251s][debug][gc,phases      ] GC(2918)     Object Copy (ms):         Min:  0.0, Avg:  0.0, Max:  0.0, Diff:  0.0, Sum:  0.0, Workers: 8
[424.251s][debug][gc,phases      ] GC(2918)     Termination (ms):         Min:  0.1, Avg:  0.1, Max:  0.1, Diff:  0.0, Sum:  0.9, Workers: 8
[424.251s][debug][gc,phases      ] GC(2918)       Termination Attempts:     Min: 1, Avg:  1.0, Max: 1, Diff: 0, Sum: 8, Workers: 8
[424.251s][debug][gc,phases      ] GC(2918)     GC Worker Other (ms):     Min:  0.0, Avg:  0.0, Max:  0.0, Diff:  0.0, Sum:  0.1, Workers: 8
[424.251s][debug][gc,phases      ] GC(2918)     GC Worker Total (ms):     Min:  0.1, Avg:  0.2, Max:  0.2, Diff:  0.1, Sum:  1.4, Workers: 8
[424.251s][info ][gc,phases      ] GC(2918)   Post Evacuate Collection Set: 0.3ms
[424.251s][debug][gc,phases      ] GC(2918)     Code Roots Fixup: 0.0ms
[424.251s][debug][gc,phases      ] GC(2918)     Clear Card Table: 0.1ms
[424.251s][debug][gc,phases      ] GC(2918)     Reference Processing: 0.0ms
[424.251s][debug][gc,phases,ref  ] GC(2918)       Reconsider SoftReferences: 0.0ms
[424.251s][debug][gc,phases,ref  ] GC(2918)         SoftRef (ms):             skipped
[424.251s][debug][gc,phases,ref  ] GC(2918)       Notify Soft/WeakReferences: 0.0ms
[424.251s][debug][gc,phases,ref  ] GC(2918)         SoftRef (ms):             skipped
[424.251s][debug][gc,phases,ref  ] GC(2918)         WeakRef (ms):             skipped
[424.251s][debug][gc,phases,ref  ] GC(2918)         FinalRef (ms):            skipped
[424.251s][debug][gc,phases,ref  ] GC(2918)         Total (ms):               skipped
[424.251s][debug][gc,phases,ref  ] GC(2918)       Notify and keep alive finalizable: 0.0ms
[424.251s][debug][gc,phases,ref  ] GC(2918)         FinalRef (ms):            skipped
[424.251s][debug][gc,phases,ref  ] GC(2918)       Notify PhantomReferences: 0.0ms
[424.251s][debug][gc,phases,ref  ] GC(2918)         PhantomRef (ms):          skipped
[424.251s][debug][gc,phases,ref  ] GC(2918)       SoftReference:
[424.251s][debug][gc,phases,ref  ] GC(2918)         Discovered: 0
[424.251s][debug][gc,phases,ref  ] GC(2918)         Cleared: 0
[424.251s][debug][gc,phases,ref  ] GC(2918)       WeakReference:
[424.251s][debug][gc,phases,ref  ] GC(2918)         Discovered: 0
[424.251s][debug][gc,phases,ref  ] GC(2918)         Cleared: 0
[424.251s][debug][gc,phases,ref  ] GC(2918)       FinalReference:
[424.251s][debug][gc,phases,ref  ] GC(2918)         Discovered: 0
[424.251s][debug][gc,phases,ref  ] GC(2918)         Cleared: 0
[424.251s][debug][gc,phases,ref  ] GC(2918)       PhantomReference:
[424.251s][debug][gc,phases,ref  ] GC(2918)         Discovered: 0
[424.251s][debug][gc,phases,ref  ] GC(2918)         Cleared: 0
[424.251s][debug][gc,phases      ] GC(2918)     Weak Processing: 0.1ms
[424.251s][debug][gc,phases      ] GC(2918)       JVMTI weak processing: 0.0ms
[424.251s][debug][gc,phases      ] GC(2918)         Dead: 0
[424.251s][debug][gc,phases      ] GC(2918)         Total: 0
[424.251s][debug][gc,phases      ] GC(2918)       JFR weak processing: 0.0ms
[424.251s][debug][gc,phases      ] GC(2918)         Dead: 0
[424.251s][debug][gc,phases      ] GC(2918)         Total: 0
[424.251s][debug][gc,phases      ] GC(2918)       JNI weak                  Min:  0.0, Avg:  0.0, Max:  0.0, Diff:  0.0, Sum:  0.0, Workers: 5
[424.251s][debug][gc,phases      ] GC(2918)         Dead                      Min: 0, Avg:  0.0, Max: 0, Diff: 0, Sum: 0, Workers: 5
[424.251s][debug][gc,phases      ] GC(2918)         Total                     Min: 0, Avg: 13.6, Max: 68, Diff: 68, Sum: 68, Workers: 5
[424.251s][debug][gc,phases      ] GC(2918)       VM weak                   Min:  0.0, Avg:  0.0, Max:  0.0, Diff:  0.0, Sum:  0.0, Workers: 5
[424.251s][debug][gc,phases      ] GC(2918)         Dead                      Min: 0, Avg:  0.0, Max: 0, Diff: 0, Sum: 0, Workers: 5
[424.251s][debug][gc,phases      ] GC(2918)         Total                     Min: 0, Avg: 42.6, Max: 213, Diff: 213, Sum: 213, Workers: 5
[424.251s][debug][gc,phases      ] GC(2918)       StringTable weak          Min:  0.0, Avg:  0.0, Max:  0.0, Diff:  0.0, Sum:  0.0, Workers: 5
[424.251s][debug][gc,phases      ] GC(2918)         Dead                      Min: 0, Avg:  0.0, Max: 0, Diff: 0, Sum: 0, Workers: 5
[424.251s][debug][gc,phases      ] GC(2918)         Total                     Min: 0, Avg: 682.0, Max: 3263, Diff: 3263, Sum: 3410, Workers: 5
[424.251s][debug][gc,phases      ] GC(2918)       ResolvedMethodTable weak  Min:  0.0, Avg:  0.0, Max:  0.0, Diff:  0.0, Sum:  0.0, Workers: 5
[424.251s][debug][gc,phases      ] GC(2918)         Dead                      Min: 0, Avg:  0.0, Max: 0, Diff: 0, Sum: 0, Workers: 5
[424.251s][debug][gc,phases      ] GC(2918)         Total                     Min: 0, Avg: 114.8, Max: 190, Diff: 190, Sum: 574, Workers: 5
[424.251s][debug][gc,phases      ] GC(2918)     Merge Per-Thread State: 0.0ms
[424.251s][debug][gc,phases      ] GC(2918)       Copied Bytes              Min: 0, Avg: 61.0, Max: 144, Diff: 144, Sum: 488, Workers: 8
[424.251s][debug][gc,phases      ] GC(2918)       LAB Waste                 Min: 0, Avg:  0.0, Max: 0, Diff: 0, Sum: 0, Workers: 8
[424.251s][debug][gc,phases      ] GC(2918)       LAB Undo Waste            Min: 0, Avg:  0.0, Max: 0, Diff: 0, Sum: 0, Workers: 8
[424.251s][debug][gc,phases      ] GC(2918)     Code Roots Purge: 0.0ms
[424.251s][debug][gc,phases      ] GC(2918)     Redirty Cards: 0.0ms
[424.251s][debug][gc,phases      ] GC(2918)     DerivedPointerTable Update: 0.0ms
[424.251s][debug][gc,phases      ] GC(2918)     Free Collection Set: 0.1ms
[424.251s][debug][gc,phases      ] GC(2918)     Rebuild Free List: 0.0ms
[424.251s][debug][gc,phases      ] GC(2918)     Humongous Reclaim: 0.0ms
[424.251s][debug][gc,phases      ] GC(2918)     Start New Collection Set: 0.0ms
[424.251s][debug][gc,phases      ] GC(2918)     Resize TLABs: 0.0ms
[424.251s][debug][gc,phases      ] GC(2918)     Expand Heap After Collection: 0.0ms
[424.251s][info ][gc,phases      ] GC(2918)   Other: 0.3ms
[424.251s][info ][gc,heap        ] GC(2918) Eden regions: 180->0(180)
[424.251s][info ][gc,heap        ] GC(2918) Survivor regions: 1->1(23)
[424.251s][info ][gc,heap        ] GC(2918) Old regions: 7->7
[424.251s][info ][gc,heap        ] GC(2918) Archive regions: 2->2
[424.251s][info ][gc,heap        ] GC(2918) Humongous regions: 0->0
[424.251s][info ][gc,metaspace   ] GC(2918) Metaspace: 9905K(10624K)->9905K(10624K) NonClass: 8758K(9216K)->8758K(9216K) Class: 1146K(1408K)->1146K(1408K)
[424.251s][debug][gc,heap        ] GC(2918) Heap after GC invocations=2919 (full 1): garbage-first heap   total 309248K, used 4069K [0x0000000700000000, 0x0000000800000000)
[424.251s][debug][gc,heap        ] GC(2918)   region size 1024K, 1 young (1024K), 1 survivors (1024K)
[424.251s][debug][gc,heap        ] GC(2918)  Metaspace       used 9905K, capacity 10179K, committed 10624K, reserved 1058816K
[424.251s][debug][gc,heap        ] GC(2918)   class space    used 1146K, capacity 1267K, committed 1408K, reserved 1048576K
[424.251s][info ][gc             ] GC(2918) Pause Young (Normal) (G1 Evacuation Pause) 183M->3M(302M) 1.665ms
[424.251s][info ][gc,cpu         ] GC(2918) User=0.00s Sys=0.00s Real=0.00s
[424.251s][info ][safepoint      ] Safepoint "G1CollectForAllocation", Time since last: 149318093 ns, Reaching safepoint: 183358 ns, At safepoint: 1829123 ns, Total: 2012481 ns
[424.391s][debug][gc,heap        ] GC(2919) Heap before GC invocations=2919 (full 1): garbage-first heap   total 309248K, used 188389K [0x0000000700000000, 0x0000000800000000)
[424.391s][debug][gc,heap        ] GC(2919)   region size 1024K, 181 young (185344K), 1 survivors (1024K)
[424.391s][debug][gc,heap        ] GC(2919)  Metaspace       used 9905K, capacity 10179K, committed 10624K, reserved 1058816K
[424.391s][debug][gc,heap        ] GC(2919)   class space    used 1146K, capacity 1267K, committed 1408K, reserved 1048576K
[424.391s][info ][gc,start       ] GC(2919) Pause Young (Normal) (G1 Evacuation Pause)
[424.391s][info ][gc,task        ] GC(2919) Using 8 workers of 8 for evacuation
[424.391s][debug][gc,tlab        ] GC(2919) TLAB totals: thrds: 8  refills: 723 max: 100 slow allocs: 0 max 0 waste:  0.7% gc: 840656B max: 268056B slow: 419144B max: 58256B fast: 0B max: 0B
[424.391s][debug][gc,age         ] GC(2919) Desired survivor size 12058624 bytes, new threshold 15 (max threshold 15)
[424.391s][debug][gc,alloc,region] GC(2919) Mutator Allocation stats, regions: 180, wasted size: 0B ( 0.0%)
[424.391s][debug][gc,ergo        ] GC(2919) Running G1 Merge Heap Roots using 8 workers for 181 regions
[424.391s][debug][gc,remset      ] GC(2919) Visited cards 256 Total dirty 2048 (12.50%) Total old 759808 (0.03%)
[424.392s][debug][gc,ergo        ] GC(2919) Running G1 Clear Card Table Task using 1 workers for 1 units of work for 182 regions.
[424.392s][debug][gc,ref         ] GC(2919) Skipped phase1 of Reference Processing due to unavailable references
[424.392s][debug][gc,ref         ] GC(2919) Skipped phase2 of Reference Processing due to unavailable references
[424.392s][debug][gc,ref         ] GC(2919) Skipped phase3 of Reference Processing due to unavailable references
[424.392s][debug][gc,ref         ] GC(2919) Skipped phase4 of Reference Processing due to unavailable references
[424.392s][debug][gc,ergo        ] GC(2919) Running G1 Free Collection Set using 8 workers for collection set length 181 (302)
[424.392s][debug][gc,ergo        ] GC(2919) Running G1 Rebuild Free List Task using 8 workers for rebuilding free list of 0 (4096) regions
[424.392s][trace][gc,age         ] GC(2919) Age table with threshold 15 (max threshold 15)
[424.392s][trace][gc,age         ] GC(2919) - age   1:        384 bytes,        384 total
[424.392s][debug][gc,plab        ] GC(2919) Young PLAB allocation: allocated: 10320B, wasted: 0B, unused: 9936B, used: 384B, undo waste: 0B, 
[424.392s][debug][gc,plab        ] GC(2919) Young other allocation: region end waste: 0B, regions filled: 1, direct allocated: 0B, failure used: 0B, failure wasted: 0B
[424.392s][debug][gc,plab        ] GC(2919) Young sizing: calculated: 72B, actual: 2064B
[424.392s][debug][gc,plab        ] GC(2919) Old PLAB allocation: allocated: 0B, wasted: 0B, unused: 0B, used: 0B, undo waste: 0B, 
[424.392s][debug][gc,plab        ] GC(2919) Old other allocation: region end waste: 0B, regions filled: 1, direct allocated: 0B, failure used: 0B, failure wasted: 0B
[424.392s][debug][gc,plab        ] GC(2919) Old sizing: calculated: 0B, actual: 2064B
[424.392s][debug][gc,ihop        ] GC(2919) Basic information (value update), threshold: 142501478B (45.00), target occupancy: 316669952B, current occupancy: 4165064B, recent allocation size: 0B, recent allocation duration: 140.69ms, recent old gen allocation rate: 0.00B/s, recent marking phase length: 0.00ms
[424.392s][debug][gc,ihop        ] GC(2919) Adaptive IHOP information (value update), threshold: 142501478B (47.37), internal target occupancy: 300836454B, occupancy: 4165064B, additional buffer size: 189792256B, predicted old gen allocation rate: 0.00B/s, predicted marking phase length: 0.00ms, prediction active: false
[424.392s][debug][gc,ergo,refine ] GC(2919) Concurrent refinement times: Logged Cards Scan time goal: 20.00ms Logged Cards Scan time: 0.00ms HCC time: 0.00ms
[424.392s][debug][gc,ergo,refine ] GC(2919) Updated Refinement Zones: green: 2048, yellow: 6144, red: 10240
[424.392s][info ][gc,phases      ] GC(2919)   Pre Evacuate Collection Set: 0.1ms
[424.392s][debug][gc,phases      ] GC(2919)     Prepare TLABs: 0.0ms
[424.392s][debug][gc,phases      ] GC(2919)     Choose Collection Set: 0.0ms
[424.392s][debug][gc,phases      ] GC(2919)     Region Register: 0.1ms
[424.392s][debug][gc,phases      ] GC(2919)     Prepare Heap Roots: 0.0ms
[424.392s][info ][gc,phases      ] GC(2919)   Merge Heap Roots: 0.1ms
[424.392s][debug][gc,phases      ] GC(2919)     Prepare Merge Heap Roots: 0.0ms
[424.392s][debug][gc,phases      ] GC(2919)     Eager Reclaim (ms):       skipped
[424.392s][debug][gc,phases      ] GC(2919)     Remembered Sets (ms):     Min:  0.0, Avg:  0.0, Max:  0.0, Diff:  0.0, Sum:  0.1, Workers: 8
[424.392s][debug][gc,phases      ] GC(2919)       Merged Sparse:            Min: 0, Avg:  0.0, Max: 0, Diff: 0, Sum: 0, Workers: 8
[424.392s][debug][gc,phases      ] GC(2919)       Merged Fine:              Min: 0, Avg:  0.0, Max: 0, Diff: 0, Sum: 0, Workers: 8
[424.392s][debug][gc,phases      ] GC(2919)       Merged Coarse:            Min: 0, Avg:  0.0, Max: 0, Diff: 0, Sum: 0, Workers: 8
[424.392s][debug][gc,phases      ] GC(2919)       Dirty Cards:              Min: 0, Avg:  0.0, Max: 0, Diff: 0, Sum: 0, Workers: 8
[424.392s][debug][gc,phases      ] GC(2919)     Hot Card Cache (ms):      Min:  0.0, Avg:  0.0, Max:  0.0, Diff:  0.0, Sum:  0.0, Workers: 8
[424.392s][debug][gc,phases      ] GC(2919)       Dirty Cards:              Min: 0, Avg:  0.0, Max: 0, Diff: 0, Sum: 0, Workers: 8
[424.392s][debug][gc,phases      ] GC(2919)       Skipped Cards:            Min: 0, Avg:  0.0, Max: 0, Diff: 0, Sum: 0, Workers: 8
[424.392s][debug][gc,phases      ] GC(2919)     Log Buffers (ms):         Min:  0.0, Avg:  0.0, Max:  0.0, Diff:  0.0, Sum:  0.0, Workers: 8
[424.392s][debug][gc,phases      ] GC(2919)       Dirty Cards:              Min: 0, Avg:  0.1, Max: 1, Diff: 1, Sum: 1, Workers: 8
[424.392s][debug][gc,phases      ] GC(2919)       Skipped Cards:            Min: 0, Avg:  0.0, Max: 0, Diff: 0, Sum: 0, Workers: 8
[424.392s][info ][gc,phases      ] GC(2919)   Evacuate Collection Set: 0.1ms
[424.392s][debug][gc,phases      ] GC(2919)     Ext Root Scanning (ms):   Min:  0.0, Avg:  0.0, Max:  0.0, Diff:  0.0, Sum:  0.2, Workers: 8
[424.392s][debug][gc,phases      ] GC(2919)     Scan Heap Roots (ms):     Min:  0.0, Avg:  0.0, Max:  0.0, Diff:  0.0, Sum:  0.0, Workers: 8
[424.392s][debug][gc,phases      ] GC(2919)       Scanned Cards:            Min: 0, Avg:  0.1, Max: 1, Diff: 1, Sum: 1, Workers: 8
[424.392s][debug][gc,phases      ] GC(2919)       Scanned Blocks:           Min: 0, Avg:  0.1, Max: 1, Diff: 1, Sum: 1, Workers: 8
[424.392s][debug][gc,phases      ] GC(2919)       Claimed Chunks:           Min: 0, Avg:  0.1, Max: 1, Diff: 1, Sum: 1, Workers: 8
[424.392s][debug][gc,phases      ] GC(2919)     Code Root Scan (ms):      Min:  0.0, Avg:  0.0, Max:  0.0, Diff:  0.0, Sum:  0.0, Workers: 8
[424.392s][debug][gc,phases      ] GC(2919)     Object Copy (ms):         Min:  0.0, Avg:  0.0, Max:  0.0, Diff:  0.0, Sum:  0.0, Workers: 8
[424.392s][debug][gc,phases      ] GC(2919)     Termination (ms):         Min:  0.1, Avg:  0.1, Max:  0.1, Diff:  0.0, Sum:  0.5, Workers: 8
[424.392s][debug][gc,phases      ] GC(2919)       Termination Attempts:     Min: 1, Avg:  1.0, Max: 1, Diff: 0, Sum: 8, Workers: 8
[424.392s][debug][gc,phases      ] GC(2919)     GC Worker Other (ms):     Min:  0.0, Avg:  0.0, Max:  0.0, Diff:  0.0, Sum:  0.1, Workers: 8
[424.392s][debug][gc,phases      ] GC(2919)     GC Worker Total (ms):     Min:  0.1, Avg:  0.1, Max:  0.1, Diff:  0.0, Sum:  0.9, Workers: 8
[424.392s][info ][gc,phases      ] GC(2919)   Post Evacuate Collection Set: 0.3ms
[424.392s][debug][gc,phases      ] GC(2919)     Code Roots Fixup: 0.0ms
[424.392s][debug][gc,phases      ] GC(2919)     Clear Card Table: 0.1ms
[424.392s][debug][gc,phases      ] GC(2919)     Reference Processing: 0.0ms
[424.392s][debug][gc,phases,ref  ] GC(2919)       Reconsider SoftReferences: 0.0ms
[424.392s][debug][gc,phases,ref  ] GC(2919)         SoftRef (ms):             skipped
[424.392s][debug][gc,phases,ref  ] GC(2919)       Notify Soft/WeakReferences: 0.0ms
[424.392s][debug][gc,phases,ref  ] GC(2919)         SoftRef (ms):             skipped
[424.392s][debug][gc,phases,ref  ] GC(2919)         WeakRef (ms):             skipped
[424.392s][debug][gc,phases,ref  ] GC(2919)         FinalRef (ms):            skipped
[424.392s][debug][gc,phases,ref  ] GC(2919)         Total (ms):               skipped
[424.392s][debug][gc,phases,ref  ] GC(2919)       Notify and keep alive finalizable: 0.0ms
[424.392s][debug][gc,phases,ref  ] GC(2919)         FinalRef (ms):            skipped
[424.392s][debug][gc,phases,ref  ] GC(2919)       Notify PhantomReferences: 0.0ms
[424.392s][debug][gc,phases,ref  ] GC(2919)         PhantomRef (ms):          skipped
[424.392s][debug][gc,phases,ref  ] GC(2919)       SoftReference:
[424.392s][debug][gc,phases,ref  ] GC(2919)         Discovered: 0
[424.392s][debug][gc,phases,ref  ] GC(2919)         Cleared: 0
[424.392s][debug][gc,phases,ref  ] GC(2919)       WeakReference:
[424.392s][debug][gc,phases,ref  ] GC(2919)         Discovered: 0
[424.392s][debug][gc,phases,ref  ] GC(2919)         Cleared: 0
[424.392s][debug][gc,phases,ref  ] GC(2919)       FinalReference:
[424.392s][debug][gc,phases,ref  ] GC(2919)         Discovered: 0
[424.392s][debug][gc,phases,ref  ] GC(2919)         Cleared: 0
[424.392s][debug][gc,phases,ref  ] GC(2919)       PhantomReference:
[424.392s][debug][gc,phases,ref  ] GC(2919)         Discovered: 0
[424.392s][debug][gc,phases,ref  ] GC(2919)         Cleared: 0
[424.392s][debug][gc,phases      ] GC(2919)     Weak Processing: 0.0ms
[424.392s][debug][gc,phases      ] GC(2919)       JVMTI weak processing: 0.0ms
[424.392s][debug][gc,phases      ] GC(2919)         Dead: 0
[424.392s][debug][gc,phases      ] GC(2919)         Total: 0
[424.392s][debug][gc,phases      ] GC(2919)       JFR weak processing: 0.0ms
[424.392s][debug][gc,phases      ] GC(2919)         Dead: 0
[424.392s][debug][gc,phases      ] GC(2919)         Total: 0
[424.392s][debug][gc,phases      ] GC(2919)       JNI weak                  Min:  0.0, Avg:  0.0, Max:  0.0, Diff:  0.0, Sum:  0.0, Workers: 5
[424.392s][debug][gc,phases      ] GC(2919)         Dead                      Min: 0, Avg:  0.0, Max: 0, Diff: 0, Sum: 0, Workers: 5
[424.392s][debug][gc,phases      ] GC(2919)         Total                     Min: 0, Avg: 13.6, Max: 52, Diff: 52, Sum: 68, Workers: 5
[424.392s][debug][gc,phases      ] GC(2919)       VM weak                   Min:  0.0, Avg:  0.0, Max:  0.0, Diff:  0.0, Sum:  0.0, Workers: 5
[424.392s][debug][gc,phases      ] GC(2919)         Dead                      Min: 0, Avg:  0.0, Max: 0, Diff: 0, Sum: 0, Workers: 5
[424.392s][debug][gc,phases      ] GC(2919)         Total                     Min: 0, Avg: 42.6, Max: 85, Diff: 85, Sum: 213, Workers: 5
[424.392s][debug][gc,phases      ] GC(2919)       StringTable weak          Min:  0.0, Avg:  0.0, Max:  0.0, Diff:  0.0, Sum:  0.1, Workers: 5
[424.392s][debug][gc,phases      ] GC(2919)         Dead                      Min: 0, Avg:  0.0, Max: 0, Diff: 0, Sum: 0, Workers: 5
[424.392s][debug][gc,phases      ] GC(2919)         Total                     Min: 0, Avg: 682.0, Max: 1171, Diff: 1171, Sum: 3410, Workers: 5
[424.392s][debug][gc,phases      ] GC(2919)       ResolvedMethodTable weak  Min:  0.0, Avg:  0.0, Max:  0.0, Diff:  0.0, Sum:  0.0, Workers: 5
[424.393s][debug][gc,phases      ] GC(2919)         Dead                      Min: 0, Avg:  0.0, Max: 0, Diff: 0, Sum: 0, Workers: 5
[424.393s][debug][gc,phases      ] GC(2919)         Total                     Min: 0, Avg: 114.8, Max: 192, Diff: 192, Sum: 574, Workers: 5
[424.393s][debug][gc,phases      ] GC(2919)     Merge Per-Thread State: 0.0ms
[424.393s][debug][gc,phases      ] GC(2919)       Copied Bytes              Min: 0, Avg: 48.0, Max: 144, Diff: 144, Sum: 384, Workers: 8
[424.393s][debug][gc,phases      ] GC(2919)       LAB Waste                 Min: 0, Avg:  0.0, Max: 0, Diff: 0, Sum: 0, Workers: 8
[424.393s][debug][gc,phases      ] GC(2919)       LAB Undo Waste            Min: 0, Avg:  0.0, Max: 0, Diff: 0, Sum: 0, Workers: 8
[424.393s][debug][gc,phases      ] GC(2919)     Code Roots Purge: 0.0ms
[424.393s][debug][gc,phases      ] GC(2919)     Redirty Cards: 0.0ms
[424.393s][debug][gc,phases      ] GC(2919)     DerivedPointerTable Update: 0.0ms
[424.393s][debug][gc,phases      ] GC(2919)     Free Collection Set: 0.1ms
[424.393s][debug][gc,phases      ] GC(2919)     Rebuild Free List: 0.1ms
[424.393s][debug][gc,phases      ] GC(2919)     Humongous Reclaim: 0.0ms
[424.393s][debug][gc,phases      ] GC(2919)     Start New Collection Set: 0.0ms
[424.393s][debug][gc,phases      ] GC(2919)     Resize TLABs: 0.0ms
[424.393s][debug][gc,phases      ] GC(2919)     Expand Heap After Collection: 0.0ms
[424.393s][info ][gc,phases      ] GC(2919)   Other: 0.3ms
[424.393s][info ][gc,heap        ] GC(2919) Eden regions: 180->0(180)
[424.393s][info ][gc,heap        ] GC(2919) Survivor regions: 1->1(23)
[424.393s][info ][gc,heap        ] GC(2919) Old regions: 7->7
[424.393s][info ][gc,heap        ] GC(2919) Archive regions: 2->2
[424.393s][info ][gc,heap        ] GC(2919) Humongous regions: 0->0
[424.393s][info ][gc,metaspace   ] GC(2919) Metaspace: 9905K(10624K)->9905K(10624K) NonClass: 8758K(9216K)->8758K(9216K) Class: 1146K(1408K)->1146K(1408K)
[424.393s][debug][gc,heap        ] GC(2919) Heap after GC invocations=2920 (full 1): garbage-first heap   total 309248K, used 4067K [0x0000000700000000, 0x0000000800000000)
[424.393s][debug][gc,heap        ] GC(2919)   region size 1024K, 1 young (1024K), 1 survivors (1024K)
[424.393s][debug][gc,heap        ] GC(2919)  Metaspace       used 9905K, capacity 10179K, committed 10624K, reserved 1058816K
[424.393s][debug][gc,heap        ] GC(2919)   class space    used 1146K, capacity 1267K, committed 1408K, reserved 1048576K
[424.393s][info ][gc             ] GC(2919) Pause Young (Normal) (G1 Evacuation Pause) 183M->3M(302M) 1.578ms
[424.393s][info ][gc,cpu         ] GC(2919) User=0.00s Sys=0.00s Real=0.00s
[424.393s][info ][safepoint      ] Safepoint "G1CollectForAllocation", Time since last: 139560927 ns, Reaching safepoint: 218083 ns, At safepoint: 1731316 ns, Total: 1949399 ns
[424.535s][debug][gc,heap        ] GC(2920) Heap before GC invocations=2920 (full 1): garbage-first heap   total 309248K, used 188387K [0x0000000700000000, 0x0000000800000000)
[424.535s][debug][gc,heap        ] GC(2920)   region size 1024K, 181 young (185344K), 1 survivors (1024K)
[424.535s][debug][gc,heap        ] GC(2920)  Metaspace       used 9905K, capacity 10179K, committed 10624K, reserved 1058816K
[424.535s][debug][gc,heap        ] GC(2920)   class space    used 1146K, capacity 1267K, committed 1408K, reserved 1048576K
[424.535s][info ][gc,start       ] GC(2920) Pause Young (Normal) (G1 Evacuation Pause)
[424.535s][info ][gc,task        ] GC(2920) Using 8 workers of 8 for evacuation
[424.535s][debug][gc,tlab        ] GC(2920) TLAB totals: thrds: 8  refills: 723 max: 99 slow allocs: 0 max 0 waste:  0.7% gc: 817576B max: 247344B slow: 417640B max: 57488B fast: 0B max: 0B
[424.535s][debug][gc,age         ] GC(2920) Desired survivor size 12058624 bytes, new threshold 15 (max threshold 15)
[424.535s][debug][gc,alloc,region] GC(2920) Mutator Allocation stats, regions: 180, wasted size: 0B ( 0.0%)
[424.535s][debug][gc,ergo        ] GC(2920) Running G1 Merge Heap Roots using 8 workers for 181 regions
[424.535s][debug][gc,remset      ] GC(2920) Visited cards 256 Total dirty 2048 (12.50%) Total old 759808 (0.03%)
[424.535s][debug][gc,ergo        ] GC(2920) Running G1 Clear Card Table Task using 1 workers for 1 units of work for 182 regions.
[424.536s][debug][gc,ref         ] GC(2920) Skipped phase1 of Reference Processing due to unavailable references
[424.536s][debug][gc,ref         ] GC(2920) Skipped phase2 of Reference Processing due to unavailable references
[424.536s][debug][gc,ref         ] GC(2920) Skipped phase3 of Reference Processing due to unavailable references
[424.536s][debug][gc,ref         ] GC(2920) Skipped phase4 of Reference Processing due to unavailable references
[424.536s][debug][gc,ergo        ] GC(2920) Running G1 Free Collection Set using 8 workers for collection set length 181 (302)
[424.536s][debug][gc,ergo        ] GC(2920) Running G1 Rebuild Free List Task using 8 workers for rebuilding free list of 0 (4096) regions
[424.536s][trace][gc,age         ] GC(2920) Age table with threshold 15 (max threshold 15)
[424.536s][trace][gc,age         ] GC(2920) - age   1:        544 bytes,        544 total
[424.536s][debug][gc,plab        ] GC(2920) Young PLAB allocation: allocated: 12384B, wasted: 0B, unused: 11840B, used: 544B, undo waste: 0B, 
[424.536s][debug][gc,plab        ] GC(2920) Young other allocation: region end waste: 0B, regions filled: 1, direct allocated: 0B, failure used: 0B, failure wasted: 0B
[424.536s][debug][gc,plab        ] GC(2920) Young sizing: calculated: 104B, actual: 2064B
[424.536s][debug][gc,plab        ] GC(2920) Old PLAB allocation: allocated: 0B, wasted: 0B, unused: 0B, used: 0B, undo waste: 0B, 
[424.536s][debug][gc,plab        ] GC(2920) Old other allocation: region end waste: 0B, regions filled: 1, direct allocated: 0B, failure used: 0B, failure wasted: 0B
[424.536s][debug][gc,plab        ] GC(2920) Old sizing: calculated: 0B, actual: 2064B
[424.536s][debug][gc,ihop        ] GC(2920) Basic information (value update), threshold: 142501478B (45.00), target occupancy: 316669952B, current occupancy: 4167128B, recent allocation size: 0B, recent allocation duration: 143.03ms, recent old gen allocation rate: 0.00B/s, recent marking phase length: 0.00ms
[424.536s][debug][gc,ihop        ] GC(2920) Adaptive IHOP information (value update), threshold: 142501478B (47.37), internal target occupancy: 300836454B, occupancy: 4167128B, additional buffer size: 189792256B, predicted old gen allocation rate: 0.00B/s, predicted marking phase length: 0.00ms, prediction active: false
[424.536s][debug][gc,ergo,refine ] GC(2920) Concurrent refinement times: Logged Cards Scan time goal: 20.00ms Logged Cards Scan time: 0.00ms HCC time: 0.00ms
[424.536s][debug][gc,ergo,refine ] GC(2920) Updated Refinement Zones: green: 2048, yellow: 6144, red: 10240
[424.536s][info ][gc,phases      ] GC(2920)   Pre Evacuate Collection Set: 0.1ms
[424.536s][debug][gc,phases      ] GC(2920)     Prepare TLABs: 0.0ms
[424.536s][debug][gc,phases      ] GC(2920)     Choose Collection Set: 0.0ms
[424.536s][debug][gc,phases      ] GC(2920)     Region Register: 0.1ms
[424.536s][debug][gc,phases      ] GC(2920)     Prepare Heap Roots: 0.0ms
[424.536s][info ][gc,phases      ] GC(2920)   Merge Heap Roots: 0.1ms
[424.536s][debug][gc,phases      ] GC(2920)     Prepare Merge Heap Roots: 0.0ms
[424.536s][debug][gc,phases      ] GC(2920)     Eager Reclaim (ms):       skipped
[424.536s][debug][gc,phases      ] GC(2920)     Remembered Sets (ms):     Min:  0.0, Avg:  0.0, Max:  0.0, Diff:  0.0, Sum:  0.0, Workers: 8
[424.536s][debug][gc,phases      ] GC(2920)       Merged Sparse:            Min: 0, Avg:  0.0, Max: 0, Diff: 0, Sum: 0, Workers: 8
[424.536s][debug][gc,phases      ] GC(2920)       Merged Fine:              Min: 0, Avg:  0.0, Max: 0, Diff: 0, Sum: 0, Workers: 8
[424.536s][debug][gc,phases      ] GC(2920)       Merged Coarse:            Min: 0, Avg:  0.0, Max: 0, Diff: 0, Sum: 0, Workers: 8
[424.536s][debug][gc,phases      ] GC(2920)       Dirty Cards:              Min: 0, Avg:  0.0, Max: 0, Diff: 0, Sum: 0, Workers: 8
[424.536s][debug][gc,phases      ] GC(2920)     Hot Card Cache (ms):      Min:  0.0, Avg:  0.0, Max:  0.0, Diff:  0.0, Sum:  0.0, Workers: 8
[424.536s][debug][gc,phases      ] GC(2920)       Dirty Cards:              Min: 0, Avg:  0.0, Max: 0, Diff: 0, Sum: 0, Workers: 8
[424.536s][debug][gc,phases      ] GC(2920)       Skipped Cards:            Min: 0, Avg:  0.0, Max: 0, Diff: 0, Sum: 0, Workers: 8
[424.536s][debug][gc,phases      ] GC(2920)     Log Buffers (ms):         Min:  0.0, Avg:  0.0, Max:  0.0, Diff:  0.0, Sum:  0.0, Workers: 8
[424.536s][debug][gc,phases      ] GC(2920)       Dirty Cards:              Min: 0, Avg:  0.1, Max: 1, Diff: 1, Sum: 1, Workers: 8
[424.536s][debug][gc,phases      ] GC(2920)       Skipped Cards:            Min: 0, Avg:  0.0, Max: 0, Diff: 0, Sum: 0, Workers: 8
[424.536s][info ][gc,phases      ] GC(2920)   Evacuate Collection Set: 0.2ms
[424.536s][debug][gc,phases      ] GC(2920)     Ext Root Scanning (ms):   Min:  0.0, Avg:  0.0, Max:  0.1, Diff:  0.0, Sum:  0.2, Workers: 8
[424.536s][debug][gc,phases      ] GC(2920)     Scan Heap Roots (ms):     Min:  0.0, Avg:  0.0, Max:  0.0, Diff:  0.0, Sum:  0.0, Workers: 8
[424.536s][debug][gc,phases      ] GC(2920)       Scanned Cards:            Min: 0, Avg:  0.1, Max: 1, Diff: 1, Sum: 1, Workers: 8
[424.536s][debug][gc,phases      ] GC(2920)       Scanned Blocks:           Min: 0, Avg:  0.1, Max: 1, Diff: 1, Sum: 1, Workers: 8
[424.536s][debug][gc,phases      ] GC(2920)       Claimed Chunks:           Min: 0, Avg:  0.1, Max: 1, Diff: 1, Sum: 1, Workers: 8
[424.536s][debug][gc,phases      ] GC(2920)     Code Root Scan (ms):      Min:  0.0, Avg:  0.0, Max:  0.0, Diff:  0.0, Sum:  0.0, Workers: 8
[424.536s][debug][gc,phases      ] GC(2920)     Object Copy (ms):         Min:  0.0, Avg:  0.0, Max:  0.0, Diff:  0.0, Sum:  0.0, Workers: 8
[424.536s][debug][gc,phases      ] GC(2920)     Termination (ms):         Min:  0.1, Avg:  0.1, Max:  0.1, Diff:  0.0, Sum:  1.0, Workers: 8
[424.536s][debug][gc,phases      ] GC(2920)       Termination Attempts:     Min: 1, Avg:  1.0, Max: 1, Diff: 0, Sum: 8, Workers: 8
[424.536s][debug][gc,phases      ] GC(2920)     GC Worker Other (ms):     Min:  0.0, Avg:  0.0, Max:  0.0, Diff:  0.0, Sum:  0.1, Workers: 8
[424.536s][debug][gc,phases      ] GC(2920)     GC Worker Total (ms):     Min:  0.1, Avg:  0.2, Max:  0.2, Diff:  0.1, Sum:  1.4, Workers: 8
[424.536s][info ][gc,phases      ] GC(2920)   Post Evacuate Collection Set: 0.3ms
[424.536s][debug][gc,phases      ] GC(2920)     Code Roots Fixup: 0.0ms
[424.536s][debug][gc,phases      ] GC(2920)     Clear Card Table: 0.1ms
[424.536s][debug][gc,phases      ] GC(2920)     Reference Processing: 0.0ms
[424.536s][debug][gc,phases,ref  ] GC(2920)       Reconsider SoftReferences: 0.0ms
[424.536s][debug][gc,phases,ref  ] GC(2920)         SoftRef (ms):             skipped
[424.536s][debug][gc,phases,ref  ] GC(2920)       Notify Soft/WeakReferences: 0.0ms
[424.536s][debug][gc,phases,ref  ] GC(2920)         SoftRef (ms):             skipped
[424.536s][debug][gc,phases,ref  ] GC(2920)         WeakRef (ms):             skipped
[424.536s][debug][gc,phases,ref  ] GC(2920)         FinalRef (ms):            skipped
[424.536s][debug][gc,phases,ref  ] GC(2920)         Total (ms):               skipped
[424.536s][debug][gc,phases,ref  ] GC(2920)       Notify and keep alive finalizable: 0.0ms
[424.536s][debug][gc,phases,ref  ] GC(2920)         FinalRef (ms):            skipped
[424.536s][debug][gc,phases,ref  ] GC(2920)       Notify PhantomReferences: 0.0ms
[424.536s][debug][gc,phases,ref  ] GC(2920)         PhantomRef (ms):          skipped
[424.536s][debug][gc,phases,ref  ] GC(2920)       SoftReference:
[424.536s][debug][gc,phases,ref  ] GC(2920)         Discovered: 0
[424.536s][debug][gc,phases,ref  ] GC(2920)         Cleared: 0
[424.536s][debug][gc,phases,ref  ] GC(2920)       WeakReference:
[424.536s][debug][gc,phases,ref  ] GC(2920)         Discovered: 0
[424.536s][debug][gc,phases,ref  ] GC(2920)         Cleared: 0
[424.536s][debug][gc,phases,ref  ] GC(2920)       FinalReference:
[424.536s][debug][gc,phases,ref  ] GC(2920)         Discovered: 0
[424.536s][debug][gc,phases,ref  ] GC(2920)         Cleared: 0
[424.536s][debug][gc,phases,ref  ] GC(2920)       PhantomReference:
[424.536s][debug][gc,phases,ref  ] GC(2920)         Discovered: 0
[424.536s][debug][gc,phases,ref  ] GC(2920)         Cleared: 0
[424.536s][debug][gc,phases      ] GC(2920)     Weak Processing: 0.0ms
[424.536s][debug][gc,phases      ] GC(2920)       JVMTI weak processing: 0.0ms
[424.536s][debug][gc,phases      ] GC(2920)         Dead: 0
[424.536s][debug][gc,phases      ] GC(2920)         Total: 0
[424.536s][debug][gc,phases      ] GC(2920)       JFR weak processing: 0.0ms
[424.536s][debug][gc,phases      ] GC(2920)         Dead: 0
[424.536s][debug][gc,phases      ] GC(2920)         Total: 0
[424.536s][debug][gc,phases      ] GC(2920)       JNI weak                  Min:  0.0, Avg:  0.0, Max:  0.0, Diff:  0.0, Sum:  0.0, Workers: 5
[424.536s][debug][gc,phases      ] GC(2920)         Dead                      Min: 0, Avg:  0.0, Max: 0, Diff: 0, Sum: 0, Workers: 5
[424.536s][debug][gc,phases      ] GC(2920)         Total                     Min: 0, Avg: 13.6, Max: 52, Diff: 52, Sum: 68, Workers: 5
[424.536s][debug][gc,phases      ] GC(2920)       VM weak                   Min:  0.0, Avg:  0.0, Max:  0.0, Diff:  0.0, Sum:  0.0, Workers: 5
[424.536s][debug][gc,phases      ] GC(2920)         Dead                      Min: 0, Avg:  0.0, Max: 0, Diff: 0, Sum: 0, Workers: 5
[424.536s][debug][gc,phases      ] GC(2920)         Total                     Min: 0, Avg: 42.6, Max: 64, Diff: 64, Sum: 213, Workers: 5
[424.536s][debug][gc,phases      ] GC(2920)       StringTable weak          Min:  0.0, Avg:  0.0, Max:  0.0, Diff:  0.0, Sum:  0.1, Workers: 5
[424.536s][debug][gc,phases      ] GC(2920)         Dead                      Min: 0, Avg:  0.0, Max: 0, Diff: 0, Sum: 0, Workers: 5
[424.536s][debug][gc,phases      ] GC(2920)         Total                     Min: 0, Avg: 682.0, Max: 895, Diff: 895, Sum: 3410, Workers: 5
[424.536s][debug][gc,phases      ] GC(2920)       ResolvedMethodTable weak  Min:  0.0, Avg:  0.0, Max:  0.0, Diff:  0.0, Sum:  0.0, Workers: 5
[424.536s][debug][gc,phases      ] GC(2920)         Dead                      Min: 0, Avg:  0.0, Max: 0, Diff: 0, Sum: 0, Workers: 5
[424.536s][debug][gc,phases      ] GC(2920)         Total                     Min: 0, Avg: 114.8, Max: 190, Diff: 190, Sum: 574, Workers: 5
[424.536s][debug][gc,phases      ] GC(2920)     Merge Per-Thread State: 0.0ms
[424.536s][debug][gc,phases      ] GC(2920)       Copied Bytes              Min: 0, Avg: 68.0, Max: 240, Diff: 240, Sum: 544, Workers: 8
[424.536s][debug][gc,phases      ] GC(2920)       LAB Waste                 Min: 0, Avg:  0.0, Max: 0, Diff: 0, Sum: 0, Workers: 8
[424.536s][debug][gc,phases      ] GC(2920)       LAB Undo Waste            Min: 0, Avg:  0.0, Max: 0, Diff: 0, Sum: 0, Workers: 8
[424.536s][debug][gc,phases      ] GC(2920)     Code Roots Purge: 0.0ms
[424.536s][debug][gc,phases      ] GC(2920)     Redirty Cards: 0.0ms
[424.536s][debug][gc,phases      ] GC(2920)     DerivedPointerTable Update: 0.0ms
[424.536s][debug][gc,phases      ] GC(2920)     Free Collection Set: 0.1ms
[424.536s][debug][gc,phases      ] GC(2920)     Rebuild Free List: 0.0ms
[424.536s][debug][gc,phases      ] GC(2920)     Humongous Reclaim: 0.0ms
[424.536s][debug][gc,phases      ] GC(2920)     Start New Collection Set: 0.0ms
[424.536s][debug][gc,phases      ] GC(2920)     Resize TLABs: 0.0ms
[424.536s][debug][gc,phases      ] GC(2920)     Expand Heap After Collection: 0.0ms
[424.536s][info ][gc,phases      ] GC(2920)   Other: 0.3ms
[424.536s][info ][gc,heap        ] GC(2920) Eden regions: 180->0(180)
[424.536s][info ][gc,heap        ] GC(2920) Survivor regions: 1->1(23)
[424.536s][info ][gc,heap        ] GC(2920) Old regions: 7->7
[424.536s][info ][gc,heap        ] GC(2920) Archive regions: 2->2
[424.536s][info ][gc,heap        ] GC(2920) Humongous regions: 0->0
[424.536s][info ][gc,metaspace   ] GC(2920) Metaspace: 9905K(10624K)->9905K(10624K) NonClass: 8758K(9216K)->8758K(9216K) Class: 1146K(1408K)->1146K(1408K)
[424.536s][debug][gc,heap        ] GC(2920) Heap after GC invocations=2921 (full 1): garbage-first heap   total 309248K, used 4069K [0x0000000700000000, 0x0000000800000000)
[424.536s][debug][gc,heap        ] GC(2920)   region size 1024K, 1 young (1024K), 1 survivors (1024K)
[424.536s][debug][gc,heap        ] GC(2920)  Metaspace       used 9905K, capacity 10179K, committed 10624K, reserved 1058816K
[424.536s][debug][gc,heap        ] GC(2920)   class space    used 1146K, capacity 1267K, committed 1408K, reserved 1048576K
[424.537s][info ][gc             ] GC(2920) Pause Young (Normal) (G1 Evacuation Pause) 183M->3M(302M) 1.585ms
[424.537s][info ][gc,cpu         ] GC(2920) User=0.00s Sys=0.00s Real=0.00s
[424.537s][info ][safepoint      ] Safepoint "G1CollectForAllocation", Time since last: 141922029 ns, Reaching safepoint: 151577 ns, At safepoint: 1749424 ns, Total: 1901001 ns
[424.685s][debug][gc,heap        ] GC(2921) Heap before GC invocations=2921 (full 1): garbage-first heap   total 309248K, used 188389K [0x0000000700000000, 0x0000000800000000)
[424.685s][debug][gc,heap        ] GC(2921)   region size 1024K, 181 young (185344K), 1 survivors (1024K)
[424.685s][debug][gc,heap        ] GC(2921)  Metaspace       used 9905K, capacity 10179K, committed 10624K, reserved 1058816K
[424.685s][debug][gc,heap        ] GC(2921)   class space    used 1146K, capacity 1267K, committed 1408K, reserved 1048576K
[424.685s][info ][gc,start       ] GC(2921) Pause Young (Normal) (G1 Evacuation Pause)
[424.685s][info ][gc,task        ] GC(2921) Using 8 workers of 8 for evacuation
[424.685s][debug][gc,tlab        ] GC(2921) TLAB totals: thrds: 8  refills: 724 max: 95 slow allocs: 0 max 0 waste:  0.9% gc: 1301504B max: 415048B slow: 419568B max: 55632B fast: 0B max: 0B
[424.685s][debug][gc,age         ] GC(2921) Desired survivor size 12058624 bytes, new threshold 15 (max threshold 15)
[424.685s][debug][gc,alloc,region] GC(2921) Mutator Allocation stats, regions: 180, wasted size: 0B ( 0.0%)
[424.685s][debug][gc,ergo        ] GC(2921) Running G1 Merge Heap Roots using 8 workers for 181 regions
[424.685s][debug][gc,remset      ] GC(2921) Visited cards 256 Total dirty 2048 (12.50%) Total old 759808 (0.03%)
[424.685s][debug][gc,ergo        ] GC(2921) Running G1 Clear Card Table Task using 1 workers for 1 units of work for 182 regions.
[424.685s][debug][gc,ref         ] GC(2921) Skipped phase1 of Reference Processing due to unavailable references
[424.685s][debug][gc,ref         ] GC(2921) Skipped phase2 of Reference Processing due to unavailable references
[424.685s][debug][gc,ref         ] GC(2921) Skipped phase3 of Reference Processing due to unavailable references
[424.685s][debug][gc,ref         ] GC(2921) Skipped phase4 of Reference Processing due to unavailable references
[424.686s][debug][gc,ergo        ] GC(2921) Running G1 Free Collection Set using 8 workers for collection set length 181 (302)
[424.686s][debug][gc,ergo        ] GC(2921) Running G1 Rebuild Free List Task using 8 workers for rebuilding free list of 0 (4096) regions
[424.686s][trace][gc,age         ] GC(2921) Age table with threshold 15 (max threshold 15)
[424.686s][trace][gc,age         ] GC(2921) - age   1:        520 bytes,        520 total
[424.686s][debug][gc,plab        ] GC(2921) Young PLAB allocation: allocated: 14448B, wasted: 0B, unused: 13928B, used: 520B, undo waste: 0B, 
[424.686s][debug][gc,plab        ] GC(2921) Young other allocation: region end waste: 0B, regions filled: 1, direct allocated: 0B, failure used: 0B, failure wasted: 0B
[424.686s][debug][gc,plab        ] GC(2921) Young sizing: calculated: 104B, actual: 2064B
[424.686s][debug][gc,plab        ] GC(2921) Old PLAB allocation: allocated: 0B, wasted: 0B, unused: 0B, used: 0B, undo waste: 0B, 
[424.686s][debug][gc,plab        ] GC(2921) Old other allocation: region end waste: 0B, regions filled: 1, direct allocated: 0B, failure used: 0B, failure wasted: 0B
[424.686s][debug][gc,plab        ] GC(2921) Old sizing: calculated: 0B, actual: 2064B
[424.686s][debug][gc,ihop        ] GC(2921) Basic information (value update), threshold: 142501478B (45.00), target occupancy: 316669952B, current occupancy: 4169192B, recent allocation size: 0B, recent allocation duration: 149.17ms, recent old gen allocation rate: 0.00B/s, recent marking phase length: 0.00ms
[424.686s][debug][gc,ihop        ] GC(2921) Adaptive IHOP information (value update), threshold: 142501478B (47.37), internal target occupancy: 300836454B, occupancy: 4169192B, additional buffer size: 189792256B, predicted old gen allocation rate: 0.00B/s, predicted marking phase length: 0.00ms, prediction active: false
[424.686s][debug][gc,ergo,refine ] GC(2921) Concurrent refinement times: Logged Cards Scan time goal: 20.00ms Logged Cards Scan time: 0.00ms HCC time: 0.00ms
[424.686s][debug][gc,ergo,refine ] GC(2921) Updated Refinement Zones: green: 2048, yellow: 6144, red: 10240
[424.686s][info ][gc,phases      ] GC(2921)   Pre Evacuate Collection Set: 0.1ms
[424.686s][debug][gc,phases      ] GC(2921)     Prepare TLABs: 0.0ms
[424.686s][debug][gc,phases      ] GC(2921)     Choose Collection Set: 0.0ms
[424.686s][debug][gc,phases      ] GC(2921)     Region Register: 0.1ms
[424.686s][debug][gc,phases      ] GC(2921)     Prepare Heap Roots: 0.0ms
[424.686s][info ][gc,phases      ] GC(2921)   Merge Heap Roots: 0.1ms
[424.686s][debug][gc,phases      ] GC(2921)     Prepare Merge Heap Roots: 0.0ms
[424.686s][debug][gc,phases      ] GC(2921)     Eager Reclaim (ms):       skipped
[424.686s][debug][gc,phases      ] GC(2921)     Remembered Sets (ms):     Min:  0.0, Avg:  0.0, Max:  0.0, Diff:  0.0, Sum:  0.0, Workers: 8
[424.686s][debug][gc,phases      ] GC(2921)       Merged Sparse:            Min: 0, Avg:  0.0, Max: 0, Diff: 0, Sum: 0, Workers: 8
[424.686s][debug][gc,phases      ] GC(2921)       Merged Fine:              Min: 0, Avg:  0.0, Max: 0, Diff: 0, Sum: 0, Workers: 8
[424.686s][debug][gc,phases      ] GC(2921)       Merged Coarse:            Min: 0, Avg:  0.0, Max: 0, Diff: 0, Sum: 0, Workers: 8
[424.686s][debug][gc,phases      ] GC(2921)       Dirty Cards:              Min: 0, Avg:  0.0, Max: 0, Diff: 0, Sum: 0, Workers: 8
[424.686s][debug][gc,phases      ] GC(2921)     Hot Card Cache (ms):      Min:  0.0, Avg:  0.0, Max:  0.0, Diff:  0.0, Sum:  0.0, Workers: 8
[424.686s][debug][gc,phases      ] GC(2921)       Dirty Cards:              Min: 0, Avg:  0.0, Max: 0, Diff: 0, Sum: 0, Workers: 8
[424.686s][debug][gc,phases      ] GC(2921)       Skipped Cards:            Min: 0, Avg:  0.0, Max: 0, Diff: 0, Sum: 0, Workers: 8
[424.686s][debug][gc,phases      ] GC(2921)     Log Buffers (ms):         Min:  0.0, Avg:  0.0, Max:  0.0, Diff:  0.0, Sum:  0.0, Workers: 8
[424.686s][debug][gc,phases      ] GC(2921)       Dirty Cards:              Min: 0, Avg:  0.1, Max: 1, Diff: 1, Sum: 1, Workers: 8
[424.686s][debug][gc,phases      ] GC(2921)       Skipped Cards:            Min: 0, Avg:  0.0, Max: 0, Diff: 0, Sum: 0, Workers: 8
[424.686s][info ][gc,phases      ] GC(2921)   Evacuate Collection Set: 0.2ms
[424.686s][debug][gc,phases      ] GC(2921)     Ext Root Scanning (ms):   Min:  0.0, Avg:  0.0, Max:  0.1, Diff:  0.0, Sum:  0.3, Workers: 8
[424.686s][debug][gc,phases      ] GC(2921)     Scan Heap Roots (ms):     Min:  0.0, Avg:  0.0, Max:  0.0, Diff:  0.0, Sum:  0.0, Workers: 8
[424.686s][debug][gc,phases      ] GC(2921)       Scanned Cards:            Min: 0, Avg:  0.1, Max: 1, Diff: 1, Sum: 1, Workers: 8
[424.686s][debug][gc,phases      ] GC(2921)       Scanned Blocks:           Min: 0, Avg:  0.1, Max: 1, Diff: 1, Sum: 1, Workers: 8
[424.686s][debug][gc,phases      ] GC(2921)       Claimed Chunks:           Min: 0, Avg:  0.1, Max: 1, Diff: 1, Sum: 1, Workers: 8
[424.686s][debug][gc,phases      ] GC(2921)     Code Root Scan (ms):      Min:  0.0, Avg:  0.0, Max:  0.0, Diff:  0.0, Sum:  0.0, Workers: 8
[424.686s][debug][gc,phases      ] GC(2921)     Object Copy (ms):         Min:  0.0, Avg:  0.0, Max:  0.0, Diff:  0.0, Sum:  0.0, Workers: 8
[424.686s][debug][gc,phases      ] GC(2921)     Termination (ms):         Min:  0.1, Avg:  0.1, Max:  0.1, Diff:  0.0, Sum:  0.7, Workers: 8
[424.686s][debug][gc,phases      ] GC(2921)       Termination Attempts:     Min: 1, Avg:  1.0, Max: 1, Diff: 0, Sum: 8, Workers: 8
[424.686s][debug][gc,phases      ] GC(2921)     GC Worker Other (ms):     Min:  0.0, Avg:  0.0, Max:  0.0, Diff:  0.0, Sum:  0.1, Workers: 8
[424.686s][debug][gc,phases      ] GC(2921)     GC Worker Total (ms):     Min:  0.1, Avg:  0.1, Max:  0.2, Diff:  0.1, Sum:  1.2, Workers: 8
[424.686s][info ][gc,phases      ] GC(2921)   Post Evacuate Collection Set: 0.4ms
[424.686s][debug][gc,phases      ] GC(2921)     Code Roots Fixup: 0.0ms
[424.686s][debug][gc,phases      ] GC(2921)     Clear Card Table: 0.1ms
[424.686s][debug][gc,phases      ] GC(2921)     Reference Processing: 0.0ms
[424.686s][debug][gc,phases,ref  ] GC(2921)       Reconsider SoftReferences: 0.0ms
[424.686s][debug][gc,phases,ref  ] GC(2921)         SoftRef (ms):             skipped
[424.686s][debug][gc,phases,ref  ] GC(2921)       Notify Soft/WeakReferences: 0.0ms
[424.686s][debug][gc,phases,ref  ] GC(2921)         SoftRef (ms):             skipped
[424.686s][debug][gc,phases,ref  ] GC(2921)         WeakRef (ms):             skipped
[424.686s][debug][gc,phases,ref  ] GC(2921)         FinalRef (ms):            skipped
[424.686s][debug][gc,phases,ref  ] GC(2921)         Total (ms):               skipped
[424.686s][debug][gc,phases,ref  ] GC(2921)       Notify and keep alive finalizable: 0.0ms
[424.686s][debug][gc,phases,ref  ] GC(2921)         FinalRef (ms):            skipped
[424.686s][debug][gc,phases,ref  ] GC(2921)       Notify PhantomReferences: 0.0ms
[424.686s][debug][gc,phases,ref  ] GC(2921)         PhantomRef (ms):          skipped
[424.686s][debug][gc,phases,ref  ] GC(2921)       SoftReference:
[424.686s][debug][gc,phases,ref  ] GC(2921)         Discovered: 0
[424.686s][debug][gc,phases,ref  ] GC(2921)         Cleared: 0
[424.686s][debug][gc,phases,ref  ] GC(2921)       WeakReference:
[424.686s][debug][gc,phases,ref  ] GC(2921)         Discovered: 0
[424.686s][debug][gc,phases,ref  ] GC(2921)         Cleared: 0
[424.686s][debug][gc,phases,ref  ] GC(2921)       FinalReference:
[424.686s][debug][gc,phases,ref  ] GC(2921)         Discovered: 0
[424.686s][debug][gc,phases,ref  ] GC(2921)         Cleared: 0
[424.686s][debug][gc,phases,ref  ] GC(2921)       PhantomReference:
[424.686s][debug][gc,phases,ref  ] GC(2921)         Discovered: 0
[424.686s][debug][gc,phases,ref  ] GC(2921)         Cleared: 0
[424.686s][debug][gc,phases      ] GC(2921)     Weak Processing: 0.1ms
[424.686s][debug][gc,phases      ] GC(2921)       JVMTI weak processing: 0.0ms
[424.686s][debug][gc,phases      ] GC(2921)         Dead: 0
[424.686s][debug][gc,phases      ] GC(2921)         Total: 0
[424.686s][debug][gc,phases      ] GC(2921)       JFR weak processing: 0.0ms
[424.686s][debug][gc,phases      ] GC(2921)         Dead: 0
[424.686s][debug][gc,phases      ] GC(2921)         Total: 0
[424.686s][debug][gc,phases      ] GC(2921)       JNI weak                  Min:  0.0, Avg:  0.0, Max:  0.0, Diff:  0.0, Sum:  0.0, Workers: 5
[424.686s][debug][gc,phases      ] GC(2921)         Dead                      Min: 0, Avg:  0.0, Max: 0, Diff: 0, Sum: 0, Workers: 5
[424.686s][debug][gc,phases      ] GC(2921)         Total                     Min: 0, Avg: 13.6, Max: 68, Diff: 68, Sum: 68, Workers: 5
[424.686s][debug][gc,phases      ] GC(2921)       VM weak                   Min:  0.0, Avg:  0.0, Max:  0.0, Diff:  0.0, Sum:  0.0, Workers: 5
[424.686s][debug][gc,phases      ] GC(2921)         Dead                      Min: 0, Avg:  0.0, Max: 0, Diff: 0, Sum: 0, Workers: 5
[424.686s][debug][gc,phases      ] GC(2921)         Total                     Min: 0, Avg: 42.6, Max: 213, Diff: 213, Sum: 213, Workers: 5
[424.686s][debug][gc,phases      ] GC(2921)       StringTable weak          Min:  0.0, Avg:  0.0, Max:  0.0, Diff:  0.0, Sum:  0.0, Workers: 5
[424.686s][debug][gc,phases      ] GC(2921)         Dead                      Min: 0, Avg:  0.0, Max: 0, Diff: 0, Sum: 0, Workers: 5
[424.686s][debug][gc,phases      ] GC(2921)         Total                     Min: 0, Avg: 682.0, Max: 3410, Diff: 3410, Sum: 3410, Workers: 5
[424.686s][debug][gc,phases      ] GC(2921)       ResolvedMethodTable weak  Min:  0.0, Avg:  0.0, Max:  0.0, Diff:  0.0, Sum:  0.0, Workers: 5
[424.686s][debug][gc,phases      ] GC(2921)         Dead                      Min: 0, Avg:  0.0, Max: 0, Diff: 0, Sum: 0, Workers: 5
[424.686s][debug][gc,phases      ] GC(2921)         Total                     Min: 0, Avg: 114.8, Max: 512, Diff: 512, Sum: 574, Workers: 5
[424.686s][debug][gc,phases      ] GC(2921)     Merge Per-Thread State: 0.0ms
[424.686s][debug][gc,phases      ] GC(2921)       Copied Bytes              Min: 0, Avg: 65.0, Max: 128, Diff: 128, Sum: 520, Workers: 8
[424.686s][debug][gc,phases      ] GC(2921)       LAB Waste                 Min: 0, Avg:  0.0, Max: 0, Diff: 0, Sum: 0, Workers: 8
[424.686s][debug][gc,phases      ] GC(2921)       LAB Undo Waste            Min: 0, Avg:  0.0, Max: 0, Diff: 0, Sum: 0, Workers: 8
[424.686s][debug][gc,phases      ] GC(2921)     Code Roots Purge: 0.0ms
[424.686s][debug][gc,phases      ] GC(2921)     Redirty Cards: 0.0ms
[424.686s][debug][gc,phases      ] GC(2921)     DerivedPointerTable Update: 0.0ms
[424.686s][debug][gc,phases      ] GC(2921)     Free Collection Set: 0.1ms
[424.686s][debug][gc,phases      ] GC(2921)     Rebuild Free List: 0.0ms
[424.686s][debug][gc,phases      ] GC(2921)     Humongous Reclaim: 0.0ms
[424.686s][debug][gc,phases      ] GC(2921)     Start New Collection Set: 0.0ms
[424.686s][debug][gc,phases      ] GC(2921)     Resize TLABs: 0.0ms
[424.686s][debug][gc,phases      ] GC(2921)     Expand Heap After Collection: 0.0ms
[424.686s][info ][gc,phases      ] GC(2921)   Other: 0.3ms
[424.686s][info ][gc,heap        ] GC(2921) Eden regions: 180->0(180)
[424.686s][info ][gc,heap        ] GC(2921) Survivor regions: 1->1(23)
[424.686s][info ][gc,heap        ] GC(2921) Old regions: 7->7
[424.686s][info ][gc,heap        ] GC(2921) Archive regions: 2->2
[424.686s][info ][gc,heap        ] GC(2921) Humongous regions: 0->0
[424.687s][info ][gc,metaspace   ] GC(2921) Metaspace: 9905K(10624K)->9905K(10624K) NonClass: 8758K(9216K)->8758K(9216K) Class: 1146K(1408K)->1146K(1408K)
[424.687s][debug][gc,heap        ] GC(2921) Heap after GC invocations=2922 (full 1): garbage-first heap   total 309248K, used 4071K [0x0000000700000000, 0x0000000800000000)
[424.687s][debug][gc,heap        ] GC(2921)   region size 1024K, 1 young (1024K), 1 survivors (1024K)
[424.687s][debug][gc,heap        ] GC(2921)  Metaspace       used 9905K, capacity 10179K, committed 10624K, reserved 1058816K
[424.687s][debug][gc,heap        ] GC(2921)   class space    used 1146K, capacity 1267K, committed 1408K, reserved 1048576K
[424.687s][info ][gc             ] GC(2921) Pause Young (Normal) (G1 Evacuation Pause) 183M->3M(302M) 1.614ms
[424.687s][info ][gc,cpu         ] GC(2921) User=0.00s Sys=0.00s Real=0.00s
[424.687s][info ][safepoint      ] Safepoint "G1CollectForAllocation", Time since last: 148121707 ns, Reaching safepoint: 133575 ns, At safepoint: 1770671 ns, Total: 1904246 ns
[424.836s][debug][gc,heap        ] GC(2922) Heap before GC invocations=2922 (full 1): garbage-first heap   total 309248K, used 188391K [0x0000000700000000, 0x0000000800000000)
[424.836s][debug][gc,heap        ] GC(2922)   region size 1024K, 181 young (185344K), 1 survivors (1024K)
[424.836s][debug][gc,heap        ] GC(2922)  Metaspace       used 9905K, capacity 10179K, committed 10624K, reserved 1058816K
[424.836s][debug][gc,heap        ] GC(2922)   class space    used 1146K, capacity 1267K, committed 1408K, reserved 1048576K
[424.836s][info ][gc,start       ] GC(2922) Pause Young (Normal) (G1 Evacuation Pause)
[424.836s][info ][gc,task        ] GC(2922) Using 8 workers of 8 for evacuation
[424.836s][debug][gc,tlab        ] GC(2922) TLAB totals: thrds: 8  refills: 722 max: 101 slow allocs: 0 max 0 waste:  1.0% gc: 1472624B max: 431000B slow: 417592B max: 58776B fast: 0B max: 0B
[424.836s][debug][gc,age         ] GC(2922) Desired survivor size 12058624 bytes, new threshold 15 (max threshold 15)
[424.836s][debug][gc,alloc,region] GC(2922) Mutator Allocation stats, regions: 180, wasted size: 0B ( 0.0%)
[424.836s][debug][gc,ergo        ] GC(2922) Running G1 Merge Heap Roots using 8 workers for 181 regions
[424.836s][debug][gc,remset      ] GC(2922) Visited cards 256 Total dirty 2048 (12.50%) Total old 759808 (0.03%)
[424.836s][debug][gc,ergo        ] GC(2922) Running G1 Clear Card Table Task using 1 workers for 1 units of work for 182 regions.
[424.836s][debug][gc,ref         ] GC(2922) Skipped phase1 of Reference Processing due to unavailable references
[424.836s][debug][gc,ref         ] GC(2922) Skipped phase2 of Reference Processing due to unavailable references
[424.836s][debug][gc,ref         ] GC(2922) Skipped phase3 of Reference Processing due to unavailable references
[424.836s][debug][gc,ref         ] GC(2922) Skipped phase4 of Reference Processing due to unavailable references
[424.837s][debug][gc,ergo        ] GC(2922) Running G1 Free Collection Set using 8 workers for collection set length 181 (302)
[424.837s][debug][gc,ergo        ] GC(2922) Running G1 Rebuild Free List Task using 8 workers for rebuilding free list of 0 (4096) regions
[424.837s][trace][gc,age         ] GC(2922) Age table with threshold 15 (max threshold 15)
[424.837s][trace][gc,age         ] GC(2922) - age   1:        672 bytes,        672 total
[424.837s][debug][gc,plab        ] GC(2922) Young PLAB allocation: allocated: 8256B, wasted: 0B, unused: 7584B, used: 672B, undo waste: 0B, 
[424.837s][debug][gc,plab        ] GC(2922) Young other allocation: region end waste: 0B, regions filled: 1, direct allocated: 0B, failure used: 0B, failure wasted: 0B
[424.837s][debug][gc,plab        ] GC(2922) Young sizing: calculated: 128B, actual: 2064B
[424.837s][debug][gc,plab        ] GC(2922) Old PLAB allocation: allocated: 0B, wasted: 0B, unused: 0B, used: 0B, undo waste: 0B, 
[424.837s][debug][gc,plab        ] GC(2922) Old other allocation: region end waste: 0B, regions filled: 1, direct allocated: 0B, failure used: 0B, failure wasted: 0B
[424.837s][debug][gc,plab        ] GC(2922) Old sizing: calculated: 0B, actual: 2064B
[424.837s][debug][gc,ihop        ] GC(2922) Basic information (value update), threshold: 142501478B (45.00), target occupancy: 316669952B, current occupancy: 4163000B, recent allocation size: 0B, recent allocation duration: 150.16ms, recent old gen allocation rate: 0.00B/s, recent marking phase length: 0.00ms
[424.837s][debug][gc,ihop        ] GC(2922) Adaptive IHOP information (value update), threshold: 142501478B (47.37), internal target occupancy: 300836454B, occupancy: 4163000B, additional buffer size: 189792256B, predicted old gen allocation rate: 0.00B/s, predicted marking phase length: 0.00ms, prediction active: false
[424.837s][debug][gc,ergo,refine ] GC(2922) Concurrent refinement times: Logged Cards Scan time goal: 20.00ms Logged Cards Scan time: 0.00ms HCC time: 0.00ms
[424.837s][debug][gc,ergo,refine ] GC(2922) Updated Refinement Zones: green: 2048, yellow: 6144, red: 10240
[424.837s][info ][gc,phases      ] GC(2922)   Pre Evacuate Collection Set: 0.1ms
[424.837s][debug][gc,phases      ] GC(2922)     Prepare TLABs: 0.0ms
[424.837s][debug][gc,phases      ] GC(2922)     Choose Collection Set: 0.0ms
[424.837s][debug][gc,phases      ] GC(2922)     Region Register: 0.1ms
[424.837s][debug][gc,phases      ] GC(2922)     Prepare Heap Roots: 0.0ms
[424.837s][info ][gc,phases      ] GC(2922)   Merge Heap Roots: 0.1ms
[424.837s][debug][gc,phases      ] GC(2922)     Prepare Merge Heap Roots: 0.0ms
[424.837s][debug][gc,phases      ] GC(2922)     Eager Reclaim (ms):       skipped
[424.837s][debug][gc,phases      ] GC(2922)     Remembered Sets (ms):     Min:  0.0, Avg:  0.0, Max:  0.0, Diff:  0.0, Sum:  0.1, Workers: 8
[424.837s][debug][gc,phases      ] GC(2922)       Merged Sparse:            Min: 0, Avg:  0.0, Max: 0, Diff: 0, Sum: 0, Workers: 8
[424.837s][debug][gc,phases      ] GC(2922)       Merged Fine:              Min: 0, Avg:  0.0, Max: 0, Diff: 0, Sum: 0, Workers: 8
[424.837s][debug][gc,phases      ] GC(2922)       Merged Coarse:            Min: 0, Avg:  0.0, Max: 0, Diff: 0, Sum: 0, Workers: 8
[424.837s][debug][gc,phases      ] GC(2922)       Dirty Cards:              Min: 0, Avg:  0.0, Max: 0, Diff: 0, Sum: 0, Workers: 8
[424.837s][debug][gc,phases      ] GC(2922)     Hot Card Cache (ms):      Min:  0.0, Avg:  0.0, Max:  0.0, Diff:  0.0, Sum:  0.0, Workers: 8
[424.837s][debug][gc,phases      ] GC(2922)       Dirty Cards:              Min: 0, Avg:  0.0, Max: 0, Diff: 0, Sum: 0, Workers: 8
[424.837s][debug][gc,phases      ] GC(2922)       Skipped Cards:            Min: 0, Avg:  0.0, Max: 0, Diff: 0, Sum: 0, Workers: 8
[424.837s][debug][gc,phases      ] GC(2922)     Log Buffers (ms):         Min:  0.0, Avg:  0.0, Max:  0.0, Diff:  0.0, Sum:  0.0, Workers: 8
[424.837s][debug][gc,phases      ] GC(2922)       Dirty Cards:              Min: 0, Avg:  0.1, Max: 1, Diff: 1, Sum: 1, Workers: 8
[424.837s][debug][gc,phases      ] GC(2922)       Skipped Cards:            Min: 0, Avg:  0.0, Max: 0, Diff: 0, Sum: 0, Workers: 8
[424.837s][info ][gc,phases      ] GC(2922)   Evacuate Collection Set: 0.2ms
[424.837s][debug][gc,phases      ] GC(2922)     Ext Root Scanning (ms):   Min:  0.0, Avg:  0.0, Max:  0.1, Diff:  0.1, Sum:  0.2, Workers: 8
[424.837s][debug][gc,phases      ] GC(2922)     Scan Heap Roots (ms):     Min:  0.0, Avg:  0.0, Max:  0.0, Diff:  0.0, Sum:  0.0, Workers: 8
[424.837s][debug][gc,phases      ] GC(2922)       Scanned Cards:            Min: 0, Avg:  0.1, Max: 1, Diff: 1, Sum: 1, Workers: 8
[424.837s][debug][gc,phases      ] GC(2922)       Scanned Blocks:           Min: 0, Avg:  0.1, Max: 1, Diff: 1, Sum: 1, Workers: 8
[424.837s][debug][gc,phases      ] GC(2922)       Claimed Chunks:           Min: 0, Avg:  0.1, Max: 1, Diff: 1, Sum: 1, Workers: 8
[424.837s][debug][gc,phases      ] GC(2922)     Code Root Scan (ms):      Min:  0.0, Avg:  0.0, Max:  0.0, Diff:  0.0, Sum:  0.0, Workers: 8
[424.837s][debug][gc,phases      ] GC(2922)     Object Copy (ms):         Min:  0.0, Avg:  0.0, Max:  0.0, Diff:  0.0, Sum:  0.0, Workers: 8
[424.837s][debug][gc,phases      ] GC(2922)     Termination (ms):         Min:  0.1, Avg:  0.1, Max:  0.1, Diff:  0.0, Sum:  0.6, Workers: 8
[424.837s][debug][gc,phases      ] GC(2922)       Termination Attempts:     Min: 1, Avg:  1.0, Max: 1, Diff: 0, Sum: 8, Workers: 8
[424.837s][debug][gc,phases      ] GC(2922)     GC Worker Other (ms):     Min:  0.0, Avg:  0.0, Max:  0.0, Diff:  0.0, Sum:  0.1, Workers: 8
[424.837s][debug][gc,phases      ] GC(2922)     GC Worker Total (ms):     Min:  0.1, Avg:  0.1, Max:  0.2, Diff:  0.1, Sum:  1.0, Workers: 8
[424.837s][info ][gc,phases      ] GC(2922)   Post Evacuate Collection Set: 0.4ms
[424.837s][debug][gc,phases      ] GC(2922)     Code Roots Fixup: 0.0ms
[424.837s][debug][gc,phases      ] GC(2922)     Clear Card Table: 0.1ms
[424.837s][debug][gc,phases      ] GC(2922)     Reference Processing: 0.0ms
[424.837s][debug][gc,phases,ref  ] GC(2922)       Reconsider SoftReferences: 0.0ms
[424.837s][debug][gc,phases,ref  ] GC(2922)         SoftRef (ms):             skipped
[424.837s][debug][gc,phases,ref  ] GC(2922)       Notify Soft/WeakReferences: 0.0ms
[424.837s][debug][gc,phases,ref  ] GC(2922)         SoftRef (ms):             skipped
[424.837s][debug][gc,phases,ref  ] GC(2922)         WeakRef (ms):             skipped
[424.837s][debug][gc,phases,ref  ] GC(2922)         FinalRef (ms):            skipped
[424.837s][debug][gc,phases,ref  ] GC(2922)         Total (ms):               skipped
[424.837s][debug][gc,phases,ref  ] GC(2922)       Notify and keep alive finalizable: 0.0ms
[424.837s][debug][gc,phases,ref  ] GC(2922)         FinalRef (ms):            skipped
[424.837s][debug][gc,phases,ref  ] GC(2922)       Notify PhantomReferences: 0.0ms
[424.837s][debug][gc,phases,ref  ] GC(2922)         PhantomRef (ms):          skipped
[424.837s][debug][gc,phases,ref  ] GC(2922)       SoftReference:
[424.837s][debug][gc,phases,ref  ] GC(2922)         Discovered: 0
[424.837s][debug][gc,phases,ref  ] GC(2922)         Cleared: 0
[424.837s][debug][gc,phases,ref  ] GC(2922)       WeakReference:
[424.837s][debug][gc,phases,ref  ] GC(2922)         Discovered: 0
[424.837s][debug][gc,phases,ref  ] GC(2922)         Cleared: 0
[424.837s][debug][gc,phases,ref  ] GC(2922)       FinalReference:
[424.837s][debug][gc,phases,ref  ] GC(2922)         Discovered: 0
[424.837s][debug][gc,phases,ref  ] GC(2922)         Cleared: 0
[424.837s][debug][gc,phases,ref  ] GC(2922)       PhantomReference:
[424.837s][debug][gc,phases,ref  ] GC(2922)         Discovered: 0
[424.837s][debug][gc,phases,ref  ] GC(2922)         Cleared: 0
[424.837s][debug][gc,phases      ] GC(2922)     Weak Processing: 0.1ms
[424.837s][debug][gc,phases      ] GC(2922)       JVMTI weak processing: 0.0ms
[424.837s][debug][gc,phases      ] GC(2922)         Dead: 0
[424.837s][debug][gc,phases      ] GC(2922)         Total: 0
[424.837s][debug][gc,phases      ] GC(2922)       JFR weak processing: 0.0ms
[424.837s][debug][gc,phases      ] GC(2922)         Dead: 0
[424.837s][debug][gc,phases      ] GC(2922)         Total: 0
[424.837s][debug][gc,phases      ] GC(2922)       JNI weak                  Min:  0.0, Avg:  0.0, Max:  0.0, Diff:  0.0, Sum:  0.0, Workers: 5
[424.837s][debug][gc,phases      ] GC(2922)         Dead                      Min: 0, Avg:  0.0, Max: 0, Diff: 0, Sum: 0, Workers: 5
[424.837s][debug][gc,phases      ] GC(2922)         Total                     Min: 0, Avg: 13.6, Max: 52, Diff: 52, Sum: 68, Workers: 5
[424.837s][debug][gc,phases      ] GC(2922)       VM weak                   Min:  0.0, Avg:  0.0, Max:  0.0, Diff:  0.0, Sum:  0.0, Workers: 5
[424.837s][debug][gc,phases      ] GC(2922)         Dead                      Min: 0, Avg:  0.0, Max: 0, Diff: 0, Sum: 0, Workers: 5
[424.837s][debug][gc,phases      ] GC(2922)         Total                     Min: 0, Avg: 42.6, Max: 85, Diff: 85, Sum: 213, Workers: 5
[424.837s][debug][gc,phases      ] GC(2922)       StringTable weak          Min:  0.0, Avg:  0.0, Max:  0.0, Diff:  0.0, Sum:  0.1, Workers: 5
[424.837s][debug][gc,phases      ] GC(2922)         Dead                      Min: 0, Avg:  0.0, Max: 0, Diff: 0, Sum: 0, Workers: 5
[424.837s][debug][gc,phases      ] GC(2922)         Total                     Min: 0, Avg: 682.0, Max: 896, Diff: 896, Sum: 3410, Workers: 5
[424.837s][debug][gc,phases      ] GC(2922)       ResolvedMethodTable weak  Min:  0.0, Avg:  0.0, Max:  0.0, Diff:  0.0, Sum:  0.0, Workers: 5
[424.837s][debug][gc,phases      ] GC(2922)         Dead                      Min: 0, Avg:  0.0, Max: 0, Diff: 0, Sum: 0, Workers: 5
[424.837s][debug][gc,phases      ] GC(2922)         Total                     Min: 0, Avg: 114.8, Max: 190, Diff: 190, Sum: 574, Workers: 5
[424.837s][debug][gc,phases      ] GC(2922)     Merge Per-Thread State: 0.0ms
[424.837s][debug][gc,phases      ] GC(2922)       Copied Bytes              Min: 0, Avg: 84.0, Max: 248, Diff: 248, Sum: 672, Workers: 8
[424.837s][debug][gc,phases      ] GC(2922)       LAB Waste                 Min: 0, Avg:  0.0, Max: 0, Diff: 0, Sum: 0, Workers: 8
[424.837s][debug][gc,phases      ] GC(2922)       LAB Undo Waste            Min: 0, Avg:  0.0, Max: 0, Diff: 0, Sum: 0, Workers: 8
[424.837s][debug][gc,phases      ] GC(2922)     Code Roots Purge: 0.0ms
[424.837s][debug][gc,phases      ] GC(2922)     Redirty Cards: 0.0ms
[424.837s][debug][gc,phases      ] GC(2922)     DerivedPointerTable Update: 0.0ms
[424.837s][debug][gc,phases      ] GC(2922)     Free Collection Set: 0.1ms
[424.837s][debug][gc,phases      ] GC(2922)     Rebuild Free List: 0.0ms
[424.837s][debug][gc,phases      ] GC(2922)     Humongous Reclaim: 0.0ms
[424.837s][debug][gc,phases      ] GC(2922)     Start New Collection Set: 0.0ms
[424.837s][debug][gc,phases      ] GC(2922)     Resize TLABs: 0.0ms
[424.837s][debug][gc,phases      ] GC(2922)     Expand Heap After Collection: 0.0ms
[424.837s][info ][gc,phases      ] GC(2922)   Other: 0.3ms
[424.837s][info ][gc,heap        ] GC(2922) Eden regions: 180->0(180)
[424.837s][info ][gc,heap        ] GC(2922) Survivor regions: 1->1(23)
[424.837s][info ][gc,heap        ] GC(2922) Old regions: 7->7
[424.837s][info ][gc,heap        ] GC(2922) Archive regions: 2->2
[424.837s][info ][gc,heap        ] GC(2922) Humongous regions: 0->0
[424.837s][info ][gc,metaspace   ] GC(2922) Metaspace: 9905K(10624K)->9905K(10624K) NonClass: 8758K(9216K)->8758K(9216K) Class: 1146K(1408K)->1146K(1408K)
[424.837s][debug][gc,heap        ] GC(2922) Heap after GC invocations=2923 (full 1): garbage-first heap   total 309248K, used 4065K [0x0000000700000000, 0x0000000800000000)
[424.837s][debug][gc,heap        ] GC(2922)   region size 1024K, 1 young (1024K), 1 survivors (1024K)
[424.837s][debug][gc,heap        ] GC(2922)  Metaspace       used 9905K, capacity 10179K, committed 10624K, reserved 1058816K
[424.838s][debug][gc,heap        ] GC(2922)   class space    used 1146K, capacity 1267K, committed 1408K, reserved 1048576K
[424.838s][info ][gc             ] GC(2922) Pause Young (Normal) (G1 Evacuation Pause) 183M->3M(302M) 1.566ms
[424.838s][info ][gc,cpu         ] GC(2922) User=0.01s Sys=0.00s Real=0.00s
[424.838s][info ][safepoint      ] Safepoint "G1CollectForAllocation", Time since last: 149100726 ns, Reaching safepoint: 149607 ns, At safepoint: 1714125 ns, Total: 1863732 ns
[424.988s][debug][gc,heap        ] GC(2923) Heap before GC invocations=2923 (full 1): garbage-first heap   total 309248K, used 187361K [0x0000000700000000, 0x0000000800000000)
[424.988s][debug][gc,heap        ] GC(2923)   region size 1024K, 181 young (185344K), 1 survivors (1024K)
[424.988s][debug][gc,heap        ] GC(2923)  Metaspace       used 9905K, capacity 10179K, committed 10624K, reserved 1058816K
[424.988s][debug][gc,heap        ] GC(2923)   class space    used 1146K, capacity 1267K, committed 1408K, reserved 1048576K
[424.988s][info ][gc,start       ] GC(2923) Pause Young (Normal) (G1 Evacuation Pause)
[424.988s][info ][gc,task        ] GC(2923) Using 8 workers of 8 for evacuation
[424.988s][debug][gc,tlab        ] GC(2923) TLAB totals: thrds: 8  refills: 721 max: 98 slow allocs: 0 max 0 waste:  0.7% gc: 843840B max: 300272B slow: 418048B max: 56704B fast: 0B max: 0B
[424.988s][debug][gc,age         ] GC(2923) Desired survivor size 12058624 bytes, new threshold 15 (max threshold 15)
[424.988s][debug][gc,alloc,region] GC(2923) Mutator Allocation stats, regions: 180, wasted size: 0B ( 0.0%)
[424.989s][debug][gc,ergo        ] GC(2923) Running G1 Merge Heap Roots using 8 workers for 181 regions
[424.989s][debug][gc,remset      ] GC(2923) Visited cards 256 Total dirty 2048 (12.50%) Total old 759808 (0.03%)
[424.989s][debug][gc,ergo        ] GC(2923) Running G1 Clear Card Table Task using 1 workers for 1 units of work for 182 regions.
[424.989s][debug][gc,ref         ] GC(2923) Skipped phase1 of Reference Processing due to unavailable references
[424.989s][debug][gc,ref         ] GC(2923) Skipped phase2 of Reference Processing due to unavailable references
[424.989s][debug][gc,ref         ] GC(2923) Skipped phase3 of Reference Processing due to unavailable references
[424.989s][debug][gc,ref         ] GC(2923) Skipped phase4 of Reference Processing due to unavailable references
[424.989s][debug][gc,ergo        ] GC(2923) Running G1 Free Collection Set using 8 workers for collection set length 181 (302)
[424.989s][debug][gc,ergo        ] GC(2923) Running G1 Rebuild Free List Task using 8 workers for rebuilding free list of 0 (4096) regions
[424.989s][trace][gc,age         ] GC(2923) Age table with threshold 15 (max threshold 15)
[424.989s][trace][gc,age         ] GC(2923) - age   1:        544 bytes,        544 total
[424.989s][debug][gc,plab        ] GC(2923) Young PLAB allocation: allocated: 16512B, wasted: 0B, unused: 15968B, used: 544B, undo waste: 0B, 
[424.989s][debug][gc,plab        ] GC(2923) Young other allocation: region end waste: 0B, regions filled: 1, direct allocated: 0B, failure used: 0B, failure wasted: 0B
[424.989s][debug][gc,plab        ] GC(2923) Young sizing: calculated: 104B, actual: 2064B
[424.989s][debug][gc,plab        ] GC(2923) Old PLAB allocation: allocated: 0B, wasted: 0B, unused: 0B, used: 0B, undo waste: 0B, 
[424.989s][debug][gc,plab        ] GC(2923) Old other allocation: region end waste: 0B, regions filled: 1, direct allocated: 0B, failure used: 0B, failure wasted: 0B
[424.989s][debug][gc,plab        ] GC(2923) Old sizing: calculated: 0B, actual: 2064B
[424.989s][debug][gc,ihop        ] GC(2923) Basic information (value update), threshold: 142501478B (45.00), target occupancy: 316669952B, current occupancy: 4171256B, recent allocation size: 0B, recent allocation duration: 151.67ms, recent old gen allocation rate: 0.00B/s, recent marking phase length: 0.00ms
[424.989s][debug][gc,ihop        ] GC(2923) Adaptive IHOP information (value update), threshold: 142501478B (47.37), internal target occupancy: 300836454B, occupancy: 4171256B, additional buffer size: 189792256B, predicted old gen allocation rate: 0.00B/s, predicted marking phase length: 0.00ms, prediction active: false
[424.989s][debug][gc,ergo,refine ] GC(2923) Concurrent refinement times: Logged Cards Scan time goal: 20.00ms Logged Cards Scan time: 0.00ms HCC time: 0.00ms
[424.989s][debug][gc,ergo,refine ] GC(2923) Updated Refinement Zones: green: 2048, yellow: 6144, red: 10240
[424.989s][info ][gc,phases      ] GC(2923)   Pre Evacuate Collection Set: 0.1ms
[424.989s][debug][gc,phases      ] GC(2923)     Prepare TLABs: 0.0ms
[424.989s][debug][gc,phases      ] GC(2923)     Choose Collection Set: 0.0ms
[424.989s][debug][gc,phases      ] GC(2923)     Region Register: 0.1ms
[424.989s][debug][gc,phases      ] GC(2923)     Prepare Heap Roots: 0.0ms
[424.989s][info ][gc,phases      ] GC(2923)   Merge Heap Roots: 0.1ms
[424.989s][debug][gc,phases      ] GC(2923)     Prepare Merge Heap Roots: 0.0ms
[424.989s][debug][gc,phases      ] GC(2923)     Eager Reclaim (ms):       skipped
[424.989s][debug][gc,phases      ] GC(2923)     Remembered Sets (ms):     Min:  0.0, Avg:  0.0, Max:  0.0, Diff:  0.0, Sum:  0.0, Workers: 8
[424.989s][debug][gc,phases      ] GC(2923)       Merged Sparse:            Min: 0, Avg:  0.0, Max: 0, Diff: 0, Sum: 0, Workers: 8
[424.989s][debug][gc,phases      ] GC(2923)       Merged Fine:              Min: 0, Avg:  0.0, Max: 0, Diff: 0, Sum: 0, Workers: 8
[424.989s][debug][gc,phases      ] GC(2923)       Merged Coarse:            Min: 0, Avg:  0.0, Max: 0, Diff: 0, Sum: 0, Workers: 8
[424.989s][debug][gc,phases      ] GC(2923)       Dirty Cards:              Min: 0, Avg:  0.0, Max: 0, Diff: 0, Sum: 0, Workers: 8
[424.989s][debug][gc,phases      ] GC(2923)     Hot Card Cache (ms):      Min:  0.0, Avg:  0.0, Max:  0.0, Diff:  0.0, Sum:  0.0, Workers: 8
[424.989s][debug][gc,phases      ] GC(2923)       Dirty Cards:              Min: 0, Avg:  0.0, Max: 0, Diff: 0, Sum: 0, Workers: 8
[424.989s][debug][gc,phases      ] GC(2923)       Skipped Cards:            Min: 0, Avg:  0.0, Max: 0, Diff: 0, Sum: 0, Workers: 8
[424.989s][debug][gc,phases      ] GC(2923)     Log Buffers (ms):         Min:  0.0, Avg:  0.0, Max:  0.0, Diff:  0.0, Sum:  0.0, Workers: 8
[424.989s][debug][gc,phases      ] GC(2923)       Dirty Cards:              Min: 0, Avg:  0.1, Max: 1, Diff: 1, Sum: 1, Workers: 8
[424.989s][debug][gc,phases      ] GC(2923)       Skipped Cards:            Min: 0, Avg:  0.0, Max: 0, Diff: 0, Sum: 0, Workers: 8
[424.989s][info ][gc,phases      ] GC(2923)   Evacuate Collection Set: 0.2ms
[424.989s][debug][gc,phases      ] GC(2923)     Ext Root Scanning (ms):   Min:  0.0, Avg:  0.0, Max:  0.1, Diff:  0.1, Sum:  0.2, Workers: 8
[424.989s][debug][gc,phases      ] GC(2923)     Scan Heap Roots (ms):     Min:  0.0, Avg:  0.0, Max:  0.0, Diff:  0.0, Sum:  0.0, Workers: 8
[424.989s][debug][gc,phases      ] GC(2923)       Scanned Cards:            Min: 0, Avg:  0.1, Max: 1, Diff: 1, Sum: 1, Workers: 8
[424.989s][debug][gc,phases      ] GC(2923)       Scanned Blocks:           Min: 0, Avg:  0.1, Max: 1, Diff: 1, Sum: 1, Workers: 8
[424.990s][debug][gc,phases      ] GC(2923)       Claimed Chunks:           Min: 0, Avg:  0.1, Max: 1, Diff: 1, Sum: 1, Workers: 8
[424.990s][debug][gc,phases      ] GC(2923)     Code Root Scan (ms):      Min:  0.0, Avg:  0.0, Max:  0.0, Diff:  0.0, Sum:  0.0, Workers: 8
[424.990s][debug][gc,phases      ] GC(2923)     Object Copy (ms):         Min:  0.0, Avg:  0.0, Max:  0.0, Diff:  0.0, Sum:  0.0, Workers: 8
[424.990s][debug][gc,phases      ] GC(2923)     Termination (ms):         Min:  0.1, Avg:  0.1, Max:  0.1, Diff:  0.0, Sum:  0.6, Workers: 8
[424.990s][debug][gc,phases      ] GC(2923)       Termination Attempts:     Min: 1, Avg:  1.0, Max: 1, Diff: 0, Sum: 8, Workers: 8
[424.990s][debug][gc,phases      ] GC(2923)     GC Worker Other (ms):     Min:  0.0, Avg:  0.0, Max:  0.0, Diff:  0.0, Sum:  0.1, Workers: 8
[424.990s][debug][gc,phases      ] GC(2923)     GC Worker Total (ms):     Min:  0.1, Avg:  0.1, Max:  0.1, Diff:  0.1, Sum:  1.0, Workers: 8
[424.990s][info ][gc,phases      ] GC(2923)   Post Evacuate Collection Set: 0.4ms
[424.990s][debug][gc,phases      ] GC(2923)     Code Roots Fixup: 0.0ms
[424.990s][debug][gc,phases      ] GC(2923)     Clear Card Table: 0.1ms
[424.990s][debug][gc,phases      ] GC(2923)     Reference Processing: 0.0ms
[424.990s][debug][gc,phases,ref  ] GC(2923)       Reconsider SoftReferences: 0.0ms
[424.990s][debug][gc,phases,ref  ] GC(2923)         SoftRef (ms):             skipped
[424.990s][debug][gc,phases,ref  ] GC(2923)       Notify Soft/WeakReferences: 0.0ms
[424.990s][debug][gc,phases,ref  ] GC(2923)         SoftRef (ms):             skipped
[424.990s][debug][gc,phases,ref  ] GC(2923)         WeakRef (ms):             skipped
[424.990s][debug][gc,phases,ref  ] GC(2923)         FinalRef (ms):            skipped
[424.990s][debug][gc,phases,ref  ] GC(2923)         Total (ms):               skipped
[424.990s][debug][gc,phases,ref  ] GC(2923)       Notify and keep alive finalizable: 0.0ms
[424.990s][debug][gc,phases,ref  ] GC(2923)         FinalRef (ms):            skipped
[424.990s][debug][gc,phases,ref  ] GC(2923)       Notify PhantomReferences: 0.0ms
[424.990s][debug][gc,phases,ref  ] GC(2923)         PhantomRef (ms):          skipped
[424.990s][debug][gc,phases,ref  ] GC(2923)       SoftReference:
[424.990s][debug][gc,phases,ref  ] GC(2923)         Discovered: 0
[424.990s][debug][gc,phases,ref  ] GC(2923)         Cleared: 0
[424.990s][debug][gc,phases,ref  ] GC(2923)       WeakReference:
[424.990s][debug][gc,phases,ref  ] GC(2923)         Discovered: 0
[424.990s][debug][gc,phases,ref  ] GC(2923)         Cleared: 0
[424.990s][debug][gc,phases,ref  ] GC(2923)       FinalReference:
[424.990s][debug][gc,phases,ref  ] GC(2923)         Discovered: 0
[424.990s][debug][gc,phases,ref  ] GC(2923)         Cleared: 0
[424.990s][debug][gc,phases,ref  ] GC(2923)       PhantomReference:
[424.990s][debug][gc,phases,ref  ] GC(2923)         Discovered: 0
[424.990s][debug][gc,phases,ref  ] GC(2923)         Cleared: 0
[424.990s][debug][gc,phases      ] GC(2923)     Weak Processing: 0.1ms
[424.990s][debug][gc,phases      ] GC(2923)       JVMTI weak processing: 0.0ms
[424.990s][debug][gc,phases      ] GC(2923)         Dead: 0
[424.990s][debug][gc,phases      ] GC(2923)         Total: 0
[424.990s][debug][gc,phases      ] GC(2923)       JFR weak processing: 0.0ms
[424.990s][debug][gc,phases      ] GC(2923)         Dead: 0
[424.990s][debug][gc,phases      ] GC(2923)         Total: 0
[424.990s][debug][gc,phases      ] GC(2923)       JNI weak                  Min:  0.0, Avg:  0.0, Max:  0.0, Diff:  0.0, Sum:  0.0, Workers: 5
[424.990s][debug][gc,phases      ] GC(2923)         Dead                      Min: 0, Avg:  0.0, Max: 0, Diff: 0, Sum: 0, Workers: 5
[424.990s][debug][gc,phases      ] GC(2923)         Total                     Min: 0, Avg: 13.6, Max: 68, Diff: 68, Sum: 68, Workers: 5
[424.990s][debug][gc,phases      ] GC(2923)       VM weak                   Min:  0.0, Avg:  0.0, Max:  0.0, Diff:  0.0, Sum:  0.0, Workers: 5
[424.990s][debug][gc,phases      ] GC(2923)         Dead                      Min: 0, Avg:  0.0, Max: 0, Diff: 0, Sum: 0, Workers: 5
[424.990s][debug][gc,phases      ] GC(2923)         Total                     Min: 0, Avg: 42.6, Max: 213, Diff: 213, Sum: 213, Workers: 5
[424.990s][debug][gc,phases      ] GC(2923)       StringTable weak          Min:  0.0, Avg:  0.0, Max:  0.0, Diff:  0.0, Sum:  0.0, Workers: 5
[424.990s][debug][gc,phases      ] GC(2923)         Dead                      Min: 0, Avg:  0.0, Max: 0, Diff: 0, Sum: 0, Workers: 5
[424.990s][debug][gc,phases      ] GC(2923)         Total                     Min: 0, Avg: 682.0, Max: 2706, Diff: 2706, Sum: 3410, Workers: 5
[424.990s][debug][gc,phases      ] GC(2923)       ResolvedMethodTable weak  Min:  0.0, Avg:  0.0, Max:  0.0, Diff:  0.0, Sum:  0.0, Workers: 5
[424.990s][debug][gc,phases      ] GC(2923)         Dead                      Min: 0, Avg:  0.0, Max: 0, Diff: 0, Sum: 0, Workers: 5
[424.990s][debug][gc,phases      ] GC(2923)         Total                     Min: 0, Avg: 114.8, Max: 320, Diff: 320, Sum: 574, Workers: 5
[424.990s][debug][gc,phases      ] GC(2923)     Merge Per-Thread State: 0.0ms
[424.990s][debug][gc,phases      ] GC(2923)       Copied Bytes              Min: 24, Avg: 68.0, Max: 176, Diff: 152, Sum: 544, Workers: 8
[424.990s][debug][gc,phases      ] GC(2923)       LAB Waste                 Min: 0, Avg:  0.0, Max: 0, Diff: 0, Sum: 0, Workers: 8
[424.990s][debug][gc,phases      ] GC(2923)       LAB Undo Waste            Min: 0, Avg:  0.0, Max: 0, Diff: 0, Sum: 0, Workers: 8
[424.990s][debug][gc,phases      ] GC(2923)     Code Roots Purge: 0.0ms
[424.990s][debug][gc,phases      ] GC(2923)     Redirty Cards: 0.0ms
[424.990s][debug][gc,phases      ] GC(2923)     DerivedPointerTable Update: 0.0ms
[424.990s][debug][gc,phases      ] GC(2923)     Free Collection Set: 0.1ms
[424.990s][debug][gc,phases      ] GC(2923)     Rebuild Free List: 0.0ms
[424.990s][debug][gc,phases      ] GC(2923)     Humongous Reclaim: 0.0ms
[424.990s][debug][gc,phases      ] GC(2923)     Start New Collection Set: 0.0ms
[424.990s][debug][gc,phases      ] GC(2923)     Resize TLABs: 0.0ms
[424.990s][debug][gc,phases      ] GC(2923)     Expand Heap After Collection: 0.0ms
[424.990s][info ][gc,phases      ] GC(2923)   Other: 0.3ms
[424.990s][info ][gc,heap        ] GC(2923) Eden regions: 180->0(180)
[424.990s][info ][gc,heap        ] GC(2923) Survivor regions: 1->1(23)
[424.990s][info ][gc,heap        ] GC(2923) Old regions: 7->7
[424.990s][info ][gc,heap        ] GC(2923) Archive regions: 2->2
[424.990s][info ][gc,heap        ] GC(2923) Humongous regions: 0->0
[424.990s][info ][gc,metaspace   ] GC(2923) Metaspace: 9905K(10624K)->9905K(10624K) NonClass: 8758K(9216K)->8758K(9216K) Class: 1146K(1408K)->1146K(1408K)
[424.990s][debug][gc,heap        ] GC(2923) Heap after GC invocations=2924 (full 1): garbage-first heap   total 309248K, used 4073K [0x0000000700000000, 0x0000000800000000)
[424.990s][debug][gc,heap        ] GC(2923)   region size 1024K, 1 young (1024K), 1 survivors (1024K)
[424.990s][debug][gc,heap        ] GC(2923)  Metaspace       used 9905K, capacity 10179K, committed 10624K, reserved 1058816K
[424.990s][debug][gc,heap        ] GC(2923)   class space    used 1146K, capacity 1267K, committed 1408K, reserved 1048576K
[424.990s][info ][gc             ] GC(2923) Pause Young (Normal) (G1 Evacuation Pause) 183M->3M(302M) 1.563ms
[424.990s][info ][gc,cpu         ] GC(2923) User=0.00s Sys=0.01s Real=0.00s
[424.990s][info ][safepoint      ] Safepoint "G1CollectForAllocation", Time since last: 150607517 ns, Reaching safepoint: 150368 ns, At safepoint: 1748525 ns, Total: 1898893 ns
[425.139s][debug][gc,heap        ] GC(2924) Heap before GC invocations=2924 (full 1): garbage-first heap   total 309248K, used 188393K [0x0000000700000000, 0x0000000800000000)
[425.139s][debug][gc,heap        ] GC(2924)   region size 1024K, 181 young (185344K), 1 survivors (1024K)
[425.139s][debug][gc,heap        ] GC(2924)  Metaspace       used 9905K, capacity 10179K, committed 10624K, reserved 1058816K
[425.139s][debug][gc,heap        ] GC(2924)   class space    used 1146K, capacity 1267K, committed 1408K, reserved 1048576K
[425.139s][info ][gc,start       ] GC(2924) Pause Young (Normal) (G1 Evacuation Pause)
[425.139s][info ][gc,task        ] GC(2924) Using 8 workers of 8 for evacuation
[425.139s][debug][gc,tlab        ] GC(2924) TLAB totals: thrds: 8  refills: 724 max: 96 slow allocs: 0 max 0 waste:  0.8% gc: 1147968B max: 332552B slow: 421312B max: 56488B fast: 0B max: 0B
[425.139s][debug][gc,age         ] GC(2924) Desired survivor size 12058624 bytes, new threshold 15 (max threshold 15)
[425.139s][debug][gc,alloc,region] GC(2924) Mutator Allocation stats, regions: 180, wasted size: 0B ( 0.0%)
[425.139s][debug][gc,ergo        ] GC(2924) Running G1 Merge Heap Roots using 8 workers for 181 regions
[425.140s][debug][gc,remset      ] GC(2924) Visited cards 256 Total dirty 2048 (12.50%) Total old 759808 (0.03%)
[425.140s][debug][gc,ergo        ] GC(2924) Running G1 Clear Card Table Task using 1 workers for 1 units of work for 182 regions.
[425.140s][debug][gc,ref         ] GC(2924) Skipped phase1 of Reference Processing due to unavailable references
[425.140s][debug][gc,ref         ] GC(2924) Skipped phase2 of Reference Processing due to unavailable references
[425.140s][debug][gc,ref         ] GC(2924) Skipped phase3 of Reference Processing due to unavailable references
[425.140s][debug][gc,ref         ] GC(2924) Skipped phase4 of Reference Processing due to unavailable references
[425.140s][debug][gc,ergo        ] GC(2924) Running G1 Free Collection Set using 8 workers for collection set length 181 (302)
[425.140s][debug][gc,ergo        ] GC(2924) Running G1 Rebuild Free List Task using 8 workers for rebuilding free list of 0 (4096) regions
[425.140s][trace][gc,age         ] GC(2924) Age table with threshold 15 (max threshold 15)
[425.140s][trace][gc,age         ] GC(2924) - age   1:        648 bytes,        648 total
[425.140s][debug][gc,plab        ] GC(2924) Young PLAB allocation: allocated: 16512B, wasted: 0B, unused: 15864B, used: 648B, undo waste: 0B, 
[425.140s][debug][gc,plab        ] GC(2924) Young other allocation: region end waste: 0B, regions filled: 1, direct allocated: 0B, failure used: 0B, failure wasted: 0B
[425.140s][debug][gc,plab        ] GC(2924) Young sizing: calculated: 128B, actual: 2064B
[425.140s][debug][gc,plab        ] GC(2924) Old PLAB allocation: allocated: 0B, wasted: 0B, unused: 0B, used: 0B, undo waste: 0B, 
[425.140s][debug][gc,plab        ] GC(2924) Old other allocation: region end waste: 0B, regions filled: 1, direct allocated: 0B, failure used: 0B, failure wasted: 0B
[425.140s][debug][gc,plab        ] GC(2924) Old sizing: calculated: 0B, actual: 2064B
[425.140s][debug][gc,ihop        ] GC(2924) Basic information (value update), threshold: 142501478B (45.00), target occupancy: 316669952B, current occupancy: 4171256B, recent allocation size: 0B, recent allocation duration: 149.96ms, recent old gen allocation rate: 0.00B/s, recent marking phase length: 0.00ms
[425.140s][debug][gc,ihop        ] GC(2924) Adaptive IHOP information (value update), threshold: 142501478B (47.37), internal target occupancy: 300836454B, occupancy: 4171256B, additional buffer size: 189792256B, predicted old gen allocation rate: 0.00B/s, predicted marking phase length: 0.00ms, prediction active: false
[425.140s][debug][gc,ergo,refine ] GC(2924) Concurrent refinement times: Logged Cards Scan time goal: 20.00ms Logged Cards Scan time: 0.00ms HCC time: 0.00ms
[425.140s][debug][gc,ergo,refine ] GC(2924) Updated Refinement Zones: green: 2048, yellow: 6144, red: 10240
[425.140s][info ][gc,phases      ] GC(2924)   Pre Evacuate Collection Set: 0.2ms
[425.140s][debug][gc,phases      ] GC(2924)     Prepare TLABs: 0.0ms
[425.140s][debug][gc,phases      ] GC(2924)     Choose Collection Set: 0.0ms
[425.140s][debug][gc,phases      ] GC(2924)     Region Register: 0.2ms
[425.140s][debug][gc,phases      ] GC(2924)     Prepare Heap Roots: 0.0ms
[425.140s][info ][gc,phases      ] GC(2924)   Merge Heap Roots: 0.1ms
[425.140s][debug][gc,phases      ] GC(2924)     Prepare Merge Heap Roots: 0.0ms
[425.140s][debug][gc,phases      ] GC(2924)     Eager Reclaim (ms):       skipped
[425.140s][debug][gc,phases      ] GC(2924)     Remembered Sets (ms):     Min:  0.0, Avg:  0.0, Max:  0.0, Diff:  0.0, Sum:  0.0, Workers: 8
[425.140s][debug][gc,phases      ] GC(2924)       Merged Sparse:            Min: 0, Avg:  0.0, Max: 0, Diff: 0, Sum: 0, Workers: 8
[425.140s][debug][gc,phases      ] GC(2924)       Merged Fine:              Min: 0, Avg:  0.0, Max: 0, Diff: 0, Sum: 0, Workers: 8
[425.140s][debug][gc,phases      ] GC(2924)       Merged Coarse:            Min: 0, Avg:  0.0, Max: 0, Diff: 0, Sum: 0, Workers: 8
[425.140s][debug][gc,phases      ] GC(2924)       Dirty Cards:              Min: 0, Avg:  0.0, Max: 0, Diff: 0, Sum: 0, Workers: 8
[425.140s][debug][gc,phases      ] GC(2924)     Hot Card Cache (ms):      Min:  0.0, Avg:  0.0, Max:  0.0, Diff:  0.0, Sum:  0.0, Workers: 8
[425.140s][debug][gc,phases      ] GC(2924)       Dirty Cards:              Min: 0, Avg:  0.0, Max: 0, Diff: 0, Sum: 0, Workers: 8
[425.140s][debug][gc,phases      ] GC(2924)       Skipped Cards:            Min: 0, Avg:  0.0, Max: 0, Diff: 0, Sum: 0, Workers: 8
[425.140s][debug][gc,phases      ] GC(2924)     Log Buffers (ms):         Min:  0.0, Avg:  0.0, Max:  0.0, Diff:  0.0, Sum:  0.0, Workers: 8
[425.140s][debug][gc,phases      ] GC(2924)       Dirty Cards:              Min: 0, Avg:  0.1, Max: 1, Diff: 1, Sum: 1, Workers: 8
[425.140s][debug][gc,phases      ] GC(2924)       Skipped Cards:            Min: 0, Avg:  0.0, Max: 0, Diff: 0, Sum: 0, Workers: 8
[425.140s][info ][gc,phases      ] GC(2924)   Evacuate Collection Set: 0.1ms
[425.140s][debug][gc,phases      ] GC(2924)     Ext Root Scanning (ms):   Min:  0.0, Avg:  0.0, Max:  0.1, Diff:  0.0, Sum:  0.2, Workers: 8
[425.140s][debug][gc,phases      ] GC(2924)     Scan Heap Roots (ms):     Min:  0.0, Avg:  0.0, Max:  0.0, Diff:  0.0, Sum:  0.0, Workers: 8
[425.140s][debug][gc,phases      ] GC(2924)       Scanned Cards:            Min: 0, Avg:  0.1, Max: 1, Diff: 1, Sum: 1, Workers: 8
[425.140s][debug][gc,phases      ] GC(2924)       Scanned Blocks:           Min: 0, Avg:  0.1, Max: 1, Diff: 1, Sum: 1, Workers: 8
[425.140s][debug][gc,phases      ] GC(2924)       Claimed Chunks:           Min: 0, Avg:  0.1, Max: 1, Diff: 1, Sum: 1, Workers: 8
[425.140s][debug][gc,phases      ] GC(2924)     Code Root Scan (ms):      Min:  0.0, Avg:  0.0, Max:  0.0, Diff:  0.0, Sum:  0.0, Workers: 8
[425.140s][debug][gc,phases      ] GC(2924)     Object Copy (ms):         Min:  0.0, Avg:  0.0, Max:  0.0, Diff:  0.0, Sum:  0.0, Workers: 8
[425.140s][debug][gc,phases      ] GC(2924)     Termination (ms):         Min:  0.0, Avg:  0.0, Max:  0.1, Diff:  0.0, Sum:  0.4, Workers: 8
[425.140s][debug][gc,phases      ] GC(2924)       Termination Attempts:     Min: 1, Avg:  1.0, Max: 1, Diff: 0, Sum: 8, Workers: 8
[425.140s][debug][gc,phases      ] GC(2924)     GC Worker Other (ms):     Min:  0.0, Avg:  0.0, Max:  0.0, Diff:  0.0, Sum:  0.1, Workers: 8
[425.140s][debug][gc,phases      ] GC(2924)     GC Worker Total (ms):     Min:  0.1, Avg:  0.1, Max:  0.1, Diff:  0.0, Sum:  0.8, Workers: 8
[425.140s][info ][gc,phases      ] GC(2924)   Post Evacuate Collection Set: 0.3ms
[425.140s][debug][gc,phases      ] GC(2924)     Code Roots Fixup: 0.0ms
[425.140s][debug][gc,phases      ] GC(2924)     Clear Card Table: 0.1ms
[425.140s][debug][gc,phases      ] GC(2924)     Reference Processing: 0.0ms
[425.140s][debug][gc,phases,ref  ] GC(2924)       Reconsider SoftReferences: 0.0ms
[425.140s][debug][gc,phases,ref  ] GC(2924)         SoftRef (ms):             skipped
[425.140s][debug][gc,phases,ref  ] GC(2924)       Notify Soft/WeakReferences: 0.0ms
[425.140s][debug][gc,phases,ref  ] GC(2924)         SoftRef (ms):             skipped
[425.140s][debug][gc,phases,ref  ] GC(2924)         WeakRef (ms):             skipped
[425.140s][debug][gc,phases,ref  ] GC(2924)         FinalRef (ms):            skipped
[425.140s][debug][gc,phases,ref  ] GC(2924)         Total (ms):               skipped
[425.140s][debug][gc,phases,ref  ] GC(2924)       Notify and keep alive finalizable: 0.0ms
[425.140s][debug][gc,phases,ref  ] GC(2924)         FinalRef (ms):            skipped
[425.140s][debug][gc,phases,ref  ] GC(2924)       Notify PhantomReferences: 0.0ms
[425.140s][debug][gc,phases,ref  ] GC(2924)         PhantomRef (ms):          skipped
[425.140s][debug][gc,phases,ref  ] GC(2924)       SoftReference:
[425.140s][debug][gc,phases,ref  ] GC(2924)         Discovered: 0
[425.140s][debug][gc,phases,ref  ] GC(2924)         Cleared: 0
[425.140s][debug][gc,phases,ref  ] GC(2924)       WeakReference:
[425.141s][debug][gc,phases,ref  ] GC(2924)         Discovered: 0
[425.141s][debug][gc,phases,ref  ] GC(2924)         Cleared: 0
[425.141s][debug][gc,phases,ref  ] GC(2924)       FinalReference:
[425.141s][debug][gc,phases,ref  ] GC(2924)         Discovered: 0
[425.141s][debug][gc,phases,ref  ] GC(2924)         Cleared: 0
[425.141s][debug][gc,phases,ref  ] GC(2924)       PhantomReference:
[425.141s][debug][gc,phases,ref  ] GC(2924)         Discovered: 0
[425.141s][debug][gc,phases,ref  ] GC(2924)         Cleared: 0
[425.141s][debug][gc,phases      ] GC(2924)     Weak Processing: 0.1ms
[425.141s][debug][gc,phases      ] GC(2924)       JVMTI weak processing: 0.0ms
[425.141s][debug][gc,phases      ] GC(2924)         Dead: 0
[425.141s][debug][gc,phases      ] GC(2924)         Total: 0
[425.141s][debug][gc,phases      ] GC(2924)       JFR weak processing: 0.0ms
[425.141s][debug][gc,phases      ] GC(2924)         Dead: 0
[425.141s][debug][gc,phases      ] GC(2924)         Total: 0
[425.141s][debug][gc,phases      ] GC(2924)       JNI weak                  Min:  0.0, Avg:  0.0, Max:  0.0, Diff:  0.0, Sum:  0.0, Workers: 5
[425.141s][debug][gc,phases      ] GC(2924)         Dead                      Min: 0, Avg:  0.0, Max: 0, Diff: 0, Sum: 0, Workers: 5
[425.141s][debug][gc,phases      ] GC(2924)         Total                     Min: 0, Avg: 13.6, Max: 68, Diff: 68, Sum: 68, Workers: 5
[425.141s][debug][gc,phases      ] GC(2924)       VM weak                   Min:  0.0, Avg:  0.0, Max:  0.0, Diff:  0.0, Sum:  0.0, Workers: 5
[425.141s][debug][gc,phases      ] GC(2924)         Dead                      Min: 0, Avg:  0.0, Max: 0, Diff: 0, Sum: 0, Workers: 5
[425.141s][debug][gc,phases      ] GC(2924)         Total                     Min: 0, Avg: 42.6, Max: 213, Diff: 213, Sum: 213, Workers: 5
[425.141s][debug][gc,phases      ] GC(2924)       StringTable weak          Min:  0.0, Avg:  0.0, Max:  0.0, Diff:  0.0, Sum:  0.0, Workers: 5
[425.141s][debug][gc,phases      ] GC(2924)         Dead                      Min: 0, Avg:  0.0, Max: 0, Diff: 0, Sum: 0, Workers: 5
[425.141s][debug][gc,phases      ] GC(2924)         Total                     Min: 0, Avg: 682.0, Max: 3282, Diff: 3282, Sum: 3410, Workers: 5
[425.141s][debug][gc,phases      ] GC(2924)       ResolvedMethodTable weak  Min:  0.0, Avg:  0.0, Max:  0.0, Diff:  0.0, Sum:  0.0, Workers: 5
[425.141s][debug][gc,phases      ] GC(2924)         Dead                      Min: 0, Avg:  0.0, Max: 0, Diff: 0, Sum: 0, Workers: 5
[425.141s][debug][gc,phases      ] GC(2924)         Total                     Min: 0, Avg: 114.8, Max: 190, Diff: 190, Sum: 574, Workers: 5
[425.141s][debug][gc,phases      ] GC(2924)     Merge Per-Thread State: 0.0ms
[425.141s][debug][gc,phases      ] GC(2924)       Copied Bytes              Min: 48, Avg: 81.0, Max: 144, Diff: 96, Sum: 648, Workers: 8
[425.141s][debug][gc,phases      ] GC(2924)       LAB Waste                 Min: 0, Avg:  0.0, Max: 0, Diff: 0, Sum: 0, Workers: 8
[425.141s][debug][gc,phases      ] GC(2924)       LAB Undo Waste            Min: 0, Avg:  0.0, Max: 0, Diff: 0, Sum: 0, Workers: 8
[425.141s][debug][gc,phases      ] GC(2924)     Code Roots Purge: 0.0ms
[425.141s][debug][gc,phases      ] GC(2924)     Redirty Cards: 0.0ms
[425.141s][debug][gc,phases      ] GC(2924)     DerivedPointerTable Update: 0.0ms
[425.141s][debug][gc,phases      ] GC(2924)     Free Collection Set: 0.1ms
[425.141s][debug][gc,phases      ] GC(2924)     Rebuild Free List: 0.1ms
[425.141s][debug][gc,phases      ] GC(2924)     Humongous Reclaim: 0.0ms
[425.141s][debug][gc,phases      ] GC(2924)     Start New Collection Set: 0.0ms
[425.141s][debug][gc,phases      ] GC(2924)     Resize TLABs: 0.0ms
[425.141s][debug][gc,phases      ] GC(2924)     Expand Heap After Collection: 0.0ms
[425.141s][info ][gc,phases      ] GC(2924)   Other: 0.3ms
[425.141s][info ][gc,heap        ] GC(2924) Eden regions: 180->0(180)
[425.141s][info ][gc,heap        ] GC(2924) Survivor regions: 1->1(23)
[425.141s][info ][gc,heap        ] GC(2924) Old regions: 7->7
[425.141s][info ][gc,heap        ] GC(2924) Archive regions: 2->2
[425.141s][info ][gc,heap        ] GC(2924) Humongous regions: 0->0
[425.141s][info ][gc,metaspace   ] GC(2924) Metaspace: 9905K(10624K)->9905K(10624K) NonClass: 8758K(9216K)->8758K(9216K) Class: 1146K(1408K)->1146K(1408K)
[425.141s][debug][gc,heap        ] GC(2924) Heap after GC invocations=2925 (full 1): garbage-first heap   total 309248K, used 4073K [0x0000000700000000, 0x0000000800000000)
[425.141s][debug][gc,heap        ] GC(2924)   region size 1024K, 1 young (1024K), 1 survivors (1024K)
[425.141s][debug][gc,heap        ] GC(2924)  Metaspace       used 9905K, capacity 10179K, committed 10624K, reserved 1058816K
[425.141s][debug][gc,heap        ] GC(2924)   class space    used 1146K, capacity 1267K, committed 1408K, reserved 1048576K
[425.141s][info ][gc             ] GC(2924) Pause Young (Normal) (G1 Evacuation Pause) 183M->3M(302M) 1.604ms
[425.141s][info ][gc,cpu         ] GC(2924) User=0.00s Sys=0.00s Real=0.00s
[425.141s][info ][safepoint      ] Safepoint "G1CollectForAllocation", Time since last: 148912906 ns, Reaching safepoint: 132702 ns, At safepoint: 1754135 ns, Total: 1886837 ns
[425.290s][debug][gc,heap        ] GC(2925) Heap before GC invocations=2925 (full 1): garbage-first heap   total 309248K, used 188393K [0x0000000700000000, 0x0000000800000000)
[425.290s][debug][gc,heap        ] GC(2925)   region size 1024K, 181 young (185344K), 1 survivors (1024K)
[425.290s][debug][gc,heap        ] GC(2925)  Metaspace       used 9905K, capacity 10179K, committed 10624K, reserved 1058816K
[425.290s][debug][gc,heap        ] GC(2925)   class space    used 1146K, capacity 1267K, committed 1408K, reserved 1048576K
[425.290s][info ][gc,start       ] GC(2925) Pause Young (Normal) (G1 Evacuation Pause)
[425.290s][info ][gc,task        ] GC(2925) Using 8 workers of 8 for evacuation
[425.290s][debug][gc,tlab        ] GC(2925) TLAB totals: thrds: 8  refills: 721 max: 93 slow allocs: 0 max 0 waste:  1.0% gc: 1497424B max: 413416B slow: 417656B max: 54136B fast: 0B max: 0B
[425.290s][debug][gc,age         ] GC(2925) Desired survivor size 12058624 bytes, new threshold 15 (max threshold 15)
[425.290s][debug][gc,alloc,region] GC(2925) Mutator Allocation stats, regions: 180, wasted size: 0B ( 0.0%)
[425.290s][debug][gc,ergo        ] GC(2925) Running G1 Merge Heap Roots using 8 workers for 181 regions
[425.290s][debug][gc,remset      ] GC(2925) Visited cards 256 Total dirty 2048 (12.50%) Total old 759808 (0.03%)
[425.290s][debug][gc,ergo        ] GC(2925) Running G1 Clear Card Table Task using 1 workers for 1 units of work for 182 regions.
[425.290s][debug][gc,ref         ] GC(2925) Skipped phase1 of Reference Processing due to unavailable references
[425.290s][debug][gc,ref         ] GC(2925) Skipped phase2 of Reference Processing due to unavailable references
[425.290s][debug][gc,ref         ] GC(2925) Skipped phase3 of Reference Processing due to unavailable references
[425.290s][debug][gc,ref         ] GC(2925) Skipped phase4 of Reference Processing due to unavailable references
[425.290s][debug][gc,ergo        ] GC(2925) Running G1 Free Collection Set using 8 workers for collection set length 181 (302)
[425.290s][debug][gc,ergo        ] GC(2925) Running G1 Rebuild Free List Task using 8 workers for rebuilding free list of 0 (4096) regions
[425.291s][trace][gc,age         ] GC(2925) Age table with threshold 15 (max threshold 15)
[425.291s][trace][gc,age         ] GC(2925) - age   1:        672 bytes,        672 total
[425.291s][debug][gc,plab        ] GC(2925) Young PLAB allocation: allocated: 12384B, wasted: 0B, unused: 11712B, used: 672B, undo waste: 0B, 
[425.291s][debug][gc,plab        ] GC(2925) Young other allocation: region end waste: 0B, regions filled: 1, direct allocated: 0B, failure used: 0B, failure wasted: 0B
[425.291s][debug][gc,plab        ] GC(2925) Young sizing: calculated: 128B, actual: 2064B
[425.291s][debug][gc,plab        ] GC(2925) Old PLAB allocation: allocated: 0B, wasted: 0B, unused: 0B, used: 0B, undo waste: 0B, 
[425.291s][debug][gc,plab        ] GC(2925) Old other allocation: region end waste: 0B, regions filled: 1, direct allocated: 0B, failure used: 0B, failure wasted: 0B
[425.291s][debug][gc,plab        ] GC(2925) Old sizing: calculated: 0B, actual: 2064B
[425.291s][debug][gc,ihop        ] GC(2925) Basic information (value update), threshold: 142501478B (45.00), target occupancy: 316669952B, current occupancy: 4167128B, recent allocation size: 0B, recent allocation duration: 149.62ms, recent old gen allocation rate: 0.00B/s, recent marking phase length: 0.00ms
[425.291s][debug][gc,ihop        ] GC(2925) Adaptive IHOP information (value update), threshold: 142501478B (47.37), internal target occupancy: 300836454B, occupancy: 4167128B, additional buffer size: 189792256B, predicted old gen allocation rate: 0.00B/s, predicted marking phase length: 0.00ms, prediction active: false
[425.291s][debug][gc,ergo,refine ] GC(2925) Concurrent refinement times: Logged Cards Scan time goal: 20.00ms Logged Cards Scan time: 0.00ms HCC time: 0.00ms
[425.291s][debug][gc,ergo,refine ] GC(2925) Updated Refinement Zones: green: 2048, yellow: 6144, red: 10240
[425.291s][info ][gc,phases      ] GC(2925)   Pre Evacuate Collection Set: 0.1ms
[425.291s][debug][gc,phases      ] GC(2925)     Prepare TLABs: 0.0ms
[425.291s][debug][gc,phases      ] GC(2925)     Choose Collection Set: 0.0ms
[425.291s][debug][gc,phases      ] GC(2925)     Region Register: 0.1ms
[425.291s][debug][gc,phases      ] GC(2925)     Prepare Heap Roots: 0.0ms
[425.291s][info ][gc,phases      ] GC(2925)   Merge Heap Roots: 0.2ms
[425.291s][debug][gc,phases      ] GC(2925)     Prepare Merge Heap Roots: 0.0ms
[425.291s][debug][gc,phases      ] GC(2925)     Eager Reclaim (ms):       skipped
[425.291s][debug][gc,phases      ] GC(2925)     Remembered Sets (ms):     Min:  0.0, Avg:  0.0, Max:  0.0, Diff:  0.0, Sum:  0.1, Workers: 8
[425.291s][debug][gc,phases      ] GC(2925)       Merged Sparse:            Min: 0, Avg:  0.0, Max: 0, Diff: 0, Sum: 0, Workers: 8
[425.291s][debug][gc,phases      ] GC(2925)       Merged Fine:              Min: 0, Avg:  0.0, Max: 0, Diff: 0, Sum: 0, Workers: 8
[425.291s][debug][gc,phases      ] GC(2925)       Merged Coarse:            Min: 0, Avg:  0.0, Max: 0, Diff: 0, Sum: 0, Workers: 8
[425.291s][debug][gc,phases      ] GC(2925)       Dirty Cards:              Min: 0, Avg:  0.0, Max: 0, Diff: 0, Sum: 0, Workers: 8
[425.291s][debug][gc,phases      ] GC(2925)     Hot Card Cache (ms):      Min:  0.0, Avg:  0.0, Max:  0.0, Diff:  0.0, Sum:  0.0, Workers: 8
[425.291s][debug][gc,phases      ] GC(2925)       Dirty Cards:              Min: 0, Avg:  0.0, Max: 0, Diff: 0, Sum: 0, Workers: 8
[425.291s][debug][gc,phases      ] GC(2925)       Skipped Cards:            Min: 0, Avg:  0.0, Max: 0, Diff: 0, Sum: 0, Workers: 8
[425.291s][debug][gc,phases      ] GC(2925)     Log Buffers (ms):         Min:  0.0, Avg:  0.0, Max:  0.0, Diff:  0.0, Sum:  0.0, Workers: 8
[425.291s][debug][gc,phases      ] GC(2925)       Dirty Cards:              Min: 0, Avg:  0.1, Max: 1, Diff: 1, Sum: 1, Workers: 8
[425.291s][debug][gc,phases      ] GC(2925)       Skipped Cards:            Min: 0, Avg:  0.0, Max: 0, Diff: 0, Sum: 0, Workers: 8
[425.291s][info ][gc,phases      ] GC(2925)   Evacuate Collection Set: 0.2ms
[425.291s][debug][gc,phases      ] GC(2925)     Ext Root Scanning (ms):   Min:  0.0, Avg:  0.0, Max:  0.1, Diff:  0.1, Sum:  0.2, Workers: 8
[425.291s][debug][gc,phases      ] GC(2925)     Scan Heap Roots (ms):     Min:  0.0, Avg:  0.0, Max:  0.0, Diff:  0.0, Sum:  0.0, Workers: 8
[425.291s][debug][gc,phases      ] GC(2925)       Scanned Cards:            Min: 0, Avg:  0.1, Max: 1, Diff: 1, Sum: 1, Workers: 8
[425.291s][debug][gc,phases      ] GC(2925)       Scanned Blocks:           Min: 0, Avg:  0.1, Max: 1, Diff: 1, Sum: 1, Workers: 8
[425.291s][debug][gc,phases      ] GC(2925)       Claimed Chunks:           Min: 0, Avg:  0.1, Max: 1, Diff: 1, Sum: 1, Workers: 8
[425.291s][debug][gc,phases      ] GC(2925)     Code Root Scan (ms):      Min:  0.0, Avg:  0.0, Max:  0.0, Diff:  0.0, Sum:  0.0, Workers: 8
[425.291s][debug][gc,phases      ] GC(2925)     Object Copy (ms):         Min:  0.0, Avg:  0.0, Max:  0.0, Diff:  0.0, Sum:  0.0, Workers: 8
[425.291s][debug][gc,phases      ] GC(2925)     Termination (ms):         Min:  0.1, Avg:  0.1, Max:  0.1, Diff:  0.0, Sum:  0.8, Workers: 8
[425.291s][debug][gc,phases      ] GC(2925)       Termination Attempts:     Min: 1, Avg:  1.0, Max: 1, Diff: 0, Sum: 8, Workers: 8
[425.291s][debug][gc,phases      ] GC(2925)     GC Worker Other (ms):     Min:  0.0, Avg:  0.0, Max:  0.0, Diff:  0.0, Sum:  0.1, Workers: 8
[425.291s][debug][gc,phases      ] GC(2925)     GC Worker Total (ms):     Min:  0.1, Avg:  0.1, Max:  0.2, Diff:  0.1, Sum:  1.2, Workers: 8
[425.291s][info ][gc,phases      ] GC(2925)   Post Evacuate Collection Set: 0.3ms
[425.291s][debug][gc,phases      ] GC(2925)     Code Roots Fixup: 0.0ms
[425.291s][debug][gc,phases      ] GC(2925)     Clear Card Table: 0.1ms
[425.291s][debug][gc,phases      ] GC(2925)     Reference Processing: 0.0ms
[425.291s][debug][gc,phases,ref  ] GC(2925)       Reconsider SoftReferences: 0.0ms
[425.291s][debug][gc,phases,ref  ] GC(2925)         SoftRef (ms):             skipped
[425.291s][debug][gc,phases,ref  ] GC(2925)       Notify Soft/WeakReferences: 0.0ms
[425.291s][debug][gc,phases,ref  ] GC(2925)         SoftRef (ms):             skipped
[425.291s][debug][gc,phases,ref  ] GC(2925)         WeakRef (ms):             skipped
[425.291s][debug][gc,phases,ref  ] GC(2925)         FinalRef (ms):            skipped
[425.291s][debug][gc,phases,ref  ] GC(2925)         Total (ms):               skipped
[425.291s][debug][gc,phases,ref  ] GC(2925)       Notify and keep alive finalizable: 0.0ms
[425.291s][debug][gc,phases,ref  ] GC(2925)         FinalRef (ms):            skipped
[425.291s][debug][gc,phases,ref  ] GC(2925)       Notify PhantomReferences: 0.0ms
[425.291s][debug][gc,phases,ref  ] GC(2925)         PhantomRef (ms):          skipped
[425.291s][debug][gc,phases,ref  ] GC(2925)       SoftReference:
[425.291s][debug][gc,phases,ref  ] GC(2925)         Discovered: 0
[425.291s][debug][gc,phases,ref  ] GC(2925)         Cleared: 0
[425.291s][debug][gc,phases,ref  ] GC(2925)       WeakReference:
[425.291s][debug][gc,phases,ref  ] GC(2925)         Discovered: 0
[425.291s][debug][gc,phases,ref  ] GC(2925)         Cleared: 0
[425.291s][debug][gc,phases,ref  ] GC(2925)       FinalReference:
[425.291s][debug][gc,phases,ref  ] GC(2925)         Discovered: 0
[425.291s][debug][gc,phases,ref  ] GC(2925)         Cleared: 0
[425.291s][debug][gc,phases,ref  ] GC(2925)       PhantomReference:
[425.291s][debug][gc,phases,ref  ] GC(2925)         Discovered: 0
[425.291s][debug][gc,phases,ref  ] GC(2925)         Cleared: 0
[425.291s][debug][gc,phases      ] GC(2925)     Weak Processing: 0.0ms
[425.291s][debug][gc,phases      ] GC(2925)       JVMTI weak processing: 0.0ms
[425.291s][debug][gc,phases      ] GC(2925)         Dead: 0
[425.291s][debug][gc,phases      ] GC(2925)         Total: 0
[425.291s][debug][gc,phases      ] GC(2925)       JFR weak processing: 0.0ms
[425.291s][debug][gc,phases      ] GC(2925)         Dead: 0
[425.291s][debug][gc,phases      ] GC(2925)         Total: 0
[425.291s][debug][gc,phases      ] GC(2925)       JNI weak                  Min:  0.0, Avg:  0.0, Max:  0.0, Diff:  0.0, Sum:  0.0, Workers: 5
[425.291s][debug][gc,phases      ] GC(2925)         Dead                      Min: 0, Avg:  0.0, Max: 0, Diff: 0, Sum: 0, Workers: 5
[425.291s][debug][gc,phases      ] GC(2925)         Total                     Min: 0, Avg: 13.6, Max: 68, Diff: 68, Sum: 68, Workers: 5
[425.291s][debug][gc,phases      ] GC(2925)       VM weak                   Min:  0.0, Avg:  0.0, Max:  0.0, Diff:  0.0, Sum:  0.0, Workers: 5
[425.291s][debug][gc,phases      ] GC(2925)         Dead                      Min: 0, Avg:  0.0, Max: 0, Diff: 0, Sum: 0, Workers: 5
[425.291s][debug][gc,phases      ] GC(2925)         Total                     Min: 0, Avg: 42.6, Max: 213, Diff: 213, Sum: 213, Workers: 5
[425.291s][debug][gc,phases      ] GC(2925)       StringTable weak          Min:  0.0, Avg:  0.0, Max:  0.0, Diff:  0.0, Sum:  0.0, Workers: 5
[425.291s][debug][gc,phases      ] GC(2925)         Dead                      Min: 0, Avg:  0.0, Max: 0, Diff: 0, Sum: 0, Workers: 5
[425.291s][debug][gc,phases      ] GC(2925)         Total                     Min: 0, Avg: 682.0, Max: 1663, Diff: 1663, Sum: 3410, Workers: 5
[425.291s][debug][gc,phases      ] GC(2925)       ResolvedMethodTable weak  Min:  0.0, Avg:  0.0, Max:  0.0, Diff:  0.0, Sum:  0.0, Workers: 5
[425.291s][debug][gc,phases      ] GC(2925)         Dead                      Min: 0, Avg:  0.0, Max: 0, Diff: 0, Sum: 0, Workers: 5
[425.291s][debug][gc,phases      ] GC(2925)         Total                     Min: 0, Avg: 114.8, Max: 256, Diff: 256, Sum: 574, Workers: 5
[425.291s][debug][gc,phases      ] GC(2925)     Merge Per-Thread State: 0.0ms
[425.291s][debug][gc,phases      ] GC(2925)       Copied Bytes              Min: 0, Avg: 84.0, Max: 248, Diff: 248, Sum: 672, Workers: 8
[425.291s][debug][gc,phases      ] GC(2925)       LAB Waste                 Min: 0, Avg:  0.0, Max: 0, Diff: 0, Sum: 0, Workers: 8
[425.291s][debug][gc,phases      ] GC(2925)       LAB Undo Waste            Min: 0, Avg:  0.0, Max: 0, Diff: 0, Sum: 0, Workers: 8
[425.291s][debug][gc,phases      ] GC(2925)     Code Roots Purge: 0.0ms
[425.291s][debug][gc,phases      ] GC(2925)     Redirty Cards: 0.0ms
[425.291s][debug][gc,phases      ] GC(2925)     DerivedPointerTable Update: 0.0ms
[425.291s][debug][gc,phases      ] GC(2925)     Free Collection Set: 0.1ms
[425.291s][debug][gc,phases      ] GC(2925)     Rebuild Free List: 0.1ms
[425.291s][debug][gc,phases      ] GC(2925)     Humongous Reclaim: 0.0ms
[425.291s][debug][gc,phases      ] GC(2925)     Start New Collection Set: 0.0ms
[425.291s][debug][gc,phases      ] GC(2925)     Resize TLABs: 0.0ms
[425.291s][debug][gc,phases      ] GC(2925)     Expand Heap After Collection: 0.0ms
[425.291s][info ][gc,phases      ] GC(2925)   Other: 0.3ms
[425.291s][info ][gc,heap        ] GC(2925) Eden regions: 180->0(180)
[425.291s][info ][gc,heap        ] GC(2925) Survivor regions: 1->1(23)
[425.291s][info ][gc,heap        ] GC(2925) Old regions: 7->7
[425.291s][info ][gc,heap        ] GC(2925) Archive regions: 2->2
[425.291s][info ][gc,heap        ] GC(2925) Humongous regions: 0->0
[425.291s][info ][gc,metaspace   ] GC(2925) Metaspace: 9905K(10624K)->9905K(10624K) NonClass: 8758K(9216K)->8758K(9216K) Class: 1146K(1408K)->1146K(1408K)
[425.291s][debug][gc,heap        ] GC(2925) Heap after GC invocations=2926 (full 1): garbage-first heap   total 309248K, used 4069K [0x0000000700000000, 0x0000000800000000)
[425.291s][debug][gc,heap        ] GC(2925)   region size 1024K, 1 young (1024K), 1 survivors (1024K)
[425.291s][debug][gc,heap        ] GC(2925)  Metaspace       used 9905K, capacity 10179K, committed 10624K, reserved 1058816K
[425.291s][debug][gc,heap        ] GC(2925)   class space    used 1146K, capacity 1267K, committed 1408K, reserved 1048576K
[425.291s][info ][gc             ] GC(2925) Pause Young (Normal) (G1 Evacuation Pause) 183M->3M(302M) 1.546ms
[425.291s][info ][gc,cpu         ] GC(2925) User=0.01s Sys=0.00s Real=0.00s
[425.291s][info ][safepoint      ] Safepoint "G1CollectForAllocation", Time since last: 148627801 ns, Reaching safepoint: 125514 ns, At safepoint: 1713940 ns, Total: 1839454 ns
[425.437s][debug][gc,heap        ] GC(2926) Heap before GC invocations=2926 (full 1): garbage-first heap   total 309248K, used 188389K [0x0000000700000000, 0x0000000800000000)
[425.442s][debug][gc,heap        ] GC(2926)   region size 1024K, 181 young (185344K), 1 survivors (1024K)
[425.442s][debug][gc,heap        ] GC(2926)  Metaspace       used 9905K, capacity 10179K, committed 10624K, reserved 1058816K
[425.442s][debug][gc,heap        ] GC(2926)   class space    used 1146K, capacity 1267K, committed 1408K, reserved 1048576K
[425.442s][info ][gc,start       ] GC(2926) Pause Young (Normal) (G1 Evacuation Pause)
[425.442s][info ][gc,task        ] GC(2926) Using 8 workers of 8 for evacuation
[425.442s][debug][gc,tlab        ] GC(2926) TLAB totals: thrds: 8  refills: 722 max: 99 slow allocs: 0 max 0 waste:  1.1% gc: 1627760B max: 405624B slow: 417408B max: 57160B fast: 0B max: 0B
[425.442s][debug][gc,age         ] GC(2926) Desired survivor size 12058624 bytes, new threshold 15 (max threshold 15)
[425.442s][debug][gc,alloc,region] GC(2926) Mutator Allocation stats, regions: 180, wasted size: 0B ( 0.0%)
[425.442s][debug][gc,ergo        ] GC(2926) Running G1 Merge Heap Roots using 8 workers for 181 regions
[425.442s][debug][gc,remset      ] GC(2926) Visited cards 256 Total dirty 2048 (12.50%) Total old 759808 (0.03%)
[425.443s][debug][gc,ergo        ] GC(2926) Running G1 Clear Card Table Task using 1 workers for 1 units of work for 182 regions.
[425.443s][debug][gc,ref         ] GC(2926) Skipped phase1 of Reference Processing due to unavailable references
[425.443s][debug][gc,ref         ] GC(2926) Skipped phase2 of Reference Processing due to unavailable references
[425.443s][debug][gc,ref         ] GC(2926) Skipped phase3 of Reference Processing due to unavailable references
[425.443s][debug][gc,ref         ] GC(2926) Skipped phase4 of Reference Processing due to unavailable references
[425.443s][debug][gc,ergo        ] GC(2926) Running G1 Free Collection Set using 8 workers for collection set length 181 (302)
[425.443s][debug][gc,ergo        ] GC(2926) Running G1 Rebuild Free List Task using 8 workers for rebuilding free list of 0 (4096) regions
[425.443s][trace][gc,age         ] GC(2926) Age table with threshold 15 (max threshold 15)
[425.443s][trace][gc,age         ] GC(2926) - age   1:        696 bytes,        696 total
[425.443s][debug][gc,plab        ] GC(2926) Young PLAB allocation: allocated: 16512B, wasted: 0B, unused: 15816B, used: 696B, undo waste: 0B, 
[425.444s][debug][gc,plab        ] GC(2926) Young other allocation: region end waste: 0B, regions filled: 1, direct allocated: 0B, failure used: 0B, failure wasted: 0B
[425.444s][debug][gc,plab        ] GC(2926) Young sizing: calculated: 136B, actual: 2064B
[425.444s][debug][gc,plab        ] GC(2926) Old PLAB allocation: allocated: 0B, wasted: 0B, unused: 0B, used: 0B, undo waste: 0B, 
[425.444s][debug][gc,plab        ] GC(2926) Old other allocation: region end waste: 0B, regions filled: 1, direct allocated: 0B, failure used: 0B, failure wasted: 0B
[425.444s][debug][gc,plab        ] GC(2926) Old sizing: calculated: 0B, actual: 2064B
[425.444s][debug][gc,ihop        ] GC(2926) Basic information (value update), threshold: 142501478B (45.00), target occupancy: 316669952B, current occupancy: 4171256B, recent allocation size: 0B, recent allocation duration: 151.47ms, recent old gen allocation rate: 0.00B/s, recent marking phase length: 0.00ms
[425.444s][debug][gc,ihop        ] GC(2926) Adaptive IHOP information (value update), threshold: 142501478B (47.37), internal target occupancy: 300836454B, occupancy: 4171256B, additional buffer size: 189792256B, predicted old gen allocation rate: 0.00B/s, predicted marking phase length: 0.00ms, prediction active: false
[425.444s][debug][gc,ergo,refine ] GC(2926) Concurrent refinement times: Logged Cards Scan time goal: 20.00ms Logged Cards Scan time: 0.00ms HCC time: 0.00ms
[425.444s][debug][gc,ergo,refine ] GC(2926) Updated Refinement Zones: green: 2048, yellow: 6144, red: 10240
[425.444s][info ][gc,phases      ] GC(2926)   Pre Evacuate Collection Set: 0.1ms
[425.444s][debug][gc,phases      ] GC(2926)     Prepare TLABs: 0.0ms
[425.444s][debug][gc,phases      ] GC(2926)     Choose Collection Set: 0.0ms
[425.444s][debug][gc,phases      ] GC(2926)     Region Register: 0.1ms
[425.444s][debug][gc,phases      ] GC(2926)     Prepare Heap Roots: 0.0ms
[425.444s][info ][gc,phases      ] GC(2926)   Merge Heap Roots: 0.2ms
[425.444s][debug][gc,phases      ] GC(2926)     Prepare Merge Heap Roots: 0.0ms
[425.444s][debug][gc,phases      ] GC(2926)     Eager Reclaim (ms):       skipped
[425.444s][debug][gc,phases      ] GC(2926)     Remembered Sets (ms):     Min:  0.0, Avg:  0.0, Max:  0.0, Diff:  0.0, Sum:  0.1, Workers: 8
[425.444s][debug][gc,phases      ] GC(2926)       Merged Sparse:            Min: 0, Avg:  0.0, Max: 0, Diff: 0, Sum: 0, Workers: 8
[425.444s][debug][gc,phases      ] GC(2926)       Merged Fine:              Min: 0, Avg:  0.0, Max: 0, Diff: 0, Sum: 0, Workers: 8
[425.444s][debug][gc,phases      ] GC(2926)       Merged Coarse:            Min: 0, Avg:  0.0, Max: 0, Diff: 0, Sum: 0, Workers: 8
[425.444s][debug][gc,phases      ] GC(2926)       Dirty Cards:              Min: 0, Avg:  0.0, Max: 0, Diff: 0, Sum: 0, Workers: 8
[425.444s][debug][gc,phases      ] GC(2926)     Hot Card Cache (ms):      Min:  0.0, Avg:  0.0, Max:  0.0, Diff:  0.0, Sum:  0.0, Workers: 8
[425.444s][debug][gc,phases      ] GC(2926)       Dirty Cards:              Min: 0, Avg:  0.0, Max: 0, Diff: 0, Sum: 0, Workers: 8
[425.444s][debug][gc,phases      ] GC(2926)       Skipped Cards:            Min: 0, Avg:  0.0, Max: 0, Diff: 0, Sum: 0, Workers: 8
[425.444s][debug][gc,phases      ] GC(2926)     Log Buffers (ms):         Min:  0.0, Avg:  0.0, Max:  0.0, Diff:  0.0, Sum:  0.0, Workers: 8
[425.444s][debug][gc,phases      ] GC(2926)       Dirty Cards:              Min: 0, Avg:  0.1, Max: 1, Diff: 1, Sum: 1, Workers: 8
[425.444s][debug][gc,phases      ] GC(2926)       Skipped Cards:            Min: 0, Avg:  0.0, Max: 0, Diff: 0, Sum: 0, Workers: 8
[425.444s][info ][gc,phases      ] GC(2926)   Evacuate Collection Set: 0.3ms
[425.444s][debug][gc,phases      ] GC(2926)     Ext Root Scanning (ms):   Min:  0.0, Avg:  0.0, Max:  0.1, Diff:  0.0, Sum:  0.4, Workers: 8
[425.444s][debug][gc,phases      ] GC(2926)     Scan Heap Roots (ms):     Min:  0.0, Avg:  0.0, Max:  0.0, Diff:  0.0, Sum:  0.0, Workers: 8
[425.444s][debug][gc,phases      ] GC(2926)       Scanned Cards:            Min: 0, Avg:  0.1, Max: 1, Diff: 1, Sum: 1, Workers: 8
[425.444s][debug][gc,phases      ] GC(2926)       Scanned Blocks:           Min: 0, Avg:  0.1, Max: 1, Diff: 1, Sum: 1, Workers: 8
[425.444s][debug][gc,phases      ] GC(2926)       Claimed Chunks:           Min: 0, Avg:  0.1, Max: 1, Diff: 1, Sum: 1, Workers: 8
[425.444s][debug][gc,phases      ] GC(2926)     Code Root Scan (ms):      Min:  0.0, Avg:  0.0, Max:  0.0, Diff:  0.0, Sum:  0.1, Workers: 8
[425.444s][debug][gc,phases      ] GC(2926)     Object Copy (ms):         Min:  0.0, Avg:  0.0, Max:  0.0, Diff:  0.0, Sum:  0.0, Workers: 8
[425.444s][debug][gc,phases      ] GC(2926)     Termination (ms):         Min:  0.1, Avg:  0.1, Max:  0.1, Diff:  0.0, Sum:  1.0, Workers: 8
[425.444s][debug][gc,phases      ] GC(2926)       Termination Attempts:     Min: 1, Avg:  1.0, Max: 1, Diff: 0, Sum: 8, Workers: 8
[425.444s][debug][gc,phases      ] GC(2926)     GC Worker Other (ms):     Min:  0.0, Avg:  0.0, Max:  0.0, Diff:  0.0, Sum:  0.2, Workers: 8
[425.444s][debug][gc,phases      ] GC(2926)     GC Worker Total (ms):     Min:  0.2, Avg:  0.2, Max:  0.2, Diff:  0.0, Sum:  1.7, Workers: 8
[425.444s][info ][gc,phases      ] GC(2926)   Post Evacuate Collection Set: 0.7ms
[425.444s][debug][gc,phases      ] GC(2926)     Code Roots Fixup: 0.0ms
[425.444s][debug][gc,phases      ] GC(2926)     Clear Card Table: 0.1ms
[425.444s][debug][gc,phases      ] GC(2926)     Reference Processing: 0.1ms
[425.444s][debug][gc,phases,ref  ] GC(2926)       Reconsider SoftReferences: 0.0ms
[425.444s][debug][gc,phases,ref  ] GC(2926)         SoftRef (ms):             skipped
[425.444s][debug][gc,phases,ref  ] GC(2926)       Notify Soft/WeakReferences: 0.0ms
[425.444s][debug][gc,phases,ref  ] GC(2926)         SoftRef (ms):             skipped
[425.444s][debug][gc,phases,ref  ] GC(2926)         WeakRef (ms):             skipped
[425.444s][debug][gc,phases,ref  ] GC(2926)         FinalRef (ms):            skipped
[425.444s][debug][gc,phases,ref  ] GC(2926)         Total (ms):               skipped
[425.444s][debug][gc,phases,ref  ] GC(2926)       Notify and keep alive finalizable: 0.0ms
[425.444s][debug][gc,phases,ref  ] GC(2926)         FinalRef (ms):            skipped
[425.444s][debug][gc,phases,ref  ] GC(2926)       Notify PhantomReferences: 0.0ms
[425.444s][debug][gc,phases,ref  ] GC(2926)         PhantomRef (ms):          skipped
[425.444s][debug][gc,phases,ref  ] GC(2926)       SoftReference:
[425.444s][debug][gc,phases,ref  ] GC(2926)         Discovered: 0
[425.445s][debug][gc,phases,ref  ] GC(2926)         Cleared: 0
[425.445s][debug][gc,phases,ref  ] GC(2926)       WeakReference:
[425.445s][debug][gc,phases,ref  ] GC(2926)         Discovered: 0
[425.445s][debug][gc,phases,ref  ] GC(2926)         Cleared: 0
[425.445s][debug][gc,phases,ref  ] GC(2926)       FinalReference:
[425.445s][debug][gc,phases,ref  ] GC(2926)         Discovered: 0
[425.445s][debug][gc,phases,ref  ] GC(2926)         Cleared: 0
[425.445s][debug][gc,phases,ref  ] GC(2926)       PhantomReference:
[425.445s][debug][gc,phases,ref  ] GC(2926)         Discovered: 0
[425.445s][debug][gc,phases,ref  ] GC(2926)         Cleared: 0
[425.445s][debug][gc,phases      ] GC(2926)     Weak Processing: 0.1ms
[425.445s][debug][gc,phases      ] GC(2926)       JVMTI weak processing: 0.0ms
[425.445s][debug][gc,phases      ] GC(2926)         Dead: 0
[425.445s][debug][gc,phases      ] GC(2926)         Total: 0
[425.445s][debug][gc,phases      ] GC(2926)       JFR weak processing: 0.0ms
[425.445s][debug][gc,phases      ] GC(2926)         Dead: 0
[425.445s][debug][gc,phases      ] GC(2926)         Total: 0
[425.445s][debug][gc,phases      ] GC(2926)       JNI weak                  Min:  0.0, Avg:  0.0, Max:  0.0, Diff:  0.0, Sum:  0.0, Workers: 5
[425.445s][debug][gc,phases      ] GC(2926)         Dead                      Min: 0, Avg:  0.0, Max: 0, Diff: 0, Sum: 0, Workers: 5
[425.445s][debug][gc,phases      ] GC(2926)         Total                     Min: 0, Avg: 13.6, Max: 68, Diff: 68, Sum: 68, Workers: 5
[425.445s][debug][gc,phases      ] GC(2926)       VM weak                   Min:  0.0, Avg:  0.0, Max:  0.0, Diff:  0.0, Sum:  0.0, Workers: 5
[425.445s][debug][gc,phases      ] GC(2926)         Dead                      Min: 0, Avg:  0.0, Max: 0, Diff: 0, Sum: 0, Workers: 5
[425.445s][debug][gc,phases      ] GC(2926)         Total                     Min: 0, Avg: 42.6, Max: 149, Diff: 149, Sum: 213, Workers: 5
[425.445s][debug][gc,phases      ] GC(2926)       StringTable weak          Min:  0.0, Avg:  0.0, Max:  0.0, Diff:  0.0, Sum:  0.1, Workers: 5
[425.445s][debug][gc,phases      ] GC(2926)         Dead                      Min: 0, Avg:  0.0, Max: 0, Diff: 0, Sum: 0, Workers: 5
[425.445s][debug][gc,phases      ] GC(2926)         Total                     Min: 128, Avg: 682.0, Max: 1535, Diff: 1407, Sum: 3410, Workers: 5
[425.445s][debug][gc,phases      ] GC(2926)       ResolvedMethodTable weak  Min:  0.0, Avg:  0.0, Max:  0.0, Diff:  0.0, Sum:  0.0, Workers: 5
[425.445s][debug][gc,phases      ] GC(2926)         Dead                      Min: 0, Avg:  0.0, Max: 0, Diff: 0, Sum: 0, Workers: 5
[425.445s][debug][gc,phases      ] GC(2926)         Total                     Min: 0, Avg: 114.8, Max: 190, Diff: 190, Sum: 574, Workers: 5
[425.445s][debug][gc,phases      ] GC(2926)     Merge Per-Thread State: 0.0ms
[425.445s][debug][gc,phases      ] GC(2926)       Copied Bytes              Min: 24, Avg: 87.0, Max: 176, Diff: 152, Sum: 696, Workers: 8
[425.445s][debug][gc,phases      ] GC(2926)       LAB Waste                 Min: 0, Avg:  0.0, Max: 0, Diff: 0, Sum: 0, Workers: 8
[425.445s][debug][gc,phases      ] GC(2926)       LAB Undo Waste            Min: 0, Avg:  0.0, Max: 0, Diff: 0, Sum: 0, Workers: 8
[425.445s][debug][gc,phases      ] GC(2926)     Code Roots Purge: 0.0ms
[425.445s][debug][gc,phases      ] GC(2926)     Redirty Cards: 0.1ms
[425.445s][debug][gc,phases      ] GC(2926)     DerivedPointerTable Update: 0.0ms
[425.445s][debug][gc,phases      ] GC(2926)     Free Collection Set: 0.2ms
[425.445s][debug][gc,phases      ] GC(2926)     Rebuild Free List: 0.1ms
[425.445s][debug][gc,phases      ] GC(2926)     Humongous Reclaim: 0.0ms
[425.445s][debug][gc,phases      ] GC(2926)     Start New Collection Set: 0.0ms
[425.445s][debug][gc,phases      ] GC(2926)     Resize TLABs: 0.0ms
[425.445s][debug][gc,phases      ] GC(2926)     Expand Heap After Collection: 0.0ms
[425.445s][info ][gc,phases      ] GC(2926)   Other: 5.8ms
[425.445s][info ][gc,heap        ] GC(2926) Eden regions: 180->0(180)
[425.445s][info ][gc,heap        ] GC(2926) Survivor regions: 1->1(23)
[425.445s][info ][gc,heap        ] GC(2926) Old regions: 7->7
[425.445s][info ][gc,heap        ] GC(2926) Archive regions: 2->2
[425.445s][info ][gc,heap        ] GC(2926) Humongous regions: 0->0
[425.445s][info ][gc,metaspace   ] GC(2926) Metaspace: 9905K(10624K)->9905K(10624K) NonClass: 8758K(9216K)->8758K(9216K) Class: 1146K(1408K)->1146K(1408K)
[425.445s][debug][gc,heap        ] GC(2926) Heap after GC invocations=2927 (full 1): garbage-first heap   total 309248K, used 4073K [0x0000000700000000, 0x0000000800000000)
[425.445s][debug][gc,heap        ] GC(2926)   region size 1024K, 1 young (1024K), 1 survivors (1024K)
[425.445s][debug][gc,heap        ] GC(2926)  Metaspace       used 9905K, capacity 10179K, committed 10624K, reserved 1058816K
[425.445s][debug][gc,heap        ] GC(2926)   class space    used 1146K, capacity 1267K, committed 1408K, reserved 1048576K
[425.445s][info ][gc             ] GC(2926) Pause Young (Normal) (G1 Evacuation Pause) 183M->3M(302M) 3.412ms
[425.445s][info ][gc,cpu         ] GC(2926) User=0.01s Sys=0.00s Real=0.01s
[425.446s][info ][safepoint      ] Safepoint "G1CollectForAllocation", Time since last: 145072378 ns, Reaching safepoint: 121548 ns, At safepoint: 8980440 ns, Total: 9101988 ns
[425.591s][debug][gc,heap        ] GC(2927) Heap before GC invocations=2927 (full 1): garbage-first heap   total 309248K, used 188393K [0x0000000700000000, 0x0000000800000000)
[425.591s][debug][gc,heap        ] GC(2927)   region size 1024K, 181 young (185344K), 1 survivors (1024K)
[425.591s][debug][gc,heap        ] GC(2927)  Metaspace       used 9905K, capacity 10179K, committed 10624K, reserved 1058816K
[425.591s][debug][gc,heap        ] GC(2927)   class space    used 1146K, capacity 1267K, committed 1408K, reserved 1048576K
[425.591s][info ][gc,start       ] GC(2927) Pause Young (Normal) (G1 Evacuation Pause)
[425.591s][info ][gc,task        ] GC(2927) Using 8 workers of 8 for evacuation
[425.591s][debug][gc,tlab        ] GC(2927) TLAB totals: thrds: 8  refills: 722 max: 98 slow allocs: 0 max 0 waste:  0.7% gc: 932104B max: 331016B slow: 418288B max: 57480B fast: 0B max: 0B
[425.591s][debug][gc,age         ] GC(2927) Desired survivor size 12058624 bytes, new threshold 15 (max threshold 15)
[425.591s][debug][gc,alloc,region] GC(2927) Mutator Allocation stats, regions: 180, wasted size: 0B ( 0.0%)
[425.591s][debug][gc,ergo        ] GC(2927) Running G1 Merge Heap Roots using 8 workers for 181 regions
[425.592s][debug][gc,remset      ] GC(2927) Visited cards 256 Total dirty 2048 (12.50%) Total old 759808 (0.03%)
[425.592s][debug][gc,ergo        ] GC(2927) Running G1 Clear Card Table Task using 1 workers for 1 units of work for 182 regions.
[425.592s][debug][gc,ref         ] GC(2927) Skipped phase1 of Reference Processing due to unavailable references
[425.592s][debug][gc,ref         ] GC(2927) Skipped phase2 of Reference Processing due to unavailable references
[425.592s][debug][gc,ref         ] GC(2927) Skipped phase3 of Reference Processing due to unavailable references
[425.592s][debug][gc,ref         ] GC(2927) Skipped phase4 of Reference Processing due to unavailable references
[425.592s][debug][gc,ergo        ] GC(2927) Running G1 Free Collection Set using 8 workers for collection set length 181 (302)
[425.592s][debug][gc,ergo        ] GC(2927) Running G1 Rebuild Free List Task using 8 workers for rebuilding free list of 0 (4096) regions
[425.592s][trace][gc,age         ] GC(2927) Age table with threshold 15 (max threshold 15)
[425.592s][trace][gc,age         ] GC(2927) - age   1:        648 bytes,        648 total
[425.592s][debug][gc,plab        ] GC(2927) Young PLAB allocation: allocated: 10320B, wasted: 0B, unused: 9672B, used: 648B, undo waste: 0B, 
[425.592s][debug][gc,plab        ] GC(2927) Young other allocation: region end waste: 0B, regions filled: 1, direct allocated: 0B, failure used: 0B, failure wasted: 0B
[425.592s][debug][gc,plab        ] GC(2927) Young sizing: calculated: 128B, actual: 2064B
[425.592s][debug][gc,plab        ] GC(2927) Old PLAB allocation: allocated: 0B, wasted: 0B, unused: 0B, used: 0B, undo waste: 0B, 
[425.592s][debug][gc,plab        ] GC(2927) Old other allocation: region end waste: 0B, regions filled: 1, direct allocated: 0B, failure used: 0B, failure wasted: 0B
[425.592s][debug][gc,plab        ] GC(2927) Old sizing: calculated: 0B, actual: 2064B
[425.592s][debug][gc,ihop        ] GC(2927) Basic information (value update), threshold: 142501478B (45.00), target occupancy: 316669952B, current occupancy: 4165064B, recent allocation size: 0B, recent allocation duration: 147.77ms, recent old gen allocation rate: 0.00B/s, recent marking phase length: 0.00ms
[425.592s][debug][gc,ihop        ] GC(2927) Adaptive IHOP information (value update), threshold: 142501478B (47.37), internal target occupancy: 300836454B, occupancy: 4165064B, additional buffer size: 189792256B, predicted old gen allocation rate: 0.00B/s, predicted marking phase length: 0.00ms, prediction active: false
[425.592s][debug][gc,ergo,refine ] GC(2927) Concurrent refinement times: Logged Cards Scan time goal: 20.00ms Logged Cards Scan time: 0.00ms HCC time: 0.00ms
[425.592s][debug][gc,ergo,refine ] GC(2927) Updated Refinement Zones: green: 2048, yellow: 6144, red: 10240
[425.592s][info ][gc,phases      ] GC(2927)   Pre Evacuate Collection Set: 0.1ms
[425.592s][debug][gc,phases      ] GC(2927)     Prepare TLABs: 0.0ms
[425.592s][debug][gc,phases      ] GC(2927)     Choose Collection Set: 0.0ms
[425.592s][debug][gc,phases      ] GC(2927)     Region Register: 0.1ms
[425.592s][debug][gc,phases      ] GC(2927)     Prepare Heap Roots: 0.0ms
[425.592s][info ][gc,phases      ] GC(2927)   Merge Heap Roots: 0.1ms
[425.592s][debug][gc,phases      ] GC(2927)     Prepare Merge Heap Roots: 0.0ms
[425.592s][debug][gc,phases      ] GC(2927)     Eager Reclaim (ms):       skipped
[425.592s][debug][gc,phases      ] GC(2927)     Remembered Sets (ms):     Min:  0.0, Avg:  0.0, Max:  0.0, Diff:  0.0, Sum:  0.0, Workers: 8
[425.592s][debug][gc,phases      ] GC(2927)       Merged Sparse:            Min: 0, Avg:  0.0, Max: 0, Diff: 0, Sum: 0, Workers: 8
[425.592s][debug][gc,phases      ] GC(2927)       Merged Fine:              Min: 0, Avg:  0.0, Max: 0, Diff: 0, Sum: 0, Workers: 8
[425.592s][debug][gc,phases      ] GC(2927)       Merged Coarse:            Min: 0, Avg:  0.0, Max: 0, Diff: 0, Sum: 0, Workers: 8
[425.592s][debug][gc,phases      ] GC(2927)       Dirty Cards:              Min: 0, Avg:  0.0, Max: 0, Diff: 0, Sum: 0, Workers: 8
[425.592s][debug][gc,phases      ] GC(2927)     Hot Card Cache (ms):      Min:  0.0, Avg:  0.0, Max:  0.0, Diff:  0.0, Sum:  0.0, Workers: 8
[425.592s][debug][gc,phases      ] GC(2927)       Dirty Cards:              Min: 0, Avg:  0.0, Max: 0, Diff: 0, Sum: 0, Workers: 8
[425.592s][debug][gc,phases      ] GC(2927)       Skipped Cards:            Min: 0, Avg:  0.0, Max: 0, Diff: 0, Sum: 0, Workers: 8
[425.592s][debug][gc,phases      ] GC(2927)     Log Buffers (ms):         Min:  0.0, Avg:  0.0, Max:  0.0, Diff:  0.0, Sum:  0.0, Workers: 8
[425.592s][debug][gc,phases      ] GC(2927)       Dirty Cards:              Min: 0, Avg:  0.1, Max: 1, Diff: 1, Sum: 1, Workers: 8
[425.592s][debug][gc,phases      ] GC(2927)       Skipped Cards:            Min: 0, Avg:  0.0, Max: 0, Diff: 0, Sum: 0, Workers: 8
[425.592s][info ][gc,phases      ] GC(2927)   Evacuate Collection Set: 0.2ms
[425.592s][debug][gc,phases      ] GC(2927)     Ext Root Scanning (ms):   Min:  0.0, Avg:  0.0, Max:  0.1, Diff:  0.1, Sum:  0.2, Workers: 8
[425.592s][debug][gc,phases      ] GC(2927)     Scan Heap Roots (ms):     Min:  0.0, Avg:  0.0, Max:  0.0, Diff:  0.0, Sum:  0.0, Workers: 8
[425.592s][debug][gc,phases      ] GC(2927)       Scanned Cards:            Min: 0, Avg:  0.1, Max: 1, Diff: 1, Sum: 1, Workers: 8
[425.592s][debug][gc,phases      ] GC(2927)       Scanned Blocks:           Min: 0, Avg:  0.1, Max: 1, Diff: 1, Sum: 1, Workers: 8
[425.592s][debug][gc,phases      ] GC(2927)       Claimed Chunks:           Min: 0, Avg:  0.1, Max: 1, Diff: 1, Sum: 1, Workers: 8
[425.593s][debug][gc,phases      ] GC(2927)     Code Root Scan (ms):      Min:  0.0, Avg:  0.0, Max:  0.0, Diff:  0.0, Sum:  0.0, Workers: 8
[425.593s][debug][gc,phases      ] GC(2927)     Object Copy (ms):         Min:  0.0, Avg:  0.0, Max:  0.0, Diff:  0.0, Sum:  0.0, Workers: 8
[425.593s][debug][gc,phases      ] GC(2927)     Termination (ms):         Min:  0.1, Avg:  0.1, Max:  0.1, Diff:  0.0, Sum:  0.8, Workers: 8
[425.593s][debug][gc,phases      ] GC(2927)       Termination Attempts:     Min: 1, Avg:  1.0, Max: 1, Diff: 0, Sum: 8, Workers: 8
[425.593s][debug][gc,phases      ] GC(2927)     GC Worker Other (ms):     Min:  0.0, Avg:  0.0, Max:  0.0, Diff:  0.0, Sum:  0.2, Workers: 8
[425.593s][debug][gc,phases      ] GC(2927)     GC Worker Total (ms):     Min:  0.1, Avg:  0.2, Max:  0.2, Diff:  0.1, Sum:  1.2, Workers: 8
[425.593s][info ][gc,phases      ] GC(2927)   Post Evacuate Collection Set: 0.3ms
[425.593s][debug][gc,phases      ] GC(2927)     Code Roots Fixup: 0.0ms
[425.593s][debug][gc,phases      ] GC(2927)     Clear Card Table: 0.1ms
[425.593s][debug][gc,phases      ] GC(2927)     Reference Processing: 0.0ms
[425.593s][debug][gc,phases,ref  ] GC(2927)       Reconsider SoftReferences: 0.0ms
[425.593s][debug][gc,phases,ref  ] GC(2927)         SoftRef (ms):             skipped
[425.593s][debug][gc,phases,ref  ] GC(2927)       Notify Soft/WeakReferences: 0.0ms
[425.593s][debug][gc,phases,ref  ] GC(2927)         SoftRef (ms):             skipped
[425.593s][debug][gc,phases,ref  ] GC(2927)         WeakRef (ms):             skipped
[425.593s][debug][gc,phases,ref  ] GC(2927)         FinalRef (ms):            skipped
[425.593s][debug][gc,phases,ref  ] GC(2927)         Total (ms):               skipped
[425.593s][debug][gc,phases,ref  ] GC(2927)       Notify and keep alive finalizable: 0.0ms
[425.593s][debug][gc,phases,ref  ] GC(2927)         FinalRef (ms):            skipped
[425.593s][debug][gc,phases,ref  ] GC(2927)       Notify PhantomReferences: 0.0ms
[425.593s][debug][gc,phases,ref  ] GC(2927)         PhantomRef (ms):          skipped
[425.593s][debug][gc,phases,ref  ] GC(2927)       SoftReference:
[425.593s][debug][gc,phases,ref  ] GC(2927)         Discovered: 0
[425.593s][debug][gc,phases,ref  ] GC(2927)         Cleared: 0
[425.593s][debug][gc,phases,ref  ] GC(2927)       WeakReference:
[425.593s][debug][gc,phases,ref  ] GC(2927)         Discovered: 0
[425.593s][debug][gc,phases,ref  ] GC(2927)         Cleared: 0
[425.593s][debug][gc,phases,ref  ] GC(2927)       FinalReference:
[425.593s][debug][gc,phases,ref  ] GC(2927)         Discovered: 0
[425.593s][debug][gc,phases,ref  ] GC(2927)         Cleared: 0
[425.593s][debug][gc,phases,ref  ] GC(2927)       PhantomReference:
[425.593s][debug][gc,phases,ref  ] GC(2927)         Discovered: 0
[425.593s][debug][gc,phases,ref  ] GC(2927)         Cleared: 0
[425.593s][debug][gc,phases      ] GC(2927)     Weak Processing: 0.1ms
[425.593s][debug][gc,phases      ] GC(2927)       JVMTI weak processing: 0.0ms
[425.593s][debug][gc,phases      ] GC(2927)         Dead: 0
[425.593s][debug][gc,phases      ] GC(2927)         Total: 0
[425.593s][debug][gc,phases      ] GC(2927)       JFR weak processing: 0.0ms
[425.593s][debug][gc,phases      ] GC(2927)         Dead: 0
[425.593s][debug][gc,phases      ] GC(2927)         Total: 0
[425.593s][debug][gc,phases      ] GC(2927)       JNI weak                  Min:  0.0, Avg:  0.0, Max:  0.0, Diff:  0.0, Sum:  0.0, Workers: 5
[425.593s][debug][gc,phases      ] GC(2927)         Dead                      Min: 0, Avg:  0.0, Max: 0, Diff: 0, Sum: 0, Workers: 5
[425.593s][debug][gc,phases      ] GC(2927)         Total                     Min: 0, Avg: 13.6, Max: 52, Diff: 52, Sum: 68, Workers: 5
[425.593s][debug][gc,phases      ] GC(2927)       VM weak                   Min:  0.0, Avg:  0.0, Max:  0.0, Diff:  0.0, Sum:  0.0, Workers: 5
[425.593s][debug][gc,phases      ] GC(2927)         Dead                      Min: 0, Avg:  0.0, Max: 0, Diff: 0, Sum: 0, Workers: 5
[425.593s][debug][gc,phases      ] GC(2927)         Total                     Min: 0, Avg: 42.6, Max: 128, Diff: 128, Sum: 213, Workers: 5
[425.593s][debug][gc,phases      ] GC(2927)       StringTable weak          Min:  0.0, Avg:  0.0, Max:  0.0, Diff:  0.0, Sum:  0.1, Workers: 5
[425.593s][debug][gc,phases      ] GC(2927)         Dead                      Min: 0, Avg:  0.0, Max: 0, Diff: 0, Sum: 0, Workers: 5
[425.593s][debug][gc,phases      ] GC(2927)         Total                     Min: 0, Avg: 682.0, Max: 1746, Diff: 1746, Sum: 3410, Workers: 5
[425.593s][debug][gc,phases      ] GC(2927)       ResolvedMethodTable weak  Min:  0.0, Avg:  0.0, Max:  0.0, Diff:  0.0, Sum:  0.0, Workers: 5
[425.593s][debug][gc,phases      ] GC(2927)         Dead                      Min: 0, Avg:  0.0, Max: 0, Diff: 0, Sum: 0, Workers: 5
[425.593s][debug][gc,phases      ] GC(2927)         Total                     Min: 0, Avg: 114.8, Max: 318, Diff: 318, Sum: 574, Workers: 5
[425.593s][debug][gc,phases      ] GC(2927)     Merge Per-Thread State: 0.0ms
[425.593s][debug][gc,phases      ] GC(2927)       Copied Bytes              Min: 0, Avg: 81.0, Max: 296, Diff: 296, Sum: 648, Workers: 8
[425.593s][debug][gc,phases      ] GC(2927)       LAB Waste                 Min: 0, Avg:  0.0, Max: 0, Diff: 0, Sum: 0, Workers: 8
[425.593s][debug][gc,phases      ] GC(2927)       LAB Undo Waste            Min: 0, Avg:  0.0, Max: 0, Diff: 0, Sum: 0, Workers: 8
[425.593s][debug][gc,phases      ] GC(2927)     Code Roots Purge: 0.0ms
[425.593s][debug][gc,phases      ] GC(2927)     Redirty Cards: 0.0ms
[425.593s][debug][gc,phases      ] GC(2927)     DerivedPointerTable Update: 0.0ms
[425.593s][debug][gc,phases      ] GC(2927)     Free Collection Set: 0.1ms
[425.593s][debug][gc,phases      ] GC(2927)     Rebuild Free List: 0.1ms
[425.593s][debug][gc,phases      ] GC(2927)     Humongous Reclaim: 0.0ms
[425.593s][debug][gc,phases      ] GC(2927)     Start New Collection Set: 0.0ms
[425.593s][debug][gc,phases      ] GC(2927)     Resize TLABs: 0.0ms
[425.593s][debug][gc,phases      ] GC(2927)     Expand Heap After Collection: 0.0ms
[425.593s][info ][gc,phases      ] GC(2927)   Other: 0.3ms
[425.593s][info ][gc,heap        ] GC(2927) Eden regions: 180->0(180)
[425.593s][info ][gc,heap        ] GC(2927) Survivor regions: 1->1(23)
[425.593s][info ][gc,heap        ] GC(2927) Old regions: 7->7
[425.593s][info ][gc,heap        ] GC(2927) Archive regions: 2->2
[425.593s][info ][gc,heap        ] GC(2927) Humongous regions: 0->0
[425.593s][info ][gc,metaspace   ] GC(2927) Metaspace: 9905K(10624K)->9905K(10624K) NonClass: 8758K(9216K)->8758K(9216K) Class: 1146K(1408K)->1146K(1408K)
[425.593s][debug][gc,heap        ] GC(2927) Heap after GC invocations=2928 (full 1): garbage-first heap   total 309248K, used 4067K [0x0000000700000000, 0x0000000800000000)
[425.593s][debug][gc,heap        ] GC(2927)   region size 1024K, 1 young (1024K), 1 survivors (1024K)
[425.593s][debug][gc,heap        ] GC(2927)  Metaspace       used 9905K, capacity 10179K, committed 10624K, reserved 1058816K
[425.593s][debug][gc,heap        ] GC(2927)   class space    used 1146K, capacity 1267K, committed 1408K, reserved 1048576K
[425.593s][info ][gc             ] GC(2927) Pause Young (Normal) (G1 Evacuation Pause) 183M->3M(302M) 1.891ms
[425.593s][info ][gc,cpu         ] GC(2927) User=0.00s Sys=0.00s Real=0.01s
[425.593s][info ][safepoint      ] Safepoint "G1CollectForAllocation", Time since last: 145545376 ns, Reaching safepoint: 133661 ns, At safepoint: 2079660 ns, Total: 2213321 ns
[425.743s][debug][gc,heap        ] GC(2928) Heap before GC invocations=2928 (full 1): garbage-first heap   total 309248K, used 188387K [0x0000000700000000, 0x0000000800000000)
[425.743s][debug][gc,heap        ] GC(2928)   region size 1024K, 181 young (185344K), 1 survivors (1024K)
[425.743s][debug][gc,heap        ] GC(2928)  Metaspace       used 9905K, capacity 10179K, committed 10624K, reserved 1058816K
[425.743s][debug][gc,heap        ] GC(2928)   class space    used 1146K, capacity 1267K, committed 1408K, reserved 1048576K
[425.743s][info ][gc,start       ] GC(2928) Pause Young (Normal) (G1 Evacuation Pause)
[425.743s][info ][gc,task        ] GC(2928) Using 8 workers of 8 for evacuation
[425.743s][debug][gc,tlab        ] GC(2928) TLAB totals: thrds: 8  refills: 725 max: 94 slow allocs: 0 max 0 waste:  1.0% gc: 1555760B max: 436936B slow: 419192B max: 54344B fast: 0B max: 0B
[425.743s][debug][gc,age         ] GC(2928) Desired survivor size 12058624 bytes, new threshold 15 (max threshold 15)
[425.743s][debug][gc,alloc,region] GC(2928) Mutator Allocation stats, regions: 180, wasted size: 0B ( 0.0%)
[425.743s][debug][gc,ergo        ] GC(2928) Running G1 Merge Heap Roots using 8 workers for 181 regions
[425.743s][debug][gc,remset      ] GC(2928) Visited cards 256 Total dirty 2048 (12.50%) Total old 759808 (0.03%)
[425.744s][debug][gc,ergo        ] GC(2928) Running G1 Clear Card Table Task using 1 workers for 1 units of work for 182 regions.
[425.744s][debug][gc,ref         ] GC(2928) Skipped phase1 of Reference Processing due to unavailable references
[425.744s][debug][gc,ref         ] GC(2928) Skipped phase2 of Reference Processing due to unavailable references
[425.744s][debug][gc,ref         ] GC(2928) Skipped phase3 of Reference Processing due to unavailable references
[425.744s][debug][gc,ref         ] GC(2928) Skipped phase4 of Reference Processing due to unavailable references
[425.744s][debug][gc,ergo        ] GC(2928) Running G1 Free Collection Set using 8 workers for collection set length 181 (302)
[425.744s][debug][gc,ergo        ] GC(2928) Running G1 Rebuild Free List Task using 8 workers for rebuilding free list of 0 (4096) regions
[425.744s][trace][gc,age         ] GC(2928) Age table with threshold 15 (max threshold 15)
[425.744s][trace][gc,age         ] GC(2928) - age   1:        568 bytes,        568 total
[425.744s][debug][gc,plab        ] GC(2928) Young PLAB allocation: allocated: 16512B, wasted: 0B, unused: 15944B, used: 568B, undo waste: 0B, 
[425.744s][debug][gc,plab        ] GC(2928) Young other allocation: region end waste: 0B, regions filled: 1, direct allocated: 0B, failure used: 0B, failure wasted: 0B
[425.744s][debug][gc,plab        ] GC(2928) Young sizing: calculated: 112B, actual: 2064B
[425.744s][debug][gc,plab        ] GC(2928) Old PLAB allocation: allocated: 0B, wasted: 0B, unused: 0B, used: 0B, undo waste: 0B, 
[425.744s][debug][gc,plab        ] GC(2928) Old other allocation: region end waste: 0B, regions filled: 1, direct allocated: 0B, failure used: 0B, failure wasted: 0B
[425.744s][debug][gc,plab        ] GC(2928) Old sizing: calculated: 0B, actual: 2064B
[425.744s][debug][gc,ihop        ] GC(2928) Basic information (value update), threshold: 142501478B (45.00), target occupancy: 316669952B, current occupancy: 4171256B, recent allocation size: 0B, recent allocation duration: 151.02ms, recent old gen allocation rate: 0.00B/s, recent marking phase length: 0.00ms
[425.744s][debug][gc,ihop        ] GC(2928) Adaptive IHOP information (value update), threshold: 142501478B (47.37), internal target occupancy: 300836454B, occupancy: 4171256B, additional buffer size: 189792256B, predicted old gen allocation rate: 0.00B/s, predicted marking phase length: 0.00ms, prediction active: false
[425.744s][debug][gc,ergo,refine ] GC(2928) Concurrent refinement times: Logged Cards Scan time goal: 20.00ms Logged Cards Scan time: 0.00ms HCC time: 0.00ms
[425.744s][debug][gc,ergo,refine ] GC(2928) Updated Refinement Zones: green: 2048, yellow: 6144, red: 10240
[425.744s][info ][gc,phases      ] GC(2928)   Pre Evacuate Collection Set: 0.1ms
[425.744s][debug][gc,phases      ] GC(2928)     Prepare TLABs: 0.0ms
[425.744s][debug][gc,phases      ] GC(2928)     Choose Collection Set: 0.0ms
[425.744s][debug][gc,phases      ] GC(2928)     Region Register: 0.1ms
[425.744s][debug][gc,phases      ] GC(2928)     Prepare Heap Roots: 0.0ms
[425.744s][info ][gc,phases      ] GC(2928)   Merge Heap Roots: 0.1ms
[425.744s][debug][gc,phases      ] GC(2928)     Prepare Merge Heap Roots: 0.0ms
[425.744s][debug][gc,phases      ] GC(2928)     Eager Reclaim (ms):       skipped
[425.744s][debug][gc,phases      ] GC(2928)     Remembered Sets (ms):     Min:  0.0, Avg:  0.0, Max:  0.0, Diff:  0.0, Sum:  0.0, Workers: 8
[425.744s][debug][gc,phases      ] GC(2928)       Merged Sparse:            Min: 0, Avg:  0.0, Max: 0, Diff: 0, Sum: 0, Workers: 8
[425.744s][debug][gc,phases      ] GC(2928)       Merged Fine:              Min: 0, Avg:  0.0, Max: 0, Diff: 0, Sum: 0, Workers: 8
[425.744s][debug][gc,phases      ] GC(2928)       Merged Coarse:            Min: 0, Avg:  0.0, Max: 0, Diff: 0, Sum: 0, Workers: 8
[425.744s][debug][gc,phases      ] GC(2928)       Dirty Cards:              Min: 0, Avg:  0.0, Max: 0, Diff: 0, Sum: 0, Workers: 8
[425.744s][debug][gc,phases      ] GC(2928)     Hot Card Cache (ms):      Min:  0.0, Avg:  0.0, Max:  0.0, Diff:  0.0, Sum:  0.0, Workers: 8
[425.744s][debug][gc,phases      ] GC(2928)       Dirty Cards:              Min: 0, Avg:  0.0, Max: 0, Diff: 0, Sum: 0, Workers: 8
[425.744s][debug][gc,phases      ] GC(2928)       Skipped Cards:            Min: 0, Avg:  0.0, Max: 0, Diff: 0, Sum: 0, Workers: 8
[425.744s][debug][gc,phases      ] GC(2928)     Log Buffers (ms):         Min:  0.0, Avg:  0.0, Max:  0.0, Diff:  0.0, Sum:  0.0, Workers: 8
[425.744s][debug][gc,phases      ] GC(2928)       Dirty Cards:              Min: 0, Avg:  0.1, Max: 1, Diff: 1, Sum: 1, Workers: 8
[425.744s][debug][gc,phases      ] GC(2928)       Skipped Cards:            Min: 0, Avg:  0.0, Max: 0, Diff: 0, Sum: 0, Workers: 8
[425.744s][info ][gc,phases      ] GC(2928)   Evacuate Collection Set: 0.2ms
[425.744s][debug][gc,phases      ] GC(2928)     Ext Root Scanning (ms):   Min:  0.0, Avg:  0.0, Max:  0.1, Diff:  0.0, Sum:  0.2, Workers: 8
[425.744s][debug][gc,phases      ] GC(2928)     Scan Heap Roots (ms):     Min:  0.0, Avg:  0.0, Max:  0.0, Diff:  0.0, Sum:  0.0, Workers: 8
[425.744s][debug][gc,phases      ] GC(2928)       Scanned Cards:            Min: 0, Avg:  0.1, Max: 1, Diff: 1, Sum: 1, Workers: 8
[425.744s][debug][gc,phases      ] GC(2928)       Scanned Blocks:           Min: 0, Avg:  0.1, Max: 1, Diff: 1, Sum: 1, Workers: 8
[425.744s][debug][gc,phases      ] GC(2928)       Claimed Chunks:           Min: 0, Avg:  0.1, Max: 1, Diff: 1, Sum: 1, Workers: 8
[425.744s][debug][gc,phases      ] GC(2928)     Code Root Scan (ms):      Min:  0.0, Avg:  0.0, Max:  0.0, Diff:  0.0, Sum:  0.0, Workers: 8
[425.744s][debug][gc,phases      ] GC(2928)     Object Copy (ms):         Min:  0.0, Avg:  0.0, Max:  0.0, Diff:  0.0, Sum:  0.0, Workers: 8
[425.744s][debug][gc,phases      ] GC(2928)     Termination (ms):         Min:  0.1, Avg:  0.1, Max:  0.1, Diff:  0.0, Sum:  0.6, Workers: 8
[425.744s][debug][gc,phases      ] GC(2928)       Termination Attempts:     Min: 1, Avg:  1.0, Max: 1, Diff: 0, Sum: 8, Workers: 8
[425.744s][debug][gc,phases      ] GC(2928)     GC Worker Other (ms):     Min:  0.0, Avg:  0.0, Max:  0.0, Diff:  0.0, Sum:  0.1, Workers: 8
[425.744s][debug][gc,phases      ] GC(2928)     GC Worker Total (ms):     Min:  0.1, Avg:  0.1, Max:  0.1, Diff:  0.0, Sum:  1.0, Workers: 8
[425.744s][info ][gc,phases      ] GC(2928)   Post Evacuate Collection Set: 0.4ms
[425.744s][debug][gc,phases      ] GC(2928)     Code Roots Fixup: 0.0ms
[425.744s][debug][gc,phases      ] GC(2928)     Clear Card Table: 0.1ms
[425.744s][debug][gc,phases      ] GC(2928)     Reference Processing: 0.0ms
[425.744s][debug][gc,phases,ref  ] GC(2928)       Reconsider SoftReferences: 0.0ms
[425.744s][debug][gc,phases,ref  ] GC(2928)         SoftRef (ms):             skipped
[425.744s][debug][gc,phases,ref  ] GC(2928)       Notify Soft/WeakReferences: 0.0ms
[425.744s][debug][gc,phases,ref  ] GC(2928)         SoftRef (ms):             skipped
[425.744s][debug][gc,phases,ref  ] GC(2928)         WeakRef (ms):             skipped
[425.744s][debug][gc,phases,ref  ] GC(2928)         FinalRef (ms):            skipped
[425.745s][debug][gc,phases,ref  ] GC(2928)         Total (ms):               skipped
[425.745s][debug][gc,phases,ref  ] GC(2928)       Notify and keep alive finalizable: 0.0ms
[425.745s][debug][gc,phases,ref  ] GC(2928)         FinalRef (ms):            skipped
[425.745s][debug][gc,phases,ref  ] GC(2928)       Notify PhantomReferences: 0.0ms
[425.745s][debug][gc,phases,ref  ] GC(2928)         PhantomRef (ms):          skipped
[425.745s][debug][gc,phases,ref  ] GC(2928)       SoftReference:
[425.745s][debug][gc,phases,ref  ] GC(2928)         Discovered: 0
[425.745s][debug][gc,phases,ref  ] GC(2928)         Cleared: 0
[425.745s][debug][gc,phases,ref  ] GC(2928)       WeakReference:
[425.745s][debug][gc,phases,ref  ] GC(2928)         Discovered: 0
[425.745s][debug][gc,phases,ref  ] GC(2928)         Cleared: 0
[425.745s][debug][gc,phases,ref  ] GC(2928)       FinalReference:
[425.745s][debug][gc,phases,ref  ] GC(2928)         Discovered: 0
[425.745s][debug][gc,phases,ref  ] GC(2928)         Cleared: 0
[425.745s][debug][gc,phases,ref  ] GC(2928)       PhantomReference:
[425.745s][debug][gc,phases,ref  ] GC(2928)         Discovered: 0
[425.745s][debug][gc,phases,ref  ] GC(2928)         Cleared: 0
[425.745s][debug][gc,phases      ] GC(2928)     Weak Processing: 0.1ms
[425.745s][debug][gc,phases      ] GC(2928)       JVMTI weak processing: 0.0ms
[425.745s][debug][gc,phases      ] GC(2928)         Dead: 0
[425.745s][debug][gc,phases      ] GC(2928)         Total: 0
[425.745s][debug][gc,phases      ] GC(2928)       JFR weak processing: 0.0ms
[425.745s][debug][gc,phases      ] GC(2928)         Dead: 0
[425.745s][debug][gc,phases      ] GC(2928)         Total: 0
[425.745s][debug][gc,phases      ] GC(2928)       JNI weak                  Min:  0.0, Avg:  0.0, Max:  0.0, Diff:  0.0, Sum:  0.0, Workers: 5
[425.745s][debug][gc,phases      ] GC(2928)         Dead                      Min: 0, Avg:  0.0, Max: 0, Diff: 0, Sum: 0, Workers: 5
[425.745s][debug][gc,phases      ] GC(2928)         Total                     Min: 0, Avg: 13.6, Max: 68, Diff: 68, Sum: 68, Workers: 5
[425.745s][debug][gc,phases      ] GC(2928)       VM weak                   Min:  0.0, Avg:  0.0, Max:  0.0, Diff:  0.0, Sum:  0.0, Workers: 5
[425.745s][debug][gc,phases      ] GC(2928)         Dead                      Min: 0, Avg:  0.0, Max: 0, Diff: 0, Sum: 0, Workers: 5
[425.745s][debug][gc,phases      ] GC(2928)         Total                     Min: 0, Avg: 42.6, Max: 213, Diff: 213, Sum: 213, Workers: 5
[425.745s][debug][gc,phases      ] GC(2928)       StringTable weak          Min:  0.0, Avg:  0.0, Max:  0.0, Diff:  0.0, Sum:  0.0, Workers: 5
[425.745s][debug][gc,phases      ] GC(2928)         Dead                      Min: 0, Avg:  0.0, Max: 0, Diff: 0, Sum: 0, Workers: 5
[425.745s][debug][gc,phases      ] GC(2928)         Total                     Min: 0, Avg: 682.0, Max: 3154, Diff: 3154, Sum: 3410, Workers: 5
[425.745s][debug][gc,phases      ] GC(2928)       ResolvedMethodTable weak  Min:  0.0, Avg:  0.0, Max:  0.0, Diff:  0.0, Sum:  0.0, Workers: 5
[425.745s][debug][gc,phases      ] GC(2928)         Dead                      Min: 0, Avg:  0.0, Max: 0, Diff: 0, Sum: 0, Workers: 5
[425.745s][debug][gc,phases      ] GC(2928)         Total                     Min: 0, Avg: 114.8, Max: 192, Diff: 192, Sum: 574, Workers: 5
[425.745s][debug][gc,phases      ] GC(2928)     Merge Per-Thread State: 0.0ms
[425.745s][debug][gc,phases      ] GC(2928)       Copied Bytes              Min: 24, Avg: 71.0, Max: 176, Diff: 152, Sum: 568, Workers: 8
[425.745s][debug][gc,phases      ] GC(2928)       LAB Waste                 Min: 0, Avg:  0.0, Max: 0, Diff: 0, Sum: 0, Workers: 8
[425.745s][debug][gc,phases      ] GC(2928)       LAB Undo Waste            Min: 0, Avg:  0.0, Max: 0, Diff: 0, Sum: 0, Workers: 8
[425.745s][debug][gc,phases      ] GC(2928)     Code Roots Purge: 0.0ms
[425.745s][debug][gc,phases      ] GC(2928)     Redirty Cards: 0.0ms
[425.745s][debug][gc,phases      ] GC(2928)     DerivedPointerTable Update: 0.0ms
[425.745s][debug][gc,phases      ] GC(2928)     Free Collection Set: 0.1ms
[425.745s][debug][gc,phases      ] GC(2928)     Rebuild Free List: 0.1ms
[425.745s][debug][gc,phases      ] GC(2928)     Humongous Reclaim: 0.0ms
[425.745s][debug][gc,phases      ] GC(2928)     Start New Collection Set: 0.0ms
[425.745s][debug][gc,phases      ] GC(2928)     Resize TLABs: 0.0ms
[425.745s][debug][gc,phases      ] GC(2928)     Expand Heap After Collection: 0.0ms
[425.745s][info ][gc,phases      ] GC(2928)   Other: 0.3ms
[425.745s][info ][gc,heap        ] GC(2928) Eden regions: 180->0(180)
[425.745s][info ][gc,heap        ] GC(2928) Survivor regions: 1->1(23)
[425.745s][info ][gc,heap        ] GC(2928) Old regions: 7->7
[425.745s][info ][gc,heap        ] GC(2928) Archive regions: 2->2
[425.745s][info ][gc,heap        ] GC(2928) Humongous regions: 0->0
[425.745s][info ][gc,metaspace   ] GC(2928) Metaspace: 9905K(10624K)->9905K(10624K) NonClass: 8758K(9216K)->8758K(9216K) Class: 1146K(1408K)->1146K(1408K)
[425.745s][debug][gc,heap        ] GC(2928) Heap after GC invocations=2929 (full 1): garbage-first heap   total 309248K, used 4073K [0x0000000700000000, 0x0000000800000000)
[425.745s][debug][gc,heap        ] GC(2928)   region size 1024K, 1 young (1024K), 1 survivors (1024K)
[425.745s][debug][gc,heap        ] GC(2928)  Metaspace       used 9905K, capacity 10179K, committed 10624K, reserved 1058816K
[425.745s][debug][gc,heap        ] GC(2928)   class space    used 1146K, capacity 1267K, committed 1408K, reserved 1048576K
[425.745s][info ][gc             ] GC(2928) Pause Young (Normal) (G1 Evacuation Pause) 183M->3M(302M) 1.773ms
[425.745s][info ][gc,cpu         ] GC(2928) User=0.00s Sys=0.00s Real=0.00s
[425.745s][info ][safepoint      ] Safepoint "G1CollectForAllocation", Time since last: 149670445 ns, Reaching safepoint: 139820 ns, At safepoint: 1956352 ns, Total: 2096172 ns
[425.896s][debug][gc,heap        ] GC(2929) Heap before GC invocations=2929 (full 1): garbage-first heap   total 309248K, used 188393K [0x0000000700000000, 0x0000000800000000)
[425.896s][debug][gc,heap        ] GC(2929)   region size 1024K, 181 young (185344K), 1 survivors (1024K)
[425.896s][debug][gc,heap        ] GC(2929)  Metaspace       used 9905K, capacity 10179K, committed 10624K, reserved 1058816K
[425.896s][debug][gc,heap        ] GC(2929)   class space    used 1146K, capacity 1267K, committed 1408K, reserved 1048576K
[425.896s][info ][gc,start       ] GC(2929) Pause Young (Normal) (G1 Evacuation Pause)
[425.896s][info ][gc,task        ] GC(2929) Using 8 workers of 8 for evacuation
[425.896s][debug][gc,tlab        ] GC(2929) TLAB totals: thrds: 8  refills: 724 max: 95 slow allocs: 0 max 0 waste:  0.8% gc: 1050168B max: 381408B slow: 418696B max: 54784B fast: 0B max: 0B
[425.896s][debug][gc,age         ] GC(2929) Desired survivor size 12058624 bytes, new threshold 15 (max threshold 15)
[425.896s][debug][gc,alloc,region] GC(2929) Mutator Allocation stats, regions: 180, wasted size: 0B ( 0.0%)
[425.897s][debug][gc,ergo        ] GC(2929) Running G1 Merge Heap Roots using 8 workers for 181 regions
[425.897s][debug][gc,remset      ] GC(2929) Visited cards 256 Total dirty 2048 (12.50%) Total old 759808 (0.03%)
[425.897s][debug][gc,ergo        ] GC(2929) Running G1 Clear Card Table Task using 1 workers for 1 units of work for 182 regions.
[425.897s][debug][gc,ref         ] GC(2929) Skipped phase1 of Reference Processing due to unavailable references
[425.897s][debug][gc,ref         ] GC(2929) Skipped phase2 of Reference Processing due to unavailable references
[425.897s][debug][gc,ref         ] GC(2929) Skipped phase3 of Reference Processing due to unavailable references
[425.897s][debug][gc,ref         ] GC(2929) Skipped phase4 of Reference Processing due to unavailable references
[425.897s][debug][gc,ergo        ] GC(2929) Running G1 Free Collection Set using 8 workers for collection set length 181 (302)
[425.897s][debug][gc,ergo        ] GC(2929) Running G1 Rebuild Free List Task using 8 workers for rebuilding free list of 0 (4096) regions
[425.897s][trace][gc,age         ] GC(2929) Age table with threshold 15 (max threshold 15)
[425.897s][trace][gc,age         ] GC(2929) - age   1:        520 bytes,        520 total
[425.897s][debug][gc,plab        ] GC(2929) Young PLAB allocation: allocated: 12384B, wasted: 0B, unused: 11864B, used: 520B, undo waste: 0B, 
[425.897s][debug][gc,plab        ] GC(2929) Young other allocation: region end waste: 0B, regions filled: 1, direct allocated: 0B, failure used: 0B, failure wasted: 0B
[425.897s][debug][gc,plab        ] GC(2929) Young sizing: calculated: 104B, actual: 2064B
[425.897s][debug][gc,plab        ] GC(2929) Old PLAB allocation: allocated: 0B, wasted: 0B, unused: 0B, used: 0B, undo waste: 0B, 
[425.897s][debug][gc,plab        ] GC(2929) Old other allocation: region end waste: 0B, regions filled: 1, direct allocated: 0B, failure used: 0B, failure wasted: 0B
[425.897s][debug][gc,plab        ] GC(2929) Old sizing: calculated: 0B, actual: 2064B
[425.897s][debug][gc,ihop        ] GC(2929) Basic information (value update), threshold: 142501478B (45.00), target occupancy: 316669952B, current occupancy: 4167128B, recent allocation size: 0B, recent allocation duration: 152.40ms, recent old gen allocation rate: 0.00B/s, recent marking phase length: 0.00ms
[425.897s][debug][gc,ihop        ] GC(2929) Adaptive IHOP information (value update), threshold: 142501478B (47.37), internal target occupancy: 300836454B, occupancy: 4167128B, additional buffer size: 189792256B, predicted old gen allocation rate: 0.00B/s, predicted marking phase length: 0.00ms, prediction active: false
[425.897s][debug][gc,ergo,refine ] GC(2929) Concurrent refinement times: Logged Cards Scan time goal: 20.00ms Logged Cards Scan time: 0.00ms HCC time: 0.00ms
[425.897s][debug][gc,ergo,refine ] GC(2929) Updated Refinement Zones: green: 2048, yellow: 6144, red: 10240
[425.897s][info ][gc,phases      ] GC(2929)   Pre Evacuate Collection Set: 0.1ms
[425.897s][debug][gc,phases      ] GC(2929)     Prepare TLABs: 0.0ms
[425.897s][debug][gc,phases      ] GC(2929)     Choose Collection Set: 0.0ms
[425.897s][debug][gc,phases      ] GC(2929)     Region Register: 0.1ms
[425.897s][debug][gc,phases      ] GC(2929)     Prepare Heap Roots: 0.0ms
[425.897s][info ][gc,phases      ] GC(2929)   Merge Heap Roots: 0.1ms
[425.897s][debug][gc,phases      ] GC(2929)     Prepare Merge Heap Roots: 0.0ms
[425.897s][debug][gc,phases      ] GC(2929)     Eager Reclaim (ms):       skipped
[425.897s][debug][gc,phases      ] GC(2929)     Remembered Sets (ms):     Min:  0.0, Avg:  0.0, Max:  0.0, Diff:  0.0, Sum:  0.1, Workers: 8
[425.897s][debug][gc,phases      ] GC(2929)       Merged Sparse:            Min: 0, Avg:  0.0, Max: 0, Diff: 0, Sum: 0, Workers: 8
[425.897s][debug][gc,phases      ] GC(2929)       Merged Fine:              Min: 0, Avg:  0.0, Max: 0, Diff: 0, Sum: 0, Workers: 8
[425.897s][debug][gc,phases      ] GC(2929)       Merged Coarse:            Min: 0, Avg:  0.0, Max: 0, Diff: 0, Sum: 0, Workers: 8
[425.897s][debug][gc,phases      ] GC(2929)       Dirty Cards:              Min: 0, Avg:  0.0, Max: 0, Diff: 0, Sum: 0, Workers: 8
[425.897s][debug][gc,phases      ] GC(2929)     Hot Card Cache (ms):      Min:  0.0, Avg:  0.0, Max:  0.0, Diff:  0.0, Sum:  0.0, Workers: 8
[425.897s][debug][gc,phases      ] GC(2929)       Dirty Cards:              Min: 0, Avg:  0.0, Max: 0, Diff: 0, Sum: 0, Workers: 8
[425.897s][debug][gc,phases      ] GC(2929)       Skipped Cards:            Min: 0, Avg:  0.0, Max: 0, Diff: 0, Sum: 0, Workers: 8
[425.897s][debug][gc,phases      ] GC(2929)     Log Buffers (ms):         Min:  0.0, Avg:  0.0, Max:  0.0, Diff:  0.0, Sum:  0.0, Workers: 8
[425.897s][debug][gc,phases      ] GC(2929)       Dirty Cards:              Min: 0, Avg:  0.1, Max: 1, Diff: 1, Sum: 1, Workers: 8
[425.897s][debug][gc,phases      ] GC(2929)       Skipped Cards:            Min: 0, Avg:  0.0, Max: 0, Diff: 0, Sum: 0, Workers: 8
[425.897s][info ][gc,phases      ] GC(2929)   Evacuate Collection Set: 0.2ms
[425.897s][debug][gc,phases      ] GC(2929)     Ext Root Scanning (ms):   Min:  0.0, Avg:  0.0, Max:  0.1, Diff:  0.1, Sum:  0.2, Workers: 8
[425.897s][debug][gc,phases      ] GC(2929)     Scan Heap Roots (ms):     Min:  0.0, Avg:  0.0, Max:  0.0, Diff:  0.0, Sum:  0.0, Workers: 8
[425.897s][debug][gc,phases      ] GC(2929)       Scanned Cards:            Min: 0, Avg:  0.1, Max: 1, Diff: 1, Sum: 1, Workers: 8
[425.897s][debug][gc,phases      ] GC(2929)       Scanned Blocks:           Min: 0, Avg:  0.1, Max: 1, Diff: 1, Sum: 1, Workers: 8
[425.897s][debug][gc,phases      ] GC(2929)       Claimed Chunks:           Min: 0, Avg:  0.1, Max: 1, Diff: 1, Sum: 1, Workers: 8
[425.897s][debug][gc,phases      ] GC(2929)     Code Root Scan (ms):      Min:  0.0, Avg:  0.0, Max:  0.0, Diff:  0.0, Sum:  0.0, Workers: 8
[425.897s][debug][gc,phases      ] GC(2929)     Object Copy (ms):         Min:  0.0, Avg:  0.0, Max:  0.0, Diff:  0.0, Sum:  0.0, Workers: 8
[425.897s][debug][gc,phases      ] GC(2929)     Termination (ms):         Min:  0.1, Avg:  0.1, Max:  0.1, Diff:  0.0, Sum:  0.4, Workers: 8
[425.897s][debug][gc,phases      ] GC(2929)       Termination Attempts:     Min: 1, Avg:  1.0, Max: 1, Diff: 0, Sum: 8, Workers: 8
[425.897s][debug][gc,phases      ] GC(2929)     GC Worker Other (ms):     Min:  0.0, Avg:  0.0, Max:  0.0, Diff:  0.0, Sum:  0.1, Workers: 8
[425.897s][debug][gc,phases      ] GC(2929)     GC Worker Total (ms):     Min:  0.1, Avg:  0.1, Max:  0.1, Diff:  0.1, Sum:  0.8, Workers: 8
[425.897s][info ][gc,phases      ] GC(2929)   Post Evacuate Collection Set: 0.3ms
[425.897s][debug][gc,phases      ] GC(2929)     Code Roots Fixup: 0.0ms
[425.897s][debug][gc,phases      ] GC(2929)     Clear Card Table: 0.1ms
[425.897s][debug][gc,phases      ] GC(2929)     Reference Processing: 0.0ms
[425.897s][debug][gc,phases,ref  ] GC(2929)       Reconsider SoftReferences: 0.0ms
[425.897s][debug][gc,phases,ref  ] GC(2929)         SoftRef (ms):             skipped
[425.897s][debug][gc,phases,ref  ] GC(2929)       Notify Soft/WeakReferences: 0.0ms
[425.897s][debug][gc,phases,ref  ] GC(2929)         SoftRef (ms):             skipped
[425.897s][debug][gc,phases,ref  ] GC(2929)         WeakRef (ms):             skipped
[425.897s][debug][gc,phases,ref  ] GC(2929)         FinalRef (ms):            skipped
[425.897s][debug][gc,phases,ref  ] GC(2929)         Total (ms):               skipped
[425.898s][debug][gc,phases,ref  ] GC(2929)       Notify and keep alive finalizable: 0.0ms
[425.898s][debug][gc,phases,ref  ] GC(2929)         FinalRef (ms):            skipped
[425.898s][debug][gc,phases,ref  ] GC(2929)       Notify PhantomReferences: 0.0ms
[425.898s][debug][gc,phases,ref  ] GC(2929)         PhantomRef (ms):          skipped
[425.898s][debug][gc,phases,ref  ] GC(2929)       SoftReference:
[425.898s][debug][gc,phases,ref  ] GC(2929)         Discovered: 0
[425.898s][debug][gc,phases,ref  ] GC(2929)         Cleared: 0
[425.898s][debug][gc,phases,ref  ] GC(2929)       WeakReference:
[425.898s][debug][gc,phases,ref  ] GC(2929)         Discovered: 0
[425.898s][debug][gc,phases,ref  ] GC(2929)         Cleared: 0
[425.898s][debug][gc,phases,ref  ] GC(2929)       FinalReference:
[425.898s][debug][gc,phases,ref  ] GC(2929)         Discovered: 0
[425.898s][debug][gc,phases,ref  ] GC(2929)         Cleared: 0
[425.898s][debug][gc,phases,ref  ] GC(2929)       PhantomReference:
[425.898s][debug][gc,phases,ref  ] GC(2929)         Discovered: 0
[425.898s][debug][gc,phases,ref  ] GC(2929)         Cleared: 0
[425.898s][debug][gc,phases      ] GC(2929)     Weak Processing: 0.0ms
[425.898s][debug][gc,phases      ] GC(2929)       JVMTI weak processing: 0.0ms
[425.898s][debug][gc,phases      ] GC(2929)         Dead: 0
[425.898s][debug][gc,phases      ] GC(2929)         Total: 0
[425.898s][debug][gc,phases      ] GC(2929)       JFR weak processing: 0.0ms
[425.898s][debug][gc,phases      ] GC(2929)         Dead: 0
[425.898s][debug][gc,phases      ] GC(2929)         Total: 0
[425.898s][debug][gc,phases      ] GC(2929)       JNI weak                  Min:  0.0, Avg:  0.0, Max:  0.0, Diff:  0.0, Sum:  0.0, Workers: 5
[425.898s][debug][gc,phases      ] GC(2929)         Dead                      Min: 0, Avg:  0.0, Max: 0, Diff: 0, Sum: 0, Workers: 5
[425.898s][debug][gc,phases      ] GC(2929)         Total                     Min: 0, Avg: 13.6, Max: 52, Diff: 52, Sum: 68, Workers: 5
[425.898s][debug][gc,phases      ] GC(2929)       VM weak                   Min:  0.0, Avg:  0.0, Max:  0.0, Diff:  0.0, Sum:  0.0, Workers: 5
[425.898s][debug][gc,phases      ] GC(2929)         Dead                      Min: 0, Avg:  0.0, Max: 0, Diff: 0, Sum: 0, Workers: 5
[425.898s][debug][gc,phases      ] GC(2929)         Total                     Min: 0, Avg: 42.6, Max: 64, Diff: 64, Sum: 213, Workers: 5
[425.898s][debug][gc,phases      ] GC(2929)       StringTable weak          Min:  0.0, Avg:  0.0, Max:  0.0, Diff:  0.0, Sum:  0.1, Workers: 5
[425.898s][debug][gc,phases      ] GC(2929)         Dead                      Min: 0, Avg:  0.0, Max: 0, Diff: 0, Sum: 0, Workers: 5
[425.898s][debug][gc,phases      ] GC(2929)         Total                     Min: 0, Avg: 682.0, Max: 959, Diff: 959, Sum: 3410, Workers: 5
[425.898s][debug][gc,phases      ] GC(2929)       ResolvedMethodTable weak  Min:  0.0, Avg:  0.0, Max:  0.0, Diff:  0.0, Sum:  0.0, Workers: 5
[425.898s][debug][gc,phases      ] GC(2929)         Dead                      Min: 0, Avg:  0.0, Max: 0, Diff: 0, Sum: 0, Workers: 5
[425.898s][debug][gc,phases      ] GC(2929)         Total                     Min: 0, Avg: 114.8, Max: 190, Diff: 190, Sum: 574, Workers: 5
[425.898s][debug][gc,phases      ] GC(2929)     Merge Per-Thread State: 0.0ms
[425.898s][debug][gc,phases      ] GC(2929)       Copied Bytes              Min: 0, Avg: 65.0, Max: 152, Diff: 152, Sum: 520, Workers: 8
[425.898s][debug][gc,phases      ] GC(2929)       LAB Waste                 Min: 0, Avg:  0.0, Max: 0, Diff: 0, Sum: 0, Workers: 8
[425.898s][debug][gc,phases      ] GC(2929)       LAB Undo Waste            Min: 0, Avg:  0.0, Max: 0, Diff: 0, Sum: 0, Workers: 8
[425.898s][debug][gc,phases      ] GC(2929)     Code Roots Purge: 0.0ms
[425.898s][debug][gc,phases      ] GC(2929)     Redirty Cards: 0.0ms
[425.898s][debug][gc,phases      ] GC(2929)     DerivedPointerTable Update: 0.0ms
[425.898s][debug][gc,phases      ] GC(2929)     Free Collection Set: 0.1ms
[425.898s][debug][gc,phases      ] GC(2929)     Rebuild Free List: 0.0ms
[425.898s][debug][gc,phases      ] GC(2929)     Humongous Reclaim: 0.0ms
[425.898s][debug][gc,phases      ] GC(2929)     Start New Collection Set: 0.0ms
[425.898s][debug][gc,phases      ] GC(2929)     Resize TLABs: 0.0ms
[425.898s][debug][gc,phases      ] GC(2929)     Expand Heap After Collection: 0.0ms
[425.898s][info ][gc,phases      ] GC(2929)   Other: 0.3ms
[425.898s][info ][gc,heap        ] GC(2929) Eden regions: 180->0(180)
[425.898s][info ][gc,heap        ] GC(2929) Survivor regions: 1->1(23)
[425.898s][info ][gc,heap        ] GC(2929) Old regions: 7->7
[425.898s][info ][gc,heap        ] GC(2929) Archive regions: 2->2
[425.898s][info ][gc,heap        ] GC(2929) Humongous regions: 0->0
[425.898s][info ][gc,metaspace   ] GC(2929) Metaspace: 9905K(10624K)->9905K(10624K) NonClass: 8758K(9216K)->8758K(9216K) Class: 1146K(1408K)->1146K(1408K)
[425.898s][debug][gc,heap        ] GC(2929) Heap after GC invocations=2930 (full 1): garbage-first heap   total 309248K, used 4069K [0x0000000700000000, 0x0000000800000000)
[425.898s][debug][gc,heap        ] GC(2929)   region size 1024K, 1 young (1024K), 1 survivors (1024K)
[425.898s][debug][gc,heap        ] GC(2929)  Metaspace       used 9905K, capacity 10179K, committed 10624K, reserved 1058816K
[425.898s][debug][gc,heap        ] GC(2929)   class space    used 1146K, capacity 1267K, committed 1408K, reserved 1048576K
[425.898s][info ][gc             ] GC(2929) Pause Young (Normal) (G1 Evacuation Pause) 183M->3M(302M) 1.441ms
[425.898s][info ][gc,cpu         ] GC(2929) User=0.00s Sys=0.00s Real=0.00s
[425.898s][info ][safepoint      ] Safepoint "G1CollectForAllocation", Time since last: 151167001 ns, Reaching safepoint: 128182 ns, At safepoint: 1605291 ns, Total: 1733473 ns
[426.042s][debug][gc,heap        ] GC(2930) Heap before GC invocations=2930 (full 1): garbage-first heap   total 309248K, used 188389K [0x0000000700000000, 0x0000000800000000)
[426.042s][debug][gc,heap        ] GC(2930)   region size 1024K, 181 young (185344K), 1 survivors (1024K)
[426.042s][debug][gc,heap        ] GC(2930)  Metaspace       used 9905K, capacity 10179K, committed 10624K, reserved 1058816K
[426.042s][debug][gc,heap        ] GC(2930)   class space    used 1146K, capacity 1267K, committed 1408K, reserved 1048576K
[426.042s][info ][gc,start       ] GC(2930) Pause Young (Normal) (G1 Evacuation Pause)
[426.042s][info ][gc,task        ] GC(2930) Using 8 workers of 8 for evacuation
[426.042s][debug][gc,tlab        ] GC(2930) TLAB totals: thrds: 8  refills: 722 max: 96 slow allocs: 0 max 0 waste:  1.1% gc: 1747744B max: 410520B slow: 416280B max: 55616B fast: 0B max: 0B
[426.042s][debug][gc,age         ] GC(2930) Desired survivor size 12058624 bytes, new threshold 15 (max threshold 15)
[426.042s][debug][gc,alloc,region] GC(2930) Mutator Allocation stats, regions: 180, wasted size: 0B ( 0.0%)
[426.042s][debug][gc,ergo        ] GC(2930) Running G1 Merge Heap Roots using 8 workers for 181 regions
[426.042s][debug][gc,remset      ] GC(2930) Visited cards 256 Total dirty 2048 (12.50%) Total old 759808 (0.03%)
[426.042s][debug][gc,ergo        ] GC(2930) Running G1 Clear Card Table Task using 1 workers for 1 units of work for 182 regions.
[426.042s][debug][gc,ref         ] GC(2930) Skipped phase1 of Reference Processing due to unavailable references
[426.042s][debug][gc,ref         ] GC(2930) Skipped phase2 of Reference Processing due to unavailable references
[426.042s][debug][gc,ref         ] GC(2930) Skipped phase3 of Reference Processing due to unavailable references
[426.042s][debug][gc,ref         ] GC(2930) Skipped phase4 of Reference Processing due to unavailable references
[426.043s][debug][gc,ergo        ] GC(2930) Running G1 Free Collection Set using 8 workers for collection set length 181 (302)
[426.043s][debug][gc,ergo        ] GC(2930) Running G1 Rebuild Free List Task using 8 workers for rebuilding free list of 0 (4096) regions
[426.043s][trace][gc,age         ] GC(2930) Age table with threshold 15 (max threshold 15)
[426.043s][trace][gc,age         ] GC(2930) - age   1:        600 bytes,        600 total
[426.043s][debug][gc,plab        ] GC(2930) Young PLAB allocation: allocated: 16512B, wasted: 0B, unused: 15912B, used: 600B, undo waste: 0B, 
[426.043s][debug][gc,plab        ] GC(2930) Young other allocation: region end waste: 0B, regions filled: 1, direct allocated: 0B, failure used: 0B, failure wasted: 0B
[426.043s][debug][gc,plab        ] GC(2930) Young sizing: calculated: 120B, actual: 2064B
[426.043s][debug][gc,plab        ] GC(2930) Old PLAB allocation: allocated: 0B, wasted: 0B, unused: 0B, used: 0B, undo waste: 0B, 
[426.043s][debug][gc,plab        ] GC(2930) Old other allocation: region end waste: 0B, regions filled: 1, direct allocated: 0B, failure used: 0B, failure wasted: 0B
[426.043s][debug][gc,plab        ] GC(2930) Old sizing: calculated: 0B, actual: 2064B
[426.043s][debug][gc,ihop        ] GC(2930) Basic information (value update), threshold: 142501478B (45.00), target occupancy: 316669952B, current occupancy: 4171256B, recent allocation size: 0B, recent allocation duration: 144.68ms, recent old gen allocation rate: 0.00B/s, recent marking phase length: 0.00ms
[426.043s][debug][gc,ihop        ] GC(2930) Adaptive IHOP information (value update), threshold: 142501478B (47.37), internal target occupancy: 300836454B, occupancy: 4171256B, additional buffer size: 189792256B, predicted old gen allocation rate: 0.00B/s, predicted marking phase length: 0.00ms, prediction active: false
[426.043s][debug][gc,ergo,refine ] GC(2930) Concurrent refinement times: Logged Cards Scan time goal: 20.00ms Logged Cards Scan time: 0.00ms HCC time: 0.00ms
[426.043s][debug][gc,ergo,refine ] GC(2930) Updated Refinement Zones: green: 2048, yellow: 6144, red: 10240
[426.043s][info ][gc,phases      ] GC(2930)   Pre Evacuate Collection Set: 0.1ms
[426.043s][debug][gc,phases      ] GC(2930)     Prepare TLABs: 0.0ms
[426.043s][debug][gc,phases      ] GC(2930)     Choose Collection Set: 0.0ms
[426.043s][debug][gc,phases      ] GC(2930)     Region Register: 0.1ms
[426.043s][debug][gc,phases      ] GC(2930)     Prepare Heap Roots: 0.0ms
[426.043s][info ][gc,phases      ] GC(2930)   Merge Heap Roots: 0.1ms
[426.043s][debug][gc,phases      ] GC(2930)     Prepare Merge Heap Roots: 0.0ms
[426.043s][debug][gc,phases      ] GC(2930)     Eager Reclaim (ms):       skipped
[426.043s][debug][gc,phases      ] GC(2930)     Remembered Sets (ms):     Min:  0.0, Avg:  0.0, Max:  0.0, Diff:  0.0, Sum:  0.1, Workers: 8
[426.043s][debug][gc,phases      ] GC(2930)       Merged Sparse:            Min: 0, Avg:  0.0, Max: 0, Diff: 0, Sum: 0, Workers: 8
[426.043s][debug][gc,phases      ] GC(2930)       Merged Fine:              Min: 0, Avg:  0.0, Max: 0, Diff: 0, Sum: 0, Workers: 8
[426.043s][debug][gc,phases      ] GC(2930)       Merged Coarse:            Min: 0, Avg:  0.0, Max: 0, Diff: 0, Sum: 0, Workers: 8
[426.043s][debug][gc,phases      ] GC(2930)       Dirty Cards:              Min: 0, Avg:  0.0, Max: 0, Diff: 0, Sum: 0, Workers: 8
[426.043s][debug][gc,phases      ] GC(2930)     Hot Card Cache (ms):      Min:  0.0, Avg:  0.0, Max:  0.0, Diff:  0.0, Sum:  0.0, Workers: 8
[426.043s][debug][gc,phases      ] GC(2930)       Dirty Cards:              Min: 0, Avg:  0.0, Max: 0, Diff: 0, Sum: 0, Workers: 8
[426.043s][debug][gc,phases      ] GC(2930)       Skipped Cards:            Min: 0, Avg:  0.0, Max: 0, Diff: 0, Sum: 0, Workers: 8
[426.043s][debug][gc,phases      ] GC(2930)     Log Buffers (ms):         Min:  0.0, Avg:  0.0, Max:  0.0, Diff:  0.0, Sum:  0.0, Workers: 8
[426.043s][debug][gc,phases      ] GC(2930)       Dirty Cards:              Min: 0, Avg:  0.1, Max: 1, Diff: 1, Sum: 1, Workers: 8
[426.043s][debug][gc,phases      ] GC(2930)       Skipped Cards:            Min: 0, Avg:  0.0, Max: 0, Diff: 0, Sum: 0, Workers: 8
[426.043s][info ][gc,phases      ] GC(2930)   Evacuate Collection Set: 0.2ms
[426.043s][debug][gc,phases      ] GC(2930)     Ext Root Scanning (ms):   Min:  0.0, Avg:  0.0, Max:  0.1, Diff:  0.0, Sum:  0.2, Workers: 8
[426.043s][debug][gc,phases      ] GC(2930)     Scan Heap Roots (ms):     Min:  0.0, Avg:  0.0, Max:  0.0, Diff:  0.0, Sum:  0.0, Workers: 8
[426.043s][debug][gc,phases      ] GC(2930)       Scanned Cards:            Min: 0, Avg:  0.1, Max: 1, Diff: 1, Sum: 1, Workers: 8
[426.043s][debug][gc,phases      ] GC(2930)       Scanned Blocks:           Min: 0, Avg:  0.1, Max: 1, Diff: 1, Sum: 1, Workers: 8
[426.043s][debug][gc,phases      ] GC(2930)       Claimed Chunks:           Min: 0, Avg:  0.1, Max: 1, Diff: 1, Sum: 1, Workers: 8
[426.043s][debug][gc,phases      ] GC(2930)     Code Root Scan (ms):      Min:  0.0, Avg:  0.0, Max:  0.0, Diff:  0.0, Sum:  0.0, Workers: 8
[426.043s][debug][gc,phases      ] GC(2930)     Object Copy (ms):         Min:  0.0, Avg:  0.0, Max:  0.0, Diff:  0.0, Sum:  0.0, Workers: 8
[426.043s][debug][gc,phases      ] GC(2930)     Termination (ms):         Min:  0.1, Avg:  0.1, Max:  0.1, Diff:  0.0, Sum:  0.7, Workers: 8
[426.043s][debug][gc,phases      ] GC(2930)       Termination Attempts:     Min: 1, Avg:  1.0, Max: 1, Diff: 0, Sum: 8, Workers: 8
[426.043s][debug][gc,phases      ] GC(2930)     GC Worker Other (ms):     Min:  0.0, Avg:  0.0, Max:  0.0, Diff:  0.0, Sum:  0.1, Workers: 8
[426.043s][debug][gc,phases      ] GC(2930)     GC Worker Total (ms):     Min:  0.1, Avg:  0.1, Max:  0.2, Diff:  0.0, Sum:  1.0, Workers: 8
[426.043s][info ][gc,phases      ] GC(2930)   Post Evacuate Collection Set: 0.4ms
[426.043s][debug][gc,phases      ] GC(2930)     Code Roots Fixup: 0.0ms
[426.043s][debug][gc,phases      ] GC(2930)     Clear Card Table: 0.1ms
[426.043s][debug][gc,phases      ] GC(2930)     Reference Processing: 0.0ms
[426.043s][debug][gc,phases,ref  ] GC(2930)       Reconsider SoftReferences: 0.0ms
[426.043s][debug][gc,phases,ref  ] GC(2930)         SoftRef (ms):             skipped
[426.043s][debug][gc,phases,ref  ] GC(2930)       Notify Soft/WeakReferences: 0.0ms
[426.043s][debug][gc,phases,ref  ] GC(2930)         SoftRef (ms):             skipped
[426.043s][debug][gc,phases,ref  ] GC(2930)         WeakRef (ms):             skipped
[426.043s][debug][gc,phases,ref  ] GC(2930)         FinalRef (ms):            skipped
[426.043s][debug][gc,phases,ref  ] GC(2930)         Total (ms):               skipped
[426.043s][debug][gc,phases,ref  ] GC(2930)       Notify and keep alive finalizable: 0.0ms
[426.043s][debug][gc,phases,ref  ] GC(2930)         FinalRef (ms):            skipped
[426.043s][debug][gc,phases,ref  ] GC(2930)       Notify PhantomReferences: 0.0ms
[426.043s][debug][gc,phases,ref  ] GC(2930)         PhantomRef (ms):          skipped
[426.043s][debug][gc,phases,ref  ] GC(2930)       SoftReference:
[426.043s][debug][gc,phases,ref  ] GC(2930)         Discovered: 0
[426.043s][debug][gc,phases,ref  ] GC(2930)         Cleared: 0
[426.043s][debug][gc,phases,ref  ] GC(2930)       WeakReference:
[426.043s][debug][gc,phases,ref  ] GC(2930)         Discovered: 0
[426.043s][debug][gc,phases,ref  ] GC(2930)         Cleared: 0
[426.043s][debug][gc,phases,ref  ] GC(2930)       FinalReference:
[426.043s][debug][gc,phases,ref  ] GC(2930)         Discovered: 0
[426.043s][debug][gc,phases,ref  ] GC(2930)         Cleared: 0
[426.043s][debug][gc,phases,ref  ] GC(2930)       PhantomReference:
[426.043s][debug][gc,phases,ref  ] GC(2930)         Discovered: 0
[426.043s][debug][gc,phases,ref  ] GC(2930)         Cleared: 0
[426.043s][debug][gc,phases      ] GC(2930)     Weak Processing: 0.1ms
[426.043s][debug][gc,phases      ] GC(2930)       JVMTI weak processing: 0.0ms
[426.043s][debug][gc,phases      ] GC(2930)         Dead: 0
[426.043s][debug][gc,phases      ] GC(2930)         Total: 0
[426.043s][debug][gc,phases      ] GC(2930)       JFR weak processing: 0.0ms
[426.043s][debug][gc,phases      ] GC(2930)         Dead: 0
[426.043s][debug][gc,phases      ] GC(2930)         Total: 0
[426.043s][debug][gc,phases      ] GC(2930)       JNI weak                  Min:  0.0, Avg:  0.0, Max:  0.0, Diff:  0.0, Sum:  0.0, Workers: 5
[426.043s][debug][gc,phases      ] GC(2930)         Dead                      Min: 0, Avg:  0.0, Max: 0, Diff: 0, Sum: 0, Workers: 5
[426.043s][debug][gc,phases      ] GC(2930)         Total                     Min: 0, Avg: 13.6, Max: 68, Diff: 68, Sum: 68, Workers: 5
[426.043s][debug][gc,phases      ] GC(2930)       VM weak                   Min:  0.0, Avg:  0.0, Max:  0.0, Diff:  0.0, Sum:  0.0, Workers: 5
[426.043s][debug][gc,phases      ] GC(2930)         Dead                      Min: 0, Avg:  0.0, Max: 0, Diff: 0, Sum: 0, Workers: 5
[426.043s][debug][gc,phases      ] GC(2930)         Total                     Min: 0, Avg: 42.6, Max: 213, Diff: 213, Sum: 213, Workers: 5
[426.043s][debug][gc,phases      ] GC(2930)       StringTable weak          Min:  0.0, Avg:  0.0, Max:  0.0, Diff:  0.0, Sum:  0.0, Workers: 5
[426.043s][debug][gc,phases      ] GC(2930)         Dead                      Min: 0, Avg:  0.0, Max: 0, Diff: 0, Sum: 0, Workers: 5
[426.043s][debug][gc,phases      ] GC(2930)         Total                     Min: 0, Avg: 682.0, Max: 3071, Diff: 3071, Sum: 3410, Workers: 5
[426.043s][debug][gc,phases      ] GC(2930)       ResolvedMethodTable weak  Min:  0.0, Avg:  0.0, Max:  0.0, Diff:  0.0, Sum:  0.0, Workers: 5
[426.043s][debug][gc,phases      ] GC(2930)         Dead                      Min: 0, Avg:  0.0, Max: 0, Diff: 0, Sum: 0, Workers: 5
[426.043s][debug][gc,phases      ] GC(2930)         Total                     Min: 0, Avg: 114.8, Max: 318, Diff: 318, Sum: 574, Workers: 5
[426.043s][debug][gc,phases      ] GC(2930)     Merge Per-Thread State: 0.0ms
[426.043s][debug][gc,phases      ] GC(2930)       Copied Bytes              Min: 24, Avg: 75.0, Max: 160, Diff: 136, Sum: 600, Workers: 8
[426.043s][debug][gc,phases      ] GC(2930)       LAB Waste                 Min: 0, Avg:  0.0, Max: 0, Diff: 0, Sum: 0, Workers: 8
[426.043s][debug][gc,phases      ] GC(2930)       LAB Undo Waste            Min: 0, Avg:  0.0, Max: 0, Diff: 0, Sum: 0, Workers: 8
[426.043s][debug][gc,phases      ] GC(2930)     Code Roots Purge: 0.0ms
[426.043s][debug][gc,phases      ] GC(2930)     Redirty Cards: 0.0ms
[426.043s][debug][gc,phases      ] GC(2930)     DerivedPointerTable Update: 0.0ms
[426.043s][debug][gc,phases      ] GC(2930)     Free Collection Set: 0.1ms
[426.043s][debug][gc,phases      ] GC(2930)     Rebuild Free List: 0.1ms
[426.043s][debug][gc,phases      ] GC(2930)     Humongous Reclaim: 0.0ms
[426.043s][debug][gc,phases      ] GC(2930)     Start New Collection Set: 0.0ms
[426.043s][debug][gc,phases      ] GC(2930)     Resize TLABs: 0.0ms
[426.043s][debug][gc,phases      ] GC(2930)     Expand Heap After Collection: 0.0ms
[426.043s][info ][gc,phases      ] GC(2930)   Other: 0.2ms
[426.043s][info ][gc,heap        ] GC(2930) Eden regions: 180->0(180)
[426.043s][info ][gc,heap        ] GC(2930) Survivor regions: 1->1(23)
[426.043s][info ][gc,heap        ] GC(2930) Old regions: 7->7
[426.043s][info ][gc,heap        ] GC(2930) Archive regions: 2->2
[426.043s][info ][gc,heap        ] GC(2930) Humongous regions: 0->0
[426.043s][info ][gc,metaspace   ] GC(2930) Metaspace: 9905K(10624K)->9905K(10624K) NonClass: 8758K(9216K)->8758K(9216K) Class: 1146K(1408K)->1146K(1408K)
[426.043s][debug][gc,heap        ] GC(2930) Heap after GC invocations=2931 (full 1): garbage-first heap   total 309248K, used 4073K [0x0000000700000000, 0x0000000800000000)
[426.043s][debug][gc,heap        ] GC(2930)   region size 1024K, 1 young (1024K), 1 survivors (1024K)
[426.043s][debug][gc,heap        ] GC(2930)  Metaspace       used 9905K, capacity 10179K, committed 10624K, reserved 1058816K
[426.043s][debug][gc,heap        ] GC(2930)   class space    used 1146K, capacity 1267K, committed 1408K, reserved 1048576K
[426.043s][info ][gc             ] GC(2930) Pause Young (Normal) (G1 Evacuation Pause) 183M->3M(302M) 1.555ms
[426.043s][info ][gc,cpu         ] GC(2930) User=0.01s Sys=0.00s Real=0.01s
[426.043s][info ][safepoint      ] Safepoint "G1CollectForAllocation", Time since last: 143639553 ns, Reaching safepoint: 164636 ns, At safepoint: 1712423 ns, Total: 1877059 ns
[426.189s][debug][gc,heap        ] GC(2931) Heap before GC invocations=2931 (full 1): garbage-first heap   total 309248K, used 188393K [0x0000000700000000, 0x0000000800000000)
[426.189s][debug][gc,heap        ] GC(2931)   region size 1024K, 181 young (185344K), 1 survivors (1024K)
[426.189s][debug][gc,heap        ] GC(2931)  Metaspace       used 9905K, capacity 10179K, committed 10624K, reserved 1058816K
[426.189s][debug][gc,heap        ] GC(2931)   class space    used 1146K, capacity 1267K, committed 1408K, reserved 1048576K
[426.189s][info ][gc,start       ] GC(2931) Pause Young (Normal) (G1 Evacuation Pause)
[426.189s][info ][gc,task        ] GC(2931) Using 8 workers of 8 for evacuation
[426.189s][debug][gc,tlab        ] GC(2931) TLAB totals: thrds: 8  refills: 724 max: 94 slow allocs: 0 max 0 waste:  1.0% gc: 1469976B max: 404976B slow: 419352B max: 54456B fast: 0B max: 0B
[426.189s][debug][gc,age         ] GC(2931) Desired survivor size 12058624 bytes, new threshold 15 (max threshold 15)
[426.189s][debug][gc,alloc,region] GC(2931) Mutator Allocation stats, regions: 180, wasted size: 0B ( 0.0%)
[426.189s][debug][gc,ergo        ] GC(2931) Running G1 Merge Heap Roots using 8 workers for 181 regions
[426.189s][debug][gc,remset      ] GC(2931) Visited cards 256 Total dirty 2048 (12.50%) Total old 759808 (0.03%)
[426.189s][debug][gc,ergo        ] GC(2931) Running G1 Clear Card Table Task using 1 workers for 1 units of work for 182 regions.
[426.189s][debug][gc,ref         ] GC(2931) Skipped phase1 of Reference Processing due to unavailable references
[426.189s][debug][gc,ref         ] GC(2931) Skipped phase2 of Reference Processing due to unavailable references
[426.189s][debug][gc,ref         ] GC(2931) Skipped phase3 of Reference Processing due to unavailable references
[426.189s][debug][gc,ref         ] GC(2931) Skipped phase4 of Reference Processing due to unavailable references
[426.189s][debug][gc,ergo        ] GC(2931) Running G1 Free Collection Set using 8 workers for collection set length 181 (302)
[426.189s][debug][gc,ergo        ] GC(2931) Running G1 Rebuild Free List Task using 8 workers for rebuilding free list of 0 (4096) regions
[426.189s][trace][gc,age         ] GC(2931) Age table with threshold 15 (max threshold 15)
[426.190s][trace][gc,age         ] GC(2931) - age   1:        536 bytes,        536 total
[426.190s][debug][gc,plab        ] GC(2931) Young PLAB allocation: allocated: 10320B, wasted: 0B, unused: 9784B, used: 536B, undo waste: 0B, 
[426.190s][debug][gc,plab        ] GC(2931) Young other allocation: region end waste: 0B, regions filled: 1, direct allocated: 0B, failure used: 0B, failure wasted: 0B
[426.190s][debug][gc,plab        ] GC(2931) Young sizing: calculated: 104B, actual: 2064B
[426.190s][debug][gc,plab        ] GC(2931) Old PLAB allocation: allocated: 0B, wasted: 0B, unused: 0B, used: 0B, undo waste: 0B, 
[426.190s][debug][gc,plab        ] GC(2931) Old other allocation: region end waste: 0B, regions filled: 1, direct allocated: 0B, failure used: 0B, failure wasted: 0B
[426.190s][debug][gc,plab        ] GC(2931) Old sizing: calculated: 0B, actual: 2064B
[426.190s][debug][gc,ihop        ] GC(2931) Basic information (value update), threshold: 142501478B (45.00), target occupancy: 316669952B, current occupancy: 4165064B, recent allocation size: 0B, recent allocation duration: 146.13ms, recent old gen allocation rate: 0.00B/s, recent marking phase length: 0.00ms
[426.190s][debug][gc,ihop        ] GC(2931) Adaptive IHOP information (value update), threshold: 142501478B (47.37), internal target occupancy: 300836454B, occupancy: 4165064B, additional buffer size: 189792256B, predicted old gen allocation rate: 0.00B/s, predicted marking phase length: 0.00ms, prediction active: false
[426.190s][debug][gc,ergo,refine ] GC(2931) Concurrent refinement times: Logged Cards Scan time goal: 20.00ms Logged Cards Scan time: 0.00ms HCC time: 0.00ms
[426.190s][debug][gc,ergo,refine ] GC(2931) Updated Refinement Zones: green: 2048, yellow: 6144, red: 10240
[426.190s][info ][gc,phases      ] GC(2931)   Pre Evacuate Collection Set: 0.1ms
[426.190s][debug][gc,phases      ] GC(2931)     Prepare TLABs: 0.0ms
[426.190s][debug][gc,phases      ] GC(2931)     Choose Collection Set: 0.0ms
[426.190s][debug][gc,phases      ] GC(2931)     Region Register: 0.1ms
[426.190s][debug][gc,phases      ] GC(2931)     Prepare Heap Roots: 0.0ms
[426.190s][info ][gc,phases      ] GC(2931)   Merge Heap Roots: 0.1ms
[426.190s][debug][gc,phases      ] GC(2931)     Prepare Merge Heap Roots: 0.0ms
[426.190s][debug][gc,phases      ] GC(2931)     Eager Reclaim (ms):       skipped
[426.190s][debug][gc,phases      ] GC(2931)     Remembered Sets (ms):     Min:  0.0, Avg:  0.0, Max:  0.0, Diff:  0.0, Sum:  0.0, Workers: 8
[426.190s][debug][gc,phases      ] GC(2931)       Merged Sparse:            Min: 0, Avg:  0.0, Max: 0, Diff: 0, Sum: 0, Workers: 8
[426.190s][debug][gc,phases      ] GC(2931)       Merged Fine:              Min: 0, Avg:  0.0, Max: 0, Diff: 0, Sum: 0, Workers: 8
[426.190s][debug][gc,phases      ] GC(2931)       Merged Coarse:            Min: 0, Avg:  0.0, Max: 0, Diff: 0, Sum: 0, Workers: 8
[426.190s][debug][gc,phases      ] GC(2931)       Dirty Cards:              Min: 0, Avg:  0.0, Max: 0, Diff: 0, Sum: 0, Workers: 8
[426.190s][debug][gc,phases      ] GC(2931)     Hot Card Cache (ms):      Min:  0.0, Avg:  0.0, Max:  0.0, Diff:  0.0, Sum:  0.0, Workers: 8
[426.190s][debug][gc,phases      ] GC(2931)       Dirty Cards:              Min: 0, Avg:  0.0, Max: 0, Diff: 0, Sum: 0, Workers: 8
[426.190s][debug][gc,phases      ] GC(2931)       Skipped Cards:            Min: 0, Avg:  0.0, Max: 0, Diff: 0, Sum: 0, Workers: 8
[426.190s][debug][gc,phases      ] GC(2931)     Log Buffers (ms):         Min:  0.0, Avg:  0.0, Max:  0.0, Diff:  0.0, Sum:  0.0, Workers: 8
[426.190s][debug][gc,phases      ] GC(2931)       Dirty Cards:              Min: 0, Avg:  0.1, Max: 1, Diff: 1, Sum: 1, Workers: 8
[426.190s][debug][gc,phases      ] GC(2931)       Skipped Cards:            Min: 0, Avg:  0.0, Max: 0, Diff: 0, Sum: 0, Workers: 8
[426.190s][info ][gc,phases      ] GC(2931)   Evacuate Collection Set: 0.1ms
[426.190s][debug][gc,phases      ] GC(2931)     Ext Root Scanning (ms):   Min:  0.0, Avg:  0.0, Max:  0.1, Diff:  0.1, Sum:  0.2, Workers: 8
[426.190s][debug][gc,phases      ] GC(2931)     Scan Heap Roots (ms):     Min:  0.0, Avg:  0.0, Max:  0.0, Diff:  0.0, Sum:  0.0, Workers: 8
[426.190s][debug][gc,phases      ] GC(2931)       Scanned Cards:            Min: 0, Avg:  0.1, Max: 1, Diff: 1, Sum: 1, Workers: 8
[426.190s][debug][gc,phases      ] GC(2931)       Scanned Blocks:           Min: 0, Avg:  0.1, Max: 1, Diff: 1, Sum: 1, Workers: 8
[426.190s][debug][gc,phases      ] GC(2931)       Claimed Chunks:           Min: 0, Avg:  0.1, Max: 1, Diff: 1, Sum: 1, Workers: 8
[426.190s][debug][gc,phases      ] GC(2931)     Code Root Scan (ms):      Min:  0.0, Avg:  0.0, Max:  0.0, Diff:  0.0, Sum:  0.0, Workers: 8
[426.190s][debug][gc,phases      ] GC(2931)     Object Copy (ms):         Min:  0.0, Avg:  0.0, Max:  0.0, Diff:  0.0, Sum:  0.0, Workers: 8
[426.190s][debug][gc,phases      ] GC(2931)     Termination (ms):         Min:  0.0, Avg:  0.0, Max:  0.1, Diff:  0.0, Sum:  0.4, Workers: 8
[426.190s][debug][gc,phases      ] GC(2931)       Termination Attempts:     Min: 1, Avg:  1.0, Max: 1, Diff: 0, Sum: 8, Workers: 8
[426.190s][debug][gc,phases      ] GC(2931)     GC Worker Other (ms):     Min:  0.0, Avg:  0.0, Max:  0.0, Diff:  0.0, Sum:  0.1, Workers: 8
[426.190s][debug][gc,phases      ] GC(2931)     GC Worker Total (ms):     Min:  0.1, Avg:  0.1, Max:  0.1, Diff:  0.0, Sum:  0.8, Workers: 8
[426.190s][info ][gc,phases      ] GC(2931)   Post Evacuate Collection Set: 0.3ms
[426.190s][debug][gc,phases      ] GC(2931)     Code Roots Fixup: 0.0ms
[426.190s][debug][gc,phases      ] GC(2931)     Clear Card Table: 0.1ms
[426.190s][debug][gc,phases      ] GC(2931)     Reference Processing: 0.0ms
[426.190s][debug][gc,phases,ref  ] GC(2931)       Reconsider SoftReferences: 0.0ms
[426.190s][debug][gc,phases,ref  ] GC(2931)         SoftRef (ms):             skipped
[426.190s][debug][gc,phases,ref  ] GC(2931)       Notify Soft/WeakReferences: 0.0ms
[426.190s][debug][gc,phases,ref  ] GC(2931)         SoftRef (ms):             skipped
[426.190s][debug][gc,phases,ref  ] GC(2931)         WeakRef (ms):             skipped
[426.190s][debug][gc,phases,ref  ] GC(2931)         FinalRef (ms):            skipped
[426.190s][debug][gc,phases,ref  ] GC(2931)         Total (ms):               skipped
[426.190s][debug][gc,phases,ref  ] GC(2931)       Notify and keep alive finalizable: 0.0ms
[426.190s][debug][gc,phases,ref  ] GC(2931)         FinalRef (ms):            skipped
[426.190s][debug][gc,phases,ref  ] GC(2931)       Notify PhantomReferences: 0.0ms
[426.190s][debug][gc,phases,ref  ] GC(2931)         PhantomRef (ms):          skipped
[426.190s][debug][gc,phases,ref  ] GC(2931)       SoftReference:
[426.190s][debug][gc,phases,ref  ] GC(2931)         Discovered: 0
[426.190s][debug][gc,phases,ref  ] GC(2931)         Cleared: 0
[426.190s][debug][gc,phases,ref  ] GC(2931)       WeakReference:
[426.190s][debug][gc,phases,ref  ] GC(2931)         Discovered: 0
[426.190s][debug][gc,phases,ref  ] GC(2931)         Cleared: 0
[426.190s][debug][gc,phases,ref  ] GC(2931)       FinalReference:
[426.190s][debug][gc,phases,ref  ] GC(2931)         Discovered: 0
[426.190s][debug][gc,phases,ref  ] GC(2931)         Cleared: 0
[426.190s][debug][gc,phases,ref  ] GC(2931)       PhantomReference:
[426.190s][debug][gc,phases,ref  ] GC(2931)         Discovered: 0
[426.190s][debug][gc,phases,ref  ] GC(2931)         Cleared: 0
[426.190s][debug][gc,phases      ] GC(2931)     Weak Processing: 0.0ms
[426.190s][debug][gc,phases      ] GC(2931)       JVMTI weak processing: 0.0ms
[426.190s][debug][gc,phases      ] GC(2931)         Dead: 0
[426.190s][debug][gc,phases      ] GC(2931)         Total: 0
[426.190s][debug][gc,phases      ] GC(2931)       JFR weak processing: 0.0ms
[426.190s][debug][gc,phases      ] GC(2931)         Dead: 0
[426.190s][debug][gc,phases      ] GC(2931)         Total: 0
[426.190s][debug][gc,phases      ] GC(2931)       JNI weak                  Min:  0.0, Avg:  0.0, Max:  0.0, Diff:  0.0, Sum:  0.0, Workers: 5
[426.190s][debug][gc,phases      ] GC(2931)         Dead                      Min: 0, Avg:  0.0, Max: 0, Diff: 0, Sum: 0, Workers: 5
[426.190s][debug][gc,phases      ] GC(2931)         Total                     Min: 0, Avg: 13.6, Max: 52, Diff: 52, Sum: 68, Workers: 5
[426.190s][debug][gc,phases      ] GC(2931)       VM weak                   Min:  0.0, Avg:  0.0, Max:  0.0, Diff:  0.0, Sum:  0.0, Workers: 5
[426.190s][debug][gc,phases      ] GC(2931)         Dead                      Min: 0, Avg:  0.0, Max: 0, Diff: 0, Sum: 0, Workers: 5
[426.190s][debug][gc,phases      ] GC(2931)         Total                     Min: 0, Avg: 42.6, Max: 128, Diff: 128, Sum: 213, Workers: 5
[426.190s][debug][gc,phases      ] GC(2931)       StringTable weak          Min:  0.0, Avg:  0.0, Max:  0.0, Diff:  0.0, Sum:  0.1, Workers: 5
[426.190s][debug][gc,phases      ] GC(2931)         Dead                      Min: 0, Avg:  0.0, Max: 0, Diff: 0, Sum: 0, Workers: 5
[426.190s][debug][gc,phases      ] GC(2931)         Total                     Min: 0, Avg: 682.0, Max: 1683, Diff: 1683, Sum: 3410, Workers: 5
[426.190s][debug][gc,phases      ] GC(2931)       ResolvedMethodTable weak  Min:  0.0, Avg:  0.0, Max:  0.0, Diff:  0.0, Sum:  0.0, Workers: 5
[426.190s][debug][gc,phases      ] GC(2931)         Dead                      Min: 0, Avg:  0.0, Max: 0, Diff: 0, Sum: 0, Workers: 5
[426.190s][debug][gc,phases      ] GC(2931)         Total                     Min: 0, Avg: 114.8, Max: 192, Diff: 192, Sum: 574, Workers: 5
[426.190s][debug][gc,phases      ] GC(2931)     Merge Per-Thread State: 0.0ms
[426.190s][debug][gc,phases      ] GC(2931)       Copied Bytes              Min: 0, Avg: 67.0, Max: 200, Diff: 200, Sum: 536, Workers: 8
[426.190s][debug][gc,phases      ] GC(2931)       LAB Waste                 Min: 0, Avg:  0.0, Max: 0, Diff: 0, Sum: 0, Workers: 8
[426.190s][debug][gc,phases      ] GC(2931)       LAB Undo Waste            Min: 0, Avg:  0.0, Max: 0, Diff: 0, Sum: 0, Workers: 8
[426.190s][debug][gc,phases      ] GC(2931)     Code Roots Purge: 0.0ms
[426.190s][debug][gc,phases      ] GC(2931)     Redirty Cards: 0.0ms
[426.190s][debug][gc,phases      ] GC(2931)     DerivedPointerTable Update: 0.0ms
[426.190s][debug][gc,phases      ] GC(2931)     Free Collection Set: 0.1ms
[426.190s][debug][gc,phases      ] GC(2931)     Rebuild Free List: 0.0ms
[426.190s][debug][gc,phases      ] GC(2931)     Humongous Reclaim: 0.0ms
[426.190s][debug][gc,phases      ] GC(2931)     Start New Collection Set: 0.0ms
[426.190s][debug][gc,phases      ] GC(2931)     Resize TLABs: 0.0ms
[426.190s][debug][gc,phases      ] GC(2931)     Expand Heap After Collection: 0.0ms
[426.190s][info ][gc,phases      ] GC(2931)   Other: 0.2ms
[426.190s][info ][gc,heap        ] GC(2931) Eden regions: 180->0(180)
[426.190s][info ][gc,heap        ] GC(2931) Survivor regions: 1->1(23)
[426.190s][info ][gc,heap        ] GC(2931) Old regions: 7->7
[426.190s][info ][gc,heap        ] GC(2931) Archive regions: 2->2
[426.190s][info ][gc,heap        ] GC(2931) Humongous regions: 0->0
[426.190s][info ][gc,metaspace   ] GC(2931) Metaspace: 9905K(10624K)->9905K(10624K) NonClass: 8758K(9216K)->8758K(9216K) Class: 1146K(1408K)->1146K(1408K)
[426.190s][debug][gc,heap        ] GC(2931) Heap after GC invocations=2932 (full 1): garbage-first heap   total 309248K, used 4067K [0x0000000700000000, 0x0000000800000000)
[426.190s][debug][gc,heap        ] GC(2931)   region size 1024K, 1 young (1024K), 1 survivors (1024K)
[426.190s][debug][gc,heap        ] GC(2931)  Metaspace       used 9905K, capacity 10179K, committed 10624K, reserved 1058816K
[426.190s][debug][gc,heap        ] GC(2931)   class space    used 1146K, capacity 1267K, committed 1408K, reserved 1048576K
[426.190s][info ][gc             ] GC(2931) Pause Young (Normal) (G1 Evacuation Pause) 183M->3M(302M) 1.385ms
[426.190s][info ][gc,cpu         ] GC(2931) User=0.00s Sys=0.00s Real=0.00s
[426.190s][info ][safepoint      ] Safepoint "G1CollectForAllocation", Time since last: 145105256 ns, Reaching safepoint: 168381 ns, At safepoint: 1548419 ns, Total: 1716800 ns
[426.336s][debug][gc,heap        ] GC(2932) Heap before GC invocations=2932 (full 1): garbage-first heap   total 309248K, used 188387K [0x0000000700000000, 0x0000000800000000)
[426.336s][debug][gc,heap        ] GC(2932)   region size 1024K, 181 young (185344K), 1 survivors (1024K)
[426.336s][debug][gc,heap        ] GC(2932)  Metaspace       used 9905K, capacity 10179K, committed 10624K, reserved 1058816K
[426.336s][debug][gc,heap        ] GC(2932)   class space    used 1146K, capacity 1267K, committed 1408K, reserved 1048576K
[426.336s][info ][gc,start       ] GC(2932) Pause Young (Normal) (G1 Evacuation Pause)
[426.336s][info ][gc,task        ] GC(2932) Using 8 workers of 8 for evacuation
[426.336s][debug][gc,tlab        ] GC(2932) TLAB totals: thrds: 8  refills: 722 max: 94 slow allocs: 0 max 0 waste:  0.8% gc: 1056408B max: 330992B slow: 417048B max: 54248B fast: 0B max: 0B
[426.336s][debug][gc,age         ] GC(2932) Desired survivor size 12058624 bytes, new threshold 15 (max threshold 15)
[426.336s][debug][gc,alloc,region] GC(2932) Mutator Allocation stats, regions: 180, wasted size: 0B ( 0.0%)
[426.336s][debug][gc,ergo        ] GC(2932) Running G1 Merge Heap Roots using 8 workers for 181 regions
[426.336s][debug][gc,remset      ] GC(2932) Visited cards 256 Total dirty 2048 (12.50%) Total old 759808 (0.03%)
[426.336s][debug][gc,ergo        ] GC(2932) Running G1 Clear Card Table Task using 1 workers for 1 units of work for 182 regions.
[426.336s][debug][gc,ref         ] GC(2932) Skipped phase1 of Reference Processing due to unavailable references
[426.336s][debug][gc,ref         ] GC(2932) Skipped phase2 of Reference Processing due to unavailable references
[426.336s][debug][gc,ref         ] GC(2932) Skipped phase3 of Reference Processing due to unavailable references
[426.336s][debug][gc,ref         ] GC(2932) Skipped phase4 of Reference Processing due to unavailable references
[426.336s][debug][gc,ergo        ] GC(2932) Running G1 Free Collection Set using 8 workers for collection set length 181 (302)
[426.336s][debug][gc,ergo        ] GC(2932) Running G1 Rebuild Free List Task using 8 workers for rebuilding free list of 0 (4096) regions
[426.337s][trace][gc,age         ] GC(2932) Age table with threshold 15 (max threshold 15)
[426.337s][trace][gc,age         ] GC(2932) - age   1:        688 bytes,        688 total
[426.337s][debug][gc,plab        ] GC(2932) Young PLAB allocation: allocated: 14448B, wasted: 0B, unused: 13760B, used: 688B, undo waste: 0B, 
[426.337s][debug][gc,plab        ] GC(2932) Young other allocation: region end waste: 0B, regions filled: 1, direct allocated: 0B, failure used: 0B, failure wasted: 0B
[426.337s][debug][gc,plab        ] GC(2932) Young sizing: calculated: 136B, actual: 2064B
[426.337s][debug][gc,plab        ] GC(2932) Old PLAB allocation: allocated: 0B, wasted: 0B, unused: 0B, used: 0B, undo waste: 0B, 
[426.337s][debug][gc,plab        ] GC(2932) Old other allocation: region end waste: 0B, regions filled: 1, direct allocated: 0B, failure used: 0B, failure wasted: 0B
[426.337s][debug][gc,plab        ] GC(2932) Old sizing: calculated: 0B, actual: 2064B
[426.337s][debug][gc,ihop        ] GC(2932) Basic information (value update), threshold: 142501478B (45.00), target occupancy: 316669952B, current occupancy: 4169192B, recent allocation size: 0B, recent allocation duration: 146.27ms, recent old gen allocation rate: 0.00B/s, recent marking phase length: 0.00ms
[426.337s][debug][gc,ihop        ] GC(2932) Adaptive IHOP information (value update), threshold: 142501478B (47.37), internal target occupancy: 300836454B, occupancy: 4169192B, additional buffer size: 189792256B, predicted old gen allocation rate: 0.00B/s, predicted marking phase length: 0.00ms, prediction active: false
[426.337s][debug][gc,ergo,refine ] GC(2932) Concurrent refinement times: Logged Cards Scan time goal: 20.00ms Logged Cards Scan time: 0.00ms HCC time: 0.00ms
[426.337s][debug][gc,ergo,refine ] GC(2932) Updated Refinement Zones: green: 2048, yellow: 6144, red: 10240
[426.337s][info ][gc,phases      ] GC(2932)   Pre Evacuate Collection Set: 0.1ms
[426.337s][debug][gc,phases      ] GC(2932)     Prepare TLABs: 0.0ms
[426.337s][debug][gc,phases      ] GC(2932)     Choose Collection Set: 0.0ms
[426.337s][debug][gc,phases      ] GC(2932)     Region Register: 0.1ms
[426.337s][debug][gc,phases      ] GC(2932)     Prepare Heap Roots: 0.0ms
[426.337s][info ][gc,phases      ] GC(2932)   Merge Heap Roots: 0.1ms
[426.337s][debug][gc,phases      ] GC(2932)     Prepare Merge Heap Roots: 0.0ms
[426.337s][debug][gc,phases      ] GC(2932)     Eager Reclaim (ms):       skipped
[426.337s][debug][gc,phases      ] GC(2932)     Remembered Sets (ms):     Min:  0.0, Avg:  0.0, Max:  0.0, Diff:  0.0, Sum:  0.0, Workers: 8
[426.337s][debug][gc,phases      ] GC(2932)       Merged Sparse:            Min: 0, Avg:  0.0, Max: 0, Diff: 0, Sum: 0, Workers: 8
[426.337s][debug][gc,phases      ] GC(2932)       Merged Fine:              Min: 0, Avg:  0.0, Max: 0, Diff: 0, Sum: 0, Workers: 8
[426.337s][debug][gc,phases      ] GC(2932)       Merged Coarse:            Min: 0, Avg:  0.0, Max: 0, Diff: 0, Sum: 0, Workers: 8
[426.337s][debug][gc,phases      ] GC(2932)       Dirty Cards:              Min: 0, Avg:  0.0, Max: 0, Diff: 0, Sum: 0, Workers: 8
[426.337s][debug][gc,phases      ] GC(2932)     Hot Card Cache (ms):      Min:  0.0, Avg:  0.0, Max:  0.0, Diff:  0.0, Sum:  0.0, Workers: 8
[426.337s][debug][gc,phases      ] GC(2932)       Dirty Cards:              Min: 0, Avg:  0.0, Max: 0, Diff: 0, Sum: 0, Workers: 8
[426.337s][debug][gc,phases      ] GC(2932)       Skipped Cards:            Min: 0, Avg:  0.0, Max: 0, Diff: 0, Sum: 0, Workers: 8
[426.337s][debug][gc,phases      ] GC(2932)     Log Buffers (ms):         Min:  0.0, Avg:  0.0, Max:  0.0, Diff:  0.0, Sum:  0.0, Workers: 8
[426.337s][debug][gc,phases      ] GC(2932)       Dirty Cards:              Min: 0, Avg:  0.1, Max: 1, Diff: 1, Sum: 1, Workers: 8
[426.337s][debug][gc,phases      ] GC(2932)       Skipped Cards:            Min: 0, Avg:  0.0, Max: 0, Diff: 0, Sum: 0, Workers: 8
[426.337s][info ][gc,phases      ] GC(2932)   Evacuate Collection Set: 0.2ms
[426.337s][debug][gc,phases      ] GC(2932)     Ext Root Scanning (ms):   Min:  0.0, Avg:  0.0, Max:  0.1, Diff:  0.0, Sum:  0.2, Workers: 8
[426.337s][debug][gc,phases      ] GC(2932)     Scan Heap Roots (ms):     Min:  0.0, Avg:  0.0, Max:  0.0, Diff:  0.0, Sum:  0.0, Workers: 8
[426.337s][debug][gc,phases      ] GC(2932)       Scanned Cards:            Min: 0, Avg:  0.1, Max: 1, Diff: 1, Sum: 1, Workers: 8
[426.337s][debug][gc,phases      ] GC(2932)       Scanned Blocks:           Min: 0, Avg:  0.1, Max: 1, Diff: 1, Sum: 1, Workers: 8
[426.337s][debug][gc,phases      ] GC(2932)       Claimed Chunks:           Min: 0, Avg:  0.1, Max: 1, Diff: 1, Sum: 1, Workers: 8
[426.337s][debug][gc,phases      ] GC(2932)     Code Root Scan (ms):      Min:  0.0, Avg:  0.0, Max:  0.0, Diff:  0.0, Sum:  0.0, Workers: 8
[426.337s][debug][gc,phases      ] GC(2932)     Object Copy (ms):         Min:  0.0, Avg:  0.0, Max:  0.0, Diff:  0.0, Sum:  0.0, Workers: 8
[426.337s][debug][gc,phases      ] GC(2932)     Termination (ms):         Min:  0.1, Avg:  0.1, Max:  0.1, Diff:  0.0, Sum:  0.5, Workers: 8
[426.337s][debug][gc,phases      ] GC(2932)       Termination Attempts:     Min: 1, Avg:  1.0, Max: 1, Diff: 0, Sum: 8, Workers: 8
[426.337s][debug][gc,phases      ] GC(2932)     GC Worker Other (ms):     Min:  0.0, Avg:  0.0, Max:  0.0, Diff:  0.0, Sum:  0.1, Workers: 8
[426.337s][debug][gc,phases      ] GC(2932)     GC Worker Total (ms):     Min:  0.1, Avg:  0.1, Max:  0.1, Diff:  0.0, Sum:  0.9, Workers: 8
[426.337s][info ][gc,phases      ] GC(2932)   Post Evacuate Collection Set: 0.3ms
[426.337s][debug][gc,phases      ] GC(2932)     Code Roots Fixup: 0.0ms
[426.337s][debug][gc,phases      ] GC(2932)     Clear Card Table: 0.1ms
[426.337s][debug][gc,phases      ] GC(2932)     Reference Processing: 0.0ms
[426.337s][debug][gc,phases,ref  ] GC(2932)       Reconsider SoftReferences: 0.0ms
[426.337s][debug][gc,phases,ref  ] GC(2932)         SoftRef (ms):             skipped
[426.337s][debug][gc,phases,ref  ] GC(2932)       Notify Soft/WeakReferences: 0.0ms
[426.337s][debug][gc,phases,ref  ] GC(2932)         SoftRef (ms):             skipped
[426.337s][debug][gc,phases,ref  ] GC(2932)         WeakRef (ms):             skipped
[426.337s][debug][gc,phases,ref  ] GC(2932)         FinalRef (ms):            skipped
[426.337s][debug][gc,phases,ref  ] GC(2932)         Total (ms):               skipped
[426.337s][debug][gc,phases,ref  ] GC(2932)       Notify and keep alive finalizable: 0.0ms
[426.337s][debug][gc,phases,ref  ] GC(2932)         FinalRef (ms):            skipped
[426.337s][debug][gc,phases,ref  ] GC(2932)       Notify PhantomReferences: 0.0ms
[426.337s][debug][gc,phases,ref  ] GC(2932)         PhantomRef (ms):          skipped
[426.337s][debug][gc,phases,ref  ] GC(2932)       SoftReference:
[426.337s][debug][gc,phases,ref  ] GC(2932)         Discovered: 0
[426.337s][debug][gc,phases,ref  ] GC(2932)         Cleared: 0
[426.337s][debug][gc,phases,ref  ] GC(2932)       WeakReference:
[426.337s][debug][gc,phases,ref  ] GC(2932)         Discovered: 0
[426.337s][debug][gc,phases,ref  ] GC(2932)         Cleared: 0
[426.337s][debug][gc,phases,ref  ] GC(2932)       FinalReference:
[426.337s][debug][gc,phases,ref  ] GC(2932)         Discovered: 0
[426.337s][debug][gc,phases,ref  ] GC(2932)         Cleared: 0
[426.337s][debug][gc,phases,ref  ] GC(2932)       PhantomReference:
[426.337s][debug][gc,phases,ref  ] GC(2932)         Discovered: 0
[426.337s][debug][gc,phases,ref  ] GC(2932)         Cleared: 0
[426.337s][debug][gc,phases      ] GC(2932)     Weak Processing: 0.1ms
[426.337s][debug][gc,phases      ] GC(2932)       JVMTI weak processing: 0.0ms
[426.337s][debug][gc,phases      ] GC(2932)         Dead: 0
[426.337s][debug][gc,phases      ] GC(2932)         Total: 0
[426.337s][debug][gc,phases      ] GC(2932)       JFR weak processing: 0.0ms
[426.337s][debug][gc,phases      ] GC(2932)         Dead: 0
[426.337s][debug][gc,phases      ] GC(2932)         Total: 0
[426.337s][debug][gc,phases      ] GC(2932)       JNI weak                  Min:  0.0, Avg:  0.0, Max:  0.0, Diff:  0.0, Sum:  0.0, Workers: 5
[426.337s][debug][gc,phases      ] GC(2932)         Dead                      Min: 0, Avg:  0.0, Max: 0, Diff: 0, Sum: 0, Workers: 5
[426.337s][debug][gc,phases      ] GC(2932)         Total                     Min: 0, Avg: 13.6, Max: 52, Diff: 52, Sum: 68, Workers: 5
[426.337s][debug][gc,phases      ] GC(2932)       VM weak                   Min:  0.0, Avg:  0.0, Max:  0.0, Diff:  0.0, Sum:  0.0, Workers: 5
[426.337s][debug][gc,phases      ] GC(2932)         Dead                      Min: 0, Avg:  0.0, Max: 0, Diff: 0, Sum: 0, Workers: 5
[426.337s][debug][gc,phases      ] GC(2932)         Total                     Min: 0, Avg: 42.6, Max: 128, Diff: 128, Sum: 213, Workers: 5
[426.337s][debug][gc,phases      ] GC(2932)       StringTable weak          Min:  0.0, Avg:  0.0, Max:  0.0, Diff:  0.0, Sum:  0.1, Workers: 5
[426.337s][debug][gc,phases      ] GC(2932)         Dead                      Min: 0, Avg:  0.0, Max: 0, Diff: 0, Sum: 0, Workers: 5
[426.337s][debug][gc,phases      ] GC(2932)         Total                     Min: 0, Avg: 682.0, Max: 1727, Diff: 1727, Sum: 3410, Workers: 5
[426.337s][debug][gc,phases      ] GC(2932)       ResolvedMethodTable weak  Min:  0.0, Avg:  0.0, Max:  0.0, Diff:  0.0, Sum:  0.0, Workers: 5
[426.337s][debug][gc,phases      ] GC(2932)         Dead                      Min: 0, Avg:  0.0, Max: 0, Diff: 0, Sum: 0, Workers: 5
[426.337s][debug][gc,phases      ] GC(2932)         Total                     Min: 0, Avg: 114.8, Max: 318, Diff: 318, Sum: 574, Workers: 5
[426.337s][debug][gc,phases      ] GC(2932)     Merge Per-Thread State: 0.0ms
[426.337s][debug][gc,phases      ] GC(2932)       Copied Bytes              Min: 0, Avg: 86.0, Max: 200, Diff: 200, Sum: 688, Workers: 8
[426.337s][debug][gc,phases      ] GC(2932)       LAB Waste                 Min: 0, Avg:  0.0, Max: 0, Diff: 0, Sum: 0, Workers: 8
[426.337s][debug][gc,phases      ] GC(2932)       LAB Undo Waste            Min: 0, Avg:  0.0, Max: 0, Diff: 0, Sum: 0, Workers: 8
[426.337s][debug][gc,phases      ] GC(2932)     Code Roots Purge: 0.0ms
[426.337s][debug][gc,phases      ] GC(2932)     Redirty Cards: 0.0ms
[426.337s][debug][gc,phases      ] GC(2932)     DerivedPointerTable Update: 0.0ms
[426.337s][debug][gc,phases      ] GC(2932)     Free Collection Set: 0.1ms
[426.337s][debug][gc,phases      ] GC(2932)     Rebuild Free List: 0.0ms
[426.337s][debug][gc,phases      ] GC(2932)     Humongous Reclaim: 0.0ms
[426.337s][debug][gc,phases      ] GC(2932)     Start New Collection Set: 0.0ms
[426.337s][debug][gc,phases      ] GC(2932)     Resize TLABs: 0.0ms
[426.337s][debug][gc,phases      ] GC(2932)     Expand Heap After Collection: 0.0ms
[426.337s][info ][gc,phases      ] GC(2932)   Other: 0.2ms
[426.337s][info ][gc,heap        ] GC(2932) Eden regions: 180->0(180)
[426.337s][info ][gc,heap        ] GC(2932) Survivor regions: 1->1(23)
[426.337s][info ][gc,heap        ] GC(2932) Old regions: 7->7
[426.337s][info ][gc,heap        ] GC(2932) Archive regions: 2->2
[426.337s][info ][gc,heap        ] GC(2932) Humongous regions: 0->0
[426.337s][info ][gc,metaspace   ] GC(2932) Metaspace: 9905K(10624K)->9905K(10624K) NonClass: 8758K(9216K)->8758K(9216K) Class: 1146K(1408K)->1146K(1408K)
[426.337s][debug][gc,heap        ] GC(2932) Heap after GC invocations=2933 (full 1): garbage-first heap   total 309248K, used 4071K [0x0000000700000000, 0x0000000800000000)
[426.337s][debug][gc,heap        ] GC(2932)   region size 1024K, 1 young (1024K), 1 survivors (1024K)
[426.337s][debug][gc,heap        ] GC(2932)  Metaspace       used 9905K, capacity 10179K, committed 10624K, reserved 1058816K
[426.337s][debug][gc,heap        ] GC(2932)   class space    used 1146K, capacity 1267K, committed 1408K, reserved 1048576K
[426.337s][info ][gc             ] GC(2932) Pause Young (Normal) (G1 Evacuation Pause) 183M->3M(302M) 1.431ms
[426.337s][info ][gc,cpu         ] GC(2932) User=0.01s Sys=0.00s Real=0.00s
[426.337s][info ][safepoint      ] Safepoint "G1CollectForAllocation", Time since last: 145293162 ns, Reaching safepoint: 119548 ns, At safepoint: 1584001 ns, Total: 1703549 ns
[426.475s][debug][gc,heap        ] GC(2933) Heap before GC invocations=2933 (full 1): garbage-first heap   total 309248K, used 188391K [0x0000000700000000, 0x0000000800000000)
[426.476s][debug][gc,heap        ] GC(2933)   region size 1024K, 181 young (185344K), 1 survivors (1024K)
[426.476s][debug][gc,heap        ] GC(2933)  Metaspace       used 9905K, capacity 10179K, committed 10624K, reserved 1058816K
[426.476s][debug][gc,heap        ] GC(2933)   class space    used 1146K, capacity 1267K, committed 1408K, reserved 1048576K
[426.476s][info ][gc,start       ] GC(2933) Pause Young (Normal) (G1 Evacuation Pause)
[426.476s][info ][gc,task        ] GC(2933) Using 8 workers of 8 for evacuation
[426.476s][debug][gc,tlab        ] GC(2933) TLAB totals: thrds: 8  refills: 722 max: 101 slow allocs: 0 max 0 waste:  0.9% gc: 1211880B max: 367456B slow: 418400B max: 58680B fast: 0B max: 0B
[426.476s][debug][gc,age         ] GC(2933) Desired survivor size 12058624 bytes, new threshold 15 (max threshold 15)
[426.476s][debug][gc,alloc,region] GC(2933) Mutator Allocation stats, regions: 180, wasted size: 0B ( 0.0%)
[426.476s][debug][gc,ergo        ] GC(2933) Running G1 Merge Heap Roots using 8 workers for 181 regions
[426.476s][debug][gc,remset      ] GC(2933) Visited cards 256 Total dirty 2048 (12.50%) Total old 759808 (0.03%)
[426.476s][debug][gc,ergo        ] GC(2933) Running G1 Clear Card Table Task using 1 workers for 1 units of work for 182 regions.
[426.476s][debug][gc,ref         ] GC(2933) Skipped phase1 of Reference Processing due to unavailable references
[426.476s][debug][gc,ref         ] GC(2933) Skipped phase2 of Reference Processing due to unavailable references
[426.476s][debug][gc,ref         ] GC(2933) Skipped phase3 of Reference Processing due to unavailable references
[426.476s][debug][gc,ref         ] GC(2933) Skipped phase4 of Reference Processing due to unavailable references
[426.476s][debug][gc,ergo        ] GC(2933) Running G1 Free Collection Set using 8 workers for collection set length 181 (302)
[426.476s][debug][gc,ergo        ] GC(2933) Running G1 Rebuild Free List Task using 8 workers for rebuilding free list of 0 (4096) regions
[426.476s][trace][gc,age         ] GC(2933) Age table with threshold 15 (max threshold 15)
[426.476s][trace][gc,age         ] GC(2933) - age   1:        456 bytes,        456 total
[426.476s][debug][gc,plab        ] GC(2933) Young PLAB allocation: allocated: 14448B, wasted: 0B, unused: 13992B, used: 456B, undo waste: 0B, 
[426.476s][debug][gc,plab        ] GC(2933) Young other allocation: region end waste: 0B, regions filled: 1, direct allocated: 0B, failure used: 0B, failure wasted: 0B
[426.476s][debug][gc,plab        ] GC(2933) Young sizing: calculated: 88B, actual: 2064B
[426.476s][debug][gc,plab        ] GC(2933) Old PLAB allocation: allocated: 0B, wasted: 0B, unused: 0B, used: 0B, undo waste: 0B, 
[426.476s][debug][gc,plab        ] GC(2933) Old other allocation: region end waste: 0B, regions filled: 1, direct allocated: 0B, failure used: 0B, failure wasted: 0B
[426.476s][debug][gc,plab        ] GC(2933) Old sizing: calculated: 0B, actual: 2064B
[426.476s][debug][gc,ihop        ] GC(2933) Basic information (value update), threshold: 142501478B (45.00), target occupancy: 316669952B, current occupancy: 4169192B, recent allocation size: 0B, recent allocation duration: 139.04ms, recent old gen allocation rate: 0.00B/s, recent marking phase length: 0.00ms
[426.476s][debug][gc,ihop        ] GC(2933) Adaptive IHOP information (value update), threshold: 142501478B (47.37), internal target occupancy: 300836454B, occupancy: 4169192B, additional buffer size: 189792256B, predicted old gen allocation rate: 0.00B/s, predicted marking phase length: 0.00ms, prediction active: false
[426.476s][debug][gc,ergo,refine ] GC(2933) Concurrent refinement times: Logged Cards Scan time goal: 20.00ms Logged Cards Scan time: 0.00ms HCC time: 0.00ms
[426.476s][debug][gc,ergo,refine ] GC(2933) Updated Refinement Zones: green: 2048, yellow: 6144, red: 10240
[426.476s][info ][gc,phases      ] GC(2933)   Pre Evacuate Collection Set: 0.1ms
[426.476s][debug][gc,phases      ] GC(2933)     Prepare TLABs: 0.0ms
[426.476s][debug][gc,phases      ] GC(2933)     Choose Collection Set: 0.0ms
[426.476s][debug][gc,phases      ] GC(2933)     Region Register: 0.1ms
[426.476s][debug][gc,phases      ] GC(2933)     Prepare Heap Roots: 0.0ms
[426.476s][info ][gc,phases      ] GC(2933)   Merge Heap Roots: 0.1ms
[426.476s][debug][gc,phases      ] GC(2933)     Prepare Merge Heap Roots: 0.0ms
[426.476s][debug][gc,phases      ] GC(2933)     Eager Reclaim (ms):       skipped
[426.476s][debug][gc,phases      ] GC(2933)     Remembered Sets (ms):     Min:  0.0, Avg:  0.0, Max:  0.0, Diff:  0.0, Sum:  0.1, Workers: 8
[426.476s][debug][gc,phases      ] GC(2933)       Merged Sparse:            Min: 0, Avg:  0.0, Max: 0, Diff: 0, Sum: 0, Workers: 8
[426.476s][debug][gc,phases      ] GC(2933)       Merged Fine:              Min: 0, Avg:  0.0, Max: 0, Diff: 0, Sum: 0, Workers: 8
[426.476s][debug][gc,phases      ] GC(2933)       Merged Coarse:            Min: 0, Avg:  0.0, Max: 0, Diff: 0, Sum: 0, Workers: 8
[426.477s][debug][gc,phases      ] GC(2933)       Dirty Cards:              Min: 0, Avg:  0.0, Max: 0, Diff: 0, Sum: 0, Workers: 8
[426.477s][debug][gc,phases      ] GC(2933)     Hot Card Cache (ms):      Min:  0.0, Avg:  0.0, Max:  0.0, Diff:  0.0, Sum:  0.0, Workers: 8
[426.477s][debug][gc,phases      ] GC(2933)       Dirty Cards:              Min: 0, Avg:  0.0, Max: 0, Diff: 0, Sum: 0, Workers: 8
[426.477s][debug][gc,phases      ] GC(2933)       Skipped Cards:            Min: 0, Avg:  0.0, Max: 0, Diff: 0, Sum: 0, Workers: 8
[426.477s][debug][gc,phases      ] GC(2933)     Log Buffers (ms):         Min:  0.0, Avg:  0.0, Max:  0.0, Diff:  0.0, Sum:  0.0, Workers: 8
[426.477s][debug][gc,phases      ] GC(2933)       Dirty Cards:              Min: 0, Avg:  0.1, Max: 1, Diff: 1, Sum: 1, Workers: 8
[426.477s][debug][gc,phases      ] GC(2933)       Skipped Cards:            Min: 0, Avg:  0.0, Max: 0, Diff: 0, Sum: 0, Workers: 8
[426.477s][info ][gc,phases      ] GC(2933)   Evacuate Collection Set: 0.1ms
[426.477s][debug][gc,phases      ] GC(2933)     Ext Root Scanning (ms):   Min:  0.0, Avg:  0.0, Max:  0.1, Diff:  0.0, Sum:  0.2, Workers: 8
[426.477s][debug][gc,phases      ] GC(2933)     Scan Heap Roots (ms):     Min:  0.0, Avg:  0.0, Max:  0.0, Diff:  0.0, Sum:  0.0, Workers: 8
[426.477s][debug][gc,phases      ] GC(2933)       Scanned Cards:            Min: 0, Avg:  0.1, Max: 1, Diff: 1, Sum: 1, Workers: 8
[426.477s][debug][gc,phases      ] GC(2933)       Scanned Blocks:           Min: 0, Avg:  0.1, Max: 1, Diff: 1, Sum: 1, Workers: 8
[426.477s][debug][gc,phases      ] GC(2933)       Claimed Chunks:           Min: 0, Avg:  0.1, Max: 1, Diff: 1, Sum: 1, Workers: 8
[426.477s][debug][gc,phases      ] GC(2933)     Code Root Scan (ms):      Min:  0.0, Avg:  0.0, Max:  0.0, Diff:  0.0, Sum:  0.0, Workers: 8
[426.477s][debug][gc,phases      ] GC(2933)     Object Copy (ms):         Min:  0.0, Avg:  0.0, Max:  0.0, Diff:  0.0, Sum:  0.0, Workers: 8
[426.477s][debug][gc,phases      ] GC(2933)     Termination (ms):         Min:  0.0, Avg:  0.1, Max:  0.1, Diff:  0.0, Sum:  0.4, Workers: 8
[426.477s][debug][gc,phases      ] GC(2933)       Termination Attempts:     Min: 1, Avg:  1.0, Max: 1, Diff: 0, Sum: 8, Workers: 8
[426.477s][debug][gc,phases      ] GC(2933)     GC Worker Other (ms):     Min:  0.0, Avg:  0.0, Max:  0.0, Diff:  0.0, Sum:  0.2, Workers: 8
[426.477s][debug][gc,phases      ] GC(2933)     GC Worker Total (ms):     Min:  0.1, Avg:  0.1, Max:  0.1, Diff:  0.0, Sum:  0.8, Workers: 8
[426.477s][info ][gc,phases      ] GC(2933)   Post Evacuate Collection Set: 0.4ms
[426.477s][debug][gc,phases      ] GC(2933)     Code Roots Fixup: 0.0ms
[426.477s][debug][gc,phases      ] GC(2933)     Clear Card Table: 0.1ms
[426.477s][debug][gc,phases      ] GC(2933)     Reference Processing: 0.0ms
[426.477s][debug][gc,phases,ref  ] GC(2933)       Reconsider SoftReferences: 0.0ms
[426.477s][debug][gc,phases,ref  ] GC(2933)         SoftRef (ms):             skipped
[426.477s][debug][gc,phases,ref  ] GC(2933)       Notify Soft/WeakReferences: 0.0ms
[426.477s][debug][gc,phases,ref  ] GC(2933)         SoftRef (ms):             skipped
[426.477s][debug][gc,phases,ref  ] GC(2933)         WeakRef (ms):             skipped
[426.477s][debug][gc,phases,ref  ] GC(2933)         FinalRef (ms):            skipped
[426.477s][debug][gc,phases,ref  ] GC(2933)         Total (ms):               skipped
[426.477s][debug][gc,phases,ref  ] GC(2933)       Notify and keep alive finalizable: 0.0ms
[426.477s][debug][gc,phases,ref  ] GC(2933)         FinalRef (ms):            skipped
[426.477s][debug][gc,phases,ref  ] GC(2933)       Notify PhantomReferences: 0.0ms
[426.477s][debug][gc,phases,ref  ] GC(2933)         PhantomRef (ms):          skipped
[426.477s][debug][gc,phases,ref  ] GC(2933)       SoftReference:
[426.477s][debug][gc,phases,ref  ] GC(2933)         Discovered: 0
[426.477s][debug][gc,phases,ref  ] GC(2933)         Cleared: 0
[426.477s][debug][gc,phases,ref  ] GC(2933)       WeakReference:
[426.477s][debug][gc,phases,ref  ] GC(2933)         Discovered: 0
[426.477s][debug][gc,phases,ref  ] GC(2933)         Cleared: 0
[426.477s][debug][gc,phases,ref  ] GC(2933)       FinalReference:
[426.477s][debug][gc,phases,ref  ] GC(2933)         Discovered: 0
[426.477s][debug][gc,phases,ref  ] GC(2933)         Cleared: 0
[426.477s][debug][gc,phases,ref  ] GC(2933)       PhantomReference:
[426.477s][debug][gc,phases,ref  ] GC(2933)         Discovered: 0
[426.477s][debug][gc,phases,ref  ] GC(2933)         Cleared: 0
[426.477s][debug][gc,phases      ] GC(2933)     Weak Processing: 0.1ms
[426.477s][debug][gc,phases      ] GC(2933)       JVMTI weak processing: 0.0ms
[426.477s][debug][gc,phases      ] GC(2933)         Dead: 0
[426.477s][debug][gc,phases      ] GC(2933)         Total: 0
[426.477s][debug][gc,phases      ] GC(2933)       JFR weak processing: 0.0ms
[426.477s][debug][gc,phases      ] GC(2933)         Dead: 0
[426.477s][debug][gc,phases      ] GC(2933)         Total: 0
[426.477s][debug][gc,phases      ] GC(2933)       JNI weak                  Min:  0.0, Avg:  0.0, Max:  0.0, Diff:  0.0, Sum:  0.0, Workers: 5
[426.477s][debug][gc,phases      ] GC(2933)         Dead                      Min: 0, Avg:  0.0, Max: 0, Diff: 0, Sum: 0, Workers: 5
[426.477s][debug][gc,phases      ] GC(2933)         Total                     Min: 0, Avg: 13.6, Max: 52, Diff: 52, Sum: 68, Workers: 5
[426.477s][debug][gc,phases      ] GC(2933)       VM weak                   Min:  0.0, Avg:  0.0, Max:  0.0, Diff:  0.0, Sum:  0.0, Workers: 5
[426.477s][debug][gc,phases      ] GC(2933)         Dead                      Min: 0, Avg:  0.0, Max: 0, Diff: 0, Sum: 0, Workers: 5
[426.477s][debug][gc,phases      ] GC(2933)         Total                     Min: 0, Avg: 42.6, Max: 128, Diff: 128, Sum: 213, Workers: 5
[426.477s][debug][gc,phases      ] GC(2933)       StringTable weak          Min:  0.0, Avg:  0.0, Max:  0.0, Diff:  0.0, Sum:  0.0, Workers: 5
[426.477s][debug][gc,phases      ] GC(2933)         Dead                      Min: 0, Avg:  0.0, Max: 0, Diff: 0, Sum: 0, Workers: 5
[426.477s][debug][gc,phases      ] GC(2933)         Total                     Min: 0, Avg: 682.0, Max: 1727, Diff: 1727, Sum: 3410, Workers: 5
[426.477s][debug][gc,phases      ] GC(2933)       ResolvedMethodTable weak  Min:  0.0, Avg:  0.0, Max:  0.0, Diff:  0.0, Sum:  0.0, Workers: 5
[426.477s][debug][gc,phases      ] GC(2933)         Dead                      Min: 0, Avg:  0.0, Max: 0, Diff: 0, Sum: 0, Workers: 5
[426.477s][debug][gc,phases      ] GC(2933)         Total                     Min: 0, Avg: 114.8, Max: 256, Diff: 256, Sum: 574, Workers: 5
[426.477s][debug][gc,phases      ] GC(2933)     Merge Per-Thread State: 0.0ms
[426.477s][debug][gc,phases      ] GC(2933)       Copied Bytes              Min: 0, Avg: 57.0, Max: 144, Diff: 144, Sum: 456, Workers: 8
[426.477s][debug][gc,phases      ] GC(2933)       LAB Waste                 Min: 0, Avg:  0.0, Max: 0, Diff: 0, Sum: 0, Workers: 8
[426.477s][debug][gc,phases      ] GC(2933)       LAB Undo Waste            Min: 0, Avg:  0.0, Max: 0, Diff: 0, Sum: 0, Workers: 8
[426.477s][debug][gc,phases      ] GC(2933)     Code Roots Purge: 0.0ms
[426.477s][debug][gc,phases      ] GC(2933)     Redirty Cards: 0.0ms
[426.477s][debug][gc,phases      ] GC(2933)     DerivedPointerTable Update: 0.0ms
[426.477s][debug][gc,phases      ] GC(2933)     Free Collection Set: 0.1ms
[426.477s][debug][gc,phases      ] GC(2933)     Rebuild Free List: 0.0ms
[426.477s][debug][gc,phases      ] GC(2933)     Humongous Reclaim: 0.0ms
[426.477s][debug][gc,phases      ] GC(2933)     Start New Collection Set: 0.0ms
[426.477s][debug][gc,phases      ] GC(2933)     Resize TLABs: 0.0ms
[426.477s][debug][gc,phases      ] GC(2933)     Expand Heap After Collection: 0.0ms
[426.477s][info ][gc,phases      ] GC(2933)   Other: 0.3ms
[426.477s][info ][gc,heap        ] GC(2933) Eden regions: 180->0(180)
[426.477s][info ][gc,heap        ] GC(2933) Survivor regions: 1->1(23)
[426.477s][info ][gc,heap        ] GC(2933) Old regions: 7->7
[426.477s][info ][gc,heap        ] GC(2933) Archive regions: 2->2
[426.477s][info ][gc,heap        ] GC(2933) Humongous regions: 0->0
[426.477s][info ][gc,metaspace   ] GC(2933) Metaspace: 9905K(10624K)->9905K(10624K) NonClass: 8758K(9216K)->8758K(9216K) Class: 1146K(1408K)->1146K(1408K)
[426.477s][debug][gc,heap        ] GC(2933) Heap after GC invocations=2934 (full 1): garbage-first heap   total 309248K, used 4071K [0x0000000700000000, 0x0000000800000000)
[426.477s][debug][gc,heap        ] GC(2933)   region size 1024K, 1 young (1024K), 1 survivors (1024K)
[426.477s][debug][gc,heap        ] GC(2933)  Metaspace       used 9905K, capacity 10179K, committed 10624K, reserved 1058816K
[426.477s][debug][gc,heap        ] GC(2933)   class space    used 1146K, capacity 1267K, committed 1408K, reserved 1048576K
[426.477s][info ][gc             ] GC(2933) Pause Young (Normal) (G1 Evacuation Pause) 183M->3M(302M) 1.483ms
[426.477s][info ][gc,cpu         ] GC(2933) User=0.00s Sys=0.00s Real=0.00s
[426.477s][info ][safepoint      ] Safepoint "G1CollectForAllocation", Time since last: 138098726 ns, Reaching safepoint: 96906 ns, At safepoint: 1629446 ns, Total: 1726352 ns
[426.619s][debug][gc,heap        ] GC(2934) Heap before GC invocations=2934 (full 1): garbage-first heap   total 309248K, used 188391K [0x0000000700000000, 0x0000000800000000)
[426.619s][debug][gc,heap        ] GC(2934)   region size 1024K, 181 young (185344K), 1 survivors (1024K)
[426.619s][debug][gc,heap        ] GC(2934)  Metaspace       used 9905K, capacity 10179K, committed 10624K, reserved 1058816K
[426.619s][debug][gc,heap        ] GC(2934)   class space    used 1146K, capacity 1267K, committed 1408K, reserved 1048576K
[426.619s][info ][gc,start       ] GC(2934) Pause Young (Normal) (G1 Evacuation Pause)
[426.619s][info ][gc,task        ] GC(2934) Using 8 workers of 8 for evacuation
[426.619s][debug][gc,tlab        ] GC(2934) TLAB totals: thrds: 8  refills: 721 max: 99 slow allocs: 0 max 0 waste:  1.1% gc: 1669064B max: 420680B slow: 418304B max: 56920B fast: 0B max: 0B
[426.619s][debug][gc,age         ] GC(2934) Desired survivor size 12058624 bytes, new threshold 15 (max threshold 15)
[426.619s][debug][gc,alloc,region] GC(2934) Mutator Allocation stats, regions: 180, wasted size: 0B ( 0.0%)
[426.619s][debug][gc,ergo        ] GC(2934) Running G1 Merge Heap Roots using 8 workers for 181 regions
[426.619s][debug][gc,remset      ] GC(2934) Visited cards 256 Total dirty 2048 (12.50%) Total old 759808 (0.03%)
[426.619s][debug][gc,ergo        ] GC(2934) Running G1 Clear Card Table Task using 1 workers for 1 units of work for 182 regions.
[426.619s][debug][gc,ref         ] GC(2934) Skipped phase1 of Reference Processing due to unavailable references
[426.619s][debug][gc,ref         ] GC(2934) Skipped phase2 of Reference Processing due to unavailable references
[426.619s][debug][gc,ref         ] GC(2934) Skipped phase3 of Reference Processing due to unavailable references
[426.619s][debug][gc,ref         ] GC(2934) Skipped phase4 of Reference Processing due to unavailable references
[426.619s][debug][gc,ergo        ] GC(2934) Running G1 Free Collection Set using 8 workers for collection set length 181 (302)
[426.619s][debug][gc,ergo        ] GC(2934) Running G1 Rebuild Free List Task using 8 workers for rebuilding free list of 0 (4096) regions
[426.619s][trace][gc,age         ] GC(2934) Age table with threshold 15 (max threshold 15)
[426.620s][trace][gc,age         ] GC(2934) - age   1:        512 bytes,        512 total
[426.620s][debug][gc,plab        ] GC(2934) Young PLAB allocation: allocated: 6192B, wasted: 0B, unused: 5680B, used: 512B, undo waste: 0B, 
[426.620s][debug][gc,plab        ] GC(2934) Young other allocation: region end waste: 0B, regions filled: 1, direct allocated: 0B, failure used: 0B, failure wasted: 0B
[426.620s][debug][gc,plab        ] GC(2934) Young sizing: calculated: 96B, actual: 2064B
[426.620s][debug][gc,plab        ] GC(2934) Old PLAB allocation: allocated: 0B, wasted: 0B, unused: 0B, used: 0B, undo waste: 0B, 
[426.620s][debug][gc,plab        ] GC(2934) Old other allocation: region end waste: 0B, regions filled: 1, direct allocated: 0B, failure used: 0B, failure wasted: 0B
[426.620s][debug][gc,plab        ] GC(2934) Old sizing: calculated: 0B, actual: 2064B
[426.620s][debug][gc,ihop        ] GC(2934) Basic information (value update), threshold: 142501478B (45.00), target occupancy: 316669952B, current occupancy: 4160936B, recent allocation size: 0B, recent allocation duration: 142.42ms, recent old gen allocation rate: 0.00B/s, recent marking phase length: 0.00ms
[426.620s][debug][gc,ihop        ] GC(2934) Adaptive IHOP information (value update), threshold: 142501478B (47.37), internal target occupancy: 300836454B, occupancy: 4160936B, additional buffer size: 189792256B, predicted old gen allocation rate: 0.00B/s, predicted marking phase length: 0.00ms, prediction active: false
[426.620s][debug][gc,ergo,refine ] GC(2934) Concurrent refinement times: Logged Cards Scan time goal: 20.00ms Logged Cards Scan time: 0.00ms HCC time: 0.00ms
[426.620s][debug][gc,ergo,refine ] GC(2934) Updated Refinement Zones: green: 2048, yellow: 6144, red: 10240
[426.620s][info ][gc,phases      ] GC(2934)   Pre Evacuate Collection Set: 0.1ms
[426.620s][debug][gc,phases      ] GC(2934)     Prepare TLABs: 0.0ms
[426.620s][debug][gc,phases      ] GC(2934)     Choose Collection Set: 0.0ms
[426.620s][debug][gc,phases      ] GC(2934)     Region Register: 0.1ms
[426.620s][debug][gc,phases      ] GC(2934)     Prepare Heap Roots: 0.0ms
[426.620s][info ][gc,phases      ] GC(2934)   Merge Heap Roots: 0.1ms
[426.620s][debug][gc,phases      ] GC(2934)     Prepare Merge Heap Roots: 0.0ms
[426.620s][debug][gc,phases      ] GC(2934)     Eager Reclaim (ms):       skipped
[426.620s][debug][gc,phases      ] GC(2934)     Remembered Sets (ms):     Min:  0.0, Avg:  0.0, Max:  0.0, Diff:  0.0, Sum:  0.1, Workers: 8
[426.620s][debug][gc,phases      ] GC(2934)       Merged Sparse:            Min: 0, Avg:  0.0, Max: 0, Diff: 0, Sum: 0, Workers: 8
[426.620s][debug][gc,phases      ] GC(2934)       Merged Fine:              Min: 0, Avg:  0.0, Max: 0, Diff: 0, Sum: 0, Workers: 8
[426.620s][debug][gc,phases      ] GC(2934)       Merged Coarse:            Min: 0, Avg:  0.0, Max: 0, Diff: 0, Sum: 0, Workers: 8
[426.620s][debug][gc,phases      ] GC(2934)       Dirty Cards:              Min: 0, Avg:  0.0, Max: 0, Diff: 0, Sum: 0, Workers: 8
[426.620s][debug][gc,phases      ] GC(2934)     Hot Card Cache (ms):      Min:  0.0, Avg:  0.0, Max:  0.0, Diff:  0.0, Sum:  0.0, Workers: 8
[426.620s][debug][gc,phases      ] GC(2934)       Dirty Cards:              Min: 0, Avg:  0.0, Max: 0, Diff: 0, Sum: 0, Workers: 8
[426.620s][debug][gc,phases      ] GC(2934)       Skipped Cards:            Min: 0, Avg:  0.0, Max: 0, Diff: 0, Sum: 0, Workers: 8
[426.620s][debug][gc,phases      ] GC(2934)     Log Buffers (ms):         Min:  0.0, Avg:  0.0, Max:  0.0, Diff:  0.0, Sum:  0.0, Workers: 8
[426.620s][debug][gc,phases      ] GC(2934)       Dirty Cards:              Min: 0, Avg:  0.1, Max: 1, Diff: 1, Sum: 1, Workers: 8
[426.620s][debug][gc,phases      ] GC(2934)       Skipped Cards:            Min: 0, Avg:  0.0, Max: 0, Diff: 0, Sum: 0, Workers: 8
[426.620s][info ][gc,phases      ] GC(2934)   Evacuate Collection Set: 0.1ms
[426.620s][debug][gc,phases      ] GC(2934)     Ext Root Scanning (ms):   Min:  0.0, Avg:  0.0, Max:  0.1, Diff:  0.0, Sum:  0.2, Workers: 8
[426.620s][debug][gc,phases      ] GC(2934)     Scan Heap Roots (ms):     Min:  0.0, Avg:  0.0, Max:  0.0, Diff:  0.0, Sum:  0.0, Workers: 8
[426.620s][debug][gc,phases      ] GC(2934)       Scanned Cards:            Min: 0, Avg:  0.1, Max: 1, Diff: 1, Sum: 1, Workers: 8
[426.620s][debug][gc,phases      ] GC(2934)       Scanned Blocks:           Min: 0, Avg:  0.1, Max: 1, Diff: 1, Sum: 1, Workers: 8
[426.620s][debug][gc,phases      ] GC(2934)       Claimed Chunks:           Min: 0, Avg:  0.1, Max: 1, Diff: 1, Sum: 1, Workers: 8
[426.620s][debug][gc,phases      ] GC(2934)     Code Root Scan (ms):      Min:  0.0, Avg:  0.0, Max:  0.0, Diff:  0.0, Sum:  0.0, Workers: 8
[426.620s][debug][gc,phases      ] GC(2934)     Object Copy (ms):         Min:  0.0, Avg:  0.0, Max:  0.0, Diff:  0.0, Sum:  0.0, Workers: 8
[426.620s][debug][gc,phases      ] GC(2934)     Termination (ms):         Min:  0.1, Avg:  0.1, Max:  0.1, Diff:  0.0, Sum:  0.5, Workers: 8
[426.620s][debug][gc,phases      ] GC(2934)       Termination Attempts:     Min: 1, Avg:  1.0, Max: 1, Diff: 0, Sum: 8, Workers: 8
[426.620s][debug][gc,phases      ] GC(2934)     GC Worker Other (ms):     Min:  0.0, Avg:  0.0, Max:  0.0, Diff:  0.0, Sum:  0.1, Workers: 8
[426.620s][debug][gc,phases      ] GC(2934)     GC Worker Total (ms):     Min:  0.1, Avg:  0.1, Max:  0.1, Diff:  0.1, Sum:  0.8, Workers: 8
[426.620s][info ][gc,phases      ] GC(2934)   Post Evacuate Collection Set: 0.3ms
[426.620s][debug][gc,phases      ] GC(2934)     Code Roots Fixup: 0.0ms
[426.620s][debug][gc,phases      ] GC(2934)     Clear Card Table: 0.1ms
[426.620s][debug][gc,phases      ] GC(2934)     Reference Processing: 0.0ms
[426.620s][debug][gc,phases,ref  ] GC(2934)       Reconsider SoftReferences: 0.0ms
[426.620s][debug][gc,phases,ref  ] GC(2934)         SoftRef (ms):             skipped
[426.620s][debug][gc,phases,ref  ] GC(2934)       Notify Soft/WeakReferences: 0.0ms
[426.620s][debug][gc,phases,ref  ] GC(2934)         SoftRef (ms):             skipped
[426.620s][debug][gc,phases,ref  ] GC(2934)         WeakRef (ms):             skipped
[426.620s][debug][gc,phases,ref  ] GC(2934)         FinalRef (ms):            skipped
[426.620s][debug][gc,phases,ref  ] GC(2934)         Total (ms):               skipped
[426.620s][debug][gc,phases,ref  ] GC(2934)       Notify and keep alive finalizable: 0.0ms
[426.620s][debug][gc,phases,ref  ] GC(2934)         FinalRef (ms):            skipped
[426.620s][debug][gc,phases,ref  ] GC(2934)       Notify PhantomReferences: 0.0ms
[426.620s][debug][gc,phases,ref  ] GC(2934)         PhantomRef (ms):          skipped
[426.620s][debug][gc,phases,ref  ] GC(2934)       SoftReference:
[426.620s][debug][gc,phases,ref  ] GC(2934)         Discovered: 0
[426.620s][debug][gc,phases,ref  ] GC(2934)         Cleared: 0
[426.620s][debug][gc,phases,ref  ] GC(2934)       WeakReference:
[426.620s][debug][gc,phases,ref  ] GC(2934)         Discovered: 0
[426.620s][debug][gc,phases,ref  ] GC(2934)         Cleared: 0
[426.620s][debug][gc,phases,ref  ] GC(2934)       FinalReference:
[426.620s][debug][gc,phases,ref  ] GC(2934)         Discovered: 0
[426.620s][debug][gc,phases,ref  ] GC(2934)         Cleared: 0
[426.620s][debug][gc,phases,ref  ] GC(2934)       PhantomReference:
[426.620s][debug][gc,phases,ref  ] GC(2934)         Discovered: 0
[426.620s][debug][gc,phases,ref  ] GC(2934)         Cleared: 0
[426.620s][debug][gc,phases      ] GC(2934)     Weak Processing: 0.1ms
[426.620s][debug][gc,phases      ] GC(2934)       JVMTI weak processing: 0.0ms
[426.620s][debug][gc,phases      ] GC(2934)         Dead: 0
[426.620s][debug][gc,phases      ] GC(2934)         Total: 0
[426.620s][debug][gc,phases      ] GC(2934)       JFR weak processing: 0.0ms
[426.620s][debug][gc,phases      ] GC(2934)         Dead: 0
[426.620s][debug][gc,phases      ] GC(2934)         Total: 0
[426.620s][debug][gc,phases      ] GC(2934)       JNI weak                  Min:  0.0, Avg:  0.0, Max:  0.0, Diff:  0.0, Sum:  0.0, Workers: 5
[426.620s][debug][gc,phases      ] GC(2934)         Dead                      Min: 0, Avg:  0.0, Max: 0, Diff: 0, Sum: 0, Workers: 5
[426.620s][debug][gc,phases      ] GC(2934)         Total                     Min: 0, Avg: 13.6, Max: 68, Diff: 68, Sum: 68, Workers: 5
[426.620s][debug][gc,phases      ] GC(2934)       VM weak                   Min:  0.0, Avg:  0.0, Max:  0.0, Diff:  0.0, Sum:  0.0, Workers: 5
[426.620s][debug][gc,phases      ] GC(2934)         Dead                      Min: 0, Avg:  0.0, Max: 0, Diff: 0, Sum: 0, Workers: 5
[426.620s][debug][gc,phases      ] GC(2934)         Total                     Min: 0, Avg: 42.6, Max: 192, Diff: 192, Sum: 213, Workers: 5
[426.620s][debug][gc,phases      ] GC(2934)       StringTable weak          Min:  0.0, Avg:  0.0, Max:  0.0, Diff:  0.0, Sum:  0.0, Workers: 5
[426.620s][debug][gc,phases      ] GC(2934)         Dead                      Min: 0, Avg:  0.0, Max: 0, Diff: 0, Sum: 0, Workers: 5
[426.620s][debug][gc,phases      ] GC(2934)         Total                     Min: 0, Avg: 682.0, Max: 1427, Diff: 1427, Sum: 3410, Workers: 5
[426.620s][debug][gc,phases      ] GC(2934)       ResolvedMethodTable weak  Min:  0.0, Avg:  0.0, Max:  0.0, Diff:  0.0, Sum:  0.0, Workers: 5
[426.620s][debug][gc,phases      ] GC(2934)         Dead                      Min: 0, Avg:  0.0, Max: 0, Diff: 0, Sum: 0, Workers: 5
[426.620s][debug][gc,phases      ] GC(2934)         Total                     Min: 0, Avg: 114.8, Max: 192, Diff: 192, Sum: 574, Workers: 5
[426.620s][debug][gc,phases      ] GC(2934)     Merge Per-Thread State: 0.0ms
[426.620s][debug][gc,phases      ] GC(2934)       Copied Bytes              Min: 0, Avg: 64.0, Max: 224, Diff: 224, Sum: 512, Workers: 8
[426.620s][debug][gc,phases      ] GC(2934)       LAB Waste                 Min: 0, Avg:  0.0, Max: 0, Diff: 0, Sum: 0, Workers: 8
[426.620s][debug][gc,phases      ] GC(2934)       LAB Undo Waste            Min: 0, Avg:  0.0, Max: 0, Diff: 0, Sum: 0, Workers: 8
[426.620s][debug][gc,phases      ] GC(2934)     Code Roots Purge: 0.0ms
[426.620s][debug][gc,phases      ] GC(2934)     Redirty Cards: 0.0ms
[426.620s][debug][gc,phases      ] GC(2934)     DerivedPointerTable Update: 0.0ms
[426.620s][debug][gc,phases      ] GC(2934)     Free Collection Set: 0.1ms
[426.620s][debug][gc,phases      ] GC(2934)     Rebuild Free List: 0.0ms
[426.620s][debug][gc,phases      ] GC(2934)     Humongous Reclaim: 0.0ms
[426.620s][debug][gc,phases      ] GC(2934)     Start New Collection Set: 0.0ms
[426.620s][debug][gc,phases      ] GC(2934)     Resize TLABs: 0.0ms
[426.620s][debug][gc,phases      ] GC(2934)     Expand Heap After Collection: 0.0ms
[426.620s][info ][gc,phases      ] GC(2934)   Other: 0.3ms
[426.620s][info ][gc,heap        ] GC(2934) Eden regions: 180->0(180)
[426.620s][info ][gc,heap        ] GC(2934) Survivor regions: 1->1(23)
[426.620s][info ][gc,heap        ] GC(2934) Old regions: 7->7
[426.620s][info ][gc,heap        ] GC(2934) Archive regions: 2->2
[426.620s][info ][gc,heap        ] GC(2934) Humongous regions: 0->0
[426.620s][info ][gc,metaspace   ] GC(2934) Metaspace: 9905K(10624K)->9905K(10624K) NonClass: 8758K(9216K)->8758K(9216K) Class: 1146K(1408K)->1146K(1408K)
[426.620s][debug][gc,heap        ] GC(2934) Heap after GC invocations=2935 (full 1): garbage-first heap   total 309248K, used 4063K [0x0000000700000000, 0x0000000800000000)
[426.620s][debug][gc,heap        ] GC(2934)   region size 1024K, 1 young (1024K), 1 survivors (1024K)
[426.620s][debug][gc,heap        ] GC(2934)  Metaspace       used 9905K, capacity 10179K, committed 10624K, reserved 1058816K
[426.620s][debug][gc,heap        ] GC(2934)   class space    used 1146K, capacity 1267K, committed 1408K, reserved 1048576K
[426.620s][info ][gc             ] GC(2934) Pause Young (Normal) (G1 Evacuation Pause) 183M->3M(302M) 1.460ms
[426.620s][info ][gc,cpu         ] GC(2934) User=0.00s Sys=0.00s Real=0.00s
[426.620s][info ][safepoint      ] Safepoint "G1CollectForAllocation", Time since last: 141420282 ns, Reaching safepoint: 138640 ns, At safepoint: 1605519 ns, Total: 1744159 ns
[426.763s][debug][gc,heap        ] GC(2935) Heap before GC invocations=2935 (full 1): garbage-first heap   total 309248K, used 188383K [0x0000000700000000, 0x0000000800000000)
[426.764s][debug][gc,heap        ] GC(2935)   region size 1024K, 181 young (185344K), 1 survivors (1024K)
[426.764s][debug][gc,heap        ] GC(2935)  Metaspace       used 9905K, capacity 10179K, committed 10624K, reserved 1058816K
[426.764s][debug][gc,heap        ] GC(2935)   class space    used 1146K, capacity 1267K, committed 1408K, reserved 1048576K
[426.764s][info ][gc,start       ] GC(2935) Pause Young (Normal) (G1 Evacuation Pause)
[426.764s][info ][gc,task        ] GC(2935) Using 8 workers of 8 for evacuation
[426.764s][debug][gc,tlab        ] GC(2935) TLAB totals: thrds: 8  refills: 722 max: 99 slow allocs: 0 max 0 waste:  0.9% gc: 1290016B max: 343816B slow: 418856B max: 58200B fast: 0B max: 0B
[426.764s][debug][gc,age         ] GC(2935) Desired survivor size 12058624 bytes, new threshold 15 (max threshold 15)
[426.764s][debug][gc,alloc,region] GC(2935) Mutator Allocation stats, regions: 180, wasted size: 0B ( 0.0%)
[426.764s][debug][gc,ergo        ] GC(2935) Running G1 Merge Heap Roots using 8 workers for 181 regions
[426.764s][debug][gc,remset      ] GC(2935) Visited cards 256 Total dirty 2048 (12.50%) Total old 759808 (0.03%)
[426.764s][debug][gc,ergo        ] GC(2935) Running G1 Clear Card Table Task using 1 workers for 1 units of work for 182 regions.
[426.764s][debug][gc,ref         ] GC(2935) Skipped phase1 of Reference Processing due to unavailable references
[426.764s][debug][gc,ref         ] GC(2935) Skipped phase2 of Reference Processing due to unavailable references
[426.764s][debug][gc,ref         ] GC(2935) Skipped phase3 of Reference Processing due to unavailable references
[426.764s][debug][gc,ref         ] GC(2935) Skipped phase4 of Reference Processing due to unavailable references
[426.764s][debug][gc,ergo        ] GC(2935) Running G1 Free Collection Set using 8 workers for collection set length 181 (302)
[426.764s][debug][gc,ergo        ] GC(2935) Running G1 Rebuild Free List Task using 8 workers for rebuilding free list of 0 (4096) regions
[426.764s][trace][gc,age         ] GC(2935) Age table with threshold 15 (max threshold 15)
[426.764s][trace][gc,age         ] GC(2935) - age   1:        568 bytes,        568 total
[426.764s][debug][gc,plab        ] GC(2935) Young PLAB allocation: allocated: 12384B, wasted: 0B, unused: 11816B, used: 568B, undo waste: 0B, 
[426.764s][debug][gc,plab        ] GC(2935) Young other allocation: region end waste: 0B, regions filled: 1, direct allocated: 0B, failure used: 0B, failure wasted: 0B
[426.764s][debug][gc,plab        ] GC(2935) Young sizing: calculated: 112B, actual: 2064B
[426.764s][debug][gc,plab        ] GC(2935) Old PLAB allocation: allocated: 0B, wasted: 0B, unused: 0B, used: 0B, undo waste: 0B, 
[426.764s][debug][gc,plab        ] GC(2935) Old other allocation: region end waste: 0B, regions filled: 1, direct allocated: 0B, failure used: 0B, failure wasted: 0B
[426.764s][debug][gc,plab        ] GC(2935) Old sizing: calculated: 0B, actual: 2064B
[426.764s][debug][gc,ihop        ] GC(2935) Basic information (value update), threshold: 142501478B (45.00), target occupancy: 316669952B, current occupancy: 4167128B, recent allocation size: 0B, recent allocation duration: 144.02ms, recent old gen allocation rate: 0.00B/s, recent marking phase length: 0.00ms
[426.764s][debug][gc,ihop        ] GC(2935) Adaptive IHOP information (value update), threshold: 142501478B (47.37), internal target occupancy: 300836454B, occupancy: 4167128B, additional buffer size: 189792256B, predicted old gen allocation rate: 0.00B/s, predicted marking phase length: 0.00ms, prediction active: false
[426.764s][debug][gc,ergo,refine ] GC(2935) Concurrent refinement times: Logged Cards Scan time goal: 20.00ms Logged Cards Scan time: 0.00ms HCC time: 0.00ms
[426.764s][debug][gc,ergo,refine ] GC(2935) Updated Refinement Zones: green: 2048, yellow: 6144, red: 10240
[426.764s][info ][gc,phases      ] GC(2935)   Pre Evacuate Collection Set: 0.1ms
[426.764s][debug][gc,phases      ] GC(2935)     Prepare TLABs: 0.0ms
[426.764s][debug][gc,phases      ] GC(2935)     Choose Collection Set: 0.0ms
[426.764s][debug][gc,phases      ] GC(2935)     Region Register: 0.1ms
[426.764s][debug][gc,phases      ] GC(2935)     Prepare Heap Roots: 0.0ms
[426.764s][info ][gc,phases      ] GC(2935)   Merge Heap Roots: 0.1ms
[426.764s][debug][gc,phases      ] GC(2935)     Prepare Merge Heap Roots: 0.0ms
[426.764s][debug][gc,phases      ] GC(2935)     Eager Reclaim (ms):       skipped
[426.764s][debug][gc,phases      ] GC(2935)     Remembered Sets (ms):     Min:  0.0, Avg:  0.0, Max:  0.0, Diff:  0.0, Sum:  0.0, Workers: 8
[426.764s][debug][gc,phases      ] GC(2935)       Merged Sparse:            Min: 0, Avg:  0.0, Max: 0, Diff: 0, Sum: 0, Workers: 8
[426.764s][debug][gc,phases      ] GC(2935)       Merged Fine:              Min: 0, Avg:  0.0, Max: 0, Diff: 0, Sum: 0, Workers: 8
[426.764s][debug][gc,phases      ] GC(2935)       Merged Coarse:            Min: 0, Avg:  0.0, Max: 0, Diff: 0, Sum: 0, Workers: 8
[426.764s][debug][gc,phases      ] GC(2935)       Dirty Cards:              Min: 0, Avg:  0.0, Max: 0, Diff: 0, Sum: 0, Workers: 8
[426.764s][debug][gc,phases      ] GC(2935)     Hot Card Cache (ms):      Min:  0.0, Avg:  0.0, Max:  0.0, Diff:  0.0, Sum:  0.0, Workers: 8
[426.764s][debug][gc,phases      ] GC(2935)       Dirty Cards:              Min: 0, Avg:  0.0, Max: 0, Diff: 0, Sum: 0, Workers: 8
[426.764s][debug][gc,phases      ] GC(2935)       Skipped Cards:            Min: 0, Avg:  0.0, Max: 0, Diff: 0, Sum: 0, Workers: 8
[426.764s][debug][gc,phases      ] GC(2935)     Log Buffers (ms):         Min:  0.0, Avg:  0.0, Max:  0.0, Diff:  0.0, Sum:  0.0, Workers: 8
[426.764s][debug][gc,phases      ] GC(2935)       Dirty Cards:              Min: 0, Avg:  0.1, Max: 1, Diff: 1, Sum: 1, Workers: 8
[426.764s][debug][gc,phases      ] GC(2935)       Skipped Cards:            Min: 0, Avg:  0.0, Max: 0, Diff: 0, Sum: 0, Workers: 8
[426.764s][info ][gc,phases      ] GC(2935)   Evacuate Collection Set: 0.1ms
[426.764s][debug][gc,phases      ] GC(2935)     Ext Root Scanning (ms):   Min:  0.0, Avg:  0.0, Max:  0.1, Diff:  0.1, Sum:  0.2, Workers: 8
[426.764s][debug][gc,phases      ] GC(2935)     Scan Heap Roots (ms):     Min:  0.0, Avg:  0.0, Max:  0.0, Diff:  0.0, Sum:  0.0, Workers: 8
[426.764s][debug][gc,phases      ] GC(2935)       Scanned Cards:            Min: 0, Avg:  0.1, Max: 1, Diff: 1, Sum: 1, Workers: 8
[426.764s][debug][gc,phases      ] GC(2935)       Scanned Blocks:           Min: 0, Avg:  0.1, Max: 1, Diff: 1, Sum: 1, Workers: 8
[426.764s][debug][gc,phases      ] GC(2935)       Claimed Chunks:           Min: 0, Avg:  0.1, Max: 1, Diff: 1, Sum: 1, Workers: 8
[426.764s][debug][gc,phases      ] GC(2935)     Code Root Scan (ms):      Min:  0.0, Avg:  0.0, Max:  0.0, Diff:  0.0, Sum:  0.0, Workers: 8
[426.765s][debug][gc,phases      ] GC(2935)     Object Copy (ms):         Min:  0.0, Avg:  0.0, Max:  0.0, Diff:  0.0, Sum:  0.0, Workers: 8
[426.765s][debug][gc,phases      ] GC(2935)     Termination (ms):         Min:  0.0, Avg:  0.1, Max:  0.1, Diff:  0.0, Sum:  0.4, Workers: 8
[426.765s][debug][gc,phases      ] GC(2935)       Termination Attempts:     Min: 1, Avg:  1.0, Max: 1, Diff: 0, Sum: 8, Workers: 8
[426.765s][debug][gc,phases      ] GC(2935)     GC Worker Other (ms):     Min:  0.0, Avg:  0.0, Max:  0.0, Diff:  0.0, Sum:  0.1, Workers: 8
[426.765s][debug][gc,phases      ] GC(2935)     GC Worker Total (ms):     Min:  0.1, Avg:  0.1, Max:  0.1, Diff:  0.0, Sum:  0.8, Workers: 8
[426.765s][info ][gc,phases      ] GC(2935)   Post Evacuate Collection Set: 0.3ms
[426.765s][debug][gc,phases      ] GC(2935)     Code Roots Fixup: 0.0ms
[426.765s][debug][gc,phases      ] GC(2935)     Clear Card Table: 0.1ms
[426.765s][debug][gc,phases      ] GC(2935)     Reference Processing: 0.0ms
[426.765s][debug][gc,phases,ref  ] GC(2935)       Reconsider SoftReferences: 0.0ms
[426.765s][debug][gc,phases,ref  ] GC(2935)         SoftRef (ms):             skipped
[426.765s][debug][gc,phases,ref  ] GC(2935)       Notify Soft/WeakReferences: 0.0ms
[426.765s][debug][gc,phases,ref  ] GC(2935)         SoftRef (ms):             skipped
[426.765s][debug][gc,phases,ref  ] GC(2935)         WeakRef (ms):             skipped
[426.765s][debug][gc,phases,ref  ] GC(2935)         FinalRef (ms):            skipped
[426.765s][debug][gc,phases,ref  ] GC(2935)         Total (ms):               skipped
[426.765s][debug][gc,phases,ref  ] GC(2935)       Notify and keep alive finalizable: 0.0ms
[426.765s][debug][gc,phases,ref  ] GC(2935)         FinalRef (ms):            skipped
[426.765s][debug][gc,phases,ref  ] GC(2935)       Notify PhantomReferences: 0.0ms
[426.765s][debug][gc,phases,ref  ] GC(2935)         PhantomRef (ms):          skipped
[426.765s][debug][gc,phases,ref  ] GC(2935)       SoftReference:
[426.765s][debug][gc,phases,ref  ] GC(2935)         Discovered: 0
[426.765s][debug][gc,phases,ref  ] GC(2935)         Cleared: 0
[426.765s][debug][gc,phases,ref  ] GC(2935)       WeakReference:
[426.765s][debug][gc,phases,ref  ] GC(2935)         Discovered: 0
[426.765s][debug][gc,phases,ref  ] GC(2935)         Cleared: 0
[426.765s][debug][gc,phases,ref  ] GC(2935)       FinalReference:
[426.765s][debug][gc,phases,ref  ] GC(2935)         Discovered: 0
[426.765s][debug][gc,phases,ref  ] GC(2935)         Cleared: 0
[426.765s][debug][gc,phases,ref  ] GC(2935)       PhantomReference:
[426.765s][debug][gc,phases,ref  ] GC(2935)         Discovered: 0
[426.765s][debug][gc,phases,ref  ] GC(2935)         Cleared: 0
[426.765s][debug][gc,phases      ] GC(2935)     Weak Processing: 0.1ms
[426.765s][debug][gc,phases      ] GC(2935)       JVMTI weak processing: 0.0ms
[426.765s][debug][gc,phases      ] GC(2935)         Dead: 0
[426.765s][debug][gc,phases      ] GC(2935)         Total: 0
[426.765s][debug][gc,phases      ] GC(2935)       JFR weak processing: 0.0ms
[426.765s][debug][gc,phases      ] GC(2935)         Dead: 0
[426.765s][debug][gc,phases      ] GC(2935)         Total: 0
[426.765s][debug][gc,phases      ] GC(2935)       JNI weak                  Min:  0.0, Avg:  0.0, Max:  0.0, Diff:  0.0, Sum:  0.0, Workers: 5
[426.765s][debug][gc,phases      ] GC(2935)         Dead                      Min: 0, Avg:  0.0, Max: 0, Diff: 0, Sum: 0, Workers: 5
[426.765s][debug][gc,phases      ] GC(2935)         Total                     Min: 0, Avg: 13.6, Max: 52, Diff: 52, Sum: 68, Workers: 5
[426.765s][debug][gc,phases      ] GC(2935)       VM weak                   Min:  0.0, Avg:  0.0, Max:  0.0, Diff:  0.0, Sum:  0.0, Workers: 5
[426.765s][debug][gc,phases      ] GC(2935)         Dead                      Min: 0, Avg:  0.0, Max: 0, Diff: 0, Sum: 0, Workers: 5
[426.765s][debug][gc,phases      ] GC(2935)         Total                     Min: 0, Avg: 42.6, Max: 128, Diff: 128, Sum: 213, Workers: 5
[426.765s][debug][gc,phases      ] GC(2935)       StringTable weak          Min:  0.0, Avg:  0.0, Max:  0.0, Diff:  0.0, Sum:  0.1, Workers: 5
[426.765s][debug][gc,phases      ] GC(2935)         Dead                      Min: 0, Avg:  0.0, Max: 0, Diff: 0, Sum: 0, Workers: 5
[426.765s][debug][gc,phases      ] GC(2935)         Total                     Min: 0, Avg: 682.0, Max: 1727, Diff: 1727, Sum: 3410, Workers: 5
[426.765s][debug][gc,phases      ] GC(2935)       ResolvedMethodTable weak  Min:  0.0, Avg:  0.0, Max:  0.0, Diff:  0.0, Sum:  0.0, Workers: 5
[426.765s][debug][gc,phases      ] GC(2935)         Dead                      Min: 0, Avg:  0.0, Max: 0, Diff: 0, Sum: 0, Workers: 5
[426.765s][debug][gc,phases      ] GC(2935)         Total                     Min: 0, Avg: 114.8, Max: 318, Diff: 318, Sum: 574, Workers: 5
[426.765s][debug][gc,phases      ] GC(2935)     Merge Per-Thread State: 0.0ms
[426.765s][debug][gc,phases      ] GC(2935)       Copied Bytes              Min: 0, Avg: 71.0, Max: 216, Diff: 216, Sum: 568, Workers: 8
[426.765s][debug][gc,phases      ] GC(2935)       LAB Waste                 Min: 0, Avg:  0.0, Max: 0, Diff: 0, Sum: 0, Workers: 8
[426.765s][debug][gc,phases      ] GC(2935)       LAB Undo Waste            Min: 0, Avg:  0.0, Max: 0, Diff: 0, Sum: 0, Workers: 8
[426.765s][debug][gc,phases      ] GC(2935)     Code Roots Purge: 0.0ms
[426.765s][debug][gc,phases      ] GC(2935)     Redirty Cards: 0.0ms
[426.765s][debug][gc,phases      ] GC(2935)     DerivedPointerTable Update: 0.0ms
[426.765s][debug][gc,phases      ] GC(2935)     Free Collection Set: 0.1ms
[426.765s][debug][gc,phases      ] GC(2935)     Rebuild Free List: 0.1ms
[426.765s][debug][gc,phases      ] GC(2935)     Humongous Reclaim: 0.0ms
[426.765s][debug][gc,phases      ] GC(2935)     Start New Collection Set: 0.0ms
[426.765s][debug][gc,phases      ] GC(2935)     Resize TLABs: 0.0ms
[426.765s][debug][gc,phases      ] GC(2935)     Expand Heap After Collection: 0.0ms
[426.765s][info ][gc,phases      ] GC(2935)   Other: 0.2ms
[426.765s][info ][gc,heap        ] GC(2935) Eden regions: 180->0(180)
[426.765s][info ][gc,heap        ] GC(2935) Survivor regions: 1->1(23)
[426.765s][info ][gc,heap        ] GC(2935) Old regions: 7->7
[426.765s][info ][gc,heap        ] GC(2935) Archive regions: 2->2
[426.765s][info ][gc,heap        ] GC(2935) Humongous regions: 0->0
[426.765s][info ][gc,metaspace   ] GC(2935) Metaspace: 9905K(10624K)->9905K(10624K) NonClass: 8758K(9216K)->8758K(9216K) Class: 1146K(1408K)->1146K(1408K)
[426.765s][debug][gc,heap        ] GC(2935) Heap after GC invocations=2936 (full 1): garbage-first heap   total 309248K, used 4069K [0x0000000700000000, 0x0000000800000000)
[426.765s][debug][gc,heap        ] GC(2935)   region size 1024K, 1 young (1024K), 1 survivors (1024K)
[426.765s][debug][gc,heap        ] GC(2935)  Metaspace       used 9905K, capacity 10179K, committed 10624K, reserved 1058816K
[426.765s][debug][gc,heap        ] GC(2935)   class space    used 1146K, capacity 1267K, committed 1408K, reserved 1048576K
[426.765s][info ][gc             ] GC(2935) Pause Young (Normal) (G1 Evacuation Pause) 183M->3M(302M) 1.412ms
[426.765s][info ][gc,cpu         ] GC(2935) User=0.01s Sys=0.00s Real=0.00s
[426.765s][info ][safepoint      ] Safepoint "G1CollectForAllocation", Time since last: 143040418 ns, Reaching safepoint: 145387 ns, At safepoint: 1569589 ns, Total: 1714976 ns
[426.899s][debug][gc,heap        ] GC(2936) Heap before GC invocations=2936 (full 1): garbage-first heap   total 309248K, used 188389K [0x0000000700000000, 0x0000000800000000)
[426.899s][debug][gc,heap        ] GC(2936)   region size 1024K, 181 young (185344K), 1 survivors (1024K)
[426.899s][debug][gc,heap        ] GC(2936)  Metaspace       used 9905K, capacity 10179K, committed 10624K, reserved 1058816K
[426.899s][debug][gc,heap        ] GC(2936)   class space    used 1146K, capacity 1267K, committed 1408K, reserved 1048576K
[426.899s][info ][gc,start       ] GC(2936) Pause Young (Normal) (G1 Evacuation Pause)
[426.899s][info ][gc,task        ] GC(2936) Using 8 workers of 8 for evacuation
[426.899s][debug][gc,tlab        ] GC(2936) TLAB totals: thrds: 8  refills: 723 max: 101 slow allocs: 0 max 0 waste:  0.9% gc: 1255600B max: 376616B slow: 418504B max: 59040B fast: 0B max: 0B
[426.899s][debug][gc,age         ] GC(2936) Desired survivor size 12058624 bytes, new threshold 15 (max threshold 15)
[426.899s][debug][gc,alloc,region] GC(2936) Mutator Allocation stats, regions: 180, wasted size: 0B ( 0.0%)
[426.899s][debug][gc,ergo        ] GC(2936) Running G1 Merge Heap Roots using 8 workers for 181 regions
[426.899s][debug][gc,remset      ] GC(2936) Visited cards 256 Total dirty 2048 (12.50%) Total old 759808 (0.03%)
[426.900s][debug][gc,ergo        ] GC(2936) Running G1 Clear Card Table Task using 1 workers for 1 units of work for 182 regions.
[426.900s][debug][gc,ref         ] GC(2936) Skipped phase1 of Reference Processing due to unavailable references
[426.900s][debug][gc,ref         ] GC(2936) Skipped phase2 of Reference Processing due to unavailable references
[426.900s][debug][gc,ref         ] GC(2936) Skipped phase3 of Reference Processing due to unavailable references
[426.900s][debug][gc,ref         ] GC(2936) Skipped phase4 of Reference Processing due to unavailable references
[426.900s][debug][gc,ergo        ] GC(2936) Running G1 Free Collection Set using 8 workers for collection set length 181 (302)
[426.900s][debug][gc,ergo        ] GC(2936) Running G1 Rebuild Free List Task using 8 workers for rebuilding free list of 0 (4096) regions
[426.900s][trace][gc,age         ] GC(2936) Age table with threshold 15 (max threshold 15)
[426.900s][trace][gc,age         ] GC(2936) - age   1:        672 bytes,        672 total
[426.900s][debug][gc,plab        ] GC(2936) Young PLAB allocation: allocated: 12384B, wasted: 0B, unused: 11712B, used: 672B, undo waste: 0B, 
[426.900s][debug][gc,plab        ] GC(2936) Young other allocation: region end waste: 0B, regions filled: 1, direct allocated: 0B, failure used: 0B, failure wasted: 0B
[426.900s][debug][gc,plab        ] GC(2936) Young sizing: calculated: 128B, actual: 2064B
[426.900s][debug][gc,plab        ] GC(2936) Old PLAB allocation: allocated: 0B, wasted: 0B, unused: 0B, used: 0B, undo waste: 0B, 
[426.900s][debug][gc,plab        ] GC(2936) Old other allocation: region end waste: 0B, regions filled: 1, direct allocated: 0B, failure used: 0B, failure wasted: 0B
[426.900s][debug][gc,plab        ] GC(2936) Old sizing: calculated: 0B, actual: 2064B
[426.900s][debug][gc,ihop        ] GC(2936) Basic information (value update), threshold: 142501478B (45.00), target occupancy: 316669952B, current occupancy: 4167128B, recent allocation size: 0B, recent allocation duration: 134.85ms, recent old gen allocation rate: 0.00B/s, recent marking phase length: 0.00ms
[426.900s][debug][gc,ihop        ] GC(2936) Adaptive IHOP information (value update), threshold: 142501478B (47.37), internal target occupancy: 300836454B, occupancy: 4167128B, additional buffer size: 189792256B, predicted old gen allocation rate: 0.00B/s, predicted marking phase length: 0.00ms, prediction active: false
[426.900s][debug][gc,ergo,refine ] GC(2936) Concurrent refinement times: Logged Cards Scan time goal: 20.00ms Logged Cards Scan time: 0.00ms HCC time: 0.00ms
[426.900s][debug][gc,ergo,refine ] GC(2936) Updated Refinement Zones: green: 2048, yellow: 6144, red: 10240
[426.900s][info ][gc,phases      ] GC(2936)   Pre Evacuate Collection Set: 0.1ms
[426.900s][debug][gc,phases      ] GC(2936)     Prepare TLABs: 0.0ms
[426.900s][debug][gc,phases      ] GC(2936)     Choose Collection Set: 0.0ms
[426.900s][debug][gc,phases      ] GC(2936)     Region Register: 0.1ms
[426.900s][debug][gc,phases      ] GC(2936)     Prepare Heap Roots: 0.0ms
[426.900s][info ][gc,phases      ] GC(2936)   Merge Heap Roots: 0.1ms
[426.900s][debug][gc,phases      ] GC(2936)     Prepare Merge Heap Roots: 0.0ms
[426.900s][debug][gc,phases      ] GC(2936)     Eager Reclaim (ms):       skipped
[426.900s][debug][gc,phases      ] GC(2936)     Remembered Sets (ms):     Min:  0.0, Avg:  0.0, Max:  0.0, Diff:  0.0, Sum:  0.0, Workers: 8
[426.900s][debug][gc,phases      ] GC(2936)       Merged Sparse:            Min: 0, Avg:  0.0, Max: 0, Diff: 0, Sum: 0, Workers: 8
[426.900s][debug][gc,phases      ] GC(2936)       Merged Fine:              Min: 0, Avg:  0.0, Max: 0, Diff: 0, Sum: 0, Workers: 8
[426.900s][debug][gc,phases      ] GC(2936)       Merged Coarse:            Min: 0, Avg:  0.0, Max: 0, Diff: 0, Sum: 0, Workers: 8
[426.900s][debug][gc,phases      ] GC(2936)       Dirty Cards:              Min: 0, Avg:  0.0, Max: 0, Diff: 0, Sum: 0, Workers: 8
[426.900s][debug][gc,phases      ] GC(2936)     Hot Card Cache (ms):      Min:  0.0, Avg:  0.0, Max:  0.0, Diff:  0.0, Sum:  0.0, Workers: 8
[426.900s][debug][gc,phases      ] GC(2936)       Dirty Cards:              Min: 0, Avg:  0.0, Max: 0, Diff: 0, Sum: 0, Workers: 8
[426.900s][debug][gc,phases      ] GC(2936)       Skipped Cards:            Min: 0, Avg:  0.0, Max: 0, Diff: 0, Sum: 0, Workers: 8
[426.900s][debug][gc,phases      ] GC(2936)     Log Buffers (ms):         Min:  0.0, Avg:  0.0, Max:  0.0, Diff:  0.0, Sum:  0.0, Workers: 8
[426.900s][debug][gc,phases      ] GC(2936)       Dirty Cards:              Min: 0, Avg:  0.1, Max: 1, Diff: 1, Sum: 1, Workers: 8
[426.900s][debug][gc,phases      ] GC(2936)       Skipped Cards:            Min: 0, Avg:  0.0, Max: 0, Diff: 0, Sum: 0, Workers: 8
[426.900s][info ][gc,phases      ] GC(2936)   Evacuate Collection Set: 0.2ms
[426.900s][debug][gc,phases      ] GC(2936)     Ext Root Scanning (ms):   Min:  0.0, Avg:  0.0, Max:  0.1, Diff:  0.0, Sum:  0.2, Workers: 8
[426.900s][debug][gc,phases      ] GC(2936)     Scan Heap Roots (ms):     Min:  0.0, Avg:  0.0, Max:  0.0, Diff:  0.0, Sum:  0.0, Workers: 8
[426.900s][debug][gc,phases      ] GC(2936)       Scanned Cards:            Min: 0, Avg:  0.1, Max: 1, Diff: 1, Sum: 1, Workers: 8
[426.900s][debug][gc,phases      ] GC(2936)       Scanned Blocks:           Min: 0, Avg:  0.1, Max: 1, Diff: 1, Sum: 1, Workers: 8
[426.900s][debug][gc,phases      ] GC(2936)       Claimed Chunks:           Min: 0, Avg:  0.1, Max: 1, Diff: 1, Sum: 1, Workers: 8
[426.900s][debug][gc,phases      ] GC(2936)     Code Root Scan (ms):      Min:  0.0, Avg:  0.0, Max:  0.0, Diff:  0.0, Sum:  0.0, Workers: 8
[426.900s][debug][gc,phases      ] GC(2936)     Object Copy (ms):         Min:  0.0, Avg:  0.0, Max:  0.0, Diff:  0.0, Sum:  0.0, Workers: 8
[426.900s][debug][gc,phases      ] GC(2936)     Termination (ms):         Min:  0.1, Avg:  0.1, Max:  0.1, Diff:  0.0, Sum:  0.5, Workers: 8
[426.900s][debug][gc,phases      ] GC(2936)       Termination Attempts:     Min: 1, Avg:  1.0, Max: 1, Diff: 0, Sum: 8, Workers: 8
[426.900s][debug][gc,phases      ] GC(2936)     GC Worker Other (ms):     Min:  0.0, Avg:  0.0, Max:  0.0, Diff:  0.0, Sum:  0.1, Workers: 8
[426.900s][debug][gc,phases      ] GC(2936)     GC Worker Total (ms):     Min:  0.1, Avg:  0.1, Max:  0.1, Diff:  0.1, Sum:  0.9, Workers: 8
[426.900s][info ][gc,phases      ] GC(2936)   Post Evacuate Collection Set: 0.3ms
[426.900s][debug][gc,phases      ] GC(2936)     Code Roots Fixup: 0.0ms
[426.900s][debug][gc,phases      ] GC(2936)     Clear Card Table: 0.1ms
[426.900s][debug][gc,phases      ] GC(2936)     Reference Processing: 0.0ms
[426.900s][debug][gc,phases,ref  ] GC(2936)       Reconsider SoftReferences: 0.0ms
[426.900s][debug][gc,phases,ref  ] GC(2936)         SoftRef (ms):             skipped
[426.900s][debug][gc,phases,ref  ] GC(2936)       Notify Soft/WeakReferences: 0.0ms
[426.900s][debug][gc,phases,ref  ] GC(2936)         SoftRef (ms):             skipped
[426.900s][debug][gc,phases,ref  ] GC(2936)         WeakRef (ms):             skipped
[426.900s][debug][gc,phases,ref  ] GC(2936)         FinalRef (ms):            skipped
[426.900s][debug][gc,phases,ref  ] GC(2936)         Total (ms):               skipped
[426.900s][debug][gc,phases,ref  ] GC(2936)       Notify and keep alive finalizable: 0.0ms
[426.900s][debug][gc,phases,ref  ] GC(2936)         FinalRef (ms):            skipped
[426.900s][debug][gc,phases,ref  ] GC(2936)       Notify PhantomReferences: 0.0ms
[426.900s][debug][gc,phases,ref  ] GC(2936)         PhantomRef (ms):          skipped
[426.900s][debug][gc,phases,ref  ] GC(2936)       SoftReference:
[426.900s][debug][gc,phases,ref  ] GC(2936)         Discovered: 0
[426.900s][debug][gc,phases,ref  ] GC(2936)         Cleared: 0
[426.900s][debug][gc,phases,ref  ] GC(2936)       WeakReference:
[426.900s][debug][gc,phases,ref  ] GC(2936)         Discovered: 0
[426.900s][debug][gc,phases,ref  ] GC(2936)         Cleared: 0
[426.900s][debug][gc,phases,ref  ] GC(2936)       FinalReference:
[426.900s][debug][gc,phases,ref  ] GC(2936)         Discovered: 0
[426.900s][debug][gc,phases,ref  ] GC(2936)         Cleared: 0
[426.900s][debug][gc,phases,ref  ] GC(2936)       PhantomReference:
[426.900s][debug][gc,phases,ref  ] GC(2936)         Discovered: 0
[426.900s][debug][gc,phases,ref  ] GC(2936)         Cleared: 0
[426.900s][debug][gc,phases      ] GC(2936)     Weak Processing: 0.1ms
[426.900s][debug][gc,phases      ] GC(2936)       JVMTI weak processing: 0.0ms
[426.900s][debug][gc,phases      ] GC(2936)         Dead: 0
[426.900s][debug][gc,phases      ] GC(2936)         Total: 0
[426.900s][debug][gc,phases      ] GC(2936)       JFR weak processing: 0.0ms
[426.900s][debug][gc,phases      ] GC(2936)         Dead: 0
[426.900s][debug][gc,phases      ] GC(2936)         Total: 0
[426.900s][debug][gc,phases      ] GC(2936)       JNI weak                  Min:  0.0, Avg:  0.0, Max:  0.0, Diff:  0.0, Sum:  0.0, Workers: 5
[426.900s][debug][gc,phases      ] GC(2936)         Dead                      Min: 0, Avg:  0.0, Max: 0, Diff: 0, Sum: 0, Workers: 5
[426.900s][debug][gc,phases      ] GC(2936)         Total                     Min: 0, Avg: 13.6, Max: 52, Diff: 52, Sum: 68, Workers: 5
[426.900s][debug][gc,phases      ] GC(2936)       VM weak                   Min:  0.0, Avg:  0.0, Max:  0.0, Diff:  0.0, Sum:  0.0, Workers: 5
[426.900s][debug][gc,phases      ] GC(2936)         Dead                      Min: 0, Avg:  0.0, Max: 0, Diff: 0, Sum: 0, Workers: 5
[426.900s][debug][gc,phases      ] GC(2936)         Total                     Min: 0, Avg: 42.6, Max: 128, Diff: 128, Sum: 213, Workers: 5
[426.900s][debug][gc,phases      ] GC(2936)       StringTable weak          Min:  0.0, Avg:  0.0, Max:  0.0, Diff:  0.0, Sum:  0.1, Workers: 5
[426.900s][debug][gc,phases      ] GC(2936)         Dead                      Min: 0, Avg:  0.0, Max: 0, Diff: 0, Sum: 0, Workers: 5
[426.900s][debug][gc,phases      ] GC(2936)         Total                     Min: 0, Avg: 682.0, Max: 1727, Diff: 1727, Sum: 3410, Workers: 5
[426.900s][debug][gc,phases      ] GC(2936)       ResolvedMethodTable weak  Min:  0.0, Avg:  0.0, Max:  0.0, Diff:  0.0, Sum:  0.0, Workers: 5
[426.900s][debug][gc,phases      ] GC(2936)         Dead                      Min: 0, Avg:  0.0, Max: 0, Diff: 0, Sum: 0, Workers: 5
[426.900s][debug][gc,phases      ] GC(2936)         Total                     Min: 0, Avg: 114.8, Max: 318, Diff: 318, Sum: 574, Workers: 5
[426.900s][debug][gc,phases      ] GC(2936)     Merge Per-Thread State: 0.0ms
[426.900s][debug][gc,phases      ] GC(2936)       Copied Bytes              Min: 0, Avg: 84.0, Max: 304, Diff: 304, Sum: 672, Workers: 8
[426.900s][debug][gc,phases      ] GC(2936)       LAB Waste                 Min: 0, Avg:  0.0, Max: 0, Diff: 0, Sum: 0, Workers: 8
[426.900s][debug][gc,phases      ] GC(2936)       LAB Undo Waste            Min: 0, Avg:  0.0, Max: 0, Diff: 0, Sum: 0, Workers: 8
[426.900s][debug][gc,phases      ] GC(2936)     Code Roots Purge: 0.0ms
[426.900s][debug][gc,phases      ] GC(2936)     Redirty Cards: 0.0ms
[426.900s][debug][gc,phases      ] GC(2936)     DerivedPointerTable Update: 0.0ms
[426.900s][debug][gc,phases      ] GC(2936)     Free Collection Set: 0.1ms
[426.900s][debug][gc,phases      ] GC(2936)     Rebuild Free List: 0.0ms
[426.900s][debug][gc,phases      ] GC(2936)     Humongous Reclaim: 0.0ms
[426.900s][debug][gc,phases      ] GC(2936)     Start New Collection Set: 0.0ms
[426.900s][debug][gc,phases      ] GC(2936)     Resize TLABs: 0.0ms
[426.900s][debug][gc,phases      ] GC(2936)     Expand Heap After Collection: 0.0ms
[426.900s][info ][gc,phases      ] GC(2936)   Other: 0.2ms
[426.900s][info ][gc,heap        ] GC(2936) Eden regions: 180->0(180)
[426.901s][info ][gc,heap        ] GC(2936) Survivor regions: 1->1(23)
[426.901s][info ][gc,heap        ] GC(2936) Old regions: 7->7
[426.901s][info ][gc,heap        ] GC(2936) Archive regions: 2->2
[426.901s][info ][gc,heap        ] GC(2936) Humongous regions: 0->0
[426.901s][info ][gc,metaspace   ] GC(2936) Metaspace: 9905K(10624K)->9905K(10624K) NonClass: 8758K(9216K)->8758K(9216K) Class: 1146K(1408K)->1146K(1408K)
[426.901s][debug][gc,heap        ] GC(2936) Heap after GC invocations=2937 (full 1): garbage-first heap   total 309248K, used 4069K [0x0000000700000000, 0x0000000800000000)
[426.901s][debug][gc,heap        ] GC(2936)   region size 1024K, 1 young (1024K), 1 survivors (1024K)
[426.901s][debug][gc,heap        ] GC(2936)  Metaspace       used 9905K, capacity 10179K, committed 10624K, reserved 1058816K
[426.901s][debug][gc,heap        ] GC(2936)   class space    used 1146K, capacity 1267K, committed 1408K, reserved 1048576K
[426.901s][info ][gc             ] GC(2936) Pause Young (Normal) (G1 Evacuation Pause) 183M->3M(302M) 1.452ms
[426.901s][info ][gc,cpu         ] GC(2936) User=0.01s Sys=0.00s Real=0.00s
[426.901s][info ][safepoint      ] Safepoint "G1CollectForAllocation", Time since last: 133847757 ns, Reaching safepoint: 146701 ns, At safepoint: 1613410 ns, Total: 1760111 ns
[427.025s][debug][gc,heap        ] GC(2937) Heap before GC invocations=2937 (full 1): garbage-first heap   total 309248K, used 188389K [0x0000000700000000, 0x0000000800000000)
[427.025s][debug][gc,heap        ] GC(2937)   region size 1024K, 181 young (185344K), 1 survivors (1024K)
[427.025s][debug][gc,heap        ] GC(2937)  Metaspace       used 9905K, capacity 10179K, committed 10624K, reserved 1058816K
[427.025s][debug][gc,heap        ] GC(2937)   class space    used 1146K, capacity 1267K, committed 1408K, reserved 1048576K
[427.025s][info ][gc,start       ] GC(2937) Pause Young (Normal) (G1 Evacuation Pause)
[427.025s][info ][gc,task        ] GC(2937) Using 8 workers of 8 for evacuation
[427.025s][debug][gc,tlab        ] GC(2937) TLAB totals: thrds: 8  refills: 723 max: 114 slow allocs: 0 max 0 waste:  0.9% gc: 1334256B max: 353416B slow: 418328B max: 66200B fast: 0B max: 0B
[427.025s][debug][gc,age         ] GC(2937) Desired survivor size 12058624 bytes, new threshold 15 (max threshold 15)
[427.025s][debug][gc,alloc,region] GC(2937) Mutator Allocation stats, regions: 180, wasted size: 0B ( 0.0%)
[427.025s][debug][gc,ergo        ] GC(2937) Running G1 Merge Heap Roots using 8 workers for 181 regions
[427.026s][debug][gc,remset      ] GC(2937) Visited cards 256 Total dirty 2048 (12.50%) Total old 759808 (0.03%)
[427.026s][debug][gc,ergo        ] GC(2937) Running G1 Clear Card Table Task using 1 workers for 1 units of work for 182 regions.
[427.026s][debug][gc,ref         ] GC(2937) Skipped phase1 of Reference Processing due to unavailable references
[427.026s][debug][gc,ref         ] GC(2937) Skipped phase2 of Reference Processing due to unavailable references
[427.026s][debug][gc,ref         ] GC(2937) Skipped phase3 of Reference Processing due to unavailable references
[427.026s][debug][gc,ref         ] GC(2937) Skipped phase4 of Reference Processing due to unavailable references
[427.026s][debug][gc,ergo        ] GC(2937) Running G1 Free Collection Set using 8 workers for collection set length 181 (302)
[427.026s][debug][gc,ergo        ] GC(2937) Running G1 Rebuild Free List Task using 8 workers for rebuilding free list of 0 (4096) regions
[427.026s][trace][gc,age         ] GC(2937) Age table with threshold 15 (max threshold 15)
[427.026s][trace][gc,age         ] GC(2937) - age   1:        504 bytes,        504 total
[427.026s][debug][gc,plab        ] GC(2937) Young PLAB allocation: allocated: 14448B, wasted: 0B, unused: 13944B, used: 504B, undo waste: 0B, 
[427.026s][debug][gc,plab        ] GC(2937) Young other allocation: region end waste: 0B, regions filled: 1, direct allocated: 0B, failure used: 0B, failure wasted: 0B
[427.026s][debug][gc,plab        ] GC(2937) Young sizing: calculated: 96B, actual: 2064B
[427.026s][debug][gc,plab        ] GC(2937) Old PLAB allocation: allocated: 0B, wasted: 0B, unused: 0B, used: 0B, undo waste: 0B, 
[427.026s][debug][gc,plab        ] GC(2937) Old other allocation: region end waste: 0B, regions filled: 1, direct allocated: 0B, failure used: 0B, failure wasted: 0B
[427.026s][debug][gc,plab        ] GC(2937) Old sizing: calculated: 0B, actual: 2064B
[427.026s][debug][gc,ihop        ] GC(2937) Basic information (value update), threshold: 142501478B (45.00), target occupancy: 316669952B, current occupancy: 4169192B, recent allocation size: 0B, recent allocation duration: 125.42ms, recent old gen allocation rate: 0.00B/s, recent marking phase length: 0.00ms
[427.026s][debug][gc,ihop        ] GC(2937) Adaptive IHOP information (value update), threshold: 142501478B (47.37), internal target occupancy: 300836454B, occupancy: 4169192B, additional buffer size: 189792256B, predicted old gen allocation rate: 0.00B/s, predicted marking phase length: 0.00ms, prediction active: false
[427.026s][debug][gc,ergo,refine ] GC(2937) Concurrent refinement times: Logged Cards Scan time goal: 20.00ms Logged Cards Scan time: 0.00ms HCC time: 0.00ms
[427.026s][debug][gc,ergo,refine ] GC(2937) Updated Refinement Zones: green: 2048, yellow: 6144, red: 10240
[427.026s][info ][gc,phases      ] GC(2937)   Pre Evacuate Collection Set: 0.1ms
[427.026s][debug][gc,phases      ] GC(2937)     Prepare TLABs: 0.0ms
[427.026s][debug][gc,phases      ] GC(2937)     Choose Collection Set: 0.0ms
[427.026s][debug][gc,phases      ] GC(2937)     Region Register: 0.1ms
[427.026s][debug][gc,phases      ] GC(2937)     Prepare Heap Roots: 0.0ms
[427.026s][info ][gc,phases      ] GC(2937)   Merge Heap Roots: 0.1ms
[427.026s][debug][gc,phases      ] GC(2937)     Prepare Merge Heap Roots: 0.0ms
[427.026s][debug][gc,phases      ] GC(2937)     Eager Reclaim (ms):       skipped
[427.026s][debug][gc,phases      ] GC(2937)     Remembered Sets (ms):     Min:  0.0, Avg:  0.0, Max:  0.0, Diff:  0.0, Sum:  0.0, Workers: 8
[427.026s][debug][gc,phases      ] GC(2937)       Merged Sparse:            Min: 0, Avg:  0.0, Max: 0, Diff: 0, Sum: 0, Workers: 8
[427.026s][debug][gc,phases      ] GC(2937)       Merged Fine:              Min: 0, Avg:  0.0, Max: 0, Diff: 0, Sum: 0, Workers: 8
[427.026s][debug][gc,phases      ] GC(2937)       Merged Coarse:            Min: 0, Avg:  0.0, Max: 0, Diff: 0, Sum: 0, Workers: 8
[427.026s][debug][gc,phases      ] GC(2937)       Dirty Cards:              Min: 0, Avg:  0.0, Max: 0, Diff: 0, Sum: 0, Workers: 8
[427.026s][debug][gc,phases      ] GC(2937)     Hot Card Cache (ms):      Min:  0.0, Avg:  0.0, Max:  0.0, Diff:  0.0, Sum:  0.0, Workers: 8
[427.026s][debug][gc,phases      ] GC(2937)       Dirty Cards:              Min: 0, Avg:  0.0, Max: 0, Diff: 0, Sum: 0, Workers: 8
[427.026s][debug][gc,phases      ] GC(2937)       Skipped Cards:            Min: 0, Avg:  0.0, Max: 0, Diff: 0, Sum: 0, Workers: 8
[427.026s][debug][gc,phases      ] GC(2937)     Log Buffers (ms):         Min:  0.0, Avg:  0.0, Max:  0.0, Diff:  0.0, Sum:  0.0, Workers: 8
[427.026s][debug][gc,phases      ] GC(2937)       Dirty Cards:              Min: 0, Avg:  0.1, Max: 1, Diff: 1, Sum: 1, Workers: 8
[427.026s][debug][gc,phases      ] GC(2937)       Skipped Cards:            Min: 0, Avg:  0.0, Max: 0, Diff: 0, Sum: 0, Workers: 8
[427.026s][info ][gc,phases      ] GC(2937)   Evacuate Collection Set: 0.1ms
[427.026s][debug][gc,phases      ] GC(2937)     Ext Root Scanning (ms):   Min:  0.0, Avg:  0.0, Max:  0.1, Diff:  0.0, Sum:  0.3, Workers: 8
[427.026s][debug][gc,phases      ] GC(2937)     Scan Heap Roots (ms):     Min:  0.0, Avg:  0.0, Max:  0.0, Diff:  0.0, Sum:  0.0, Workers: 8
[427.026s][debug][gc,phases      ] GC(2937)       Scanned Cards:            Min: 0, Avg:  0.1, Max: 1, Diff: 1, Sum: 1, Workers: 8
[427.026s][debug][gc,phases      ] GC(2937)       Scanned Blocks:           Min: 0, Avg:  0.1, Max: 1, Diff: 1, Sum: 1, Workers: 8
[427.026s][debug][gc,phases      ] GC(2937)       Claimed Chunks:           Min: 0, Avg:  0.1, Max: 1, Diff: 1, Sum: 1, Workers: 8
[427.026s][debug][gc,phases      ] GC(2937)     Code Root Scan (ms):      Min:  0.0, Avg:  0.0, Max:  0.0, Diff:  0.0, Sum:  0.0, Workers: 8
[427.026s][debug][gc,phases      ] GC(2937)     Object Copy (ms):         Min:  0.0, Avg:  0.0, Max:  0.0, Diff:  0.0, Sum:  0.0, Workers: 8
[427.026s][debug][gc,phases      ] GC(2937)     Termination (ms):         Min:  0.0, Avg:  0.0, Max:  0.1, Diff:  0.0, Sum:  0.4, Workers: 8
[427.026s][debug][gc,phases      ] GC(2937)       Termination Attempts:     Min: 1, Avg:  1.0, Max: 1, Diff: 0, Sum: 8, Workers: 8
[427.026s][debug][gc,phases      ] GC(2937)     GC Worker Other (ms):     Min:  0.0, Avg:  0.0, Max:  0.0, Diff:  0.0, Sum:  0.1, Workers: 8
[427.026s][debug][gc,phases      ] GC(2937)     GC Worker Total (ms):     Min:  0.1, Avg:  0.1, Max:  0.1, Diff:  0.1, Sum:  0.8, Workers: 8
[427.026s][info ][gc,phases      ] GC(2937)   Post Evacuate Collection Set: 0.3ms
[427.026s][debug][gc,phases      ] GC(2937)     Code Roots Fixup: 0.0ms
[427.026s][debug][gc,phases      ] GC(2937)     Clear Card Table: 0.1ms
[427.026s][debug][gc,phases      ] GC(2937)     Reference Processing: 0.0ms
[427.026s][debug][gc,phases,ref  ] GC(2937)       Reconsider SoftReferences: 0.0ms
[427.026s][debug][gc,phases,ref  ] GC(2937)         SoftRef (ms):             skipped
[427.026s][debug][gc,phases,ref  ] GC(2937)       Notify Soft/WeakReferences: 0.0ms
[427.026s][debug][gc,phases,ref  ] GC(2937)         SoftRef (ms):             skipped
[427.026s][debug][gc,phases,ref  ] GC(2937)         WeakRef (ms):             skipped
[427.026s][debug][gc,phases,ref  ] GC(2937)         FinalRef (ms):            skipped
[427.026s][debug][gc,phases,ref  ] GC(2937)         Total (ms):               skipped
[427.026s][debug][gc,phases,ref  ] GC(2937)       Notify and keep alive finalizable: 0.0ms
[427.026s][debug][gc,phases,ref  ] GC(2937)         FinalRef (ms):            skipped
[427.026s][debug][gc,phases,ref  ] GC(2937)       Notify PhantomReferences: 0.0ms
[427.026s][debug][gc,phases,ref  ] GC(2937)         PhantomRef (ms):          skipped
[427.026s][debug][gc,phases,ref  ] GC(2937)       SoftReference:
[427.026s][debug][gc,phases,ref  ] GC(2937)         Discovered: 0
[427.026s][debug][gc,phases,ref  ] GC(2937)         Cleared: 0
[427.026s][debug][gc,phases,ref  ] GC(2937)       WeakReference:
[427.026s][debug][gc,phases,ref  ] GC(2937)         Discovered: 0
[427.026s][debug][gc,phases,ref  ] GC(2937)         Cleared: 0
[427.026s][debug][gc,phases,ref  ] GC(2937)       FinalReference:
[427.026s][debug][gc,phases,ref  ] GC(2937)         Discovered: 0
[427.026s][debug][gc,phases,ref  ] GC(2937)         Cleared: 0
[427.026s][debug][gc,phases,ref  ] GC(2937)       PhantomReference:
[427.026s][debug][gc,phases,ref  ] GC(2937)         Discovered: 0
[427.026s][debug][gc,phases,ref  ] GC(2937)         Cleared: 0
[427.026s][debug][gc,phases      ] GC(2937)     Weak Processing: 0.0ms
[427.026s][debug][gc,phases      ] GC(2937)       JVMTI weak processing: 0.0ms
[427.026s][debug][gc,phases      ] GC(2937)         Dead: 0
[427.026s][debug][gc,phases      ] GC(2937)         Total: 0
[427.026s][debug][gc,phases      ] GC(2937)       JFR weak processing: 0.0ms
[427.026s][debug][gc,phases      ] GC(2937)         Dead: 0
[427.027s][debug][gc,phases      ] GC(2937)         Total: 0
[427.027s][debug][gc,phases      ] GC(2937)       JNI weak                  Min:  0.0, Avg:  0.0, Max:  0.0, Diff:  0.0, Sum:  0.0, Workers: 5
[427.027s][debug][gc,phases      ] GC(2937)         Dead                      Min: 0, Avg:  0.0, Max: 0, Diff: 0, Sum: 0, Workers: 5
[427.027s][debug][gc,phases      ] GC(2937)         Total                     Min: 0, Avg: 13.6, Max: 68, Diff: 68, Sum: 68, Workers: 5
[427.027s][debug][gc,phases      ] GC(2937)       VM weak                   Min:  0.0, Avg:  0.0, Max:  0.0, Diff:  0.0, Sum:  0.0, Workers: 5
[427.027s][debug][gc,phases      ] GC(2937)         Dead                      Min: 0, Avg:  0.0, Max: 0, Diff: 0, Sum: 0, Workers: 5
[427.027s][debug][gc,phases      ] GC(2937)         Total                     Min: 0, Avg: 42.6, Max: 213, Diff: 213, Sum: 213, Workers: 5
[427.027s][debug][gc,phases      ] GC(2937)       StringTable weak          Min:  0.0, Avg:  0.0, Max:  0.0, Diff:  0.0, Sum:  0.0, Workers: 5
[427.027s][debug][gc,phases      ] GC(2937)         Dead                      Min: 0, Avg:  0.0, Max: 0, Diff: 0, Sum: 0, Workers: 5
[427.027s][debug][gc,phases      ] GC(2937)         Total                     Min: 0, Avg: 682.0, Max: 1471, Diff: 1471, Sum: 3410, Workers: 5
[427.027s][debug][gc,phases      ] GC(2937)       ResolvedMethodTable weak  Min:  0.0, Avg:  0.0, Max:  0.0, Diff:  0.0, Sum:  0.0, Workers: 5
[427.027s][debug][gc,phases      ] GC(2937)         Dead                      Min: 0, Avg:  0.0, Max: 0, Diff: 0, Sum: 0, Workers: 5
[427.027s][debug][gc,phases      ] GC(2937)         Total                     Min: 0, Avg: 114.8, Max: 254, Diff: 254, Sum: 574, Workers: 5
[427.027s][debug][gc,phases      ] GC(2937)     Merge Per-Thread State: 0.0ms
[427.027s][debug][gc,phases      ] GC(2937)       Copied Bytes              Min: 0, Avg: 63.0, Max: 144, Diff: 144, Sum: 504, Workers: 8
[427.027s][debug][gc,phases      ] GC(2937)       LAB Waste                 Min: 0, Avg:  0.0, Max: 0, Diff: 0, Sum: 0, Workers: 8
[427.027s][debug][gc,phases      ] GC(2937)       LAB Undo Waste            Min: 0, Avg:  0.0, Max: 0, Diff: 0, Sum: 0, Workers: 8
[427.027s][debug][gc,phases      ] GC(2937)     Code Roots Purge: 0.0ms
[427.027s][debug][gc,phases      ] GC(2937)     Redirty Cards: 0.0ms
[427.027s][debug][gc,phases      ] GC(2937)     DerivedPointerTable Update: 0.0ms
[427.027s][debug][gc,phases      ] GC(2937)     Free Collection Set: 0.1ms
[427.027s][debug][gc,phases      ] GC(2937)     Rebuild Free List: 0.0ms
[427.027s][debug][gc,phases      ] GC(2937)     Humongous Reclaim: 0.0ms
[427.027s][debug][gc,phases      ] GC(2937)     Start New Collection Set: 0.0ms
[427.027s][debug][gc,phases      ] GC(2937)     Resize TLABs: 0.0ms
[427.027s][debug][gc,phases      ] GC(2937)     Expand Heap After Collection: 0.0ms
[427.027s][info ][gc,phases      ] GC(2937)   Other: 0.2ms
[427.027s][info ][gc,heap        ] GC(2937) Eden regions: 180->0(180)
[427.027s][info ][gc,heap        ] GC(2937) Survivor regions: 1->1(23)
[427.027s][info ][gc,heap        ] GC(2937) Old regions: 7->7
[427.027s][info ][gc,heap        ] GC(2937) Archive regions: 2->2
[427.027s][info ][gc,heap        ] GC(2937) Humongous regions: 0->0
[427.027s][info ][gc,metaspace   ] GC(2937) Metaspace: 9905K(10624K)->9905K(10624K) NonClass: 8758K(9216K)->8758K(9216K) Class: 1146K(1408K)->1146K(1408K)
[427.027s][debug][gc,heap        ] GC(2937) Heap after GC invocations=2938 (full 1): garbage-first heap   total 309248K, used 4071K [0x0000000700000000, 0x0000000800000000)
[427.027s][debug][gc,heap        ] GC(2937)   region size 1024K, 1 young (1024K), 1 survivors (1024K)
[427.027s][debug][gc,heap        ] GC(2937)  Metaspace       used 9905K, capacity 10179K, committed 10624K, reserved 1058816K
[427.027s][debug][gc,heap        ] GC(2937)   class space    used 1146K, capacity 1267K, committed 1408K, reserved 1048576K
[427.027s][info ][gc             ] GC(2937) Pause Young (Normal) (G1 Evacuation Pause) 183M->3M(302M) 1.459ms
[427.027s][info ][gc,cpu         ] GC(2937) User=0.00s Sys=0.00s Real=0.00s
[427.027s][info ][safepoint      ] Safepoint "G1CollectForAllocation", Time since last: 124417489 ns, Reaching safepoint: 154661 ns, At safepoint: 1616761 ns, Total: 1771422 ns
[427.173s][debug][gc,heap        ] GC(2938) Heap before GC invocations=2938 (full 1): garbage-first heap   total 309248K, used 188391K [0x0000000700000000, 0x0000000800000000)
[427.173s][debug][gc,heap        ] GC(2938)   region size 1024K, 181 young (185344K), 1 survivors (1024K)
[427.173s][debug][gc,heap        ] GC(2938)  Metaspace       used 9905K, capacity 10179K, committed 10624K, reserved 1058816K
[427.173s][debug][gc,heap        ] GC(2938)   class space    used 1146K, capacity 1267K, committed 1408K, reserved 1048576K
[427.173s][info ][gc,start       ] GC(2938) Pause Young (Normal) (G1 Evacuation Pause)
[427.173s][info ][gc,task        ] GC(2938) Using 8 workers of 8 for evacuation
[427.173s][debug][gc,tlab        ] GC(2938) TLAB totals: thrds: 8  refills: 724 max: 95 slow allocs: 0 max 0 waste:  1.2% gc: 1854720B max: 474968B slow: 418296B max: 54920B fast: 0B max: 0B
[427.173s][debug][gc,age         ] GC(2938) Desired survivor size 12058624 bytes, new threshold 15 (max threshold 15)
[427.173s][debug][gc,alloc,region] GC(2938) Mutator Allocation stats, regions: 180, wasted size: 0B ( 0.0%)
[427.173s][debug][gc,ergo        ] GC(2938) Running G1 Merge Heap Roots using 8 workers for 181 regions
[427.173s][debug][gc,remset      ] GC(2938) Visited cards 256 Total dirty 2048 (12.50%) Total old 759808 (0.03%)
[427.173s][debug][gc,ergo        ] GC(2938) Running G1 Clear Card Table Task using 1 workers for 1 units of work for 182 regions.
[427.173s][debug][gc,ref         ] GC(2938) Skipped phase1 of Reference Processing due to unavailable references
[427.173s][debug][gc,ref         ] GC(2938) Skipped phase2 of Reference Processing due to unavailable references
[427.173s][debug][gc,ref         ] GC(2938) Skipped phase3 of Reference Processing due to unavailable references
[427.173s][debug][gc,ref         ] GC(2938) Skipped phase4 of Reference Processing due to unavailable references
[427.173s][debug][gc,ergo        ] GC(2938) Running G1 Free Collection Set using 8 workers for collection set length 181 (302)
[427.173s][debug][gc,ergo        ] GC(2938) Running G1 Rebuild Free List Task using 8 workers for rebuilding free list of 0 (4096) regions
[427.173s][trace][gc,age         ] GC(2938) Age table with threshold 15 (max threshold 15)
[427.173s][trace][gc,age         ] GC(2938) - age   1:        592 bytes,        592 total
[427.173s][debug][gc,plab        ] GC(2938) Young PLAB allocation: allocated: 12384B, wasted: 0B, unused: 11792B, used: 592B, undo waste: 0B, 
[427.173s][debug][gc,plab        ] GC(2938) Young other allocation: region end waste: 0B, regions filled: 1, direct allocated: 0B, failure used: 0B, failure wasted: 0B
[427.173s][debug][gc,plab        ] GC(2938) Young sizing: calculated: 112B, actual: 2064B
[427.173s][debug][gc,plab        ] GC(2938) Old PLAB allocation: allocated: 0B, wasted: 0B, unused: 0B, used: 0B, undo waste: 0B, 
[427.173s][debug][gc,plab        ] GC(2938) Old other allocation: region end waste: 0B, regions filled: 1, direct allocated: 0B, failure used: 0B, failure wasted: 0B
[427.173s][debug][gc,plab        ] GC(2938) Old sizing: calculated: 0B, actual: 2064B
[427.173s][debug][gc,ihop        ] GC(2938) Basic information (value update), threshold: 142501478B (45.00), target occupancy: 316669952B, current occupancy: 4167128B, recent allocation size: 0B, recent allocation duration: 146.58ms, recent old gen allocation rate: 0.00B/s, recent marking phase length: 0.00ms
[427.173s][debug][gc,ihop        ] GC(2938) Adaptive IHOP information (value update), threshold: 142501478B (47.37), internal target occupancy: 300836454B, occupancy: 4167128B, additional buffer size: 189792256B, predicted old gen allocation rate: 0.00B/s, predicted marking phase length: 0.00ms, prediction active: false
[427.173s][debug][gc,ergo,refine ] GC(2938) Concurrent refinement times: Logged Cards Scan time goal: 20.00ms Logged Cards Scan time: 0.00ms HCC time: 0.00ms
[427.173s][debug][gc,ergo,refine ] GC(2938) Updated Refinement Zones: green: 2048, yellow: 6144, red: 10240
[427.173s][info ][gc,phases      ] GC(2938)   Pre Evacuate Collection Set: 0.1ms
[427.173s][debug][gc,phases      ] GC(2938)     Prepare TLABs: 0.0ms
[427.173s][debug][gc,phases      ] GC(2938)     Choose Collection Set: 0.0ms
[427.173s][debug][gc,phases      ] GC(2938)     Region Register: 0.1ms
[427.173s][debug][gc,phases      ] GC(2938)     Prepare Heap Roots: 0.0ms
[427.173s][info ][gc,phases      ] GC(2938)   Merge Heap Roots: 0.1ms
[427.173s][debug][gc,phases      ] GC(2938)     Prepare Merge Heap Roots: 0.0ms
[427.173s][debug][gc,phases      ] GC(2938)     Eager Reclaim (ms):       skipped
[427.173s][debug][gc,phases      ] GC(2938)     Remembered Sets (ms):     Min:  0.0, Avg:  0.0, Max:  0.0, Diff:  0.0, Sum:  0.0, Workers: 8
[427.173s][debug][gc,phases      ] GC(2938)       Merged Sparse:            Min: 0, Avg:  0.0, Max: 0, Diff: 0, Sum: 0, Workers: 8
[427.173s][debug][gc,phases      ] GC(2938)       Merged Fine:              Min: 0, Avg:  0.0, Max: 0, Diff: 0, Sum: 0, Workers: 8
[427.173s][debug][gc,phases      ] GC(2938)       Merged Coarse:            Min: 0, Avg:  0.0, Max: 0, Diff: 0, Sum: 0, Workers: 8
[427.173s][debug][gc,phases      ] GC(2938)       Dirty Cards:              Min: 0, Avg:  0.0, Max: 0, Diff: 0, Sum: 0, Workers: 8
[427.174s][debug][gc,phases      ] GC(2938)     Hot Card Cache (ms):      Min:  0.0, Avg:  0.0, Max:  0.0, Diff:  0.0, Sum:  0.0, Workers: 8
[427.174s][debug][gc,phases      ] GC(2938)       Dirty Cards:              Min: 0, Avg:  0.0, Max: 0, Diff: 0, Sum: 0, Workers: 8
[427.174s][debug][gc,phases      ] GC(2938)       Skipped Cards:            Min: 0, Avg:  0.0, Max: 0, Diff: 0, Sum: 0, Workers: 8
[427.174s][debug][gc,phases      ] GC(2938)     Log Buffers (ms):         Min:  0.0, Avg:  0.0, Max:  0.0, Diff:  0.0, Sum:  0.0, Workers: 8
[427.174s][debug][gc,phases      ] GC(2938)       Dirty Cards:              Min: 0, Avg:  0.1, Max: 1, Diff: 1, Sum: 1, Workers: 8
[427.174s][debug][gc,phases      ] GC(2938)       Skipped Cards:            Min: 0, Avg:  0.0, Max: 0, Diff: 0, Sum: 0, Workers: 8
[427.174s][info ][gc,phases      ] GC(2938)   Evacuate Collection Set: 0.1ms
[427.174s][debug][gc,phases      ] GC(2938)     Ext Root Scanning (ms):   Min:  0.0, Avg:  0.0, Max:  0.1, Diff:  0.0, Sum:  0.2, Workers: 8
[427.174s][debug][gc,phases      ] GC(2938)     Scan Heap Roots (ms):     Min:  0.0, Avg:  0.0, Max:  0.0, Diff:  0.0, Sum:  0.0, Workers: 8
[427.174s][debug][gc,phases      ] GC(2938)       Scanned Cards:            Min: 0, Avg:  0.1, Max: 1, Diff: 1, Sum: 1, Workers: 8
[427.174s][debug][gc,phases      ] GC(2938)       Scanned Blocks:           Min: 0, Avg:  0.1, Max: 1, Diff: 1, Sum: 1, Workers: 8
[427.174s][debug][gc,phases      ] GC(2938)       Claimed Chunks:           Min: 0, Avg:  0.1, Max: 1, Diff: 1, Sum: 1, Workers: 8
[427.174s][debug][gc,phases      ] GC(2938)     Code Root Scan (ms):      Min:  0.0, Avg:  0.0, Max:  0.0, Diff:  0.0, Sum:  0.0, Workers: 8
[427.174s][debug][gc,phases      ] GC(2938)     Object Copy (ms):         Min:  0.0, Avg:  0.0, Max:  0.0, Diff:  0.0, Sum:  0.0, Workers: 8
[427.174s][debug][gc,phases      ] GC(2938)     Termination (ms):         Min:  0.0, Avg:  0.1, Max:  0.1, Diff:  0.0, Sum:  0.4, Workers: 8
[427.174s][debug][gc,phases      ] GC(2938)       Termination Attempts:     Min: 1, Avg:  1.0, Max: 1, Diff: 0, Sum: 8, Workers: 8
[427.174s][debug][gc,phases      ] GC(2938)     GC Worker Other (ms):     Min:  0.0, Avg:  0.0, Max:  0.0, Diff:  0.0, Sum:  0.1, Workers: 8
[427.174s][debug][gc,phases      ] GC(2938)     GC Worker Total (ms):     Min:  0.1, Avg:  0.1, Max:  0.1, Diff:  0.1, Sum:  0.8, Workers: 8
[427.174s][info ][gc,phases      ] GC(2938)   Post Evacuate Collection Set: 0.3ms
[427.174s][debug][gc,phases      ] GC(2938)     Code Roots Fixup: 0.0ms
[427.174s][debug][gc,phases      ] GC(2938)     Clear Card Table: 0.1ms
[427.174s][debug][gc,phases      ] GC(2938)     Reference Processing: 0.0ms
[427.174s][debug][gc,phases,ref  ] GC(2938)       Reconsider SoftReferences: 0.0ms
[427.174s][debug][gc,phases,ref  ] GC(2938)         SoftRef (ms):             skipped
[427.174s][debug][gc,phases,ref  ] GC(2938)       Notify Soft/WeakReferences: 0.0ms
[427.174s][debug][gc,phases,ref  ] GC(2938)         SoftRef (ms):             skipped
[427.174s][debug][gc,phases,ref  ] GC(2938)         WeakRef (ms):             skipped
[427.174s][debug][gc,phases,ref  ] GC(2938)         FinalRef (ms):            skipped
[427.174s][debug][gc,phases,ref  ] GC(2938)         Total (ms):               skipped
[427.174s][debug][gc,phases,ref  ] GC(2938)       Notify and keep alive finalizable: 0.0ms
[427.174s][debug][gc,phases,ref  ] GC(2938)         FinalRef (ms):            skipped
[427.174s][debug][gc,phases,ref  ] GC(2938)       Notify PhantomReferences: 0.0ms
[427.174s][debug][gc,phases,ref  ] GC(2938)         PhantomRef (ms):          skipped
[427.174s][debug][gc,phases,ref  ] GC(2938)       SoftReference:
[427.174s][debug][gc,phases,ref  ] GC(2938)         Discovered: 0
[427.174s][debug][gc,phases,ref  ] GC(2938)         Cleared: 0
[427.174s][debug][gc,phases,ref  ] GC(2938)       WeakReference:
[427.174s][debug][gc,phases,ref  ] GC(2938)         Discovered: 0
[427.174s][debug][gc,phases,ref  ] GC(2938)         Cleared: 0
[427.174s][debug][gc,phases,ref  ] GC(2938)       FinalReference:
[427.174s][debug][gc,phases,ref  ] GC(2938)         Discovered: 0
[427.174s][debug][gc,phases,ref  ] GC(2938)         Cleared: 0
[427.174s][debug][gc,phases,ref  ] GC(2938)       PhantomReference:
[427.174s][debug][gc,phases,ref  ] GC(2938)         Discovered: 0
[427.174s][debug][gc,phases,ref  ] GC(2938)         Cleared: 0
[427.174s][debug][gc,phases      ] GC(2938)     Weak Processing: 0.0ms
[427.174s][debug][gc,phases      ] GC(2938)       JVMTI weak processing: 0.0ms
[427.174s][debug][gc,phases      ] GC(2938)         Dead: 0
[427.174s][debug][gc,phases      ] GC(2938)         Total: 0
[427.174s][debug][gc,phases      ] GC(2938)       JFR weak processing: 0.0ms
[427.174s][debug][gc,phases      ] GC(2938)         Dead: 0
[427.174s][debug][gc,phases      ] GC(2938)         Total: 0
[427.174s][debug][gc,phases      ] GC(2938)       JNI weak                  Min:  0.0, Avg:  0.0, Max:  0.0, Diff:  0.0, Sum:  0.0, Workers: 5
[427.174s][debug][gc,phases      ] GC(2938)         Dead                      Min: 0, Avg:  0.0, Max: 0, Diff: 0, Sum: 0, Workers: 5
[427.174s][debug][gc,phases      ] GC(2938)         Total                     Min: 0, Avg: 13.6, Max: 52, Diff: 52, Sum: 68, Workers: 5
[427.174s][debug][gc,phases      ] GC(2938)       VM weak                   Min:  0.0, Avg:  0.0, Max:  0.0, Diff:  0.0, Sum:  0.0, Workers: 5
[427.174s][debug][gc,phases      ] GC(2938)         Dead                      Min: 0, Avg:  0.0, Max: 0, Diff: 0, Sum: 0, Workers: 5
[427.174s][debug][gc,phases      ] GC(2938)         Total                     Min: 0, Avg: 42.6, Max: 128, Diff: 128, Sum: 213, Workers: 5
[427.174s][debug][gc,phases      ] GC(2938)       StringTable weak          Min:  0.0, Avg:  0.0, Max:  0.0, Diff:  0.0, Sum:  0.1, Workers: 5
[427.174s][debug][gc,phases      ] GC(2938)         Dead                      Min: 0, Avg:  0.0, Max: 0, Diff: 0, Sum: 0, Workers: 5
[427.174s][debug][gc,phases      ] GC(2938)         Total                     Min: 0, Avg: 682.0, Max: 959, Diff: 959, Sum: 3410, Workers: 5
[427.174s][debug][gc,phases      ] GC(2938)       ResolvedMethodTable weak  Min:  0.0, Avg:  0.0, Max:  0.0, Diff:  0.0, Sum:  0.0, Workers: 5
[427.174s][debug][gc,phases      ] GC(2938)         Dead                      Min: 0, Avg:  0.0, Max: 0, Diff: 0, Sum: 0, Workers: 5
[427.174s][debug][gc,phases      ] GC(2938)         Total                     Min: 0, Avg: 114.8, Max: 190, Diff: 190, Sum: 574, Workers: 5
[427.174s][debug][gc,phases      ] GC(2938)     Merge Per-Thread State: 0.0ms
[427.174s][debug][gc,phases      ] GC(2938)       Copied Bytes              Min: 0, Avg: 74.0, Max: 192, Diff: 192, Sum: 592, Workers: 8
[427.174s][debug][gc,phases      ] GC(2938)       LAB Waste                 Min: 0, Avg:  0.0, Max: 0, Diff: 0, Sum: 0, Workers: 8
[427.174s][debug][gc,phases      ] GC(2938)       LAB Undo Waste            Min: 0, Avg:  0.0, Max: 0, Diff: 0, Sum: 0, Workers: 8
[427.174s][debug][gc,phases      ] GC(2938)     Code Roots Purge: 0.0ms
[427.174s][debug][gc,phases      ] GC(2938)     Redirty Cards: 0.0ms
[427.174s][debug][gc,phases      ] GC(2938)     DerivedPointerTable Update: 0.0ms
[427.174s][debug][gc,phases      ] GC(2938)     Free Collection Set: 0.1ms
[427.174s][debug][gc,phases      ] GC(2938)     Rebuild Free List: 0.0ms
[427.174s][debug][gc,phases      ] GC(2938)     Humongous Reclaim: 0.0ms
[427.174s][debug][gc,phases      ] GC(2938)     Start New Collection Set: 0.0ms
[427.174s][debug][gc,phases      ] GC(2938)     Resize TLABs: 0.0ms
[427.174s][debug][gc,phases      ] GC(2938)     Expand Heap After Collection: 0.0ms
[427.174s][info ][gc,phases      ] GC(2938)   Other: 0.3ms
[427.174s][info ][gc,heap        ] GC(2938) Eden regions: 180->0(180)
[427.174s][info ][gc,heap        ] GC(2938) Survivor regions: 1->1(23)
[427.174s][info ][gc,heap        ] GC(2938) Old regions: 7->7
[427.174s][info ][gc,heap        ] GC(2938) Archive regions: 2->2
[427.174s][info ][gc,heap        ] GC(2938) Humongous regions: 0->0
[427.174s][info ][gc,metaspace   ] GC(2938) Metaspace: 9905K(10624K)->9905K(10624K) NonClass: 8758K(9216K)->8758K(9216K) Class: 1146K(1408K)->1146K(1408K)
[427.174s][debug][gc,heap        ] GC(2938) Heap after GC invocations=2939 (full 1): garbage-first heap   total 309248K, used 4069K [0x0000000700000000, 0x0000000800000000)
[427.174s][debug][gc,heap        ] GC(2938)   region size 1024K, 1 young (1024K), 1 survivors (1024K)
[427.174s][debug][gc,heap        ] GC(2938)  Metaspace       used 9905K, capacity 10179K, committed 10624K, reserved 1058816K
[427.174s][debug][gc,heap        ] GC(2938)   class space    used 1146K, capacity 1267K, committed 1408K, reserved 1048576K
[427.174s][info ][gc             ] GC(2938) Pause Young (Normal) (G1 Evacuation Pause) 183M->3M(302M) 1.421ms
[427.174s][info ][gc,cpu         ] GC(2938) User=0.00s Sys=0.00s Real=0.01s
[427.174s][info ][safepoint      ] Safepoint "G1CollectForAllocation", Time since last: 145580481 ns, Reaching safepoint: 126192 ns, At safepoint: 1585589 ns, Total: 1711781 ns
[427.321s][debug][gc,heap        ] GC(2939) Heap before GC invocations=2939 (full 1): garbage-first heap   total 309248K, used 188389K [0x0000000700000000, 0x0000000800000000)
[427.321s][debug][gc,heap        ] GC(2939)   region size 1024K, 181 young (185344K), 1 survivors (1024K)
[427.321s][debug][gc,heap        ] GC(2939)  Metaspace       used 9905K, capacity 10179K, committed 10624K, reserved 1058816K
[427.321s][debug][gc,heap        ] GC(2939)   class space    used 1146K, capacity 1267K, committed 1408K, reserved 1048576K
[427.321s][info ][gc,start       ] GC(2939) Pause Young (Normal) (G1 Evacuation Pause)
[427.321s][info ][gc,task        ] GC(2939) Using 8 workers of 8 for evacuation
[427.321s][debug][gc,tlab        ] GC(2939) TLAB totals: thrds: 8  refills: 722 max: 97 slow allocs: 0 max 0 waste:  0.8% gc: 1122232B max: 380672B slow: 417960B max: 56152B fast: 0B max: 0B
[427.321s][debug][gc,age         ] GC(2939) Desired survivor size 12058624 bytes, new threshold 15 (max threshold 15)
[427.321s][debug][gc,alloc,region] GC(2939) Mutator Allocation stats, regions: 180, wasted size: 0B ( 0.0%)
[427.321s][debug][gc,ergo        ] GC(2939) Running G1 Merge Heap Roots using 8 workers for 181 regions
[427.321s][debug][gc,remset      ] GC(2939) Visited cards 256 Total dirty 2048 (12.50%) Total old 759808 (0.03%)
[427.321s][debug][gc,ergo        ] GC(2939) Running G1 Clear Card Table Task using 1 workers for 1 units of work for 182 regions.
[427.322s][debug][gc,ref         ] GC(2939) Skipped phase1 of Reference Processing due to unavailable references
[427.322s][debug][gc,ref         ] GC(2939) Skipped phase2 of Reference Processing due to unavailable references
[427.322s][debug][gc,ref         ] GC(2939) Skipped phase3 of Reference Processing due to unavailable references
[427.322s][debug][gc,ref         ] GC(2939) Skipped phase4 of Reference Processing due to unavailable references
[427.322s][debug][gc,ergo        ] GC(2939) Running G1 Free Collection Set using 8 workers for collection set length 181 (302)
[427.322s][debug][gc,ergo        ] GC(2939) Running G1 Rebuild Free List Task using 8 workers for rebuilding free list of 0 (4096) regions
[427.322s][trace][gc,age         ] GC(2939) Age table with threshold 15 (max threshold 15)
[427.322s][trace][gc,age         ] GC(2939) - age   1:        536 bytes,        536 total
[427.322s][debug][gc,plab        ] GC(2939) Young PLAB allocation: allocated: 10320B, wasted: 0B, unused: 9784B, used: 536B, undo waste: 0B, 
[427.322s][debug][gc,plab        ] GC(2939) Young other allocation: region end waste: 0B, regions filled: 1, direct allocated: 0B, failure used: 0B, failure wasted: 0B
[427.322s][debug][gc,plab        ] GC(2939) Young sizing: calculated: 104B, actual: 2064B
[427.322s][debug][gc,plab        ] GC(2939) Old PLAB allocation: allocated: 0B, wasted: 0B, unused: 0B, used: 0B, undo waste: 0B, 
[427.322s][debug][gc,plab        ] GC(2939) Old other allocation: region end waste: 0B, regions filled: 1, direct allocated: 0B, failure used: 0B, failure wasted: 0B
[427.322s][debug][gc,plab        ] GC(2939) Old sizing: calculated: 0B, actual: 2064B
[427.322s][debug][gc,ihop        ] GC(2939) Basic information (value update), threshold: 142501478B (45.00), target occupancy: 316669952B, current occupancy: 4165064B, recent allocation size: 0B, recent allocation duration: 147.74ms, recent old gen allocation rate: 0.00B/s, recent marking phase length: 0.00ms
[427.322s][debug][gc,ihop        ] GC(2939) Adaptive IHOP information (value update), threshold: 142501478B (47.37), internal target occupancy: 300836454B, occupancy: 4165064B, additional buffer size: 189792256B, predicted old gen allocation rate: 0.00B/s, predicted marking phase length: 0.00ms, prediction active: false
[427.322s][debug][gc,ergo,refine ] GC(2939) Concurrent refinement times: Logged Cards Scan time goal: 20.00ms Logged Cards Scan time: 0.00ms HCC time: 0.00ms
[427.322s][debug][gc,ergo,refine ] GC(2939) Updated Refinement Zones: green: 2048, yellow: 6144, red: 10240
[427.322s][info ][gc,phases      ] GC(2939)   Pre Evacuate Collection Set: 0.1ms
[427.322s][debug][gc,phases      ] GC(2939)     Prepare TLABs: 0.0ms
[427.322s][debug][gc,phases      ] GC(2939)     Choose Collection Set: 0.0ms
[427.322s][debug][gc,phases      ] GC(2939)     Region Register: 0.1ms
[427.322s][debug][gc,phases      ] GC(2939)     Prepare Heap Roots: 0.0ms
[427.322s][info ][gc,phases      ] GC(2939)   Merge Heap Roots: 0.1ms
[427.322s][debug][gc,phases      ] GC(2939)     Prepare Merge Heap Roots: 0.0ms
[427.322s][debug][gc,phases      ] GC(2939)     Eager Reclaim (ms):       skipped
[427.322s][debug][gc,phases      ] GC(2939)     Remembered Sets (ms):     Min:  0.0, Avg:  0.0, Max:  0.0, Diff:  0.0, Sum:  0.1, Workers: 8
[427.322s][debug][gc,phases      ] GC(2939)       Merged Sparse:            Min: 0, Avg:  0.0, Max: 0, Diff: 0, Sum: 0, Workers: 8
[427.322s][debug][gc,phases      ] GC(2939)       Merged Fine:              Min: 0, Avg:  0.0, Max: 0, Diff: 0, Sum: 0, Workers: 8
[427.322s][debug][gc,phases      ] GC(2939)       Merged Coarse:            Min: 0, Avg:  0.0, Max: 0, Diff: 0, Sum: 0, Workers: 8
[427.322s][debug][gc,phases      ] GC(2939)       Dirty Cards:              Min: 0, Avg:  0.0, Max: 0, Diff: 0, Sum: 0, Workers: 8
[427.322s][debug][gc,phases      ] GC(2939)     Hot Card Cache (ms):      Min:  0.0, Avg:  0.0, Max:  0.0, Diff:  0.0, Sum:  0.0, Workers: 8
[427.322s][debug][gc,phases      ] GC(2939)       Dirty Cards:              Min: 0, Avg:  0.0, Max: 0, Diff: 0, Sum: 0, Workers: 8
[427.322s][debug][gc,phases      ] GC(2939)       Skipped Cards:            Min: 0, Avg:  0.0, Max: 0, Diff: 0, Sum: 0, Workers: 8
[427.322s][debug][gc,phases      ] GC(2939)     Log Buffers (ms):         Min:  0.0, Avg:  0.0, Max:  0.0, Diff:  0.0, Sum:  0.0, Workers: 8
[427.322s][debug][gc,phases      ] GC(2939)       Dirty Cards:              Min: 0, Avg:  0.1, Max: 1, Diff: 1, Sum: 1, Workers: 8
[427.322s][debug][gc,phases      ] GC(2939)       Skipped Cards:            Min: 0, Avg:  0.0, Max: 0, Diff: 0, Sum: 0, Workers: 8
[427.322s][info ][gc,phases      ] GC(2939)   Evacuate Collection Set: 0.2ms
[427.322s][debug][gc,phases      ] GC(2939)     Ext Root Scanning (ms):   Min:  0.0, Avg:  0.0, Max:  0.1, Diff:  0.0, Sum:  0.2, Workers: 8
[427.322s][debug][gc,phases      ] GC(2939)     Scan Heap Roots (ms):     Min:  0.0, Avg:  0.0, Max:  0.0, Diff:  0.0, Sum:  0.0, Workers: 8
[427.322s][debug][gc,phases      ] GC(2939)       Scanned Cards:            Min: 0, Avg:  0.1, Max: 1, Diff: 1, Sum: 1, Workers: 8
[427.322s][debug][gc,phases      ] GC(2939)       Scanned Blocks:           Min: 0, Avg:  0.1, Max: 1, Diff: 1, Sum: 1, Workers: 8
[427.322s][debug][gc,phases      ] GC(2939)       Claimed Chunks:           Min: 0, Avg:  0.1, Max: 1, Diff: 1, Sum: 1, Workers: 8
[427.322s][debug][gc,phases      ] GC(2939)     Code Root Scan (ms):      Min:  0.0, Avg:  0.0, Max:  0.0, Diff:  0.0, Sum:  0.0, Workers: 8
[427.322s][debug][gc,phases      ] GC(2939)     Object Copy (ms):         Min:  0.0, Avg:  0.0, Max:  0.0, Diff:  0.0, Sum:  0.0, Workers: 8
[427.322s][debug][gc,phases      ] GC(2939)     Termination (ms):         Min:  0.1, Avg:  0.1, Max:  0.1, Diff:  0.0, Sum:  0.6, Workers: 8
[427.322s][debug][gc,phases      ] GC(2939)       Termination Attempts:     Min: 1, Avg:  1.0, Max: 1, Diff: 0, Sum: 8, Workers: 8
[427.322s][debug][gc,phases      ] GC(2939)     GC Worker Other (ms):     Min:  0.0, Avg:  0.0, Max:  0.0, Diff:  0.0, Sum:  0.2, Workers: 8
[427.322s][debug][gc,phases      ] GC(2939)     GC Worker Total (ms):     Min:  0.1, Avg:  0.1, Max:  0.1, Diff:  0.0, Sum:  1.0, Workers: 8
[427.322s][info ][gc,phases      ] GC(2939)   Post Evacuate Collection Set: 0.3ms
[427.322s][debug][gc,phases      ] GC(2939)     Code Roots Fixup: 0.0ms
[427.322s][debug][gc,phases      ] GC(2939)     Clear Card Table: 0.1ms
[427.322s][debug][gc,phases      ] GC(2939)     Reference Processing: 0.0ms
[427.322s][debug][gc,phases,ref  ] GC(2939)       Reconsider SoftReferences: 0.0ms
[427.322s][debug][gc,phases,ref  ] GC(2939)         SoftRef (ms):             skipped
[427.322s][debug][gc,phases,ref  ] GC(2939)       Notify Soft/WeakReferences: 0.0ms
[427.322s][debug][gc,phases,ref  ] GC(2939)         SoftRef (ms):             skipped
[427.322s][debug][gc,phases,ref  ] GC(2939)         WeakRef (ms):             skipped
[427.322s][debug][gc,phases,ref  ] GC(2939)         FinalRef (ms):            skipped
[427.322s][debug][gc,phases,ref  ] GC(2939)         Total (ms):               skipped
[427.322s][debug][gc,phases,ref  ] GC(2939)       Notify and keep alive finalizable: 0.0ms
[427.322s][debug][gc,phases,ref  ] GC(2939)         FinalRef (ms):            skipped
[427.322s][debug][gc,phases,ref  ] GC(2939)       Notify PhantomReferences: 0.0ms
[427.322s][debug][gc,phases,ref  ] GC(2939)         PhantomRef (ms):          skipped
[427.322s][debug][gc,phases,ref  ] GC(2939)       SoftReference:
[427.322s][debug][gc,phases,ref  ] GC(2939)         Discovered: 0
[427.322s][debug][gc,phases,ref  ] GC(2939)         Cleared: 0
[427.322s][debug][gc,phases,ref  ] GC(2939)       WeakReference:
[427.322s][debug][gc,phases,ref  ] GC(2939)         Discovered: 0
[427.322s][debug][gc,phases,ref  ] GC(2939)         Cleared: 0
[427.322s][debug][gc,phases,ref  ] GC(2939)       FinalReference:
[427.322s][debug][gc,phases,ref  ] GC(2939)         Discovered: 0
[427.322s][debug][gc,phases,ref  ] GC(2939)         Cleared: 0
[427.322s][debug][gc,phases,ref  ] GC(2939)       PhantomReference:
[427.322s][debug][gc,phases,ref  ] GC(2939)         Discovered: 0
[427.322s][debug][gc,phases,ref  ] GC(2939)         Cleared: 0
[427.322s][debug][gc,phases      ] GC(2939)     Weak Processing: 0.0ms
[427.322s][debug][gc,phases      ] GC(2939)       JVMTI weak processing: 0.0ms
[427.322s][debug][gc,phases      ] GC(2939)         Dead: 0
[427.322s][debug][gc,phases      ] GC(2939)         Total: 0
[427.322s][debug][gc,phases      ] GC(2939)       JFR weak processing: 0.0ms
[427.322s][debug][gc,phases      ] GC(2939)         Dead: 0
[427.322s][debug][gc,phases      ] GC(2939)         Total: 0
[427.322s][debug][gc,phases      ] GC(2939)       JNI weak                  Min:  0.0, Avg:  0.0, Max:  0.0, Diff:  0.0, Sum:  0.0, Workers: 5
[427.322s][debug][gc,phases      ] GC(2939)         Dead                      Min: 0, Avg:  0.0, Max: 0, Diff: 0, Sum: 0, Workers: 5
[427.322s][debug][gc,phases      ] GC(2939)         Total                     Min: 0, Avg: 13.6, Max: 52, Diff: 52, Sum: 68, Workers: 5
[427.322s][debug][gc,phases      ] GC(2939)       VM weak                   Min:  0.0, Avg:  0.0, Max:  0.0, Diff:  0.0, Sum:  0.0, Workers: 5
[427.322s][debug][gc,phases      ] GC(2939)         Dead                      Min: 0, Avg:  0.0, Max: 0, Diff: 0, Sum: 0, Workers: 5
[427.322s][debug][gc,phases      ] GC(2939)         Total                     Min: 0, Avg: 42.6, Max: 85, Diff: 85, Sum: 213, Workers: 5
[427.322s][debug][gc,phases      ] GC(2939)       StringTable weak          Min:  0.0, Avg:  0.0, Max:  0.0, Diff:  0.0, Sum:  0.1, Workers: 5
[427.322s][debug][gc,phases      ] GC(2939)         Dead                      Min: 0, Avg:  0.0, Max: 0, Diff: 0, Sum: 0, Workers: 5
[427.322s][debug][gc,phases      ] GC(2939)         Total                     Min: 0, Avg: 682.0, Max: 1024, Diff: 1024, Sum: 3410, Workers: 5
[427.322s][debug][gc,phases      ] GC(2939)       ResolvedMethodTable weak  Min:  0.0, Avg:  0.0, Max:  0.0, Diff:  0.0, Sum:  0.0, Workers: 5
[427.322s][debug][gc,phases      ] GC(2939)         Dead                      Min: 0, Avg:  0.0, Max: 0, Diff: 0, Sum: 0, Workers: 5
[427.322s][debug][gc,phases      ] GC(2939)         Total                     Min: 0, Avg: 114.8, Max: 190, Diff: 190, Sum: 574, Workers: 5
[427.322s][debug][gc,phases      ] GC(2939)     Merge Per-Thread State: 0.0ms
[427.322s][debug][gc,phases      ] GC(2939)       Copied Bytes              Min: 0, Avg: 67.0, Max: 248, Diff: 248, Sum: 536, Workers: 8
[427.322s][debug][gc,phases      ] GC(2939)       LAB Waste                 Min: 0, Avg:  0.0, Max: 0, Diff: 0, Sum: 0, Workers: 8
[427.322s][debug][gc,phases      ] GC(2939)       LAB Undo Waste            Min: 0, Avg:  0.0, Max: 0, Diff: 0, Sum: 0, Workers: 8
[427.322s][debug][gc,phases      ] GC(2939)     Code Roots Purge: 0.0ms
[427.322s][debug][gc,phases      ] GC(2939)     Redirty Cards: 0.0ms
[427.322s][debug][gc,phases      ] GC(2939)     DerivedPointerTable Update: 0.0ms
[427.322s][debug][gc,phases      ] GC(2939)     Free Collection Set: 0.1ms
[427.322s][debug][gc,phases      ] GC(2939)     Rebuild Free List: 0.0ms
[427.322s][debug][gc,phases      ] GC(2939)     Humongous Reclaim: 0.0ms
[427.322s][debug][gc,phases      ] GC(2939)     Start New Collection Set: 0.0ms
[427.322s][debug][gc,phases      ] GC(2939)     Resize TLABs: 0.0ms
[427.322s][debug][gc,phases      ] GC(2939)     Expand Heap After Collection: 0.0ms
[427.322s][info ][gc,phases      ] GC(2939)   Other: 0.3ms
[427.322s][info ][gc,heap        ] GC(2939) Eden regions: 180->0(180)
[427.322s][info ][gc,heap        ] GC(2939) Survivor regions: 1->1(23)
[427.322s][info ][gc,heap        ] GC(2939) Old regions: 7->7
[427.322s][info ][gc,heap        ] GC(2939) Archive regions: 2->2
[427.322s][info ][gc,heap        ] GC(2939) Humongous regions: 0->0
[427.322s][info ][gc,metaspace   ] GC(2939) Metaspace: 9905K(10624K)->9905K(10624K) NonClass: 8758K(9216K)->8758K(9216K) Class: 1146K(1408K)->1146K(1408K)
[427.323s][debug][gc,heap        ] GC(2939) Heap after GC invocations=2940 (full 1): garbage-first heap   total 309248K, used 4067K [0x0000000700000000, 0x0000000800000000)
[427.323s][debug][gc,heap        ] GC(2939)   region size 1024K, 1 young (1024K), 1 survivors (1024K)
[427.323s][debug][gc,heap        ] GC(2939)  Metaspace       used 9905K, capacity 10179K, committed 10624K, reserved 1058816K
[427.323s][debug][gc,heap        ] GC(2939)   class space    used 1146K, capacity 1267K, committed 1408K, reserved 1048576K
[427.323s][info ][gc             ] GC(2939) Pause Young (Normal) (G1 Evacuation Pause) 183M->3M(302M) 1.450ms
[427.323s][info ][gc,cpu         ] GC(2939) User=0.00s Sys=0.00s Real=0.00s
[427.323s][info ][safepoint      ] Safepoint "G1CollectForAllocation", Time since last: 146776710 ns, Reaching safepoint: 100964 ns, At safepoint: 1610434 ns, Total: 1711398 ns
[427.467s][debug][gc,heap        ] GC(2940) Heap before GC invocations=2940 (full 1): garbage-first heap   total 309248K, used 188387K [0x0000000700000000, 0x0000000800000000)
[427.467s][debug][gc,heap        ] GC(2940)   region size 1024K, 181 young (185344K), 1 survivors (1024K)
[427.467s][debug][gc,heap        ] GC(2940)  Metaspace       used 9905K, capacity 10179K, committed 10624K, reserved 1058816K
[427.467s][debug][gc,heap        ] GC(2940)   class space    used 1146K, capacity 1267K, committed 1408K, reserved 1048576K
[427.467s][info ][gc,start       ] GC(2940) Pause Young (Normal) (G1 Evacuation Pause)
[427.467s][info ][gc,task        ] GC(2940) Using 8 workers of 8 for evacuation
[427.467s][debug][gc,tlab        ] GC(2940) TLAB totals: thrds: 8  refills: 722 max: 100 slow allocs: 0 max 0 waste:  0.7% gc: 949424B max: 303928B slow: 417576B max: 57904B fast: 0B max: 0B
[427.467s][debug][gc,age         ] GC(2940) Desired survivor size 12058624 bytes, new threshold 15 (max threshold 15)
[427.467s][debug][gc,alloc,region] GC(2940) Mutator Allocation stats, regions: 180, wasted size: 0B ( 0.0%)
[427.467s][debug][gc,ergo        ] GC(2940) Running G1 Merge Heap Roots using 8 workers for 181 regions
[427.467s][debug][gc,remset      ] GC(2940) Visited cards 256 Total dirty 2048 (12.50%) Total old 759808 (0.03%)
[427.468s][debug][gc,ergo        ] GC(2940) Running G1 Clear Card Table Task using 1 workers for 1 units of work for 182 regions.
[427.468s][debug][gc,ref         ] GC(2940) Skipped phase1 of Reference Processing due to unavailable references
[427.468s][debug][gc,ref         ] GC(2940) Skipped phase2 of Reference Processing due to unavailable references
[427.468s][debug][gc,ref         ] GC(2940) Skipped phase3 of Reference Processing due to unavailable references
[427.468s][debug][gc,ref         ] GC(2940) Skipped phase4 of Reference Processing due to unavailable references
[427.468s][debug][gc,ergo        ] GC(2940) Running G1 Free Collection Set using 8 workers for collection set length 181 (302)
[427.468s][debug][gc,ergo        ] GC(2940) Running G1 Rebuild Free List Task using 8 workers for rebuilding free list of 0 (4096) regions
[427.468s][trace][gc,age         ] GC(2940) Age table with threshold 15 (max threshold 15)
[427.468s][trace][gc,age         ] GC(2940) - age   1:        648 bytes,        648 total
[427.468s][debug][gc,plab        ] GC(2940) Young PLAB allocation: allocated: 8256B, wasted: 0B, unused: 7608B, used: 648B, undo waste: 0B, 
[427.468s][debug][gc,plab        ] GC(2940) Young other allocation: region end waste: 0B, regions filled: 1, direct allocated: 0B, failure used: 0B, failure wasted: 0B
[427.468s][debug][gc,plab        ] GC(2940) Young sizing: calculated: 128B, actual: 2064B
[427.468s][debug][gc,plab        ] GC(2940) Old PLAB allocation: allocated: 0B, wasted: 0B, unused: 0B, used: 0B, undo waste: 0B, 
[427.468s][debug][gc,plab        ] GC(2940) Old other allocation: region end waste: 0B, regions filled: 1, direct allocated: 0B, failure used: 0B, failure wasted: 0B
[427.468s][debug][gc,plab        ] GC(2940) Old sizing: calculated: 0B, actual: 2064B
[427.468s][debug][gc,ihop        ] GC(2940) Basic information (value update), threshold: 142501478B (45.00), target occupancy: 316669952B, current occupancy: 4163000B, recent allocation size: 0B, recent allocation duration: 145.30ms, recent old gen allocation rate: 0.00B/s, recent marking phase length: 0.00ms
[427.468s][debug][gc,ihop        ] GC(2940) Adaptive IHOP information (value update), threshold: 142501478B (47.37), internal target occupancy: 300836454B, occupancy: 4163000B, additional buffer size: 189792256B, predicted old gen allocation rate: 0.00B/s, predicted marking phase length: 0.00ms, prediction active: false
[427.468s][debug][gc,ergo,refine ] GC(2940) Concurrent refinement times: Logged Cards Scan time goal: 20.00ms Logged Cards Scan time: 0.00ms HCC time: 0.00ms
[427.468s][debug][gc,ergo,refine ] GC(2940) Updated Refinement Zones: green: 2048, yellow: 6144, red: 10240
[427.468s][info ][gc,phases      ] GC(2940)   Pre Evacuate Collection Set: 0.1ms
[427.468s][debug][gc,phases      ] GC(2940)     Prepare TLABs: 0.0ms
[427.468s][debug][gc,phases      ] GC(2940)     Choose Collection Set: 0.0ms
[427.468s][debug][gc,phases      ] GC(2940)     Region Register: 0.1ms
[427.468s][debug][gc,phases      ] GC(2940)     Prepare Heap Roots: 0.0ms
[427.468s][info ][gc,phases      ] GC(2940)   Merge Heap Roots: 0.1ms
[427.468s][debug][gc,phases      ] GC(2940)     Prepare Merge Heap Roots: 0.0ms
[427.468s][debug][gc,phases      ] GC(2940)     Eager Reclaim (ms):       skipped
[427.468s][debug][gc,phases      ] GC(2940)     Remembered Sets (ms):     Min:  0.0, Avg:  0.0, Max:  0.0, Diff:  0.0, Sum:  0.1, Workers: 8
[427.468s][debug][gc,phases      ] GC(2940)       Merged Sparse:            Min: 0, Avg:  0.0, Max: 0, Diff: 0, Sum: 0, Workers: 8
[427.468s][debug][gc,phases      ] GC(2940)       Merged Fine:              Min: 0, Avg:  0.0, Max: 0, Diff: 0, Sum: 0, Workers: 8
[427.468s][debug][gc,phases      ] GC(2940)       Merged Coarse:            Min: 0, Avg:  0.0, Max: 0, Diff: 0, Sum: 0, Workers: 8
[427.468s][debug][gc,phases      ] GC(2940)       Dirty Cards:              Min: 0, Avg:  0.0, Max: 0, Diff: 0, Sum: 0, Workers: 8
[427.468s][debug][gc,phases      ] GC(2940)     Hot Card Cache (ms):      Min:  0.0, Avg:  0.0, Max:  0.0, Diff:  0.0, Sum:  0.0, Workers: 8
[427.468s][debug][gc,phases      ] GC(2940)       Dirty Cards:              Min: 0, Avg:  0.0, Max: 0, Diff: 0, Sum: 0, Workers: 8
[427.468s][debug][gc,phases      ] GC(2940)       Skipped Cards:            Min: 0, Avg:  0.0, Max: 0, Diff: 0, Sum: 0, Workers: 8
[427.468s][debug][gc,phases      ] GC(2940)     Log Buffers (ms):         Min:  0.0, Avg:  0.0, Max:  0.0, Diff:  0.0, Sum:  0.0, Workers: 8
[427.468s][debug][gc,phases      ] GC(2940)       Dirty Cards:              Min: 0, Avg:  0.1, Max: 1, Diff: 1, Sum: 1, Workers: 8
[427.468s][debug][gc,phases      ] GC(2940)       Skipped Cards:            Min: 0, Avg:  0.0, Max: 0, Diff: 0, Sum: 0, Workers: 8
[427.468s][info ][gc,phases      ] GC(2940)   Evacuate Collection Set: 0.2ms
[427.468s][debug][gc,phases      ] GC(2940)     Ext Root Scanning (ms):   Min:  0.0, Avg:  0.0, Max:  0.1, Diff:  0.1, Sum:  0.2, Workers: 8
[427.468s][debug][gc,phases      ] GC(2940)     Scan Heap Roots (ms):     Min:  0.0, Avg:  0.0, Max:  0.0, Diff:  0.0, Sum:  0.0, Workers: 8
[427.468s][debug][gc,phases      ] GC(2940)       Scanned Cards:            Min: 0, Avg:  0.1, Max: 1, Diff: 1, Sum: 1, Workers: 8
[427.468s][debug][gc,phases      ] GC(2940)       Scanned Blocks:           Min: 0, Avg:  0.1, Max: 1, Diff: 1, Sum: 1, Workers: 8
[427.468s][debug][gc,phases      ] GC(2940)       Claimed Chunks:           Min: 0, Avg:  0.1, Max: 1, Diff: 1, Sum: 1, Workers: 8
[427.468s][debug][gc,phases      ] GC(2940)     Code Root Scan (ms):      Min:  0.0, Avg:  0.0, Max:  0.0, Diff:  0.0, Sum:  0.0, Workers: 8
[427.468s][debug][gc,phases      ] GC(2940)     Object Copy (ms):         Min:  0.0, Avg:  0.0, Max:  0.0, Diff:  0.0, Sum:  0.0, Workers: 8
[427.468s][debug][gc,phases      ] GC(2940)     Termination (ms):         Min:  0.0, Avg:  0.0, Max:  0.1, Diff:  0.0, Sum:  0.4, Workers: 8
[427.468s][debug][gc,phases      ] GC(2940)       Termination Attempts:     Min: 1, Avg:  1.0, Max: 1, Diff: 0, Sum: 8, Workers: 8
[427.468s][debug][gc,phases      ] GC(2940)     GC Worker Other (ms):     Min:  0.0, Avg:  0.0, Max:  0.0, Diff:  0.0, Sum:  0.1, Workers: 8
[427.468s][debug][gc,phases      ] GC(2940)     GC Worker Total (ms):     Min:  0.0, Avg:  0.1, Max:  0.1, Diff:  0.1, Sum:  0.8, Workers: 8
[427.468s][info ][gc,phases      ] GC(2940)   Post Evacuate Collection Set: 0.3ms
[427.468s][debug][gc,phases      ] GC(2940)     Code Roots Fixup: 0.0ms
[427.468s][debug][gc,phases      ] GC(2940)     Clear Card Table: 0.1ms
[427.468s][debug][gc,phases      ] GC(2940)     Reference Processing: 0.0ms
[427.468s][debug][gc,phases,ref  ] GC(2940)       Reconsider SoftReferences: 0.0ms
[427.468s][debug][gc,phases,ref  ] GC(2940)         SoftRef (ms):             skipped
[427.468s][debug][gc,phases,ref  ] GC(2940)       Notify Soft/WeakReferences: 0.0ms
[427.468s][debug][gc,phases,ref  ] GC(2940)         SoftRef (ms):             skipped
[427.468s][debug][gc,phases,ref  ] GC(2940)         WeakRef (ms):             skipped
[427.468s][debug][gc,phases,ref  ] GC(2940)         FinalRef (ms):            skipped
[427.468s][debug][gc,phases,ref  ] GC(2940)         Total (ms):               skipped
[427.468s][debug][gc,phases,ref  ] GC(2940)       Notify and keep alive finalizable: 0.0ms
[427.468s][debug][gc,phases,ref  ] GC(2940)         FinalRef (ms):            skipped
[427.468s][debug][gc,phases,ref  ] GC(2940)       Notify PhantomReferences: 0.0ms
[427.468s][debug][gc,phases,ref  ] GC(2940)         PhantomRef (ms):          skipped
[427.468s][debug][gc,phases,ref  ] GC(2940)       SoftReference:
[427.468s][debug][gc,phases,ref  ] GC(2940)         Discovered: 0
[427.468s][debug][gc,phases,ref  ] GC(2940)         Cleared: 0
[427.468s][debug][gc,phases,ref  ] GC(2940)       WeakReference:
[427.468s][debug][gc,phases,ref  ] GC(2940)         Discovered: 0
[427.468s][debug][gc,phases,ref  ] GC(2940)         Cleared: 0
[427.468s][debug][gc,phases,ref  ] GC(2940)       FinalReference:
[427.468s][debug][gc,phases,ref  ] GC(2940)         Discovered: 0
[427.468s][debug][gc,phases,ref  ] GC(2940)         Cleared: 0
[427.468s][debug][gc,phases,ref  ] GC(2940)       PhantomReference:
[427.468s][debug][gc,phases,ref  ] GC(2940)         Discovered: 0
[427.468s][debug][gc,phases,ref  ] GC(2940)         Cleared: 0
[427.468s][debug][gc,phases      ] GC(2940)     Weak Processing: 0.0ms
[427.468s][debug][gc,phases      ] GC(2940)       JVMTI weak processing: 0.0ms
[427.468s][debug][gc,phases      ] GC(2940)         Dead: 0
[427.468s][debug][gc,phases      ] GC(2940)         Total: 0
[427.468s][debug][gc,phases      ] GC(2940)       JFR weak processing: 0.0ms
[427.468s][debug][gc,phases      ] GC(2940)         Dead: 0
[427.468s][debug][gc,phases      ] GC(2940)         Total: 0
[427.468s][debug][gc,phases      ] GC(2940)       JNI weak                  Min:  0.0, Avg:  0.0, Max:  0.0, Diff:  0.0, Sum:  0.0, Workers: 5
[427.468s][debug][gc,phases      ] GC(2940)         Dead                      Min: 0, Avg:  0.0, Max: 0, Diff: 0, Sum: 0, Workers: 5
[427.468s][debug][gc,phases      ] GC(2940)         Total                     Min: 0, Avg: 13.6, Max: 52, Diff: 52, Sum: 68, Workers: 5
[427.468s][debug][gc,phases      ] GC(2940)       VM weak                   Min:  0.0, Avg:  0.0, Max:  0.0, Diff:  0.0, Sum:  0.0, Workers: 5
[427.468s][debug][gc,phases      ] GC(2940)         Dead                      Min: 0, Avg:  0.0, Max: 0, Diff: 0, Sum: 0, Workers: 5
[427.468s][debug][gc,phases      ] GC(2940)         Total                     Min: 0, Avg: 42.6, Max: 128, Diff: 128, Sum: 213, Workers: 5
[427.468s][debug][gc,phases      ] GC(2940)       StringTable weak          Min:  0.0, Avg:  0.0, Max:  0.0, Diff:  0.0, Sum:  0.1, Workers: 5
[427.468s][debug][gc,phases      ] GC(2940)         Dead                      Min: 0, Avg:  0.0, Max: 0, Diff: 0, Sum: 0, Workers: 5
[427.468s][debug][gc,phases      ] GC(2940)         Total                     Min: 320, Avg: 682.0, Max: 832, Diff: 512, Sum: 3410, Workers: 5
[427.468s][debug][gc,phases      ] GC(2940)       ResolvedMethodTable weak  Min:  0.0, Avg:  0.0, Max:  0.0, Diff:  0.0, Sum:  0.0, Workers: 5
[427.468s][debug][gc,phases      ] GC(2940)         Dead                      Min: 0, Avg:  0.0, Max: 0, Diff: 0, Sum: 0, Workers: 5
[427.468s][debug][gc,phases      ] GC(2940)         Total                     Min: 62, Avg: 114.8, Max: 128, Diff: 66, Sum: 574, Workers: 5
[427.468s][debug][gc,phases      ] GC(2940)     Merge Per-Thread State: 0.0ms
[427.468s][debug][gc,phases      ] GC(2940)       Copied Bytes              Min: 0, Avg: 81.0, Max: 296, Diff: 296, Sum: 648, Workers: 8
[427.468s][debug][gc,phases      ] GC(2940)       LAB Waste                 Min: 0, Avg:  0.0, Max: 0, Diff: 0, Sum: 0, Workers: 8
[427.468s][debug][gc,phases      ] GC(2940)       LAB Undo Waste            Min: 0, Avg:  0.0, Max: 0, Diff: 0, Sum: 0, Workers: 8
[427.468s][debug][gc,phases      ] GC(2940)     Code Roots Purge: 0.0ms
[427.468s][debug][gc,phases      ] GC(2940)     Redirty Cards: 0.0ms
[427.468s][debug][gc,phases      ] GC(2940)     DerivedPointerTable Update: 0.0ms
[427.468s][debug][gc,phases      ] GC(2940)     Free Collection Set: 0.1ms
[427.468s][debug][gc,phases      ] GC(2940)     Rebuild Free List: 0.1ms
[427.468s][debug][gc,phases      ] GC(2940)     Humongous Reclaim: 0.0ms
[427.468s][debug][gc,phases      ] GC(2940)     Start New Collection Set: 0.0ms
[427.469s][debug][gc,phases      ] GC(2940)     Resize TLABs: 0.0ms
[427.469s][debug][gc,phases      ] GC(2940)     Expand Heap After Collection: 0.0ms
[427.469s][info ][gc,phases      ] GC(2940)   Other: 0.3ms
[427.469s][info ][gc,heap        ] GC(2940) Eden regions: 180->0(180)
[427.469s][info ][gc,heap        ] GC(2940) Survivor regions: 1->1(23)
[427.469s][info ][gc,heap        ] GC(2940) Old regions: 7->7
[427.469s][info ][gc,heap        ] GC(2940) Archive regions: 2->2
[427.469s][info ][gc,heap        ] GC(2940) Humongous regions: 0->0
[427.469s][info ][gc,metaspace   ] GC(2940) Metaspace: 9905K(10624K)->9905K(10624K) NonClass: 8758K(9216K)->8758K(9216K) Class: 1146K(1408K)->1146K(1408K)
[427.469s][debug][gc,heap        ] GC(2940) Heap after GC invocations=2941 (full 1): garbage-first heap   total 309248K, used 4065K [0x0000000700000000, 0x0000000800000000)
[427.469s][debug][gc,heap        ] GC(2940)   region size 1024K, 1 young (1024K), 1 survivors (1024K)
[427.469s][debug][gc,heap        ] GC(2940)  Metaspace       used 9905K, capacity 10179K, committed 10624K, reserved 1058816K
[427.469s][debug][gc,heap        ] GC(2940)   class space    used 1146K, capacity 1267K, committed 1408K, reserved 1048576K
[427.469s][info ][gc             ] GC(2940) Pause Young (Normal) (G1 Evacuation Pause) 183M->3M(302M) 1.477ms
[427.469s][info ][gc,cpu         ] GC(2940) User=0.00s Sys=0.00s Real=0.00s
[427.469s][info ][safepoint      ] Safepoint "G1CollectForAllocation", Time since last: 144282954 ns, Reaching safepoint: 135789 ns, At safepoint: 1633569 ns, Total: 1769358 ns
[427.611s][debug][gc,heap        ] GC(2941) Heap before GC invocations=2941 (full 1): garbage-first heap   total 309248K, used 188385K [0x0000000700000000, 0x0000000800000000)
[427.611s][debug][gc,heap        ] GC(2941)   region size 1024K, 181 young (185344K), 1 survivors (1024K)
[427.611s][debug][gc,heap        ] GC(2941)  Metaspace       used 9905K, capacity 10179K, committed 10624K, reserved 1058816K
[427.611s][debug][gc,heap        ] GC(2941)   class space    used 1146K, capacity 1267K, committed 1408K, reserved 1048576K
[427.611s][info ][gc,start       ] GC(2941) Pause Young (Normal) (G1 Evacuation Pause)
[427.611s][info ][gc,task        ] GC(2941) Using 8 workers of 8 for evacuation
[427.611s][debug][gc,tlab        ] GC(2941) TLAB totals: thrds: 8  refills: 724 max: 99 slow allocs: 0 max 0 waste:  1.1% gc: 1710712B max: 456264B slow: 419288B max: 57512B fast: 0B max: 0B
[427.611s][debug][gc,age         ] GC(2941) Desired survivor size 12058624 bytes, new threshold 15 (max threshold 15)
[427.611s][debug][gc,alloc,region] GC(2941) Mutator Allocation stats, regions: 180, wasted size: 0B ( 0.0%)
[427.611s][debug][gc,ergo        ] GC(2941) Running G1 Merge Heap Roots using 8 workers for 181 regions
[427.611s][debug][gc,remset      ] GC(2941) Visited cards 256 Total dirty 2048 (12.50%) Total old 759808 (0.03%)
[427.611s][debug][gc,ergo        ] GC(2941) Running G1 Clear Card Table Task using 1 workers for 1 units of work for 182 regions.
[427.611s][debug][gc,ref         ] GC(2941) Skipped phase1 of Reference Processing due to unavailable references
[427.611s][debug][gc,ref         ] GC(2941) Skipped phase2 of Reference Processing due to unavailable references
[427.611s][debug][gc,ref         ] GC(2941) Skipped phase3 of Reference Processing due to unavailable references
[427.611s][debug][gc,ref         ] GC(2941) Skipped phase4 of Reference Processing due to unavailable references
[427.611s][debug][gc,ergo        ] GC(2941) Running G1 Free Collection Set using 8 workers for collection set length 181 (302)
[427.611s][debug][gc,ergo        ] GC(2941) Running G1 Rebuild Free List Task using 8 workers for rebuilding free list of 0 (4096) regions
[427.611s][trace][gc,age         ] GC(2941) Age table with threshold 15 (max threshold 15)
[427.611s][trace][gc,age         ] GC(2941) - age   1:        648 bytes,        648 total
[427.611s][debug][gc,plab        ] GC(2941) Young PLAB allocation: allocated: 14448B, wasted: 0B, unused: 13800B, used: 648B, undo waste: 0B, 
[427.611s][debug][gc,plab        ] GC(2941) Young other allocation: region end waste: 0B, regions filled: 1, direct allocated: 0B, failure used: 0B, failure wasted: 0B
[427.611s][debug][gc,plab        ] GC(2941) Young sizing: calculated: 128B, actual: 2064B
[427.611s][debug][gc,plab        ] GC(2941) Old PLAB allocation: allocated: 0B, wasted: 0B, unused: 0B, used: 0B, undo waste: 0B, 
[427.611s][debug][gc,plab        ] GC(2941) Old other allocation: region end waste: 0B, regions filled: 1, direct allocated: 0B, failure used: 0B, failure wasted: 0B
[427.611s][debug][gc,plab        ] GC(2941) Old sizing: calculated: 0B, actual: 2064B
[427.611s][debug][gc,ihop        ] GC(2941) Basic information (value update), threshold: 142501478B (45.00), target occupancy: 316669952B, current occupancy: 4169192B, recent allocation size: 0B, recent allocation duration: 142.71ms, recent old gen allocation rate: 0.00B/s, recent marking phase length: 0.00ms
[427.611s][debug][gc,ihop        ] GC(2941) Adaptive IHOP information (value update), threshold: 142501478B (47.37), internal target occupancy: 300836454B, occupancy: 4169192B, additional buffer size: 189792256B, predicted old gen allocation rate: 0.00B/s, predicted marking phase length: 0.00ms, prediction active: false
[427.611s][debug][gc,ergo,refine ] GC(2941) Concurrent refinement times: Logged Cards Scan time goal: 20.00ms Logged Cards Scan time: 0.00ms HCC time: 0.00ms
[427.611s][debug][gc,ergo,refine ] GC(2941) Updated Refinement Zones: green: 2048, yellow: 6144, red: 10240
[427.611s][info ][gc,phases      ] GC(2941)   Pre Evacuate Collection Set: 0.1ms
[427.611s][debug][gc,phases      ] GC(2941)     Prepare TLABs: 0.0ms
[427.611s][debug][gc,phases      ] GC(2941)     Choose Collection Set: 0.0ms
[427.612s][debug][gc,phases      ] GC(2941)     Region Register: 0.1ms
[427.612s][debug][gc,phases      ] GC(2941)     Prepare Heap Roots: 0.0ms
[427.612s][info ][gc,phases      ] GC(2941)   Merge Heap Roots: 0.1ms
[427.612s][debug][gc,phases      ] GC(2941)     Prepare Merge Heap Roots: 0.0ms
[427.612s][debug][gc,phases      ] GC(2941)     Eager Reclaim (ms):       skipped
[427.612s][debug][gc,phases      ] GC(2941)     Remembered Sets (ms):     Min:  0.0, Avg:  0.0, Max:  0.0, Diff:  0.0, Sum:  0.1, Workers: 8
[427.612s][debug][gc,phases      ] GC(2941)       Merged Sparse:            Min: 0, Avg:  0.0, Max: 0, Diff: 0, Sum: 0, Workers: 8
[427.612s][debug][gc,phases      ] GC(2941)       Merged Fine:              Min: 0, Avg:  0.0, Max: 0, Diff: 0, Sum: 0, Workers: 8
[427.612s][debug][gc,phases      ] GC(2941)       Merged Coarse:            Min: 0, Avg:  0.0, Max: 0, Diff: 0, Sum: 0, Workers: 8
[427.612s][debug][gc,phases      ] GC(2941)       Dirty Cards:              Min: 0, Avg:  0.0, Max: 0, Diff: 0, Sum: 0, Workers: 8
[427.612s][debug][gc,phases      ] GC(2941)     Hot Card Cache (ms):      Min:  0.0, Avg:  0.0, Max:  0.0, Diff:  0.0, Sum:  0.0, Workers: 8
[427.612s][debug][gc,phases      ] GC(2941)       Dirty Cards:              Min: 0, Avg:  0.0, Max: 0, Diff: 0, Sum: 0, Workers: 8
[427.612s][debug][gc,phases      ] GC(2941)       Skipped Cards:            Min: 0, Avg:  0.0, Max: 0, Diff: 0, Sum: 0, Workers: 8
[427.612s][debug][gc,phases      ] GC(2941)     Log Buffers (ms):         Min:  0.0, Avg:  0.0, Max:  0.0, Diff:  0.0, Sum:  0.0, Workers: 8
[427.612s][debug][gc,phases      ] GC(2941)       Dirty Cards:              Min: 0, Avg:  0.1, Max: 1, Diff: 1, Sum: 1, Workers: 8
[427.612s][debug][gc,phases      ] GC(2941)       Skipped Cards:            Min: 0, Avg:  0.0, Max: 0, Diff: 0, Sum: 0, Workers: 8
[427.612s][info ][gc,phases      ] GC(2941)   Evacuate Collection Set: 0.2ms
[427.612s][debug][gc,phases      ] GC(2941)     Ext Root Scanning (ms):   Min:  0.0, Avg:  0.0, Max:  0.1, Diff:  0.0, Sum:  0.2, Workers: 8
[427.612s][debug][gc,phases      ] GC(2941)     Scan Heap Roots (ms):     Min:  0.0, Avg:  0.0, Max:  0.0, Diff:  0.0, Sum:  0.0, Workers: 8
[427.612s][debug][gc,phases      ] GC(2941)       Scanned Cards:            Min: 0, Avg:  0.1, Max: 1, Diff: 1, Sum: 1, Workers: 8
[427.612s][debug][gc,phases      ] GC(2941)       Scanned Blocks:           Min: 0, Avg:  0.1, Max: 1, Diff: 1, Sum: 1, Workers: 8
[427.612s][debug][gc,phases      ] GC(2941)       Claimed Chunks:           Min: 0, Avg:  0.1, Max: 1, Diff: 1, Sum: 1, Workers: 8
[427.612s][debug][gc,phases      ] GC(2941)     Code Root Scan (ms):      Min:  0.0, Avg:  0.0, Max:  0.0, Diff:  0.0, Sum:  0.0, Workers: 8
[427.612s][debug][gc,phases      ] GC(2941)     Object Copy (ms):         Min:  0.0, Avg:  0.0, Max:  0.0, Diff:  0.0, Sum:  0.0, Workers: 8
[427.612s][debug][gc,phases      ] GC(2941)     Termination (ms):         Min:  0.0, Avg:  0.1, Max:  0.1, Diff:  0.0, Sum:  0.5, Workers: 8
[427.612s][debug][gc,phases      ] GC(2941)       Termination Attempts:     Min: 1, Avg:  1.0, Max: 1, Diff: 0, Sum: 8, Workers: 8
[427.612s][debug][gc,phases      ] GC(2941)     GC Worker Other (ms):     Min:  0.0, Avg:  0.0, Max:  0.0, Diff:  0.0, Sum:  0.1, Workers: 8
[427.612s][debug][gc,phases      ] GC(2941)     GC Worker Total (ms):     Min:  0.1, Avg:  0.1, Max:  0.2, Diff:  0.1, Sum:  0.9, Workers: 8
[427.612s][info ][gc,phases      ] GC(2941)   Post Evacuate Collection Set: 0.4ms
[427.612s][debug][gc,phases      ] GC(2941)     Code Roots Fixup: 0.0ms
[427.612s][debug][gc,phases      ] GC(2941)     Clear Card Table: 0.1ms
[427.612s][debug][gc,phases      ] GC(2941)     Reference Processing: 0.0ms
[427.612s][debug][gc,phases,ref  ] GC(2941)       Reconsider SoftReferences: 0.0ms
[427.612s][debug][gc,phases,ref  ] GC(2941)         SoftRef (ms):             skipped
[427.612s][debug][gc,phases,ref  ] GC(2941)       Notify Soft/WeakReferences: 0.0ms
[427.612s][debug][gc,phases,ref  ] GC(2941)         SoftRef (ms):             skipped
[427.612s][debug][gc,phases,ref  ] GC(2941)         WeakRef (ms):             skipped
[427.612s][debug][gc,phases,ref  ] GC(2941)         FinalRef (ms):            skipped
[427.612s][debug][gc,phases,ref  ] GC(2941)         Total (ms):               skipped
[427.612s][debug][gc,phases,ref  ] GC(2941)       Notify and keep alive finalizable: 0.0ms
[427.612s][debug][gc,phases,ref  ] GC(2941)         FinalRef (ms):            skipped
[427.612s][debug][gc,phases,ref  ] GC(2941)       Notify PhantomReferences: 0.0ms
[427.612s][debug][gc,phases,ref  ] GC(2941)         PhantomRef (ms):          skipped
[427.612s][debug][gc,phases,ref  ] GC(2941)       SoftReference:
[427.612s][debug][gc,phases,ref  ] GC(2941)         Discovered: 0
[427.612s][debug][gc,phases,ref  ] GC(2941)         Cleared: 0
[427.612s][debug][gc,phases,ref  ] GC(2941)       WeakReference:
[427.612s][debug][gc,phases,ref  ] GC(2941)         Discovered: 0
[427.612s][debug][gc,phases,ref  ] GC(2941)         Cleared: 0
[427.612s][debug][gc,phases,ref  ] GC(2941)       FinalReference:
[427.612s][debug][gc,phases,ref  ] GC(2941)         Discovered: 0
[427.612s][debug][gc,phases,ref  ] GC(2941)         Cleared: 0
[427.612s][debug][gc,phases,ref  ] GC(2941)       PhantomReference:
[427.612s][debug][gc,phases,ref  ] GC(2941)         Discovered: 0
[427.612s][debug][gc,phases,ref  ] GC(2941)         Cleared: 0
[427.612s][debug][gc,phases      ] GC(2941)     Weak Processing: 0.1ms
[427.612s][debug][gc,phases      ] GC(2941)       JVMTI weak processing: 0.0ms
[427.612s][debug][gc,phases      ] GC(2941)         Dead: 0
[427.612s][debug][gc,phases      ] GC(2941)         Total: 0
[427.612s][debug][gc,phases      ] GC(2941)       JFR weak processing: 0.0ms
[427.612s][debug][gc,phases      ] GC(2941)         Dead: 0
[427.612s][debug][gc,phases      ] GC(2941)         Total: 0
[427.612s][debug][gc,phases      ] GC(2941)       JNI weak                  Min:  0.0, Avg:  0.0, Max:  0.0, Diff:  0.0, Sum:  0.0, Workers: 5
[427.612s][debug][gc,phases      ] GC(2941)         Dead                      Min: 0, Avg:  0.0, Max: 0, Diff: 0, Sum: 0, Workers: 5
[427.612s][debug][gc,phases      ] GC(2941)         Total                     Min: 0, Avg: 13.6, Max: 68, Diff: 68, Sum: 68, Workers: 5
[427.612s][debug][gc,phases      ] GC(2941)       VM weak                   Min:  0.0, Avg:  0.0, Max:  0.0, Diff:  0.0, Sum:  0.0, Workers: 5
[427.612s][debug][gc,phases      ] GC(2941)         Dead                      Min: 0, Avg:  0.0, Max: 0, Diff: 0, Sum: 0, Workers: 5
[427.612s][debug][gc,phases      ] GC(2941)         Total                     Min: 0, Avg: 42.6, Max: 213, Diff: 213, Sum: 213, Workers: 5
[427.612s][debug][gc,phases      ] GC(2941)       StringTable weak          Min:  0.0, Avg:  0.0, Max:  0.0, Diff:  0.0, Sum:  0.0, Workers: 5
[427.612s][debug][gc,phases      ] GC(2941)         Dead                      Min: 0, Avg:  0.0, Max: 0, Diff: 0, Sum: 0, Workers: 5
[427.612s][debug][gc,phases      ] GC(2941)         Total                     Min: 0, Avg: 682.0, Max: 3026, Diff: 3026, Sum: 3410, Workers: 5
[427.612s][debug][gc,phases      ] GC(2941)       ResolvedMethodTable weak  Min:  0.0, Avg:  0.0, Max:  0.0, Diff:  0.0, Sum:  0.0, Workers: 5
[427.612s][debug][gc,phases      ] GC(2941)         Dead                      Min: 0, Avg:  0.0, Max: 0, Diff: 0, Sum: 0, Workers: 5
[427.612s][debug][gc,phases      ] GC(2941)         Total                     Min: 0, Avg: 114.8, Max: 254, Diff: 254, Sum: 574, Workers: 5
[427.612s][debug][gc,phases      ] GC(2941)     Merge Per-Thread State: 0.0ms
[427.612s][debug][gc,phases      ] GC(2941)       Copied Bytes              Min: 0, Avg: 81.0, Max: 152, Diff: 152, Sum: 648, Workers: 8
[427.612s][debug][gc,phases      ] GC(2941)       LAB Waste                 Min: 0, Avg:  0.0, Max: 0, Diff: 0, Sum: 0, Workers: 8
[427.612s][debug][gc,phases      ] GC(2941)       LAB Undo Waste            Min: 0, Avg:  0.0, Max: 0, Diff: 0, Sum: 0, Workers: 8
[427.612s][debug][gc,phases      ] GC(2941)     Code Roots Purge: 0.0ms
[427.612s][debug][gc,phases      ] GC(2941)     Redirty Cards: 0.0ms
[427.612s][debug][gc,phases      ] GC(2941)     DerivedPointerTable Update: 0.0ms
[427.612s][debug][gc,phases      ] GC(2941)     Free Collection Set: 0.1ms
[427.612s][debug][gc,phases      ] GC(2941)     Rebuild Free List: 0.0ms
[427.612s][debug][gc,phases      ] GC(2941)     Humongous Reclaim: 0.0ms
[427.612s][debug][gc,phases      ] GC(2941)     Start New Collection Set: 0.0ms
[427.612s][debug][gc,phases      ] GC(2941)     Resize TLABs: 0.0ms
[427.612s][debug][gc,phases      ] GC(2941)     Expand Heap After Collection: 0.0ms
[427.612s][info ][gc,phases      ] GC(2941)   Other: 0.3ms
[427.612s][info ][gc,heap        ] GC(2941) Eden regions: 180->0(180)
[427.612s][info ][gc,heap        ] GC(2941) Survivor regions: 1->1(23)
[427.612s][info ][gc,heap        ] GC(2941) Old regions: 7->7
[427.612s][info ][gc,heap        ] GC(2941) Archive regions: 2->2
[427.612s][info ][gc,heap        ] GC(2941) Humongous regions: 0->0
[427.612s][info ][gc,metaspace   ] GC(2941) Metaspace: 9905K(10624K)->9905K(10624K) NonClass: 8758K(9216K)->8758K(9216K) Class: 1146K(1408K)->1146K(1408K)
[427.612s][debug][gc,heap        ] GC(2941) Heap after GC invocations=2942 (full 1): garbage-first heap   total 309248K, used 4071K [0x0000000700000000, 0x0000000800000000)
[427.612s][debug][gc,heap        ] GC(2941)   region size 1024K, 1 young (1024K), 1 survivors (1024K)
[427.612s][debug][gc,heap        ] GC(2941)  Metaspace       used 9905K, capacity 10179K, committed 10624K, reserved 1058816K
[427.612s][debug][gc,heap        ] GC(2941)   class space    used 1146K, capacity 1267K, committed 1408K, reserved 1048576K
[427.612s][info ][gc             ] GC(2941) Pause Young (Normal) (G1 Evacuation Pause) 183M->3M(302M) 1.555ms
[427.612s][info ][gc,cpu         ] GC(2941) User=0.00s Sys=0.00s Real=0.00s
[427.612s][info ][safepoint      ] Safepoint "G1CollectForAllocation", Time since last: 141722712 ns, Reaching safepoint: 100653 ns, At safepoint: 1718559 ns, Total: 1819212 ns
[427.762s][debug][gc,heap        ] GC(2942) Heap before GC invocations=2942 (full 1): garbage-first heap   total 309248K, used 188391K [0x0000000700000000, 0x0000000800000000)
[427.762s][debug][gc,heap        ] GC(2942)   region size 1024K, 181 young (185344K), 1 survivors (1024K)
[427.762s][debug][gc,heap        ] GC(2942)  Metaspace       used 9905K, capacity 10179K, committed 10624K, reserved 1058816K
[427.762s][debug][gc,heap        ] GC(2942)   class space    used 1146K, capacity 1267K, committed 1408K, reserved 1048576K
[427.762s][info ][gc,start       ] GC(2942) Pause Young (Normal) (G1 Evacuation Pause)
[427.762s][info ][gc,task        ] GC(2942) Using 8 workers of 8 for evacuation
[427.762s][debug][gc,tlab        ] GC(2942) TLAB totals: thrds: 8  refills: 722 max: 96 slow allocs: 0 max 0 waste:  1.0% gc: 1560208B max: 420448B slow: 417848B max: 55576B fast: 0B max: 0B
[427.762s][debug][gc,age         ] GC(2942) Desired survivor size 12058624 bytes, new threshold 15 (max threshold 15)
[427.762s][debug][gc,alloc,region] GC(2942) Mutator Allocation stats, regions: 180, wasted size: 0B ( 0.0%)
[427.762s][debug][gc,ergo        ] GC(2942) Running G1 Merge Heap Roots using 8 workers for 181 regions
[427.762s][debug][gc,remset      ] GC(2942) Visited cards 256 Total dirty 2048 (12.50%) Total old 759808 (0.03%)
[427.762s][debug][gc,ergo        ] GC(2942) Running G1 Clear Card Table Task using 1 workers for 1 units of work for 182 regions.
[427.762s][debug][gc,ref         ] GC(2942) Skipped phase1 of Reference Processing due to unavailable references
[427.762s][debug][gc,ref         ] GC(2942) Skipped phase2 of Reference Processing due to unavailable references
[427.762s][debug][gc,ref         ] GC(2942) Skipped phase3 of Reference Processing due to unavailable references
[427.762s][debug][gc,ref         ] GC(2942) Skipped phase4 of Reference Processing due to unavailable references
[427.762s][debug][gc,ergo        ] GC(2942) Running G1 Free Collection Set using 8 workers for collection set length 181 (302)
[427.762s][debug][gc,ergo        ] GC(2942) Running G1 Rebuild Free List Task using 8 workers for rebuilding free list of 0 (4096) regions
[427.762s][trace][gc,age         ] GC(2942) Age table with threshold 15 (max threshold 15)
[427.762s][trace][gc,age         ] GC(2942) - age   1:        496 bytes,        496 total
[427.762s][debug][gc,plab        ] GC(2942) Young PLAB allocation: allocated: 8256B, wasted: 0B, unused: 7760B, used: 496B, undo waste: 0B, 
[427.762s][debug][gc,plab        ] GC(2942) Young other allocation: region end waste: 0B, regions filled: 1, direct allocated: 0B, failure used: 0B, failure wasted: 0B
[427.762s][debug][gc,plab        ] GC(2942) Young sizing: calculated: 96B, actual: 2064B
[427.762s][debug][gc,plab        ] GC(2942) Old PLAB allocation: allocated: 0B, wasted: 0B, unused: 0B, used: 0B, undo waste: 0B, 
[427.762s][debug][gc,plab        ] GC(2942) Old other allocation: region end waste: 0B, regions filled: 1, direct allocated: 0B, failure used: 0B, failure wasted: 0B
[427.762s][debug][gc,plab        ] GC(2942) Old sizing: calculated: 0B, actual: 2064B
[427.762s][debug][gc,ihop        ] GC(2942) Basic information (value update), threshold: 142501478B (45.00), target occupancy: 316669952B, current occupancy: 4163000B, recent allocation size: 0B, recent allocation duration: 150.26ms, recent old gen allocation rate: 0.00B/s, recent marking phase length: 0.00ms
[427.762s][debug][gc,ihop        ] GC(2942) Adaptive IHOP information (value update), threshold: 142501478B (47.37), internal target occupancy: 300836454B, occupancy: 4163000B, additional buffer size: 189792256B, predicted old gen allocation rate: 0.00B/s, predicted marking phase length: 0.00ms, prediction active: false
[427.763s][debug][gc,ergo,refine ] GC(2942) Concurrent refinement times: Logged Cards Scan time goal: 20.00ms Logged Cards Scan time: 0.00ms HCC time: 0.00ms
[427.763s][debug][gc,ergo,refine ] GC(2942) Updated Refinement Zones: green: 2048, yellow: 6144, red: 10240
[427.763s][info ][gc,phases      ] GC(2942)   Pre Evacuate Collection Set: 0.1ms
[427.763s][debug][gc,phases      ] GC(2942)     Prepare TLABs: 0.0ms
[427.763s][debug][gc,phases      ] GC(2942)     Choose Collection Set: 0.0ms
[427.763s][debug][gc,phases      ] GC(2942)     Region Register: 0.1ms
[427.763s][debug][gc,phases      ] GC(2942)     Prepare Heap Roots: 0.0ms
[427.763s][info ][gc,phases      ] GC(2942)   Merge Heap Roots: 0.1ms
[427.763s][debug][gc,phases      ] GC(2942)     Prepare Merge Heap Roots: 0.0ms
[427.763s][debug][gc,phases      ] GC(2942)     Eager Reclaim (ms):       skipped
[427.763s][debug][gc,phases      ] GC(2942)     Remembered Sets (ms):     Min:  0.0, Avg:  0.0, Max:  0.0, Diff:  0.0, Sum:  0.0, Workers: 8
[427.763s][debug][gc,phases      ] GC(2942)       Merged Sparse:            Min: 0, Avg:  0.0, Max: 0, Diff: 0, Sum: 0, Workers: 8
[427.763s][debug][gc,phases      ] GC(2942)       Merged Fine:              Min: 0, Avg:  0.0, Max: 0, Diff: 0, Sum: 0, Workers: 8
[427.763s][debug][gc,phases      ] GC(2942)       Merged Coarse:            Min: 0, Avg:  0.0, Max: 0, Diff: 0, Sum: 0, Workers: 8
[427.763s][debug][gc,phases      ] GC(2942)       Dirty Cards:              Min: 0, Avg:  0.0, Max: 0, Diff: 0, Sum: 0, Workers: 8
[427.763s][debug][gc,phases      ] GC(2942)     Hot Card Cache (ms):      Min:  0.0, Avg:  0.0, Max:  0.0, Diff:  0.0, Sum:  0.0, Workers: 8
[427.763s][debug][gc,phases      ] GC(2942)       Dirty Cards:              Min: 0, Avg:  0.0, Max: 0, Diff: 0, Sum: 0, Workers: 8
[427.763s][debug][gc,phases      ] GC(2942)       Skipped Cards:            Min: 0, Avg:  0.0, Max: 0, Diff: 0, Sum: 0, Workers: 8
[427.763s][debug][gc,phases      ] GC(2942)     Log Buffers (ms):         Min:  0.0, Avg:  0.0, Max:  0.0, Diff:  0.0, Sum:  0.0, Workers: 8
[427.763s][debug][gc,phases      ] GC(2942)       Dirty Cards:              Min: 0, Avg:  0.1, Max: 1, Diff: 1, Sum: 1, Workers: 8
[427.763s][debug][gc,phases      ] GC(2942)       Skipped Cards:            Min: 0, Avg:  0.0, Max: 0, Diff: 0, Sum: 0, Workers: 8
[427.763s][info ][gc,phases      ] GC(2942)   Evacuate Collection Set: 0.2ms
[427.763s][debug][gc,phases      ] GC(2942)     Ext Root Scanning (ms):   Min:  0.0, Avg:  0.0, Max:  0.1, Diff:  0.1, Sum:  0.2, Workers: 8
[427.763s][debug][gc,phases      ] GC(2942)     Scan Heap Roots (ms):     Min:  0.0, Avg:  0.0, Max:  0.0, Diff:  0.0, Sum:  0.0, Workers: 8
[427.763s][debug][gc,phases      ] GC(2942)       Scanned Cards:            Min: 0, Avg:  0.1, Max: 1, Diff: 1, Sum: 1, Workers: 8
[427.763s][debug][gc,phases      ] GC(2942)       Scanned Blocks:           Min: 0, Avg:  0.1, Max: 1, Diff: 1, Sum: 1, Workers: 8
[427.763s][debug][gc,phases      ] GC(2942)       Claimed Chunks:           Min: 0, Avg:  0.1, Max: 1, Diff: 1, Sum: 1, Workers: 8
[427.763s][debug][gc,phases      ] GC(2942)     Code Root Scan (ms):      Min:  0.0, Avg:  0.0, Max:  0.0, Diff:  0.0, Sum:  0.0, Workers: 8
[427.763s][debug][gc,phases      ] GC(2942)     Object Copy (ms):         Min:  0.0, Avg:  0.0, Max:  0.0, Diff:  0.0, Sum:  0.0, Workers: 8
[427.763s][debug][gc,phases      ] GC(2942)     Termination (ms):         Min:  0.1, Avg:  0.1, Max:  0.1, Diff:  0.0, Sum:  0.5, Workers: 8
[427.763s][debug][gc,phases      ] GC(2942)       Termination Attempts:     Min: 1, Avg:  1.0, Max: 1, Diff: 0, Sum: 8, Workers: 8
[427.763s][debug][gc,phases      ] GC(2942)     GC Worker Other (ms):     Min:  0.0, Avg:  0.0, Max:  0.0, Diff:  0.0, Sum:  0.1, Workers: 8
[427.763s][debug][gc,phases      ] GC(2942)     GC Worker Total (ms):     Min:  0.1, Avg:  0.1, Max:  0.1, Diff:  0.0, Sum:  0.9, Workers: 8
[427.763s][info ][gc,phases      ] GC(2942)   Post Evacuate Collection Set: 0.3ms
[427.763s][debug][gc,phases      ] GC(2942)     Code Roots Fixup: 0.0ms
[427.763s][debug][gc,phases      ] GC(2942)     Clear Card Table: 0.1ms
[427.763s][debug][gc,phases      ] GC(2942)     Reference Processing: 0.0ms
[427.763s][debug][gc,phases,ref  ] GC(2942)       Reconsider SoftReferences: 0.0ms
[427.763s][debug][gc,phases,ref  ] GC(2942)         SoftRef (ms):             skipped
[427.763s][debug][gc,phases,ref  ] GC(2942)       Notify Soft/WeakReferences: 0.0ms
[427.763s][debug][gc,phases,ref  ] GC(2942)         SoftRef (ms):             skipped
[427.763s][debug][gc,phases,ref  ] GC(2942)         WeakRef (ms):             skipped
[427.763s][debug][gc,phases,ref  ] GC(2942)         FinalRef (ms):            skipped
[427.763s][debug][gc,phases,ref  ] GC(2942)         Total (ms):               skipped
[427.763s][debug][gc,phases,ref  ] GC(2942)       Notify and keep alive finalizable: 0.0ms
[427.763s][debug][gc,phases,ref  ] GC(2942)         FinalRef (ms):            skipped
[427.763s][debug][gc,phases,ref  ] GC(2942)       Notify PhantomReferences: 0.0ms
[427.763s][debug][gc,phases,ref  ] GC(2942)         PhantomRef (ms):          skipped
[427.763s][debug][gc,phases,ref  ] GC(2942)       SoftReference:
[427.763s][debug][gc,phases,ref  ] GC(2942)         Discovered: 0
[427.763s][debug][gc,phases,ref  ] GC(2942)         Cleared: 0
[427.763s][debug][gc,phases,ref  ] GC(2942)       WeakReference:
[427.763s][debug][gc,phases,ref  ] GC(2942)         Discovered: 0
[427.763s][debug][gc,phases,ref  ] GC(2942)         Cleared: 0
[427.763s][debug][gc,phases,ref  ] GC(2942)       FinalReference:
[427.763s][debug][gc,phases,ref  ] GC(2942)         Discovered: 0
[427.763s][debug][gc,phases,ref  ] GC(2942)         Cleared: 0
[427.763s][debug][gc,phases,ref  ] GC(2942)       PhantomReference:
[427.763s][debug][gc,phases,ref  ] GC(2942)         Discovered: 0
[427.763s][debug][gc,phases,ref  ] GC(2942)         Cleared: 0
[427.763s][debug][gc,phases      ] GC(2942)     Weak Processing: 0.0ms
[427.763s][debug][gc,phases      ] GC(2942)       JVMTI weak processing: 0.0ms
[427.763s][debug][gc,phases      ] GC(2942)         Dead: 0
[427.763s][debug][gc,phases      ] GC(2942)         Total: 0
[427.763s][debug][gc,phases      ] GC(2942)       JFR weak processing: 0.0ms
[427.763s][debug][gc,phases      ] GC(2942)         Dead: 0
[427.763s][debug][gc,phases      ] GC(2942)         Total: 0
[427.763s][debug][gc,phases      ] GC(2942)       JNI weak                  Min:  0.0, Avg:  0.0, Max:  0.0, Diff:  0.0, Sum:  0.0, Workers: 5
[427.763s][debug][gc,phases      ] GC(2942)         Dead                      Min: 0, Avg:  0.0, Max: 0, Diff: 0, Sum: 0, Workers: 5
[427.763s][debug][gc,phases      ] GC(2942)         Total                     Min: 0, Avg: 13.6, Max: 52, Diff: 52, Sum: 68, Workers: 5
[427.763s][debug][gc,phases      ] GC(2942)       VM weak                   Min:  0.0, Avg:  0.0, Max:  0.0, Diff:  0.0, Sum:  0.0, Workers: 5
[427.763s][debug][gc,phases      ] GC(2942)         Dead                      Min: 0, Avg:  0.0, Max: 0, Diff: 0, Sum: 0, Workers: 5
[427.763s][debug][gc,phases      ] GC(2942)         Total                     Min: 0, Avg: 42.6, Max: 85, Diff: 85, Sum: 213, Workers: 5
[427.763s][debug][gc,phases      ] GC(2942)       StringTable weak          Min:  0.0, Avg:  0.0, Max:  0.0, Diff:  0.0, Sum:  0.0, Workers: 5
[427.763s][debug][gc,phases      ] GC(2942)         Dead                      Min: 0, Avg:  0.0, Max: 0, Diff: 0, Sum: 0, Workers: 5
[427.763s][debug][gc,phases      ] GC(2942)         Total                     Min: 0, Avg: 682.0, Max: 1471, Diff: 1471, Sum: 3410, Workers: 5
[427.763s][debug][gc,phases      ] GC(2942)       ResolvedMethodTable weak  Min:  0.0, Avg:  0.0, Max:  0.0, Diff:  0.0, Sum:  0.0, Workers: 5
[427.763s][debug][gc,phases      ] GC(2942)         Dead                      Min: 0, Avg:  0.0, Max: 0, Diff: 0, Sum: 0, Workers: 5
[427.763s][debug][gc,phases      ] GC(2942)         Total                     Min: 0, Avg: 114.8, Max: 256, Diff: 256, Sum: 574, Workers: 5
[427.763s][debug][gc,phases      ] GC(2942)     Merge Per-Thread State: 0.0ms
[427.763s][debug][gc,phases      ] GC(2942)       Copied Bytes              Min: 0, Avg: 62.0, Max: 200, Diff: 200, Sum: 496, Workers: 8
[427.763s][debug][gc,phases      ] GC(2942)       LAB Waste                 Min: 0, Avg:  0.0, Max: 0, Diff: 0, Sum: 0, Workers: 8
[427.763s][debug][gc,phases      ] GC(2942)       LAB Undo Waste            Min: 0, Avg:  0.0, Max: 0, Diff: 0, Sum: 0, Workers: 8
[427.763s][debug][gc,phases      ] GC(2942)     Code Roots Purge: 0.0ms
[427.763s][debug][gc,phases      ] GC(2942)     Redirty Cards: 0.0ms
[427.763s][debug][gc,phases      ] GC(2942)     DerivedPointerTable Update: 0.0ms
[427.763s][debug][gc,phases      ] GC(2942)     Free Collection Set: 0.1ms
[427.763s][debug][gc,phases      ] GC(2942)     Rebuild Free List: 0.0ms
[427.763s][debug][gc,phases      ] GC(2942)     Humongous Reclaim: 0.0ms
[427.763s][debug][gc,phases      ] GC(2942)     Start New Collection Set: 0.0ms
[427.763s][debug][gc,phases      ] GC(2942)     Resize TLABs: 0.0ms
[427.763s][debug][gc,phases      ] GC(2942)     Expand Heap After Collection: 0.0ms
[427.763s][info ][gc,phases      ] GC(2942)   Other: 0.3ms
[427.763s][info ][gc,heap        ] GC(2942) Eden regions: 180->0(180)
[427.763s][info ][gc,heap        ] GC(2942) Survivor regions: 1->1(23)
[427.763s][info ][gc,heap        ] GC(2942) Old regions: 7->7
[427.763s][info ][gc,heap        ] GC(2942) Archive regions: 2->2
[427.763s][info ][gc,heap        ] GC(2942) Humongous regions: 0->0
[427.763s][info ][gc,metaspace   ] GC(2942) Metaspace: 9905K(10624K)->9905K(10624K) NonClass: 8758K(9216K)->8758K(9216K) Class: 1146K(1408K)->1146K(1408K)
[427.763s][debug][gc,heap        ] GC(2942) Heap after GC invocations=2943 (full 1): garbage-first heap   total 309248K, used 4065K [0x0000000700000000, 0x0000000800000000)
[427.763s][debug][gc,heap        ] GC(2942)   region size 1024K, 1 young (1024K), 1 survivors (1024K)
[427.763s][debug][gc,heap        ] GC(2942)  Metaspace       used 9905K, capacity 10179K, committed 10624K, reserved 1058816K
[427.763s][debug][gc,heap        ] GC(2942)   class space    used 1146K, capacity 1267K, committed 1408K, reserved 1048576K
[427.763s][info ][gc             ] GC(2942) Pause Young (Normal) (G1 Evacuation Pause) 183M->3M(302M) 1.503ms
[427.763s][info ][gc,cpu         ] GC(2942) User=0.00s Sys=0.00s Real=0.01s
[427.763s][info ][safepoint      ] Safepoint "G1CollectForAllocation", Time since last: 149207676 ns, Reaching safepoint: 171308 ns, At safepoint: 1672315 ns, Total: 1843623 ns
[427.914s][debug][gc,heap        ] GC(2943) Heap before GC invocations=2943 (full 1): garbage-first heap   total 309248K, used 188385K [0x0000000700000000, 0x0000000800000000)
[427.914s][debug][gc,heap        ] GC(2943)   region size 1024K, 181 young (185344K), 1 survivors (1024K)
[427.914s][debug][gc,heap        ] GC(2943)  Metaspace       used 9905K, capacity 10179K, committed 10624K, reserved 1058816K
[427.914s][debug][gc,heap        ] GC(2943)   class space    used 1146K, capacity 1267K, committed 1408K, reserved 1048576K
[427.914s][info ][gc,start       ] GC(2943) Pause Young (Normal) (G1 Evacuation Pause)
[427.914s][info ][gc,task        ] GC(2943) Using 8 workers of 8 for evacuation
[427.914s][debug][gc,tlab        ] GC(2943) TLAB totals: thrds: 8  refills: 725 max: 97 slow allocs: 0 max 0 waste:  0.9% gc: 1192448B max: 397440B slow: 420016B max: 56120B fast: 0B max: 0B
[427.914s][debug][gc,age         ] GC(2943) Desired survivor size 12058624 bytes, new threshold 15 (max threshold 15)
[427.914s][debug][gc,alloc,region] GC(2943) Mutator Allocation stats, regions: 180, wasted size: 0B ( 0.0%)
[427.914s][debug][gc,ergo        ] GC(2943) Running G1 Merge Heap Roots using 8 workers for 181 regions
[427.914s][debug][gc,remset      ] GC(2943) Visited cards 256 Total dirty 2048 (12.50%) Total old 759808 (0.03%)
[427.914s][debug][gc,ergo        ] GC(2943) Running G1 Clear Card Table Task using 1 workers for 1 units of work for 182 regions.
[427.914s][debug][gc,ref         ] GC(2943) Skipped phase1 of Reference Processing due to unavailable references
[427.914s][debug][gc,ref         ] GC(2943) Skipped phase2 of Reference Processing due to unavailable references
[427.914s][debug][gc,ref         ] GC(2943) Skipped phase3 of Reference Processing due to unavailable references
[427.914s][debug][gc,ref         ] GC(2943) Skipped phase4 of Reference Processing due to unavailable references
[427.914s][debug][gc,ergo        ] GC(2943) Running G1 Free Collection Set using 8 workers for collection set length 181 (302)
[427.914s][debug][gc,ergo        ] GC(2943) Running G1 Rebuild Free List Task using 8 workers for rebuilding free list of 0 (4096) regions
[427.914s][trace][gc,age         ] GC(2943) Age table with threshold 15 (max threshold 15)
[427.914s][trace][gc,age         ] GC(2943) - age   1:        480 bytes,        480 total
[427.914s][debug][gc,plab        ] GC(2943) Young PLAB allocation: allocated: 16512B, wasted: 0B, unused: 16032B, used: 480B, undo waste: 0B, 
[427.914s][debug][gc,plab        ] GC(2943) Young other allocation: region end waste: 0B, regions filled: 1, direct allocated: 0B, failure used: 0B, failure wasted: 0B
[427.914s][debug][gc,plab        ] GC(2943) Young sizing: calculated: 96B, actual: 2064B
[427.914s][debug][gc,plab        ] GC(2943) Old PLAB allocation: allocated: 0B, wasted: 0B, unused: 0B, used: 0B, undo waste: 0B, 
[427.914s][debug][gc,plab        ] GC(2943) Old other allocation: region end waste: 0B, regions filled: 1, direct allocated: 0B, failure used: 0B, failure wasted: 0B
[427.914s][debug][gc,plab        ] GC(2943) Old sizing: calculated: 0B, actual: 2064B
[427.914s][debug][gc,ihop        ] GC(2943) Basic information (value update), threshold: 142501478B (45.00), target occupancy: 316669952B, current occupancy: 4171256B, recent allocation size: 0B, recent allocation duration: 151.20ms, recent old gen allocation rate: 0.00B/s, recent marking phase length: 0.00ms
[427.914s][debug][gc,ihop        ] GC(2943) Adaptive IHOP information (value update), threshold: 142501478B (47.37), internal target occupancy: 300836454B, occupancy: 4171256B, additional buffer size: 189792256B, predicted old gen allocation rate: 0.00B/s, predicted marking phase length: 0.00ms, prediction active: false
[427.914s][debug][gc,ergo,refine ] GC(2943) Concurrent refinement times: Logged Cards Scan time goal: 20.00ms Logged Cards Scan time: 0.00ms HCC time: 0.00ms
[427.914s][debug][gc,ergo,refine ] GC(2943) Updated Refinement Zones: green: 2048, yellow: 6144, red: 10240
[427.914s][info ][gc,phases      ] GC(2943)   Pre Evacuate Collection Set: 0.1ms
[427.914s][debug][gc,phases      ] GC(2943)     Prepare TLABs: 0.0ms
[427.914s][debug][gc,phases      ] GC(2943)     Choose Collection Set: 0.0ms
[427.914s][debug][gc,phases      ] GC(2943)     Region Register: 0.1ms
[427.914s][debug][gc,phases      ] GC(2943)     Prepare Heap Roots: 0.0ms
[427.914s][info ][gc,phases      ] GC(2943)   Merge Heap Roots: 0.1ms
[427.914s][debug][gc,phases      ] GC(2943)     Prepare Merge Heap Roots: 0.0ms
[427.914s][debug][gc,phases      ] GC(2943)     Eager Reclaim (ms):       skipped
[427.914s][debug][gc,phases      ] GC(2943)     Remembered Sets (ms):     Min:  0.0, Avg:  0.0, Max:  0.0, Diff:  0.0, Sum:  0.0, Workers: 8
[427.914s][debug][gc,phases      ] GC(2943)       Merged Sparse:            Min: 0, Avg:  0.0, Max: 0, Diff: 0, Sum: 0, Workers: 8
[427.914s][debug][gc,phases      ] GC(2943)       Merged Fine:              Min: 0, Avg:  0.0, Max: 0, Diff: 0, Sum: 0, Workers: 8
[427.914s][debug][gc,phases      ] GC(2943)       Merged Coarse:            Min: 0, Avg:  0.0, Max: 0, Diff: 0, Sum: 0, Workers: 8
[427.914s][debug][gc,phases      ] GC(2943)       Dirty Cards:              Min: 0, Avg:  0.0, Max: 0, Diff: 0, Sum: 0, Workers: 8
[427.915s][debug][gc,phases      ] GC(2943)     Hot Card Cache (ms):      Min:  0.0, Avg:  0.0, Max:  0.0, Diff:  0.0, Sum:  0.0, Workers: 8
[427.915s][debug][gc,phases      ] GC(2943)       Dirty Cards:              Min: 0, Avg:  0.0, Max: 0, Diff: 0, Sum: 0, Workers: 8
[427.915s][debug][gc,phases      ] GC(2943)       Skipped Cards:            Min: 0, Avg:  0.0, Max: 0, Diff: 0, Sum: 0, Workers: 8
[427.915s][debug][gc,phases      ] GC(2943)     Log Buffers (ms):         Min:  0.0, Avg:  0.0, Max:  0.0, Diff:  0.0, Sum:  0.0, Workers: 8
[427.915s][debug][gc,phases      ] GC(2943)       Dirty Cards:              Min: 0, Avg:  0.1, Max: 1, Diff: 1, Sum: 1, Workers: 8
[427.915s][debug][gc,phases      ] GC(2943)       Skipped Cards:            Min: 0, Avg:  0.0, Max: 0, Diff: 0, Sum: 0, Workers: 8
[427.915s][info ][gc,phases      ] GC(2943)   Evacuate Collection Set: 0.1ms
[427.915s][debug][gc,phases      ] GC(2943)     Ext Root Scanning (ms):   Min:  0.0, Avg:  0.0, Max:  0.1, Diff:  0.1, Sum:  0.2, Workers: 8
[427.915s][debug][gc,phases      ] GC(2943)     Scan Heap Roots (ms):     Min:  0.0, Avg:  0.0, Max:  0.0, Diff:  0.0, Sum:  0.0, Workers: 8
[427.915s][debug][gc,phases      ] GC(2943)       Scanned Cards:            Min: 0, Avg:  0.1, Max: 1, Diff: 1, Sum: 1, Workers: 8
[427.915s][debug][gc,phases      ] GC(2943)       Scanned Blocks:           Min: 0, Avg:  0.1, Max: 1, Diff: 1, Sum: 1, Workers: 8
[427.915s][debug][gc,phases      ] GC(2943)       Claimed Chunks:           Min: 0, Avg:  0.1, Max: 1, Diff: 1, Sum: 1, Workers: 8
[427.915s][debug][gc,phases      ] GC(2943)     Code Root Scan (ms):      Min:  0.0, Avg:  0.0, Max:  0.0, Diff:  0.0, Sum:  0.0, Workers: 8
[427.915s][debug][gc,phases      ] GC(2943)     Object Copy (ms):         Min:  0.0, Avg:  0.0, Max:  0.0, Diff:  0.0, Sum:  0.0, Workers: 8
[427.915s][debug][gc,phases      ] GC(2943)     Termination (ms):         Min:  0.0, Avg:  0.0, Max:  0.0, Diff:  0.0, Sum:  0.3, Workers: 8
[427.915s][debug][gc,phases      ] GC(2943)       Termination Attempts:     Min: 1, Avg:  1.0, Max: 1, Diff: 0, Sum: 8, Workers: 8
[427.915s][debug][gc,phases      ] GC(2943)     GC Worker Other (ms):     Min:  0.0, Avg:  0.0, Max:  0.0, Diff:  0.0, Sum:  0.1, Workers: 8
[427.915s][debug][gc,phases      ] GC(2943)     GC Worker Total (ms):     Min:  0.1, Avg:  0.1, Max:  0.1, Diff:  0.0, Sum:  0.7, Workers: 8
[427.915s][info ][gc,phases      ] GC(2943)   Post Evacuate Collection Set: 0.3ms
[427.915s][debug][gc,phases      ] GC(2943)     Code Roots Fixup: 0.0ms
[427.915s][debug][gc,phases      ] GC(2943)     Clear Card Table: 0.1ms
[427.915s][debug][gc,phases      ] GC(2943)     Reference Processing: 0.0ms
[427.915s][debug][gc,phases,ref  ] GC(2943)       Reconsider SoftReferences: 0.0ms
[427.915s][debug][gc,phases,ref  ] GC(2943)         SoftRef (ms):             skipped
[427.915s][debug][gc,phases,ref  ] GC(2943)       Notify Soft/WeakReferences: 0.0ms
[427.915s][debug][gc,phases,ref  ] GC(2943)         SoftRef (ms):             skipped
[427.915s][debug][gc,phases,ref  ] GC(2943)         WeakRef (ms):             skipped
[427.915s][debug][gc,phases,ref  ] GC(2943)         FinalRef (ms):            skipped
[427.915s][debug][gc,phases,ref  ] GC(2943)         Total (ms):               skipped
[427.915s][debug][gc,phases,ref  ] GC(2943)       Notify and keep alive finalizable: 0.0ms
[427.915s][debug][gc,phases,ref  ] GC(2943)         FinalRef (ms):            skipped
[427.915s][debug][gc,phases,ref  ] GC(2943)       Notify PhantomReferences: 0.0ms
[427.915s][debug][gc,phases,ref  ] GC(2943)         PhantomRef (ms):          skipped
[427.915s][debug][gc,phases,ref  ] GC(2943)       SoftReference:
[427.915s][debug][gc,phases,ref  ] GC(2943)         Discovered: 0
[427.915s][debug][gc,phases,ref  ] GC(2943)         Cleared: 0
[427.915s][debug][gc,phases,ref  ] GC(2943)       WeakReference:
[427.915s][debug][gc,phases,ref  ] GC(2943)         Discovered: 0
[427.915s][debug][gc,phases,ref  ] GC(2943)         Cleared: 0
[427.915s][debug][gc,phases,ref  ] GC(2943)       FinalReference:
[427.915s][debug][gc,phases,ref  ] GC(2943)         Discovered: 0
[427.915s][debug][gc,phases,ref  ] GC(2943)         Cleared: 0
[427.915s][debug][gc,phases,ref  ] GC(2943)       PhantomReference:
[427.915s][debug][gc,phases,ref  ] GC(2943)         Discovered: 0
[427.915s][debug][gc,phases,ref  ] GC(2943)         Cleared: 0
[427.915s][debug][gc,phases      ] GC(2943)     Weak Processing: 0.0ms
[427.915s][debug][gc,phases      ] GC(2943)       JVMTI weak processing: 0.0ms
[427.915s][debug][gc,phases      ] GC(2943)         Dead: 0
[427.915s][debug][gc,phases      ] GC(2943)         Total: 0
[427.915s][debug][gc,phases      ] GC(2943)       JFR weak processing: 0.0ms
[427.915s][debug][gc,phases      ] GC(2943)         Dead: 0
[427.915s][debug][gc,phases      ] GC(2943)         Total: 0
[427.915s][debug][gc,phases      ] GC(2943)       JNI weak                  Min:  0.0, Avg:  0.0, Max:  0.0, Diff:  0.0, Sum:  0.0, Workers: 5
[427.915s][debug][gc,phases      ] GC(2943)         Dead                      Min: 0, Avg:  0.0, Max: 0, Diff: 0, Sum: 0, Workers: 5
[427.915s][debug][gc,phases      ] GC(2943)         Total                     Min: 0, Avg: 13.6, Max: 52, Diff: 52, Sum: 68, Workers: 5
[427.915s][debug][gc,phases      ] GC(2943)       VM weak                   Min:  0.0, Avg:  0.0, Max:  0.0, Diff:  0.0, Sum:  0.0, Workers: 5
[427.915s][debug][gc,phases      ] GC(2943)         Dead                      Min: 0, Avg:  0.0, Max: 0, Diff: 0, Sum: 0, Workers: 5
[427.915s][debug][gc,phases      ] GC(2943)         Total                     Min: 0, Avg: 42.6, Max: 64, Diff: 64, Sum: 213, Workers: 5
[427.915s][debug][gc,phases      ] GC(2943)       StringTable weak          Min:  0.0, Avg:  0.0, Max:  0.0, Diff:  0.0, Sum:  0.1, Workers: 5
[427.915s][debug][gc,phases      ] GC(2943)         Dead                      Min: 0, Avg:  0.0, Max: 0, Diff: 0, Sum: 0, Workers: 5
[427.915s][debug][gc,phases      ] GC(2943)         Total                     Min: 0, Avg: 682.0, Max: 895, Diff: 895, Sum: 3410, Workers: 5
[427.915s][debug][gc,phases      ] GC(2943)       ResolvedMethodTable weak  Min:  0.0, Avg:  0.0, Max:  0.0, Diff:  0.0, Sum:  0.0, Workers: 5
[427.915s][debug][gc,phases      ] GC(2943)         Dead                      Min: 0, Avg:  0.0, Max: 0, Diff: 0, Sum: 0, Workers: 5
[427.915s][debug][gc,phases      ] GC(2943)         Total                     Min: 0, Avg: 114.8, Max: 190, Diff: 190, Sum: 574, Workers: 5
[427.915s][debug][gc,phases      ] GC(2943)     Merge Per-Thread State: 0.0ms
[427.915s][debug][gc,phases      ] GC(2943)       Copied Bytes              Min: 24, Avg: 60.0, Max: 96, Diff: 72, Sum: 480, Workers: 8
[427.915s][debug][gc,phases      ] GC(2943)       LAB Waste                 Min: 0, Avg:  0.0, Max: 0, Diff: 0, Sum: 0, Workers: 8
[427.915s][debug][gc,phases      ] GC(2943)       LAB Undo Waste            Min: 0, Avg:  0.0, Max: 0, Diff: 0, Sum: 0, Workers: 8
[427.915s][debug][gc,phases      ] GC(2943)     Code Roots Purge: 0.0ms
[427.915s][debug][gc,phases      ] GC(2943)     Redirty Cards: 0.0ms
[427.915s][debug][gc,phases      ] GC(2943)     DerivedPointerTable Update: 0.0ms
[427.915s][debug][gc,phases      ] GC(2943)     Free Collection Set: 0.1ms
[427.915s][debug][gc,phases      ] GC(2943)     Rebuild Free List: 0.1ms
[427.915s][debug][gc,phases      ] GC(2943)     Humongous Reclaim: 0.0ms
[427.915s][debug][gc,phases      ] GC(2943)     Start New Collection Set: 0.0ms
[427.915s][debug][gc,phases      ] GC(2943)     Resize TLABs: 0.0ms
[427.915s][debug][gc,phases      ] GC(2943)     Expand Heap After Collection: 0.0ms
[427.915s][info ][gc,phases      ] GC(2943)   Other: 0.3ms
[427.915s][info ][gc,heap        ] GC(2943) Eden regions: 180->0(180)
[427.915s][info ][gc,heap        ] GC(2943) Survivor regions: 1->1(23)
[427.915s][info ][gc,heap        ] GC(2943) Old regions: 7->7
[427.915s][info ][gc,heap        ] GC(2943) Archive regions: 2->2
[427.915s][info ][gc,heap        ] GC(2943) Humongous regions: 0->0
[427.915s][info ][gc,metaspace   ] GC(2943) Metaspace: 9905K(10624K)->9905K(10624K) NonClass: 8758K(9216K)->8758K(9216K) Class: 1146K(1408K)->1146K(1408K)
[427.915s][debug][gc,heap        ] GC(2943) Heap after GC invocations=2944 (full 1): garbage-first heap   total 309248K, used 4073K [0x0000000700000000, 0x0000000800000000)
[427.915s][debug][gc,heap        ] GC(2943)   region size 1024K, 1 young (1024K), 1 survivors (1024K)
[427.915s][debug][gc,heap        ] GC(2943)  Metaspace       used 9905K, capacity 10179K, committed 10624K, reserved 1058816K
[427.915s][debug][gc,heap        ] GC(2943)   class space    used 1146K, capacity 1267K, committed 1408K, reserved 1048576K
[427.915s][info ][gc             ] GC(2943) Pause Young (Normal) (G1 Evacuation Pause) 183M->3M(302M) 1.416ms
[427.915s][info ][gc,cpu         ] GC(2943) User=0.00s Sys=0.00s Real=0.00s
[427.915s][info ][safepoint      ] Safepoint "G1CollectForAllocation", Time since last: 150130300 ns, Reaching safepoint: 172815 ns, At safepoint: 1579420 ns, Total: 1752235 ns
[428.064s][debug][gc,heap        ] GC(2944) Heap before GC invocations=2944 (full 1): garbage-first heap   total 309248K, used 188393K [0x0000000700000000, 0x0000000800000000)
[428.064s][debug][gc,heap        ] GC(2944)   region size 1024K, 181 young (185344K), 1 survivors (1024K)
[428.064s][debug][gc,heap        ] GC(2944)  Metaspace       used 9905K, capacity 10179K, committed 10624K, reserved 1058816K
[428.064s][debug][gc,heap        ] GC(2944)   class space    used 1146K, capacity 1267K, committed 1408K, reserved 1048576K
[428.064s][info ][gc,start       ] GC(2944) Pause Young (Normal) (G1 Evacuation Pause)
[428.064s][info ][gc,task        ] GC(2944) Using 8 workers of 8 for evacuation
[428.064s][debug][gc,tlab        ] GC(2944) TLAB totals: thrds: 8  refills: 723 max: 100 slow allocs: 0 max 0 waste:  0.9% gc: 1281320B max: 355120B slow: 417776B max: 57520B fast: 0B max: 0B
[428.064s][debug][gc,age         ] GC(2944) Desired survivor size 12058624 bytes, new threshold 15 (max threshold 15)
[428.064s][debug][gc,alloc,region] GC(2944) Mutator Allocation stats, regions: 180, wasted size: 0B ( 0.0%)
[428.064s][debug][gc,ergo        ] GC(2944) Running G1 Merge Heap Roots using 8 workers for 181 regions
[428.064s][debug][gc,remset      ] GC(2944) Visited cards 256 Total dirty 2048 (12.50%) Total old 759808 (0.03%)
[428.065s][debug][gc,ergo        ] GC(2944) Running G1 Clear Card Table Task using 1 workers for 1 units of work for 182 regions.
[428.065s][debug][gc,ref         ] GC(2944) Skipped phase1 of Reference Processing due to unavailable references
[428.065s][debug][gc,ref         ] GC(2944) Skipped phase2 of Reference Processing due to unavailable references
[428.065s][debug][gc,ref         ] GC(2944) Skipped phase3 of Reference Processing due to unavailable references
[428.065s][debug][gc,ref         ] GC(2944) Skipped phase4 of Reference Processing due to unavailable references
[428.065s][debug][gc,ergo        ] GC(2944) Running G1 Free Collection Set using 8 workers for collection set length 181 (302)
[428.065s][debug][gc,ergo        ] GC(2944) Running G1 Rebuild Free List Task using 8 workers for rebuilding free list of 0 (4096) regions
[428.065s][trace][gc,age         ] GC(2944) Age table with threshold 15 (max threshold 15)
[428.065s][trace][gc,age         ] GC(2944) - age   1:        592 bytes,        592 total
[428.065s][debug][gc,plab        ] GC(2944) Young PLAB allocation: allocated: 14448B, wasted: 0B, unused: 13856B, used: 592B, undo waste: 0B, 
[428.065s][debug][gc,plab        ] GC(2944) Young other allocation: region end waste: 0B, regions filled: 1, direct allocated: 0B, failure used: 0B, failure wasted: 0B
[428.065s][debug][gc,plab        ] GC(2944) Young sizing: calculated: 112B, actual: 2064B
[428.065s][debug][gc,plab        ] GC(2944) Old PLAB allocation: allocated: 0B, wasted: 0B, unused: 0B, used: 0B, undo waste: 0B, 
[428.065s][debug][gc,plab        ] GC(2944) Old other allocation: region end waste: 0B, regions filled: 1, direct allocated: 0B, failure used: 0B, failure wasted: 0B
[428.065s][debug][gc,plab        ] GC(2944) Old sizing: calculated: 0B, actual: 2064B
[428.065s][debug][gc,ihop        ] GC(2944) Basic information (value update), threshold: 142501478B (45.00), target occupancy: 316669952B, current occupancy: 4169192B, recent allocation size: 0B, recent allocation duration: 149.82ms, recent old gen allocation rate: 0.00B/s, recent marking phase length: 0.00ms
[428.065s][debug][gc,ihop        ] GC(2944) Adaptive IHOP information (value update), threshold: 142501478B (47.37), internal target occupancy: 300836454B, occupancy: 4169192B, additional buffer size: 189792256B, predicted old gen allocation rate: 0.00B/s, predicted marking phase length: 0.00ms, prediction active: false
[428.065s][debug][gc,ergo,refine ] GC(2944) Concurrent refinement times: Logged Cards Scan time goal: 20.00ms Logged Cards Scan time: 0.00ms HCC time: 0.00ms
[428.065s][debug][gc,ergo,refine ] GC(2944) Updated Refinement Zones: green: 2048, yellow: 6144, red: 10240
[428.065s][info ][gc,phases      ] GC(2944)   Pre Evacuate Collection Set: 0.1ms
[428.065s][debug][gc,phases      ] GC(2944)     Prepare TLABs: 0.0ms
[428.065s][debug][gc,phases      ] GC(2944)     Choose Collection Set: 0.0ms
[428.065s][debug][gc,phases      ] GC(2944)     Region Register: 0.1ms
[428.065s][debug][gc,phases      ] GC(2944)     Prepare Heap Roots: 0.0ms
[428.065s][info ][gc,phases      ] GC(2944)   Merge Heap Roots: 0.1ms
[428.065s][debug][gc,phases      ] GC(2944)     Prepare Merge Heap Roots: 0.0ms
[428.065s][debug][gc,phases      ] GC(2944)     Eager Reclaim (ms):       skipped
[428.065s][debug][gc,phases      ] GC(2944)     Remembered Sets (ms):     Min:  0.0, Avg:  0.0, Max:  0.0, Diff:  0.0, Sum:  0.0, Workers: 8
[428.065s][debug][gc,phases      ] GC(2944)       Merged Sparse:            Min: 0, Avg:  0.0, Max: 0, Diff: 0, Sum: 0, Workers: 8
[428.065s][debug][gc,phases      ] GC(2944)       Merged Fine:              Min: 0, Avg:  0.0, Max: 0, Diff: 0, Sum: 0, Workers: 8
[428.065s][debug][gc,phases      ] GC(2944)       Merged Coarse:            Min: 0, Avg:  0.0, Max: 0, Diff: 0, Sum: 0, Workers: 8
[428.065s][debug][gc,phases      ] GC(2944)       Dirty Cards:              Min: 0, Avg:  0.0, Max: 0, Diff: 0, Sum: 0, Workers: 8
[428.065s][debug][gc,phases      ] GC(2944)     Hot Card Cache (ms):      Min:  0.0, Avg:  0.0, Max:  0.0, Diff:  0.0, Sum:  0.0, Workers: 8
[428.065s][debug][gc,phases      ] GC(2944)       Dirty Cards:              Min: 0, Avg:  0.0, Max: 0, Diff: 0, Sum: 0, Workers: 8
[428.065s][debug][gc,phases      ] GC(2944)       Skipped Cards:            Min: 0, Avg:  0.0, Max: 0, Diff: 0, Sum: 0, Workers: 8
[428.065s][debug][gc,phases      ] GC(2944)     Log Buffers (ms):         Min:  0.0, Avg:  0.0, Max:  0.0, Diff:  0.0, Sum:  0.0, Workers: 8
[428.065s][debug][gc,phases      ] GC(2944)       Dirty Cards:              Min: 0, Avg:  0.1, Max: 1, Diff: 1, Sum: 1, Workers: 8
[428.065s][debug][gc,phases      ] GC(2944)       Skipped Cards:            Min: 0, Avg:  0.0, Max: 0, Diff: 0, Sum: 0, Workers: 8
[428.065s][info ][gc,phases      ] GC(2944)   Evacuate Collection Set: 0.2ms
[428.065s][debug][gc,phases      ] GC(2944)     Ext Root Scanning (ms):   Min:  0.0, Avg:  0.0, Max:  0.1, Diff:  0.0, Sum:  0.2, Workers: 8
[428.065s][debug][gc,phases      ] GC(2944)     Scan Heap Roots (ms):     Min:  0.0, Avg:  0.0, Max:  0.0, Diff:  0.0, Sum:  0.0, Workers: 8
[428.065s][debug][gc,phases      ] GC(2944)       Scanned Cards:            Min: 0, Avg:  0.1, Max: 1, Diff: 1, Sum: 1, Workers: 8
[428.065s][debug][gc,phases      ] GC(2944)       Scanned Blocks:           Min: 0, Avg:  0.1, Max: 1, Diff: 1, Sum: 1, Workers: 8
[428.065s][debug][gc,phases      ] GC(2944)       Claimed Chunks:           Min: 0, Avg:  0.1, Max: 1, Diff: 1, Sum: 1, Workers: 8
[428.065s][debug][gc,phases      ] GC(2944)     Code Root Scan (ms):      Min:  0.0, Avg:  0.0, Max:  0.0, Diff:  0.0, Sum:  0.0, Workers: 8
[428.065s][debug][gc,phases      ] GC(2944)     Object Copy (ms):         Min:  0.0, Avg:  0.0, Max:  0.0, Diff:  0.0, Sum:  0.0, Workers: 8
[428.065s][debug][gc,phases      ] GC(2944)     Termination (ms):         Min:  0.1, Avg:  0.1, Max:  0.1, Diff:  0.0, Sum:  0.7, Workers: 8
[428.065s][debug][gc,phases      ] GC(2944)       Termination Attempts:     Min: 1, Avg:  1.0, Max: 1, Diff: 0, Sum: 8, Workers: 8
[428.065s][debug][gc,phases      ] GC(2944)     GC Worker Other (ms):     Min:  0.0, Avg:  0.0, Max:  0.0, Diff:  0.0, Sum:  0.1, Workers: 8
[428.065s][debug][gc,phases      ] GC(2944)     GC Worker Total (ms):     Min:  0.1, Avg:  0.1, Max:  0.2, Diff:  0.1, Sum:  1.1, Workers: 8
[428.065s][info ][gc,phases      ] GC(2944)   Post Evacuate Collection Set: 0.3ms
[428.065s][debug][gc,phases      ] GC(2944)     Code Roots Fixup: 0.0ms
[428.065s][debug][gc,phases      ] GC(2944)     Clear Card Table: 0.1ms
[428.065s][debug][gc,phases      ] GC(2944)     Reference Processing: 0.0ms
[428.065s][debug][gc,phases,ref  ] GC(2944)       Reconsider SoftReferences: 0.0ms
[428.065s][debug][gc,phases,ref  ] GC(2944)         SoftRef (ms):             skipped
[428.065s][debug][gc,phases,ref  ] GC(2944)       Notify Soft/WeakReferences: 0.0ms
[428.065s][debug][gc,phases,ref  ] GC(2944)         SoftRef (ms):             skipped
[428.065s][debug][gc,phases,ref  ] GC(2944)         WeakRef (ms):             skipped
[428.065s][debug][gc,phases,ref  ] GC(2944)         FinalRef (ms):            skipped
[428.065s][debug][gc,phases,ref  ] GC(2944)         Total (ms):               skipped
[428.065s][debug][gc,phases,ref  ] GC(2944)       Notify and keep alive finalizable: 0.0ms
[428.065s][debug][gc,phases,ref  ] GC(2944)         FinalRef (ms):            skipped
[428.065s][debug][gc,phases,ref  ] GC(2944)       Notify PhantomReferences: 0.0ms
[428.065s][debug][gc,phases,ref  ] GC(2944)         PhantomRef (ms):          skipped
[428.065s][debug][gc,phases,ref  ] GC(2944)       SoftReference:
[428.065s][debug][gc,phases,ref  ] GC(2944)         Discovered: 0
[428.065s][debug][gc,phases,ref  ] GC(2944)         Cleared: 0
[428.065s][debug][gc,phases,ref  ] GC(2944)       WeakReference:
[428.065s][debug][gc,phases,ref  ] GC(2944)         Discovered: 0
[428.065s][debug][gc,phases,ref  ] GC(2944)         Cleared: 0
[428.065s][debug][gc,phases,ref  ] GC(2944)       FinalReference:
[428.065s][debug][gc,phases,ref  ] GC(2944)         Discovered: 0
[428.065s][debug][gc,phases,ref  ] GC(2944)         Cleared: 0
[428.065s][debug][gc,phases,ref  ] GC(2944)       PhantomReference:
[428.065s][debug][gc,phases,ref  ] GC(2944)         Discovered: 0
[428.065s][debug][gc,phases,ref  ] GC(2944)         Cleared: 0
[428.065s][debug][gc,phases      ] GC(2944)     Weak Processing: 0.1ms
[428.065s][debug][gc,phases      ] GC(2944)       JVMTI weak processing: 0.0ms
[428.065s][debug][gc,phases      ] GC(2944)         Dead: 0
[428.065s][debug][gc,phases      ] GC(2944)         Total: 0
[428.065s][debug][gc,phases      ] GC(2944)       JFR weak processing: 0.0ms
[428.065s][debug][gc,phases      ] GC(2944)         Dead: 0
[428.065s][debug][gc,phases      ] GC(2944)         Total: 0
[428.066s][debug][gc,phases      ] GC(2944)       JNI weak                  Min:  0.0, Avg:  0.0, Max:  0.0, Diff:  0.0, Sum:  0.0, Workers: 5
[428.066s][debug][gc,phases      ] GC(2944)         Dead                      Min: 0, Avg:  0.0, Max: 0, Diff: 0, Sum: 0, Workers: 5
[428.066s][debug][gc,phases      ] GC(2944)         Total                     Min: 0, Avg: 13.6, Max: 52, Diff: 52, Sum: 68, Workers: 5
[428.066s][debug][gc,phases      ] GC(2944)       VM weak                   Min:  0.0, Avg:  0.0, Max:  0.0, Diff:  0.0, Sum:  0.0, Workers: 5
[428.066s][debug][gc,phases      ] GC(2944)         Dead                      Min: 0, Avg:  0.0, Max: 0, Diff: 0, Sum: 0, Workers: 5
[428.066s][debug][gc,phases      ] GC(2944)         Total                     Min: 0, Avg: 42.6, Max: 128, Diff: 128, Sum: 213, Workers: 5
[428.066s][debug][gc,phases      ] GC(2944)       StringTable weak          Min:  0.0, Avg:  0.0, Max:  0.0, Diff:  0.0, Sum:  0.1, Workers: 5
[428.066s][debug][gc,phases      ] GC(2944)         Dead                      Min: 0, Avg:  0.0, Max: 0, Diff: 0, Sum: 0, Workers: 5
[428.066s][debug][gc,phases      ] GC(2944)         Total                     Min: 0, Avg: 682.0, Max: 1728, Diff: 1728, Sum: 3410, Workers: 5
[428.066s][debug][gc,phases      ] GC(2944)       ResolvedMethodTable weak  Min:  0.0, Avg:  0.0, Max:  0.0, Diff:  0.0, Sum:  0.0, Workers: 5
[428.066s][debug][gc,phases      ] GC(2944)         Dead                      Min: 0, Avg:  0.0, Max: 0, Diff: 0, Sum: 0, Workers: 5
[428.066s][debug][gc,phases      ] GC(2944)         Total                     Min: 0, Avg: 114.8, Max: 318, Diff: 318, Sum: 574, Workers: 5
[428.066s][debug][gc,phases      ] GC(2944)     Merge Per-Thread State: 0.0ms
[428.066s][debug][gc,phases      ] GC(2944)       Copied Bytes              Min: 0, Avg: 74.0, Max: 176, Diff: 176, Sum: 592, Workers: 8
[428.066s][debug][gc,phases      ] GC(2944)       LAB Waste                 Min: 0, Avg:  0.0, Max: 0, Diff: 0, Sum: 0, Workers: 8
[428.066s][debug][gc,phases      ] GC(2944)       LAB Undo Waste            Min: 0, Avg:  0.0, Max: 0, Diff: 0, Sum: 0, Workers: 8
[428.066s][debug][gc,phases      ] GC(2944)     Code Roots Purge: 0.0ms
[428.066s][debug][gc,phases      ] GC(2944)     Redirty Cards: 0.0ms
[428.066s][debug][gc,phases      ] GC(2944)     DerivedPointerTable Update: 0.0ms
[428.066s][debug][gc,phases      ] GC(2944)     Free Collection Set: 0.1ms
[428.066s][debug][gc,phases      ] GC(2944)     Rebuild Free List: 0.0ms
[428.066s][debug][gc,phases      ] GC(2944)     Humongous Reclaim: 0.0ms
[428.066s][debug][gc,phases      ] GC(2944)     Start New Collection Set: 0.0ms
[428.066s][debug][gc,phases      ] GC(2944)     Resize TLABs: 0.0ms
[428.066s][debug][gc,phases      ] GC(2944)     Expand Heap After Collection: 0.0ms
[428.066s][info ][gc,phases      ] GC(2944)   Other: 0.3ms
[428.066s][info ][gc,heap        ] GC(2944) Eden regions: 180->0(180)
[428.066s][info ][gc,heap        ] GC(2944) Survivor regions: 1->1(23)
[428.066s][info ][gc,heap        ] GC(2944) Old regions: 7->7
[428.066s][info ][gc,heap        ] GC(2944) Archive regions: 2->2
[428.066s][info ][gc,heap        ] GC(2944) Humongous regions: 0->0
[428.066s][info ][gc,metaspace   ] GC(2944) Metaspace: 9905K(10624K)->9905K(10624K) NonClass: 8758K(9216K)->8758K(9216K) Class: 1146K(1408K)->1146K(1408K)
[428.066s][debug][gc,heap        ] GC(2944) Heap after GC invocations=2945 (full 1): garbage-first heap   total 309248K, used 4071K [0x0000000700000000, 0x0000000800000000)
[428.066s][debug][gc,heap        ] GC(2944)   region size 1024K, 1 young (1024K), 1 survivors (1024K)
[428.066s][debug][gc,heap        ] GC(2944)  Metaspace       used 9905K, capacity 10179K, committed 10624K, reserved 1058816K
[428.066s][debug][gc,heap        ] GC(2944)   class space    used 1146K, capacity 1267K, committed 1408K, reserved 1048576K
[428.066s][info ][gc             ] GC(2944) Pause Young (Normal) (G1 Evacuation Pause) 183M->3M(302M) 1.565ms
[428.066s][info ][gc,cpu         ] GC(2944) User=0.00s Sys=0.00s Real=0.00s
[428.066s][info ][safepoint      ] Safepoint "G1CollectForAllocation", Time since last: 148820278 ns, Reaching safepoint: 122821 ns, At safepoint: 1715267 ns, Total: 1838088 ns
[428.214s][debug][gc,heap        ] GC(2945) Heap before GC invocations=2945 (full 1): garbage-first heap   total 309248K, used 188391K [0x0000000700000000, 0x0000000800000000)
[428.214s][debug][gc,heap        ] GC(2945)   region size 1024K, 181 young (185344K), 1 survivors (1024K)
[428.214s][debug][gc,heap        ] GC(2945)  Metaspace       used 9905K, capacity 10179K, committed 10624K, reserved 1058816K
[428.214s][debug][gc,heap        ] GC(2945)   class space    used 1146K, capacity 1267K, committed 1408K, reserved 1048576K
[428.214s][info ][gc,start       ] GC(2945) Pause Young (Normal) (G1 Evacuation Pause)
[428.214s][info ][gc,task        ] GC(2945) Using 8 workers of 8 for evacuation
[428.214s][debug][gc,tlab        ] GC(2945) TLAB totals: thrds: 8  refills: 719 max: 97 slow allocs: 0 max 0 waste:  1.1% gc: 1578464B max: 356400B slow: 417056B max: 56232B fast: 0B max: 0B
[428.214s][debug][gc,age         ] GC(2945) Desired survivor size 12058624 bytes, new threshold 15 (max threshold 15)
[428.214s][debug][gc,alloc,region] GC(2945) Mutator Allocation stats, regions: 180, wasted size: 1960B ( 0.0%)
[428.215s][debug][gc,ergo        ] GC(2945) Running G1 Merge Heap Roots using 8 workers for 181 regions
[428.215s][debug][gc,remset      ] GC(2945) Visited cards 256 Total dirty 2048 (12.50%) Total old 759808 (0.03%)
[428.215s][debug][gc,ergo        ] GC(2945) Running G1 Clear Card Table Task using 1 workers for 1 units of work for 182 regions.
[428.215s][debug][gc,ref         ] GC(2945) Skipped phase1 of Reference Processing due to unavailable references
[428.215s][debug][gc,ref         ] GC(2945) Skipped phase2 of Reference Processing due to unavailable references
[428.215s][debug][gc,ref         ] GC(2945) Skipped phase3 of Reference Processing due to unavailable references
[428.215s][debug][gc,ref         ] GC(2945) Skipped phase4 of Reference Processing due to unavailable references
[428.215s][debug][gc,ergo        ] GC(2945) Running G1 Free Collection Set using 8 workers for collection set length 181 (302)
[428.215s][debug][gc,ergo        ] GC(2945) Running G1 Rebuild Free List Task using 8 workers for rebuilding free list of 0 (4096) regions
[428.215s][trace][gc,age         ] GC(2945) Age table with threshold 15 (max threshold 15)
[428.215s][trace][gc,age         ] GC(2945) - age   1:        560 bytes,        560 total
[428.215s][debug][gc,plab        ] GC(2945) Young PLAB allocation: allocated: 16512B, wasted: 0B, unused: 15952B, used: 560B, undo waste: 0B, 
[428.215s][debug][gc,plab        ] GC(2945) Young other allocation: region end waste: 0B, regions filled: 1, direct allocated: 0B, failure used: 0B, failure wasted: 0B
[428.215s][debug][gc,plab        ] GC(2945) Young sizing: calculated: 112B, actual: 2064B
[428.215s][debug][gc,plab        ] GC(2945) Old PLAB allocation: allocated: 0B, wasted: 0B, unused: 0B, used: 0B, undo waste: 0B, 
[428.215s][debug][gc,plab        ] GC(2945) Old other allocation: region end waste: 0B, regions filled: 1, direct allocated: 0B, failure used: 0B, failure wasted: 0B
[428.215s][debug][gc,plab        ] GC(2945) Old sizing: calculated: 0B, actual: 2064B
[428.215s][debug][gc,ihop        ] GC(2945) Basic information (value update), threshold: 142501478B (45.00), target occupancy: 316669952B, current occupancy: 4171256B, recent allocation size: 0B, recent allocation duration: 149.38ms, recent old gen allocation rate: 0.00B/s, recent marking phase length: 0.00ms
[428.215s][debug][gc,ihop        ] GC(2945) Adaptive IHOP information (value update), threshold: 142501478B (47.37), internal target occupancy: 300836454B, occupancy: 4171256B, additional buffer size: 189792256B, predicted old gen allocation rate: 0.00B/s, predicted marking phase length: 0.00ms, prediction active: false
[428.215s][debug][gc,ergo,refine ] GC(2945) Concurrent refinement times: Logged Cards Scan time goal: 20.00ms Logged Cards Scan time: 0.00ms HCC time: 0.00ms
[428.215s][debug][gc,ergo,refine ] GC(2945) Updated Refinement Zones: green: 2048, yellow: 6144, red: 10240
[428.215s][info ][gc,phases      ] GC(2945)   Pre Evacuate Collection Set: 0.1ms
[428.215s][debug][gc,phases      ] GC(2945)     Prepare TLABs: 0.0ms
[428.215s][debug][gc,phases      ] GC(2945)     Choose Collection Set: 0.0ms
[428.215s][debug][gc,phases      ] GC(2945)     Region Register: 0.1ms
[428.215s][debug][gc,phases      ] GC(2945)     Prepare Heap Roots: 0.0ms
[428.215s][info ][gc,phases      ] GC(2945)   Merge Heap Roots: 0.1ms
[428.215s][debug][gc,phases      ] GC(2945)     Prepare Merge Heap Roots: 0.0ms
[428.215s][debug][gc,phases      ] GC(2945)     Eager Reclaim (ms):       skipped
[428.215s][debug][gc,phases      ] GC(2945)     Remembered Sets (ms):     Min:  0.0, Avg:  0.0, Max:  0.0, Diff:  0.0, Sum:  0.1, Workers: 8
[428.215s][debug][gc,phases      ] GC(2945)       Merged Sparse:            Min: 0, Avg:  0.0, Max: 0, Diff: 0, Sum: 0, Workers: 8
[428.215s][debug][gc,phases      ] GC(2945)       Merged Fine:              Min: 0, Avg:  0.0, Max: 0, Diff: 0, Sum: 0, Workers: 8
[428.215s][debug][gc,phases      ] GC(2945)       Merged Coarse:            Min: 0, Avg:  0.0, Max: 0, Diff: 0, Sum: 0, Workers: 8
[428.215s][debug][gc,phases      ] GC(2945)       Dirty Cards:              Min: 0, Avg:  0.0, Max: 0, Diff: 0, Sum: 0, Workers: 8
[428.215s][debug][gc,phases      ] GC(2945)     Hot Card Cache (ms):      Min:  0.0, Avg:  0.0, Max:  0.0, Diff:  0.0, Sum:  0.0, Workers: 8
[428.215s][debug][gc,phases      ] GC(2945)       Dirty Cards:              Min: 0, Avg:  0.0, Max: 0, Diff: 0, Sum: 0, Workers: 8
[428.215s][debug][gc,phases      ] GC(2945)       Skipped Cards:            Min: 0, Avg:  0.0, Max: 0, Diff: 0, Sum: 0, Workers: 8
[428.215s][debug][gc,phases      ] GC(2945)     Log Buffers (ms):         Min:  0.0, Avg:  0.0, Max:  0.0, Diff:  0.0, Sum:  0.0, Workers: 8
[428.215s][debug][gc,phases      ] GC(2945)       Dirty Cards:              Min: 0, Avg:  0.1, Max: 1, Diff: 1, Sum: 1, Workers: 8
[428.215s][debug][gc,phases      ] GC(2945)       Skipped Cards:            Min: 0, Avg:  0.0, Max: 0, Diff: 0, Sum: 0, Workers: 8
[428.215s][info ][gc,phases      ] GC(2945)   Evacuate Collection Set: 0.2ms
[428.215s][debug][gc,phases      ] GC(2945)     Ext Root Scanning (ms):   Min:  0.0, Avg:  0.0, Max:  0.1, Diff:  0.1, Sum:  0.2, Workers: 8
[428.215s][debug][gc,phases      ] GC(2945)     Scan Heap Roots (ms):     Min:  0.0, Avg:  0.0, Max:  0.0, Diff:  0.0, Sum:  0.0, Workers: 8
[428.215s][debug][gc,phases      ] GC(2945)       Scanned Cards:            Min: 0, Avg:  0.1, Max: 1, Diff: 1, Sum: 1, Workers: 8
[428.215s][debug][gc,phases      ] GC(2945)       Scanned Blocks:           Min: 0, Avg:  0.1, Max: 1, Diff: 1, Sum: 1, Workers: 8
[428.215s][debug][gc,phases      ] GC(2945)       Claimed Chunks:           Min: 0, Avg:  0.1, Max: 1, Diff: 1, Sum: 1, Workers: 8
[428.215s][debug][gc,phases      ] GC(2945)     Code Root Scan (ms):      Min:  0.0, Avg:  0.0, Max:  0.0, Diff:  0.0, Sum:  0.0, Workers: 8
[428.215s][debug][gc,phases      ] GC(2945)     Object Copy (ms):         Min:  0.0, Avg:  0.0, Max:  0.0, Diff:  0.0, Sum:  0.0, Workers: 8
[428.215s][debug][gc,phases      ] GC(2945)     Termination (ms):         Min:  0.1, Avg:  0.1, Max:  0.1, Diff:  0.0, Sum:  0.5, Workers: 8
[428.216s][debug][gc,phases      ] GC(2945)       Termination Attempts:     Min: 1, Avg:  1.0, Max: 1, Diff: 0, Sum: 8, Workers: 8
[428.216s][debug][gc,phases      ] GC(2945)     GC Worker Other (ms):     Min:  0.0, Avg:  0.0, Max:  0.0, Diff:  0.0, Sum:  0.1, Workers: 8
[428.216s][debug][gc,phases      ] GC(2945)     GC Worker Total (ms):     Min:  0.1, Avg:  0.1, Max:  0.2, Diff:  0.1, Sum:  0.9, Workers: 8
[428.216s][info ][gc,phases      ] GC(2945)   Post Evacuate Collection Set: 0.4ms
[428.216s][debug][gc,phases      ] GC(2945)     Code Roots Fixup: 0.0ms
[428.216s][debug][gc,phases      ] GC(2945)     Clear Card Table: 0.1ms
[428.216s][debug][gc,phases      ] GC(2945)     Reference Processing: 0.0ms
[428.216s][debug][gc,phases,ref  ] GC(2945)       Reconsider SoftReferences: 0.0ms
[428.216s][debug][gc,phases,ref  ] GC(2945)         SoftRef (ms):             skipped
[428.216s][debug][gc,phases,ref  ] GC(2945)       Notify Soft/WeakReferences: 0.0ms
[428.216s][debug][gc,phases,ref  ] GC(2945)         SoftRef (ms):             skipped
[428.216s][debug][gc,phases,ref  ] GC(2945)         WeakRef (ms):             skipped
[428.216s][debug][gc,phases,ref  ] GC(2945)         FinalRef (ms):            skipped
[428.216s][debug][gc,phases,ref  ] GC(2945)         Total (ms):               skipped
[428.216s][debug][gc,phases,ref  ] GC(2945)       Notify and keep alive finalizable: 0.0ms
[428.216s][debug][gc,phases,ref  ] GC(2945)         FinalRef (ms):            skipped
[428.216s][debug][gc,phases,ref  ] GC(2945)       Notify PhantomReferences: 0.0ms
[428.216s][debug][gc,phases,ref  ] GC(2945)         PhantomRef (ms):          skipped
[428.216s][debug][gc,phases,ref  ] GC(2945)       SoftReference:
[428.216s][debug][gc,phases,ref  ] GC(2945)         Discovered: 0
[428.216s][debug][gc,phases,ref  ] GC(2945)         Cleared: 0
[428.216s][debug][gc,phases,ref  ] GC(2945)       WeakReference:
[428.216s][debug][gc,phases,ref  ] GC(2945)         Discovered: 0
[428.216s][debug][gc,phases,ref  ] GC(2945)         Cleared: 0
[428.216s][debug][gc,phases,ref  ] GC(2945)       FinalReference:
[428.216s][debug][gc,phases,ref  ] GC(2945)         Discovered: 0
[428.216s][debug][gc,phases,ref  ] GC(2945)         Cleared: 0
[428.216s][debug][gc,phases,ref  ] GC(2945)       PhantomReference:
[428.216s][debug][gc,phases,ref  ] GC(2945)         Discovered: 0
[428.216s][debug][gc,phases,ref  ] GC(2945)         Cleared: 0
[428.216s][debug][gc,phases      ] GC(2945)     Weak Processing: 0.1ms
[428.216s][debug][gc,phases      ] GC(2945)       JVMTI weak processing: 0.0ms
[428.216s][debug][gc,phases      ] GC(2945)         Dead: 0
[428.216s][debug][gc,phases      ] GC(2945)         Total: 0
[428.216s][debug][gc,phases      ] GC(2945)       JFR weak processing: 0.0ms
[428.216s][debug][gc,phases      ] GC(2945)         Dead: 0
[428.216s][debug][gc,phases      ] GC(2945)         Total: 0
[428.216s][debug][gc,phases      ] GC(2945)       JNI weak                  Min:  0.0, Avg:  0.0, Max:  0.0, Diff:  0.0, Sum:  0.0, Workers: 5
[428.216s][debug][gc,phases      ] GC(2945)         Dead                      Min: 0, Avg:  0.0, Max: 0, Diff: 0, Sum: 0, Workers: 5
[428.216s][debug][gc,phases      ] GC(2945)         Total                     Min: 0, Avg: 13.6, Max: 68, Diff: 68, Sum: 68, Workers: 5
[428.216s][debug][gc,phases      ] GC(2945)       VM weak                   Min:  0.0, Avg:  0.0, Max:  0.0, Diff:  0.0, Sum:  0.0, Workers: 5
[428.216s][debug][gc,phases      ] GC(2945)         Dead                      Min: 0, Avg:  0.0, Max: 0, Diff: 0, Sum: 0, Workers: 5
[428.216s][debug][gc,phases      ] GC(2945)         Total                     Min: 0, Avg: 42.6, Max: 213, Diff: 213, Sum: 213, Workers: 5
[428.216s][debug][gc,phases      ] GC(2945)       StringTable weak          Min:  0.0, Avg:  0.0, Max:  0.0, Diff:  0.0, Sum:  0.0, Workers: 5
[428.216s][debug][gc,phases      ] GC(2945)         Dead                      Min: 0, Avg:  0.0, Max: 0, Diff: 0, Sum: 0, Workers: 5
[428.216s][debug][gc,phases      ] GC(2945)         Total                     Min: 0, Avg: 682.0, Max: 3218, Diff: 3218, Sum: 3410, Workers: 5
[428.216s][debug][gc,phases      ] GC(2945)       ResolvedMethodTable weak  Min:  0.0, Avg:  0.0, Max:  0.0, Diff:  0.0, Sum:  0.0, Workers: 5
[428.216s][debug][gc,phases      ] GC(2945)         Dead                      Min: 0, Avg:  0.0, Max: 0, Diff: 0, Sum: 0, Workers: 5
[428.216s][debug][gc,phases      ] GC(2945)         Total                     Min: 0, Avg: 114.8, Max: 318, Diff: 318, Sum: 574, Workers: 5
[428.216s][debug][gc,phases      ] GC(2945)     Merge Per-Thread State: 0.0ms
[428.216s][debug][gc,phases      ] GC(2945)       Copied Bytes              Min: 24, Avg: 70.0, Max: 144, Diff: 120, Sum: 560, Workers: 8
[428.216s][debug][gc,phases      ] GC(2945)       LAB Waste                 Min: 0, Avg:  0.0, Max: 0, Diff: 0, Sum: 0, Workers: 8
[428.216s][debug][gc,phases      ] GC(2945)       LAB Undo Waste            Min: 0, Avg:  0.0, Max: 0, Diff: 0, Sum: 0, Workers: 8
[428.216s][debug][gc,phases      ] GC(2945)     Code Roots Purge: 0.0ms
[428.216s][debug][gc,phases      ] GC(2945)     Redirty Cards: 0.0ms
[428.216s][debug][gc,phases      ] GC(2945)     DerivedPointerTable Update: 0.0ms
[428.216s][debug][gc,phases      ] GC(2945)     Free Collection Set: 0.1ms
[428.216s][debug][gc,phases      ] GC(2945)     Rebuild Free List: 0.1ms
[428.216s][debug][gc,phases      ] GC(2945)     Humongous Reclaim: 0.0ms
[428.216s][debug][gc,phases      ] GC(2945)     Start New Collection Set: 0.0ms
[428.216s][debug][gc,phases      ] GC(2945)     Resize TLABs: 0.0ms
[428.216s][debug][gc,phases      ] GC(2945)     Expand Heap After Collection: 0.0ms
[428.216s][info ][gc,phases      ] GC(2945)   Other: 0.2ms
[428.216s][info ][gc,heap        ] GC(2945) Eden regions: 180->0(180)
[428.216s][info ][gc,heap        ] GC(2945) Survivor regions: 1->1(23)
[428.216s][info ][gc,heap        ] GC(2945) Old regions: 7->7
[428.216s][info ][gc,heap        ] GC(2945) Archive regions: 2->2
[428.216s][info ][gc,heap        ] GC(2945) Humongous regions: 0->0
[428.216s][info ][gc,metaspace   ] GC(2945) Metaspace: 9905K(10624K)->9905K(10624K) NonClass: 8758K(9216K)->8758K(9216K) Class: 1146K(1408K)->1146K(1408K)
[428.216s][debug][gc,heap        ] GC(2945) Heap after GC invocations=2946 (full 1): garbage-first heap   total 309248K, used 4073K [0x0000000700000000, 0x0000000800000000)
[428.216s][debug][gc,heap        ] GC(2945)   region size 1024K, 1 young (1024K), 1 survivors (1024K)
[428.216s][debug][gc,heap        ] GC(2945)  Metaspace       used 9905K, capacity 10179K, committed 10624K, reserved 1058816K
[428.216s][debug][gc,heap        ] GC(2945)   class space    used 1146K, capacity 1267K, committed 1408K, reserved 1048576K
[428.216s][info ][gc             ] GC(2945) Pause Young (Normal) (G1 Evacuation Pause) 183M->3M(302M) 1.574ms
[428.216s][info ][gc,cpu         ] GC(2945) User=0.00s Sys=0.00s Real=0.00s
[428.216s][info ][safepoint      ] Safepoint "G1CollectForAllocation", Time since last: 148387051 ns, Reaching safepoint: 115219 ns, At safepoint: 1734397 ns, Total: 1849616 ns
[428.362s][debug][gc,heap        ] GC(2946) Heap before GC invocations=2946 (full 1): garbage-first heap   total 309248K, used 188393K [0x0000000700000000, 0x0000000800000000)
[428.363s][debug][gc,heap        ] GC(2946)   region size 1024K, 181 young (185344K), 1 survivors (1024K)
[428.363s][debug][gc,heap        ] GC(2946)  Metaspace       used 9905K, capacity 10179K, committed 10624K, reserved 1058816K
[428.363s][debug][gc,heap        ] GC(2946)   class space    used 1146K, capacity 1267K, committed 1408K, reserved 1048576K
[428.363s][info ][gc,start       ] GC(2946) Pause Young (Normal) (G1 Evacuation Pause)
[428.363s][info ][gc,task        ] GC(2946) Using 8 workers of 8 for evacuation
[428.363s][debug][gc,tlab        ] GC(2946) TLAB totals: thrds: 8  refills: 724 max: 94 slow allocs: 0 max 0 waste:  0.9% gc: 1232272B max: 333368B slow: 418896B max: 54680B fast: 0B max: 0B
[428.363s][debug][gc,age         ] GC(2946) Desired survivor size 12058624 bytes, new threshold 15 (max threshold 15)
[428.363s][debug][gc,alloc,region] GC(2946) Mutator Allocation stats, regions: 180, wasted size: 1976B ( 0.0%)
[428.363s][debug][gc,ergo        ] GC(2946) Running G1 Merge Heap Roots using 8 workers for 181 regions
[428.363s][debug][gc,remset      ] GC(2946) Visited cards 256 Total dirty 2048 (12.50%) Total old 759808 (0.03%)
[428.363s][debug][gc,ergo        ] GC(2946) Running G1 Clear Card Table Task using 1 workers for 1 units of work for 182 regions.
[428.363s][debug][gc,ref         ] GC(2946) Skipped phase1 of Reference Processing due to unavailable references
[428.363s][debug][gc,ref         ] GC(2946) Skipped phase2 of Reference Processing due to unavailable references
[428.363s][debug][gc,ref         ] GC(2946) Skipped phase3 of Reference Processing due to unavailable references
[428.363s][debug][gc,ref         ] GC(2946) Skipped phase4 of Reference Processing due to unavailable references
[428.363s][debug][gc,ergo        ] GC(2946) Running G1 Free Collection Set using 8 workers for collection set length 181 (302)
[428.363s][debug][gc,ergo        ] GC(2946) Running G1 Rebuild Free List Task using 8 workers for rebuilding free list of 0 (4096) regions
[428.363s][trace][gc,age         ] GC(2946) Age table with threshold 15 (max threshold 15)
[428.363s][trace][gc,age         ] GC(2946) - age   1:        440 bytes,        440 total
[428.363s][debug][gc,plab        ] GC(2946) Young PLAB allocation: allocated: 10320B, wasted: 0B, unused: 9880B, used: 440B, undo waste: 0B, 
[428.363s][debug][gc,plab        ] GC(2946) Young other allocation: region end waste: 0B, regions filled: 1, direct allocated: 0B, failure used: 0B, failure wasted: 0B
[428.363s][debug][gc,plab        ] GC(2946) Young sizing: calculated: 88B, actual: 2064B
[428.363s][debug][gc,plab        ] GC(2946) Old PLAB allocation: allocated: 0B, wasted: 0B, unused: 0B, used: 0B, undo waste: 0B, 
[428.363s][debug][gc,plab        ] GC(2946) Old other allocation: region end waste: 0B, regions filled: 1, direct allocated: 0B, failure used: 0B, failure wasted: 0B
[428.363s][debug][gc,plab        ] GC(2946) Old sizing: calculated: 0B, actual: 2064B
[428.363s][debug][gc,ihop        ] GC(2946) Basic information (value update), threshold: 142501478B (45.00), target occupancy: 316669952B, current occupancy: 4165064B, recent allocation size: 0B, recent allocation duration: 147.30ms, recent old gen allocation rate: 0.00B/s, recent marking phase length: 0.00ms
[428.363s][debug][gc,ihop        ] GC(2946) Adaptive IHOP information (value update), threshold: 142501478B (47.37), internal target occupancy: 300836454B, occupancy: 4165064B, additional buffer size: 189792256B, predicted old gen allocation rate: 0.00B/s, predicted marking phase length: 0.00ms, prediction active: false
[428.363s][debug][gc,ergo,refine ] GC(2946) Concurrent refinement times: Logged Cards Scan time goal: 20.00ms Logged Cards Scan time: 0.00ms HCC time: 0.00ms
[428.363s][debug][gc,ergo,refine ] GC(2946) Updated Refinement Zones: green: 2048, yellow: 6144, red: 10240
[428.363s][info ][gc,phases      ] GC(2946)   Pre Evacuate Collection Set: 0.1ms
[428.363s][debug][gc,phases      ] GC(2946)     Prepare TLABs: 0.0ms
[428.363s][debug][gc,phases      ] GC(2946)     Choose Collection Set: 0.0ms
[428.363s][debug][gc,phases      ] GC(2946)     Region Register: 0.1ms
[428.363s][debug][gc,phases      ] GC(2946)     Prepare Heap Roots: 0.0ms
[428.363s][info ][gc,phases      ] GC(2946)   Merge Heap Roots: 0.1ms
[428.363s][debug][gc,phases      ] GC(2946)     Prepare Merge Heap Roots: 0.0ms
[428.363s][debug][gc,phases      ] GC(2946)     Eager Reclaim (ms):       skipped
[428.363s][debug][gc,phases      ] GC(2946)     Remembered Sets (ms):     Min:  0.0, Avg:  0.0, Max:  0.0, Diff:  0.0, Sum:  0.0, Workers: 8
[428.363s][debug][gc,phases      ] GC(2946)       Merged Sparse:            Min: 0, Avg:  0.0, Max: 0, Diff: 0, Sum: 0, Workers: 8
[428.363s][debug][gc,phases      ] GC(2946)       Merged Fine:              Min: 0, Avg:  0.0, Max: 0, Diff: 0, Sum: 0, Workers: 8
[428.364s][debug][gc,phases      ] GC(2946)       Merged Coarse:            Min: 0, Avg:  0.0, Max: 0, Diff: 0, Sum: 0, Workers: 8
[428.364s][debug][gc,phases      ] GC(2946)       Dirty Cards:              Min: 0, Avg:  0.0, Max: 0, Diff: 0, Sum: 0, Workers: 8
[428.364s][debug][gc,phases      ] GC(2946)     Hot Card Cache (ms):      Min:  0.0, Avg:  0.0, Max:  0.0, Diff:  0.0, Sum:  0.0, Workers: 8
[428.364s][debug][gc,phases      ] GC(2946)       Dirty Cards:              Min: 0, Avg:  0.0, Max: 0, Diff: 0, Sum: 0, Workers: 8
[428.364s][debug][gc,phases      ] GC(2946)       Skipped Cards:            Min: 0, Avg:  0.0, Max: 0, Diff: 0, Sum: 0, Workers: 8
[428.364s][debug][gc,phases      ] GC(2946)     Log Buffers (ms):         Min:  0.0, Avg:  0.0, Max:  0.0, Diff:  0.0, Sum:  0.0, Workers: 8
[428.364s][debug][gc,phases      ] GC(2946)       Dirty Cards:              Min: 0, Avg:  0.1, Max: 1, Diff: 1, Sum: 1, Workers: 8
[428.364s][debug][gc,phases      ] GC(2946)       Skipped Cards:            Min: 0, Avg:  0.0, Max: 0, Diff: 0, Sum: 0, Workers: 8
[428.364s][info ][gc,phases      ] GC(2946)   Evacuate Collection Set: 0.1ms
[428.364s][debug][gc,phases      ] GC(2946)     Ext Root Scanning (ms):   Min:  0.0, Avg:  0.0, Max:  0.1, Diff:  0.0, Sum:  0.2, Workers: 8
[428.364s][debug][gc,phases      ] GC(2946)     Scan Heap Roots (ms):     Min:  0.0, Avg:  0.0, Max:  0.0, Diff:  0.0, Sum:  0.0, Workers: 8
[428.364s][debug][gc,phases      ] GC(2946)       Scanned Cards:            Min: 0, Avg:  0.1, Max: 1, Diff: 1, Sum: 1, Workers: 8
[428.364s][debug][gc,phases      ] GC(2946)       Scanned Blocks:           Min: 0, Avg:  0.1, Max: 1, Diff: 1, Sum: 1, Workers: 8
[428.364s][debug][gc,phases      ] GC(2946)       Claimed Chunks:           Min: 0, Avg:  0.1, Max: 1, Diff: 1, Sum: 1, Workers: 8
[428.364s][debug][gc,phases      ] GC(2946)     Code Root Scan (ms):      Min:  0.0, Avg:  0.0, Max:  0.0, Diff:  0.0, Sum:  0.0, Workers: 8
[428.364s][debug][gc,phases      ] GC(2946)     Object Copy (ms):         Min:  0.0, Avg:  0.0, Max:  0.0, Diff:  0.0, Sum:  0.0, Workers: 8
[428.364s][debug][gc,phases      ] GC(2946)     Termination (ms):         Min:  0.0, Avg:  0.0, Max:  0.1, Diff:  0.0, Sum:  0.4, Workers: 8
[428.364s][debug][gc,phases      ] GC(2946)       Termination Attempts:     Min: 1, Avg:  1.0, Max: 1, Diff: 0, Sum: 8, Workers: 8
[428.364s][debug][gc,phases      ] GC(2946)     GC Worker Other (ms):     Min:  0.0, Avg:  0.0, Max:  0.0, Diff:  0.0, Sum:  0.1, Workers: 8
[428.364s][debug][gc,phases      ] GC(2946)     GC Worker Total (ms):     Min:  0.1, Avg:  0.1, Max:  0.1, Diff:  0.1, Sum:  0.8, Workers: 8
[428.364s][info ][gc,phases      ] GC(2946)   Post Evacuate Collection Set: 0.3ms
[428.364s][debug][gc,phases      ] GC(2946)     Code Roots Fixup: 0.0ms
[428.364s][debug][gc,phases      ] GC(2946)     Clear Card Table: 0.1ms
[428.364s][debug][gc,phases      ] GC(2946)     Reference Processing: 0.0ms
[428.364s][debug][gc,phases,ref  ] GC(2946)       Reconsider SoftReferences: 0.0ms
[428.364s][debug][gc,phases,ref  ] GC(2946)         SoftRef (ms):             skipped
[428.364s][debug][gc,phases,ref  ] GC(2946)       Notify Soft/WeakReferences: 0.0ms
[428.364s][debug][gc,phases,ref  ] GC(2946)         SoftRef (ms):             skipped
[428.364s][debug][gc,phases,ref  ] GC(2946)         WeakRef (ms):             skipped
[428.364s][debug][gc,phases,ref  ] GC(2946)         FinalRef (ms):            skipped
[428.364s][debug][gc,phases,ref  ] GC(2946)         Total (ms):               skipped
[428.364s][debug][gc,phases,ref  ] GC(2946)       Notify and keep alive finalizable: 0.0ms
[428.364s][debug][gc,phases,ref  ] GC(2946)         FinalRef (ms):            skipped
[428.364s][debug][gc,phases,ref  ] GC(2946)       Notify PhantomReferences: 0.0ms
[428.364s][debug][gc,phases,ref  ] GC(2946)         PhantomRef (ms):          skipped
[428.364s][debug][gc,phases,ref  ] GC(2946)       SoftReference:
[428.364s][debug][gc,phases,ref  ] GC(2946)         Discovered: 0
[428.364s][debug][gc,phases,ref  ] GC(2946)         Cleared: 0
[428.364s][debug][gc,phases,ref  ] GC(2946)       WeakReference:
[428.364s][debug][gc,phases,ref  ] GC(2946)         Discovered: 0
[428.364s][debug][gc,phases,ref  ] GC(2946)         Cleared: 0
[428.364s][debug][gc,phases,ref  ] GC(2946)       FinalReference:
[428.364s][debug][gc,phases,ref  ] GC(2946)         Discovered: 0
[428.364s][debug][gc,phases,ref  ] GC(2946)         Cleared: 0
[428.364s][debug][gc,phases,ref  ] GC(2946)       PhantomReference:
[428.364s][debug][gc,phases,ref  ] GC(2946)         Discovered: 0
[428.364s][debug][gc,phases,ref  ] GC(2946)         Cleared: 0
[428.364s][debug][gc,phases      ] GC(2946)     Weak Processing: 0.1ms
[428.364s][debug][gc,phases      ] GC(2946)       JVMTI weak processing: 0.0ms
[428.364s][debug][gc,phases      ] GC(2946)         Dead: 0
[428.364s][debug][gc,phases      ] GC(2946)         Total: 0
[428.364s][debug][gc,phases      ] GC(2946)       JFR weak processing: 0.0ms
[428.364s][debug][gc,phases      ] GC(2946)         Dead: 0
[428.364s][debug][gc,phases      ] GC(2946)         Total: 0
[428.364s][debug][gc,phases      ] GC(2946)       JNI weak                  Min:  0.0, Avg:  0.0, Max:  0.0, Diff:  0.0, Sum:  0.0, Workers: 5
[428.364s][debug][gc,phases      ] GC(2946)         Dead                      Min: 0, Avg:  0.0, Max: 0, Diff: 0, Sum: 0, Workers: 5
[428.364s][debug][gc,phases      ] GC(2946)         Total                     Min: 0, Avg: 13.6, Max: 52, Diff: 52, Sum: 68, Workers: 5
[428.364s][debug][gc,phases      ] GC(2946)       VM weak                   Min:  0.0, Avg:  0.0, Max:  0.0, Diff:  0.0, Sum:  0.0, Workers: 5
[428.364s][debug][gc,phases      ] GC(2946)         Dead                      Min: 0, Avg:  0.0, Max: 0, Diff: 0, Sum: 0, Workers: 5
[428.364s][debug][gc,phases      ] GC(2946)         Total                     Min: 0, Avg: 42.6, Max: 128, Diff: 128, Sum: 213, Workers: 5
[428.364s][debug][gc,phases      ] GC(2946)       StringTable weak          Min:  0.0, Avg:  0.0, Max:  0.0, Diff:  0.0, Sum:  0.1, Workers: 5
[428.364s][debug][gc,phases      ] GC(2946)         Dead                      Min: 0, Avg:  0.0, Max: 0, Diff: 0, Sum: 0, Workers: 5
[428.364s][debug][gc,phases      ] GC(2946)         Total                     Min: 0, Avg: 682.0, Max: 1727, Diff: 1727, Sum: 3410, Workers: 5
[428.364s][debug][gc,phases      ] GC(2946)       ResolvedMethodTable weak  Min:  0.0, Avg:  0.0, Max:  0.0, Diff:  0.0, Sum:  0.0, Workers: 5
[428.364s][debug][gc,phases      ] GC(2946)         Dead                      Min: 0, Avg:  0.0, Max: 0, Diff: 0, Sum: 0, Workers: 5
[428.364s][debug][gc,phases      ] GC(2946)         Total                     Min: 0, Avg: 114.8, Max: 318, Diff: 318, Sum: 574, Workers: 5
[428.364s][debug][gc,phases      ] GC(2946)     Merge Per-Thread State: 0.0ms
[428.364s][debug][gc,phases      ] GC(2946)       Copied Bytes              Min: 0, Avg: 55.0, Max: 176, Diff: 176, Sum: 440, Workers: 8
[428.364s][debug][gc,phases      ] GC(2946)       LAB Waste                 Min: 0, Avg:  0.0, Max: 0, Diff: 0, Sum: 0, Workers: 8
[428.364s][debug][gc,phases      ] GC(2946)       LAB Undo Waste            Min: 0, Avg:  0.0, Max: 0, Diff: 0, Sum: 0, Workers: 8
[428.364s][debug][gc,phases      ] GC(2946)     Code Roots Purge: 0.0ms
[428.364s][debug][gc,phases      ] GC(2946)     Redirty Cards: 0.0ms
[428.364s][debug][gc,phases      ] GC(2946)     DerivedPointerTable Update: 0.0ms
[428.364s][debug][gc,phases      ] GC(2946)     Free Collection Set: 0.1ms
[428.364s][debug][gc,phases      ] GC(2946)     Rebuild Free List: 0.0ms
[428.364s][debug][gc,phases      ] GC(2946)     Humongous Reclaim: 0.0ms
[428.364s][debug][gc,phases      ] GC(2946)     Start New Collection Set: 0.0ms
[428.364s][debug][gc,phases      ] GC(2946)     Resize TLABs: 0.0ms
[428.364s][debug][gc,phases      ] GC(2946)     Expand Heap After Collection: 0.0ms
[428.364s][info ][gc,phases      ] GC(2946)   Other: 0.3ms
[428.364s][info ][gc,heap        ] GC(2946) Eden regions: 180->0(180)
[428.364s][info ][gc,heap        ] GC(2946) Survivor regions: 1->1(23)
[428.364s][info ][gc,heap        ] GC(2946) Old regions: 7->7
[428.364s][info ][gc,heap        ] GC(2946) Archive regions: 2->2
[428.364s][info ][gc,heap        ] GC(2946) Humongous regions: 0->0
[428.364s][info ][gc,metaspace   ] GC(2946) Metaspace: 9905K(10624K)->9905K(10624K) NonClass: 8758K(9216K)->8758K(9216K) Class: 1146K(1408K)->1146K(1408K)
[428.364s][debug][gc,heap        ] GC(2946) Heap after GC invocations=2947 (full 1): garbage-first heap   total 309248K, used 4067K [0x0000000700000000, 0x0000000800000000)
[428.364s][debug][gc,heap        ] GC(2946)   region size 1024K, 1 young (1024K), 1 survivors (1024K)
[428.364s][debug][gc,heap        ] GC(2946)  Metaspace       used 9905K, capacity 10179K, committed 10624K, reserved 1058816K
[428.364s][debug][gc,heap        ] GC(2946)   class space    used 1146K, capacity 1267K, committed 1408K, reserved 1048576K
[428.364s][info ][gc             ] GC(2946) Pause Young (Normal) (G1 Evacuation Pause) 183M->3M(302M) 1.544ms
[428.364s][info ][gc,cpu         ] GC(2946) User=0.00s Sys=0.00s Real=0.01s
[428.364s][info ][safepoint      ] Safepoint "G1CollectForAllocation", Time since last: 146245835 ns, Reaching safepoint: 176454 ns, At safepoint: 1708609 ns, Total: 1885063 ns
[428.506s][debug][gc,heap        ] GC(2947) Heap before GC invocations=2947 (full 1): garbage-first heap   total 309248K, used 188387K [0x0000000700000000, 0x0000000800000000)
[428.506s][debug][gc,heap        ] GC(2947)   region size 1024K, 181 young (185344K), 1 survivors (1024K)
[428.506s][debug][gc,heap        ] GC(2947)  Metaspace       used 9905K, capacity 10179K, committed 10624K, reserved 1058816K
[428.506s][debug][gc,heap        ] GC(2947)   class space    used 1146K, capacity 1267K, committed 1408K, reserved 1048576K
[428.506s][info ][gc,start       ] GC(2947) Pause Young (Normal) (G1 Evacuation Pause)
[428.506s][info ][gc,task        ] GC(2947) Using 8 workers of 8 for evacuation
[428.506s][debug][gc,tlab        ] GC(2947) TLAB totals: thrds: 8  refills: 723 max: 102 slow allocs: 0 max 0 waste:  1.0% gc: 1500960B max: 365992B slow: 418568B max: 58960B fast: 0B max: 0B
[428.506s][debug][gc,age         ] GC(2947) Desired survivor size 12058624 bytes, new threshold 15 (max threshold 15)
[428.506s][debug][gc,alloc,region] GC(2947) Mutator Allocation stats, regions: 180, wasted size: 0B ( 0.0%)
[428.506s][debug][gc,ergo        ] GC(2947) Running G1 Merge Heap Roots using 8 workers for 181 regions
[428.507s][debug][gc,remset      ] GC(2947) Visited cards 256 Total dirty 2048 (12.50%) Total old 759808 (0.03%)
[428.507s][debug][gc,ergo        ] GC(2947) Running G1 Clear Card Table Task using 1 workers for 1 units of work for 182 regions.
[428.507s][debug][gc,ref         ] GC(2947) Skipped phase1 of Reference Processing due to unavailable references
[428.507s][debug][gc,ref         ] GC(2947) Skipped phase2 of Reference Processing due to unavailable references
[428.507s][debug][gc,ref         ] GC(2947) Skipped phase3 of Reference Processing due to unavailable references
[428.507s][debug][gc,ref         ] GC(2947) Skipped phase4 of Reference Processing due to unavailable references
[428.507s][debug][gc,ergo        ] GC(2947) Running G1 Free Collection Set using 8 workers for collection set length 181 (302)
[428.507s][debug][gc,ergo        ] GC(2947) Running G1 Rebuild Free List Task using 8 workers for rebuilding free list of 0 (4096) regions
[428.507s][trace][gc,age         ] GC(2947) Age table with threshold 15 (max threshold 15)
[428.507s][trace][gc,age         ] GC(2947) - age   1:        488 bytes,        488 total
[428.507s][debug][gc,plab        ] GC(2947) Young PLAB allocation: allocated: 16512B, wasted: 0B, unused: 16024B, used: 488B, undo waste: 0B, 
[428.507s][debug][gc,plab        ] GC(2947) Young other allocation: region end waste: 0B, regions filled: 1, direct allocated: 0B, failure used: 0B, failure wasted: 0B
[428.507s][debug][gc,plab        ] GC(2947) Young sizing: calculated: 96B, actual: 2064B
[428.507s][debug][gc,plab        ] GC(2947) Old PLAB allocation: allocated: 0B, wasted: 0B, unused: 0B, used: 0B, undo waste: 0B, 
[428.507s][debug][gc,plab        ] GC(2947) Old other allocation: region end waste: 0B, regions filled: 1, direct allocated: 0B, failure used: 0B, failure wasted: 0B
[428.507s][debug][gc,plab        ] GC(2947) Old sizing: calculated: 0B, actual: 2064B
[428.507s][debug][gc,ihop        ] GC(2947) Basic information (value update), threshold: 142501478B (45.00), target occupancy: 316669952B, current occupancy: 4171256B, recent allocation size: 0B, recent allocation duration: 142.92ms, recent old gen allocation rate: 0.00B/s, recent marking phase length: 0.00ms
[428.507s][debug][gc,ihop        ] GC(2947) Adaptive IHOP information (value update), threshold: 142501478B (47.37), internal target occupancy: 300836454B, occupancy: 4171256B, additional buffer size: 189792256B, predicted old gen allocation rate: 0.00B/s, predicted marking phase length: 0.00ms, prediction active: false
[428.507s][debug][gc,ergo,refine ] GC(2947) Concurrent refinement times: Logged Cards Scan time goal: 20.00ms Logged Cards Scan time: 0.00ms HCC time: 0.00ms
[428.507s][debug][gc,ergo,refine ] GC(2947) Updated Refinement Zones: green: 2048, yellow: 6144, red: 10240
[428.507s][info ][gc,phases      ] GC(2947)   Pre Evacuate Collection Set: 0.1ms
[428.507s][debug][gc,phases      ] GC(2947)     Prepare TLABs: 0.0ms
[428.507s][debug][gc,phases      ] GC(2947)     Choose Collection Set: 0.0ms
[428.507s][debug][gc,phases      ] GC(2947)     Region Register: 0.1ms
[428.507s][debug][gc,phases      ] GC(2947)     Prepare Heap Roots: 0.0ms
[428.507s][info ][gc,phases      ] GC(2947)   Merge Heap Roots: 0.1ms
[428.507s][debug][gc,phases      ] GC(2947)     Prepare Merge Heap Roots: 0.0ms
[428.507s][debug][gc,phases      ] GC(2947)     Eager Reclaim (ms):       skipped
[428.507s][debug][gc,phases      ] GC(2947)     Remembered Sets (ms):     Min:  0.0, Avg:  0.0, Max:  0.0, Diff:  0.0, Sum:  0.1, Workers: 8
[428.507s][debug][gc,phases      ] GC(2947)       Merged Sparse:            Min: 0, Avg:  0.0, Max: 0, Diff: 0, Sum: 0, Workers: 8
[428.507s][debug][gc,phases      ] GC(2947)       Merged Fine:              Min: 0, Avg:  0.0, Max: 0, Diff: 0, Sum: 0, Workers: 8
[428.507s][debug][gc,phases      ] GC(2947)       Merged Coarse:            Min: 0, Avg:  0.0, Max: 0, Diff: 0, Sum: 0, Workers: 8
[428.507s][debug][gc,phases      ] GC(2947)       Dirty Cards:              Min: 0, Avg:  0.0, Max: 0, Diff: 0, Sum: 0, Workers: 8
[428.507s][debug][gc,phases      ] GC(2947)     Hot Card Cache (ms):      Min:  0.0, Avg:  0.0, Max:  0.0, Diff:  0.0, Sum:  0.0, Workers: 8
[428.507s][debug][gc,phases      ] GC(2947)       Dirty Cards:              Min: 0, Avg:  0.0, Max: 0, Diff: 0, Sum: 0, Workers: 8
[428.507s][debug][gc,phases      ] GC(2947)       Skipped Cards:            Min: 0, Avg:  0.0, Max: 0, Diff: 0, Sum: 0, Workers: 8
[428.507s][debug][gc,phases      ] GC(2947)     Log Buffers (ms):         Min:  0.0, Avg:  0.0, Max:  0.0, Diff:  0.0, Sum:  0.0, Workers: 8
[428.507s][debug][gc,phases      ] GC(2947)       Dirty Cards:              Min: 0, Avg:  0.1, Max: 1, Diff: 1, Sum: 1, Workers: 8
[428.507s][debug][gc,phases      ] GC(2947)       Skipped Cards:            Min: 0, Avg:  0.0, Max: 0, Diff: 0, Sum: 0, Workers: 8
[428.507s][info ][gc,phases      ] GC(2947)   Evacuate Collection Set: 0.2ms
[428.507s][debug][gc,phases      ] GC(2947)     Ext Root Scanning (ms):   Min:  0.0, Avg:  0.0, Max:  0.1, Diff:  0.1, Sum:  0.2, Workers: 8
[428.507s][debug][gc,phases      ] GC(2947)     Scan Heap Roots (ms):     Min:  0.0, Avg:  0.0, Max:  0.0, Diff:  0.0, Sum:  0.0, Workers: 8
[428.507s][debug][gc,phases      ] GC(2947)       Scanned Cards:            Min: 0, Avg:  0.1, Max: 1, Diff: 1, Sum: 1, Workers: 8
[428.507s][debug][gc,phases      ] GC(2947)       Scanned Blocks:           Min: 0, Avg:  0.1, Max: 1, Diff: 1, Sum: 1, Workers: 8
[428.507s][debug][gc,phases      ] GC(2947)       Claimed Chunks:           Min: 0, Avg:  0.1, Max: 1, Diff: 1, Sum: 1, Workers: 8
[428.507s][debug][gc,phases      ] GC(2947)     Code Root Scan (ms):      Min:  0.0, Avg:  0.0, Max:  0.0, Diff:  0.0, Sum:  0.0, Workers: 8
[428.507s][debug][gc,phases      ] GC(2947)     Object Copy (ms):         Min:  0.0, Avg:  0.0, Max:  0.0, Diff:  0.0, Sum:  0.0, Workers: 8
[428.507s][debug][gc,phases      ] GC(2947)     Termination (ms):         Min:  0.1, Avg:  0.1, Max:  0.1, Diff:  0.0, Sum:  0.6, Workers: 8
[428.507s][debug][gc,phases      ] GC(2947)       Termination Attempts:     Min: 1, Avg:  1.0, Max: 1, Diff: 0, Sum: 8, Workers: 8
[428.507s][debug][gc,phases      ] GC(2947)     GC Worker Other (ms):     Min:  0.0, Avg:  0.0, Max:  0.0, Diff:  0.0, Sum:  0.1, Workers: 8
[428.507s][debug][gc,phases      ] GC(2947)     GC Worker Total (ms):     Min:  0.1, Avg:  0.1, Max:  0.2, Diff:  0.1, Sum:  0.9, Workers: 8
[428.507s][info ][gc,phases      ] GC(2947)   Post Evacuate Collection Set: 0.4ms
[428.507s][debug][gc,phases      ] GC(2947)     Code Roots Fixup: 0.0ms
[428.507s][debug][gc,phases      ] GC(2947)     Clear Card Table: 0.1ms
[428.507s][debug][gc,phases      ] GC(2947)     Reference Processing: 0.0ms
[428.507s][debug][gc,phases,ref  ] GC(2947)       Reconsider SoftReferences: 0.0ms
[428.507s][debug][gc,phases,ref  ] GC(2947)         SoftRef (ms):             skipped
[428.507s][debug][gc,phases,ref  ] GC(2947)       Notify Soft/WeakReferences: 0.0ms
[428.507s][debug][gc,phases,ref  ] GC(2947)         SoftRef (ms):             skipped
[428.507s][debug][gc,phases,ref  ] GC(2947)         WeakRef (ms):             skipped
[428.507s][debug][gc,phases,ref  ] GC(2947)         FinalRef (ms):            skipped
[428.507s][debug][gc,phases,ref  ] GC(2947)         Total (ms):               skipped
[428.507s][debug][gc,phases,ref  ] GC(2947)       Notify and keep alive finalizable: 0.0ms
[428.507s][debug][gc,phases,ref  ] GC(2947)         FinalRef (ms):            skipped
[428.507s][debug][gc,phases,ref  ] GC(2947)       Notify PhantomReferences: 0.0ms
[428.507s][debug][gc,phases,ref  ] GC(2947)         PhantomRef (ms):          skipped
[428.507s][debug][gc,phases,ref  ] GC(2947)       SoftReference:
[428.507s][debug][gc,phases,ref  ] GC(2947)         Discovered: 0
[428.507s][debug][gc,phases,ref  ] GC(2947)         Cleared: 0
[428.507s][debug][gc,phases,ref  ] GC(2947)       WeakReference:
[428.507s][debug][gc,phases,ref  ] GC(2947)         Discovered: 0
[428.507s][debug][gc,phases,ref  ] GC(2947)         Cleared: 0
[428.508s][debug][gc,phases,ref  ] GC(2947)       FinalReference:
[428.508s][debug][gc,phases,ref  ] GC(2947)         Discovered: 0
[428.508s][debug][gc,phases,ref  ] GC(2947)         Cleared: 0
[428.508s][debug][gc,phases,ref  ] GC(2947)       PhantomReference:
[428.508s][debug][gc,phases,ref  ] GC(2947)         Discovered: 0
[428.508s][debug][gc,phases,ref  ] GC(2947)         Cleared: 0
[428.508s][debug][gc,phases      ] GC(2947)     Weak Processing: 0.1ms
[428.508s][debug][gc,phases      ] GC(2947)       JVMTI weak processing: 0.0ms
[428.508s][debug][gc,phases      ] GC(2947)         Dead: 0
[428.508s][debug][gc,phases      ] GC(2947)         Total: 0
[428.508s][debug][gc,phases      ] GC(2947)       JFR weak processing: 0.0ms
[428.508s][debug][gc,phases      ] GC(2947)         Dead: 0
[428.508s][debug][gc,phases      ] GC(2947)         Total: 0
[428.508s][debug][gc,phases      ] GC(2947)       JNI weak                  Min:  0.0, Avg:  0.0, Max:  0.0, Diff:  0.0, Sum:  0.0, Workers: 5
[428.508s][debug][gc,phases      ] GC(2947)         Dead                      Min: 0, Avg:  0.0, Max: 0, Diff: 0, Sum: 0, Workers: 5
[428.508s][debug][gc,phases      ] GC(2947)         Total                     Min: 0, Avg: 13.6, Max: 68, Diff: 68, Sum: 68, Workers: 5
[428.508s][debug][gc,phases      ] GC(2947)       VM weak                   Min:  0.0, Avg:  0.0, Max:  0.0, Diff:  0.0, Sum:  0.0, Workers: 5
[428.508s][debug][gc,phases      ] GC(2947)         Dead                      Min: 0, Avg:  0.0, Max: 0, Diff: 0, Sum: 0, Workers: 5
[428.508s][debug][gc,phases      ] GC(2947)         Total                     Min: 0, Avg: 42.6, Max: 213, Diff: 213, Sum: 213, Workers: 5
[428.508s][debug][gc,phases      ] GC(2947)       StringTable weak          Min:  0.0, Avg:  0.0, Max:  0.0, Diff:  0.0, Sum:  0.0, Workers: 5
[428.508s][debug][gc,phases      ] GC(2947)         Dead                      Min: 0, Avg:  0.0, Max: 0, Diff: 0, Sum: 0, Workers: 5
[428.508s][debug][gc,phases      ] GC(2947)         Total                     Min: 0, Avg: 682.0, Max: 2642, Diff: 2642, Sum: 3410, Workers: 5
[428.508s][debug][gc,phases      ] GC(2947)       ResolvedMethodTable weak  Min:  0.0, Avg:  0.0, Max:  0.0, Diff:  0.0, Sum:  0.0, Workers: 5
[428.508s][debug][gc,phases      ] GC(2947)         Dead                      Min: 0, Avg:  0.0, Max: 0, Diff: 0, Sum: 0, Workers: 5
[428.508s][debug][gc,phases      ] GC(2947)         Total                     Min: 0, Avg: 114.8, Max: 256, Diff: 256, Sum: 574, Workers: 5
[428.508s][debug][gc,phases      ] GC(2947)     Merge Per-Thread State: 0.0ms
[428.508s][debug][gc,phases      ] GC(2947)       Copied Bytes              Min: 24, Avg: 61.0, Max: 176, Diff: 152, Sum: 488, Workers: 8
[428.508s][debug][gc,phases      ] GC(2947)       LAB Waste                 Min: 0, Avg:  0.0, Max: 0, Diff: 0, Sum: 0, Workers: 8
[428.508s][debug][gc,phases      ] GC(2947)       LAB Undo Waste            Min: 0, Avg:  0.0, Max: 0, Diff: 0, Sum: 0, Workers: 8
[428.508s][debug][gc,phases      ] GC(2947)     Code Roots Purge: 0.0ms
[428.508s][debug][gc,phases      ] GC(2947)     Redirty Cards: 0.0ms
[428.508s][debug][gc,phases      ] GC(2947)     DerivedPointerTable Update: 0.0ms
[428.508s][debug][gc,phases      ] GC(2947)     Free Collection Set: 0.1ms
[428.508s][debug][gc,phases      ] GC(2947)     Rebuild Free List: 0.1ms
[428.508s][debug][gc,phases      ] GC(2947)     Humongous Reclaim: 0.0ms
[428.508s][debug][gc,phases      ] GC(2947)     Start New Collection Set: 0.0ms
[428.508s][debug][gc,phases      ] GC(2947)     Resize TLABs: 0.0ms
[428.508s][debug][gc,phases      ] GC(2947)     Expand Heap After Collection: 0.0ms
[428.508s][info ][gc,phases      ] GC(2947)   Other: 0.3ms
[428.508s][info ][gc,heap        ] GC(2947) Eden regions: 180->0(180)
[428.508s][info ][gc,heap        ] GC(2947) Survivor regions: 1->1(23)
[428.508s][info ][gc,heap        ] GC(2947) Old regions: 7->7
[428.508s][info ][gc,heap        ] GC(2947) Archive regions: 2->2
[428.508s][info ][gc,heap        ] GC(2947) Humongous regions: 0->0
[428.508s][info ][gc,metaspace   ] GC(2947) Metaspace: 9905K(10624K)->9905K(10624K) NonClass: 8758K(9216K)->8758K(9216K) Class: 1146K(1408K)->1146K(1408K)
[428.508s][debug][gc,heap        ] GC(2947) Heap after GC invocations=2948 (full 1): garbage-first heap   total 309248K, used 4073K [0x0000000700000000, 0x0000000800000000)
[428.508s][debug][gc,heap        ] GC(2947)   region size 1024K, 1 young (1024K), 1 survivors (1024K)
[428.508s][debug][gc,heap        ] GC(2947)  Metaspace       used 9905K, capacity 10179K, committed 10624K, reserved 1058816K
[428.508s][debug][gc,heap        ] GC(2947)   class space    used 1146K, capacity 1267K, committed 1408K, reserved 1048576K
[428.508s][info ][gc             ] GC(2947) Pause Young (Normal) (G1 Evacuation Pause) 183M->3M(302M) 1.551ms
[428.508s][info ][gc,cpu         ] GC(2947) User=0.00s Sys=0.01s Real=0.00s
[428.508s][info ][safepoint      ] Safepoint "G1CollectForAllocation", Time since last: 141902587 ns, Reaching safepoint: 106027 ns, At safepoint: 1714534 ns, Total: 1820561 ns
[428.657s][debug][gc,heap        ] GC(2948) Heap before GC invocations=2948 (full 1): garbage-first heap   total 309248K, used 188393K [0x0000000700000000, 0x0000000800000000)
[428.657s][debug][gc,heap        ] GC(2948)   region size 1024K, 181 young (185344K), 1 survivors (1024K)
[428.657s][debug][gc,heap        ] GC(2948)  Metaspace       used 9905K, capacity 10179K, committed 10624K, reserved 1058816K
[428.657s][debug][gc,heap        ] GC(2948)   class space    used 1146K, capacity 1267K, committed 1408K, reserved 1048576K
[428.657s][info ][gc,start       ] GC(2948) Pause Young (Normal) (G1 Evacuation Pause)
[428.657s][info ][gc,task        ] GC(2948) Using 8 workers of 8 for evacuation
[428.657s][debug][gc,tlab        ] GC(2948) TLAB totals: thrds: 8  refills: 724 max: 95 slow allocs: 0 max 0 waste:  1.0% gc: 1404120B max: 308192B slow: 419032B max: 54720B fast: 0B max: 0B
[428.657s][debug][gc,age         ] GC(2948) Desired survivor size 12058624 bytes, new threshold 15 (max threshold 15)
[428.657s][debug][gc,alloc,region] GC(2948) Mutator Allocation stats, regions: 180, wasted size: 0B ( 0.0%)
[428.658s][debug][gc,ergo        ] GC(2948) Running G1 Merge Heap Roots using 8 workers for 181 regions
[428.658s][debug][gc,remset      ] GC(2948) Visited cards 256 Total dirty 2048 (12.50%) Total old 759808 (0.03%)
[428.658s][debug][gc,ergo        ] GC(2948) Running G1 Clear Card Table Task using 1 workers for 1 units of work for 182 regions.
[428.658s][debug][gc,ref         ] GC(2948) Skipped phase1 of Reference Processing due to unavailable references
[428.658s][debug][gc,ref         ] GC(2948) Skipped phase2 of Reference Processing due to unavailable references
[428.658s][debug][gc,ref         ] GC(2948) Skipped phase3 of Reference Processing due to unavailable references
[428.658s][debug][gc,ref         ] GC(2948) Skipped phase4 of Reference Processing due to unavailable references
[428.658s][debug][gc,ergo        ] GC(2948) Running G1 Free Collection Set using 8 workers for collection set length 181 (302)
[428.658s][debug][gc,ergo        ] GC(2948) Running G1 Rebuild Free List Task using 8 workers for rebuilding free list of 0 (4096) regions
[428.658s][trace][gc,age         ] GC(2948) Age table with threshold 15 (max threshold 15)
[428.658s][trace][gc,age         ] GC(2948) - age   1:        648 bytes,        648 total
[428.658s][debug][gc,plab        ] GC(2948) Young PLAB allocation: allocated: 16512B, wasted: 0B, unused: 15864B, used: 648B, undo waste: 0B, 
[428.658s][debug][gc,plab        ] GC(2948) Young other allocation: region end waste: 0B, regions filled: 1, direct allocated: 0B, failure used: 0B, failure wasted: 0B
[428.658s][debug][gc,plab        ] GC(2948) Young sizing: calculated: 128B, actual: 2064B
[428.658s][debug][gc,plab        ] GC(2948) Old PLAB allocation: allocated: 0B, wasted: 0B, unused: 0B, used: 0B, undo waste: 0B, 
[428.658s][debug][gc,plab        ] GC(2948) Old other allocation: region end waste: 0B, regions filled: 1, direct allocated: 0B, failure used: 0B, failure wasted: 0B
[428.658s][debug][gc,plab        ] GC(2948) Old sizing: calculated: 0B, actual: 2064B
[428.658s][debug][gc,ihop        ] GC(2948) Basic information (value update), threshold: 142501478B (45.00), target occupancy: 316669952B, current occupancy: 4171256B, recent allocation size: 0B, recent allocation duration: 150.29ms, recent old gen allocation rate: 0.00B/s, recent marking phase length: 0.00ms
[428.658s][debug][gc,ihop        ] GC(2948) Adaptive IHOP information (value update), threshold: 142501478B (47.37), internal target occupancy: 300836454B, occupancy: 4171256B, additional buffer size: 189792256B, predicted old gen allocation rate: 0.00B/s, predicted marking phase length: 0.00ms, prediction active: false
[428.658s][debug][gc,ergo,refine ] GC(2948) Concurrent refinement times: Logged Cards Scan time goal: 20.00ms Logged Cards Scan time: 0.00ms HCC time: 0.00ms
[428.658s][debug][gc,ergo,refine ] GC(2948) Updated Refinement Zones: green: 2048, yellow: 6144, red: 10240
[428.658s][info ][gc,phases      ] GC(2948)   Pre Evacuate Collection Set: 0.1ms
[428.658s][debug][gc,phases      ] GC(2948)     Prepare TLABs: 0.0ms
[428.658s][debug][gc,phases      ] GC(2948)     Choose Collection Set: 0.0ms
[428.658s][debug][gc,phases      ] GC(2948)     Region Register: 0.1ms
[428.658s][debug][gc,phases      ] GC(2948)     Prepare Heap Roots: 0.0ms
[428.658s][info ][gc,phases      ] GC(2948)   Merge Heap Roots: 0.1ms
[428.658s][debug][gc,phases      ] GC(2948)     Prepare Merge Heap Roots: 0.0ms
[428.658s][debug][gc,phases      ] GC(2948)     Eager Reclaim (ms):       skipped
[428.658s][debug][gc,phases      ] GC(2948)     Remembered Sets (ms):     Min:  0.0, Avg:  0.0, Max:  0.0, Diff:  0.0, Sum:  0.1, Workers: 8
[428.658s][debug][gc,phases      ] GC(2948)       Merged Sparse:            Min: 0, Avg:  0.0, Max: 0, Diff: 0, Sum: 0, Workers: 8
[428.658s][debug][gc,phases      ] GC(2948)       Merged Fine:              Min: 0, Avg:  0.0, Max: 0, Diff: 0, Sum: 0, Workers: 8
[428.658s][debug][gc,phases      ] GC(2948)       Merged Coarse:            Min: 0, Avg:  0.0, Max: 0, Diff: 0, Sum: 0, Workers: 8
[428.658s][debug][gc,phases      ] GC(2948)       Dirty Cards:              Min: 0, Avg:  0.0, Max: 0, Diff: 0, Sum: 0, Workers: 8
[428.658s][debug][gc,phases      ] GC(2948)     Hot Card Cache (ms):      Min:  0.0, Avg:  0.0, Max:  0.0, Diff:  0.0, Sum:  0.0, Workers: 8
[428.658s][debug][gc,phases      ] GC(2948)       Dirty Cards:              Min: 0, Avg:  0.0, Max: 0, Diff: 0, Sum: 0, Workers: 8
[428.658s][debug][gc,phases      ] GC(2948)       Skipped Cards:            Min: 0, Avg:  0.0, Max: 0, Diff: 0, Sum: 0, Workers: 8
[428.658s][debug][gc,phases      ] GC(2948)     Log Buffers (ms):         Min:  0.0, Avg:  0.0, Max:  0.0, Diff:  0.0, Sum:  0.0, Workers: 8
[428.658s][debug][gc,phases      ] GC(2948)       Dirty Cards:              Min: 0, Avg:  0.1, Max: 1, Diff: 1, Sum: 1, Workers: 8
[428.658s][debug][gc,phases      ] GC(2948)       Skipped Cards:            Min: 0, Avg:  0.0, Max: 0, Diff: 0, Sum: 0, Workers: 8
[428.658s][info ][gc,phases      ] GC(2948)   Evacuate Collection Set: 0.2ms
[428.658s][debug][gc,phases      ] GC(2948)     Ext Root Scanning (ms):   Min:  0.0, Avg:  0.0, Max:  0.1, Diff:  0.1, Sum:  0.3, Workers: 8
[428.658s][debug][gc,phases      ] GC(2948)     Scan Heap Roots (ms):     Min:  0.0, Avg:  0.0, Max:  0.0, Diff:  0.0, Sum:  0.0, Workers: 8
[428.658s][debug][gc,phases      ] GC(2948)       Scanned Cards:            Min: 0, Avg:  0.1, Max: 1, Diff: 1, Sum: 1, Workers: 8
[428.658s][debug][gc,phases      ] GC(2948)       Scanned Blocks:           Min: 0, Avg:  0.1, Max: 1, Diff: 1, Sum: 1, Workers: 8
[428.658s][debug][gc,phases      ] GC(2948)       Claimed Chunks:           Min: 0, Avg:  0.1, Max: 1, Diff: 1, Sum: 1, Workers: 8
[428.658s][debug][gc,phases      ] GC(2948)     Code Root Scan (ms):      Min:  0.0, Avg:  0.0, Max:  0.0, Diff:  0.0, Sum:  0.0, Workers: 8
[428.658s][debug][gc,phases      ] GC(2948)     Object Copy (ms):         Min:  0.0, Avg:  0.0, Max:  0.0, Diff:  0.0, Sum:  0.0, Workers: 8
[428.658s][debug][gc,phases      ] GC(2948)     Termination (ms):         Min:  0.0, Avg:  0.1, Max:  0.1, Diff:  0.0, Sum:  0.5, Workers: 8
[428.658s][debug][gc,phases      ] GC(2948)       Termination Attempts:     Min: 1, Avg:  1.0, Max: 1, Diff: 0, Sum: 8, Workers: 8
[428.658s][debug][gc,phases      ] GC(2948)     GC Worker Other (ms):     Min:  0.0, Avg:  0.0, Max:  0.0, Diff:  0.0, Sum:  0.1, Workers: 8
[428.658s][debug][gc,phases      ] GC(2948)     GC Worker Total (ms):     Min:  0.1, Avg:  0.1, Max:  0.1, Diff:  0.0, Sum:  1.0, Workers: 8
[428.658s][info ][gc,phases      ] GC(2948)   Post Evacuate Collection Set: 0.4ms
[428.658s][debug][gc,phases      ] GC(2948)     Code Roots Fixup: 0.0ms
[428.658s][debug][gc,phases      ] GC(2948)     Clear Card Table: 0.1ms
[428.658s][debug][gc,phases      ] GC(2948)     Reference Processing: 0.0ms
[428.658s][debug][gc,phases,ref  ] GC(2948)       Reconsider SoftReferences: 0.0ms
[428.658s][debug][gc,phases,ref  ] GC(2948)         SoftRef (ms):             skipped
[428.658s][debug][gc,phases,ref  ] GC(2948)       Notify Soft/WeakReferences: 0.0ms
[428.659s][debug][gc,phases,ref  ] GC(2948)         SoftRef (ms):             skipped
[428.659s][debug][gc,phases,ref  ] GC(2948)         WeakRef (ms):             skipped
[428.659s][debug][gc,phases,ref  ] GC(2948)         FinalRef (ms):            skipped
[428.659s][debug][gc,phases,ref  ] GC(2948)         Total (ms):               skipped
[428.659s][debug][gc,phases,ref  ] GC(2948)       Notify and keep alive finalizable: 0.0ms
[428.659s][debug][gc,phases,ref  ] GC(2948)         FinalRef (ms):            skipped
[428.659s][debug][gc,phases,ref  ] GC(2948)       Notify PhantomReferences: 0.0ms
[428.659s][debug][gc,phases,ref  ] GC(2948)         PhantomRef (ms):          skipped
[428.659s][debug][gc,phases,ref  ] GC(2948)       SoftReference:
[428.659s][debug][gc,phases,ref  ] GC(2948)         Discovered: 0
[428.659s][debug][gc,phases,ref  ] GC(2948)         Cleared: 0
[428.659s][debug][gc,phases,ref  ] GC(2948)       WeakReference:
[428.659s][debug][gc,phases,ref  ] GC(2948)         Discovered: 0
[428.659s][debug][gc,phases,ref  ] GC(2948)         Cleared: 0
[428.659s][debug][gc,phases,ref  ] GC(2948)       FinalReference:
[428.659s][debug][gc,phases,ref  ] GC(2948)         Discovered: 0
[428.659s][debug][gc,phases,ref  ] GC(2948)         Cleared: 0
[428.659s][debug][gc,phases,ref  ] GC(2948)       PhantomReference:
[428.659s][debug][gc,phases,ref  ] GC(2948)         Discovered: 0
[428.659s][debug][gc,phases,ref  ] GC(2948)         Cleared: 0
[428.659s][debug][gc,phases      ] GC(2948)     Weak Processing: 0.1ms
[428.659s][debug][gc,phases      ] GC(2948)       JVMTI weak processing: 0.0ms
[428.659s][debug][gc,phases      ] GC(2948)         Dead: 0
[428.659s][debug][gc,phases      ] GC(2948)         Total: 0
[428.659s][debug][gc,phases      ] GC(2948)       JFR weak processing: 0.0ms
[428.659s][debug][gc,phases      ] GC(2948)         Dead: 0
[428.659s][debug][gc,phases      ] GC(2948)         Total: 0
[428.659s][debug][gc,phases      ] GC(2948)       JNI weak                  Min:  0.0, Avg:  0.0, Max:  0.0, Diff:  0.0, Sum:  0.0, Workers: 5
[428.659s][debug][gc,phases      ] GC(2948)         Dead                      Min: 0, Avg:  0.0, Max: 0, Diff: 0, Sum: 0, Workers: 5
[428.659s][debug][gc,phases      ] GC(2948)         Total                     Min: 0, Avg: 13.6, Max: 52, Diff: 52, Sum: 68, Workers: 5
[428.659s][debug][gc,phases      ] GC(2948)       VM weak                   Min:  0.0, Avg:  0.0, Max:  0.0, Diff:  0.0, Sum:  0.0, Workers: 5
[428.659s][debug][gc,phases      ] GC(2948)         Dead                      Min: 0, Avg:  0.0, Max: 0, Diff: 0, Sum: 0, Workers: 5
[428.659s][debug][gc,phases      ] GC(2948)         Total                     Min: 0, Avg: 42.6, Max: 128, Diff: 128, Sum: 213, Workers: 5
[428.659s][debug][gc,phases      ] GC(2948)       StringTable weak          Min:  0.0, Avg:  0.0, Max:  0.0, Diff:  0.0, Sum:  0.1, Workers: 5
[428.659s][debug][gc,phases      ] GC(2948)         Dead                      Min: 0, Avg:  0.0, Max: 0, Diff: 0, Sum: 0, Workers: 5
[428.659s][debug][gc,phases      ] GC(2948)         Total                     Min: 128, Avg: 682.0, Max: 959, Diff: 831, Sum: 3410, Workers: 5
[428.659s][debug][gc,phases      ] GC(2948)       ResolvedMethodTable weak  Min:  0.0, Avg:  0.0, Max:  0.0, Diff:  0.0, Sum:  0.0, Workers: 5
[428.659s][debug][gc,phases      ] GC(2948)         Dead                      Min: 0, Avg:  0.0, Max: 0, Diff: 0, Sum: 0, Workers: 5
[428.659s][debug][gc,phases      ] GC(2948)         Total                     Min: 0, Avg: 114.8, Max: 190, Diff: 190, Sum: 574, Workers: 5
[428.659s][debug][gc,phases      ] GC(2948)     Merge Per-Thread State: 0.0ms
[428.659s][debug][gc,phases      ] GC(2948)       Copied Bytes              Min: 24, Avg: 81.0, Max: 176, Diff: 152, Sum: 648, Workers: 8
[428.659s][debug][gc,phases      ] GC(2948)       LAB Waste                 Min: 0, Avg:  0.0, Max: 0, Diff: 0, Sum: 0, Workers: 8
[428.659s][debug][gc,phases      ] GC(2948)       LAB Undo Waste            Min: 0, Avg:  0.0, Max: 0, Diff: 0, Sum: 0, Workers: 8
[428.659s][debug][gc,phases      ] GC(2948)     Code Roots Purge: 0.0ms
[428.659s][debug][gc,phases      ] GC(2948)     Redirty Cards: 0.0ms
[428.659s][debug][gc,phases      ] GC(2948)     DerivedPointerTable Update: 0.0ms
[428.659s][debug][gc,phases      ] GC(2948)     Free Collection Set: 0.1ms
[428.659s][debug][gc,phases      ] GC(2948)     Rebuild Free List: 0.1ms
[428.659s][debug][gc,phases      ] GC(2948)     Humongous Reclaim: 0.0ms
[428.659s][debug][gc,phases      ] GC(2948)     Start New Collection Set: 0.0ms
[428.659s][debug][gc,phases      ] GC(2948)     Resize TLABs: 0.0ms
[428.659s][debug][gc,phases      ] GC(2948)     Expand Heap After Collection: 0.0ms
[428.659s][info ][gc,phases      ] GC(2948)   Other: 0.3ms
[428.659s][info ][gc,heap        ] GC(2948) Eden regions: 180->0(180)
[428.659s][info ][gc,heap        ] GC(2948) Survivor regions: 1->1(23)
[428.659s][info ][gc,heap        ] GC(2948) Old regions: 7->7
[428.659s][info ][gc,heap        ] GC(2948) Archive regions: 2->2
[428.659s][info ][gc,heap        ] GC(2948) Humongous regions: 0->0
[428.659s][info ][gc,metaspace   ] GC(2948) Metaspace: 9905K(10624K)->9905K(10624K) NonClass: 8758K(9216K)->8758K(9216K) Class: 1146K(1408K)->1146K(1408K)
[428.659s][debug][gc,heap        ] GC(2948) Heap after GC invocations=2949 (full 1): garbage-first heap   total 309248K, used 4073K [0x0000000700000000, 0x0000000800000000)
[428.659s][debug][gc,heap        ] GC(2948)   region size 1024K, 1 young (1024K), 1 survivors (1024K)
[428.659s][debug][gc,heap        ] GC(2948)  Metaspace       used 9905K, capacity 10179K, committed 10624K, reserved 1058816K
[428.659s][debug][gc,heap        ] GC(2948)   class space    used 1146K, capacity 1267K, committed 1408K, reserved 1048576K
[428.659s][info ][gc             ] GC(2948) Pause Young (Normal) (G1 Evacuation Pause) 183M->3M(302M) 1.600ms
[428.659s][info ][gc,cpu         ] GC(2948) User=0.01s Sys=0.01s Real=0.00s
[428.659s][info ][safepoint      ] Safepoint "G1CollectForAllocation", Time since last: 149273826 ns, Reaching safepoint: 118076 ns, At safepoint: 1746528 ns, Total: 1864604 ns
[428.807s][debug][gc,heap        ] GC(2949) Heap before GC invocations=2949 (full 1): garbage-first heap   total 309248K, used 188393K [0x0000000700000000, 0x0000000800000000)
[428.807s][debug][gc,heap        ] GC(2949)   region size 1024K, 181 young (185344K), 1 survivors (1024K)
[428.807s][debug][gc,heap        ] GC(2949)  Metaspace       used 9905K, capacity 10179K, committed 10624K, reserved 1058816K
[428.807s][debug][gc,heap        ] GC(2949)   class space    used 1146K, capacity 1267K, committed 1408K, reserved 1048576K
[428.807s][info ][gc,start       ] GC(2949) Pause Young (Normal) (G1 Evacuation Pause)
[428.807s][info ][gc,task        ] GC(2949) Using 8 workers of 8 for evacuation
[428.807s][debug][gc,tlab        ] GC(2949) TLAB totals: thrds: 8  refills: 723 max: 101 slow allocs: 0 max 0 waste:  0.8% gc: 1068592B max: 353688B slow: 417632B max: 58752B fast: 0B max: 0B
[428.807s][debug][gc,age         ] GC(2949) Desired survivor size 12058624 bytes, new threshold 15 (max threshold 15)
[428.807s][debug][gc,alloc,region] GC(2949) Mutator Allocation stats, regions: 180, wasted size: 0B ( 0.0%)
[428.808s][debug][gc,ergo        ] GC(2949) Running G1 Merge Heap Roots using 8 workers for 181 regions
[428.808s][debug][gc,remset      ] GC(2949) Visited cards 256 Total dirty 2048 (12.50%) Total old 759808 (0.03%)
[428.808s][debug][gc,ergo        ] GC(2949) Running G1 Clear Card Table Task using 1 workers for 1 units of work for 182 regions.
[428.808s][debug][gc,ref         ] GC(2949) Skipped phase1 of Reference Processing due to unavailable references
[428.808s][debug][gc,ref         ] GC(2949) Skipped phase2 of Reference Processing due to unavailable references
[428.808s][debug][gc,ref         ] GC(2949) Skipped phase3 of Reference Processing due to unavailable references
[428.808s][debug][gc,ref         ] GC(2949) Skipped phase4 of Reference Processing due to unavailable references
[428.808s][debug][gc,ergo        ] GC(2949) Running G1 Free Collection Set using 8 workers for collection set length 181 (302)
[428.808s][debug][gc,ergo        ] GC(2949) Running G1 Rebuild Free List Task using 8 workers for rebuilding free list of 0 (4096) regions
[428.808s][trace][gc,age         ] GC(2949) Age table with threshold 15 (max threshold 15)
[428.808s][trace][gc,age         ] GC(2949) - age   1:        536 bytes,        536 total
[428.808s][debug][gc,plab        ] GC(2949) Young PLAB allocation: allocated: 10320B, wasted: 0B, unused: 9784B, used: 536B, undo waste: 0B, 
[428.808s][debug][gc,plab        ] GC(2949) Young other allocation: region end waste: 0B, regions filled: 1, direct allocated: 0B, failure used: 0B, failure wasted: 0B
[428.808s][debug][gc,plab        ] GC(2949) Young sizing: calculated: 104B, actual: 2064B
[428.808s][debug][gc,plab        ] GC(2949) Old PLAB allocation: allocated: 0B, wasted: 0B, unused: 0B, used: 0B, undo waste: 0B, 
[428.808s][debug][gc,plab        ] GC(2949) Old other allocation: region end waste: 0B, regions filled: 1, direct allocated: 0B, failure used: 0B, failure wasted: 0B
[428.808s][debug][gc,plab        ] GC(2949) Old sizing: calculated: 0B, actual: 2064B
[428.808s][debug][gc,ihop        ] GC(2949) Basic information (value update), threshold: 142501478B (45.00), target occupancy: 316669952B, current occupancy: 4165064B, recent allocation size: 0B, recent allocation duration: 149.24ms, recent old gen allocation rate: 0.00B/s, recent marking phase length: 0.00ms
[428.808s][debug][gc,ihop        ] GC(2949) Adaptive IHOP information (value update), threshold: 142501478B (47.37), internal target occupancy: 300836454B, occupancy: 4165064B, additional buffer size: 189792256B, predicted old gen allocation rate: 0.00B/s, predicted marking phase length: 0.00ms, prediction active: false
[428.808s][debug][gc,ergo,refine ] GC(2949) Concurrent refinement times: Logged Cards Scan time goal: 20.00ms Logged Cards Scan time: 0.00ms HCC time: 0.00ms
[428.808s][debug][gc,ergo,refine ] GC(2949) Updated Refinement Zones: green: 2048, yellow: 6144, red: 10240
[428.808s][info ][gc,phases      ] GC(2949)   Pre Evacuate Collection Set: 0.1ms
[428.808s][debug][gc,phases      ] GC(2949)     Prepare TLABs: 0.0ms
[428.808s][debug][gc,phases      ] GC(2949)     Choose Collection Set: 0.0ms
[428.808s][debug][gc,phases      ] GC(2949)     Region Register: 0.1ms
[428.808s][debug][gc,phases      ] GC(2949)     Prepare Heap Roots: 0.0ms
[428.808s][info ][gc,phases      ] GC(2949)   Merge Heap Roots: 0.1ms
[428.808s][debug][gc,phases      ] GC(2949)     Prepare Merge Heap Roots: 0.0ms
[428.808s][debug][gc,phases      ] GC(2949)     Eager Reclaim (ms):       skipped
[428.808s][debug][gc,phases      ] GC(2949)     Remembered Sets (ms):     Min:  0.0, Avg:  0.0, Max:  0.0, Diff:  0.0, Sum:  0.1, Workers: 8
[428.808s][debug][gc,phases      ] GC(2949)       Merged Sparse:            Min: 0, Avg:  0.0, Max: 0, Diff: 0, Sum: 0, Workers: 8
[428.808s][debug][gc,phases      ] GC(2949)       Merged Fine:              Min: 0, Avg:  0.0, Max: 0, Diff: 0, Sum: 0, Workers: 8
[428.808s][debug][gc,phases      ] GC(2949)       Merged Coarse:            Min: 0, Avg:  0.0, Max: 0, Diff: 0, Sum: 0, Workers: 8
[428.808s][debug][gc,phases      ] GC(2949)       Dirty Cards:              Min: 0, Avg:  0.0, Max: 0, Diff: 0, Sum: 0, Workers: 8
[428.808s][debug][gc,phases      ] GC(2949)     Hot Card Cache (ms):      Min:  0.0, Avg:  0.0, Max:  0.0, Diff:  0.0, Sum:  0.0, Workers: 8
[428.808s][debug][gc,phases      ] GC(2949)       Dirty Cards:              Min: 0, Avg:  0.0, Max: 0, Diff: 0, Sum: 0, Workers: 8
[428.808s][debug][gc,phases      ] GC(2949)       Skipped Cards:            Min: 0, Avg:  0.0, Max: 0, Diff: 0, Sum: 0, Workers: 8
[428.808s][debug][gc,phases      ] GC(2949)     Log Buffers (ms):         Min:  0.0, Avg:  0.0, Max:  0.0, Diff:  0.0, Sum:  0.0, Workers: 8
[428.808s][debug][gc,phases      ] GC(2949)       Dirty Cards:              Min: 0, Avg:  0.1, Max: 1, Diff: 1, Sum: 1, Workers: 8
[428.808s][debug][gc,phases      ] GC(2949)       Skipped Cards:            Min: 0, Avg:  0.0, Max: 0, Diff: 0, Sum: 0, Workers: 8
[428.808s][info ][gc,phases      ] GC(2949)   Evacuate Collection Set: 0.1ms
[428.808s][debug][gc,phases      ] GC(2949)     Ext Root Scanning (ms):   Min:  0.0, Avg:  0.0, Max:  0.0, Diff:  0.0, Sum:  0.2, Workers: 8
[428.808s][debug][gc,phases      ] GC(2949)     Scan Heap Roots (ms):     Min:  0.0, Avg:  0.0, Max:  0.0, Diff:  0.0, Sum:  0.0, Workers: 8
[428.808s][debug][gc,phases      ] GC(2949)       Scanned Cards:            Min: 0, Avg:  0.1, Max: 1, Diff: 1, Sum: 1, Workers: 8
[428.808s][debug][gc,phases      ] GC(2949)       Scanned Blocks:           Min: 0, Avg:  0.1, Max: 1, Diff: 1, Sum: 1, Workers: 8
[428.808s][debug][gc,phases      ] GC(2949)       Claimed Chunks:           Min: 0, Avg:  0.1, Max: 1, Diff: 1, Sum: 1, Workers: 8
[428.808s][debug][gc,phases      ] GC(2949)     Code Root Scan (ms):      Min:  0.0, Avg:  0.0, Max:  0.0, Diff:  0.0, Sum:  0.0, Workers: 8
[428.808s][debug][gc,phases      ] GC(2949)     Object Copy (ms):         Min:  0.0, Avg:  0.0, Max:  0.0, Diff:  0.0, Sum:  0.0, Workers: 8
[428.808s][debug][gc,phases      ] GC(2949)     Termination (ms):         Min:  0.0, Avg:  0.0, Max:  0.1, Diff:  0.0, Sum:  0.4, Workers: 8
[428.808s][debug][gc,phases      ] GC(2949)       Termination Attempts:     Min: 1, Avg:  1.0, Max: 1, Diff: 0, Sum: 8, Workers: 8
[428.808s][debug][gc,phases      ] GC(2949)     GC Worker Other (ms):     Min:  0.0, Avg:  0.0, Max:  0.0, Diff:  0.0, Sum:  0.2, Workers: 8
[428.808s][debug][gc,phases      ] GC(2949)     GC Worker Total (ms):     Min:  0.1, Avg:  0.1, Max:  0.1, Diff:  0.0, Sum:  0.8, Workers: 8
[428.808s][info ][gc,phases      ] GC(2949)   Post Evacuate Collection Set: 0.3ms
[428.808s][debug][gc,phases      ] GC(2949)     Code Roots Fixup: 0.0ms
[428.808s][debug][gc,phases      ] GC(2949)     Clear Card Table: 0.1ms
[428.808s][debug][gc,phases      ] GC(2949)     Reference Processing: 0.0ms
[428.808s][debug][gc,phases,ref  ] GC(2949)       Reconsider SoftReferences: 0.0ms
[428.808s][debug][gc,phases,ref  ] GC(2949)         SoftRef (ms):             skipped
[428.808s][debug][gc,phases,ref  ] GC(2949)       Notify Soft/WeakReferences: 0.0ms
[428.808s][debug][gc,phases,ref  ] GC(2949)         SoftRef (ms):             skipped
[428.808s][debug][gc,phases,ref  ] GC(2949)         WeakRef (ms):             skipped
[428.808s][debug][gc,phases,ref  ] GC(2949)         FinalRef (ms):            skipped
[428.808s][debug][gc,phases,ref  ] GC(2949)         Total (ms):               skipped
[428.809s][debug][gc,phases,ref  ] GC(2949)       Notify and keep alive finalizable: 0.0ms
[428.809s][debug][gc,phases,ref  ] GC(2949)         FinalRef (ms):            skipped
[428.809s][debug][gc,phases,ref  ] GC(2949)       Notify PhantomReferences: 0.0ms
[428.809s][debug][gc,phases,ref  ] GC(2949)         PhantomRef (ms):          skipped
[428.809s][debug][gc,phases,ref  ] GC(2949)       SoftReference:
[428.809s][debug][gc,phases,ref  ] GC(2949)         Discovered: 0
[428.809s][debug][gc,phases,ref  ] GC(2949)         Cleared: 0
[428.809s][debug][gc,phases,ref  ] GC(2949)       WeakReference:
[428.809s][debug][gc,phases,ref  ] GC(2949)         Discovered: 0
[428.809s][debug][gc,phases,ref  ] GC(2949)         Cleared: 0
[428.809s][debug][gc,phases,ref  ] GC(2949)       FinalReference:
[428.809s][debug][gc,phases,ref  ] GC(2949)         Discovered: 0
[428.809s][debug][gc,phases,ref  ] GC(2949)         Cleared: 0
[428.809s][debug][gc,phases,ref  ] GC(2949)       PhantomReference:
[428.809s][debug][gc,phases,ref  ] GC(2949)         Discovered: 0
[428.809s][debug][gc,phases,ref  ] GC(2949)         Cleared: 0
[428.809s][debug][gc,phases      ] GC(2949)     Weak Processing: 0.0ms
[428.809s][debug][gc,phases      ] GC(2949)       JVMTI weak processing: 0.0ms
[428.809s][debug][gc,phases      ] GC(2949)         Dead: 0
[428.809s][debug][gc,phases      ] GC(2949)         Total: 0
[428.809s][debug][gc,phases      ] GC(2949)       JFR weak processing: 0.0ms
[428.809s][debug][gc,phases      ] GC(2949)         Dead: 0
[428.809s][debug][gc,phases      ] GC(2949)         Total: 0
[428.809s][debug][gc,phases      ] GC(2949)       JNI weak                  Min:  0.0, Avg:  0.0, Max:  0.0, Diff:  0.0, Sum:  0.0, Workers: 5
[428.809s][debug][gc,phases      ] GC(2949)         Dead                      Min: 0, Avg:  0.0, Max: 0, Diff: 0, Sum: 0, Workers: 5
[428.809s][debug][gc,phases      ] GC(2949)         Total                     Min: 0, Avg: 13.6, Max: 52, Diff: 52, Sum: 68, Workers: 5
[428.809s][debug][gc,phases      ] GC(2949)       VM weak                   Min:  0.0, Avg:  0.0, Max:  0.0, Diff:  0.0, Sum:  0.0, Workers: 5
[428.809s][debug][gc,phases      ] GC(2949)         Dead                      Min: 0, Avg:  0.0, Max: 0, Diff: 0, Sum: 0, Workers: 5
[428.809s][debug][gc,phases      ] GC(2949)         Total                     Min: 0, Avg: 42.6, Max: 64, Diff: 64, Sum: 213, Workers: 5
[428.809s][debug][gc,phases      ] GC(2949)       StringTable weak          Min:  0.0, Avg:  0.0, Max:  0.0, Diff:  0.0, Sum:  0.1, Workers: 5
[428.809s][debug][gc,phases      ] GC(2949)         Dead                      Min: 0, Avg:  0.0, Max: 0, Diff: 0, Sum: 0, Workers: 5
[428.809s][debug][gc,phases      ] GC(2949)         Total                     Min: 0, Avg: 682.0, Max: 896, Diff: 896, Sum: 3410, Workers: 5
[428.809s][debug][gc,phases      ] GC(2949)       ResolvedMethodTable weak  Min:  0.0, Avg:  0.0, Max:  0.0, Diff:  0.0, Sum:  0.0, Workers: 5
[428.809s][debug][gc,phases      ] GC(2949)         Dead                      Min: 0, Avg:  0.0, Max: 0, Diff: 0, Sum: 0, Workers: 5
[428.809s][debug][gc,phases      ] GC(2949)         Total                     Min: 0, Avg: 114.8, Max: 190, Diff: 190, Sum: 574, Workers: 5
[428.809s][debug][gc,phases      ] GC(2949)     Merge Per-Thread State: 0.0ms
[428.809s][debug][gc,phases      ] GC(2949)       Copied Bytes              Min: 0, Avg: 67.0, Max: 192, Diff: 192, Sum: 536, Workers: 8
[428.809s][debug][gc,phases      ] GC(2949)       LAB Waste                 Min: 0, Avg:  0.0, Max: 0, Diff: 0, Sum: 0, Workers: 8
[428.809s][debug][gc,phases      ] GC(2949)       LAB Undo Waste            Min: 0, Avg:  0.0, Max: 0, Diff: 0, Sum: 0, Workers: 8
[428.809s][debug][gc,phases      ] GC(2949)     Code Roots Purge: 0.0ms
[428.809s][debug][gc,phases      ] GC(2949)     Redirty Cards: 0.0ms
[428.809s][debug][gc,phases      ] GC(2949)     DerivedPointerTable Update: 0.0ms
[428.809s][debug][gc,phases      ] GC(2949)     Free Collection Set: 0.1ms
[428.809s][debug][gc,phases      ] GC(2949)     Rebuild Free List: 0.0ms
[428.809s][debug][gc,phases      ] GC(2949)     Humongous Reclaim: 0.0ms
[428.809s][debug][gc,phases      ] GC(2949)     Start New Collection Set: 0.0ms
[428.809s][debug][gc,phases      ] GC(2949)     Resize TLABs: 0.0ms
[428.809s][debug][gc,phases      ] GC(2949)     Expand Heap After Collection: 0.0ms
[428.809s][info ][gc,phases      ] GC(2949)   Other: 0.2ms
[428.809s][info ][gc,heap        ] GC(2949) Eden regions: 180->0(180)
[428.809s][info ][gc,heap        ] GC(2949) Survivor regions: 1->1(23)
[428.809s][info ][gc,heap        ] GC(2949) Old regions: 7->7
[428.809s][info ][gc,heap        ] GC(2949) Archive regions: 2->2
[428.809s][info ][gc,heap        ] GC(2949) Humongous regions: 0->0
[428.809s][info ][gc,metaspace   ] GC(2949) Metaspace: 9905K(10624K)->9905K(10624K) NonClass: 8758K(9216K)->8758K(9216K) Class: 1146K(1408K)->1146K(1408K)
[428.809s][debug][gc,heap        ] GC(2949) Heap after GC invocations=2950 (full 1): garbage-first heap   total 309248K, used 4067K [0x0000000700000000, 0x0000000800000000)
[428.809s][debug][gc,heap        ] GC(2949)   region size 1024K, 1 young (1024K), 1 survivors (1024K)
[428.809s][debug][gc,heap        ] GC(2949)  Metaspace       used 9905K, capacity 10179K, committed 10624K, reserved 1058816K
[428.809s][debug][gc,heap        ] GC(2949)   class space    used 1146K, capacity 1267K, committed 1408K, reserved 1048576K
[428.809s][info ][gc             ] GC(2949) Pause Young (Normal) (G1 Evacuation Pause) 183M->3M(302M) 1.461ms
[428.809s][info ][gc,cpu         ] GC(2949) User=0.01s Sys=0.00s Real=0.00s
[428.809s][info ][safepoint      ] Safepoint "G1CollectForAllocation", Time since last: 148126978 ns, Reaching safepoint: 169940 ns, At safepoint: 1622774 ns, Total: 1792714 ns
[428.959s][debug][gc,heap        ] GC(2950) Heap before GC invocations=2950 (full 1): garbage-first heap   total 309248K, used 188387K [0x0000000700000000, 0x0000000800000000)
[428.959s][debug][gc,heap        ] GC(2950)   region size 1024K, 181 young (185344K), 1 survivors (1024K)
[428.959s][debug][gc,heap        ] GC(2950)  Metaspace       used 9905K, capacity 10179K, committed 10624K, reserved 1058816K
[428.959s][debug][gc,heap        ] GC(2950)   class space    used 1146K, capacity 1267K, committed 1408K, reserved 1048576K
[428.959s][info ][gc,start       ] GC(2950) Pause Young (Normal) (G1 Evacuation Pause)
[428.959s][info ][gc,task        ] GC(2950) Using 8 workers of 8 for evacuation
[428.959s][debug][gc,tlab        ] GC(2950) TLAB totals: thrds: 8  refills: 722 max: 97 slow allocs: 0 max 0 waste:  0.9% gc: 1275520B max: 371984B slow: 417504B max: 55968B fast: 0B max: 0B
[428.959s][debug][gc,age         ] GC(2950) Desired survivor size 12058624 bytes, new threshold 15 (max threshold 15)
[428.959s][debug][gc,alloc,region] GC(2950) Mutator Allocation stats, regions: 180, wasted size: 0B ( 0.0%)
[428.960s][debug][gc,ergo        ] GC(2950) Running G1 Merge Heap Roots using 8 workers for 181 regions
[428.960s][debug][gc,remset      ] GC(2950) Visited cards 256 Total dirty 2048 (12.50%) Total old 759808 (0.03%)
[428.960s][debug][gc,ergo        ] GC(2950) Running G1 Clear Card Table Task using 1 workers for 1 units of work for 182 regions.
[428.960s][debug][gc,ref         ] GC(2950) Skipped phase1 of Reference Processing due to unavailable references
[428.960s][debug][gc,ref         ] GC(2950) Skipped phase2 of Reference Processing due to unavailable references
[428.960s][debug][gc,ref         ] GC(2950) Skipped phase3 of Reference Processing due to unavailable references
[428.960s][debug][gc,ref         ] GC(2950) Skipped phase4 of Reference Processing due to unavailable references
[428.960s][debug][gc,ergo        ] GC(2950) Running G1 Free Collection Set using 8 workers for collection set length 181 (302)
[428.960s][debug][gc,ergo        ] GC(2950) Running G1 Rebuild Free List Task using 8 workers for rebuilding free list of 0 (4096) regions
[428.960s][trace][gc,age         ] GC(2950) Age table with threshold 15 (max threshold 15)
[428.960s][trace][gc,age         ] GC(2950) - age   1:        568 bytes,        568 total
[428.960s][debug][gc,plab        ] GC(2950) Young PLAB allocation: allocated: 10320B, wasted: 0B, unused: 9752B, used: 568B, undo waste: 0B, 
[428.960s][debug][gc,plab        ] GC(2950) Young other allocation: region end waste: 0B, regions filled: 1, direct allocated: 0B, failure used: 0B, failure wasted: 0B
[428.960s][debug][gc,plab        ] GC(2950) Young sizing: calculated: 112B, actual: 2064B
[428.960s][debug][gc,plab        ] GC(2950) Old PLAB allocation: allocated: 0B, wasted: 0B, unused: 0B, used: 0B, undo waste: 0B, 
[428.960s][debug][gc,plab        ] GC(2950) Old other allocation: region end waste: 0B, regions filled: 1, direct allocated: 0B, failure used: 0B, failure wasted: 0B
[428.960s][debug][gc,plab        ] GC(2950) Old sizing: calculated: 0B, actual: 2064B
[428.960s][debug][gc,ihop        ] GC(2950) Basic information (value update), threshold: 142501478B (45.00), target occupancy: 316669952B, current occupancy: 4165064B, recent allocation size: 0B, recent allocation duration: 151.26ms, recent old gen allocation rate: 0.00B/s, recent marking phase length: 0.00ms
[428.960s][debug][gc,ihop        ] GC(2950) Adaptive IHOP information (value update), threshold: 142501478B (47.37), internal target occupancy: 300836454B, occupancy: 4165064B, additional buffer size: 189792256B, predicted old gen allocation rate: 0.00B/s, predicted marking phase length: 0.00ms, prediction active: false
[428.960s][debug][gc,ergo,refine ] GC(2950) Concurrent refinement times: Logged Cards Scan time goal: 20.00ms Logged Cards Scan time: 0.00ms HCC time: 0.00ms
[428.960s][debug][gc,ergo,refine ] GC(2950) Updated Refinement Zones: green: 2048, yellow: 6144, red: 10240
[428.960s][info ][gc,phases      ] GC(2950)   Pre Evacuate Collection Set: 0.1ms
[428.960s][debug][gc,phases      ] GC(2950)     Prepare TLABs: 0.0ms
[428.960s][debug][gc,phases      ] GC(2950)     Choose Collection Set: 0.0ms
[428.960s][debug][gc,phases      ] GC(2950)     Region Register: 0.1ms
[428.960s][debug][gc,phases      ] GC(2950)     Prepare Heap Roots: 0.0ms
[428.960s][info ][gc,phases      ] GC(2950)   Merge Heap Roots: 0.1ms
[428.960s][debug][gc,phases      ] GC(2950)     Prepare Merge Heap Roots: 0.0ms
[428.960s][debug][gc,phases      ] GC(2950)     Eager Reclaim (ms):       skipped
[428.960s][debug][gc,phases      ] GC(2950)     Remembered Sets (ms):     Min:  0.0, Avg:  0.0, Max:  0.0, Diff:  0.0, Sum:  0.0, Workers: 8
[428.960s][debug][gc,phases      ] GC(2950)       Merged Sparse:            Min: 0, Avg:  0.0, Max: 0, Diff: 0, Sum: 0, Workers: 8
[428.960s][debug][gc,phases      ] GC(2950)       Merged Fine:              Min: 0, Avg:  0.0, Max: 0, Diff: 0, Sum: 0, Workers: 8
[428.960s][debug][gc,phases      ] GC(2950)       Merged Coarse:            Min: 0, Avg:  0.0, Max: 0, Diff: 0, Sum: 0, Workers: 8
[428.960s][debug][gc,phases      ] GC(2950)       Dirty Cards:              Min: 0, Avg:  0.0, Max: 0, Diff: 0, Sum: 0, Workers: 8
[428.960s][debug][gc,phases      ] GC(2950)     Hot Card Cache (ms):      Min:  0.0, Avg:  0.0, Max:  0.0, Diff:  0.0, Sum:  0.0, Workers: 8
[428.960s][debug][gc,phases      ] GC(2950)       Dirty Cards:              Min: 0, Avg:  0.0, Max: 0, Diff: 0, Sum: 0, Workers: 8
[428.960s][debug][gc,phases      ] GC(2950)       Skipped Cards:            Min: 0, Avg:  0.0, Max: 0, Diff: 0, Sum: 0, Workers: 8
[428.960s][debug][gc,phases      ] GC(2950)     Log Buffers (ms):         Min:  0.0, Avg:  0.0, Max:  0.0, Diff:  0.0, Sum:  0.0, Workers: 8
[428.960s][debug][gc,phases      ] GC(2950)       Dirty Cards:              Min: 0, Avg:  0.1, Max: 1, Diff: 1, Sum: 1, Workers: 8
[428.960s][debug][gc,phases      ] GC(2950)       Skipped Cards:            Min: 0, Avg:  0.0, Max: 0, Diff: 0, Sum: 0, Workers: 8
[428.960s][info ][gc,phases      ] GC(2950)   Evacuate Collection Set: 0.2ms
[428.960s][debug][gc,phases      ] GC(2950)     Ext Root Scanning (ms):   Min:  0.0, Avg:  0.0, Max:  0.1, Diff:  0.0, Sum:  0.2, Workers: 8
[428.960s][debug][gc,phases      ] GC(2950)     Scan Heap Roots (ms):     Min:  0.0, Avg:  0.0, Max:  0.0, Diff:  0.0, Sum:  0.0, Workers: 8
[428.960s][debug][gc,phases      ] GC(2950)       Scanned Cards:            Min: 0, Avg:  0.1, Max: 1, Diff: 1, Sum: 1, Workers: 8
[428.960s][debug][gc,phases      ] GC(2950)       Scanned Blocks:           Min: 0, Avg:  0.1, Max: 1, Diff: 1, Sum: 1, Workers: 8
[428.960s][debug][gc,phases      ] GC(2950)       Claimed Chunks:           Min: 0, Avg:  0.1, Max: 1, Diff: 1, Sum: 1, Workers: 8
[428.960s][debug][gc,phases      ] GC(2950)     Code Root Scan (ms):      Min:  0.0, Avg:  0.0, Max:  0.0, Diff:  0.0, Sum:  0.0, Workers: 8
[428.960s][debug][gc,phases      ] GC(2950)     Object Copy (ms):         Min:  0.0, Avg:  0.0, Max:  0.0, Diff:  0.0, Sum:  0.0, Workers: 8
[428.960s][debug][gc,phases      ] GC(2950)     Termination (ms):         Min:  0.0, Avg:  0.1, Max:  0.1, Diff:  0.0, Sum:  0.5, Workers: 8
[428.960s][debug][gc,phases      ] GC(2950)       Termination Attempts:     Min: 1, Avg:  1.0, Max: 1, Diff: 0, Sum: 8, Workers: 8
[428.960s][debug][gc,phases      ] GC(2950)     GC Worker Other (ms):     Min:  0.0, Avg:  0.0, Max:  0.0, Diff:  0.0, Sum:  0.1, Workers: 8
[428.960s][debug][gc,phases      ] GC(2950)     GC Worker Total (ms):     Min:  0.1, Avg:  0.1, Max:  0.1, Diff:  0.1, Sum:  0.9, Workers: 8
[428.960s][info ][gc,phases      ] GC(2950)   Post Evacuate Collection Set: 0.3ms
[428.960s][debug][gc,phases      ] GC(2950)     Code Roots Fixup: 0.0ms
[428.960s][debug][gc,phases      ] GC(2950)     Clear Card Table: 0.1ms
[428.960s][debug][gc,phases      ] GC(2950)     Reference Processing: 0.0ms
[428.960s][debug][gc,phases,ref  ] GC(2950)       Reconsider SoftReferences: 0.0ms
[428.960s][debug][gc,phases,ref  ] GC(2950)         SoftRef (ms):             skipped
[428.960s][debug][gc,phases,ref  ] GC(2950)       Notify Soft/WeakReferences: 0.0ms
[428.960s][debug][gc,phases,ref  ] GC(2950)         SoftRef (ms):             skipped
[428.960s][debug][gc,phases,ref  ] GC(2950)         WeakRef (ms):             skipped
[428.960s][debug][gc,phases,ref  ] GC(2950)         FinalRef (ms):            skipped
[428.960s][debug][gc,phases,ref  ] GC(2950)         Total (ms):               skipped
[428.960s][debug][gc,phases,ref  ] GC(2950)       Notify and keep alive finalizable: 0.0ms
[428.961s][debug][gc,phases,ref  ] GC(2950)         FinalRef (ms):            skipped
[428.961s][debug][gc,phases,ref  ] GC(2950)       Notify PhantomReferences: 0.0ms
[428.961s][debug][gc,phases,ref  ] GC(2950)         PhantomRef (ms):          skipped
[428.961s][debug][gc,phases,ref  ] GC(2950)       SoftReference:
[428.961s][debug][gc,phases,ref  ] GC(2950)         Discovered: 0
[428.961s][debug][gc,phases,ref  ] GC(2950)         Cleared: 0
[428.961s][debug][gc,phases,ref  ] GC(2950)       WeakReference:
[428.961s][debug][gc,phases,ref  ] GC(2950)         Discovered: 0
[428.961s][debug][gc,phases,ref  ] GC(2950)         Cleared: 0
[428.961s][debug][gc,phases,ref  ] GC(2950)       FinalReference:
[428.961s][debug][gc,phases,ref  ] GC(2950)         Discovered: 0
[428.961s][debug][gc,phases,ref  ] GC(2950)         Cleared: 0
[428.961s][debug][gc,phases,ref  ] GC(2950)       PhantomReference:
[428.961s][debug][gc,phases,ref  ] GC(2950)         Discovered: 0
[428.961s][debug][gc,phases,ref  ] GC(2950)         Cleared: 0
[428.961s][debug][gc,phases      ] GC(2950)     Weak Processing: 0.0ms
[428.961s][debug][gc,phases      ] GC(2950)       JVMTI weak processing: 0.0ms
[428.961s][debug][gc,phases      ] GC(2950)         Dead: 0
[428.961s][debug][gc,phases      ] GC(2950)         Total: 0
[428.961s][debug][gc,phases      ] GC(2950)       JFR weak processing: 0.0ms
[428.961s][debug][gc,phases      ] GC(2950)         Dead: 0
[428.961s][debug][gc,phases      ] GC(2950)         Total: 0
[428.961s][debug][gc,phases      ] GC(2950)       JNI weak                  Min:  0.0, Avg:  0.0, Max:  0.0, Diff:  0.0, Sum:  0.0, Workers: 5
[428.961s][debug][gc,phases      ] GC(2950)         Dead                      Min: 0, Avg:  0.0, Max: 0, Diff: 0, Sum: 0, Workers: 5
[428.961s][debug][gc,phases      ] GC(2950)         Total                     Min: 0, Avg: 13.6, Max: 52, Diff: 52, Sum: 68, Workers: 5
[428.961s][debug][gc,phases      ] GC(2950)       VM weak                   Min:  0.0, Avg:  0.0, Max:  0.0, Diff:  0.0, Sum:  0.0, Workers: 5
[428.961s][debug][gc,phases      ] GC(2950)         Dead                      Min: 0, Avg:  0.0, Max: 0, Diff: 0, Sum: 0, Workers: 5
[428.961s][debug][gc,phases      ] GC(2950)         Total                     Min: 0, Avg: 42.6, Max: 128, Diff: 128, Sum: 213, Workers: 5
[428.961s][debug][gc,phases      ] GC(2950)       StringTable weak          Min:  0.0, Avg:  0.0, Max:  0.0, Diff:  0.0, Sum:  0.1, Workers: 5
[428.961s][debug][gc,phases      ] GC(2950)         Dead                      Min: 0, Avg:  0.0, Max: 0, Diff: 0, Sum: 0, Workers: 5
[428.961s][debug][gc,phases      ] GC(2950)         Total                     Min: 0, Avg: 682.0, Max: 959, Diff: 959, Sum: 3410, Workers: 5
[428.961s][debug][gc,phases      ] GC(2950)       ResolvedMethodTable weak  Min:  0.0, Avg:  0.0, Max:  0.0, Diff:  0.0, Sum:  0.0, Workers: 5
[428.961s][debug][gc,phases      ] GC(2950)         Dead                      Min: 0, Avg:  0.0, Max: 0, Diff: 0, Sum: 0, Workers: 5
[428.961s][debug][gc,phases      ] GC(2950)         Total                     Min: 0, Avg: 114.8, Max: 190, Diff: 190, Sum: 574, Workers: 5
[428.961s][debug][gc,phases      ] GC(2950)     Merge Per-Thread State: 0.0ms
[428.961s][debug][gc,phases      ] GC(2950)       Copied Bytes              Min: 0, Avg: 71.0, Max: 224, Diff: 224, Sum: 568, Workers: 8
[428.961s][debug][gc,phases      ] GC(2950)       LAB Waste                 Min: 0, Avg:  0.0, Max: 0, Diff: 0, Sum: 0, Workers: 8
[428.961s][debug][gc,phases      ] GC(2950)       LAB Undo Waste            Min: 0, Avg:  0.0, Max: 0, Diff: 0, Sum: 0, Workers: 8
[428.961s][debug][gc,phases      ] GC(2950)     Code Roots Purge: 0.0ms
[428.961s][debug][gc,phases      ] GC(2950)     Redirty Cards: 0.0ms
[428.961s][debug][gc,phases      ] GC(2950)     DerivedPointerTable Update: 0.0ms
[428.961s][debug][gc,phases      ] GC(2950)     Free Collection Set: 0.1ms
[428.961s][debug][gc,phases      ] GC(2950)     Rebuild Free List: 0.1ms
[428.961s][debug][gc,phases      ] GC(2950)     Humongous Reclaim: 0.0ms
[428.961s][debug][gc,phases      ] GC(2950)     Start New Collection Set: 0.0ms
[428.961s][debug][gc,phases      ] GC(2950)     Resize TLABs: 0.0ms
[428.961s][debug][gc,phases      ] GC(2950)     Expand Heap After Collection: 0.0ms
[428.961s][info ][gc,phases      ] GC(2950)   Other: 0.3ms
[428.961s][info ][gc,heap        ] GC(2950) Eden regions: 180->0(180)
[428.961s][info ][gc,heap        ] GC(2950) Survivor regions: 1->1(23)
[428.961s][info ][gc,heap        ] GC(2950) Old regions: 7->7
[428.961s][info ][gc,heap        ] GC(2950) Archive regions: 2->2
[428.961s][info ][gc,heap        ] GC(2950) Humongous regions: 0->0
[428.961s][info ][gc,metaspace   ] GC(2950) Metaspace: 9905K(10624K)->9905K(10624K) NonClass: 8758K(9216K)->8758K(9216K) Class: 1146K(1408K)->1146K(1408K)
[428.961s][debug][gc,heap        ] GC(2950) Heap after GC invocations=2951 (full 1): garbage-first heap   total 309248K, used 4067K [0x0000000700000000, 0x0000000800000000)
[428.961s][debug][gc,heap        ] GC(2950)   region size 1024K, 1 young (1024K), 1 survivors (1024K)
[428.961s][debug][gc,heap        ] GC(2950)  Metaspace       used 9905K, capacity 10179K, committed 10624K, reserved 1058816K
[428.961s][debug][gc,heap        ] GC(2950)   class space    used 1146K, capacity 1267K, committed 1408K, reserved 1048576K
[428.961s][info ][gc             ] GC(2950) Pause Young (Normal) (G1 Evacuation Pause) 183M->3M(302M) 1.448ms
[428.961s][info ][gc,cpu         ] GC(2950) User=0.00s Sys=0.00s Real=0.00s
[428.961s][info ][safepoint      ] Safepoint "G1CollectForAllocation", Time since last: 150255950 ns, Reaching safepoint: 128427 ns, At safepoint: 1609876 ns, Total: 1738303 ns
[429.111s][debug][gc,heap        ] GC(2951) Heap before GC invocations=2951 (full 1): garbage-first heap   total 309248K, used 188387K [0x0000000700000000, 0x0000000800000000)
[429.111s][debug][gc,heap        ] GC(2951)   region size 1024K, 181 young (185344K), 1 survivors (1024K)
[429.111s][debug][gc,heap        ] GC(2951)  Metaspace       used 9905K, capacity 10179K, committed 10624K, reserved 1058816K
[429.111s][debug][gc,heap        ] GC(2951)   class space    used 1146K, capacity 1267K, committed 1408K, reserved 1048576K
[429.111s][info ][gc,start       ] GC(2951) Pause Young (Normal) (G1 Evacuation Pause)
[429.111s][info ][gc,task        ] GC(2951) Using 8 workers of 8 for evacuation
[429.111s][debug][gc,tlab        ] GC(2951) TLAB totals: thrds: 8  refills: 724 max: 95 slow allocs: 0 max 0 waste:  1.0% gc: 1525416B max: 398024B slow: 420104B max: 54976B fast: 0B max: 0B
[429.111s][debug][gc,age         ] GC(2951) Desired survivor size 12058624 bytes, new threshold 15 (max threshold 15)
[429.111s][debug][gc,alloc,region] GC(2951) Mutator Allocation stats, regions: 180, wasted size: 0B ( 0.0%)
[429.111s][debug][gc,ergo        ] GC(2951) Running G1 Merge Heap Roots using 8 workers for 181 regions
[429.111s][debug][gc,remset      ] GC(2951) Visited cards 256 Total dirty 2048 (12.50%) Total old 759808 (0.03%)
[429.111s][debug][gc,ergo        ] GC(2951) Running G1 Clear Card Table Task using 1 workers for 1 units of work for 182 regions.
[429.111s][debug][gc,ref         ] GC(2951) Skipped phase1 of Reference Processing due to unavailable references
[429.111s][debug][gc,ref         ] GC(2951) Skipped phase2 of Reference Processing due to unavailable references
[429.111s][debug][gc,ref         ] GC(2951) Skipped phase3 of Reference Processing due to unavailable references
[429.111s][debug][gc,ref         ] GC(2951) Skipped phase4 of Reference Processing due to unavailable references
[429.111s][debug][gc,ergo        ] GC(2951) Running G1 Free Collection Set using 8 workers for collection set length 181 (302)
[429.111s][debug][gc,ergo        ] GC(2951) Running G1 Rebuild Free List Task using 8 workers for rebuilding free list of 0 (4096) regions
[429.111s][trace][gc,age         ] GC(2951) Age table with threshold 15 (max threshold 15)
[429.111s][trace][gc,age         ] GC(2951) - age   1:        536 bytes,        536 total
[429.111s][debug][gc,plab        ] GC(2951) Young PLAB allocation: allocated: 16512B, wasted: 0B, unused: 15976B, used: 536B, undo waste: 0B, 
[429.111s][debug][gc,plab        ] GC(2951) Young other allocation: region end waste: 0B, regions filled: 1, direct allocated: 0B, failure used: 0B, failure wasted: 0B
[429.111s][debug][gc,plab        ] GC(2951) Young sizing: calculated: 104B, actual: 2064B
[429.111s][debug][gc,plab        ] GC(2951) Old PLAB allocation: allocated: 0B, wasted: 0B, unused: 0B, used: 0B, undo waste: 0B, 
[429.111s][debug][gc,plab        ] GC(2951) Old other allocation: region end waste: 0B, regions filled: 1, direct allocated: 0B, failure used: 0B, failure wasted: 0B
[429.111s][debug][gc,plab        ] GC(2951) Old sizing: calculated: 0B, actual: 2064B
[429.111s][debug][gc,ihop        ] GC(2951) Basic information (value update), threshold: 142501478B (45.00), target occupancy: 316669952B, current occupancy: 4171256B, recent allocation size: 0B, recent allocation duration: 150.57ms, recent old gen allocation rate: 0.00B/s, recent marking phase length: 0.00ms
[429.111s][debug][gc,ihop        ] GC(2951) Adaptive IHOP information (value update), threshold: 142501478B (47.37), internal target occupancy: 300836454B, occupancy: 4171256B, additional buffer size: 189792256B, predicted old gen allocation rate: 0.00B/s, predicted marking phase length: 0.00ms, prediction active: false
[429.111s][debug][gc,ergo,refine ] GC(2951) Concurrent refinement times: Logged Cards Scan time goal: 20.00ms Logged Cards Scan time: 0.00ms HCC time: 0.00ms
[429.112s][debug][gc,ergo,refine ] GC(2951) Updated Refinement Zones: green: 2048, yellow: 6144, red: 10240
[429.112s][info ][gc,phases      ] GC(2951)   Pre Evacuate Collection Set: 0.1ms
[429.112s][debug][gc,phases      ] GC(2951)     Prepare TLABs: 0.0ms
[429.112s][debug][gc,phases      ] GC(2951)     Choose Collection Set: 0.0ms
[429.112s][debug][gc,phases      ] GC(2951)     Region Register: 0.1ms
[429.112s][debug][gc,phases      ] GC(2951)     Prepare Heap Roots: 0.0ms
[429.112s][info ][gc,phases      ] GC(2951)   Merge Heap Roots: 0.1ms
[429.112s][debug][gc,phases      ] GC(2951)     Prepare Merge Heap Roots: 0.0ms
[429.112s][debug][gc,phases      ] GC(2951)     Eager Reclaim (ms):       skipped
[429.112s][debug][gc,phases      ] GC(2951)     Remembered Sets (ms):     Min:  0.0, Avg:  0.0, Max:  0.0, Diff:  0.0, Sum:  0.1, Workers: 8
[429.112s][debug][gc,phases      ] GC(2951)       Merged Sparse:            Min: 0, Avg:  0.0, Max: 0, Diff: 0, Sum: 0, Workers: 8
[429.112s][debug][gc,phases      ] GC(2951)       Merged Fine:              Min: 0, Avg:  0.0, Max: 0, Diff: 0, Sum: 0, Workers: 8
[429.112s][debug][gc,phases      ] GC(2951)       Merged Coarse:            Min: 0, Avg:  0.0, Max: 0, Diff: 0, Sum: 0, Workers: 8
[429.112s][debug][gc,phases      ] GC(2951)       Dirty Cards:              Min: 0, Avg:  0.0, Max: 0, Diff: 0, Sum: 0, Workers: 8
[429.112s][debug][gc,phases      ] GC(2951)     Hot Card Cache (ms):      Min:  0.0, Avg:  0.0, Max:  0.0, Diff:  0.0, Sum:  0.0, Workers: 8
[429.112s][debug][gc,phases      ] GC(2951)       Dirty Cards:              Min: 0, Avg:  0.0, Max: 0, Diff: 0, Sum: 0, Workers: 8
[429.112s][debug][gc,phases      ] GC(2951)       Skipped Cards:            Min: 0, Avg:  0.0, Max: 0, Diff: 0, Sum: 0, Workers: 8
[429.112s][debug][gc,phases      ] GC(2951)     Log Buffers (ms):         Min:  0.0, Avg:  0.0, Max:  0.0, Diff:  0.0, Sum:  0.0, Workers: 8
[429.112s][debug][gc,phases      ] GC(2951)       Dirty Cards:              Min: 0, Avg:  0.1, Max: 1, Diff: 1, Sum: 1, Workers: 8
[429.112s][debug][gc,phases      ] GC(2951)       Skipped Cards:            Min: 0, Avg:  0.0, Max: 0, Diff: 0, Sum: 0, Workers: 8
[429.112s][info ][gc,phases      ] GC(2951)   Evacuate Collection Set: 0.1ms
[429.112s][debug][gc,phases      ] GC(2951)     Ext Root Scanning (ms):   Min:  0.0, Avg:  0.0, Max:  0.1, Diff:  0.1, Sum:  0.2, Workers: 8
[429.112s][debug][gc,phases      ] GC(2951)     Scan Heap Roots (ms):     Min:  0.0, Avg:  0.0, Max:  0.0, Diff:  0.0, Sum:  0.0, Workers: 8
[429.112s][debug][gc,phases      ] GC(2951)       Scanned Cards:            Min: 0, Avg:  0.1, Max: 1, Diff: 1, Sum: 1, Workers: 8
[429.112s][debug][gc,phases      ] GC(2951)       Scanned Blocks:           Min: 0, Avg:  0.1, Max: 1, Diff: 1, Sum: 1, Workers: 8
[429.112s][debug][gc,phases      ] GC(2951)       Claimed Chunks:           Min: 0, Avg:  0.1, Max: 1, Diff: 1, Sum: 1, Workers: 8
[429.112s][debug][gc,phases      ] GC(2951)     Code Root Scan (ms):      Min:  0.0, Avg:  0.0, Max:  0.0, Diff:  0.0, Sum:  0.0, Workers: 8
[429.112s][debug][gc,phases      ] GC(2951)     Object Copy (ms):         Min:  0.0, Avg:  0.0, Max:  0.0, Diff:  0.0, Sum:  0.0, Workers: 8
[429.112s][debug][gc,phases      ] GC(2951)     Termination (ms):         Min:  0.0, Avg:  0.1, Max:  0.1, Diff:  0.0, Sum:  0.4, Workers: 8
[429.112s][debug][gc,phases      ] GC(2951)       Termination Attempts:     Min: 1, Avg:  1.0, Max: 1, Diff: 0, Sum: 8, Workers: 8
[429.112s][debug][gc,phases      ] GC(2951)     GC Worker Other (ms):     Min:  0.0, Avg:  0.0, Max:  0.0, Diff:  0.0, Sum:  0.1, Workers: 8
[429.112s][debug][gc,phases      ] GC(2951)     GC Worker Total (ms):     Min:  0.1, Avg:  0.1, Max:  0.1, Diff:  0.0, Sum:  0.8, Workers: 8
[429.112s][info ][gc,phases      ] GC(2951)   Post Evacuate Collection Set: 0.3ms
[429.112s][debug][gc,phases      ] GC(2951)     Code Roots Fixup: 0.0ms
[429.112s][debug][gc,phases      ] GC(2951)     Clear Card Table: 0.1ms
[429.112s][debug][gc,phases      ] GC(2951)     Reference Processing: 0.0ms
[429.112s][debug][gc,phases,ref  ] GC(2951)       Reconsider SoftReferences: 0.0ms
[429.112s][debug][gc,phases,ref  ] GC(2951)         SoftRef (ms):             skipped
[429.112s][debug][gc,phases,ref  ] GC(2951)       Notify Soft/WeakReferences: 0.0ms
[429.112s][debug][gc,phases,ref  ] GC(2951)         SoftRef (ms):             skipped
[429.112s][debug][gc,phases,ref  ] GC(2951)         WeakRef (ms):             skipped
[429.112s][debug][gc,phases,ref  ] GC(2951)         FinalRef (ms):            skipped
[429.112s][debug][gc,phases,ref  ] GC(2951)         Total (ms):               skipped
[429.112s][debug][gc,phases,ref  ] GC(2951)       Notify and keep alive finalizable: 0.0ms
[429.112s][debug][gc,phases,ref  ] GC(2951)         FinalRef (ms):            skipped
[429.112s][debug][gc,phases,ref  ] GC(2951)       Notify PhantomReferences: 0.0ms
[429.112s][debug][gc,phases,ref  ] GC(2951)         PhantomRef (ms):          skipped
[429.112s][debug][gc,phases,ref  ] GC(2951)       SoftReference:
[429.112s][debug][gc,phases,ref  ] GC(2951)         Discovered: 0
[429.112s][debug][gc,phases,ref  ] GC(2951)         Cleared: 0
[429.112s][debug][gc,phases,ref  ] GC(2951)       WeakReference:
[429.112s][debug][gc,phases,ref  ] GC(2951)         Discovered: 0
[429.112s][debug][gc,phases,ref  ] GC(2951)         Cleared: 0
[429.112s][debug][gc,phases,ref  ] GC(2951)       FinalReference:
[429.112s][debug][gc,phases,ref  ] GC(2951)         Discovered: 0
[429.112s][debug][gc,phases,ref  ] GC(2951)         Cleared: 0
[429.112s][debug][gc,phases,ref  ] GC(2951)       PhantomReference:
[429.112s][debug][gc,phases,ref  ] GC(2951)         Discovered: 0
[429.112s][debug][gc,phases,ref  ] GC(2951)         Cleared: 0
[429.112s][debug][gc,phases      ] GC(2951)     Weak Processing: 0.1ms
[429.112s][debug][gc,phases      ] GC(2951)       JVMTI weak processing: 0.0ms
[429.112s][debug][gc,phases      ] GC(2951)         Dead: 0
[429.112s][debug][gc,phases      ] GC(2951)         Total: 0
[429.112s][debug][gc,phases      ] GC(2951)       JFR weak processing: 0.0ms
[429.112s][debug][gc,phases      ] GC(2951)         Dead: 0
[429.112s][debug][gc,phases      ] GC(2951)         Total: 0
[429.112s][debug][gc,phases      ] GC(2951)       JNI weak                  Min:  0.0, Avg:  0.0, Max:  0.0, Diff:  0.0, Sum:  0.0, Workers: 5
[429.112s][debug][gc,phases      ] GC(2951)         Dead                      Min: 0, Avg:  0.0, Max: 0, Diff: 0, Sum: 0, Workers: 5
[429.112s][debug][gc,phases      ] GC(2951)         Total                     Min: 0, Avg: 13.6, Max: 52, Diff: 52, Sum: 68, Workers: 5
[429.112s][debug][gc,phases      ] GC(2951)       VM weak                   Min:  0.0, Avg:  0.0, Max:  0.0, Diff:  0.0, Sum:  0.0, Workers: 5
[429.112s][debug][gc,phases      ] GC(2951)         Dead                      Min: 0, Avg:  0.0, Max: 0, Diff: 0, Sum: 0, Workers: 5
[429.112s][debug][gc,phases      ] GC(2951)         Total                     Min: 0, Avg: 42.6, Max: 128, Diff: 128, Sum: 213, Workers: 5
[429.112s][debug][gc,phases      ] GC(2951)       StringTable weak          Min:  0.0, Avg:  0.0, Max:  0.0, Diff:  0.0, Sum:  0.1, Workers: 5
[429.112s][debug][gc,phases      ] GC(2951)         Dead                      Min: 0, Avg:  0.0, Max: 0, Diff: 0, Sum: 0, Workers: 5
[429.112s][debug][gc,phases      ] GC(2951)         Total                     Min: 0, Avg: 682.0, Max: 1727, Diff: 1727, Sum: 3410, Workers: 5
[429.112s][debug][gc,phases      ] GC(2951)       ResolvedMethodTable weak  Min:  0.0, Avg:  0.0, Max:  0.0, Diff:  0.0, Sum:  0.0, Workers: 5
[429.112s][debug][gc,phases      ] GC(2951)         Dead                      Min: 0, Avg:  0.0, Max: 0, Diff: 0, Sum: 0, Workers: 5
[429.112s][debug][gc,phases      ] GC(2951)         Total                     Min: 0, Avg: 114.8, Max: 318, Diff: 318, Sum: 574, Workers: 5
[429.112s][debug][gc,phases      ] GC(2951)     Merge Per-Thread State: 0.0ms
[429.112s][debug][gc,phases      ] GC(2951)       Copied Bytes              Min: 24, Avg: 67.0, Max: 176, Diff: 152, Sum: 536, Workers: 8
[429.112s][debug][gc,phases      ] GC(2951)       LAB Waste                 Min: 0, Avg:  0.0, Max: 0, Diff: 0, Sum: 0, Workers: 8
[429.112s][debug][gc,phases      ] GC(2951)       LAB Undo Waste            Min: 0, Avg:  0.0, Max: 0, Diff: 0, Sum: 0, Workers: 8
[429.112s][debug][gc,phases      ] GC(2951)     Code Roots Purge: 0.0ms
[429.112s][debug][gc,phases      ] GC(2951)     Redirty Cards: 0.0ms
[429.112s][debug][gc,phases      ] GC(2951)     DerivedPointerTable Update: 0.0ms
[429.112s][debug][gc,phases      ] GC(2951)     Free Collection Set: 0.1ms
[429.112s][debug][gc,phases      ] GC(2951)     Rebuild Free List: 0.1ms
[429.112s][debug][gc,phases      ] GC(2951)     Humongous Reclaim: 0.0ms
[429.112s][debug][gc,phases      ] GC(2951)     Start New Collection Set: 0.0ms
[429.112s][debug][gc,phases      ] GC(2951)     Resize TLABs: 0.0ms
[429.112s][debug][gc,phases      ] GC(2951)     Expand Heap After Collection: 0.0ms
[429.112s][info ][gc,phases      ] GC(2951)   Other: 0.3ms
[429.112s][info ][gc,heap        ] GC(2951) Eden regions: 180->0(180)
[429.112s][info ][gc,heap        ] GC(2951) Survivor regions: 1->1(23)
[429.112s][info ][gc,heap        ] GC(2951) Old regions: 7->7
[429.112s][info ][gc,heap        ] GC(2951) Archive regions: 2->2
[429.112s][info ][gc,heap        ] GC(2951) Humongous regions: 0->0
[429.112s][info ][gc,metaspace   ] GC(2951) Metaspace: 9905K(10624K)->9905K(10624K) NonClass: 8758K(9216K)->8758K(9216K) Class: 1146K(1408K)->1146K(1408K)
[429.112s][debug][gc,heap        ] GC(2951) Heap after GC invocations=2952 (full 1): garbage-first heap   total 309248K, used 4073K [0x0000000700000000, 0x0000000800000000)
[429.112s][debug][gc,heap        ] GC(2951)   region size 1024K, 1 young (1024K), 1 survivors (1024K)
[429.112s][debug][gc,heap        ] GC(2951)  Metaspace       used 9905K, capacity 10179K, committed 10624K, reserved 1058816K
[429.112s][debug][gc,heap        ] GC(2951)   class space    used 1146K, capacity 1267K, committed 1408K, reserved 1048576K
[429.112s][info ][gc             ] GC(2951) Pause Young (Normal) (G1 Evacuation Pause) 183M->3M(302M) 1.464ms
[429.112s][info ][gc,cpu         ] GC(2951) User=0.01s Sys=0.00s Real=0.00s
[429.112s][info ][safepoint      ] Safepoint "G1CollectForAllocation", Time since last: 149526061 ns, Reaching safepoint: 163093 ns, At safepoint: 1628910 ns, Total: 1792003 ns
[429.261s][debug][gc,heap        ] GC(2952) Heap before GC invocations=2952 (full 1): garbage-first heap   total 309248K, used 188393K [0x0000000700000000, 0x0000000800000000)
[429.261s][debug][gc,heap        ] GC(2952)   region size 1024K, 181 young (185344K), 1 survivors (1024K)
[429.261s][debug][gc,heap        ] GC(2952)  Metaspace       used 9905K, capacity 10179K, committed 10624K, reserved 1058816K
[429.261s][debug][gc,heap        ] GC(2952)   class space    used 1146K, capacity 1267K, committed 1408K, reserved 1048576K
[429.262s][info ][gc,start       ] GC(2952) Pause Young (Normal) (G1 Evacuation Pause)
[429.262s][info ][gc,task        ] GC(2952) Using 8 workers of 8 for evacuation
[429.262s][debug][gc,tlab        ] GC(2952) TLAB totals: thrds: 8  refills: 723 max: 99 slow allocs: 0 max 0 waste:  1.1% gc: 1596256B max: 429104B slow: 418424B max: 57312B fast: 0B max: 0B
[429.262s][debug][gc,age         ] GC(2952) Desired survivor size 12058624 bytes, new threshold 15 (max threshold 15)
[429.262s][debug][gc,alloc,region] GC(2952) Mutator Allocation stats, regions: 180, wasted size: 0B ( 0.0%)
[429.262s][debug][gc,ergo        ] GC(2952) Running G1 Merge Heap Roots using 8 workers for 181 regions
[429.262s][debug][gc,remset      ] GC(2952) Visited cards 256 Total dirty 2048 (12.50%) Total old 759808 (0.03%)
[429.262s][debug][gc,ergo        ] GC(2952) Running G1 Clear Card Table Task using 1 workers for 1 units of work for 182 regions.
[429.262s][debug][gc,ref         ] GC(2952) Skipped phase1 of Reference Processing due to unavailable references
[429.262s][debug][gc,ref         ] GC(2952) Skipped phase2 of Reference Processing due to unavailable references
[429.262s][debug][gc,ref         ] GC(2952) Skipped phase3 of Reference Processing due to unavailable references
[429.262s][debug][gc,ref         ] GC(2952) Skipped phase4 of Reference Processing due to unavailable references
[429.262s][debug][gc,ergo        ] GC(2952) Running G1 Free Collection Set using 8 workers for collection set length 181 (302)
[429.262s][debug][gc,ergo        ] GC(2952) Running G1 Rebuild Free List Task using 8 workers for rebuilding free list of 0 (4096) regions
[429.262s][trace][gc,age         ] GC(2952) Age table with threshold 15 (max threshold 15)
[429.262s][trace][gc,age         ] GC(2952) - age   1:        488 bytes,        488 total
[429.262s][debug][gc,plab        ] GC(2952) Young PLAB allocation: allocated: 12384B, wasted: 0B, unused: 11896B, used: 488B, undo waste: 0B, 
[429.262s][debug][gc,plab        ] GC(2952) Young other allocation: region end waste: 0B, regions filled: 1, direct allocated: 0B, failure used: 0B, failure wasted: 0B
[429.262s][debug][gc,plab        ] GC(2952) Young sizing: calculated: 96B, actual: 2064B
[429.262s][debug][gc,plab        ] GC(2952) Old PLAB allocation: allocated: 0B, wasted: 0B, unused: 0B, used: 0B, undo waste: 0B, 
[429.262s][debug][gc,plab        ] GC(2952) Old other allocation: region end waste: 0B, regions filled: 1, direct allocated: 0B, failure used: 0B, failure wasted: 0B
[429.262s][debug][gc,plab        ] GC(2952) Old sizing: calculated: 0B, actual: 2064B
[429.262s][debug][gc,ihop        ] GC(2952) Basic information (value update), threshold: 142501478B (45.00), target occupancy: 316669952B, current occupancy: 4167128B, recent allocation size: 0B, recent allocation duration: 150.07ms, recent old gen allocation rate: 0.00B/s, recent marking phase length: 0.00ms
[429.262s][debug][gc,ihop        ] GC(2952) Adaptive IHOP information (value update), threshold: 142501478B (47.37), internal target occupancy: 300836454B, occupancy: 4167128B, additional buffer size: 189792256B, predicted old gen allocation rate: 0.00B/s, predicted marking phase length: 0.00ms, prediction active: false
[429.262s][debug][gc,ergo,refine ] GC(2952) Concurrent refinement times: Logged Cards Scan time goal: 20.00ms Logged Cards Scan time: 0.00ms HCC time: 0.00ms
[429.262s][debug][gc,ergo,refine ] GC(2952) Updated Refinement Zones: green: 2048, yellow: 6144, red: 10240
[429.262s][info ][gc,phases      ] GC(2952)   Pre Evacuate Collection Set: 0.1ms
[429.262s][debug][gc,phases      ] GC(2952)     Prepare TLABs: 0.0ms
[429.262s][debug][gc,phases      ] GC(2952)     Choose Collection Set: 0.0ms
[429.262s][debug][gc,phases      ] GC(2952)     Region Register: 0.1ms
[429.262s][debug][gc,phases      ] GC(2952)     Prepare Heap Roots: 0.0ms
[429.262s][info ][gc,phases      ] GC(2952)   Merge Heap Roots: 0.1ms
[429.262s][debug][gc,phases      ] GC(2952)     Prepare Merge Heap Roots: 0.0ms
[429.262s][debug][gc,phases      ] GC(2952)     Eager Reclaim (ms):       skipped
[429.262s][debug][gc,phases      ] GC(2952)     Remembered Sets (ms):     Min:  0.0, Avg:  0.0, Max:  0.0, Diff:  0.0, Sum:  0.0, Workers: 8
[429.262s][debug][gc,phases      ] GC(2952)       Merged Sparse:            Min: 0, Avg:  0.0, Max: 0, Diff: 0, Sum: 0, Workers: 8
[429.262s][debug][gc,phases      ] GC(2952)       Merged Fine:              Min: 0, Avg:  0.0, Max: 0, Diff: 0, Sum: 0, Workers: 8
[429.262s][debug][gc,phases      ] GC(2952)       Merged Coarse:            Min: 0, Avg:  0.0, Max: 0, Diff: 0, Sum: 0, Workers: 8
[429.262s][debug][gc,phases      ] GC(2952)       Dirty Cards:              Min: 0, Avg:  0.0, Max: 0, Diff: 0, Sum: 0, Workers: 8
[429.262s][debug][gc,phases      ] GC(2952)     Hot Card Cache (ms):      Min:  0.0, Avg:  0.0, Max:  0.0, Diff:  0.0, Sum:  0.0, Workers: 8
[429.262s][debug][gc,phases      ] GC(2952)       Dirty Cards:              Min: 0, Avg:  0.0, Max: 0, Diff: 0, Sum: 0, Workers: 8
[429.262s][debug][gc,phases      ] GC(2952)       Skipped Cards:            Min: 0, Avg:  0.0, Max: 0, Diff: 0, Sum: 0, Workers: 8
[429.262s][debug][gc,phases      ] GC(2952)     Log Buffers (ms):         Min:  0.0, Avg:  0.0, Max:  0.0, Diff:  0.0, Sum:  0.0, Workers: 8
[429.262s][debug][gc,phases      ] GC(2952)       Dirty Cards:              Min: 0, Avg:  0.1, Max: 1, Diff: 1, Sum: 1, Workers: 8
[429.262s][debug][gc,phases      ] GC(2952)       Skipped Cards:            Min: 0, Avg:  0.0, Max: 0, Diff: 0, Sum: 0, Workers: 8
[429.262s][info ][gc,phases      ] GC(2952)   Evacuate Collection Set: 0.1ms
[429.262s][debug][gc,phases      ] GC(2952)     Ext Root Scanning (ms):   Min:  0.0, Avg:  0.0, Max:  0.1, Diff:  0.1, Sum:  0.2, Workers: 8
[429.262s][debug][gc,phases      ] GC(2952)     Scan Heap Roots (ms):     Min:  0.0, Avg:  0.0, Max:  0.0, Diff:  0.0, Sum:  0.0, Workers: 8
[429.263s][debug][gc,phases      ] GC(2952)       Scanned Cards:            Min: 0, Avg:  0.1, Max: 1, Diff: 1, Sum: 1, Workers: 8
[429.263s][debug][gc,phases      ] GC(2952)       Scanned Blocks:           Min: 0, Avg:  0.1, Max: 1, Diff: 1, Sum: 1, Workers: 8
[429.263s][debug][gc,phases      ] GC(2952)       Claimed Chunks:           Min: 0, Avg:  0.1, Max: 1, Diff: 1, Sum: 1, Workers: 8
[429.263s][debug][gc,phases      ] GC(2952)     Code Root Scan (ms):      Min:  0.0, Avg:  0.0, Max:  0.0, Diff:  0.0, Sum:  0.0, Workers: 8
[429.263s][debug][gc,phases      ] GC(2952)     Object Copy (ms):         Min:  0.0, Avg:  0.0, Max:  0.0, Diff:  0.0, Sum:  0.0, Workers: 8
[429.263s][debug][gc,phases      ] GC(2952)     Termination (ms):         Min:  0.0, Avg:  0.0, Max:  0.0, Diff:  0.0, Sum:  0.4, Workers: 8
[429.263s][debug][gc,phases      ] GC(2952)       Termination Attempts:     Min: 1, Avg:  1.0, Max: 1, Diff: 0, Sum: 8, Workers: 8
[429.263s][debug][gc,phases      ] GC(2952)     GC Worker Other (ms):     Min:  0.0, Avg:  0.0, Max:  0.0, Diff:  0.0, Sum:  0.1, Workers: 8
[429.263s][debug][gc,phases      ] GC(2952)     GC Worker Total (ms):     Min:  0.1, Avg:  0.1, Max:  0.1, Diff:  0.1, Sum:  0.7, Workers: 8
[429.263s][info ][gc,phases      ] GC(2952)   Post Evacuate Collection Set: 0.3ms
[429.263s][debug][gc,phases      ] GC(2952)     Code Roots Fixup: 0.0ms
[429.263s][debug][gc,phases      ] GC(2952)     Clear Card Table: 0.1ms
[429.263s][debug][gc,phases      ] GC(2952)     Reference Processing: 0.0ms
[429.263s][debug][gc,phases,ref  ] GC(2952)       Reconsider SoftReferences: 0.0ms
[429.263s][debug][gc,phases,ref  ] GC(2952)         SoftRef (ms):             skipped
[429.263s][debug][gc,phases,ref  ] GC(2952)       Notify Soft/WeakReferences: 0.0ms
[429.263s][debug][gc,phases,ref  ] GC(2952)         SoftRef (ms):             skipped
[429.263s][debug][gc,phases,ref  ] GC(2952)         WeakRef (ms):             skipped
[429.263s][debug][gc,phases,ref  ] GC(2952)         FinalRef (ms):            skipped
[429.263s][debug][gc,phases,ref  ] GC(2952)         Total (ms):               skipped
[429.263s][debug][gc,phases,ref  ] GC(2952)       Notify and keep alive finalizable: 0.0ms
[429.263s][debug][gc,phases,ref  ] GC(2952)         FinalRef (ms):            skipped
[429.263s][debug][gc,phases,ref  ] GC(2952)       Notify PhantomReferences: 0.0ms
[429.263s][debug][gc,phases,ref  ] GC(2952)         PhantomRef (ms):          skipped
[429.263s][debug][gc,phases,ref  ] GC(2952)       SoftReference:
[429.263s][debug][gc,phases,ref  ] GC(2952)         Discovered: 0
[429.263s][debug][gc,phases,ref  ] GC(2952)         Cleared: 0
[429.263s][debug][gc,phases,ref  ] GC(2952)       WeakReference:
[429.263s][debug][gc,phases,ref  ] GC(2952)         Discovered: 0
[429.263s][debug][gc,phases,ref  ] GC(2952)         Cleared: 0
[429.263s][debug][gc,phases,ref  ] GC(2952)       FinalReference:
[429.263s][debug][gc,phases,ref  ] GC(2952)         Discovered: 0
[429.263s][debug][gc,phases,ref  ] GC(2952)         Cleared: 0
[429.263s][debug][gc,phases,ref  ] GC(2952)       PhantomReference:
[429.263s][debug][gc,phases,ref  ] GC(2952)         Discovered: 0
[429.263s][debug][gc,phases,ref  ] GC(2952)         Cleared: 0
[429.263s][debug][gc,phases      ] GC(2952)     Weak Processing: 0.0ms
[429.263s][debug][gc,phases      ] GC(2952)       JVMTI weak processing: 0.0ms
[429.263s][debug][gc,phases      ] GC(2952)         Dead: 0
[429.263s][debug][gc,phases      ] GC(2952)         Total: 0
[429.263s][debug][gc,phases      ] GC(2952)       JFR weak processing: 0.0ms
[429.263s][debug][gc,phases      ] GC(2952)         Dead: 0
[429.263s][debug][gc,phases      ] GC(2952)         Total: 0
[429.263s][debug][gc,phases      ] GC(2952)       JNI weak                  Min:  0.0, Avg:  0.0, Max:  0.0, Diff:  0.0, Sum:  0.0, Workers: 5
[429.263s][debug][gc,phases      ] GC(2952)         Dead                      Min: 0, Avg:  0.0, Max: 0, Diff: 0, Sum: 0, Workers: 5
[429.263s][debug][gc,phases      ] GC(2952)         Total                     Min: 0, Avg: 13.6, Max: 68, Diff: 68, Sum: 68, Workers: 5
[429.263s][debug][gc,phases      ] GC(2952)       VM weak                   Min:  0.0, Avg:  0.0, Max:  0.0, Diff:  0.0, Sum:  0.0, Workers: 5
[429.263s][debug][gc,phases      ] GC(2952)         Dead                      Min: 0, Avg:  0.0, Max: 0, Diff: 0, Sum: 0, Workers: 5
[429.263s][debug][gc,phases      ] GC(2952)         Total                     Min: 0, Avg: 42.6, Max: 213, Diff: 213, Sum: 213, Workers: 5
[429.263s][debug][gc,phases      ] GC(2952)       StringTable weak          Min:  0.0, Avg:  0.0, Max:  0.0, Diff:  0.0, Sum:  0.0, Workers: 5
[429.263s][debug][gc,phases      ] GC(2952)         Dead                      Min: 0, Avg:  0.0, Max: 0, Diff: 0, Sum: 0, Workers: 5
[429.263s][debug][gc,phases      ] GC(2952)         Total                     Min: 0, Avg: 682.0, Max: 1471, Diff: 1471, Sum: 3410, Workers: 5
[429.263s][debug][gc,phases      ] GC(2952)       ResolvedMethodTable weak  Min:  0.0, Avg:  0.0, Max:  0.0, Diff:  0.0, Sum:  0.0, Workers: 5
[429.263s][debug][gc,phases      ] GC(2952)         Dead                      Min: 0, Avg:  0.0, Max: 0, Diff: 0, Sum: 0, Workers: 5
[429.263s][debug][gc,phases      ] GC(2952)         Total                     Min: 0, Avg: 114.8, Max: 254, Diff: 254, Sum: 574, Workers: 5
[429.263s][debug][gc,phases      ] GC(2952)     Merge Per-Thread State: 0.0ms
[429.263s][debug][gc,phases      ] GC(2952)       Copied Bytes              Min: 0, Avg: 61.0, Max: 176, Diff: 176, Sum: 488, Workers: 8
[429.263s][debug][gc,phases      ] GC(2952)       LAB Waste                 Min: 0, Avg:  0.0, Max: 0, Diff: 0, Sum: 0, Workers: 8
[429.263s][debug][gc,phases      ] GC(2952)       LAB Undo Waste            Min: 0, Avg:  0.0, Max: 0, Diff: 0, Sum: 0, Workers: 8
[429.263s][debug][gc,phases      ] GC(2952)     Code Roots Purge: 0.0ms
[429.263s][debug][gc,phases      ] GC(2952)     Redirty Cards: 0.0ms
[429.263s][debug][gc,phases      ] GC(2952)     DerivedPointerTable Update: 0.0ms
[429.263s][debug][gc,phases      ] GC(2952)     Free Collection Set: 0.1ms
[429.263s][debug][gc,phases      ] GC(2952)     Rebuild Free List: 0.1ms
[429.263s][debug][gc,phases      ] GC(2952)     Humongous Reclaim: 0.0ms
[429.263s][debug][gc,phases      ] GC(2952)     Start New Collection Set: 0.0ms
[429.263s][debug][gc,phases      ] GC(2952)     Resize TLABs: 0.0ms
[429.263s][debug][gc,phases      ] GC(2952)     Expand Heap After Collection: 0.0ms
[429.263s][info ][gc,phases      ] GC(2952)   Other: 0.3ms
[429.263s][info ][gc,heap        ] GC(2952) Eden regions: 180->0(180)
[429.263s][info ][gc,heap        ] GC(2952) Survivor regions: 1->1(23)
[429.263s][info ][gc,heap        ] GC(2952) Old regions: 7->7
[429.263s][info ][gc,heap        ] GC(2952) Archive regions: 2->2
[429.263s][info ][gc,heap        ] GC(2952) Humongous regions: 0->0
[429.263s][info ][gc,metaspace   ] GC(2952) Metaspace: 9905K(10624K)->9905K(10624K) NonClass: 8758K(9216K)->8758K(9216K) Class: 1146K(1408K)->1146K(1408K)
[429.263s][debug][gc,heap        ] GC(2952) Heap after GC invocations=2953 (full 1): garbage-first heap   total 309248K, used 4069K [0x0000000700000000, 0x0000000800000000)
[429.263s][debug][gc,heap        ] GC(2952)   region size 1024K, 1 young (1024K), 1 survivors (1024K)
[429.263s][debug][gc,heap        ] GC(2952)  Metaspace       used 9905K, capacity 10179K, committed 10624K, reserved 1058816K
[429.263s][debug][gc,heap        ] GC(2952)   class space    used 1146K, capacity 1267K, committed 1408K, reserved 1048576K
[429.263s][info ][gc             ] GC(2952) Pause Young (Normal) (G1 Evacuation Pause) 183M->3M(302M) 1.484ms
[429.263s][info ][gc,cpu         ] GC(2952) User=0.00s Sys=0.00s Real=0.01s
[429.263s][info ][safepoint      ] Safepoint "G1CollectForAllocation", Time since last: 149086109 ns, Reaching safepoint: 80451 ns, At safepoint: 1644327 ns, Total: 1724778 ns
[429.411s][debug][gc,heap        ] GC(2953) Heap before GC invocations=2953 (full 1): garbage-first heap   total 309248K, used 188389K [0x0000000700000000, 0x0000000800000000)
[429.411s][debug][gc,heap        ] GC(2953)   region size 1024K, 181 young (185344K), 1 survivors (1024K)
[429.411s][debug][gc,heap        ] GC(2953)  Metaspace       used 9905K, capacity 10179K, committed 10624K, reserved 1058816K
[429.411s][debug][gc,heap        ] GC(2953)   class space    used 1146K, capacity 1267K, committed 1408K, reserved 1048576K
[429.411s][info ][gc,start       ] GC(2953) Pause Young (Normal) (G1 Evacuation Pause)
[429.411s][info ][gc,task        ] GC(2953) Using 8 workers of 8 for evacuation
[429.411s][debug][gc,tlab        ] GC(2953) TLAB totals: thrds: 8  refills: 723 max: 98 slow allocs: 0 max 0 waste:  1.2% gc: 1776504B max: 428392B slow: 418448B max: 56768B fast: 0B max: 0B
[429.411s][debug][gc,age         ] GC(2953) Desired survivor size 12058624 bytes, new threshold 15 (max threshold 15)
[429.411s][debug][gc,alloc,region] GC(2953) Mutator Allocation stats, regions: 180, wasted size: 0B ( 0.0%)
[429.411s][debug][gc,ergo        ] GC(2953) Running G1 Merge Heap Roots using 8 workers for 181 regions
[429.411s][debug][gc,remset      ] GC(2953) Visited cards 256 Total dirty 2048 (12.50%) Total old 759808 (0.03%)
[429.411s][debug][gc,ergo        ] GC(2953) Running G1 Clear Card Table Task using 1 workers for 1 units of work for 182 regions.
[429.411s][debug][gc,ref         ] GC(2953) Skipped phase1 of Reference Processing due to unavailable references
[429.411s][debug][gc,ref         ] GC(2953) Skipped phase2 of Reference Processing due to unavailable references
[429.411s][debug][gc,ref         ] GC(2953) Skipped phase3 of Reference Processing due to unavailable references
[429.411s][debug][gc,ref         ] GC(2953) Skipped phase4 of Reference Processing due to unavailable references
[429.411s][debug][gc,ergo        ] GC(2953) Running G1 Free Collection Set using 8 workers for collection set length 181 (302)
[429.411s][debug][gc,ergo        ] GC(2953) Running G1 Rebuild Free List Task using 8 workers for rebuilding free list of 0 (4096) regions
[429.411s][trace][gc,age         ] GC(2953) Age table with threshold 15 (max threshold 15)
[429.411s][trace][gc,age         ] GC(2953) - age   1:        624 bytes,        624 total
[429.411s][debug][gc,plab        ] GC(2953) Young PLAB allocation: allocated: 8256B, wasted: 0B, unused: 7632B, used: 624B, undo waste: 0B, 
[429.411s][debug][gc,plab        ] GC(2953) Young other allocation: region end waste: 0B, regions filled: 1, direct allocated: 0B, failure used: 0B, failure wasted: 0B
[429.411s][debug][gc,plab        ] GC(2953) Young sizing: calculated: 120B, actual: 2064B
[429.411s][debug][gc,plab        ] GC(2953) Old PLAB allocation: allocated: 0B, wasted: 0B, unused: 0B, used: 0B, undo waste: 0B, 
[429.411s][debug][gc,plab        ] GC(2953) Old other allocation: region end waste: 0B, regions filled: 1, direct allocated: 0B, failure used: 0B, failure wasted: 0B
[429.411s][debug][gc,plab        ] GC(2953) Old sizing: calculated: 0B, actual: 2064B
[429.411s][debug][gc,ihop        ] GC(2953) Basic information (value update), threshold: 142501478B (45.00), target occupancy: 316669952B, current occupancy: 4163000B, recent allocation size: 0B, recent allocation duration: 148.37ms, recent old gen allocation rate: 0.00B/s, recent marking phase length: 0.00ms
[429.411s][debug][gc,ihop        ] GC(2953) Adaptive IHOP information (value update), threshold: 142501478B (47.37), internal target occupancy: 300836454B, occupancy: 4163000B, additional buffer size: 189792256B, predicted old gen allocation rate: 0.00B/s, predicted marking phase length: 0.00ms, prediction active: false
[429.411s][debug][gc,ergo,refine ] GC(2953) Concurrent refinement times: Logged Cards Scan time goal: 20.00ms Logged Cards Scan time: 0.00ms HCC time: 0.00ms
[429.411s][debug][gc,ergo,refine ] GC(2953) Updated Refinement Zones: green: 2048, yellow: 6144, red: 10240
[429.411s][info ][gc,phases      ] GC(2953)   Pre Evacuate Collection Set: 0.1ms
[429.411s][debug][gc,phases      ] GC(2953)     Prepare TLABs: 0.0ms
[429.412s][debug][gc,phases      ] GC(2953)     Choose Collection Set: 0.0ms
[429.412s][debug][gc,phases      ] GC(2953)     Region Register: 0.1ms
[429.412s][debug][gc,phases      ] GC(2953)     Prepare Heap Roots: 0.0ms
[429.412s][info ][gc,phases      ] GC(2953)   Merge Heap Roots: 0.1ms
[429.412s][debug][gc,phases      ] GC(2953)     Prepare Merge Heap Roots: 0.0ms
[429.412s][debug][gc,phases      ] GC(2953)     Eager Reclaim (ms):       skipped
[429.412s][debug][gc,phases      ] GC(2953)     Remembered Sets (ms):     Min:  0.0, Avg:  0.0, Max:  0.0, Diff:  0.0, Sum:  0.1, Workers: 8
[429.412s][debug][gc,phases      ] GC(2953)       Merged Sparse:            Min: 0, Avg:  0.0, Max: 0, Diff: 0, Sum: 0, Workers: 8
[429.412s][debug][gc,phases      ] GC(2953)       Merged Fine:              Min: 0, Avg:  0.0, Max: 0, Diff: 0, Sum: 0, Workers: 8
[429.412s][debug][gc,phases      ] GC(2953)       Merged Coarse:            Min: 0, Avg:  0.0, Max: 0, Diff: 0, Sum: 0, Workers: 8
[429.412s][debug][gc,phases      ] GC(2953)       Dirty Cards:              Min: 0, Avg:  0.0, Max: 0, Diff: 0, Sum: 0, Workers: 8
[429.412s][debug][gc,phases      ] GC(2953)     Hot Card Cache (ms):      Min:  0.0, Avg:  0.0, Max:  0.0, Diff:  0.0, Sum:  0.0, Workers: 8
[429.412s][debug][gc,phases      ] GC(2953)       Dirty Cards:              Min: 0, Avg:  0.0, Max: 0, Diff: 0, Sum: 0, Workers: 8
[429.412s][debug][gc,phases      ] GC(2953)       Skipped Cards:            Min: 0, Avg:  0.0, Max: 0, Diff: 0, Sum: 0, Workers: 8
[429.412s][debug][gc,phases      ] GC(2953)     Log Buffers (ms):         Min:  0.0, Avg:  0.0, Max:  0.0, Diff:  0.0, Sum:  0.0, Workers: 8
[429.412s][debug][gc,phases      ] GC(2953)       Dirty Cards:              Min: 0, Avg:  0.1, Max: 1, Diff: 1, Sum: 1, Workers: 8
[429.412s][debug][gc,phases      ] GC(2953)       Skipped Cards:            Min: 0, Avg:  0.0, Max: 0, Diff: 0, Sum: 0, Workers: 8
[429.412s][info ][gc,phases      ] GC(2953)   Evacuate Collection Set: 0.1ms
[429.412s][debug][gc,phases      ] GC(2953)     Ext Root Scanning (ms):   Min:  0.0, Avg:  0.0, Max:  0.1, Diff:  0.1, Sum:  0.2, Workers: 8
[429.412s][debug][gc,phases      ] GC(2953)     Scan Heap Roots (ms):     Min:  0.0, Avg:  0.0, Max:  0.0, Diff:  0.0, Sum:  0.0, Workers: 8
[429.412s][debug][gc,phases      ] GC(2953)       Scanned Cards:            Min: 0, Avg:  0.1, Max: 1, Diff: 1, Sum: 1, Workers: 8
[429.412s][debug][gc,phases      ] GC(2953)       Scanned Blocks:           Min: 0, Avg:  0.1, Max: 1, Diff: 1, Sum: 1, Workers: 8
[429.412s][debug][gc,phases      ] GC(2953)       Claimed Chunks:           Min: 0, Avg:  0.1, Max: 1, Diff: 1, Sum: 1, Workers: 8
[429.412s][debug][gc,phases      ] GC(2953)     Code Root Scan (ms):      Min:  0.0, Avg:  0.0, Max:  0.0, Diff:  0.0, Sum:  0.0, Workers: 8
[429.412s][debug][gc,phases      ] GC(2953)     Object Copy (ms):         Min:  0.0, Avg:  0.0, Max:  0.0, Diff:  0.0, Sum:  0.0, Workers: 8
[429.412s][debug][gc,phases      ] GC(2953)     Termination (ms):         Min:  0.0, Avg:  0.0, Max:  0.1, Diff:  0.0, Sum:  0.3, Workers: 8
[429.412s][debug][gc,phases      ] GC(2953)       Termination Attempts:     Min: 1, Avg:  1.0, Max: 1, Diff: 0, Sum: 8, Workers: 8
[429.412s][debug][gc,phases      ] GC(2953)     GC Worker Other (ms):     Min:  0.0, Avg:  0.0, Max:  0.0, Diff:  0.0, Sum:  0.1, Workers: 8
[429.412s][debug][gc,phases      ] GC(2953)     GC Worker Total (ms):     Min:  0.0, Avg:  0.1, Max:  0.1, Diff:  0.1, Sum:  0.6, Workers: 8
[429.412s][info ][gc,phases      ] GC(2953)   Post Evacuate Collection Set: 0.3ms
[429.412s][debug][gc,phases      ] GC(2953)     Code Roots Fixup: 0.0ms
[429.412s][debug][gc,phases      ] GC(2953)     Clear Card Table: 0.1ms
[429.412s][debug][gc,phases      ] GC(2953)     Reference Processing: 0.0ms
[429.412s][debug][gc,phases,ref  ] GC(2953)       Reconsider SoftReferences: 0.0ms
[429.412s][debug][gc,phases,ref  ] GC(2953)         SoftRef (ms):             skipped
[429.412s][debug][gc,phases,ref  ] GC(2953)       Notify Soft/WeakReferences: 0.0ms
[429.412s][debug][gc,phases,ref  ] GC(2953)         SoftRef (ms):             skipped
[429.412s][debug][gc,phases,ref  ] GC(2953)         WeakRef (ms):             skipped
[429.412s][debug][gc,phases,ref  ] GC(2953)         FinalRef (ms):            skipped
[429.412s][debug][gc,phases,ref  ] GC(2953)         Total (ms):               skipped
[429.412s][debug][gc,phases,ref  ] GC(2953)       Notify and keep alive finalizable: 0.0ms
[429.412s][debug][gc,phases,ref  ] GC(2953)         FinalRef (ms):            skipped
[429.412s][debug][gc,phases,ref  ] GC(2953)       Notify PhantomReferences: 0.0ms
[429.412s][debug][gc,phases,ref  ] GC(2953)         PhantomRef (ms):          skipped
[429.412s][debug][gc,phases,ref  ] GC(2953)       SoftReference:
[429.412s][debug][gc,phases,ref  ] GC(2953)         Discovered: 0
[429.412s][debug][gc,phases,ref  ] GC(2953)         Cleared: 0
[429.412s][debug][gc,phases,ref  ] GC(2953)       WeakReference:
[429.412s][debug][gc,phases,ref  ] GC(2953)         Discovered: 0
[429.412s][debug][gc,phases,ref  ] GC(2953)         Cleared: 0
[429.412s][debug][gc,phases,ref  ] GC(2953)       FinalReference:
[429.412s][debug][gc,phases,ref  ] GC(2953)         Discovered: 0
[429.412s][debug][gc,phases,ref  ] GC(2953)         Cleared: 0
[429.412s][debug][gc,phases,ref  ] GC(2953)       PhantomReference:
[429.412s][debug][gc,phases,ref  ] GC(2953)         Discovered: 0
[429.412s][debug][gc,phases,ref  ] GC(2953)         Cleared: 0
[429.412s][debug][gc,phases      ] GC(2953)     Weak Processing: 0.1ms
[429.412s][debug][gc,phases      ] GC(2953)       JVMTI weak processing: 0.0ms
[429.412s][debug][gc,phases      ] GC(2953)         Dead: 0
[429.412s][debug][gc,phases      ] GC(2953)         Total: 0
[429.412s][debug][gc,phases      ] GC(2953)       JFR weak processing: 0.0ms
[429.412s][debug][gc,phases      ] GC(2953)         Dead: 0
[429.412s][debug][gc,phases      ] GC(2953)         Total: 0
[429.412s][debug][gc,phases      ] GC(2953)       JNI weak                  Min:  0.0, Avg:  0.0, Max:  0.0, Diff:  0.0, Sum:  0.0, Workers: 5
[429.412s][debug][gc,phases      ] GC(2953)         Dead                      Min: 0, Avg:  0.0, Max: 0, Diff: 0, Sum: 0, Workers: 5
[429.412s][debug][gc,phases      ] GC(2953)         Total                     Min: 0, Avg: 13.6, Max: 52, Diff: 52, Sum: 68, Workers: 5
[429.412s][debug][gc,phases      ] GC(2953)       VM weak                   Min:  0.0, Avg:  0.0, Max:  0.0, Diff:  0.0, Sum:  0.0, Workers: 5
[429.412s][debug][gc,phases      ] GC(2953)         Dead                      Min: 0, Avg:  0.0, Max: 0, Diff: 0, Sum: 0, Workers: 5
[429.412s][debug][gc,phases      ] GC(2953)         Total                     Min: 0, Avg: 42.6, Max: 85, Diff: 85, Sum: 213, Workers: 5
[429.412s][debug][gc,phases      ] GC(2953)       StringTable weak          Min:  0.0, Avg:  0.0, Max:  0.0, Diff:  0.0, Sum:  0.0, Workers: 5
[429.412s][debug][gc,phases      ] GC(2953)         Dead                      Min: 0, Avg:  0.0, Max: 0, Diff: 0, Sum: 0, Workers: 5
[429.412s][debug][gc,phases      ] GC(2953)         Total                     Min: 0, Avg: 682.0, Max: 979, Diff: 979, Sum: 3410, Workers: 5
[429.412s][debug][gc,phases      ] GC(2953)       ResolvedMethodTable weak  Min:  0.0, Avg:  0.0, Max:  0.0, Diff:  0.0, Sum:  0.0, Workers: 5
[429.412s][debug][gc,phases      ] GC(2953)         Dead                      Min: 0, Avg:  0.0, Max: 0, Diff: 0, Sum: 0, Workers: 5
[429.412s][debug][gc,phases      ] GC(2953)         Total                     Min: 0, Avg: 114.8, Max: 190, Diff: 190, Sum: 574, Workers: 5
[429.412s][debug][gc,phases      ] GC(2953)     Merge Per-Thread State: 0.0ms
[429.412s][debug][gc,phases      ] GC(2953)       Copied Bytes              Min: 0, Avg: 78.0, Max: 216, Diff: 216, Sum: 624, Workers: 8
[429.412s][debug][gc,phases      ] GC(2953)       LAB Waste                 Min: 0, Avg:  0.0, Max: 0, Diff: 0, Sum: 0, Workers: 8
[429.412s][debug][gc,phases      ] GC(2953)       LAB Undo Waste            Min: 0, Avg:  0.0, Max: 0, Diff: 0, Sum: 0, Workers: 8
[429.412s][debug][gc,phases      ] GC(2953)     Code Roots Purge: 0.0ms
[429.412s][debug][gc,phases      ] GC(2953)     Redirty Cards: 0.0ms
[429.412s][debug][gc,phases      ] GC(2953)     DerivedPointerTable Update: 0.0ms
[429.412s][debug][gc,phases      ] GC(2953)     Free Collection Set: 0.1ms
[429.412s][debug][gc,phases      ] GC(2953)     Rebuild Free List: 0.0ms
[429.412s][debug][gc,phases      ] GC(2953)     Humongous Reclaim: 0.0ms
[429.412s][debug][gc,phases      ] GC(2953)     Start New Collection Set: 0.0ms
[429.412s][debug][gc,phases      ] GC(2953)     Resize TLABs: 0.0ms
[429.412s][debug][gc,phases      ] GC(2953)     Expand Heap After Collection: 0.0ms
[429.412s][info ][gc,phases      ] GC(2953)   Other: 0.3ms
[429.412s][info ][gc,heap        ] GC(2953) Eden regions: 180->0(180)
[429.412s][info ][gc,heap        ] GC(2953) Survivor regions: 1->1(23)
[429.412s][info ][gc,heap        ] GC(2953) Old regions: 7->7
[429.412s][info ][gc,heap        ] GC(2953) Archive regions: 2->2
[429.412s][info ][gc,heap        ] GC(2953) Humongous regions: 0->0
[429.412s][info ][gc,metaspace   ] GC(2953) Metaspace: 9905K(10624K)->9905K(10624K) NonClass: 8758K(9216K)->8758K(9216K) Class: 1146K(1408K)->1146K(1408K)
[429.412s][debug][gc,heap        ] GC(2953) Heap after GC invocations=2954 (full 1): garbage-first heap   total 309248K, used 4065K [0x0000000700000000, 0x0000000800000000)
[429.412s][debug][gc,heap        ] GC(2953)   region size 1024K, 1 young (1024K), 1 survivors (1024K)
[429.412s][debug][gc,heap        ] GC(2953)  Metaspace       used 9905K, capacity 10179K, committed 10624K, reserved 1058816K
[429.412s][debug][gc,heap        ] GC(2953)   class space    used 1146K, capacity 1267K, committed 1408K, reserved 1048576K
[429.412s][info ][gc             ] GC(2953) Pause Young (Normal) (G1 Evacuation Pause) 183M->3M(302M) 1.524ms
[429.412s][info ][gc,cpu         ] GC(2953) User=0.01s Sys=0.00s Real=0.00s
[429.412s][info ][safepoint      ] Safepoint "G1CollectForAllocation", Time since last: 147328843 ns, Reaching safepoint: 167854 ns, At safepoint: 1692691 ns, Total: 1860545 ns
[429.548s][debug][gc,heap        ] GC(2954) Heap before GC invocations=2954 (full 1): garbage-first heap   total 309248K, used 188385K [0x0000000700000000, 0x0000000800000000)
[429.549s][debug][gc,heap        ] GC(2954)   region size 1024K, 181 young (185344K), 1 survivors (1024K)
[429.549s][debug][gc,heap        ] GC(2954)  Metaspace       used 9905K, capacity 10179K, committed 10624K, reserved 1058816K
[429.549s][debug][gc,heap        ] GC(2954)   class space    used 1146K, capacity 1267K, committed 1408K, reserved 1048576K
[429.549s][info ][gc,start       ] GC(2954) Pause Young (Normal) (G1 Evacuation Pause)
[429.549s][info ][gc,task        ] GC(2954) Using 8 workers of 8 for evacuation
[429.549s][debug][gc,tlab        ] GC(2954) TLAB totals: thrds: 8  refills: 722 max: 101 slow allocs: 0 max 0 waste:  0.8% gc: 1087520B max: 331592B slow: 417704B max: 58480B fast: 0B max: 0B
[429.549s][debug][gc,age         ] GC(2954) Desired survivor size 12058624 bytes, new threshold 15 (max threshold 15)
[429.549s][debug][gc,alloc,region] GC(2954) Mutator Allocation stats, regions: 180, wasted size: 0B ( 0.0%)
[429.549s][debug][gc,ergo        ] GC(2954) Running G1 Merge Heap Roots using 8 workers for 181 regions
[429.549s][debug][gc,remset      ] GC(2954) Visited cards 256 Total dirty 2048 (12.50%) Total old 759808 (0.03%)
[429.549s][debug][gc,ergo        ] GC(2954) Running G1 Clear Card Table Task using 1 workers for 1 units of work for 182 regions.
[429.549s][debug][gc,ref         ] GC(2954) Skipped phase1 of Reference Processing due to unavailable references
[429.549s][debug][gc,ref         ] GC(2954) Skipped phase2 of Reference Processing due to unavailable references
[429.549s][debug][gc,ref         ] GC(2954) Skipped phase3 of Reference Processing due to unavailable references
[429.549s][debug][gc,ref         ] GC(2954) Skipped phase4 of Reference Processing due to unavailable references
[429.549s][debug][gc,ergo        ] GC(2954) Running G1 Free Collection Set using 8 workers for collection set length 181 (302)
[429.549s][debug][gc,ergo        ] GC(2954) Running G1 Rebuild Free List Task using 8 workers for rebuilding free list of 0 (4096) regions
[429.549s][trace][gc,age         ] GC(2954) Age table with threshold 15 (max threshold 15)
[429.549s][trace][gc,age         ] GC(2954) - age   1:        592 bytes,        592 total
[429.549s][debug][gc,plab        ] GC(2954) Young PLAB allocation: allocated: 16512B, wasted: 0B, unused: 15920B, used: 592B, undo waste: 0B, 
[429.549s][debug][gc,plab        ] GC(2954) Young other allocation: region end waste: 0B, regions filled: 1, direct allocated: 0B, failure used: 0B, failure wasted: 0B
[429.549s][debug][gc,plab        ] GC(2954) Young sizing: calculated: 112B, actual: 2064B
[429.549s][debug][gc,plab        ] GC(2954) Old PLAB allocation: allocated: 0B, wasted: 0B, unused: 0B, used: 0B, undo waste: 0B, 
[429.549s][debug][gc,plab        ] GC(2954) Old other allocation: region end waste: 0B, regions filled: 1, direct allocated: 0B, failure used: 0B, failure wasted: 0B
[429.549s][debug][gc,plab        ] GC(2954) Old sizing: calculated: 0B, actual: 2064B
[429.549s][debug][gc,ihop        ] GC(2954) Basic information (value update), threshold: 142501478B (45.00), target occupancy: 316669952B, current occupancy: 4171256B, recent allocation size: 0B, recent allocation duration: 137.12ms, recent old gen allocation rate: 0.00B/s, recent marking phase length: 0.00ms
[429.549s][debug][gc,ihop        ] GC(2954) Adaptive IHOP information (value update), threshold: 142501478B (47.37), internal target occupancy: 300836454B, occupancy: 4171256B, additional buffer size: 189792256B, predicted old gen allocation rate: 0.00B/s, predicted marking phase length: 0.00ms, prediction active: false
[429.549s][debug][gc,ergo,refine ] GC(2954) Concurrent refinement times: Logged Cards Scan time goal: 20.00ms Logged Cards Scan time: 0.00ms HCC time: 0.00ms
[429.549s][debug][gc,ergo,refine ] GC(2954) Updated Refinement Zones: green: 2048, yellow: 6144, red: 10240
[429.549s][info ][gc,phases      ] GC(2954)   Pre Evacuate Collection Set: 0.2ms
[429.549s][debug][gc,phases      ] GC(2954)     Prepare TLABs: 0.0ms
[429.549s][debug][gc,phases      ] GC(2954)     Choose Collection Set: 0.0ms
[429.549s][debug][gc,phases      ] GC(2954)     Region Register: 0.2ms
[429.549s][debug][gc,phases      ] GC(2954)     Prepare Heap Roots: 0.0ms
[429.550s][info ][gc,phases      ] GC(2954)   Merge Heap Roots: 0.1ms
[429.550s][debug][gc,phases      ] GC(2954)     Prepare Merge Heap Roots: 0.0ms
[429.550s][debug][gc,phases      ] GC(2954)     Eager Reclaim (ms):       skipped
[429.550s][debug][gc,phases      ] GC(2954)     Remembered Sets (ms):     Min:  0.0, Avg:  0.0, Max:  0.0, Diff:  0.0, Sum:  0.0, Workers: 8
[429.550s][debug][gc,phases      ] GC(2954)       Merged Sparse:            Min: 0, Avg:  0.0, Max: 0, Diff: 0, Sum: 0, Workers: 8
[429.550s][debug][gc,phases      ] GC(2954)       Merged Fine:              Min: 0, Avg:  0.0, Max: 0, Diff: 0, Sum: 0, Workers: 8
[429.550s][debug][gc,phases      ] GC(2954)       Merged Coarse:            Min: 0, Avg:  0.0, Max: 0, Diff: 0, Sum: 0, Workers: 8
[429.550s][debug][gc,phases      ] GC(2954)       Dirty Cards:              Min: 0, Avg:  0.0, Max: 0, Diff: 0, Sum: 0, Workers: 8
[429.550s][debug][gc,phases      ] GC(2954)     Hot Card Cache (ms):      Min:  0.0, Avg:  0.0, Max:  0.0, Diff:  0.0, Sum:  0.0, Workers: 8
[429.550s][debug][gc,phases      ] GC(2954)       Dirty Cards:              Min: 0, Avg:  0.0, Max: 0, Diff: 0, Sum: 0, Workers: 8
[429.550s][debug][gc,phases      ] GC(2954)       Skipped Cards:            Min: 0, Avg:  0.0, Max: 0, Diff: 0, Sum: 0, Workers: 8
[429.550s][debug][gc,phases      ] GC(2954)     Log Buffers (ms):         Min:  0.0, Avg:  0.0, Max:  0.0, Diff:  0.0, Sum:  0.0, Workers: 8
[429.550s][debug][gc,phases      ] GC(2954)       Dirty Cards:              Min: 0, Avg:  0.1, Max: 1, Diff: 1, Sum: 1, Workers: 8
[429.550s][debug][gc,phases      ] GC(2954)       Skipped Cards:            Min: 0, Avg:  0.0, Max: 0, Diff: 0, Sum: 0, Workers: 8
[429.550s][info ][gc,phases      ] GC(2954)   Evacuate Collection Set: 0.2ms
[429.550s][debug][gc,phases      ] GC(2954)     Ext Root Scanning (ms):   Min:  0.0, Avg:  0.0, Max:  0.1, Diff:  0.1, Sum:  0.2, Workers: 8
[429.550s][debug][gc,phases      ] GC(2954)     Scan Heap Roots (ms):     Min:  0.0, Avg:  0.0, Max:  0.0, Diff:  0.0, Sum:  0.0, Workers: 8
[429.550s][debug][gc,phases      ] GC(2954)       Scanned Cards:            Min: 0, Avg:  0.1, Max: 1, Diff: 1, Sum: 1, Workers: 8
[429.550s][debug][gc,phases      ] GC(2954)       Scanned Blocks:           Min: 0, Avg:  0.1, Max: 1, Diff: 1, Sum: 1, Workers: 8
[429.550s][debug][gc,phases      ] GC(2954)       Claimed Chunks:           Min: 0, Avg:  0.1, Max: 1, Diff: 1, Sum: 1, Workers: 8
[429.550s][debug][gc,phases      ] GC(2954)     Code Root Scan (ms):      Min:  0.0, Avg:  0.0, Max:  0.0, Diff:  0.0, Sum:  0.0, Workers: 8
[429.550s][debug][gc,phases      ] GC(2954)     Object Copy (ms):         Min:  0.0, Avg:  0.0, Max:  0.0, Diff:  0.0, Sum:  0.0, Workers: 8
[429.550s][debug][gc,phases      ] GC(2954)     Termination (ms):         Min:  0.1, Avg:  0.1, Max:  0.1, Diff:  0.0, Sum:  0.5, Workers: 8
[429.550s][debug][gc,phases      ] GC(2954)       Termination Attempts:     Min: 1, Avg:  1.0, Max: 1, Diff: 0, Sum: 8, Workers: 8
[429.550s][debug][gc,phases      ] GC(2954)     GC Worker Other (ms):     Min:  0.0, Avg:  0.0, Max:  0.0, Diff:  0.0, Sum:  0.1, Workers: 8
[429.550s][debug][gc,phases      ] GC(2954)     GC Worker Total (ms):     Min:  0.1, Avg:  0.1, Max:  0.1, Diff:  0.0, Sum:  0.9, Workers: 8
[429.550s][info ][gc,phases      ] GC(2954)   Post Evacuate Collection Set: 0.3ms
[429.550s][debug][gc,phases      ] GC(2954)     Code Roots Fixup: 0.0ms
[429.550s][debug][gc,phases      ] GC(2954)     Clear Card Table: 0.1ms
[429.550s][debug][gc,phases      ] GC(2954)     Reference Processing: 0.0ms
[429.550s][debug][gc,phases,ref  ] GC(2954)       Reconsider SoftReferences: 0.0ms
[429.550s][debug][gc,phases,ref  ] GC(2954)         SoftRef (ms):             skipped
[429.550s][debug][gc,phases,ref  ] GC(2954)       Notify Soft/WeakReferences: 0.0ms
[429.550s][debug][gc,phases,ref  ] GC(2954)         SoftRef (ms):             skipped
[429.550s][debug][gc,phases,ref  ] GC(2954)         WeakRef (ms):             skipped
[429.550s][debug][gc,phases,ref  ] GC(2954)         FinalRef (ms):            skipped
[429.550s][debug][gc,phases,ref  ] GC(2954)         Total (ms):               skipped
[429.550s][debug][gc,phases,ref  ] GC(2954)       Notify and keep alive finalizable: 0.0ms
[429.550s][debug][gc,phases,ref  ] GC(2954)         FinalRef (ms):            skipped
[429.550s][debug][gc,phases,ref  ] GC(2954)       Notify PhantomReferences: 0.0ms
[429.550s][debug][gc,phases,ref  ] GC(2954)         PhantomRef (ms):          skipped
[429.550s][debug][gc,phases,ref  ] GC(2954)       SoftReference:
[429.550s][debug][gc,phases,ref  ] GC(2954)         Discovered: 0
[429.550s][debug][gc,phases,ref  ] GC(2954)         Cleared: 0
[429.550s][debug][gc,phases,ref  ] GC(2954)       WeakReference:
[429.550s][debug][gc,phases,ref  ] GC(2954)         Discovered: 0
[429.550s][debug][gc,phases,ref  ] GC(2954)         Cleared: 0
[429.550s][debug][gc,phases,ref  ] GC(2954)       FinalReference:
[429.550s][debug][gc,phases,ref  ] GC(2954)         Discovered: 0
[429.550s][debug][gc,phases,ref  ] GC(2954)         Cleared: 0
[429.550s][debug][gc,phases,ref  ] GC(2954)       PhantomReference:
[429.550s][debug][gc,phases,ref  ] GC(2954)         Discovered: 0
[429.550s][debug][gc,phases,ref  ] GC(2954)         Cleared: 0
[429.550s][debug][gc,phases      ] GC(2954)     Weak Processing: 0.0ms
[429.550s][debug][gc,phases      ] GC(2954)       JVMTI weak processing: 0.0ms
[429.550s][debug][gc,phases      ] GC(2954)         Dead: 0
[429.550s][debug][gc,phases      ] GC(2954)         Total: 0
[429.550s][debug][gc,phases      ] GC(2954)       JFR weak processing: 0.0ms
[429.550s][debug][gc,phases      ] GC(2954)         Dead: 0
[429.550s][debug][gc,phases      ] GC(2954)         Total: 0
[429.550s][debug][gc,phases      ] GC(2954)       JNI weak                  Min:  0.0, Avg:  0.0, Max:  0.0, Diff:  0.0, Sum:  0.0, Workers: 5
[429.550s][debug][gc,phases      ] GC(2954)         Dead                      Min: 0, Avg:  0.0, Max: 0, Diff: 0, Sum: 0, Workers: 5
[429.550s][debug][gc,phases      ] GC(2954)         Total                     Min: 0, Avg: 13.6, Max: 52, Diff: 52, Sum: 68, Workers: 5
[429.550s][debug][gc,phases      ] GC(2954)       VM weak                   Min:  0.0, Avg:  0.0, Max:  0.0, Diff:  0.0, Sum:  0.0, Workers: 5
[429.550s][debug][gc,phases      ] GC(2954)         Dead                      Min: 0, Avg:  0.0, Max: 0, Diff: 0, Sum: 0, Workers: 5
[429.550s][debug][gc,phases      ] GC(2954)         Total                     Min: 0, Avg: 42.6, Max: 128, Diff: 128, Sum: 213, Workers: 5
[429.550s][debug][gc,phases      ] GC(2954)       StringTable weak          Min:  0.0, Avg:  0.0, Max:  0.0, Diff:  0.0, Sum:  0.1, Workers: 5
[429.550s][debug][gc,phases      ] GC(2954)         Dead                      Min: 0, Avg:  0.0, Max: 0, Diff: 0, Sum: 0, Workers: 5
[429.550s][debug][gc,phases      ] GC(2954)         Total                     Min: 0, Avg: 682.0, Max: 1663, Diff: 1663, Sum: 3410, Workers: 5
[429.550s][debug][gc,phases      ] GC(2954)       ResolvedMethodTable weak  Min:  0.0, Avg:  0.0, Max:  0.0, Diff:  0.0, Sum:  0.0, Workers: 5
[429.550s][debug][gc,phases      ] GC(2954)         Dead                      Min: 0, Avg:  0.0, Max: 0, Diff: 0, Sum: 0, Workers: 5
[429.550s][debug][gc,phases      ] GC(2954)         Total                     Min: 0, Avg: 114.8, Max: 192, Diff: 192, Sum: 574, Workers: 5
[429.550s][debug][gc,phases      ] GC(2954)     Merge Per-Thread State: 0.0ms
[429.550s][debug][gc,phases      ] GC(2954)       Copied Bytes              Min: 48, Avg: 74.0, Max: 152, Diff: 104, Sum: 592, Workers: 8
[429.550s][debug][gc,phases      ] GC(2954)       LAB Waste                 Min: 0, Avg:  0.0, Max: 0, Diff: 0, Sum: 0, Workers: 8
[429.550s][debug][gc,phases      ] GC(2954)       LAB Undo Waste            Min: 0, Avg:  0.0, Max: 0, Diff: 0, Sum: 0, Workers: 8
[429.550s][debug][gc,phases      ] GC(2954)     Code Roots Purge: 0.0ms
[429.550s][debug][gc,phases      ] GC(2954)     Redirty Cards: 0.0ms
[429.550s][debug][gc,phases      ] GC(2954)     DerivedPointerTable Update: 0.0ms
[429.550s][debug][gc,phases      ] GC(2954)     Free Collection Set: 0.1ms
[429.550s][debug][gc,phases      ] GC(2954)     Rebuild Free List: 0.0ms
[429.550s][debug][gc,phases      ] GC(2954)     Humongous Reclaim: 0.0ms
[429.550s][debug][gc,phases      ] GC(2954)     Start New Collection Set: 0.0ms
[429.550s][debug][gc,phases      ] GC(2954)     Resize TLABs: 0.0ms
[429.550s][debug][gc,phases      ] GC(2954)     Expand Heap After Collection: 0.0ms
[429.550s][info ][gc,phases      ] GC(2954)   Other: 0.3ms
[429.550s][info ][gc,heap        ] GC(2954) Eden regions: 180->0(180)
[429.550s][info ][gc,heap        ] GC(2954) Survivor regions: 1->1(23)
[429.550s][info ][gc,heap        ] GC(2954) Old regions: 7->7
[429.550s][info ][gc,heap        ] GC(2954) Archive regions: 2->2
[429.550s][info ][gc,heap        ] GC(2954) Humongous regions: 0->0
[429.550s][info ][gc,metaspace   ] GC(2954) Metaspace: 9905K(10624K)->9905K(10624K) NonClass: 8758K(9216K)->8758K(9216K) Class: 1146K(1408K)->1146K(1408K)
[429.550s][debug][gc,heap        ] GC(2954) Heap after GC invocations=2955 (full 1): garbage-first heap   total 309248K, used 4073K [0x0000000700000000, 0x0000000800000000)
[429.550s][debug][gc,heap        ] GC(2954)   region size 1024K, 1 young (1024K), 1 survivors (1024K)
[429.550s][debug][gc,heap        ] GC(2954)  Metaspace       used 9905K, capacity 10179K, committed 10624K, reserved 1058816K
[429.550s][debug][gc,heap        ] GC(2954)   class space    used 1146K, capacity 1267K, committed 1408K, reserved 1048576K
[429.550s][info ][gc             ] GC(2954) Pause Young (Normal) (G1 Evacuation Pause) 183M->3M(302M) 1.574ms
[429.550s][info ][gc,cpu         ] GC(2954) User=0.00s Sys=0.00s Real=0.00s
[429.550s][info ][safepoint      ] Safepoint "G1CollectForAllocation", Time since last: 136099768 ns, Reaching safepoint: 94657 ns, At safepoint: 1735931 ns, Total: 1830588 ns
[429.704s][debug][gc,heap        ] GC(2955) Heap before GC invocations=2955 (full 1): garbage-first heap   total 309248K, used 187369K [0x0000000700000000, 0x0000000800000000)
[429.704s][debug][gc,heap        ] GC(2955)   region size 1024K, 181 young (185344K), 1 survivors (1024K)
[429.704s][debug][gc,heap        ] GC(2955)  Metaspace       used 9905K, capacity 10179K, committed 10624K, reserved 1058816K
[429.704s][debug][gc,heap        ] GC(2955)   class space    used 1146K, capacity 1267K, committed 1408K, reserved 1048576K
[429.704s][info ][gc,start       ] GC(2955) Pause Young (Normal) (G1 Evacuation Pause)
[429.704s][info ][gc,task        ] GC(2955) Using 8 workers of 8 for evacuation
[429.704s][debug][gc,tlab        ] GC(2955) TLAB totals: thrds: 8  refills: 723 max: 97 slow allocs: 0 max 0 waste:  0.8% gc: 1052888B max: 299416B slow: 416792B max: 56048B fast: 0B max: 0B
[429.704s][debug][gc,age         ] GC(2955) Desired survivor size 12058624 bytes, new threshold 15 (max threshold 15)
[429.704s][debug][gc,alloc,region] GC(2955) Mutator Allocation stats, regions: 180, wasted size: 0B ( 0.0%)
[429.704s][debug][gc,ergo        ] GC(2955) Running G1 Merge Heap Roots using 8 workers for 181 regions
[429.704s][debug][gc,remset      ] GC(2955) Visited cards 256 Total dirty 2048 (12.50%) Total old 759808 (0.03%)
[429.704s][debug][gc,ergo        ] GC(2955) Running G1 Clear Card Table Task using 1 workers for 1 units of work for 182 regions.
[429.704s][debug][gc,ref         ] GC(2955) Skipped phase1 of Reference Processing due to unavailable references
[429.704s][debug][gc,ref         ] GC(2955) Skipped phase2 of Reference Processing due to unavailable references
[429.704s][debug][gc,ref         ] GC(2955) Skipped phase3 of Reference Processing due to unavailable references
[429.704s][debug][gc,ref         ] GC(2955) Skipped phase4 of Reference Processing due to unavailable references
[429.704s][debug][gc,ergo        ] GC(2955) Running G1 Free Collection Set using 8 workers for collection set length 181 (302)
[429.704s][debug][gc,ergo        ] GC(2955) Running G1 Rebuild Free List Task using 8 workers for rebuilding free list of 0 (4096) regions
[429.705s][trace][gc,age         ] GC(2955) Age table with threshold 15 (max threshold 15)
[429.705s][trace][gc,age         ] GC(2955) - age   1:        488 bytes,        488 total
[429.705s][debug][gc,plab        ] GC(2955) Young PLAB allocation: allocated: 10320B, wasted: 0B, unused: 9832B, used: 488B, undo waste: 0B, 
[429.705s][debug][gc,plab        ] GC(2955) Young other allocation: region end waste: 0B, regions filled: 1, direct allocated: 0B, failure used: 0B, failure wasted: 0B
[429.705s][debug][gc,plab        ] GC(2955) Young sizing: calculated: 96B, actual: 2064B
[429.705s][debug][gc,plab        ] GC(2955) Old PLAB allocation: allocated: 0B, wasted: 0B, unused: 0B, used: 0B, undo waste: 0B, 
[429.705s][debug][gc,plab        ] GC(2955) Old other allocation: region end waste: 0B, regions filled: 1, direct allocated: 0B, failure used: 0B, failure wasted: 0B
[429.705s][debug][gc,plab        ] GC(2955) Old sizing: calculated: 0B, actual: 2064B
[429.705s][debug][gc,ihop        ] GC(2955) Basic information (value update), threshold: 142501478B (45.00), target occupancy: 316669952B, current occupancy: 4165064B, recent allocation size: 0B, recent allocation duration: 154.32ms, recent old gen allocation rate: 0.00B/s, recent marking phase length: 0.00ms
[429.705s][debug][gc,ihop        ] GC(2955) Adaptive IHOP information (value update), threshold: 142501478B (47.37), internal target occupancy: 300836454B, occupancy: 4165064B, additional buffer size: 189792256B, predicted old gen allocation rate: 0.00B/s, predicted marking phase length: 0.00ms, prediction active: false
[429.705s][debug][gc,ergo,refine ] GC(2955) Concurrent refinement times: Logged Cards Scan time goal: 20.00ms Logged Cards Scan time: 0.00ms HCC time: 0.00ms
[429.705s][debug][gc,ergo,refine ] GC(2955) Updated Refinement Zones: green: 2048, yellow: 6144, red: 10240
[429.705s][info ][gc,phases      ] GC(2955)   Pre Evacuate Collection Set: 0.1ms
[429.705s][debug][gc,phases      ] GC(2955)     Prepare TLABs: 0.0ms
[429.705s][debug][gc,phases      ] GC(2955)     Choose Collection Set: 0.0ms
[429.705s][debug][gc,phases      ] GC(2955)     Region Register: 0.1ms
[429.705s][debug][gc,phases      ] GC(2955)     Prepare Heap Roots: 0.0ms
[429.705s][info ][gc,phases      ] GC(2955)   Merge Heap Roots: 0.2ms
[429.705s][debug][gc,phases      ] GC(2955)     Prepare Merge Heap Roots: 0.0ms
[429.705s][debug][gc,phases      ] GC(2955)     Eager Reclaim (ms):       skipped
[429.705s][debug][gc,phases      ] GC(2955)     Remembered Sets (ms):     Min:  0.0, Avg:  0.0, Max:  0.0, Diff:  0.0, Sum:  0.0, Workers: 8
[429.705s][debug][gc,phases      ] GC(2955)       Merged Sparse:            Min: 0, Avg:  0.0, Max: 0, Diff: 0, Sum: 0, Workers: 8
[429.705s][debug][gc,phases      ] GC(2955)       Merged Fine:              Min: 0, Avg:  0.0, Max: 0, Diff: 0, Sum: 0, Workers: 8
[429.705s][debug][gc,phases      ] GC(2955)       Merged Coarse:            Min: 0, Avg:  0.0, Max: 0, Diff: 0, Sum: 0, Workers: 8
[429.705s][debug][gc,phases      ] GC(2955)       Dirty Cards:              Min: 0, Avg:  0.0, Max: 0, Diff: 0, Sum: 0, Workers: 8
[429.705s][debug][gc,phases      ] GC(2955)     Hot Card Cache (ms):      Min:  0.0, Avg:  0.0, Max:  0.0, Diff:  0.0, Sum:  0.0, Workers: 8
[429.705s][debug][gc,phases      ] GC(2955)       Dirty Cards:              Min: 0, Avg:  0.0, Max: 0, Diff: 0, Sum: 0, Workers: 8
[429.705s][debug][gc,phases      ] GC(2955)       Skipped Cards:            Min: 0, Avg:  0.0, Max: 0, Diff: 0, Sum: 0, Workers: 8
[429.705s][debug][gc,phases      ] GC(2955)     Log Buffers (ms):         Min:  0.0, Avg:  0.0, Max:  0.0, Diff:  0.0, Sum:  0.0, Workers: 8
[429.705s][debug][gc,phases      ] GC(2955)       Dirty Cards:              Min: 0, Avg:  0.1, Max: 1, Diff: 1, Sum: 1, Workers: 8
[429.705s][debug][gc,phases      ] GC(2955)       Skipped Cards:            Min: 0, Avg:  0.0, Max: 0, Diff: 0, Sum: 0, Workers: 8
[429.705s][info ][gc,phases      ] GC(2955)   Evacuate Collection Set: 0.1ms
[429.705s][debug][gc,phases      ] GC(2955)     Ext Root Scanning (ms):   Min:  0.0, Avg:  0.0, Max:  0.1, Diff:  0.1, Sum:  0.2, Workers: 8
[429.705s][debug][gc,phases      ] GC(2955)     Scan Heap Roots (ms):     Min:  0.0, Avg:  0.0, Max:  0.0, Diff:  0.0, Sum:  0.0, Workers: 8
[429.705s][debug][gc,phases      ] GC(2955)       Scanned Cards:            Min: 0, Avg:  0.1, Max: 1, Diff: 1, Sum: 1, Workers: 8
[429.705s][debug][gc,phases      ] GC(2955)       Scanned Blocks:           Min: 0, Avg:  0.1, Max: 1, Diff: 1, Sum: 1, Workers: 8
[429.705s][debug][gc,phases      ] GC(2955)       Claimed Chunks:           Min: 0, Avg:  0.1, Max: 1, Diff: 1, Sum: 1, Workers: 8
[429.705s][debug][gc,phases      ] GC(2955)     Code Root Scan (ms):      Min:  0.0, Avg:  0.0, Max:  0.0, Diff:  0.0, Sum:  0.0, Workers: 8
[429.705s][debug][gc,phases      ] GC(2955)     Object Copy (ms):         Min:  0.0, Avg:  0.0, Max:  0.0, Diff:  0.0, Sum:  0.0, Workers: 8
[429.705s][debug][gc,phases      ] GC(2955)     Termination (ms):         Min:  0.0, Avg:  0.0, Max:  0.1, Diff:  0.0, Sum:  0.3, Workers: 8
[429.705s][debug][gc,phases      ] GC(2955)       Termination Attempts:     Min: 1, Avg:  1.0, Max: 1, Diff: 0, Sum: 8, Workers: 8
[429.705s][debug][gc,phases      ] GC(2955)     GC Worker Other (ms):     Min:  0.0, Avg:  0.0, Max:  0.0, Diff:  0.0, Sum:  0.1, Workers: 8
[429.705s][debug][gc,phases      ] GC(2955)     GC Worker Total (ms):     Min:  0.1, Avg:  0.1, Max:  0.1, Diff:  0.1, Sum:  0.7, Workers: 8
[429.705s][info ][gc,phases      ] GC(2955)   Post Evacuate Collection Set: 0.3ms
[429.705s][debug][gc,phases      ] GC(2955)     Code Roots Fixup: 0.0ms
[429.705s][debug][gc,phases      ] GC(2955)     Clear Card Table: 0.1ms
[429.705s][debug][gc,phases      ] GC(2955)     Reference Processing: 0.0ms
[429.705s][debug][gc,phases,ref  ] GC(2955)       Reconsider SoftReferences: 0.0ms
[429.705s][debug][gc,phases,ref  ] GC(2955)         SoftRef (ms):             skipped
[429.705s][debug][gc,phases,ref  ] GC(2955)       Notify Soft/WeakReferences: 0.0ms
[429.705s][debug][gc,phases,ref  ] GC(2955)         SoftRef (ms):             skipped
[429.705s][debug][gc,phases,ref  ] GC(2955)         WeakRef (ms):             skipped
[429.705s][debug][gc,phases,ref  ] GC(2955)         FinalRef (ms):            skipped
[429.705s][debug][gc,phases,ref  ] GC(2955)         Total (ms):               skipped
[429.705s][debug][gc,phases,ref  ] GC(2955)       Notify and keep alive finalizable: 0.0ms
[429.705s][debug][gc,phases,ref  ] GC(2955)         FinalRef (ms):            skipped
[429.705s][debug][gc,phases,ref  ] GC(2955)       Notify PhantomReferences: 0.0ms
[429.705s][debug][gc,phases,ref  ] GC(2955)         PhantomRef (ms):          skipped
[429.705s][debug][gc,phases,ref  ] GC(2955)       SoftReference:
[429.705s][debug][gc,phases,ref  ] GC(2955)         Discovered: 0
[429.705s][debug][gc,phases,ref  ] GC(2955)         Cleared: 0
[429.705s][debug][gc,phases,ref  ] GC(2955)       WeakReference:
[429.705s][debug][gc,phases,ref  ] GC(2955)         Discovered: 0
[429.705s][debug][gc,phases,ref  ] GC(2955)         Cleared: 0
[429.705s][debug][gc,phases,ref  ] GC(2955)       FinalReference:
[429.705s][debug][gc,phases,ref  ] GC(2955)         Discovered: 0
[429.705s][debug][gc,phases,ref  ] GC(2955)         Cleared: 0
[429.705s][debug][gc,phases,ref  ] GC(2955)       PhantomReference:
[429.705s][debug][gc,phases,ref  ] GC(2955)         Discovered: 0
[429.705s][debug][gc,phases,ref  ] GC(2955)         Cleared: 0
[429.705s][debug][gc,phases      ] GC(2955)     Weak Processing: 0.1ms
[429.705s][debug][gc,phases      ] GC(2955)       JVMTI weak processing: 0.0ms
[429.705s][debug][gc,phases      ] GC(2955)         Dead: 0
[429.705s][debug][gc,phases      ] GC(2955)         Total: 0
[429.705s][debug][gc,phases      ] GC(2955)       JFR weak processing: 0.0ms
[429.705s][debug][gc,phases      ] GC(2955)         Dead: 0
[429.705s][debug][gc,phases      ] GC(2955)         Total: 0
[429.705s][debug][gc,phases      ] GC(2955)       JNI weak                  Min:  0.0, Avg:  0.0, Max:  0.0, Diff:  0.0, Sum:  0.0, Workers: 5
[429.705s][debug][gc,phases      ] GC(2955)         Dead                      Min: 0, Avg:  0.0, Max: 0, Diff: 0, Sum: 0, Workers: 5
[429.705s][debug][gc,phases      ] GC(2955)         Total                     Min: 0, Avg: 13.6, Max: 68, Diff: 68, Sum: 68, Workers: 5
[429.705s][debug][gc,phases      ] GC(2955)       VM weak                   Min:  0.0, Avg:  0.0, Max:  0.0, Diff:  0.0, Sum:  0.0, Workers: 5
[429.705s][debug][gc,phases      ] GC(2955)         Dead                      Min: 0, Avg:  0.0, Max: 0, Diff: 0, Sum: 0, Workers: 5
[429.705s][debug][gc,phases      ] GC(2955)         Total                     Min: 0, Avg: 42.6, Max: 213, Diff: 213, Sum: 213, Workers: 5
[429.705s][debug][gc,phases      ] GC(2955)       StringTable weak          Min:  0.0, Avg:  0.0, Max:  0.0, Diff:  0.0, Sum:  0.0, Workers: 5
[429.705s][debug][gc,phases      ] GC(2955)         Dead                      Min: 0, Avg:  0.0, Max: 0, Diff: 0, Sum: 0, Workers: 5
[429.705s][debug][gc,phases      ] GC(2955)         Total                     Min: 0, Avg: 682.0, Max: 3410, Diff: 3410, Sum: 3410, Workers: 5
[429.705s][debug][gc,phases      ] GC(2955)       ResolvedMethodTable weak  Min:  0.0, Avg:  0.0, Max:  0.0, Diff:  0.0, Sum:  0.0, Workers: 5
[429.705s][debug][gc,phases      ] GC(2955)         Dead                      Min: 0, Avg:  0.0, Max: 0, Diff: 0, Sum: 0, Workers: 5
[429.705s][debug][gc,phases      ] GC(2955)         Total                     Min: 0, Avg: 114.8, Max: 320, Diff: 320, Sum: 574, Workers: 5
[429.705s][debug][gc,phases      ] GC(2955)     Merge Per-Thread State: 0.0ms
[429.705s][debug][gc,phases      ] GC(2955)       Copied Bytes              Min: 0, Avg: 61.0, Max: 200, Diff: 200, Sum: 488, Workers: 8
[429.705s][debug][gc,phases      ] GC(2955)       LAB Waste                 Min: 0, Avg:  0.0, Max: 0, Diff: 0, Sum: 0, Workers: 8
[429.705s][debug][gc,phases      ] GC(2955)       LAB Undo Waste            Min: 0, Avg:  0.0, Max: 0, Diff: 0, Sum: 0, Workers: 8
[429.705s][debug][gc,phases      ] GC(2955)     Code Roots Purge: 0.0ms
[429.705s][debug][gc,phases      ] GC(2955)     Redirty Cards: 0.0ms
[429.705s][debug][gc,phases      ] GC(2955)     DerivedPointerTable Update: 0.0ms
[429.705s][debug][gc,phases      ] GC(2955)     Free Collection Set: 0.1ms
[429.705s][debug][gc,phases      ] GC(2955)     Rebuild Free List: 0.0ms
[429.705s][debug][gc,phases      ] GC(2955)     Humongous Reclaim: 0.0ms
[429.705s][debug][gc,phases      ] GC(2955)     Start New Collection Set: 0.0ms
[429.705s][debug][gc,phases      ] GC(2955)     Resize TLABs: 0.0ms
[429.705s][debug][gc,phases      ] GC(2955)     Expand Heap After Collection: 0.0ms
[429.705s][info ][gc,phases      ] GC(2955)   Other: 0.3ms
[429.705s][info ][gc,heap        ] GC(2955) Eden regions: 180->0(180)
[429.705s][info ][gc,heap        ] GC(2955) Survivor regions: 1->1(23)
[429.705s][info ][gc,heap        ] GC(2955) Old regions: 7->7
[429.705s][info ][gc,heap        ] GC(2955) Archive regions: 2->2
[429.705s][info ][gc,heap        ] GC(2955) Humongous regions: 0->0
[429.705s][info ][gc,metaspace   ] GC(2955) Metaspace: 9905K(10624K)->9905K(10624K) NonClass: 8758K(9216K)->8758K(9216K) Class: 1146K(1408K)->1146K(1408K)
[429.705s][debug][gc,heap        ] GC(2955) Heap after GC invocations=2956 (full 1): garbage-first heap   total 309248K, used 4067K [0x0000000700000000, 0x0000000800000000)
[429.705s][debug][gc,heap        ] GC(2955)   region size 1024K, 1 young (1024K), 1 survivors (1024K)
[429.705s][debug][gc,heap        ] GC(2955)  Metaspace       used 9905K, capacity 10179K, committed 10624K, reserved 1058816K
[429.705s][debug][gc,heap        ] GC(2955)   class space    used 1146K, capacity 1267K, committed 1408K, reserved 1048576K
[429.705s][info ][gc             ] GC(2955) Pause Young (Normal) (G1 Evacuation Pause) 183M->3M(302M) 1.575ms
[429.705s][info ][gc,cpu         ] GC(2955) User=0.00s Sys=0.01s Real=0.00s
[429.705s][info ][safepoint      ] Safepoint "G1CollectForAllocation", Time since last: 153357012 ns, Reaching safepoint: 87800 ns, At safepoint: 1738122 ns, Total: 1825922 ns
[429.856s][debug][gc,heap        ] GC(2956) Heap before GC invocations=2956 (full 1): garbage-first heap   total 309248K, used 188387K [0x0000000700000000, 0x0000000800000000)
[429.856s][debug][gc,heap        ] GC(2956)   region size 1024K, 181 young (185344K), 1 survivors (1024K)
[429.856s][debug][gc,heap        ] GC(2956)  Metaspace       used 9905K, capacity 10179K, committed 10624K, reserved 1058816K
[429.856s][debug][gc,heap        ] GC(2956)   class space    used 1146K, capacity 1267K, committed 1408K, reserved 1048576K
[429.856s][info ][gc,start       ] GC(2956) Pause Young (Normal) (G1 Evacuation Pause)
[429.856s][info ][gc,task        ] GC(2956) Using 8 workers of 8 for evacuation
[429.856s][debug][gc,tlab        ] GC(2956) TLAB totals: thrds: 8  refills: 721 max: 96 slow allocs: 0 max 0 waste:  1.1% gc: 1699456B max: 394304B slow: 417656B max: 56072B fast: 0B max: 0B
[429.856s][debug][gc,age         ] GC(2956) Desired survivor size 12058624 bytes, new threshold 15 (max threshold 15)
[429.856s][debug][gc,alloc,region] GC(2956) Mutator Allocation stats, regions: 180, wasted size: 0B ( 0.0%)
[429.856s][debug][gc,ergo        ] GC(2956) Running G1 Merge Heap Roots using 8 workers for 181 regions
[429.856s][debug][gc,remset      ] GC(2956) Visited cards 256 Total dirty 2048 (12.50%) Total old 759808 (0.03%)
[429.856s][debug][gc,ergo        ] GC(2956) Running G1 Clear Card Table Task using 1 workers for 1 units of work for 182 regions.
[429.856s][debug][gc,ref         ] GC(2956) Skipped phase1 of Reference Processing due to unavailable references
[429.856s][debug][gc,ref         ] GC(2956) Skipped phase2 of Reference Processing due to unavailable references
[429.856s][debug][gc,ref         ] GC(2956) Skipped phase3 of Reference Processing due to unavailable references
[429.856s][debug][gc,ref         ] GC(2956) Skipped phase4 of Reference Processing due to unavailable references
[429.856s][debug][gc,ergo        ] GC(2956) Running G1 Free Collection Set using 8 workers for collection set length 181 (302)
[429.856s][debug][gc,ergo        ] GC(2956) Running G1 Rebuild Free List Task using 8 workers for rebuilding free list of 0 (4096) regions
[429.856s][trace][gc,age         ] GC(2956) Age table with threshold 15 (max threshold 15)
[429.856s][trace][gc,age         ] GC(2956) - age   1:        480 bytes,        480 total
[429.856s][debug][gc,plab        ] GC(2956) Young PLAB allocation: allocated: 14448B, wasted: 0B, unused: 13968B, used: 480B, undo waste: 0B, 
[429.856s][debug][gc,plab        ] GC(2956) Young other allocation: region end waste: 0B, regions filled: 1, direct allocated: 0B, failure used: 0B, failure wasted: 0B
[429.856s][debug][gc,plab        ] GC(2956) Young sizing: calculated: 96B, actual: 2064B
[429.856s][debug][gc,plab        ] GC(2956) Old PLAB allocation: allocated: 0B, wasted: 0B, unused: 0B, used: 0B, undo waste: 0B, 
[429.856s][debug][gc,plab        ] GC(2956) Old other allocation: region end waste: 0B, regions filled: 1, direct allocated: 0B, failure used: 0B, failure wasted: 0B
[429.856s][debug][gc,plab        ] GC(2956) Old sizing: calculated: 0B, actual: 2064B
[429.856s][debug][gc,ihop        ] GC(2956) Basic information (value update), threshold: 142501478B (45.00), target occupancy: 316669952B, current occupancy: 4169192B, recent allocation size: 0B, recent allocation duration: 151.07ms, recent old gen allocation rate: 0.00B/s, recent marking phase length: 0.00ms
[429.856s][debug][gc,ihop        ] GC(2956) Adaptive IHOP information (value update), threshold: 142501478B (47.37), internal target occupancy: 300836454B, occupancy: 4169192B, additional buffer size: 189792256B, predicted old gen allocation rate: 0.00B/s, predicted marking phase length: 0.00ms, prediction active: false
[429.856s][debug][gc,ergo,refine ] GC(2956) Concurrent refinement times: Logged Cards Scan time goal: 20.00ms Logged Cards Scan time: 0.00ms HCC time: 0.00ms
[429.856s][debug][gc,ergo,refine ] GC(2956) Updated Refinement Zones: green: 2048, yellow: 6144, red: 10240
[429.856s][info ][gc,phases      ] GC(2956)   Pre Evacuate Collection Set: 0.1ms
[429.856s][debug][gc,phases      ] GC(2956)     Prepare TLABs: 0.0ms
[429.856s][debug][gc,phases      ] GC(2956)     Choose Collection Set: 0.0ms
[429.856s][debug][gc,phases      ] GC(2956)     Region Register: 0.1ms
[429.856s][debug][gc,phases      ] GC(2956)     Prepare Heap Roots: 0.0ms
[429.857s][info ][gc,phases      ] GC(2956)   Merge Heap Roots: 0.1ms
[429.857s][debug][gc,phases      ] GC(2956)     Prepare Merge Heap Roots: 0.0ms
[429.857s][debug][gc,phases      ] GC(2956)     Eager Reclaim (ms):       skipped
[429.857s][debug][gc,phases      ] GC(2956)     Remembered Sets (ms):     Min:  0.0, Avg:  0.0, Max:  0.0, Diff:  0.0, Sum:  0.0, Workers: 8
[429.857s][debug][gc,phases      ] GC(2956)       Merged Sparse:            Min: 0, Avg:  0.0, Max: 0, Diff: 0, Sum: 0, Workers: 8
[429.857s][debug][gc,phases      ] GC(2956)       Merged Fine:              Min: 0, Avg:  0.0, Max: 0, Diff: 0, Sum: 0, Workers: 8
[429.857s][debug][gc,phases      ] GC(2956)       Merged Coarse:            Min: 0, Avg:  0.0, Max: 0, Diff: 0, Sum: 0, Workers: 8
[429.857s][debug][gc,phases      ] GC(2956)       Dirty Cards:              Min: 0, Avg:  0.0, Max: 0, Diff: 0, Sum: 0, Workers: 8
[429.857s][debug][gc,phases      ] GC(2956)     Hot Card Cache (ms):      Min:  0.0, Avg:  0.0, Max:  0.0, Diff:  0.0, Sum:  0.0, Workers: 8
[429.857s][debug][gc,phases      ] GC(2956)       Dirty Cards:              Min: 0, Avg:  0.0, Max: 0, Diff: 0, Sum: 0, Workers: 8
[429.857s][debug][gc,phases      ] GC(2956)       Skipped Cards:            Min: 0, Avg:  0.0, Max: 0, Diff: 0, Sum: 0, Workers: 8
[429.857s][debug][gc,phases      ] GC(2956)     Log Buffers (ms):         Min:  0.0, Avg:  0.0, Max:  0.0, Diff:  0.0, Sum:  0.0, Workers: 8
[429.857s][debug][gc,phases      ] GC(2956)       Dirty Cards:              Min: 0, Avg:  0.1, Max: 1, Diff: 1, Sum: 1, Workers: 8
[429.857s][debug][gc,phases      ] GC(2956)       Skipped Cards:            Min: 0, Avg:  0.0, Max: 0, Diff: 0, Sum: 0, Workers: 8
[429.857s][info ][gc,phases      ] GC(2956)   Evacuate Collection Set: 0.2ms
[429.857s][debug][gc,phases      ] GC(2956)     Ext Root Scanning (ms):   Min:  0.0, Avg:  0.0, Max:  0.1, Diff:  0.0, Sum:  0.2, Workers: 8
[429.857s][debug][gc,phases      ] GC(2956)     Scan Heap Roots (ms):     Min:  0.0, Avg:  0.0, Max:  0.0, Diff:  0.0, Sum:  0.0, Workers: 8
[429.857s][debug][gc,phases      ] GC(2956)       Scanned Cards:            Min: 0, Avg:  0.1, Max: 1, Diff: 1, Sum: 1, Workers: 8
[429.857s][debug][gc,phases      ] GC(2956)       Scanned Blocks:           Min: 0, Avg:  0.1, Max: 1, Diff: 1, Sum: 1, Workers: 8
[429.857s][debug][gc,phases      ] GC(2956)       Claimed Chunks:           Min: 0, Avg:  0.1, Max: 1, Diff: 1, Sum: 1, Workers: 8
[429.857s][debug][gc,phases      ] GC(2956)     Code Root Scan (ms):      Min:  0.0, Avg:  0.0, Max:  0.0, Diff:  0.0, Sum:  0.0, Workers: 8
[429.857s][debug][gc,phases      ] GC(2956)     Object Copy (ms):         Min:  0.0, Avg:  0.0, Max:  0.0, Diff:  0.0, Sum:  0.0, Workers: 8
[429.857s][debug][gc,phases      ] GC(2956)     Termination (ms):         Min:  0.1, Avg:  0.1, Max:  0.1, Diff:  0.0, Sum:  0.8, Workers: 8
[429.857s][debug][gc,phases      ] GC(2956)       Termination Attempts:     Min: 1, Avg:  1.0, Max: 1, Diff: 0, Sum: 8, Workers: 8
[429.857s][debug][gc,phases      ] GC(2956)     GC Worker Other (ms):     Min:  0.0, Avg:  0.0, Max:  0.0, Diff:  0.0, Sum:  0.1, Workers: 8
[429.857s][debug][gc,phases      ] GC(2956)     GC Worker Total (ms):     Min:  0.1, Avg:  0.1, Max:  0.2, Diff:  0.1, Sum:  1.2, Workers: 8
[429.857s][info ][gc,phases      ] GC(2956)   Post Evacuate Collection Set: 0.3ms
[429.857s][debug][gc,phases      ] GC(2956)     Code Roots Fixup: 0.0ms
[429.857s][debug][gc,phases      ] GC(2956)     Clear Card Table: 0.1ms
[429.857s][debug][gc,phases      ] GC(2956)     Reference Processing: 0.0ms
[429.857s][debug][gc,phases,ref  ] GC(2956)       Reconsider SoftReferences: 0.0ms
[429.857s][debug][gc,phases,ref  ] GC(2956)         SoftRef (ms):             skipped
[429.857s][debug][gc,phases,ref  ] GC(2956)       Notify Soft/WeakReferences: 0.0ms
[429.857s][debug][gc,phases,ref  ] GC(2956)         SoftRef (ms):             skipped
[429.857s][debug][gc,phases,ref  ] GC(2956)         WeakRef (ms):             skipped
[429.857s][debug][gc,phases,ref  ] GC(2956)         FinalRef (ms):            skipped
[429.857s][debug][gc,phases,ref  ] GC(2956)         Total (ms):               skipped
[429.857s][debug][gc,phases,ref  ] GC(2956)       Notify and keep alive finalizable: 0.0ms
[429.857s][debug][gc,phases,ref  ] GC(2956)         FinalRef (ms):            skipped
[429.857s][debug][gc,phases,ref  ] GC(2956)       Notify PhantomReferences: 0.0ms
[429.857s][debug][gc,phases,ref  ] GC(2956)         PhantomRef (ms):          skipped
[429.857s][debug][gc,phases,ref  ] GC(2956)       SoftReference:
[429.857s][debug][gc,phases,ref  ] GC(2956)         Discovered: 0
[429.857s][debug][gc,phases,ref  ] GC(2956)         Cleared: 0
[429.857s][debug][gc,phases,ref  ] GC(2956)       WeakReference:
[429.857s][debug][gc,phases,ref  ] GC(2956)         Discovered: 0
[429.857s][debug][gc,phases,ref  ] GC(2956)         Cleared: 0
[429.857s][debug][gc,phases,ref  ] GC(2956)       FinalReference:
[429.857s][debug][gc,phases,ref  ] GC(2956)         Discovered: 0
[429.857s][debug][gc,phases,ref  ] GC(2956)         Cleared: 0
[429.857s][debug][gc,phases,ref  ] GC(2956)       PhantomReference:
[429.857s][debug][gc,phases,ref  ] GC(2956)         Discovered: 0
[429.857s][debug][gc,phases,ref  ] GC(2956)         Cleared: 0
[429.857s][debug][gc,phases      ] GC(2956)     Weak Processing: 0.0ms
[429.857s][debug][gc,phases      ] GC(2956)       JVMTI weak processing: 0.0ms
[429.857s][debug][gc,phases      ] GC(2956)         Dead: 0
[429.857s][debug][gc,phases      ] GC(2956)         Total: 0
[429.857s][debug][gc,phases      ] GC(2956)       JFR weak processing: 0.0ms
[429.857s][debug][gc,phases      ] GC(2956)         Dead: 0
[429.857s][debug][gc,phases      ] GC(2956)         Total: 0
[429.857s][debug][gc,phases      ] GC(2956)       JNI weak                  Min:  0.0, Avg:  0.0, Max:  0.0, Diff:  0.0, Sum:  0.0, Workers: 5
[429.857s][debug][gc,phases      ] GC(2956)         Dead                      Min: 0, Avg:  0.0, Max: 0, Diff: 0, Sum: 0, Workers: 5
[429.857s][debug][gc,phases      ] GC(2956)         Total                     Min: 0, Avg: 13.6, Max: 52, Diff: 52, Sum: 68, Workers: 5
[429.857s][debug][gc,phases      ] GC(2956)       VM weak                   Min:  0.0, Avg:  0.0, Max:  0.0, Diff:  0.0, Sum:  0.0, Workers: 5
[429.857s][debug][gc,phases      ] GC(2956)         Dead                      Min: 0, Avg:  0.0, Max: 0, Diff: 0, Sum: 0, Workers: 5
[429.857s][debug][gc,phases      ] GC(2956)         Total                     Min: 0, Avg: 42.6, Max: 128, Diff: 128, Sum: 213, Workers: 5
[429.857s][debug][gc,phases      ] GC(2956)       StringTable weak          Min:  0.0, Avg:  0.0, Max:  0.0, Diff:  0.0, Sum:  0.1, Workers: 5
[429.857s][debug][gc,phases      ] GC(2956)         Dead                      Min: 0, Avg:  0.0, Max: 0, Diff: 0, Sum: 0, Workers: 5
[429.857s][debug][gc,phases      ] GC(2956)         Total                     Min: 0, Avg: 682.0, Max: 896, Diff: 896, Sum: 3410, Workers: 5
[429.857s][debug][gc,phases      ] GC(2956)       ResolvedMethodTable weak  Min:  0.0, Avg:  0.0, Max:  0.0, Diff:  0.0, Sum:  0.0, Workers: 5
[429.857s][debug][gc,phases      ] GC(2956)         Dead                      Min: 0, Avg:  0.0, Max: 0, Diff: 0, Sum: 0, Workers: 5
[429.857s][debug][gc,phases      ] GC(2956)         Total                     Min: 0, Avg: 114.8, Max: 190, Diff: 190, Sum: 574, Workers: 5
[429.857s][debug][gc,phases      ] GC(2956)     Merge Per-Thread State: 0.0ms
[429.857s][debug][gc,phases      ] GC(2956)       Copied Bytes              Min: 0, Avg: 60.0, Max: 144, Diff: 144, Sum: 480, Workers: 8
[429.857s][debug][gc,phases      ] GC(2956)       LAB Waste                 Min: 0, Avg:  0.0, Max: 0, Diff: 0, Sum: 0, Workers: 8
[429.857s][debug][gc,phases      ] GC(2956)       LAB Undo Waste            Min: 0, Avg:  0.0, Max: 0, Diff: 0, Sum: 0, Workers: 8
[429.857s][debug][gc,phases      ] GC(2956)     Code Roots Purge: 0.0ms
[429.857s][debug][gc,phases      ] GC(2956)     Redirty Cards: 0.0ms
[429.857s][debug][gc,phases      ] GC(2956)     DerivedPointerTable Update: 0.0ms
[429.857s][debug][gc,phases      ] GC(2956)     Free Collection Set: 0.1ms
[429.857s][debug][gc,phases      ] GC(2956)     Rebuild Free List: 0.0ms
[429.857s][debug][gc,phases      ] GC(2956)     Humongous Reclaim: 0.0ms
[429.857s][debug][gc,phases      ] GC(2956)     Start New Collection Set: 0.0ms
[429.857s][debug][gc,phases      ] GC(2956)     Resize TLABs: 0.0ms
[429.857s][debug][gc,phases      ] GC(2956)     Expand Heap After Collection: 0.0ms
[429.857s][info ][gc,phases      ] GC(2956)   Other: 0.3ms
[429.857s][info ][gc,heap        ] GC(2956) Eden regions: 180->0(180)
[429.857s][info ][gc,heap        ] GC(2956) Survivor regions: 1->1(23)
[429.857s][info ][gc,heap        ] GC(2956) Old regions: 7->7
[429.857s][info ][gc,heap        ] GC(2956) Archive regions: 2->2
[429.857s][info ][gc,heap        ] GC(2956) Humongous regions: 0->0
[429.857s][info ][gc,metaspace   ] GC(2956) Metaspace: 9905K(10624K)->9905K(10624K) NonClass: 8758K(9216K)->8758K(9216K) Class: 1146K(1408K)->1146K(1408K)
[429.857s][debug][gc,heap        ] GC(2956) Heap after GC invocations=2957 (full 1): garbage-first heap   total 309248K, used 4071K [0x0000000700000000, 0x0000000800000000)
[429.857s][debug][gc,heap        ] GC(2956)   region size 1024K, 1 young (1024K), 1 survivors (1024K)
[429.857s][debug][gc,heap        ] GC(2956)  Metaspace       used 9905K, capacity 10179K, committed 10624K, reserved 1058816K
[429.857s][debug][gc,heap        ] GC(2956)   class space    used 1146K, capacity 1267K, committed 1408K, reserved 1048576K
[429.857s][info ][gc             ] GC(2956) Pause Young (Normal) (G1 Evacuation Pause) 183M->3M(302M) 1.500ms
[429.857s][info ][gc,cpu         ] GC(2956) User=0.00s Sys=0.01s Real=0.00s
[429.857s][info ][safepoint      ] Safepoint "G1CollectForAllocation", Time since last: 150073783 ns, Reaching safepoint: 103569 ns, At safepoint: 1623027 ns, Total: 1726596 ns
[430.008s][debug][gc,heap        ] GC(2957) Heap before GC invocations=2957 (full 1): garbage-first heap   total 309248K, used 188391K [0x0000000700000000, 0x0000000800000000)
[430.008s][debug][gc,heap        ] GC(2957)   region size 1024K, 181 young (185344K), 1 survivors (1024K)
[430.008s][debug][gc,heap        ] GC(2957)  Metaspace       used 9905K, capacity 10179K, committed 10624K, reserved 1058816K
[430.008s][debug][gc,heap        ] GC(2957)   class space    used 1146K, capacity 1267K, committed 1408K, reserved 1048576K
[430.008s][info ][gc,start       ] GC(2957) Pause Young (Normal) (G1 Evacuation Pause)
[430.008s][info ][gc,task        ] GC(2957) Using 8 workers of 8 for evacuation
[430.008s][debug][gc,tlab        ] GC(2957) TLAB totals: thrds: 8  refills: 722 max: 97 slow allocs: 0 max 0 waste:  0.9% gc: 1246392B max: 341152B slow: 418176B max: 55848B fast: 0B max: 0B
[430.008s][debug][gc,age         ] GC(2957) Desired survivor size 12058624 bytes, new threshold 15 (max threshold 15)
[430.008s][debug][gc,alloc,region] GC(2957) Mutator Allocation stats, regions: 180, wasted size: 1152B ( 0.0%)
[430.008s][debug][gc,ergo        ] GC(2957) Running G1 Merge Heap Roots using 8 workers for 181 regions
[430.008s][debug][gc,remset      ] GC(2957) Visited cards 256 Total dirty 2048 (12.50%) Total old 759808 (0.03%)
[430.008s][debug][gc,ergo        ] GC(2957) Running G1 Clear Card Table Task using 1 workers for 1 units of work for 182 regions.
[430.009s][debug][gc,ref         ] GC(2957) Skipped phase1 of Reference Processing due to unavailable references
[430.009s][debug][gc,ref         ] GC(2957) Skipped phase2 of Reference Processing due to unavailable references
[430.009s][debug][gc,ref         ] GC(2957) Skipped phase3 of Reference Processing due to unavailable references
[430.009s][debug][gc,ref         ] GC(2957) Skipped phase4 of Reference Processing due to unavailable references
[430.009s][debug][gc,ergo        ] GC(2957) Running G1 Free Collection Set using 8 workers for collection set length 181 (302)
[430.009s][debug][gc,ergo        ] GC(2957) Running G1 Rebuild Free List Task using 8 workers for rebuilding free list of 0 (4096) regions
[430.009s][trace][gc,age         ] GC(2957) Age table with threshold 15 (max threshold 15)
[430.009s][trace][gc,age         ] GC(2957) - age   1:        536 bytes,        536 total
[430.009s][debug][gc,plab        ] GC(2957) Young PLAB allocation: allocated: 10320B, wasted: 0B, unused: 9784B, used: 536B, undo waste: 0B, 
[430.009s][debug][gc,plab        ] GC(2957) Young other allocation: region end waste: 0B, regions filled: 1, direct allocated: 0B, failure used: 0B, failure wasted: 0B
[430.009s][debug][gc,plab        ] GC(2957) Young sizing: calculated: 104B, actual: 2064B
[430.009s][debug][gc,plab        ] GC(2957) Old PLAB allocation: allocated: 0B, wasted: 0B, unused: 0B, used: 0B, undo waste: 0B, 
[430.009s][debug][gc,plab        ] GC(2957) Old other allocation: region end waste: 0B, regions filled: 1, direct allocated: 0B, failure used: 0B, failure wasted: 0B
[430.009s][debug][gc,plab        ] GC(2957) Old sizing: calculated: 0B, actual: 2064B
[430.009s][debug][gc,ihop        ] GC(2957) Basic information (value update), threshold: 142501478B (45.00), target occupancy: 316669952B, current occupancy: 4165064B, recent allocation size: 0B, recent allocation duration: 151.67ms, recent old gen allocation rate: 0.00B/s, recent marking phase length: 0.00ms
[430.009s][debug][gc,ihop        ] GC(2957) Adaptive IHOP information (value update), threshold: 142501478B (47.37), internal target occupancy: 300836454B, occupancy: 4165064B, additional buffer size: 189792256B, predicted old gen allocation rate: 0.00B/s, predicted marking phase length: 0.00ms, prediction active: false
[430.009s][debug][gc,ergo,refine ] GC(2957) Concurrent refinement times: Logged Cards Scan time goal: 20.00ms Logged Cards Scan time: 0.00ms HCC time: 0.00ms
[430.009s][debug][gc,ergo,refine ] GC(2957) Updated Refinement Zones: green: 2048, yellow: 6144, red: 10240
[430.009s][info ][gc,phases      ] GC(2957)   Pre Evacuate Collection Set: 0.1ms
[430.009s][debug][gc,phases      ] GC(2957)     Prepare TLABs: 0.0ms
[430.009s][debug][gc,phases      ] GC(2957)     Choose Collection Set: 0.0ms
[430.009s][debug][gc,phases      ] GC(2957)     Region Register: 0.1ms
[430.009s][debug][gc,phases      ] GC(2957)     Prepare Heap Roots: 0.0ms
[430.009s][info ][gc,phases      ] GC(2957)   Merge Heap Roots: 0.1ms
[430.009s][debug][gc,phases      ] GC(2957)     Prepare Merge Heap Roots: 0.0ms
[430.009s][debug][gc,phases      ] GC(2957)     Eager Reclaim (ms):       skipped
[430.009s][debug][gc,phases      ] GC(2957)     Remembered Sets (ms):     Min:  0.0, Avg:  0.0, Max:  0.0, Diff:  0.0, Sum:  0.0, Workers: 8
[430.009s][debug][gc,phases      ] GC(2957)       Merged Sparse:            Min: 0, Avg:  0.0, Max: 0, Diff: 0, Sum: 0, Workers: 8
[430.009s][debug][gc,phases      ] GC(2957)       Merged Fine:              Min: 0, Avg:  0.0, Max: 0, Diff: 0, Sum: 0, Workers: 8
[430.009s][debug][gc,phases      ] GC(2957)       Merged Coarse:            Min: 0, Avg:  0.0, Max: 0, Diff: 0, Sum: 0, Workers: 8
[430.009s][debug][gc,phases      ] GC(2957)       Dirty Cards:              Min: 0, Avg:  0.0, Max: 0, Diff: 0, Sum: 0, Workers: 8
[430.009s][debug][gc,phases      ] GC(2957)     Hot Card Cache (ms):      Min:  0.0, Avg:  0.0, Max:  0.0, Diff:  0.0, Sum:  0.0, Workers: 8
[430.009s][debug][gc,phases      ] GC(2957)       Dirty Cards:              Min: 0, Avg:  0.0, Max: 0, Diff: 0, Sum: 0, Workers: 8
[430.009s][debug][gc,phases      ] GC(2957)       Skipped Cards:            Min: 0, Avg:  0.0, Max: 0, Diff: 0, Sum: 0, Workers: 8
[430.009s][debug][gc,phases      ] GC(2957)     Log Buffers (ms):         Min:  0.0, Avg:  0.0, Max:  0.0, Diff:  0.0, Sum:  0.0, Workers: 8
[430.009s][debug][gc,phases      ] GC(2957)       Dirty Cards:              Min: 0, Avg:  0.1, Max: 1, Diff: 1, Sum: 1, Workers: 8
[430.009s][debug][gc,phases      ] GC(2957)       Skipped Cards:            Min: 0, Avg:  0.0, Max: 0, Diff: 0, Sum: 0, Workers: 8
[430.009s][info ][gc,phases      ] GC(2957)   Evacuate Collection Set: 0.2ms
[430.009s][debug][gc,phases      ] GC(2957)     Ext Root Scanning (ms):   Min:  0.0, Avg:  0.0, Max:  0.1, Diff:  0.1, Sum:  0.2, Workers: 8
[430.009s][debug][gc,phases      ] GC(2957)     Scan Heap Roots (ms):     Min:  0.0, Avg:  0.0, Max:  0.0, Diff:  0.0, Sum:  0.0, Workers: 8
[430.009s][debug][gc,phases      ] GC(2957)       Scanned Cards:            Min: 0, Avg:  0.1, Max: 1, Diff: 1, Sum: 1, Workers: 8
[430.009s][debug][gc,phases      ] GC(2957)       Scanned Blocks:           Min: 0, Avg:  0.1, Max: 1, Diff: 1, Sum: 1, Workers: 8
[430.009s][debug][gc,phases      ] GC(2957)       Claimed Chunks:           Min: 0, Avg:  0.1, Max: 1, Diff: 1, Sum: 1, Workers: 8
[430.009s][debug][gc,phases      ] GC(2957)     Code Root Scan (ms):      Min:  0.0, Avg:  0.0, Max:  0.0, Diff:  0.0, Sum:  0.0, Workers: 8
[430.009s][debug][gc,phases      ] GC(2957)     Object Copy (ms):         Min:  0.0, Avg:  0.0, Max:  0.0, Diff:  0.0, Sum:  0.0, Workers: 8
[430.009s][debug][gc,phases      ] GC(2957)     Termination (ms):         Min:  0.0, Avg:  0.1, Max:  0.1, Diff:  0.0, Sum:  0.4, Workers: 8
[430.009s][debug][gc,phases      ] GC(2957)       Termination Attempts:     Min: 1, Avg:  1.0, Max: 1, Diff: 0, Sum: 8, Workers: 8
[430.009s][debug][gc,phases      ] GC(2957)     GC Worker Other (ms):     Min:  0.0, Avg:  0.0, Max:  0.0, Diff:  0.0, Sum:  0.1, Workers: 8
[430.009s][debug][gc,phases      ] GC(2957)     GC Worker Total (ms):     Min:  0.1, Avg:  0.1, Max:  0.1, Diff:  0.1, Sum:  0.8, Workers: 8
[430.009s][info ][gc,phases      ] GC(2957)   Post Evacuate Collection Set: 0.3ms
[430.009s][debug][gc,phases      ] GC(2957)     Code Roots Fixup: 0.0ms
[430.009s][debug][gc,phases      ] GC(2957)     Clear Card Table: 0.1ms
[430.009s][debug][gc,phases      ] GC(2957)     Reference Processing: 0.0ms
[430.009s][debug][gc,phases,ref  ] GC(2957)       Reconsider SoftReferences: 0.0ms
[430.009s][debug][gc,phases,ref  ] GC(2957)         SoftRef (ms):             skipped
[430.009s][debug][gc,phases,ref  ] GC(2957)       Notify Soft/WeakReferences: 0.0ms
[430.009s][debug][gc,phases,ref  ] GC(2957)         SoftRef (ms):             skipped
[430.009s][debug][gc,phases,ref  ] GC(2957)         WeakRef (ms):             skipped
[430.009s][debug][gc,phases,ref  ] GC(2957)         FinalRef (ms):            skipped
[430.009s][debug][gc,phases,ref  ] GC(2957)         Total (ms):               skipped
[430.009s][debug][gc,phases,ref  ] GC(2957)       Notify and keep alive finalizable: 0.0ms
[430.009s][debug][gc,phases,ref  ] GC(2957)         FinalRef (ms):            skipped
[430.009s][debug][gc,phases,ref  ] GC(2957)       Notify PhantomReferences: 0.0ms
[430.009s][debug][gc,phases,ref  ] GC(2957)         PhantomRef (ms):          skipped
[430.009s][debug][gc,phases,ref  ] GC(2957)       SoftReference:
[430.009s][debug][gc,phases,ref  ] GC(2957)         Discovered: 0
[430.009s][debug][gc,phases,ref  ] GC(2957)         Cleared: 0
[430.009s][debug][gc,phases,ref  ] GC(2957)       WeakReference:
[430.009s][debug][gc,phases,ref  ] GC(2957)         Discovered: 0
[430.009s][debug][gc,phases,ref  ] GC(2957)         Cleared: 0
[430.009s][debug][gc,phases,ref  ] GC(2957)       FinalReference:
[430.009s][debug][gc,phases,ref  ] GC(2957)         Discovered: 0
[430.009s][debug][gc,phases,ref  ] GC(2957)         Cleared: 0
[430.009s][debug][gc,phases,ref  ] GC(2957)       PhantomReference:
[430.009s][debug][gc,phases,ref  ] GC(2957)         Discovered: 0
[430.009s][debug][gc,phases,ref  ] GC(2957)         Cleared: 0
[430.009s][debug][gc,phases      ] GC(2957)     Weak Processing: 0.0ms
[430.009s][debug][gc,phases      ] GC(2957)       JVMTI weak processing: 0.0ms
[430.009s][debug][gc,phases      ] GC(2957)         Dead: 0
[430.009s][debug][gc,phases      ] GC(2957)         Total: 0
[430.009s][debug][gc,phases      ] GC(2957)       JFR weak processing: 0.0ms
[430.009s][debug][gc,phases      ] GC(2957)         Dead: 0
[430.009s][debug][gc,phases      ] GC(2957)         Total: 0
[430.009s][debug][gc,phases      ] GC(2957)       JNI weak                  Min:  0.0, Avg:  0.0, Max:  0.0, Diff:  0.0, Sum:  0.0, Workers: 5
[430.009s][debug][gc,phases      ] GC(2957)         Dead                      Min: 0, Avg:  0.0, Max: 0, Diff: 0, Sum: 0, Workers: 5
[430.009s][debug][gc,phases      ] GC(2957)         Total                     Min: 0, Avg: 13.6, Max: 52, Diff: 52, Sum: 68, Workers: 5
[430.009s][debug][gc,phases      ] GC(2957)       VM weak                   Min:  0.0, Avg:  0.0, Max:  0.0, Diff:  0.0, Sum:  0.0, Workers: 5
[430.009s][debug][gc,phases      ] GC(2957)         Dead                      Min: 0, Avg:  0.0, Max: 0, Diff: 0, Sum: 0, Workers: 5
[430.009s][debug][gc,phases      ] GC(2957)         Total                     Min: 0, Avg: 42.6, Max: 128, Diff: 128, Sum: 213, Workers: 5
[430.009s][debug][gc,phases      ] GC(2957)       StringTable weak          Min:  0.0, Avg:  0.0, Max:  0.0, Diff:  0.0, Sum:  0.1, Workers: 5
[430.009s][debug][gc,phases      ] GC(2957)         Dead                      Min: 0, Avg:  0.0, Max: 0, Diff: 0, Sum: 0, Workers: 5
[430.009s][debug][gc,phases      ] GC(2957)         Total                     Min: 0, Avg: 682.0, Max: 896, Diff: 896, Sum: 3410, Workers: 5
[430.009s][debug][gc,phases      ] GC(2957)       ResolvedMethodTable weak  Min:  0.0, Avg:  0.0, Max:  0.0, Diff:  0.0, Sum:  0.0, Workers: 5
[430.009s][debug][gc,phases      ] GC(2957)         Dead                      Min: 0, Avg:  0.0, Max: 0, Diff: 0, Sum: 0, Workers: 5
[430.009s][debug][gc,phases      ] GC(2957)         Total                     Min: 0, Avg: 114.8, Max: 190, Diff: 190, Sum: 574, Workers: 5
[430.009s][debug][gc,phases      ] GC(2957)     Merge Per-Thread State: 0.0ms
[430.009s][debug][gc,phases      ] GC(2957)       Copied Bytes              Min: 0, Avg: 67.0, Max: 176, Diff: 176, Sum: 536, Workers: 8
[430.009s][debug][gc,phases      ] GC(2957)       LAB Waste                 Min: 0, Avg:  0.0, Max: 0, Diff: 0, Sum: 0, Workers: 8
[430.009s][debug][gc,phases      ] GC(2957)       LAB Undo Waste            Min: 0, Avg:  0.0, Max: 0, Diff: 0, Sum: 0, Workers: 8
[430.009s][debug][gc,phases      ] GC(2957)     Code Roots Purge: 0.0ms
[430.009s][debug][gc,phases      ] GC(2957)     Redirty Cards: 0.0ms
[430.009s][debug][gc,phases      ] GC(2957)     DerivedPointerTable Update: 0.0ms
[430.009s][debug][gc,phases      ] GC(2957)     Free Collection Set: 0.1ms
[430.009s][debug][gc,phases      ] GC(2957)     Rebuild Free List: 0.0ms
[430.009s][debug][gc,phases      ] GC(2957)     Humongous Reclaim: 0.0ms
[430.009s][debug][gc,phases      ] GC(2957)     Start New Collection Set: 0.0ms
[430.009s][debug][gc,phases      ] GC(2957)     Resize TLABs: 0.0ms
[430.009s][debug][gc,phases      ] GC(2957)     Expand Heap After Collection: 0.0ms
[430.009s][info ][gc,phases      ] GC(2957)   Other: 0.3ms
[430.009s][info ][gc,heap        ] GC(2957) Eden regions: 180->0(180)
[430.009s][info ][gc,heap        ] GC(2957) Survivor regions: 1->1(23)
[430.009s][info ][gc,heap        ] GC(2957) Old regions: 7->7
[430.009s][info ][gc,heap        ] GC(2957) Archive regions: 2->2
[430.009s][info ][gc,heap        ] GC(2957) Humongous regions: 0->0
[430.009s][info ][gc,metaspace   ] GC(2957) Metaspace: 9905K(10624K)->9905K(10624K) NonClass: 8758K(9216K)->8758K(9216K) Class: 1146K(1408K)->1146K(1408K)
[430.009s][debug][gc,heap        ] GC(2957) Heap after GC invocations=2958 (full 1): garbage-first heap   total 309248K, used 4067K [0x0000000700000000, 0x0000000800000000)
[430.010s][debug][gc,heap        ] GC(2957)   region size 1024K, 1 young (1024K), 1 survivors (1024K)
[430.010s][debug][gc,heap        ] GC(2957)  Metaspace       used 9905K, capacity 10179K, committed 10624K, reserved 1058816K
[430.010s][debug][gc,heap        ] GC(2957)   class space    used 1146K, capacity 1267K, committed 1408K, reserved 1048576K
[430.010s][info ][gc             ] GC(2957) Pause Young (Normal) (G1 Evacuation Pause) 183M->3M(302M) 1.456ms
[430.010s][info ][gc,cpu         ] GC(2957) User=0.00s Sys=0.01s Real=0.00s
[430.010s][info ][safepoint      ] Safepoint "G1CollectForAllocation", Time since last: 150652318 ns, Reaching safepoint: 158348 ns, At safepoint: 1617421 ns, Total: 1775769 ns
[430.158s][debug][gc,heap        ] GC(2958) Heap before GC invocations=2958 (full 1): garbage-first heap   total 309248K, used 188387K [0x0000000700000000, 0x0000000800000000)
[430.158s][debug][gc,heap        ] GC(2958)   region size 1024K, 181 young (185344K), 1 survivors (1024K)
[430.158s][debug][gc,heap        ] GC(2958)  Metaspace       used 9905K, capacity 10179K, committed 10624K, reserved 1058816K
[430.158s][debug][gc,heap        ] GC(2958)   class space    used 1146K, capacity 1267K, committed 1408K, reserved 1048576K
[430.158s][info ][gc,start       ] GC(2958) Pause Young (Normal) (G1 Evacuation Pause)
[430.158s][info ][gc,task        ] GC(2958) Using 8 workers of 8 for evacuation
[430.158s][debug][gc,tlab        ] GC(2958) TLAB totals: thrds: 8  refills: 722 max: 94 slow allocs: 0 max 0 waste:  1.0% gc: 1553832B max: 445640B slow: 418296B max: 54576B fast: 0B max: 0B
[430.158s][debug][gc,age         ] GC(2958) Desired survivor size 12058624 bytes, new threshold 15 (max threshold 15)
[430.158s][debug][gc,alloc,region] GC(2958) Mutator Allocation stats, regions: 180, wasted size: 0B ( 0.0%)
[430.158s][debug][gc,ergo        ] GC(2958) Running G1 Merge Heap Roots using 8 workers for 181 regions
[430.158s][debug][gc,remset      ] GC(2958) Visited cards 256 Total dirty 2048 (12.50%) Total old 759808 (0.03%)
[430.158s][debug][gc,ergo        ] GC(2958) Running G1 Clear Card Table Task using 1 workers for 1 units of work for 182 regions.
[430.158s][debug][gc,ref         ] GC(2958) Skipped phase1 of Reference Processing due to unavailable references
[430.158s][debug][gc,ref         ] GC(2958) Skipped phase2 of Reference Processing due to unavailable references
[430.158s][debug][gc,ref         ] GC(2958) Skipped phase3 of Reference Processing due to unavailable references
[430.158s][debug][gc,ref         ] GC(2958) Skipped phase4 of Reference Processing due to unavailable references
[430.158s][debug][gc,ergo        ] GC(2958) Running G1 Free Collection Set using 8 workers for collection set length 181 (302)
[430.158s][debug][gc,ergo        ] GC(2958) Running G1 Rebuild Free List Task using 8 workers for rebuilding free list of 0 (4096) regions
[430.158s][trace][gc,age         ] GC(2958) Age table with threshold 15 (max threshold 15)
[430.159s][trace][gc,age         ] GC(2958) - age   1:        536 bytes,        536 total
[430.159s][debug][gc,plab        ] GC(2958) Young PLAB allocation: allocated: 12384B, wasted: 0B, unused: 11848B, used: 536B, undo waste: 0B, 
[430.159s][debug][gc,plab        ] GC(2958) Young other allocation: region end waste: 0B, regions filled: 1, direct allocated: 0B, failure used: 0B, failure wasted: 0B
[430.159s][debug][gc,plab        ] GC(2958) Young sizing: calculated: 104B, actual: 2064B
[430.159s][debug][gc,plab        ] GC(2958) Old PLAB allocation: allocated: 0B, wasted: 0B, unused: 0B, used: 0B, undo waste: 0B, 
[430.159s][debug][gc,plab        ] GC(2958) Old other allocation: region end waste: 0B, regions filled: 1, direct allocated: 0B, failure used: 0B, failure wasted: 0B
[430.159s][debug][gc,plab        ] GC(2958) Old sizing: calculated: 0B, actual: 2064B
[430.159s][debug][gc,ihop        ] GC(2958) Basic information (value update), threshold: 142501478B (45.00), target occupancy: 316669952B, current occupancy: 4167128B, recent allocation size: 0B, recent allocation duration: 148.94ms, recent old gen allocation rate: 0.00B/s, recent marking phase length: 0.00ms
[430.159s][debug][gc,ihop        ] GC(2958) Adaptive IHOP information (value update), threshold: 142501478B (47.37), internal target occupancy: 300836454B, occupancy: 4167128B, additional buffer size: 189792256B, predicted old gen allocation rate: 0.00B/s, predicted marking phase length: 0.00ms, prediction active: false
[430.159s][debug][gc,ergo,refine ] GC(2958) Concurrent refinement times: Logged Cards Scan time goal: 20.00ms Logged Cards Scan time: 0.00ms HCC time: 0.00ms
[430.159s][debug][gc,ergo,refine ] GC(2958) Updated Refinement Zones: green: 2048, yellow: 6144, red: 10240
[430.159s][info ][gc,phases      ] GC(2958)   Pre Evacuate Collection Set: 0.1ms
[430.159s][debug][gc,phases      ] GC(2958)     Prepare TLABs: 0.0ms
[430.159s][debug][gc,phases      ] GC(2958)     Choose Collection Set: 0.0ms
[430.159s][debug][gc,phases      ] GC(2958)     Region Register: 0.1ms
[430.159s][debug][gc,phases      ] GC(2958)     Prepare Heap Roots: 0.0ms
[430.159s][info ][gc,phases      ] GC(2958)   Merge Heap Roots: 0.1ms
[430.159s][debug][gc,phases      ] GC(2958)     Prepare Merge Heap Roots: 0.0ms
[430.159s][debug][gc,phases      ] GC(2958)     Eager Reclaim (ms):       skipped
[430.159s][debug][gc,phases      ] GC(2958)     Remembered Sets (ms):     Min:  0.0, Avg:  0.0, Max:  0.0, Diff:  0.0, Sum:  0.1, Workers: 8
[430.159s][debug][gc,phases      ] GC(2958)       Merged Sparse:            Min: 0, Avg:  0.0, Max: 0, Diff: 0, Sum: 0, Workers: 8
[430.159s][debug][gc,phases      ] GC(2958)       Merged Fine:              Min: 0, Avg:  0.0, Max: 0, Diff: 0, Sum: 0, Workers: 8
[430.159s][debug][gc,phases      ] GC(2958)       Merged Coarse:            Min: 0, Avg:  0.0, Max: 0, Diff: 0, Sum: 0, Workers: 8
[430.159s][debug][gc,phases      ] GC(2958)       Dirty Cards:              Min: 0, Avg:  0.0, Max: 0, Diff: 0, Sum: 0, Workers: 8
[430.159s][debug][gc,phases      ] GC(2958)     Hot Card Cache (ms):      Min:  0.0, Avg:  0.0, Max:  0.0, Diff:  0.0, Sum:  0.0, Workers: 8
[430.159s][debug][gc,phases      ] GC(2958)       Dirty Cards:              Min: 0, Avg:  0.0, Max: 0, Diff: 0, Sum: 0, Workers: 8
[430.159s][debug][gc,phases      ] GC(2958)       Skipped Cards:            Min: 0, Avg:  0.0, Max: 0, Diff: 0, Sum: 0, Workers: 8
[430.159s][debug][gc,phases      ] GC(2958)     Log Buffers (ms):         Min:  0.0, Avg:  0.0, Max:  0.0, Diff:  0.0, Sum:  0.0, Workers: 8
[430.159s][debug][gc,phases      ] GC(2958)       Dirty Cards:              Min: 0, Avg:  0.1, Max: 1, Diff: 1, Sum: 1, Workers: 8
[430.159s][debug][gc,phases      ] GC(2958)       Skipped Cards:            Min: 0, Avg:  0.0, Max: 0, Diff: 0, Sum: 0, Workers: 8
[430.159s][info ][gc,phases      ] GC(2958)   Evacuate Collection Set: 0.1ms
[430.159s][debug][gc,phases      ] GC(2958)     Ext Root Scanning (ms):   Min:  0.0, Avg:  0.0, Max:  0.1, Diff:  0.0, Sum:  0.2, Workers: 8
[430.159s][debug][gc,phases      ] GC(2958)     Scan Heap Roots (ms):     Min:  0.0, Avg:  0.0, Max:  0.0, Diff:  0.0, Sum:  0.0, Workers: 8
[430.159s][debug][gc,phases      ] GC(2958)       Scanned Cards:            Min: 0, Avg:  0.1, Max: 1, Diff: 1, Sum: 1, Workers: 8
[430.159s][debug][gc,phases      ] GC(2958)       Scanned Blocks:           Min: 0, Avg:  0.1, Max: 1, Diff: 1, Sum: 1, Workers: 8
[430.159s][debug][gc,phases      ] GC(2958)       Claimed Chunks:           Min: 0, Avg:  0.1, Max: 1, Diff: 1, Sum: 1, Workers: 8
[430.159s][debug][gc,phases      ] GC(2958)     Code Root Scan (ms):      Min:  0.0, Avg:  0.0, Max:  0.0, Diff:  0.0, Sum:  0.0, Workers: 8
[430.159s][debug][gc,phases      ] GC(2958)     Object Copy (ms):         Min:  0.0, Avg:  0.0, Max:  0.0, Diff:  0.0, Sum:  0.0, Workers: 8
[430.159s][debug][gc,phases      ] GC(2958)     Termination (ms):         Min:  0.0, Avg:  0.0, Max:  0.0, Diff:  0.0, Sum:  0.3, Workers: 8
[430.159s][debug][gc,phases      ] GC(2958)       Termination Attempts:     Min: 1, Avg:  1.0, Max: 1, Diff: 0, Sum: 8, Workers: 8
[430.159s][debug][gc,phases      ] GC(2958)     GC Worker Other (ms):     Min:  0.0, Avg:  0.0, Max:  0.0, Diff:  0.0, Sum:  0.1, Workers: 8
[430.159s][debug][gc,phases      ] GC(2958)     GC Worker Total (ms):     Min:  0.1, Avg:  0.1, Max:  0.1, Diff:  0.0, Sum:  0.7, Workers: 8
[430.159s][info ][gc,phases      ] GC(2958)   Post Evacuate Collection Set: 0.4ms
[430.159s][debug][gc,phases      ] GC(2958)     Code Roots Fixup: 0.0ms
[430.159s][debug][gc,phases      ] GC(2958)     Clear Card Table: 0.1ms
[430.159s][debug][gc,phases      ] GC(2958)     Reference Processing: 0.0ms
[430.159s][debug][gc,phases,ref  ] GC(2958)       Reconsider SoftReferences: 0.0ms
[430.159s][debug][gc,phases,ref  ] GC(2958)         SoftRef (ms):             skipped
[430.159s][debug][gc,phases,ref  ] GC(2958)       Notify Soft/WeakReferences: 0.0ms
[430.159s][debug][gc,phases,ref  ] GC(2958)         SoftRef (ms):             skipped
[430.159s][debug][gc,phases,ref  ] GC(2958)         WeakRef (ms):             skipped
[430.159s][debug][gc,phases,ref  ] GC(2958)         FinalRef (ms):            skipped
[430.159s][debug][gc,phases,ref  ] GC(2958)         Total (ms):               skipped
[430.159s][debug][gc,phases,ref  ] GC(2958)       Notify and keep alive finalizable: 0.0ms
[430.159s][debug][gc,phases,ref  ] GC(2958)         FinalRef (ms):            skipped
[430.159s][debug][gc,phases,ref  ] GC(2958)       Notify PhantomReferences: 0.0ms
[430.159s][debug][gc,phases,ref  ] GC(2958)         PhantomRef (ms):          skipped
[430.159s][debug][gc,phases,ref  ] GC(2958)       SoftReference:
[430.159s][debug][gc,phases,ref  ] GC(2958)         Discovered: 0
[430.159s][debug][gc,phases,ref  ] GC(2958)         Cleared: 0
[430.159s][debug][gc,phases,ref  ] GC(2958)       WeakReference:
[430.159s][debug][gc,phases,ref  ] GC(2958)         Discovered: 0
[430.159s][debug][gc,phases,ref  ] GC(2958)         Cleared: 0
[430.159s][debug][gc,phases,ref  ] GC(2958)       FinalReference:
[430.159s][debug][gc,phases,ref  ] GC(2958)         Discovered: 0
[430.159s][debug][gc,phases,ref  ] GC(2958)         Cleared: 0
[430.159s][debug][gc,phases,ref  ] GC(2958)       PhantomReference:
[430.159s][debug][gc,phases,ref  ] GC(2958)         Discovered: 0
[430.159s][debug][gc,phases,ref  ] GC(2958)         Cleared: 0
[430.159s][debug][gc,phases      ] GC(2958)     Weak Processing: 0.1ms
[430.159s][debug][gc,phases      ] GC(2958)       JVMTI weak processing: 0.0ms
[430.159s][debug][gc,phases      ] GC(2958)         Dead: 0
[430.159s][debug][gc,phases      ] GC(2958)         Total: 0
[430.159s][debug][gc,phases      ] GC(2958)       JFR weak processing: 0.0ms
[430.159s][debug][gc,phases      ] GC(2958)         Dead: 0
[430.159s][debug][gc,phases      ] GC(2958)         Total: 0
[430.159s][debug][gc,phases      ] GC(2958)       JNI weak                  Min:  0.0, Avg:  0.0, Max:  0.0, Diff:  0.0, Sum:  0.0, Workers: 5
[430.159s][debug][gc,phases      ] GC(2958)         Dead                      Min: 0, Avg:  0.0, Max: 0, Diff: 0, Sum: 0, Workers: 5
[430.159s][debug][gc,phases      ] GC(2958)         Total                     Min: 0, Avg: 13.6, Max: 68, Diff: 68, Sum: 68, Workers: 5
[430.159s][debug][gc,phases      ] GC(2958)       VM weak                   Min:  0.0, Avg:  0.0, Max:  0.0, Diff:  0.0, Sum:  0.0, Workers: 5
[430.159s][debug][gc,phases      ] GC(2958)         Dead                      Min: 0, Avg:  0.0, Max: 0, Diff: 0, Sum: 0, Workers: 5
[430.159s][debug][gc,phases      ] GC(2958)         Total                     Min: 0, Avg: 42.6, Max: 213, Diff: 213, Sum: 213, Workers: 5
[430.159s][debug][gc,phases      ] GC(2958)       StringTable weak          Min:  0.0, Avg:  0.0, Max:  0.0, Diff:  0.0, Sum:  0.0, Workers: 5
[430.159s][debug][gc,phases      ] GC(2958)         Dead                      Min: 0, Avg:  0.0, Max: 0, Diff: 0, Sum: 0, Workers: 5
[430.159s][debug][gc,phases      ] GC(2958)         Total                     Min: 0, Avg: 682.0, Max: 3071, Diff: 3071, Sum: 3410, Workers: 5
[430.159s][debug][gc,phases      ] GC(2958)       ResolvedMethodTable weak  Min:  0.0, Avg:  0.0, Max:  0.0, Diff:  0.0, Sum:  0.0, Workers: 5
[430.159s][debug][gc,phases      ] GC(2958)         Dead                      Min: 0, Avg:  0.0, Max: 0, Diff: 0, Sum: 0, Workers: 5
[430.159s][debug][gc,phases      ] GC(2958)         Total                     Min: 0, Avg: 114.8, Max: 256, Diff: 256, Sum: 574, Workers: 5
[430.159s][debug][gc,phases      ] GC(2958)     Merge Per-Thread State: 0.0ms
[430.159s][debug][gc,phases      ] GC(2958)       Copied Bytes              Min: 0, Avg: 67.0, Max: 176, Diff: 176, Sum: 536, Workers: 8
[430.159s][debug][gc,phases      ] GC(2958)       LAB Waste                 Min: 0, Avg:  0.0, Max: 0, Diff: 0, Sum: 0, Workers: 8
[430.159s][debug][gc,phases      ] GC(2958)       LAB Undo Waste            Min: 0, Avg:  0.0, Max: 0, Diff: 0, Sum: 0, Workers: 8
[430.159s][debug][gc,phases      ] GC(2958)     Code Roots Purge: 0.0ms
[430.159s][debug][gc,phases      ] GC(2958)     Redirty Cards: 0.0ms
[430.159s][debug][gc,phases      ] GC(2958)     DerivedPointerTable Update: 0.0ms
[430.159s][debug][gc,phases      ] GC(2958)     Free Collection Set: 0.1ms
[430.159s][debug][gc,phases      ] GC(2958)     Rebuild Free List: 0.0ms
[430.159s][debug][gc,phases      ] GC(2958)     Humongous Reclaim: 0.0ms
[430.159s][debug][gc,phases      ] GC(2958)     Start New Collection Set: 0.0ms
[430.159s][debug][gc,phases      ] GC(2958)     Resize TLABs: 0.0ms
[430.159s][debug][gc,phases      ] GC(2958)     Expand Heap After Collection: 0.0ms
[430.159s][info ][gc,phases      ] GC(2958)   Other: 0.3ms
[430.159s][info ][gc,heap        ] GC(2958) Eden regions: 180->0(180)
[430.159s][info ][gc,heap        ] GC(2958) Survivor regions: 1->1(23)
[430.159s][info ][gc,heap        ] GC(2958) Old regions: 7->7
[430.159s][info ][gc,heap        ] GC(2958) Archive regions: 2->2
[430.159s][info ][gc,heap        ] GC(2958) Humongous regions: 0->0
[430.159s][info ][gc,metaspace   ] GC(2958) Metaspace: 9905K(10624K)->9905K(10624K) NonClass: 8758K(9216K)->8758K(9216K) Class: 1146K(1408K)->1146K(1408K)
[430.159s][debug][gc,heap        ] GC(2958) Heap after GC invocations=2959 (full 1): garbage-first heap   total 309248K, used 4069K [0x0000000700000000, 0x0000000800000000)
[430.159s][debug][gc,heap        ] GC(2958)   region size 1024K, 1 young (1024K), 1 survivors (1024K)
[430.159s][debug][gc,heap        ] GC(2958)  Metaspace       used 9905K, capacity 10179K, committed 10624K, reserved 1058816K
[430.159s][debug][gc,heap        ] GC(2958)   class space    used 1146K, capacity 1267K, committed 1408K, reserved 1048576K
[430.159s][info ][gc             ] GC(2958) Pause Young (Normal) (G1 Evacuation Pause) 183M->3M(302M) 1.479ms
[430.159s][info ][gc,cpu         ] GC(2958) User=0.00s Sys=0.00s Real=0.00s
[430.159s][info ][safepoint      ] Safepoint "G1CollectForAllocation", Time since last: 147858457 ns, Reaching safepoint: 184376 ns, At safepoint: 1662464 ns, Total: 1846840 ns
[430.309s][debug][gc,heap        ] GC(2959) Heap before GC invocations=2959 (full 1): garbage-first heap   total 309248K, used 188389K [0x0000000700000000, 0x0000000800000000)
[430.309s][debug][gc,heap        ] GC(2959)   region size 1024K, 181 young (185344K), 1 survivors (1024K)
[430.309s][debug][gc,heap        ] GC(2959)  Metaspace       used 9905K, capacity 10179K, committed 10624K, reserved 1058816K
[430.309s][debug][gc,heap        ] GC(2959)   class space    used 1146K, capacity 1267K, committed 1408K, reserved 1048576K
[430.309s][info ][gc,start       ] GC(2959) Pause Young (Normal) (G1 Evacuation Pause)
[430.309s][info ][gc,task        ] GC(2959) Using 8 workers of 8 for evacuation
[430.309s][debug][gc,tlab        ] GC(2959) TLAB totals: thrds: 8  refills: 724 max: 97 slow allocs: 0 max 0 waste:  1.2% gc: 1842120B max: 450160B slow: 419152B max: 56256B fast: 0B max: 0B
[430.309s][debug][gc,age         ] GC(2959) Desired survivor size 12058624 bytes, new threshold 15 (max threshold 15)
[430.309s][debug][gc,alloc,region] GC(2959) Mutator Allocation stats, regions: 180, wasted size: 0B ( 0.0%)
[430.309s][debug][gc,ergo        ] GC(2959) Running G1 Merge Heap Roots using 8 workers for 181 regions
[430.309s][debug][gc,remset      ] GC(2959) Visited cards 256 Total dirty 2048 (12.50%) Total old 759808 (0.03%)
[430.310s][debug][gc,ergo        ] GC(2959) Running G1 Clear Card Table Task using 1 workers for 1 units of work for 182 regions.
[430.310s][debug][gc,ref         ] GC(2959) Skipped phase1 of Reference Processing due to unavailable references
[430.310s][debug][gc,ref         ] GC(2959) Skipped phase2 of Reference Processing due to unavailable references
[430.310s][debug][gc,ref         ] GC(2959) Skipped phase3 of Reference Processing due to unavailable references
[430.310s][debug][gc,ref         ] GC(2959) Skipped phase4 of Reference Processing due to unavailable references
[430.310s][debug][gc,ergo        ] GC(2959) Running G1 Free Collection Set using 8 workers for collection set length 181 (302)
[430.310s][debug][gc,ergo        ] GC(2959) Running G1 Rebuild Free List Task using 8 workers for rebuilding free list of 0 (4096) regions
[430.310s][trace][gc,age         ] GC(2959) Age table with threshold 15 (max threshold 15)
[430.310s][trace][gc,age         ] GC(2959) - age   1:        432 bytes,        432 total
[430.310s][debug][gc,plab        ] GC(2959) Young PLAB allocation: allocated: 16512B, wasted: 0B, unused: 16080B, used: 432B, undo waste: 0B, 
[430.310s][debug][gc,plab        ] GC(2959) Young other allocation: region end waste: 0B, regions filled: 1, direct allocated: 0B, failure used: 0B, failure wasted: 0B
[430.310s][debug][gc,plab        ] GC(2959) Young sizing: calculated: 80B, actual: 2064B
[430.310s][debug][gc,plab        ] GC(2959) Old PLAB allocation: allocated: 0B, wasted: 0B, unused: 0B, used: 0B, undo waste: 0B, 
[430.310s][debug][gc,plab        ] GC(2959) Old other allocation: region end waste: 0B, regions filled: 1, direct allocated: 0B, failure used: 0B, failure wasted: 0B
[430.310s][debug][gc,plab        ] GC(2959) Old sizing: calculated: 0B, actual: 2064B
[430.310s][debug][gc,ihop        ] GC(2959) Basic information (value update), threshold: 142501478B (45.00), target occupancy: 316669952B, current occupancy: 4171256B, recent allocation size: 0B, recent allocation duration: 150.69ms, recent old gen allocation rate: 0.00B/s, recent marking phase length: 0.00ms
[430.310s][debug][gc,ihop        ] GC(2959) Adaptive IHOP information (value update), threshold: 142501478B (47.37), internal target occupancy: 300836454B, occupancy: 4171256B, additional buffer size: 189792256B, predicted old gen allocation rate: 0.00B/s, predicted marking phase length: 0.00ms, prediction active: false
[430.310s][debug][gc,ergo,refine ] GC(2959) Concurrent refinement times: Logged Cards Scan time goal: 20.00ms Logged Cards Scan time: 0.00ms HCC time: 0.00ms
[430.310s][debug][gc,ergo,refine ] GC(2959) Updated Refinement Zones: green: 2048, yellow: 6144, red: 10240
[430.310s][info ][gc,phases      ] GC(2959)   Pre Evacuate Collection Set: 0.1ms
[430.310s][debug][gc,phases      ] GC(2959)     Prepare TLABs: 0.0ms
[430.310s][debug][gc,phases      ] GC(2959)     Choose Collection Set: 0.0ms
[430.310s][debug][gc,phases      ] GC(2959)     Region Register: 0.1ms
[430.310s][debug][gc,phases      ] GC(2959)     Prepare Heap Roots: 0.0ms
[430.310s][info ][gc,phases      ] GC(2959)   Merge Heap Roots: 0.1ms
[430.310s][debug][gc,phases      ] GC(2959)     Prepare Merge Heap Roots: 0.0ms
[430.310s][debug][gc,phases      ] GC(2959)     Eager Reclaim (ms):       skipped
[430.310s][debug][gc,phases      ] GC(2959)     Remembered Sets (ms):     Min:  0.0, Avg:  0.0, Max:  0.0, Diff:  0.0, Sum:  0.0, Workers: 8
[430.310s][debug][gc,phases      ] GC(2959)       Merged Sparse:            Min: 0, Avg:  0.0, Max: 0, Diff: 0, Sum: 0, Workers: 8
[430.310s][debug][gc,phases      ] GC(2959)       Merged Fine:              Min: 0, Avg:  0.0, Max: 0, Diff: 0, Sum: 0, Workers: 8
[430.310s][debug][gc,phases      ] GC(2959)       Merged Coarse:            Min: 0, Avg:  0.0, Max: 0, Diff: 0, Sum: 0, Workers: 8
[430.310s][debug][gc,phases      ] GC(2959)       Dirty Cards:              Min: 0, Avg:  0.0, Max: 0, Diff: 0, Sum: 0, Workers: 8
[430.310s][debug][gc,phases      ] GC(2959)     Hot Card Cache (ms):      Min:  0.0, Avg:  0.0, Max:  0.0, Diff:  0.0, Sum:  0.0, Workers: 8
[430.310s][debug][gc,phases      ] GC(2959)       Dirty Cards:              Min: 0, Avg:  0.0, Max: 0, Diff: 0, Sum: 0, Workers: 8
[430.310s][debug][gc,phases      ] GC(2959)       Skipped Cards:            Min: 0, Avg:  0.0, Max: 0, Diff: 0, Sum: 0, Workers: 8
[430.310s][debug][gc,phases      ] GC(2959)     Log Buffers (ms):         Min:  0.0, Avg:  0.0, Max:  0.0, Diff:  0.0, Sum:  0.0, Workers: 8
[430.310s][debug][gc,phases      ] GC(2959)       Dirty Cards:              Min: 0, Avg:  0.1, Max: 1, Diff: 1, Sum: 1, Workers: 8
[430.310s][debug][gc,phases      ] GC(2959)       Skipped Cards:            Min: 0, Avg:  0.0, Max: 0, Diff: 0, Sum: 0, Workers: 8
[430.310s][info ][gc,phases      ] GC(2959)   Evacuate Collection Set: 0.2ms
[430.310s][debug][gc,phases      ] GC(2959)     Ext Root Scanning (ms):   Min:  0.0, Avg:  0.0, Max:  0.1, Diff:  0.0, Sum:  0.2, Workers: 8
[430.310s][debug][gc,phases      ] GC(2959)     Scan Heap Roots (ms):     Min:  0.0, Avg:  0.0, Max:  0.0, Diff:  0.0, Sum:  0.0, Workers: 8
[430.310s][debug][gc,phases      ] GC(2959)       Scanned Cards:            Min: 0, Avg:  0.1, Max: 1, Diff: 1, Sum: 1, Workers: 8
[430.310s][debug][gc,phases      ] GC(2959)       Scanned Blocks:           Min: 0, Avg:  0.1, Max: 1, Diff: 1, Sum: 1, Workers: 8
[430.310s][debug][gc,phases      ] GC(2959)       Claimed Chunks:           Min: 0, Avg:  0.1, Max: 1, Diff: 1, Sum: 1, Workers: 8
[430.310s][debug][gc,phases      ] GC(2959)     Code Root Scan (ms):      Min:  0.0, Avg:  0.0, Max:  0.0, Diff:  0.0, Sum:  0.0, Workers: 8
[430.310s][debug][gc,phases      ] GC(2959)     Object Copy (ms):         Min:  0.0, Avg:  0.0, Max:  0.0, Diff:  0.0, Sum:  0.0, Workers: 8
[430.310s][debug][gc,phases      ] GC(2959)     Termination (ms):         Min:  0.1, Avg:  0.1, Max:  0.1, Diff:  0.0, Sum:  0.5, Workers: 8
[430.310s][debug][gc,phases      ] GC(2959)       Termination Attempts:     Min: 1, Avg:  1.0, Max: 1, Diff: 0, Sum: 8, Workers: 8
[430.310s][debug][gc,phases      ] GC(2959)     GC Worker Other (ms):     Min:  0.0, Avg:  0.0, Max:  0.0, Diff:  0.0, Sum:  0.1, Workers: 8
[430.310s][debug][gc,phases      ] GC(2959)     GC Worker Total (ms):     Min:  0.1, Avg:  0.1, Max:  0.2, Diff:  0.1, Sum:  1.0, Workers: 8
[430.310s][info ][gc,phases      ] GC(2959)   Post Evacuate Collection Set: 0.3ms
[430.310s][debug][gc,phases      ] GC(2959)     Code Roots Fixup: 0.0ms
[430.310s][debug][gc,phases      ] GC(2959)     Clear Card Table: 0.1ms
[430.310s][debug][gc,phases      ] GC(2959)     Reference Processing: 0.0ms
[430.310s][debug][gc,phases,ref  ] GC(2959)       Reconsider SoftReferences: 0.0ms
[430.310s][debug][gc,phases,ref  ] GC(2959)         SoftRef (ms):             skipped
[430.310s][debug][gc,phases,ref  ] GC(2959)       Notify Soft/WeakReferences: 0.0ms
[430.310s][debug][gc,phases,ref  ] GC(2959)         SoftRef (ms):             skipped
[430.310s][debug][gc,phases,ref  ] GC(2959)         WeakRef (ms):             skipped
[430.310s][debug][gc,phases,ref  ] GC(2959)         FinalRef (ms):            skipped
[430.310s][debug][gc,phases,ref  ] GC(2959)         Total (ms):               skipped
[430.310s][debug][gc,phases,ref  ] GC(2959)       Notify and keep alive finalizable: 0.0ms
[430.310s][debug][gc,phases,ref  ] GC(2959)         FinalRef (ms):            skipped
[430.310s][debug][gc,phases,ref  ] GC(2959)       Notify PhantomReferences: 0.0ms
[430.310s][debug][gc,phases,ref  ] GC(2959)         PhantomRef (ms):          skipped
[430.310s][debug][gc,phases,ref  ] GC(2959)       SoftReference:
[430.310s][debug][gc,phases,ref  ] GC(2959)         Discovered: 0
[430.310s][debug][gc,phases,ref  ] GC(2959)         Cleared: 0
[430.310s][debug][gc,phases,ref  ] GC(2959)       WeakReference:
[430.310s][debug][gc,phases,ref  ] GC(2959)         Discovered: 0
[430.310s][debug][gc,phases,ref  ] GC(2959)         Cleared: 0
[430.310s][debug][gc,phases,ref  ] GC(2959)       FinalReference:
[430.310s][debug][gc,phases,ref  ] GC(2959)         Discovered: 0
[430.310s][debug][gc,phases,ref  ] GC(2959)         Cleared: 0
[430.310s][debug][gc,phases,ref  ] GC(2959)       PhantomReference:
[430.310s][debug][gc,phases,ref  ] GC(2959)         Discovered: 0
[430.310s][debug][gc,phases,ref  ] GC(2959)         Cleared: 0
[430.310s][debug][gc,phases      ] GC(2959)     Weak Processing: 0.1ms
[430.310s][debug][gc,phases      ] GC(2959)       JVMTI weak processing: 0.0ms
[430.310s][debug][gc,phases      ] GC(2959)         Dead: 0
[430.310s][debug][gc,phases      ] GC(2959)         Total: 0
[430.310s][debug][gc,phases      ] GC(2959)       JFR weak processing: 0.0ms
[430.310s][debug][gc,phases      ] GC(2959)         Dead: 0
[430.310s][debug][gc,phases      ] GC(2959)         Total: 0
[430.310s][debug][gc,phases      ] GC(2959)       JNI weak                  Min:  0.0, Avg:  0.0, Max:  0.0, Diff:  0.0, Sum:  0.0, Workers: 5
[430.310s][debug][gc,phases      ] GC(2959)         Dead                      Min: 0, Avg:  0.0, Max: 0, Diff: 0, Sum: 0, Workers: 5
[430.310s][debug][gc,phases      ] GC(2959)         Total                     Min: 0, Avg: 13.6, Max: 52, Diff: 52, Sum: 68, Workers: 5
[430.310s][debug][gc,phases      ] GC(2959)       VM weak                   Min:  0.0, Avg:  0.0, Max:  0.0, Diff:  0.0, Sum:  0.0, Workers: 5
[430.310s][debug][gc,phases      ] GC(2959)         Dead                      Min: 0, Avg:  0.0, Max: 0, Diff: 0, Sum: 0, Workers: 5
[430.310s][debug][gc,phases      ] GC(2959)         Total                     Min: 0, Avg: 42.6, Max: 128, Diff: 128, Sum: 213, Workers: 5
[430.310s][debug][gc,phases      ] GC(2959)       StringTable weak          Min:  0.0, Avg:  0.0, Max:  0.0, Diff:  0.0, Sum:  0.1, Workers: 5
[430.311s][debug][gc,phases      ] GC(2959)         Dead                      Min: 0, Avg:  0.0, Max: 0, Diff: 0, Sum: 0, Workers: 5
[430.311s][debug][gc,phases      ] GC(2959)         Total                     Min: 0, Avg: 682.0, Max: 1728, Diff: 1728, Sum: 3410, Workers: 5
[430.311s][debug][gc,phases      ] GC(2959)       ResolvedMethodTable weak  Min:  0.0, Avg:  0.0, Max:  0.0, Diff:  0.0, Sum:  0.0, Workers: 5
[430.311s][debug][gc,phases      ] GC(2959)         Dead                      Min: 0, Avg:  0.0, Max: 0, Diff: 0, Sum: 0, Workers: 5
[430.311s][debug][gc,phases      ] GC(2959)         Total                     Min: 0, Avg: 114.8, Max: 256, Diff: 256, Sum: 574, Workers: 5
[430.311s][debug][gc,phases      ] GC(2959)     Merge Per-Thread State: 0.0ms
[430.311s][debug][gc,phases      ] GC(2959)       Copied Bytes              Min: 24, Avg: 54.0, Max: 120, Diff: 96, Sum: 432, Workers: 8
[430.311s][debug][gc,phases      ] GC(2959)       LAB Waste                 Min: 0, Avg:  0.0, Max: 0, Diff: 0, Sum: 0, Workers: 8
[430.311s][debug][gc,phases      ] GC(2959)       LAB Undo Waste            Min: 0, Avg:  0.0, Max: 0, Diff: 0, Sum: 0, Workers: 8
[430.311s][debug][gc,phases      ] GC(2959)     Code Roots Purge: 0.0ms
[430.311s][debug][gc,phases      ] GC(2959)     Redirty Cards: 0.0ms
[430.311s][debug][gc,phases      ] GC(2959)     DerivedPointerTable Update: 0.0ms
[430.311s][debug][gc,phases      ] GC(2959)     Free Collection Set: 0.1ms
[430.311s][debug][gc,phases      ] GC(2959)     Rebuild Free List: 0.1ms
[430.311s][debug][gc,phases      ] GC(2959)     Humongous Reclaim: 0.0ms
[430.311s][debug][gc,phases      ] GC(2959)     Start New Collection Set: 0.0ms
[430.311s][debug][gc,phases      ] GC(2959)     Resize TLABs: 0.0ms
[430.311s][debug][gc,phases      ] GC(2959)     Expand Heap After Collection: 0.0ms
[430.311s][info ][gc,phases      ] GC(2959)   Other: 0.3ms
[430.311s][info ][gc,heap        ] GC(2959) Eden regions: 180->0(180)
[430.311s][info ][gc,heap        ] GC(2959) Survivor regions: 1->1(23)
[430.311s][info ][gc,heap        ] GC(2959) Old regions: 7->7
[430.311s][info ][gc,heap        ] GC(2959) Archive regions: 2->2
[430.311s][info ][gc,heap        ] GC(2959) Humongous regions: 0->0
[430.311s][info ][gc,metaspace   ] GC(2959) Metaspace: 9905K(10624K)->9905K(10624K) NonClass: 8758K(9216K)->8758K(9216K) Class: 1146K(1408K)->1146K(1408K)
[430.311s][debug][gc,heap        ] GC(2959) Heap after GC invocations=2960 (full 1): garbage-first heap   total 309248K, used 4073K [0x0000000700000000, 0x0000000800000000)
[430.311s][debug][gc,heap        ] GC(2959)   region size 1024K, 1 young (1024K), 1 survivors (1024K)
[430.311s][debug][gc,heap        ] GC(2959)  Metaspace       used 9905K, capacity 10179K, committed 10624K, reserved 1058816K
[430.311s][debug][gc,heap        ] GC(2959)   class space    used 1146K, capacity 1267K, committed 1408K, reserved 1048576K
[430.311s][info ][gc             ] GC(2959) Pause Young (Normal) (G1 Evacuation Pause) 183M->3M(302M) 1.483ms
[430.311s][info ][gc,cpu         ] GC(2959) User=0.00s Sys=0.00s Real=0.00s
[430.311s][info ][safepoint      ] Safepoint "G1CollectForAllocation", Time since last: 149664446 ns, Reaching safepoint: 145678 ns, At safepoint: 1646820 ns, Total: 1792498 ns
[430.447s][debug][gc,heap        ] GC(2960) Heap before GC invocations=2960 (full 1): garbage-first heap   total 309248K, used 188393K [0x0000000700000000, 0x0000000800000000)
[430.447s][debug][gc,heap        ] GC(2960)   region size 1024K, 181 young (185344K), 1 survivors (1024K)
[430.447s][debug][gc,heap        ] GC(2960)  Metaspace       used 9905K, capacity 10179K, committed 10624K, reserved 1058816K
[430.447s][debug][gc,heap        ] GC(2960)   class space    used 1146K, capacity 1267K, committed 1408K, reserved 1048576K
[430.447s][info ][gc,start       ] GC(2960) Pause Young (Normal) (G1 Evacuation Pause)
[430.447s][info ][gc,task        ] GC(2960) Using 8 workers of 8 for evacuation
[430.447s][debug][gc,tlab        ] GC(2960) TLAB totals: thrds: 8  refills: 725 max: 98 slow allocs: 0 max 0 waste:  0.9% gc: 1228536B max: 337648B slow: 419520B max: 56800B fast: 0B max: 0B
[430.447s][debug][gc,age         ] GC(2960) Desired survivor size 12058624 bytes, new threshold 15 (max threshold 15)
[430.447s][debug][gc,alloc,region] GC(2960) Mutator Allocation stats, regions: 180, wasted size: 0B ( 0.0%)
[430.447s][debug][gc,ergo        ] GC(2960) Running G1 Merge Heap Roots using 8 workers for 181 regions
[430.447s][debug][gc,remset      ] GC(2960) Visited cards 256 Total dirty 2048 (12.50%) Total old 759808 (0.03%)
[430.448s][debug][gc,ergo        ] GC(2960) Running G1 Clear Card Table Task using 1 workers for 1 units of work for 182 regions.
[430.448s][debug][gc,ref         ] GC(2960) Skipped phase1 of Reference Processing due to unavailable references
[430.448s][debug][gc,ref         ] GC(2960) Skipped phase2 of Reference Processing due to unavailable references
[430.448s][debug][gc,ref         ] GC(2960) Skipped phase3 of Reference Processing due to unavailable references
[430.448s][debug][gc,ref         ] GC(2960) Skipped phase4 of Reference Processing due to unavailable references
[430.448s][debug][gc,ergo        ] GC(2960) Running G1 Free Collection Set using 8 workers for collection set length 181 (302)
[430.448s][debug][gc,ergo        ] GC(2960) Running G1 Rebuild Free List Task using 8 workers for rebuilding free list of 0 (4096) regions
[430.448s][trace][gc,age         ] GC(2960) Age table with threshold 15 (max threshold 15)
[430.448s][trace][gc,age         ] GC(2960) - age   1:        624 bytes,        624 total
[430.448s][debug][gc,plab        ] GC(2960) Young PLAB allocation: allocated: 14448B, wasted: 0B, unused: 13824B, used: 624B, undo waste: 0B, 
[430.448s][debug][gc,plab        ] GC(2960) Young other allocation: region end waste: 0B, regions filled: 1, direct allocated: 0B, failure used: 0B, failure wasted: 0B
[430.448s][debug][gc,plab        ] GC(2960) Young sizing: calculated: 120B, actual: 2064B
[430.448s][debug][gc,plab        ] GC(2960) Old PLAB allocation: allocated: 0B, wasted: 0B, unused: 0B, used: 0B, undo waste: 0B, 
[430.448s][debug][gc,plab        ] GC(2960) Old other allocation: region end waste: 0B, regions filled: 1, direct allocated: 0B, failure used: 0B, failure wasted: 0B
[430.448s][debug][gc,plab        ] GC(2960) Old sizing: calculated: 0B, actual: 2064B
[430.448s][debug][gc,ihop        ] GC(2960) Basic information (value update), threshold: 142501478B (45.00), target occupancy: 316669952B, current occupancy: 4169192B, recent allocation size: 0B, recent allocation duration: 137.22ms, recent old gen allocation rate: 0.00B/s, recent marking phase length: 0.00ms
[430.448s][debug][gc,ihop        ] GC(2960) Adaptive IHOP information (value update), threshold: 142501478B (47.37), internal target occupancy: 300836454B, occupancy: 4169192B, additional buffer size: 189792256B, predicted old gen allocation rate: 0.00B/s, predicted marking phase length: 0.00ms, prediction active: false
[430.448s][debug][gc,ergo,refine ] GC(2960) Concurrent refinement times: Logged Cards Scan time goal: 20.00ms Logged Cards Scan time: 0.00ms HCC time: 0.00ms
[430.448s][debug][gc,ergo,refine ] GC(2960) Updated Refinement Zones: green: 2048, yellow: 6144, red: 10240
[430.448s][info ][gc,phases      ] GC(2960)   Pre Evacuate Collection Set: 0.1ms
[430.448s][debug][gc,phases      ] GC(2960)     Prepare TLABs: 0.0ms
[430.448s][debug][gc,phases      ] GC(2960)     Choose Collection Set: 0.0ms
[430.448s][debug][gc,phases      ] GC(2960)     Region Register: 0.1ms
[430.448s][debug][gc,phases      ] GC(2960)     Prepare Heap Roots: 0.0ms
[430.448s][info ][gc,phases      ] GC(2960)   Merge Heap Roots: 0.2ms
[430.448s][debug][gc,phases      ] GC(2960)     Prepare Merge Heap Roots: 0.0ms
[430.448s][debug][gc,phases      ] GC(2960)     Eager Reclaim (ms):       skipped
[430.448s][debug][gc,phases      ] GC(2960)     Remembered Sets (ms):     Min:  0.0, Avg:  0.0, Max:  0.0, Diff:  0.0, Sum:  0.1, Workers: 8
[430.448s][debug][gc,phases      ] GC(2960)       Merged Sparse:            Min: 0, Avg:  0.0, Max: 0, Diff: 0, Sum: 0, Workers: 8
[430.448s][debug][gc,phases      ] GC(2960)       Merged Fine:              Min: 0, Avg:  0.0, Max: 0, Diff: 0, Sum: 0, Workers: 8
[430.448s][debug][gc,phases      ] GC(2960)       Merged Coarse:            Min: 0, Avg:  0.0, Max: 0, Diff: 0, Sum: 0, Workers: 8
[430.448s][debug][gc,phases      ] GC(2960)       Dirty Cards:              Min: 0, Avg:  0.0, Max: 0, Diff: 0, Sum: 0, Workers: 8
[430.448s][debug][gc,phases      ] GC(2960)     Hot Card Cache (ms):      Min:  0.0, Avg:  0.0, Max:  0.0, Diff:  0.0, Sum:  0.0, Workers: 8
[430.448s][debug][gc,phases      ] GC(2960)       Dirty Cards:              Min: 0, Avg:  0.0, Max: 0, Diff: 0, Sum: 0, Workers: 8
[430.448s][debug][gc,phases      ] GC(2960)       Skipped Cards:            Min: 0, Avg:  0.0, Max: 0, Diff: 0, Sum: 0, Workers: 8
[430.448s][debug][gc,phases      ] GC(2960)     Log Buffers (ms):         Min:  0.0, Avg:  0.0, Max:  0.0, Diff:  0.0, Sum:  0.0, Workers: 8
[430.448s][debug][gc,phases      ] GC(2960)       Dirty Cards:              Min: 0, Avg:  0.1, Max: 1, Diff: 1, Sum: 1, Workers: 8
[430.448s][debug][gc,phases      ] GC(2960)       Skipped Cards:            Min: 0, Avg:  0.0, Max: 0, Diff: 0, Sum: 0, Workers: 8
[430.448s][info ][gc,phases      ] GC(2960)   Evacuate Collection Set: 0.2ms
[430.448s][debug][gc,phases      ] GC(2960)     Ext Root Scanning (ms):   Min:  0.0, Avg:  0.0, Max:  0.1, Diff:  0.0, Sum:  0.2, Workers: 8
[430.448s][debug][gc,phases      ] GC(2960)     Scan Heap Roots (ms):     Min:  0.0, Avg:  0.0, Max:  0.0, Diff:  0.0, Sum:  0.0, Workers: 8
[430.448s][debug][gc,phases      ] GC(2960)       Scanned Cards:            Min: 0, Avg:  0.1, Max: 1, Diff: 1, Sum: 1, Workers: 8
[430.448s][debug][gc,phases      ] GC(2960)       Scanned Blocks:           Min: 0, Avg:  0.1, Max: 1, Diff: 1, Sum: 1, Workers: 8
[430.448s][debug][gc,phases      ] GC(2960)       Claimed Chunks:           Min: 0, Avg:  0.1, Max: 1, Diff: 1, Sum: 1, Workers: 8
[430.448s][debug][gc,phases      ] GC(2960)     Code Root Scan (ms):      Min:  0.0, Avg:  0.0, Max:  0.0, Diff:  0.0, Sum:  0.0, Workers: 8
[430.448s][debug][gc,phases      ] GC(2960)     Object Copy (ms):         Min:  0.0, Avg:  0.0, Max:  0.0, Diff:  0.0, Sum:  0.0, Workers: 8
[430.448s][debug][gc,phases      ] GC(2960)     Termination (ms):         Min:  0.1, Avg:  0.1, Max:  0.1, Diff:  0.0, Sum:  0.5, Workers: 8
[430.448s][debug][gc,phases      ] GC(2960)       Termination Attempts:     Min: 1, Avg:  1.0, Max: 1, Diff: 0, Sum: 8, Workers: 8
[430.448s][debug][gc,phases      ] GC(2960)     GC Worker Other (ms):     Min:  0.0, Avg:  0.0, Max:  0.0, Diff:  0.0, Sum:  0.1, Workers: 8
[430.448s][debug][gc,phases      ] GC(2960)     GC Worker Total (ms):     Min:  0.1, Avg:  0.1, Max:  0.1, Diff:  0.1, Sum:  0.9, Workers: 8
[430.448s][info ][gc,phases      ] GC(2960)   Post Evacuate Collection Set: 0.3ms
[430.448s][debug][gc,phases      ] GC(2960)     Code Roots Fixup: 0.0ms
[430.448s][debug][gc,phases      ] GC(2960)     Clear Card Table: 0.1ms
[430.448s][debug][gc,phases      ] GC(2960)     Reference Processing: 0.0ms
[430.448s][debug][gc,phases,ref  ] GC(2960)       Reconsider SoftReferences: 0.0ms
[430.448s][debug][gc,phases,ref  ] GC(2960)         SoftRef (ms):             skipped
[430.448s][debug][gc,phases,ref  ] GC(2960)       Notify Soft/WeakReferences: 0.0ms
[430.448s][debug][gc,phases,ref  ] GC(2960)         SoftRef (ms):             skipped
[430.448s][debug][gc,phases,ref  ] GC(2960)         WeakRef (ms):             skipped
[430.448s][debug][gc,phases,ref  ] GC(2960)         FinalRef (ms):            skipped
[430.448s][debug][gc,phases,ref  ] GC(2960)         Total (ms):               skipped
[430.448s][debug][gc,phases,ref  ] GC(2960)       Notify and keep alive finalizable: 0.0ms
[430.448s][debug][gc,phases,ref  ] GC(2960)         FinalRef (ms):            skipped
[430.448s][debug][gc,phases,ref  ] GC(2960)       Notify PhantomReferences: 0.0ms
[430.448s][debug][gc,phases,ref  ] GC(2960)         PhantomRef (ms):          skipped
[430.448s][debug][gc,phases,ref  ] GC(2960)       SoftReference:
[430.448s][debug][gc,phases,ref  ] GC(2960)         Discovered: 0
[430.448s][debug][gc,phases,ref  ] GC(2960)         Cleared: 0
[430.448s][debug][gc,phases,ref  ] GC(2960)       WeakReference:
[430.448s][debug][gc,phases,ref  ] GC(2960)         Discovered: 0
[430.448s][debug][gc,phases,ref  ] GC(2960)         Cleared: 0
[430.448s][debug][gc,phases,ref  ] GC(2960)       FinalReference:
[430.448s][debug][gc,phases,ref  ] GC(2960)         Discovered: 0
[430.448s][debug][gc,phases,ref  ] GC(2960)         Cleared: 0
[430.448s][debug][gc,phases,ref  ] GC(2960)       PhantomReference:
[430.448s][debug][gc,phases,ref  ] GC(2960)         Discovered: 0
[430.448s][debug][gc,phases,ref  ] GC(2960)         Cleared: 0
[430.448s][debug][gc,phases      ] GC(2960)     Weak Processing: 0.0ms
[430.448s][debug][gc,phases      ] GC(2960)       JVMTI weak processing: 0.0ms
[430.448s][debug][gc,phases      ] GC(2960)         Dead: 0
[430.448s][debug][gc,phases      ] GC(2960)         Total: 0
[430.449s][debug][gc,phases      ] GC(2960)       JFR weak processing: 0.0ms
[430.449s][debug][gc,phases      ] GC(2960)         Dead: 0
[430.449s][debug][gc,phases      ] GC(2960)         Total: 0
[430.449s][debug][gc,phases      ] GC(2960)       JNI weak                  Min:  0.0, Avg:  0.0, Max:  0.0, Diff:  0.0, Sum:  0.0, Workers: 5
[430.449s][debug][gc,phases      ] GC(2960)         Dead                      Min: 0, Avg:  0.0, Max: 0, Diff: 0, Sum: 0, Workers: 5
[430.449s][debug][gc,phases      ] GC(2960)         Total                     Min: 0, Avg: 13.6, Max: 52, Diff: 52, Sum: 68, Workers: 5
[430.449s][debug][gc,phases      ] GC(2960)       VM weak                   Min:  0.0, Avg:  0.0, Max:  0.0, Diff:  0.0, Sum:  0.0, Workers: 5
[430.449s][debug][gc,phases      ] GC(2960)         Dead                      Min: 0, Avg:  0.0, Max: 0, Diff: 0, Sum: 0, Workers: 5
[430.449s][debug][gc,phases      ] GC(2960)         Total                     Min: 0, Avg: 42.6, Max: 85, Diff: 85, Sum: 213, Workers: 5
[430.449s][debug][gc,phases      ] GC(2960)       StringTable weak          Min:  0.0, Avg:  0.0, Max:  0.0, Diff:  0.0, Sum:  0.0, Workers: 5
[430.449s][debug][gc,phases      ] GC(2960)         Dead                      Min: 0, Avg:  0.0, Max: 0, Diff: 0, Sum: 0, Workers: 5
[430.449s][debug][gc,phases      ] GC(2960)         Total                     Min: 0, Avg: 682.0, Max: 1408, Diff: 1408, Sum: 3410, Workers: 5
[430.449s][debug][gc,phases      ] GC(2960)       ResolvedMethodTable weak  Min:  0.0, Avg:  0.0, Max:  0.0, Diff:  0.0, Sum:  0.0, Workers: 5
[430.449s][debug][gc,phases      ] GC(2960)         Dead                      Min: 0, Avg:  0.0, Max: 0, Diff: 0, Sum: 0, Workers: 5
[430.449s][debug][gc,phases      ] GC(2960)         Total                     Min: 0, Avg: 114.8, Max: 192, Diff: 192, Sum: 574, Workers: 5
[430.449s][debug][gc,phases      ] GC(2960)     Merge Per-Thread State: 0.0ms
[430.449s][debug][gc,phases      ] GC(2960)       Copied Bytes              Min: 0, Avg: 78.0, Max: 152, Diff: 152, Sum: 624, Workers: 8
[430.449s][debug][gc,phases      ] GC(2960)       LAB Waste                 Min: 0, Avg:  0.0, Max: 0, Diff: 0, Sum: 0, Workers: 8
[430.449s][debug][gc,phases      ] GC(2960)       LAB Undo Waste            Min: 0, Avg:  0.0, Max: 0, Diff: 0, Sum: 0, Workers: 8
[430.449s][debug][gc,phases      ] GC(2960)     Code Roots Purge: 0.0ms
[430.449s][debug][gc,phases      ] GC(2960)     Redirty Cards: 0.0ms
[430.449s][debug][gc,phases      ] GC(2960)     DerivedPointerTable Update: 0.0ms
[430.449s][debug][gc,phases      ] GC(2960)     Free Collection Set: 0.1ms
[430.449s][debug][gc,phases      ] GC(2960)     Rebuild Free List: 0.1ms
[430.449s][debug][gc,phases      ] GC(2960)     Humongous Reclaim: 0.0ms
[430.449s][debug][gc,phases      ] GC(2960)     Start New Collection Set: 0.0ms
[430.449s][debug][gc,phases      ] GC(2960)     Resize TLABs: 0.0ms
[430.449s][debug][gc,phases      ] GC(2960)     Expand Heap After Collection: 0.0ms
[430.449s][info ][gc,phases      ] GC(2960)   Other: 0.3ms
[430.449s][info ][gc,heap        ] GC(2960) Eden regions: 180->0(180)
[430.449s][info ][gc,heap        ] GC(2960) Survivor regions: 1->1(23)
[430.449s][info ][gc,heap        ] GC(2960) Old regions: 7->7
[430.449s][info ][gc,heap        ] GC(2960) Archive regions: 2->2
[430.449s][info ][gc,heap        ] GC(2960) Humongous regions: 0->0
[430.449s][info ][gc,metaspace   ] GC(2960) Metaspace: 9905K(10624K)->9905K(10624K) NonClass: 8758K(9216K)->8758K(9216K) Class: 1146K(1408K)->1146K(1408K)
[430.449s][debug][gc,heap        ] GC(2960) Heap after GC invocations=2961 (full 1): garbage-first heap   total 309248K, used 4071K [0x0000000700000000, 0x0000000800000000)
[430.449s][debug][gc,heap        ] GC(2960)   region size 1024K, 1 young (1024K), 1 survivors (1024K)
[430.449s][debug][gc,heap        ] GC(2960)  Metaspace       used 9905K, capacity 10179K, committed 10624K, reserved 1058816K
[430.449s][debug][gc,heap        ] GC(2960)   class space    used 1146K, capacity 1267K, committed 1408K, reserved 1048576K
[430.449s][info ][gc             ] GC(2960) Pause Young (Normal) (G1 Evacuation Pause) 183M->3M(302M) 1.555ms
[430.449s][info ][gc,cpu         ] GC(2960) User=0.00s Sys=0.00s Real=0.00s
[430.449s][info ][safepoint      ] Safepoint "G1CollectForAllocation", Time since last: 136204158 ns, Reaching safepoint: 141836 ns, At safepoint: 1720946 ns, Total: 1862782 ns
[430.596s][debug][gc,heap        ] GC(2961) Heap before GC invocations=2961 (full 1): garbage-first heap   total 309248K, used 188391K [0x0000000700000000, 0x0000000800000000)
[430.596s][debug][gc,heap        ] GC(2961)   region size 1024K, 181 young (185344K), 1 survivors (1024K)
[430.596s][debug][gc,heap        ] GC(2961)  Metaspace       used 9905K, capacity 10179K, committed 10624K, reserved 1058816K
[430.596s][debug][gc,heap        ] GC(2961)   class space    used 1146K, capacity 1267K, committed 1408K, reserved 1048576K
[430.596s][info ][gc,start       ] GC(2961) Pause Young (Normal) (G1 Evacuation Pause)
[430.596s][info ][gc,task        ] GC(2961) Using 8 workers of 8 for evacuation
[430.596s][debug][gc,tlab        ] GC(2961) TLAB totals: thrds: 8  refills: 722 max: 98 slow allocs: 0 max 0 waste:  0.8% gc: 1088320B max: 333608B slow: 417376B max: 56624B fast: 0B max: 0B
[430.596s][debug][gc,age         ] GC(2961) Desired survivor size 12058624 bytes, new threshold 15 (max threshold 15)
[430.596s][debug][gc,alloc,region] GC(2961) Mutator Allocation stats, regions: 180, wasted size: 0B ( 0.0%)
[430.596s][debug][gc,ergo        ] GC(2961) Running G1 Merge Heap Roots using 8 workers for 181 regions
[430.596s][debug][gc,remset      ] GC(2961) Visited cards 256 Total dirty 2048 (12.50%) Total old 759808 (0.03%)
[430.597s][debug][gc,ergo        ] GC(2961) Running G1 Clear Card Table Task using 1 workers for 1 units of work for 182 regions.
[430.597s][debug][gc,ref         ] GC(2961) Skipped phase1 of Reference Processing due to unavailable references
[430.597s][debug][gc,ref         ] GC(2961) Skipped phase2 of Reference Processing due to unavailable references
[430.597s][debug][gc,ref         ] GC(2961) Skipped phase3 of Reference Processing due to unavailable references
[430.597s][debug][gc,ref         ] GC(2961) Skipped phase4 of Reference Processing due to unavailable references
[430.597s][debug][gc,ergo        ] GC(2961) Running G1 Free Collection Set using 8 workers for collection set length 181 (302)
[430.597s][debug][gc,ergo        ] GC(2961) Running G1 Rebuild Free List Task using 8 workers for rebuilding free list of 0 (4096) regions
[430.597s][trace][gc,age         ] GC(2961) Age table with threshold 15 (max threshold 15)
[430.597s][trace][gc,age         ] GC(2961) - age   1:        536 bytes,        536 total
[430.597s][debug][gc,plab        ] GC(2961) Young PLAB allocation: allocated: 14448B, wasted: 0B, unused: 13912B, used: 536B, undo waste: 0B, 
[430.597s][debug][gc,plab        ] GC(2961) Young other allocation: region end waste: 0B, regions filled: 1, direct allocated: 0B, failure used: 0B, failure wasted: 0B
[430.597s][debug][gc,plab        ] GC(2961) Young sizing: calculated: 104B, actual: 2064B
[430.597s][debug][gc,plab        ] GC(2961) Old PLAB allocation: allocated: 0B, wasted: 0B, unused: 0B, used: 0B, undo waste: 0B, 
[430.597s][debug][gc,plab        ] GC(2961) Old other allocation: region end waste: 0B, regions filled: 1, direct allocated: 0B, failure used: 0B, failure wasted: 0B
[430.597s][debug][gc,plab        ] GC(2961) Old sizing: calculated: 0B, actual: 2064B
[430.597s][debug][gc,ihop        ] GC(2961) Basic information (value update), threshold: 142501478B (45.00), target occupancy: 316669952B, current occupancy: 4169192B, recent allocation size: 0B, recent allocation duration: 148.16ms, recent old gen allocation rate: 0.00B/s, recent marking phase length: 0.00ms
[430.597s][debug][gc,ihop        ] GC(2961) Adaptive IHOP information (value update), threshold: 142501478B (47.37), internal target occupancy: 300836454B, occupancy: 4169192B, additional buffer size: 189792256B, predicted old gen allocation rate: 0.00B/s, predicted marking phase length: 0.00ms, prediction active: false
[430.597s][debug][gc,ergo,refine ] GC(2961) Concurrent refinement times: Logged Cards Scan time goal: 20.00ms Logged Cards Scan time: 0.00ms HCC time: 0.00ms
[430.597s][debug][gc,ergo,refine ] GC(2961) Updated Refinement Zones: green: 2048, yellow: 6144, red: 10240
[430.597s][info ][gc,phases      ] GC(2961)   Pre Evacuate Collection Set: 0.1ms
[430.597s][debug][gc,phases      ] GC(2961)     Prepare TLABs: 0.0ms
[430.597s][debug][gc,phases      ] GC(2961)     Choose Collection Set: 0.0ms
[430.597s][debug][gc,phases      ] GC(2961)     Region Register: 0.1ms
[430.597s][debug][gc,phases      ] GC(2961)     Prepare Heap Roots: 0.0ms
[430.597s][info ][gc,phases      ] GC(2961)   Merge Heap Roots: 0.1ms
[430.597s][debug][gc,phases      ] GC(2961)     Prepare Merge Heap Roots: 0.0ms
[430.597s][debug][gc,phases      ] GC(2961)     Eager Reclaim (ms):       skipped
[430.597s][debug][gc,phases      ] GC(2961)     Remembered Sets (ms):     Min:  0.0, Avg:  0.0, Max:  0.0, Diff:  0.0, Sum:  0.1, Workers: 8
[430.597s][debug][gc,phases      ] GC(2961)       Merged Sparse:            Min: 0, Avg:  0.0, Max: 0, Diff: 0, Sum: 0, Workers: 8
[430.597s][debug][gc,phases      ] GC(2961)       Merged Fine:              Min: 0, Avg:  0.0, Max: 0, Diff: 0, Sum: 0, Workers: 8
[430.597s][debug][gc,phases      ] GC(2961)       Merged Coarse:            Min: 0, Avg:  0.0, Max: 0, Diff: 0, Sum: 0, Workers: 8
[430.597s][debug][gc,phases      ] GC(2961)       Dirty Cards:              Min: 0, Avg:  0.0, Max: 0, Diff: 0, Sum: 0, Workers: 8
[430.597s][debug][gc,phases      ] GC(2961)     Hot Card Cache (ms):      Min:  0.0, Avg:  0.0, Max:  0.0, Diff:  0.0, Sum:  0.0, Workers: 8
[430.597s][debug][gc,phases      ] GC(2961)       Dirty Cards:              Min: 0, Avg:  0.0, Max: 0, Diff: 0, Sum: 0, Workers: 8
[430.597s][debug][gc,phases      ] GC(2961)       Skipped Cards:            Min: 0, Avg:  0.0, Max: 0, Diff: 0, Sum: 0, Workers: 8
[430.597s][debug][gc,phases      ] GC(2961)     Log Buffers (ms):         Min:  0.0, Avg:  0.0, Max:  0.0, Diff:  0.0, Sum:  0.0, Workers: 8
[430.597s][debug][gc,phases      ] GC(2961)       Dirty Cards:              Min: 0, Avg:  0.1, Max: 1, Diff: 1, Sum: 1, Workers: 8
[430.597s][debug][gc,phases      ] GC(2961)       Skipped Cards:            Min: 0, Avg:  0.0, Max: 0, Diff: 0, Sum: 0, Workers: 8
[430.597s][info ][gc,phases      ] GC(2961)   Evacuate Collection Set: 0.2ms
[430.597s][debug][gc,phases      ] GC(2961)     Ext Root Scanning (ms):   Min:  0.0, Avg:  0.0, Max:  0.1, Diff:  0.0, Sum:  0.2, Workers: 8
[430.597s][debug][gc,phases      ] GC(2961)     Scan Heap Roots (ms):     Min:  0.0, Avg:  0.0, Max:  0.0, Diff:  0.0, Sum:  0.0, Workers: 8
[430.597s][debug][gc,phases      ] GC(2961)       Scanned Cards:            Min: 0, Avg:  0.1, Max: 1, Diff: 1, Sum: 1, Workers: 8
[430.597s][debug][gc,phases      ] GC(2961)       Scanned Blocks:           Min: 0, Avg:  0.1, Max: 1, Diff: 1, Sum: 1, Workers: 8
[430.597s][debug][gc,phases      ] GC(2961)       Claimed Chunks:           Min: 0, Avg:  0.1, Max: 1, Diff: 1, Sum: 1, Workers: 8
[430.597s][debug][gc,phases      ] GC(2961)     Code Root Scan (ms):      Min:  0.0, Avg:  0.0, Max:  0.0, Diff:  0.0, Sum:  0.0, Workers: 8
[430.597s][debug][gc,phases      ] GC(2961)     Object Copy (ms):         Min:  0.0, Avg:  0.0, Max:  0.0, Diff:  0.0, Sum:  0.0, Workers: 8
[430.597s][debug][gc,phases      ] GC(2961)     Termination (ms):         Min:  0.0, Avg:  0.1, Max:  0.1, Diff:  0.0, Sum:  0.4, Workers: 8
[430.597s][debug][gc,phases      ] GC(2961)       Termination Attempts:     Min: 1, Avg:  1.0, Max: 1, Diff: 0, Sum: 8, Workers: 8
[430.597s][debug][gc,phases      ] GC(2961)     GC Worker Other (ms):     Min:  0.0, Avg:  0.0, Max:  0.0, Diff:  0.0, Sum:  0.1, Workers: 8
[430.597s][debug][gc,phases      ] GC(2961)     GC Worker Total (ms):     Min:  0.1, Avg:  0.1, Max:  0.1, Diff:  0.1, Sum:  0.8, Workers: 8
[430.597s][info ][gc,phases      ] GC(2961)   Post Evacuate Collection Set: 0.3ms
[430.597s][debug][gc,phases      ] GC(2961)     Code Roots Fixup: 0.0ms
[430.597s][debug][gc,phases      ] GC(2961)     Clear Card Table: 0.1ms
[430.597s][debug][gc,phases      ] GC(2961)     Reference Processing: 0.0ms
[430.597s][debug][gc,phases,ref  ] GC(2961)       Reconsider SoftReferences: 0.0ms
[430.597s][debug][gc,phases,ref  ] GC(2961)         SoftRef (ms):             skipped
[430.597s][debug][gc,phases,ref  ] GC(2961)       Notify Soft/WeakReferences: 0.0ms
[430.597s][debug][gc,phases,ref  ] GC(2961)         SoftRef (ms):             skipped
[430.597s][debug][gc,phases,ref  ] GC(2961)         WeakRef (ms):             skipped
[430.597s][debug][gc,phases,ref  ] GC(2961)         FinalRef (ms):            skipped
[430.597s][debug][gc,phases,ref  ] GC(2961)         Total (ms):               skipped
[430.597s][debug][gc,phases,ref  ] GC(2961)       Notify and keep alive finalizable: 0.0ms
[430.597s][debug][gc,phases,ref  ] GC(2961)         FinalRef (ms):            skipped
[430.597s][debug][gc,phases,ref  ] GC(2961)       Notify PhantomReferences: 0.0ms
[430.597s][debug][gc,phases,ref  ] GC(2961)         PhantomRef (ms):          skipped
[430.597s][debug][gc,phases,ref  ] GC(2961)       SoftReference:
[430.597s][debug][gc,phases,ref  ] GC(2961)         Discovered: 0
[430.597s][debug][gc,phases,ref  ] GC(2961)         Cleared: 0
[430.597s][debug][gc,phases,ref  ] GC(2961)       WeakReference:
[430.597s][debug][gc,phases,ref  ] GC(2961)         Discovered: 0
[430.597s][debug][gc,phases,ref  ] GC(2961)         Cleared: 0
[430.597s][debug][gc,phases,ref  ] GC(2961)       FinalReference:
[430.597s][debug][gc,phases,ref  ] GC(2961)         Discovered: 0
[430.597s][debug][gc,phases,ref  ] GC(2961)         Cleared: 0
[430.597s][debug][gc,phases,ref  ] GC(2961)       PhantomReference:
[430.597s][debug][gc,phases,ref  ] GC(2961)         Discovered: 0
[430.597s][debug][gc,phases,ref  ] GC(2961)         Cleared: 0
[430.597s][debug][gc,phases      ] GC(2961)     Weak Processing: 0.0ms
[430.597s][debug][gc,phases      ] GC(2961)       JVMTI weak processing: 0.0ms
[430.597s][debug][gc,phases      ] GC(2961)         Dead: 0
[430.597s][debug][gc,phases      ] GC(2961)         Total: 0
[430.597s][debug][gc,phases      ] GC(2961)       JFR weak processing: 0.0ms
[430.597s][debug][gc,phases      ] GC(2961)         Dead: 0
[430.597s][debug][gc,phases      ] GC(2961)         Total: 0
[430.597s][debug][gc,phases      ] GC(2961)       JNI weak                  Min:  0.0, Avg:  0.0, Max:  0.0, Diff:  0.0, Sum:  0.0, Workers: 5
[430.597s][debug][gc,phases      ] GC(2961)         Dead                      Min: 0, Avg:  0.0, Max: 0, Diff: 0, Sum: 0, Workers: 5
[430.597s][debug][gc,phases      ] GC(2961)         Total                     Min: 0, Avg: 13.6, Max: 52, Diff: 52, Sum: 68, Workers: 5
[430.597s][debug][gc,phases      ] GC(2961)       VM weak                   Min:  0.0, Avg:  0.0, Max:  0.0, Diff:  0.0, Sum:  0.0, Workers: 5
[430.597s][debug][gc,phases      ] GC(2961)         Dead                      Min: 0, Avg:  0.0, Max: 0, Diff: 0, Sum: 0, Workers: 5
[430.597s][debug][gc,phases      ] GC(2961)         Total                     Min: 0, Avg: 42.6, Max: 64, Diff: 64, Sum: 213, Workers: 5
[430.597s][debug][gc,phases      ] GC(2961)       StringTable weak          Min:  0.0, Avg:  0.0, Max:  0.0, Diff:  0.0, Sum:  0.1, Workers: 5
[430.597s][debug][gc,phases      ] GC(2961)         Dead                      Min: 0, Avg:  0.0, Max: 0, Diff: 0, Sum: 0, Workers: 5
[430.597s][debug][gc,phases      ] GC(2961)         Total                     Min: 0, Avg: 682.0, Max: 896, Diff: 896, Sum: 3410, Workers: 5
[430.597s][debug][gc,phases      ] GC(2961)       ResolvedMethodTable weak  Min:  0.0, Avg:  0.0, Max:  0.0, Diff:  0.0, Sum:  0.0, Workers: 5
[430.597s][debug][gc,phases      ] GC(2961)         Dead                      Min: 0, Avg:  0.0, Max: 0, Diff: 0, Sum: 0, Workers: 5
[430.597s][debug][gc,phases      ] GC(2961)         Total                     Min: 0, Avg: 114.8, Max: 190, Diff: 190, Sum: 574, Workers: 5
[430.597s][debug][gc,phases      ] GC(2961)     Merge Per-Thread State: 0.0ms
[430.597s][debug][gc,phases      ] GC(2961)       Copied Bytes              Min: 0, Avg: 67.0, Max: 120, Diff: 120, Sum: 536, Workers: 8
[430.597s][debug][gc,phases      ] GC(2961)       LAB Waste                 Min: 0, Avg:  0.0, Max: 0, Diff: 0, Sum: 0, Workers: 8
[430.597s][debug][gc,phases      ] GC(2961)       LAB Undo Waste            Min: 0, Avg:  0.0, Max: 0, Diff: 0, Sum: 0, Workers: 8
[430.597s][debug][gc,phases      ] GC(2961)     Code Roots Purge: 0.0ms
[430.597s][debug][gc,phases      ] GC(2961)     Redirty Cards: 0.0ms
[430.597s][debug][gc,phases      ] GC(2961)     DerivedPointerTable Update: 0.0ms
[430.597s][debug][gc,phases      ] GC(2961)     Free Collection Set: 0.1ms
[430.597s][debug][gc,phases      ] GC(2961)     Rebuild Free List: 0.0ms
[430.597s][debug][gc,phases      ] GC(2961)     Humongous Reclaim: 0.0ms
[430.598s][debug][gc,phases      ] GC(2961)     Start New Collection Set: 0.0ms
[430.598s][debug][gc,phases      ] GC(2961)     Resize TLABs: 0.0ms
[430.598s][debug][gc,phases      ] GC(2961)     Expand Heap After Collection: 0.0ms
[430.598s][info ][gc,phases      ] GC(2961)   Other: 0.3ms
[430.598s][info ][gc,heap        ] GC(2961) Eden regions: 180->0(180)
[430.598s][info ][gc,heap        ] GC(2961) Survivor regions: 1->1(23)
[430.598s][info ][gc,heap        ] GC(2961) Old regions: 7->7
[430.598s][info ][gc,heap        ] GC(2961) Archive regions: 2->2
[430.598s][info ][gc,heap        ] GC(2961) Humongous regions: 0->0
[430.598s][info ][gc,metaspace   ] GC(2961) Metaspace: 9905K(10624K)->9905K(10624K) NonClass: 8758K(9216K)->8758K(9216K) Class: 1146K(1408K)->1146K(1408K)
[430.598s][debug][gc,heap        ] GC(2961) Heap after GC invocations=2962 (full 1): garbage-first heap   total 309248K, used 4071K [0x0000000700000000, 0x0000000800000000)
[430.598s][debug][gc,heap        ] GC(2961)   region size 1024K, 1 young (1024K), 1 survivors (1024K)
[430.598s][debug][gc,heap        ] GC(2961)  Metaspace       used 9905K, capacity 10179K, committed 10624K, reserved 1058816K
[430.598s][debug][gc,heap        ] GC(2961)   class space    used 1146K, capacity 1267K, committed 1408K, reserved 1048576K
[430.598s][info ][gc             ] GC(2961) Pause Young (Normal) (G1 Evacuation Pause) 183M->3M(302M) 1.408ms
[430.598s][info ][gc,cpu         ] GC(2961) User=0.00s Sys=0.00s Real=0.00s
[430.598s][info ][safepoint      ] Safepoint "G1CollectForAllocation", Time since last: 147145815 ns, Reaching safepoint: 117535 ns, At safepoint: 1575791 ns, Total: 1693326 ns
[430.746s][debug][gc,heap        ] GC(2962) Heap before GC invocations=2962 (full 1): garbage-first heap   total 309248K, used 188391K [0x0000000700000000, 0x0000000800000000)
[430.746s][debug][gc,heap        ] GC(2962)   region size 1024K, 181 young (185344K), 1 survivors (1024K)
[430.746s][debug][gc,heap        ] GC(2962)  Metaspace       used 9905K, capacity 10179K, committed 10624K, reserved 1058816K
[430.746s][debug][gc,heap        ] GC(2962)   class space    used 1146K, capacity 1267K, committed 1408K, reserved 1048576K
[430.746s][info ][gc,start       ] GC(2962) Pause Young (Normal) (G1 Evacuation Pause)
[430.746s][info ][gc,task        ] GC(2962) Using 8 workers of 8 for evacuation
[430.746s][debug][gc,tlab        ] GC(2962) TLAB totals: thrds: 8  refills: 723 max: 94 slow allocs: 0 max 0 waste:  0.8% gc: 1144824B max: 330328B slow: 419040B max: 54608B fast: 0B max: 0B
[430.746s][debug][gc,age         ] GC(2962) Desired survivor size 12058624 bytes, new threshold 15 (max threshold 15)
[430.746s][debug][gc,alloc,region] GC(2962) Mutator Allocation stats, regions: 180, wasted size: 0B ( 0.0%)
[430.746s][debug][gc,ergo        ] GC(2962) Running G1 Merge Heap Roots using 8 workers for 181 regions
[430.746s][debug][gc,remset      ] GC(2962) Visited cards 256 Total dirty 2048 (12.50%) Total old 759808 (0.03%)
[430.746s][debug][gc,ergo        ] GC(2962) Running G1 Clear Card Table Task using 1 workers for 1 units of work for 182 regions.
[430.746s][debug][gc,ref         ] GC(2962) Skipped phase1 of Reference Processing due to unavailable references
[430.746s][debug][gc,ref         ] GC(2962) Skipped phase2 of Reference Processing due to unavailable references
[430.746s][debug][gc,ref         ] GC(2962) Skipped phase3 of Reference Processing due to unavailable references
[430.746s][debug][gc,ref         ] GC(2962) Skipped phase4 of Reference Processing due to unavailable references
[430.746s][debug][gc,ergo        ] GC(2962) Running G1 Free Collection Set using 8 workers for collection set length 181 (302)
[430.746s][debug][gc,ergo        ] GC(2962) Running G1 Rebuild Free List Task using 8 workers for rebuilding free list of 0 (4096) regions
[430.746s][trace][gc,age         ] GC(2962) Age table with threshold 15 (max threshold 15)
[430.746s][trace][gc,age         ] GC(2962) - age   1:        568 bytes,        568 total
[430.746s][debug][gc,plab        ] GC(2962) Young PLAB allocation: allocated: 12384B, wasted: 0B, unused: 11816B, used: 568B, undo waste: 0B, 
[430.746s][debug][gc,plab        ] GC(2962) Young other allocation: region end waste: 0B, regions filled: 1, direct allocated: 0B, failure used: 0B, failure wasted: 0B
[430.746s][debug][gc,plab        ] GC(2962) Young sizing: calculated: 112B, actual: 2064B
[430.746s][debug][gc,plab        ] GC(2962) Old PLAB allocation: allocated: 0B, wasted: 0B, unused: 0B, used: 0B, undo waste: 0B, 
[430.746s][debug][gc,plab        ] GC(2962) Old other allocation: region end waste: 0B, regions filled: 1, direct allocated: 0B, failure used: 0B, failure wasted: 0B
[430.746s][debug][gc,plab        ] GC(2962) Old sizing: calculated: 0B, actual: 2064B
[430.746s][debug][gc,ihop        ] GC(2962) Basic information (value update), threshold: 142501478B (45.00), target occupancy: 316669952B, current occupancy: 4167128B, recent allocation size: 0B, recent allocation duration: 148.76ms, recent old gen allocation rate: 0.00B/s, recent marking phase length: 0.00ms
[430.746s][debug][gc,ihop        ] GC(2962) Adaptive IHOP information (value update), threshold: 142501478B (47.37), internal target occupancy: 300836454B, occupancy: 4167128B, additional buffer size: 189792256B, predicted old gen allocation rate: 0.00B/s, predicted marking phase length: 0.00ms, prediction active: false
[430.746s][debug][gc,ergo,refine ] GC(2962) Concurrent refinement times: Logged Cards Scan time goal: 20.00ms Logged Cards Scan time: 0.00ms HCC time: 0.00ms
[430.746s][debug][gc,ergo,refine ] GC(2962) Updated Refinement Zones: green: 2048, yellow: 6144, red: 10240
[430.746s][info ][gc,phases      ] GC(2962)   Pre Evacuate Collection Set: 0.1ms
[430.746s][debug][gc,phases      ] GC(2962)     Prepare TLABs: 0.0ms
[430.746s][debug][gc,phases      ] GC(2962)     Choose Collection Set: 0.0ms
[430.746s][debug][gc,phases      ] GC(2962)     Region Register: 0.1ms
[430.746s][debug][gc,phases      ] GC(2962)     Prepare Heap Roots: 0.0ms
[430.747s][info ][gc,phases      ] GC(2962)   Merge Heap Roots: 0.1ms
[430.747s][debug][gc,phases      ] GC(2962)     Prepare Merge Heap Roots: 0.0ms
[430.747s][debug][gc,phases      ] GC(2962)     Eager Reclaim (ms):       skipped
[430.747s][debug][gc,phases      ] GC(2962)     Remembered Sets (ms):     Min:  0.0, Avg:  0.0, Max:  0.0, Diff:  0.0, Sum:  0.0, Workers: 8
[430.747s][debug][gc,phases      ] GC(2962)       Merged Sparse:            Min: 0, Avg:  0.0, Max: 0, Diff: 0, Sum: 0, Workers: 8
[430.747s][debug][gc,phases      ] GC(2962)       Merged Fine:              Min: 0, Avg:  0.0, Max: 0, Diff: 0, Sum: 0, Workers: 8
[430.747s][debug][gc,phases      ] GC(2962)       Merged Coarse:            Min: 0, Avg:  0.0, Max: 0, Diff: 0, Sum: 0, Workers: 8
[430.747s][debug][gc,phases      ] GC(2962)       Dirty Cards:              Min: 0, Avg:  0.0, Max: 0, Diff: 0, Sum: 0, Workers: 8
[430.747s][debug][gc,phases      ] GC(2962)     Hot Card Cache (ms):      Min:  0.0, Avg:  0.0, Max:  0.0, Diff:  0.0, Sum:  0.0, Workers: 8
[430.747s][debug][gc,phases      ] GC(2962)       Dirty Cards:              Min: 0, Avg:  0.0, Max: 0, Diff: 0, Sum: 0, Workers: 8
[430.747s][debug][gc,phases      ] GC(2962)       Skipped Cards:            Min: 0, Avg:  0.0, Max: 0, Diff: 0, Sum: 0, Workers: 8
[430.747s][debug][gc,phases      ] GC(2962)     Log Buffers (ms):         Min:  0.0, Avg:  0.0, Max:  0.0, Diff:  0.0, Sum:  0.0, Workers: 8
[430.747s][debug][gc,phases      ] GC(2962)       Dirty Cards:              Min: 0, Avg:  0.1, Max: 1, Diff: 1, Sum: 1, Workers: 8
[430.747s][debug][gc,phases      ] GC(2962)       Skipped Cards:            Min: 0, Avg:  0.0, Max: 0, Diff: 0, Sum: 0, Workers: 8
[430.747s][info ][gc,phases      ] GC(2962)   Evacuate Collection Set: 0.1ms
[430.747s][debug][gc,phases      ] GC(2962)     Ext Root Scanning (ms):   Min:  0.0, Avg:  0.0, Max:  0.1, Diff:  0.0, Sum:  0.2, Workers: 8
[430.747s][debug][gc,phases      ] GC(2962)     Scan Heap Roots (ms):     Min:  0.0, Avg:  0.0, Max:  0.0, Diff:  0.0, Sum:  0.0, Workers: 8
[430.747s][debug][gc,phases      ] GC(2962)       Scanned Cards:            Min: 0, Avg:  0.1, Max: 1, Diff: 1, Sum: 1, Workers: 8
[430.747s][debug][gc,phases      ] GC(2962)       Scanned Blocks:           Min: 0, Avg:  0.1, Max: 1, Diff: 1, Sum: 1, Workers: 8
[430.747s][debug][gc,phases      ] GC(2962)       Claimed Chunks:           Min: 0, Avg:  0.1, Max: 1, Diff: 1, Sum: 1, Workers: 8
[430.747s][debug][gc,phases      ] GC(2962)     Code Root Scan (ms):      Min:  0.0, Avg:  0.0, Max:  0.0, Diff:  0.0, Sum:  0.0, Workers: 8
[430.747s][debug][gc,phases      ] GC(2962)     Object Copy (ms):         Min:  0.0, Avg:  0.0, Max:  0.0, Diff:  0.0, Sum:  0.0, Workers: 8
[430.747s][debug][gc,phases      ] GC(2962)     Termination (ms):         Min:  0.0, Avg:  0.1, Max:  0.1, Diff:  0.0, Sum:  0.4, Workers: 8
[430.747s][debug][gc,phases      ] GC(2962)       Termination Attempts:     Min: 1, Avg:  1.0, Max: 1, Diff: 0, Sum: 8, Workers: 8
[430.747s][debug][gc,phases      ] GC(2962)     GC Worker Other (ms):     Min:  0.0, Avg:  0.0, Max:  0.0, Diff:  0.0, Sum:  0.1, Workers: 8
[430.747s][debug][gc,phases      ] GC(2962)     GC Worker Total (ms):     Min:  0.1, Avg:  0.1, Max:  0.1, Diff:  0.1, Sum:  0.8, Workers: 8
[430.747s][info ][gc,phases      ] GC(2962)   Post Evacuate Collection Set: 0.4ms
[430.747s][debug][gc,phases      ] GC(2962)     Code Roots Fixup: 0.0ms
[430.747s][debug][gc,phases      ] GC(2962)     Clear Card Table: 0.1ms
[430.747s][debug][gc,phases      ] GC(2962)     Reference Processing: 0.0ms
[430.747s][debug][gc,phases,ref  ] GC(2962)       Reconsider SoftReferences: 0.0ms
[430.747s][debug][gc,phases,ref  ] GC(2962)         SoftRef (ms):             skipped
[430.747s][debug][gc,phases,ref  ] GC(2962)       Notify Soft/WeakReferences: 0.0ms
[430.747s][debug][gc,phases,ref  ] GC(2962)         SoftRef (ms):             skipped
[430.747s][debug][gc,phases,ref  ] GC(2962)         WeakRef (ms):             skipped
[430.747s][debug][gc,phases,ref  ] GC(2962)         FinalRef (ms):            skipped
[430.747s][debug][gc,phases,ref  ] GC(2962)         Total (ms):               skipped
[430.747s][debug][gc,phases,ref  ] GC(2962)       Notify and keep alive finalizable: 0.0ms
[430.747s][debug][gc,phases,ref  ] GC(2962)         FinalRef (ms):            skipped
[430.747s][debug][gc,phases,ref  ] GC(2962)       Notify PhantomReferences: 0.0ms
[430.747s][debug][gc,phases,ref  ] GC(2962)         PhantomRef (ms):          skipped
[430.747s][debug][gc,phases,ref  ] GC(2962)       SoftReference:
[430.747s][debug][gc,phases,ref  ] GC(2962)         Discovered: 0
[430.747s][debug][gc,phases,ref  ] GC(2962)         Cleared: 0
[430.747s][debug][gc,phases,ref  ] GC(2962)       WeakReference:
[430.747s][debug][gc,phases,ref  ] GC(2962)         Discovered: 0
[430.747s][debug][gc,phases,ref  ] GC(2962)         Cleared: 0
[430.747s][debug][gc,phases,ref  ] GC(2962)       FinalReference:
[430.747s][debug][gc,phases,ref  ] GC(2962)         Discovered: 0
[430.747s][debug][gc,phases,ref  ] GC(2962)         Cleared: 0
[430.747s][debug][gc,phases,ref  ] GC(2962)       PhantomReference:
[430.747s][debug][gc,phases,ref  ] GC(2962)         Discovered: 0
[430.747s][debug][gc,phases,ref  ] GC(2962)         Cleared: 0
[430.747s][debug][gc,phases      ] GC(2962)     Weak Processing: 0.1ms
[430.747s][debug][gc,phases      ] GC(2962)       JVMTI weak processing: 0.0ms
[430.747s][debug][gc,phases      ] GC(2962)         Dead: 0
[430.747s][debug][gc,phases      ] GC(2962)         Total: 0
[430.747s][debug][gc,phases      ] GC(2962)       JFR weak processing: 0.0ms
[430.747s][debug][gc,phases      ] GC(2962)         Dead: 0
[430.747s][debug][gc,phases      ] GC(2962)         Total: 0
[430.747s][debug][gc,phases      ] GC(2962)       JNI weak                  Min:  0.0, Avg:  0.0, Max:  0.0, Diff:  0.0, Sum:  0.0, Workers: 5
[430.747s][debug][gc,phases      ] GC(2962)         Dead                      Min: 0, Avg:  0.0, Max: 0, Diff: 0, Sum: 0, Workers: 5
[430.747s][debug][gc,phases      ] GC(2962)         Total                     Min: 0, Avg: 13.6, Max: 68, Diff: 68, Sum: 68, Workers: 5
[430.747s][debug][gc,phases      ] GC(2962)       VM weak                   Min:  0.0, Avg:  0.0, Max:  0.0, Diff:  0.0, Sum:  0.0, Workers: 5
[430.747s][debug][gc,phases      ] GC(2962)         Dead                      Min: 0, Avg:  0.0, Max: 0, Diff: 0, Sum: 0, Workers: 5
[430.747s][debug][gc,phases      ] GC(2962)         Total                     Min: 0, Avg: 42.6, Max: 213, Diff: 213, Sum: 213, Workers: 5
[430.747s][debug][gc,phases      ] GC(2962)       StringTable weak          Min:  0.0, Avg:  0.0, Max:  0.0, Diff:  0.0, Sum:  0.0, Workers: 5
[430.747s][debug][gc,phases      ] GC(2962)         Dead                      Min: 0, Avg:  0.0, Max: 0, Diff: 0, Sum: 0, Workers: 5
[430.747s][debug][gc,phases      ] GC(2962)         Total                     Min: 0, Avg: 682.0, Max: 3071, Diff: 3071, Sum: 3410, Workers: 5
[430.747s][debug][gc,phases      ] GC(2962)       ResolvedMethodTable weak  Min:  0.0, Avg:  0.0, Max:  0.0, Diff:  0.0, Sum:  0.0, Workers: 5
[430.747s][debug][gc,phases      ] GC(2962)         Dead                      Min: 0, Avg:  0.0, Max: 0, Diff: 0, Sum: 0, Workers: 5
[430.747s][debug][gc,phases      ] GC(2962)         Total                     Min: 0, Avg: 114.8, Max: 192, Diff: 192, Sum: 574, Workers: 5
[430.747s][debug][gc,phases      ] GC(2962)     Merge Per-Thread State: 0.0ms
[430.747s][debug][gc,phases      ] GC(2962)       Copied Bytes              Min: 0, Avg: 71.0, Max: 200, Diff: 200, Sum: 568, Workers: 8
[430.747s][debug][gc,phases      ] GC(2962)       LAB Waste                 Min: 0, Avg:  0.0, Max: 0, Diff: 0, Sum: 0, Workers: 8
[430.747s][debug][gc,phases      ] GC(2962)       LAB Undo Waste            Min: 0, Avg:  0.0, Max: 0, Diff: 0, Sum: 0, Workers: 8
[430.747s][debug][gc,phases      ] GC(2962)     Code Roots Purge: 0.0ms
[430.747s][debug][gc,phases      ] GC(2962)     Redirty Cards: 0.0ms
[430.747s][debug][gc,phases      ] GC(2962)     DerivedPointerTable Update: 0.0ms
[430.747s][debug][gc,phases      ] GC(2962)     Free Collection Set: 0.1ms
[430.747s][debug][gc,phases      ] GC(2962)     Rebuild Free List: 0.1ms
[430.747s][debug][gc,phases      ] GC(2962)     Humongous Reclaim: 0.0ms
[430.747s][debug][gc,phases      ] GC(2962)     Start New Collection Set: 0.0ms
[430.747s][debug][gc,phases      ] GC(2962)     Resize TLABs: 0.0ms
[430.747s][debug][gc,phases      ] GC(2962)     Expand Heap After Collection: 0.0ms
[430.747s][info ][gc,phases      ] GC(2962)   Other: 0.2ms
[430.747s][info ][gc,heap        ] GC(2962) Eden regions: 180->0(180)
[430.747s][info ][gc,heap        ] GC(2962) Survivor regions: 1->1(23)
[430.747s][info ][gc,heap        ] GC(2962) Old regions: 7->7
[430.747s][info ][gc,heap        ] GC(2962) Archive regions: 2->2
[430.747s][info ][gc,heap        ] GC(2962) Humongous regions: 0->0
[430.747s][info ][gc,metaspace   ] GC(2962) Metaspace: 9905K(10624K)->9905K(10624K) NonClass: 8758K(9216K)->8758K(9216K) Class: 1146K(1408K)->1146K(1408K)
[430.747s][debug][gc,heap        ] GC(2962) Heap after GC invocations=2963 (full 1): garbage-first heap   total 309248K, used 4069K [0x0000000700000000, 0x0000000800000000)
[430.747s][debug][gc,heap        ] GC(2962)   region size 1024K, 1 young (1024K), 1 survivors (1024K)
[430.747s][debug][gc,heap        ] GC(2962)  Metaspace       used 9905K, capacity 10179K, committed 10624K, reserved 1058816K
[430.747s][debug][gc,heap        ] GC(2962)   class space    used 1146K, capacity 1267K, committed 1408K, reserved 1048576K
[430.747s][info ][gc             ] GC(2962) Pause Young (Normal) (G1 Evacuation Pause) 183M->3M(302M) 1.469ms
[430.747s][info ][gc,cpu         ] GC(2962) User=0.00s Sys=0.00s Real=0.00s
[430.747s][info ][safepoint      ] Safepoint "G1CollectForAllocation", Time since last: 147717914 ns, Reaching safepoint: 169685 ns, At safepoint: 1628783 ns, Total: 1798468 ns
[430.897s][debug][gc,heap        ] GC(2963) Heap before GC invocations=2963 (full 1): garbage-first heap   total 309248K, used 188389K [0x0000000700000000, 0x0000000800000000)
[430.897s][debug][gc,heap        ] GC(2963)   region size 1024K, 181 young (185344K), 1 survivors (1024K)
[430.897s][debug][gc,heap        ] GC(2963)  Metaspace       used 9905K, capacity 10179K, committed 10624K, reserved 1058816K
[430.897s][debug][gc,heap        ] GC(2963)   class space    used 1146K, capacity 1267K, committed 1408K, reserved 1048576K
[430.897s][info ][gc,start       ] GC(2963) Pause Young (Normal) (G1 Evacuation Pause)
[430.897s][info ][gc,task        ] GC(2963) Using 8 workers of 8 for evacuation
[430.898s][debug][gc,tlab        ] GC(2963) TLAB totals: thrds: 8  refills: 722 max: 96 slow allocs: 0 max 0 waste:  1.2% gc: 1852064B max: 416696B slow: 418216B max: 55776B fast: 0B max: 0B
[430.898s][debug][gc,age         ] GC(2963) Desired survivor size 12058624 bytes, new threshold 15 (max threshold 15)
[430.898s][debug][gc,alloc,region] GC(2963) Mutator Allocation stats, regions: 180, wasted size: 0B ( 0.0%)
[430.898s][debug][gc,ergo        ] GC(2963) Running G1 Merge Heap Roots using 8 workers for 181 regions
[430.898s][debug][gc,remset      ] GC(2963) Visited cards 256 Total dirty 2048 (12.50%) Total old 759808 (0.03%)
[430.898s][debug][gc,ergo        ] GC(2963) Running G1 Clear Card Table Task using 1 workers for 1 units of work for 182 regions.
[430.898s][debug][gc,ref         ] GC(2963) Skipped phase1 of Reference Processing due to unavailable references
[430.898s][debug][gc,ref         ] GC(2963) Skipped phase2 of Reference Processing due to unavailable references
[430.898s][debug][gc,ref         ] GC(2963) Skipped phase3 of Reference Processing due to unavailable references
[430.898s][debug][gc,ref         ] GC(2963) Skipped phase4 of Reference Processing due to unavailable references
[430.898s][debug][gc,ergo        ] GC(2963) Running G1 Free Collection Set using 8 workers for collection set length 181 (302)
[430.898s][debug][gc,ergo        ] GC(2963) Running G1 Rebuild Free List Task using 8 workers for rebuilding free list of 0 (4096) regions
[430.898s][trace][gc,age         ] GC(2963) Age table with threshold 15 (max threshold 15)
[430.898s][trace][gc,age         ] GC(2963) - age   1:        512 bytes,        512 total
[430.898s][debug][gc,plab        ] GC(2963) Young PLAB allocation: allocated: 14448B, wasted: 0B, unused: 13936B, used: 512B, undo waste: 0B, 
[430.898s][debug][gc,plab        ] GC(2963) Young other allocation: region end waste: 0B, regions filled: 1, direct allocated: 0B, failure used: 0B, failure wasted: 0B
[430.898s][debug][gc,plab        ] GC(2963) Young sizing: calculated: 96B, actual: 2064B
[430.898s][debug][gc,plab        ] GC(2963) Old PLAB allocation: allocated: 0B, wasted: 0B, unused: 0B, used: 0B, undo waste: 0B, 
[430.898s][debug][gc,plab        ] GC(2963) Old other allocation: region end waste: 0B, regions filled: 1, direct allocated: 0B, failure used: 0B, failure wasted: 0B
[430.898s][debug][gc,plab        ] GC(2963) Old sizing: calculated: 0B, actual: 2064B
[430.898s][debug][gc,ihop        ] GC(2963) Basic information (value update), threshold: 142501478B (45.00), target occupancy: 316669952B, current occupancy: 4169192B, recent allocation size: 0B, recent allocation duration: 151.08ms, recent old gen allocation rate: 0.00B/s, recent marking phase length: 0.00ms
[430.898s][debug][gc,ihop        ] GC(2963) Adaptive IHOP information (value update), threshold: 142501478B (47.37), internal target occupancy: 300836454B, occupancy: 4169192B, additional buffer size: 189792256B, predicted old gen allocation rate: 0.00B/s, predicted marking phase length: 0.00ms, prediction active: false
[430.898s][debug][gc,ergo,refine ] GC(2963) Concurrent refinement times: Logged Cards Scan time goal: 20.00ms Logged Cards Scan time: 0.00ms HCC time: 0.00ms
[430.898s][debug][gc,ergo,refine ] GC(2963) Updated Refinement Zones: green: 2048, yellow: 6144, red: 10240
[430.898s][info ][gc,phases      ] GC(2963)   Pre Evacuate Collection Set: 0.1ms
[430.898s][debug][gc,phases      ] GC(2963)     Prepare TLABs: 0.0ms
[430.898s][debug][gc,phases      ] GC(2963)     Choose Collection Set: 0.0ms
[430.898s][debug][gc,phases      ] GC(2963)     Region Register: 0.1ms
[430.898s][debug][gc,phases      ] GC(2963)     Prepare Heap Roots: 0.0ms
[430.898s][info ][gc,phases      ] GC(2963)   Merge Heap Roots: 0.1ms
[430.898s][debug][gc,phases      ] GC(2963)     Prepare Merge Heap Roots: 0.0ms
[430.898s][debug][gc,phases      ] GC(2963)     Eager Reclaim (ms):       skipped
[430.898s][debug][gc,phases      ] GC(2963)     Remembered Sets (ms):     Min:  0.0, Avg:  0.0, Max:  0.0, Diff:  0.0, Sum:  0.1, Workers: 8
[430.898s][debug][gc,phases      ] GC(2963)       Merged Sparse:            Min: 0, Avg:  0.0, Max: 0, Diff: 0, Sum: 0, Workers: 8
[430.898s][debug][gc,phases      ] GC(2963)       Merged Fine:              Min: 0, Avg:  0.0, Max: 0, Diff: 0, Sum: 0, Workers: 8
[430.898s][debug][gc,phases      ] GC(2963)       Merged Coarse:            Min: 0, Avg:  0.0, Max: 0, Diff: 0, Sum: 0, Workers: 8
[430.898s][debug][gc,phases      ] GC(2963)       Dirty Cards:              Min: 0, Avg:  0.0, Max: 0, Diff: 0, Sum: 0, Workers: 8
[430.898s][debug][gc,phases      ] GC(2963)     Hot Card Cache (ms):      Min:  0.0, Avg:  0.0, Max:  0.0, Diff:  0.0, Sum:  0.0, Workers: 8
[430.898s][debug][gc,phases      ] GC(2963)       Dirty Cards:              Min: 0, Avg:  0.0, Max: 0, Diff: 0, Sum: 0, Workers: 8
[430.898s][debug][gc,phases      ] GC(2963)       Skipped Cards:            Min: 0, Avg:  0.0, Max: 0, Diff: 0, Sum: 0, Workers: 8
[430.898s][debug][gc,phases      ] GC(2963)     Log Buffers (ms):         Min:  0.0, Avg:  0.0, Max:  0.0, Diff:  0.0, Sum:  0.0, Workers: 8
[430.898s][debug][gc,phases      ] GC(2963)       Dirty Cards:              Min: 0, Avg:  0.1, Max: 1, Diff: 1, Sum: 1, Workers: 8
[430.898s][debug][gc,phases      ] GC(2963)       Skipped Cards:            Min: 0, Avg:  0.0, Max: 0, Diff: 0, Sum: 0, Workers: 8
[430.898s][info ][gc,phases      ] GC(2963)   Evacuate Collection Set: 0.1ms
[430.898s][debug][gc,phases      ] GC(2963)     Ext Root Scanning (ms):   Min:  0.0, Avg:  0.0, Max:  0.1, Diff:  0.1, Sum:  0.2, Workers: 8
[430.898s][debug][gc,phases      ] GC(2963)     Scan Heap Roots (ms):     Min:  0.0, Avg:  0.0, Max:  0.0, Diff:  0.0, Sum:  0.0, Workers: 8
[430.898s][debug][gc,phases      ] GC(2963)       Scanned Cards:            Min: 0, Avg:  0.1, Max: 1, Diff: 1, Sum: 1, Workers: 8
[430.898s][debug][gc,phases      ] GC(2963)       Scanned Blocks:           Min: 0, Avg:  0.1, Max: 1, Diff: 1, Sum: 1, Workers: 8
[430.898s][debug][gc,phases      ] GC(2963)       Claimed Chunks:           Min: 0, Avg:  0.1, Max: 1, Diff: 1, Sum: 1, Workers: 8
[430.898s][debug][gc,phases      ] GC(2963)     Code Root Scan (ms):      Min:  0.0, Avg:  0.0, Max:  0.0, Diff:  0.0, Sum:  0.0, Workers: 8
[430.898s][debug][gc,phases      ] GC(2963)     Object Copy (ms):         Min:  0.0, Avg:  0.0, Max:  0.0, Diff:  0.0, Sum:  0.0, Workers: 8
[430.898s][debug][gc,phases      ] GC(2963)     Termination (ms):         Min:  0.0, Avg:  0.1, Max:  0.1, Diff:  0.0, Sum:  0.4, Workers: 8
[430.898s][debug][gc,phases      ] GC(2963)       Termination Attempts:     Min: 1, Avg:  1.0, Max: 1, Diff: 0, Sum: 8, Workers: 8
[430.898s][debug][gc,phases      ] GC(2963)     GC Worker Other (ms):     Min:  0.0, Avg:  0.0, Max:  0.0, Diff:  0.0, Sum:  0.1, Workers: 8
[430.898s][debug][gc,phases      ] GC(2963)     GC Worker Total (ms):     Min:  0.1, Avg:  0.1, Max:  0.1, Diff:  0.0, Sum:  0.8, Workers: 8
[430.898s][info ][gc,phases      ] GC(2963)   Post Evacuate Collection Set: 0.3ms
[430.899s][debug][gc,phases      ] GC(2963)     Code Roots Fixup: 0.0ms
[430.899s][debug][gc,phases      ] GC(2963)     Clear Card Table: 0.1ms
[430.899s][debug][gc,phases      ] GC(2963)     Reference Processing: 0.0ms
[430.899s][debug][gc,phases,ref  ] GC(2963)       Reconsider SoftReferences: 0.0ms
[430.899s][debug][gc,phases,ref  ] GC(2963)         SoftRef (ms):             skipped
[430.899s][debug][gc,phases,ref  ] GC(2963)       Notify Soft/WeakReferences: 0.0ms
[430.899s][debug][gc,phases,ref  ] GC(2963)         SoftRef (ms):             skipped
[430.899s][debug][gc,phases,ref  ] GC(2963)         WeakRef (ms):             skipped
[430.899s][debug][gc,phases,ref  ] GC(2963)         FinalRef (ms):            skipped
[430.899s][debug][gc,phases,ref  ] GC(2963)         Total (ms):               skipped
[430.899s][debug][gc,phases,ref  ] GC(2963)       Notify and keep alive finalizable: 0.0ms
[430.899s][debug][gc,phases,ref  ] GC(2963)         FinalRef (ms):            skipped
[430.899s][debug][gc,phases,ref  ] GC(2963)       Notify PhantomReferences: 0.0ms
[430.899s][debug][gc,phases,ref  ] GC(2963)         PhantomRef (ms):          skipped
[430.899s][debug][gc,phases,ref  ] GC(2963)       SoftReference:
[430.899s][debug][gc,phases,ref  ] GC(2963)         Discovered: 0
[430.899s][debug][gc,phases,ref  ] GC(2963)         Cleared: 0
[430.899s][debug][gc,phases,ref  ] GC(2963)       WeakReference:
[430.899s][debug][gc,phases,ref  ] GC(2963)         Discovered: 0
[430.899s][debug][gc,phases,ref  ] GC(2963)         Cleared: 0
[430.899s][debug][gc,phases,ref  ] GC(2963)       FinalReference:
[430.899s][debug][gc,phases,ref  ] GC(2963)         Discovered: 0
[430.899s][debug][gc,phases,ref  ] GC(2963)         Cleared: 0
[430.899s][debug][gc,phases,ref  ] GC(2963)       PhantomReference:
[430.899s][debug][gc,phases,ref  ] GC(2963)         Discovered: 0
[430.899s][debug][gc,phases,ref  ] GC(2963)         Cleared: 0
[430.899s][debug][gc,phases      ] GC(2963)     Weak Processing: 0.1ms
[430.899s][debug][gc,phases      ] GC(2963)       JVMTI weak processing: 0.0ms
[430.899s][debug][gc,phases      ] GC(2963)         Dead: 0
[430.899s][debug][gc,phases      ] GC(2963)         Total: 0
[430.899s][debug][gc,phases      ] GC(2963)       JFR weak processing: 0.0ms
[430.899s][debug][gc,phases      ] GC(2963)         Dead: 0
[430.899s][debug][gc,phases      ] GC(2963)         Total: 0
[430.899s][debug][gc,phases      ] GC(2963)       JNI weak                  Min:  0.0, Avg:  0.0, Max:  0.0, Diff:  0.0, Sum:  0.0, Workers: 5
[430.899s][debug][gc,phases      ] GC(2963)         Dead                      Min: 0, Avg:  0.0, Max: 0, Diff: 0, Sum: 0, Workers: 5
[430.899s][debug][gc,phases      ] GC(2963)         Total                     Min: 0, Avg: 13.6, Max: 68, Diff: 68, Sum: 68, Workers: 5
[430.899s][debug][gc,phases      ] GC(2963)       VM weak                   Min:  0.0, Avg:  0.0, Max:  0.0, Diff:  0.0, Sum:  0.0, Workers: 5
[430.899s][debug][gc,phases      ] GC(2963)         Dead                      Min: 0, Avg:  0.0, Max: 0, Diff: 0, Sum: 0, Workers: 5
[430.899s][debug][gc,phases      ] GC(2963)         Total                     Min: 0, Avg: 42.6, Max: 213, Diff: 213, Sum: 213, Workers: 5
[430.899s][debug][gc,phases      ] GC(2963)       StringTable weak          Min:  0.0, Avg:  0.0, Max:  0.0, Diff:  0.0, Sum:  0.0, Workers: 5
[430.899s][debug][gc,phases      ] GC(2963)         Dead                      Min: 0, Avg:  0.0, Max: 0, Diff: 0, Sum: 0, Workers: 5
[430.899s][debug][gc,phases      ] GC(2963)         Total                     Min: 0, Avg: 682.0, Max: 1490, Diff: 1490, Sum: 3410, Workers: 5
[430.899s][debug][gc,phases      ] GC(2963)       ResolvedMethodTable weak  Min:  0.0, Avg:  0.0, Max:  0.0, Diff:  0.0, Sum:  0.0, Workers: 5
[430.899s][debug][gc,phases      ] GC(2963)         Dead                      Min: 0, Avg:  0.0, Max: 0, Diff: 0, Sum: 0, Workers: 5
[430.899s][debug][gc,phases      ] GC(2963)         Total                     Min: 0, Avg: 114.8, Max: 192, Diff: 192, Sum: 574, Workers: 5
[430.899s][debug][gc,phases      ] GC(2963)     Merge Per-Thread State: 0.0ms
[430.899s][debug][gc,phases      ] GC(2963)       Copied Bytes              Min: 0, Avg: 64.0, Max: 128, Diff: 128, Sum: 512, Workers: 8
[430.899s][debug][gc,phases      ] GC(2963)       LAB Waste                 Min: 0, Avg:  0.0, Max: 0, Diff: 0, Sum: 0, Workers: 8
[430.899s][debug][gc,phases      ] GC(2963)       LAB Undo Waste            Min: 0, Avg:  0.0, Max: 0, Diff: 0, Sum: 0, Workers: 8
[430.899s][debug][gc,phases      ] GC(2963)     Code Roots Purge: 0.0ms
[430.899s][debug][gc,phases      ] GC(2963)     Redirty Cards: 0.0ms
[430.899s][debug][gc,phases      ] GC(2963)     DerivedPointerTable Update: 0.0ms
[430.899s][debug][gc,phases      ] GC(2963)     Free Collection Set: 0.1ms
[430.899s][debug][gc,phases      ] GC(2963)     Rebuild Free List: 0.1ms
[430.899s][debug][gc,phases      ] GC(2963)     Humongous Reclaim: 0.0ms
[430.899s][debug][gc,phases      ] GC(2963)     Start New Collection Set: 0.0ms
[430.899s][debug][gc,phases      ] GC(2963)     Resize TLABs: 0.0ms
[430.899s][debug][gc,phases      ] GC(2963)     Expand Heap After Collection: 0.0ms
[430.899s][info ][gc,phases      ] GC(2963)   Other: 0.3ms
[430.899s][info ][gc,heap        ] GC(2963) Eden regions: 180->0(180)
[430.899s][info ][gc,heap        ] GC(2963) Survivor regions: 1->1(23)
[430.899s][info ][gc,heap        ] GC(2963) Old regions: 7->7
[430.899s][info ][gc,heap        ] GC(2963) Archive regions: 2->2
[430.899s][info ][gc,heap        ] GC(2963) Humongous regions: 0->0
[430.899s][info ][gc,metaspace   ] GC(2963) Metaspace: 9905K(10624K)->9905K(10624K) NonClass: 8758K(9216K)->8758K(9216K) Class: 1146K(1408K)->1146K(1408K)
[430.899s][debug][gc,heap        ] GC(2963) Heap after GC invocations=2964 (full 1): garbage-first heap   total 309248K, used 4071K [0x0000000700000000, 0x0000000800000000)
[430.899s][debug][gc,heap        ] GC(2963)   region size 1024K, 1 young (1024K), 1 survivors (1024K)
[430.899s][debug][gc,heap        ] GC(2963)  Metaspace       used 9905K, capacity 10179K, committed 10624K, reserved 1058816K
[430.899s][debug][gc,heap        ] GC(2963)   class space    used 1146K, capacity 1267K, committed 1408K, reserved 1048576K
[430.899s][info ][gc             ] GC(2963) Pause Young (Normal) (G1 Evacuation Pause) 183M->3M(302M) 1.449ms
[430.899s][info ][gc,cpu         ] GC(2963) User=0.00s Sys=0.00s Real=0.00s
[430.899s][info ][safepoint      ] Safepoint "G1CollectForAllocation", Time since last: 150076306 ns, Reaching safepoint: 133606 ns, At safepoint: 1610945 ns, Total: 1744551 ns
[431.052s][debug][gc,heap        ] GC(2964) Heap before GC invocations=2964 (full 1): garbage-first heap   total 309248K, used 188391K [0x0000000700000000, 0x0000000800000000)
[431.052s][debug][gc,heap        ] GC(2964)   region size 1024K, 181 young (185344K), 1 survivors (1024K)
[431.052s][debug][gc,heap        ] GC(2964)  Metaspace       used 9905K, capacity 10179K, committed 10624K, reserved 1058816K
[431.052s][debug][gc,heap        ] GC(2964)   class space    used 1146K, capacity 1267K, committed 1408K, reserved 1048576K
[431.052s][info ][gc,start       ] GC(2964) Pause Young (Normal) (G1 Evacuation Pause)
[431.052s][info ][gc,task        ] GC(2964) Using 8 workers of 8 for evacuation
[431.052s][debug][gc,tlab        ] GC(2964) TLAB totals: thrds: 8  refills: 727 max: 94 slow allocs: 0 max 0 waste:  0.9% gc: 1343336B max: 412720B slow: 421208B max: 54200B fast: 0B max: 0B
[431.052s][debug][gc,age         ] GC(2964) Desired survivor size 12058624 bytes, new threshold 15 (max threshold 15)
[431.052s][debug][gc,alloc,region] GC(2964) Mutator Allocation stats, regions: 180, wasted size: 0B ( 0.0%)
[431.052s][debug][gc,ergo        ] GC(2964) Running G1 Merge Heap Roots using 8 workers for 181 regions
[431.052s][debug][gc,remset      ] GC(2964) Visited cards 256 Total dirty 2048 (12.50%) Total old 759808 (0.03%)
[431.052s][debug][gc,ergo        ] GC(2964) Running G1 Clear Card Table Task using 1 workers for 1 units of work for 182 regions.
[431.052s][debug][gc,ref         ] GC(2964) Skipped phase1 of Reference Processing due to unavailable references
[431.052s][debug][gc,ref         ] GC(2964) Skipped phase2 of Reference Processing due to unavailable references
[431.052s][debug][gc,ref         ] GC(2964) Skipped phase3 of Reference Processing due to unavailable references
[431.052s][debug][gc,ref         ] GC(2964) Skipped phase4 of Reference Processing due to unavailable references
[431.052s][debug][gc,ergo        ] GC(2964) Running G1 Free Collection Set using 8 workers for collection set length 181 (302)
[431.052s][debug][gc,ergo        ] GC(2964) Running G1 Rebuild Free List Task using 8 workers for rebuilding free list of 0 (4096) regions
[431.052s][trace][gc,age         ] GC(2964) Age table with threshold 15 (max threshold 15)
[431.052s][trace][gc,age         ] GC(2964) - age   1:        568 bytes,        568 total
[431.052s][debug][gc,plab        ] GC(2964) Young PLAB allocation: allocated: 12384B, wasted: 0B, unused: 11816B, used: 568B, undo waste: 0B, 
[431.053s][debug][gc,plab        ] GC(2964) Young other allocation: region end waste: 0B, regions filled: 1, direct allocated: 0B, failure used: 0B, failure wasted: 0B
[431.053s][debug][gc,plab        ] GC(2964) Young sizing: calculated: 112B, actual: 2064B
[431.053s][debug][gc,plab        ] GC(2964) Old PLAB allocation: allocated: 0B, wasted: 0B, unused: 0B, used: 0B, undo waste: 0B, 
[431.053s][debug][gc,plab        ] GC(2964) Old other allocation: region end waste: 0B, regions filled: 1, direct allocated: 0B, failure used: 0B, failure wasted: 0B
[431.053s][debug][gc,plab        ] GC(2964) Old sizing: calculated: 0B, actual: 2064B
[431.053s][debug][gc,ihop        ] GC(2964) Basic information (value update), threshold: 142501478B (45.00), target occupancy: 316669952B, current occupancy: 4167128B, recent allocation size: 0B, recent allocation duration: 153.42ms, recent old gen allocation rate: 0.00B/s, recent marking phase length: 0.00ms
[431.053s][debug][gc,ihop        ] GC(2964) Adaptive IHOP information (value update), threshold: 142501478B (47.37), internal target occupancy: 300836454B, occupancy: 4167128B, additional buffer size: 189792256B, predicted old gen allocation rate: 0.00B/s, predicted marking phase length: 0.00ms, prediction active: false
[431.053s][debug][gc,ergo,refine ] GC(2964) Concurrent refinement times: Logged Cards Scan time goal: 20.00ms Logged Cards Scan time: 0.00ms HCC time: 0.00ms
[431.053s][debug][gc,ergo,refine ] GC(2964) Updated Refinement Zones: green: 2048, yellow: 6144, red: 10240
[431.053s][info ][gc,phases      ] GC(2964)   Pre Evacuate Collection Set: 0.1ms
[431.053s][debug][gc,phases      ] GC(2964)     Prepare TLABs: 0.0ms
[431.053s][debug][gc,phases      ] GC(2964)     Choose Collection Set: 0.0ms
[431.053s][debug][gc,phases      ] GC(2964)     Region Register: 0.1ms
[431.053s][debug][gc,phases      ] GC(2964)     Prepare Heap Roots: 0.0ms
[431.053s][info ][gc,phases      ] GC(2964)   Merge Heap Roots: 0.2ms
[431.053s][debug][gc,phases      ] GC(2964)     Prepare Merge Heap Roots: 0.0ms
[431.053s][debug][gc,phases      ] GC(2964)     Eager Reclaim (ms):       skipped
[431.053s][debug][gc,phases      ] GC(2964)     Remembered Sets (ms):     Min:  0.0, Avg:  0.0, Max:  0.0, Diff:  0.0, Sum:  0.1, Workers: 8
[431.053s][debug][gc,phases      ] GC(2964)       Merged Sparse:            Min: 0, Avg:  0.0, Max: 0, Diff: 0, Sum: 0, Workers: 8
[431.053s][debug][gc,phases      ] GC(2964)       Merged Fine:              Min: 0, Avg:  0.0, Max: 0, Diff: 0, Sum: 0, Workers: 8
[431.053s][debug][gc,phases      ] GC(2964)       Merged Coarse:            Min: 0, Avg:  0.0, Max: 0, Diff: 0, Sum: 0, Workers: 8
[431.053s][debug][gc,phases      ] GC(2964)       Dirty Cards:              Min: 0, Avg:  0.0, Max: 0, Diff: 0, Sum: 0, Workers: 8
[431.053s][debug][gc,phases      ] GC(2964)     Hot Card Cache (ms):      Min:  0.0, Avg:  0.0, Max:  0.0, Diff:  0.0, Sum:  0.0, Workers: 8
[431.053s][debug][gc,phases      ] GC(2964)       Dirty Cards:              Min: 0, Avg:  0.0, Max: 0, Diff: 0, Sum: 0, Workers: 8
[431.053s][debug][gc,phases      ] GC(2964)       Skipped Cards:            Min: 0, Avg:  0.0, Max: 0, Diff: 0, Sum: 0, Workers: 8
[431.053s][debug][gc,phases      ] GC(2964)     Log Buffers (ms):         Min:  0.0, Avg:  0.0, Max:  0.0, Diff:  0.0, Sum:  0.0, Workers: 8
[431.053s][debug][gc,phases      ] GC(2964)       Dirty Cards:              Min: 0, Avg:  0.1, Max: 1, Diff: 1, Sum: 1, Workers: 8
[431.053s][debug][gc,phases      ] GC(2964)       Skipped Cards:            Min: 0, Avg:  0.0, Max: 0, Diff: 0, Sum: 0, Workers: 8
[431.053s][info ][gc,phases      ] GC(2964)   Evacuate Collection Set: 0.2ms
[431.053s][debug][gc,phases      ] GC(2964)     Ext Root Scanning (ms):   Min:  0.0, Avg:  0.0, Max:  0.0, Diff:  0.0, Sum:  0.2, Workers: 8
[431.053s][debug][gc,phases      ] GC(2964)     Scan Heap Roots (ms):     Min:  0.0, Avg:  0.0, Max:  0.0, Diff:  0.0, Sum:  0.0, Workers: 8
[431.053s][debug][gc,phases      ] GC(2964)       Scanned Cards:            Min: 0, Avg:  0.1, Max: 1, Diff: 1, Sum: 1, Workers: 8
[431.053s][debug][gc,phases      ] GC(2964)       Scanned Blocks:           Min: 0, Avg:  0.1, Max: 1, Diff: 1, Sum: 1, Workers: 8
[431.053s][debug][gc,phases      ] GC(2964)       Claimed Chunks:           Min: 0, Avg:  0.1, Max: 1, Diff: 1, Sum: 1, Workers: 8
[431.053s][debug][gc,phases      ] GC(2964)     Code Root Scan (ms):      Min:  0.0, Avg:  0.0, Max:  0.0, Diff:  0.0, Sum:  0.0, Workers: 8
[431.053s][debug][gc,phases      ] GC(2964)     Object Copy (ms):         Min:  0.0, Avg:  0.0, Max:  0.0, Diff:  0.0, Sum:  0.0, Workers: 8
[431.053s][debug][gc,phases      ] GC(2964)     Termination (ms):         Min:  0.0, Avg:  0.1, Max:  0.1, Diff:  0.0, Sum:  0.4, Workers: 8
[431.053s][debug][gc,phases      ] GC(2964)       Termination Attempts:     Min: 1, Avg:  1.0, Max: 1, Diff: 0, Sum: 8, Workers: 8
[431.053s][debug][gc,phases      ] GC(2964)     GC Worker Other (ms):     Min:  0.0, Avg:  0.0, Max:  0.0, Diff:  0.0, Sum:  0.1, Workers: 8
[431.053s][debug][gc,phases      ] GC(2964)     GC Worker Total (ms):     Min:  0.1, Avg:  0.1, Max:  0.1, Diff:  0.0, Sum:  0.8, Workers: 8
[431.053s][info ][gc,phases      ] GC(2964)   Post Evacuate Collection Set: 0.3ms
[431.053s][debug][gc,phases      ] GC(2964)     Code Roots Fixup: 0.0ms
[431.053s][debug][gc,phases      ] GC(2964)     Clear Card Table: 0.1ms
[431.053s][debug][gc,phases      ] GC(2964)     Reference Processing: 0.0ms
[431.053s][debug][gc,phases,ref  ] GC(2964)       Reconsider SoftReferences: 0.0ms
[431.053s][debug][gc,phases,ref  ] GC(2964)         SoftRef (ms):             skipped
[431.053s][debug][gc,phases,ref  ] GC(2964)       Notify Soft/WeakReferences: 0.0ms
[431.053s][debug][gc,phases,ref  ] GC(2964)         SoftRef (ms):             skipped
[431.053s][debug][gc,phases,ref  ] GC(2964)         WeakRef (ms):             skipped
[431.053s][debug][gc,phases,ref  ] GC(2964)         FinalRef (ms):            skipped
[431.053s][debug][gc,phases,ref  ] GC(2964)         Total (ms):               skipped
[431.053s][debug][gc,phases,ref  ] GC(2964)       Notify and keep alive finalizable: 0.0ms
[431.053s][debug][gc,phases,ref  ] GC(2964)         FinalRef (ms):            skipped
[431.053s][debug][gc,phases,ref  ] GC(2964)       Notify PhantomReferences: 0.0ms
[431.053s][debug][gc,phases,ref  ] GC(2964)         PhantomRef (ms):          skipped
[431.053s][debug][gc,phases,ref  ] GC(2964)       SoftReference:
[431.053s][debug][gc,phases,ref  ] GC(2964)         Discovered: 0
[431.053s][debug][gc,phases,ref  ] GC(2964)         Cleared: 0
[431.053s][debug][gc,phases,ref  ] GC(2964)       WeakReference:
[431.053s][debug][gc,phases,ref  ] GC(2964)         Discovered: 0
[431.053s][debug][gc,phases,ref  ] GC(2964)         Cleared: 0
[431.053s][debug][gc,phases,ref  ] GC(2964)       FinalReference:
[431.053s][debug][gc,phases,ref  ] GC(2964)         Discovered: 0
[431.053s][debug][gc,phases,ref  ] GC(2964)         Cleared: 0
[431.053s][debug][gc,phases,ref  ] GC(2964)       PhantomReference:
[431.053s][debug][gc,phases,ref  ] GC(2964)         Discovered: 0
[431.053s][debug][gc,phases,ref  ] GC(2964)         Cleared: 0
[431.053s][debug][gc,phases      ] GC(2964)     Weak Processing: 0.1ms
[431.053s][debug][gc,phases      ] GC(2964)       JVMTI weak processing: 0.0ms
[431.053s][debug][gc,phases      ] GC(2964)         Dead: 0
[431.053s][debug][gc,phases      ] GC(2964)         Total: 0
[431.053s][debug][gc,phases      ] GC(2964)       JFR weak processing: 0.0ms
[431.053s][debug][gc,phases      ] GC(2964)         Dead: 0
[431.053s][debug][gc,phases      ] GC(2964)         Total: 0
[431.053s][debug][gc,phases      ] GC(2964)       JNI weak                  Min:  0.0, Avg:  0.0, Max:  0.0, Diff:  0.0, Sum:  0.0, Workers: 5
[431.053s][debug][gc,phases      ] GC(2964)         Dead                      Min: 0, Avg:  0.0, Max: 0, Diff: 0, Sum: 0, Workers: 5
[431.053s][debug][gc,phases      ] GC(2964)         Total                     Min: 0, Avg: 13.6, Max: 52, Diff: 52, Sum: 68, Workers: 5
[431.053s][debug][gc,phases      ] GC(2964)       VM weak                   Min:  0.0, Avg:  0.0, Max:  0.0, Diff:  0.0, Sum:  0.0, Workers: 5
[431.053s][debug][gc,phases      ] GC(2964)         Dead                      Min: 0, Avg:  0.0, Max: 0, Diff: 0, Sum: 0, Workers: 5
[431.053s][debug][gc,phases      ] GC(2964)         Total                     Min: 0, Avg: 42.6, Max: 128, Diff: 128, Sum: 213, Workers: 5
[431.053s][debug][gc,phases      ] GC(2964)       StringTable weak          Min:  0.0, Avg:  0.0, Max:  0.0, Diff:  0.0, Sum:  0.1, Workers: 5
[431.053s][debug][gc,phases      ] GC(2964)         Dead                      Min: 0, Avg:  0.0, Max: 0, Diff: 0, Sum: 0, Workers: 5
[431.053s][debug][gc,phases      ] GC(2964)         Total                     Min: 0, Avg: 682.0, Max: 1747, Diff: 1747, Sum: 3410, Workers: 5
[431.053s][debug][gc,phases      ] GC(2964)       ResolvedMethodTable weak  Min:  0.0, Avg:  0.0, Max:  0.0, Diff:  0.0, Sum:  0.0, Workers: 5
[431.053s][debug][gc,phases      ] GC(2964)         Dead                      Min: 0, Avg:  0.0, Max: 0, Diff: 0, Sum: 0, Workers: 5
[431.053s][debug][gc,phases      ] GC(2964)         Total                     Min: 0, Avg: 114.8, Max: 318, Diff: 318, Sum: 574, Workers: 5
[431.053s][debug][gc,phases      ] GC(2964)     Merge Per-Thread State: 0.0ms
[431.053s][debug][gc,phases      ] GC(2964)       Copied Bytes              Min: 0, Avg: 71.0, Max: 176, Diff: 176, Sum: 568, Workers: 8
[431.053s][debug][gc,phases      ] GC(2964)       LAB Waste                 Min: 0, Avg:  0.0, Max: 0, Diff: 0, Sum: 0, Workers: 8
[431.053s][debug][gc,phases      ] GC(2964)       LAB Undo Waste            Min: 0, Avg:  0.0, Max: 0, Diff: 0, Sum: 0, Workers: 8
[431.053s][debug][gc,phases      ] GC(2964)     Code Roots Purge: 0.0ms
[431.053s][debug][gc,phases      ] GC(2964)     Redirty Cards: 0.0ms
[431.053s][debug][gc,phases      ] GC(2964)     DerivedPointerTable Update: 0.0ms
[431.053s][debug][gc,phases      ] GC(2964)     Free Collection Set: 0.1ms
[431.053s][debug][gc,phases      ] GC(2964)     Rebuild Free List: 0.1ms
[431.053s][debug][gc,phases      ] GC(2964)     Humongous Reclaim: 0.0ms
[431.053s][debug][gc,phases      ] GC(2964)     Start New Collection Set: 0.0ms
[431.053s][debug][gc,phases      ] GC(2964)     Resize TLABs: 0.0ms
[431.053s][debug][gc,phases      ] GC(2964)     Expand Heap After Collection: 0.0ms
[431.053s][info ][gc,phases      ] GC(2964)   Other: 0.3ms
[431.053s][info ][gc,heap        ] GC(2964) Eden regions: 180->0(180)
[431.053s][info ][gc,heap        ] GC(2964) Survivor regions: 1->1(23)
[431.053s][info ][gc,heap        ] GC(2964) Old regions: 7->7
[431.053s][info ][gc,heap        ] GC(2964) Archive regions: 2->2
[431.053s][info ][gc,heap        ] GC(2964) Humongous regions: 0->0
[431.053s][info ][gc,metaspace   ] GC(2964) Metaspace: 9905K(10624K)->9905K(10624K) NonClass: 8758K(9216K)->8758K(9216K) Class: 1146K(1408K)->1146K(1408K)
[431.053s][debug][gc,heap        ] GC(2964) Heap after GC invocations=2965 (full 1): garbage-first heap   total 309248K, used 4069K [0x0000000700000000, 0x0000000800000000)
[431.053s][debug][gc,heap        ] GC(2964)   region size 1024K, 1 young (1024K), 1 survivors (1024K)
[431.053s][debug][gc,heap        ] GC(2964)  Metaspace       used 9905K, capacity 10179K, committed 10624K, reserved 1058816K
[431.053s][debug][gc,heap        ] GC(2964)   class space    used 1146K, capacity 1267K, committed 1408K, reserved 1048576K
[431.053s][info ][gc             ] GC(2964) Pause Young (Normal) (G1 Evacuation Pause) 183M->3M(302M) 1.584ms
[431.053s][info ][gc,cpu         ] GC(2964) User=0.00s Sys=0.00s Real=0.01s
[431.053s][info ][safepoint      ] Safepoint "G1CollectForAllocation", Time since last: 152431527 ns, Reaching safepoint: 108889 ns, At safepoint: 1765433 ns, Total: 1874322 ns
[431.201s][debug][gc,heap        ] GC(2965) Heap before GC invocations=2965 (full 1): garbage-first heap   total 309248K, used 188389K [0x0000000700000000, 0x0000000800000000)
[431.201s][debug][gc,heap        ] GC(2965)   region size 1024K, 181 young (185344K), 1 survivors (1024K)
[431.201s][debug][gc,heap        ] GC(2965)  Metaspace       used 9905K, capacity 10179K, committed 10624K, reserved 1058816K
[431.201s][debug][gc,heap        ] GC(2965)   class space    used 1146K, capacity 1267K, committed 1408K, reserved 1048576K
[431.201s][info ][gc,start       ] GC(2965) Pause Young (Normal) (G1 Evacuation Pause)
[431.201s][info ][gc,task        ] GC(2965) Using 8 workers of 8 for evacuation
[431.201s][debug][gc,tlab        ] GC(2965) TLAB totals: thrds: 8  refills: 722 max: 94 slow allocs: 0 max 0 waste:  1.1% gc: 1741152B max: 451712B slow: 417744B max: 55280B fast: 0B max: 0B
[431.201s][debug][gc,age         ] GC(2965) Desired survivor size 12058624 bytes, new threshold 15 (max threshold 15)
[431.201s][debug][gc,alloc,region] GC(2965) Mutator Allocation stats, regions: 180, wasted size: 0B ( 0.0%)
[431.201s][debug][gc,ergo        ] GC(2965) Running G1 Merge Heap Roots using 8 workers for 181 regions
[431.201s][debug][gc,remset      ] GC(2965) Visited cards 256 Total dirty 2048 (12.50%) Total old 759808 (0.03%)
[431.201s][debug][gc,ergo        ] GC(2965) Running G1 Clear Card Table Task using 1 workers for 1 units of work for 182 regions.
[431.201s][debug][gc,ref         ] GC(2965) Skipped phase1 of Reference Processing due to unavailable references
[431.202s][debug][gc,ref         ] GC(2965) Skipped phase2 of Reference Processing due to unavailable references
[431.202s][debug][gc,ref         ] GC(2965) Skipped phase3 of Reference Processing due to unavailable references
[431.202s][debug][gc,ref         ] GC(2965) Skipped phase4 of Reference Processing due to unavailable references
[431.202s][debug][gc,ergo        ] GC(2965) Running G1 Free Collection Set using 8 workers for collection set length 181 (302)
[431.202s][debug][gc,ergo        ] GC(2965) Running G1 Rebuild Free List Task using 8 workers for rebuilding free list of 0 (4096) regions
[431.202s][trace][gc,age         ] GC(2965) Age table with threshold 15 (max threshold 15)
[431.202s][trace][gc,age         ] GC(2965) - age   1:        672 bytes,        672 total
[431.202s][debug][gc,plab        ] GC(2965) Young PLAB allocation: allocated: 16512B, wasted: 0B, unused: 15840B, used: 672B, undo waste: 0B, 
[431.202s][debug][gc,plab        ] GC(2965) Young other allocation: region end waste: 0B, regions filled: 1, direct allocated: 0B, failure used: 0B, failure wasted: 0B
[431.202s][debug][gc,plab        ] GC(2965) Young sizing: calculated: 128B, actual: 2064B
[431.202s][debug][gc,plab        ] GC(2965) Old PLAB allocation: allocated: 0B, wasted: 0B, unused: 0B, used: 0B, undo waste: 0B, 
[431.202s][debug][gc,plab        ] GC(2965) Old other allocation: region end waste: 0B, regions filled: 1, direct allocated: 0B, failure used: 0B, failure wasted: 0B
[431.202s][debug][gc,plab        ] GC(2965) Old sizing: calculated: 0B, actual: 2064B
[431.202s][debug][gc,ihop        ] GC(2965) Basic information (value update), threshold: 142501478B (45.00), target occupancy: 316669952B, current occupancy: 4171256B, recent allocation size: 0B, recent allocation duration: 148.51ms, recent old gen allocation rate: 0.00B/s, recent marking phase length: 0.00ms
[431.202s][debug][gc,ihop        ] GC(2965) Adaptive IHOP information (value update), threshold: 142501478B (47.37), internal target occupancy: 300836454B, occupancy: 4171256B, additional buffer size: 189792256B, predicted old gen allocation rate: 0.00B/s, predicted marking phase length: 0.00ms, prediction active: false
[431.202s][debug][gc,ergo,refine ] GC(2965) Concurrent refinement times: Logged Cards Scan time goal: 20.00ms Logged Cards Scan time: 0.00ms HCC time: 0.00ms
[431.202s][debug][gc,ergo,refine ] GC(2965) Updated Refinement Zones: green: 2048, yellow: 6144, red: 10240
[431.202s][info ][gc,phases      ] GC(2965)   Pre Evacuate Collection Set: 0.1ms
[431.202s][debug][gc,phases      ] GC(2965)     Prepare TLABs: 0.0ms
[431.202s][debug][gc,phases      ] GC(2965)     Choose Collection Set: 0.0ms
[431.202s][debug][gc,phases      ] GC(2965)     Region Register: 0.1ms
[431.202s][debug][gc,phases      ] GC(2965)     Prepare Heap Roots: 0.0ms
[431.202s][info ][gc,phases      ] GC(2965)   Merge Heap Roots: 0.1ms
[431.202s][debug][gc,phases      ] GC(2965)     Prepare Merge Heap Roots: 0.0ms
[431.202s][debug][gc,phases      ] GC(2965)     Eager Reclaim (ms):       skipped
[431.202s][debug][gc,phases      ] GC(2965)     Remembered Sets (ms):     Min:  0.0, Avg:  0.0, Max:  0.0, Diff:  0.0, Sum:  0.0, Workers: 8
[431.202s][debug][gc,phases      ] GC(2965)       Merged Sparse:            Min: 0, Avg:  0.0, Max: 0, Diff: 0, Sum: 0, Workers: 8
[431.202s][debug][gc,phases      ] GC(2965)       Merged Fine:              Min: 0, Avg:  0.0, Max: 0, Diff: 0, Sum: 0, Workers: 8
[431.202s][debug][gc,phases      ] GC(2965)       Merged Coarse:            Min: 0, Avg:  0.0, Max: 0, Diff: 0, Sum: 0, Workers: 8
[431.202s][debug][gc,phases      ] GC(2965)       Dirty Cards:              Min: 0, Avg:  0.0, Max: 0, Diff: 0, Sum: 0, Workers: 8
[431.202s][debug][gc,phases      ] GC(2965)     Hot Card Cache (ms):      Min:  0.0, Avg:  0.0, Max:  0.0, Diff:  0.0, Sum:  0.0, Workers: 8
[431.202s][debug][gc,phases      ] GC(2965)       Dirty Cards:              Min: 0, Avg:  0.0, Max: 0, Diff: 0, Sum: 0, Workers: 8
[431.202s][debug][gc,phases      ] GC(2965)       Skipped Cards:            Min: 0, Avg:  0.0, Max: 0, Diff: 0, Sum: 0, Workers: 8
[431.202s][debug][gc,phases      ] GC(2965)     Log Buffers (ms):         Min:  0.0, Avg:  0.0, Max:  0.0, Diff:  0.0, Sum:  0.0, Workers: 8
[431.202s][debug][gc,phases      ] GC(2965)       Dirty Cards:              Min: 0, Avg:  0.1, Max: 1, Diff: 1, Sum: 1, Workers: 8
[431.202s][debug][gc,phases      ] GC(2965)       Skipped Cards:            Min: 0, Avg:  0.0, Max: 0, Diff: 0, Sum: 0, Workers: 8
[431.202s][info ][gc,phases      ] GC(2965)   Evacuate Collection Set: 0.2ms
[431.202s][debug][gc,phases      ] GC(2965)     Ext Root Scanning (ms):   Min:  0.0, Avg:  0.0, Max:  0.1, Diff:  0.1, Sum:  0.2, Workers: 8
[431.202s][debug][gc,phases      ] GC(2965)     Scan Heap Roots (ms):     Min:  0.0, Avg:  0.0, Max:  0.0, Diff:  0.0, Sum:  0.0, Workers: 8
[431.202s][debug][gc,phases      ] GC(2965)       Scanned Cards:            Min: 0, Avg:  0.1, Max: 1, Diff: 1, Sum: 1, Workers: 8
[431.202s][debug][gc,phases      ] GC(2965)       Scanned Blocks:           Min: 0, Avg:  0.1, Max: 1, Diff: 1, Sum: 1, Workers: 8
[431.202s][debug][gc,phases      ] GC(2965)       Claimed Chunks:           Min: 0, Avg:  0.1, Max: 1, Diff: 1, Sum: 1, Workers: 8
[431.202s][debug][gc,phases      ] GC(2965)     Code Root Scan (ms):      Min:  0.0, Avg:  0.0, Max:  0.0, Diff:  0.0, Sum:  0.0, Workers: 8
[431.202s][debug][gc,phases      ] GC(2965)     Object Copy (ms):         Min:  0.0, Avg:  0.0, Max:  0.0, Diff:  0.0, Sum:  0.0, Workers: 8
[431.202s][debug][gc,phases      ] GC(2965)     Termination (ms):         Min:  0.1, Avg:  0.1, Max:  0.1, Diff:  0.0, Sum:  0.6, Workers: 8
[431.202s][debug][gc,phases      ] GC(2965)       Termination Attempts:     Min: 1, Avg:  1.0, Max: 1, Diff: 0, Sum: 8, Workers: 8
[431.202s][debug][gc,phases      ] GC(2965)     GC Worker Other (ms):     Min:  0.0, Avg:  0.0, Max:  0.0, Diff:  0.0, Sum:  0.2, Workers: 8
[431.202s][debug][gc,phases      ] GC(2965)     GC Worker Total (ms):     Min:  0.1, Avg:  0.1, Max:  0.2, Diff:  0.1, Sum:  1.0, Workers: 8
[431.202s][info ][gc,phases      ] GC(2965)   Post Evacuate Collection Set: 0.3ms
[431.202s][debug][gc,phases      ] GC(2965)     Code Roots Fixup: 0.0ms
[431.202s][debug][gc,phases      ] GC(2965)     Clear Card Table: 0.1ms
[431.202s][debug][gc,phases      ] GC(2965)     Reference Processing: 0.0ms
[431.202s][debug][gc,phases,ref  ] GC(2965)       Reconsider SoftReferences: 0.0ms
[431.202s][debug][gc,phases,ref  ] GC(2965)         SoftRef (ms):             skipped
[431.202s][debug][gc,phases,ref  ] GC(2965)       Notify Soft/WeakReferences: 0.0ms
[431.202s][debug][gc,phases,ref  ] GC(2965)         SoftRef (ms):             skipped
[431.202s][debug][gc,phases,ref  ] GC(2965)         WeakRef (ms):             skipped
[431.202s][debug][gc,phases,ref  ] GC(2965)         FinalRef (ms):            skipped
[431.202s][debug][gc,phases,ref  ] GC(2965)         Total (ms):               skipped
[431.202s][debug][gc,phases,ref  ] GC(2965)       Notify and keep alive finalizable: 0.0ms
[431.202s][debug][gc,phases,ref  ] GC(2965)         FinalRef (ms):            skipped
[431.202s][debug][gc,phases,ref  ] GC(2965)       Notify PhantomReferences: 0.0ms
[431.202s][debug][gc,phases,ref  ] GC(2965)         PhantomRef (ms):          skipped
[431.202s][debug][gc,phases,ref  ] GC(2965)       SoftReference:
[431.202s][debug][gc,phases,ref  ] GC(2965)         Discovered: 0
[431.202s][debug][gc,phases,ref  ] GC(2965)         Cleared: 0
[431.202s][debug][gc,phases,ref  ] GC(2965)       WeakReference:
[431.202s][debug][gc,phases,ref  ] GC(2965)         Discovered: 0
[431.202s][debug][gc,phases,ref  ] GC(2965)         Cleared: 0
[431.202s][debug][gc,phases,ref  ] GC(2965)       FinalReference:
[431.202s][debug][gc,phases,ref  ] GC(2965)         Discovered: 0
[431.202s][debug][gc,phases,ref  ] GC(2965)         Cleared: 0
[431.202s][debug][gc,phases,ref  ] GC(2965)       PhantomReference:
[431.202s][debug][gc,phases,ref  ] GC(2965)         Discovered: 0
[431.202s][debug][gc,phases,ref  ] GC(2965)         Cleared: 0
[431.202s][debug][gc,phases      ] GC(2965)     Weak Processing: 0.1ms
[431.202s][debug][gc,phases      ] GC(2965)       JVMTI weak processing: 0.0ms
[431.202s][debug][gc,phases      ] GC(2965)         Dead: 0
[431.202s][debug][gc,phases      ] GC(2965)         Total: 0
[431.202s][debug][gc,phases      ] GC(2965)       JFR weak processing: 0.0ms
[431.202s][debug][gc,phases      ] GC(2965)         Dead: 0
[431.202s][debug][gc,phases      ] GC(2965)         Total: 0
[431.202s][debug][gc,phases      ] GC(2965)       JNI weak                  Min:  0.0, Avg:  0.0, Max:  0.0, Diff:  0.0, Sum:  0.0, Workers: 5
[431.202s][debug][gc,phases      ] GC(2965)         Dead                      Min: 0, Avg:  0.0, Max: 0, Diff: 0, Sum: 0, Workers: 5
[431.202s][debug][gc,phases      ] GC(2965)         Total                     Min: 0, Avg: 13.6, Max: 52, Diff: 52, Sum: 68, Workers: 5
[431.202s][debug][gc,phases      ] GC(2965)       VM weak                   Min:  0.0, Avg:  0.0, Max:  0.0, Diff:  0.0, Sum:  0.0, Workers: 5
[431.202s][debug][gc,phases      ] GC(2965)         Dead                      Min: 0, Avg:  0.0, Max: 0, Diff: 0, Sum: 0, Workers: 5
[431.202s][debug][gc,phases      ] GC(2965)         Total                     Min: 0, Avg: 42.6, Max: 128, Diff: 128, Sum: 213, Workers: 5
[431.202s][debug][gc,phases      ] GC(2965)       StringTable weak          Min:  0.0, Avg:  0.0, Max:  0.0, Diff:  0.0, Sum:  0.1, Workers: 5
[431.202s][debug][gc,phases      ] GC(2965)         Dead                      Min: 0, Avg:  0.0, Max: 0, Diff: 0, Sum: 0, Workers: 5
[431.202s][debug][gc,phases      ] GC(2965)         Total                     Min: 0, Avg: 682.0, Max: 1728, Diff: 1728, Sum: 3410, Workers: 5
[431.202s][debug][gc,phases      ] GC(2965)       ResolvedMethodTable weak  Min:  0.0, Avg:  0.0, Max:  0.0, Diff:  0.0, Sum:  0.0, Workers: 5
[431.202s][debug][gc,phases      ] GC(2965)         Dead                      Min: 0, Avg:  0.0, Max: 0, Diff: 0, Sum: 0, Workers: 5
[431.202s][debug][gc,phases      ] GC(2965)         Total                     Min: 0, Avg: 114.8, Max: 318, Diff: 318, Sum: 574, Workers: 5
[431.202s][debug][gc,phases      ] GC(2965)     Merge Per-Thread State: 0.0ms
[431.202s][debug][gc,phases      ] GC(2965)       Copied Bytes              Min: 24, Avg: 84.0, Max: 224, Diff: 200, Sum: 672, Workers: 8
[431.202s][debug][gc,phases      ] GC(2965)       LAB Waste                 Min: 0, Avg:  0.0, Max: 0, Diff: 0, Sum: 0, Workers: 8
[431.202s][debug][gc,phases      ] GC(2965)       LAB Undo Waste            Min: 0, Avg:  0.0, Max: 0, Diff: 0, Sum: 0, Workers: 8
[431.202s][debug][gc,phases      ] GC(2965)     Code Roots Purge: 0.0ms
[431.202s][debug][gc,phases      ] GC(2965)     Redirty Cards: 0.0ms
[431.202s][debug][gc,phases      ] GC(2965)     DerivedPointerTable Update: 0.0ms
[431.202s][debug][gc,phases      ] GC(2965)     Free Collection Set: 0.1ms
[431.202s][debug][gc,phases      ] GC(2965)     Rebuild Free List: 0.0ms
[431.202s][debug][gc,phases      ] GC(2965)     Humongous Reclaim: 0.0ms
[431.202s][debug][gc,phases      ] GC(2965)     Start New Collection Set: 0.0ms
[431.202s][debug][gc,phases      ] GC(2965)     Resize TLABs: 0.0ms
[431.202s][debug][gc,phases      ] GC(2965)     Expand Heap After Collection: 0.0ms
[431.202s][info ][gc,phases      ] GC(2965)   Other: 0.3ms
[431.202s][info ][gc,heap        ] GC(2965) Eden regions: 180->0(180)
[431.202s][info ][gc,heap        ] GC(2965) Survivor regions: 1->1(23)
[431.202s][info ][gc,heap        ] GC(2965) Old regions: 7->7
[431.202s][info ][gc,heap        ] GC(2965) Archive regions: 2->2
[431.202s][info ][gc,heap        ] GC(2965) Humongous regions: 0->0
[431.202s][info ][gc,metaspace   ] GC(2965) Metaspace: 9905K(10624K)->9905K(10624K) NonClass: 8758K(9216K)->8758K(9216K) Class: 1146K(1408K)->1146K(1408K)
[431.202s][debug][gc,heap        ] GC(2965) Heap after GC invocations=2966 (full 1): garbage-first heap   total 309248K, used 4073K [0x0000000700000000, 0x0000000800000000)
[431.202s][debug][gc,heap        ] GC(2965)   region size 1024K, 1 young (1024K), 1 survivors (1024K)
[431.202s][debug][gc,heap        ] GC(2965)  Metaspace       used 9905K, capacity 10179K, committed 10624K, reserved 1058816K
[431.202s][debug][gc,heap        ] GC(2965)   class space    used 1146K, capacity 1267K, committed 1408K, reserved 1048576K
[431.202s][info ][gc             ] GC(2965) Pause Young (Normal) (G1 Evacuation Pause) 183M->3M(302M) 1.481ms
[431.203s][info ][gc,cpu         ] GC(2965) User=0.00s Sys=0.00s Real=0.00s
[431.203s][info ][safepoint      ] Safepoint "G1CollectForAllocation", Time since last: 147433948 ns, Reaching safepoint: 175965 ns, At safepoint: 1645109 ns, Total: 1821074 ns
[431.350s][debug][gc,heap        ] GC(2966) Heap before GC invocations=2966 (full 1): garbage-first heap   total 309248K, used 188393K [0x0000000700000000, 0x0000000800000000)
[431.350s][debug][gc,heap        ] GC(2966)   region size 1024K, 181 young (185344K), 1 survivors (1024K)
[431.350s][debug][gc,heap        ] GC(2966)  Metaspace       used 9905K, capacity 10179K, committed 10624K, reserved 1058816K
[431.350s][debug][gc,heap        ] GC(2966)   class space    used 1146K, capacity 1267K, committed 1408K, reserved 1048576K
[431.350s][info ][gc,start       ] GC(2966) Pause Young (Normal) (G1 Evacuation Pause)
[431.350s][info ][gc,task        ] GC(2966) Using 8 workers of 8 for evacuation
[431.350s][debug][gc,tlab        ] GC(2966) TLAB totals: thrds: 8  refills: 724 max: 101 slow allocs: 0 max 0 waste:  1.2% gc: 1857216B max: 450840B slow: 419552B max: 58792B fast: 0B max: 0B
[431.350s][debug][gc,age         ] GC(2966) Desired survivor size 12058624 bytes, new threshold 15 (max threshold 15)
[431.350s][debug][gc,alloc,region] GC(2966) Mutator Allocation stats, regions: 180, wasted size: 0B ( 0.0%)
[431.350s][debug][gc,ergo        ] GC(2966) Running G1 Merge Heap Roots using 8 workers for 181 regions
[431.350s][debug][gc,remset      ] GC(2966) Visited cards 256 Total dirty 2048 (12.50%) Total old 759808 (0.03%)
[431.350s][debug][gc,ergo        ] GC(2966) Running G1 Clear Card Table Task using 1 workers for 1 units of work for 182 regions.
[431.351s][debug][gc,ref         ] GC(2966) Skipped phase1 of Reference Processing due to unavailable references
[431.351s][debug][gc,ref         ] GC(2966) Skipped phase2 of Reference Processing due to unavailable references
[431.351s][debug][gc,ref         ] GC(2966) Skipped phase3 of Reference Processing due to unavailable references
[431.351s][debug][gc,ref         ] GC(2966) Skipped phase4 of Reference Processing due to unavailable references
[431.351s][debug][gc,ergo        ] GC(2966) Running G1 Free Collection Set using 8 workers for collection set length 181 (302)
[431.351s][debug][gc,ergo        ] GC(2966) Running G1 Rebuild Free List Task using 8 workers for rebuilding free list of 0 (4096) regions
[431.351s][trace][gc,age         ] GC(2966) Age table with threshold 15 (max threshold 15)
[431.351s][trace][gc,age         ] GC(2966) - age   1:        624 bytes,        624 total
[431.351s][debug][gc,plab        ] GC(2966) Young PLAB allocation: allocated: 14448B, wasted: 0B, unused: 13824B, used: 624B, undo waste: 0B, 
[431.351s][debug][gc,plab        ] GC(2966) Young other allocation: region end waste: 0B, regions filled: 1, direct allocated: 0B, failure used: 0B, failure wasted: 0B
[431.351s][debug][gc,plab        ] GC(2966) Young sizing: calculated: 120B, actual: 2064B
[431.351s][debug][gc,plab        ] GC(2966) Old PLAB allocation: allocated: 0B, wasted: 0B, unused: 0B, used: 0B, undo waste: 0B, 
[431.351s][debug][gc,plab        ] GC(2966) Old other allocation: region end waste: 0B, regions filled: 1, direct allocated: 0B, failure used: 0B, failure wasted: 0B
[431.351s][debug][gc,plab        ] GC(2966) Old sizing: calculated: 0B, actual: 2064B
[431.351s][debug][gc,ihop        ] GC(2966) Basic information (value update), threshold: 142501478B (45.00), target occupancy: 316669952B, current occupancy: 4169192B, recent allocation size: 0B, recent allocation duration: 148.34ms, recent old gen allocation rate: 0.00B/s, recent marking phase length: 0.00ms
[431.351s][debug][gc,ihop        ] GC(2966) Adaptive IHOP information (value update), threshold: 142501478B (47.37), internal target occupancy: 300836454B, occupancy: 4169192B, additional buffer size: 189792256B, predicted old gen allocation rate: 0.00B/s, predicted marking phase length: 0.00ms, prediction active: false
[431.351s][debug][gc,ergo,refine ] GC(2966) Concurrent refinement times: Logged Cards Scan time goal: 20.00ms Logged Cards Scan time: 0.00ms HCC time: 0.00ms
[431.351s][debug][gc,ergo,refine ] GC(2966) Updated Refinement Zones: green: 2048, yellow: 6144, red: 10240
[431.351s][info ][gc,phases      ] GC(2966)   Pre Evacuate Collection Set: 0.1ms
[431.351s][debug][gc,phases      ] GC(2966)     Prepare TLABs: 0.0ms
[431.351s][debug][gc,phases      ] GC(2966)     Choose Collection Set: 0.0ms
[431.351s][debug][gc,phases      ] GC(2966)     Region Register: 0.1ms
[431.351s][debug][gc,phases      ] GC(2966)     Prepare Heap Roots: 0.0ms
[431.351s][info ][gc,phases      ] GC(2966)   Merge Heap Roots: 0.1ms
[431.351s][debug][gc,phases      ] GC(2966)     Prepare Merge Heap Roots: 0.0ms
[431.351s][debug][gc,phases      ] GC(2966)     Eager Reclaim (ms):       skipped
[431.351s][debug][gc,phases      ] GC(2966)     Remembered Sets (ms):     Min:  0.0, Avg:  0.0, Max:  0.0, Diff:  0.0, Sum:  0.1, Workers: 8
[431.351s][debug][gc,phases      ] GC(2966)       Merged Sparse:            Min: 0, Avg:  0.0, Max: 0, Diff: 0, Sum: 0, Workers: 8
[431.351s][debug][gc,phases      ] GC(2966)       Merged Fine:              Min: 0, Avg:  0.0, Max: 0, Diff: 0, Sum: 0, Workers: 8
[431.351s][debug][gc,phases      ] GC(2966)       Merged Coarse:            Min: 0, Avg:  0.0, Max: 0, Diff: 0, Sum: 0, Workers: 8
[431.351s][debug][gc,phases      ] GC(2966)       Dirty Cards:              Min: 0, Avg:  0.0, Max: 0, Diff: 0, Sum: 0, Workers: 8
[431.351s][debug][gc,phases      ] GC(2966)     Hot Card Cache (ms):      Min:  0.0, Avg:  0.0, Max:  0.0, Diff:  0.0, Sum:  0.0, Workers: 8
[431.351s][debug][gc,phases      ] GC(2966)       Dirty Cards:              Min: 0, Avg:  0.0, Max: 0, Diff: 0, Sum: 0, Workers: 8
[431.351s][debug][gc,phases      ] GC(2966)       Skipped Cards:            Min: 0, Avg:  0.0, Max: 0, Diff: 0, Sum: 0, Workers: 8
[431.351s][debug][gc,phases      ] GC(2966)     Log Buffers (ms):         Min:  0.0, Avg:  0.0, Max:  0.0, Diff:  0.0, Sum:  0.0, Workers: 8
[431.351s][debug][gc,phases      ] GC(2966)       Dirty Cards:              Min: 0, Avg:  0.1, Max: 1, Diff: 1, Sum: 1, Workers: 8
[431.351s][debug][gc,phases      ] GC(2966)       Skipped Cards:            Min: 0, Avg:  0.0, Max: 0, Diff: 0, Sum: 0, Workers: 8
[431.351s][info ][gc,phases      ] GC(2966)   Evacuate Collection Set: 0.1ms
[431.351s][debug][gc,phases      ] GC(2966)     Ext Root Scanning (ms):   Min:  0.0, Avg:  0.0, Max:  0.1, Diff:  0.0, Sum:  0.2, Workers: 8
[431.351s][debug][gc,phases      ] GC(2966)     Scan Heap Roots (ms):     Min:  0.0, Avg:  0.0, Max:  0.0, Diff:  0.0, Sum:  0.0, Workers: 8
[431.351s][debug][gc,phases      ] GC(2966)       Scanned Cards:            Min: 0, Avg:  0.1, Max: 1, Diff: 1, Sum: 1, Workers: 8
[431.351s][debug][gc,phases      ] GC(2966)       Scanned Blocks:           Min: 0, Avg:  0.1, Max: 1, Diff: 1, Sum: 1, Workers: 8
[431.351s][debug][gc,phases      ] GC(2966)       Claimed Chunks:           Min: 0, Avg:  0.1, Max: 1, Diff: 1, Sum: 1, Workers: 8
[431.351s][debug][gc,phases      ] GC(2966)     Code Root Scan (ms):      Min:  0.0, Avg:  0.0, Max:  0.0, Diff:  0.0, Sum:  0.0, Workers: 8
[431.351s][debug][gc,phases      ] GC(2966)     Object Copy (ms):         Min:  0.0, Avg:  0.0, Max:  0.0, Diff:  0.0, Sum:  0.0, Workers: 8
[431.351s][debug][gc,phases      ] GC(2966)     Termination (ms):         Min:  0.1, Avg:  0.1, Max:  0.1, Diff:  0.0, Sum:  0.5, Workers: 8
[431.351s][debug][gc,phases      ] GC(2966)       Termination Attempts:     Min: 1, Avg:  1.0, Max: 1, Diff: 0, Sum: 8, Workers: 8
[431.351s][debug][gc,phases      ] GC(2966)     GC Worker Other (ms):     Min:  0.0, Avg:  0.0, Max:  0.0, Diff:  0.0, Sum:  0.1, Workers: 8
[431.351s][debug][gc,phases      ] GC(2966)     GC Worker Total (ms):     Min:  0.1, Avg:  0.1, Max:  0.1, Diff:  0.0, Sum:  0.9, Workers: 8
[431.351s][info ][gc,phases      ] GC(2966)   Post Evacuate Collection Set: 0.3ms
[431.351s][debug][gc,phases      ] GC(2966)     Code Roots Fixup: 0.0ms
[431.351s][debug][gc,phases      ] GC(2966)     Clear Card Table: 0.1ms
[431.351s][debug][gc,phases      ] GC(2966)     Reference Processing: 0.0ms
[431.351s][debug][gc,phases,ref  ] GC(2966)       Reconsider SoftReferences: 0.0ms
[431.351s][debug][gc,phases,ref  ] GC(2966)         SoftRef (ms):             skipped
[431.351s][debug][gc,phases,ref  ] GC(2966)       Notify Soft/WeakReferences: 0.0ms
[431.351s][debug][gc,phases,ref  ] GC(2966)         SoftRef (ms):             skipped
[431.351s][debug][gc,phases,ref  ] GC(2966)         WeakRef (ms):             skipped
[431.351s][debug][gc,phases,ref  ] GC(2966)         FinalRef (ms):            skipped
[431.351s][debug][gc,phases,ref  ] GC(2966)         Total (ms):               skipped
[431.351s][debug][gc,phases,ref  ] GC(2966)       Notify and keep alive finalizable: 0.0ms
[431.351s][debug][gc,phases,ref  ] GC(2966)         FinalRef (ms):            skipped
[431.351s][debug][gc,phases,ref  ] GC(2966)       Notify PhantomReferences: 0.0ms
[431.351s][debug][gc,phases,ref  ] GC(2966)         PhantomRef (ms):          skipped
[431.351s][debug][gc,phases,ref  ] GC(2966)       SoftReference:
[431.351s][debug][gc,phases,ref  ] GC(2966)         Discovered: 0
[431.351s][debug][gc,phases,ref  ] GC(2966)         Cleared: 0
[431.351s][debug][gc,phases,ref  ] GC(2966)       WeakReference:
[431.351s][debug][gc,phases,ref  ] GC(2966)         Discovered: 0
[431.351s][debug][gc,phases,ref  ] GC(2966)         Cleared: 0
[431.351s][debug][gc,phases,ref  ] GC(2966)       FinalReference:
[431.351s][debug][gc,phases,ref  ] GC(2966)         Discovered: 0
[431.351s][debug][gc,phases,ref  ] GC(2966)         Cleared: 0
[431.351s][debug][gc,phases,ref  ] GC(2966)       PhantomReference:
[431.351s][debug][gc,phases,ref  ] GC(2966)         Discovered: 0
[431.351s][debug][gc,phases,ref  ] GC(2966)         Cleared: 0
[431.351s][debug][gc,phases      ] GC(2966)     Weak Processing: 0.0ms
[431.351s][debug][gc,phases      ] GC(2966)       JVMTI weak processing: 0.0ms
[431.351s][debug][gc,phases      ] GC(2966)         Dead: 0
[431.351s][debug][gc,phases      ] GC(2966)         Total: 0
[431.351s][debug][gc,phases      ] GC(2966)       JFR weak processing: 0.0ms
[431.351s][debug][gc,phases      ] GC(2966)         Dead: 0
[431.351s][debug][gc,phases      ] GC(2966)         Total: 0
[431.351s][debug][gc,phases      ] GC(2966)       JNI weak                  Min:  0.0, Avg:  0.0, Max:  0.0, Diff:  0.0, Sum:  0.0, Workers: 5
[431.351s][debug][gc,phases      ] GC(2966)         Dead                      Min: 0, Avg:  0.0, Max: 0, Diff: 0, Sum: 0, Workers: 5
[431.351s][debug][gc,phases      ] GC(2966)         Total                     Min: 0, Avg: 13.6, Max: 52, Diff: 52, Sum: 68, Workers: 5
[431.351s][debug][gc,phases      ] GC(2966)       VM weak                   Min:  0.0, Avg:  0.0, Max:  0.0, Diff:  0.0, Sum:  0.0, Workers: 5
[431.351s][debug][gc,phases      ] GC(2966)         Dead                      Min: 0, Avg:  0.0, Max: 0, Diff: 0, Sum: 0, Workers: 5
[431.351s][debug][gc,phases      ] GC(2966)         Total                     Min: 0, Avg: 42.6, Max: 128, Diff: 128, Sum: 213, Workers: 5
[431.351s][debug][gc,phases      ] GC(2966)       StringTable weak          Min:  0.0, Avg:  0.0, Max:  0.0, Diff:  0.0, Sum:  0.0, Workers: 5
[431.351s][debug][gc,phases      ] GC(2966)         Dead                      Min: 0, Avg:  0.0, Max: 0, Diff: 0, Sum: 0, Workers: 5
[431.351s][debug][gc,phases      ] GC(2966)         Total                     Min: 0, Avg: 682.0, Max: 1299, Diff: 1299, Sum: 3410, Workers: 5
[431.351s][debug][gc,phases      ] GC(2966)       ResolvedMethodTable weak  Min:  0.0, Avg:  0.0, Max:  0.0, Diff:  0.0, Sum:  0.0, Workers: 5
[431.351s][debug][gc,phases      ] GC(2966)         Dead                      Min: 0, Avg:  0.0, Max: 0, Diff: 0, Sum: 0, Workers: 5
[431.351s][debug][gc,phases      ] GC(2966)         Total                     Min: 0, Avg: 114.8, Max: 192, Diff: 192, Sum: 574, Workers: 5
[431.351s][debug][gc,phases      ] GC(2966)     Merge Per-Thread State: 0.0ms
[431.351s][debug][gc,phases      ] GC(2966)       Copied Bytes              Min: 0, Avg: 78.0, Max: 152, Diff: 152, Sum: 624, Workers: 8
[431.351s][debug][gc,phases      ] GC(2966)       LAB Waste                 Min: 0, Avg:  0.0, Max: 0, Diff: 0, Sum: 0, Workers: 8
[431.351s][debug][gc,phases      ] GC(2966)       LAB Undo Waste            Min: 0, Avg:  0.0, Max: 0, Diff: 0, Sum: 0, Workers: 8
[431.351s][debug][gc,phases      ] GC(2966)     Code Roots Purge: 0.0ms
[431.351s][debug][gc,phases      ] GC(2966)     Redirty Cards: 0.0ms
[431.351s][debug][gc,phases      ] GC(2966)     DerivedPointerTable Update: 0.0ms
[431.351s][debug][gc,phases      ] GC(2966)     Free Collection Set: 0.1ms
[431.351s][debug][gc,phases      ] GC(2966)     Rebuild Free List: 0.1ms
[431.351s][debug][gc,phases      ] GC(2966)     Humongous Reclaim: 0.0ms
[431.351s][debug][gc,phases      ] GC(2966)     Start New Collection Set: 0.0ms
[431.351s][debug][gc,phases      ] GC(2966)     Resize TLABs: 0.0ms
[431.351s][debug][gc,phases      ] GC(2966)     Expand Heap After Collection: 0.0ms
[431.351s][info ][gc,phases      ] GC(2966)   Other: 0.3ms
[431.351s][info ][gc,heap        ] GC(2966) Eden regions: 180->0(180)
[431.351s][info ][gc,heap        ] GC(2966) Survivor regions: 1->1(23)
[431.352s][info ][gc,heap        ] GC(2966) Old regions: 7->7
[431.352s][info ][gc,heap        ] GC(2966) Archive regions: 2->2
[431.352s][info ][gc,heap        ] GC(2966) Humongous regions: 0->0
[431.352s][info ][gc,metaspace   ] GC(2966) Metaspace: 9905K(10624K)->9905K(10624K) NonClass: 8758K(9216K)->8758K(9216K) Class: 1146K(1408K)->1146K(1408K)
[431.352s][debug][gc,heap        ] GC(2966) Heap after GC invocations=2967 (full 1): garbage-first heap   total 309248K, used 4071K [0x0000000700000000, 0x0000000800000000)
[431.352s][debug][gc,heap        ] GC(2966)   region size 1024K, 1 young (1024K), 1 survivors (1024K)
[431.352s][debug][gc,heap        ] GC(2966)  Metaspace       used 9905K, capacity 10179K, committed 10624K, reserved 1058816K
[431.352s][debug][gc,heap        ] GC(2966)   class space    used 1146K, capacity 1267K, committed 1408K, reserved 1048576K
[431.352s][info ][gc             ] GC(2966) Pause Young (Normal) (G1 Evacuation Pause) 183M->3M(302M) 1.448ms
[431.352s][info ][gc,cpu         ] GC(2966) User=0.01s Sys=0.00s Real=0.00s
[431.352s][info ][safepoint      ] Safepoint "G1CollectForAllocation", Time since last: 147270976 ns, Reaching safepoint: 185976 ns, At safepoint: 1610966 ns, Total: 1796942 ns
[431.490s][debug][gc,heap        ] GC(2967) Heap before GC invocations=2967 (full 1): garbage-first heap   total 309248K, used 188391K [0x0000000700000000, 0x0000000800000000)
[431.490s][debug][gc,heap        ] GC(2967)   region size 1024K, 181 young (185344K), 1 survivors (1024K)
[431.490s][debug][gc,heap        ] GC(2967)  Metaspace       used 9905K, capacity 10179K, committed 10624K, reserved 1058816K
[431.490s][debug][gc,heap        ] GC(2967)   class space    used 1146K, capacity 1267K, committed 1408K, reserved 1048576K
[431.490s][info ][gc,start       ] GC(2967) Pause Young (Normal) (G1 Evacuation Pause)
[431.490s][info ][gc,task        ] GC(2967) Using 8 workers of 8 for evacuation
[431.490s][debug][gc,tlab        ] GC(2967) TLAB totals: thrds: 8  refills: 722 max: 96 slow allocs: 0 max 0 waste:  0.9% gc: 1273320B max: 379896B slow: 418672B max: 55472B fast: 0B max: 0B
[431.490s][debug][gc,age         ] GC(2967) Desired survivor size 12058624 bytes, new threshold 15 (max threshold 15)
[431.490s][debug][gc,alloc,region] GC(2967) Mutator Allocation stats, regions: 180, wasted size: 0B ( 0.0%)
[431.490s][debug][gc,ergo        ] GC(2967) Running G1 Merge Heap Roots using 8 workers for 181 regions
[431.490s][debug][gc,remset      ] GC(2967) Visited cards 256 Total dirty 2048 (12.50%) Total old 759808 (0.03%)
[431.490s][debug][gc,ergo        ] GC(2967) Running G1 Clear Card Table Task using 1 workers for 1 units of work for 182 regions.
[431.490s][debug][gc,ref         ] GC(2967) Skipped phase1 of Reference Processing due to unavailable references
[431.490s][debug][gc,ref         ] GC(2967) Skipped phase2 of Reference Processing due to unavailable references
[431.490s][debug][gc,ref         ] GC(2967) Skipped phase3 of Reference Processing due to unavailable references
[431.490s][debug][gc,ref         ] GC(2967) Skipped phase4 of Reference Processing due to unavailable references
[431.490s][debug][gc,ergo        ] GC(2967) Running G1 Free Collection Set using 8 workers for collection set length 181 (302)
[431.490s][debug][gc,ergo        ] GC(2967) Running G1 Rebuild Free List Task using 8 workers for rebuilding free list of 0 (4096) regions
[431.490s][trace][gc,age         ] GC(2967) Age table with threshold 15 (max threshold 15)
[431.490s][trace][gc,age         ] GC(2967) - age   1:        464 bytes,        464 total
[431.491s][debug][gc,plab        ] GC(2967) Young PLAB allocation: allocated: 12384B, wasted: 0B, unused: 11920B, used: 464B, undo waste: 0B, 
[431.491s][debug][gc,plab        ] GC(2967) Young other allocation: region end waste: 0B, regions filled: 1, direct allocated: 0B, failure used: 0B, failure wasted: 0B
[431.491s][debug][gc,plab        ] GC(2967) Young sizing: calculated: 88B, actual: 2064B
[431.491s][debug][gc,plab        ] GC(2967) Old PLAB allocation: allocated: 0B, wasted: 0B, unused: 0B, used: 0B, undo waste: 0B, 
[431.491s][debug][gc,plab        ] GC(2967) Old other allocation: region end waste: 0B, regions filled: 1, direct allocated: 0B, failure used: 0B, failure wasted: 0B
[431.491s][debug][gc,plab        ] GC(2967) Old sizing: calculated: 0B, actual: 2064B
[431.491s][debug][gc,ihop        ] GC(2967) Basic information (value update), threshold: 142501478B (45.00), target occupancy: 316669952B, current occupancy: 4167128B, recent allocation size: 0B, recent allocation duration: 138.94ms, recent old gen allocation rate: 0.00B/s, recent marking phase length: 0.00ms
[431.491s][debug][gc,ihop        ] GC(2967) Adaptive IHOP information (value update), threshold: 142501478B (47.37), internal target occupancy: 300836454B, occupancy: 4167128B, additional buffer size: 189792256B, predicted old gen allocation rate: 0.00B/s, predicted marking phase length: 0.00ms, prediction active: false
[431.491s][debug][gc,ergo,refine ] GC(2967) Concurrent refinement times: Logged Cards Scan time goal: 20.00ms Logged Cards Scan time: 0.00ms HCC time: 0.00ms
[431.491s][debug][gc,ergo,refine ] GC(2967) Updated Refinement Zones: green: 2048, yellow: 6144, red: 10240
[431.491s][info ][gc,phases      ] GC(2967)   Pre Evacuate Collection Set: 0.1ms
[431.491s][debug][gc,phases      ] GC(2967)     Prepare TLABs: 0.0ms
[431.491s][debug][gc,phases      ] GC(2967)     Choose Collection Set: 0.0ms
[431.491s][debug][gc,phases      ] GC(2967)     Region Register: 0.1ms
[431.491s][debug][gc,phases      ] GC(2967)     Prepare Heap Roots: 0.0ms
[431.491s][info ][gc,phases      ] GC(2967)   Merge Heap Roots: 0.1ms
[431.491s][debug][gc,phases      ] GC(2967)     Prepare Merge Heap Roots: 0.0ms
[431.491s][debug][gc,phases      ] GC(2967)     Eager Reclaim (ms):       skipped
[431.491s][debug][gc,phases      ] GC(2967)     Remembered Sets (ms):     Min:  0.0, Avg:  0.0, Max:  0.0, Diff:  0.0, Sum:  0.1, Workers: 8
[431.491s][debug][gc,phases      ] GC(2967)       Merged Sparse:            Min: 0, Avg:  0.0, Max: 0, Diff: 0, Sum: 0, Workers: 8
[431.491s][debug][gc,phases      ] GC(2967)       Merged Fine:              Min: 0, Avg:  0.0, Max: 0, Diff: 0, Sum: 0, Workers: 8
[431.491s][debug][gc,phases      ] GC(2967)       Merged Coarse:            Min: 0, Avg:  0.0, Max: 0, Diff: 0, Sum: 0, Workers: 8
[431.491s][debug][gc,phases      ] GC(2967)       Dirty Cards:              Min: 0, Avg:  0.0, Max: 0, Diff: 0, Sum: 0, Workers: 8
[431.491s][debug][gc,phases      ] GC(2967)     Hot Card Cache (ms):      Min:  0.0, Avg:  0.0, Max:  0.0, Diff:  0.0, Sum:  0.0, Workers: 8
[431.491s][debug][gc,phases      ] GC(2967)       Dirty Cards:              Min: 0, Avg:  0.0, Max: 0, Diff: 0, Sum: 0, Workers: 8
[431.491s][debug][gc,phases      ] GC(2967)       Skipped Cards:            Min: 0, Avg:  0.0, Max: 0, Diff: 0, Sum: 0, Workers: 8
[431.491s][debug][gc,phases      ] GC(2967)     Log Buffers (ms):         Min:  0.0, Avg:  0.0, Max:  0.0, Diff:  0.0, Sum:  0.0, Workers: 8
[431.491s][debug][gc,phases      ] GC(2967)       Dirty Cards:              Min: 0, Avg:  0.1, Max: 1, Diff: 1, Sum: 1, Workers: 8
[431.491s][debug][gc,phases      ] GC(2967)       Skipped Cards:            Min: 0, Avg:  0.0, Max: 0, Diff: 0, Sum: 0, Workers: 8
[431.491s][info ][gc,phases      ] GC(2967)   Evacuate Collection Set: 0.2ms
[431.491s][debug][gc,phases      ] GC(2967)     Ext Root Scanning (ms):   Min:  0.0, Avg:  0.0, Max:  0.1, Diff:  0.1, Sum:  0.2, Workers: 8
[431.491s][debug][gc,phases      ] GC(2967)     Scan Heap Roots (ms):     Min:  0.0, Avg:  0.0, Max:  0.0, Diff:  0.0, Sum:  0.0, Workers: 8
[431.491s][debug][gc,phases      ] GC(2967)       Scanned Cards:            Min: 0, Avg:  0.1, Max: 1, Diff: 1, Sum: 1, Workers: 8
[431.491s][debug][gc,phases      ] GC(2967)       Scanned Blocks:           Min: 0, Avg:  0.1, Max: 1, Diff: 1, Sum: 1, Workers: 8
[431.491s][debug][gc,phases      ] GC(2967)       Claimed Chunks:           Min: 0, Avg:  0.1, Max: 1, Diff: 1, Sum: 1, Workers: 8
[431.491s][debug][gc,phases      ] GC(2967)     Code Root Scan (ms):      Min:  0.0, Avg:  0.0, Max:  0.0, Diff:  0.0, Sum:  0.0, Workers: 8
[431.491s][debug][gc,phases      ] GC(2967)     Object Copy (ms):         Min:  0.0, Avg:  0.0, Max:  0.0, Diff:  0.0, Sum:  0.0, Workers: 8
[431.491s][debug][gc,phases      ] GC(2967)     Termination (ms):         Min:  0.1, Avg:  0.1, Max:  0.1, Diff:  0.0, Sum:  0.6, Workers: 8
[431.491s][debug][gc,phases      ] GC(2967)       Termination Attempts:     Min: 1, Avg:  1.0, Max: 1, Diff: 0, Sum: 8, Workers: 8
[431.491s][debug][gc,phases      ] GC(2967)     GC Worker Other (ms):     Min:  0.0, Avg:  0.0, Max:  0.0, Diff:  0.0, Sum:  0.1, Workers: 8
[431.491s][debug][gc,phases      ] GC(2967)     GC Worker Total (ms):     Min:  0.1, Avg:  0.1, Max:  0.1, Diff:  0.1, Sum:  1.0, Workers: 8
[431.491s][info ][gc,phases      ] GC(2967)   Post Evacuate Collection Set: 0.3ms
[431.491s][debug][gc,phases      ] GC(2967)     Code Roots Fixup: 0.0ms
[431.491s][debug][gc,phases      ] GC(2967)     Clear Card Table: 0.1ms
[431.491s][debug][gc,phases      ] GC(2967)     Reference Processing: 0.0ms
[431.491s][debug][gc,phases,ref  ] GC(2967)       Reconsider SoftReferences: 0.0ms
[431.491s][debug][gc,phases,ref  ] GC(2967)         SoftRef (ms):             skipped
[431.491s][debug][gc,phases,ref  ] GC(2967)       Notify Soft/WeakReferences: 0.0ms
[431.491s][debug][gc,phases,ref  ] GC(2967)         SoftRef (ms):             skipped
[431.491s][debug][gc,phases,ref  ] GC(2967)         WeakRef (ms):             skipped
[431.491s][debug][gc,phases,ref  ] GC(2967)         FinalRef (ms):            skipped
[431.491s][debug][gc,phases,ref  ] GC(2967)         Total (ms):               skipped
[431.491s][debug][gc,phases,ref  ] GC(2967)       Notify and keep alive finalizable: 0.0ms
[431.491s][debug][gc,phases,ref  ] GC(2967)         FinalRef (ms):            skipped
[431.491s][debug][gc,phases,ref  ] GC(2967)       Notify PhantomReferences: 0.0ms
[431.491s][debug][gc,phases,ref  ] GC(2967)         PhantomRef (ms):          skipped
[431.491s][debug][gc,phases,ref  ] GC(2967)       SoftReference:
[431.491s][debug][gc,phases,ref  ] GC(2967)         Discovered: 0
[431.491s][debug][gc,phases,ref  ] GC(2967)         Cleared: 0
[431.491s][debug][gc,phases,ref  ] GC(2967)       WeakReference:
[431.491s][debug][gc,phases,ref  ] GC(2967)         Discovered: 0
[431.491s][debug][gc,phases,ref  ] GC(2967)         Cleared: 0
[431.491s][debug][gc,phases,ref  ] GC(2967)       FinalReference:
[431.491s][debug][gc,phases,ref  ] GC(2967)         Discovered: 0
[431.491s][debug][gc,phases,ref  ] GC(2967)         Cleared: 0
[431.491s][debug][gc,phases,ref  ] GC(2967)       PhantomReference:
[431.491s][debug][gc,phases,ref  ] GC(2967)         Discovered: 0
[431.491s][debug][gc,phases,ref  ] GC(2967)         Cleared: 0
[431.491s][debug][gc,phases      ] GC(2967)     Weak Processing: 0.0ms
[431.491s][debug][gc,phases      ] GC(2967)       JVMTI weak processing: 0.0ms
[431.491s][debug][gc,phases      ] GC(2967)         Dead: 0
[431.491s][debug][gc,phases      ] GC(2967)         Total: 0
[431.491s][debug][gc,phases      ] GC(2967)       JFR weak processing: 0.0ms
[431.491s][debug][gc,phases      ] GC(2967)         Dead: 0
[431.491s][debug][gc,phases      ] GC(2967)         Total: 0
[431.491s][debug][gc,phases      ] GC(2967)       JNI weak                  Min:  0.0, Avg:  0.0, Max:  0.0, Diff:  0.0, Sum:  0.0, Workers: 5
[431.491s][debug][gc,phases      ] GC(2967)         Dead                      Min: 0, Avg:  0.0, Max: 0, Diff: 0, Sum: 0, Workers: 5
[431.491s][debug][gc,phases      ] GC(2967)         Total                     Min: 0, Avg: 13.6, Max: 52, Diff: 52, Sum: 68, Workers: 5
[431.491s][debug][gc,phases      ] GC(2967)       VM weak                   Min:  0.0, Avg:  0.0, Max:  0.0, Diff:  0.0, Sum:  0.0, Workers: 5
[431.491s][debug][gc,phases      ] GC(2967)         Dead                      Min: 0, Avg:  0.0, Max: 0, Diff: 0, Sum: 0, Workers: 5
[431.491s][debug][gc,phases      ] GC(2967)         Total                     Min: 0, Avg: 42.6, Max: 64, Diff: 64, Sum: 213, Workers: 5
[431.491s][debug][gc,phases      ] GC(2967)       StringTable weak          Min:  0.0, Avg:  0.0, Max:  0.0, Diff:  0.0, Sum:  0.1, Workers: 5
[431.491s][debug][gc,phases      ] GC(2967)         Dead                      Min: 0, Avg:  0.0, Max: 0, Diff: 0, Sum: 0, Workers: 5
[431.491s][debug][gc,phases      ] GC(2967)         Total                     Min: 0, Avg: 682.0, Max: 896, Diff: 896, Sum: 3410, Workers: 5
[431.491s][debug][gc,phases      ] GC(2967)       ResolvedMethodTable weak  Min:  0.0, Avg:  0.0, Max:  0.0, Diff:  0.0, Sum:  0.0, Workers: 5
[431.491s][debug][gc,phases      ] GC(2967)         Dead                      Min: 0, Avg:  0.0, Max: 0, Diff: 0, Sum: 0, Workers: 5
[431.491s][debug][gc,phases      ] GC(2967)         Total                     Min: 0, Avg: 114.8, Max: 190, Diff: 190, Sum: 574, Workers: 5
[431.491s][debug][gc,phases      ] GC(2967)     Merge Per-Thread State: 0.0ms
[431.491s][debug][gc,phases      ] GC(2967)       Copied Bytes              Min: 0, Avg: 58.0, Max: 120, Diff: 120, Sum: 464, Workers: 8
[431.491s][debug][gc,phases      ] GC(2967)       LAB Waste                 Min: 0, Avg:  0.0, Max: 0, Diff: 0, Sum: 0, Workers: 8
[431.491s][debug][gc,phases      ] GC(2967)       LAB Undo Waste            Min: 0, Avg:  0.0, Max: 0, Diff: 0, Sum: 0, Workers: 8
[431.491s][debug][gc,phases      ] GC(2967)     Code Roots Purge: 0.0ms
[431.491s][debug][gc,phases      ] GC(2967)     Redirty Cards: 0.0ms
[431.491s][debug][gc,phases      ] GC(2967)     DerivedPointerTable Update: 0.0ms
[431.491s][debug][gc,phases      ] GC(2967)     Free Collection Set: 0.1ms
[431.491s][debug][gc,phases      ] GC(2967)     Rebuild Free List: 0.0ms
[431.491s][debug][gc,phases      ] GC(2967)     Humongous Reclaim: 0.0ms
[431.491s][debug][gc,phases      ] GC(2967)     Start New Collection Set: 0.0ms
[431.491s][debug][gc,phases      ] GC(2967)     Resize TLABs: 0.0ms
[431.491s][debug][gc,phases      ] GC(2967)     Expand Heap After Collection: 0.0ms
[431.491s][info ][gc,phases      ] GC(2967)   Other: 0.3ms
[431.491s][info ][gc,heap        ] GC(2967) Eden regions: 180->0(180)
[431.491s][info ][gc,heap        ] GC(2967) Survivor regions: 1->1(23)
[431.491s][info ][gc,heap        ] GC(2967) Old regions: 7->7
[431.491s][info ][gc,heap        ] GC(2967) Archive regions: 2->2
[431.491s][info ][gc,heap        ] GC(2967) Humongous regions: 0->0
[431.491s][info ][gc,metaspace   ] GC(2967) Metaspace: 9905K(10624K)->9905K(10624K) NonClass: 8758K(9216K)->8758K(9216K) Class: 1146K(1408K)->1146K(1408K)
[431.491s][debug][gc,heap        ] GC(2967) Heap after GC invocations=2968 (full 1): garbage-first heap   total 309248K, used 4069K [0x0000000700000000, 0x0000000800000000)
[431.491s][debug][gc,heap        ] GC(2967)   region size 1024K, 1 young (1024K), 1 survivors (1024K)
[431.491s][debug][gc,heap        ] GC(2967)  Metaspace       used 9905K, capacity 10179K, committed 10624K, reserved 1058816K
[431.491s][debug][gc,heap        ] GC(2967)   class space    used 1146K, capacity 1267K, committed 1408K, reserved 1048576K
[431.491s][info ][gc             ] GC(2967) Pause Young (Normal) (G1 Evacuation Pause) 183M->3M(302M) 1.444ms
[431.491s][info ][gc,cpu         ] GC(2967) User=0.00s Sys=0.00s Real=0.00s
[431.491s][info ][safepoint      ] Safepoint "G1CollectForAllocation", Time since last: 137918816 ns, Reaching safepoint: 147241 ns, At safepoint: 1602005 ns, Total: 1749246 ns
[431.643s][debug][gc,heap        ] GC(2968) Heap before GC invocations=2968 (full 1): garbage-first heap   total 309248K, used 188389K [0x0000000700000000, 0x0000000800000000)
[431.643s][debug][gc,heap        ] GC(2968)   region size 1024K, 181 young (185344K), 1 survivors (1024K)
[431.643s][debug][gc,heap        ] GC(2968)  Metaspace       used 9905K, capacity 10179K, committed 10624K, reserved 1058816K
[431.643s][debug][gc,heap        ] GC(2968)   class space    used 1146K, capacity 1267K, committed 1408K, reserved 1048576K
[431.643s][info ][gc,start       ] GC(2968) Pause Young (Normal) (G1 Evacuation Pause)
[431.643s][info ][gc,task        ] GC(2968) Using 8 workers of 8 for evacuation
[431.643s][debug][gc,tlab        ] GC(2968) TLAB totals: thrds: 8  refills: 724 max: 94 slow allocs: 0 max 0 waste:  1.0% gc: 1437360B max: 452624B slow: 419496B max: 54176B fast: 0B max: 0B
[431.643s][debug][gc,age         ] GC(2968) Desired survivor size 12058624 bytes, new threshold 15 (max threshold 15)
[431.643s][debug][gc,alloc,region] GC(2968) Mutator Allocation stats, regions: 180, wasted size: 0B ( 0.0%)
[431.643s][debug][gc,ergo        ] GC(2968) Running G1 Merge Heap Roots using 8 workers for 181 regions
[431.643s][debug][gc,remset      ] GC(2968) Visited cards 256 Total dirty 2048 (12.50%) Total old 759808 (0.03%)
[431.643s][debug][gc,ergo        ] GC(2968) Running G1 Clear Card Table Task using 1 workers for 1 units of work for 182 regions.
[431.643s][debug][gc,ref         ] GC(2968) Skipped phase1 of Reference Processing due to unavailable references
[431.643s][debug][gc,ref         ] GC(2968) Skipped phase2 of Reference Processing due to unavailable references
[431.643s][debug][gc,ref         ] GC(2968) Skipped phase3 of Reference Processing due to unavailable references
[431.643s][debug][gc,ref         ] GC(2968) Skipped phase4 of Reference Processing due to unavailable references
[431.644s][debug][gc,ergo        ] GC(2968) Running G1 Free Collection Set using 8 workers for collection set length 181 (302)
[431.644s][debug][gc,ergo        ] GC(2968) Running G1 Rebuild Free List Task using 8 workers for rebuilding free list of 0 (4096) regions
[431.644s][trace][gc,age         ] GC(2968) Age table with threshold 15 (max threshold 15)
[431.644s][trace][gc,age         ] GC(2968) - age   1:        512 bytes,        512 total
[431.644s][debug][gc,plab        ] GC(2968) Young PLAB allocation: allocated: 16512B, wasted: 0B, unused: 16000B, used: 512B, undo waste: 0B, 
[431.644s][debug][gc,plab        ] GC(2968) Young other allocation: region end waste: 0B, regions filled: 1, direct allocated: 0B, failure used: 0B, failure wasted: 0B
[431.644s][debug][gc,plab        ] GC(2968) Young sizing: calculated: 96B, actual: 2064B
[431.644s][debug][gc,plab        ] GC(2968) Old PLAB allocation: allocated: 0B, wasted: 0B, unused: 0B, used: 0B, undo waste: 0B, 
[431.644s][debug][gc,plab        ] GC(2968) Old other allocation: region end waste: 0B, regions filled: 1, direct allocated: 0B, failure used: 0B, failure wasted: 0B
[431.644s][debug][gc,plab        ] GC(2968) Old sizing: calculated: 0B, actual: 2064B
[431.644s][debug][gc,ihop        ] GC(2968) Basic information (value update), threshold: 142501478B (45.00), target occupancy: 316669952B, current occupancy: 4171256B, recent allocation size: 0B, recent allocation duration: 152.31ms, recent old gen allocation rate: 0.00B/s, recent marking phase length: 0.00ms
[431.644s][debug][gc,ihop        ] GC(2968) Adaptive IHOP information (value update), threshold: 142501478B (47.37), internal target occupancy: 300836454B, occupancy: 4171256B, additional buffer size: 189792256B, predicted old gen allocation rate: 0.00B/s, predicted marking phase length: 0.00ms, prediction active: false
[431.644s][debug][gc,ergo,refine ] GC(2968) Concurrent refinement times: Logged Cards Scan time goal: 20.00ms Logged Cards Scan time: 0.00ms HCC time: 0.00ms
[431.644s][debug][gc,ergo,refine ] GC(2968) Updated Refinement Zones: green: 2048, yellow: 6144, red: 10240
[431.644s][info ][gc,phases      ] GC(2968)   Pre Evacuate Collection Set: 0.1ms
[431.644s][debug][gc,phases      ] GC(2968)     Prepare TLABs: 0.0ms
[431.644s][debug][gc,phases      ] GC(2968)     Choose Collection Set: 0.0ms
[431.644s][debug][gc,phases      ] GC(2968)     Region Register: 0.1ms
[431.644s][debug][gc,phases      ] GC(2968)     Prepare Heap Roots: 0.0ms
[431.644s][info ][gc,phases      ] GC(2968)   Merge Heap Roots: 0.2ms
[431.644s][debug][gc,phases      ] GC(2968)     Prepare Merge Heap Roots: 0.0ms
[431.644s][debug][gc,phases      ] GC(2968)     Eager Reclaim (ms):       skipped
[431.644s][debug][gc,phases      ] GC(2968)     Remembered Sets (ms):     Min:  0.0, Avg:  0.0, Max:  0.0, Diff:  0.0, Sum:  0.1, Workers: 8
[431.644s][debug][gc,phases      ] GC(2968)       Merged Sparse:            Min: 0, Avg:  0.0, Max: 0, Diff: 0, Sum: 0, Workers: 8
[431.644s][debug][gc,phases      ] GC(2968)       Merged Fine:              Min: 0, Avg:  0.0, Max: 0, Diff: 0, Sum: 0, Workers: 8
[431.644s][debug][gc,phases      ] GC(2968)       Merged Coarse:            Min: 0, Avg:  0.0, Max: 0, Diff: 0, Sum: 0, Workers: 8
[431.644s][debug][gc,phases      ] GC(2968)       Dirty Cards:              Min: 0, Avg:  0.0, Max: 0, Diff: 0, Sum: 0, Workers: 8
[431.644s][debug][gc,phases      ] GC(2968)     Hot Card Cache (ms):      Min:  0.0, Avg:  0.0, Max:  0.0, Diff:  0.0, Sum:  0.0, Workers: 8
[431.644s][debug][gc,phases      ] GC(2968)       Dirty Cards:              Min: 0, Avg:  0.0, Max: 0, Diff: 0, Sum: 0, Workers: 8
[431.644s][debug][gc,phases      ] GC(2968)       Skipped Cards:            Min: 0, Avg:  0.0, Max: 0, Diff: 0, Sum: 0, Workers: 8
[431.644s][debug][gc,phases      ] GC(2968)     Log Buffers (ms):         Min:  0.0, Avg:  0.0, Max:  0.0, Diff:  0.0, Sum:  0.0, Workers: 8
[431.644s][debug][gc,phases      ] GC(2968)       Dirty Cards:              Min: 0, Avg:  0.1, Max: 1, Diff: 1, Sum: 1, Workers: 8
[431.644s][debug][gc,phases      ] GC(2968)       Skipped Cards:            Min: 0, Avg:  0.0, Max: 0, Diff: 0, Sum: 0, Workers: 8
[431.644s][info ][gc,phases      ] GC(2968)   Evacuate Collection Set: 0.2ms
[431.644s][debug][gc,phases      ] GC(2968)     Ext Root Scanning (ms):   Min:  0.0, Avg:  0.0, Max:  0.1, Diff:  0.1, Sum:  0.2, Workers: 8
[431.644s][debug][gc,phases      ] GC(2968)     Scan Heap Roots (ms):     Min:  0.0, Avg:  0.0, Max:  0.0, Diff:  0.0, Sum:  0.0, Workers: 8
[431.644s][debug][gc,phases      ] GC(2968)       Scanned Cards:            Min: 0, Avg:  0.1, Max: 1, Diff: 1, Sum: 1, Workers: 8
[431.644s][debug][gc,phases      ] GC(2968)       Scanned Blocks:           Min: 0, Avg:  0.1, Max: 1, Diff: 1, Sum: 1, Workers: 8
[431.644s][debug][gc,phases      ] GC(2968)       Claimed Chunks:           Min: 0, Avg:  0.1, Max: 1, Diff: 1, Sum: 1, Workers: 8
[431.644s][debug][gc,phases      ] GC(2968)     Code Root Scan (ms):      Min:  0.0, Avg:  0.0, Max:  0.0, Diff:  0.0, Sum:  0.0, Workers: 8
[431.644s][debug][gc,phases      ] GC(2968)     Object Copy (ms):         Min:  0.0, Avg:  0.0, Max:  0.0, Diff:  0.0, Sum:  0.0, Workers: 8
[431.644s][debug][gc,phases      ] GC(2968)     Termination (ms):         Min:  0.1, Avg:  0.1, Max:  0.1, Diff:  0.0, Sum:  0.8, Workers: 8
[431.644s][debug][gc,phases      ] GC(2968)       Termination Attempts:     Min: 1, Avg:  1.0, Max: 1, Diff: 0, Sum: 8, Workers: 8
[431.644s][debug][gc,phases      ] GC(2968)     GC Worker Other (ms):     Min:  0.0, Avg:  0.0, Max:  0.0, Diff:  0.0, Sum:  0.1, Workers: 8
[431.644s][debug][gc,phases      ] GC(2968)     GC Worker Total (ms):     Min:  0.1, Avg:  0.1, Max:  0.2, Diff:  0.1, Sum:  1.1, Workers: 8
[431.644s][info ][gc,phases      ] GC(2968)   Post Evacuate Collection Set: 0.3ms
[431.644s][debug][gc,phases      ] GC(2968)     Code Roots Fixup: 0.0ms
[431.644s][debug][gc,phases      ] GC(2968)     Clear Card Table: 0.1ms
[431.644s][debug][gc,phases      ] GC(2968)     Reference Processing: 0.0ms
[431.644s][debug][gc,phases,ref  ] GC(2968)       Reconsider SoftReferences: 0.0ms
[431.644s][debug][gc,phases,ref  ] GC(2968)         SoftRef (ms):             skipped
[431.644s][debug][gc,phases,ref  ] GC(2968)       Notify Soft/WeakReferences: 0.0ms
[431.644s][debug][gc,phases,ref  ] GC(2968)         SoftRef (ms):             skipped
[431.644s][debug][gc,phases,ref  ] GC(2968)         WeakRef (ms):             skipped
[431.644s][debug][gc,phases,ref  ] GC(2968)         FinalRef (ms):            skipped
[431.644s][debug][gc,phases,ref  ] GC(2968)         Total (ms):               skipped
[431.644s][debug][gc,phases,ref  ] GC(2968)       Notify and keep alive finalizable: 0.0ms
[431.644s][debug][gc,phases,ref  ] GC(2968)         FinalRef (ms):            skipped
[431.644s][debug][gc,phases,ref  ] GC(2968)       Notify PhantomReferences: 0.0ms
[431.644s][debug][gc,phases,ref  ] GC(2968)         PhantomRef (ms):          skipped
[431.644s][debug][gc,phases,ref  ] GC(2968)       SoftReference:
[431.644s][debug][gc,phases,ref  ] GC(2968)         Discovered: 0
[431.644s][debug][gc,phases,ref  ] GC(2968)         Cleared: 0
[431.644s][debug][gc,phases,ref  ] GC(2968)       WeakReference:
[431.644s][debug][gc,phases,ref  ] GC(2968)         Discovered: 0
[431.644s][debug][gc,phases,ref  ] GC(2968)         Cleared: 0
[431.644s][debug][gc,phases,ref  ] GC(2968)       FinalReference:
[431.644s][debug][gc,phases,ref  ] GC(2968)         Discovered: 0
[431.644s][debug][gc,phases,ref  ] GC(2968)         Cleared: 0
[431.644s][debug][gc,phases,ref  ] GC(2968)       PhantomReference:
[431.644s][debug][gc,phases,ref  ] GC(2968)         Discovered: 0
[431.644s][debug][gc,phases,ref  ] GC(2968)         Cleared: 0
[431.644s][debug][gc,phases      ] GC(2968)     Weak Processing: 0.1ms
[431.644s][debug][gc,phases      ] GC(2968)       JVMTI weak processing: 0.0ms
[431.644s][debug][gc,phases      ] GC(2968)         Dead: 0
[431.644s][debug][gc,phases      ] GC(2968)         Total: 0
[431.644s][debug][gc,phases      ] GC(2968)       JFR weak processing: 0.0ms
[431.644s][debug][gc,phases      ] GC(2968)         Dead: 0
[431.644s][debug][gc,phases      ] GC(2968)         Total: 0
[431.644s][debug][gc,phases      ] GC(2968)       JNI weak                  Min:  0.0, Avg:  0.0, Max:  0.0, Diff:  0.0, Sum:  0.0, Workers: 5
[431.644s][debug][gc,phases      ] GC(2968)         Dead                      Min: 0, Avg:  0.0, Max: 0, Diff: 0, Sum: 0, Workers: 5
[431.644s][debug][gc,phases      ] GC(2968)         Total                     Min: 0, Avg: 13.6, Max: 52, Diff: 52, Sum: 68, Workers: 5
[431.644s][debug][gc,phases      ] GC(2968)       VM weak                   Min:  0.0, Avg:  0.0, Max:  0.0, Diff:  0.0, Sum:  0.0, Workers: 5
[431.644s][debug][gc,phases      ] GC(2968)         Dead                      Min: 0, Avg:  0.0, Max: 0, Diff: 0, Sum: 0, Workers: 5
[431.644s][debug][gc,phases      ] GC(2968)         Total                     Min: 0, Avg: 42.6, Max: 128, Diff: 128, Sum: 213, Workers: 5
[431.644s][debug][gc,phases      ] GC(2968)       StringTable weak          Min:  0.0, Avg:  0.0, Max:  0.0, Diff:  0.0, Sum:  0.1, Workers: 5
[431.644s][debug][gc,phases      ] GC(2968)         Dead                      Min: 0, Avg:  0.0, Max: 0, Diff: 0, Sum: 0, Workers: 5
[431.644s][debug][gc,phases      ] GC(2968)         Total                     Min: 0, Avg: 682.0, Max: 1728, Diff: 1728, Sum: 3410, Workers: 5
[431.644s][debug][gc,phases      ] GC(2968)       ResolvedMethodTable weak  Min:  0.0, Avg:  0.0, Max:  0.0, Diff:  0.0, Sum:  0.0, Workers: 5
[431.644s][debug][gc,phases      ] GC(2968)         Dead                      Min: 0, Avg:  0.0, Max: 0, Diff: 0, Sum: 0, Workers: 5
[431.644s][debug][gc,phases      ] GC(2968)         Total                     Min: 0, Avg: 114.8, Max: 192, Diff: 192, Sum: 574, Workers: 5
[431.644s][debug][gc,phases      ] GC(2968)     Merge Per-Thread State: 0.0ms
[431.644s][debug][gc,phases      ] GC(2968)       Copied Bytes              Min: 24, Avg: 64.0, Max: 152, Diff: 128, Sum: 512, Workers: 8
[431.644s][debug][gc,phases      ] GC(2968)       LAB Waste                 Min: 0, Avg:  0.0, Max: 0, Diff: 0, Sum: 0, Workers: 8
[431.644s][debug][gc,phases      ] GC(2968)       LAB Undo Waste            Min: 0, Avg:  0.0, Max: 0, Diff: 0, Sum: 0, Workers: 8
[431.644s][debug][gc,phases      ] GC(2968)     Code Roots Purge: 0.0ms
[431.644s][debug][gc,phases      ] GC(2968)     Redirty Cards: 0.0ms
[431.644s][debug][gc,phases      ] GC(2968)     DerivedPointerTable Update: 0.0ms
[431.644s][debug][gc,phases      ] GC(2968)     Free Collection Set: 0.1ms
[431.644s][debug][gc,phases      ] GC(2968)     Rebuild Free List: 0.0ms
[431.644s][debug][gc,phases      ] GC(2968)     Humongous Reclaim: 0.0ms
[431.644s][debug][gc,phases      ] GC(2968)     Start New Collection Set: 0.0ms
[431.644s][debug][gc,phases      ] GC(2968)     Resize TLABs: 0.0ms
[431.644s][debug][gc,phases      ] GC(2968)     Expand Heap After Collection: 0.0ms
[431.644s][info ][gc,phases      ] GC(2968)   Other: 0.2ms
[431.644s][info ][gc,heap        ] GC(2968) Eden regions: 180->0(180)
[431.644s][info ][gc,heap        ] GC(2968) Survivor regions: 1->1(23)
[431.644s][info ][gc,heap        ] GC(2968) Old regions: 7->7
[431.644s][info ][gc,heap        ] GC(2968) Archive regions: 2->2
[431.644s][info ][gc,heap        ] GC(2968) Humongous regions: 0->0
[431.644s][info ][gc,metaspace   ] GC(2968) Metaspace: 9905K(10624K)->9905K(10624K) NonClass: 8758K(9216K)->8758K(9216K) Class: 1146K(1408K)->1146K(1408K)
[431.644s][debug][gc,heap        ] GC(2968) Heap after GC invocations=2969 (full 1): garbage-first heap   total 309248K, used 4073K [0x0000000700000000, 0x0000000800000000)
[431.644s][debug][gc,heap        ] GC(2968)   region size 1024K, 1 young (1024K), 1 survivors (1024K)
[431.644s][debug][gc,heap        ] GC(2968)  Metaspace       used 9905K, capacity 10179K, committed 10624K, reserved 1058816K
[431.644s][debug][gc,heap        ] GC(2968)   class space    used 1146K, capacity 1267K, committed 1408K, reserved 1048576K
[431.644s][info ][gc             ] GC(2968) Pause Young (Normal) (G1 Evacuation Pause) 183M->3M(302M) 1.554ms
[431.644s][info ][gc,cpu         ] GC(2968) User=0.00s Sys=0.00s Real=0.01s
[431.644s][info ][safepoint      ] Safepoint "G1CollectForAllocation", Time since last: 151282863 ns, Reaching safepoint: 146661 ns, At safepoint: 1716669 ns, Total: 1863330 ns
[431.795s][debug][gc,heap        ] GC(2969) Heap before GC invocations=2969 (full 1): garbage-first heap   total 309248K, used 188393K [0x0000000700000000, 0x0000000800000000)
[431.795s][debug][gc,heap        ] GC(2969)   region size 1024K, 181 young (185344K), 1 survivors (1024K)
[431.795s][debug][gc,heap        ] GC(2969)  Metaspace       used 9905K, capacity 10179K, committed 10624K, reserved 1058816K
[431.795s][debug][gc,heap        ] GC(2969)   class space    used 1146K, capacity 1267K, committed 1408K, reserved 1048576K
[431.795s][info ][gc,start       ] GC(2969) Pause Young (Normal) (G1 Evacuation Pause)
[431.795s][info ][gc,task        ] GC(2969) Using 8 workers of 8 for evacuation
[431.795s][debug][gc,tlab        ] GC(2969) TLAB totals: thrds: 8  refills: 721 max: 94 slow allocs: 0 max 0 waste:  1.0% gc: 1407376B max: 382592B slow: 417312B max: 54432B fast: 0B max: 0B
[431.795s][debug][gc,age         ] GC(2969) Desired survivor size 12058624 bytes, new threshold 15 (max threshold 15)
[431.795s][debug][gc,alloc,region] GC(2969) Mutator Allocation stats, regions: 180, wasted size: 352B ( 0.0%)
[431.795s][debug][gc,ergo        ] GC(2969) Running G1 Merge Heap Roots using 8 workers for 181 regions
[431.795s][debug][gc,remset      ] GC(2969) Visited cards 256 Total dirty 2048 (12.50%) Total old 759808 (0.03%)
[431.795s][debug][gc,ergo        ] GC(2969) Running G1 Clear Card Table Task using 1 workers for 1 units of work for 182 regions.
[431.795s][debug][gc,ref         ] GC(2969) Skipped phase1 of Reference Processing due to unavailable references
[431.795s][debug][gc,ref         ] GC(2969) Skipped phase2 of Reference Processing due to unavailable references
[431.795s][debug][gc,ref         ] GC(2969) Skipped phase3 of Reference Processing due to unavailable references
[431.795s][debug][gc,ref         ] GC(2969) Skipped phase4 of Reference Processing due to unavailable references
[431.795s][debug][gc,ergo        ] GC(2969) Running G1 Free Collection Set using 8 workers for collection set length 181 (302)
[431.795s][debug][gc,ergo        ] GC(2969) Running G1 Rebuild Free List Task using 8 workers for rebuilding free list of 0 (4096) regions
[431.795s][trace][gc,age         ] GC(2969) Age table with threshold 15 (max threshold 15)
[431.795s][trace][gc,age         ] GC(2969) - age   1:        696 bytes,        696 total
[431.795s][debug][gc,plab        ] GC(2969) Young PLAB allocation: allocated: 12384B, wasted: 0B, unused: 11688B, used: 696B, undo waste: 0B, 
[431.796s][debug][gc,plab        ] GC(2969) Young other allocation: region end waste: 0B, regions filled: 1, direct allocated: 0B, failure used: 0B, failure wasted: 0B
[431.796s][debug][gc,plab        ] GC(2969) Young sizing: calculated: 136B, actual: 2064B
[431.796s][debug][gc,plab        ] GC(2969) Old PLAB allocation: allocated: 0B, wasted: 0B, unused: 0B, used: 0B, undo waste: 0B, 
[431.796s][debug][gc,plab        ] GC(2969) Old other allocation: region end waste: 0B, regions filled: 1, direct allocated: 0B, failure used: 0B, failure wasted: 0B
[431.796s][debug][gc,plab        ] GC(2969) Old sizing: calculated: 0B, actual: 2064B
[431.796s][debug][gc,ihop        ] GC(2969) Basic information (value update), threshold: 142501478B (45.00), target occupancy: 316669952B, current occupancy: 4167128B, recent allocation size: 0B, recent allocation duration: 151.01ms, recent old gen allocation rate: 0.00B/s, recent marking phase length: 0.00ms
[431.796s][debug][gc,ihop        ] GC(2969) Adaptive IHOP information (value update), threshold: 142501478B (47.37), internal target occupancy: 300836454B, occupancy: 4167128B, additional buffer size: 189792256B, predicted old gen allocation rate: 0.00B/s, predicted marking phase length: 0.00ms, prediction active: false
[431.796s][debug][gc,ergo,refine ] GC(2969) Concurrent refinement times: Logged Cards Scan time goal: 20.00ms Logged Cards Scan time: 0.00ms HCC time: 0.00ms
[431.796s][debug][gc,ergo,refine ] GC(2969) Updated Refinement Zones: green: 2048, yellow: 6144, red: 10240
[431.796s][info ][gc,phases      ] GC(2969)   Pre Evacuate Collection Set: 0.1ms
[431.796s][debug][gc,phases      ] GC(2969)     Prepare TLABs: 0.0ms
[431.796s][debug][gc,phases      ] GC(2969)     Choose Collection Set: 0.0ms
[431.796s][debug][gc,phases      ] GC(2969)     Region Register: 0.1ms
[431.796s][debug][gc,phases      ] GC(2969)     Prepare Heap Roots: 0.0ms
[431.796s][info ][gc,phases      ] GC(2969)   Merge Heap Roots: 0.1ms
[431.796s][debug][gc,phases      ] GC(2969)     Prepare Merge Heap Roots: 0.0ms
[431.796s][debug][gc,phases      ] GC(2969)     Eager Reclaim (ms):       skipped
[431.796s][debug][gc,phases      ] GC(2969)     Remembered Sets (ms):     Min:  0.0, Avg:  0.0, Max:  0.0, Diff:  0.0, Sum:  0.0, Workers: 8
[431.796s][debug][gc,phases      ] GC(2969)       Merged Sparse:            Min: 0, Avg:  0.0, Max: 0, Diff: 0, Sum: 0, Workers: 8
[431.796s][debug][gc,phases      ] GC(2969)       Merged Fine:              Min: 0, Avg:  0.0, Max: 0, Diff: 0, Sum: 0, Workers: 8
[431.796s][debug][gc,phases      ] GC(2969)       Merged Coarse:            Min: 0, Avg:  0.0, Max: 0, Diff: 0, Sum: 0, Workers: 8
[431.796s][debug][gc,phases      ] GC(2969)       Dirty Cards:              Min: 0, Avg:  0.0, Max: 0, Diff: 0, Sum: 0, Workers: 8
[431.796s][debug][gc,phases      ] GC(2969)     Hot Card Cache (ms):      Min:  0.0, Avg:  0.0, Max:  0.0, Diff:  0.0, Sum:  0.0, Workers: 8
[431.796s][debug][gc,phases      ] GC(2969)       Dirty Cards:              Min: 0, Avg:  0.0, Max: 0, Diff: 0, Sum: 0, Workers: 8
[431.796s][debug][gc,phases      ] GC(2969)       Skipped Cards:            Min: 0, Avg:  0.0, Max: 0, Diff: 0, Sum: 0, Workers: 8
[431.796s][debug][gc,phases      ] GC(2969)     Log Buffers (ms):         Min:  0.0, Avg:  0.0, Max:  0.0, Diff:  0.0, Sum:  0.0, Workers: 8
[431.796s][debug][gc,phases      ] GC(2969)       Dirty Cards:              Min: 0, Avg:  0.1, Max: 1, Diff: 1, Sum: 1, Workers: 8
[431.796s][debug][gc,phases      ] GC(2969)       Skipped Cards:            Min: 0, Avg:  0.0, Max: 0, Diff: 0, Sum: 0, Workers: 8
[431.796s][info ][gc,phases      ] GC(2969)   Evacuate Collection Set: 0.2ms
[431.796s][debug][gc,phases      ] GC(2969)     Ext Root Scanning (ms):   Min:  0.0, Avg:  0.0, Max:  0.1, Diff:  0.0, Sum:  0.2, Workers: 8
[431.796s][debug][gc,phases      ] GC(2969)     Scan Heap Roots (ms):     Min:  0.0, Avg:  0.0, Max:  0.0, Diff:  0.0, Sum:  0.0, Workers: 8
[431.796s][debug][gc,phases      ] GC(2969)       Scanned Cards:            Min: 0, Avg:  0.1, Max: 1, Diff: 1, Sum: 1, Workers: 8
[431.796s][debug][gc,phases      ] GC(2969)       Scanned Blocks:           Min: 0, Avg:  0.1, Max: 1, Diff: 1, Sum: 1, Workers: 8
[431.796s][debug][gc,phases      ] GC(2969)       Claimed Chunks:           Min: 0, Avg:  0.1, Max: 1, Diff: 1, Sum: 1, Workers: 8
[431.796s][debug][gc,phases      ] GC(2969)     Code Root Scan (ms):      Min:  0.0, Avg:  0.0, Max:  0.0, Diff:  0.0, Sum:  0.0, Workers: 8
[431.796s][debug][gc,phases      ] GC(2969)     Object Copy (ms):         Min:  0.0, Avg:  0.0, Max:  0.0, Diff:  0.0, Sum:  0.0, Workers: 8
[431.796s][debug][gc,phases      ] GC(2969)     Termination (ms):         Min:  0.0, Avg:  0.0, Max:  0.1, Diff:  0.0, Sum:  0.4, Workers: 8
[431.796s][debug][gc,phases      ] GC(2969)       Termination Attempts:     Min: 1, Avg:  1.0, Max: 1, Diff: 0, Sum: 8, Workers: 8
[431.796s][debug][gc,phases      ] GC(2969)     GC Worker Other (ms):     Min:  0.0, Avg:  0.0, Max:  0.0, Diff:  0.0, Sum:  0.1, Workers: 8
[431.796s][debug][gc,phases      ] GC(2969)     GC Worker Total (ms):     Min:  0.1, Avg:  0.1, Max:  0.1, Diff:  0.0, Sum:  0.8, Workers: 8
[431.796s][info ][gc,phases      ] GC(2969)   Post Evacuate Collection Set: 0.4ms
[431.796s][debug][gc,phases      ] GC(2969)     Code Roots Fixup: 0.0ms
[431.796s][debug][gc,phases      ] GC(2969)     Clear Card Table: 0.1ms
[431.796s][debug][gc,phases      ] GC(2969)     Reference Processing: 0.0ms
[431.796s][debug][gc,phases,ref  ] GC(2969)       Reconsider SoftReferences: 0.0ms
[431.796s][debug][gc,phases,ref  ] GC(2969)         SoftRef (ms):             skipped
[431.796s][debug][gc,phases,ref  ] GC(2969)       Notify Soft/WeakReferences: 0.0ms
[431.796s][debug][gc,phases,ref  ] GC(2969)         SoftRef (ms):             skipped
[431.796s][debug][gc,phases,ref  ] GC(2969)         WeakRef (ms):             skipped
[431.796s][debug][gc,phases,ref  ] GC(2969)         FinalRef (ms):            skipped
[431.796s][debug][gc,phases,ref  ] GC(2969)         Total (ms):               skipped
[431.796s][debug][gc,phases,ref  ] GC(2969)       Notify and keep alive finalizable: 0.0ms
[431.796s][debug][gc,phases,ref  ] GC(2969)         FinalRef (ms):            skipped
[431.796s][debug][gc,phases,ref  ] GC(2969)       Notify PhantomReferences: 0.0ms
[431.796s][debug][gc,phases,ref  ] GC(2969)         PhantomRef (ms):          skipped
[431.796s][debug][gc,phases,ref  ] GC(2969)       SoftReference:
[431.796s][debug][gc,phases,ref  ] GC(2969)         Discovered: 0
[431.796s][debug][gc,phases,ref  ] GC(2969)         Cleared: 0
[431.796s][debug][gc,phases,ref  ] GC(2969)       WeakReference:
[431.796s][debug][gc,phases,ref  ] GC(2969)         Discovered: 0
[431.796s][debug][gc,phases,ref  ] GC(2969)         Cleared: 0
[431.796s][debug][gc,phases,ref  ] GC(2969)       FinalReference:
[431.796s][debug][gc,phases,ref  ] GC(2969)         Discovered: 0
[431.796s][debug][gc,phases,ref  ] GC(2969)         Cleared: 0
[431.796s][debug][gc,phases,ref  ] GC(2969)       PhantomReference:
[431.796s][debug][gc,phases,ref  ] GC(2969)         Discovered: 0
[431.796s][debug][gc,phases,ref  ] GC(2969)         Cleared: 0
[431.796s][debug][gc,phases      ] GC(2969)     Weak Processing: 0.1ms
[431.796s][debug][gc,phases      ] GC(2969)       JVMTI weak processing: 0.0ms
[431.796s][debug][gc,phases      ] GC(2969)         Dead: 0
[431.796s][debug][gc,phases      ] GC(2969)         Total: 0
[431.796s][debug][gc,phases      ] GC(2969)       JFR weak processing: 0.0ms
[431.796s][debug][gc,phases      ] GC(2969)         Dead: 0
[431.796s][debug][gc,phases      ] GC(2969)         Total: 0
[431.796s][debug][gc,phases      ] GC(2969)       JNI weak                  Min:  0.0, Avg:  0.0, Max:  0.0, Diff:  0.0, Sum:  0.0, Workers: 5
[431.796s][debug][gc,phases      ] GC(2969)         Dead                      Min: 0, Avg:  0.0, Max: 0, Diff: 0, Sum: 0, Workers: 5
[431.796s][debug][gc,phases      ] GC(2969)         Total                     Min: 0, Avg: 13.6, Max: 68, Diff: 68, Sum: 68, Workers: 5
[431.796s][debug][gc,phases      ] GC(2969)       VM weak                   Min:  0.0, Avg:  0.0, Max:  0.0, Diff:  0.0, Sum:  0.0, Workers: 5
[431.796s][debug][gc,phases      ] GC(2969)         Dead                      Min: 0, Avg:  0.0, Max: 0, Diff: 0, Sum: 0, Workers: 5
[431.796s][debug][gc,phases      ] GC(2969)         Total                     Min: 0, Avg: 42.6, Max: 213, Diff: 213, Sum: 213, Workers: 5
[431.796s][debug][gc,phases      ] GC(2969)       StringTable weak          Min:  0.0, Avg:  0.0, Max:  0.0, Diff:  0.0, Sum:  0.0, Workers: 5
[431.796s][debug][gc,phases      ] GC(2969)         Dead                      Min: 0, Avg:  0.0, Max: 0, Diff: 0, Sum: 0, Workers: 5
[431.796s][debug][gc,phases      ] GC(2969)         Total                     Min: 0, Avg: 682.0, Max: 2770, Diff: 2770, Sum: 3410, Workers: 5
[431.796s][debug][gc,phases      ] GC(2969)       ResolvedMethodTable weak  Min:  0.0, Avg:  0.0, Max:  0.0, Diff:  0.0, Sum:  0.0, Workers: 5
[431.796s][debug][gc,phases      ] GC(2969)         Dead                      Min: 0, Avg:  0.0, Max: 0, Diff: 0, Sum: 0, Workers: 5
[431.796s][debug][gc,phases      ] GC(2969)         Total                     Min: 0, Avg: 114.8, Max: 192, Diff: 192, Sum: 574, Workers: 5
[431.796s][debug][gc,phases      ] GC(2969)     Merge Per-Thread State: 0.0ms
[431.796s][debug][gc,phases      ] GC(2969)       Copied Bytes              Min: 0, Avg: 87.0, Max: 200, Diff: 200, Sum: 696, Workers: 8
[431.796s][debug][gc,phases      ] GC(2969)       LAB Waste                 Min: 0, Avg:  0.0, Max: 0, Diff: 0, Sum: 0, Workers: 8
[431.796s][debug][gc,phases      ] GC(2969)       LAB Undo Waste            Min: 0, Avg:  0.0, Max: 0, Diff: 0, Sum: 0, Workers: 8
[431.796s][debug][gc,phases      ] GC(2969)     Code Roots Purge: 0.0ms
[431.796s][debug][gc,phases      ] GC(2969)     Redirty Cards: 0.0ms
[431.796s][debug][gc,phases      ] GC(2969)     DerivedPointerTable Update: 0.0ms
[431.796s][debug][gc,phases      ] GC(2969)     Free Collection Set: 0.1ms
[431.796s][debug][gc,phases      ] GC(2969)     Rebuild Free List: 0.0ms
[431.796s][debug][gc,phases      ] GC(2969)     Humongous Reclaim: 0.0ms
[431.796s][debug][gc,phases      ] GC(2969)     Start New Collection Set: 0.0ms
[431.796s][debug][gc,phases      ] GC(2969)     Resize TLABs: 0.0ms
[431.796s][debug][gc,phases      ] GC(2969)     Expand Heap After Collection: 0.0ms
[431.796s][info ][gc,phases      ] GC(2969)   Other: 0.3ms
[431.796s][info ][gc,heap        ] GC(2969) Eden regions: 180->0(180)
[431.796s][info ][gc,heap        ] GC(2969) Survivor regions: 1->1(23)
[431.796s][info ][gc,heap        ] GC(2969) Old regions: 7->7
[431.796s][info ][gc,heap        ] GC(2969) Archive regions: 2->2
[431.796s][info ][gc,heap        ] GC(2969) Humongous regions: 0->0
[431.796s][info ][gc,metaspace   ] GC(2969) Metaspace: 9905K(10624K)->9905K(10624K) NonClass: 8758K(9216K)->8758K(9216K) Class: 1146K(1408K)->1146K(1408K)
[431.796s][debug][gc,heap        ] GC(2969) Heap after GC invocations=2970 (full 1): garbage-first heap   total 309248K, used 4069K [0x0000000700000000, 0x0000000800000000)
[431.796s][debug][gc,heap        ] GC(2969)   region size 1024K, 1 young (1024K), 1 survivors (1024K)
[431.796s][debug][gc,heap        ] GC(2969)  Metaspace       used 9905K, capacity 10179K, committed 10624K, reserved 1058816K
[431.796s][debug][gc,heap        ] GC(2969)   class space    used 1146K, capacity 1267K, committed 1408K, reserved 1048576K
[431.796s][info ][gc             ] GC(2969) Pause Young (Normal) (G1 Evacuation Pause) 183M->3M(302M) 1.566ms
[431.796s][info ][gc,cpu         ] GC(2969) User=0.00s Sys=0.00s Real=0.00s
[431.796s][info ][safepoint      ] Safepoint "G1CollectForAllocation", Time since last: 149964479 ns, Reaching safepoint: 172186 ns, At safepoint: 1730478 ns, Total: 1902664 ns
[431.948s][debug][gc,heap        ] GC(2970) Heap before GC invocations=2970 (full 1): garbage-first heap   total 309248K, used 188389K [0x0000000700000000, 0x0000000800000000)
[431.948s][debug][gc,heap        ] GC(2970)   region size 1024K, 181 young (185344K), 1 survivors (1024K)
[431.948s][debug][gc,heap        ] GC(2970)  Metaspace       used 9905K, capacity 10179K, committed 10624K, reserved 1058816K
[431.948s][debug][gc,heap        ] GC(2970)   class space    used 1146K, capacity 1267K, committed 1408K, reserved 1048576K
[431.948s][info ][gc,start       ] GC(2970) Pause Young (Normal) (G1 Evacuation Pause)
[431.948s][info ][gc,task        ] GC(2970) Using 8 workers of 8 for evacuation
[431.948s][debug][gc,tlab        ] GC(2970) TLAB totals: thrds: 8  refills: 722 max: 100 slow allocs: 0 max 0 waste:  0.7% gc: 811960B max: 227592B slow: 418280B max: 57968B fast: 0B max: 0B
[431.948s][debug][gc,age         ] GC(2970) Desired survivor size 12058624 bytes, new threshold 15 (max threshold 15)
[431.948s][debug][gc,alloc,region] GC(2970) Mutator Allocation stats, regions: 180, wasted size: 0B ( 0.0%)
[431.948s][debug][gc,ergo        ] GC(2970) Running G1 Merge Heap Roots using 8 workers for 181 regions
[431.949s][debug][gc,remset      ] GC(2970) Visited cards 256 Total dirty 2048 (12.50%) Total old 759808 (0.03%)
[431.949s][debug][gc,ergo        ] GC(2970) Running G1 Clear Card Table Task using 1 workers for 1 units of work for 182 regions.
[431.949s][debug][gc,ref         ] GC(2970) Skipped phase1 of Reference Processing due to unavailable references
[431.949s][debug][gc,ref         ] GC(2970) Skipped phase2 of Reference Processing due to unavailable references
[431.949s][debug][gc,ref         ] GC(2970) Skipped phase3 of Reference Processing due to unavailable references
[431.949s][debug][gc,ref         ] GC(2970) Skipped phase4 of Reference Processing due to unavailable references
[431.949s][debug][gc,ergo        ] GC(2970) Running G1 Free Collection Set using 8 workers for collection set length 181 (302)
[431.949s][debug][gc,ergo        ] GC(2970) Running G1 Rebuild Free List Task using 8 workers for rebuilding free list of 0 (4096) regions
[431.949s][trace][gc,age         ] GC(2970) Age table with threshold 15 (max threshold 15)
[431.949s][trace][gc,age         ] GC(2970) - age   1:        408 bytes,        408 total
[431.949s][debug][gc,plab        ] GC(2970) Young PLAB allocation: allocated: 14448B, wasted: 0B, unused: 14040B, used: 408B, undo waste: 0B, 
[431.949s][debug][gc,plab        ] GC(2970) Young other allocation: region end waste: 0B, regions filled: 1, direct allocated: 0B, failure used: 0B, failure wasted: 0B
[431.949s][debug][gc,plab        ] GC(2970) Young sizing: calculated: 80B, actual: 2064B
[431.949s][debug][gc,plab        ] GC(2970) Old PLAB allocation: allocated: 0B, wasted: 0B, unused: 0B, used: 0B, undo waste: 0B, 
[431.949s][debug][gc,plab        ] GC(2970) Old other allocation: region end waste: 0B, regions filled: 1, direct allocated: 0B, failure used: 0B, failure wasted: 0B
[431.949s][debug][gc,plab        ] GC(2970) Old sizing: calculated: 0B, actual: 2064B
[431.949s][debug][gc,ihop        ] GC(2970) Basic information (value update), threshold: 142501478B (45.00), target occupancy: 316669952B, current occupancy: 4169192B, recent allocation size: 0B, recent allocation duration: 152.77ms, recent old gen allocation rate: 0.00B/s, recent marking phase length: 0.00ms
[431.949s][debug][gc,ihop        ] GC(2970) Adaptive IHOP information (value update), threshold: 142501478B (47.37), internal target occupancy: 300836454B, occupancy: 4169192B, additional buffer size: 189792256B, predicted old gen allocation rate: 0.00B/s, predicted marking phase length: 0.00ms, prediction active: false
[431.949s][debug][gc,ergo,refine ] GC(2970) Concurrent refinement times: Logged Cards Scan time goal: 20.00ms Logged Cards Scan time: 0.00ms HCC time: 0.00ms
[431.949s][debug][gc,ergo,refine ] GC(2970) Updated Refinement Zones: green: 2048, yellow: 6144, red: 10240
[431.949s][info ][gc,phases      ] GC(2970)   Pre Evacuate Collection Set: 0.1ms
[431.949s][debug][gc,phases      ] GC(2970)     Prepare TLABs: 0.0ms
[431.949s][debug][gc,phases      ] GC(2970)     Choose Collection Set: 0.0ms
[431.949s][debug][gc,phases      ] GC(2970)     Region Register: 0.1ms
[431.949s][debug][gc,phases      ] GC(2970)     Prepare Heap Roots: 0.0ms
[431.949s][info ][gc,phases      ] GC(2970)   Merge Heap Roots: 0.1ms
[431.949s][debug][gc,phases      ] GC(2970)     Prepare Merge Heap Roots: 0.0ms
[431.949s][debug][gc,phases      ] GC(2970)     Eager Reclaim (ms):       skipped
[431.949s][debug][gc,phases      ] GC(2970)     Remembered Sets (ms):     Min:  0.0, Avg:  0.0, Max:  0.0, Diff:  0.0, Sum:  0.1, Workers: 8
[431.949s][debug][gc,phases      ] GC(2970)       Merged Sparse:            Min: 0, Avg:  0.0, Max: 0, Diff: 0, Sum: 0, Workers: 8
[431.949s][debug][gc,phases      ] GC(2970)       Merged Fine:              Min: 0, Avg:  0.0, Max: 0, Diff: 0, Sum: 0, Workers: 8
[431.949s][debug][gc,phases      ] GC(2970)       Merged Coarse:            Min: 0, Avg:  0.0, Max: 0, Diff: 0, Sum: 0, Workers: 8
[431.949s][debug][gc,phases      ] GC(2970)       Dirty Cards:              Min: 0, Avg:  0.0, Max: 0, Diff: 0, Sum: 0, Workers: 8
[431.949s][debug][gc,phases      ] GC(2970)     Hot Card Cache (ms):      Min:  0.0, Avg:  0.0, Max:  0.0, Diff:  0.0, Sum:  0.0, Workers: 8
[431.949s][debug][gc,phases      ] GC(2970)       Dirty Cards:              Min: 0, Avg:  0.0, Max: 0, Diff: 0, Sum: 0, Workers: 8
[431.949s][debug][gc,phases      ] GC(2970)       Skipped Cards:            Min: 0, Avg:  0.0, Max: 0, Diff: 0, Sum: 0, Workers: 8
[431.949s][debug][gc,phases      ] GC(2970)     Log Buffers (ms):         Min:  0.0, Avg:  0.0, Max:  0.0, Diff:  0.0, Sum:  0.0, Workers: 8
[431.949s][debug][gc,phases      ] GC(2970)       Dirty Cards:              Min: 0, Avg:  0.1, Max: 1, Diff: 1, Sum: 1, Workers: 8
[431.949s][debug][gc,phases      ] GC(2970)       Skipped Cards:            Min: 0, Avg:  0.0, Max: 0, Diff: 0, Sum: 0, Workers: 8
[431.949s][info ][gc,phases      ] GC(2970)   Evacuate Collection Set: 0.1ms
[431.949s][debug][gc,phases      ] GC(2970)     Ext Root Scanning (ms):   Min:  0.0, Avg:  0.0, Max:  0.0, Diff:  0.0, Sum:  0.2, Workers: 8
[431.949s][debug][gc,phases      ] GC(2970)     Scan Heap Roots (ms):     Min:  0.0, Avg:  0.0, Max:  0.0, Diff:  0.0, Sum:  0.0, Workers: 8
[431.949s][debug][gc,phases      ] GC(2970)       Scanned Cards:            Min: 0, Avg:  0.1, Max: 1, Diff: 1, Sum: 1, Workers: 8
[431.949s][debug][gc,phases      ] GC(2970)       Scanned Blocks:           Min: 0, Avg:  0.1, Max: 1, Diff: 1, Sum: 1, Workers: 8
[431.949s][debug][gc,phases      ] GC(2970)       Claimed Chunks:           Min: 0, Avg:  0.1, Max: 1, Diff: 1, Sum: 1, Workers: 8
[431.949s][debug][gc,phases      ] GC(2970)     Code Root Scan (ms):      Min:  0.0, Avg:  0.0, Max:  0.0, Diff:  0.0, Sum:  0.0, Workers: 8
[431.949s][debug][gc,phases      ] GC(2970)     Object Copy (ms):         Min:  0.0, Avg:  0.0, Max:  0.0, Diff:  0.0, Sum:  0.0, Workers: 8
[431.949s][debug][gc,phases      ] GC(2970)     Termination (ms):         Min:  0.0, Avg:  0.1, Max:  0.1, Diff:  0.0, Sum:  0.4, Workers: 8
[431.949s][debug][gc,phases      ] GC(2970)       Termination Attempts:     Min: 1, Avg:  1.0, Max: 1, Diff: 0, Sum: 8, Workers: 8
[431.949s][debug][gc,phases      ] GC(2970)     GC Worker Other (ms):     Min:  0.0, Avg:  0.0, Max:  0.0, Diff:  0.0, Sum:  0.1, Workers: 8
[431.949s][debug][gc,phases      ] GC(2970)     GC Worker Total (ms):     Min:  0.1, Avg:  0.1, Max:  0.1, Diff:  0.1, Sum:  0.8, Workers: 8
[431.949s][info ][gc,phases      ] GC(2970)   Post Evacuate Collection Set: 0.4ms
[431.949s][debug][gc,phases      ] GC(2970)     Code Roots Fixup: 0.0ms
[431.949s][debug][gc,phases      ] GC(2970)     Clear Card Table: 0.1ms
[431.949s][debug][gc,phases      ] GC(2970)     Reference Processing: 0.0ms
[431.949s][debug][gc,phases,ref  ] GC(2970)       Reconsider SoftReferences: 0.0ms
[431.949s][debug][gc,phases,ref  ] GC(2970)         SoftRef (ms):             skipped
[431.949s][debug][gc,phases,ref  ] GC(2970)       Notify Soft/WeakReferences: 0.0ms
[431.949s][debug][gc,phases,ref  ] GC(2970)         SoftRef (ms):             skipped
[431.949s][debug][gc,phases,ref  ] GC(2970)         WeakRef (ms):             skipped
[431.949s][debug][gc,phases,ref  ] GC(2970)         FinalRef (ms):            skipped
[431.949s][debug][gc,phases,ref  ] GC(2970)         Total (ms):               skipped
[431.949s][debug][gc,phases,ref  ] GC(2970)       Notify and keep alive finalizable: 0.0ms
[431.949s][debug][gc,phases,ref  ] GC(2970)         FinalRef (ms):            skipped
[431.950s][debug][gc,phases,ref  ] GC(2970)       Notify PhantomReferences: 0.0ms
[431.950s][debug][gc,phases,ref  ] GC(2970)         PhantomRef (ms):          skipped
[431.950s][debug][gc,phases,ref  ] GC(2970)       SoftReference:
[431.950s][debug][gc,phases,ref  ] GC(2970)         Discovered: 0
[431.950s][debug][gc,phases,ref  ] GC(2970)         Cleared: 0
[431.950s][debug][gc,phases,ref  ] GC(2970)       WeakReference:
[431.950s][debug][gc,phases,ref  ] GC(2970)         Discovered: 0
[431.950s][debug][gc,phases,ref  ] GC(2970)         Cleared: 0
[431.950s][debug][gc,phases,ref  ] GC(2970)       FinalReference:
[431.950s][debug][gc,phases,ref  ] GC(2970)         Discovered: 0
[431.950s][debug][gc,phases,ref  ] GC(2970)         Cleared: 0
[431.950s][debug][gc,phases,ref  ] GC(2970)       PhantomReference:
[431.950s][debug][gc,phases,ref  ] GC(2970)         Discovered: 0
[431.950s][debug][gc,phases,ref  ] GC(2970)         Cleared: 0
[431.950s][debug][gc,phases      ] GC(2970)     Weak Processing: 0.1ms
[431.950s][debug][gc,phases      ] GC(2970)       JVMTI weak processing: 0.0ms
[431.950s][debug][gc,phases      ] GC(2970)         Dead: 0
[431.950s][debug][gc,phases      ] GC(2970)         Total: 0
[431.950s][debug][gc,phases      ] GC(2970)       JFR weak processing: 0.0ms
[431.950s][debug][gc,phases      ] GC(2970)         Dead: 0
[431.950s][debug][gc,phases      ] GC(2970)         Total: 0
[431.950s][debug][gc,phases      ] GC(2970)       JNI weak                  Min:  0.0, Avg:  0.0, Max:  0.0, Diff:  0.0, Sum:  0.0, Workers: 5
[431.950s][debug][gc,phases      ] GC(2970)         Dead                      Min: 0, Avg:  0.0, Max: 0, Diff: 0, Sum: 0, Workers: 5
[431.950s][debug][gc,phases      ] GC(2970)         Total                     Min: 0, Avg: 13.6, Max: 52, Diff: 52, Sum: 68, Workers: 5
[431.950s][debug][gc,phases      ] GC(2970)       VM weak                   Min:  0.0, Avg:  0.0, Max:  0.0, Diff:  0.0, Sum:  0.0, Workers: 5
[431.950s][debug][gc,phases      ] GC(2970)         Dead                      Min: 0, Avg:  0.0, Max: 0, Diff: 0, Sum: 0, Workers: 5
[431.950s][debug][gc,phases      ] GC(2970)         Total                     Min: 0, Avg: 42.6, Max: 128, Diff: 128, Sum: 213, Workers: 5
[431.950s][debug][gc,phases      ] GC(2970)       StringTable weak          Min:  0.0, Avg:  0.0, Max:  0.0, Diff:  0.0, Sum:  0.1, Workers: 5
[431.950s][debug][gc,phases      ] GC(2970)         Dead                      Min: 0, Avg:  0.0, Max: 0, Diff: 0, Sum: 0, Workers: 5
[431.950s][debug][gc,phases      ] GC(2970)         Total                     Min: 0, Avg: 682.0, Max: 1727, Diff: 1727, Sum: 3410, Workers: 5
[431.950s][debug][gc,phases      ] GC(2970)       ResolvedMethodTable weak  Min:  0.0, Avg:  0.0, Max:  0.0, Diff:  0.0, Sum:  0.0, Workers: 5
[431.950s][debug][gc,phases      ] GC(2970)         Dead                      Min: 0, Avg:  0.0, Max: 0, Diff: 0, Sum: 0, Workers: 5
[431.950s][debug][gc,phases      ] GC(2970)         Total                     Min: 0, Avg: 114.8, Max: 254, Diff: 254, Sum: 574, Workers: 5
[431.950s][debug][gc,phases      ] GC(2970)     Merge Per-Thread State: 0.0ms
[431.950s][debug][gc,phases      ] GC(2970)       Copied Bytes              Min: 0, Avg: 51.0, Max: 120, Diff: 120, Sum: 408, Workers: 8
[431.950s][debug][gc,phases      ] GC(2970)       LAB Waste                 Min: 0, Avg:  0.0, Max: 0, Diff: 0, Sum: 0, Workers: 8
[431.950s][debug][gc,phases      ] GC(2970)       LAB Undo Waste            Min: 0, Avg:  0.0, Max: 0, Diff: 0, Sum: 0, Workers: 8
[431.950s][debug][gc,phases      ] GC(2970)     Code Roots Purge: 0.0ms
[431.950s][debug][gc,phases      ] GC(2970)     Redirty Cards: 0.0ms
[431.950s][debug][gc,phases      ] GC(2970)     DerivedPointerTable Update: 0.0ms
[431.950s][debug][gc,phases      ] GC(2970)     Free Collection Set: 0.1ms
[431.950s][debug][gc,phases      ] GC(2970)     Rebuild Free List: 0.0ms
[431.950s][debug][gc,phases      ] GC(2970)     Humongous Reclaim: 0.0ms
[431.950s][debug][gc,phases      ] GC(2970)     Start New Collection Set: 0.0ms
[431.950s][debug][gc,phases      ] GC(2970)     Resize TLABs: 0.0ms
[431.950s][debug][gc,phases      ] GC(2970)     Expand Heap After Collection: 0.0ms
[431.950s][info ][gc,phases      ] GC(2970)   Other: 0.4ms
[431.950s][info ][gc,heap        ] GC(2970) Eden regions: 180->0(180)
[431.950s][info ][gc,heap        ] GC(2970) Survivor regions: 1->1(23)
[431.950s][info ][gc,heap        ] GC(2970) Old regions: 7->7
[431.950s][info ][gc,heap        ] GC(2970) Archive regions: 2->2
[431.950s][info ][gc,heap        ] GC(2970) Humongous regions: 0->0
[431.950s][info ][gc,metaspace   ] GC(2970) Metaspace: 9905K(10624K)->9905K(10624K) NonClass: 8758K(9216K)->8758K(9216K) Class: 1146K(1408K)->1146K(1408K)
[431.950s][debug][gc,heap        ] GC(2970) Heap after GC invocations=2971 (full 1): garbage-first heap   total 309248K, used 4071K [0x0000000700000000, 0x0000000800000000)
[431.950s][debug][gc,heap        ] GC(2970)   region size 1024K, 1 young (1024K), 1 survivors (1024K)
[431.950s][debug][gc,heap        ] GC(2970)  Metaspace       used 9905K, capacity 10179K, committed 10624K, reserved 1058816K
[431.950s][debug][gc,heap        ] GC(2970)   class space    used 1146K, capacity 1267K, committed 1408K, reserved 1048576K
[431.950s][info ][gc             ] GC(2970) Pause Young (Normal) (G1 Evacuation Pause) 183M->3M(302M) 1.622ms
[431.950s][info ][gc,cpu         ] GC(2970) User=0.01s Sys=0.00s Real=0.00s
[431.950s][info ][safepoint      ] Safepoint "G1CollectForAllocation", Time since last: 151618130 ns, Reaching safepoint: 143862 ns, At safepoint: 1841508 ns, Total: 1985370 ns
[432.099s][debug][gc,heap        ] GC(2971) Heap before GC invocations=2971 (full 1): garbage-first heap   total 309248K, used 188391K [0x0000000700000000, 0x0000000800000000)
[432.099s][debug][gc,heap        ] GC(2971)   region size 1024K, 181 young (185344K), 1 survivors (1024K)
[432.099s][debug][gc,heap        ] GC(2971)  Metaspace       used 9905K, capacity 10179K, committed 10624K, reserved 1058816K
[432.099s][debug][gc,heap        ] GC(2971)   class space    used 1146K, capacity 1267K, committed 1408K, reserved 1048576K
[432.099s][info ][gc,start       ] GC(2971) Pause Young (Normal) (G1 Evacuation Pause)
[432.099s][info ][gc,task        ] GC(2971) Using 8 workers of 8 for evacuation
[432.099s][debug][gc,tlab        ] GC(2971) TLAB totals: thrds: 8  refills: 722 max: 94 slow allocs: 0 max 0 waste:  1.0% gc: 1423104B max: 381840B slow: 418200B max: 54712B fast: 0B max: 0B
[432.099s][debug][gc,age         ] GC(2971) Desired survivor size 12058624 bytes, new threshold 15 (max threshold 15)
[432.099s][debug][gc,alloc,region] GC(2971) Mutator Allocation stats, regions: 180, wasted size: 0B ( 0.0%)
[432.099s][debug][gc,ergo        ] GC(2971) Running G1 Merge Heap Roots using 8 workers for 181 regions
[432.099s][debug][gc,remset      ] GC(2971) Visited cards 256 Total dirty 2048 (12.50%) Total old 759808 (0.03%)
[432.099s][debug][gc,ergo        ] GC(2971) Running G1 Clear Card Table Task using 1 workers for 1 units of work for 182 regions.
[432.099s][debug][gc,ref         ] GC(2971) Skipped phase1 of Reference Processing due to unavailable references
[432.099s][debug][gc,ref         ] GC(2971) Skipped phase2 of Reference Processing due to unavailable references
[432.099s][debug][gc,ref         ] GC(2971) Skipped phase3 of Reference Processing due to unavailable references
[432.099s][debug][gc,ref         ] GC(2971) Skipped phase4 of Reference Processing due to unavailable references
[432.099s][debug][gc,ergo        ] GC(2971) Running G1 Free Collection Set using 8 workers for collection set length 181 (302)
[432.099s][debug][gc,ergo        ] GC(2971) Running G1 Rebuild Free List Task using 8 workers for rebuilding free list of 0 (4096) regions
[432.099s][trace][gc,age         ] GC(2971) Age table with threshold 15 (max threshold 15)
[432.099s][trace][gc,age         ] GC(2971) - age   1:        384 bytes,        384 total
[432.099s][debug][gc,plab        ] GC(2971) Young PLAB allocation: allocated: 16512B, wasted: 0B, unused: 16128B, used: 384B, undo waste: 0B, 
[432.099s][debug][gc,plab        ] GC(2971) Young other allocation: region end waste: 0B, regions filled: 1, direct allocated: 0B, failure used: 0B, failure wasted: 0B
[432.099s][debug][gc,plab        ] GC(2971) Young sizing: calculated: 72B, actual: 2064B
[432.099s][debug][gc,plab        ] GC(2971) Old PLAB allocation: allocated: 0B, wasted: 0B, unused: 0B, used: 0B, undo waste: 0B, 
[432.099s][debug][gc,plab        ] GC(2971) Old other allocation: region end waste: 0B, regions filled: 1, direct allocated: 0B, failure used: 0B, failure wasted: 0B
[432.099s][debug][gc,plab        ] GC(2971) Old sizing: calculated: 0B, actual: 2064B
[432.099s][debug][gc,ihop        ] GC(2971) Basic information (value update), threshold: 142501478B (45.00), target occupancy: 316669952B, current occupancy: 4171256B, recent allocation size: 0B, recent allocation duration: 149.47ms, recent old gen allocation rate: 0.00B/s, recent marking phase length: 0.00ms
[432.099s][debug][gc,ihop        ] GC(2971) Adaptive IHOP information (value update), threshold: 142501478B (47.37), internal target occupancy: 300836454B, occupancy: 4171256B, additional buffer size: 189792256B, predicted old gen allocation rate: 0.00B/s, predicted marking phase length: 0.00ms, prediction active: false
[432.099s][debug][gc,ergo,refine ] GC(2971) Concurrent refinement times: Logged Cards Scan time goal: 20.00ms Logged Cards Scan time: 0.00ms HCC time: 0.00ms
[432.099s][debug][gc,ergo,refine ] GC(2971) Updated Refinement Zones: green: 2048, yellow: 6144, red: 10240
[432.099s][info ][gc,phases      ] GC(2971)   Pre Evacuate Collection Set: 0.1ms
[432.099s][debug][gc,phases      ] GC(2971)     Prepare TLABs: 0.0ms
[432.099s][debug][gc,phases      ] GC(2971)     Choose Collection Set: 0.0ms
[432.099s][debug][gc,phases      ] GC(2971)     Region Register: 0.1ms
[432.099s][debug][gc,phases      ] GC(2971)     Prepare Heap Roots: 0.0ms
[432.099s][info ][gc,phases      ] GC(2971)   Merge Heap Roots: 0.1ms
[432.100s][debug][gc,phases      ] GC(2971)     Prepare Merge Heap Roots: 0.0ms
[432.100s][debug][gc,phases      ] GC(2971)     Eager Reclaim (ms):       skipped
[432.100s][debug][gc,phases      ] GC(2971)     Remembered Sets (ms):     Min:  0.0, Avg:  0.0, Max:  0.0, Diff:  0.0, Sum:  0.0, Workers: 8
[432.100s][debug][gc,phases      ] GC(2971)       Merged Sparse:            Min: 0, Avg:  0.0, Max: 0, Diff: 0, Sum: 0, Workers: 8
[432.100s][debug][gc,phases      ] GC(2971)       Merged Fine:              Min: 0, Avg:  0.0, Max: 0, Diff: 0, Sum: 0, Workers: 8
[432.100s][debug][gc,phases      ] GC(2971)       Merged Coarse:            Min: 0, Avg:  0.0, Max: 0, Diff: 0, Sum: 0, Workers: 8
[432.100s][debug][gc,phases      ] GC(2971)       Dirty Cards:              Min: 0, Avg:  0.0, Max: 0, Diff: 0, Sum: 0, Workers: 8
[432.100s][debug][gc,phases      ] GC(2971)     Hot Card Cache (ms):      Min:  0.0, Avg:  0.0, Max:  0.0, Diff:  0.0, Sum:  0.0, Workers: 8
[432.100s][debug][gc,phases      ] GC(2971)       Dirty Cards:              Min: 0, Avg:  0.0, Max: 0, Diff: 0, Sum: 0, Workers: 8
[432.100s][debug][gc,phases      ] GC(2971)       Skipped Cards:            Min: 0, Avg:  0.0, Max: 0, Diff: 0, Sum: 0, Workers: 8
[432.100s][debug][gc,phases      ] GC(2971)     Log Buffers (ms):         Min:  0.0, Avg:  0.0, Max:  0.0, Diff:  0.0, Sum:  0.0, Workers: 8
[432.100s][debug][gc,phases      ] GC(2971)       Dirty Cards:              Min: 0, Avg:  0.1, Max: 1, Diff: 1, Sum: 1, Workers: 8
[432.100s][debug][gc,phases      ] GC(2971)       Skipped Cards:            Min: 0, Avg:  0.0, Max: 0, Diff: 0, Sum: 0, Workers: 8
[432.100s][info ][gc,phases      ] GC(2971)   Evacuate Collection Set: 0.2ms
[432.100s][debug][gc,phases      ] GC(2971)     Ext Root Scanning (ms):   Min:  0.0, Avg:  0.0, Max:  0.1, Diff:  0.1, Sum:  0.2, Workers: 8
[432.100s][debug][gc,phases      ] GC(2971)     Scan Heap Roots (ms):     Min:  0.0, Avg:  0.0, Max:  0.0, Diff:  0.0, Sum:  0.0, Workers: 8
[432.100s][debug][gc,phases      ] GC(2971)       Scanned Cards:            Min: 0, Avg:  0.1, Max: 1, Diff: 1, Sum: 1, Workers: 8
[432.100s][debug][gc,phases      ] GC(2971)       Scanned Blocks:           Min: 0, Avg:  0.1, Max: 1, Diff: 1, Sum: 1, Workers: 8
[432.100s][debug][gc,phases      ] GC(2971)       Claimed Chunks:           Min: 0, Avg:  0.1, Max: 1, Diff: 1, Sum: 1, Workers: 8
[432.100s][debug][gc,phases      ] GC(2971)     Code Root Scan (ms):      Min:  0.0, Avg:  0.0, Max:  0.0, Diff:  0.0, Sum:  0.0, Workers: 8
[432.100s][debug][gc,phases      ] GC(2971)     Object Copy (ms):         Min:  0.0, Avg:  0.0, Max:  0.0, Diff:  0.0, Sum:  0.0, Workers: 8
[432.100s][debug][gc,phases      ] GC(2971)     Termination (ms):         Min:  0.0, Avg:  0.1, Max:  0.1, Diff:  0.0, Sum:  0.4, Workers: 8
[432.100s][debug][gc,phases      ] GC(2971)       Termination Attempts:     Min: 1, Avg:  1.0, Max: 1, Diff: 0, Sum: 8, Workers: 8
[432.100s][debug][gc,phases      ] GC(2971)     GC Worker Other (ms):     Min:  0.0, Avg:  0.0, Max:  0.0, Diff:  0.0, Sum:  0.1, Workers: 8
[432.100s][debug][gc,phases      ] GC(2971)     GC Worker Total (ms):     Min:  0.1, Avg:  0.1, Max:  0.1, Diff:  0.1, Sum:  0.8, Workers: 8
[432.100s][info ][gc,phases      ] GC(2971)   Post Evacuate Collection Set: 0.3ms
[432.100s][debug][gc,phases      ] GC(2971)     Code Roots Fixup: 0.0ms
[432.100s][debug][gc,phases      ] GC(2971)     Clear Card Table: 0.1ms
[432.100s][debug][gc,phases      ] GC(2971)     Reference Processing: 0.0ms
[432.100s][debug][gc,phases,ref  ] GC(2971)       Reconsider SoftReferences: 0.0ms
[432.100s][debug][gc,phases,ref  ] GC(2971)         SoftRef (ms):             skipped
[432.100s][debug][gc,phases,ref  ] GC(2971)       Notify Soft/WeakReferences: 0.0ms
[432.100s][debug][gc,phases,ref  ] GC(2971)         SoftRef (ms):             skipped
[432.100s][debug][gc,phases,ref  ] GC(2971)         WeakRef (ms):             skipped
[432.100s][debug][gc,phases,ref  ] GC(2971)         FinalRef (ms):            skipped
[432.100s][debug][gc,phases,ref  ] GC(2971)         Total (ms):               skipped
[432.100s][debug][gc,phases,ref  ] GC(2971)       Notify and keep alive finalizable: 0.0ms
[432.100s][debug][gc,phases,ref  ] GC(2971)         FinalRef (ms):            skipped
[432.100s][debug][gc,phases,ref  ] GC(2971)       Notify PhantomReferences: 0.0ms
[432.100s][debug][gc,phases,ref  ] GC(2971)         PhantomRef (ms):          skipped
[432.100s][debug][gc,phases,ref  ] GC(2971)       SoftReference:
[432.100s][debug][gc,phases,ref  ] GC(2971)         Discovered: 0
[432.100s][debug][gc,phases,ref  ] GC(2971)         Cleared: 0
[432.100s][debug][gc,phases,ref  ] GC(2971)       WeakReference:
[432.100s][debug][gc,phases,ref  ] GC(2971)         Discovered: 0
[432.100s][debug][gc,phases,ref  ] GC(2971)         Cleared: 0
[432.100s][debug][gc,phases,ref  ] GC(2971)       FinalReference:
[432.100s][debug][gc,phases,ref  ] GC(2971)         Discovered: 0
[432.100s][debug][gc,phases,ref  ] GC(2971)         Cleared: 0
[432.100s][debug][gc,phases,ref  ] GC(2971)       PhantomReference:
[432.100s][debug][gc,phases,ref  ] GC(2971)         Discovered: 0
[432.100s][debug][gc,phases,ref  ] GC(2971)         Cleared: 0
[432.100s][debug][gc,phases      ] GC(2971)     Weak Processing: 0.0ms
[432.100s][debug][gc,phases      ] GC(2971)       JVMTI weak processing: 0.0ms
[432.100s][debug][gc,phases      ] GC(2971)         Dead: 0
[432.100s][debug][gc,phases      ] GC(2971)         Total: 0
[432.100s][debug][gc,phases      ] GC(2971)       JFR weak processing: 0.0ms
[432.100s][debug][gc,phases      ] GC(2971)         Dead: 0
[432.100s][debug][gc,phases      ] GC(2971)         Total: 0
[432.100s][debug][gc,phases      ] GC(2971)       JNI weak                  Min:  0.0, Avg:  0.0, Max:  0.0, Diff:  0.0, Sum:  0.0, Workers: 5
[432.100s][debug][gc,phases      ] GC(2971)         Dead                      Min: 0, Avg:  0.0, Max: 0, Diff: 0, Sum: 0, Workers: 5
[432.100s][debug][gc,phases      ] GC(2971)         Total                     Min: 0, Avg: 13.6, Max: 52, Diff: 52, Sum: 68, Workers: 5
[432.100s][debug][gc,phases      ] GC(2971)       VM weak                   Min:  0.0, Avg:  0.0, Max:  0.0, Diff:  0.0, Sum:  0.0, Workers: 5
[432.100s][debug][gc,phases      ] GC(2971)         Dead                      Min: 0, Avg:  0.0, Max: 0, Diff: 0, Sum: 0, Workers: 5
[432.100s][debug][gc,phases      ] GC(2971)         Total                     Min: 0, Avg: 42.6, Max: 128, Diff: 128, Sum: 213, Workers: 5
[432.100s][debug][gc,phases      ] GC(2971)       StringTable weak          Min:  0.0, Avg:  0.0, Max:  0.0, Diff:  0.0, Sum:  0.1, Workers: 5
[432.100s][debug][gc,phases      ] GC(2971)         Dead                      Min: 0, Avg:  0.0, Max: 0, Diff: 0, Sum: 0, Workers: 5
[432.100s][debug][gc,phases      ] GC(2971)         Total                     Min: 0, Avg: 682.0, Max: 1664, Diff: 1664, Sum: 3410, Workers: 5
[432.100s][debug][gc,phases      ] GC(2971)       ResolvedMethodTable weak  Min:  0.0, Avg:  0.0, Max:  0.0, Diff:  0.0, Sum:  0.0, Workers: 5
[432.100s][debug][gc,phases      ] GC(2971)         Dead                      Min: 0, Avg:  0.0, Max: 0, Diff: 0, Sum: 0, Workers: 5
[432.100s][debug][gc,phases      ] GC(2971)         Total                     Min: 0, Avg: 114.8, Max: 192, Diff: 192, Sum: 574, Workers: 5
[432.100s][debug][gc,phases      ] GC(2971)     Merge Per-Thread State: 0.0ms
[432.100s][debug][gc,phases      ] GC(2971)       Copied Bytes              Min: 24, Avg: 48.0, Max: 72, Diff: 48, Sum: 384, Workers: 8
[432.100s][debug][gc,phases      ] GC(2971)       LAB Waste                 Min: 0, Avg:  0.0, Max: 0, Diff: 0, Sum: 0, Workers: 8
[432.100s][debug][gc,phases      ] GC(2971)       LAB Undo Waste            Min: 0, Avg:  0.0, Max: 0, Diff: 0, Sum: 0, Workers: 8
[432.100s][debug][gc,phases      ] GC(2971)     Code Roots Purge: 0.0ms
[432.100s][debug][gc,phases      ] GC(2971)     Redirty Cards: 0.0ms
[432.100s][debug][gc,phases      ] GC(2971)     DerivedPointerTable Update: 0.0ms
[432.100s][debug][gc,phases      ] GC(2971)     Free Collection Set: 0.1ms
[432.100s][debug][gc,phases      ] GC(2971)     Rebuild Free List: 0.1ms
[432.100s][debug][gc,phases      ] GC(2971)     Humongous Reclaim: 0.0ms
[432.100s][debug][gc,phases      ] GC(2971)     Start New Collection Set: 0.0ms
[432.100s][debug][gc,phases      ] GC(2971)     Resize TLABs: 0.0ms
[432.100s][debug][gc,phases      ] GC(2971)     Expand Heap After Collection: 0.0ms
[432.100s][info ][gc,phases      ] GC(2971)   Other: 0.3ms
[432.100s][info ][gc,heap        ] GC(2971) Eden regions: 180->0(180)
[432.100s][info ][gc,heap        ] GC(2971) Survivor regions: 1->1(23)
[432.100s][info ][gc,heap        ] GC(2971) Old regions: 7->7
[432.100s][info ][gc,heap        ] GC(2971) Archive regions: 2->2
[432.100s][info ][gc,heap        ] GC(2971) Humongous regions: 0->0
[432.100s][info ][gc,metaspace   ] GC(2971) Metaspace: 9905K(10624K)->9905K(10624K) NonClass: 8758K(9216K)->8758K(9216K) Class: 1146K(1408K)->1146K(1408K)
[432.100s][debug][gc,heap        ] GC(2971) Heap after GC invocations=2972 (full 1): garbage-first heap   total 309248K, used 4073K [0x0000000700000000, 0x0000000800000000)
[432.100s][debug][gc,heap        ] GC(2971)   region size 1024K, 1 young (1024K), 1 survivors (1024K)
[432.100s][debug][gc,heap        ] GC(2971)  Metaspace       used 9905K, capacity 10179K, committed 10624K, reserved 1058816K
[432.100s][debug][gc,heap        ] GC(2971)   class space    used 1146K, capacity 1267K, committed 1408K, reserved 1048576K
[432.100s][info ][gc             ] GC(2971) Pause Young (Normal) (G1 Evacuation Pause) 183M->3M(302M) 1.500ms
[432.100s][info ][gc,cpu         ] GC(2971) User=0.00s Sys=0.00s Real=0.00s
[432.100s][info ][safepoint      ] Safepoint "G1CollectForAllocation", Time since last: 148465396 ns, Reaching safepoint: 141776 ns, At safepoint: 1666286 ns, Total: 1808062 ns
[432.251s][debug][gc,heap        ] GC(2972) Heap before GC invocations=2972 (full 1): garbage-first heap   total 309248K, used 188393K [0x0000000700000000, 0x0000000800000000)
[432.251s][debug][gc,heap        ] GC(2972)   region size 1024K, 181 young (185344K), 1 survivors (1024K)
[432.251s][debug][gc,heap        ] GC(2972)  Metaspace       used 9905K, capacity 10179K, committed 10624K, reserved 1058816K
[432.251s][debug][gc,heap        ] GC(2972)   class space    used 1146K, capacity 1267K, committed 1408K, reserved 1048576K
[432.251s][info ][gc,start       ] GC(2972) Pause Young (Normal) (G1 Evacuation Pause)
[432.251s][info ][gc,task        ] GC(2972) Using 8 workers of 8 for evacuation
[432.251s][debug][gc,tlab        ] GC(2972) TLAB totals: thrds: 8  refills: 722 max: 99 slow allocs: 0 max 0 waste:  0.8% gc: 1075984B max: 368216B slow: 417968B max: 57208B fast: 0B max: 0B
[432.251s][debug][gc,age         ] GC(2972) Desired survivor size 12058624 bytes, new threshold 15 (max threshold 15)
[432.251s][debug][gc,alloc,region] GC(2972) Mutator Allocation stats, regions: 180, wasted size: 0B ( 0.0%)
[432.251s][debug][gc,ergo        ] GC(2972) Running G1 Merge Heap Roots using 8 workers for 181 regions
[432.251s][debug][gc,remset      ] GC(2972) Visited cards 256 Total dirty 2048 (12.50%) Total old 759808 (0.03%)
[432.251s][debug][gc,ergo        ] GC(2972) Running G1 Clear Card Table Task using 1 workers for 1 units of work for 182 regions.
[432.251s][debug][gc,ref         ] GC(2972) Skipped phase1 of Reference Processing due to unavailable references
[432.251s][debug][gc,ref         ] GC(2972) Skipped phase2 of Reference Processing due to unavailable references
[432.251s][debug][gc,ref         ] GC(2972) Skipped phase3 of Reference Processing due to unavailable references
[432.251s][debug][gc,ref         ] GC(2972) Skipped phase4 of Reference Processing due to unavailable references
[432.251s][debug][gc,ergo        ] GC(2972) Running G1 Free Collection Set using 8 workers for collection set length 181 (302)
[432.251s][debug][gc,ergo        ] GC(2972) Running G1 Rebuild Free List Task using 8 workers for rebuilding free list of 0 (4096) regions
[432.251s][trace][gc,age         ] GC(2972) Age table with threshold 15 (max threshold 15)
[432.251s][trace][gc,age         ] GC(2972) - age   1:        592 bytes,        592 total
[432.251s][debug][gc,plab        ] GC(2972) Young PLAB allocation: allocated: 8256B, wasted: 0B, unused: 7664B, used: 592B, undo waste: 0B, 
[432.251s][debug][gc,plab        ] GC(2972) Young other allocation: region end waste: 0B, regions filled: 1, direct allocated: 0B, failure used: 0B, failure wasted: 0B
[432.251s][debug][gc,plab        ] GC(2972) Young sizing: calculated: 112B, actual: 2064B
[432.251s][debug][gc,plab        ] GC(2972) Old PLAB allocation: allocated: 0B, wasted: 0B, unused: 0B, used: 0B, undo waste: 0B, 
[432.251s][debug][gc,plab        ] GC(2972) Old other allocation: region end waste: 0B, regions filled: 1, direct allocated: 0B, failure used: 0B, failure wasted: 0B
[432.251s][debug][gc,plab        ] GC(2972) Old sizing: calculated: 0B, actual: 2064B
[432.251s][debug][gc,ihop        ] GC(2972) Basic information (value update), threshold: 142501478B (45.00), target occupancy: 316669952B, current occupancy: 4163000B, recent allocation size: 0B, recent allocation duration: 151.18ms, recent old gen allocation rate: 0.00B/s, recent marking phase length: 0.00ms
[432.251s][debug][gc,ihop        ] GC(2972) Adaptive IHOP information (value update), threshold: 142501478B (47.37), internal target occupancy: 300836454B, occupancy: 4163000B, additional buffer size: 189792256B, predicted old gen allocation rate: 0.00B/s, predicted marking phase length: 0.00ms, prediction active: false
[432.251s][debug][gc,ergo,refine ] GC(2972) Concurrent refinement times: Logged Cards Scan time goal: 20.00ms Logged Cards Scan time: 0.00ms HCC time: 0.00ms
[432.251s][debug][gc,ergo,refine ] GC(2972) Updated Refinement Zones: green: 2048, yellow: 6144, red: 10240
[432.251s][info ][gc,phases      ] GC(2972)   Pre Evacuate Collection Set: 0.1ms
[432.251s][debug][gc,phases      ] GC(2972)     Prepare TLABs: 0.0ms
[432.251s][debug][gc,phases      ] GC(2972)     Choose Collection Set: 0.0ms
[432.251s][debug][gc,phases      ] GC(2972)     Region Register: 0.1ms
[432.251s][debug][gc,phases      ] GC(2972)     Prepare Heap Roots: 0.0ms
[432.251s][info ][gc,phases      ] GC(2972)   Merge Heap Roots: 0.1ms
[432.251s][debug][gc,phases      ] GC(2972)     Prepare Merge Heap Roots: 0.0ms
[432.251s][debug][gc,phases      ] GC(2972)     Eager Reclaim (ms):       skipped
[432.251s][debug][gc,phases      ] GC(2972)     Remembered Sets (ms):     Min:  0.0, Avg:  0.0, Max:  0.0, Diff:  0.0, Sum:  0.0, Workers: 8
[432.251s][debug][gc,phases      ] GC(2972)       Merged Sparse:            Min: 0, Avg:  0.0, Max: 0, Diff: 0, Sum: 0, Workers: 8
[432.251s][debug][gc,phases      ] GC(2972)       Merged Fine:              Min: 0, Avg:  0.0, Max: 0, Diff: 0, Sum: 0, Workers: 8
[432.251s][debug][gc,phases      ] GC(2972)       Merged Coarse:            Min: 0, Avg:  0.0, Max: 0, Diff: 0, Sum: 0, Workers: 8
[432.251s][debug][gc,phases      ] GC(2972)       Dirty Cards:              Min: 0, Avg:  0.0, Max: 0, Diff: 0, Sum: 0, Workers: 8
[432.252s][debug][gc,phases      ] GC(2972)     Hot Card Cache (ms):      Min:  0.0, Avg:  0.0, Max:  0.0, Diff:  0.0, Sum:  0.0, Workers: 8
[432.252s][debug][gc,phases      ] GC(2972)       Dirty Cards:              Min: 0, Avg:  0.0, Max: 0, Diff: 0, Sum: 0, Workers: 8
[432.252s][debug][gc,phases      ] GC(2972)       Skipped Cards:            Min: 0, Avg:  0.0, Max: 0, Diff: 0, Sum: 0, Workers: 8
[432.252s][debug][gc,phases      ] GC(2972)     Log Buffers (ms):         Min:  0.0, Avg:  0.0, Max:  0.0, Diff:  0.0, Sum:  0.0, Workers: 8
[432.252s][debug][gc,phases      ] GC(2972)       Dirty Cards:              Min: 0, Avg:  0.1, Max: 1, Diff: 1, Sum: 1, Workers: 8
[432.252s][debug][gc,phases      ] GC(2972)       Skipped Cards:            Min: 0, Avg:  0.0, Max: 0, Diff: 0, Sum: 0, Workers: 8
[432.252s][info ][gc,phases      ] GC(2972)   Evacuate Collection Set: 0.2ms
[432.252s][debug][gc,phases      ] GC(2972)     Ext Root Scanning (ms):   Min:  0.0, Avg:  0.0, Max:  0.1, Diff:  0.1, Sum:  0.2, Workers: 8
[432.252s][debug][gc,phases      ] GC(2972)     Scan Heap Roots (ms):     Min:  0.0, Avg:  0.0, Max:  0.0, Diff:  0.0, Sum:  0.0, Workers: 8
[432.252s][debug][gc,phases      ] GC(2972)       Scanned Cards:            Min: 0, Avg:  0.1, Max: 1, Diff: 1, Sum: 1, Workers: 8
[432.252s][debug][gc,phases      ] GC(2972)       Scanned Blocks:           Min: 0, Avg:  0.1, Max: 1, Diff: 1, Sum: 1, Workers: 8
[432.252s][debug][gc,phases      ] GC(2972)       Claimed Chunks:           Min: 0, Avg:  0.1, Max: 1, Diff: 1, Sum: 1, Workers: 8
[432.252s][debug][gc,phases      ] GC(2972)     Code Root Scan (ms):      Min:  0.0, Avg:  0.0, Max:  0.0, Diff:  0.0, Sum:  0.0, Workers: 8
[432.252s][debug][gc,phases      ] GC(2972)     Object Copy (ms):         Min:  0.0, Avg:  0.0, Max:  0.0, Diff:  0.0, Sum:  0.0, Workers: 8
[432.252s][debug][gc,phases      ] GC(2972)     Termination (ms):         Min:  0.1, Avg:  0.1, Max:  0.1, Diff:  0.0, Sum:  0.6, Workers: 8
[432.252s][debug][gc,phases      ] GC(2972)       Termination Attempts:     Min: 1, Avg:  1.0, Max: 1, Diff: 0, Sum: 8, Workers: 8
[432.252s][debug][gc,phases      ] GC(2972)     GC Worker Other (ms):     Min:  0.0, Avg:  0.0, Max:  0.0, Diff:  0.0, Sum:  0.1, Workers: 8
[432.252s][debug][gc,phases      ] GC(2972)     GC Worker Total (ms):     Min:  0.1, Avg:  0.1, Max:  0.1, Diff:  0.1, Sum:  0.9, Workers: 8
[432.252s][info ][gc,phases      ] GC(2972)   Post Evacuate Collection Set: 0.3ms
[432.252s][debug][gc,phases      ] GC(2972)     Code Roots Fixup: 0.0ms
[432.252s][debug][gc,phases      ] GC(2972)     Clear Card Table: 0.1ms
[432.252s][debug][gc,phases      ] GC(2972)     Reference Processing: 0.0ms
[432.252s][debug][gc,phases,ref  ] GC(2972)       Reconsider SoftReferences: 0.0ms
[432.252s][debug][gc,phases,ref  ] GC(2972)         SoftRef (ms):             skipped
[432.252s][debug][gc,phases,ref  ] GC(2972)       Notify Soft/WeakReferences: 0.0ms
[432.252s][debug][gc,phases,ref  ] GC(2972)         SoftRef (ms):             skipped
[432.252s][debug][gc,phases,ref  ] GC(2972)         WeakRef (ms):             skipped
[432.252s][debug][gc,phases,ref  ] GC(2972)         FinalRef (ms):            skipped
[432.252s][debug][gc,phases,ref  ] GC(2972)         Total (ms):               skipped
[432.252s][debug][gc,phases,ref  ] GC(2972)       Notify and keep alive finalizable: 0.0ms
[432.252s][debug][gc,phases,ref  ] GC(2972)         FinalRef (ms):            skipped
[432.252s][debug][gc,phases,ref  ] GC(2972)       Notify PhantomReferences: 0.0ms
[432.252s][debug][gc,phases,ref  ] GC(2972)         PhantomRef (ms):          skipped
[432.252s][debug][gc,phases,ref  ] GC(2972)       SoftReference:
[432.252s][debug][gc,phases,ref  ] GC(2972)         Discovered: 0
[432.252s][debug][gc,phases,ref  ] GC(2972)         Cleared: 0
[432.252s][debug][gc,phases,ref  ] GC(2972)       WeakReference:
[432.252s][debug][gc,phases,ref  ] GC(2972)         Discovered: 0
[432.252s][debug][gc,phases,ref  ] GC(2972)         Cleared: 0
[432.252s][debug][gc,phases,ref  ] GC(2972)       FinalReference:
[432.252s][debug][gc,phases,ref  ] GC(2972)         Discovered: 0
[432.252s][debug][gc,phases,ref  ] GC(2972)         Cleared: 0
[432.252s][debug][gc,phases,ref  ] GC(2972)       PhantomReference:
[432.252s][debug][gc,phases,ref  ] GC(2972)         Discovered: 0
[432.252s][debug][gc,phases,ref  ] GC(2972)         Cleared: 0
[432.252s][debug][gc,phases      ] GC(2972)     Weak Processing: 0.1ms
[432.252s][debug][gc,phases      ] GC(2972)       JVMTI weak processing: 0.0ms
[432.252s][debug][gc,phases      ] GC(2972)         Dead: 0
[432.252s][debug][gc,phases      ] GC(2972)         Total: 0
[432.252s][debug][gc,phases      ] GC(2972)       JFR weak processing: 0.0ms
[432.252s][debug][gc,phases      ] GC(2972)         Dead: 0
[432.252s][debug][gc,phases      ] GC(2972)         Total: 0
[432.252s][debug][gc,phases      ] GC(2972)       JNI weak                  Min:  0.0, Avg:  0.0, Max:  0.0, Diff:  0.0, Sum:  0.0, Workers: 5
[432.252s][debug][gc,phases      ] GC(2972)         Dead                      Min: 0, Avg:  0.0, Max: 0, Diff: 0, Sum: 0, Workers: 5
[432.252s][debug][gc,phases      ] GC(2972)         Total                     Min: 0, Avg: 13.6, Max: 68, Diff: 68, Sum: 68, Workers: 5
[432.252s][debug][gc,phases      ] GC(2972)       VM weak                   Min:  0.0, Avg:  0.0, Max:  0.0, Diff:  0.0, Sum:  0.0, Workers: 5
[432.252s][debug][gc,phases      ] GC(2972)         Dead                      Min: 0, Avg:  0.0, Max: 0, Diff: 0, Sum: 0, Workers: 5
[432.252s][debug][gc,phases      ] GC(2972)         Total                     Min: 0, Avg: 42.6, Max: 213, Diff: 213, Sum: 213, Workers: 5
[432.252s][debug][gc,phases      ] GC(2972)       StringTable weak          Min:  0.0, Avg:  0.0, Max:  0.0, Diff:  0.0, Sum:  0.0, Workers: 5
[432.252s][debug][gc,phases      ] GC(2972)         Dead                      Min: 0, Avg:  0.0, Max: 0, Diff: 0, Sum: 0, Workers: 5
[432.252s][debug][gc,phases      ] GC(2972)         Total                     Min: 0, Avg: 682.0, Max: 2962, Diff: 2962, Sum: 3410, Workers: 5
[432.252s][debug][gc,phases      ] GC(2972)       ResolvedMethodTable weak  Min:  0.0, Avg:  0.0, Max:  0.0, Diff:  0.0, Sum:  0.0, Workers: 5
[432.252s][debug][gc,phases      ] GC(2972)         Dead                      Min: 0, Avg:  0.0, Max: 0, Diff: 0, Sum: 0, Workers: 5
[432.252s][debug][gc,phases      ] GC(2972)         Total                     Min: 0, Avg: 114.8, Max: 192, Diff: 192, Sum: 574, Workers: 5
[432.252s][debug][gc,phases      ] GC(2972)     Merge Per-Thread State: 0.0ms
[432.252s][debug][gc,phases      ] GC(2972)       Copied Bytes              Min: 0, Avg: 74.0, Max: 256, Diff: 256, Sum: 592, Workers: 8
[432.252s][debug][gc,phases      ] GC(2972)       LAB Waste                 Min: 0, Avg:  0.0, Max: 0, Diff: 0, Sum: 0, Workers: 8
[432.252s][debug][gc,phases      ] GC(2972)       LAB Undo Waste            Min: 0, Avg:  0.0, Max: 0, Diff: 0, Sum: 0, Workers: 8
[432.252s][debug][gc,phases      ] GC(2972)     Code Roots Purge: 0.0ms
[432.252s][debug][gc,phases      ] GC(2972)     Redirty Cards: 0.0ms
[432.252s][debug][gc,phases      ] GC(2972)     DerivedPointerTable Update: 0.0ms
[432.252s][debug][gc,phases      ] GC(2972)     Free Collection Set: 0.1ms
[432.252s][debug][gc,phases      ] GC(2972)     Rebuild Free List: 0.1ms
[432.252s][debug][gc,phases      ] GC(2972)     Humongous Reclaim: 0.0ms
[432.252s][debug][gc,phases      ] GC(2972)     Start New Collection Set: 0.0ms
[432.252s][debug][gc,phases      ] GC(2972)     Resize TLABs: 0.0ms
[432.252s][debug][gc,phases      ] GC(2972)     Expand Heap After Collection: 0.0ms
[432.252s][info ][gc,phases      ] GC(2972)   Other: 0.3ms
[432.252s][info ][gc,heap        ] GC(2972) Eden regions: 180->0(180)
[432.252s][info ][gc,heap        ] GC(2972) Survivor regions: 1->1(23)
[432.252s][info ][gc,heap        ] GC(2972) Old regions: 7->7
[432.252s][info ][gc,heap        ] GC(2972) Archive regions: 2->2
[432.252s][info ][gc,heap        ] GC(2972) Humongous regions: 0->0
[432.252s][info ][gc,metaspace   ] GC(2972) Metaspace: 9905K(10624K)->9905K(10624K) NonClass: 8758K(9216K)->8758K(9216K) Class: 1146K(1408K)->1146K(1408K)
[432.252s][debug][gc,heap        ] GC(2972) Heap after GC invocations=2973 (full 1): garbage-first heap   total 309248K, used 4065K [0x0000000700000000, 0x0000000800000000)
[432.252s][debug][gc,heap        ] GC(2972)   region size 1024K, 1 young (1024K), 1 survivors (1024K)
[432.252s][debug][gc,heap        ] GC(2972)  Metaspace       used 9905K, capacity 10179K, committed 10624K, reserved 1058816K
[432.252s][debug][gc,heap        ] GC(2972)   class space    used 1146K, capacity 1267K, committed 1408K, reserved 1048576K
[432.252s][info ][gc             ] GC(2972) Pause Young (Normal) (G1 Evacuation Pause) 183M->3M(302M) 1.485ms
[432.252s][info ][gc,cpu         ] GC(2972) User=0.00s Sys=0.00s Real=0.00s
[432.252s][info ][safepoint      ] Safepoint "G1CollectForAllocation", Time since last: 150149930 ns, Reaching safepoint: 144251 ns, At safepoint: 1646823 ns, Total: 1791074 ns
[432.396s][debug][gc,heap        ] GC(2973) Heap before GC invocations=2973 (full 1): garbage-first heap   total 309248K, used 188385K [0x0000000700000000, 0x0000000800000000)
[432.396s][debug][gc,heap        ] GC(2973)   region size 1024K, 181 young (185344K), 1 survivors (1024K)
[432.396s][debug][gc,heap        ] GC(2973)  Metaspace       used 9905K, capacity 10179K, committed 10624K, reserved 1058816K
[432.396s][debug][gc,heap        ] GC(2973)   class space    used 1146K, capacity 1267K, committed 1408K, reserved 1048576K
[432.396s][info ][gc,start       ] GC(2973) Pause Young (Normal) (G1 Evacuation Pause)
[432.396s][info ][gc,task        ] GC(2973) Using 8 workers of 8 for evacuation
[432.396s][debug][gc,tlab        ] GC(2973) TLAB totals: thrds: 8  refills: 723 max: 96 slow allocs: 0 max 0 waste:  1.0% gc: 1388176B max: 432032B slow: 417600B max: 55736B fast: 0B max: 0B
[432.396s][debug][gc,age         ] GC(2973) Desired survivor size 12058624 bytes, new threshold 15 (max threshold 15)
[432.396s][debug][gc,alloc,region] GC(2973) Mutator Allocation stats, regions: 180, wasted size: 0B ( 0.0%)
[432.397s][debug][gc,ergo        ] GC(2973) Running G1 Merge Heap Roots using 8 workers for 181 regions
[432.397s][debug][gc,remset      ] GC(2973) Visited cards 256 Total dirty 2048 (12.50%) Total old 759808 (0.03%)
[432.397s][debug][gc,ergo        ] GC(2973) Running G1 Clear Card Table Task using 1 workers for 1 units of work for 182 regions.
[432.397s][debug][gc,ref         ] GC(2973) Skipped phase1 of Reference Processing due to unavailable references
[432.397s][debug][gc,ref         ] GC(2973) Skipped phase2 of Reference Processing due to unavailable references
[432.397s][debug][gc,ref         ] GC(2973) Skipped phase3 of Reference Processing due to unavailable references
[432.397s][debug][gc,ref         ] GC(2973) Skipped phase4 of Reference Processing due to unavailable references
[432.397s][debug][gc,ergo        ] GC(2973) Running G1 Free Collection Set using 8 workers for collection set length 181 (302)
[432.397s][debug][gc,ergo        ] GC(2973) Running G1 Rebuild Free List Task using 8 workers for rebuilding free list of 0 (4096) regions
[432.397s][trace][gc,age         ] GC(2973) Age table with threshold 15 (max threshold 15)
[432.397s][trace][gc,age         ] GC(2973) - age   1:        408 bytes,        408 total
[432.397s][debug][gc,plab        ] GC(2973) Young PLAB allocation: allocated: 16512B, wasted: 0B, unused: 16104B, used: 408B, undo waste: 0B, 
[432.397s][debug][gc,plab        ] GC(2973) Young other allocation: region end waste: 0B, regions filled: 1, direct allocated: 0B, failure used: 0B, failure wasted: 0B
[432.397s][debug][gc,plab        ] GC(2973) Young sizing: calculated: 80B, actual: 2064B
[432.397s][debug][gc,plab        ] GC(2973) Old PLAB allocation: allocated: 0B, wasted: 0B, unused: 0B, used: 0B, undo waste: 0B, 
[432.397s][debug][gc,plab        ] GC(2973) Old other allocation: region end waste: 0B, regions filled: 1, direct allocated: 0B, failure used: 0B, failure wasted: 0B
[432.397s][debug][gc,plab        ] GC(2973) Old sizing: calculated: 0B, actual: 2064B
[432.397s][debug][gc,ihop        ] GC(2973) Basic information (value update), threshold: 142501478B (45.00), target occupancy: 316669952B, current occupancy: 4171256B, recent allocation size: 0B, recent allocation duration: 145.06ms, recent old gen allocation rate: 0.00B/s, recent marking phase length: 0.00ms
[432.397s][debug][gc,ihop        ] GC(2973) Adaptive IHOP information (value update), threshold: 142501478B (47.37), internal target occupancy: 300836454B, occupancy: 4171256B, additional buffer size: 189792256B, predicted old gen allocation rate: 0.00B/s, predicted marking phase length: 0.00ms, prediction active: false
[432.397s][debug][gc,ergo,refine ] GC(2973) Concurrent refinement times: Logged Cards Scan time goal: 20.00ms Logged Cards Scan time: 0.00ms HCC time: 0.00ms
[432.397s][debug][gc,ergo,refine ] GC(2973) Updated Refinement Zones: green: 2048, yellow: 6144, red: 10240
[432.397s][info ][gc,phases      ] GC(2973)   Pre Evacuate Collection Set: 0.1ms
[432.397s][debug][gc,phases      ] GC(2973)     Prepare TLABs: 0.0ms
[432.397s][debug][gc,phases      ] GC(2973)     Choose Collection Set: 0.0ms
[432.397s][debug][gc,phases      ] GC(2973)     Region Register: 0.1ms
[432.397s][debug][gc,phases      ] GC(2973)     Prepare Heap Roots: 0.0ms
[432.397s][info ][gc,phases      ] GC(2973)   Merge Heap Roots: 0.1ms
[432.397s][debug][gc,phases      ] GC(2973)     Prepare Merge Heap Roots: 0.0ms
[432.397s][debug][gc,phases      ] GC(2973)     Eager Reclaim (ms):       skipped
[432.397s][debug][gc,phases      ] GC(2973)     Remembered Sets (ms):     Min:  0.0, Avg:  0.0, Max:  0.0, Diff:  0.0, Sum:  0.0, Workers: 8
[432.397s][debug][gc,phases      ] GC(2973)       Merged Sparse:            Min: 0, Avg:  0.0, Max: 0, Diff: 0, Sum: 0, Workers: 8
[432.397s][debug][gc,phases      ] GC(2973)       Merged Fine:              Min: 0, Avg:  0.0, Max: 0, Diff: 0, Sum: 0, Workers: 8
[432.397s][debug][gc,phases      ] GC(2973)       Merged Coarse:            Min: 0, Avg:  0.0, Max: 0, Diff: 0, Sum: 0, Workers: 8
[432.397s][debug][gc,phases      ] GC(2973)       Dirty Cards:              Min: 0, Avg:  0.0, Max: 0, Diff: 0, Sum: 0, Workers: 8
[432.397s][debug][gc,phases      ] GC(2973)     Hot Card Cache (ms):      Min:  0.0, Avg:  0.0, Max:  0.0, Diff:  0.0, Sum:  0.0, Workers: 8
[432.397s][debug][gc,phases      ] GC(2973)       Dirty Cards:              Min: 0, Avg:  0.0, Max: 0, Diff: 0, Sum: 0, Workers: 8
[432.397s][debug][gc,phases      ] GC(2973)       Skipped Cards:            Min: 0, Avg:  0.0, Max: 0, Diff: 0, Sum: 0, Workers: 8
[432.397s][debug][gc,phases      ] GC(2973)     Log Buffers (ms):         Min:  0.0, Avg:  0.0, Max:  0.0, Diff:  0.0, Sum:  0.0, Workers: 8
[432.397s][debug][gc,phases      ] GC(2973)       Dirty Cards:              Min: 0, Avg:  0.1, Max: 1, Diff: 1, Sum: 1, Workers: 8
[432.397s][debug][gc,phases      ] GC(2973)       Skipped Cards:            Min: 0, Avg:  0.0, Max: 0, Diff: 0, Sum: 0, Workers: 8
[432.397s][info ][gc,phases      ] GC(2973)   Evacuate Collection Set: 0.1ms
[432.397s][debug][gc,phases      ] GC(2973)     Ext Root Scanning (ms):   Min:  0.0, Avg:  0.0, Max:  0.1, Diff:  0.1, Sum:  0.2, Workers: 8
[432.397s][debug][gc,phases      ] GC(2973)     Scan Heap Roots (ms):     Min:  0.0, Avg:  0.0, Max:  0.0, Diff:  0.0, Sum:  0.0, Workers: 8
[432.397s][debug][gc,phases      ] GC(2973)       Scanned Cards:            Min: 0, Avg:  0.1, Max: 1, Diff: 1, Sum: 1, Workers: 8
[432.397s][debug][gc,phases      ] GC(2973)       Scanned Blocks:           Min: 0, Avg:  0.1, Max: 1, Diff: 1, Sum: 1, Workers: 8
[432.397s][debug][gc,phases      ] GC(2973)       Claimed Chunks:           Min: 0, Avg:  0.1, Max: 1, Diff: 1, Sum: 1, Workers: 8
[432.397s][debug][gc,phases      ] GC(2973)     Code Root Scan (ms):      Min:  0.0, Avg:  0.0, Max:  0.0, Diff:  0.0, Sum:  0.0, Workers: 8
[432.397s][debug][gc,phases      ] GC(2973)     Object Copy (ms):         Min:  0.0, Avg:  0.0, Max:  0.0, Diff:  0.0, Sum:  0.0, Workers: 8
[432.397s][debug][gc,phases      ] GC(2973)     Termination (ms):         Min:  0.0, Avg:  0.1, Max:  0.1, Diff:  0.0, Sum:  0.4, Workers: 8
[432.397s][debug][gc,phases      ] GC(2973)       Termination Attempts:     Min: 1, Avg:  1.0, Max: 1, Diff: 0, Sum: 8, Workers: 8
[432.397s][debug][gc,phases      ] GC(2973)     GC Worker Other (ms):     Min:  0.0, Avg:  0.0, Max:  0.0, Diff:  0.0, Sum:  0.1, Workers: 8
[432.397s][debug][gc,phases      ] GC(2973)     GC Worker Total (ms):     Min:  0.1, Avg:  0.1, Max:  0.1, Diff:  0.0, Sum:  0.8, Workers: 8
[432.397s][info ][gc,phases      ] GC(2973)   Post Evacuate Collection Set: 0.3ms
[432.397s][debug][gc,phases      ] GC(2973)     Code Roots Fixup: 0.0ms
[432.397s][debug][gc,phases      ] GC(2973)     Clear Card Table: 0.1ms
[432.398s][debug][gc,phases      ] GC(2973)     Reference Processing: 0.0ms
[432.398s][debug][gc,phases,ref  ] GC(2973)       Reconsider SoftReferences: 0.0ms
[432.398s][debug][gc,phases,ref  ] GC(2973)         SoftRef (ms):             skipped
[432.398s][debug][gc,phases,ref  ] GC(2973)       Notify Soft/WeakReferences: 0.0ms
[432.398s][debug][gc,phases,ref  ] GC(2973)         SoftRef (ms):             skipped
[432.398s][debug][gc,phases,ref  ] GC(2973)         WeakRef (ms):             skipped
[432.398s][debug][gc,phases,ref  ] GC(2973)         FinalRef (ms):            skipped
[432.398s][debug][gc,phases,ref  ] GC(2973)         Total (ms):               skipped
[432.398s][debug][gc,phases,ref  ] GC(2973)       Notify and keep alive finalizable: 0.0ms
[432.398s][debug][gc,phases,ref  ] GC(2973)         FinalRef (ms):            skipped
[432.398s][debug][gc,phases,ref  ] GC(2973)       Notify PhantomReferences: 0.0ms
[432.398s][debug][gc,phases,ref  ] GC(2973)         PhantomRef (ms):          skipped
[432.398s][debug][gc,phases,ref  ] GC(2973)       SoftReference:
[432.398s][debug][gc,phases,ref  ] GC(2973)         Discovered: 0
[432.398s][debug][gc,phases,ref  ] GC(2973)         Cleared: 0
[432.398s][debug][gc,phases,ref  ] GC(2973)       WeakReference:
[432.398s][debug][gc,phases,ref  ] GC(2973)         Discovered: 0
[432.398s][debug][gc,phases,ref  ] GC(2973)         Cleared: 0
[432.398s][debug][gc,phases,ref  ] GC(2973)       FinalReference:
[432.398s][debug][gc,phases,ref  ] GC(2973)         Discovered: 0
[432.398s][debug][gc,phases,ref  ] GC(2973)         Cleared: 0
[432.398s][debug][gc,phases,ref  ] GC(2973)       PhantomReference:
[432.398s][debug][gc,phases,ref  ] GC(2973)         Discovered: 0
[432.398s][debug][gc,phases,ref  ] GC(2973)         Cleared: 0
[432.398s][debug][gc,phases      ] GC(2973)     Weak Processing: 0.1ms
[432.398s][debug][gc,phases      ] GC(2973)       JVMTI weak processing: 0.0ms
[432.398s][debug][gc,phases      ] GC(2973)         Dead: 0
[432.398s][debug][gc,phases      ] GC(2973)         Total: 0
[432.398s][debug][gc,phases      ] GC(2973)       JFR weak processing: 0.0ms
[432.398s][debug][gc,phases      ] GC(2973)         Dead: 0
[432.398s][debug][gc,phases      ] GC(2973)         Total: 0
[432.398s][debug][gc,phases      ] GC(2973)       JNI weak                  Min:  0.0, Avg:  0.0, Max:  0.0, Diff:  0.0, Sum:  0.0, Workers: 5
[432.398s][debug][gc,phases      ] GC(2973)         Dead                      Min: 0, Avg:  0.0, Max: 0, Diff: 0, Sum: 0, Workers: 5
[432.398s][debug][gc,phases      ] GC(2973)         Total                     Min: 0, Avg: 13.6, Max: 52, Diff: 52, Sum: 68, Workers: 5
[432.398s][debug][gc,phases      ] GC(2973)       VM weak                   Min:  0.0, Avg:  0.0, Max:  0.0, Diff:  0.0, Sum:  0.0, Workers: 5
[432.398s][debug][gc,phases      ] GC(2973)         Dead                      Min: 0, Avg:  0.0, Max: 0, Diff: 0, Sum: 0, Workers: 5
[432.398s][debug][gc,phases      ] GC(2973)         Total                     Min: 0, Avg: 42.6, Max: 128, Diff: 128, Sum: 213, Workers: 5
[432.398s][debug][gc,phases      ] GC(2973)       StringTable weak          Min:  0.0, Avg:  0.0, Max:  0.0, Diff:  0.0, Sum:  0.1, Workers: 5
[432.398s][debug][gc,phases      ] GC(2973)         Dead                      Min: 0, Avg:  0.0, Max: 0, Diff: 0, Sum: 0, Workers: 5
[432.398s][debug][gc,phases      ] GC(2973)         Total                     Min: 0, Avg: 682.0, Max: 1728, Diff: 1728, Sum: 3410, Workers: 5
[432.398s][debug][gc,phases      ] GC(2973)       ResolvedMethodTable weak  Min:  0.0, Avg:  0.0, Max:  0.0, Diff:  0.0, Sum:  0.0, Workers: 5
[432.398s][debug][gc,phases      ] GC(2973)         Dead                      Min: 0, Avg:  0.0, Max: 0, Diff: 0, Sum: 0, Workers: 5
[432.398s][debug][gc,phases      ] GC(2973)         Total                     Min: 0, Avg: 114.8, Max: 256, Diff: 256, Sum: 574, Workers: 5
[432.398s][debug][gc,phases      ] GC(2973)     Merge Per-Thread State: 0.0ms
[432.398s][debug][gc,phases      ] GC(2973)       Copied Bytes              Min: 24, Avg: 51.0, Max: 96, Diff: 72, Sum: 408, Workers: 8
[432.398s][debug][gc,phases      ] GC(2973)       LAB Waste                 Min: 0, Avg:  0.0, Max: 0, Diff: 0, Sum: 0, Workers: 8
[432.398s][debug][gc,phases      ] GC(2973)       LAB Undo Waste            Min: 0, Avg:  0.0, Max: 0, Diff: 0, Sum: 0, Workers: 8
[432.398s][debug][gc,phases      ] GC(2973)     Code Roots Purge: 0.0ms
[432.398s][debug][gc,phases      ] GC(2973)     Redirty Cards: 0.0ms
[432.398s][debug][gc,phases      ] GC(2973)     DerivedPointerTable Update: 0.0ms
[432.398s][debug][gc,phases      ] GC(2973)     Free Collection Set: 0.1ms
[432.398s][debug][gc,phases      ] GC(2973)     Rebuild Free List: 0.0ms
[432.398s][debug][gc,phases      ] GC(2973)     Humongous Reclaim: 0.0ms
[432.398s][debug][gc,phases      ] GC(2973)     Start New Collection Set: 0.0ms
[432.398s][debug][gc,phases      ] GC(2973)     Resize TLABs: 0.0ms
[432.398s][debug][gc,phases      ] GC(2973)     Expand Heap After Collection: 0.0ms
[432.398s][info ][gc,phases      ] GC(2973)   Other: 0.3ms
[432.398s][info ][gc,heap        ] GC(2973) Eden regions: 180->0(180)
[432.398s][info ][gc,heap        ] GC(2973) Survivor regions: 1->1(23)
[432.398s][info ][gc,heap        ] GC(2973) Old regions: 7->7
[432.398s][info ][gc,heap        ] GC(2973) Archive regions: 2->2
[432.398s][info ][gc,heap        ] GC(2973) Humongous regions: 0->0
[432.398s][info ][gc,metaspace   ] GC(2973) Metaspace: 9905K(10624K)->9905K(10624K) NonClass: 8758K(9216K)->8758K(9216K) Class: 1146K(1408K)->1146K(1408K)
[432.398s][debug][gc,heap        ] GC(2973) Heap after GC invocations=2974 (full 1): garbage-first heap   total 309248K, used 4073K [0x0000000700000000, 0x0000000800000000)
[432.398s][debug][gc,heap        ] GC(2973)   region size 1024K, 1 young (1024K), 1 survivors (1024K)
[432.398s][debug][gc,heap        ] GC(2973)  Metaspace       used 9905K, capacity 10179K, committed 10624K, reserved 1058816K
[432.398s][debug][gc,heap        ] GC(2973)   class space    used 1146K, capacity 1267K, committed 1408K, reserved 1048576K
[432.398s][info ][gc             ] GC(2973) Pause Young (Normal) (G1 Evacuation Pause) 183M->3M(302M) 1.519ms
[432.398s][info ][gc,cpu         ] GC(2973) User=0.00s Sys=0.00s Real=0.00s
[432.398s][info ][safepoint      ] Safepoint "G1CollectForAllocation", Time since last: 144055332 ns, Reaching safepoint: 128909 ns, At safepoint: 1678223 ns, Total: 1807132 ns
[432.543s][debug][gc,heap        ] GC(2974) Heap before GC invocations=2974 (full 1): garbage-first heap   total 309248K, used 188393K [0x0000000700000000, 0x0000000800000000)
[432.543s][debug][gc,heap        ] GC(2974)   region size 1024K, 181 young (185344K), 1 survivors (1024K)
[432.543s][debug][gc,heap        ] GC(2974)  Metaspace       used 9905K, capacity 10179K, committed 10624K, reserved 1058816K
[432.543s][debug][gc,heap        ] GC(2974)   class space    used 1146K, capacity 1267K, committed 1408K, reserved 1048576K
[432.543s][info ][gc,start       ] GC(2974) Pause Young (Normal) (G1 Evacuation Pause)
[432.543s][info ][gc,task        ] GC(2974) Using 8 workers of 8 for evacuation
[432.543s][debug][gc,tlab        ] GC(2974) TLAB totals: thrds: 8  refills: 722 max: 96 slow allocs: 0 max 0 waste:  1.2% gc: 1901248B max: 469120B slow: 418696B max: 55456B fast: 0B max: 0B
[432.543s][debug][gc,age         ] GC(2974) Desired survivor size 12058624 bytes, new threshold 15 (max threshold 15)
[432.543s][debug][gc,alloc,region] GC(2974) Mutator Allocation stats, regions: 180, wasted size: 0B ( 0.0%)
[432.543s][debug][gc,ergo        ] GC(2974) Running G1 Merge Heap Roots using 8 workers for 181 regions
[432.543s][debug][gc,remset      ] GC(2974) Visited cards 256 Total dirty 2048 (12.50%) Total old 759808 (0.03%)
[432.543s][debug][gc,ergo        ] GC(2974) Running G1 Clear Card Table Task using 1 workers for 1 units of work for 182 regions.
[432.543s][debug][gc,ref         ] GC(2974) Skipped phase1 of Reference Processing due to unavailable references
[432.543s][debug][gc,ref         ] GC(2974) Skipped phase2 of Reference Processing due to unavailable references
[432.543s][debug][gc,ref         ] GC(2974) Skipped phase3 of Reference Processing due to unavailable references
[432.543s][debug][gc,ref         ] GC(2974) Skipped phase4 of Reference Processing due to unavailable references
[432.543s][debug][gc,ergo        ] GC(2974) Running G1 Free Collection Set using 8 workers for collection set length 181 (302)
[432.543s][debug][gc,ergo        ] GC(2974) Running G1 Rebuild Free List Task using 8 workers for rebuilding free list of 0 (4096) regions
[432.543s][trace][gc,age         ] GC(2974) Age table with threshold 15 (max threshold 15)
[432.543s][trace][gc,age         ] GC(2974) - age   1:        568 bytes,        568 total
[432.543s][debug][gc,plab        ] GC(2974) Young PLAB allocation: allocated: 14448B, wasted: 0B, unused: 13880B, used: 568B, undo waste: 0B, 
[432.543s][debug][gc,plab        ] GC(2974) Young other allocation: region end waste: 0B, regions filled: 1, direct allocated: 0B, failure used: 0B, failure wasted: 0B
[432.543s][debug][gc,plab        ] GC(2974) Young sizing: calculated: 112B, actual: 2064B
[432.543s][debug][gc,plab        ] GC(2974) Old PLAB allocation: allocated: 0B, wasted: 0B, unused: 0B, used: 0B, undo waste: 0B, 
[432.543s][debug][gc,plab        ] GC(2974) Old other allocation: region end waste: 0B, regions filled: 1, direct allocated: 0B, failure used: 0B, failure wasted: 0B
[432.543s][debug][gc,plab        ] GC(2974) Old sizing: calculated: 0B, actual: 2064B
[432.543s][debug][gc,ihop        ] GC(2974) Basic information (value update), threshold: 142501478B (45.00), target occupancy: 316669952B, current occupancy: 4169192B, recent allocation size: 0B, recent allocation duration: 145.40ms, recent old gen allocation rate: 0.00B/s, recent marking phase length: 0.00ms
[432.543s][debug][gc,ihop        ] GC(2974) Adaptive IHOP information (value update), threshold: 142501478B (47.37), internal target occupancy: 300836454B, occupancy: 4169192B, additional buffer size: 189792256B, predicted old gen allocation rate: 0.00B/s, predicted marking phase length: 0.00ms, prediction active: false
[432.543s][debug][gc,ergo,refine ] GC(2974) Concurrent refinement times: Logged Cards Scan time goal: 20.00ms Logged Cards Scan time: 0.00ms HCC time: 0.00ms
[432.543s][debug][gc,ergo,refine ] GC(2974) Updated Refinement Zones: green: 2048, yellow: 6144, red: 10240
[432.543s][info ][gc,phases      ] GC(2974)   Pre Evacuate Collection Set: 0.1ms
[432.543s][debug][gc,phases      ] GC(2974)     Prepare TLABs: 0.0ms
[432.543s][debug][gc,phases      ] GC(2974)     Choose Collection Set: 0.0ms
[432.543s][debug][gc,phases      ] GC(2974)     Region Register: 0.1ms
[432.543s][debug][gc,phases      ] GC(2974)     Prepare Heap Roots: 0.0ms
[432.543s][info ][gc,phases      ] GC(2974)   Merge Heap Roots: 0.1ms
[432.543s][debug][gc,phases      ] GC(2974)     Prepare Merge Heap Roots: 0.0ms
[432.543s][debug][gc,phases      ] GC(2974)     Eager Reclaim (ms):       skipped
[432.543s][debug][gc,phases      ] GC(2974)     Remembered Sets (ms):     Min:  0.0, Avg:  0.0, Max:  0.0, Diff:  0.0, Sum:  0.0, Workers: 8
[432.544s][debug][gc,phases      ] GC(2974)       Merged Sparse:            Min: 0, Avg:  0.0, Max: 0, Diff: 0, Sum: 0, Workers: 8
[432.544s][debug][gc,phases      ] GC(2974)       Merged Fine:              Min: 0, Avg:  0.0, Max: 0, Diff: 0, Sum: 0, Workers: 8
[432.544s][debug][gc,phases      ] GC(2974)       Merged Coarse:            Min: 0, Avg:  0.0, Max: 0, Diff: 0, Sum: 0, Workers: 8
[432.544s][debug][gc,phases      ] GC(2974)       Dirty Cards:              Min: 0, Avg:  0.0, Max: 0, Diff: 0, Sum: 0, Workers: 8
[432.544s][debug][gc,phases      ] GC(2974)     Hot Card Cache (ms):      Min:  0.0, Avg:  0.0, Max:  0.0, Diff:  0.0, Sum:  0.0, Workers: 8
[432.544s][debug][gc,phases      ] GC(2974)       Dirty Cards:              Min: 0, Avg:  0.0, Max: 0, Diff: 0, Sum: 0, Workers: 8
[432.544s][debug][gc,phases      ] GC(2974)       Skipped Cards:            Min: 0, Avg:  0.0, Max: 0, Diff: 0, Sum: 0, Workers: 8
[432.544s][debug][gc,phases      ] GC(2974)     Log Buffers (ms):         Min:  0.0, Avg:  0.0, Max:  0.0, Diff:  0.0, Sum:  0.0, Workers: 8
[432.544s][debug][gc,phases      ] GC(2974)       Dirty Cards:              Min: 0, Avg:  0.1, Max: 1, Diff: 1, Sum: 1, Workers: 8
[432.544s][debug][gc,phases      ] GC(2974)       Skipped Cards:            Min: 0, Avg:  0.0, Max: 0, Diff: 0, Sum: 0, Workers: 8
[432.544s][info ][gc,phases      ] GC(2974)   Evacuate Collection Set: 0.1ms
[432.544s][debug][gc,phases      ] GC(2974)     Ext Root Scanning (ms):   Min:  0.0, Avg:  0.0, Max:  0.1, Diff:  0.1, Sum:  0.2, Workers: 8
[432.544s][debug][gc,phases      ] GC(2974)     Scan Heap Roots (ms):     Min:  0.0, Avg:  0.0, Max:  0.0, Diff:  0.0, Sum:  0.0, Workers: 8
[432.544s][debug][gc,phases      ] GC(2974)       Scanned Cards:            Min: 0, Avg:  0.1, Max: 1, Diff: 1, Sum: 1, Workers: 8
[432.544s][debug][gc,phases      ] GC(2974)       Scanned Blocks:           Min: 0, Avg:  0.1, Max: 1, Diff: 1, Sum: 1, Workers: 8
[432.544s][debug][gc,phases      ] GC(2974)       Claimed Chunks:           Min: 0, Avg:  0.1, Max: 1, Diff: 1, Sum: 1, Workers: 8
[432.544s][debug][gc,phases      ] GC(2974)     Code Root Scan (ms):      Min:  0.0, Avg:  0.0, Max:  0.0, Diff:  0.0, Sum:  0.0, Workers: 8
[432.544s][debug][gc,phases      ] GC(2974)     Object Copy (ms):         Min:  0.0, Avg:  0.0, Max:  0.0, Diff:  0.0, Sum:  0.0, Workers: 8
[432.544s][debug][gc,phases      ] GC(2974)     Termination (ms):         Min:  0.0, Avg:  0.0, Max:  0.1, Diff:  0.0, Sum:  0.4, Workers: 8
[432.544s][debug][gc,phases      ] GC(2974)       Termination Attempts:     Min: 1, Avg:  1.0, Max: 1, Diff: 0, Sum: 8, Workers: 8
[432.544s][debug][gc,phases      ] GC(2974)     GC Worker Other (ms):     Min:  0.0, Avg:  0.0, Max:  0.0, Diff:  0.0, Sum:  0.1, Workers: 8
[432.544s][debug][gc,phases      ] GC(2974)     GC Worker Total (ms):     Min:  0.1, Avg:  0.1, Max:  0.1, Diff:  0.1, Sum:  0.8, Workers: 8
[432.544s][info ][gc,phases      ] GC(2974)   Post Evacuate Collection Set: 0.3ms
[432.544s][debug][gc,phases      ] GC(2974)     Code Roots Fixup: 0.0ms
[432.544s][debug][gc,phases      ] GC(2974)     Clear Card Table: 0.1ms
[432.544s][debug][gc,phases      ] GC(2974)     Reference Processing: 0.0ms
[432.544s][debug][gc,phases,ref  ] GC(2974)       Reconsider SoftReferences: 0.0ms
[432.544s][debug][gc,phases,ref  ] GC(2974)         SoftRef (ms):             skipped
[432.544s][debug][gc,phases,ref  ] GC(2974)       Notify Soft/WeakReferences: 0.0ms
[432.544s][debug][gc,phases,ref  ] GC(2974)         SoftRef (ms):             skipped
[432.544s][debug][gc,phases,ref  ] GC(2974)         WeakRef (ms):             skipped
[432.544s][debug][gc,phases,ref  ] GC(2974)         FinalRef (ms):            skipped
[432.544s][debug][gc,phases,ref  ] GC(2974)         Total (ms):               skipped
[432.544s][debug][gc,phases,ref  ] GC(2974)       Notify and keep alive finalizable: 0.0ms
[432.544s][debug][gc,phases,ref  ] GC(2974)         FinalRef (ms):            skipped
[432.544s][debug][gc,phases,ref  ] GC(2974)       Notify PhantomReferences: 0.0ms
[432.544s][debug][gc,phases,ref  ] GC(2974)         PhantomRef (ms):          skipped
[432.544s][debug][gc,phases,ref  ] GC(2974)       SoftReference:
[432.544s][debug][gc,phases,ref  ] GC(2974)         Discovered: 0
[432.544s][debug][gc,phases,ref  ] GC(2974)         Cleared: 0
[432.544s][debug][gc,phases,ref  ] GC(2974)       WeakReference:
[432.544s][debug][gc,phases,ref  ] GC(2974)         Discovered: 0
[432.544s][debug][gc,phases,ref  ] GC(2974)         Cleared: 0
[432.544s][debug][gc,phases,ref  ] GC(2974)       FinalReference:
[432.544s][debug][gc,phases,ref  ] GC(2974)         Discovered: 0
[432.544s][debug][gc,phases,ref  ] GC(2974)         Cleared: 0
[432.544s][debug][gc,phases,ref  ] GC(2974)       PhantomReference:
[432.544s][debug][gc,phases,ref  ] GC(2974)         Discovered: 0
[432.544s][debug][gc,phases,ref  ] GC(2974)         Cleared: 0
[432.544s][debug][gc,phases      ] GC(2974)     Weak Processing: 0.1ms
[432.544s][debug][gc,phases      ] GC(2974)       JVMTI weak processing: 0.0ms
[432.544s][debug][gc,phases      ] GC(2974)         Dead: 0
[432.544s][debug][gc,phases      ] GC(2974)         Total: 0
[432.544s][debug][gc,phases      ] GC(2974)       JFR weak processing: 0.0ms
[432.544s][debug][gc,phases      ] GC(2974)         Dead: 0
[432.544s][debug][gc,phases      ] GC(2974)         Total: 0
[432.544s][debug][gc,phases      ] GC(2974)       JNI weak                  Min:  0.0, Avg:  0.0, Max:  0.0, Diff:  0.0, Sum:  0.0, Workers: 5
[432.544s][debug][gc,phases      ] GC(2974)         Dead                      Min: 0, Avg:  0.0, Max: 0, Diff: 0, Sum: 0, Workers: 5
[432.544s][debug][gc,phases      ] GC(2974)         Total                     Min: 0, Avg: 13.6, Max: 68, Diff: 68, Sum: 68, Workers: 5
[432.544s][debug][gc,phases      ] GC(2974)       VM weak                   Min:  0.0, Avg:  0.0, Max:  0.0, Diff:  0.0, Sum:  0.0, Workers: 5
[432.544s][debug][gc,phases      ] GC(2974)         Dead                      Min: 0, Avg:  0.0, Max: 0, Diff: 0, Sum: 0, Workers: 5
[432.544s][debug][gc,phases      ] GC(2974)         Total                     Min: 0, Avg: 42.6, Max: 213, Diff: 213, Sum: 213, Workers: 5
[432.544s][debug][gc,phases      ] GC(2974)       StringTable weak          Min:  0.0, Avg:  0.0, Max:  0.0, Diff:  0.0, Sum:  0.0, Workers: 5
[432.544s][debug][gc,phases      ] GC(2974)         Dead                      Min: 0, Avg:  0.0, Max: 0, Diff: 0, Sum: 0, Workers: 5
[432.544s][debug][gc,phases      ] GC(2974)         Total                     Min: 0, Avg: 682.0, Max: 3154, Diff: 3154, Sum: 3410, Workers: 5
[432.544s][debug][gc,phases      ] GC(2974)       ResolvedMethodTable weak  Min:  0.0, Avg:  0.0, Max:  0.0, Diff:  0.0, Sum:  0.0, Workers: 5
[432.544s][debug][gc,phases      ] GC(2974)         Dead                      Min: 0, Avg:  0.0, Max: 0, Diff: 0, Sum: 0, Workers: 5
[432.544s][debug][gc,phases      ] GC(2974)         Total                     Min: 0, Avg: 114.8, Max: 192, Diff: 192, Sum: 574, Workers: 5
[432.544s][debug][gc,phases      ] GC(2974)     Merge Per-Thread State: 0.0ms
[432.544s][debug][gc,phases      ] GC(2974)       Copied Bytes              Min: 0, Avg: 71.0, Max: 200, Diff: 200, Sum: 568, Workers: 8
[432.544s][debug][gc,phases      ] GC(2974)       LAB Waste                 Min: 0, Avg:  0.0, Max: 0, Diff: 0, Sum: 0, Workers: 8
[432.544s][debug][gc,phases      ] GC(2974)       LAB Undo Waste            Min: 0, Avg:  0.0, Max: 0, Diff: 0, Sum: 0, Workers: 8
[432.544s][debug][gc,phases      ] GC(2974)     Code Roots Purge: 0.0ms
[432.544s][debug][gc,phases      ] GC(2974)     Redirty Cards: 0.0ms
[432.544s][debug][gc,phases      ] GC(2974)     DerivedPointerTable Update: 0.0ms
[432.544s][debug][gc,phases      ] GC(2974)     Free Collection Set: 0.1ms
[432.544s][debug][gc,phases      ] GC(2974)     Rebuild Free List: 0.0ms
[432.544s][debug][gc,phases      ] GC(2974)     Humongous Reclaim: 0.0ms
[432.544s][debug][gc,phases      ] GC(2974)     Start New Collection Set: 0.0ms
[432.544s][debug][gc,phases      ] GC(2974)     Resize TLABs: 0.0ms
[432.544s][debug][gc,phases      ] GC(2974)     Expand Heap After Collection: 0.0ms
[432.544s][info ][gc,phases      ] GC(2974)   Other: 0.3ms
[432.544s][info ][gc,heap        ] GC(2974) Eden regions: 180->0(180)
[432.544s][info ][gc,heap        ] GC(2974) Survivor regions: 1->1(23)
[432.544s][info ][gc,heap        ] GC(2974) Old regions: 7->7
[432.544s][info ][gc,heap        ] GC(2974) Archive regions: 2->2
[432.544s][info ][gc,heap        ] GC(2974) Humongous regions: 0->0
[432.544s][info ][gc,metaspace   ] GC(2974) Metaspace: 9905K(10624K)->9905K(10624K) NonClass: 8758K(9216K)->8758K(9216K) Class: 1146K(1408K)->1146K(1408K)
[432.544s][debug][gc,heap        ] GC(2974) Heap after GC invocations=2975 (full 1): garbage-first heap   total 309248K, used 4071K [0x0000000700000000, 0x0000000800000000)
[432.544s][debug][gc,heap        ] GC(2974)   region size 1024K, 1 young (1024K), 1 survivors (1024K)
[432.544s][debug][gc,heap        ] GC(2974)  Metaspace       used 9905K, capacity 10179K, committed 10624K, reserved 1058816K
[432.544s][debug][gc,heap        ] GC(2974)   class space    used 1146K, capacity 1267K, committed 1408K, reserved 1048576K
[432.544s][info ][gc             ] GC(2974) Pause Young (Normal) (G1 Evacuation Pause) 183M->3M(302M) 1.499ms
[432.544s][info ][gc,cpu         ] GC(2974) User=0.01s Sys=0.00s Real=0.01s
[432.544s][info ][safepoint      ] Safepoint "G1CollectForAllocation", Time since last: 144381678 ns, Reaching safepoint: 124126 ns, At safepoint: 1656137 ns, Total: 1780263 ns
[432.692s][debug][gc,heap        ] GC(2975) Heap before GC invocations=2975 (full 1): garbage-first heap   total 309248K, used 188391K [0x0000000700000000, 0x0000000800000000)
[432.692s][debug][gc,heap        ] GC(2975)   region size 1024K, 181 young (185344K), 1 survivors (1024K)
[432.692s][debug][gc,heap        ] GC(2975)  Metaspace       used 9905K, capacity 10179K, committed 10624K, reserved 1058816K
[432.692s][debug][gc,heap        ] GC(2975)   class space    used 1146K, capacity 1267K, committed 1408K, reserved 1048576K
[432.692s][info ][gc,start       ] GC(2975) Pause Young (Normal) (G1 Evacuation Pause)
[432.692s][info ][gc,task        ] GC(2975) Using 8 workers of 8 for evacuation
[432.692s][debug][gc,tlab        ] GC(2975) TLAB totals: thrds: 8  refills: 723 max: 97 slow allocs: 0 max 0 waste:  1.0% gc: 1486048B max: 434192B slow: 418576B max: 56024B fast: 0B max: 0B
[432.692s][debug][gc,age         ] GC(2975) Desired survivor size 12058624 bytes, new threshold 15 (max threshold 15)
[432.692s][debug][gc,alloc,region] GC(2975) Mutator Allocation stats, regions: 180, wasted size: 0B ( 0.0%)
[432.692s][debug][gc,ergo        ] GC(2975) Running G1 Merge Heap Roots using 8 workers for 181 regions
[432.693s][debug][gc,remset      ] GC(2975) Visited cards 256 Total dirty 2048 (12.50%) Total old 759808 (0.03%)
[432.693s][debug][gc,ergo        ] GC(2975) Running G1 Clear Card Table Task using 1 workers for 1 units of work for 182 regions.
[432.693s][debug][gc,ref         ] GC(2975) Skipped phase1 of Reference Processing due to unavailable references
[432.693s][debug][gc,ref         ] GC(2975) Skipped phase2 of Reference Processing due to unavailable references
[432.693s][debug][gc,ref         ] GC(2975) Skipped phase3 of Reference Processing due to unavailable references
[432.693s][debug][gc,ref         ] GC(2975) Skipped phase4 of Reference Processing due to unavailable references
[432.693s][debug][gc,ergo        ] GC(2975) Running G1 Free Collection Set using 8 workers for collection set length 181 (302)
[432.693s][debug][gc,ergo        ] GC(2975) Running G1 Rebuild Free List Task using 8 workers for rebuilding free list of 0 (4096) regions
[432.693s][trace][gc,age         ] GC(2975) Age table with threshold 15 (max threshold 15)
[432.693s][trace][gc,age         ] GC(2975) - age   1:        592 bytes,        592 total
[432.693s][debug][gc,plab        ] GC(2975) Young PLAB allocation: allocated: 10320B, wasted: 0B, unused: 9728B, used: 592B, undo waste: 0B, 
[432.693s][debug][gc,plab        ] GC(2975) Young other allocation: region end waste: 0B, regions filled: 1, direct allocated: 0B, failure used: 0B, failure wasted: 0B
[432.693s][debug][gc,plab        ] GC(2975) Young sizing: calculated: 112B, actual: 2064B
[432.693s][debug][gc,plab        ] GC(2975) Old PLAB allocation: allocated: 0B, wasted: 0B, unused: 0B, used: 0B, undo waste: 0B, 
[432.693s][debug][gc,plab        ] GC(2975) Old other allocation: region end waste: 0B, regions filled: 1, direct allocated: 0B, failure used: 0B, failure wasted: 0B
[432.693s][debug][gc,plab        ] GC(2975) Old sizing: calculated: 0B, actual: 2064B
[432.693s][debug][gc,ihop        ] GC(2975) Basic information (value update), threshold: 142501478B (45.00), target occupancy: 316669952B, current occupancy: 4165064B, recent allocation size: 0B, recent allocation duration: 148.91ms, recent old gen allocation rate: 0.00B/s, recent marking phase length: 0.00ms
[432.693s][debug][gc,ihop        ] GC(2975) Adaptive IHOP information (value update), threshold: 142501478B (47.37), internal target occupancy: 300836454B, occupancy: 4165064B, additional buffer size: 189792256B, predicted old gen allocation rate: 0.00B/s, predicted marking phase length: 0.00ms, prediction active: false
[432.693s][debug][gc,ergo,refine ] GC(2975) Concurrent refinement times: Logged Cards Scan time goal: 20.00ms Logged Cards Scan time: 0.00ms HCC time: 0.00ms
[432.693s][debug][gc,ergo,refine ] GC(2975) Updated Refinement Zones: green: 2048, yellow: 6144, red: 10240
[432.693s][info ][gc,phases      ] GC(2975)   Pre Evacuate Collection Set: 0.1ms
[432.693s][debug][gc,phases      ] GC(2975)     Prepare TLABs: 0.0ms
[432.693s][debug][gc,phases      ] GC(2975)     Choose Collection Set: 0.0ms
[432.693s][debug][gc,phases      ] GC(2975)     Region Register: 0.1ms
[432.693s][debug][gc,phases      ] GC(2975)     Prepare Heap Roots: 0.0ms
[432.693s][info ][gc,phases      ] GC(2975)   Merge Heap Roots: 0.1ms
[432.693s][debug][gc,phases      ] GC(2975)     Prepare Merge Heap Roots: 0.0ms
[432.693s][debug][gc,phases      ] GC(2975)     Eager Reclaim (ms):       skipped
[432.693s][debug][gc,phases      ] GC(2975)     Remembered Sets (ms):     Min:  0.0, Avg:  0.0, Max:  0.0, Diff:  0.0, Sum:  0.0, Workers: 8
[432.693s][debug][gc,phases      ] GC(2975)       Merged Sparse:            Min: 0, Avg:  0.0, Max: 0, Diff: 0, Sum: 0, Workers: 8
[432.693s][debug][gc,phases      ] GC(2975)       Merged Fine:              Min: 0, Avg:  0.0, Max: 0, Diff: 0, Sum: 0, Workers: 8
[432.693s][debug][gc,phases      ] GC(2975)       Merged Coarse:            Min: 0, Avg:  0.0, Max: 0, Diff: 0, Sum: 0, Workers: 8
[432.693s][debug][gc,phases      ] GC(2975)       Dirty Cards:              Min: 0, Avg:  0.0, Max: 0, Diff: 0, Sum: 0, Workers: 8
[432.693s][debug][gc,phases      ] GC(2975)     Hot Card Cache (ms):      Min:  0.0, Avg:  0.0, Max:  0.0, Diff:  0.0, Sum:  0.0, Workers: 8
[432.693s][debug][gc,phases      ] GC(2975)       Dirty Cards:              Min: 0, Avg:  0.0, Max: 0, Diff: 0, Sum: 0, Workers: 8
[432.693s][debug][gc,phases      ] GC(2975)       Skipped Cards:            Min: 0, Avg:  0.0, Max: 0, Diff: 0, Sum: 0, Workers: 8
[432.693s][debug][gc,phases      ] GC(2975)     Log Buffers (ms):         Min:  0.0, Avg:  0.0, Max:  0.0, Diff:  0.0, Sum:  0.0, Workers: 8
[432.693s][debug][gc,phases      ] GC(2975)       Dirty Cards:              Min: 0, Avg:  0.1, Max: 1, Diff: 1, Sum: 1, Workers: 8
[432.693s][debug][gc,phases      ] GC(2975)       Skipped Cards:            Min: 0, Avg:  0.0, Max: 0, Diff: 0, Sum: 0, Workers: 8
[432.693s][info ][gc,phases      ] GC(2975)   Evacuate Collection Set: 0.2ms
[432.693s][debug][gc,phases      ] GC(2975)     Ext Root Scanning (ms):   Min:  0.0, Avg:  0.0, Max:  0.1, Diff:  0.1, Sum:  0.2, Workers: 8
[432.693s][debug][gc,phases      ] GC(2975)     Scan Heap Roots (ms):     Min:  0.0, Avg:  0.0, Max:  0.0, Diff:  0.0, Sum:  0.0, Workers: 8
[432.693s][debug][gc,phases      ] GC(2975)       Scanned Cards:            Min: 0, Avg:  0.1, Max: 1, Diff: 1, Sum: 1, Workers: 8
[432.693s][debug][gc,phases      ] GC(2975)       Scanned Blocks:           Min: 0, Avg:  0.1, Max: 1, Diff: 1, Sum: 1, Workers: 8
[432.693s][debug][gc,phases      ] GC(2975)       Claimed Chunks:           Min: 0, Avg:  0.1, Max: 1, Diff: 1, Sum: 1, Workers: 8
[432.693s][debug][gc,phases      ] GC(2975)     Code Root Scan (ms):      Min:  0.0, Avg:  0.0, Max:  0.0, Diff:  0.0, Sum:  0.0, Workers: 8
[432.693s][debug][gc,phases      ] GC(2975)     Object Copy (ms):         Min:  0.0, Avg:  0.0, Max:  0.0, Diff:  0.0, Sum:  0.0, Workers: 8
[432.693s][debug][gc,phases      ] GC(2975)     Termination (ms):         Min:  0.1, Avg:  0.1, Max:  0.1, Diff:  0.0, Sum:  0.6, Workers: 8
[432.693s][debug][gc,phases      ] GC(2975)       Termination Attempts:     Min: 1, Avg:  1.0, Max: 1, Diff: 0, Sum: 8, Workers: 8
[432.693s][debug][gc,phases      ] GC(2975)     GC Worker Other (ms):     Min:  0.0, Avg:  0.0, Max:  0.0, Diff:  0.0, Sum:  0.1, Workers: 8
[432.693s][debug][gc,phases      ] GC(2975)     GC Worker Total (ms):     Min:  0.1, Avg:  0.1, Max:  0.2, Diff:  0.1, Sum:  1.0, Workers: 8
[432.693s][info ][gc,phases      ] GC(2975)   Post Evacuate Collection Set: 0.3ms
[432.693s][debug][gc,phases      ] GC(2975)     Code Roots Fixup: 0.0ms
[432.693s][debug][gc,phases      ] GC(2975)     Clear Card Table: 0.1ms
[432.693s][debug][gc,phases      ] GC(2975)     Reference Processing: 0.0ms
[432.693s][debug][gc,phases,ref  ] GC(2975)       Reconsider SoftReferences: 0.0ms
[432.693s][debug][gc,phases,ref  ] GC(2975)         SoftRef (ms):             skipped
[432.693s][debug][gc,phases,ref  ] GC(2975)       Notify Soft/WeakReferences: 0.0ms
[432.693s][debug][gc,phases,ref  ] GC(2975)         SoftRef (ms):             skipped
[432.693s][debug][gc,phases,ref  ] GC(2975)         WeakRef (ms):             skipped
[432.693s][debug][gc,phases,ref  ] GC(2975)         FinalRef (ms):            skipped
[432.693s][debug][gc,phases,ref  ] GC(2975)         Total (ms):               skipped
[432.693s][debug][gc,phases,ref  ] GC(2975)       Notify and keep alive finalizable: 0.0ms
[432.693s][debug][gc,phases,ref  ] GC(2975)         FinalRef (ms):            skipped
[432.693s][debug][gc,phases,ref  ] GC(2975)       Notify PhantomReferences: 0.0ms
[432.693s][debug][gc,phases,ref  ] GC(2975)         PhantomRef (ms):          skipped
[432.693s][debug][gc,phases,ref  ] GC(2975)       SoftReference:
[432.693s][debug][gc,phases,ref  ] GC(2975)         Discovered: 0
[432.693s][debug][gc,phases,ref  ] GC(2975)         Cleared: 0
[432.693s][debug][gc,phases,ref  ] GC(2975)       WeakReference:
[432.693s][debug][gc,phases,ref  ] GC(2975)         Discovered: 0
[432.693s][debug][gc,phases,ref  ] GC(2975)         Cleared: 0
[432.693s][debug][gc,phases,ref  ] GC(2975)       FinalReference:
[432.693s][debug][gc,phases,ref  ] GC(2975)         Discovered: 0
[432.693s][debug][gc,phases,ref  ] GC(2975)         Cleared: 0
[432.693s][debug][gc,phases,ref  ] GC(2975)       PhantomReference:
[432.693s][debug][gc,phases,ref  ] GC(2975)         Discovered: 0
[432.693s][debug][gc,phases,ref  ] GC(2975)         Cleared: 0
[432.694s][debug][gc,phases      ] GC(2975)     Weak Processing: 0.0ms
[432.694s][debug][gc,phases      ] GC(2975)       JVMTI weak processing: 0.0ms
[432.694s][debug][gc,phases      ] GC(2975)         Dead: 0
[432.694s][debug][gc,phases      ] GC(2975)         Total: 0
[432.694s][debug][gc,phases      ] GC(2975)       JFR weak processing: 0.0ms
[432.694s][debug][gc,phases      ] GC(2975)         Dead: 0
[432.694s][debug][gc,phases      ] GC(2975)         Total: 0
[432.694s][debug][gc,phases      ] GC(2975)       JNI weak                  Min:  0.0, Avg:  0.0, Max:  0.0, Diff:  0.0, Sum:  0.0, Workers: 5
[432.694s][debug][gc,phases      ] GC(2975)         Dead                      Min: 0, Avg:  0.0, Max: 0, Diff: 0, Sum: 0, Workers: 5
[432.694s][debug][gc,phases      ] GC(2975)         Total                     Min: 0, Avg: 13.6, Max: 52, Diff: 52, Sum: 68, Workers: 5
[432.694s][debug][gc,phases      ] GC(2975)       VM weak                   Min:  0.0, Avg:  0.0, Max:  0.0, Diff:  0.0, Sum:  0.0, Workers: 5
[432.694s][debug][gc,phases      ] GC(2975)         Dead                      Min: 0, Avg:  0.0, Max: 0, Diff: 0, Sum: 0, Workers: 5
[432.694s][debug][gc,phases      ] GC(2975)         Total                     Min: 0, Avg: 42.6, Max: 85, Diff: 85, Sum: 213, Workers: 5
[432.694s][debug][gc,phases      ] GC(2975)       StringTable weak          Min:  0.0, Avg:  0.0, Max:  0.0, Diff:  0.0, Sum:  0.1, Workers: 5
[432.694s][debug][gc,phases      ] GC(2975)         Dead                      Min: 0, Avg:  0.0, Max: 0, Diff: 0, Sum: 0, Workers: 5
[432.694s][debug][gc,phases      ] GC(2975)         Total                     Min: 0, Avg: 682.0, Max: 1171, Diff: 1171, Sum: 3410, Workers: 5
[432.694s][debug][gc,phases      ] GC(2975)       ResolvedMethodTable weak  Min:  0.0, Avg:  0.0, Max:  0.0, Diff:  0.0, Sum:  0.0, Workers: 5
[432.694s][debug][gc,phases      ] GC(2975)         Dead                      Min: 0, Avg:  0.0, Max: 0, Diff: 0, Sum: 0, Workers: 5
[432.694s][debug][gc,phases      ] GC(2975)         Total                     Min: 0, Avg: 114.8, Max: 192, Diff: 192, Sum: 574, Workers: 5
[432.694s][debug][gc,phases      ] GC(2975)     Merge Per-Thread State: 0.0ms
[432.694s][debug][gc,phases      ] GC(2975)       Copied Bytes              Min: 0, Avg: 74.0, Max: 168, Diff: 168, Sum: 592, Workers: 8
[432.694s][debug][gc,phases      ] GC(2975)       LAB Waste                 Min: 0, Avg:  0.0, Max: 0, Diff: 0, Sum: 0, Workers: 8
[432.694s][debug][gc,phases      ] GC(2975)       LAB Undo Waste            Min: 0, Avg:  0.0, Max: 0, Diff: 0, Sum: 0, Workers: 8
[432.694s][debug][gc,phases      ] GC(2975)     Code Roots Purge: 0.0ms
[432.694s][debug][gc,phases      ] GC(2975)     Redirty Cards: 0.0ms
[432.694s][debug][gc,phases      ] GC(2975)     DerivedPointerTable Update: 0.0ms
[432.694s][debug][gc,phases      ] GC(2975)     Free Collection Set: 0.1ms
[432.694s][debug][gc,phases      ] GC(2975)     Rebuild Free List: 0.0ms
[432.694s][debug][gc,phases      ] GC(2975)     Humongous Reclaim: 0.0ms
[432.694s][debug][gc,phases      ] GC(2975)     Start New Collection Set: 0.0ms
[432.694s][debug][gc,phases      ] GC(2975)     Resize TLABs: 0.0ms
[432.694s][debug][gc,phases      ] GC(2975)     Expand Heap After Collection: 0.0ms
[432.694s][info ][gc,phases      ] GC(2975)   Other: 0.3ms
[432.694s][info ][gc,heap        ] GC(2975) Eden regions: 180->0(180)
[432.694s][info ][gc,heap        ] GC(2975) Survivor regions: 1->1(23)
[432.694s][info ][gc,heap        ] GC(2975) Old regions: 7->7
[432.694s][info ][gc,heap        ] GC(2975) Archive regions: 2->2
[432.694s][info ][gc,heap        ] GC(2975) Humongous regions: 0->0
[432.694s][info ][gc,metaspace   ] GC(2975) Metaspace: 9905K(10624K)->9905K(10624K) NonClass: 8758K(9216K)->8758K(9216K) Class: 1146K(1408K)->1146K(1408K)
[432.694s][debug][gc,heap        ] GC(2975) Heap after GC invocations=2976 (full 1): garbage-first heap   total 309248K, used 4067K [0x0000000700000000, 0x0000000800000000)
[432.694s][debug][gc,heap        ] GC(2975)   region size 1024K, 1 young (1024K), 1 survivors (1024K)
[432.694s][debug][gc,heap        ] GC(2975)  Metaspace       used 9905K, capacity 10179K, committed 10624K, reserved 1058816K
[432.694s][debug][gc,heap        ] GC(2975)   class space    used 1146K, capacity 1267K, committed 1408K, reserved 1048576K
[432.694s][info ][gc             ] GC(2975) Pause Young (Normal) (G1 Evacuation Pause) 183M->3M(302M) 1.497ms
[432.694s][info ][gc,cpu         ] GC(2975) User=0.00s Sys=0.00s Real=0.01s
[432.694s][info ][safepoint      ] Safepoint "G1CollectForAllocation", Time since last: 147922256 ns, Reaching safepoint: 118977 ns, At safepoint: 1653870 ns, Total: 1772847 ns
[432.845s][debug][gc,heap        ] GC(2976) Heap before GC invocations=2976 (full 1): garbage-first heap   total 309248K, used 187363K [0x0000000700000000, 0x0000000800000000)
[432.845s][debug][gc,heap        ] GC(2976)   region size 1024K, 181 young (185344K), 1 survivors (1024K)
[432.845s][debug][gc,heap        ] GC(2976)  Metaspace       used 9905K, capacity 10179K, committed 10624K, reserved 1058816K
[432.845s][debug][gc,heap        ] GC(2976)   class space    used 1146K, capacity 1267K, committed 1408K, reserved 1048576K
[432.845s][info ][gc,start       ] GC(2976) Pause Young (Normal) (G1 Evacuation Pause)
[432.845s][info ][gc,task        ] GC(2976) Using 8 workers of 8 for evacuation
[432.845s][debug][gc,tlab        ] GC(2976) TLAB totals: thrds: 8  refills: 725 max: 94 slow allocs: 0 max 0 waste:  0.8% gc: 1100160B max: 351752B slow: 420648B max: 54976B fast: 0B max: 0B
[432.845s][debug][gc,age         ] GC(2976) Desired survivor size 12058624 bytes, new threshold 15 (max threshold 15)
[432.845s][debug][gc,alloc,region] GC(2976) Mutator Allocation stats, regions: 180, wasted size: 0B ( 0.0%)
[432.845s][debug][gc,ergo        ] GC(2976) Running G1 Merge Heap Roots using 8 workers for 181 regions
[432.845s][debug][gc,remset      ] GC(2976) Visited cards 256 Total dirty 2048 (12.50%) Total old 759808 (0.03%)
[432.845s][debug][gc,ergo        ] GC(2976) Running G1 Clear Card Table Task using 1 workers for 1 units of work for 182 regions.
[432.845s][debug][gc,ref         ] GC(2976) Skipped phase1 of Reference Processing due to unavailable references
[432.845s][debug][gc,ref         ] GC(2976) Skipped phase2 of Reference Processing due to unavailable references
[432.845s][debug][gc,ref         ] GC(2976) Skipped phase3 of Reference Processing due to unavailable references
[432.845s][debug][gc,ref         ] GC(2976) Skipped phase4 of Reference Processing due to unavailable references
[432.845s][debug][gc,ergo        ] GC(2976) Running G1 Free Collection Set using 8 workers for collection set length 181 (302)
[432.845s][debug][gc,ergo        ] GC(2976) Running G1 Rebuild Free List Task using 8 workers for rebuilding free list of 0 (4096) regions
[432.845s][trace][gc,age         ] GC(2976) Age table with threshold 15 (max threshold 15)
[432.845s][trace][gc,age         ] GC(2976) - age   1:        648 bytes,        648 total
[432.845s][debug][gc,plab        ] GC(2976) Young PLAB allocation: allocated: 14448B, wasted: 0B, unused: 13800B, used: 648B, undo waste: 0B, 
[432.845s][debug][gc,plab        ] GC(2976) Young other allocation: region end waste: 0B, regions filled: 1, direct allocated: 0B, failure used: 0B, failure wasted: 0B
[432.845s][debug][gc,plab        ] GC(2976) Young sizing: calculated: 128B, actual: 2064B
[432.845s][debug][gc,plab        ] GC(2976) Old PLAB allocation: allocated: 0B, wasted: 0B, unused: 0B, used: 0B, undo waste: 0B, 
[432.845s][debug][gc,plab        ] GC(2976) Old other allocation: region end waste: 0B, regions filled: 1, direct allocated: 0B, failure used: 0B, failure wasted: 0B
[432.845s][debug][gc,plab        ] GC(2976) Old sizing: calculated: 0B, actual: 2064B
[432.845s][debug][gc,ihop        ] GC(2976) Basic information (value update), threshold: 142501478B (45.00), target occupancy: 316669952B, current occupancy: 4169192B, recent allocation size: 0B, recent allocation duration: 151.62ms, recent old gen allocation rate: 0.00B/s, recent marking phase length: 0.00ms
[432.845s][debug][gc,ihop        ] GC(2976) Adaptive IHOP information (value update), threshold: 142501478B (47.37), internal target occupancy: 300836454B, occupancy: 4169192B, additional buffer size: 189792256B, predicted old gen allocation rate: 0.00B/s, predicted marking phase length: 0.00ms, prediction active: false
[432.845s][debug][gc,ergo,refine ] GC(2976) Concurrent refinement times: Logged Cards Scan time goal: 20.00ms Logged Cards Scan time: 0.00ms HCC time: 0.00ms
[432.846s][debug][gc,ergo,refine ] GC(2976) Updated Refinement Zones: green: 2048, yellow: 6144, red: 10240
[432.846s][info ][gc,phases      ] GC(2976)   Pre Evacuate Collection Set: 0.1ms
[432.846s][debug][gc,phases      ] GC(2976)     Prepare TLABs: 0.0ms
[432.846s][debug][gc,phases      ] GC(2976)     Choose Collection Set: 0.0ms
[432.846s][debug][gc,phases      ] GC(2976)     Region Register: 0.1ms
[432.846s][debug][gc,phases      ] GC(2976)     Prepare Heap Roots: 0.0ms
[432.846s][info ][gc,phases      ] GC(2976)   Merge Heap Roots: 0.1ms
[432.846s][debug][gc,phases      ] GC(2976)     Prepare Merge Heap Roots: 0.0ms
[432.846s][debug][gc,phases      ] GC(2976)     Eager Reclaim (ms):       skipped
[432.846s][debug][gc,phases      ] GC(2976)     Remembered Sets (ms):     Min:  0.0, Avg:  0.0, Max:  0.0, Diff:  0.0, Sum:  0.1, Workers: 8
[432.846s][debug][gc,phases      ] GC(2976)       Merged Sparse:            Min: 0, Avg:  0.0, Max: 0, Diff: 0, Sum: 0, Workers: 8
[432.846s][debug][gc,phases      ] GC(2976)       Merged Fine:              Min: 0, Avg:  0.0, Max: 0, Diff: 0, Sum: 0, Workers: 8
[432.846s][debug][gc,phases      ] GC(2976)       Merged Coarse:            Min: 0, Avg:  0.0, Max: 0, Diff: 0, Sum: 0, Workers: 8
[432.846s][debug][gc,phases      ] GC(2976)       Dirty Cards:              Min: 0, Avg:  0.0, Max: 0, Diff: 0, Sum: 0, Workers: 8
[432.846s][debug][gc,phases      ] GC(2976)     Hot Card Cache (ms):      Min:  0.0, Avg:  0.0, Max:  0.0, Diff:  0.0, Sum:  0.0, Workers: 8
[432.846s][debug][gc,phases      ] GC(2976)       Dirty Cards:              Min: 0, Avg:  0.0, Max: 0, Diff: 0, Sum: 0, Workers: 8
[432.846s][debug][gc,phases      ] GC(2976)       Skipped Cards:            Min: 0, Avg:  0.0, Max: 0, Diff: 0, Sum: 0, Workers: 8
[432.846s][debug][gc,phases      ] GC(2976)     Log Buffers (ms):         Min:  0.0, Avg:  0.0, Max:  0.0, Diff:  0.0, Sum:  0.0, Workers: 8
[432.846s][debug][gc,phases      ] GC(2976)       Dirty Cards:              Min: 0, Avg:  0.1, Max: 1, Diff: 1, Sum: 1, Workers: 8
[432.846s][debug][gc,phases      ] GC(2976)       Skipped Cards:            Min: 0, Avg:  0.0, Max: 0, Diff: 0, Sum: 0, Workers: 8
[432.846s][info ][gc,phases      ] GC(2976)   Evacuate Collection Set: 0.2ms
[432.846s][debug][gc,phases      ] GC(2976)     Ext Root Scanning (ms):   Min:  0.0, Avg:  0.0, Max:  0.1, Diff:  0.1, Sum:  0.2, Workers: 8
[432.846s][debug][gc,phases      ] GC(2976)     Scan Heap Roots (ms):     Min:  0.0, Avg:  0.0, Max:  0.0, Diff:  0.0, Sum:  0.0, Workers: 8
[432.846s][debug][gc,phases      ] GC(2976)       Scanned Cards:            Min: 0, Avg:  0.1, Max: 1, Diff: 1, Sum: 1, Workers: 8
[432.846s][debug][gc,phases      ] GC(2976)       Scanned Blocks:           Min: 0, Avg:  0.1, Max: 1, Diff: 1, Sum: 1, Workers: 8
[432.846s][debug][gc,phases      ] GC(2976)       Claimed Chunks:           Min: 0, Avg:  0.1, Max: 1, Diff: 1, Sum: 1, Workers: 8
[432.846s][debug][gc,phases      ] GC(2976)     Code Root Scan (ms):      Min:  0.0, Avg:  0.0, Max:  0.0, Diff:  0.0, Sum:  0.0, Workers: 8
[432.846s][debug][gc,phases      ] GC(2976)     Object Copy (ms):         Min:  0.0, Avg:  0.0, Max:  0.0, Diff:  0.0, Sum:  0.0, Workers: 8
[432.846s][debug][gc,phases      ] GC(2976)     Termination (ms):         Min:  0.0, Avg:  0.1, Max:  0.1, Diff:  0.0, Sum:  0.4, Workers: 8
[432.846s][debug][gc,phases      ] GC(2976)       Termination Attempts:     Min: 1, Avg:  1.0, Max: 1, Diff: 0, Sum: 8, Workers: 8
[432.846s][debug][gc,phases      ] GC(2976)     GC Worker Other (ms):     Min:  0.0, Avg:  0.0, Max:  0.0, Diff:  0.0, Sum:  0.1, Workers: 8
[432.846s][debug][gc,phases      ] GC(2976)     GC Worker Total (ms):     Min:  0.1, Avg:  0.1, Max:  0.1, Diff:  0.1, Sum:  0.8, Workers: 8
[432.846s][info ][gc,phases      ] GC(2976)   Post Evacuate Collection Set: 0.3ms
[432.846s][debug][gc,phases      ] GC(2976)     Code Roots Fixup: 0.0ms
[432.846s][debug][gc,phases      ] GC(2976)     Clear Card Table: 0.1ms
[432.846s][debug][gc,phases      ] GC(2976)     Reference Processing: 0.0ms
[432.846s][debug][gc,phases,ref  ] GC(2976)       Reconsider SoftReferences: 0.0ms
[432.846s][debug][gc,phases,ref  ] GC(2976)         SoftRef (ms):             skipped
[432.846s][debug][gc,phases,ref  ] GC(2976)       Notify Soft/WeakReferences: 0.0ms
[432.846s][debug][gc,phases,ref  ] GC(2976)         SoftRef (ms):             skipped
[432.846s][debug][gc,phases,ref  ] GC(2976)         WeakRef (ms):             skipped
[432.846s][debug][gc,phases,ref  ] GC(2976)         FinalRef (ms):            skipped
[432.846s][debug][gc,phases,ref  ] GC(2976)         Total (ms):               skipped
[432.846s][debug][gc,phases,ref  ] GC(2976)       Notify and keep alive finalizable: 0.0ms
[432.846s][debug][gc,phases,ref  ] GC(2976)         FinalRef (ms):            skipped
[432.846s][debug][gc,phases,ref  ] GC(2976)       Notify PhantomReferences: 0.0ms
[432.846s][debug][gc,phases,ref  ] GC(2976)         PhantomRef (ms):          skipped
[432.846s][debug][gc,phases,ref  ] GC(2976)       SoftReference:
[432.846s][debug][gc,phases,ref  ] GC(2976)         Discovered: 0
[432.846s][debug][gc,phases,ref  ] GC(2976)         Cleared: 0
[432.846s][debug][gc,phases,ref  ] GC(2976)       WeakReference:
[432.846s][debug][gc,phases,ref  ] GC(2976)         Discovered: 0
[432.846s][debug][gc,phases,ref  ] GC(2976)         Cleared: 0
[432.846s][debug][gc,phases,ref  ] GC(2976)       FinalReference:
[432.846s][debug][gc,phases,ref  ] GC(2976)         Discovered: 0
[432.846s][debug][gc,phases,ref  ] GC(2976)         Cleared: 0
[432.846s][debug][gc,phases,ref  ] GC(2976)       PhantomReference:
[432.846s][debug][gc,phases,ref  ] GC(2976)         Discovered: 0
[432.846s][debug][gc,phases,ref  ] GC(2976)         Cleared: 0
[432.846s][debug][gc,phases      ] GC(2976)     Weak Processing: 0.1ms
[432.846s][debug][gc,phases      ] GC(2976)       JVMTI weak processing: 0.0ms
[432.846s][debug][gc,phases      ] GC(2976)         Dead: 0
[432.846s][debug][gc,phases      ] GC(2976)         Total: 0
[432.846s][debug][gc,phases      ] GC(2976)       JFR weak processing: 0.0ms
[432.846s][debug][gc,phases      ] GC(2976)         Dead: 0
[432.846s][debug][gc,phases      ] GC(2976)         Total: 0
[432.846s][debug][gc,phases      ] GC(2976)       JNI weak                  Min:  0.0, Avg:  0.0, Max:  0.0, Diff:  0.0, Sum:  0.0, Workers: 5
[432.846s][debug][gc,phases      ] GC(2976)         Dead                      Min: 0, Avg:  0.0, Max: 0, Diff: 0, Sum: 0, Workers: 5
[432.846s][debug][gc,phases      ] GC(2976)         Total                     Min: 0, Avg: 13.6, Max: 52, Diff: 52, Sum: 68, Workers: 5
[432.846s][debug][gc,phases      ] GC(2976)       VM weak                   Min:  0.0, Avg:  0.0, Max:  0.0, Diff:  0.0, Sum:  0.0, Workers: 5
[432.846s][debug][gc,phases      ] GC(2976)         Dead                      Min: 0, Avg:  0.0, Max: 0, Diff: 0, Sum: 0, Workers: 5
[432.846s][debug][gc,phases      ] GC(2976)         Total                     Min: 0, Avg: 42.6, Max: 128, Diff: 128, Sum: 213, Workers: 5
[432.846s][debug][gc,phases      ] GC(2976)       StringTable weak          Min:  0.0, Avg:  0.0, Max:  0.0, Diff:  0.0, Sum:  0.1, Workers: 5
[432.846s][debug][gc,phases      ] GC(2976)         Dead                      Min: 0, Avg:  0.0, Max: 0, Diff: 0, Sum: 0, Workers: 5
[432.846s][debug][gc,phases      ] GC(2976)         Total                     Min: 0, Avg: 682.0, Max: 1727, Diff: 1727, Sum: 3410, Workers: 5
[432.846s][debug][gc,phases      ] GC(2976)       ResolvedMethodTable weak  Min:  0.0, Avg:  0.0, Max:  0.0, Diff:  0.0, Sum:  0.0, Workers: 5
[432.846s][debug][gc,phases      ] GC(2976)         Dead                      Min: 0, Avg:  0.0, Max: 0, Diff: 0, Sum: 0, Workers: 5
[432.846s][debug][gc,phases      ] GC(2976)         Total                     Min: 0, Avg: 114.8, Max: 256, Diff: 256, Sum: 574, Workers: 5
[432.846s][debug][gc,phases      ] GC(2976)     Merge Per-Thread State: 0.0ms
[432.846s][debug][gc,phases      ] GC(2976)       Copied Bytes              Min: 0, Avg: 81.0, Max: 176, Diff: 176, Sum: 648, Workers: 8
[432.846s][debug][gc,phases      ] GC(2976)       LAB Waste                 Min: 0, Avg:  0.0, Max: 0, Diff: 0, Sum: 0, Workers: 8
[432.846s][debug][gc,phases      ] GC(2976)       LAB Undo Waste            Min: 0, Avg:  0.0, Max: 0, Diff: 0, Sum: 0, Workers: 8
[432.846s][debug][gc,phases      ] GC(2976)     Code Roots Purge: 0.0ms
[432.846s][debug][gc,phases      ] GC(2976)     Redirty Cards: 0.0ms
[432.846s][debug][gc,phases      ] GC(2976)     DerivedPointerTable Update: 0.0ms
[432.846s][debug][gc,phases      ] GC(2976)     Free Collection Set: 0.1ms
[432.846s][debug][gc,phases      ] GC(2976)     Rebuild Free List: 0.0ms
[432.846s][debug][gc,phases      ] GC(2976)     Humongous Reclaim: 0.0ms
[432.846s][debug][gc,phases      ] GC(2976)     Start New Collection Set: 0.0ms
[432.846s][debug][gc,phases      ] GC(2976)     Resize TLABs: 0.0ms
[432.846s][debug][gc,phases      ] GC(2976)     Expand Heap After Collection: 0.0ms
[432.846s][info ][gc,phases      ] GC(2976)   Other: 0.3ms
[432.846s][info ][gc,heap        ] GC(2976) Eden regions: 180->0(180)
[432.846s][info ][gc,heap        ] GC(2976) Survivor regions: 1->1(23)
[432.846s][info ][gc,heap        ] GC(2976) Old regions: 7->7
[432.846s][info ][gc,heap        ] GC(2976) Archive regions: 2->2
[432.846s][info ][gc,heap        ] GC(2976) Humongous regions: 0->0
[432.846s][info ][gc,metaspace   ] GC(2976) Metaspace: 9905K(10624K)->9905K(10624K) NonClass: 8758K(9216K)->8758K(9216K) Class: 1146K(1408K)->1146K(1408K)
[432.846s][debug][gc,heap        ] GC(2976) Heap after GC invocations=2977 (full 1): garbage-first heap   total 309248K, used 4071K [0x0000000700000000, 0x0000000800000000)
[432.846s][debug][gc,heap        ] GC(2976)   region size 1024K, 1 young (1024K), 1 survivors (1024K)
[432.846s][debug][gc,heap        ] GC(2976)  Metaspace       used 9905K, capacity 10179K, committed 10624K, reserved 1058816K
[432.846s][debug][gc,heap        ] GC(2976)   class space    used 1146K, capacity 1267K, committed 1408K, reserved 1048576K
[432.846s][info ][gc             ] GC(2976) Pause Young (Normal) (G1 Evacuation Pause) 183M->3M(302M) 1.469ms
[432.846s][info ][gc,cpu         ] GC(2976) User=0.00s Sys=0.00s Real=0.00s
[432.846s][info ][safepoint      ] Safepoint "G1CollectForAllocation", Time since last: 150578757 ns, Reaching safepoint: 165153 ns, At safepoint: 1629727 ns, Total: 1794880 ns
[432.995s][debug][gc,heap        ] GC(2977) Heap before GC invocations=2977 (full 1): garbage-first heap   total 309248K, used 188391K [0x0000000700000000, 0x0000000800000000)
[432.995s][debug][gc,heap        ] GC(2977)   region size 1024K, 181 young (185344K), 1 survivors (1024K)
[432.995s][debug][gc,heap        ] GC(2977)  Metaspace       used 9905K, capacity 10179K, committed 10624K, reserved 1058816K
[432.995s][debug][gc,heap        ] GC(2977)   class space    used 1146K, capacity 1267K, committed 1408K, reserved 1048576K
[432.995s][info ][gc,start       ] GC(2977) Pause Young (Normal) (G1 Evacuation Pause)
[432.995s][info ][gc,task        ] GC(2977) Using 8 workers of 8 for evacuation
[432.995s][debug][gc,tlab        ] GC(2977) TLAB totals: thrds: 8  refills: 721 max: 96 slow allocs: 0 max 0 waste:  1.2% gc: 1830840B max: 414000B slow: 417960B max: 55784B fast: 0B max: 0B
[432.995s][debug][gc,age         ] GC(2977) Desired survivor size 12058624 bytes, new threshold 15 (max threshold 15)
[432.995s][debug][gc,alloc,region] GC(2977) Mutator Allocation stats, regions: 180, wasted size: 0B ( 0.0%)
[432.995s][debug][gc,ergo        ] GC(2977) Running G1 Merge Heap Roots using 8 workers for 181 regions
[432.995s][debug][gc,remset      ] GC(2977) Visited cards 256 Total dirty 2048 (12.50%) Total old 759808 (0.03%)
[432.996s][debug][gc,ergo        ] GC(2977) Running G1 Clear Card Table Task using 1 workers for 1 units of work for 182 regions.
[432.996s][debug][gc,ref         ] GC(2977) Skipped phase1 of Reference Processing due to unavailable references
[432.996s][debug][gc,ref         ] GC(2977) Skipped phase2 of Reference Processing due to unavailable references
[432.996s][debug][gc,ref         ] GC(2977) Skipped phase3 of Reference Processing due to unavailable references
[432.996s][debug][gc,ref         ] GC(2977) Skipped phase4 of Reference Processing due to unavailable references
[432.996s][debug][gc,ergo        ] GC(2977) Running G1 Free Collection Set using 8 workers for collection set length 181 (302)
[432.996s][debug][gc,ergo        ] GC(2977) Running G1 Rebuild Free List Task using 8 workers for rebuilding free list of 0 (4096) regions
[432.996s][trace][gc,age         ] GC(2977) Age table with threshold 15 (max threshold 15)
[432.996s][trace][gc,age         ] GC(2977) - age   1:        592 bytes,        592 total
[432.996s][debug][gc,plab        ] GC(2977) Young PLAB allocation: allocated: 12384B, wasted: 0B, unused: 11792B, used: 592B, undo waste: 0B, 
[432.996s][debug][gc,plab        ] GC(2977) Young other allocation: region end waste: 0B, regions filled: 1, direct allocated: 0B, failure used: 0B, failure wasted: 0B
[432.996s][debug][gc,plab        ] GC(2977) Young sizing: calculated: 112B, actual: 2064B
[432.996s][debug][gc,plab        ] GC(2977) Old PLAB allocation: allocated: 0B, wasted: 0B, unused: 0B, used: 0B, undo waste: 0B, 
[432.996s][debug][gc,plab        ] GC(2977) Old other allocation: region end waste: 0B, regions filled: 1, direct allocated: 0B, failure used: 0B, failure wasted: 0B
[432.996s][debug][gc,plab        ] GC(2977) Old sizing: calculated: 0B, actual: 2064B
[432.996s][debug][gc,ihop        ] GC(2977) Basic information (value update), threshold: 142501478B (45.00), target occupancy: 316669952B, current occupancy: 4167128B, recent allocation size: 0B, recent allocation duration: 149.56ms, recent old gen allocation rate: 0.00B/s, recent marking phase length: 0.00ms
[432.996s][debug][gc,ihop        ] GC(2977) Adaptive IHOP information (value update), threshold: 142501478B (47.37), internal target occupancy: 300836454B, occupancy: 4167128B, additional buffer size: 189792256B, predicted old gen allocation rate: 0.00B/s, predicted marking phase length: 0.00ms, prediction active: false
[432.996s][debug][gc,ergo,refine ] GC(2977) Concurrent refinement times: Logged Cards Scan time goal: 20.00ms Logged Cards Scan time: 0.00ms HCC time: 0.00ms
[432.996s][debug][gc,ergo,refine ] GC(2977) Updated Refinement Zones: green: 2048, yellow: 6144, red: 10240
[432.996s][info ][gc,phases      ] GC(2977)   Pre Evacuate Collection Set: 0.1ms
[432.996s][debug][gc,phases      ] GC(2977)     Prepare TLABs: 0.0ms
[432.996s][debug][gc,phases      ] GC(2977)     Choose Collection Set: 0.0ms
[432.996s][debug][gc,phases      ] GC(2977)     Region Register: 0.1ms
[432.996s][debug][gc,phases      ] GC(2977)     Prepare Heap Roots: 0.0ms
[432.996s][info ][gc,phases      ] GC(2977)   Merge Heap Roots: 0.2ms
[432.996s][debug][gc,phases      ] GC(2977)     Prepare Merge Heap Roots: 0.0ms
[432.996s][debug][gc,phases      ] GC(2977)     Eager Reclaim (ms):       skipped
[432.996s][debug][gc,phases      ] GC(2977)     Remembered Sets (ms):     Min:  0.0, Avg:  0.0, Max:  0.0, Diff:  0.0, Sum:  0.0, Workers: 8
[432.996s][debug][gc,phases      ] GC(2977)       Merged Sparse:            Min: 0, Avg:  0.0, Max: 0, Diff: 0, Sum: 0, Workers: 8
[432.996s][debug][gc,phases      ] GC(2977)       Merged Fine:              Min: 0, Avg:  0.0, Max: 0, Diff: 0, Sum: 0, Workers: 8
[432.996s][debug][gc,phases      ] GC(2977)       Merged Coarse:            Min: 0, Avg:  0.0, Max: 0, Diff: 0, Sum: 0, Workers: 8
[432.996s][debug][gc,phases      ] GC(2977)       Dirty Cards:              Min: 0, Avg:  0.0, Max: 0, Diff: 0, Sum: 0, Workers: 8
[432.996s][debug][gc,phases      ] GC(2977)     Hot Card Cache (ms):      Min:  0.0, Avg:  0.0, Max:  0.0, Diff:  0.0, Sum:  0.0, Workers: 8
[432.996s][debug][gc,phases      ] GC(2977)       Dirty Cards:              Min: 0, Avg:  0.0, Max: 0, Diff: 0, Sum: 0, Workers: 8
[432.996s][debug][gc,phases      ] GC(2977)       Skipped Cards:            Min: 0, Avg:  0.0, Max: 0, Diff: 0, Sum: 0, Workers: 8
[432.996s][debug][gc,phases      ] GC(2977)     Log Buffers (ms):         Min:  0.0, Avg:  0.0, Max:  0.0, Diff:  0.0, Sum:  0.0, Workers: 8
[432.996s][debug][gc,phases      ] GC(2977)       Dirty Cards:              Min: 0, Avg:  0.1, Max: 1, Diff: 1, Sum: 1, Workers: 8
[432.996s][debug][gc,phases      ] GC(2977)       Skipped Cards:            Min: 0, Avg:  0.0, Max: 0, Diff: 0, Sum: 0, Workers: 8
[432.996s][info ][gc,phases      ] GC(2977)   Evacuate Collection Set: 0.2ms
[432.996s][debug][gc,phases      ] GC(2977)     Ext Root Scanning (ms):   Min:  0.0, Avg:  0.0, Max:  0.1, Diff:  0.0, Sum:  0.2, Workers: 8
[432.996s][debug][gc,phases      ] GC(2977)     Scan Heap Roots (ms):     Min:  0.0, Avg:  0.0, Max:  0.0, Diff:  0.0, Sum:  0.0, Workers: 8
[432.996s][debug][gc,phases      ] GC(2977)       Scanned Cards:            Min: 0, Avg:  0.1, Max: 1, Diff: 1, Sum: 1, Workers: 8
[432.996s][debug][gc,phases      ] GC(2977)       Scanned Blocks:           Min: 0, Avg:  0.1, Max: 1, Diff: 1, Sum: 1, Workers: 8
[432.996s][debug][gc,phases      ] GC(2977)       Claimed Chunks:           Min: 0, Avg:  0.1, Max: 1, Diff: 1, Sum: 1, Workers: 8
[432.996s][debug][gc,phases      ] GC(2977)     Code Root Scan (ms):      Min:  0.0, Avg:  0.0, Max:  0.0, Diff:  0.0, Sum:  0.0, Workers: 8
[432.996s][debug][gc,phases      ] GC(2977)     Object Copy (ms):         Min:  0.0, Avg:  0.0, Max:  0.0, Diff:  0.0, Sum:  0.0, Workers: 8
[432.996s][debug][gc,phases      ] GC(2977)     Termination (ms):         Min:  0.1, Avg:  0.1, Max:  0.1, Diff:  0.0, Sum:  0.6, Workers: 8
[432.996s][debug][gc,phases      ] GC(2977)       Termination Attempts:     Min: 1, Avg:  1.0, Max: 1, Diff: 0, Sum: 8, Workers: 8
[432.996s][debug][gc,phases      ] GC(2977)     GC Worker Other (ms):     Min:  0.0, Avg:  0.0, Max:  0.0, Diff:  0.0, Sum:  0.1, Workers: 8
[432.996s][debug][gc,phases      ] GC(2977)     GC Worker Total (ms):     Min:  0.1, Avg:  0.1, Max:  0.2, Diff:  0.1, Sum:  1.0, Workers: 8
[432.996s][info ][gc,phases      ] GC(2977)   Post Evacuate Collection Set: 0.4ms
[432.996s][debug][gc,phases      ] GC(2977)     Code Roots Fixup: 0.0ms
[432.996s][debug][gc,phases      ] GC(2977)     Clear Card Table: 0.1ms
[432.996s][debug][gc,phases      ] GC(2977)     Reference Processing: 0.0ms
[432.996s][debug][gc,phases,ref  ] GC(2977)       Reconsider SoftReferences: 0.0ms
[432.996s][debug][gc,phases,ref  ] GC(2977)         SoftRef (ms):             skipped
[432.996s][debug][gc,phases,ref  ] GC(2977)       Notify Soft/WeakReferences: 0.0ms
[432.996s][debug][gc,phases,ref  ] GC(2977)         SoftRef (ms):             skipped
[432.996s][debug][gc,phases,ref  ] GC(2977)         WeakRef (ms):             skipped
[432.996s][debug][gc,phases,ref  ] GC(2977)         FinalRef (ms):            skipped
[432.996s][debug][gc,phases,ref  ] GC(2977)         Total (ms):               skipped
[432.996s][debug][gc,phases,ref  ] GC(2977)       Notify and keep alive finalizable: 0.0ms
[432.996s][debug][gc,phases,ref  ] GC(2977)         FinalRef (ms):            skipped
[432.996s][debug][gc,phases,ref  ] GC(2977)       Notify PhantomReferences: 0.0ms
[432.996s][debug][gc,phases,ref  ] GC(2977)         PhantomRef (ms):          skipped
[432.996s][debug][gc,phases,ref  ] GC(2977)       SoftReference:
[432.996s][debug][gc,phases,ref  ] GC(2977)         Discovered: 0
[432.996s][debug][gc,phases,ref  ] GC(2977)         Cleared: 0
[432.996s][debug][gc,phases,ref  ] GC(2977)       WeakReference:
[432.996s][debug][gc,phases,ref  ] GC(2977)         Discovered: 0
[432.996s][debug][gc,phases,ref  ] GC(2977)         Cleared: 0
[432.996s][debug][gc,phases,ref  ] GC(2977)       FinalReference:
[432.996s][debug][gc,phases,ref  ] GC(2977)         Discovered: 0
[432.996s][debug][gc,phases,ref  ] GC(2977)         Cleared: 0
[432.996s][debug][gc,phases,ref  ] GC(2977)       PhantomReference:
[432.996s][debug][gc,phases,ref  ] GC(2977)         Discovered: 0
[432.996s][debug][gc,phases,ref  ] GC(2977)         Cleared: 0
[432.996s][debug][gc,phases      ] GC(2977)     Weak Processing: 0.0ms
[432.996s][debug][gc,phases      ] GC(2977)       JVMTI weak processing: 0.0ms
[432.996s][debug][gc,phases      ] GC(2977)         Dead: 0
[432.996s][debug][gc,phases      ] GC(2977)         Total: 0
[432.996s][debug][gc,phases      ] GC(2977)       JFR weak processing: 0.0ms
[432.996s][debug][gc,phases      ] GC(2977)         Dead: 0
[432.996s][debug][gc,phases      ] GC(2977)         Total: 0
[432.996s][debug][gc,phases      ] GC(2977)       JNI weak                  Min:  0.0, Avg:  0.0, Max:  0.0, Diff:  0.0, Sum:  0.0, Workers: 5
[432.996s][debug][gc,phases      ] GC(2977)         Dead                      Min: 0, Avg:  0.0, Max: 0, Diff: 0, Sum: 0, Workers: 5
[432.996s][debug][gc,phases      ] GC(2977)         Total                     Min: 0, Avg: 13.6, Max: 68, Diff: 68, Sum: 68, Workers: 5
[432.996s][debug][gc,phases      ] GC(2977)       VM weak                   Min:  0.0, Avg:  0.0, Max:  0.0, Diff:  0.0, Sum:  0.0, Workers: 5
[432.996s][debug][gc,phases      ] GC(2977)         Dead                      Min: 0, Avg:  0.0, Max: 0, Diff: 0, Sum: 0, Workers: 5
[432.996s][debug][gc,phases      ] GC(2977)         Total                     Min: 0, Avg: 42.6, Max: 128, Diff: 128, Sum: 213, Workers: 5
[432.996s][debug][gc,phases      ] GC(2977)       StringTable weak          Min:  0.0, Avg:  0.0, Max:  0.0, Diff:  0.0, Sum:  0.1, Workers: 5
[432.996s][debug][gc,phases      ] GC(2977)         Dead                      Min: 0, Avg:  0.0, Max: 0, Diff: 0, Sum: 0, Workers: 5
[432.996s][debug][gc,phases      ] GC(2977)         Total                     Min: 0, Avg: 682.0, Max: 896, Diff: 896, Sum: 3410, Workers: 5
[432.996s][debug][gc,phases      ] GC(2977)       ResolvedMethodTable weak  Min:  0.0, Avg:  0.0, Max:  0.0, Diff:  0.0, Sum:  0.0, Workers: 5
[432.996s][debug][gc,phases      ] GC(2977)         Dead                      Min: 0, Avg:  0.0, Max: 0, Diff: 0, Sum: 0, Workers: 5
[432.997s][debug][gc,phases      ] GC(2977)         Total                     Min: 0, Avg: 114.8, Max: 190, Diff: 190, Sum: 574, Workers: 5
[432.997s][debug][gc,phases      ] GC(2977)     Merge Per-Thread State: 0.0ms
[432.997s][debug][gc,phases      ] GC(2977)       Copied Bytes              Min: 0, Avg: 74.0, Max: 304, Diff: 304, Sum: 592, Workers: 8
[432.997s][debug][gc,phases      ] GC(2977)       LAB Waste                 Min: 0, Avg:  0.0, Max: 0, Diff: 0, Sum: 0, Workers: 8
[432.997s][debug][gc,phases      ] GC(2977)       LAB Undo Waste            Min: 0, Avg:  0.0, Max: 0, Diff: 0, Sum: 0, Workers: 8
[432.997s][debug][gc,phases      ] GC(2977)     Code Roots Purge: 0.0ms
[432.997s][debug][gc,phases      ] GC(2977)     Redirty Cards: 0.0ms
[432.997s][debug][gc,phases      ] GC(2977)     DerivedPointerTable Update: 0.0ms
[432.997s][debug][gc,phases      ] GC(2977)     Free Collection Set: 0.1ms
[432.997s][debug][gc,phases      ] GC(2977)     Rebuild Free List: 0.1ms
[432.997s][debug][gc,phases      ] GC(2977)     Humongous Reclaim: 0.0ms
[432.997s][debug][gc,phases      ] GC(2977)     Start New Collection Set: 0.0ms
[432.997s][debug][gc,phases      ] GC(2977)     Resize TLABs: 0.0ms
[432.997s][debug][gc,phases      ] GC(2977)     Expand Heap After Collection: 0.0ms
[432.997s][info ][gc,phases      ] GC(2977)   Other: 0.3ms
[432.997s][info ][gc,heap        ] GC(2977) Eden regions: 180->0(180)
[432.997s][info ][gc,heap        ] GC(2977) Survivor regions: 1->1(23)
[432.997s][info ][gc,heap        ] GC(2977) Old regions: 7->7
[432.997s][info ][gc,heap        ] GC(2977) Archive regions: 2->2
[432.997s][info ][gc,heap        ] GC(2977) Humongous regions: 0->0
[432.997s][info ][gc,metaspace   ] GC(2977) Metaspace: 9905K(10624K)->9905K(10624K) NonClass: 8758K(9216K)->8758K(9216K) Class: 1146K(1408K)->1146K(1408K)
[432.997s][debug][gc,heap        ] GC(2977) Heap after GC invocations=2978 (full 1): garbage-first heap   total 309248K, used 4069K [0x0000000700000000, 0x0000000800000000)
[432.997s][debug][gc,heap        ] GC(2977)   region size 1024K, 1 young (1024K), 1 survivors (1024K)
[432.997s][debug][gc,heap        ] GC(2977)  Metaspace       used 9905K, capacity 10179K, committed 10624K, reserved 1058816K
[432.997s][debug][gc,heap        ] GC(2977)   class space    used 1146K, capacity 1267K, committed 1408K, reserved 1048576K
[432.997s][info ][gc             ] GC(2977) Pause Young (Normal) (G1 Evacuation Pause) 183M->3M(302M) 1.652ms
[432.997s][info ][gc,cpu         ] GC(2977) User=0.00s Sys=0.00s Real=0.00s
[432.997s][info ][safepoint      ] Safepoint "G1CollectForAllocation", Time since last: 148594179 ns, Reaching safepoint: 100437 ns, At safepoint: 1814084 ns, Total: 1914521 ns
[433.146s][debug][gc,heap        ] GC(2978) Heap before GC invocations=2978 (full 1): garbage-first heap   total 309248K, used 188389K [0x0000000700000000, 0x0000000800000000)
[433.146s][debug][gc,heap        ] GC(2978)   region size 1024K, 181 young (185344K), 1 survivors (1024K)
[433.146s][debug][gc,heap        ] GC(2978)  Metaspace       used 9905K, capacity 10179K, committed 10624K, reserved 1058816K
[433.146s][debug][gc,heap        ] GC(2978)   class space    used 1146K, capacity 1267K, committed 1408K, reserved 1048576K
[433.146s][info ][gc,start       ] GC(2978) Pause Young (Normal) (G1 Evacuation Pause)
[433.146s][info ][gc,task        ] GC(2978) Using 8 workers of 8 for evacuation
[433.146s][debug][gc,tlab        ] GC(2978) TLAB totals: thrds: 8  refills: 721 max: 94 slow allocs: 0 max 0 waste:  0.8% gc: 1186072B max: 381568B slow: 417232B max: 54712B fast: 0B max: 0B
[433.146s][debug][gc,age         ] GC(2978) Desired survivor size 12058624 bytes, new threshold 15 (max threshold 15)
[433.146s][debug][gc,alloc,region] GC(2978) Mutator Allocation stats, regions: 180, wasted size: 0B ( 0.0%)
[433.146s][debug][gc,ergo        ] GC(2978) Running G1 Merge Heap Roots using 8 workers for 181 regions
[433.146s][debug][gc,remset      ] GC(2978) Visited cards 256 Total dirty 2048 (12.50%) Total old 759808 (0.03%)
[433.146s][debug][gc,ergo        ] GC(2978) Running G1 Clear Card Table Task using 1 workers for 1 units of work for 182 regions.
[433.147s][debug][gc,ref         ] GC(2978) Skipped phase1 of Reference Processing due to unavailable references
[433.147s][debug][gc,ref         ] GC(2978) Skipped phase2 of Reference Processing due to unavailable references
[433.147s][debug][gc,ref         ] GC(2978) Skipped phase3 of Reference Processing due to unavailable references
[433.147s][debug][gc,ref         ] GC(2978) Skipped phase4 of Reference Processing due to unavailable references
[433.147s][debug][gc,ergo        ] GC(2978) Running G1 Free Collection Set using 8 workers for collection set length 181 (302)
[433.147s][debug][gc,ergo        ] GC(2978) Running G1 Rebuild Free List Task using 8 workers for rebuilding free list of 0 (4096) regions
[433.147s][trace][gc,age         ] GC(2978) Age table with threshold 15 (max threshold 15)
[433.147s][trace][gc,age         ] GC(2978) - age   1:        616 bytes,        616 total
[433.147s][debug][gc,plab        ] GC(2978) Young PLAB allocation: allocated: 16512B, wasted: 0B, unused: 15896B, used: 616B, undo waste: 0B, 
[433.147s][debug][gc,plab        ] GC(2978) Young other allocation: region end waste: 0B, regions filled: 1, direct allocated: 0B, failure used: 0B, failure wasted: 0B
[433.147s][debug][gc,plab        ] GC(2978) Young sizing: calculated: 120B, actual: 2064B
[433.147s][debug][gc,plab        ] GC(2978) Old PLAB allocation: allocated: 0B, wasted: 0B, unused: 0B, used: 0B, undo waste: 0B, 
[433.147s][debug][gc,plab        ] GC(2978) Old other allocation: region end waste: 0B, regions filled: 1, direct allocated: 0B, failure used: 0B, failure wasted: 0B
[433.147s][debug][gc,plab        ] GC(2978) Old sizing: calculated: 0B, actual: 2064B
[433.147s][debug][gc,ihop        ] GC(2978) Basic information (value update), threshold: 142501478B (45.00), target occupancy: 316669952B, current occupancy: 4171256B, recent allocation size: 0B, recent allocation duration: 150.05ms, recent old gen allocation rate: 0.00B/s, recent marking phase length: 0.00ms
[433.147s][debug][gc,ihop        ] GC(2978) Adaptive IHOP information (value update), threshold: 142501478B (47.37), internal target occupancy: 300836454B, occupancy: 4171256B, additional buffer size: 189792256B, predicted old gen allocation rate: 0.00B/s, predicted marking phase length: 0.00ms, prediction active: false
[433.147s][debug][gc,ergo,refine ] GC(2978) Concurrent refinement times: Logged Cards Scan time goal: 20.00ms Logged Cards Scan time: 0.00ms HCC time: 0.00ms
[433.147s][debug][gc,ergo,refine ] GC(2978) Updated Refinement Zones: green: 2048, yellow: 6144, red: 10240
[433.147s][info ][gc,phases      ] GC(2978)   Pre Evacuate Collection Set: 0.1ms
[433.147s][debug][gc,phases      ] GC(2978)     Prepare TLABs: 0.0ms
[433.147s][debug][gc,phases      ] GC(2978)     Choose Collection Set: 0.0ms
[433.147s][debug][gc,phases      ] GC(2978)     Region Register: 0.1ms
[433.147s][debug][gc,phases      ] GC(2978)     Prepare Heap Roots: 0.0ms
[433.147s][info ][gc,phases      ] GC(2978)   Merge Heap Roots: 0.1ms
[433.147s][debug][gc,phases      ] GC(2978)     Prepare Merge Heap Roots: 0.0ms
[433.147s][debug][gc,phases      ] GC(2978)     Eager Reclaim (ms):       skipped
[433.147s][debug][gc,phases      ] GC(2978)     Remembered Sets (ms):     Min:  0.0, Avg:  0.0, Max:  0.0, Diff:  0.0, Sum:  0.0, Workers: 8
[433.147s][debug][gc,phases      ] GC(2978)       Merged Sparse:            Min: 0, Avg:  0.0, Max: 0, Diff: 0, Sum: 0, Workers: 8
[433.147s][debug][gc,phases      ] GC(2978)       Merged Fine:              Min: 0, Avg:  0.0, Max: 0, Diff: 0, Sum: 0, Workers: 8
[433.147s][debug][gc,phases      ] GC(2978)       Merged Coarse:            Min: 0, Avg:  0.0, Max: 0, Diff: 0, Sum: 0, Workers: 8
[433.147s][debug][gc,phases      ] GC(2978)       Dirty Cards:              Min: 0, Avg:  0.0, Max: 0, Diff: 0, Sum: 0, Workers: 8
[433.147s][debug][gc,phases      ] GC(2978)     Hot Card Cache (ms):      Min:  0.0, Avg:  0.0, Max:  0.0, Diff:  0.0, Sum:  0.0, Workers: 8
[433.147s][debug][gc,phases      ] GC(2978)       Dirty Cards:              Min: 0, Avg:  0.0, Max: 0, Diff: 0, Sum: 0, Workers: 8
[433.147s][debug][gc,phases      ] GC(2978)       Skipped Cards:            Min: 0, Avg:  0.0, Max: 0, Diff: 0, Sum: 0, Workers: 8
[433.147s][debug][gc,phases      ] GC(2978)     Log Buffers (ms):         Min:  0.0, Avg:  0.0, Max:  0.0, Diff:  0.0, Sum:  0.0, Workers: 8
[433.147s][debug][gc,phases      ] GC(2978)       Dirty Cards:              Min: 0, Avg:  0.1, Max: 1, Diff: 1, Sum: 1, Workers: 8
[433.147s][debug][gc,phases      ] GC(2978)       Skipped Cards:            Min: 0, Avg:  0.0, Max: 0, Diff: 0, Sum: 0, Workers: 8
[433.147s][info ][gc,phases      ] GC(2978)   Evacuate Collection Set: 0.2ms
[433.147s][debug][gc,phases      ] GC(2978)     Ext Root Scanning (ms):   Min:  0.0, Avg:  0.0, Max:  0.1, Diff:  0.1, Sum:  0.2, Workers: 8
[433.147s][debug][gc,phases      ] GC(2978)     Scan Heap Roots (ms):     Min:  0.0, Avg:  0.0, Max:  0.0, Diff:  0.0, Sum:  0.0, Workers: 8
[433.147s][debug][gc,phases      ] GC(2978)       Scanned Cards:            Min: 0, Avg:  0.1, Max: 1, Diff: 1, Sum: 1, Workers: 8
[433.147s][debug][gc,phases      ] GC(2978)       Scanned Blocks:           Min: 0, Avg:  0.1, Max: 1, Diff: 1, Sum: 1, Workers: 8
[433.147s][debug][gc,phases      ] GC(2978)       Claimed Chunks:           Min: 0, Avg:  0.1, Max: 1, Diff: 1, Sum: 1, Workers: 8
[433.147s][debug][gc,phases      ] GC(2978)     Code Root Scan (ms):      Min:  0.0, Avg:  0.0, Max:  0.0, Diff:  0.0, Sum:  0.0, Workers: 8
[433.147s][debug][gc,phases      ] GC(2978)     Object Copy (ms):         Min:  0.0, Avg:  0.0, Max:  0.0, Diff:  0.0, Sum:  0.0, Workers: 8
[433.147s][debug][gc,phases      ] GC(2978)     Termination (ms):         Min:  0.1, Avg:  0.1, Max:  0.1, Diff:  0.0, Sum:  0.6, Workers: 8
[433.147s][debug][gc,phases      ] GC(2978)       Termination Attempts:     Min: 1, Avg:  1.0, Max: 1, Diff: 0, Sum: 8, Workers: 8
[433.147s][debug][gc,phases      ] GC(2978)     GC Worker Other (ms):     Min:  0.0, Avg:  0.0, Max:  0.0, Diff:  0.0, Sum:  0.1, Workers: 8
[433.147s][debug][gc,phases      ] GC(2978)     GC Worker Total (ms):     Min:  0.1, Avg:  0.1, Max:  0.2, Diff:  0.1, Sum:  1.0, Workers: 8
[433.147s][info ][gc,phases      ] GC(2978)   Post Evacuate Collection Set: 0.3ms
[433.147s][debug][gc,phases      ] GC(2978)     Code Roots Fixup: 0.0ms
[433.147s][debug][gc,phases      ] GC(2978)     Clear Card Table: 0.1ms
[433.147s][debug][gc,phases      ] GC(2978)     Reference Processing: 0.0ms
[433.147s][debug][gc,phases,ref  ] GC(2978)       Reconsider SoftReferences: 0.0ms
[433.147s][debug][gc,phases,ref  ] GC(2978)         SoftRef (ms):             skipped
[433.147s][debug][gc,phases,ref  ] GC(2978)       Notify Soft/WeakReferences: 0.0ms
[433.147s][debug][gc,phases,ref  ] GC(2978)         SoftRef (ms):             skipped
[433.147s][debug][gc,phases,ref  ] GC(2978)         WeakRef (ms):             skipped
[433.147s][debug][gc,phases,ref  ] GC(2978)         FinalRef (ms):            skipped
[433.147s][debug][gc,phases,ref  ] GC(2978)         Total (ms):               skipped
[433.147s][debug][gc,phases,ref  ] GC(2978)       Notify and keep alive finalizable: 0.0ms
[433.147s][debug][gc,phases,ref  ] GC(2978)         FinalRef (ms):            skipped
[433.147s][debug][gc,phases,ref  ] GC(2978)       Notify PhantomReferences: 0.0ms
[433.147s][debug][gc,phases,ref  ] GC(2978)         PhantomRef (ms):          skipped
[433.147s][debug][gc,phases,ref  ] GC(2978)       SoftReference:
[433.147s][debug][gc,phases,ref  ] GC(2978)         Discovered: 0
[433.147s][debug][gc,phases,ref  ] GC(2978)         Cleared: 0
[433.147s][debug][gc,phases,ref  ] GC(2978)       WeakReference:
[433.147s][debug][gc,phases,ref  ] GC(2978)         Discovered: 0
[433.147s][debug][gc,phases,ref  ] GC(2978)         Cleared: 0
[433.147s][debug][gc,phases,ref  ] GC(2978)       FinalReference:
[433.147s][debug][gc,phases,ref  ] GC(2978)         Discovered: 0
[433.147s][debug][gc,phases,ref  ] GC(2978)         Cleared: 0
[433.147s][debug][gc,phases,ref  ] GC(2978)       PhantomReference:
[433.147s][debug][gc,phases,ref  ] GC(2978)         Discovered: 0
[433.147s][debug][gc,phases,ref  ] GC(2978)         Cleared: 0
[433.147s][debug][gc,phases      ] GC(2978)     Weak Processing: 0.0ms
[433.147s][debug][gc,phases      ] GC(2978)       JVMTI weak processing: 0.0ms
[433.147s][debug][gc,phases      ] GC(2978)         Dead: 0
[433.147s][debug][gc,phases      ] GC(2978)         Total: 0
[433.147s][debug][gc,phases      ] GC(2978)       JFR weak processing: 0.0ms
[433.147s][debug][gc,phases      ] GC(2978)         Dead: 0
[433.147s][debug][gc,phases      ] GC(2978)         Total: 0
[433.147s][debug][gc,phases      ] GC(2978)       JNI weak                  Min:  0.0, Avg:  0.0, Max:  0.0, Diff:  0.0, Sum:  0.0, Workers: 5
[433.147s][debug][gc,phases      ] GC(2978)         Dead                      Min: 0, Avg:  0.0, Max: 0, Diff: 0, Sum: 0, Workers: 5
[433.147s][debug][gc,phases      ] GC(2978)         Total                     Min: 0, Avg: 13.6, Max: 52, Diff: 52, Sum: 68, Workers: 5
[433.147s][debug][gc,phases      ] GC(2978)       VM weak                   Min:  0.0, Avg:  0.0, Max:  0.0, Diff:  0.0, Sum:  0.0, Workers: 5
[433.147s][debug][gc,phases      ] GC(2978)         Dead                      Min: 0, Avg:  0.0, Max: 0, Diff: 0, Sum: 0, Workers: 5
[433.147s][debug][gc,phases      ] GC(2978)         Total                     Min: 0, Avg: 42.6, Max: 64, Diff: 64, Sum: 213, Workers: 5
[433.147s][debug][gc,phases      ] GC(2978)       StringTable weak          Min:  0.0, Avg:  0.0, Max:  0.0, Diff:  0.0, Sum:  0.1, Workers: 5
[433.147s][debug][gc,phases      ] GC(2978)         Dead                      Min: 0, Avg:  0.0, Max: 0, Diff: 0, Sum: 0, Workers: 5
[433.147s][debug][gc,phases      ] GC(2978)         Total                     Min: 0, Avg: 682.0, Max: 915, Diff: 915, Sum: 3410, Workers: 5
[433.147s][debug][gc,phases      ] GC(2978)       ResolvedMethodTable weak  Min:  0.0, Avg:  0.0, Max:  0.0, Diff:  0.0, Sum:  0.0, Workers: 5
[433.147s][debug][gc,phases      ] GC(2978)         Dead                      Min: 0, Avg:  0.0, Max: 0, Diff: 0, Sum: 0, Workers: 5
[433.147s][debug][gc,phases      ] GC(2978)         Total                     Min: 0, Avg: 114.8, Max: 190, Diff: 190, Sum: 574, Workers: 5
[433.147s][debug][gc,phases      ] GC(2978)     Merge Per-Thread State: 0.0ms
[433.147s][debug][gc,phases      ] GC(2978)       Copied Bytes              Min: 24, Avg: 77.0, Max: 144, Diff: 120, Sum: 616, Workers: 8
[433.147s][debug][gc,phases      ] GC(2978)       LAB Waste                 Min: 0, Avg:  0.0, Max: 0, Diff: 0, Sum: 0, Workers: 8
[433.147s][debug][gc,phases      ] GC(2978)       LAB Undo Waste            Min: 0, Avg:  0.0, Max: 0, Diff: 0, Sum: 0, Workers: 8
[433.147s][debug][gc,phases      ] GC(2978)     Code Roots Purge: 0.0ms
[433.147s][debug][gc,phases      ] GC(2978)     Redirty Cards: 0.0ms
[433.147s][debug][gc,phases      ] GC(2978)     DerivedPointerTable Update: 0.0ms
[433.147s][debug][gc,phases      ] GC(2978)     Free Collection Set: 0.1ms
[433.147s][debug][gc,phases      ] GC(2978)     Rebuild Free List: 0.0ms
[433.147s][debug][gc,phases      ] GC(2978)     Humongous Reclaim: 0.0ms
[433.147s][debug][gc,phases      ] GC(2978)     Start New Collection Set: 0.0ms
[433.147s][debug][gc,phases      ] GC(2978)     Resize TLABs: 0.0ms
[433.147s][debug][gc,phases      ] GC(2978)     Expand Heap After Collection: 0.0ms
[433.147s][info ][gc,phases      ] GC(2978)   Other: 0.3ms
[433.147s][info ][gc,heap        ] GC(2978) Eden regions: 180->0(180)
[433.147s][info ][gc,heap        ] GC(2978) Survivor regions: 1->1(23)
[433.147s][info ][gc,heap        ] GC(2978) Old regions: 7->7
[433.147s][info ][gc,heap        ] GC(2978) Archive regions: 2->2
[433.147s][info ][gc,heap        ] GC(2978) Humongous regions: 0->0
[433.147s][info ][gc,metaspace   ] GC(2978) Metaspace: 9905K(10624K)->9905K(10624K) NonClass: 8758K(9216K)->8758K(9216K) Class: 1146K(1408K)->1146K(1408K)
[433.147s][debug][gc,heap        ] GC(2978) Heap after GC invocations=2979 (full 1): garbage-first heap   total 309248K, used 4073K [0x0000000700000000, 0x0000000800000000)
[433.147s][debug][gc,heap        ] GC(2978)   region size 1024K, 1 young (1024K), 1 survivors (1024K)
[433.147s][debug][gc,heap        ] GC(2978)  Metaspace       used 9905K, capacity 10179K, committed 10624K, reserved 1058816K
[433.147s][debug][gc,heap        ] GC(2978)   class space    used 1146K, capacity 1267K, committed 1408K, reserved 1048576K
[433.148s][info ][gc             ] GC(2978) Pause Young (Normal) (G1 Evacuation Pause) 183M->3M(302M) 1.504ms
[433.148s][info ][gc,cpu         ] GC(2978) User=0.00s Sys=0.00s Real=0.00s
[433.148s][info ][safepoint      ] Safepoint "G1CollectForAllocation", Time since last: 149011154 ns, Reaching safepoint: 162896 ns, At safepoint: 1666677 ns, Total: 1829573 ns
[433.297s][debug][gc,heap        ] GC(2979) Heap before GC invocations=2979 (full 1): garbage-first heap   total 309248K, used 188393K [0x0000000700000000, 0x0000000800000000)
[433.297s][debug][gc,heap        ] GC(2979)   region size 1024K, 181 young (185344K), 1 survivors (1024K)
[433.297s][debug][gc,heap        ] GC(2979)  Metaspace       used 9905K, capacity 10179K, committed 10624K, reserved 1058816K
[433.297s][debug][gc,heap        ] GC(2979)   class space    used 1146K, capacity 1267K, committed 1408K, reserved 1048576K
[433.297s][info ][gc,start       ] GC(2979) Pause Young (Normal) (G1 Evacuation Pause)
[433.297s][info ][gc,task        ] GC(2979) Using 8 workers of 8 for evacuation
[433.297s][debug][gc,tlab        ] GC(2979) TLAB totals: thrds: 8  refills: 723 max: 97 slow allocs: 0 max 0 waste:  0.8% gc: 1150648B max: 318048B slow: 418496B max: 55928B fast: 0B max: 0B
[433.297s][debug][gc,age         ] GC(2979) Desired survivor size 12058624 bytes, new threshold 15 (max threshold 15)
[433.297s][debug][gc,alloc,region] GC(2979) Mutator Allocation stats, regions: 180, wasted size: 0B ( 0.0%)
[433.297s][debug][gc,ergo        ] GC(2979) Running G1 Merge Heap Roots using 8 workers for 181 regions
[433.298s][debug][gc,remset      ] GC(2979) Visited cards 256 Total dirty 2048 (12.50%) Total old 759808 (0.03%)
[433.298s][debug][gc,ergo        ] GC(2979) Running G1 Clear Card Table Task using 1 workers for 1 units of work for 182 regions.
[433.298s][debug][gc,ref         ] GC(2979) Skipped phase1 of Reference Processing due to unavailable references
[433.298s][debug][gc,ref         ] GC(2979) Skipped phase2 of Reference Processing due to unavailable references
[433.298s][debug][gc,ref         ] GC(2979) Skipped phase3 of Reference Processing due to unavailable references
[433.298s][debug][gc,ref         ] GC(2979) Skipped phase4 of Reference Processing due to unavailable references
[433.298s][debug][gc,ergo        ] GC(2979) Running G1 Free Collection Set using 8 workers for collection set length 181 (302)
[433.298s][debug][gc,ergo        ] GC(2979) Running G1 Rebuild Free List Task using 8 workers for rebuilding free list of 0 (4096) regions
[433.298s][trace][gc,age         ] GC(2979) Age table with threshold 15 (max threshold 15)
[433.298s][trace][gc,age         ] GC(2979) - age   1:        600 bytes,        600 total
[433.298s][debug][gc,plab        ] GC(2979) Young PLAB allocation: allocated: 10320B, wasted: 0B, unused: 9720B, used: 600B, undo waste: 0B, 
[433.298s][debug][gc,plab        ] GC(2979) Young other allocation: region end waste: 0B, regions filled: 1, direct allocated: 0B, failure used: 0B, failure wasted: 0B
[433.298s][debug][gc,plab        ] GC(2979) Young sizing: calculated: 120B, actual: 2064B
[433.298s][debug][gc,plab        ] GC(2979) Old PLAB allocation: allocated: 0B, wasted: 0B, unused: 0B, used: 0B, undo waste: 0B, 
[433.298s][debug][gc,plab        ] GC(2979) Old other allocation: region end waste: 0B, regions filled: 1, direct allocated: 0B, failure used: 0B, failure wasted: 0B
[433.298s][debug][gc,plab        ] GC(2979) Old sizing: calculated: 0B, actual: 2064B
[433.298s][debug][gc,ihop        ] GC(2979) Basic information (value update), threshold: 142501478B (45.00), target occupancy: 316669952B, current occupancy: 4165064B, recent allocation size: 0B, recent allocation duration: 150.53ms, recent old gen allocation rate: 0.00B/s, recent marking phase length: 0.00ms
[433.298s][debug][gc,ihop        ] GC(2979) Adaptive IHOP information (value update), threshold: 142501478B (47.37), internal target occupancy: 300836454B, occupancy: 4165064B, additional buffer size: 189792256B, predicted old gen allocation rate: 0.00B/s, predicted marking phase length: 0.00ms, prediction active: false
[433.298s][debug][gc,ergo,refine ] GC(2979) Concurrent refinement times: Logged Cards Scan time goal: 20.00ms Logged Cards Scan time: 0.00ms HCC time: 0.00ms
[433.298s][debug][gc,ergo,refine ] GC(2979) Updated Refinement Zones: green: 2048, yellow: 6144, red: 10240
[433.298s][info ][gc,phases      ] GC(2979)   Pre Evacuate Collection Set: 0.1ms
[433.298s][debug][gc,phases      ] GC(2979)     Prepare TLABs: 0.0ms
[433.298s][debug][gc,phases      ] GC(2979)     Choose Collection Set: 0.0ms
[433.298s][debug][gc,phases      ] GC(2979)     Region Register: 0.1ms
[433.298s][debug][gc,phases      ] GC(2979)     Prepare Heap Roots: 0.0ms
[433.298s][info ][gc,phases      ] GC(2979)   Merge Heap Roots: 0.1ms
[433.298s][debug][gc,phases      ] GC(2979)     Prepare Merge Heap Roots: 0.0ms
[433.298s][debug][gc,phases      ] GC(2979)     Eager Reclaim (ms):       skipped
[433.298s][debug][gc,phases      ] GC(2979)     Remembered Sets (ms):     Min:  0.0, Avg:  0.0, Max:  0.0, Diff:  0.0, Sum:  0.0, Workers: 8
[433.298s][debug][gc,phases      ] GC(2979)       Merged Sparse:            Min: 0, Avg:  0.0, Max: 0, Diff: 0, Sum: 0, Workers: 8
[433.298s][debug][gc,phases      ] GC(2979)       Merged Fine:              Min: 0, Avg:  0.0, Max: 0, Diff: 0, Sum: 0, Workers: 8
[433.298s][debug][gc,phases      ] GC(2979)       Merged Coarse:            Min: 0, Avg:  0.0, Max: 0, Diff: 0, Sum: 0, Workers: 8
[433.298s][debug][gc,phases      ] GC(2979)       Dirty Cards:              Min: 0, Avg:  0.0, Max: 0, Diff: 0, Sum: 0, Workers: 8
[433.298s][debug][gc,phases      ] GC(2979)     Hot Card Cache (ms):      Min:  0.0, Avg:  0.0, Max:  0.0, Diff:  0.0, Sum:  0.0, Workers: 8
[433.298s][debug][gc,phases      ] GC(2979)       Dirty Cards:              Min: 0, Avg:  0.0, Max: 0, Diff: 0, Sum: 0, Workers: 8
[433.298s][debug][gc,phases      ] GC(2979)       Skipped Cards:            Min: 0, Avg:  0.0, Max: 0, Diff: 0, Sum: 0, Workers: 8
[433.298s][debug][gc,phases      ] GC(2979)     Log Buffers (ms):         Min:  0.0, Avg:  0.0, Max:  0.0, Diff:  0.0, Sum:  0.0, Workers: 8
[433.298s][debug][gc,phases      ] GC(2979)       Dirty Cards:              Min: 0, Avg:  0.1, Max: 1, Diff: 1, Sum: 1, Workers: 8
[433.298s][debug][gc,phases      ] GC(2979)       Skipped Cards:            Min: 0, Avg:  0.0, Max: 0, Diff: 0, Sum: 0, Workers: 8
[433.298s][info ][gc,phases      ] GC(2979)   Evacuate Collection Set: 0.1ms
[433.298s][debug][gc,phases      ] GC(2979)     Ext Root Scanning (ms):   Min:  0.0, Avg:  0.0, Max:  0.1, Diff:  0.1, Sum:  0.2, Workers: 8
[433.298s][debug][gc,phases      ] GC(2979)     Scan Heap Roots (ms):     Min:  0.0, Avg:  0.0, Max:  0.0, Diff:  0.0, Sum:  0.0, Workers: 8
[433.298s][debug][gc,phases      ] GC(2979)       Scanned Cards:            Min: 0, Avg:  0.1, Max: 1, Diff: 1, Sum: 1, Workers: 8
[433.298s][debug][gc,phases      ] GC(2979)       Scanned Blocks:           Min: 0, Avg:  0.1, Max: 1, Diff: 1, Sum: 1, Workers: 8
[433.298s][debug][gc,phases      ] GC(2979)       Claimed Chunks:           Min: 0, Avg:  0.1, Max: 1, Diff: 1, Sum: 1, Workers: 8
[433.298s][debug][gc,phases      ] GC(2979)     Code Root Scan (ms):      Min:  0.0, Avg:  0.0, Max:  0.0, Diff:  0.0, Sum:  0.0, Workers: 8
[433.298s][debug][gc,phases      ] GC(2979)     Object Copy (ms):         Min:  0.0, Avg:  0.0, Max:  0.0, Diff:  0.0, Sum:  0.0, Workers: 8
[433.298s][debug][gc,phases      ] GC(2979)     Termination (ms):         Min:  0.0, Avg:  0.0, Max:  0.0, Diff:  0.0, Sum:  0.4, Workers: 8
[433.298s][debug][gc,phases      ] GC(2979)       Termination Attempts:     Min: 1, Avg:  1.0, Max: 1, Diff: 0, Sum: 8, Workers: 8
[433.298s][debug][gc,phases      ] GC(2979)     GC Worker Other (ms):     Min:  0.0, Avg:  0.0, Max:  0.0, Diff:  0.0, Sum:  0.1, Workers: 8
[433.298s][debug][gc,phases      ] GC(2979)     GC Worker Total (ms):     Min:  0.1, Avg:  0.1, Max:  0.1, Diff:  0.0, Sum:  0.7, Workers: 8
[433.298s][info ][gc,phases      ] GC(2979)   Post Evacuate Collection Set: 0.3ms
[433.298s][debug][gc,phases      ] GC(2979)     Code Roots Fixup: 0.0ms
[433.298s][debug][gc,phases      ] GC(2979)     Clear Card Table: 0.1ms
[433.298s][debug][gc,phases      ] GC(2979)     Reference Processing: 0.0ms
[433.298s][debug][gc,phases,ref  ] GC(2979)       Reconsider SoftReferences: 0.0ms
[433.298s][debug][gc,phases,ref  ] GC(2979)         SoftRef (ms):             skipped
[433.298s][debug][gc,phases,ref  ] GC(2979)       Notify Soft/WeakReferences: 0.0ms
[433.298s][debug][gc,phases,ref  ] GC(2979)         SoftRef (ms):             skipped
[433.298s][debug][gc,phases,ref  ] GC(2979)         WeakRef (ms):             skipped
[433.298s][debug][gc,phases,ref  ] GC(2979)         FinalRef (ms):            skipped
[433.298s][debug][gc,phases,ref  ] GC(2979)         Total (ms):               skipped
[433.298s][debug][gc,phases,ref  ] GC(2979)       Notify and keep alive finalizable: 0.0ms
[433.298s][debug][gc,phases,ref  ] GC(2979)         FinalRef (ms):            skipped
[433.298s][debug][gc,phases,ref  ] GC(2979)       Notify PhantomReferences: 0.0ms
[433.298s][debug][gc,phases,ref  ] GC(2979)         PhantomRef (ms):          skipped
[433.298s][debug][gc,phases,ref  ] GC(2979)       SoftReference:
[433.298s][debug][gc,phases,ref  ] GC(2979)         Discovered: 0
[433.298s][debug][gc,phases,ref  ] GC(2979)         Cleared: 0
[433.298s][debug][gc,phases,ref  ] GC(2979)       WeakReference:
[433.298s][debug][gc,phases,ref  ] GC(2979)         Discovered: 0
[433.298s][debug][gc,phases,ref  ] GC(2979)         Cleared: 0
[433.298s][debug][gc,phases,ref  ] GC(2979)       FinalReference:
[433.298s][debug][gc,phases,ref  ] GC(2979)         Discovered: 0
[433.298s][debug][gc,phases,ref  ] GC(2979)         Cleared: 0
[433.298s][debug][gc,phases,ref  ] GC(2979)       PhantomReference:
[433.298s][debug][gc,phases,ref  ] GC(2979)         Discovered: 0
[433.298s][debug][gc,phases,ref  ] GC(2979)         Cleared: 0
[433.298s][debug][gc,phases      ] GC(2979)     Weak Processing: 0.0ms
[433.298s][debug][gc,phases      ] GC(2979)       JVMTI weak processing: 0.0ms
[433.298s][debug][gc,phases      ] GC(2979)         Dead: 0
[433.298s][debug][gc,phases      ] GC(2979)         Total: 0
[433.298s][debug][gc,phases      ] GC(2979)       JFR weak processing: 0.0ms
[433.298s][debug][gc,phases      ] GC(2979)         Dead: 0
[433.298s][debug][gc,phases      ] GC(2979)         Total: 0
[433.298s][debug][gc,phases      ] GC(2979)       JNI weak                  Min:  0.0, Avg:  0.0, Max:  0.0, Diff:  0.0, Sum:  0.0, Workers: 5
[433.298s][debug][gc,phases      ] GC(2979)         Dead                      Min: 0, Avg:  0.0, Max: 0, Diff: 0, Sum: 0, Workers: 5
[433.298s][debug][gc,phases      ] GC(2979)         Total                     Min: 0, Avg: 13.6, Max: 68, Diff: 68, Sum: 68, Workers: 5
[433.298s][debug][gc,phases      ] GC(2979)       VM weak                   Min:  0.0, Avg:  0.0, Max:  0.0, Diff:  0.0, Sum:  0.0, Workers: 5
[433.299s][debug][gc,phases      ] GC(2979)         Dead                      Min: 0, Avg:  0.0, Max: 0, Diff: 0, Sum: 0, Workers: 5
[433.299s][debug][gc,phases      ] GC(2979)         Total                     Min: 0, Avg: 42.6, Max: 213, Diff: 213, Sum: 213, Workers: 5
[433.299s][debug][gc,phases      ] GC(2979)       StringTable weak          Min:  0.0, Avg:  0.0, Max:  0.0, Diff:  0.0, Sum:  0.0, Workers: 5
[433.299s][debug][gc,phases      ] GC(2979)         Dead                      Min: 0, Avg:  0.0, Max: 0, Diff: 0, Sum: 0, Workers: 5
[433.299s][debug][gc,phases      ] GC(2979)         Total                     Min: 0, Avg: 682.0, Max: 1471, Diff: 1471, Sum: 3410, Workers: 5
[433.299s][debug][gc,phases      ] GC(2979)       ResolvedMethodTable weak  Min:  0.0, Avg:  0.0, Max:  0.0, Diff:  0.0, Sum:  0.0, Workers: 5
[433.299s][debug][gc,phases      ] GC(2979)         Dead                      Min: 0, Avg:  0.0, Max: 0, Diff: 0, Sum: 0, Workers: 5
[433.299s][debug][gc,phases      ] GC(2979)         Total                     Min: 0, Avg: 114.8, Max: 192, Diff: 192, Sum: 574, Workers: 5
[433.299s][debug][gc,phases      ] GC(2979)     Merge Per-Thread State: 0.0ms
[433.299s][debug][gc,phases      ] GC(2979)       Copied Bytes              Min: 0, Avg: 75.0, Max: 272, Diff: 272, Sum: 600, Workers: 8
[433.299s][debug][gc,phases      ] GC(2979)       LAB Waste                 Min: 0, Avg:  0.0, Max: 0, Diff: 0, Sum: 0, Workers: 8
[433.299s][debug][gc,phases      ] GC(2979)       LAB Undo Waste            Min: 0, Avg:  0.0, Max: 0, Diff: 0, Sum: 0, Workers: 8
[433.299s][debug][gc,phases      ] GC(2979)     Code Roots Purge: 0.0ms
[433.299s][debug][gc,phases      ] GC(2979)     Redirty Cards: 0.0ms
[433.299s][debug][gc,phases      ] GC(2979)     DerivedPointerTable Update: 0.0ms
[433.299s][debug][gc,phases      ] GC(2979)     Free Collection Set: 0.1ms
[433.299s][debug][gc,phases      ] GC(2979)     Rebuild Free List: 0.1ms
[433.299s][debug][gc,phases      ] GC(2979)     Humongous Reclaim: 0.0ms
[433.299s][debug][gc,phases      ] GC(2979)     Start New Collection Set: 0.0ms
[433.299s][debug][gc,phases      ] GC(2979)     Resize TLABs: 0.0ms
[433.299s][debug][gc,phases      ] GC(2979)     Expand Heap After Collection: 0.0ms
[433.299s][info ][gc,phases      ] GC(2979)   Other: 0.2ms
[433.299s][info ][gc,heap        ] GC(2979) Eden regions: 180->0(180)
[433.299s][info ][gc,heap        ] GC(2979) Survivor regions: 1->1(23)
[433.299s][info ][gc,heap        ] GC(2979) Old regions: 7->7
[433.299s][info ][gc,heap        ] GC(2979) Archive regions: 2->2
[433.299s][info ][gc,heap        ] GC(2979) Humongous regions: 0->0
[433.299s][info ][gc,metaspace   ] GC(2979) Metaspace: 9905K(10624K)->9905K(10624K) NonClass: 8758K(9216K)->8758K(9216K) Class: 1146K(1408K)->1146K(1408K)
[433.299s][debug][gc,heap        ] GC(2979) Heap after GC invocations=2980 (full 1): garbage-first heap   total 309248K, used 4067K [0x0000000700000000, 0x0000000800000000)
[433.299s][debug][gc,heap        ] GC(2979)   region size 1024K, 1 young (1024K), 1 survivors (1024K)
[433.299s][debug][gc,heap        ] GC(2979)  Metaspace       used 9905K, capacity 10179K, committed 10624K, reserved 1058816K
[433.299s][debug][gc,heap        ] GC(2979)   class space    used 1146K, capacity 1267K, committed 1408K, reserved 1048576K
[433.299s][info ][gc             ] GC(2979) Pause Young (Normal) (G1 Evacuation Pause) 183M->3M(302M) 1.408ms
[433.299s][info ][gc,cpu         ] GC(2979) User=0.00s Sys=0.00s Real=0.00s
[433.299s][info ][safepoint      ] Safepoint "G1CollectForAllocation", Time since last: 149480100 ns, Reaching safepoint: 156157 ns, At safepoint: 1567359 ns, Total: 1723516 ns
[433.442s][debug][gc,heap        ] GC(2980) Heap before GC invocations=2980 (full 1): garbage-first heap   total 309248K, used 188387K [0x0000000700000000, 0x0000000800000000)
[433.443s][debug][gc,heap        ] GC(2980)   region size 1024K, 181 young (185344K), 1 survivors (1024K)
[433.443s][debug][gc,heap        ] GC(2980)  Metaspace       used 9905K, capacity 10179K, committed 10624K, reserved 1058816K
[433.443s][debug][gc,heap        ] GC(2980)   class space    used 1146K, capacity 1267K, committed 1408K, reserved 1048576K
[433.443s][info ][gc,start       ] GC(2980) Pause Young (Normal) (G1 Evacuation Pause)
[433.443s][info ][gc,task        ] GC(2980) Using 8 workers of 8 for evacuation
[433.443s][debug][gc,tlab        ] GC(2980) TLAB totals: thrds: 8  refills: 722 max: 99 slow allocs: 0 max 0 waste:  0.9% gc: 1220320B max: 423096B slow: 417640B max: 57376B fast: 0B max: 0B
[433.443s][debug][gc,age         ] GC(2980) Desired survivor size 12058624 bytes, new threshold 15 (max threshold 15)
[433.443s][debug][gc,alloc,region] GC(2980) Mutator Allocation stats, regions: 180, wasted size: 0B ( 0.0%)
[433.443s][debug][gc,ergo        ] GC(2980) Running G1 Merge Heap Roots using 8 workers for 181 regions
[433.443s][debug][gc,remset      ] GC(2980) Visited cards 256 Total dirty 2048 (12.50%) Total old 759808 (0.03%)
[433.443s][debug][gc,ergo        ] GC(2980) Running G1 Clear Card Table Task using 1 workers for 1 units of work for 182 regions.
[433.443s][debug][gc,ref         ] GC(2980) Skipped phase1 of Reference Processing due to unavailable references
[433.443s][debug][gc,ref         ] GC(2980) Skipped phase2 of Reference Processing due to unavailable references
[433.443s][debug][gc,ref         ] GC(2980) Skipped phase3 of Reference Processing due to unavailable references
[433.443s][debug][gc,ref         ] GC(2980) Skipped phase4 of Reference Processing due to unavailable references
[433.443s][debug][gc,ergo        ] GC(2980) Running G1 Free Collection Set using 8 workers for collection set length 181 (302)
[433.443s][debug][gc,ergo        ] GC(2980) Running G1 Rebuild Free List Task using 8 workers for rebuilding free list of 0 (4096) regions
[433.443s][trace][gc,age         ] GC(2980) Age table with threshold 15 (max threshold 15)
[433.443s][trace][gc,age         ] GC(2980) - age   1:        432 bytes,        432 total
[433.443s][debug][gc,plab        ] GC(2980) Young PLAB allocation: allocated: 12384B, wasted: 0B, unused: 11952B, used: 432B, undo waste: 0B, 
[433.443s][debug][gc,plab        ] GC(2980) Young other allocation: region end waste: 0B, regions filled: 1, direct allocated: 0B, failure used: 0B, failure wasted: 0B
[433.443s][debug][gc,plab        ] GC(2980) Young sizing: calculated: 80B, actual: 2064B
[433.443s][debug][gc,plab        ] GC(2980) Old PLAB allocation: allocated: 0B, wasted: 0B, unused: 0B, used: 0B, undo waste: 0B, 
[433.443s][debug][gc,plab        ] GC(2980) Old other allocation: region end waste: 0B, regions filled: 1, direct allocated: 0B, failure used: 0B, failure wasted: 0B
[433.443s][debug][gc,plab        ] GC(2980) Old sizing: calculated: 0B, actual: 2064B
[433.443s][debug][gc,ihop        ] GC(2980) Basic information (value update), threshold: 142501478B (45.00), target occupancy: 316669952B, current occupancy: 4167128B, recent allocation size: 0B, recent allocation duration: 144.55ms, recent old gen allocation rate: 0.00B/s, recent marking phase length: 0.00ms
[433.443s][debug][gc,ihop        ] GC(2980) Adaptive IHOP information (value update), threshold: 142501478B (47.37), internal target occupancy: 300836454B, occupancy: 4167128B, additional buffer size: 189792256B, predicted old gen allocation rate: 0.00B/s, predicted marking phase length: 0.00ms, prediction active: false
[433.443s][debug][gc,ergo,refine ] GC(2980) Concurrent refinement times: Logged Cards Scan time goal: 20.00ms Logged Cards Scan time: 0.00ms HCC time: 0.00ms
[433.443s][debug][gc,ergo,refine ] GC(2980) Updated Refinement Zones: green: 2048, yellow: 6144, red: 10240
[433.443s][info ][gc,phases      ] GC(2980)   Pre Evacuate Collection Set: 0.1ms
[433.443s][debug][gc,phases      ] GC(2980)     Prepare TLABs: 0.0ms
[433.443s][debug][gc,phases      ] GC(2980)     Choose Collection Set: 0.0ms
[433.443s][debug][gc,phases      ] GC(2980)     Region Register: 0.1ms
[433.443s][debug][gc,phases      ] GC(2980)     Prepare Heap Roots: 0.0ms
[433.443s][info ][gc,phases      ] GC(2980)   Merge Heap Roots: 0.1ms
[433.443s][debug][gc,phases      ] GC(2980)     Prepare Merge Heap Roots: 0.0ms
[433.443s][debug][gc,phases      ] GC(2980)     Eager Reclaim (ms):       skipped
[433.443s][debug][gc,phases      ] GC(2980)     Remembered Sets (ms):     Min:  0.0, Avg:  0.0, Max:  0.0, Diff:  0.0, Sum:  0.1, Workers: 8
[433.443s][debug][gc,phases      ] GC(2980)       Merged Sparse:            Min: 0, Avg:  0.0, Max: 0, Diff: 0, Sum: 0, Workers: 8
[433.443s][debug][gc,phases      ] GC(2980)       Merged Fine:              Min: 0, Avg:  0.0, Max: 0, Diff: 0, Sum: 0, Workers: 8
[433.443s][debug][gc,phases      ] GC(2980)       Merged Coarse:            Min: 0, Avg:  0.0, Max: 0, Diff: 0, Sum: 0, Workers: 8
[433.443s][debug][gc,phases      ] GC(2980)       Dirty Cards:              Min: 0, Avg:  0.0, Max: 0, Diff: 0, Sum: 0, Workers: 8
[433.443s][debug][gc,phases      ] GC(2980)     Hot Card Cache (ms):      Min:  0.0, Avg:  0.0, Max:  0.0, Diff:  0.0, Sum:  0.0, Workers: 8
[433.443s][debug][gc,phases      ] GC(2980)       Dirty Cards:              Min: 0, Avg:  0.0, Max: 0, Diff: 0, Sum: 0, Workers: 8
[433.443s][debug][gc,phases      ] GC(2980)       Skipped Cards:            Min: 0, Avg:  0.0, Max: 0, Diff: 0, Sum: 0, Workers: 8
[433.443s][debug][gc,phases      ] GC(2980)     Log Buffers (ms):         Min:  0.0, Avg:  0.0, Max:  0.0, Diff:  0.0, Sum:  0.0, Workers: 8
[433.444s][debug][gc,phases      ] GC(2980)       Dirty Cards:              Min: 0, Avg:  0.1, Max: 1, Diff: 1, Sum: 1, Workers: 8
[433.444s][debug][gc,phases      ] GC(2980)       Skipped Cards:            Min: 0, Avg:  0.0, Max: 0, Diff: 0, Sum: 0, Workers: 8
[433.444s][info ][gc,phases      ] GC(2980)   Evacuate Collection Set: 0.2ms
[433.444s][debug][gc,phases      ] GC(2980)     Ext Root Scanning (ms):   Min:  0.0, Avg:  0.0, Max:  0.1, Diff:  0.0, Sum:  0.2, Workers: 8
[433.444s][debug][gc,phases      ] GC(2980)     Scan Heap Roots (ms):     Min:  0.0, Avg:  0.0, Max:  0.0, Diff:  0.0, Sum:  0.0, Workers: 8
[433.444s][debug][gc,phases      ] GC(2980)       Scanned Cards:            Min: 0, Avg:  0.1, Max: 1, Diff: 1, Sum: 1, Workers: 8
[433.444s][debug][gc,phases      ] GC(2980)       Scanned Blocks:           Min: 0, Avg:  0.1, Max: 1, Diff: 1, Sum: 1, Workers: 8
[433.444s][debug][gc,phases      ] GC(2980)       Claimed Chunks:           Min: 0, Avg:  0.1, Max: 1, Diff: 1, Sum: 1, Workers: 8
[433.444s][debug][gc,phases      ] GC(2980)     Code Root Scan (ms):      Min:  0.0, Avg:  0.0, Max:  0.0, Diff:  0.0, Sum:  0.0, Workers: 8
[433.444s][debug][gc,phases      ] GC(2980)     Object Copy (ms):         Min:  0.0, Avg:  0.0, Max:  0.0, Diff:  0.0, Sum:  0.0, Workers: 8
[433.444s][debug][gc,phases      ] GC(2980)     Termination (ms):         Min:  0.0, Avg:  0.1, Max:  0.1, Diff:  0.0, Sum:  0.4, Workers: 8
[433.444s][debug][gc,phases      ] GC(2980)       Termination Attempts:     Min: 1, Avg:  1.0, Max: 1, Diff: 0, Sum: 8, Workers: 8
[433.444s][debug][gc,phases      ] GC(2980)     GC Worker Other (ms):     Min:  0.0, Avg:  0.0, Max:  0.0, Diff:  0.0, Sum:  0.1, Workers: 8
[433.444s][debug][gc,phases      ] GC(2980)     GC Worker Total (ms):     Min:  0.1, Avg:  0.1, Max:  0.1, Diff:  0.0, Sum:  0.8, Workers: 8
[433.444s][info ][gc,phases      ] GC(2980)   Post Evacuate Collection Set: 0.3ms
[433.444s][debug][gc,phases      ] GC(2980)     Code Roots Fixup: 0.0ms
[433.444s][debug][gc,phases      ] GC(2980)     Clear Card Table: 0.1ms
[433.444s][debug][gc,phases      ] GC(2980)     Reference Processing: 0.0ms
[433.444s][debug][gc,phases,ref  ] GC(2980)       Reconsider SoftReferences: 0.0ms
[433.444s][debug][gc,phases,ref  ] GC(2980)         SoftRef (ms):             skipped
[433.444s][debug][gc,phases,ref  ] GC(2980)       Notify Soft/WeakReferences: 0.0ms
[433.444s][debug][gc,phases,ref  ] GC(2980)         SoftRef (ms):             skipped
[433.444s][debug][gc,phases,ref  ] GC(2980)         WeakRef (ms):             skipped
[433.444s][debug][gc,phases,ref  ] GC(2980)         FinalRef (ms):            skipped
[433.444s][debug][gc,phases,ref  ] GC(2980)         Total (ms):               skipped
[433.444s][debug][gc,phases,ref  ] GC(2980)       Notify and keep alive finalizable: 0.0ms
[433.444s][debug][gc,phases,ref  ] GC(2980)         FinalRef (ms):            skipped
[433.444s][debug][gc,phases,ref  ] GC(2980)       Notify PhantomReferences: 0.0ms
[433.444s][debug][gc,phases,ref  ] GC(2980)         PhantomRef (ms):          skipped
[433.444s][debug][gc,phases,ref  ] GC(2980)       SoftReference:
[433.444s][debug][gc,phases,ref  ] GC(2980)         Discovered: 0
[433.444s][debug][gc,phases,ref  ] GC(2980)         Cleared: 0
[433.444s][debug][gc,phases,ref  ] GC(2980)       WeakReference:
[433.444s][debug][gc,phases,ref  ] GC(2980)         Discovered: 0
[433.444s][debug][gc,phases,ref  ] GC(2980)         Cleared: 0
[433.444s][debug][gc,phases,ref  ] GC(2980)       FinalReference:
[433.444s][debug][gc,phases,ref  ] GC(2980)         Discovered: 0
[433.444s][debug][gc,phases,ref  ] GC(2980)         Cleared: 0
[433.444s][debug][gc,phases,ref  ] GC(2980)       PhantomReference:
[433.444s][debug][gc,phases,ref  ] GC(2980)         Discovered: 0
[433.444s][debug][gc,phases,ref  ] GC(2980)         Cleared: 0
[433.444s][debug][gc,phases      ] GC(2980)     Weak Processing: 0.0ms
[433.444s][debug][gc,phases      ] GC(2980)       JVMTI weak processing: 0.0ms
[433.444s][debug][gc,phases      ] GC(2980)         Dead: 0
[433.444s][debug][gc,phases      ] GC(2980)         Total: 0
[433.444s][debug][gc,phases      ] GC(2980)       JFR weak processing: 0.0ms
[433.444s][debug][gc,phases      ] GC(2980)         Dead: 0
[433.444s][debug][gc,phases      ] GC(2980)         Total: 0
[433.444s][debug][gc,phases      ] GC(2980)       JNI weak                  Min:  0.0, Avg:  0.0, Max:  0.0, Diff:  0.0, Sum:  0.0, Workers: 5
[433.444s][debug][gc,phases      ] GC(2980)         Dead                      Min: 0, Avg:  0.0, Max: 0, Diff: 0, Sum: 0, Workers: 5
[433.444s][debug][gc,phases      ] GC(2980)         Total                     Min: 0, Avg: 13.6, Max: 52, Diff: 52, Sum: 68, Workers: 5
[433.444s][debug][gc,phases      ] GC(2980)       VM weak                   Min:  0.0, Avg:  0.0, Max:  0.0, Diff:  0.0, Sum:  0.0, Workers: 5
[433.444s][debug][gc,phases      ] GC(2980)         Dead                      Min: 0, Avg:  0.0, Max: 0, Diff: 0, Sum: 0, Workers: 5
[433.444s][debug][gc,phases      ] GC(2980)         Total                     Min: 0, Avg: 42.6, Max: 85, Diff: 85, Sum: 213, Workers: 5
[433.444s][debug][gc,phases      ] GC(2980)       StringTable weak          Min:  0.0, Avg:  0.0, Max:  0.0, Diff:  0.0, Sum:  0.1, Workers: 5
[433.444s][debug][gc,phases      ] GC(2980)         Dead                      Min: 0, Avg:  0.0, Max: 0, Diff: 0, Sum: 0, Workers: 5
[433.444s][debug][gc,phases      ] GC(2980)         Total                     Min: 531, Avg: 682.0, Max: 768, Diff: 237, Sum: 3410, Workers: 5
[433.444s][debug][gc,phases      ] GC(2980)       ResolvedMethodTable weak  Min:  0.0, Avg:  0.0, Max:  0.0, Diff:  0.0, Sum:  0.0, Workers: 5
[433.444s][debug][gc,phases      ] GC(2980)         Dead                      Min: 0, Avg:  0.0, Max: 0, Diff: 0, Sum: 0, Workers: 5
[433.444s][debug][gc,phases      ] GC(2980)         Total                     Min: 64, Avg: 114.8, Max: 128, Diff: 64, Sum: 574, Workers: 5
[433.444s][debug][gc,phases      ] GC(2980)     Merge Per-Thread State: 0.0ms
[433.444s][debug][gc,phases      ] GC(2980)       Copied Bytes              Min: 0, Avg: 54.0, Max: 120, Diff: 120, Sum: 432, Workers: 8
[433.444s][debug][gc,phases      ] GC(2980)       LAB Waste                 Min: 0, Avg:  0.0, Max: 0, Diff: 0, Sum: 0, Workers: 8
[433.444s][debug][gc,phases      ] GC(2980)       LAB Undo Waste            Min: 0, Avg:  0.0, Max: 0, Diff: 0, Sum: 0, Workers: 8
[433.444s][debug][gc,phases      ] GC(2980)     Code Roots Purge: 0.0ms
[433.444s][debug][gc,phases      ] GC(2980)     Redirty Cards: 0.0ms
[433.444s][debug][gc,phases      ] GC(2980)     DerivedPointerTable Update: 0.0ms
[433.444s][debug][gc,phases      ] GC(2980)     Free Collection Set: 0.1ms
[433.444s][debug][gc,phases      ] GC(2980)     Rebuild Free List: 0.1ms
[433.444s][debug][gc,phases      ] GC(2980)     Humongous Reclaim: 0.0ms
[433.444s][debug][gc,phases      ] GC(2980)     Start New Collection Set: 0.0ms
[433.444s][debug][gc,phases      ] GC(2980)     Resize TLABs: 0.0ms
[433.444s][debug][gc,phases      ] GC(2980)     Expand Heap After Collection: 0.0ms
[433.444s][info ][gc,phases      ] GC(2980)   Other: 0.3ms
[433.444s][info ][gc,heap        ] GC(2980) Eden regions: 180->0(180)
[433.444s][info ][gc,heap        ] GC(2980) Survivor regions: 1->1(23)
[433.444s][info ][gc,heap        ] GC(2980) Old regions: 7->7
[433.444s][info ][gc,heap        ] GC(2980) Archive regions: 2->2
[433.444s][info ][gc,heap        ] GC(2980) Humongous regions: 0->0
[433.444s][info ][gc,metaspace   ] GC(2980) Metaspace: 9905K(10624K)->9905K(10624K) NonClass: 8758K(9216K)->8758K(9216K) Class: 1146K(1408K)->1146K(1408K)
[433.444s][debug][gc,heap        ] GC(2980) Heap after GC invocations=2981 (full 1): garbage-first heap   total 309248K, used 4069K [0x0000000700000000, 0x0000000800000000)
[433.444s][debug][gc,heap        ] GC(2980)   region size 1024K, 1 young (1024K), 1 survivors (1024K)
[433.444s][debug][gc,heap        ] GC(2980)  Metaspace       used 9905K, capacity 10179K, committed 10624K, reserved 1058816K
[433.444s][debug][gc,heap        ] GC(2980)   class space    used 1146K, capacity 1267K, committed 1408K, reserved 1048576K
[433.444s][info ][gc             ] GC(2980) Pause Young (Normal) (G1 Evacuation Pause) 183M->3M(302M) 1.534ms
[433.444s][info ][gc,cpu         ] GC(2980) User=0.01s Sys=0.00s Real=0.01s
[433.444s][info ][safepoint      ] Safepoint "G1CollectForAllocation", Time since last: 143521175 ns, Reaching safepoint: 157506 ns, At safepoint: 1659253 ns, Total: 1816759 ns
[433.588s][debug][gc,heap        ] GC(2981) Heap before GC invocations=2981 (full 1): garbage-first heap   total 309248K, used 188389K [0x0000000700000000, 0x0000000800000000)
[433.588s][debug][gc,heap        ] GC(2981)   region size 1024K, 181 young (185344K), 1 survivors (1024K)
[433.588s][debug][gc,heap        ] GC(2981)  Metaspace       used 9905K, capacity 10179K, committed 10624K, reserved 1058816K
[433.588s][debug][gc,heap        ] GC(2981)   class space    used 1146K, capacity 1267K, committed 1408K, reserved 1048576K
[433.588s][info ][gc,start       ] GC(2981) Pause Young (Normal) (G1 Evacuation Pause)
[433.588s][info ][gc,task        ] GC(2981) Using 8 workers of 8 for evacuation
[433.588s][debug][gc,tlab        ] GC(2981) TLAB totals: thrds: 8  refills: 722 max: 96 slow allocs: 0 max 0 waste:  1.0% gc: 1481968B max: 410720B slow: 417208B max: 55656B fast: 0B max: 0B
[433.588s][debug][gc,age         ] GC(2981) Desired survivor size 12058624 bytes, new threshold 15 (max threshold 15)
[433.588s][debug][gc,alloc,region] GC(2981) Mutator Allocation stats, regions: 180, wasted size: 0B ( 0.0%)
[433.588s][debug][gc,ergo        ] GC(2981) Running G1 Merge Heap Roots using 8 workers for 181 regions
[433.588s][debug][gc,remset      ] GC(2981) Visited cards 256 Total dirty 2048 (12.50%) Total old 759808 (0.03%)
[433.588s][debug][gc,ergo        ] GC(2981) Running G1 Clear Card Table Task using 1 workers for 1 units of work for 182 regions.
[433.588s][debug][gc,ref         ] GC(2981) Skipped phase1 of Reference Processing due to unavailable references
[433.588s][debug][gc,ref         ] GC(2981) Skipped phase2 of Reference Processing due to unavailable references
[433.588s][debug][gc,ref         ] GC(2981) Skipped phase3 of Reference Processing due to unavailable references
[433.588s][debug][gc,ref         ] GC(2981) Skipped phase4 of Reference Processing due to unavailable references
[433.588s][debug][gc,ergo        ] GC(2981) Running G1 Free Collection Set using 8 workers for collection set length 181 (302)
[433.588s][debug][gc,ergo        ] GC(2981) Running G1 Rebuild Free List Task using 8 workers for rebuilding free list of 0 (4096) regions
[433.588s][trace][gc,age         ] GC(2981) Age table with threshold 15 (max threshold 15)
[433.588s][trace][gc,age         ] GC(2981) - age   1:        600 bytes,        600 total
[433.588s][debug][gc,plab        ] GC(2981) Young PLAB allocation: allocated: 12384B, wasted: 0B, unused: 11784B, used: 600B, undo waste: 0B, 
[433.588s][debug][gc,plab        ] GC(2981) Young other allocation: region end waste: 0B, regions filled: 1, direct allocated: 0B, failure used: 0B, failure wasted: 0B
[433.588s][debug][gc,plab        ] GC(2981) Young sizing: calculated: 120B, actual: 2064B
[433.588s][debug][gc,plab        ] GC(2981) Old PLAB allocation: allocated: 0B, wasted: 0B, unused: 0B, used: 0B, undo waste: 0B, 
[433.588s][debug][gc,plab        ] GC(2981) Old other allocation: region end waste: 0B, regions filled: 1, direct allocated: 0B, failure used: 0B, failure wasted: 0B
[433.588s][debug][gc,plab        ] GC(2981) Old sizing: calculated: 0B, actual: 2064B
[433.588s][debug][gc,ihop        ] GC(2981) Basic information (value update), threshold: 142501478B (45.00), target occupancy: 316669952B, current occupancy: 4167128B, recent allocation size: 0B, recent allocation duration: 144.32ms, recent old gen allocation rate: 0.00B/s, recent marking phase length: 0.00ms
[433.588s][debug][gc,ihop        ] GC(2981) Adaptive IHOP information (value update), threshold: 142501478B (47.37), internal target occupancy: 300836454B, occupancy: 4167128B, additional buffer size: 189792256B, predicted old gen allocation rate: 0.00B/s, predicted marking phase length: 0.00ms, prediction active: false
[433.588s][debug][gc,ergo,refine ] GC(2981) Concurrent refinement times: Logged Cards Scan time goal: 20.00ms Logged Cards Scan time: 0.00ms HCC time: 0.00ms
[433.588s][debug][gc,ergo,refine ] GC(2981) Updated Refinement Zones: green: 2048, yellow: 6144, red: 10240
[433.588s][info ][gc,phases      ] GC(2981)   Pre Evacuate Collection Set: 0.1ms
[433.588s][debug][gc,phases      ] GC(2981)     Prepare TLABs: 0.0ms
[433.588s][debug][gc,phases      ] GC(2981)     Choose Collection Set: 0.0ms
[433.588s][debug][gc,phases      ] GC(2981)     Region Register: 0.1ms
[433.588s][debug][gc,phases      ] GC(2981)     Prepare Heap Roots: 0.0ms
[433.588s][info ][gc,phases      ] GC(2981)   Merge Heap Roots: 0.1ms
[433.589s][debug][gc,phases      ] GC(2981)     Prepare Merge Heap Roots: 0.0ms
[433.589s][debug][gc,phases      ] GC(2981)     Eager Reclaim (ms):       skipped
[433.589s][debug][gc,phases      ] GC(2981)     Remembered Sets (ms):     Min:  0.0, Avg:  0.0, Max:  0.0, Diff:  0.0, Sum:  0.0, Workers: 8
[433.589s][debug][gc,phases      ] GC(2981)       Merged Sparse:            Min: 0, Avg:  0.0, Max: 0, Diff: 0, Sum: 0, Workers: 8
[433.589s][debug][gc,phases      ] GC(2981)       Merged Fine:              Min: 0, Avg:  0.0, Max: 0, Diff: 0, Sum: 0, Workers: 8
[433.589s][debug][gc,phases      ] GC(2981)       Merged Coarse:            Min: 0, Avg:  0.0, Max: 0, Diff: 0, Sum: 0, Workers: 8
[433.589s][debug][gc,phases      ] GC(2981)       Dirty Cards:              Min: 0, Avg:  0.0, Max: 0, Diff: 0, Sum: 0, Workers: 8
[433.589s][debug][gc,phases      ] GC(2981)     Hot Card Cache (ms):      Min:  0.0, Avg:  0.0, Max:  0.0, Diff:  0.0, Sum:  0.0, Workers: 8
[433.589s][debug][gc,phases      ] GC(2981)       Dirty Cards:              Min: 0, Avg:  0.0, Max: 0, Diff: 0, Sum: 0, Workers: 8
[433.589s][debug][gc,phases      ] GC(2981)       Skipped Cards:            Min: 0, Avg:  0.0, Max: 0, Diff: 0, Sum: 0, Workers: 8
[433.589s][debug][gc,phases      ] GC(2981)     Log Buffers (ms):         Min:  0.0, Avg:  0.0, Max:  0.0, Diff:  0.0, Sum:  0.0, Workers: 8
[433.589s][debug][gc,phases      ] GC(2981)       Dirty Cards:              Min: 0, Avg:  0.1, Max: 1, Diff: 1, Sum: 1, Workers: 8
[433.589s][debug][gc,phases      ] GC(2981)       Skipped Cards:            Min: 0, Avg:  0.0, Max: 0, Diff: 0, Sum: 0, Workers: 8
[433.589s][info ][gc,phases      ] GC(2981)   Evacuate Collection Set: 0.1ms
[433.589s][debug][gc,phases      ] GC(2981)     Ext Root Scanning (ms):   Min:  0.0, Avg:  0.0, Max:  0.1, Diff:  0.1, Sum:  0.2, Workers: 8
[433.589s][debug][gc,phases      ] GC(2981)     Scan Heap Roots (ms):     Min:  0.0, Avg:  0.0, Max:  0.0, Diff:  0.0, Sum:  0.0, Workers: 8
[433.589s][debug][gc,phases      ] GC(2981)       Scanned Cards:            Min: 0, Avg:  0.1, Max: 1, Diff: 1, Sum: 1, Workers: 8
[433.589s][debug][gc,phases      ] GC(2981)       Scanned Blocks:           Min: 0, Avg:  0.1, Max: 1, Diff: 1, Sum: 1, Workers: 8
[433.589s][debug][gc,phases      ] GC(2981)       Claimed Chunks:           Min: 0, Avg:  0.1, Max: 1, Diff: 1, Sum: 1, Workers: 8
[433.589s][debug][gc,phases      ] GC(2981)     Code Root Scan (ms):      Min:  0.0, Avg:  0.0, Max:  0.0, Diff:  0.0, Sum:  0.0, Workers: 8
[433.589s][debug][gc,phases      ] GC(2981)     Object Copy (ms):         Min:  0.0, Avg:  0.0, Max:  0.0, Diff:  0.0, Sum:  0.0, Workers: 8
[433.589s][debug][gc,phases      ] GC(2981)     Termination (ms):         Min:  0.0, Avg:  0.1, Max:  0.1, Diff:  0.0, Sum:  0.4, Workers: 8
[433.589s][debug][gc,phases      ] GC(2981)       Termination Attempts:     Min: 1, Avg:  1.0, Max: 1, Diff: 0, Sum: 8, Workers: 8
[433.589s][debug][gc,phases      ] GC(2981)     GC Worker Other (ms):     Min:  0.0, Avg:  0.0, Max:  0.0, Diff:  0.0, Sum:  0.1, Workers: 8
[433.589s][debug][gc,phases      ] GC(2981)     GC Worker Total (ms):     Min:  0.1, Avg:  0.1, Max:  0.1, Diff:  0.0, Sum:  0.8, Workers: 8
[433.589s][info ][gc,phases      ] GC(2981)   Post Evacuate Collection Set: 0.3ms
[433.589s][debug][gc,phases      ] GC(2981)     Code Roots Fixup: 0.0ms
[433.589s][debug][gc,phases      ] GC(2981)     Clear Card Table: 0.1ms
[433.589s][debug][gc,phases      ] GC(2981)     Reference Processing: 0.0ms
[433.589s][debug][gc,phases,ref  ] GC(2981)       Reconsider SoftReferences: 0.0ms
[433.589s][debug][gc,phases,ref  ] GC(2981)         SoftRef (ms):             skipped
[433.589s][debug][gc,phases,ref  ] GC(2981)       Notify Soft/WeakReferences: 0.0ms
[433.589s][debug][gc,phases,ref  ] GC(2981)         SoftRef (ms):             skipped
[433.589s][debug][gc,phases,ref  ] GC(2981)         WeakRef (ms):             skipped
[433.589s][debug][gc,phases,ref  ] GC(2981)         FinalRef (ms):            skipped
[433.589s][debug][gc,phases,ref  ] GC(2981)         Total (ms):               skipped
[433.589s][debug][gc,phases,ref  ] GC(2981)       Notify and keep alive finalizable: 0.0ms
[433.589s][debug][gc,phases,ref  ] GC(2981)         FinalRef (ms):            skipped
[433.589s][debug][gc,phases,ref  ] GC(2981)       Notify PhantomReferences: 0.0ms
[433.589s][debug][gc,phases,ref  ] GC(2981)         PhantomRef (ms):          skipped
[433.589s][debug][gc,phases,ref  ] GC(2981)       SoftReference:
[433.589s][debug][gc,phases,ref  ] GC(2981)         Discovered: 0
[433.589s][debug][gc,phases,ref  ] GC(2981)         Cleared: 0
[433.589s][debug][gc,phases,ref  ] GC(2981)       WeakReference:
[433.589s][debug][gc,phases,ref  ] GC(2981)         Discovered: 0
[433.589s][debug][gc,phases,ref  ] GC(2981)         Cleared: 0
[433.589s][debug][gc,phases,ref  ] GC(2981)       FinalReference:
[433.589s][debug][gc,phases,ref  ] GC(2981)         Discovered: 0
[433.589s][debug][gc,phases,ref  ] GC(2981)         Cleared: 0
[433.589s][debug][gc,phases,ref  ] GC(2981)       PhantomReference:
[433.589s][debug][gc,phases,ref  ] GC(2981)         Discovered: 0
[433.589s][debug][gc,phases,ref  ] GC(2981)         Cleared: 0
[433.589s][debug][gc,phases      ] GC(2981)     Weak Processing: 0.0ms
[433.589s][debug][gc,phases      ] GC(2981)       JVMTI weak processing: 0.0ms
[433.589s][debug][gc,phases      ] GC(2981)         Dead: 0
[433.589s][debug][gc,phases      ] GC(2981)         Total: 0
[433.589s][debug][gc,phases      ] GC(2981)       JFR weak processing: 0.0ms
[433.589s][debug][gc,phases      ] GC(2981)         Dead: 0
[433.589s][debug][gc,phases      ] GC(2981)         Total: 0
[433.589s][debug][gc,phases      ] GC(2981)       JNI weak                  Min:  0.0, Avg:  0.0, Max:  0.0, Diff:  0.0, Sum:  0.0, Workers: 5
[433.589s][debug][gc,phases      ] GC(2981)         Dead                      Min: 0, Avg:  0.0, Max: 0, Diff: 0, Sum: 0, Workers: 5
[433.589s][debug][gc,phases      ] GC(2981)         Total                     Min: 0, Avg: 13.6, Max: 52, Diff: 52, Sum: 68, Workers: 5
[433.589s][debug][gc,phases      ] GC(2981)       VM weak                   Min:  0.0, Avg:  0.0, Max:  0.0, Diff:  0.0, Sum:  0.0, Workers: 5
[433.589s][debug][gc,phases      ] GC(2981)         Dead                      Min: 0, Avg:  0.0, Max: 0, Diff: 0, Sum: 0, Workers: 5
[433.589s][debug][gc,phases      ] GC(2981)         Total                     Min: 0, Avg: 42.6, Max: 128, Diff: 128, Sum: 213, Workers: 5
[433.589s][debug][gc,phases      ] GC(2981)       StringTable weak          Min:  0.0, Avg:  0.0, Max:  0.0, Diff:  0.0, Sum:  0.1, Workers: 5
[433.589s][debug][gc,phases      ] GC(2981)         Dead                      Min: 0, Avg:  0.0, Max: 0, Diff: 0, Sum: 0, Workers: 5
[433.589s][debug][gc,phases      ] GC(2981)         Total                     Min: 0, Avg: 682.0, Max: 1023, Diff: 1023, Sum: 3410, Workers: 5
[433.589s][debug][gc,phases      ] GC(2981)       ResolvedMethodTable weak  Min:  0.0, Avg:  0.0, Max:  0.0, Diff:  0.0, Sum:  0.0, Workers: 5
[433.589s][debug][gc,phases      ] GC(2981)         Dead                      Min: 0, Avg:  0.0, Max: 0, Diff: 0, Sum: 0, Workers: 5
[433.589s][debug][gc,phases      ] GC(2981)         Total                     Min: 0, Avg: 114.8, Max: 190, Diff: 190, Sum: 574, Workers: 5
[433.589s][debug][gc,phases      ] GC(2981)     Merge Per-Thread State: 0.0ms
[433.589s][debug][gc,phases      ] GC(2981)       Copied Bytes              Min: 0, Avg: 75.0, Max: 256, Diff: 256, Sum: 600, Workers: 8
[433.589s][debug][gc,phases      ] GC(2981)       LAB Waste                 Min: 0, Avg:  0.0, Max: 0, Diff: 0, Sum: 0, Workers: 8
[433.589s][debug][gc,phases      ] GC(2981)       LAB Undo Waste            Min: 0, Avg:  0.0, Max: 0, Diff: 0, Sum: 0, Workers: 8
[433.589s][debug][gc,phases      ] GC(2981)     Code Roots Purge: 0.0ms
[433.589s][debug][gc,phases      ] GC(2981)     Redirty Cards: 0.0ms
[433.589s][debug][gc,phases      ] GC(2981)     DerivedPointerTable Update: 0.0ms
[433.589s][debug][gc,phases      ] GC(2981)     Free Collection Set: 0.1ms
[433.589s][debug][gc,phases      ] GC(2981)     Rebuild Free List: 0.1ms
[433.589s][debug][gc,phases      ] GC(2981)     Humongous Reclaim: 0.0ms
[433.589s][debug][gc,phases      ] GC(2981)     Start New Collection Set: 0.0ms
[433.589s][debug][gc,phases      ] GC(2981)     Resize TLABs: 0.0ms
[433.589s][debug][gc,phases      ] GC(2981)     Expand Heap After Collection: 0.0ms
[433.589s][info ][gc,phases      ] GC(2981)   Other: 0.3ms
[433.589s][info ][gc,heap        ] GC(2981) Eden regions: 180->0(180)
[433.589s][info ][gc,heap        ] GC(2981) Survivor regions: 1->1(23)
[433.589s][info ][gc,heap        ] GC(2981) Old regions: 7->7
[433.589s][info ][gc,heap        ] GC(2981) Archive regions: 2->2
[433.589s][info ][gc,heap        ] GC(2981) Humongous regions: 0->0
[433.589s][info ][gc,metaspace   ] GC(2981) Metaspace: 9905K(10624K)->9905K(10624K) NonClass: 8758K(9216K)->8758K(9216K) Class: 1146K(1408K)->1146K(1408K)
[433.589s][debug][gc,heap        ] GC(2981) Heap after GC invocations=2982 (full 1): garbage-first heap   total 309248K, used 4069K [0x0000000700000000, 0x0000000800000000)
[433.589s][debug][gc,heap        ] GC(2981)   region size 1024K, 1 young (1024K), 1 survivors (1024K)
[433.589s][debug][gc,heap        ] GC(2981)  Metaspace       used 9905K, capacity 10179K, committed 10624K, reserved 1058816K
[433.589s][debug][gc,heap        ] GC(2981)   class space    used 1146K, capacity 1267K, committed 1408K, reserved 1048576K
[433.589s][info ][gc             ] GC(2981) Pause Young (Normal) (G1 Evacuation Pause) 183M->3M(302M) 1.484ms
[433.589s][info ][gc,cpu         ] GC(2981) User=0.00s Sys=0.00s Real=0.00s
[433.589s][info ][safepoint      ] Safepoint "G1CollectForAllocation", Time since last: 143268033 ns, Reaching safepoint: 153136 ns, At safepoint: 1648902 ns, Total: 1802038 ns
[433.739s][debug][gc,heap        ] GC(2982) Heap before GC invocations=2982 (full 1): garbage-first heap   total 309248K, used 188389K [0x0000000700000000, 0x0000000800000000)
[433.739s][debug][gc,heap        ] GC(2982)   region size 1024K, 181 young (185344K), 1 survivors (1024K)
[433.739s][debug][gc,heap        ] GC(2982)  Metaspace       used 9905K, capacity 10179K, committed 10624K, reserved 1058816K
[433.739s][debug][gc,heap        ] GC(2982)   class space    used 1146K, capacity 1267K, committed 1408K, reserved 1048576K
[433.739s][info ][gc,start       ] GC(2982) Pause Young (Normal) (G1 Evacuation Pause)
[433.739s][info ][gc,task        ] GC(2982) Using 8 workers of 8 for evacuation
[433.739s][debug][gc,tlab        ] GC(2982) TLAB totals: thrds: 8  refills: 723 max: 97 slow allocs: 0 max 0 waste:  0.9% gc: 1224736B max: 386816B slow: 418592B max: 56360B fast: 0B max: 0B
[433.739s][debug][gc,age         ] GC(2982) Desired survivor size 12058624 bytes, new threshold 15 (max threshold 15)
[433.739s][debug][gc,alloc,region] GC(2982) Mutator Allocation stats, regions: 180, wasted size: 0B ( 0.0%)
[433.739s][debug][gc,ergo        ] GC(2982) Running G1 Merge Heap Roots using 8 workers for 181 regions
[433.739s][debug][gc,remset      ] GC(2982) Visited cards 256 Total dirty 2048 (12.50%) Total old 759808 (0.03%)
[433.739s][debug][gc,ergo        ] GC(2982) Running G1 Clear Card Table Task using 1 workers for 1 units of work for 182 regions.
[433.739s][debug][gc,ref         ] GC(2982) Skipped phase1 of Reference Processing due to unavailable references
[433.739s][debug][gc,ref         ] GC(2982) Skipped phase2 of Reference Processing due to unavailable references
[433.739s][debug][gc,ref         ] GC(2982) Skipped phase3 of Reference Processing due to unavailable references
[433.739s][debug][gc,ref         ] GC(2982) Skipped phase4 of Reference Processing due to unavailable references
[433.740s][debug][gc,ergo        ] GC(2982) Running G1 Free Collection Set using 8 workers for collection set length 181 (302)
[433.740s][debug][gc,ergo        ] GC(2982) Running G1 Rebuild Free List Task using 8 workers for rebuilding free list of 0 (4096) regions
[433.740s][trace][gc,age         ] GC(2982) Age table with threshold 15 (max threshold 15)
[433.740s][trace][gc,age         ] GC(2982) - age   1:        672 bytes,        672 total
[433.740s][debug][gc,plab        ] GC(2982) Young PLAB allocation: allocated: 14448B, wasted: 0B, unused: 13776B, used: 672B, undo waste: 0B, 
[433.740s][debug][gc,plab        ] GC(2982) Young other allocation: region end waste: 0B, regions filled: 1, direct allocated: 0B, failure used: 0B, failure wasted: 0B
[433.740s][debug][gc,plab        ] GC(2982) Young sizing: calculated: 128B, actual: 2064B
[433.740s][debug][gc,plab        ] GC(2982) Old PLAB allocation: allocated: 0B, wasted: 0B, unused: 0B, used: 0B, undo waste: 0B, 
[433.740s][debug][gc,plab        ] GC(2982) Old other allocation: region end waste: 0B, regions filled: 1, direct allocated: 0B, failure used: 0B, failure wasted: 0B
[433.740s][debug][gc,plab        ] GC(2982) Old sizing: calculated: 0B, actual: 2064B
[433.740s][debug][gc,ihop        ] GC(2982) Basic information (value update), threshold: 142501478B (45.00), target occupancy: 316669952B, current occupancy: 4169192B, recent allocation size: 0B, recent allocation duration: 150.41ms, recent old gen allocation rate: 0.00B/s, recent marking phase length: 0.00ms
[433.740s][debug][gc,ihop        ] GC(2982) Adaptive IHOP information (value update), threshold: 142501478B (47.37), internal target occupancy: 300836454B, occupancy: 4169192B, additional buffer size: 189792256B, predicted old gen allocation rate: 0.00B/s, predicted marking phase length: 0.00ms, prediction active: false
[433.740s][debug][gc,ergo,refine ] GC(2982) Concurrent refinement times: Logged Cards Scan time goal: 20.00ms Logged Cards Scan time: 0.00ms HCC time: 0.00ms
[433.740s][debug][gc,ergo,refine ] GC(2982) Updated Refinement Zones: green: 2048, yellow: 6144, red: 10240
[433.740s][info ][gc,phases      ] GC(2982)   Pre Evacuate Collection Set: 0.1ms
[433.740s][debug][gc,phases      ] GC(2982)     Prepare TLABs: 0.0ms
[433.740s][debug][gc,phases      ] GC(2982)     Choose Collection Set: 0.0ms
[433.740s][debug][gc,phases      ] GC(2982)     Region Register: 0.1ms
[433.740s][debug][gc,phases      ] GC(2982)     Prepare Heap Roots: 0.0ms
[433.740s][info ][gc,phases      ] GC(2982)   Merge Heap Roots: 0.1ms
[433.740s][debug][gc,phases      ] GC(2982)     Prepare Merge Heap Roots: 0.0ms
[433.740s][debug][gc,phases      ] GC(2982)     Eager Reclaim (ms):       skipped
[433.740s][debug][gc,phases      ] GC(2982)     Remembered Sets (ms):     Min:  0.0, Avg:  0.0, Max:  0.0, Diff:  0.0, Sum:  0.0, Workers: 8
[433.740s][debug][gc,phases      ] GC(2982)       Merged Sparse:            Min: 0, Avg:  0.0, Max: 0, Diff: 0, Sum: 0, Workers: 8
[433.740s][debug][gc,phases      ] GC(2982)       Merged Fine:              Min: 0, Avg:  0.0, Max: 0, Diff: 0, Sum: 0, Workers: 8
[433.740s][debug][gc,phases      ] GC(2982)       Merged Coarse:            Min: 0, Avg:  0.0, Max: 0, Diff: 0, Sum: 0, Workers: 8
[433.740s][debug][gc,phases      ] GC(2982)       Dirty Cards:              Min: 0, Avg:  0.0, Max: 0, Diff: 0, Sum: 0, Workers: 8
[433.740s][debug][gc,phases      ] GC(2982)     Hot Card Cache (ms):      Min:  0.0, Avg:  0.0, Max:  0.0, Diff:  0.0, Sum:  0.0, Workers: 8
[433.740s][debug][gc,phases      ] GC(2982)       Dirty Cards:              Min: 0, Avg:  0.0, Max: 0, Diff: 0, Sum: 0, Workers: 8
[433.740s][debug][gc,phases      ] GC(2982)       Skipped Cards:            Min: 0, Avg:  0.0, Max: 0, Diff: 0, Sum: 0, Workers: 8
[433.740s][debug][gc,phases      ] GC(2982)     Log Buffers (ms):         Min:  0.0, Avg:  0.0, Max:  0.0, Diff:  0.0, Sum:  0.0, Workers: 8
[433.740s][debug][gc,phases      ] GC(2982)       Dirty Cards:              Min: 0, Avg:  0.1, Max: 1, Diff: 1, Sum: 1, Workers: 8
[433.740s][debug][gc,phases      ] GC(2982)       Skipped Cards:            Min: 0, Avg:  0.0, Max: 0, Diff: 0, Sum: 0, Workers: 8
[433.740s][info ][gc,phases      ] GC(2982)   Evacuate Collection Set: 0.2ms
[433.740s][debug][gc,phases      ] GC(2982)     Ext Root Scanning (ms):   Min:  0.0, Avg:  0.0, Max:  0.0, Diff:  0.0, Sum:  0.2, Workers: 8
[433.740s][debug][gc,phases      ] GC(2982)     Scan Heap Roots (ms):     Min:  0.0, Avg:  0.0, Max:  0.0, Diff:  0.0, Sum:  0.0, Workers: 8
[433.740s][debug][gc,phases      ] GC(2982)       Scanned Cards:            Min: 0, Avg:  0.1, Max: 1, Diff: 1, Sum: 1, Workers: 8
[433.740s][debug][gc,phases      ] GC(2982)       Scanned Blocks:           Min: 0, Avg:  0.1, Max: 1, Diff: 1, Sum: 1, Workers: 8
[433.740s][debug][gc,phases      ] GC(2982)       Claimed Chunks:           Min: 0, Avg:  0.1, Max: 1, Diff: 1, Sum: 1, Workers: 8
[433.740s][debug][gc,phases      ] GC(2982)     Code Root Scan (ms):      Min:  0.0, Avg:  0.0, Max:  0.0, Diff:  0.0, Sum:  0.0, Workers: 8
[433.740s][debug][gc,phases      ] GC(2982)     Object Copy (ms):         Min:  0.0, Avg:  0.0, Max:  0.0, Diff:  0.0, Sum:  0.0, Workers: 8
[433.740s][debug][gc,phases      ] GC(2982)     Termination (ms):         Min:  0.1, Avg:  0.1, Max:  0.1, Diff:  0.0, Sum:  0.5, Workers: 8
[433.740s][debug][gc,phases      ] GC(2982)       Termination Attempts:     Min: 1, Avg:  1.0, Max: 1, Diff: 0, Sum: 8, Workers: 8
[433.740s][debug][gc,phases      ] GC(2982)     GC Worker Other (ms):     Min:  0.0, Avg:  0.0, Max:  0.0, Diff:  0.0, Sum:  0.1, Workers: 8
[433.740s][debug][gc,phases      ] GC(2982)     GC Worker Total (ms):     Min:  0.1, Avg:  0.1, Max:  0.1, Diff:  0.0, Sum:  0.9, Workers: 8
[433.740s][info ][gc,phases      ] GC(2982)   Post Evacuate Collection Set: 0.3ms
[433.740s][debug][gc,phases      ] GC(2982)     Code Roots Fixup: 0.0ms
[433.740s][debug][gc,phases      ] GC(2982)     Clear Card Table: 0.1ms
[433.740s][debug][gc,phases      ] GC(2982)     Reference Processing: 0.0ms
[433.740s][debug][gc,phases,ref  ] GC(2982)       Reconsider SoftReferences: 0.0ms
[433.740s][debug][gc,phases,ref  ] GC(2982)         SoftRef (ms):             skipped
[433.740s][debug][gc,phases,ref  ] GC(2982)       Notify Soft/WeakReferences: 0.0ms
[433.740s][debug][gc,phases,ref  ] GC(2982)         SoftRef (ms):             skipped
[433.740s][debug][gc,phases,ref  ] GC(2982)         WeakRef (ms):             skipped
[433.740s][debug][gc,phases,ref  ] GC(2982)         FinalRef (ms):            skipped
[433.740s][debug][gc,phases,ref  ] GC(2982)         Total (ms):               skipped
[433.740s][debug][gc,phases,ref  ] GC(2982)       Notify and keep alive finalizable: 0.0ms
[433.740s][debug][gc,phases,ref  ] GC(2982)         FinalRef (ms):            skipped
[433.740s][debug][gc,phases,ref  ] GC(2982)       Notify PhantomReferences: 0.0ms
[433.740s][debug][gc,phases,ref  ] GC(2982)         PhantomRef (ms):          skipped
[433.740s][debug][gc,phases,ref  ] GC(2982)       SoftReference:
[433.740s][debug][gc,phases,ref  ] GC(2982)         Discovered: 0
[433.740s][debug][gc,phases,ref  ] GC(2982)         Cleared: 0
[433.740s][debug][gc,phases,ref  ] GC(2982)       WeakReference:
[433.740s][debug][gc,phases,ref  ] GC(2982)         Discovered: 0
[433.740s][debug][gc,phases,ref  ] GC(2982)         Cleared: 0
[433.740s][debug][gc,phases,ref  ] GC(2982)       FinalReference:
[433.740s][debug][gc,phases,ref  ] GC(2982)         Discovered: 0
[433.740s][debug][gc,phases,ref  ] GC(2982)         Cleared: 0
[433.740s][debug][gc,phases,ref  ] GC(2982)       PhantomReference:
[433.740s][debug][gc,phases,ref  ] GC(2982)         Discovered: 0
[433.740s][debug][gc,phases,ref  ] GC(2982)         Cleared: 0
[433.740s][debug][gc,phases      ] GC(2982)     Weak Processing: 0.1ms
[433.740s][debug][gc,phases      ] GC(2982)       JVMTI weak processing: 0.0ms
[433.740s][debug][gc,phases      ] GC(2982)         Dead: 0
[433.740s][debug][gc,phases      ] GC(2982)         Total: 0
[433.740s][debug][gc,phases      ] GC(2982)       JFR weak processing: 0.0ms
[433.740s][debug][gc,phases      ] GC(2982)         Dead: 0
[433.740s][debug][gc,phases      ] GC(2982)         Total: 0
[433.740s][debug][gc,phases      ] GC(2982)       JNI weak                  Min:  0.0, Avg:  0.0, Max:  0.0, Diff:  0.0, Sum:  0.0, Workers: 5
[433.740s][debug][gc,phases      ] GC(2982)         Dead                      Min: 0, Avg:  0.0, Max: 0, Diff: 0, Sum: 0, Workers: 5
[433.740s][debug][gc,phases      ] GC(2982)         Total                     Min: 0, Avg: 13.6, Max: 52, Diff: 52, Sum: 68, Workers: 5
[433.740s][debug][gc,phases      ] GC(2982)       VM weak                   Min:  0.0, Avg:  0.0, Max:  0.0, Diff:  0.0, Sum:  0.0, Workers: 5
[433.740s][debug][gc,phases      ] GC(2982)         Dead                      Min: 0, Avg:  0.0, Max: 0, Diff: 0, Sum: 0, Workers: 5
[433.740s][debug][gc,phases      ] GC(2982)         Total                     Min: 0, Avg: 42.6, Max: 128, Diff: 128, Sum: 213, Workers: 5
[433.740s][debug][gc,phases      ] GC(2982)       StringTable weak          Min:  0.0, Avg:  0.0, Max:  0.0, Diff:  0.0, Sum:  0.1, Workers: 5
[433.740s][debug][gc,phases      ] GC(2982)         Dead                      Min: 0, Avg:  0.0, Max: 0, Diff: 0, Sum: 0, Workers: 5
[433.740s][debug][gc,phases      ] GC(2982)         Total                     Min: 0, Avg: 682.0, Max: 1727, Diff: 1727, Sum: 3410, Workers: 5
[433.740s][debug][gc,phases      ] GC(2982)       ResolvedMethodTable weak  Min:  0.0, Avg:  0.0, Max:  0.0, Diff:  0.0, Sum:  0.0, Workers: 5
[433.740s][debug][gc,phases      ] GC(2982)         Dead                      Min: 0, Avg:  0.0, Max: 0, Diff: 0, Sum: 0, Workers: 5
[433.740s][debug][gc,phases      ] GC(2982)         Total                     Min: 0, Avg: 114.8, Max: 256, Diff: 256, Sum: 574, Workers: 5
[433.740s][debug][gc,phases      ] GC(2982)     Merge Per-Thread State: 0.0ms
[433.740s][debug][gc,phases      ] GC(2982)       Copied Bytes              Min: 0, Avg: 84.0, Max: 168, Diff: 168, Sum: 672, Workers: 8
[433.740s][debug][gc,phases      ] GC(2982)       LAB Waste                 Min: 0, Avg:  0.0, Max: 0, Diff: 0, Sum: 0, Workers: 8
[433.740s][debug][gc,phases      ] GC(2982)       LAB Undo Waste            Min: 0, Avg:  0.0, Max: 0, Diff: 0, Sum: 0, Workers: 8
[433.740s][debug][gc,phases      ] GC(2982)     Code Roots Purge: 0.0ms
[433.740s][debug][gc,phases      ] GC(2982)     Redirty Cards: 0.0ms
[433.740s][debug][gc,phases      ] GC(2982)     DerivedPointerTable Update: 0.0ms
[433.740s][debug][gc,phases      ] GC(2982)     Free Collection Set: 0.1ms
[433.740s][debug][gc,phases      ] GC(2982)     Rebuild Free List: 0.1ms
[433.740s][debug][gc,phases      ] GC(2982)     Humongous Reclaim: 0.0ms
[433.740s][debug][gc,phases      ] GC(2982)     Start New Collection Set: 0.0ms
[433.740s][debug][gc,phases      ] GC(2982)     Resize TLABs: 0.0ms
[433.740s][debug][gc,phases      ] GC(2982)     Expand Heap After Collection: 0.0ms
[433.740s][info ][gc,phases      ] GC(2982)   Other: 0.3ms
[433.740s][info ][gc,heap        ] GC(2982) Eden regions: 180->0(180)
[433.740s][info ][gc,heap        ] GC(2982) Survivor regions: 1->1(23)
[433.740s][info ][gc,heap        ] GC(2982) Old regions: 7->7
[433.740s][info ][gc,heap        ] GC(2982) Archive regions: 2->2
[433.740s][info ][gc,heap        ] GC(2982) Humongous regions: 0->0
[433.740s][info ][gc,metaspace   ] GC(2982) Metaspace: 9905K(10624K)->9905K(10624K) NonClass: 8758K(9216K)->8758K(9216K) Class: 1146K(1408K)->1146K(1408K)
[433.740s][debug][gc,heap        ] GC(2982) Heap after GC invocations=2983 (full 1): garbage-first heap   total 309248K, used 4071K [0x0000000700000000, 0x0000000800000000)
[433.740s][debug][gc,heap        ] GC(2982)   region size 1024K, 1 young (1024K), 1 survivors (1024K)
[433.740s][debug][gc,heap        ] GC(2982)  Metaspace       used 9905K, capacity 10179K, committed 10624K, reserved 1058816K
[433.740s][debug][gc,heap        ] GC(2982)   class space    used 1146K, capacity 1267K, committed 1408K, reserved 1048576K
[433.740s][info ][gc             ] GC(2982) Pause Young (Normal) (G1 Evacuation Pause) 183M->3M(302M) 1.586ms
[433.740s][info ][gc,cpu         ] GC(2982) User=0.00s Sys=0.00s Real=0.00s
[433.740s][info ][safepoint      ] Safepoint "G1CollectForAllocation", Time since last: 149372478 ns, Reaching safepoint: 159752 ns, At safepoint: 1744603 ns, Total: 1904355 ns
[433.890s][debug][gc,heap        ] GC(2983) Heap before GC invocations=2983 (full 1): garbage-first heap   total 309248K, used 188391K [0x0000000700000000, 0x0000000800000000)
[433.890s][debug][gc,heap        ] GC(2983)   region size 1024K, 181 young (185344K), 1 survivors (1024K)
[433.890s][debug][gc,heap        ] GC(2983)  Metaspace       used 9905K, capacity 10179K, committed 10624K, reserved 1058816K
[433.890s][debug][gc,heap        ] GC(2983)   class space    used 1146K, capacity 1267K, committed 1408K, reserved 1048576K
[433.890s][info ][gc,start       ] GC(2983) Pause Young (Normal) (G1 Evacuation Pause)
[433.890s][info ][gc,task        ] GC(2983) Using 8 workers of 8 for evacuation
[433.890s][debug][gc,tlab        ] GC(2983) TLAB totals: thrds: 8  refills: 723 max: 98 slow allocs: 0 max 0 waste:  1.0% gc: 1519504B max: 389040B slow: 418496B max: 56840B fast: 0B max: 0B
[433.890s][debug][gc,age         ] GC(2983) Desired survivor size 12058624 bytes, new threshold 15 (max threshold 15)
[433.890s][debug][gc,alloc,region] GC(2983) Mutator Allocation stats, regions: 180, wasted size: 0B ( 0.0%)
[433.891s][debug][gc,ergo        ] GC(2983) Running G1 Merge Heap Roots using 8 workers for 181 regions
[433.891s][debug][gc,remset      ] GC(2983) Visited cards 256 Total dirty 2048 (12.50%) Total old 759808 (0.03%)
[433.891s][debug][gc,ergo        ] GC(2983) Running G1 Clear Card Table Task using 1 workers for 1 units of work for 182 regions.
[433.891s][debug][gc,ref         ] GC(2983) Skipped phase1 of Reference Processing due to unavailable references
[433.891s][debug][gc,ref         ] GC(2983) Skipped phase2 of Reference Processing due to unavailable references
[433.891s][debug][gc,ref         ] GC(2983) Skipped phase3 of Reference Processing due to unavailable references
[433.891s][debug][gc,ref         ] GC(2983) Skipped phase4 of Reference Processing due to unavailable references
[433.891s][debug][gc,ergo        ] GC(2983) Running G1 Free Collection Set using 8 workers for collection set length 181 (302)
[433.891s][debug][gc,ergo        ] GC(2983) Running G1 Rebuild Free List Task using 8 workers for rebuilding free list of 0 (4096) regions
[433.891s][trace][gc,age         ] GC(2983) Age table with threshold 15 (max threshold 15)
[433.891s][trace][gc,age         ] GC(2983) - age   1:        712 bytes,        712 total
[433.891s][debug][gc,plab        ] GC(2983) Young PLAB allocation: allocated: 12384B, wasted: 0B, unused: 11672B, used: 712B, undo waste: 0B, 
[433.891s][debug][gc,plab        ] GC(2983) Young other allocation: region end waste: 0B, regions filled: 1, direct allocated: 0B, failure used: 0B, failure wasted: 0B
[433.891s][debug][gc,plab        ] GC(2983) Young sizing: calculated: 136B, actual: 2064B
[433.891s][debug][gc,plab        ] GC(2983) Old PLAB allocation: allocated: 0B, wasted: 0B, unused: 0B, used: 0B, undo waste: 0B, 
[433.891s][debug][gc,plab        ] GC(2983) Old other allocation: region end waste: 0B, regions filled: 1, direct allocated: 0B, failure used: 0B, failure wasted: 0B
[433.891s][debug][gc,plab        ] GC(2983) Old sizing: calculated: 0B, actual: 2064B
[433.891s][debug][gc,ihop        ] GC(2983) Basic information (value update), threshold: 142501478B (45.00), target occupancy: 316669952B, current occupancy: 4167128B, recent allocation size: 0B, recent allocation duration: 150.72ms, recent old gen allocation rate: 0.00B/s, recent marking phase length: 0.00ms
[433.891s][debug][gc,ihop        ] GC(2983) Adaptive IHOP information (value update), threshold: 142501478B (47.37), internal target occupancy: 300836454B, occupancy: 4167128B, additional buffer size: 189792256B, predicted old gen allocation rate: 0.00B/s, predicted marking phase length: 0.00ms, prediction active: false
[433.891s][debug][gc,ergo,refine ] GC(2983) Concurrent refinement times: Logged Cards Scan time goal: 20.00ms Logged Cards Scan time: 0.00ms HCC time: 0.00ms
[433.891s][debug][gc,ergo,refine ] GC(2983) Updated Refinement Zones: green: 2048, yellow: 6144, red: 10240
[433.891s][info ][gc,phases      ] GC(2983)   Pre Evacuate Collection Set: 0.1ms
[433.891s][debug][gc,phases      ] GC(2983)     Prepare TLABs: 0.0ms
[433.891s][debug][gc,phases      ] GC(2983)     Choose Collection Set: 0.0ms
[433.891s][debug][gc,phases      ] GC(2983)     Region Register: 0.1ms
[433.891s][debug][gc,phases      ] GC(2983)     Prepare Heap Roots: 0.0ms
[433.891s][info ][gc,phases      ] GC(2983)   Merge Heap Roots: 0.1ms
[433.891s][debug][gc,phases      ] GC(2983)     Prepare Merge Heap Roots: 0.0ms
[433.891s][debug][gc,phases      ] GC(2983)     Eager Reclaim (ms):       skipped
[433.891s][debug][gc,phases      ] GC(2983)     Remembered Sets (ms):     Min:  0.0, Avg:  0.0, Max:  0.0, Diff:  0.0, Sum:  0.0, Workers: 8
[433.891s][debug][gc,phases      ] GC(2983)       Merged Sparse:            Min: 0, Avg:  0.0, Max: 0, Diff: 0, Sum: 0, Workers: 8
[433.891s][debug][gc,phases      ] GC(2983)       Merged Fine:              Min: 0, Avg:  0.0, Max: 0, Diff: 0, Sum: 0, Workers: 8
[433.891s][debug][gc,phases      ] GC(2983)       Merged Coarse:            Min: 0, Avg:  0.0, Max: 0, Diff: 0, Sum: 0, Workers: 8
[433.891s][debug][gc,phases      ] GC(2983)       Dirty Cards:              Min: 0, Avg:  0.0, Max: 0, Diff: 0, Sum: 0, Workers: 8
[433.891s][debug][gc,phases      ] GC(2983)     Hot Card Cache (ms):      Min:  0.0, Avg:  0.0, Max:  0.0, Diff:  0.0, Sum:  0.0, Workers: 8
[433.891s][debug][gc,phases      ] GC(2983)       Dirty Cards:              Min: 0, Avg:  0.0, Max: 0, Diff: 0, Sum: 0, Workers: 8
[433.891s][debug][gc,phases      ] GC(2983)       Skipped Cards:            Min: 0, Avg:  0.0, Max: 0, Diff: 0, Sum: 0, Workers: 8
[433.891s][debug][gc,phases      ] GC(2983)     Log Buffers (ms):         Min:  0.0, Avg:  0.0, Max:  0.0, Diff:  0.0, Sum:  0.0, Workers: 8
[433.891s][debug][gc,phases      ] GC(2983)       Dirty Cards:              Min: 0, Avg:  0.1, Max: 1, Diff: 1, Sum: 1, Workers: 8
[433.891s][debug][gc,phases      ] GC(2983)       Skipped Cards:            Min: 0, Avg:  0.0, Max: 0, Diff: 0, Sum: 0, Workers: 8
[433.891s][info ][gc,phases      ] GC(2983)   Evacuate Collection Set: 0.2ms
[433.891s][debug][gc,phases      ] GC(2983)     Ext Root Scanning (ms):   Min:  0.0, Avg:  0.0, Max:  0.1, Diff:  0.0, Sum:  0.2, Workers: 8
[433.891s][debug][gc,phases      ] GC(2983)     Scan Heap Roots (ms):     Min:  0.0, Avg:  0.0, Max:  0.0, Diff:  0.0, Sum:  0.0, Workers: 8
[433.891s][debug][gc,phases      ] GC(2983)       Scanned Cards:            Min: 0, Avg:  0.1, Max: 1, Diff: 1, Sum: 1, Workers: 8
[433.891s][debug][gc,phases      ] GC(2983)       Scanned Blocks:           Min: 0, Avg:  0.1, Max: 1, Diff: 1, Sum: 1, Workers: 8
[433.891s][debug][gc,phases      ] GC(2983)       Claimed Chunks:           Min: 0, Avg:  0.1, Max: 1, Diff: 1, Sum: 1, Workers: 8
[433.891s][debug][gc,phases      ] GC(2983)     Code Root Scan (ms):      Min:  0.0, Avg:  0.0, Max:  0.0, Diff:  0.0, Sum:  0.0, Workers: 8
[433.891s][debug][gc,phases      ] GC(2983)     Object Copy (ms):         Min:  0.0, Avg:  0.0, Max:  0.0, Diff:  0.0, Sum:  0.0, Workers: 8
[433.891s][debug][gc,phases      ] GC(2983)     Termination (ms):         Min:  0.0, Avg:  0.1, Max:  0.1, Diff:  0.0, Sum:  0.4, Workers: 8
[433.891s][debug][gc,phases      ] GC(2983)       Termination Attempts:     Min: 1, Avg:  1.0, Max: 1, Diff: 0, Sum: 8, Workers: 8
[433.891s][debug][gc,phases      ] GC(2983)     GC Worker Other (ms):     Min:  0.0, Avg:  0.0, Max:  0.0, Diff:  0.0, Sum:  0.1, Workers: 8
[433.891s][debug][gc,phases      ] GC(2983)     GC Worker Total (ms):     Min:  0.1, Avg:  0.1, Max:  0.1, Diff:  0.1, Sum:  0.8, Workers: 8
[433.891s][info ][gc,phases      ] GC(2983)   Post Evacuate Collection Set: 0.3ms
[433.891s][debug][gc,phases      ] GC(2983)     Code Roots Fixup: 0.0ms
[433.891s][debug][gc,phases      ] GC(2983)     Clear Card Table: 0.1ms
[433.891s][debug][gc,phases      ] GC(2983)     Reference Processing: 0.0ms
[433.891s][debug][gc,phases,ref  ] GC(2983)       Reconsider SoftReferences: 0.0ms
[433.891s][debug][gc,phases,ref  ] GC(2983)         SoftRef (ms):             skipped
[433.891s][debug][gc,phases,ref  ] GC(2983)       Notify Soft/WeakReferences: 0.0ms
[433.891s][debug][gc,phases,ref  ] GC(2983)         SoftRef (ms):             skipped
[433.891s][debug][gc,phases,ref  ] GC(2983)         WeakRef (ms):             skipped
[433.891s][debug][gc,phases,ref  ] GC(2983)         FinalRef (ms):            skipped
[433.891s][debug][gc,phases,ref  ] GC(2983)         Total (ms):               skipped
[433.891s][debug][gc,phases,ref  ] GC(2983)       Notify and keep alive finalizable: 0.0ms
[433.891s][debug][gc,phases,ref  ] GC(2983)         FinalRef (ms):            skipped
[433.891s][debug][gc,phases,ref  ] GC(2983)       Notify PhantomReferences: 0.0ms
[433.892s][debug][gc,phases,ref  ] GC(2983)         PhantomRef (ms):          skipped
[433.892s][debug][gc,phases,ref  ] GC(2983)       SoftReference:
[433.892s][debug][gc,phases,ref  ] GC(2983)         Discovered: 0
[433.892s][debug][gc,phases,ref  ] GC(2983)         Cleared: 0
[433.892s][debug][gc,phases,ref  ] GC(2983)       WeakReference:
[433.892s][debug][gc,phases,ref  ] GC(2983)         Discovered: 0
[433.892s][debug][gc,phases,ref  ] GC(2983)         Cleared: 0
[433.892s][debug][gc,phases,ref  ] GC(2983)       FinalReference:
[433.892s][debug][gc,phases,ref  ] GC(2983)         Discovered: 0
[433.892s][debug][gc,phases,ref  ] GC(2983)         Cleared: 0
[433.892s][debug][gc,phases,ref  ] GC(2983)       PhantomReference:
[433.892s][debug][gc,phases,ref  ] GC(2983)         Discovered: 0
[433.892s][debug][gc,phases,ref  ] GC(2983)         Cleared: 0
[433.892s][debug][gc,phases      ] GC(2983)     Weak Processing: 0.1ms
[433.892s][debug][gc,phases      ] GC(2983)       JVMTI weak processing: 0.0ms
[433.892s][debug][gc,phases      ] GC(2983)         Dead: 0
[433.892s][debug][gc,phases      ] GC(2983)         Total: 0
[433.892s][debug][gc,phases      ] GC(2983)       JFR weak processing: 0.0ms
[433.892s][debug][gc,phases      ] GC(2983)         Dead: 0
[433.892s][debug][gc,phases      ] GC(2983)         Total: 0
[433.892s][debug][gc,phases      ] GC(2983)       JNI weak                  Min:  0.0, Avg:  0.0, Max:  0.0, Diff:  0.0, Sum:  0.0, Workers: 5
[433.892s][debug][gc,phases      ] GC(2983)         Dead                      Min: 0, Avg:  0.0, Max: 0, Diff: 0, Sum: 0, Workers: 5
[433.892s][debug][gc,phases      ] GC(2983)         Total                     Min: 0, Avg: 13.6, Max: 52, Diff: 52, Sum: 68, Workers: 5
[433.892s][debug][gc,phases      ] GC(2983)       VM weak                   Min:  0.0, Avg:  0.0, Max:  0.0, Diff:  0.0, Sum:  0.0, Workers: 5
[433.892s][debug][gc,phases      ] GC(2983)         Dead                      Min: 0, Avg:  0.0, Max: 0, Diff: 0, Sum: 0, Workers: 5
[433.892s][debug][gc,phases      ] GC(2983)         Total                     Min: 0, Avg: 42.6, Max: 128, Diff: 128, Sum: 213, Workers: 5
[433.892s][debug][gc,phases      ] GC(2983)       StringTable weak          Min:  0.0, Avg:  0.0, Max:  0.0, Diff:  0.0, Sum:  0.1, Workers: 5
[433.892s][debug][gc,phases      ] GC(2983)         Dead                      Min: 0, Avg:  0.0, Max: 0, Diff: 0, Sum: 0, Workers: 5
[433.892s][debug][gc,phases      ] GC(2983)         Total                     Min: 0, Avg: 682.0, Max: 1727, Diff: 1727, Sum: 3410, Workers: 5
[433.892s][debug][gc,phases      ] GC(2983)       ResolvedMethodTable weak  Min:  0.0, Avg:  0.0, Max:  0.0, Diff:  0.0, Sum:  0.0, Workers: 5
[433.892s][debug][gc,phases      ] GC(2983)         Dead                      Min: 0, Avg:  0.0, Max: 0, Diff: 0, Sum: 0, Workers: 5
[433.892s][debug][gc,phases      ] GC(2983)         Total                     Min: 0, Avg: 114.8, Max: 318, Diff: 318, Sum: 574, Workers: 5
[433.892s][debug][gc,phases      ] GC(2983)     Merge Per-Thread State: 0.0ms
[433.892s][debug][gc,phases      ] GC(2983)       Copied Bytes              Min: 0, Avg: 89.0, Max: 168, Diff: 168, Sum: 712, Workers: 8
[433.892s][debug][gc,phases      ] GC(2983)       LAB Waste                 Min: 0, Avg:  0.0, Max: 0, Diff: 0, Sum: 0, Workers: 8
[433.892s][debug][gc,phases      ] GC(2983)       LAB Undo Waste            Min: 0, Avg:  0.0, Max: 0, Diff: 0, Sum: 0, Workers: 8
[433.892s][debug][gc,phases      ] GC(2983)     Code Roots Purge: 0.0ms
[433.892s][debug][gc,phases      ] GC(2983)     Redirty Cards: 0.0ms
[433.892s][debug][gc,phases      ] GC(2983)     DerivedPointerTable Update: 0.0ms
[433.892s][debug][gc,phases      ] GC(2983)     Free Collection Set: 0.1ms
[433.892s][debug][gc,phases      ] GC(2983)     Rebuild Free List: 0.0ms
[433.892s][debug][gc,phases      ] GC(2983)     Humongous Reclaim: 0.0ms
[433.892s][debug][gc,phases      ] GC(2983)     Start New Collection Set: 0.0ms
[433.892s][debug][gc,phases      ] GC(2983)     Resize TLABs: 0.0ms
[433.892s][debug][gc,phases      ] GC(2983)     Expand Heap After Collection: 0.0ms
[433.892s][info ][gc,phases      ] GC(2983)   Other: 0.2ms
[433.892s][info ][gc,heap        ] GC(2983) Eden regions: 180->0(180)
[433.892s][info ][gc,heap        ] GC(2983) Survivor regions: 1->1(23)
[433.892s][info ][gc,heap        ] GC(2983) Old regions: 7->7
[433.892s][info ][gc,heap        ] GC(2983) Archive regions: 2->2
[433.892s][info ][gc,heap        ] GC(2983) Humongous regions: 0->0
[433.892s][info ][gc,metaspace   ] GC(2983) Metaspace: 9905K(10624K)->9905K(10624K) NonClass: 8758K(9216K)->8758K(9216K) Class: 1146K(1408K)->1146K(1408K)
[433.892s][debug][gc,heap        ] GC(2983) Heap after GC invocations=2984 (full 1): garbage-first heap   total 309248K, used 4069K [0x0000000700000000, 0x0000000800000000)
[433.892s][debug][gc,heap        ] GC(2983)   region size 1024K, 1 young (1024K), 1 survivors (1024K)
[433.892s][debug][gc,heap        ] GC(2983)  Metaspace       used 9905K, capacity 10179K, committed 10624K, reserved 1058816K
[433.892s][debug][gc,heap        ] GC(2983)   class space    used 1146K, capacity 1267K, committed 1408K, reserved 1048576K
[433.892s][info ][gc             ] GC(2983) Pause Young (Normal) (G1 Evacuation Pause) 183M->3M(302M) 1.453ms
[433.892s][info ][gc,cpu         ] GC(2983) User=0.01s Sys=0.00s Real=0.00s
[433.892s][info ][safepoint      ] Safepoint "G1CollectForAllocation", Time since last: 149710020 ns, Reaching safepoint: 131530 ns, At safepoint: 1619952 ns, Total: 1751482 ns
[434.041s][debug][gc,heap        ] GC(2984) Heap before GC invocations=2984 (full 1): garbage-first heap   total 309248K, used 188389K [0x0000000700000000, 0x0000000800000000)
[434.041s][debug][gc,heap        ] GC(2984)   region size 1024K, 181 young (185344K), 1 survivors (1024K)
[434.041s][debug][gc,heap        ] GC(2984)  Metaspace       used 9905K, capacity 10179K, committed 10624K, reserved 1058816K
[434.041s][debug][gc,heap        ] GC(2984)   class space    used 1146K, capacity 1267K, committed 1408K, reserved 1048576K
[434.041s][info ][gc,start       ] GC(2984) Pause Young (Normal) (G1 Evacuation Pause)
[434.041s][info ][gc,task        ] GC(2984) Using 8 workers of 8 for evacuation
[434.041s][debug][gc,tlab        ] GC(2984) TLAB totals: thrds: 8  refills: 724 max: 95 slow allocs: 0 max 0 waste:  1.1% gc: 1707656B max: 427216B slow: 418720B max: 55208B fast: 0B max: 0B
[434.041s][debug][gc,age         ] GC(2984) Desired survivor size 12058624 bytes, new threshold 15 (max threshold 15)
[434.041s][debug][gc,alloc,region] GC(2984) Mutator Allocation stats, regions: 180, wasted size: 0B ( 0.0%)
[434.041s][debug][gc,ergo        ] GC(2984) Running G1 Merge Heap Roots using 8 workers for 181 regions
[434.041s][debug][gc,remset      ] GC(2984) Visited cards 256 Total dirty 2048 (12.50%) Total old 759808 (0.03%)
[434.041s][debug][gc,ergo        ] GC(2984) Running G1 Clear Card Table Task using 1 workers for 1 units of work for 182 regions.
[434.041s][debug][gc,ref         ] GC(2984) Skipped phase1 of Reference Processing due to unavailable references
[434.041s][debug][gc,ref         ] GC(2984) Skipped phase2 of Reference Processing due to unavailable references
[434.041s][debug][gc,ref         ] GC(2984) Skipped phase3 of Reference Processing due to unavailable references
[434.041s][debug][gc,ref         ] GC(2984) Skipped phase4 of Reference Processing due to unavailable references
[434.041s][debug][gc,ergo        ] GC(2984) Running G1 Free Collection Set using 8 workers for collection set length 181 (302)
[434.041s][debug][gc,ergo        ] GC(2984) Running G1 Rebuild Free List Task using 8 workers for rebuilding free list of 0 (4096) regions
[434.041s][trace][gc,age         ] GC(2984) Age table with threshold 15 (max threshold 15)
[434.041s][trace][gc,age         ] GC(2984) - age   1:        432 bytes,        432 total
[434.041s][debug][gc,plab        ] GC(2984) Young PLAB allocation: allocated: 10320B, wasted: 0B, unused: 9888B, used: 432B, undo waste: 0B, 
[434.041s][debug][gc,plab        ] GC(2984) Young other allocation: region end waste: 0B, regions filled: 1, direct allocated: 0B, failure used: 0B, failure wasted: 0B
[434.041s][debug][gc,plab        ] GC(2984) Young sizing: calculated: 80B, actual: 2064B
[434.041s][debug][gc,plab        ] GC(2984) Old PLAB allocation: allocated: 0B, wasted: 0B, unused: 0B, used: 0B, undo waste: 0B, 
[434.041s][debug][gc,plab        ] GC(2984) Old other allocation: region end waste: 0B, regions filled: 1, direct allocated: 0B, failure used: 0B, failure wasted: 0B
[434.041s][debug][gc,plab        ] GC(2984) Old sizing: calculated: 0B, actual: 2064B
[434.041s][debug][gc,ihop        ] GC(2984) Basic information (value update), threshold: 142501478B (45.00), target occupancy: 316669952B, current occupancy: 4165064B, recent allocation size: 0B, recent allocation duration: 149.47ms, recent old gen allocation rate: 0.00B/s, recent marking phase length: 0.00ms
[434.041s][debug][gc,ihop        ] GC(2984) Adaptive IHOP information (value update), threshold: 142501478B (47.37), internal target occupancy: 300836454B, occupancy: 4165064B, additional buffer size: 189792256B, predicted old gen allocation rate: 0.00B/s, predicted marking phase length: 0.00ms, prediction active: false
[434.042s][debug][gc,ergo,refine ] GC(2984) Concurrent refinement times: Logged Cards Scan time goal: 20.00ms Logged Cards Scan time: 0.00ms HCC time: 0.00ms
[434.042s][debug][gc,ergo,refine ] GC(2984) Updated Refinement Zones: green: 2048, yellow: 6144, red: 10240
[434.042s][info ][gc,phases      ] GC(2984)   Pre Evacuate Collection Set: 0.1ms
[434.042s][debug][gc,phases      ] GC(2984)     Prepare TLABs: 0.0ms
[434.042s][debug][gc,phases      ] GC(2984)     Choose Collection Set: 0.0ms
[434.042s][debug][gc,phases      ] GC(2984)     Region Register: 0.1ms
[434.042s][debug][gc,phases      ] GC(2984)     Prepare Heap Roots: 0.0ms
[434.042s][info ][gc,phases      ] GC(2984)   Merge Heap Roots: 0.1ms
[434.042s][debug][gc,phases      ] GC(2984)     Prepare Merge Heap Roots: 0.0ms
[434.042s][debug][gc,phases      ] GC(2984)     Eager Reclaim (ms):       skipped
[434.042s][debug][gc,phases      ] GC(2984)     Remembered Sets (ms):     Min:  0.0, Avg:  0.0, Max:  0.0, Diff:  0.0, Sum:  0.0, Workers: 8
[434.042s][debug][gc,phases      ] GC(2984)       Merged Sparse:            Min: 0, Avg:  0.0, Max: 0, Diff: 0, Sum: 0, Workers: 8
[434.042s][debug][gc,phases      ] GC(2984)       Merged Fine:              Min: 0, Avg:  0.0, Max: 0, Diff: 0, Sum: 0, Workers: 8
[434.042s][debug][gc,phases      ] GC(2984)       Merged Coarse:            Min: 0, Avg:  0.0, Max: 0, Diff: 0, Sum: 0, Workers: 8
[434.042s][debug][gc,phases      ] GC(2984)       Dirty Cards:              Min: 0, Avg:  0.0, Max: 0, Diff: 0, Sum: 0, Workers: 8
[434.042s][debug][gc,phases      ] GC(2984)     Hot Card Cache (ms):      Min:  0.0, Avg:  0.0, Max:  0.0, Diff:  0.0, Sum:  0.0, Workers: 8
[434.042s][debug][gc,phases      ] GC(2984)       Dirty Cards:              Min: 0, Avg:  0.0, Max: 0, Diff: 0, Sum: 0, Workers: 8
[434.042s][debug][gc,phases      ] GC(2984)       Skipped Cards:            Min: 0, Avg:  0.0, Max: 0, Diff: 0, Sum: 0, Workers: 8
[434.042s][debug][gc,phases      ] GC(2984)     Log Buffers (ms):         Min:  0.0, Avg:  0.0, Max:  0.0, Diff:  0.0, Sum:  0.0, Workers: 8
[434.042s][debug][gc,phases      ] GC(2984)       Dirty Cards:              Min: 0, Avg:  0.1, Max: 1, Diff: 1, Sum: 1, Workers: 8
[434.042s][debug][gc,phases      ] GC(2984)       Skipped Cards:            Min: 0, Avg:  0.0, Max: 0, Diff: 0, Sum: 0, Workers: 8
[434.042s][info ][gc,phases      ] GC(2984)   Evacuate Collection Set: 0.2ms
[434.042s][debug][gc,phases      ] GC(2984)     Ext Root Scanning (ms):   Min:  0.0, Avg:  0.0, Max:  0.1, Diff:  0.0, Sum:  0.2, Workers: 8
[434.042s][debug][gc,phases      ] GC(2984)     Scan Heap Roots (ms):     Min:  0.0, Avg:  0.0, Max:  0.0, Diff:  0.0, Sum:  0.0, Workers: 8
[434.042s][debug][gc,phases      ] GC(2984)       Scanned Cards:            Min: 0, Avg:  0.1, Max: 1, Diff: 1, Sum: 1, Workers: 8
[434.042s][debug][gc,phases      ] GC(2984)       Scanned Blocks:           Min: 0, Avg:  0.1, Max: 1, Diff: 1, Sum: 1, Workers: 8
[434.042s][debug][gc,phases      ] GC(2984)       Claimed Chunks:           Min: 0, Avg:  0.1, Max: 1, Diff: 1, Sum: 1, Workers: 8
[434.042s][debug][gc,phases      ] GC(2984)     Code Root Scan (ms):      Min:  0.0, Avg:  0.0, Max:  0.0, Diff:  0.0, Sum:  0.0, Workers: 8
[434.042s][debug][gc,phases      ] GC(2984)     Object Copy (ms):         Min:  0.0, Avg:  0.0, Max:  0.0, Diff:  0.0, Sum:  0.0, Workers: 8
[434.042s][debug][gc,phases      ] GC(2984)     Termination (ms):         Min:  0.1, Avg:  0.1, Max:  0.1, Diff:  0.0, Sum:  0.7, Workers: 8
[434.042s][debug][gc,phases      ] GC(2984)       Termination Attempts:     Min: 1, Avg:  1.0, Max: 1, Diff: 0, Sum: 8, Workers: 8
[434.042s][debug][gc,phases      ] GC(2984)     GC Worker Other (ms):     Min:  0.0, Avg:  0.0, Max:  0.0, Diff:  0.0, Sum:  0.1, Workers: 8
[434.042s][debug][gc,phases      ] GC(2984)     GC Worker Total (ms):     Min:  0.1, Avg:  0.1, Max:  0.2, Diff:  0.1, Sum:  1.0, Workers: 8
[434.042s][info ][gc,phases      ] GC(2984)   Post Evacuate Collection Set: 0.4ms
[434.042s][debug][gc,phases      ] GC(2984)     Code Roots Fixup: 0.0ms
[434.042s][debug][gc,phases      ] GC(2984)     Clear Card Table: 0.1ms
[434.042s][debug][gc,phases      ] GC(2984)     Reference Processing: 0.0ms
[434.042s][debug][gc,phases,ref  ] GC(2984)       Reconsider SoftReferences: 0.0ms
[434.042s][debug][gc,phases,ref  ] GC(2984)         SoftRef (ms):             skipped
[434.042s][debug][gc,phases,ref  ] GC(2984)       Notify Soft/WeakReferences: 0.0ms
[434.042s][debug][gc,phases,ref  ] GC(2984)         SoftRef (ms):             skipped
[434.042s][debug][gc,phases,ref  ] GC(2984)         WeakRef (ms):             skipped
[434.042s][debug][gc,phases,ref  ] GC(2984)         FinalRef (ms):            skipped
[434.042s][debug][gc,phases,ref  ] GC(2984)         Total (ms):               skipped
[434.042s][debug][gc,phases,ref  ] GC(2984)       Notify and keep alive finalizable: 0.0ms
[434.042s][debug][gc,phases,ref  ] GC(2984)         FinalRef (ms):            skipped
[434.042s][debug][gc,phases,ref  ] GC(2984)       Notify PhantomReferences: 0.0ms
[434.042s][debug][gc,phases,ref  ] GC(2984)         PhantomRef (ms):          skipped
[434.042s][debug][gc,phases,ref  ] GC(2984)       SoftReference:
[434.042s][debug][gc,phases,ref  ] GC(2984)         Discovered: 0
[434.042s][debug][gc,phases,ref  ] GC(2984)         Cleared: 0
[434.042s][debug][gc,phases,ref  ] GC(2984)       WeakReference:
[434.042s][debug][gc,phases,ref  ] GC(2984)         Discovered: 0
[434.042s][debug][gc,phases,ref  ] GC(2984)         Cleared: 0
[434.042s][debug][gc,phases,ref  ] GC(2984)       FinalReference:
[434.042s][debug][gc,phases,ref  ] GC(2984)         Discovered: 0
[434.042s][debug][gc,phases,ref  ] GC(2984)         Cleared: 0
[434.042s][debug][gc,phases,ref  ] GC(2984)       PhantomReference:
[434.042s][debug][gc,phases,ref  ] GC(2984)         Discovered: 0
[434.042s][debug][gc,phases,ref  ] GC(2984)         Cleared: 0
[434.042s][debug][gc,phases      ] GC(2984)     Weak Processing: 0.1ms
[434.042s][debug][gc,phases      ] GC(2984)       JVMTI weak processing: 0.0ms
[434.042s][debug][gc,phases      ] GC(2984)         Dead: 0
[434.042s][debug][gc,phases      ] GC(2984)         Total: 0
[434.042s][debug][gc,phases      ] GC(2984)       JFR weak processing: 0.0ms
[434.042s][debug][gc,phases      ] GC(2984)         Dead: 0
[434.042s][debug][gc,phases      ] GC(2984)         Total: 0
[434.042s][debug][gc,phases      ] GC(2984)       JNI weak                  Min:  0.0, Avg:  0.0, Max:  0.0, Diff:  0.0, Sum:  0.0, Workers: 5
[434.042s][debug][gc,phases      ] GC(2984)         Dead                      Min: 0, Avg:  0.0, Max: 0, Diff: 0, Sum: 0, Workers: 5
[434.042s][debug][gc,phases      ] GC(2984)         Total                     Min: 0, Avg: 13.6, Max: 52, Diff: 52, Sum: 68, Workers: 5
[434.042s][debug][gc,phases      ] GC(2984)       VM weak                   Min:  0.0, Avg:  0.0, Max:  0.0, Diff:  0.0, Sum:  0.0, Workers: 5
[434.042s][debug][gc,phases      ] GC(2984)         Dead                      Min: 0, Avg:  0.0, Max: 0, Diff: 0, Sum: 0, Workers: 5
[434.042s][debug][gc,phases      ] GC(2984)         Total                     Min: 0, Avg: 42.6, Max: 128, Diff: 128, Sum: 213, Workers: 5
[434.042s][debug][gc,phases      ] GC(2984)       StringTable weak          Min:  0.0, Avg:  0.0, Max:  0.0, Diff:  0.0, Sum:  0.1, Workers: 5
[434.042s][debug][gc,phases      ] GC(2984)         Dead                      Min: 0, Avg:  0.0, Max: 0, Diff: 0, Sum: 0, Workers: 5
[434.042s][debug][gc,phases      ] GC(2984)         Total                     Min: 0, Avg: 682.0, Max: 1728, Diff: 1728, Sum: 3410, Workers: 5
[434.042s][debug][gc,phases      ] GC(2984)       ResolvedMethodTable weak  Min:  0.0, Avg:  0.0, Max:  0.0, Diff:  0.0, Sum:  0.0, Workers: 5
[434.042s][debug][gc,phases      ] GC(2984)         Dead                      Min: 0, Avg:  0.0, Max: 0, Diff: 0, Sum: 0, Workers: 5
[434.042s][debug][gc,phases      ] GC(2984)         Total                     Min: 0, Avg: 114.8, Max: 318, Diff: 318, Sum: 574, Workers: 5
[434.042s][debug][gc,phases      ] GC(2984)     Merge Per-Thread State: 0.0ms
[434.042s][debug][gc,phases      ] GC(2984)       Copied Bytes              Min: 0, Avg: 54.0, Max: 144, Diff: 144, Sum: 432, Workers: 8
[434.042s][debug][gc,phases      ] GC(2984)       LAB Waste                 Min: 0, Avg:  0.0, Max: 0, Diff: 0, Sum: 0, Workers: 8
[434.042s][debug][gc,phases      ] GC(2984)       LAB Undo Waste            Min: 0, Avg:  0.0, Max: 0, Diff: 0, Sum: 0, Workers: 8
[434.042s][debug][gc,phases      ] GC(2984)     Code Roots Purge: 0.0ms
[434.042s][debug][gc,phases      ] GC(2984)     Redirty Cards: 0.0ms
[434.042s][debug][gc,phases      ] GC(2984)     DerivedPointerTable Update: 0.0ms
[434.042s][debug][gc,phases      ] GC(2984)     Free Collection Set: 0.1ms
[434.042s][debug][gc,phases      ] GC(2984)     Rebuild Free List: 0.1ms
[434.042s][debug][gc,phases      ] GC(2984)     Humongous Reclaim: 0.0ms
[434.042s][debug][gc,phases      ] GC(2984)     Start New Collection Set: 0.0ms
[434.042s][debug][gc,phases      ] GC(2984)     Resize TLABs: 0.0ms
[434.042s][debug][gc,phases      ] GC(2984)     Expand Heap After Collection: 0.0ms
[434.042s][info ][gc,phases      ] GC(2984)   Other: 0.3ms
[434.042s][info ][gc,heap        ] GC(2984) Eden regions: 180->0(180)
[434.042s][info ][gc,heap        ] GC(2984) Survivor regions: 1->1(23)
[434.042s][info ][gc,heap        ] GC(2984) Old regions: 7->7
[434.042s][info ][gc,heap        ] GC(2984) Archive regions: 2->2
[434.042s][info ][gc,heap        ] GC(2984) Humongous regions: 0->0
[434.042s][info ][gc,metaspace   ] GC(2984) Metaspace: 9905K(10624K)->9905K(10624K) NonClass: 8758K(9216K)->8758K(9216K) Class: 1146K(1408K)->1146K(1408K)
[434.042s][debug][gc,heap        ] GC(2984) Heap after GC invocations=2985 (full 1): garbage-first heap   total 309248K, used 4067K [0x0000000700000000, 0x0000000800000000)
[434.042s][debug][gc,heap        ] GC(2984)   region size 1024K, 1 young (1024K), 1 survivors (1024K)
[434.042s][debug][gc,heap        ] GC(2984)  Metaspace       used 9905K, capacity 10179K, committed 10624K, reserved 1058816K
[434.042s][debug][gc,heap        ] GC(2984)   class space    used 1146K, capacity 1267K, committed 1408K, reserved 1048576K
[434.042s][info ][gc             ] GC(2984) Pause Young (Normal) (G1 Evacuation Pause) 183M->3M(302M) 1.551ms
[434.042s][info ][gc,cpu         ] GC(2984) User=0.00s Sys=0.00s Real=0.00s
[434.042s][info ][safepoint      ] Safepoint "G1CollectForAllocation", Time since last: 148457707 ns, Reaching safepoint: 138761 ns, At safepoint: 1701640 ns, Total: 1840401 ns
[434.192s][debug][gc,heap        ] GC(2985) Heap before GC invocations=2985 (full 1): garbage-first heap   total 309248K, used 188387K [0x0000000700000000, 0x0000000800000000)
[434.192s][debug][gc,heap        ] GC(2985)   region size 1024K, 181 young (185344K), 1 survivors (1024K)
[434.192s][debug][gc,heap        ] GC(2985)  Metaspace       used 9905K, capacity 10179K, committed 10624K, reserved 1058816K
[434.192s][debug][gc,heap        ] GC(2985)   class space    used 1146K, capacity 1267K, committed 1408K, reserved 1048576K
[434.192s][info ][gc,start       ] GC(2985) Pause Young (Normal) (G1 Evacuation Pause)
[434.192s][info ][gc,task        ] GC(2985) Using 8 workers of 8 for evacuation
[434.192s][debug][gc,tlab        ] GC(2985) TLAB totals: thrds: 8  refills: 724 max: 98 slow allocs: 0 max 0 waste:  0.9% gc: 1353152B max: 361616B slow: 418712B max: 56816B fast: 0B max: 0B
[434.192s][debug][gc,age         ] GC(2985) Desired survivor size 12058624 bytes, new threshold 15 (max threshold 15)
[434.192s][debug][gc,alloc,region] GC(2985) Mutator Allocation stats, regions: 180, wasted size: 0B ( 0.0%)
[434.192s][debug][gc,ergo        ] GC(2985) Running G1 Merge Heap Roots using 8 workers for 181 regions
[434.192s][debug][gc,remset      ] GC(2985) Visited cards 256 Total dirty 2048 (12.50%) Total old 759808 (0.03%)
[434.192s][debug][gc,ergo        ] GC(2985) Running G1 Clear Card Table Task using 1 workers for 1 units of work for 182 regions.
[434.192s][debug][gc,ref         ] GC(2985) Skipped phase1 of Reference Processing due to unavailable references
[434.192s][debug][gc,ref         ] GC(2985) Skipped phase2 of Reference Processing due to unavailable references
[434.192s][debug][gc,ref         ] GC(2985) Skipped phase3 of Reference Processing due to unavailable references
[434.192s][debug][gc,ref         ] GC(2985) Skipped phase4 of Reference Processing due to unavailable references
[434.192s][debug][gc,ergo        ] GC(2985) Running G1 Free Collection Set using 8 workers for collection set length 181 (302)
[434.192s][debug][gc,ergo        ] GC(2985) Running G1 Rebuild Free List Task using 8 workers for rebuilding free list of 0 (4096) regions
[434.193s][trace][gc,age         ] GC(2985) Age table with threshold 15 (max threshold 15)
[434.193s][trace][gc,age         ] GC(2985) - age   1:        512 bytes,        512 total
[434.193s][debug][gc,plab        ] GC(2985) Young PLAB allocation: allocated: 14448B, wasted: 0B, unused: 13936B, used: 512B, undo waste: 0B, 
[434.193s][debug][gc,plab        ] GC(2985) Young other allocation: region end waste: 0B, regions filled: 1, direct allocated: 0B, failure used: 0B, failure wasted: 0B
[434.193s][debug][gc,plab        ] GC(2985) Young sizing: calculated: 96B, actual: 2064B
[434.193s][debug][gc,plab        ] GC(2985) Old PLAB allocation: allocated: 0B, wasted: 0B, unused: 0B, used: 0B, undo waste: 0B, 
[434.193s][debug][gc,plab        ] GC(2985) Old other allocation: region end waste: 0B, regions filled: 1, direct allocated: 0B, failure used: 0B, failure wasted: 0B
[434.193s][debug][gc,plab        ] GC(2985) Old sizing: calculated: 0B, actual: 2064B
[434.193s][debug][gc,ihop        ] GC(2985) Basic information (value update), threshold: 142501478B (45.00), target occupancy: 316669952B, current occupancy: 4169192B, recent allocation size: 0B, recent allocation duration: 150.31ms, recent old gen allocation rate: 0.00B/s, recent marking phase length: 0.00ms
[434.193s][debug][gc,ihop        ] GC(2985) Adaptive IHOP information (value update), threshold: 142501478B (47.37), internal target occupancy: 300836454B, occupancy: 4169192B, additional buffer size: 189792256B, predicted old gen allocation rate: 0.00B/s, predicted marking phase length: 0.00ms, prediction active: false
[434.193s][debug][gc,ergo,refine ] GC(2985) Concurrent refinement times: Logged Cards Scan time goal: 20.00ms Logged Cards Scan time: 0.00ms HCC time: 0.00ms
[434.193s][debug][gc,ergo,refine ] GC(2985) Updated Refinement Zones: green: 2048, yellow: 6144, red: 10240
[434.193s][info ][gc,phases      ] GC(2985)   Pre Evacuate Collection Set: 0.1ms
[434.193s][debug][gc,phases      ] GC(2985)     Prepare TLABs: 0.0ms
[434.193s][debug][gc,phases      ] GC(2985)     Choose Collection Set: 0.0ms
[434.193s][debug][gc,phases      ] GC(2985)     Region Register: 0.1ms
[434.193s][debug][gc,phases      ] GC(2985)     Prepare Heap Roots: 0.0ms
[434.193s][info ][gc,phases      ] GC(2985)   Merge Heap Roots: 0.1ms
[434.193s][debug][gc,phases      ] GC(2985)     Prepare Merge Heap Roots: 0.0ms
[434.193s][debug][gc,phases      ] GC(2985)     Eager Reclaim (ms):       skipped
[434.193s][debug][gc,phases      ] GC(2985)     Remembered Sets (ms):     Min:  0.0, Avg:  0.0, Max:  0.0, Diff:  0.0, Sum:  0.0, Workers: 8
[434.193s][debug][gc,phases      ] GC(2985)       Merged Sparse:            Min: 0, Avg:  0.0, Max: 0, Diff: 0, Sum: 0, Workers: 8
[434.193s][debug][gc,phases      ] GC(2985)       Merged Fine:              Min: 0, Avg:  0.0, Max: 0, Diff: 0, Sum: 0, Workers: 8
[434.193s][debug][gc,phases      ] GC(2985)       Merged Coarse:            Min: 0, Avg:  0.0, Max: 0, Diff: 0, Sum: 0, Workers: 8
[434.193s][debug][gc,phases      ] GC(2985)       Dirty Cards:              Min: 0, Avg:  0.0, Max: 0, Diff: 0, Sum: 0, Workers: 8
[434.193s][debug][gc,phases      ] GC(2985)     Hot Card Cache (ms):      Min:  0.0, Avg:  0.0, Max:  0.0, Diff:  0.0, Sum:  0.0, Workers: 8
[434.193s][debug][gc,phases      ] GC(2985)       Dirty Cards:              Min: 0, Avg:  0.0, Max: 0, Diff: 0, Sum: 0, Workers: 8
[434.193s][debug][gc,phases      ] GC(2985)       Skipped Cards:            Min: 0, Avg:  0.0, Max: 0, Diff: 0, Sum: 0, Workers: 8
[434.193s][debug][gc,phases      ] GC(2985)     Log Buffers (ms):         Min:  0.0, Avg:  0.0, Max:  0.0, Diff:  0.0, Sum:  0.0, Workers: 8
[434.193s][debug][gc,phases      ] GC(2985)       Dirty Cards:              Min: 0, Avg:  0.1, Max: 1, Diff: 1, Sum: 1, Workers: 8
[434.193s][debug][gc,phases      ] GC(2985)       Skipped Cards:            Min: 0, Avg:  0.0, Max: 0, Diff: 0, Sum: 0, Workers: 8
[434.193s][info ][gc,phases      ] GC(2985)   Evacuate Collection Set: 0.2ms
[434.193s][debug][gc,phases      ] GC(2985)     Ext Root Scanning (ms):   Min:  0.0, Avg:  0.0, Max:  0.0, Diff:  0.0, Sum:  0.2, Workers: 8
[434.193s][debug][gc,phases      ] GC(2985)     Scan Heap Roots (ms):     Min:  0.0, Avg:  0.0, Max:  0.0, Diff:  0.0, Sum:  0.0, Workers: 8
[434.193s][debug][gc,phases      ] GC(2985)       Scanned Cards:            Min: 0, Avg:  0.1, Max: 1, Diff: 1, Sum: 1, Workers: 8
[434.193s][debug][gc,phases      ] GC(2985)       Scanned Blocks:           Min: 0, Avg:  0.1, Max: 1, Diff: 1, Sum: 1, Workers: 8
[434.193s][debug][gc,phases      ] GC(2985)       Claimed Chunks:           Min: 0, Avg:  0.1, Max: 1, Diff: 1, Sum: 1, Workers: 8
[434.193s][debug][gc,phases      ] GC(2985)     Code Root Scan (ms):      Min:  0.0, Avg:  0.0, Max:  0.0, Diff:  0.0, Sum:  0.0, Workers: 8
[434.193s][debug][gc,phases      ] GC(2985)     Object Copy (ms):         Min:  0.0, Avg:  0.0, Max:  0.0, Diff:  0.0, Sum:  0.0, Workers: 8
[434.193s][debug][gc,phases      ] GC(2985)     Termination (ms):         Min:  0.1, Avg:  0.1, Max:  0.1, Diff:  0.0, Sum:  0.5, Workers: 8
[434.193s][debug][gc,phases      ] GC(2985)       Termination Attempts:     Min: 1, Avg:  1.0, Max: 1, Diff: 0, Sum: 8, Workers: 8
[434.193s][debug][gc,phases      ] GC(2985)     GC Worker Other (ms):     Min:  0.0, Avg:  0.0, Max:  0.0, Diff:  0.0, Sum:  0.1, Workers: 8
[434.193s][debug][gc,phases      ] GC(2985)     GC Worker Total (ms):     Min:  0.1, Avg:  0.1, Max:  0.2, Diff:  0.1, Sum:  0.9, Workers: 8
[434.193s][info ][gc,phases      ] GC(2985)   Post Evacuate Collection Set: 0.3ms
[434.193s][debug][gc,phases      ] GC(2985)     Code Roots Fixup: 0.0ms
[434.193s][debug][gc,phases      ] GC(2985)     Clear Card Table: 0.1ms
[434.193s][debug][gc,phases      ] GC(2985)     Reference Processing: 0.0ms
[434.193s][debug][gc,phases,ref  ] GC(2985)       Reconsider SoftReferences: 0.0ms
[434.193s][debug][gc,phases,ref  ] GC(2985)         SoftRef (ms):             skipped
[434.193s][debug][gc,phases,ref  ] GC(2985)       Notify Soft/WeakReferences: 0.0ms
[434.193s][debug][gc,phases,ref  ] GC(2985)         SoftRef (ms):             skipped
[434.193s][debug][gc,phases,ref  ] GC(2985)         WeakRef (ms):             skipped
[434.193s][debug][gc,phases,ref  ] GC(2985)         FinalRef (ms):            skipped
[434.193s][debug][gc,phases,ref  ] GC(2985)         Total (ms):               skipped
[434.193s][debug][gc,phases,ref  ] GC(2985)       Notify and keep alive finalizable: 0.0ms
[434.193s][debug][gc,phases,ref  ] GC(2985)         FinalRef (ms):            skipped
[434.193s][debug][gc,phases,ref  ] GC(2985)       Notify PhantomReferences: 0.0ms
[434.193s][debug][gc,phases,ref  ] GC(2985)         PhantomRef (ms):          skipped
[434.193s][debug][gc,phases,ref  ] GC(2985)       SoftReference:
[434.193s][debug][gc,phases,ref  ] GC(2985)         Discovered: 0
[434.193s][debug][gc,phases,ref  ] GC(2985)         Cleared: 0
[434.193s][debug][gc,phases,ref  ] GC(2985)       WeakReference:
[434.193s][debug][gc,phases,ref  ] GC(2985)         Discovered: 0
[434.193s][debug][gc,phases,ref  ] GC(2985)         Cleared: 0
[434.193s][debug][gc,phases,ref  ] GC(2985)       FinalReference:
[434.193s][debug][gc,phases,ref  ] GC(2985)         Discovered: 0
[434.193s][debug][gc,phases,ref  ] GC(2985)         Cleared: 0
[434.193s][debug][gc,phases,ref  ] GC(2985)       PhantomReference:
[434.193s][debug][gc,phases,ref  ] GC(2985)         Discovered: 0
[434.193s][debug][gc,phases,ref  ] GC(2985)         Cleared: 0
[434.193s][debug][gc,phases      ] GC(2985)     Weak Processing: 0.0ms
[434.193s][debug][gc,phases      ] GC(2985)       JVMTI weak processing: 0.0ms
[434.193s][debug][gc,phases      ] GC(2985)         Dead: 0
[434.193s][debug][gc,phases      ] GC(2985)         Total: 0
[434.193s][debug][gc,phases      ] GC(2985)       JFR weak processing: 0.0ms
[434.193s][debug][gc,phases      ] GC(2985)         Dead: 0
[434.193s][debug][gc,phases      ] GC(2985)         Total: 0
[434.193s][debug][gc,phases      ] GC(2985)       JNI weak                  Min:  0.0, Avg:  0.0, Max:  0.0, Diff:  0.0, Sum:  0.0, Workers: 5
[434.193s][debug][gc,phases      ] GC(2985)         Dead                      Min: 0, Avg:  0.0, Max: 0, Diff: 0, Sum: 0, Workers: 5
[434.193s][debug][gc,phases      ] GC(2985)         Total                     Min: 0, Avg: 13.6, Max: 52, Diff: 52, Sum: 68, Workers: 5
[434.193s][debug][gc,phases      ] GC(2985)       VM weak                   Min:  0.0, Avg:  0.0, Max:  0.0, Diff:  0.0, Sum:  0.0, Workers: 5
[434.193s][debug][gc,phases      ] GC(2985)         Dead                      Min: 0, Avg:  0.0, Max: 0, Diff: 0, Sum: 0, Workers: 5
[434.193s][debug][gc,phases      ] GC(2985)         Total                     Min: 0, Avg: 42.6, Max: 128, Diff: 128, Sum: 213, Workers: 5
[434.193s][debug][gc,phases      ] GC(2985)       StringTable weak          Min:  0.0, Avg:  0.0, Max:  0.0, Diff:  0.0, Sum:  0.1, Workers: 5
[434.193s][debug][gc,phases      ] GC(2985)         Dead                      Min: 0, Avg:  0.0, Max: 0, Diff: 0, Sum: 0, Workers: 5
[434.193s][debug][gc,phases      ] GC(2985)         Total                     Min: 0, Avg: 682.0, Max: 895, Diff: 895, Sum: 3410, Workers: 5
[434.193s][debug][gc,phases      ] GC(2985)       ResolvedMethodTable weak  Min:  0.0, Avg:  0.0, Max:  0.0, Diff:  0.0, Sum:  0.0, Workers: 5
[434.193s][debug][gc,phases      ] GC(2985)         Dead                      Min: 0, Avg:  0.0, Max: 0, Diff: 0, Sum: 0, Workers: 5
[434.193s][debug][gc,phases      ] GC(2985)         Total                     Min: 0, Avg: 114.8, Max: 190, Diff: 190, Sum: 574, Workers: 5
[434.193s][debug][gc,phases      ] GC(2985)     Merge Per-Thread State: 0.0ms
[434.193s][debug][gc,phases      ] GC(2985)       Copied Bytes              Min: 0, Avg: 64.0, Max: 120, Diff: 120, Sum: 512, Workers: 8
[434.193s][debug][gc,phases      ] GC(2985)       LAB Waste                 Min: 0, Avg:  0.0, Max: 0, Diff: 0, Sum: 0, Workers: 8
[434.193s][debug][gc,phases      ] GC(2985)       LAB Undo Waste            Min: 0, Avg:  0.0, Max: 0, Diff: 0, Sum: 0, Workers: 8
[434.193s][debug][gc,phases      ] GC(2985)     Code Roots Purge: 0.0ms
[434.193s][debug][gc,phases      ] GC(2985)     Redirty Cards: 0.0ms
[434.193s][debug][gc,phases      ] GC(2985)     DerivedPointerTable Update: 0.0ms
[434.193s][debug][gc,phases      ] GC(2985)     Free Collection Set: 0.1ms
[434.193s][debug][gc,phases      ] GC(2985)     Rebuild Free List: 0.0ms
[434.193s][debug][gc,phases      ] GC(2985)     Humongous Reclaim: 0.0ms
[434.193s][debug][gc,phases      ] GC(2985)     Start New Collection Set: 0.0ms
[434.193s][debug][gc,phases      ] GC(2985)     Resize TLABs: 0.0ms
[434.193s][debug][gc,phases      ] GC(2985)     Expand Heap After Collection: 0.0ms
[434.193s][info ][gc,phases      ] GC(2985)   Other: 0.2ms
[434.193s][info ][gc,heap        ] GC(2985) Eden regions: 180->0(180)
[434.193s][info ][gc,heap        ] GC(2985) Survivor regions: 1->1(23)
[434.193s][info ][gc,heap        ] GC(2985) Old regions: 7->7
[434.193s][info ][gc,heap        ] GC(2985) Archive regions: 2->2
[434.193s][info ][gc,heap        ] GC(2985) Humongous regions: 0->0
[434.193s][info ][gc,metaspace   ] GC(2985) Metaspace: 9905K(10624K)->9905K(10624K) NonClass: 8758K(9216K)->8758K(9216K) Class: 1146K(1408K)->1146K(1408K)
[434.193s][debug][gc,heap        ] GC(2985) Heap after GC invocations=2986 (full 1): garbage-first heap   total 309248K, used 4071K [0x0000000700000000, 0x0000000800000000)
[434.193s][debug][gc,heap        ] GC(2985)   region size 1024K, 1 young (1024K), 1 survivors (1024K)
[434.193s][debug][gc,heap        ] GC(2985)  Metaspace       used 9905K, capacity 10179K, committed 10624K, reserved 1058816K
[434.193s][debug][gc,heap        ] GC(2985)   class space    used 1146K, capacity 1267K, committed 1408K, reserved 1048576K
[434.193s][info ][gc             ] GC(2985) Pause Young (Normal) (G1 Evacuation Pause) 183M->3M(302M) 1.488ms
[434.193s][info ][gc,cpu         ] GC(2985) User=0.00s Sys=0.00s Real=0.01s
[434.193s][info ][safepoint      ] Safepoint "G1CollectForAllocation", Time since last: 149326789 ns, Reaching safepoint: 125519 ns, At safepoint: 1657130 ns, Total: 1782649 ns
[434.344s][debug][gc,heap        ] GC(2986) Heap before GC invocations=2986 (full 1): garbage-first heap   total 309248K, used 188391K [0x0000000700000000, 0x0000000800000000)
[434.344s][debug][gc,heap        ] GC(2986)   region size 1024K, 181 young (185344K), 1 survivors (1024K)
[434.344s][debug][gc,heap        ] GC(2986)  Metaspace       used 9905K, capacity 10179K, committed 10624K, reserved 1058816K
[434.344s][debug][gc,heap        ] GC(2986)   class space    used 1146K, capacity 1267K, committed 1408K, reserved 1048576K
[434.344s][info ][gc,start       ] GC(2986) Pause Young (Normal) (G1 Evacuation Pause)
[434.344s][info ][gc,task        ] GC(2986) Using 8 workers of 8 for evacuation
[434.344s][debug][gc,tlab        ] GC(2986) TLAB totals: thrds: 8  refills: 723 max: 96 slow allocs: 0 max 0 waste:  1.0% gc: 1385800B max: 344128B slow: 418280B max: 55656B fast: 0B max: 0B
[434.344s][debug][gc,age         ] GC(2986) Desired survivor size 12058624 bytes, new threshold 15 (max threshold 15)
[434.344s][debug][gc,alloc,region] GC(2986) Mutator Allocation stats, regions: 180, wasted size: 0B ( 0.0%)
[434.344s][debug][gc,ergo        ] GC(2986) Running G1 Merge Heap Roots using 8 workers for 181 regions
[434.344s][debug][gc,remset      ] GC(2986) Visited cards 256 Total dirty 2048 (12.50%) Total old 759808 (0.03%)
[434.344s][debug][gc,ergo        ] GC(2986) Running G1 Clear Card Table Task using 1 workers for 1 units of work for 182 regions.
[434.344s][debug][gc,ref         ] GC(2986) Skipped phase1 of Reference Processing due to unavailable references
[434.344s][debug][gc,ref         ] GC(2986) Skipped phase2 of Reference Processing due to unavailable references
[434.344s][debug][gc,ref         ] GC(2986) Skipped phase3 of Reference Processing due to unavailable references
[434.344s][debug][gc,ref         ] GC(2986) Skipped phase4 of Reference Processing due to unavailable references
[434.344s][debug][gc,ergo        ] GC(2986) Running G1 Free Collection Set using 8 workers for collection set length 181 (302)
[434.344s][debug][gc,ergo        ] GC(2986) Running G1 Rebuild Free List Task using 8 workers for rebuilding free list of 0 (4096) regions
[434.344s][trace][gc,age         ] GC(2986) Age table with threshold 15 (max threshold 15)
[434.344s][trace][gc,age         ] GC(2986) - age   1:        544 bytes,        544 total
[434.344s][debug][gc,plab        ] GC(2986) Young PLAB allocation: allocated: 14448B, wasted: 0B, unused: 13904B, used: 544B, undo waste: 0B, 
[434.344s][debug][gc,plab        ] GC(2986) Young other allocation: region end waste: 0B, regions filled: 1, direct allocated: 0B, failure used: 0B, failure wasted: 0B
[434.344s][debug][gc,plab        ] GC(2986) Young sizing: calculated: 104B, actual: 2064B
[434.344s][debug][gc,plab        ] GC(2986) Old PLAB allocation: allocated: 0B, wasted: 0B, unused: 0B, used: 0B, undo waste: 0B, 
[434.344s][debug][gc,plab        ] GC(2986) Old other allocation: region end waste: 0B, regions filled: 1, direct allocated: 0B, failure used: 0B, failure wasted: 0B
[434.344s][debug][gc,plab        ] GC(2986) Old sizing: calculated: 0B, actual: 2064B
[434.344s][debug][gc,ihop        ] GC(2986) Basic information (value update), threshold: 142501478B (45.00), target occupancy: 316669952B, current occupancy: 4169192B, recent allocation size: 0B, recent allocation duration: 151.05ms, recent old gen allocation rate: 0.00B/s, recent marking phase length: 0.00ms
[434.344s][debug][gc,ihop        ] GC(2986) Adaptive IHOP information (value update), threshold: 142501478B (47.37), internal target occupancy: 300836454B, occupancy: 4169192B, additional buffer size: 189792256B, predicted old gen allocation rate: 0.00B/s, predicted marking phase length: 0.00ms, prediction active: false
[434.344s][debug][gc,ergo,refine ] GC(2986) Concurrent refinement times: Logged Cards Scan time goal: 20.00ms Logged Cards Scan time: 0.00ms HCC time: 0.00ms
[434.344s][debug][gc,ergo,refine ] GC(2986) Updated Refinement Zones: green: 2048, yellow: 6144, red: 10240
[434.344s][info ][gc,phases      ] GC(2986)   Pre Evacuate Collection Set: 0.1ms
[434.344s][debug][gc,phases      ] GC(2986)     Prepare TLABs: 0.0ms
[434.344s][debug][gc,phases      ] GC(2986)     Choose Collection Set: 0.0ms
[434.344s][debug][gc,phases      ] GC(2986)     Region Register: 0.1ms
[434.344s][debug][gc,phases      ] GC(2986)     Prepare Heap Roots: 0.0ms
[434.344s][info ][gc,phases      ] GC(2986)   Merge Heap Roots: 0.1ms
[434.344s][debug][gc,phases      ] GC(2986)     Prepare Merge Heap Roots: 0.0ms
[434.344s][debug][gc,phases      ] GC(2986)     Eager Reclaim (ms):       skipped
[434.344s][debug][gc,phases      ] GC(2986)     Remembered Sets (ms):     Min:  0.0, Avg:  0.0, Max:  0.0, Diff:  0.0, Sum:  0.0, Workers: 8
[434.344s][debug][gc,phases      ] GC(2986)       Merged Sparse:            Min: 0, Avg:  0.0, Max: 0, Diff: 0, Sum: 0, Workers: 8
[434.344s][debug][gc,phases      ] GC(2986)       Merged Fine:              Min: 0, Avg:  0.0, Max: 0, Diff: 0, Sum: 0, Workers: 8
[434.344s][debug][gc,phases      ] GC(2986)       Merged Coarse:            Min: 0, Avg:  0.0, Max: 0, Diff: 0, Sum: 0, Workers: 8
[434.344s][debug][gc,phases      ] GC(2986)       Dirty Cards:              Min: 0, Avg:  0.0, Max: 0, Diff: 0, Sum: 0, Workers: 8
[434.344s][debug][gc,phases      ] GC(2986)     Hot Card Cache (ms):      Min:  0.0, Avg:  0.0, Max:  0.0, Diff:  0.0, Sum:  0.0, Workers: 8
[434.344s][debug][gc,phases      ] GC(2986)       Dirty Cards:              Min: 0, Avg:  0.0, Max: 0, Diff: 0, Sum: 0, Workers: 8
[434.344s][debug][gc,phases      ] GC(2986)       Skipped Cards:            Min: 0, Avg:  0.0, Max: 0, Diff: 0, Sum: 0, Workers: 8
[434.344s][debug][gc,phases      ] GC(2986)     Log Buffers (ms):         Min:  0.0, Avg:  0.0, Max:  0.0, Diff:  0.0, Sum:  0.0, Workers: 8
[434.344s][debug][gc,phases      ] GC(2986)       Dirty Cards:              Min: 0, Avg:  0.1, Max: 1, Diff: 1, Sum: 1, Workers: 8
[434.345s][debug][gc,phases      ] GC(2986)       Skipped Cards:            Min: 0, Avg:  0.0, Max: 0, Diff: 0, Sum: 0, Workers: 8
[434.345s][info ][gc,phases      ] GC(2986)   Evacuate Collection Set: 0.2ms
[434.345s][debug][gc,phases      ] GC(2986)     Ext Root Scanning (ms):   Min:  0.0, Avg:  0.0, Max:  0.1, Diff:  0.1, Sum:  0.2, Workers: 8
[434.345s][debug][gc,phases      ] GC(2986)     Scan Heap Roots (ms):     Min:  0.0, Avg:  0.0, Max:  0.0, Diff:  0.0, Sum:  0.0, Workers: 8
[434.345s][debug][gc,phases      ] GC(2986)       Scanned Cards:            Min: 0, Avg:  0.1, Max: 1, Diff: 1, Sum: 1, Workers: 8
[434.345s][debug][gc,phases      ] GC(2986)       Scanned Blocks:           Min: 0, Avg:  0.1, Max: 1, Diff: 1, Sum: 1, Workers: 8
[434.345s][debug][gc,phases      ] GC(2986)       Claimed Chunks:           Min: 0, Avg:  0.1, Max: 1, Diff: 1, Sum: 1, Workers: 8
[434.345s][debug][gc,phases      ] GC(2986)     Code Root Scan (ms):      Min:  0.0, Avg:  0.0, Max:  0.0, Diff:  0.0, Sum:  0.0, Workers: 8
[434.345s][debug][gc,phases      ] GC(2986)     Object Copy (ms):         Min:  0.0, Avg:  0.0, Max:  0.0, Diff:  0.0, Sum:  0.0, Workers: 8
[434.345s][debug][gc,phases      ] GC(2986)     Termination (ms):         Min:  0.0, Avg:  0.1, Max:  0.1, Diff:  0.0, Sum:  0.4, Workers: 8
[434.345s][debug][gc,phases      ] GC(2986)       Termination Attempts:     Min: 1, Avg:  1.0, Max: 1, Diff: 0, Sum: 8, Workers: 8
[434.345s][debug][gc,phases      ] GC(2986)     GC Worker Other (ms):     Min:  0.0, Avg:  0.0, Max:  0.0, Diff:  0.0, Sum:  0.1, Workers: 8
[434.345s][debug][gc,phases      ] GC(2986)     GC Worker Total (ms):     Min:  0.1, Avg:  0.1, Max:  0.1, Diff:  0.0, Sum:  0.8, Workers: 8
[434.345s][info ][gc,phases      ] GC(2986)   Post Evacuate Collection Set: 0.3ms
[434.345s][debug][gc,phases      ] GC(2986)     Code Roots Fixup: 0.0ms
[434.345s][debug][gc,phases      ] GC(2986)     Clear Card Table: 0.1ms
[434.345s][debug][gc,phases      ] GC(2986)     Reference Processing: 0.0ms
[434.345s][debug][gc,phases,ref  ] GC(2986)       Reconsider SoftReferences: 0.0ms
[434.345s][debug][gc,phases,ref  ] GC(2986)         SoftRef (ms):             skipped
[434.345s][debug][gc,phases,ref  ] GC(2986)       Notify Soft/WeakReferences: 0.0ms
[434.345s][debug][gc,phases,ref  ] GC(2986)         SoftRef (ms):             skipped
[434.345s][debug][gc,phases,ref  ] GC(2986)         WeakRef (ms):             skipped
[434.345s][debug][gc,phases,ref  ] GC(2986)         FinalRef (ms):            skipped
[434.345s][debug][gc,phases,ref  ] GC(2986)         Total (ms):               skipped
[434.345s][debug][gc,phases,ref  ] GC(2986)       Notify and keep alive finalizable: 0.0ms
[434.345s][debug][gc,phases,ref  ] GC(2986)         FinalRef (ms):            skipped
[434.345s][debug][gc,phases,ref  ] GC(2986)       Notify PhantomReferences: 0.0ms
[434.345s][debug][gc,phases,ref  ] GC(2986)         PhantomRef (ms):          skipped
[434.345s][debug][gc,phases,ref  ] GC(2986)       SoftReference:
[434.345s][debug][gc,phases,ref  ] GC(2986)         Discovered: 0
[434.345s][debug][gc,phases,ref  ] GC(2986)         Cleared: 0
[434.345s][debug][gc,phases,ref  ] GC(2986)       WeakReference:
[434.345s][debug][gc,phases,ref  ] GC(2986)         Discovered: 0
[434.345s][debug][gc,phases,ref  ] GC(2986)         Cleared: 0
[434.345s][debug][gc,phases,ref  ] GC(2986)       FinalReference:
[434.345s][debug][gc,phases,ref  ] GC(2986)         Discovered: 0
[434.345s][debug][gc,phases,ref  ] GC(2986)         Cleared: 0
[434.345s][debug][gc,phases,ref  ] GC(2986)       PhantomReference:
[434.345s][debug][gc,phases,ref  ] GC(2986)         Discovered: 0
[434.345s][debug][gc,phases,ref  ] GC(2986)         Cleared: 0
[434.345s][debug][gc,phases      ] GC(2986)     Weak Processing: 0.0ms
[434.345s][debug][gc,phases      ] GC(2986)       JVMTI weak processing: 0.0ms
[434.345s][debug][gc,phases      ] GC(2986)         Dead: 0
[434.345s][debug][gc,phases      ] GC(2986)         Total: 0
[434.345s][debug][gc,phases      ] GC(2986)       JFR weak processing: 0.0ms
[434.345s][debug][gc,phases      ] GC(2986)         Dead: 0
[434.345s][debug][gc,phases      ] GC(2986)         Total: 0
[434.345s][debug][gc,phases      ] GC(2986)       JNI weak                  Min:  0.0, Avg:  0.0, Max:  0.0, Diff:  0.0, Sum:  0.0, Workers: 5
[434.345s][debug][gc,phases      ] GC(2986)         Dead                      Min: 0, Avg:  0.0, Max: 0, Diff: 0, Sum: 0, Workers: 5
[434.345s][debug][gc,phases      ] GC(2986)         Total                     Min: 0, Avg: 13.6, Max: 52, Diff: 52, Sum: 68, Workers: 5
[434.345s][debug][gc,phases      ] GC(2986)       VM weak                   Min:  0.0, Avg:  0.0, Max:  0.0, Diff:  0.0, Sum:  0.0, Workers: 5
[434.345s][debug][gc,phases      ] GC(2986)         Dead                      Min: 0, Avg:  0.0, Max: 0, Diff: 0, Sum: 0, Workers: 5
[434.345s][debug][gc,phases      ] GC(2986)         Total                     Min: 0, Avg: 42.6, Max: 128, Diff: 128, Sum: 213, Workers: 5
[434.345s][debug][gc,phases      ] GC(2986)       StringTable weak          Min:  0.0, Avg:  0.0, Max:  0.0, Diff:  0.0, Sum:  0.1, Workers: 5
[434.345s][debug][gc,phases      ] GC(2986)         Dead                      Min: 0, Avg:  0.0, Max: 0, Diff: 0, Sum: 0, Workers: 5
[434.345s][debug][gc,phases      ] GC(2986)         Total                     Min: 0, Avg: 682.0, Max: 959, Diff: 959, Sum: 3410, Workers: 5
[434.345s][debug][gc,phases      ] GC(2986)       ResolvedMethodTable weak  Min:  0.0, Avg:  0.0, Max:  0.0, Diff:  0.0, Sum:  0.0, Workers: 5
[434.345s][debug][gc,phases      ] GC(2986)         Dead                      Min: 0, Avg:  0.0, Max: 0, Diff: 0, Sum: 0, Workers: 5
[434.345s][debug][gc,phases      ] GC(2986)         Total                     Min: 0, Avg: 114.8, Max: 190, Diff: 190, Sum: 574, Workers: 5
[434.345s][debug][gc,phases      ] GC(2986)     Merge Per-Thread State: 0.0ms
[434.345s][debug][gc,phases      ] GC(2986)       Copied Bytes              Min: 0, Avg: 68.0, Max: 144, Diff: 144, Sum: 544, Workers: 8
[434.345s][debug][gc,phases      ] GC(2986)       LAB Waste                 Min: 0, Avg:  0.0, Max: 0, Diff: 0, Sum: 0, Workers: 8
[434.345s][debug][gc,phases      ] GC(2986)       LAB Undo Waste            Min: 0, Avg:  0.0, Max: 0, Diff: 0, Sum: 0, Workers: 8
[434.345s][debug][gc,phases      ] GC(2986)     Code Roots Purge: 0.0ms
[434.345s][debug][gc,phases      ] GC(2986)     Redirty Cards: 0.0ms
[434.345s][debug][gc,phases      ] GC(2986)     DerivedPointerTable Update: 0.0ms
[434.345s][debug][gc,phases      ] GC(2986)     Free Collection Set: 0.1ms
[434.345s][debug][gc,phases      ] GC(2986)     Rebuild Free List: 0.1ms
[434.345s][debug][gc,phases      ] GC(2986)     Humongous Reclaim: 0.0ms
[434.345s][debug][gc,phases      ] GC(2986)     Start New Collection Set: 0.0ms
[434.345s][debug][gc,phases      ] GC(2986)     Resize TLABs: 0.0ms
[434.345s][debug][gc,phases      ] GC(2986)     Expand Heap After Collection: 0.0ms
[434.345s][info ][gc,phases      ] GC(2986)   Other: 0.3ms
[434.345s][info ][gc,heap        ] GC(2986) Eden regions: 180->0(180)
[434.345s][info ][gc,heap        ] GC(2986) Survivor regions: 1->1(23)
[434.345s][info ][gc,heap        ] GC(2986) Old regions: 7->7
[434.345s][info ][gc,heap        ] GC(2986) Archive regions: 2->2
[434.345s][info ][gc,heap        ] GC(2986) Humongous regions: 0->0
[434.345s][info ][gc,metaspace   ] GC(2986) Metaspace: 9905K(10624K)->9905K(10624K) NonClass: 8758K(9216K)->8758K(9216K) Class: 1146K(1408K)->1146K(1408K)
[434.345s][debug][gc,heap        ] GC(2986) Heap after GC invocations=2987 (full 1): garbage-first heap   total 309248K, used 4071K [0x0000000700000000, 0x0000000800000000)
[434.345s][debug][gc,heap        ] GC(2986)   region size 1024K, 1 young (1024K), 1 survivors (1024K)
[434.345s][debug][gc,heap        ] GC(2986)  Metaspace       used 9905K, capacity 10179K, committed 10624K, reserved 1058816K
[434.345s][debug][gc,heap        ] GC(2986)   class space    used 1146K, capacity 1267K, committed 1408K, reserved 1048576K
[434.345s][info ][gc             ] GC(2986) Pause Young (Normal) (G1 Evacuation Pause) 183M->3M(302M) 1.442ms
[434.345s][info ][gc,cpu         ] GC(2986) User=0.00s Sys=0.00s Real=0.00s
[434.345s][info ][safepoint      ] Safepoint "G1CollectForAllocation", Time since last: 150027257 ns, Reaching safepoint: 140321 ns, At safepoint: 1598886 ns, Total: 1739207 ns
[434.487s][debug][gc,heap        ] GC(2987) Heap before GC invocations=2987 (full 1): garbage-first heap   total 309248K, used 188391K [0x0000000700000000, 0x0000000800000000)
[434.487s][debug][gc,heap        ] GC(2987)   region size 1024K, 181 young (185344K), 1 survivors (1024K)
[434.487s][debug][gc,heap        ] GC(2987)  Metaspace       used 9905K, capacity 10179K, committed 10624K, reserved 1058816K
[434.487s][debug][gc,heap        ] GC(2987)   class space    used 1146K, capacity 1267K, committed 1408K, reserved 1048576K
[434.487s][info ][gc,start       ] GC(2987) Pause Young (Normal) (G1 Evacuation Pause)
[434.487s][info ][gc,task        ] GC(2987) Using 8 workers of 8 for evacuation
[434.487s][debug][gc,tlab        ] GC(2987) TLAB totals: thrds: 8  refills: 722 max: 101 slow allocs: 0 max 0 waste:  1.0% gc: 1493888B max: 375656B slow: 416912B max: 58440B fast: 0B max: 0B
[434.487s][debug][gc,age         ] GC(2987) Desired survivor size 12058624 bytes, new threshold 15 (max threshold 15)
[434.487s][debug][gc,alloc,region] GC(2987) Mutator Allocation stats, regions: 180, wasted size: 0B ( 0.0%)
[434.487s][debug][gc,ergo        ] GC(2987) Running G1 Merge Heap Roots using 8 workers for 181 regions
[434.487s][debug][gc,remset      ] GC(2987) Visited cards 256 Total dirty 2048 (12.50%) Total old 759808 (0.03%)
[434.487s][debug][gc,ergo        ] GC(2987) Running G1 Clear Card Table Task using 1 workers for 1 units of work for 182 regions.
[434.488s][debug][gc,ref         ] GC(2987) Skipped phase1 of Reference Processing due to unavailable references
[434.488s][debug][gc,ref         ] GC(2987) Skipped phase2 of Reference Processing due to unavailable references
[434.488s][debug][gc,ref         ] GC(2987) Skipped phase3 of Reference Processing due to unavailable references
[434.488s][debug][gc,ref         ] GC(2987) Skipped phase4 of Reference Processing due to unavailable references
[434.488s][debug][gc,ergo        ] GC(2987) Running G1 Free Collection Set using 8 workers for collection set length 181 (302)
[434.488s][debug][gc,ergo        ] GC(2987) Running G1 Rebuild Free List Task using 8 workers for rebuilding free list of 0 (4096) regions
[434.488s][trace][gc,age         ] GC(2987) Age table with threshold 15 (max threshold 15)
[434.488s][trace][gc,age         ] GC(2987) - age   1:        536 bytes,        536 total
[434.488s][debug][gc,plab        ] GC(2987) Young PLAB allocation: allocated: 12384B, wasted: 0B, unused: 11848B, used: 536B, undo waste: 0B, 
[434.488s][debug][gc,plab        ] GC(2987) Young other allocation: region end waste: 0B, regions filled: 1, direct allocated: 0B, failure used: 0B, failure wasted: 0B
[434.488s][debug][gc,plab        ] GC(2987) Young sizing: calculated: 104B, actual: 2064B
[434.488s][debug][gc,plab        ] GC(2987) Old PLAB allocation: allocated: 0B, wasted: 0B, unused: 0B, used: 0B, undo waste: 0B, 
[434.488s][debug][gc,plab        ] GC(2987) Old other allocation: region end waste: 0B, regions filled: 1, direct allocated: 0B, failure used: 0B, failure wasted: 0B
[434.488s][debug][gc,plab        ] GC(2987) Old sizing: calculated: 0B, actual: 2064B
[434.488s][debug][gc,ihop        ] GC(2987) Basic information (value update), threshold: 142501478B (45.00), target occupancy: 316669952B, current occupancy: 4167128B, recent allocation size: 0B, recent allocation duration: 142.74ms, recent old gen allocation rate: 0.00B/s, recent marking phase length: 0.00ms
[434.488s][debug][gc,ihop        ] GC(2987) Adaptive IHOP information (value update), threshold: 142501478B (47.37), internal target occupancy: 300836454B, occupancy: 4167128B, additional buffer size: 189792256B, predicted old gen allocation rate: 0.00B/s, predicted marking phase length: 0.00ms, prediction active: false
[434.488s][debug][gc,ergo,refine ] GC(2987) Concurrent refinement times: Logged Cards Scan time goal: 20.00ms Logged Cards Scan time: 0.00ms HCC time: 0.00ms
[434.488s][debug][gc,ergo,refine ] GC(2987) Updated Refinement Zones: green: 2048, yellow: 6144, red: 10240
[434.488s][info ][gc,phases      ] GC(2987)   Pre Evacuate Collection Set: 0.1ms
[434.488s][debug][gc,phases      ] GC(2987)     Prepare TLABs: 0.0ms
[434.488s][debug][gc,phases      ] GC(2987)     Choose Collection Set: 0.0ms
[434.488s][debug][gc,phases      ] GC(2987)     Region Register: 0.1ms
[434.488s][debug][gc,phases      ] GC(2987)     Prepare Heap Roots: 0.0ms
[434.488s][info ][gc,phases      ] GC(2987)   Merge Heap Roots: 0.1ms
[434.488s][debug][gc,phases      ] GC(2987)     Prepare Merge Heap Roots: 0.0ms
[434.488s][debug][gc,phases      ] GC(2987)     Eager Reclaim (ms):       skipped
[434.488s][debug][gc,phases      ] GC(2987)     Remembered Sets (ms):     Min:  0.0, Avg:  0.0, Max:  0.0, Diff:  0.0, Sum:  0.1, Workers: 8
[434.488s][debug][gc,phases      ] GC(2987)       Merged Sparse:            Min: 0, Avg:  0.0, Max: 0, Diff: 0, Sum: 0, Workers: 8
[434.488s][debug][gc,phases      ] GC(2987)       Merged Fine:              Min: 0, Avg:  0.0, Max: 0, Diff: 0, Sum: 0, Workers: 8
[434.488s][debug][gc,phases      ] GC(2987)       Merged Coarse:            Min: 0, Avg:  0.0, Max: 0, Diff: 0, Sum: 0, Workers: 8
[434.488s][debug][gc,phases      ] GC(2987)       Dirty Cards:              Min: 0, Avg:  0.0, Max: 0, Diff: 0, Sum: 0, Workers: 8
[434.488s][debug][gc,phases      ] GC(2987)     Hot Card Cache (ms):      Min:  0.0, Avg:  0.0, Max:  0.0, Diff:  0.0, Sum:  0.0, Workers: 8
[434.488s][debug][gc,phases      ] GC(2987)       Dirty Cards:              Min: 0, Avg:  0.0, Max: 0, Diff: 0, Sum: 0, Workers: 8
[434.488s][debug][gc,phases      ] GC(2987)       Skipped Cards:            Min: 0, Avg:  0.0, Max: 0, Diff: 0, Sum: 0, Workers: 8
[434.488s][debug][gc,phases      ] GC(2987)     Log Buffers (ms):         Min:  0.0, Avg:  0.0, Max:  0.0, Diff:  0.0, Sum:  0.0, Workers: 8
[434.488s][debug][gc,phases      ] GC(2987)       Dirty Cards:              Min: 0, Avg:  0.1, Max: 1, Diff: 1, Sum: 1, Workers: 8
[434.488s][debug][gc,phases      ] GC(2987)       Skipped Cards:            Min: 0, Avg:  0.0, Max: 0, Diff: 0, Sum: 0, Workers: 8
[434.488s][info ][gc,phases      ] GC(2987)   Evacuate Collection Set: 0.1ms
[434.488s][debug][gc,phases      ] GC(2987)     Ext Root Scanning (ms):   Min:  0.0, Avg:  0.0, Max:  0.1, Diff:  0.1, Sum:  0.2, Workers: 8
[434.488s][debug][gc,phases      ] GC(2987)     Scan Heap Roots (ms):     Min:  0.0, Avg:  0.0, Max:  0.0, Diff:  0.0, Sum:  0.0, Workers: 8
[434.488s][debug][gc,phases      ] GC(2987)       Scanned Cards:            Min: 0, Avg:  0.1, Max: 1, Diff: 1, Sum: 1, Workers: 8
[434.488s][debug][gc,phases      ] GC(2987)       Scanned Blocks:           Min: 0, Avg:  0.1, Max: 1, Diff: 1, Sum: 1, Workers: 8
[434.488s][debug][gc,phases      ] GC(2987)       Claimed Chunks:           Min: 0, Avg:  0.1, Max: 1, Diff: 1, Sum: 1, Workers: 8
[434.488s][debug][gc,phases      ] GC(2987)     Code Root Scan (ms):      Min:  0.0, Avg:  0.0, Max:  0.0, Diff:  0.0, Sum:  0.0, Workers: 8
[434.488s][debug][gc,phases      ] GC(2987)     Object Copy (ms):         Min:  0.0, Avg:  0.0, Max:  0.0, Diff:  0.0, Sum:  0.0, Workers: 8
[434.488s][debug][gc,phases      ] GC(2987)     Termination (ms):         Min:  0.0, Avg:  0.1, Max:  0.1, Diff:  0.0, Sum:  0.5, Workers: 8
[434.488s][debug][gc,phases      ] GC(2987)       Termination Attempts:     Min: 1, Avg:  1.0, Max: 1, Diff: 0, Sum: 8, Workers: 8
[434.488s][debug][gc,phases      ] GC(2987)     GC Worker Other (ms):     Min:  0.0, Avg:  0.0, Max:  0.0, Diff:  0.0, Sum:  0.1, Workers: 8
[434.488s][debug][gc,phases      ] GC(2987)     GC Worker Total (ms):     Min:  0.1, Avg:  0.1, Max:  0.1, Diff:  0.1, Sum:  0.9, Workers: 8
[434.488s][info ][gc,phases      ] GC(2987)   Post Evacuate Collection Set: 0.3ms
[434.488s][debug][gc,phases      ] GC(2987)     Code Roots Fixup: 0.0ms
[434.488s][debug][gc,phases      ] GC(2987)     Clear Card Table: 0.1ms
[434.488s][debug][gc,phases      ] GC(2987)     Reference Processing: 0.0ms
[434.488s][debug][gc,phases,ref  ] GC(2987)       Reconsider SoftReferences: 0.0ms
[434.488s][debug][gc,phases,ref  ] GC(2987)         SoftRef (ms):             skipped
[434.488s][debug][gc,phases,ref  ] GC(2987)       Notify Soft/WeakReferences: 0.0ms
[434.488s][debug][gc,phases,ref  ] GC(2987)         SoftRef (ms):             skipped
[434.488s][debug][gc,phases,ref  ] GC(2987)         WeakRef (ms):             skipped
[434.488s][debug][gc,phases,ref  ] GC(2987)         FinalRef (ms):            skipped
[434.488s][debug][gc,phases,ref  ] GC(2987)         Total (ms):               skipped
[434.488s][debug][gc,phases,ref  ] GC(2987)       Notify and keep alive finalizable: 0.0ms
[434.488s][debug][gc,phases,ref  ] GC(2987)         FinalRef (ms):            skipped
[434.488s][debug][gc,phases,ref  ] GC(2987)       Notify PhantomReferences: 0.0ms
[434.488s][debug][gc,phases,ref  ] GC(2987)         PhantomRef (ms):          skipped
[434.488s][debug][gc,phases,ref  ] GC(2987)       SoftReference:
[434.488s][debug][gc,phases,ref  ] GC(2987)         Discovered: 0
[434.488s][debug][gc,phases,ref  ] GC(2987)         Cleared: 0
[434.488s][debug][gc,phases,ref  ] GC(2987)       WeakReference:
[434.488s][debug][gc,phases,ref  ] GC(2987)         Discovered: 0
[434.488s][debug][gc,phases,ref  ] GC(2987)         Cleared: 0
[434.488s][debug][gc,phases,ref  ] GC(2987)       FinalReference:
[434.488s][debug][gc,phases,ref  ] GC(2987)         Discovered: 0
[434.488s][debug][gc,phases,ref  ] GC(2987)         Cleared: 0
[434.488s][debug][gc,phases,ref  ] GC(2987)       PhantomReference:
[434.488s][debug][gc,phases,ref  ] GC(2987)         Discovered: 0
[434.488s][debug][gc,phases,ref  ] GC(2987)         Cleared: 0
[434.488s][debug][gc,phases      ] GC(2987)     Weak Processing: 0.0ms
[434.488s][debug][gc,phases      ] GC(2987)       JVMTI weak processing: 0.0ms
[434.488s][debug][gc,phases      ] GC(2987)         Dead: 0
[434.488s][debug][gc,phases      ] GC(2987)         Total: 0
[434.488s][debug][gc,phases      ] GC(2987)       JFR weak processing: 0.0ms
[434.488s][debug][gc,phases      ] GC(2987)         Dead: 0
[434.488s][debug][gc,phases      ] GC(2987)         Total: 0
[434.488s][debug][gc,phases      ] GC(2987)       JNI weak                  Min:  0.0, Avg:  0.0, Max:  0.0, Diff:  0.0, Sum:  0.0, Workers: 5
[434.488s][debug][gc,phases      ] GC(2987)         Dead                      Min: 0, Avg:  0.0, Max: 0, Diff: 0, Sum: 0, Workers: 5
[434.488s][debug][gc,phases      ] GC(2987)         Total                     Min: 0, Avg: 13.6, Max: 52, Diff: 52, Sum: 68, Workers: 5
[434.488s][debug][gc,phases      ] GC(2987)       VM weak                   Min:  0.0, Avg:  0.0, Max:  0.0, Diff:  0.0, Sum:  0.0, Workers: 5
[434.488s][debug][gc,phases      ] GC(2987)         Dead                      Min: 0, Avg:  0.0, Max: 0, Diff: 0, Sum: 0, Workers: 5
[434.488s][debug][gc,phases      ] GC(2987)         Total                     Min: 0, Avg: 42.6, Max: 64, Diff: 64, Sum: 213, Workers: 5
[434.488s][debug][gc,phases      ] GC(2987)       StringTable weak          Min:  0.0, Avg:  0.0, Max:  0.0, Diff:  0.0, Sum:  0.1, Workers: 5
[434.488s][debug][gc,phases      ] GC(2987)         Dead                      Min: 0, Avg:  0.0, Max: 0, Diff: 0, Sum: 0, Workers: 5
[434.488s][debug][gc,phases      ] GC(2987)         Total                     Min: 640, Avg: 682.0, Max: 767, Diff: 127, Sum: 3410, Workers: 5
[434.488s][debug][gc,phases      ] GC(2987)       ResolvedMethodTable weak  Min:  0.0, Avg:  0.0, Max:  0.0, Diff:  0.0, Sum:  0.0, Workers: 5
[434.488s][debug][gc,phases      ] GC(2987)         Dead                      Min: 0, Avg:  0.0, Max: 0, Diff: 0, Sum: 0, Workers: 5
[434.488s][debug][gc,phases      ] GC(2987)         Total                     Min: 64, Avg: 114.8, Max: 128, Diff: 64, Sum: 574, Workers: 5
[434.488s][debug][gc,phases      ] GC(2987)     Merge Per-Thread State: 0.0ms
[434.488s][debug][gc,phases      ] GC(2987)       Copied Bytes              Min: 0, Avg: 67.0, Max: 224, Diff: 224, Sum: 536, Workers: 8
[434.488s][debug][gc,phases      ] GC(2987)       LAB Waste                 Min: 0, Avg:  0.0, Max: 0, Diff: 0, Sum: 0, Workers: 8
[434.488s][debug][gc,phases      ] GC(2987)       LAB Undo Waste            Min: 0, Avg:  0.0, Max: 0, Diff: 0, Sum: 0, Workers: 8
[434.488s][debug][gc,phases      ] GC(2987)     Code Roots Purge: 0.0ms
[434.488s][debug][gc,phases      ] GC(2987)     Redirty Cards: 0.0ms
[434.488s][debug][gc,phases      ] GC(2987)     DerivedPointerTable Update: 0.0ms
[434.489s][debug][gc,phases      ] GC(2987)     Free Collection Set: 0.1ms
[434.489s][debug][gc,phases      ] GC(2987)     Rebuild Free List: 0.0ms
[434.489s][debug][gc,phases      ] GC(2987)     Humongous Reclaim: 0.0ms
[434.489s][debug][gc,phases      ] GC(2987)     Start New Collection Set: 0.0ms
[434.489s][debug][gc,phases      ] GC(2987)     Resize TLABs: 0.0ms
[434.489s][debug][gc,phases      ] GC(2987)     Expand Heap After Collection: 0.0ms
[434.489s][info ][gc,phases      ] GC(2987)   Other: 0.3ms
[434.489s][info ][gc,heap        ] GC(2987) Eden regions: 180->0(180)
[434.489s][info ][gc,heap        ] GC(2987) Survivor regions: 1->1(23)
[434.489s][info ][gc,heap        ] GC(2987) Old regions: 7->7
[434.489s][info ][gc,heap        ] GC(2987) Archive regions: 2->2
[434.489s][info ][gc,heap        ] GC(2987) Humongous regions: 0->0
[434.489s][info ][gc,metaspace   ] GC(2987) Metaspace: 9905K(10624K)->9905K(10624K) NonClass: 8758K(9216K)->8758K(9216K) Class: 1146K(1408K)->1146K(1408K)
[434.489s][debug][gc,heap        ] GC(2987) Heap after GC invocations=2988 (full 1): garbage-first heap   total 309248K, used 4069K [0x0000000700000000, 0x0000000800000000)
[434.489s][debug][gc,heap        ] GC(2987)   region size 1024K, 1 young (1024K), 1 survivors (1024K)
[434.489s][debug][gc,heap        ] GC(2987)  Metaspace       used 9905K, capacity 10179K, committed 10624K, reserved 1058816K
[434.489s][debug][gc,heap        ] GC(2987)   class space    used 1146K, capacity 1267K, committed 1408K, reserved 1048576K
[434.489s][info ][gc             ] GC(2987) Pause Young (Normal) (G1 Evacuation Pause) 183M->3M(302M) 1.576ms
[434.489s][info ][gc,cpu         ] GC(2987) User=0.00s Sys=0.00s Real=0.00s
[434.489s][info ][safepoint      ] Safepoint "G1CollectForAllocation", Time since last: 141717737 ns, Reaching safepoint: 133044 ns, At safepoint: 1731040 ns, Total: 1864084 ns
[434.632s][debug][gc,heap        ] GC(2988) Heap before GC invocations=2988 (full 1): garbage-first heap   total 309248K, used 188389K [0x0000000700000000, 0x0000000800000000)
[434.633s][debug][gc,heap        ] GC(2988)   region size 1024K, 181 young (185344K), 1 survivors (1024K)
[434.633s][debug][gc,heap        ] GC(2988)  Metaspace       used 9905K, capacity 10179K, committed 10624K, reserved 1058816K
[434.633s][debug][gc,heap        ] GC(2988)   class space    used 1146K, capacity 1267K, committed 1408K, reserved 1048576K
[434.633s][info ][gc,start       ] GC(2988) Pause Young (Normal) (G1 Evacuation Pause)
[434.633s][info ][gc,task        ] GC(2988) Using 8 workers of 8 for evacuation
[434.633s][debug][gc,tlab        ] GC(2988) TLAB totals: thrds: 8  refills: 723 max: 96 slow allocs: 0 max 0 waste:  0.9% gc: 1268528B max: 365408B slow: 418376B max: 56040B fast: 0B max: 0B
[434.633s][debug][gc,age         ] GC(2988) Desired survivor size 12058624 bytes, new threshold 15 (max threshold 15)
[434.633s][debug][gc,alloc,region] GC(2988) Mutator Allocation stats, regions: 180, wasted size: 0B ( 0.0%)
[434.633s][debug][gc,ergo        ] GC(2988) Running G1 Merge Heap Roots using 8 workers for 181 regions
[434.633s][debug][gc,remset      ] GC(2988) Visited cards 256 Total dirty 2048 (12.50%) Total old 759808 (0.03%)
[434.633s][debug][gc,ergo        ] GC(2988) Running G1 Clear Card Table Task using 1 workers for 1 units of work for 182 regions.
[434.633s][debug][gc,ref         ] GC(2988) Skipped phase1 of Reference Processing due to unavailable references
[434.633s][debug][gc,ref         ] GC(2988) Skipped phase2 of Reference Processing due to unavailable references
[434.633s][debug][gc,ref         ] GC(2988) Skipped phase3 of Reference Processing due to unavailable references
[434.633s][debug][gc,ref         ] GC(2988) Skipped phase4 of Reference Processing due to unavailable references
[434.633s][debug][gc,ergo        ] GC(2988) Running G1 Free Collection Set using 8 workers for collection set length 181 (302)
[434.633s][debug][gc,ergo        ] GC(2988) Running G1 Rebuild Free List Task using 8 workers for rebuilding free list of 0 (4096) regions
[434.633s][trace][gc,age         ] GC(2988) Age table with threshold 15 (max threshold 15)
[434.633s][trace][gc,age         ] GC(2988) - age   1:        456 bytes,        456 total
[434.633s][debug][gc,plab        ] GC(2988) Young PLAB allocation: allocated: 14448B, wasted: 0B, unused: 13992B, used: 456B, undo waste: 0B, 
[434.633s][debug][gc,plab        ] GC(2988) Young other allocation: region end waste: 0B, regions filled: 1, direct allocated: 0B, failure used: 0B, failure wasted: 0B
[434.633s][debug][gc,plab        ] GC(2988) Young sizing: calculated: 88B, actual: 2064B
[434.633s][debug][gc,plab        ] GC(2988) Old PLAB allocation: allocated: 0B, wasted: 0B, unused: 0B, used: 0B, undo waste: 0B, 
[434.633s][debug][gc,plab        ] GC(2988) Old other allocation: region end waste: 0B, regions filled: 1, direct allocated: 0B, failure used: 0B, failure wasted: 0B
[434.633s][debug][gc,plab        ] GC(2988) Old sizing: calculated: 0B, actual: 2064B
[434.633s][debug][gc,ihop        ] GC(2988) Basic information (value update), threshold: 142501478B (45.00), target occupancy: 316669952B, current occupancy: 4169192B, recent allocation size: 0B, recent allocation duration: 144.76ms, recent old gen allocation rate: 0.00B/s, recent marking phase length: 0.00ms
[434.633s][debug][gc,ihop        ] GC(2988) Adaptive IHOP information (value update), threshold: 142501478B (47.37), internal target occupancy: 300836454B, occupancy: 4169192B, additional buffer size: 189792256B, predicted old gen allocation rate: 0.00B/s, predicted marking phase length: 0.00ms, prediction active: false
[434.633s][debug][gc,ergo,refine ] GC(2988) Concurrent refinement times: Logged Cards Scan time goal: 20.00ms Logged Cards Scan time: 0.00ms HCC time: 0.00ms
[434.633s][debug][gc,ergo,refine ] GC(2988) Updated Refinement Zones: green: 2048, yellow: 6144, red: 10240
[434.633s][info ][gc,phases      ] GC(2988)   Pre Evacuate Collection Set: 0.1ms
[434.633s][debug][gc,phases      ] GC(2988)     Prepare TLABs: 0.0ms
[434.633s][debug][gc,phases      ] GC(2988)     Choose Collection Set: 0.0ms
[434.633s][debug][gc,phases      ] GC(2988)     Region Register: 0.1ms
[434.633s][debug][gc,phases      ] GC(2988)     Prepare Heap Roots: 0.0ms
[434.633s][info ][gc,phases      ] GC(2988)   Merge Heap Roots: 0.1ms
[434.633s][debug][gc,phases      ] GC(2988)     Prepare Merge Heap Roots: 0.0ms
[434.633s][debug][gc,phases      ] GC(2988)     Eager Reclaim (ms):       skipped
[434.633s][debug][gc,phases      ] GC(2988)     Remembered Sets (ms):     Min:  0.0, Avg:  0.0, Max:  0.0, Diff:  0.0, Sum:  0.1, Workers: 8
[434.633s][debug][gc,phases      ] GC(2988)       Merged Sparse:            Min: 0, Avg:  0.0, Max: 0, Diff: 0, Sum: 0, Workers: 8
[434.633s][debug][gc,phases      ] GC(2988)       Merged Fine:              Min: 0, Avg:  0.0, Max: 0, Diff: 0, Sum: 0, Workers: 8
[434.633s][debug][gc,phases      ] GC(2988)       Merged Coarse:            Min: 0, Avg:  0.0, Max: 0, Diff: 0, Sum: 0, Workers: 8
[434.633s][debug][gc,phases      ] GC(2988)       Dirty Cards:              Min: 0, Avg:  0.0, Max: 0, Diff: 0, Sum: 0, Workers: 8
[434.633s][debug][gc,phases      ] GC(2988)     Hot Card Cache (ms):      Min:  0.0, Avg:  0.0, Max:  0.0, Diff:  0.0, Sum:  0.0, Workers: 8
[434.633s][debug][gc,phases      ] GC(2988)       Dirty Cards:              Min: 0, Avg:  0.0, Max: 0, Diff: 0, Sum: 0, Workers: 8
[434.633s][debug][gc,phases      ] GC(2988)       Skipped Cards:            Min: 0, Avg:  0.0, Max: 0, Diff: 0, Sum: 0, Workers: 8
[434.633s][debug][gc,phases      ] GC(2988)     Log Buffers (ms):         Min:  0.0, Avg:  0.0, Max:  0.0, Diff:  0.0, Sum:  0.0, Workers: 8
[434.634s][debug][gc,phases      ] GC(2988)       Dirty Cards:              Min: 0, Avg:  0.1, Max: 1, Diff: 1, Sum: 1, Workers: 8
[434.634s][debug][gc,phases      ] GC(2988)       Skipped Cards:            Min: 0, Avg:  0.0, Max: 0, Diff: 0, Sum: 0, Workers: 8
[434.634s][info ][gc,phases      ] GC(2988)   Evacuate Collection Set: 0.1ms
[434.634s][debug][gc,phases      ] GC(2988)     Ext Root Scanning (ms):   Min:  0.0, Avg:  0.0, Max:  0.0, Diff:  0.0, Sum:  0.2, Workers: 8
[434.634s][debug][gc,phases      ] GC(2988)     Scan Heap Roots (ms):     Min:  0.0, Avg:  0.0, Max:  0.0, Diff:  0.0, Sum:  0.0, Workers: 8
[434.634s][debug][gc,phases      ] GC(2988)       Scanned Cards:            Min: 0, Avg:  0.1, Max: 1, Diff: 1, Sum: 1, Workers: 8
[434.634s][debug][gc,phases      ] GC(2988)       Scanned Blocks:           Min: 0, Avg:  0.1, Max: 1, Diff: 1, Sum: 1, Workers: 8
[434.634s][debug][gc,phases      ] GC(2988)       Claimed Chunks:           Min: 0, Avg:  0.1, Max: 1, Diff: 1, Sum: 1, Workers: 8
[434.634s][debug][gc,phases      ] GC(2988)     Code Root Scan (ms):      Min:  0.0, Avg:  0.0, Max:  0.0, Diff:  0.0, Sum:  0.0, Workers: 8
[434.634s][debug][gc,phases      ] GC(2988)     Object Copy (ms):         Min:  0.0, Avg:  0.0, Max:  0.0, Diff:  0.0, Sum:  0.0, Workers: 8
[434.634s][debug][gc,phases      ] GC(2988)     Termination (ms):         Min:  0.1, Avg:  0.1, Max:  0.1, Diff:  0.0, Sum:  0.5, Workers: 8
[434.634s][debug][gc,phases      ] GC(2988)       Termination Attempts:     Min: 1, Avg:  1.0, Max: 1, Diff: 0, Sum: 8, Workers: 8
[434.634s][debug][gc,phases      ] GC(2988)     GC Worker Other (ms):     Min:  0.0, Avg:  0.0, Max:  0.0, Diff:  0.0, Sum:  0.1, Workers: 8
[434.634s][debug][gc,phases      ] GC(2988)     GC Worker Total (ms):     Min:  0.1, Avg:  0.1, Max:  0.1, Diff:  0.0, Sum:  0.9, Workers: 8
[434.634s][info ][gc,phases      ] GC(2988)   Post Evacuate Collection Set: 0.3ms
[434.634s][debug][gc,phases      ] GC(2988)     Code Roots Fixup: 0.0ms
[434.634s][debug][gc,phases      ] GC(2988)     Clear Card Table: 0.1ms
[434.634s][debug][gc,phases      ] GC(2988)     Reference Processing: 0.0ms
[434.634s][debug][gc,phases,ref  ] GC(2988)       Reconsider SoftReferences: 0.0ms
[434.634s][debug][gc,phases,ref  ] GC(2988)         SoftRef (ms):             skipped
[434.634s][debug][gc,phases,ref  ] GC(2988)       Notify Soft/WeakReferences: 0.0ms
[434.634s][debug][gc,phases,ref  ] GC(2988)         SoftRef (ms):             skipped
[434.634s][debug][gc,phases,ref  ] GC(2988)         WeakRef (ms):             skipped
[434.634s][debug][gc,phases,ref  ] GC(2988)         FinalRef (ms):            skipped
[434.634s][debug][gc,phases,ref  ] GC(2988)         Total (ms):               skipped
[434.634s][debug][gc,phases,ref  ] GC(2988)       Notify and keep alive finalizable: 0.0ms
[434.634s][debug][gc,phases,ref  ] GC(2988)         FinalRef (ms):            skipped
[434.634s][debug][gc,phases,ref  ] GC(2988)       Notify PhantomReferences: 0.0ms
[434.634s][debug][gc,phases,ref  ] GC(2988)         PhantomRef (ms):          skipped
[434.634s][debug][gc,phases,ref  ] GC(2988)       SoftReference:
[434.634s][debug][gc,phases,ref  ] GC(2988)         Discovered: 0
[434.634s][debug][gc,phases,ref  ] GC(2988)         Cleared: 0
[434.634s][debug][gc,phases,ref  ] GC(2988)       WeakReference:
[434.634s][debug][gc,phases,ref  ] GC(2988)         Discovered: 0
[434.634s][debug][gc,phases,ref  ] GC(2988)         Cleared: 0
[434.634s][debug][gc,phases,ref  ] GC(2988)       FinalReference:
[434.634s][debug][gc,phases,ref  ] GC(2988)         Discovered: 0
[434.634s][debug][gc,phases,ref  ] GC(2988)         Cleared: 0
[434.634s][debug][gc,phases,ref  ] GC(2988)       PhantomReference:
[434.634s][debug][gc,phases,ref  ] GC(2988)         Discovered: 0
[434.634s][debug][gc,phases,ref  ] GC(2988)         Cleared: 0
[434.634s][debug][gc,phases      ] GC(2988)     Weak Processing: 0.0ms
[434.634s][debug][gc,phases      ] GC(2988)       JVMTI weak processing: 0.0ms
[434.634s][debug][gc,phases      ] GC(2988)         Dead: 0
[434.634s][debug][gc,phases      ] GC(2988)         Total: 0
[434.634s][debug][gc,phases      ] GC(2988)       JFR weak processing: 0.0ms
[434.634s][debug][gc,phases      ] GC(2988)         Dead: 0
[434.634s][debug][gc,phases      ] GC(2988)         Total: 0
[434.634s][debug][gc,phases      ] GC(2988)       JNI weak                  Min:  0.0, Avg:  0.0, Max:  0.0, Diff:  0.0, Sum:  0.0, Workers: 5
[434.634s][debug][gc,phases      ] GC(2988)         Dead                      Min: 0, Avg:  0.0, Max: 0, Diff: 0, Sum: 0, Workers: 5
[434.634s][debug][gc,phases      ] GC(2988)         Total                     Min: 0, Avg: 13.6, Max: 52, Diff: 52, Sum: 68, Workers: 5
[434.634s][debug][gc,phases      ] GC(2988)       VM weak                   Min:  0.0, Avg:  0.0, Max:  0.0, Diff:  0.0, Sum:  0.0, Workers: 5
[434.634s][debug][gc,phases      ] GC(2988)         Dead                      Min: 0, Avg:  0.0, Max: 0, Diff: 0, Sum: 0, Workers: 5
[434.634s][debug][gc,phases      ] GC(2988)         Total                     Min: 0, Avg: 42.6, Max: 64, Diff: 64, Sum: 213, Workers: 5
[434.634s][debug][gc,phases      ] GC(2988)       StringTable weak          Min:  0.0, Avg:  0.0, Max:  0.0, Diff:  0.0, Sum:  0.1, Workers: 5
[434.634s][debug][gc,phases      ] GC(2988)         Dead                      Min: 0, Avg:  0.0, Max: 0, Diff: 0, Sum: 0, Workers: 5
[434.634s][debug][gc,phases      ] GC(2988)         Total                     Min: 576, Avg: 682.0, Max: 723, Diff: 147, Sum: 3410, Workers: 5
[434.634s][debug][gc,phases      ] GC(2988)       ResolvedMethodTable weak  Min:  0.0, Avg:  0.0, Max:  0.0, Diff:  0.0, Sum:  0.0, Workers: 5
[434.634s][debug][gc,phases      ] GC(2988)         Dead                      Min: 0, Avg:  0.0, Max: 0, Diff: 0, Sum: 0, Workers: 5
[434.634s][debug][gc,phases      ] GC(2988)         Total                     Min: 64, Avg: 114.8, Max: 128, Diff: 64, Sum: 574, Workers: 5
[434.634s][debug][gc,phases      ] GC(2988)     Merge Per-Thread State: 0.0ms
[434.634s][debug][gc,phases      ] GC(2988)       Copied Bytes              Min: 0, Avg: 57.0, Max: 96, Diff: 96, Sum: 456, Workers: 8
[434.634s][debug][gc,phases      ] GC(2988)       LAB Waste                 Min: 0, Avg:  0.0, Max: 0, Diff: 0, Sum: 0, Workers: 8
[434.634s][debug][gc,phases      ] GC(2988)       LAB Undo Waste            Min: 0, Avg:  0.0, Max: 0, Diff: 0, Sum: 0, Workers: 8
[434.634s][debug][gc,phases      ] GC(2988)     Code Roots Purge: 0.0ms
[434.634s][debug][gc,phases      ] GC(2988)     Redirty Cards: 0.0ms
[434.634s][debug][gc,phases      ] GC(2988)     DerivedPointerTable Update: 0.0ms
[434.634s][debug][gc,phases      ] GC(2988)     Free Collection Set: 0.1ms
[434.634s][debug][gc,phases      ] GC(2988)     Rebuild Free List: 0.0ms
[434.634s][debug][gc,phases      ] GC(2988)     Humongous Reclaim: 0.0ms
[434.634s][debug][gc,phases      ] GC(2988)     Start New Collection Set: 0.0ms
[434.634s][debug][gc,phases      ] GC(2988)     Resize TLABs: 0.0ms
[434.634s][debug][gc,phases      ] GC(2988)     Expand Heap After Collection: 0.0ms
[434.634s][info ][gc,phases      ] GC(2988)   Other: 0.3ms
[434.634s][info ][gc,heap        ] GC(2988) Eden regions: 180->0(180)
[434.634s][info ][gc,heap        ] GC(2988) Survivor regions: 1->1(23)
[434.634s][info ][gc,heap        ] GC(2988) Old regions: 7->7
[434.634s][info ][gc,heap        ] GC(2988) Archive regions: 2->2
[434.634s][info ][gc,heap        ] GC(2988) Humongous regions: 0->0
[434.634s][info ][gc,metaspace   ] GC(2988) Metaspace: 9905K(10624K)->9905K(10624K) NonClass: 8758K(9216K)->8758K(9216K) Class: 1146K(1408K)->1146K(1408K)
[434.634s][debug][gc,heap        ] GC(2988) Heap after GC invocations=2989 (full 1): garbage-first heap   total 309248K, used 4071K [0x0000000700000000, 0x0000000800000000)
[434.634s][debug][gc,heap        ] GC(2988)   region size 1024K, 1 young (1024K), 1 survivors (1024K)
[434.634s][debug][gc,heap        ] GC(2988)  Metaspace       used 9905K, capacity 10179K, committed 10624K, reserved 1058816K
[434.634s][debug][gc,heap        ] GC(2988)   class space    used 1146K, capacity 1267K, committed 1408K, reserved 1048576K
[434.634s][info ][gc             ] GC(2988) Pause Young (Normal) (G1 Evacuation Pause) 183M->3M(302M) 1.454ms
[434.634s][info ][gc,cpu         ] GC(2988) User=0.01s Sys=0.00s Real=0.01s
[434.634s][info ][safepoint      ] Safepoint "G1CollectForAllocation", Time since last: 143658920 ns, Reaching safepoint: 145149 ns, At safepoint: 1584266 ns, Total: 1729415 ns
[434.781s][debug][gc,heap        ] GC(2989) Heap before GC invocations=2989 (full 1): garbage-first heap   total 309248K, used 188391K [0x0000000700000000, 0x0000000800000000)
[434.781s][debug][gc,heap        ] GC(2989)   region size 1024K, 181 young (185344K), 1 survivors (1024K)
[434.781s][debug][gc,heap        ] GC(2989)  Metaspace       used 9905K, capacity 10179K, committed 10624K, reserved 1058816K
[434.781s][debug][gc,heap        ] GC(2989)   class space    used 1146K, capacity 1267K, committed 1408K, reserved 1048576K
[434.781s][info ][gc,start       ] GC(2989) Pause Young (Normal) (G1 Evacuation Pause)
[434.781s][info ][gc,task        ] GC(2989) Using 8 workers of 8 for evacuation
[434.781s][debug][gc,tlab        ] GC(2989) TLAB totals: thrds: 8  refills: 722 max: 98 slow allocs: 0 max 0 waste:  0.8% gc: 1127624B max: 366472B slow: 416576B max: 56336B fast: 0B max: 0B
[434.781s][debug][gc,age         ] GC(2989) Desired survivor size 12058624 bytes, new threshold 15 (max threshold 15)
[434.781s][debug][gc,alloc,region] GC(2989) Mutator Allocation stats, regions: 180, wasted size: 0B ( 0.0%)
[434.781s][debug][gc,ergo        ] GC(2989) Running G1 Merge Heap Roots using 8 workers for 181 regions
[434.781s][debug][gc,remset      ] GC(2989) Visited cards 256 Total dirty 2048 (12.50%) Total old 759808 (0.03%)
[434.782s][debug][gc,ergo        ] GC(2989) Running G1 Clear Card Table Task using 1 workers for 1 units of work for 182 regions.
[434.782s][debug][gc,ref         ] GC(2989) Skipped phase1 of Reference Processing due to unavailable references
[434.782s][debug][gc,ref         ] GC(2989) Skipped phase2 of Reference Processing due to unavailable references
[434.782s][debug][gc,ref         ] GC(2989) Skipped phase3 of Reference Processing due to unavailable references
[434.782s][debug][gc,ref         ] GC(2989) Skipped phase4 of Reference Processing due to unavailable references
[434.782s][debug][gc,ergo        ] GC(2989) Running G1 Free Collection Set using 8 workers for collection set length 181 (302)
[434.782s][debug][gc,ergo        ] GC(2989) Running G1 Rebuild Free List Task using 8 workers for rebuilding free list of 0 (4096) regions
[434.782s][trace][gc,age         ] GC(2989) Age table with threshold 15 (max threshold 15)
[434.782s][trace][gc,age         ] GC(2989) - age   1:        488 bytes,        488 total
[434.782s][debug][gc,plab        ] GC(2989) Young PLAB allocation: allocated: 16512B, wasted: 0B, unused: 16024B, used: 488B, undo waste: 0B, 
[434.782s][debug][gc,plab        ] GC(2989) Young other allocation: region end waste: 0B, regions filled: 1, direct allocated: 0B, failure used: 0B, failure wasted: 0B
[434.782s][debug][gc,plab        ] GC(2989) Young sizing: calculated: 96B, actual: 2064B
[434.782s][debug][gc,plab        ] GC(2989) Old PLAB allocation: allocated: 0B, wasted: 0B, unused: 0B, used: 0B, undo waste: 0B, 
[434.782s][debug][gc,plab        ] GC(2989) Old other allocation: region end waste: 0B, regions filled: 1, direct allocated: 0B, failure used: 0B, failure wasted: 0B
[434.782s][debug][gc,plab        ] GC(2989) Old sizing: calculated: 0B, actual: 2064B
[434.782s][debug][gc,ihop        ] GC(2989) Basic information (value update), threshold: 142501478B (45.00), target occupancy: 316669952B, current occupancy: 4171256B, recent allocation size: 0B, recent allocation duration: 147.77ms, recent old gen allocation rate: 0.00B/s, recent marking phase length: 0.00ms
[434.782s][debug][gc,ihop        ] GC(2989) Adaptive IHOP information (value update), threshold: 142501478B (47.37), internal target occupancy: 300836454B, occupancy: 4171256B, additional buffer size: 189792256B, predicted old gen allocation rate: 0.00B/s, predicted marking phase length: 0.00ms, prediction active: false
[434.782s][debug][gc,ergo,refine ] GC(2989) Concurrent refinement times: Logged Cards Scan time goal: 20.00ms Logged Cards Scan time: 0.00ms HCC time: 0.00ms
[434.782s][debug][gc,ergo,refine ] GC(2989) Updated Refinement Zones: green: 2048, yellow: 6144, red: 10240
[434.782s][info ][gc,phases      ] GC(2989)   Pre Evacuate Collection Set: 0.1ms
[434.782s][debug][gc,phases      ] GC(2989)     Prepare TLABs: 0.0ms
[434.782s][debug][gc,phases      ] GC(2989)     Choose Collection Set: 0.0ms
[434.782s][debug][gc,phases      ] GC(2989)     Region Register: 0.1ms
[434.782s][debug][gc,phases      ] GC(2989)     Prepare Heap Roots: 0.0ms
[434.782s][info ][gc,phases      ] GC(2989)   Merge Heap Roots: 0.1ms
[434.782s][debug][gc,phases      ] GC(2989)     Prepare Merge Heap Roots: 0.0ms
[434.782s][debug][gc,phases      ] GC(2989)     Eager Reclaim (ms):       skipped
[434.782s][debug][gc,phases      ] GC(2989)     Remembered Sets (ms):     Min:  0.0, Avg:  0.0, Max:  0.0, Diff:  0.0, Sum:  0.0, Workers: 8
[434.782s][debug][gc,phases      ] GC(2989)       Merged Sparse:            Min: 0, Avg:  0.0, Max: 0, Diff: 0, Sum: 0, Workers: 8
[434.782s][debug][gc,phases      ] GC(2989)       Merged Fine:              Min: 0, Avg:  0.0, Max: 0, Diff: 0, Sum: 0, Workers: 8
[434.782s][debug][gc,phases      ] GC(2989)       Merged Coarse:            Min: 0, Avg:  0.0, Max: 0, Diff: 0, Sum: 0, Workers: 8
[434.782s][debug][gc,phases      ] GC(2989)       Dirty Cards:              Min: 0, Avg:  0.0, Max: 0, Diff: 0, Sum: 0, Workers: 8
[434.782s][debug][gc,phases      ] GC(2989)     Hot Card Cache (ms):      Min:  0.0, Avg:  0.0, Max:  0.0, Diff:  0.0, Sum:  0.0, Workers: 8
[434.782s][debug][gc,phases      ] GC(2989)       Dirty Cards:              Min: 0, Avg:  0.0, Max: 0, Diff: 0, Sum: 0, Workers: 8
[434.782s][debug][gc,phases      ] GC(2989)       Skipped Cards:            Min: 0, Avg:  0.0, Max: 0, Diff: 0, Sum: 0, Workers: 8
[434.782s][debug][gc,phases      ] GC(2989)     Log Buffers (ms):         Min:  0.0, Avg:  0.0, Max:  0.0, Diff:  0.0, Sum:  0.0, Workers: 8
[434.782s][debug][gc,phases      ] GC(2989)       Dirty Cards:              Min: 0, Avg:  0.1, Max: 1, Diff: 1, Sum: 1, Workers: 8
[434.782s][debug][gc,phases      ] GC(2989)       Skipped Cards:            Min: 0, Avg:  0.0, Max: 0, Diff: 0, Sum: 0, Workers: 8
[434.782s][info ][gc,phases      ] GC(2989)   Evacuate Collection Set: 0.2ms
[434.782s][debug][gc,phases      ] GC(2989)     Ext Root Scanning (ms):   Min:  0.0, Avg:  0.0, Max:  0.1, Diff:  0.0, Sum:  0.2, Workers: 8
[434.782s][debug][gc,phases      ] GC(2989)     Scan Heap Roots (ms):     Min:  0.0, Avg:  0.0, Max:  0.0, Diff:  0.0, Sum:  0.0, Workers: 8
[434.782s][debug][gc,phases      ] GC(2989)       Scanned Cards:            Min: 0, Avg:  0.1, Max: 1, Diff: 1, Sum: 1, Workers: 8
[434.782s][debug][gc,phases      ] GC(2989)       Scanned Blocks:           Min: 0, Avg:  0.1, Max: 1, Diff: 1, Sum: 1, Workers: 8
[434.782s][debug][gc,phases      ] GC(2989)       Claimed Chunks:           Min: 0, Avg:  0.1, Max: 1, Diff: 1, Sum: 1, Workers: 8
[434.782s][debug][gc,phases      ] GC(2989)     Code Root Scan (ms):      Min:  0.0, Avg:  0.0, Max:  0.0, Diff:  0.0, Sum:  0.0, Workers: 8
[434.782s][debug][gc,phases      ] GC(2989)     Object Copy (ms):         Min:  0.0, Avg:  0.0, Max:  0.0, Diff:  0.0, Sum:  0.0, Workers: 8
[434.782s][debug][gc,phases      ] GC(2989)     Termination (ms):         Min:  0.1, Avg:  0.1, Max:  0.1, Diff:  0.0, Sum:  0.5, Workers: 8
[434.782s][debug][gc,phases      ] GC(2989)       Termination Attempts:     Min: 1, Avg:  1.0, Max: 1, Diff: 0, Sum: 8, Workers: 8
[434.782s][debug][gc,phases      ] GC(2989)     GC Worker Other (ms):     Min:  0.0, Avg:  0.0, Max:  0.0, Diff:  0.0, Sum:  0.1, Workers: 8
[434.782s][debug][gc,phases      ] GC(2989)     GC Worker Total (ms):     Min:  0.1, Avg:  0.1, Max:  0.1, Diff:  0.1, Sum:  0.9, Workers: 8
[434.782s][info ][gc,phases      ] GC(2989)   Post Evacuate Collection Set: 0.3ms
[434.782s][debug][gc,phases      ] GC(2989)     Code Roots Fixup: 0.0ms
[434.782s][debug][gc,phases      ] GC(2989)     Clear Card Table: 0.1ms
[434.782s][debug][gc,phases      ] GC(2989)     Reference Processing: 0.0ms
[434.782s][debug][gc,phases,ref  ] GC(2989)       Reconsider SoftReferences: 0.0ms
[434.782s][debug][gc,phases,ref  ] GC(2989)         SoftRef (ms):             skipped
[434.782s][debug][gc,phases,ref  ] GC(2989)       Notify Soft/WeakReferences: 0.0ms
[434.782s][debug][gc,phases,ref  ] GC(2989)         SoftRef (ms):             skipped
[434.782s][debug][gc,phases,ref  ] GC(2989)         WeakRef (ms):             skipped
[434.782s][debug][gc,phases,ref  ] GC(2989)         FinalRef (ms):            skipped
[434.782s][debug][gc,phases,ref  ] GC(2989)         Total (ms):               skipped
[434.782s][debug][gc,phases,ref  ] GC(2989)       Notify and keep alive finalizable: 0.0ms
[434.782s][debug][gc,phases,ref  ] GC(2989)         FinalRef (ms):            skipped
[434.782s][debug][gc,phases,ref  ] GC(2989)       Notify PhantomReferences: 0.0ms
[434.782s][debug][gc,phases,ref  ] GC(2989)         PhantomRef (ms):          skipped
[434.782s][debug][gc,phases,ref  ] GC(2989)       SoftReference:
[434.782s][debug][gc,phases,ref  ] GC(2989)         Discovered: 0
[434.782s][debug][gc,phases,ref  ] GC(2989)         Cleared: 0
[434.782s][debug][gc,phases,ref  ] GC(2989)       WeakReference:
[434.782s][debug][gc,phases,ref  ] GC(2989)         Discovered: 0
[434.782s][debug][gc,phases,ref  ] GC(2989)         Cleared: 0
[434.782s][debug][gc,phases,ref  ] GC(2989)       FinalReference:
[434.782s][debug][gc,phases,ref  ] GC(2989)         Discovered: 0
[434.782s][debug][gc,phases,ref  ] GC(2989)         Cleared: 0
[434.782s][debug][gc,phases,ref  ] GC(2989)       PhantomReference:
[434.782s][debug][gc,phases,ref  ] GC(2989)         Discovered: 0
[434.782s][debug][gc,phases,ref  ] GC(2989)         Cleared: 0
[434.782s][debug][gc,phases      ] GC(2989)     Weak Processing: 0.0ms
[434.782s][debug][gc,phases      ] GC(2989)       JVMTI weak processing: 0.0ms
[434.782s][debug][gc,phases      ] GC(2989)         Dead: 0
[434.782s][debug][gc,phases      ] GC(2989)         Total: 0
[434.782s][debug][gc,phases      ] GC(2989)       JFR weak processing: 0.0ms
[434.782s][debug][gc,phases      ] GC(2989)         Dead: 0
[434.782s][debug][gc,phases      ] GC(2989)         Total: 0
[434.782s][debug][gc,phases      ] GC(2989)       JNI weak                  Min:  0.0, Avg:  0.0, Max:  0.0, Diff:  0.0, Sum:  0.0, Workers: 5
[434.782s][debug][gc,phases      ] GC(2989)         Dead                      Min: 0, Avg:  0.0, Max: 0, Diff: 0, Sum: 0, Workers: 5
[434.782s][debug][gc,phases      ] GC(2989)         Total                     Min: 0, Avg: 13.6, Max: 52, Diff: 52, Sum: 68, Workers: 5
[434.782s][debug][gc,phases      ] GC(2989)       VM weak                   Min:  0.0, Avg:  0.0, Max:  0.0, Diff:  0.0, Sum:  0.0, Workers: 5
[434.782s][debug][gc,phases      ] GC(2989)         Dead                      Min: 0, Avg:  0.0, Max: 0, Diff: 0, Sum: 0, Workers: 5
[434.782s][debug][gc,phases      ] GC(2989)         Total                     Min: 0, Avg: 42.6, Max: 128, Diff: 128, Sum: 213, Workers: 5
[434.782s][debug][gc,phases      ] GC(2989)       StringTable weak          Min:  0.0, Avg:  0.0, Max:  0.0, Diff:  0.0, Sum:  0.1, Workers: 5
[434.782s][debug][gc,phases      ] GC(2989)         Dead                      Min: 0, Avg:  0.0, Max: 0, Diff: 0, Sum: 0, Workers: 5
[434.782s][debug][gc,phases      ] GC(2989)         Total                     Min: 0, Avg: 682.0, Max: 895, Diff: 895, Sum: 3410, Workers: 5
[434.782s][debug][gc,phases      ] GC(2989)       ResolvedMethodTable weak  Min:  0.0, Avg:  0.0, Max:  0.0, Diff:  0.0, Sum:  0.0, Workers: 5
[434.782s][debug][gc,phases      ] GC(2989)         Dead                      Min: 0, Avg:  0.0, Max: 0, Diff: 0, Sum: 0, Workers: 5
[434.782s][debug][gc,phases      ] GC(2989)         Total                     Min: 0, Avg: 114.8, Max: 190, Diff: 190, Sum: 574, Workers: 5
[434.782s][debug][gc,phases      ] GC(2989)     Merge Per-Thread State: 0.0ms
[434.782s][debug][gc,phases      ] GC(2989)       Copied Bytes              Min: 0, Avg: 61.0, Max: 144, Diff: 144, Sum: 488, Workers: 8
[434.782s][debug][gc,phases      ] GC(2989)       LAB Waste                 Min: 0, Avg:  0.0, Max: 0, Diff: 0, Sum: 0, Workers: 8
[434.782s][debug][gc,phases      ] GC(2989)       LAB Undo Waste            Min: 0, Avg:  0.0, Max: 0, Diff: 0, Sum: 0, Workers: 8
[434.782s][debug][gc,phases      ] GC(2989)     Code Roots Purge: 0.0ms
[434.782s][debug][gc,phases      ] GC(2989)     Redirty Cards: 0.0ms
[434.782s][debug][gc,phases      ] GC(2989)     DerivedPointerTable Update: 0.0ms
[434.782s][debug][gc,phases      ] GC(2989)     Free Collection Set: 0.1ms
[434.782s][debug][gc,phases      ] GC(2989)     Rebuild Free List: 0.1ms
[434.782s][debug][gc,phases      ] GC(2989)     Humongous Reclaim: 0.0ms
[434.782s][debug][gc,phases      ] GC(2989)     Start New Collection Set: 0.0ms
[434.782s][debug][gc,phases      ] GC(2989)     Resize TLABs: 0.0ms
[434.783s][debug][gc,phases      ] GC(2989)     Expand Heap After Collection: 0.0ms
[434.783s][info ][gc,phases      ] GC(2989)   Other: 0.3ms
[434.783s][info ][gc,heap        ] GC(2989) Eden regions: 180->0(180)
[434.783s][info ][gc,heap        ] GC(2989) Survivor regions: 1->1(23)
[434.783s][info ][gc,heap        ] GC(2989) Old regions: 7->7
[434.783s][info ][gc,heap        ] GC(2989) Archive regions: 2->2
[434.783s][info ][gc,heap        ] GC(2989) Humongous regions: 0->0
[434.783s][info ][gc,metaspace   ] GC(2989) Metaspace: 9905K(10624K)->9905K(10624K) NonClass: 8758K(9216K)->8758K(9216K) Class: 1146K(1408K)->1146K(1408K)
[434.783s][debug][gc,heap        ] GC(2989) Heap after GC invocations=2990 (full 1): garbage-first heap   total 309248K, used 4073K [0x0000000700000000, 0x0000000800000000)
[434.783s][debug][gc,heap        ] GC(2989)   region size 1024K, 1 young (1024K), 1 survivors (1024K)
[434.783s][debug][gc,heap        ] GC(2989)  Metaspace       used 9905K, capacity 10179K, committed 10624K, reserved 1058816K
[434.783s][debug][gc,heap        ] GC(2989)   class space    used 1146K, capacity 1267K, committed 1408K, reserved 1048576K
[434.783s][info ][gc             ] GC(2989) Pause Young (Normal) (G1 Evacuation Pause) 183M->3M(302M) 1.504ms
[434.783s][info ][gc,cpu         ] GC(2989) User=0.00s Sys=0.00s Real=0.00s
[434.783s][info ][safepoint      ] Safepoint "G1CollectForAllocation", Time since last: 146827562 ns, Reaching safepoint: 98195 ns, At safepoint: 1631739 ns, Total: 1729934 ns
[434.933s][debug][gc,heap        ] GC(2990) Heap before GC invocations=2990 (full 1): garbage-first heap   total 309248K, used 188393K [0x0000000700000000, 0x0000000800000000)
[434.933s][debug][gc,heap        ] GC(2990)   region size 1024K, 181 young (185344K), 1 survivors (1024K)
[434.933s][debug][gc,heap        ] GC(2990)  Metaspace       used 9905K, capacity 10179K, committed 10624K, reserved 1058816K
[434.933s][debug][gc,heap        ] GC(2990)   class space    used 1146K, capacity 1267K, committed 1408K, reserved 1048576K
[434.933s][info ][gc,start       ] GC(2990) Pause Young (Normal) (G1 Evacuation Pause)
[434.933s][info ][gc,task        ] GC(2990) Using 8 workers of 8 for evacuation
[434.933s][debug][gc,tlab        ] GC(2990) TLAB totals: thrds: 8  refills: 724 max: 96 slow allocs: 0 max 0 waste:  0.9% gc: 1265128B max: 371024B slow: 418672B max: 55584B fast: 0B max: 0B
[434.933s][debug][gc,age         ] GC(2990) Desired survivor size 12058624 bytes, new threshold 15 (max threshold 15)
[434.933s][debug][gc,alloc,region] GC(2990) Mutator Allocation stats, regions: 180, wasted size: 0B ( 0.0%)
[434.933s][debug][gc,ergo        ] GC(2990) Running G1 Merge Heap Roots using 8 workers for 181 regions
[434.933s][debug][gc,remset      ] GC(2990) Visited cards 256 Total dirty 2048 (12.50%) Total old 759808 (0.03%)
[434.933s][debug][gc,ergo        ] GC(2990) Running G1 Clear Card Table Task using 1 workers for 1 units of work for 182 regions.
[434.933s][debug][gc,ref         ] GC(2990) Skipped phase1 of Reference Processing due to unavailable references
[434.933s][debug][gc,ref         ] GC(2990) Skipped phase2 of Reference Processing due to unavailable references
[434.933s][debug][gc,ref         ] GC(2990) Skipped phase3 of Reference Processing due to unavailable references
[434.933s][debug][gc,ref         ] GC(2990) Skipped phase4 of Reference Processing due to unavailable references
[434.933s][debug][gc,ergo        ] GC(2990) Running G1 Free Collection Set using 8 workers for collection set length 181 (302)
[434.933s][debug][gc,ergo        ] GC(2990) Running G1 Rebuild Free List Task using 8 workers for rebuilding free list of 0 (4096) regions
[434.933s][trace][gc,age         ] GC(2990) Age table with threshold 15 (max threshold 15)
[434.933s][trace][gc,age         ] GC(2990) - age   1:        488 bytes,        488 total
[434.933s][debug][gc,plab        ] GC(2990) Young PLAB allocation: allocated: 8256B, wasted: 0B, unused: 7768B, used: 488B, undo waste: 0B, 
[434.933s][debug][gc,plab        ] GC(2990) Young other allocation: region end waste: 0B, regions filled: 1, direct allocated: 0B, failure used: 0B, failure wasted: 0B
[434.933s][debug][gc,plab        ] GC(2990) Young sizing: calculated: 96B, actual: 2064B
[434.933s][debug][gc,plab        ] GC(2990) Old PLAB allocation: allocated: 0B, wasted: 0B, unused: 0B, used: 0B, undo waste: 0B, 
[434.933s][debug][gc,plab        ] GC(2990) Old other allocation: region end waste: 0B, regions filled: 1, direct allocated: 0B, failure used: 0B, failure wasted: 0B
[434.933s][debug][gc,plab        ] GC(2990) Old sizing: calculated: 0B, actual: 2064B
[434.934s][debug][gc,ihop        ] GC(2990) Basic information (value update), threshold: 142501478B (45.00), target occupancy: 316669952B, current occupancy: 4163000B, recent allocation size: 0B, recent allocation duration: 150.88ms, recent old gen allocation rate: 0.00B/s, recent marking phase length: 0.00ms
[434.934s][debug][gc,ihop        ] GC(2990) Adaptive IHOP information (value update), threshold: 142501478B (47.37), internal target occupancy: 300836454B, occupancy: 4163000B, additional buffer size: 189792256B, predicted old gen allocation rate: 0.00B/s, predicted marking phase length: 0.00ms, prediction active: false
[434.934s][debug][gc,ergo,refine ] GC(2990) Concurrent refinement times: Logged Cards Scan time goal: 20.00ms Logged Cards Scan time: 0.00ms HCC time: 0.00ms
[434.934s][debug][gc,ergo,refine ] GC(2990) Updated Refinement Zones: green: 2048, yellow: 6144, red: 10240
[434.934s][info ][gc,phases      ] GC(2990)   Pre Evacuate Collection Set: 0.1ms
[434.934s][debug][gc,phases      ] GC(2990)     Prepare TLABs: 0.0ms
[434.934s][debug][gc,phases      ] GC(2990)     Choose Collection Set: 0.0ms
[434.934s][debug][gc,phases      ] GC(2990)     Region Register: 0.1ms
[434.934s][debug][gc,phases      ] GC(2990)     Prepare Heap Roots: 0.0ms
[434.934s][info ][gc,phases      ] GC(2990)   Merge Heap Roots: 0.1ms
[434.934s][debug][gc,phases      ] GC(2990)     Prepare Merge Heap Roots: 0.0ms
[434.934s][debug][gc,phases      ] GC(2990)     Eager Reclaim (ms):       skipped
[434.934s][debug][gc,phases      ] GC(2990)     Remembered Sets (ms):     Min:  0.0, Avg:  0.0, Max:  0.0, Diff:  0.0, Sum:  0.0, Workers: 8
[434.934s][debug][gc,phases      ] GC(2990)       Merged Sparse:            Min: 0, Avg:  0.0, Max: 0, Diff: 0, Sum: 0, Workers: 8
[434.934s][debug][gc,phases      ] GC(2990)       Merged Fine:              Min: 0, Avg:  0.0, Max: 0, Diff: 0, Sum: 0, Workers: 8
[434.934s][debug][gc,phases      ] GC(2990)       Merged Coarse:            Min: 0, Avg:  0.0, Max: 0, Diff: 0, Sum: 0, Workers: 8
[434.934s][debug][gc,phases      ] GC(2990)       Dirty Cards:              Min: 0, Avg:  0.0, Max: 0, Diff: 0, Sum: 0, Workers: 8
[434.934s][debug][gc,phases      ] GC(2990)     Hot Card Cache (ms):      Min:  0.0, Avg:  0.0, Max:  0.0, Diff:  0.0, Sum:  0.0, Workers: 8
[434.934s][debug][gc,phases      ] GC(2990)       Dirty Cards:              Min: 0, Avg:  0.0, Max: 0, Diff: 0, Sum: 0, Workers: 8
[434.934s][debug][gc,phases      ] GC(2990)       Skipped Cards:            Min: 0, Avg:  0.0, Max: 0, Diff: 0, Sum: 0, Workers: 8
[434.934s][debug][gc,phases      ] GC(2990)     Log Buffers (ms):         Min:  0.0, Avg:  0.0, Max:  0.0, Diff:  0.0, Sum:  0.0, Workers: 8
[434.934s][debug][gc,phases      ] GC(2990)       Dirty Cards:              Min: 0, Avg:  0.1, Max: 1, Diff: 1, Sum: 1, Workers: 8
[434.934s][debug][gc,phases      ] GC(2990)       Skipped Cards:            Min: 0, Avg:  0.0, Max: 0, Diff: 0, Sum: 0, Workers: 8
[434.934s][info ][gc,phases      ] GC(2990)   Evacuate Collection Set: 0.2ms
[434.934s][debug][gc,phases      ] GC(2990)     Ext Root Scanning (ms):   Min:  0.0, Avg:  0.0, Max:  0.1, Diff:  0.1, Sum:  0.2, Workers: 8
[434.934s][debug][gc,phases      ] GC(2990)     Scan Heap Roots (ms):     Min:  0.0, Avg:  0.0, Max:  0.0, Diff:  0.0, Sum:  0.0, Workers: 8
[434.934s][debug][gc,phases      ] GC(2990)       Scanned Cards:            Min: 0, Avg:  0.1, Max: 1, Diff: 1, Sum: 1, Workers: 8
[434.934s][debug][gc,phases      ] GC(2990)       Scanned Blocks:           Min: 0, Avg:  0.1, Max: 1, Diff: 1, Sum: 1, Workers: 8
[434.934s][debug][gc,phases      ] GC(2990)       Claimed Chunks:           Min: 0, Avg:  0.1, Max: 1, Diff: 1, Sum: 1, Workers: 8
[434.934s][debug][gc,phases      ] GC(2990)     Code Root Scan (ms):      Min:  0.0, Avg:  0.0, Max:  0.0, Diff:  0.0, Sum:  0.0, Workers: 8
[434.934s][debug][gc,phases      ] GC(2990)     Object Copy (ms):         Min:  0.0, Avg:  0.0, Max:  0.0, Diff:  0.0, Sum:  0.0, Workers: 8
[434.934s][debug][gc,phases      ] GC(2990)     Termination (ms):         Min:  0.1, Avg:  0.1, Max:  0.1, Diff:  0.0, Sum:  0.5, Workers: 8
[434.934s][debug][gc,phases      ] GC(2990)       Termination Attempts:     Min: 1, Avg:  1.0, Max: 1, Diff: 0, Sum: 8, Workers: 8
[434.934s][debug][gc,phases      ] GC(2990)     GC Worker Other (ms):     Min:  0.0, Avg:  0.0, Max:  0.0, Diff:  0.0, Sum:  0.1, Workers: 8
[434.934s][debug][gc,phases      ] GC(2990)     GC Worker Total (ms):     Min:  0.1, Avg:  0.1, Max:  0.1, Diff:  0.1, Sum:  0.8, Workers: 8
[434.934s][info ][gc,phases      ] GC(2990)   Post Evacuate Collection Set: 0.3ms
[434.934s][debug][gc,phases      ] GC(2990)     Code Roots Fixup: 0.0ms
[434.934s][debug][gc,phases      ] GC(2990)     Clear Card Table: 0.1ms
[434.934s][debug][gc,phases      ] GC(2990)     Reference Processing: 0.0ms
[434.934s][debug][gc,phases,ref  ] GC(2990)       Reconsider SoftReferences: 0.0ms
[434.934s][debug][gc,phases,ref  ] GC(2990)         SoftRef (ms):             skipped
[434.934s][debug][gc,phases,ref  ] GC(2990)       Notify Soft/WeakReferences: 0.0ms
[434.934s][debug][gc,phases,ref  ] GC(2990)         SoftRef (ms):             skipped
[434.934s][debug][gc,phases,ref  ] GC(2990)         WeakRef (ms):             skipped
[434.934s][debug][gc,phases,ref  ] GC(2990)         FinalRef (ms):            skipped
[434.934s][debug][gc,phases,ref  ] GC(2990)         Total (ms):               skipped
[434.934s][debug][gc,phases,ref  ] GC(2990)       Notify and keep alive finalizable: 0.0ms
[434.934s][debug][gc,phases,ref  ] GC(2990)         FinalRef (ms):            skipped
[434.934s][debug][gc,phases,ref  ] GC(2990)       Notify PhantomReferences: 0.0ms
[434.934s][debug][gc,phases,ref  ] GC(2990)         PhantomRef (ms):          skipped
[434.934s][debug][gc,phases,ref  ] GC(2990)       SoftReference:
[434.934s][debug][gc,phases,ref  ] GC(2990)         Discovered: 0
[434.934s][debug][gc,phases,ref  ] GC(2990)         Cleared: 0
[434.934s][debug][gc,phases,ref  ] GC(2990)       WeakReference:
[434.934s][debug][gc,phases,ref  ] GC(2990)         Discovered: 0
[434.934s][debug][gc,phases,ref  ] GC(2990)         Cleared: 0
[434.934s][debug][gc,phases,ref  ] GC(2990)       FinalReference:
[434.934s][debug][gc,phases,ref  ] GC(2990)         Discovered: 0
[434.934s][debug][gc,phases,ref  ] GC(2990)         Cleared: 0
[434.934s][debug][gc,phases,ref  ] GC(2990)       PhantomReference:
[434.934s][debug][gc,phases,ref  ] GC(2990)         Discovered: 0
[434.934s][debug][gc,phases,ref  ] GC(2990)         Cleared: 0
[434.934s][debug][gc,phases      ] GC(2990)     Weak Processing: 0.0ms
[434.934s][debug][gc,phases      ] GC(2990)       JVMTI weak processing: 0.0ms
[434.934s][debug][gc,phases      ] GC(2990)         Dead: 0
[434.934s][debug][gc,phases      ] GC(2990)         Total: 0
[434.934s][debug][gc,phases      ] GC(2990)       JFR weak processing: 0.0ms
[434.934s][debug][gc,phases      ] GC(2990)         Dead: 0
[434.934s][debug][gc,phases      ] GC(2990)         Total: 0
[434.934s][debug][gc,phases      ] GC(2990)       JNI weak                  Min:  0.0, Avg:  0.0, Max:  0.0, Diff:  0.0, Sum:  0.0, Workers: 5
[434.934s][debug][gc,phases      ] GC(2990)         Dead                      Min: 0, Avg:  0.0, Max: 0, Diff: 0, Sum: 0, Workers: 5
[434.934s][debug][gc,phases      ] GC(2990)         Total                     Min: 0, Avg: 13.6, Max: 52, Diff: 52, Sum: 68, Workers: 5
[434.934s][debug][gc,phases      ] GC(2990)       VM weak                   Min:  0.0, Avg:  0.0, Max:  0.0, Diff:  0.0, Sum:  0.0, Workers: 5
[434.934s][debug][gc,phases      ] GC(2990)         Dead                      Min: 0, Avg:  0.0, Max: 0, Diff: 0, Sum: 0, Workers: 5
[434.934s][debug][gc,phases      ] GC(2990)         Total                     Min: 0, Avg: 42.6, Max: 64, Diff: 64, Sum: 213, Workers: 5
[434.934s][debug][gc,phases      ] GC(2990)       StringTable weak          Min:  0.0, Avg:  0.0, Max:  0.0, Diff:  0.0, Sum:  0.1, Workers: 5
[434.934s][debug][gc,phases      ] GC(2990)         Dead                      Min: 0, Avg:  0.0, Max: 0, Diff: 0, Sum: 0, Workers: 5
[434.934s][debug][gc,phases      ] GC(2990)         Total                     Min: 0, Avg: 682.0, Max: 895, Diff: 895, Sum: 3410, Workers: 5
[434.934s][debug][gc,phases      ] GC(2990)       ResolvedMethodTable weak  Min:  0.0, Avg:  0.0, Max:  0.0, Diff:  0.0, Sum:  0.0, Workers: 5
[434.934s][debug][gc,phases      ] GC(2990)         Dead                      Min: 0, Avg:  0.0, Max: 0, Diff: 0, Sum: 0, Workers: 5
[434.934s][debug][gc,phases      ] GC(2990)         Total                     Min: 0, Avg: 114.8, Max: 190, Diff: 190, Sum: 574, Workers: 5
[434.934s][debug][gc,phases      ] GC(2990)     Merge Per-Thread State: 0.0ms
[434.934s][debug][gc,phases      ] GC(2990)       Copied Bytes              Min: 0, Avg: 61.0, Max: 152, Diff: 152, Sum: 488, Workers: 8
[434.934s][debug][gc,phases      ] GC(2990)       LAB Waste                 Min: 0, Avg:  0.0, Max: 0, Diff: 0, Sum: 0, Workers: 8
[434.934s][debug][gc,phases      ] GC(2990)       LAB Undo Waste            Min: 0, Avg:  0.0, Max: 0, Diff: 0, Sum: 0, Workers: 8
[434.934s][debug][gc,phases      ] GC(2990)     Code Roots Purge: 0.0ms
[434.934s][debug][gc,phases      ] GC(2990)     Redirty Cards: 0.0ms
[434.934s][debug][gc,phases      ] GC(2990)     DerivedPointerTable Update: 0.0ms
[434.934s][debug][gc,phases      ] GC(2990)     Free Collection Set: 0.1ms
[434.934s][debug][gc,phases      ] GC(2990)     Rebuild Free List: 0.1ms
[434.934s][debug][gc,phases      ] GC(2990)     Humongous Reclaim: 0.0ms
[434.934s][debug][gc,phases      ] GC(2990)     Start New Collection Set: 0.0ms
[434.934s][debug][gc,phases      ] GC(2990)     Resize TLABs: 0.0ms
[434.934s][debug][gc,phases      ] GC(2990)     Expand Heap After Collection: 0.0ms
[434.934s][info ][gc,phases      ] GC(2990)   Other: 0.3ms
[434.934s][info ][gc,heap        ] GC(2990) Eden regions: 180->0(180)
[434.934s][info ][gc,heap        ] GC(2990) Survivor regions: 1->1(23)
[434.934s][info ][gc,heap        ] GC(2990) Old regions: 7->7
[434.934s][info ][gc,heap        ] GC(2990) Archive regions: 2->2
[434.934s][info ][gc,heap        ] GC(2990) Humongous regions: 0->0
[434.934s][info ][gc,metaspace   ] GC(2990) Metaspace: 9905K(10624K)->9905K(10624K) NonClass: 8758K(9216K)->8758K(9216K) Class: 1146K(1408K)->1146K(1408K)
[434.934s][debug][gc,heap        ] GC(2990) Heap after GC invocations=2991 (full 1): garbage-first heap   total 309248K, used 4065K [0x0000000700000000, 0x0000000800000000)
[434.934s][debug][gc,heap        ] GC(2990)   region size 1024K, 1 young (1024K), 1 survivors (1024K)
[434.934s][debug][gc,heap        ] GC(2990)  Metaspace       used 9905K, capacity 10179K, committed 10624K, reserved 1058816K
[434.934s][debug][gc,heap        ] GC(2990)   class space    used 1146K, capacity 1267K, committed 1408K, reserved 1048576K
[434.934s][info ][gc             ] GC(2990) Pause Young (Normal) (G1 Evacuation Pause) 183M->3M(302M) 1.438ms
[434.934s][info ][gc,cpu         ] GC(2990) User=0.00s Sys=0.00s Real=0.01s
[434.934s][info ][safepoint      ] Safepoint "G1CollectForAllocation", Time since last: 149933665 ns, Reaching safepoint: 101410 ns, At safepoint: 1598597 ns, Total: 1700007 ns
[435.084s][debug][gc,heap        ] GC(2991) Heap before GC invocations=2991 (full 1): garbage-first heap   total 309248K, used 188385K [0x0000000700000000, 0x0000000800000000)
[435.084s][debug][gc,heap        ] GC(2991)   region size 1024K, 181 young (185344K), 1 survivors (1024K)
[435.084s][debug][gc,heap        ] GC(2991)  Metaspace       used 9905K, capacity 10179K, committed 10624K, reserved 1058816K
[435.084s][debug][gc,heap        ] GC(2991)   class space    used 1146K, capacity 1267K, committed 1408K, reserved 1048576K
[435.084s][info ][gc,start       ] GC(2991) Pause Young (Normal) (G1 Evacuation Pause)
[435.084s][info ][gc,task        ] GC(2991) Using 8 workers of 8 for evacuation
[435.084s][debug][gc,tlab        ] GC(2991) TLAB totals: thrds: 8  refills: 723 max: 95 slow allocs: 0 max 0 waste:  1.0% gc: 1445816B max: 418256B slow: 417592B max: 55096B fast: 0B max: 0B
[435.084s][debug][gc,age         ] GC(2991) Desired survivor size 12058624 bytes, new threshold 15 (max threshold 15)
[435.084s][debug][gc,alloc,region] GC(2991) Mutator Allocation stats, regions: 180, wasted size: 0B ( 0.0%)
[435.084s][debug][gc,ergo        ] GC(2991) Running G1 Merge Heap Roots using 8 workers for 181 regions
[435.085s][debug][gc,remset      ] GC(2991) Visited cards 256 Total dirty 2048 (12.50%) Total old 759808 (0.03%)
[435.085s][debug][gc,ergo        ] GC(2991) Running G1 Clear Card Table Task using 1 workers for 1 units of work for 182 regions.
[435.085s][debug][gc,ref         ] GC(2991) Skipped phase1 of Reference Processing due to unavailable references
[435.085s][debug][gc,ref         ] GC(2991) Skipped phase2 of Reference Processing due to unavailable references
[435.085s][debug][gc,ref         ] GC(2991) Skipped phase3 of Reference Processing due to unavailable references
[435.085s][debug][gc,ref         ] GC(2991) Skipped phase4 of Reference Processing due to unavailable references
[435.085s][debug][gc,ergo        ] GC(2991) Running G1 Free Collection Set using 8 workers for collection set length 181 (302)
[435.085s][debug][gc,ergo        ] GC(2991) Running G1 Rebuild Free List Task using 8 workers for rebuilding free list of 0 (4096) regions
[435.085s][trace][gc,age         ] GC(2991) Age table with threshold 15 (max threshold 15)
[435.085s][trace][gc,age         ] GC(2991) - age   1:        512 bytes,        512 total
[435.085s][debug][gc,plab        ] GC(2991) Young PLAB allocation: allocated: 12384B, wasted: 0B, unused: 11872B, used: 512B, undo waste: 0B, 
[435.085s][debug][gc,plab        ] GC(2991) Young other allocation: region end waste: 0B, regions filled: 1, direct allocated: 0B, failure used: 0B, failure wasted: 0B
[435.085s][debug][gc,plab        ] GC(2991) Young sizing: calculated: 96B, actual: 2064B
[435.085s][debug][gc,plab        ] GC(2991) Old PLAB allocation: allocated: 0B, wasted: 0B, unused: 0B, used: 0B, undo waste: 0B, 
[435.085s][debug][gc,plab        ] GC(2991) Old other allocation: region end waste: 0B, regions filled: 1, direct allocated: 0B, failure used: 0B, failure wasted: 0B
[435.085s][debug][gc,plab        ] GC(2991) Old sizing: calculated: 0B, actual: 2064B
[435.085s][debug][gc,ihop        ] GC(2991) Basic information (value update), threshold: 142501478B (45.00), target occupancy: 316669952B, current occupancy: 4167128B, recent allocation size: 0B, recent allocation duration: 150.85ms, recent old gen allocation rate: 0.00B/s, recent marking phase length: 0.00ms
[435.085s][debug][gc,ihop        ] GC(2991) Adaptive IHOP information (value update), threshold: 142501478B (47.37), internal target occupancy: 300836454B, occupancy: 4167128B, additional buffer size: 189792256B, predicted old gen allocation rate: 0.00B/s, predicted marking phase length: 0.00ms, prediction active: false
[435.085s][debug][gc,ergo,refine ] GC(2991) Concurrent refinement times: Logged Cards Scan time goal: 20.00ms Logged Cards Scan time: 0.00ms HCC time: 0.00ms
[435.085s][debug][gc,ergo,refine ] GC(2991) Updated Refinement Zones: green: 2048, yellow: 6144, red: 10240
[435.085s][info ][gc,phases      ] GC(2991)   Pre Evacuate Collection Set: 0.1ms
[435.085s][debug][gc,phases      ] GC(2991)     Prepare TLABs: 0.0ms
[435.085s][debug][gc,phases      ] GC(2991)     Choose Collection Set: 0.0ms
[435.085s][debug][gc,phases      ] GC(2991)     Region Register: 0.1ms
[435.085s][debug][gc,phases      ] GC(2991)     Prepare Heap Roots: 0.0ms
[435.085s][info ][gc,phases      ] GC(2991)   Merge Heap Roots: 0.1ms
[435.085s][debug][gc,phases      ] GC(2991)     Prepare Merge Heap Roots: 0.0ms
[435.085s][debug][gc,phases      ] GC(2991)     Eager Reclaim (ms):       skipped
[435.085s][debug][gc,phases      ] GC(2991)     Remembered Sets (ms):     Min:  0.0, Avg:  0.0, Max:  0.0, Diff:  0.0, Sum:  0.1, Workers: 8
[435.085s][debug][gc,phases      ] GC(2991)       Merged Sparse:            Min: 0, Avg:  0.0, Max: 0, Diff: 0, Sum: 0, Workers: 8
[435.085s][debug][gc,phases      ] GC(2991)       Merged Fine:              Min: 0, Avg:  0.0, Max: 0, Diff: 0, Sum: 0, Workers: 8
[435.085s][debug][gc,phases      ] GC(2991)       Merged Coarse:            Min: 0, Avg:  0.0, Max: 0, Diff: 0, Sum: 0, Workers: 8
[435.085s][debug][gc,phases      ] GC(2991)       Dirty Cards:              Min: 0, Avg:  0.0, Max: 0, Diff: 0, Sum: 0, Workers: 8
[435.085s][debug][gc,phases      ] GC(2991)     Hot Card Cache (ms):      Min:  0.0, Avg:  0.0, Max:  0.0, Diff:  0.0, Sum:  0.0, Workers: 8
[435.085s][debug][gc,phases      ] GC(2991)       Dirty Cards:              Min: 0, Avg:  0.0, Max: 0, Diff: 0, Sum: 0, Workers: 8
[435.085s][debug][gc,phases      ] GC(2991)       Skipped Cards:            Min: 0, Avg:  0.0, Max: 0, Diff: 0, Sum: 0, Workers: 8
[435.085s][debug][gc,phases      ] GC(2991)     Log Buffers (ms):         Min:  0.0, Avg:  0.0, Max:  0.0, Diff:  0.0, Sum:  0.0, Workers: 8
[435.085s][debug][gc,phases      ] GC(2991)       Dirty Cards:              Min: 0, Avg:  0.1, Max: 1, Diff: 1, Sum: 1, Workers: 8
[435.085s][debug][gc,phases      ] GC(2991)       Skipped Cards:            Min: 0, Avg:  0.0, Max: 0, Diff: 0, Sum: 0, Workers: 8
[435.085s][info ][gc,phases      ] GC(2991)   Evacuate Collection Set: 0.1ms
[435.085s][debug][gc,phases      ] GC(2991)     Ext Root Scanning (ms):   Min:  0.0, Avg:  0.0, Max:  0.1, Diff:  0.1, Sum:  0.2, Workers: 8
[435.085s][debug][gc,phases      ] GC(2991)     Scan Heap Roots (ms):     Min:  0.0, Avg:  0.0, Max:  0.0, Diff:  0.0, Sum:  0.0, Workers: 8
[435.085s][debug][gc,phases      ] GC(2991)       Scanned Cards:            Min: 0, Avg:  0.1, Max: 1, Diff: 1, Sum: 1, Workers: 8
[435.085s][debug][gc,phases      ] GC(2991)       Scanned Blocks:           Min: 0, Avg:  0.1, Max: 1, Diff: 1, Sum: 1, Workers: 8
[435.085s][debug][gc,phases      ] GC(2991)       Claimed Chunks:           Min: 0, Avg:  0.1, Max: 1, Diff: 1, Sum: 1, Workers: 8
[435.085s][debug][gc,phases      ] GC(2991)     Code Root Scan (ms):      Min:  0.0, Avg:  0.0, Max:  0.0, Diff:  0.0, Sum:  0.0, Workers: 8
[435.085s][debug][gc,phases      ] GC(2991)     Object Copy (ms):         Min:  0.0, Avg:  0.0, Max:  0.0, Diff:  0.0, Sum:  0.0, Workers: 8
[435.085s][debug][gc,phases      ] GC(2991)     Termination (ms):         Min:  0.0, Avg:  0.1, Max:  0.1, Diff:  0.0, Sum:  0.4, Workers: 8
[435.085s][debug][gc,phases      ] GC(2991)       Termination Attempts:     Min: 1, Avg:  1.0, Max: 1, Diff: 0, Sum: 8, Workers: 8
[435.085s][debug][gc,phases      ] GC(2991)     GC Worker Other (ms):     Min:  0.0, Avg:  0.0, Max:  0.0, Diff:  0.0, Sum:  0.1, Workers: 8
[435.085s][debug][gc,phases      ] GC(2991)     GC Worker Total (ms):     Min:  0.1, Avg:  0.1, Max:  0.1, Diff:  0.0, Sum:  0.8, Workers: 8
[435.085s][info ][gc,phases      ] GC(2991)   Post Evacuate Collection Set: 0.3ms
[435.085s][debug][gc,phases      ] GC(2991)     Code Roots Fixup: 0.0ms
[435.085s][debug][gc,phases      ] GC(2991)     Clear Card Table: 0.1ms
[435.085s][debug][gc,phases      ] GC(2991)     Reference Processing: 0.0ms
[435.085s][debug][gc,phases,ref  ] GC(2991)       Reconsider SoftReferences: 0.0ms
[435.085s][debug][gc,phases,ref  ] GC(2991)         SoftRef (ms):             skipped
[435.085s][debug][gc,phases,ref  ] GC(2991)       Notify Soft/WeakReferences: 0.0ms
[435.085s][debug][gc,phases,ref  ] GC(2991)         SoftRef (ms):             skipped
[435.085s][debug][gc,phases,ref  ] GC(2991)         WeakRef (ms):             skipped
[435.085s][debug][gc,phases,ref  ] GC(2991)         FinalRef (ms):            skipped
[435.085s][debug][gc,phases,ref  ] GC(2991)         Total (ms):               skipped
[435.085s][debug][gc,phases,ref  ] GC(2991)       Notify and keep alive finalizable: 0.0ms
[435.085s][debug][gc,phases,ref  ] GC(2991)         FinalRef (ms):            skipped
[435.085s][debug][gc,phases,ref  ] GC(2991)       Notify PhantomReferences: 0.0ms
[435.085s][debug][gc,phases,ref  ] GC(2991)         PhantomRef (ms):          skipped
[435.085s][debug][gc,phases,ref  ] GC(2991)       SoftReference:
[435.085s][debug][gc,phases,ref  ] GC(2991)         Discovered: 0
[435.085s][debug][gc,phases,ref  ] GC(2991)         Cleared: 0
[435.085s][debug][gc,phases,ref  ] GC(2991)       WeakReference:
[435.085s][debug][gc,phases,ref  ] GC(2991)         Discovered: 0
[435.085s][debug][gc,phases,ref  ] GC(2991)         Cleared: 0
[435.085s][debug][gc,phases,ref  ] GC(2991)       FinalReference:
[435.085s][debug][gc,phases,ref  ] GC(2991)         Discovered: 0
[435.085s][debug][gc,phases,ref  ] GC(2991)         Cleared: 0
[435.085s][debug][gc,phases,ref  ] GC(2991)       PhantomReference:
[435.085s][debug][gc,phases,ref  ] GC(2991)         Discovered: 0
[435.086s][debug][gc,phases,ref  ] GC(2991)         Cleared: 0
[435.086s][debug][gc,phases      ] GC(2991)     Weak Processing: 0.1ms
[435.086s][debug][gc,phases      ] GC(2991)       JVMTI weak processing: 0.0ms
[435.086s][debug][gc,phases      ] GC(2991)         Dead: 0
[435.086s][debug][gc,phases      ] GC(2991)         Total: 0
[435.086s][debug][gc,phases      ] GC(2991)       JFR weak processing: 0.0ms
[435.086s][debug][gc,phases      ] GC(2991)         Dead: 0
[435.086s][debug][gc,phases      ] GC(2991)         Total: 0
[435.086s][debug][gc,phases      ] GC(2991)       JNI weak                  Min:  0.0, Avg:  0.0, Max:  0.0, Diff:  0.0, Sum:  0.0, Workers: 5
[435.086s][debug][gc,phases      ] GC(2991)         Dead                      Min: 0, Avg:  0.0, Max: 0, Diff: 0, Sum: 0, Workers: 5
[435.086s][debug][gc,phases      ] GC(2991)         Total                     Min: 0, Avg: 13.6, Max: 52, Diff: 52, Sum: 68, Workers: 5
[435.086s][debug][gc,phases      ] GC(2991)       VM weak                   Min:  0.0, Avg:  0.0, Max:  0.0, Diff:  0.0, Sum:  0.0, Workers: 5
[435.086s][debug][gc,phases      ] GC(2991)         Dead                      Min: 0, Avg:  0.0, Max: 0, Diff: 0, Sum: 0, Workers: 5
[435.086s][debug][gc,phases      ] GC(2991)         Total                     Min: 0, Avg: 42.6, Max: 128, Diff: 128, Sum: 213, Workers: 5
[435.086s][debug][gc,phases      ] GC(2991)       StringTable weak          Min:  0.0, Avg:  0.0, Max:  0.0, Diff:  0.0, Sum:  0.1, Workers: 5
[435.086s][debug][gc,phases      ] GC(2991)         Dead                      Min: 0, Avg:  0.0, Max: 0, Diff: 0, Sum: 0, Workers: 5
[435.086s][debug][gc,phases      ] GC(2991)         Total                     Min: 0, Avg: 682.0, Max: 1727, Diff: 1727, Sum: 3410, Workers: 5
[435.086s][debug][gc,phases      ] GC(2991)       ResolvedMethodTable weak  Min:  0.0, Avg:  0.0, Max:  0.0, Diff:  0.0, Sum:  0.0, Workers: 5
[435.086s][debug][gc,phases      ] GC(2991)         Dead                      Min: 0, Avg:  0.0, Max: 0, Diff: 0, Sum: 0, Workers: 5
[435.086s][debug][gc,phases      ] GC(2991)         Total                     Min: 0, Avg: 114.8, Max: 318, Diff: 318, Sum: 574, Workers: 5
[435.086s][debug][gc,phases      ] GC(2991)     Merge Per-Thread State: 0.0ms
[435.086s][debug][gc,phases      ] GC(2991)       Copied Bytes              Min: 0, Avg: 64.0, Max: 144, Diff: 144, Sum: 512, Workers: 8
[435.086s][debug][gc,phases      ] GC(2991)       LAB Waste                 Min: 0, Avg:  0.0, Max: 0, Diff: 0, Sum: 0, Workers: 8
[435.086s][debug][gc,phases      ] GC(2991)       LAB Undo Waste            Min: 0, Avg:  0.0, Max: 0, Diff: 0, Sum: 0, Workers: 8
[435.086s][debug][gc,phases      ] GC(2991)     Code Roots Purge: 0.0ms
[435.086s][debug][gc,phases      ] GC(2991)     Redirty Cards: 0.0ms
[435.086s][debug][gc,phases      ] GC(2991)     DerivedPointerTable Update: 0.0ms
[435.086s][debug][gc,phases      ] GC(2991)     Free Collection Set: 0.1ms
[435.086s][debug][gc,phases      ] GC(2991)     Rebuild Free List: 0.0ms
[435.086s][debug][gc,phases      ] GC(2991)     Humongous Reclaim: 0.0ms
[435.086s][debug][gc,phases      ] GC(2991)     Start New Collection Set: 0.0ms
[435.086s][debug][gc,phases      ] GC(2991)     Resize TLABs: 0.0ms
[435.086s][debug][gc,phases      ] GC(2991)     Expand Heap After Collection: 0.0ms
[435.086s][info ][gc,phases      ] GC(2991)   Other: 0.3ms
[435.086s][info ][gc,heap        ] GC(2991) Eden regions: 180->0(180)
[435.086s][info ][gc,heap        ] GC(2991) Survivor regions: 1->1(23)
[435.086s][info ][gc,heap        ] GC(2991) Old regions: 7->7
[435.086s][info ][gc,heap        ] GC(2991) Archive regions: 2->2
[435.086s][info ][gc,heap        ] GC(2991) Humongous regions: 0->0
[435.086s][info ][gc,metaspace   ] GC(2991) Metaspace: 9905K(10624K)->9905K(10624K) NonClass: 8758K(9216K)->8758K(9216K) Class: 1146K(1408K)->1146K(1408K)
[435.086s][debug][gc,heap        ] GC(2991) Heap after GC invocations=2992 (full 1): garbage-first heap   total 309248K, used 4069K [0x0000000700000000, 0x0000000800000000)
[435.086s][debug][gc,heap        ] GC(2991)   region size 1024K, 1 young (1024K), 1 survivors (1024K)
[435.086s][debug][gc,heap        ] GC(2991)  Metaspace       used 9905K, capacity 10179K, committed 10624K, reserved 1058816K
[435.086s][debug][gc,heap        ] GC(2991)   class space    used 1146K, capacity 1267K, committed 1408K, reserved 1048576K
[435.086s][info ][gc             ] GC(2991) Pause Young (Normal) (G1 Evacuation Pause) 183M->3M(302M) 1.459ms
[435.086s][info ][gc,cpu         ] GC(2991) User=0.01s Sys=0.00s Real=0.00s
[435.086s][info ][safepoint      ] Safepoint "G1CollectForAllocation", Time since last: 149867979 ns, Reaching safepoint: 104085 ns, At safepoint: 1624363 ns, Total: 1728448 ns
[435.236s][debug][gc,heap        ] GC(2992) Heap before GC invocations=2992 (full 1): garbage-first heap   total 309248K, used 188389K [0x0000000700000000, 0x0000000800000000)
[435.236s][debug][gc,heap        ] GC(2992)   region size 1024K, 181 young (185344K), 1 survivors (1024K)
[435.236s][debug][gc,heap        ] GC(2992)  Metaspace       used 9905K, capacity 10179K, committed 10624K, reserved 1058816K
[435.236s][debug][gc,heap        ] GC(2992)   class space    used 1146K, capacity 1267K, committed 1408K, reserved 1048576K
[435.236s][info ][gc,start       ] GC(2992) Pause Young (Normal) (G1 Evacuation Pause)
[435.236s][info ][gc,task        ] GC(2992) Using 8 workers of 8 for evacuation
[435.236s][debug][gc,tlab        ] GC(2992) TLAB totals: thrds: 8  refills: 723 max: 99 slow allocs: 0 max 0 waste:  1.0% gc: 1511632B max: 374480B slow: 418704B max: 56968B fast: 0B max: 0B
[435.236s][debug][gc,age         ] GC(2992) Desired survivor size 12058624 bytes, new threshold 15 (max threshold 15)
[435.236s][debug][gc,alloc,region] GC(2992) Mutator Allocation stats, regions: 180, wasted size: 0B ( 0.0%)
[435.236s][debug][gc,ergo        ] GC(2992) Running G1 Merge Heap Roots using 8 workers for 181 regions
[435.236s][debug][gc,remset      ] GC(2992) Visited cards 256 Total dirty 2048 (12.50%) Total old 759808 (0.03%)
[435.236s][debug][gc,ergo        ] GC(2992) Running G1 Clear Card Table Task using 1 workers for 1 units of work for 182 regions.
[435.236s][debug][gc,ref         ] GC(2992) Skipped phase1 of Reference Processing due to unavailable references
[435.236s][debug][gc,ref         ] GC(2992) Skipped phase2 of Reference Processing due to unavailable references
[435.236s][debug][gc,ref         ] GC(2992) Skipped phase3 of Reference Processing due to unavailable references
[435.236s][debug][gc,ref         ] GC(2992) Skipped phase4 of Reference Processing due to unavailable references
[435.237s][debug][gc,ergo        ] GC(2992) Running G1 Free Collection Set using 8 workers for collection set length 181 (302)
[435.237s][debug][gc,ergo        ] GC(2992) Running G1 Rebuild Free List Task using 8 workers for rebuilding free list of 0 (4096) regions
[435.237s][trace][gc,age         ] GC(2992) Age table with threshold 15 (max threshold 15)
[435.237s][trace][gc,age         ] GC(2992) - age   1:        592 bytes,        592 total
[435.237s][debug][gc,plab        ] GC(2992) Young PLAB allocation: allocated: 16512B, wasted: 0B, unused: 15920B, used: 592B, undo waste: 0B, 
[435.237s][debug][gc,plab        ] GC(2992) Young other allocation: region end waste: 0B, regions filled: 1, direct allocated: 0B, failure used: 0B, failure wasted: 0B
[435.237s][debug][gc,plab        ] GC(2992) Young sizing: calculated: 112B, actual: 2064B
[435.237s][debug][gc,plab        ] GC(2992) Old PLAB allocation: allocated: 0B, wasted: 0B, unused: 0B, used: 0B, undo waste: 0B, 
[435.237s][debug][gc,plab        ] GC(2992) Old other allocation: region end waste: 0B, regions filled: 1, direct allocated: 0B, failure used: 0B, failure wasted: 0B
[435.237s][debug][gc,plab        ] GC(2992) Old sizing: calculated: 0B, actual: 2064B
[435.237s][debug][gc,ihop        ] GC(2992) Basic information (value update), threshold: 142501478B (45.00), target occupancy: 316669952B, current occupancy: 4171256B, recent allocation size: 0B, recent allocation duration: 150.84ms, recent old gen allocation rate: 0.00B/s, recent marking phase length: 0.00ms
[435.237s][debug][gc,ihop        ] GC(2992) Adaptive IHOP information (value update), threshold: 142501478B (47.37), internal target occupancy: 300836454B, occupancy: 4171256B, additional buffer size: 189792256B, predicted old gen allocation rate: 0.00B/s, predicted marking phase length: 0.00ms, prediction active: false
[435.237s][debug][gc,ergo,refine ] GC(2992) Concurrent refinement times: Logged Cards Scan time goal: 20.00ms Logged Cards Scan time: 0.00ms HCC time: 0.00ms
[435.237s][debug][gc,ergo,refine ] GC(2992) Updated Refinement Zones: green: 2048, yellow: 6144, red: 10240
[435.237s][info ][gc,phases      ] GC(2992)   Pre Evacuate Collection Set: 0.1ms
[435.237s][debug][gc,phases      ] GC(2992)     Prepare TLABs: 0.0ms
[435.237s][debug][gc,phases      ] GC(2992)     Choose Collection Set: 0.0ms
[435.237s][debug][gc,phases      ] GC(2992)     Region Register: 0.1ms
[435.237s][debug][gc,phases      ] GC(2992)     Prepare Heap Roots: 0.0ms
[435.237s][info ][gc,phases      ] GC(2992)   Merge Heap Roots: 0.1ms
[435.237s][debug][gc,phases      ] GC(2992)     Prepare Merge Heap Roots: 0.0ms
[435.237s][debug][gc,phases      ] GC(2992)     Eager Reclaim (ms):       skipped
[435.237s][debug][gc,phases      ] GC(2992)     Remembered Sets (ms):     Min:  0.0, Avg:  0.0, Max:  0.0, Diff:  0.0, Sum:  0.1, Workers: 8
[435.237s][debug][gc,phases      ] GC(2992)       Merged Sparse:            Min: 0, Avg:  0.0, Max: 0, Diff: 0, Sum: 0, Workers: 8
[435.237s][debug][gc,phases      ] GC(2992)       Merged Fine:              Min: 0, Avg:  0.0, Max: 0, Diff: 0, Sum: 0, Workers: 8
[435.237s][debug][gc,phases      ] GC(2992)       Merged Coarse:            Min: 0, Avg:  0.0, Max: 0, Diff: 0, Sum: 0, Workers: 8
[435.237s][debug][gc,phases      ] GC(2992)       Dirty Cards:              Min: 0, Avg:  0.0, Max: 0, Diff: 0, Sum: 0, Workers: 8
[435.237s][debug][gc,phases      ] GC(2992)     Hot Card Cache (ms):      Min:  0.0, Avg:  0.0, Max:  0.0, Diff:  0.0, Sum:  0.0, Workers: 8
[435.237s][debug][gc,phases      ] GC(2992)       Dirty Cards:              Min: 0, Avg:  0.0, Max: 0, Diff: 0, Sum: 0, Workers: 8
[435.237s][debug][gc,phases      ] GC(2992)       Skipped Cards:            Min: 0, Avg:  0.0, Max: 0, Diff: 0, Sum: 0, Workers: 8
[435.237s][debug][gc,phases      ] GC(2992)     Log Buffers (ms):         Min:  0.0, Avg:  0.0, Max:  0.0, Diff:  0.0, Sum:  0.0, Workers: 8
[435.237s][debug][gc,phases      ] GC(2992)       Dirty Cards:              Min: 0, Avg:  0.1, Max: 1, Diff: 1, Sum: 1, Workers: 8
[435.237s][debug][gc,phases      ] GC(2992)       Skipped Cards:            Min: 0, Avg:  0.0, Max: 0, Diff: 0, Sum: 0, Workers: 8
[435.237s][info ][gc,phases      ] GC(2992)   Evacuate Collection Set: 0.2ms
[435.237s][debug][gc,phases      ] GC(2992)     Ext Root Scanning (ms):   Min:  0.0, Avg:  0.0, Max:  0.1, Diff:  0.1, Sum:  0.2, Workers: 8
[435.237s][debug][gc,phases      ] GC(2992)     Scan Heap Roots (ms):     Min:  0.0, Avg:  0.0, Max:  0.0, Diff:  0.0, Sum:  0.0, Workers: 8
[435.237s][debug][gc,phases      ] GC(2992)       Scanned Cards:            Min: 0, Avg:  0.1, Max: 1, Diff: 1, Sum: 1, Workers: 8
[435.237s][debug][gc,phases      ] GC(2992)       Scanned Blocks:           Min: 0, Avg:  0.1, Max: 1, Diff: 1, Sum: 1, Workers: 8
[435.237s][debug][gc,phases      ] GC(2992)       Claimed Chunks:           Min: 0, Avg:  0.1, Max: 1, Diff: 1, Sum: 1, Workers: 8
[435.237s][debug][gc,phases      ] GC(2992)     Code Root Scan (ms):      Min:  0.0, Avg:  0.0, Max:  0.0, Diff:  0.0, Sum:  0.0, Workers: 8
[435.237s][debug][gc,phases      ] GC(2992)     Object Copy (ms):         Min:  0.0, Avg:  0.0, Max:  0.0, Diff:  0.0, Sum:  0.0, Workers: 8
[435.237s][debug][gc,phases      ] GC(2992)     Termination (ms):         Min:  0.1, Avg:  0.1, Max:  0.1, Diff:  0.0, Sum:  0.6, Workers: 8
[435.237s][debug][gc,phases      ] GC(2992)       Termination Attempts:     Min: 1, Avg:  1.0, Max: 1, Diff: 0, Sum: 8, Workers: 8
[435.237s][debug][gc,phases      ] GC(2992)     GC Worker Other (ms):     Min:  0.0, Avg:  0.0, Max:  0.0, Diff:  0.0, Sum:  0.1, Workers: 8
[435.237s][debug][gc,phases      ] GC(2992)     GC Worker Total (ms):     Min:  0.1, Avg:  0.1, Max:  0.2, Diff:  0.0, Sum:  0.9, Workers: 8
[435.237s][info ][gc,phases      ] GC(2992)   Post Evacuate Collection Set: 0.3ms
[435.237s][debug][gc,phases      ] GC(2992)     Code Roots Fixup: 0.0ms
[435.237s][debug][gc,phases      ] GC(2992)     Clear Card Table: 0.1ms
[435.237s][debug][gc,phases      ] GC(2992)     Reference Processing: 0.0ms
[435.237s][debug][gc,phases,ref  ] GC(2992)       Reconsider SoftReferences: 0.0ms
[435.237s][debug][gc,phases,ref  ] GC(2992)         SoftRef (ms):             skipped
[435.237s][debug][gc,phases,ref  ] GC(2992)       Notify Soft/WeakReferences: 0.0ms
[435.237s][debug][gc,phases,ref  ] GC(2992)         SoftRef (ms):             skipped
[435.237s][debug][gc,phases,ref  ] GC(2992)         WeakRef (ms):             skipped
[435.237s][debug][gc,phases,ref  ] GC(2992)         FinalRef (ms):            skipped
[435.237s][debug][gc,phases,ref  ] GC(2992)         Total (ms):               skipped
[435.237s][debug][gc,phases,ref  ] GC(2992)       Notify and keep alive finalizable: 0.0ms
[435.237s][debug][gc,phases,ref  ] GC(2992)         FinalRef (ms):            skipped
[435.237s][debug][gc,phases,ref  ] GC(2992)       Notify PhantomReferences: 0.0ms
[435.237s][debug][gc,phases,ref  ] GC(2992)         PhantomRef (ms):          skipped
[435.237s][debug][gc,phases,ref  ] GC(2992)       SoftReference:
[435.237s][debug][gc,phases,ref  ] GC(2992)         Discovered: 0
[435.237s][debug][gc,phases,ref  ] GC(2992)         Cleared: 0
[435.237s][debug][gc,phases,ref  ] GC(2992)       WeakReference:
[435.237s][debug][gc,phases,ref  ] GC(2992)         Discovered: 0
[435.237s][debug][gc,phases,ref  ] GC(2992)         Cleared: 0
[435.237s][debug][gc,phases,ref  ] GC(2992)       FinalReference:
[435.237s][debug][gc,phases,ref  ] GC(2992)         Discovered: 0
[435.237s][debug][gc,phases,ref  ] GC(2992)         Cleared: 0
[435.237s][debug][gc,phases,ref  ] GC(2992)       PhantomReference:
[435.237s][debug][gc,phases,ref  ] GC(2992)         Discovered: 0
[435.237s][debug][gc,phases,ref  ] GC(2992)         Cleared: 0
[435.237s][debug][gc,phases      ] GC(2992)     Weak Processing: 0.0ms
[435.237s][debug][gc,phases      ] GC(2992)       JVMTI weak processing: 0.0ms
[435.237s][debug][gc,phases      ] GC(2992)         Dead: 0
[435.237s][debug][gc,phases      ] GC(2992)         Total: 0
[435.237s][debug][gc,phases      ] GC(2992)       JFR weak processing: 0.0ms
[435.237s][debug][gc,phases      ] GC(2992)         Dead: 0
[435.237s][debug][gc,phases      ] GC(2992)         Total: 0
[435.237s][debug][gc,phases      ] GC(2992)       JNI weak                  Min:  0.0, Avg:  0.0, Max:  0.0, Diff:  0.0, Sum:  0.0, Workers: 5
[435.237s][debug][gc,phases      ] GC(2992)         Dead                      Min: 0, Avg:  0.0, Max: 0, Diff: 0, Sum: 0, Workers: 5
[435.237s][debug][gc,phases      ] GC(2992)         Total                     Min: 0, Avg: 13.6, Max: 68, Diff: 68, Sum: 68, Workers: 5
[435.237s][debug][gc,phases      ] GC(2992)       VM weak                   Min:  0.0, Avg:  0.0, Max:  0.0, Diff:  0.0, Sum:  0.0, Workers: 5
[435.237s][debug][gc,phases      ] GC(2992)         Dead                      Min: 0, Avg:  0.0, Max: 0, Diff: 0, Sum: 0, Workers: 5
[435.237s][debug][gc,phases      ] GC(2992)         Total                     Min: 0, Avg: 42.6, Max: 213, Diff: 213, Sum: 213, Workers: 5
[435.237s][debug][gc,phases      ] GC(2992)       StringTable weak          Min:  0.0, Avg:  0.0, Max:  0.0, Diff:  0.0, Sum:  0.0, Workers: 5
[435.237s][debug][gc,phases      ] GC(2992)         Dead                      Min: 0, Avg:  0.0, Max: 0, Diff: 0, Sum: 0, Workers: 5
[435.237s][debug][gc,phases      ] GC(2992)         Total                     Min: 0, Avg: 682.0, Max: 1490, Diff: 1490, Sum: 3410, Workers: 5
[435.237s][debug][gc,phases      ] GC(2992)       ResolvedMethodTable weak  Min:  0.0, Avg:  0.0, Max:  0.0, Diff:  0.0, Sum:  0.0, Workers: 5
[435.237s][debug][gc,phases      ] GC(2992)         Dead                      Min: 0, Avg:  0.0, Max: 0, Diff: 0, Sum: 0, Workers: 5
[435.237s][debug][gc,phases      ] GC(2992)         Total                     Min: 0, Avg: 114.8, Max: 254, Diff: 254, Sum: 574, Workers: 5
[435.237s][debug][gc,phases      ] GC(2992)     Merge Per-Thread State: 0.0ms
[435.237s][debug][gc,phases      ] GC(2992)       Copied Bytes              Min: 24, Avg: 74.0, Max: 144, Diff: 120, Sum: 592, Workers: 8
[435.237s][debug][gc,phases      ] GC(2992)       LAB Waste                 Min: 0, Avg:  0.0, Max: 0, Diff: 0, Sum: 0, Workers: 8
[435.237s][debug][gc,phases      ] GC(2992)       LAB Undo Waste            Min: 0, Avg:  0.0, Max: 0, Diff: 0, Sum: 0, Workers: 8
[435.237s][debug][gc,phases      ] GC(2992)     Code Roots Purge: 0.0ms
[435.237s][debug][gc,phases      ] GC(2992)     Redirty Cards: 0.0ms
[435.237s][debug][gc,phases      ] GC(2992)     DerivedPointerTable Update: 0.0ms
[435.237s][debug][gc,phases      ] GC(2992)     Free Collection Set: 0.1ms
[435.237s][debug][gc,phases      ] GC(2992)     Rebuild Free List: 0.0ms
[435.237s][debug][gc,phases      ] GC(2992)     Humongous Reclaim: 0.0ms
[435.237s][debug][gc,phases      ] GC(2992)     Start New Collection Set: 0.0ms
[435.237s][debug][gc,phases      ] GC(2992)     Resize TLABs: 0.0ms
[435.237s][debug][gc,phases      ] GC(2992)     Expand Heap After Collection: 0.0ms
[435.237s][info ][gc,phases      ] GC(2992)   Other: 0.3ms
[435.237s][info ][gc,heap        ] GC(2992) Eden regions: 180->0(180)
[435.237s][info ][gc,heap        ] GC(2992) Survivor regions: 1->1(23)
[435.237s][info ][gc,heap        ] GC(2992) Old regions: 7->7
[435.237s][info ][gc,heap        ] GC(2992) Archive regions: 2->2
[435.237s][info ][gc,heap        ] GC(2992) Humongous regions: 0->0
[435.237s][info ][gc,metaspace   ] GC(2992) Metaspace: 9905K(10624K)->9905K(10624K) NonClass: 8758K(9216K)->8758K(9216K) Class: 1146K(1408K)->1146K(1408K)
[435.237s][debug][gc,heap        ] GC(2992) Heap after GC invocations=2993 (full 1): garbage-first heap   total 309248K, used 4073K [0x0000000700000000, 0x0000000800000000)
[435.237s][debug][gc,heap        ] GC(2992)   region size 1024K, 1 young (1024K), 1 survivors (1024K)
[435.237s][debug][gc,heap        ] GC(2992)  Metaspace       used 9905K, capacity 10179K, committed 10624K, reserved 1058816K
[435.237s][debug][gc,heap        ] GC(2992)   class space    used 1146K, capacity 1267K, committed 1408K, reserved 1048576K
[435.237s][info ][gc             ] GC(2992) Pause Young (Normal) (G1 Evacuation Pause) 183M->3M(302M) 1.508ms
[435.237s][info ][gc,cpu         ] GC(2992) User=0.00s Sys=0.00s Real=0.00s
[435.237s][info ][safepoint      ] Safepoint "G1CollectForAllocation", Time since last: 149826582 ns, Reaching safepoint: 129370 ns, At safepoint: 1676950 ns, Total: 1806320 ns
[435.382s][debug][gc,heap        ] GC(2993) Heap before GC invocations=2993 (full 1): garbage-first heap   total 309248K, used 188393K [0x0000000700000000, 0x0000000800000000)
[435.382s][debug][gc,heap        ] GC(2993)   region size 1024K, 181 young (185344K), 1 survivors (1024K)
[435.382s][debug][gc,heap        ] GC(2993)  Metaspace       used 9905K, capacity 10179K, committed 10624K, reserved 1058816K
[435.382s][debug][gc,heap        ] GC(2993)   class space    used 1146K, capacity 1267K, committed 1408K, reserved 1048576K
[435.382s][info ][gc,start       ] GC(2993) Pause Young (Normal) (G1 Evacuation Pause)
[435.382s][info ][gc,task        ] GC(2993) Using 8 workers of 8 for evacuation
[435.382s][debug][gc,tlab        ] GC(2993) TLAB totals: thrds: 8  refills: 724 max: 98 slow allocs: 0 max 0 waste:  1.2% gc: 1764744B max: 451416B slow: 418856B max: 56880B fast: 0B max: 0B
[435.382s][debug][gc,age         ] GC(2993) Desired survivor size 12058624 bytes, new threshold 15 (max threshold 15)
[435.382s][debug][gc,alloc,region] GC(2993) Mutator Allocation stats, regions: 180, wasted size: 0B ( 0.0%)
[435.382s][debug][gc,ergo        ] GC(2993) Running G1 Merge Heap Roots using 8 workers for 181 regions
[435.383s][debug][gc,remset      ] GC(2993) Visited cards 256 Total dirty 2048 (12.50%) Total old 759808 (0.03%)
[435.383s][debug][gc,ergo        ] GC(2993) Running G1 Clear Card Table Task using 1 workers for 1 units of work for 182 regions.
[435.383s][debug][gc,ref         ] GC(2993) Skipped phase1 of Reference Processing due to unavailable references
[435.383s][debug][gc,ref         ] GC(2993) Skipped phase2 of Reference Processing due to unavailable references
[435.383s][debug][gc,ref         ] GC(2993) Skipped phase3 of Reference Processing due to unavailable references
[435.383s][debug][gc,ref         ] GC(2993) Skipped phase4 of Reference Processing due to unavailable references
[435.383s][debug][gc,ergo        ] GC(2993) Running G1 Free Collection Set using 8 workers for collection set length 181 (302)
[435.383s][debug][gc,ergo        ] GC(2993) Running G1 Rebuild Free List Task using 8 workers for rebuilding free list of 0 (4096) regions
[435.383s][trace][gc,age         ] GC(2993) Age table with threshold 15 (max threshold 15)
[435.383s][trace][gc,age         ] GC(2993) - age   1:        488 bytes,        488 total
[435.383s][debug][gc,plab        ] GC(2993) Young PLAB allocation: allocated: 12384B, wasted: 0B, unused: 11896B, used: 488B, undo waste: 0B, 
[435.383s][debug][gc,plab        ] GC(2993) Young other allocation: region end waste: 0B, regions filled: 1, direct allocated: 0B, failure used: 0B, failure wasted: 0B
[435.383s][debug][gc,plab        ] GC(2993) Young sizing: calculated: 96B, actual: 2064B
[435.383s][debug][gc,plab        ] GC(2993) Old PLAB allocation: allocated: 0B, wasted: 0B, unused: 0B, used: 0B, undo waste: 0B, 
[435.383s][debug][gc,plab        ] GC(2993) Old other allocation: region end waste: 0B, regions filled: 1, direct allocated: 0B, failure used: 0B, failure wasted: 0B
[435.383s][debug][gc,plab        ] GC(2993) Old sizing: calculated: 0B, actual: 2064B
[435.383s][debug][gc,ihop        ] GC(2993) Basic information (value update), threshold: 142501478B (45.00), target occupancy: 316669952B, current occupancy: 4167128B, recent allocation size: 0B, recent allocation duration: 145.62ms, recent old gen allocation rate: 0.00B/s, recent marking phase length: 0.00ms
[435.383s][debug][gc,ihop        ] GC(2993) Adaptive IHOP information (value update), threshold: 142501478B (47.37), internal target occupancy: 300836454B, occupancy: 4167128B, additional buffer size: 189792256B, predicted old gen allocation rate: 0.00B/s, predicted marking phase length: 0.00ms, prediction active: false
[435.383s][debug][gc,ergo,refine ] GC(2993) Concurrent refinement times: Logged Cards Scan time goal: 20.00ms Logged Cards Scan time: 0.00ms HCC time: 0.00ms
[435.383s][debug][gc,ergo,refine ] GC(2993) Updated Refinement Zones: green: 2048, yellow: 6144, red: 10240
[435.383s][info ][gc,phases      ] GC(2993)   Pre Evacuate Collection Set: 0.1ms
[435.383s][debug][gc,phases      ] GC(2993)     Prepare TLABs: 0.0ms
[435.383s][debug][gc,phases      ] GC(2993)     Choose Collection Set: 0.0ms
[435.383s][debug][gc,phases      ] GC(2993)     Region Register: 0.1ms
[435.383s][debug][gc,phases      ] GC(2993)     Prepare Heap Roots: 0.0ms
[435.383s][info ][gc,phases      ] GC(2993)   Merge Heap Roots: 0.1ms
[435.383s][debug][gc,phases      ] GC(2993)     Prepare Merge Heap Roots: 0.0ms
[435.383s][debug][gc,phases      ] GC(2993)     Eager Reclaim (ms):       skipped
[435.383s][debug][gc,phases      ] GC(2993)     Remembered Sets (ms):     Min:  0.0, Avg:  0.0, Max:  0.0, Diff:  0.0, Sum:  0.1, Workers: 8
[435.383s][debug][gc,phases      ] GC(2993)       Merged Sparse:            Min: 0, Avg:  0.0, Max: 0, Diff: 0, Sum: 0, Workers: 8
[435.383s][debug][gc,phases      ] GC(2993)       Merged Fine:              Min: 0, Avg:  0.0, Max: 0, Diff: 0, Sum: 0, Workers: 8
[435.383s][debug][gc,phases      ] GC(2993)       Merged Coarse:            Min: 0, Avg:  0.0, Max: 0, Diff: 0, Sum: 0, Workers: 8
[435.383s][debug][gc,phases      ] GC(2993)       Dirty Cards:              Min: 0, Avg:  0.0, Max: 0, Diff: 0, Sum: 0, Workers: 8
[435.383s][debug][gc,phases      ] GC(2993)     Hot Card Cache (ms):      Min:  0.0, Avg:  0.0, Max:  0.0, Diff:  0.0, Sum:  0.0, Workers: 8
[435.383s][debug][gc,phases      ] GC(2993)       Dirty Cards:              Min: 0, Avg:  0.0, Max: 0, Diff: 0, Sum: 0, Workers: 8
[435.383s][debug][gc,phases      ] GC(2993)       Skipped Cards:            Min: 0, Avg:  0.0, Max: 0, Diff: 0, Sum: 0, Workers: 8
[435.383s][debug][gc,phases      ] GC(2993)     Log Buffers (ms):         Min:  0.0, Avg:  0.0, Max:  0.0, Diff:  0.0, Sum:  0.0, Workers: 8
[435.383s][debug][gc,phases      ] GC(2993)       Dirty Cards:              Min: 0, Avg:  0.1, Max: 1, Diff: 1, Sum: 1, Workers: 8
[435.383s][debug][gc,phases      ] GC(2993)       Skipped Cards:            Min: 0, Avg:  0.0, Max: 0, Diff: 0, Sum: 0, Workers: 8
[435.383s][info ][gc,phases      ] GC(2993)   Evacuate Collection Set: 0.1ms
[435.383s][debug][gc,phases      ] GC(2993)     Ext Root Scanning (ms):   Min:  0.0, Avg:  0.0, Max:  0.1, Diff:  0.1, Sum:  0.2, Workers: 8
[435.383s][debug][gc,phases      ] GC(2993)     Scan Heap Roots (ms):     Min:  0.0, Avg:  0.0, Max:  0.0, Diff:  0.0, Sum:  0.0, Workers: 8
[435.383s][debug][gc,phases      ] GC(2993)       Scanned Cards:            Min: 0, Avg:  0.1, Max: 1, Diff: 1, Sum: 1, Workers: 8
[435.383s][debug][gc,phases      ] GC(2993)       Scanned Blocks:           Min: 0, Avg:  0.1, Max: 1, Diff: 1, Sum: 1, Workers: 8
[435.383s][debug][gc,phases      ] GC(2993)       Claimed Chunks:           Min: 0, Avg:  0.1, Max: 1, Diff: 1, Sum: 1, Workers: 8
[435.383s][debug][gc,phases      ] GC(2993)     Code Root Scan (ms):      Min:  0.0, Avg:  0.0, Max:  0.0, Diff:  0.0, Sum:  0.0, Workers: 8
[435.383s][debug][gc,phases      ] GC(2993)     Object Copy (ms):         Min:  0.0, Avg:  0.0, Max:  0.0, Diff:  0.0, Sum:  0.0, Workers: 8
[435.383s][debug][gc,phases      ] GC(2993)     Termination (ms):         Min:  0.0, Avg:  0.1, Max:  0.1, Diff:  0.0, Sum:  0.4, Workers: 8
[435.383s][debug][gc,phases      ] GC(2993)       Termination Attempts:     Min: 1, Avg:  1.0, Max: 1, Diff: 0, Sum: 8, Workers: 8
[435.383s][debug][gc,phases      ] GC(2993)     GC Worker Other (ms):     Min:  0.0, Avg:  0.0, Max:  0.0, Diff:  0.0, Sum:  0.1, Workers: 8
[435.383s][debug][gc,phases      ] GC(2993)     GC Worker Total (ms):     Min:  0.0, Avg:  0.1, Max:  0.1, Diff:  0.1, Sum:  0.8, Workers: 8
[435.383s][info ][gc,phases      ] GC(2993)   Post Evacuate Collection Set: 0.3ms
[435.383s][debug][gc,phases      ] GC(2993)     Code Roots Fixup: 0.0ms
[435.383s][debug][gc,phases      ] GC(2993)     Clear Card Table: 0.1ms
[435.383s][debug][gc,phases      ] GC(2993)     Reference Processing: 0.0ms
[435.383s][debug][gc,phases,ref  ] GC(2993)       Reconsider SoftReferences: 0.0ms
[435.383s][debug][gc,phases,ref  ] GC(2993)         SoftRef (ms):             skipped
[435.383s][debug][gc,phases,ref  ] GC(2993)       Notify Soft/WeakReferences: 0.0ms
[435.383s][debug][gc,phases,ref  ] GC(2993)         SoftRef (ms):             skipped
[435.383s][debug][gc,phases,ref  ] GC(2993)         WeakRef (ms):             skipped
[435.383s][debug][gc,phases,ref  ] GC(2993)         FinalRef (ms):            skipped
[435.383s][debug][gc,phases,ref  ] GC(2993)         Total (ms):               skipped
[435.383s][debug][gc,phases,ref  ] GC(2993)       Notify and keep alive finalizable: 0.0ms
[435.383s][debug][gc,phases,ref  ] GC(2993)         FinalRef (ms):            skipped
[435.383s][debug][gc,phases,ref  ] GC(2993)       Notify PhantomReferences: 0.0ms
[435.383s][debug][gc,phases,ref  ] GC(2993)         PhantomRef (ms):          skipped
[435.383s][debug][gc,phases,ref  ] GC(2993)       SoftReference:
[435.383s][debug][gc,phases,ref  ] GC(2993)         Discovered: 0
[435.383s][debug][gc,phases,ref  ] GC(2993)         Cleared: 0
[435.383s][debug][gc,phases,ref  ] GC(2993)       WeakReference:
[435.383s][debug][gc,phases,ref  ] GC(2993)         Discovered: 0
[435.383s][debug][gc,phases,ref  ] GC(2993)         Cleared: 0
[435.383s][debug][gc,phases,ref  ] GC(2993)       FinalReference:
[435.383s][debug][gc,phases,ref  ] GC(2993)         Discovered: 0
[435.383s][debug][gc,phases,ref  ] GC(2993)         Cleared: 0
[435.383s][debug][gc,phases,ref  ] GC(2993)       PhantomReference:
[435.383s][debug][gc,phases,ref  ] GC(2993)         Discovered: 0
[435.383s][debug][gc,phases,ref  ] GC(2993)         Cleared: 0
[435.384s][debug][gc,phases      ] GC(2993)     Weak Processing: 0.0ms
[435.384s][debug][gc,phases      ] GC(2993)       JVMTI weak processing: 0.0ms
[435.384s][debug][gc,phases      ] GC(2993)         Dead: 0
[435.384s][debug][gc,phases      ] GC(2993)         Total: 0
[435.384s][debug][gc,phases      ] GC(2993)       JFR weak processing: 0.0ms
[435.384s][debug][gc,phases      ] GC(2993)         Dead: 0
[435.384s][debug][gc,phases      ] GC(2993)         Total: 0
[435.384s][debug][gc,phases      ] GC(2993)       JNI weak                  Min:  0.0, Avg:  0.0, Max:  0.0, Diff:  0.0, Sum:  0.0, Workers: 5
[435.384s][debug][gc,phases      ] GC(2993)         Dead                      Min: 0, Avg:  0.0, Max: 0, Diff: 0, Sum: 0, Workers: 5
[435.384s][debug][gc,phases      ] GC(2993)         Total                     Min: 0, Avg: 13.6, Max: 68, Diff: 68, Sum: 68, Workers: 5
[435.384s][debug][gc,phases      ] GC(2993)       VM weak                   Min:  0.0, Avg:  0.0, Max:  0.0, Diff:  0.0, Sum:  0.0, Workers: 5
[435.384s][debug][gc,phases      ] GC(2993)         Dead                      Min: 0, Avg:  0.0, Max: 0, Diff: 0, Sum: 0, Workers: 5
[435.384s][debug][gc,phases      ] GC(2993)         Total                     Min: 0, Avg: 42.6, Max: 128, Diff: 128, Sum: 213, Workers: 5
[435.384s][debug][gc,phases      ] GC(2993)       StringTable weak          Min:  0.0, Avg:  0.0, Max:  0.0, Diff:  0.0, Sum:  0.1, Workers: 5
[435.384s][debug][gc,phases      ] GC(2993)         Dead                      Min: 0, Avg:  0.0, Max: 0, Diff: 0, Sum: 0, Workers: 5
[435.384s][debug][gc,phases      ] GC(2993)         Total                     Min: 576, Avg: 682.0, Max: 768, Diff: 192, Sum: 3410, Workers: 5
[435.384s][debug][gc,phases      ] GC(2993)       ResolvedMethodTable weak  Min:  0.0, Avg:  0.0, Max:  0.0, Diff:  0.0, Sum:  0.0, Workers: 5
[435.384s][debug][gc,phases      ] GC(2993)         Dead                      Min: 0, Avg:  0.0, Max: 0, Diff: 0, Sum: 0, Workers: 5
[435.384s][debug][gc,phases      ] GC(2993)         Total                     Min: 64, Avg: 114.8, Max: 128, Diff: 64, Sum: 574, Workers: 5
[435.384s][debug][gc,phases      ] GC(2993)     Merge Per-Thread State: 0.0ms
[435.384s][debug][gc,phases      ] GC(2993)       Copied Bytes              Min: 0, Avg: 61.0, Max: 192, Diff: 192, Sum: 488, Workers: 8
[435.384s][debug][gc,phases      ] GC(2993)       LAB Waste                 Min: 0, Avg:  0.0, Max: 0, Diff: 0, Sum: 0, Workers: 8
[435.384s][debug][gc,phases      ] GC(2993)       LAB Undo Waste            Min: 0, Avg:  0.0, Max: 0, Diff: 0, Sum: 0, Workers: 8
[435.384s][debug][gc,phases      ] GC(2993)     Code Roots Purge: 0.0ms
[435.384s][debug][gc,phases      ] GC(2993)     Redirty Cards: 0.0ms
[435.384s][debug][gc,phases      ] GC(2993)     DerivedPointerTable Update: 0.0ms
[435.384s][debug][gc,phases      ] GC(2993)     Free Collection Set: 0.1ms
[435.384s][debug][gc,phases      ] GC(2993)     Rebuild Free List: 0.0ms
[435.384s][debug][gc,phases      ] GC(2993)     Humongous Reclaim: 0.0ms
[435.384s][debug][gc,phases      ] GC(2993)     Start New Collection Set: 0.0ms
[435.384s][debug][gc,phases      ] GC(2993)     Resize TLABs: 0.0ms
[435.384s][debug][gc,phases      ] GC(2993)     Expand Heap After Collection: 0.0ms
[435.384s][info ][gc,phases      ] GC(2993)   Other: 0.3ms
[435.384s][info ][gc,heap        ] GC(2993) Eden regions: 180->0(180)
[435.384s][info ][gc,heap        ] GC(2993) Survivor regions: 1->1(23)
[435.384s][info ][gc,heap        ] GC(2993) Old regions: 7->7
[435.384s][info ][gc,heap        ] GC(2993) Archive regions: 2->2
[435.384s][info ][gc,heap        ] GC(2993) Humongous regions: 0->0
[435.384s][info ][gc,metaspace   ] GC(2993) Metaspace: 9905K(10624K)->9905K(10624K) NonClass: 8758K(9216K)->8758K(9216K) Class: 1146K(1408K)->1146K(1408K)
[435.384s][debug][gc,heap        ] GC(2993) Heap after GC invocations=2994 (full 1): garbage-first heap   total 309248K, used 4069K [0x0000000700000000, 0x0000000800000000)
[435.384s][debug][gc,heap        ] GC(2993)   region size 1024K, 1 young (1024K), 1 survivors (1024K)
[435.384s][debug][gc,heap        ] GC(2993)  Metaspace       used 9905K, capacity 10179K, committed 10624K, reserved 1058816K
[435.384s][debug][gc,heap        ] GC(2993)   class space    used 1146K, capacity 1267K, committed 1408K, reserved 1048576K
[435.384s][info ][gc             ] GC(2993) Pause Young (Normal) (G1 Evacuation Pause) 183M->3M(302M) 1.478ms
[435.384s][info ][gc,cpu         ] GC(2993) User=0.01s Sys=0.00s Real=0.01s
[435.384s][info ][safepoint      ] Safepoint "G1CollectForAllocation", Time since last: 144542034 ns, Reaching safepoint: 194712 ns, At safepoint: 1611910 ns, Total: 1806622 ns
[435.529s][debug][gc,heap        ] GC(2994) Heap before GC invocations=2994 (full 1): garbage-first heap   total 309248K, used 188389K [0x0000000700000000, 0x0000000800000000)
[435.529s][debug][gc,heap        ] GC(2994)   region size 1024K, 181 young (185344K), 1 survivors (1024K)
[435.529s][debug][gc,heap        ] GC(2994)  Metaspace       used 9905K, capacity 10179K, committed 10624K, reserved 1058816K
[435.529s][debug][gc,heap        ] GC(2994)   class space    used 1146K, capacity 1267K, committed 1408K, reserved 1048576K
[435.529s][info ][gc,start       ] GC(2994) Pause Young (Normal) (G1 Evacuation Pause)
[435.529s][info ][gc,task        ] GC(2994) Using 8 workers of 8 for evacuation
[435.529s][debug][gc,tlab        ] GC(2994) TLAB totals: thrds: 8  refills: 725 max: 98 slow allocs: 0 max 0 waste:  1.1% gc: 1618352B max: 382824B slow: 419616B max: 56632B fast: 0B max: 0B
[435.529s][debug][gc,age         ] GC(2994) Desired survivor size 12058624 bytes, new threshold 15 (max threshold 15)
[435.529s][debug][gc,alloc,region] GC(2994) Mutator Allocation stats, regions: 180, wasted size: 0B ( 0.0%)
[435.529s][debug][gc,ergo        ] GC(2994) Running G1 Merge Heap Roots using 8 workers for 181 regions
[435.530s][debug][gc,remset      ] GC(2994) Visited cards 256 Total dirty 2048 (12.50%) Total old 759808 (0.03%)
[435.530s][debug][gc,ergo        ] GC(2994) Running G1 Clear Card Table Task using 1 workers for 1 units of work for 182 regions.
[435.530s][debug][gc,ref         ] GC(2994) Skipped phase1 of Reference Processing due to unavailable references
[435.530s][debug][gc,ref         ] GC(2994) Skipped phase2 of Reference Processing due to unavailable references
[435.530s][debug][gc,ref         ] GC(2994) Skipped phase3 of Reference Processing due to unavailable references
[435.530s][debug][gc,ref         ] GC(2994) Skipped phase4 of Reference Processing due to unavailable references
[435.530s][debug][gc,ergo        ] GC(2994) Running G1 Free Collection Set using 8 workers for collection set length 181 (302)
[435.530s][debug][gc,ergo        ] GC(2994) Running G1 Rebuild Free List Task using 8 workers for rebuilding free list of 0 (4096) regions
[435.530s][trace][gc,age         ] GC(2994) Age table with threshold 15 (max threshold 15)
[435.530s][trace][gc,age         ] GC(2994) - age   1:        440 bytes,        440 total
[435.530s][debug][gc,plab        ] GC(2994) Young PLAB allocation: allocated: 10320B, wasted: 0B, unused: 9880B, used: 440B, undo waste: 0B, 
[435.530s][debug][gc,plab        ] GC(2994) Young other allocation: region end waste: 0B, regions filled: 1, direct allocated: 0B, failure used: 0B, failure wasted: 0B
[435.530s][debug][gc,plab        ] GC(2994) Young sizing: calculated: 88B, actual: 2064B
[435.530s][debug][gc,plab        ] GC(2994) Old PLAB allocation: allocated: 0B, wasted: 0B, unused: 0B, used: 0B, undo waste: 0B, 
[435.530s][debug][gc,plab        ] GC(2994) Old other allocation: region end waste: 0B, regions filled: 1, direct allocated: 0B, failure used: 0B, failure wasted: 0B
[435.530s][debug][gc,plab        ] GC(2994) Old sizing: calculated: 0B, actual: 2064B
[435.530s][debug][gc,ihop        ] GC(2994) Basic information (value update), threshold: 142501478B (45.00), target occupancy: 316669952B, current occupancy: 4165064B, recent allocation size: 0B, recent allocation duration: 146.28ms, recent old gen allocation rate: 0.00B/s, recent marking phase length: 0.00ms
[435.530s][debug][gc,ihop        ] GC(2994) Adaptive IHOP information (value update), threshold: 142501478B (47.37), internal target occupancy: 300836454B, occupancy: 4165064B, additional buffer size: 189792256B, predicted old gen allocation rate: 0.00B/s, predicted marking phase length: 0.00ms, prediction active: false
[435.530s][debug][gc,ergo,refine ] GC(2994) Concurrent refinement times: Logged Cards Scan time goal: 20.00ms Logged Cards Scan time: 0.00ms HCC time: 0.00ms
[435.530s][debug][gc,ergo,refine ] GC(2994) Updated Refinement Zones: green: 2048, yellow: 6144, red: 10240
[435.530s][info ][gc,phases      ] GC(2994)   Pre Evacuate Collection Set: 0.1ms
[435.530s][debug][gc,phases      ] GC(2994)     Prepare TLABs: 0.0ms
[435.530s][debug][gc,phases      ] GC(2994)     Choose Collection Set: 0.0ms
[435.530s][debug][gc,phases      ] GC(2994)     Region Register: 0.1ms
[435.530s][debug][gc,phases      ] GC(2994)     Prepare Heap Roots: 0.0ms
[435.530s][info ][gc,phases      ] GC(2994)   Merge Heap Roots: 0.1ms
[435.530s][debug][gc,phases      ] GC(2994)     Prepare Merge Heap Roots: 0.0ms
[435.530s][debug][gc,phases      ] GC(2994)     Eager Reclaim (ms):       skipped
[435.530s][debug][gc,phases      ] GC(2994)     Remembered Sets (ms):     Min:  0.0, Avg:  0.0, Max:  0.0, Diff:  0.0, Sum:  0.0, Workers: 8
[435.530s][debug][gc,phases      ] GC(2994)       Merged Sparse:            Min: 0, Avg:  0.0, Max: 0, Diff: 0, Sum: 0, Workers: 8
[435.530s][debug][gc,phases      ] GC(2994)       Merged Fine:              Min: 0, Avg:  0.0, Max: 0, Diff: 0, Sum: 0, Workers: 8
[435.530s][debug][gc,phases      ] GC(2994)       Merged Coarse:            Min: 0, Avg:  0.0, Max: 0, Diff: 0, Sum: 0, Workers: 8
[435.530s][debug][gc,phases      ] GC(2994)       Dirty Cards:              Min: 0, Avg:  0.0, Max: 0, Diff: 0, Sum: 0, Workers: 8
[435.530s][debug][gc,phases      ] GC(2994)     Hot Card Cache (ms):      Min:  0.0, Avg:  0.0, Max:  0.0, Diff:  0.0, Sum:  0.0, Workers: 8
[435.530s][debug][gc,phases      ] GC(2994)       Dirty Cards:              Min: 0, Avg:  0.0, Max: 0, Diff: 0, Sum: 0, Workers: 8
[435.530s][debug][gc,phases      ] GC(2994)       Skipped Cards:            Min: 0, Avg:  0.0, Max: 0, Diff: 0, Sum: 0, Workers: 8
[435.530s][debug][gc,phases      ] GC(2994)     Log Buffers (ms):         Min:  0.0, Avg:  0.0, Max:  0.0, Diff:  0.0, Sum:  0.0, Workers: 8
[435.530s][debug][gc,phases      ] GC(2994)       Dirty Cards:              Min: 0, Avg:  0.1, Max: 1, Diff: 1, Sum: 1, Workers: 8
[435.530s][debug][gc,phases      ] GC(2994)       Skipped Cards:            Min: 0, Avg:  0.0, Max: 0, Diff: 0, Sum: 0, Workers: 8
[435.530s][info ][gc,phases      ] GC(2994)   Evacuate Collection Set: 0.2ms
[435.530s][debug][gc,phases      ] GC(2994)     Ext Root Scanning (ms):   Min:  0.0, Avg:  0.0, Max:  0.1, Diff:  0.0, Sum:  0.2, Workers: 8
[435.530s][debug][gc,phases      ] GC(2994)     Scan Heap Roots (ms):     Min:  0.0, Avg:  0.0, Max:  0.0, Diff:  0.0, Sum:  0.0, Workers: 8
[435.530s][debug][gc,phases      ] GC(2994)       Scanned Cards:            Min: 0, Avg:  0.1, Max: 1, Diff: 1, Sum: 1, Workers: 8
[435.530s][debug][gc,phases      ] GC(2994)       Scanned Blocks:           Min: 0, Avg:  0.1, Max: 1, Diff: 1, Sum: 1, Workers: 8
[435.530s][debug][gc,phases      ] GC(2994)       Claimed Chunks:           Min: 0, Avg:  0.1, Max: 1, Diff: 1, Sum: 1, Workers: 8
[435.530s][debug][gc,phases      ] GC(2994)     Code Root Scan (ms):      Min:  0.0, Avg:  0.0, Max:  0.0, Diff:  0.0, Sum:  0.0, Workers: 8
[435.530s][debug][gc,phases      ] GC(2994)     Object Copy (ms):         Min:  0.0, Avg:  0.0, Max:  0.0, Diff:  0.0, Sum:  0.0, Workers: 8
[435.530s][debug][gc,phases      ] GC(2994)     Termination (ms):         Min:  0.1, Avg:  0.1, Max:  0.1, Diff:  0.0, Sum:  0.6, Workers: 8
[435.530s][debug][gc,phases      ] GC(2994)       Termination Attempts:     Min: 1, Avg:  1.0, Max: 1, Diff: 0, Sum: 8, Workers: 8
[435.530s][debug][gc,phases      ] GC(2994)     GC Worker Other (ms):     Min:  0.0, Avg:  0.0, Max:  0.0, Diff:  0.0, Sum:  0.1, Workers: 8
[435.530s][debug][gc,phases      ] GC(2994)     GC Worker Total (ms):     Min:  0.1, Avg:  0.1, Max:  0.2, Diff:  0.1, Sum:  1.0, Workers: 8
[435.530s][info ][gc,phases      ] GC(2994)   Post Evacuate Collection Set: 0.4ms
[435.530s][debug][gc,phases      ] GC(2994)     Code Roots Fixup: 0.0ms
[435.530s][debug][gc,phases      ] GC(2994)     Clear Card Table: 0.1ms
[435.530s][debug][gc,phases      ] GC(2994)     Reference Processing: 0.0ms
[435.530s][debug][gc,phases,ref  ] GC(2994)       Reconsider SoftReferences: 0.0ms
[435.530s][debug][gc,phases,ref  ] GC(2994)         SoftRef (ms):             skipped
[435.530s][debug][gc,phases,ref  ] GC(2994)       Notify Soft/WeakReferences: 0.0ms
[435.530s][debug][gc,phases,ref  ] GC(2994)         SoftRef (ms):             skipped
[435.530s][debug][gc,phases,ref  ] GC(2994)         WeakRef (ms):             skipped
[435.530s][debug][gc,phases,ref  ] GC(2994)         FinalRef (ms):            skipped
[435.530s][debug][gc,phases,ref  ] GC(2994)         Total (ms):               skipped
[435.530s][debug][gc,phases,ref  ] GC(2994)       Notify and keep alive finalizable: 0.0ms
[435.530s][debug][gc,phases,ref  ] GC(2994)         FinalRef (ms):            skipped
[435.530s][debug][gc,phases,ref  ] GC(2994)       Notify PhantomReferences: 0.0ms
[435.531s][debug][gc,phases,ref  ] GC(2994)         PhantomRef (ms):          skipped
[435.531s][debug][gc,phases,ref  ] GC(2994)       SoftReference:
[435.531s][debug][gc,phases,ref  ] GC(2994)         Discovered: 0
[435.531s][debug][gc,phases,ref  ] GC(2994)         Cleared: 0
[435.531s][debug][gc,phases,ref  ] GC(2994)       WeakReference:
[435.531s][debug][gc,phases,ref  ] GC(2994)         Discovered: 0
[435.531s][debug][gc,phases,ref  ] GC(2994)         Cleared: 0
[435.531s][debug][gc,phases,ref  ] GC(2994)       FinalReference:
[435.531s][debug][gc,phases,ref  ] GC(2994)         Discovered: 0
[435.531s][debug][gc,phases,ref  ] GC(2994)         Cleared: 0
[435.531s][debug][gc,phases,ref  ] GC(2994)       PhantomReference:
[435.531s][debug][gc,phases,ref  ] GC(2994)         Discovered: 0
[435.531s][debug][gc,phases,ref  ] GC(2994)         Cleared: 0
[435.531s][debug][gc,phases      ] GC(2994)     Weak Processing: 0.0ms
[435.531s][debug][gc,phases      ] GC(2994)       JVMTI weak processing: 0.0ms
[435.531s][debug][gc,phases      ] GC(2994)         Dead: 0
[435.531s][debug][gc,phases      ] GC(2994)         Total: 0
[435.531s][debug][gc,phases      ] GC(2994)       JFR weak processing: 0.0ms
[435.531s][debug][gc,phases      ] GC(2994)         Dead: 0
[435.531s][debug][gc,phases      ] GC(2994)         Total: 0
[435.531s][debug][gc,phases      ] GC(2994)       JNI weak                  Min:  0.0, Avg:  0.0, Max:  0.0, Diff:  0.0, Sum:  0.0, Workers: 5
[435.531s][debug][gc,phases      ] GC(2994)         Dead                      Min: 0, Avg:  0.0, Max: 0, Diff: 0, Sum: 0, Workers: 5
[435.531s][debug][gc,phases      ] GC(2994)         Total                     Min: 0, Avg: 13.6, Max: 52, Diff: 52, Sum: 68, Workers: 5
[435.531s][debug][gc,phases      ] GC(2994)       VM weak                   Min:  0.0, Avg:  0.0, Max:  0.0, Diff:  0.0, Sum:  0.0, Workers: 5
[435.531s][debug][gc,phases      ] GC(2994)         Dead                      Min: 0, Avg:  0.0, Max: 0, Diff: 0, Sum: 0, Workers: 5
[435.531s][debug][gc,phases      ] GC(2994)         Total                     Min: 0, Avg: 42.6, Max: 64, Diff: 64, Sum: 213, Workers: 5
[435.531s][debug][gc,phases      ] GC(2994)       StringTable weak          Min:  0.0, Avg:  0.0, Max:  0.0, Diff:  0.0, Sum:  0.1, Workers: 5
[435.531s][debug][gc,phases      ] GC(2994)         Dead                      Min: 0, Avg:  0.0, Max: 0, Diff: 0, Sum: 0, Workers: 5
[435.531s][debug][gc,phases      ] GC(2994)         Total                     Min: 0, Avg: 682.0, Max: 914, Diff: 914, Sum: 3410, Workers: 5
[435.531s][debug][gc,phases      ] GC(2994)       ResolvedMethodTable weak  Min:  0.0, Avg:  0.0, Max:  0.0, Diff:  0.0, Sum:  0.0, Workers: 5
[435.531s][debug][gc,phases      ] GC(2994)         Dead                      Min: 0, Avg:  0.0, Max: 0, Diff: 0, Sum: 0, Workers: 5
[435.531s][debug][gc,phases      ] GC(2994)         Total                     Min: 62, Avg: 114.8, Max: 128, Diff: 66, Sum: 574, Workers: 5
[435.531s][debug][gc,phases      ] GC(2994)     Merge Per-Thread State: 0.0ms
[435.531s][debug][gc,phases      ] GC(2994)       Copied Bytes              Min: 0, Avg: 55.0, Max: 192, Diff: 192, Sum: 440, Workers: 8
[435.531s][debug][gc,phases      ] GC(2994)       LAB Waste                 Min: 0, Avg:  0.0, Max: 0, Diff: 0, Sum: 0, Workers: 8
[435.531s][debug][gc,phases      ] GC(2994)       LAB Undo Waste            Min: 0, Avg:  0.0, Max: 0, Diff: 0, Sum: 0, Workers: 8
[435.531s][debug][gc,phases      ] GC(2994)     Code Roots Purge: 0.0ms
[435.531s][debug][gc,phases      ] GC(2994)     Redirty Cards: 0.0ms
[435.531s][debug][gc,phases      ] GC(2994)     DerivedPointerTable Update: 0.0ms
[435.531s][debug][gc,phases      ] GC(2994)     Free Collection Set: 0.1ms
[435.531s][debug][gc,phases      ] GC(2994)     Rebuild Free List: 0.0ms
[435.531s][debug][gc,phases      ] GC(2994)     Humongous Reclaim: 0.0ms
[435.531s][debug][gc,phases      ] GC(2994)     Start New Collection Set: 0.0ms
[435.531s][debug][gc,phases      ] GC(2994)     Resize TLABs: 0.0ms
[435.531s][debug][gc,phases      ] GC(2994)     Expand Heap After Collection: 0.0ms
[435.531s][info ][gc,phases      ] GC(2994)   Other: 0.3ms
[435.531s][info ][gc,heap        ] GC(2994) Eden regions: 180->0(180)
[435.531s][info ][gc,heap        ] GC(2994) Survivor regions: 1->1(23)
[435.531s][info ][gc,heap        ] GC(2994) Old regions: 7->7
[435.531s][info ][gc,heap        ] GC(2994) Archive regions: 2->2
[435.531s][info ][gc,heap        ] GC(2994) Humongous regions: 0->0
[435.531s][info ][gc,metaspace   ] GC(2994) Metaspace: 9905K(10624K)->9905K(10624K) NonClass: 8758K(9216K)->8758K(9216K) Class: 1146K(1408K)->1146K(1408K)
[435.531s][debug][gc,heap        ] GC(2994) Heap after GC invocations=2995 (full 1): garbage-first heap   total 309248K, used 4067K [0x0000000700000000, 0x0000000800000000)
[435.531s][debug][gc,heap        ] GC(2994)   region size 1024K, 1 young (1024K), 1 survivors (1024K)
[435.531s][debug][gc,heap        ] GC(2994)  Metaspace       used 9905K, capacity 10179K, committed 10624K, reserved 1058816K
[435.531s][debug][gc,heap        ] GC(2994)   class space    used 1146K, capacity 1267K, committed 1408K, reserved 1048576K
[435.531s][info ][gc             ] GC(2994) Pause Young (Normal) (G1 Evacuation Pause) 183M->3M(302M) 1.539ms
[435.531s][info ][gc,cpu         ] GC(2994) User=0.00s Sys=0.00s Real=0.00s
[435.531s][info ][safepoint      ] Safepoint "G1CollectForAllocation", Time since last: 145107892 ns, Reaching safepoint: 251948 ns, At safepoint: 1723146 ns, Total: 1975094 ns
[435.680s][debug][gc,heap        ] GC(2995) Heap before GC invocations=2995 (full 1): garbage-first heap   total 309248K, used 187363K [0x0000000700000000, 0x0000000800000000)
[435.680s][debug][gc,heap        ] GC(2995)   region size 1024K, 181 young (185344K), 1 survivors (1024K)
[435.680s][debug][gc,heap        ] GC(2995)  Metaspace       used 9905K, capacity 10179K, committed 10624K, reserved 1058816K
[435.680s][debug][gc,heap        ] GC(2995)   class space    used 1146K, capacity 1267K, committed 1408K, reserved 1048576K
[435.680s][info ][gc,start       ] GC(2995) Pause Young (Normal) (G1 Evacuation Pause)
[435.680s][info ][gc,task        ] GC(2995) Using 8 workers of 8 for evacuation
[435.680s][debug][gc,tlab        ] GC(2995) TLAB totals: thrds: 8  refills: 722 max: 100 slow allocs: 0 max 0 waste:  1.0% gc: 1490488B max: 429520B slow: 416568B max: 57632B fast: 0B max: 0B
[435.680s][debug][gc,age         ] GC(2995) Desired survivor size 12058624 bytes, new threshold 15 (max threshold 15)
[435.680s][debug][gc,alloc,region] GC(2995) Mutator Allocation stats, regions: 180, wasted size: 0B ( 0.0%)
[435.681s][debug][gc,ergo        ] GC(2995) Running G1 Merge Heap Roots using 8 workers for 181 regions
[435.681s][debug][gc,remset      ] GC(2995) Visited cards 256 Total dirty 2048 (12.50%) Total old 759808 (0.03%)
[435.681s][debug][gc,ergo        ] GC(2995) Running G1 Clear Card Table Task using 1 workers for 1 units of work for 182 regions.
[435.681s][debug][gc,ref         ] GC(2995) Skipped phase1 of Reference Processing due to unavailable references
[435.681s][debug][gc,ref         ] GC(2995) Skipped phase2 of Reference Processing due to unavailable references
[435.681s][debug][gc,ref         ] GC(2995) Skipped phase3 of Reference Processing due to unavailable references
[435.681s][debug][gc,ref         ] GC(2995) Skipped phase4 of Reference Processing due to unavailable references
[435.681s][debug][gc,ergo        ] GC(2995) Running G1 Free Collection Set using 8 workers for collection set length 181 (302)
[435.681s][debug][gc,ergo        ] GC(2995) Running G1 Rebuild Free List Task using 8 workers for rebuilding free list of 0 (4096) regions
[435.681s][trace][gc,age         ] GC(2995) Age table with threshold 15 (max threshold 15)
[435.681s][trace][gc,age         ] GC(2995) - age   1:        488 bytes,        488 total
[435.681s][debug][gc,plab        ] GC(2995) Young PLAB allocation: allocated: 12384B, wasted: 0B, unused: 11896B, used: 488B, undo waste: 0B, 
[435.681s][debug][gc,plab        ] GC(2995) Young other allocation: region end waste: 0B, regions filled: 1, direct allocated: 0B, failure used: 0B, failure wasted: 0B
[435.681s][debug][gc,plab        ] GC(2995) Young sizing: calculated: 96B, actual: 2064B
[435.681s][debug][gc,plab        ] GC(2995) Old PLAB allocation: allocated: 0B, wasted: 0B, unused: 0B, used: 0B, undo waste: 0B, 
[435.681s][debug][gc,plab        ] GC(2995) Old other allocation: region end waste: 0B, regions filled: 1, direct allocated: 0B, failure used: 0B, failure wasted: 0B
[435.681s][debug][gc,plab        ] GC(2995) Old sizing: calculated: 0B, actual: 2064B
[435.681s][debug][gc,ihop        ] GC(2995) Basic information (value update), threshold: 142501478B (45.00), target occupancy: 316669952B, current occupancy: 4167128B, recent allocation size: 0B, recent allocation duration: 150.25ms, recent old gen allocation rate: 0.00B/s, recent marking phase length: 0.00ms
[435.681s][debug][gc,ihop        ] GC(2995) Adaptive IHOP information (value update), threshold: 142501478B (47.37), internal target occupancy: 300836454B, occupancy: 4167128B, additional buffer size: 189792256B, predicted old gen allocation rate: 0.00B/s, predicted marking phase length: 0.00ms, prediction active: false
[435.681s][debug][gc,ergo,refine ] GC(2995) Concurrent refinement times: Logged Cards Scan time goal: 20.00ms Logged Cards Scan time: 0.00ms HCC time: 0.00ms
[435.681s][debug][gc,ergo,refine ] GC(2995) Updated Refinement Zones: green: 2048, yellow: 6144, red: 10240
[435.681s][info ][gc,phases      ] GC(2995)   Pre Evacuate Collection Set: 0.1ms
[435.681s][debug][gc,phases      ] GC(2995)     Prepare TLABs: 0.0ms
[435.681s][debug][gc,phases      ] GC(2995)     Choose Collection Set: 0.0ms
[435.681s][debug][gc,phases      ] GC(2995)     Region Register: 0.1ms
[435.681s][debug][gc,phases      ] GC(2995)     Prepare Heap Roots: 0.0ms
[435.681s][info ][gc,phases      ] GC(2995)   Merge Heap Roots: 0.1ms
[435.681s][debug][gc,phases      ] GC(2995)     Prepare Merge Heap Roots: 0.0ms
[435.681s][debug][gc,phases      ] GC(2995)     Eager Reclaim (ms):       skipped
[435.681s][debug][gc,phases      ] GC(2995)     Remembered Sets (ms):     Min:  0.0, Avg:  0.0, Max:  0.0, Diff:  0.0, Sum:  0.0, Workers: 8
[435.681s][debug][gc,phases      ] GC(2995)       Merged Sparse:            Min: 0, Avg:  0.0, Max: 0, Diff: 0, Sum: 0, Workers: 8
[435.681s][debug][gc,phases      ] GC(2995)       Merged Fine:              Min: 0, Avg:  0.0, Max: 0, Diff: 0, Sum: 0, Workers: 8
[435.681s][debug][gc,phases      ] GC(2995)       Merged Coarse:            Min: 0, Avg:  0.0, Max: 0, Diff: 0, Sum: 0, Workers: 8
[435.681s][debug][gc,phases      ] GC(2995)       Dirty Cards:              Min: 0, Avg:  0.0, Max: 0, Diff: 0, Sum: 0, Workers: 8
[435.681s][debug][gc,phases      ] GC(2995)     Hot Card Cache (ms):      Min:  0.0, Avg:  0.0, Max:  0.0, Diff:  0.0, Sum:  0.0, Workers: 8
[435.681s][debug][gc,phases      ] GC(2995)       Dirty Cards:              Min: 0, Avg:  0.0, Max: 0, Diff: 0, Sum: 0, Workers: 8
[435.681s][debug][gc,phases      ] GC(2995)       Skipped Cards:            Min: 0, Avg:  0.0, Max: 0, Diff: 0, Sum: 0, Workers: 8
[435.681s][debug][gc,phases      ] GC(2995)     Log Buffers (ms):         Min:  0.0, Avg:  0.0, Max:  0.0, Diff:  0.0, Sum:  0.0, Workers: 8
[435.681s][debug][gc,phases      ] GC(2995)       Dirty Cards:              Min: 0, Avg:  0.1, Max: 1, Diff: 1, Sum: 1, Workers: 8
[435.681s][debug][gc,phases      ] GC(2995)       Skipped Cards:            Min: 0, Avg:  0.0, Max: 0, Diff: 0, Sum: 0, Workers: 8
[435.681s][info ][gc,phases      ] GC(2995)   Evacuate Collection Set: 0.2ms
[435.681s][debug][gc,phases      ] GC(2995)     Ext Root Scanning (ms):   Min:  0.0, Avg:  0.0, Max:  0.1, Diff:  0.1, Sum:  0.2, Workers: 8
[435.681s][debug][gc,phases      ] GC(2995)     Scan Heap Roots (ms):     Min:  0.0, Avg:  0.0, Max:  0.0, Diff:  0.0, Sum:  0.0, Workers: 8
[435.681s][debug][gc,phases      ] GC(2995)       Scanned Cards:            Min: 0, Avg:  0.1, Max: 1, Diff: 1, Sum: 1, Workers: 8
[435.681s][debug][gc,phases      ] GC(2995)       Scanned Blocks:           Min: 0, Avg:  0.1, Max: 1, Diff: 1, Sum: 1, Workers: 8
[435.681s][debug][gc,phases      ] GC(2995)       Claimed Chunks:           Min: 0, Avg:  0.1, Max: 1, Diff: 1, Sum: 1, Workers: 8
[435.681s][debug][gc,phases      ] GC(2995)     Code Root Scan (ms):      Min:  0.0, Avg:  0.0, Max:  0.0, Diff:  0.0, Sum:  0.0, Workers: 8
[435.681s][debug][gc,phases      ] GC(2995)     Object Copy (ms):         Min:  0.0, Avg:  0.0, Max:  0.0, Diff:  0.0, Sum:  0.0, Workers: 8
[435.681s][debug][gc,phases      ] GC(2995)     Termination (ms):         Min:  0.0, Avg:  0.1, Max:  0.1, Diff:  0.0, Sum:  0.5, Workers: 8
[435.681s][debug][gc,phases      ] GC(2995)       Termination Attempts:     Min: 1, Avg:  1.0, Max: 1, Diff: 0, Sum: 8, Workers: 8
[435.681s][debug][gc,phases      ] GC(2995)     GC Worker Other (ms):     Min:  0.0, Avg:  0.0, Max:  0.0, Diff:  0.0, Sum:  0.1, Workers: 8
[435.681s][debug][gc,phases      ] GC(2995)     GC Worker Total (ms):     Min:  0.1, Avg:  0.1, Max:  0.1, Diff:  0.1, Sum:  0.9, Workers: 8
[435.681s][info ][gc,phases      ] GC(2995)   Post Evacuate Collection Set: 0.3ms
[435.682s][debug][gc,phases      ] GC(2995)     Code Roots Fixup: 0.0ms
[435.682s][debug][gc,phases      ] GC(2995)     Clear Card Table: 0.1ms
[435.682s][debug][gc,phases      ] GC(2995)     Reference Processing: 0.0ms
[435.682s][debug][gc,phases,ref  ] GC(2995)       Reconsider SoftReferences: 0.0ms
[435.682s][debug][gc,phases,ref  ] GC(2995)         SoftRef (ms):             skipped
[435.682s][debug][gc,phases,ref  ] GC(2995)       Notify Soft/WeakReferences: 0.0ms
[435.682s][debug][gc,phases,ref  ] GC(2995)         SoftRef (ms):             skipped
[435.682s][debug][gc,phases,ref  ] GC(2995)         WeakRef (ms):             skipped
[435.682s][debug][gc,phases,ref  ] GC(2995)         FinalRef (ms):            skipped
[435.682s][debug][gc,phases,ref  ] GC(2995)         Total (ms):               skipped
[435.682s][debug][gc,phases,ref  ] GC(2995)       Notify and keep alive finalizable: 0.0ms
[435.682s][debug][gc,phases,ref  ] GC(2995)         FinalRef (ms):            skipped
[435.682s][debug][gc,phases,ref  ] GC(2995)       Notify PhantomReferences: 0.0ms
[435.682s][debug][gc,phases,ref  ] GC(2995)         PhantomRef (ms):          skipped
[435.682s][debug][gc,phases,ref  ] GC(2995)       SoftReference:
[435.682s][debug][gc,phases,ref  ] GC(2995)         Discovered: 0
[435.682s][debug][gc,phases,ref  ] GC(2995)         Cleared: 0
[435.682s][debug][gc,phases,ref  ] GC(2995)       WeakReference:
[435.682s][debug][gc,phases,ref  ] GC(2995)         Discovered: 0
[435.682s][debug][gc,phases,ref  ] GC(2995)         Cleared: 0
[435.682s][debug][gc,phases,ref  ] GC(2995)       FinalReference:
[435.682s][debug][gc,phases,ref  ] GC(2995)         Discovered: 0
[435.682s][debug][gc,phases,ref  ] GC(2995)         Cleared: 0
[435.682s][debug][gc,phases,ref  ] GC(2995)       PhantomReference:
[435.682s][debug][gc,phases,ref  ] GC(2995)         Discovered: 0
[435.682s][debug][gc,phases,ref  ] GC(2995)         Cleared: 0
[435.682s][debug][gc,phases      ] GC(2995)     Weak Processing: 0.0ms
[435.682s][debug][gc,phases      ] GC(2995)       JVMTI weak processing: 0.0ms
[435.682s][debug][gc,phases      ] GC(2995)         Dead: 0
[435.682s][debug][gc,phases      ] GC(2995)         Total: 0
[435.682s][debug][gc,phases      ] GC(2995)       JFR weak processing: 0.0ms
[435.682s][debug][gc,phases      ] GC(2995)         Dead: 0
[435.682s][debug][gc,phases      ] GC(2995)         Total: 0
[435.682s][debug][gc,phases      ] GC(2995)       JNI weak                  Min:  0.0, Avg:  0.0, Max:  0.0, Diff:  0.0, Sum:  0.0, Workers: 5
[435.682s][debug][gc,phases      ] GC(2995)         Dead                      Min: 0, Avg:  0.0, Max: 0, Diff: 0, Sum: 0, Workers: 5
[435.682s][debug][gc,phases      ] GC(2995)         Total                     Min: 0, Avg: 13.6, Max: 68, Diff: 68, Sum: 68, Workers: 5
[435.682s][debug][gc,phases      ] GC(2995)       VM weak                   Min:  0.0, Avg:  0.0, Max:  0.0, Diff:  0.0, Sum:  0.0, Workers: 5
[435.682s][debug][gc,phases      ] GC(2995)         Dead                      Min: 0, Avg:  0.0, Max: 0, Diff: 0, Sum: 0, Workers: 5
[435.682s][debug][gc,phases      ] GC(2995)         Total                     Min: 0, Avg: 42.6, Max: 213, Diff: 213, Sum: 213, Workers: 5
[435.682s][debug][gc,phases      ] GC(2995)       StringTable weak          Min:  0.0, Avg:  0.0, Max:  0.0, Diff:  0.0, Sum:  0.0, Workers: 5
[435.682s][debug][gc,phases      ] GC(2995)         Dead                      Min: 0, Avg:  0.0, Max: 0, Diff: 0, Sum: 0, Workers: 5
[435.682s][debug][gc,phases      ] GC(2995)         Total                     Min: 0, Avg: 682.0, Max: 1599, Diff: 1599, Sum: 3410, Workers: 5
[435.682s][debug][gc,phases      ] GC(2995)       ResolvedMethodTable weak  Min:  0.0, Avg:  0.0, Max:  0.0, Diff:  0.0, Sum:  0.0, Workers: 5
[435.682s][debug][gc,phases      ] GC(2995)         Dead                      Min: 0, Avg:  0.0, Max: 0, Diff: 0, Sum: 0, Workers: 5
[435.682s][debug][gc,phases      ] GC(2995)         Total                     Min: 0, Avg: 114.8, Max: 192, Diff: 192, Sum: 574, Workers: 5
[435.682s][debug][gc,phases      ] GC(2995)     Merge Per-Thread State: 0.0ms
[435.682s][debug][gc,phases      ] GC(2995)       Copied Bytes              Min: 0, Avg: 61.0, Max: 192, Diff: 192, Sum: 488, Workers: 8
[435.682s][debug][gc,phases      ] GC(2995)       LAB Waste                 Min: 0, Avg:  0.0, Max: 0, Diff: 0, Sum: 0, Workers: 8
[435.682s][debug][gc,phases      ] GC(2995)       LAB Undo Waste            Min: 0, Avg:  0.0, Max: 0, Diff: 0, Sum: 0, Workers: 8
[435.682s][debug][gc,phases      ] GC(2995)     Code Roots Purge: 0.0ms
[435.682s][debug][gc,phases      ] GC(2995)     Redirty Cards: 0.0ms
[435.682s][debug][gc,phases      ] GC(2995)     DerivedPointerTable Update: 0.0ms
[435.682s][debug][gc,phases      ] GC(2995)     Free Collection Set: 0.1ms
[435.682s][debug][gc,phases      ] GC(2995)     Rebuild Free List: 0.0ms
[435.682s][debug][gc,phases      ] GC(2995)     Humongous Reclaim: 0.0ms
[435.682s][debug][gc,phases      ] GC(2995)     Start New Collection Set: 0.0ms
[435.682s][debug][gc,phases      ] GC(2995)     Resize TLABs: 0.0ms
[435.682s][debug][gc,phases      ] GC(2995)     Expand Heap After Collection: 0.0ms
[435.682s][info ][gc,phases      ] GC(2995)   Other: 0.3ms
[435.682s][info ][gc,heap        ] GC(2995) Eden regions: 180->0(180)
[435.682s][info ][gc,heap        ] GC(2995) Survivor regions: 1->1(23)
[435.682s][info ][gc,heap        ] GC(2995) Old regions: 7->7
[435.682s][info ][gc,heap        ] GC(2995) Archive regions: 2->2
[435.682s][info ][gc,heap        ] GC(2995) Humongous regions: 0->0
[435.682s][info ][gc,metaspace   ] GC(2995) Metaspace: 9905K(10624K)->9905K(10624K) NonClass: 8758K(9216K)->8758K(9216K) Class: 1146K(1408K)->1146K(1408K)
[435.682s][debug][gc,heap        ] GC(2995) Heap after GC invocations=2996 (full 1): garbage-first heap   total 309248K, used 4069K [0x0000000700000000, 0x0000000800000000)
[435.682s][debug][gc,heap        ] GC(2995)   region size 1024K, 1 young (1024K), 1 survivors (1024K)
[435.682s][debug][gc,heap        ] GC(2995)  Metaspace       used 9905K, capacity 10179K, committed 10624K, reserved 1058816K
[435.682s][debug][gc,heap        ] GC(2995)   class space    used 1146K, capacity 1267K, committed 1408K, reserved 1048576K
[435.682s][info ][gc             ] GC(2995) Pause Young (Normal) (G1 Evacuation Pause) 183M->3M(302M) 1.540ms
[435.682s][info ][gc,cpu         ] GC(2995) User=0.00s Sys=0.00s Real=0.00s
[435.682s][info ][safepoint      ] Safepoint "G1CollectForAllocation", Time since last: 149259928 ns, Reaching safepoint: 115364 ns, At safepoint: 1707586 ns, Total: 1822950 ns
[435.832s][debug][gc,heap        ] GC(2996) Heap before GC invocations=2996 (full 1): garbage-first heap   total 309248K, used 188389K [0x0000000700000000, 0x0000000800000000)
[435.832s][debug][gc,heap        ] GC(2996)   region size 1024K, 181 young (185344K), 1 survivors (1024K)
[435.832s][debug][gc,heap        ] GC(2996)  Metaspace       used 9905K, capacity 10179K, committed 10624K, reserved 1058816K
[435.832s][debug][gc,heap        ] GC(2996)   class space    used 1146K, capacity 1267K, committed 1408K, reserved 1048576K
[435.832s][info ][gc,start       ] GC(2996) Pause Young (Normal) (G1 Evacuation Pause)
[435.832s][info ][gc,task        ] GC(2996) Using 8 workers of 8 for evacuation
[435.832s][debug][gc,tlab        ] GC(2996) TLAB totals: thrds: 8  refills: 723 max: 98 slow allocs: 0 max 0 waste:  1.0% gc: 1397992B max: 407808B slow: 418392B max: 57056B fast: 0B max: 0B
[435.832s][debug][gc,age         ] GC(2996) Desired survivor size 12058624 bytes, new threshold 15 (max threshold 15)
[435.832s][debug][gc,alloc,region] GC(2996) Mutator Allocation stats, regions: 180, wasted size: 0B ( 0.0%)
[435.832s][debug][gc,ergo        ] GC(2996) Running G1 Merge Heap Roots using 8 workers for 181 regions
[435.832s][debug][gc,remset      ] GC(2996) Visited cards 256 Total dirty 2048 (12.50%) Total old 759808 (0.03%)
[435.833s][debug][gc,ergo        ] GC(2996) Running G1 Clear Card Table Task using 1 workers for 1 units of work for 182 regions.
[435.833s][debug][gc,ref         ] GC(2996) Skipped phase1 of Reference Processing due to unavailable references
[435.833s][debug][gc,ref         ] GC(2996) Skipped phase2 of Reference Processing due to unavailable references
[435.833s][debug][gc,ref         ] GC(2996) Skipped phase3 of Reference Processing due to unavailable references
[435.833s][debug][gc,ref         ] GC(2996) Skipped phase4 of Reference Processing due to unavailable references
[435.833s][debug][gc,ergo        ] GC(2996) Running G1 Free Collection Set using 8 workers for collection set length 181 (302)
[435.833s][debug][gc,ergo        ] GC(2996) Running G1 Rebuild Free List Task using 8 workers for rebuilding free list of 0 (4096) regions
[435.833s][trace][gc,age         ] GC(2996) Age table with threshold 15 (max threshold 15)
[435.833s][trace][gc,age         ] GC(2996) - age   1:        536 bytes,        536 total
[435.833s][debug][gc,plab        ] GC(2996) Young PLAB allocation: allocated: 6192B, wasted: 0B, unused: 5656B, used: 536B, undo waste: 0B, 
[435.833s][debug][gc,plab        ] GC(2996) Young other allocation: region end waste: 0B, regions filled: 1, direct allocated: 0B, failure used: 0B, failure wasted: 0B
[435.833s][debug][gc,plab        ] GC(2996) Young sizing: calculated: 104B, actual: 2064B
[435.833s][debug][gc,plab        ] GC(2996) Old PLAB allocation: allocated: 0B, wasted: 0B, unused: 0B, used: 0B, undo waste: 0B, 
[435.833s][debug][gc,plab        ] GC(2996) Old other allocation: region end waste: 0B, regions filled: 1, direct allocated: 0B, failure used: 0B, failure wasted: 0B
[435.833s][debug][gc,plab        ] GC(2996) Old sizing: calculated: 0B, actual: 2064B
[435.833s][debug][gc,ihop        ] GC(2996) Basic information (value update), threshold: 142501478B (45.00), target occupancy: 316669952B, current occupancy: 4160936B, recent allocation size: 0B, recent allocation duration: 150.95ms, recent old gen allocation rate: 0.00B/s, recent marking phase length: 0.00ms
[435.833s][debug][gc,ihop        ] GC(2996) Adaptive IHOP information (value update), threshold: 142501478B (47.37), internal target occupancy: 300836454B, occupancy: 4160936B, additional buffer size: 189792256B, predicted old gen allocation rate: 0.00B/s, predicted marking phase length: 0.00ms, prediction active: false
[435.833s][debug][gc,ergo,refine ] GC(2996) Concurrent refinement times: Logged Cards Scan time goal: 20.00ms Logged Cards Scan time: 0.00ms HCC time: 0.00ms
[435.833s][debug][gc,ergo,refine ] GC(2996) Updated Refinement Zones: green: 2048, yellow: 6144, red: 10240
[435.833s][info ][gc,phases      ] GC(2996)   Pre Evacuate Collection Set: 0.1ms
[435.833s][debug][gc,phases      ] GC(2996)     Prepare TLABs: 0.0ms
[435.833s][debug][gc,phases      ] GC(2996)     Choose Collection Set: 0.0ms
[435.833s][debug][gc,phases      ] GC(2996)     Region Register: 0.1ms
[435.833s][debug][gc,phases      ] GC(2996)     Prepare Heap Roots: 0.0ms
[435.833s][info ][gc,phases      ] GC(2996)   Merge Heap Roots: 0.1ms
[435.833s][debug][gc,phases      ] GC(2996)     Prepare Merge Heap Roots: 0.0ms
[435.833s][debug][gc,phases      ] GC(2996)     Eager Reclaim (ms):       skipped
[435.833s][debug][gc,phases      ] GC(2996)     Remembered Sets (ms):     Min:  0.0, Avg:  0.0, Max:  0.0, Diff:  0.0, Sum:  0.0, Workers: 8
[435.833s][debug][gc,phases      ] GC(2996)       Merged Sparse:            Min: 0, Avg:  0.0, Max: 0, Diff: 0, Sum: 0, Workers: 8
[435.833s][debug][gc,phases      ] GC(2996)       Merged Fine:              Min: 0, Avg:  0.0, Max: 0, Diff: 0, Sum: 0, Workers: 8
[435.833s][debug][gc,phases      ] GC(2996)       Merged Coarse:            Min: 0, Avg:  0.0, Max: 0, Diff: 0, Sum: 0, Workers: 8
[435.833s][debug][gc,phases      ] GC(2996)       Dirty Cards:              Min: 0, Avg:  0.0, Max: 0, Diff: 0, Sum: 0, Workers: 8
[435.833s][debug][gc,phases      ] GC(2996)     Hot Card Cache (ms):      Min:  0.0, Avg:  0.0, Max:  0.0, Diff:  0.0, Sum:  0.0, Workers: 8
[435.833s][debug][gc,phases      ] GC(2996)       Dirty Cards:              Min: 0, Avg:  0.0, Max: 0, Diff: 0, Sum: 0, Workers: 8
[435.833s][debug][gc,phases      ] GC(2996)       Skipped Cards:            Min: 0, Avg:  0.0, Max: 0, Diff: 0, Sum: 0, Workers: 8
[435.833s][debug][gc,phases      ] GC(2996)     Log Buffers (ms):         Min:  0.0, Avg:  0.0, Max:  0.0, Diff:  0.0, Sum:  0.0, Workers: 8
[435.833s][debug][gc,phases      ] GC(2996)       Dirty Cards:              Min: 0, Avg:  0.1, Max: 1, Diff: 1, Sum: 1, Workers: 8
[435.833s][debug][gc,phases      ] GC(2996)       Skipped Cards:            Min: 0, Avg:  0.0, Max: 0, Diff: 0, Sum: 0, Workers: 8
[435.833s][info ][gc,phases      ] GC(2996)   Evacuate Collection Set: 0.1ms
[435.833s][debug][gc,phases      ] GC(2996)     Ext Root Scanning (ms):   Min:  0.0, Avg:  0.0, Max:  0.1, Diff:  0.1, Sum:  0.2, Workers: 8
[435.833s][debug][gc,phases      ] GC(2996)     Scan Heap Roots (ms):     Min:  0.0, Avg:  0.0, Max:  0.0, Diff:  0.0, Sum:  0.0, Workers: 8
[435.833s][debug][gc,phases      ] GC(2996)       Scanned Cards:            Min: 0, Avg:  0.1, Max: 1, Diff: 1, Sum: 1, Workers: 8
[435.833s][debug][gc,phases      ] GC(2996)       Scanned Blocks:           Min: 0, Avg:  0.1, Max: 1, Diff: 1, Sum: 1, Workers: 8
[435.833s][debug][gc,phases      ] GC(2996)       Claimed Chunks:           Min: 0, Avg:  0.1, Max: 1, Diff: 1, Sum: 1, Workers: 8
[435.833s][debug][gc,phases      ] GC(2996)     Code Root Scan (ms):      Min:  0.0, Avg:  0.0, Max:  0.0, Diff:  0.0, Sum:  0.0, Workers: 8
[435.833s][debug][gc,phases      ] GC(2996)     Object Copy (ms):         Min:  0.0, Avg:  0.0, Max:  0.0, Diff:  0.0, Sum:  0.0, Workers: 8
[435.833s][debug][gc,phases      ] GC(2996)     Termination (ms):         Min:  0.0, Avg:  0.1, Max:  0.1, Diff:  0.0, Sum:  0.4, Workers: 8
[435.833s][debug][gc,phases      ] GC(2996)       Termination Attempts:     Min: 1, Avg:  1.0, Max: 1, Diff: 0, Sum: 8, Workers: 8
[435.833s][debug][gc,phases      ] GC(2996)     GC Worker Other (ms):     Min:  0.0, Avg:  0.0, Max:  0.0, Diff:  0.0, Sum:  0.1, Workers: 8
[435.833s][debug][gc,phases      ] GC(2996)     GC Worker Total (ms):     Min:  0.1, Avg:  0.1, Max:  0.1, Diff:  0.0, Sum:  0.8, Workers: 8
[435.833s][info ][gc,phases      ] GC(2996)   Post Evacuate Collection Set: 0.3ms
[435.833s][debug][gc,phases      ] GC(2996)     Code Roots Fixup: 0.0ms
[435.833s][debug][gc,phases      ] GC(2996)     Clear Card Table: 0.1ms
[435.833s][debug][gc,phases      ] GC(2996)     Reference Processing: 0.0ms
[435.833s][debug][gc,phases,ref  ] GC(2996)       Reconsider SoftReferences: 0.0ms
[435.833s][debug][gc,phases,ref  ] GC(2996)         SoftRef (ms):             skipped
[435.833s][debug][gc,phases,ref  ] GC(2996)       Notify Soft/WeakReferences: 0.0ms
[435.833s][debug][gc,phases,ref  ] GC(2996)         SoftRef (ms):             skipped
[435.833s][debug][gc,phases,ref  ] GC(2996)         WeakRef (ms):             skipped
[435.833s][debug][gc,phases,ref  ] GC(2996)         FinalRef (ms):            skipped
[435.833s][debug][gc,phases,ref  ] GC(2996)         Total (ms):               skipped
[435.833s][debug][gc,phases,ref  ] GC(2996)       Notify and keep alive finalizable: 0.0ms
[435.833s][debug][gc,phases,ref  ] GC(2996)         FinalRef (ms):            skipped
[435.833s][debug][gc,phases,ref  ] GC(2996)       Notify PhantomReferences: 0.0ms
[435.833s][debug][gc,phases,ref  ] GC(2996)         PhantomRef (ms):          skipped
[435.833s][debug][gc,phases,ref  ] GC(2996)       SoftReference:
[435.833s][debug][gc,phases,ref  ] GC(2996)         Discovered: 0
[435.833s][debug][gc,phases,ref  ] GC(2996)         Cleared: 0
[435.833s][debug][gc,phases,ref  ] GC(2996)       WeakReference:
[435.833s][debug][gc,phases,ref  ] GC(2996)         Discovered: 0
[435.833s][debug][gc,phases,ref  ] GC(2996)         Cleared: 0
[435.833s][debug][gc,phases,ref  ] GC(2996)       FinalReference:
[435.833s][debug][gc,phases,ref  ] GC(2996)         Discovered: 0
[435.833s][debug][gc,phases,ref  ] GC(2996)         Cleared: 0
[435.833s][debug][gc,phases,ref  ] GC(2996)       PhantomReference:
[435.833s][debug][gc,phases,ref  ] GC(2996)         Discovered: 0
[435.833s][debug][gc,phases,ref  ] GC(2996)         Cleared: 0
[435.833s][debug][gc,phases      ] GC(2996)     Weak Processing: 0.0ms
[435.833s][debug][gc,phases      ] GC(2996)       JVMTI weak processing: 0.0ms
[435.833s][debug][gc,phases      ] GC(2996)         Dead: 0
[435.833s][debug][gc,phases      ] GC(2996)         Total: 0
[435.833s][debug][gc,phases      ] GC(2996)       JFR weak processing: 0.0ms
[435.833s][debug][gc,phases      ] GC(2996)         Dead: 0
[435.833s][debug][gc,phases      ] GC(2996)         Total: 0
[435.833s][debug][gc,phases      ] GC(2996)       JNI weak                  Min:  0.0, Avg:  0.0, Max:  0.0, Diff:  0.0, Sum:  0.0, Workers: 5
[435.833s][debug][gc,phases      ] GC(2996)         Dead                      Min: 0, Avg:  0.0, Max: 0, Diff: 0, Sum: 0, Workers: 5
[435.833s][debug][gc,phases      ] GC(2996)         Total                     Min: 0, Avg: 13.6, Max: 52, Diff: 52, Sum: 68, Workers: 5
[435.833s][debug][gc,phases      ] GC(2996)       VM weak                   Min:  0.0, Avg:  0.0, Max:  0.0, Diff:  0.0, Sum:  0.0, Workers: 5
[435.833s][debug][gc,phases      ] GC(2996)         Dead                      Min: 0, Avg:  0.0, Max: 0, Diff: 0, Sum: 0, Workers: 5
[435.833s][debug][gc,phases      ] GC(2996)         Total                     Min: 0, Avg: 42.6, Max: 64, Diff: 64, Sum: 213, Workers: 5
[435.833s][debug][gc,phases      ] GC(2996)       StringTable weak          Min:  0.0, Avg:  0.0, Max:  0.0, Diff:  0.0, Sum:  0.1, Workers: 5
[435.833s][debug][gc,phases      ] GC(2996)         Dead                      Min: 0, Avg:  0.0, Max: 0, Diff: 0, Sum: 0, Workers: 5
[435.833s][debug][gc,phases      ] GC(2996)         Total                     Min: 0, Avg: 682.0, Max: 959, Diff: 959, Sum: 3410, Workers: 5
[435.833s][debug][gc,phases      ] GC(2996)       ResolvedMethodTable weak  Min:  0.0, Avg:  0.0, Max:  0.0, Diff:  0.0, Sum:  0.0, Workers: 5
[435.833s][debug][gc,phases      ] GC(2996)         Dead                      Min: 0, Avg:  0.0, Max: 0, Diff: 0, Sum: 0, Workers: 5
[435.833s][debug][gc,phases      ] GC(2996)         Total                     Min: 0, Avg: 114.8, Max: 192, Diff: 192, Sum: 574, Workers: 5
[435.833s][debug][gc,phases      ] GC(2996)     Merge Per-Thread State: 0.0ms
[435.833s][debug][gc,phases      ] GC(2996)       Copied Bytes              Min: 0, Avg: 67.0, Max: 272, Diff: 272, Sum: 536, Workers: 8
[435.833s][debug][gc,phases      ] GC(2996)       LAB Waste                 Min: 0, Avg:  0.0, Max: 0, Diff: 0, Sum: 0, Workers: 8
[435.833s][debug][gc,phases      ] GC(2996)       LAB Undo Waste            Min: 0, Avg:  0.0, Max: 0, Diff: 0, Sum: 0, Workers: 8
[435.833s][debug][gc,phases      ] GC(2996)     Code Roots Purge: 0.0ms
[435.833s][debug][gc,phases      ] GC(2996)     Redirty Cards: 0.0ms
[435.833s][debug][gc,phases      ] GC(2996)     DerivedPointerTable Update: 0.0ms
[435.833s][debug][gc,phases      ] GC(2996)     Free Collection Set: 0.1ms
[435.833s][debug][gc,phases      ] GC(2996)     Rebuild Free List: 0.1ms
[435.833s][debug][gc,phases      ] GC(2996)     Humongous Reclaim: 0.0ms
[435.834s][debug][gc,phases      ] GC(2996)     Start New Collection Set: 0.0ms
[435.834s][debug][gc,phases      ] GC(2996)     Resize TLABs: 0.0ms
[435.834s][debug][gc,phases      ] GC(2996)     Expand Heap After Collection: 0.0ms
[435.834s][info ][gc,phases      ] GC(2996)   Other: 0.3ms
[435.834s][info ][gc,heap        ] GC(2996) Eden regions: 180->0(180)
[435.834s][info ][gc,heap        ] GC(2996) Survivor regions: 1->1(23)
[435.834s][info ][gc,heap        ] GC(2996) Old regions: 7->7
[435.834s][info ][gc,heap        ] GC(2996) Archive regions: 2->2
[435.834s][info ][gc,heap        ] GC(2996) Humongous regions: 0->0
[435.834s][info ][gc,metaspace   ] GC(2996) Metaspace: 9905K(10624K)->9905K(10624K) NonClass: 8758K(9216K)->8758K(9216K) Class: 1146K(1408K)->1146K(1408K)
[435.834s][debug][gc,heap        ] GC(2996) Heap after GC invocations=2997 (full 1): garbage-first heap   total 309248K, used 4063K [0x0000000700000000, 0x0000000800000000)
[435.834s][debug][gc,heap        ] GC(2996)   region size 1024K, 1 young (1024K), 1 survivors (1024K)
[435.834s][debug][gc,heap        ] GC(2996)  Metaspace       used 9905K, capacity 10179K, committed 10624K, reserved 1058816K
[435.834s][debug][gc,heap        ] GC(2996)   class space    used 1146K, capacity 1267K, committed 1408K, reserved 1048576K
[435.834s][info ][gc             ] GC(2996) Pause Young (Normal) (G1 Evacuation Pause) 183M->3M(302M) 1.428ms
[435.834s][info ][gc,cpu         ] GC(2996) User=0.01s Sys=0.00s Real=0.01s
[435.834s][info ][safepoint      ] Safepoint "G1CollectForAllocation", Time since last: 149899048 ns, Reaching safepoint: 175189 ns, At safepoint: 1590554 ns, Total: 1765743 ns
[435.984s][debug][gc,heap        ] GC(2997) Heap before GC invocations=2997 (full 1): garbage-first heap   total 309248K, used 188383K [0x0000000700000000, 0x0000000800000000)
[435.984s][debug][gc,heap        ] GC(2997)   region size 1024K, 181 young (185344K), 1 survivors (1024K)
[435.984s][debug][gc,heap        ] GC(2997)  Metaspace       used 9905K, capacity 10179K, committed 10624K, reserved 1058816K
[435.984s][debug][gc,heap        ] GC(2997)   class space    used 1146K, capacity 1267K, committed 1408K, reserved 1048576K
[435.984s][info ][gc,start       ] GC(2997) Pause Young (Normal) (G1 Evacuation Pause)
[435.984s][info ][gc,task        ] GC(2997) Using 8 workers of 8 for evacuation
[435.984s][debug][gc,tlab        ] GC(2997) TLAB totals: thrds: 8  refills: 722 max: 95 slow allocs: 0 max 0 waste:  1.0% gc: 1468976B max: 391880B slow: 417688B max: 54896B fast: 0B max: 0B
[435.984s][debug][gc,age         ] GC(2997) Desired survivor size 12058624 bytes, new threshold 15 (max threshold 15)
[435.984s][debug][gc,alloc,region] GC(2997) Mutator Allocation stats, regions: 180, wasted size: 0B ( 0.0%)
[435.985s][debug][gc,ergo        ] GC(2997) Running G1 Merge Heap Roots using 8 workers for 181 regions
[435.985s][debug][gc,remset      ] GC(2997) Visited cards 256 Total dirty 2048 (12.50%) Total old 759808 (0.03%)
[435.985s][debug][gc,ergo        ] GC(2997) Running G1 Clear Card Table Task using 1 workers for 1 units of work for 182 regions.
[435.985s][debug][gc,ref         ] GC(2997) Skipped phase1 of Reference Processing due to unavailable references
[435.985s][debug][gc,ref         ] GC(2997) Skipped phase2 of Reference Processing due to unavailable references
[435.985s][debug][gc,ref         ] GC(2997) Skipped phase3 of Reference Processing due to unavailable references
[435.985s][debug][gc,ref         ] GC(2997) Skipped phase4 of Reference Processing due to unavailable references
[435.985s][debug][gc,ergo        ] GC(2997) Running G1 Free Collection Set using 8 workers for collection set length 181 (302)
[435.985s][debug][gc,ergo        ] GC(2997) Running G1 Rebuild Free List Task using 8 workers for rebuilding free list of 0 (4096) regions
[435.985s][trace][gc,age         ] GC(2997) Age table with threshold 15 (max threshold 15)
[435.985s][trace][gc,age         ] GC(2997) - age   1:        488 bytes,        488 total
[435.985s][debug][gc,plab        ] GC(2997) Young PLAB allocation: allocated: 10320B, wasted: 0B, unused: 9832B, used: 488B, undo waste: 0B, 
[435.985s][debug][gc,plab        ] GC(2997) Young other allocation: region end waste: 0B, regions filled: 1, direct allocated: 0B, failure used: 0B, failure wasted: 0B
[435.985s][debug][gc,plab        ] GC(2997) Young sizing: calculated: 96B, actual: 2064B
[435.985s][debug][gc,plab        ] GC(2997) Old PLAB allocation: allocated: 0B, wasted: 0B, unused: 0B, used: 0B, undo waste: 0B, 
[435.985s][debug][gc,plab        ] GC(2997) Old other allocation: region end waste: 0B, regions filled: 1, direct allocated: 0B, failure used: 0B, failure wasted: 0B
[435.985s][debug][gc,plab        ] GC(2997) Old sizing: calculated: 0B, actual: 2064B
[435.985s][debug][gc,ihop        ] GC(2997) Basic information (value update), threshold: 142501478B (45.00), target occupancy: 316669952B, current occupancy: 4165064B, recent allocation size: 0B, recent allocation duration: 151.48ms, recent old gen allocation rate: 0.00B/s, recent marking phase length: 0.00ms
[435.985s][debug][gc,ihop        ] GC(2997) Adaptive IHOP information (value update), threshold: 142501478B (47.37), internal target occupancy: 300836454B, occupancy: 4165064B, additional buffer size: 189792256B, predicted old gen allocation rate: 0.00B/s, predicted marking phase length: 0.00ms, prediction active: false
[435.985s][debug][gc,ergo,refine ] GC(2997) Concurrent refinement times: Logged Cards Scan time goal: 20.00ms Logged Cards Scan time: 0.00ms HCC time: 0.00ms
[435.985s][debug][gc,ergo,refine ] GC(2997) Updated Refinement Zones: green: 2048, yellow: 6144, red: 10240
[435.985s][info ][gc,phases      ] GC(2997)   Pre Evacuate Collection Set: 0.1ms
[435.985s][debug][gc,phases      ] GC(2997)     Prepare TLABs: 0.0ms
[435.985s][debug][gc,phases      ] GC(2997)     Choose Collection Set: 0.0ms
[435.985s][debug][gc,phases      ] GC(2997)     Region Register: 0.1ms
[435.985s][debug][gc,phases      ] GC(2997)     Prepare Heap Roots: 0.0ms
[435.985s][info ][gc,phases      ] GC(2997)   Merge Heap Roots: 0.1ms
[435.985s][debug][gc,phases      ] GC(2997)     Prepare Merge Heap Roots: 0.0ms
[435.985s][debug][gc,phases      ] GC(2997)     Eager Reclaim (ms):       skipped
[435.985s][debug][gc,phases      ] GC(2997)     Remembered Sets (ms):     Min:  0.0, Avg:  0.0, Max:  0.0, Diff:  0.0, Sum:  0.0, Workers: 8
[435.985s][debug][gc,phases      ] GC(2997)       Merged Sparse:            Min: 0, Avg:  0.0, Max: 0, Diff: 0, Sum: 0, Workers: 8
[435.985s][debug][gc,phases      ] GC(2997)       Merged Fine:              Min: 0, Avg:  0.0, Max: 0, Diff: 0, Sum: 0, Workers: 8
[435.985s][debug][gc,phases      ] GC(2997)       Merged Coarse:            Min: 0, Avg:  0.0, Max: 0, Diff: 0, Sum: 0, Workers: 8
[435.985s][debug][gc,phases      ] GC(2997)       Dirty Cards:              Min: 0, Avg:  0.0, Max: 0, Diff: 0, Sum: 0, Workers: 8
[435.985s][debug][gc,phases      ] GC(2997)     Hot Card Cache (ms):      Min:  0.0, Avg:  0.0, Max:  0.0, Diff:  0.0, Sum:  0.0, Workers: 8
[435.985s][debug][gc,phases      ] GC(2997)       Dirty Cards:              Min: 0, Avg:  0.0, Max: 0, Diff: 0, Sum: 0, Workers: 8
[435.985s][debug][gc,phases      ] GC(2997)       Skipped Cards:            Min: 0, Avg:  0.0, Max: 0, Diff: 0, Sum: 0, Workers: 8
[435.985s][debug][gc,phases      ] GC(2997)     Log Buffers (ms):         Min:  0.0, Avg:  0.0, Max:  0.0, Diff:  0.0, Sum:  0.0, Workers: 8
[435.985s][debug][gc,phases      ] GC(2997)       Dirty Cards:              Min: 0, Avg:  0.1, Max: 1, Diff: 1, Sum: 1, Workers: 8
[435.985s][debug][gc,phases      ] GC(2997)       Skipped Cards:            Min: 0, Avg:  0.0, Max: 0, Diff: 0, Sum: 0, Workers: 8
[435.985s][info ][gc,phases      ] GC(2997)   Evacuate Collection Set: 0.2ms
[435.985s][debug][gc,phases      ] GC(2997)     Ext Root Scanning (ms):   Min:  0.0, Avg:  0.0, Max:  0.0, Diff:  0.0, Sum:  0.2, Workers: 8
[435.985s][debug][gc,phases      ] GC(2997)     Scan Heap Roots (ms):     Min:  0.0, Avg:  0.0, Max:  0.0, Diff:  0.0, Sum:  0.0, Workers: 8
[435.985s][debug][gc,phases      ] GC(2997)       Scanned Cards:            Min: 0, Avg:  0.1, Max: 1, Diff: 1, Sum: 1, Workers: 8
[435.985s][debug][gc,phases      ] GC(2997)       Scanned Blocks:           Min: 0, Avg:  0.1, Max: 1, Diff: 1, Sum: 1, Workers: 8
[435.985s][debug][gc,phases      ] GC(2997)       Claimed Chunks:           Min: 0, Avg:  0.1, Max: 1, Diff: 1, Sum: 1, Workers: 8
[435.985s][debug][gc,phases      ] GC(2997)     Code Root Scan (ms):      Min:  0.0, Avg:  0.0, Max:  0.0, Diff:  0.0, Sum:  0.0, Workers: 8
[435.985s][debug][gc,phases      ] GC(2997)     Object Copy (ms):         Min:  0.0, Avg:  0.0, Max:  0.0, Diff:  0.0, Sum:  0.0, Workers: 8
[435.985s][debug][gc,phases      ] GC(2997)     Termination (ms):         Min:  0.0, Avg:  0.1, Max:  0.1, Diff:  0.0, Sum:  0.5, Workers: 8
[435.985s][debug][gc,phases      ] GC(2997)       Termination Attempts:     Min: 1, Avg:  1.0, Max: 1, Diff: 0, Sum: 8, Workers: 8
[435.985s][debug][gc,phases      ] GC(2997)     GC Worker Other (ms):     Min:  0.0, Avg:  0.0, Max:  0.0, Diff:  0.0, Sum:  0.1, Workers: 8
[435.985s][debug][gc,phases      ] GC(2997)     GC Worker Total (ms):     Min:  0.1, Avg:  0.1, Max:  0.1, Diff:  0.0, Sum:  0.8, Workers: 8
[435.985s][info ][gc,phases      ] GC(2997)   Post Evacuate Collection Set: 0.3ms
[435.985s][debug][gc,phases      ] GC(2997)     Code Roots Fixup: 0.0ms
[435.985s][debug][gc,phases      ] GC(2997)     Clear Card Table: 0.1ms
[435.985s][debug][gc,phases      ] GC(2997)     Reference Processing: 0.0ms
[435.985s][debug][gc,phases,ref  ] GC(2997)       Reconsider SoftReferences: 0.0ms
[435.985s][debug][gc,phases,ref  ] GC(2997)         SoftRef (ms):             skipped
[435.985s][debug][gc,phases,ref  ] GC(2997)       Notify Soft/WeakReferences: 0.0ms
[435.985s][debug][gc,phases,ref  ] GC(2997)         SoftRef (ms):             skipped
[435.985s][debug][gc,phases,ref  ] GC(2997)         WeakRef (ms):             skipped
[435.985s][debug][gc,phases,ref  ] GC(2997)         FinalRef (ms):            skipped
[435.985s][debug][gc,phases,ref  ] GC(2997)         Total (ms):               skipped
[435.985s][debug][gc,phases,ref  ] GC(2997)       Notify and keep alive finalizable: 0.0ms
[435.985s][debug][gc,phases,ref  ] GC(2997)         FinalRef (ms):            skipped
[435.985s][debug][gc,phases,ref  ] GC(2997)       Notify PhantomReferences: 0.0ms
[435.985s][debug][gc,phases,ref  ] GC(2997)         PhantomRef (ms):          skipped
[435.985s][debug][gc,phases,ref  ] GC(2997)       SoftReference:
[435.986s][debug][gc,phases,ref  ] GC(2997)         Discovered: 0
[435.986s][debug][gc,phases,ref  ] GC(2997)         Cleared: 0
[435.986s][debug][gc,phases,ref  ] GC(2997)       WeakReference:
[435.986s][debug][gc,phases,ref  ] GC(2997)         Discovered: 0
[435.986s][debug][gc,phases,ref  ] GC(2997)         Cleared: 0
[435.986s][debug][gc,phases,ref  ] GC(2997)       FinalReference:
[435.986s][debug][gc,phases,ref  ] GC(2997)         Discovered: 0
[435.986s][debug][gc,phases,ref  ] GC(2997)         Cleared: 0
[435.986s][debug][gc,phases,ref  ] GC(2997)       PhantomReference:
[435.986s][debug][gc,phases,ref  ] GC(2997)         Discovered: 0
[435.986s][debug][gc,phases,ref  ] GC(2997)         Cleared: 0
[435.986s][debug][gc,phases      ] GC(2997)     Weak Processing: 0.1ms
[435.986s][debug][gc,phases      ] GC(2997)       JVMTI weak processing: 0.0ms
[435.986s][debug][gc,phases      ] GC(2997)         Dead: 0
[435.986s][debug][gc,phases      ] GC(2997)         Total: 0
[435.986s][debug][gc,phases      ] GC(2997)       JFR weak processing: 0.0ms
[435.986s][debug][gc,phases      ] GC(2997)         Dead: 0
[435.986s][debug][gc,phases      ] GC(2997)         Total: 0
[435.986s][debug][gc,phases      ] GC(2997)       JNI weak                  Min:  0.0, Avg:  0.0, Max:  0.0, Diff:  0.0, Sum:  0.0, Workers: 5
[435.986s][debug][gc,phases      ] GC(2997)         Dead                      Min: 0, Avg:  0.0, Max: 0, Diff: 0, Sum: 0, Workers: 5
[435.986s][debug][gc,phases      ] GC(2997)         Total                     Min: 0, Avg: 13.6, Max: 52, Diff: 52, Sum: 68, Workers: 5
[435.986s][debug][gc,phases      ] GC(2997)       VM weak                   Min:  0.0, Avg:  0.0, Max:  0.0, Diff:  0.0, Sum:  0.0, Workers: 5
[435.986s][debug][gc,phases      ] GC(2997)         Dead                      Min: 0, Avg:  0.0, Max: 0, Diff: 0, Sum: 0, Workers: 5
[435.986s][debug][gc,phases      ] GC(2997)         Total                     Min: 0, Avg: 42.6, Max: 128, Diff: 128, Sum: 213, Workers: 5
[435.986s][debug][gc,phases      ] GC(2997)       StringTable weak          Min:  0.0, Avg:  0.0, Max:  0.0, Diff:  0.0, Sum:  0.1, Workers: 5
[435.986s][debug][gc,phases      ] GC(2997)         Dead                      Min: 0, Avg:  0.0, Max: 0, Diff: 0, Sum: 0, Workers: 5
[435.986s][debug][gc,phases      ] GC(2997)         Total                     Min: 0, Avg: 682.0, Max: 1728, Diff: 1728, Sum: 3410, Workers: 5
[435.986s][debug][gc,phases      ] GC(2997)       ResolvedMethodTable weak  Min:  0.0, Avg:  0.0, Max:  0.0, Diff:  0.0, Sum:  0.0, Workers: 5
[435.986s][debug][gc,phases      ] GC(2997)         Dead                      Min: 0, Avg:  0.0, Max: 0, Diff: 0, Sum: 0, Workers: 5
[435.986s][debug][gc,phases      ] GC(2997)         Total                     Min: 0, Avg: 114.8, Max: 318, Diff: 318, Sum: 574, Workers: 5
[435.986s][debug][gc,phases      ] GC(2997)     Merge Per-Thread State: 0.0ms
[435.986s][debug][gc,phases      ] GC(2997)       Copied Bytes              Min: 0, Avg: 61.0, Max: 200, Diff: 200, Sum: 488, Workers: 8
[435.986s][debug][gc,phases      ] GC(2997)       LAB Waste                 Min: 0, Avg:  0.0, Max: 0, Diff: 0, Sum: 0, Workers: 8
[435.986s][debug][gc,phases      ] GC(2997)       LAB Undo Waste            Min: 0, Avg:  0.0, Max: 0, Diff: 0, Sum: 0, Workers: 8
[435.986s][debug][gc,phases      ] GC(2997)     Code Roots Purge: 0.0ms
[435.986s][debug][gc,phases      ] GC(2997)     Redirty Cards: 0.0ms
[435.986s][debug][gc,phases      ] GC(2997)     DerivedPointerTable Update: 0.0ms
[435.986s][debug][gc,phases      ] GC(2997)     Free Collection Set: 0.1ms
[435.986s][debug][gc,phases      ] GC(2997)     Rebuild Free List: 0.0ms
[435.986s][debug][gc,phases      ] GC(2997)     Humongous Reclaim: 0.0ms
[435.986s][debug][gc,phases      ] GC(2997)     Start New Collection Set: 0.0ms
[435.986s][debug][gc,phases      ] GC(2997)     Resize TLABs: 0.0ms
[435.986s][debug][gc,phases      ] GC(2997)     Expand Heap After Collection: 0.0ms
[435.986s][info ][gc,phases      ] GC(2997)   Other: 0.3ms
[435.986s][info ][gc,heap        ] GC(2997) Eden regions: 180->0(180)
[435.986s][info ][gc,heap        ] GC(2997) Survivor regions: 1->1(23)
[435.986s][info ][gc,heap        ] GC(2997) Old regions: 7->7
[435.986s][info ][gc,heap        ] GC(2997) Archive regions: 2->2
[435.986s][info ][gc,heap        ] GC(2997) Humongous regions: 0->0
[435.986s][info ][gc,metaspace   ] GC(2997) Metaspace: 9905K(10624K)->9905K(10624K) NonClass: 8758K(9216K)->8758K(9216K) Class: 1146K(1408K)->1146K(1408K)
[435.986s][debug][gc,heap        ] GC(2997) Heap after GC invocations=2998 (full 1): garbage-first heap   total 309248K, used 4067K [0x0000000700000000, 0x0000000800000000)
[435.986s][debug][gc,heap        ] GC(2997)   region size 1024K, 1 young (1024K), 1 survivors (1024K)
[435.986s][debug][gc,heap        ] GC(2997)  Metaspace       used 9905K, capacity 10179K, committed 10624K, reserved 1058816K
[435.986s][debug][gc,heap        ] GC(2997)   class space    used 1146K, capacity 1267K, committed 1408K, reserved 1048576K
[435.986s][info ][gc             ] GC(2997) Pause Young (Normal) (G1 Evacuation Pause) 183M->3M(302M) 1.474ms
[435.986s][info ][gc,cpu         ] GC(2997) User=0.00s Sys=0.00s Real=0.00s
[435.986s][info ][safepoint      ] Safepoint "G1CollectForAllocation", Time since last: 150507039 ns, Reaching safepoint: 98258 ns, At safepoint: 1636382 ns, Total: 1734640 ns
[436.133s][debug][gc,heap        ] GC(2998) Heap before GC invocations=2998 (full 1): garbage-first heap   total 309248K, used 188387K [0x0000000700000000, 0x0000000800000000)
[436.133s][debug][gc,heap        ] GC(2998)   region size 1024K, 181 young (185344K), 1 survivors (1024K)
[436.133s][debug][gc,heap        ] GC(2998)  Metaspace       used 9905K, capacity 10179K, committed 10624K, reserved 1058816K
[436.133s][debug][gc,heap        ] GC(2998)   class space    used 1146K, capacity 1267K, committed 1408K, reserved 1048576K
[436.133s][info ][gc,start       ] GC(2998) Pause Young (Normal) (G1 Evacuation Pause)
[436.133s][info ][gc,task        ] GC(2998) Using 8 workers of 8 for evacuation
[436.133s][debug][gc,tlab        ] GC(2998) TLAB totals: thrds: 8  refills: 723 max: 100 slow allocs: 0 max 0 waste:  0.9% gc: 1206064B max: 379384B slow: 418568B max: 57968B fast: 0B max: 0B
[436.133s][debug][gc,age         ] GC(2998) Desired survivor size 12058624 bytes, new threshold 15 (max threshold 15)
[436.133s][debug][gc,alloc,region] GC(2998) Mutator Allocation stats, regions: 180, wasted size: 0B ( 0.0%)
[436.133s][debug][gc,ergo        ] GC(2998) Running G1 Merge Heap Roots using 8 workers for 181 regions
[436.133s][debug][gc,remset      ] GC(2998) Visited cards 256 Total dirty 2048 (12.50%) Total old 759808 (0.03%)
[436.134s][debug][gc,ergo        ] GC(2998) Running G1 Clear Card Table Task using 1 workers for 1 units of work for 182 regions.
[436.134s][debug][gc,ref         ] GC(2998) Skipped phase1 of Reference Processing due to unavailable references
[436.134s][debug][gc,ref         ] GC(2998) Skipped phase2 of Reference Processing due to unavailable references
[436.134s][debug][gc,ref         ] GC(2998) Skipped phase3 of Reference Processing due to unavailable references
[436.134s][debug][gc,ref         ] GC(2998) Skipped phase4 of Reference Processing due to unavailable references
[436.134s][debug][gc,ergo        ] GC(2998) Running G1 Free Collection Set using 8 workers for collection set length 181 (302)
[436.134s][debug][gc,ergo        ] GC(2998) Running G1 Rebuild Free List Task using 8 workers for rebuilding free list of 0 (4096) regions
[436.134s][trace][gc,age         ] GC(2998) Age table with threshold 15 (max threshold 15)
[436.134s][trace][gc,age         ] GC(2998) - age   1:        488 bytes,        488 total
[436.134s][debug][gc,plab        ] GC(2998) Young PLAB allocation: allocated: 12384B, wasted: 0B, unused: 11896B, used: 488B, undo waste: 0B, 
[436.134s][debug][gc,plab        ] GC(2998) Young other allocation: region end waste: 0B, regions filled: 1, direct allocated: 0B, failure used: 0B, failure wasted: 0B
[436.134s][debug][gc,plab        ] GC(2998) Young sizing: calculated: 96B, actual: 2064B
[436.134s][debug][gc,plab        ] GC(2998) Old PLAB allocation: allocated: 0B, wasted: 0B, unused: 0B, used: 0B, undo waste: 0B, 
[436.134s][debug][gc,plab        ] GC(2998) Old other allocation: region end waste: 0B, regions filled: 1, direct allocated: 0B, failure used: 0B, failure wasted: 0B
[436.134s][debug][gc,plab        ] GC(2998) Old sizing: calculated: 0B, actual: 2064B
[436.134s][debug][gc,ihop        ] GC(2998) Basic information (value update), threshold: 142501478B (45.00), target occupancy: 316669952B, current occupancy: 4167128B, recent allocation size: 0B, recent allocation duration: 148.08ms, recent old gen allocation rate: 0.00B/s, recent marking phase length: 0.00ms
[436.134s][debug][gc,ihop        ] GC(2998) Adaptive IHOP information (value update), threshold: 142501478B (47.37), internal target occupancy: 300836454B, occupancy: 4167128B, additional buffer size: 189792256B, predicted old gen allocation rate: 0.00B/s, predicted marking phase length: 0.00ms, prediction active: false
[436.134s][debug][gc,ergo,refine ] GC(2998) Concurrent refinement times: Logged Cards Scan time goal: 20.00ms Logged Cards Scan time: 0.00ms HCC time: 0.00ms
[436.134s][debug][gc,ergo,refine ] GC(2998) Updated Refinement Zones: green: 2048, yellow: 6144, red: 10240
[436.134s][info ][gc,phases      ] GC(2998)   Pre Evacuate Collection Set: 0.1ms
[436.134s][debug][gc,phases      ] GC(2998)     Prepare TLABs: 0.0ms
[436.134s][debug][gc,phases      ] GC(2998)     Choose Collection Set: 0.0ms
[436.134s][debug][gc,phases      ] GC(2998)     Region Register: 0.1ms
[436.134s][debug][gc,phases      ] GC(2998)     Prepare Heap Roots: 0.0ms
[436.134s][info ][gc,phases      ] GC(2998)   Merge Heap Roots: 0.1ms
[436.134s][debug][gc,phases      ] GC(2998)     Prepare Merge Heap Roots: 0.0ms
[436.134s][debug][gc,phases      ] GC(2998)     Eager Reclaim (ms):       skipped
[436.134s][debug][gc,phases      ] GC(2998)     Remembered Sets (ms):     Min:  0.0, Avg:  0.0, Max:  0.0, Diff:  0.0, Sum:  0.1, Workers: 8
[436.134s][debug][gc,phases      ] GC(2998)       Merged Sparse:            Min: 0, Avg:  0.0, Max: 0, Diff: 0, Sum: 0, Workers: 8
[436.134s][debug][gc,phases      ] GC(2998)       Merged Fine:              Min: 0, Avg:  0.0, Max: 0, Diff: 0, Sum: 0, Workers: 8
[436.134s][debug][gc,phases      ] GC(2998)       Merged Coarse:            Min: 0, Avg:  0.0, Max: 0, Diff: 0, Sum: 0, Workers: 8
[436.134s][debug][gc,phases      ] GC(2998)       Dirty Cards:              Min: 0, Avg:  0.0, Max: 0, Diff: 0, Sum: 0, Workers: 8
[436.134s][debug][gc,phases      ] GC(2998)     Hot Card Cache (ms):      Min:  0.0, Avg:  0.0, Max:  0.0, Diff:  0.0, Sum:  0.0, Workers: 8
[436.134s][debug][gc,phases      ] GC(2998)       Dirty Cards:              Min: 0, Avg:  0.0, Max: 0, Diff: 0, Sum: 0, Workers: 8
[436.134s][debug][gc,phases      ] GC(2998)       Skipped Cards:            Min: 0, Avg:  0.0, Max: 0, Diff: 0, Sum: 0, Workers: 8
[436.134s][debug][gc,phases      ] GC(2998)     Log Buffers (ms):         Min:  0.0, Avg:  0.0, Max:  0.0, Diff:  0.0, Sum:  0.0, Workers: 8
[436.134s][debug][gc,phases      ] GC(2998)       Dirty Cards:              Min: 0, Avg:  0.1, Max: 1, Diff: 1, Sum: 1, Workers: 8
[436.134s][debug][gc,phases      ] GC(2998)       Skipped Cards:            Min: 0, Avg:  0.0, Max: 0, Diff: 0, Sum: 0, Workers: 8
[436.134s][info ][gc,phases      ] GC(2998)   Evacuate Collection Set: 0.1ms
[436.134s][debug][gc,phases      ] GC(2998)     Ext Root Scanning (ms):   Min:  0.0, Avg:  0.0, Max:  0.0, Diff:  0.0, Sum:  0.2, Workers: 8
[436.134s][debug][gc,phases      ] GC(2998)     Scan Heap Roots (ms):     Min:  0.0, Avg:  0.0, Max:  0.0, Diff:  0.0, Sum:  0.0, Workers: 8
[436.134s][debug][gc,phases      ] GC(2998)       Scanned Cards:            Min: 0, Avg:  0.1, Max: 1, Diff: 1, Sum: 1, Workers: 8
[436.134s][debug][gc,phases      ] GC(2998)       Scanned Blocks:           Min: 0, Avg:  0.1, Max: 1, Diff: 1, Sum: 1, Workers: 8
[436.134s][debug][gc,phases      ] GC(2998)       Claimed Chunks:           Min: 0, Avg:  0.1, Max: 1, Diff: 1, Sum: 1, Workers: 8
[436.134s][debug][gc,phases      ] GC(2998)     Code Root Scan (ms):      Min:  0.0, Avg:  0.0, Max:  0.0, Diff:  0.0, Sum:  0.0, Workers: 8
[436.134s][debug][gc,phases      ] GC(2998)     Object Copy (ms):         Min:  0.0, Avg:  0.0, Max:  0.0, Diff:  0.0, Sum:  0.0, Workers: 8
[436.134s][debug][gc,phases      ] GC(2998)     Termination (ms):         Min:  0.1, Avg:  0.1, Max:  0.1, Diff:  0.0, Sum:  0.5, Workers: 8
[436.134s][debug][gc,phases      ] GC(2998)       Termination Attempts:     Min: 1, Avg:  1.0, Max: 1, Diff: 0, Sum: 8, Workers: 8
[436.134s][debug][gc,phases      ] GC(2998)     GC Worker Other (ms):     Min:  0.0, Avg:  0.0, Max:  0.0, Diff:  0.0, Sum:  0.1, Workers: 8
[436.134s][debug][gc,phases      ] GC(2998)     GC Worker Total (ms):     Min:  0.1, Avg:  0.1, Max:  0.1, Diff:  0.0, Sum:  0.9, Workers: 8
[436.134s][info ][gc,phases      ] GC(2998)   Post Evacuate Collection Set: 0.3ms
[436.134s][debug][gc,phases      ] GC(2998)     Code Roots Fixup: 0.0ms
[436.134s][debug][gc,phases      ] GC(2998)     Clear Card Table: 0.1ms
[436.134s][debug][gc,phases      ] GC(2998)     Reference Processing: 0.0ms
[436.134s][debug][gc,phases,ref  ] GC(2998)       Reconsider SoftReferences: 0.0ms
[436.134s][debug][gc,phases,ref  ] GC(2998)         SoftRef (ms):             skipped
[436.134s][debug][gc,phases,ref  ] GC(2998)       Notify Soft/WeakReferences: 0.0ms
[436.134s][debug][gc,phases,ref  ] GC(2998)         SoftRef (ms):             skipped
[436.134s][debug][gc,phases,ref  ] GC(2998)         WeakRef (ms):             skipped
[436.134s][debug][gc,phases,ref  ] GC(2998)         FinalRef (ms):            skipped
[436.134s][debug][gc,phases,ref  ] GC(2998)         Total (ms):               skipped
[436.134s][debug][gc,phases,ref  ] GC(2998)       Notify and keep alive finalizable: 0.0ms
[436.134s][debug][gc,phases,ref  ] GC(2998)         FinalRef (ms):            skipped
[436.134s][debug][gc,phases,ref  ] GC(2998)       Notify PhantomReferences: 0.0ms
[436.134s][debug][gc,phases,ref  ] GC(2998)         PhantomRef (ms):          skipped
[436.134s][debug][gc,phases,ref  ] GC(2998)       SoftReference:
[436.134s][debug][gc,phases,ref  ] GC(2998)         Discovered: 0
[436.134s][debug][gc,phases,ref  ] GC(2998)         Cleared: 0
[436.134s][debug][gc,phases,ref  ] GC(2998)       WeakReference:
[436.134s][debug][gc,phases,ref  ] GC(2998)         Discovered: 0
[436.134s][debug][gc,phases,ref  ] GC(2998)         Cleared: 0
[436.134s][debug][gc,phases,ref  ] GC(2998)       FinalReference:
[436.134s][debug][gc,phases,ref  ] GC(2998)         Discovered: 0
[436.134s][debug][gc,phases,ref  ] GC(2998)         Cleared: 0
[436.134s][debug][gc,phases,ref  ] GC(2998)       PhantomReference:
[436.134s][debug][gc,phases,ref  ] GC(2998)         Discovered: 0
[436.134s][debug][gc,phases,ref  ] GC(2998)         Cleared: 0
[436.134s][debug][gc,phases      ] GC(2998)     Weak Processing: 0.1ms
[436.134s][debug][gc,phases      ] GC(2998)       JVMTI weak processing: 0.0ms
[436.134s][debug][gc,phases      ] GC(2998)         Dead: 0
[436.134s][debug][gc,phases      ] GC(2998)         Total: 0
[436.134s][debug][gc,phases      ] GC(2998)       JFR weak processing: 0.0ms
[436.134s][debug][gc,phases      ] GC(2998)         Dead: 0
[436.134s][debug][gc,phases      ] GC(2998)         Total: 0
[436.134s][debug][gc,phases      ] GC(2998)       JNI weak                  Min:  0.0, Avg:  0.0, Max:  0.0, Diff:  0.0, Sum:  0.0, Workers: 5
[436.134s][debug][gc,phases      ] GC(2998)         Dead                      Min: 0, Avg:  0.0, Max: 0, Diff: 0, Sum: 0, Workers: 5
[436.134s][debug][gc,phases      ] GC(2998)         Total                     Min: 0, Avg: 13.6, Max: 68, Diff: 68, Sum: 68, Workers: 5
[436.134s][debug][gc,phases      ] GC(2998)       VM weak                   Min:  0.0, Avg:  0.0, Max:  0.0, Diff:  0.0, Sum:  0.0, Workers: 5
[436.134s][debug][gc,phases      ] GC(2998)         Dead                      Min: 0, Avg:  0.0, Max: 0, Diff: 0, Sum: 0, Workers: 5
[436.134s][debug][gc,phases      ] GC(2998)         Total                     Min: 0, Avg: 42.6, Max: 213, Diff: 213, Sum: 213, Workers: 5
[436.134s][debug][gc,phases      ] GC(2998)       StringTable weak          Min:  0.0, Avg:  0.0, Max:  0.0, Diff:  0.0, Sum:  0.0, Workers: 5
[436.134s][debug][gc,phases      ] GC(2998)         Dead                      Min: 0, Avg:  0.0, Max: 0, Diff: 0, Sum: 0, Workers: 5
[436.134s][debug][gc,phases      ] GC(2998)         Total                     Min: 0, Avg: 682.0, Max: 3410, Diff: 3410, Sum: 3410, Workers: 5
[436.135s][debug][gc,phases      ] GC(2998)       ResolvedMethodTable weak  Min:  0.0, Avg:  0.0, Max:  0.0, Diff:  0.0, Sum:  0.0, Workers: 5
[436.135s][debug][gc,phases      ] GC(2998)         Dead                      Min: 0, Avg:  0.0, Max: 0, Diff: 0, Sum: 0, Workers: 5
[436.135s][debug][gc,phases      ] GC(2998)         Total                     Min: 62, Avg: 114.8, Max: 192, Diff: 130, Sum: 574, Workers: 5
[436.135s][debug][gc,phases      ] GC(2998)     Merge Per-Thread State: 0.0ms
[436.135s][debug][gc,phases      ] GC(2998)       Copied Bytes              Min: 0, Avg: 61.0, Max: 152, Diff: 152, Sum: 488, Workers: 8
[436.135s][debug][gc,phases      ] GC(2998)       LAB Waste                 Min: 0, Avg:  0.0, Max: 0, Diff: 0, Sum: 0, Workers: 8
[436.135s][debug][gc,phases      ] GC(2998)       LAB Undo Waste            Min: 0, Avg:  0.0, Max: 0, Diff: 0, Sum: 0, Workers: 8
[436.135s][debug][gc,phases      ] GC(2998)     Code Roots Purge: 0.0ms
[436.135s][debug][gc,phases      ] GC(2998)     Redirty Cards: 0.0ms
[436.135s][debug][gc,phases      ] GC(2998)     DerivedPointerTable Update: 0.0ms
[436.135s][debug][gc,phases      ] GC(2998)     Free Collection Set: 0.1ms
[436.135s][debug][gc,phases      ] GC(2998)     Rebuild Free List: 0.0ms
[436.135s][debug][gc,phases      ] GC(2998)     Humongous Reclaim: 0.0ms
[436.135s][debug][gc,phases      ] GC(2998)     Start New Collection Set: 0.0ms
[436.135s][debug][gc,phases      ] GC(2998)     Resize TLABs: 0.0ms
[436.135s][debug][gc,phases      ] GC(2998)     Expand Heap After Collection: 0.0ms
[436.135s][info ][gc,phases      ] GC(2998)   Other: 0.2ms
[436.135s][info ][gc,heap        ] GC(2998) Eden regions: 180->0(180)
[436.135s][info ][gc,heap        ] GC(2998) Survivor regions: 1->1(23)
[436.135s][info ][gc,heap        ] GC(2998) Old regions: 7->7
[436.135s][info ][gc,heap        ] GC(2998) Archive regions: 2->2
[436.135s][info ][gc,heap        ] GC(2998) Humongous regions: 0->0
[436.135s][info ][gc,metaspace   ] GC(2998) Metaspace: 9905K(10624K)->9905K(10624K) NonClass: 8758K(9216K)->8758K(9216K) Class: 1146K(1408K)->1146K(1408K)
[436.135s][debug][gc,heap        ] GC(2998) Heap after GC invocations=2999 (full 1): garbage-first heap   total 309248K, used 4069K [0x0000000700000000, 0x0000000800000000)
[436.135s][debug][gc,heap        ] GC(2998)   region size 1024K, 1 young (1024K), 1 survivors (1024K)
[436.135s][debug][gc,heap        ] GC(2998)  Metaspace       used 9905K, capacity 10179K, committed 10624K, reserved 1058816K
[436.135s][debug][gc,heap        ] GC(2998)   class space    used 1146K, capacity 1267K, committed 1408K, reserved 1048576K
[436.135s][info ][gc             ] GC(2998) Pause Young (Normal) (G1 Evacuation Pause) 183M->3M(302M) 1.463ms
[436.135s][info ][gc,cpu         ] GC(2998) User=0.00s Sys=0.00s Real=0.00s
[436.135s][info ][safepoint      ] Safepoint "G1CollectForAllocation", Time since last: 147088622 ns, Reaching safepoint: 119178 ns, At safepoint: 1632925 ns, Total: 1752103 ns
[436.284s][debug][gc,heap        ] GC(2999) Heap before GC invocations=2999 (full 1): garbage-first heap   total 309248K, used 188389K [0x0000000700000000, 0x0000000800000000)
[436.284s][debug][gc,heap        ] GC(2999)   region size 1024K, 181 young (185344K), 1 survivors (1024K)
[436.284s][debug][gc,heap        ] GC(2999)  Metaspace       used 9905K, capacity 10179K, committed 10624K, reserved 1058816K
[436.284s][debug][gc,heap        ] GC(2999)   class space    used 1146K, capacity 1267K, committed 1408K, reserved 1048576K
[436.285s][info ][gc,start       ] GC(2999) Pause Young (Normal) (G1 Evacuation Pause)
[436.285s][info ][gc,task        ] GC(2999) Using 8 workers of 8 for evacuation
[436.285s][debug][gc,tlab        ] GC(2999) TLAB totals: thrds: 8  refills: 722 max: 97 slow allocs: 0 max 0 waste:  1.1% gc: 1725640B max: 436976B slow: 417776B max: 56352B fast: 0B max: 0B
[436.285s][debug][gc,age         ] GC(2999) Desired survivor size 12058624 bytes, new threshold 15 (max threshold 15)
[436.285s][debug][gc,alloc,region] GC(2999) Mutator Allocation stats, regions: 180, wasted size: 0B ( 0.0%)
[436.285s][debug][gc,ergo        ] GC(2999) Running G1 Merge Heap Roots using 8 workers for 181 regions
[436.285s][debug][gc,remset      ] GC(2999) Visited cards 256 Total dirty 2048 (12.50%) Total old 759808 (0.03%)
[436.285s][debug][gc,ergo        ] GC(2999) Running G1 Clear Card Table Task using 1 workers for 1 units of work for 182 regions.
[436.285s][debug][gc,ref         ] GC(2999) Skipped phase1 of Reference Processing due to unavailable references
[436.285s][debug][gc,ref         ] GC(2999) Skipped phase2 of Reference Processing due to unavailable references
[436.285s][debug][gc,ref         ] GC(2999) Skipped phase3 of Reference Processing due to unavailable references
[436.285s][debug][gc,ref         ] GC(2999) Skipped phase4 of Reference Processing due to unavailable references
[436.285s][debug][gc,ergo        ] GC(2999) Running G1 Free Collection Set using 8 workers for collection set length 181 (302)
[436.285s][debug][gc,ergo        ] GC(2999) Running G1 Rebuild Free List Task using 8 workers for rebuilding free list of 0 (4096) regions
[436.285s][trace][gc,age         ] GC(2999) Age table with threshold 15 (max threshold 15)
[436.285s][trace][gc,age         ] GC(2999) - age   1:        512 bytes,        512 total
[436.285s][debug][gc,plab        ] GC(2999) Young PLAB allocation: allocated: 8256B, wasted: 0B, unused: 7744B, used: 512B, undo waste: 0B, 
[436.285s][debug][gc,plab        ] GC(2999) Young other allocation: region end waste: 0B, regions filled: 1, direct allocated: 0B, failure used: 0B, failure wasted: 0B
[436.285s][debug][gc,plab        ] GC(2999) Young sizing: calculated: 96B, actual: 2064B
[436.285s][debug][gc,plab        ] GC(2999) Old PLAB allocation: allocated: 0B, wasted: 0B, unused: 0B, used: 0B, undo waste: 0B, 
[436.285s][debug][gc,plab        ] GC(2999) Old other allocation: region end waste: 0B, regions filled: 1, direct allocated: 0B, failure used: 0B, failure wasted: 0B
[436.285s][debug][gc,plab        ] GC(2999) Old sizing: calculated: 0B, actual: 2064B
[436.285s][debug][gc,ihop        ] GC(2999) Basic information (value update), threshold: 142501478B (45.00), target occupancy: 316669952B, current occupancy: 4163000B, recent allocation size: 0B, recent allocation duration: 150.55ms, recent old gen allocation rate: 0.00B/s, recent marking phase length: 0.00ms
[436.285s][debug][gc,ihop        ] GC(2999) Adaptive IHOP information (value update), threshold: 142501478B (47.37), internal target occupancy: 300836454B, occupancy: 4163000B, additional buffer size: 189792256B, predicted old gen allocation rate: 0.00B/s, predicted marking phase length: 0.00ms, prediction active: false
[436.285s][debug][gc,ergo,refine ] GC(2999) Concurrent refinement times: Logged Cards Scan time goal: 20.00ms Logged Cards Scan time: 0.00ms HCC time: 0.00ms
[436.285s][debug][gc,ergo,refine ] GC(2999) Updated Refinement Zones: green: 2048, yellow: 6144, red: 10240
[436.285s][info ][gc,phases      ] GC(2999)   Pre Evacuate Collection Set: 0.1ms
[436.285s][debug][gc,phases      ] GC(2999)     Prepare TLABs: 0.0ms
[436.285s][debug][gc,phases      ] GC(2999)     Choose Collection Set: 0.0ms
[436.285s][debug][gc,phases      ] GC(2999)     Region Register: 0.1ms
[436.285s][debug][gc,phases      ] GC(2999)     Prepare Heap Roots: 0.0ms
[436.285s][info ][gc,phases      ] GC(2999)   Merge Heap Roots: 0.1ms
[436.285s][debug][gc,phases      ] GC(2999)     Prepare Merge Heap Roots: 0.0ms
[436.285s][debug][gc,phases      ] GC(2999)     Eager Reclaim (ms):       skipped
[436.285s][debug][gc,phases      ] GC(2999)     Remembered Sets (ms):     Min:  0.0, Avg:  0.0, Max:  0.0, Diff:  0.0, Sum:  0.0, Workers: 8
[436.285s][debug][gc,phases      ] GC(2999)       Merged Sparse:            Min: 0, Avg:  0.0, Max: 0, Diff: 0, Sum: 0, Workers: 8
[436.285s][debug][gc,phases      ] GC(2999)       Merged Fine:              Min: 0, Avg:  0.0, Max: 0, Diff: 0, Sum: 0, Workers: 8
[436.285s][debug][gc,phases      ] GC(2999)       Merged Coarse:            Min: 0, Avg:  0.0, Max: 0, Diff: 0, Sum: 0, Workers: 8
[436.285s][debug][gc,phases      ] GC(2999)       Dirty Cards:              Min: 0, Avg:  0.0, Max: 0, Diff: 0, Sum: 0, Workers: 8
[436.285s][debug][gc,phases      ] GC(2999)     Hot Card Cache (ms):      Min:  0.0, Avg:  0.0, Max:  0.0, Diff:  0.0, Sum:  0.0, Workers: 8
[436.285s][debug][gc,phases      ] GC(2999)       Dirty Cards:              Min: 0, Avg:  0.0, Max: 0, Diff: 0, Sum: 0, Workers: 8
[436.285s][debug][gc,phases      ] GC(2999)       Skipped Cards:            Min: 0, Avg:  0.0, Max: 0, Diff: 0, Sum: 0, Workers: 8
[436.285s][debug][gc,phases      ] GC(2999)     Log Buffers (ms):         Min:  0.0, Avg:  0.0, Max:  0.0, Diff:  0.0, Sum:  0.0, Workers: 8
[436.285s][debug][gc,phases      ] GC(2999)       Dirty Cards:              Min: 0, Avg:  0.1, Max: 1, Diff: 1, Sum: 1, Workers: 8
[436.285s][debug][gc,phases      ] GC(2999)       Skipped Cards:            Min: 0, Avg:  0.0, Max: 0, Diff: 0, Sum: 0, Workers: 8
[436.285s][info ][gc,phases      ] GC(2999)   Evacuate Collection Set: 0.1ms
[436.285s][debug][gc,phases      ] GC(2999)     Ext Root Scanning (ms):   Min:  0.0, Avg:  0.0, Max:  0.1, Diff:  0.1, Sum:  0.2, Workers: 8
[436.285s][debug][gc,phases      ] GC(2999)     Scan Heap Roots (ms):     Min:  0.0, Avg:  0.0, Max:  0.0, Diff:  0.0, Sum:  0.0, Workers: 8
[436.285s][debug][gc,phases      ] GC(2999)       Scanned Cards:            Min: 0, Avg:  0.1, Max: 1, Diff: 1, Sum: 1, Workers: 8
[436.285s][debug][gc,phases      ] GC(2999)       Scanned Blocks:           Min: 0, Avg:  0.1, Max: 1, Diff: 1, Sum: 1, Workers: 8
[436.285s][debug][gc,phases      ] GC(2999)       Claimed Chunks:           Min: 0, Avg:  0.1, Max: 1, Diff: 1, Sum: 1, Workers: 8
[436.285s][debug][gc,phases      ] GC(2999)     Code Root Scan (ms):      Min:  0.0, Avg:  0.0, Max:  0.0, Diff:  0.0, Sum:  0.0, Workers: 8
[436.286s][debug][gc,phases      ] GC(2999)     Object Copy (ms):         Min:  0.0, Avg:  0.0, Max:  0.0, Diff:  0.0, Sum:  0.0, Workers: 8
[436.286s][debug][gc,phases      ] GC(2999)     Termination (ms):         Min:  0.1, Avg:  0.1, Max:  0.1, Diff:  0.0, Sum:  0.5, Workers: 8
[436.286s][debug][gc,phases      ] GC(2999)       Termination Attempts:     Min: 1, Avg:  1.0, Max: 1, Diff: 0, Sum: 8, Workers: 8
[436.286s][debug][gc,phases      ] GC(2999)     GC Worker Other (ms):     Min:  0.0, Avg:  0.0, Max:  0.0, Diff:  0.0, Sum:  0.1, Workers: 8
[436.286s][debug][gc,phases      ] GC(2999)     GC Worker Total (ms):     Min:  0.1, Avg:  0.1, Max:  0.1, Diff:  0.0, Sum:  0.8, Workers: 8
[436.286s][info ][gc,phases      ] GC(2999)   Post Evacuate Collection Set: 0.3ms
[436.286s][debug][gc,phases      ] GC(2999)     Code Roots Fixup: 0.0ms
[436.286s][debug][gc,phases      ] GC(2999)     Clear Card Table: 0.1ms
[436.286s][debug][gc,phases      ] GC(2999)     Reference Processing: 0.0ms
[436.286s][debug][gc,phases,ref  ] GC(2999)       Reconsider SoftReferences: 0.0ms
[436.286s][debug][gc,phases,ref  ] GC(2999)         SoftRef (ms):             skipped
[436.286s][debug][gc,phases,ref  ] GC(2999)       Notify Soft/WeakReferences: 0.0ms
[436.286s][debug][gc,phases,ref  ] GC(2999)         SoftRef (ms):             skipped
[436.286s][debug][gc,phases,ref  ] GC(2999)         WeakRef (ms):             skipped
[436.286s][debug][gc,phases,ref  ] GC(2999)         FinalRef (ms):            skipped
[436.286s][debug][gc,phases,ref  ] GC(2999)         Total (ms):               skipped
[436.286s][debug][gc,phases,ref  ] GC(2999)       Notify and keep alive finalizable: 0.0ms
[436.286s][debug][gc,phases,ref  ] GC(2999)         FinalRef (ms):            skipped
[436.286s][debug][gc,phases,ref  ] GC(2999)       Notify PhantomReferences: 0.0ms
[436.286s][debug][gc,phases,ref  ] GC(2999)         PhantomRef (ms):          skipped
[436.286s][debug][gc,phases,ref  ] GC(2999)       SoftReference:
[436.286s][debug][gc,phases,ref  ] GC(2999)         Discovered: 0
[436.286s][debug][gc,phases,ref  ] GC(2999)         Cleared: 0
[436.286s][debug][gc,phases,ref  ] GC(2999)       WeakReference:
[436.286s][debug][gc,phases,ref  ] GC(2999)         Discovered: 0
[436.286s][debug][gc,phases,ref  ] GC(2999)         Cleared: 0
[436.286s][debug][gc,phases,ref  ] GC(2999)       FinalReference:
[436.286s][debug][gc,phases,ref  ] GC(2999)         Discovered: 0
[436.286s][debug][gc,phases,ref  ] GC(2999)         Cleared: 0
[436.286s][debug][gc,phases,ref  ] GC(2999)       PhantomReference:
[436.286s][debug][gc,phases,ref  ] GC(2999)         Discovered: 0
[436.286s][debug][gc,phases,ref  ] GC(2999)         Cleared: 0
[436.286s][debug][gc,phases      ] GC(2999)     Weak Processing: 0.0ms
[436.286s][debug][gc,phases      ] GC(2999)       JVMTI weak processing: 0.0ms
[436.286s][debug][gc,phases      ] GC(2999)         Dead: 0
[436.286s][debug][gc,phases      ] GC(2999)         Total: 0
[436.286s][debug][gc,phases      ] GC(2999)       JFR weak processing: 0.0ms
[436.286s][debug][gc,phases      ] GC(2999)         Dead: 0
[436.286s][debug][gc,phases      ] GC(2999)         Total: 0
[436.286s][debug][gc,phases      ] GC(2999)       JNI weak                  Min:  0.0, Avg:  0.0, Max:  0.0, Diff:  0.0, Sum:  0.0, Workers: 5
[436.286s][debug][gc,phases      ] GC(2999)         Dead                      Min: 0, Avg:  0.0, Max: 0, Diff: 0, Sum: 0, Workers: 5
[436.286s][debug][gc,phases      ] GC(2999)         Total                     Min: 0, Avg: 13.6, Max: 52, Diff: 52, Sum: 68, Workers: 5
[436.286s][debug][gc,phases      ] GC(2999)       VM weak                   Min:  0.0, Avg:  0.0, Max:  0.0, Diff:  0.0, Sum:  0.0, Workers: 5
[436.286s][debug][gc,phases      ] GC(2999)         Dead                      Min: 0, Avg:  0.0, Max: 0, Diff: 0, Sum: 0, Workers: 5
[436.286s][debug][gc,phases      ] GC(2999)         Total                     Min: 0, Avg: 42.6, Max: 128, Diff: 128, Sum: 213, Workers: 5
[436.286s][debug][gc,phases      ] GC(2999)       StringTable weak          Min:  0.0, Avg:  0.0, Max:  0.0, Diff:  0.0, Sum:  0.1, Workers: 5
[436.286s][debug][gc,phases      ] GC(2999)         Dead                      Min: 0, Avg:  0.0, Max: 0, Diff: 0, Sum: 0, Workers: 5
[436.286s][debug][gc,phases      ] GC(2999)         Total                     Min: 0, Avg: 682.0, Max: 896, Diff: 896, Sum: 3410, Workers: 5
[436.286s][debug][gc,phases      ] GC(2999)       ResolvedMethodTable weak  Min:  0.0, Avg:  0.0, Max:  0.0, Diff:  0.0, Sum:  0.0, Workers: 5
[436.286s][debug][gc,phases      ] GC(2999)         Dead                      Min: 0, Avg:  0.0, Max: 0, Diff: 0, Sum: 0, Workers: 5
[436.286s][debug][gc,phases      ] GC(2999)         Total                     Min: 0, Avg: 114.8, Max: 190, Diff: 190, Sum: 574, Workers: 5
[436.286s][debug][gc,phases      ] GC(2999)     Merge Per-Thread State: 0.0ms
[436.286s][debug][gc,phases      ] GC(2999)       Copied Bytes              Min: 0, Avg: 64.0, Max: 200, Diff: 200, Sum: 512, Workers: 8
[436.286s][debug][gc,phases      ] GC(2999)       LAB Waste                 Min: 0, Avg:  0.0, Max: 0, Diff: 0, Sum: 0, Workers: 8
[436.286s][debug][gc,phases      ] GC(2999)       LAB Undo Waste            Min: 0, Avg:  0.0, Max: 0, Diff: 0, Sum: 0, Workers: 8
[436.286s][debug][gc,phases      ] GC(2999)     Code Roots Purge: 0.0ms
[436.286s][debug][gc,phases      ] GC(2999)     Redirty Cards: 0.0ms
[436.286s][debug][gc,phases      ] GC(2999)     DerivedPointerTable Update: 0.0ms
[436.286s][debug][gc,phases      ] GC(2999)     Free Collection Set: 0.1ms
[436.286s][debug][gc,phases      ] GC(2999)     Rebuild Free List: 0.1ms
[436.286s][debug][gc,phases      ] GC(2999)     Humongous Reclaim: 0.0ms
[436.286s][debug][gc,phases      ] GC(2999)     Start New Collection Set: 0.0ms
[436.286s][debug][gc,phases      ] GC(2999)     Resize TLABs: 0.0ms
[436.286s][debug][gc,phases      ] GC(2999)     Expand Heap After Collection: 0.0ms
[436.286s][info ][gc,phases      ] GC(2999)   Other: 0.3ms
[436.286s][info ][gc,heap        ] GC(2999) Eden regions: 180->0(180)
[436.286s][info ][gc,heap        ] GC(2999) Survivor regions: 1->1(23)
[436.286s][info ][gc,heap        ] GC(2999) Old regions: 7->7
[436.286s][info ][gc,heap        ] GC(2999) Archive regions: 2->2
[436.286s][info ][gc,heap        ] GC(2999) Humongous regions: 0->0
[436.286s][info ][gc,metaspace   ] GC(2999) Metaspace: 9905K(10624K)->9905K(10624K) NonClass: 8758K(9216K)->8758K(9216K) Class: 1146K(1408K)->1146K(1408K)
[436.286s][debug][gc,heap        ] GC(2999) Heap after GC invocations=3000 (full 1): garbage-first heap   total 309248K, used 4065K [0x0000000700000000, 0x0000000800000000)
[436.286s][debug][gc,heap        ] GC(2999)   region size 1024K, 1 young (1024K), 1 survivors (1024K)
[436.286s][debug][gc,heap        ] GC(2999)  Metaspace       used 9905K, capacity 10179K, committed 10624K, reserved 1058816K
[436.286s][debug][gc,heap        ] GC(2999)   class space    used 1146K, capacity 1267K, committed 1408K, reserved 1048576K
[436.286s][info ][gc             ] GC(2999) Pause Young (Normal) (G1 Evacuation Pause) 183M->3M(302M) 1.455ms
[436.286s][info ][gc,cpu         ] GC(2999) User=0.00s Sys=0.00s Real=0.00s
[436.286s][info ][safepoint      ] Safepoint "G1CollectForAllocation", Time since last: 149461994 ns, Reaching safepoint: 198359 ns, At safepoint: 1618940 ns, Total: 1817299 ns
[436.432s][debug][gc,heap        ] GC(3000) Heap before GC invocations=3000 (full 1): garbage-first heap   total 309248K, used 188385K [0x0000000700000000, 0x0000000800000000)
[436.432s][debug][gc,heap        ] GC(3000)   region size 1024K, 181 young (185344K), 1 survivors (1024K)
[436.432s][debug][gc,heap        ] GC(3000)  Metaspace       used 9905K, capacity 10179K, committed 10624K, reserved 1058816K
[436.432s][debug][gc,heap        ] GC(3000)   class space    used 1146K, capacity 1267K, committed 1408K, reserved 1048576K
[436.432s][info ][gc,start       ] GC(3000) Pause Young (Normal) (G1 Evacuation Pause)
[436.432s][info ][gc,task        ] GC(3000) Using 8 workers of 8 for evacuation
[436.432s][debug][gc,tlab        ] GC(3000) TLAB totals: thrds: 8  refills: 722 max: 98 slow allocs: 0 max 0 waste:  1.1% gc: 1622856B max: 369760B slow: 417944B max: 56776B fast: 0B max: 0B
[436.432s][debug][gc,age         ] GC(3000) Desired survivor size 12058624 bytes, new threshold 15 (max threshold 15)
[436.432s][debug][gc,alloc,region] GC(3000) Mutator Allocation stats, regions: 180, wasted size: 0B ( 0.0%)
[436.432s][debug][gc,ergo        ] GC(3000) Running G1 Merge Heap Roots using 8 workers for 181 regions
[436.432s][debug][gc,remset      ] GC(3000) Visited cards 256 Total dirty 2048 (12.50%) Total old 759808 (0.03%)
[436.432s][debug][gc,ergo        ] GC(3000) Running G1 Clear Card Table Task using 1 workers for 1 units of work for 182 regions.
[436.433s][debug][gc,ref         ] GC(3000) Skipped phase1 of Reference Processing due to unavailable references
[436.433s][debug][gc,ref         ] GC(3000) Skipped phase2 of Reference Processing due to unavailable references
[436.433s][debug][gc,ref         ] GC(3000) Skipped phase3 of Reference Processing due to unavailable references
[436.433s][debug][gc,ref         ] GC(3000) Skipped phase4 of Reference Processing due to unavailable references
[436.433s][debug][gc,ergo        ] GC(3000) Running G1 Free Collection Set using 8 workers for collection set length 181 (302)
[436.433s][debug][gc,ergo        ] GC(3000) Running G1 Rebuild Free List Task using 8 workers for rebuilding free list of 0 (4096) regions
[436.433s][trace][gc,age         ] GC(3000) Age table with threshold 15 (max threshold 15)
[436.433s][trace][gc,age         ] GC(3000) - age   1:        488 bytes,        488 total
[436.433s][debug][gc,plab        ] GC(3000) Young PLAB allocation: allocated: 6192B, wasted: 0B, unused: 5704B, used: 488B, undo waste: 0B, 
[436.433s][debug][gc,plab        ] GC(3000) Young other allocation: region end waste: 0B, regions filled: 1, direct allocated: 0B, failure used: 0B, failure wasted: 0B
[436.433s][debug][gc,plab        ] GC(3000) Young sizing: calculated: 96B, actual: 2064B
[436.433s][debug][gc,plab        ] GC(3000) Old PLAB allocation: allocated: 0B, wasted: 0B, unused: 0B, used: 0B, undo waste: 0B, 
[436.433s][debug][gc,plab        ] GC(3000) Old other allocation: region end waste: 0B, regions filled: 1, direct allocated: 0B, failure used: 0B, failure wasted: 0B
[436.433s][debug][gc,plab        ] GC(3000) Old sizing: calculated: 0B, actual: 2064B
[436.433s][debug][gc,ihop        ] GC(3000) Basic information (value update), threshold: 142501478B (45.00), target occupancy: 316669952B, current occupancy: 4160936B, recent allocation size: 0B, recent allocation duration: 146.77ms, recent old gen allocation rate: 0.00B/s, recent marking phase length: 0.00ms
[436.433s][debug][gc,ihop        ] GC(3000) Adaptive IHOP information (value update), threshold: 142501478B (47.37), internal target occupancy: 300836454B, occupancy: 4160936B, additional buffer size: 189792256B, predicted old gen allocation rate: 0.00B/s, predicted marking phase length: 0.00ms, prediction active: false
[436.433s][debug][gc,ergo,refine ] GC(3000) Concurrent refinement times: Logged Cards Scan time goal: 20.00ms Logged Cards Scan time: 0.00ms HCC time: 0.00ms
[436.433s][debug][gc,ergo,refine ] GC(3000) Updated Refinement Zones: green: 2048, yellow: 6144, red: 10240
[436.433s][info ][gc,phases      ] GC(3000)   Pre Evacuate Collection Set: 0.1ms
[436.433s][debug][gc,phases      ] GC(3000)     Prepare TLABs: 0.0ms
[436.433s][debug][gc,phases      ] GC(3000)     Choose Collection Set: 0.0ms
[436.433s][debug][gc,phases      ] GC(3000)     Region Register: 0.1ms
[436.433s][debug][gc,phases      ] GC(3000)     Prepare Heap Roots: 0.0ms
[436.433s][info ][gc,phases      ] GC(3000)   Merge Heap Roots: 0.1ms
[436.433s][debug][gc,phases      ] GC(3000)     Prepare Merge Heap Roots: 0.0ms
[436.433s][debug][gc,phases      ] GC(3000)     Eager Reclaim (ms):       skipped
[436.433s][debug][gc,phases      ] GC(3000)     Remembered Sets (ms):     Min:  0.0, Avg:  0.0, Max:  0.0, Diff:  0.0, Sum:  0.1, Workers: 8
[436.433s][debug][gc,phases      ] GC(3000)       Merged Sparse:            Min: 0, Avg:  0.0, Max: 0, Diff: 0, Sum: 0, Workers: 8
[436.433s][debug][gc,phases      ] GC(3000)       Merged Fine:              Min: 0, Avg:  0.0, Max: 0, Diff: 0, Sum: 0, Workers: 8
[436.433s][debug][gc,phases      ] GC(3000)       Merged Coarse:            Min: 0, Avg:  0.0, Max: 0, Diff: 0, Sum: 0, Workers: 8
[436.433s][debug][gc,phases      ] GC(3000)       Dirty Cards:              Min: 0, Avg:  0.0, Max: 0, Diff: 0, Sum: 0, Workers: 8
[436.433s][debug][gc,phases      ] GC(3000)     Hot Card Cache (ms):      Min:  0.0, Avg:  0.0, Max:  0.0, Diff:  0.0, Sum:  0.0, Workers: 8
[436.433s][debug][gc,phases      ] GC(3000)       Dirty Cards:              Min: 0, Avg:  0.0, Max: 0, Diff: 0, Sum: 0, Workers: 8
[436.433s][debug][gc,phases      ] GC(3000)       Skipped Cards:            Min: 0, Avg:  0.0, Max: 0, Diff: 0, Sum: 0, Workers: 8
[436.433s][debug][gc,phases      ] GC(3000)     Log Buffers (ms):         Min:  0.0, Avg:  0.0, Max:  0.0, Diff:  0.0, Sum:  0.0, Workers: 8
[436.433s][debug][gc,phases      ] GC(3000)       Dirty Cards:              Min: 0, Avg:  0.1, Max: 1, Diff: 1, Sum: 1, Workers: 8
[436.433s][debug][gc,phases      ] GC(3000)       Skipped Cards:            Min: 0, Avg:  0.0, Max: 0, Diff: 0, Sum: 0, Workers: 8
[436.433s][info ][gc,phases      ] GC(3000)   Evacuate Collection Set: 0.2ms
[436.433s][debug][gc,phases      ] GC(3000)     Ext Root Scanning (ms):   Min:  0.0, Avg:  0.0, Max:  0.0, Diff:  0.0, Sum:  0.2, Workers: 8
[436.433s][debug][gc,phases      ] GC(3000)     Scan Heap Roots (ms):     Min:  0.0, Avg:  0.0, Max:  0.0, Diff:  0.0, Sum:  0.0, Workers: 8
[436.433s][debug][gc,phases      ] GC(3000)       Scanned Cards:            Min: 0, Avg:  0.1, Max: 1, Diff: 1, Sum: 1, Workers: 8
[436.433s][debug][gc,phases      ] GC(3000)       Scanned Blocks:           Min: 0, Avg:  0.1, Max: 1, Diff: 1, Sum: 1, Workers: 8
[436.433s][debug][gc,phases      ] GC(3000)       Claimed Chunks:           Min: 0, Avg:  0.1, Max: 1, Diff: 1, Sum: 1, Workers: 8
[436.433s][debug][gc,phases      ] GC(3000)     Code Root Scan (ms):      Min:  0.0, Avg:  0.0, Max:  0.0, Diff:  0.0, Sum:  0.0, Workers: 8
[436.433s][debug][gc,phases      ] GC(3000)     Object Copy (ms):         Min:  0.0, Avg:  0.0, Max:  0.0, Diff:  0.0, Sum:  0.0, Workers: 8
[436.433s][debug][gc,phases      ] GC(3000)     Termination (ms):         Min:  0.1, Avg:  0.1, Max:  0.1, Diff:  0.0, Sum:  0.5, Workers: 8
[436.433s][debug][gc,phases      ] GC(3000)       Termination Attempts:     Min: 1, Avg:  1.0, Max: 1, Diff: 0, Sum: 8, Workers: 8
[436.433s][debug][gc,phases      ] GC(3000)     GC Worker Other (ms):     Min:  0.0, Avg:  0.0, Max:  0.0, Diff:  0.0, Sum:  0.1, Workers: 8
[436.433s][debug][gc,phases      ] GC(3000)     GC Worker Total (ms):     Min:  0.1, Avg:  0.1, Max:  0.1, Diff:  0.1, Sum:  0.9, Workers: 8
[436.433s][info ][gc,phases      ] GC(3000)   Post Evacuate Collection Set: 0.3ms
[436.433s][debug][gc,phases      ] GC(3000)     Code Roots Fixup: 0.0ms
[436.433s][debug][gc,phases      ] GC(3000)     Clear Card Table: 0.1ms
[436.433s][debug][gc,phases      ] GC(3000)     Reference Processing: 0.0ms
[436.433s][debug][gc,phases,ref  ] GC(3000)       Reconsider SoftReferences: 0.0ms
[436.433s][debug][gc,phases,ref  ] GC(3000)         SoftRef (ms):             skipped
[436.433s][debug][gc,phases,ref  ] GC(3000)       Notify Soft/WeakReferences: 0.0ms
[436.433s][debug][gc,phases,ref  ] GC(3000)         SoftRef (ms):             skipped
[436.433s][debug][gc,phases,ref  ] GC(3000)         WeakRef (ms):             skipped
[436.433s][debug][gc,phases,ref  ] GC(3000)         FinalRef (ms):            skipped
[436.433s][debug][gc,phases,ref  ] GC(3000)         Total (ms):               skipped
[436.433s][debug][gc,phases,ref  ] GC(3000)       Notify and keep alive finalizable: 0.0ms
[436.433s][debug][gc,phases,ref  ] GC(3000)         FinalRef (ms):            skipped
[436.433s][debug][gc,phases,ref  ] GC(3000)       Notify PhantomReferences: 0.0ms
[436.433s][debug][gc,phases,ref  ] GC(3000)         PhantomRef (ms):          skipped
[436.433s][debug][gc,phases,ref  ] GC(3000)       SoftReference:
[436.433s][debug][gc,phases,ref  ] GC(3000)         Discovered: 0
[436.433s][debug][gc,phases,ref  ] GC(3000)         Cleared: 0
[436.433s][debug][gc,phases,ref  ] GC(3000)       WeakReference:
[436.433s][debug][gc,phases,ref  ] GC(3000)         Discovered: 0
[436.433s][debug][gc,phases,ref  ] GC(3000)         Cleared: 0
[436.433s][debug][gc,phases,ref  ] GC(3000)       FinalReference:
[436.433s][debug][gc,phases,ref  ] GC(3000)         Discovered: 0
[436.433s][debug][gc,phases,ref  ] GC(3000)         Cleared: 0
[436.433s][debug][gc,phases,ref  ] GC(3000)       PhantomReference:
[436.433s][debug][gc,phases,ref  ] GC(3000)         Discovered: 0
[436.433s][debug][gc,phases,ref  ] GC(3000)         Cleared: 0
[436.433s][debug][gc,phases      ] GC(3000)     Weak Processing: 0.0ms
[436.433s][debug][gc,phases      ] GC(3000)       JVMTI weak processing: 0.0ms
[436.433s][debug][gc,phases      ] GC(3000)         Dead: 0
[436.433s][debug][gc,phases      ] GC(3000)         Total: 0
[436.433s][debug][gc,phases      ] GC(3000)       JFR weak processing: 0.0ms
[436.433s][debug][gc,phases      ] GC(3000)         Dead: 0
[436.433s][debug][gc,phases      ] GC(3000)         Total: 0
[436.433s][debug][gc,phases      ] GC(3000)       JNI weak                  Min:  0.0, Avg:  0.0, Max:  0.0, Diff:  0.0, Sum:  0.0, Workers: 5
[436.433s][debug][gc,phases      ] GC(3000)         Dead                      Min: 0, Avg:  0.0, Max: 0, Diff: 0, Sum: 0, Workers: 5
[436.433s][debug][gc,phases      ] GC(3000)         Total                     Min: 0, Avg: 13.6, Max: 52, Diff: 52, Sum: 68, Workers: 5
[436.433s][debug][gc,phases      ] GC(3000)       VM weak                   Min:  0.0, Avg:  0.0, Max:  0.0, Diff:  0.0, Sum:  0.0, Workers: 5
[436.433s][debug][gc,phases      ] GC(3000)         Dead                      Min: 0, Avg:  0.0, Max: 0, Diff: 0, Sum: 0, Workers: 5
[436.433s][debug][gc,phases      ] GC(3000)         Total                     Min: 0, Avg: 42.6, Max: 64, Diff: 64, Sum: 213, Workers: 5
[436.433s][debug][gc,phases      ] GC(3000)       StringTable weak          Min:  0.0, Avg:  0.0, Max:  0.0, Diff:  0.0, Sum:  0.0, Workers: 5
[436.433s][debug][gc,phases      ] GC(3000)         Dead                      Min: 0, Avg:  0.0, Max: 0, Diff: 0, Sum: 0, Workers: 5
[436.433s][debug][gc,phases      ] GC(3000)         Total                     Min: 448, Avg: 682.0, Max: 851, Diff: 403, Sum: 3410, Workers: 5
[436.433s][debug][gc,phases      ] GC(3000)       ResolvedMethodTable weak  Min:  0.0, Avg:  0.0, Max:  0.0, Diff:  0.0, Sum:  0.0, Workers: 5
[436.433s][debug][gc,phases      ] GC(3000)         Dead                      Min: 0, Avg:  0.0, Max: 0, Diff: 0, Sum: 0, Workers: 5
[436.433s][debug][gc,phases      ] GC(3000)         Total                     Min: 64, Avg: 114.8, Max: 128, Diff: 64, Sum: 574, Workers: 5
[436.433s][debug][gc,phases      ] GC(3000)     Merge Per-Thread State: 0.0ms
[436.433s][debug][gc,phases      ] GC(3000)       Copied Bytes              Min: 0, Avg: 61.0, Max: 224, Diff: 224, Sum: 488, Workers: 8
[436.433s][debug][gc,phases      ] GC(3000)       LAB Waste                 Min: 0, Avg:  0.0, Max: 0, Diff: 0, Sum: 0, Workers: 8
[436.433s][debug][gc,phases      ] GC(3000)       LAB Undo Waste            Min: 0, Avg:  0.0, Max: 0, Diff: 0, Sum: 0, Workers: 8
[436.433s][debug][gc,phases      ] GC(3000)     Code Roots Purge: 0.0ms
[436.433s][debug][gc,phases      ] GC(3000)     Redirty Cards: 0.0ms
[436.433s][debug][gc,phases      ] GC(3000)     DerivedPointerTable Update: 0.0ms
[436.433s][debug][gc,phases      ] GC(3000)     Free Collection Set: 0.1ms
[436.433s][debug][gc,phases      ] GC(3000)     Rebuild Free List: 0.0ms
[436.433s][debug][gc,phases      ] GC(3000)     Humongous Reclaim: 0.0ms
[436.433s][debug][gc,phases      ] GC(3000)     Start New Collection Set: 0.0ms
[436.433s][debug][gc,phases      ] GC(3000)     Resize TLABs: 0.0ms
[436.433s][debug][gc,phases      ] GC(3000)     Expand Heap After Collection: 0.0ms
[436.433s][info ][gc,phases      ] GC(3000)   Other: 0.3ms
[436.433s][info ][gc,heap        ] GC(3000) Eden regions: 180->0(180)
[436.433s][info ][gc,heap        ] GC(3000) Survivor regions: 1->1(23)
[436.433s][info ][gc,heap        ] GC(3000) Old regions: 7->7
[436.433s][info ][gc,heap        ] GC(3000) Archive regions: 2->2
[436.433s][info ][gc,heap        ] GC(3000) Humongous regions: 0->0
[436.433s][info ][gc,metaspace   ] GC(3000) Metaspace: 9905K(10624K)->9905K(10624K) NonClass: 8758K(9216K)->8758K(9216K) Class: 1146K(1408K)->1146K(1408K)
[436.434s][debug][gc,heap        ] GC(3000) Heap after GC invocations=3001 (full 1): garbage-first heap   total 309248K, used 4063K [0x0000000700000000, 0x0000000800000000)
[436.434s][debug][gc,heap        ] GC(3000)   region size 1024K, 1 young (1024K), 1 survivors (1024K)
[436.434s][debug][gc,heap        ] GC(3000)  Metaspace       used 9905K, capacity 10179K, committed 10624K, reserved 1058816K
[436.434s][debug][gc,heap        ] GC(3000)   class space    used 1146K, capacity 1267K, committed 1408K, reserved 1048576K
[436.434s][info ][gc             ] GC(3000) Pause Young (Normal) (G1 Evacuation Pause) 183M->3M(302M) 1.504ms
[436.434s][info ][gc,cpu         ] GC(3000) User=0.00s Sys=0.00s Real=0.01s
[436.434s][info ][safepoint      ] Safepoint "G1CollectForAllocation", Time since last: 145750604 ns, Reaching safepoint: 158992 ns, At safepoint: 1659138 ns, Total: 1818130 ns
[436.576s][debug][gc,heap        ] GC(3001) Heap before GC invocations=3001 (full 1): garbage-first heap   total 309248K, used 188383K [0x0000000700000000, 0x0000000800000000)
[436.576s][debug][gc,heap        ] GC(3001)   region size 1024K, 181 young (185344K), 1 survivors (1024K)
[436.576s][debug][gc,heap        ] GC(3001)  Metaspace       used 9905K, capacity 10179K, committed 10624K, reserved 1058816K
[436.576s][debug][gc,heap        ] GC(3001)   class space    used 1146K, capacity 1267K, committed 1408K, reserved 1048576K
[436.576s][info ][gc,start       ] GC(3001) Pause Young (Normal) (G1 Evacuation Pause)
[436.576s][info ][gc,task        ] GC(3001) Using 8 workers of 8 for evacuation
[436.576s][debug][gc,tlab        ] GC(3001) TLAB totals: thrds: 8  refills: 723 max: 96 slow allocs: 0 max 0 waste:  1.3% gc: 2014664B max: 434864B slow: 417328B max: 55312B fast: 0B max: 0B
[436.576s][debug][gc,age         ] GC(3001) Desired survivor size 12058624 bytes, new threshold 15 (max threshold 15)
[436.576s][debug][gc,alloc,region] GC(3001) Mutator Allocation stats, regions: 180, wasted size: 0B ( 0.0%)
[436.576s][debug][gc,ergo        ] GC(3001) Running G1 Merge Heap Roots using 8 workers for 181 regions
[436.576s][debug][gc,remset      ] GC(3001) Visited cards 256 Total dirty 2048 (12.50%) Total old 759808 (0.03%)
[436.576s][debug][gc,ergo        ] GC(3001) Running G1 Clear Card Table Task using 1 workers for 1 units of work for 182 regions.
[436.576s][debug][gc,ref         ] GC(3001) Skipped phase1 of Reference Processing due to unavailable references
[436.576s][debug][gc,ref         ] GC(3001) Skipped phase2 of Reference Processing due to unavailable references
[436.576s][debug][gc,ref         ] GC(3001) Skipped phase3 of Reference Processing due to unavailable references
[436.576s][debug][gc,ref         ] GC(3001) Skipped phase4 of Reference Processing due to unavailable references
[436.576s][debug][gc,ergo        ] GC(3001) Running G1 Free Collection Set using 8 workers for collection set length 181 (302)
[436.576s][debug][gc,ergo        ] GC(3001) Running G1 Rebuild Free List Task using 8 workers for rebuilding free list of 0 (4096) regions
[436.577s][trace][gc,age         ] GC(3001) Age table with threshold 15 (max threshold 15)
[436.577s][trace][gc,age         ] GC(3001) - age   1:        512 bytes,        512 total
[436.577s][debug][gc,plab        ] GC(3001) Young PLAB allocation: allocated: 12384B, wasted: 0B, unused: 11872B, used: 512B, undo waste: 0B, 
[436.577s][debug][gc,plab        ] GC(3001) Young other allocation: region end waste: 0B, regions filled: 1, direct allocated: 0B, failure used: 0B, failure wasted: 0B
[436.577s][debug][gc,plab        ] GC(3001) Young sizing: calculated: 96B, actual: 2064B
[436.577s][debug][gc,plab        ] GC(3001) Old PLAB allocation: allocated: 0B, wasted: 0B, unused: 0B, used: 0B, undo waste: 0B, 
[436.577s][debug][gc,plab        ] GC(3001) Old other allocation: region end waste: 0B, regions filled: 1, direct allocated: 0B, failure used: 0B, failure wasted: 0B
[436.577s][debug][gc,plab        ] GC(3001) Old sizing: calculated: 0B, actual: 2064B
[436.577s][debug][gc,ihop        ] GC(3001) Basic information (value update), threshold: 142501478B (45.00), target occupancy: 316669952B, current occupancy: 4167128B, recent allocation size: 0B, recent allocation duration: 143.03ms, recent old gen allocation rate: 0.00B/s, recent marking phase length: 0.00ms
[436.577s][debug][gc,ihop        ] GC(3001) Adaptive IHOP information (value update), threshold: 142501478B (47.37), internal target occupancy: 300836454B, occupancy: 4167128B, additional buffer size: 189792256B, predicted old gen allocation rate: 0.00B/s, predicted marking phase length: 0.00ms, prediction active: false
[436.577s][debug][gc,ergo,refine ] GC(3001) Concurrent refinement times: Logged Cards Scan time goal: 20.00ms Logged Cards Scan time: 0.00ms HCC time: 0.00ms
[436.577s][debug][gc,ergo,refine ] GC(3001) Updated Refinement Zones: green: 2048, yellow: 6144, red: 10240
[436.577s][info ][gc,phases      ] GC(3001)   Pre Evacuate Collection Set: 0.1ms
[436.577s][debug][gc,phases      ] GC(3001)     Prepare TLABs: 0.0ms
[436.577s][debug][gc,phases      ] GC(3001)     Choose Collection Set: 0.0ms
[436.577s][debug][gc,phases      ] GC(3001)     Region Register: 0.1ms
[436.577s][debug][gc,phases      ] GC(3001)     Prepare Heap Roots: 0.0ms
[436.577s][info ][gc,phases      ] GC(3001)   Merge Heap Roots: 0.1ms
[436.577s][debug][gc,phases      ] GC(3001)     Prepare Merge Heap Roots: 0.0ms
[436.577s][debug][gc,phases      ] GC(3001)     Eager Reclaim (ms):       skipped
[436.577s][debug][gc,phases      ] GC(3001)     Remembered Sets (ms):     Min:  0.0, Avg:  0.0, Max:  0.0, Diff:  0.0, Sum:  0.0, Workers: 8
[436.577s][debug][gc,phases      ] GC(3001)       Merged Sparse:            Min: 0, Avg:  0.0, Max: 0, Diff: 0, Sum: 0, Workers: 8
[436.577s][debug][gc,phases      ] GC(3001)       Merged Fine:              Min: 0, Avg:  0.0, Max: 0, Diff: 0, Sum: 0, Workers: 8
[436.577s][debug][gc,phases      ] GC(3001)       Merged Coarse:            Min: 0, Avg:  0.0, Max: 0, Diff: 0, Sum: 0, Workers: 8
[436.577s][debug][gc,phases      ] GC(3001)       Dirty Cards:              Min: 0, Avg:  0.0, Max: 0, Diff: 0, Sum: 0, Workers: 8
[436.577s][debug][gc,phases      ] GC(3001)     Hot Card Cache (ms):      Min:  0.0, Avg:  0.0, Max:  0.0, Diff:  0.0, Sum:  0.0, Workers: 8
[436.577s][debug][gc,phases      ] GC(3001)       Dirty Cards:              Min: 0, Avg:  0.0, Max: 0, Diff: 0, Sum: 0, Workers: 8
[436.577s][debug][gc,phases      ] GC(3001)       Skipped Cards:            Min: 0, Avg:  0.0, Max: 0, Diff: 0, Sum: 0, Workers: 8
[436.577s][debug][gc,phases      ] GC(3001)     Log Buffers (ms):         Min:  0.0, Avg:  0.0, Max:  0.0, Diff:  0.0, Sum:  0.0, Workers: 8
[436.577s][debug][gc,phases      ] GC(3001)       Dirty Cards:              Min: 0, Avg:  0.1, Max: 1, Diff: 1, Sum: 1, Workers: 8
[436.577s][debug][gc,phases      ] GC(3001)       Skipped Cards:            Min: 0, Avg:  0.0, Max: 0, Diff: 0, Sum: 0, Workers: 8
[436.577s][info ][gc,phases      ] GC(3001)   Evacuate Collection Set: 0.2ms
[436.577s][debug][gc,phases      ] GC(3001)     Ext Root Scanning (ms):   Min:  0.0, Avg:  0.0, Max:  0.1, Diff:  0.0, Sum:  0.2, Workers: 8
[436.577s][debug][gc,phases      ] GC(3001)     Scan Heap Roots (ms):     Min:  0.0, Avg:  0.0, Max:  0.0, Diff:  0.0, Sum:  0.0, Workers: 8
[436.577s][debug][gc,phases      ] GC(3001)       Scanned Cards:            Min: 0, Avg:  0.1, Max: 1, Diff: 1, Sum: 1, Workers: 8
[436.577s][debug][gc,phases      ] GC(3001)       Scanned Blocks:           Min: 0, Avg:  0.1, Max: 1, Diff: 1, Sum: 1, Workers: 8
[436.577s][debug][gc,phases      ] GC(3001)       Claimed Chunks:           Min: 0, Avg:  0.1, Max: 1, Diff: 1, Sum: 1, Workers: 8
[436.577s][debug][gc,phases      ] GC(3001)     Code Root Scan (ms):      Min:  0.0, Avg:  0.0, Max:  0.0, Diff:  0.0, Sum:  0.0, Workers: 8
[436.577s][debug][gc,phases      ] GC(3001)     Object Copy (ms):         Min:  0.0, Avg:  0.0, Max:  0.0, Diff:  0.0, Sum:  0.0, Workers: 8
[436.577s][debug][gc,phases      ] GC(3001)     Termination (ms):         Min:  0.1, Avg:  0.1, Max:  0.1, Diff:  0.0, Sum:  0.5, Workers: 8
[436.577s][debug][gc,phases      ] GC(3001)       Termination Attempts:     Min: 1, Avg:  1.0, Max: 1, Diff: 0, Sum: 8, Workers: 8
[436.577s][debug][gc,phases      ] GC(3001)     GC Worker Other (ms):     Min:  0.0, Avg:  0.0, Max:  0.0, Diff:  0.0, Sum:  0.1, Workers: 8
[436.577s][debug][gc,phases      ] GC(3001)     GC Worker Total (ms):     Min:  0.1, Avg:  0.1, Max:  0.1, Diff:  0.1, Sum:  0.8, Workers: 8
[436.577s][info ][gc,phases      ] GC(3001)   Post Evacuate Collection Set: 0.3ms
[436.577s][debug][gc,phases      ] GC(3001)     Code Roots Fixup: 0.0ms
[436.577s][debug][gc,phases      ] GC(3001)     Clear Card Table: 0.1ms
[436.577s][debug][gc,phases      ] GC(3001)     Reference Processing: 0.0ms
[436.577s][debug][gc,phases,ref  ] GC(3001)       Reconsider SoftReferences: 0.0ms
[436.577s][debug][gc,phases,ref  ] GC(3001)         SoftRef (ms):             skipped
[436.577s][debug][gc,phases,ref  ] GC(3001)       Notify Soft/WeakReferences: 0.0ms
[436.577s][debug][gc,phases,ref  ] GC(3001)         SoftRef (ms):             skipped
[436.577s][debug][gc,phases,ref  ] GC(3001)         WeakRef (ms):             skipped
[436.577s][debug][gc,phases,ref  ] GC(3001)         FinalRef (ms):            skipped
[436.577s][debug][gc,phases,ref  ] GC(3001)         Total (ms):               skipped
[436.577s][debug][gc,phases,ref  ] GC(3001)       Notify and keep alive finalizable: 0.0ms
[436.577s][debug][gc,phases,ref  ] GC(3001)         FinalRef (ms):            skipped
[436.577s][debug][gc,phases,ref  ] GC(3001)       Notify PhantomReferences: 0.0ms
[436.577s][debug][gc,phases,ref  ] GC(3001)         PhantomRef (ms):          skipped
[436.577s][debug][gc,phases,ref  ] GC(3001)       SoftReference:
[436.577s][debug][gc,phases,ref  ] GC(3001)         Discovered: 0
[436.577s][debug][gc,phases,ref  ] GC(3001)         Cleared: 0
[436.577s][debug][gc,phases,ref  ] GC(3001)       WeakReference:
[436.577s][debug][gc,phases,ref  ] GC(3001)         Discovered: 0
[436.577s][debug][gc,phases,ref  ] GC(3001)         Cleared: 0
[436.577s][debug][gc,phases,ref  ] GC(3001)       FinalReference:
[436.577s][debug][gc,phases,ref  ] GC(3001)         Discovered: 0
[436.577s][debug][gc,phases,ref  ] GC(3001)         Cleared: 0
[436.577s][debug][gc,phases,ref  ] GC(3001)       PhantomReference:
[436.577s][debug][gc,phases,ref  ] GC(3001)         Discovered: 0
[436.577s][debug][gc,phases,ref  ] GC(3001)         Cleared: 0
[436.577s][debug][gc,phases      ] GC(3001)     Weak Processing: 0.0ms
[436.577s][debug][gc,phases      ] GC(3001)       JVMTI weak processing: 0.0ms
[436.577s][debug][gc,phases      ] GC(3001)         Dead: 0
[436.577s][debug][gc,phases      ] GC(3001)         Total: 0
[436.577s][debug][gc,phases      ] GC(3001)       JFR weak processing: 0.0ms
[436.577s][debug][gc,phases      ] GC(3001)         Dead: 0
[436.577s][debug][gc,phases      ] GC(3001)         Total: 0
[436.577s][debug][gc,phases      ] GC(3001)       JNI weak                  Min:  0.0, Avg:  0.0, Max:  0.0, Diff:  0.0, Sum:  0.0, Workers: 5
[436.577s][debug][gc,phases      ] GC(3001)         Dead                      Min: 0, Avg:  0.0, Max: 0, Diff: 0, Sum: 0, Workers: 5
[436.577s][debug][gc,phases      ] GC(3001)         Total                     Min: 0, Avg: 13.6, Max: 52, Diff: 52, Sum: 68, Workers: 5
[436.577s][debug][gc,phases      ] GC(3001)       VM weak                   Min:  0.0, Avg:  0.0, Max:  0.0, Diff:  0.0, Sum:  0.0, Workers: 5
[436.577s][debug][gc,phases      ] GC(3001)         Dead                      Min: 0, Avg:  0.0, Max: 0, Diff: 0, Sum: 0, Workers: 5
[436.577s][debug][gc,phases      ] GC(3001)         Total                     Min: 0, Avg: 42.6, Max: 128, Diff: 128, Sum: 213, Workers: 5
[436.577s][debug][gc,phases      ] GC(3001)       StringTable weak          Min:  0.0, Avg:  0.0, Max:  0.0, Diff:  0.0, Sum:  0.1, Workers: 5
[436.577s][debug][gc,phases      ] GC(3001)         Dead                      Min: 0, Avg:  0.0, Max: 0, Diff: 0, Sum: 0, Workers: 5
[436.577s][debug][gc,phases      ] GC(3001)         Total                     Min: 0, Avg: 682.0, Max: 914, Diff: 914, Sum: 3410, Workers: 5
[436.577s][debug][gc,phases      ] GC(3001)       ResolvedMethodTable weak  Min:  0.0, Avg:  0.0, Max:  0.0, Diff:  0.0, Sum:  0.0, Workers: 5
[436.577s][debug][gc,phases      ] GC(3001)         Dead                      Min: 0, Avg:  0.0, Max: 0, Diff: 0, Sum: 0, Workers: 5
[436.577s][debug][gc,phases      ] GC(3001)         Total                     Min: 0, Avg: 114.8, Max: 190, Diff: 190, Sum: 574, Workers: 5
[436.577s][debug][gc,phases      ] GC(3001)     Merge Per-Thread State: 0.0ms
[436.577s][debug][gc,phases      ] GC(3001)       Copied Bytes              Min: 0, Avg: 64.0, Max: 128, Diff: 128, Sum: 512, Workers: 8
[436.577s][debug][gc,phases      ] GC(3001)       LAB Waste                 Min: 0, Avg:  0.0, Max: 0, Diff: 0, Sum: 0, Workers: 8
[436.577s][debug][gc,phases      ] GC(3001)       LAB Undo Waste            Min: 0, Avg:  0.0, Max: 0, Diff: 0, Sum: 0, Workers: 8
[436.577s][debug][gc,phases      ] GC(3001)     Code Roots Purge: 0.0ms
[436.577s][debug][gc,phases      ] GC(3001)     Redirty Cards: 0.0ms
[436.577s][debug][gc,phases      ] GC(3001)     DerivedPointerTable Update: 0.0ms
[436.577s][debug][gc,phases      ] GC(3001)     Free Collection Set: 0.1ms
[436.577s][debug][gc,phases      ] GC(3001)     Rebuild Free List: 0.1ms
[436.577s][debug][gc,phases      ] GC(3001)     Humongous Reclaim: 0.0ms
[436.577s][debug][gc,phases      ] GC(3001)     Start New Collection Set: 0.0ms
[436.577s][debug][gc,phases      ] GC(3001)     Resize TLABs: 0.0ms
[436.577s][debug][gc,phases      ] GC(3001)     Expand Heap After Collection: 0.0ms
[436.577s][info ][gc,phases      ] GC(3001)   Other: 0.3ms
[436.577s][info ][gc,heap        ] GC(3001) Eden regions: 180->0(180)
[436.577s][info ][gc,heap        ] GC(3001) Survivor regions: 1->1(23)
[436.577s][info ][gc,heap        ] GC(3001) Old regions: 7->7
[436.577s][info ][gc,heap        ] GC(3001) Archive regions: 2->2
[436.577s][info ][gc,heap        ] GC(3001) Humongous regions: 0->0
[436.577s][info ][gc,metaspace   ] GC(3001) Metaspace: 9905K(10624K)->9905K(10624K) NonClass: 8758K(9216K)->8758K(9216K) Class: 1146K(1408K)->1146K(1408K)
[436.577s][debug][gc,heap        ] GC(3001) Heap after GC invocations=3002 (full 1): garbage-first heap   total 309248K, used 4069K [0x0000000700000000, 0x0000000800000000)
[436.577s][debug][gc,heap        ] GC(3001)   region size 1024K, 1 young (1024K), 1 survivors (1024K)
[436.577s][debug][gc,heap        ] GC(3001)  Metaspace       used 9905K, capacity 10179K, committed 10624K, reserved 1058816K
[436.577s][debug][gc,heap        ] GC(3001)   class space    used 1146K, capacity 1267K, committed 1408K, reserved 1048576K
[436.577s][info ][gc             ] GC(3001) Pause Young (Normal) (G1 Evacuation Pause) 183M->3M(302M) 1.471ms
[436.577s][info ][gc,cpu         ] GC(3001) User=0.00s Sys=0.00s Real=0.00s
[436.577s][info ][safepoint      ] Safepoint "G1CollectForAllocation", Time since last: 141998221 ns, Reaching safepoint: 115938 ns, At safepoint: 1627049 ns, Total: 1742987 ns
[436.728s][debug][gc,heap        ] GC(3002) Heap before GC invocations=3002 (full 1): garbage-first heap   total 309248K, used 188389K [0x0000000700000000, 0x0000000800000000)
[436.728s][debug][gc,heap        ] GC(3002)   region size 1024K, 181 young (185344K), 1 survivors (1024K)
[436.728s][debug][gc,heap        ] GC(3002)  Metaspace       used 9905K, capacity 10179K, committed 10624K, reserved 1058816K
[436.728s][debug][gc,heap        ] GC(3002)   class space    used 1146K, capacity 1267K, committed 1408K, reserved 1048576K
[436.728s][info ][gc,start       ] GC(3002) Pause Young (Normal) (G1 Evacuation Pause)
[436.728s][info ][gc,task        ] GC(3002) Using 8 workers of 8 for evacuation
[436.728s][debug][gc,tlab        ] GC(3002) TLAB totals: thrds: 8  refills: 725 max: 98 slow allocs: 0 max 0 waste:  0.9% gc: 1219552B max: 363088B slow: 419976B max: 56664B fast: 0B max: 0B
[436.728s][debug][gc,age         ] GC(3002) Desired survivor size 12058624 bytes, new threshold 15 (max threshold 15)
[436.728s][debug][gc,alloc,region] GC(3002) Mutator Allocation stats, regions: 180, wasted size: 0B ( 0.0%)
[436.728s][debug][gc,ergo        ] GC(3002) Running G1 Merge Heap Roots using 8 workers for 181 regions
[436.728s][debug][gc,remset      ] GC(3002) Visited cards 256 Total dirty 2048 (12.50%) Total old 759808 (0.03%)
[436.728s][debug][gc,ergo        ] GC(3002) Running G1 Clear Card Table Task using 1 workers for 1 units of work for 182 regions.
[436.728s][debug][gc,ref         ] GC(3002) Skipped phase1 of Reference Processing due to unavailable references
[436.728s][debug][gc,ref         ] GC(3002) Skipped phase2 of Reference Processing due to unavailable references
[436.728s][debug][gc,ref         ] GC(3002) Skipped phase3 of Reference Processing due to unavailable references
[436.728s][debug][gc,ref         ] GC(3002) Skipped phase4 of Reference Processing due to unavailable references
[436.728s][debug][gc,ergo        ] GC(3002) Running G1 Free Collection Set using 8 workers for collection set length 181 (302)
[436.729s][debug][gc,ergo        ] GC(3002) Running G1 Rebuild Free List Task using 8 workers for rebuilding free list of 0 (4096) regions
[436.729s][trace][gc,age         ] GC(3002) Age table with threshold 15 (max threshold 15)
[436.729s][trace][gc,age         ] GC(3002) - age   1:        672 bytes,        672 total
[436.729s][debug][gc,plab        ] GC(3002) Young PLAB allocation: allocated: 14448B, wasted: 0B, unused: 13776B, used: 672B, undo waste: 0B, 
[436.729s][debug][gc,plab        ] GC(3002) Young other allocation: region end waste: 0B, regions filled: 1, direct allocated: 0B, failure used: 0B, failure wasted: 0B
[436.729s][debug][gc,plab        ] GC(3002) Young sizing: calculated: 128B, actual: 2064B
[436.729s][debug][gc,plab        ] GC(3002) Old PLAB allocation: allocated: 0B, wasted: 0B, unused: 0B, used: 0B, undo waste: 0B, 
[436.729s][debug][gc,plab        ] GC(3002) Old other allocation: region end waste: 0B, regions filled: 1, direct allocated: 0B, failure used: 0B, failure wasted: 0B
[436.729s][debug][gc,plab        ] GC(3002) Old sizing: calculated: 0B, actual: 2064B
[436.729s][debug][gc,ihop        ] GC(3002) Basic information (value update), threshold: 142501478B (45.00), target occupancy: 316669952B, current occupancy: 4169192B, recent allocation size: 0B, recent allocation duration: 151.24ms, recent old gen allocation rate: 0.00B/s, recent marking phase length: 0.00ms
[436.729s][debug][gc,ihop        ] GC(3002) Adaptive IHOP information (value update), threshold: 142501478B (47.37), internal target occupancy: 300836454B, occupancy: 4169192B, additional buffer size: 189792256B, predicted old gen allocation rate: 0.00B/s, predicted marking phase length: 0.00ms, prediction active: false
[436.729s][debug][gc,ergo,refine ] GC(3002) Concurrent refinement times: Logged Cards Scan time goal: 20.00ms Logged Cards Scan time: 0.00ms HCC time: 0.00ms
[436.729s][debug][gc,ergo,refine ] GC(3002) Updated Refinement Zones: green: 2048, yellow: 6144, red: 10240
[436.729s][info ][gc,phases      ] GC(3002)   Pre Evacuate Collection Set: 0.1ms
[436.729s][debug][gc,phases      ] GC(3002)     Prepare TLABs: 0.0ms
[436.729s][debug][gc,phases      ] GC(3002)     Choose Collection Set: 0.0ms
[436.729s][debug][gc,phases      ] GC(3002)     Region Register: 0.1ms
[436.729s][debug][gc,phases      ] GC(3002)     Prepare Heap Roots: 0.0ms
[436.729s][info ][gc,phases      ] GC(3002)   Merge Heap Roots: 0.1ms
[436.729s][debug][gc,phases      ] GC(3002)     Prepare Merge Heap Roots: 0.0ms
[436.729s][debug][gc,phases      ] GC(3002)     Eager Reclaim (ms):       skipped
[436.729s][debug][gc,phases      ] GC(3002)     Remembered Sets (ms):     Min:  0.0, Avg:  0.0, Max:  0.0, Diff:  0.0, Sum:  0.0, Workers: 8
[436.729s][debug][gc,phases      ] GC(3002)       Merged Sparse:            Min: 0, Avg:  0.0, Max: 0, Diff: 0, Sum: 0, Workers: 8
[436.729s][debug][gc,phases      ] GC(3002)       Merged Fine:              Min: 0, Avg:  0.0, Max: 0, Diff: 0, Sum: 0, Workers: 8
[436.729s][debug][gc,phases      ] GC(3002)       Merged Coarse:            Min: 0, Avg:  0.0, Max: 0, Diff: 0, Sum: 0, Workers: 8
[436.729s][debug][gc,phases      ] GC(3002)       Dirty Cards:              Min: 0, Avg:  0.0, Max: 0, Diff: 0, Sum: 0, Workers: 8
[436.729s][debug][gc,phases      ] GC(3002)     Hot Card Cache (ms):      Min:  0.0, Avg:  0.0, Max:  0.0, Diff:  0.0, Sum:  0.0, Workers: 8
[436.729s][debug][gc,phases      ] GC(3002)       Dirty Cards:              Min: 0, Avg:  0.0, Max: 0, Diff: 0, Sum: 0, Workers: 8
[436.729s][debug][gc,phases      ] GC(3002)       Skipped Cards:            Min: 0, Avg:  0.0, Max: 0, Diff: 0, Sum: 0, Workers: 8
[436.729s][debug][gc,phases      ] GC(3002)     Log Buffers (ms):         Min:  0.0, Avg:  0.0, Max:  0.0, Diff:  0.0, Sum:  0.0, Workers: 8
[436.729s][debug][gc,phases      ] GC(3002)       Dirty Cards:              Min: 0, Avg:  0.1, Max: 1, Diff: 1, Sum: 1, Workers: 8
[436.729s][debug][gc,phases      ] GC(3002)       Skipped Cards:            Min: 0, Avg:  0.0, Max: 0, Diff: 0, Sum: 0, Workers: 8
[436.729s][info ][gc,phases      ] GC(3002)   Evacuate Collection Set: 0.2ms
[436.729s][debug][gc,phases      ] GC(3002)     Ext Root Scanning (ms):   Min:  0.0, Avg:  0.0, Max:  0.0, Diff:  0.0, Sum:  0.2, Workers: 8
[436.729s][debug][gc,phases      ] GC(3002)     Scan Heap Roots (ms):     Min:  0.0, Avg:  0.0, Max:  0.0, Diff:  0.0, Sum:  0.0, Workers: 8
[436.729s][debug][gc,phases      ] GC(3002)       Scanned Cards:            Min: 0, Avg:  0.1, Max: 1, Diff: 1, Sum: 1, Workers: 8
[436.729s][debug][gc,phases      ] GC(3002)       Scanned Blocks:           Min: 0, Avg:  0.1, Max: 1, Diff: 1, Sum: 1, Workers: 8
[436.729s][debug][gc,phases      ] GC(3002)       Claimed Chunks:           Min: 0, Avg:  0.1, Max: 1, Diff: 1, Sum: 1, Workers: 8
[436.729s][debug][gc,phases      ] GC(3002)     Code Root Scan (ms):      Min:  0.0, Avg:  0.0, Max:  0.0, Diff:  0.0, Sum:  0.0, Workers: 8
[436.729s][debug][gc,phases      ] GC(3002)     Object Copy (ms):         Min:  0.0, Avg:  0.0, Max:  0.0, Diff:  0.0, Sum:  0.0, Workers: 8
[436.729s][debug][gc,phases      ] GC(3002)     Termination (ms):         Min:  0.1, Avg:  0.1, Max:  0.1, Diff:  0.0, Sum:  0.6, Workers: 8
[436.729s][debug][gc,phases      ] GC(3002)       Termination Attempts:     Min: 1, Avg:  1.0, Max: 1, Diff: 0, Sum: 8, Workers: 8
[436.729s][debug][gc,phases      ] GC(3002)     GC Worker Other (ms):     Min:  0.0, Avg:  0.0, Max:  0.0, Diff:  0.0, Sum:  0.1, Workers: 8
[436.729s][debug][gc,phases      ] GC(3002)     GC Worker Total (ms):     Min:  0.1, Avg:  0.1, Max:  0.1, Diff:  0.1, Sum:  1.0, Workers: 8
[436.729s][info ][gc,phases      ] GC(3002)   Post Evacuate Collection Set: 0.4ms
[436.729s][debug][gc,phases      ] GC(3002)     Code Roots Fixup: 0.0ms
[436.729s][debug][gc,phases      ] GC(3002)     Clear Card Table: 0.1ms
[436.729s][debug][gc,phases      ] GC(3002)     Reference Processing: 0.0ms
[436.729s][debug][gc,phases,ref  ] GC(3002)       Reconsider SoftReferences: 0.0ms
[436.729s][debug][gc,phases,ref  ] GC(3002)         SoftRef (ms):             skipped
[436.729s][debug][gc,phases,ref  ] GC(3002)       Notify Soft/WeakReferences: 0.0ms
[436.729s][debug][gc,phases,ref  ] GC(3002)         SoftRef (ms):             skipped
[436.729s][debug][gc,phases,ref  ] GC(3002)         WeakRef (ms):             skipped
[436.729s][debug][gc,phases,ref  ] GC(3002)         FinalRef (ms):            skipped
[436.729s][debug][gc,phases,ref  ] GC(3002)         Total (ms):               skipped
[436.729s][debug][gc,phases,ref  ] GC(3002)       Notify and keep alive finalizable: 0.0ms
[436.729s][debug][gc,phases,ref  ] GC(3002)         FinalRef (ms):            skipped
[436.729s][debug][gc,phases,ref  ] GC(3002)       Notify PhantomReferences: 0.0ms
[436.729s][debug][gc,phases,ref  ] GC(3002)         PhantomRef (ms):          skipped
[436.729s][debug][gc,phases,ref  ] GC(3002)       SoftReference:
[436.729s][debug][gc,phases,ref  ] GC(3002)         Discovered: 0
[436.729s][debug][gc,phases,ref  ] GC(3002)         Cleared: 0
[436.729s][debug][gc,phases,ref  ] GC(3002)       WeakReference:
[436.729s][debug][gc,phases,ref  ] GC(3002)         Discovered: 0
[436.729s][debug][gc,phases,ref  ] GC(3002)         Cleared: 0
[436.729s][debug][gc,phases,ref  ] GC(3002)       FinalReference:
[436.729s][debug][gc,phases,ref  ] GC(3002)         Discovered: 0
[436.729s][debug][gc,phases,ref  ] GC(3002)         Cleared: 0
[436.729s][debug][gc,phases,ref  ] GC(3002)       PhantomReference:
[436.729s][debug][gc,phases,ref  ] GC(3002)         Discovered: 0
[436.729s][debug][gc,phases,ref  ] GC(3002)         Cleared: 0
[436.729s][debug][gc,phases      ] GC(3002)     Weak Processing: 0.1ms
[436.729s][debug][gc,phases      ] GC(3002)       JVMTI weak processing: 0.0ms
[436.729s][debug][gc,phases      ] GC(3002)         Dead: 0
[436.729s][debug][gc,phases      ] GC(3002)         Total: 0
[436.729s][debug][gc,phases      ] GC(3002)       JFR weak processing: 0.0ms
[436.729s][debug][gc,phases      ] GC(3002)         Dead: 0
[436.729s][debug][gc,phases      ] GC(3002)         Total: 0
[436.729s][debug][gc,phases      ] GC(3002)       JNI weak                  Min:  0.0, Avg:  0.0, Max:  0.0, Diff:  0.0, Sum:  0.0, Workers: 5
[436.729s][debug][gc,phases      ] GC(3002)         Dead                      Min: 0, Avg:  0.0, Max: 0, Diff: 0, Sum: 0, Workers: 5
[436.729s][debug][gc,phases      ] GC(3002)         Total                     Min: 0, Avg: 13.6, Max: 52, Diff: 52, Sum: 68, Workers: 5
[436.729s][debug][gc,phases      ] GC(3002)       VM weak                   Min:  0.0, Avg:  0.0, Max:  0.0, Diff:  0.0, Sum:  0.0, Workers: 5
[436.729s][debug][gc,phases      ] GC(3002)         Dead                      Min: 0, Avg:  0.0, Max: 0, Diff: 0, Sum: 0, Workers: 5
[436.729s][debug][gc,phases      ] GC(3002)         Total                     Min: 0, Avg: 42.6, Max: 128, Diff: 128, Sum: 213, Workers: 5
[436.729s][debug][gc,phases      ] GC(3002)       StringTable weak          Min:  0.0, Avg:  0.0, Max:  0.0, Diff:  0.0, Sum:  0.1, Workers: 5
[436.729s][debug][gc,phases      ] GC(3002)         Dead                      Min: 0, Avg:  0.0, Max: 0, Diff: 0, Sum: 0, Workers: 5
[436.729s][debug][gc,phases      ] GC(3002)         Total                     Min: 0, Avg: 682.0, Max: 1727, Diff: 1727, Sum: 3410, Workers: 5
[436.729s][debug][gc,phases      ] GC(3002)       ResolvedMethodTable weak  Min:  0.0, Avg:  0.0, Max:  0.0, Diff:  0.0, Sum:  0.0, Workers: 5
[436.729s][debug][gc,phases      ] GC(3002)         Dead                      Min: 0, Avg:  0.0, Max: 0, Diff: 0, Sum: 0, Workers: 5
[436.729s][debug][gc,phases      ] GC(3002)         Total                     Min: 0, Avg: 114.8, Max: 318, Diff: 318, Sum: 574, Workers: 5
[436.729s][debug][gc,phases      ] GC(3002)     Merge Per-Thread State: 0.0ms
[436.729s][debug][gc,phases      ] GC(3002)       Copied Bytes              Min: 0, Avg: 84.0, Max: 224, Diff: 224, Sum: 672, Workers: 8
[436.729s][debug][gc,phases      ] GC(3002)       LAB Waste                 Min: 0, Avg:  0.0, Max: 0, Diff: 0, Sum: 0, Workers: 8
[436.729s][debug][gc,phases      ] GC(3002)       LAB Undo Waste            Min: 0, Avg:  0.0, Max: 0, Diff: 0, Sum: 0, Workers: 8
[436.729s][debug][gc,phases      ] GC(3002)     Code Roots Purge: 0.0ms
[436.729s][debug][gc,phases      ] GC(3002)     Redirty Cards: 0.0ms
[436.729s][debug][gc,phases      ] GC(3002)     DerivedPointerTable Update: 0.0ms
[436.729s][debug][gc,phases      ] GC(3002)     Free Collection Set: 0.1ms
[436.729s][debug][gc,phases      ] GC(3002)     Rebuild Free List: 0.0ms
[436.729s][debug][gc,phases      ] GC(3002)     Humongous Reclaim: 0.0ms
[436.729s][debug][gc,phases      ] GC(3002)     Start New Collection Set: 0.0ms
[436.729s][debug][gc,phases      ] GC(3002)     Resize TLABs: 0.0ms
[436.729s][debug][gc,phases      ] GC(3002)     Expand Heap After Collection: 0.0ms
[436.729s][info ][gc,phases      ] GC(3002)   Other: 0.2ms
[436.729s][info ][gc,heap        ] GC(3002) Eden regions: 180->0(180)
[436.729s][info ][gc,heap        ] GC(3002) Survivor regions: 1->1(23)
[436.729s][info ][gc,heap        ] GC(3002) Old regions: 7->7
[436.729s][info ][gc,heap        ] GC(3002) Archive regions: 2->2
[436.729s][info ][gc,heap        ] GC(3002) Humongous regions: 0->0
[436.729s][info ][gc,metaspace   ] GC(3002) Metaspace: 9905K(10624K)->9905K(10624K) NonClass: 8758K(9216K)->8758K(9216K) Class: 1146K(1408K)->1146K(1408K)
[436.729s][debug][gc,heap        ] GC(3002) Heap after GC invocations=3003 (full 1): garbage-first heap   total 309248K, used 4071K [0x0000000700000000, 0x0000000800000000)
[436.729s][debug][gc,heap        ] GC(3002)   region size 1024K, 1 young (1024K), 1 survivors (1024K)
[436.729s][debug][gc,heap        ] GC(3002)  Metaspace       used 9905K, capacity 10179K, committed 10624K, reserved 1058816K
[436.729s][debug][gc,heap        ] GC(3002)   class space    used 1146K, capacity 1267K, committed 1408K, reserved 1048576K
[436.729s][info ][gc             ] GC(3002) Pause Young (Normal) (G1 Evacuation Pause) 183M->3M(302M) 1.573ms
[436.729s][info ][gc,cpu         ] GC(3002) User=0.00s Sys=0.00s Real=0.00s
[436.729s][info ][safepoint      ] Safepoint "G1CollectForAllocation", Time since last: 150238458 ns, Reaching safepoint: 121619 ns, At safepoint: 1730705 ns, Total: 1852324 ns
[436.876s][debug][gc,heap        ] GC(3003) Heap before GC invocations=3003 (full 1): garbage-first heap   total 309248K, used 188391K [0x0000000700000000, 0x0000000800000000)
[436.876s][debug][gc,heap        ] GC(3003)   region size 1024K, 181 young (185344K), 1 survivors (1024K)
[436.876s][debug][gc,heap        ] GC(3003)  Metaspace       used 9905K, capacity 10179K, committed 10624K, reserved 1058816K
[436.876s][debug][gc,heap        ] GC(3003)   class space    used 1146K, capacity 1267K, committed 1408K, reserved 1048576K
[436.876s][info ][gc,start       ] GC(3003) Pause Young (Normal) (G1 Evacuation Pause)
[436.876s][info ][gc,task        ] GC(3003) Using 8 workers of 8 for evacuation
[436.876s][debug][gc,tlab        ] GC(3003) TLAB totals: thrds: 8  refills: 723 max: 98 slow allocs: 0 max 0 waste:  1.2% gc: 1789688B max: 412456B slow: 417544B max: 56672B fast: 0B max: 0B
[436.876s][debug][gc,age         ] GC(3003) Desired survivor size 12058624 bytes, new threshold 15 (max threshold 15)
[436.876s][debug][gc,alloc,region] GC(3003) Mutator Allocation stats, regions: 180, wasted size: 0B ( 0.0%)
[436.876s][debug][gc,ergo        ] GC(3003) Running G1 Merge Heap Roots using 8 workers for 181 regions
[436.876s][debug][gc,remset      ] GC(3003) Visited cards 256 Total dirty 2048 (12.50%) Total old 759808 (0.03%)
[436.876s][debug][gc,ergo        ] GC(3003) Running G1 Clear Card Table Task using 1 workers for 1 units of work for 182 regions.
[436.876s][debug][gc,ref         ] GC(3003) Skipped phase1 of Reference Processing due to unavailable references
[436.876s][debug][gc,ref         ] GC(3003) Skipped phase2 of Reference Processing due to unavailable references
[436.876s][debug][gc,ref         ] GC(3003) Skipped phase3 of Reference Processing due to unavailable references
[436.876s][debug][gc,ref         ] GC(3003) Skipped phase4 of Reference Processing due to unavailable references
[436.877s][debug][gc,ergo        ] GC(3003) Running G1 Free Collection Set using 8 workers for collection set length 181 (302)
[436.877s][debug][gc,ergo        ] GC(3003) Running G1 Rebuild Free List Task using 8 workers for rebuilding free list of 0 (4096) regions
[436.877s][trace][gc,age         ] GC(3003) Age table with threshold 15 (max threshold 15)
[436.877s][trace][gc,age         ] GC(3003) - age   1:        728 bytes,        728 total
[436.877s][debug][gc,plab        ] GC(3003) Young PLAB allocation: allocated: 14448B, wasted: 0B, unused: 13720B, used: 728B, undo waste: 0B, 
[436.877s][debug][gc,plab        ] GC(3003) Young other allocation: region end waste: 0B, regions filled: 1, direct allocated: 0B, failure used: 0B, failure wasted: 0B
[436.877s][debug][gc,plab        ] GC(3003) Young sizing: calculated: 144B, actual: 2064B
[436.877s][debug][gc,plab        ] GC(3003) Old PLAB allocation: allocated: 0B, wasted: 0B, unused: 0B, used: 0B, undo waste: 0B, 
[436.877s][debug][gc,plab        ] GC(3003) Old other allocation: region end waste: 0B, regions filled: 1, direct allocated: 0B, failure used: 0B, failure wasted: 0B
[436.877s][debug][gc,plab        ] GC(3003) Old sizing: calculated: 0B, actual: 2064B
[436.877s][debug][gc,ihop        ] GC(3003) Basic information (value update), threshold: 142501478B (45.00), target occupancy: 316669952B, current occupancy: 4169192B, recent allocation size: 0B, recent allocation duration: 147.23ms, recent old gen allocation rate: 0.00B/s, recent marking phase length: 0.00ms
[436.877s][debug][gc,ihop        ] GC(3003) Adaptive IHOP information (value update), threshold: 142501478B (47.37), internal target occupancy: 300836454B, occupancy: 4169192B, additional buffer size: 189792256B, predicted old gen allocation rate: 0.00B/s, predicted marking phase length: 0.00ms, prediction active: false
[436.877s][debug][gc,ergo,refine ] GC(3003) Concurrent refinement times: Logged Cards Scan time goal: 20.00ms Logged Cards Scan time: 0.00ms HCC time: 0.00ms
[436.877s][debug][gc,ergo,refine ] GC(3003) Updated Refinement Zones: green: 2048, yellow: 6144, red: 10240
[436.877s][info ][gc,phases      ] GC(3003)   Pre Evacuate Collection Set: 0.1ms
[436.877s][debug][gc,phases      ] GC(3003)     Prepare TLABs: 0.0ms
[436.877s][debug][gc,phases      ] GC(3003)     Choose Collection Set: 0.0ms
[436.877s][debug][gc,phases      ] GC(3003)     Region Register: 0.1ms
[436.877s][debug][gc,phases      ] GC(3003)     Prepare Heap Roots: 0.0ms
[436.877s][info ][gc,phases      ] GC(3003)   Merge Heap Roots: 0.1ms
[436.877s][debug][gc,phases      ] GC(3003)     Prepare Merge Heap Roots: 0.0ms
[436.877s][debug][gc,phases      ] GC(3003)     Eager Reclaim (ms):       skipped
[436.877s][debug][gc,phases      ] GC(3003)     Remembered Sets (ms):     Min:  0.0, Avg:  0.0, Max:  0.0, Diff:  0.0, Sum:  0.0, Workers: 8
[436.877s][debug][gc,phases      ] GC(3003)       Merged Sparse:            Min: 0, Avg:  0.0, Max: 0, Diff: 0, Sum: 0, Workers: 8
[436.877s][debug][gc,phases      ] GC(3003)       Merged Fine:              Min: 0, Avg:  0.0, Max: 0, Diff: 0, Sum: 0, Workers: 8
[436.877s][debug][gc,phases      ] GC(3003)       Merged Coarse:            Min: 0, Avg:  0.0, Max: 0, Diff: 0, Sum: 0, Workers: 8
[436.877s][debug][gc,phases      ] GC(3003)       Dirty Cards:              Min: 0, Avg:  0.0, Max: 0, Diff: 0, Sum: 0, Workers: 8
[436.877s][debug][gc,phases      ] GC(3003)     Hot Card Cache (ms):      Min:  0.0, Avg:  0.0, Max:  0.0, Diff:  0.0, Sum:  0.0, Workers: 8
[436.877s][debug][gc,phases      ] GC(3003)       Dirty Cards:              Min: 0, Avg:  0.0, Max: 0, Diff: 0, Sum: 0, Workers: 8
[436.877s][debug][gc,phases      ] GC(3003)       Skipped Cards:            Min: 0, Avg:  0.0, Max: 0, Diff: 0, Sum: 0, Workers: 8
[436.877s][debug][gc,phases      ] GC(3003)     Log Buffers (ms):         Min:  0.0, Avg:  0.0, Max:  0.0, Diff:  0.0, Sum:  0.0, Workers: 8
[436.877s][debug][gc,phases      ] GC(3003)       Dirty Cards:              Min: 0, Avg:  0.1, Max: 1, Diff: 1, Sum: 1, Workers: 8
[436.877s][debug][gc,phases      ] GC(3003)       Skipped Cards:            Min: 0, Avg:  0.0, Max: 0, Diff: 0, Sum: 0, Workers: 8
[436.877s][info ][gc,phases      ] GC(3003)   Evacuate Collection Set: 0.1ms
[436.877s][debug][gc,phases      ] GC(3003)     Ext Root Scanning (ms):   Min:  0.0, Avg:  0.0, Max:  0.1, Diff:  0.1, Sum:  0.2, Workers: 8
[436.877s][debug][gc,phases      ] GC(3003)     Scan Heap Roots (ms):     Min:  0.0, Avg:  0.0, Max:  0.0, Diff:  0.0, Sum:  0.0, Workers: 8
[436.877s][debug][gc,phases      ] GC(3003)       Scanned Cards:            Min: 0, Avg:  0.1, Max: 1, Diff: 1, Sum: 1, Workers: 8
[436.877s][debug][gc,phases      ] GC(3003)       Scanned Blocks:           Min: 0, Avg:  0.1, Max: 1, Diff: 1, Sum: 1, Workers: 8
[436.877s][debug][gc,phases      ] GC(3003)       Claimed Chunks:           Min: 0, Avg:  0.1, Max: 1, Diff: 1, Sum: 1, Workers: 8
[436.877s][debug][gc,phases      ] GC(3003)     Code Root Scan (ms):      Min:  0.0, Avg:  0.0, Max:  0.0, Diff:  0.0, Sum:  0.0, Workers: 8
[436.877s][debug][gc,phases      ] GC(3003)     Object Copy (ms):         Min:  0.0, Avg:  0.0, Max:  0.0, Diff:  0.0, Sum:  0.0, Workers: 8
[436.877s][debug][gc,phases      ] GC(3003)     Termination (ms):         Min:  0.0, Avg:  0.1, Max:  0.1, Diff:  0.0, Sum:  0.4, Workers: 8
[436.877s][debug][gc,phases      ] GC(3003)       Termination Attempts:     Min: 1, Avg:  1.0, Max: 1, Diff: 0, Sum: 8, Workers: 8
[436.877s][debug][gc,phases      ] GC(3003)     GC Worker Other (ms):     Min:  0.0, Avg:  0.0, Max:  0.0, Diff:  0.0, Sum:  0.1, Workers: 8
[436.877s][debug][gc,phases      ] GC(3003)     GC Worker Total (ms):     Min:  0.0, Avg:  0.1, Max:  0.1, Diff:  0.1, Sum:  0.8, Workers: 8
[436.877s][info ][gc,phases      ] GC(3003)   Post Evacuate Collection Set: 0.4ms
[436.877s][debug][gc,phases      ] GC(3003)     Code Roots Fixup: 0.0ms
[436.877s][debug][gc,phases      ] GC(3003)     Clear Card Table: 0.1ms
[436.877s][debug][gc,phases      ] GC(3003)     Reference Processing: 0.0ms
[436.877s][debug][gc,phases,ref  ] GC(3003)       Reconsider SoftReferences: 0.0ms
[436.877s][debug][gc,phases,ref  ] GC(3003)         SoftRef (ms):             skipped
[436.877s][debug][gc,phases,ref  ] GC(3003)       Notify Soft/WeakReferences: 0.0ms
[436.877s][debug][gc,phases,ref  ] GC(3003)         SoftRef (ms):             skipped
[436.877s][debug][gc,phases,ref  ] GC(3003)         WeakRef (ms):             skipped
[436.877s][debug][gc,phases,ref  ] GC(3003)         FinalRef (ms):            skipped
[436.877s][debug][gc,phases,ref  ] GC(3003)         Total (ms):               skipped
[436.878s][debug][gc,phases,ref  ] GC(3003)       Notify and keep alive finalizable: 0.0ms
[436.878s][debug][gc,phases,ref  ] GC(3003)         FinalRef (ms):            skipped
[436.878s][debug][gc,phases,ref  ] GC(3003)       Notify PhantomReferences: 0.0ms
[436.878s][debug][gc,phases,ref  ] GC(3003)         PhantomRef (ms):          skipped
[436.878s][debug][gc,phases,ref  ] GC(3003)       SoftReference:
[436.878s][debug][gc,phases,ref  ] GC(3003)         Discovered: 0
[436.878s][debug][gc,phases,ref  ] GC(3003)         Cleared: 0
[436.878s][debug][gc,phases,ref  ] GC(3003)       WeakReference:
[436.878s][debug][gc,phases,ref  ] GC(3003)         Discovered: 0
[436.878s][debug][gc,phases,ref  ] GC(3003)         Cleared: 0
[436.878s][debug][gc,phases,ref  ] GC(3003)       FinalReference:
[436.878s][debug][gc,phases,ref  ] GC(3003)         Discovered: 0
[436.878s][debug][gc,phases,ref  ] GC(3003)         Cleared: 0
[436.878s][debug][gc,phases,ref  ] GC(3003)       PhantomReference:
[436.878s][debug][gc,phases,ref  ] GC(3003)         Discovered: 0
[436.878s][debug][gc,phases,ref  ] GC(3003)         Cleared: 0
[436.878s][debug][gc,phases      ] GC(3003)     Weak Processing: 0.0ms
[436.878s][debug][gc,phases      ] GC(3003)       JVMTI weak processing: 0.0ms
[436.878s][debug][gc,phases      ] GC(3003)         Dead: 0
[436.878s][debug][gc,phases      ] GC(3003)         Total: 0
[436.878s][debug][gc,phases      ] GC(3003)       JFR weak processing: 0.0ms
[436.878s][debug][gc,phases      ] GC(3003)         Dead: 0
[436.878s][debug][gc,phases      ] GC(3003)         Total: 0
[436.878s][debug][gc,phases      ] GC(3003)       JNI weak                  Min:  0.0, Avg:  0.0, Max:  0.0, Diff:  0.0, Sum:  0.0, Workers: 5
[436.878s][debug][gc,phases      ] GC(3003)         Dead                      Min: 0, Avg:  0.0, Max: 0, Diff: 0, Sum: 0, Workers: 5
[436.878s][debug][gc,phases      ] GC(3003)         Total                     Min: 0, Avg: 13.6, Max: 52, Diff: 52, Sum: 68, Workers: 5
[436.878s][debug][gc,phases      ] GC(3003)       VM weak                   Min:  0.0, Avg:  0.0, Max:  0.0, Diff:  0.0, Sum:  0.0, Workers: 5
[436.878s][debug][gc,phases      ] GC(3003)         Dead                      Min: 0, Avg:  0.0, Max: 0, Diff: 0, Sum: 0, Workers: 5
[436.878s][debug][gc,phases      ] GC(3003)         Total                     Min: 0, Avg: 42.6, Max: 85, Diff: 85, Sum: 213, Workers: 5
[436.878s][debug][gc,phases      ] GC(3003)       StringTable weak          Min:  0.0, Avg:  0.0, Max:  0.0, Diff:  0.0, Sum:  0.1, Workers: 5
[436.878s][debug][gc,phases      ] GC(3003)         Dead                      Min: 0, Avg:  0.0, Max: 0, Diff: 0, Sum: 0, Workers: 5
[436.878s][debug][gc,phases      ] GC(3003)         Total                     Min: 0, Avg: 682.0, Max: 1279, Diff: 1279, Sum: 3410, Workers: 5
[436.878s][debug][gc,phases      ] GC(3003)       ResolvedMethodTable weak  Min:  0.0, Avg:  0.0, Max:  0.0, Diff:  0.0, Sum:  0.0, Workers: 5
[436.878s][debug][gc,phases      ] GC(3003)         Dead                      Min: 0, Avg:  0.0, Max: 0, Diff: 0, Sum: 0, Workers: 5
[436.878s][debug][gc,phases      ] GC(3003)         Total                     Min: 0, Avg: 114.8, Max: 192, Diff: 192, Sum: 574, Workers: 5
[436.878s][debug][gc,phases      ] GC(3003)     Merge Per-Thread State: 0.0ms
[436.878s][debug][gc,phases      ] GC(3003)       Copied Bytes              Min: 0, Avg: 91.0, Max: 248, Diff: 248, Sum: 728, Workers: 8
[436.878s][debug][gc,phases      ] GC(3003)       LAB Waste                 Min: 0, Avg:  0.0, Max: 0, Diff: 0, Sum: 0, Workers: 8
[436.878s][debug][gc,phases      ] GC(3003)       LAB Undo Waste            Min: 0, Avg:  0.0, Max: 0, Diff: 0, Sum: 0, Workers: 8
[436.878s][debug][gc,phases      ] GC(3003)     Code Roots Purge: 0.0ms
[436.878s][debug][gc,phases      ] GC(3003)     Redirty Cards: 0.0ms
[436.878s][debug][gc,phases      ] GC(3003)     DerivedPointerTable Update: 0.0ms
[436.878s][debug][gc,phases      ] GC(3003)     Free Collection Set: 0.1ms
[436.878s][debug][gc,phases      ] GC(3003)     Rebuild Free List: 0.1ms
[436.878s][debug][gc,phases      ] GC(3003)     Humongous Reclaim: 0.0ms
[436.878s][debug][gc,phases      ] GC(3003)     Start New Collection Set: 0.0ms
[436.878s][debug][gc,phases      ] GC(3003)     Resize TLABs: 0.0ms
[436.878s][debug][gc,phases      ] GC(3003)     Expand Heap After Collection: 0.0ms
[436.878s][info ][gc,phases      ] GC(3003)   Other: 0.5ms
[436.878s][info ][gc,heap        ] GC(3003) Eden regions: 180->0(180)
[436.878s][info ][gc,heap        ] GC(3003) Survivor regions: 1->1(23)
[436.878s][info ][gc,heap        ] GC(3003) Old regions: 7->7
[436.878s][info ][gc,heap        ] GC(3003) Archive regions: 2->2
[436.878s][info ][gc,heap        ] GC(3003) Humongous regions: 0->0
[436.878s][info ][gc,metaspace   ] GC(3003) Metaspace: 9905K(10624K)->9905K(10624K) NonClass: 8758K(9216K)->8758K(9216K) Class: 1146K(1408K)->1146K(1408K)
[436.878s][debug][gc,heap        ] GC(3003) Heap after GC invocations=3004 (full 1): garbage-first heap   total 309248K, used 4071K [0x0000000700000000, 0x0000000800000000)
[436.878s][debug][gc,heap        ] GC(3003)   region size 1024K, 1 young (1024K), 1 survivors (1024K)
[436.878s][debug][gc,heap        ] GC(3003)  Metaspace       used 9905K, capacity 10179K, committed 10624K, reserved 1058816K
[436.878s][debug][gc,heap        ] GC(3003)   class space    used 1146K, capacity 1267K, committed 1408K, reserved 1048576K
[436.878s][info ][gc             ] GC(3003) Pause Young (Normal) (G1 Evacuation Pause) 183M->3M(302M) 2.421ms
[436.878s][info ][gc,cpu         ] GC(3003) User=0.00s Sys=0.00s Real=0.00s
[436.878s][info ][safepoint      ] Safepoint "G1CollectForAllocation", Time since last: 146151695 ns, Reaching safepoint: 122644 ns, At safepoint: 2651458 ns, Total: 2774102 ns
[437.027s][debug][gc,heap        ] GC(3004) Heap before GC invocations=3004 (full 1): garbage-first heap   total 309248K, used 188391K [0x0000000700000000, 0x0000000800000000)
[437.032s][debug][gc,heap        ] GC(3004)   region size 1024K, 181 young (185344K), 1 survivors (1024K)
[437.032s][debug][gc,heap        ] GC(3004)  Metaspace       used 9905K, capacity 10179K, committed 10624K, reserved 1058816K
[437.032s][debug][gc,heap        ] GC(3004)   class space    used 1146K, capacity 1267K, committed 1408K, reserved 1048576K
[437.033s][info ][gc,start       ] GC(3004) Pause Young (Normal) (G1 Evacuation Pause)
[437.033s][info ][gc,task        ] GC(3004) Using 8 workers of 8 for evacuation
[437.033s][debug][gc,tlab        ] GC(3004) TLAB totals: thrds: 8  refills: 724 max: 96 slow allocs: 0 max 0 waste:  1.0% gc: 1439080B max: 403552B slow: 417592B max: 55168B fast: 0B max: 0B
[437.033s][debug][gc,age         ] GC(3004) Desired survivor size 12058624 bytes, new threshold 15 (max threshold 15)
[437.033s][debug][gc,alloc,region] GC(3004) Mutator Allocation stats, regions: 180, wasted size: 0B ( 0.0%)
[437.033s][debug][gc,ergo        ] GC(3004) Running G1 Merge Heap Roots using 8 workers for 181 regions
[437.033s][debug][gc,remset      ] GC(3004) Visited cards 256 Total dirty 2048 (12.50%) Total old 759808 (0.03%)
[437.033s][debug][gc,ergo        ] GC(3004) Running G1 Clear Card Table Task using 1 workers for 1 units of work for 182 regions.
[437.033s][debug][gc,ref         ] GC(3004) Skipped phase1 of Reference Processing due to unavailable references
[437.033s][debug][gc,ref         ] GC(3004) Skipped phase2 of Reference Processing due to unavailable references
[437.033s][debug][gc,ref         ] GC(3004) Skipped phase3 of Reference Processing due to unavailable references
[437.033s][debug][gc,ref         ] GC(3004) Skipped phase4 of Reference Processing due to unavailable references
[437.033s][debug][gc,ergo        ] GC(3004) Running G1 Free Collection Set using 8 workers for collection set length 181 (302)
[437.033s][debug][gc,ergo        ] GC(3004) Running G1 Rebuild Free List Task using 8 workers for rebuilding free list of 0 (4096) regions
[437.033s][trace][gc,age         ] GC(3004) Age table with threshold 15 (max threshold 15)
[437.034s][trace][gc,age         ] GC(3004) - age   1:        480 bytes,        480 total
[437.034s][debug][gc,plab        ] GC(3004) Young PLAB allocation: allocated: 10320B, wasted: 0B, unused: 9840B, used: 480B, undo waste: 0B, 
[437.034s][debug][gc,plab        ] GC(3004) Young other allocation: region end waste: 0B, regions filled: 1, direct allocated: 0B, failure used: 0B, failure wasted: 0B
[437.034s][debug][gc,plab        ] GC(3004) Young sizing: calculated: 96B, actual: 2064B
[437.034s][debug][gc,plab        ] GC(3004) Old PLAB allocation: allocated: 0B, wasted: 0B, unused: 0B, used: 0B, undo waste: 0B, 
[437.034s][debug][gc,plab        ] GC(3004) Old other allocation: region end waste: 0B, regions filled: 1, direct allocated: 0B, failure used: 0B, failure wasted: 0B
[437.034s][debug][gc,plab        ] GC(3004) Old sizing: calculated: 0B, actual: 2064B
[437.034s][debug][gc,ihop        ] GC(3004) Basic information (value update), threshold: 142501478B (45.00), target occupancy: 316669952B, current occupancy: 4165064B, recent allocation size: 0B, recent allocation duration: 155.73ms, recent old gen allocation rate: 0.00B/s, recent marking phase length: 0.00ms
[437.034s][debug][gc,ihop        ] GC(3004) Adaptive IHOP information (value update), threshold: 142501478B (47.37), internal target occupancy: 300836454B, occupancy: 4165064B, additional buffer size: 189792256B, predicted old gen allocation rate: 0.00B/s, predicted marking phase length: 0.00ms, prediction active: false
[437.034s][debug][gc,ergo,refine ] GC(3004) Concurrent refinement times: Logged Cards Scan time goal: 20.00ms Logged Cards Scan time: 0.00ms HCC time: 0.00ms
[437.034s][debug][gc,ergo,refine ] GC(3004) Updated Refinement Zones: green: 2048, yellow: 6144, red: 10240
[437.034s][info ][gc,phases      ] GC(3004)   Pre Evacuate Collection Set: 0.1ms
[437.034s][debug][gc,phases      ] GC(3004)     Prepare TLABs: 0.0ms
[437.034s][debug][gc,phases      ] GC(3004)     Choose Collection Set: 0.0ms
[437.034s][debug][gc,phases      ] GC(3004)     Region Register: 0.1ms
[437.034s][debug][gc,phases      ] GC(3004)     Prepare Heap Roots: 0.0ms
[437.034s][info ][gc,phases      ] GC(3004)   Merge Heap Roots: 0.1ms
[437.034s][debug][gc,phases      ] GC(3004)     Prepare Merge Heap Roots: 0.0ms
[437.034s][debug][gc,phases      ] GC(3004)     Eager Reclaim (ms):       skipped
[437.034s][debug][gc,phases      ] GC(3004)     Remembered Sets (ms):     Min:  0.0, Avg:  0.0, Max:  0.0, Diff:  0.0, Sum:  0.1, Workers: 8
[437.034s][debug][gc,phases      ] GC(3004)       Merged Sparse:            Min: 0, Avg:  0.0, Max: 0, Diff: 0, Sum: 0, Workers: 8
[437.034s][debug][gc,phases      ] GC(3004)       Merged Fine:              Min: 0, Avg:  0.0, Max: 0, Diff: 0, Sum: 0, Workers: 8
[437.034s][debug][gc,phases      ] GC(3004)       Merged Coarse:            Min: 0, Avg:  0.0, Max: 0, Diff: 0, Sum: 0, Workers: 8
[437.034s][debug][gc,phases      ] GC(3004)       Dirty Cards:              Min: 0, Avg:  0.0, Max: 0, Diff: 0, Sum: 0, Workers: 8
[437.034s][debug][gc,phases      ] GC(3004)     Hot Card Cache (ms):      Min:  0.0, Avg:  0.0, Max:  0.0, Diff:  0.0, Sum:  0.0, Workers: 8
[437.034s][debug][gc,phases      ] GC(3004)       Dirty Cards:              Min: 0, Avg:  0.0, Max: 0, Diff: 0, Sum: 0, Workers: 8
[437.034s][debug][gc,phases      ] GC(3004)       Skipped Cards:            Min: 0, Avg:  0.0, Max: 0, Diff: 0, Sum: 0, Workers: 8
[437.034s][debug][gc,phases      ] GC(3004)     Log Buffers (ms):         Min:  0.0, Avg:  0.0, Max:  0.0, Diff:  0.0, Sum:  0.0, Workers: 8
[437.034s][debug][gc,phases      ] GC(3004)       Dirty Cards:              Min: 0, Avg:  0.1, Max: 1, Diff: 1, Sum: 1, Workers: 8
[437.034s][debug][gc,phases      ] GC(3004)       Skipped Cards:            Min: 0, Avg:  0.0, Max: 0, Diff: 0, Sum: 0, Workers: 8
[437.034s][info ][gc,phases      ] GC(3004)   Evacuate Collection Set: 0.2ms
[437.034s][debug][gc,phases      ] GC(3004)     Ext Root Scanning (ms):   Min:  0.0, Avg:  0.0, Max:  0.1, Diff:  0.1, Sum:  0.2, Workers: 8
[437.034s][debug][gc,phases      ] GC(3004)     Scan Heap Roots (ms):     Min:  0.0, Avg:  0.0, Max:  0.0, Diff:  0.0, Sum:  0.0, Workers: 8
[437.034s][debug][gc,phases      ] GC(3004)       Scanned Cards:            Min: 0, Avg:  0.1, Max: 1, Diff: 1, Sum: 1, Workers: 8
[437.034s][debug][gc,phases      ] GC(3004)       Scanned Blocks:           Min: 0, Avg:  0.1, Max: 1, Diff: 1, Sum: 1, Workers: 8
[437.034s][debug][gc,phases      ] GC(3004)       Claimed Chunks:           Min: 0, Avg:  0.1, Max: 1, Diff: 1, Sum: 1, Workers: 8
[437.034s][debug][gc,phases      ] GC(3004)     Code Root Scan (ms):      Min:  0.0, Avg:  0.0, Max:  0.0, Diff:  0.0, Sum:  0.0, Workers: 8
[437.034s][debug][gc,phases      ] GC(3004)     Object Copy (ms):         Min:  0.0, Avg:  0.0, Max:  0.0, Diff:  0.0, Sum:  0.0, Workers: 8
[437.034s][debug][gc,phases      ] GC(3004)     Termination (ms):         Min:  0.0, Avg:  0.1, Max:  0.1, Diff:  0.0, Sum:  0.5, Workers: 8
[437.034s][debug][gc,phases      ] GC(3004)       Termination Attempts:     Min: 1, Avg:  1.0, Max: 1, Diff: 0, Sum: 8, Workers: 8
[437.034s][debug][gc,phases      ] GC(3004)     GC Worker Other (ms):     Min:  0.0, Avg:  0.0, Max:  0.0, Diff:  0.0, Sum:  0.1, Workers: 8
[437.034s][debug][gc,phases      ] GC(3004)     GC Worker Total (ms):     Min:  0.1, Avg:  0.1, Max:  0.1, Diff:  0.0, Sum:  0.9, Workers: 8
[437.034s][info ][gc,phases      ] GC(3004)   Post Evacuate Collection Set: 0.5ms
[437.034s][debug][gc,phases      ] GC(3004)     Code Roots Fixup: 0.0ms
[437.034s][debug][gc,phases      ] GC(3004)     Clear Card Table: 0.1ms
[437.034s][debug][gc,phases      ] GC(3004)     Reference Processing: 0.0ms
[437.034s][debug][gc,phases,ref  ] GC(3004)       Reconsider SoftReferences: 0.0ms
[437.034s][debug][gc,phases,ref  ] GC(3004)         SoftRef (ms):             skipped
[437.034s][debug][gc,phases,ref  ] GC(3004)       Notify Soft/WeakReferences: 0.0ms
[437.034s][debug][gc,phases,ref  ] GC(3004)         SoftRef (ms):             skipped
[437.034s][debug][gc,phases,ref  ] GC(3004)         WeakRef (ms):             skipped
[437.034s][debug][gc,phases,ref  ] GC(3004)         FinalRef (ms):            skipped
[437.034s][debug][gc,phases,ref  ] GC(3004)         Total (ms):               skipped
[437.034s][debug][gc,phases,ref  ] GC(3004)       Notify and keep alive finalizable: 0.0ms
[437.034s][debug][gc,phases,ref  ] GC(3004)         FinalRef (ms):            skipped
[437.034s][debug][gc,phases,ref  ] GC(3004)       Notify PhantomReferences: 0.0ms
[437.034s][debug][gc,phases,ref  ] GC(3004)         PhantomRef (ms):          skipped
[437.034s][debug][gc,phases,ref  ] GC(3004)       SoftReference:
[437.034s][debug][gc,phases,ref  ] GC(3004)         Discovered: 0
[437.034s][debug][gc,phases,ref  ] GC(3004)         Cleared: 0
[437.034s][debug][gc,phases,ref  ] GC(3004)       WeakReference:
[437.034s][debug][gc,phases,ref  ] GC(3004)         Discovered: 0
[437.034s][debug][gc,phases,ref  ] GC(3004)         Cleared: 0
[437.034s][debug][gc,phases,ref  ] GC(3004)       FinalReference:
[437.034s][debug][gc,phases,ref  ] GC(3004)         Discovered: 0
[437.034s][debug][gc,phases,ref  ] GC(3004)         Cleared: 0
[437.034s][debug][gc,phases,ref  ] GC(3004)       PhantomReference:
[437.034s][debug][gc,phases,ref  ] GC(3004)         Discovered: 0
[437.034s][debug][gc,phases,ref  ] GC(3004)         Cleared: 0
[437.034s][debug][gc,phases      ] GC(3004)     Weak Processing: 0.1ms
[437.034s][debug][gc,phases      ] GC(3004)       JVMTI weak processing: 0.0ms
[437.034s][debug][gc,phases      ] GC(3004)         Dead: 0
[437.034s][debug][gc,phases      ] GC(3004)         Total: 0
[437.034s][debug][gc,phases      ] GC(3004)       JFR weak processing: 0.0ms
[437.034s][debug][gc,phases      ] GC(3004)         Dead: 0
[437.034s][debug][gc,phases      ] GC(3004)         Total: 0
[437.034s][debug][gc,phases      ] GC(3004)       JNI weak                  Min:  0.0, Avg:  0.0, Max:  0.0, Diff:  0.0, Sum:  0.0, Workers: 5
[437.034s][debug][gc,phases      ] GC(3004)         Dead                      Min: 0, Avg:  0.0, Max: 0, Diff: 0, Sum: 0, Workers: 5
[437.034s][debug][gc,phases      ] GC(3004)         Total                     Min: 0, Avg: 13.6, Max: 68, Diff: 68, Sum: 68, Workers: 5
[437.034s][debug][gc,phases      ] GC(3004)       VM weak                   Min:  0.0, Avg:  0.0, Max:  0.0, Diff:  0.0, Sum:  0.0, Workers: 5
[437.034s][debug][gc,phases      ] GC(3004)         Dead                      Min: 0, Avg:  0.0, Max: 0, Diff: 0, Sum: 0, Workers: 5
[437.034s][debug][gc,phases      ] GC(3004)         Total                     Min: 0, Avg: 42.6, Max: 213, Diff: 213, Sum: 213, Workers: 5
[437.034s][debug][gc,phases      ] GC(3004)       StringTable weak          Min:  0.0, Avg:  0.0, Max:  0.0, Diff:  0.0, Sum:  0.0, Workers: 5
[437.034s][debug][gc,phases      ] GC(3004)         Dead                      Min: 0, Avg:  0.0, Max: 0, Diff: 0, Sum: 0, Workers: 5
[437.034s][debug][gc,phases      ] GC(3004)         Total                     Min: 0, Avg: 682.0, Max: 3090, Diff: 3090, Sum: 3410, Workers: 5
[437.034s][debug][gc,phases      ] GC(3004)       ResolvedMethodTable weak  Min:  0.0, Avg:  0.0, Max:  0.0, Diff:  0.0, Sum:  0.0, Workers: 5
[437.034s][debug][gc,phases      ] GC(3004)         Dead                      Min: 0, Avg:  0.0, Max: 0, Diff: 0, Sum: 0, Workers: 5
[437.034s][debug][gc,phases      ] GC(3004)         Total                     Min: 0, Avg: 114.8, Max: 318, Diff: 318, Sum: 574, Workers: 5
[437.034s][debug][gc,phases      ] GC(3004)     Merge Per-Thread State: 0.0ms
[437.034s][debug][gc,phases      ] GC(3004)       Copied Bytes              Min: 0, Avg: 60.0, Max: 96, Diff: 96, Sum: 480, Workers: 8
[437.034s][debug][gc,phases      ] GC(3004)       LAB Waste                 Min: 0, Avg:  0.0, Max: 0, Diff: 0, Sum: 0, Workers: 8
[437.034s][debug][gc,phases      ] GC(3004)       LAB Undo Waste            Min: 0, Avg:  0.0, Max: 0, Diff: 0, Sum: 0, Workers: 8
[437.034s][debug][gc,phases      ] GC(3004)     Code Roots Purge: 0.0ms
[437.034s][debug][gc,phases      ] GC(3004)     Redirty Cards: 0.0ms
[437.034s][debug][gc,phases      ] GC(3004)     DerivedPointerTable Update: 0.0ms
[437.034s][debug][gc,phases      ] GC(3004)     Free Collection Set: 0.1ms
[437.034s][debug][gc,phases      ] GC(3004)     Rebuild Free List: 0.1ms
[437.034s][debug][gc,phases      ] GC(3004)     Humongous Reclaim: 0.0ms
[437.034s][debug][gc,phases      ] GC(3004)     Start New Collection Set: 0.0ms
[437.034s][debug][gc,phases      ] GC(3004)     Resize TLABs: 0.0ms
[437.034s][debug][gc,phases      ] GC(3004)     Expand Heap After Collection: 0.0ms
[437.034s][info ][gc,phases      ] GC(3004)   Other: 5.7ms
[437.034s][info ][gc,heap        ] GC(3004) Eden regions: 180->0(180)
[437.034s][info ][gc,heap        ] GC(3004) Survivor regions: 1->1(23)
[437.034s][info ][gc,heap        ] GC(3004) Old regions: 7->7
[437.034s][info ][gc,heap        ] GC(3004) Archive regions: 2->2
[437.035s][info ][gc,heap        ] GC(3004) Humongous regions: 0->0
[437.035s][info ][gc,metaspace   ] GC(3004) Metaspace: 9905K(10624K)->9905K(10624K) NonClass: 8758K(9216K)->8758K(9216K) Class: 1146K(1408K)->1146K(1408K)
[437.035s][debug][gc,heap        ] GC(3004) Heap after GC invocations=3005 (full 1): garbage-first heap   total 309248K, used 4067K [0x0000000700000000, 0x0000000800000000)
[437.035s][debug][gc,heap        ] GC(3004)   region size 1024K, 1 young (1024K), 1 survivors (1024K)
[437.035s][debug][gc,heap        ] GC(3004)  Metaspace       used 9905K, capacity 10179K, committed 10624K, reserved 1058816K
[437.035s][debug][gc,heap        ] GC(3004)   class space    used 1146K, capacity 1267K, committed 1408K, reserved 1048576K
[437.035s][info ][gc             ] GC(3004) Pause Young (Normal) (G1 Evacuation Pause) 183M->3M(302M) 2.062ms
[437.035s][info ][gc,cpu         ] GC(3004) User=0.00s Sys=0.00s Real=0.01s
[437.035s][info ][safepoint      ] Safepoint "G1CollectForAllocation", Time since last: 148574226 ns, Reaching safepoint: 143282 ns, At safepoint: 7583085 ns, Total: 7726367 ns
[437.183s][debug][gc,heap        ] GC(3005) Heap before GC invocations=3005 (full 1): garbage-first heap   total 309248K, used 188387K [0x0000000700000000, 0x0000000800000000)
[437.183s][debug][gc,heap        ] GC(3005)   region size 1024K, 181 young (185344K), 1 survivors (1024K)
[437.183s][debug][gc,heap        ] GC(3005)  Metaspace       used 9905K, capacity 10179K, committed 10624K, reserved 1058816K
[437.183s][debug][gc,heap        ] GC(3005)   class space    used 1146K, capacity 1267K, committed 1408K, reserved 1048576K
[437.183s][info ][gc,start       ] GC(3005) Pause Young (Normal) (G1 Evacuation Pause)
[437.183s][info ][gc,task        ] GC(3005) Using 8 workers of 8 for evacuation
[437.183s][debug][gc,tlab        ] GC(3005) TLAB totals: thrds: 8  refills: 721 max: 97 slow allocs: 0 max 0 waste:  1.2% gc: 1804528B max: 378408B slow: 417256B max: 56328B fast: 0B max: 0B
[437.183s][debug][gc,age         ] GC(3005) Desired survivor size 12058624 bytes, new threshold 15 (max threshold 15)
[437.183s][debug][gc,alloc,region] GC(3005) Mutator Allocation stats, regions: 180, wasted size: 0B ( 0.0%)
[437.183s][debug][gc,ergo        ] GC(3005) Running G1 Merge Heap Roots using 8 workers for 181 regions
[437.184s][debug][gc,remset      ] GC(3005) Visited cards 256 Total dirty 2048 (12.50%) Total old 759808 (0.03%)
[437.184s][debug][gc,ergo        ] GC(3005) Running G1 Clear Card Table Task using 1 workers for 1 units of work for 182 regions.
[437.184s][debug][gc,ref         ] GC(3005) Skipped phase1 of Reference Processing due to unavailable references
[437.184s][debug][gc,ref         ] GC(3005) Skipped phase2 of Reference Processing due to unavailable references
[437.184s][debug][gc,ref         ] GC(3005) Skipped phase3 of Reference Processing due to unavailable references
[437.184s][debug][gc,ref         ] GC(3005) Skipped phase4 of Reference Processing due to unavailable references
[437.184s][debug][gc,ergo        ] GC(3005) Running G1 Free Collection Set using 8 workers for collection set length 181 (302)
[437.184s][debug][gc,ergo        ] GC(3005) Running G1 Rebuild Free List Task using 8 workers for rebuilding free list of 0 (4096) regions
[437.184s][trace][gc,age         ] GC(3005) Age table with threshold 15 (max threshold 15)
[437.184s][trace][gc,age         ] GC(3005) - age   1:        536 bytes,        536 total
[437.184s][debug][gc,plab        ] GC(3005) Young PLAB allocation: allocated: 16512B, wasted: 0B, unused: 15976B, used: 536B, undo waste: 0B, 
[437.184s][debug][gc,plab        ] GC(3005) Young other allocation: region end waste: 0B, regions filled: 1, direct allocated: 0B, failure used: 0B, failure wasted: 0B
[437.184s][debug][gc,plab        ] GC(3005) Young sizing: calculated: 104B, actual: 2064B
[437.184s][debug][gc,plab        ] GC(3005) Old PLAB allocation: allocated: 0B, wasted: 0B, unused: 0B, used: 0B, undo waste: 0B, 
[437.184s][debug][gc,plab        ] GC(3005) Old other allocation: region end waste: 0B, regions filled: 1, direct allocated: 0B, failure used: 0B, failure wasted: 0B
[437.184s][debug][gc,plab        ] GC(3005) Old sizing: calculated: 0B, actual: 2064B
[437.184s][debug][gc,ihop        ] GC(3005) Basic information (value update), threshold: 142501478B (45.00), target occupancy: 316669952B, current occupancy: 4171256B, recent allocation size: 0B, recent allocation duration: 149.74ms, recent old gen allocation rate: 0.00B/s, recent marking phase length: 0.00ms
[437.184s][debug][gc,ihop        ] GC(3005) Adaptive IHOP information (value update), threshold: 142501478B (47.37), internal target occupancy: 300836454B, occupancy: 4171256B, additional buffer size: 189792256B, predicted old gen allocation rate: 0.00B/s, predicted marking phase length: 0.00ms, prediction active: false
[437.184s][debug][gc,ergo,refine ] GC(3005) Concurrent refinement times: Logged Cards Scan time goal: 20.00ms Logged Cards Scan time: 0.00ms HCC time: 0.00ms
[437.184s][debug][gc,ergo,refine ] GC(3005) Updated Refinement Zones: green: 2048, yellow: 6144, red: 10240
[437.184s][info ][gc,phases      ] GC(3005)   Pre Evacuate Collection Set: 0.1ms
[437.184s][debug][gc,phases      ] GC(3005)     Prepare TLABs: 0.0ms
[437.184s][debug][gc,phases      ] GC(3005)     Choose Collection Set: 0.0ms
[437.184s][debug][gc,phases      ] GC(3005)     Region Register: 0.1ms
[437.184s][debug][gc,phases      ] GC(3005)     Prepare Heap Roots: 0.0ms
[437.184s][info ][gc,phases      ] GC(3005)   Merge Heap Roots: 0.1ms
[437.184s][debug][gc,phases      ] GC(3005)     Prepare Merge Heap Roots: 0.0ms
[437.184s][debug][gc,phases      ] GC(3005)     Eager Reclaim (ms):       skipped
[437.184s][debug][gc,phases      ] GC(3005)     Remembered Sets (ms):     Min:  0.0, Avg:  0.0, Max:  0.0, Diff:  0.0, Sum:  0.0, Workers: 8
[437.184s][debug][gc,phases      ] GC(3005)       Merged Sparse:            Min: 0, Avg:  0.0, Max: 0, Diff: 0, Sum: 0, Workers: 8
[437.184s][debug][gc,phases      ] GC(3005)       Merged Fine:              Min: 0, Avg:  0.0, Max: 0, Diff: 0, Sum: 0, Workers: 8
[437.184s][debug][gc,phases      ] GC(3005)       Merged Coarse:            Min: 0, Avg:  0.0, Max: 0, Diff: 0, Sum: 0, Workers: 8
[437.184s][debug][gc,phases      ] GC(3005)       Dirty Cards:              Min: 0, Avg:  0.0, Max: 0, Diff: 0, Sum: 0, Workers: 8
[437.184s][debug][gc,phases      ] GC(3005)     Hot Card Cache (ms):      Min:  0.0, Avg:  0.0, Max:  0.0, Diff:  0.0, Sum:  0.0, Workers: 8
[437.184s][debug][gc,phases      ] GC(3005)       Dirty Cards:              Min: 0, Avg:  0.0, Max: 0, Diff: 0, Sum: 0, Workers: 8
[437.184s][debug][gc,phases      ] GC(3005)       Skipped Cards:            Min: 0, Avg:  0.0, Max: 0, Diff: 0, Sum: 0, Workers: 8
[437.184s][debug][gc,phases      ] GC(3005)     Log Buffers (ms):         Min:  0.0, Avg:  0.0, Max:  0.0, Diff:  0.0, Sum:  0.0, Workers: 8
[437.184s][debug][gc,phases      ] GC(3005)       Dirty Cards:              Min: 0, Avg:  0.1, Max: 1, Diff: 1, Sum: 1, Workers: 8
[437.184s][debug][gc,phases      ] GC(3005)       Skipped Cards:            Min: 0, Avg:  0.0, Max: 0, Diff: 0, Sum: 0, Workers: 8
[437.184s][info ][gc,phases      ] GC(3005)   Evacuate Collection Set: 0.2ms
[437.184s][debug][gc,phases      ] GC(3005)     Ext Root Scanning (ms):   Min:  0.0, Avg:  0.0, Max:  0.1, Diff:  0.0, Sum:  0.2, Workers: 8
[437.184s][debug][gc,phases      ] GC(3005)     Scan Heap Roots (ms):     Min:  0.0, Avg:  0.0, Max:  0.0, Diff:  0.0, Sum:  0.0, Workers: 8
[437.184s][debug][gc,phases      ] GC(3005)       Scanned Cards:            Min: 0, Avg:  0.1, Max: 1, Diff: 1, Sum: 1, Workers: 8
[437.184s][debug][gc,phases      ] GC(3005)       Scanned Blocks:           Min: 0, Avg:  0.1, Max: 1, Diff: 1, Sum: 1, Workers: 8
[437.184s][debug][gc,phases      ] GC(3005)       Claimed Chunks:           Min: 0, Avg:  0.1, Max: 1, Diff: 1, Sum: 1, Workers: 8
[437.184s][debug][gc,phases      ] GC(3005)     Code Root Scan (ms):      Min:  0.0, Avg:  0.0, Max:  0.0, Diff:  0.0, Sum:  0.0, Workers: 8
[437.184s][debug][gc,phases      ] GC(3005)     Object Copy (ms):         Min:  0.0, Avg:  0.0, Max:  0.0, Diff:  0.0, Sum:  0.0, Workers: 8
[437.184s][debug][gc,phases      ] GC(3005)     Termination (ms):         Min:  0.0, Avg:  0.1, Max:  0.1, Diff:  0.0, Sum:  0.4, Workers: 8
[437.184s][debug][gc,phases      ] GC(3005)       Termination Attempts:     Min: 1, Avg:  1.0, Max: 1, Diff: 0, Sum: 8, Workers: 8
[437.184s][debug][gc,phases      ] GC(3005)     GC Worker Other (ms):     Min:  0.0, Avg:  0.0, Max:  0.0, Diff:  0.0, Sum:  0.1, Workers: 8
[437.184s][debug][gc,phases      ] GC(3005)     GC Worker Total (ms):     Min:  0.1, Avg:  0.1, Max:  0.1, Diff:  0.1, Sum:  0.8, Workers: 8
[437.184s][info ][gc,phases      ] GC(3005)   Post Evacuate Collection Set: 0.4ms
[437.185s][debug][gc,phases      ] GC(3005)     Code Roots Fixup: 0.0ms
[437.185s][debug][gc,phases      ] GC(3005)     Clear Card Table: 0.1ms
[437.185s][debug][gc,phases      ] GC(3005)     Reference Processing: 0.0ms
[437.185s][debug][gc,phases,ref  ] GC(3005)       Reconsider SoftReferences: 0.0ms
[437.185s][debug][gc,phases,ref  ] GC(3005)         SoftRef (ms):             skipped
[437.185s][debug][gc,phases,ref  ] GC(3005)       Notify Soft/WeakReferences: 0.0ms
[437.185s][debug][gc,phases,ref  ] GC(3005)         SoftRef (ms):             skipped
[437.185s][debug][gc,phases,ref  ] GC(3005)         WeakRef (ms):             skipped
[437.185s][debug][gc,phases,ref  ] GC(3005)         FinalRef (ms):            skipped
[437.185s][debug][gc,phases,ref  ] GC(3005)         Total (ms):               skipped
[437.185s][debug][gc,phases,ref  ] GC(3005)       Notify and keep alive finalizable: 0.0ms
[437.185s][debug][gc,phases,ref  ] GC(3005)         FinalRef (ms):            skipped
[437.185s][debug][gc,phases,ref  ] GC(3005)       Notify PhantomReferences: 0.0ms
[437.185s][debug][gc,phases,ref  ] GC(3005)         PhantomRef (ms):          skipped
[437.185s][debug][gc,phases,ref  ] GC(3005)       SoftReference:
[437.185s][debug][gc,phases,ref  ] GC(3005)         Discovered: 0
[437.185s][debug][gc,phases,ref  ] GC(3005)         Cleared: 0
[437.185s][debug][gc,phases,ref  ] GC(3005)       WeakReference:
[437.185s][debug][gc,phases,ref  ] GC(3005)         Discovered: 0
[437.185s][debug][gc,phases,ref  ] GC(3005)         Cleared: 0
[437.185s][debug][gc,phases,ref  ] GC(3005)       FinalReference:
[437.185s][debug][gc,phases,ref  ] GC(3005)         Discovered: 0
[437.185s][debug][gc,phases,ref  ] GC(3005)         Cleared: 0
[437.185s][debug][gc,phases,ref  ] GC(3005)       PhantomReference:
[437.185s][debug][gc,phases,ref  ] GC(3005)         Discovered: 0
[437.185s][debug][gc,phases,ref  ] GC(3005)         Cleared: 0
[437.185s][debug][gc,phases      ] GC(3005)     Weak Processing: 0.1ms
[437.185s][debug][gc,phases      ] GC(3005)       JVMTI weak processing: 0.0ms
[437.185s][debug][gc,phases      ] GC(3005)         Dead: 0
[437.185s][debug][gc,phases      ] GC(3005)         Total: 0
[437.185s][debug][gc,phases      ] GC(3005)       JFR weak processing: 0.0ms
[437.185s][debug][gc,phases      ] GC(3005)         Dead: 0
[437.185s][debug][gc,phases      ] GC(3005)         Total: 0
[437.185s][debug][gc,phases      ] GC(3005)       JNI weak                  Min:  0.0, Avg:  0.0, Max:  0.0, Diff:  0.0, Sum:  0.0, Workers: 5
[437.185s][debug][gc,phases      ] GC(3005)         Dead                      Min: 0, Avg:  0.0, Max: 0, Diff: 0, Sum: 0, Workers: 5
[437.185s][debug][gc,phases      ] GC(3005)         Total                     Min: 0, Avg: 13.6, Max: 52, Diff: 52, Sum: 68, Workers: 5
[437.185s][debug][gc,phases      ] GC(3005)       VM weak                   Min:  0.0, Avg:  0.0, Max:  0.0, Diff:  0.0, Sum:  0.0, Workers: 5
[437.185s][debug][gc,phases      ] GC(3005)         Dead                      Min: 0, Avg:  0.0, Max: 0, Diff: 0, Sum: 0, Workers: 5
[437.185s][debug][gc,phases      ] GC(3005)         Total                     Min: 0, Avg: 42.6, Max: 128, Diff: 128, Sum: 213, Workers: 5
[437.185s][debug][gc,phases      ] GC(3005)       StringTable weak          Min:  0.0, Avg:  0.0, Max:  0.0, Diff:  0.0, Sum:  0.1, Workers: 5
[437.185s][debug][gc,phases      ] GC(3005)         Dead                      Min: 0, Avg:  0.0, Max: 0, Diff: 0, Sum: 0, Workers: 5
[437.185s][debug][gc,phases      ] GC(3005)         Total                     Min: 0, Avg: 682.0, Max: 1727, Diff: 1727, Sum: 3410, Workers: 5
[437.185s][debug][gc,phases      ] GC(3005)       ResolvedMethodTable weak  Min:  0.0, Avg:  0.0, Max:  0.0, Diff:  0.0, Sum:  0.0, Workers: 5
[437.185s][debug][gc,phases      ] GC(3005)         Dead                      Min: 0, Avg:  0.0, Max: 0, Diff: 0, Sum: 0, Workers: 5
[437.185s][debug][gc,phases      ] GC(3005)         Total                     Min: 0, Avg: 114.8, Max: 256, Diff: 256, Sum: 574, Workers: 5
[437.185s][debug][gc,phases      ] GC(3005)     Merge Per-Thread State: 0.0ms
[437.185s][debug][gc,phases      ] GC(3005)       Copied Bytes              Min: 24, Avg: 67.0, Max: 248, Diff: 224, Sum: 536, Workers: 8
[437.185s][debug][gc,phases      ] GC(3005)       LAB Waste                 Min: 0, Avg:  0.0, Max: 0, Diff: 0, Sum: 0, Workers: 8
[437.185s][debug][gc,phases      ] GC(3005)       LAB Undo Waste            Min: 0, Avg:  0.0, Max: 0, Diff: 0, Sum: 0, Workers: 8
[437.185s][debug][gc,phases      ] GC(3005)     Code Roots Purge: 0.0ms
[437.185s][debug][gc,phases      ] GC(3005)     Redirty Cards: 0.0ms
[437.185s][debug][gc,phases      ] GC(3005)     DerivedPointerTable Update: 0.0ms
[437.185s][debug][gc,phases      ] GC(3005)     Free Collection Set: 0.1ms
[437.185s][debug][gc,phases      ] GC(3005)     Rebuild Free List: 0.1ms
[437.185s][debug][gc,phases      ] GC(3005)     Humongous Reclaim: 0.0ms
[437.185s][debug][gc,phases      ] GC(3005)     Start New Collection Set: 0.0ms
[437.185s][debug][gc,phases      ] GC(3005)     Resize TLABs: 0.0ms
[437.185s][debug][gc,phases      ] GC(3005)     Expand Heap After Collection: 0.0ms
[437.185s][info ][gc,phases      ] GC(3005)   Other: 0.3ms
[437.185s][info ][gc,heap        ] GC(3005) Eden regions: 180->0(180)
[437.185s][info ][gc,heap        ] GC(3005) Survivor regions: 1->1(23)
[437.185s][info ][gc,heap        ] GC(3005) Old regions: 7->7
[437.185s][info ][gc,heap        ] GC(3005) Archive regions: 2->2
[437.185s][info ][gc,heap        ] GC(3005) Humongous regions: 0->0
[437.185s][info ][gc,metaspace   ] GC(3005) Metaspace: 9905K(10624K)->9905K(10624K) NonClass: 8758K(9216K)->8758K(9216K) Class: 1146K(1408K)->1146K(1408K)
[437.185s][debug][gc,heap        ] GC(3005) Heap after GC invocations=3006 (full 1): garbage-first heap   total 309248K, used 4073K [0x0000000700000000, 0x0000000800000000)
[437.185s][debug][gc,heap        ] GC(3005)   region size 1024K, 1 young (1024K), 1 survivors (1024K)
[437.185s][debug][gc,heap        ] GC(3005)  Metaspace       used 9905K, capacity 10179K, committed 10624K, reserved 1058816K
[437.185s][debug][gc,heap        ] GC(3005)   class space    used 1146K, capacity 1267K, committed 1408K, reserved 1048576K
[437.185s][info ][gc             ] GC(3005) Pause Young (Normal) (G1 Evacuation Pause) 183M->3M(302M) 1.857ms
[437.185s][info ][gc,cpu         ] GC(3005) User=0.00s Sys=0.00s Real=0.00s
[437.185s][info ][safepoint      ] Safepoint "G1CollectForAllocation", Time since last: 148424044 ns, Reaching safepoint: 84089 ns, At safepoint: 2043168 ns, Total: 2127257 ns
[437.335s][debug][gc,heap        ] GC(3006) Heap before GC invocations=3006 (full 1): garbage-first heap   total 309248K, used 188393K [0x0000000700000000, 0x0000000800000000)
[437.335s][debug][gc,heap        ] GC(3006)   region size 1024K, 181 young (185344K), 1 survivors (1024K)
[437.335s][debug][gc,heap        ] GC(3006)  Metaspace       used 9905K, capacity 10179K, committed 10624K, reserved 1058816K
[437.335s][debug][gc,heap        ] GC(3006)   class space    used 1146K, capacity 1267K, committed 1408K, reserved 1048576K
[437.335s][info ][gc,start       ] GC(3006) Pause Young (Normal) (G1 Evacuation Pause)
[437.335s][info ][gc,task        ] GC(3006) Using 8 workers of 8 for evacuation
[437.335s][debug][gc,tlab        ] GC(3006) TLAB totals: thrds: 8  refills: 722 max: 96 slow allocs: 0 max 0 waste:  1.0% gc: 1467312B max: 417936B slow: 416528B max: 55176B fast: 0B max: 0B
[437.335s][debug][gc,age         ] GC(3006) Desired survivor size 12058624 bytes, new threshold 15 (max threshold 15)
[437.335s][debug][gc,alloc,region] GC(3006) Mutator Allocation stats, regions: 180, wasted size: 0B ( 0.0%)
[437.335s][debug][gc,ergo        ] GC(3006) Running G1 Merge Heap Roots using 8 workers for 181 regions
[437.335s][debug][gc,remset      ] GC(3006) Visited cards 256 Total dirty 2048 (12.50%) Total old 759808 (0.03%)
[437.335s][debug][gc,ergo        ] GC(3006) Running G1 Clear Card Table Task using 1 workers for 1 units of work for 182 regions.
[437.335s][debug][gc,ref         ] GC(3006) Skipped phase1 of Reference Processing due to unavailable references
[437.335s][debug][gc,ref         ] GC(3006) Skipped phase2 of Reference Processing due to unavailable references
[437.335s][debug][gc,ref         ] GC(3006) Skipped phase3 of Reference Processing due to unavailable references
[437.335s][debug][gc,ref         ] GC(3006) Skipped phase4 of Reference Processing due to unavailable references
[437.335s][debug][gc,ergo        ] GC(3006) Running G1 Free Collection Set using 8 workers for collection set length 181 (302)
[437.335s][debug][gc,ergo        ] GC(3006) Running G1 Rebuild Free List Task using 8 workers for rebuilding free list of 0 (4096) regions
[437.336s][trace][gc,age         ] GC(3006) Age table with threshold 15 (max threshold 15)
[437.336s][trace][gc,age         ] GC(3006) - age   1:        512 bytes,        512 total
[437.336s][debug][gc,plab        ] GC(3006) Young PLAB allocation: allocated: 12384B, wasted: 0B, unused: 11872B, used: 512B, undo waste: 0B, 
[437.336s][debug][gc,plab        ] GC(3006) Young other allocation: region end waste: 0B, regions filled: 1, direct allocated: 0B, failure used: 0B, failure wasted: 0B
[437.336s][debug][gc,plab        ] GC(3006) Young sizing: calculated: 96B, actual: 2064B
[437.336s][debug][gc,plab        ] GC(3006) Old PLAB allocation: allocated: 0B, wasted: 0B, unused: 0B, used: 0B, undo waste: 0B, 
[437.336s][debug][gc,plab        ] GC(3006) Old other allocation: region end waste: 0B, regions filled: 1, direct allocated: 0B, failure used: 0B, failure wasted: 0B
[437.336s][debug][gc,plab        ] GC(3006) Old sizing: calculated: 0B, actual: 2064B
[437.336s][debug][gc,ihop        ] GC(3006) Basic information (value update), threshold: 142501478B (45.00), target occupancy: 316669952B, current occupancy: 4167128B, recent allocation size: 0B, recent allocation duration: 150.61ms, recent old gen allocation rate: 0.00B/s, recent marking phase length: 0.00ms
[437.336s][debug][gc,ihop        ] GC(3006) Adaptive IHOP information (value update), threshold: 142501478B (47.37), internal target occupancy: 300836454B, occupancy: 4167128B, additional buffer size: 189792256B, predicted old gen allocation rate: 0.00B/s, predicted marking phase length: 0.00ms, prediction active: false
[437.336s][debug][gc,ergo,refine ] GC(3006) Concurrent refinement times: Logged Cards Scan time goal: 20.00ms Logged Cards Scan time: 0.00ms HCC time: 0.00ms
[437.336s][debug][gc,ergo,refine ] GC(3006) Updated Refinement Zones: green: 2048, yellow: 6144, red: 10240
[437.336s][info ][gc,phases      ] GC(3006)   Pre Evacuate Collection Set: 0.1ms
[437.336s][debug][gc,phases      ] GC(3006)     Prepare TLABs: 0.0ms
[437.336s][debug][gc,phases      ] GC(3006)     Choose Collection Set: 0.0ms
[437.336s][debug][gc,phases      ] GC(3006)     Region Register: 0.1ms
[437.336s][debug][gc,phases      ] GC(3006)     Prepare Heap Roots: 0.0ms
[437.336s][info ][gc,phases      ] GC(3006)   Merge Heap Roots: 0.1ms
[437.336s][debug][gc,phases      ] GC(3006)     Prepare Merge Heap Roots: 0.0ms
[437.336s][debug][gc,phases      ] GC(3006)     Eager Reclaim (ms):       skipped
[437.336s][debug][gc,phases      ] GC(3006)     Remembered Sets (ms):     Min:  0.0, Avg:  0.0, Max:  0.0, Diff:  0.0, Sum:  0.1, Workers: 8
[437.336s][debug][gc,phases      ] GC(3006)       Merged Sparse:            Min: 0, Avg:  0.0, Max: 0, Diff: 0, Sum: 0, Workers: 8
[437.336s][debug][gc,phases      ] GC(3006)       Merged Fine:              Min: 0, Avg:  0.0, Max: 0, Diff: 0, Sum: 0, Workers: 8
[437.336s][debug][gc,phases      ] GC(3006)       Merged Coarse:            Min: 0, Avg:  0.0, Max: 0, Diff: 0, Sum: 0, Workers: 8
[437.336s][debug][gc,phases      ] GC(3006)       Dirty Cards:              Min: 0, Avg:  0.0, Max: 0, Diff: 0, Sum: 0, Workers: 8
[437.336s][debug][gc,phases      ] GC(3006)     Hot Card Cache (ms):      Min:  0.0, Avg:  0.0, Max:  0.0, Diff:  0.0, Sum:  0.0, Workers: 8
[437.336s][debug][gc,phases      ] GC(3006)       Dirty Cards:              Min: 0, Avg:  0.0, Max: 0, Diff: 0, Sum: 0, Workers: 8
[437.336s][debug][gc,phases      ] GC(3006)       Skipped Cards:            Min: 0, Avg:  0.0, Max: 0, Diff: 0, Sum: 0, Workers: 8
[437.336s][debug][gc,phases      ] GC(3006)     Log Buffers (ms):         Min:  0.0, Avg:  0.0, Max:  0.0, Diff:  0.0, Sum:  0.0, Workers: 8
[437.336s][debug][gc,phases      ] GC(3006)       Dirty Cards:              Min: 0, Avg:  0.1, Max: 1, Diff: 1, Sum: 1, Workers: 8
[437.336s][debug][gc,phases      ] GC(3006)       Skipped Cards:            Min: 0, Avg:  0.0, Max: 0, Diff: 0, Sum: 0, Workers: 8
[437.336s][info ][gc,phases      ] GC(3006)   Evacuate Collection Set: 0.2ms
[437.336s][debug][gc,phases      ] GC(3006)     Ext Root Scanning (ms):   Min:  0.0, Avg:  0.0, Max:  0.0, Diff:  0.0, Sum:  0.2, Workers: 8
[437.336s][debug][gc,phases      ] GC(3006)     Scan Heap Roots (ms):     Min:  0.0, Avg:  0.0, Max:  0.0, Diff:  0.0, Sum:  0.0, Workers: 8
[437.336s][debug][gc,phases      ] GC(3006)       Scanned Cards:            Min: 0, Avg:  0.1, Max: 1, Diff: 1, Sum: 1, Workers: 8
[437.336s][debug][gc,phases      ] GC(3006)       Scanned Blocks:           Min: 0, Avg:  0.1, Max: 1, Diff: 1, Sum: 1, Workers: 8
[437.336s][debug][gc,phases      ] GC(3006)       Claimed Chunks:           Min: 0, Avg:  0.1, Max: 1, Diff: 1, Sum: 1, Workers: 8
[437.336s][debug][gc,phases      ] GC(3006)     Code Root Scan (ms):      Min:  0.0, Avg:  0.0, Max:  0.0, Diff:  0.0, Sum:  0.0, Workers: 8
[437.336s][debug][gc,phases      ] GC(3006)     Object Copy (ms):         Min:  0.0, Avg:  0.0, Max:  0.0, Diff:  0.0, Sum:  0.0, Workers: 8
[437.336s][debug][gc,phases      ] GC(3006)     Termination (ms):         Min:  0.1, Avg:  0.1, Max:  0.1, Diff:  0.0, Sum:  0.7, Workers: 8
[437.336s][debug][gc,phases      ] GC(3006)       Termination Attempts:     Min: 1, Avg:  1.0, Max: 1, Diff: 0, Sum: 8, Workers: 8
[437.336s][debug][gc,phases      ] GC(3006)     GC Worker Other (ms):     Min:  0.0, Avg:  0.0, Max:  0.0, Diff:  0.0, Sum:  0.1, Workers: 8
[437.336s][debug][gc,phases      ] GC(3006)     GC Worker Total (ms):     Min:  0.1, Avg:  0.1, Max:  0.2, Diff:  0.0, Sum:  1.1, Workers: 8
[437.336s][info ][gc,phases      ] GC(3006)   Post Evacuate Collection Set: 0.4ms
[437.336s][debug][gc,phases      ] GC(3006)     Code Roots Fixup: 0.0ms
[437.336s][debug][gc,phases      ] GC(3006)     Clear Card Table: 0.1ms
[437.336s][debug][gc,phases      ] GC(3006)     Reference Processing: 0.0ms
[437.336s][debug][gc,phases,ref  ] GC(3006)       Reconsider SoftReferences: 0.0ms
[437.336s][debug][gc,phases,ref  ] GC(3006)         SoftRef (ms):             skipped
[437.336s][debug][gc,phases,ref  ] GC(3006)       Notify Soft/WeakReferences: 0.0ms
[437.336s][debug][gc,phases,ref  ] GC(3006)         SoftRef (ms):             skipped
[437.336s][debug][gc,phases,ref  ] GC(3006)         WeakRef (ms):             skipped
[437.336s][debug][gc,phases,ref  ] GC(3006)         FinalRef (ms):            skipped
[437.336s][debug][gc,phases,ref  ] GC(3006)         Total (ms):               skipped
[437.336s][debug][gc,phases,ref  ] GC(3006)       Notify and keep alive finalizable: 0.0ms
[437.336s][debug][gc,phases,ref  ] GC(3006)         FinalRef (ms):            skipped
[437.336s][debug][gc,phases,ref  ] GC(3006)       Notify PhantomReferences: 0.0ms
[437.336s][debug][gc,phases,ref  ] GC(3006)         PhantomRef (ms):          skipped
[437.336s][debug][gc,phases,ref  ] GC(3006)       SoftReference:
[437.336s][debug][gc,phases,ref  ] GC(3006)         Discovered: 0
[437.336s][debug][gc,phases,ref  ] GC(3006)         Cleared: 0
[437.336s][debug][gc,phases,ref  ] GC(3006)       WeakReference:
[437.336s][debug][gc,phases,ref  ] GC(3006)         Discovered: 0
[437.336s][debug][gc,phases,ref  ] GC(3006)         Cleared: 0
[437.336s][debug][gc,phases,ref  ] GC(3006)       FinalReference:
[437.336s][debug][gc,phases,ref  ] GC(3006)         Discovered: 0
[437.336s][debug][gc,phases,ref  ] GC(3006)         Cleared: 0
[437.336s][debug][gc,phases,ref  ] GC(3006)       PhantomReference:
[437.336s][debug][gc,phases,ref  ] GC(3006)         Discovered: 0
[437.336s][debug][gc,phases,ref  ] GC(3006)         Cleared: 0
[437.336s][debug][gc,phases      ] GC(3006)     Weak Processing: 0.0ms
[437.336s][debug][gc,phases      ] GC(3006)       JVMTI weak processing: 0.0ms
[437.336s][debug][gc,phases      ] GC(3006)         Dead: 0
[437.336s][debug][gc,phases      ] GC(3006)         Total: 0
[437.336s][debug][gc,phases      ] GC(3006)       JFR weak processing: 0.0ms
[437.336s][debug][gc,phases      ] GC(3006)         Dead: 0
[437.336s][debug][gc,phases      ] GC(3006)         Total: 0
[437.336s][debug][gc,phases      ] GC(3006)       JNI weak                  Min:  0.0, Avg:  0.0, Max:  0.0, Diff:  0.0, Sum:  0.0, Workers: 5
[437.336s][debug][gc,phases      ] GC(3006)         Dead                      Min: 0, Avg:  0.0, Max: 0, Diff: 0, Sum: 0, Workers: 5
[437.336s][debug][gc,phases      ] GC(3006)         Total                     Min: 0, Avg: 13.6, Max: 68, Diff: 68, Sum: 68, Workers: 5
[437.336s][debug][gc,phases      ] GC(3006)       VM weak                   Min:  0.0, Avg:  0.0, Max:  0.0, Diff:  0.0, Sum:  0.0, Workers: 5
[437.336s][debug][gc,phases      ] GC(3006)         Dead                      Min: 0, Avg:  0.0, Max: 0, Diff: 0, Sum: 0, Workers: 5
[437.336s][debug][gc,phases      ] GC(3006)         Total                     Min: 0, Avg: 42.6, Max: 128, Diff: 128, Sum: 213, Workers: 5
[437.336s][debug][gc,phases      ] GC(3006)       StringTable weak          Min:  0.0, Avg:  0.0, Max:  0.0, Diff:  0.0, Sum:  0.0, Workers: 5
[437.336s][debug][gc,phases      ] GC(3006)         Dead                      Min: 0, Avg:  0.0, Max: 0, Diff: 0, Sum: 0, Workers: 5
[437.336s][debug][gc,phases      ] GC(3006)         Total                     Min: 0, Avg: 682.0, Max: 1408, Diff: 1408, Sum: 3410, Workers: 5
[437.336s][debug][gc,phases      ] GC(3006)       ResolvedMethodTable weak  Min:  0.0, Avg:  0.0, Max:  0.0, Diff:  0.0, Sum:  0.0, Workers: 5
[437.336s][debug][gc,phases      ] GC(3006)         Dead                      Min: 0, Avg:  0.0, Max: 0, Diff: 0, Sum: 0, Workers: 5
[437.336s][debug][gc,phases      ] GC(3006)         Total                     Min: 0, Avg: 114.8, Max: 192, Diff: 192, Sum: 574, Workers: 5
[437.336s][debug][gc,phases      ] GC(3006)     Merge Per-Thread State: 0.0ms
[437.336s][debug][gc,phases      ] GC(3006)       Copied Bytes              Min: 0, Avg: 64.0, Max: 216, Diff: 216, Sum: 512, Workers: 8
[437.336s][debug][gc,phases      ] GC(3006)       LAB Waste                 Min: 0, Avg:  0.0, Max: 0, Diff: 0, Sum: 0, Workers: 8
[437.336s][debug][gc,phases      ] GC(3006)       LAB Undo Waste            Min: 0, Avg:  0.0, Max: 0, Diff: 0, Sum: 0, Workers: 8
[437.336s][debug][gc,phases      ] GC(3006)     Code Roots Purge: 0.0ms
[437.337s][debug][gc,phases      ] GC(3006)     Redirty Cards: 0.0ms
[437.337s][debug][gc,phases      ] GC(3006)     DerivedPointerTable Update: 0.0ms
[437.337s][debug][gc,phases      ] GC(3006)     Free Collection Set: 0.1ms
[437.337s][debug][gc,phases      ] GC(3006)     Rebuild Free List: 0.1ms
[437.337s][debug][gc,phases      ] GC(3006)     Humongous Reclaim: 0.0ms
[437.337s][debug][gc,phases      ] GC(3006)     Start New Collection Set: 0.0ms
[437.337s][debug][gc,phases      ] GC(3006)     Resize TLABs: 0.0ms
[437.337s][debug][gc,phases      ] GC(3006)     Expand Heap After Collection: 0.0ms
[437.337s][info ][gc,phases      ] GC(3006)   Other: 0.3ms
[437.337s][info ][gc,heap        ] GC(3006) Eden regions: 180->0(180)
[437.337s][info ][gc,heap        ] GC(3006) Survivor regions: 1->1(23)
[437.337s][info ][gc,heap        ] GC(3006) Old regions: 7->7
[437.337s][info ][gc,heap        ] GC(3006) Archive regions: 2->2
[437.337s][info ][gc,heap        ] GC(3006) Humongous regions: 0->0
[437.337s][info ][gc,metaspace   ] GC(3006) Metaspace: 9905K(10624K)->9905K(10624K) NonClass: 8758K(9216K)->8758K(9216K) Class: 1146K(1408K)->1146K(1408K)
[437.337s][debug][gc,heap        ] GC(3006) Heap after GC invocations=3007 (full 1): garbage-first heap   total 309248K, used 4069K [0x0000000700000000, 0x0000000800000000)
[437.337s][debug][gc,heap        ] GC(3006)   region size 1024K, 1 young (1024K), 1 survivors (1024K)
[437.337s][debug][gc,heap        ] GC(3006)  Metaspace       used 9905K, capacity 10179K, committed 10624K, reserved 1058816K
[437.337s][debug][gc,heap        ] GC(3006)   class space    used 1146K, capacity 1267K, committed 1408K, reserved 1048576K
[437.337s][info ][gc             ] GC(3006) Pause Young (Normal) (G1 Evacuation Pause) 183M->3M(302M) 1.995ms
[437.337s][info ][gc,cpu         ] GC(3006) User=0.00s Sys=0.00s Real=0.00s
[437.337s][info ][safepoint      ] Safepoint "G1CollectForAllocation", Time since last: 149195002 ns, Reaching safepoint: 188379 ns, At safepoint: 2181579 ns, Total: 2369958 ns
[437.474s][debug][gc,heap        ] GC(3007) Heap before GC invocations=3007 (full 1): garbage-first heap   total 309248K, used 188389K [0x0000000700000000, 0x0000000800000000)
[437.474s][debug][gc,heap        ] GC(3007)   region size 1024K, 181 young (185344K), 1 survivors (1024K)
[437.474s][debug][gc,heap        ] GC(3007)  Metaspace       used 9905K, capacity 10179K, committed 10624K, reserved 1058816K
[437.474s][debug][gc,heap        ] GC(3007)   class space    used 1146K, capacity 1267K, committed 1408K, reserved 1048576K
[437.474s][info ][gc,start       ] GC(3007) Pause Young (Normal) (G1 Evacuation Pause)
[437.474s][info ][gc,task        ] GC(3007) Using 8 workers of 8 for evacuation
[437.474s][debug][gc,tlab        ] GC(3007) TLAB totals: thrds: 8  refills: 722 max: 105 slow allocs: 0 max 0 waste:  1.1% gc: 1597808B max: 407840B slow: 417192B max: 61248B fast: 0B max: 0B
[437.474s][debug][gc,age         ] GC(3007) Desired survivor size 12058624 bytes, new threshold 15 (max threshold 15)
[437.474s][debug][gc,alloc,region] GC(3007) Mutator Allocation stats, regions: 180, wasted size: 0B ( 0.0%)
[437.474s][debug][gc,ergo        ] GC(3007) Running G1 Merge Heap Roots using 8 workers for 181 regions
[437.474s][debug][gc,remset      ] GC(3007) Visited cards 256 Total dirty 2048 (12.50%) Total old 759808 (0.03%)
[437.474s][debug][gc,ergo        ] GC(3007) Running G1 Clear Card Table Task using 1 workers for 1 units of work for 182 regions.
[437.474s][debug][gc,ref         ] GC(3007) Skipped phase1 of Reference Processing due to unavailable references
[437.474s][debug][gc,ref         ] GC(3007) Skipped phase2 of Reference Processing due to unavailable references
[437.474s][debug][gc,ref         ] GC(3007) Skipped phase3 of Reference Processing due to unavailable references
[437.474s][debug][gc,ref         ] GC(3007) Skipped phase4 of Reference Processing due to unavailable references
[437.474s][debug][gc,ergo        ] GC(3007) Running G1 Free Collection Set using 8 workers for collection set length 181 (302)
[437.474s][debug][gc,ergo        ] GC(3007) Running G1 Rebuild Free List Task using 8 workers for rebuilding free list of 0 (4096) regions
[437.474s][trace][gc,age         ] GC(3007) Age table with threshold 15 (max threshold 15)
[437.474s][trace][gc,age         ] GC(3007) - age   1:        624 bytes,        624 total
[437.474s][debug][gc,plab        ] GC(3007) Young PLAB allocation: allocated: 12384B, wasted: 0B, unused: 11760B, used: 624B, undo waste: 0B, 
[437.474s][debug][gc,plab        ] GC(3007) Young other allocation: region end waste: 0B, regions filled: 1, direct allocated: 0B, failure used: 0B, failure wasted: 0B
[437.474s][debug][gc,plab        ] GC(3007) Young sizing: calculated: 120B, actual: 2064B
[437.474s][debug][gc,plab        ] GC(3007) Old PLAB allocation: allocated: 0B, wasted: 0B, unused: 0B, used: 0B, undo waste: 0B, 
[437.474s][debug][gc,plab        ] GC(3007) Old other allocation: region end waste: 0B, regions filled: 1, direct allocated: 0B, failure used: 0B, failure wasted: 0B
[437.474s][debug][gc,plab        ] GC(3007) Old sizing: calculated: 0B, actual: 2064B
[437.474s][debug][gc,ihop        ] GC(3007) Basic information (value update), threshold: 142501478B (45.00), target occupancy: 316669952B, current occupancy: 4167128B, recent allocation size: 0B, recent allocation duration: 138.08ms, recent old gen allocation rate: 0.00B/s, recent marking phase length: 0.00ms
[437.474s][debug][gc,ihop        ] GC(3007) Adaptive IHOP information (value update), threshold: 142501478B (47.37), internal target occupancy: 300836454B, occupancy: 4167128B, additional buffer size: 189792256B, predicted old gen allocation rate: 0.00B/s, predicted marking phase length: 0.00ms, prediction active: false
[437.474s][debug][gc,ergo,refine ] GC(3007) Concurrent refinement times: Logged Cards Scan time goal: 20.00ms Logged Cards Scan time: 0.00ms HCC time: 0.00ms
[437.474s][debug][gc,ergo,refine ] GC(3007) Updated Refinement Zones: green: 2048, yellow: 6144, red: 10240
[437.474s][info ][gc,phases      ] GC(3007)   Pre Evacuate Collection Set: 0.1ms
[437.474s][debug][gc,phases      ] GC(3007)     Prepare TLABs: 0.0ms
[437.475s][debug][gc,phases      ] GC(3007)     Choose Collection Set: 0.0ms
[437.475s][debug][gc,phases      ] GC(3007)     Region Register: 0.1ms
[437.475s][debug][gc,phases      ] GC(3007)     Prepare Heap Roots: 0.0ms
[437.475s][info ][gc,phases      ] GC(3007)   Merge Heap Roots: 0.1ms
[437.475s][debug][gc,phases      ] GC(3007)     Prepare Merge Heap Roots: 0.0ms
[437.475s][debug][gc,phases      ] GC(3007)     Eager Reclaim (ms):       skipped
[437.475s][debug][gc,phases      ] GC(3007)     Remembered Sets (ms):     Min:  0.0, Avg:  0.0, Max:  0.0, Diff:  0.0, Sum:  0.1, Workers: 8
[437.475s][debug][gc,phases      ] GC(3007)       Merged Sparse:            Min: 0, Avg:  0.0, Max: 0, Diff: 0, Sum: 0, Workers: 8
[437.475s][debug][gc,phases      ] GC(3007)       Merged Fine:              Min: 0, Avg:  0.0, Max: 0, Diff: 0, Sum: 0, Workers: 8
[437.475s][debug][gc,phases      ] GC(3007)       Merged Coarse:            Min: 0, Avg:  0.0, Max: 0, Diff: 0, Sum: 0, Workers: 8
[437.475s][debug][gc,phases      ] GC(3007)       Dirty Cards:              Min: 0, Avg:  0.0, Max: 0, Diff: 0, Sum: 0, Workers: 8
[437.475s][debug][gc,phases      ] GC(3007)     Hot Card Cache (ms):      Min:  0.0, Avg:  0.0, Max:  0.0, Diff:  0.0, Sum:  0.0, Workers: 8
[437.475s][debug][gc,phases      ] GC(3007)       Dirty Cards:              Min: 0, Avg:  0.0, Max: 0, Diff: 0, Sum: 0, Workers: 8
[437.475s][debug][gc,phases      ] GC(3007)       Skipped Cards:            Min: 0, Avg:  0.0, Max: 0, Diff: 0, Sum: 0, Workers: 8
[437.475s][debug][gc,phases      ] GC(3007)     Log Buffers (ms):         Min:  0.0, Avg:  0.0, Max:  0.0, Diff:  0.0, Sum:  0.0, Workers: 8
[437.475s][debug][gc,phases      ] GC(3007)       Dirty Cards:              Min: 0, Avg:  0.1, Max: 1, Diff: 1, Sum: 1, Workers: 8
[437.475s][debug][gc,phases      ] GC(3007)       Skipped Cards:            Min: 0, Avg:  0.0, Max: 0, Diff: 0, Sum: 0, Workers: 8
[437.475s][info ][gc,phases      ] GC(3007)   Evacuate Collection Set: 0.1ms
[437.475s][debug][gc,phases      ] GC(3007)     Ext Root Scanning (ms):   Min:  0.0, Avg:  0.0, Max:  0.1, Diff:  0.1, Sum:  0.2, Workers: 8
[437.475s][debug][gc,phases      ] GC(3007)     Scan Heap Roots (ms):     Min:  0.0, Avg:  0.0, Max:  0.0, Diff:  0.0, Sum:  0.0, Workers: 8
[437.475s][debug][gc,phases      ] GC(3007)       Scanned Cards:            Min: 0, Avg:  0.1, Max: 1, Diff: 1, Sum: 1, Workers: 8
[437.475s][debug][gc,phases      ] GC(3007)       Scanned Blocks:           Min: 0, Avg:  0.1, Max: 1, Diff: 1, Sum: 1, Workers: 8
[437.475s][debug][gc,phases      ] GC(3007)       Claimed Chunks:           Min: 0, Avg:  0.1, Max: 1, Diff: 1, Sum: 1, Workers: 8
[437.475s][debug][gc,phases      ] GC(3007)     Code Root Scan (ms):      Min:  0.0, Avg:  0.0, Max:  0.0, Diff:  0.0, Sum:  0.0, Workers: 8
[437.475s][debug][gc,phases      ] GC(3007)     Object Copy (ms):         Min:  0.0, Avg:  0.0, Max:  0.0, Diff:  0.0, Sum:  0.0, Workers: 8
[437.475s][debug][gc,phases      ] GC(3007)     Termination (ms):         Min:  0.0, Avg:  0.1, Max:  0.1, Diff:  0.0, Sum:  0.4, Workers: 8
[437.475s][debug][gc,phases      ] GC(3007)       Termination Attempts:     Min: 1, Avg:  1.0, Max: 1, Diff: 0, Sum: 8, Workers: 8
[437.475s][debug][gc,phases      ] GC(3007)     GC Worker Other (ms):     Min:  0.0, Avg:  0.0, Max:  0.0, Diff:  0.0, Sum:  0.1, Workers: 8
[437.475s][debug][gc,phases      ] GC(3007)     GC Worker Total (ms):     Min:  0.0, Avg:  0.1, Max:  0.1, Diff:  0.1, Sum:  0.8, Workers: 8
[437.475s][info ][gc,phases      ] GC(3007)   Post Evacuate Collection Set: 0.3ms
[437.475s][debug][gc,phases      ] GC(3007)     Code Roots Fixup: 0.0ms
[437.475s][debug][gc,phases      ] GC(3007)     Clear Card Table: 0.1ms
[437.475s][debug][gc,phases      ] GC(3007)     Reference Processing: 0.0ms
[437.475s][debug][gc,phases,ref  ] GC(3007)       Reconsider SoftReferences: 0.0ms
[437.475s][debug][gc,phases,ref  ] GC(3007)         SoftRef (ms):             skipped
[437.475s][debug][gc,phases,ref  ] GC(3007)       Notify Soft/WeakReferences: 0.0ms
[437.475s][debug][gc,phases,ref  ] GC(3007)         SoftRef (ms):             skipped
[437.475s][debug][gc,phases,ref  ] GC(3007)         WeakRef (ms):             skipped
[437.475s][debug][gc,phases,ref  ] GC(3007)         FinalRef (ms):            skipped
[437.475s][debug][gc,phases,ref  ] GC(3007)         Total (ms):               skipped
[437.475s][debug][gc,phases,ref  ] GC(3007)       Notify and keep alive finalizable: 0.0ms
[437.475s][debug][gc,phases,ref  ] GC(3007)         FinalRef (ms):            skipped
[437.475s][debug][gc,phases,ref  ] GC(3007)       Notify PhantomReferences: 0.0ms
[437.475s][debug][gc,phases,ref  ] GC(3007)         PhantomRef (ms):          skipped
[437.475s][debug][gc,phases,ref  ] GC(3007)       SoftReference:
[437.475s][debug][gc,phases,ref  ] GC(3007)         Discovered: 0
[437.475s][debug][gc,phases,ref  ] GC(3007)         Cleared: 0
[437.475s][debug][gc,phases,ref  ] GC(3007)       WeakReference:
[437.475s][debug][gc,phases,ref  ] GC(3007)         Discovered: 0
[437.475s][debug][gc,phases,ref  ] GC(3007)         Cleared: 0
[437.475s][debug][gc,phases,ref  ] GC(3007)       FinalReference:
[437.475s][debug][gc,phases,ref  ] GC(3007)         Discovered: 0
[437.475s][debug][gc,phases,ref  ] GC(3007)         Cleared: 0
[437.475s][debug][gc,phases,ref  ] GC(3007)       PhantomReference:
[437.475s][debug][gc,phases,ref  ] GC(3007)         Discovered: 0
[437.475s][debug][gc,phases,ref  ] GC(3007)         Cleared: 0
[437.475s][debug][gc,phases      ] GC(3007)     Weak Processing: 0.0ms
[437.475s][debug][gc,phases      ] GC(3007)       JVMTI weak processing: 0.0ms
[437.475s][debug][gc,phases      ] GC(3007)         Dead: 0
[437.475s][debug][gc,phases      ] GC(3007)         Total: 0
[437.475s][debug][gc,phases      ] GC(3007)       JFR weak processing: 0.0ms
[437.475s][debug][gc,phases      ] GC(3007)         Dead: 0
[437.475s][debug][gc,phases      ] GC(3007)         Total: 0
[437.475s][debug][gc,phases      ] GC(3007)       JNI weak                  Min:  0.0, Avg:  0.0, Max:  0.0, Diff:  0.0, Sum:  0.0, Workers: 5
[437.475s][debug][gc,phases      ] GC(3007)         Dead                      Min: 0, Avg:  0.0, Max: 0, Diff: 0, Sum: 0, Workers: 5
[437.475s][debug][gc,phases      ] GC(3007)         Total                     Min: 0, Avg: 13.6, Max: 52, Diff: 52, Sum: 68, Workers: 5
[437.475s][debug][gc,phases      ] GC(3007)       VM weak                   Min:  0.0, Avg:  0.0, Max:  0.0, Diff:  0.0, Sum:  0.0, Workers: 5
[437.475s][debug][gc,phases      ] GC(3007)         Dead                      Min: 0, Avg:  0.0, Max: 0, Diff: 0, Sum: 0, Workers: 5
[437.475s][debug][gc,phases      ] GC(3007)         Total                     Min: 0, Avg: 42.6, Max: 85, Diff: 85, Sum: 213, Workers: 5
[437.475s][debug][gc,phases      ] GC(3007)       StringTable weak          Min:  0.0, Avg:  0.0, Max:  0.0, Diff:  0.0, Sum:  0.1, Workers: 5
[437.475s][debug][gc,phases      ] GC(3007)         Dead                      Min: 0, Avg:  0.0, Max: 0, Diff: 0, Sum: 0, Workers: 5
[437.475s][debug][gc,phases      ] GC(3007)         Total                     Min: 0, Avg: 682.0, Max: 896, Diff: 896, Sum: 3410, Workers: 5
[437.475s][debug][gc,phases      ] GC(3007)       ResolvedMethodTable weak  Min:  0.0, Avg:  0.0, Max:  0.0, Diff:  0.0, Sum:  0.0, Workers: 5
[437.475s][debug][gc,phases      ] GC(3007)         Dead                      Min: 0, Avg:  0.0, Max: 0, Diff: 0, Sum: 0, Workers: 5
[437.475s][debug][gc,phases      ] GC(3007)         Total                     Min: 0, Avg: 114.8, Max: 190, Diff: 190, Sum: 574, Workers: 5
[437.475s][debug][gc,phases      ] GC(3007)     Merge Per-Thread State: 0.0ms
[437.475s][debug][gc,phases      ] GC(3007)       Copied Bytes              Min: 0, Avg: 78.0, Max: 224, Diff: 224, Sum: 624, Workers: 8
[437.475s][debug][gc,phases      ] GC(3007)       LAB Waste                 Min: 0, Avg:  0.0, Max: 0, Diff: 0, Sum: 0, Workers: 8
[437.475s][debug][gc,phases      ] GC(3007)       LAB Undo Waste            Min: 0, Avg:  0.0, Max: 0, Diff: 0, Sum: 0, Workers: 8
[437.475s][debug][gc,phases      ] GC(3007)     Code Roots Purge: 0.0ms
[437.475s][debug][gc,phases      ] GC(3007)     Redirty Cards: 0.0ms
[437.475s][debug][gc,phases      ] GC(3007)     DerivedPointerTable Update: 0.0ms
[437.475s][debug][gc,phases      ] GC(3007)     Free Collection Set: 0.1ms
[437.475s][debug][gc,phases      ] GC(3007)     Rebuild Free List: 0.0ms
[437.475s][debug][gc,phases      ] GC(3007)     Humongous Reclaim: 0.0ms
[437.475s][debug][gc,phases      ] GC(3007)     Start New Collection Set: 0.0ms
[437.475s][debug][gc,phases      ] GC(3007)     Resize TLABs: 0.0ms
[437.475s][debug][gc,phases      ] GC(3007)     Expand Heap After Collection: 0.0ms
[437.475s][info ][gc,phases      ] GC(3007)   Other: 0.3ms
[437.475s][info ][gc,heap        ] GC(3007) Eden regions: 180->0(180)
[437.475s][info ][gc,heap        ] GC(3007) Survivor regions: 1->1(23)
[437.475s][info ][gc,heap        ] GC(3007) Old regions: 7->7
[437.475s][info ][gc,heap        ] GC(3007) Archive regions: 2->2
[437.475s][info ][gc,heap        ] GC(3007) Humongous regions: 0->0
[437.475s][info ][gc,metaspace   ] GC(3007) Metaspace: 9905K(10624K)->9905K(10624K) NonClass: 8758K(9216K)->8758K(9216K) Class: 1146K(1408K)->1146K(1408K)
[437.475s][debug][gc,heap        ] GC(3007) Heap after GC invocations=3008 (full 1): garbage-first heap   total 309248K, used 4069K [0x0000000700000000, 0x0000000800000000)
[437.476s][debug][gc,heap        ] GC(3007)   region size 1024K, 1 young (1024K), 1 survivors (1024K)
[437.476s][debug][gc,heap        ] GC(3007)  Metaspace       used 9905K, capacity 10179K, committed 10624K, reserved 1058816K
[437.476s][debug][gc,heap        ] GC(3007)   class space    used 1146K, capacity 1267K, committed 1408K, reserved 1048576K
[437.476s][info ][gc             ] GC(3007) Pause Young (Normal) (G1 Evacuation Pause) 183M->3M(302M) 1.906ms
[437.476s][info ][gc,cpu         ] GC(3007) User=0.00s Sys=0.00s Real=0.00s
[437.476s][info ][safepoint      ] Safepoint "G1CollectForAllocation", Time since last: 136643092 ns, Reaching safepoint: 115554 ns, At safepoint: 2081335 ns, Total: 2196889 ns
[437.626s][debug][gc,heap        ] GC(3008) Heap before GC invocations=3008 (full 1): garbage-first heap   total 309248K, used 188389K [0x0000000700000000, 0x0000000800000000)
[437.626s][debug][gc,heap        ] GC(3008)   region size 1024K, 181 young (185344K), 1 survivors (1024K)
[437.626s][debug][gc,heap        ] GC(3008)  Metaspace       used 9905K, capacity 10179K, committed 10624K, reserved 1058816K
[437.626s][debug][gc,heap        ] GC(3008)   class space    used 1146K, capacity 1267K, committed 1408K, reserved 1048576K
[437.626s][info ][gc,start       ] GC(3008) Pause Young (Normal) (G1 Evacuation Pause)
[437.626s][info ][gc,task        ] GC(3008) Using 8 workers of 8 for evacuation
[437.626s][debug][gc,tlab        ] GC(3008) TLAB totals: thrds: 8  refills: 721 max: 94 slow allocs: 0 max 0 waste:  1.2% gc: 1796680B max: 430352B slow: 417248B max: 54680B fast: 0B max: 0B
[437.626s][debug][gc,age         ] GC(3008) Desired survivor size 12058624 bytes, new threshold 15 (max threshold 15)
[437.626s][debug][gc,alloc,region] GC(3008) Mutator Allocation stats, regions: 180, wasted size: 0B ( 0.0%)
[437.626s][debug][gc,ergo        ] GC(3008) Running G1 Merge Heap Roots using 8 workers for 181 regions
[437.627s][debug][gc,remset      ] GC(3008) Visited cards 256 Total dirty 2048 (12.50%) Total old 759808 (0.03%)
[437.627s][debug][gc,ergo        ] GC(3008) Running G1 Clear Card Table Task using 1 workers for 1 units of work for 182 regions.
[437.627s][debug][gc,ref         ] GC(3008) Skipped phase1 of Reference Processing due to unavailable references
[437.627s][debug][gc,ref         ] GC(3008) Skipped phase2 of Reference Processing due to unavailable references
[437.627s][debug][gc,ref         ] GC(3008) Skipped phase3 of Reference Processing due to unavailable references
[437.627s][debug][gc,ref         ] GC(3008) Skipped phase4 of Reference Processing due to unavailable references
[437.627s][debug][gc,ergo        ] GC(3008) Running G1 Free Collection Set using 8 workers for collection set length 181 (302)
[437.627s][debug][gc,ergo        ] GC(3008) Running G1 Rebuild Free List Task using 8 workers for rebuilding free list of 0 (4096) regions
[437.627s][trace][gc,age         ] GC(3008) Age table with threshold 15 (max threshold 15)
[437.627s][trace][gc,age         ] GC(3008) - age   1:        616 bytes,        616 total
[437.627s][debug][gc,plab        ] GC(3008) Young PLAB allocation: allocated: 12384B, wasted: 0B, unused: 11768B, used: 616B, undo waste: 0B, 
[437.627s][debug][gc,plab        ] GC(3008) Young other allocation: region end waste: 0B, regions filled: 1, direct allocated: 0B, failure used: 0B, failure wasted: 0B
[437.627s][debug][gc,plab        ] GC(3008) Young sizing: calculated: 120B, actual: 2064B
[437.627s][debug][gc,plab        ] GC(3008) Old PLAB allocation: allocated: 0B, wasted: 0B, unused: 0B, used: 0B, undo waste: 0B, 
[437.627s][debug][gc,plab        ] GC(3008) Old other allocation: region end waste: 0B, regions filled: 1, direct allocated: 0B, failure used: 0B, failure wasted: 0B
[437.627s][debug][gc,plab        ] GC(3008) Old sizing: calculated: 0B, actual: 2064B
[437.627s][debug][gc,ihop        ] GC(3008) Basic information (value update), threshold: 142501478B (45.00), target occupancy: 316669952B, current occupancy: 4167128B, recent allocation size: 0B, recent allocation duration: 151.87ms, recent old gen allocation rate: 0.00B/s, recent marking phase length: 0.00ms
[437.627s][debug][gc,ihop        ] GC(3008) Adaptive IHOP information (value update), threshold: 142501478B (47.37), internal target occupancy: 300836454B, occupancy: 4167128B, additional buffer size: 189792256B, predicted old gen allocation rate: 0.00B/s, predicted marking phase length: 0.00ms, prediction active: false
[437.627s][debug][gc,ergo,refine ] GC(3008) Concurrent refinement times: Logged Cards Scan time goal: 20.00ms Logged Cards Scan time: 0.00ms HCC time: 0.00ms
[437.627s][debug][gc,ergo,refine ] GC(3008) Updated Refinement Zones: green: 2048, yellow: 6144, red: 10240
[437.627s][info ][gc,phases      ] GC(3008)   Pre Evacuate Collection Set: 0.1ms
[437.627s][debug][gc,phases      ] GC(3008)     Prepare TLABs: 0.0ms
[437.627s][debug][gc,phases      ] GC(3008)     Choose Collection Set: 0.0ms
[437.627s][debug][gc,phases      ] GC(3008)     Region Register: 0.1ms
[437.627s][debug][gc,phases      ] GC(3008)     Prepare Heap Roots: 0.0ms
[437.627s][info ][gc,phases      ] GC(3008)   Merge Heap Roots: 0.1ms
[437.627s][debug][gc,phases      ] GC(3008)     Prepare Merge Heap Roots: 0.0ms
[437.627s][debug][gc,phases      ] GC(3008)     Eager Reclaim (ms):       skipped
[437.627s][debug][gc,phases      ] GC(3008)     Remembered Sets (ms):     Min:  0.0, Avg:  0.0, Max:  0.0, Diff:  0.0, Sum:  0.0, Workers: 8
[437.627s][debug][gc,phases      ] GC(3008)       Merged Sparse:            Min: 0, Avg:  0.0, Max: 0, Diff: 0, Sum: 0, Workers: 8
[437.627s][debug][gc,phases      ] GC(3008)       Merged Fine:              Min: 0, Avg:  0.0, Max: 0, Diff: 0, Sum: 0, Workers: 8
[437.627s][debug][gc,phases      ] GC(3008)       Merged Coarse:            Min: 0, Avg:  0.0, Max: 0, Diff: 0, Sum: 0, Workers: 8
[437.627s][debug][gc,phases      ] GC(3008)       Dirty Cards:              Min: 0, Avg:  0.0, Max: 0, Diff: 0, Sum: 0, Workers: 8
[437.627s][debug][gc,phases      ] GC(3008)     Hot Card Cache (ms):      Min:  0.0, Avg:  0.0, Max:  0.0, Diff:  0.0, Sum:  0.0, Workers: 8
[437.627s][debug][gc,phases      ] GC(3008)       Dirty Cards:              Min: 0, Avg:  0.0, Max: 0, Diff: 0, Sum: 0, Workers: 8
[437.627s][debug][gc,phases      ] GC(3008)       Skipped Cards:            Min: 0, Avg:  0.0, Max: 0, Diff: 0, Sum: 0, Workers: 8
[437.627s][debug][gc,phases      ] GC(3008)     Log Buffers (ms):         Min:  0.0, Avg:  0.0, Max:  0.0, Diff:  0.0, Sum:  0.0, Workers: 8
[437.627s][debug][gc,phases      ] GC(3008)       Dirty Cards:              Min: 0, Avg:  0.1, Max: 1, Diff: 1, Sum: 1, Workers: 8
[437.627s][debug][gc,phases      ] GC(3008)       Skipped Cards:            Min: 0, Avg:  0.0, Max: 0, Diff: 0, Sum: 0, Workers: 8
[437.627s][info ][gc,phases      ] GC(3008)   Evacuate Collection Set: 0.1ms
[437.627s][debug][gc,phases      ] GC(3008)     Ext Root Scanning (ms):   Min:  0.0, Avg:  0.0, Max:  0.0, Diff:  0.0, Sum:  0.2, Workers: 8
[437.627s][debug][gc,phases      ] GC(3008)     Scan Heap Roots (ms):     Min:  0.0, Avg:  0.0, Max:  0.0, Diff:  0.0, Sum:  0.0, Workers: 8
[437.627s][debug][gc,phases      ] GC(3008)       Scanned Cards:            Min: 0, Avg:  0.1, Max: 1, Diff: 1, Sum: 1, Workers: 8
[437.627s][debug][gc,phases      ] GC(3008)       Scanned Blocks:           Min: 0, Avg:  0.1, Max: 1, Diff: 1, Sum: 1, Workers: 8
[437.627s][debug][gc,phases      ] GC(3008)       Claimed Chunks:           Min: 0, Avg:  0.1, Max: 1, Diff: 1, Sum: 1, Workers: 8
[437.627s][debug][gc,phases      ] GC(3008)     Code Root Scan (ms):      Min:  0.0, Avg:  0.0, Max:  0.0, Diff:  0.0, Sum:  0.0, Workers: 8
[437.627s][debug][gc,phases      ] GC(3008)     Object Copy (ms):         Min:  0.0, Avg:  0.0, Max:  0.0, Diff:  0.0, Sum:  0.0, Workers: 8
[437.627s][debug][gc,phases      ] GC(3008)     Termination (ms):         Min:  0.0, Avg:  0.1, Max:  0.1, Diff:  0.0, Sum:  0.4, Workers: 8
[437.627s][debug][gc,phases      ] GC(3008)       Termination Attempts:     Min: 1, Avg:  1.0, Max: 1, Diff: 0, Sum: 8, Workers: 8
[437.627s][debug][gc,phases      ] GC(3008)     GC Worker Other (ms):     Min:  0.0, Avg:  0.0, Max:  0.0, Diff:  0.0, Sum:  0.1, Workers: 8
[437.627s][debug][gc,phases      ] GC(3008)     GC Worker Total (ms):     Min:  0.1, Avg:  0.1, Max:  0.1, Diff:  0.0, Sum:  0.8, Workers: 8
[437.627s][info ][gc,phases      ] GC(3008)   Post Evacuate Collection Set: 0.3ms
[437.627s][debug][gc,phases      ] GC(3008)     Code Roots Fixup: 0.0ms
[437.627s][debug][gc,phases      ] GC(3008)     Clear Card Table: 0.1ms
[437.627s][debug][gc,phases      ] GC(3008)     Reference Processing: 0.0ms
[437.628s][debug][gc,phases,ref  ] GC(3008)       Reconsider SoftReferences: 0.0ms
[437.628s][debug][gc,phases,ref  ] GC(3008)         SoftRef (ms):             skipped
[437.628s][debug][gc,phases,ref  ] GC(3008)       Notify Soft/WeakReferences: 0.0ms
[437.628s][debug][gc,phases,ref  ] GC(3008)         SoftRef (ms):             skipped
[437.628s][debug][gc,phases,ref  ] GC(3008)         WeakRef (ms):             skipped
[437.628s][debug][gc,phases,ref  ] GC(3008)         FinalRef (ms):            skipped
[437.628s][debug][gc,phases,ref  ] GC(3008)         Total (ms):               skipped
[437.628s][debug][gc,phases,ref  ] GC(3008)       Notify and keep alive finalizable: 0.0ms
[437.628s][debug][gc,phases,ref  ] GC(3008)         FinalRef (ms):            skipped
[437.628s][debug][gc,phases,ref  ] GC(3008)       Notify PhantomReferences: 0.0ms
[437.628s][debug][gc,phases,ref  ] GC(3008)         PhantomRef (ms):          skipped
[437.628s][debug][gc,phases,ref  ] GC(3008)       SoftReference:
[437.628s][debug][gc,phases,ref  ] GC(3008)         Discovered: 0
[437.628s][debug][gc,phases,ref  ] GC(3008)         Cleared: 0
[437.628s][debug][gc,phases,ref  ] GC(3008)       WeakReference:
[437.628s][debug][gc,phases,ref  ] GC(3008)         Discovered: 0
[437.628s][debug][gc,phases,ref  ] GC(3008)         Cleared: 0
[437.628s][debug][gc,phases,ref  ] GC(3008)       FinalReference:
[437.628s][debug][gc,phases,ref  ] GC(3008)         Discovered: 0
[437.628s][debug][gc,phases,ref  ] GC(3008)         Cleared: 0
[437.628s][debug][gc,phases,ref  ] GC(3008)       PhantomReference:
[437.628s][debug][gc,phases,ref  ] GC(3008)         Discovered: 0
[437.628s][debug][gc,phases,ref  ] GC(3008)         Cleared: 0
[437.628s][debug][gc,phases      ] GC(3008)     Weak Processing: 0.1ms
[437.628s][debug][gc,phases      ] GC(3008)       JVMTI weak processing: 0.0ms
[437.628s][debug][gc,phases      ] GC(3008)         Dead: 0
[437.628s][debug][gc,phases      ] GC(3008)         Total: 0
[437.628s][debug][gc,phases      ] GC(3008)       JFR weak processing: 0.0ms
[437.628s][debug][gc,phases      ] GC(3008)         Dead: 0
[437.628s][debug][gc,phases      ] GC(3008)         Total: 0
[437.628s][debug][gc,phases      ] GC(3008)       JNI weak                  Min:  0.0, Avg:  0.0, Max:  0.0, Diff:  0.0, Sum:  0.0, Workers: 5
[437.628s][debug][gc,phases      ] GC(3008)         Dead                      Min: 0, Avg:  0.0, Max: 0, Diff: 0, Sum: 0, Workers: 5
[437.628s][debug][gc,phases      ] GC(3008)         Total                     Min: 0, Avg: 13.6, Max: 52, Diff: 52, Sum: 68, Workers: 5
[437.628s][debug][gc,phases      ] GC(3008)       VM weak                   Min:  0.0, Avg:  0.0, Max:  0.0, Diff:  0.0, Sum:  0.0, Workers: 5
[437.628s][debug][gc,phases      ] GC(3008)         Dead                      Min: 0, Avg:  0.0, Max: 0, Diff: 0, Sum: 0, Workers: 5
[437.628s][debug][gc,phases      ] GC(3008)         Total                     Min: 0, Avg: 42.6, Max: 128, Diff: 128, Sum: 213, Workers: 5
[437.628s][debug][gc,phases      ] GC(3008)       StringTable weak          Min:  0.0, Avg:  0.0, Max:  0.0, Diff:  0.0, Sum:  0.1, Workers: 5
[437.628s][debug][gc,phases      ] GC(3008)         Dead                      Min: 0, Avg:  0.0, Max: 0, Diff: 0, Sum: 0, Workers: 5
[437.628s][debug][gc,phases      ] GC(3008)         Total                     Min: 0, Avg: 682.0, Max: 1727, Diff: 1727, Sum: 3410, Workers: 5
[437.628s][debug][gc,phases      ] GC(3008)       ResolvedMethodTable weak  Min:  0.0, Avg:  0.0, Max:  0.0, Diff:  0.0, Sum:  0.0, Workers: 5
[437.628s][debug][gc,phases      ] GC(3008)         Dead                      Min: 0, Avg:  0.0, Max: 0, Diff: 0, Sum: 0, Workers: 5
[437.628s][debug][gc,phases      ] GC(3008)         Total                     Min: 0, Avg: 114.8, Max: 318, Diff: 318, Sum: 574, Workers: 5
[437.628s][debug][gc,phases      ] GC(3008)     Merge Per-Thread State: 0.0ms
[437.628s][debug][gc,phases      ] GC(3008)       Copied Bytes              Min: 0, Avg: 77.0, Max: 200, Diff: 200, Sum: 616, Workers: 8
[437.628s][debug][gc,phases      ] GC(3008)       LAB Waste                 Min: 0, Avg:  0.0, Max: 0, Diff: 0, Sum: 0, Workers: 8
[437.628s][debug][gc,phases      ] GC(3008)       LAB Undo Waste            Min: 0, Avg:  0.0, Max: 0, Diff: 0, Sum: 0, Workers: 8
[437.628s][debug][gc,phases      ] GC(3008)     Code Roots Purge: 0.0ms
[437.628s][debug][gc,phases      ] GC(3008)     Redirty Cards: 0.0ms
[437.628s][debug][gc,phases      ] GC(3008)     DerivedPointerTable Update: 0.0ms
[437.628s][debug][gc,phases      ] GC(3008)     Free Collection Set: 0.1ms
[437.628s][debug][gc,phases      ] GC(3008)     Rebuild Free List: 0.1ms
[437.628s][debug][gc,phases      ] GC(3008)     Humongous Reclaim: 0.0ms
[437.628s][debug][gc,phases      ] GC(3008)     Start New Collection Set: 0.0ms
[437.628s][debug][gc,phases      ] GC(3008)     Resize TLABs: 0.0ms
[437.628s][debug][gc,phases      ] GC(3008)     Expand Heap After Collection: 0.0ms
[437.628s][info ][gc,phases      ] GC(3008)   Other: 0.3ms
[437.628s][info ][gc,heap        ] GC(3008) Eden regions: 180->0(180)
[437.628s][info ][gc,heap        ] GC(3008) Survivor regions: 1->1(23)
[437.628s][info ][gc,heap        ] GC(3008) Old regions: 7->7
[437.628s][info ][gc,heap        ] GC(3008) Archive regions: 2->2
[437.628s][info ][gc,heap        ] GC(3008) Humongous regions: 0->0
[437.628s][info ][gc,metaspace   ] GC(3008) Metaspace: 9905K(10624K)->9905K(10624K) NonClass: 8758K(9216K)->8758K(9216K) Class: 1146K(1408K)->1146K(1408K)
[437.628s][debug][gc,heap        ] GC(3008) Heap after GC invocations=3009 (full 1): garbage-first heap   total 309248K, used 4069K [0x0000000700000000, 0x0000000800000000)
[437.628s][debug][gc,heap        ] GC(3008)   region size 1024K, 1 young (1024K), 1 survivors (1024K)
[437.628s][debug][gc,heap        ] GC(3008)  Metaspace       used 9905K, capacity 10179K, committed 10624K, reserved 1058816K
[437.628s][debug][gc,heap        ] GC(3008)   class space    used 1146K, capacity 1267K, committed 1408K, reserved 1048576K
[437.628s][info ][gc             ] GC(3008) Pause Young (Normal) (G1 Evacuation Pause) 183M->3M(302M) 1.865ms
[437.628s][info ][gc,cpu         ] GC(3008) User=0.00s Sys=0.01s Real=0.00s
[437.628s][info ][safepoint      ] Safepoint "G1CollectForAllocation", Time since last: 150364617 ns, Reaching safepoint: 171633 ns, At safepoint: 2037965 ns, Total: 2209598 ns
[437.779s][debug][gc,heap        ] GC(3009) Heap before GC invocations=3009 (full 1): garbage-first heap   total 309248K, used 187365K [0x0000000700000000, 0x0000000800000000)
[437.779s][debug][gc,heap        ] GC(3009)   region size 1024K, 181 young (185344K), 1 survivors (1024K)
[437.779s][debug][gc,heap        ] GC(3009)  Metaspace       used 9905K, capacity 10179K, committed 10624K, reserved 1058816K
[437.779s][debug][gc,heap        ] GC(3009)   class space    used 1146K, capacity 1267K, committed 1408K, reserved 1048576K
[437.779s][info ][gc,start       ] GC(3009) Pause Young (Normal) (G1 Evacuation Pause)
[437.779s][info ][gc,task        ] GC(3009) Using 8 workers of 8 for evacuation
[437.779s][debug][gc,tlab        ] GC(3009) TLAB totals: thrds: 8  refills: 720 max: 97 slow allocs: 0 max 0 waste:  0.8% gc: 1135952B max: 283080B slow: 416632B max: 56040B fast: 0B max: 0B
[437.779s][debug][gc,age         ] GC(3009) Desired survivor size 12058624 bytes, new threshold 15 (max threshold 15)
[437.779s][debug][gc,alloc,region] GC(3009) Mutator Allocation stats, regions: 180, wasted size: 0B ( 0.0%)
[437.779s][debug][gc,ergo        ] GC(3009) Running G1 Merge Heap Roots using 8 workers for 181 regions
[437.779s][debug][gc,remset      ] GC(3009) Visited cards 256 Total dirty 2048 (12.50%) Total old 759808 (0.03%)
[437.779s][debug][gc,ergo        ] GC(3009) Running G1 Clear Card Table Task using 1 workers for 1 units of work for 182 regions.
[437.779s][debug][gc,ref         ] GC(3009) Skipped phase1 of Reference Processing due to unavailable references
[437.779s][debug][gc,ref         ] GC(3009) Skipped phase2 of Reference Processing due to unavailable references
[437.779s][debug][gc,ref         ] GC(3009) Skipped phase3 of Reference Processing due to unavailable references
[437.779s][debug][gc,ref         ] GC(3009) Skipped phase4 of Reference Processing due to unavailable references
[437.779s][debug][gc,ergo        ] GC(3009) Running G1 Free Collection Set using 8 workers for collection set length 181 (302)
[437.780s][debug][gc,ergo        ] GC(3009) Running G1 Rebuild Free List Task using 8 workers for rebuilding free list of 0 (4096) regions
[437.780s][trace][gc,age         ] GC(3009) Age table with threshold 15 (max threshold 15)
[437.780s][trace][gc,age         ] GC(3009) - age   1:        648 bytes,        648 total
[437.780s][debug][gc,plab        ] GC(3009) Young PLAB allocation: allocated: 10320B, wasted: 0B, unused: 9672B, used: 648B, undo waste: 0B, 
[437.780s][debug][gc,plab        ] GC(3009) Young other allocation: region end waste: 0B, regions filled: 1, direct allocated: 0B, failure used: 0B, failure wasted: 0B
[437.780s][debug][gc,plab        ] GC(3009) Young sizing: calculated: 128B, actual: 2064B
[437.780s][debug][gc,plab        ] GC(3009) Old PLAB allocation: allocated: 0B, wasted: 0B, unused: 0B, used: 0B, undo waste: 0B, 
[437.780s][debug][gc,plab        ] GC(3009) Old other allocation: region end waste: 0B, regions filled: 1, direct allocated: 0B, failure used: 0B, failure wasted: 0B
[437.780s][debug][gc,plab        ] GC(3009) Old sizing: calculated: 0B, actual: 2064B
[437.780s][debug][gc,ihop        ] GC(3009) Basic information (value update), threshold: 142501478B (45.00), target occupancy: 316669952B, current occupancy: 4165064B, recent allocation size: 0B, recent allocation duration: 151.67ms, recent old gen allocation rate: 0.00B/s, recent marking phase length: 0.00ms
[437.780s][debug][gc,ihop        ] GC(3009) Adaptive IHOP information (value update), threshold: 142501478B (47.37), internal target occupancy: 300836454B, occupancy: 4165064B, additional buffer size: 189792256B, predicted old gen allocation rate: 0.00B/s, predicted marking phase length: 0.00ms, prediction active: false
[437.780s][debug][gc,ergo,refine ] GC(3009) Concurrent refinement times: Logged Cards Scan time goal: 20.00ms Logged Cards Scan time: 0.00ms HCC time: 0.00ms
[437.780s][debug][gc,ergo,refine ] GC(3009) Updated Refinement Zones: green: 2048, yellow: 6144, red: 10240
[437.780s][info ][gc,phases      ] GC(3009)   Pre Evacuate Collection Set: 0.1ms
[437.780s][debug][gc,phases      ] GC(3009)     Prepare TLABs: 0.0ms
[437.780s][debug][gc,phases      ] GC(3009)     Choose Collection Set: 0.0ms
[437.780s][debug][gc,phases      ] GC(3009)     Region Register: 0.1ms
[437.780s][debug][gc,phases      ] GC(3009)     Prepare Heap Roots: 0.0ms
[437.780s][info ][gc,phases      ] GC(3009)   Merge Heap Roots: 0.1ms
[437.780s][debug][gc,phases      ] GC(3009)     Prepare Merge Heap Roots: 0.0ms
[437.780s][debug][gc,phases      ] GC(3009)     Eager Reclaim (ms):       skipped
[437.780s][debug][gc,phases      ] GC(3009)     Remembered Sets (ms):     Min:  0.0, Avg:  0.0, Max:  0.0, Diff:  0.0, Sum:  0.0, Workers: 8
[437.780s][debug][gc,phases      ] GC(3009)       Merged Sparse:            Min: 0, Avg:  0.0, Max: 0, Diff: 0, Sum: 0, Workers: 8
[437.780s][debug][gc,phases      ] GC(3009)       Merged Fine:              Min: 0, Avg:  0.0, Max: 0, Diff: 0, Sum: 0, Workers: 8
[437.780s][debug][gc,phases      ] GC(3009)       Merged Coarse:            Min: 0, Avg:  0.0, Max: 0, Diff: 0, Sum: 0, Workers: 8
[437.780s][debug][gc,phases      ] GC(3009)       Dirty Cards:              Min: 0, Avg:  0.0, Max: 0, Diff: 0, Sum: 0, Workers: 8
[437.780s][debug][gc,phases      ] GC(3009)     Hot Card Cache (ms):      Min:  0.0, Avg:  0.0, Max:  0.0, Diff:  0.0, Sum:  0.0, Workers: 8
[437.780s][debug][gc,phases      ] GC(3009)       Dirty Cards:              Min: 0, Avg:  0.0, Max: 0, Diff: 0, Sum: 0, Workers: 8
[437.780s][debug][gc,phases      ] GC(3009)       Skipped Cards:            Min: 0, Avg:  0.0, Max: 0, Diff: 0, Sum: 0, Workers: 8
[437.780s][debug][gc,phases      ] GC(3009)     Log Buffers (ms):         Min:  0.0, Avg:  0.0, Max:  0.0, Diff:  0.0, Sum:  0.0, Workers: 8
[437.780s][debug][gc,phases      ] GC(3009)       Dirty Cards:              Min: 0, Avg:  0.1, Max: 1, Diff: 1, Sum: 1, Workers: 8
[437.780s][debug][gc,phases      ] GC(3009)       Skipped Cards:            Min: 0, Avg:  0.0, Max: 0, Diff: 0, Sum: 0, Workers: 8
[437.780s][info ][gc,phases      ] GC(3009)   Evacuate Collection Set: 0.1ms
[437.780s][debug][gc,phases      ] GC(3009)     Ext Root Scanning (ms):   Min:  0.0, Avg:  0.0, Max:  0.1, Diff:  0.0, Sum:  0.2, Workers: 8
[437.780s][debug][gc,phases      ] GC(3009)     Scan Heap Roots (ms):     Min:  0.0, Avg:  0.0, Max:  0.0, Diff:  0.0, Sum:  0.0, Workers: 8
[437.780s][debug][gc,phases      ] GC(3009)       Scanned Cards:            Min: 0, Avg:  0.1, Max: 1, Diff: 1, Sum: 1, Workers: 8
[437.780s][debug][gc,phases      ] GC(3009)       Scanned Blocks:           Min: 0, Avg:  0.1, Max: 1, Diff: 1, Sum: 1, Workers: 8
[437.780s][debug][gc,phases      ] GC(3009)       Claimed Chunks:           Min: 0, Avg:  0.1, Max: 1, Diff: 1, Sum: 1, Workers: 8
[437.780s][debug][gc,phases      ] GC(3009)     Code Root Scan (ms):      Min:  0.0, Avg:  0.0, Max:  0.0, Diff:  0.0, Sum:  0.0, Workers: 8
[437.780s][debug][gc,phases      ] GC(3009)     Object Copy (ms):         Min:  0.0, Avg:  0.0, Max:  0.0, Diff:  0.0, Sum:  0.0, Workers: 8
[437.780s][debug][gc,phases      ] GC(3009)     Termination (ms):         Min:  0.0, Avg:  0.0, Max:  0.1, Diff:  0.0, Sum:  0.4, Workers: 8
[437.780s][debug][gc,phases      ] GC(3009)       Termination Attempts:     Min: 1, Avg:  1.0, Max: 1, Diff: 0, Sum: 8, Workers: 8
[437.780s][debug][gc,phases      ] GC(3009)     GC Worker Other (ms):     Min:  0.0, Avg:  0.0, Max:  0.0, Diff:  0.0, Sum:  0.1, Workers: 8
[437.780s][debug][gc,phases      ] GC(3009)     GC Worker Total (ms):     Min:  0.1, Avg:  0.1, Max:  0.1, Diff:  0.0, Sum:  0.8, Workers: 8
[437.780s][info ][gc,phases      ] GC(3009)   Post Evacuate Collection Set: 0.5ms
[437.780s][debug][gc,phases      ] GC(3009)     Code Roots Fixup: 0.0ms
[437.780s][debug][gc,phases      ] GC(3009)     Clear Card Table: 0.1ms
[437.780s][debug][gc,phases      ] GC(3009)     Reference Processing: 0.1ms
[437.780s][debug][gc,phases,ref  ] GC(3009)       Reconsider SoftReferences: 0.0ms
[437.780s][debug][gc,phases,ref  ] GC(3009)         SoftRef (ms):             skipped
[437.780s][debug][gc,phases,ref  ] GC(3009)       Notify Soft/WeakReferences: 0.0ms
[437.780s][debug][gc,phases,ref  ] GC(3009)         SoftRef (ms):             skipped
[437.780s][debug][gc,phases,ref  ] GC(3009)         WeakRef (ms):             skipped
[437.780s][debug][gc,phases,ref  ] GC(3009)         FinalRef (ms):            skipped
[437.780s][debug][gc,phases,ref  ] GC(3009)         Total (ms):               skipped
[437.780s][debug][gc,phases,ref  ] GC(3009)       Notify and keep alive finalizable: 0.0ms
[437.780s][debug][gc,phases,ref  ] GC(3009)         FinalRef (ms):            skipped
[437.780s][debug][gc,phases,ref  ] GC(3009)       Notify PhantomReferences: 0.0ms
[437.780s][debug][gc,phases,ref  ] GC(3009)         PhantomRef (ms):          skipped
[437.780s][debug][gc,phases,ref  ] GC(3009)       SoftReference:
[437.780s][debug][gc,phases,ref  ] GC(3009)         Discovered: 0
[437.780s][debug][gc,phases,ref  ] GC(3009)         Cleared: 0
[437.780s][debug][gc,phases,ref  ] GC(3009)       WeakReference:
[437.780s][debug][gc,phases,ref  ] GC(3009)         Discovered: 0
[437.780s][debug][gc,phases,ref  ] GC(3009)         Cleared: 0
[437.780s][debug][gc,phases,ref  ] GC(3009)       FinalReference:
[437.780s][debug][gc,phases,ref  ] GC(3009)         Discovered: 0
[437.780s][debug][gc,phases,ref  ] GC(3009)         Cleared: 0
[437.780s][debug][gc,phases,ref  ] GC(3009)       PhantomReference:
[437.780s][debug][gc,phases,ref  ] GC(3009)         Discovered: 0
[437.780s][debug][gc,phases,ref  ] GC(3009)         Cleared: 0
[437.780s][debug][gc,phases      ] GC(3009)     Weak Processing: 0.1ms
[437.780s][debug][gc,phases      ] GC(3009)       JVMTI weak processing: 0.0ms
[437.780s][debug][gc,phases      ] GC(3009)         Dead: 0
[437.780s][debug][gc,phases      ] GC(3009)         Total: 0
[437.780s][debug][gc,phases      ] GC(3009)       JFR weak processing: 0.0ms
[437.780s][debug][gc,phases      ] GC(3009)         Dead: 0
[437.780s][debug][gc,phases      ] GC(3009)         Total: 0
[437.780s][debug][gc,phases      ] GC(3009)       JNI weak                  Min:  0.0, Avg:  0.0, Max:  0.0, Diff:  0.0, Sum:  0.0, Workers: 5
[437.780s][debug][gc,phases      ] GC(3009)         Dead                      Min: 0, Avg:  0.0, Max: 0, Diff: 0, Sum: 0, Workers: 5
[437.780s][debug][gc,phases      ] GC(3009)         Total                     Min: 0, Avg: 13.6, Max: 68, Diff: 68, Sum: 68, Workers: 5
[437.780s][debug][gc,phases      ] GC(3009)       VM weak                   Min:  0.0, Avg:  0.0, Max:  0.0, Diff:  0.0, Sum:  0.0, Workers: 5
[437.780s][debug][gc,phases      ] GC(3009)         Dead                      Min: 0, Avg:  0.0, Max: 0, Diff: 0, Sum: 0, Workers: 5
[437.780s][debug][gc,phases      ] GC(3009)         Total                     Min: 0, Avg: 42.6, Max: 213, Diff: 213, Sum: 213, Workers: 5
[437.780s][debug][gc,phases      ] GC(3009)       StringTable weak          Min:  0.0, Avg:  0.0, Max:  0.0, Diff:  0.0, Sum:  0.1, Workers: 5
[437.780s][debug][gc,phases      ] GC(3009)         Dead                      Min: 0, Avg:  0.0, Max: 0, Diff: 0, Sum: 0, Workers: 5
[437.780s][debug][gc,phases      ] GC(3009)         Total                     Min: 64, Avg: 682.0, Max: 2175, Diff: 2111, Sum: 3410, Workers: 5
[437.780s][debug][gc,phases      ] GC(3009)       ResolvedMethodTable weak  Min:  0.0, Avg:  0.0, Max:  0.0, Diff:  0.0, Sum:  0.0, Workers: 5
[437.780s][debug][gc,phases      ] GC(3009)         Dead                      Min: 0, Avg:  0.0, Max: 0, Diff: 0, Sum: 0, Workers: 5
[437.780s][debug][gc,phases      ] GC(3009)         Total                     Min: 64, Avg: 114.8, Max: 128, Diff: 64, Sum: 574, Workers: 5
[437.780s][debug][gc,phases      ] GC(3009)     Merge Per-Thread State: 0.0ms
[437.780s][debug][gc,phases      ] GC(3009)       Copied Bytes              Min: 0, Avg: 81.0, Max: 248, Diff: 248, Sum: 648, Workers: 8
[437.780s][debug][gc,phases      ] GC(3009)       LAB Waste                 Min: 0, Avg:  0.0, Max: 0, Diff: 0, Sum: 0, Workers: 8
[437.780s][debug][gc,phases      ] GC(3009)       LAB Undo Waste            Min: 0, Avg:  0.0, Max: 0, Diff: 0, Sum: 0, Workers: 8
[437.780s][debug][gc,phases      ] GC(3009)     Code Roots Purge: 0.0ms
[437.781s][debug][gc,phases      ] GC(3009)     Redirty Cards: 0.0ms
[437.781s][debug][gc,phases      ] GC(3009)     DerivedPointerTable Update: 0.0ms
[437.781s][debug][gc,phases      ] GC(3009)     Free Collection Set: 0.1ms
[437.781s][debug][gc,phases      ] GC(3009)     Rebuild Free List: 0.1ms
[437.781s][debug][gc,phases      ] GC(3009)     Humongous Reclaim: 0.0ms
[437.781s][debug][gc,phases      ] GC(3009)     Start New Collection Set: 0.0ms
[437.781s][debug][gc,phases      ] GC(3009)     Resize TLABs: 0.0ms
[437.781s][debug][gc,phases      ] GC(3009)     Expand Heap After Collection: 0.0ms
[437.781s][info ][gc,phases      ] GC(3009)   Other: 0.3ms
[437.781s][info ][gc,heap        ] GC(3009) Eden regions: 180->0(180)
[437.781s][info ][gc,heap        ] GC(3009) Survivor regions: 1->1(23)
[437.781s][info ][gc,heap        ] GC(3009) Old regions: 7->7
[437.781s][info ][gc,heap        ] GC(3009) Archive regions: 2->2
[437.781s][info ][gc,heap        ] GC(3009) Humongous regions: 0->0
[437.781s][info ][gc,metaspace   ] GC(3009) Metaspace: 9905K(10624K)->9905K(10624K) NonClass: 8758K(9216K)->8758K(9216K) Class: 1146K(1408K)->1146K(1408K)
[437.781s][debug][gc,heap        ] GC(3009) Heap after GC invocations=3010 (full 1): garbage-first heap   total 309248K, used 4067K [0x0000000700000000, 0x0000000800000000)
[437.781s][debug][gc,heap        ] GC(3009)   region size 1024K, 1 young (1024K), 1 survivors (1024K)
[437.781s][debug][gc,heap        ] GC(3009)  Metaspace       used 9905K, capacity 10179K, committed 10624K, reserved 1058816K
[437.781s][debug][gc,heap        ] GC(3009)   class space    used 1146K, capacity 1267K, committed 1408K, reserved 1048576K
[437.781s][info ][gc             ] GC(3009) Pause Young (Normal) (G1 Evacuation Pause) 183M->3M(302M) 1.931ms
[437.781s][info ][gc,cpu         ] GC(3009) User=0.00s Sys=0.00s Real=0.00s
[437.781s][info ][safepoint      ] Safepoint "G1CollectForAllocation", Time since last: 150342887 ns, Reaching safepoint: 109336 ns, At safepoint: 2117630 ns, Total: 2226966 ns
[437.931s][debug][gc,heap        ] GC(3010) Heap before GC invocations=3010 (full 1): garbage-first heap   total 309248K, used 188387K [0x0000000700000000, 0x0000000800000000)
[437.931s][debug][gc,heap        ] GC(3010)   region size 1024K, 181 young (185344K), 1 survivors (1024K)
[437.931s][debug][gc,heap        ] GC(3010)  Metaspace       used 9905K, capacity 10179K, committed 10624K, reserved 1058816K
[437.931s][debug][gc,heap        ] GC(3010)   class space    used 1146K, capacity 1267K, committed 1408K, reserved 1048576K
[437.931s][info ][gc,start       ] GC(3010) Pause Young (Normal) (G1 Evacuation Pause)
[437.931s][info ][gc,task        ] GC(3010) Using 8 workers of 8 for evacuation
[437.931s][debug][gc,tlab        ] GC(3010) TLAB totals: thrds: 8  refills: 722 max: 94 slow allocs: 0 max 0 waste:  0.9% gc: 1234408B max: 368136B slow: 418400B max: 54672B fast: 0B max: 0B
[437.931s][debug][gc,age         ] GC(3010) Desired survivor size 12058624 bytes, new threshold 15 (max threshold 15)
[437.931s][debug][gc,alloc,region] GC(3010) Mutator Allocation stats, regions: 180, wasted size: 0B ( 0.0%)
[437.931s][debug][gc,ergo        ] GC(3010) Running G1 Merge Heap Roots using 8 workers for 181 regions
[437.931s][debug][gc,remset      ] GC(3010) Visited cards 256 Total dirty 2048 (12.50%) Total old 759808 (0.03%)
[437.932s][debug][gc,ergo        ] GC(3010) Running G1 Clear Card Table Task using 1 workers for 1 units of work for 182 regions.
[437.932s][debug][gc,ref         ] GC(3010) Skipped phase1 of Reference Processing due to unavailable references
[437.932s][debug][gc,ref         ] GC(3010) Skipped phase2 of Reference Processing due to unavailable references
[437.932s][debug][gc,ref         ] GC(3010) Skipped phase3 of Reference Processing due to unavailable references
[437.932s][debug][gc,ref         ] GC(3010) Skipped phase4 of Reference Processing due to unavailable references
[437.932s][debug][gc,ergo        ] GC(3010) Running G1 Free Collection Set using 8 workers for collection set length 181 (302)
[437.932s][debug][gc,ergo        ] GC(3010) Running G1 Rebuild Free List Task using 8 workers for rebuilding free list of 0 (4096) regions
[437.932s][trace][gc,age         ] GC(3010) Age table with threshold 15 (max threshold 15)
[437.932s][trace][gc,age         ] GC(3010) - age   1:        592 bytes,        592 total
[437.932s][debug][gc,plab        ] GC(3010) Young PLAB allocation: allocated: 14448B, wasted: 0B, unused: 13856B, used: 592B, undo waste: 0B, 
[437.932s][debug][gc,plab        ] GC(3010) Young other allocation: region end waste: 0B, regions filled: 1, direct allocated: 0B, failure used: 0B, failure wasted: 0B
[437.932s][debug][gc,plab        ] GC(3010) Young sizing: calculated: 112B, actual: 2064B
[437.932s][debug][gc,plab        ] GC(3010) Old PLAB allocation: allocated: 0B, wasted: 0B, unused: 0B, used: 0B, undo waste: 0B, 
[437.932s][debug][gc,plab        ] GC(3010) Old other allocation: region end waste: 0B, regions filled: 1, direct allocated: 0B, failure used: 0B, failure wasted: 0B
[437.932s][debug][gc,plab        ] GC(3010) Old sizing: calculated: 0B, actual: 2064B
[437.932s][debug][gc,ihop        ] GC(3010) Basic information (value update), threshold: 142501478B (45.00), target occupancy: 316669952B, current occupancy: 4169192B, recent allocation size: 0B, recent allocation duration: 151.43ms, recent old gen allocation rate: 0.00B/s, recent marking phase length: 0.00ms
[437.932s][debug][gc,ihop        ] GC(3010) Adaptive IHOP information (value update), threshold: 142501478B (47.37), internal target occupancy: 300836454B, occupancy: 4169192B, additional buffer size: 189792256B, predicted old gen allocation rate: 0.00B/s, predicted marking phase length: 0.00ms, prediction active: false
[437.932s][debug][gc,ergo,refine ] GC(3010) Concurrent refinement times: Logged Cards Scan time goal: 20.00ms Logged Cards Scan time: 0.00ms HCC time: 0.00ms
[437.932s][debug][gc,ergo,refine ] GC(3010) Updated Refinement Zones: green: 2048, yellow: 6144, red: 10240
[437.932s][info ][gc,phases      ] GC(3010)   Pre Evacuate Collection Set: 0.1ms
[437.932s][debug][gc,phases      ] GC(3010)     Prepare TLABs: 0.0ms
[437.932s][debug][gc,phases      ] GC(3010)     Choose Collection Set: 0.0ms
[437.932s][debug][gc,phases      ] GC(3010)     Region Register: 0.1ms
[437.932s][debug][gc,phases      ] GC(3010)     Prepare Heap Roots: 0.0ms
[437.932s][info ][gc,phases      ] GC(3010)   Merge Heap Roots: 0.1ms
[437.932s][debug][gc,phases      ] GC(3010)     Prepare Merge Heap Roots: 0.0ms
[437.932s][debug][gc,phases      ] GC(3010)     Eager Reclaim (ms):       skipped
[437.932s][debug][gc,phases      ] GC(3010)     Remembered Sets (ms):     Min:  0.0, Avg:  0.0, Max:  0.0, Diff:  0.0, Sum:  0.0, Workers: 8
[437.932s][debug][gc,phases      ] GC(3010)       Merged Sparse:            Min: 0, Avg:  0.0, Max: 0, Diff: 0, Sum: 0, Workers: 8
[437.932s][debug][gc,phases      ] GC(3010)       Merged Fine:              Min: 0, Avg:  0.0, Max: 0, Diff: 0, Sum: 0, Workers: 8
[437.932s][debug][gc,phases      ] GC(3010)       Merged Coarse:            Min: 0, Avg:  0.0, Max: 0, Diff: 0, Sum: 0, Workers: 8
[437.932s][debug][gc,phases      ] GC(3010)       Dirty Cards:              Min: 0, Avg:  0.0, Max: 0, Diff: 0, Sum: 0, Workers: 8
[437.932s][debug][gc,phases      ] GC(3010)     Hot Card Cache (ms):      Min:  0.0, Avg:  0.0, Max:  0.0, Diff:  0.0, Sum:  0.0, Workers: 8
[437.932s][debug][gc,phases      ] GC(3010)       Dirty Cards:              Min: 0, Avg:  0.0, Max: 0, Diff: 0, Sum: 0, Workers: 8
[437.932s][debug][gc,phases      ] GC(3010)       Skipped Cards:            Min: 0, Avg:  0.0, Max: 0, Diff: 0, Sum: 0, Workers: 8
[437.932s][debug][gc,phases      ] GC(3010)     Log Buffers (ms):         Min:  0.0, Avg:  0.0, Max:  0.0, Diff:  0.0, Sum:  0.0, Workers: 8
[437.932s][debug][gc,phases      ] GC(3010)       Dirty Cards:              Min: 0, Avg:  0.1, Max: 1, Diff: 1, Sum: 1, Workers: 8
[437.932s][debug][gc,phases      ] GC(3010)       Skipped Cards:            Min: 0, Avg:  0.0, Max: 0, Diff: 0, Sum: 0, Workers: 8
[437.932s][info ][gc,phases      ] GC(3010)   Evacuate Collection Set: 0.1ms
[437.932s][debug][gc,phases      ] GC(3010)     Ext Root Scanning (ms):   Min:  0.0, Avg:  0.0, Max:  0.1, Diff:  0.1, Sum:  0.2, Workers: 8
[437.932s][debug][gc,phases      ] GC(3010)     Scan Heap Roots (ms):     Min:  0.0, Avg:  0.0, Max:  0.0, Diff:  0.0, Sum:  0.0, Workers: 8
[437.932s][debug][gc,phases      ] GC(3010)       Scanned Cards:            Min: 0, Avg:  0.1, Max: 1, Diff: 1, Sum: 1, Workers: 8
[437.932s][debug][gc,phases      ] GC(3010)       Scanned Blocks:           Min: 0, Avg:  0.1, Max: 1, Diff: 1, Sum: 1, Workers: 8
[437.932s][debug][gc,phases      ] GC(3010)       Claimed Chunks:           Min: 0, Avg:  0.1, Max: 1, Diff: 1, Sum: 1, Workers: 8
[437.932s][debug][gc,phases      ] GC(3010)     Code Root Scan (ms):      Min:  0.0, Avg:  0.0, Max:  0.0, Diff:  0.0, Sum:  0.0, Workers: 8
[437.932s][debug][gc,phases      ] GC(3010)     Object Copy (ms):         Min:  0.0, Avg:  0.0, Max:  0.0, Diff:  0.0, Sum:  0.0, Workers: 8
[437.932s][debug][gc,phases      ] GC(3010)     Termination (ms):         Min:  0.1, Avg:  0.1, Max:  0.1, Diff:  0.0, Sum:  0.4, Workers: 8
[437.932s][debug][gc,phases      ] GC(3010)       Termination Attempts:     Min: 1, Avg:  1.0, Max: 1, Diff: 0, Sum: 8, Workers: 8
[437.932s][debug][gc,phases      ] GC(3010)     GC Worker Other (ms):     Min:  0.0, Avg:  0.0, Max:  0.0, Diff:  0.0, Sum:  0.1, Workers: 8
[437.932s][debug][gc,phases      ] GC(3010)     GC Worker Total (ms):     Min:  0.1, Avg:  0.1, Max:  0.1, Diff:  0.0, Sum:  0.8, Workers: 8
[437.932s][info ][gc,phases      ] GC(3010)   Post Evacuate Collection Set: 0.3ms
[437.932s][debug][gc,phases      ] GC(3010)     Code Roots Fixup: 0.0ms
[437.932s][debug][gc,phases      ] GC(3010)     Clear Card Table: 0.1ms
[437.932s][debug][gc,phases      ] GC(3010)     Reference Processing: 0.0ms
[437.932s][debug][gc,phases,ref  ] GC(3010)       Reconsider SoftReferences: 0.0ms
[437.932s][debug][gc,phases,ref  ] GC(3010)         SoftRef (ms):             skipped
[437.932s][debug][gc,phases,ref  ] GC(3010)       Notify Soft/WeakReferences: 0.0ms
[437.932s][debug][gc,phases,ref  ] GC(3010)         SoftRef (ms):             skipped
[437.932s][debug][gc,phases,ref  ] GC(3010)         WeakRef (ms):             skipped
[437.932s][debug][gc,phases,ref  ] GC(3010)         FinalRef (ms):            skipped
[437.932s][debug][gc,phases,ref  ] GC(3010)         Total (ms):               skipped
[437.932s][debug][gc,phases,ref  ] GC(3010)       Notify and keep alive finalizable: 0.0ms
[437.932s][debug][gc,phases,ref  ] GC(3010)         FinalRef (ms):            skipped
[437.932s][debug][gc,phases,ref  ] GC(3010)       Notify PhantomReferences: 0.0ms
[437.932s][debug][gc,phases,ref  ] GC(3010)         PhantomRef (ms):          skipped
[437.932s][debug][gc,phases,ref  ] GC(3010)       SoftReference:
[437.932s][debug][gc,phases,ref  ] GC(3010)         Discovered: 0
[437.932s][debug][gc,phases,ref  ] GC(3010)         Cleared: 0
[437.932s][debug][gc,phases,ref  ] GC(3010)       WeakReference:
[437.932s][debug][gc,phases,ref  ] GC(3010)         Discovered: 0
[437.932s][debug][gc,phases,ref  ] GC(3010)         Cleared: 0
[437.932s][debug][gc,phases,ref  ] GC(3010)       FinalReference:
[437.932s][debug][gc,phases,ref  ] GC(3010)         Discovered: 0
[437.933s][debug][gc,phases,ref  ] GC(3010)         Cleared: 0
[437.933s][debug][gc,phases,ref  ] GC(3010)       PhantomReference:
[437.933s][debug][gc,phases,ref  ] GC(3010)         Discovered: 0
[437.933s][debug][gc,phases,ref  ] GC(3010)         Cleared: 0
[437.933s][debug][gc,phases      ] GC(3010)     Weak Processing: 0.1ms
[437.933s][debug][gc,phases      ] GC(3010)       JVMTI weak processing: 0.0ms
[437.933s][debug][gc,phases      ] GC(3010)         Dead: 0
[437.933s][debug][gc,phases      ] GC(3010)         Total: 0
[437.933s][debug][gc,phases      ] GC(3010)       JFR weak processing: 0.0ms
[437.933s][debug][gc,phases      ] GC(3010)         Dead: 0
[437.933s][debug][gc,phases      ] GC(3010)         Total: 0
[437.933s][debug][gc,phases      ] GC(3010)       JNI weak                  Min:  0.0, Avg:  0.0, Max:  0.0, Diff:  0.0, Sum:  0.0, Workers: 5
[437.933s][debug][gc,phases      ] GC(3010)         Dead                      Min: 0, Avg:  0.0, Max: 0, Diff: 0, Sum: 0, Workers: 5
[437.933s][debug][gc,phases      ] GC(3010)         Total                     Min: 0, Avg: 13.6, Max: 52, Diff: 52, Sum: 68, Workers: 5
[437.933s][debug][gc,phases      ] GC(3010)       VM weak                   Min:  0.0, Avg:  0.0, Max:  0.0, Diff:  0.0, Sum:  0.0, Workers: 5
[437.933s][debug][gc,phases      ] GC(3010)         Dead                      Min: 0, Avg:  0.0, Max: 0, Diff: 0, Sum: 0, Workers: 5
[437.933s][debug][gc,phases      ] GC(3010)         Total                     Min: 0, Avg: 42.6, Max: 128, Diff: 128, Sum: 213, Workers: 5
[437.933s][debug][gc,phases      ] GC(3010)       StringTable weak          Min:  0.0, Avg:  0.0, Max:  0.0, Diff:  0.0, Sum:  0.1, Workers: 5
[437.933s][debug][gc,phases      ] GC(3010)         Dead                      Min: 0, Avg:  0.0, Max: 0, Diff: 0, Sum: 0, Workers: 5
[437.933s][debug][gc,phases      ] GC(3010)         Total                     Min: 0, Avg: 682.0, Max: 1728, Diff: 1728, Sum: 3410, Workers: 5
[437.933s][debug][gc,phases      ] GC(3010)       ResolvedMethodTable weak  Min:  0.0, Avg:  0.0, Max:  0.0, Diff:  0.0, Sum:  0.0, Workers: 5
[437.933s][debug][gc,phases      ] GC(3010)         Dead                      Min: 0, Avg:  0.0, Max: 0, Diff: 0, Sum: 0, Workers: 5
[437.933s][debug][gc,phases      ] GC(3010)         Total                     Min: 0, Avg: 114.8, Max: 318, Diff: 318, Sum: 574, Workers: 5
[437.933s][debug][gc,phases      ] GC(3010)     Merge Per-Thread State: 0.0ms
[437.933s][debug][gc,phases      ] GC(3010)       Copied Bytes              Min: 0, Avg: 74.0, Max: 176, Diff: 176, Sum: 592, Workers: 8
[437.933s][debug][gc,phases      ] GC(3010)       LAB Waste                 Min: 0, Avg:  0.0, Max: 0, Diff: 0, Sum: 0, Workers: 8
[437.933s][debug][gc,phases      ] GC(3010)       LAB Undo Waste            Min: 0, Avg:  0.0, Max: 0, Diff: 0, Sum: 0, Workers: 8
[437.933s][debug][gc,phases      ] GC(3010)     Code Roots Purge: 0.0ms
[437.933s][debug][gc,phases      ] GC(3010)     Redirty Cards: 0.0ms
[437.933s][debug][gc,phases      ] GC(3010)     DerivedPointerTable Update: 0.0ms
[437.933s][debug][gc,phases      ] GC(3010)     Free Collection Set: 0.1ms
[437.933s][debug][gc,phases      ] GC(3010)     Rebuild Free List: 0.0ms
[437.933s][debug][gc,phases      ] GC(3010)     Humongous Reclaim: 0.0ms
[437.933s][debug][gc,phases      ] GC(3010)     Start New Collection Set: 0.0ms
[437.933s][debug][gc,phases      ] GC(3010)     Resize TLABs: 0.0ms
[437.933s][debug][gc,phases      ] GC(3010)     Expand Heap After Collection: 0.0ms
[437.933s][info ][gc,phases      ] GC(3010)   Other: 0.3ms
[437.933s][info ][gc,heap        ] GC(3010) Eden regions: 180->0(180)
[437.933s][info ][gc,heap        ] GC(3010) Survivor regions: 1->1(23)
[437.933s][info ][gc,heap        ] GC(3010) Old regions: 7->7
[437.933s][info ][gc,heap        ] GC(3010) Archive regions: 2->2
[437.933s][info ][gc,heap        ] GC(3010) Humongous regions: 0->0
[437.933s][info ][gc,metaspace   ] GC(3010) Metaspace: 9905K(10624K)->9905K(10624K) NonClass: 8758K(9216K)->8758K(9216K) Class: 1146K(1408K)->1146K(1408K)
[437.933s][debug][gc,heap        ] GC(3010) Heap after GC invocations=3011 (full 1): garbage-first heap   total 309248K, used 4071K [0x0000000700000000, 0x0000000800000000)
[437.933s][debug][gc,heap        ] GC(3010)   region size 1024K, 1 young (1024K), 1 survivors (1024K)
[437.933s][debug][gc,heap        ] GC(3010)  Metaspace       used 9905K, capacity 10179K, committed 10624K, reserved 1058816K
[437.933s][debug][gc,heap        ] GC(3010)   class space    used 1146K, capacity 1267K, committed 1408K, reserved 1048576K
[437.933s][info ][gc             ] GC(3010) Pause Young (Normal) (G1 Evacuation Pause) 183M->3M(302M) 1.867ms
[437.933s][info ][gc,cpu         ] GC(3010) User=0.00s Sys=0.00s Real=0.01s
[437.933s][info ][safepoint      ] Safepoint "G1CollectForAllocation", Time since last: 150058399 ns, Reaching safepoint: 145559 ns, At safepoint: 2061541 ns, Total: 2207100 ns
[438.081s][debug][gc,heap        ] GC(3011) Heap before GC invocations=3011 (full 1): garbage-first heap   total 309248K, used 188391K [0x0000000700000000, 0x0000000800000000)
[438.081s][debug][gc,heap        ] GC(3011)   region size 1024K, 181 young (185344K), 1 survivors (1024K)
[438.081s][debug][gc,heap        ] GC(3011)  Metaspace       used 9905K, capacity 10179K, committed 10624K, reserved 1058816K
[438.081s][debug][gc,heap        ] GC(3011)   class space    used 1146K, capacity 1267K, committed 1408K, reserved 1048576K
[438.082s][info ][gc,start       ] GC(3011) Pause Young (Normal) (G1 Evacuation Pause)
[438.082s][info ][gc,task        ] GC(3011) Using 8 workers of 8 for evacuation
[438.082s][debug][gc,tlab        ] GC(3011) TLAB totals: thrds: 8  refills: 724 max: 96 slow allocs: 0 max 0 waste:  1.1% gc: 1725320B max: 430272B slow: 420064B max: 55384B fast: 0B max: 0B
[438.082s][debug][gc,age         ] GC(3011) Desired survivor size 12058624 bytes, new threshold 15 (max threshold 15)
[438.082s][debug][gc,alloc,region] GC(3011) Mutator Allocation stats, regions: 180, wasted size: 0B ( 0.0%)
[438.082s][debug][gc,ergo        ] GC(3011) Running G1 Merge Heap Roots using 8 workers for 181 regions
[438.082s][debug][gc,remset      ] GC(3011) Visited cards 256 Total dirty 2048 (12.50%) Total old 759808 (0.03%)
[438.082s][debug][gc,ergo        ] GC(3011) Running G1 Clear Card Table Task using 1 workers for 1 units of work for 182 regions.
[438.082s][debug][gc,ref         ] GC(3011) Skipped phase1 of Reference Processing due to unavailable references
[438.082s][debug][gc,ref         ] GC(3011) Skipped phase2 of Reference Processing due to unavailable references
[438.082s][debug][gc,ref         ] GC(3011) Skipped phase3 of Reference Processing due to unavailable references
[438.082s][debug][gc,ref         ] GC(3011) Skipped phase4 of Reference Processing due to unavailable references
[438.082s][debug][gc,ergo        ] GC(3011) Running G1 Free Collection Set using 8 workers for collection set length 181 (302)
[438.082s][debug][gc,ergo        ] GC(3011) Running G1 Rebuild Free List Task using 8 workers for rebuilding free list of 0 (4096) regions
[438.082s][trace][gc,age         ] GC(3011) Age table with threshold 15 (max threshold 15)
[438.082s][trace][gc,age         ] GC(3011) - age   1:        480 bytes,        480 total
[438.082s][debug][gc,plab        ] GC(3011) Young PLAB allocation: allocated: 10320B, wasted: 0B, unused: 9840B, used: 480B, undo waste: 0B, 
[438.082s][debug][gc,plab        ] GC(3011) Young other allocation: region end waste: 0B, regions filled: 1, direct allocated: 0B, failure used: 0B, failure wasted: 0B
[438.082s][debug][gc,plab        ] GC(3011) Young sizing: calculated: 96B, actual: 2064B
[438.082s][debug][gc,plab        ] GC(3011) Old PLAB allocation: allocated: 0B, wasted: 0B, unused: 0B, used: 0B, undo waste: 0B, 
[438.082s][debug][gc,plab        ] GC(3011) Old other allocation: region end waste: 0B, regions filled: 1, direct allocated: 0B, failure used: 0B, failure wasted: 0B
[438.082s][debug][gc,plab        ] GC(3011) Old sizing: calculated: 0B, actual: 2064B
[438.082s][debug][gc,ihop        ] GC(3011) Basic information (value update), threshold: 142501478B (45.00), target occupancy: 316669952B, current occupancy: 4165064B, recent allocation size: 0B, recent allocation duration: 149.61ms, recent old gen allocation rate: 0.00B/s, recent marking phase length: 0.00ms
[438.082s][debug][gc,ihop        ] GC(3011) Adaptive IHOP information (value update), threshold: 142501478B (47.37), internal target occupancy: 300836454B, occupancy: 4165064B, additional buffer size: 189792256B, predicted old gen allocation rate: 0.00B/s, predicted marking phase length: 0.00ms, prediction active: false
[438.082s][debug][gc,ergo,refine ] GC(3011) Concurrent refinement times: Logged Cards Scan time goal: 20.00ms Logged Cards Scan time: 0.00ms HCC time: 0.00ms
[438.082s][debug][gc,ergo,refine ] GC(3011) Updated Refinement Zones: green: 2048, yellow: 6144, red: 10240
[438.082s][info ][gc,phases      ] GC(3011)   Pre Evacuate Collection Set: 0.1ms
[438.082s][debug][gc,phases      ] GC(3011)     Prepare TLABs: 0.0ms
[438.082s][debug][gc,phases      ] GC(3011)     Choose Collection Set: 0.0ms
[438.082s][debug][gc,phases      ] GC(3011)     Region Register: 0.1ms
[438.082s][debug][gc,phases      ] GC(3011)     Prepare Heap Roots: 0.0ms
[438.082s][info ][gc,phases      ] GC(3011)   Merge Heap Roots: 0.1ms
[438.082s][debug][gc,phases      ] GC(3011)     Prepare Merge Heap Roots: 0.0ms
[438.082s][debug][gc,phases      ] GC(3011)     Eager Reclaim (ms):       skipped
[438.082s][debug][gc,phases      ] GC(3011)     Remembered Sets (ms):     Min:  0.0, Avg:  0.0, Max:  0.0, Diff:  0.0, Sum:  0.0, Workers: 8
[438.082s][debug][gc,phases      ] GC(3011)       Merged Sparse:            Min: 0, Avg:  0.0, Max: 0, Diff: 0, Sum: 0, Workers: 8
[438.082s][debug][gc,phases      ] GC(3011)       Merged Fine:              Min: 0, Avg:  0.0, Max: 0, Diff: 0, Sum: 0, Workers: 8
[438.083s][debug][gc,phases      ] GC(3011)       Merged Coarse:            Min: 0, Avg:  0.0, Max: 0, Diff: 0, Sum: 0, Workers: 8
[438.083s][debug][gc,phases      ] GC(3011)       Dirty Cards:              Min: 0, Avg:  0.0, Max: 0, Diff: 0, Sum: 0, Workers: 8
[438.083s][debug][gc,phases      ] GC(3011)     Hot Card Cache (ms):      Min:  0.0, Avg:  0.0, Max:  0.0, Diff:  0.0, Sum:  0.0, Workers: 8
[438.083s][debug][gc,phases      ] GC(3011)       Dirty Cards:              Min: 0, Avg:  0.0, Max: 0, Diff: 0, Sum: 0, Workers: 8
[438.083s][debug][gc,phases      ] GC(3011)       Skipped Cards:            Min: 0, Avg:  0.0, Max: 0, Diff: 0, Sum: 0, Workers: 8
[438.083s][debug][gc,phases      ] GC(3011)     Log Buffers (ms):         Min:  0.0, Avg:  0.0, Max:  0.0, Diff:  0.0, Sum:  0.0, Workers: 8
[438.083s][debug][gc,phases      ] GC(3011)       Dirty Cards:              Min: 0, Avg:  0.1, Max: 1, Diff: 1, Sum: 1, Workers: 8
[438.083s][debug][gc,phases      ] GC(3011)       Skipped Cards:            Min: 0, Avg:  0.0, Max: 0, Diff: 0, Sum: 0, Workers: 8
[438.083s][info ][gc,phases      ] GC(3011)   Evacuate Collection Set: 0.2ms
[438.083s][debug][gc,phases      ] GC(3011)     Ext Root Scanning (ms):   Min:  0.0, Avg:  0.0, Max:  0.1, Diff:  0.0, Sum:  0.2, Workers: 8
[438.083s][debug][gc,phases      ] GC(3011)     Scan Heap Roots (ms):     Min:  0.0, Avg:  0.0, Max:  0.0, Diff:  0.0, Sum:  0.0, Workers: 8
[438.083s][debug][gc,phases      ] GC(3011)       Scanned Cards:            Min: 0, Avg:  0.1, Max: 1, Diff: 1, Sum: 1, Workers: 8
[438.083s][debug][gc,phases      ] GC(3011)       Scanned Blocks:           Min: 0, Avg:  0.1, Max: 1, Diff: 1, Sum: 1, Workers: 8
[438.083s][debug][gc,phases      ] GC(3011)       Claimed Chunks:           Min: 0, Avg:  0.1, Max: 1, Diff: 1, Sum: 1, Workers: 8
[438.083s][debug][gc,phases      ] GC(3011)     Code Root Scan (ms):      Min:  0.0, Avg:  0.0, Max:  0.0, Diff:  0.0, Sum:  0.0, Workers: 8
[438.083s][debug][gc,phases      ] GC(3011)     Object Copy (ms):         Min:  0.0, Avg:  0.0, Max:  0.0, Diff:  0.0, Sum:  0.0, Workers: 8
[438.083s][debug][gc,phases      ] GC(3011)     Termination (ms):         Min:  0.1, Avg:  0.1, Max:  0.1, Diff:  0.0, Sum:  0.4, Workers: 8
[438.083s][debug][gc,phases      ] GC(3011)       Termination Attempts:     Min: 1, Avg:  1.0, Max: 1, Diff: 0, Sum: 8, Workers: 8
[438.083s][debug][gc,phases      ] GC(3011)     GC Worker Other (ms):     Min:  0.0, Avg:  0.0, Max:  0.0, Diff:  0.0, Sum:  0.1, Workers: 8
[438.083s][debug][gc,phases      ] GC(3011)     GC Worker Total (ms):     Min:  0.1, Avg:  0.1, Max:  0.1, Diff:  0.1, Sum:  0.8, Workers: 8
[438.083s][info ][gc,phases      ] GC(3011)   Post Evacuate Collection Set: 0.3ms
[438.083s][debug][gc,phases      ] GC(3011)     Code Roots Fixup: 0.0ms
[438.083s][debug][gc,phases      ] GC(3011)     Clear Card Table: 0.1ms
[438.083s][debug][gc,phases      ] GC(3011)     Reference Processing: 0.0ms
[438.083s][debug][gc,phases,ref  ] GC(3011)       Reconsider SoftReferences: 0.0ms
[438.083s][debug][gc,phases,ref  ] GC(3011)         SoftRef (ms):             skipped
[438.083s][debug][gc,phases,ref  ] GC(3011)       Notify Soft/WeakReferences: 0.0ms
[438.083s][debug][gc,phases,ref  ] GC(3011)         SoftRef (ms):             skipped
[438.083s][debug][gc,phases,ref  ] GC(3011)         WeakRef (ms):             skipped
[438.083s][debug][gc,phases,ref  ] GC(3011)         FinalRef (ms):            skipped
[438.083s][debug][gc,phases,ref  ] GC(3011)         Total (ms):               skipped
[438.083s][debug][gc,phases,ref  ] GC(3011)       Notify and keep alive finalizable: 0.0ms
[438.083s][debug][gc,phases,ref  ] GC(3011)         FinalRef (ms):            skipped
[438.083s][debug][gc,phases,ref  ] GC(3011)       Notify PhantomReferences: 0.0ms
[438.083s][debug][gc,phases,ref  ] GC(3011)         PhantomRef (ms):          skipped
[438.083s][debug][gc,phases,ref  ] GC(3011)       SoftReference:
[438.083s][debug][gc,phases,ref  ] GC(3011)         Discovered: 0
[438.083s][debug][gc,phases,ref  ] GC(3011)         Cleared: 0
[438.083s][debug][gc,phases,ref  ] GC(3011)       WeakReference:
[438.083s][debug][gc,phases,ref  ] GC(3011)         Discovered: 0
[438.083s][debug][gc,phases,ref  ] GC(3011)         Cleared: 0
[438.083s][debug][gc,phases,ref  ] GC(3011)       FinalReference:
[438.083s][debug][gc,phases,ref  ] GC(3011)         Discovered: 0
[438.083s][debug][gc,phases,ref  ] GC(3011)         Cleared: 0
[438.083s][debug][gc,phases,ref  ] GC(3011)       PhantomReference:
[438.083s][debug][gc,phases,ref  ] GC(3011)         Discovered: 0
[438.083s][debug][gc,phases,ref  ] GC(3011)         Cleared: 0
[438.083s][debug][gc,phases      ] GC(3011)     Weak Processing: 0.1ms
[438.083s][debug][gc,phases      ] GC(3011)       JVMTI weak processing: 0.0ms
[438.083s][debug][gc,phases      ] GC(3011)         Dead: 0
[438.083s][debug][gc,phases      ] GC(3011)         Total: 0
[438.083s][debug][gc,phases      ] GC(3011)       JFR weak processing: 0.0ms
[438.083s][debug][gc,phases      ] GC(3011)         Dead: 0
[438.083s][debug][gc,phases      ] GC(3011)         Total: 0
[438.083s][debug][gc,phases      ] GC(3011)       JNI weak                  Min:  0.0, Avg:  0.0, Max:  0.0, Diff:  0.0, Sum:  0.0, Workers: 5
[438.083s][debug][gc,phases      ] GC(3011)         Dead                      Min: 0, Avg:  0.0, Max: 0, Diff: 0, Sum: 0, Workers: 5
[438.083s][debug][gc,phases      ] GC(3011)         Total                     Min: 0, Avg: 13.6, Max: 68, Diff: 68, Sum: 68, Workers: 5
[438.083s][debug][gc,phases      ] GC(3011)       VM weak                   Min:  0.0, Avg:  0.0, Max:  0.0, Diff:  0.0, Sum:  0.0, Workers: 5
[438.083s][debug][gc,phases      ] GC(3011)         Dead                      Min: 0, Avg:  0.0, Max: 0, Diff: 0, Sum: 0, Workers: 5
[438.083s][debug][gc,phases      ] GC(3011)         Total                     Min: 0, Avg: 42.6, Max: 213, Diff: 213, Sum: 213, Workers: 5
[438.083s][debug][gc,phases      ] GC(3011)       StringTable weak          Min:  0.0, Avg:  0.0, Max:  0.0, Diff:  0.0, Sum:  0.0, Workers: 5
[438.083s][debug][gc,phases      ] GC(3011)         Dead                      Min: 0, Avg:  0.0, Max: 0, Diff: 0, Sum: 0, Workers: 5
[438.083s][debug][gc,phases      ] GC(3011)         Total                     Min: 0, Avg: 682.0, Max: 3327, Diff: 3327, Sum: 3410, Workers: 5
[438.083s][debug][gc,phases      ] GC(3011)       ResolvedMethodTable weak  Min:  0.0, Avg:  0.0, Max:  0.0, Diff:  0.0, Sum:  0.0, Workers: 5
[438.083s][debug][gc,phases      ] GC(3011)         Dead                      Min: 0, Avg:  0.0, Max: 0, Diff: 0, Sum: 0, Workers: 5
[438.083s][debug][gc,phases      ] GC(3011)         Total                     Min: 0, Avg: 114.8, Max: 192, Diff: 192, Sum: 574, Workers: 5
[438.083s][debug][gc,phases      ] GC(3011)     Merge Per-Thread State: 0.0ms
[438.083s][debug][gc,phases      ] GC(3011)       Copied Bytes              Min: 0, Avg: 60.0, Max: 144, Diff: 144, Sum: 480, Workers: 8
[438.083s][debug][gc,phases      ] GC(3011)       LAB Waste                 Min: 0, Avg:  0.0, Max: 0, Diff: 0, Sum: 0, Workers: 8
[438.083s][debug][gc,phases      ] GC(3011)       LAB Undo Waste            Min: 0, Avg:  0.0, Max: 0, Diff: 0, Sum: 0, Workers: 8
[438.083s][debug][gc,phases      ] GC(3011)     Code Roots Purge: 0.0ms
[438.083s][debug][gc,phases      ] GC(3011)     Redirty Cards: 0.0ms
[438.083s][debug][gc,phases      ] GC(3011)     DerivedPointerTable Update: 0.0ms
[438.083s][debug][gc,phases      ] GC(3011)     Free Collection Set: 0.1ms
[438.083s][debug][gc,phases      ] GC(3011)     Rebuild Free List: 0.0ms
[438.083s][debug][gc,phases      ] GC(3011)     Humongous Reclaim: 0.0ms
[438.083s][debug][gc,phases      ] GC(3011)     Start New Collection Set: 0.0ms
[438.083s][debug][gc,phases      ] GC(3011)     Resize TLABs: 0.0ms
[438.083s][debug][gc,phases      ] GC(3011)     Expand Heap After Collection: 0.0ms
[438.083s][info ][gc,phases      ] GC(3011)   Other: 0.3ms
[438.083s][info ][gc,heap        ] GC(3011) Eden regions: 180->0(180)
[438.083s][info ][gc,heap        ] GC(3011) Survivor regions: 1->1(23)
[438.083s][info ][gc,heap        ] GC(3011) Old regions: 7->7
[438.083s][info ][gc,heap        ] GC(3011) Archive regions: 2->2
[438.083s][info ][gc,heap        ] GC(3011) Humongous regions: 0->0
[438.083s][info ][gc,metaspace   ] GC(3011) Metaspace: 9905K(10624K)->9905K(10624K) NonClass: 8758K(9216K)->8758K(9216K) Class: 1146K(1408K)->1146K(1408K)
[438.083s][debug][gc,heap        ] GC(3011) Heap after GC invocations=3012 (full 1): garbage-first heap   total 309248K, used 4067K [0x0000000700000000, 0x0000000800000000)
[438.083s][debug][gc,heap        ] GC(3011)   region size 1024K, 1 young (1024K), 1 survivors (1024K)
[438.083s][debug][gc,heap        ] GC(3011)  Metaspace       used 9905K, capacity 10179K, committed 10624K, reserved 1058816K
[438.083s][debug][gc,heap        ] GC(3011)   class space    used 1146K, capacity 1267K, committed 1408K, reserved 1048576K
[438.083s][info ][gc             ] GC(3011) Pause Young (Normal) (G1 Evacuation Pause) 183M->3M(302M) 1.826ms
[438.083s][info ][gc,cpu         ] GC(3011) User=0.00s Sys=0.00s Real=0.01s
[438.083s][info ][safepoint      ] Safepoint "G1CollectForAllocation", Time since last: 148243886 ns, Reaching safepoint: 128016 ns, At safepoint: 2018037 ns, Total: 2146053 ns
[438.232s][debug][gc,heap        ] GC(3012) Heap before GC invocations=3012 (full 1): garbage-first heap   total 309248K, used 188387K [0x0000000700000000, 0x0000000800000000)
[438.232s][debug][gc,heap        ] GC(3012)   region size 1024K, 181 young (185344K), 1 survivors (1024K)
[438.232s][debug][gc,heap        ] GC(3012)  Metaspace       used 9905K, capacity 10179K, committed 10624K, reserved 1058816K
[438.232s][debug][gc,heap        ] GC(3012)   class space    used 1146K, capacity 1267K, committed 1408K, reserved 1048576K
[438.233s][info ][gc,start       ] GC(3012) Pause Young (Normal) (G1 Evacuation Pause)
[438.233s][info ][gc,task        ] GC(3012) Using 8 workers of 8 for evacuation
[438.233s][debug][gc,tlab        ] GC(3012) TLAB totals: thrds: 8  refills: 722 max: 95 slow allocs: 0 max 0 waste:  1.0% gc: 1518904B max: 385776B slow: 416784B max: 55192B fast: 0B max: 0B
[438.233s][debug][gc,age         ] GC(3012) Desired survivor size 12058624 bytes, new threshold 15 (max threshold 15)
[438.233s][debug][gc,alloc,region] GC(3012) Mutator Allocation stats, regions: 180, wasted size: 0B ( 0.0%)
[438.233s][debug][gc,ergo        ] GC(3012) Running G1 Merge Heap Roots using 8 workers for 181 regions
[438.233s][debug][gc,remset      ] GC(3012) Visited cards 256 Total dirty 2048 (12.50%) Total old 759808 (0.03%)
[438.233s][debug][gc,ergo        ] GC(3012) Running G1 Clear Card Table Task using 1 workers for 1 units of work for 182 regions.
[438.233s][debug][gc,ref         ] GC(3012) Skipped phase1 of Reference Processing due to unavailable references
[438.233s][debug][gc,ref         ] GC(3012) Skipped phase2 of Reference Processing due to unavailable references
[438.233s][debug][gc,ref         ] GC(3012) Skipped phase3 of Reference Processing due to unavailable references
[438.233s][debug][gc,ref         ] GC(3012) Skipped phase4 of Reference Processing due to unavailable references
[438.233s][debug][gc,ergo        ] GC(3012) Running G1 Free Collection Set using 8 workers for collection set length 181 (302)
[438.233s][debug][gc,ergo        ] GC(3012) Running G1 Rebuild Free List Task using 8 workers for rebuilding free list of 0 (4096) regions
[438.233s][trace][gc,age         ] GC(3012) Age table with threshold 15 (max threshold 15)
[438.233s][trace][gc,age         ] GC(3012) - age   1:        648 bytes,        648 total
[438.233s][debug][gc,plab        ] GC(3012) Young PLAB allocation: allocated: 10320B, wasted: 0B, unused: 9672B, used: 648B, undo waste: 0B, 
[438.233s][debug][gc,plab        ] GC(3012) Young other allocation: region end waste: 0B, regions filled: 1, direct allocated: 0B, failure used: 0B, failure wasted: 0B
[438.233s][debug][gc,plab        ] GC(3012) Young sizing: calculated: 128B, actual: 2064B
[438.233s][debug][gc,plab        ] GC(3012) Old PLAB allocation: allocated: 0B, wasted: 0B, unused: 0B, used: 0B, undo waste: 0B, 
[438.233s][debug][gc,plab        ] GC(3012) Old other allocation: region end waste: 0B, regions filled: 1, direct allocated: 0B, failure used: 0B, failure wasted: 0B
[438.233s][debug][gc,plab        ] GC(3012) Old sizing: calculated: 0B, actual: 2064B
[438.233s][debug][gc,ihop        ] GC(3012) Basic information (value update), threshold: 142501478B (45.00), target occupancy: 316669952B, current occupancy: 4165064B, recent allocation size: 0B, recent allocation duration: 150.19ms, recent old gen allocation rate: 0.00B/s, recent marking phase length: 0.00ms
[438.233s][debug][gc,ihop        ] GC(3012) Adaptive IHOP information (value update), threshold: 142501478B (47.37), internal target occupancy: 300836454B, occupancy: 4165064B, additional buffer size: 189792256B, predicted old gen allocation rate: 0.00B/s, predicted marking phase length: 0.00ms, prediction active: false
[438.233s][debug][gc,ergo,refine ] GC(3012) Concurrent refinement times: Logged Cards Scan time goal: 20.00ms Logged Cards Scan time: 0.00ms HCC time: 0.00ms
[438.233s][debug][gc,ergo,refine ] GC(3012) Updated Refinement Zones: green: 2048, yellow: 6144, red: 10240
[438.233s][info ][gc,phases      ] GC(3012)   Pre Evacuate Collection Set: 0.1ms
[438.233s][debug][gc,phases      ] GC(3012)     Prepare TLABs: 0.0ms
[438.233s][debug][gc,phases      ] GC(3012)     Choose Collection Set: 0.0ms
[438.233s][debug][gc,phases      ] GC(3012)     Region Register: 0.1ms
[438.233s][debug][gc,phases      ] GC(3012)     Prepare Heap Roots: 0.0ms
[438.234s][info ][gc,phases      ] GC(3012)   Merge Heap Roots: 0.1ms
[438.234s][debug][gc,phases      ] GC(3012)     Prepare Merge Heap Roots: 0.0ms
[438.234s][debug][gc,phases      ] GC(3012)     Eager Reclaim (ms):       skipped
[438.234s][debug][gc,phases      ] GC(3012)     Remembered Sets (ms):     Min:  0.0, Avg:  0.0, Max:  0.0, Diff:  0.0, Sum:  0.0, Workers: 8
[438.234s][debug][gc,phases      ] GC(3012)       Merged Sparse:            Min: 0, Avg:  0.0, Max: 0, Diff: 0, Sum: 0, Workers: 8
[438.234s][debug][gc,phases      ] GC(3012)       Merged Fine:              Min: 0, Avg:  0.0, Max: 0, Diff: 0, Sum: 0, Workers: 8
[438.234s][debug][gc,phases      ] GC(3012)       Merged Coarse:            Min: 0, Avg:  0.0, Max: 0, Diff: 0, Sum: 0, Workers: 8
[438.234s][debug][gc,phases      ] GC(3012)       Dirty Cards:              Min: 0, Avg:  0.0, Max: 0, Diff: 0, Sum: 0, Workers: 8
[438.234s][debug][gc,phases      ] GC(3012)     Hot Card Cache (ms):      Min:  0.0, Avg:  0.0, Max:  0.0, Diff:  0.0, Sum:  0.0, Workers: 8
[438.234s][debug][gc,phases      ] GC(3012)       Dirty Cards:              Min: 0, Avg:  0.0, Max: 0, Diff: 0, Sum: 0, Workers: 8
[438.234s][debug][gc,phases      ] GC(3012)       Skipped Cards:            Min: 0, Avg:  0.0, Max: 0, Diff: 0, Sum: 0, Workers: 8
[438.234s][debug][gc,phases      ] GC(3012)     Log Buffers (ms):         Min:  0.0, Avg:  0.0, Max:  0.0, Diff:  0.0, Sum:  0.0, Workers: 8
[438.234s][debug][gc,phases      ] GC(3012)       Dirty Cards:              Min: 0, Avg:  0.1, Max: 1, Diff: 1, Sum: 1, Workers: 8
[438.234s][debug][gc,phases      ] GC(3012)       Skipped Cards:            Min: 0, Avg:  0.0, Max: 0, Diff: 0, Sum: 0, Workers: 8
[438.234s][info ][gc,phases      ] GC(3012)   Evacuate Collection Set: 0.2ms
[438.234s][debug][gc,phases      ] GC(3012)     Ext Root Scanning (ms):   Min:  0.0, Avg:  0.0, Max:  0.1, Diff:  0.1, Sum:  0.2, Workers: 8
[438.234s][debug][gc,phases      ] GC(3012)     Scan Heap Roots (ms):     Min:  0.0, Avg:  0.0, Max:  0.0, Diff:  0.0, Sum:  0.0, Workers: 8
[438.234s][debug][gc,phases      ] GC(3012)       Scanned Cards:            Min: 0, Avg:  0.1, Max: 1, Diff: 1, Sum: 1, Workers: 8
[438.234s][debug][gc,phases      ] GC(3012)       Scanned Blocks:           Min: 0, Avg:  0.1, Max: 1, Diff: 1, Sum: 1, Workers: 8
[438.234s][debug][gc,phases      ] GC(3012)       Claimed Chunks:           Min: 0, Avg:  0.1, Max: 1, Diff: 1, Sum: 1, Workers: 8
[438.234s][debug][gc,phases      ] GC(3012)     Code Root Scan (ms):      Min:  0.0, Avg:  0.0, Max:  0.0, Diff:  0.0, Sum:  0.0, Workers: 8
[438.234s][debug][gc,phases      ] GC(3012)     Object Copy (ms):         Min:  0.0, Avg:  0.0, Max:  0.0, Diff:  0.0, Sum:  0.0, Workers: 8
[438.234s][debug][gc,phases      ] GC(3012)     Termination (ms):         Min:  0.1, Avg:  0.1, Max:  0.1, Diff:  0.0, Sum:  0.5, Workers: 8
[438.234s][debug][gc,phases      ] GC(3012)       Termination Attempts:     Min: 1, Avg:  1.0, Max: 1, Diff: 0, Sum: 8, Workers: 8
[438.234s][debug][gc,phases      ] GC(3012)     GC Worker Other (ms):     Min:  0.0, Avg:  0.0, Max:  0.0, Diff:  0.0, Sum:  0.1, Workers: 8
[438.234s][debug][gc,phases      ] GC(3012)     GC Worker Total (ms):     Min:  0.1, Avg:  0.1, Max:  0.1, Diff:  0.1, Sum:  0.9, Workers: 8
[438.234s][info ][gc,phases      ] GC(3012)   Post Evacuate Collection Set: 0.4ms
[438.234s][debug][gc,phases      ] GC(3012)     Code Roots Fixup: 0.0ms
[438.234s][debug][gc,phases      ] GC(3012)     Clear Card Table: 0.1ms
[438.234s][debug][gc,phases      ] GC(3012)     Reference Processing: 0.0ms
[438.234s][debug][gc,phases,ref  ] GC(3012)       Reconsider SoftReferences: 0.0ms
[438.234s][debug][gc,phases,ref  ] GC(3012)         SoftRef (ms):             skipped
[438.234s][debug][gc,phases,ref  ] GC(3012)       Notify Soft/WeakReferences: 0.0ms
[438.234s][debug][gc,phases,ref  ] GC(3012)         SoftRef (ms):             skipped
[438.234s][debug][gc,phases,ref  ] GC(3012)         WeakRef (ms):             skipped
[438.234s][debug][gc,phases,ref  ] GC(3012)         FinalRef (ms):            skipped
[438.234s][debug][gc,phases,ref  ] GC(3012)         Total (ms):               skipped
[438.234s][debug][gc,phases,ref  ] GC(3012)       Notify and keep alive finalizable: 0.0ms
[438.234s][debug][gc,phases,ref  ] GC(3012)         FinalRef (ms):            skipped
[438.234s][debug][gc,phases,ref  ] GC(3012)       Notify PhantomReferences: 0.0ms
[438.234s][debug][gc,phases,ref  ] GC(3012)         PhantomRef (ms):          skipped
[438.234s][debug][gc,phases,ref  ] GC(3012)       SoftReference:
[438.234s][debug][gc,phases,ref  ] GC(3012)         Discovered: 0
[438.234s][debug][gc,phases,ref  ] GC(3012)         Cleared: 0
[438.234s][debug][gc,phases,ref  ] GC(3012)       WeakReference:
[438.234s][debug][gc,phases,ref  ] GC(3012)         Discovered: 0
[438.234s][debug][gc,phases,ref  ] GC(3012)         Cleared: 0
[438.234s][debug][gc,phases,ref  ] GC(3012)       FinalReference:
[438.234s][debug][gc,phases,ref  ] GC(3012)         Discovered: 0
[438.234s][debug][gc,phases,ref  ] GC(3012)         Cleared: 0
[438.234s][debug][gc,phases,ref  ] GC(3012)       PhantomReference:
[438.234s][debug][gc,phases,ref  ] GC(3012)         Discovered: 0
[438.234s][debug][gc,phases,ref  ] GC(3012)         Cleared: 0
[438.234s][debug][gc,phases      ] GC(3012)     Weak Processing: 0.1ms
[438.234s][debug][gc,phases      ] GC(3012)       JVMTI weak processing: 0.0ms
[438.234s][debug][gc,phases      ] GC(3012)         Dead: 0
[438.234s][debug][gc,phases      ] GC(3012)         Total: 0
[438.234s][debug][gc,phases      ] GC(3012)       JFR weak processing: 0.0ms
[438.234s][debug][gc,phases      ] GC(3012)         Dead: 0
[438.234s][debug][gc,phases      ] GC(3012)         Total: 0
[438.234s][debug][gc,phases      ] GC(3012)       JNI weak                  Min:  0.0, Avg:  0.0, Max:  0.0, Diff:  0.0, Sum:  0.0, Workers: 5
[438.234s][debug][gc,phases      ] GC(3012)         Dead                      Min: 0, Avg:  0.0, Max: 0, Diff: 0, Sum: 0, Workers: 5
[438.234s][debug][gc,phases      ] GC(3012)         Total                     Min: 0, Avg: 13.6, Max: 68, Diff: 68, Sum: 68, Workers: 5
[438.234s][debug][gc,phases      ] GC(3012)       VM weak                   Min:  0.0, Avg:  0.0, Max:  0.0, Diff:  0.0, Sum:  0.0, Workers: 5
[438.234s][debug][gc,phases      ] GC(3012)         Dead                      Min: 0, Avg:  0.0, Max: 0, Diff: 0, Sum: 0, Workers: 5
[438.234s][debug][gc,phases      ] GC(3012)         Total                     Min: 0, Avg: 42.6, Max: 213, Diff: 213, Sum: 213, Workers: 5
[438.234s][debug][gc,phases      ] GC(3012)       StringTable weak          Min:  0.0, Avg:  0.0, Max:  0.0, Diff:  0.0, Sum:  0.0, Workers: 5
[438.234s][debug][gc,phases      ] GC(3012)         Dead                      Min: 0, Avg:  0.0, Max: 0, Diff: 0, Sum: 0, Workers: 5
[438.234s][debug][gc,phases      ] GC(3012)         Total                     Min: 0, Avg: 682.0, Max: 3071, Diff: 3071, Sum: 3410, Workers: 5
[438.234s][debug][gc,phases      ] GC(3012)       ResolvedMethodTable weak  Min:  0.0, Avg:  0.0, Max:  0.0, Diff:  0.0, Sum:  0.0, Workers: 5
[438.234s][debug][gc,phases      ] GC(3012)         Dead                      Min: 0, Avg:  0.0, Max: 0, Diff: 0, Sum: 0, Workers: 5
[438.234s][debug][gc,phases      ] GC(3012)         Total                     Min: 0, Avg: 114.8, Max: 318, Diff: 318, Sum: 574, Workers: 5
[438.234s][debug][gc,phases      ] GC(3012)     Merge Per-Thread State: 0.0ms
[438.234s][debug][gc,phases      ] GC(3012)       Copied Bytes              Min: 0, Avg: 81.0, Max: 232, Diff: 232, Sum: 648, Workers: 8
[438.234s][debug][gc,phases      ] GC(3012)       LAB Waste                 Min: 0, Avg:  0.0, Max: 0, Diff: 0, Sum: 0, Workers: 8
[438.234s][debug][gc,phases      ] GC(3012)       LAB Undo Waste            Min: 0, Avg:  0.0, Max: 0, Diff: 0, Sum: 0, Workers: 8
[438.234s][debug][gc,phases      ] GC(3012)     Code Roots Purge: 0.0ms
[438.234s][debug][gc,phases      ] GC(3012)     Redirty Cards: 0.0ms
[438.234s][debug][gc,phases      ] GC(3012)     DerivedPointerTable Update: 0.0ms
[438.234s][debug][gc,phases      ] GC(3012)     Free Collection Set: 0.1ms
[438.234s][debug][gc,phases      ] GC(3012)     Rebuild Free List: 0.1ms
[438.234s][debug][gc,phases      ] GC(3012)     Humongous Reclaim: 0.0ms
[438.234s][debug][gc,phases      ] GC(3012)     Start New Collection Set: 0.0ms
[438.234s][debug][gc,phases      ] GC(3012)     Resize TLABs: 0.0ms
[438.234s][debug][gc,phases      ] GC(3012)     Expand Heap After Collection: 0.0ms
[438.234s][info ][gc,phases      ] GC(3012)   Other: 0.3ms
[438.234s][info ][gc,heap        ] GC(3012) Eden regions: 180->0(180)
[438.234s][info ][gc,heap        ] GC(3012) Survivor regions: 1->1(23)
[438.234s][info ][gc,heap        ] GC(3012) Old regions: 7->7
[438.234s][info ][gc,heap        ] GC(3012) Archive regions: 2->2
[438.234s][info ][gc,heap        ] GC(3012) Humongous regions: 0->0
[438.234s][info ][gc,metaspace   ] GC(3012) Metaspace: 9905K(10624K)->9905K(10624K) NonClass: 8758K(9216K)->8758K(9216K) Class: 1146K(1408K)->1146K(1408K)
[438.234s][debug][gc,heap        ] GC(3012) Heap after GC invocations=3013 (full 1): garbage-first heap   total 309248K, used 4067K [0x0000000700000000, 0x0000000800000000)
[438.234s][debug][gc,heap        ] GC(3012)   region size 1024K, 1 young (1024K), 1 survivors (1024K)
[438.234s][debug][gc,heap        ] GC(3012)  Metaspace       used 9905K, capacity 10179K, committed 10624K, reserved 1058816K
[438.234s][debug][gc,heap        ] GC(3012)   class space    used 1146K, capacity 1267K, committed 1408K, reserved 1048576K
[438.234s][info ][gc             ] GC(3012) Pause Young (Normal) (G1 Evacuation Pause) 183M->3M(302M) 1.909ms
[438.234s][info ][gc,cpu         ] GC(3012) User=0.00s Sys=0.00s Real=0.01s
[438.234s][info ][safepoint      ] Safepoint "G1CollectForAllocation", Time since last: 148864586 ns, Reaching safepoint: 104731 ns, At safepoint: 2107905 ns, Total: 2212636 ns
[438.383s][debug][gc,heap        ] GC(3013) Heap before GC invocations=3013 (full 1): garbage-first heap   total 309248K, used 188387K [0x0000000700000000, 0x0000000800000000)
[438.383s][debug][gc,heap        ] GC(3013)   region size 1024K, 181 young (185344K), 1 survivors (1024K)
[438.383s][debug][gc,heap        ] GC(3013)  Metaspace       used 9905K, capacity 10179K, committed 10624K, reserved 1058816K
[438.383s][debug][gc,heap        ] GC(3013)   class space    used 1146K, capacity 1267K, committed 1408K, reserved 1048576K
[438.383s][info ][gc,start       ] GC(3013) Pause Young (Normal) (G1 Evacuation Pause)
[438.383s][info ][gc,task        ] GC(3013) Using 8 workers of 8 for evacuation
[438.383s][debug][gc,tlab        ] GC(3013) TLAB totals: thrds: 8  refills: 723 max: 97 slow allocs: 0 max 0 waste:  0.8% gc: 1166704B max: 288136B slow: 418352B max: 55800B fast: 0B max: 0B
[438.383s][debug][gc,age         ] GC(3013) Desired survivor size 12058624 bytes, new threshold 15 (max threshold 15)
[438.383s][debug][gc,alloc,region] GC(3013) Mutator Allocation stats, regions: 180, wasted size: 0B ( 0.0%)
[438.384s][debug][gc,ergo        ] GC(3013) Running G1 Merge Heap Roots using 8 workers for 181 regions
[438.384s][debug][gc,remset      ] GC(3013) Visited cards 256 Total dirty 2048 (12.50%) Total old 759808 (0.03%)
[438.384s][debug][gc,ergo        ] GC(3013) Running G1 Clear Card Table Task using 1 workers for 1 units of work for 182 regions.
[438.384s][debug][gc,ref         ] GC(3013) Skipped phase1 of Reference Processing due to unavailable references
[438.384s][debug][gc,ref         ] GC(3013) Skipped phase2 of Reference Processing due to unavailable references
[438.384s][debug][gc,ref         ] GC(3013) Skipped phase3 of Reference Processing due to unavailable references
[438.384s][debug][gc,ref         ] GC(3013) Skipped phase4 of Reference Processing due to unavailable references
[438.384s][debug][gc,ergo        ] GC(3013) Running G1 Free Collection Set using 8 workers for collection set length 181 (302)
[438.384s][debug][gc,ergo        ] GC(3013) Running G1 Rebuild Free List Task using 8 workers for rebuilding free list of 0 (4096) regions
[438.384s][trace][gc,age         ] GC(3013) Age table with threshold 15 (max threshold 15)
[438.384s][trace][gc,age         ] GC(3013) - age   1:        512 bytes,        512 total
[438.384s][debug][gc,plab        ] GC(3013) Young PLAB allocation: allocated: 12384B, wasted: 0B, unused: 11872B, used: 512B, undo waste: 0B, 
[438.384s][debug][gc,plab        ] GC(3013) Young other allocation: region end waste: 0B, regions filled: 1, direct allocated: 0B, failure used: 0B, failure wasted: 0B
[438.384s][debug][gc,plab        ] GC(3013) Young sizing: calculated: 96B, actual: 2064B
[438.384s][debug][gc,plab        ] GC(3013) Old PLAB allocation: allocated: 0B, wasted: 0B, unused: 0B, used: 0B, undo waste: 0B, 
[438.384s][debug][gc,plab        ] GC(3013) Old other allocation: region end waste: 0B, regions filled: 1, direct allocated: 0B, failure used: 0B, failure wasted: 0B
[438.384s][debug][gc,plab        ] GC(3013) Old sizing: calculated: 0B, actual: 2064B
[438.384s][debug][gc,ihop        ] GC(3013) Basic information (value update), threshold: 142501478B (45.00), target occupancy: 316669952B, current occupancy: 4167128B, recent allocation size: 0B, recent allocation duration: 149.95ms, recent old gen allocation rate: 0.00B/s, recent marking phase length: 0.00ms
[438.384s][debug][gc,ihop        ] GC(3013) Adaptive IHOP information (value update), threshold: 142501478B (47.37), internal target occupancy: 300836454B, occupancy: 4167128B, additional buffer size: 189792256B, predicted old gen allocation rate: 0.00B/s, predicted marking phase length: 0.00ms, prediction active: false
[438.384s][debug][gc,ergo,refine ] GC(3013) Concurrent refinement times: Logged Cards Scan time goal: 20.00ms Logged Cards Scan time: 0.00ms HCC time: 0.00ms
[438.384s][debug][gc,ergo,refine ] GC(3013) Updated Refinement Zones: green: 2048, yellow: 6144, red: 10240
[438.384s][info ][gc,phases      ] GC(3013)   Pre Evacuate Collection Set: 0.1ms
[438.384s][debug][gc,phases      ] GC(3013)     Prepare TLABs: 0.0ms
[438.384s][debug][gc,phases      ] GC(3013)     Choose Collection Set: 0.0ms
[438.385s][debug][gc,phases      ] GC(3013)     Region Register: 0.1ms
[438.385s][debug][gc,phases      ] GC(3013)     Prepare Heap Roots: 0.0ms
[438.385s][info ][gc,phases      ] GC(3013)   Merge Heap Roots: 0.2ms
[438.385s][debug][gc,phases      ] GC(3013)     Prepare Merge Heap Roots: 0.0ms
[438.385s][debug][gc,phases      ] GC(3013)     Eager Reclaim (ms):       skipped
[438.385s][debug][gc,phases      ] GC(3013)     Remembered Sets (ms):     Min:  0.0, Avg:  0.0, Max:  0.0, Diff:  0.0, Sum:  0.1, Workers: 8
[438.385s][debug][gc,phases      ] GC(3013)       Merged Sparse:            Min: 0, Avg:  0.0, Max: 0, Diff: 0, Sum: 0, Workers: 8
[438.385s][debug][gc,phases      ] GC(3013)       Merged Fine:              Min: 0, Avg:  0.0, Max: 0, Diff: 0, Sum: 0, Workers: 8
[438.385s][debug][gc,phases      ] GC(3013)       Merged Coarse:            Min: 0, Avg:  0.0, Max: 0, Diff: 0, Sum: 0, Workers: 8
[438.385s][debug][gc,phases      ] GC(3013)       Dirty Cards:              Min: 0, Avg:  0.0, Max: 0, Diff: 0, Sum: 0, Workers: 8
[438.385s][debug][gc,phases      ] GC(3013)     Hot Card Cache (ms):      Min:  0.0, Avg:  0.0, Max:  0.0, Diff:  0.0, Sum:  0.0, Workers: 8
[438.385s][debug][gc,phases      ] GC(3013)       Dirty Cards:              Min: 0, Avg:  0.0, Max: 0, Diff: 0, Sum: 0, Workers: 8
[438.385s][debug][gc,phases      ] GC(3013)       Skipped Cards:            Min: 0, Avg:  0.0, Max: 0, Diff: 0, Sum: 0, Workers: 8
[438.385s][debug][gc,phases      ] GC(3013)     Log Buffers (ms):         Min:  0.0, Avg:  0.0, Max:  0.0, Diff:  0.0, Sum:  0.0, Workers: 8
[438.385s][debug][gc,phases      ] GC(3013)       Dirty Cards:              Min: 0, Avg:  0.1, Max: 1, Diff: 1, Sum: 1, Workers: 8
[438.385s][debug][gc,phases      ] GC(3013)       Skipped Cards:            Min: 0, Avg:  0.0, Max: 0, Diff: 0, Sum: 0, Workers: 8
[438.385s][info ][gc,phases      ] GC(3013)   Evacuate Collection Set: 0.2ms
[438.385s][debug][gc,phases      ] GC(3013)     Ext Root Scanning (ms):   Min:  0.0, Avg:  0.0, Max:  0.0, Diff:  0.0, Sum:  0.2, Workers: 8
[438.385s][debug][gc,phases      ] GC(3013)     Scan Heap Roots (ms):     Min:  0.0, Avg:  0.0, Max:  0.0, Diff:  0.0, Sum:  0.0, Workers: 8
[438.385s][debug][gc,phases      ] GC(3013)       Scanned Cards:            Min: 0, Avg:  0.1, Max: 1, Diff: 1, Sum: 1, Workers: 8
[438.385s][debug][gc,phases      ] GC(3013)       Scanned Blocks:           Min: 0, Avg:  0.1, Max: 1, Diff: 1, Sum: 1, Workers: 8
[438.385s][debug][gc,phases      ] GC(3013)       Claimed Chunks:           Min: 0, Avg:  0.1, Max: 1, Diff: 1, Sum: 1, Workers: 8
[438.385s][debug][gc,phases      ] GC(3013)     Code Root Scan (ms):      Min:  0.0, Avg:  0.0, Max:  0.0, Diff:  0.0, Sum:  0.0, Workers: 8
[438.385s][debug][gc,phases      ] GC(3013)     Object Copy (ms):         Min:  0.0, Avg:  0.0, Max:  0.0, Diff:  0.0, Sum:  0.0, Workers: 8
[438.385s][debug][gc,phases      ] GC(3013)     Termination (ms):         Min:  0.1, Avg:  0.1, Max:  0.1, Diff:  0.0, Sum:  0.6, Workers: 8
[438.385s][debug][gc,phases      ] GC(3013)       Termination Attempts:     Min: 1, Avg:  1.0, Max: 1, Diff: 0, Sum: 8, Workers: 8
[438.385s][debug][gc,phases      ] GC(3013)     GC Worker Other (ms):     Min:  0.0, Avg:  0.0, Max:  0.0, Diff:  0.0, Sum:  0.2, Workers: 8
[438.385s][debug][gc,phases      ] GC(3013)     GC Worker Total (ms):     Min:  0.1, Avg:  0.1, Max:  0.2, Diff:  0.0, Sum:  1.1, Workers: 8
[438.385s][info ][gc,phases      ] GC(3013)   Post Evacuate Collection Set: 0.4ms
[438.385s][debug][gc,phases      ] GC(3013)     Code Roots Fixup: 0.0ms
[438.385s][debug][gc,phases      ] GC(3013)     Clear Card Table: 0.1ms
[438.385s][debug][gc,phases      ] GC(3013)     Reference Processing: 0.1ms
[438.385s][debug][gc,phases,ref  ] GC(3013)       Reconsider SoftReferences: 0.0ms
[438.385s][debug][gc,phases,ref  ] GC(3013)         SoftRef (ms):             skipped
[438.385s][debug][gc,phases,ref  ] GC(3013)       Notify Soft/WeakReferences: 0.0ms
[438.385s][debug][gc,phases,ref  ] GC(3013)         SoftRef (ms):             skipped
[438.385s][debug][gc,phases,ref  ] GC(3013)         WeakRef (ms):             skipped
[438.385s][debug][gc,phases,ref  ] GC(3013)         FinalRef (ms):            skipped
[438.385s][debug][gc,phases,ref  ] GC(3013)         Total (ms):               skipped
[438.385s][debug][gc,phases,ref  ] GC(3013)       Notify and keep alive finalizable: 0.0ms
[438.385s][debug][gc,phases,ref  ] GC(3013)         FinalRef (ms):            skipped
[438.385s][debug][gc,phases,ref  ] GC(3013)       Notify PhantomReferences: 0.0ms
[438.385s][debug][gc,phases,ref  ] GC(3013)         PhantomRef (ms):          skipped
[438.385s][debug][gc,phases,ref  ] GC(3013)       SoftReference:
[438.385s][debug][gc,phases,ref  ] GC(3013)         Discovered: 0
[438.385s][debug][gc,phases,ref  ] GC(3013)         Cleared: 0
[438.385s][debug][gc,phases,ref  ] GC(3013)       WeakReference:
[438.385s][debug][gc,phases,ref  ] GC(3013)         Discovered: 0
[438.385s][debug][gc,phases,ref  ] GC(3013)         Cleared: 0
[438.385s][debug][gc,phases,ref  ] GC(3013)       FinalReference:
[438.385s][debug][gc,phases,ref  ] GC(3013)         Discovered: 0
[438.385s][debug][gc,phases,ref  ] GC(3013)         Cleared: 0
[438.385s][debug][gc,phases,ref  ] GC(3013)       PhantomReference:
[438.385s][debug][gc,phases,ref  ] GC(3013)         Discovered: 0
[438.385s][debug][gc,phases,ref  ] GC(3013)         Cleared: 0
[438.385s][debug][gc,phases      ] GC(3013)     Weak Processing: 0.1ms
[438.385s][debug][gc,phases      ] GC(3013)       JVMTI weak processing: 0.0ms
[438.385s][debug][gc,phases      ] GC(3013)         Dead: 0
[438.385s][debug][gc,phases      ] GC(3013)         Total: 0
[438.385s][debug][gc,phases      ] GC(3013)       JFR weak processing: 0.0ms
[438.385s][debug][gc,phases      ] GC(3013)         Dead: 0
[438.385s][debug][gc,phases      ] GC(3013)         Total: 0
[438.385s][debug][gc,phases      ] GC(3013)       JNI weak                  Min:  0.0, Avg:  0.0, Max:  0.0, Diff:  0.0, Sum:  0.0, Workers: 5
[438.385s][debug][gc,phases      ] GC(3013)         Dead                      Min: 0, Avg:  0.0, Max: 0, Diff: 0, Sum: 0, Workers: 5
[438.385s][debug][gc,phases      ] GC(3013)         Total                     Min: 0, Avg: 13.6, Max: 52, Diff: 52, Sum: 68, Workers: 5
[438.385s][debug][gc,phases      ] GC(3013)       VM weak                   Min:  0.0, Avg:  0.0, Max:  0.0, Diff:  0.0, Sum:  0.0, Workers: 5
[438.385s][debug][gc,phases      ] GC(3013)         Dead                      Min: 0, Avg:  0.0, Max: 0, Diff: 0, Sum: 0, Workers: 5
[438.385s][debug][gc,phases      ] GC(3013)         Total                     Min: 0, Avg: 42.6, Max: 85, Diff: 85, Sum: 213, Workers: 5
[438.385s][debug][gc,phases      ] GC(3013)       StringTable weak          Min:  0.0, Avg:  0.0, Max:  0.0, Diff:  0.0, Sum:  0.1, Workers: 5
[438.385s][debug][gc,phases      ] GC(3013)         Dead                      Min: 0, Avg:  0.0, Max: 0, Diff: 0, Sum: 0, Workers: 5
[438.385s][debug][gc,phases      ] GC(3013)         Total                     Min: 0, Avg: 682.0, Max: 1171, Diff: 1171, Sum: 3410, Workers: 5
[438.385s][debug][gc,phases      ] GC(3013)       ResolvedMethodTable weak  Min:  0.0, Avg:  0.0, Max:  0.0, Diff:  0.0, Sum:  0.0, Workers: 5
[438.385s][debug][gc,phases      ] GC(3013)         Dead                      Min: 0, Avg:  0.0, Max: 0, Diff: 0, Sum: 0, Workers: 5
[438.385s][debug][gc,phases      ] GC(3013)         Total                     Min: 64, Avg: 114.8, Max: 190, Diff: 126, Sum: 574, Workers: 5
[438.386s][debug][gc,phases      ] GC(3013)     Merge Per-Thread State: 0.0ms
[438.386s][debug][gc,phases      ] GC(3013)       Copied Bytes              Min: 0, Avg: 64.0, Max: 200, Diff: 200, Sum: 512, Workers: 8
[438.386s][debug][gc,phases      ] GC(3013)       LAB Waste                 Min: 0, Avg:  0.0, Max: 0, Diff: 0, Sum: 0, Workers: 8
[438.386s][debug][gc,phases      ] GC(3013)       LAB Undo Waste            Min: 0, Avg:  0.0, Max: 0, Diff: 0, Sum: 0, Workers: 8
[438.386s][debug][gc,phases      ] GC(3013)     Code Roots Purge: 0.0ms
[438.386s][debug][gc,phases      ] GC(3013)     Redirty Cards: 0.0ms
[438.386s][debug][gc,phases      ] GC(3013)     DerivedPointerTable Update: 0.0ms
[438.386s][debug][gc,phases      ] GC(3013)     Free Collection Set: 0.1ms
[438.386s][debug][gc,phases      ] GC(3013)     Rebuild Free List: 0.1ms
[438.386s][debug][gc,phases      ] GC(3013)     Humongous Reclaim: 0.0ms
[438.386s][debug][gc,phases      ] GC(3013)     Start New Collection Set: 0.0ms
[438.386s][debug][gc,phases      ] GC(3013)     Resize TLABs: 0.0ms
[438.386s][debug][gc,phases      ] GC(3013)     Expand Heap After Collection: 0.0ms
[438.386s][info ][gc,phases      ] GC(3013)   Other: 0.4ms
[438.386s][info ][gc,heap        ] GC(3013) Eden regions: 180->0(180)
[438.386s][info ][gc,heap        ] GC(3013) Survivor regions: 1->1(23)
[438.386s][info ][gc,heap        ] GC(3013) Old regions: 7->7
[438.386s][info ][gc,heap        ] GC(3013) Archive regions: 2->2
[438.386s][info ][gc,heap        ] GC(3013) Humongous regions: 0->0
[438.386s][info ][gc,metaspace   ] GC(3013) Metaspace: 9905K(10624K)->9905K(10624K) NonClass: 8758K(9216K)->8758K(9216K) Class: 1146K(1408K)->1146K(1408K)
[438.386s][debug][gc,heap        ] GC(3013) Heap after GC invocations=3014 (full 1): garbage-first heap   total 309248K, used 4069K [0x0000000700000000, 0x0000000800000000)
[438.386s][debug][gc,heap        ] GC(3013)   region size 1024K, 1 young (1024K), 1 survivors (1024K)
[438.386s][debug][gc,heap        ] GC(3013)  Metaspace       used 9905K, capacity 10179K, committed 10624K, reserved 1058816K
[438.386s][debug][gc,heap        ] GC(3013)   class space    used 1146K, capacity 1267K, committed 1408K, reserved 1048576K
[438.386s][info ][gc             ] GC(3013) Pause Young (Normal) (G1 Evacuation Pause) 183M->3M(302M) 2.525ms
[438.386s][info ][gc,cpu         ] GC(3013) User=0.01s Sys=0.00s Real=0.00s
[438.386s][info ][safepoint      ] Safepoint "G1CollectForAllocation", Time since last: 148453378 ns, Reaching safepoint: 217808 ns, At safepoint: 2736874 ns, Total: 2954682 ns
[438.523s][debug][gc,heap        ] GC(3014) Heap before GC invocations=3014 (full 1): garbage-first heap   total 309248K, used 188389K [0x0000000700000000, 0x0000000800000000)
[438.523s][debug][gc,heap        ] GC(3014)   region size 1024K, 181 young (185344K), 1 survivors (1024K)
[438.524s][debug][gc,heap        ] GC(3014)  Metaspace       used 9905K, capacity 10179K, committed 10624K, reserved 1058816K
[438.524s][debug][gc,heap        ] GC(3014)   class space    used 1146K, capacity 1267K, committed 1408K, reserved 1048576K
[438.524s][info ][gc,start       ] GC(3014) Pause Young (Normal) (G1 Evacuation Pause)
[438.524s][info ][gc,task        ] GC(3014) Using 8 workers of 8 for evacuation
[438.524s][debug][gc,tlab        ] GC(3014) TLAB totals: thrds: 8  refills: 722 max: 97 slow allocs: 0 max 0 waste:  1.1% gc: 1627744B max: 397424B slow: 417240B max: 56480B fast: 0B max: 0B
[438.524s][debug][gc,age         ] GC(3014) Desired survivor size 12058624 bytes, new threshold 15 (max threshold 15)
[438.524s][debug][gc,alloc,region] GC(3014) Mutator Allocation stats, regions: 180, wasted size: 0B ( 0.0%)
[438.524s][debug][gc,ergo        ] GC(3014) Running G1 Merge Heap Roots using 8 workers for 181 regions
[438.524s][debug][gc,remset      ] GC(3014) Visited cards 256 Total dirty 2048 (12.50%) Total old 759808 (0.03%)
[438.524s][debug][gc,ergo        ] GC(3014) Running G1 Clear Card Table Task using 1 workers for 1 units of work for 182 regions.
[438.524s][debug][gc,ref         ] GC(3014) Skipped phase1 of Reference Processing due to unavailable references
[438.524s][debug][gc,ref         ] GC(3014) Skipped phase2 of Reference Processing due to unavailable references
[438.524s][debug][gc,ref         ] GC(3014) Skipped phase3 of Reference Processing due to unavailable references
[438.524s][debug][gc,ref         ] GC(3014) Skipped phase4 of Reference Processing due to unavailable references
[438.524s][debug][gc,ergo        ] GC(3014) Running G1 Free Collection Set using 8 workers for collection set length 181 (302)
[438.524s][debug][gc,ergo        ] GC(3014) Running G1 Rebuild Free List Task using 8 workers for rebuilding free list of 0 (4096) regions
[438.524s][trace][gc,age         ] GC(3014) Age table with threshold 15 (max threshold 15)
[438.524s][trace][gc,age         ] GC(3014) - age   1:        544 bytes,        544 total
[438.524s][debug][gc,plab        ] GC(3014) Young PLAB allocation: allocated: 10320B, wasted: 0B, unused: 9776B, used: 544B, undo waste: 0B, 
[438.524s][debug][gc,plab        ] GC(3014) Young other allocation: region end waste: 0B, regions filled: 1, direct allocated: 0B, failure used: 0B, failure wasted: 0B
[438.524s][debug][gc,plab        ] GC(3014) Young sizing: calculated: 104B, actual: 2064B
[438.524s][debug][gc,plab        ] GC(3014) Old PLAB allocation: allocated: 0B, wasted: 0B, unused: 0B, used: 0B, undo waste: 0B, 
[438.524s][debug][gc,plab        ] GC(3014) Old other allocation: region end waste: 0B, regions filled: 1, direct allocated: 0B, failure used: 0B, failure wasted: 0B
[438.524s][debug][gc,plab        ] GC(3014) Old sizing: calculated: 0B, actual: 2064B
[438.524s][debug][gc,ihop        ] GC(3014) Basic information (value update), threshold: 142501478B (45.00), target occupancy: 316669952B, current occupancy: 4165064B, recent allocation size: 0B, recent allocation duration: 139.18ms, recent old gen allocation rate: 0.00B/s, recent marking phase length: 0.00ms
[438.524s][debug][gc,ihop        ] GC(3014) Adaptive IHOP information (value update), threshold: 142501478B (47.37), internal target occupancy: 300836454B, occupancy: 4165064B, additional buffer size: 189792256B, predicted old gen allocation rate: 0.00B/s, predicted marking phase length: 0.00ms, prediction active: false
[438.525s][debug][gc,ergo,refine ] GC(3014) Concurrent refinement times: Logged Cards Scan time goal: 20.00ms Logged Cards Scan time: 0.00ms HCC time: 0.00ms
[438.525s][debug][gc,ergo,refine ] GC(3014) Updated Refinement Zones: green: 2048, yellow: 6144, red: 10240
[438.525s][info ][gc,phases      ] GC(3014)   Pre Evacuate Collection Set: 0.1ms
[438.525s][debug][gc,phases      ] GC(3014)     Prepare TLABs: 0.0ms
[438.525s][debug][gc,phases      ] GC(3014)     Choose Collection Set: 0.0ms
[438.525s][debug][gc,phases      ] GC(3014)     Region Register: 0.1ms
[438.525s][debug][gc,phases      ] GC(3014)     Prepare Heap Roots: 0.0ms
[438.525s][info ][gc,phases      ] GC(3014)   Merge Heap Roots: 0.1ms
[438.525s][debug][gc,phases      ] GC(3014)     Prepare Merge Heap Roots: 0.0ms
[438.525s][debug][gc,phases      ] GC(3014)     Eager Reclaim (ms):       skipped
[438.525s][debug][gc,phases      ] GC(3014)     Remembered Sets (ms):     Min:  0.0, Avg:  0.0, Max:  0.0, Diff:  0.0, Sum:  0.0, Workers: 8
[438.525s][debug][gc,phases      ] GC(3014)       Merged Sparse:            Min: 0, Avg:  0.0, Max: 0, Diff: 0, Sum: 0, Workers: 8
[438.525s][debug][gc,phases      ] GC(3014)       Merged Fine:              Min: 0, Avg:  0.0, Max: 0, Diff: 0, Sum: 0, Workers: 8
[438.525s][debug][gc,phases      ] GC(3014)       Merged Coarse:            Min: 0, Avg:  0.0, Max: 0, Diff: 0, Sum: 0, Workers: 8
[438.525s][debug][gc,phases      ] GC(3014)       Dirty Cards:              Min: 0, Avg:  0.0, Max: 0, Diff: 0, Sum: 0, Workers: 8
[438.525s][debug][gc,phases      ] GC(3014)     Hot Card Cache (ms):      Min:  0.0, Avg:  0.0, Max:  0.0, Diff:  0.0, Sum:  0.0, Workers: 8
[438.525s][debug][gc,phases      ] GC(3014)       Dirty Cards:              Min: 0, Avg:  0.0, Max: 0, Diff: 0, Sum: 0, Workers: 8
[438.525s][debug][gc,phases      ] GC(3014)       Skipped Cards:            Min: 0, Avg:  0.0, Max: 0, Diff: 0, Sum: 0, Workers: 8
[438.525s][debug][gc,phases      ] GC(3014)     Log Buffers (ms):         Min:  0.0, Avg:  0.0, Max:  0.0, Diff:  0.0, Sum:  0.0, Workers: 8
[438.525s][debug][gc,phases      ] GC(3014)       Dirty Cards:              Min: 0, Avg:  0.1, Max: 1, Diff: 1, Sum: 1, Workers: 8
[438.525s][debug][gc,phases      ] GC(3014)       Skipped Cards:            Min: 0, Avg:  0.0, Max: 0, Diff: 0, Sum: 0, Workers: 8
[438.525s][info ][gc,phases      ] GC(3014)   Evacuate Collection Set: 0.2ms
[438.525s][debug][gc,phases      ] GC(3014)     Ext Root Scanning (ms):   Min:  0.0, Avg:  0.0, Max:  0.1, Diff:  0.0, Sum:  0.2, Workers: 8
[438.525s][debug][gc,phases      ] GC(3014)     Scan Heap Roots (ms):     Min:  0.0, Avg:  0.0, Max:  0.0, Diff:  0.0, Sum:  0.0, Workers: 8
[438.525s][debug][gc,phases      ] GC(3014)       Scanned Cards:            Min: 0, Avg:  0.1, Max: 1, Diff: 1, Sum: 1, Workers: 8
[438.525s][debug][gc,phases      ] GC(3014)       Scanned Blocks:           Min: 0, Avg:  0.1, Max: 1, Diff: 1, Sum: 1, Workers: 8
[438.525s][debug][gc,phases      ] GC(3014)       Claimed Chunks:           Min: 0, Avg:  0.1, Max: 1, Diff: 1, Sum: 1, Workers: 8
[438.525s][debug][gc,phases      ] GC(3014)     Code Root Scan (ms):      Min:  0.0, Avg:  0.0, Max:  0.0, Diff:  0.0, Sum:  0.0, Workers: 8
[438.525s][debug][gc,phases      ] GC(3014)     Object Copy (ms):         Min:  0.0, Avg:  0.0, Max:  0.0, Diff:  0.0, Sum:  0.0, Workers: 8
[438.525s][debug][gc,phases      ] GC(3014)     Termination (ms):         Min:  0.0, Avg:  0.1, Max:  0.1, Diff:  0.0, Sum:  0.4, Workers: 8
[438.525s][debug][gc,phases      ] GC(3014)       Termination Attempts:     Min: 1, Avg:  1.0, Max: 1, Diff: 0, Sum: 8, Workers: 8
[438.525s][debug][gc,phases      ] GC(3014)     GC Worker Other (ms):     Min:  0.0, Avg:  0.0, Max:  0.0, Diff:  0.0, Sum:  0.1, Workers: 8
[438.525s][debug][gc,phases      ] GC(3014)     GC Worker Total (ms):     Min:  0.1, Avg:  0.1, Max:  0.1, Diff:  0.1, Sum:  0.9, Workers: 8
[438.525s][info ][gc,phases      ] GC(3014)   Post Evacuate Collection Set: 0.4ms
[438.525s][debug][gc,phases      ] GC(3014)     Code Roots Fixup: 0.0ms
[438.525s][debug][gc,phases      ] GC(3014)     Clear Card Table: 0.1ms
[438.525s][debug][gc,phases      ] GC(3014)     Reference Processing: 0.1ms
[438.525s][debug][gc,phases,ref  ] GC(3014)       Reconsider SoftReferences: 0.0ms
[438.525s][debug][gc,phases,ref  ] GC(3014)         SoftRef (ms):             skipped
[438.525s][debug][gc,phases,ref  ] GC(3014)       Notify Soft/WeakReferences: 0.0ms
[438.525s][debug][gc,phases,ref  ] GC(3014)         SoftRef (ms):             skipped
[438.525s][debug][gc,phases,ref  ] GC(3014)         WeakRef (ms):             skipped
[438.525s][debug][gc,phases,ref  ] GC(3014)         FinalRef (ms):            skipped
[438.525s][debug][gc,phases,ref  ] GC(3014)         Total (ms):               skipped
[438.525s][debug][gc,phases,ref  ] GC(3014)       Notify and keep alive finalizable: 0.0ms
[438.525s][debug][gc,phases,ref  ] GC(3014)         FinalRef (ms):            skipped
[438.525s][debug][gc,phases,ref  ] GC(3014)       Notify PhantomReferences: 0.0ms
[438.525s][debug][gc,phases,ref  ] GC(3014)         PhantomRef (ms):          skipped
[438.525s][debug][gc,phases,ref  ] GC(3014)       SoftReference:
[438.525s][debug][gc,phases,ref  ] GC(3014)         Discovered: 0
[438.525s][debug][gc,phases,ref  ] GC(3014)         Cleared: 0
[438.525s][debug][gc,phases,ref  ] GC(3014)       WeakReference:
[438.525s][debug][gc,phases,ref  ] GC(3014)         Discovered: 0
[438.525s][debug][gc,phases,ref  ] GC(3014)         Cleared: 0
[438.525s][debug][gc,phases,ref  ] GC(3014)       FinalReference:
[438.525s][debug][gc,phases,ref  ] GC(3014)         Discovered: 0
[438.525s][debug][gc,phases,ref  ] GC(3014)         Cleared: 0
[438.525s][debug][gc,phases,ref  ] GC(3014)       PhantomReference:
[438.525s][debug][gc,phases,ref  ] GC(3014)         Discovered: 0
[438.525s][debug][gc,phases,ref  ] GC(3014)         Cleared: 0
[438.525s][debug][gc,phases      ] GC(3014)     Weak Processing: 0.1ms
[438.525s][debug][gc,phases      ] GC(3014)       JVMTI weak processing: 0.0ms
[438.525s][debug][gc,phases      ] GC(3014)         Dead: 0
[438.525s][debug][gc,phases      ] GC(3014)         Total: 0
[438.525s][debug][gc,phases      ] GC(3014)       JFR weak processing: 0.0ms
[438.525s][debug][gc,phases      ] GC(3014)         Dead: 0
[438.525s][debug][gc,phases      ] GC(3014)         Total: 0
[438.525s][debug][gc,phases      ] GC(3014)       JNI weak                  Min:  0.0, Avg:  0.0, Max:  0.0, Diff:  0.0, Sum:  0.0, Workers: 5
[438.525s][debug][gc,phases      ] GC(3014)         Dead                      Min: 0, Avg:  0.0, Max: 0, Diff: 0, Sum: 0, Workers: 5
[438.525s][debug][gc,phases      ] GC(3014)         Total                     Min: 0, Avg: 13.6, Max: 68, Diff: 68, Sum: 68, Workers: 5
[438.525s][debug][gc,phases      ] GC(3014)       VM weak                   Min:  0.0, Avg:  0.0, Max:  0.0, Diff:  0.0, Sum:  0.0, Workers: 5
[438.525s][debug][gc,phases      ] GC(3014)         Dead                      Min: 0, Avg:  0.0, Max: 0, Diff: 0, Sum: 0, Workers: 5
[438.525s][debug][gc,phases      ] GC(3014)         Total                     Min: 0, Avg: 42.6, Max: 213, Diff: 213, Sum: 213, Workers: 5
[438.525s][debug][gc,phases      ] GC(3014)       StringTable weak          Min:  0.0, Avg:  0.0, Max:  0.0, Diff:  0.0, Sum:  0.0, Workers: 5
[438.525s][debug][gc,phases      ] GC(3014)         Dead                      Min: 0, Avg:  0.0, Max: 0, Diff: 0, Sum: 0, Workers: 5
[438.525s][debug][gc,phases      ] GC(3014)         Total                     Min: 0, Avg: 682.0, Max: 2623, Diff: 2623, Sum: 3410, Workers: 5
[438.525s][debug][gc,phases      ] GC(3014)       ResolvedMethodTable weak  Min:  0.0, Avg:  0.0, Max:  0.0, Diff:  0.0, Sum:  0.0, Workers: 5
[438.525s][debug][gc,phases      ] GC(3014)         Dead                      Min: 0, Avg:  0.0, Max: 0, Diff: 0, Sum: 0, Workers: 5
[438.525s][debug][gc,phases      ] GC(3014)         Total                     Min: 0, Avg: 114.8, Max: 192, Diff: 192, Sum: 574, Workers: 5
[438.525s][debug][gc,phases      ] GC(3014)     Merge Per-Thread State: 0.0ms
[438.525s][debug][gc,phases      ] GC(3014)       Copied Bytes              Min: 0, Avg: 68.0, Max: 176, Diff: 176, Sum: 544, Workers: 8
[438.525s][debug][gc,phases      ] GC(3014)       LAB Waste                 Min: 0, Avg:  0.0, Max: 0, Diff: 0, Sum: 0, Workers: 8
[438.525s][debug][gc,phases      ] GC(3014)       LAB Undo Waste            Min: 0, Avg:  0.0, Max: 0, Diff: 0, Sum: 0, Workers: 8
[438.525s][debug][gc,phases      ] GC(3014)     Code Roots Purge: 0.0ms
[438.525s][debug][gc,phases      ] GC(3014)     Redirty Cards: 0.0ms
[438.525s][debug][gc,phases      ] GC(3014)     DerivedPointerTable Update: 0.0ms
[438.525s][debug][gc,phases      ] GC(3014)     Free Collection Set: 0.1ms
[438.525s][debug][gc,phases      ] GC(3014)     Rebuild Free List: 0.1ms
[438.525s][debug][gc,phases      ] GC(3014)     Humongous Reclaim: 0.0ms
[438.525s][debug][gc,phases      ] GC(3014)     Start New Collection Set: 0.0ms
[438.525s][debug][gc,phases      ] GC(3014)     Resize TLABs: 0.0ms
[438.525s][debug][gc,phases      ] GC(3014)     Expand Heap After Collection: 0.0ms
[438.525s][info ][gc,phases      ] GC(3014)   Other: 0.3ms
[438.525s][info ][gc,heap        ] GC(3014) Eden regions: 180->0(180)
[438.525s][info ][gc,heap        ] GC(3014) Survivor regions: 1->1(23)
[438.525s][info ][gc,heap        ] GC(3014) Old regions: 7->7
[438.525s][info ][gc,heap        ] GC(3014) Archive regions: 2->2
[438.525s][info ][gc,heap        ] GC(3014) Humongous regions: 0->0
[438.525s][info ][gc,metaspace   ] GC(3014) Metaspace: 9905K(10624K)->9905K(10624K) NonClass: 8758K(9216K)->8758K(9216K) Class: 1146K(1408K)->1146K(1408K)
[438.525s][debug][gc,heap        ] GC(3014) Heap after GC invocations=3015 (full 1): garbage-first heap   total 309248K, used 4067K [0x0000000700000000, 0x0000000800000000)
[438.525s][debug][gc,heap        ] GC(3014)   region size 1024K, 1 young (1024K), 1 survivors (1024K)
[438.525s][debug][gc,heap        ] GC(3014)  Metaspace       used 9905K, capacity 10179K, committed 10624K, reserved 1058816K
[438.525s][debug][gc,heap        ] GC(3014)   class space    used 1146K, capacity 1267K, committed 1408K, reserved 1048576K
[438.525s][info ][gc             ] GC(3014) Pause Young (Normal) (G1 Evacuation Pause) 183M->3M(302M) 1.936ms
[438.525s][info ][gc,cpu         ] GC(3014) User=0.00s Sys=0.00s Real=0.00s
[438.526s][info ][safepoint      ] Safepoint "G1CollectForAllocation", Time since last: 137413664 ns, Reaching safepoint: 118267 ns, At safepoint: 2122735 ns, Total: 2241002 ns
[438.677s][debug][gc,heap        ] GC(3015) Heap before GC invocations=3015 (full 1): garbage-first heap   total 309248K, used 188387K [0x0000000700000000, 0x0000000800000000)
[438.677s][debug][gc,heap        ] GC(3015)   region size 1024K, 181 young (185344K), 1 survivors (1024K)
[438.677s][debug][gc,heap        ] GC(3015)  Metaspace       used 9905K, capacity 10179K, committed 10624K, reserved 1058816K
[438.677s][debug][gc,heap        ] GC(3015)   class space    used 1146K, capacity 1267K, committed 1408K, reserved 1048576K
[438.677s][info ][gc,start       ] GC(3015) Pause Young (Normal) (G1 Evacuation Pause)
[438.677s][info ][gc,task        ] GC(3015) Using 8 workers of 8 for evacuation
[438.677s][debug][gc,tlab        ] GC(3015) TLAB totals: thrds: 8  refills: 723 max: 93 slow allocs: 0 max 0 waste:  1.0% gc: 1444840B max: 401880B slow: 419408B max: 54128B fast: 0B max: 0B
[438.677s][debug][gc,age         ] GC(3015) Desired survivor size 12058624 bytes, new threshold 15 (max threshold 15)
[438.677s][debug][gc,alloc,region] GC(3015) Mutator Allocation stats, regions: 180, wasted size: 0B ( 0.0%)
[438.678s][debug][gc,ergo        ] GC(3015) Running G1 Merge Heap Roots using 8 workers for 181 regions
[438.678s][debug][gc,remset      ] GC(3015) Visited cards 256 Total dirty 2048 (12.50%) Total old 759808 (0.03%)
[438.678s][debug][gc,ergo        ] GC(3015) Running G1 Clear Card Table Task using 1 workers for 1 units of work for 182 regions.
[438.678s][debug][gc,ref         ] GC(3015) Skipped phase1 of Reference Processing due to unavailable references
[438.678s][debug][gc,ref         ] GC(3015) Skipped phase2 of Reference Processing due to unavailable references
[438.678s][debug][gc,ref         ] GC(3015) Skipped phase3 of Reference Processing due to unavailable references
[438.678s][debug][gc,ref         ] GC(3015) Skipped phase4 of Reference Processing due to unavailable references
[438.678s][debug][gc,ergo        ] GC(3015) Running G1 Free Collection Set using 8 workers for collection set length 181 (302)
[438.678s][debug][gc,ergo        ] GC(3015) Running G1 Rebuild Free List Task using 8 workers for rebuilding free list of 0 (4096) regions
[438.678s][trace][gc,age         ] GC(3015) Age table with threshold 15 (max threshold 15)
[438.678s][trace][gc,age         ] GC(3015) - age   1:        464 bytes,        464 total
[438.678s][debug][gc,plab        ] GC(3015) Young PLAB allocation: allocated: 12384B, wasted: 0B, unused: 11920B, used: 464B, undo waste: 0B, 
[438.678s][debug][gc,plab        ] GC(3015) Young other allocation: region end waste: 0B, regions filled: 1, direct allocated: 0B, failure used: 0B, failure wasted: 0B
[438.678s][debug][gc,plab        ] GC(3015) Young sizing: calculated: 88B, actual: 2064B
[438.678s][debug][gc,plab        ] GC(3015) Old PLAB allocation: allocated: 0B, wasted: 0B, unused: 0B, used: 0B, undo waste: 0B, 
[438.678s][debug][gc,plab        ] GC(3015) Old other allocation: region end waste: 0B, regions filled: 1, direct allocated: 0B, failure used: 0B, failure wasted: 0B
[438.678s][debug][gc,plab        ] GC(3015) Old sizing: calculated: 0B, actual: 2064B
[438.678s][debug][gc,ihop        ] GC(3015) Basic information (value update), threshold: 142501478B (45.00), target occupancy: 316669952B, current occupancy: 4167128B, recent allocation size: 0B, recent allocation duration: 152.92ms, recent old gen allocation rate: 0.00B/s, recent marking phase length: 0.00ms
[438.678s][debug][gc,ihop        ] GC(3015) Adaptive IHOP information (value update), threshold: 142501478B (47.37), internal target occupancy: 300836454B, occupancy: 4167128B, additional buffer size: 189792256B, predicted old gen allocation rate: 0.00B/s, predicted marking phase length: 0.00ms, prediction active: false
[438.678s][debug][gc,ergo,refine ] GC(3015) Concurrent refinement times: Logged Cards Scan time goal: 20.00ms Logged Cards Scan time: 0.00ms HCC time: 0.00ms
[438.678s][debug][gc,ergo,refine ] GC(3015) Updated Refinement Zones: green: 2048, yellow: 6144, red: 10240
[438.678s][info ][gc,phases      ] GC(3015)   Pre Evacuate Collection Set: 0.2ms
[438.678s][debug][gc,phases      ] GC(3015)     Prepare TLABs: 0.0ms
[438.678s][debug][gc,phases      ] GC(3015)     Choose Collection Set: 0.0ms
[438.678s][debug][gc,phases      ] GC(3015)     Region Register: 0.1ms
[438.678s][debug][gc,phases      ] GC(3015)     Prepare Heap Roots: 0.0ms
[438.678s][info ][gc,phases      ] GC(3015)   Merge Heap Roots: 0.1ms
[438.678s][debug][gc,phases      ] GC(3015)     Prepare Merge Heap Roots: 0.0ms
[438.678s][debug][gc,phases      ] GC(3015)     Eager Reclaim (ms):       skipped
[438.678s][debug][gc,phases      ] GC(3015)     Remembered Sets (ms):     Min:  0.0, Avg:  0.0, Max:  0.0, Diff:  0.0, Sum:  0.0, Workers: 8
[438.678s][debug][gc,phases      ] GC(3015)       Merged Sparse:            Min: 0, Avg:  0.0, Max: 0, Diff: 0, Sum: 0, Workers: 8
[438.678s][debug][gc,phases      ] GC(3015)       Merged Fine:              Min: 0, Avg:  0.0, Max: 0, Diff: 0, Sum: 0, Workers: 8
[438.678s][debug][gc,phases      ] GC(3015)       Merged Coarse:            Min: 0, Avg:  0.0, Max: 0, Diff: 0, Sum: 0, Workers: 8
[438.678s][debug][gc,phases      ] GC(3015)       Dirty Cards:              Min: 0, Avg:  0.0, Max: 0, Diff: 0, Sum: 0, Workers: 8
[438.678s][debug][gc,phases      ] GC(3015)     Hot Card Cache (ms):      Min:  0.0, Avg:  0.0, Max:  0.0, Diff:  0.0, Sum:  0.0, Workers: 8
[438.679s][debug][gc,phases      ] GC(3015)       Dirty Cards:              Min: 0, Avg:  0.0, Max: 0, Diff: 0, Sum: 0, Workers: 8
[438.679s][debug][gc,phases      ] GC(3015)       Skipped Cards:            Min: 0, Avg:  0.0, Max: 0, Diff: 0, Sum: 0, Workers: 8
[438.679s][debug][gc,phases      ] GC(3015)     Log Buffers (ms):         Min:  0.0, Avg:  0.0, Max:  0.0, Diff:  0.0, Sum:  0.0, Workers: 8
[438.679s][debug][gc,phases      ] GC(3015)       Dirty Cards:              Min: 0, Avg:  0.1, Max: 1, Diff: 1, Sum: 1, Workers: 8
[438.679s][debug][gc,phases      ] GC(3015)       Skipped Cards:            Min: 0, Avg:  0.0, Max: 0, Diff: 0, Sum: 0, Workers: 8
[438.679s][info ][gc,phases      ] GC(3015)   Evacuate Collection Set: 0.2ms
[438.679s][debug][gc,phases      ] GC(3015)     Ext Root Scanning (ms):   Min:  0.0, Avg:  0.0, Max:  0.0, Diff:  0.0, Sum:  0.2, Workers: 8
[438.679s][debug][gc,phases      ] GC(3015)     Scan Heap Roots (ms):     Min:  0.0, Avg:  0.0, Max:  0.0, Diff:  0.0, Sum:  0.0, Workers: 8
[438.679s][debug][gc,phases      ] GC(3015)       Scanned Cards:            Min: 0, Avg:  0.1, Max: 1, Diff: 1, Sum: 1, Workers: 8
[438.679s][debug][gc,phases      ] GC(3015)       Scanned Blocks:           Min: 0, Avg:  0.1, Max: 1, Diff: 1, Sum: 1, Workers: 8
[438.679s][debug][gc,phases      ] GC(3015)       Claimed Chunks:           Min: 0, Avg:  0.1, Max: 1, Diff: 1, Sum: 1, Workers: 8
[438.679s][debug][gc,phases      ] GC(3015)     Code Root Scan (ms):      Min:  0.0, Avg:  0.0, Max:  0.0, Diff:  0.0, Sum:  0.0, Workers: 8
[438.679s][debug][gc,phases      ] GC(3015)     Object Copy (ms):         Min:  0.0, Avg:  0.0, Max:  0.0, Diff:  0.0, Sum:  0.0, Workers: 8
[438.679s][debug][gc,phases      ] GC(3015)     Termination (ms):         Min:  0.1, Avg:  0.1, Max:  0.1, Diff:  0.0, Sum:  0.5, Workers: 8
[438.679s][debug][gc,phases      ] GC(3015)       Termination Attempts:     Min: 1, Avg:  1.0, Max: 1, Diff: 0, Sum: 8, Workers: 8
[438.679s][debug][gc,phases      ] GC(3015)     GC Worker Other (ms):     Min:  0.0, Avg:  0.0, Max:  0.0, Diff:  0.0, Sum:  0.1, Workers: 8
[438.679s][debug][gc,phases      ] GC(3015)     GC Worker Total (ms):     Min:  0.1, Avg:  0.1, Max:  0.1, Diff:  0.0, Sum:  0.9, Workers: 8
[438.679s][info ][gc,phases      ] GC(3015)   Post Evacuate Collection Set: 0.3ms
[438.679s][debug][gc,phases      ] GC(3015)     Code Roots Fixup: 0.0ms
[438.679s][debug][gc,phases      ] GC(3015)     Clear Card Table: 0.1ms
[438.679s][debug][gc,phases      ] GC(3015)     Reference Processing: 0.0ms
[438.679s][debug][gc,phases,ref  ] GC(3015)       Reconsider SoftReferences: 0.0ms
[438.679s][debug][gc,phases,ref  ] GC(3015)         SoftRef (ms):             skipped
[438.679s][debug][gc,phases,ref  ] GC(3015)       Notify Soft/WeakReferences: 0.0ms
[438.679s][debug][gc,phases,ref  ] GC(3015)         SoftRef (ms):             skipped
[438.679s][debug][gc,phases,ref  ] GC(3015)         WeakRef (ms):             skipped
[438.679s][debug][gc,phases,ref  ] GC(3015)         FinalRef (ms):            skipped
[438.679s][debug][gc,phases,ref  ] GC(3015)         Total (ms):               skipped
[438.679s][debug][gc,phases,ref  ] GC(3015)       Notify and keep alive finalizable: 0.0ms
[438.679s][debug][gc,phases,ref  ] GC(3015)         FinalRef (ms):            skipped
[438.679s][debug][gc,phases,ref  ] GC(3015)       Notify PhantomReferences: 0.0ms
[438.679s][debug][gc,phases,ref  ] GC(3015)         PhantomRef (ms):          skipped
[438.679s][debug][gc,phases,ref  ] GC(3015)       SoftReference:
[438.679s][debug][gc,phases,ref  ] GC(3015)         Discovered: 0
[438.679s][debug][gc,phases,ref  ] GC(3015)         Cleared: 0
[438.679s][debug][gc,phases,ref  ] GC(3015)       WeakReference:
[438.679s][debug][gc,phases,ref  ] GC(3015)         Discovered: 0
[438.679s][debug][gc,phases,ref  ] GC(3015)         Cleared: 0
[438.679s][debug][gc,phases,ref  ] GC(3015)       FinalReference:
[438.679s][debug][gc,phases,ref  ] GC(3015)         Discovered: 0
[438.679s][debug][gc,phases,ref  ] GC(3015)         Cleared: 0
[438.679s][debug][gc,phases,ref  ] GC(3015)       PhantomReference:
[438.679s][debug][gc,phases,ref  ] GC(3015)         Discovered: 0
[438.679s][debug][gc,phases,ref  ] GC(3015)         Cleared: 0
[438.679s][debug][gc,phases      ] GC(3015)     Weak Processing: 0.1ms
[438.679s][debug][gc,phases      ] GC(3015)       JVMTI weak processing: 0.0ms
[438.679s][debug][gc,phases      ] GC(3015)         Dead: 0
[438.679s][debug][gc,phases      ] GC(3015)         Total: 0
[438.679s][debug][gc,phases      ] GC(3015)       JFR weak processing: 0.0ms
[438.679s][debug][gc,phases      ] GC(3015)         Dead: 0
[438.679s][debug][gc,phases      ] GC(3015)         Total: 0
[438.679s][debug][gc,phases      ] GC(3015)       JNI weak                  Min:  0.0, Avg:  0.0, Max:  0.0, Diff:  0.0, Sum:  0.0, Workers: 5
[438.679s][debug][gc,phases      ] GC(3015)         Dead                      Min: 0, Avg:  0.0, Max: 0, Diff: 0, Sum: 0, Workers: 5
[438.679s][debug][gc,phases      ] GC(3015)         Total                     Min: 0, Avg: 13.6, Max: 68, Diff: 68, Sum: 68, Workers: 5
[438.679s][debug][gc,phases      ] GC(3015)       VM weak                   Min:  0.0, Avg:  0.0, Max:  0.0, Diff:  0.0, Sum:  0.0, Workers: 5
[438.679s][debug][gc,phases      ] GC(3015)         Dead                      Min: 0, Avg:  0.0, Max: 0, Diff: 0, Sum: 0, Workers: 5
[438.679s][debug][gc,phases      ] GC(3015)         Total                     Min: 0, Avg: 42.6, Max: 213, Diff: 213, Sum: 213, Workers: 5
[438.679s][debug][gc,phases      ] GC(3015)       StringTable weak          Min:  0.0, Avg:  0.0, Max:  0.0, Diff:  0.0, Sum:  0.0, Workers: 5
[438.679s][debug][gc,phases      ] GC(3015)         Dead                      Min: 0, Avg:  0.0, Max: 0, Diff: 0, Sum: 0, Workers: 5
[438.679s][debug][gc,phases      ] GC(3015)         Total                     Min: 0, Avg: 682.0, Max: 3071, Diff: 3071, Sum: 3410, Workers: 5
[438.679s][debug][gc,phases      ] GC(3015)       ResolvedMethodTable weak  Min:  0.0, Avg:  0.0, Max:  0.0, Diff:  0.0, Sum:  0.0, Workers: 5
[438.679s][debug][gc,phases      ] GC(3015)         Dead                      Min: 0, Avg:  0.0, Max: 0, Diff: 0, Sum: 0, Workers: 5
[438.679s][debug][gc,phases      ] GC(3015)         Total                     Min: 0, Avg: 114.8, Max: 192, Diff: 192, Sum: 574, Workers: 5
[438.679s][debug][gc,phases      ] GC(3015)     Merge Per-Thread State: 0.0ms
[438.679s][debug][gc,phases      ] GC(3015)       Copied Bytes              Min: 0, Avg: 58.0, Max: 120, Diff: 120, Sum: 464, Workers: 8
[438.679s][debug][gc,phases      ] GC(3015)       LAB Waste                 Min: 0, Avg:  0.0, Max: 0, Diff: 0, Sum: 0, Workers: 8
[438.679s][debug][gc,phases      ] GC(3015)       LAB Undo Waste            Min: 0, Avg:  0.0, Max: 0, Diff: 0, Sum: 0, Workers: 8
[438.679s][debug][gc,phases      ] GC(3015)     Code Roots Purge: 0.0ms
[438.679s][debug][gc,phases      ] GC(3015)     Redirty Cards: 0.0ms
[438.679s][debug][gc,phases      ] GC(3015)     DerivedPointerTable Update: 0.0ms
[438.679s][debug][gc,phases      ] GC(3015)     Free Collection Set: 0.1ms
[438.679s][debug][gc,phases      ] GC(3015)     Rebuild Free List: 0.0ms
[438.679s][debug][gc,phases      ] GC(3015)     Humongous Reclaim: 0.0ms
[438.679s][debug][gc,phases      ] GC(3015)     Start New Collection Set: 0.0ms
[438.679s][debug][gc,phases      ] GC(3015)     Resize TLABs: 0.0ms
[438.679s][debug][gc,phases      ] GC(3015)     Expand Heap After Collection: 0.0ms
[438.679s][info ][gc,phases      ] GC(3015)   Other: 0.3ms
[438.679s][info ][gc,heap        ] GC(3015) Eden regions: 180->0(180)
[438.679s][info ][gc,heap        ] GC(3015) Survivor regions: 1->1(23)
[438.679s][info ][gc,heap        ] GC(3015) Old regions: 7->7
[438.679s][info ][gc,heap        ] GC(3015) Archive regions: 2->2
[438.679s][info ][gc,heap        ] GC(3015) Humongous regions: 0->0
[438.679s][info ][gc,metaspace   ] GC(3015) Metaspace: 9905K(10624K)->9905K(10624K) NonClass: 8758K(9216K)->8758K(9216K) Class: 1146K(1408K)->1146K(1408K)
[438.679s][debug][gc,heap        ] GC(3015) Heap after GC invocations=3016 (full 1): garbage-first heap   total 309248K, used 4069K [0x0000000700000000, 0x0000000800000000)
[438.679s][debug][gc,heap        ] GC(3015)   region size 1024K, 1 young (1024K), 1 survivors (1024K)
[438.679s][debug][gc,heap        ] GC(3015)  Metaspace       used 9905K, capacity 10179K, committed 10624K, reserved 1058816K
[438.679s][debug][gc,heap        ] GC(3015)   class space    used 1146K, capacity 1267K, committed 1408K, reserved 1048576K
[438.679s][info ][gc             ] GC(3015) Pause Young (Normal) (G1 Evacuation Pause) 183M->3M(302M) 1.960ms
[438.679s][info ][gc,cpu         ] GC(3015) User=0.00s Sys=0.00s Real=0.00s
[438.679s][info ][safepoint      ] Safepoint "G1CollectForAllocation", Time since last: 151582664 ns, Reaching safepoint: 118765 ns, At safepoint: 2149142 ns, Total: 2267907 ns
[438.828s][debug][gc,heap        ] GC(3016) Heap before GC invocations=3016 (full 1): garbage-first heap   total 309248K, used 188389K [0x0000000700000000, 0x0000000800000000)
[438.828s][debug][gc,heap        ] GC(3016)   region size 1024K, 181 young (185344K), 1 survivors (1024K)
[438.828s][debug][gc,heap        ] GC(3016)  Metaspace       used 9905K, capacity 10179K, committed 10624K, reserved 1058816K
[438.828s][debug][gc,heap        ] GC(3016)   class space    used 1146K, capacity 1267K, committed 1408K, reserved 1048576K
[438.828s][info ][gc,start       ] GC(3016) Pause Young (Normal) (G1 Evacuation Pause)
[438.828s][info ][gc,task        ] GC(3016) Using 8 workers of 8 for evacuation
[438.828s][debug][gc,tlab        ] GC(3016) TLAB totals: thrds: 8  refills: 724 max: 97 slow allocs: 0 max 0 waste:  1.1% gc: 1685232B max: 439856B slow: 419304B max: 56040B fast: 0B max: 0B
[438.828s][debug][gc,age         ] GC(3016) Desired survivor size 12058624 bytes, new threshold 15 (max threshold 15)
[438.828s][debug][gc,alloc,region] GC(3016) Mutator Allocation stats, regions: 180, wasted size: 0B ( 0.0%)
[438.828s][debug][gc,ergo        ] GC(3016) Running G1 Merge Heap Roots using 8 workers for 181 regions
[438.828s][debug][gc,remset      ] GC(3016) Visited cards 256 Total dirty 2048 (12.50%) Total old 759808 (0.03%)
[438.828s][debug][gc,ergo        ] GC(3016) Running G1 Clear Card Table Task using 1 workers for 1 units of work for 182 regions.
[438.828s][debug][gc,ref         ] GC(3016) Skipped phase1 of Reference Processing due to unavailable references
[438.828s][debug][gc,ref         ] GC(3016) Skipped phase2 of Reference Processing due to unavailable references
[438.828s][debug][gc,ref         ] GC(3016) Skipped phase3 of Reference Processing due to unavailable references
[438.828s][debug][gc,ref         ] GC(3016) Skipped phase4 of Reference Processing due to unavailable references
[438.828s][debug][gc,ergo        ] GC(3016) Running G1 Free Collection Set using 8 workers for collection set length 181 (302)
[438.828s][debug][gc,ergo        ] GC(3016) Running G1 Rebuild Free List Task using 8 workers for rebuilding free list of 0 (4096) regions
[438.828s][trace][gc,age         ] GC(3016) Age table with threshold 15 (max threshold 15)
[438.828s][trace][gc,age         ] GC(3016) - age   1:        568 bytes,        568 total
[438.829s][debug][gc,plab        ] GC(3016) Young PLAB allocation: allocated: 16512B, wasted: 0B, unused: 15944B, used: 568B, undo waste: 0B, 
[438.829s][debug][gc,plab        ] GC(3016) Young other allocation: region end waste: 0B, regions filled: 1, direct allocated: 0B, failure used: 0B, failure wasted: 0B
[438.829s][debug][gc,plab        ] GC(3016) Young sizing: calculated: 112B, actual: 2064B
[438.829s][debug][gc,plab        ] GC(3016) Old PLAB allocation: allocated: 0B, wasted: 0B, unused: 0B, used: 0B, undo waste: 0B, 
[438.829s][debug][gc,plab        ] GC(3016) Old other allocation: region end waste: 0B, regions filled: 1, direct allocated: 0B, failure used: 0B, failure wasted: 0B
[438.829s][debug][gc,plab        ] GC(3016) Old sizing: calculated: 0B, actual: 2064B
[438.829s][debug][gc,ihop        ] GC(3016) Basic information (value update), threshold: 142501478B (45.00), target occupancy: 316669952B, current occupancy: 4171256B, recent allocation size: 0B, recent allocation duration: 149.40ms, recent old gen allocation rate: 0.00B/s, recent marking phase length: 0.00ms
[438.829s][debug][gc,ihop        ] GC(3016) Adaptive IHOP information (value update), threshold: 142501478B (47.37), internal target occupancy: 300836454B, occupancy: 4171256B, additional buffer size: 189792256B, predicted old gen allocation rate: 0.00B/s, predicted marking phase length: 0.00ms, prediction active: false
[438.829s][debug][gc,ergo,refine ] GC(3016) Concurrent refinement times: Logged Cards Scan time goal: 20.00ms Logged Cards Scan time: 0.00ms HCC time: 0.00ms
[438.829s][debug][gc,ergo,refine ] GC(3016) Updated Refinement Zones: green: 2048, yellow: 6144, red: 10240
[438.829s][info ][gc,phases      ] GC(3016)   Pre Evacuate Collection Set: 0.1ms
[438.829s][debug][gc,phases      ] GC(3016)     Prepare TLABs: 0.0ms
[438.829s][debug][gc,phases      ] GC(3016)     Choose Collection Set: 0.0ms
[438.829s][debug][gc,phases      ] GC(3016)     Region Register: 0.1ms
[438.829s][debug][gc,phases      ] GC(3016)     Prepare Heap Roots: 0.0ms
[438.829s][info ][gc,phases      ] GC(3016)   Merge Heap Roots: 0.1ms
[438.829s][debug][gc,phases      ] GC(3016)     Prepare Merge Heap Roots: 0.0ms
[438.829s][debug][gc,phases      ] GC(3016)     Eager Reclaim (ms):       skipped
[438.829s][debug][gc,phases      ] GC(3016)     Remembered Sets (ms):     Min:  0.0, Avg:  0.0, Max:  0.0, Diff:  0.0, Sum:  0.0, Workers: 8
[438.829s][debug][gc,phases      ] GC(3016)       Merged Sparse:            Min: 0, Avg:  0.0, Max: 0, Diff: 0, Sum: 0, Workers: 8
[438.829s][debug][gc,phases      ] GC(3016)       Merged Fine:              Min: 0, Avg:  0.0, Max: 0, Diff: 0, Sum: 0, Workers: 8
[438.829s][debug][gc,phases      ] GC(3016)       Merged Coarse:            Min: 0, Avg:  0.0, Max: 0, Diff: 0, Sum: 0, Workers: 8
[438.829s][debug][gc,phases      ] GC(3016)       Dirty Cards:              Min: 0, Avg:  0.0, Max: 0, Diff: 0, Sum: 0, Workers: 8
[438.829s][debug][gc,phases      ] GC(3016)     Hot Card Cache (ms):      Min:  0.0, Avg:  0.0, Max:  0.0, Diff:  0.0, Sum:  0.0, Workers: 8
[438.829s][debug][gc,phases      ] GC(3016)       Dirty Cards:              Min: 0, Avg:  0.0, Max: 0, Diff: 0, Sum: 0, Workers: 8
[438.829s][debug][gc,phases      ] GC(3016)       Skipped Cards:            Min: 0, Avg:  0.0, Max: 0, Diff: 0, Sum: 0, Workers: 8
[438.829s][debug][gc,phases      ] GC(3016)     Log Buffers (ms):         Min:  0.0, Avg:  0.0, Max:  0.0, Diff:  0.0, Sum:  0.0, Workers: 8
[438.829s][debug][gc,phases      ] GC(3016)       Dirty Cards:              Min: 0, Avg:  0.1, Max: 1, Diff: 1, Sum: 1, Workers: 8
[438.829s][debug][gc,phases      ] GC(3016)       Skipped Cards:            Min: 0, Avg:  0.0, Max: 0, Diff: 0, Sum: 0, Workers: 8
[438.829s][info ][gc,phases      ] GC(3016)   Evacuate Collection Set: 0.1ms
[438.829s][debug][gc,phases      ] GC(3016)     Ext Root Scanning (ms):   Min:  0.0, Avg:  0.0, Max:  0.1, Diff:  0.0, Sum:  0.2, Workers: 8
[438.829s][debug][gc,phases      ] GC(3016)     Scan Heap Roots (ms):     Min:  0.0, Avg:  0.0, Max:  0.0, Diff:  0.0, Sum:  0.0, Workers: 8
[438.829s][debug][gc,phases      ] GC(3016)       Scanned Cards:            Min: 0, Avg:  0.1, Max: 1, Diff: 1, Sum: 1, Workers: 8
[438.829s][debug][gc,phases      ] GC(3016)       Scanned Blocks:           Min: 0, Avg:  0.1, Max: 1, Diff: 1, Sum: 1, Workers: 8
[438.829s][debug][gc,phases      ] GC(3016)       Claimed Chunks:           Min: 0, Avg:  0.1, Max: 1, Diff: 1, Sum: 1, Workers: 8
[438.829s][debug][gc,phases      ] GC(3016)     Code Root Scan (ms):      Min:  0.0, Avg:  0.0, Max:  0.0, Diff:  0.0, Sum:  0.0, Workers: 8
[438.829s][debug][gc,phases      ] GC(3016)     Object Copy (ms):         Min:  0.0, Avg:  0.0, Max:  0.0, Diff:  0.0, Sum:  0.0, Workers: 8
[438.829s][debug][gc,phases      ] GC(3016)     Termination (ms):         Min:  0.0, Avg:  0.1, Max:  0.1, Diff:  0.0, Sum:  0.4, Workers: 8
[438.829s][debug][gc,phases      ] GC(3016)       Termination Attempts:     Min: 1, Avg:  1.0, Max: 1, Diff: 0, Sum: 8, Workers: 8
[438.829s][debug][gc,phases      ] GC(3016)     GC Worker Other (ms):     Min:  0.0, Avg:  0.0, Max:  0.0, Diff:  0.0, Sum:  0.1, Workers: 8
[438.829s][debug][gc,phases      ] GC(3016)     GC Worker Total (ms):     Min:  0.1, Avg:  0.1, Max:  0.1, Diff:  0.0, Sum:  0.8, Workers: 8
[438.829s][info ][gc,phases      ] GC(3016)   Post Evacuate Collection Set: 0.4ms
[438.829s][debug][gc,phases      ] GC(3016)     Code Roots Fixup: 0.0ms
[438.829s][debug][gc,phases      ] GC(3016)     Clear Card Table: 0.1ms
[438.829s][debug][gc,phases      ] GC(3016)     Reference Processing: 0.0ms
[438.829s][debug][gc,phases,ref  ] GC(3016)       Reconsider SoftReferences: 0.0ms
[438.829s][debug][gc,phases,ref  ] GC(3016)         SoftRef (ms):             skipped
[438.829s][debug][gc,phases,ref  ] GC(3016)       Notify Soft/WeakReferences: 0.0ms
[438.829s][debug][gc,phases,ref  ] GC(3016)         SoftRef (ms):             skipped
[438.829s][debug][gc,phases,ref  ] GC(3016)         WeakRef (ms):             skipped
[438.829s][debug][gc,phases,ref  ] GC(3016)         FinalRef (ms):            skipped
[438.829s][debug][gc,phases,ref  ] GC(3016)         Total (ms):               skipped
[438.829s][debug][gc,phases,ref  ] GC(3016)       Notify and keep alive finalizable: 0.0ms
[438.829s][debug][gc,phases,ref  ] GC(3016)         FinalRef (ms):            skipped
[438.829s][debug][gc,phases,ref  ] GC(3016)       Notify PhantomReferences: 0.0ms
[438.829s][debug][gc,phases,ref  ] GC(3016)         PhantomRef (ms):          skipped
[438.829s][debug][gc,phases,ref  ] GC(3016)       SoftReference:
[438.829s][debug][gc,phases,ref  ] GC(3016)         Discovered: 0
[438.829s][debug][gc,phases,ref  ] GC(3016)         Cleared: 0
[438.829s][debug][gc,phases,ref  ] GC(3016)       WeakReference:
[438.829s][debug][gc,phases,ref  ] GC(3016)         Discovered: 0
[438.829s][debug][gc,phases,ref  ] GC(3016)         Cleared: 0
[438.829s][debug][gc,phases,ref  ] GC(3016)       FinalReference:
[438.829s][debug][gc,phases,ref  ] GC(3016)         Discovered: 0
[438.829s][debug][gc,phases,ref  ] GC(3016)         Cleared: 0
[438.829s][debug][gc,phases,ref  ] GC(3016)       PhantomReference:
[438.829s][debug][gc,phases,ref  ] GC(3016)         Discovered: 0
[438.829s][debug][gc,phases,ref  ] GC(3016)         Cleared: 0
[438.829s][debug][gc,phases      ] GC(3016)     Weak Processing: 0.1ms
[438.829s][debug][gc,phases      ] GC(3016)       JVMTI weak processing: 0.0ms
[438.829s][debug][gc,phases      ] GC(3016)         Dead: 0
[438.829s][debug][gc,phases      ] GC(3016)         Total: 0
[438.829s][debug][gc,phases      ] GC(3016)       JFR weak processing: 0.0ms
[438.829s][debug][gc,phases      ] GC(3016)         Dead: 0
[438.829s][debug][gc,phases      ] GC(3016)         Total: 0
[438.829s][debug][gc,phases      ] GC(3016)       JNI weak                  Min:  0.0, Avg:  0.0, Max:  0.0, Diff:  0.0, Sum:  0.0, Workers: 5
[438.829s][debug][gc,phases      ] GC(3016)         Dead                      Min: 0, Avg:  0.0, Max: 0, Diff: 0, Sum: 0, Workers: 5
[438.829s][debug][gc,phases      ] GC(3016)         Total                     Min: 0, Avg: 13.6, Max: 68, Diff: 68, Sum: 68, Workers: 5
[438.829s][debug][gc,phases      ] GC(3016)       VM weak                   Min:  0.0, Avg:  0.0, Max:  0.0, Diff:  0.0, Sum:  0.0, Workers: 5
[438.829s][debug][gc,phases      ] GC(3016)         Dead                      Min: 0, Avg:  0.0, Max: 0, Diff: 0, Sum: 0, Workers: 5
[438.829s][debug][gc,phases      ] GC(3016)         Total                     Min: 0, Avg: 42.6, Max: 213, Diff: 213, Sum: 213, Workers: 5
[438.829s][debug][gc,phases      ] GC(3016)       StringTable weak          Min:  0.0, Avg:  0.0, Max:  0.0, Diff:  0.0, Sum:  0.0, Workers: 5
[438.829s][debug][gc,phases      ] GC(3016)         Dead                      Min: 0, Avg:  0.0, Max: 0, Diff: 0, Sum: 0, Workers: 5
[438.829s][debug][gc,phases      ] GC(3016)         Total                     Min: 0, Avg: 682.0, Max: 3026, Diff: 3026, Sum: 3410, Workers: 5
[438.829s][debug][gc,phases      ] GC(3016)       ResolvedMethodTable weak  Min:  0.0, Avg:  0.0, Max:  0.0, Diff:  0.0, Sum:  0.0, Workers: 5
[438.829s][debug][gc,phases      ] GC(3016)         Dead                      Min: 0, Avg:  0.0, Max: 0, Diff: 0, Sum: 0, Workers: 5
[438.829s][debug][gc,phases      ] GC(3016)         Total                     Min: 0, Avg: 114.8, Max: 254, Diff: 254, Sum: 574, Workers: 5
[438.829s][debug][gc,phases      ] GC(3016)     Merge Per-Thread State: 0.0ms
[438.829s][debug][gc,phases      ] GC(3016)       Copied Bytes              Min: 48, Avg: 71.0, Max: 128, Diff: 80, Sum: 568, Workers: 8
[438.829s][debug][gc,phases      ] GC(3016)       LAB Waste                 Min: 0, Avg:  0.0, Max: 0, Diff: 0, Sum: 0, Workers: 8
[438.829s][debug][gc,phases      ] GC(3016)       LAB Undo Waste            Min: 0, Avg:  0.0, Max: 0, Diff: 0, Sum: 0, Workers: 8
[438.829s][debug][gc,phases      ] GC(3016)     Code Roots Purge: 0.0ms
[438.829s][debug][gc,phases      ] GC(3016)     Redirty Cards: 0.0ms
[438.829s][debug][gc,phases      ] GC(3016)     DerivedPointerTable Update: 0.0ms
[438.829s][debug][gc,phases      ] GC(3016)     Free Collection Set: 0.1ms
[438.829s][debug][gc,phases      ] GC(3016)     Rebuild Free List: 0.1ms
[438.829s][debug][gc,phases      ] GC(3016)     Humongous Reclaim: 0.0ms
[438.829s][debug][gc,phases      ] GC(3016)     Start New Collection Set: 0.0ms
[438.829s][debug][gc,phases      ] GC(3016)     Resize TLABs: 0.0ms
[438.829s][debug][gc,phases      ] GC(3016)     Expand Heap After Collection: 0.0ms
[438.829s][info ][gc,phases      ] GC(3016)   Other: 0.3ms
[438.829s][info ][gc,heap        ] GC(3016) Eden regions: 180->0(180)
[438.829s][info ][gc,heap        ] GC(3016) Survivor regions: 1->1(23)
[438.829s][info ][gc,heap        ] GC(3016) Old regions: 7->7
[438.829s][info ][gc,heap        ] GC(3016) Archive regions: 2->2
[438.829s][info ][gc,heap        ] GC(3016) Humongous regions: 0->0
[438.829s][info ][gc,metaspace   ] GC(3016) Metaspace: 9905K(10624K)->9905K(10624K) NonClass: 8758K(9216K)->8758K(9216K) Class: 1146K(1408K)->1146K(1408K)
[438.830s][debug][gc,heap        ] GC(3016) Heap after GC invocations=3017 (full 1): garbage-first heap   total 309248K, used 4073K [0x0000000700000000, 0x0000000800000000)
[438.830s][debug][gc,heap        ] GC(3016)   region size 1024K, 1 young (1024K), 1 survivors (1024K)
[438.830s][debug][gc,heap        ] GC(3016)  Metaspace       used 9905K, capacity 10179K, committed 10624K, reserved 1058816K
[438.830s][debug][gc,heap        ] GC(3016)   class space    used 1146K, capacity 1267K, committed 1408K, reserved 1048576K
[438.830s][info ][gc             ] GC(3016) Pause Young (Normal) (G1 Evacuation Pause) 183M->3M(302M) 1.865ms
[438.830s][info ][gc,cpu         ] GC(3016) User=0.00s Sys=0.00s Real=0.00s
[438.830s][info ][safepoint      ] Safepoint "G1CollectForAllocation", Time since last: 148009308 ns, Reaching safepoint: 167896 ns, At safepoint: 2039925 ns, Total: 2207821 ns
[438.980s][debug][gc,heap        ] GC(3017) Heap before GC invocations=3017 (full 1): garbage-first heap   total 309248K, used 188393K [0x0000000700000000, 0x0000000800000000)
[438.980s][debug][gc,heap        ] GC(3017)   region size 1024K, 181 young (185344K), 1 survivors (1024K)
[438.980s][debug][gc,heap        ] GC(3017)  Metaspace       used 9905K, capacity 10179K, committed 10624K, reserved 1058816K
[438.980s][debug][gc,heap        ] GC(3017)   class space    used 1146K, capacity 1267K, committed 1408K, reserved 1048576K
[438.980s][info ][gc,start       ] GC(3017) Pause Young (Normal) (G1 Evacuation Pause)
[438.980s][info ][gc,task        ] GC(3017) Using 8 workers of 8 for evacuation
[438.980s][debug][gc,tlab        ] GC(3017) TLAB totals: thrds: 8  refills: 723 max: 98 slow allocs: 0 max 0 waste:  0.8% gc: 1162864B max: 387560B slow: 419280B max: 57152B fast: 0B max: 0B
[438.980s][debug][gc,age         ] GC(3017) Desired survivor size 12058624 bytes, new threshold 15 (max threshold 15)
[438.980s][debug][gc,alloc,region] GC(3017) Mutator Allocation stats, regions: 180, wasted size: 0B ( 0.0%)
[438.980s][debug][gc,ergo        ] GC(3017) Running G1 Merge Heap Roots using 8 workers for 181 regions
[438.980s][debug][gc,remset      ] GC(3017) Visited cards 256 Total dirty 2048 (12.50%) Total old 759808 (0.03%)
[438.980s][debug][gc,ergo        ] GC(3017) Running G1 Clear Card Table Task using 1 workers for 1 units of work for 182 regions.
[438.980s][debug][gc,ref         ] GC(3017) Skipped phase1 of Reference Processing due to unavailable references
[438.981s][debug][gc,ref         ] GC(3017) Skipped phase2 of Reference Processing due to unavailable references
[438.981s][debug][gc,ref         ] GC(3017) Skipped phase3 of Reference Processing due to unavailable references
[438.981s][debug][gc,ref         ] GC(3017) Skipped phase4 of Reference Processing due to unavailable references
[438.981s][debug][gc,ergo        ] GC(3017) Running G1 Free Collection Set using 8 workers for collection set length 181 (302)
[438.981s][debug][gc,ergo        ] GC(3017) Running G1 Rebuild Free List Task using 8 workers for rebuilding free list of 0 (4096) regions
[438.981s][trace][gc,age         ] GC(3017) Age table with threshold 15 (max threshold 15)
[438.981s][trace][gc,age         ] GC(3017) - age   1:        568 bytes,        568 total
[438.981s][debug][gc,plab        ] GC(3017) Young PLAB allocation: allocated: 10320B, wasted: 0B, unused: 9752B, used: 568B, undo waste: 0B, 
[438.981s][debug][gc,plab        ] GC(3017) Young other allocation: region end waste: 0B, regions filled: 1, direct allocated: 0B, failure used: 0B, failure wasted: 0B
[438.981s][debug][gc,plab        ] GC(3017) Young sizing: calculated: 112B, actual: 2064B
[438.981s][debug][gc,plab        ] GC(3017) Old PLAB allocation: allocated: 0B, wasted: 0B, unused: 0B, used: 0B, undo waste: 0B, 
[438.981s][debug][gc,plab        ] GC(3017) Old other allocation: region end waste: 0B, regions filled: 1, direct allocated: 0B, failure used: 0B, failure wasted: 0B
[438.981s][debug][gc,plab        ] GC(3017) Old sizing: calculated: 0B, actual: 2064B
[438.981s][debug][gc,ihop        ] GC(3017) Basic information (value update), threshold: 142501478B (45.00), target occupancy: 316669952B, current occupancy: 4165064B, recent allocation size: 0B, recent allocation duration: 151.35ms, recent old gen allocation rate: 0.00B/s, recent marking phase length: 0.00ms
[438.981s][debug][gc,ihop        ] GC(3017) Adaptive IHOP information (value update), threshold: 142501478B (47.37), internal target occupancy: 300836454B, occupancy: 4165064B, additional buffer size: 189792256B, predicted old gen allocation rate: 0.00B/s, predicted marking phase length: 0.00ms, prediction active: false
[438.981s][debug][gc,ergo,refine ] GC(3017) Concurrent refinement times: Logged Cards Scan time goal: 20.00ms Logged Cards Scan time: 0.00ms HCC time: 0.00ms
[438.981s][debug][gc,ergo,refine ] GC(3017) Updated Refinement Zones: green: 2048, yellow: 6144, red: 10240
[438.981s][info ][gc,phases      ] GC(3017)   Pre Evacuate Collection Set: 0.1ms
[438.981s][debug][gc,phases      ] GC(3017)     Prepare TLABs: 0.0ms
[438.981s][debug][gc,phases      ] GC(3017)     Choose Collection Set: 0.0ms
[438.981s][debug][gc,phases      ] GC(3017)     Region Register: 0.1ms
[438.981s][debug][gc,phases      ] GC(3017)     Prepare Heap Roots: 0.0ms
[438.981s][info ][gc,phases      ] GC(3017)   Merge Heap Roots: 0.1ms
[438.981s][debug][gc,phases      ] GC(3017)     Prepare Merge Heap Roots: 0.0ms
[438.981s][debug][gc,phases      ] GC(3017)     Eager Reclaim (ms):       skipped
[438.981s][debug][gc,phases      ] GC(3017)     Remembered Sets (ms):     Min:  0.0, Avg:  0.0, Max:  0.0, Diff:  0.0, Sum:  0.0, Workers: 8
[438.981s][debug][gc,phases      ] GC(3017)       Merged Sparse:            Min: 0, Avg:  0.0, Max: 0, Diff: 0, Sum: 0, Workers: 8
[438.981s][debug][gc,phases      ] GC(3017)       Merged Fine:              Min: 0, Avg:  0.0, Max: 0, Diff: 0, Sum: 0, Workers: 8
[438.981s][debug][gc,phases      ] GC(3017)       Merged Coarse:            Min: 0, Avg:  0.0, Max: 0, Diff: 0, Sum: 0, Workers: 8
[438.981s][debug][gc,phases      ] GC(3017)       Dirty Cards:              Min: 0, Avg:  0.0, Max: 0, Diff: 0, Sum: 0, Workers: 8
[438.981s][debug][gc,phases      ] GC(3017)     Hot Card Cache (ms):      Min:  0.0, Avg:  0.0, Max:  0.0, Diff:  0.0, Sum:  0.0, Workers: 8
[438.981s][debug][gc,phases      ] GC(3017)       Dirty Cards:              Min: 0, Avg:  0.0, Max: 0, Diff: 0, Sum: 0, Workers: 8
[438.981s][debug][gc,phases      ] GC(3017)       Skipped Cards:            Min: 0, Avg:  0.0, Max: 0, Diff: 0, Sum: 0, Workers: 8
[438.981s][debug][gc,phases      ] GC(3017)     Log Buffers (ms):         Min:  0.0, Avg:  0.0, Max:  0.0, Diff:  0.0, Sum:  0.0, Workers: 8
[438.981s][debug][gc,phases      ] GC(3017)       Dirty Cards:              Min: 0, Avg:  0.1, Max: 1, Diff: 1, Sum: 1, Workers: 8
[438.981s][debug][gc,phases      ] GC(3017)       Skipped Cards:            Min: 0, Avg:  0.0, Max: 0, Diff: 0, Sum: 0, Workers: 8
[438.981s][info ][gc,phases      ] GC(3017)   Evacuate Collection Set: 0.2ms
[438.981s][debug][gc,phases      ] GC(3017)     Ext Root Scanning (ms):   Min:  0.0, Avg:  0.0, Max:  0.1, Diff:  0.1, Sum:  0.2, Workers: 8
[438.981s][debug][gc,phases      ] GC(3017)     Scan Heap Roots (ms):     Min:  0.0, Avg:  0.0, Max:  0.0, Diff:  0.0, Sum:  0.0, Workers: 8
[438.981s][debug][gc,phases      ] GC(3017)       Scanned Cards:            Min: 0, Avg:  0.1, Max: 1, Diff: 1, Sum: 1, Workers: 8
[438.981s][debug][gc,phases      ] GC(3017)       Scanned Blocks:           Min: 0, Avg:  0.1, Max: 1, Diff: 1, Sum: 1, Workers: 8
[438.981s][debug][gc,phases      ] GC(3017)       Claimed Chunks:           Min: 0, Avg:  0.1, Max: 1, Diff: 1, Sum: 1, Workers: 8
[438.981s][debug][gc,phases      ] GC(3017)     Code Root Scan (ms):      Min:  0.0, Avg:  0.0, Max:  0.0, Diff:  0.0, Sum:  0.0, Workers: 8
[438.981s][debug][gc,phases      ] GC(3017)     Object Copy (ms):         Min:  0.0, Avg:  0.0, Max:  0.0, Diff:  0.0, Sum:  0.0, Workers: 8
[438.981s][debug][gc,phases      ] GC(3017)     Termination (ms):         Min:  0.1, Avg:  0.1, Max:  0.1, Diff:  0.0, Sum:  0.8, Workers: 8
[438.981s][debug][gc,phases      ] GC(3017)       Termination Attempts:     Min: 1, Avg:  1.0, Max: 1, Diff: 0, Sum: 8, Workers: 8
[438.981s][debug][gc,phases      ] GC(3017)     GC Worker Other (ms):     Min:  0.0, Avg:  0.0, Max:  0.0, Diff:  0.0, Sum:  0.1, Workers: 8
[438.981s][debug][gc,phases      ] GC(3017)     GC Worker Total (ms):     Min:  0.1, Avg:  0.1, Max:  0.2, Diff:  0.1, Sum:  1.2, Workers: 8
[438.981s][info ][gc,phases      ] GC(3017)   Post Evacuate Collection Set: 0.3ms
[438.981s][debug][gc,phases      ] GC(3017)     Code Roots Fixup: 0.0ms
[438.981s][debug][gc,phases      ] GC(3017)     Clear Card Table: 0.1ms
[438.981s][debug][gc,phases      ] GC(3017)     Reference Processing: 0.0ms
[438.981s][debug][gc,phases,ref  ] GC(3017)       Reconsider SoftReferences: 0.0ms
[438.981s][debug][gc,phases,ref  ] GC(3017)         SoftRef (ms):             skipped
[438.981s][debug][gc,phases,ref  ] GC(3017)       Notify Soft/WeakReferences: 0.0ms
[438.981s][debug][gc,phases,ref  ] GC(3017)         SoftRef (ms):             skipped
[438.981s][debug][gc,phases,ref  ] GC(3017)         WeakRef (ms):             skipped
[438.981s][debug][gc,phases,ref  ] GC(3017)         FinalRef (ms):            skipped
[438.981s][debug][gc,phases,ref  ] GC(3017)         Total (ms):               skipped
[438.981s][debug][gc,phases,ref  ] GC(3017)       Notify and keep alive finalizable: 0.0ms
[438.981s][debug][gc,phases,ref  ] GC(3017)         FinalRef (ms):            skipped
[438.981s][debug][gc,phases,ref  ] GC(3017)       Notify PhantomReferences: 0.0ms
[438.981s][debug][gc,phases,ref  ] GC(3017)         PhantomRef (ms):          skipped
[438.981s][debug][gc,phases,ref  ] GC(3017)       SoftReference:
[438.981s][debug][gc,phases,ref  ] GC(3017)         Discovered: 0
[438.981s][debug][gc,phases,ref  ] GC(3017)         Cleared: 0
[438.981s][debug][gc,phases,ref  ] GC(3017)       WeakReference:
[438.981s][debug][gc,phases,ref  ] GC(3017)         Discovered: 0
[438.981s][debug][gc,phases,ref  ] GC(3017)         Cleared: 0
[438.981s][debug][gc,phases,ref  ] GC(3017)       FinalReference:
[438.981s][debug][gc,phases,ref  ] GC(3017)         Discovered: 0
[438.981s][debug][gc,phases,ref  ] GC(3017)         Cleared: 0
[438.981s][debug][gc,phases,ref  ] GC(3017)       PhantomReference:
[438.981s][debug][gc,phases,ref  ] GC(3017)         Discovered: 0
[438.981s][debug][gc,phases,ref  ] GC(3017)         Cleared: 0
[438.981s][debug][gc,phases      ] GC(3017)     Weak Processing: 0.1ms
[438.981s][debug][gc,phases      ] GC(3017)       JVMTI weak processing: 0.0ms
[438.981s][debug][gc,phases      ] GC(3017)         Dead: 0
[438.981s][debug][gc,phases      ] GC(3017)         Total: 0
[438.981s][debug][gc,phases      ] GC(3017)       JFR weak processing: 0.0ms
[438.981s][debug][gc,phases      ] GC(3017)         Dead: 0
[438.981s][debug][gc,phases      ] GC(3017)         Total: 0
[438.981s][debug][gc,phases      ] GC(3017)       JNI weak                  Min:  0.0, Avg:  0.0, Max:  0.0, Diff:  0.0, Sum:  0.0, Workers: 5
[438.982s][debug][gc,phases      ] GC(3017)         Dead                      Min: 0, Avg:  0.0, Max: 0, Diff: 0, Sum: 0, Workers: 5
[438.982s][debug][gc,phases      ] GC(3017)         Total                     Min: 0, Avg: 13.6, Max: 52, Diff: 52, Sum: 68, Workers: 5
[438.982s][debug][gc,phases      ] GC(3017)       VM weak                   Min:  0.0, Avg:  0.0, Max:  0.0, Diff:  0.0, Sum:  0.0, Workers: 5
[438.982s][debug][gc,phases      ] GC(3017)         Dead                      Min: 0, Avg:  0.0, Max: 0, Diff: 0, Sum: 0, Workers: 5
[438.982s][debug][gc,phases      ] GC(3017)         Total                     Min: 0, Avg: 42.6, Max: 128, Diff: 128, Sum: 213, Workers: 5
[438.982s][debug][gc,phases      ] GC(3017)       StringTable weak          Min:  0.0, Avg:  0.0, Max:  0.0, Diff:  0.0, Sum:  0.1, Workers: 5
[438.982s][debug][gc,phases      ] GC(3017)         Dead                      Min: 0, Avg:  0.0, Max: 0, Diff: 0, Sum: 0, Workers: 5
[438.982s][debug][gc,phases      ] GC(3017)         Total                     Min: 0, Avg: 682.0, Max: 1727, Diff: 1727, Sum: 3410, Workers: 5
[438.982s][debug][gc,phases      ] GC(3017)       ResolvedMethodTable weak  Min:  0.0, Avg:  0.0, Max:  0.0, Diff:  0.0, Sum:  0.0, Workers: 5
[438.982s][debug][gc,phases      ] GC(3017)         Dead                      Min: 0, Avg:  0.0, Max: 0, Diff: 0, Sum: 0, Workers: 5
[438.982s][debug][gc,phases      ] GC(3017)         Total                     Min: 0, Avg: 114.8, Max: 256, Diff: 256, Sum: 574, Workers: 5
[438.982s][debug][gc,phases      ] GC(3017)     Merge Per-Thread State: 0.0ms
[438.982s][debug][gc,phases      ] GC(3017)       Copied Bytes              Min: 0, Avg: 71.0, Max: 216, Diff: 216, Sum: 568, Workers: 8
[438.982s][debug][gc,phases      ] GC(3017)       LAB Waste                 Min: 0, Avg:  0.0, Max: 0, Diff: 0, Sum: 0, Workers: 8
[438.982s][debug][gc,phases      ] GC(3017)       LAB Undo Waste            Min: 0, Avg:  0.0, Max: 0, Diff: 0, Sum: 0, Workers: 8
[438.982s][debug][gc,phases      ] GC(3017)     Code Roots Purge: 0.0ms
[438.982s][debug][gc,phases      ] GC(3017)     Redirty Cards: 0.0ms
[438.982s][debug][gc,phases      ] GC(3017)     DerivedPointerTable Update: 0.0ms
[438.982s][debug][gc,phases      ] GC(3017)     Free Collection Set: 0.1ms
[438.982s][debug][gc,phases      ] GC(3017)     Rebuild Free List: 0.1ms
[438.982s][debug][gc,phases      ] GC(3017)     Humongous Reclaim: 0.0ms
[438.982s][debug][gc,phases      ] GC(3017)     Start New Collection Set: 0.0ms
[438.982s][debug][gc,phases      ] GC(3017)     Resize TLABs: 0.0ms
[438.982s][debug][gc,phases      ] GC(3017)     Expand Heap After Collection: 0.0ms
[438.982s][info ][gc,phases      ] GC(3017)   Other: 0.3ms
[438.982s][info ][gc,heap        ] GC(3017) Eden regions: 180->0(180)
[438.982s][info ][gc,heap        ] GC(3017) Survivor regions: 1->1(23)
[438.982s][info ][gc,heap        ] GC(3017) Old regions: 7->7
[438.982s][info ][gc,heap        ] GC(3017) Archive regions: 2->2
[438.982s][info ][gc,heap        ] GC(3017) Humongous regions: 0->0
[438.982s][info ][gc,metaspace   ] GC(3017) Metaspace: 9905K(10624K)->9905K(10624K) NonClass: 8758K(9216K)->8758K(9216K) Class: 1146K(1408K)->1146K(1408K)
[438.982s][debug][gc,heap        ] GC(3017) Heap after GC invocations=3018 (full 1): garbage-first heap   total 309248K, used 4067K [0x0000000700000000, 0x0000000800000000)
[438.982s][debug][gc,heap        ] GC(3017)   region size 1024K, 1 young (1024K), 1 survivors (1024K)
[438.982s][debug][gc,heap        ] GC(3017)  Metaspace       used 9905K, capacity 10179K, committed 10624K, reserved 1058816K
[438.982s][debug][gc,heap        ] GC(3017)   class space    used 1146K, capacity 1267K, committed 1408K, reserved 1048576K
[438.982s][info ][gc             ] GC(3017) Pause Young (Normal) (G1 Evacuation Pause) 183M->3M(302M) 1.958ms
[438.982s][info ][gc,cpu         ] GC(3017) User=0.00s Sys=0.00s Real=0.00s
[438.982s][info ][safepoint      ] Safepoint "G1CollectForAllocation", Time since last: 150013444 ns, Reaching safepoint: 139065 ns, At safepoint: 2140556 ns, Total: 2279621 ns
[439.131s][debug][gc,heap        ] GC(3018) Heap before GC invocations=3018 (full 1): garbage-first heap   total 309248K, used 188387K [0x0000000700000000, 0x0000000800000000)
[439.131s][debug][gc,heap        ] GC(3018)   region size 1024K, 181 young (185344K), 1 survivors (1024K)
[439.131s][debug][gc,heap        ] GC(3018)  Metaspace       used 9905K, capacity 10179K, committed 10624K, reserved 1058816K
[439.131s][debug][gc,heap        ] GC(3018)   class space    used 1146K, capacity 1267K, committed 1408K, reserved 1048576K
[439.131s][info ][gc,start       ] GC(3018) Pause Young (Normal) (G1 Evacuation Pause)
[439.131s][info ][gc,task        ] GC(3018) Using 8 workers of 8 for evacuation
[439.131s][debug][gc,tlab        ] GC(3018) TLAB totals: thrds: 8  refills: 725 max: 96 slow allocs: 0 max 0 waste:  0.8% gc: 1147696B max: 431968B slow: 421912B max: 55512B fast: 0B max: 0B
[439.131s][debug][gc,age         ] GC(3018) Desired survivor size 12058624 bytes, new threshold 15 (max threshold 15)
[439.131s][debug][gc,alloc,region] GC(3018) Mutator Allocation stats, regions: 180, wasted size: 0B ( 0.0%)
[439.131s][debug][gc,ergo        ] GC(3018) Running G1 Merge Heap Roots using 8 workers for 181 regions
[439.131s][debug][gc,remset      ] GC(3018) Visited cards 256 Total dirty 2048 (12.50%) Total old 759808 (0.03%)
[439.131s][debug][gc,ergo        ] GC(3018) Running G1 Clear Card Table Task using 1 workers for 1 units of work for 182 regions.
[439.131s][debug][gc,ref         ] GC(3018) Skipped phase1 of Reference Processing due to unavailable references
[439.131s][debug][gc,ref         ] GC(3018) Skipped phase2 of Reference Processing due to unavailable references
[439.131s][debug][gc,ref         ] GC(3018) Skipped phase3 of Reference Processing due to unavailable references
[439.131s][debug][gc,ref         ] GC(3018) Skipped phase4 of Reference Processing due to unavailable references
[439.131s][debug][gc,ergo        ] GC(3018) Running G1 Free Collection Set using 8 workers for collection set length 181 (302)
[439.132s][debug][gc,ergo        ] GC(3018) Running G1 Rebuild Free List Task using 8 workers for rebuilding free list of 0 (4096) regions
[439.132s][trace][gc,age         ] GC(3018) Age table with threshold 15 (max threshold 15)
[439.132s][trace][gc,age         ] GC(3018) - age   1:        456 bytes,        456 total
[439.132s][debug][gc,plab        ] GC(3018) Young PLAB allocation: allocated: 12384B, wasted: 0B, unused: 11928B, used: 456B, undo waste: 0B, 
[439.132s][debug][gc,plab        ] GC(3018) Young other allocation: region end waste: 0B, regions filled: 1, direct allocated: 0B, failure used: 0B, failure wasted: 0B
[439.132s][debug][gc,plab        ] GC(3018) Young sizing: calculated: 88B, actual: 2064B
[439.132s][debug][gc,plab        ] GC(3018) Old PLAB allocation: allocated: 0B, wasted: 0B, unused: 0B, used: 0B, undo waste: 0B, 
[439.132s][debug][gc,plab        ] GC(3018) Old other allocation: region end waste: 0B, regions filled: 1, direct allocated: 0B, failure used: 0B, failure wasted: 0B
[439.132s][debug][gc,plab        ] GC(3018) Old sizing: calculated: 0B, actual: 2064B
[439.132s][debug][gc,ihop        ] GC(3018) Basic information (value update), threshold: 142501478B (45.00), target occupancy: 316669952B, current occupancy: 4167128B, recent allocation size: 0B, recent allocation duration: 150.03ms, recent old gen allocation rate: 0.00B/s, recent marking phase length: 0.00ms
[439.132s][debug][gc,ihop        ] GC(3018) Adaptive IHOP information (value update), threshold: 142501478B (47.37), internal target occupancy: 300836454B, occupancy: 4167128B, additional buffer size: 189792256B, predicted old gen allocation rate: 0.00B/s, predicted marking phase length: 0.00ms, prediction active: false
[439.132s][debug][gc,ergo,refine ] GC(3018) Concurrent refinement times: Logged Cards Scan time goal: 20.00ms Logged Cards Scan time: 0.00ms HCC time: 0.00ms
[439.132s][debug][gc,ergo,refine ] GC(3018) Updated Refinement Zones: green: 2048, yellow: 6144, red: 10240
[439.132s][info ][gc,phases      ] GC(3018)   Pre Evacuate Collection Set: 0.1ms
[439.132s][debug][gc,phases      ] GC(3018)     Prepare TLABs: 0.0ms
[439.132s][debug][gc,phases      ] GC(3018)     Choose Collection Set: 0.0ms
[439.132s][debug][gc,phases      ] GC(3018)     Region Register: 0.1ms
[439.132s][debug][gc,phases      ] GC(3018)     Prepare Heap Roots: 0.0ms
[439.132s][info ][gc,phases      ] GC(3018)   Merge Heap Roots: 0.1ms
[439.132s][debug][gc,phases      ] GC(3018)     Prepare Merge Heap Roots: 0.0ms
[439.132s][debug][gc,phases      ] GC(3018)     Eager Reclaim (ms):       skipped
[439.132s][debug][gc,phases      ] GC(3018)     Remembered Sets (ms):     Min:  0.0, Avg:  0.0, Max:  0.0, Diff:  0.0, Sum:  0.1, Workers: 8
[439.132s][debug][gc,phases      ] GC(3018)       Merged Sparse:            Min: 0, Avg:  0.0, Max: 0, Diff: 0, Sum: 0, Workers: 8
[439.132s][debug][gc,phases      ] GC(3018)       Merged Fine:              Min: 0, Avg:  0.0, Max: 0, Diff: 0, Sum: 0, Workers: 8
[439.132s][debug][gc,phases      ] GC(3018)       Merged Coarse:            Min: 0, Avg:  0.0, Max: 0, Diff: 0, Sum: 0, Workers: 8
[439.132s][debug][gc,phases      ] GC(3018)       Dirty Cards:              Min: 0, Avg:  0.0, Max: 0, Diff: 0, Sum: 0, Workers: 8
[439.132s][debug][gc,phases      ] GC(3018)     Hot Card Cache (ms):      Min:  0.0, Avg:  0.0, Max:  0.0, Diff:  0.0, Sum:  0.0, Workers: 8
[439.132s][debug][gc,phases      ] GC(3018)       Dirty Cards:              Min: 0, Avg:  0.0, Max: 0, Diff: 0, Sum: 0, Workers: 8
[439.132s][debug][gc,phases      ] GC(3018)       Skipped Cards:            Min: 0, Avg:  0.0, Max: 0, Diff: 0, Sum: 0, Workers: 8
[439.132s][debug][gc,phases      ] GC(3018)     Log Buffers (ms):         Min:  0.0, Avg:  0.0, Max:  0.0, Diff:  0.0, Sum:  0.0, Workers: 8
[439.132s][debug][gc,phases      ] GC(3018)       Dirty Cards:              Min: 0, Avg:  0.1, Max: 1, Diff: 1, Sum: 1, Workers: 8
[439.132s][debug][gc,phases      ] GC(3018)       Skipped Cards:            Min: 0, Avg:  0.0, Max: 0, Diff: 0, Sum: 0, Workers: 8
[439.132s][info ][gc,phases      ] GC(3018)   Evacuate Collection Set: 0.1ms
[439.132s][debug][gc,phases      ] GC(3018)     Ext Root Scanning (ms):   Min:  0.0, Avg:  0.0, Max:  0.1, Diff:  0.1, Sum:  0.2, Workers: 8
[439.132s][debug][gc,phases      ] GC(3018)     Scan Heap Roots (ms):     Min:  0.0, Avg:  0.0, Max:  0.0, Diff:  0.0, Sum:  0.0, Workers: 8
[439.132s][debug][gc,phases      ] GC(3018)       Scanned Cards:            Min: 0, Avg:  0.1, Max: 1, Diff: 1, Sum: 1, Workers: 8
[439.132s][debug][gc,phases      ] GC(3018)       Scanned Blocks:           Min: 0, Avg:  0.1, Max: 1, Diff: 1, Sum: 1, Workers: 8
[439.132s][debug][gc,phases      ] GC(3018)       Claimed Chunks:           Min: 0, Avg:  0.1, Max: 1, Diff: 1, Sum: 1, Workers: 8
[439.132s][debug][gc,phases      ] GC(3018)     Code Root Scan (ms):      Min:  0.0, Avg:  0.0, Max:  0.0, Diff:  0.0, Sum:  0.0, Workers: 8
[439.132s][debug][gc,phases      ] GC(3018)     Object Copy (ms):         Min:  0.0, Avg:  0.0, Max:  0.0, Diff:  0.0, Sum:  0.0, Workers: 8
[439.132s][debug][gc,phases      ] GC(3018)     Termination (ms):         Min:  0.0, Avg:  0.0, Max:  0.1, Diff:  0.0, Sum:  0.4, Workers: 8
[439.132s][debug][gc,phases      ] GC(3018)       Termination Attempts:     Min: 1, Avg:  1.0, Max: 1, Diff: 0, Sum: 8, Workers: 8
[439.132s][debug][gc,phases      ] GC(3018)     GC Worker Other (ms):     Min:  0.0, Avg:  0.0, Max:  0.0, Diff:  0.0, Sum:  0.1, Workers: 8
[439.132s][debug][gc,phases      ] GC(3018)     GC Worker Total (ms):     Min:  0.0, Avg:  0.1, Max:  0.1, Diff:  0.1, Sum:  0.8, Workers: 8
[439.132s][info ][gc,phases      ] GC(3018)   Post Evacuate Collection Set: 0.4ms
[439.132s][debug][gc,phases      ] GC(3018)     Code Roots Fixup: 0.0ms
[439.132s][debug][gc,phases      ] GC(3018)     Clear Card Table: 0.1ms
[439.132s][debug][gc,phases      ] GC(3018)     Reference Processing: 0.0ms
[439.132s][debug][gc,phases,ref  ] GC(3018)       Reconsider SoftReferences: 0.0ms
[439.132s][debug][gc,phases,ref  ] GC(3018)         SoftRef (ms):             skipped
[439.132s][debug][gc,phases,ref  ] GC(3018)       Notify Soft/WeakReferences: 0.0ms
[439.132s][debug][gc,phases,ref  ] GC(3018)         SoftRef (ms):             skipped
[439.132s][debug][gc,phases,ref  ] GC(3018)         WeakRef (ms):             skipped
[439.132s][debug][gc,phases,ref  ] GC(3018)         FinalRef (ms):            skipped
[439.132s][debug][gc,phases,ref  ] GC(3018)         Total (ms):               skipped
[439.132s][debug][gc,phases,ref  ] GC(3018)       Notify and keep alive finalizable: 0.0ms
[439.132s][debug][gc,phases,ref  ] GC(3018)         FinalRef (ms):            skipped
[439.132s][debug][gc,phases,ref  ] GC(3018)       Notify PhantomReferences: 0.0ms
[439.132s][debug][gc,phases,ref  ] GC(3018)         PhantomRef (ms):          skipped
[439.132s][debug][gc,phases,ref  ] GC(3018)       SoftReference:
[439.132s][debug][gc,phases,ref  ] GC(3018)         Discovered: 0
[439.132s][debug][gc,phases,ref  ] GC(3018)         Cleared: 0
[439.132s][debug][gc,phases,ref  ] GC(3018)       WeakReference:
[439.132s][debug][gc,phases,ref  ] GC(3018)         Discovered: 0
[439.132s][debug][gc,phases,ref  ] GC(3018)         Cleared: 0
[439.132s][debug][gc,phases,ref  ] GC(3018)       FinalReference:
[439.132s][debug][gc,phases,ref  ] GC(3018)         Discovered: 0
[439.132s][debug][gc,phases,ref  ] GC(3018)         Cleared: 0
[439.132s][debug][gc,phases,ref  ] GC(3018)       PhantomReference:
[439.132s][debug][gc,phases,ref  ] GC(3018)         Discovered: 0
[439.132s][debug][gc,phases,ref  ] GC(3018)         Cleared: 0
[439.132s][debug][gc,phases      ] GC(3018)     Weak Processing: 0.0ms
[439.132s][debug][gc,phases      ] GC(3018)       JVMTI weak processing: 0.0ms
[439.132s][debug][gc,phases      ] GC(3018)         Dead: 0
[439.132s][debug][gc,phases      ] GC(3018)         Total: 0
[439.132s][debug][gc,phases      ] GC(3018)       JFR weak processing: 0.0ms
[439.132s][debug][gc,phases      ] GC(3018)         Dead: 0
[439.132s][debug][gc,phases      ] GC(3018)         Total: 0
[439.132s][debug][gc,phases      ] GC(3018)       JNI weak                  Min:  0.0, Avg:  0.0, Max:  0.0, Diff:  0.0, Sum:  0.0, Workers: 5
[439.132s][debug][gc,phases      ] GC(3018)         Dead                      Min: 0, Avg:  0.0, Max: 0, Diff: 0, Sum: 0, Workers: 5
[439.132s][debug][gc,phases      ] GC(3018)         Total                     Min: 0, Avg: 13.6, Max: 68, Diff: 68, Sum: 68, Workers: 5
[439.132s][debug][gc,phases      ] GC(3018)       VM weak                   Min:  0.0, Avg:  0.0, Max:  0.0, Diff:  0.0, Sum:  0.0, Workers: 5
[439.132s][debug][gc,phases      ] GC(3018)         Dead                      Min: 0, Avg:  0.0, Max: 0, Diff: 0, Sum: 0, Workers: 5
[439.132s][debug][gc,phases      ] GC(3018)         Total                     Min: 0, Avg: 42.6, Max: 85, Diff: 85, Sum: 213, Workers: 5
[439.132s][debug][gc,phases      ] GC(3018)       StringTable weak          Min:  0.0, Avg:  0.0, Max:  0.0, Diff:  0.0, Sum:  0.1, Workers: 5
[439.132s][debug][gc,phases      ] GC(3018)         Dead                      Min: 0, Avg:  0.0, Max: 0, Diff: 0, Sum: 0, Workers: 5
[439.132s][debug][gc,phases      ] GC(3018)         Total                     Min: 0, Avg: 682.0, Max: 1023, Diff: 1023, Sum: 3410, Workers: 5
[439.132s][debug][gc,phases      ] GC(3018)       ResolvedMethodTable weak  Min:  0.0, Avg:  0.0, Max:  0.0, Diff:  0.0, Sum:  0.0, Workers: 5
[439.132s][debug][gc,phases      ] GC(3018)         Dead                      Min: 0, Avg:  0.0, Max: 0, Diff: 0, Sum: 0, Workers: 5
[439.132s][debug][gc,phases      ] GC(3018)         Total                     Min: 0, Avg: 114.8, Max: 190, Diff: 190, Sum: 574, Workers: 5
[439.132s][debug][gc,phases      ] GC(3018)     Merge Per-Thread State: 0.0ms
[439.132s][debug][gc,phases      ] GC(3018)       Copied Bytes              Min: 0, Avg: 57.0, Max: 144, Diff: 144, Sum: 456, Workers: 8
[439.132s][debug][gc,phases      ] GC(3018)       LAB Waste                 Min: 0, Avg:  0.0, Max: 0, Diff: 0, Sum: 0, Workers: 8
[439.132s][debug][gc,phases      ] GC(3018)       LAB Undo Waste            Min: 0, Avg:  0.0, Max: 0, Diff: 0, Sum: 0, Workers: 8
[439.133s][debug][gc,phases      ] GC(3018)     Code Roots Purge: 0.0ms
[439.133s][debug][gc,phases      ] GC(3018)     Redirty Cards: 0.0ms
[439.133s][debug][gc,phases      ] GC(3018)     DerivedPointerTable Update: 0.0ms
[439.133s][debug][gc,phases      ] GC(3018)     Free Collection Set: 0.1ms
[439.133s][debug][gc,phases      ] GC(3018)     Rebuild Free List: 0.1ms
[439.133s][debug][gc,phases      ] GC(3018)     Humongous Reclaim: 0.0ms
[439.133s][debug][gc,phases      ] GC(3018)     Start New Collection Set: 0.0ms
[439.133s][debug][gc,phases      ] GC(3018)     Resize TLABs: 0.0ms
[439.133s][debug][gc,phases      ] GC(3018)     Expand Heap After Collection: 0.0ms
[439.133s][info ][gc,phases      ] GC(3018)   Other: 0.4ms
[439.133s][info ][gc,heap        ] GC(3018) Eden regions: 180->0(180)
[439.133s][info ][gc,heap        ] GC(3018) Survivor regions: 1->1(23)
[439.133s][info ][gc,heap        ] GC(3018) Old regions: 7->7
[439.133s][info ][gc,heap        ] GC(3018) Archive regions: 2->2
[439.133s][info ][gc,heap        ] GC(3018) Humongous regions: 0->0
[439.133s][info ][gc,metaspace   ] GC(3018) Metaspace: 9905K(10624K)->9905K(10624K) NonClass: 8758K(9216K)->8758K(9216K) Class: 1146K(1408K)->1146K(1408K)
[439.133s][debug][gc,heap        ] GC(3018) Heap after GC invocations=3019 (full 1): garbage-first heap   total 309248K, used 4069K [0x0000000700000000, 0x0000000800000000)
[439.133s][debug][gc,heap        ] GC(3018)   region size 1024K, 1 young (1024K), 1 survivors (1024K)
[439.133s][debug][gc,heap        ] GC(3018)  Metaspace       used 9905K, capacity 10179K, committed 10624K, reserved 1058816K
[439.133s][debug][gc,heap        ] GC(3018)   class space    used 1146K, capacity 1267K, committed 1408K, reserved 1048576K
[439.133s][info ][gc             ] GC(3018) Pause Young (Normal) (G1 Evacuation Pause) 183M->3M(302M) 1.860ms
[439.133s][info ][gc,cpu         ] GC(3018) User=0.00s Sys=0.01s Real=0.00s
[439.133s][info ][safepoint      ] Safepoint "G1CollectForAllocation", Time since last: 148644269 ns, Reaching safepoint: 158167 ns, At safepoint: 2059770 ns, Total: 2217937 ns
[439.283s][debug][gc,heap        ] GC(3019) Heap before GC invocations=3019 (full 1): garbage-first heap   total 309248K, used 188389K [0x0000000700000000, 0x0000000800000000)
[439.283s][debug][gc,heap        ] GC(3019)   region size 1024K, 181 young (185344K), 1 survivors (1024K)
[439.283s][debug][gc,heap        ] GC(3019)  Metaspace       used 9905K, capacity 10179K, committed 10624K, reserved 1058816K
[439.283s][debug][gc,heap        ] GC(3019)   class space    used 1146K, capacity 1267K, committed 1408K, reserved 1048576K
[439.283s][info ][gc,start       ] GC(3019) Pause Young (Normal) (G1 Evacuation Pause)
[439.283s][info ][gc,task        ] GC(3019) Using 8 workers of 8 for evacuation
[439.283s][debug][gc,tlab        ] GC(3019) TLAB totals: thrds: 8  refills: 723 max: 101 slow allocs: 0 max 0 waste:  0.9% gc: 1293072B max: 350824B slow: 418424B max: 58728B fast: 0B max: 0B
[439.283s][debug][gc,age         ] GC(3019) Desired survivor size 12058624 bytes, new threshold 15 (max threshold 15)
[439.283s][debug][gc,alloc,region] GC(3019) Mutator Allocation stats, regions: 180, wasted size: 0B ( 0.0%)
[439.283s][debug][gc,ergo        ] GC(3019) Running G1 Merge Heap Roots using 8 workers for 181 regions
[439.283s][debug][gc,remset      ] GC(3019) Visited cards 256 Total dirty 2048 (12.50%) Total old 759808 (0.03%)
[439.283s][debug][gc,ergo        ] GC(3019) Running G1 Clear Card Table Task using 1 workers for 1 units of work for 182 regions.
[439.283s][debug][gc,ref         ] GC(3019) Skipped phase1 of Reference Processing due to unavailable references
[439.283s][debug][gc,ref         ] GC(3019) Skipped phase2 of Reference Processing due to unavailable references
[439.283s][debug][gc,ref         ] GC(3019) Skipped phase3 of Reference Processing due to unavailable references
[439.283s][debug][gc,ref         ] GC(3019) Skipped phase4 of Reference Processing due to unavailable references
[439.283s][debug][gc,ergo        ] GC(3019) Running G1 Free Collection Set using 8 workers for collection set length 181 (302)
[439.284s][debug][gc,ergo        ] GC(3019) Running G1 Rebuild Free List Task using 8 workers for rebuilding free list of 0 (4096) regions
[439.284s][trace][gc,age         ] GC(3019) Age table with threshold 15 (max threshold 15)
[439.284s][trace][gc,age         ] GC(3019) - age   1:        464 bytes,        464 total
[439.284s][debug][gc,plab        ] GC(3019) Young PLAB allocation: allocated: 14448B, wasted: 0B, unused: 13984B, used: 464B, undo waste: 0B, 
[439.284s][debug][gc,plab        ] GC(3019) Young other allocation: region end waste: 0B, regions filled: 1, direct allocated: 0B, failure used: 0B, failure wasted: 0B
[439.284s][debug][gc,plab        ] GC(3019) Young sizing: calculated: 88B, actual: 2064B
[439.284s][debug][gc,plab        ] GC(3019) Old PLAB allocation: allocated: 0B, wasted: 0B, unused: 0B, used: 0B, undo waste: 0B, 
[439.284s][debug][gc,plab        ] GC(3019) Old other allocation: region end waste: 0B, regions filled: 1, direct allocated: 0B, failure used: 0B, failure wasted: 0B
[439.284s][debug][gc,plab        ] GC(3019) Old sizing: calculated: 0B, actual: 2064B
[439.284s][debug][gc,ihop        ] GC(3019) Basic information (value update), threshold: 142501478B (45.00), target occupancy: 316669952B, current occupancy: 4169192B, recent allocation size: 0B, recent allocation duration: 151.13ms, recent old gen allocation rate: 0.00B/s, recent marking phase length: 0.00ms
[439.284s][debug][gc,ihop        ] GC(3019) Adaptive IHOP information (value update), threshold: 142501478B (47.37), internal target occupancy: 300836454B, occupancy: 4169192B, additional buffer size: 189792256B, predicted old gen allocation rate: 0.00B/s, predicted marking phase length: 0.00ms, prediction active: false
[439.284s][debug][gc,ergo,refine ] GC(3019) Concurrent refinement times: Logged Cards Scan time goal: 20.00ms Logged Cards Scan time: 0.00ms HCC time: 0.00ms
[439.284s][debug][gc,ergo,refine ] GC(3019) Updated Refinement Zones: green: 2048, yellow: 6144, red: 10240
[439.284s][info ][gc,phases      ] GC(3019)   Pre Evacuate Collection Set: 0.1ms
[439.284s][debug][gc,phases      ] GC(3019)     Prepare TLABs: 0.0ms
[439.284s][debug][gc,phases      ] GC(3019)     Choose Collection Set: 0.0ms
[439.284s][debug][gc,phases      ] GC(3019)     Region Register: 0.1ms
[439.284s][debug][gc,phases      ] GC(3019)     Prepare Heap Roots: 0.0ms
[439.284s][info ][gc,phases      ] GC(3019)   Merge Heap Roots: 0.1ms
[439.284s][debug][gc,phases      ] GC(3019)     Prepare Merge Heap Roots: 0.0ms
[439.284s][debug][gc,phases      ] GC(3019)     Eager Reclaim (ms):       skipped
[439.284s][debug][gc,phases      ] GC(3019)     Remembered Sets (ms):     Min:  0.0, Avg:  0.0, Max:  0.0, Diff:  0.0, Sum:  0.0, Workers: 8
[439.284s][debug][gc,phases      ] GC(3019)       Merged Sparse:            Min: 0, Avg:  0.0, Max: 0, Diff: 0, Sum: 0, Workers: 8
[439.284s][debug][gc,phases      ] GC(3019)       Merged Fine:              Min: 0, Avg:  0.0, Max: 0, Diff: 0, Sum: 0, Workers: 8
[439.284s][debug][gc,phases      ] GC(3019)       Merged Coarse:            Min: 0, Avg:  0.0, Max: 0, Diff: 0, Sum: 0, Workers: 8
[439.284s][debug][gc,phases      ] GC(3019)       Dirty Cards:              Min: 0, Avg:  0.0, Max: 0, Diff: 0, Sum: 0, Workers: 8
[439.284s][debug][gc,phases      ] GC(3019)     Hot Card Cache (ms):      Min:  0.0, Avg:  0.0, Max:  0.0, Diff:  0.0, Sum:  0.0, Workers: 8
[439.284s][debug][gc,phases      ] GC(3019)       Dirty Cards:              Min: 0, Avg:  0.0, Max: 0, Diff: 0, Sum: 0, Workers: 8
[439.284s][debug][gc,phases      ] GC(3019)       Skipped Cards:            Min: 0, Avg:  0.0, Max: 0, Diff: 0, Sum: 0, Workers: 8
[439.284s][debug][gc,phases      ] GC(3019)     Log Buffers (ms):         Min:  0.0, Avg:  0.0, Max:  0.0, Diff:  0.0, Sum:  0.0, Workers: 8
[439.284s][debug][gc,phases      ] GC(3019)       Dirty Cards:              Min: 0, Avg:  0.1, Max: 1, Diff: 1, Sum: 1, Workers: 8
[439.284s][debug][gc,phases      ] GC(3019)       Skipped Cards:            Min: 0, Avg:  0.0, Max: 0, Diff: 0, Sum: 0, Workers: 8
[439.284s][info ][gc,phases      ] GC(3019)   Evacuate Collection Set: 0.2ms
[439.284s][debug][gc,phases      ] GC(3019)     Ext Root Scanning (ms):   Min:  0.0, Avg:  0.0, Max:  0.0, Diff:  0.0, Sum:  0.2, Workers: 8
[439.284s][debug][gc,phases      ] GC(3019)     Scan Heap Roots (ms):     Min:  0.0, Avg:  0.0, Max:  0.0, Diff:  0.0, Sum:  0.0, Workers: 8
[439.284s][debug][gc,phases      ] GC(3019)       Scanned Cards:            Min: 0, Avg:  0.1, Max: 1, Diff: 1, Sum: 1, Workers: 8
[439.284s][debug][gc,phases      ] GC(3019)       Scanned Blocks:           Min: 0, Avg:  0.1, Max: 1, Diff: 1, Sum: 1, Workers: 8
[439.284s][debug][gc,phases      ] GC(3019)       Claimed Chunks:           Min: 0, Avg:  0.1, Max: 1, Diff: 1, Sum: 1, Workers: 8
[439.284s][debug][gc,phases      ] GC(3019)     Code Root Scan (ms):      Min:  0.0, Avg:  0.0, Max:  0.0, Diff:  0.0, Sum:  0.0, Workers: 8
[439.284s][debug][gc,phases      ] GC(3019)     Object Copy (ms):         Min:  0.0, Avg:  0.0, Max:  0.0, Diff:  0.0, Sum:  0.0, Workers: 8
[439.284s][debug][gc,phases      ] GC(3019)     Termination (ms):         Min:  0.0, Avg:  0.1, Max:  0.1, Diff:  0.0, Sum:  0.4, Workers: 8
[439.284s][debug][gc,phases      ] GC(3019)       Termination Attempts:     Min: 1, Avg:  1.0, Max: 1, Diff: 0, Sum: 8, Workers: 8
[439.284s][debug][gc,phases      ] GC(3019)     GC Worker Other (ms):     Min:  0.0, Avg:  0.0, Max:  0.0, Diff:  0.0, Sum:  0.1, Workers: 8
[439.284s][debug][gc,phases      ] GC(3019)     GC Worker Total (ms):     Min:  0.1, Avg:  0.1, Max:  0.1, Diff:  0.0, Sum:  0.8, Workers: 8
[439.284s][info ][gc,phases      ] GC(3019)   Post Evacuate Collection Set: 0.3ms
[439.284s][debug][gc,phases      ] GC(3019)     Code Roots Fixup: 0.0ms
[439.284s][debug][gc,phases      ] GC(3019)     Clear Card Table: 0.1ms
[439.284s][debug][gc,phases      ] GC(3019)     Reference Processing: 0.0ms
[439.284s][debug][gc,phases,ref  ] GC(3019)       Reconsider SoftReferences: 0.0ms
[439.284s][debug][gc,phases,ref  ] GC(3019)         SoftRef (ms):             skipped
[439.284s][debug][gc,phases,ref  ] GC(3019)       Notify Soft/WeakReferences: 0.0ms
[439.284s][debug][gc,phases,ref  ] GC(3019)         SoftRef (ms):             skipped
[439.284s][debug][gc,phases,ref  ] GC(3019)         WeakRef (ms):             skipped
[439.284s][debug][gc,phases,ref  ] GC(3019)         FinalRef (ms):            skipped
[439.284s][debug][gc,phases,ref  ] GC(3019)         Total (ms):               skipped
[439.284s][debug][gc,phases,ref  ] GC(3019)       Notify and keep alive finalizable: 0.0ms
[439.284s][debug][gc,phases,ref  ] GC(3019)         FinalRef (ms):            skipped
[439.284s][debug][gc,phases,ref  ] GC(3019)       Notify PhantomReferences: 0.0ms
[439.284s][debug][gc,phases,ref  ] GC(3019)         PhantomRef (ms):          skipped
[439.284s][debug][gc,phases,ref  ] GC(3019)       SoftReference:
[439.284s][debug][gc,phases,ref  ] GC(3019)         Discovered: 0
[439.284s][debug][gc,phases,ref  ] GC(3019)         Cleared: 0
[439.284s][debug][gc,phases,ref  ] GC(3019)       WeakReference:
[439.284s][debug][gc,phases,ref  ] GC(3019)         Discovered: 0
[439.284s][debug][gc,phases,ref  ] GC(3019)         Cleared: 0
[439.284s][debug][gc,phases,ref  ] GC(3019)       FinalReference:
[439.284s][debug][gc,phases,ref  ] GC(3019)         Discovered: 0
[439.284s][debug][gc,phases,ref  ] GC(3019)         Cleared: 0
[439.284s][debug][gc,phases,ref  ] GC(3019)       PhantomReference:
[439.284s][debug][gc,phases,ref  ] GC(3019)         Discovered: 0
[439.284s][debug][gc,phases,ref  ] GC(3019)         Cleared: 0
[439.284s][debug][gc,phases      ] GC(3019)     Weak Processing: 0.0ms
[439.284s][debug][gc,phases      ] GC(3019)       JVMTI weak processing: 0.0ms
[439.284s][debug][gc,phases      ] GC(3019)         Dead: 0
[439.284s][debug][gc,phases      ] GC(3019)         Total: 0
[439.284s][debug][gc,phases      ] GC(3019)       JFR weak processing: 0.0ms
[439.284s][debug][gc,phases      ] GC(3019)         Dead: 0
[439.284s][debug][gc,phases      ] GC(3019)         Total: 0
[439.284s][debug][gc,phases      ] GC(3019)       JNI weak                  Min:  0.0, Avg:  0.0, Max:  0.0, Diff:  0.0, Sum:  0.0, Workers: 5
[439.284s][debug][gc,phases      ] GC(3019)         Dead                      Min: 0, Avg:  0.0, Max: 0, Diff: 0, Sum: 0, Workers: 5
[439.284s][debug][gc,phases      ] GC(3019)         Total                     Min: 0, Avg: 13.6, Max: 52, Diff: 52, Sum: 68, Workers: 5
[439.284s][debug][gc,phases      ] GC(3019)       VM weak                   Min:  0.0, Avg:  0.0, Max:  0.0, Diff:  0.0, Sum:  0.0, Workers: 5
[439.284s][debug][gc,phases      ] GC(3019)         Dead                      Min: 0, Avg:  0.0, Max: 0, Diff: 0, Sum: 0, Workers: 5
[439.284s][debug][gc,phases      ] GC(3019)         Total                     Min: 0, Avg: 42.6, Max: 128, Diff: 128, Sum: 213, Workers: 5
[439.284s][debug][gc,phases      ] GC(3019)       StringTable weak          Min:  0.0, Avg:  0.0, Max:  0.0, Diff:  0.0, Sum:  0.1, Workers: 5
[439.284s][debug][gc,phases      ] GC(3019)         Dead                      Min: 0, Avg:  0.0, Max: 0, Diff: 0, Sum: 0, Workers: 5
[439.284s][debug][gc,phases      ] GC(3019)         Total                     Min: 0, Avg: 682.0, Max: 1747, Diff: 1747, Sum: 3410, Workers: 5
[439.284s][debug][gc,phases      ] GC(3019)       ResolvedMethodTable weak  Min:  0.0, Avg:  0.0, Max:  0.0, Diff:  0.0, Sum:  0.0, Workers: 5
[439.284s][debug][gc,phases      ] GC(3019)         Dead                      Min: 0, Avg:  0.0, Max: 0, Diff: 0, Sum: 0, Workers: 5
[439.284s][debug][gc,phases      ] GC(3019)         Total                     Min: 0, Avg: 114.8, Max: 190, Diff: 190, Sum: 574, Workers: 5
[439.284s][debug][gc,phases      ] GC(3019)     Merge Per-Thread State: 0.0ms
[439.284s][debug][gc,phases      ] GC(3019)       Copied Bytes              Min: 0, Avg: 58.0, Max: 144, Diff: 144, Sum: 464, Workers: 8
[439.284s][debug][gc,phases      ] GC(3019)       LAB Waste                 Min: 0, Avg:  0.0, Max: 0, Diff: 0, Sum: 0, Workers: 8
[439.284s][debug][gc,phases      ] GC(3019)       LAB Undo Waste            Min: 0, Avg:  0.0, Max: 0, Diff: 0, Sum: 0, Workers: 8
[439.284s][debug][gc,phases      ] GC(3019)     Code Roots Purge: 0.0ms
[439.285s][debug][gc,phases      ] GC(3019)     Redirty Cards: 0.0ms
[439.285s][debug][gc,phases      ] GC(3019)     DerivedPointerTable Update: 0.0ms
[439.285s][debug][gc,phases      ] GC(3019)     Free Collection Set: 0.1ms
[439.285s][debug][gc,phases      ] GC(3019)     Rebuild Free List: 0.1ms
[439.285s][debug][gc,phases      ] GC(3019)     Humongous Reclaim: 0.0ms
[439.285s][debug][gc,phases      ] GC(3019)     Start New Collection Set: 0.0ms
[439.285s][debug][gc,phases      ] GC(3019)     Resize TLABs: 0.0ms
[439.285s][debug][gc,phases      ] GC(3019)     Expand Heap After Collection: 0.0ms
[439.285s][info ][gc,phases      ] GC(3019)   Other: 0.3ms
[439.285s][info ][gc,heap        ] GC(3019) Eden regions: 180->0(180)
[439.285s][info ][gc,heap        ] GC(3019) Survivor regions: 1->1(23)
[439.285s][info ][gc,heap        ] GC(3019) Old regions: 7->7
[439.285s][info ][gc,heap        ] GC(3019) Archive regions: 2->2
[439.285s][info ][gc,heap        ] GC(3019) Humongous regions: 0->0
[439.285s][info ][gc,metaspace   ] GC(3019) Metaspace: 9905K(10624K)->9905K(10624K) NonClass: 8758K(9216K)->8758K(9216K) Class: 1146K(1408K)->1146K(1408K)
[439.285s][debug][gc,heap        ] GC(3019) Heap after GC invocations=3020 (full 1): garbage-first heap   total 309248K, used 4071K [0x0000000700000000, 0x0000000800000000)
[439.285s][debug][gc,heap        ] GC(3019)   region size 1024K, 1 young (1024K), 1 survivors (1024K)
[439.285s][debug][gc,heap        ] GC(3019)  Metaspace       used 9905K, capacity 10179K, committed 10624K, reserved 1058816K
[439.285s][debug][gc,heap        ] GC(3019)   class space    used 1146K, capacity 1267K, committed 1408K, reserved 1048576K
[439.285s][info ][gc             ] GC(3019) Pause Young (Normal) (G1 Evacuation Pause) 183M->3M(302M) 1.896ms
[439.285s][info ][gc,cpu         ] GC(3019) User=0.00s Sys=0.00s Real=0.01s
[439.285s][info ][safepoint      ] Safepoint "G1CollectForAllocation", Time since last: 149799872 ns, Reaching safepoint: 109173 ns, At safepoint: 2083654 ns, Total: 2192827 ns
[439.432s][debug][gc,heap        ] GC(3020) Heap before GC invocations=3020 (full 1): garbage-first heap   total 309248K, used 188391K [0x0000000700000000, 0x0000000800000000)
[439.432s][debug][gc,heap        ] GC(3020)   region size 1024K, 181 young (185344K), 1 survivors (1024K)
[439.432s][debug][gc,heap        ] GC(3020)  Metaspace       used 9905K, capacity 10179K, committed 10624K, reserved 1058816K
[439.432s][debug][gc,heap        ] GC(3020)   class space    used 1146K, capacity 1267K, committed 1408K, reserved 1048576K
[439.432s][info ][gc,start       ] GC(3020) Pause Young (Normal) (G1 Evacuation Pause)
[439.432s][info ][gc,task        ] GC(3020) Using 8 workers of 8 for evacuation
[439.432s][debug][gc,tlab        ] GC(3020) TLAB totals: thrds: 8  refills: 723 max: 101 slow allocs: 0 max 0 waste:  1.1% gc: 1589504B max: 411928B slow: 418440B max: 58200B fast: 0B max: 0B
[439.432s][debug][gc,age         ] GC(3020) Desired survivor size 12058624 bytes, new threshold 15 (max threshold 15)
[439.432s][debug][gc,alloc,region] GC(3020) Mutator Allocation stats, regions: 180, wasted size: 0B ( 0.0%)
[439.433s][debug][gc,ergo        ] GC(3020) Running G1 Merge Heap Roots using 8 workers for 181 regions
[439.433s][debug][gc,remset      ] GC(3020) Visited cards 256 Total dirty 2048 (12.50%) Total old 759808 (0.03%)
[439.433s][debug][gc,ergo        ] GC(3020) Running G1 Clear Card Table Task using 1 workers for 1 units of work for 182 regions.
[439.433s][debug][gc,ref         ] GC(3020) Skipped phase1 of Reference Processing due to unavailable references
[439.433s][debug][gc,ref         ] GC(3020) Skipped phase2 of Reference Processing due to unavailable references
[439.433s][debug][gc,ref         ] GC(3020) Skipped phase3 of Reference Processing due to unavailable references
[439.433s][debug][gc,ref         ] GC(3020) Skipped phase4 of Reference Processing due to unavailable references
[439.433s][debug][gc,ergo        ] GC(3020) Running G1 Free Collection Set using 8 workers for collection set length 181 (302)
[439.433s][debug][gc,ergo        ] GC(3020) Running G1 Rebuild Free List Task using 8 workers for rebuilding free list of 0 (4096) regions
[439.433s][trace][gc,age         ] GC(3020) Age table with threshold 15 (max threshold 15)
[439.433s][trace][gc,age         ] GC(3020) - age   1:        456 bytes,        456 total
[439.433s][debug][gc,plab        ] GC(3020) Young PLAB allocation: allocated: 12384B, wasted: 0B, unused: 11928B, used: 456B, undo waste: 0B, 
[439.433s][debug][gc,plab        ] GC(3020) Young other allocation: region end waste: 0B, regions filled: 1, direct allocated: 0B, failure used: 0B, failure wasted: 0B
[439.433s][debug][gc,plab        ] GC(3020) Young sizing: calculated: 88B, actual: 2064B
[439.433s][debug][gc,plab        ] GC(3020) Old PLAB allocation: allocated: 0B, wasted: 0B, unused: 0B, used: 0B, undo waste: 0B, 
[439.433s][debug][gc,plab        ] GC(3020) Old other allocation: region end waste: 0B, regions filled: 1, direct allocated: 0B, failure used: 0B, failure wasted: 0B
[439.433s][debug][gc,plab        ] GC(3020) Old sizing: calculated: 0B, actual: 2064B
[439.433s][debug][gc,ihop        ] GC(3020) Basic information (value update), threshold: 142501478B (45.00), target occupancy: 316669952B, current occupancy: 4167128B, recent allocation size: 0B, recent allocation duration: 148.77ms, recent old gen allocation rate: 0.00B/s, recent marking phase length: 0.00ms
[439.433s][debug][gc,ihop        ] GC(3020) Adaptive IHOP information (value update), threshold: 142501478B (47.37), internal target occupancy: 300836454B, occupancy: 4167128B, additional buffer size: 189792256B, predicted old gen allocation rate: 0.00B/s, predicted marking phase length: 0.00ms, prediction active: false
[439.433s][debug][gc,ergo,refine ] GC(3020) Concurrent refinement times: Logged Cards Scan time goal: 20.00ms Logged Cards Scan time: 0.00ms HCC time: 0.00ms
[439.433s][debug][gc,ergo,refine ] GC(3020) Updated Refinement Zones: green: 2048, yellow: 6144, red: 10240
[439.433s][info ][gc,phases      ] GC(3020)   Pre Evacuate Collection Set: 0.1ms
[439.433s][debug][gc,phases      ] GC(3020)     Prepare TLABs: 0.0ms
[439.433s][debug][gc,phases      ] GC(3020)     Choose Collection Set: 0.0ms
[439.433s][debug][gc,phases      ] GC(3020)     Region Register: 0.1ms
[439.433s][debug][gc,phases      ] GC(3020)     Prepare Heap Roots: 0.0ms
[439.433s][info ][gc,phases      ] GC(3020)   Merge Heap Roots: 0.2ms
[439.433s][debug][gc,phases      ] GC(3020)     Prepare Merge Heap Roots: 0.0ms
[439.433s][debug][gc,phases      ] GC(3020)     Eager Reclaim (ms):       skipped
[439.433s][debug][gc,phases      ] GC(3020)     Remembered Sets (ms):     Min:  0.0, Avg:  0.0, Max:  0.0, Diff:  0.0, Sum:  0.1, Workers: 8
[439.433s][debug][gc,phases      ] GC(3020)       Merged Sparse:            Min: 0, Avg:  0.0, Max: 0, Diff: 0, Sum: 0, Workers: 8
[439.433s][debug][gc,phases      ] GC(3020)       Merged Fine:              Min: 0, Avg:  0.0, Max: 0, Diff: 0, Sum: 0, Workers: 8
[439.434s][debug][gc,phases      ] GC(3020)       Merged Coarse:            Min: 0, Avg:  0.0, Max: 0, Diff: 0, Sum: 0, Workers: 8
[439.434s][debug][gc,phases      ] GC(3020)       Dirty Cards:              Min: 0, Avg:  0.0, Max: 0, Diff: 0, Sum: 0, Workers: 8
[439.434s][debug][gc,phases      ] GC(3020)     Hot Card Cache (ms):      Min:  0.0, Avg:  0.0, Max:  0.0, Diff:  0.0, Sum:  0.0, Workers: 8
[439.434s][debug][gc,phases      ] GC(3020)       Dirty Cards:              Min: 0, Avg:  0.0, Max: 0, Diff: 0, Sum: 0, Workers: 8
[439.434s][debug][gc,phases      ] GC(3020)       Skipped Cards:            Min: 0, Avg:  0.0, Max: 0, Diff: 0, Sum: 0, Workers: 8
[439.434s][debug][gc,phases      ] GC(3020)     Log Buffers (ms):         Min:  0.0, Avg:  0.0, Max:  0.0, Diff:  0.0, Sum:  0.0, Workers: 8
[439.434s][debug][gc,phases      ] GC(3020)       Dirty Cards:              Min: 0, Avg:  0.1, Max: 1, Diff: 1, Sum: 1, Workers: 8
[439.434s][debug][gc,phases      ] GC(3020)       Skipped Cards:            Min: 0, Avg:  0.0, Max: 0, Diff: 0, Sum: 0, Workers: 8
[439.434s][info ][gc,phases      ] GC(3020)   Evacuate Collection Set: 0.2ms
[439.434s][debug][gc,phases      ] GC(3020)     Ext Root Scanning (ms):   Min:  0.0, Avg:  0.0, Max:  0.1, Diff:  0.0, Sum:  0.2, Workers: 8
[439.434s][debug][gc,phases      ] GC(3020)     Scan Heap Roots (ms):     Min:  0.0, Avg:  0.0, Max:  0.0, Diff:  0.0, Sum:  0.0, Workers: 8
[439.434s][debug][gc,phases      ] GC(3020)       Scanned Cards:            Min: 0, Avg:  0.1, Max: 1, Diff: 1, Sum: 1, Workers: 8
[439.434s][debug][gc,phases      ] GC(3020)       Scanned Blocks:           Min: 0, Avg:  0.1, Max: 1, Diff: 1, Sum: 1, Workers: 8
[439.434s][debug][gc,phases      ] GC(3020)       Claimed Chunks:           Min: 0, Avg:  0.1, Max: 1, Diff: 1, Sum: 1, Workers: 8
[439.434s][debug][gc,phases      ] GC(3020)     Code Root Scan (ms):      Min:  0.0, Avg:  0.0, Max:  0.0, Diff:  0.0, Sum:  0.0, Workers: 8
[439.434s][debug][gc,phases      ] GC(3020)     Object Copy (ms):         Min:  0.0, Avg:  0.0, Max:  0.0, Diff:  0.0, Sum:  0.0, Workers: 8
[439.434s][debug][gc,phases      ] GC(3020)     Termination (ms):         Min:  0.1, Avg:  0.1, Max:  0.1, Diff:  0.0, Sum:  0.5, Workers: 8
[439.434s][debug][gc,phases      ] GC(3020)       Termination Attempts:     Min: 1, Avg:  1.0, Max: 1, Diff: 0, Sum: 8, Workers: 8
[439.434s][debug][gc,phases      ] GC(3020)     GC Worker Other (ms):     Min:  0.0, Avg:  0.0, Max:  0.0, Diff:  0.0, Sum:  0.1, Workers: 8
[439.434s][debug][gc,phases      ] GC(3020)     GC Worker Total (ms):     Min:  0.1, Avg:  0.1, Max:  0.1, Diff:  0.0, Sum:  0.9, Workers: 8
[439.434s][info ][gc,phases      ] GC(3020)   Post Evacuate Collection Set: 0.3ms
[439.434s][debug][gc,phases      ] GC(3020)     Code Roots Fixup: 0.0ms
[439.434s][debug][gc,phases      ] GC(3020)     Clear Card Table: 0.1ms
[439.434s][debug][gc,phases      ] GC(3020)     Reference Processing: 0.0ms
[439.434s][debug][gc,phases,ref  ] GC(3020)       Reconsider SoftReferences: 0.0ms
[439.434s][debug][gc,phases,ref  ] GC(3020)         SoftRef (ms):             skipped
[439.434s][debug][gc,phases,ref  ] GC(3020)       Notify Soft/WeakReferences: 0.0ms
[439.434s][debug][gc,phases,ref  ] GC(3020)         SoftRef (ms):             skipped
[439.434s][debug][gc,phases,ref  ] GC(3020)         WeakRef (ms):             skipped
[439.434s][debug][gc,phases,ref  ] GC(3020)         FinalRef (ms):            skipped
[439.434s][debug][gc,phases,ref  ] GC(3020)         Total (ms):               skipped
[439.434s][debug][gc,phases,ref  ] GC(3020)       Notify and keep alive finalizable: 0.0ms
[439.434s][debug][gc,phases,ref  ] GC(3020)         FinalRef (ms):            skipped
[439.434s][debug][gc,phases,ref  ] GC(3020)       Notify PhantomReferences: 0.0ms
[439.434s][debug][gc,phases,ref  ] GC(3020)         PhantomRef (ms):          skipped
[439.434s][debug][gc,phases,ref  ] GC(3020)       SoftReference:
[439.434s][debug][gc,phases,ref  ] GC(3020)         Discovered: 0
[439.434s][debug][gc,phases,ref  ] GC(3020)         Cleared: 0
[439.434s][debug][gc,phases,ref  ] GC(3020)       WeakReference:
[439.434s][debug][gc,phases,ref  ] GC(3020)         Discovered: 0
[439.434s][debug][gc,phases,ref  ] GC(3020)         Cleared: 0
[439.434s][debug][gc,phases,ref  ] GC(3020)       FinalReference:
[439.434s][debug][gc,phases,ref  ] GC(3020)         Discovered: 0
[439.434s][debug][gc,phases,ref  ] GC(3020)         Cleared: 0
[439.434s][debug][gc,phases,ref  ] GC(3020)       PhantomReference:
[439.434s][debug][gc,phases,ref  ] GC(3020)         Discovered: 0
[439.434s][debug][gc,phases,ref  ] GC(3020)         Cleared: 0
[439.434s][debug][gc,phases      ] GC(3020)     Weak Processing: 0.0ms
[439.434s][debug][gc,phases      ] GC(3020)       JVMTI weak processing: 0.0ms
[439.434s][debug][gc,phases      ] GC(3020)         Dead: 0
[439.434s][debug][gc,phases      ] GC(3020)         Total: 0
[439.434s][debug][gc,phases      ] GC(3020)       JFR weak processing: 0.0ms
[439.434s][debug][gc,phases      ] GC(3020)         Dead: 0
[439.434s][debug][gc,phases      ] GC(3020)         Total: 0
[439.434s][debug][gc,phases      ] GC(3020)       JNI weak                  Min:  0.0, Avg:  0.0, Max:  0.0, Diff:  0.0, Sum:  0.0, Workers: 5
[439.434s][debug][gc,phases      ] GC(3020)         Dead                      Min: 0, Avg:  0.0, Max: 0, Diff: 0, Sum: 0, Workers: 5
[439.434s][debug][gc,phases      ] GC(3020)         Total                     Min: 0, Avg: 13.6, Max: 52, Diff: 52, Sum: 68, Workers: 5
[439.434s][debug][gc,phases      ] GC(3020)       VM weak                   Min:  0.0, Avg:  0.0, Max:  0.0, Diff:  0.0, Sum:  0.0, Workers: 5
[439.434s][debug][gc,phases      ] GC(3020)         Dead                      Min: 0, Avg:  0.0, Max: 0, Diff: 0, Sum: 0, Workers: 5
[439.434s][debug][gc,phases      ] GC(3020)         Total                     Min: 0, Avg: 42.6, Max: 85, Diff: 85, Sum: 213, Workers: 5
[439.434s][debug][gc,phases      ] GC(3020)       StringTable weak          Min:  0.0, Avg:  0.0, Max:  0.0, Diff:  0.0, Sum:  0.1, Workers: 5
[439.434s][debug][gc,phases      ] GC(3020)         Dead                      Min: 0, Avg:  0.0, Max: 0, Diff: 0, Sum: 0, Workers: 5
[439.434s][debug][gc,phases      ] GC(3020)         Total                     Min: 0, Avg: 682.0, Max: 896, Diff: 896, Sum: 3410, Workers: 5
[439.434s][debug][gc,phases      ] GC(3020)       ResolvedMethodTable weak  Min:  0.0, Avg:  0.0, Max:  0.0, Diff:  0.0, Sum:  0.0, Workers: 5
[439.434s][debug][gc,phases      ] GC(3020)         Dead                      Min: 0, Avg:  0.0, Max: 0, Diff: 0, Sum: 0, Workers: 5
[439.434s][debug][gc,phases      ] GC(3020)         Total                     Min: 0, Avg: 114.8, Max: 190, Diff: 190, Sum: 574, Workers: 5
[439.434s][debug][gc,phases      ] GC(3020)     Merge Per-Thread State: 0.0ms
[439.434s][debug][gc,phases      ] GC(3020)       Copied Bytes              Min: 0, Avg: 57.0, Max: 144, Diff: 144, Sum: 456, Workers: 8
[439.434s][debug][gc,phases      ] GC(3020)       LAB Waste                 Min: 0, Avg:  0.0, Max: 0, Diff: 0, Sum: 0, Workers: 8
[439.434s][debug][gc,phases      ] GC(3020)       LAB Undo Waste            Min: 0, Avg:  0.0, Max: 0, Diff: 0, Sum: 0, Workers: 8
[439.434s][debug][gc,phases      ] GC(3020)     Code Roots Purge: 0.0ms
[439.434s][debug][gc,phases      ] GC(3020)     Redirty Cards: 0.0ms
[439.434s][debug][gc,phases      ] GC(3020)     DerivedPointerTable Update: 0.0ms
[439.434s][debug][gc,phases      ] GC(3020)     Free Collection Set: 0.1ms
[439.434s][debug][gc,phases      ] GC(3020)     Rebuild Free List: 0.0ms
[439.434s][debug][gc,phases      ] GC(3020)     Humongous Reclaim: 0.0ms
[439.434s][debug][gc,phases      ] GC(3020)     Start New Collection Set: 0.0ms
[439.434s][debug][gc,phases      ] GC(3020)     Resize TLABs: 0.0ms
[439.434s][debug][gc,phases      ] GC(3020)     Expand Heap After Collection: 0.0ms
[439.434s][info ][gc,phases      ] GC(3020)   Other: 0.4ms
[439.434s][info ][gc,heap        ] GC(3020) Eden regions: 180->0(180)
[439.434s][info ][gc,heap        ] GC(3020) Survivor regions: 1->1(23)
[439.434s][info ][gc,heap        ] GC(3020) Old regions: 7->7
[439.434s][info ][gc,heap        ] GC(3020) Archive regions: 2->2
[439.434s][info ][gc,heap        ] GC(3020) Humongous regions: 0->0
[439.434s][info ][gc,metaspace   ] GC(3020) Metaspace: 9905K(10624K)->9905K(10624K) NonClass: 8758K(9216K)->8758K(9216K) Class: 1146K(1408K)->1146K(1408K)
[439.434s][debug][gc,heap        ] GC(3020) Heap after GC invocations=3021 (full 1): garbage-first heap   total 309248K, used 4069K [0x0000000700000000, 0x0000000800000000)
[439.435s][debug][gc,heap        ] GC(3020)   region size 1024K, 1 young (1024K), 1 survivors (1024K)
[439.435s][debug][gc,heap        ] GC(3020)  Metaspace       used 9905K, capacity 10179K, committed 10624K, reserved 1058816K
[439.435s][debug][gc,heap        ] GC(3020)   class space    used 1146K, capacity 1267K, committed 1408K, reserved 1048576K
[439.435s][info ][gc             ] GC(3020) Pause Young (Normal) (G1 Evacuation Pause) 183M->3M(302M) 2.139ms
[439.435s][info ][gc,cpu         ] GC(3020) User=0.00s Sys=0.00s Real=0.01s
[439.435s][info ][safepoint      ] Safepoint "G1CollectForAllocation", Time since last: 147360135 ns, Reaching safepoint: 169858 ns, At safepoint: 2488838 ns, Total: 2658696 ns
[439.584s][debug][gc,heap        ] GC(3021) Heap before GC invocations=3021 (full 1): garbage-first heap   total 309248K, used 188389K [0x0000000700000000, 0x0000000800000000)
[439.584s][debug][gc,heap        ] GC(3021)   region size 1024K, 181 young (185344K), 1 survivors (1024K)
[439.584s][debug][gc,heap        ] GC(3021)  Metaspace       used 9905K, capacity 10179K, committed 10624K, reserved 1058816K
[439.584s][debug][gc,heap        ] GC(3021)   class space    used 1146K, capacity 1267K, committed 1408K, reserved 1048576K
[439.584s][info ][gc,start       ] GC(3021) Pause Young (Normal) (G1 Evacuation Pause)
[439.584s][info ][gc,task        ] GC(3021) Using 8 workers of 8 for evacuation
[439.584s][debug][gc,tlab        ] GC(3021) TLAB totals: thrds: 8  refills: 726 max: 97 slow allocs: 0 max 0 waste:  1.0% gc: 1486704B max: 401472B slow: 419848B max: 56968B fast: 0B max: 0B
[439.584s][debug][gc,age         ] GC(3021) Desired survivor size 12058624 bytes, new threshold 15 (max threshold 15)
[439.584s][debug][gc,alloc,region] GC(3021) Mutator Allocation stats, regions: 180, wasted size: 0B ( 0.0%)
[439.584s][debug][gc,ergo        ] GC(3021) Running G1 Merge Heap Roots using 8 workers for 181 regions
[439.584s][debug][gc,remset      ] GC(3021) Visited cards 256 Total dirty 2048 (12.50%) Total old 759808 (0.03%)
[439.584s][debug][gc,ergo        ] GC(3021) Running G1 Clear Card Table Task using 1 workers for 1 units of work for 182 regions.
[439.584s][debug][gc,ref         ] GC(3021) Skipped phase1 of Reference Processing due to unavailable references
[439.584s][debug][gc,ref         ] GC(3021) Skipped phase2 of Reference Processing due to unavailable references
[439.584s][debug][gc,ref         ] GC(3021) Skipped phase3 of Reference Processing due to unavailable references
[439.584s][debug][gc,ref         ] GC(3021) Skipped phase4 of Reference Processing due to unavailable references
[439.585s][debug][gc,ergo        ] GC(3021) Running G1 Free Collection Set using 8 workers for collection set length 181 (302)
[439.585s][debug][gc,ergo        ] GC(3021) Running G1 Rebuild Free List Task using 8 workers for rebuilding free list of 0 (4096) regions
[439.585s][trace][gc,age         ] GC(3021) Age table with threshold 15 (max threshold 15)
[439.585s][trace][gc,age         ] GC(3021) - age   1:        568 bytes,        568 total
[439.585s][debug][gc,plab        ] GC(3021) Young PLAB allocation: allocated: 12384B, wasted: 0B, unused: 11816B, used: 568B, undo waste: 0B, 
[439.585s][debug][gc,plab        ] GC(3021) Young other allocation: region end waste: 0B, regions filled: 1, direct allocated: 0B, failure used: 0B, failure wasted: 0B
[439.585s][debug][gc,plab        ] GC(3021) Young sizing: calculated: 112B, actual: 2064B
[439.585s][debug][gc,plab        ] GC(3021) Old PLAB allocation: allocated: 0B, wasted: 0B, unused: 0B, used: 0B, undo waste: 0B, 
[439.585s][debug][gc,plab        ] GC(3021) Old other allocation: region end waste: 0B, regions filled: 1, direct allocated: 0B, failure used: 0B, failure wasted: 0B
[439.585s][debug][gc,plab        ] GC(3021) Old sizing: calculated: 0B, actual: 2064B
[439.585s][debug][gc,ihop        ] GC(3021) Basic information (value update), threshold: 142501478B (45.00), target occupancy: 316669952B, current occupancy: 4167128B, recent allocation size: 0B, recent allocation duration: 150.66ms, recent old gen allocation rate: 0.00B/s, recent marking phase length: 0.00ms
[439.585s][debug][gc,ihop        ] GC(3021) Adaptive IHOP information (value update), threshold: 142501478B (47.37), internal target occupancy: 300836454B, occupancy: 4167128B, additional buffer size: 189792256B, predicted old gen allocation rate: 0.00B/s, predicted marking phase length: 0.00ms, prediction active: false
[439.585s][debug][gc,ergo,refine ] GC(3021) Concurrent refinement times: Logged Cards Scan time goal: 20.00ms Logged Cards Scan time: 0.00ms HCC time: 0.00ms
[439.585s][debug][gc,ergo,refine ] GC(3021) Updated Refinement Zones: green: 2048, yellow: 6144, red: 10240
[439.585s][info ][gc,phases      ] GC(3021)   Pre Evacuate Collection Set: 0.1ms
[439.585s][debug][gc,phases      ] GC(3021)     Prepare TLABs: 0.0ms
[439.585s][debug][gc,phases      ] GC(3021)     Choose Collection Set: 0.0ms
[439.585s][debug][gc,phases      ] GC(3021)     Region Register: 0.1ms
[439.585s][debug][gc,phases      ] GC(3021)     Prepare Heap Roots: 0.0ms
[439.585s][info ][gc,phases      ] GC(3021)   Merge Heap Roots: 0.1ms
[439.585s][debug][gc,phases      ] GC(3021)     Prepare Merge Heap Roots: 0.0ms
[439.585s][debug][gc,phases      ] GC(3021)     Eager Reclaim (ms):       skipped
[439.585s][debug][gc,phases      ] GC(3021)     Remembered Sets (ms):     Min:  0.0, Avg:  0.0, Max:  0.0, Diff:  0.0, Sum:  0.0, Workers: 8
[439.585s][debug][gc,phases      ] GC(3021)       Merged Sparse:            Min: 0, Avg:  0.0, Max: 0, Diff: 0, Sum: 0, Workers: 8
[439.585s][debug][gc,phases      ] GC(3021)       Merged Fine:              Min: 0, Avg:  0.0, Max: 0, Diff: 0, Sum: 0, Workers: 8
[439.585s][debug][gc,phases      ] GC(3021)       Merged Coarse:            Min: 0, Avg:  0.0, Max: 0, Diff: 0, Sum: 0, Workers: 8
[439.585s][debug][gc,phases      ] GC(3021)       Dirty Cards:              Min: 0, Avg:  0.0, Max: 0, Diff: 0, Sum: 0, Workers: 8
[439.585s][debug][gc,phases      ] GC(3021)     Hot Card Cache (ms):      Min:  0.0, Avg:  0.0, Max:  0.0, Diff:  0.0, Sum:  0.0, Workers: 8
[439.585s][debug][gc,phases      ] GC(3021)       Dirty Cards:              Min: 0, Avg:  0.0, Max: 0, Diff: 0, Sum: 0, Workers: 8
[439.585s][debug][gc,phases      ] GC(3021)       Skipped Cards:            Min: 0, Avg:  0.0, Max: 0, Diff: 0, Sum: 0, Workers: 8
[439.585s][debug][gc,phases      ] GC(3021)     Log Buffers (ms):         Min:  0.0, Avg:  0.0, Max:  0.0, Diff:  0.0, Sum:  0.0, Workers: 8
[439.585s][debug][gc,phases      ] GC(3021)       Dirty Cards:              Min: 0, Avg:  0.1, Max: 1, Diff: 1, Sum: 1, Workers: 8
[439.585s][debug][gc,phases      ] GC(3021)       Skipped Cards:            Min: 0, Avg:  0.0, Max: 0, Diff: 0, Sum: 0, Workers: 8
[439.585s][info ][gc,phases      ] GC(3021)   Evacuate Collection Set: 0.1ms
[439.585s][debug][gc,phases      ] GC(3021)     Ext Root Scanning (ms):   Min:  0.0, Avg:  0.0, Max:  0.1, Diff:  0.1, Sum:  0.2, Workers: 8
[439.585s][debug][gc,phases      ] GC(3021)     Scan Heap Roots (ms):     Min:  0.0, Avg:  0.0, Max:  0.0, Diff:  0.0, Sum:  0.0, Workers: 8
[439.585s][debug][gc,phases      ] GC(3021)       Scanned Cards:            Min: 0, Avg:  0.1, Max: 1, Diff: 1, Sum: 1, Workers: 8
[439.585s][debug][gc,phases      ] GC(3021)       Scanned Blocks:           Min: 0, Avg:  0.1, Max: 1, Diff: 1, Sum: 1, Workers: 8
[439.585s][debug][gc,phases      ] GC(3021)       Claimed Chunks:           Min: 0, Avg:  0.1, Max: 1, Diff: 1, Sum: 1, Workers: 8
[439.585s][debug][gc,phases      ] GC(3021)     Code Root Scan (ms):      Min:  0.0, Avg:  0.0, Max:  0.0, Diff:  0.0, Sum:  0.0, Workers: 8
[439.585s][debug][gc,phases      ] GC(3021)     Object Copy (ms):         Min:  0.0, Avg:  0.0, Max:  0.0, Diff:  0.0, Sum:  0.0, Workers: 8
[439.585s][debug][gc,phases      ] GC(3021)     Termination (ms):         Min:  0.0, Avg:  0.0, Max:  0.1, Diff:  0.0, Sum:  0.4, Workers: 8
[439.585s][debug][gc,phases      ] GC(3021)       Termination Attempts:     Min: 1, Avg:  1.0, Max: 1, Diff: 0, Sum: 8, Workers: 8
[439.585s][debug][gc,phases      ] GC(3021)     GC Worker Other (ms):     Min:  0.0, Avg:  0.0, Max:  0.0, Diff:  0.0, Sum:  0.1, Workers: 8
[439.585s][debug][gc,phases      ] GC(3021)     GC Worker Total (ms):     Min:  0.0, Avg:  0.1, Max:  0.1, Diff:  0.1, Sum:  0.8, Workers: 8
[439.585s][info ][gc,phases      ] GC(3021)   Post Evacuate Collection Set: 0.3ms
[439.585s][debug][gc,phases      ] GC(3021)     Code Roots Fixup: 0.0ms
[439.585s][debug][gc,phases      ] GC(3021)     Clear Card Table: 0.1ms
[439.585s][debug][gc,phases      ] GC(3021)     Reference Processing: 0.0ms
[439.585s][debug][gc,phases,ref  ] GC(3021)       Reconsider SoftReferences: 0.0ms
[439.585s][debug][gc,phases,ref  ] GC(3021)         SoftRef (ms):             skipped
[439.585s][debug][gc,phases,ref  ] GC(3021)       Notify Soft/WeakReferences: 0.0ms
[439.585s][debug][gc,phases,ref  ] GC(3021)         SoftRef (ms):             skipped
[439.585s][debug][gc,phases,ref  ] GC(3021)         WeakRef (ms):             skipped
[439.585s][debug][gc,phases,ref  ] GC(3021)         FinalRef (ms):            skipped
[439.585s][debug][gc,phases,ref  ] GC(3021)         Total (ms):               skipped
[439.585s][debug][gc,phases,ref  ] GC(3021)       Notify and keep alive finalizable: 0.0ms
[439.585s][debug][gc,phases,ref  ] GC(3021)         FinalRef (ms):            skipped
[439.585s][debug][gc,phases,ref  ] GC(3021)       Notify PhantomReferences: 0.0ms
[439.585s][debug][gc,phases,ref  ] GC(3021)         PhantomRef (ms):          skipped
[439.585s][debug][gc,phases,ref  ] GC(3021)       SoftReference:
[439.585s][debug][gc,phases,ref  ] GC(3021)         Discovered: 0
[439.585s][debug][gc,phases,ref  ] GC(3021)         Cleared: 0
[439.585s][debug][gc,phases,ref  ] GC(3021)       WeakReference:
[439.585s][debug][gc,phases,ref  ] GC(3021)         Discovered: 0
[439.585s][debug][gc,phases,ref  ] GC(3021)         Cleared: 0
[439.585s][debug][gc,phases,ref  ] GC(3021)       FinalReference:
[439.585s][debug][gc,phases,ref  ] GC(3021)         Discovered: 0
[439.585s][debug][gc,phases,ref  ] GC(3021)         Cleared: 0
[439.585s][debug][gc,phases,ref  ] GC(3021)       PhantomReference:
[439.585s][debug][gc,phases,ref  ] GC(3021)         Discovered: 0
[439.585s][debug][gc,phases,ref  ] GC(3021)         Cleared: 0
[439.585s][debug][gc,phases      ] GC(3021)     Weak Processing: 0.1ms
[439.585s][debug][gc,phases      ] GC(3021)       JVMTI weak processing: 0.0ms
[439.585s][debug][gc,phases      ] GC(3021)         Dead: 0
[439.585s][debug][gc,phases      ] GC(3021)         Total: 0
[439.585s][debug][gc,phases      ] GC(3021)       JFR weak processing: 0.0ms
[439.585s][debug][gc,phases      ] GC(3021)         Dead: 0
[439.585s][debug][gc,phases      ] GC(3021)         Total: 0
[439.586s][debug][gc,phases      ] GC(3021)       JNI weak                  Min:  0.0, Avg:  0.0, Max:  0.0, Diff:  0.0, Sum:  0.0, Workers: 5
[439.586s][debug][gc,phases      ] GC(3021)         Dead                      Min: 0, Avg:  0.0, Max: 0, Diff: 0, Sum: 0, Workers: 5
[439.586s][debug][gc,phases      ] GC(3021)         Total                     Min: 0, Avg: 13.6, Max: 68, Diff: 68, Sum: 68, Workers: 5
[439.586s][debug][gc,phases      ] GC(3021)       VM weak                   Min:  0.0, Avg:  0.0, Max:  0.0, Diff:  0.0, Sum:  0.0, Workers: 5
[439.586s][debug][gc,phases      ] GC(3021)         Dead                      Min: 0, Avg:  0.0, Max: 0, Diff: 0, Sum: 0, Workers: 5
[439.586s][debug][gc,phases      ] GC(3021)         Total                     Min: 0, Avg: 42.6, Max: 213, Diff: 213, Sum: 213, Workers: 5
[439.586s][debug][gc,phases      ] GC(3021)       StringTable weak          Min:  0.0, Avg:  0.0, Max:  0.0, Diff:  0.0, Sum:  0.0, Workers: 5
[439.586s][debug][gc,phases      ] GC(3021)         Dead                      Min: 0, Avg:  0.0, Max: 0, Diff: 0, Sum: 0, Workers: 5
[439.586s][debug][gc,phases      ] GC(3021)         Total                     Min: 0, Avg: 682.0, Max: 3282, Diff: 3282, Sum: 3410, Workers: 5
[439.586s][debug][gc,phases      ] GC(3021)       ResolvedMethodTable weak  Min:  0.0, Avg:  0.0, Max:  0.0, Diff:  0.0, Sum:  0.0, Workers: 5
[439.586s][debug][gc,phases      ] GC(3021)         Dead                      Min: 0, Avg:  0.0, Max: 0, Diff: 0, Sum: 0, Workers: 5
[439.586s][debug][gc,phases      ] GC(3021)         Total                     Min: 0, Avg: 114.8, Max: 192, Diff: 192, Sum: 574, Workers: 5
[439.586s][debug][gc,phases      ] GC(3021)     Merge Per-Thread State: 0.0ms
[439.586s][debug][gc,phases      ] GC(3021)       Copied Bytes              Min: 0, Avg: 71.0, Max: 200, Diff: 200, Sum: 568, Workers: 8
[439.586s][debug][gc,phases      ] GC(3021)       LAB Waste                 Min: 0, Avg:  0.0, Max: 0, Diff: 0, Sum: 0, Workers: 8
[439.586s][debug][gc,phases      ] GC(3021)       LAB Undo Waste            Min: 0, Avg:  0.0, Max: 0, Diff: 0, Sum: 0, Workers: 8
[439.586s][debug][gc,phases      ] GC(3021)     Code Roots Purge: 0.0ms
[439.586s][debug][gc,phases      ] GC(3021)     Redirty Cards: 0.0ms
[439.586s][debug][gc,phases      ] GC(3021)     DerivedPointerTable Update: 0.0ms
[439.586s][debug][gc,phases      ] GC(3021)     Free Collection Set: 0.1ms
[439.586s][debug][gc,phases      ] GC(3021)     Rebuild Free List: 0.0ms
[439.586s][debug][gc,phases      ] GC(3021)     Humongous Reclaim: 0.0ms
[439.586s][debug][gc,phases      ] GC(3021)     Start New Collection Set: 0.0ms
[439.586s][debug][gc,phases      ] GC(3021)     Resize TLABs: 0.0ms
[439.586s][debug][gc,phases      ] GC(3021)     Expand Heap After Collection: 0.0ms
[439.586s][info ][gc,phases      ] GC(3021)   Other: 0.3ms
[439.586s][info ][gc,heap        ] GC(3021) Eden regions: 180->0(180)
[439.586s][info ][gc,heap        ] GC(3021) Survivor regions: 1->1(23)
[439.586s][info ][gc,heap        ] GC(3021) Old regions: 7->7
[439.586s][info ][gc,heap        ] GC(3021) Archive regions: 2->2
[439.586s][info ][gc,heap        ] GC(3021) Humongous regions: 0->0
[439.586s][info ][gc,metaspace   ] GC(3021) Metaspace: 9905K(10624K)->9905K(10624K) NonClass: 8758K(9216K)->8758K(9216K) Class: 1146K(1408K)->1146K(1408K)
[439.586s][debug][gc,heap        ] GC(3021) Heap after GC invocations=3022 (full 1): garbage-first heap   total 309248K, used 4069K [0x0000000700000000, 0x0000000800000000)
[439.586s][debug][gc,heap        ] GC(3021)   region size 1024K, 1 young (1024K), 1 survivors (1024K)
[439.586s][debug][gc,heap        ] GC(3021)  Metaspace       used 9905K, capacity 10179K, committed 10624K, reserved 1058816K
[439.586s][debug][gc,heap        ] GC(3021)   class space    used 1146K, capacity 1267K, committed 1408K, reserved 1048576K
[439.586s][info ][gc             ] GC(3021) Pause Young (Normal) (G1 Evacuation Pause) 183M->3M(302M) 1.894ms
[439.586s][info ][gc,cpu         ] GC(3021) User=0.00s Sys=0.00s Real=0.00s
[439.586s][info ][safepoint      ] Safepoint "G1CollectForAllocation", Time since last: 148885521 ns, Reaching safepoint: 163651 ns, At safepoint: 2093192 ns, Total: 2256843 ns
[439.736s][debug][gc,heap        ] GC(3022) Heap before GC invocations=3022 (full 1): garbage-first heap   total 309248K, used 188389K [0x0000000700000000, 0x0000000800000000)
[439.736s][debug][gc,heap        ] GC(3022)   region size 1024K, 181 young (185344K), 1 survivors (1024K)
[439.736s][debug][gc,heap        ] GC(3022)  Metaspace       used 9905K, capacity 10179K, committed 10624K, reserved 1058816K
[439.736s][debug][gc,heap        ] GC(3022)   class space    used 1146K, capacity 1267K, committed 1408K, reserved 1048576K
[439.736s][info ][gc,start       ] GC(3022) Pause Young (Normal) (G1 Evacuation Pause)
[439.736s][info ][gc,task        ] GC(3022) Using 8 workers of 8 for evacuation
[439.736s][debug][gc,tlab        ] GC(3022) TLAB totals: thrds: 8  refills: 722 max: 98 slow allocs: 0 max 0 waste:  0.8% gc: 1107728B max: 364800B slow: 418416B max: 56608B fast: 0B max: 0B
[439.736s][debug][gc,age         ] GC(3022) Desired survivor size 12058624 bytes, new threshold 15 (max threshold 15)
[439.736s][debug][gc,alloc,region] GC(3022) Mutator Allocation stats, regions: 180, wasted size: 0B ( 0.0%)
[439.736s][debug][gc,ergo        ] GC(3022) Running G1 Merge Heap Roots using 8 workers for 181 regions
[439.736s][debug][gc,remset      ] GC(3022) Visited cards 256 Total dirty 2048 (12.50%) Total old 759808 (0.03%)
[439.737s][debug][gc,ergo        ] GC(3022) Running G1 Clear Card Table Task using 1 workers for 1 units of work for 182 regions.
[439.737s][debug][gc,ref         ] GC(3022) Skipped phase1 of Reference Processing due to unavailable references
[439.737s][debug][gc,ref         ] GC(3022) Skipped phase2 of Reference Processing due to unavailable references
[439.737s][debug][gc,ref         ] GC(3022) Skipped phase3 of Reference Processing due to unavailable references
[439.737s][debug][gc,ref         ] GC(3022) Skipped phase4 of Reference Processing due to unavailable references
[439.737s][debug][gc,ergo        ] GC(3022) Running G1 Free Collection Set using 8 workers for collection set length 181 (302)
[439.737s][debug][gc,ergo        ] GC(3022) Running G1 Rebuild Free List Task using 8 workers for rebuilding free list of 0 (4096) regions
[439.737s][trace][gc,age         ] GC(3022) Age table with threshold 15 (max threshold 15)
[439.737s][trace][gc,age         ] GC(3022) - age   1:        520 bytes,        520 total
[439.737s][debug][gc,plab        ] GC(3022) Young PLAB allocation: allocated: 14448B, wasted: 0B, unused: 13928B, used: 520B, undo waste: 0B, 
[439.737s][debug][gc,plab        ] GC(3022) Young other allocation: region end waste: 0B, regions filled: 1, direct allocated: 0B, failure used: 0B, failure wasted: 0B
[439.737s][debug][gc,plab        ] GC(3022) Young sizing: calculated: 104B, actual: 2064B
[439.737s][debug][gc,plab        ] GC(3022) Old PLAB allocation: allocated: 0B, wasted: 0B, unused: 0B, used: 0B, undo waste: 0B, 
[439.737s][debug][gc,plab        ] GC(3022) Old other allocation: region end waste: 0B, regions filled: 1, direct allocated: 0B, failure used: 0B, failure wasted: 0B
[439.737s][debug][gc,plab        ] GC(3022) Old sizing: calculated: 0B, actual: 2064B
[439.737s][debug][gc,ihop        ] GC(3022) Basic information (value update), threshold: 142501478B (45.00), target occupancy: 316669952B, current occupancy: 4169192B, recent allocation size: 0B, recent allocation duration: 151.32ms, recent old gen allocation rate: 0.00B/s, recent marking phase length: 0.00ms
[439.737s][debug][gc,ihop        ] GC(3022) Adaptive IHOP information (value update), threshold: 142501478B (47.37), internal target occupancy: 300836454B, occupancy: 4169192B, additional buffer size: 189792256B, predicted old gen allocation rate: 0.00B/s, predicted marking phase length: 0.00ms, prediction active: false
[439.737s][debug][gc,ergo,refine ] GC(3022) Concurrent refinement times: Logged Cards Scan time goal: 20.00ms Logged Cards Scan time: 0.00ms HCC time: 0.00ms
[439.737s][debug][gc,ergo,refine ] GC(3022) Updated Refinement Zones: green: 2048, yellow: 6144, red: 10240
[439.737s][info ][gc,phases      ] GC(3022)   Pre Evacuate Collection Set: 0.1ms
[439.737s][debug][gc,phases      ] GC(3022)     Prepare TLABs: 0.0ms
[439.737s][debug][gc,phases      ] GC(3022)     Choose Collection Set: 0.0ms
[439.737s][debug][gc,phases      ] GC(3022)     Region Register: 0.1ms
[439.737s][debug][gc,phases      ] GC(3022)     Prepare Heap Roots: 0.0ms
[439.737s][info ][gc,phases      ] GC(3022)   Merge Heap Roots: 0.1ms
[439.737s][debug][gc,phases      ] GC(3022)     Prepare Merge Heap Roots: 0.0ms
[439.737s][debug][gc,phases      ] GC(3022)     Eager Reclaim (ms):       skipped
[439.737s][debug][gc,phases      ] GC(3022)     Remembered Sets (ms):     Min:  0.0, Avg:  0.0, Max:  0.0, Diff:  0.0, Sum:  0.0, Workers: 8
[439.737s][debug][gc,phases      ] GC(3022)       Merged Sparse:            Min: 0, Avg:  0.0, Max: 0, Diff: 0, Sum: 0, Workers: 8
[439.737s][debug][gc,phases      ] GC(3022)       Merged Fine:              Min: 0, Avg:  0.0, Max: 0, Diff: 0, Sum: 0, Workers: 8
[439.737s][debug][gc,phases      ] GC(3022)       Merged Coarse:            Min: 0, Avg:  0.0, Max: 0, Diff: 0, Sum: 0, Workers: 8
[439.737s][debug][gc,phases      ] GC(3022)       Dirty Cards:              Min: 0, Avg:  0.0, Max: 0, Diff: 0, Sum: 0, Workers: 8
[439.737s][debug][gc,phases      ] GC(3022)     Hot Card Cache (ms):      Min:  0.0, Avg:  0.0, Max:  0.0, Diff:  0.0, Sum:  0.0, Workers: 8
[439.737s][debug][gc,phases      ] GC(3022)       Dirty Cards:              Min: 0, Avg:  0.0, Max: 0, Diff: 0, Sum: 0, Workers: 8
[439.737s][debug][gc,phases      ] GC(3022)       Skipped Cards:            Min: 0, Avg:  0.0, Max: 0, Diff: 0, Sum: 0, Workers: 8
[439.737s][debug][gc,phases      ] GC(3022)     Log Buffers (ms):         Min:  0.0, Avg:  0.0, Max:  0.0, Diff:  0.0, Sum:  0.0, Workers: 8
[439.737s][debug][gc,phases      ] GC(3022)       Dirty Cards:              Min: 0, Avg:  0.1, Max: 1, Diff: 1, Sum: 1, Workers: 8
[439.737s][debug][gc,phases      ] GC(3022)       Skipped Cards:            Min: 0, Avg:  0.0, Max: 0, Diff: 0, Sum: 0, Workers: 8
[439.737s][info ][gc,phases      ] GC(3022)   Evacuate Collection Set: 0.2ms
[439.737s][debug][gc,phases      ] GC(3022)     Ext Root Scanning (ms):   Min:  0.0, Avg:  0.0, Max:  0.1, Diff:  0.1, Sum:  0.3, Workers: 8
[439.737s][debug][gc,phases      ] GC(3022)     Scan Heap Roots (ms):     Min:  0.0, Avg:  0.0, Max:  0.0, Diff:  0.0, Sum:  0.0, Workers: 8
[439.737s][debug][gc,phases      ] GC(3022)       Scanned Cards:            Min: 0, Avg:  0.1, Max: 1, Diff: 1, Sum: 1, Workers: 8
[439.737s][debug][gc,phases      ] GC(3022)       Scanned Blocks:           Min: 0, Avg:  0.1, Max: 1, Diff: 1, Sum: 1, Workers: 8
[439.737s][debug][gc,phases      ] GC(3022)       Claimed Chunks:           Min: 0, Avg:  0.1, Max: 1, Diff: 1, Sum: 1, Workers: 8
[439.737s][debug][gc,phases      ] GC(3022)     Code Root Scan (ms):      Min:  0.0, Avg:  0.0, Max:  0.0, Diff:  0.0, Sum:  0.0, Workers: 8
[439.737s][debug][gc,phases      ] GC(3022)     Object Copy (ms):         Min:  0.0, Avg:  0.0, Max:  0.0, Diff:  0.0, Sum:  0.0, Workers: 8
[439.737s][debug][gc,phases      ] GC(3022)     Termination (ms):         Min:  0.0, Avg:  0.1, Max:  0.1, Diff:  0.0, Sum:  0.6, Workers: 8
[439.737s][debug][gc,phases      ] GC(3022)       Termination Attempts:     Min: 1, Avg:  1.1, Max: 2, Diff: 1, Sum: 9, Workers: 8
[439.737s][debug][gc,phases      ] GC(3022)     GC Worker Other (ms):     Min:  0.0, Avg:  0.0, Max:  0.0, Diff:  0.0, Sum:  0.1, Workers: 8
[439.737s][debug][gc,phases      ] GC(3022)     GC Worker Total (ms):     Min:  0.1, Avg:  0.1, Max:  0.2, Diff:  0.1, Sum:  1.0, Workers: 8
[439.737s][info ][gc,phases      ] GC(3022)   Post Evacuate Collection Set: 0.4ms
[439.737s][debug][gc,phases      ] GC(3022)     Code Roots Fixup: 0.0ms
[439.737s][debug][gc,phases      ] GC(3022)     Clear Card Table: 0.1ms
[439.737s][debug][gc,phases      ] GC(3022)     Reference Processing: 0.0ms
[439.737s][debug][gc,phases,ref  ] GC(3022)       Reconsider SoftReferences: 0.0ms
[439.737s][debug][gc,phases,ref  ] GC(3022)         SoftRef (ms):             skipped
[439.737s][debug][gc,phases,ref  ] GC(3022)       Notify Soft/WeakReferences: 0.0ms
[439.737s][debug][gc,phases,ref  ] GC(3022)         SoftRef (ms):             skipped
[439.737s][debug][gc,phases,ref  ] GC(3022)         WeakRef (ms):             skipped
[439.737s][debug][gc,phases,ref  ] GC(3022)         FinalRef (ms):            skipped
[439.737s][debug][gc,phases,ref  ] GC(3022)         Total (ms):               skipped
[439.737s][debug][gc,phases,ref  ] GC(3022)       Notify and keep alive finalizable: 0.0ms
[439.737s][debug][gc,phases,ref  ] GC(3022)         FinalRef (ms):            skipped
[439.737s][debug][gc,phases,ref  ] GC(3022)       Notify PhantomReferences: 0.0ms
[439.737s][debug][gc,phases,ref  ] GC(3022)         PhantomRef (ms):          skipped
[439.737s][debug][gc,phases,ref  ] GC(3022)       SoftReference:
[439.737s][debug][gc,phases,ref  ] GC(3022)         Discovered: 0
[439.737s][debug][gc,phases,ref  ] GC(3022)         Cleared: 0
[439.737s][debug][gc,phases,ref  ] GC(3022)       WeakReference:
[439.737s][debug][gc,phases,ref  ] GC(3022)         Discovered: 0
[439.737s][debug][gc,phases,ref  ] GC(3022)         Cleared: 0
[439.737s][debug][gc,phases,ref  ] GC(3022)       FinalReference:
[439.737s][debug][gc,phases,ref  ] GC(3022)         Discovered: 0
[439.737s][debug][gc,phases,ref  ] GC(3022)         Cleared: 0
[439.737s][debug][gc,phases,ref  ] GC(3022)       PhantomReference:
[439.737s][debug][gc,phases,ref  ] GC(3022)         Discovered: 0
[439.738s][debug][gc,phases,ref  ] GC(3022)         Cleared: 0
[439.738s][debug][gc,phases      ] GC(3022)     Weak Processing: 0.1ms
[439.738s][debug][gc,phases      ] GC(3022)       JVMTI weak processing: 0.0ms
[439.738s][debug][gc,phases      ] GC(3022)         Dead: 0
[439.738s][debug][gc,phases      ] GC(3022)         Total: 0
[439.738s][debug][gc,phases      ] GC(3022)       JFR weak processing: 0.0ms
[439.738s][debug][gc,phases      ] GC(3022)         Dead: 0
[439.738s][debug][gc,phases      ] GC(3022)         Total: 0
[439.738s][debug][gc,phases      ] GC(3022)       JNI weak                  Min:  0.0, Avg:  0.0, Max:  0.0, Diff:  0.0, Sum:  0.0, Workers: 5
[439.738s][debug][gc,phases      ] GC(3022)         Dead                      Min: 0, Avg:  0.0, Max: 0, Diff: 0, Sum: 0, Workers: 5
[439.738s][debug][gc,phases      ] GC(3022)         Total                     Min: 0, Avg: 13.6, Max: 68, Diff: 68, Sum: 68, Workers: 5
[439.738s][debug][gc,phases      ] GC(3022)       VM weak                   Min:  0.0, Avg:  0.0, Max:  0.0, Diff:  0.0, Sum:  0.0, Workers: 5
[439.738s][debug][gc,phases      ] GC(3022)         Dead                      Min: 0, Avg:  0.0, Max: 0, Diff: 0, Sum: 0, Workers: 5
[439.738s][debug][gc,phases      ] GC(3022)         Total                     Min: 0, Avg: 42.6, Max: 213, Diff: 213, Sum: 213, Workers: 5
[439.738s][debug][gc,phases      ] GC(3022)       StringTable weak          Min:  0.0, Avg:  0.0, Max:  0.0, Diff:  0.0, Sum:  0.0, Workers: 5
[439.738s][debug][gc,phases      ] GC(3022)         Dead                      Min: 0, Avg:  0.0, Max: 0, Diff: 0, Sum: 0, Workers: 5
[439.738s][debug][gc,phases      ] GC(3022)         Total                     Min: 0, Avg: 682.0, Max: 3026, Diff: 3026, Sum: 3410, Workers: 5
[439.738s][debug][gc,phases      ] GC(3022)       ResolvedMethodTable weak  Min:  0.0, Avg:  0.0, Max:  0.0, Diff:  0.0, Sum:  0.0, Workers: 5
[439.738s][debug][gc,phases      ] GC(3022)         Dead                      Min: 0, Avg:  0.0, Max: 0, Diff: 0, Sum: 0, Workers: 5
[439.738s][debug][gc,phases      ] GC(3022)         Total                     Min: 0, Avg: 114.8, Max: 192, Diff: 192, Sum: 574, Workers: 5
[439.738s][debug][gc,phases      ] GC(3022)     Merge Per-Thread State: 0.0ms
[439.738s][debug][gc,phases      ] GC(3022)       Copied Bytes              Min: 0, Avg: 65.0, Max: 152, Diff: 152, Sum: 520, Workers: 8
[439.738s][debug][gc,phases      ] GC(3022)       LAB Waste                 Min: 0, Avg:  0.0, Max: 0, Diff: 0, Sum: 0, Workers: 8
[439.738s][debug][gc,phases      ] GC(3022)       LAB Undo Waste            Min: 0, Avg:  0.0, Max: 0, Diff: 0, Sum: 0, Workers: 8
[439.738s][debug][gc,phases      ] GC(3022)     Code Roots Purge: 0.0ms
[439.738s][debug][gc,phases      ] GC(3022)     Redirty Cards: 0.0ms
[439.738s][debug][gc,phases      ] GC(3022)     DerivedPointerTable Update: 0.0ms
[439.738s][debug][gc,phases      ] GC(3022)     Free Collection Set: 0.1ms
[439.738s][debug][gc,phases      ] GC(3022)     Rebuild Free List: 0.1ms
[439.738s][debug][gc,phases      ] GC(3022)     Humongous Reclaim: 0.0ms
[439.738s][debug][gc,phases      ] GC(3022)     Start New Collection Set: 0.0ms
[439.738s][debug][gc,phases      ] GC(3022)     Resize TLABs: 0.0ms
[439.738s][debug][gc,phases      ] GC(3022)     Expand Heap After Collection: 0.0ms
[439.738s][info ][gc,phases      ] GC(3022)   Other: 0.3ms
[439.738s][info ][gc,heap        ] GC(3022) Eden regions: 180->0(180)
[439.738s][info ][gc,heap        ] GC(3022) Survivor regions: 1->1(23)
[439.738s][info ][gc,heap        ] GC(3022) Old regions: 7->7
[439.738s][info ][gc,heap        ] GC(3022) Archive regions: 2->2
[439.738s][info ][gc,heap        ] GC(3022) Humongous regions: 0->0
[439.738s][info ][gc,metaspace   ] GC(3022) Metaspace: 9905K(10624K)->9905K(10624K) NonClass: 8758K(9216K)->8758K(9216K) Class: 1146K(1408K)->1146K(1408K)
[439.738s][debug][gc,heap        ] GC(3022) Heap after GC invocations=3023 (full 1): garbage-first heap   total 309248K, used 4071K [0x0000000700000000, 0x0000000800000000)
[439.738s][debug][gc,heap        ] GC(3022)   region size 1024K, 1 young (1024K), 1 survivors (1024K)
[439.738s][debug][gc,heap        ] GC(3022)  Metaspace       used 9905K, capacity 10179K, committed 10624K, reserved 1058816K
[439.738s][debug][gc,heap        ] GC(3022)   class space    used 1146K, capacity 1267K, committed 1408K, reserved 1048576K
[439.738s][info ][gc             ] GC(3022) Pause Young (Normal) (G1 Evacuation Pause) 183M->3M(302M) 1.866ms
[439.738s][info ][gc,cpu         ] GC(3022) User=0.00s Sys=0.00s Real=0.00s
[439.738s][info ][safepoint      ] Safepoint "G1CollectForAllocation", Time since last: 149860696 ns, Reaching safepoint: 152803 ns, At safepoint: 2053213 ns, Total: 2206016 ns
[439.889s][debug][gc,heap        ] GC(3023) Heap before GC invocations=3023 (full 1): garbage-first heap   total 309248K, used 188391K [0x0000000700000000, 0x0000000800000000)
[439.889s][debug][gc,heap        ] GC(3023)   region size 1024K, 181 young (185344K), 1 survivors (1024K)
[439.889s][debug][gc,heap        ] GC(3023)  Metaspace       used 9905K, capacity 10179K, committed 10624K, reserved 1058816K
[439.889s][debug][gc,heap        ] GC(3023)   class space    used 1146K, capacity 1267K, committed 1408K, reserved 1048576K
[439.889s][info ][gc,start       ] GC(3023) Pause Young (Normal) (G1 Evacuation Pause)
[439.889s][info ][gc,task        ] GC(3023) Using 8 workers of 8 for evacuation
[439.889s][debug][gc,tlab        ] GC(3023) TLAB totals: thrds: 8  refills: 721 max: 96 slow allocs: 0 max 0 waste:  1.0% gc: 1520320B max: 349736B slow: 416792B max: 55608B fast: 0B max: 0B
[439.889s][debug][gc,age         ] GC(3023) Desired survivor size 12058624 bytes, new threshold 15 (max threshold 15)
[439.889s][debug][gc,alloc,region] GC(3023) Mutator Allocation stats, regions: 180, wasted size: 0B ( 0.0%)
[439.889s][debug][gc,ergo        ] GC(3023) Running G1 Merge Heap Roots using 8 workers for 181 regions
[439.889s][debug][gc,remset      ] GC(3023) Visited cards 256 Total dirty 2048 (12.50%) Total old 759808 (0.03%)
[439.889s][debug][gc,ergo        ] GC(3023) Running G1 Clear Card Table Task using 1 workers for 1 units of work for 182 regions.
[439.889s][debug][gc,ref         ] GC(3023) Skipped phase1 of Reference Processing due to unavailable references
[439.890s][debug][gc,ref         ] GC(3023) Skipped phase2 of Reference Processing due to unavailable references
[439.890s][debug][gc,ref         ] GC(3023) Skipped phase3 of Reference Processing due to unavailable references
[439.890s][debug][gc,ref         ] GC(3023) Skipped phase4 of Reference Processing due to unavailable references
[439.890s][debug][gc,ergo        ] GC(3023) Running G1 Free Collection Set using 8 workers for collection set length 181 (302)
[439.890s][debug][gc,ergo        ] GC(3023) Running G1 Rebuild Free List Task using 8 workers for rebuilding free list of 0 (4096) regions
[439.890s][trace][gc,age         ] GC(3023) Age table with threshold 15 (max threshold 15)
[439.890s][trace][gc,age         ] GC(3023) - age   1:        640 bytes,        640 total
[439.890s][debug][gc,plab        ] GC(3023) Young PLAB allocation: allocated: 12384B, wasted: 0B, unused: 11744B, used: 640B, undo waste: 0B, 
[439.890s][debug][gc,plab        ] GC(3023) Young other allocation: region end waste: 0B, regions filled: 1, direct allocated: 0B, failure used: 0B, failure wasted: 0B
[439.890s][debug][gc,plab        ] GC(3023) Young sizing: calculated: 128B, actual: 2064B
[439.890s][debug][gc,plab        ] GC(3023) Old PLAB allocation: allocated: 0B, wasted: 0B, unused: 0B, used: 0B, undo waste: 0B, 
[439.890s][debug][gc,plab        ] GC(3023) Old other allocation: region end waste: 0B, regions filled: 1, direct allocated: 0B, failure used: 0B, failure wasted: 0B
[439.890s][debug][gc,plab        ] GC(3023) Old sizing: calculated: 0B, actual: 2064B
[439.890s][debug][gc,ihop        ] GC(3023) Basic information (value update), threshold: 142501478B (45.00), target occupancy: 316669952B, current occupancy: 4167128B, recent allocation size: 0B, recent allocation duration: 152.08ms, recent old gen allocation rate: 0.00B/s, recent marking phase length: 0.00ms
[439.890s][debug][gc,ihop        ] GC(3023) Adaptive IHOP information (value update), threshold: 142501478B (47.37), internal target occupancy: 300836454B, occupancy: 4167128B, additional buffer size: 189792256B, predicted old gen allocation rate: 0.00B/s, predicted marking phase length: 0.00ms, prediction active: false
[439.890s][debug][gc,ergo,refine ] GC(3023) Concurrent refinement times: Logged Cards Scan time goal: 20.00ms Logged Cards Scan time: 0.00ms HCC time: 0.00ms
[439.890s][debug][gc,ergo,refine ] GC(3023) Updated Refinement Zones: green: 2048, yellow: 6144, red: 10240
[439.890s][info ][gc,phases      ] GC(3023)   Pre Evacuate Collection Set: 0.1ms
[439.890s][debug][gc,phases      ] GC(3023)     Prepare TLABs: 0.0ms
[439.890s][debug][gc,phases      ] GC(3023)     Choose Collection Set: 0.0ms
[439.890s][debug][gc,phases      ] GC(3023)     Region Register: 0.1ms
[439.890s][debug][gc,phases      ] GC(3023)     Prepare Heap Roots: 0.0ms
[439.890s][info ][gc,phases      ] GC(3023)   Merge Heap Roots: 0.1ms
[439.890s][debug][gc,phases      ] GC(3023)     Prepare Merge Heap Roots: 0.0ms
[439.890s][debug][gc,phases      ] GC(3023)     Eager Reclaim (ms):       skipped
[439.890s][debug][gc,phases      ] GC(3023)     Remembered Sets (ms):     Min:  0.0, Avg:  0.0, Max:  0.0, Diff:  0.0, Sum:  0.0, Workers: 8
[439.890s][debug][gc,phases      ] GC(3023)       Merged Sparse:            Min: 0, Avg:  0.0, Max: 0, Diff: 0, Sum: 0, Workers: 8
[439.890s][debug][gc,phases      ] GC(3023)       Merged Fine:              Min: 0, Avg:  0.0, Max: 0, Diff: 0, Sum: 0, Workers: 8
[439.890s][debug][gc,phases      ] GC(3023)       Merged Coarse:            Min: 0, Avg:  0.0, Max: 0, Diff: 0, Sum: 0, Workers: 8
[439.890s][debug][gc,phases      ] GC(3023)       Dirty Cards:              Min: 0, Avg:  0.0, Max: 0, Diff: 0, Sum: 0, Workers: 8
[439.890s][debug][gc,phases      ] GC(3023)     Hot Card Cache (ms):      Min:  0.0, Avg:  0.0, Max:  0.0, Diff:  0.0, Sum:  0.0, Workers: 8
[439.890s][debug][gc,phases      ] GC(3023)       Dirty Cards:              Min: 0, Avg:  0.0, Max: 0, Diff: 0, Sum: 0, Workers: 8
[439.890s][debug][gc,phases      ] GC(3023)       Skipped Cards:            Min: 0, Avg:  0.0, Max: 0, Diff: 0, Sum: 0, Workers: 8
[439.890s][debug][gc,phases      ] GC(3023)     Log Buffers (ms):         Min:  0.0, Avg:  0.0, Max:  0.0, Diff:  0.0, Sum:  0.0, Workers: 8
[439.890s][debug][gc,phases      ] GC(3023)       Dirty Cards:              Min: 0, Avg:  0.1, Max: 1, Diff: 1, Sum: 1, Workers: 8
[439.890s][debug][gc,phases      ] GC(3023)       Skipped Cards:            Min: 0, Avg:  0.0, Max: 0, Diff: 0, Sum: 0, Workers: 8
[439.890s][info ][gc,phases      ] GC(3023)   Evacuate Collection Set: 0.2ms
[439.890s][debug][gc,phases      ] GC(3023)     Ext Root Scanning (ms):   Min:  0.0, Avg:  0.0, Max:  0.1, Diff:  0.0, Sum:  0.2, Workers: 8
[439.890s][debug][gc,phases      ] GC(3023)     Scan Heap Roots (ms):     Min:  0.0, Avg:  0.0, Max:  0.0, Diff:  0.0, Sum:  0.0, Workers: 8
[439.890s][debug][gc,phases      ] GC(3023)       Scanned Cards:            Min: 0, Avg:  0.1, Max: 1, Diff: 1, Sum: 1, Workers: 8
[439.890s][debug][gc,phases      ] GC(3023)       Scanned Blocks:           Min: 0, Avg:  0.1, Max: 1, Diff: 1, Sum: 1, Workers: 8
[439.890s][debug][gc,phases      ] GC(3023)       Claimed Chunks:           Min: 0, Avg:  0.1, Max: 1, Diff: 1, Sum: 1, Workers: 8
[439.890s][debug][gc,phases      ] GC(3023)     Code Root Scan (ms):      Min:  0.0, Avg:  0.0, Max:  0.0, Diff:  0.0, Sum:  0.0, Workers: 8
[439.890s][debug][gc,phases      ] GC(3023)     Object Copy (ms):         Min:  0.0, Avg:  0.0, Max:  0.0, Diff:  0.0, Sum:  0.0, Workers: 8
[439.890s][debug][gc,phases      ] GC(3023)     Termination (ms):         Min:  0.1, Avg:  0.1, Max:  0.1, Diff:  0.0, Sum:  0.6, Workers: 8
[439.890s][debug][gc,phases      ] GC(3023)       Termination Attempts:     Min: 1, Avg:  1.0, Max: 1, Diff: 0, Sum: 8, Workers: 8
[439.890s][debug][gc,phases      ] GC(3023)     GC Worker Other (ms):     Min:  0.0, Avg:  0.0, Max:  0.0, Diff:  0.0, Sum:  0.1, Workers: 8
[439.890s][debug][gc,phases      ] GC(3023)     GC Worker Total (ms):     Min:  0.1, Avg:  0.1, Max:  0.1, Diff:  0.1, Sum:  0.9, Workers: 8
[439.890s][info ][gc,phases      ] GC(3023)   Post Evacuate Collection Set: 0.3ms
[439.890s][debug][gc,phases      ] GC(3023)     Code Roots Fixup: 0.0ms
[439.890s][debug][gc,phases      ] GC(3023)     Clear Card Table: 0.1ms
[439.890s][debug][gc,phases      ] GC(3023)     Reference Processing: 0.0ms
[439.890s][debug][gc,phases,ref  ] GC(3023)       Reconsider SoftReferences: 0.0ms
[439.890s][debug][gc,phases,ref  ] GC(3023)         SoftRef (ms):             skipped
[439.890s][debug][gc,phases,ref  ] GC(3023)       Notify Soft/WeakReferences: 0.0ms
[439.890s][debug][gc,phases,ref  ] GC(3023)         SoftRef (ms):             skipped
[439.890s][debug][gc,phases,ref  ] GC(3023)         WeakRef (ms):             skipped
[439.890s][debug][gc,phases,ref  ] GC(3023)         FinalRef (ms):            skipped
[439.890s][debug][gc,phases,ref  ] GC(3023)         Total (ms):               skipped
[439.890s][debug][gc,phases,ref  ] GC(3023)       Notify and keep alive finalizable: 0.0ms
[439.890s][debug][gc,phases,ref  ] GC(3023)         FinalRef (ms):            skipped
[439.890s][debug][gc,phases,ref  ] GC(3023)       Notify PhantomReferences: 0.0ms
[439.890s][debug][gc,phases,ref  ] GC(3023)         PhantomRef (ms):          skipped
[439.890s][debug][gc,phases,ref  ] GC(3023)       SoftReference:
[439.890s][debug][gc,phases,ref  ] GC(3023)         Discovered: 0
[439.890s][debug][gc,phases,ref  ] GC(3023)         Cleared: 0
[439.890s][debug][gc,phases,ref  ] GC(3023)       WeakReference:
[439.890s][debug][gc,phases,ref  ] GC(3023)         Discovered: 0
[439.890s][debug][gc,phases,ref  ] GC(3023)         Cleared: 0
[439.890s][debug][gc,phases,ref  ] GC(3023)       FinalReference:
[439.890s][debug][gc,phases,ref  ] GC(3023)         Discovered: 0
[439.890s][debug][gc,phases,ref  ] GC(3023)         Cleared: 0
[439.890s][debug][gc,phases,ref  ] GC(3023)       PhantomReference:
[439.890s][debug][gc,phases,ref  ] GC(3023)         Discovered: 0
[439.890s][debug][gc,phases,ref  ] GC(3023)         Cleared: 0
[439.890s][debug][gc,phases      ] GC(3023)     Weak Processing: 0.1ms
[439.890s][debug][gc,phases      ] GC(3023)       JVMTI weak processing: 0.0ms
[439.890s][debug][gc,phases      ] GC(3023)         Dead: 0
[439.890s][debug][gc,phases      ] GC(3023)         Total: 0
[439.890s][debug][gc,phases      ] GC(3023)       JFR weak processing: 0.0ms
[439.890s][debug][gc,phases      ] GC(3023)         Dead: 0
[439.890s][debug][gc,phases      ] GC(3023)         Total: 0
[439.890s][debug][gc,phases      ] GC(3023)       JNI weak                  Min:  0.0, Avg:  0.0, Max:  0.0, Diff:  0.0, Sum:  0.0, Workers: 5
[439.890s][debug][gc,phases      ] GC(3023)         Dead                      Min: 0, Avg:  0.0, Max: 0, Diff: 0, Sum: 0, Workers: 5
[439.891s][debug][gc,phases      ] GC(3023)         Total                     Min: 0, Avg: 13.6, Max: 52, Diff: 52, Sum: 68, Workers: 5
[439.891s][debug][gc,phases      ] GC(3023)       VM weak                   Min:  0.0, Avg:  0.0, Max:  0.0, Diff:  0.0, Sum:  0.0, Workers: 5
[439.891s][debug][gc,phases      ] GC(3023)         Dead                      Min: 0, Avg:  0.0, Max: 0, Diff: 0, Sum: 0, Workers: 5
[439.891s][debug][gc,phases      ] GC(3023)         Total                     Min: 0, Avg: 42.6, Max: 128, Diff: 128, Sum: 213, Workers: 5
[439.891s][debug][gc,phases      ] GC(3023)       StringTable weak          Min:  0.0, Avg:  0.0, Max:  0.0, Diff:  0.0, Sum:  0.1, Workers: 5
[439.891s][debug][gc,phases      ] GC(3023)         Dead                      Min: 0, Avg:  0.0, Max: 0, Diff: 0, Sum: 0, Workers: 5
[439.891s][debug][gc,phases      ] GC(3023)         Total                     Min: 0, Avg: 682.0, Max: 1727, Diff: 1727, Sum: 3410, Workers: 5
[439.891s][debug][gc,phases      ] GC(3023)       ResolvedMethodTable weak  Min:  0.0, Avg:  0.0, Max:  0.0, Diff:  0.0, Sum:  0.0, Workers: 5
[439.891s][debug][gc,phases      ] GC(3023)         Dead                      Min: 0, Avg:  0.0, Max: 0, Diff: 0, Sum: 0, Workers: 5
[439.891s][debug][gc,phases      ] GC(3023)         Total                     Min: 0, Avg: 114.8, Max: 318, Diff: 318, Sum: 574, Workers: 5
[439.891s][debug][gc,phases      ] GC(3023)     Merge Per-Thread State: 0.0ms
[439.891s][debug][gc,phases      ] GC(3023)       Copied Bytes              Min: 0, Avg: 80.0, Max: 200, Diff: 200, Sum: 640, Workers: 8
[439.891s][debug][gc,phases      ] GC(3023)       LAB Waste                 Min: 0, Avg:  0.0, Max: 0, Diff: 0, Sum: 0, Workers: 8
[439.891s][debug][gc,phases      ] GC(3023)       LAB Undo Waste            Min: 0, Avg:  0.0, Max: 0, Diff: 0, Sum: 0, Workers: 8
[439.891s][debug][gc,phases      ] GC(3023)     Code Roots Purge: 0.0ms
[439.891s][debug][gc,phases      ] GC(3023)     Redirty Cards: 0.0ms
[439.891s][debug][gc,phases      ] GC(3023)     DerivedPointerTable Update: 0.0ms
[439.891s][debug][gc,phases      ] GC(3023)     Free Collection Set: 0.1ms
[439.891s][debug][gc,phases      ] GC(3023)     Rebuild Free List: 0.1ms
[439.891s][debug][gc,phases      ] GC(3023)     Humongous Reclaim: 0.0ms
[439.891s][debug][gc,phases      ] GC(3023)     Start New Collection Set: 0.0ms
[439.891s][debug][gc,phases      ] GC(3023)     Resize TLABs: 0.0ms
[439.891s][debug][gc,phases      ] GC(3023)     Expand Heap After Collection: 0.0ms
[439.891s][info ][gc,phases      ] GC(3023)   Other: 0.3ms
[439.891s][info ][gc,heap        ] GC(3023) Eden regions: 180->0(180)
[439.891s][info ][gc,heap        ] GC(3023) Survivor regions: 1->1(23)
[439.891s][info ][gc,heap        ] GC(3023) Old regions: 7->7
[439.891s][info ][gc,heap        ] GC(3023) Archive regions: 2->2
[439.891s][info ][gc,heap        ] GC(3023) Humongous regions: 0->0
[439.891s][info ][gc,metaspace   ] GC(3023) Metaspace: 9905K(10624K)->9905K(10624K) NonClass: 8758K(9216K)->8758K(9216K) Class: 1146K(1408K)->1146K(1408K)
[439.891s][debug][gc,heap        ] GC(3023) Heap after GC invocations=3024 (full 1): garbage-first heap   total 309248K, used 4069K [0x0000000700000000, 0x0000000800000000)
[439.891s][debug][gc,heap        ] GC(3023)   region size 1024K, 1 young (1024K), 1 survivors (1024K)
[439.891s][debug][gc,heap        ] GC(3023)  Metaspace       used 9905K, capacity 10179K, committed 10624K, reserved 1058816K
[439.891s][debug][gc,heap        ] GC(3023)   class space    used 1146K, capacity 1267K, committed 1408K, reserved 1048576K
[439.891s][info ][gc             ] GC(3023) Pause Young (Normal) (G1 Evacuation Pause) 183M->3M(302M) 1.853ms
[439.891s][info ][gc,cpu         ] GC(3023) User=0.00s Sys=0.00s Real=0.00s
[439.891s][info ][safepoint      ] Safepoint "G1CollectForAllocation", Time since last: 150671739 ns, Reaching safepoint: 197374 ns, At safepoint: 2045174 ns, Total: 2242548 ns
[440.027s][debug][gc,heap        ] GC(3024) Heap before GC invocations=3024 (full 1): garbage-first heap   total 309248K, used 188389K [0x0000000700000000, 0x0000000800000000)
[440.027s][debug][gc,heap        ] GC(3024)   region size 1024K, 181 young (185344K), 1 survivors (1024K)
[440.027s][debug][gc,heap        ] GC(3024)  Metaspace       used 9905K, capacity 10179K, committed 10624K, reserved 1058816K
[440.027s][debug][gc,heap        ] GC(3024)   class space    used 1146K, capacity 1267K, committed 1408K, reserved 1048576K
[440.027s][info ][gc,start       ] GC(3024) Pause Young (Normal) (G1 Evacuation Pause)
[440.027s][info ][gc,task        ] GC(3024) Using 8 workers of 8 for evacuation
[440.027s][debug][gc,tlab        ] GC(3024) TLAB totals: thrds: 8  refills: 721 max: 103 slow allocs: 0 max 0 waste:  1.1% gc: 1629944B max: 459128B slow: 417624B max: 59904B fast: 0B max: 0B
[440.027s][debug][gc,age         ] GC(3024) Desired survivor size 12058624 bytes, new threshold 15 (max threshold 15)
[440.027s][debug][gc,alloc,region] GC(3024) Mutator Allocation stats, regions: 180, wasted size: 0B ( 0.0%)
[440.027s][debug][gc,ergo        ] GC(3024) Running G1 Merge Heap Roots using 8 workers for 181 regions
[440.027s][debug][gc,remset      ] GC(3024) Visited cards 256 Total dirty 2048 (12.50%) Total old 759808 (0.03%)
[440.027s][debug][gc,ergo        ] GC(3024) Running G1 Clear Card Table Task using 1 workers for 1 units of work for 182 regions.
[440.027s][debug][gc,ref         ] GC(3024) Skipped phase1 of Reference Processing due to unavailable references
[440.027s][debug][gc,ref         ] GC(3024) Skipped phase2 of Reference Processing due to unavailable references
[440.027s][debug][gc,ref         ] GC(3024) Skipped phase3 of Reference Processing due to unavailable references
[440.027s][debug][gc,ref         ] GC(3024) Skipped phase4 of Reference Processing due to unavailable references
[440.028s][debug][gc,ergo        ] GC(3024) Running G1 Free Collection Set using 8 workers for collection set length 181 (302)
[440.028s][debug][gc,ergo        ] GC(3024) Running G1 Rebuild Free List Task using 8 workers for rebuilding free list of 0 (4096) regions
[440.028s][trace][gc,age         ] GC(3024) Age table with threshold 15 (max threshold 15)
[440.028s][trace][gc,age         ] GC(3024) - age   1:        544 bytes,        544 total
[440.028s][debug][gc,plab        ] GC(3024) Young PLAB allocation: allocated: 10320B, wasted: 0B, unused: 9776B, used: 544B, undo waste: 0B, 
[440.028s][debug][gc,plab        ] GC(3024) Young other allocation: region end waste: 0B, regions filled: 1, direct allocated: 0B, failure used: 0B, failure wasted: 0B
[440.028s][debug][gc,plab        ] GC(3024) Young sizing: calculated: 104B, actual: 2064B
[440.028s][debug][gc,plab        ] GC(3024) Old PLAB allocation: allocated: 0B, wasted: 0B, unused: 0B, used: 0B, undo waste: 0B, 
[440.028s][debug][gc,plab        ] GC(3024) Old other allocation: region end waste: 0B, regions filled: 1, direct allocated: 0B, failure used: 0B, failure wasted: 0B
[440.028s][debug][gc,plab        ] GC(3024) Old sizing: calculated: 0B, actual: 2064B
[440.028s][debug][gc,ihop        ] GC(3024) Basic information (value update), threshold: 142501478B (45.00), target occupancy: 316669952B, current occupancy: 4165064B, recent allocation size: 0B, recent allocation duration: 137.16ms, recent old gen allocation rate: 0.00B/s, recent marking phase length: 0.00ms
[440.028s][debug][gc,ihop        ] GC(3024) Adaptive IHOP information (value update), threshold: 142501478B (47.37), internal target occupancy: 300836454B, occupancy: 4165064B, additional buffer size: 189792256B, predicted old gen allocation rate: 0.00B/s, predicted marking phase length: 0.00ms, prediction active: false
[440.028s][debug][gc,ergo,refine ] GC(3024) Concurrent refinement times: Logged Cards Scan time goal: 20.00ms Logged Cards Scan time: 0.00ms HCC time: 0.00ms
[440.028s][debug][gc,ergo,refine ] GC(3024) Updated Refinement Zones: green: 2048, yellow: 6144, red: 10240
[440.028s][info ][gc,phases      ] GC(3024)   Pre Evacuate Collection Set: 0.1ms
[440.028s][debug][gc,phases      ] GC(3024)     Prepare TLABs: 0.0ms
[440.028s][debug][gc,phases      ] GC(3024)     Choose Collection Set: 0.0ms
[440.028s][debug][gc,phases      ] GC(3024)     Region Register: 0.1ms
[440.028s][debug][gc,phases      ] GC(3024)     Prepare Heap Roots: 0.0ms
[440.028s][info ][gc,phases      ] GC(3024)   Merge Heap Roots: 0.1ms
[440.028s][debug][gc,phases      ] GC(3024)     Prepare Merge Heap Roots: 0.0ms
[440.028s][debug][gc,phases      ] GC(3024)     Eager Reclaim (ms):       skipped
[440.028s][debug][gc,phases      ] GC(3024)     Remembered Sets (ms):     Min:  0.0, Avg:  0.0, Max:  0.0, Diff:  0.0, Sum:  0.0, Workers: 8
[440.028s][debug][gc,phases      ] GC(3024)       Merged Sparse:            Min: 0, Avg:  0.0, Max: 0, Diff: 0, Sum: 0, Workers: 8
[440.028s][debug][gc,phases      ] GC(3024)       Merged Fine:              Min: 0, Avg:  0.0, Max: 0, Diff: 0, Sum: 0, Workers: 8
[440.028s][debug][gc,phases      ] GC(3024)       Merged Coarse:            Min: 0, Avg:  0.0, Max: 0, Diff: 0, Sum: 0, Workers: 8
[440.028s][debug][gc,phases      ] GC(3024)       Dirty Cards:              Min: 0, Avg:  0.0, Max: 0, Diff: 0, Sum: 0, Workers: 8
[440.028s][debug][gc,phases      ] GC(3024)     Hot Card Cache (ms):      Min:  0.0, Avg:  0.0, Max:  0.0, Diff:  0.0, Sum:  0.0, Workers: 8
[440.028s][debug][gc,phases      ] GC(3024)       Dirty Cards:              Min: 0, Avg:  0.0, Max: 0, Diff: 0, Sum: 0, Workers: 8
[440.028s][debug][gc,phases      ] GC(3024)       Skipped Cards:            Min: 0, Avg:  0.0, Max: 0, Diff: 0, Sum: 0, Workers: 8
[440.028s][debug][gc,phases      ] GC(3024)     Log Buffers (ms):         Min:  0.0, Avg:  0.0, Max:  0.0, Diff:  0.0, Sum:  0.0, Workers: 8
[440.028s][debug][gc,phases      ] GC(3024)       Dirty Cards:              Min: 0, Avg:  0.1, Max: 1, Diff: 1, Sum: 1, Workers: 8
[440.028s][debug][gc,phases      ] GC(3024)       Skipped Cards:            Min: 0, Avg:  0.0, Max: 0, Diff: 0, Sum: 0, Workers: 8
[440.028s][info ][gc,phases      ] GC(3024)   Evacuate Collection Set: 0.1ms
[440.028s][debug][gc,phases      ] GC(3024)     Ext Root Scanning (ms):   Min:  0.0, Avg:  0.0, Max:  0.0, Diff:  0.0, Sum:  0.2, Workers: 8
[440.028s][debug][gc,phases      ] GC(3024)     Scan Heap Roots (ms):     Min:  0.0, Avg:  0.0, Max:  0.0, Diff:  0.0, Sum:  0.0, Workers: 8
[440.028s][debug][gc,phases      ] GC(3024)       Scanned Cards:            Min: 0, Avg:  0.1, Max: 1, Diff: 1, Sum: 1, Workers: 8
[440.028s][debug][gc,phases      ] GC(3024)       Scanned Blocks:           Min: 0, Avg:  0.1, Max: 1, Diff: 1, Sum: 1, Workers: 8
[440.028s][debug][gc,phases      ] GC(3024)       Claimed Chunks:           Min: 0, Avg:  0.1, Max: 1, Diff: 1, Sum: 1, Workers: 8
[440.028s][debug][gc,phases      ] GC(3024)     Code Root Scan (ms):      Min:  0.0, Avg:  0.0, Max:  0.0, Diff:  0.0, Sum:  0.0, Workers: 8
[440.028s][debug][gc,phases      ] GC(3024)     Object Copy (ms):         Min:  0.0, Avg:  0.0, Max:  0.0, Diff:  0.0, Sum:  0.0, Workers: 8
[440.028s][debug][gc,phases      ] GC(3024)     Termination (ms):         Min:  0.1, Avg:  0.1, Max:  0.1, Diff:  0.0, Sum:  0.5, Workers: 8
[440.028s][debug][gc,phases      ] GC(3024)       Termination Attempts:     Min: 1, Avg:  1.0, Max: 1, Diff: 0, Sum: 8, Workers: 8
[440.028s][debug][gc,phases      ] GC(3024)     GC Worker Other (ms):     Min:  0.0, Avg:  0.0, Max:  0.0, Diff:  0.0, Sum:  0.1, Workers: 8
[440.028s][debug][gc,phases      ] GC(3024)     GC Worker Total (ms):     Min:  0.1, Avg:  0.1, Max:  0.1, Diff:  0.0, Sum:  0.8, Workers: 8
[440.028s][info ][gc,phases      ] GC(3024)   Post Evacuate Collection Set: 0.3ms
[440.028s][debug][gc,phases      ] GC(3024)     Code Roots Fixup: 0.0ms
[440.028s][debug][gc,phases      ] GC(3024)     Clear Card Table: 0.1ms
[440.028s][debug][gc,phases      ] GC(3024)     Reference Processing: 0.0ms
[440.028s][debug][gc,phases,ref  ] GC(3024)       Reconsider SoftReferences: 0.0ms
[440.028s][debug][gc,phases,ref  ] GC(3024)         SoftRef (ms):             skipped
[440.028s][debug][gc,phases,ref  ] GC(3024)       Notify Soft/WeakReferences: 0.0ms
[440.028s][debug][gc,phases,ref  ] GC(3024)         SoftRef (ms):             skipped
[440.028s][debug][gc,phases,ref  ] GC(3024)         WeakRef (ms):             skipped
[440.028s][debug][gc,phases,ref  ] GC(3024)         FinalRef (ms):            skipped
[440.028s][debug][gc,phases,ref  ] GC(3024)         Total (ms):               skipped
[440.028s][debug][gc,phases,ref  ] GC(3024)       Notify and keep alive finalizable: 0.0ms
[440.028s][debug][gc,phases,ref  ] GC(3024)         FinalRef (ms):            skipped
[440.028s][debug][gc,phases,ref  ] GC(3024)       Notify PhantomReferences: 0.0ms
[440.028s][debug][gc,phases,ref  ] GC(3024)         PhantomRef (ms):          skipped
[440.028s][debug][gc,phases,ref  ] GC(3024)       SoftReference:
[440.028s][debug][gc,phases,ref  ] GC(3024)         Discovered: 0
[440.028s][debug][gc,phases,ref  ] GC(3024)         Cleared: 0
[440.028s][debug][gc,phases,ref  ] GC(3024)       WeakReference:
[440.028s][debug][gc,phases,ref  ] GC(3024)         Discovered: 0
[440.028s][debug][gc,phases,ref  ] GC(3024)         Cleared: 0
[440.028s][debug][gc,phases,ref  ] GC(3024)       FinalReference:
[440.028s][debug][gc,phases,ref  ] GC(3024)         Discovered: 0
[440.028s][debug][gc,phases,ref  ] GC(3024)         Cleared: 0
[440.028s][debug][gc,phases,ref  ] GC(3024)       PhantomReference:
[440.028s][debug][gc,phases,ref  ] GC(3024)         Discovered: 0
[440.028s][debug][gc,phases,ref  ] GC(3024)         Cleared: 0
[440.028s][debug][gc,phases      ] GC(3024)     Weak Processing: 0.1ms
[440.028s][debug][gc,phases      ] GC(3024)       JVMTI weak processing: 0.0ms
[440.028s][debug][gc,phases      ] GC(3024)         Dead: 0
[440.028s][debug][gc,phases      ] GC(3024)         Total: 0
[440.028s][debug][gc,phases      ] GC(3024)       JFR weak processing: 0.0ms
[440.028s][debug][gc,phases      ] GC(3024)         Dead: 0
[440.028s][debug][gc,phases      ] GC(3024)         Total: 0
[440.028s][debug][gc,phases      ] GC(3024)       JNI weak                  Min:  0.0, Avg:  0.0, Max:  0.0, Diff:  0.0, Sum:  0.0, Workers: 5
[440.028s][debug][gc,phases      ] GC(3024)         Dead                      Min: 0, Avg:  0.0, Max: 0, Diff: 0, Sum: 0, Workers: 5
[440.028s][debug][gc,phases      ] GC(3024)         Total                     Min: 0, Avg: 13.6, Max: 68, Diff: 68, Sum: 68, Workers: 5
[440.029s][debug][gc,phases      ] GC(3024)       VM weak                   Min:  0.0, Avg:  0.0, Max:  0.0, Diff:  0.0, Sum:  0.0, Workers: 5
[440.029s][debug][gc,phases      ] GC(3024)         Dead                      Min: 0, Avg:  0.0, Max: 0, Diff: 0, Sum: 0, Workers: 5
[440.029s][debug][gc,phases      ] GC(3024)         Total                     Min: 0, Avg: 42.6, Max: 213, Diff: 213, Sum: 213, Workers: 5
[440.029s][debug][gc,phases      ] GC(3024)       StringTable weak          Min:  0.0, Avg:  0.0, Max:  0.0, Diff:  0.0, Sum:  0.0, Workers: 5
[440.029s][debug][gc,phases      ] GC(3024)         Dead                      Min: 0, Avg:  0.0, Max: 0, Diff: 0, Sum: 0, Workers: 5
[440.029s][debug][gc,phases      ] GC(3024)         Total                     Min: 0, Avg: 682.0, Max: 3026, Diff: 3026, Sum: 3410, Workers: 5
[440.029s][debug][gc,phases      ] GC(3024)       ResolvedMethodTable weak  Min:  0.0, Avg:  0.0, Max:  0.0, Diff:  0.0, Sum:  0.0, Workers: 5
[440.029s][debug][gc,phases      ] GC(3024)         Dead                      Min: 0, Avg:  0.0, Max: 0, Diff: 0, Sum: 0, Workers: 5
[440.029s][debug][gc,phases      ] GC(3024)         Total                     Min: 0, Avg: 114.8, Max: 256, Diff: 256, Sum: 574, Workers: 5
[440.029s][debug][gc,phases      ] GC(3024)     Merge Per-Thread State: 0.0ms
[440.029s][debug][gc,phases      ] GC(3024)       Copied Bytes              Min: 0, Avg: 68.0, Max: 192, Diff: 192, Sum: 544, Workers: 8
[440.029s][debug][gc,phases      ] GC(3024)       LAB Waste                 Min: 0, Avg:  0.0, Max: 0, Diff: 0, Sum: 0, Workers: 8
[440.029s][debug][gc,phases      ] GC(3024)       LAB Undo Waste            Min: 0, Avg:  0.0, Max: 0, Diff: 0, Sum: 0, Workers: 8
[440.029s][debug][gc,phases      ] GC(3024)     Code Roots Purge: 0.0ms
[440.029s][debug][gc,phases      ] GC(3024)     Redirty Cards: 0.0ms
[440.029s][debug][gc,phases      ] GC(3024)     DerivedPointerTable Update: 0.0ms
[440.029s][debug][gc,phases      ] GC(3024)     Free Collection Set: 0.1ms
[440.029s][debug][gc,phases      ] GC(3024)     Rebuild Free List: 0.1ms
[440.029s][debug][gc,phases      ] GC(3024)     Humongous Reclaim: 0.0ms
[440.029s][debug][gc,phases      ] GC(3024)     Start New Collection Set: 0.0ms
[440.029s][debug][gc,phases      ] GC(3024)     Resize TLABs: 0.0ms
[440.029s][debug][gc,phases      ] GC(3024)     Expand Heap After Collection: 0.0ms
[440.029s][info ][gc,phases      ] GC(3024)   Other: 0.3ms
[440.029s][info ][gc,heap        ] GC(3024) Eden regions: 180->0(180)
[440.029s][info ][gc,heap        ] GC(3024) Survivor regions: 1->1(23)
[440.029s][info ][gc,heap        ] GC(3024) Old regions: 7->7
[440.029s][info ][gc,heap        ] GC(3024) Archive regions: 2->2
[440.029s][info ][gc,heap        ] GC(3024) Humongous regions: 0->0
[440.029s][info ][gc,metaspace   ] GC(3024) Metaspace: 9905K(10624K)->9905K(10624K) NonClass: 8758K(9216K)->8758K(9216K) Class: 1146K(1408K)->1146K(1408K)
[440.029s][debug][gc,heap        ] GC(3024) Heap after GC invocations=3025 (full 1): garbage-first heap   total 309248K, used 4067K [0x0000000700000000, 0x0000000800000000)
[440.029s][debug][gc,heap        ] GC(3024)   region size 1024K, 1 young (1024K), 1 survivors (1024K)
[440.029s][debug][gc,heap        ] GC(3024)  Metaspace       used 9905K, capacity 10179K, committed 10624K, reserved 1058816K
[440.029s][debug][gc,heap        ] GC(3024)   class space    used 1146K, capacity 1267K, committed 1408K, reserved 1048576K
[440.029s][info ][gc             ] GC(3024) Pause Young (Normal) (G1 Evacuation Pause) 183M->3M(302M) 1.862ms
[440.029s][info ][gc,cpu         ] GC(3024) User=0.00s Sys=0.01s Real=0.00s
[440.029s][info ][safepoint      ] Safepoint "G1CollectForAllocation", Time since last: 135778936 ns, Reaching safepoint: 161978 ns, At safepoint: 2049727 ns, Total: 2211705 ns
[440.177s][debug][gc,heap        ] GC(3025) Heap before GC invocations=3025 (full 1): garbage-first heap   total 309248K, used 187363K [0x0000000700000000, 0x0000000800000000)
[440.177s][debug][gc,heap        ] GC(3025)   region size 1024K, 181 young (185344K), 1 survivors (1024K)
[440.177s][debug][gc,heap        ] GC(3025)  Metaspace       used 9905K, capacity 10179K, committed 10624K, reserved 1058816K
[440.177s][debug][gc,heap        ] GC(3025)   class space    used 1146K, capacity 1267K, committed 1408K, reserved 1048576K
[440.177s][info ][gc,start       ] GC(3025) Pause Young (Normal) (G1 Evacuation Pause)
[440.177s][info ][gc,task        ] GC(3025) Using 8 workers of 8 for evacuation
[440.177s][debug][gc,tlab        ] GC(3025) TLAB totals: thrds: 8  refills: 724 max: 100 slow allocs: 0 max 0 waste:  1.1% gc: 1587456B max: 346064B slow: 417928B max: 57648B fast: 0B max: 0B
[440.177s][debug][gc,age         ] GC(3025) Desired survivor size 12058624 bytes, new threshold 15 (max threshold 15)
[440.177s][debug][gc,alloc,region] GC(3025) Mutator Allocation stats, regions: 180, wasted size: 0B ( 0.0%)
[440.177s][debug][gc,ergo        ] GC(3025) Running G1 Merge Heap Roots using 8 workers for 181 regions
[440.177s][debug][gc,remset      ] GC(3025) Visited cards 256 Total dirty 2048 (12.50%) Total old 759808 (0.03%)
[440.177s][debug][gc,ergo        ] GC(3025) Running G1 Clear Card Table Task using 1 workers for 1 units of work for 182 regions.
[440.177s][debug][gc,ref         ] GC(3025) Skipped phase1 of Reference Processing due to unavailable references
[440.177s][debug][gc,ref         ] GC(3025) Skipped phase2 of Reference Processing due to unavailable references
[440.177s][debug][gc,ref         ] GC(3025) Skipped phase3 of Reference Processing due to unavailable references
[440.177s][debug][gc,ref         ] GC(3025) Skipped phase4 of Reference Processing due to unavailable references
[440.177s][debug][gc,ergo        ] GC(3025) Running G1 Free Collection Set using 8 workers for collection set length 181 (302)
[440.177s][debug][gc,ergo        ] GC(3025) Running G1 Rebuild Free List Task using 8 workers for rebuilding free list of 0 (4096) regions
[440.177s][trace][gc,age         ] GC(3025) Age table with threshold 15 (max threshold 15)
[440.177s][trace][gc,age         ] GC(3025) - age   1:        544 bytes,        544 total
[440.177s][debug][gc,plab        ] GC(3025) Young PLAB allocation: allocated: 14448B, wasted: 0B, unused: 13904B, used: 544B, undo waste: 0B, 
[440.177s][debug][gc,plab        ] GC(3025) Young other allocation: region end waste: 0B, regions filled: 1, direct allocated: 0B, failure used: 0B, failure wasted: 0B
[440.178s][debug][gc,plab        ] GC(3025) Young sizing: calculated: 104B, actual: 2064B
[440.178s][debug][gc,plab        ] GC(3025) Old PLAB allocation: allocated: 0B, wasted: 0B, unused: 0B, used: 0B, undo waste: 0B, 
[440.178s][debug][gc,plab        ] GC(3025) Old other allocation: region end waste: 0B, regions filled: 1, direct allocated: 0B, failure used: 0B, failure wasted: 0B
[440.178s][debug][gc,plab        ] GC(3025) Old sizing: calculated: 0B, actual: 2064B
[440.178s][debug][gc,ihop        ] GC(3025) Basic information (value update), threshold: 142501478B (45.00), target occupancy: 316669952B, current occupancy: 4169192B, recent allocation size: 0B, recent allocation duration: 148.86ms, recent old gen allocation rate: 0.00B/s, recent marking phase length: 0.00ms
[440.178s][debug][gc,ihop        ] GC(3025) Adaptive IHOP information (value update), threshold: 142501478B (47.37), internal target occupancy: 300836454B, occupancy: 4169192B, additional buffer size: 189792256B, predicted old gen allocation rate: 0.00B/s, predicted marking phase length: 0.00ms, prediction active: false
[440.178s][debug][gc,ergo,refine ] GC(3025) Concurrent refinement times: Logged Cards Scan time goal: 20.00ms Logged Cards Scan time: 0.00ms HCC time: 0.00ms
[440.178s][debug][gc,ergo,refine ] GC(3025) Updated Refinement Zones: green: 2048, yellow: 6144, red: 10240
[440.178s][info ][gc,phases      ] GC(3025)   Pre Evacuate Collection Set: 0.1ms
[440.178s][debug][gc,phases      ] GC(3025)     Prepare TLABs: 0.0ms
[440.178s][debug][gc,phases      ] GC(3025)     Choose Collection Set: 0.0ms
[440.178s][debug][gc,phases      ] GC(3025)     Region Register: 0.1ms
[440.178s][debug][gc,phases      ] GC(3025)     Prepare Heap Roots: 0.0ms
[440.178s][info ][gc,phases      ] GC(3025)   Merge Heap Roots: 0.1ms
[440.178s][debug][gc,phases      ] GC(3025)     Prepare Merge Heap Roots: 0.0ms
[440.178s][debug][gc,phases      ] GC(3025)     Eager Reclaim (ms):       skipped
[440.178s][debug][gc,phases      ] GC(3025)     Remembered Sets (ms):     Min:  0.0, Avg:  0.0, Max:  0.0, Diff:  0.0, Sum:  0.1, Workers: 8
[440.178s][debug][gc,phases      ] GC(3025)       Merged Sparse:            Min: 0, Avg:  0.0, Max: 0, Diff: 0, Sum: 0, Workers: 8
[440.178s][debug][gc,phases      ] GC(3025)       Merged Fine:              Min: 0, Avg:  0.0, Max: 0, Diff: 0, Sum: 0, Workers: 8
[440.178s][debug][gc,phases      ] GC(3025)       Merged Coarse:            Min: 0, Avg:  0.0, Max: 0, Diff: 0, Sum: 0, Workers: 8
[440.178s][debug][gc,phases      ] GC(3025)       Dirty Cards:              Min: 0, Avg:  0.0, Max: 0, Diff: 0, Sum: 0, Workers: 8
[440.178s][debug][gc,phases      ] GC(3025)     Hot Card Cache (ms):      Min:  0.0, Avg:  0.0, Max:  0.0, Diff:  0.0, Sum:  0.0, Workers: 8
[440.178s][debug][gc,phases      ] GC(3025)       Dirty Cards:              Min: 0, Avg:  0.0, Max: 0, Diff: 0, Sum: 0, Workers: 8
[440.178s][debug][gc,phases      ] GC(3025)       Skipped Cards:            Min: 0, Avg:  0.0, Max: 0, Diff: 0, Sum: 0, Workers: 8
[440.178s][debug][gc,phases      ] GC(3025)     Log Buffers (ms):         Min:  0.0, Avg:  0.0, Max:  0.0, Diff:  0.0, Sum:  0.0, Workers: 8
[440.178s][debug][gc,phases      ] GC(3025)       Dirty Cards:              Min: 0, Avg:  0.1, Max: 1, Diff: 1, Sum: 1, Workers: 8
[440.178s][debug][gc,phases      ] GC(3025)       Skipped Cards:            Min: 0, Avg:  0.0, Max: 0, Diff: 0, Sum: 0, Workers: 8
[440.178s][info ][gc,phases      ] GC(3025)   Evacuate Collection Set: 0.2ms
[440.178s][debug][gc,phases      ] GC(3025)     Ext Root Scanning (ms):   Min:  0.0, Avg:  0.0, Max:  0.1, Diff:  0.0, Sum:  0.2, Workers: 8
[440.178s][debug][gc,phases      ] GC(3025)     Scan Heap Roots (ms):     Min:  0.0, Avg:  0.0, Max:  0.0, Diff:  0.0, Sum:  0.0, Workers: 8
[440.178s][debug][gc,phases      ] GC(3025)       Scanned Cards:            Min: 0, Avg:  0.1, Max: 1, Diff: 1, Sum: 1, Workers: 8
[440.178s][debug][gc,phases      ] GC(3025)       Scanned Blocks:           Min: 0, Avg:  0.1, Max: 1, Diff: 1, Sum: 1, Workers: 8
[440.178s][debug][gc,phases      ] GC(3025)       Claimed Chunks:           Min: 0, Avg:  0.1, Max: 1, Diff: 1, Sum: 1, Workers: 8
[440.178s][debug][gc,phases      ] GC(3025)     Code Root Scan (ms):      Min:  0.0, Avg:  0.0, Max:  0.0, Diff:  0.0, Sum:  0.0, Workers: 8
[440.178s][debug][gc,phases      ] GC(3025)     Object Copy (ms):         Min:  0.0, Avg:  0.0, Max:  0.0, Diff:  0.0, Sum:  0.0, Workers: 8
[440.178s][debug][gc,phases      ] GC(3025)     Termination (ms):         Min:  0.1, Avg:  0.1, Max:  0.1, Diff:  0.0, Sum:  0.8, Workers: 8
[440.178s][debug][gc,phases      ] GC(3025)       Termination Attempts:     Min: 1, Avg:  1.0, Max: 1, Diff: 0, Sum: 8, Workers: 8
[440.178s][debug][gc,phases      ] GC(3025)     GC Worker Other (ms):     Min:  0.0, Avg:  0.0, Max:  0.0, Diff:  0.0, Sum:  0.1, Workers: 8
[440.178s][debug][gc,phases      ] GC(3025)     GC Worker Total (ms):     Min:  0.1, Avg:  0.1, Max:  0.2, Diff:  0.1, Sum:  1.2, Workers: 8
[440.178s][info ][gc,phases      ] GC(3025)   Post Evacuate Collection Set: 0.4ms
[440.178s][debug][gc,phases      ] GC(3025)     Code Roots Fixup: 0.0ms
[440.178s][debug][gc,phases      ] GC(3025)     Clear Card Table: 0.1ms
[440.178s][debug][gc,phases      ] GC(3025)     Reference Processing: 0.0ms
[440.178s][debug][gc,phases,ref  ] GC(3025)       Reconsider SoftReferences: 0.0ms
[440.178s][debug][gc,phases,ref  ] GC(3025)         SoftRef (ms):             skipped
[440.178s][debug][gc,phases,ref  ] GC(3025)       Notify Soft/WeakReferences: 0.0ms
[440.178s][debug][gc,phases,ref  ] GC(3025)         SoftRef (ms):             skipped
[440.178s][debug][gc,phases,ref  ] GC(3025)         WeakRef (ms):             skipped
[440.178s][debug][gc,phases,ref  ] GC(3025)         FinalRef (ms):            skipped
[440.178s][debug][gc,phases,ref  ] GC(3025)         Total (ms):               skipped
[440.178s][debug][gc,phases,ref  ] GC(3025)       Notify and keep alive finalizable: 0.0ms
[440.178s][debug][gc,phases,ref  ] GC(3025)         FinalRef (ms):            skipped
[440.178s][debug][gc,phases,ref  ] GC(3025)       Notify PhantomReferences: 0.0ms
[440.178s][debug][gc,phases,ref  ] GC(3025)         PhantomRef (ms):          skipped
[440.178s][debug][gc,phases,ref  ] GC(3025)       SoftReference:
[440.178s][debug][gc,phases,ref  ] GC(3025)         Discovered: 0
[440.178s][debug][gc,phases,ref  ] GC(3025)         Cleared: 0
[440.178s][debug][gc,phases,ref  ] GC(3025)       WeakReference:
[440.178s][debug][gc,phases,ref  ] GC(3025)         Discovered: 0
[440.178s][debug][gc,phases,ref  ] GC(3025)         Cleared: 0
[440.178s][debug][gc,phases,ref  ] GC(3025)       FinalReference:
[440.178s][debug][gc,phases,ref  ] GC(3025)         Discovered: 0
[440.178s][debug][gc,phases,ref  ] GC(3025)         Cleared: 0
[440.178s][debug][gc,phases,ref  ] GC(3025)       PhantomReference:
[440.178s][debug][gc,phases,ref  ] GC(3025)         Discovered: 0
[440.178s][debug][gc,phases,ref  ] GC(3025)         Cleared: 0
[440.178s][debug][gc,phases      ] GC(3025)     Weak Processing: 0.1ms
[440.178s][debug][gc,phases      ] GC(3025)       JVMTI weak processing: 0.0ms
[440.178s][debug][gc,phases      ] GC(3025)         Dead: 0
[440.178s][debug][gc,phases      ] GC(3025)         Total: 0
[440.178s][debug][gc,phases      ] GC(3025)       JFR weak processing: 0.0ms
[440.178s][debug][gc,phases      ] GC(3025)         Dead: 0
[440.178s][debug][gc,phases      ] GC(3025)         Total: 0
[440.178s][debug][gc,phases      ] GC(3025)       JNI weak                  Min:  0.0, Avg:  0.0, Max:  0.0, Diff:  0.0, Sum:  0.0, Workers: 5
[440.178s][debug][gc,phases      ] GC(3025)         Dead                      Min: 0, Avg:  0.0, Max: 0, Diff: 0, Sum: 0, Workers: 5
[440.178s][debug][gc,phases      ] GC(3025)         Total                     Min: 0, Avg: 13.6, Max: 68, Diff: 68, Sum: 68, Workers: 5
[440.178s][debug][gc,phases      ] GC(3025)       VM weak                   Min:  0.0, Avg:  0.0, Max:  0.0, Diff:  0.0, Sum:  0.0, Workers: 5
[440.178s][debug][gc,phases      ] GC(3025)         Dead                      Min: 0, Avg:  0.0, Max: 0, Diff: 0, Sum: 0, Workers: 5
[440.178s][debug][gc,phases      ] GC(3025)         Total                     Min: 0, Avg: 42.6, Max: 213, Diff: 213, Sum: 213, Workers: 5
[440.178s][debug][gc,phases      ] GC(3025)       StringTable weak          Min:  0.0, Avg:  0.0, Max:  0.0, Diff:  0.0, Sum:  0.0, Workers: 5
[440.178s][debug][gc,phases      ] GC(3025)         Dead                      Min: 0, Avg:  0.0, Max: 0, Diff: 0, Sum: 0, Workers: 5
[440.178s][debug][gc,phases      ] GC(3025)         Total                     Min: 0, Avg: 682.0, Max: 1727, Diff: 1727, Sum: 3410, Workers: 5
[440.178s][debug][gc,phases      ] GC(3025)       ResolvedMethodTable weak  Min:  0.0, Avg:  0.0, Max:  0.0, Diff:  0.0, Sum:  0.0, Workers: 5
[440.178s][debug][gc,phases      ] GC(3025)         Dead                      Min: 0, Avg:  0.0, Max: 0, Diff: 0, Sum: 0, Workers: 5
[440.178s][debug][gc,phases      ] GC(3025)         Total                     Min: 0, Avg: 114.8, Max: 318, Diff: 318, Sum: 574, Workers: 5
[440.178s][debug][gc,phases      ] GC(3025)     Merge Per-Thread State: 0.0ms
[440.178s][debug][gc,phases      ] GC(3025)       Copied Bytes              Min: 0, Avg: 68.0, Max: 144, Diff: 144, Sum: 544, Workers: 8
[440.178s][debug][gc,phases      ] GC(3025)       LAB Waste                 Min: 0, Avg:  0.0, Max: 0, Diff: 0, Sum: 0, Workers: 8
[440.178s][debug][gc,phases      ] GC(3025)       LAB Undo Waste            Min: 0, Avg:  0.0, Max: 0, Diff: 0, Sum: 0, Workers: 8
[440.178s][debug][gc,phases      ] GC(3025)     Code Roots Purge: 0.0ms
[440.178s][debug][gc,phases      ] GC(3025)     Redirty Cards: 0.0ms
[440.178s][debug][gc,phases      ] GC(3025)     DerivedPointerTable Update: 0.0ms
[440.178s][debug][gc,phases      ] GC(3025)     Free Collection Set: 0.1ms
[440.178s][debug][gc,phases      ] GC(3025)     Rebuild Free List: 0.1ms
[440.178s][debug][gc,phases      ] GC(3025)     Humongous Reclaim: 0.0ms
[440.178s][debug][gc,phases      ] GC(3025)     Start New Collection Set: 0.0ms
[440.178s][debug][gc,phases      ] GC(3025)     Resize TLABs: 0.0ms
[440.178s][debug][gc,phases      ] GC(3025)     Expand Heap After Collection: 0.0ms
[440.178s][info ][gc,phases      ] GC(3025)   Other: 0.3ms
[440.178s][info ][gc,heap        ] GC(3025) Eden regions: 180->0(180)
[440.178s][info ][gc,heap        ] GC(3025) Survivor regions: 1->1(23)
[440.178s][info ][gc,heap        ] GC(3025) Old regions: 7->7
[440.178s][info ][gc,heap        ] GC(3025) Archive regions: 2->2
[440.178s][info ][gc,heap        ] GC(3025) Humongous regions: 0->0
[440.178s][info ][gc,metaspace   ] GC(3025) Metaspace: 9905K(10624K)->9905K(10624K) NonClass: 8758K(9216K)->8758K(9216K) Class: 1146K(1408K)->1146K(1408K)
[440.178s][debug][gc,heap        ] GC(3025) Heap after GC invocations=3026 (full 1): garbage-first heap   total 309248K, used 4071K [0x0000000700000000, 0x0000000800000000)
[440.178s][debug][gc,heap        ] GC(3025)   region size 1024K, 1 young (1024K), 1 survivors (1024K)
[440.179s][debug][gc,heap        ] GC(3025)  Metaspace       used 9905K, capacity 10179K, committed 10624K, reserved 1058816K
[440.179s][debug][gc,heap        ] GC(3025)   class space    used 1146K, capacity 1267K, committed 1408K, reserved 1048576K
[440.179s][info ][gc             ] GC(3025) Pause Young (Normal) (G1 Evacuation Pause) 183M->3M(302M) 1.885ms
[440.179s][info ][gc,cpu         ] GC(3025) User=0.01s Sys=0.00s Real=0.00s
[440.179s][info ][safepoint      ] Safepoint "G1CollectForAllocation", Time since last: 147524094 ns, Reaching safepoint: 111000 ns, At safepoint: 2075672 ns, Total: 2186672 ns
[440.317s][debug][gc,heap        ] GC(3026) Heap before GC invocations=3026 (full 1): garbage-first heap   total 309248K, used 188391K [0x0000000700000000, 0x0000000800000000)
[440.317s][debug][gc,heap        ] GC(3026)   region size 1024K, 181 young (185344K), 1 survivors (1024K)
[440.317s][debug][gc,heap        ] GC(3026)  Metaspace       used 9905K, capacity 10179K, committed 10624K, reserved 1058816K
[440.317s][debug][gc,heap        ] GC(3026)   class space    used 1146K, capacity 1267K, committed 1408K, reserved 1048576K
[440.317s][info ][gc,start       ] GC(3026) Pause Young (Normal) (G1 Evacuation Pause)
[440.317s][info ][gc,task        ] GC(3026) Using 8 workers of 8 for evacuation
[440.317s][debug][gc,tlab        ] GC(3026) TLAB totals: thrds: 8  refills: 724 max: 113 slow allocs: 0 max 0 waste:  0.9% gc: 1233816B max: 304408B slow: 418592B max: 65152B fast: 0B max: 0B
[440.317s][debug][gc,age         ] GC(3026) Desired survivor size 12058624 bytes, new threshold 15 (max threshold 15)
[440.317s][debug][gc,alloc,region] GC(3026) Mutator Allocation stats, regions: 180, wasted size: 0B ( 0.0%)
[440.317s][debug][gc,ergo        ] GC(3026) Running G1 Merge Heap Roots using 8 workers for 181 regions
[440.317s][debug][gc,remset      ] GC(3026) Visited cards 256 Total dirty 2048 (12.50%) Total old 759808 (0.03%)
[440.317s][debug][gc,ergo        ] GC(3026) Running G1 Clear Card Table Task using 1 workers for 1 units of work for 182 regions.
[440.317s][debug][gc,ref         ] GC(3026) Skipped phase1 of Reference Processing due to unavailable references
[440.317s][debug][gc,ref         ] GC(3026) Skipped phase2 of Reference Processing due to unavailable references
[440.317s][debug][gc,ref         ] GC(3026) Skipped phase3 of Reference Processing due to unavailable references
[440.317s][debug][gc,ref         ] GC(3026) Skipped phase4 of Reference Processing due to unavailable references
[440.317s][debug][gc,ergo        ] GC(3026) Running G1 Free Collection Set using 8 workers for collection set length 181 (302)
[440.317s][debug][gc,ergo        ] GC(3026) Running G1 Rebuild Free List Task using 8 workers for rebuilding free list of 0 (4096) regions
[440.318s][trace][gc,age         ] GC(3026) Age table with threshold 15 (max threshold 15)
[440.318s][trace][gc,age         ] GC(3026) - age   1:        536 bytes,        536 total
[440.318s][debug][gc,plab        ] GC(3026) Young PLAB allocation: allocated: 10320B, wasted: 0B, unused: 9784B, used: 536B, undo waste: 0B, 
[440.318s][debug][gc,plab        ] GC(3026) Young other allocation: region end waste: 0B, regions filled: 1, direct allocated: 0B, failure used: 0B, failure wasted: 0B
[440.318s][debug][gc,plab        ] GC(3026) Young sizing: calculated: 104B, actual: 2064B
[440.318s][debug][gc,plab        ] GC(3026) Old PLAB allocation: allocated: 0B, wasted: 0B, unused: 0B, used: 0B, undo waste: 0B, 
[440.318s][debug][gc,plab        ] GC(3026) Old other allocation: region end waste: 0B, regions filled: 1, direct allocated: 0B, failure used: 0B, failure wasted: 0B
[440.318s][debug][gc,plab        ] GC(3026) Old sizing: calculated: 0B, actual: 2064B
[440.318s][debug][gc,ihop        ] GC(3026) Basic information (value update), threshold: 142501478B (45.00), target occupancy: 316669952B, current occupancy: 4165064B, recent allocation size: 0B, recent allocation duration: 139.12ms, recent old gen allocation rate: 0.00B/s, recent marking phase length: 0.00ms
[440.318s][debug][gc,ihop        ] GC(3026) Adaptive IHOP information (value update), threshold: 142501478B (47.37), internal target occupancy: 300836454B, occupancy: 4165064B, additional buffer size: 189792256B, predicted old gen allocation rate: 0.00B/s, predicted marking phase length: 0.00ms, prediction active: false
[440.318s][debug][gc,ergo,refine ] GC(3026) Concurrent refinement times: Logged Cards Scan time goal: 20.00ms Logged Cards Scan time: 0.00ms HCC time: 0.00ms
[440.318s][debug][gc,ergo,refine ] GC(3026) Updated Refinement Zones: green: 2048, yellow: 6144, red: 10240
[440.318s][info ][gc,phases      ] GC(3026)   Pre Evacuate Collection Set: 0.1ms
[440.318s][debug][gc,phases      ] GC(3026)     Prepare TLABs: 0.0ms
[440.318s][debug][gc,phases      ] GC(3026)     Choose Collection Set: 0.0ms
[440.318s][debug][gc,phases      ] GC(3026)     Region Register: 0.1ms
[440.318s][debug][gc,phases      ] GC(3026)     Prepare Heap Roots: 0.0ms
[440.318s][info ][gc,phases      ] GC(3026)   Merge Heap Roots: 0.1ms
[440.318s][debug][gc,phases      ] GC(3026)     Prepare Merge Heap Roots: 0.0ms
[440.318s][debug][gc,phases      ] GC(3026)     Eager Reclaim (ms):       skipped
[440.318s][debug][gc,phases      ] GC(3026)     Remembered Sets (ms):     Min:  0.0, Avg:  0.0, Max:  0.0, Diff:  0.0, Sum:  0.0, Workers: 8
[440.318s][debug][gc,phases      ] GC(3026)       Merged Sparse:            Min: 0, Avg:  0.0, Max: 0, Diff: 0, Sum: 0, Workers: 8
[440.318s][debug][gc,phases      ] GC(3026)       Merged Fine:              Min: 0, Avg:  0.0, Max: 0, Diff: 0, Sum: 0, Workers: 8
[440.318s][debug][gc,phases      ] GC(3026)       Merged Coarse:            Min: 0, Avg:  0.0, Max: 0, Diff: 0, Sum: 0, Workers: 8
[440.318s][debug][gc,phases      ] GC(3026)       Dirty Cards:              Min: 0, Avg:  0.0, Max: 0, Diff: 0, Sum: 0, Workers: 8
[440.318s][debug][gc,phases      ] GC(3026)     Hot Card Cache (ms):      Min:  0.0, Avg:  0.0, Max:  0.0, Diff:  0.0, Sum:  0.0, Workers: 8
[440.318s][debug][gc,phases      ] GC(3026)       Dirty Cards:              Min: 0, Avg:  0.0, Max: 0, Diff: 0, Sum: 0, Workers: 8
[440.318s][debug][gc,phases      ] GC(3026)       Skipped Cards:            Min: 0, Avg:  0.0, Max: 0, Diff: 0, Sum: 0, Workers: 8
[440.318s][debug][gc,phases      ] GC(3026)     Log Buffers (ms):         Min:  0.0, Avg:  0.0, Max:  0.0, Diff:  0.0, Sum:  0.0, Workers: 8
[440.318s][debug][gc,phases      ] GC(3026)       Dirty Cards:              Min: 0, Avg:  0.1, Max: 1, Diff: 1, Sum: 1, Workers: 8
[440.318s][debug][gc,phases      ] GC(3026)       Skipped Cards:            Min: 0, Avg:  0.0, Max: 0, Diff: 0, Sum: 0, Workers: 8
[440.318s][info ][gc,phases      ] GC(3026)   Evacuate Collection Set: 0.2ms
[440.318s][debug][gc,phases      ] GC(3026)     Ext Root Scanning (ms):   Min:  0.0, Avg:  0.0, Max:  0.1, Diff:  0.1, Sum:  0.2, Workers: 8
[440.318s][debug][gc,phases      ] GC(3026)     Scan Heap Roots (ms):     Min:  0.0, Avg:  0.0, Max:  0.0, Diff:  0.0, Sum:  0.0, Workers: 8
[440.318s][debug][gc,phases      ] GC(3026)       Scanned Cards:            Min: 0, Avg:  0.1, Max: 1, Diff: 1, Sum: 1, Workers: 8
[440.318s][debug][gc,phases      ] GC(3026)       Scanned Blocks:           Min: 0, Avg:  0.1, Max: 1, Diff: 1, Sum: 1, Workers: 8
[440.318s][debug][gc,phases      ] GC(3026)       Claimed Chunks:           Min: 0, Avg:  0.1, Max: 1, Diff: 1, Sum: 1, Workers: 8
[440.318s][debug][gc,phases      ] GC(3026)     Code Root Scan (ms):      Min:  0.0, Avg:  0.0, Max:  0.0, Diff:  0.0, Sum:  0.0, Workers: 8
[440.318s][debug][gc,phases      ] GC(3026)     Object Copy (ms):         Min:  0.0, Avg:  0.0, Max:  0.0, Diff:  0.0, Sum:  0.0, Workers: 8
[440.318s][debug][gc,phases      ] GC(3026)     Termination (ms):         Min:  0.1, Avg:  0.1, Max:  0.1, Diff:  0.0, Sum:  0.8, Workers: 8
[440.318s][debug][gc,phases      ] GC(3026)       Termination Attempts:     Min: 1, Avg:  1.0, Max: 1, Diff: 0, Sum: 8, Workers: 8
[440.318s][debug][gc,phases      ] GC(3026)     GC Worker Other (ms):     Min:  0.0, Avg:  0.0, Max:  0.0, Diff:  0.0, Sum:  0.1, Workers: 8
[440.318s][debug][gc,phases      ] GC(3026)     GC Worker Total (ms):     Min:  0.1, Avg:  0.2, Max:  0.2, Diff:  0.1, Sum:  1.2, Workers: 8
[440.318s][info ][gc,phases      ] GC(3026)   Post Evacuate Collection Set: 0.3ms
[440.318s][debug][gc,phases      ] GC(3026)     Code Roots Fixup: 0.0ms
[440.318s][debug][gc,phases      ] GC(3026)     Clear Card Table: 0.1ms
[440.318s][debug][gc,phases      ] GC(3026)     Reference Processing: 0.0ms
[440.318s][debug][gc,phases,ref  ] GC(3026)       Reconsider SoftReferences: 0.0ms
[440.318s][debug][gc,phases,ref  ] GC(3026)         SoftRef (ms):             skipped
[440.318s][debug][gc,phases,ref  ] GC(3026)       Notify Soft/WeakReferences: 0.0ms
[440.318s][debug][gc,phases,ref  ] GC(3026)         SoftRef (ms):             skipped
[440.318s][debug][gc,phases,ref  ] GC(3026)         WeakRef (ms):             skipped
[440.318s][debug][gc,phases,ref  ] GC(3026)         FinalRef (ms):            skipped
[440.318s][debug][gc,phases,ref  ] GC(3026)         Total (ms):               skipped
[440.318s][debug][gc,phases,ref  ] GC(3026)       Notify and keep alive finalizable: 0.0ms
[440.318s][debug][gc,phases,ref  ] GC(3026)         FinalRef (ms):            skipped
[440.318s][debug][gc,phases,ref  ] GC(3026)       Notify PhantomReferences: 0.0ms
[440.318s][debug][gc,phases,ref  ] GC(3026)         PhantomRef (ms):          skipped
[440.318s][debug][gc,phases,ref  ] GC(3026)       SoftReference:
[440.318s][debug][gc,phases,ref  ] GC(3026)         Discovered: 0
[440.318s][debug][gc,phases,ref  ] GC(3026)         Cleared: 0
[440.318s][debug][gc,phases,ref  ] GC(3026)       WeakReference:
[440.318s][debug][gc,phases,ref  ] GC(3026)         Discovered: 0
[440.318s][debug][gc,phases,ref  ] GC(3026)         Cleared: 0
[440.318s][debug][gc,phases,ref  ] GC(3026)       FinalReference:
[440.318s][debug][gc,phases,ref  ] GC(3026)         Discovered: 0
[440.318s][debug][gc,phases,ref  ] GC(3026)         Cleared: 0
[440.318s][debug][gc,phases,ref  ] GC(3026)       PhantomReference:
[440.318s][debug][gc,phases,ref  ] GC(3026)         Discovered: 0
[440.318s][debug][gc,phases,ref  ] GC(3026)         Cleared: 0
[440.318s][debug][gc,phases      ] GC(3026)     Weak Processing: 0.1ms
[440.318s][debug][gc,phases      ] GC(3026)       JVMTI weak processing: 0.0ms
[440.318s][debug][gc,phases      ] GC(3026)         Dead: 0
[440.318s][debug][gc,phases      ] GC(3026)         Total: 0
[440.318s][debug][gc,phases      ] GC(3026)       JFR weak processing: 0.0ms
[440.318s][debug][gc,phases      ] GC(3026)         Dead: 0
[440.318s][debug][gc,phases      ] GC(3026)         Total: 0
[440.318s][debug][gc,phases      ] GC(3026)       JNI weak                  Min:  0.0, Avg:  0.0, Max:  0.0, Diff:  0.0, Sum:  0.0, Workers: 5
[440.318s][debug][gc,phases      ] GC(3026)         Dead                      Min: 0, Avg:  0.0, Max: 0, Diff: 0, Sum: 0, Workers: 5
[440.318s][debug][gc,phases      ] GC(3026)         Total                     Min: 0, Avg: 13.6, Max: 52, Diff: 52, Sum: 68, Workers: 5
[440.318s][debug][gc,phases      ] GC(3026)       VM weak                   Min:  0.0, Avg:  0.0, Max:  0.0, Diff:  0.0, Sum:  0.0, Workers: 5
[440.318s][debug][gc,phases      ] GC(3026)         Dead                      Min: 0, Avg:  0.0, Max: 0, Diff: 0, Sum: 0, Workers: 5
[440.318s][debug][gc,phases      ] GC(3026)         Total                     Min: 0, Avg: 42.6, Max: 128, Diff: 128, Sum: 213, Workers: 5
[440.318s][debug][gc,phases      ] GC(3026)       StringTable weak          Min:  0.0, Avg:  0.0, Max:  0.0, Diff:  0.0, Sum:  0.1, Workers: 5
[440.318s][debug][gc,phases      ] GC(3026)         Dead                      Min: 0, Avg:  0.0, Max: 0, Diff: 0, Sum: 0, Workers: 5
[440.318s][debug][gc,phases      ] GC(3026)         Total                     Min: 0, Avg: 682.0, Max: 1728, Diff: 1728, Sum: 3410, Workers: 5
[440.318s][debug][gc,phases      ] GC(3026)       ResolvedMethodTable weak  Min:  0.0, Avg:  0.0, Max:  0.0, Diff:  0.0, Sum:  0.0, Workers: 5
[440.318s][debug][gc,phases      ] GC(3026)         Dead                      Min: 0, Avg:  0.0, Max: 0, Diff: 0, Sum: 0, Workers: 5
[440.318s][debug][gc,phases      ] GC(3026)         Total                     Min: 0, Avg: 114.8, Max: 318, Diff: 318, Sum: 574, Workers: 5
[440.318s][debug][gc,phases      ] GC(3026)     Merge Per-Thread State: 0.0ms
[440.318s][debug][gc,phases      ] GC(3026)       Copied Bytes              Min: 0, Avg: 67.0, Max: 192, Diff: 192, Sum: 536, Workers: 8
[440.318s][debug][gc,phases      ] GC(3026)       LAB Waste                 Min: 0, Avg:  0.0, Max: 0, Diff: 0, Sum: 0, Workers: 8
[440.318s][debug][gc,phases      ] GC(3026)       LAB Undo Waste            Min: 0, Avg:  0.0, Max: 0, Diff: 0, Sum: 0, Workers: 8
[440.318s][debug][gc,phases      ] GC(3026)     Code Roots Purge: 0.0ms
[440.318s][debug][gc,phases      ] GC(3026)     Redirty Cards: 0.0ms
[440.318s][debug][gc,phases      ] GC(3026)     DerivedPointerTable Update: 0.0ms
[440.318s][debug][gc,phases      ] GC(3026)     Free Collection Set: 0.1ms
[440.318s][debug][gc,phases      ] GC(3026)     Rebuild Free List: 0.1ms
[440.318s][debug][gc,phases      ] GC(3026)     Humongous Reclaim: 0.0ms
[440.318s][debug][gc,phases      ] GC(3026)     Start New Collection Set: 0.0ms
[440.318s][debug][gc,phases      ] GC(3026)     Resize TLABs: 0.0ms
[440.318s][debug][gc,phases      ] GC(3026)     Expand Heap After Collection: 0.0ms
[440.318s][info ][gc,phases      ] GC(3026)   Other: 0.3ms
[440.319s][info ][gc,heap        ] GC(3026) Eden regions: 180->0(180)
[440.319s][info ][gc,heap        ] GC(3026) Survivor regions: 1->1(23)
[440.319s][info ][gc,heap        ] GC(3026) Old regions: 7->7
[440.319s][info ][gc,heap        ] GC(3026) Archive regions: 2->2
[440.319s][info ][gc,heap        ] GC(3026) Humongous regions: 0->0
[440.319s][info ][gc,metaspace   ] GC(3026) Metaspace: 9905K(10624K)->9905K(10624K) NonClass: 8758K(9216K)->8758K(9216K) Class: 1146K(1408K)->1146K(1408K)
[440.319s][debug][gc,heap        ] GC(3026) Heap after GC invocations=3027 (full 1): garbage-first heap   total 309248K, used 4067K [0x0000000700000000, 0x0000000800000000)
[440.319s][debug][gc,heap        ] GC(3026)   region size 1024K, 1 young (1024K), 1 survivors (1024K)
[440.319s][debug][gc,heap        ] GC(3026)  Metaspace       used 9905K, capacity 10179K, committed 10624K, reserved 1058816K
[440.319s][debug][gc,heap        ] GC(3026)   class space    used 1146K, capacity 1267K, committed 1408K, reserved 1048576K
[440.319s][info ][gc             ] GC(3026) Pause Young (Normal) (G1 Evacuation Pause) 183M->3M(302M) 1.984ms
[440.319s][info ][gc,cpu         ] GC(3026) User=0.00s Sys=0.00s Real=0.00s
[440.319s][info ][safepoint      ] Safepoint "G1CollectForAllocation", Time since last: 137792660 ns, Reaching safepoint: 111521 ns, At safepoint: 2171552 ns, Total: 2283073 ns
[440.454s][debug][gc,heap        ] GC(3027) Heap before GC invocations=3027 (full 1): garbage-first heap   total 309248K, used 188387K [0x0000000700000000, 0x0000000800000000)
[440.454s][debug][gc,heap        ] GC(3027)   region size 1024K, 181 young (185344K), 1 survivors (1024K)
[440.454s][debug][gc,heap        ] GC(3027)  Metaspace       used 9905K, capacity 10179K, committed 10624K, reserved 1058816K
[440.454s][debug][gc,heap        ] GC(3027)   class space    used 1146K, capacity 1267K, committed 1408K, reserved 1048576K
[440.454s][info ][gc,start       ] GC(3027) Pause Young (Normal) (G1 Evacuation Pause)
[440.454s][info ][gc,task        ] GC(3027) Using 8 workers of 8 for evacuation
[440.454s][debug][gc,tlab        ] GC(3027) TLAB totals: thrds: 8  refills: 725 max: 98 slow allocs: 0 max 0 waste:  1.1% gc: 1677808B max: 358648B slow: 420480B max: 56592B fast: 0B max: 0B
[440.454s][debug][gc,age         ] GC(3027) Desired survivor size 12058624 bytes, new threshold 15 (max threshold 15)
[440.454s][debug][gc,alloc,region] GC(3027) Mutator Allocation stats, regions: 180, wasted size: 0B ( 0.0%)
[440.454s][debug][gc,ergo        ] GC(3027) Running G1 Merge Heap Roots using 8 workers for 181 regions
[440.454s][debug][gc,remset      ] GC(3027) Visited cards 256 Total dirty 2048 (12.50%) Total old 759808 (0.03%)
[440.454s][debug][gc,ergo        ] GC(3027) Running G1 Clear Card Table Task using 1 workers for 1 units of work for 182 regions.
[440.454s][debug][gc,ref         ] GC(3027) Skipped phase1 of Reference Processing due to unavailable references
[440.454s][debug][gc,ref         ] GC(3027) Skipped phase2 of Reference Processing due to unavailable references
[440.454s][debug][gc,ref         ] GC(3027) Skipped phase3 of Reference Processing due to unavailable references
[440.454s][debug][gc,ref         ] GC(3027) Skipped phase4 of Reference Processing due to unavailable references
[440.455s][debug][gc,ergo        ] GC(3027) Running G1 Free Collection Set using 8 workers for collection set length 181 (302)
[440.455s][debug][gc,ergo        ] GC(3027) Running G1 Rebuild Free List Task using 8 workers for rebuilding free list of 0 (4096) regions
[440.455s][trace][gc,age         ] GC(3027) Age table with threshold 15 (max threshold 15)
[440.455s][trace][gc,age         ] GC(3027) - age   1:        488 bytes,        488 total
[440.455s][debug][gc,plab        ] GC(3027) Young PLAB allocation: allocated: 14448B, wasted: 0B, unused: 13960B, used: 488B, undo waste: 0B, 
[440.455s][debug][gc,plab        ] GC(3027) Young other allocation: region end waste: 0B, regions filled: 1, direct allocated: 0B, failure used: 0B, failure wasted: 0B
[440.455s][debug][gc,plab        ] GC(3027) Young sizing: calculated: 96B, actual: 2064B
[440.455s][debug][gc,plab        ] GC(3027) Old PLAB allocation: allocated: 0B, wasted: 0B, unused: 0B, used: 0B, undo waste: 0B, 
[440.455s][debug][gc,plab        ] GC(3027) Old other allocation: region end waste: 0B, regions filled: 1, direct allocated: 0B, failure used: 0B, failure wasted: 0B
[440.455s][debug][gc,plab        ] GC(3027) Old sizing: calculated: 0B, actual: 2064B
[440.455s][debug][gc,ihop        ] GC(3027) Basic information (value update), threshold: 142501478B (45.00), target occupancy: 316669952B, current occupancy: 4169192B, recent allocation size: 0B, recent allocation duration: 136.35ms, recent old gen allocation rate: 0.00B/s, recent marking phase length: 0.00ms
[440.455s][debug][gc,ihop        ] GC(3027) Adaptive IHOP information (value update), threshold: 142501478B (47.37), internal target occupancy: 300836454B, occupancy: 4169192B, additional buffer size: 189792256B, predicted old gen allocation rate: 0.00B/s, predicted marking phase length: 0.00ms, prediction active: false
[440.455s][debug][gc,ergo,refine ] GC(3027) Concurrent refinement times: Logged Cards Scan time goal: 20.00ms Logged Cards Scan time: 0.00ms HCC time: 0.00ms
[440.455s][debug][gc,ergo,refine ] GC(3027) Updated Refinement Zones: green: 2048, yellow: 6144, red: 10240
[440.455s][info ][gc,phases      ] GC(3027)   Pre Evacuate Collection Set: 0.1ms
[440.455s][debug][gc,phases      ] GC(3027)     Prepare TLABs: 0.0ms
[440.455s][debug][gc,phases      ] GC(3027)     Choose Collection Set: 0.0ms
[440.455s][debug][gc,phases      ] GC(3027)     Region Register: 0.1ms
[440.455s][debug][gc,phases      ] GC(3027)     Prepare Heap Roots: 0.0ms
[440.455s][info ][gc,phases      ] GC(3027)   Merge Heap Roots: 0.1ms
[440.455s][debug][gc,phases      ] GC(3027)     Prepare Merge Heap Roots: 0.0ms
[440.455s][debug][gc,phases      ] GC(3027)     Eager Reclaim (ms):       skipped
[440.455s][debug][gc,phases      ] GC(3027)     Remembered Sets (ms):     Min:  0.0, Avg:  0.0, Max:  0.0, Diff:  0.0, Sum:  0.1, Workers: 8
[440.455s][debug][gc,phases      ] GC(3027)       Merged Sparse:            Min: 0, Avg:  0.0, Max: 0, Diff: 0, Sum: 0, Workers: 8
[440.455s][debug][gc,phases      ] GC(3027)       Merged Fine:              Min: 0, Avg:  0.0, Max: 0, Diff: 0, Sum: 0, Workers: 8
[440.455s][debug][gc,phases      ] GC(3027)       Merged Coarse:            Min: 0, Avg:  0.0, Max: 0, Diff: 0, Sum: 0, Workers: 8
[440.455s][debug][gc,phases      ] GC(3027)       Dirty Cards:              Min: 0, Avg:  0.0, Max: 0, Diff: 0, Sum: 0, Workers: 8
[440.455s][debug][gc,phases      ] GC(3027)     Hot Card Cache (ms):      Min:  0.0, Avg:  0.0, Max:  0.0, Diff:  0.0, Sum:  0.0, Workers: 8
[440.455s][debug][gc,phases      ] GC(3027)       Dirty Cards:              Min: 0, Avg:  0.0, Max: 0, Diff: 0, Sum: 0, Workers: 8
[440.455s][debug][gc,phases      ] GC(3027)       Skipped Cards:            Min: 0, Avg:  0.0, Max: 0, Diff: 0, Sum: 0, Workers: 8
[440.455s][debug][gc,phases      ] GC(3027)     Log Buffers (ms):         Min:  0.0, Avg:  0.0, Max:  0.0, Diff:  0.0, Sum:  0.0, Workers: 8
[440.455s][debug][gc,phases      ] GC(3027)       Dirty Cards:              Min: 0, Avg:  0.1, Max: 1, Diff: 1, Sum: 1, Workers: 8
[440.455s][debug][gc,phases      ] GC(3027)       Skipped Cards:            Min: 0, Avg:  0.0, Max: 0, Diff: 0, Sum: 0, Workers: 8
[440.455s][info ][gc,phases      ] GC(3027)   Evacuate Collection Set: 0.2ms
[440.455s][debug][gc,phases      ] GC(3027)     Ext Root Scanning (ms):   Min:  0.0, Avg:  0.0, Max:  0.1, Diff:  0.0, Sum:  0.2, Workers: 8
[440.455s][debug][gc,phases      ] GC(3027)     Scan Heap Roots (ms):     Min:  0.0, Avg:  0.0, Max:  0.0, Diff:  0.0, Sum:  0.0, Workers: 8
[440.455s][debug][gc,phases      ] GC(3027)       Scanned Cards:            Min: 0, Avg:  0.1, Max: 1, Diff: 1, Sum: 1, Workers: 8
[440.455s][debug][gc,phases      ] GC(3027)       Scanned Blocks:           Min: 0, Avg:  0.1, Max: 1, Diff: 1, Sum: 1, Workers: 8
[440.455s][debug][gc,phases      ] GC(3027)       Claimed Chunks:           Min: 0, Avg:  0.1, Max: 1, Diff: 1, Sum: 1, Workers: 8
[440.455s][debug][gc,phases      ] GC(3027)     Code Root Scan (ms):      Min:  0.0, Avg:  0.0, Max:  0.0, Diff:  0.0, Sum:  0.0, Workers: 8
[440.455s][debug][gc,phases      ] GC(3027)     Object Copy (ms):         Min:  0.0, Avg:  0.0, Max:  0.0, Diff:  0.0, Sum:  0.0, Workers: 8
[440.455s][debug][gc,phases      ] GC(3027)     Termination (ms):         Min:  0.1, Avg:  0.1, Max:  0.1, Diff:  0.0, Sum:  0.6, Workers: 8
[440.455s][debug][gc,phases      ] GC(3027)       Termination Attempts:     Min: 1, Avg:  1.0, Max: 1, Diff: 0, Sum: 8, Workers: 8
[440.455s][debug][gc,phases      ] GC(3027)     GC Worker Other (ms):     Min:  0.0, Avg:  0.0, Max:  0.0, Diff:  0.0, Sum:  0.1, Workers: 8
[440.455s][debug][gc,phases      ] GC(3027)     GC Worker Total (ms):     Min:  0.1, Avg:  0.1, Max:  0.2, Diff:  0.1, Sum:  1.0, Workers: 8
[440.455s][info ][gc,phases      ] GC(3027)   Post Evacuate Collection Set: 0.3ms
[440.455s][debug][gc,phases      ] GC(3027)     Code Roots Fixup: 0.0ms
[440.455s][debug][gc,phases      ] GC(3027)     Clear Card Table: 0.1ms
[440.455s][debug][gc,phases      ] GC(3027)     Reference Processing: 0.0ms
[440.455s][debug][gc,phases,ref  ] GC(3027)       Reconsider SoftReferences: 0.0ms
[440.455s][debug][gc,phases,ref  ] GC(3027)         SoftRef (ms):             skipped
[440.455s][debug][gc,phases,ref  ] GC(3027)       Notify Soft/WeakReferences: 0.0ms
[440.455s][debug][gc,phases,ref  ] GC(3027)         SoftRef (ms):             skipped
[440.455s][debug][gc,phases,ref  ] GC(3027)         WeakRef (ms):             skipped
[440.455s][debug][gc,phases,ref  ] GC(3027)         FinalRef (ms):            skipped
[440.455s][debug][gc,phases,ref  ] GC(3027)         Total (ms):               skipped
[440.455s][debug][gc,phases,ref  ] GC(3027)       Notify and keep alive finalizable: 0.0ms
[440.455s][debug][gc,phases,ref  ] GC(3027)         FinalRef (ms):            skipped
[440.455s][debug][gc,phases,ref  ] GC(3027)       Notify PhantomReferences: 0.0ms
[440.455s][debug][gc,phases,ref  ] GC(3027)         PhantomRef (ms):          skipped
[440.455s][debug][gc,phases,ref  ] GC(3027)       SoftReference:
[440.455s][debug][gc,phases,ref  ] GC(3027)         Discovered: 0
[440.455s][debug][gc,phases,ref  ] GC(3027)         Cleared: 0
[440.455s][debug][gc,phases,ref  ] GC(3027)       WeakReference:
[440.455s][debug][gc,phases,ref  ] GC(3027)         Discovered: 0
[440.455s][debug][gc,phases,ref  ] GC(3027)         Cleared: 0
[440.455s][debug][gc,phases,ref  ] GC(3027)       FinalReference:
[440.455s][debug][gc,phases,ref  ] GC(3027)         Discovered: 0
[440.455s][debug][gc,phases,ref  ] GC(3027)         Cleared: 0
[440.455s][debug][gc,phases,ref  ] GC(3027)       PhantomReference:
[440.455s][debug][gc,phases,ref  ] GC(3027)         Discovered: 0
[440.455s][debug][gc,phases,ref  ] GC(3027)         Cleared: 0
[440.455s][debug][gc,phases      ] GC(3027)     Weak Processing: 0.1ms
[440.455s][debug][gc,phases      ] GC(3027)       JVMTI weak processing: 0.0ms
[440.455s][debug][gc,phases      ] GC(3027)         Dead: 0
[440.455s][debug][gc,phases      ] GC(3027)         Total: 0
[440.455s][debug][gc,phases      ] GC(3027)       JFR weak processing: 0.0ms
[440.455s][debug][gc,phases      ] GC(3027)         Dead: 0
[440.455s][debug][gc,phases      ] GC(3027)         Total: 0
[440.455s][debug][gc,phases      ] GC(3027)       JNI weak                  Min:  0.0, Avg:  0.0, Max:  0.0, Diff:  0.0, Sum:  0.0, Workers: 5
[440.455s][debug][gc,phases      ] GC(3027)         Dead                      Min: 0, Avg:  0.0, Max: 0, Diff: 0, Sum: 0, Workers: 5
[440.455s][debug][gc,phases      ] GC(3027)         Total                     Min: 0, Avg: 13.6, Max: 52, Diff: 52, Sum: 68, Workers: 5
[440.455s][debug][gc,phases      ] GC(3027)       VM weak                   Min:  0.0, Avg:  0.0, Max:  0.0, Diff:  0.0, Sum:  0.0, Workers: 5
[440.455s][debug][gc,phases      ] GC(3027)         Dead                      Min: 0, Avg:  0.0, Max: 0, Diff: 0, Sum: 0, Workers: 5
[440.455s][debug][gc,phases      ] GC(3027)         Total                     Min: 0, Avg: 42.6, Max: 128, Diff: 128, Sum: 213, Workers: 5
[440.455s][debug][gc,phases      ] GC(3027)       StringTable weak          Min:  0.0, Avg:  0.0, Max:  0.0, Diff:  0.0, Sum:  0.1, Workers: 5
[440.456s][debug][gc,phases      ] GC(3027)         Dead                      Min: 0, Avg:  0.0, Max: 0, Diff: 0, Sum: 0, Workers: 5
[440.456s][debug][gc,phases      ] GC(3027)         Total                     Min: 0, Avg: 682.0, Max: 1727, Diff: 1727, Sum: 3410, Workers: 5
[440.456s][debug][gc,phases      ] GC(3027)       ResolvedMethodTable weak  Min:  0.0, Avg:  0.0, Max:  0.0, Diff:  0.0, Sum:  0.0, Workers: 5
[440.456s][debug][gc,phases      ] GC(3027)         Dead                      Min: 0, Avg:  0.0, Max: 0, Diff: 0, Sum: 0, Workers: 5
[440.456s][debug][gc,phases      ] GC(3027)         Total                     Min: 0, Avg: 114.8, Max: 318, Diff: 318, Sum: 574, Workers: 5
[440.456s][debug][gc,phases      ] GC(3027)     Merge Per-Thread State: 0.0ms
[440.456s][debug][gc,phases      ] GC(3027)       Copied Bytes              Min: 0, Avg: 61.0, Max: 128, Diff: 128, Sum: 488, Workers: 8
[440.456s][debug][gc,phases      ] GC(3027)       LAB Waste                 Min: 0, Avg:  0.0, Max: 0, Diff: 0, Sum: 0, Workers: 8
[440.456s][debug][gc,phases      ] GC(3027)       LAB Undo Waste            Min: 0, Avg:  0.0, Max: 0, Diff: 0, Sum: 0, Workers: 8
[440.456s][debug][gc,phases      ] GC(3027)     Code Roots Purge: 0.0ms
[440.456s][debug][gc,phases      ] GC(3027)     Redirty Cards: 0.0ms
[440.456s][debug][gc,phases      ] GC(3027)     DerivedPointerTable Update: 0.0ms
[440.456s][debug][gc,phases      ] GC(3027)     Free Collection Set: 0.1ms
[440.456s][debug][gc,phases      ] GC(3027)     Rebuild Free List: 0.1ms
[440.456s][debug][gc,phases      ] GC(3027)     Humongous Reclaim: 0.0ms
[440.456s][debug][gc,phases      ] GC(3027)     Start New Collection Set: 0.0ms
[440.456s][debug][gc,phases      ] GC(3027)     Resize TLABs: 0.0ms
[440.456s][debug][gc,phases      ] GC(3027)     Expand Heap After Collection: 0.0ms
[440.456s][info ][gc,phases      ] GC(3027)   Other: 0.3ms
[440.456s][info ][gc,heap        ] GC(3027) Eden regions: 180->0(180)
[440.456s][info ][gc,heap        ] GC(3027) Survivor regions: 1->1(23)
[440.456s][info ][gc,heap        ] GC(3027) Old regions: 7->7
[440.456s][info ][gc,heap        ] GC(3027) Archive regions: 2->2
[440.456s][info ][gc,heap        ] GC(3027) Humongous regions: 0->0
[440.456s][info ][gc,metaspace   ] GC(3027) Metaspace: 9905K(10624K)->9905K(10624K) NonClass: 8758K(9216K)->8758K(9216K) Class: 1146K(1408K)->1146K(1408K)
[440.456s][debug][gc,heap        ] GC(3027) Heap after GC invocations=3028 (full 1): garbage-first heap   total 309248K, used 4071K [0x0000000700000000, 0x0000000800000000)
[440.456s][debug][gc,heap        ] GC(3027)   region size 1024K, 1 young (1024K), 1 survivors (1024K)
[440.456s][debug][gc,heap        ] GC(3027)  Metaspace       used 9905K, capacity 10179K, committed 10624K, reserved 1058816K
[440.456s][debug][gc,heap        ] GC(3027)   class space    used 1146K, capacity 1267K, committed 1408K, reserved 1048576K
[440.456s][info ][gc             ] GC(3027) Pause Young (Normal) (G1 Evacuation Pause) 183M->3M(302M) 1.862ms
[440.456s][info ][gc,cpu         ] GC(3027) User=0.01s Sys=0.00s Real=0.00s
[440.456s][info ][safepoint      ] Safepoint "G1CollectForAllocation", Time since last: 135017127 ns, Reaching safepoint: 103929 ns, At safepoint: 2051377 ns, Total: 2155306 ns
[440.605s][debug][gc,heap        ] GC(3028) Heap before GC invocations=3028 (full 1): garbage-first heap   total 309248K, used 188391K [0x0000000700000000, 0x0000000800000000)
[440.605s][debug][gc,heap        ] GC(3028)   region size 1024K, 181 young (185344K), 1 survivors (1024K)
[440.605s][debug][gc,heap        ] GC(3028)  Metaspace       used 9905K, capacity 10179K, committed 10624K, reserved 1058816K
[440.605s][debug][gc,heap        ] GC(3028)   class space    used 1146K, capacity 1267K, committed 1408K, reserved 1048576K
[440.605s][info ][gc,start       ] GC(3028) Pause Young (Normal) (G1 Evacuation Pause)
[440.605s][info ][gc,task        ] GC(3028) Using 8 workers of 8 for evacuation
[440.605s][debug][gc,tlab        ] GC(3028) TLAB totals: thrds: 8  refills: 725 max: 95 slow allocs: 0 max 0 waste:  1.0% gc: 1372752B max: 365320B slow: 421056B max: 55160B fast: 0B max: 0B
[440.605s][debug][gc,age         ] GC(3028) Desired survivor size 12058624 bytes, new threshold 15 (max threshold 15)
[440.605s][debug][gc,alloc,region] GC(3028) Mutator Allocation stats, regions: 180, wasted size: 0B ( 0.0%)
[440.606s][debug][gc,ergo        ] GC(3028) Running G1 Merge Heap Roots using 8 workers for 181 regions
[440.606s][debug][gc,remset      ] GC(3028) Visited cards 256 Total dirty 2048 (12.50%) Total old 759808 (0.03%)
[440.606s][debug][gc,ergo        ] GC(3028) Running G1 Clear Card Table Task using 1 workers for 1 units of work for 182 regions.
[440.606s][debug][gc,ref         ] GC(3028) Skipped phase1 of Reference Processing due to unavailable references
[440.606s][debug][gc,ref         ] GC(3028) Skipped phase2 of Reference Processing due to unavailable references
[440.606s][debug][gc,ref         ] GC(3028) Skipped phase3 of Reference Processing due to unavailable references
[440.606s][debug][gc,ref         ] GC(3028) Skipped phase4 of Reference Processing due to unavailable references
[440.606s][debug][gc,ergo        ] GC(3028) Running G1 Free Collection Set using 8 workers for collection set length 181 (302)
[440.606s][debug][gc,ergo        ] GC(3028) Running G1 Rebuild Free List Task using 8 workers for rebuilding free list of 0 (4096) regions
[440.606s][trace][gc,age         ] GC(3028) Age table with threshold 15 (max threshold 15)
[440.606s][trace][gc,age         ] GC(3028) - age   1:        496 bytes,        496 total
[440.606s][debug][gc,plab        ] GC(3028) Young PLAB allocation: allocated: 12384B, wasted: 0B, unused: 11888B, used: 496B, undo waste: 0B, 
[440.606s][debug][gc,plab        ] GC(3028) Young other allocation: region end waste: 0B, regions filled: 1, direct allocated: 0B, failure used: 0B, failure wasted: 0B
[440.606s][debug][gc,plab        ] GC(3028) Young sizing: calculated: 96B, actual: 2064B
[440.606s][debug][gc,plab        ] GC(3028) Old PLAB allocation: allocated: 0B, wasted: 0B, unused: 0B, used: 0B, undo waste: 0B, 
[440.606s][debug][gc,plab        ] GC(3028) Old other allocation: region end waste: 0B, regions filled: 1, direct allocated: 0B, failure used: 0B, failure wasted: 0B
[440.606s][debug][gc,plab        ] GC(3028) Old sizing: calculated: 0B, actual: 2064B
[440.606s][debug][gc,ihop        ] GC(3028) Basic information (value update), threshold: 142501478B (45.00), target occupancy: 316669952B, current occupancy: 4167128B, recent allocation size: 0B, recent allocation duration: 150.70ms, recent old gen allocation rate: 0.00B/s, recent marking phase length: 0.00ms
[440.606s][debug][gc,ihop        ] GC(3028) Adaptive IHOP information (value update), threshold: 142501478B (47.37), internal target occupancy: 300836454B, occupancy: 4167128B, additional buffer size: 189792256B, predicted old gen allocation rate: 0.00B/s, predicted marking phase length: 0.00ms, prediction active: false
[440.606s][debug][gc,ergo,refine ] GC(3028) Concurrent refinement times: Logged Cards Scan time goal: 20.00ms Logged Cards Scan time: 0.00ms HCC time: 0.00ms
[440.606s][debug][gc,ergo,refine ] GC(3028) Updated Refinement Zones: green: 2048, yellow: 6144, red: 10240
[440.606s][info ][gc,phases      ] GC(3028)   Pre Evacuate Collection Set: 0.1ms
[440.606s][debug][gc,phases      ] GC(3028)     Prepare TLABs: 0.0ms
[440.606s][debug][gc,phases      ] GC(3028)     Choose Collection Set: 0.0ms
[440.606s][debug][gc,phases      ] GC(3028)     Region Register: 0.1ms
[440.606s][debug][gc,phases      ] GC(3028)     Prepare Heap Roots: 0.0ms
[440.606s][info ][gc,phases      ] GC(3028)   Merge Heap Roots: 0.1ms
[440.606s][debug][gc,phases      ] GC(3028)     Prepare Merge Heap Roots: 0.0ms
[440.606s][debug][gc,phases      ] GC(3028)     Eager Reclaim (ms):       skipped
[440.606s][debug][gc,phases      ] GC(3028)     Remembered Sets (ms):     Min:  0.0, Avg:  0.0, Max:  0.0, Diff:  0.0, Sum:  0.0, Workers: 8
[440.606s][debug][gc,phases      ] GC(3028)       Merged Sparse:            Min: 0, Avg:  0.0, Max: 0, Diff: 0, Sum: 0, Workers: 8
[440.606s][debug][gc,phases      ] GC(3028)       Merged Fine:              Min: 0, Avg:  0.0, Max: 0, Diff: 0, Sum: 0, Workers: 8
[440.606s][debug][gc,phases      ] GC(3028)       Merged Coarse:            Min: 0, Avg:  0.0, Max: 0, Diff: 0, Sum: 0, Workers: 8
[440.606s][debug][gc,phases      ] GC(3028)       Dirty Cards:              Min: 0, Avg:  0.0, Max: 0, Diff: 0, Sum: 0, Workers: 8
[440.606s][debug][gc,phases      ] GC(3028)     Hot Card Cache (ms):      Min:  0.0, Avg:  0.0, Max:  0.0, Diff:  0.0, Sum:  0.0, Workers: 8
[440.606s][debug][gc,phases      ] GC(3028)       Dirty Cards:              Min: 0, Avg:  0.0, Max: 0, Diff: 0, Sum: 0, Workers: 8
[440.606s][debug][gc,phases      ] GC(3028)       Skipped Cards:            Min: 0, Avg:  0.0, Max: 0, Diff: 0, Sum: 0, Workers: 8
[440.606s][debug][gc,phases      ] GC(3028)     Log Buffers (ms):         Min:  0.0, Avg:  0.0, Max:  0.0, Diff:  0.0, Sum:  0.0, Workers: 8
[440.606s][debug][gc,phases      ] GC(3028)       Dirty Cards:              Min: 0, Avg:  0.1, Max: 1, Diff: 1, Sum: 1, Workers: 8
[440.606s][debug][gc,phases      ] GC(3028)       Skipped Cards:            Min: 0, Avg:  0.0, Max: 0, Diff: 0, Sum: 0, Workers: 8
[440.606s][info ][gc,phases      ] GC(3028)   Evacuate Collection Set: 0.1ms
[440.607s][debug][gc,phases      ] GC(3028)     Ext Root Scanning (ms):   Min:  0.0, Avg:  0.0, Max:  0.1, Diff:  0.0, Sum:  0.2, Workers: 8
[440.607s][debug][gc,phases      ] GC(3028)     Scan Heap Roots (ms):     Min:  0.0, Avg:  0.0, Max:  0.0, Diff:  0.0, Sum:  0.0, Workers: 8
[440.607s][debug][gc,phases      ] GC(3028)       Scanned Cards:            Min: 0, Avg:  0.1, Max: 1, Diff: 1, Sum: 1, Workers: 8
[440.607s][debug][gc,phases      ] GC(3028)       Scanned Blocks:           Min: 0, Avg:  0.1, Max: 1, Diff: 1, Sum: 1, Workers: 8
[440.607s][debug][gc,phases      ] GC(3028)       Claimed Chunks:           Min: 0, Avg:  0.1, Max: 1, Diff: 1, Sum: 1, Workers: 8
[440.607s][debug][gc,phases      ] GC(3028)     Code Root Scan (ms):      Min:  0.0, Avg:  0.0, Max:  0.0, Diff:  0.0, Sum:  0.0, Workers: 8
[440.607s][debug][gc,phases      ] GC(3028)     Object Copy (ms):         Min:  0.0, Avg:  0.0, Max:  0.0, Diff:  0.0, Sum:  0.0, Workers: 8
[440.607s][debug][gc,phases      ] GC(3028)     Termination (ms):         Min:  0.1, Avg:  0.1, Max:  0.1, Diff:  0.0, Sum:  0.5, Workers: 8
[440.607s][debug][gc,phases      ] GC(3028)       Termination Attempts:     Min: 1, Avg:  1.0, Max: 1, Diff: 0, Sum: 8, Workers: 8
[440.607s][debug][gc,phases      ] GC(3028)     GC Worker Other (ms):     Min:  0.0, Avg:  0.0, Max:  0.0, Diff:  0.0, Sum:  0.1, Workers: 8
[440.607s][debug][gc,phases      ] GC(3028)     GC Worker Total (ms):     Min:  0.1, Avg:  0.1, Max:  0.1, Diff:  0.1, Sum:  0.8, Workers: 8
[440.607s][info ][gc,phases      ] GC(3028)   Post Evacuate Collection Set: 0.3ms
[440.607s][debug][gc,phases      ] GC(3028)     Code Roots Fixup: 0.0ms
[440.607s][debug][gc,phases      ] GC(3028)     Clear Card Table: 0.1ms
[440.607s][debug][gc,phases      ] GC(3028)     Reference Processing: 0.0ms
[440.607s][debug][gc,phases,ref  ] GC(3028)       Reconsider SoftReferences: 0.0ms
[440.607s][debug][gc,phases,ref  ] GC(3028)         SoftRef (ms):             skipped
[440.607s][debug][gc,phases,ref  ] GC(3028)       Notify Soft/WeakReferences: 0.0ms
[440.607s][debug][gc,phases,ref  ] GC(3028)         SoftRef (ms):             skipped
[440.607s][debug][gc,phases,ref  ] GC(3028)         WeakRef (ms):             skipped
[440.607s][debug][gc,phases,ref  ] GC(3028)         FinalRef (ms):            skipped
[440.607s][debug][gc,phases,ref  ] GC(3028)         Total (ms):               skipped
[440.607s][debug][gc,phases,ref  ] GC(3028)       Notify and keep alive finalizable: 0.0ms
[440.607s][debug][gc,phases,ref  ] GC(3028)         FinalRef (ms):            skipped
[440.607s][debug][gc,phases,ref  ] GC(3028)       Notify PhantomReferences: 0.0ms
[440.607s][debug][gc,phases,ref  ] GC(3028)         PhantomRef (ms):          skipped
[440.607s][debug][gc,phases,ref  ] GC(3028)       SoftReference:
[440.607s][debug][gc,phases,ref  ] GC(3028)         Discovered: 0
[440.607s][debug][gc,phases,ref  ] GC(3028)         Cleared: 0
[440.607s][debug][gc,phases,ref  ] GC(3028)       WeakReference:
[440.607s][debug][gc,phases,ref  ] GC(3028)         Discovered: 0
[440.607s][debug][gc,phases,ref  ] GC(3028)         Cleared: 0
[440.607s][debug][gc,phases,ref  ] GC(3028)       FinalReference:
[440.607s][debug][gc,phases,ref  ] GC(3028)         Discovered: 0
[440.607s][debug][gc,phases,ref  ] GC(3028)         Cleared: 0
[440.607s][debug][gc,phases,ref  ] GC(3028)       PhantomReference:
[440.607s][debug][gc,phases,ref  ] GC(3028)         Discovered: 0
[440.607s][debug][gc,phases,ref  ] GC(3028)         Cleared: 0
[440.607s][debug][gc,phases      ] GC(3028)     Weak Processing: 0.1ms
[440.607s][debug][gc,phases      ] GC(3028)       JVMTI weak processing: 0.0ms
[440.607s][debug][gc,phases      ] GC(3028)         Dead: 0
[440.607s][debug][gc,phases      ] GC(3028)         Total: 0
[440.607s][debug][gc,phases      ] GC(3028)       JFR weak processing: 0.0ms
[440.607s][debug][gc,phases      ] GC(3028)         Dead: 0
[440.607s][debug][gc,phases      ] GC(3028)         Total: 0
[440.607s][debug][gc,phases      ] GC(3028)       JNI weak                  Min:  0.0, Avg:  0.0, Max:  0.0, Diff:  0.0, Sum:  0.0, Workers: 5
[440.607s][debug][gc,phases      ] GC(3028)         Dead                      Min: 0, Avg:  0.0, Max: 0, Diff: 0, Sum: 0, Workers: 5
[440.607s][debug][gc,phases      ] GC(3028)         Total                     Min: 0, Avg: 13.6, Max: 52, Diff: 52, Sum: 68, Workers: 5
[440.607s][debug][gc,phases      ] GC(3028)       VM weak                   Min:  0.0, Avg:  0.0, Max:  0.0, Diff:  0.0, Sum:  0.0, Workers: 5
[440.607s][debug][gc,phases      ] GC(3028)         Dead                      Min: 0, Avg:  0.0, Max: 0, Diff: 0, Sum: 0, Workers: 5
[440.607s][debug][gc,phases      ] GC(3028)         Total                     Min: 0, Avg: 42.6, Max: 128, Diff: 128, Sum: 213, Workers: 5
[440.607s][debug][gc,phases      ] GC(3028)       StringTable weak          Min:  0.0, Avg:  0.0, Max:  0.0, Diff:  0.0, Sum:  0.0, Workers: 5
[440.607s][debug][gc,phases      ] GC(3028)         Dead                      Min: 0, Avg:  0.0, Max: 0, Diff: 0, Sum: 0, Workers: 5
[440.607s][debug][gc,phases      ] GC(3028)         Total                     Min: 0, Avg: 682.0, Max: 1727, Diff: 1727, Sum: 3410, Workers: 5
[440.607s][debug][gc,phases      ] GC(3028)       ResolvedMethodTable weak  Min:  0.0, Avg:  0.0, Max:  0.0, Diff:  0.0, Sum:  0.0, Workers: 5
[440.607s][debug][gc,phases      ] GC(3028)         Dead                      Min: 0, Avg:  0.0, Max: 0, Diff: 0, Sum: 0, Workers: 5
[440.607s][debug][gc,phases      ] GC(3028)         Total                     Min: 0, Avg: 114.8, Max: 318, Diff: 318, Sum: 574, Workers: 5
[440.607s][debug][gc,phases      ] GC(3028)     Merge Per-Thread State: 0.0ms
[440.607s][debug][gc,phases      ] GC(3028)       Copied Bytes              Min: 0, Avg: 62.0, Max: 224, Diff: 224, Sum: 496, Workers: 8
[440.607s][debug][gc,phases      ] GC(3028)       LAB Waste                 Min: 0, Avg:  0.0, Max: 0, Diff: 0, Sum: 0, Workers: 8
[440.607s][debug][gc,phases      ] GC(3028)       LAB Undo Waste            Min: 0, Avg:  0.0, Max: 0, Diff: 0, Sum: 0, Workers: 8
[440.607s][debug][gc,phases      ] GC(3028)     Code Roots Purge: 0.0ms
[440.607s][debug][gc,phases      ] GC(3028)     Redirty Cards: 0.0ms
[440.607s][debug][gc,phases      ] GC(3028)     DerivedPointerTable Update: 0.0ms
[440.607s][debug][gc,phases      ] GC(3028)     Free Collection Set: 0.1ms
[440.607s][debug][gc,phases      ] GC(3028)     Rebuild Free List: 0.0ms
[440.607s][debug][gc,phases      ] GC(3028)     Humongous Reclaim: 0.0ms
[440.607s][debug][gc,phases      ] GC(3028)     Start New Collection Set: 0.0ms
[440.607s][debug][gc,phases      ] GC(3028)     Resize TLABs: 0.0ms
[440.607s][debug][gc,phases      ] GC(3028)     Expand Heap After Collection: 0.0ms
[440.607s][info ][gc,phases      ] GC(3028)   Other: 0.3ms
[440.607s][info ][gc,heap        ] GC(3028) Eden regions: 180->0(180)
[440.607s][info ][gc,heap        ] GC(3028) Survivor regions: 1->1(23)
[440.607s][info ][gc,heap        ] GC(3028) Old regions: 7->7
[440.607s][info ][gc,heap        ] GC(3028) Archive regions: 2->2
[440.607s][info ][gc,heap        ] GC(3028) Humongous regions: 0->0
[440.607s][info ][gc,metaspace   ] GC(3028) Metaspace: 9905K(10624K)->9905K(10624K) NonClass: 8758K(9216K)->8758K(9216K) Class: 1146K(1408K)->1146K(1408K)
[440.607s][debug][gc,heap        ] GC(3028) Heap after GC invocations=3029 (full 1): garbage-first heap   total 309248K, used 4069K [0x0000000700000000, 0x0000000800000000)
[440.607s][debug][gc,heap        ] GC(3028)   region size 1024K, 1 young (1024K), 1 survivors (1024K)
[440.607s][debug][gc,heap        ] GC(3028)  Metaspace       used 9905K, capacity 10179K, committed 10624K, reserved 1058816K
[440.607s][debug][gc,heap        ] GC(3028)   class space    used 1146K, capacity 1267K, committed 1408K, reserved 1048576K
[440.607s][info ][gc             ] GC(3028) Pause Young (Normal) (G1 Evacuation Pause) 183M->3M(302M) 1.796ms
[440.607s][info ][gc,cpu         ] GC(3028) User=0.00s Sys=0.00s Real=0.00s
[440.607s][info ][safepoint      ] Safepoint "G1CollectForAllocation", Time since last: 149303041 ns, Reaching safepoint: 176957 ns, At safepoint: 1976419 ns, Total: 2153376 ns
[440.750s][debug][gc,heap        ] GC(3029) Heap before GC invocations=3029 (full 1): garbage-first heap   total 309248K, used 188389K [0x0000000700000000, 0x0000000800000000)
[440.750s][debug][gc,heap        ] GC(3029)   region size 1024K, 181 young (185344K), 1 survivors (1024K)
[440.750s][debug][gc,heap        ] GC(3029)  Metaspace       used 9905K, capacity 10179K, committed 10624K, reserved 1058816K
[440.750s][debug][gc,heap        ] GC(3029)   class space    used 1146K, capacity 1267K, committed 1408K, reserved 1048576K
[440.750s][info ][gc,start       ] GC(3029) Pause Young (Normal) (G1 Evacuation Pause)
[440.750s][info ][gc,task        ] GC(3029) Using 8 workers of 8 for evacuation
[440.750s][debug][gc,tlab        ] GC(3029) TLAB totals: thrds: 8  refills: 723 max: 97 slow allocs: 0 max 0 waste:  1.1% gc: 1594512B max: 394400B slow: 418904B max: 55896B fast: 0B max: 0B
[440.750s][debug][gc,age         ] GC(3029) Desired survivor size 12058624 bytes, new threshold 15 (max threshold 15)
[440.750s][debug][gc,alloc,region] GC(3029) Mutator Allocation stats, regions: 180, wasted size: 0B ( 0.0%)
[440.750s][debug][gc,ergo        ] GC(3029) Running G1 Merge Heap Roots using 8 workers for 181 regions
[440.750s][debug][gc,remset      ] GC(3029) Visited cards 256 Total dirty 2048 (12.50%) Total old 759808 (0.03%)
[440.751s][debug][gc,ergo        ] GC(3029) Running G1 Clear Card Table Task using 1 workers for 1 units of work for 182 regions.
[440.751s][debug][gc,ref         ] GC(3029) Skipped phase1 of Reference Processing due to unavailable references
[440.751s][debug][gc,ref         ] GC(3029) Skipped phase2 of Reference Processing due to unavailable references
[440.751s][debug][gc,ref         ] GC(3029) Skipped phase3 of Reference Processing due to unavailable references
[440.751s][debug][gc,ref         ] GC(3029) Skipped phase4 of Reference Processing due to unavailable references
[440.751s][debug][gc,ergo        ] GC(3029) Running G1 Free Collection Set using 8 workers for collection set length 181 (302)
[440.751s][debug][gc,ergo        ] GC(3029) Running G1 Rebuild Free List Task using 8 workers for rebuilding free list of 0 (4096) regions
[440.751s][trace][gc,age         ] GC(3029) Age table with threshold 15 (max threshold 15)
[440.751s][trace][gc,age         ] GC(3029) - age   1:        656 bytes,        656 total
[440.751s][debug][gc,plab        ] GC(3029) Young PLAB allocation: allocated: 16512B, wasted: 0B, unused: 15856B, used: 656B, undo waste: 0B, 
[440.751s][debug][gc,plab        ] GC(3029) Young other allocation: region end waste: 0B, regions filled: 1, direct allocated: 0B, failure used: 0B, failure wasted: 0B
[440.751s][debug][gc,plab        ] GC(3029) Young sizing: calculated: 128B, actual: 2064B
[440.751s][debug][gc,plab        ] GC(3029) Old PLAB allocation: allocated: 0B, wasted: 0B, unused: 0B, used: 0B, undo waste: 0B, 
[440.751s][debug][gc,plab        ] GC(3029) Old other allocation: region end waste: 0B, regions filled: 1, direct allocated: 0B, failure used: 0B, failure wasted: 0B
[440.751s][debug][gc,plab        ] GC(3029) Old sizing: calculated: 0B, actual: 2064B
[440.751s][debug][gc,ihop        ] GC(3029) Basic information (value update), threshold: 142501478B (45.00), target occupancy: 316669952B, current occupancy: 4171256B, recent allocation size: 0B, recent allocation duration: 143.91ms, recent old gen allocation rate: 0.00B/s, recent marking phase length: 0.00ms
[440.751s][debug][gc,ihop        ] GC(3029) Adaptive IHOP information (value update), threshold: 142501478B (47.37), internal target occupancy: 300836454B, occupancy: 4171256B, additional buffer size: 189792256B, predicted old gen allocation rate: 0.00B/s, predicted marking phase length: 0.00ms, prediction active: false
[440.751s][debug][gc,ergo,refine ] GC(3029) Concurrent refinement times: Logged Cards Scan time goal: 20.00ms Logged Cards Scan time: 0.00ms HCC time: 0.00ms
[440.751s][debug][gc,ergo,refine ] GC(3029) Updated Refinement Zones: green: 2048, yellow: 6144, red: 10240
[440.751s][info ][gc,phases      ] GC(3029)   Pre Evacuate Collection Set: 0.1ms
[440.751s][debug][gc,phases      ] GC(3029)     Prepare TLABs: 0.0ms
[440.751s][debug][gc,phases      ] GC(3029)     Choose Collection Set: 0.0ms
[440.751s][debug][gc,phases      ] GC(3029)     Region Register: 0.1ms
[440.751s][debug][gc,phases      ] GC(3029)     Prepare Heap Roots: 0.0ms
[440.751s][info ][gc,phases      ] GC(3029)   Merge Heap Roots: 0.1ms
[440.751s][debug][gc,phases      ] GC(3029)     Prepare Merge Heap Roots: 0.0ms
[440.751s][debug][gc,phases      ] GC(3029)     Eager Reclaim (ms):       skipped
[440.751s][debug][gc,phases      ] GC(3029)     Remembered Sets (ms):     Min:  0.0, Avg:  0.0, Max:  0.0, Diff:  0.0, Sum:  0.0, Workers: 8
[440.751s][debug][gc,phases      ] GC(3029)       Merged Sparse:            Min: 0, Avg:  0.0, Max: 0, Diff: 0, Sum: 0, Workers: 8
[440.751s][debug][gc,phases      ] GC(3029)       Merged Fine:              Min: 0, Avg:  0.0, Max: 0, Diff: 0, Sum: 0, Workers: 8
[440.751s][debug][gc,phases      ] GC(3029)       Merged Coarse:            Min: 0, Avg:  0.0, Max: 0, Diff: 0, Sum: 0, Workers: 8
[440.751s][debug][gc,phases      ] GC(3029)       Dirty Cards:              Min: 0, Avg:  0.0, Max: 0, Diff: 0, Sum: 0, Workers: 8
[440.751s][debug][gc,phases      ] GC(3029)     Hot Card Cache (ms):      Min:  0.0, Avg:  0.0, Max:  0.0, Diff:  0.0, Sum:  0.0, Workers: 8
[440.751s][debug][gc,phases      ] GC(3029)       Dirty Cards:              Min: 0, Avg:  0.0, Max: 0, Diff: 0, Sum: 0, Workers: 8
[440.751s][debug][gc,phases      ] GC(3029)       Skipped Cards:            Min: 0, Avg:  0.0, Max: 0, Diff: 0, Sum: 0, Workers: 8
[440.751s][debug][gc,phases      ] GC(3029)     Log Buffers (ms):         Min:  0.0, Avg:  0.0, Max:  0.0, Diff:  0.0, Sum:  0.0, Workers: 8
[440.751s][debug][gc,phases      ] GC(3029)       Dirty Cards:              Min: 0, Avg:  0.1, Max: 1, Diff: 1, Sum: 1, Workers: 8
[440.751s][debug][gc,phases      ] GC(3029)       Skipped Cards:            Min: 0, Avg:  0.0, Max: 0, Diff: 0, Sum: 0, Workers: 8
[440.751s][info ][gc,phases      ] GC(3029)   Evacuate Collection Set: 0.2ms
[440.751s][debug][gc,phases      ] GC(3029)     Ext Root Scanning (ms):   Min:  0.0, Avg:  0.0, Max:  0.1, Diff:  0.1, Sum:  0.2, Workers: 8
[440.751s][debug][gc,phases      ] GC(3029)     Scan Heap Roots (ms):     Min:  0.0, Avg:  0.0, Max:  0.0, Diff:  0.0, Sum:  0.0, Workers: 8
[440.751s][debug][gc,phases      ] GC(3029)       Scanned Cards:            Min: 0, Avg:  0.1, Max: 1, Diff: 1, Sum: 1, Workers: 8
[440.751s][debug][gc,phases      ] GC(3029)       Scanned Blocks:           Min: 0, Avg:  0.1, Max: 1, Diff: 1, Sum: 1, Workers: 8
[440.751s][debug][gc,phases      ] GC(3029)       Claimed Chunks:           Min: 0, Avg:  0.1, Max: 1, Diff: 1, Sum: 1, Workers: 8
[440.751s][debug][gc,phases      ] GC(3029)     Code Root Scan (ms):      Min:  0.0, Avg:  0.0, Max:  0.0, Diff:  0.0, Sum:  0.0, Workers: 8
[440.751s][debug][gc,phases      ] GC(3029)     Object Copy (ms):         Min:  0.0, Avg:  0.0, Max:  0.0, Diff:  0.0, Sum:  0.0, Workers: 8
[440.751s][debug][gc,phases      ] GC(3029)     Termination (ms):         Min:  0.1, Avg:  0.1, Max:  0.1, Diff:  0.0, Sum:  0.7, Workers: 8
[440.751s][debug][gc,phases      ] GC(3029)       Termination Attempts:     Min: 1, Avg:  1.0, Max: 1, Diff: 0, Sum: 8, Workers: 8
[440.751s][debug][gc,phases      ] GC(3029)     GC Worker Other (ms):     Min:  0.0, Avg:  0.0, Max:  0.0, Diff:  0.0, Sum:  0.1, Workers: 8
[440.751s][debug][gc,phases      ] GC(3029)     GC Worker Total (ms):     Min:  0.1, Avg:  0.1, Max:  0.2, Diff:  0.1, Sum:  1.1, Workers: 8
[440.751s][info ][gc,phases      ] GC(3029)   Post Evacuate Collection Set: 0.4ms
[440.751s][debug][gc,phases      ] GC(3029)     Code Roots Fixup: 0.0ms
[440.751s][debug][gc,phases      ] GC(3029)     Clear Card Table: 0.1ms
[440.751s][debug][gc,phases      ] GC(3029)     Reference Processing: 0.0ms
[440.751s][debug][gc,phases,ref  ] GC(3029)       Reconsider SoftReferences: 0.0ms
[440.752s][debug][gc,phases,ref  ] GC(3029)         SoftRef (ms):             skipped
[440.752s][debug][gc,phases,ref  ] GC(3029)       Notify Soft/WeakReferences: 0.0ms
[440.752s][debug][gc,phases,ref  ] GC(3029)         SoftRef (ms):             skipped
[440.752s][debug][gc,phases,ref  ] GC(3029)         WeakRef (ms):             skipped
[440.752s][debug][gc,phases,ref  ] GC(3029)         FinalRef (ms):            skipped
[440.752s][debug][gc,phases,ref  ] GC(3029)         Total (ms):               skipped
[440.752s][debug][gc,phases,ref  ] GC(3029)       Notify and keep alive finalizable: 0.0ms
[440.752s][debug][gc,phases,ref  ] GC(3029)         FinalRef (ms):            skipped
[440.752s][debug][gc,phases,ref  ] GC(3029)       Notify PhantomReferences: 0.0ms
[440.752s][debug][gc,phases,ref  ] GC(3029)         PhantomRef (ms):          skipped
[440.752s][debug][gc,phases,ref  ] GC(3029)       SoftReference:
[440.752s][debug][gc,phases,ref  ] GC(3029)         Discovered: 0
[440.752s][debug][gc,phases,ref  ] GC(3029)         Cleared: 0
[440.752s][debug][gc,phases,ref  ] GC(3029)       WeakReference:
[440.752s][debug][gc,phases,ref  ] GC(3029)         Discovered: 0
[440.752s][debug][gc,phases,ref  ] GC(3029)         Cleared: 0
[440.752s][debug][gc,phases,ref  ] GC(3029)       FinalReference:
[440.752s][debug][gc,phases,ref  ] GC(3029)         Discovered: 0
[440.752s][debug][gc,phases,ref  ] GC(3029)         Cleared: 0
[440.752s][debug][gc,phases,ref  ] GC(3029)       PhantomReference:
[440.752s][debug][gc,phases,ref  ] GC(3029)         Discovered: 0
[440.752s][debug][gc,phases,ref  ] GC(3029)         Cleared: 0
[440.752s][debug][gc,phases      ] GC(3029)     Weak Processing: 0.1ms
[440.752s][debug][gc,phases      ] GC(3029)       JVMTI weak processing: 0.0ms
[440.752s][debug][gc,phases      ] GC(3029)         Dead: 0
[440.752s][debug][gc,phases      ] GC(3029)         Total: 0
[440.752s][debug][gc,phases      ] GC(3029)       JFR weak processing: 0.0ms
[440.752s][debug][gc,phases      ] GC(3029)         Dead: 0
[440.752s][debug][gc,phases      ] GC(3029)         Total: 0
[440.752s][debug][gc,phases      ] GC(3029)       JNI weak                  Min:  0.0, Avg:  0.0, Max:  0.0, Diff:  0.0, Sum:  0.0, Workers: 5
[440.752s][debug][gc,phases      ] GC(3029)         Dead                      Min: 0, Avg:  0.0, Max: 0, Diff: 0, Sum: 0, Workers: 5
[440.752s][debug][gc,phases      ] GC(3029)         Total                     Min: 0, Avg: 13.6, Max: 52, Diff: 52, Sum: 68, Workers: 5
[440.752s][debug][gc,phases      ] GC(3029)       VM weak                   Min:  0.0, Avg:  0.0, Max:  0.0, Diff:  0.0, Sum:  0.0, Workers: 5
[440.752s][debug][gc,phases      ] GC(3029)         Dead                      Min: 0, Avg:  0.0, Max: 0, Diff: 0, Sum: 0, Workers: 5
[440.752s][debug][gc,phases      ] GC(3029)         Total                     Min: 0, Avg: 42.6, Max: 128, Diff: 128, Sum: 213, Workers: 5
[440.752s][debug][gc,phases      ] GC(3029)       StringTable weak          Min:  0.0, Avg:  0.0, Max:  0.0, Diff:  0.0, Sum:  0.1, Workers: 5
[440.752s][debug][gc,phases      ] GC(3029)         Dead                      Min: 0, Avg:  0.0, Max: 0, Diff: 0, Sum: 0, Workers: 5
[440.752s][debug][gc,phases      ] GC(3029)         Total                     Min: 0, Avg: 682.0, Max: 1727, Diff: 1727, Sum: 3410, Workers: 5
[440.752s][debug][gc,phases      ] GC(3029)       ResolvedMethodTable weak  Min:  0.0, Avg:  0.0, Max:  0.0, Diff:  0.0, Sum:  0.0, Workers: 5
[440.752s][debug][gc,phases      ] GC(3029)         Dead                      Min: 0, Avg:  0.0, Max: 0, Diff: 0, Sum: 0, Workers: 5
[440.752s][debug][gc,phases      ] GC(3029)         Total                     Min: 0, Avg: 114.8, Max: 318, Diff: 318, Sum: 574, Workers: 5
[440.752s][debug][gc,phases      ] GC(3029)     Merge Per-Thread State: 0.0ms
[440.752s][debug][gc,phases      ] GC(3029)       Copied Bytes              Min: 24, Avg: 82.0, Max: 176, Diff: 152, Sum: 656, Workers: 8
[440.752s][debug][gc,phases      ] GC(3029)       LAB Waste                 Min: 0, Avg:  0.0, Max: 0, Diff: 0, Sum: 0, Workers: 8
[440.752s][debug][gc,phases      ] GC(3029)       LAB Undo Waste            Min: 0, Avg:  0.0, Max: 0, Diff: 0, Sum: 0, Workers: 8
[440.752s][debug][gc,phases      ] GC(3029)     Code Roots Purge: 0.0ms
[440.752s][debug][gc,phases      ] GC(3029)     Redirty Cards: 0.0ms
[440.752s][debug][gc,phases      ] GC(3029)     DerivedPointerTable Update: 0.0ms
[440.752s][debug][gc,phases      ] GC(3029)     Free Collection Set: 0.1ms
[440.752s][debug][gc,phases      ] GC(3029)     Rebuild Free List: 0.1ms
[440.752s][debug][gc,phases      ] GC(3029)     Humongous Reclaim: 0.0ms
[440.752s][debug][gc,phases      ] GC(3029)     Start New Collection Set: 0.0ms
[440.752s][debug][gc,phases      ] GC(3029)     Resize TLABs: 0.0ms
[440.752s][debug][gc,phases      ] GC(3029)     Expand Heap After Collection: 0.0ms
[440.752s][info ][gc,phases      ] GC(3029)   Other: 0.3ms
[440.752s][info ][gc,heap        ] GC(3029) Eden regions: 180->0(180)
[440.752s][info ][gc,heap        ] GC(3029) Survivor regions: 1->1(23)
[440.752s][info ][gc,heap        ] GC(3029) Old regions: 7->7
[440.752s][info ][gc,heap        ] GC(3029) Archive regions: 2->2
[440.752s][info ][gc,heap        ] GC(3029) Humongous regions: 0->0
[440.752s][info ][gc,metaspace   ] GC(3029) Metaspace: 9905K(10624K)->9905K(10624K) NonClass: 8758K(9216K)->8758K(9216K) Class: 1146K(1408K)->1146K(1408K)
[440.752s][debug][gc,heap        ] GC(3029) Heap after GC invocations=3030 (full 1): garbage-first heap   total 309248K, used 4073K [0x0000000700000000, 0x0000000800000000)
[440.752s][debug][gc,heap        ] GC(3029)   region size 1024K, 1 young (1024K), 1 survivors (1024K)
[440.752s][debug][gc,heap        ] GC(3029)  Metaspace       used 9905K, capacity 10179K, committed 10624K, reserved 1058816K
[440.752s][debug][gc,heap        ] GC(3029)   class space    used 1146K, capacity 1267K, committed 1408K, reserved 1048576K
[440.752s][info ][gc             ] GC(3029) Pause Young (Normal) (G1 Evacuation Pause) 183M->3M(302M) 1.937ms
[440.752s][info ][gc,cpu         ] GC(3029) User=0.00s Sys=0.00s Real=0.00s
[440.752s][info ][safepoint      ] Safepoint "G1CollectForAllocation", Time since last: 142541396 ns, Reaching safepoint: 179377 ns, At safepoint: 2121595 ns, Total: 2300972 ns
[440.897s][debug][gc,heap        ] GC(3030) Heap before GC invocations=3030 (full 1): garbage-first heap   total 309248K, used 188393K [0x0000000700000000, 0x0000000800000000)
[440.897s][debug][gc,heap        ] GC(3030)   region size 1024K, 181 young (185344K), 1 survivors (1024K)
[440.897s][debug][gc,heap        ] GC(3030)  Metaspace       used 9905K, capacity 10179K, committed 10624K, reserved 1058816K
[440.897s][debug][gc,heap        ] GC(3030)   class space    used 1146K, capacity 1267K, committed 1408K, reserved 1048576K
[440.897s][info ][gc,start       ] GC(3030) Pause Young (Normal) (G1 Evacuation Pause)
[440.897s][info ][gc,task        ] GC(3030) Using 8 workers of 8 for evacuation
[440.897s][debug][gc,tlab        ] GC(3030) TLAB totals: thrds: 8  refills: 723 max: 94 slow allocs: 0 max 0 waste:  0.9% gc: 1261136B max: 395072B slow: 417704B max: 54384B fast: 0B max: 0B
[440.897s][debug][gc,age         ] GC(3030) Desired survivor size 12058624 bytes, new threshold 15 (max threshold 15)
[440.897s][debug][gc,alloc,region] GC(3030) Mutator Allocation stats, regions: 180, wasted size: 1008B ( 0.0%)
[440.897s][debug][gc,ergo        ] GC(3030) Running G1 Merge Heap Roots using 8 workers for 181 regions
[440.897s][debug][gc,remset      ] GC(3030) Visited cards 256 Total dirty 2048 (12.50%) Total old 759808 (0.03%)
[440.898s][debug][gc,ergo        ] GC(3030) Running G1 Clear Card Table Task using 1 workers for 1 units of work for 182 regions.
[440.898s][debug][gc,ref         ] GC(3030) Skipped phase1 of Reference Processing due to unavailable references
[440.898s][debug][gc,ref         ] GC(3030) Skipped phase2 of Reference Processing due to unavailable references
[440.898s][debug][gc,ref         ] GC(3030) Skipped phase3 of Reference Processing due to unavailable references
[440.898s][debug][gc,ref         ] GC(3030) Skipped phase4 of Reference Processing due to unavailable references
[440.898s][debug][gc,ergo        ] GC(3030) Running G1 Free Collection Set using 8 workers for collection set length 181 (302)
[440.898s][debug][gc,ergo        ] GC(3030) Running G1 Rebuild Free List Task using 8 workers for rebuilding free list of 0 (4096) regions
[440.898s][trace][gc,age         ] GC(3030) Age table with threshold 15 (max threshold 15)
[440.898s][trace][gc,age         ] GC(3030) - age   1:        480 bytes,        480 total
[440.898s][debug][gc,plab        ] GC(3030) Young PLAB allocation: allocated: 12384B, wasted: 0B, unused: 11904B, used: 480B, undo waste: 0B, 
[440.898s][debug][gc,plab        ] GC(3030) Young other allocation: region end waste: 0B, regions filled: 1, direct allocated: 0B, failure used: 0B, failure wasted: 0B
[440.898s][debug][gc,plab        ] GC(3030) Young sizing: calculated: 96B, actual: 2064B
[440.898s][debug][gc,plab        ] GC(3030) Old PLAB allocation: allocated: 0B, wasted: 0B, unused: 0B, used: 0B, undo waste: 0B, 
[440.898s][debug][gc,plab        ] GC(3030) Old other allocation: region end waste: 0B, regions filled: 1, direct allocated: 0B, failure used: 0B, failure wasted: 0B
[440.898s][debug][gc,plab        ] GC(3030) Old sizing: calculated: 0B, actual: 2064B
[440.898s][debug][gc,ihop        ] GC(3030) Basic information (value update), threshold: 142501478B (45.00), target occupancy: 316669952B, current occupancy: 4167128B, recent allocation size: 0B, recent allocation duration: 146.07ms, recent old gen allocation rate: 0.00B/s, recent marking phase length: 0.00ms
[440.898s][debug][gc,ihop        ] GC(3030) Adaptive IHOP information (value update), threshold: 142501478B (47.37), internal target occupancy: 300836454B, occupancy: 4167128B, additional buffer size: 189792256B, predicted old gen allocation rate: 0.00B/s, predicted marking phase length: 0.00ms, prediction active: false
[440.898s][debug][gc,ergo,refine ] GC(3030) Concurrent refinement times: Logged Cards Scan time goal: 20.00ms Logged Cards Scan time: 0.00ms HCC time: 0.00ms
[440.898s][debug][gc,ergo,refine ] GC(3030) Updated Refinement Zones: green: 2048, yellow: 6144, red: 10240
[440.898s][info ][gc,phases      ] GC(3030)   Pre Evacuate Collection Set: 0.1ms
[440.898s][debug][gc,phases      ] GC(3030)     Prepare TLABs: 0.0ms
[440.898s][debug][gc,phases      ] GC(3030)     Choose Collection Set: 0.0ms
[440.898s][debug][gc,phases      ] GC(3030)     Region Register: 0.1ms
[440.898s][debug][gc,phases      ] GC(3030)     Prepare Heap Roots: 0.0ms
[440.898s][info ][gc,phases      ] GC(3030)   Merge Heap Roots: 0.1ms
[440.898s][debug][gc,phases      ] GC(3030)     Prepare Merge Heap Roots: 0.0ms
[440.898s][debug][gc,phases      ] GC(3030)     Eager Reclaim (ms):       skipped
[440.898s][debug][gc,phases      ] GC(3030)     Remembered Sets (ms):     Min:  0.0, Avg:  0.0, Max:  0.0, Diff:  0.0, Sum:  0.0, Workers: 8
[440.898s][debug][gc,phases      ] GC(3030)       Merged Sparse:            Min: 0, Avg:  0.0, Max: 0, Diff: 0, Sum: 0, Workers: 8
[440.898s][debug][gc,phases      ] GC(3030)       Merged Fine:              Min: 0, Avg:  0.0, Max: 0, Diff: 0, Sum: 0, Workers: 8
[440.898s][debug][gc,phases      ] GC(3030)       Merged Coarse:            Min: 0, Avg:  0.0, Max: 0, Diff: 0, Sum: 0, Workers: 8
[440.898s][debug][gc,phases      ] GC(3030)       Dirty Cards:              Min: 0, Avg:  0.0, Max: 0, Diff: 0, Sum: 0, Workers: 8
[440.898s][debug][gc,phases      ] GC(3030)     Hot Card Cache (ms):      Min:  0.0, Avg:  0.0, Max:  0.0, Diff:  0.0, Sum:  0.0, Workers: 8
[440.898s][debug][gc,phases      ] GC(3030)       Dirty Cards:              Min: 0, Avg:  0.0, Max: 0, Diff: 0, Sum: 0, Workers: 8
[440.898s][debug][gc,phases      ] GC(3030)       Skipped Cards:            Min: 0, Avg:  0.0, Max: 0, Diff: 0, Sum: 0, Workers: 8
[440.898s][debug][gc,phases      ] GC(3030)     Log Buffers (ms):         Min:  0.0, Avg:  0.0, Max:  0.0, Diff:  0.0, Sum:  0.0, Workers: 8
[440.898s][debug][gc,phases      ] GC(3030)       Dirty Cards:              Min: 0, Avg:  0.1, Max: 1, Diff: 1, Sum: 1, Workers: 8
[440.898s][debug][gc,phases      ] GC(3030)       Skipped Cards:            Min: 0, Avg:  0.0, Max: 0, Diff: 0, Sum: 0, Workers: 8
[440.898s][info ][gc,phases      ] GC(3030)   Evacuate Collection Set: 0.2ms
[440.898s][debug][gc,phases      ] GC(3030)     Ext Root Scanning (ms):   Min:  0.0, Avg:  0.0, Max:  0.0, Diff:  0.0, Sum:  0.2, Workers: 8
[440.898s][debug][gc,phases      ] GC(3030)     Scan Heap Roots (ms):     Min:  0.0, Avg:  0.0, Max:  0.0, Diff:  0.0, Sum:  0.0, Workers: 8
[440.898s][debug][gc,phases      ] GC(3030)       Scanned Cards:            Min: 0, Avg:  0.1, Max: 1, Diff: 1, Sum: 1, Workers: 8
[440.898s][debug][gc,phases      ] GC(3030)       Scanned Blocks:           Min: 0, Avg:  0.1, Max: 1, Diff: 1, Sum: 1, Workers: 8
[440.898s][debug][gc,phases      ] GC(3030)       Claimed Chunks:           Min: 0, Avg:  0.1, Max: 1, Diff: 1, Sum: 1, Workers: 8
[440.898s][debug][gc,phases      ] GC(3030)     Code Root Scan (ms):      Min:  0.0, Avg:  0.0, Max:  0.0, Diff:  0.0, Sum:  0.0, Workers: 8
[440.898s][debug][gc,phases      ] GC(3030)     Object Copy (ms):         Min:  0.0, Avg:  0.0, Max:  0.0, Diff:  0.0, Sum:  0.0, Workers: 8
[440.898s][debug][gc,phases      ] GC(3030)     Termination (ms):         Min:  0.1, Avg:  0.1, Max:  0.1, Diff:  0.0, Sum:  0.5, Workers: 8
[440.898s][debug][gc,phases      ] GC(3030)       Termination Attempts:     Min: 1, Avg:  1.0, Max: 1, Diff: 0, Sum: 8, Workers: 8
[440.898s][debug][gc,phases      ] GC(3030)     GC Worker Other (ms):     Min:  0.0, Avg:  0.0, Max:  0.0, Diff:  0.0, Sum:  0.1, Workers: 8
[440.898s][debug][gc,phases      ] GC(3030)     GC Worker Total (ms):     Min:  0.1, Avg:  0.1, Max:  0.1, Diff:  0.1, Sum:  0.9, Workers: 8
[440.898s][info ][gc,phases      ] GC(3030)   Post Evacuate Collection Set: 0.3ms
[440.898s][debug][gc,phases      ] GC(3030)     Code Roots Fixup: 0.0ms
[440.898s][debug][gc,phases      ] GC(3030)     Clear Card Table: 0.1ms
[440.898s][debug][gc,phases      ] GC(3030)     Reference Processing: 0.0ms
[440.898s][debug][gc,phases,ref  ] GC(3030)       Reconsider SoftReferences: 0.0ms
[440.898s][debug][gc,phases,ref  ] GC(3030)         SoftRef (ms):             skipped
[440.898s][debug][gc,phases,ref  ] GC(3030)       Notify Soft/WeakReferences: 0.0ms
[440.898s][debug][gc,phases,ref  ] GC(3030)         SoftRef (ms):             skipped
[440.898s][debug][gc,phases,ref  ] GC(3030)         WeakRef (ms):             skipped
[440.898s][debug][gc,phases,ref  ] GC(3030)         FinalRef (ms):            skipped
[440.898s][debug][gc,phases,ref  ] GC(3030)         Total (ms):               skipped
[440.898s][debug][gc,phases,ref  ] GC(3030)       Notify and keep alive finalizable: 0.0ms
[440.899s][debug][gc,phases,ref  ] GC(3030)         FinalRef (ms):            skipped
[440.899s][debug][gc,phases,ref  ] GC(3030)       Notify PhantomReferences: 0.0ms
[440.899s][debug][gc,phases,ref  ] GC(3030)         PhantomRef (ms):          skipped
[440.899s][debug][gc,phases,ref  ] GC(3030)       SoftReference:
[440.899s][debug][gc,phases,ref  ] GC(3030)         Discovered: 0
[440.899s][debug][gc,phases,ref  ] GC(3030)         Cleared: 0
[440.899s][debug][gc,phases,ref  ] GC(3030)       WeakReference:
[440.899s][debug][gc,phases,ref  ] GC(3030)         Discovered: 0
[440.899s][debug][gc,phases,ref  ] GC(3030)         Cleared: 0
[440.899s][debug][gc,phases,ref  ] GC(3030)       FinalReference:
[440.899s][debug][gc,phases,ref  ] GC(3030)         Discovered: 0
[440.899s][debug][gc,phases,ref  ] GC(3030)         Cleared: 0
[440.899s][debug][gc,phases,ref  ] GC(3030)       PhantomReference:
[440.899s][debug][gc,phases,ref  ] GC(3030)         Discovered: 0
[440.899s][debug][gc,phases,ref  ] GC(3030)         Cleared: 0
[440.899s][debug][gc,phases      ] GC(3030)     Weak Processing: 0.1ms
[440.899s][debug][gc,phases      ] GC(3030)       JVMTI weak processing: 0.0ms
[440.899s][debug][gc,phases      ] GC(3030)         Dead: 0
[440.899s][debug][gc,phases      ] GC(3030)         Total: 0
[440.899s][debug][gc,phases      ] GC(3030)       JFR weak processing: 0.0ms
[440.899s][debug][gc,phases      ] GC(3030)         Dead: 0
[440.899s][debug][gc,phases      ] GC(3030)         Total: 0
[440.899s][debug][gc,phases      ] GC(3030)       JNI weak                  Min:  0.0, Avg:  0.0, Max:  0.0, Diff:  0.0, Sum:  0.0, Workers: 5
[440.899s][debug][gc,phases      ] GC(3030)         Dead                      Min: 0, Avg:  0.0, Max: 0, Diff: 0, Sum: 0, Workers: 5
[440.899s][debug][gc,phases      ] GC(3030)         Total                     Min: 0, Avg: 13.6, Max: 52, Diff: 52, Sum: 68, Workers: 5
[440.899s][debug][gc,phases      ] GC(3030)       VM weak                   Min:  0.0, Avg:  0.0, Max:  0.0, Diff:  0.0, Sum:  0.0, Workers: 5
[440.899s][debug][gc,phases      ] GC(3030)         Dead                      Min: 0, Avg:  0.0, Max: 0, Diff: 0, Sum: 0, Workers: 5
[440.899s][debug][gc,phases      ] GC(3030)         Total                     Min: 0, Avg: 42.6, Max: 128, Diff: 128, Sum: 213, Workers: 5
[440.899s][debug][gc,phases      ] GC(3030)       StringTable weak          Min:  0.0, Avg:  0.0, Max:  0.0, Diff:  0.0, Sum:  0.1, Workers: 5
[440.899s][debug][gc,phases      ] GC(3030)         Dead                      Min: 0, Avg:  0.0, Max: 0, Diff: 0, Sum: 0, Workers: 5
[440.899s][debug][gc,phases      ] GC(3030)         Total                     Min: 0, Avg: 682.0, Max: 1727, Diff: 1727, Sum: 3410, Workers: 5
[440.899s][debug][gc,phases      ] GC(3030)       ResolvedMethodTable weak  Min:  0.0, Avg:  0.0, Max:  0.0, Diff:  0.0, Sum:  0.0, Workers: 5
[440.899s][debug][gc,phases      ] GC(3030)         Dead                      Min: 0, Avg:  0.0, Max: 0, Diff: 0, Sum: 0, Workers: 5
[440.899s][debug][gc,phases      ] GC(3030)         Total                     Min: 0, Avg: 114.8, Max: 318, Diff: 318, Sum: 574, Workers: 5
[440.899s][debug][gc,phases      ] GC(3030)     Merge Per-Thread State: 0.0ms
[440.899s][debug][gc,phases      ] GC(3030)       Copied Bytes              Min: 0, Avg: 60.0, Max: 168, Diff: 168, Sum: 480, Workers: 8
[440.899s][debug][gc,phases      ] GC(3030)       LAB Waste                 Min: 0, Avg:  0.0, Max: 0, Diff: 0, Sum: 0, Workers: 8
[440.899s][debug][gc,phases      ] GC(3030)       LAB Undo Waste            Min: 0, Avg:  0.0, Max: 0, Diff: 0, Sum: 0, Workers: 8
[440.899s][debug][gc,phases      ] GC(3030)     Code Roots Purge: 0.0ms
[440.899s][debug][gc,phases      ] GC(3030)     Redirty Cards: 0.0ms
[440.899s][debug][gc,phases      ] GC(3030)     DerivedPointerTable Update: 0.0ms
[440.899s][debug][gc,phases      ] GC(3030)     Free Collection Set: 0.1ms
[440.899s][debug][gc,phases      ] GC(3030)     Rebuild Free List: 0.0ms
[440.899s][debug][gc,phases      ] GC(3030)     Humongous Reclaim: 0.0ms
[440.899s][debug][gc,phases      ] GC(3030)     Start New Collection Set: 0.0ms
[440.899s][debug][gc,phases      ] GC(3030)     Resize TLABs: 0.0ms
[440.899s][debug][gc,phases      ] GC(3030)     Expand Heap After Collection: 0.0ms
[440.899s][info ][gc,phases      ] GC(3030)   Other: 0.3ms
[440.899s][info ][gc,heap        ] GC(3030) Eden regions: 180->0(180)
[440.899s][info ][gc,heap        ] GC(3030) Survivor regions: 1->1(23)
[440.899s][info ][gc,heap        ] GC(3030) Old regions: 7->7
[440.899s][info ][gc,heap        ] GC(3030) Archive regions: 2->2
[440.899s][info ][gc,heap        ] GC(3030) Humongous regions: 0->0
[440.899s][info ][gc,metaspace   ] GC(3030) Metaspace: 9905K(10624K)->9905K(10624K) NonClass: 8758K(9216K)->8758K(9216K) Class: 1146K(1408K)->1146K(1408K)
[440.899s][debug][gc,heap        ] GC(3030) Heap after GC invocations=3031 (full 1): garbage-first heap   total 309248K, used 4069K [0x0000000700000000, 0x0000000800000000)
[440.899s][debug][gc,heap        ] GC(3030)   region size 1024K, 1 young (1024K), 1 survivors (1024K)
[440.899s][debug][gc,heap        ] GC(3030)  Metaspace       used 9905K, capacity 10179K, committed 10624K, reserved 1058816K
[440.899s][debug][gc,heap        ] GC(3030)   class space    used 1146K, capacity 1267K, committed 1408K, reserved 1048576K
[440.899s][info ][gc             ] GC(3030) Pause Young (Normal) (G1 Evacuation Pause) 183M->3M(302M) 1.874ms
[440.899s][info ][gc,cpu         ] GC(3030) User=0.01s Sys=0.00s Real=0.00s
[440.899s][info ][safepoint      ] Safepoint "G1CollectForAllocation", Time since last: 144779577 ns, Reaching safepoint: 105769 ns, At safepoint: 2058404 ns, Total: 2164173 ns
[441.044s][debug][gc,heap        ] GC(3031) Heap before GC invocations=3031 (full 1): garbage-first heap   total 309248K, used 188389K [0x0000000700000000, 0x0000000800000000)
[441.044s][debug][gc,heap        ] GC(3031)   region size 1024K, 181 young (185344K), 1 survivors (1024K)
[441.044s][debug][gc,heap        ] GC(3031)  Metaspace       used 9905K, capacity 10179K, committed 10624K, reserved 1058816K
[441.044s][debug][gc,heap        ] GC(3031)   class space    used 1146K, capacity 1267K, committed 1408K, reserved 1048576K
[441.044s][info ][gc,start       ] GC(3031) Pause Young (Normal) (G1 Evacuation Pause)
[441.044s][info ][gc,task        ] GC(3031) Using 8 workers of 8 for evacuation
[441.044s][debug][gc,tlab        ] GC(3031) TLAB totals: thrds: 8  refills: 724 max: 94 slow allocs: 0 max 0 waste:  1.1% gc: 1653784B max: 401480B slow: 418952B max: 55200B fast: 0B max: 0B
[441.044s][debug][gc,age         ] GC(3031) Desired survivor size 12058624 bytes, new threshold 15 (max threshold 15)
[441.044s][debug][gc,alloc,region] GC(3031) Mutator Allocation stats, regions: 180, wasted size: 0B ( 0.0%)
[441.045s][debug][gc,ergo        ] GC(3031) Running G1 Merge Heap Roots using 8 workers for 181 regions
[441.045s][debug][gc,remset      ] GC(3031) Visited cards 256 Total dirty 2048 (12.50%) Total old 759808 (0.03%)
[441.045s][debug][gc,ergo        ] GC(3031) Running G1 Clear Card Table Task using 1 workers for 1 units of work for 182 regions.
[441.045s][debug][gc,ref         ] GC(3031) Skipped phase1 of Reference Processing due to unavailable references
[441.045s][debug][gc,ref         ] GC(3031) Skipped phase2 of Reference Processing due to unavailable references
[441.045s][debug][gc,ref         ] GC(3031) Skipped phase3 of Reference Processing due to unavailable references
[441.045s][debug][gc,ref         ] GC(3031) Skipped phase4 of Reference Processing due to unavailable references
[441.045s][debug][gc,ergo        ] GC(3031) Running G1 Free Collection Set using 8 workers for collection set length 181 (302)
[441.045s][debug][gc,ergo        ] GC(3031) Running G1 Rebuild Free List Task using 8 workers for rebuilding free list of 0 (4096) regions
[441.045s][trace][gc,age         ] GC(3031) Age table with threshold 15 (max threshold 15)
[441.045s][trace][gc,age         ] GC(3031) - age   1:        432 bytes,        432 total
[441.045s][debug][gc,plab        ] GC(3031) Young PLAB allocation: allocated: 12384B, wasted: 0B, unused: 11952B, used: 432B, undo waste: 0B, 
[441.045s][debug][gc,plab        ] GC(3031) Young other allocation: region end waste: 0B, regions filled: 1, direct allocated: 0B, failure used: 0B, failure wasted: 0B
[441.045s][debug][gc,plab        ] GC(3031) Young sizing: calculated: 80B, actual: 2064B
[441.045s][debug][gc,plab        ] GC(3031) Old PLAB allocation: allocated: 0B, wasted: 0B, unused: 0B, used: 0B, undo waste: 0B, 
[441.045s][debug][gc,plab        ] GC(3031) Old other allocation: region end waste: 0B, regions filled: 1, direct allocated: 0B, failure used: 0B, failure wasted: 0B
[441.045s][debug][gc,plab        ] GC(3031) Old sizing: calculated: 0B, actual: 2064B
[441.045s][debug][gc,ihop        ] GC(3031) Basic information (value update), threshold: 142501478B (45.00), target occupancy: 316669952B, current occupancy: 4167128B, recent allocation size: 0B, recent allocation duration: 146.22ms, recent old gen allocation rate: 0.00B/s, recent marking phase length: 0.00ms
[441.045s][debug][gc,ihop        ] GC(3031) Adaptive IHOP information (value update), threshold: 142501478B (47.37), internal target occupancy: 300836454B, occupancy: 4167128B, additional buffer size: 189792256B, predicted old gen allocation rate: 0.00B/s, predicted marking phase length: 0.00ms, prediction active: false
[441.045s][debug][gc,ergo,refine ] GC(3031) Concurrent refinement times: Logged Cards Scan time goal: 20.00ms Logged Cards Scan time: 0.00ms HCC time: 0.00ms
[441.045s][debug][gc,ergo,refine ] GC(3031) Updated Refinement Zones: green: 2048, yellow: 6144, red: 10240
[441.045s][info ][gc,phases      ] GC(3031)   Pre Evacuate Collection Set: 0.2ms
[441.045s][debug][gc,phases      ] GC(3031)     Prepare TLABs: 0.0ms
[441.045s][debug][gc,phases      ] GC(3031)     Choose Collection Set: 0.0ms
[441.045s][debug][gc,phases      ] GC(3031)     Region Register: 0.1ms
[441.045s][debug][gc,phases      ] GC(3031)     Prepare Heap Roots: 0.0ms
[441.045s][info ][gc,phases      ] GC(3031)   Merge Heap Roots: 0.1ms
[441.045s][debug][gc,phases      ] GC(3031)     Prepare Merge Heap Roots: 0.0ms
[441.045s][debug][gc,phases      ] GC(3031)     Eager Reclaim (ms):       skipped
[441.045s][debug][gc,phases      ] GC(3031)     Remembered Sets (ms):     Min:  0.0, Avg:  0.0, Max:  0.0, Diff:  0.0, Sum:  0.0, Workers: 8
[441.045s][debug][gc,phases      ] GC(3031)       Merged Sparse:            Min: 0, Avg:  0.0, Max: 0, Diff: 0, Sum: 0, Workers: 8
[441.045s][debug][gc,phases      ] GC(3031)       Merged Fine:              Min: 0, Avg:  0.0, Max: 0, Diff: 0, Sum: 0, Workers: 8
[441.045s][debug][gc,phases      ] GC(3031)       Merged Coarse:            Min: 0, Avg:  0.0, Max: 0, Diff: 0, Sum: 0, Workers: 8
[441.045s][debug][gc,phases      ] GC(3031)       Dirty Cards:              Min: 0, Avg:  0.0, Max: 0, Diff: 0, Sum: 0, Workers: 8
[441.045s][debug][gc,phases      ] GC(3031)     Hot Card Cache (ms):      Min:  0.0, Avg:  0.0, Max:  0.0, Diff:  0.0, Sum:  0.0, Workers: 8
[441.045s][debug][gc,phases      ] GC(3031)       Dirty Cards:              Min: 0, Avg:  0.0, Max: 0, Diff: 0, Sum: 0, Workers: 8
[441.045s][debug][gc,phases      ] GC(3031)       Skipped Cards:            Min: 0, Avg:  0.0, Max: 0, Diff: 0, Sum: 0, Workers: 8
[441.045s][debug][gc,phases      ] GC(3031)     Log Buffers (ms):         Min:  0.0, Avg:  0.0, Max:  0.0, Diff:  0.0, Sum:  0.0, Workers: 8
[441.045s][debug][gc,phases      ] GC(3031)       Dirty Cards:              Min: 0, Avg:  0.1, Max: 1, Diff: 1, Sum: 1, Workers: 8
[441.045s][debug][gc,phases      ] GC(3031)       Skipped Cards:            Min: 0, Avg:  0.0, Max: 0, Diff: 0, Sum: 0, Workers: 8
[441.045s][info ][gc,phases      ] GC(3031)   Evacuate Collection Set: 0.1ms
[441.045s][debug][gc,phases      ] GC(3031)     Ext Root Scanning (ms):   Min:  0.0, Avg:  0.0, Max:  0.1, Diff:  0.0, Sum:  0.2, Workers: 8
[441.045s][debug][gc,phases      ] GC(3031)     Scan Heap Roots (ms):     Min:  0.0, Avg:  0.0, Max:  0.0, Diff:  0.0, Sum:  0.0, Workers: 8
[441.045s][debug][gc,phases      ] GC(3031)       Scanned Cards:            Min: 0, Avg:  0.1, Max: 1, Diff: 1, Sum: 1, Workers: 8
[441.045s][debug][gc,phases      ] GC(3031)       Scanned Blocks:           Min: 0, Avg:  0.1, Max: 1, Diff: 1, Sum: 1, Workers: 8
[441.045s][debug][gc,phases      ] GC(3031)       Claimed Chunks:           Min: 0, Avg:  0.1, Max: 1, Diff: 1, Sum: 1, Workers: 8
[441.045s][debug][gc,phases      ] GC(3031)     Code Root Scan (ms):      Min:  0.0, Avg:  0.0, Max:  0.0, Diff:  0.0, Sum:  0.0, Workers: 8
[441.045s][debug][gc,phases      ] GC(3031)     Object Copy (ms):         Min:  0.0, Avg:  0.0, Max:  0.0, Diff:  0.0, Sum:  0.0, Workers: 8
[441.045s][debug][gc,phases      ] GC(3031)     Termination (ms):         Min:  0.0, Avg:  0.0, Max:  0.0, Diff:  0.0, Sum:  0.3, Workers: 8
[441.045s][debug][gc,phases      ] GC(3031)       Termination Attempts:     Min: 1, Avg:  1.0, Max: 1, Diff: 0, Sum: 8, Workers: 8
[441.045s][debug][gc,phases      ] GC(3031)     GC Worker Other (ms):     Min:  0.0, Avg:  0.0, Max:  0.0, Diff:  0.0, Sum:  0.1, Workers: 8
[441.045s][debug][gc,phases      ] GC(3031)     GC Worker Total (ms):     Min:  0.1, Avg:  0.1, Max:  0.1, Diff:  0.1, Sum:  0.7, Workers: 8
[441.045s][info ][gc,phases      ] GC(3031)   Post Evacuate Collection Set: 0.3ms
[441.045s][debug][gc,phases      ] GC(3031)     Code Roots Fixup: 0.0ms
[441.046s][debug][gc,phases      ] GC(3031)     Clear Card Table: 0.1ms
[441.046s][debug][gc,phases      ] GC(3031)     Reference Processing: 0.0ms
[441.046s][debug][gc,phases,ref  ] GC(3031)       Reconsider SoftReferences: 0.0ms
[441.046s][debug][gc,phases,ref  ] GC(3031)         SoftRef (ms):             skipped
[441.046s][debug][gc,phases,ref  ] GC(3031)       Notify Soft/WeakReferences: 0.0ms
[441.046s][debug][gc,phases,ref  ] GC(3031)         SoftRef (ms):             skipped
[441.046s][debug][gc,phases,ref  ] GC(3031)         WeakRef (ms):             skipped
[441.046s][debug][gc,phases,ref  ] GC(3031)         FinalRef (ms):            skipped
[441.046s][debug][gc,phases,ref  ] GC(3031)         Total (ms):               skipped
[441.046s][debug][gc,phases,ref  ] GC(3031)       Notify and keep alive finalizable: 0.0ms
[441.046s][debug][gc,phases,ref  ] GC(3031)         FinalRef (ms):            skipped
[441.046s][debug][gc,phases,ref  ] GC(3031)       Notify PhantomReferences: 0.0ms
[441.046s][debug][gc,phases,ref  ] GC(3031)         PhantomRef (ms):          skipped
[441.046s][debug][gc,phases,ref  ] GC(3031)       SoftReference:
[441.046s][debug][gc,phases,ref  ] GC(3031)         Discovered: 0
[441.046s][debug][gc,phases,ref  ] GC(3031)         Cleared: 0
[441.046s][debug][gc,phases,ref  ] GC(3031)       WeakReference:
[441.046s][debug][gc,phases,ref  ] GC(3031)         Discovered: 0
[441.046s][debug][gc,phases,ref  ] GC(3031)         Cleared: 0
[441.046s][debug][gc,phases,ref  ] GC(3031)       FinalReference:
[441.046s][debug][gc,phases,ref  ] GC(3031)         Discovered: 0
[441.046s][debug][gc,phases,ref  ] GC(3031)         Cleared: 0
[441.046s][debug][gc,phases,ref  ] GC(3031)       PhantomReference:
[441.046s][debug][gc,phases,ref  ] GC(3031)         Discovered: 0
[441.046s][debug][gc,phases,ref  ] GC(3031)         Cleared: 0
[441.046s][debug][gc,phases      ] GC(3031)     Weak Processing: 0.0ms
[441.046s][debug][gc,phases      ] GC(3031)       JVMTI weak processing: 0.0ms
[441.046s][debug][gc,phases      ] GC(3031)         Dead: 0
[441.046s][debug][gc,phases      ] GC(3031)         Total: 0
[441.046s][debug][gc,phases      ] GC(3031)       JFR weak processing: 0.0ms
[441.046s][debug][gc,phases      ] GC(3031)         Dead: 0
[441.046s][debug][gc,phases      ] GC(3031)         Total: 0
[441.046s][debug][gc,phases      ] GC(3031)       JNI weak                  Min:  0.0, Avg:  0.0, Max:  0.0, Diff:  0.0, Sum:  0.0, Workers: 5
[441.046s][debug][gc,phases      ] GC(3031)         Dead                      Min: 0, Avg:  0.0, Max: 0, Diff: 0, Sum: 0, Workers: 5
[441.046s][debug][gc,phases      ] GC(3031)         Total                     Min: 0, Avg: 13.6, Max: 52, Diff: 52, Sum: 68, Workers: 5
[441.046s][debug][gc,phases      ] GC(3031)       VM weak                   Min:  0.0, Avg:  0.0, Max:  0.0, Diff:  0.0, Sum:  0.0, Workers: 5
[441.046s][debug][gc,phases      ] GC(3031)         Dead                      Min: 0, Avg:  0.0, Max: 0, Diff: 0, Sum: 0, Workers: 5
[441.046s][debug][gc,phases      ] GC(3031)         Total                     Min: 0, Avg: 42.6, Max: 128, Diff: 128, Sum: 213, Workers: 5
[441.046s][debug][gc,phases      ] GC(3031)       StringTable weak          Min:  0.0, Avg:  0.0, Max:  0.0, Diff:  0.0, Sum:  0.1, Workers: 5
[441.046s][debug][gc,phases      ] GC(3031)         Dead                      Min: 0, Avg:  0.0, Max: 0, Diff: 0, Sum: 0, Workers: 5
[441.046s][debug][gc,phases      ] GC(3031)         Total                     Min: 0, Avg: 682.0, Max: 1728, Diff: 1728, Sum: 3410, Workers: 5
[441.046s][debug][gc,phases      ] GC(3031)       ResolvedMethodTable weak  Min:  0.0, Avg:  0.0, Max:  0.0, Diff:  0.0, Sum:  0.0, Workers: 5
[441.046s][debug][gc,phases      ] GC(3031)         Dead                      Min: 0, Avg:  0.0, Max: 0, Diff: 0, Sum: 0, Workers: 5
[441.046s][debug][gc,phases      ] GC(3031)         Total                     Min: 0, Avg: 114.8, Max: 318, Diff: 318, Sum: 574, Workers: 5
[441.046s][debug][gc,phases      ] GC(3031)     Merge Per-Thread State: 0.0ms
[441.046s][debug][gc,phases      ] GC(3031)       Copied Bytes              Min: 0, Avg: 54.0, Max: 120, Diff: 120, Sum: 432, Workers: 8
[441.046s][debug][gc,phases      ] GC(3031)       LAB Waste                 Min: 0, Avg:  0.0, Max: 0, Diff: 0, Sum: 0, Workers: 8
[441.046s][debug][gc,phases      ] GC(3031)       LAB Undo Waste            Min: 0, Avg:  0.0, Max: 0, Diff: 0, Sum: 0, Workers: 8
[441.046s][debug][gc,phases      ] GC(3031)     Code Roots Purge: 0.0ms
[441.046s][debug][gc,phases      ] GC(3031)     Redirty Cards: 0.0ms
[441.046s][debug][gc,phases      ] GC(3031)     DerivedPointerTable Update: 0.0ms
[441.046s][debug][gc,phases      ] GC(3031)     Free Collection Set: 0.1ms
[441.046s][debug][gc,phases      ] GC(3031)     Rebuild Free List: 0.0ms
[441.046s][debug][gc,phases      ] GC(3031)     Humongous Reclaim: 0.0ms
[441.046s][debug][gc,phases      ] GC(3031)     Start New Collection Set: 0.0ms
[441.046s][debug][gc,phases      ] GC(3031)     Resize TLABs: 0.0ms
[441.046s][debug][gc,phases      ] GC(3031)     Expand Heap After Collection: 0.0ms
[441.046s][info ][gc,phases      ] GC(3031)   Other: 0.3ms
[441.046s][info ][gc,heap        ] GC(3031) Eden regions: 180->0(180)
[441.046s][info ][gc,heap        ] GC(3031) Survivor regions: 1->1(23)
[441.046s][info ][gc,heap        ] GC(3031) Old regions: 7->7
[441.046s][info ][gc,heap        ] GC(3031) Archive regions: 2->2
[441.046s][info ][gc,heap        ] GC(3031) Humongous regions: 0->0
[441.046s][info ][gc,metaspace   ] GC(3031) Metaspace: 9905K(10624K)->9905K(10624K) NonClass: 8758K(9216K)->8758K(9216K) Class: 1146K(1408K)->1146K(1408K)
[441.046s][debug][gc,heap        ] GC(3031) Heap after GC invocations=3032 (full 1): garbage-first heap   total 309248K, used 4069K [0x0000000700000000, 0x0000000800000000)
[441.046s][debug][gc,heap        ] GC(3031)   region size 1024K, 1 young (1024K), 1 survivors (1024K)
[441.046s][debug][gc,heap        ] GC(3031)  Metaspace       used 9905K, capacity 10179K, committed 10624K, reserved 1058816K
[441.046s][debug][gc,heap        ] GC(3031)   class space    used 1146K, capacity 1267K, committed 1408K, reserved 1048576K
[441.046s][info ][gc             ] GC(3031) Pause Young (Normal) (G1 Evacuation Pause) 183M->3M(302M) 1.865ms
[441.046s][info ][gc,cpu         ] GC(3031) User=0.00s Sys=0.00s Real=0.00s
[441.046s][info ][safepoint      ] Safepoint "G1CollectForAllocation", Time since last: 144957728 ns, Reaching safepoint: 71275 ns, At safepoint: 2044397 ns, Total: 2115672 ns
[441.192s][debug][gc,heap        ] GC(3032) Heap before GC invocations=3032 (full 1): garbage-first heap   total 309248K, used 188389K [0x0000000700000000, 0x0000000800000000)
[441.192s][debug][gc,heap        ] GC(3032)   region size 1024K, 181 young (185344K), 1 survivors (1024K)
[441.192s][debug][gc,heap        ] GC(3032)  Metaspace       used 9905K, capacity 10179K, committed 10624K, reserved 1058816K
[441.192s][debug][gc,heap        ] GC(3032)   class space    used 1146K, capacity 1267K, committed 1408K, reserved 1048576K
[441.192s][info ][gc,start       ] GC(3032) Pause Young (Normal) (G1 Evacuation Pause)
[441.192s][info ][gc,task        ] GC(3032) Using 8 workers of 8 for evacuation
[441.192s][debug][gc,tlab        ] GC(3032) TLAB totals: thrds: 8  refills: 722 max: 94 slow allocs: 0 max 0 waste:  0.9% gc: 1369808B max: 356872B slow: 418672B max: 54384B fast: 0B max: 0B
[441.192s][debug][gc,age         ] GC(3032) Desired survivor size 12058624 bytes, new threshold 15 (max threshold 15)
[441.192s][debug][gc,alloc,region] GC(3032) Mutator Allocation stats, regions: 180, wasted size: 0B ( 0.0%)
[441.192s][debug][gc,ergo        ] GC(3032) Running G1 Merge Heap Roots using 8 workers for 181 regions
[441.192s][debug][gc,remset      ] GC(3032) Visited cards 256 Total dirty 2048 (12.50%) Total old 759808 (0.03%)
[441.192s][debug][gc,ergo        ] GC(3032) Running G1 Clear Card Table Task using 1 workers for 1 units of work for 182 regions.
[441.192s][debug][gc,ref         ] GC(3032) Skipped phase1 of Reference Processing due to unavailable references
[441.192s][debug][gc,ref         ] GC(3032) Skipped phase2 of Reference Processing due to unavailable references
[441.192s][debug][gc,ref         ] GC(3032) Skipped phase3 of Reference Processing due to unavailable references
[441.192s][debug][gc,ref         ] GC(3032) Skipped phase4 of Reference Processing due to unavailable references
[441.192s][debug][gc,ergo        ] GC(3032) Running G1 Free Collection Set using 8 workers for collection set length 181 (302)
[441.192s][debug][gc,ergo        ] GC(3032) Running G1 Rebuild Free List Task using 8 workers for rebuilding free list of 0 (4096) regions
[441.192s][trace][gc,age         ] GC(3032) Age table with threshold 15 (max threshold 15)
[441.192s][trace][gc,age         ] GC(3032) - age   1:        568 bytes,        568 total
[441.192s][debug][gc,plab        ] GC(3032) Young PLAB allocation: allocated: 10320B, wasted: 0B, unused: 9752B, used: 568B, undo waste: 0B, 
[441.192s][debug][gc,plab        ] GC(3032) Young other allocation: region end waste: 0B, regions filled: 1, direct allocated: 0B, failure used: 0B, failure wasted: 0B
[441.192s][debug][gc,plab        ] GC(3032) Young sizing: calculated: 112B, actual: 2064B
[441.192s][debug][gc,plab        ] GC(3032) Old PLAB allocation: allocated: 0B, wasted: 0B, unused: 0B, used: 0B, undo waste: 0B, 
[441.192s][debug][gc,plab        ] GC(3032) Old other allocation: region end waste: 0B, regions filled: 1, direct allocated: 0B, failure used: 0B, failure wasted: 0B
[441.192s][debug][gc,plab        ] GC(3032) Old sizing: calculated: 0B, actual: 2064B
[441.192s][debug][gc,ihop        ] GC(3032) Basic information (value update), threshold: 142501478B (45.00), target occupancy: 316669952B, current occupancy: 4165064B, recent allocation size: 0B, recent allocation duration: 146.54ms, recent old gen allocation rate: 0.00B/s, recent marking phase length: 0.00ms
[441.192s][debug][gc,ihop        ] GC(3032) Adaptive IHOP information (value update), threshold: 142501478B (47.37), internal target occupancy: 300836454B, occupancy: 4165064B, additional buffer size: 189792256B, predicted old gen allocation rate: 0.00B/s, predicted marking phase length: 0.00ms, prediction active: false
[441.192s][debug][gc,ergo,refine ] GC(3032) Concurrent refinement times: Logged Cards Scan time goal: 20.00ms Logged Cards Scan time: 0.00ms HCC time: 0.00ms
[441.192s][debug][gc,ergo,refine ] GC(3032) Updated Refinement Zones: green: 2048, yellow: 6144, red: 10240
[441.193s][info ][gc,phases      ] GC(3032)   Pre Evacuate Collection Set: 0.1ms
[441.193s][debug][gc,phases      ] GC(3032)     Prepare TLABs: 0.0ms
[441.193s][debug][gc,phases      ] GC(3032)     Choose Collection Set: 0.0ms
[441.193s][debug][gc,phases      ] GC(3032)     Region Register: 0.1ms
[441.193s][debug][gc,phases      ] GC(3032)     Prepare Heap Roots: 0.0ms
[441.193s][info ][gc,phases      ] GC(3032)   Merge Heap Roots: 0.1ms
[441.193s][debug][gc,phases      ] GC(3032)     Prepare Merge Heap Roots: 0.0ms
[441.193s][debug][gc,phases      ] GC(3032)     Eager Reclaim (ms):       skipped
[441.193s][debug][gc,phases      ] GC(3032)     Remembered Sets (ms):     Min:  0.0, Avg:  0.0, Max:  0.0, Diff:  0.0, Sum:  0.0, Workers: 8
[441.193s][debug][gc,phases      ] GC(3032)       Merged Sparse:            Min: 0, Avg:  0.0, Max: 0, Diff: 0, Sum: 0, Workers: 8
[441.193s][debug][gc,phases      ] GC(3032)       Merged Fine:              Min: 0, Avg:  0.0, Max: 0, Diff: 0, Sum: 0, Workers: 8
[441.193s][debug][gc,phases      ] GC(3032)       Merged Coarse:            Min: 0, Avg:  0.0, Max: 0, Diff: 0, Sum: 0, Workers: 8
[441.193s][debug][gc,phases      ] GC(3032)       Dirty Cards:              Min: 0, Avg:  0.0, Max: 0, Diff: 0, Sum: 0, Workers: 8
[441.193s][debug][gc,phases      ] GC(3032)     Hot Card Cache (ms):      Min:  0.0, Avg:  0.0, Max:  0.0, Diff:  0.0, Sum:  0.0, Workers: 8
[441.193s][debug][gc,phases      ] GC(3032)       Dirty Cards:              Min: 0, Avg:  0.0, Max: 0, Diff: 0, Sum: 0, Workers: 8
[441.193s][debug][gc,phases      ] GC(3032)       Skipped Cards:            Min: 0, Avg:  0.0, Max: 0, Diff: 0, Sum: 0, Workers: 8
[441.193s][debug][gc,phases      ] GC(3032)     Log Buffers (ms):         Min:  0.0, Avg:  0.0, Max:  0.0, Diff:  0.0, Sum:  0.0, Workers: 8
[441.193s][debug][gc,phases      ] GC(3032)       Dirty Cards:              Min: 0, Avg:  0.1, Max: 1, Diff: 1, Sum: 1, Workers: 8
[441.193s][debug][gc,phases      ] GC(3032)       Skipped Cards:            Min: 0, Avg:  0.0, Max: 0, Diff: 0, Sum: 0, Workers: 8
[441.193s][info ][gc,phases      ] GC(3032)   Evacuate Collection Set: 0.1ms
[441.193s][debug][gc,phases      ] GC(3032)     Ext Root Scanning (ms):   Min:  0.0, Avg:  0.0, Max:  0.1, Diff:  0.0, Sum:  0.2, Workers: 8
[441.193s][debug][gc,phases      ] GC(3032)     Scan Heap Roots (ms):     Min:  0.0, Avg:  0.0, Max:  0.0, Diff:  0.0, Sum:  0.0, Workers: 8
[441.193s][debug][gc,phases      ] GC(3032)       Scanned Cards:            Min: 0, Avg:  0.1, Max: 1, Diff: 1, Sum: 1, Workers: 8
[441.193s][debug][gc,phases      ] GC(3032)       Scanned Blocks:           Min: 0, Avg:  0.1, Max: 1, Diff: 1, Sum: 1, Workers: 8
[441.193s][debug][gc,phases      ] GC(3032)       Claimed Chunks:           Min: 0, Avg:  0.1, Max: 1, Diff: 1, Sum: 1, Workers: 8
[441.193s][debug][gc,phases      ] GC(3032)     Code Root Scan (ms):      Min:  0.0, Avg:  0.0, Max:  0.0, Diff:  0.0, Sum:  0.0, Workers: 8
[441.193s][debug][gc,phases      ] GC(3032)     Object Copy (ms):         Min:  0.0, Avg:  0.0, Max:  0.0, Diff:  0.0, Sum:  0.0, Workers: 8
[441.193s][debug][gc,phases      ] GC(3032)     Termination (ms):         Min:  0.0, Avg:  0.0, Max:  0.1, Diff:  0.0, Sum:  0.4, Workers: 8
[441.193s][debug][gc,phases      ] GC(3032)       Termination Attempts:     Min: 1, Avg:  1.0, Max: 1, Diff: 0, Sum: 8, Workers: 8
[441.193s][debug][gc,phases      ] GC(3032)     GC Worker Other (ms):     Min:  0.0, Avg:  0.0, Max:  0.0, Diff:  0.0, Sum:  0.1, Workers: 8
[441.193s][debug][gc,phases      ] GC(3032)     GC Worker Total (ms):     Min:  0.1, Avg:  0.1, Max:  0.1, Diff:  0.1, Sum:  0.8, Workers: 8
[441.193s][info ][gc,phases      ] GC(3032)   Post Evacuate Collection Set: 0.3ms
[441.193s][debug][gc,phases      ] GC(3032)     Code Roots Fixup: 0.0ms
[441.193s][debug][gc,phases      ] GC(3032)     Clear Card Table: 0.1ms
[441.193s][debug][gc,phases      ] GC(3032)     Reference Processing: 0.0ms
[441.193s][debug][gc,phases,ref  ] GC(3032)       Reconsider SoftReferences: 0.0ms
[441.193s][debug][gc,phases,ref  ] GC(3032)         SoftRef (ms):             skipped
[441.193s][debug][gc,phases,ref  ] GC(3032)       Notify Soft/WeakReferences: 0.0ms
[441.193s][debug][gc,phases,ref  ] GC(3032)         SoftRef (ms):             skipped
[441.193s][debug][gc,phases,ref  ] GC(3032)         WeakRef (ms):             skipped
[441.193s][debug][gc,phases,ref  ] GC(3032)         FinalRef (ms):            skipped
[441.193s][debug][gc,phases,ref  ] GC(3032)         Total (ms):               skipped
[441.193s][debug][gc,phases,ref  ] GC(3032)       Notify and keep alive finalizable: 0.0ms
[441.193s][debug][gc,phases,ref  ] GC(3032)         FinalRef (ms):            skipped
[441.193s][debug][gc,phases,ref  ] GC(3032)       Notify PhantomReferences: 0.0ms
[441.193s][debug][gc,phases,ref  ] GC(3032)         PhantomRef (ms):          skipped
[441.193s][debug][gc,phases,ref  ] GC(3032)       SoftReference:
[441.193s][debug][gc,phases,ref  ] GC(3032)         Discovered: 0
[441.193s][debug][gc,phases,ref  ] GC(3032)         Cleared: 0
[441.193s][debug][gc,phases,ref  ] GC(3032)       WeakReference:
[441.193s][debug][gc,phases,ref  ] GC(3032)         Discovered: 0
[441.193s][debug][gc,phases,ref  ] GC(3032)         Cleared: 0
[441.193s][debug][gc,phases,ref  ] GC(3032)       FinalReference:
[441.193s][debug][gc,phases,ref  ] GC(3032)         Discovered: 0
[441.193s][debug][gc,phases,ref  ] GC(3032)         Cleared: 0
[441.193s][debug][gc,phases,ref  ] GC(3032)       PhantomReference:
[441.193s][debug][gc,phases,ref  ] GC(3032)         Discovered: 0
[441.193s][debug][gc,phases,ref  ] GC(3032)         Cleared: 0
[441.193s][debug][gc,phases      ] GC(3032)     Weak Processing: 0.0ms
[441.193s][debug][gc,phases      ] GC(3032)       JVMTI weak processing: 0.0ms
[441.193s][debug][gc,phases      ] GC(3032)         Dead: 0
[441.193s][debug][gc,phases      ] GC(3032)         Total: 0
[441.193s][debug][gc,phases      ] GC(3032)       JFR weak processing: 0.0ms
[441.193s][debug][gc,phases      ] GC(3032)         Dead: 0
[441.193s][debug][gc,phases      ] GC(3032)         Total: 0
[441.193s][debug][gc,phases      ] GC(3032)       JNI weak                  Min:  0.0, Avg:  0.0, Max:  0.0, Diff:  0.0, Sum:  0.0, Workers: 5
[441.193s][debug][gc,phases      ] GC(3032)         Dead                      Min: 0, Avg:  0.0, Max: 0, Diff: 0, Sum: 0, Workers: 5
[441.193s][debug][gc,phases      ] GC(3032)         Total                     Min: 0, Avg: 13.6, Max: 52, Diff: 52, Sum: 68, Workers: 5
[441.193s][debug][gc,phases      ] GC(3032)       VM weak                   Min:  0.0, Avg:  0.0, Max:  0.0, Diff:  0.0, Sum:  0.0, Workers: 5
[441.193s][debug][gc,phases      ] GC(3032)         Dead                      Min: 0, Avg:  0.0, Max: 0, Diff: 0, Sum: 0, Workers: 5
[441.193s][debug][gc,phases      ] GC(3032)         Total                     Min: 0, Avg: 42.6, Max: 128, Diff: 128, Sum: 213, Workers: 5
[441.193s][debug][gc,phases      ] GC(3032)       StringTable weak          Min:  0.0, Avg:  0.0, Max:  0.0, Diff:  0.0, Sum:  0.1, Workers: 5
[441.193s][debug][gc,phases      ] GC(3032)         Dead                      Min: 0, Avg:  0.0, Max: 0, Diff: 0, Sum: 0, Workers: 5
[441.193s][debug][gc,phases      ] GC(3032)         Total                     Min: 0, Avg: 682.0, Max: 1087, Diff: 1087, Sum: 3410, Workers: 5
[441.193s][debug][gc,phases      ] GC(3032)       ResolvedMethodTable weak  Min:  0.0, Avg:  0.0, Max:  0.0, Diff:  0.0, Sum:  0.0, Workers: 5
[441.193s][debug][gc,phases      ] GC(3032)         Dead                      Min: 0, Avg:  0.0, Max: 0, Diff: 0, Sum: 0, Workers: 5
[441.193s][debug][gc,phases      ] GC(3032)         Total                     Min: 0, Avg: 114.8, Max: 190, Diff: 190, Sum: 574, Workers: 5
[441.193s][debug][gc,phases      ] GC(3032)     Merge Per-Thread State: 0.0ms
[441.193s][debug][gc,phases      ] GC(3032)       Copied Bytes              Min: 0, Avg: 71.0, Max: 288, Diff: 288, Sum: 568, Workers: 8
[441.193s][debug][gc,phases      ] GC(3032)       LAB Waste                 Min: 0, Avg:  0.0, Max: 0, Diff: 0, Sum: 0, Workers: 8
[441.193s][debug][gc,phases      ] GC(3032)       LAB Undo Waste            Min: 0, Avg:  0.0, Max: 0, Diff: 0, Sum: 0, Workers: 8
[441.193s][debug][gc,phases      ] GC(3032)     Code Roots Purge: 0.0ms
[441.193s][debug][gc,phases      ] GC(3032)     Redirty Cards: 0.0ms
[441.193s][debug][gc,phases      ] GC(3032)     DerivedPointerTable Update: 0.0ms
[441.193s][debug][gc,phases      ] GC(3032)     Free Collection Set: 0.1ms
[441.193s][debug][gc,phases      ] GC(3032)     Rebuild Free List: 0.1ms
[441.193s][debug][gc,phases      ] GC(3032)     Humongous Reclaim: 0.0ms
[441.193s][debug][gc,phases      ] GC(3032)     Start New Collection Set: 0.0ms
[441.193s][debug][gc,phases      ] GC(3032)     Resize TLABs: 0.0ms
[441.193s][debug][gc,phases      ] GC(3032)     Expand Heap After Collection: 0.0ms
[441.193s][info ][gc,phases      ] GC(3032)   Other: 0.3ms
[441.193s][info ][gc,heap        ] GC(3032) Eden regions: 180->0(180)
[441.193s][info ][gc,heap        ] GC(3032) Survivor regions: 1->1(23)
[441.193s][info ][gc,heap        ] GC(3032) Old regions: 7->7
[441.193s][info ][gc,heap        ] GC(3032) Archive regions: 2->2
[441.193s][info ][gc,heap        ] GC(3032) Humongous regions: 0->0
[441.193s][info ][gc,metaspace   ] GC(3032) Metaspace: 9905K(10624K)->9905K(10624K) NonClass: 8758K(9216K)->8758K(9216K) Class: 1146K(1408K)->1146K(1408K)
[441.193s][debug][gc,heap        ] GC(3032) Heap after GC invocations=3033 (full 1): garbage-first heap   total 309248K, used 4067K [0x0000000700000000, 0x0000000800000000)
[441.193s][debug][gc,heap        ] GC(3032)   region size 1024K, 1 young (1024K), 1 survivors (1024K)
[441.193s][debug][gc,heap        ] GC(3032)  Metaspace       used 9905K, capacity 10179K, committed 10624K, reserved 1058816K
[441.193s][debug][gc,heap        ] GC(3032)   class space    used 1146K, capacity 1267K, committed 1408K, reserved 1048576K
[441.193s][info ][gc             ] GC(3032) Pause Young (Normal) (G1 Evacuation Pause) 183M->3M(302M) 1.769ms
[441.193s][info ][gc,cpu         ] GC(3032) User=0.00s Sys=0.00s Real=0.01s
[441.193s][info ][safepoint      ] Safepoint "G1CollectForAllocation", Time since last: 145246480 ns, Reaching safepoint: 120349 ns, At safepoint: 1952845 ns, Total: 2073194 ns
[441.339s][debug][gc,heap        ] GC(3033) Heap before GC invocations=3033 (full 1): garbage-first heap   total 309248K, used 188387K [0x0000000700000000, 0x0000000800000000)
[441.339s][debug][gc,heap        ] GC(3033)   region size 1024K, 181 young (185344K), 1 survivors (1024K)
[441.339s][debug][gc,heap        ] GC(3033)  Metaspace       used 9905K, capacity 10179K, committed 10624K, reserved 1058816K
[441.339s][debug][gc,heap        ] GC(3033)   class space    used 1146K, capacity 1267K, committed 1408K, reserved 1048576K
[441.339s][info ][gc,start       ] GC(3033) Pause Young (Normal) (G1 Evacuation Pause)
[441.339s][info ][gc,task        ] GC(3033) Using 8 workers of 8 for evacuation
[441.339s][debug][gc,tlab        ] GC(3033) TLAB totals: thrds: 8  refills: 723 max: 96 slow allocs: 0 max 0 waste:  1.2% gc: 1811552B max: 435472B slow: 417232B max: 55496B fast: 0B max: 0B
[441.339s][debug][gc,age         ] GC(3033) Desired survivor size 12058624 bytes, new threshold 15 (max threshold 15)
[441.339s][debug][gc,alloc,region] GC(3033) Mutator Allocation stats, regions: 180, wasted size: 0B ( 0.0%)
[441.339s][debug][gc,ergo        ] GC(3033) Running G1 Merge Heap Roots using 8 workers for 181 regions
[441.339s][debug][gc,remset      ] GC(3033) Visited cards 256 Total dirty 2048 (12.50%) Total old 759808 (0.03%)
[441.339s][debug][gc,ergo        ] GC(3033) Running G1 Clear Card Table Task using 1 workers for 1 units of work for 182 regions.
[441.339s][debug][gc,ref         ] GC(3033) Skipped phase1 of Reference Processing due to unavailable references
[441.339s][debug][gc,ref         ] GC(3033) Skipped phase2 of Reference Processing due to unavailable references
[441.339s][debug][gc,ref         ] GC(3033) Skipped phase3 of Reference Processing due to unavailable references
[441.339s][debug][gc,ref         ] GC(3033) Skipped phase4 of Reference Processing due to unavailable references
[441.339s][debug][gc,ergo        ] GC(3033) Running G1 Free Collection Set using 8 workers for collection set length 181 (302)
[441.339s][debug][gc,ergo        ] GC(3033) Running G1 Rebuild Free List Task using 8 workers for rebuilding free list of 0 (4096) regions
[441.339s][trace][gc,age         ] GC(3033) Age table with threshold 15 (max threshold 15)
[441.339s][trace][gc,age         ] GC(3033) - age   1:        592 bytes,        592 total
[441.339s][debug][gc,plab        ] GC(3033) Young PLAB allocation: allocated: 12384B, wasted: 0B, unused: 11792B, used: 592B, undo waste: 0B, 
[441.339s][debug][gc,plab        ] GC(3033) Young other allocation: region end waste: 0B, regions filled: 1, direct allocated: 0B, failure used: 0B, failure wasted: 0B
[441.339s][debug][gc,plab        ] GC(3033) Young sizing: calculated: 112B, actual: 2064B
[441.340s][debug][gc,plab        ] GC(3033) Old PLAB allocation: allocated: 0B, wasted: 0B, unused: 0B, used: 0B, undo waste: 0B, 
[441.340s][debug][gc,plab        ] GC(3033) Old other allocation: region end waste: 0B, regions filled: 1, direct allocated: 0B, failure used: 0B, failure wasted: 0B
[441.340s][debug][gc,plab        ] GC(3033) Old sizing: calculated: 0B, actual: 2064B
[441.340s][debug][gc,ihop        ] GC(3033) Basic information (value update), threshold: 142501478B (45.00), target occupancy: 316669952B, current occupancy: 4167128B, recent allocation size: 0B, recent allocation duration: 146.29ms, recent old gen allocation rate: 0.00B/s, recent marking phase length: 0.00ms
[441.340s][debug][gc,ihop        ] GC(3033) Adaptive IHOP information (value update), threshold: 142501478B (47.37), internal target occupancy: 300836454B, occupancy: 4167128B, additional buffer size: 189792256B, predicted old gen allocation rate: 0.00B/s, predicted marking phase length: 0.00ms, prediction active: false
[441.340s][debug][gc,ergo,refine ] GC(3033) Concurrent refinement times: Logged Cards Scan time goal: 20.00ms Logged Cards Scan time: 0.00ms HCC time: 0.00ms
[441.340s][debug][gc,ergo,refine ] GC(3033) Updated Refinement Zones: green: 2048, yellow: 6144, red: 10240
[441.340s][info ][gc,phases      ] GC(3033)   Pre Evacuate Collection Set: 0.1ms
[441.340s][debug][gc,phases      ] GC(3033)     Prepare TLABs: 0.0ms
[441.340s][debug][gc,phases      ] GC(3033)     Choose Collection Set: 0.0ms
[441.340s][debug][gc,phases      ] GC(3033)     Region Register: 0.1ms
[441.340s][debug][gc,phases      ] GC(3033)     Prepare Heap Roots: 0.0ms
[441.340s][info ][gc,phases      ] GC(3033)   Merge Heap Roots: 0.1ms
[441.340s][debug][gc,phases      ] GC(3033)     Prepare Merge Heap Roots: 0.0ms
[441.340s][debug][gc,phases      ] GC(3033)     Eager Reclaim (ms):       skipped
[441.340s][debug][gc,phases      ] GC(3033)     Remembered Sets (ms):     Min:  0.0, Avg:  0.0, Max:  0.0, Diff:  0.0, Sum:  0.1, Workers: 8
[441.340s][debug][gc,phases      ] GC(3033)       Merged Sparse:            Min: 0, Avg:  0.0, Max: 0, Diff: 0, Sum: 0, Workers: 8
[441.340s][debug][gc,phases      ] GC(3033)       Merged Fine:              Min: 0, Avg:  0.0, Max: 0, Diff: 0, Sum: 0, Workers: 8
[441.340s][debug][gc,phases      ] GC(3033)       Merged Coarse:            Min: 0, Avg:  0.0, Max: 0, Diff: 0, Sum: 0, Workers: 8
[441.340s][debug][gc,phases      ] GC(3033)       Dirty Cards:              Min: 0, Avg:  0.0, Max: 0, Diff: 0, Sum: 0, Workers: 8
[441.340s][debug][gc,phases      ] GC(3033)     Hot Card Cache (ms):      Min:  0.0, Avg:  0.0, Max:  0.0, Diff:  0.0, Sum:  0.0, Workers: 8
[441.340s][debug][gc,phases      ] GC(3033)       Dirty Cards:              Min: 0, Avg:  0.0, Max: 0, Diff: 0, Sum: 0, Workers: 8
[441.340s][debug][gc,phases      ] GC(3033)       Skipped Cards:            Min: 0, Avg:  0.0, Max: 0, Diff: 0, Sum: 0, Workers: 8
[441.340s][debug][gc,phases      ] GC(3033)     Log Buffers (ms):         Min:  0.0, Avg:  0.0, Max:  0.0, Diff:  0.0, Sum:  0.0, Workers: 8
[441.340s][debug][gc,phases      ] GC(3033)       Dirty Cards:              Min: 0, Avg:  0.1, Max: 1, Diff: 1, Sum: 1, Workers: 8
[441.340s][debug][gc,phases      ] GC(3033)       Skipped Cards:            Min: 0, Avg:  0.0, Max: 0, Diff: 0, Sum: 0, Workers: 8
[441.340s][info ][gc,phases      ] GC(3033)   Evacuate Collection Set: 0.2ms
[441.340s][debug][gc,phases      ] GC(3033)     Ext Root Scanning (ms):   Min:  0.0, Avg:  0.0, Max:  0.1, Diff:  0.1, Sum:  0.2, Workers: 8
[441.340s][debug][gc,phases      ] GC(3033)     Scan Heap Roots (ms):     Min:  0.0, Avg:  0.0, Max:  0.0, Diff:  0.0, Sum:  0.0, Workers: 8
[441.340s][debug][gc,phases      ] GC(3033)       Scanned Cards:            Min: 0, Avg:  0.1, Max: 1, Diff: 1, Sum: 1, Workers: 8
[441.340s][debug][gc,phases      ] GC(3033)       Scanned Blocks:           Min: 0, Avg:  0.1, Max: 1, Diff: 1, Sum: 1, Workers: 8
[441.340s][debug][gc,phases      ] GC(3033)       Claimed Chunks:           Min: 0, Avg:  0.1, Max: 1, Diff: 1, Sum: 1, Workers: 8
[441.340s][debug][gc,phases      ] GC(3033)     Code Root Scan (ms):      Min:  0.0, Avg:  0.0, Max:  0.0, Diff:  0.0, Sum:  0.0, Workers: 8
[441.340s][debug][gc,phases      ] GC(3033)     Object Copy (ms):         Min:  0.0, Avg:  0.0, Max:  0.0, Diff:  0.0, Sum:  0.0, Workers: 8
[441.340s][debug][gc,phases      ] GC(3033)     Termination (ms):         Min:  0.1, Avg:  0.1, Max:  0.1, Diff:  0.0, Sum:  0.5, Workers: 8
[441.340s][debug][gc,phases      ] GC(3033)       Termination Attempts:     Min: 1, Avg:  1.0, Max: 1, Diff: 0, Sum: 8, Workers: 8
[441.340s][debug][gc,phases      ] GC(3033)     GC Worker Other (ms):     Min:  0.0, Avg:  0.0, Max:  0.0, Diff:  0.0, Sum:  0.1, Workers: 8
[441.340s][debug][gc,phases      ] GC(3033)     GC Worker Total (ms):     Min:  0.1, Avg:  0.1, Max:  0.1, Diff:  0.1, Sum:  0.9, Workers: 8
[441.340s][info ][gc,phases      ] GC(3033)   Post Evacuate Collection Set: 0.3ms
[441.340s][debug][gc,phases      ] GC(3033)     Code Roots Fixup: 0.0ms
[441.340s][debug][gc,phases      ] GC(3033)     Clear Card Table: 0.1ms
[441.340s][debug][gc,phases      ] GC(3033)     Reference Processing: 0.0ms
[441.340s][debug][gc,phases,ref  ] GC(3033)       Reconsider SoftReferences: 0.0ms
[441.340s][debug][gc,phases,ref  ] GC(3033)         SoftRef (ms):             skipped
[441.340s][debug][gc,phases,ref  ] GC(3033)       Notify Soft/WeakReferences: 0.0ms
[441.340s][debug][gc,phases,ref  ] GC(3033)         SoftRef (ms):             skipped
[441.340s][debug][gc,phases,ref  ] GC(3033)         WeakRef (ms):             skipped
[441.340s][debug][gc,phases,ref  ] GC(3033)         FinalRef (ms):            skipped
[441.340s][debug][gc,phases,ref  ] GC(3033)         Total (ms):               skipped
[441.340s][debug][gc,phases,ref  ] GC(3033)       Notify and keep alive finalizable: 0.0ms
[441.340s][debug][gc,phases,ref  ] GC(3033)         FinalRef (ms):            skipped
[441.340s][debug][gc,phases,ref  ] GC(3033)       Notify PhantomReferences: 0.0ms
[441.340s][debug][gc,phases,ref  ] GC(3033)         PhantomRef (ms):          skipped
[441.340s][debug][gc,phases,ref  ] GC(3033)       SoftReference:
[441.340s][debug][gc,phases,ref  ] GC(3033)         Discovered: 0
[441.340s][debug][gc,phases,ref  ] GC(3033)         Cleared: 0
[441.340s][debug][gc,phases,ref  ] GC(3033)       WeakReference:
[441.340s][debug][gc,phases,ref  ] GC(3033)         Discovered: 0
[441.340s][debug][gc,phases,ref  ] GC(3033)         Cleared: 0
[441.340s][debug][gc,phases,ref  ] GC(3033)       FinalReference:
[441.340s][debug][gc,phases,ref  ] GC(3033)         Discovered: 0
[441.340s][debug][gc,phases,ref  ] GC(3033)         Cleared: 0
[441.340s][debug][gc,phases,ref  ] GC(3033)       PhantomReference:
[441.340s][debug][gc,phases,ref  ] GC(3033)         Discovered: 0
[441.340s][debug][gc,phases,ref  ] GC(3033)         Cleared: 0
[441.340s][debug][gc,phases      ] GC(3033)     Weak Processing: 0.0ms
[441.340s][debug][gc,phases      ] GC(3033)       JVMTI weak processing: 0.0ms
[441.340s][debug][gc,phases      ] GC(3033)         Dead: 0
[441.340s][debug][gc,phases      ] GC(3033)         Total: 0
[441.340s][debug][gc,phases      ] GC(3033)       JFR weak processing: 0.0ms
[441.340s][debug][gc,phases      ] GC(3033)         Dead: 0
[441.340s][debug][gc,phases      ] GC(3033)         Total: 0
[441.340s][debug][gc,phases      ] GC(3033)       JNI weak                  Min:  0.0, Avg:  0.0, Max:  0.0, Diff:  0.0, Sum:  0.0, Workers: 5
[441.340s][debug][gc,phases      ] GC(3033)         Dead                      Min: 0, Avg:  0.0, Max: 0, Diff: 0, Sum: 0, Workers: 5
[441.340s][debug][gc,phases      ] GC(3033)         Total                     Min: 0, Avg: 13.6, Max: 52, Diff: 52, Sum: 68, Workers: 5
[441.340s][debug][gc,phases      ] GC(3033)       VM weak                   Min:  0.0, Avg:  0.0, Max:  0.0, Diff:  0.0, Sum:  0.0, Workers: 5
[441.340s][debug][gc,phases      ] GC(3033)         Dead                      Min: 0, Avg:  0.0, Max: 0, Diff: 0, Sum: 0, Workers: 5
[441.340s][debug][gc,phases      ] GC(3033)         Total                     Min: 0, Avg: 42.6, Max: 128, Diff: 128, Sum: 213, Workers: 5
[441.340s][debug][gc,phases      ] GC(3033)       StringTable weak          Min:  0.0, Avg:  0.0, Max:  0.0, Diff:  0.0, Sum:  0.1, Workers: 5
[441.340s][debug][gc,phases      ] GC(3033)         Dead                      Min: 0, Avg:  0.0, Max: 0, Diff: 0, Sum: 0, Workers: 5
[441.340s][debug][gc,phases      ] GC(3033)         Total                     Min: 0, Avg: 682.0, Max: 1727, Diff: 1727, Sum: 3410, Workers: 5
[441.340s][debug][gc,phases      ] GC(3033)       ResolvedMethodTable weak  Min:  0.0, Avg:  0.0, Max:  0.0, Diff:  0.0, Sum:  0.0, Workers: 5
[441.340s][debug][gc,phases      ] GC(3033)         Dead                      Min: 0, Avg:  0.0, Max: 0, Diff: 0, Sum: 0, Workers: 5
[441.340s][debug][gc,phases      ] GC(3033)         Total                     Min: 0, Avg: 114.8, Max: 190, Diff: 190, Sum: 574, Workers: 5
[441.340s][debug][gc,phases      ] GC(3033)     Merge Per-Thread State: 0.0ms
[441.340s][debug][gc,phases      ] GC(3033)       Copied Bytes              Min: 0, Avg: 74.0, Max: 224, Diff: 224, Sum: 592, Workers: 8
[441.340s][debug][gc,phases      ] GC(3033)       LAB Waste                 Min: 0, Avg:  0.0, Max: 0, Diff: 0, Sum: 0, Workers: 8
[441.340s][debug][gc,phases      ] GC(3033)       LAB Undo Waste            Min: 0, Avg:  0.0, Max: 0, Diff: 0, Sum: 0, Workers: 8
[441.340s][debug][gc,phases      ] GC(3033)     Code Roots Purge: 0.0ms
[441.340s][debug][gc,phases      ] GC(3033)     Redirty Cards: 0.0ms
[441.340s][debug][gc,phases      ] GC(3033)     DerivedPointerTable Update: 0.0ms
[441.340s][debug][gc,phases      ] GC(3033)     Free Collection Set: 0.1ms
[441.340s][debug][gc,phases      ] GC(3033)     Rebuild Free List: 0.0ms
[441.340s][debug][gc,phases      ] GC(3033)     Humongous Reclaim: 0.0ms
[441.340s][debug][gc,phases      ] GC(3033)     Start New Collection Set: 0.0ms
[441.340s][debug][gc,phases      ] GC(3033)     Resize TLABs: 0.0ms
[441.340s][debug][gc,phases      ] GC(3033)     Expand Heap After Collection: 0.0ms
[441.340s][info ][gc,phases      ] GC(3033)   Other: 0.3ms
[441.340s][info ][gc,heap        ] GC(3033) Eden regions: 180->0(180)
[441.340s][info ][gc,heap        ] GC(3033) Survivor regions: 1->1(23)
[441.340s][info ][gc,heap        ] GC(3033) Old regions: 7->7
[441.340s][info ][gc,heap        ] GC(3033) Archive regions: 2->2
[441.340s][info ][gc,heap        ] GC(3033) Humongous regions: 0->0
[441.340s][info ][gc,metaspace   ] GC(3033) Metaspace: 9905K(10624K)->9905K(10624K) NonClass: 8758K(9216K)->8758K(9216K) Class: 1146K(1408K)->1146K(1408K)
[441.340s][debug][gc,heap        ] GC(3033) Heap after GC invocations=3034 (full 1): garbage-first heap   total 309248K, used 4069K [0x0000000700000000, 0x0000000800000000)
[441.340s][debug][gc,heap        ] GC(3033)   region size 1024K, 1 young (1024K), 1 survivors (1024K)
[441.340s][debug][gc,heap        ] GC(3033)  Metaspace       used 9905K, capacity 10179K, committed 10624K, reserved 1058816K
[441.340s][debug][gc,heap        ] GC(3033)   class space    used 1146K, capacity 1267K, committed 1408K, reserved 1048576K
[441.340s][info ][gc             ] GC(3033) Pause Young (Normal) (G1 Evacuation Pause) 183M->3M(302M) 1.778ms
[441.341s][info ][gc,cpu         ] GC(3033) User=0.00s Sys=0.00s Real=0.00s
[441.341s][info ][safepoint      ] Safepoint "G1CollectForAllocation", Time since last: 145012232 ns, Reaching safepoint: 102376 ns, At safepoint: 1962203 ns, Total: 2064579 ns
[441.481s][debug][gc,heap        ] GC(3034) Heap before GC invocations=3034 (full 1): garbage-first heap   total 309248K, used 188389K [0x0000000700000000, 0x0000000800000000)
[441.481s][debug][gc,heap        ] GC(3034)   region size 1024K, 181 young (185344K), 1 survivors (1024K)
[441.481s][debug][gc,heap        ] GC(3034)  Metaspace       used 9905K, capacity 10179K, committed 10624K, reserved 1058816K
[441.481s][debug][gc,heap        ] GC(3034)   class space    used 1146K, capacity 1267K, committed 1408K, reserved 1048576K
[441.481s][info ][gc,start       ] GC(3034) Pause Young (Normal) (G1 Evacuation Pause)
[441.481s][info ][gc,task        ] GC(3034) Using 8 workers of 8 for evacuation
[441.481s][debug][gc,tlab        ] GC(3034) TLAB totals: thrds: 8  refills: 723 max: 102 slow allocs: 0 max 0 waste:  0.9% gc: 1295368B max: 391992B slow: 418928B max: 58904B fast: 0B max: 0B
[441.481s][debug][gc,age         ] GC(3034) Desired survivor size 12058624 bytes, new threshold 15 (max threshold 15)
[441.481s][debug][gc,alloc,region] GC(3034) Mutator Allocation stats, regions: 180, wasted size: 0B ( 0.0%)
[441.481s][debug][gc,ergo        ] GC(3034) Running G1 Merge Heap Roots using 8 workers for 181 regions
[441.481s][debug][gc,remset      ] GC(3034) Visited cards 256 Total dirty 2048 (12.50%) Total old 759808 (0.03%)
[441.481s][debug][gc,ergo        ] GC(3034) Running G1 Clear Card Table Task using 1 workers for 1 units of work for 182 regions.
[441.481s][debug][gc,ref         ] GC(3034) Skipped phase1 of Reference Processing due to unavailable references
[441.481s][debug][gc,ref         ] GC(3034) Skipped phase2 of Reference Processing due to unavailable references
[441.481s][debug][gc,ref         ] GC(3034) Skipped phase3 of Reference Processing due to unavailable references
[441.481s][debug][gc,ref         ] GC(3034) Skipped phase4 of Reference Processing due to unavailable references
[441.481s][debug][gc,ergo        ] GC(3034) Running G1 Free Collection Set using 8 workers for collection set length 181 (302)
[441.481s][debug][gc,ergo        ] GC(3034) Running G1 Rebuild Free List Task using 8 workers for rebuilding free list of 0 (4096) regions
[441.482s][trace][gc,age         ] GC(3034) Age table with threshold 15 (max threshold 15)
[441.482s][trace][gc,age         ] GC(3034) - age   1:        624 bytes,        624 total
[441.482s][debug][gc,plab        ] GC(3034) Young PLAB allocation: allocated: 12384B, wasted: 0B, unused: 11760B, used: 624B, undo waste: 0B, 
[441.482s][debug][gc,plab        ] GC(3034) Young other allocation: region end waste: 0B, regions filled: 1, direct allocated: 0B, failure used: 0B, failure wasted: 0B
[441.482s][debug][gc,plab        ] GC(3034) Young sizing: calculated: 120B, actual: 2064B
[441.482s][debug][gc,plab        ] GC(3034) Old PLAB allocation: allocated: 0B, wasted: 0B, unused: 0B, used: 0B, undo waste: 0B, 
[441.482s][debug][gc,plab        ] GC(3034) Old other allocation: region end waste: 0B, regions filled: 1, direct allocated: 0B, failure used: 0B, failure wasted: 0B
[441.482s][debug][gc,plab        ] GC(3034) Old sizing: calculated: 0B, actual: 2064B
[441.482s][debug][gc,ihop        ] GC(3034) Basic information (value update), threshold: 142501478B (45.00), target occupancy: 316669952B, current occupancy: 4167128B, recent allocation size: 0B, recent allocation duration: 141.31ms, recent old gen allocation rate: 0.00B/s, recent marking phase length: 0.00ms
[441.482s][debug][gc,ihop        ] GC(3034) Adaptive IHOP information (value update), threshold: 142501478B (47.37), internal target occupancy: 300836454B, occupancy: 4167128B, additional buffer size: 189792256B, predicted old gen allocation rate: 0.00B/s, predicted marking phase length: 0.00ms, prediction active: false
[441.482s][debug][gc,ergo,refine ] GC(3034) Concurrent refinement times: Logged Cards Scan time goal: 20.00ms Logged Cards Scan time: 0.00ms HCC time: 0.00ms
[441.482s][debug][gc,ergo,refine ] GC(3034) Updated Refinement Zones: green: 2048, yellow: 6144, red: 10240
[441.482s][info ][gc,phases      ] GC(3034)   Pre Evacuate Collection Set: 0.1ms
[441.482s][debug][gc,phases      ] GC(3034)     Prepare TLABs: 0.0ms
[441.482s][debug][gc,phases      ] GC(3034)     Choose Collection Set: 0.0ms
[441.482s][debug][gc,phases      ] GC(3034)     Region Register: 0.1ms
[441.482s][debug][gc,phases      ] GC(3034)     Prepare Heap Roots: 0.0ms
[441.482s][info ][gc,phases      ] GC(3034)   Merge Heap Roots: 0.1ms
[441.482s][debug][gc,phases      ] GC(3034)     Prepare Merge Heap Roots: 0.0ms
[441.482s][debug][gc,phases      ] GC(3034)     Eager Reclaim (ms):       skipped
[441.482s][debug][gc,phases      ] GC(3034)     Remembered Sets (ms):     Min:  0.0, Avg:  0.0, Max:  0.0, Diff:  0.0, Sum:  0.1, Workers: 8
[441.482s][debug][gc,phases      ] GC(3034)       Merged Sparse:            Min: 0, Avg:  0.0, Max: 0, Diff: 0, Sum: 0, Workers: 8
[441.482s][debug][gc,phases      ] GC(3034)       Merged Fine:              Min: 0, Avg:  0.0, Max: 0, Diff: 0, Sum: 0, Workers: 8
[441.482s][debug][gc,phases      ] GC(3034)       Merged Coarse:            Min: 0, Avg:  0.0, Max: 0, Diff: 0, Sum: 0, Workers: 8
[441.482s][debug][gc,phases      ] GC(3034)       Dirty Cards:              Min: 0, Avg:  0.0, Max: 0, Diff: 0, Sum: 0, Workers: 8
[441.482s][debug][gc,phases      ] GC(3034)     Hot Card Cache (ms):      Min:  0.0, Avg:  0.0, Max:  0.0, Diff:  0.0, Sum:  0.0, Workers: 8
[441.482s][debug][gc,phases      ] GC(3034)       Dirty Cards:              Min: 0, Avg:  0.0, Max: 0, Diff: 0, Sum: 0, Workers: 8
[441.482s][debug][gc,phases      ] GC(3034)       Skipped Cards:            Min: 0, Avg:  0.0, Max: 0, Diff: 0, Sum: 0, Workers: 8
[441.482s][debug][gc,phases      ] GC(3034)     Log Buffers (ms):         Min:  0.0, Avg:  0.0, Max:  0.0, Diff:  0.0, Sum:  0.0, Workers: 8
[441.482s][debug][gc,phases      ] GC(3034)       Dirty Cards:              Min: 0, Avg:  0.1, Max: 1, Diff: 1, Sum: 1, Workers: 8
[441.482s][debug][gc,phases      ] GC(3034)       Skipped Cards:            Min: 0, Avg:  0.0, Max: 0, Diff: 0, Sum: 0, Workers: 8
[441.482s][info ][gc,phases      ] GC(3034)   Evacuate Collection Set: 0.1ms
[441.482s][debug][gc,phases      ] GC(3034)     Ext Root Scanning (ms):   Min:  0.0, Avg:  0.0, Max:  0.1, Diff:  0.0, Sum:  0.2, Workers: 8
[441.482s][debug][gc,phases      ] GC(3034)     Scan Heap Roots (ms):     Min:  0.0, Avg:  0.0, Max:  0.0, Diff:  0.0, Sum:  0.0, Workers: 8
[441.482s][debug][gc,phases      ] GC(3034)       Scanned Cards:            Min: 0, Avg:  0.1, Max: 1, Diff: 1, Sum: 1, Workers: 8
[441.482s][debug][gc,phases      ] GC(3034)       Scanned Blocks:           Min: 0, Avg:  0.1, Max: 1, Diff: 1, Sum: 1, Workers: 8
[441.482s][debug][gc,phases      ] GC(3034)       Claimed Chunks:           Min: 0, Avg:  0.1, Max: 1, Diff: 1, Sum: 1, Workers: 8
[441.482s][debug][gc,phases      ] GC(3034)     Code Root Scan (ms):      Min:  0.0, Avg:  0.0, Max:  0.0, Diff:  0.0, Sum:  0.0, Workers: 8
[441.482s][debug][gc,phases      ] GC(3034)     Object Copy (ms):         Min:  0.0, Avg:  0.0, Max:  0.0, Diff:  0.0, Sum:  0.0, Workers: 8
[441.482s][debug][gc,phases      ] GC(3034)     Termination (ms):         Min:  0.1, Avg:  0.1, Max:  0.1, Diff:  0.0, Sum:  0.5, Workers: 8
[441.482s][debug][gc,phases      ] GC(3034)       Termination Attempts:     Min: 1, Avg:  1.0, Max: 1, Diff: 0, Sum: 8, Workers: 8
[441.482s][debug][gc,phases      ] GC(3034)     GC Worker Other (ms):     Min:  0.0, Avg:  0.0, Max:  0.0, Diff:  0.0, Sum:  0.1, Workers: 8
[441.482s][debug][gc,phases      ] GC(3034)     GC Worker Total (ms):     Min:  0.1, Avg:  0.1, Max:  0.1, Diff:  0.1, Sum:  0.9, Workers: 8
[441.482s][info ][gc,phases      ] GC(3034)   Post Evacuate Collection Set: 0.3ms
[441.482s][debug][gc,phases      ] GC(3034)     Code Roots Fixup: 0.0ms
[441.482s][debug][gc,phases      ] GC(3034)     Clear Card Table: 0.1ms
[441.482s][debug][gc,phases      ] GC(3034)     Reference Processing: 0.0ms
[441.482s][debug][gc,phases,ref  ] GC(3034)       Reconsider SoftReferences: 0.0ms
[441.482s][debug][gc,phases,ref  ] GC(3034)         SoftRef (ms):             skipped
[441.482s][debug][gc,phases,ref  ] GC(3034)       Notify Soft/WeakReferences: 0.0ms
[441.482s][debug][gc,phases,ref  ] GC(3034)         SoftRef (ms):             skipped
[441.482s][debug][gc,phases,ref  ] GC(3034)         WeakRef (ms):             skipped
[441.482s][debug][gc,phases,ref  ] GC(3034)         FinalRef (ms):            skipped
[441.482s][debug][gc,phases,ref  ] GC(3034)         Total (ms):               skipped
[441.482s][debug][gc,phases,ref  ] GC(3034)       Notify and keep alive finalizable: 0.0ms
[441.482s][debug][gc,phases,ref  ] GC(3034)         FinalRef (ms):            skipped
[441.482s][debug][gc,phases,ref  ] GC(3034)       Notify PhantomReferences: 0.0ms
[441.482s][debug][gc,phases,ref  ] GC(3034)         PhantomRef (ms):          skipped
[441.482s][debug][gc,phases,ref  ] GC(3034)       SoftReference:
[441.482s][debug][gc,phases,ref  ] GC(3034)         Discovered: 0
[441.482s][debug][gc,phases,ref  ] GC(3034)         Cleared: 0
[441.482s][debug][gc,phases,ref  ] GC(3034)       WeakReference:
[441.482s][debug][gc,phases,ref  ] GC(3034)         Discovered: 0
[441.482s][debug][gc,phases,ref  ] GC(3034)         Cleared: 0
[441.482s][debug][gc,phases,ref  ] GC(3034)       FinalReference:
[441.482s][debug][gc,phases,ref  ] GC(3034)         Discovered: 0
[441.482s][debug][gc,phases,ref  ] GC(3034)         Cleared: 0
[441.482s][debug][gc,phases,ref  ] GC(3034)       PhantomReference:
[441.482s][debug][gc,phases,ref  ] GC(3034)         Discovered: 0
[441.482s][debug][gc,phases,ref  ] GC(3034)         Cleared: 0
[441.482s][debug][gc,phases      ] GC(3034)     Weak Processing: 0.0ms
[441.482s][debug][gc,phases      ] GC(3034)       JVMTI weak processing: 0.0ms
[441.482s][debug][gc,phases      ] GC(3034)         Dead: 0
[441.482s][debug][gc,phases      ] GC(3034)         Total: 0
[441.482s][debug][gc,phases      ] GC(3034)       JFR weak processing: 0.0ms
[441.482s][debug][gc,phases      ] GC(3034)         Dead: 0
[441.482s][debug][gc,phases      ] GC(3034)         Total: 0
[441.482s][debug][gc,phases      ] GC(3034)       JNI weak                  Min:  0.0, Avg:  0.0, Max:  0.0, Diff:  0.0, Sum:  0.0, Workers: 5
[441.482s][debug][gc,phases      ] GC(3034)         Dead                      Min: 0, Avg:  0.0, Max: 0, Diff: 0, Sum: 0, Workers: 5
[441.482s][debug][gc,phases      ] GC(3034)         Total                     Min: 0, Avg: 13.6, Max: 68, Diff: 68, Sum: 68, Workers: 5
[441.482s][debug][gc,phases      ] GC(3034)       VM weak                   Min:  0.0, Avg:  0.0, Max:  0.0, Diff:  0.0, Sum:  0.0, Workers: 5
[441.482s][debug][gc,phases      ] GC(3034)         Dead                      Min: 0, Avg:  0.0, Max: 0, Diff: 0, Sum: 0, Workers: 5
[441.482s][debug][gc,phases      ] GC(3034)         Total                     Min: 0, Avg: 42.6, Max: 85, Diff: 85, Sum: 213, Workers: 5
[441.482s][debug][gc,phases      ] GC(3034)       StringTable weak          Min:  0.0, Avg:  0.0, Max:  0.0, Diff:  0.0, Sum:  0.0, Workers: 5
[441.482s][debug][gc,phases      ] GC(3034)         Dead                      Min: 0, Avg:  0.0, Max: 0, Diff: 0, Sum: 0, Workers: 5
[441.482s][debug][gc,phases      ] GC(3034)         Total                     Min: 0, Avg: 682.0, Max: 1407, Diff: 1407, Sum: 3410, Workers: 5
[441.482s][debug][gc,phases      ] GC(3034)       ResolvedMethodTable weak  Min:  0.0, Avg:  0.0, Max:  0.0, Diff:  0.0, Sum:  0.0, Workers: 5
[441.482s][debug][gc,phases      ] GC(3034)         Dead                      Min: 0, Avg:  0.0, Max: 0, Diff: 0, Sum: 0, Workers: 5
[441.482s][debug][gc,phases      ] GC(3034)         Total                     Min: 0, Avg: 114.8, Max: 256, Diff: 256, Sum: 574, Workers: 5
[441.482s][debug][gc,phases      ] GC(3034)     Merge Per-Thread State: 0.0ms
[441.482s][debug][gc,phases      ] GC(3034)       Copied Bytes              Min: 0, Avg: 78.0, Max: 208, Diff: 208, Sum: 624, Workers: 8
[441.482s][debug][gc,phases      ] GC(3034)       LAB Waste                 Min: 0, Avg:  0.0, Max: 0, Diff: 0, Sum: 0, Workers: 8
[441.482s][debug][gc,phases      ] GC(3034)       LAB Undo Waste            Min: 0, Avg:  0.0, Max: 0, Diff: 0, Sum: 0, Workers: 8
[441.482s][debug][gc,phases      ] GC(3034)     Code Roots Purge: 0.0ms
[441.482s][debug][gc,phases      ] GC(3034)     Redirty Cards: 0.0ms
[441.482s][debug][gc,phases      ] GC(3034)     DerivedPointerTable Update: 0.0ms
[441.482s][debug][gc,phases      ] GC(3034)     Free Collection Set: 0.1ms
[441.482s][debug][gc,phases      ] GC(3034)     Rebuild Free List: 0.1ms
[441.482s][debug][gc,phases      ] GC(3034)     Humongous Reclaim: 0.0ms
[441.483s][debug][gc,phases      ] GC(3034)     Start New Collection Set: 0.0ms
[441.483s][debug][gc,phases      ] GC(3034)     Resize TLABs: 0.0ms
[441.483s][debug][gc,phases      ] GC(3034)     Expand Heap After Collection: 0.0ms
[441.483s][info ][gc,phases      ] GC(3034)   Other: 0.3ms
[441.483s][info ][gc,heap        ] GC(3034) Eden regions: 180->0(180)
[441.483s][info ][gc,heap        ] GC(3034) Survivor regions: 1->1(23)
[441.483s][info ][gc,heap        ] GC(3034) Old regions: 7->7
[441.483s][info ][gc,heap        ] GC(3034) Archive regions: 2->2
[441.483s][info ][gc,heap        ] GC(3034) Humongous regions: 0->0
[441.483s][info ][gc,metaspace   ] GC(3034) Metaspace: 9905K(10624K)->9905K(10624K) NonClass: 8758K(9216K)->8758K(9216K) Class: 1146K(1408K)->1146K(1408K)
[441.483s][debug][gc,heap        ] GC(3034) Heap after GC invocations=3035 (full 1): garbage-first heap   total 309248K, used 4069K [0x0000000700000000, 0x0000000800000000)
[441.483s][debug][gc,heap        ] GC(3034)   region size 1024K, 1 young (1024K), 1 survivors (1024K)
[441.483s][debug][gc,heap        ] GC(3034)  Metaspace       used 9905K, capacity 10179K, committed 10624K, reserved 1058816K
[441.483s][debug][gc,heap        ] GC(3034)   class space    used 1146K, capacity 1267K, committed 1408K, reserved 1048576K
[441.483s][info ][gc             ] GC(3034) Pause Young (Normal) (G1 Evacuation Pause) 183M->3M(302M) 1.854ms
[441.483s][info ][gc,cpu         ] GC(3034) User=0.00s Sys=0.00s Real=0.00s
[441.483s][info ][safepoint      ] Safepoint "G1CollectForAllocation", Time since last: 139937935 ns, Reaching safepoint: 177620 ns, At safepoint: 2022500 ns, Total: 2200120 ns
[441.622s][debug][gc,heap        ] GC(3035) Heap before GC invocations=3035 (full 1): garbage-first heap   total 309248K, used 188389K [0x0000000700000000, 0x0000000800000000)
[441.622s][debug][gc,heap        ] GC(3035)   region size 1024K, 181 young (185344K), 1 survivors (1024K)
[441.622s][debug][gc,heap        ] GC(3035)  Metaspace       used 9905K, capacity 10179K, committed 10624K, reserved 1058816K
[441.622s][debug][gc,heap        ] GC(3035)   class space    used 1146K, capacity 1267K, committed 1408K, reserved 1048576K
[441.622s][info ][gc,start       ] GC(3035) Pause Young (Normal) (G1 Evacuation Pause)
[441.622s][info ][gc,task        ] GC(3035) Using 8 workers of 8 for evacuation
[441.622s][debug][gc,tlab        ] GC(3035) TLAB totals: thrds: 8  refills: 723 max: 96 slow allocs: 0 max 0 waste:  1.1% gc: 1583616B max: 387328B slow: 419472B max: 55888B fast: 0B max: 0B
[441.622s][debug][gc,age         ] GC(3035) Desired survivor size 12058624 bytes, new threshold 15 (max threshold 15)
[441.622s][debug][gc,alloc,region] GC(3035) Mutator Allocation stats, regions: 180, wasted size: 0B ( 0.0%)
[441.622s][debug][gc,ergo        ] GC(3035) Running G1 Merge Heap Roots using 8 workers for 181 regions
[441.622s][debug][gc,remset      ] GC(3035) Visited cards 256 Total dirty 2048 (12.50%) Total old 759808 (0.03%)
[441.623s][debug][gc,ergo        ] GC(3035) Running G1 Clear Card Table Task using 1 workers for 1 units of work for 182 regions.
[441.623s][debug][gc,ref         ] GC(3035) Skipped phase1 of Reference Processing due to unavailable references
[441.623s][debug][gc,ref         ] GC(3035) Skipped phase2 of Reference Processing due to unavailable references
[441.623s][debug][gc,ref         ] GC(3035) Skipped phase3 of Reference Processing due to unavailable references
[441.623s][debug][gc,ref         ] GC(3035) Skipped phase4 of Reference Processing due to unavailable references
[441.623s][debug][gc,ergo        ] GC(3035) Running G1 Free Collection Set using 8 workers for collection set length 181 (302)
[441.623s][debug][gc,ergo        ] GC(3035) Running G1 Rebuild Free List Task using 8 workers for rebuilding free list of 0 (4096) regions
[441.623s][trace][gc,age         ] GC(3035) Age table with threshold 15 (max threshold 15)
[441.623s][trace][gc,age         ] GC(3035) - age   1:        536 bytes,        536 total
[441.623s][debug][gc,plab        ] GC(3035) Young PLAB allocation: allocated: 14448B, wasted: 0B, unused: 13912B, used: 536B, undo waste: 0B, 
[441.623s][debug][gc,plab        ] GC(3035) Young other allocation: region end waste: 0B, regions filled: 1, direct allocated: 0B, failure used: 0B, failure wasted: 0B
[441.623s][debug][gc,plab        ] GC(3035) Young sizing: calculated: 104B, actual: 2064B
[441.623s][debug][gc,plab        ] GC(3035) Old PLAB allocation: allocated: 0B, wasted: 0B, unused: 0B, used: 0B, undo waste: 0B, 
[441.623s][debug][gc,plab        ] GC(3035) Old other allocation: region end waste: 0B, regions filled: 1, direct allocated: 0B, failure used: 0B, failure wasted: 0B
[441.623s][debug][gc,plab        ] GC(3035) Old sizing: calculated: 0B, actual: 2064B
[441.623s][debug][gc,ihop        ] GC(3035) Basic information (value update), threshold: 142501478B (45.00), target occupancy: 316669952B, current occupancy: 4169192B, recent allocation size: 0B, recent allocation duration: 140.58ms, recent old gen allocation rate: 0.00B/s, recent marking phase length: 0.00ms
[441.623s][debug][gc,ihop        ] GC(3035) Adaptive IHOP information (value update), threshold: 142501478B (47.37), internal target occupancy: 300836454B, occupancy: 4169192B, additional buffer size: 189792256B, predicted old gen allocation rate: 0.00B/s, predicted marking phase length: 0.00ms, prediction active: false
[441.623s][debug][gc,ergo,refine ] GC(3035) Concurrent refinement times: Logged Cards Scan time goal: 20.00ms Logged Cards Scan time: 0.00ms HCC time: 0.00ms
[441.623s][debug][gc,ergo,refine ] GC(3035) Updated Refinement Zones: green: 2048, yellow: 6144, red: 10240
[441.623s][info ][gc,phases      ] GC(3035)   Pre Evacuate Collection Set: 0.1ms
[441.623s][debug][gc,phases      ] GC(3035)     Prepare TLABs: 0.0ms
[441.623s][debug][gc,phases      ] GC(3035)     Choose Collection Set: 0.0ms
[441.623s][debug][gc,phases      ] GC(3035)     Region Register: 0.1ms
[441.623s][debug][gc,phases      ] GC(3035)     Prepare Heap Roots: 0.0ms
[441.623s][info ][gc,phases      ] GC(3035)   Merge Heap Roots: 0.1ms
[441.623s][debug][gc,phases      ] GC(3035)     Prepare Merge Heap Roots: 0.0ms
[441.623s][debug][gc,phases      ] GC(3035)     Eager Reclaim (ms):       skipped
[441.623s][debug][gc,phases      ] GC(3035)     Remembered Sets (ms):     Min:  0.0, Avg:  0.0, Max:  0.0, Diff:  0.0, Sum:  0.0, Workers: 8
[441.623s][debug][gc,phases      ] GC(3035)       Merged Sparse:            Min: 0, Avg:  0.0, Max: 0, Diff: 0, Sum: 0, Workers: 8
[441.623s][debug][gc,phases      ] GC(3035)       Merged Fine:              Min: 0, Avg:  0.0, Max: 0, Diff: 0, Sum: 0, Workers: 8
[441.623s][debug][gc,phases      ] GC(3035)       Merged Coarse:            Min: 0, Avg:  0.0, Max: 0, Diff: 0, Sum: 0, Workers: 8
[441.623s][debug][gc,phases      ] GC(3035)       Dirty Cards:              Min: 0, Avg:  0.0, Max: 0, Diff: 0, Sum: 0, Workers: 8
[441.623s][debug][gc,phases      ] GC(3035)     Hot Card Cache (ms):      Min:  0.0, Avg:  0.0, Max:  0.0, Diff:  0.0, Sum:  0.0, Workers: 8
[441.623s][debug][gc,phases      ] GC(3035)       Dirty Cards:              Min: 0, Avg:  0.0, Max: 0, Diff: 0, Sum: 0, Workers: 8
[441.623s][debug][gc,phases      ] GC(3035)       Skipped Cards:            Min: 0, Avg:  0.0, Max: 0, Diff: 0, Sum: 0, Workers: 8
[441.623s][debug][gc,phases      ] GC(3035)     Log Buffers (ms):         Min:  0.0, Avg:  0.0, Max:  0.0, Diff:  0.0, Sum:  0.0, Workers: 8
[441.623s][debug][gc,phases      ] GC(3035)       Dirty Cards:              Min: 0, Avg:  0.1, Max: 1, Diff: 1, Sum: 1, Workers: 8
[441.623s][debug][gc,phases      ] GC(3035)       Skipped Cards:            Min: 0, Avg:  0.0, Max: 0, Diff: 0, Sum: 0, Workers: 8
[441.623s][info ][gc,phases      ] GC(3035)   Evacuate Collection Set: 0.1ms
[441.623s][debug][gc,phases      ] GC(3035)     Ext Root Scanning (ms):   Min:  0.0, Avg:  0.0, Max:  0.1, Diff:  0.0, Sum:  0.2, Workers: 8
[441.623s][debug][gc,phases      ] GC(3035)     Scan Heap Roots (ms):     Min:  0.0, Avg:  0.0, Max:  0.0, Diff:  0.0, Sum:  0.0, Workers: 8
[441.623s][debug][gc,phases      ] GC(3035)       Scanned Cards:            Min: 0, Avg:  0.1, Max: 1, Diff: 1, Sum: 1, Workers: 8
[441.623s][debug][gc,phases      ] GC(3035)       Scanned Blocks:           Min: 0, Avg:  0.1, Max: 1, Diff: 1, Sum: 1, Workers: 8
[441.623s][debug][gc,phases      ] GC(3035)       Claimed Chunks:           Min: 0, Avg:  0.1, Max: 1, Diff: 1, Sum: 1, Workers: 8
[441.623s][debug][gc,phases      ] GC(3035)     Code Root Scan (ms):      Min:  0.0, Avg:  0.0, Max:  0.0, Diff:  0.0, Sum:  0.0, Workers: 8
[441.623s][debug][gc,phases      ] GC(3035)     Object Copy (ms):         Min:  0.0, Avg:  0.0, Max:  0.0, Diff:  0.0, Sum:  0.0, Workers: 8
[441.623s][debug][gc,phases      ] GC(3035)     Termination (ms):         Min:  0.0, Avg:  0.0, Max:  0.0, Diff:  0.0, Sum:  0.3, Workers: 8
[441.623s][debug][gc,phases      ] GC(3035)       Termination Attempts:     Min: 1, Avg:  1.0, Max: 1, Diff: 0, Sum: 8, Workers: 8
[441.623s][debug][gc,phases      ] GC(3035)     GC Worker Other (ms):     Min:  0.0, Avg:  0.0, Max:  0.0, Diff:  0.0, Sum:  0.1, Workers: 8
[441.623s][debug][gc,phases      ] GC(3035)     GC Worker Total (ms):     Min:  0.1, Avg:  0.1, Max:  0.1, Diff:  0.1, Sum:  0.7, Workers: 8
[441.623s][info ][gc,phases      ] GC(3035)   Post Evacuate Collection Set: 0.3ms
[441.623s][debug][gc,phases      ] GC(3035)     Code Roots Fixup: 0.0ms
[441.623s][debug][gc,phases      ] GC(3035)     Clear Card Table: 0.1ms
[441.623s][debug][gc,phases      ] GC(3035)     Reference Processing: 0.0ms
[441.623s][debug][gc,phases,ref  ] GC(3035)       Reconsider SoftReferences: 0.0ms
[441.623s][debug][gc,phases,ref  ] GC(3035)         SoftRef (ms):             skipped
[441.623s][debug][gc,phases,ref  ] GC(3035)       Notify Soft/WeakReferences: 0.0ms
[441.623s][debug][gc,phases,ref  ] GC(3035)         SoftRef (ms):             skipped
[441.623s][debug][gc,phases,ref  ] GC(3035)         WeakRef (ms):             skipped
[441.623s][debug][gc,phases,ref  ] GC(3035)         FinalRef (ms):            skipped
[441.623s][debug][gc,phases,ref  ] GC(3035)         Total (ms):               skipped
[441.623s][debug][gc,phases,ref  ] GC(3035)       Notify and keep alive finalizable: 0.0ms
[441.623s][debug][gc,phases,ref  ] GC(3035)         FinalRef (ms):            skipped
[441.623s][debug][gc,phases,ref  ] GC(3035)       Notify PhantomReferences: 0.0ms
[441.623s][debug][gc,phases,ref  ] GC(3035)         PhantomRef (ms):          skipped
[441.623s][debug][gc,phases,ref  ] GC(3035)       SoftReference:
[441.623s][debug][gc,phases,ref  ] GC(3035)         Discovered: 0
[441.623s][debug][gc,phases,ref  ] GC(3035)         Cleared: 0
[441.623s][debug][gc,phases,ref  ] GC(3035)       WeakReference:
[441.623s][debug][gc,phases,ref  ] GC(3035)         Discovered: 0
[441.623s][debug][gc,phases,ref  ] GC(3035)         Cleared: 0
[441.623s][debug][gc,phases,ref  ] GC(3035)       FinalReference:
[441.623s][debug][gc,phases,ref  ] GC(3035)         Discovered: 0
[441.623s][debug][gc,phases,ref  ] GC(3035)         Cleared: 0
[441.624s][debug][gc,phases,ref  ] GC(3035)       PhantomReference:
[441.624s][debug][gc,phases,ref  ] GC(3035)         Discovered: 0
[441.624s][debug][gc,phases,ref  ] GC(3035)         Cleared: 0
[441.624s][debug][gc,phases      ] GC(3035)     Weak Processing: 0.1ms
[441.624s][debug][gc,phases      ] GC(3035)       JVMTI weak processing: 0.0ms
[441.624s][debug][gc,phases      ] GC(3035)         Dead: 0
[441.624s][debug][gc,phases      ] GC(3035)         Total: 0
[441.624s][debug][gc,phases      ] GC(3035)       JFR weak processing: 0.0ms
[441.624s][debug][gc,phases      ] GC(3035)         Dead: 0
[441.624s][debug][gc,phases      ] GC(3035)         Total: 0
[441.624s][debug][gc,phases      ] GC(3035)       JNI weak                  Min:  0.0, Avg:  0.0, Max:  0.0, Diff:  0.0, Sum:  0.0, Workers: 5
[441.624s][debug][gc,phases      ] GC(3035)         Dead                      Min: 0, Avg:  0.0, Max: 0, Diff: 0, Sum: 0, Workers: 5
[441.624s][debug][gc,phases      ] GC(3035)         Total                     Min: 0, Avg: 13.6, Max: 52, Diff: 52, Sum: 68, Workers: 5
[441.624s][debug][gc,phases      ] GC(3035)       VM weak                   Min:  0.0, Avg:  0.0, Max:  0.0, Diff:  0.0, Sum:  0.0, Workers: 5
[441.624s][debug][gc,phases      ] GC(3035)         Dead                      Min: 0, Avg:  0.0, Max: 0, Diff: 0, Sum: 0, Workers: 5
[441.624s][debug][gc,phases      ] GC(3035)         Total                     Min: 0, Avg: 42.6, Max: 128, Diff: 128, Sum: 213, Workers: 5
[441.624s][debug][gc,phases      ] GC(3035)       StringTable weak          Min:  0.0, Avg:  0.0, Max:  0.0, Diff:  0.0, Sum:  0.1, Workers: 5
[441.624s][debug][gc,phases      ] GC(3035)         Dead                      Min: 0, Avg:  0.0, Max: 0, Diff: 0, Sum: 0, Workers: 5
[441.624s][debug][gc,phases      ] GC(3035)         Total                     Min: 0, Avg: 682.0, Max: 1727, Diff: 1727, Sum: 3410, Workers: 5
[441.624s][debug][gc,phases      ] GC(3035)       ResolvedMethodTable weak  Min:  0.0, Avg:  0.0, Max:  0.0, Diff:  0.0, Sum:  0.0, Workers: 5
[441.624s][debug][gc,phases      ] GC(3035)         Dead                      Min: 0, Avg:  0.0, Max: 0, Diff: 0, Sum: 0, Workers: 5
[441.624s][debug][gc,phases      ] GC(3035)         Total                     Min: 0, Avg: 114.8, Max: 318, Diff: 318, Sum: 574, Workers: 5
[441.624s][debug][gc,phases      ] GC(3035)     Merge Per-Thread State: 0.0ms
[441.624s][debug][gc,phases      ] GC(3035)       Copied Bytes              Min: 0, Avg: 67.0, Max: 192, Diff: 192, Sum: 536, Workers: 8
[441.624s][debug][gc,phases      ] GC(3035)       LAB Waste                 Min: 0, Avg:  0.0, Max: 0, Diff: 0, Sum: 0, Workers: 8
[441.624s][debug][gc,phases      ] GC(3035)       LAB Undo Waste            Min: 0, Avg:  0.0, Max: 0, Diff: 0, Sum: 0, Workers: 8
[441.624s][debug][gc,phases      ] GC(3035)     Code Roots Purge: 0.0ms
[441.624s][debug][gc,phases      ] GC(3035)     Redirty Cards: 0.0ms
[441.624s][debug][gc,phases      ] GC(3035)     DerivedPointerTable Update: 0.0ms
[441.624s][debug][gc,phases      ] GC(3035)     Free Collection Set: 0.1ms
[441.624s][debug][gc,phases      ] GC(3035)     Rebuild Free List: 0.1ms
[441.624s][debug][gc,phases      ] GC(3035)     Humongous Reclaim: 0.0ms
[441.624s][debug][gc,phases      ] GC(3035)     Start New Collection Set: 0.0ms
[441.624s][debug][gc,phases      ] GC(3035)     Resize TLABs: 0.0ms
[441.624s][debug][gc,phases      ] GC(3035)     Expand Heap After Collection: 0.0ms
[441.624s][info ][gc,phases      ] GC(3035)   Other: 0.3ms
[441.624s][info ][gc,heap        ] GC(3035) Eden regions: 180->0(180)
[441.624s][info ][gc,heap        ] GC(3035) Survivor regions: 1->1(23)
[441.624s][info ][gc,heap        ] GC(3035) Old regions: 7->7
[441.624s][info ][gc,heap        ] GC(3035) Archive regions: 2->2
[441.624s][info ][gc,heap        ] GC(3035) Humongous regions: 0->0
[441.624s][info ][gc,metaspace   ] GC(3035) Metaspace: 9905K(10624K)->9905K(10624K) NonClass: 8758K(9216K)->8758K(9216K) Class: 1146K(1408K)->1146K(1408K)
[441.624s][debug][gc,heap        ] GC(3035) Heap after GC invocations=3036 (full 1): garbage-first heap   total 309248K, used 4071K [0x0000000700000000, 0x0000000800000000)
[441.624s][debug][gc,heap        ] GC(3035)   region size 1024K, 1 young (1024K), 1 survivors (1024K)
[441.624s][debug][gc,heap        ] GC(3035)  Metaspace       used 9905K, capacity 10179K, committed 10624K, reserved 1058816K
[441.624s][debug][gc,heap        ] GC(3035)   class space    used 1146K, capacity 1267K, committed 1408K, reserved 1048576K
[441.624s][info ][gc             ] GC(3035) Pause Young (Normal) (G1 Evacuation Pause) 183M->3M(302M) 1.778ms
[441.624s][info ][gc,cpu         ] GC(3035) User=0.00s Sys=0.00s Real=0.01s
[441.624s][info ][safepoint      ] Safepoint "G1CollectForAllocation", Time since last: 139235597 ns, Reaching safepoint: 98112 ns, At safepoint: 1952034 ns, Total: 2050146 ns
[441.769s][debug][gc,heap        ] GC(3036) Heap before GC invocations=3036 (full 1): garbage-first heap   total 309248K, used 188391K [0x0000000700000000, 0x0000000800000000)
[441.769s][debug][gc,heap        ] GC(3036)   region size 1024K, 181 young (185344K), 1 survivors (1024K)
[441.769s][debug][gc,heap        ] GC(3036)  Metaspace       used 9905K, capacity 10179K, committed 10624K, reserved 1058816K
[441.769s][debug][gc,heap        ] GC(3036)   class space    used 1146K, capacity 1267K, committed 1408K, reserved 1048576K
[441.769s][info ][gc,start       ] GC(3036) Pause Young (Normal) (G1 Evacuation Pause)
[441.769s][info ][gc,task        ] GC(3036) Using 8 workers of 8 for evacuation
[441.769s][debug][gc,tlab        ] GC(3036) TLAB totals: thrds: 8  refills: 724 max: 100 slow allocs: 0 max 0 waste:  1.0% gc: 1543632B max: 410112B slow: 419248B max: 58016B fast: 0B max: 0B
[441.769s][debug][gc,age         ] GC(3036) Desired survivor size 12058624 bytes, new threshold 15 (max threshold 15)
[441.769s][debug][gc,alloc,region] GC(3036) Mutator Allocation stats, regions: 180, wasted size: 0B ( 0.0%)
[441.769s][debug][gc,ergo        ] GC(3036) Running G1 Merge Heap Roots using 8 workers for 181 regions
[441.769s][debug][gc,remset      ] GC(3036) Visited cards 256 Total dirty 2048 (12.50%) Total old 759808 (0.03%)
[441.769s][debug][gc,ergo        ] GC(3036) Running G1 Clear Card Table Task using 1 workers for 1 units of work for 182 regions.
[441.769s][debug][gc,ref         ] GC(3036) Skipped phase1 of Reference Processing due to unavailable references
[441.769s][debug][gc,ref         ] GC(3036) Skipped phase2 of Reference Processing due to unavailable references
[441.769s][debug][gc,ref         ] GC(3036) Skipped phase3 of Reference Processing due to unavailable references
[441.769s][debug][gc,ref         ] GC(3036) Skipped phase4 of Reference Processing due to unavailable references
[441.769s][debug][gc,ergo        ] GC(3036) Running G1 Free Collection Set using 8 workers for collection set length 181 (302)
[441.770s][debug][gc,ergo        ] GC(3036) Running G1 Rebuild Free List Task using 8 workers for rebuilding free list of 0 (4096) regions
[441.770s][trace][gc,age         ] GC(3036) Age table with threshold 15 (max threshold 15)
[441.770s][trace][gc,age         ] GC(3036) - age   1:        640 bytes,        640 total
[441.770s][debug][gc,plab        ] GC(3036) Young PLAB allocation: allocated: 14448B, wasted: 0B, unused: 13808B, used: 640B, undo waste: 0B, 
[441.770s][debug][gc,plab        ] GC(3036) Young other allocation: region end waste: 0B, regions filled: 1, direct allocated: 0B, failure used: 0B, failure wasted: 0B
[441.770s][debug][gc,plab        ] GC(3036) Young sizing: calculated: 128B, actual: 2064B
[441.770s][debug][gc,plab        ] GC(3036) Old PLAB allocation: allocated: 0B, wasted: 0B, unused: 0B, used: 0B, undo waste: 0B, 
[441.770s][debug][gc,plab        ] GC(3036) Old other allocation: region end waste: 0B, regions filled: 1, direct allocated: 0B, failure used: 0B, failure wasted: 0B
[441.770s][debug][gc,plab        ] GC(3036) Old sizing: calculated: 0B, actual: 2064B
[441.770s][debug][gc,ihop        ] GC(3036) Basic information (value update), threshold: 142501478B (45.00), target occupancy: 316669952B, current occupancy: 4169192B, recent allocation size: 0B, recent allocation duration: 145.88ms, recent old gen allocation rate: 0.00B/s, recent marking phase length: 0.00ms
[441.770s][debug][gc,ihop        ] GC(3036) Adaptive IHOP information (value update), threshold: 142501478B (47.37), internal target occupancy: 300836454B, occupancy: 4169192B, additional buffer size: 189792256B, predicted old gen allocation rate: 0.00B/s, predicted marking phase length: 0.00ms, prediction active: false
[441.770s][debug][gc,ergo,refine ] GC(3036) Concurrent refinement times: Logged Cards Scan time goal: 20.00ms Logged Cards Scan time: 0.00ms HCC time: 0.00ms
[441.770s][debug][gc,ergo,refine ] GC(3036) Updated Refinement Zones: green: 2048, yellow: 6144, red: 10240
[441.770s][info ][gc,phases      ] GC(3036)   Pre Evacuate Collection Set: 0.1ms
[441.770s][debug][gc,phases      ] GC(3036)     Prepare TLABs: 0.0ms
[441.770s][debug][gc,phases      ] GC(3036)     Choose Collection Set: 0.0ms
[441.770s][debug][gc,phases      ] GC(3036)     Region Register: 0.1ms
[441.770s][debug][gc,phases      ] GC(3036)     Prepare Heap Roots: 0.0ms
[441.770s][info ][gc,phases      ] GC(3036)   Merge Heap Roots: 0.1ms
[441.770s][debug][gc,phases      ] GC(3036)     Prepare Merge Heap Roots: 0.0ms
[441.770s][debug][gc,phases      ] GC(3036)     Eager Reclaim (ms):       skipped
[441.770s][debug][gc,phases      ] GC(3036)     Remembered Sets (ms):     Min:  0.0, Avg:  0.0, Max:  0.0, Diff:  0.0, Sum:  0.0, Workers: 8
[441.770s][debug][gc,phases      ] GC(3036)       Merged Sparse:            Min: 0, Avg:  0.0, Max: 0, Diff: 0, Sum: 0, Workers: 8
[441.770s][debug][gc,phases      ] GC(3036)       Merged Fine:              Min: 0, Avg:  0.0, Max: 0, Diff: 0, Sum: 0, Workers: 8
[441.770s][debug][gc,phases      ] GC(3036)       Merged Coarse:            Min: 0, Avg:  0.0, Max: 0, Diff: 0, Sum: 0, Workers: 8
[441.770s][debug][gc,phases      ] GC(3036)       Dirty Cards:              Min: 0, Avg:  0.0, Max: 0, Diff: 0, Sum: 0, Workers: 8
[441.770s][debug][gc,phases      ] GC(3036)     Hot Card Cache (ms):      Min:  0.0, Avg:  0.0, Max:  0.0, Diff:  0.0, Sum:  0.0, Workers: 8
[441.770s][debug][gc,phases      ] GC(3036)       Dirty Cards:              Min: 0, Avg:  0.0, Max: 0, Diff: 0, Sum: 0, Workers: 8
[441.770s][debug][gc,phases      ] GC(3036)       Skipped Cards:            Min: 0, Avg:  0.0, Max: 0, Diff: 0, Sum: 0, Workers: 8
[441.770s][debug][gc,phases      ] GC(3036)     Log Buffers (ms):         Min:  0.0, Avg:  0.0, Max:  0.0, Diff:  0.0, Sum:  0.0, Workers: 8
[441.770s][debug][gc,phases      ] GC(3036)       Dirty Cards:              Min: 0, Avg:  0.1, Max: 1, Diff: 1, Sum: 1, Workers: 8
[441.770s][debug][gc,phases      ] GC(3036)       Skipped Cards:            Min: 0, Avg:  0.0, Max: 0, Diff: 0, Sum: 0, Workers: 8
[441.770s][info ][gc,phases      ] GC(3036)   Evacuate Collection Set: 0.2ms
[441.770s][debug][gc,phases      ] GC(3036)     Ext Root Scanning (ms):   Min:  0.0, Avg:  0.0, Max:  0.1, Diff:  0.0, Sum:  0.2, Workers: 8
[441.770s][debug][gc,phases      ] GC(3036)     Scan Heap Roots (ms):     Min:  0.0, Avg:  0.0, Max:  0.0, Diff:  0.0, Sum:  0.0, Workers: 8
[441.770s][debug][gc,phases      ] GC(3036)       Scanned Cards:            Min: 0, Avg:  0.1, Max: 1, Diff: 1, Sum: 1, Workers: 8
[441.770s][debug][gc,phases      ] GC(3036)       Scanned Blocks:           Min: 0, Avg:  0.1, Max: 1, Diff: 1, Sum: 1, Workers: 8
[441.770s][debug][gc,phases      ] GC(3036)       Claimed Chunks:           Min: 0, Avg:  0.1, Max: 1, Diff: 1, Sum: 1, Workers: 8
[441.770s][debug][gc,phases      ] GC(3036)     Code Root Scan (ms):      Min:  0.0, Avg:  0.0, Max:  0.0, Diff:  0.0, Sum:  0.0, Workers: 8
[441.770s][debug][gc,phases      ] GC(3036)     Object Copy (ms):         Min:  0.0, Avg:  0.0, Max:  0.0, Diff:  0.0, Sum:  0.0, Workers: 8
[441.770s][debug][gc,phases      ] GC(3036)     Termination (ms):         Min:  0.1, Avg:  0.1, Max:  0.1, Diff:  0.0, Sum:  0.6, Workers: 8
[441.770s][debug][gc,phases      ] GC(3036)       Termination Attempts:     Min: 1, Avg:  1.0, Max: 1, Diff: 0, Sum: 8, Workers: 8
[441.770s][debug][gc,phases      ] GC(3036)     GC Worker Other (ms):     Min:  0.0, Avg:  0.0, Max:  0.0, Diff:  0.0, Sum:  0.1, Workers: 8
[441.770s][debug][gc,phases      ] GC(3036)     GC Worker Total (ms):     Min:  0.1, Avg:  0.1, Max:  0.1, Diff:  0.0, Sum:  0.9, Workers: 8
[441.770s][info ][gc,phases      ] GC(3036)   Post Evacuate Collection Set: 0.3ms
[441.770s][debug][gc,phases      ] GC(3036)     Code Roots Fixup: 0.0ms
[441.770s][debug][gc,phases      ] GC(3036)     Clear Card Table: 0.1ms
[441.770s][debug][gc,phases      ] GC(3036)     Reference Processing: 0.0ms
[441.770s][debug][gc,phases,ref  ] GC(3036)       Reconsider SoftReferences: 0.0ms
[441.770s][debug][gc,phases,ref  ] GC(3036)         SoftRef (ms):             skipped
[441.770s][debug][gc,phases,ref  ] GC(3036)       Notify Soft/WeakReferences: 0.0ms
[441.770s][debug][gc,phases,ref  ] GC(3036)         SoftRef (ms):             skipped
[441.770s][debug][gc,phases,ref  ] GC(3036)         WeakRef (ms):             skipped
[441.770s][debug][gc,phases,ref  ] GC(3036)         FinalRef (ms):            skipped
[441.770s][debug][gc,phases,ref  ] GC(3036)         Total (ms):               skipped
[441.770s][debug][gc,phases,ref  ] GC(3036)       Notify and keep alive finalizable: 0.0ms
[441.770s][debug][gc,phases,ref  ] GC(3036)         FinalRef (ms):            skipped
[441.770s][debug][gc,phases,ref  ] GC(3036)       Notify PhantomReferences: 0.0ms
[441.770s][debug][gc,phases,ref  ] GC(3036)         PhantomRef (ms):          skipped
[441.770s][debug][gc,phases,ref  ] GC(3036)       SoftReference:
[441.770s][debug][gc,phases,ref  ] GC(3036)         Discovered: 0
[441.770s][debug][gc,phases,ref  ] GC(3036)         Cleared: 0
[441.770s][debug][gc,phases,ref  ] GC(3036)       WeakReference:
[441.770s][debug][gc,phases,ref  ] GC(3036)         Discovered: 0
[441.770s][debug][gc,phases,ref  ] GC(3036)         Cleared: 0
[441.770s][debug][gc,phases,ref  ] GC(3036)       FinalReference:
[441.770s][debug][gc,phases,ref  ] GC(3036)         Discovered: 0
[441.770s][debug][gc,phases,ref  ] GC(3036)         Cleared: 0
[441.770s][debug][gc,phases,ref  ] GC(3036)       PhantomReference:
[441.770s][debug][gc,phases,ref  ] GC(3036)         Discovered: 0
[441.770s][debug][gc,phases,ref  ] GC(3036)         Cleared: 0
[441.770s][debug][gc,phases      ] GC(3036)     Weak Processing: 0.1ms
[441.770s][debug][gc,phases      ] GC(3036)       JVMTI weak processing: 0.0ms
[441.770s][debug][gc,phases      ] GC(3036)         Dead: 0
[441.770s][debug][gc,phases      ] GC(3036)         Total: 0
[441.770s][debug][gc,phases      ] GC(3036)       JFR weak processing: 0.0ms
[441.770s][debug][gc,phases      ] GC(3036)         Dead: 0
[441.770s][debug][gc,phases      ] GC(3036)         Total: 0
[441.770s][debug][gc,phases      ] GC(3036)       JNI weak                  Min:  0.0, Avg:  0.0, Max:  0.0, Diff:  0.0, Sum:  0.0, Workers: 5
[441.770s][debug][gc,phases      ] GC(3036)         Dead                      Min: 0, Avg:  0.0, Max: 0, Diff: 0, Sum: 0, Workers: 5
[441.770s][debug][gc,phases      ] GC(3036)         Total                     Min: 0, Avg: 13.6, Max: 68, Diff: 68, Sum: 68, Workers: 5
[441.770s][debug][gc,phases      ] GC(3036)       VM weak                   Min:  0.0, Avg:  0.0, Max:  0.0, Diff:  0.0, Sum:  0.0, Workers: 5
[441.770s][debug][gc,phases      ] GC(3036)         Dead                      Min: 0, Avg:  0.0, Max: 0, Diff: 0, Sum: 0, Workers: 5
[441.770s][debug][gc,phases      ] GC(3036)         Total                     Min: 0, Avg: 42.6, Max: 213, Diff: 213, Sum: 213, Workers: 5
[441.770s][debug][gc,phases      ] GC(3036)       StringTable weak          Min:  0.0, Avg:  0.0, Max:  0.0, Diff:  0.0, Sum:  0.0, Workers: 5
[441.770s][debug][gc,phases      ] GC(3036)         Dead                      Min: 0, Avg:  0.0, Max: 0, Diff: 0, Sum: 0, Workers: 5
[441.770s][debug][gc,phases      ] GC(3036)         Total                     Min: 0, Avg: 682.0, Max: 3026, Diff: 3026, Sum: 3410, Workers: 5
[441.770s][debug][gc,phases      ] GC(3036)       ResolvedMethodTable weak  Min:  0.0, Avg:  0.0, Max:  0.0, Diff:  0.0, Sum:  0.0, Workers: 5
[441.770s][debug][gc,phases      ] GC(3036)         Dead                      Min: 0, Avg:  0.0, Max: 0, Diff: 0, Sum: 0, Workers: 5
[441.770s][debug][gc,phases      ] GC(3036)         Total                     Min: 0, Avg: 114.8, Max: 192, Diff: 192, Sum: 574, Workers: 5
[441.770s][debug][gc,phases      ] GC(3036)     Merge Per-Thread State: 0.0ms
[441.770s][debug][gc,phases      ] GC(3036)       Copied Bytes              Min: 0, Avg: 80.0, Max: 248, Diff: 248, Sum: 640, Workers: 8
[441.770s][debug][gc,phases      ] GC(3036)       LAB Waste                 Min: 0, Avg:  0.0, Max: 0, Diff: 0, Sum: 0, Workers: 8
[441.770s][debug][gc,phases      ] GC(3036)       LAB Undo Waste            Min: 0, Avg:  0.0, Max: 0, Diff: 0, Sum: 0, Workers: 8
[441.770s][debug][gc,phases      ] GC(3036)     Code Roots Purge: 0.0ms
[441.770s][debug][gc,phases      ] GC(3036)     Redirty Cards: 0.0ms
[441.770s][debug][gc,phases      ] GC(3036)     DerivedPointerTable Update: 0.0ms
[441.770s][debug][gc,phases      ] GC(3036)     Free Collection Set: 0.1ms
[441.770s][debug][gc,phases      ] GC(3036)     Rebuild Free List: 0.0ms
[441.770s][debug][gc,phases      ] GC(3036)     Humongous Reclaim: 0.0ms
[441.770s][debug][gc,phases      ] GC(3036)     Start New Collection Set: 0.0ms
[441.770s][debug][gc,phases      ] GC(3036)     Resize TLABs: 0.0ms
[441.770s][debug][gc,phases      ] GC(3036)     Expand Heap After Collection: 0.0ms
[441.770s][info ][gc,phases      ] GC(3036)   Other: 0.3ms
[441.770s][info ][gc,heap        ] GC(3036) Eden regions: 180->0(180)
[441.771s][info ][gc,heap        ] GC(3036) Survivor regions: 1->1(23)
[441.771s][info ][gc,heap        ] GC(3036) Old regions: 7->7
[441.771s][info ][gc,heap        ] GC(3036) Archive regions: 2->2
[441.771s][info ][gc,heap        ] GC(3036) Humongous regions: 0->0
[441.771s][info ][gc,metaspace   ] GC(3036) Metaspace: 9905K(10624K)->9905K(10624K) NonClass: 8758K(9216K)->8758K(9216K) Class: 1146K(1408K)->1146K(1408K)
[441.771s][debug][gc,heap        ] GC(3036) Heap after GC invocations=3037 (full 1): garbage-first heap   total 309248K, used 4071K [0x0000000700000000, 0x0000000800000000)
[441.771s][debug][gc,heap        ] GC(3036)   region size 1024K, 1 young (1024K), 1 survivors (1024K)
[441.771s][debug][gc,heap        ] GC(3036)  Metaspace       used 9905K, capacity 10179K, committed 10624K, reserved 1058816K
[441.771s][debug][gc,heap        ] GC(3036)   class space    used 1146K, capacity 1267K, committed 1408K, reserved 1048576K
[441.771s][info ][gc             ] GC(3036) Pause Young (Normal) (G1 Evacuation Pause) 183M->3M(302M) 1.807ms
[441.771s][info ][gc,cpu         ] GC(3036) User=0.00s Sys=0.00s Real=0.00s
[441.771s][info ][safepoint      ] Safepoint "G1CollectForAllocation", Time since last: 144520548 ns, Reaching safepoint: 157829 ns, At safepoint: 1989847 ns, Total: 2147676 ns
[441.916s][debug][gc,heap        ] GC(3037) Heap before GC invocations=3037 (full 1): garbage-first heap   total 309248K, used 188391K [0x0000000700000000, 0x0000000800000000)
[441.916s][debug][gc,heap        ] GC(3037)   region size 1024K, 181 young (185344K), 1 survivors (1024K)
[441.916s][debug][gc,heap        ] GC(3037)  Metaspace       used 9905K, capacity 10179K, committed 10624K, reserved 1058816K
[441.916s][debug][gc,heap        ] GC(3037)   class space    used 1146K, capacity 1267K, committed 1408K, reserved 1048576K
[441.916s][info ][gc,start       ] GC(3037) Pause Young (Normal) (G1 Evacuation Pause)
[441.916s][info ][gc,task        ] GC(3037) Using 8 workers of 8 for evacuation
[441.916s][debug][gc,tlab        ] GC(3037) TLAB totals: thrds: 8  refills: 723 max: 98 slow allocs: 0 max 0 waste:  1.2% gc: 1845264B max: 384688B slow: 418560B max: 56760B fast: 0B max: 0B
[441.916s][debug][gc,age         ] GC(3037) Desired survivor size 12058624 bytes, new threshold 15 (max threshold 15)
[441.916s][debug][gc,alloc,region] GC(3037) Mutator Allocation stats, regions: 180, wasted size: 0B ( 0.0%)
[441.916s][debug][gc,ergo        ] GC(3037) Running G1 Merge Heap Roots using 8 workers for 181 regions
[441.916s][debug][gc,remset      ] GC(3037) Visited cards 256 Total dirty 2048 (12.50%) Total old 759808 (0.03%)
[441.916s][debug][gc,ergo        ] GC(3037) Running G1 Clear Card Table Task using 1 workers for 1 units of work for 182 regions.
[441.917s][debug][gc,ref         ] GC(3037) Skipped phase1 of Reference Processing due to unavailable references
[441.917s][debug][gc,ref         ] GC(3037) Skipped phase2 of Reference Processing due to unavailable references
[441.917s][debug][gc,ref         ] GC(3037) Skipped phase3 of Reference Processing due to unavailable references
[441.917s][debug][gc,ref         ] GC(3037) Skipped phase4 of Reference Processing due to unavailable references
[441.917s][debug][gc,ergo        ] GC(3037) Running G1 Free Collection Set using 8 workers for collection set length 181 (302)
[441.917s][debug][gc,ergo        ] GC(3037) Running G1 Rebuild Free List Task using 8 workers for rebuilding free list of 0 (4096) regions
[441.917s][trace][gc,age         ] GC(3037) Age table with threshold 15 (max threshold 15)
[441.917s][trace][gc,age         ] GC(3037) - age   1:        408 bytes,        408 total
[441.917s][debug][gc,plab        ] GC(3037) Young PLAB allocation: allocated: 10320B, wasted: 0B, unused: 9912B, used: 408B, undo waste: 0B, 
[441.917s][debug][gc,plab        ] GC(3037) Young other allocation: region end waste: 0B, regions filled: 1, direct allocated: 0B, failure used: 0B, failure wasted: 0B
[441.917s][debug][gc,plab        ] GC(3037) Young sizing: calculated: 80B, actual: 2064B
[441.917s][debug][gc,plab        ] GC(3037) Old PLAB allocation: allocated: 0B, wasted: 0B, unused: 0B, used: 0B, undo waste: 0B, 
[441.917s][debug][gc,plab        ] GC(3037) Old other allocation: region end waste: 0B, regions filled: 1, direct allocated: 0B, failure used: 0B, failure wasted: 0B
[441.917s][debug][gc,plab        ] GC(3037) Old sizing: calculated: 0B, actual: 2064B
[441.917s][debug][gc,ihop        ] GC(3037) Basic information (value update), threshold: 142501478B (45.00), target occupancy: 316669952B, current occupancy: 4165064B, recent allocation size: 0B, recent allocation duration: 146.45ms, recent old gen allocation rate: 0.00B/s, recent marking phase length: 0.00ms
[441.917s][debug][gc,ihop        ] GC(3037) Adaptive IHOP information (value update), threshold: 142501478B (47.37), internal target occupancy: 300836454B, occupancy: 4165064B, additional buffer size: 189792256B, predicted old gen allocation rate: 0.00B/s, predicted marking phase length: 0.00ms, prediction active: false
[441.917s][debug][gc,ergo,refine ] GC(3037) Concurrent refinement times: Logged Cards Scan time goal: 20.00ms Logged Cards Scan time: 0.00ms HCC time: 0.00ms
[441.917s][debug][gc,ergo,refine ] GC(3037) Updated Refinement Zones: green: 2048, yellow: 6144, red: 10240
[441.917s][info ][gc,phases      ] GC(3037)   Pre Evacuate Collection Set: 0.1ms
[441.917s][debug][gc,phases      ] GC(3037)     Prepare TLABs: 0.0ms
[441.917s][debug][gc,phases      ] GC(3037)     Choose Collection Set: 0.0ms
[441.917s][debug][gc,phases      ] GC(3037)     Region Register: 0.1ms
[441.917s][debug][gc,phases      ] GC(3037)     Prepare Heap Roots: 0.0ms
[441.917s][info ][gc,phases      ] GC(3037)   Merge Heap Roots: 0.1ms
[441.917s][debug][gc,phases      ] GC(3037)     Prepare Merge Heap Roots: 0.0ms
[441.917s][debug][gc,phases      ] GC(3037)     Eager Reclaim (ms):       skipped
[441.917s][debug][gc,phases      ] GC(3037)     Remembered Sets (ms):     Min:  0.0, Avg:  0.0, Max:  0.0, Diff:  0.0, Sum:  0.1, Workers: 8
[441.917s][debug][gc,phases      ] GC(3037)       Merged Sparse:            Min: 0, Avg:  0.0, Max: 0, Diff: 0, Sum: 0, Workers: 8
[441.917s][debug][gc,phases      ] GC(3037)       Merged Fine:              Min: 0, Avg:  0.0, Max: 0, Diff: 0, Sum: 0, Workers: 8
[441.917s][debug][gc,phases      ] GC(3037)       Merged Coarse:            Min: 0, Avg:  0.0, Max: 0, Diff: 0, Sum: 0, Workers: 8
[441.917s][debug][gc,phases      ] GC(3037)       Dirty Cards:              Min: 0, Avg:  0.0, Max: 0, Diff: 0, Sum: 0, Workers: 8
[441.917s][debug][gc,phases      ] GC(3037)     Hot Card Cache (ms):      Min:  0.0, Avg:  0.0, Max:  0.0, Diff:  0.0, Sum:  0.0, Workers: 8
[441.917s][debug][gc,phases      ] GC(3037)       Dirty Cards:              Min: 0, Avg:  0.0, Max: 0, Diff: 0, Sum: 0, Workers: 8
[441.917s][debug][gc,phases      ] GC(3037)       Skipped Cards:            Min: 0, Avg:  0.0, Max: 0, Diff: 0, Sum: 0, Workers: 8
[441.917s][debug][gc,phases      ] GC(3037)     Log Buffers (ms):         Min:  0.0, Avg:  0.0, Max:  0.0, Diff:  0.0, Sum:  0.0, Workers: 8
[441.917s][debug][gc,phases      ] GC(3037)       Dirty Cards:              Min: 0, Avg:  0.1, Max: 1, Diff: 1, Sum: 1, Workers: 8
[441.917s][debug][gc,phases      ] GC(3037)       Skipped Cards:            Min: 0, Avg:  0.0, Max: 0, Diff: 0, Sum: 0, Workers: 8
[441.917s][info ][gc,phases      ] GC(3037)   Evacuate Collection Set: 0.2ms
[441.917s][debug][gc,phases      ] GC(3037)     Ext Root Scanning (ms):   Min:  0.0, Avg:  0.0, Max:  0.1, Diff:  0.1, Sum:  0.2, Workers: 8
[441.917s][debug][gc,phases      ] GC(3037)     Scan Heap Roots (ms):     Min:  0.0, Avg:  0.0, Max:  0.0, Diff:  0.0, Sum:  0.0, Workers: 8
[441.917s][debug][gc,phases      ] GC(3037)       Scanned Cards:            Min: 0, Avg:  0.1, Max: 1, Diff: 1, Sum: 1, Workers: 8
[441.917s][debug][gc,phases      ] GC(3037)       Scanned Blocks:           Min: 0, Avg:  0.1, Max: 1, Diff: 1, Sum: 1, Workers: 8
[441.917s][debug][gc,phases      ] GC(3037)       Claimed Chunks:           Min: 0, Avg:  0.1, Max: 1, Diff: 1, Sum: 1, Workers: 8
[441.917s][debug][gc,phases      ] GC(3037)     Code Root Scan (ms):      Min:  0.0, Avg:  0.0, Max:  0.0, Diff:  0.0, Sum:  0.0, Workers: 8
[441.917s][debug][gc,phases      ] GC(3037)     Object Copy (ms):         Min:  0.0, Avg:  0.0, Max:  0.0, Diff:  0.0, Sum:  0.0, Workers: 8
[441.917s][debug][gc,phases      ] GC(3037)     Termination (ms):         Min:  0.1, Avg:  0.1, Max:  0.1, Diff:  0.0, Sum:  0.7, Workers: 8
[441.917s][debug][gc,phases      ] GC(3037)       Termination Attempts:     Min: 1, Avg:  1.0, Max: 1, Diff: 0, Sum: 8, Workers: 8
[441.917s][debug][gc,phases      ] GC(3037)     GC Worker Other (ms):     Min:  0.0, Avg:  0.0, Max:  0.0, Diff:  0.0, Sum:  0.1, Workers: 8
[441.917s][debug][gc,phases      ] GC(3037)     GC Worker Total (ms):     Min:  0.1, Avg:  0.1, Max:  0.1, Diff:  0.0, Sum:  1.0, Workers: 8
[441.917s][info ][gc,phases      ] GC(3037)   Post Evacuate Collection Set: 0.3ms
[441.917s][debug][gc,phases      ] GC(3037)     Code Roots Fixup: 0.0ms
[441.917s][debug][gc,phases      ] GC(3037)     Clear Card Table: 0.1ms
[441.917s][debug][gc,phases      ] GC(3037)     Reference Processing: 0.0ms
[441.917s][debug][gc,phases,ref  ] GC(3037)       Reconsider SoftReferences: 0.0ms
[441.917s][debug][gc,phases,ref  ] GC(3037)         SoftRef (ms):             skipped
[441.917s][debug][gc,phases,ref  ] GC(3037)       Notify Soft/WeakReferences: 0.0ms
[441.917s][debug][gc,phases,ref  ] GC(3037)         SoftRef (ms):             skipped
[441.917s][debug][gc,phases,ref  ] GC(3037)         WeakRef (ms):             skipped
[441.917s][debug][gc,phases,ref  ] GC(3037)         FinalRef (ms):            skipped
[441.917s][debug][gc,phases,ref  ] GC(3037)         Total (ms):               skipped
[441.917s][debug][gc,phases,ref  ] GC(3037)       Notify and keep alive finalizable: 0.0ms
[441.917s][debug][gc,phases,ref  ] GC(3037)         FinalRef (ms):            skipped
[441.917s][debug][gc,phases,ref  ] GC(3037)       Notify PhantomReferences: 0.0ms
[441.917s][debug][gc,phases,ref  ] GC(3037)         PhantomRef (ms):          skipped
[441.917s][debug][gc,phases,ref  ] GC(3037)       SoftReference:
[441.917s][debug][gc,phases,ref  ] GC(3037)         Discovered: 0
[441.917s][debug][gc,phases,ref  ] GC(3037)         Cleared: 0
[441.917s][debug][gc,phases,ref  ] GC(3037)       WeakReference:
[441.917s][debug][gc,phases,ref  ] GC(3037)         Discovered: 0
[441.917s][debug][gc,phases,ref  ] GC(3037)         Cleared: 0
[441.917s][debug][gc,phases,ref  ] GC(3037)       FinalReference:
[441.917s][debug][gc,phases,ref  ] GC(3037)         Discovered: 0
[441.917s][debug][gc,phases,ref  ] GC(3037)         Cleared: 0
[441.917s][debug][gc,phases,ref  ] GC(3037)       PhantomReference:
[441.917s][debug][gc,phases,ref  ] GC(3037)         Discovered: 0
[441.917s][debug][gc,phases,ref  ] GC(3037)         Cleared: 0
[441.917s][debug][gc,phases      ] GC(3037)     Weak Processing: 0.1ms
[441.917s][debug][gc,phases      ] GC(3037)       JVMTI weak processing: 0.0ms
[441.917s][debug][gc,phases      ] GC(3037)         Dead: 0
[441.917s][debug][gc,phases      ] GC(3037)         Total: 0
[441.918s][debug][gc,phases      ] GC(3037)       JFR weak processing: 0.0ms
[441.918s][debug][gc,phases      ] GC(3037)         Dead: 0
[441.918s][debug][gc,phases      ] GC(3037)         Total: 0
[441.918s][debug][gc,phases      ] GC(3037)       JNI weak                  Min:  0.0, Avg:  0.0, Max:  0.0, Diff:  0.0, Sum:  0.0, Workers: 5
[441.918s][debug][gc,phases      ] GC(3037)         Dead                      Min: 0, Avg:  0.0, Max: 0, Diff: 0, Sum: 0, Workers: 5
[441.918s][debug][gc,phases      ] GC(3037)         Total                     Min: 0, Avg: 13.6, Max: 68, Diff: 68, Sum: 68, Workers: 5
[441.918s][debug][gc,phases      ] GC(3037)       VM weak                   Min:  0.0, Avg:  0.0, Max:  0.0, Diff:  0.0, Sum:  0.0, Workers: 5
[441.918s][debug][gc,phases      ] GC(3037)         Dead                      Min: 0, Avg:  0.0, Max: 0, Diff: 0, Sum: 0, Workers: 5
[441.918s][debug][gc,phases      ] GC(3037)         Total                     Min: 0, Avg: 42.6, Max: 213, Diff: 213, Sum: 213, Workers: 5
[441.918s][debug][gc,phases      ] GC(3037)       StringTable weak          Min:  0.0, Avg:  0.0, Max:  0.0, Diff:  0.0, Sum:  0.0, Workers: 5
[441.918s][debug][gc,phases      ] GC(3037)         Dead                      Min: 0, Avg:  0.0, Max: 0, Diff: 0, Sum: 0, Workers: 5
[441.918s][debug][gc,phases      ] GC(3037)         Total                     Min: 0, Avg: 682.0, Max: 3410, Diff: 3410, Sum: 3410, Workers: 5
[441.918s][debug][gc,phases      ] GC(3037)       ResolvedMethodTable weak  Min:  0.0, Avg:  0.0, Max:  0.0, Diff:  0.0, Sum:  0.0, Workers: 5
[441.918s][debug][gc,phases      ] GC(3037)         Dead                      Min: 0, Avg:  0.0, Max: 0, Diff: 0, Sum: 0, Workers: 5
[441.918s][debug][gc,phases      ] GC(3037)         Total                     Min: 64, Avg: 114.8, Max: 190, Diff: 126, Sum: 574, Workers: 5
[441.918s][debug][gc,phases      ] GC(3037)     Merge Per-Thread State: 0.0ms
[441.918s][debug][gc,phases      ] GC(3037)       Copied Bytes              Min: 0, Avg: 51.0, Max: 168, Diff: 168, Sum: 408, Workers: 8
[441.918s][debug][gc,phases      ] GC(3037)       LAB Waste                 Min: 0, Avg:  0.0, Max: 0, Diff: 0, Sum: 0, Workers: 8
[441.918s][debug][gc,phases      ] GC(3037)       LAB Undo Waste            Min: 0, Avg:  0.0, Max: 0, Diff: 0, Sum: 0, Workers: 8
[441.918s][debug][gc,phases      ] GC(3037)     Code Roots Purge: 0.0ms
[441.918s][debug][gc,phases      ] GC(3037)     Redirty Cards: 0.0ms
[441.918s][debug][gc,phases      ] GC(3037)     DerivedPointerTable Update: 0.0ms
[441.918s][debug][gc,phases      ] GC(3037)     Free Collection Set: 0.1ms
[441.918s][debug][gc,phases      ] GC(3037)     Rebuild Free List: 0.1ms
[441.918s][debug][gc,phases      ] GC(3037)     Humongous Reclaim: 0.0ms
[441.918s][debug][gc,phases      ] GC(3037)     Start New Collection Set: 0.0ms
[441.918s][debug][gc,phases      ] GC(3037)     Resize TLABs: 0.0ms
[441.918s][debug][gc,phases      ] GC(3037)     Expand Heap After Collection: 0.0ms
[441.918s][info ][gc,phases      ] GC(3037)   Other: 0.3ms
[441.918s][info ][gc,heap        ] GC(3037) Eden regions: 180->0(180)
[441.918s][info ][gc,heap        ] GC(3037) Survivor regions: 1->1(23)
[441.918s][info ][gc,heap        ] GC(3037) Old regions: 7->7
[441.918s][info ][gc,heap        ] GC(3037) Archive regions: 2->2
[441.918s][info ][gc,heap        ] GC(3037) Humongous regions: 0->0
[441.918s][info ][gc,metaspace   ] GC(3037) Metaspace: 9905K(10624K)->9905K(10624K) NonClass: 8758K(9216K)->8758K(9216K) Class: 1146K(1408K)->1146K(1408K)
[441.918s][debug][gc,heap        ] GC(3037) Heap after GC invocations=3038 (full 1): garbage-first heap   total 309248K, used 4067K [0x0000000700000000, 0x0000000800000000)
[441.918s][debug][gc,heap        ] GC(3037)   region size 1024K, 1 young (1024K), 1 survivors (1024K)
[441.918s][debug][gc,heap        ] GC(3037)  Metaspace       used 9905K, capacity 10179K, committed 10624K, reserved 1058816K
[441.918s][debug][gc,heap        ] GC(3037)   class space    used 1146K, capacity 1267K, committed 1408K, reserved 1048576K
[441.918s][info ][gc             ] GC(3037) Pause Young (Normal) (G1 Evacuation Pause) 183M->3M(302M) 1.826ms
[441.918s][info ][gc,cpu         ] GC(3037) User=0.01s Sys=0.00s Real=0.00s
[441.918s][info ][safepoint      ] Safepoint "G1CollectForAllocation", Time since last: 145121410 ns, Reaching safepoint: 148002 ns, At safepoint: 2007840 ns, Total: 2155842 ns
[442.062s][debug][gc,heap        ] GC(3038) Heap before GC invocations=3038 (full 1): garbage-first heap   total 309248K, used 188387K [0x0000000700000000, 0x0000000800000000)
[442.062s][debug][gc,heap        ] GC(3038)   region size 1024K, 181 young (185344K), 1 survivors (1024K)
[442.063s][debug][gc,heap        ] GC(3038)  Metaspace       used 9905K, capacity 10179K, committed 10624K, reserved 1058816K
[442.063s][debug][gc,heap        ] GC(3038)   class space    used 1146K, capacity 1267K, committed 1408K, reserved 1048576K
[442.063s][info ][gc,start       ] GC(3038) Pause Young (Normal) (G1 Evacuation Pause)
[442.063s][info ][gc,task        ] GC(3038) Using 8 workers of 8 for evacuation
[442.063s][debug][gc,tlab        ] GC(3038) TLAB totals: thrds: 8  refills: 723 max: 98 slow allocs: 0 max 0 waste:  1.1% gc: 1692872B max: 405328B slow: 418752B max: 57024B fast: 0B max: 0B
[442.063s][debug][gc,age         ] GC(3038) Desired survivor size 12058624 bytes, new threshold 15 (max threshold 15)
[442.063s][debug][gc,alloc,region] GC(3038) Mutator Allocation stats, regions: 180, wasted size: 0B ( 0.0%)
[442.063s][debug][gc,ergo        ] GC(3038) Running G1 Merge Heap Roots using 8 workers for 181 regions
[442.063s][debug][gc,remset      ] GC(3038) Visited cards 256 Total dirty 2048 (12.50%) Total old 759808 (0.03%)
[442.063s][debug][gc,ergo        ] GC(3038) Running G1 Clear Card Table Task using 1 workers for 1 units of work for 182 regions.
[442.063s][debug][gc,ref         ] GC(3038) Skipped phase1 of Reference Processing due to unavailable references
[442.063s][debug][gc,ref         ] GC(3038) Skipped phase2 of Reference Processing due to unavailable references
[442.063s][debug][gc,ref         ] GC(3038) Skipped phase3 of Reference Processing due to unavailable references
[442.063s][debug][gc,ref         ] GC(3038) Skipped phase4 of Reference Processing due to unavailable references
[442.063s][debug][gc,ergo        ] GC(3038) Running G1 Free Collection Set using 8 workers for collection set length 181 (302)
[442.063s][debug][gc,ergo        ] GC(3038) Running G1 Rebuild Free List Task using 8 workers for rebuilding free list of 0 (4096) regions
[442.063s][trace][gc,age         ] GC(3038) Age table with threshold 15 (max threshold 15)
[442.063s][trace][gc,age         ] GC(3038) - age   1:        512 bytes,        512 total
[442.063s][debug][gc,plab        ] GC(3038) Young PLAB allocation: allocated: 14448B, wasted: 0B, unused: 13936B, used: 512B, undo waste: 0B, 
[442.063s][debug][gc,plab        ] GC(3038) Young other allocation: region end waste: 0B, regions filled: 1, direct allocated: 0B, failure used: 0B, failure wasted: 0B
[442.063s][debug][gc,plab        ] GC(3038) Young sizing: calculated: 96B, actual: 2064B
[442.063s][debug][gc,plab        ] GC(3038) Old PLAB allocation: allocated: 0B, wasted: 0B, unused: 0B, used: 0B, undo waste: 0B, 
[442.063s][debug][gc,plab        ] GC(3038) Old other allocation: region end waste: 0B, regions filled: 1, direct allocated: 0B, failure used: 0B, failure wasted: 0B
[442.063s][debug][gc,plab        ] GC(3038) Old sizing: calculated: 0B, actual: 2064B
[442.063s][debug][gc,ihop        ] GC(3038) Basic information (value update), threshold: 142501478B (45.00), target occupancy: 316669952B, current occupancy: 4169192B, recent allocation size: 0B, recent allocation duration: 145.68ms, recent old gen allocation rate: 0.00B/s, recent marking phase length: 0.00ms
[442.063s][debug][gc,ihop        ] GC(3038) Adaptive IHOP information (value update), threshold: 142501478B (47.37), internal target occupancy: 300836454B, occupancy: 4169192B, additional buffer size: 189792256B, predicted old gen allocation rate: 0.00B/s, predicted marking phase length: 0.00ms, prediction active: false
[442.063s][debug][gc,ergo,refine ] GC(3038) Concurrent refinement times: Logged Cards Scan time goal: 20.00ms Logged Cards Scan time: 0.00ms HCC time: 0.00ms
[442.063s][debug][gc,ergo,refine ] GC(3038) Updated Refinement Zones: green: 2048, yellow: 6144, red: 10240
[442.063s][info ][gc,phases      ] GC(3038)   Pre Evacuate Collection Set: 0.1ms
[442.063s][debug][gc,phases      ] GC(3038)     Prepare TLABs: 0.0ms
[442.063s][debug][gc,phases      ] GC(3038)     Choose Collection Set: 0.0ms
[442.063s][debug][gc,phases      ] GC(3038)     Region Register: 0.1ms
[442.063s][debug][gc,phases      ] GC(3038)     Prepare Heap Roots: 0.0ms
[442.063s][info ][gc,phases      ] GC(3038)   Merge Heap Roots: 0.1ms
[442.064s][debug][gc,phases      ] GC(3038)     Prepare Merge Heap Roots: 0.0ms
[442.064s][debug][gc,phases      ] GC(3038)     Eager Reclaim (ms):       skipped
[442.064s][debug][gc,phases      ] GC(3038)     Remembered Sets (ms):     Min:  0.0, Avg:  0.0, Max:  0.0, Diff:  0.0, Sum:  0.0, Workers: 8
[442.064s][debug][gc,phases      ] GC(3038)       Merged Sparse:            Min: 0, Avg:  0.0, Max: 0, Diff: 0, Sum: 0, Workers: 8
[442.064s][debug][gc,phases      ] GC(3038)       Merged Fine:              Min: 0, Avg:  0.0, Max: 0, Diff: 0, Sum: 0, Workers: 8
[442.064s][debug][gc,phases      ] GC(3038)       Merged Coarse:            Min: 0, Avg:  0.0, Max: 0, Diff: 0, Sum: 0, Workers: 8
[442.064s][debug][gc,phases      ] GC(3038)       Dirty Cards:              Min: 0, Avg:  0.0, Max: 0, Diff: 0, Sum: 0, Workers: 8
[442.064s][debug][gc,phases      ] GC(3038)     Hot Card Cache (ms):      Min:  0.0, Avg:  0.0, Max:  0.0, Diff:  0.0, Sum:  0.0, Workers: 8
[442.064s][debug][gc,phases      ] GC(3038)       Dirty Cards:              Min: 0, Avg:  0.0, Max: 0, Diff: 0, Sum: 0, Workers: 8
[442.064s][debug][gc,phases      ] GC(3038)       Skipped Cards:            Min: 0, Avg:  0.0, Max: 0, Diff: 0, Sum: 0, Workers: 8
[442.064s][debug][gc,phases      ] GC(3038)     Log Buffers (ms):         Min:  0.0, Avg:  0.0, Max:  0.0, Diff:  0.0, Sum:  0.0, Workers: 8
[442.064s][debug][gc,phases      ] GC(3038)       Dirty Cards:              Min: 0, Avg:  0.1, Max: 1, Diff: 1, Sum: 1, Workers: 8
[442.064s][debug][gc,phases      ] GC(3038)       Skipped Cards:            Min: 0, Avg:  0.0, Max: 0, Diff: 0, Sum: 0, Workers: 8
[442.064s][info ][gc,phases      ] GC(3038)   Evacuate Collection Set: 0.2ms
[442.064s][debug][gc,phases      ] GC(3038)     Ext Root Scanning (ms):   Min:  0.0, Avg:  0.0, Max:  0.1, Diff:  0.0, Sum:  0.2, Workers: 8
[442.064s][debug][gc,phases      ] GC(3038)     Scan Heap Roots (ms):     Min:  0.0, Avg:  0.0, Max:  0.0, Diff:  0.0, Sum:  0.0, Workers: 8
[442.064s][debug][gc,phases      ] GC(3038)       Scanned Cards:            Min: 0, Avg:  0.1, Max: 1, Diff: 1, Sum: 1, Workers: 8
[442.064s][debug][gc,phases      ] GC(3038)       Scanned Blocks:           Min: 0, Avg:  0.1, Max: 1, Diff: 1, Sum: 1, Workers: 8
[442.064s][debug][gc,phases      ] GC(3038)       Claimed Chunks:           Min: 0, Avg:  0.1, Max: 1, Diff: 1, Sum: 1, Workers: 8
[442.064s][debug][gc,phases      ] GC(3038)     Code Root Scan (ms):      Min:  0.0, Avg:  0.0, Max:  0.0, Diff:  0.0, Sum:  0.0, Workers: 8
[442.064s][debug][gc,phases      ] GC(3038)     Object Copy (ms):         Min:  0.0, Avg:  0.0, Max:  0.0, Diff:  0.0, Sum:  0.0, Workers: 8
[442.064s][debug][gc,phases      ] GC(3038)     Termination (ms):         Min:  0.1, Avg:  0.1, Max:  0.1, Diff:  0.0, Sum:  0.7, Workers: 8
[442.064s][debug][gc,phases      ] GC(3038)       Termination Attempts:     Min: 1, Avg:  1.0, Max: 1, Diff: 0, Sum: 8, Workers: 8
[442.064s][debug][gc,phases      ] GC(3038)     GC Worker Other (ms):     Min:  0.0, Avg:  0.0, Max:  0.0, Diff:  0.0, Sum:  0.1, Workers: 8
[442.064s][debug][gc,phases      ] GC(3038)     GC Worker Total (ms):     Min:  0.1, Avg:  0.1, Max:  0.2, Diff:  0.1, Sum:  1.1, Workers: 8
[442.064s][info ][gc,phases      ] GC(3038)   Post Evacuate Collection Set: 0.3ms
[442.064s][debug][gc,phases      ] GC(3038)     Code Roots Fixup: 0.0ms
[442.064s][debug][gc,phases      ] GC(3038)     Clear Card Table: 0.1ms
[442.064s][debug][gc,phases      ] GC(3038)     Reference Processing: 0.0ms
[442.064s][debug][gc,phases,ref  ] GC(3038)       Reconsider SoftReferences: 0.0ms
[442.064s][debug][gc,phases,ref  ] GC(3038)         SoftRef (ms):             skipped
[442.064s][debug][gc,phases,ref  ] GC(3038)       Notify Soft/WeakReferences: 0.0ms
[442.064s][debug][gc,phases,ref  ] GC(3038)         SoftRef (ms):             skipped
[442.064s][debug][gc,phases,ref  ] GC(3038)         WeakRef (ms):             skipped
[442.064s][debug][gc,phases,ref  ] GC(3038)         FinalRef (ms):            skipped
[442.064s][debug][gc,phases,ref  ] GC(3038)         Total (ms):               skipped
[442.064s][debug][gc,phases,ref  ] GC(3038)       Notify and keep alive finalizable: 0.0ms
[442.064s][debug][gc,phases,ref  ] GC(3038)         FinalRef (ms):            skipped
[442.064s][debug][gc,phases,ref  ] GC(3038)       Notify PhantomReferences: 0.0ms
[442.064s][debug][gc,phases,ref  ] GC(3038)         PhantomRef (ms):          skipped
[442.064s][debug][gc,phases,ref  ] GC(3038)       SoftReference:
[442.064s][debug][gc,phases,ref  ] GC(3038)         Discovered: 0
[442.064s][debug][gc,phases,ref  ] GC(3038)         Cleared: 0
[442.064s][debug][gc,phases,ref  ] GC(3038)       WeakReference:
[442.064s][debug][gc,phases,ref  ] GC(3038)         Discovered: 0
[442.064s][debug][gc,phases,ref  ] GC(3038)         Cleared: 0
[442.064s][debug][gc,phases,ref  ] GC(3038)       FinalReference:
[442.064s][debug][gc,phases,ref  ] GC(3038)         Discovered: 0
[442.064s][debug][gc,phases,ref  ] GC(3038)         Cleared: 0
[442.064s][debug][gc,phases,ref  ] GC(3038)       PhantomReference:
[442.064s][debug][gc,phases,ref  ] GC(3038)         Discovered: 0
[442.064s][debug][gc,phases,ref  ] GC(3038)         Cleared: 0
[442.064s][debug][gc,phases      ] GC(3038)     Weak Processing: 0.1ms
[442.064s][debug][gc,phases      ] GC(3038)       JVMTI weak processing: 0.0ms
[442.064s][debug][gc,phases      ] GC(3038)         Dead: 0
[442.064s][debug][gc,phases      ] GC(3038)         Total: 0
[442.064s][debug][gc,phases      ] GC(3038)       JFR weak processing: 0.0ms
[442.064s][debug][gc,phases      ] GC(3038)         Dead: 0
[442.064s][debug][gc,phases      ] GC(3038)         Total: 0
[442.064s][debug][gc,phases      ] GC(3038)       JNI weak                  Min:  0.0, Avg:  0.0, Max:  0.0, Diff:  0.0, Sum:  0.0, Workers: 5
[442.064s][debug][gc,phases      ] GC(3038)         Dead                      Min: 0, Avg:  0.0, Max: 0, Diff: 0, Sum: 0, Workers: 5
[442.064s][debug][gc,phases      ] GC(3038)         Total                     Min: 0, Avg: 13.6, Max: 52, Diff: 52, Sum: 68, Workers: 5
[442.064s][debug][gc,phases      ] GC(3038)       VM weak                   Min:  0.0, Avg:  0.0, Max:  0.0, Diff:  0.0, Sum:  0.0, Workers: 5
[442.064s][debug][gc,phases      ] GC(3038)         Dead                      Min: 0, Avg:  0.0, Max: 0, Diff: 0, Sum: 0, Workers: 5
[442.064s][debug][gc,phases      ] GC(3038)         Total                     Min: 0, Avg: 42.6, Max: 128, Diff: 128, Sum: 213, Workers: 5
[442.064s][debug][gc,phases      ] GC(3038)       StringTable weak          Min:  0.0, Avg:  0.0, Max:  0.0, Diff:  0.0, Sum:  0.1, Workers: 5
[442.064s][debug][gc,phases      ] GC(3038)         Dead                      Min: 0, Avg:  0.0, Max: 0, Diff: 0, Sum: 0, Workers: 5
[442.064s][debug][gc,phases      ] GC(3038)         Total                     Min: 0, Avg: 682.0, Max: 1727, Diff: 1727, Sum: 3410, Workers: 5
[442.064s][debug][gc,phases      ] GC(3038)       ResolvedMethodTable weak  Min:  0.0, Avg:  0.0, Max:  0.0, Diff:  0.0, Sum:  0.0, Workers: 5
[442.064s][debug][gc,phases      ] GC(3038)         Dead                      Min: 0, Avg:  0.0, Max: 0, Diff: 0, Sum: 0, Workers: 5
[442.064s][debug][gc,phases      ] GC(3038)         Total                     Min: 0, Avg: 114.8, Max: 318, Diff: 318, Sum: 574, Workers: 5
[442.064s][debug][gc,phases      ] GC(3038)     Merge Per-Thread State: 0.0ms
[442.064s][debug][gc,phases      ] GC(3038)       Copied Bytes              Min: 0, Avg: 64.0, Max: 144, Diff: 144, Sum: 512, Workers: 8
[442.064s][debug][gc,phases      ] GC(3038)       LAB Waste                 Min: 0, Avg:  0.0, Max: 0, Diff: 0, Sum: 0, Workers: 8
[442.064s][debug][gc,phases      ] GC(3038)       LAB Undo Waste            Min: 0, Avg:  0.0, Max: 0, Diff: 0, Sum: 0, Workers: 8
[442.064s][debug][gc,phases      ] GC(3038)     Code Roots Purge: 0.0ms
[442.064s][debug][gc,phases      ] GC(3038)     Redirty Cards: 0.0ms
[442.064s][debug][gc,phases      ] GC(3038)     DerivedPointerTable Update: 0.0ms
[442.064s][debug][gc,phases      ] GC(3038)     Free Collection Set: 0.1ms
[442.064s][debug][gc,phases      ] GC(3038)     Rebuild Free List: 0.1ms
[442.064s][debug][gc,phases      ] GC(3038)     Humongous Reclaim: 0.0ms
[442.064s][debug][gc,phases      ] GC(3038)     Start New Collection Set: 0.0ms
[442.064s][debug][gc,phases      ] GC(3038)     Resize TLABs: 0.0ms
[442.064s][debug][gc,phases      ] GC(3038)     Expand Heap After Collection: 0.0ms
[442.064s][info ][gc,phases      ] GC(3038)   Other: 0.3ms
[442.064s][info ][gc,heap        ] GC(3038) Eden regions: 180->0(180)
[442.064s][info ][gc,heap        ] GC(3038) Survivor regions: 1->1(23)
[442.064s][info ][gc,heap        ] GC(3038) Old regions: 7->7
[442.064s][info ][gc,heap        ] GC(3038) Archive regions: 2->2
[442.064s][info ][gc,heap        ] GC(3038) Humongous regions: 0->0
[442.064s][info ][gc,metaspace   ] GC(3038) Metaspace: 9905K(10624K)->9905K(10624K) NonClass: 8758K(9216K)->8758K(9216K) Class: 1146K(1408K)->1146K(1408K)
[442.064s][debug][gc,heap        ] GC(3038) Heap after GC invocations=3039 (full 1): garbage-first heap   total 309248K, used 4071K [0x0000000700000000, 0x0000000800000000)
[442.064s][debug][gc,heap        ] GC(3038)   region size 1024K, 1 young (1024K), 1 survivors (1024K)
[442.064s][debug][gc,heap        ] GC(3038)  Metaspace       used 9905K, capacity 10179K, committed 10624K, reserved 1058816K
[442.064s][debug][gc,heap        ] GC(3038)   class space    used 1146K, capacity 1267K, committed 1408K, reserved 1048576K
[442.064s][info ][gc             ] GC(3038) Pause Young (Normal) (G1 Evacuation Pause) 183M->3M(302M) 1.825ms
[442.064s][info ][gc,cpu         ] GC(3038) User=0.00s Sys=0.00s Real=0.01s
[442.064s][info ][safepoint      ] Safepoint "G1CollectForAllocation", Time since last: 144342405 ns, Reaching safepoint: 148987 ns, At safepoint: 1999024 ns, Total: 2148011 ns
[442.209s][debug][gc,heap        ] GC(3039) Heap before GC invocations=3039 (full 1): garbage-first heap   total 309248K, used 188391K [0x0000000700000000, 0x0000000800000000)
[442.209s][debug][gc,heap        ] GC(3039)   region size 1024K, 181 young (185344K), 1 survivors (1024K)
[442.209s][debug][gc,heap        ] GC(3039)  Metaspace       used 9905K, capacity 10179K, committed 10624K, reserved 1058816K
[442.209s][debug][gc,heap        ] GC(3039)   class space    used 1146K, capacity 1267K, committed 1408K, reserved 1048576K
[442.209s][info ][gc,start       ] GC(3039) Pause Young (Normal) (G1 Evacuation Pause)
[442.209s][info ][gc,task        ] GC(3039) Using 8 workers of 8 for evacuation
[442.209s][debug][gc,tlab        ] GC(3039) TLAB totals: thrds: 8  refills: 721 max: 95 slow allocs: 0 max 0 waste:  1.0% gc: 1558920B max: 402184B slow: 416456B max: 54656B fast: 0B max: 0B
[442.209s][debug][gc,age         ] GC(3039) Desired survivor size 12058624 bytes, new threshold 15 (max threshold 15)
[442.209s][debug][gc,alloc,region] GC(3039) Mutator Allocation stats, regions: 180, wasted size: 0B ( 0.0%)
[442.209s][debug][gc,ergo        ] GC(3039) Running G1 Merge Heap Roots using 8 workers for 181 regions
[442.209s][debug][gc,remset      ] GC(3039) Visited cards 256 Total dirty 2048 (12.50%) Total old 759808 (0.03%)
[442.209s][debug][gc,ergo        ] GC(3039) Running G1 Clear Card Table Task using 1 workers for 1 units of work for 182 regions.
[442.209s][debug][gc,ref         ] GC(3039) Skipped phase1 of Reference Processing due to unavailable references
[442.209s][debug][gc,ref         ] GC(3039) Skipped phase2 of Reference Processing due to unavailable references
[442.209s][debug][gc,ref         ] GC(3039) Skipped phase3 of Reference Processing due to unavailable references
[442.209s][debug][gc,ref         ] GC(3039) Skipped phase4 of Reference Processing due to unavailable references
[442.209s][debug][gc,ergo        ] GC(3039) Running G1 Free Collection Set using 8 workers for collection set length 181 (302)
[442.209s][debug][gc,ergo        ] GC(3039) Running G1 Rebuild Free List Task using 8 workers for rebuilding free list of 0 (4096) regions
[442.209s][trace][gc,age         ] GC(3039) Age table with threshold 15 (max threshold 15)
[442.209s][trace][gc,age         ] GC(3039) - age   1:        592 bytes,        592 total
[442.209s][debug][gc,plab        ] GC(3039) Young PLAB allocation: allocated: 12384B, wasted: 0B, unused: 11792B, used: 592B, undo waste: 0B, 
[442.209s][debug][gc,plab        ] GC(3039) Young other allocation: region end waste: 0B, regions filled: 1, direct allocated: 0B, failure used: 0B, failure wasted: 0B
[442.209s][debug][gc,plab        ] GC(3039) Young sizing: calculated: 112B, actual: 2064B
[442.209s][debug][gc,plab        ] GC(3039) Old PLAB allocation: allocated: 0B, wasted: 0B, unused: 0B, used: 0B, undo waste: 0B, 
[442.209s][debug][gc,plab        ] GC(3039) Old other allocation: region end waste: 0B, regions filled: 1, direct allocated: 0B, failure used: 0B, failure wasted: 0B
[442.209s][debug][gc,plab        ] GC(3039) Old sizing: calculated: 0B, actual: 2064B
[442.209s][debug][gc,ihop        ] GC(3039) Basic information (value update), threshold: 142501478B (45.00), target occupancy: 316669952B, current occupancy: 4167128B, recent allocation size: 0B, recent allocation duration: 145.27ms, recent old gen allocation rate: 0.00B/s, recent marking phase length: 0.00ms
[442.209s][debug][gc,ihop        ] GC(3039) Adaptive IHOP information (value update), threshold: 142501478B (47.37), internal target occupancy: 300836454B, occupancy: 4167128B, additional buffer size: 189792256B, predicted old gen allocation rate: 0.00B/s, predicted marking phase length: 0.00ms, prediction active: false
[442.210s][debug][gc,ergo,refine ] GC(3039) Concurrent refinement times: Logged Cards Scan time goal: 20.00ms Logged Cards Scan time: 0.00ms HCC time: 0.00ms
[442.210s][debug][gc,ergo,refine ] GC(3039) Updated Refinement Zones: green: 2048, yellow: 6144, red: 10240
[442.210s][info ][gc,phases      ] GC(3039)   Pre Evacuate Collection Set: 0.1ms
[442.210s][debug][gc,phases      ] GC(3039)     Prepare TLABs: 0.0ms
[442.210s][debug][gc,phases      ] GC(3039)     Choose Collection Set: 0.0ms
[442.210s][debug][gc,phases      ] GC(3039)     Region Register: 0.1ms
[442.210s][debug][gc,phases      ] GC(3039)     Prepare Heap Roots: 0.0ms
[442.210s][info ][gc,phases      ] GC(3039)   Merge Heap Roots: 0.1ms
[442.210s][debug][gc,phases      ] GC(3039)     Prepare Merge Heap Roots: 0.0ms
[442.210s][debug][gc,phases      ] GC(3039)     Eager Reclaim (ms):       skipped
[442.210s][debug][gc,phases      ] GC(3039)     Remembered Sets (ms):     Min:  0.0, Avg:  0.0, Max:  0.0, Diff:  0.0, Sum:  0.0, Workers: 8
[442.210s][debug][gc,phases      ] GC(3039)       Merged Sparse:            Min: 0, Avg:  0.0, Max: 0, Diff: 0, Sum: 0, Workers: 8
[442.210s][debug][gc,phases      ] GC(3039)       Merged Fine:              Min: 0, Avg:  0.0, Max: 0, Diff: 0, Sum: 0, Workers: 8
[442.210s][debug][gc,phases      ] GC(3039)       Merged Coarse:            Min: 0, Avg:  0.0, Max: 0, Diff: 0, Sum: 0, Workers: 8
[442.210s][debug][gc,phases      ] GC(3039)       Dirty Cards:              Min: 0, Avg:  0.0, Max: 0, Diff: 0, Sum: 0, Workers: 8
[442.210s][debug][gc,phases      ] GC(3039)     Hot Card Cache (ms):      Min:  0.0, Avg:  0.0, Max:  0.0, Diff:  0.0, Sum:  0.0, Workers: 8
[442.210s][debug][gc,phases      ] GC(3039)       Dirty Cards:              Min: 0, Avg:  0.0, Max: 0, Diff: 0, Sum: 0, Workers: 8
[442.210s][debug][gc,phases      ] GC(3039)       Skipped Cards:            Min: 0, Avg:  0.0, Max: 0, Diff: 0, Sum: 0, Workers: 8
[442.210s][debug][gc,phases      ] GC(3039)     Log Buffers (ms):         Min:  0.0, Avg:  0.0, Max:  0.0, Diff:  0.0, Sum:  0.0, Workers: 8
[442.210s][debug][gc,phases      ] GC(3039)       Dirty Cards:              Min: 0, Avg:  0.1, Max: 1, Diff: 1, Sum: 1, Workers: 8
[442.210s][debug][gc,phases      ] GC(3039)       Skipped Cards:            Min: 0, Avg:  0.0, Max: 0, Diff: 0, Sum: 0, Workers: 8
[442.210s][info ][gc,phases      ] GC(3039)   Evacuate Collection Set: 0.1ms
[442.210s][debug][gc,phases      ] GC(3039)     Ext Root Scanning (ms):   Min:  0.0, Avg:  0.0, Max:  0.0, Diff:  0.0, Sum:  0.2, Workers: 8
[442.210s][debug][gc,phases      ] GC(3039)     Scan Heap Roots (ms):     Min:  0.0, Avg:  0.0, Max:  0.0, Diff:  0.0, Sum:  0.0, Workers: 8
[442.210s][debug][gc,phases      ] GC(3039)       Scanned Cards:            Min: 0, Avg:  0.1, Max: 1, Diff: 1, Sum: 1, Workers: 8
[442.210s][debug][gc,phases      ] GC(3039)       Scanned Blocks:           Min: 0, Avg:  0.1, Max: 1, Diff: 1, Sum: 1, Workers: 8
[442.210s][debug][gc,phases      ] GC(3039)       Claimed Chunks:           Min: 0, Avg:  0.1, Max: 1, Diff: 1, Sum: 1, Workers: 8
[442.210s][debug][gc,phases      ] GC(3039)     Code Root Scan (ms):      Min:  0.0, Avg:  0.0, Max:  0.0, Diff:  0.0, Sum:  0.0, Workers: 8
[442.210s][debug][gc,phases      ] GC(3039)     Object Copy (ms):         Min:  0.0, Avg:  0.0, Max:  0.0, Diff:  0.0, Sum:  0.0, Workers: 8
[442.210s][debug][gc,phases      ] GC(3039)     Termination (ms):         Min:  0.0, Avg:  0.0, Max:  0.1, Diff:  0.0, Sum:  0.4, Workers: 8
[442.210s][debug][gc,phases      ] GC(3039)       Termination Attempts:     Min: 1, Avg:  1.0, Max: 1, Diff: 0, Sum: 8, Workers: 8
[442.210s][debug][gc,phases      ] GC(3039)     GC Worker Other (ms):     Min:  0.0, Avg:  0.0, Max:  0.0, Diff:  0.0, Sum:  0.1, Workers: 8
[442.210s][debug][gc,phases      ] GC(3039)     GC Worker Total (ms):     Min:  0.1, Avg:  0.1, Max:  0.1, Diff:  0.0, Sum:  0.8, Workers: 8
[442.210s][info ][gc,phases      ] GC(3039)   Post Evacuate Collection Set: 0.3ms
[442.210s][debug][gc,phases      ] GC(3039)     Code Roots Fixup: 0.0ms
[442.210s][debug][gc,phases      ] GC(3039)     Clear Card Table: 0.1ms
[442.210s][debug][gc,phases      ] GC(3039)     Reference Processing: 0.0ms
[442.210s][debug][gc,phases,ref  ] GC(3039)       Reconsider SoftReferences: 0.0ms
[442.210s][debug][gc,phases,ref  ] GC(3039)         SoftRef (ms):             skipped
[442.210s][debug][gc,phases,ref  ] GC(3039)       Notify Soft/WeakReferences: 0.0ms
[442.210s][debug][gc,phases,ref  ] GC(3039)         SoftRef (ms):             skipped
[442.210s][debug][gc,phases,ref  ] GC(3039)         WeakRef (ms):             skipped
[442.210s][debug][gc,phases,ref  ] GC(3039)         FinalRef (ms):            skipped
[442.210s][debug][gc,phases,ref  ] GC(3039)         Total (ms):               skipped
[442.210s][debug][gc,phases,ref  ] GC(3039)       Notify and keep alive finalizable: 0.0ms
[442.210s][debug][gc,phases,ref  ] GC(3039)         FinalRef (ms):            skipped
[442.210s][debug][gc,phases,ref  ] GC(3039)       Notify PhantomReferences: 0.0ms
[442.210s][debug][gc,phases,ref  ] GC(3039)         PhantomRef (ms):          skipped
[442.210s][debug][gc,phases,ref  ] GC(3039)       SoftReference:
[442.210s][debug][gc,phases,ref  ] GC(3039)         Discovered: 0
[442.210s][debug][gc,phases,ref  ] GC(3039)         Cleared: 0
[442.210s][debug][gc,phases,ref  ] GC(3039)       WeakReference:
[442.210s][debug][gc,phases,ref  ] GC(3039)         Discovered: 0
[442.210s][debug][gc,phases,ref  ] GC(3039)         Cleared: 0
[442.210s][debug][gc,phases,ref  ] GC(3039)       FinalReference:
[442.210s][debug][gc,phases,ref  ] GC(3039)         Discovered: 0
[442.210s][debug][gc,phases,ref  ] GC(3039)         Cleared: 0
[442.210s][debug][gc,phases,ref  ] GC(3039)       PhantomReference:
[442.210s][debug][gc,phases,ref  ] GC(3039)         Discovered: 0
[442.210s][debug][gc,phases,ref  ] GC(3039)         Cleared: 0
[442.210s][debug][gc,phases      ] GC(3039)     Weak Processing: 0.1ms
[442.210s][debug][gc,phases      ] GC(3039)       JVMTI weak processing: 0.0ms
[442.210s][debug][gc,phases      ] GC(3039)         Dead: 0
[442.210s][debug][gc,phases      ] GC(3039)         Total: 0
[442.210s][debug][gc,phases      ] GC(3039)       JFR weak processing: 0.0ms
[442.210s][debug][gc,phases      ] GC(3039)         Dead: 0
[442.210s][debug][gc,phases      ] GC(3039)         Total: 0
[442.210s][debug][gc,phases      ] GC(3039)       JNI weak                  Min:  0.0, Avg:  0.0, Max:  0.0, Diff:  0.0, Sum:  0.0, Workers: 5
[442.210s][debug][gc,phases      ] GC(3039)         Dead                      Min: 0, Avg:  0.0, Max: 0, Diff: 0, Sum: 0, Workers: 5
[442.210s][debug][gc,phases      ] GC(3039)         Total                     Min: 0, Avg: 13.6, Max: 52, Diff: 52, Sum: 68, Workers: 5
[442.210s][debug][gc,phases      ] GC(3039)       VM weak                   Min:  0.0, Avg:  0.0, Max:  0.0, Diff:  0.0, Sum:  0.0, Workers: 5
[442.210s][debug][gc,phases      ] GC(3039)         Dead                      Min: 0, Avg:  0.0, Max: 0, Diff: 0, Sum: 0, Workers: 5
[442.210s][debug][gc,phases      ] GC(3039)         Total                     Min: 0, Avg: 42.6, Max: 128, Diff: 128, Sum: 213, Workers: 5
[442.210s][debug][gc,phases      ] GC(3039)       StringTable weak          Min:  0.0, Avg:  0.0, Max:  0.0, Diff:  0.0, Sum:  0.1, Workers: 5
[442.210s][debug][gc,phases      ] GC(3039)         Dead                      Min: 0, Avg:  0.0, Max: 0, Diff: 0, Sum: 0, Workers: 5
[442.210s][debug][gc,phases      ] GC(3039)         Total                     Min: 0, Avg: 682.0, Max: 1728, Diff: 1728, Sum: 3410, Workers: 5
[442.210s][debug][gc,phases      ] GC(3039)       ResolvedMethodTable weak  Min:  0.0, Avg:  0.0, Max:  0.0, Diff:  0.0, Sum:  0.0, Workers: 5
[442.210s][debug][gc,phases      ] GC(3039)         Dead                      Min: 0, Avg:  0.0, Max: 0, Diff: 0, Sum: 0, Workers: 5
[442.210s][debug][gc,phases      ] GC(3039)         Total                     Min: 0, Avg: 114.8, Max: 256, Diff: 256, Sum: 574, Workers: 5
[442.210s][debug][gc,phases      ] GC(3039)     Merge Per-Thread State: 0.0ms
[442.210s][debug][gc,phases      ] GC(3039)       Copied Bytes              Min: 0, Avg: 74.0, Max: 280, Diff: 280, Sum: 592, Workers: 8
[442.210s][debug][gc,phases      ] GC(3039)       LAB Waste                 Min: 0, Avg:  0.0, Max: 0, Diff: 0, Sum: 0, Workers: 8
[442.210s][debug][gc,phases      ] GC(3039)       LAB Undo Waste            Min: 0, Avg:  0.0, Max: 0, Diff: 0, Sum: 0, Workers: 8
[442.210s][debug][gc,phases      ] GC(3039)     Code Roots Purge: 0.0ms
[442.210s][debug][gc,phases      ] GC(3039)     Redirty Cards: 0.0ms
[442.210s][debug][gc,phases      ] GC(3039)     DerivedPointerTable Update: 0.0ms
[442.210s][debug][gc,phases      ] GC(3039)     Free Collection Set: 0.1ms
[442.210s][debug][gc,phases      ] GC(3039)     Rebuild Free List: 0.1ms
[442.210s][debug][gc,phases      ] GC(3039)     Humongous Reclaim: 0.0ms
[442.210s][debug][gc,phases      ] GC(3039)     Start New Collection Set: 0.0ms
[442.210s][debug][gc,phases      ] GC(3039)     Resize TLABs: 0.0ms
[442.210s][debug][gc,phases      ] GC(3039)     Expand Heap After Collection: 0.0ms
[442.210s][info ][gc,phases      ] GC(3039)   Other: 0.3ms
[442.210s][info ][gc,heap        ] GC(3039) Eden regions: 180->0(180)
[442.210s][info ][gc,heap        ] GC(3039) Survivor regions: 1->1(23)
[442.210s][info ][gc,heap        ] GC(3039) Old regions: 7->7
[442.210s][info ][gc,heap        ] GC(3039) Archive regions: 2->2
[442.210s][info ][gc,heap        ] GC(3039) Humongous regions: 0->0
[442.210s][info ][gc,metaspace   ] GC(3039) Metaspace: 9905K(10624K)->9905K(10624K) NonClass: 8758K(9216K)->8758K(9216K) Class: 1146K(1408K)->1146K(1408K)
[442.210s][debug][gc,heap        ] GC(3039) Heap after GC invocations=3040 (full 1): garbage-first heap   total 309248K, used 4069K [0x0000000700000000, 0x0000000800000000)
[442.210s][debug][gc,heap        ] GC(3039)   region size 1024K, 1 young (1024K), 1 survivors (1024K)
[442.210s][debug][gc,heap        ] GC(3039)  Metaspace       used 9905K, capacity 10179K, committed 10624K, reserved 1058816K
[442.210s][debug][gc,heap        ] GC(3039)   class space    used 1146K, capacity 1267K, committed 1408K, reserved 1048576K
[442.210s][info ][gc             ] GC(3039) Pause Young (Normal) (G1 Evacuation Pause) 183M->3M(302M) 1.804ms
[442.210s][info ][gc,cpu         ] GC(3039) User=0.00s Sys=0.00s Real=0.00s
[442.211s][info ][safepoint      ] Safepoint "G1CollectForAllocation", Time since last: 143969465 ns, Reaching safepoint: 129802 ns, At safepoint: 1988207 ns, Total: 2118009 ns
[442.354s][debug][gc,heap        ] GC(3040) Heap before GC invocations=3040 (full 1): garbage-first heap   total 309248K, used 188389K [0x0000000700000000, 0x0000000800000000)
[442.354s][debug][gc,heap        ] GC(3040)   region size 1024K, 181 young (185344K), 1 survivors (1024K)
[442.354s][debug][gc,heap        ] GC(3040)  Metaspace       used 9905K, capacity 10179K, committed 10624K, reserved 1058816K
[442.354s][debug][gc,heap        ] GC(3040)   class space    used 1146K, capacity 1267K, committed 1408K, reserved 1048576K
[442.355s][info ][gc,start       ] GC(3040) Pause Young (Normal) (G1 Evacuation Pause)
[442.355s][info ][gc,task        ] GC(3040) Using 8 workers of 8 for evacuation
[442.355s][debug][gc,tlab        ] GC(3040) TLAB totals: thrds: 8  refills: 724 max: 98 slow allocs: 0 max 0 waste:  1.0% gc: 1547848B max: 419424B slow: 416864B max: 56576B fast: 0B max: 0B
[442.355s][debug][gc,age         ] GC(3040) Desired survivor size 12058624 bytes, new threshold 15 (max threshold 15)
[442.355s][debug][gc,alloc,region] GC(3040) Mutator Allocation stats, regions: 180, wasted size: 0B ( 0.0%)
[442.355s][debug][gc,ergo        ] GC(3040) Running G1 Merge Heap Roots using 8 workers for 181 regions
[442.355s][debug][gc,remset      ] GC(3040) Visited cards 256 Total dirty 2048 (12.50%) Total old 759808 (0.03%)
[442.355s][debug][gc,ergo        ] GC(3040) Running G1 Clear Card Table Task using 1 workers for 1 units of work for 182 regions.
[442.355s][debug][gc,ref         ] GC(3040) Skipped phase1 of Reference Processing due to unavailable references
[442.355s][debug][gc,ref         ] GC(3040) Skipped phase2 of Reference Processing due to unavailable references
[442.355s][debug][gc,ref         ] GC(3040) Skipped phase3 of Reference Processing due to unavailable references
[442.355s][debug][gc,ref         ] GC(3040) Skipped phase4 of Reference Processing due to unavailable references
[442.355s][debug][gc,ergo        ] GC(3040) Running G1 Free Collection Set using 8 workers for collection set length 181 (302)
[442.355s][debug][gc,ergo        ] GC(3040) Running G1 Rebuild Free List Task using 8 workers for rebuilding free list of 0 (4096) regions
[442.355s][trace][gc,age         ] GC(3040) Age table with threshold 15 (max threshold 15)
[442.355s][trace][gc,age         ] GC(3040) - age   1:        544 bytes,        544 total
[442.355s][debug][gc,plab        ] GC(3040) Young PLAB allocation: allocated: 6192B, wasted: 0B, unused: 5648B, used: 544B, undo waste: 0B, 
[442.355s][debug][gc,plab        ] GC(3040) Young other allocation: region end waste: 0B, regions filled: 1, direct allocated: 0B, failure used: 0B, failure wasted: 0B
[442.355s][debug][gc,plab        ] GC(3040) Young sizing: calculated: 104B, actual: 2064B
[442.355s][debug][gc,plab        ] GC(3040) Old PLAB allocation: allocated: 0B, wasted: 0B, unused: 0B, used: 0B, undo waste: 0B, 
[442.355s][debug][gc,plab        ] GC(3040) Old other allocation: region end waste: 0B, regions filled: 1, direct allocated: 0B, failure used: 0B, failure wasted: 0B
[442.355s][debug][gc,plab        ] GC(3040) Old sizing: calculated: 0B, actual: 2064B
[442.355s][debug][gc,ihop        ] GC(3040) Basic information (value update), threshold: 142501478B (45.00), target occupancy: 316669952B, current occupancy: 4160936B, recent allocation size: 0B, recent allocation duration: 145.08ms, recent old gen allocation rate: 0.00B/s, recent marking phase length: 0.00ms
[442.355s][debug][gc,ihop        ] GC(3040) Adaptive IHOP information (value update), threshold: 142501478B (47.37), internal target occupancy: 300836454B, occupancy: 4160936B, additional buffer size: 189792256B, predicted old gen allocation rate: 0.00B/s, predicted marking phase length: 0.00ms, prediction active: false
[442.355s][debug][gc,ergo,refine ] GC(3040) Concurrent refinement times: Logged Cards Scan time goal: 20.00ms Logged Cards Scan time: 0.00ms HCC time: 0.00ms
[442.355s][debug][gc,ergo,refine ] GC(3040) Updated Refinement Zones: green: 2048, yellow: 6144, red: 10240
[442.355s][info ][gc,phases      ] GC(3040)   Pre Evacuate Collection Set: 0.1ms
[442.355s][debug][gc,phases      ] GC(3040)     Prepare TLABs: 0.0ms
[442.355s][debug][gc,phases      ] GC(3040)     Choose Collection Set: 0.0ms
[442.355s][debug][gc,phases      ] GC(3040)     Region Register: 0.1ms
[442.355s][debug][gc,phases      ] GC(3040)     Prepare Heap Roots: 0.0ms
[442.355s][info ][gc,phases      ] GC(3040)   Merge Heap Roots: 0.1ms
[442.355s][debug][gc,phases      ] GC(3040)     Prepare Merge Heap Roots: 0.0ms
[442.355s][debug][gc,phases      ] GC(3040)     Eager Reclaim (ms):       skipped
[442.355s][debug][gc,phases      ] GC(3040)     Remembered Sets (ms):     Min:  0.0, Avg:  0.0, Max:  0.0, Diff:  0.0, Sum:  0.0, Workers: 8
[442.356s][debug][gc,phases      ] GC(3040)       Merged Sparse:            Min: 0, Avg:  0.0, Max: 0, Diff: 0, Sum: 0, Workers: 8
[442.356s][debug][gc,phases      ] GC(3040)       Merged Fine:              Min: 0, Avg:  0.0, Max: 0, Diff: 0, Sum: 0, Workers: 8
[442.356s][debug][gc,phases      ] GC(3040)       Merged Coarse:            Min: 0, Avg:  0.0, Max: 0, Diff: 0, Sum: 0, Workers: 8
[442.356s][debug][gc,phases      ] GC(3040)       Dirty Cards:              Min: 0, Avg:  0.0, Max: 0, Diff: 0, Sum: 0, Workers: 8
[442.356s][debug][gc,phases      ] GC(3040)     Hot Card Cache (ms):      Min:  0.0, Avg:  0.0, Max:  0.0, Diff:  0.0, Sum:  0.0, Workers: 8
[442.356s][debug][gc,phases      ] GC(3040)       Dirty Cards:              Min: 0, Avg:  0.0, Max: 0, Diff: 0, Sum: 0, Workers: 8
[442.356s][debug][gc,phases      ] GC(3040)       Skipped Cards:            Min: 0, Avg:  0.0, Max: 0, Diff: 0, Sum: 0, Workers: 8
[442.356s][debug][gc,phases      ] GC(3040)     Log Buffers (ms):         Min:  0.0, Avg:  0.0, Max:  0.0, Diff:  0.0, Sum:  0.0, Workers: 8
[442.356s][debug][gc,phases      ] GC(3040)       Dirty Cards:              Min: 0, Avg:  0.1, Max: 1, Diff: 1, Sum: 1, Workers: 8
[442.356s][debug][gc,phases      ] GC(3040)       Skipped Cards:            Min: 0, Avg:  0.0, Max: 0, Diff: 0, Sum: 0, Workers: 8
[442.356s][info ][gc,phases      ] GC(3040)   Evacuate Collection Set: 0.2ms
[442.356s][debug][gc,phases      ] GC(3040)     Ext Root Scanning (ms):   Min:  0.0, Avg:  0.0, Max:  0.1, Diff:  0.1, Sum:  0.2, Workers: 8
[442.356s][debug][gc,phases      ] GC(3040)     Scan Heap Roots (ms):     Min:  0.0, Avg:  0.0, Max:  0.0, Diff:  0.0, Sum:  0.0, Workers: 8
[442.356s][debug][gc,phases      ] GC(3040)       Scanned Cards:            Min: 0, Avg:  0.1, Max: 1, Diff: 1, Sum: 1, Workers: 8
[442.356s][debug][gc,phases      ] GC(3040)       Scanned Blocks:           Min: 0, Avg:  0.1, Max: 1, Diff: 1, Sum: 1, Workers: 8
[442.356s][debug][gc,phases      ] GC(3040)       Claimed Chunks:           Min: 0, Avg:  0.1, Max: 1, Diff: 1, Sum: 1, Workers: 8
[442.356s][debug][gc,phases      ] GC(3040)     Code Root Scan (ms):      Min:  0.0, Avg:  0.0, Max:  0.0, Diff:  0.0, Sum:  0.0, Workers: 8
[442.356s][debug][gc,phases      ] GC(3040)     Object Copy (ms):         Min:  0.0, Avg:  0.0, Max:  0.0, Diff:  0.0, Sum:  0.0, Workers: 8
[442.356s][debug][gc,phases      ] GC(3040)     Termination (ms):         Min:  0.1, Avg:  0.1, Max:  0.1, Diff:  0.0, Sum:  0.6, Workers: 8
[442.356s][debug][gc,phases      ] GC(3040)       Termination Attempts:     Min: 1, Avg:  1.0, Max: 1, Diff: 0, Sum: 8, Workers: 8
[442.356s][debug][gc,phases      ] GC(3040)     GC Worker Other (ms):     Min:  0.0, Avg:  0.0, Max:  0.0, Diff:  0.0, Sum:  0.1, Workers: 8
[442.356s][debug][gc,phases      ] GC(3040)     GC Worker Total (ms):     Min:  0.1, Avg:  0.1, Max:  0.1, Diff:  0.1, Sum:  1.0, Workers: 8
[442.356s][info ][gc,phases      ] GC(3040)   Post Evacuate Collection Set: 0.3ms
[442.356s][debug][gc,phases      ] GC(3040)     Code Roots Fixup: 0.0ms
[442.356s][debug][gc,phases      ] GC(3040)     Clear Card Table: 0.1ms
[442.356s][debug][gc,phases      ] GC(3040)     Reference Processing: 0.0ms
[442.356s][debug][gc,phases,ref  ] GC(3040)       Reconsider SoftReferences: 0.0ms
[442.356s][debug][gc,phases,ref  ] GC(3040)         SoftRef (ms):             skipped
[442.356s][debug][gc,phases,ref  ] GC(3040)       Notify Soft/WeakReferences: 0.0ms
[442.356s][debug][gc,phases,ref  ] GC(3040)         SoftRef (ms):             skipped
[442.356s][debug][gc,phases,ref  ] GC(3040)         WeakRef (ms):             skipped
[442.356s][debug][gc,phases,ref  ] GC(3040)         FinalRef (ms):            skipped
[442.356s][debug][gc,phases,ref  ] GC(3040)         Total (ms):               skipped
[442.356s][debug][gc,phases,ref  ] GC(3040)       Notify and keep alive finalizable: 0.0ms
[442.356s][debug][gc,phases,ref  ] GC(3040)         FinalRef (ms):            skipped
[442.356s][debug][gc,phases,ref  ] GC(3040)       Notify PhantomReferences: 0.0ms
[442.356s][debug][gc,phases,ref  ] GC(3040)         PhantomRef (ms):          skipped
[442.356s][debug][gc,phases,ref  ] GC(3040)       SoftReference:
[442.356s][debug][gc,phases,ref  ] GC(3040)         Discovered: 0
[442.356s][debug][gc,phases,ref  ] GC(3040)         Cleared: 0
[442.356s][debug][gc,phases,ref  ] GC(3040)       WeakReference:
[442.356s][debug][gc,phases,ref  ] GC(3040)         Discovered: 0
[442.356s][debug][gc,phases,ref  ] GC(3040)         Cleared: 0
[442.356s][debug][gc,phases,ref  ] GC(3040)       FinalReference:
[442.356s][debug][gc,phases,ref  ] GC(3040)         Discovered: 0
[442.356s][debug][gc,phases,ref  ] GC(3040)         Cleared: 0
[442.356s][debug][gc,phases,ref  ] GC(3040)       PhantomReference:
[442.356s][debug][gc,phases,ref  ] GC(3040)         Discovered: 0
[442.356s][debug][gc,phases,ref  ] GC(3040)         Cleared: 0
[442.356s][debug][gc,phases      ] GC(3040)     Weak Processing: 0.0ms
[442.356s][debug][gc,phases      ] GC(3040)       JVMTI weak processing: 0.0ms
[442.356s][debug][gc,phases      ] GC(3040)         Dead: 0
[442.356s][debug][gc,phases      ] GC(3040)         Total: 0
[442.356s][debug][gc,phases      ] GC(3040)       JFR weak processing: 0.0ms
[442.356s][debug][gc,phases      ] GC(3040)         Dead: 0
[442.356s][debug][gc,phases      ] GC(3040)         Total: 0
[442.356s][debug][gc,phases      ] GC(3040)       JNI weak                  Min:  0.0, Avg:  0.0, Max:  0.0, Diff:  0.0, Sum:  0.0, Workers: 5
[442.356s][debug][gc,phases      ] GC(3040)         Dead                      Min: 0, Avg:  0.0, Max: 0, Diff: 0, Sum: 0, Workers: 5
[442.356s][debug][gc,phases      ] GC(3040)         Total                     Min: 0, Avg: 13.6, Max: 52, Diff: 52, Sum: 68, Workers: 5
[442.356s][debug][gc,phases      ] GC(3040)       VM weak                   Min:  0.0, Avg:  0.0, Max:  0.0, Diff:  0.0, Sum:  0.0, Workers: 5
[442.356s][debug][gc,phases      ] GC(3040)         Dead                      Min: 0, Avg:  0.0, Max: 0, Diff: 0, Sum: 0, Workers: 5
[442.356s][debug][gc,phases      ] GC(3040)         Total                     Min: 0, Avg: 42.6, Max: 128, Diff: 128, Sum: 213, Workers: 5
[442.356s][debug][gc,phases      ] GC(3040)       StringTable weak          Min:  0.0, Avg:  0.0, Max:  0.0, Diff:  0.0, Sum:  0.1, Workers: 5
[442.356s][debug][gc,phases      ] GC(3040)         Dead                      Min: 0, Avg:  0.0, Max: 0, Diff: 0, Sum: 0, Workers: 5
[442.356s][debug][gc,phases      ] GC(3040)         Total                     Min: 0, Avg: 682.0, Max: 1727, Diff: 1727, Sum: 3410, Workers: 5
[442.356s][debug][gc,phases      ] GC(3040)       ResolvedMethodTable weak  Min:  0.0, Avg:  0.0, Max:  0.0, Diff:  0.0, Sum:  0.0, Workers: 5
[442.356s][debug][gc,phases      ] GC(3040)         Dead                      Min: 0, Avg:  0.0, Max: 0, Diff: 0, Sum: 0, Workers: 5
[442.356s][debug][gc,phases      ] GC(3040)         Total                     Min: 0, Avg: 114.8, Max: 318, Diff: 318, Sum: 574, Workers: 5
[442.356s][debug][gc,phases      ] GC(3040)     Merge Per-Thread State: 0.0ms
[442.356s][debug][gc,phases      ] GC(3040)       Copied Bytes              Min: 0, Avg: 68.0, Max: 296, Diff: 296, Sum: 544, Workers: 8
[442.356s][debug][gc,phases      ] GC(3040)       LAB Waste                 Min: 0, Avg:  0.0, Max: 0, Diff: 0, Sum: 0, Workers: 8
[442.356s][debug][gc,phases      ] GC(3040)       LAB Undo Waste            Min: 0, Avg:  0.0, Max: 0, Diff: 0, Sum: 0, Workers: 8
[442.356s][debug][gc,phases      ] GC(3040)     Code Roots Purge: 0.0ms
[442.356s][debug][gc,phases      ] GC(3040)     Redirty Cards: 0.0ms
[442.356s][debug][gc,phases      ] GC(3040)     DerivedPointerTable Update: 0.0ms
[442.356s][debug][gc,phases      ] GC(3040)     Free Collection Set: 0.1ms
[442.356s][debug][gc,phases      ] GC(3040)     Rebuild Free List: 0.1ms
[442.356s][debug][gc,phases      ] GC(3040)     Humongous Reclaim: 0.0ms
[442.356s][debug][gc,phases      ] GC(3040)     Start New Collection Set: 0.0ms
[442.356s][debug][gc,phases      ] GC(3040)     Resize TLABs: 0.0ms
[442.356s][debug][gc,phases      ] GC(3040)     Expand Heap After Collection: 0.0ms
[442.356s][info ][gc,phases      ] GC(3040)   Other: 0.3ms
[442.356s][info ][gc,heap        ] GC(3040) Eden regions: 180->0(180)
[442.356s][info ][gc,heap        ] GC(3040) Survivor regions: 1->1(23)
[442.356s][info ][gc,heap        ] GC(3040) Old regions: 7->7
[442.356s][info ][gc,heap        ] GC(3040) Archive regions: 2->2
[442.356s][info ][gc,heap        ] GC(3040) Humongous regions: 0->0
[442.356s][info ][gc,metaspace   ] GC(3040) Metaspace: 9905K(10624K)->9905K(10624K) NonClass: 8758K(9216K)->8758K(9216K) Class: 1146K(1408K)->1146K(1408K)
[442.356s][debug][gc,heap        ] GC(3040) Heap after GC invocations=3041 (full 1): garbage-first heap   total 309248K, used 4063K [0x0000000700000000, 0x0000000800000000)
[442.356s][debug][gc,heap        ] GC(3040)   region size 1024K, 1 young (1024K), 1 survivors (1024K)
[442.356s][debug][gc,heap        ] GC(3040)  Metaspace       used 9905K, capacity 10179K, committed 10624K, reserved 1058816K
[442.356s][debug][gc,heap        ] GC(3040)   class space    used 1146K, capacity 1267K, committed 1408K, reserved 1048576K
[442.356s][info ][gc             ] GC(3040) Pause Young (Normal) (G1 Evacuation Pause) 183M->3M(302M) 1.813ms
[442.356s][info ][gc,cpu         ] GC(3040) User=0.00s Sys=0.00s Real=0.00s
[442.356s][info ][safepoint      ] Safepoint "G1CollectForAllocation", Time since last: 143779361 ns, Reaching safepoint: 111714 ns, At safepoint: 1997648 ns, Total: 2109362 ns
[442.488s][debug][gc,heap        ] GC(3041) Heap before GC invocations=3041 (full 1): garbage-first heap   total 309248K, used 188383K [0x0000000700000000, 0x0000000800000000)
[442.488s][debug][gc,heap        ] GC(3041)   region size 1024K, 181 young (185344K), 1 survivors (1024K)
[442.488s][debug][gc,heap        ] GC(3041)  Metaspace       used 9905K, capacity 10179K, committed 10624K, reserved 1058816K
[442.488s][debug][gc,heap        ] GC(3041)   class space    used 1146K, capacity 1267K, committed 1408K, reserved 1048576K
[442.488s][info ][gc,start       ] GC(3041) Pause Young (Normal) (G1 Evacuation Pause)
[442.488s][info ][gc,task        ] GC(3041) Using 8 workers of 8 for evacuation
[442.488s][debug][gc,tlab        ] GC(3041) TLAB totals: thrds: 8  refills: 726 max: 106 slow allocs: 0 max 0 waste:  1.2% gc: 1873464B max: 466944B slow: 420320B max: 62056B fast: 0B max: 0B
[442.488s][debug][gc,age         ] GC(3041) Desired survivor size 12058624 bytes, new threshold 15 (max threshold 15)
[442.488s][debug][gc,alloc,region] GC(3041) Mutator Allocation stats, regions: 180, wasted size: 0B ( 0.0%)
[442.489s][debug][gc,ergo        ] GC(3041) Running G1 Merge Heap Roots using 8 workers for 181 regions
[442.489s][debug][gc,remset      ] GC(3041) Visited cards 256 Total dirty 2048 (12.50%) Total old 759808 (0.03%)
[442.489s][debug][gc,ergo        ] GC(3041) Running G1 Clear Card Table Task using 1 workers for 1 units of work for 182 regions.
[442.489s][debug][gc,ref         ] GC(3041) Skipped phase1 of Reference Processing due to unavailable references
[442.489s][debug][gc,ref         ] GC(3041) Skipped phase2 of Reference Processing due to unavailable references
[442.489s][debug][gc,ref         ] GC(3041) Skipped phase3 of Reference Processing due to unavailable references
[442.489s][debug][gc,ref         ] GC(3041) Skipped phase4 of Reference Processing due to unavailable references
[442.489s][debug][gc,ergo        ] GC(3041) Running G1 Free Collection Set using 8 workers for collection set length 181 (302)
[442.489s][debug][gc,ergo        ] GC(3041) Running G1 Rebuild Free List Task using 8 workers for rebuilding free list of 0 (4096) regions
[442.490s][trace][gc,age         ] GC(3041) Age table with threshold 15 (max threshold 15)
[442.490s][trace][gc,age         ] GC(3041) - age   1:        616 bytes,        616 total
[442.490s][debug][gc,plab        ] GC(3041) Young PLAB allocation: allocated: 16512B, wasted: 0B, unused: 15896B, used: 616B, undo waste: 0B, 
[442.490s][debug][gc,plab        ] GC(3041) Young other allocation: region end waste: 0B, regions filled: 1, direct allocated: 0B, failure used: 0B, failure wasted: 0B
[442.490s][debug][gc,plab        ] GC(3041) Young sizing: calculated: 120B, actual: 2064B
[442.490s][debug][gc,plab        ] GC(3041) Old PLAB allocation: allocated: 0B, wasted: 0B, unused: 0B, used: 0B, undo waste: 0B, 
[442.490s][debug][gc,plab        ] GC(3041) Old other allocation: region end waste: 0B, regions filled: 1, direct allocated: 0B, failure used: 0B, failure wasted: 0B
[442.490s][debug][gc,plab        ] GC(3041) Old sizing: calculated: 0B, actual: 2064B
[442.490s][debug][gc,ihop        ] GC(3041) Basic information (value update), threshold: 142501478B (45.00), target occupancy: 316669952B, current occupancy: 4171256B, recent allocation size: 0B, recent allocation duration: 133.10ms, recent old gen allocation rate: 0.00B/s, recent marking phase length: 0.00ms
[442.490s][debug][gc,ihop        ] GC(3041) Adaptive IHOP information (value update), threshold: 142501478B (47.37), internal target occupancy: 300836454B, occupancy: 4171256B, additional buffer size: 189792256B, predicted old gen allocation rate: 0.00B/s, predicted marking phase length: 0.00ms, prediction active: false
[442.490s][debug][gc,ergo,refine ] GC(3041) Concurrent refinement times: Logged Cards Scan time goal: 20.00ms Logged Cards Scan time: 0.00ms HCC time: 0.00ms
[442.490s][debug][gc,ergo,refine ] GC(3041) Updated Refinement Zones: green: 2048, yellow: 6144, red: 10240
[442.490s][info ][gc,phases      ] GC(3041)   Pre Evacuate Collection Set: 0.1ms
[442.490s][debug][gc,phases      ] GC(3041)     Prepare TLABs: 0.0ms
[442.490s][debug][gc,phases      ] GC(3041)     Choose Collection Set: 0.0ms
[442.490s][debug][gc,phases      ] GC(3041)     Region Register: 0.1ms
[442.490s][debug][gc,phases      ] GC(3041)     Prepare Heap Roots: 0.0ms
[442.490s][info ][gc,phases      ] GC(3041)   Merge Heap Roots: 0.2ms
[442.490s][debug][gc,phases      ] GC(3041)     Prepare Merge Heap Roots: 0.0ms
[442.490s][debug][gc,phases      ] GC(3041)     Eager Reclaim (ms):       skipped
[442.490s][debug][gc,phases      ] GC(3041)     Remembered Sets (ms):     Min:  0.0, Avg:  0.0, Max:  0.0, Diff:  0.0, Sum:  0.1, Workers: 8
[442.490s][debug][gc,phases      ] GC(3041)       Merged Sparse:            Min: 0, Avg:  0.0, Max: 0, Diff: 0, Sum: 0, Workers: 8
[442.490s][debug][gc,phases      ] GC(3041)       Merged Fine:              Min: 0, Avg:  0.0, Max: 0, Diff: 0, Sum: 0, Workers: 8
[442.490s][debug][gc,phases      ] GC(3041)       Merged Coarse:            Min: 0, Avg:  0.0, Max: 0, Diff: 0, Sum: 0, Workers: 8
[442.490s][debug][gc,phases      ] GC(3041)       Dirty Cards:              Min: 0, Avg:  0.0, Max: 0, Diff: 0, Sum: 0, Workers: 8
[442.490s][debug][gc,phases      ] GC(3041)     Hot Card Cache (ms):      Min:  0.0, Avg:  0.0, Max:  0.0, Diff:  0.0, Sum:  0.0, Workers: 8
[442.490s][debug][gc,phases      ] GC(3041)       Dirty Cards:              Min: 0, Avg:  0.0, Max: 0, Diff: 0, Sum: 0, Workers: 8
[442.490s][debug][gc,phases      ] GC(3041)       Skipped Cards:            Min: 0, Avg:  0.0, Max: 0, Diff: 0, Sum: 0, Workers: 8
[442.490s][debug][gc,phases      ] GC(3041)     Log Buffers (ms):         Min:  0.0, Avg:  0.0, Max:  0.0, Diff:  0.0, Sum:  0.0, Workers: 8
[442.490s][debug][gc,phases      ] GC(3041)       Dirty Cards:              Min: 0, Avg:  0.1, Max: 1, Diff: 1, Sum: 1, Workers: 8
[442.490s][debug][gc,phases      ] GC(3041)       Skipped Cards:            Min: 0, Avg:  0.0, Max: 0, Diff: 0, Sum: 0, Workers: 8
[442.490s][info ][gc,phases      ] GC(3041)   Evacuate Collection Set: 0.2ms
[442.490s][debug][gc,phases      ] GC(3041)     Ext Root Scanning (ms):   Min:  0.0, Avg:  0.0, Max:  0.1, Diff:  0.0, Sum:  0.3, Workers: 8
[442.490s][debug][gc,phases      ] GC(3041)     Scan Heap Roots (ms):     Min:  0.0, Avg:  0.0, Max:  0.0, Diff:  0.0, Sum:  0.0, Workers: 8
[442.490s][debug][gc,phases      ] GC(3041)       Scanned Cards:            Min: 0, Avg:  0.1, Max: 1, Diff: 1, Sum: 1, Workers: 8
[442.490s][debug][gc,phases      ] GC(3041)       Scanned Blocks:           Min: 0, Avg:  0.1, Max: 1, Diff: 1, Sum: 1, Workers: 8
[442.490s][debug][gc,phases      ] GC(3041)       Claimed Chunks:           Min: 0, Avg:  0.1, Max: 1, Diff: 1, Sum: 1, Workers: 8
[442.490s][debug][gc,phases      ] GC(3041)     Code Root Scan (ms):      Min:  0.0, Avg:  0.0, Max:  0.0, Diff:  0.0, Sum:  0.1, Workers: 8
[442.490s][debug][gc,phases      ] GC(3041)     Object Copy (ms):         Min:  0.0, Avg:  0.0, Max:  0.0, Diff:  0.0, Sum:  0.0, Workers: 8
[442.490s][debug][gc,phases      ] GC(3041)     Termination (ms):         Min:  0.1, Avg:  0.1, Max:  0.1, Diff:  0.0, Sum:  0.8, Workers: 8
[442.490s][debug][gc,phases      ] GC(3041)       Termination Attempts:     Min: 1, Avg:  1.0, Max: 1, Diff: 0, Sum: 8, Workers: 8
[442.490s][debug][gc,phases      ] GC(3041)     GC Worker Other (ms):     Min:  0.0, Avg:  0.0, Max:  0.0, Diff:  0.0, Sum:  0.2, Workers: 8
[442.490s][debug][gc,phases      ] GC(3041)     GC Worker Total (ms):     Min:  0.1, Avg:  0.2, Max:  0.2, Diff:  0.1, Sum:  1.4, Workers: 8
[442.490s][info ][gc,phases      ] GC(3041)   Post Evacuate Collection Set: 0.5ms
[442.490s][debug][gc,phases      ] GC(3041)     Code Roots Fixup: 0.0ms
[442.490s][debug][gc,phases      ] GC(3041)     Clear Card Table: 0.1ms
[442.490s][debug][gc,phases      ] GC(3041)     Reference Processing: 0.1ms
[442.490s][debug][gc,phases,ref  ] GC(3041)       Reconsider SoftReferences: 0.0ms
[442.490s][debug][gc,phases,ref  ] GC(3041)         SoftRef (ms):             skipped
[442.490s][debug][gc,phases,ref  ] GC(3041)       Notify Soft/WeakReferences: 0.0ms
[442.490s][debug][gc,phases,ref  ] GC(3041)         SoftRef (ms):             skipped
[442.490s][debug][gc,phases,ref  ] GC(3041)         WeakRef (ms):             skipped
[442.490s][debug][gc,phases,ref  ] GC(3041)         FinalRef (ms):            skipped
[442.490s][debug][gc,phases,ref  ] GC(3041)         Total (ms):               skipped
[442.490s][debug][gc,phases,ref  ] GC(3041)       Notify and keep alive finalizable: 0.0ms
[442.490s][debug][gc,phases,ref  ] GC(3041)         FinalRef (ms):            skipped
[442.490s][debug][gc,phases,ref  ] GC(3041)       Notify PhantomReferences: 0.0ms
[442.490s][debug][gc,phases,ref  ] GC(3041)         PhantomRef (ms):          skipped
[442.490s][debug][gc,phases,ref  ] GC(3041)       SoftReference:
[442.490s][debug][gc,phases,ref  ] GC(3041)         Discovered: 0
[442.490s][debug][gc,phases,ref  ] GC(3041)         Cleared: 0
[442.490s][debug][gc,phases,ref  ] GC(3041)       WeakReference:
[442.490s][debug][gc,phases,ref  ] GC(3041)         Discovered: 0
[442.490s][debug][gc,phases,ref  ] GC(3041)         Cleared: 0
[442.490s][debug][gc,phases,ref  ] GC(3041)       FinalReference:
[442.490s][debug][gc,phases,ref  ] GC(3041)         Discovered: 0
[442.490s][debug][gc,phases,ref  ] GC(3041)         Cleared: 0
[442.490s][debug][gc,phases,ref  ] GC(3041)       PhantomReference:
[442.490s][debug][gc,phases,ref  ] GC(3041)         Discovered: 0
[442.490s][debug][gc,phases,ref  ] GC(3041)         Cleared: 0
[442.490s][debug][gc,phases      ] GC(3041)     Weak Processing: 0.1ms
[442.490s][debug][gc,phases      ] GC(3041)       JVMTI weak processing: 0.0ms
[442.491s][debug][gc,phases      ] GC(3041)         Dead: 0
[442.491s][debug][gc,phases      ] GC(3041)         Total: 0
[442.491s][debug][gc,phases      ] GC(3041)       JFR weak processing: 0.0ms
[442.491s][debug][gc,phases      ] GC(3041)         Dead: 0
[442.491s][debug][gc,phases      ] GC(3041)         Total: 0
[442.491s][debug][gc,phases      ] GC(3041)       JNI weak                  Min:  0.0, Avg:  0.0, Max:  0.0, Diff:  0.0, Sum:  0.0, Workers: 5
[442.491s][debug][gc,phases      ] GC(3041)         Dead                      Min: 0, Avg:  0.0, Max: 0, Diff: 0, Sum: 0, Workers: 5
[442.491s][debug][gc,phases      ] GC(3041)         Total                     Min: 0, Avg: 13.6, Max: 52, Diff: 52, Sum: 68, Workers: 5
[442.491s][debug][gc,phases      ] GC(3041)       VM weak                   Min:  0.0, Avg:  0.0, Max:  0.0, Diff:  0.0, Sum:  0.0, Workers: 5
[442.491s][debug][gc,phases      ] GC(3041)         Dead                      Min: 0, Avg:  0.0, Max: 0, Diff: 0, Sum: 0, Workers: 5
[442.491s][debug][gc,phases      ] GC(3041)         Total                     Min: 0, Avg: 42.6, Max: 64, Diff: 64, Sum: 213, Workers: 5
[442.491s][debug][gc,phases      ] GC(3041)       StringTable weak          Min:  0.0, Avg:  0.0, Max:  0.0, Diff:  0.0, Sum:  0.1, Workers: 5
[442.491s][debug][gc,phases      ] GC(3041)         Dead                      Min: 0, Avg:  0.0, Max: 0, Diff: 0, Sum: 0, Workers: 5
[442.491s][debug][gc,phases      ] GC(3041)         Total                     Min: 0, Avg: 682.0, Max: 895, Diff: 895, Sum: 3410, Workers: 5
[442.491s][debug][gc,phases      ] GC(3041)       ResolvedMethodTable weak  Min:  0.0, Avg:  0.0, Max:  0.0, Diff:  0.0, Sum:  0.0, Workers: 5
[442.491s][debug][gc,phases      ] GC(3041)         Dead                      Min: 0, Avg:  0.0, Max: 0, Diff: 0, Sum: 0, Workers: 5
[442.491s][debug][gc,phases      ] GC(3041)         Total                     Min: 0, Avg: 114.8, Max: 190, Diff: 190, Sum: 574, Workers: 5
[442.491s][debug][gc,phases      ] GC(3041)     Merge Per-Thread State: 0.0ms
[442.491s][debug][gc,phases      ] GC(3041)       Copied Bytes              Min: 0, Avg: 77.0, Max: 152, Diff: 152, Sum: 616, Workers: 8
[442.491s][debug][gc,phases      ] GC(3041)       LAB Waste                 Min: 0, Avg:  0.0, Max: 0, Diff: 0, Sum: 0, Workers: 8
[442.491s][debug][gc,phases      ] GC(3041)       LAB Undo Waste            Min: 0, Avg:  0.0, Max: 0, Diff: 0, Sum: 0, Workers: 8
[442.491s][debug][gc,phases      ] GC(3041)     Code Roots Purge: 0.0ms
[442.491s][debug][gc,phases      ] GC(3041)     Redirty Cards: 0.0ms
[442.491s][debug][gc,phases      ] GC(3041)     DerivedPointerTable Update: 0.0ms
[442.491s][debug][gc,phases      ] GC(3041)     Free Collection Set: 0.2ms
[442.491s][debug][gc,phases      ] GC(3041)     Rebuild Free List: 0.1ms
[442.491s][debug][gc,phases      ] GC(3041)     Humongous Reclaim: 0.0ms
[442.491s][debug][gc,phases      ] GC(3041)     Start New Collection Set: 0.0ms
[442.491s][debug][gc,phases      ] GC(3041)     Resize TLABs: 0.0ms
[442.491s][debug][gc,phases      ] GC(3041)     Expand Heap After Collection: 0.0ms
[442.491s][info ][gc,phases      ] GC(3041)   Other: 0.5ms
[442.491s][info ][gc,heap        ] GC(3041) Eden regions: 180->0(180)
[442.491s][info ][gc,heap        ] GC(3041) Survivor regions: 1->1(23)
[442.491s][info ][gc,heap        ] GC(3041) Old regions: 7->7
[442.491s][info ][gc,heap        ] GC(3041) Archive regions: 2->2
[442.491s][info ][gc,heap        ] GC(3041) Humongous regions: 0->0
[442.491s][info ][gc,metaspace   ] GC(3041) Metaspace: 9905K(10624K)->9905K(10624K) NonClass: 8758K(9216K)->8758K(9216K) Class: 1146K(1408K)->1146K(1408K)
[442.491s][debug][gc,heap        ] GC(3041) Heap after GC invocations=3042 (full 1): garbage-first heap   total 309248K, used 4073K [0x0000000700000000, 0x0000000800000000)
[442.491s][debug][gc,heap        ] GC(3041)   region size 1024K, 1 young (1024K), 1 survivors (1024K)
[442.491s][debug][gc,heap        ] GC(3041)  Metaspace       used 9905K, capacity 10179K, committed 10624K, reserved 1058816K
[442.491s][debug][gc,heap        ] GC(3041)   class space    used 1146K, capacity 1267K, committed 1408K, reserved 1048576K
[442.491s][info ][gc             ] GC(3041) Pause Young (Normal) (G1 Evacuation Pause) 183M->3M(302M) 2.639ms
[442.491s][info ][gc,cpu         ] GC(3041) User=0.00s Sys=0.01s Real=0.00s
[442.491s][info ][safepoint      ] Safepoint "G1CollectForAllocation", Time since last: 131648443 ns, Reaching safepoint: 191127 ns, At safepoint: 2880604 ns, Total: 3071731 ns
[442.638s][debug][gc,heap        ] GC(3042) Heap before GC invocations=3042 (full 1): garbage-first heap   total 309248K, used 188393K [0x0000000700000000, 0x0000000800000000)
[442.638s][debug][gc,heap        ] GC(3042)   region size 1024K, 181 young (185344K), 1 survivors (1024K)
[442.638s][debug][gc,heap        ] GC(3042)  Metaspace       used 9905K, capacity 10179K, committed 10624K, reserved 1058816K
[442.638s][debug][gc,heap        ] GC(3042)   class space    used 1146K, capacity 1267K, committed 1408K, reserved 1048576K
[442.638s][info ][gc,start       ] GC(3042) Pause Young (Normal) (G1 Evacuation Pause)
[442.638s][info ][gc,task        ] GC(3042) Using 8 workers of 8 for evacuation
[442.638s][debug][gc,tlab        ] GC(3042) TLAB totals: thrds: 8  refills: 725 max: 96 slow allocs: 0 max 0 waste:  1.1% gc: 1681728B max: 398320B slow: 419680B max: 56264B fast: 0B max: 0B
[442.638s][debug][gc,age         ] GC(3042) Desired survivor size 12058624 bytes, new threshold 15 (max threshold 15)
[442.638s][debug][gc,alloc,region] GC(3042) Mutator Allocation stats, regions: 180, wasted size: 0B ( 0.0%)
[442.638s][debug][gc,ergo        ] GC(3042) Running G1 Merge Heap Roots using 8 workers for 181 regions
[442.638s][debug][gc,remset      ] GC(3042) Visited cards 256 Total dirty 2048 (12.50%) Total old 759808 (0.03%)
[442.638s][debug][gc,ergo        ] GC(3042) Running G1 Clear Card Table Task using 1 workers for 1 units of work for 182 regions.
[442.638s][debug][gc,ref         ] GC(3042) Skipped phase1 of Reference Processing due to unavailable references
[442.638s][debug][gc,ref         ] GC(3042) Skipped phase2 of Reference Processing due to unavailable references
[442.638s][debug][gc,ref         ] GC(3042) Skipped phase3 of Reference Processing due to unavailable references
[442.638s][debug][gc,ref         ] GC(3042) Skipped phase4 of Reference Processing due to unavailable references
[442.638s][debug][gc,ergo        ] GC(3042) Running G1 Free Collection Set using 8 workers for collection set length 181 (302)
[442.638s][debug][gc,ergo        ] GC(3042) Running G1 Rebuild Free List Task using 8 workers for rebuilding free list of 0 (4096) regions
[442.638s][trace][gc,age         ] GC(3042) Age table with threshold 15 (max threshold 15)
[442.638s][trace][gc,age         ] GC(3042) - age   1:        536 bytes,        536 total
[442.638s][debug][gc,plab        ] GC(3042) Young PLAB allocation: allocated: 12384B, wasted: 0B, unused: 11848B, used: 536B, undo waste: 0B, 
[442.638s][debug][gc,plab        ] GC(3042) Young other allocation: region end waste: 0B, regions filled: 1, direct allocated: 0B, failure used: 0B, failure wasted: 0B
[442.638s][debug][gc,plab        ] GC(3042) Young sizing: calculated: 104B, actual: 2064B
[442.639s][debug][gc,plab        ] GC(3042) Old PLAB allocation: allocated: 0B, wasted: 0B, unused: 0B, used: 0B, undo waste: 0B, 
[442.639s][debug][gc,plab        ] GC(3042) Old other allocation: region end waste: 0B, regions filled: 1, direct allocated: 0B, failure used: 0B, failure wasted: 0B
[442.639s][debug][gc,plab        ] GC(3042) Old sizing: calculated: 0B, actual: 2064B
[442.639s][debug][gc,ihop        ] GC(3042) Basic information (value update), threshold: 142501478B (45.00), target occupancy: 316669952B, current occupancy: 4167128B, recent allocation size: 0B, recent allocation duration: 148.09ms, recent old gen allocation rate: 0.00B/s, recent marking phase length: 0.00ms
[442.639s][debug][gc,ihop        ] GC(3042) Adaptive IHOP information (value update), threshold: 142501478B (47.37), internal target occupancy: 300836454B, occupancy: 4167128B, additional buffer size: 189792256B, predicted old gen allocation rate: 0.00B/s, predicted marking phase length: 0.00ms, prediction active: false
[442.639s][debug][gc,ergo,refine ] GC(3042) Concurrent refinement times: Logged Cards Scan time goal: 20.00ms Logged Cards Scan time: 0.00ms HCC time: 0.00ms
[442.639s][debug][gc,ergo,refine ] GC(3042) Updated Refinement Zones: green: 2048, yellow: 6144, red: 10240
[442.639s][info ][gc,phases      ] GC(3042)   Pre Evacuate Collection Set: 0.1ms
[442.639s][debug][gc,phases      ] GC(3042)     Prepare TLABs: 0.0ms
[442.639s][debug][gc,phases      ] GC(3042)     Choose Collection Set: 0.0ms
[442.639s][debug][gc,phases      ] GC(3042)     Region Register: 0.1ms
[442.639s][debug][gc,phases      ] GC(3042)     Prepare Heap Roots: 0.0ms
[442.639s][info ][gc,phases      ] GC(3042)   Merge Heap Roots: 0.1ms
[442.639s][debug][gc,phases      ] GC(3042)     Prepare Merge Heap Roots: 0.0ms
[442.639s][debug][gc,phases      ] GC(3042)     Eager Reclaim (ms):       skipped
[442.639s][debug][gc,phases      ] GC(3042)     Remembered Sets (ms):     Min:  0.0, Avg:  0.0, Max:  0.0, Diff:  0.0, Sum:  0.1, Workers: 8
[442.639s][debug][gc,phases      ] GC(3042)       Merged Sparse:            Min: 0, Avg:  0.0, Max: 0, Diff: 0, Sum: 0, Workers: 8
[442.639s][debug][gc,phases      ] GC(3042)       Merged Fine:              Min: 0, Avg:  0.0, Max: 0, Diff: 0, Sum: 0, Workers: 8
[442.639s][debug][gc,phases      ] GC(3042)       Merged Coarse:            Min: 0, Avg:  0.0, Max: 0, Diff: 0, Sum: 0, Workers: 8
[442.639s][debug][gc,phases      ] GC(3042)       Dirty Cards:              Min: 0, Avg:  0.0, Max: 0, Diff: 0, Sum: 0, Workers: 8
[442.639s][debug][gc,phases      ] GC(3042)     Hot Card Cache (ms):      Min:  0.0, Avg:  0.0, Max:  0.0, Diff:  0.0, Sum:  0.0, Workers: 8
[442.639s][debug][gc,phases      ] GC(3042)       Dirty Cards:              Min: 0, Avg:  0.0, Max: 0, Diff: 0, Sum: 0, Workers: 8
[442.639s][debug][gc,phases      ] GC(3042)       Skipped Cards:            Min: 0, Avg:  0.0, Max: 0, Diff: 0, Sum: 0, Workers: 8
[442.639s][debug][gc,phases      ] GC(3042)     Log Buffers (ms):         Min:  0.0, Avg:  0.0, Max:  0.0, Diff:  0.0, Sum:  0.0, Workers: 8
[442.639s][debug][gc,phases      ] GC(3042)       Dirty Cards:              Min: 0, Avg:  0.1, Max: 1, Diff: 1, Sum: 1, Workers: 8
[442.639s][debug][gc,phases      ] GC(3042)       Skipped Cards:            Min: 0, Avg:  0.0, Max: 0, Diff: 0, Sum: 0, Workers: 8
[442.639s][info ][gc,phases      ] GC(3042)   Evacuate Collection Set: 0.1ms
[442.639s][debug][gc,phases      ] GC(3042)     Ext Root Scanning (ms):   Min:  0.0, Avg:  0.0, Max:  0.1, Diff:  0.1, Sum:  0.2, Workers: 8
[442.639s][debug][gc,phases      ] GC(3042)     Scan Heap Roots (ms):     Min:  0.0, Avg:  0.0, Max:  0.0, Diff:  0.0, Sum:  0.0, Workers: 8
[442.639s][debug][gc,phases      ] GC(3042)       Scanned Cards:            Min: 0, Avg:  0.1, Max: 1, Diff: 1, Sum: 1, Workers: 8
[442.639s][debug][gc,phases      ] GC(3042)       Scanned Blocks:           Min: 0, Avg:  0.1, Max: 1, Diff: 1, Sum: 1, Workers: 8
[442.639s][debug][gc,phases      ] GC(3042)       Claimed Chunks:           Min: 0, Avg:  0.1, Max: 1, Diff: 1, Sum: 1, Workers: 8
[442.639s][debug][gc,phases      ] GC(3042)     Code Root Scan (ms):      Min:  0.0, Avg:  0.0, Max:  0.0, Diff:  0.0, Sum:  0.0, Workers: 8
[442.639s][debug][gc,phases      ] GC(3042)     Object Copy (ms):         Min:  0.0, Avg:  0.0, Max:  0.0, Diff:  0.0, Sum:  0.0, Workers: 8
[442.639s][debug][gc,phases      ] GC(3042)     Termination (ms):         Min:  0.0, Avg:  0.0, Max:  0.1, Diff:  0.0, Sum:  0.3, Workers: 8
[442.639s][debug][gc,phases      ] GC(3042)       Termination Attempts:     Min: 1, Avg:  1.0, Max: 1, Diff: 0, Sum: 8, Workers: 8
[442.639s][debug][gc,phases      ] GC(3042)     GC Worker Other (ms):     Min:  0.0, Avg:  0.0, Max:  0.0, Diff:  0.0, Sum:  0.1, Workers: 8
[442.639s][debug][gc,phases      ] GC(3042)     GC Worker Total (ms):     Min:  0.1, Avg:  0.1, Max:  0.1, Diff:  0.0, Sum:  0.7, Workers: 8
[442.639s][info ][gc,phases      ] GC(3042)   Post Evacuate Collection Set: 0.3ms
[442.639s][debug][gc,phases      ] GC(3042)     Code Roots Fixup: 0.0ms
[442.639s][debug][gc,phases      ] GC(3042)     Clear Card Table: 0.1ms
[442.639s][debug][gc,phases      ] GC(3042)     Reference Processing: 0.0ms
[442.639s][debug][gc,phases,ref  ] GC(3042)       Reconsider SoftReferences: 0.0ms
[442.639s][debug][gc,phases,ref  ] GC(3042)         SoftRef (ms):             skipped
[442.639s][debug][gc,phases,ref  ] GC(3042)       Notify Soft/WeakReferences: 0.0ms
[442.639s][debug][gc,phases,ref  ] GC(3042)         SoftRef (ms):             skipped
[442.639s][debug][gc,phases,ref  ] GC(3042)         WeakRef (ms):             skipped
[442.639s][debug][gc,phases,ref  ] GC(3042)         FinalRef (ms):            skipped
[442.639s][debug][gc,phases,ref  ] GC(3042)         Total (ms):               skipped
[442.639s][debug][gc,phases,ref  ] GC(3042)       Notify and keep alive finalizable: 0.0ms
[442.639s][debug][gc,phases,ref  ] GC(3042)         FinalRef (ms):            skipped
[442.639s][debug][gc,phases,ref  ] GC(3042)       Notify PhantomReferences: 0.0ms
[442.639s][debug][gc,phases,ref  ] GC(3042)         PhantomRef (ms):          skipped
[442.639s][debug][gc,phases,ref  ] GC(3042)       SoftReference:
[442.639s][debug][gc,phases,ref  ] GC(3042)         Discovered: 0
[442.639s][debug][gc,phases,ref  ] GC(3042)         Cleared: 0
[442.639s][debug][gc,phases,ref  ] GC(3042)       WeakReference:
[442.639s][debug][gc,phases,ref  ] GC(3042)         Discovered: 0
[442.639s][debug][gc,phases,ref  ] GC(3042)         Cleared: 0
[442.639s][debug][gc,phases,ref  ] GC(3042)       FinalReference:
[442.639s][debug][gc,phases,ref  ] GC(3042)         Discovered: 0
[442.639s][debug][gc,phases,ref  ] GC(3042)         Cleared: 0
[442.639s][debug][gc,phases,ref  ] GC(3042)       PhantomReference:
[442.639s][debug][gc,phases,ref  ] GC(3042)         Discovered: 0
[442.639s][debug][gc,phases,ref  ] GC(3042)         Cleared: 0
[442.639s][debug][gc,phases      ] GC(3042)     Weak Processing: 0.1ms
[442.639s][debug][gc,phases      ] GC(3042)       JVMTI weak processing: 0.0ms
[442.639s][debug][gc,phases      ] GC(3042)         Dead: 0
[442.639s][debug][gc,phases      ] GC(3042)         Total: 0
[442.639s][debug][gc,phases      ] GC(3042)       JFR weak processing: 0.0ms
[442.639s][debug][gc,phases      ] GC(3042)         Dead: 0
[442.639s][debug][gc,phases      ] GC(3042)         Total: 0
[442.639s][debug][gc,phases      ] GC(3042)       JNI weak                  Min:  0.0, Avg:  0.0, Max:  0.0, Diff:  0.0, Sum:  0.0, Workers: 5
[442.639s][debug][gc,phases      ] GC(3042)         Dead                      Min: 0, Avg:  0.0, Max: 0, Diff: 0, Sum: 0, Workers: 5
[442.639s][debug][gc,phases      ] GC(3042)         Total                     Min: 0, Avg: 13.6, Max: 52, Diff: 52, Sum: 68, Workers: 5
[442.639s][debug][gc,phases      ] GC(3042)       VM weak                   Min:  0.0, Avg:  0.0, Max:  0.0, Diff:  0.0, Sum:  0.0, Workers: 5
[442.639s][debug][gc,phases      ] GC(3042)         Dead                      Min: 0, Avg:  0.0, Max: 0, Diff: 0, Sum: 0, Workers: 5
[442.639s][debug][gc,phases      ] GC(3042)         Total                     Min: 0, Avg: 42.6, Max: 128, Diff: 128, Sum: 213, Workers: 5
[442.639s][debug][gc,phases      ] GC(3042)       StringTable weak          Min:  0.0, Avg:  0.0, Max:  0.0, Diff:  0.0, Sum:  0.1, Workers: 5
[442.639s][debug][gc,phases      ] GC(3042)         Dead                      Min: 0, Avg:  0.0, Max: 0, Diff: 0, Sum: 0, Workers: 5
[442.639s][debug][gc,phases      ] GC(3042)         Total                     Min: 0, Avg: 682.0, Max: 1746, Diff: 1746, Sum: 3410, Workers: 5
[442.639s][debug][gc,phases      ] GC(3042)       ResolvedMethodTable weak  Min:  0.0, Avg:  0.0, Max:  0.0, Diff:  0.0, Sum:  0.0, Workers: 5
[442.639s][debug][gc,phases      ] GC(3042)         Dead                      Min: 0, Avg:  0.0, Max: 0, Diff: 0, Sum: 0, Workers: 5
[442.639s][debug][gc,phases      ] GC(3042)         Total                     Min: 0, Avg: 114.8, Max: 256, Diff: 256, Sum: 574, Workers: 5
[442.639s][debug][gc,phases      ] GC(3042)     Merge Per-Thread State: 0.0ms
[442.639s][debug][gc,phases      ] GC(3042)       Copied Bytes              Min: 0, Avg: 67.0, Max: 144, Diff: 144, Sum: 536, Workers: 8
[442.639s][debug][gc,phases      ] GC(3042)       LAB Waste                 Min: 0, Avg:  0.0, Max: 0, Diff: 0, Sum: 0, Workers: 8
[442.639s][debug][gc,phases      ] GC(3042)       LAB Undo Waste            Min: 0, Avg:  0.0, Max: 0, Diff: 0, Sum: 0, Workers: 8
[442.639s][debug][gc,phases      ] GC(3042)     Code Roots Purge: 0.0ms
[442.639s][debug][gc,phases      ] GC(3042)     Redirty Cards: 0.0ms
[442.639s][debug][gc,phases      ] GC(3042)     DerivedPointerTable Update: 0.0ms
[442.639s][debug][gc,phases      ] GC(3042)     Free Collection Set: 0.1ms
[442.639s][debug][gc,phases      ] GC(3042)     Rebuild Free List: 0.1ms
[442.639s][debug][gc,phases      ] GC(3042)     Humongous Reclaim: 0.0ms
[442.639s][debug][gc,phases      ] GC(3042)     Start New Collection Set: 0.0ms
[442.639s][debug][gc,phases      ] GC(3042)     Resize TLABs: 0.0ms
[442.639s][debug][gc,phases      ] GC(3042)     Expand Heap After Collection: 0.0ms
[442.639s][info ][gc,phases      ] GC(3042)   Other: 0.3ms
[442.639s][info ][gc,heap        ] GC(3042) Eden regions: 180->0(180)
[442.639s][info ][gc,heap        ] GC(3042) Survivor regions: 1->1(23)
[442.639s][info ][gc,heap        ] GC(3042) Old regions: 7->7
[442.639s][info ][gc,heap        ] GC(3042) Archive regions: 2->2
[442.639s][info ][gc,heap        ] GC(3042) Humongous regions: 0->0
[442.639s][info ][gc,metaspace   ] GC(3042) Metaspace: 9905K(10624K)->9905K(10624K) NonClass: 8758K(9216K)->8758K(9216K) Class: 1146K(1408K)->1146K(1408K)
[442.639s][debug][gc,heap        ] GC(3042) Heap after GC invocations=3043 (full 1): garbage-first heap   total 309248K, used 4069K [0x0000000700000000, 0x0000000800000000)
[442.639s][debug][gc,heap        ] GC(3042)   region size 1024K, 1 young (1024K), 1 survivors (1024K)
[442.639s][debug][gc,heap        ] GC(3042)  Metaspace       used 9905K, capacity 10179K, committed 10624K, reserved 1058816K
[442.640s][debug][gc,heap        ] GC(3042)   class space    used 1146K, capacity 1267K, committed 1408K, reserved 1048576K
[442.640s][info ][gc             ] GC(3042) Pause Young (Normal) (G1 Evacuation Pause) 183M->3M(302M) 1.814ms
[442.640s][info ][gc,cpu         ] GC(3042) User=0.00s Sys=0.00s Real=0.00s
[442.640s][info ][safepoint      ] Safepoint "G1CollectForAllocation", Time since last: 146315004 ns, Reaching safepoint: 161264 ns, At safepoint: 1997039 ns, Total: 2158303 ns
[442.788s][debug][gc,heap        ] GC(3043) Heap before GC invocations=3043 (full 1): garbage-first heap   total 309248K, used 188389K [0x0000000700000000, 0x0000000800000000)
[442.788s][debug][gc,heap        ] GC(3043)   region size 1024K, 181 young (185344K), 1 survivors (1024K)
[442.788s][debug][gc,heap        ] GC(3043)  Metaspace       used 9905K, capacity 10179K, committed 10624K, reserved 1058816K
[442.788s][debug][gc,heap        ] GC(3043)   class space    used 1146K, capacity 1267K, committed 1408K, reserved 1048576K
[442.788s][info ][gc,start       ] GC(3043) Pause Young (Normal) (G1 Evacuation Pause)
[442.788s][info ][gc,task        ] GC(3043) Using 8 workers of 8 for evacuation
[442.788s][debug][gc,tlab        ] GC(3043) TLAB totals: thrds: 8  refills: 725 max: 97 slow allocs: 0 max 0 waste:  1.2% gc: 1775360B max: 418608B slow: 419600B max: 56064B fast: 0B max: 0B
[442.788s][debug][gc,age         ] GC(3043) Desired survivor size 12058624 bytes, new threshold 15 (max threshold 15)
[442.788s][debug][gc,alloc,region] GC(3043) Mutator Allocation stats, regions: 180, wasted size: 0B ( 0.0%)
[442.788s][debug][gc,ergo        ] GC(3043) Running G1 Merge Heap Roots using 8 workers for 181 regions
[442.788s][debug][gc,remset      ] GC(3043) Visited cards 256 Total dirty 2048 (12.50%) Total old 759808 (0.03%)
[442.788s][debug][gc,ergo        ] GC(3043) Running G1 Clear Card Table Task using 1 workers for 1 units of work for 182 regions.
[442.788s][debug][gc,ref         ] GC(3043) Skipped phase1 of Reference Processing due to unavailable references
[442.788s][debug][gc,ref         ] GC(3043) Skipped phase2 of Reference Processing due to unavailable references
[442.788s][debug][gc,ref         ] GC(3043) Skipped phase3 of Reference Processing due to unavailable references
[442.788s][debug][gc,ref         ] GC(3043) Skipped phase4 of Reference Processing due to unavailable references
[442.788s][debug][gc,ergo        ] GC(3043) Running G1 Free Collection Set using 8 workers for collection set length 181 (302)
[442.789s][debug][gc,ergo        ] GC(3043) Running G1 Rebuild Free List Task using 8 workers for rebuilding free list of 0 (4096) regions
[442.789s][trace][gc,age         ] GC(3043) Age table with threshold 15 (max threshold 15)
[442.789s][trace][gc,age         ] GC(3043) - age   1:        560 bytes,        560 total
[442.789s][debug][gc,plab        ] GC(3043) Young PLAB allocation: allocated: 10320B, wasted: 0B, unused: 9760B, used: 560B, undo waste: 0B, 
[442.789s][debug][gc,plab        ] GC(3043) Young other allocation: region end waste: 0B, regions filled: 1, direct allocated: 0B, failure used: 0B, failure wasted: 0B
[442.789s][debug][gc,plab        ] GC(3043) Young sizing: calculated: 112B, actual: 2064B
[442.789s][debug][gc,plab        ] GC(3043) Old PLAB allocation: allocated: 0B, wasted: 0B, unused: 0B, used: 0B, undo waste: 0B, 
[442.789s][debug][gc,plab        ] GC(3043) Old other allocation: region end waste: 0B, regions filled: 1, direct allocated: 0B, failure used: 0B, failure wasted: 0B
[442.789s][debug][gc,plab        ] GC(3043) Old sizing: calculated: 0B, actual: 2064B
[442.789s][debug][gc,ihop        ] GC(3043) Basic information (value update), threshold: 142501478B (45.00), target occupancy: 316669952B, current occupancy: 4165064B, recent allocation size: 0B, recent allocation duration: 149.37ms, recent old gen allocation rate: 0.00B/s, recent marking phase length: 0.00ms
[442.789s][debug][gc,ihop        ] GC(3043) Adaptive IHOP information (value update), threshold: 142501478B (47.37), internal target occupancy: 300836454B, occupancy: 4165064B, additional buffer size: 189792256B, predicted old gen allocation rate: 0.00B/s, predicted marking phase length: 0.00ms, prediction active: false
[442.789s][debug][gc,ergo,refine ] GC(3043) Concurrent refinement times: Logged Cards Scan time goal: 20.00ms Logged Cards Scan time: 0.00ms HCC time: 0.00ms
[442.789s][debug][gc,ergo,refine ] GC(3043) Updated Refinement Zones: green: 2048, yellow: 6144, red: 10240
[442.789s][info ][gc,phases      ] GC(3043)   Pre Evacuate Collection Set: 0.1ms
[442.789s][debug][gc,phases      ] GC(3043)     Prepare TLABs: 0.0ms
[442.789s][debug][gc,phases      ] GC(3043)     Choose Collection Set: 0.0ms
[442.789s][debug][gc,phases      ] GC(3043)     Region Register: 0.1ms
[442.789s][debug][gc,phases      ] GC(3043)     Prepare Heap Roots: 0.0ms
[442.789s][info ][gc,phases      ] GC(3043)   Merge Heap Roots: 0.1ms
[442.789s][debug][gc,phases      ] GC(3043)     Prepare Merge Heap Roots: 0.0ms
[442.789s][debug][gc,phases      ] GC(3043)     Eager Reclaim (ms):       skipped
[442.789s][debug][gc,phases      ] GC(3043)     Remembered Sets (ms):     Min:  0.0, Avg:  0.0, Max:  0.0, Diff:  0.0, Sum:  0.0, Workers: 8
[442.789s][debug][gc,phases      ] GC(3043)       Merged Sparse:            Min: 0, Avg:  0.0, Max: 0, Diff: 0, Sum: 0, Workers: 8
[442.789s][debug][gc,phases      ] GC(3043)       Merged Fine:              Min: 0, Avg:  0.0, Max: 0, Diff: 0, Sum: 0, Workers: 8
[442.789s][debug][gc,phases      ] GC(3043)       Merged Coarse:            Min: 0, Avg:  0.0, Max: 0, Diff: 0, Sum: 0, Workers: 8
[442.789s][debug][gc,phases      ] GC(3043)       Dirty Cards:              Min: 0, Avg:  0.0, Max: 0, Diff: 0, Sum: 0, Workers: 8
[442.789s][debug][gc,phases      ] GC(3043)     Hot Card Cache (ms):      Min:  0.0, Avg:  0.0, Max:  0.0, Diff:  0.0, Sum:  0.0, Workers: 8
[442.789s][debug][gc,phases      ] GC(3043)       Dirty Cards:              Min: 0, Avg:  0.0, Max: 0, Diff: 0, Sum: 0, Workers: 8
[442.789s][debug][gc,phases      ] GC(3043)       Skipped Cards:            Min: 0, Avg:  0.0, Max: 0, Diff: 0, Sum: 0, Workers: 8
[442.789s][debug][gc,phases      ] GC(3043)     Log Buffers (ms):         Min:  0.0, Avg:  0.0, Max:  0.0, Diff:  0.0, Sum:  0.0, Workers: 8
[442.789s][debug][gc,phases      ] GC(3043)       Dirty Cards:              Min: 0, Avg:  0.1, Max: 1, Diff: 1, Sum: 1, Workers: 8
[442.789s][debug][gc,phases      ] GC(3043)       Skipped Cards:            Min: 0, Avg:  0.0, Max: 0, Diff: 0, Sum: 0, Workers: 8
[442.789s][info ][gc,phases      ] GC(3043)   Evacuate Collection Set: 0.1ms
[442.789s][debug][gc,phases      ] GC(3043)     Ext Root Scanning (ms):   Min:  0.0, Avg:  0.0, Max:  0.1, Diff:  0.0, Sum:  0.2, Workers: 8
[442.789s][debug][gc,phases      ] GC(3043)     Scan Heap Roots (ms):     Min:  0.0, Avg:  0.0, Max:  0.0, Diff:  0.0, Sum:  0.0, Workers: 8
[442.789s][debug][gc,phases      ] GC(3043)       Scanned Cards:            Min: 0, Avg:  0.1, Max: 1, Diff: 1, Sum: 1, Workers: 8
[442.789s][debug][gc,phases      ] GC(3043)       Scanned Blocks:           Min: 0, Avg:  0.1, Max: 1, Diff: 1, Sum: 1, Workers: 8
[442.789s][debug][gc,phases      ] GC(3043)       Claimed Chunks:           Min: 0, Avg:  0.1, Max: 1, Diff: 1, Sum: 1, Workers: 8
[442.789s][debug][gc,phases      ] GC(3043)     Code Root Scan (ms):      Min:  0.0, Avg:  0.0, Max:  0.0, Diff:  0.0, Sum:  0.0, Workers: 8
[442.789s][debug][gc,phases      ] GC(3043)     Object Copy (ms):         Min:  0.0, Avg:  0.0, Max:  0.0, Diff:  0.0, Sum:  0.0, Workers: 8
[442.789s][debug][gc,phases      ] GC(3043)     Termination (ms):         Min:  0.0, Avg:  0.0, Max:  0.0, Diff:  0.0, Sum:  0.3, Workers: 8
[442.789s][debug][gc,phases      ] GC(3043)       Termination Attempts:     Min: 1, Avg:  1.0, Max: 1, Diff: 0, Sum: 8, Workers: 8
[442.789s][debug][gc,phases      ] GC(3043)     GC Worker Other (ms):     Min:  0.0, Avg:  0.0, Max:  0.0, Diff:  0.0, Sum:  0.1, Workers: 8
[442.789s][debug][gc,phases      ] GC(3043)     GC Worker Total (ms):     Min:  0.1, Avg:  0.1, Max:  0.1, Diff:  0.0, Sum:  0.7, Workers: 8
[442.789s][info ][gc,phases      ] GC(3043)   Post Evacuate Collection Set: 0.3ms
[442.789s][debug][gc,phases      ] GC(3043)     Code Roots Fixup: 0.0ms
[442.789s][debug][gc,phases      ] GC(3043)     Clear Card Table: 0.1ms
[442.789s][debug][gc,phases      ] GC(3043)     Reference Processing: 0.0ms
[442.789s][debug][gc,phases,ref  ] GC(3043)       Reconsider SoftReferences: 0.0ms
[442.789s][debug][gc,phases,ref  ] GC(3043)         SoftRef (ms):             skipped
[442.789s][debug][gc,phases,ref  ] GC(3043)       Notify Soft/WeakReferences: 0.0ms
[442.789s][debug][gc,phases,ref  ] GC(3043)         SoftRef (ms):             skipped
[442.789s][debug][gc,phases,ref  ] GC(3043)         WeakRef (ms):             skipped
[442.789s][debug][gc,phases,ref  ] GC(3043)         FinalRef (ms):            skipped
[442.789s][debug][gc,phases,ref  ] GC(3043)         Total (ms):               skipped
[442.789s][debug][gc,phases,ref  ] GC(3043)       Notify and keep alive finalizable: 0.0ms
[442.789s][debug][gc,phases,ref  ] GC(3043)         FinalRef (ms):            skipped
[442.789s][debug][gc,phases,ref  ] GC(3043)       Notify PhantomReferences: 0.0ms
[442.789s][debug][gc,phases,ref  ] GC(3043)         PhantomRef (ms):          skipped
[442.789s][debug][gc,phases,ref  ] GC(3043)       SoftReference:
[442.789s][debug][gc,phases,ref  ] GC(3043)         Discovered: 0
[442.789s][debug][gc,phases,ref  ] GC(3043)         Cleared: 0
[442.789s][debug][gc,phases,ref  ] GC(3043)       WeakReference:
[442.789s][debug][gc,phases,ref  ] GC(3043)         Discovered: 0
[442.789s][debug][gc,phases,ref  ] GC(3043)         Cleared: 0
[442.789s][debug][gc,phases,ref  ] GC(3043)       FinalReference:
[442.789s][debug][gc,phases,ref  ] GC(3043)         Discovered: 0
[442.789s][debug][gc,phases,ref  ] GC(3043)         Cleared: 0
[442.789s][debug][gc,phases,ref  ] GC(3043)       PhantomReference:
[442.789s][debug][gc,phases,ref  ] GC(3043)         Discovered: 0
[442.789s][debug][gc,phases,ref  ] GC(3043)         Cleared: 0
[442.789s][debug][gc,phases      ] GC(3043)     Weak Processing: 0.1ms
[442.789s][debug][gc,phases      ] GC(3043)       JVMTI weak processing: 0.0ms
[442.789s][debug][gc,phases      ] GC(3043)         Dead: 0
[442.789s][debug][gc,phases      ] GC(3043)         Total: 0
[442.789s][debug][gc,phases      ] GC(3043)       JFR weak processing: 0.0ms
[442.789s][debug][gc,phases      ] GC(3043)         Dead: 0
[442.789s][debug][gc,phases      ] GC(3043)         Total: 0
[442.789s][debug][gc,phases      ] GC(3043)       JNI weak                  Min:  0.0, Avg:  0.0, Max:  0.0, Diff:  0.0, Sum:  0.0, Workers: 5
[442.789s][debug][gc,phases      ] GC(3043)         Dead                      Min: 0, Avg:  0.0, Max: 0, Diff: 0, Sum: 0, Workers: 5
[442.789s][debug][gc,phases      ] GC(3043)         Total                     Min: 0, Avg: 13.6, Max: 68, Diff: 68, Sum: 68, Workers: 5
[442.789s][debug][gc,phases      ] GC(3043)       VM weak                   Min:  0.0, Avg:  0.0, Max:  0.0, Diff:  0.0, Sum:  0.0, Workers: 5
[442.789s][debug][gc,phases      ] GC(3043)         Dead                      Min: 0, Avg:  0.0, Max: 0, Diff: 0, Sum: 0, Workers: 5
[442.789s][debug][gc,phases      ] GC(3043)         Total                     Min: 0, Avg: 42.6, Max: 213, Diff: 213, Sum: 213, Workers: 5
[442.789s][debug][gc,phases      ] GC(3043)       StringTable weak          Min:  0.0, Avg:  0.0, Max:  0.0, Diff:  0.0, Sum:  0.0, Workers: 5
[442.789s][debug][gc,phases      ] GC(3043)         Dead                      Min: 0, Avg:  0.0, Max: 0, Diff: 0, Sum: 0, Workers: 5
[442.789s][debug][gc,phases      ] GC(3043)         Total                     Min: 0, Avg: 682.0, Max: 3026, Diff: 3026, Sum: 3410, Workers: 5
[442.789s][debug][gc,phases      ] GC(3043)       ResolvedMethodTable weak  Min:  0.0, Avg:  0.0, Max:  0.0, Diff:  0.0, Sum:  0.0, Workers: 5
[442.789s][debug][gc,phases      ] GC(3043)         Dead                      Min: 0, Avg:  0.0, Max: 0, Diff: 0, Sum: 0, Workers: 5
[442.789s][debug][gc,phases      ] GC(3043)         Total                     Min: 0, Avg: 114.8, Max: 192, Diff: 192, Sum: 574, Workers: 5
[442.789s][debug][gc,phases      ] GC(3043)     Merge Per-Thread State: 0.0ms
[442.789s][debug][gc,phases      ] GC(3043)       Copied Bytes              Min: 0, Avg: 70.0, Max: 200, Diff: 200, Sum: 560, Workers: 8
[442.789s][debug][gc,phases      ] GC(3043)       LAB Waste                 Min: 0, Avg:  0.0, Max: 0, Diff: 0, Sum: 0, Workers: 8
[442.789s][debug][gc,phases      ] GC(3043)       LAB Undo Waste            Min: 0, Avg:  0.0, Max: 0, Diff: 0, Sum: 0, Workers: 8
[442.790s][debug][gc,phases      ] GC(3043)     Code Roots Purge: 0.0ms
[442.790s][debug][gc,phases      ] GC(3043)     Redirty Cards: 0.0ms
[442.790s][debug][gc,phases      ] GC(3043)     DerivedPointerTable Update: 0.0ms
[442.790s][debug][gc,phases      ] GC(3043)     Free Collection Set: 0.1ms
[442.790s][debug][gc,phases      ] GC(3043)     Rebuild Free List: 0.0ms
[442.790s][debug][gc,phases      ] GC(3043)     Humongous Reclaim: 0.0ms
[442.790s][debug][gc,phases      ] GC(3043)     Start New Collection Set: 0.0ms
[442.790s][debug][gc,phases      ] GC(3043)     Resize TLABs: 0.0ms
[442.790s][debug][gc,phases      ] GC(3043)     Expand Heap After Collection: 0.0ms
[442.790s][info ][gc,phases      ] GC(3043)   Other: 0.3ms
[442.790s][info ][gc,heap        ] GC(3043) Eden regions: 180->0(180)
[442.790s][info ][gc,heap        ] GC(3043) Survivor regions: 1->1(23)
[442.790s][info ][gc,heap        ] GC(3043) Old regions: 7->7
[442.790s][info ][gc,heap        ] GC(3043) Archive regions: 2->2
[442.790s][info ][gc,heap        ] GC(3043) Humongous regions: 0->0
[442.790s][info ][gc,metaspace   ] GC(3043) Metaspace: 9905K(10624K)->9905K(10624K) NonClass: 8758K(9216K)->8758K(9216K) Class: 1146K(1408K)->1146K(1408K)
[442.790s][debug][gc,heap        ] GC(3043) Heap after GC invocations=3044 (full 1): garbage-first heap   total 309248K, used 4067K [0x0000000700000000, 0x0000000800000000)
[442.790s][debug][gc,heap        ] GC(3043)   region size 1024K, 1 young (1024K), 1 survivors (1024K)
[442.790s][debug][gc,heap        ] GC(3043)  Metaspace       used 9905K, capacity 10179K, committed 10624K, reserved 1058816K
[442.790s][debug][gc,heap        ] GC(3043)   class space    used 1146K, capacity 1267K, committed 1408K, reserved 1048576K
[442.790s][info ][gc             ] GC(3043) Pause Young (Normal) (G1 Evacuation Pause) 183M->3M(302M) 1.827ms
[442.790s][info ][gc,cpu         ] GC(3043) User=0.00s Sys=0.00s Real=0.00s
[442.790s][info ][safepoint      ] Safepoint "G1CollectForAllocation", Time since last: 147973204 ns, Reaching safepoint: 184421 ns, At safepoint: 2013340 ns, Total: 2197761 ns
[442.940s][debug][gc,heap        ] GC(3044) Heap before GC invocations=3044 (full 1): garbage-first heap   total 309248K, used 188387K [0x0000000700000000, 0x0000000800000000)
[442.940s][debug][gc,heap        ] GC(3044)   region size 1024K, 181 young (185344K), 1 survivors (1024K)
[442.940s][debug][gc,heap        ] GC(3044)  Metaspace       used 9905K, capacity 10179K, committed 10624K, reserved 1058816K
[442.940s][debug][gc,heap        ] GC(3044)   class space    used 1146K, capacity 1267K, committed 1408K, reserved 1048576K
[442.940s][info ][gc,start       ] GC(3044) Pause Young (Normal) (G1 Evacuation Pause)
[442.940s][info ][gc,task        ] GC(3044) Using 8 workers of 8 for evacuation
[442.940s][debug][gc,tlab        ] GC(3044) TLAB totals: thrds: 8  refills: 722 max: 97 slow allocs: 0 max 0 waste:  0.9% gc: 1375472B max: 404448B slow: 417224B max: 56016B fast: 0B max: 0B
[442.940s][debug][gc,age         ] GC(3044) Desired survivor size 12058624 bytes, new threshold 15 (max threshold 15)
[442.940s][debug][gc,alloc,region] GC(3044) Mutator Allocation stats, regions: 180, wasted size: 0B ( 0.0%)
[442.941s][debug][gc,ergo        ] GC(3044) Running G1 Merge Heap Roots using 8 workers for 181 regions
[442.941s][debug][gc,remset      ] GC(3044) Visited cards 256 Total dirty 2048 (12.50%) Total old 759808 (0.03%)
[442.941s][debug][gc,ergo        ] GC(3044) Running G1 Clear Card Table Task using 1 workers for 1 units of work for 182 regions.
[442.941s][debug][gc,ref         ] GC(3044) Skipped phase1 of Reference Processing due to unavailable references
[442.941s][debug][gc,ref         ] GC(3044) Skipped phase2 of Reference Processing due to unavailable references
[442.941s][debug][gc,ref         ] GC(3044) Skipped phase3 of Reference Processing due to unavailable references
[442.941s][debug][gc,ref         ] GC(3044) Skipped phase4 of Reference Processing due to unavailable references
[442.941s][debug][gc,ergo        ] GC(3044) Running G1 Free Collection Set using 8 workers for collection set length 181 (302)
[442.941s][debug][gc,ergo        ] GC(3044) Running G1 Rebuild Free List Task using 8 workers for rebuilding free list of 0 (4096) regions
[442.941s][trace][gc,age         ] GC(3044) Age table with threshold 15 (max threshold 15)
[442.941s][trace][gc,age         ] GC(3044) - age   1:        512 bytes,        512 total
[442.941s][debug][gc,plab        ] GC(3044) Young PLAB allocation: allocated: 10320B, wasted: 0B, unused: 9808B, used: 512B, undo waste: 0B, 
[442.941s][debug][gc,plab        ] GC(3044) Young other allocation: region end waste: 0B, regions filled: 1, direct allocated: 0B, failure used: 0B, failure wasted: 0B
[442.941s][debug][gc,plab        ] GC(3044) Young sizing: calculated: 96B, actual: 2064B
[442.941s][debug][gc,plab        ] GC(3044) Old PLAB allocation: allocated: 0B, wasted: 0B, unused: 0B, used: 0B, undo waste: 0B, 
[442.941s][debug][gc,plab        ] GC(3044) Old other allocation: region end waste: 0B, regions filled: 1, direct allocated: 0B, failure used: 0B, failure wasted: 0B
[442.941s][debug][gc,plab        ] GC(3044) Old sizing: calculated: 0B, actual: 2064B
[442.941s][debug][gc,ihop        ] GC(3044) Basic information (value update), threshold: 142501478B (45.00), target occupancy: 316669952B, current occupancy: 4165064B, recent allocation size: 0B, recent allocation duration: 151.77ms, recent old gen allocation rate: 0.00B/s, recent marking phase length: 0.00ms
[442.941s][debug][gc,ihop        ] GC(3044) Adaptive IHOP information (value update), threshold: 142501478B (47.37), internal target occupancy: 300836454B, occupancy: 4165064B, additional buffer size: 189792256B, predicted old gen allocation rate: 0.00B/s, predicted marking phase length: 0.00ms, prediction active: false
[442.941s][debug][gc,ergo,refine ] GC(3044) Concurrent refinement times: Logged Cards Scan time goal: 20.00ms Logged Cards Scan time: 0.00ms HCC time: 0.00ms
[442.941s][debug][gc,ergo,refine ] GC(3044) Updated Refinement Zones: green: 2048, yellow: 6144, red: 10240
[442.941s][info ][gc,phases      ] GC(3044)   Pre Evacuate Collection Set: 0.1ms
[442.941s][debug][gc,phases      ] GC(3044)     Prepare TLABs: 0.0ms
[442.941s][debug][gc,phases      ] GC(3044)     Choose Collection Set: 0.0ms
[442.941s][debug][gc,phases      ] GC(3044)     Region Register: 0.1ms
[442.941s][debug][gc,phases      ] GC(3044)     Prepare Heap Roots: 0.0ms
[442.941s][info ][gc,phases      ] GC(3044)   Merge Heap Roots: 0.1ms
[442.941s][debug][gc,phases      ] GC(3044)     Prepare Merge Heap Roots: 0.0ms
[442.941s][debug][gc,phases      ] GC(3044)     Eager Reclaim (ms):       skipped
[442.941s][debug][gc,phases      ] GC(3044)     Remembered Sets (ms):     Min:  0.0, Avg:  0.0, Max:  0.0, Diff:  0.0, Sum:  0.0, Workers: 8
[442.941s][debug][gc,phases      ] GC(3044)       Merged Sparse:            Min: 0, Avg:  0.0, Max: 0, Diff: 0, Sum: 0, Workers: 8
[442.941s][debug][gc,phases      ] GC(3044)       Merged Fine:              Min: 0, Avg:  0.0, Max: 0, Diff: 0, Sum: 0, Workers: 8
[442.941s][debug][gc,phases      ] GC(3044)       Merged Coarse:            Min: 0, Avg:  0.0, Max: 0, Diff: 0, Sum: 0, Workers: 8
[442.941s][debug][gc,phases      ] GC(3044)       Dirty Cards:              Min: 0, Avg:  0.0, Max: 0, Diff: 0, Sum: 0, Workers: 8
[442.941s][debug][gc,phases      ] GC(3044)     Hot Card Cache (ms):      Min:  0.0, Avg:  0.0, Max:  0.0, Diff:  0.0, Sum:  0.0, Workers: 8
[442.941s][debug][gc,phases      ] GC(3044)       Dirty Cards:              Min: 0, Avg:  0.0, Max: 0, Diff: 0, Sum: 0, Workers: 8
[442.941s][debug][gc,phases      ] GC(3044)       Skipped Cards:            Min: 0, Avg:  0.0, Max: 0, Diff: 0, Sum: 0, Workers: 8
[442.942s][debug][gc,phases      ] GC(3044)     Log Buffers (ms):         Min:  0.0, Avg:  0.0, Max:  0.0, Diff:  0.0, Sum:  0.0, Workers: 8
[442.942s][debug][gc,phases      ] GC(3044)       Dirty Cards:              Min: 0, Avg:  0.1, Max: 1, Diff: 1, Sum: 1, Workers: 8
[442.942s][debug][gc,phases      ] GC(3044)       Skipped Cards:            Min: 0, Avg:  0.0, Max: 0, Diff: 0, Sum: 0, Workers: 8
[442.942s][info ][gc,phases      ] GC(3044)   Evacuate Collection Set: 0.2ms
[442.942s][debug][gc,phases      ] GC(3044)     Ext Root Scanning (ms):   Min:  0.0, Avg:  0.0, Max:  0.0, Diff:  0.0, Sum:  0.2, Workers: 8
[442.942s][debug][gc,phases      ] GC(3044)     Scan Heap Roots (ms):     Min:  0.0, Avg:  0.0, Max:  0.0, Diff:  0.0, Sum:  0.0, Workers: 8
[442.942s][debug][gc,phases      ] GC(3044)       Scanned Cards:            Min: 0, Avg:  0.1, Max: 1, Diff: 1, Sum: 1, Workers: 8
[442.942s][debug][gc,phases      ] GC(3044)       Scanned Blocks:           Min: 0, Avg:  0.1, Max: 1, Diff: 1, Sum: 1, Workers: 8
[442.942s][debug][gc,phases      ] GC(3044)       Claimed Chunks:           Min: 0, Avg:  0.1, Max: 1, Diff: 1, Sum: 1, Workers: 8
[442.942s][debug][gc,phases      ] GC(3044)     Code Root Scan (ms):      Min:  0.0, Avg:  0.0, Max:  0.0, Diff:  0.0, Sum:  0.0, Workers: 8
[442.942s][debug][gc,phases      ] GC(3044)     Object Copy (ms):         Min:  0.0, Avg:  0.0, Max:  0.0, Diff:  0.0, Sum:  0.0, Workers: 8
[442.942s][debug][gc,phases      ] GC(3044)     Termination (ms):         Min:  0.1, Avg:  0.1, Max:  0.1, Diff:  0.0, Sum:  0.7, Workers: 8
[442.942s][debug][gc,phases      ] GC(3044)       Termination Attempts:     Min: 1, Avg:  1.0, Max: 1, Diff: 0, Sum: 8, Workers: 8
[442.942s][debug][gc,phases      ] GC(3044)     GC Worker Other (ms):     Min:  0.0, Avg:  0.0, Max:  0.0, Diff:  0.0, Sum:  0.1, Workers: 8
[442.942s][debug][gc,phases      ] GC(3044)     GC Worker Total (ms):     Min:  0.1, Avg:  0.1, Max:  0.2, Diff:  0.0, Sum:  1.1, Workers: 8
[442.942s][info ][gc,phases      ] GC(3044)   Post Evacuate Collection Set: 0.3ms
[442.942s][debug][gc,phases      ] GC(3044)     Code Roots Fixup: 0.0ms
[442.942s][debug][gc,phases      ] GC(3044)     Clear Card Table: 0.1ms
[442.942s][debug][gc,phases      ] GC(3044)     Reference Processing: 0.0ms
[442.942s][debug][gc,phases,ref  ] GC(3044)       Reconsider SoftReferences: 0.0ms
[442.942s][debug][gc,phases,ref  ] GC(3044)         SoftRef (ms):             skipped
[442.942s][debug][gc,phases,ref  ] GC(3044)       Notify Soft/WeakReferences: 0.0ms
[442.942s][debug][gc,phases,ref  ] GC(3044)         SoftRef (ms):             skipped
[442.942s][debug][gc,phases,ref  ] GC(3044)         WeakRef (ms):             skipped
[442.942s][debug][gc,phases,ref  ] GC(3044)         FinalRef (ms):            skipped
[442.942s][debug][gc,phases,ref  ] GC(3044)         Total (ms):               skipped
[442.942s][debug][gc,phases,ref  ] GC(3044)       Notify and keep alive finalizable: 0.0ms
[442.942s][debug][gc,phases,ref  ] GC(3044)         FinalRef (ms):            skipped
[442.942s][debug][gc,phases,ref  ] GC(3044)       Notify PhantomReferences: 0.0ms
[442.942s][debug][gc,phases,ref  ] GC(3044)         PhantomRef (ms):          skipped
[442.942s][debug][gc,phases,ref  ] GC(3044)       SoftReference:
[442.942s][debug][gc,phases,ref  ] GC(3044)         Discovered: 0
[442.942s][debug][gc,phases,ref  ] GC(3044)         Cleared: 0
[442.942s][debug][gc,phases,ref  ] GC(3044)       WeakReference:
[442.942s][debug][gc,phases,ref  ] GC(3044)         Discovered: 0
[442.942s][debug][gc,phases,ref  ] GC(3044)         Cleared: 0
[442.942s][debug][gc,phases,ref  ] GC(3044)       FinalReference:
[442.942s][debug][gc,phases,ref  ] GC(3044)         Discovered: 0
[442.942s][debug][gc,phases,ref  ] GC(3044)         Cleared: 0
[442.942s][debug][gc,phases,ref  ] GC(3044)       PhantomReference:
[442.942s][debug][gc,phases,ref  ] GC(3044)         Discovered: 0
[442.942s][debug][gc,phases,ref  ] GC(3044)         Cleared: 0
[442.942s][debug][gc,phases      ] GC(3044)     Weak Processing: 0.1ms
[442.942s][debug][gc,phases      ] GC(3044)       JVMTI weak processing: 0.0ms
[442.942s][debug][gc,phases      ] GC(3044)         Dead: 0
[442.942s][debug][gc,phases      ] GC(3044)         Total: 0
[442.942s][debug][gc,phases      ] GC(3044)       JFR weak processing: 0.0ms
[442.942s][debug][gc,phases      ] GC(3044)         Dead: 0
[442.942s][debug][gc,phases      ] GC(3044)         Total: 0
[442.942s][debug][gc,phases      ] GC(3044)       JNI weak                  Min:  0.0, Avg:  0.0, Max:  0.0, Diff:  0.0, Sum:  0.0, Workers: 5
[442.942s][debug][gc,phases      ] GC(3044)         Dead                      Min: 0, Avg:  0.0, Max: 0, Diff: 0, Sum: 0, Workers: 5
[442.942s][debug][gc,phases      ] GC(3044)         Total                     Min: 0, Avg: 13.6, Max: 52, Diff: 52, Sum: 68, Workers: 5
[442.942s][debug][gc,phases      ] GC(3044)       VM weak                   Min:  0.0, Avg:  0.0, Max:  0.0, Diff:  0.0, Sum:  0.0, Workers: 5
[442.942s][debug][gc,phases      ] GC(3044)         Dead                      Min: 0, Avg:  0.0, Max: 0, Diff: 0, Sum: 0, Workers: 5
[442.942s][debug][gc,phases      ] GC(3044)         Total                     Min: 0, Avg: 42.6, Max: 128, Diff: 128, Sum: 213, Workers: 5
[442.942s][debug][gc,phases      ] GC(3044)       StringTable weak          Min:  0.0, Avg:  0.0, Max:  0.0, Diff:  0.0, Sum:  0.1, Workers: 5
[442.942s][debug][gc,phases      ] GC(3044)         Dead                      Min: 0, Avg:  0.0, Max: 0, Diff: 0, Sum: 0, Workers: 5
[442.942s][debug][gc,phases      ] GC(3044)         Total                     Min: 0, Avg: 682.0, Max: 1727, Diff: 1727, Sum: 3410, Workers: 5
[442.942s][debug][gc,phases      ] GC(3044)       ResolvedMethodTable weak  Min:  0.0, Avg:  0.0, Max:  0.0, Diff:  0.0, Sum:  0.0, Workers: 5
[442.942s][debug][gc,phases      ] GC(3044)         Dead                      Min: 0, Avg:  0.0, Max: 0, Diff: 0, Sum: 0, Workers: 5
[442.942s][debug][gc,phases      ] GC(3044)         Total                     Min: 0, Avg: 114.8, Max: 318, Diff: 318, Sum: 574, Workers: 5
[442.942s][debug][gc,phases      ] GC(3044)     Merge Per-Thread State: 0.0ms
[442.942s][debug][gc,phases      ] GC(3044)       Copied Bytes              Min: 0, Avg: 64.0, Max: 200, Diff: 200, Sum: 512, Workers: 8
[442.942s][debug][gc,phases      ] GC(3044)       LAB Waste                 Min: 0, Avg:  0.0, Max: 0, Diff: 0, Sum: 0, Workers: 8
[442.942s][debug][gc,phases      ] GC(3044)       LAB Undo Waste            Min: 0, Avg:  0.0, Max: 0, Diff: 0, Sum: 0, Workers: 8
[442.942s][debug][gc,phases      ] GC(3044)     Code Roots Purge: 0.0ms
[442.942s][debug][gc,phases      ] GC(3044)     Redirty Cards: 0.0ms
[442.942s][debug][gc,phases      ] GC(3044)     DerivedPointerTable Update: 0.0ms
[442.942s][debug][gc,phases      ] GC(3044)     Free Collection Set: 0.1ms
[442.942s][debug][gc,phases      ] GC(3044)     Rebuild Free List: 0.1ms
[442.942s][debug][gc,phases      ] GC(3044)     Humongous Reclaim: 0.0ms
[442.942s][debug][gc,phases      ] GC(3044)     Start New Collection Set: 0.0ms
[442.942s][debug][gc,phases      ] GC(3044)     Resize TLABs: 0.0ms
[442.942s][debug][gc,phases      ] GC(3044)     Expand Heap After Collection: 0.0ms
[442.942s][info ][gc,phases      ] GC(3044)   Other: 0.3ms
[442.942s][info ][gc,heap        ] GC(3044) Eden regions: 180->0(180)
[442.942s][info ][gc,heap        ] GC(3044) Survivor regions: 1->1(23)
[442.942s][info ][gc,heap        ] GC(3044) Old regions: 7->7
[442.942s][info ][gc,heap        ] GC(3044) Archive regions: 2->2
[442.942s][info ][gc,heap        ] GC(3044) Humongous regions: 0->0
[442.942s][info ][gc,metaspace   ] GC(3044) Metaspace: 9905K(10624K)->9905K(10624K) NonClass: 8758K(9216K)->8758K(9216K) Class: 1146K(1408K)->1146K(1408K)
[442.942s][debug][gc,heap        ] GC(3044) Heap after GC invocations=3045 (full 1): garbage-first heap   total 309248K, used 4067K [0x0000000700000000, 0x0000000800000000)
[442.942s][debug][gc,heap        ] GC(3044)   region size 1024K, 1 young (1024K), 1 survivors (1024K)
[442.942s][debug][gc,heap        ] GC(3044)  Metaspace       used 9905K, capacity 10179K, committed 10624K, reserved 1058816K
[442.942s][debug][gc,heap        ] GC(3044)   class space    used 1146K, capacity 1267K, committed 1408K, reserved 1048576K
[442.942s][info ][gc             ] GC(3044) Pause Young (Normal) (G1 Evacuation Pause) 183M->3M(302M) 1.850ms
[442.942s][info ][gc,cpu         ] GC(3044) User=0.00s Sys=0.00s Real=0.00s
[442.942s][info ][safepoint      ] Safepoint "G1CollectForAllocation", Time since last: 150439190 ns, Reaching safepoint: 111944 ns, At safepoint: 2041030 ns, Total: 2152974 ns
[443.091s][debug][gc,heap        ] GC(3045) Heap before GC invocations=3045 (full 1): garbage-first heap   total 309248K, used 188387K [0x0000000700000000, 0x0000000800000000)
[443.091s][debug][gc,heap        ] GC(3045)   region size 1024K, 181 young (185344K), 1 survivors (1024K)
[443.091s][debug][gc,heap        ] GC(3045)  Metaspace       used 9905K, capacity 10179K, committed 10624K, reserved 1058816K
[443.091s][debug][gc,heap        ] GC(3045)   class space    used 1146K, capacity 1267K, committed 1408K, reserved 1048576K
[443.091s][info ][gc,start       ] GC(3045) Pause Young (Normal) (G1 Evacuation Pause)
[443.091s][info ][gc,task        ] GC(3045) Using 8 workers of 8 for evacuation
[443.091s][debug][gc,tlab        ] GC(3045) TLAB totals: thrds: 8  refills: 720 max: 101 slow allocs: 0 max 0 waste:  0.9% gc: 1208408B max: 345152B slow: 416048B max: 58544B fast: 0B max: 0B
[443.091s][debug][gc,age         ] GC(3045) Desired survivor size 12058624 bytes, new threshold 15 (max threshold 15)
[443.091s][debug][gc,alloc,region] GC(3045) Mutator Allocation stats, regions: 180, wasted size: 0B ( 0.0%)
[443.091s][debug][gc,ergo        ] GC(3045) Running G1 Merge Heap Roots using 8 workers for 181 regions
[443.091s][debug][gc,remset      ] GC(3045) Visited cards 256 Total dirty 2048 (12.50%) Total old 759808 (0.03%)
[443.091s][debug][gc,ergo        ] GC(3045) Running G1 Clear Card Table Task using 1 workers for 1 units of work for 182 regions.
[443.091s][debug][gc,ref         ] GC(3045) Skipped phase1 of Reference Processing due to unavailable references
[443.091s][debug][gc,ref         ] GC(3045) Skipped phase2 of Reference Processing due to unavailable references
[443.091s][debug][gc,ref         ] GC(3045) Skipped phase3 of Reference Processing due to unavailable references
[443.091s][debug][gc,ref         ] GC(3045) Skipped phase4 of Reference Processing due to unavailable references
[443.091s][debug][gc,ergo        ] GC(3045) Running G1 Free Collection Set using 8 workers for collection set length 181 (302)
[443.092s][debug][gc,ergo        ] GC(3045) Running G1 Rebuild Free List Task using 8 workers for rebuilding free list of 0 (4096) regions
[443.092s][trace][gc,age         ] GC(3045) Age table with threshold 15 (max threshold 15)
[443.092s][trace][gc,age         ] GC(3045) - age   1:        464 bytes,        464 total
[443.092s][debug][gc,plab        ] GC(3045) Young PLAB allocation: allocated: 16512B, wasted: 0B, unused: 16048B, used: 464B, undo waste: 0B, 
[443.092s][debug][gc,plab        ] GC(3045) Young other allocation: region end waste: 0B, regions filled: 1, direct allocated: 0B, failure used: 0B, failure wasted: 0B
[443.092s][debug][gc,plab        ] GC(3045) Young sizing: calculated: 88B, actual: 2064B
[443.092s][debug][gc,plab        ] GC(3045) Old PLAB allocation: allocated: 0B, wasted: 0B, unused: 0B, used: 0B, undo waste: 0B, 
[443.092s][debug][gc,plab        ] GC(3045) Old other allocation: region end waste: 0B, regions filled: 1, direct allocated: 0B, failure used: 0B, failure wasted: 0B
[443.092s][debug][gc,plab        ] GC(3045) Old sizing: calculated: 0B, actual: 2064B
[443.092s][debug][gc,ihop        ] GC(3045) Basic information (value update), threshold: 142501478B (45.00), target occupancy: 316669952B, current occupancy: 4171256B, recent allocation size: 0B, recent allocation duration: 149.60ms, recent old gen allocation rate: 0.00B/s, recent marking phase length: 0.00ms
[443.092s][debug][gc,ihop        ] GC(3045) Adaptive IHOP information (value update), threshold: 142501478B (47.37), internal target occupancy: 300836454B, occupancy: 4171256B, additional buffer size: 189792256B, predicted old gen allocation rate: 0.00B/s, predicted marking phase length: 0.00ms, prediction active: false
[443.092s][debug][gc,ergo,refine ] GC(3045) Concurrent refinement times: Logged Cards Scan time goal: 20.00ms Logged Cards Scan time: 0.00ms HCC time: 0.00ms
[443.092s][debug][gc,ergo,refine ] GC(3045) Updated Refinement Zones: green: 2048, yellow: 6144, red: 10240
[443.092s][info ][gc,phases      ] GC(3045)   Pre Evacuate Collection Set: 0.1ms
[443.092s][debug][gc,phases      ] GC(3045)     Prepare TLABs: 0.0ms
[443.092s][debug][gc,phases      ] GC(3045)     Choose Collection Set: 0.0ms
[443.092s][debug][gc,phases      ] GC(3045)     Region Register: 0.1ms
[443.092s][debug][gc,phases      ] GC(3045)     Prepare Heap Roots: 0.0ms
[443.092s][info ][gc,phases      ] GC(3045)   Merge Heap Roots: 0.1ms
[443.092s][debug][gc,phases      ] GC(3045)     Prepare Merge Heap Roots: 0.0ms
[443.092s][debug][gc,phases      ] GC(3045)     Eager Reclaim (ms):       skipped
[443.092s][debug][gc,phases      ] GC(3045)     Remembered Sets (ms):     Min:  0.0, Avg:  0.0, Max:  0.0, Diff:  0.0, Sum:  0.0, Workers: 8
[443.092s][debug][gc,phases      ] GC(3045)       Merged Sparse:            Min: 0, Avg:  0.0, Max: 0, Diff: 0, Sum: 0, Workers: 8
[443.092s][debug][gc,phases      ] GC(3045)       Merged Fine:              Min: 0, Avg:  0.0, Max: 0, Diff: 0, Sum: 0, Workers: 8
[443.092s][debug][gc,phases      ] GC(3045)       Merged Coarse:            Min: 0, Avg:  0.0, Max: 0, Diff: 0, Sum: 0, Workers: 8
[443.092s][debug][gc,phases      ] GC(3045)       Dirty Cards:              Min: 0, Avg:  0.0, Max: 0, Diff: 0, Sum: 0, Workers: 8
[443.092s][debug][gc,phases      ] GC(3045)     Hot Card Cache (ms):      Min:  0.0, Avg:  0.0, Max:  0.0, Diff:  0.0, Sum:  0.0, Workers: 8
[443.092s][debug][gc,phases      ] GC(3045)       Dirty Cards:              Min: 0, Avg:  0.0, Max: 0, Diff: 0, Sum: 0, Workers: 8
[443.092s][debug][gc,phases      ] GC(3045)       Skipped Cards:            Min: 0, Avg:  0.0, Max: 0, Diff: 0, Sum: 0, Workers: 8
[443.092s][debug][gc,phases      ] GC(3045)     Log Buffers (ms):         Min:  0.0, Avg:  0.0, Max:  0.0, Diff:  0.0, Sum:  0.0, Workers: 8
[443.092s][debug][gc,phases      ] GC(3045)       Dirty Cards:              Min: 0, Avg:  0.1, Max: 1, Diff: 1, Sum: 1, Workers: 8
[443.092s][debug][gc,phases      ] GC(3045)       Skipped Cards:            Min: 0, Avg:  0.0, Max: 0, Diff: 0, Sum: 0, Workers: 8
[443.092s][info ][gc,phases      ] GC(3045)   Evacuate Collection Set: 0.2ms
[443.092s][debug][gc,phases      ] GC(3045)     Ext Root Scanning (ms):   Min:  0.0, Avg:  0.0, Max:  0.1, Diff:  0.1, Sum:  0.2, Workers: 8
[443.092s][debug][gc,phases      ] GC(3045)     Scan Heap Roots (ms):     Min:  0.0, Avg:  0.0, Max:  0.0, Diff:  0.0, Sum:  0.0, Workers: 8
[443.092s][debug][gc,phases      ] GC(3045)       Scanned Cards:            Min: 0, Avg:  0.1, Max: 1, Diff: 1, Sum: 1, Workers: 8
[443.092s][debug][gc,phases      ] GC(3045)       Scanned Blocks:           Min: 0, Avg:  0.1, Max: 1, Diff: 1, Sum: 1, Workers: 8
[443.092s][debug][gc,phases      ] GC(3045)       Claimed Chunks:           Min: 0, Avg:  0.1, Max: 1, Diff: 1, Sum: 1, Workers: 8
[443.092s][debug][gc,phases      ] GC(3045)     Code Root Scan (ms):      Min:  0.0, Avg:  0.0, Max:  0.0, Diff:  0.0, Sum:  0.0, Workers: 8
[443.092s][debug][gc,phases      ] GC(3045)     Object Copy (ms):         Min:  0.0, Avg:  0.0, Max:  0.0, Diff:  0.0, Sum:  0.0, Workers: 8
[443.092s][debug][gc,phases      ] GC(3045)     Termination (ms):         Min:  0.1, Avg:  0.1, Max:  0.1, Diff:  0.0, Sum:  0.6, Workers: 8
[443.092s][debug][gc,phases      ] GC(3045)       Termination Attempts:     Min: 1, Avg:  1.0, Max: 1, Diff: 0, Sum: 8, Workers: 8
[443.092s][debug][gc,phases      ] GC(3045)     GC Worker Other (ms):     Min:  0.0, Avg:  0.0, Max:  0.0, Diff:  0.0, Sum:  0.1, Workers: 8
[443.092s][debug][gc,phases      ] GC(3045)     GC Worker Total (ms):     Min:  0.1, Avg:  0.1, Max:  0.1, Diff:  0.1, Sum:  0.9, Workers: 8
[443.092s][info ][gc,phases      ] GC(3045)   Post Evacuate Collection Set: 0.4ms
[443.092s][debug][gc,phases      ] GC(3045)     Code Roots Fixup: 0.0ms
[443.092s][debug][gc,phases      ] GC(3045)     Clear Card Table: 0.1ms
[443.092s][debug][gc,phases      ] GC(3045)     Reference Processing: 0.0ms
[443.092s][debug][gc,phases,ref  ] GC(3045)       Reconsider SoftReferences: 0.0ms
[443.092s][debug][gc,phases,ref  ] GC(3045)         SoftRef (ms):             skipped
[443.092s][debug][gc,phases,ref  ] GC(3045)       Notify Soft/WeakReferences: 0.0ms
[443.092s][debug][gc,phases,ref  ] GC(3045)         SoftRef (ms):             skipped
[443.092s][debug][gc,phases,ref  ] GC(3045)         WeakRef (ms):             skipped
[443.092s][debug][gc,phases,ref  ] GC(3045)         FinalRef (ms):            skipped
[443.092s][debug][gc,phases,ref  ] GC(3045)         Total (ms):               skipped
[443.092s][debug][gc,phases,ref  ] GC(3045)       Notify and keep alive finalizable: 0.0ms
[443.092s][debug][gc,phases,ref  ] GC(3045)         FinalRef (ms):            skipped
[443.092s][debug][gc,phases,ref  ] GC(3045)       Notify PhantomReferences: 0.0ms
[443.092s][debug][gc,phases,ref  ] GC(3045)         PhantomRef (ms):          skipped
[443.092s][debug][gc,phases,ref  ] GC(3045)       SoftReference:
[443.092s][debug][gc,phases,ref  ] GC(3045)         Discovered: 0
[443.092s][debug][gc,phases,ref  ] GC(3045)         Cleared: 0
[443.092s][debug][gc,phases,ref  ] GC(3045)       WeakReference:
[443.092s][debug][gc,phases,ref  ] GC(3045)         Discovered: 0
[443.092s][debug][gc,phases,ref  ] GC(3045)         Cleared: 0
[443.092s][debug][gc,phases,ref  ] GC(3045)       FinalReference:
[443.092s][debug][gc,phases,ref  ] GC(3045)         Discovered: 0
[443.092s][debug][gc,phases,ref  ] GC(3045)         Cleared: 0
[443.092s][debug][gc,phases,ref  ] GC(3045)       PhantomReference:
[443.092s][debug][gc,phases,ref  ] GC(3045)         Discovered: 0
[443.092s][debug][gc,phases,ref  ] GC(3045)         Cleared: 0
[443.092s][debug][gc,phases      ] GC(3045)     Weak Processing: 0.1ms
[443.092s][debug][gc,phases      ] GC(3045)       JVMTI weak processing: 0.0ms
[443.092s][debug][gc,phases      ] GC(3045)         Dead: 0
[443.092s][debug][gc,phases      ] GC(3045)         Total: 0
[443.092s][debug][gc,phases      ] GC(3045)       JFR weak processing: 0.0ms
[443.092s][debug][gc,phases      ] GC(3045)         Dead: 0
[443.092s][debug][gc,phases      ] GC(3045)         Total: 0
[443.092s][debug][gc,phases      ] GC(3045)       JNI weak                  Min:  0.0, Avg:  0.0, Max:  0.0, Diff:  0.0, Sum:  0.0, Workers: 5
[443.092s][debug][gc,phases      ] GC(3045)         Dead                      Min: 0, Avg:  0.0, Max: 0, Diff: 0, Sum: 0, Workers: 5
[443.092s][debug][gc,phases      ] GC(3045)         Total                     Min: 0, Avg: 13.6, Max: 68, Diff: 68, Sum: 68, Workers: 5
[443.092s][debug][gc,phases      ] GC(3045)       VM weak                   Min:  0.0, Avg:  0.0, Max:  0.0, Diff:  0.0, Sum:  0.0, Workers: 5
[443.092s][debug][gc,phases      ] GC(3045)         Dead                      Min: 0, Avg:  0.0, Max: 0, Diff: 0, Sum: 0, Workers: 5
[443.092s][debug][gc,phases      ] GC(3045)         Total                     Min: 0, Avg: 42.6, Max: 213, Diff: 213, Sum: 213, Workers: 5
[443.092s][debug][gc,phases      ] GC(3045)       StringTable weak          Min:  0.0, Avg:  0.0, Max:  0.0, Diff:  0.0, Sum:  0.0, Workers: 5
[443.092s][debug][gc,phases      ] GC(3045)         Dead                      Min: 0, Avg:  0.0, Max: 0, Diff: 0, Sum: 0, Workers: 5
[443.092s][debug][gc,phases      ] GC(3045)         Total                     Min: 0, Avg: 682.0, Max: 3026, Diff: 3026, Sum: 3410, Workers: 5
[443.092s][debug][gc,phases      ] GC(3045)       ResolvedMethodTable weak  Min:  0.0, Avg:  0.0, Max:  0.0, Diff:  0.0, Sum:  0.0, Workers: 5
[443.092s][debug][gc,phases      ] GC(3045)         Dead                      Min: 0, Avg:  0.0, Max: 0, Diff: 0, Sum: 0, Workers: 5
[443.092s][debug][gc,phases      ] GC(3045)         Total                     Min: 0, Avg: 114.8, Max: 192, Diff: 192, Sum: 574, Workers: 5
[443.092s][debug][gc,phases      ] GC(3045)     Merge Per-Thread State: 0.0ms
[443.092s][debug][gc,phases      ] GC(3045)       Copied Bytes              Min: 24, Avg: 58.0, Max: 144, Diff: 120, Sum: 464, Workers: 8
[443.092s][debug][gc,phases      ] GC(3045)       LAB Waste                 Min: 0, Avg:  0.0, Max: 0, Diff: 0, Sum: 0, Workers: 8
[443.093s][debug][gc,phases      ] GC(3045)       LAB Undo Waste            Min: 0, Avg:  0.0, Max: 0, Diff: 0, Sum: 0, Workers: 8
[443.093s][debug][gc,phases      ] GC(3045)     Code Roots Purge: 0.0ms
[443.093s][debug][gc,phases      ] GC(3045)     Redirty Cards: 0.0ms
[443.093s][debug][gc,phases      ] GC(3045)     DerivedPointerTable Update: 0.0ms
[443.093s][debug][gc,phases      ] GC(3045)     Free Collection Set: 0.1ms
[443.093s][debug][gc,phases      ] GC(3045)     Rebuild Free List: 0.1ms
[443.093s][debug][gc,phases      ] GC(3045)     Humongous Reclaim: 0.0ms
[443.093s][debug][gc,phases      ] GC(3045)     Start New Collection Set: 0.0ms
[443.093s][debug][gc,phases      ] GC(3045)     Resize TLABs: 0.0ms
[443.093s][debug][gc,phases      ] GC(3045)     Expand Heap After Collection: 0.0ms
[443.093s][info ][gc,phases      ] GC(3045)   Other: 0.3ms
[443.093s][info ][gc,heap        ] GC(3045) Eden regions: 180->0(180)
[443.093s][info ][gc,heap        ] GC(3045) Survivor regions: 1->1(23)
[443.093s][info ][gc,heap        ] GC(3045) Old regions: 7->7
[443.093s][info ][gc,heap        ] GC(3045) Archive regions: 2->2
[443.093s][info ][gc,heap        ] GC(3045) Humongous regions: 0->0
[443.093s][info ][gc,metaspace   ] GC(3045) Metaspace: 9905K(10624K)->9905K(10624K) NonClass: 8758K(9216K)->8758K(9216K) Class: 1146K(1408K)->1146K(1408K)
[443.093s][debug][gc,heap        ] GC(3045) Heap after GC invocations=3046 (full 1): garbage-first heap   total 309248K, used 4073K [0x0000000700000000, 0x0000000800000000)
[443.093s][debug][gc,heap        ] GC(3045)   region size 1024K, 1 young (1024K), 1 survivors (1024K)
[443.093s][debug][gc,heap        ] GC(3045)  Metaspace       used 9905K, capacity 10179K, committed 10624K, reserved 1058816K
[443.093s][debug][gc,heap        ] GC(3045)   class space    used 1146K, capacity 1267K, committed 1408K, reserved 1048576K
[443.093s][info ][gc             ] GC(3045) Pause Young (Normal) (G1 Evacuation Pause) 183M->3M(302M) 1.847ms
[443.093s][info ][gc,cpu         ] GC(3045) User=0.00s Sys=0.00s Real=0.00s
[443.093s][info ][safepoint      ] Safepoint "G1CollectForAllocation", Time since last: 148203985 ns, Reaching safepoint: 176803 ns, At safepoint: 2037152 ns, Total: 2213955 ns
[443.242s][debug][gc,heap        ] GC(3046) Heap before GC invocations=3046 (full 1): garbage-first heap   total 309248K, used 188393K [0x0000000700000000, 0x0000000800000000)
[443.242s][debug][gc,heap        ] GC(3046)   region size 1024K, 181 young (185344K), 1 survivors (1024K)
[443.243s][debug][gc,heap        ] GC(3046)  Metaspace       used 9905K, capacity 10179K, committed 10624K, reserved 1058816K
[443.243s][debug][gc,heap        ] GC(3046)   class space    used 1146K, capacity 1267K, committed 1408K, reserved 1048576K
[443.243s][info ][gc,start       ] GC(3046) Pause Young (Normal) (G1 Evacuation Pause)
[443.243s][info ][gc,task        ] GC(3046) Using 8 workers of 8 for evacuation
[443.243s][debug][gc,tlab        ] GC(3046) TLAB totals: thrds: 8  refills: 724 max: 95 slow allocs: 0 max 0 waste:  0.8% gc: 1170552B max: 367176B slow: 418712B max: 55184B fast: 0B max: 0B
[443.243s][debug][gc,age         ] GC(3046) Desired survivor size 12058624 bytes, new threshold 15 (max threshold 15)
[443.243s][debug][gc,alloc,region] GC(3046) Mutator Allocation stats, regions: 180, wasted size: 0B ( 0.0%)
[443.243s][debug][gc,ergo        ] GC(3046) Running G1 Merge Heap Roots using 8 workers for 181 regions
[443.243s][debug][gc,remset      ] GC(3046) Visited cards 256 Total dirty 2048 (12.50%) Total old 759808 (0.03%)
[443.243s][debug][gc,ergo        ] GC(3046) Running G1 Clear Card Table Task using 1 workers for 1 units of work for 182 regions.
[443.243s][debug][gc,ref         ] GC(3046) Skipped phase1 of Reference Processing due to unavailable references
[443.243s][debug][gc,ref         ] GC(3046) Skipped phase2 of Reference Processing due to unavailable references
[443.243s][debug][gc,ref         ] GC(3046) Skipped phase3 of Reference Processing due to unavailable references
[443.243s][debug][gc,ref         ] GC(3046) Skipped phase4 of Reference Processing due to unavailable references
[443.243s][debug][gc,ergo        ] GC(3046) Running G1 Free Collection Set using 8 workers for collection set length 181 (302)
[443.243s][debug][gc,ergo        ] GC(3046) Running G1 Rebuild Free List Task using 8 workers for rebuilding free list of 0 (4096) regions
[443.243s][trace][gc,age         ] GC(3046) Age table with threshold 15 (max threshold 15)
[443.243s][trace][gc,age         ] GC(3046) - age   1:        512 bytes,        512 total
[443.243s][debug][gc,plab        ] GC(3046) Young PLAB allocation: allocated: 10320B, wasted: 0B, unused: 9808B, used: 512B, undo waste: 0B, 
[443.243s][debug][gc,plab        ] GC(3046) Young other allocation: region end waste: 0B, regions filled: 1, direct allocated: 0B, failure used: 0B, failure wasted: 0B
[443.243s][debug][gc,plab        ] GC(3046) Young sizing: calculated: 96B, actual: 2064B
[443.243s][debug][gc,plab        ] GC(3046) Old PLAB allocation: allocated: 0B, wasted: 0B, unused: 0B, used: 0B, undo waste: 0B, 
[443.243s][debug][gc,plab        ] GC(3046) Old other allocation: region end waste: 0B, regions filled: 1, direct allocated: 0B, failure used: 0B, failure wasted: 0B
[443.243s][debug][gc,plab        ] GC(3046) Old sizing: calculated: 0B, actual: 2064B
[443.243s][debug][gc,ihop        ] GC(3046) Basic information (value update), threshold: 142501478B (45.00), target occupancy: 316669952B, current occupancy: 4165064B, recent allocation size: 0B, recent allocation duration: 150.88ms, recent old gen allocation rate: 0.00B/s, recent marking phase length: 0.00ms
[443.243s][debug][gc,ihop        ] GC(3046) Adaptive IHOP information (value update), threshold: 142501478B (47.37), internal target occupancy: 300836454B, occupancy: 4165064B, additional buffer size: 189792256B, predicted old gen allocation rate: 0.00B/s, predicted marking phase length: 0.00ms, prediction active: false
[443.243s][debug][gc,ergo,refine ] GC(3046) Concurrent refinement times: Logged Cards Scan time goal: 20.00ms Logged Cards Scan time: 0.00ms HCC time: 0.00ms
[443.243s][debug][gc,ergo,refine ] GC(3046) Updated Refinement Zones: green: 2048, yellow: 6144, red: 10240
[443.243s][info ][gc,phases      ] GC(3046)   Pre Evacuate Collection Set: 0.1ms
[443.243s][debug][gc,phases      ] GC(3046)     Prepare TLABs: 0.0ms
[443.243s][debug][gc,phases      ] GC(3046)     Choose Collection Set: 0.0ms
[443.243s][debug][gc,phases      ] GC(3046)     Region Register: 0.1ms
[443.243s][debug][gc,phases      ] GC(3046)     Prepare Heap Roots: 0.0ms
[443.244s][info ][gc,phases      ] GC(3046)   Merge Heap Roots: 0.1ms
[443.244s][debug][gc,phases      ] GC(3046)     Prepare Merge Heap Roots: 0.0ms
[443.244s][debug][gc,phases      ] GC(3046)     Eager Reclaim (ms):       skipped
[443.244s][debug][gc,phases      ] GC(3046)     Remembered Sets (ms):     Min:  0.0, Avg:  0.0, Max:  0.0, Diff:  0.0, Sum:  0.0, Workers: 8
[443.244s][debug][gc,phases      ] GC(3046)       Merged Sparse:            Min: 0, Avg:  0.0, Max: 0, Diff: 0, Sum: 0, Workers: 8
[443.244s][debug][gc,phases      ] GC(3046)       Merged Fine:              Min: 0, Avg:  0.0, Max: 0, Diff: 0, Sum: 0, Workers: 8
[443.244s][debug][gc,phases      ] GC(3046)       Merged Coarse:            Min: 0, Avg:  0.0, Max: 0, Diff: 0, Sum: 0, Workers: 8
[443.244s][debug][gc,phases      ] GC(3046)       Dirty Cards:              Min: 0, Avg:  0.0, Max: 0, Diff: 0, Sum: 0, Workers: 8
[443.244s][debug][gc,phases      ] GC(3046)     Hot Card Cache (ms):      Min:  0.0, Avg:  0.0, Max:  0.0, Diff:  0.0, Sum:  0.0, Workers: 8
[443.244s][debug][gc,phases      ] GC(3046)       Dirty Cards:              Min: 0, Avg:  0.0, Max: 0, Diff: 0, Sum: 0, Workers: 8
[443.244s][debug][gc,phases      ] GC(3046)       Skipped Cards:            Min: 0, Avg:  0.0, Max: 0, Diff: 0, Sum: 0, Workers: 8
[443.244s][debug][gc,phases      ] GC(3046)     Log Buffers (ms):         Min:  0.0, Avg:  0.0, Max:  0.0, Diff:  0.0, Sum:  0.0, Workers: 8
[443.244s][debug][gc,phases      ] GC(3046)       Dirty Cards:              Min: 0, Avg:  0.1, Max: 1, Diff: 1, Sum: 1, Workers: 8
[443.244s][debug][gc,phases      ] GC(3046)       Skipped Cards:            Min: 0, Avg:  0.0, Max: 0, Diff: 0, Sum: 0, Workers: 8
[443.244s][info ][gc,phases      ] GC(3046)   Evacuate Collection Set: 0.2ms
[443.244s][debug][gc,phases      ] GC(3046)     Ext Root Scanning (ms):   Min:  0.0, Avg:  0.0, Max:  0.1, Diff:  0.0, Sum:  0.2, Workers: 8
[443.244s][debug][gc,phases      ] GC(3046)     Scan Heap Roots (ms):     Min:  0.0, Avg:  0.0, Max:  0.0, Diff:  0.0, Sum:  0.0, Workers: 8
[443.244s][debug][gc,phases      ] GC(3046)       Scanned Cards:            Min: 0, Avg:  0.1, Max: 1, Diff: 1, Sum: 1, Workers: 8
[443.244s][debug][gc,phases      ] GC(3046)       Scanned Blocks:           Min: 0, Avg:  0.1, Max: 1, Diff: 1, Sum: 1, Workers: 8
[443.244s][debug][gc,phases      ] GC(3046)       Claimed Chunks:           Min: 0, Avg:  0.1, Max: 1, Diff: 1, Sum: 1, Workers: 8
[443.244s][debug][gc,phases      ] GC(3046)     Code Root Scan (ms):      Min:  0.0, Avg:  0.0, Max:  0.0, Diff:  0.0, Sum:  0.0, Workers: 8
[443.244s][debug][gc,phases      ] GC(3046)     Object Copy (ms):         Min:  0.0, Avg:  0.0, Max:  0.0, Diff:  0.0, Sum:  0.0, Workers: 8
[443.244s][debug][gc,phases      ] GC(3046)     Termination (ms):         Min:  0.1, Avg:  0.1, Max:  0.1, Diff:  0.0, Sum:  0.4, Workers: 8
[443.244s][debug][gc,phases      ] GC(3046)       Termination Attempts:     Min: 1, Avg:  1.0, Max: 1, Diff: 0, Sum: 8, Workers: 8
[443.244s][debug][gc,phases      ] GC(3046)     GC Worker Other (ms):     Min:  0.0, Avg:  0.0, Max:  0.0, Diff:  0.0, Sum:  0.1, Workers: 8
[443.244s][debug][gc,phases      ] GC(3046)     GC Worker Total (ms):     Min:  0.1, Avg:  0.1, Max:  0.1, Diff:  0.1, Sum:  0.8, Workers: 8
[443.244s][info ][gc,phases      ] GC(3046)   Post Evacuate Collection Set: 0.4ms
[443.244s][debug][gc,phases      ] GC(3046)     Code Roots Fixup: 0.0ms
[443.244s][debug][gc,phases      ] GC(3046)     Clear Card Table: 0.1ms
[443.244s][debug][gc,phases      ] GC(3046)     Reference Processing: 0.0ms
[443.244s][debug][gc,phases,ref  ] GC(3046)       Reconsider SoftReferences: 0.0ms
[443.244s][debug][gc,phases,ref  ] GC(3046)         SoftRef (ms):             skipped
[443.244s][debug][gc,phases,ref  ] GC(3046)       Notify Soft/WeakReferences: 0.0ms
[443.244s][debug][gc,phases,ref  ] GC(3046)         SoftRef (ms):             skipped
[443.244s][debug][gc,phases,ref  ] GC(3046)         WeakRef (ms):             skipped
[443.244s][debug][gc,phases,ref  ] GC(3046)         FinalRef (ms):            skipped
[443.244s][debug][gc,phases,ref  ] GC(3046)         Total (ms):               skipped
[443.244s][debug][gc,phases,ref  ] GC(3046)       Notify and keep alive finalizable: 0.0ms
[443.244s][debug][gc,phases,ref  ] GC(3046)         FinalRef (ms):            skipped
[443.244s][debug][gc,phases,ref  ] GC(3046)       Notify PhantomReferences: 0.0ms
[443.244s][debug][gc,phases,ref  ] GC(3046)         PhantomRef (ms):          skipped
[443.244s][debug][gc,phases,ref  ] GC(3046)       SoftReference:
[443.244s][debug][gc,phases,ref  ] GC(3046)         Discovered: 0
[443.244s][debug][gc,phases,ref  ] GC(3046)         Cleared: 0
[443.244s][debug][gc,phases,ref  ] GC(3046)       WeakReference:
[443.244s][debug][gc,phases,ref  ] GC(3046)         Discovered: 0
[443.244s][debug][gc,phases,ref  ] GC(3046)         Cleared: 0
[443.244s][debug][gc,phases,ref  ] GC(3046)       FinalReference:
[443.244s][debug][gc,phases,ref  ] GC(3046)         Discovered: 0
[443.244s][debug][gc,phases,ref  ] GC(3046)         Cleared: 0
[443.244s][debug][gc,phases,ref  ] GC(3046)       PhantomReference:
[443.244s][debug][gc,phases,ref  ] GC(3046)         Discovered: 0
[443.244s][debug][gc,phases,ref  ] GC(3046)         Cleared: 0
[443.244s][debug][gc,phases      ] GC(3046)     Weak Processing: 0.1ms
[443.244s][debug][gc,phases      ] GC(3046)       JVMTI weak processing: 0.0ms
[443.244s][debug][gc,phases      ] GC(3046)         Dead: 0
[443.244s][debug][gc,phases      ] GC(3046)         Total: 0
[443.244s][debug][gc,phases      ] GC(3046)       JFR weak processing: 0.0ms
[443.244s][debug][gc,phases      ] GC(3046)         Dead: 0
[443.244s][debug][gc,phases      ] GC(3046)         Total: 0
[443.244s][debug][gc,phases      ] GC(3046)       JNI weak                  Min:  0.0, Avg:  0.0, Max:  0.0, Diff:  0.0, Sum:  0.0, Workers: 5
[443.244s][debug][gc,phases      ] GC(3046)         Dead                      Min: 0, Avg:  0.0, Max: 0, Diff: 0, Sum: 0, Workers: 5
[443.244s][debug][gc,phases      ] GC(3046)         Total                     Min: 0, Avg: 13.6, Max: 52, Diff: 52, Sum: 68, Workers: 5
[443.244s][debug][gc,phases      ] GC(3046)       VM weak                   Min:  0.0, Avg:  0.0, Max:  0.0, Diff:  0.0, Sum:  0.0, Workers: 5
[443.244s][debug][gc,phases      ] GC(3046)         Dead                      Min: 0, Avg:  0.0, Max: 0, Diff: 0, Sum: 0, Workers: 5
[443.244s][debug][gc,phases      ] GC(3046)         Total                     Min: 0, Avg: 42.6, Max: 128, Diff: 128, Sum: 213, Workers: 5
[443.244s][debug][gc,phases      ] GC(3046)       StringTable weak          Min:  0.0, Avg:  0.0, Max:  0.0, Diff:  0.0, Sum:  0.1, Workers: 5
[443.244s][debug][gc,phases      ] GC(3046)         Dead                      Min: 0, Avg:  0.0, Max: 0, Diff: 0, Sum: 0, Workers: 5
[443.244s][debug][gc,phases      ] GC(3046)         Total                     Min: 0, Avg: 682.0, Max: 1728, Diff: 1728, Sum: 3410, Workers: 5
[443.244s][debug][gc,phases      ] GC(3046)       ResolvedMethodTable weak  Min:  0.0, Avg:  0.0, Max:  0.0, Diff:  0.0, Sum:  0.0, Workers: 5
[443.244s][debug][gc,phases      ] GC(3046)         Dead                      Min: 0, Avg:  0.0, Max: 0, Diff: 0, Sum: 0, Workers: 5
[443.244s][debug][gc,phases      ] GC(3046)         Total                     Min: 0, Avg: 114.8, Max: 318, Diff: 318, Sum: 574, Workers: 5
[443.244s][debug][gc,phases      ] GC(3046)     Merge Per-Thread State: 0.0ms
[443.244s][debug][gc,phases      ] GC(3046)       Copied Bytes              Min: 0, Avg: 64.0, Max: 144, Diff: 144, Sum: 512, Workers: 8
[443.244s][debug][gc,phases      ] GC(3046)       LAB Waste                 Min: 0, Avg:  0.0, Max: 0, Diff: 0, Sum: 0, Workers: 8
[443.244s][debug][gc,phases      ] GC(3046)       LAB Undo Waste            Min: 0, Avg:  0.0, Max: 0, Diff: 0, Sum: 0, Workers: 8
[443.244s][debug][gc,phases      ] GC(3046)     Code Roots Purge: 0.0ms
[443.244s][debug][gc,phases      ] GC(3046)     Redirty Cards: 0.0ms
[443.244s][debug][gc,phases      ] GC(3046)     DerivedPointerTable Update: 0.0ms
[443.244s][debug][gc,phases      ] GC(3046)     Free Collection Set: 0.1ms
[443.244s][debug][gc,phases      ] GC(3046)     Rebuild Free List: 0.1ms
[443.244s][debug][gc,phases      ] GC(3046)     Humongous Reclaim: 0.0ms
[443.244s][debug][gc,phases      ] GC(3046)     Start New Collection Set: 0.0ms
[443.244s][debug][gc,phases      ] GC(3046)     Resize TLABs: 0.0ms
[443.244s][debug][gc,phases      ] GC(3046)     Expand Heap After Collection: 0.0ms
[443.244s][info ][gc,phases      ] GC(3046)   Other: 0.3ms
[443.244s][info ][gc,heap        ] GC(3046) Eden regions: 180->0(180)
[443.244s][info ][gc,heap        ] GC(3046) Survivor regions: 1->1(23)
[443.244s][info ][gc,heap        ] GC(3046) Old regions: 7->7
[443.244s][info ][gc,heap        ] GC(3046) Archive regions: 2->2
[443.244s][info ][gc,heap        ] GC(3046) Humongous regions: 0->0
[443.244s][info ][gc,metaspace   ] GC(3046) Metaspace: 9905K(10624K)->9905K(10624K) NonClass: 8758K(9216K)->8758K(9216K) Class: 1146K(1408K)->1146K(1408K)
[443.244s][debug][gc,heap        ] GC(3046) Heap after GC invocations=3047 (full 1): garbage-first heap   total 309248K, used 4067K [0x0000000700000000, 0x0000000800000000)
[443.244s][debug][gc,heap        ] GC(3046)   region size 1024K, 1 young (1024K), 1 survivors (1024K)
[443.244s][debug][gc,heap        ] GC(3046)  Metaspace       used 9905K, capacity 10179K, committed 10624K, reserved 1058816K
[443.244s][debug][gc,heap        ] GC(3046)   class space    used 1146K, capacity 1267K, committed 1408K, reserved 1048576K
[443.244s][info ][gc             ] GC(3046) Pause Young (Normal) (G1 Evacuation Pause) 183M->3M(302M) 1.847ms
[443.244s][info ][gc,cpu         ] GC(3046) User=0.00s Sys=0.00s Real=0.01s
[443.244s][info ][safepoint      ] Safepoint "G1CollectForAllocation", Time since last: 149514069 ns, Reaching safepoint: 142313 ns, At safepoint: 2035541 ns, Total: 2177854 ns
[443.389s][debug][gc,heap        ] GC(3047) Heap before GC invocations=3047 (full 1): garbage-first heap   total 309248K, used 188387K [0x0000000700000000, 0x0000000800000000)
[443.389s][debug][gc,heap        ] GC(3047)   region size 1024K, 181 young (185344K), 1 survivors (1024K)
[443.389s][debug][gc,heap        ] GC(3047)  Metaspace       used 9905K, capacity 10179K, committed 10624K, reserved 1058816K
[443.389s][debug][gc,heap        ] GC(3047)   class space    used 1146K, capacity 1267K, committed 1408K, reserved 1048576K
[443.389s][info ][gc,start       ] GC(3047) Pause Young (Normal) (G1 Evacuation Pause)
[443.389s][info ][gc,task        ] GC(3047) Using 8 workers of 8 for evacuation
[443.389s][debug][gc,tlab        ] GC(3047) TLAB totals: thrds: 8  refills: 721 max: 103 slow allocs: 0 max 0 waste:  1.0% gc: 1555016B max: 387088B slow: 416736B max: 59344B fast: 0B max: 0B
[443.389s][debug][gc,age         ] GC(3047) Desired survivor size 12058624 bytes, new threshold 15 (max threshold 15)
[443.389s][debug][gc,alloc,region] GC(3047) Mutator Allocation stats, regions: 180, wasted size: 1016B ( 0.0%)
[443.389s][debug][gc,ergo        ] GC(3047) Running G1 Merge Heap Roots using 8 workers for 181 regions
[443.389s][debug][gc,remset      ] GC(3047) Visited cards 256 Total dirty 2048 (12.50%) Total old 759808 (0.03%)
[443.389s][debug][gc,ergo        ] GC(3047) Running G1 Clear Card Table Task using 1 workers for 1 units of work for 182 regions.
[443.389s][debug][gc,ref         ] GC(3047) Skipped phase1 of Reference Processing due to unavailable references
[443.389s][debug][gc,ref         ] GC(3047) Skipped phase2 of Reference Processing due to unavailable references
[443.389s][debug][gc,ref         ] GC(3047) Skipped phase3 of Reference Processing due to unavailable references
[443.389s][debug][gc,ref         ] GC(3047) Skipped phase4 of Reference Processing due to unavailable references
[443.389s][debug][gc,ergo        ] GC(3047) Running G1 Free Collection Set using 8 workers for collection set length 181 (302)
[443.389s][debug][gc,ergo        ] GC(3047) Running G1 Rebuild Free List Task using 8 workers for rebuilding free list of 0 (4096) regions
[443.390s][trace][gc,age         ] GC(3047) Age table with threshold 15 (max threshold 15)
[443.390s][trace][gc,age         ] GC(3047) - age   1:        544 bytes,        544 total
[443.390s][debug][gc,plab        ] GC(3047) Young PLAB allocation: allocated: 12384B, wasted: 0B, unused: 11840B, used: 544B, undo waste: 0B, 
[443.390s][debug][gc,plab        ] GC(3047) Young other allocation: region end waste: 0B, regions filled: 1, direct allocated: 0B, failure used: 0B, failure wasted: 0B
[443.390s][debug][gc,plab        ] GC(3047) Young sizing: calculated: 104B, actual: 2064B
[443.390s][debug][gc,plab        ] GC(3047) Old PLAB allocation: allocated: 0B, wasted: 0B, unused: 0B, used: 0B, undo waste: 0B, 
[443.390s][debug][gc,plab        ] GC(3047) Old other allocation: region end waste: 0B, regions filled: 1, direct allocated: 0B, failure used: 0B, failure wasted: 0B
[443.390s][debug][gc,plab        ] GC(3047) Old sizing: calculated: 0B, actual: 2064B
[443.390s][debug][gc,ihop        ] GC(3047) Basic information (value update), threshold: 142501478B (45.00), target occupancy: 316669952B, current occupancy: 4167128B, recent allocation size: 0B, recent allocation duration: 145.27ms, recent old gen allocation rate: 0.00B/s, recent marking phase length: 0.00ms
[443.390s][debug][gc,ihop        ] GC(3047) Adaptive IHOP information (value update), threshold: 142501478B (47.37), internal target occupancy: 300836454B, occupancy: 4167128B, additional buffer size: 189792256B, predicted old gen allocation rate: 0.00B/s, predicted marking phase length: 0.00ms, prediction active: false
[443.390s][debug][gc,ergo,refine ] GC(3047) Concurrent refinement times: Logged Cards Scan time goal: 20.00ms Logged Cards Scan time: 0.00ms HCC time: 0.00ms
[443.390s][debug][gc,ergo,refine ] GC(3047) Updated Refinement Zones: green: 2048, yellow: 6144, red: 10240
[443.390s][info ][gc,phases      ] GC(3047)   Pre Evacuate Collection Set: 0.1ms
[443.390s][debug][gc,phases      ] GC(3047)     Prepare TLABs: 0.0ms
[443.390s][debug][gc,phases      ] GC(3047)     Choose Collection Set: 0.0ms
[443.390s][debug][gc,phases      ] GC(3047)     Region Register: 0.1ms
[443.390s][debug][gc,phases      ] GC(3047)     Prepare Heap Roots: 0.0ms
[443.390s][info ][gc,phases      ] GC(3047)   Merge Heap Roots: 0.1ms
[443.390s][debug][gc,phases      ] GC(3047)     Prepare Merge Heap Roots: 0.0ms
[443.390s][debug][gc,phases      ] GC(3047)     Eager Reclaim (ms):       skipped
[443.390s][debug][gc,phases      ] GC(3047)     Remembered Sets (ms):     Min:  0.0, Avg:  0.0, Max:  0.0, Diff:  0.0, Sum:  0.0, Workers: 8
[443.390s][debug][gc,phases      ] GC(3047)       Merged Sparse:            Min: 0, Avg:  0.0, Max: 0, Diff: 0, Sum: 0, Workers: 8
[443.390s][debug][gc,phases      ] GC(3047)       Merged Fine:              Min: 0, Avg:  0.0, Max: 0, Diff: 0, Sum: 0, Workers: 8
[443.390s][debug][gc,phases      ] GC(3047)       Merged Coarse:            Min: 0, Avg:  0.0, Max: 0, Diff: 0, Sum: 0, Workers: 8
[443.390s][debug][gc,phases      ] GC(3047)       Dirty Cards:              Min: 0, Avg:  0.0, Max: 0, Diff: 0, Sum: 0, Workers: 8
[443.390s][debug][gc,phases      ] GC(3047)     Hot Card Cache (ms):      Min:  0.0, Avg:  0.0, Max:  0.0, Diff:  0.0, Sum:  0.0, Workers: 8
[443.390s][debug][gc,phases      ] GC(3047)       Dirty Cards:              Min: 0, Avg:  0.0, Max: 0, Diff: 0, Sum: 0, Workers: 8
[443.390s][debug][gc,phases      ] GC(3047)       Skipped Cards:            Min: 0, Avg:  0.0, Max: 0, Diff: 0, Sum: 0, Workers: 8
[443.390s][debug][gc,phases      ] GC(3047)     Log Buffers (ms):         Min:  0.0, Avg:  0.0, Max:  0.0, Diff:  0.0, Sum:  0.0, Workers: 8
[443.390s][debug][gc,phases      ] GC(3047)       Dirty Cards:              Min: 0, Avg:  0.1, Max: 1, Diff: 1, Sum: 1, Workers: 8
[443.390s][debug][gc,phases      ] GC(3047)       Skipped Cards:            Min: 0, Avg:  0.0, Max: 0, Diff: 0, Sum: 0, Workers: 8
[443.390s][info ][gc,phases      ] GC(3047)   Evacuate Collection Set: 0.2ms
[443.390s][debug][gc,phases      ] GC(3047)     Ext Root Scanning (ms):   Min:  0.0, Avg:  0.0, Max:  0.1, Diff:  0.1, Sum:  0.2, Workers: 8
[443.390s][debug][gc,phases      ] GC(3047)     Scan Heap Roots (ms):     Min:  0.0, Avg:  0.0, Max:  0.0, Diff:  0.0, Sum:  0.0, Workers: 8
[443.390s][debug][gc,phases      ] GC(3047)       Scanned Cards:            Min: 0, Avg:  0.1, Max: 1, Diff: 1, Sum: 1, Workers: 8
[443.390s][debug][gc,phases      ] GC(3047)       Scanned Blocks:           Min: 0, Avg:  0.1, Max: 1, Diff: 1, Sum: 1, Workers: 8
[443.390s][debug][gc,phases      ] GC(3047)       Claimed Chunks:           Min: 0, Avg:  0.1, Max: 1, Diff: 1, Sum: 1, Workers: 8
[443.390s][debug][gc,phases      ] GC(3047)     Code Root Scan (ms):      Min:  0.0, Avg:  0.0, Max:  0.0, Diff:  0.0, Sum:  0.0, Workers: 8
[443.390s][debug][gc,phases      ] GC(3047)     Object Copy (ms):         Min:  0.0, Avg:  0.0, Max:  0.0, Diff:  0.0, Sum:  0.0, Workers: 8
[443.390s][debug][gc,phases      ] GC(3047)     Termination (ms):         Min:  0.1, Avg:  0.1, Max:  0.1, Diff:  0.0, Sum:  0.8, Workers: 8
[443.390s][debug][gc,phases      ] GC(3047)       Termination Attempts:     Min: 1, Avg:  1.0, Max: 1, Diff: 0, Sum: 8, Workers: 8
[443.390s][debug][gc,phases      ] GC(3047)     GC Worker Other (ms):     Min:  0.0, Avg:  0.0, Max:  0.0, Diff:  0.0, Sum:  0.1, Workers: 8
[443.390s][debug][gc,phases      ] GC(3047)     GC Worker Total (ms):     Min:  0.1, Avg:  0.1, Max:  0.2, Diff:  0.0, Sum:  1.2, Workers: 8
[443.390s][info ][gc,phases      ] GC(3047)   Post Evacuate Collection Set: 0.3ms
[443.390s][debug][gc,phases      ] GC(3047)     Code Roots Fixup: 0.0ms
[443.390s][debug][gc,phases      ] GC(3047)     Clear Card Table: 0.1ms
[443.390s][debug][gc,phases      ] GC(3047)     Reference Processing: 0.0ms
[443.390s][debug][gc,phases,ref  ] GC(3047)       Reconsider SoftReferences: 0.0ms
[443.390s][debug][gc,phases,ref  ] GC(3047)         SoftRef (ms):             skipped
[443.390s][debug][gc,phases,ref  ] GC(3047)       Notify Soft/WeakReferences: 0.0ms
[443.390s][debug][gc,phases,ref  ] GC(3047)         SoftRef (ms):             skipped
[443.390s][debug][gc,phases,ref  ] GC(3047)         WeakRef (ms):             skipped
[443.390s][debug][gc,phases,ref  ] GC(3047)         FinalRef (ms):            skipped
[443.390s][debug][gc,phases,ref  ] GC(3047)         Total (ms):               skipped
[443.390s][debug][gc,phases,ref  ] GC(3047)       Notify and keep alive finalizable: 0.0ms
[443.390s][debug][gc,phases,ref  ] GC(3047)         FinalRef (ms):            skipped
[443.390s][debug][gc,phases,ref  ] GC(3047)       Notify PhantomReferences: 0.0ms
[443.390s][debug][gc,phases,ref  ] GC(3047)         PhantomRef (ms):          skipped
[443.390s][debug][gc,phases,ref  ] GC(3047)       SoftReference:
[443.390s][debug][gc,phases,ref  ] GC(3047)         Discovered: 0
[443.390s][debug][gc,phases,ref  ] GC(3047)         Cleared: 0
[443.390s][debug][gc,phases,ref  ] GC(3047)       WeakReference:
[443.390s][debug][gc,phases,ref  ] GC(3047)         Discovered: 0
[443.390s][debug][gc,phases,ref  ] GC(3047)         Cleared: 0
[443.390s][debug][gc,phases,ref  ] GC(3047)       FinalReference:
[443.390s][debug][gc,phases,ref  ] GC(3047)         Discovered: 0
[443.390s][debug][gc,phases,ref  ] GC(3047)         Cleared: 0
[443.390s][debug][gc,phases,ref  ] GC(3047)       PhantomReference:
[443.390s][debug][gc,phases,ref  ] GC(3047)         Discovered: 0
[443.390s][debug][gc,phases,ref  ] GC(3047)         Cleared: 0
[443.390s][debug][gc,phases      ] GC(3047)     Weak Processing: 0.1ms
[443.390s][debug][gc,phases      ] GC(3047)       JVMTI weak processing: 0.0ms
[443.390s][debug][gc,phases      ] GC(3047)         Dead: 0
[443.390s][debug][gc,phases      ] GC(3047)         Total: 0
[443.390s][debug][gc,phases      ] GC(3047)       JFR weak processing: 0.0ms
[443.390s][debug][gc,phases      ] GC(3047)         Dead: 0
[443.390s][debug][gc,phases      ] GC(3047)         Total: 0
[443.390s][debug][gc,phases      ] GC(3047)       JNI weak                  Min:  0.0, Avg:  0.0, Max:  0.0, Diff:  0.0, Sum:  0.0, Workers: 5
[443.390s][debug][gc,phases      ] GC(3047)         Dead                      Min: 0, Avg:  0.0, Max: 0, Diff: 0, Sum: 0, Workers: 5
[443.390s][debug][gc,phases      ] GC(3047)         Total                     Min: 0, Avg: 13.6, Max: 52, Diff: 52, Sum: 68, Workers: 5
[443.390s][debug][gc,phases      ] GC(3047)       VM weak                   Min:  0.0, Avg:  0.0, Max:  0.0, Diff:  0.0, Sum:  0.0, Workers: 5
[443.390s][debug][gc,phases      ] GC(3047)         Dead                      Min: 0, Avg:  0.0, Max: 0, Diff: 0, Sum: 0, Workers: 5
[443.390s][debug][gc,phases      ] GC(3047)         Total                     Min: 0, Avg: 42.6, Max: 128, Diff: 128, Sum: 213, Workers: 5
[443.390s][debug][gc,phases      ] GC(3047)       StringTable weak          Min:  0.0, Avg:  0.0, Max:  0.0, Diff:  0.0, Sum:  0.1, Workers: 5
[443.390s][debug][gc,phases      ] GC(3047)         Dead                      Min: 0, Avg:  0.0, Max: 0, Diff: 0, Sum: 0, Workers: 5
[443.390s][debug][gc,phases      ] GC(3047)         Total                     Min: 0, Avg: 682.0, Max: 1727, Diff: 1727, Sum: 3410, Workers: 5
[443.390s][debug][gc,phases      ] GC(3047)       ResolvedMethodTable weak  Min:  0.0, Avg:  0.0, Max:  0.0, Diff:  0.0, Sum:  0.0, Workers: 5
[443.390s][debug][gc,phases      ] GC(3047)         Dead                      Min: 0, Avg:  0.0, Max: 0, Diff: 0, Sum: 0, Workers: 5
[443.390s][debug][gc,phases      ] GC(3047)         Total                     Min: 0, Avg: 114.8, Max: 318, Diff: 318, Sum: 574, Workers: 5
[443.390s][debug][gc,phases      ] GC(3047)     Merge Per-Thread State: 0.0ms
[443.390s][debug][gc,phases      ] GC(3047)       Copied Bytes              Min: 0, Avg: 68.0, Max: 168, Diff: 168, Sum: 544, Workers: 8
[443.390s][debug][gc,phases      ] GC(3047)       LAB Waste                 Min: 0, Avg:  0.0, Max: 0, Diff: 0, Sum: 0, Workers: 8
[443.390s][debug][gc,phases      ] GC(3047)       LAB Undo Waste            Min: 0, Avg:  0.0, Max: 0, Diff: 0, Sum: 0, Workers: 8
[443.390s][debug][gc,phases      ] GC(3047)     Code Roots Purge: 0.0ms
[443.390s][debug][gc,phases      ] GC(3047)     Redirty Cards: 0.0ms
[443.390s][debug][gc,phases      ] GC(3047)     DerivedPointerTable Update: 0.0ms
[443.390s][debug][gc,phases      ] GC(3047)     Free Collection Set: 0.1ms
[443.390s][debug][gc,phases      ] GC(3047)     Rebuild Free List: 0.0ms
[443.391s][debug][gc,phases      ] GC(3047)     Humongous Reclaim: 0.0ms
[443.391s][debug][gc,phases      ] GC(3047)     Start New Collection Set: 0.0ms
[443.391s][debug][gc,phases      ] GC(3047)     Resize TLABs: 0.0ms
[443.391s][debug][gc,phases      ] GC(3047)     Expand Heap After Collection: 0.0ms
[443.391s][info ][gc,phases      ] GC(3047)   Other: 0.4ms
[443.391s][info ][gc,heap        ] GC(3047) Eden regions: 180->0(180)
[443.391s][info ][gc,heap        ] GC(3047) Survivor regions: 1->1(23)
[443.391s][info ][gc,heap        ] GC(3047) Old regions: 7->7
[443.391s][info ][gc,heap        ] GC(3047) Archive regions: 2->2
[443.391s][info ][gc,heap        ] GC(3047) Humongous regions: 0->0
[443.391s][info ][gc,metaspace   ] GC(3047) Metaspace: 9905K(10624K)->9905K(10624K) NonClass: 8758K(9216K)->8758K(9216K) Class: 1146K(1408K)->1146K(1408K)
[443.391s][debug][gc,heap        ] GC(3047) Heap after GC invocations=3048 (full 1): garbage-first heap   total 309248K, used 4069K [0x0000000700000000, 0x0000000800000000)
[443.391s][debug][gc,heap        ] GC(3047)   region size 1024K, 1 young (1024K), 1 survivors (1024K)
[443.391s][debug][gc,heap        ] GC(3047)  Metaspace       used 9905K, capacity 10179K, committed 10624K, reserved 1058816K
[443.391s][debug][gc,heap        ] GC(3047)   class space    used 1146K, capacity 1267K, committed 1408K, reserved 1048576K
[443.391s][info ][gc             ] GC(3047) Pause Young (Normal) (G1 Evacuation Pause) 183M->3M(302M) 2.054ms
[443.391s][info ][gc,cpu         ] GC(3047) User=0.00s Sys=0.01s Real=0.00s
[443.391s][info ][safepoint      ] Safepoint "G1CollectForAllocation", Time since last: 143905337 ns, Reaching safepoint: 112507 ns, At safepoint: 2458874 ns, Total: 2571381 ns
[443.516s][debug][gc,heap        ] GC(3048) Heap before GC invocations=3048 (full 1): garbage-first heap   total 309248K, used 188389K [0x0000000700000000, 0x0000000800000000)
[443.516s][debug][gc,heap        ] GC(3048)   region size 1024K, 181 young (185344K), 1 survivors (1024K)
[443.516s][debug][gc,heap        ] GC(3048)  Metaspace       used 9905K, capacity 10179K, committed 10624K, reserved 1058816K
[443.516s][debug][gc,heap        ] GC(3048)   class space    used 1146K, capacity 1267K, committed 1408K, reserved 1048576K
[443.516s][info ][gc,start       ] GC(3048) Pause Young (Normal) (G1 Evacuation Pause)
[443.516s][info ][gc,task        ] GC(3048) Using 8 workers of 8 for evacuation
[443.516s][debug][gc,tlab        ] GC(3048) TLAB totals: thrds: 8  refills: 724 max: 99 slow allocs: 0 max 0 waste:  1.2% gc: 1884424B max: 416192B slow: 420504B max: 57728B fast: 0B max: 0B
[443.516s][debug][gc,age         ] GC(3048) Desired survivor size 12058624 bytes, new threshold 15 (max threshold 15)
[443.516s][debug][gc,alloc,region] GC(3048) Mutator Allocation stats, regions: 180, wasted size: 0B ( 0.0%)
[443.516s][debug][gc,ergo        ] GC(3048) Running G1 Merge Heap Roots using 8 workers for 181 regions
[443.516s][debug][gc,remset      ] GC(3048) Visited cards 256 Total dirty 2048 (12.50%) Total old 759808 (0.03%)
[443.516s][debug][gc,ergo        ] GC(3048) Running G1 Clear Card Table Task using 1 workers for 1 units of work for 182 regions.
[443.516s][debug][gc,ref         ] GC(3048) Skipped phase1 of Reference Processing due to unavailable references
[443.516s][debug][gc,ref         ] GC(3048) Skipped phase2 of Reference Processing due to unavailable references
[443.516s][debug][gc,ref         ] GC(3048) Skipped phase3 of Reference Processing due to unavailable references
[443.516s][debug][gc,ref         ] GC(3048) Skipped phase4 of Reference Processing due to unavailable references
[443.516s][debug][gc,ergo        ] GC(3048) Running G1 Free Collection Set using 8 workers for collection set length 181 (302)
[443.516s][debug][gc,ergo        ] GC(3048) Running G1 Rebuild Free List Task using 8 workers for rebuilding free list of 0 (4096) regions
[443.516s][trace][gc,age         ] GC(3048) Age table with threshold 15 (max threshold 15)
[443.516s][trace][gc,age         ] GC(3048) - age   1:        456 bytes,        456 total
[443.516s][debug][gc,plab        ] GC(3048) Young PLAB allocation: allocated: 10320B, wasted: 0B, unused: 9864B, used: 456B, undo waste: 0B, 
[443.516s][debug][gc,plab        ] GC(3048) Young other allocation: region end waste: 0B, regions filled: 1, direct allocated: 0B, failure used: 0B, failure wasted: 0B
[443.516s][debug][gc,plab        ] GC(3048) Young sizing: calculated: 88B, actual: 2064B
[443.516s][debug][gc,plab        ] GC(3048) Old PLAB allocation: allocated: 0B, wasted: 0B, unused: 0B, used: 0B, undo waste: 0B, 
[443.516s][debug][gc,plab        ] GC(3048) Old other allocation: region end waste: 0B, regions filled: 1, direct allocated: 0B, failure used: 0B, failure wasted: 0B
[443.516s][debug][gc,plab        ] GC(3048) Old sizing: calculated: 0B, actual: 2064B
[443.516s][debug][gc,ihop        ] GC(3048) Basic information (value update), threshold: 142501478B (45.00), target occupancy: 316669952B, current occupancy: 4165064B, recent allocation size: 0B, recent allocation duration: 126.05ms, recent old gen allocation rate: 0.00B/s, recent marking phase length: 0.00ms
[443.516s][debug][gc,ihop        ] GC(3048) Adaptive IHOP information (value update), threshold: 142501478B (47.37), internal target occupancy: 300836454B, occupancy: 4165064B, additional buffer size: 189792256B, predicted old gen allocation rate: 0.00B/s, predicted marking phase length: 0.00ms, prediction active: false
[443.516s][debug][gc,ergo,refine ] GC(3048) Concurrent refinement times: Logged Cards Scan time goal: 20.00ms Logged Cards Scan time: 0.00ms HCC time: 0.00ms
[443.517s][debug][gc,ergo,refine ] GC(3048) Updated Refinement Zones: green: 2048, yellow: 6144, red: 10240
[443.517s][info ][gc,phases      ] GC(3048)   Pre Evacuate Collection Set: 0.1ms
[443.517s][debug][gc,phases      ] GC(3048)     Prepare TLABs: 0.0ms
[443.517s][debug][gc,phases      ] GC(3048)     Choose Collection Set: 0.0ms
[443.517s][debug][gc,phases      ] GC(3048)     Region Register: 0.1ms
[443.517s][debug][gc,phases      ] GC(3048)     Prepare Heap Roots: 0.0ms
[443.517s][info ][gc,phases      ] GC(3048)   Merge Heap Roots: 0.1ms
[443.517s][debug][gc,phases      ] GC(3048)     Prepare Merge Heap Roots: 0.0ms
[443.517s][debug][gc,phases      ] GC(3048)     Eager Reclaim (ms):       skipped
[443.517s][debug][gc,phases      ] GC(3048)     Remembered Sets (ms):     Min:  0.0, Avg:  0.0, Max:  0.0, Diff:  0.0, Sum:  0.1, Workers: 8
[443.517s][debug][gc,phases      ] GC(3048)       Merged Sparse:            Min: 0, Avg:  0.0, Max: 0, Diff: 0, Sum: 0, Workers: 8
[443.517s][debug][gc,phases      ] GC(3048)       Merged Fine:              Min: 0, Avg:  0.0, Max: 0, Diff: 0, Sum: 0, Workers: 8
[443.517s][debug][gc,phases      ] GC(3048)       Merged Coarse:            Min: 0, Avg:  0.0, Max: 0, Diff: 0, Sum: 0, Workers: 8
[443.517s][debug][gc,phases      ] GC(3048)       Dirty Cards:              Min: 0, Avg:  0.0, Max: 0, Diff: 0, Sum: 0, Workers: 8
[443.517s][debug][gc,phases      ] GC(3048)     Hot Card Cache (ms):      Min:  0.0, Avg:  0.0, Max:  0.0, Diff:  0.0, Sum:  0.0, Workers: 8
[443.517s][debug][gc,phases      ] GC(3048)       Dirty Cards:              Min: 0, Avg:  0.0, Max: 0, Diff: 0, Sum: 0, Workers: 8
[443.517s][debug][gc,phases      ] GC(3048)       Skipped Cards:            Min: 0, Avg:  0.0, Max: 0, Diff: 0, Sum: 0, Workers: 8
[443.517s][debug][gc,phases      ] GC(3048)     Log Buffers (ms):         Min:  0.0, Avg:  0.0, Max:  0.0, Diff:  0.0, Sum:  0.0, Workers: 8
[443.517s][debug][gc,phases      ] GC(3048)       Dirty Cards:              Min: 0, Avg:  0.1, Max: 1, Diff: 1, Sum: 1, Workers: 8
[443.517s][debug][gc,phases      ] GC(3048)       Skipped Cards:            Min: 0, Avg:  0.0, Max: 0, Diff: 0, Sum: 0, Workers: 8
[443.517s][info ][gc,phases      ] GC(3048)   Evacuate Collection Set: 0.1ms
[443.517s][debug][gc,phases      ] GC(3048)     Ext Root Scanning (ms):   Min:  0.0, Avg:  0.0, Max:  0.1, Diff:  0.1, Sum:  0.2, Workers: 8
[443.517s][debug][gc,phases      ] GC(3048)     Scan Heap Roots (ms):     Min:  0.0, Avg:  0.0, Max:  0.0, Diff:  0.0, Sum:  0.0, Workers: 8
[443.517s][debug][gc,phases      ] GC(3048)       Scanned Cards:            Min: 0, Avg:  0.1, Max: 1, Diff: 1, Sum: 1, Workers: 8
[443.517s][debug][gc,phases      ] GC(3048)       Scanned Blocks:           Min: 0, Avg:  0.1, Max: 1, Diff: 1, Sum: 1, Workers: 8
[443.517s][debug][gc,phases      ] GC(3048)       Claimed Chunks:           Min: 0, Avg:  0.1, Max: 1, Diff: 1, Sum: 1, Workers: 8
[443.517s][debug][gc,phases      ] GC(3048)     Code Root Scan (ms):      Min:  0.0, Avg:  0.0, Max:  0.0, Diff:  0.0, Sum:  0.0, Workers: 8
[443.517s][debug][gc,phases      ] GC(3048)     Object Copy (ms):         Min:  0.0, Avg:  0.0, Max:  0.0, Diff:  0.0, Sum:  0.0, Workers: 8
[443.517s][debug][gc,phases      ] GC(3048)     Termination (ms):         Min:  0.0, Avg:  0.1, Max:  0.1, Diff:  0.0, Sum:  0.4, Workers: 8
[443.517s][debug][gc,phases      ] GC(3048)       Termination Attempts:     Min: 1, Avg:  1.0, Max: 1, Diff: 0, Sum: 8, Workers: 8
[443.517s][debug][gc,phases      ] GC(3048)     GC Worker Other (ms):     Min:  0.0, Avg:  0.0, Max:  0.0, Diff:  0.0, Sum:  0.1, Workers: 8
[443.517s][debug][gc,phases      ] GC(3048)     GC Worker Total (ms):     Min:  0.1, Avg:  0.1, Max:  0.1, Diff:  0.1, Sum:  0.8, Workers: 8
[443.517s][info ][gc,phases      ] GC(3048)   Post Evacuate Collection Set: 0.3ms
[443.517s][debug][gc,phases      ] GC(3048)     Code Roots Fixup: 0.0ms
[443.517s][debug][gc,phases      ] GC(3048)     Clear Card Table: 0.1ms
[443.517s][debug][gc,phases      ] GC(3048)     Reference Processing: 0.0ms
[443.517s][debug][gc,phases,ref  ] GC(3048)       Reconsider SoftReferences: 0.0ms
[443.517s][debug][gc,phases,ref  ] GC(3048)         SoftRef (ms):             skipped
[443.517s][debug][gc,phases,ref  ] GC(3048)       Notify Soft/WeakReferences: 0.0ms
[443.517s][debug][gc,phases,ref  ] GC(3048)         SoftRef (ms):             skipped
[443.517s][debug][gc,phases,ref  ] GC(3048)         WeakRef (ms):             skipped
[443.517s][debug][gc,phases,ref  ] GC(3048)         FinalRef (ms):            skipped
[443.517s][debug][gc,phases,ref  ] GC(3048)         Total (ms):               skipped
[443.517s][debug][gc,phases,ref  ] GC(3048)       Notify and keep alive finalizable: 0.0ms
[443.517s][debug][gc,phases,ref  ] GC(3048)         FinalRef (ms):            skipped
[443.517s][debug][gc,phases,ref  ] GC(3048)       Notify PhantomReferences: 0.0ms
[443.517s][debug][gc,phases,ref  ] GC(3048)         PhantomRef (ms):          skipped
[443.517s][debug][gc,phases,ref  ] GC(3048)       SoftReference:
[443.517s][debug][gc,phases,ref  ] GC(3048)         Discovered: 0
[443.517s][debug][gc,phases,ref  ] GC(3048)         Cleared: 0
[443.517s][debug][gc,phases,ref  ] GC(3048)       WeakReference:
[443.517s][debug][gc,phases,ref  ] GC(3048)         Discovered: 0
[443.517s][debug][gc,phases,ref  ] GC(3048)         Cleared: 0
[443.517s][debug][gc,phases,ref  ] GC(3048)       FinalReference:
[443.517s][debug][gc,phases,ref  ] GC(3048)         Discovered: 0
[443.517s][debug][gc,phases,ref  ] GC(3048)         Cleared: 0
[443.517s][debug][gc,phases,ref  ] GC(3048)       PhantomReference:
[443.517s][debug][gc,phases,ref  ] GC(3048)         Discovered: 0
[443.517s][debug][gc,phases,ref  ] GC(3048)         Cleared: 0
[443.517s][debug][gc,phases      ] GC(3048)     Weak Processing: 0.0ms
[443.517s][debug][gc,phases      ] GC(3048)       JVMTI weak processing: 0.0ms
[443.517s][debug][gc,phases      ] GC(3048)         Dead: 0
[443.517s][debug][gc,phases      ] GC(3048)         Total: 0
[443.517s][debug][gc,phases      ] GC(3048)       JFR weak processing: 0.0ms
[443.517s][debug][gc,phases      ] GC(3048)         Dead: 0
[443.517s][debug][gc,phases      ] GC(3048)         Total: 0
[443.517s][debug][gc,phases      ] GC(3048)       JNI weak                  Min:  0.0, Avg:  0.0, Max:  0.0, Diff:  0.0, Sum:  0.0, Workers: 5
[443.517s][debug][gc,phases      ] GC(3048)         Dead                      Min: 0, Avg:  0.0, Max: 0, Diff: 0, Sum: 0, Workers: 5
[443.517s][debug][gc,phases      ] GC(3048)         Total                     Min: 0, Avg: 13.6, Max: 52, Diff: 52, Sum: 68, Workers: 5
[443.517s][debug][gc,phases      ] GC(3048)       VM weak                   Min:  0.0, Avg:  0.0, Max:  0.0, Diff:  0.0, Sum:  0.0, Workers: 5
[443.517s][debug][gc,phases      ] GC(3048)         Dead                      Min: 0, Avg:  0.0, Max: 0, Diff: 0, Sum: 0, Workers: 5
[443.517s][debug][gc,phases      ] GC(3048)         Total                     Min: 0, Avg: 42.6, Max: 64, Diff: 64, Sum: 213, Workers: 5
[443.517s][debug][gc,phases      ] GC(3048)       StringTable weak          Min:  0.0, Avg:  0.0, Max:  0.0, Diff:  0.0, Sum:  0.1, Workers: 5
[443.517s][debug][gc,phases      ] GC(3048)         Dead                      Min: 0, Avg:  0.0, Max: 0, Diff: 0, Sum: 0, Workers: 5
[443.517s][debug][gc,phases      ] GC(3048)         Total                     Min: 0, Avg: 682.0, Max: 896, Diff: 896, Sum: 3410, Workers: 5
[443.517s][debug][gc,phases      ] GC(3048)       ResolvedMethodTable weak  Min:  0.0, Avg:  0.0, Max:  0.0, Diff:  0.0, Sum:  0.0, Workers: 5
[443.517s][debug][gc,phases      ] GC(3048)         Dead                      Min: 0, Avg:  0.0, Max: 0, Diff: 0, Sum: 0, Workers: 5
[443.517s][debug][gc,phases      ] GC(3048)         Total                     Min: 62, Avg: 114.8, Max: 128, Diff: 66, Sum: 574, Workers: 5
[443.517s][debug][gc,phases      ] GC(3048)     Merge Per-Thread State: 0.0ms
[443.517s][debug][gc,phases      ] GC(3048)       Copied Bytes              Min: 0, Avg: 57.0, Max: 144, Diff: 144, Sum: 456, Workers: 8
[443.517s][debug][gc,phases      ] GC(3048)       LAB Waste                 Min: 0, Avg:  0.0, Max: 0, Diff: 0, Sum: 0, Workers: 8
[443.517s][debug][gc,phases      ] GC(3048)       LAB Undo Waste            Min: 0, Avg:  0.0, Max: 0, Diff: 0, Sum: 0, Workers: 8
[443.517s][debug][gc,phases      ] GC(3048)     Code Roots Purge: 0.0ms
[443.517s][debug][gc,phases      ] GC(3048)     Redirty Cards: 0.0ms
[443.517s][debug][gc,phases      ] GC(3048)     DerivedPointerTable Update: 0.0ms
[443.517s][debug][gc,phases      ] GC(3048)     Free Collection Set: 0.1ms
[443.517s][debug][gc,phases      ] GC(3048)     Rebuild Free List: 0.1ms
[443.517s][debug][gc,phases      ] GC(3048)     Humongous Reclaim: 0.0ms
[443.517s][debug][gc,phases      ] GC(3048)     Start New Collection Set: 0.0ms
[443.517s][debug][gc,phases      ] GC(3048)     Resize TLABs: 0.0ms
[443.517s][debug][gc,phases      ] GC(3048)     Expand Heap After Collection: 0.0ms
[443.517s][info ][gc,phases      ] GC(3048)   Other: 0.3ms
[443.517s][info ][gc,heap        ] GC(3048) Eden regions: 180->0(180)
[443.517s][info ][gc,heap        ] GC(3048) Survivor regions: 1->1(23)
[443.517s][info ][gc,heap        ] GC(3048) Old regions: 7->7
[443.517s][info ][gc,heap        ] GC(3048) Archive regions: 2->2
[443.517s][info ][gc,heap        ] GC(3048) Humongous regions: 0->0
[443.517s][info ][gc,metaspace   ] GC(3048) Metaspace: 9905K(10624K)->9905K(10624K) NonClass: 8758K(9216K)->8758K(9216K) Class: 1146K(1408K)->1146K(1408K)
[443.517s][debug][gc,heap        ] GC(3048) Heap after GC invocations=3049 (full 1): garbage-first heap   total 309248K, used 4067K [0x0000000700000000, 0x0000000800000000)
[443.517s][debug][gc,heap        ] GC(3048)   region size 1024K, 1 young (1024K), 1 survivors (1024K)
[443.517s][debug][gc,heap        ] GC(3048)  Metaspace       used 9905K, capacity 10179K, committed 10624K, reserved 1058816K
[443.517s][debug][gc,heap        ] GC(3048)   class space    used 1146K, capacity 1267K, committed 1408K, reserved 1048576K
[443.517s][info ][gc             ] GC(3048) Pause Young (Normal) (G1 Evacuation Pause) 183M->3M(302M) 1.846ms
[443.517s][info ][gc,cpu         ] GC(3048) User=0.00s Sys=0.00s Real=0.00s
[443.518s][info ][safepoint      ] Safepoint "G1CollectForAllocation", Time since last: 124419772 ns, Reaching safepoint: 127937 ns, At safepoint: 2020933 ns, Total: 2148870 ns
[443.660s][debug][gc,heap        ] GC(3049) Heap before GC invocations=3049 (full 1): garbage-first heap   total 309248K, used 188387K [0x0000000700000000, 0x0000000800000000)
[443.660s][debug][gc,heap        ] GC(3049)   region size 1024K, 181 young (185344K), 1 survivors (1024K)
[443.660s][debug][gc,heap        ] GC(3049)  Metaspace       used 9905K, capacity 10179K, committed 10624K, reserved 1058816K
[443.660s][debug][gc,heap        ] GC(3049)   class space    used 1146K, capacity 1267K, committed 1408K, reserved 1048576K
[443.660s][info ][gc,start       ] GC(3049) Pause Young (Normal) (G1 Evacuation Pause)
[443.660s][info ][gc,task        ] GC(3049) Using 8 workers of 8 for evacuation
[443.660s][debug][gc,tlab        ] GC(3049) TLAB totals: thrds: 8  refills: 724 max: 97 slow allocs: 0 max 0 waste:  1.1% gc: 1735592B max: 440344B slow: 419624B max: 56512B fast: 0B max: 0B
[443.660s][debug][gc,age         ] GC(3049) Desired survivor size 12058624 bytes, new threshold 15 (max threshold 15)
[443.660s][debug][gc,alloc,region] GC(3049) Mutator Allocation stats, regions: 180, wasted size: 0B ( 0.0%)
[443.660s][debug][gc,ergo        ] GC(3049) Running G1 Merge Heap Roots using 8 workers for 181 regions
[443.660s][debug][gc,remset      ] GC(3049) Visited cards 256 Total dirty 2048 (12.50%) Total old 759808 (0.03%)
[443.660s][debug][gc,ergo        ] GC(3049) Running G1 Clear Card Table Task using 1 workers for 1 units of work for 182 regions.
[443.660s][debug][gc,ref         ] GC(3049) Skipped phase1 of Reference Processing due to unavailable references
[443.661s][debug][gc,ref         ] GC(3049) Skipped phase2 of Reference Processing due to unavailable references
[443.661s][debug][gc,ref         ] GC(3049) Skipped phase3 of Reference Processing due to unavailable references
[443.661s][debug][gc,ref         ] GC(3049) Skipped phase4 of Reference Processing due to unavailable references
[443.661s][debug][gc,ergo        ] GC(3049) Running G1 Free Collection Set using 8 workers for collection set length 181 (302)
[443.661s][debug][gc,ergo        ] GC(3049) Running G1 Rebuild Free List Task using 8 workers for rebuilding free list of 0 (4096) regions
[443.661s][trace][gc,age         ] GC(3049) Age table with threshold 15 (max threshold 15)
[443.661s][trace][gc,age         ] GC(3049) - age   1:        624 bytes,        624 total
[443.661s][debug][gc,plab        ] GC(3049) Young PLAB allocation: allocated: 16512B, wasted: 0B, unused: 15888B, used: 624B, undo waste: 0B, 
[443.661s][debug][gc,plab        ] GC(3049) Young other allocation: region end waste: 0B, regions filled: 1, direct allocated: 0B, failure used: 0B, failure wasted: 0B
[443.661s][debug][gc,plab        ] GC(3049) Young sizing: calculated: 120B, actual: 2064B
[443.661s][debug][gc,plab        ] GC(3049) Old PLAB allocation: allocated: 0B, wasted: 0B, unused: 0B, used: 0B, undo waste: 0B, 
[443.661s][debug][gc,plab        ] GC(3049) Old other allocation: region end waste: 0B, regions filled: 1, direct allocated: 0B, failure used: 0B, failure wasted: 0B
[443.661s][debug][gc,plab        ] GC(3049) Old sizing: calculated: 0B, actual: 2064B
[443.661s][debug][gc,ihop        ] GC(3049) Basic information (value update), threshold: 142501478B (45.00), target occupancy: 316669952B, current occupancy: 4171256B, recent allocation size: 0B, recent allocation duration: 143.56ms, recent old gen allocation rate: 0.00B/s, recent marking phase length: 0.00ms
[443.661s][debug][gc,ihop        ] GC(3049) Adaptive IHOP information (value update), threshold: 142501478B (47.37), internal target occupancy: 300836454B, occupancy: 4171256B, additional buffer size: 189792256B, predicted old gen allocation rate: 0.00B/s, predicted marking phase length: 0.00ms, prediction active: false
[443.661s][debug][gc,ergo,refine ] GC(3049) Concurrent refinement times: Logged Cards Scan time goal: 20.00ms Logged Cards Scan time: 0.00ms HCC time: 0.00ms
[443.661s][debug][gc,ergo,refine ] GC(3049) Updated Refinement Zones: green: 2048, yellow: 6144, red: 10240
[443.661s][info ][gc,phases      ] GC(3049)   Pre Evacuate Collection Set: 0.1ms
[443.661s][debug][gc,phases      ] GC(3049)     Prepare TLABs: 0.0ms
[443.661s][debug][gc,phases      ] GC(3049)     Choose Collection Set: 0.0ms
[443.661s][debug][gc,phases      ] GC(3049)     Region Register: 0.1ms
[443.661s][debug][gc,phases      ] GC(3049)     Prepare Heap Roots: 0.0ms
[443.661s][info ][gc,phases      ] GC(3049)   Merge Heap Roots: 0.1ms
[443.661s][debug][gc,phases      ] GC(3049)     Prepare Merge Heap Roots: 0.0ms
[443.661s][debug][gc,phases      ] GC(3049)     Eager Reclaim (ms):       skipped
[443.661s][debug][gc,phases      ] GC(3049)     Remembered Sets (ms):     Min:  0.0, Avg:  0.0, Max:  0.0, Diff:  0.0, Sum:  0.1, Workers: 8
[443.661s][debug][gc,phases      ] GC(3049)       Merged Sparse:            Min: 0, Avg:  0.0, Max: 0, Diff: 0, Sum: 0, Workers: 8
[443.661s][debug][gc,phases      ] GC(3049)       Merged Fine:              Min: 0, Avg:  0.0, Max: 0, Diff: 0, Sum: 0, Workers: 8
[443.661s][debug][gc,phases      ] GC(3049)       Merged Coarse:            Min: 0, Avg:  0.0, Max: 0, Diff: 0, Sum: 0, Workers: 8
[443.661s][debug][gc,phases      ] GC(3049)       Dirty Cards:              Min: 0, Avg:  0.0, Max: 0, Diff: 0, Sum: 0, Workers: 8
[443.661s][debug][gc,phases      ] GC(3049)     Hot Card Cache (ms):      Min:  0.0, Avg:  0.0, Max:  0.0, Diff:  0.0, Sum:  0.0, Workers: 8
[443.661s][debug][gc,phases      ] GC(3049)       Dirty Cards:              Min: 0, Avg:  0.0, Max: 0, Diff: 0, Sum: 0, Workers: 8
[443.661s][debug][gc,phases      ] GC(3049)       Skipped Cards:            Min: 0, Avg:  0.0, Max: 0, Diff: 0, Sum: 0, Workers: 8
[443.661s][debug][gc,phases      ] GC(3049)     Log Buffers (ms):         Min:  0.0, Avg:  0.0, Max:  0.0, Diff:  0.0, Sum:  0.0, Workers: 8
[443.661s][debug][gc,phases      ] GC(3049)       Dirty Cards:              Min: 0, Avg:  0.1, Max: 1, Diff: 1, Sum: 1, Workers: 8
[443.661s][debug][gc,phases      ] GC(3049)       Skipped Cards:            Min: 0, Avg:  0.0, Max: 0, Diff: 0, Sum: 0, Workers: 8
[443.661s][info ][gc,phases      ] GC(3049)   Evacuate Collection Set: 0.2ms
[443.661s][debug][gc,phases      ] GC(3049)     Ext Root Scanning (ms):   Min:  0.0, Avg:  0.0, Max:  0.1, Diff:  0.1, Sum:  0.2, Workers: 8
[443.661s][debug][gc,phases      ] GC(3049)     Scan Heap Roots (ms):     Min:  0.0, Avg:  0.0, Max:  0.0, Diff:  0.0, Sum:  0.0, Workers: 8
[443.661s][debug][gc,phases      ] GC(3049)       Scanned Cards:            Min: 0, Avg:  0.1, Max: 1, Diff: 1, Sum: 1, Workers: 8
[443.661s][debug][gc,phases      ] GC(3049)       Scanned Blocks:           Min: 0, Avg:  0.1, Max: 1, Diff: 1, Sum: 1, Workers: 8
[443.661s][debug][gc,phases      ] GC(3049)       Claimed Chunks:           Min: 0, Avg:  0.1, Max: 1, Diff: 1, Sum: 1, Workers: 8
[443.661s][debug][gc,phases      ] GC(3049)     Code Root Scan (ms):      Min:  0.0, Avg:  0.0, Max:  0.0, Diff:  0.0, Sum:  0.0, Workers: 8
[443.661s][debug][gc,phases      ] GC(3049)     Object Copy (ms):         Min:  0.0, Avg:  0.0, Max:  0.0, Diff:  0.0, Sum:  0.0, Workers: 8
[443.661s][debug][gc,phases      ] GC(3049)     Termination (ms):         Min:  0.1, Avg:  0.1, Max:  0.1, Diff:  0.0, Sum:  0.6, Workers: 8
[443.661s][debug][gc,phases      ] GC(3049)       Termination Attempts:     Min: 1, Avg:  1.0, Max: 1, Diff: 0, Sum: 8, Workers: 8
[443.661s][debug][gc,phases      ] GC(3049)     GC Worker Other (ms):     Min:  0.0, Avg:  0.0, Max:  0.0, Diff:  0.0, Sum:  0.1, Workers: 8
[443.661s][debug][gc,phases      ] GC(3049)     GC Worker Total (ms):     Min:  0.1, Avg:  0.1, Max:  0.2, Diff:  0.1, Sum:  1.0, Workers: 8
[443.661s][info ][gc,phases      ] GC(3049)   Post Evacuate Collection Set: 0.3ms
[443.661s][debug][gc,phases      ] GC(3049)     Code Roots Fixup: 0.0ms
[443.661s][debug][gc,phases      ] GC(3049)     Clear Card Table: 0.1ms
[443.661s][debug][gc,phases      ] GC(3049)     Reference Processing: 0.0ms
[443.661s][debug][gc,phases,ref  ] GC(3049)       Reconsider SoftReferences: 0.0ms
[443.661s][debug][gc,phases,ref  ] GC(3049)         SoftRef (ms):             skipped
[443.661s][debug][gc,phases,ref  ] GC(3049)       Notify Soft/WeakReferences: 0.0ms
[443.661s][debug][gc,phases,ref  ] GC(3049)         SoftRef (ms):             skipped
[443.661s][debug][gc,phases,ref  ] GC(3049)         WeakRef (ms):             skipped
[443.661s][debug][gc,phases,ref  ] GC(3049)         FinalRef (ms):            skipped
[443.661s][debug][gc,phases,ref  ] GC(3049)         Total (ms):               skipped
[443.661s][debug][gc,phases,ref  ] GC(3049)       Notify and keep alive finalizable: 0.0ms
[443.661s][debug][gc,phases,ref  ] GC(3049)         FinalRef (ms):            skipped
[443.661s][debug][gc,phases,ref  ] GC(3049)       Notify PhantomReferences: 0.0ms
[443.661s][debug][gc,phases,ref  ] GC(3049)         PhantomRef (ms):          skipped
[443.661s][debug][gc,phases,ref  ] GC(3049)       SoftReference:
[443.661s][debug][gc,phases,ref  ] GC(3049)         Discovered: 0
[443.661s][debug][gc,phases,ref  ] GC(3049)         Cleared: 0
[443.661s][debug][gc,phases,ref  ] GC(3049)       WeakReference:
[443.661s][debug][gc,phases,ref  ] GC(3049)         Discovered: 0
[443.661s][debug][gc,phases,ref  ] GC(3049)         Cleared: 0
[443.661s][debug][gc,phases,ref  ] GC(3049)       FinalReference:
[443.661s][debug][gc,phases,ref  ] GC(3049)         Discovered: 0
[443.661s][debug][gc,phases,ref  ] GC(3049)         Cleared: 0
[443.661s][debug][gc,phases,ref  ] GC(3049)       PhantomReference:
[443.661s][debug][gc,phases,ref  ] GC(3049)         Discovered: 0
[443.661s][debug][gc,phases,ref  ] GC(3049)         Cleared: 0
[443.661s][debug][gc,phases      ] GC(3049)     Weak Processing: 0.1ms
[443.661s][debug][gc,phases      ] GC(3049)       JVMTI weak processing: 0.0ms
[443.661s][debug][gc,phases      ] GC(3049)         Dead: 0
[443.661s][debug][gc,phases      ] GC(3049)         Total: 0
[443.661s][debug][gc,phases      ] GC(3049)       JFR weak processing: 0.0ms
[443.661s][debug][gc,phases      ] GC(3049)         Dead: 0
[443.661s][debug][gc,phases      ] GC(3049)         Total: 0
[443.661s][debug][gc,phases      ] GC(3049)       JNI weak                  Min:  0.0, Avg:  0.0, Max:  0.0, Diff:  0.0, Sum:  0.0, Workers: 5
[443.662s][debug][gc,phases      ] GC(3049)         Dead                      Min: 0, Avg:  0.0, Max: 0, Diff: 0, Sum: 0, Workers: 5
[443.662s][debug][gc,phases      ] GC(3049)         Total                     Min: 0, Avg: 13.6, Max: 52, Diff: 52, Sum: 68, Workers: 5
[443.662s][debug][gc,phases      ] GC(3049)       VM weak                   Min:  0.0, Avg:  0.0, Max:  0.0, Diff:  0.0, Sum:  0.0, Workers: 5
[443.662s][debug][gc,phases      ] GC(3049)         Dead                      Min: 0, Avg:  0.0, Max: 0, Diff: 0, Sum: 0, Workers: 5
[443.662s][debug][gc,phases      ] GC(3049)         Total                     Min: 0, Avg: 42.6, Max: 128, Diff: 128, Sum: 213, Workers: 5
[443.662s][debug][gc,phases      ] GC(3049)       StringTable weak          Min:  0.0, Avg:  0.0, Max:  0.0, Diff:  0.0, Sum:  0.1, Workers: 5
[443.662s][debug][gc,phases      ] GC(3049)         Dead                      Min: 0, Avg:  0.0, Max: 0, Diff: 0, Sum: 0, Workers: 5
[443.662s][debug][gc,phases      ] GC(3049)         Total                     Min: 0, Avg: 682.0, Max: 1728, Diff: 1728, Sum: 3410, Workers: 5
[443.662s][debug][gc,phases      ] GC(3049)       ResolvedMethodTable weak  Min:  0.0, Avg:  0.0, Max:  0.0, Diff:  0.0, Sum:  0.0, Workers: 5
[443.662s][debug][gc,phases      ] GC(3049)         Dead                      Min: 0, Avg:  0.0, Max: 0, Diff: 0, Sum: 0, Workers: 5
[443.662s][debug][gc,phases      ] GC(3049)         Total                     Min: 0, Avg: 114.8, Max: 254, Diff: 254, Sum: 574, Workers: 5
[443.662s][debug][gc,phases      ] GC(3049)     Merge Per-Thread State: 0.0ms
[443.662s][debug][gc,phases      ] GC(3049)       Copied Bytes              Min: 24, Avg: 78.0, Max: 152, Diff: 128, Sum: 624, Workers: 8
[443.662s][debug][gc,phases      ] GC(3049)       LAB Waste                 Min: 0, Avg:  0.0, Max: 0, Diff: 0, Sum: 0, Workers: 8
[443.662s][debug][gc,phases      ] GC(3049)       LAB Undo Waste            Min: 0, Avg:  0.0, Max: 0, Diff: 0, Sum: 0, Workers: 8
[443.662s][debug][gc,phases      ] GC(3049)     Code Roots Purge: 0.0ms
[443.662s][debug][gc,phases      ] GC(3049)     Redirty Cards: 0.0ms
[443.662s][debug][gc,phases      ] GC(3049)     DerivedPointerTable Update: 0.0ms
[443.662s][debug][gc,phases      ] GC(3049)     Free Collection Set: 0.1ms
[443.662s][debug][gc,phases      ] GC(3049)     Rebuild Free List: 0.1ms
[443.662s][debug][gc,phases      ] GC(3049)     Humongous Reclaim: 0.0ms
[443.662s][debug][gc,phases      ] GC(3049)     Start New Collection Set: 0.0ms
[443.662s][debug][gc,phases      ] GC(3049)     Resize TLABs: 0.0ms
[443.662s][debug][gc,phases      ] GC(3049)     Expand Heap After Collection: 0.0ms
[443.662s][info ][gc,phases      ] GC(3049)   Other: 0.3ms
[443.662s][info ][gc,heap        ] GC(3049) Eden regions: 180->0(180)
[443.662s][info ][gc,heap        ] GC(3049) Survivor regions: 1->1(23)
[443.662s][info ][gc,heap        ] GC(3049) Old regions: 7->7
[443.662s][info ][gc,heap        ] GC(3049) Archive regions: 2->2
[443.662s][info ][gc,heap        ] GC(3049) Humongous regions: 0->0
[443.662s][info ][gc,metaspace   ] GC(3049) Metaspace: 9905K(10624K)->9905K(10624K) NonClass: 8758K(9216K)->8758K(9216K) Class: 1146K(1408K)->1146K(1408K)
[443.662s][debug][gc,heap        ] GC(3049) Heap after GC invocations=3050 (full 1): garbage-first heap   total 309248K, used 4073K [0x0000000700000000, 0x0000000800000000)
[443.662s][debug][gc,heap        ] GC(3049)   region size 1024K, 1 young (1024K), 1 survivors (1024K)
[443.662s][debug][gc,heap        ] GC(3049)  Metaspace       used 9905K, capacity 10179K, committed 10624K, reserved 1058816K
[443.662s][debug][gc,heap        ] GC(3049)   class space    used 1146K, capacity 1267K, committed 1408K, reserved 1048576K
[443.662s][info ][gc             ] GC(3049) Pause Young (Normal) (G1 Evacuation Pause) 183M->3M(302M) 1.851ms
[443.662s][info ][gc,cpu         ] GC(3049) User=0.00s Sys=0.00s Real=0.00s
[443.662s][info ][safepoint      ] Safepoint "G1CollectForAllocation", Time since last: 142215530 ns, Reaching safepoint: 144918 ns, At safepoint: 2038916 ns, Total: 2183834 ns
[443.812s][debug][gc,heap        ] GC(3050) Heap before GC invocations=3050 (full 1): garbage-first heap   total 309248K, used 188393K [0x0000000700000000, 0x0000000800000000)
[443.812s][debug][gc,heap        ] GC(3050)   region size 1024K, 181 young (185344K), 1 survivors (1024K)
[443.812s][debug][gc,heap        ] GC(3050)  Metaspace       used 9905K, capacity 10179K, committed 10624K, reserved 1058816K
[443.812s][debug][gc,heap        ] GC(3050)   class space    used 1146K, capacity 1267K, committed 1408K, reserved 1048576K
[443.812s][info ][gc,start       ] GC(3050) Pause Young (Normal) (G1 Evacuation Pause)
[443.812s][info ][gc,task        ] GC(3050) Using 8 workers of 8 for evacuation
[443.812s][debug][gc,tlab        ] GC(3050) TLAB totals: thrds: 8  refills: 724 max: 97 slow allocs: 0 max 0 waste:  0.8% gc: 1107304B max: 335816B slow: 419656B max: 57016B fast: 0B max: 0B
[443.812s][debug][gc,age         ] GC(3050) Desired survivor size 12058624 bytes, new threshold 15 (max threshold 15)
[443.812s][debug][gc,alloc,region] GC(3050) Mutator Allocation stats, regions: 180, wasted size: 0B ( 0.0%)
[443.812s][debug][gc,ergo        ] GC(3050) Running G1 Merge Heap Roots using 8 workers for 181 regions
[443.812s][debug][gc,remset      ] GC(3050) Visited cards 256 Total dirty 2048 (12.50%) Total old 759808 (0.03%)
[443.812s][debug][gc,ergo        ] GC(3050) Running G1 Clear Card Table Task using 1 workers for 1 units of work for 182 regions.
[443.812s][debug][gc,ref         ] GC(3050) Skipped phase1 of Reference Processing due to unavailable references
[443.812s][debug][gc,ref         ] GC(3050) Skipped phase2 of Reference Processing due to unavailable references
[443.812s][debug][gc,ref         ] GC(3050) Skipped phase3 of Reference Processing due to unavailable references
[443.812s][debug][gc,ref         ] GC(3050) Skipped phase4 of Reference Processing due to unavailable references
[443.812s][debug][gc,ergo        ] GC(3050) Running G1 Free Collection Set using 8 workers for collection set length 181 (302)
[443.813s][debug][gc,ergo        ] GC(3050) Running G1 Rebuild Free List Task using 8 workers for rebuilding free list of 0 (4096) regions
[443.813s][trace][gc,age         ] GC(3050) Age table with threshold 15 (max threshold 15)
[443.813s][trace][gc,age         ] GC(3050) - age   1:        752 bytes,        752 total
[443.813s][debug][gc,plab        ] GC(3050) Young PLAB allocation: allocated: 12384B, wasted: 0B, unused: 11632B, used: 752B, undo waste: 0B, 
[443.813s][debug][gc,plab        ] GC(3050) Young other allocation: region end waste: 0B, regions filled: 1, direct allocated: 0B, failure used: 0B, failure wasted: 0B
[443.813s][debug][gc,plab        ] GC(3050) Young sizing: calculated: 144B, actual: 2064B
[443.813s][debug][gc,plab        ] GC(3050) Old PLAB allocation: allocated: 0B, wasted: 0B, unused: 0B, used: 0B, undo waste: 0B, 
[443.813s][debug][gc,plab        ] GC(3050) Old other allocation: region end waste: 0B, regions filled: 1, direct allocated: 0B, failure used: 0B, failure wasted: 0B
[443.813s][debug][gc,plab        ] GC(3050) Old sizing: calculated: 0B, actual: 2064B
[443.813s][debug][gc,ihop        ] GC(3050) Basic information (value update), threshold: 142501478B (45.00), target occupancy: 316669952B, current occupancy: 4167128B, recent allocation size: 0B, recent allocation duration: 150.98ms, recent old gen allocation rate: 0.00B/s, recent marking phase length: 0.00ms
[443.813s][debug][gc,ihop        ] GC(3050) Adaptive IHOP information (value update), threshold: 142501478B (47.37), internal target occupancy: 300836454B, occupancy: 4167128B, additional buffer size: 189792256B, predicted old gen allocation rate: 0.00B/s, predicted marking phase length: 0.00ms, prediction active: false
[443.813s][debug][gc,ergo,refine ] GC(3050) Concurrent refinement times: Logged Cards Scan time goal: 20.00ms Logged Cards Scan time: 0.00ms HCC time: 0.00ms
[443.813s][debug][gc,ergo,refine ] GC(3050) Updated Refinement Zones: green: 2048, yellow: 6144, red: 10240
[443.813s][info ][gc,phases      ] GC(3050)   Pre Evacuate Collection Set: 0.1ms
[443.813s][debug][gc,phases      ] GC(3050)     Prepare TLABs: 0.0ms
[443.813s][debug][gc,phases      ] GC(3050)     Choose Collection Set: 0.0ms
[443.813s][debug][gc,phases      ] GC(3050)     Region Register: 0.1ms
[443.813s][debug][gc,phases      ] GC(3050)     Prepare Heap Roots: 0.0ms
[443.813s][info ][gc,phases      ] GC(3050)   Merge Heap Roots: 0.1ms
[443.813s][debug][gc,phases      ] GC(3050)     Prepare Merge Heap Roots: 0.0ms
[443.813s][debug][gc,phases      ] GC(3050)     Eager Reclaim (ms):       skipped
[443.813s][debug][gc,phases      ] GC(3050)     Remembered Sets (ms):     Min:  0.0, Avg:  0.0, Max:  0.0, Diff:  0.0, Sum:  0.1, Workers: 8
[443.813s][debug][gc,phases      ] GC(3050)       Merged Sparse:            Min: 0, Avg:  0.0, Max: 0, Diff: 0, Sum: 0, Workers: 8
[443.813s][debug][gc,phases      ] GC(3050)       Merged Fine:              Min: 0, Avg:  0.0, Max: 0, Diff: 0, Sum: 0, Workers: 8
[443.813s][debug][gc,phases      ] GC(3050)       Merged Coarse:            Min: 0, Avg:  0.0, Max: 0, Diff: 0, Sum: 0, Workers: 8
[443.813s][debug][gc,phases      ] GC(3050)       Dirty Cards:              Min: 0, Avg:  0.0, Max: 0, Diff: 0, Sum: 0, Workers: 8
[443.813s][debug][gc,phases      ] GC(3050)     Hot Card Cache (ms):      Min:  0.0, Avg:  0.0, Max:  0.0, Diff:  0.0, Sum:  0.0, Workers: 8
[443.813s][debug][gc,phases      ] GC(3050)       Dirty Cards:              Min: 0, Avg:  0.0, Max: 0, Diff: 0, Sum: 0, Workers: 8
[443.813s][debug][gc,phases      ] GC(3050)       Skipped Cards:            Min: 0, Avg:  0.0, Max: 0, Diff: 0, Sum: 0, Workers: 8
[443.813s][debug][gc,phases      ] GC(3050)     Log Buffers (ms):         Min:  0.0, Avg:  0.0, Max:  0.0, Diff:  0.0, Sum:  0.0, Workers: 8
[443.813s][debug][gc,phases      ] GC(3050)       Dirty Cards:              Min: 0, Avg:  0.1, Max: 1, Diff: 1, Sum: 1, Workers: 8
[443.813s][debug][gc,phases      ] GC(3050)       Skipped Cards:            Min: 0, Avg:  0.0, Max: 0, Diff: 0, Sum: 0, Workers: 8
[443.813s][info ][gc,phases      ] GC(3050)   Evacuate Collection Set: 0.2ms
[443.813s][debug][gc,phases      ] GC(3050)     Ext Root Scanning (ms):   Min:  0.0, Avg:  0.0, Max:  0.1, Diff:  0.0, Sum:  0.2, Workers: 8
[443.813s][debug][gc,phases      ] GC(3050)     Scan Heap Roots (ms):     Min:  0.0, Avg:  0.0, Max:  0.0, Diff:  0.0, Sum:  0.0, Workers: 8
[443.813s][debug][gc,phases      ] GC(3050)       Scanned Cards:            Min: 0, Avg:  0.1, Max: 1, Diff: 1, Sum: 1, Workers: 8
[443.813s][debug][gc,phases      ] GC(3050)       Scanned Blocks:           Min: 0, Avg:  0.1, Max: 1, Diff: 1, Sum: 1, Workers: 8
[443.813s][debug][gc,phases      ] GC(3050)       Claimed Chunks:           Min: 0, Avg:  0.1, Max: 1, Diff: 1, Sum: 1, Workers: 8
[443.813s][debug][gc,phases      ] GC(3050)     Code Root Scan (ms):      Min:  0.0, Avg:  0.0, Max:  0.0, Diff:  0.0, Sum:  0.0, Workers: 8
[443.813s][debug][gc,phases      ] GC(3050)     Object Copy (ms):         Min:  0.0, Avg:  0.0, Max:  0.0, Diff:  0.0, Sum:  0.0, Workers: 8
[443.813s][debug][gc,phases      ] GC(3050)     Termination (ms):         Min:  0.1, Avg:  0.1, Max:  0.1, Diff:  0.0, Sum:  0.6, Workers: 8
[443.813s][debug][gc,phases      ] GC(3050)       Termination Attempts:     Min: 1, Avg:  1.0, Max: 1, Diff: 0, Sum: 8, Workers: 8
[443.813s][debug][gc,phases      ] GC(3050)     GC Worker Other (ms):     Min:  0.0, Avg:  0.0, Max:  0.0, Diff:  0.0, Sum:  0.2, Workers: 8
[443.813s][debug][gc,phases      ] GC(3050)     GC Worker Total (ms):     Min:  0.1, Avg:  0.1, Max:  0.2, Diff:  0.1, Sum:  1.0, Workers: 8
[443.813s][info ][gc,phases      ] GC(3050)   Post Evacuate Collection Set: 0.3ms
[443.813s][debug][gc,phases      ] GC(3050)     Code Roots Fixup: 0.0ms
[443.813s][debug][gc,phases      ] GC(3050)     Clear Card Table: 0.1ms
[443.813s][debug][gc,phases      ] GC(3050)     Reference Processing: 0.0ms
[443.813s][debug][gc,phases,ref  ] GC(3050)       Reconsider SoftReferences: 0.0ms
[443.813s][debug][gc,phases,ref  ] GC(3050)         SoftRef (ms):             skipped
[443.813s][debug][gc,phases,ref  ] GC(3050)       Notify Soft/WeakReferences: 0.0ms
[443.813s][debug][gc,phases,ref  ] GC(3050)         SoftRef (ms):             skipped
[443.813s][debug][gc,phases,ref  ] GC(3050)         WeakRef (ms):             skipped
[443.813s][debug][gc,phases,ref  ] GC(3050)         FinalRef (ms):            skipped
[443.813s][debug][gc,phases,ref  ] GC(3050)         Total (ms):               skipped
[443.813s][debug][gc,phases,ref  ] GC(3050)       Notify and keep alive finalizable: 0.0ms
[443.813s][debug][gc,phases,ref  ] GC(3050)         FinalRef (ms):            skipped
[443.813s][debug][gc,phases,ref  ] GC(3050)       Notify PhantomReferences: 0.0ms
[443.813s][debug][gc,phases,ref  ] GC(3050)         PhantomRef (ms):          skipped
[443.813s][debug][gc,phases,ref  ] GC(3050)       SoftReference:
[443.813s][debug][gc,phases,ref  ] GC(3050)         Discovered: 0
[443.813s][debug][gc,phases,ref  ] GC(3050)         Cleared: 0
[443.813s][debug][gc,phases,ref  ] GC(3050)       WeakReference:
[443.813s][debug][gc,phases,ref  ] GC(3050)         Discovered: 0
[443.813s][debug][gc,phases,ref  ] GC(3050)         Cleared: 0
[443.813s][debug][gc,phases,ref  ] GC(3050)       FinalReference:
[443.813s][debug][gc,phases,ref  ] GC(3050)         Discovered: 0
[443.813s][debug][gc,phases,ref  ] GC(3050)         Cleared: 0
[443.813s][debug][gc,phases,ref  ] GC(3050)       PhantomReference:
[443.813s][debug][gc,phases,ref  ] GC(3050)         Discovered: 0
[443.813s][debug][gc,phases,ref  ] GC(3050)         Cleared: 0
[443.813s][debug][gc,phases      ] GC(3050)     Weak Processing: 0.1ms
[443.813s][debug][gc,phases      ] GC(3050)       JVMTI weak processing: 0.0ms
[443.813s][debug][gc,phases      ] GC(3050)         Dead: 0
[443.813s][debug][gc,phases      ] GC(3050)         Total: 0
[443.813s][debug][gc,phases      ] GC(3050)       JFR weak processing: 0.0ms
[443.813s][debug][gc,phases      ] GC(3050)         Dead: 0
[443.813s][debug][gc,phases      ] GC(3050)         Total: 0
[443.813s][debug][gc,phases      ] GC(3050)       JNI weak                  Min:  0.0, Avg:  0.0, Max:  0.0, Diff:  0.0, Sum:  0.0, Workers: 5
[443.813s][debug][gc,phases      ] GC(3050)         Dead                      Min: 0, Avg:  0.0, Max: 0, Diff: 0, Sum: 0, Workers: 5
[443.813s][debug][gc,phases      ] GC(3050)         Total                     Min: 0, Avg: 13.6, Max: 52, Diff: 52, Sum: 68, Workers: 5
[443.813s][debug][gc,phases      ] GC(3050)       VM weak                   Min:  0.0, Avg:  0.0, Max:  0.0, Diff:  0.0, Sum:  0.0, Workers: 5
[443.813s][debug][gc,phases      ] GC(3050)         Dead                      Min: 0, Avg:  0.0, Max: 0, Diff: 0, Sum: 0, Workers: 5
[443.813s][debug][gc,phases      ] GC(3050)         Total                     Min: 0, Avg: 42.6, Max: 128, Diff: 128, Sum: 213, Workers: 5
[443.813s][debug][gc,phases      ] GC(3050)       StringTable weak          Min:  0.0, Avg:  0.0, Max:  0.0, Diff:  0.0, Sum:  0.1, Workers: 5
[443.813s][debug][gc,phases      ] GC(3050)         Dead                      Min: 0, Avg:  0.0, Max: 0, Diff: 0, Sum: 0, Workers: 5
[443.813s][debug][gc,phases      ] GC(3050)         Total                     Min: 0, Avg: 682.0, Max: 1727, Diff: 1727, Sum: 3410, Workers: 5
[443.813s][debug][gc,phases      ] GC(3050)       ResolvedMethodTable weak  Min:  0.0, Avg:  0.0, Max:  0.0, Diff:  0.0, Sum:  0.0, Workers: 5
[443.813s][debug][gc,phases      ] GC(3050)         Dead                      Min: 0, Avg:  0.0, Max: 0, Diff: 0, Sum: 0, Workers: 5
[443.813s][debug][gc,phases      ] GC(3050)         Total                     Min: 0, Avg: 114.8, Max: 318, Diff: 318, Sum: 574, Workers: 5
[443.813s][debug][gc,phases      ] GC(3050)     Merge Per-Thread State: 0.0ms
[443.813s][debug][gc,phases      ] GC(3050)       Copied Bytes              Min: 0, Avg: 94.0, Max: 224, Diff: 224, Sum: 752, Workers: 8
[443.813s][debug][gc,phases      ] GC(3050)       LAB Waste                 Min: 0, Avg:  0.0, Max: 0, Diff: 0, Sum: 0, Workers: 8
[443.813s][debug][gc,phases      ] GC(3050)       LAB Undo Waste            Min: 0, Avg:  0.0, Max: 0, Diff: 0, Sum: 0, Workers: 8
[443.813s][debug][gc,phases      ] GC(3050)     Code Roots Purge: 0.0ms
[443.813s][debug][gc,phases      ] GC(3050)     Redirty Cards: 0.0ms
[443.813s][debug][gc,phases      ] GC(3050)     DerivedPointerTable Update: 0.0ms
[443.813s][debug][gc,phases      ] GC(3050)     Free Collection Set: 0.1ms
[443.814s][debug][gc,phases      ] GC(3050)     Rebuild Free List: 0.0ms
[443.814s][debug][gc,phases      ] GC(3050)     Humongous Reclaim: 0.0ms
[443.814s][debug][gc,phases      ] GC(3050)     Start New Collection Set: 0.0ms
[443.814s][debug][gc,phases      ] GC(3050)     Resize TLABs: 0.0ms
[443.814s][debug][gc,phases      ] GC(3050)     Expand Heap After Collection: 0.0ms
[443.814s][info ][gc,phases      ] GC(3050)   Other: 0.3ms
[443.814s][info ][gc,heap        ] GC(3050) Eden regions: 180->0(180)
[443.814s][info ][gc,heap        ] GC(3050) Survivor regions: 1->1(23)
[443.814s][info ][gc,heap        ] GC(3050) Old regions: 7->7
[443.814s][info ][gc,heap        ] GC(3050) Archive regions: 2->2
[443.814s][info ][gc,heap        ] GC(3050) Humongous regions: 0->0
[443.814s][info ][gc,metaspace   ] GC(3050) Metaspace: 9905K(10624K)->9905K(10624K) NonClass: 8758K(9216K)->8758K(9216K) Class: 1146K(1408K)->1146K(1408K)
[443.814s][debug][gc,heap        ] GC(3050) Heap after GC invocations=3051 (full 1): garbage-first heap   total 309248K, used 4069K [0x0000000700000000, 0x0000000800000000)
[443.814s][debug][gc,heap        ] GC(3050)   region size 1024K, 1 young (1024K), 1 survivors (1024K)
[443.814s][debug][gc,heap        ] GC(3050)  Metaspace       used 9905K, capacity 10179K, committed 10624K, reserved 1058816K
[443.814s][debug][gc,heap        ] GC(3050)   class space    used 1146K, capacity 1267K, committed 1408K, reserved 1048576K
[443.814s][info ][gc             ] GC(3050) Pause Young (Normal) (G1 Evacuation Pause) 183M->3M(302M) 1.861ms
[443.814s][info ][gc,cpu         ] GC(3050) User=0.00s Sys=0.00s Real=0.01s
[443.814s][info ][safepoint      ] Safepoint "G1CollectForAllocation", Time since last: 149615259 ns, Reaching safepoint: 151773 ns, At safepoint: 2044827 ns, Total: 2196600 ns
[443.964s][debug][gc,heap        ] GC(3051) Heap before GC invocations=3051 (full 1): garbage-first heap   total 309248K, used 188389K [0x0000000700000000, 0x0000000800000000)
[443.964s][debug][gc,heap        ] GC(3051)   region size 1024K, 181 young (185344K), 1 survivors (1024K)
[443.964s][debug][gc,heap        ] GC(3051)  Metaspace       used 9905K, capacity 10179K, committed 10624K, reserved 1058816K
[443.964s][debug][gc,heap        ] GC(3051)   class space    used 1146K, capacity 1267K, committed 1408K, reserved 1048576K
[443.964s][info ][gc,start       ] GC(3051) Pause Young (Normal) (G1 Evacuation Pause)
[443.964s][info ][gc,task        ] GC(3051) Using 8 workers of 8 for evacuation
[443.964s][debug][gc,tlab        ] GC(3051) TLAB totals: thrds: 8  refills: 722 max: 92 slow allocs: 0 max 0 waste:  0.9% gc: 1224208B max: 367568B slow: 417552B max: 53336B fast: 0B max: 0B
[443.964s][debug][gc,age         ] GC(3051) Desired survivor size 12058624 bytes, new threshold 15 (max threshold 15)
[443.964s][debug][gc,alloc,region] GC(3051) Mutator Allocation stats, regions: 180, wasted size: 0B ( 0.0%)
[443.964s][debug][gc,ergo        ] GC(3051) Running G1 Merge Heap Roots using 8 workers for 181 regions
[443.965s][debug][gc,remset      ] GC(3051) Visited cards 256 Total dirty 2048 (12.50%) Total old 759808 (0.03%)
[443.965s][debug][gc,ergo        ] GC(3051) Running G1 Clear Card Table Task using 1 workers for 1 units of work for 182 regions.
[443.965s][debug][gc,ref         ] GC(3051) Skipped phase1 of Reference Processing due to unavailable references
[443.965s][debug][gc,ref         ] GC(3051) Skipped phase2 of Reference Processing due to unavailable references
[443.965s][debug][gc,ref         ] GC(3051) Skipped phase3 of Reference Processing due to unavailable references
[443.965s][debug][gc,ref         ] GC(3051) Skipped phase4 of Reference Processing due to unavailable references
[443.965s][debug][gc,ergo        ] GC(3051) Running G1 Free Collection Set using 8 workers for collection set length 181 (302)
[443.965s][debug][gc,ergo        ] GC(3051) Running G1 Rebuild Free List Task using 8 workers for rebuilding free list of 0 (4096) regions
[443.965s][trace][gc,age         ] GC(3051) Age table with threshold 15 (max threshold 15)
[443.965s][trace][gc,age         ] GC(3051) - age   1:        480 bytes,        480 total
[443.965s][debug][gc,plab        ] GC(3051) Young PLAB allocation: allocated: 14448B, wasted: 0B, unused: 13968B, used: 480B, undo waste: 0B, 
[443.965s][debug][gc,plab        ] GC(3051) Young other allocation: region end waste: 0B, regions filled: 1, direct allocated: 0B, failure used: 0B, failure wasted: 0B
[443.965s][debug][gc,plab        ] GC(3051) Young sizing: calculated: 96B, actual: 2064B
[443.965s][debug][gc,plab        ] GC(3051) Old PLAB allocation: allocated: 0B, wasted: 0B, unused: 0B, used: 0B, undo waste: 0B, 
[443.965s][debug][gc,plab        ] GC(3051) Old other allocation: region end waste: 0B, regions filled: 1, direct allocated: 0B, failure used: 0B, failure wasted: 0B
[443.965s][debug][gc,plab        ] GC(3051) Old sizing: calculated: 0B, actual: 2064B
[443.965s][debug][gc,ihop        ] GC(3051) Basic information (value update), threshold: 142501478B (45.00), target occupancy: 316669952B, current occupancy: 4169192B, recent allocation size: 0B, recent allocation duration: 151.70ms, recent old gen allocation rate: 0.00B/s, recent marking phase length: 0.00ms
[443.965s][debug][gc,ihop        ] GC(3051) Adaptive IHOP information (value update), threshold: 142501478B (47.37), internal target occupancy: 300836454B, occupancy: 4169192B, additional buffer size: 189792256B, predicted old gen allocation rate: 0.00B/s, predicted marking phase length: 0.00ms, prediction active: false
[443.965s][debug][gc,ergo,refine ] GC(3051) Concurrent refinement times: Logged Cards Scan time goal: 20.00ms Logged Cards Scan time: 0.00ms HCC time: 0.00ms
[443.965s][debug][gc,ergo,refine ] GC(3051) Updated Refinement Zones: green: 2048, yellow: 6144, red: 10240
[443.965s][info ][gc,phases      ] GC(3051)   Pre Evacuate Collection Set: 0.1ms
[443.965s][debug][gc,phases      ] GC(3051)     Prepare TLABs: 0.0ms
[443.965s][debug][gc,phases      ] GC(3051)     Choose Collection Set: 0.0ms
[443.965s][debug][gc,phases      ] GC(3051)     Region Register: 0.1ms
[443.965s][debug][gc,phases      ] GC(3051)     Prepare Heap Roots: 0.0ms
[443.965s][info ][gc,phases      ] GC(3051)   Merge Heap Roots: 0.1ms
[443.965s][debug][gc,phases      ] GC(3051)     Prepare Merge Heap Roots: 0.0ms
[443.965s][debug][gc,phases      ] GC(3051)     Eager Reclaim (ms):       skipped
[443.965s][debug][gc,phases      ] GC(3051)     Remembered Sets (ms):     Min:  0.0, Avg:  0.0, Max:  0.0, Diff:  0.0, Sum:  0.0, Workers: 8
[443.965s][debug][gc,phases      ] GC(3051)       Merged Sparse:            Min: 0, Avg:  0.0, Max: 0, Diff: 0, Sum: 0, Workers: 8
[443.965s][debug][gc,phases      ] GC(3051)       Merged Fine:              Min: 0, Avg:  0.0, Max: 0, Diff: 0, Sum: 0, Workers: 8
[443.965s][debug][gc,phases      ] GC(3051)       Merged Coarse:            Min: 0, Avg:  0.0, Max: 0, Diff: 0, Sum: 0, Workers: 8
[443.965s][debug][gc,phases      ] GC(3051)       Dirty Cards:              Min: 0, Avg:  0.0, Max: 0, Diff: 0, Sum: 0, Workers: 8
[443.965s][debug][gc,phases      ] GC(3051)     Hot Card Cache (ms):      Min:  0.0, Avg:  0.0, Max:  0.0, Diff:  0.0, Sum:  0.0, Workers: 8
[443.965s][debug][gc,phases      ] GC(3051)       Dirty Cards:              Min: 0, Avg:  0.0, Max: 0, Diff: 0, Sum: 0, Workers: 8
[443.965s][debug][gc,phases      ] GC(3051)       Skipped Cards:            Min: 0, Avg:  0.0, Max: 0, Diff: 0, Sum: 0, Workers: 8
[443.965s][debug][gc,phases      ] GC(3051)     Log Buffers (ms):         Min:  0.0, Avg:  0.0, Max:  0.0, Diff:  0.0, Sum:  0.0, Workers: 8
[443.965s][debug][gc,phases      ] GC(3051)       Dirty Cards:              Min: 0, Avg:  0.1, Max: 1, Diff: 1, Sum: 1, Workers: 8
[443.965s][debug][gc,phases      ] GC(3051)       Skipped Cards:            Min: 0, Avg:  0.0, Max: 0, Diff: 0, Sum: 0, Workers: 8
[443.965s][info ][gc,phases      ] GC(3051)   Evacuate Collection Set: 0.2ms
[443.965s][debug][gc,phases      ] GC(3051)     Ext Root Scanning (ms):   Min:  0.0, Avg:  0.0, Max:  0.1, Diff:  0.0, Sum:  0.2, Workers: 8
[443.965s][debug][gc,phases      ] GC(3051)     Scan Heap Roots (ms):     Min:  0.0, Avg:  0.0, Max:  0.0, Diff:  0.0, Sum:  0.0, Workers: 8
[443.965s][debug][gc,phases      ] GC(3051)       Scanned Cards:            Min: 0, Avg:  0.1, Max: 1, Diff: 1, Sum: 1, Workers: 8
[443.965s][debug][gc,phases      ] GC(3051)       Scanned Blocks:           Min: 0, Avg:  0.1, Max: 1, Diff: 1, Sum: 1, Workers: 8
[443.965s][debug][gc,phases      ] GC(3051)       Claimed Chunks:           Min: 0, Avg:  0.1, Max: 1, Diff: 1, Sum: 1, Workers: 8
[443.965s][debug][gc,phases      ] GC(3051)     Code Root Scan (ms):      Min:  0.0, Avg:  0.0, Max:  0.0, Diff:  0.0, Sum:  0.0, Workers: 8
[443.965s][debug][gc,phases      ] GC(3051)     Object Copy (ms):         Min:  0.0, Avg:  0.0, Max:  0.0, Diff:  0.0, Sum:  0.0, Workers: 8
[443.966s][debug][gc,phases      ] GC(3051)     Termination (ms):         Min:  0.1, Avg:  0.1, Max:  0.1, Diff:  0.0, Sum:  0.6, Workers: 8
[443.966s][debug][gc,phases      ] GC(3051)       Termination Attempts:     Min: 1, Avg:  1.0, Max: 1, Diff: 0, Sum: 8, Workers: 8
[443.966s][debug][gc,phases      ] GC(3051)     GC Worker Other (ms):     Min:  0.0, Avg:  0.0, Max:  0.0, Diff:  0.0, Sum:  0.1, Workers: 8
[443.966s][debug][gc,phases      ] GC(3051)     GC Worker Total (ms):     Min:  0.1, Avg:  0.1, Max:  0.2, Diff:  0.1, Sum:  1.0, Workers: 8
[443.966s][info ][gc,phases      ] GC(3051)   Post Evacuate Collection Set: 0.3ms
[443.966s][debug][gc,phases      ] GC(3051)     Code Roots Fixup: 0.0ms
[443.966s][debug][gc,phases      ] GC(3051)     Clear Card Table: 0.1ms
[443.966s][debug][gc,phases      ] GC(3051)     Reference Processing: 0.0ms
[443.966s][debug][gc,phases,ref  ] GC(3051)       Reconsider SoftReferences: 0.0ms
[443.966s][debug][gc,phases,ref  ] GC(3051)         SoftRef (ms):             skipped
[443.966s][debug][gc,phases,ref  ] GC(3051)       Notify Soft/WeakReferences: 0.0ms
[443.966s][debug][gc,phases,ref  ] GC(3051)         SoftRef (ms):             skipped
[443.966s][debug][gc,phases,ref  ] GC(3051)         WeakRef (ms):             skipped
[443.966s][debug][gc,phases,ref  ] GC(3051)         FinalRef (ms):            skipped
[443.966s][debug][gc,phases,ref  ] GC(3051)         Total (ms):               skipped
[443.966s][debug][gc,phases,ref  ] GC(3051)       Notify and keep alive finalizable: 0.0ms
[443.966s][debug][gc,phases,ref  ] GC(3051)         FinalRef (ms):            skipped
[443.966s][debug][gc,phases,ref  ] GC(3051)       Notify PhantomReferences: 0.0ms
[443.966s][debug][gc,phases,ref  ] GC(3051)         PhantomRef (ms):          skipped
[443.966s][debug][gc,phases,ref  ] GC(3051)       SoftReference:
[443.966s][debug][gc,phases,ref  ] GC(3051)         Discovered: 0
[443.966s][debug][gc,phases,ref  ] GC(3051)         Cleared: 0
[443.966s][debug][gc,phases,ref  ] GC(3051)       WeakReference:
[443.966s][debug][gc,phases,ref  ] GC(3051)         Discovered: 0
[443.966s][debug][gc,phases,ref  ] GC(3051)         Cleared: 0
[443.966s][debug][gc,phases,ref  ] GC(3051)       FinalReference:
[443.966s][debug][gc,phases,ref  ] GC(3051)         Discovered: 0
[443.966s][debug][gc,phases,ref  ] GC(3051)         Cleared: 0
[443.966s][debug][gc,phases,ref  ] GC(3051)       PhantomReference:
[443.966s][debug][gc,phases,ref  ] GC(3051)         Discovered: 0
[443.966s][debug][gc,phases,ref  ] GC(3051)         Cleared: 0
[443.966s][debug][gc,phases      ] GC(3051)     Weak Processing: 0.1ms
[443.966s][debug][gc,phases      ] GC(3051)       JVMTI weak processing: 0.0ms
[443.966s][debug][gc,phases      ] GC(3051)         Dead: 0
[443.966s][debug][gc,phases      ] GC(3051)         Total: 0
[443.966s][debug][gc,phases      ] GC(3051)       JFR weak processing: 0.0ms
[443.966s][debug][gc,phases      ] GC(3051)         Dead: 0
[443.966s][debug][gc,phases      ] GC(3051)         Total: 0
[443.966s][debug][gc,phases      ] GC(3051)       JNI weak                  Min:  0.0, Avg:  0.0, Max:  0.0, Diff:  0.0, Sum:  0.0, Workers: 5
[443.966s][debug][gc,phases      ] GC(3051)         Dead                      Min: 0, Avg:  0.0, Max: 0, Diff: 0, Sum: 0, Workers: 5
[443.966s][debug][gc,phases      ] GC(3051)         Total                     Min: 0, Avg: 13.6, Max: 52, Diff: 52, Sum: 68, Workers: 5
[443.966s][debug][gc,phases      ] GC(3051)       VM weak                   Min:  0.0, Avg:  0.0, Max:  0.0, Diff:  0.0, Sum:  0.0, Workers: 5
[443.966s][debug][gc,phases      ] GC(3051)         Dead                      Min: 0, Avg:  0.0, Max: 0, Diff: 0, Sum: 0, Workers: 5
[443.966s][debug][gc,phases      ] GC(3051)         Total                     Min: 0, Avg: 42.6, Max: 128, Diff: 128, Sum: 213, Workers: 5
[443.966s][debug][gc,phases      ] GC(3051)       StringTable weak          Min:  0.0, Avg:  0.0, Max:  0.0, Diff:  0.0, Sum:  0.1, Workers: 5
[443.966s][debug][gc,phases      ] GC(3051)         Dead                      Min: 0, Avg:  0.0, Max: 0, Diff: 0, Sum: 0, Workers: 5
[443.966s][debug][gc,phases      ] GC(3051)         Total                     Min: 0, Avg: 682.0, Max: 1728, Diff: 1728, Sum: 3410, Workers: 5
[443.966s][debug][gc,phases      ] GC(3051)       ResolvedMethodTable weak  Min:  0.0, Avg:  0.0, Max:  0.0, Diff:  0.0, Sum:  0.0, Workers: 5
[443.966s][debug][gc,phases      ] GC(3051)         Dead                      Min: 0, Avg:  0.0, Max: 0, Diff: 0, Sum: 0, Workers: 5
[443.966s][debug][gc,phases      ] GC(3051)         Total                     Min: 0, Avg: 114.8, Max: 254, Diff: 254, Sum: 574, Workers: 5
[443.966s][debug][gc,phases      ] GC(3051)     Merge Per-Thread State: 0.0ms
[443.966s][debug][gc,phases      ] GC(3051)       Copied Bytes              Min: 0, Avg: 60.0, Max: 144, Diff: 144, Sum: 480, Workers: 8
[443.966s][debug][gc,phases      ] GC(3051)       LAB Waste                 Min: 0, Avg:  0.0, Max: 0, Diff: 0, Sum: 0, Workers: 8
[443.966s][debug][gc,phases      ] GC(3051)       LAB Undo Waste            Min: 0, Avg:  0.0, Max: 0, Diff: 0, Sum: 0, Workers: 8
[443.966s][debug][gc,phases      ] GC(3051)     Code Roots Purge: 0.0ms
[443.966s][debug][gc,phases      ] GC(3051)     Redirty Cards: 0.0ms
[443.966s][debug][gc,phases      ] GC(3051)     DerivedPointerTable Update: 0.0ms
[443.966s][debug][gc,phases      ] GC(3051)     Free Collection Set: 0.1ms
[443.966s][debug][gc,phases      ] GC(3051)     Rebuild Free List: 0.1ms
[443.966s][debug][gc,phases      ] GC(3051)     Humongous Reclaim: 0.0ms
[443.966s][debug][gc,phases      ] GC(3051)     Start New Collection Set: 0.0ms
[443.966s][debug][gc,phases      ] GC(3051)     Resize TLABs: 0.0ms
[443.966s][debug][gc,phases      ] GC(3051)     Expand Heap After Collection: 0.0ms
[443.966s][info ][gc,phases      ] GC(3051)   Other: 0.3ms
[443.966s][info ][gc,heap        ] GC(3051) Eden regions: 180->0(180)
[443.966s][info ][gc,heap        ] GC(3051) Survivor regions: 1->1(23)
[443.966s][info ][gc,heap        ] GC(3051) Old regions: 7->7
[443.966s][info ][gc,heap        ] GC(3051) Archive regions: 2->2
[443.966s][info ][gc,heap        ] GC(3051) Humongous regions: 0->0
[443.966s][info ][gc,metaspace   ] GC(3051) Metaspace: 9905K(10624K)->9905K(10624K) NonClass: 8758K(9216K)->8758K(9216K) Class: 1146K(1408K)->1146K(1408K)
[443.966s][debug][gc,heap        ] GC(3051) Heap after GC invocations=3052 (full 1): garbage-first heap   total 309248K, used 4071K [0x0000000700000000, 0x0000000800000000)
[443.966s][debug][gc,heap        ] GC(3051)   region size 1024K, 1 young (1024K), 1 survivors (1024K)
[443.966s][debug][gc,heap        ] GC(3051)  Metaspace       used 9905K, capacity 10179K, committed 10624K, reserved 1058816K
[443.966s][debug][gc,heap        ] GC(3051)   class space    used 1146K, capacity 1267K, committed 1408K, reserved 1048576K
[443.966s][info ][gc             ] GC(3051) Pause Young (Normal) (G1 Evacuation Pause) 183M->3M(302M) 1.870ms
[443.966s][info ][gc,cpu         ] GC(3051) User=0.00s Sys=0.00s Real=0.00s
[443.966s][info ][safepoint      ] Safepoint "G1CollectForAllocation", Time since last: 150297744 ns, Reaching safepoint: 173360 ns, At safepoint: 2054308 ns, Total: 2227668 ns
[444.115s][debug][gc,heap        ] GC(3052) Heap before GC invocations=3052 (full 1): garbage-first heap   total 309248K, used 188391K [0x0000000700000000, 0x0000000800000000)
[444.115s][debug][gc,heap        ] GC(3052)   region size 1024K, 181 young (185344K), 1 survivors (1024K)
[444.115s][debug][gc,heap        ] GC(3052)  Metaspace       used 9905K, capacity 10179K, committed 10624K, reserved 1058816K
[444.115s][debug][gc,heap        ] GC(3052)   class space    used 1146K, capacity 1267K, committed 1408K, reserved 1048576K
[444.115s][info ][gc,start       ] GC(3052) Pause Young (Normal) (G1 Evacuation Pause)
[444.115s][info ][gc,task        ] GC(3052) Using 8 workers of 8 for evacuation
[444.115s][debug][gc,tlab        ] GC(3052) TLAB totals: thrds: 8  refills: 724 max: 97 slow allocs: 0 max 0 waste:  0.8% gc: 1170840B max: 363528B slow: 418968B max: 56120B fast: 0B max: 0B
[444.115s][debug][gc,age         ] GC(3052) Desired survivor size 12058624 bytes, new threshold 15 (max threshold 15)
[444.115s][debug][gc,alloc,region] GC(3052) Mutator Allocation stats, regions: 180, wasted size: 0B ( 0.0%)
[444.115s][debug][gc,ergo        ] GC(3052) Running G1 Merge Heap Roots using 8 workers for 181 regions
[444.115s][debug][gc,remset      ] GC(3052) Visited cards 256 Total dirty 2048 (12.50%) Total old 759808 (0.03%)
[444.115s][debug][gc,ergo        ] GC(3052) Running G1 Clear Card Table Task using 1 workers for 1 units of work for 182 regions.
[444.115s][debug][gc,ref         ] GC(3052) Skipped phase1 of Reference Processing due to unavailable references
[444.115s][debug][gc,ref         ] GC(3052) Skipped phase2 of Reference Processing due to unavailable references
[444.115s][debug][gc,ref         ] GC(3052) Skipped phase3 of Reference Processing due to unavailable references
[444.115s][debug][gc,ref         ] GC(3052) Skipped phase4 of Reference Processing due to unavailable references
[444.115s][debug][gc,ergo        ] GC(3052) Running G1 Free Collection Set using 8 workers for collection set length 181 (302)
[444.115s][debug][gc,ergo        ] GC(3052) Running G1 Rebuild Free List Task using 8 workers for rebuilding free list of 0 (4096) regions
[444.115s][trace][gc,age         ] GC(3052) Age table with threshold 15 (max threshold 15)
[444.115s][trace][gc,age         ] GC(3052) - age   1:        536 bytes,        536 total
[444.115s][debug][gc,plab        ] GC(3052) Young PLAB allocation: allocated: 10320B, wasted: 0B, unused: 9784B, used: 536B, undo waste: 0B, 
[444.115s][debug][gc,plab        ] GC(3052) Young other allocation: region end waste: 0B, regions filled: 1, direct allocated: 0B, failure used: 0B, failure wasted: 0B
[444.115s][debug][gc,plab        ] GC(3052) Young sizing: calculated: 104B, actual: 2064B
[444.116s][debug][gc,plab        ] GC(3052) Old PLAB allocation: allocated: 0B, wasted: 0B, unused: 0B, used: 0B, undo waste: 0B, 
[444.116s][debug][gc,plab        ] GC(3052) Old other allocation: region end waste: 0B, regions filled: 1, direct allocated: 0B, failure used: 0B, failure wasted: 0B
[444.116s][debug][gc,plab        ] GC(3052) Old sizing: calculated: 0B, actual: 2064B
[444.116s][debug][gc,ihop        ] GC(3052) Basic information (value update), threshold: 142501478B (45.00), target occupancy: 316669952B, current occupancy: 4165064B, recent allocation size: 0B, recent allocation duration: 149.45ms, recent old gen allocation rate: 0.00B/s, recent marking phase length: 0.00ms
[444.116s][debug][gc,ihop        ] GC(3052) Adaptive IHOP information (value update), threshold: 142501478B (47.37), internal target occupancy: 300836454B, occupancy: 4165064B, additional buffer size: 189792256B, predicted old gen allocation rate: 0.00B/s, predicted marking phase length: 0.00ms, prediction active: false
[444.116s][debug][gc,ergo,refine ] GC(3052) Concurrent refinement times: Logged Cards Scan time goal: 20.00ms Logged Cards Scan time: 0.00ms HCC time: 0.00ms
[444.116s][debug][gc,ergo,refine ] GC(3052) Updated Refinement Zones: green: 2048, yellow: 6144, red: 10240
[444.116s][info ][gc,phases      ] GC(3052)   Pre Evacuate Collection Set: 0.1ms
[444.116s][debug][gc,phases      ] GC(3052)     Prepare TLABs: 0.0ms
[444.116s][debug][gc,phases      ] GC(3052)     Choose Collection Set: 0.0ms
[444.116s][debug][gc,phases      ] GC(3052)     Region Register: 0.1ms
[444.116s][debug][gc,phases      ] GC(3052)     Prepare Heap Roots: 0.0ms
[444.116s][info ][gc,phases      ] GC(3052)   Merge Heap Roots: 0.2ms
[444.116s][debug][gc,phases      ] GC(3052)     Prepare Merge Heap Roots: 0.0ms
[444.116s][debug][gc,phases      ] GC(3052)     Eager Reclaim (ms):       skipped
[444.116s][debug][gc,phases      ] GC(3052)     Remembered Sets (ms):     Min:  0.0, Avg:  0.0, Max:  0.0, Diff:  0.0, Sum:  0.1, Workers: 8
[444.116s][debug][gc,phases      ] GC(3052)       Merged Sparse:            Min: 0, Avg:  0.0, Max: 0, Diff: 0, Sum: 0, Workers: 8
[444.116s][debug][gc,phases      ] GC(3052)       Merged Fine:              Min: 0, Avg:  0.0, Max: 0, Diff: 0, Sum: 0, Workers: 8
[444.116s][debug][gc,phases      ] GC(3052)       Merged Coarse:            Min: 0, Avg:  0.0, Max: 0, Diff: 0, Sum: 0, Workers: 8
[444.116s][debug][gc,phases      ] GC(3052)       Dirty Cards:              Min: 0, Avg:  0.0, Max: 0, Diff: 0, Sum: 0, Workers: 8
[444.116s][debug][gc,phases      ] GC(3052)     Hot Card Cache (ms):      Min:  0.0, Avg:  0.0, Max:  0.0, Diff:  0.0, Sum:  0.0, Workers: 8
[444.116s][debug][gc,phases      ] GC(3052)       Dirty Cards:              Min: 0, Avg:  0.0, Max: 0, Diff: 0, Sum: 0, Workers: 8
[444.116s][debug][gc,phases      ] GC(3052)       Skipped Cards:            Min: 0, Avg:  0.0, Max: 0, Diff: 0, Sum: 0, Workers: 8
[444.116s][debug][gc,phases      ] GC(3052)     Log Buffers (ms):         Min:  0.0, Avg:  0.0, Max:  0.0, Diff:  0.0, Sum:  0.0, Workers: 8
[444.116s][debug][gc,phases      ] GC(3052)       Dirty Cards:              Min: 0, Avg:  0.1, Max: 1, Diff: 1, Sum: 1, Workers: 8
[444.116s][debug][gc,phases      ] GC(3052)       Skipped Cards:            Min: 0, Avg:  0.0, Max: 0, Diff: 0, Sum: 0, Workers: 8
[444.116s][info ][gc,phases      ] GC(3052)   Evacuate Collection Set: 0.2ms
[444.116s][debug][gc,phases      ] GC(3052)     Ext Root Scanning (ms):   Min:  0.0, Avg:  0.0, Max:  0.1, Diff:  0.1, Sum:  0.2, Workers: 8
[444.116s][debug][gc,phases      ] GC(3052)     Scan Heap Roots (ms):     Min:  0.0, Avg:  0.0, Max:  0.0, Diff:  0.0, Sum:  0.0, Workers: 8
[444.116s][debug][gc,phases      ] GC(3052)       Scanned Cards:            Min: 0, Avg:  0.1, Max: 1, Diff: 1, Sum: 1, Workers: 8
[444.116s][debug][gc,phases      ] GC(3052)       Scanned Blocks:           Min: 0, Avg:  0.1, Max: 1, Diff: 1, Sum: 1, Workers: 8
[444.116s][debug][gc,phases      ] GC(3052)       Claimed Chunks:           Min: 0, Avg:  0.1, Max: 1, Diff: 1, Sum: 1, Workers: 8
[444.116s][debug][gc,phases      ] GC(3052)     Code Root Scan (ms):      Min:  0.0, Avg:  0.0, Max:  0.0, Diff:  0.0, Sum:  0.0, Workers: 8
[444.116s][debug][gc,phases      ] GC(3052)     Object Copy (ms):         Min:  0.0, Avg:  0.0, Max:  0.0, Diff:  0.0, Sum:  0.0, Workers: 8
[444.116s][debug][gc,phases      ] GC(3052)     Termination (ms):         Min:  0.1, Avg:  0.1, Max:  0.1, Diff:  0.0, Sum:  0.6, Workers: 8
[444.116s][debug][gc,phases      ] GC(3052)       Termination Attempts:     Min: 1, Avg:  1.0, Max: 1, Diff: 0, Sum: 8, Workers: 8
[444.116s][debug][gc,phases      ] GC(3052)     GC Worker Other (ms):     Min:  0.0, Avg:  0.0, Max:  0.0, Diff:  0.0, Sum:  0.1, Workers: 8
[444.116s][debug][gc,phases      ] GC(3052)     GC Worker Total (ms):     Min:  0.1, Avg:  0.1, Max:  0.2, Diff:  0.1, Sum:  0.9, Workers: 8
[444.116s][info ][gc,phases      ] GC(3052)   Post Evacuate Collection Set: 0.3ms
[444.116s][debug][gc,phases      ] GC(3052)     Code Roots Fixup: 0.0ms
[444.116s][debug][gc,phases      ] GC(3052)     Clear Card Table: 0.1ms
[444.116s][debug][gc,phases      ] GC(3052)     Reference Processing: 0.0ms
[444.116s][debug][gc,phases,ref  ] GC(3052)       Reconsider SoftReferences: 0.0ms
[444.116s][debug][gc,phases,ref  ] GC(3052)         SoftRef (ms):             skipped
[444.116s][debug][gc,phases,ref  ] GC(3052)       Notify Soft/WeakReferences: 0.0ms
[444.116s][debug][gc,phases,ref  ] GC(3052)         SoftRef (ms):             skipped
[444.116s][debug][gc,phases,ref  ] GC(3052)         WeakRef (ms):             skipped
[444.116s][debug][gc,phases,ref  ] GC(3052)         FinalRef (ms):            skipped
[444.116s][debug][gc,phases,ref  ] GC(3052)         Total (ms):               skipped
[444.116s][debug][gc,phases,ref  ] GC(3052)       Notify and keep alive finalizable: 0.0ms
[444.116s][debug][gc,phases,ref  ] GC(3052)         FinalRef (ms):            skipped
[444.116s][debug][gc,phases,ref  ] GC(3052)       Notify PhantomReferences: 0.0ms
[444.116s][debug][gc,phases,ref  ] GC(3052)         PhantomRef (ms):          skipped
[444.116s][debug][gc,phases,ref  ] GC(3052)       SoftReference:
[444.116s][debug][gc,phases,ref  ] GC(3052)         Discovered: 0
[444.116s][debug][gc,phases,ref  ] GC(3052)         Cleared: 0
[444.116s][debug][gc,phases,ref  ] GC(3052)       WeakReference:
[444.116s][debug][gc,phases,ref  ] GC(3052)         Discovered: 0
[444.116s][debug][gc,phases,ref  ] GC(3052)         Cleared: 0
[444.116s][debug][gc,phases,ref  ] GC(3052)       FinalReference:
[444.116s][debug][gc,phases,ref  ] GC(3052)         Discovered: 0
[444.116s][debug][gc,phases,ref  ] GC(3052)         Cleared: 0
[444.116s][debug][gc,phases,ref  ] GC(3052)       PhantomReference:
[444.116s][debug][gc,phases,ref  ] GC(3052)         Discovered: 0
[444.116s][debug][gc,phases,ref  ] GC(3052)         Cleared: 0
[444.116s][debug][gc,phases      ] GC(3052)     Weak Processing: 0.1ms
[444.116s][debug][gc,phases      ] GC(3052)       JVMTI weak processing: 0.0ms
[444.116s][debug][gc,phases      ] GC(3052)         Dead: 0
[444.116s][debug][gc,phases      ] GC(3052)         Total: 0
[444.116s][debug][gc,phases      ] GC(3052)       JFR weak processing: 0.0ms
[444.116s][debug][gc,phases      ] GC(3052)         Dead: 0
[444.116s][debug][gc,phases      ] GC(3052)         Total: 0
[444.116s][debug][gc,phases      ] GC(3052)       JNI weak                  Min:  0.0, Avg:  0.0, Max:  0.0, Diff:  0.0, Sum:  0.0, Workers: 5
[444.116s][debug][gc,phases      ] GC(3052)         Dead                      Min: 0, Avg:  0.0, Max: 0, Diff: 0, Sum: 0, Workers: 5
[444.116s][debug][gc,phases      ] GC(3052)         Total                     Min: 0, Avg: 13.6, Max: 52, Diff: 52, Sum: 68, Workers: 5
[444.116s][debug][gc,phases      ] GC(3052)       VM weak                   Min:  0.0, Avg:  0.0, Max:  0.0, Diff:  0.0, Sum:  0.0, Workers: 5
[444.116s][debug][gc,phases      ] GC(3052)         Dead                      Min: 0, Avg:  0.0, Max: 0, Diff: 0, Sum: 0, Workers: 5
[444.116s][debug][gc,phases      ] GC(3052)         Total                     Min: 0, Avg: 42.6, Max: 128, Diff: 128, Sum: 213, Workers: 5
[444.116s][debug][gc,phases      ] GC(3052)       StringTable weak          Min:  0.0, Avg:  0.0, Max:  0.0, Diff:  0.0, Sum:  0.1, Workers: 5
[444.116s][debug][gc,phases      ] GC(3052)         Dead                      Min: 0, Avg:  0.0, Max: 0, Diff: 0, Sum: 0, Workers: 5
[444.116s][debug][gc,phases      ] GC(3052)         Total                     Min: 0, Avg: 682.0, Max: 1727, Diff: 1727, Sum: 3410, Workers: 5
[444.116s][debug][gc,phases      ] GC(3052)       ResolvedMethodTable weak  Min:  0.0, Avg:  0.0, Max:  0.0, Diff:  0.0, Sum:  0.0, Workers: 5
[444.116s][debug][gc,phases      ] GC(3052)         Dead                      Min: 0, Avg:  0.0, Max: 0, Diff: 0, Sum: 0, Workers: 5
[444.116s][debug][gc,phases      ] GC(3052)         Total                     Min: 0, Avg: 114.8, Max: 256, Diff: 256, Sum: 574, Workers: 5
[444.116s][debug][gc,phases      ] GC(3052)     Merge Per-Thread State: 0.0ms
[444.116s][debug][gc,phases      ] GC(3052)       Copied Bytes              Min: 0, Avg: 67.0, Max: 224, Diff: 224, Sum: 536, Workers: 8
[444.116s][debug][gc,phases      ] GC(3052)       LAB Waste                 Min: 0, Avg:  0.0, Max: 0, Diff: 0, Sum: 0, Workers: 8
[444.116s][debug][gc,phases      ] GC(3052)       LAB Undo Waste            Min: 0, Avg:  0.0, Max: 0, Diff: 0, Sum: 0, Workers: 8
[444.116s][debug][gc,phases      ] GC(3052)     Code Roots Purge: 0.0ms
[444.116s][debug][gc,phases      ] GC(3052)     Redirty Cards: 0.0ms
[444.116s][debug][gc,phases      ] GC(3052)     DerivedPointerTable Update: 0.0ms
[444.116s][debug][gc,phases      ] GC(3052)     Free Collection Set: 0.1ms
[444.116s][debug][gc,phases      ] GC(3052)     Rebuild Free List: 0.1ms
[444.116s][debug][gc,phases      ] GC(3052)     Humongous Reclaim: 0.0ms
[444.116s][debug][gc,phases      ] GC(3052)     Start New Collection Set: 0.0ms
[444.116s][debug][gc,phases      ] GC(3052)     Resize TLABs: 0.0ms
[444.116s][debug][gc,phases      ] GC(3052)     Expand Heap After Collection: 0.0ms
[444.116s][info ][gc,phases      ] GC(3052)   Other: 0.3ms
[444.116s][info ][gc,heap        ] GC(3052) Eden regions: 180->0(180)
[444.116s][info ][gc,heap        ] GC(3052) Survivor regions: 1->1(23)
[444.116s][info ][gc,heap        ] GC(3052) Old regions: 7->7
[444.116s][info ][gc,heap        ] GC(3052) Archive regions: 2->2
[444.116s][info ][gc,heap        ] GC(3052) Humongous regions: 0->0
[444.116s][info ][gc,metaspace   ] GC(3052) Metaspace: 9905K(10624K)->9905K(10624K) NonClass: 8758K(9216K)->8758K(9216K) Class: 1146K(1408K)->1146K(1408K)
[444.116s][debug][gc,heap        ] GC(3052) Heap after GC invocations=3053 (full 1): garbage-first heap   total 309248K, used 4067K [0x0000000700000000, 0x0000000800000000)
[444.116s][debug][gc,heap        ] GC(3052)   region size 1024K, 1 young (1024K), 1 survivors (1024K)
[444.117s][debug][gc,heap        ] GC(3052)  Metaspace       used 9905K, capacity 10179K, committed 10624K, reserved 1058816K
[444.117s][debug][gc,heap        ] GC(3052)   class space    used 1146K, capacity 1267K, committed 1408K, reserved 1048576K
[444.117s][info ][gc             ] GC(3052) Pause Young (Normal) (G1 Evacuation Pause) 183M->3M(302M) 1.920ms
[444.117s][info ][gc,cpu         ] GC(3052) User=0.00s Sys=0.00s Real=0.00s
[444.117s][info ][safepoint      ] Safepoint "G1CollectForAllocation", Time since last: 148117118 ns, Reaching safepoint: 129488 ns, At safepoint: 2101245 ns, Total: 2230733 ns
[444.265s][debug][gc,heap        ] GC(3053) Heap before GC invocations=3053 (full 1): garbage-first heap   total 309248K, used 188387K [0x0000000700000000, 0x0000000800000000)
[444.265s][debug][gc,heap        ] GC(3053)   region size 1024K, 181 young (185344K), 1 survivors (1024K)
[444.265s][debug][gc,heap        ] GC(3053)  Metaspace       used 9905K, capacity 10179K, committed 10624K, reserved 1058816K
[444.265s][debug][gc,heap        ] GC(3053)   class space    used 1146K, capacity 1267K, committed 1408K, reserved 1048576K
[444.265s][info ][gc,start       ] GC(3053) Pause Young (Normal) (G1 Evacuation Pause)
[444.265s][info ][gc,task        ] GC(3053) Using 8 workers of 8 for evacuation
[444.265s][debug][gc,tlab        ] GC(3053) TLAB totals: thrds: 8  refills: 723 max: 95 slow allocs: 0 max 0 waste:  0.8% gc: 1112840B max: 346488B slow: 418728B max: 55184B fast: 0B max: 0B
[444.265s][debug][gc,age         ] GC(3053) Desired survivor size 12058624 bytes, new threshold 15 (max threshold 15)
[444.265s][debug][gc,alloc,region] GC(3053) Mutator Allocation stats, regions: 180, wasted size: 0B ( 0.0%)
[444.266s][debug][gc,ergo        ] GC(3053) Running G1 Merge Heap Roots using 8 workers for 181 regions
[444.266s][debug][gc,remset      ] GC(3053) Visited cards 256 Total dirty 2048 (12.50%) Total old 759808 (0.03%)
[444.266s][debug][gc,ergo        ] GC(3053) Running G1 Clear Card Table Task using 1 workers for 1 units of work for 182 regions.
[444.266s][debug][gc,ref         ] GC(3053) Skipped phase1 of Reference Processing due to unavailable references
[444.266s][debug][gc,ref         ] GC(3053) Skipped phase2 of Reference Processing due to unavailable references
[444.266s][debug][gc,ref         ] GC(3053) Skipped phase3 of Reference Processing due to unavailable references
[444.266s][debug][gc,ref         ] GC(3053) Skipped phase4 of Reference Processing due to unavailable references
[444.266s][debug][gc,ergo        ] GC(3053) Running G1 Free Collection Set using 8 workers for collection set length 181 (302)
[444.266s][debug][gc,ergo        ] GC(3053) Running G1 Rebuild Free List Task using 8 workers for rebuilding free list of 0 (4096) regions
[444.266s][trace][gc,age         ] GC(3053) Age table with threshold 15 (max threshold 15)
[444.266s][trace][gc,age         ] GC(3053) - age   1:        672 bytes,        672 total
[444.266s][debug][gc,plab        ] GC(3053) Young PLAB allocation: allocated: 8256B, wasted: 0B, unused: 7584B, used: 672B, undo waste: 0B, 
[444.266s][debug][gc,plab        ] GC(3053) Young other allocation: region end waste: 0B, regions filled: 1, direct allocated: 0B, failure used: 0B, failure wasted: 0B
[444.266s][debug][gc,plab        ] GC(3053) Young sizing: calculated: 128B, actual: 2064B
[444.266s][debug][gc,plab        ] GC(3053) Old PLAB allocation: allocated: 0B, wasted: 0B, unused: 0B, used: 0B, undo waste: 0B, 
[444.266s][debug][gc,plab        ] GC(3053) Old other allocation: region end waste: 0B, regions filled: 1, direct allocated: 0B, failure used: 0B, failure wasted: 0B
[444.266s][debug][gc,plab        ] GC(3053) Old sizing: calculated: 0B, actual: 2064B
[444.266s][debug][gc,ihop        ] GC(3053) Basic information (value update), threshold: 142501478B (45.00), target occupancy: 316669952B, current occupancy: 4163000B, recent allocation size: 0B, recent allocation duration: 149.91ms, recent old gen allocation rate: 0.00B/s, recent marking phase length: 0.00ms
[444.266s][debug][gc,ihop        ] GC(3053) Adaptive IHOP information (value update), threshold: 142501478B (47.37), internal target occupancy: 300836454B, occupancy: 4163000B, additional buffer size: 189792256B, predicted old gen allocation rate: 0.00B/s, predicted marking phase length: 0.00ms, prediction active: false
[444.266s][debug][gc,ergo,refine ] GC(3053) Concurrent refinement times: Logged Cards Scan time goal: 20.00ms Logged Cards Scan time: 0.00ms HCC time: 0.00ms
[444.266s][debug][gc,ergo,refine ] GC(3053) Updated Refinement Zones: green: 2048, yellow: 6144, red: 10240
[444.266s][info ][gc,phases      ] GC(3053)   Pre Evacuate Collection Set: 0.1ms
[444.266s][debug][gc,phases      ] GC(3053)     Prepare TLABs: 0.0ms
[444.266s][debug][gc,phases      ] GC(3053)     Choose Collection Set: 0.0ms
[444.266s][debug][gc,phases      ] GC(3053)     Region Register: 0.1ms
[444.266s][debug][gc,phases      ] GC(3053)     Prepare Heap Roots: 0.0ms
[444.266s][info ][gc,phases      ] GC(3053)   Merge Heap Roots: 0.1ms
[444.266s][debug][gc,phases      ] GC(3053)     Prepare Merge Heap Roots: 0.0ms
[444.266s][debug][gc,phases      ] GC(3053)     Eager Reclaim (ms):       skipped
[444.266s][debug][gc,phases      ] GC(3053)     Remembered Sets (ms):     Min:  0.0, Avg:  0.0, Max:  0.0, Diff:  0.0, Sum:  0.0, Workers: 8
[444.266s][debug][gc,phases      ] GC(3053)       Merged Sparse:            Min: 0, Avg:  0.0, Max: 0, Diff: 0, Sum: 0, Workers: 8
[444.266s][debug][gc,phases      ] GC(3053)       Merged Fine:              Min: 0, Avg:  0.0, Max: 0, Diff: 0, Sum: 0, Workers: 8
[444.266s][debug][gc,phases      ] GC(3053)       Merged Coarse:            Min: 0, Avg:  0.0, Max: 0, Diff: 0, Sum: 0, Workers: 8
[444.266s][debug][gc,phases      ] GC(3053)       Dirty Cards:              Min: 0, Avg:  0.0, Max: 0, Diff: 0, Sum: 0, Workers: 8
[444.266s][debug][gc,phases      ] GC(3053)     Hot Card Cache (ms):      Min:  0.0, Avg:  0.0, Max:  0.0, Diff:  0.0, Sum:  0.0, Workers: 8
[444.266s][debug][gc,phases      ] GC(3053)       Dirty Cards:              Min: 0, Avg:  0.0, Max: 0, Diff: 0, Sum: 0, Workers: 8
[444.266s][debug][gc,phases      ] GC(3053)       Skipped Cards:            Min: 0, Avg:  0.0, Max: 0, Diff: 0, Sum: 0, Workers: 8
[444.266s][debug][gc,phases      ] GC(3053)     Log Buffers (ms):         Min:  0.0, Avg:  0.0, Max:  0.0, Diff:  0.0, Sum:  0.0, Workers: 8
[444.267s][debug][gc,phases      ] GC(3053)       Dirty Cards:              Min: 0, Avg:  0.1, Max: 1, Diff: 1, Sum: 1, Workers: 8
[444.267s][debug][gc,phases      ] GC(3053)       Skipped Cards:            Min: 0, Avg:  0.0, Max: 0, Diff: 0, Sum: 0, Workers: 8
[444.267s][info ][gc,phases      ] GC(3053)   Evacuate Collection Set: 0.1ms
[444.267s][debug][gc,phases      ] GC(3053)     Ext Root Scanning (ms):   Min:  0.0, Avg:  0.0, Max:  0.1, Diff:  0.1, Sum:  0.2, Workers: 8
[444.267s][debug][gc,phases      ] GC(3053)     Scan Heap Roots (ms):     Min:  0.0, Avg:  0.0, Max:  0.0, Diff:  0.0, Sum:  0.0, Workers: 8
[444.267s][debug][gc,phases      ] GC(3053)       Scanned Cards:            Min: 0, Avg:  0.1, Max: 1, Diff: 1, Sum: 1, Workers: 8
[444.267s][debug][gc,phases      ] GC(3053)       Scanned Blocks:           Min: 0, Avg:  0.1, Max: 1, Diff: 1, Sum: 1, Workers: 8
[444.267s][debug][gc,phases      ] GC(3053)       Claimed Chunks:           Min: 0, Avg:  0.1, Max: 1, Diff: 1, Sum: 1, Workers: 8
[444.267s][debug][gc,phases      ] GC(3053)     Code Root Scan (ms):      Min:  0.0, Avg:  0.0, Max:  0.0, Diff:  0.0, Sum:  0.0, Workers: 8
[444.267s][debug][gc,phases      ] GC(3053)     Object Copy (ms):         Min:  0.0, Avg:  0.0, Max:  0.0, Diff:  0.0, Sum:  0.0, Workers: 8
[444.267s][debug][gc,phases      ] GC(3053)     Termination (ms):         Min:  0.0, Avg:  0.0, Max:  0.0, Diff:  0.0, Sum:  0.3, Workers: 8
[444.267s][debug][gc,phases      ] GC(3053)       Termination Attempts:     Min: 1, Avg:  1.0, Max: 1, Diff: 0, Sum: 8, Workers: 8
[444.267s][debug][gc,phases      ] GC(3053)     GC Worker Other (ms):     Min:  0.0, Avg:  0.0, Max:  0.0, Diff:  0.0, Sum:  0.2, Workers: 8
[444.267s][debug][gc,phases      ] GC(3053)     GC Worker Total (ms):     Min:  0.1, Avg:  0.1, Max:  0.1, Diff:  0.0, Sum:  0.7, Workers: 8
[444.267s][info ][gc,phases      ] GC(3053)   Post Evacuate Collection Set: 0.3ms
[444.267s][debug][gc,phases      ] GC(3053)     Code Roots Fixup: 0.0ms
[444.267s][debug][gc,phases      ] GC(3053)     Clear Card Table: 0.1ms
[444.267s][debug][gc,phases      ] GC(3053)     Reference Processing: 0.0ms
[444.267s][debug][gc,phases,ref  ] GC(3053)       Reconsider SoftReferences: 0.0ms
[444.267s][debug][gc,phases,ref  ] GC(3053)         SoftRef (ms):             skipped
[444.267s][debug][gc,phases,ref  ] GC(3053)       Notify Soft/WeakReferences: 0.0ms
[444.267s][debug][gc,phases,ref  ] GC(3053)         SoftRef (ms):             skipped
[444.267s][debug][gc,phases,ref  ] GC(3053)         WeakRef (ms):             skipped
[444.267s][debug][gc,phases,ref  ] GC(3053)         FinalRef (ms):            skipped
[444.267s][debug][gc,phases,ref  ] GC(3053)         Total (ms):               skipped
[444.267s][debug][gc,phases,ref  ] GC(3053)       Notify and keep alive finalizable: 0.0ms
[444.267s][debug][gc,phases,ref  ] GC(3053)         FinalRef (ms):            skipped
[444.267s][debug][gc,phases,ref  ] GC(3053)       Notify PhantomReferences: 0.0ms
[444.267s][debug][gc,phases,ref  ] GC(3053)         PhantomRef (ms):          skipped
[444.267s][debug][gc,phases,ref  ] GC(3053)       SoftReference:
[444.267s][debug][gc,phases,ref  ] GC(3053)         Discovered: 0
[444.267s][debug][gc,phases,ref  ] GC(3053)         Cleared: 0
[444.267s][debug][gc,phases,ref  ] GC(3053)       WeakReference:
[444.267s][debug][gc,phases,ref  ] GC(3053)         Discovered: 0
[444.267s][debug][gc,phases,ref  ] GC(3053)         Cleared: 0
[444.267s][debug][gc,phases,ref  ] GC(3053)       FinalReference:
[444.267s][debug][gc,phases,ref  ] GC(3053)         Discovered: 0
[444.267s][debug][gc,phases,ref  ] GC(3053)         Cleared: 0
[444.267s][debug][gc,phases,ref  ] GC(3053)       PhantomReference:
[444.267s][debug][gc,phases,ref  ] GC(3053)         Discovered: 0
[444.267s][debug][gc,phases,ref  ] GC(3053)         Cleared: 0
[444.267s][debug][gc,phases      ] GC(3053)     Weak Processing: 0.1ms
[444.267s][debug][gc,phases      ] GC(3053)       JVMTI weak processing: 0.0ms
[444.267s][debug][gc,phases      ] GC(3053)         Dead: 0
[444.267s][debug][gc,phases      ] GC(3053)         Total: 0
[444.267s][debug][gc,phases      ] GC(3053)       JFR weak processing: 0.0ms
[444.267s][debug][gc,phases      ] GC(3053)         Dead: 0
[444.267s][debug][gc,phases      ] GC(3053)         Total: 0
[444.267s][debug][gc,phases      ] GC(3053)       JNI weak                  Min:  0.0, Avg:  0.0, Max:  0.0, Diff:  0.0, Sum:  0.0, Workers: 5
[444.267s][debug][gc,phases      ] GC(3053)         Dead                      Min: 0, Avg:  0.0, Max: 0, Diff: 0, Sum: 0, Workers: 5
[444.267s][debug][gc,phases      ] GC(3053)         Total                     Min: 0, Avg: 13.6, Max: 68, Diff: 68, Sum: 68, Workers: 5
[444.267s][debug][gc,phases      ] GC(3053)       VM weak                   Min:  0.0, Avg:  0.0, Max:  0.0, Diff:  0.0, Sum:  0.0, Workers: 5
[444.267s][debug][gc,phases      ] GC(3053)         Dead                      Min: 0, Avg:  0.0, Max: 0, Diff: 0, Sum: 0, Workers: 5
[444.267s][debug][gc,phases      ] GC(3053)         Total                     Min: 0, Avg: 42.6, Max: 213, Diff: 213, Sum: 213, Workers: 5
[444.267s][debug][gc,phases      ] GC(3053)       StringTable weak          Min:  0.0, Avg:  0.0, Max:  0.0, Diff:  0.0, Sum:  0.0, Workers: 5
[444.267s][debug][gc,phases      ] GC(3053)         Dead                      Min: 0, Avg:  0.0, Max: 0, Diff: 0, Sum: 0, Workers: 5
[444.267s][debug][gc,phases      ] GC(3053)         Total                     Min: 0, Avg: 682.0, Max: 3026, Diff: 3026, Sum: 3410, Workers: 5
[444.267s][debug][gc,phases      ] GC(3053)       ResolvedMethodTable weak  Min:  0.0, Avg:  0.0, Max:  0.0, Diff:  0.0, Sum:  0.0, Workers: 5
[444.267s][debug][gc,phases      ] GC(3053)         Dead                      Min: 0, Avg:  0.0, Max: 0, Diff: 0, Sum: 0, Workers: 5
[444.267s][debug][gc,phases      ] GC(3053)         Total                     Min: 0, Avg: 114.8, Max: 192, Diff: 192, Sum: 574, Workers: 5
[444.267s][debug][gc,phases      ] GC(3053)     Merge Per-Thread State: 0.0ms
[444.267s][debug][gc,phases      ] GC(3053)       Copied Bytes              Min: 0, Avg: 84.0, Max: 280, Diff: 280, Sum: 672, Workers: 8
[444.267s][debug][gc,phases      ] GC(3053)       LAB Waste                 Min: 0, Avg:  0.0, Max: 0, Diff: 0, Sum: 0, Workers: 8
[444.267s][debug][gc,phases      ] GC(3053)       LAB Undo Waste            Min: 0, Avg:  0.0, Max: 0, Diff: 0, Sum: 0, Workers: 8
[444.267s][debug][gc,phases      ] GC(3053)     Code Roots Purge: 0.0ms
[444.267s][debug][gc,phases      ] GC(3053)     Redirty Cards: 0.0ms
[444.267s][debug][gc,phases      ] GC(3053)     DerivedPointerTable Update: 0.0ms
[444.267s][debug][gc,phases      ] GC(3053)     Free Collection Set: 0.1ms
[444.267s][debug][gc,phases      ] GC(3053)     Rebuild Free List: 0.1ms
[444.267s][debug][gc,phases      ] GC(3053)     Humongous Reclaim: 0.0ms
[444.267s][debug][gc,phases      ] GC(3053)     Start New Collection Set: 0.0ms
[444.267s][debug][gc,phases      ] GC(3053)     Resize TLABs: 0.0ms
[444.267s][debug][gc,phases      ] GC(3053)     Expand Heap After Collection: 0.0ms
[444.267s][info ][gc,phases      ] GC(3053)   Other: 0.3ms
[444.267s][info ][gc,heap        ] GC(3053) Eden regions: 180->0(180)
[444.267s][info ][gc,heap        ] GC(3053) Survivor regions: 1->1(23)
[444.267s][info ][gc,heap        ] GC(3053) Old regions: 7->7
[444.267s][info ][gc,heap        ] GC(3053) Archive regions: 2->2
[444.267s][info ][gc,heap        ] GC(3053) Humongous regions: 0->0
[444.267s][info ][gc,metaspace   ] GC(3053) Metaspace: 9905K(10624K)->9905K(10624K) NonClass: 8758K(9216K)->8758K(9216K) Class: 1146K(1408K)->1146K(1408K)
[444.267s][debug][gc,heap        ] GC(3053) Heap after GC invocations=3054 (full 1): garbage-first heap   total 309248K, used 4065K [0x0000000700000000, 0x0000000800000000)
[444.267s][debug][gc,heap        ] GC(3053)   region size 1024K, 1 young (1024K), 1 survivors (1024K)
[444.267s][debug][gc,heap        ] GC(3053)  Metaspace       used 9905K, capacity 10179K, committed 10624K, reserved 1058816K
[444.267s][debug][gc,heap        ] GC(3053)   class space    used 1146K, capacity 1267K, committed 1408K, reserved 1048576K
[444.267s][info ][gc             ] GC(3053) Pause Young (Normal) (G1 Evacuation Pause) 183M->3M(302M) 1.873ms
[444.267s][info ][gc,cpu         ] GC(3053) User=0.00s Sys=0.01s Real=0.00s
[444.267s][info ][safepoint      ] Safepoint "G1CollectForAllocation", Time since last: 148533200 ns, Reaching safepoint: 157957 ns, At safepoint: 2062663 ns, Total: 2220620 ns
[444.410s][debug][gc,heap        ] GC(3054) Heap before GC invocations=3054 (full 1): garbage-first heap   total 309248K, used 187361K [0x0000000700000000, 0x0000000800000000)
[444.410s][debug][gc,heap        ] GC(3054)   region size 1024K, 181 young (185344K), 1 survivors (1024K)
[444.410s][debug][gc,heap        ] GC(3054)  Metaspace       used 9905K, capacity 10179K, committed 10624K, reserved 1058816K
[444.410s][debug][gc,heap        ] GC(3054)   class space    used 1146K, capacity 1267K, committed 1408K, reserved 1048576K
[444.410s][info ][gc,start       ] GC(3054) Pause Young (Normal) (G1 Evacuation Pause)
[444.410s][info ][gc,task        ] GC(3054) Using 8 workers of 8 for evacuation
[444.410s][debug][gc,tlab        ] GC(3054) TLAB totals: thrds: 8  refills: 723 max: 97 slow allocs: 0 max 0 waste:  0.8% gc: 1168680B max: 356944B slow: 419752B max: 56272B fast: 0B max: 0B
[444.410s][debug][gc,age         ] GC(3054) Desired survivor size 12058624 bytes, new threshold 15 (max threshold 15)
[444.410s][debug][gc,alloc,region] GC(3054) Mutator Allocation stats, regions: 180, wasted size: 0B ( 0.0%)
[444.410s][debug][gc,ergo        ] GC(3054) Running G1 Merge Heap Roots using 8 workers for 181 regions
[444.410s][debug][gc,remset      ] GC(3054) Visited cards 256 Total dirty 2048 (12.50%) Total old 759808 (0.03%)
[444.411s][debug][gc,ergo        ] GC(3054) Running G1 Clear Card Table Task using 1 workers for 1 units of work for 182 regions.
[444.411s][debug][gc,ref         ] GC(3054) Skipped phase1 of Reference Processing due to unavailable references
[444.411s][debug][gc,ref         ] GC(3054) Skipped phase2 of Reference Processing due to unavailable references
[444.411s][debug][gc,ref         ] GC(3054) Skipped phase3 of Reference Processing due to unavailable references
[444.411s][debug][gc,ref         ] GC(3054) Skipped phase4 of Reference Processing due to unavailable references
[444.411s][debug][gc,ergo        ] GC(3054) Running G1 Free Collection Set using 8 workers for collection set length 181 (302)
[444.411s][debug][gc,ergo        ] GC(3054) Running G1 Rebuild Free List Task using 8 workers for rebuilding free list of 0 (4096) regions
[444.411s][trace][gc,age         ] GC(3054) Age table with threshold 15 (max threshold 15)
[444.411s][trace][gc,age         ] GC(3054) - age   1:        592 bytes,        592 total
[444.411s][debug][gc,plab        ] GC(3054) Young PLAB allocation: allocated: 16512B, wasted: 0B, unused: 15920B, used: 592B, undo waste: 0B, 
[444.411s][debug][gc,plab        ] GC(3054) Young other allocation: region end waste: 0B, regions filled: 1, direct allocated: 0B, failure used: 0B, failure wasted: 0B
[444.411s][debug][gc,plab        ] GC(3054) Young sizing: calculated: 112B, actual: 2064B
[444.411s][debug][gc,plab        ] GC(3054) Old PLAB allocation: allocated: 0B, wasted: 0B, unused: 0B, used: 0B, undo waste: 0B, 
[444.411s][debug][gc,plab        ] GC(3054) Old other allocation: region end waste: 0B, regions filled: 1, direct allocated: 0B, failure used: 0B, failure wasted: 0B
[444.411s][debug][gc,plab        ] GC(3054) Old sizing: calculated: 0B, actual: 2064B
[444.411s][debug][gc,ihop        ] GC(3054) Basic information (value update), threshold: 142501478B (45.00), target occupancy: 316669952B, current occupancy: 4171256B, recent allocation size: 0B, recent allocation duration: 143.94ms, recent old gen allocation rate: 0.00B/s, recent marking phase length: 0.00ms
[444.411s][debug][gc,ihop        ] GC(3054) Adaptive IHOP information (value update), threshold: 142501478B (47.37), internal target occupancy: 300836454B, occupancy: 4171256B, additional buffer size: 189792256B, predicted old gen allocation rate: 0.00B/s, predicted marking phase length: 0.00ms, prediction active: false
[444.411s][debug][gc,ergo,refine ] GC(3054) Concurrent refinement times: Logged Cards Scan time goal: 20.00ms Logged Cards Scan time: 0.00ms HCC time: 0.00ms
[444.411s][debug][gc,ergo,refine ] GC(3054) Updated Refinement Zones: green: 2048, yellow: 6144, red: 10240
[444.411s][info ][gc,phases      ] GC(3054)   Pre Evacuate Collection Set: 0.1ms
[444.411s][debug][gc,phases      ] GC(3054)     Prepare TLABs: 0.0ms
[444.411s][debug][gc,phases      ] GC(3054)     Choose Collection Set: 0.0ms
[444.411s][debug][gc,phases      ] GC(3054)     Region Register: 0.1ms
[444.411s][debug][gc,phases      ] GC(3054)     Prepare Heap Roots: 0.0ms
[444.411s][info ][gc,phases      ] GC(3054)   Merge Heap Roots: 0.1ms
[444.411s][debug][gc,phases      ] GC(3054)     Prepare Merge Heap Roots: 0.0ms
[444.411s][debug][gc,phases      ] GC(3054)     Eager Reclaim (ms):       skipped
[444.411s][debug][gc,phases      ] GC(3054)     Remembered Sets (ms):     Min:  0.0, Avg:  0.0, Max:  0.0, Diff:  0.0, Sum:  0.1, Workers: 8
[444.411s][debug][gc,phases      ] GC(3054)       Merged Sparse:            Min: 0, Avg:  0.0, Max: 0, Diff: 0, Sum: 0, Workers: 8
[444.411s][debug][gc,phases      ] GC(3054)       Merged Fine:              Min: 0, Avg:  0.0, Max: 0, Diff: 0, Sum: 0, Workers: 8
[444.411s][debug][gc,phases      ] GC(3054)       Merged Coarse:            Min: 0, Avg:  0.0, Max: 0, Diff: 0, Sum: 0, Workers: 8
[444.411s][debug][gc,phases      ] GC(3054)       Dirty Cards:              Min: 0, Avg:  0.0, Max: 0, Diff: 0, Sum: 0, Workers: 8
[444.411s][debug][gc,phases      ] GC(3054)     Hot Card Cache (ms):      Min:  0.0, Avg:  0.0, Max:  0.0, Diff:  0.0, Sum:  0.0, Workers: 8
[444.411s][debug][gc,phases      ] GC(3054)       Dirty Cards:              Min: 0, Avg:  0.0, Max: 0, Diff: 0, Sum: 0, Workers: 8
[444.411s][debug][gc,phases      ] GC(3054)       Skipped Cards:            Min: 0, Avg:  0.0, Max: 0, Diff: 0, Sum: 0, Workers: 8
[444.411s][debug][gc,phases      ] GC(3054)     Log Buffers (ms):         Min:  0.0, Avg:  0.0, Max:  0.0, Diff:  0.0, Sum:  0.0, Workers: 8
[444.411s][debug][gc,phases      ] GC(3054)       Dirty Cards:              Min: 0, Avg:  0.1, Max: 1, Diff: 1, Sum: 1, Workers: 8
[444.411s][debug][gc,phases      ] GC(3054)       Skipped Cards:            Min: 0, Avg:  0.0, Max: 0, Diff: 0, Sum: 0, Workers: 8
[444.411s][info ][gc,phases      ] GC(3054)   Evacuate Collection Set: 0.2ms
[444.411s][debug][gc,phases      ] GC(3054)     Ext Root Scanning (ms):   Min:  0.0, Avg:  0.0, Max:  0.1, Diff:  0.1, Sum:  0.2, Workers: 8
[444.411s][debug][gc,phases      ] GC(3054)     Scan Heap Roots (ms):     Min:  0.0, Avg:  0.0, Max:  0.0, Diff:  0.0, Sum:  0.0, Workers: 8
[444.411s][debug][gc,phases      ] GC(3054)       Scanned Cards:            Min: 0, Avg:  0.1, Max: 1, Diff: 1, Sum: 1, Workers: 8
[444.411s][debug][gc,phases      ] GC(3054)       Scanned Blocks:           Min: 0, Avg:  0.1, Max: 1, Diff: 1, Sum: 1, Workers: 8
[444.411s][debug][gc,phases      ] GC(3054)       Claimed Chunks:           Min: 0, Avg:  0.1, Max: 1, Diff: 1, Sum: 1, Workers: 8
[444.411s][debug][gc,phases      ] GC(3054)     Code Root Scan (ms):      Min:  0.0, Avg:  0.0, Max:  0.0, Diff:  0.0, Sum:  0.0, Workers: 8
[444.411s][debug][gc,phases      ] GC(3054)     Object Copy (ms):         Min:  0.0, Avg:  0.0, Max:  0.0, Diff:  0.0, Sum:  0.0, Workers: 8
[444.411s][debug][gc,phases      ] GC(3054)     Termination (ms):         Min:  0.1, Avg:  0.1, Max:  0.1, Diff:  0.0, Sum:  0.6, Workers: 8
[444.411s][debug][gc,phases      ] GC(3054)       Termination Attempts:     Min: 1, Avg:  1.0, Max: 1, Diff: 0, Sum: 8, Workers: 8
[444.411s][debug][gc,phases      ] GC(3054)     GC Worker Other (ms):     Min:  0.0, Avg:  0.0, Max:  0.0, Diff:  0.0, Sum:  0.1, Workers: 8
[444.411s][debug][gc,phases      ] GC(3054)     GC Worker Total (ms):     Min:  0.1, Avg:  0.1, Max:  0.2, Diff:  0.0, Sum:  1.1, Workers: 8
[444.411s][info ][gc,phases      ] GC(3054)   Post Evacuate Collection Set: 0.3ms
[444.411s][debug][gc,phases      ] GC(3054)     Code Roots Fixup: 0.0ms
[444.411s][debug][gc,phases      ] GC(3054)     Clear Card Table: 0.1ms
[444.411s][debug][gc,phases      ] GC(3054)     Reference Processing: 0.0ms
[444.411s][debug][gc,phases,ref  ] GC(3054)       Reconsider SoftReferences: 0.0ms
[444.411s][debug][gc,phases,ref  ] GC(3054)         SoftRef (ms):             skipped
[444.411s][debug][gc,phases,ref  ] GC(3054)       Notify Soft/WeakReferences: 0.0ms
[444.411s][debug][gc,phases,ref  ] GC(3054)         SoftRef (ms):             skipped
[444.411s][debug][gc,phases,ref  ] GC(3054)         WeakRef (ms):             skipped
[444.411s][debug][gc,phases,ref  ] GC(3054)         FinalRef (ms):            skipped
[444.412s][debug][gc,phases,ref  ] GC(3054)         Total (ms):               skipped
[444.412s][debug][gc,phases,ref  ] GC(3054)       Notify and keep alive finalizable: 0.0ms
[444.412s][debug][gc,phases,ref  ] GC(3054)         FinalRef (ms):            skipped
[444.412s][debug][gc,phases,ref  ] GC(3054)       Notify PhantomReferences: 0.0ms
[444.412s][debug][gc,phases,ref  ] GC(3054)         PhantomRef (ms):          skipped
[444.412s][debug][gc,phases,ref  ] GC(3054)       SoftReference:
[444.412s][debug][gc,phases,ref  ] GC(3054)         Discovered: 0
[444.412s][debug][gc,phases,ref  ] GC(3054)         Cleared: 0
[444.412s][debug][gc,phases,ref  ] GC(3054)       WeakReference:
[444.412s][debug][gc,phases,ref  ] GC(3054)         Discovered: 0
[444.412s][debug][gc,phases,ref  ] GC(3054)         Cleared: 0
[444.412s][debug][gc,phases,ref  ] GC(3054)       FinalReference:
[444.412s][debug][gc,phases,ref  ] GC(3054)         Discovered: 0
[444.412s][debug][gc,phases,ref  ] GC(3054)         Cleared: 0
[444.412s][debug][gc,phases,ref  ] GC(3054)       PhantomReference:
[444.412s][debug][gc,phases,ref  ] GC(3054)         Discovered: 0
[444.412s][debug][gc,phases,ref  ] GC(3054)         Cleared: 0
[444.412s][debug][gc,phases      ] GC(3054)     Weak Processing: 0.1ms
[444.412s][debug][gc,phases      ] GC(3054)       JVMTI weak processing: 0.0ms
[444.412s][debug][gc,phases      ] GC(3054)         Dead: 0
[444.412s][debug][gc,phases      ] GC(3054)         Total: 0
[444.412s][debug][gc,phases      ] GC(3054)       JFR weak processing: 0.0ms
[444.412s][debug][gc,phases      ] GC(3054)         Dead: 0
[444.412s][debug][gc,phases      ] GC(3054)         Total: 0
[444.412s][debug][gc,phases      ] GC(3054)       JNI weak                  Min:  0.0, Avg:  0.0, Max:  0.0, Diff:  0.0, Sum:  0.0, Workers: 5
[444.412s][debug][gc,phases      ] GC(3054)         Dead                      Min: 0, Avg:  0.0, Max: 0, Diff: 0, Sum: 0, Workers: 5
[444.412s][debug][gc,phases      ] GC(3054)         Total                     Min: 0, Avg: 13.6, Max: 52, Diff: 52, Sum: 68, Workers: 5
[444.412s][debug][gc,phases      ] GC(3054)       VM weak                   Min:  0.0, Avg:  0.0, Max:  0.0, Diff:  0.0, Sum:  0.0, Workers: 5
[444.412s][debug][gc,phases      ] GC(3054)         Dead                      Min: 0, Avg:  0.0, Max: 0, Diff: 0, Sum: 0, Workers: 5
[444.412s][debug][gc,phases      ] GC(3054)         Total                     Min: 0, Avg: 42.6, Max: 128, Diff: 128, Sum: 213, Workers: 5
[444.412s][debug][gc,phases      ] GC(3054)       StringTable weak          Min:  0.0, Avg:  0.0, Max:  0.0, Diff:  0.0, Sum:  0.1, Workers: 5
[444.412s][debug][gc,phases      ] GC(3054)         Dead                      Min: 0, Avg:  0.0, Max: 0, Diff: 0, Sum: 0, Workers: 5
[444.412s][debug][gc,phases      ] GC(3054)         Total                     Min: 0, Avg: 682.0, Max: 1727, Diff: 1727, Sum: 3410, Workers: 5
[444.412s][debug][gc,phases      ] GC(3054)       ResolvedMethodTable weak  Min:  0.0, Avg:  0.0, Max:  0.0, Diff:  0.0, Sum:  0.0, Workers: 5
[444.412s][debug][gc,phases      ] GC(3054)         Dead                      Min: 0, Avg:  0.0, Max: 0, Diff: 0, Sum: 0, Workers: 5
[444.412s][debug][gc,phases      ] GC(3054)         Total                     Min: 0, Avg: 114.8, Max: 318, Diff: 318, Sum: 574, Workers: 5
[444.412s][debug][gc,phases      ] GC(3054)     Merge Per-Thread State: 0.0ms
[444.412s][debug][gc,phases      ] GC(3054)       Copied Bytes              Min: 24, Avg: 74.0, Max: 184, Diff: 160, Sum: 592, Workers: 8
[444.412s][debug][gc,phases      ] GC(3054)       LAB Waste                 Min: 0, Avg:  0.0, Max: 0, Diff: 0, Sum: 0, Workers: 8
[444.412s][debug][gc,phases      ] GC(3054)       LAB Undo Waste            Min: 0, Avg:  0.0, Max: 0, Diff: 0, Sum: 0, Workers: 8
[444.412s][debug][gc,phases      ] GC(3054)     Code Roots Purge: 0.0ms
[444.412s][debug][gc,phases      ] GC(3054)     Redirty Cards: 0.0ms
[444.412s][debug][gc,phases      ] GC(3054)     DerivedPointerTable Update: 0.0ms
[444.412s][debug][gc,phases      ] GC(3054)     Free Collection Set: 0.1ms
[444.412s][debug][gc,phases      ] GC(3054)     Rebuild Free List: 0.1ms
[444.412s][debug][gc,phases      ] GC(3054)     Humongous Reclaim: 0.0ms
[444.412s][debug][gc,phases      ] GC(3054)     Start New Collection Set: 0.0ms
[444.412s][debug][gc,phases      ] GC(3054)     Resize TLABs: 0.0ms
[444.412s][debug][gc,phases      ] GC(3054)     Expand Heap After Collection: 0.0ms
[444.412s][info ][gc,phases      ] GC(3054)   Other: 0.3ms
[444.412s][info ][gc,heap        ] GC(3054) Eden regions: 180->0(180)
[444.412s][info ][gc,heap        ] GC(3054) Survivor regions: 1->1(23)
[444.412s][info ][gc,heap        ] GC(3054) Old regions: 7->7
[444.412s][info ][gc,heap        ] GC(3054) Archive regions: 2->2
[444.412s][info ][gc,heap        ] GC(3054) Humongous regions: 0->0
[444.412s][info ][gc,metaspace   ] GC(3054) Metaspace: 9905K(10624K)->9905K(10624K) NonClass: 8758K(9216K)->8758K(9216K) Class: 1146K(1408K)->1146K(1408K)
[444.412s][debug][gc,heap        ] GC(3054) Heap after GC invocations=3055 (full 1): garbage-first heap   total 309248K, used 4073K [0x0000000700000000, 0x0000000800000000)
[444.412s][debug][gc,heap        ] GC(3054)   region size 1024K, 1 young (1024K), 1 survivors (1024K)
[444.412s][debug][gc,heap        ] GC(3054)  Metaspace       used 9905K, capacity 10179K, committed 10624K, reserved 1058816K
[444.412s][debug][gc,heap        ] GC(3054)   class space    used 1146K, capacity 1267K, committed 1408K, reserved 1048576K
[444.412s][info ][gc             ] GC(3054) Pause Young (Normal) (G1 Evacuation Pause) 183M->3M(302M) 1.868ms
[444.412s][info ][gc,cpu         ] GC(3054) User=0.00s Sys=0.00s Real=0.00s
[444.412s][info ][safepoint      ] Safepoint "G1CollectForAllocation", Time since last: 142552773 ns, Reaching safepoint: 165349 ns, At safepoint: 2056233 ns, Total: 2221582 ns
[444.546s][debug][gc,heap        ] GC(3055) Heap before GC invocations=3055 (full 1): garbage-first heap   total 309248K, used 188393K [0x0000000700000000, 0x0000000800000000)
[444.546s][debug][gc,heap        ] GC(3055)   region size 1024K, 181 young (185344K), 1 survivors (1024K)
[444.546s][debug][gc,heap        ] GC(3055)  Metaspace       used 9905K, capacity 10179K, committed 10624K, reserved 1058816K
[444.546s][debug][gc,heap        ] GC(3055)   class space    used 1146K, capacity 1267K, committed 1408K, reserved 1048576K
[444.546s][info ][gc,start       ] GC(3055) Pause Young (Normal) (G1 Evacuation Pause)
[444.546s][info ][gc,task        ] GC(3055) Using 8 workers of 8 for evacuation
[444.546s][debug][gc,tlab        ] GC(3055) TLAB totals: thrds: 8  refills: 723 max: 93 slow allocs: 0 max 0 waste:  1.0% gc: 1552184B max: 395168B slow: 418728B max: 53864B fast: 0B max: 0B
[444.546s][debug][gc,age         ] GC(3055) Desired survivor size 12058624 bytes, new threshold 15 (max threshold 15)
[444.546s][debug][gc,alloc,region] GC(3055) Mutator Allocation stats, regions: 180, wasted size: 0B ( 0.0%)
[444.546s][debug][gc,ergo        ] GC(3055) Running G1 Merge Heap Roots using 8 workers for 181 regions
[444.547s][debug][gc,remset      ] GC(3055) Visited cards 256 Total dirty 2048 (12.50%) Total old 759808 (0.03%)
[444.547s][debug][gc,ergo        ] GC(3055) Running G1 Clear Card Table Task using 1 workers for 1 units of work for 182 regions.
[444.547s][debug][gc,ref         ] GC(3055) Skipped phase1 of Reference Processing due to unavailable references
[444.547s][debug][gc,ref         ] GC(3055) Skipped phase2 of Reference Processing due to unavailable references
[444.547s][debug][gc,ref         ] GC(3055) Skipped phase3 of Reference Processing due to unavailable references
[444.547s][debug][gc,ref         ] GC(3055) Skipped phase4 of Reference Processing due to unavailable references
[444.547s][debug][gc,ergo        ] GC(3055) Running G1 Free Collection Set using 8 workers for collection set length 181 (302)
[444.547s][debug][gc,ergo        ] GC(3055) Running G1 Rebuild Free List Task using 8 workers for rebuilding free list of 0 (4096) regions
[444.547s][trace][gc,age         ] GC(3055) Age table with threshold 15 (max threshold 15)
[444.547s][trace][gc,age         ] GC(3055) - age   1:        408 bytes,        408 total
[444.547s][debug][gc,plab        ] GC(3055) Young PLAB allocation: allocated: 14448B, wasted: 0B, unused: 14040B, used: 408B, undo waste: 0B, 
[444.547s][debug][gc,plab        ] GC(3055) Young other allocation: region end waste: 0B, regions filled: 1, direct allocated: 0B, failure used: 0B, failure wasted: 0B
[444.547s][debug][gc,plab        ] GC(3055) Young sizing: calculated: 80B, actual: 2064B
[444.547s][debug][gc,plab        ] GC(3055) Old PLAB allocation: allocated: 0B, wasted: 0B, unused: 0B, used: 0B, undo waste: 0B, 
[444.547s][debug][gc,plab        ] GC(3055) Old other allocation: region end waste: 0B, regions filled: 1, direct allocated: 0B, failure used: 0B, failure wasted: 0B
[444.547s][debug][gc,plab        ] GC(3055) Old sizing: calculated: 0B, actual: 2064B
[444.547s][debug][gc,ihop        ] GC(3055) Basic information (value update), threshold: 142501478B (45.00), target occupancy: 316669952B, current occupancy: 4169192B, recent allocation size: 0B, recent allocation duration: 135.25ms, recent old gen allocation rate: 0.00B/s, recent marking phase length: 0.00ms
[444.547s][debug][gc,ihop        ] GC(3055) Adaptive IHOP information (value update), threshold: 142501478B (47.37), internal target occupancy: 300836454B, occupancy: 4169192B, additional buffer size: 189792256B, predicted old gen allocation rate: 0.00B/s, predicted marking phase length: 0.00ms, prediction active: false
[444.547s][debug][gc,ergo,refine ] GC(3055) Concurrent refinement times: Logged Cards Scan time goal: 20.00ms Logged Cards Scan time: 0.00ms HCC time: 0.00ms
[444.547s][debug][gc,ergo,refine ] GC(3055) Updated Refinement Zones: green: 2048, yellow: 6144, red: 10240
[444.547s][info ][gc,phases      ] GC(3055)   Pre Evacuate Collection Set: 0.1ms
[444.547s][debug][gc,phases      ] GC(3055)     Prepare TLABs: 0.0ms
[444.547s][debug][gc,phases      ] GC(3055)     Choose Collection Set: 0.0ms
[444.547s][debug][gc,phases      ] GC(3055)     Region Register: 0.1ms
[444.547s][debug][gc,phases      ] GC(3055)     Prepare Heap Roots: 0.0ms
[444.547s][info ][gc,phases      ] GC(3055)   Merge Heap Roots: 0.2ms
[444.547s][debug][gc,phases      ] GC(3055)     Prepare Merge Heap Roots: 0.0ms
[444.547s][debug][gc,phases      ] GC(3055)     Eager Reclaim (ms):       skipped
[444.548s][debug][gc,phases      ] GC(3055)     Remembered Sets (ms):     Min:  0.0, Avg:  0.0, Max:  0.0, Diff:  0.0, Sum:  0.0, Workers: 8
[444.548s][debug][gc,phases      ] GC(3055)       Merged Sparse:            Min: 0, Avg:  0.0, Max: 0, Diff: 0, Sum: 0, Workers: 8
[444.548s][debug][gc,phases      ] GC(3055)       Merged Fine:              Min: 0, Avg:  0.0, Max: 0, Diff: 0, Sum: 0, Workers: 8
[444.548s][debug][gc,phases      ] GC(3055)       Merged Coarse:            Min: 0, Avg:  0.0, Max: 0, Diff: 0, Sum: 0, Workers: 8
[444.548s][debug][gc,phases      ] GC(3055)       Dirty Cards:              Min: 0, Avg:  0.0, Max: 0, Diff: 0, Sum: 0, Workers: 8
[444.548s][debug][gc,phases      ] GC(3055)     Hot Card Cache (ms):      Min:  0.0, Avg:  0.0, Max:  0.0, Diff:  0.0, Sum:  0.0, Workers: 8
[444.548s][debug][gc,phases      ] GC(3055)       Dirty Cards:              Min: 0, Avg:  0.0, Max: 0, Diff: 0, Sum: 0, Workers: 8
[444.548s][debug][gc,phases      ] GC(3055)       Skipped Cards:            Min: 0, Avg:  0.0, Max: 0, Diff: 0, Sum: 0, Workers: 8
[444.548s][debug][gc,phases      ] GC(3055)     Log Buffers (ms):         Min:  0.0, Avg:  0.0, Max:  0.0, Diff:  0.0, Sum:  0.0, Workers: 8
[444.548s][debug][gc,phases      ] GC(3055)       Dirty Cards:              Min: 0, Avg:  0.1, Max: 1, Diff: 1, Sum: 1, Workers: 8
[444.548s][debug][gc,phases      ] GC(3055)       Skipped Cards:            Min: 0, Avg:  0.0, Max: 0, Diff: 0, Sum: 0, Workers: 8
[444.548s][info ][gc,phases      ] GC(3055)   Evacuate Collection Set: 0.2ms
[444.548s][debug][gc,phases      ] GC(3055)     Ext Root Scanning (ms):   Min:  0.0, Avg:  0.0, Max:  0.1, Diff:  0.0, Sum:  0.2, Workers: 8
[444.548s][debug][gc,phases      ] GC(3055)     Scan Heap Roots (ms):     Min:  0.0, Avg:  0.0, Max:  0.0, Diff:  0.0, Sum:  0.0, Workers: 8
[444.548s][debug][gc,phases      ] GC(3055)       Scanned Cards:            Min: 0, Avg:  0.1, Max: 1, Diff: 1, Sum: 1, Workers: 8
[444.548s][debug][gc,phases      ] GC(3055)       Scanned Blocks:           Min: 0, Avg:  0.1, Max: 1, Diff: 1, Sum: 1, Workers: 8
[444.548s][debug][gc,phases      ] GC(3055)       Claimed Chunks:           Min: 0, Avg:  0.1, Max: 1, Diff: 1, Sum: 1, Workers: 8
[444.548s][debug][gc,phases      ] GC(3055)     Code Root Scan (ms):      Min:  0.0, Avg:  0.0, Max:  0.0, Diff:  0.0, Sum:  0.0, Workers: 8
[444.548s][debug][gc,phases      ] GC(3055)     Object Copy (ms):         Min:  0.0, Avg:  0.0, Max:  0.0, Diff:  0.0, Sum:  0.0, Workers: 8
[444.548s][debug][gc,phases      ] GC(3055)     Termination (ms):         Min:  0.1, Avg:  0.1, Max:  0.1, Diff:  0.0, Sum:  0.5, Workers: 8
[444.548s][debug][gc,phases      ] GC(3055)       Termination Attempts:     Min: 1, Avg:  1.0, Max: 1, Diff: 0, Sum: 8, Workers: 8
[444.548s][debug][gc,phases      ] GC(3055)     GC Worker Other (ms):     Min:  0.0, Avg:  0.0, Max:  0.0, Diff:  0.0, Sum:  0.2, Workers: 8
[444.548s][debug][gc,phases      ] GC(3055)     GC Worker Total (ms):     Min:  0.1, Avg:  0.1, Max:  0.2, Diff:  0.0, Sum:  1.0, Workers: 8
[444.548s][info ][gc,phases      ] GC(3055)   Post Evacuate Collection Set: 0.5ms
[444.548s][debug][gc,phases      ] GC(3055)     Code Roots Fixup: 0.0ms
[444.548s][debug][gc,phases      ] GC(3055)     Clear Card Table: 0.1ms
[444.548s][debug][gc,phases      ] GC(3055)     Reference Processing: 0.1ms
[444.548s][debug][gc,phases,ref  ] GC(3055)       Reconsider SoftReferences: 0.0ms
[444.548s][debug][gc,phases,ref  ] GC(3055)         SoftRef (ms):             skipped
[444.548s][debug][gc,phases,ref  ] GC(3055)       Notify Soft/WeakReferences: 0.0ms
[444.548s][debug][gc,phases,ref  ] GC(3055)         SoftRef (ms):             skipped
[444.548s][debug][gc,phases,ref  ] GC(3055)         WeakRef (ms):             skipped
[444.548s][debug][gc,phases,ref  ] GC(3055)         FinalRef (ms):            skipped
[444.548s][debug][gc,phases,ref  ] GC(3055)         Total (ms):               skipped
[444.548s][debug][gc,phases,ref  ] GC(3055)       Notify and keep alive finalizable: 0.0ms
[444.548s][debug][gc,phases,ref  ] GC(3055)         FinalRef (ms):            skipped
[444.548s][debug][gc,phases,ref  ] GC(3055)       Notify PhantomReferences: 0.0ms
[444.548s][debug][gc,phases,ref  ] GC(3055)         PhantomRef (ms):          skipped
[444.548s][debug][gc,phases,ref  ] GC(3055)       SoftReference:
[444.548s][debug][gc,phases,ref  ] GC(3055)         Discovered: 0
[444.548s][debug][gc,phases,ref  ] GC(3055)         Cleared: 0
[444.548s][debug][gc,phases,ref  ] GC(3055)       WeakReference:
[444.548s][debug][gc,phases,ref  ] GC(3055)         Discovered: 0
[444.548s][debug][gc,phases,ref  ] GC(3055)         Cleared: 0
[444.548s][debug][gc,phases,ref  ] GC(3055)       FinalReference:
[444.548s][debug][gc,phases,ref  ] GC(3055)         Discovered: 0
[444.548s][debug][gc,phases,ref  ] GC(3055)         Cleared: 0
[444.548s][debug][gc,phases,ref  ] GC(3055)       PhantomReference:
[444.548s][debug][gc,phases,ref  ] GC(3055)         Discovered: 0
[444.548s][debug][gc,phases,ref  ] GC(3055)         Cleared: 0
[444.548s][debug][gc,phases      ] GC(3055)     Weak Processing: 0.1ms
[444.548s][debug][gc,phases      ] GC(3055)       JVMTI weak processing: 0.0ms
[444.548s][debug][gc,phases      ] GC(3055)         Dead: 0
[444.548s][debug][gc,phases      ] GC(3055)         Total: 0
[444.548s][debug][gc,phases      ] GC(3055)       JFR weak processing: 0.0ms
[444.548s][debug][gc,phases      ] GC(3055)         Dead: 0
[444.548s][debug][gc,phases      ] GC(3055)         Total: 0
[444.548s][debug][gc,phases      ] GC(3055)       JNI weak                  Min:  0.0, Avg:  0.0, Max:  0.0, Diff:  0.0, Sum:  0.0, Workers: 5
[444.548s][debug][gc,phases      ] GC(3055)         Dead                      Min: 0, Avg:  0.0, Max: 0, Diff: 0, Sum: 0, Workers: 5
[444.548s][debug][gc,phases      ] GC(3055)         Total                     Min: 0, Avg: 13.6, Max: 52, Diff: 52, Sum: 68, Workers: 5
[444.548s][debug][gc,phases      ] GC(3055)       VM weak                   Min:  0.0, Avg:  0.0, Max:  0.0, Diff:  0.0, Sum:  0.0, Workers: 5
[444.548s][debug][gc,phases      ] GC(3055)         Dead                      Min: 0, Avg:  0.0, Max: 0, Diff: 0, Sum: 0, Workers: 5
[444.548s][debug][gc,phases      ] GC(3055)         Total                     Min: 0, Avg: 42.6, Max: 128, Diff: 128, Sum: 213, Workers: 5
[444.548s][debug][gc,phases      ] GC(3055)       StringTable weak          Min:  0.0, Avg:  0.0, Max:  0.0, Diff:  0.0, Sum:  0.1, Workers: 5
[444.548s][debug][gc,phases      ] GC(3055)         Dead                      Min: 0, Avg:  0.0, Max: 0, Diff: 0, Sum: 0, Workers: 5
[444.548s][debug][gc,phases      ] GC(3055)         Total                     Min: 0, Avg: 682.0, Max: 1535, Diff: 1535, Sum: 3410, Workers: 5
[444.548s][debug][gc,phases      ] GC(3055)       ResolvedMethodTable weak  Min:  0.0, Avg:  0.0, Max:  0.0, Diff:  0.0, Sum:  0.0, Workers: 5
[444.548s][debug][gc,phases      ] GC(3055)         Dead                      Min: 0, Avg:  0.0, Max: 0, Diff: 0, Sum: 0, Workers: 5
[444.548s][debug][gc,phases      ] GC(3055)         Total                     Min: 0, Avg: 114.8, Max: 190, Diff: 190, Sum: 574, Workers: 5
[444.548s][debug][gc,phases      ] GC(3055)     Merge Per-Thread State: 0.0ms
[444.548s][debug][gc,phases      ] GC(3055)       Copied Bytes              Min: 0, Avg: 51.0, Max: 96, Diff: 96, Sum: 408, Workers: 8
[444.548s][debug][gc,phases      ] GC(3055)       LAB Waste                 Min: 0, Avg:  0.0, Max: 0, Diff: 0, Sum: 0, Workers: 8
[444.548s][debug][gc,phases      ] GC(3055)       LAB Undo Waste            Min: 0, Avg:  0.0, Max: 0, Diff: 0, Sum: 0, Workers: 8
[444.548s][debug][gc,phases      ] GC(3055)     Code Roots Purge: 0.0ms
[444.548s][debug][gc,phases      ] GC(3055)     Redirty Cards: 0.0ms
[444.548s][debug][gc,phases      ] GC(3055)     DerivedPointerTable Update: 0.0ms
[444.548s][debug][gc,phases      ] GC(3055)     Free Collection Set: 0.1ms
[444.548s][debug][gc,phases      ] GC(3055)     Rebuild Free List: 0.1ms
[444.548s][debug][gc,phases      ] GC(3055)     Humongous Reclaim: 0.0ms
[444.548s][debug][gc,phases      ] GC(3055)     Start New Collection Set: 0.0ms
[444.548s][debug][gc,phases      ] GC(3055)     Resize TLABs: 0.0ms
[444.549s][debug][gc,phases      ] GC(3055)     Expand Heap After Collection: 0.0ms
[444.549s][info ][gc,phases      ] GC(3055)   Other: 0.4ms
[444.549s][info ][gc,heap        ] GC(3055) Eden regions: 180->0(180)
[444.549s][info ][gc,heap        ] GC(3055) Survivor regions: 1->1(23)
[444.549s][info ][gc,heap        ] GC(3055) Old regions: 7->7
[444.549s][info ][gc,heap        ] GC(3055) Archive regions: 2->2
[444.549s][info ][gc,heap        ] GC(3055) Humongous regions: 0->0
[444.549s][info ][gc,metaspace   ] GC(3055) Metaspace: 9905K(10624K)->9905K(10624K) NonClass: 8758K(9216K)->8758K(9216K) Class: 1146K(1408K)->1146K(1408K)
[444.549s][debug][gc,heap        ] GC(3055) Heap after GC invocations=3056 (full 1): garbage-first heap   total 309248K, used 4071K [0x0000000700000000, 0x0000000800000000)
[444.549s][debug][gc,heap        ] GC(3055)   region size 1024K, 1 young (1024K), 1 survivors (1024K)
[444.549s][debug][gc,heap        ] GC(3055)  Metaspace       used 9905K, capacity 10179K, committed 10624K, reserved 1058816K
[444.549s][debug][gc,heap        ] GC(3055)   class space    used 1146K, capacity 1267K, committed 1408K, reserved 1048576K
[444.549s][info ][gc             ] GC(3055) Pause Young (Normal) (G1 Evacuation Pause) 183M->3M(302M) 2.412ms
[444.549s][info ][gc,cpu         ] GC(3055) User=0.00s Sys=0.01s Real=0.00s
[444.549s][info ][safepoint      ] Safepoint "G1CollectForAllocation", Time since last: 133897308 ns, Reaching safepoint: 95084 ns, At safepoint: 2629532 ns, Total: 2724616 ns
[444.698s][debug][gc,heap        ] GC(3056) Heap before GC invocations=3056 (full 1): garbage-first heap   total 309248K, used 188391K [0x0000000700000000, 0x0000000800000000)
[444.698s][debug][gc,heap        ] GC(3056)   region size 1024K, 181 young (185344K), 1 survivors (1024K)
