[0.011s][info][gc,heap] Heap region size: 1M
[0.011s][debug][gc,heap] Minimum heap 8388608  Initial heap 268435456  Maximum heap 4294967296
[0.011s][info ][gc,heap,coops] Heap address: 0x0000000700000000, size: 4096 MB, Compressed Oops mode: Zero based, Oop shift amount: 3
[0.011s][debug][gc           ] ConcGCThreads: 2 offset 16
[0.011s][debug][gc           ] ParallelGCThreads: 8
[0.011s][debug][gc           ] Initialize mark stack with 4096 chunks, maximum 16384
[0.012s][debug][gc,ergo,heap ] Expand the heap. requested expansion amount: 268435456B expansion amount: 268435456B
[0.015s][debug][gc,ihop      ] Target occupancy update: old: 0B, new: 268435456B
[0.015s][debug][gc,ergo,refine] Initial Refinement Zones: green: 2048, yellow: 6144, red: 10240, min yellow size: 4096
[0.016s][info ][gc            ] Using G1
[0.017s][debug][gc,ergo,heap  ] Attempt heap expansion (allocate archive regions). Total size: 1048576B
[0.017s][info ][gc,cds        ] Mark closed archive regions in map: [0x00000007bff00000, 0x00000007bff7aff8]
[0.017s][debug][gc,ergo,heap  ] Attempt heap expansion (allocate archive regions). Total size: 1048576B
[0.017s][info ][gc,cds        ] Mark open archive regions in map: [0x00000007bfe00000, 0x00000007bfe50ff8]
[0.038s][info ][gc            ] Periodic GC disabled
[1.737s][info ][safepoint     ] Safepoint "Cleanup", Time since last: 1711514055 ns, Reaching safepoint: 86913 ns, At safepoint: 2251 ns, Total: 89164 ns
[2.082s][info ][safepoint     ] Safepoint "BulkRevokeBias", Time since last: 344372701 ns, Reaching safepoint: 59147 ns, At safepoint: 84032 ns, Total: 143179 ns
[2.084s][info ][safepoint     ] Safepoint "BulkRevokeBias", Time since last: 1462633 ns, Reaching safepoint: 48115 ns, At safepoint: 96414 ns, Total: 144529 ns
[2.084s][info ][safepoint     ] Safepoint "BulkRevokeBias", Time since last: 486949 ns, Reaching safepoint: 27381 ns, At safepoint: 65040 ns, Total: 92421 ns
[3.315s][info ][safepoint     ] Safepoint "Cleanup", Time since last: 1230406474 ns, Reaching safepoint: 57963 ns, At safepoint: 27768 ns, Total: 85731 ns
[3.516s][info ][safepoint     ] Safepoint "BulkRevokeBias", Time since last: 201102074 ns, Reaching safepoint: 38555 ns, At safepoint: 114115 ns, Total: 152670 ns
[4.915s][info ][safepoint     ] Safepoint "Cleanup", Time since last: 1398866130 ns, Reaching safepoint: 78259 ns, At safepoint: 1883 ns, Total: 80142 ns
[6.196s][info ][safepoint     ] Safepoint "Cleanup", Time since last: 1281143218 ns, Reaching safepoint: 140823 ns, At safepoint: 3933 ns, Total: 144756 ns
[7.220s][info ][safepoint     ] Safepoint "Cleanup", Time since last: 1023820435 ns, Reaching safepoint: 94246 ns, At safepoint: 3818 ns, Total: 98064 ns
[8.222s][info ][safepoint     ] Safepoint "Cleanup", Time since last: 1002053182 ns, Reaching safepoint: 101587 ns, At safepoint: 4221 ns, Total: 105808 ns
[9.227s][info ][safepoint     ] Safepoint "Cleanup", Time since last: 1004739456 ns, Reaching safepoint: 165979 ns, At safepoint: 3052 ns, Total: 169031 ns
[13.236s][info ][safepoint     ] Safepoint "Cleanup", Time since last: 4008808840 ns, Reaching safepoint: 100133 ns, At safepoint: 4106 ns, Total: 104239 ns
[15.022s][debug][gc,task       ] GC(0) Requesting 6 active workers for full compaction (waste limited workers: 8, adaptive workers: 6)
[15.022s][info ][gc,task       ] GC(0) Using 6 workers of 8 for full compaction
[15.023s][info ][gc,start      ] GC(0) Pause Full (System.gc())
[15.023s][debug][gc,heap       ] GC(0) Heap before GC invocations=0 (full 0): garbage-first heap   total 264192K, used 11056K [0x0000000700000000, 0x0000000800000000)
[15.023s][debug][gc,heap       ] GC(0)   region size 1024K, 11 young (11264K), 0 survivors (0K)
[15.023s][debug][gc,heap       ] GC(0)  Metaspace       used 10459K, capacity 10786K, committed 11136K, reserved 1058816K
[15.023s][debug][gc,heap       ] GC(0)   class space    used 1204K, capacity 1344K, committed 1408K, reserved 1048576K
[15.023s][debug][gc,tlab       ] GC(0) TLAB totals: thrds: 7  refills: 25 max: 16 slow allocs: 3 max 3 waste: 29.6% gc: 2161048B max: 480544B slow: 10720B max: 8920B fast: 0B max: 0B
[15.023s][debug][gc,alloc,region] GC(0) Mutator Allocation stats, regions: 11, wasted size: 0B ( 0.0%)
[15.023s][info ][gc,phases,start] GC(0) Phase 1: Mark live objects
[15.026s][debug][gc,phases,start] GC(0) Phase 1: Reference Processing
[15.026s][debug][gc,ref         ] GC(0) Skipped phase1 of Reference Processing due to unavailable references
[15.026s][debug][gc,phases,ref  ] GC(0) Reference Processing: 0.2ms
[15.026s][debug][gc,phases,ref  ] GC(0)   Reconsider SoftReferences: 0.0ms
[15.026s][debug][gc,phases,ref  ] GC(0)     SoftRef (ms):             skipped
[15.026s][debug][gc,phases,ref  ] GC(0)   Notify Soft/WeakReferences: 0.1ms
[15.026s][debug][gc,phases,ref  ] GC(0)     Balance queues: 0.0ms
[15.026s][debug][gc,phases,ref  ] GC(0)     SoftRef (ms):             Min:  0.0, Avg:  0.0, Max:  0.0, Diff:  0.0, Sum:  0.0, Workers: 2
[15.026s][debug][gc,phases,ref  ] GC(0)     WeakRef (ms):             Min:  0.0, Avg:  0.0, Max:  0.0, Diff:  0.0, Sum:  0.0, Workers: 2
[15.026s][debug][gc,phases,ref  ] GC(0)     FinalRef (ms):            Min:  0.0, Avg:  0.0, Max:  0.0, Diff:  0.0, Sum:  0.0, Workers: 2
[15.026s][debug][gc,phases,ref  ] GC(0)     Total (ms):               Min:  0.0, Avg:  0.0, Max:  0.0, Diff:  0.0, Sum:  0.1, Workers: 2
[15.026s][debug][gc,phases,ref  ] GC(0)   Notify and keep alive finalizable: 0.0ms
[15.026s][debug][gc,phases,ref  ] GC(0)     Balance queues: 0.0ms
[15.026s][debug][gc,phases,ref  ] GC(0)     FinalRef (ms):            Min:  0.0, Avg:  0.0, Max:  0.0, Diff:  0.0, Sum:  0.1, Workers: 6
[15.026s][debug][gc,phases,ref  ] GC(0)   Notify PhantomReferences: 0.0ms
[15.026s][debug][gc,phases,ref  ] GC(0)     PhantomRef (ms):          Min:  0.0, Avg:  0.0, Max:  0.0, Diff:  0.0, Sum:  0.0, Workers: 1
[15.026s][debug][gc,phases,ref  ] GC(0)   SoftReference:
[15.026s][debug][gc,phases,ref  ] GC(0)     Discovered: 0
[15.026s][debug][gc,phases,ref  ] GC(0)     Cleared: 0
[15.026s][debug][gc,phases,ref  ] GC(0)   WeakReference:
[15.026s][debug][gc,phases,ref  ] GC(0)     Discovered: 536
[15.026s][debug][gc,phases,ref  ] GC(0)     Cleared: 380
[15.026s][debug][gc,phases,ref  ] GC(0)   FinalReference:
[15.026s][debug][gc,phases,ref  ] GC(0)     Discovered: 866
[15.026s][debug][gc,phases,ref  ] GC(0)     Cleared: 790
[15.026s][debug][gc,phases,ref  ] GC(0)   PhantomReference:
[15.026s][debug][gc,phases,ref  ] GC(0)     Discovered: 228
[15.026s][debug][gc,phases,ref  ] GC(0)     Cleared: 3
[15.026s][debug][gc,phases      ] GC(0) Phase 1: Reference Processing 0.442ms
[15.026s][debug][gc,phases,start] GC(0) Phase 1: Weak Processing
[15.026s][debug][gc,phases      ] GC(0)   JVMTI weak processing: 0.0ms
[15.026s][debug][gc,phases      ] GC(0)     Dead: 0
[15.026s][debug][gc,phases      ] GC(0)     Total: 0
[15.026s][debug][gc,phases      ] GC(0)   JFR weak processing: 0.0ms
[15.026s][debug][gc,phases      ] GC(0)     Dead: 0
[15.026s][debug][gc,phases      ] GC(0)     Total: 0
[15.026s][debug][gc,phases      ] GC(0)   JNI weak                  Min:  0.0, Avg:  0.0, Max:  0.0, Diff:  0.0, Sum:  0.0, Workers: 5
[15.026s][debug][gc,phases      ] GC(0)     Dead                      Min: 0, Avg:  0.6, Max: 3, Diff: 3, Sum: 3, Workers: 5
[15.026s][debug][gc,phases      ] GC(0)     Total                     Min: 0, Avg: 12.8, Max: 64, Diff: 64, Sum: 64, Workers: 5
[15.026s][debug][gc,phases      ] GC(0)   VM weak                   Min:  0.0, Avg:  0.0, Max:  0.0, Diff:  0.0, Sum:  0.0, Workers: 5
[15.026s][debug][gc,phases      ] GC(0)     Dead                      Min: 0, Avg:  0.0, Max: 0, Diff: 0, Sum: 0, Workers: 5
[15.026s][debug][gc,phases      ] GC(0)     Total                     Min: 0, Avg: 45.0, Max: 225, Diff: 225, Sum: 225, Workers: 5
[15.026s][debug][gc,phases      ] GC(0)   StringTable weak          Min:  0.0, Avg:  0.0, Max:  0.0, Diff:  0.0, Sum:  0.0, Workers: 5
[15.027s][debug][gc,phases      ] GC(0)     Dead                      Min: 0, Avg:  1.2, Max: 6, Diff: 6, Sum: 6, Workers: 5
[15.027s][debug][gc,phases      ] GC(0)     Total                     Min: 0, Avg: 723.6, Max: 2560, Diff: 2560, Sum: 3618, Workers: 5
[15.027s][debug][gc,phases      ] GC(0)   ResolvedMethodTable weak  Min:  0.0, Avg:  0.0, Max:  0.0, Diff:  0.0, Sum:  0.0, Workers: 5
[15.027s][debug][gc,phases      ] GC(0)     Dead                      Min: 0, Avg:  0.8, Max: 2, Diff: 2, Sum: 4, Workers: 5
[15.027s][debug][gc,phases      ] GC(0)     Total                     Min: 0, Avg: 118.0, Max: 206, Diff: 206, Sum: 590, Workers: 5
[15.027s][debug][gc,phases      ] GC(0) Phase 1: Weak Processing 0.269ms
[15.027s][debug][gc,phases,start] GC(0) Phase 1: Class Unloading and Cleanup
[15.027s][debug][gc,phases,start] GC(0) ClassLoaderData
[15.027s][debug][gc,phases      ] GC(0) ClassLoaderData 0.019ms
[15.027s][debug][gc,phases,start] GC(0) Trigger cleanups
[15.027s][debug][gc,phases      ] GC(0) Trigger cleanups 0.007ms
[15.027s][debug][gc,phases      ] GC(0) Phase 1: Class Unloading and Cleanup 0.503ms
[15.027s][info ][gc,phases      ] GC(0) Phase 1: Mark live objects 4.354ms
[15.027s][info ][gc,phases,start] GC(0) Phase 2: Prepare for compaction
[15.028s][info ][gc,phases      ] GC(0) Phase 2: Prepare for compaction 0.534ms
[15.028s][info ][gc,phases,start] GC(0) Phase 3: Adjust pointers
[15.029s][info ][gc,phases      ] GC(0) Phase 3: Adjust pointers 1.621ms
[15.029s][info ][gc,phases,start] GC(0) Phase 4: Compact heap
[15.031s][info ][gc,phases      ] GC(0) Phase 4: Compact heap 1.567ms
[15.031s][debug][gc,ergo,heap   ] GC(0) Attempt heap shrinking (capacity higher than max desired capacity). Capacity: 270532608B occupancy: 8388608B live: 3945064B maximum_desired_capacity: 27962026B (70 %)
[15.033s][debug][gc,ergo,heap   ] GC(0) Shrink the heap. requested shrinking amount: 242570582B aligned shrinking amount: 242221056B attempted shrinking amount: 242221056B
[15.033s][debug][gc,ihop        ] GC(0) Target occupancy update: old: 268435456B, new: 28311552B
[15.034s][info ][gc,heap        ] GC(0) Eden regions: 11->0(8)
[15.034s][info ][gc,heap        ] GC(0) Survivor regions: 0->0(0)
[15.034s][info ][gc,heap        ] GC(0) Old regions: 0->6
[15.034s][info ][gc,heap        ] GC(0) Archive regions: 2->2
[15.034s][info ][gc,heap        ] GC(0) Humongous regions: 0->0
[15.034s][info ][gc,metaspace   ] GC(0) Metaspace: 10459K(11136K)->10459K(11136K) NonClass: 9254K(9728K)->9254K(9728K) Class: 1204K(1408K)->1204K(1408K)
[15.034s][debug][gc,heap        ] GC(0) Heap after GC invocations=1 (full 1): garbage-first heap   total 27648K, used 3852K [0x0000000700000000, 0x0000000800000000)
[15.034s][debug][gc,heap        ] GC(0)   region size 1024K, 0 young (0K), 0 survivors (0K)
[15.034s][debug][gc,heap        ] GC(0)  Metaspace       used 10459K, capacity 10786K, committed 11136K, reserved 1058816K
[15.034s][debug][gc,heap        ] GC(0)   class space    used 1204K, capacity 1344K, committed 1408K, reserved 1048576K
[15.034s][info ][gc             ] GC(0) Pause Full (System.gc()) 11M->3M(27M) 11.392ms
[15.034s][info ][gc,cpu         ] GC(0) User=0.02s Sys=0.01s Real=0.02s
[15.034s][info ][safepoint      ] Safepoint "G1CollectFull", Time since last: 1785905246 ns, Reaching safepoint: 94074 ns, At safepoint: 12122479 ns, Total: 12216553 ns
[15.067s][debug][gc,heap        ] GC(1) Heap before GC invocations=1 (full 1): garbage-first heap   total 27648K, used 12044K [0x0000000700000000, 0x0000000800000000)
[15.067s][debug][gc,heap        ] GC(1)   region size 1024K, 8 young (8192K), 0 survivors (0K)
[15.067s][debug][gc,heap        ] GC(1)  Metaspace       used 10540K, capacity 10850K, committed 11136K, reserved 1058816K
[15.067s][debug][gc,heap        ] GC(1)   class space    used 1212K, capacity 1344K, committed 1408K, reserved 1048576K
[15.067s][info ][gc,start       ] GC(1) Pause Young (Normal) (G1 Evacuation Pause)
[15.067s][info ][gc,task        ] GC(1) Using 8 workers of 8 for evacuation
[15.067s][debug][gc,tlab        ] GC(1) TLAB totals: thrds: 12  refills: 183 max: 26 slow allocs: 1 max 1 waste:  9.5% gc: 655168B max: 167704B slow: 102272B max: 14616B fast: 0B max: 0B
[15.067s][debug][gc,age         ] GC(1) Desired survivor size 524288 bytes, new threshold 15 (max threshold 15)
[15.067s][debug][gc,alloc,region] GC(1) Mutator Allocation stats, regions: 8, wasted size: 0B ( 0.0%)
[15.067s][debug][gc,ergo        ] GC(1) Running G1 Merge Heap Roots using 8 workers for 8 regions
[15.068s][debug][gc,remset      ] GC(1) Visited cards 6656 Total dirty 12288 (54.17%) Total old 49152 (13.54%)
[15.068s][debug][gc,ergo        ] GC(1) Running G1 Clear Card Table Task using 1 workers for 1 units of work for 14 regions.
[15.068s][debug][gc,ref         ] GC(1) Skipped phase1 of Reference Processing due to unavailable references
[15.068s][debug][gc,ref         ] GC(1) Skipped phase3 of Reference Processing due to unavailable references
[15.068s][debug][gc,ergo        ] GC(1) Running G1 Free Collection Set using 8 workers for collection set length 8 (27)
[15.069s][debug][gc,ergo        ] GC(1) Running G1 Rebuild Free List Task using 8 workers for rebuilding free list of 0 (4096) regions
[15.069s][trace][gc,age         ] GC(1) Age table with threshold 15 (max threshold 15)
[15.069s][trace][gc,age         ] GC(1) - age   1:     515392 bytes,     515392 total
[15.069s][debug][gc,plab        ] GC(1) Young PLAB allocation: allocated: 36864B, wasted: 104B, unused: 14152B, used: 22608B, undo waste: 0B, 
[15.069s][debug][gc,plab        ] GC(1) Young other allocation: region end waste: 0B, regions filled: 1, direct allocated: 492784B, failure used: 0B, failure wasted: 0B
[15.069s][debug][gc,plab        ] GC(1) Young sizing: calculated: 4520B, actual: 4520B
[15.069s][debug][gc,plab        ] GC(1) Old PLAB allocation: allocated: 0B, wasted: 0B, unused: 0B, used: 0B, undo waste: 0B, 
[15.069s][debug][gc,plab        ] GC(1) Old other allocation: region end waste: 0B, regions filled: 0, direct allocated: 0B, failure used: 0B, failure wasted: 0B
[15.069s][debug][gc,plab        ] GC(1) Old sizing: calculated: 0B, actual: 2064B
[15.069s][debug][gc,ihop        ] GC(1) Basic information (value update), threshold: 12740198B (45.00), target occupancy: 28311552B, current occupancy: 4474712B, recent allocation size: 0B, recent allocation duration: 33.48ms, recent old gen allocation rate: 0.00B/s, recent marking phase length: 0.00ms
[15.069s][debug][gc,ihop        ] GC(1) Adaptive IHOP information (value update), threshold: 12740198B (47.37), internal target occupancy: 26895974B, occupancy: 4474712B, additional buffer size: 9437184B, predicted old gen allocation rate: 0.00B/s, predicted marking phase length: 0.00ms, prediction active: false
[15.069s][debug][gc,ergo,refine ] GC(1) Concurrent refinement times: Logged Cards Scan time goal: 20.00ms Logged Cards Scan time: 0.08ms HCC time: 0.00ms
[15.069s][debug][gc,ergo,refine ] GC(1) Updated Refinement Zones: green: 2048, yellow: 6144, red: 10240
[15.069s][info ][gc,phases      ] GC(1)   Pre Evacuate Collection Set: 0.1ms
[15.069s][debug][gc,phases      ] GC(1)     Prepare TLABs: 0.0ms
[15.069s][debug][gc,phases      ] GC(1)     Choose Collection Set: 0.0ms
[15.069s][debug][gc,phases      ] GC(1)     Region Register: 0.0ms
[15.069s][debug][gc,phases      ] GC(1)     Prepare Heap Roots: 0.0ms
[15.069s][info ][gc,phases      ] GC(1)   Merge Heap Roots: 0.1ms
[15.069s][debug][gc,phases      ] GC(1)     Prepare Merge Heap Roots: 0.0ms
[15.069s][debug][gc,phases      ] GC(1)     Eager Reclaim (ms):       skipped
[15.069s][debug][gc,phases      ] GC(1)     Remembered Sets (ms):     Min:  0.0, Avg:  0.0, Max:  0.0, Diff:  0.0, Sum:  0.0, Workers: 8
[15.069s][debug][gc,phases      ] GC(1)       Merged Sparse:            Min: 0, Avg:  0.0, Max: 0, Diff: 0, Sum: 0, Workers: 8
[15.069s][debug][gc,phases      ] GC(1)       Merged Fine:              Min: 0, Avg:  0.0, Max: 0, Diff: 0, Sum: 0, Workers: 8
[15.069s][debug][gc,phases      ] GC(1)       Merged Coarse:            Min: 0, Avg:  0.0, Max: 0, Diff: 0, Sum: 0, Workers: 8
[15.069s][debug][gc,phases      ] GC(1)       Dirty Cards:              Min: 0, Avg:  0.0, Max: 0, Diff: 0, Sum: 0, Workers: 8
[15.069s][debug][gc,phases      ] GC(1)     Hot Card Cache (ms):      Min:  0.0, Avg:  0.0, Max:  0.0, Diff:  0.0, Sum:  0.0, Workers: 8
[15.069s][debug][gc,phases      ] GC(1)       Dirty Cards:              Min: 0, Avg:  0.0, Max: 0, Diff: 0, Sum: 0, Workers: 8
[15.069s][debug][gc,phases      ] GC(1)       Skipped Cards:            Min: 0, Avg:  0.0, Max: 0, Diff: 0, Sum: 0, Workers: 8
[15.069s][debug][gc,phases      ] GC(1)     Log Buffers (ms):         Min:  0.0, Avg:  0.0, Max:  0.0, Diff:  0.0, Sum:  0.0, Workers: 8
[15.069s][debug][gc,phases      ] GC(1)       Dirty Cards:              Min: 0, Avg: 60.8, Max: 256, Diff: 256, Sum: 486, Workers: 8
[15.069s][debug][gc,phases      ] GC(1)       Skipped Cards:            Min: 0, Avg:  0.0, Max: 0, Diff: 0, Sum: 0, Workers: 8
[15.069s][info ][gc,phases      ] GC(1)   Evacuate Collection Set: 0.7ms
[15.069s][debug][gc,phases      ] GC(1)     Ext Root Scanning (ms):   Min:  0.0, Avg:  0.1, Max:  0.2, Diff:  0.2, Sum:  0.7, Workers: 8
[15.069s][debug][gc,phases      ] GC(1)     Scan Heap Roots (ms):     Min:  0.0, Avg:  0.1, Max:  0.2, Diff:  0.2, Sum:  0.6, Workers: 8
[15.069s][debug][gc,phases      ] GC(1)       Scanned Cards:            Min: 0, Avg: 60.8, Max: 135, Diff: 135, Sum: 486, Workers: 8
[15.069s][debug][gc,phases      ] GC(1)       Scanned Blocks:           Min: 0, Avg: 39.8, Max: 92, Diff: 92, Sum: 318, Workers: 8
[15.069s][debug][gc,phases      ] GC(1)       Claimed Chunks:           Min: 0, Avg:  3.2, Max: 7, Diff: 7, Sum: 26, Workers: 8
[15.069s][debug][gc,phases      ] GC(1)     Code Root Scan (ms):      Min:  0.0, Avg:  0.0, Max:  0.0, Diff:  0.0, Sum:  0.0, Workers: 8
[15.069s][debug][gc,phases      ] GC(1)     Object Copy (ms):         Min:  0.0, Avg:  0.1, Max:  0.4, Diff:  0.4, Sum:  0.6, Workers: 8
[15.069s][debug][gc,phases      ] GC(1)     Termination (ms):         Min:  0.0, Avg:  0.3, Max:  0.5, Diff:  0.4, Sum:  2.4, Workers: 8
[15.069s][debug][gc,phases      ] GC(1)       Termination Attempts:     Min: 1, Avg:  1.0, Max: 1, Diff: 0, Sum: 8, Workers: 8
[15.069s][debug][gc,phases      ] GC(1)     GC Worker Other (ms):     Min:  0.0, Avg:  0.1, Max:  0.3, Diff:  0.3, Sum:  0.6, Workers: 8
[15.069s][debug][gc,phases      ] GC(1)     GC Worker Total (ms):     Min:  0.6, Avg:  0.6, Max:  0.7, Diff:  0.1, Sum:  5.0, Workers: 8
[15.069s][info ][gc,phases      ] GC(1)   Post Evacuate Collection Set: 0.3ms
[15.069s][debug][gc,phases      ] GC(1)     Code Roots Fixup: 0.0ms
[15.069s][debug][gc,phases      ] GC(1)     Clear Card Table: 0.0ms
[15.069s][debug][gc,phases      ] GC(1)     Reference Processing: 0.0ms
[15.069s][debug][gc,phases,ref  ] GC(1)       Reconsider SoftReferences: 0.0ms
[15.069s][debug][gc,phases,ref  ] GC(1)         SoftRef (ms):             skipped
[15.069s][debug][gc,phases,ref  ] GC(1)       Notify Soft/WeakReferences: 0.0ms
[15.069s][debug][gc,phases,ref  ] GC(1)         SoftRef (ms):             Min:  0.0, Avg:  0.0, Max:  0.0, Diff:  0.0, Sum:  0.0, Workers: 1
[15.069s][debug][gc,phases,ref  ] GC(1)         WeakRef (ms):             Min:  0.0, Avg:  0.0, Max:  0.0, Diff:  0.0, Sum:  0.0, Workers: 1
[15.069s][debug][gc,phases,ref  ] GC(1)         FinalRef (ms):            Min:  0.0, Avg:  0.0, Max:  0.0, Diff:  0.0, Sum:  0.0, Workers: 1
[15.069s][debug][gc,phases,ref  ] GC(1)         Total (ms):               Min:  0.0, Avg:  0.0, Max:  0.0, Diff:  0.0, Sum:  0.0, Workers: 1
[15.069s][debug][gc,phases,ref  ] GC(1)       Notify and keep alive finalizable: 0.0ms
[15.069s][debug][gc,phases,ref  ] GC(1)         FinalRef (ms):            skipped
[15.069s][debug][gc,phases,ref  ] GC(1)       Notify PhantomReferences: 0.0ms
[15.069s][debug][gc,phases,ref  ] GC(1)         PhantomRef (ms):          Min:  0.0, Avg:  0.0, Max:  0.0, Diff:  0.0, Sum:  0.0, Workers: 1
[15.069s][debug][gc,phases,ref  ] GC(1)       SoftReference:
[15.069s][debug][gc,phases,ref  ] GC(1)         Discovered: 0
[15.069s][debug][gc,phases,ref  ] GC(1)         Cleared: 0
[15.069s][debug][gc,phases,ref  ] GC(1)       WeakReference:
[15.069s][debug][gc,phases,ref  ] GC(1)         Discovered: 6
[15.069s][debug][gc,phases,ref  ] GC(1)         Cleared: 0
[15.069s][debug][gc,phases,ref  ] GC(1)       FinalReference:
[15.069s][debug][gc,phases,ref  ] GC(1)         Discovered: 0
[15.069s][debug][gc,phases,ref  ] GC(1)         Cleared: 0
[15.069s][debug][gc,phases,ref  ] GC(1)       PhantomReference:
[15.069s][debug][gc,phases,ref  ] GC(1)         Discovered: 2
[15.069s][debug][gc,phases,ref  ] GC(1)         Cleared: 0
[15.069s][debug][gc,phases      ] GC(1)     Weak Processing: 0.1ms
[15.069s][debug][gc,phases      ] GC(1)       JVMTI weak processing: 0.0ms
[15.069s][debug][gc,phases      ] GC(1)         Dead: 0
[15.069s][debug][gc,phases      ] GC(1)         Total: 0
[15.069s][debug][gc,phases      ] GC(1)       JFR weak processing: 0.0ms
[15.069s][debug][gc,phases      ] GC(1)         Dead: 0
[15.069s][debug][gc,phases      ] GC(1)         Total: 0
[15.069s][debug][gc,phases      ] GC(1)       JNI weak                  Min:  0.0, Avg:  0.0, Max:  0.0, Diff:  0.0, Sum:  0.0, Workers: 5
[15.069s][debug][gc,phases      ] GC(1)         Dead                      Min: 0, Avg:  0.0, Max: 0, Diff: 0, Sum: 0, Workers: 5
[15.069s][debug][gc,phases      ] GC(1)         Total                     Min: 0, Avg: 15.2, Max: 76, Diff: 76, Sum: 76, Workers: 5
[15.069s][debug][gc,phases      ] GC(1)       VM weak                   Min:  0.0, Avg:  0.0, Max:  0.0, Diff:  0.0, Sum:  0.0, Workers: 5
[15.069s][debug][gc,phases      ] GC(1)         Dead                      Min: 0, Avg:  0.0, Max: 0, Diff: 0, Sum: 0, Workers: 5
[15.069s][debug][gc,phases      ] GC(1)         Total                     Min: 0, Avg: 45.0, Max: 97, Diff: 97, Sum: 225, Workers: 5
[15.069s][debug][gc,phases      ] GC(1)       StringTable weak          Min:  0.0, Avg:  0.0, Max:  0.0, Diff:  0.0, Sum:  0.1, Workers: 5
[15.069s][debug][gc,phases      ] GC(1)         Dead                      Min: 0, Avg:  0.2, Max: 1, Diff: 1, Sum: 1, Workers: 5
[15.069s][debug][gc,phases      ] GC(1)         Total                     Min: 0, Avg: 729.0, Max: 1152, Diff: 1152, Sum: 3645, Workers: 5
[15.069s][debug][gc,phases      ] GC(1)       ResolvedMethodTable weak  Min:  0.0, Avg:  0.0, Max:  0.0, Diff:  0.0, Sum:  0.0, Workers: 5
[15.069s][debug][gc,phases      ] GC(1)         Dead                      Min: 0, Avg:  0.0, Max: 0, Diff: 0, Sum: 0, Workers: 5
[15.069s][debug][gc,phases      ] GC(1)         Total                     Min: 0, Avg: 118.0, Max: 192, Diff: 192, Sum: 590, Workers: 5
[15.069s][debug][gc,phases      ] GC(1)     Merge Per-Thread State: 0.0ms
[15.069s][debug][gc,phases      ] GC(1)       Copied Bytes              Min: 0, Avg: 64424.0, Max: 401312, Diff: 401312, Sum: 515392, Workers: 8
[15.069s][debug][gc,phases      ] GC(1)       LAB Waste                 Min: 0, Avg: 13.0, Max: 64, Diff: 64, Sum: 104, Workers: 8
[15.069s][debug][gc,phases      ] GC(1)       LAB Undo Waste            Min: 0, Avg:  0.0, Max: 0, Diff: 0, Sum: 0, Workers: 8
[15.069s][debug][gc,phases      ] GC(1)     Code Roots Purge: 0.0ms
[15.069s][debug][gc,phases      ] GC(1)     Redirty Cards: 0.0ms
[15.069s][debug][gc,phases      ] GC(1)     DerivedPointerTable Update: 0.0ms
[15.069s][debug][gc,phases      ] GC(1)     Free Collection Set: 0.0ms
[15.069s][debug][gc,phases      ] GC(1)     Rebuild Free List: 0.0ms
[15.069s][debug][gc,phases      ] GC(1)     Humongous Reclaim: 0.0ms
[15.069s][debug][gc,phases      ] GC(1)     Start New Collection Set: 0.0ms
[15.069s][debug][gc,phases      ] GC(1)     Resize TLABs: 0.0ms
[15.069s][debug][gc,phases      ] GC(1)     Expand Heap After Collection: 0.0ms
[15.069s][info ][gc,phases      ] GC(1)   Other: 0.4ms
[15.069s][info ][gc,heap        ] GC(1) Eden regions: 8->0(8)
[15.069s][info ][gc,heap        ] GC(1) Survivor regions: 0->1(1)
[15.069s][info ][gc,heap        ] GC(1) Old regions: 6->6
[15.069s][info ][gc,heap        ] GC(1) Archive regions: 2->2
[15.069s][info ][gc,heap        ] GC(1) Humongous regions: 0->0
[15.069s][info ][gc,metaspace   ] GC(1) Metaspace: 10540K(11136K)->10540K(11136K) NonClass: 9328K(9728K)->9328K(9728K) Class: 1212K(1408K)->1212K(1408K)
[15.069s][debug][gc,heap        ] GC(1) Heap after GC invocations=2 (full 1): garbage-first heap   total 27648K, used 4369K [0x0000000700000000, 0x0000000800000000)
[15.069s][debug][gc,heap        ] GC(1)   region size 1024K, 1 young (1024K), 1 survivors (1024K)
[15.069s][debug][gc,heap        ] GC(1)  Metaspace       used 10540K, capacity 10850K, committed 11136K, reserved 1058816K
[15.069s][debug][gc,heap        ] GC(1)   class space    used 1212K, capacity 1344K, committed 1408K, reserved 1048576K
[15.070s][info ][gc             ] GC(1) Pause Young (Normal) (G1 Evacuation Pause) 11M->4M(27M) 2.381ms
[15.070s][info ][gc,cpu         ] GC(1) User=0.01s Sys=0.01s Real=0.00s
[15.070s][info ][safepoint      ] Safepoint "G1CollectForAllocation", Time since last: 32666895 ns, Reaching safepoint: 237246 ns, At safepoint: 2546887 ns, Total: 2784133 ns
[15.088s][debug][gc,heap        ] GC(2) Heap before GC invocations=2 (full 1): garbage-first heap   total 27648K, used 12561K [0x0000000700000000, 0x0000000800000000)
[15.088s][debug][gc,heap        ] GC(2)   region size 1024K, 9 young (9216K), 1 survivors (1024K)
[15.088s][debug][gc,heap        ] GC(2)  Metaspace       used 10541K, capacity 10850K, committed 11136K, reserved 1058816K
[15.088s][debug][gc,heap        ] GC(2)   class space    used 1212K, capacity 1344K, committed 1408K, reserved 1048576K
[15.088s][info ][gc,start       ] GC(2) Pause Young (Normal) (G1 Evacuation Pause)
[15.088s][info ][gc,task        ] GC(2) Using 8 workers of 8 for evacuation
[15.088s][debug][gc,tlab        ] GC(2) TLAB totals: thrds: 11  refills: 284 max: 44 slow allocs: 0 max 0 waste:  7.0% gc: 428512B max: 167736B slow: 159712B max: 24952B fast: 0B max: 0B
[15.088s][debug][gc,age         ] GC(2) Desired survivor size 1048576 bytes, new threshold 15 (max threshold 15)
[15.088s][debug][gc,alloc,region] GC(2) Mutator Allocation stats, regions: 8, wasted size: 848B ( 0.0%)
[15.088s][debug][gc,ergo        ] GC(2) Running G1 Merge Heap Roots using 8 workers for 9 regions
[15.088s][debug][gc,remset      ] GC(2) Visited cards 4864 Total dirty 12288 (39.58%) Total old 53248 (9.13%)
[15.088s][debug][gc,ergo        ] GC(2) Running G1 Clear Card Table Task using 1 workers for 1 units of work for 15 regions.
[15.088s][debug][gc,ref         ] GC(2) Skipped phase1 of Reference Processing due to unavailable references
[15.088s][debug][gc,ref         ] GC(2) Skipped phase3 of Reference Processing due to unavailable references
[15.088s][debug][gc,ergo        ] GC(2) Running G1 Free Collection Set using 8 workers for collection set length 9 (27)
[15.089s][debug][gc,ergo        ] GC(2) Running G1 Rebuild Free List Task using 8 workers for rebuilding free list of 0 (4096) regions
[15.089s][trace][gc,age         ] GC(2) Age table with threshold 15 (max threshold 15)
[15.089s][trace][gc,age         ] GC(2) - age   1:       1864 bytes,       1864 total
[15.089s][trace][gc,age         ] GC(2) - age   2:     513824 bytes,     515688 total
[15.089s][debug][gc,plab        ] GC(2) Young PLAB allocation: allocated: 28896B, wasted: 208B, unused: 8360B, used: 20328B, undo waste: 0B, 
[15.089s][debug][gc,plab        ] GC(2) Young other allocation: region end waste: 0B, regions filled: 1, direct allocated: 495360B, failure used: 0B, failure wasted: 0B
[15.089s][debug][gc,plab        ] GC(2) Young sizing: calculated: 4064B, actual: 4176B
[15.089s][debug][gc,plab        ] GC(2) Old PLAB allocation: allocated: 0B, wasted: 0B, unused: 0B, used: 0B, undo waste: 0B, 
[15.089s][debug][gc,plab        ] GC(2) Old other allocation: region end waste: 0B, regions filled: 0, direct allocated: 0B, failure used: 0B, failure wasted: 0B
[15.089s][debug][gc,plab        ] GC(2) Old sizing: calculated: 0B, actual: 2064B
[15.089s][debug][gc,ihop        ] GC(2) Basic information (value update), threshold: 12740198B (45.00), target occupancy: 28311552B, current occupancy: 4469320B, recent allocation size: 0B, recent allocation duration: 19.12ms, recent old gen allocation rate: 0.00B/s, recent marking phase length: 0.00ms
[15.089s][debug][gc,ihop        ] GC(2) Adaptive IHOP information (value update), threshold: 12740198B (47.37), internal target occupancy: 26895974B, occupancy: 4469320B, additional buffer size: 10485760B, predicted old gen allocation rate: 0.00B/s, predicted marking phase length: 0.00ms, prediction active: false
[15.089s][debug][gc,ergo,refine ] GC(2) Concurrent refinement times: Logged Cards Scan time goal: 20.00ms Logged Cards Scan time: 0.02ms HCC time: 0.00ms
[15.089s][debug][gc,ergo,refine ] GC(2) Updated Refinement Zones: green: 2048, yellow: 6144, red: 10240
[15.089s][info ][gc,phases      ] GC(2)   Pre Evacuate Collection Set: 0.1ms
[15.089s][debug][gc,phases      ] GC(2)     Prepare TLABs: 0.0ms
[15.089s][debug][gc,phases      ] GC(2)     Choose Collection Set: 0.0ms
[15.089s][debug][gc,phases      ] GC(2)     Region Register: 0.1ms
[15.089s][debug][gc,phases      ] GC(2)     Prepare Heap Roots: 0.0ms
[15.089s][info ][gc,phases      ] GC(2)   Merge Heap Roots: 0.1ms
[15.089s][debug][gc,phases      ] GC(2)     Prepare Merge Heap Roots: 0.0ms
[15.089s][debug][gc,phases      ] GC(2)     Eager Reclaim (ms):       skipped
[15.089s][debug][gc,phases      ] GC(2)     Remembered Sets (ms):     Min:  0.0, Avg:  0.0, Max:  0.0, Diff:  0.0, Sum:  0.0, Workers: 8
[15.089s][debug][gc,phases      ] GC(2)       Merged Sparse:            Min: 0, Avg:  0.0, Max: 0, Diff: 0, Sum: 0, Workers: 8
[15.089s][debug][gc,phases      ] GC(2)       Merged Fine:              Min: 0, Avg:  0.0, Max: 0, Diff: 0, Sum: 0, Workers: 8
[15.089s][debug][gc,phases      ] GC(2)       Merged Coarse:            Min: 0, Avg:  0.0, Max: 0, Diff: 0, Sum: 0, Workers: 8
[15.089s][debug][gc,phases      ] GC(2)       Dirty Cards:              Min: 0, Avg:  0.0, Max: 0, Diff: 0, Sum: 0, Workers: 8
[15.089s][debug][gc,phases      ] GC(2)     Hot Card Cache (ms):      Min:  0.0, Avg:  0.0, Max:  0.0, Diff:  0.0, Sum:  0.0, Workers: 8
[15.089s][debug][gc,phases      ] GC(2)       Dirty Cards:              Min: 0, Avg:  0.0, Max: 0, Diff: 0, Sum: 0, Workers: 8
[15.089s][debug][gc,phases      ] GC(2)       Skipped Cards:            Min: 0, Avg:  0.0, Max: 0, Diff: 0, Sum: 0, Workers: 8
[15.089s][debug][gc,phases      ] GC(2)     Log Buffers (ms):         Min:  0.0, Avg:  0.0, Max:  0.0, Diff:  0.0, Sum:  0.0, Workers: 8
[15.089s][debug][gc,phases      ] GC(2)       Dirty Cards:              Min: 0, Avg:  9.4, Max: 22, Diff: 22, Sum: 75, Workers: 8
[15.089s][debug][gc,phases      ] GC(2)       Skipped Cards:            Min: 0, Avg:  0.0, Max: 0, Diff: 0, Sum: 0, Workers: 8
[15.089s][info ][gc,phases      ] GC(2)   Evacuate Collection Set: 0.4ms
[15.089s][debug][gc,phases      ] GC(2)     Ext Root Scanning (ms):   Min:  0.0, Avg:  0.1, Max:  0.1, Diff:  0.1, Sum:  0.6, Workers: 8
[15.089s][debug][gc,phases      ] GC(2)     Scan Heap Roots (ms):     Min:  0.0, Avg:  0.0, Max:  0.0, Diff:  0.0, Sum:  0.1, Workers: 8
[15.089s][debug][gc,phases      ] GC(2)       Scanned Cards:            Min: 0, Avg:  8.8, Max: 19, Diff: 19, Sum: 70, Workers: 8
[15.089s][debug][gc,phases      ] GC(2)       Scanned Blocks:           Min: 0, Avg:  7.0, Max: 15, Diff: 15, Sum: 56, Workers: 8
[15.089s][debug][gc,phases      ] GC(2)       Claimed Chunks:           Min: 0, Avg:  2.4, Max: 5, Diff: 5, Sum: 19, Workers: 8
[15.089s][debug][gc,phases      ] GC(2)     Code Root Scan (ms):      Min:  0.0, Avg:  0.0, Max:  0.0, Diff:  0.0, Sum:  0.0, Workers: 8
[15.089s][debug][gc,phases      ] GC(2)     Object Copy (ms):         Min:  0.0, Avg:  0.1, Max:  0.3, Diff:  0.3, Sum:  0.5, Workers: 8
[15.089s][debug][gc,phases      ] GC(2)     Termination (ms):         Min:  0.0, Avg:  0.2, Max:  0.2, Diff:  0.2, Sum:  1.6, Workers: 8
[15.089s][debug][gc,phases      ] GC(2)       Termination Attempts:     Min: 1, Avg:  1.0, Max: 1, Diff: 0, Sum: 8, Workers: 8
[15.089s][debug][gc,phases      ] GC(2)     GC Worker Other (ms):     Min:  0.0, Avg:  0.0, Max:  0.0, Diff:  0.0, Sum:  0.1, Workers: 8
[15.089s][debug][gc,phases      ] GC(2)     GC Worker Total (ms):     Min:  0.3, Avg:  0.4, Max:  0.4, Diff:  0.0, Sum:  2.9, Workers: 8
[15.089s][info ][gc,phases      ] GC(2)   Post Evacuate Collection Set: 0.2ms
[15.089s][debug][gc,phases      ] GC(2)     Code Roots Fixup: 0.0ms
[15.089s][debug][gc,phases      ] GC(2)     Clear Card Table: 0.0ms
[15.089s][debug][gc,phases      ] GC(2)     Reference Processing: 0.0ms
[15.089s][debug][gc,phases,ref  ] GC(2)       Reconsider SoftReferences: 0.0ms
[15.089s][debug][gc,phases,ref  ] GC(2)         SoftRef (ms):             skipped
[15.089s][debug][gc,phases,ref  ] GC(2)       Notify Soft/WeakReferences: 0.0ms
[15.089s][debug][gc,phases,ref  ] GC(2)         SoftRef (ms):             Min:  0.0, Avg:  0.0, Max:  0.0, Diff:  0.0, Sum:  0.0, Workers: 1
[15.089s][debug][gc,phases,ref  ] GC(2)         WeakRef (ms):             Min:  0.0, Avg:  0.0, Max:  0.0, Diff:  0.0, Sum:  0.0, Workers: 1
[15.089s][debug][gc,phases,ref  ] GC(2)         FinalRef (ms):            Min:  0.0, Avg:  0.0, Max:  0.0, Diff:  0.0, Sum:  0.0, Workers: 1
[15.089s][debug][gc,phases,ref  ] GC(2)         Total (ms):               Min:  0.0, Avg:  0.0, Max:  0.0, Diff:  0.0, Sum:  0.0, Workers: 1
[15.089s][debug][gc,phases,ref  ] GC(2)       Notify and keep alive finalizable: 0.0ms
[15.089s][debug][gc,phases,ref  ] GC(2)         FinalRef (ms):            skipped
[15.089s][debug][gc,phases,ref  ] GC(2)       Notify PhantomReferences: 0.0ms
[15.089s][debug][gc,phases,ref  ] GC(2)         PhantomRef (ms):          Min:  0.0, Avg:  0.0, Max:  0.0, Diff:  0.0, Sum:  0.0, Workers: 1
[15.089s][debug][gc,phases,ref  ] GC(2)       SoftReference:
[15.089s][debug][gc,phases,ref  ] GC(2)         Discovered: 0
[15.089s][debug][gc,phases,ref  ] GC(2)         Cleared: 0
[15.089s][debug][gc,phases,ref  ] GC(2)       WeakReference:
[15.089s][debug][gc,phases,ref  ] GC(2)         Discovered: 3
[15.089s][debug][gc,phases,ref  ] GC(2)         Cleared: 2
[15.089s][debug][gc,phases,ref  ] GC(2)       FinalReference:
[15.089s][debug][gc,phases,ref  ] GC(2)         Discovered: 0
[15.089s][debug][gc,phases,ref  ] GC(2)         Cleared: 0
[15.089s][debug][gc,phases,ref  ] GC(2)       PhantomReference:
[15.089s][debug][gc,phases,ref  ] GC(2)         Discovered: 2
[15.089s][debug][gc,phases,ref  ] GC(2)         Cleared: 2
[15.089s][debug][gc,phases      ] GC(2)     Weak Processing: 0.0ms
[15.089s][debug][gc,phases      ] GC(2)       JVMTI weak processing: 0.0ms
[15.089s][debug][gc,phases      ] GC(2)         Dead: 0
[15.089s][debug][gc,phases      ] GC(2)         Total: 0
[15.089s][debug][gc,phases      ] GC(2)       JFR weak processing: 0.0ms
[15.089s][debug][gc,phases      ] GC(2)         Dead: 0
[15.089s][debug][gc,phases      ] GC(2)         Total: 0
[15.089s][debug][gc,phases      ] GC(2)       JNI weak                  Min:  0.0, Avg:  0.0, Max:  0.0, Diff:  0.0, Sum:  0.0, Workers: 5
[15.089s][debug][gc,phases      ] GC(2)         Dead                      Min: 0, Avg:  0.0, Max: 0, Diff: 0, Sum: 0, Workers: 5
[15.089s][debug][gc,phases      ] GC(2)         Total                     Min: 0, Avg: 15.2, Max: 61, Diff: 61, Sum: 76, Workers: 5
[15.089s][debug][gc,phases      ] GC(2)       VM weak                   Min:  0.0, Avg:  0.0, Max:  0.0, Diff:  0.0, Sum:  0.0, Workers: 5
[15.089s][debug][gc,phases      ] GC(2)         Dead                      Min: 0, Avg:  0.0, Max: 0, Diff: 0, Sum: 0, Workers: 5
[15.089s][debug][gc,phases      ] GC(2)         Total                     Min: 0, Avg: 45.0, Max: 64, Diff: 64, Sum: 225, Workers: 5
[15.089s][debug][gc,phases      ] GC(2)       StringTable weak          Min:  0.0, Avg:  0.0, Max:  0.0, Diff:  0.0, Sum:  0.1, Workers: 5
[15.089s][debug][gc,phases      ] GC(2)         Dead                      Min: 0, Avg:  0.0, Max: 0, Diff: 0, Sum: 0, Workers: 5
[15.089s][debug][gc,phases      ] GC(2)         Total                     Min: 641, Avg: 729.8, Max: 832, Diff: 191, Sum: 3649, Workers: 5
[15.089s][debug][gc,phases      ] GC(2)       ResolvedMethodTable weak  Min:  0.0, Avg:  0.0, Max:  0.0, Diff:  0.0, Sum:  0.0, Workers: 5
[15.089s][debug][gc,phases      ] GC(2)         Dead                      Min: 0, Avg:  0.0, Max: 0, Diff: 0, Sum: 0, Workers: 5
[15.089s][debug][gc,phases      ] GC(2)         Total                     Min: 64, Avg: 118.0, Max: 192, Diff: 128, Sum: 590, Workers: 5
[15.089s][debug][gc,phases      ] GC(2)     Merge Per-Thread State: 0.0ms
[15.089s][debug][gc,phases      ] GC(2)       Copied Bytes              Min: 504, Avg: 64461.0, Max: 403184, Diff: 402680, Sum: 515688, Workers: 8
[15.089s][debug][gc,phases      ] GC(2)       LAB Waste                 Min: 0, Avg: 26.0, Max: 72, Diff: 72, Sum: 208, Workers: 8
[15.089s][debug][gc,phases      ] GC(2)       LAB Undo Waste            Min: 0, Avg:  0.0, Max: 0, Diff: 0, Sum: 0, Workers: 8
[15.089s][debug][gc,phases      ] GC(2)     Code Roots Purge: 0.0ms
[15.089s][debug][gc,phases      ] GC(2)     Redirty Cards: 0.0ms
[15.089s][debug][gc,phases      ] GC(2)     DerivedPointerTable Update: 0.0ms
[15.089s][debug][gc,phases      ] GC(2)     Free Collection Set: 0.0ms
[15.089s][debug][gc,phases      ] GC(2)     Rebuild Free List: 0.0ms
[15.089s][debug][gc,phases      ] GC(2)     Humongous Reclaim: 0.0ms
[15.089s][debug][gc,phases      ] GC(2)     Start New Collection Set: 0.0ms
[15.089s][debug][gc,phases      ] GC(2)     Resize TLABs: 0.0ms
[15.089s][debug][gc,phases      ] GC(2)     Expand Heap After Collection: 0.0ms
[15.089s][info ][gc,phases      ] GC(2)   Other: 0.3ms
[15.089s][info ][gc,heap        ] GC(2) Eden regions: 8->0(9)
[15.089s][info ][gc,heap        ] GC(2) Survivor regions: 1->1(2)
[15.089s][info ][gc,heap        ] GC(2) Old regions: 6->6
[15.089s][info ][gc,heap        ] GC(2) Archive regions: 2->2
[15.089s][info ][gc,heap        ] GC(2) Humongous regions: 0->0
[15.089s][info ][gc,metaspace   ] GC(2) Metaspace: 10541K(11136K)->10541K(11136K) NonClass: 9329K(9728K)->9329K(9728K) Class: 1212K(1408K)->1212K(1408K)
[15.089s][debug][gc,heap        ] GC(2) Heap after GC invocations=3 (full 1): garbage-first heap   total 27648K, used 4364K [0x0000000700000000, 0x0000000800000000)
[15.089s][debug][gc,heap        ] GC(2)   region size 1024K, 1 young (1024K), 1 survivors (1024K)
[15.089s][debug][gc,heap        ] GC(2)  Metaspace       used 10541K, capacity 10850K, committed 11136K, reserved 1058816K
[15.089s][debug][gc,heap        ] GC(2)   class space    used 1212K, capacity 1344K, committed 1408K, reserved 1048576K
[15.090s][info ][gc             ] GC(2) Pause Young (Normal) (G1 Evacuation Pause) 12M->4M(27M) 1.783ms
[15.090s][info ][gc,cpu         ] GC(2) User=0.00s Sys=0.00s Real=0.00s
[15.094s][info ][safepoint      ] Safepoint "G1CollectForAllocation", Time since last: 17885899 ns, Reaching safepoint: 135635 ns, At safepoint: 6481363 ns, Total: 6616998 ns
[15.112s][debug][gc,heap        ] GC(3) Heap before GC invocations=3 (full 1): garbage-first heap   total 27648K, used 13580K [0x0000000700000000, 0x0000000800000000)
[15.112s][debug][gc,heap        ] GC(3)   region size 1024K, 10 young (10240K), 1 survivors (1024K)
[15.112s][debug][gc,heap        ] GC(3)  Metaspace       used 10546K, capacity 10850K, committed 11136K, reserved 1058816K
[15.112s][debug][gc,heap        ] GC(3)   class space    used 1212K, capacity 1344K, committed 1408K, reserved 1048576K
[15.112s][info ][gc,start       ] GC(3) Pause Young (Normal) (G1 Evacuation Pause)
[15.112s][info ][gc,task        ] GC(3) Using 8 workers of 8 for evacuation
[15.112s][debug][gc,tlab        ] GC(3) TLAB totals: thrds: 8  refills: 340 max: 54 slow allocs: 0 max 0 waste:  3.2% gc: 104680B max: 21648B slow: 194328B max: 30800B fast: 0B max: 0B
[15.112s][debug][gc,age         ] GC(3) Desired survivor size 1048576 bytes, new threshold 15 (max threshold 15)
[15.112s][debug][gc,alloc,region] GC(3) Mutator Allocation stats, regions: 9, wasted size: 0B ( 0.0%)
[15.112s][debug][gc,ergo        ] GC(3) Running G1 Merge Heap Roots using 8 workers for 10 regions
[15.112s][debug][gc,remset      ] GC(3) Visited cards 4352 Total dirty 10240 (42.50%) Total old 57344 (7.59%)
[15.113s][debug][gc,ergo        ] GC(3) Running G1 Clear Card Table Task using 1 workers for 1 units of work for 15 regions.
[15.113s][debug][gc,ref         ] GC(3) Skipped phase1 of Reference Processing due to unavailable references
[15.113s][debug][gc,ref         ] GC(3) Skipped phase3 of Reference Processing due to unavailable references
[15.113s][debug][gc,ergo        ] GC(3) Running G1 Free Collection Set using 8 workers for collection set length 10 (27)
[15.113s][debug][gc,ergo        ] GC(3) Running G1 Rebuild Free List Task using 8 workers for rebuilding free list of 0 (4096) regions
[15.113s][trace][gc,age         ] GC(3) Age table with threshold 15 (max threshold 15)
[15.113s][trace][gc,age         ] GC(3) - age   1:       1216 bytes,       1216 total
[15.113s][trace][gc,age         ] GC(3) - age   2:        728 bytes,       1944 total
[15.113s][trace][gc,age         ] GC(3) - age   3:     513824 bytes,     515768 total
[15.113s][debug][gc,plab        ] GC(3) Young PLAB allocation: allocated: 28896B, wasted: 232B, unused: 8336B, used: 20328B, undo waste: 0B, 
[15.113s][debug][gc,plab        ] GC(3) Young other allocation: region end waste: 0B, regions filled: 1, direct allocated: 495440B, failure used: 0B, failure wasted: 0B
[15.113s][debug][gc,plab        ] GC(3) Young sizing: calculated: 4064B, actual: 4088B
[15.113s][debug][gc,plab        ] GC(3) Old PLAB allocation: allocated: 0B, wasted: 0B, unused: 0B, used: 0B, undo waste: 0B, 
[15.113s][debug][gc,plab        ] GC(3) Old other allocation: region end waste: 0B, regions filled: 0, direct allocated: 0B, failure used: 0B, failure wasted: 0B
[15.113s][debug][gc,plab        ] GC(3) Old sizing: calculated: 0B, actual: 2064B
[15.113s][debug][gc,ihop        ] GC(3) Basic information (value update), threshold: 12740198B (45.00), target occupancy: 28311552B, current occupancy: 4469400B, recent allocation size: 0B, recent allocation duration: 23.44ms, recent old gen allocation rate: 0.00B/s, recent marking phase length: 0.00ms
[15.113s][debug][gc,ihop        ] GC(3) Adaptive IHOP information (value update), threshold: 12740198B (47.37), internal target occupancy: 26895974B, occupancy: 4469400B, additional buffer size: 14680064B, predicted old gen allocation rate: 0.00B/s, predicted marking phase length: 0.00ms, prediction active: false
[15.113s][debug][gc,ergo,refine ] GC(3) Concurrent refinement times: Logged Cards Scan time goal: 20.00ms Logged Cards Scan time: 0.02ms HCC time: 0.00ms
[15.113s][debug][gc,ergo,refine ] GC(3) Updated Refinement Zones: green: 2048, yellow: 6144, red: 10240
[15.113s][info ][gc,phases      ] GC(3)   Pre Evacuate Collection Set: 0.1ms
[15.113s][debug][gc,phases      ] GC(3)     Prepare TLABs: 0.0ms
[15.113s][debug][gc,phases      ] GC(3)     Choose Collection Set: 0.0ms
[15.113s][debug][gc,phases      ] GC(3)     Region Register: 0.0ms
[15.113s][debug][gc,phases      ] GC(3)     Prepare Heap Roots: 0.0ms
[15.113s][info ][gc,phases      ] GC(3)   Merge Heap Roots: 0.1ms
[15.113s][debug][gc,phases      ] GC(3)     Prepare Merge Heap Roots: 0.0ms
[15.113s][debug][gc,phases      ] GC(3)     Eager Reclaim (ms):       skipped
[15.113s][debug][gc,phases      ] GC(3)     Remembered Sets (ms):     Min:  0.0, Avg:  0.0, Max:  0.0, Diff:  0.0, Sum:  0.0, Workers: 8
[15.113s][debug][gc,phases      ] GC(3)       Merged Sparse:            Min: 0, Avg:  0.0, Max: 0, Diff: 0, Sum: 0, Workers: 8
[15.113s][debug][gc,phases      ] GC(3)       Merged Fine:              Min: 0, Avg:  0.0, Max: 0, Diff: 0, Sum: 0, Workers: 8
[15.113s][debug][gc,phases      ] GC(3)       Merged Coarse:            Min: 0, Avg:  0.0, Max: 0, Diff: 0, Sum: 0, Workers: 8
[15.113s][debug][gc,phases      ] GC(3)       Dirty Cards:              Min: 0, Avg:  0.0, Max: 0, Diff: 0, Sum: 0, Workers: 8
[15.113s][debug][gc,phases      ] GC(3)     Hot Card Cache (ms):      Min:  0.0, Avg:  0.0, Max:  0.0, Diff:  0.0, Sum:  0.0, Workers: 8
[15.113s][debug][gc,phases      ] GC(3)       Dirty Cards:              Min: 0, Avg:  0.0, Max: 0, Diff: 0, Sum: 0, Workers: 8
[15.113s][debug][gc,phases      ] GC(3)       Skipped Cards:            Min: 0, Avg:  0.0, Max: 0, Diff: 0, Sum: 0, Workers: 8
[15.113s][debug][gc,phases      ] GC(3)     Log Buffers (ms):         Min:  0.0, Avg:  0.0, Max:  0.0, Diff:  0.0, Sum:  0.0, Workers: 8
[15.113s][debug][gc,phases      ] GC(3)       Dirty Cards:              Min: 0, Avg:  6.5, Max: 23, Diff: 23, Sum: 52, Workers: 8
[15.113s][debug][gc,phases      ] GC(3)       Skipped Cards:            Min: 0, Avg:  0.0, Max: 0, Diff: 0, Sum: 0, Workers: 8
[15.113s][info ][gc,phases      ] GC(3)   Evacuate Collection Set: 0.5ms
[15.113s][debug][gc,phases      ] GC(3)     Ext Root Scanning (ms):   Min:  0.0, Avg:  0.0, Max:  0.1, Diff:  0.1, Sum:  0.4, Workers: 8
[15.113s][debug][gc,phases      ] GC(3)     Scan Heap Roots (ms):     Min:  0.0, Avg:  0.0, Max:  0.0, Diff:  0.0, Sum:  0.1, Workers: 8
[15.113s][debug][gc,phases      ] GC(3)       Scanned Cards:            Min: 0, Avg:  6.2, Max: 10, Diff: 10, Sum: 50, Workers: 8
[15.113s][debug][gc,phases      ] GC(3)       Scanned Blocks:           Min: 0, Avg:  5.0, Max: 7, Diff: 7, Sum: 40, Workers: 8
[15.113s][debug][gc,phases      ] GC(3)       Claimed Chunks:           Min: 0, Avg:  2.1, Max: 3, Diff: 3, Sum: 17, Workers: 8
[15.113s][debug][gc,phases      ] GC(3)     Code Root Scan (ms):      Min:  0.0, Avg:  0.0, Max:  0.0, Diff:  0.0, Sum:  0.0, Workers: 8
[15.113s][debug][gc,phases      ] GC(3)     Object Copy (ms):         Min:  0.0, Avg:  0.1, Max:  0.3, Diff:  0.3, Sum:  0.6, Workers: 8
[15.113s][debug][gc,phases      ] GC(3)     Termination (ms):         Min:  0.0, Avg:  0.3, Max:  0.4, Diff:  0.4, Sum:  2.2, Workers: 8
[15.113s][debug][gc,phases      ] GC(3)       Termination Attempts:     Min: 1, Avg:  1.0, Max: 1, Diff: 0, Sum: 8, Workers: 8
[15.113s][debug][gc,phases      ] GC(3)     GC Worker Other (ms):     Min:  0.0, Avg:  0.0, Max:  0.0, Diff:  0.0, Sum:  0.1, Workers: 8
[15.113s][debug][gc,phases      ] GC(3)     GC Worker Total (ms):     Min:  0.4, Avg:  0.4, Max:  0.5, Diff:  0.1, Sum:  3.3, Workers: 8
[15.113s][info ][gc,phases      ] GC(3)   Post Evacuate Collection Set: 0.2ms
[15.113s][debug][gc,phases      ] GC(3)     Code Roots Fixup: 0.0ms
[15.113s][debug][gc,phases      ] GC(3)     Clear Card Table: 0.0ms
[15.113s][debug][gc,phases      ] GC(3)     Reference Processing: 0.0ms
[15.113s][debug][gc,phases,ref  ] GC(3)       Reconsider SoftReferences: 0.0ms
[15.113s][debug][gc,phases,ref  ] GC(3)         SoftRef (ms):             skipped
[15.113s][debug][gc,phases,ref  ] GC(3)       Notify Soft/WeakReferences: 0.0ms
[15.113s][debug][gc,phases,ref  ] GC(3)         SoftRef (ms):             Min:  0.0, Avg:  0.0, Max:  0.0, Diff:  0.0, Sum:  0.0, Workers: 1
[15.113s][debug][gc,phases,ref  ] GC(3)         WeakRef (ms):             Min:  0.0, Avg:  0.0, Max:  0.0, Diff:  0.0, Sum:  0.0, Workers: 1
[15.113s][debug][gc,phases,ref  ] GC(3)         FinalRef (ms):            Min:  0.0, Avg:  0.0, Max:  0.0, Diff:  0.0, Sum:  0.0, Workers: 1
[15.113s][debug][gc,phases,ref  ] GC(3)         Total (ms):               Min:  0.0, Avg:  0.0, Max:  0.0, Diff:  0.0, Sum:  0.0, Workers: 1
[15.113s][debug][gc,phases,ref  ] GC(3)       Notify and keep alive finalizable: 0.0ms
[15.113s][debug][gc,phases,ref  ] GC(3)         FinalRef (ms):            skipped
[15.113s][debug][gc,phases,ref  ] GC(3)       Notify PhantomReferences: 0.0ms
[15.113s][debug][gc,phases,ref  ] GC(3)         PhantomRef (ms):          Min:  0.0, Avg:  0.0, Max:  0.0, Diff:  0.0, Sum:  0.0, Workers: 1
[15.113s][debug][gc,phases,ref  ] GC(3)       SoftReference:
[15.113s][debug][gc,phases,ref  ] GC(3)         Discovered: 0
[15.113s][debug][gc,phases,ref  ] GC(3)         Cleared: 0
[15.113s][debug][gc,phases,ref  ] GC(3)       WeakReference:
[15.113s][debug][gc,phases,ref  ] GC(3)         Discovered: 1
[15.113s][debug][gc,phases,ref  ] GC(3)         Cleared: 1
[15.113s][debug][gc,phases,ref  ] GC(3)       FinalReference:
[15.113s][debug][gc,phases,ref  ] GC(3)         Discovered: 0
[15.113s][debug][gc,phases,ref  ] GC(3)         Cleared: 0
[15.113s][debug][gc,phases,ref  ] GC(3)       PhantomReference:
[15.113s][debug][gc,phases,ref  ] GC(3)         Discovered: 2
[15.113s][debug][gc,phases,ref  ] GC(3)         Cleared: 2
[15.113s][debug][gc,phases      ] GC(3)     Weak Processing: 0.0ms
[15.114s][debug][gc,phases      ] GC(3)       JVMTI weak processing: 0.0ms
[15.114s][debug][gc,phases      ] GC(3)         Dead: 0
[15.114s][debug][gc,phases      ] GC(3)         Total: 0
[15.114s][debug][gc,phases      ] GC(3)       JFR weak processing: 0.0ms
[15.114s][debug][gc,phases      ] GC(3)         Dead: 0
[15.114s][debug][gc,phases      ] GC(3)         Total: 0
[15.114s][debug][gc,phases      ] GC(3)       JNI weak                  Min:  0.0, Avg:  0.0, Max:  0.0, Diff:  0.0, Sum:  0.0, Workers: 5
[15.114s][debug][gc,phases      ] GC(3)         Dead                      Min: 0, Avg:  0.0, Max: 0, Diff: 0, Sum: 0, Workers: 5
[15.114s][debug][gc,phases      ] GC(3)         Total                     Min: 0, Avg: 15.8, Max: 61, Diff: 61, Sum: 79, Workers: 5
[15.114s][debug][gc,phases      ] GC(3)       VM weak                   Min:  0.0, Avg:  0.0, Max:  0.0, Diff:  0.0, Sum:  0.0, Workers: 5
[15.114s][debug][gc,phases      ] GC(3)         Dead                      Min: 0, Avg:  0.0, Max: 0, Diff: 0, Sum: 0, Workers: 5
[15.114s][debug][gc,phases      ] GC(3)         Total                     Min: 0, Avg: 45.0, Max: 97, Diff: 97, Sum: 225, Workers: 5
[15.114s][debug][gc,phases      ] GC(3)       StringTable weak          Min:  0.0, Avg:  0.0, Max:  0.0, Diff:  0.0, Sum:  0.0, Workers: 5
[15.114s][debug][gc,phases      ] GC(3)         Dead                      Min: 0, Avg:  0.0, Max: 0, Diff: 0, Sum: 0, Workers: 5
[15.114s][debug][gc,phases      ] GC(3)         Total                     Min: 0, Avg: 729.8, Max: 1216, Diff: 1216, Sum: 3649, Workers: 5
[15.114s][debug][gc,phases      ] GC(3)       ResolvedMethodTable weak  Min:  0.0, Avg:  0.0, Max:  0.0, Diff:  0.0, Sum:  0.0, Workers: 5
[15.114s][debug][gc,phases      ] GC(3)         Dead                      Min: 0, Avg:  0.0, Max: 0, Diff: 0, Sum: 0, Workers: 5
[15.114s][debug][gc,phases      ] GC(3)         Total                     Min: 0, Avg: 118.0, Max: 206, Diff: 206, Sum: 590, Workers: 5
[15.114s][debug][gc,phases      ] GC(3)     Merge Per-Thread State: 0.0ms
[15.114s][debug][gc,phases      ] GC(3)       Copied Bytes              Min: 2056, Avg: 64471.0, Max: 401504, Diff: 399448, Sum: 515768, Workers: 8
[15.114s][debug][gc,phases      ] GC(3)       LAB Waste                 Min: 0, Avg: 29.0, Max: 104, Diff: 104, Sum: 232, Workers: 8
[15.114s][debug][gc,phases      ] GC(3)       LAB Undo Waste            Min: 0, Avg:  0.0, Max: 0, Diff: 0, Sum: 0, Workers: 8
[15.114s][debug][gc,phases      ] GC(3)     Code Roots Purge: 0.0ms
[15.114s][debug][gc,phases      ] GC(3)     Redirty Cards: 0.0ms
[15.114s][debug][gc,phases      ] GC(3)     DerivedPointerTable Update: 0.0ms
[15.114s][debug][gc,phases      ] GC(3)     Free Collection Set: 0.1ms
[15.114s][debug][gc,phases      ] GC(3)     Rebuild Free List: 0.0ms
[15.114s][debug][gc,phases      ] GC(3)     Humongous Reclaim: 0.0ms
[15.114s][debug][gc,phases      ] GC(3)     Start New Collection Set: 0.0ms
[15.114s][debug][gc,phases      ] GC(3)     Resize TLABs: 0.0ms
[15.114s][debug][gc,phases      ] GC(3)     Expand Heap After Collection: 0.0ms
[15.114s][info ][gc,phases      ] GC(3)   Other: 0.3ms
[15.114s][info ][gc,heap        ] GC(3) Eden regions: 9->0(13)
[15.114s][info ][gc,heap        ] GC(3) Survivor regions: 1->1(2)
[15.114s][info ][gc,heap        ] GC(3) Old regions: 6->6
[15.114s][info ][gc,heap        ] GC(3) Archive regions: 2->2
[15.114s][info ][gc,heap        ] GC(3) Humongous regions: 0->0
[15.114s][info ][gc,metaspace   ] GC(3) Metaspace: 10546K(11136K)->10546K(11136K) NonClass: 9334K(9728K)->9334K(9728K) Class: 1212K(1408K)->1212K(1408K)
[15.114s][debug][gc,heap        ] GC(3) Heap after GC invocations=4 (full 1): garbage-first heap   total 27648K, used 4364K [0x0000000700000000, 0x0000000800000000)
[15.114s][debug][gc,heap        ] GC(3)   region size 1024K, 1 young (1024K), 1 survivors (1024K)
[15.114s][debug][gc,heap        ] GC(3)  Metaspace       used 10546K, capacity 10850K, committed 11136K, reserved 1058816K
[15.114s][debug][gc,heap        ] GC(3)   class space    used 1212K, capacity 1344K, committed 1408K, reserved 1048576K
[15.114s][info ][gc             ] GC(3) Pause Young (Normal) (G1 Evacuation Pause) 13M->4M(27M) 1.872ms
[15.114s][info ][gc,cpu         ] GC(3) User=0.01s Sys=0.00s Real=0.01s
[15.116s][info ][safepoint      ] Safepoint "G1CollectForAllocation", Time since last: 17734514 ns, Reaching safepoint: 132894 ns, At safepoint: 4008412 ns, Total: 4141306 ns
[15.140s][debug][gc,heap        ] GC(4) Heap before GC invocations=4 (full 1): garbage-first heap   total 27648K, used 17676K [0x0000000700000000, 0x0000000800000000)
[15.140s][debug][gc,heap        ] GC(4)   region size 1024K, 14 young (14336K), 1 survivors (1024K)
[15.140s][debug][gc,heap        ] GC(4)  Metaspace       used 10546K, capacity 10850K, committed 11136K, reserved 1058816K
[15.140s][debug][gc,heap        ] GC(4)   class space    used 1212K, capacity 1344K, committed 1408K, reserved 1048576K
[15.140s][info ][gc,start       ] GC(4) Pause Young (Normal) (G1 Evacuation Pause)
[15.140s][info ][gc,task        ] GC(4) Using 8 workers of 8 for evacuation
[15.140s][debug][gc,tlab        ] GC(4) TLAB totals: thrds: 8  refills: 379 max: 68 slow allocs: 0 max 0 waste:  2.5% gc: 122352B max: 37224B slow: 216792B max: 38632B fast: 0B max: 0B
[15.140s][debug][gc,age         ] GC(4) Desired survivor size 1048576 bytes, new threshold 15 (max threshold 15)
[15.140s][debug][gc,alloc,region] GC(4) Mutator Allocation stats, regions: 13, wasted size: 0B ( 0.0%)
[15.141s][debug][gc,ergo        ] GC(4) Running G1 Merge Heap Roots using 8 workers for 14 regions
[15.141s][debug][gc,remset      ] GC(4) Visited cards 4352 Total dirty 10240 (42.50%) Total old 73728 (5.90%)
[15.141s][debug][gc,ergo        ] GC(4) Running G1 Clear Card Table Task using 1 workers for 1 units of work for 19 regions.
[15.141s][debug][gc,ref         ] GC(4) Skipped phase1 of Reference Processing due to unavailable references
[15.141s][debug][gc,ref         ] GC(4) Skipped phase3 of Reference Processing due to unavailable references
[15.141s][debug][gc,ergo        ] GC(4) Running G1 Free Collection Set using 8 workers for collection set length 14 (27)
[15.141s][debug][gc,ergo        ] GC(4) Running G1 Rebuild Free List Task using 8 workers for rebuilding free list of 0 (4096) regions
[15.141s][trace][gc,age         ] GC(4) Age table with threshold 15 (max threshold 15)
[15.141s][trace][gc,age         ] GC(4) - age   1:       1088 bytes,       1088 total
[15.141s][trace][gc,age         ] GC(4) - age   3:        728 bytes,       1816 total
[15.141s][trace][gc,age         ] GC(4) - age   4:     513824 bytes,     515640 total
[15.141s][debug][gc,plab        ] GC(4) Young PLAB allocation: allocated: 30960B, wasted: 232B, unused: 10448B, used: 20280B, undo waste: 0B, 
[15.141s][debug][gc,plab        ] GC(4) Young other allocation: region end waste: 0B, regions filled: 1, direct allocated: 495360B, failure used: 0B, failure wasted: 0B
[15.141s][debug][gc,plab        ] GC(4) Young sizing: calculated: 4056B, actual: 4064B
[15.141s][debug][gc,plab        ] GC(4) Old PLAB allocation: allocated: 0B, wasted: 0B, unused: 0B, used: 0B, undo waste: 0B, 
[15.141s][debug][gc,plab        ] GC(4) Old other allocation: region end waste: 0B, regions filled: 0, direct allocated: 0B, failure used: 0B, failure wasted: 0B
[15.141s][debug][gc,plab        ] GC(4) Old sizing: calculated: 0B, actual: 2064B
[15.141s][debug][gc,ihop        ] GC(4) Basic information (value update), threshold: 12740198B (45.00), target occupancy: 28311552B, current occupancy: 4471384B, recent allocation size: 0B, recent allocation duration: 27.41ms, recent old gen allocation rate: 0.00B/s, recent marking phase length: 0.00ms
[15.141s][debug][gc,ihop        ] GC(4) Adaptive IHOP information (value update), threshold: 12740198B (47.37), internal target occupancy: 26895974B, occupancy: 4471384B, additional buffer size: 15728640B, predicted old gen allocation rate: 0.00B/s, predicted marking phase length: 0.00ms, prediction active: false
[15.141s][debug][gc,ergo,refine ] GC(4) Concurrent refinement times: Logged Cards Scan time goal: 20.00ms Logged Cards Scan time: 0.01ms HCC time: 0.00ms
[15.141s][debug][gc,ergo,refine ] GC(4) Updated Refinement Zones: green: 2048, yellow: 6144, red: 10240
[15.141s][info ][gc,phases      ] GC(4)   Pre Evacuate Collection Set: 0.1ms
[15.141s][debug][gc,phases      ] GC(4)     Prepare TLABs: 0.0ms
[15.141s][debug][gc,phases      ] GC(4)     Choose Collection Set: 0.0ms
[15.141s][debug][gc,phases      ] GC(4)     Region Register: 0.0ms
[15.142s][debug][gc,phases      ] GC(4)     Prepare Heap Roots: 0.0ms
[15.142s][info ][gc,phases      ] GC(4)   Merge Heap Roots: 0.1ms
[15.142s][debug][gc,phases      ] GC(4)     Prepare Merge Heap Roots: 0.0ms
[15.142s][debug][gc,phases      ] GC(4)     Eager Reclaim (ms):       skipped
[15.142s][debug][gc,phases      ] GC(4)     Remembered Sets (ms):     Min:  0.0, Avg:  0.0, Max:  0.0, Diff:  0.0, Sum:  0.0, Workers: 8
[15.142s][debug][gc,phases      ] GC(4)       Merged Sparse:            Min: 0, Avg:  0.0, Max: 0, Diff: 0, Sum: 0, Workers: 8
[15.142s][debug][gc,phases      ] GC(4)       Merged Fine:              Min: 0, Avg:  0.0, Max: 0, Diff: 0, Sum: 0, Workers: 8
[15.142s][debug][gc,phases      ] GC(4)       Merged Coarse:            Min: 0, Avg:  0.0, Max: 0, Diff: 0, Sum: 0, Workers: 8
[15.142s][debug][gc,phases      ] GC(4)       Dirty Cards:              Min: 0, Avg:  0.0, Max: 0, Diff: 0, Sum: 0, Workers: 8
[15.142s][debug][gc,phases      ] GC(4)     Hot Card Cache (ms):      Min:  0.0, Avg:  0.0, Max:  0.0, Diff:  0.0, Sum:  0.0, Workers: 8
[15.142s][debug][gc,phases      ] GC(4)       Dirty Cards:              Min: 0, Avg:  0.0, Max: 0, Diff: 0, Sum: 0, Workers: 8
[15.142s][debug][gc,phases      ] GC(4)       Skipped Cards:            Min: 0, Avg:  0.0, Max: 0, Diff: 0, Sum: 0, Workers: 8
[15.142s][debug][gc,phases      ] GC(4)     Log Buffers (ms):         Min:  0.0, Avg:  0.0, Max:  0.0, Diff:  0.0, Sum:  0.0, Workers: 8
[15.142s][debug][gc,phases      ] GC(4)       Dirty Cards:              Min: 0, Avg:  6.9, Max: 23, Diff: 23, Sum: 55, Workers: 8
[15.142s][debug][gc,phases      ] GC(4)       Skipped Cards:            Min: 0, Avg:  0.0, Max: 0, Diff: 0, Sum: 0, Workers: 8
[15.142s][info ][gc,phases      ] GC(4)   Evacuate Collection Set: 0.5ms
[15.142s][debug][gc,phases      ] GC(4)     Ext Root Scanning (ms):   Min:  0.0, Avg:  0.1, Max:  0.1, Diff:  0.1, Sum:  0.4, Workers: 8
[15.142s][debug][gc,phases      ] GC(4)     Scan Heap Roots (ms):     Min:  0.0, Avg:  0.0, Max:  0.0, Diff:  0.0, Sum:  0.1, Workers: 8
[15.142s][debug][gc,phases      ] GC(4)       Scanned Cards:            Min: 0, Avg:  6.2, Max: 10, Diff: 10, Sum: 50, Workers: 8
[15.142s][debug][gc,phases      ] GC(4)       Scanned Blocks:           Min: 0, Avg:  5.0, Max: 9, Diff: 9, Sum: 40, Workers: 8
[15.142s][debug][gc,phases      ] GC(4)       Claimed Chunks:           Min: 0, Avg:  2.1, Max: 3, Diff: 3, Sum: 17, Workers: 8
[15.142s][debug][gc,phases      ] GC(4)     Code Root Scan (ms):      Min:  0.0, Avg:  0.0, Max:  0.0, Diff:  0.0, Sum:  0.0, Workers: 8
[15.142s][debug][gc,phases      ] GC(4)     Object Copy (ms):         Min:  0.0, Avg:  0.1, Max:  0.3, Diff:  0.3, Sum:  0.5, Workers: 8
[15.142s][debug][gc,phases      ] GC(4)     Termination (ms):         Min:  0.0, Avg:  0.2, Max:  0.4, Diff:  0.4, Sum:  1.8, Workers: 8
[15.142s][debug][gc,phases      ] GC(4)       Termination Attempts:     Min: 1, Avg:  1.0, Max: 1, Diff: 0, Sum: 8, Workers: 8
[15.142s][debug][gc,phases      ] GC(4)     GC Worker Other (ms):     Min:  0.0, Avg:  0.0, Max:  0.0, Diff:  0.0, Sum:  0.0, Workers: 8
[15.142s][debug][gc,phases      ] GC(4)     GC Worker Total (ms):     Min:  0.3, Avg:  0.4, Max:  0.5, Diff:  0.2, Sum:  2.9, Workers: 8
[15.142s][info ][gc,phases      ] GC(4)   Post Evacuate Collection Set: 0.2ms
[15.142s][debug][gc,phases      ] GC(4)     Code Roots Fixup: 0.0ms
[15.142s][debug][gc,phases      ] GC(4)     Clear Card Table: 0.0ms
[15.142s][debug][gc,phases      ] GC(4)     Reference Processing: 0.0ms
[15.142s][debug][gc,phases,ref  ] GC(4)       Reconsider SoftReferences: 0.0ms
[15.142s][debug][gc,phases,ref  ] GC(4)         SoftRef (ms):             skipped
[15.142s][debug][gc,phases,ref  ] GC(4)       Notify Soft/WeakReferences: 0.0ms
[15.142s][debug][gc,phases,ref  ] GC(4)         SoftRef (ms):             Min:  0.0, Avg:  0.0, Max:  0.0, Diff:  0.0, Sum:  0.0, Workers: 1
[15.142s][debug][gc,phases,ref  ] GC(4)         WeakRef (ms):             Min:  0.0, Avg:  0.0, Max:  0.0, Diff:  0.0, Sum:  0.0, Workers: 1
[15.142s][debug][gc,phases,ref  ] GC(4)         FinalRef (ms):            Min:  0.0, Avg:  0.0, Max:  0.0, Diff:  0.0, Sum:  0.0, Workers: 1
[15.142s][debug][gc,phases,ref  ] GC(4)         Total (ms):               Min:  0.0, Avg:  0.0, Max:  0.0, Diff:  0.0, Sum:  0.0, Workers: 1
[15.142s][debug][gc,phases,ref  ] GC(4)       Notify and keep alive finalizable: 0.0ms
[15.142s][debug][gc,phases,ref  ] GC(4)         FinalRef (ms):            skipped
[15.142s][debug][gc,phases,ref  ] GC(4)       Notify PhantomReferences: 0.0ms
[15.142s][debug][gc,phases,ref  ] GC(4)         PhantomRef (ms):          Min:  0.0, Avg:  0.0, Max:  0.0, Diff:  0.0, Sum:  0.0, Workers: 1
[15.142s][debug][gc,phases,ref  ] GC(4)       SoftReference:
[15.142s][debug][gc,phases,ref  ] GC(4)         Discovered: 0
[15.142s][debug][gc,phases,ref  ] GC(4)         Cleared: 0
[15.142s][debug][gc,phases,ref  ] GC(4)       WeakReference:
[15.142s][debug][gc,phases,ref  ] GC(4)         Discovered: 1
[15.142s][debug][gc,phases,ref  ] GC(4)         Cleared: 1
[15.142s][debug][gc,phases,ref  ] GC(4)       FinalReference:
[15.142s][debug][gc,phases,ref  ] GC(4)         Discovered: 0
[15.142s][debug][gc,phases,ref  ] GC(4)         Cleared: 0
[15.142s][debug][gc,phases,ref  ] GC(4)       PhantomReference:
[15.142s][debug][gc,phases,ref  ] GC(4)         Discovered: 2
[15.142s][debug][gc,phases,ref  ] GC(4)         Cleared: 2
[15.142s][debug][gc,phases      ] GC(4)     Weak Processing: 0.0ms
[15.142s][debug][gc,phases      ] GC(4)       JVMTI weak processing: 0.0ms
[15.142s][debug][gc,phases      ] GC(4)         Dead: 0
[15.142s][debug][gc,phases      ] GC(4)         Total: 0
[15.142s][debug][gc,phases      ] GC(4)       JFR weak processing: 0.0ms
[15.142s][debug][gc,phases      ] GC(4)         Dead: 0
[15.142s][debug][gc,phases      ] GC(4)         Total: 0
[15.142s][debug][gc,phases      ] GC(4)       JNI weak                  Min:  0.0, Avg:  0.0, Max:  0.0, Diff:  0.0, Sum:  0.0, Workers: 5
[15.142s][debug][gc,phases      ] GC(4)         Dead                      Min: 0, Avg:  0.0, Max: 0, Diff: 0, Sum: 0, Workers: 5
[15.142s][debug][gc,phases      ] GC(4)         Total                     Min: 0, Avg: 15.8, Max: 61, Diff: 61, Sum: 79, Workers: 5
[15.142s][debug][gc,phases      ] GC(4)       VM weak                   Min:  0.0, Avg:  0.0, Max:  0.0, Diff:  0.0, Sum:  0.0, Workers: 5
[15.142s][debug][gc,phases      ] GC(4)         Dead                      Min: 0, Avg:  0.0, Max: 0, Diff: 0, Sum: 0, Workers: 5
[15.142s][debug][gc,phases      ] GC(4)         Total                     Min: 0, Avg: 45.0, Max: 64, Diff: 64, Sum: 225, Workers: 5
[15.142s][debug][gc,phases      ] GC(4)       StringTable weak          Min:  0.0, Avg:  0.0, Max:  0.0, Diff:  0.0, Sum:  0.1, Workers: 5
[15.142s][debug][gc,phases      ] GC(4)         Dead                      Min: 0, Avg:  0.0, Max: 0, Diff: 0, Sum: 0, Workers: 5
[15.142s][debug][gc,phases      ] GC(4)         Total                     Min: 641, Avg: 729.8, Max: 768, Diff: 127, Sum: 3649, Workers: 5
[15.142s][debug][gc,phases      ] GC(4)       ResolvedMethodTable weak  Min:  0.0, Avg:  0.0, Max:  0.0, Diff:  0.0, Sum:  0.0, Workers: 5
[15.142s][debug][gc,phases      ] GC(4)         Dead                      Min: 0, Avg:  0.0, Max: 0, Diff: 0, Sum: 0, Workers: 5
[15.142s][debug][gc,phases      ] GC(4)         Total                     Min: 64, Avg: 118.0, Max: 192, Diff: 128, Sum: 590, Workers: 5
[15.142s][debug][gc,phases      ] GC(4)     Merge Per-Thread State: 0.0ms
[15.142s][debug][gc,phases      ] GC(4)       Copied Bytes              Min: 1720, Avg: 64455.0, Max: 401776, Diff: 400056, Sum: 515640, Workers: 8
[15.142s][debug][gc,phases      ] GC(4)       LAB Waste                 Min: 0, Avg: 29.0, Max: 96, Diff: 96, Sum: 232, Workers: 8
[15.142s][debug][gc,phases      ] GC(4)       LAB Undo Waste            Min: 0, Avg:  0.0, Max: 0, Diff: 0, Sum: 0, Workers: 8
[15.142s][debug][gc,phases      ] GC(4)     Code Roots Purge: 0.0ms
[15.142s][debug][gc,phases      ] GC(4)     Redirty Cards: 0.0ms
[15.142s][debug][gc,phases      ] GC(4)     DerivedPointerTable Update: 0.0ms
[15.142s][debug][gc,phases      ] GC(4)     Free Collection Set: 0.0ms
[15.142s][debug][gc,phases      ] GC(4)     Rebuild Free List: 0.0ms
[15.142s][debug][gc,phases      ] GC(4)     Humongous Reclaim: 0.0ms
[15.142s][debug][gc,phases      ] GC(4)     Start New Collection Set: 0.0ms
[15.142s][debug][gc,phases      ] GC(4)     Resize TLABs: 0.0ms
[15.142s][debug][gc,phases      ] GC(4)     Expand Heap After Collection: 0.0ms
[15.142s][info ][gc,phases      ] GC(4)   Other: 0.3ms
[15.142s][info ][gc,heap        ] GC(4) Eden regions: 13->0(14)
[15.142s][info ][gc,heap        ] GC(4) Survivor regions: 1->1(2)
[15.142s][info ][gc,heap        ] GC(4) Old regions: 6->6
[15.142s][info ][gc,heap        ] GC(4) Archive regions: 2->2
[15.142s][info ][gc,heap        ] GC(4) Humongous regions: 0->0
[15.142s][info ][gc,metaspace   ] GC(4) Metaspace: 10546K(11136K)->10546K(11136K) NonClass: 9334K(9728K)->9334K(9728K) Class: 1212K(1408K)->1212K(1408K)
[15.142s][debug][gc,heap        ] GC(4) Heap after GC invocations=5 (full 1): garbage-first heap   total 27648K, used 4366K [0x0000000700000000, 0x0000000800000000)
[15.142s][debug][gc,heap        ] GC(4)   region size 1024K, 1 young (1024K), 1 survivors (1024K)
[15.142s][debug][gc,heap        ] GC(4)  Metaspace       used 10546K, capacity 10850K, committed 11136K, reserved 1058816K
[15.142s][debug][gc,heap        ] GC(4)   class space    used 1212K, capacity 1344K, committed 1408K, reserved 1048576K
[15.142s][info ][gc             ] GC(4) Pause Young (Normal) (G1 Evacuation Pause) 17M->4M(27M) 1.728ms
[15.142s][info ][gc,cpu         ] GC(4) User=0.00s Sys=0.00s Real=0.00s
[15.145s][info ][safepoint      ] Safepoint "G1CollectForAllocation", Time since last: 24256126 ns, Reaching safepoint: 123116 ns, At safepoint: 4246991 ns, Total: 4370107 ns
[15.172s][debug][gc,heap        ] GC(5) Heap before GC invocations=5 (full 1): garbage-first heap   total 27648K, used 18702K [0x0000000700000000, 0x0000000800000000)
[15.172s][debug][gc,heap        ] GC(5)   region size 1024K, 15 young (15360K), 1 survivors (1024K)
[15.172s][debug][gc,heap        ] GC(5)  Metaspace       used 10546K, capacity 10850K, committed 11136K, reserved 1058816K
[15.172s][debug][gc,heap        ] GC(5)   class space    used 1212K, capacity 1344K, committed 1408K, reserved 1048576K
[15.172s][info ][gc,start       ] GC(5) Pause Young (Normal) (G1 Evacuation Pause)
[15.172s][info ][gc,task        ] GC(5) Using 8 workers of 8 for evacuation
[15.172s][debug][gc,tlab        ] GC(5) TLAB totals: thrds: 8  refills: 394 max: 60 slow allocs: 0 max 0 waste:  2.2% gc: 100616B max: 30376B slow: 228208B max: 35312B fast: 0B max: 0B
[15.172s][debug][gc,age         ] GC(5) Desired survivor size 1048576 bytes, new threshold 15 (max threshold 15)
[15.172s][debug][gc,alloc,region] GC(5) Mutator Allocation stats, regions: 14, wasted size: 1152B ( 0.0%)
[15.172s][debug][gc,ergo        ] GC(5) Running G1 Merge Heap Roots using 8 workers for 15 regions
[15.172s][debug][gc,remset      ] GC(5) Visited cards 4352 Total dirty 10240 (42.50%) Total old 77824 (5.59%)
[15.173s][debug][gc,ergo        ] GC(5) Running G1 Clear Card Table Task using 1 workers for 1 units of work for 20 regions.
[15.173s][debug][gc,ref         ] GC(5) Skipped phase1 of Reference Processing due to unavailable references
[15.173s][debug][gc,ref         ] GC(5) Skipped phase3 of Reference Processing due to unavailable references
[15.173s][debug][gc,ergo        ] GC(5) Running G1 Free Collection Set using 8 workers for collection set length 15 (27)
[15.173s][debug][gc,ergo        ] GC(5) Running G1 Rebuild Free List Task using 8 workers for rebuilding free list of 0 (4096) regions
[15.173s][trace][gc,age         ] GC(5) Age table with threshold 15 (max threshold 15)
[15.173s][trace][gc,age         ] GC(5) - age   1:        976 bytes,        976 total
[15.173s][trace][gc,age         ] GC(5) - age   4:        728 bytes,       1704 total
[15.173s][trace][gc,age         ] GC(5) - age   5:     513824 bytes,     515528 total
[15.173s][debug][gc,plab        ] GC(5) Young PLAB allocation: allocated: 28896B, wasted: 184B, unused: 8176B, used: 20536B, undo waste: 368B, 
[15.173s][debug][gc,plab        ] GC(5) Young other allocation: region end waste: 0B, regions filled: 1, direct allocated: 495360B, failure used: 0B, failure wasted: 0B
[15.173s][debug][gc,plab        ] GC(5) Young sizing: calculated: 4104B, actual: 4088B
[15.173s][debug][gc,plab        ] GC(5) Old PLAB allocation: allocated: 0B, wasted: 0B, unused: 0B, used: 0B, undo waste: 0B, 
[15.173s][debug][gc,plab        ] GC(5) Old other allocation: region end waste: 0B, regions filled: 0, direct allocated: 0B, failure used: 0B, failure wasted: 0B
[15.173s][debug][gc,plab        ] GC(5) Old sizing: calculated: 0B, actual: 2064B
[15.173s][debug][gc,ihop        ] GC(5) Basic information (value update), threshold: 12740198B (45.00), target occupancy: 28311552B, current occupancy: 4469320B, recent allocation size: 0B, recent allocation duration: 30.69ms, recent old gen allocation rate: 0.00B/s, recent marking phase length: 0.00ms
[15.173s][debug][gc,ihop        ] GC(5) Adaptive IHOP information (value update), threshold: 12740198B (47.37), internal target occupancy: 26895974B, occupancy: 4469320B, additional buffer size: 15728640B, predicted old gen allocation rate: 0.00B/s, predicted marking phase length: 0.00ms, prediction active: false
[15.173s][debug][gc,ergo,refine ] GC(5) Concurrent refinement times: Logged Cards Scan time goal: 20.00ms Logged Cards Scan time: 0.02ms HCC time: 0.00ms
[15.173s][debug][gc,ergo,refine ] GC(5) Updated Refinement Zones: green: 2048, yellow: 6144, red: 10240
[15.173s][info ][gc,phases      ] GC(5)   Pre Evacuate Collection Set: 0.1ms
[15.173s][debug][gc,phases      ] GC(5)     Prepare TLABs: 0.0ms
[15.173s][debug][gc,phases      ] GC(5)     Choose Collection Set: 0.0ms
[15.173s][debug][gc,phases      ] GC(5)     Region Register: 0.0ms
[15.173s][debug][gc,phases      ] GC(5)     Prepare Heap Roots: 0.0ms
[15.173s][info ][gc,phases      ] GC(5)   Merge Heap Roots: 0.1ms
[15.173s][debug][gc,phases      ] GC(5)     Prepare Merge Heap Roots: 0.0ms
[15.173s][debug][gc,phases      ] GC(5)     Eager Reclaim (ms):       skipped
[15.173s][debug][gc,phases      ] GC(5)     Remembered Sets (ms):     Min:  0.0, Avg:  0.0, Max:  0.0, Diff:  0.0, Sum:  0.0, Workers: 8
[15.173s][debug][gc,phases      ] GC(5)       Merged Sparse:            Min: 0, Avg:  0.0, Max: 0, Diff: 0, Sum: 0, Workers: 8
[15.173s][debug][gc,phases      ] GC(5)       Merged Fine:              Min: 0, Avg:  0.0, Max: 0, Diff: 0, Sum: 0, Workers: 8
[15.173s][debug][gc,phases      ] GC(5)       Merged Coarse:            Min: 0, Avg:  0.0, Max: 0, Diff: 0, Sum: 0, Workers: 8
[15.173s][debug][gc,phases      ] GC(5)       Dirty Cards:              Min: 0, Avg:  0.0, Max: 0, Diff: 0, Sum: 0, Workers: 8
[15.173s][debug][gc,phases      ] GC(5)     Hot Card Cache (ms):      Min:  0.0, Avg:  0.0, Max:  0.0, Diff:  0.0, Sum:  0.0, Workers: 8
[15.173s][debug][gc,phases      ] GC(5)       Dirty Cards:              Min: 0, Avg:  0.0, Max: 0, Diff: 0, Sum: 0, Workers: 8
[15.173s][debug][gc,phases      ] GC(5)       Skipped Cards:            Min: 0, Avg:  0.0, Max: 0, Diff: 0, Sum: 0, Workers: 8
[15.173s][debug][gc,phases      ] GC(5)     Log Buffers (ms):         Min:  0.0, Avg:  0.0, Max:  0.0, Diff:  0.0, Sum:  0.0, Workers: 8
[15.173s][debug][gc,phases      ] GC(5)       Dirty Cards:              Min: 0, Avg:  6.6, Max: 30, Diff: 30, Sum: 53, Workers: 8
[15.173s][debug][gc,phases      ] GC(5)       Skipped Cards:            Min: 0, Avg:  0.0, Max: 0, Diff: 0, Sum: 0, Workers: 8
[15.173s][info ][gc,phases      ] GC(5)   Evacuate Collection Set: 0.5ms
[15.173s][debug][gc,phases      ] GC(5)     Ext Root Scanning (ms):   Min:  0.0, Avg:  0.1, Max:  0.1, Diff:  0.1, Sum:  0.5, Workers: 8
[15.173s][debug][gc,phases      ] GC(5)     Scan Heap Roots (ms):     Min:  0.0, Avg:  0.0, Max:  0.0, Diff:  0.0, Sum:  0.1, Workers: 8
[15.173s][debug][gc,phases      ] GC(5)       Scanned Cards:            Min: 0, Avg:  6.2, Max: 13, Diff: 13, Sum: 50, Workers: 8
[15.173s][debug][gc,phases      ] GC(5)       Scanned Blocks:           Min: 0, Avg:  5.0, Max: 9, Diff: 9, Sum: 40, Workers: 8
[15.173s][debug][gc,phases      ] GC(5)       Claimed Chunks:           Min: 0, Avg:  2.1, Max: 4, Diff: 4, Sum: 17, Workers: 8
[15.173s][debug][gc,phases      ] GC(5)     Code Root Scan (ms):      Min:  0.0, Avg:  0.0, Max:  0.0, Diff:  0.0, Sum:  0.0, Workers: 8
[15.173s][debug][gc,phases      ] GC(5)     Object Copy (ms):         Min:  0.0, Avg:  0.1, Max:  0.3, Diff:  0.3, Sum:  0.5, Workers: 8
[15.173s][debug][gc,phases      ] GC(5)     Termination (ms):         Min:  0.0, Avg:  0.3, Max:  0.4, Diff:  0.4, Sum:  2.1, Workers: 8
[15.173s][debug][gc,phases      ] GC(5)       Termination Attempts:     Min: 1, Avg:  1.0, Max: 1, Diff: 0, Sum: 8, Workers: 8
[15.173s][debug][gc,phases      ] GC(5)     GC Worker Other (ms):     Min:  0.0, Avg:  0.0, Max:  0.0, Diff:  0.0, Sum:  0.1, Workers: 8
[15.173s][debug][gc,phases      ] GC(5)     GC Worker Total (ms):     Min:  0.4, Avg:  0.4, Max:  0.5, Diff:  0.1, Sum:  3.3, Workers: 8
[15.173s][info ][gc,phases      ] GC(5)   Post Evacuate Collection Set: 0.2ms
[15.173s][debug][gc,phases      ] GC(5)     Code Roots Fixup: 0.0ms
[15.173s][debug][gc,phases      ] GC(5)     Clear Card Table: 0.0ms
[15.173s][debug][gc,phases      ] GC(5)     Reference Processing: 0.0ms
[15.173s][debug][gc,phases,ref  ] GC(5)       Reconsider SoftReferences: 0.0ms
[15.173s][debug][gc,phases,ref  ] GC(5)         SoftRef (ms):             skipped
[15.173s][debug][gc,phases,ref  ] GC(5)       Notify Soft/WeakReferences: 0.0ms
[15.173s][debug][gc,phases,ref  ] GC(5)         SoftRef (ms):             Min:  0.0, Avg:  0.0, Max:  0.0, Diff:  0.0, Sum:  0.0, Workers: 1
[15.173s][debug][gc,phases,ref  ] GC(5)         WeakRef (ms):             Min:  0.0, Avg:  0.0, Max:  0.0, Diff:  0.0, Sum:  0.0, Workers: 1
[15.173s][debug][gc,phases,ref  ] GC(5)         FinalRef (ms):            Min:  0.0, Avg:  0.0, Max:  0.0, Diff:  0.0, Sum:  0.0, Workers: 1
[15.173s][debug][gc,phases,ref  ] GC(5)         Total (ms):               Min:  0.0, Avg:  0.0, Max:  0.0, Diff:  0.0, Sum:  0.0, Workers: 1
[15.173s][debug][gc,phases,ref  ] GC(5)       Notify and keep alive finalizable: 0.0ms
[15.173s][debug][gc,phases,ref  ] GC(5)         FinalRef (ms):            skipped
[15.173s][debug][gc,phases,ref  ] GC(5)       Notify PhantomReferences: 0.0ms
[15.173s][debug][gc,phases,ref  ] GC(5)         PhantomRef (ms):          Min:  0.0, Avg:  0.0, Max:  0.0, Diff:  0.0, Sum:  0.0, Workers: 1
[15.173s][debug][gc,phases,ref  ] GC(5)       SoftReference:
[15.173s][debug][gc,phases,ref  ] GC(5)         Discovered: 0
[15.173s][debug][gc,phases,ref  ] GC(5)         Cleared: 0
[15.173s][debug][gc,phases,ref  ] GC(5)       WeakReference:
[15.173s][debug][gc,phases,ref  ] GC(5)         Discovered: 1
[15.173s][debug][gc,phases,ref  ] GC(5)         Cleared: 1
[15.173s][debug][gc,phases,ref  ] GC(5)       FinalReference:
[15.173s][debug][gc,phases,ref  ] GC(5)         Discovered: 0
[15.173s][debug][gc,phases,ref  ] GC(5)         Cleared: 0
[15.173s][debug][gc,phases,ref  ] GC(5)       PhantomReference:
[15.173s][debug][gc,phases,ref  ] GC(5)         Discovered: 2
[15.173s][debug][gc,phases,ref  ] GC(5)         Cleared: 2
[15.173s][debug][gc,phases      ] GC(5)     Weak Processing: 0.0ms
[15.174s][debug][gc,phases      ] GC(5)       JVMTI weak processing: 0.0ms
[15.174s][debug][gc,phases      ] GC(5)         Dead: 0
[15.174s][debug][gc,phases      ] GC(5)         Total: 0
[15.174s][debug][gc,phases      ] GC(5)       JFR weak processing: 0.0ms
[15.174s][debug][gc,phases      ] GC(5)         Dead: 0
[15.174s][debug][gc,phases      ] GC(5)         Total: 0
[15.174s][debug][gc,phases      ] GC(5)       JNI weak                  Min:  0.0, Avg:  0.0, Max:  0.0, Diff:  0.0, Sum:  0.0, Workers: 5
[15.174s][debug][gc,phases      ] GC(5)         Dead                      Min: 0, Avg:  0.0, Max: 0, Diff: 0, Sum: 0, Workers: 5
[15.174s][debug][gc,phases      ] GC(5)         Total                     Min: 0, Avg: 15.8, Max: 61, Diff: 61, Sum: 79, Workers: 5
[15.174s][debug][gc,phases      ] GC(5)       VM weak                   Min:  0.0, Avg:  0.0, Max:  0.0, Diff:  0.0, Sum:  0.0, Workers: 5
[15.174s][debug][gc,phases      ] GC(5)         Dead                      Min: 0, Avg:  0.0, Max: 0, Diff: 0, Sum: 0, Workers: 5
[15.174s][debug][gc,phases      ] GC(5)         Total                     Min: 0, Avg: 45.0, Max: 64, Diff: 64, Sum: 225, Workers: 5
[15.174s][debug][gc,phases      ] GC(5)       StringTable weak          Min:  0.0, Avg:  0.0, Max:  0.0, Diff:  0.0, Sum:  0.0, Workers: 5
[15.174s][debug][gc,phases      ] GC(5)         Dead                      Min: 0, Avg:  0.0, Max: 0, Diff: 0, Sum: 0, Workers: 5
[15.174s][debug][gc,phases      ] GC(5)         Total                     Min: 640, Avg: 729.8, Max: 960, Diff: 320, Sum: 3649, Workers: 5
[15.174s][debug][gc,phases      ] GC(5)       ResolvedMethodTable weak  Min:  0.0, Avg:  0.0, Max:  0.0, Diff:  0.0, Sum:  0.0, Workers: 5
[15.174s][debug][gc,phases      ] GC(5)         Dead                      Min: 0, Avg:  0.0, Max: 0, Diff: 0, Sum: 0, Workers: 5
[15.174s][debug][gc,phases      ] GC(5)         Total                     Min: 64, Avg: 118.0, Max: 192, Diff: 128, Sum: 590, Workers: 5
[15.174s][debug][gc,phases      ] GC(5)     Merge Per-Thread State: 0.0ms
[15.174s][debug][gc,phases      ] GC(5)       Copied Bytes              Min: 144, Avg: 64441.0, Max: 402128, Diff: 401984, Sum: 515528, Workers: 8
[15.174s][debug][gc,phases      ] GC(5)       LAB Waste                 Min: 0, Avg: 23.0, Max: 96, Diff: 96, Sum: 184, Workers: 8
[15.174s][debug][gc,phases      ] GC(5)       LAB Undo Waste            Min: 0, Avg: 46.0, Max: 368, Diff: 368, Sum: 368, Workers: 8
[15.174s][debug][gc,phases      ] GC(5)     Code Roots Purge: 0.0ms
[15.174s][debug][gc,phases      ] GC(5)     Redirty Cards: 0.0ms
[15.174s][debug][gc,phases      ] GC(5)     DerivedPointerTable Update: 0.0ms
[15.174s][debug][gc,phases      ] GC(5)     Free Collection Set: 0.0ms
[15.174s][debug][gc,phases      ] GC(5)     Rebuild Free List: 0.1ms
[15.174s][debug][gc,phases      ] GC(5)     Humongous Reclaim: 0.0ms
[15.174s][debug][gc,phases      ] GC(5)     Start New Collection Set: 0.0ms
[15.174s][debug][gc,phases      ] GC(5)     Resize TLABs: 0.0ms
[15.174s][debug][gc,phases      ] GC(5)     Expand Heap After Collection: 0.0ms
[15.174s][info ][gc,phases      ] GC(5)   Other: 0.3ms
[15.174s][info ][gc,heap        ] GC(5) Eden regions: 14->0(14)
[15.174s][info ][gc,heap        ] GC(5) Survivor regions: 1->1(2)
[15.174s][info ][gc,heap        ] GC(5) Old regions: 6->6
[15.174s][info ][gc,heap        ] GC(5) Archive regions: 2->2
[15.174s][info ][gc,heap        ] GC(5) Humongous regions: 0->0
[15.174s][info ][gc,metaspace   ] GC(5) Metaspace: 10546K(11136K)->10546K(11136K) NonClass: 9334K(9728K)->9334K(9728K) Class: 1212K(1408K)->1212K(1408K)
[15.174s][debug][gc,heap        ] GC(5) Heap after GC invocations=6 (full 1): garbage-first heap   total 27648K, used 4364K [0x0000000700000000, 0x0000000800000000)
[15.174s][debug][gc,heap        ] GC(5)   region size 1024K, 1 young (1024K), 1 survivors (1024K)
[15.174s][debug][gc,heap        ] GC(5)  Metaspace       used 10546K, capacity 10850K, committed 11136K, reserved 1058816K
[15.174s][debug][gc,heap        ] GC(5)   class space    used 1212K, capacity 1344K, committed 1408K, reserved 1048576K
[15.174s][info ][gc             ] GC(5) Pause Young (Normal) (G1 Evacuation Pause) 18M->4M(27M) 1.708ms
[15.174s][info ][gc,cpu         ] GC(5) User=0.01s Sys=0.00s Real=0.00s
[15.176s][info ][safepoint      ] Safepoint "G1CollectForAllocation", Time since last: 27264352 ns, Reaching safepoint: 139695 ns, At safepoint: 3925965 ns, Total: 4065660 ns
[15.202s][debug][gc,heap        ] GC(6) Heap before GC invocations=6 (full 1): garbage-first heap   total 27648K, used 18700K [0x0000000700000000, 0x0000000800000000)
[15.202s][debug][gc,heap        ] GC(6)   region size 1024K, 15 young (15360K), 1 survivors (1024K)
[15.202s][debug][gc,heap        ] GC(6)  Metaspace       used 10546K, capacity 10850K, committed 11136K, reserved 1058816K
[15.202s][debug][gc,heap        ] GC(6)   class space    used 1212K, capacity 1344K, committed 1408K, reserved 1048576K
[15.202s][info ][gc,start       ] GC(6) Pause Young (Normal) (G1 Evacuation Pause)
[15.202s][info ][gc,task        ] GC(6) Using 8 workers of 8 for evacuation
[15.202s][debug][gc,tlab        ] GC(6) TLAB totals: thrds: 8  refills: 407 max: 63 slow allocs: 0 max 0 waste:  2.1% gc: 66704B max: 27680B slow: 234992B max: 36320B fast: 0B max: 0B
[15.202s][debug][gc,age         ] GC(6) Desired survivor size 1048576 bytes, new threshold 15 (max threshold 15)
[15.202s][debug][gc,alloc,region] GC(6) Mutator Allocation stats, regions: 14, wasted size: 0B ( 0.0%)
[15.203s][debug][gc,ergo        ] GC(6) Running G1 Merge Heap Roots using 8 workers for 15 regions
[15.203s][debug][gc,remset      ] GC(6) Visited cards 4352 Total dirty 10240 (42.50%) Total old 77824 (5.59%)
[15.203s][debug][gc,ergo        ] GC(6) Running G1 Clear Card Table Task using 1 workers for 1 units of work for 20 regions.
[15.203s][debug][gc,ref         ] GC(6) Skipped phase1 of Reference Processing due to unavailable references
[15.203s][debug][gc,ref         ] GC(6) Skipped phase3 of Reference Processing due to unavailable references
[15.203s][debug][gc,ergo        ] GC(6) Running G1 Free Collection Set using 8 workers for collection set length 15 (27)
[15.203s][debug][gc,ergo        ] GC(6) Running G1 Rebuild Free List Task using 8 workers for rebuilding free list of 0 (4096) regions
[15.203s][trace][gc,age         ] GC(6) Age table with threshold 15 (max threshold 15)
[15.203s][trace][gc,age         ] GC(6) - age   1:       1016 bytes,       1016 total
[15.203s][trace][gc,age         ] GC(6) - age   5:        728 bytes,       1744 total
[15.203s][trace][gc,age         ] GC(6) - age   6:     513824 bytes,     515568 total
[15.203s][debug][gc,plab        ] GC(6) Young PLAB allocation: allocated: 30960B, wasted: 296B, unused: 9720B, used: 20944B, undo waste: 0B, 
[15.203s][debug][gc,plab        ] GC(6) Young other allocation: region end waste: 0B, regions filled: 1, direct allocated: 494624B, failure used: 0B, failure wasted: 0B
[15.203s][debug][gc,plab        ] GC(6) Young sizing: calculated: 4184B, actual: 4160B
[15.203s][debug][gc,plab        ] GC(6) Old PLAB allocation: allocated: 0B, wasted: 0B, unused: 0B, used: 0B, undo waste: 0B, 
[15.203s][debug][gc,plab        ] GC(6) Old other allocation: region end waste: 0B, regions filled: 0, direct allocated: 0B, failure used: 0B, failure wasted: 0B
[15.203s][debug][gc,plab        ] GC(6) Old sizing: calculated: 0B, actual: 2064B
[15.203s][debug][gc,ihop        ] GC(6) Basic information (value update), threshold: 12740198B (45.00), target occupancy: 28311552B, current occupancy: 4470648B, recent allocation size: 0B, recent allocation duration: 29.31ms, recent old gen allocation rate: 0.00B/s, recent marking phase length: 0.00ms
[15.203s][debug][gc,ihop        ] GC(6) Adaptive IHOP information (value update), threshold: 12740198B (47.37), internal target occupancy: 26895974B, occupancy: 4470648B, additional buffer size: 15728640B, predicted old gen allocation rate: 0.00B/s, predicted marking phase length: 0.00ms, prediction active: false
[15.203s][debug][gc,ergo,refine ] GC(6) Concurrent refinement times: Logged Cards Scan time goal: 20.00ms Logged Cards Scan time: 0.01ms HCC time: 0.00ms
[15.203s][debug][gc,ergo,refine ] GC(6) Updated Refinement Zones: green: 2048, yellow: 6144, red: 10240
[15.203s][info ][gc,phases      ] GC(6)   Pre Evacuate Collection Set: 0.1ms
[15.203s][debug][gc,phases      ] GC(6)     Prepare TLABs: 0.0ms
[15.203s][debug][gc,phases      ] GC(6)     Choose Collection Set: 0.0ms
[15.203s][debug][gc,phases      ] GC(6)     Region Register: 0.1ms
[15.203s][debug][gc,phases      ] GC(6)     Prepare Heap Roots: 0.0ms
[15.203s][info ][gc,phases      ] GC(6)   Merge Heap Roots: 0.1ms
[15.203s][debug][gc,phases      ] GC(6)     Prepare Merge Heap Roots: 0.0ms
[15.203s][debug][gc,phases      ] GC(6)     Eager Reclaim (ms):       skipped
[15.203s][debug][gc,phases      ] GC(6)     Remembered Sets (ms):     Min:  0.0, Avg:  0.0, Max:  0.0, Diff:  0.0, Sum:  0.0, Workers: 8
[15.203s][debug][gc,phases      ] GC(6)       Merged Sparse:            Min: 0, Avg:  0.0, Max: 0, Diff: 0, Sum: 0, Workers: 8
[15.203s][debug][gc,phases      ] GC(6)       Merged Fine:              Min: 0, Avg:  0.0, Max: 0, Diff: 0, Sum: 0, Workers: 8
[15.203s][debug][gc,phases      ] GC(6)       Merged Coarse:            Min: 0, Avg:  0.0, Max: 0, Diff: 0, Sum: 0, Workers: 8
[15.203s][debug][gc,phases      ] GC(6)       Dirty Cards:              Min: 0, Avg:  0.0, Max: 0, Diff: 0, Sum: 0, Workers: 8
[15.203s][debug][gc,phases      ] GC(6)     Hot Card Cache (ms):      Min:  0.0, Avg:  0.0, Max:  0.0, Diff:  0.0, Sum:  0.0, Workers: 8
[15.203s][debug][gc,phases      ] GC(6)       Dirty Cards:              Min: 0, Avg:  0.0, Max: 0, Diff: 0, Sum: 0, Workers: 8
[15.203s][debug][gc,phases      ] GC(6)       Skipped Cards:            Min: 0, Avg:  0.0, Max: 0, Diff: 0, Sum: 0, Workers: 8
[15.203s][debug][gc,phases      ] GC(6)     Log Buffers (ms):         Min:  0.0, Avg:  0.0, Max:  0.0, Diff:  0.0, Sum:  0.0, Workers: 8
[15.203s][debug][gc,phases      ] GC(6)       Dirty Cards:              Min: 0, Avg:  6.4, Max: 20, Diff: 20, Sum: 51, Workers: 8
[15.203s][debug][gc,phases      ] GC(6)       Skipped Cards:            Min: 0, Avg:  0.0, Max: 0, Diff: 0, Sum: 0, Workers: 8
[15.203s][info ][gc,phases      ] GC(6)   Evacuate Collection Set: 0.2ms
[15.203s][debug][gc,phases      ] GC(6)     Ext Root Scanning (ms):   Min:  0.0, Avg:  0.0, Max:  0.1, Diff:  0.1, Sum:  0.4, Workers: 8
[15.203s][debug][gc,phases      ] GC(6)     Scan Heap Roots (ms):     Min:  0.0, Avg:  0.0, Max:  0.0, Diff:  0.0, Sum:  0.1, Workers: 8
[15.203s][debug][gc,phases      ] GC(6)       Scanned Cards:            Min: 0, Avg:  6.2, Max: 14, Diff: 14, Sum: 50, Workers: 8
[15.203s][debug][gc,phases      ] GC(6)       Scanned Blocks:           Min: 0, Avg:  5.0, Max: 10, Diff: 10, Sum: 40, Workers: 8
[15.203s][debug][gc,phases      ] GC(6)       Claimed Chunks:           Min: 0, Avg:  2.1, Max: 4, Diff: 4, Sum: 17, Workers: 8
[15.203s][debug][gc,phases      ] GC(6)     Code Root Scan (ms):      Min:  0.0, Avg:  0.0, Max:  0.0, Diff:  0.0, Sum:  0.0, Workers: 8
[15.203s][debug][gc,phases      ] GC(6)     Object Copy (ms):         Min:  0.0, Avg:  0.0, Max:  0.1, Diff:  0.1, Sum:  0.2, Workers: 8
[15.203s][debug][gc,phases      ] GC(6)     Termination (ms):         Min:  0.0, Avg:  0.1, Max:  0.1, Diff:  0.1, Sum:  0.4, Workers: 8
[15.203s][debug][gc,phases      ] GC(6)       Termination Attempts:     Min: 1, Avg:  1.0, Max: 1, Diff: 0, Sum: 8, Workers: 8
[15.203s][debug][gc,phases      ] GC(6)     GC Worker Other (ms):     Min:  0.0, Avg:  0.0, Max:  0.0, Diff:  0.0, Sum:  0.1, Workers: 8
[15.203s][debug][gc,phases      ] GC(6)     GC Worker Total (ms):     Min:  0.1, Avg:  0.1, Max:  0.2, Diff:  0.1, Sum:  1.1, Workers: 8
[15.203s][info ][gc,phases      ] GC(6)   Post Evacuate Collection Set: 0.2ms
[15.203s][debug][gc,phases      ] GC(6)     Code Roots Fixup: 0.0ms
[15.203s][debug][gc,phases      ] GC(6)     Clear Card Table: 0.0ms
[15.203s][debug][gc,phases      ] GC(6)     Reference Processing: 0.0ms
[15.203s][debug][gc,phases,ref  ] GC(6)       Reconsider SoftReferences: 0.0ms
[15.203s][debug][gc,phases,ref  ] GC(6)         SoftRef (ms):             skipped
[15.203s][debug][gc,phases,ref  ] GC(6)       Notify Soft/WeakReferences: 0.0ms
[15.203s][debug][gc,phases,ref  ] GC(6)         SoftRef (ms):             Min:  0.0, Avg:  0.0, Max:  0.0, Diff:  0.0, Sum:  0.0, Workers: 1
[15.203s][debug][gc,phases,ref  ] GC(6)         WeakRef (ms):             Min:  0.0, Avg:  0.0, Max:  0.0, Diff:  0.0, Sum:  0.0, Workers: 1
[15.203s][debug][gc,phases,ref  ] GC(6)         FinalRef (ms):            Min:  0.0, Avg:  0.0, Max:  0.0, Diff:  0.0, Sum:  0.0, Workers: 1
[15.203s][debug][gc,phases,ref  ] GC(6)         Total (ms):               Min:  0.0, Avg:  0.0, Max:  0.0, Diff:  0.0, Sum:  0.0, Workers: 1
[15.203s][debug][gc,phases,ref  ] GC(6)       Notify and keep alive finalizable: 0.0ms
[15.203s][debug][gc,phases,ref  ] GC(6)         FinalRef (ms):            skipped
[15.203s][debug][gc,phases,ref  ] GC(6)       Notify PhantomReferences: 0.0ms
[15.203s][debug][gc,phases,ref  ] GC(6)         PhantomRef (ms):          Min:  0.0, Avg:  0.0, Max:  0.0, Diff:  0.0, Sum:  0.0, Workers: 1
[15.203s][debug][gc,phases,ref  ] GC(6)       SoftReference:
[15.203s][debug][gc,phases,ref  ] GC(6)         Discovered: 0
[15.203s][debug][gc,phases,ref  ] GC(6)         Cleared: 0
[15.204s][debug][gc,phases,ref  ] GC(6)       WeakReference:
[15.204s][debug][gc,phases,ref  ] GC(6)         Discovered: 1
[15.204s][debug][gc,phases,ref  ] GC(6)         Cleared: 1
[15.204s][debug][gc,phases,ref  ] GC(6)       FinalReference:
[15.204s][debug][gc,phases,ref  ] GC(6)         Discovered: 0
[15.204s][debug][gc,phases,ref  ] GC(6)         Cleared: 0
[15.204s][debug][gc,phases,ref  ] GC(6)       PhantomReference:
[15.204s][debug][gc,phases,ref  ] GC(6)         Discovered: 2
[15.204s][debug][gc,phases,ref  ] GC(6)         Cleared: 2
[15.204s][debug][gc,phases      ] GC(6)     Weak Processing: 0.0ms
[15.204s][debug][gc,phases      ] GC(6)       JVMTI weak processing: 0.0ms
[15.204s][debug][gc,phases      ] GC(6)         Dead: 0
[15.204s][debug][gc,phases      ] GC(6)         Total: 0
[15.204s][debug][gc,phases      ] GC(6)       JFR weak processing: 0.0ms
[15.204s][debug][gc,phases      ] GC(6)         Dead: 0
[15.204s][debug][gc,phases      ] GC(6)         Total: 0
[15.204s][debug][gc,phases      ] GC(6)       JNI weak                  Min:  0.0, Avg:  0.0, Max:  0.0, Diff:  0.0, Sum:  0.0, Workers: 5
[15.204s][debug][gc,phases      ] GC(6)         Dead                      Min: 0, Avg:  0.0, Max: 0, Diff: 0, Sum: 0, Workers: 5
[15.204s][debug][gc,phases      ] GC(6)         Total                     Min: 0, Avg: 16.4, Max: 61, Diff: 61, Sum: 82, Workers: 5
[15.204s][debug][gc,phases      ] GC(6)       VM weak                   Min:  0.0, Avg:  0.0, Max:  0.0, Diff:  0.0, Sum:  0.0, Workers: 5
[15.204s][debug][gc,phases      ] GC(6)         Dead                      Min: 0, Avg:  0.0, Max: 0, Diff: 0, Sum: 0, Workers: 5
[15.204s][debug][gc,phases      ] GC(6)         Total                     Min: 0, Avg: 45.0, Max: 128, Diff: 128, Sum: 225, Workers: 5
[15.204s][debug][gc,phases      ] GC(6)       StringTable weak          Min:  0.0, Avg:  0.0, Max:  0.0, Diff:  0.0, Sum:  0.1, Workers: 5
[15.204s][debug][gc,phases      ] GC(6)         Dead                      Min: 0, Avg:  0.0, Max: 0, Diff: 0, Sum: 0, Workers: 5
[15.204s][debug][gc,phases      ] GC(6)         Total                     Min: 577, Avg: 729.8, Max: 832, Diff: 255, Sum: 3649, Workers: 5
[15.204s][debug][gc,phases      ] GC(6)       ResolvedMethodTable weak  Min:  0.0, Avg:  0.0, Max:  0.0, Diff:  0.0, Sum:  0.0, Workers: 5
[15.204s][debug][gc,phases      ] GC(6)         Dead                      Min: 0, Avg:  0.0, Max: 0, Diff: 0, Sum: 0, Workers: 5
[15.204s][debug][gc,phases      ] GC(6)         Total                     Min: 0, Avg: 118.0, Max: 192, Diff: 192, Sum: 590, Workers: 5
[15.204s][debug][gc,phases      ] GC(6)     Merge Per-Thread State: 0.0ms
[15.204s][debug][gc,phases      ] GC(6)       Copied Bytes              Min: 1208, Avg: 64446.0, Max: 400976, Diff: 399768, Sum: 515568, Workers: 8
[15.204s][debug][gc,phases      ] GC(6)       LAB Waste                 Min: 0, Avg: 37.0, Max: 96, Diff: 96, Sum: 296, Workers: 8
[15.204s][debug][gc,phases      ] GC(6)       LAB Undo Waste            Min: 0, Avg:  0.0, Max: 0, Diff: 0, Sum: 0, Workers: 8
[15.204s][debug][gc,phases      ] GC(6)     Code Roots Purge: 0.0ms
[15.204s][debug][gc,phases      ] GC(6)     Redirty Cards: 0.0ms
[15.204s][debug][gc,phases      ] GC(6)     DerivedPointerTable Update: 0.0ms
[15.204s][debug][gc,phases      ] GC(6)     Free Collection Set: 0.1ms
[15.204s][debug][gc,phases      ] GC(6)     Rebuild Free List: 0.0ms
[15.204s][debug][gc,phases      ] GC(6)     Humongous Reclaim: 0.0ms
[15.204s][debug][gc,phases      ] GC(6)     Start New Collection Set: 0.0ms
[15.204s][debug][gc,phases      ] GC(6)     Resize TLABs: 0.0ms
[15.204s][debug][gc,phases      ] GC(6)     Expand Heap After Collection: 0.0ms
[15.204s][info ][gc,phases      ] GC(6)   Other: 0.3ms
[15.204s][info ][gc,heap        ] GC(6) Eden regions: 14->0(14)
[15.204s][info ][gc,heap        ] GC(6) Survivor regions: 1->1(2)
[15.204s][info ][gc,heap        ] GC(6) Old regions: 6->6
[15.204s][info ][gc,heap        ] GC(6) Archive regions: 2->2
[15.204s][info ][gc,heap        ] GC(6) Humongous regions: 0->0
[15.204s][info ][gc,metaspace   ] GC(6) Metaspace: 10546K(11136K)->10546K(11136K) NonClass: 9334K(9728K)->9334K(9728K) Class: 1212K(1408K)->1212K(1408K)
[15.204s][debug][gc,heap        ] GC(6) Heap after GC invocations=7 (full 1): garbage-first heap   total 27648K, used 4365K [0x0000000700000000, 0x0000000800000000)
[15.204s][debug][gc,heap        ] GC(6)   region size 1024K, 1 young (1024K), 1 survivors (1024K)
[15.204s][debug][gc,heap        ] GC(6)  Metaspace       used 10546K, capacity 10850K, committed 11136K, reserved 1058816K
[15.204s][debug][gc,heap        ] GC(6)   class space    used 1212K, capacity 1344K, committed 1408K, reserved 1048576K
[15.204s][info ][gc             ] GC(6) Pause Young (Normal) (G1 Evacuation Pause) 18M->4M(27M) 1.476ms
[15.204s][info ][gc,cpu         ] GC(6) User=0.00s Sys=0.00s Real=0.00s
[15.206s][info ][safepoint      ] Safepoint "G1CollectForAllocation", Time since last: 26219717 ns, Reaching safepoint: 113059 ns, At safepoint: 3499652 ns, Total: 3612711 ns
[15.227s][debug][gc,heap        ] GC(7) Heap before GC invocations=7 (full 1): garbage-first heap   total 27648K, used 18701K [0x0000000700000000, 0x0000000800000000)
[15.227s][debug][gc,heap        ] GC(7)   region size 1024K, 15 young (15360K), 1 survivors (1024K)
[15.227s][debug][gc,heap        ] GC(7)  Metaspace       used 10546K, capacity 10850K, committed 11136K, reserved 1058816K
[15.227s][debug][gc,heap        ] GC(7)   class space    used 1212K, capacity 1344K, committed 1408K, reserved 1048576K
[15.227s][info ][gc,start       ] GC(7) Pause Young (Normal) (G1 Evacuation Pause)
[15.227s][info ][gc,task        ] GC(7) Using 8 workers of 8 for evacuation
[15.227s][debug][gc,tlab        ] GC(7) TLAB totals: thrds: 8  refills: 415 max: 64 slow allocs: 0 max 0 waste:  2.5% gc: 129824B max: 25872B slow: 238512B max: 36512B fast: 0B max: 0B
[15.227s][debug][gc,age         ] GC(7) Desired survivor size 1048576 bytes, new threshold 15 (max threshold 15)
[15.227s][debug][gc,alloc,region] GC(7) Mutator Allocation stats, regions: 14, wasted size: 960B ( 0.0%)
[15.228s][debug][gc,ergo        ] GC(7) Running G1 Merge Heap Roots using 8 workers for 15 regions
[15.228s][debug][gc,remset      ] GC(7) Visited cards 4352 Total dirty 10240 (42.50%) Total old 77824 (5.59%)
[15.228s][debug][gc,ergo        ] GC(7) Running G1 Clear Card Table Task using 1 workers for 1 units of work for 20 regions.
[15.228s][debug][gc,ref         ] GC(7) Skipped phase1 of Reference Processing due to unavailable references
[15.228s][debug][gc,ref         ] GC(7) Skipped phase3 of Reference Processing due to unavailable references
[15.228s][debug][gc,ergo        ] GC(7) Running G1 Free Collection Set using 8 workers for collection set length 15 (27)
[15.228s][debug][gc,ergo        ] GC(7) Running G1 Rebuild Free List Task using 8 workers for rebuilding free list of 0 (4096) regions
[15.228s][trace][gc,age         ] GC(7) Age table with threshold 15 (max threshold 15)
[15.228s][trace][gc,age         ] GC(7) - age   1:        872 bytes,        872 total
[15.228s][trace][gc,age         ] GC(7) - age   6:        728 bytes,       1600 total
[15.228s][trace][gc,age         ] GC(7) - age   7:     513824 bytes,     515424 total
[15.228s][debug][gc,plab        ] GC(7) Young PLAB allocation: allocated: 30960B, wasted: 160B, unused: 10368B, used: 20432B, undo waste: 0B, 
[15.228s][debug][gc,plab        ] GC(7) Young other allocation: region end waste: 0B, regions filled: 1, direct allocated: 494992B, failure used: 0B, failure wasted: 0B
[15.228s][debug][gc,plab        ] GC(7) Young sizing: calculated: 4080B, actual: 4096B
[15.228s][debug][gc,plab        ] GC(7) Old PLAB allocation: allocated: 0B, wasted: 0B, unused: 0B, used: 0B, undo waste: 0B, 
[15.228s][debug][gc,plab        ] GC(7) Old other allocation: region end waste: 0B, regions filled: 0, direct allocated: 0B, failure used: 0B, failure wasted: 0B
[15.228s][debug][gc,plab        ] GC(7) Old sizing: calculated: 0B, actual: 2064B
[15.228s][debug][gc,ihop        ] GC(7) Basic information (value update), threshold: 12740198B (45.00), target occupancy: 28311552B, current occupancy: 4471016B, recent allocation size: 0B, recent allocation duration: 24.40ms, recent old gen allocation rate: 0.00B/s, recent marking phase length: 0.00ms
[15.228s][debug][gc,ihop        ] GC(7) Adaptive IHOP information (value update), threshold: 12740198B (47.37), internal target occupancy: 26895974B, occupancy: 4471016B, additional buffer size: 15728640B, predicted old gen allocation rate: 0.00B/s, predicted marking phase length: 0.00ms, prediction active: false
[15.228s][debug][gc,ergo,refine ] GC(7) Concurrent refinement times: Logged Cards Scan time goal: 20.00ms Logged Cards Scan time: 0.02ms HCC time: 0.00ms
[15.228s][debug][gc,ergo,refine ] GC(7) Updated Refinement Zones: green: 2048, yellow: 6144, red: 10240
[15.228s][info ][gc,phases      ] GC(7)   Pre Evacuate Collection Set: 0.0ms
[15.228s][debug][gc,phases      ] GC(7)     Prepare TLABs: 0.0ms
[15.228s][debug][gc,phases      ] GC(7)     Choose Collection Set: 0.0ms
[15.228s][debug][gc,phases      ] GC(7)     Region Register: 0.0ms
[15.228s][debug][gc,phases      ] GC(7)     Prepare Heap Roots: 0.0ms
[15.228s][info ][gc,phases      ] GC(7)   Merge Heap Roots: 0.1ms
[15.228s][debug][gc,phases      ] GC(7)     Prepare Merge Heap Roots: 0.0ms
[15.228s][debug][gc,phases      ] GC(7)     Eager Reclaim (ms):       skipped
[15.228s][debug][gc,phases      ] GC(7)     Remembered Sets (ms):     Min:  0.0, Avg:  0.0, Max:  0.0, Diff:  0.0, Sum:  0.0, Workers: 8
[15.228s][debug][gc,phases      ] GC(7)       Merged Sparse:            Min: 0, Avg:  0.0, Max: 0, Diff: 0, Sum: 0, Workers: 8
[15.228s][debug][gc,phases      ] GC(7)       Merged Fine:              Min: 0, Avg:  0.0, Max: 0, Diff: 0, Sum: 0, Workers: 8
[15.228s][debug][gc,phases      ] GC(7)       Merged Coarse:            Min: 0, Avg:  0.0, Max: 0, Diff: 0, Sum: 0, Workers: 8
[15.228s][debug][gc,phases      ] GC(7)       Dirty Cards:              Min: 0, Avg:  0.0, Max: 0, Diff: 0, Sum: 0, Workers: 8
[15.228s][debug][gc,phases      ] GC(7)     Hot Card Cache (ms):      Min:  0.0, Avg:  0.0, Max:  0.0, Diff:  0.0, Sum:  0.0, Workers: 8
[15.228s][debug][gc,phases      ] GC(7)       Dirty Cards:              Min: 0, Avg:  0.0, Max: 0, Diff: 0, Sum: 0, Workers: 8
[15.228s][debug][gc,phases      ] GC(7)       Skipped Cards:            Min: 0, Avg:  0.0, Max: 0, Diff: 0, Sum: 0, Workers: 8
[15.228s][debug][gc,phases      ] GC(7)     Log Buffers (ms):         Min:  0.0, Avg:  0.0, Max:  0.0, Diff:  0.0, Sum:  0.0, Workers: 8
[15.228s][debug][gc,phases      ] GC(7)       Dirty Cards:              Min: 0, Avg:  6.8, Max: 16, Diff: 16, Sum: 54, Workers: 8
[15.228s][debug][gc,phases      ] GC(7)       Skipped Cards:            Min: 0, Avg:  0.0, Max: 0, Diff: 0, Sum: 0, Workers: 8
[15.228s][info ][gc,phases      ] GC(7)   Evacuate Collection Set: 0.2ms
[15.228s][debug][gc,phases      ] GC(7)     Ext Root Scanning (ms):   Min:  0.0, Avg:  0.0, Max:  0.1, Diff:  0.1, Sum:  0.3, Workers: 8
[15.228s][debug][gc,phases      ] GC(7)     Scan Heap Roots (ms):     Min:  0.0, Avg:  0.0, Max:  0.0, Diff:  0.0, Sum:  0.1, Workers: 8
[15.228s][debug][gc,phases      ] GC(7)       Scanned Cards:            Min: 0, Avg:  6.2, Max: 11, Diff: 11, Sum: 50, Workers: 8
[15.228s][debug][gc,phases      ] GC(7)       Scanned Blocks:           Min: 0, Avg:  5.0, Max: 8, Diff: 8, Sum: 40, Workers: 8
[15.228s][debug][gc,phases      ] GC(7)       Claimed Chunks:           Min: 0, Avg:  2.1, Max: 3, Diff: 3, Sum: 17, Workers: 8
[15.228s][debug][gc,phases      ] GC(7)     Code Root Scan (ms):      Min:  0.0, Avg:  0.0, Max:  0.0, Diff:  0.0, Sum:  0.0, Workers: 8
[15.228s][debug][gc,phases      ] GC(7)     Object Copy (ms):         Min:  0.0, Avg:  0.0, Max:  0.1, Diff:  0.1, Sum:  0.2, Workers: 8
[15.228s][debug][gc,phases      ] GC(7)     Termination (ms):         Min:  0.0, Avg:  0.1, Max:  0.1, Diff:  0.1, Sum:  0.5, Workers: 8
[15.228s][debug][gc,phases      ] GC(7)       Termination Attempts:     Min: 1, Avg:  1.1, Max: 2, Diff: 1, Sum: 9, Workers: 8
[15.228s][debug][gc,phases      ] GC(7)     GC Worker Other (ms):     Min:  0.0, Avg:  0.0, Max:  0.0, Diff:  0.0, Sum:  0.1, Workers: 8
[15.228s][debug][gc,phases      ] GC(7)     GC Worker Total (ms):     Min:  0.1, Avg:  0.1, Max:  0.2, Diff:  0.0, Sum:  1.2, Workers: 8
[15.228s][info ][gc,phases      ] GC(7)   Post Evacuate Collection Set: 0.2ms
[15.228s][debug][gc,phases      ] GC(7)     Code Roots Fixup: 0.0ms
[15.228s][debug][gc,phases      ] GC(7)     Clear Card Table: 0.0ms
[15.228s][debug][gc,phases      ] GC(7)     Reference Processing: 0.0ms
[15.228s][debug][gc,phases,ref  ] GC(7)       Reconsider SoftReferences: 0.0ms
[15.228s][debug][gc,phases,ref  ] GC(7)         SoftRef (ms):             skipped
[15.228s][debug][gc,phases,ref  ] GC(7)       Notify Soft/WeakReferences: 0.0ms
[15.228s][debug][gc,phases,ref  ] GC(7)         SoftRef (ms):             Min:  0.0, Avg:  0.0, Max:  0.0, Diff:  0.0, Sum:  0.0, Workers: 1
[15.228s][debug][gc,phases,ref  ] GC(7)         WeakRef (ms):             Min:  0.0, Avg:  0.0, Max:  0.0, Diff:  0.0, Sum:  0.0, Workers: 1
[15.228s][debug][gc,phases,ref  ] GC(7)         FinalRef (ms):            Min:  0.0, Avg:  0.0, Max:  0.0, Diff:  0.0, Sum:  0.0, Workers: 1
[15.228s][debug][gc,phases,ref  ] GC(7)         Total (ms):               Min:  0.0, Avg:  0.0, Max:  0.0, Diff:  0.0, Sum:  0.0, Workers: 1
[15.228s][debug][gc,phases,ref  ] GC(7)       Notify and keep alive finalizable: 0.0ms
[15.228s][debug][gc,phases,ref  ] GC(7)         FinalRef (ms):            skipped
[15.228s][debug][gc,phases,ref  ] GC(7)       Notify PhantomReferences: 0.0ms
[15.228s][debug][gc,phases,ref  ] GC(7)         PhantomRef (ms):          Min:  0.0, Avg:  0.0, Max:  0.0, Diff:  0.0, Sum:  0.0, Workers: 1
[15.228s][debug][gc,phases,ref  ] GC(7)       SoftReference:
[15.228s][debug][gc,phases,ref  ] GC(7)         Discovered: 0
[15.228s][debug][gc,phases,ref  ] GC(7)         Cleared: 0
[15.228s][debug][gc,phases,ref  ] GC(7)       WeakReference:
[15.228s][debug][gc,phases,ref  ] GC(7)         Discovered: 1
[15.228s][debug][gc,phases,ref  ] GC(7)         Cleared: 1
[15.229s][debug][gc,phases,ref  ] GC(7)       FinalReference:
[15.229s][debug][gc,phases,ref  ] GC(7)         Discovered: 0
[15.229s][debug][gc,phases,ref  ] GC(7)         Cleared: 0
[15.229s][debug][gc,phases,ref  ] GC(7)       PhantomReference:
[15.229s][debug][gc,phases,ref  ] GC(7)         Discovered: 1
[15.229s][debug][gc,phases,ref  ] GC(7)         Cleared: 1
[15.229s][debug][gc,phases      ] GC(7)     Weak Processing: 0.0ms
[15.229s][debug][gc,phases      ] GC(7)       JVMTI weak processing: 0.0ms
[15.229s][debug][gc,phases      ] GC(7)         Dead: 0
[15.229s][debug][gc,phases      ] GC(7)         Total: 0
[15.229s][debug][gc,phases      ] GC(7)       JFR weak processing: 0.0ms
[15.229s][debug][gc,phases      ] GC(7)         Dead: 0
[15.229s][debug][gc,phases      ] GC(7)         Total: 0
[15.229s][debug][gc,phases      ] GC(7)       JNI weak                  Min:  0.0, Avg:  0.0, Max:  0.0, Diff:  0.0, Sum:  0.0, Workers: 5
[15.229s][debug][gc,phases      ] GC(7)         Dead                      Min: 0, Avg:  0.0, Max: 0, Diff: 0, Sum: 0, Workers: 5
[15.229s][debug][gc,phases      ] GC(7)         Total                     Min: 0, Avg: 16.4, Max: 61, Diff: 61, Sum: 82, Workers: 5
[15.229s][debug][gc,phases      ] GC(7)       VM weak                   Min:  0.0, Avg:  0.0, Max:  0.0, Diff:  0.0, Sum:  0.0, Workers: 5
[15.229s][debug][gc,phases      ] GC(7)         Dead                      Min: 0, Avg:  0.0, Max: 0, Diff: 0, Sum: 0, Workers: 5
[15.229s][debug][gc,phases      ] GC(7)         Total                     Min: 0, Avg: 45.0, Max: 128, Diff: 128, Sum: 225, Workers: 5
[15.229s][debug][gc,phases      ] GC(7)       StringTable weak          Min:  0.0, Avg:  0.0, Max:  0.0, Diff:  0.0, Sum:  0.1, Workers: 5
[15.229s][debug][gc,phases      ] GC(7)         Dead                      Min: 0, Avg:  0.0, Max: 0, Diff: 0, Sum: 0, Workers: 5
[15.229s][debug][gc,phases      ] GC(7)         Total                     Min: 704, Avg: 729.8, Max: 769, Diff: 65, Sum: 3649, Workers: 5
[15.229s][debug][gc,phases      ] GC(7)       ResolvedMethodTable weak  Min:  0.0, Avg:  0.0, Max:  0.0, Diff:  0.0, Sum:  0.0, Workers: 5
[15.229s][debug][gc,phases      ] GC(7)         Dead                      Min: 0, Avg:  0.0, Max: 0, Diff: 0, Sum: 0, Workers: 5
[15.229s][debug][gc,phases      ] GC(7)         Total                     Min: 64, Avg: 118.0, Max: 192, Diff: 128, Sum: 590, Workers: 5
[15.229s][debug][gc,phases      ] GC(7)     Merge Per-Thread State: 0.0ms
[15.229s][debug][gc,phases      ] GC(7)       Copied Bytes              Min: 528, Avg: 64428.0, Max: 401688, Diff: 401160, Sum: 515424, Workers: 8
[15.229s][debug][gc,phases      ] GC(7)       LAB Waste                 Min: 0, Avg: 20.0, Max: 72, Diff: 72, Sum: 160, Workers: 8
[15.229s][debug][gc,phases      ] GC(7)       LAB Undo Waste            Min: 0, Avg:  0.0, Max: 0, Diff: 0, Sum: 0, Workers: 8
[15.229s][debug][gc,phases      ] GC(7)     Code Roots Purge: 0.0ms
[15.229s][debug][gc,phases      ] GC(7)     Redirty Cards: 0.0ms
[15.229s][debug][gc,phases      ] GC(7)     DerivedPointerTable Update: 0.0ms
[15.229s][debug][gc,phases      ] GC(7)     Free Collection Set: 0.0ms
[15.229s][debug][gc,phases      ] GC(7)     Rebuild Free List: 0.0ms
[15.229s][debug][gc,phases      ] GC(7)     Humongous Reclaim: 0.0ms
[15.229s][debug][gc,phases      ] GC(7)     Start New Collection Set: 0.0ms
[15.229s][debug][gc,phases      ] GC(7)     Resize TLABs: 0.0ms
[15.229s][debug][gc,phases      ] GC(7)     Expand Heap After Collection: 0.0ms
[15.229s][info ][gc,phases      ] GC(7)   Other: 0.4ms
[15.229s][info ][gc,heap        ] GC(7) Eden regions: 14->0(14)
[15.229s][info ][gc,heap        ] GC(7) Survivor regions: 1->1(2)
[15.229s][info ][gc,heap        ] GC(7) Old regions: 6->6
[15.229s][info ][gc,heap        ] GC(7) Archive regions: 2->2
[15.229s][info ][gc,heap        ] GC(7) Humongous regions: 0->0
[15.229s][info ][gc,metaspace   ] GC(7) Metaspace: 10546K(11136K)->10546K(11136K) NonClass: 9334K(9728K)->9334K(9728K) Class: 1212K(1408K)->1212K(1408K)
[15.229s][debug][gc,heap        ] GC(7) Heap after GC invocations=8 (full 1): garbage-first heap   total 27648K, used 4366K [0x0000000700000000, 0x0000000800000000)
[15.229s][debug][gc,heap        ] GC(7)   region size 1024K, 1 young (1024K), 1 survivors (1024K)
[15.229s][debug][gc,heap        ] GC(7)  Metaspace       used 10546K, capacity 10850K, committed 11136K, reserved 1058816K
[15.229s][debug][gc,heap        ] GC(7)   class space    used 1212K, capacity 1344K, committed 1408K, reserved 1048576K
[15.229s][info ][gc             ] GC(7) Pause Young (Normal) (G1 Evacuation Pause) 18M->4M(27M) 1.435ms
[15.229s][info ][gc,cpu         ] GC(7) User=0.00s Sys=0.00s Real=0.00s
[15.230s][info ][safepoint      ] Safepoint "G1CollectForAllocation", Time since last: 21471374 ns, Reaching safepoint: 94447 ns, At safepoint: 3142206 ns, Total: 3236653 ns
[15.250s][debug][gc,heap        ] GC(8) Heap before GC invocations=8 (full 1): garbage-first heap   total 27648K, used 18702K [0x0000000700000000, 0x0000000800000000)
[15.250s][debug][gc,heap        ] GC(8)   region size 1024K, 15 young (15360K), 1 survivors (1024K)
[15.250s][debug][gc,heap        ] GC(8)  Metaspace       used 10546K, capacity 10850K, committed 11136K, reserved 1058816K
[15.250s][debug][gc,heap        ] GC(8)   class space    used 1212K, capacity 1344K, committed 1408K, reserved 1048576K
[15.250s][info ][gc,start       ] GC(8) Pause Young (Normal) (G1 Evacuation Pause)
[15.250s][info ][gc,task        ] GC(8) Using 8 workers of 8 for evacuation
[15.250s][debug][gc,tlab        ] GC(8) TLAB totals: thrds: 8  refills: 433 max: 83 slow allocs: 0 max 0 waste:  2.6% gc: 128048B max: 33408B slow: 249000B max: 47800B fast: 0B max: 0B
[15.250s][debug][gc,age         ] GC(8) Desired survivor size 1048576 bytes, new threshold 15 (max threshold 15)
[15.250s][debug][gc,alloc,region] GC(8) Mutator Allocation stats, regions: 14, wasted size: 0B ( 0.0%)
[15.250s][debug][gc,ergo        ] GC(8) Running G1 Merge Heap Roots using 8 workers for 15 regions
[15.250s][debug][gc,remset      ] GC(8) Visited cards 4352 Total dirty 10240 (42.50%) Total old 77824 (5.59%)
[15.251s][debug][gc,ergo        ] GC(8) Running G1 Clear Card Table Task using 1 workers for 1 units of work for 20 regions.
[15.251s][debug][gc,ref         ] GC(8) Skipped phase1 of Reference Processing due to unavailable references
[15.251s][debug][gc,ref         ] GC(8) Skipped phase2 of Reference Processing due to unavailable references
[15.251s][debug][gc,ref         ] GC(8) Skipped phase3 of Reference Processing due to unavailable references
[15.251s][debug][gc,ref         ] GC(8) Skipped phase4 of Reference Processing due to unavailable references
[15.251s][debug][gc,ergo        ] GC(8) Running G1 Free Collection Set using 8 workers for collection set length 15 (27)
[15.251s][debug][gc,ergo        ] GC(8) Running G1 Rebuild Free List Task using 8 workers for rebuilding free list of 0 (4096) regions
[15.251s][trace][gc,age         ] GC(8) Age table with threshold 15 (max threshold 15)
[15.251s][trace][gc,age         ] GC(8) - age   1:        920 bytes,        920 total
[15.251s][trace][gc,age         ] GC(8) - age   7:        728 bytes,       1648 total
[15.251s][trace][gc,age         ] GC(8) - age   8:     513824 bytes,     515472 total
[15.251s][debug][gc,plab        ] GC(8) Young PLAB allocation: allocated: 28896B, wasted: 136B, unused: 8648B, used: 20112B, undo waste: 0B, 
[15.251s][debug][gc,plab        ] GC(8) Young other allocation: region end waste: 0B, regions filled: 1, direct allocated: 495360B, failure used: 0B, failure wasted: 0B
[15.251s][debug][gc,plab        ] GC(8) Young sizing: calculated: 4016B, actual: 4032B
[15.251s][debug][gc,plab        ] GC(8) Old PLAB allocation: allocated: 0B, wasted: 0B, unused: 0B, used: 0B, undo waste: 0B, 
[15.251s][debug][gc,plab        ] GC(8) Old other allocation: region end waste: 0B, regions filled: 0, direct allocated: 0B, failure used: 0B, failure wasted: 0B
[15.251s][debug][gc,plab        ] GC(8) Old sizing: calculated: 0B, actual: 2064B
[15.251s][debug][gc,ihop        ] GC(8) Basic information (value update), threshold: 12740198B (45.00), target occupancy: 28311552B, current occupancy: 4469320B, recent allocation size: 0B, recent allocation duration: 21.94ms, recent old gen allocation rate: 0.00B/s, recent marking phase length: 0.00ms
[15.251s][debug][gc,ihop        ] GC(8) Adaptive IHOP information (value update), threshold: 12740198B (47.37), internal target occupancy: 26895974B, occupancy: 4469320B, additional buffer size: 15728640B, predicted old gen allocation rate: 0.00B/s, predicted marking phase length: 0.00ms, prediction active: false
[15.251s][debug][gc,ergo,refine ] GC(8) Concurrent refinement times: Logged Cards Scan time goal: 20.00ms Logged Cards Scan time: 0.02ms HCC time: 0.00ms
[15.251s][debug][gc,ergo,refine ] GC(8) Updated Refinement Zones: green: 2048, yellow: 6144, red: 10240
[15.251s][info ][gc,phases      ] GC(8)   Pre Evacuate Collection Set: 0.1ms
[15.251s][debug][gc,phases      ] GC(8)     Prepare TLABs: 0.0ms
[15.251s][debug][gc,phases      ] GC(8)     Choose Collection Set: 0.0ms
[15.251s][debug][gc,phases      ] GC(8)     Region Register: 0.1ms
[15.251s][debug][gc,phases      ] GC(8)     Prepare Heap Roots: 0.0ms
[15.251s][info ][gc,phases      ] GC(8)   Merge Heap Roots: 0.1ms
[15.251s][debug][gc,phases      ] GC(8)     Prepare Merge Heap Roots: 0.0ms
[15.251s][debug][gc,phases      ] GC(8)     Eager Reclaim (ms):       skipped
[15.251s][debug][gc,phases      ] GC(8)     Remembered Sets (ms):     Min:  0.0, Avg:  0.0, Max:  0.0, Diff:  0.0, Sum:  0.0, Workers: 8
[15.251s][debug][gc,phases      ] GC(8)       Merged Sparse:            Min: 0, Avg:  0.0, Max: 0, Diff: 0, Sum: 0, Workers: 8
[15.251s][debug][gc,phases      ] GC(8)       Merged Fine:              Min: 0, Avg:  0.0, Max: 0, Diff: 0, Sum: 0, Workers: 8
[15.251s][debug][gc,phases      ] GC(8)       Merged Coarse:            Min: 0, Avg:  0.0, Max: 0, Diff: 0, Sum: 0, Workers: 8
[15.251s][debug][gc,phases      ] GC(8)       Dirty Cards:              Min: 0, Avg:  0.0, Max: 0, Diff: 0, Sum: 0, Workers: 8
[15.251s][debug][gc,phases      ] GC(8)     Hot Card Cache (ms):      Min:  0.0, Avg:  0.0, Max:  0.0, Diff:  0.0, Sum:  0.0, Workers: 8
[15.251s][debug][gc,phases      ] GC(8)       Dirty Cards:              Min: 0, Avg:  0.0, Max: 0, Diff: 0, Sum: 0, Workers: 8
[15.251s][debug][gc,phases      ] GC(8)       Skipped Cards:            Min: 0, Avg:  0.0, Max: 0, Diff: 0, Sum: 0, Workers: 8
[15.251s][debug][gc,phases      ] GC(8)     Log Buffers (ms):         Min:  0.0, Avg:  0.0, Max:  0.0, Diff:  0.0, Sum:  0.0, Workers: 8
[15.251s][debug][gc,phases      ] GC(8)       Dirty Cards:              Min: 0, Avg:  6.8, Max: 14, Diff: 14, Sum: 54, Workers: 8
[15.251s][debug][gc,phases      ] GC(8)       Skipped Cards:            Min: 0, Avg:  0.0, Max: 0, Diff: 0, Sum: 0, Workers: 8
[15.251s][info ][gc,phases      ] GC(8)   Evacuate Collection Set: 0.3ms
[15.251s][debug][gc,phases      ] GC(8)     Ext Root Scanning (ms):   Min:  0.0, Avg:  0.1, Max:  0.1, Diff:  0.1, Sum:  0.5, Workers: 8
[15.251s][debug][gc,phases      ] GC(8)     Scan Heap Roots (ms):     Min:  0.0, Avg:  0.0, Max:  0.0, Diff:  0.0, Sum:  0.1, Workers: 8
[15.251s][debug][gc,phases      ] GC(8)       Scanned Cards:            Min: 0, Avg:  6.2, Max: 14, Diff: 14, Sum: 50, Workers: 8
[15.251s][debug][gc,phases      ] GC(8)       Scanned Blocks:           Min: 0, Avg:  5.0, Max: 10, Diff: 10, Sum: 40, Workers: 8
[15.251s][debug][gc,phases      ] GC(8)       Claimed Chunks:           Min: 0, Avg:  2.1, Max: 4, Diff: 4, Sum: 17, Workers: 8
[15.251s][debug][gc,phases      ] GC(8)     Code Root Scan (ms):      Min:  0.0, Avg:  0.0, Max:  0.0, Diff:  0.0, Sum:  0.0, Workers: 8
[15.251s][debug][gc,phases      ] GC(8)     Object Copy (ms):         Min:  0.0, Avg:  0.0, Max:  0.1, Diff:  0.1, Sum:  0.2, Workers: 8
[15.251s][debug][gc,phases      ] GC(8)     Termination (ms):         Min:  0.0, Avg:  0.1, Max:  0.1, Diff:  0.1, Sum:  0.8, Workers: 8
[15.251s][debug][gc,phases      ] GC(8)       Termination Attempts:     Min: 1, Avg:  1.0, Max: 1, Diff: 0, Sum: 8, Workers: 8
[15.251s][debug][gc,phases      ] GC(8)     GC Worker Other (ms):     Min:  0.0, Avg:  0.0, Max:  0.0, Diff:  0.0, Sum:  0.1, Workers: 8
[15.251s][debug][gc,phases      ] GC(8)     GC Worker Total (ms):     Min:  0.2, Avg:  0.2, Max:  0.2, Diff:  0.1, Sum:  1.6, Workers: 8
[15.251s][info ][gc,phases      ] GC(8)   Post Evacuate Collection Set: 0.2ms
[15.251s][debug][gc,phases      ] GC(8)     Code Roots Fixup: 0.0ms
[15.251s][debug][gc,phases      ] GC(8)     Clear Card Table: 0.1ms
[15.251s][debug][gc,phases      ] GC(8)     Reference Processing: 0.0ms
[15.251s][debug][gc,phases,ref  ] GC(8)       Reconsider SoftReferences: 0.0ms
[15.251s][debug][gc,phases,ref  ] GC(8)         SoftRef (ms):             skipped
[15.251s][debug][gc,phases,ref  ] GC(8)       Notify Soft/WeakReferences: 0.0ms
[15.251s][debug][gc,phases,ref  ] GC(8)         SoftRef (ms):             skipped
[15.251s][debug][gc,phases,ref  ] GC(8)         WeakRef (ms):             skipped
[15.251s][debug][gc,phases,ref  ] GC(8)         FinalRef (ms):            skipped
[15.251s][debug][gc,phases,ref  ] GC(8)         Total (ms):               skipped
[15.251s][debug][gc,phases,ref  ] GC(8)       Notify and keep alive finalizable: 0.0ms
[15.251s][debug][gc,phases,ref  ] GC(8)         FinalRef (ms):            skipped
[15.251s][debug][gc,phases,ref  ] GC(8)       Notify PhantomReferences: 0.0ms
[15.251s][debug][gc,phases,ref  ] GC(8)         PhantomRef (ms):          skipped
[15.251s][debug][gc,phases,ref  ] GC(8)       SoftReference:
[15.251s][debug][gc,phases,ref  ] GC(8)         Discovered: 0
[15.251s][debug][gc,phases,ref  ] GC(8)         Cleared: 0
[15.251s][debug][gc,phases,ref  ] GC(8)       WeakReference:
[15.251s][debug][gc,phases,ref  ] GC(8)         Discovered: 0
[15.251s][debug][gc,phases,ref  ] GC(8)         Cleared: 0
[15.251s][debug][gc,phases,ref  ] GC(8)       FinalReference:
[15.251s][debug][gc,phases,ref  ] GC(8)         Discovered: 0
[15.251s][debug][gc,phases,ref  ] GC(8)         Cleared: 0
[15.251s][debug][gc,phases,ref  ] GC(8)       PhantomReference:
[15.251s][debug][gc,phases,ref  ] GC(8)         Discovered: 0
[15.251s][debug][gc,phases,ref  ] GC(8)         Cleared: 0
[15.251s][debug][gc,phases      ] GC(8)     Weak Processing: 0.0ms
[15.251s][debug][gc,phases      ] GC(8)       JVMTI weak processing: 0.0ms
[15.251s][debug][gc,phases      ] GC(8)         Dead: 0
[15.251s][debug][gc,phases      ] GC(8)         Total: 0
[15.251s][debug][gc,phases      ] GC(8)       JFR weak processing: 0.0ms
[15.251s][debug][gc,phases      ] GC(8)         Dead: 0
[15.251s][debug][gc,phases      ] GC(8)         Total: 0
[15.251s][debug][gc,phases      ] GC(8)       JNI weak                  Min:  0.0, Avg:  0.0, Max:  0.0, Diff:  0.0, Sum:  0.0, Workers: 5
[15.251s][debug][gc,phases      ] GC(8)         Dead                      Min: 0, Avg:  0.0, Max: 0, Diff: 0, Sum: 0, Workers: 5
[15.251s][debug][gc,phases      ] GC(8)         Total                     Min: 0, Avg: 16.4, Max: 61, Diff: 61, Sum: 82, Workers: 5
[15.251s][debug][gc,phases      ] GC(8)       VM weak                   Min:  0.0, Avg:  0.0, Max:  0.0, Diff:  0.0, Sum:  0.0, Workers: 5
[15.251s][debug][gc,phases      ] GC(8)         Dead                      Min: 0, Avg:  0.0, Max: 0, Diff: 0, Sum: 0, Workers: 5
[15.251s][debug][gc,phases      ] GC(8)         Total                     Min: 0, Avg: 45.0, Max: 64, Diff: 64, Sum: 225, Workers: 5
[15.251s][debug][gc,phases      ] GC(8)       StringTable weak          Min:  0.0, Avg:  0.0, Max:  0.0, Diff:  0.0, Sum:  0.1, Workers: 5
[15.251s][debug][gc,phases      ] GC(8)         Dead                      Min: 0, Avg:  0.0, Max: 0, Diff: 0, Sum: 0, Workers: 5
[15.251s][debug][gc,phases      ] GC(8)         Total                     Min: 704, Avg: 729.8, Max: 768, Diff: 64, Sum: 3649, Workers: 5
[15.251s][debug][gc,phases      ] GC(8)       ResolvedMethodTable weak  Min:  0.0, Avg:  0.0, Max:  0.0, Diff:  0.0, Sum:  0.0, Workers: 5
[15.251s][debug][gc,phases      ] GC(8)         Dead                      Min: 0, Avg:  0.0, Max: 0, Diff: 0, Sum: 0, Workers: 5
[15.251s][debug][gc,phases      ] GC(8)         Total                     Min: 14, Avg: 118.0, Max: 192, Diff: 178, Sum: 590, Workers: 5
[15.251s][debug][gc,phases      ] GC(8)     Merge Per-Thread State: 0.0ms
[15.251s][debug][gc,phases      ] GC(8)       Copied Bytes              Min: 1080, Avg: 64434.0, Max: 402760, Diff: 401680, Sum: 515472, Workers: 8
[15.251s][debug][gc,phases      ] GC(8)       LAB Waste                 Min: 0, Avg: 17.0, Max: 40, Diff: 40, Sum: 136, Workers: 8
[15.251s][debug][gc,phases      ] GC(8)       LAB Undo Waste            Min: 0, Avg:  0.0, Max: 0, Diff: 0, Sum: 0, Workers: 8
[15.251s][debug][gc,phases      ] GC(8)     Code Roots Purge: 0.0ms
[15.251s][debug][gc,phases      ] GC(8)     Redirty Cards: 0.0ms
[15.251s][debug][gc,phases      ] GC(8)     DerivedPointerTable Update: 0.0ms
[15.251s][debug][gc,phases      ] GC(8)     Free Collection Set: 0.0ms
[15.251s][debug][gc,phases      ] GC(8)     Rebuild Free List: 0.0ms
[15.251s][debug][gc,phases      ] GC(8)     Humongous Reclaim: 0.0ms
[15.251s][debug][gc,phases      ] GC(8)     Start New Collection Set: 0.0ms
[15.251s][debug][gc,phases      ] GC(8)     Resize TLABs: 0.0ms
[15.251s][debug][gc,phases      ] GC(8)     Expand Heap After Collection: 0.0ms
[15.251s][info ][gc,phases      ] GC(8)   Other: 0.4ms
[15.251s][info ][gc,heap        ] GC(8) Eden regions: 14->0(14)
[15.251s][info ][gc,heap        ] GC(8) Survivor regions: 1->1(2)
[15.251s][info ][gc,heap        ] GC(8) Old regions: 6->6
[15.251s][info ][gc,heap        ] GC(8) Archive regions: 2->2
[15.251s][info ][gc,heap        ] GC(8) Humongous regions: 0->0
[15.252s][info ][gc,metaspace   ] GC(8) Metaspace: 10546K(11136K)->10546K(11136K) NonClass: 9334K(9728K)->9334K(9728K) Class: 1212K(1408K)->1212K(1408K)
[15.252s][debug][gc,heap        ] GC(8) Heap after GC invocations=9 (full 1): garbage-first heap   total 27648K, used 4364K [0x0000000700000000, 0x0000000800000000)
[15.252s][debug][gc,heap        ] GC(8)   region size 1024K, 1 young (1024K), 1 survivors (1024K)
[15.252s][debug][gc,heap        ] GC(8)  Metaspace       used 10546K, capacity 10850K, committed 11136K, reserved 1058816K
[15.252s][debug][gc,heap        ] GC(8)   class space    used 1212K, capacity 1344K, committed 1408K, reserved 1048576K
[15.252s][info ][gc             ] GC(8) Pause Young (Normal) (G1 Evacuation Pause) 18M->4M(27M) 1.530ms
[15.252s][info ][gc,cpu         ] GC(8) User=0.00s Sys=0.00s Real=0.00s
[15.253s][info ][safepoint      ] Safepoint "G1CollectForAllocation", Time since last: 19286070 ns, Reaching safepoint: 137167 ns, At safepoint: 3322908 ns, Total: 3460075 ns
[15.272s][debug][gc,heap        ] GC(9) Heap before GC invocations=9 (full 1): garbage-first heap   total 27648K, used 18700K [0x0000000700000000, 0x0000000800000000)
[15.273s][debug][gc,heap        ] GC(9)   region size 1024K, 15 young (15360K), 1 survivors (1024K)
[15.273s][debug][gc,heap        ] GC(9)  Metaspace       used 10546K, capacity 10850K, committed 11136K, reserved 1058816K
[15.273s][debug][gc,heap        ] GC(9)   class space    used 1212K, capacity 1344K, committed 1408K, reserved 1048576K
[15.273s][info ][gc,start       ] GC(9) Pause Young (Normal) (G1 Evacuation Pause)
[15.273s][info ][gc,task        ] GC(9) Using 8 workers of 8 for evacuation
[15.273s][debug][gc,tlab        ] GC(9) TLAB totals: thrds: 9  refills: 420 max: 68 slow allocs: 0 max 0 waste:  3.2% gc: 224360B max: 98472B slow: 240160B max: 39104B fast: 0B max: 0B
[15.273s][debug][gc,age         ] GC(9) Desired survivor size 1048576 bytes, new threshold 15 (max threshold 15)
[15.273s][debug][gc,alloc,region] GC(9) Mutator Allocation stats, regions: 14, wasted size: 0B ( 0.0%)
[15.273s][debug][gc,ergo        ] GC(9) Running G1 Merge Heap Roots using 8 workers for 15 regions
[15.273s][debug][gc,remset      ] GC(9) Visited cards 4352 Total dirty 10240 (42.50%) Total old 77824 (5.59%)
[15.273s][debug][gc,ergo        ] GC(9) Running G1 Clear Card Table Task using 1 workers for 1 units of work for 20 regions.
[15.273s][debug][gc,ref         ] GC(9) Skipped phase1 of Reference Processing due to unavailable references
[15.273s][debug][gc,ref         ] GC(9) Skipped phase3 of Reference Processing due to unavailable references
[15.273s][debug][gc,ergo        ] GC(9) Running G1 Free Collection Set using 8 workers for collection set length 15 (27)
[15.273s][debug][gc,ergo        ] GC(9) Running G1 Rebuild Free List Task using 8 workers for rebuilding free list of 0 (4096) regions
[15.273s][trace][gc,age         ] GC(9) Age table with threshold 15 (max threshold 15)
[15.273s][trace][gc,age         ] GC(9) - age   1:        872 bytes,        872 total
[15.273s][trace][gc,age         ] GC(9) - age   8:        728 bytes,       1600 total
[15.273s][trace][gc,age         ] GC(9) - age   9:     513824 bytes,     515424 total
[15.273s][debug][gc,plab        ] GC(9) Young PLAB allocation: allocated: 28896B, wasted: 168B, unused: 8296B, used: 20432B, undo waste: 448B, 
[15.273s][debug][gc,plab        ] GC(9) Young other allocation: region end waste: 0B, regions filled: 1, direct allocated: 495440B, failure used: 0B, failure wasted: 0B
[15.273s][debug][gc,plab        ] GC(9) Young sizing: calculated: 4080B, actual: 4064B
[15.273s][debug][gc,plab        ] GC(9) Old PLAB allocation: allocated: 0B, wasted: 0B, unused: 0B, used: 0B, undo waste: 0B, 
[15.273s][debug][gc,plab        ] GC(9) Old other allocation: region end waste: 0B, regions filled: 0, direct allocated: 0B, failure used: 0B, failure wasted: 0B
[15.273s][debug][gc,plab        ] GC(9) Old sizing: calculated: 0B, actual: 2064B
[15.273s][debug][gc,ihop        ] GC(9) Basic information (value update), threshold: 12740198B (45.00), target occupancy: 28311552B, current occupancy: 4469400B, recent allocation size: 0B, recent allocation duration: 21.71ms, recent old gen allocation rate: 0.00B/s, recent marking phase length: 0.00ms
[15.273s][debug][gc,ihop        ] GC(9) Adaptive IHOP information (value update), threshold: 12740198B (47.37), internal target occupancy: 26895974B, occupancy: 4469400B, additional buffer size: 15728640B, predicted old gen allocation rate: 0.00B/s, predicted marking phase length: 0.00ms, prediction active: false
[15.273s][debug][gc,ergo,refine ] GC(9) Concurrent refinement times: Logged Cards Scan time goal: 20.00ms Logged Cards Scan time: 0.01ms HCC time: 0.00ms
[15.273s][debug][gc,ergo,refine ] GC(9) Updated Refinement Zones: green: 2048, yellow: 6144, red: 10240
[15.273s][info ][gc,phases      ] GC(9)   Pre Evacuate Collection Set: 0.1ms
[15.273s][debug][gc,phases      ] GC(9)     Prepare TLABs: 0.0ms
[15.273s][debug][gc,phases      ] GC(9)     Choose Collection Set: 0.0ms
[15.273s][debug][gc,phases      ] GC(9)     Region Register: 0.0ms
[15.273s][debug][gc,phases      ] GC(9)     Prepare Heap Roots: 0.1ms
[15.273s][info ][gc,phases      ] GC(9)   Merge Heap Roots: 0.1ms
[15.273s][debug][gc,phases      ] GC(9)     Prepare Merge Heap Roots: 0.0ms
[15.273s][debug][gc,phases      ] GC(9)     Eager Reclaim (ms):       skipped
[15.273s][debug][gc,phases      ] GC(9)     Remembered Sets (ms):     Min:  0.0, Avg:  0.0, Max:  0.0, Diff:  0.0, Sum:  0.0, Workers: 8
[15.273s][debug][gc,phases      ] GC(9)       Merged Sparse:            Min: 0, Avg:  0.0, Max: 0, Diff: 0, Sum: 0, Workers: 8
[15.274s][debug][gc,phases      ] GC(9)       Merged Fine:              Min: 0, Avg:  0.0, Max: 0, Diff: 0, Sum: 0, Workers: 8
[15.274s][debug][gc,phases      ] GC(9)       Merged Coarse:            Min: 0, Avg:  0.0, Max: 0, Diff: 0, Sum: 0, Workers: 8
[15.274s][debug][gc,phases      ] GC(9)       Dirty Cards:              Min: 0, Avg:  0.0, Max: 0, Diff: 0, Sum: 0, Workers: 8
[15.274s][debug][gc,phases      ] GC(9)     Hot Card Cache (ms):      Min:  0.0, Avg:  0.0, Max:  0.0, Diff:  0.0, Sum:  0.0, Workers: 8
[15.274s][debug][gc,phases      ] GC(9)       Dirty Cards:              Min: 0, Avg:  0.0, Max: 0, Diff: 0, Sum: 0, Workers: 8
[15.274s][debug][gc,phases      ] GC(9)       Skipped Cards:            Min: 0, Avg:  0.0, Max: 0, Diff: 0, Sum: 0, Workers: 8
[15.274s][debug][gc,phases      ] GC(9)     Log Buffers (ms):         Min:  0.0, Avg:  0.0, Max:  0.0, Diff:  0.0, Sum:  0.0, Workers: 8
[15.274s][debug][gc,phases      ] GC(9)       Dirty Cards:              Min: 0, Avg:  6.8, Max: 19, Diff: 19, Sum: 54, Workers: 8
[15.274s][debug][gc,phases      ] GC(9)       Skipped Cards:            Min: 0, Avg:  0.0, Max: 0, Diff: 0, Sum: 0, Workers: 8
[15.274s][info ][gc,phases      ] GC(9)   Evacuate Collection Set: 0.2ms
[15.274s][debug][gc,phases      ] GC(9)     Ext Root Scanning (ms):   Min:  0.0, Avg:  0.1, Max:  0.1, Diff:  0.1, Sum:  0.4, Workers: 8
[15.274s][debug][gc,phases      ] GC(9)     Scan Heap Roots (ms):     Min:  0.0, Avg:  0.0, Max:  0.0, Diff:  0.0, Sum:  0.1, Workers: 8
[15.274s][debug][gc,phases      ] GC(9)       Scanned Cards:            Min: 0, Avg:  6.2, Max: 14, Diff: 14, Sum: 50, Workers: 8
[15.274s][debug][gc,phases      ] GC(9)       Scanned Blocks:           Min: 0, Avg:  5.0, Max: 10, Diff: 10, Sum: 40, Workers: 8
[15.274s][debug][gc,phases      ] GC(9)       Claimed Chunks:           Min: 0, Avg:  2.1, Max: 3, Diff: 3, Sum: 17, Workers: 8
[15.274s][debug][gc,phases      ] GC(9)     Code Root Scan (ms):      Min:  0.0, Avg:  0.0, Max:  0.0, Diff:  0.0, Sum:  0.0, Workers: 8
[15.274s][debug][gc,phases      ] GC(9)     Object Copy (ms):         Min:  0.0, Avg:  0.0, Max:  0.1, Diff:  0.1, Sum:  0.2, Workers: 8
[15.274s][debug][gc,phases      ] GC(9)     Termination (ms):         Min:  0.0, Avg:  0.1, Max:  0.1, Diff:  0.0, Sum:  0.4, Workers: 8
[15.274s][debug][gc,phases      ] GC(9)       Termination Attempts:     Min: 1, Avg:  1.0, Max: 1, Diff: 0, Sum: 8, Workers: 8
[15.274s][debug][gc,phases      ] GC(9)     GC Worker Other (ms):     Min:  0.0, Avg:  0.0, Max:  0.0, Diff:  0.0, Sum:  0.1, Workers: 8
[15.274s][debug][gc,phases      ] GC(9)     GC Worker Total (ms):     Min:  0.2, Avg:  0.2, Max:  0.2, Diff:  0.0, Sum:  1.3, Workers: 8
[15.274s][info ][gc,phases      ] GC(9)   Post Evacuate Collection Set: 0.2ms
[15.274s][debug][gc,phases      ] GC(9)     Code Roots Fixup: 0.0ms
[15.274s][debug][gc,phases      ] GC(9)     Clear Card Table: 0.0ms
[15.274s][debug][gc,phases      ] GC(9)     Reference Processing: 0.0ms
[15.274s][debug][gc,phases,ref  ] GC(9)       Reconsider SoftReferences: 0.0ms
[15.274s][debug][gc,phases,ref  ] GC(9)         SoftRef (ms):             skipped
[15.274s][debug][gc,phases,ref  ] GC(9)       Notify Soft/WeakReferences: 0.0ms
[15.274s][debug][gc,phases,ref  ] GC(9)         SoftRef (ms):             Min:  0.0, Avg:  0.0, Max:  0.0, Diff:  0.0, Sum:  0.0, Workers: 1
[15.274s][debug][gc,phases,ref  ] GC(9)         WeakRef (ms):             Min:  0.0, Avg:  0.0, Max:  0.0, Diff:  0.0, Sum:  0.0, Workers: 1
[15.274s][debug][gc,phases,ref  ] GC(9)         FinalRef (ms):            Min:  0.0, Avg:  0.0, Max:  0.0, Diff:  0.0, Sum:  0.0, Workers: 1
[15.274s][debug][gc,phases,ref  ] GC(9)         Total (ms):               Min:  0.0, Avg:  0.0, Max:  0.0, Diff:  0.0, Sum:  0.0, Workers: 1
[15.274s][debug][gc,phases,ref  ] GC(9)       Notify and keep alive finalizable: 0.0ms
[15.274s][debug][gc,phases,ref  ] GC(9)         FinalRef (ms):            skipped
[15.274s][debug][gc,phases,ref  ] GC(9)       Notify PhantomReferences: 0.0ms
[15.274s][debug][gc,phases,ref  ] GC(9)         PhantomRef (ms):          Min:  0.0, Avg:  0.0, Max:  0.0, Diff:  0.0, Sum:  0.0, Workers: 1
[15.274s][debug][gc,phases,ref  ] GC(9)       SoftReference:
[15.274s][debug][gc,phases,ref  ] GC(9)         Discovered: 0
[15.274s][debug][gc,phases,ref  ] GC(9)         Cleared: 0
[15.274s][debug][gc,phases,ref  ] GC(9)       WeakReference:
[15.274s][debug][gc,phases,ref  ] GC(9)         Discovered: 1
[15.274s][debug][gc,phases,ref  ] GC(9)         Cleared: 1
[15.274s][debug][gc,phases,ref  ] GC(9)       FinalReference:
[15.274s][debug][gc,phases,ref  ] GC(9)         Discovered: 0
[15.274s][debug][gc,phases,ref  ] GC(9)         Cleared: 0
[15.274s][debug][gc,phases,ref  ] GC(9)       PhantomReference:
[15.274s][debug][gc,phases,ref  ] GC(9)         Discovered: 2
[15.274s][debug][gc,phases,ref  ] GC(9)         Cleared: 2
[15.274s][debug][gc,phases      ] GC(9)     Weak Processing: 0.0ms
[15.274s][debug][gc,phases      ] GC(9)       JVMTI weak processing: 0.0ms
[15.274s][debug][gc,phases      ] GC(9)         Dead: 0
[15.274s][debug][gc,phases      ] GC(9)         Total: 0
[15.274s][debug][gc,phases      ] GC(9)       JFR weak processing: 0.0ms
[15.274s][debug][gc,phases      ] GC(9)         Dead: 0
[15.274s][debug][gc,phases      ] GC(9)         Total: 0
[15.274s][debug][gc,phases      ] GC(9)       JNI weak                  Min:  0.0, Avg:  0.0, Max:  0.0, Diff:  0.0, Sum:  0.0, Workers: 5
[15.274s][debug][gc,phases      ] GC(9)         Dead                      Min: 0, Avg:  0.0, Max: 0, Diff: 0, Sum: 0, Workers: 5
[15.274s][debug][gc,phases      ] GC(9)         Total                     Min: 0, Avg: 16.4, Max: 61, Diff: 61, Sum: 82, Workers: 5
[15.274s][debug][gc,phases      ] GC(9)       VM weak                   Min:  0.0, Avg:  0.0, Max:  0.0, Diff:  0.0, Sum:  0.0, Workers: 5
[15.274s][debug][gc,phases      ] GC(9)         Dead                      Min: 0, Avg:  0.0, Max: 0, Diff: 0, Sum: 0, Workers: 5
[15.274s][debug][gc,phases      ] GC(9)         Total                     Min: 0, Avg: 45.0, Max: 97, Diff: 97, Sum: 225, Workers: 5
[15.274s][debug][gc,phases      ] GC(9)       StringTable weak          Min:  0.0, Avg:  0.0, Max:  0.0, Diff:  0.0, Sum:  0.1, Workers: 5
[15.274s][debug][gc,phases      ] GC(9)         Dead                      Min: 0, Avg:  0.0, Max: 0, Diff: 0, Sum: 0, Workers: 5
[15.274s][debug][gc,phases      ] GC(9)         Total                     Min: 640, Avg: 729.8, Max: 769, Diff: 129, Sum: 3649, Workers: 5
[15.274s][debug][gc,phases      ] GC(9)       ResolvedMethodTable weak  Min:  0.0, Avg:  0.0, Max:  0.0, Diff:  0.0, Sum:  0.0, Workers: 5
[15.274s][debug][gc,phases      ] GC(9)         Dead                      Min: 0, Avg:  0.0, Max: 0, Diff: 0, Sum: 0, Workers: 5
[15.274s][debug][gc,phases      ] GC(9)         Total                     Min: 64, Avg: 118.0, Max: 192, Diff: 128, Sum: 590, Workers: 5
[15.274s][debug][gc,phases      ] GC(9)     Merge Per-Thread State: 0.0ms
[15.274s][debug][gc,phases      ] GC(9)       Copied Bytes              Min: 0, Avg: 64428.0, Max: 402432, Diff: 402432, Sum: 515424, Workers: 8
[15.274s][debug][gc,phases      ] GC(9)       LAB Waste                 Min: 0, Avg: 21.0, Max: 80, Diff: 80, Sum: 168, Workers: 8
[15.274s][debug][gc,phases      ] GC(9)       LAB Undo Waste            Min: 0, Avg: 56.0, Max: 448, Diff: 448, Sum: 448, Workers: 8
[15.274s][debug][gc,phases      ] GC(9)     Code Roots Purge: 0.0ms
[15.274s][debug][gc,phases      ] GC(9)     Redirty Cards: 0.0ms
[15.274s][debug][gc,phases      ] GC(9)     DerivedPointerTable Update: 0.0ms
[15.274s][debug][gc,phases      ] GC(9)     Free Collection Set: 0.1ms
[15.274s][debug][gc,phases      ] GC(9)     Rebuild Free List: 0.0ms
[15.274s][debug][gc,phases      ] GC(9)     Humongous Reclaim: 0.0ms
[15.274s][debug][gc,phases      ] GC(9)     Start New Collection Set: 0.0ms
[15.274s][debug][gc,phases      ] GC(9)     Resize TLABs: 0.0ms
[15.274s][debug][gc,phases      ] GC(9)     Expand Heap After Collection: 0.0ms
[15.274s][info ][gc,phases      ] GC(9)   Other: 0.3ms
[15.274s][info ][gc,heap        ] GC(9) Eden regions: 14->0(14)
[15.274s][info ][gc,heap        ] GC(9) Survivor regions: 1->1(2)
[15.274s][info ][gc,heap        ] GC(9) Old regions: 6->6
[15.274s][info ][gc,heap        ] GC(9) Archive regions: 2->2
[15.274s][info ][gc,heap        ] GC(9) Humongous regions: 0->0
[15.274s][info ][gc,metaspace   ] GC(9) Metaspace: 10546K(11136K)->10546K(11136K) NonClass: 9334K(9728K)->9334K(9728K) Class: 1212K(1408K)->1212K(1408K)
[15.274s][debug][gc,heap        ] GC(9) Heap after GC invocations=10 (full 1): garbage-first heap   total 27648K, used 4364K [0x0000000700000000, 0x0000000800000000)
[15.274s][debug][gc,heap        ] GC(9)   region size 1024K, 1 young (1024K), 1 survivors (1024K)
[15.274s][debug][gc,heap        ] GC(9)  Metaspace       used 10546K, capacity 10850K, committed 11136K, reserved 1058816K
[15.274s][debug][gc,heap        ] GC(9)   class space    used 1212K, capacity 1344K, committed 1408K, reserved 1048576K
[15.274s][info ][gc             ] GC(9) Pause Young (Normal) (G1 Evacuation Pause) 18M->4M(27M) 1.516ms
[15.274s][info ][gc,cpu         ] GC(9) User=0.00s Sys=0.00s Real=0.01s
[15.276s][info ][safepoint      ] Safepoint "G1CollectForAllocation", Time since last: 19162110 ns, Reaching safepoint: 109197 ns, At safepoint: 3086405 ns, Total: 3195602 ns
[15.296s][debug][gc,heap        ] GC(10) Heap before GC invocations=10 (full 1): garbage-first heap   total 27648K, used 18700K [0x0000000700000000, 0x0000000800000000)
[15.296s][debug][gc,heap        ] GC(10)   region size 1024K, 15 young (15360K), 1 survivors (1024K)
[15.296s][debug][gc,heap        ] GC(10)  Metaspace       used 10546K, capacity 10850K, committed 11136K, reserved 1058816K
[15.296s][debug][gc,heap        ] GC(10)   class space    used 1212K, capacity 1344K, committed 1408K, reserved 1048576K
[15.296s][info ][gc,start       ] GC(10) Pause Young (Normal) (G1 Evacuation Pause)
[15.296s][info ][gc,task        ] GC(10) Using 8 workers of 8 for evacuation
[15.296s][debug][gc,tlab        ] GC(10) TLAB totals: thrds: 10  refills: 431 max: 68 slow allocs: 0 max 0 waste:  3.7% gc: 292128B max: 93376B slow: 246104B max: 38776B fast: 0B max: 0B
[15.296s][debug][gc,age         ] GC(10) Desired survivor size 1048576 bytes, new threshold 15 (max threshold 15)
[15.296s][debug][gc,alloc,region] GC(10) Mutator Allocation stats, regions: 14, wasted size: 1024B ( 0.0%)
[15.296s][debug][gc,ergo        ] GC(10) Running G1 Merge Heap Roots using 8 workers for 15 regions
[15.296s][debug][gc,remset      ] GC(10) Visited cards 4608 Total dirty 10240 (45.00%) Total old 77824 (5.92%)
[15.296s][debug][gc,ergo        ] GC(10) Running G1 Clear Card Table Task using 1 workers for 1 units of work for 20 regions.
[15.296s][debug][gc,ref         ] GC(10) Skipped phase1 of Reference Processing due to unavailable references
[15.296s][debug][gc,ref         ] GC(10) Skipped phase3 of Reference Processing due to unavailable references
[15.296s][debug][gc,ergo        ] GC(10) Running G1 Free Collection Set using 8 workers for collection set length 15 (27)
[15.296s][debug][gc,ergo        ] GC(10) Running G1 Rebuild Free List Task using 8 workers for rebuilding free list of 0 (4096) regions
[15.296s][trace][gc,age         ] GC(10) Age table with threshold 15 (max threshold 15)
[15.296s][trace][gc,age         ] GC(10) - age   1:       1128 bytes,       1128 total
[15.296s][trace][gc,age         ] GC(10) - age   9:        664 bytes,       1792 total
[15.296s][trace][gc,age         ] GC(10) - age  10:     513792 bytes,     515584 total
[15.296s][debug][gc,plab        ] GC(10) Young PLAB allocation: allocated: 28896B, wasted: 232B, unused: 8072B, used: 20592B, undo waste: 44368B, 
[15.296s][debug][gc,plab        ] GC(10) Young other allocation: region end waste: 0B, regions filled: 1, direct allocated: 539360B, failure used: 0B, failure wasted: 0B
[15.296s][debug][gc,plab        ] GC(10) Young sizing: calculated: 4112B, actual: 4096B
[15.296s][debug][gc,plab        ] GC(10) Old PLAB allocation: allocated: 0B, wasted: 0B, unused: 0B, used: 0B, undo waste: 0B, 
[15.296s][debug][gc,plab        ] GC(10) Old other allocation: region end waste: 0B, regions filled: 0, direct allocated: 0B, failure used: 0B, failure wasted: 0B
[15.296s][debug][gc,plab        ] GC(10) Old sizing: calculated: 0B, actual: 2064B
[15.296s][debug][gc,ihop        ] GC(10) Basic information (value update), threshold: 12740198B (45.00), target occupancy: 28311552B, current occupancy: 4513320B, recent allocation size: 0B, recent allocation duration: 22.30ms, recent old gen allocation rate: 0.00B/s, recent marking phase length: 0.00ms
[15.296s][debug][gc,ihop        ] GC(10) Adaptive IHOP information (value update), threshold: 12740198B (47.37), internal target occupancy: 26895974B, occupancy: 4513320B, additional buffer size: 15728640B, predicted old gen allocation rate: 0.00B/s, predicted marking phase length: 0.00ms, prediction active: false
[15.296s][debug][gc,ergo,refine ] GC(10) Concurrent refinement times: Logged Cards Scan time goal: 20.00ms Logged Cards Scan time: 0.02ms HCC time: 0.00ms
[15.296s][debug][gc,ergo,refine ] GC(10) Updated Refinement Zones: green: 2048, yellow: 6144, red: 10240
[15.296s][info ][gc,phases      ] GC(10)   Pre Evacuate Collection Set: 0.1ms
[15.296s][debug][gc,phases      ] GC(10)     Prepare TLABs: 0.0ms
[15.296s][debug][gc,phases      ] GC(10)     Choose Collection Set: 0.0ms
[15.296s][debug][gc,phases      ] GC(10)     Region Register: 0.0ms
[15.296s][debug][gc,phases      ] GC(10)     Prepare Heap Roots: 0.0ms
[15.296s][info ][gc,phases      ] GC(10)   Merge Heap Roots: 0.1ms
[15.296s][debug][gc,phases      ] GC(10)     Prepare Merge Heap Roots: 0.0ms
[15.296s][debug][gc,phases      ] GC(10)     Eager Reclaim (ms):       skipped
[15.296s][debug][gc,phases      ] GC(10)     Remembered Sets (ms):     Min:  0.0, Avg:  0.0, Max:  0.0, Diff:  0.0, Sum:  0.0, Workers: 8
[15.296s][debug][gc,phases      ] GC(10)       Merged Sparse:            Min: 0, Avg:  0.0, Max: 0, Diff: 0, Sum: 0, Workers: 8
[15.296s][debug][gc,phases      ] GC(10)       Merged Fine:              Min: 0, Avg:  0.0, Max: 0, Diff: 0, Sum: 0, Workers: 8
[15.296s][debug][gc,phases      ] GC(10)       Merged Coarse:            Min: 0, Avg:  0.0, Max: 0, Diff: 0, Sum: 0, Workers: 8
[15.296s][debug][gc,phases      ] GC(10)       Dirty Cards:              Min: 0, Avg:  0.0, Max: 0, Diff: 0, Sum: 0, Workers: 8
[15.296s][debug][gc,phases      ] GC(10)     Hot Card Cache (ms):      Min:  0.0, Avg:  0.0, Max:  0.0, Diff:  0.0, Sum:  0.0, Workers: 8
[15.296s][debug][gc,phases      ] GC(10)       Dirty Cards:              Min: 0, Avg:  0.0, Max: 0, Diff: 0, Sum: 0, Workers: 8
[15.296s][debug][gc,phases      ] GC(10)       Skipped Cards:            Min: 0, Avg:  0.0, Max: 0, Diff: 0, Sum: 0, Workers: 8
[15.296s][debug][gc,phases      ] GC(10)     Log Buffers (ms):         Min:  0.0, Avg:  0.0, Max:  0.0, Diff:  0.0, Sum:  0.0, Workers: 8
[15.296s][debug][gc,phases      ] GC(10)       Dirty Cards:              Min: 0, Avg:  7.6, Max: 26, Diff: 26, Sum: 61, Workers: 8
[15.296s][debug][gc,phases      ] GC(10)       Skipped Cards:            Min: 0, Avg:  0.0, Max: 0, Diff: 0, Sum: 0, Workers: 8
[15.296s][info ][gc,phases      ] GC(10)   Evacuate Collection Set: 0.2ms
[15.296s][debug][gc,phases      ] GC(10)     Ext Root Scanning (ms):   Min:  0.0, Avg:  0.0, Max:  0.1, Diff:  0.1, Sum:  0.4, Workers: 8
[15.296s][debug][gc,phases      ] GC(10)     Scan Heap Roots (ms):     Min:  0.0, Avg:  0.0, Max:  0.0, Diff:  0.0, Sum:  0.1, Workers: 8
[15.296s][debug][gc,phases      ] GC(10)       Scanned Cards:            Min: 0, Avg:  7.0, Max: 13, Diff: 13, Sum: 56, Workers: 8
[15.296s][debug][gc,phases      ] GC(10)       Scanned Blocks:           Min: 0, Avg:  5.5, Max: 10, Diff: 10, Sum: 44, Workers: 8
[15.297s][debug][gc,phases      ] GC(10)       Claimed Chunks:           Min: 0, Avg:  2.2, Max: 4, Diff: 4, Sum: 18, Workers: 8
[15.297s][debug][gc,phases      ] GC(10)     Code Root Scan (ms):      Min:  0.0, Avg:  0.0, Max:  0.0, Diff:  0.0, Sum:  0.0, Workers: 8
[15.297s][debug][gc,phases      ] GC(10)     Object Copy (ms):         Min:  0.0, Avg:  0.0, Max:  0.1, Diff:  0.1, Sum:  0.2, Workers: 8
[15.297s][debug][gc,phases      ] GC(10)     Termination (ms):         Min:  0.0, Avg:  0.1, Max:  0.1, Diff:  0.1, Sum:  0.4, Workers: 8
[15.297s][debug][gc,phases      ] GC(10)       Termination Attempts:     Min: 1, Avg:  1.0, Max: 1, Diff: 0, Sum: 8, Workers: 8
[15.297s][debug][gc,phases      ] GC(10)     GC Worker Other (ms):     Min:  0.0, Avg:  0.0, Max:  0.0, Diff:  0.0, Sum:  0.1, Workers: 8
[15.297s][debug][gc,phases      ] GC(10)     GC Worker Total (ms):     Min:  0.1, Avg:  0.1, Max:  0.2, Diff:  0.0, Sum:  1.2, Workers: 8
[15.297s][info ][gc,phases      ] GC(10)   Post Evacuate Collection Set: 0.2ms
[15.297s][debug][gc,phases      ] GC(10)     Code Roots Fixup: 0.0ms
[15.297s][debug][gc,phases      ] GC(10)     Clear Card Table: 0.0ms
[15.297s][debug][gc,phases      ] GC(10)     Reference Processing: 0.0ms
[15.297s][debug][gc,phases,ref  ] GC(10)       Reconsider SoftReferences: 0.0ms
[15.297s][debug][gc,phases,ref  ] GC(10)         SoftRef (ms):             skipped
[15.297s][debug][gc,phases,ref  ] GC(10)       Notify Soft/WeakReferences: 0.0ms
[15.297s][debug][gc,phases,ref  ] GC(10)         SoftRef (ms):             Min:  0.0, Avg:  0.0, Max:  0.0, Diff:  0.0, Sum:  0.0, Workers: 1
[15.297s][debug][gc,phases,ref  ] GC(10)         WeakRef (ms):             Min:  0.0, Avg:  0.0, Max:  0.0, Diff:  0.0, Sum:  0.0, Workers: 1
[15.297s][debug][gc,phases,ref  ] GC(10)         FinalRef (ms):            Min:  0.0, Avg:  0.0, Max:  0.0, Diff:  0.0, Sum:  0.0, Workers: 1
[15.297s][debug][gc,phases,ref  ] GC(10)         Total (ms):               Min:  0.0, Avg:  0.0, Max:  0.0, Diff:  0.0, Sum:  0.0, Workers: 1
[15.297s][debug][gc,phases,ref  ] GC(10)       Notify and keep alive finalizable: 0.0ms
[15.297s][debug][gc,phases,ref  ] GC(10)         FinalRef (ms):            skipped
[15.297s][debug][gc,phases,ref  ] GC(10)       Notify PhantomReferences: 0.0ms
[15.297s][debug][gc,phases,ref  ] GC(10)         PhantomRef (ms):          Min:  0.0, Avg:  0.0, Max:  0.0, Diff:  0.0, Sum:  0.0, Workers: 1
[15.297s][debug][gc,phases,ref  ] GC(10)       SoftReference:
[15.297s][debug][gc,phases,ref  ] GC(10)         Discovered: 0
[15.297s][debug][gc,phases,ref  ] GC(10)         Cleared: 0
[15.297s][debug][gc,phases,ref  ] GC(10)       WeakReference:
[15.297s][debug][gc,phases,ref  ] GC(10)         Discovered: 1
[15.297s][debug][gc,phases,ref  ] GC(10)         Cleared: 0
[15.297s][debug][gc,phases,ref  ] GC(10)       FinalReference:
[15.297s][debug][gc,phases,ref  ] GC(10)         Discovered: 0
[15.297s][debug][gc,phases,ref  ] GC(10)         Cleared: 0
[15.297s][debug][gc,phases,ref  ] GC(10)       PhantomReference:
[15.297s][debug][gc,phases,ref  ] GC(10)         Discovered: 2
[15.297s][debug][gc,phases,ref  ] GC(10)         Cleared: 2
[15.297s][debug][gc,phases      ] GC(10)     Weak Processing: 0.0ms
[15.297s][debug][gc,phases      ] GC(10)       JVMTI weak processing: 0.0ms
[15.297s][debug][gc,phases      ] GC(10)         Dead: 0
[15.297s][debug][gc,phases      ] GC(10)         Total: 0
[15.297s][debug][gc,phases      ] GC(10)       JFR weak processing: 0.0ms
[15.297s][debug][gc,phases      ] GC(10)         Dead: 0
[15.297s][debug][gc,phases      ] GC(10)         Total: 0
[15.297s][debug][gc,phases      ] GC(10)       JNI weak                  Min:  0.0, Avg:  0.0, Max:  0.0, Diff:  0.0, Sum:  0.0, Workers: 5
[15.297s][debug][gc,phases      ] GC(10)         Dead                      Min: 0, Avg:  0.0, Max: 0, Diff: 0, Sum: 0, Workers: 5
[15.297s][debug][gc,phases      ] GC(10)         Total                     Min: 0, Avg: 16.4, Max: 82, Diff: 82, Sum: 82, Workers: 5
[15.297s][debug][gc,phases      ] GC(10)       VM weak                   Min:  0.0, Avg:  0.0, Max:  0.0, Diff:  0.0, Sum:  0.0, Workers: 5
[15.297s][debug][gc,phases      ] GC(10)         Dead                      Min: 0, Avg:  0.0, Max: 0, Diff: 0, Sum: 0, Workers: 5
[15.297s][debug][gc,phases      ] GC(10)         Total                     Min: 0, Avg: 45.0, Max: 64, Diff: 64, Sum: 225, Workers: 5
[15.297s][debug][gc,phases      ] GC(10)       StringTable weak          Min:  0.0, Avg:  0.0, Max:  0.0, Diff:  0.0, Sum:  0.1, Workers: 5
[15.297s][debug][gc,phases      ] GC(10)         Dead                      Min: 0, Avg:  0.0, Max: 0, Diff: 0, Sum: 0, Workers: 5
[15.297s][debug][gc,phases      ] GC(10)         Total                     Min: 704, Avg: 729.8, Max: 768, Diff: 64, Sum: 3649, Workers: 5
[15.297s][debug][gc,phases      ] GC(10)       ResolvedMethodTable weak  Min:  0.0, Avg:  0.0, Max:  0.0, Diff:  0.0, Sum:  0.0, Workers: 5
[15.297s][debug][gc,phases      ] GC(10)         Dead                      Min: 0, Avg:  0.0, Max: 0, Diff: 0, Sum: 0, Workers: 5
[15.297s][debug][gc,phases      ] GC(10)         Total                     Min: 64, Avg: 118.0, Max: 192, Diff: 128, Sum: 590, Workers: 5
[15.297s][debug][gc,phases      ] GC(10)     Merge Per-Thread State: 0.0ms
[15.297s][debug][gc,phases      ] GC(10)       Copied Bytes              Min: 0, Avg: 64448.0, Max: 404928, Diff: 404928, Sum: 515584, Workers: 8
[15.297s][debug][gc,phases      ] GC(10)       LAB Waste                 Min: 0, Avg: 29.0, Max: 72, Diff: 72, Sum: 232, Workers: 8
[15.297s][debug][gc,phases      ] GC(10)       LAB Undo Waste            Min: 0, Avg: 5546.0, Max: 44368, Diff: 44368, Sum: 44368, Workers: 8
[15.297s][debug][gc,phases      ] GC(10)     Code Roots Purge: 0.0ms
[15.297s][debug][gc,phases      ] GC(10)     Redirty Cards: 0.0ms
[15.297s][debug][gc,phases      ] GC(10)     DerivedPointerTable Update: 0.0ms
[15.297s][debug][gc,phases      ] GC(10)     Free Collection Set: 0.0ms
[15.297s][debug][gc,phases      ] GC(10)     Rebuild Free List: 0.0ms
[15.297s][debug][gc,phases      ] GC(10)     Humongous Reclaim: 0.0ms
[15.297s][debug][gc,phases      ] GC(10)     Start New Collection Set: 0.0ms
[15.297s][debug][gc,phases      ] GC(10)     Resize TLABs: 0.0ms
[15.297s][debug][gc,phases      ] GC(10)     Expand Heap After Collection: 0.0ms
[15.297s][info ][gc,phases      ] GC(10)   Other: 0.3ms
[15.297s][info ][gc,heap        ] GC(10) Eden regions: 14->0(14)
[15.297s][info ][gc,heap        ] GC(10) Survivor regions: 1->1(2)
[15.297s][info ][gc,heap        ] GC(10) Old regions: 6->6
[15.297s][info ][gc,heap        ] GC(10) Archive regions: 2->2
[15.297s][info ][gc,heap        ] GC(10) Humongous regions: 0->0
[15.297s][info ][gc,metaspace   ] GC(10) Metaspace: 10546K(11136K)->10546K(11136K) NonClass: 9334K(9728K)->9334K(9728K) Class: 1212K(1408K)->1212K(1408K)
[15.297s][debug][gc,heap        ] GC(10) Heap after GC invocations=11 (full 1): garbage-first heap   total 27648K, used 4407K [0x0000000700000000, 0x0000000800000000)
[15.297s][debug][gc,heap        ] GC(10)   region size 1024K, 1 young (1024K), 1 survivors (1024K)
[15.297s][debug][gc,heap        ] GC(10)  Metaspace       used 10546K, capacity 10850K, committed 11136K, reserved 1058816K
[15.297s][debug][gc,heap        ] GC(10)   class space    used 1212K, capacity 1344K, committed 1408K, reserved 1048576K
[15.297s][info ][gc             ] GC(10) Pause Young (Normal) (G1 Evacuation Pause) 18M->4M(27M) 1.327ms
[15.297s][info ][gc,cpu         ] GC(10) User=0.00s Sys=0.00s Real=0.00s
[15.299s][info ][safepoint      ] Safepoint "G1CollectForAllocation", Time since last: 19851493 ns, Reaching safepoint: 137810 ns, At safepoint: 3006460 ns, Total: 3144270 ns
[15.319s][debug][gc,heap        ] GC(11) Heap before GC invocations=11 (full 1): garbage-first heap   total 27648K, used 18743K [0x0000000700000000, 0x0000000800000000)
[15.319s][debug][gc,heap        ] GC(11)   region size 1024K, 15 young (15360K), 1 survivors (1024K)
[15.319s][debug][gc,heap        ] GC(11)  Metaspace       used 10546K, capacity 10850K, committed 11136K, reserved 1058816K
[15.319s][debug][gc,heap        ] GC(11)   class space    used 1212K, capacity 1344K, committed 1408K, reserved 1048576K
[15.319s][info ][gc,start       ] GC(11) Pause Young (Normal) (G1 Evacuation Pause)
[15.319s][info ][gc,task        ] GC(11) Using 8 workers of 8 for evacuation
[15.319s][debug][gc,tlab        ] GC(11) TLAB totals: thrds: 10  refills: 424 max: 70 slow allocs: 0 max 0 waste:  2.8% gc: 167208B max: 56888B slow: 242872B max: 40792B fast: 0B max: 0B
[15.319s][debug][gc,age         ] GC(11) Desired survivor size 1048576 bytes, new threshold 15 (max threshold 15)
[15.319s][debug][gc,alloc,region] GC(11) Mutator Allocation stats, regions: 14, wasted size: 0B ( 0.0%)
[15.319s][debug][gc,ergo        ] GC(11) Running G1 Merge Heap Roots using 8 workers for 15 regions
[15.319s][debug][gc,remset      ] GC(11) Visited cards 4608 Total dirty 10240 (45.00%) Total old 77824 (5.92%)
[15.320s][debug][gc,ergo        ] GC(11) Running G1 Clear Card Table Task using 1 workers for 1 units of work for 20 regions.
[15.320s][debug][gc,ref         ] GC(11) Skipped phase1 of Reference Processing due to unavailable references
[15.320s][debug][gc,ref         ] GC(11) Skipped phase3 of Reference Processing due to unavailable references
[15.320s][debug][gc,ergo        ] GC(11) Running G1 Free Collection Set using 8 workers for collection set length 15 (27)
[15.320s][debug][gc,ergo        ] GC(11) Running G1 Rebuild Free List Task using 8 workers for rebuilding free list of 0 (4096) regions
[15.320s][trace][gc,age         ] GC(11) Age table with threshold 15 (max threshold 15)
[15.320s][trace][gc,age         ] GC(11) - age   1:       1136 bytes,       1136 total
[15.320s][trace][gc,age         ] GC(11) - age  10:        664 bytes,       1800 total
[15.320s][trace][gc,age         ] GC(11) - age  11:     513792 bytes,     515592 total
[15.320s][debug][gc,plab        ] GC(11) Young PLAB allocation: allocated: 30960B, wasted: 232B, unused: 10128B, used: 20600B, undo waste: 368B, 
[15.320s][debug][gc,plab        ] GC(11) Young other allocation: region end waste: 0B, regions filled: 1, direct allocated: 495360B, failure used: 0B, failure wasted: 0B
[15.320s][debug][gc,plab        ] GC(11) Young sizing: calculated: 4120B, actual: 4112B
[15.320s][debug][gc,plab        ] GC(11) Old PLAB allocation: allocated: 0B, wasted: 0B, unused: 0B, used: 0B, undo waste: 0B, 
[15.320s][debug][gc,plab        ] GC(11) Old other allocation: region end waste: 0B, regions filled: 0, direct allocated: 0B, failure used: 0B, failure wasted: 0B
[15.320s][debug][gc,plab        ] GC(11) Old sizing: calculated: 0B, actual: 2064B
[15.320s][debug][gc,ihop        ] GC(11) Basic information (value update), threshold: 12740198B (45.00), target occupancy: 28311552B, current occupancy: 4471384B, recent allocation size: 0B, recent allocation duration: 22.91ms, recent old gen allocation rate: 0.00B/s, recent marking phase length: 0.00ms
[15.320s][debug][gc,ihop        ] GC(11) Adaptive IHOP information (value update), threshold: 12740198B (47.37), internal target occupancy: 26895974B, occupancy: 4471384B, additional buffer size: 15728640B, predicted old gen allocation rate: 0.00B/s, predicted marking phase length: 0.00ms, prediction active: false
[15.320s][debug][gc,ergo,refine ] GC(11) Concurrent refinement times: Logged Cards Scan time goal: 20.00ms Logged Cards Scan time: 0.02ms HCC time: 0.00ms
[15.320s][debug][gc,ergo,refine ] GC(11) Updated Refinement Zones: green: 2048, yellow: 6144, red: 10240
[15.320s][info ][gc,phases      ] GC(11)   Pre Evacuate Collection Set: 0.0ms
[15.320s][debug][gc,phases      ] GC(11)     Prepare TLABs: 0.0ms
[15.320s][debug][gc,phases      ] GC(11)     Choose Collection Set: 0.0ms
[15.320s][debug][gc,phases      ] GC(11)     Region Register: 0.0ms
[15.320s][debug][gc,phases      ] GC(11)     Prepare Heap Roots: 0.0ms
[15.320s][info ][gc,phases      ] GC(11)   Merge Heap Roots: 0.1ms
[15.320s][debug][gc,phases      ] GC(11)     Prepare Merge Heap Roots: 0.0ms
[15.320s][debug][gc,phases      ] GC(11)     Eager Reclaim (ms):       skipped
[15.320s][debug][gc,phases      ] GC(11)     Remembered Sets (ms):     Min:  0.0, Avg:  0.0, Max:  0.0, Diff:  0.0, Sum:  0.0, Workers: 8
[15.320s][debug][gc,phases      ] GC(11)       Merged Sparse:            Min: 0, Avg:  0.0, Max: 0, Diff: 0, Sum: 0, Workers: 8
[15.320s][debug][gc,phases      ] GC(11)       Merged Fine:              Min: 0, Avg:  0.0, Max: 0, Diff: 0, Sum: 0, Workers: 8
[15.320s][debug][gc,phases      ] GC(11)       Merged Coarse:            Min: 0, Avg:  0.0, Max: 0, Diff: 0, Sum: 0, Workers: 8
[15.320s][debug][gc,phases      ] GC(11)       Dirty Cards:              Min: 0, Avg:  0.0, Max: 0, Diff: 0, Sum: 0, Workers: 8
[15.320s][debug][gc,phases      ] GC(11)     Hot Card Cache (ms):      Min:  0.0, Avg:  0.0, Max:  0.0, Diff:  0.0, Sum:  0.0, Workers: 8
[15.320s][debug][gc,phases      ] GC(11)       Dirty Cards:              Min: 0, Avg:  0.0, Max: 0, Diff: 0, Sum: 0, Workers: 8
[15.320s][debug][gc,phases      ] GC(11)       Skipped Cards:            Min: 0, Avg:  0.0, Max: 0, Diff: 0, Sum: 0, Workers: 8
[15.320s][debug][gc,phases      ] GC(11)     Log Buffers (ms):         Min:  0.0, Avg:  0.0, Max:  0.0, Diff:  0.0, Sum:  0.0, Workers: 8
[15.320s][debug][gc,phases      ] GC(11)       Dirty Cards:              Min: 0, Avg:  7.2, Max: 20, Diff: 20, Sum: 58, Workers: 8
[15.320s][debug][gc,phases      ] GC(11)       Skipped Cards:            Min: 0, Avg:  0.0, Max: 0, Diff: 0, Sum: 0, Workers: 8
[15.320s][info ][gc,phases      ] GC(11)   Evacuate Collection Set: 0.2ms
[15.320s][debug][gc,phases      ] GC(11)     Ext Root Scanning (ms):   Min:  0.0, Avg:  0.1, Max:  0.1, Diff:  0.1, Sum:  0.6, Workers: 8
[15.320s][debug][gc,phases      ] GC(11)     Scan Heap Roots (ms):     Min:  0.0, Avg:  0.0, Max:  0.0, Diff:  0.0, Sum:  0.1, Workers: 8
[15.320s][debug][gc,phases      ] GC(11)       Scanned Cards:            Min: 0, Avg:  6.9, Max: 16, Diff: 16, Sum: 55, Workers: 8
[15.320s][debug][gc,phases      ] GC(11)       Scanned Blocks:           Min: 0, Avg:  5.4, Max: 12, Diff: 12, Sum: 43, Workers: 8
[15.320s][debug][gc,phases      ] GC(11)       Claimed Chunks:           Min: 0, Avg:  2.2, Max: 4, Diff: 4, Sum: 18, Workers: 8
[15.320s][debug][gc,phases      ] GC(11)     Code Root Scan (ms):      Min:  0.0, Avg:  0.0, Max:  0.0, Diff:  0.0, Sum:  0.0, Workers: 8
[15.320s][debug][gc,phases      ] GC(11)     Object Copy (ms):         Min:  0.0, Avg:  0.0, Max:  0.1, Diff:  0.1, Sum:  0.2, Workers: 8
[15.320s][debug][gc,phases      ] GC(11)     Termination (ms):         Min:  0.0, Avg:  0.1, Max:  0.1, Diff:  0.1, Sum:  0.4, Workers: 8
[15.320s][debug][gc,phases      ] GC(11)       Termination Attempts:     Min: 1, Avg:  1.0, Max: 1, Diff: 0, Sum: 8, Workers: 8
[15.320s][debug][gc,phases      ] GC(11)     GC Worker Other (ms):     Min:  0.0, Avg:  0.0, Max:  0.0, Diff:  0.0, Sum:  0.0, Workers: 8
[15.320s][debug][gc,phases      ] GC(11)     GC Worker Total (ms):     Min:  0.2, Avg:  0.2, Max:  0.2, Diff:  0.0, Sum:  1.4, Workers: 8
[15.320s][info ][gc,phases      ] GC(11)   Post Evacuate Collection Set: 0.2ms
[15.320s][debug][gc,phases      ] GC(11)     Code Roots Fixup: 0.0ms
[15.320s][debug][gc,phases      ] GC(11)     Clear Card Table: 0.0ms
[15.320s][debug][gc,phases      ] GC(11)     Reference Processing: 0.0ms
[15.320s][debug][gc,phases,ref  ] GC(11)       Reconsider SoftReferences: 0.0ms
[15.320s][debug][gc,phases,ref  ] GC(11)         SoftRef (ms):             skipped
[15.320s][debug][gc,phases,ref  ] GC(11)       Notify Soft/WeakReferences: 0.0ms
[15.320s][debug][gc,phases,ref  ] GC(11)         SoftRef (ms):             Min:  0.0, Avg:  0.0, Max:  0.0, Diff:  0.0, Sum:  0.0, Workers: 1
[15.320s][debug][gc,phases,ref  ] GC(11)         WeakRef (ms):             Min:  0.0, Avg:  0.0, Max:  0.0, Diff:  0.0, Sum:  0.0, Workers: 1
[15.320s][debug][gc,phases,ref  ] GC(11)         FinalRef (ms):            Min:  0.0, Avg:  0.0, Max:  0.0, Diff:  0.0, Sum:  0.0, Workers: 1
[15.320s][debug][gc,phases,ref  ] GC(11)         Total (ms):               Min:  0.0, Avg:  0.0, Max:  0.0, Diff:  0.0, Sum:  0.0, Workers: 1
[15.320s][debug][gc,phases,ref  ] GC(11)       Notify and keep alive finalizable: 0.0ms
[15.320s][debug][gc,phases,ref  ] GC(11)         FinalRef (ms):            skipped
[15.320s][debug][gc,phases,ref  ] GC(11)       Notify PhantomReferences: 0.0ms
[15.320s][debug][gc,phases,ref  ] GC(11)         PhantomRef (ms):          Min:  0.0, Avg:  0.0, Max:  0.0, Diff:  0.0, Sum:  0.0, Workers: 1
[15.320s][debug][gc,phases,ref  ] GC(11)       SoftReference:
[15.320s][debug][gc,phases,ref  ] GC(11)         Discovered: 0
[15.320s][debug][gc,phases,ref  ] GC(11)         Cleared: 0
[15.320s][debug][gc,phases,ref  ] GC(11)       WeakReference:
[15.320s][debug][gc,phases,ref  ] GC(11)         Discovered: 1
[15.320s][debug][gc,phases,ref  ] GC(11)         Cleared: 0
[15.320s][debug][gc,phases,ref  ] GC(11)       FinalReference:
[15.320s][debug][gc,phases,ref  ] GC(11)         Discovered: 0
[15.320s][debug][gc,phases,ref  ] GC(11)         Cleared: 0
[15.320s][debug][gc,phases,ref  ] GC(11)       PhantomReference:
[15.320s][debug][gc,phases,ref  ] GC(11)         Discovered: 2
[15.320s][debug][gc,phases,ref  ] GC(11)         Cleared: 2
[15.320s][debug][gc,phases      ] GC(11)     Weak Processing: 0.0ms
[15.320s][debug][gc,phases      ] GC(11)       JVMTI weak processing: 0.0ms
[15.320s][debug][gc,phases      ] GC(11)         Dead: 0
[15.320s][debug][gc,phases      ] GC(11)         Total: 0
[15.320s][debug][gc,phases      ] GC(11)       JFR weak processing: 0.0ms
[15.320s][debug][gc,phases      ] GC(11)         Dead: 0
[15.320s][debug][gc,phases      ] GC(11)         Total: 0
[15.320s][debug][gc,phases      ] GC(11)       JNI weak                  Min:  0.0, Avg:  0.0, Max:  0.0, Diff:  0.0, Sum:  0.0, Workers: 5
[15.320s][debug][gc,phases      ] GC(11)         Dead                      Min: 0, Avg:  0.0, Max: 0, Diff: 0, Sum: 0, Workers: 5
[15.320s][debug][gc,phases      ] GC(11)         Total                     Min: 0, Avg: 16.4, Max: 61, Diff: 61, Sum: 82, Workers: 5
[15.320s][debug][gc,phases      ] GC(11)       VM weak                   Min:  0.0, Avg:  0.0, Max:  0.0, Diff:  0.0, Sum:  0.0, Workers: 5
[15.320s][debug][gc,phases      ] GC(11)         Dead                      Min: 0, Avg:  0.0, Max: 0, Diff: 0, Sum: 0, Workers: 5
[15.321s][debug][gc,phases      ] GC(11)         Total                     Min: 0, Avg: 45.0, Max: 97, Diff: 97, Sum: 225, Workers: 5
[15.321s][debug][gc,phases      ] GC(11)       StringTable weak          Min:  0.0, Avg:  0.0, Max:  0.0, Diff:  0.0, Sum:  0.1, Workers: 5
[15.321s][debug][gc,phases      ] GC(11)         Dead                      Min: 0, Avg:  0.0, Max: 0, Diff: 0, Sum: 0, Workers: 5
[15.321s][debug][gc,phases      ] GC(11)         Total                     Min: 704, Avg: 729.8, Max: 768, Diff: 64, Sum: 3649, Workers: 5
[15.321s][debug][gc,phases      ] GC(11)       ResolvedMethodTable weak  Min:  0.0, Avg:  0.0, Max:  0.0, Diff:  0.0, Sum:  0.0, Workers: 5
[15.321s][debug][gc,phases      ] GC(11)         Dead                      Min: 0, Avg:  0.0, Max: 0, Diff: 0, Sum: 0, Workers: 5
[15.321s][debug][gc,phases      ] GC(11)         Total                     Min: 64, Avg: 118.0, Max: 192, Diff: 128, Sum: 590, Workers: 5
[15.321s][debug][gc,phases      ] GC(11)     Merge Per-Thread State: 0.0ms
[15.321s][debug][gc,phases      ] GC(11)       Copied Bytes              Min: 152, Avg: 64449.0, Max: 400944, Diff: 400792, Sum: 515592, Workers: 8
[15.321s][debug][gc,phases      ] GC(11)       LAB Waste                 Min: 0, Avg: 29.0, Max: 104, Diff: 104, Sum: 232, Workers: 8
[15.321s][debug][gc,phases      ] GC(11)       LAB Undo Waste            Min: 0, Avg: 46.0, Max: 368, Diff: 368, Sum: 368, Workers: 8
[15.321s][debug][gc,phases      ] GC(11)     Code Roots Purge: 0.0ms
[15.321s][debug][gc,phases      ] GC(11)     Redirty Cards: 0.0ms
[15.321s][debug][gc,phases      ] GC(11)     DerivedPointerTable Update: 0.0ms
[15.321s][debug][gc,phases      ] GC(11)     Free Collection Set: 0.0ms
[15.321s][debug][gc,phases      ] GC(11)     Rebuild Free List: 0.0ms
[15.321s][debug][gc,phases      ] GC(11)     Humongous Reclaim: 0.0ms
[15.321s][debug][gc,phases      ] GC(11)     Start New Collection Set: 0.0ms
[15.321s][debug][gc,phases      ] GC(11)     Resize TLABs: 0.0ms
[15.321s][debug][gc,phases      ] GC(11)     Expand Heap After Collection: 0.0ms
[15.321s][info ][gc,phases      ] GC(11)   Other: 0.3ms
[15.321s][info ][gc,heap        ] GC(11) Eden regions: 14->0(14)
[15.321s][info ][gc,heap        ] GC(11) Survivor regions: 1->1(2)
[15.321s][info ][gc,heap        ] GC(11) Old regions: 6->6
[15.321s][info ][gc,heap        ] GC(11) Archive regions: 2->2
[15.321s][info ][gc,heap        ] GC(11) Humongous regions: 0->0
[15.321s][info ][gc,metaspace   ] GC(11) Metaspace: 10546K(11136K)->10546K(11136K) NonClass: 9334K(9728K)->9334K(9728K) Class: 1212K(1408K)->1212K(1408K)
[15.321s][debug][gc,heap        ] GC(11) Heap after GC invocations=12 (full 1): garbage-first heap   total 27648K, used 4366K [0x0000000700000000, 0x0000000800000000)
[15.321s][debug][gc,heap        ] GC(11)   region size 1024K, 1 young (1024K), 1 survivors (1024K)
[15.321s][debug][gc,heap        ] GC(11)  Metaspace       used 10546K, capacity 10850K, committed 11136K, reserved 1058816K
[15.321s][debug][gc,heap        ] GC(11)   class space    used 1212K, capacity 1344K, committed 1408K, reserved 1048576K
[15.321s][info ][gc             ] GC(11) Pause Young (Normal) (G1 Evacuation Pause) 18M->4M(27M) 1.504ms
[15.321s][info ][gc,cpu         ] GC(11) User=0.00s Sys=0.00s Real=0.00s
[15.321s][info ][safepoint      ] Safepoint "G1CollectForAllocation", Time since last: 20394642 ns, Reaching safepoint: 159919 ns, At safepoint: 1935536 ns, Total: 2095455 ns
[15.341s][debug][gc,heap        ] GC(12) Heap before GC invocations=12 (full 1): garbage-first heap   total 27648K, used 18702K [0x0000000700000000, 0x0000000800000000)
[15.341s][debug][gc,heap        ] GC(12)   region size 1024K, 15 young (15360K), 1 survivors (1024K)
[15.341s][debug][gc,heap        ] GC(12)  Metaspace       used 10546K, capacity 10850K, committed 11136K, reserved 1058816K
[15.341s][debug][gc,heap        ] GC(12)   class space    used 1212K, capacity 1344K, committed 1408K, reserved 1048576K
[15.342s][info ][gc,start       ] GC(12) Pause Young (Normal) (G1 Evacuation Pause)
[15.342s][info ][gc,task        ] GC(12) Using 8 workers of 8 for evacuation
[15.342s][debug][gc,tlab        ] GC(12) TLAB totals: thrds: 10  refills: 441 max: 73 slow allocs: 0 max 0 waste:  2.9% gc: 179032B max: 33544B slow: 252384B max: 42664B fast: 0B max: 0B
[15.342s][debug][gc,age         ] GC(12) Desired survivor size 1048576 bytes, new threshold 15 (max threshold 15)
[15.342s][debug][gc,alloc,region] GC(12) Mutator Allocation stats, regions: 14, wasted size: 1240B ( 0.0%)
[15.342s][debug][gc,ergo        ] GC(12) Running G1 Merge Heap Roots using 8 workers for 15 regions
[15.342s][debug][gc,remset      ] GC(12) Visited cards 4608 Total dirty 10240 (45.00%) Total old 77824 (5.92%)
[15.342s][debug][gc,ergo        ] GC(12) Running G1 Clear Card Table Task using 1 workers for 1 units of work for 20 regions.
[15.342s][debug][gc,ref         ] GC(12) Skipped phase1 of Reference Processing due to unavailable references
[15.342s][debug][gc,ref         ] GC(12) Skipped phase3 of Reference Processing due to unavailable references
[15.342s][debug][gc,ergo        ] GC(12) Running G1 Free Collection Set using 8 workers for collection set length 15 (27)
[15.342s][debug][gc,ergo        ] GC(12) Running G1 Rebuild Free List Task using 8 workers for rebuilding free list of 0 (4096) regions
[15.342s][trace][gc,age         ] GC(12) Age table with threshold 15 (max threshold 15)
[15.342s][trace][gc,age         ] GC(12) - age   1:        864 bytes,        864 total
[15.342s][trace][gc,age         ] GC(12) - age  11:        664 bytes,       1528 total
[15.342s][trace][gc,age         ] GC(12) - age  12:     513792 bytes,     515320 total
[15.342s][debug][gc,plab        ] GC(12) Young PLAB allocation: allocated: 30960B, wasted: 248B, unused: 10464B, used: 20248B, undo waste: 272B, 
[15.342s][debug][gc,plab        ] GC(12) Young other allocation: region end waste: 0B, regions filled: 1, direct allocated: 495344B, failure used: 0B, failure wasted: 0B
[15.342s][debug][gc,plab        ] GC(12) Young sizing: calculated: 4048B, actual: 4064B
[15.342s][debug][gc,plab        ] GC(12) Old PLAB allocation: allocated: 0B, wasted: 0B, unused: 0B, used: 0B, undo waste: 0B, 
[15.342s][debug][gc,plab        ] GC(12) Old other allocation: region end waste: 0B, regions filled: 0, direct allocated: 0B, failure used: 0B, failure wasted: 0B
[15.342s][debug][gc,plab        ] GC(12) Old sizing: calculated: 0B, actual: 2064B
[15.342s][debug][gc,ihop        ] GC(12) Basic information (value update), threshold: 12740198B (45.00), target occupancy: 28311552B, current occupancy: 4471368B, recent allocation size: 0B, recent allocation duration: 21.67ms, recent old gen allocation rate: 0.00B/s, recent marking phase length: 0.00ms
[15.342s][debug][gc,ihop        ] GC(12) Adaptive IHOP information (value update), threshold: 12740198B (47.37), internal target occupancy: 26895974B, occupancy: 4471368B, additional buffer size: 15728640B, predicted old gen allocation rate: 0.00B/s, predicted marking phase length: 0.00ms, prediction active: false
[15.342s][debug][gc,ergo,refine ] GC(12) Concurrent refinement times: Logged Cards Scan time goal: 20.00ms Logged Cards Scan time: 0.02ms HCC time: 0.00ms
[15.342s][debug][gc,ergo,refine ] GC(12) Updated Refinement Zones: green: 2048, yellow: 6144, red: 10240
[15.342s][info ][gc,phases      ] GC(12)   Pre Evacuate Collection Set: 0.1ms
[15.342s][debug][gc,phases      ] GC(12)     Prepare TLABs: 0.0ms
[15.342s][debug][gc,phases      ] GC(12)     Choose Collection Set: 0.0ms
[15.342s][debug][gc,phases      ] GC(12)     Region Register: 0.1ms
[15.342s][debug][gc,phases      ] GC(12)     Prepare Heap Roots: 0.0ms
[15.342s][info ][gc,phases      ] GC(12)   Merge Heap Roots: 0.1ms
[15.342s][debug][gc,phases      ] GC(12)     Prepare Merge Heap Roots: 0.0ms
[15.342s][debug][gc,phases      ] GC(12)     Eager Reclaim (ms):       skipped
[15.342s][debug][gc,phases      ] GC(12)     Remembered Sets (ms):     Min:  0.0, Avg:  0.0, Max:  0.0, Diff:  0.0, Sum:  0.0, Workers: 8
[15.342s][debug][gc,phases      ] GC(12)       Merged Sparse:            Min: 0, Avg:  0.0, Max: 0, Diff: 0, Sum: 0, Workers: 8
[15.342s][debug][gc,phases      ] GC(12)       Merged Fine:              Min: 0, Avg:  0.0, Max: 0, Diff: 0, Sum: 0, Workers: 8
[15.342s][debug][gc,phases      ] GC(12)       Merged Coarse:            Min: 0, Avg:  0.0, Max: 0, Diff: 0, Sum: 0, Workers: 8
[15.342s][debug][gc,phases      ] GC(12)       Dirty Cards:              Min: 0, Avg:  0.0, Max: 0, Diff: 0, Sum: 0, Workers: 8
[15.342s][debug][gc,phases      ] GC(12)     Hot Card Cache (ms):      Min:  0.0, Avg:  0.0, Max:  0.0, Diff:  0.0, Sum:  0.0, Workers: 8
[15.342s][debug][gc,phases      ] GC(12)       Dirty Cards:              Min: 0, Avg:  0.0, Max: 0, Diff: 0, Sum: 0, Workers: 8
[15.342s][debug][gc,phases      ] GC(12)       Skipped Cards:            Min: 0, Avg:  0.0, Max: 0, Diff: 0, Sum: 0, Workers: 8
[15.342s][debug][gc,phases      ] GC(12)     Log Buffers (ms):         Min:  0.0, Avg:  0.0, Max:  0.0, Diff:  0.0, Sum:  0.0, Workers: 8
[15.342s][debug][gc,phases      ] GC(12)       Dirty Cards:              Min: 0, Avg:  6.9, Max: 33, Diff: 33, Sum: 55, Workers: 8
[15.342s][debug][gc,phases      ] GC(12)       Skipped Cards:            Min: 0, Avg:  0.0, Max: 0, Diff: 0, Sum: 0, Workers: 8
[15.342s][info ][gc,phases      ] GC(12)   Evacuate Collection Set: 0.2ms
[15.342s][debug][gc,phases      ] GC(12)     Ext Root Scanning (ms):   Min:  0.0, Avg:  0.0, Max:  0.1, Diff:  0.1, Sum:  0.3, Workers: 8
[15.342s][debug][gc,phases      ] GC(12)     Scan Heap Roots (ms):     Min:  0.0, Avg:  0.0, Max:  0.0, Diff:  0.0, Sum:  0.1, Workers: 8
[15.342s][debug][gc,phases      ] GC(12)       Scanned Cards:            Min: 0, Avg:  6.9, Max: 12, Diff: 12, Sum: 55, Workers: 8
[15.342s][debug][gc,phases      ] GC(12)       Scanned Blocks:           Min: 0, Avg:  5.4, Max: 8, Diff: 8, Sum: 43, Workers: 8
[15.342s][debug][gc,phases      ] GC(12)       Claimed Chunks:           Min: 0, Avg:  2.2, Max: 3, Diff: 3, Sum: 18, Workers: 8
[15.342s][debug][gc,phases      ] GC(12)     Code Root Scan (ms):      Min:  0.0, Avg:  0.0, Max:  0.0, Diff:  0.0, Sum:  0.0, Workers: 8
[15.342s][debug][gc,phases      ] GC(12)     Object Copy (ms):         Min:  0.0, Avg:  0.0, Max:  0.1, Diff:  0.1, Sum:  0.2, Workers: 8
[15.342s][debug][gc,phases      ] GC(12)     Termination (ms):         Min:  0.0, Avg:  0.1, Max:  0.1, Diff:  0.1, Sum:  0.5, Workers: 8
[15.342s][debug][gc,phases      ] GC(12)       Termination Attempts:     Min: 1, Avg:  1.0, Max: 1, Diff: 0, Sum: 8, Workers: 8
[15.342s][debug][gc,phases      ] GC(12)     GC Worker Other (ms):     Min:  0.0, Avg:  0.0, Max:  0.0, Diff:  0.0, Sum:  0.1, Workers: 8
[15.342s][debug][gc,phases      ] GC(12)     GC Worker Total (ms):     Min:  0.1, Avg:  0.1, Max:  0.2, Diff:  0.1, Sum:  1.1, Workers: 8
[15.342s][info ][gc,phases      ] GC(12)   Post Evacuate Collection Set: 0.3ms
[15.343s][debug][gc,phases      ] GC(12)     Code Roots Fixup: 0.0ms
[15.343s][debug][gc,phases      ] GC(12)     Clear Card Table: 0.0ms
[15.343s][debug][gc,phases      ] GC(12)     Reference Processing: 0.0ms
[15.343s][debug][gc,phases,ref  ] GC(12)       Reconsider SoftReferences: 0.0ms
[15.343s][debug][gc,phases,ref  ] GC(12)         SoftRef (ms):             skipped
[15.343s][debug][gc,phases,ref  ] GC(12)       Notify Soft/WeakReferences: 0.0ms
[15.343s][debug][gc,phases,ref  ] GC(12)         SoftRef (ms):             Min:  0.0, Avg:  0.0, Max:  0.0, Diff:  0.0, Sum:  0.0, Workers: 1
[15.343s][debug][gc,phases,ref  ] GC(12)         WeakRef (ms):             Min:  0.0, Avg:  0.0, Max:  0.0, Diff:  0.0, Sum:  0.0, Workers: 1
[15.343s][debug][gc,phases,ref  ] GC(12)         FinalRef (ms):            Min:  0.0, Avg:  0.0, Max:  0.0, Diff:  0.0, Sum:  0.0, Workers: 1
[15.343s][debug][gc,phases,ref  ] GC(12)         Total (ms):               Min:  0.0, Avg:  0.0, Max:  0.0, Diff:  0.0, Sum:  0.0, Workers: 1
[15.343s][debug][gc,phases,ref  ] GC(12)       Notify and keep alive finalizable: 0.0ms
[15.343s][debug][gc,phases,ref  ] GC(12)         FinalRef (ms):            skipped
[15.343s][debug][gc,phases,ref  ] GC(12)       Notify PhantomReferences: 0.0ms
[15.343s][debug][gc,phases,ref  ] GC(12)         PhantomRef (ms):          Min:  0.0, Avg:  0.0, Max:  0.0, Diff:  0.0, Sum:  0.0, Workers: 1
[15.343s][debug][gc,phases,ref  ] GC(12)       SoftReference:
[15.343s][debug][gc,phases,ref  ] GC(12)         Discovered: 0
[15.343s][debug][gc,phases,ref  ] GC(12)         Cleared: 0
[15.343s][debug][gc,phases,ref  ] GC(12)       WeakReference:
[15.343s][debug][gc,phases,ref  ] GC(12)         Discovered: 1
[15.343s][debug][gc,phases,ref  ] GC(12)         Cleared: 0
[15.343s][debug][gc,phases,ref  ] GC(12)       FinalReference:
[15.343s][debug][gc,phases,ref  ] GC(12)         Discovered: 0
[15.343s][debug][gc,phases,ref  ] GC(12)         Cleared: 0
[15.343s][debug][gc,phases,ref  ] GC(12)       PhantomReference:
[15.343s][debug][gc,phases,ref  ] GC(12)         Discovered: 1
[15.343s][debug][gc,phases,ref  ] GC(12)         Cleared: 1
[15.343s][debug][gc,phases      ] GC(12)     Weak Processing: 0.1ms
[15.343s][debug][gc,phases      ] GC(12)       JVMTI weak processing: 0.0ms
[15.343s][debug][gc,phases      ] GC(12)         Dead: 0
[15.343s][debug][gc,phases      ] GC(12)         Total: 0
[15.343s][debug][gc,phases      ] GC(12)       JFR weak processing: 0.0ms
[15.343s][debug][gc,phases      ] GC(12)         Dead: 0
[15.343s][debug][gc,phases      ] GC(12)         Total: 0
[15.343s][debug][gc,phases      ] GC(12)       JNI weak                  Min:  0.0, Avg:  0.0, Max:  0.0, Diff:  0.0, Sum:  0.0, Workers: 5
[15.343s][debug][gc,phases      ] GC(12)         Dead                      Min: 0, Avg:  0.0, Max: 0, Diff: 0, Sum: 0, Workers: 5
[15.343s][debug][gc,phases      ] GC(12)         Total                     Min: 0, Avg: 16.0, Max: 61, Diff: 61, Sum: 80, Workers: 5
[15.343s][debug][gc,phases      ] GC(12)       VM weak                   Min:  0.0, Avg:  0.0, Max:  0.0, Diff:  0.0, Sum:  0.0, Workers: 5
[15.343s][debug][gc,phases      ] GC(12)         Dead                      Min: 0, Avg:  0.0, Max: 0, Diff: 0, Sum: 0, Workers: 5
[15.343s][debug][gc,phases      ] GC(12)         Total                     Min: 0, Avg: 45.0, Max: 64, Diff: 64, Sum: 225, Workers: 5
[15.343s][debug][gc,phases      ] GC(12)       StringTable weak          Min:  0.0, Avg:  0.0, Max:  0.0, Diff:  0.0, Sum:  0.1, Workers: 5
[15.343s][debug][gc,phases      ] GC(12)         Dead                      Min: 0, Avg:  0.0, Max: 0, Diff: 0, Sum: 0, Workers: 5
[15.343s][debug][gc,phases      ] GC(12)         Total                     Min: 640, Avg: 729.8, Max: 960, Diff: 320, Sum: 3649, Workers: 5
[15.343s][debug][gc,phases      ] GC(12)       ResolvedMethodTable weak  Min:  0.0, Avg:  0.0, Max:  0.0, Diff:  0.0, Sum:  0.0, Workers: 5
[15.343s][debug][gc,phases      ] GC(12)         Dead                      Min: 0, Avg:  0.0, Max: 0, Diff: 0, Sum: 0, Workers: 5
[15.343s][debug][gc,phases      ] GC(12)         Total                     Min: 0, Avg: 118.0, Max: 192, Diff: 192, Sum: 590, Workers: 5
[15.343s][debug][gc,phases      ] GC(12)     Merge Per-Thread State: 0.0ms
[15.343s][debug][gc,phases      ] GC(12)       Copied Bytes              Min: 544, Avg: 64415.0, Max: 404648, Diff: 404104, Sum: 515320, Workers: 8
[15.343s][debug][gc,phases      ] GC(12)       LAB Waste                 Min: 0, Avg: 31.0, Max: 64, Diff: 64, Sum: 248, Workers: 8
[15.343s][debug][gc,phases      ] GC(12)       LAB Undo Waste            Min: 0, Avg: 34.0, Max: 272, Diff: 272, Sum: 272, Workers: 8
[15.343s][debug][gc,phases      ] GC(12)     Code Roots Purge: 0.0ms
[15.343s][debug][gc,phases      ] GC(12)     Redirty Cards: 0.0ms
[15.343s][debug][gc,phases      ] GC(12)     DerivedPointerTable Update: 0.0ms
[15.343s][debug][gc,phases      ] GC(12)     Free Collection Set: 0.1ms
[15.343s][debug][gc,phases      ] GC(12)     Rebuild Free List: 0.0ms
[15.343s][debug][gc,phases      ] GC(12)     Humongous Reclaim: 0.0ms
[15.343s][debug][gc,phases      ] GC(12)     Start New Collection Set: 0.0ms
[15.343s][debug][gc,phases      ] GC(12)     Resize TLABs: 0.0ms
[15.343s][debug][gc,phases      ] GC(12)     Expand Heap After Collection: 0.0ms
[15.343s][info ][gc,phases      ] GC(12)   Other: 0.3ms
[15.343s][info ][gc,heap        ] GC(12) Eden regions: 14->0(14)
[15.343s][info ][gc,heap        ] GC(12) Survivor regions: 1->1(2)
[15.343s][info ][gc,heap        ] GC(12) Old regions: 6->6
[15.343s][info ][gc,heap        ] GC(12) Archive regions: 2->2
[15.343s][info ][gc,heap        ] GC(12) Humongous regions: 0->0
[15.343s][info ][gc,metaspace   ] GC(12) Metaspace: 10546K(11136K)->10546K(11136K) NonClass: 9334K(9728K)->9334K(9728K) Class: 1212K(1408K)->1212K(1408K)
[15.343s][debug][gc,heap        ] GC(12) Heap after GC invocations=13 (full 1): garbage-first heap   total 27648K, used 4366K [0x0000000700000000, 0x0000000800000000)
[15.343s][debug][gc,heap        ] GC(12)   region size 1024K, 1 young (1024K), 1 survivors (1024K)
[15.343s][debug][gc,heap        ] GC(12)  Metaspace       used 10546K, capacity 10850K, committed 11136K, reserved 1058816K
[15.343s][debug][gc,heap        ] GC(12)   class space    used 1212K, capacity 1344K, committed 1408K, reserved 1048576K
[15.343s][info ][gc             ] GC(12) Pause Young (Normal) (G1 Evacuation Pause) 18M->4M(27M) 1.404ms
[15.343s][info ][gc,cpu         ] GC(12) User=0.00s Sys=0.00s Real=0.00s
[15.343s][info ][safepoint      ] Safepoint "G1CollectForAllocation", Time since last: 20234133 ns, Reaching safepoint: 158009 ns, At safepoint: 1565708 ns, Total: 1723717 ns
[15.359s][debug][gc,heap        ] GC(13) Heap before GC invocations=13 (full 1): garbage-first heap   total 27648K, used 18702K [0x0000000700000000, 0x0000000800000000)
[15.359s][debug][gc,heap        ] GC(13)   region size 1024K, 15 young (15360K), 1 survivors (1024K)
[15.359s][debug][gc,heap        ] GC(13)  Metaspace       used 10546K, capacity 10850K, committed 11136K, reserved 1058816K
[15.359s][debug][gc,heap        ] GC(13)   class space    used 1212K, capacity 1344K, committed 1408K, reserved 1048576K
[15.359s][info ][gc,start       ] GC(13) Pause Young (Normal) (G1 Evacuation Pause)
[15.359s][info ][gc,task        ] GC(13) Using 8 workers of 8 for evacuation
[15.359s][debug][gc,tlab        ] GC(13) TLAB totals: thrds: 10  refills: 436 max: 67 slow allocs: 0 max 0 waste:  2.6% gc: 140432B max: 33848B slow: 248320B max: 38528B fast: 0B max: 0B
[15.359s][debug][gc,age         ] GC(13) Desired survivor size 1048576 bytes, new threshold 15 (max threshold 15)
[15.359s][debug][gc,alloc,region] GC(13) Mutator Allocation stats, regions: 14, wasted size: 0B ( 0.0%)
[15.360s][debug][gc,ergo        ] GC(13) Running G1 Merge Heap Roots using 8 workers for 15 regions
[15.360s][debug][gc,remset      ] GC(13) Visited cards 4608 Total dirty 10240 (45.00%) Total old 77824 (5.92%)
[15.360s][debug][gc,ergo        ] GC(13) Running G1 Clear Card Table Task using 1 workers for 1 units of work for 20 regions.
[15.360s][debug][gc,ref         ] GC(13) Skipped phase1 of Reference Processing due to unavailable references
[15.360s][debug][gc,ref         ] GC(13) Skipped phase3 of Reference Processing due to unavailable references
[15.360s][debug][gc,ergo        ] GC(13) Running G1 Free Collection Set using 8 workers for collection set length 15 (27)
[15.360s][debug][gc,ergo        ] GC(13) Running G1 Rebuild Free List Task using 8 workers for rebuilding free list of 0 (4096) regions
[15.360s][trace][gc,age         ] GC(13) Age table with threshold 15 (max threshold 15)
[15.360s][trace][gc,age         ] GC(13) - age   1:        928 bytes,        928 total
[15.360s][trace][gc,age         ] GC(13) - age  12:        664 bytes,       1592 total
[15.360s][trace][gc,age         ] GC(13) - age  13:     513792 bytes,     515384 total
[15.360s][debug][gc,plab        ] GC(13) Young PLAB allocation: allocated: 28896B, wasted: 296B, unused: 7840B, used: 20760B, undo waste: 0B, 
[15.360s][debug][gc,plab        ] GC(13) Young other allocation: region end waste: 0B, regions filled: 1, direct allocated: 494624B, failure used: 0B, failure wasted: 0B
[15.360s][debug][gc,plab        ] GC(13) Young sizing: calculated: 4152B, actual: 4128B
[15.360s][debug][gc,plab        ] GC(13) Old PLAB allocation: allocated: 0B, wasted: 0B, unused: 0B, used: 0B, undo waste: 0B, 
[15.360s][debug][gc,plab        ] GC(13) Old other allocation: region end waste: 0B, regions filled: 0, direct allocated: 0B, failure used: 0B, failure wasted: 0B
[15.360s][debug][gc,plab        ] GC(13) Old sizing: calculated: 0B, actual: 2064B
[15.360s][debug][gc,ihop        ] GC(13) Basic information (value update), threshold: 12740198B (45.00), target occupancy: 28311552B, current occupancy: 4468584B, recent allocation size: 0B, recent allocation duration: 17.20ms, recent old gen allocation rate: 0.00B/s, recent marking phase length: 0.00ms
[15.360s][debug][gc,ihop        ] GC(13) Adaptive IHOP information (value update), threshold: 12740198B (47.37), internal target occupancy: 26895974B, occupancy: 4468584B, additional buffer size: 15728640B, predicted old gen allocation rate: 0.00B/s, predicted marking phase length: 0.00ms, prediction active: false
[15.360s][debug][gc,ergo,refine ] GC(13) Concurrent refinement times: Logged Cards Scan time goal: 20.00ms Logged Cards Scan time: 0.02ms HCC time: 0.00ms
[15.360s][debug][gc,ergo,refine ] GC(13) Updated Refinement Zones: green: 2048, yellow: 6144, red: 10240
[15.360s][info ][gc,phases      ] GC(13)   Pre Evacuate Collection Set: 0.1ms
[15.360s][debug][gc,phases      ] GC(13)     Prepare TLABs: 0.0ms
[15.360s][debug][gc,phases      ] GC(13)     Choose Collection Set: 0.0ms
[15.360s][debug][gc,phases      ] GC(13)     Region Register: 0.1ms
[15.360s][debug][gc,phases      ] GC(13)     Prepare Heap Roots: 0.0ms
[15.360s][info ][gc,phases      ] GC(13)   Merge Heap Roots: 0.1ms
[15.360s][debug][gc,phases      ] GC(13)     Prepare Merge Heap Roots: 0.0ms
[15.360s][debug][gc,phases      ] GC(13)     Eager Reclaim (ms):       skipped
[15.360s][debug][gc,phases      ] GC(13)     Remembered Sets (ms):     Min:  0.0, Avg:  0.0, Max:  0.0, Diff:  0.0, Sum:  0.0, Workers: 8
[15.360s][debug][gc,phases      ] GC(13)       Merged Sparse:            Min: 0, Avg:  0.0, Max: 0, Diff: 0, Sum: 0, Workers: 8
[15.360s][debug][gc,phases      ] GC(13)       Merged Fine:              Min: 0, Avg:  0.0, Max: 0, Diff: 0, Sum: 0, Workers: 8
[15.360s][debug][gc,phases      ] GC(13)       Merged Coarse:            Min: 0, Avg:  0.0, Max: 0, Diff: 0, Sum: 0, Workers: 8
[15.360s][debug][gc,phases      ] GC(13)       Dirty Cards:              Min: 0, Avg:  0.0, Max: 0, Diff: 0, Sum: 0, Workers: 8
[15.360s][debug][gc,phases      ] GC(13)     Hot Card Cache (ms):      Min:  0.0, Avg:  0.0, Max:  0.0, Diff:  0.0, Sum:  0.0, Workers: 8
[15.360s][debug][gc,phases      ] GC(13)       Dirty Cards:              Min: 0, Avg:  0.0, Max: 0, Diff: 0, Sum: 0, Workers: 8
[15.360s][debug][gc,phases      ] GC(13)       Skipped Cards:            Min: 0, Avg:  0.0, Max: 0, Diff: 0, Sum: 0, Workers: 8
[15.360s][debug][gc,phases      ] GC(13)     Log Buffers (ms):         Min:  0.0, Avg:  0.0, Max:  0.0, Diff:  0.0, Sum:  0.0, Workers: 8
[15.360s][debug][gc,phases      ] GC(13)       Dirty Cards:              Min: 0, Avg:  7.6, Max: 21, Diff: 21, Sum: 61, Workers: 8
[15.360s][debug][gc,phases      ] GC(13)       Skipped Cards:            Min: 0, Avg:  0.0, Max: 0, Diff: 0, Sum: 0, Workers: 8
[15.360s][info ][gc,phases      ] GC(13)   Evacuate Collection Set: 0.2ms
[15.360s][debug][gc,phases      ] GC(13)     Ext Root Scanning (ms):   Min:  0.0, Avg:  0.0, Max:  0.1, Diff:  0.1, Sum:  0.4, Workers: 8
[15.360s][debug][gc,phases      ] GC(13)     Scan Heap Roots (ms):     Min:  0.0, Avg:  0.0, Max:  0.0, Diff:  0.0, Sum:  0.1, Workers: 8
[15.360s][debug][gc,phases      ] GC(13)       Scanned Cards:            Min: 0, Avg:  7.0, Max: 14, Diff: 14, Sum: 56, Workers: 8
[15.361s][debug][gc,phases      ] GC(13)       Scanned Blocks:           Min: 0, Avg:  5.5, Max: 11, Diff: 11, Sum: 44, Workers: 8
[15.361s][debug][gc,phases      ] GC(13)       Claimed Chunks:           Min: 0, Avg:  2.2, Max: 5, Diff: 5, Sum: 18, Workers: 8
[15.361s][debug][gc,phases      ] GC(13)     Code Root Scan (ms):      Min:  0.0, Avg:  0.0, Max:  0.0, Diff:  0.0, Sum:  0.0, Workers: 8
[15.361s][debug][gc,phases      ] GC(13)     Object Copy (ms):         Min:  0.0, Avg:  0.0, Max:  0.1, Diff:  0.1, Sum:  0.2, Workers: 8
[15.361s][debug][gc,phases      ] GC(13)     Termination (ms):         Min:  0.0, Avg:  0.1, Max:  0.1, Diff:  0.1, Sum:  0.6, Workers: 8
[15.361s][debug][gc,phases      ] GC(13)       Termination Attempts:     Min: 1, Avg:  1.0, Max: 1, Diff: 0, Sum: 8, Workers: 8
[15.361s][debug][gc,phases      ] GC(13)     GC Worker Other (ms):     Min:  0.0, Avg:  0.0, Max:  0.0, Diff:  0.0, Sum:  0.1, Workers: 8
[15.361s][debug][gc,phases      ] GC(13)     GC Worker Total (ms):     Min:  0.1, Avg:  0.2, Max:  0.2, Diff:  0.1, Sum:  1.4, Workers: 8
[15.361s][info ][gc,phases      ] GC(13)   Post Evacuate Collection Set: 0.3ms
[15.361s][debug][gc,phases      ] GC(13)     Code Roots Fixup: 0.0ms
[15.361s][debug][gc,phases      ] GC(13)     Clear Card Table: 0.0ms
[15.361s][debug][gc,phases      ] GC(13)     Reference Processing: 0.0ms
[15.361s][debug][gc,phases,ref  ] GC(13)       Reconsider SoftReferences: 0.0ms
[15.361s][debug][gc,phases,ref  ] GC(13)         SoftRef (ms):             skipped
[15.361s][debug][gc,phases,ref  ] GC(13)       Notify Soft/WeakReferences: 0.0ms
[15.361s][debug][gc,phases,ref  ] GC(13)         SoftRef (ms):             Min:  0.0, Avg:  0.0, Max:  0.0, Diff:  0.0, Sum:  0.0, Workers: 1
[15.361s][debug][gc,phases,ref  ] GC(13)         WeakRef (ms):             Min:  0.0, Avg:  0.0, Max:  0.0, Diff:  0.0, Sum:  0.0, Workers: 1
[15.361s][debug][gc,phases,ref  ] GC(13)         FinalRef (ms):            Min:  0.0, Avg:  0.0, Max:  0.0, Diff:  0.0, Sum:  0.0, Workers: 1
[15.361s][debug][gc,phases,ref  ] GC(13)         Total (ms):               Min:  0.0, Avg:  0.0, Max:  0.0, Diff:  0.0, Sum:  0.0, Workers: 1
[15.361s][debug][gc,phases,ref  ] GC(13)       Notify and keep alive finalizable: 0.0ms
[15.361s][debug][gc,phases,ref  ] GC(13)         FinalRef (ms):            skipped
[15.361s][debug][gc,phases,ref  ] GC(13)       Notify PhantomReferences: 0.0ms
[15.361s][debug][gc,phases,ref  ] GC(13)         PhantomRef (ms):          Min:  0.0, Avg:  0.0, Max:  0.0, Diff:  0.0, Sum:  0.0, Workers: 1
[15.361s][debug][gc,phases,ref  ] GC(13)       SoftReference:
[15.361s][debug][gc,phases,ref  ] GC(13)         Discovered: 0
[15.361s][debug][gc,phases,ref  ] GC(13)         Cleared: 0
[15.361s][debug][gc,phases,ref  ] GC(13)       WeakReference:
[15.361s][debug][gc,phases,ref  ] GC(13)         Discovered: 1
[15.361s][debug][gc,phases,ref  ] GC(13)         Cleared: 0
[15.361s][debug][gc,phases,ref  ] GC(13)       FinalReference:
[15.361s][debug][gc,phases,ref  ] GC(13)         Discovered: 0
[15.361s][debug][gc,phases,ref  ] GC(13)         Cleared: 0
[15.361s][debug][gc,phases,ref  ] GC(13)       PhantomReference:
[15.361s][debug][gc,phases,ref  ] GC(13)         Discovered: 1
[15.361s][debug][gc,phases,ref  ] GC(13)         Cleared: 1
[15.361s][debug][gc,phases      ] GC(13)     Weak Processing: 0.0ms
[15.361s][debug][gc,phases      ] GC(13)       JVMTI weak processing: 0.0ms
[15.361s][debug][gc,phases      ] GC(13)         Dead: 0
[15.361s][debug][gc,phases      ] GC(13)         Total: 0
[15.361s][debug][gc,phases      ] GC(13)       JFR weak processing: 0.0ms
[15.361s][debug][gc,phases      ] GC(13)         Dead: 0
[15.361s][debug][gc,phases      ] GC(13)         Total: 0
[15.361s][debug][gc,phases      ] GC(13)       JNI weak                  Min:  0.0, Avg:  0.0, Max:  0.0, Diff:  0.0, Sum:  0.0, Workers: 5
[15.361s][debug][gc,phases      ] GC(13)         Dead                      Min: 0, Avg:  0.0, Max: 0, Diff: 0, Sum: 0, Workers: 5
[15.361s][debug][gc,phases      ] GC(13)         Total                     Min: 0, Avg: 16.0, Max: 61, Diff: 61, Sum: 80, Workers: 5
[15.361s][debug][gc,phases      ] GC(13)       VM weak                   Min:  0.0, Avg:  0.0, Max:  0.0, Diff:  0.0, Sum:  0.0, Workers: 5
[15.361s][debug][gc,phases      ] GC(13)         Dead                      Min: 0, Avg:  0.0, Max: 0, Diff: 0, Sum: 0, Workers: 5
[15.361s][debug][gc,phases      ] GC(13)         Total                     Min: 0, Avg: 45.0, Max: 97, Diff: 97, Sum: 225, Workers: 5
[15.361s][debug][gc,phases      ] GC(13)       StringTable weak          Min:  0.0, Avg:  0.0, Max:  0.0, Diff:  0.0, Sum:  0.1, Workers: 5
[15.361s][debug][gc,phases      ] GC(13)         Dead                      Min: 0, Avg:  0.0, Max: 0, Diff: 0, Sum: 0, Workers: 5
[15.361s][debug][gc,phases      ] GC(13)         Total                     Min: 0, Avg: 729.8, Max: 960, Diff: 960, Sum: 3649, Workers: 5
[15.361s][debug][gc,phases      ] GC(13)       ResolvedMethodTable weak  Min:  0.0, Avg:  0.0, Max:  0.0, Diff:  0.0, Sum:  0.0, Workers: 5
[15.361s][debug][gc,phases      ] GC(13)         Dead                      Min: 0, Avg:  0.0, Max: 0, Diff: 0, Sum: 0, Workers: 5
[15.361s][debug][gc,phases      ] GC(13)         Total                     Min: 0, Avg: 118.0, Max: 192, Diff: 192, Sum: 590, Workers: 5
[15.361s][debug][gc,phases      ] GC(13)     Merge Per-Thread State: 0.0ms
[15.361s][debug][gc,phases      ] GC(13)       Copied Bytes              Min: 0, Avg: 64423.0, Max: 401832, Diff: 401832, Sum: 515384, Workers: 8
[15.361s][debug][gc,phases      ] GC(13)       LAB Waste                 Min: 0, Avg: 37.0, Max: 88, Diff: 88, Sum: 296, Workers: 8
[15.361s][debug][gc,phases      ] GC(13)       LAB Undo Waste            Min: 0, Avg:  0.0, Max: 0, Diff: 0, Sum: 0, Workers: 8
[15.361s][debug][gc,phases      ] GC(13)     Code Roots Purge: 0.0ms
[15.361s][debug][gc,phases      ] GC(13)     Redirty Cards: 0.0ms
[15.361s][debug][gc,phases      ] GC(13)     DerivedPointerTable Update: 0.0ms
[15.361s][debug][gc,phases      ] GC(13)     Free Collection Set: 0.1ms
[15.361s][debug][gc,phases      ] GC(13)     Rebuild Free List: 0.0ms
[15.361s][debug][gc,phases      ] GC(13)     Humongous Reclaim: 0.0ms
[15.361s][debug][gc,phases      ] GC(13)     Start New Collection Set: 0.0ms
[15.361s][debug][gc,phases      ] GC(13)     Resize TLABs: 0.0ms
[15.361s][debug][gc,phases      ] GC(13)     Expand Heap After Collection: 0.0ms
[15.361s][info ][gc,phases      ] GC(13)   Other: 0.3ms
[15.361s][info ][gc,heap        ] GC(13) Eden regions: 14->0(14)
[15.361s][info ][gc,heap        ] GC(13) Survivor regions: 1->1(2)
[15.361s][info ][gc,heap        ] GC(13) Old regions: 6->6
[15.361s][info ][gc,heap        ] GC(13) Archive regions: 2->2
[15.361s][info ][gc,heap        ] GC(13) Humongous regions: 0->0
[15.361s][info ][gc,metaspace   ] GC(13) Metaspace: 10546K(11136K)->10546K(11136K) NonClass: 9334K(9728K)->9334K(9728K) Class: 1212K(1408K)->1212K(1408K)
[15.361s][debug][gc,heap        ] GC(13) Heap after GC invocations=14 (full 1): garbage-first heap   total 27648K, used 4363K [0x0000000700000000, 0x0000000800000000)
[15.361s][debug][gc,heap        ] GC(13)   region size 1024K, 1 young (1024K), 1 survivors (1024K)
[15.361s][debug][gc,heap        ] GC(13)  Metaspace       used 10546K, capacity 10850K, committed 11136K, reserved 1058816K
[15.361s][debug][gc,heap        ] GC(13)   class space    used 1212K, capacity 1344K, committed 1408K, reserved 1048576K
[15.361s][info ][gc             ] GC(13) Pause Young (Normal) (G1 Evacuation Pause) 18M->4M(27M) 1.563ms
[15.361s][info ][gc,cpu         ] GC(13) User=0.01s Sys=0.00s Real=0.00s
[15.362s][info ][safepoint      ] Safepoint "G1CollectForAllocation", Time since last: 16147915 ns, Reaching safepoint: 178180 ns, At safepoint: 3106847 ns, Total: 3285027 ns
[15.377s][debug][gc,heap        ] GC(14) Heap before GC invocations=14 (full 1): garbage-first heap   total 27648K, used 18699K [0x0000000700000000, 0x0000000800000000)
[15.377s][debug][gc,heap        ] GC(14)   region size 1024K, 15 young (15360K), 1 survivors (1024K)
[15.377s][debug][gc,heap        ] GC(14)  Metaspace       used 10546K, capacity 10850K, committed 11136K, reserved 1058816K
[15.377s][debug][gc,heap        ] GC(14)   class space    used 1212K, capacity 1344K, committed 1408K, reserved 1048576K
[15.377s][info ][gc,start       ] GC(14) Pause Young (Normal) (G1 Evacuation Pause)
[15.377s][info ][gc,task        ] GC(14) Using 8 workers of 8 for evacuation
[15.377s][debug][gc,tlab        ] GC(14) TLAB totals: thrds: 11  refills: 431 max: 70 slow allocs: 0 max 0 waste:  4.8% gc: 451360B max: 293504B slow: 246632B max: 40568B fast: 0B max: 0B
[15.377s][debug][gc,age         ] GC(14) Desired survivor size 1048576 bytes, new threshold 15 (max threshold 15)
[15.377s][debug][gc,alloc,region] GC(14) Mutator Allocation stats, regions: 14, wasted size: 200B ( 0.0%)
[15.377s][debug][gc,ergo        ] GC(14) Running G1 Merge Heap Roots using 8 workers for 15 regions
[15.377s][debug][gc,remset      ] GC(14) Visited cards 4608 Total dirty 10240 (45.00%) Total old 77824 (5.92%)
[15.377s][debug][gc,ergo        ] GC(14) Running G1 Clear Card Table Task using 1 workers for 1 units of work for 20 regions.
[15.377s][debug][gc,ref         ] GC(14) Skipped phase1 of Reference Processing due to unavailable references
[15.377s][debug][gc,ref         ] GC(14) Skipped phase3 of Reference Processing due to unavailable references
[15.377s][debug][gc,ergo        ] GC(14) Running G1 Free Collection Set using 8 workers for collection set length 15 (27)
[15.377s][debug][gc,ergo        ] GC(14) Running G1 Rebuild Free List Task using 8 workers for rebuilding free list of 0 (4096) regions
[15.377s][trace][gc,age         ] GC(14) Age table with threshold 15 (max threshold 15)
[15.377s][trace][gc,age         ] GC(14) - age   1:       1488 bytes,       1488 total
[15.377s][trace][gc,age         ] GC(14) - age  13:        664 bytes,       2152 total
[15.377s][trace][gc,age         ] GC(14) - age  14:     513792 bytes,     515944 total
[15.377s][debug][gc,plab        ] GC(14) Young PLAB allocation: allocated: 30960B, wasted: 216B, unused: 9504B, used: 21240B, undo waste: 0B, 
[15.377s][debug][gc,plab        ] GC(14) Young other allocation: region end waste: 0B, regions filled: 1, direct allocated: 494704B, failure used: 0B, failure wasted: 0B
[15.377s][debug][gc,plab        ] GC(14) Young sizing: calculated: 4248B, actual: 4216B
[15.377s][debug][gc,plab        ] GC(14) Old PLAB allocation: allocated: 0B, wasted: 0B, unused: 0B, used: 0B, undo waste: 0B, 
[15.377s][debug][gc,plab        ] GC(14) Old other allocation: region end waste: 0B, regions filled: 0, direct allocated: 0B, failure used: 0B, failure wasted: 0B
[15.377s][debug][gc,plab        ] GC(14) Old sizing: calculated: 0B, actual: 2064B
[15.377s][debug][gc,ergo,heap   ] GC(14) Attempt heap expansion (recent GC overhead higher than threshold after GC) recent GC overhead: 3.11 % threshold: 1.00 % uncommitted: 4266655744B base expansion amount and scale: 120061952B (100.00%)
[15.377s][debug][gc,ergo,heap   ] GC(14) Expand the heap. requested expansion amount: 120061952B expansion amount: 120586240B
[15.378s][debug][gc,ihop        ] GC(14) Target occupancy update: old: 28311552B, new: 148897792B
[15.378s][debug][gc,ihop        ] GC(14) Basic information (value update), threshold: 67004006B (45.00), target occupancy: 148897792B, current occupancy: 4470728B, recent allocation size: 0B, recent allocation duration: 16.44ms, recent old gen allocation rate: 0.00B/s, recent marking phase length: 0.00ms
[15.378s][debug][gc,ihop        ] GC(14) Adaptive IHOP information (value update), threshold: 67004006B (47.37), internal target occupancy: 141452902B, occupancy: 4470728B, additional buffer size: 89128960B, predicted old gen allocation rate: 0.00B/s, predicted marking phase length: 0.00ms, prediction active: false
[15.378s][debug][gc,ergo,refine ] GC(14) Concurrent refinement times: Logged Cards Scan time goal: 20.00ms Logged Cards Scan time: 0.02ms HCC time: 0.00ms
[15.378s][debug][gc,ergo,refine ] GC(14) Updated Refinement Zones: green: 2048, yellow: 6144, red: 10240
[15.378s][info ][gc,phases      ] GC(14)   Pre Evacuate Collection Set: 0.1ms
[15.378s][debug][gc,phases      ] GC(14)     Prepare TLABs: 0.0ms
[15.378s][debug][gc,phases      ] GC(14)     Choose Collection Set: 0.0ms
[15.378s][debug][gc,phases      ] GC(14)     Region Register: 0.1ms
[15.378s][debug][gc,phases      ] GC(14)     Prepare Heap Roots: 0.0ms
[15.378s][info ][gc,phases      ] GC(14)   Merge Heap Roots: 0.1ms
[15.378s][debug][gc,phases      ] GC(14)     Prepare Merge Heap Roots: 0.0ms
[15.378s][debug][gc,phases      ] GC(14)     Eager Reclaim (ms):       skipped
[15.378s][debug][gc,phases      ] GC(14)     Remembered Sets (ms):     Min:  0.0, Avg:  0.0, Max:  0.0, Diff:  0.0, Sum:  0.0, Workers: 8
[15.378s][debug][gc,phases      ] GC(14)       Merged Sparse:            Min: 0, Avg:  0.0, Max: 0, Diff: 0, Sum: 0, Workers: 8
[15.378s][debug][gc,phases      ] GC(14)       Merged Fine:              Min: 0, Avg:  0.0, Max: 0, Diff: 0, Sum: 0, Workers: 8
[15.378s][debug][gc,phases      ] GC(14)       Merged Coarse:            Min: 0, Avg:  0.0, Max: 0, Diff: 0, Sum: 0, Workers: 8
[15.378s][debug][gc,phases      ] GC(14)       Dirty Cards:              Min: 0, Avg:  0.0, Max: 0, Diff: 0, Sum: 0, Workers: 8
[15.378s][debug][gc,phases      ] GC(14)     Hot Card Cache (ms):      Min:  0.0, Avg:  0.0, Max:  0.0, Diff:  0.0, Sum:  0.0, Workers: 8
[15.378s][debug][gc,phases      ] GC(14)       Dirty Cards:              Min: 0, Avg:  0.0, Max: 0, Diff: 0, Sum: 0, Workers: 8
[15.378s][debug][gc,phases      ] GC(14)       Skipped Cards:            Min: 0, Avg:  0.0, Max: 0, Diff: 0, Sum: 0, Workers: 8
[15.378s][debug][gc,phases      ] GC(14)     Log Buffers (ms):         Min:  0.0, Avg:  0.0, Max:  0.0, Diff:  0.0, Sum:  0.0, Workers: 8
[15.378s][debug][gc,phases      ] GC(14)       Dirty Cards:              Min: 0, Avg:  7.2, Max: 39, Diff: 39, Sum: 58, Workers: 8
[15.378s][debug][gc,phases      ] GC(14)       Skipped Cards:            Min: 0, Avg:  0.0, Max: 0, Diff: 0, Sum: 0, Workers: 8
[15.378s][info ][gc,phases      ] GC(14)   Evacuate Collection Set: 0.2ms
[15.378s][debug][gc,phases      ] GC(14)     Ext Root Scanning (ms):   Min:  0.0, Avg:  0.1, Max:  0.1, Diff:  0.1, Sum:  0.5, Workers: 8
[15.378s][debug][gc,phases      ] GC(14)     Scan Heap Roots (ms):     Min:  0.0, Avg:  0.0, Max:  0.0, Diff:  0.0, Sum:  0.1, Workers: 8
[15.378s][debug][gc,phases      ] GC(14)       Scanned Cards:            Min: 0, Avg:  7.2, Max: 17, Diff: 17, Sum: 58, Workers: 8
[15.378s][debug][gc,phases      ] GC(14)       Scanned Blocks:           Min: 0, Avg:  5.8, Max: 13, Diff: 13, Sum: 46, Workers: 8
[15.378s][debug][gc,phases      ] GC(14)       Claimed Chunks:           Min: 0, Avg:  2.2, Max: 5, Diff: 5, Sum: 18, Workers: 8
[15.378s][debug][gc,phases      ] GC(14)     Code Root Scan (ms):      Min:  0.0, Avg:  0.0, Max:  0.0, Diff:  0.0, Sum:  0.0, Workers: 8
[15.378s][debug][gc,phases      ] GC(14)     Object Copy (ms):         Min:  0.0, Avg:  0.0, Max:  0.1, Diff:  0.1, Sum:  0.2, Workers: 8
[15.378s][debug][gc,phases      ] GC(14)     Termination (ms):         Min:  0.0, Avg:  0.1, Max:  0.1, Diff:  0.1, Sum:  0.4, Workers: 8
[15.378s][debug][gc,phases      ] GC(14)       Termination Attempts:     Min: 1, Avg:  1.1, Max: 2, Diff: 1, Sum: 9, Workers: 8
[15.378s][debug][gc,phases      ] GC(14)     GC Worker Other (ms):     Min:  0.0, Avg:  0.0, Max:  0.0, Diff:  0.0, Sum:  0.0, Workers: 8
[15.378s][debug][gc,phases      ] GC(14)     GC Worker Total (ms):     Min:  0.1, Avg:  0.2, Max:  0.2, Diff:  0.1, Sum:  1.3, Workers: 8
[15.378s][info ][gc,phases      ] GC(14)   Post Evacuate Collection Set: 1.0ms
[15.378s][debug][gc,phases      ] GC(14)     Code Roots Fixup: 0.0ms
[15.378s][debug][gc,phases      ] GC(14)     Clear Card Table: 0.0ms
[15.378s][debug][gc,phases      ] GC(14)     Reference Processing: 0.1ms
[15.378s][debug][gc,phases,ref  ] GC(14)       Reconsider SoftReferences: 0.0ms
[15.378s][debug][gc,phases,ref  ] GC(14)         SoftRef (ms):             skipped
[15.378s][debug][gc,phases,ref  ] GC(14)       Notify Soft/WeakReferences: 0.0ms
[15.378s][debug][gc,phases,ref  ] GC(14)         SoftRef (ms):             Min:  0.0, Avg:  0.0, Max:  0.0, Diff:  0.0, Sum:  0.0, Workers: 1
[15.378s][debug][gc,phases,ref  ] GC(14)         WeakRef (ms):             Min:  0.0, Avg:  0.0, Max:  0.0, Diff:  0.0, Sum:  0.0, Workers: 1
[15.378s][debug][gc,phases,ref  ] GC(14)         FinalRef (ms):            Min:  0.0, Avg:  0.0, Max:  0.0, Diff:  0.0, Sum:  0.0, Workers: 1
[15.379s][debug][gc,phases,ref  ] GC(14)         Total (ms):               Min:  0.0, Avg:  0.0, Max:  0.0, Diff:  0.0, Sum:  0.0, Workers: 1
[15.379s][debug][gc,phases,ref  ] GC(14)       Notify and keep alive finalizable: 0.0ms
[15.379s][debug][gc,phases,ref  ] GC(14)         FinalRef (ms):            skipped
[15.379s][debug][gc,phases,ref  ] GC(14)       Notify PhantomReferences: 0.0ms
[15.379s][debug][gc,phases,ref  ] GC(14)         PhantomRef (ms):          Min:  0.0, Avg:  0.0, Max:  0.0, Diff:  0.0, Sum:  0.0, Workers: 1
[15.379s][debug][gc,phases,ref  ] GC(14)       SoftReference:
[15.379s][debug][gc,phases,ref  ] GC(14)         Discovered: 0
[15.379s][debug][gc,phases,ref  ] GC(14)         Cleared: 0
[15.379s][debug][gc,phases,ref  ] GC(14)       WeakReference:
[15.379s][debug][gc,phases,ref  ] GC(14)         Discovered: 1
[15.379s][debug][gc,phases,ref  ] GC(14)         Cleared: 1
[15.379s][debug][gc,phases,ref  ] GC(14)       FinalReference:
[15.379s][debug][gc,phases,ref  ] GC(14)         Discovered: 0
[15.379s][debug][gc,phases,ref  ] GC(14)         Cleared: 0
[15.379s][debug][gc,phases,ref  ] GC(14)       PhantomReference:
[15.379s][debug][gc,phases,ref  ] GC(14)         Discovered: 1
[15.379s][debug][gc,phases,ref  ] GC(14)         Cleared: 1
[15.379s][debug][gc,phases      ] GC(14)     Weak Processing: 0.0ms
[15.379s][debug][gc,phases      ] GC(14)       JVMTI weak processing: 0.0ms
[15.379s][debug][gc,phases      ] GC(14)         Dead: 0
[15.379s][debug][gc,phases      ] GC(14)         Total: 0
[15.379s][debug][gc,phases      ] GC(14)       JFR weak processing: 0.0ms
[15.379s][debug][gc,phases      ] GC(14)         Dead: 0
[15.379s][debug][gc,phases      ] GC(14)         Total: 0
[15.379s][debug][gc,phases      ] GC(14)       JNI weak                  Min:  0.0, Avg:  0.0, Max:  0.0, Diff:  0.0, Sum:  0.0, Workers: 5
[15.379s][debug][gc,phases      ] GC(14)         Dead                      Min: 0, Avg:  0.0, Max: 0, Diff: 0, Sum: 0, Workers: 5
[15.379s][debug][gc,phases      ] GC(14)         Total                     Min: 0, Avg: 16.0, Max: 61, Diff: 61, Sum: 80, Workers: 5
[15.379s][debug][gc,phases      ] GC(14)       VM weak                   Min:  0.0, Avg:  0.0, Max:  0.0, Diff:  0.0, Sum:  0.0, Workers: 5
[15.379s][debug][gc,phases      ] GC(14)         Dead                      Min: 0, Avg:  0.0, Max: 0, Diff: 0, Sum: 0, Workers: 5
[15.379s][debug][gc,phases      ] GC(14)         Total                     Min: 0, Avg: 45.0, Max: 64, Diff: 64, Sum: 225, Workers: 5
[15.379s][debug][gc,phases      ] GC(14)       StringTable weak          Min:  0.0, Avg:  0.0, Max:  0.0, Diff:  0.0, Sum:  0.1, Workers: 5
[15.379s][debug][gc,phases      ] GC(14)         Dead                      Min: 0, Avg:  0.0, Max: 0, Diff: 0, Sum: 0, Workers: 5
[15.379s][debug][gc,phases      ] GC(14)         Total                     Min: 0, Avg: 729.8, Max: 960, Diff: 960, Sum: 3649, Workers: 5
[15.379s][debug][gc,phases      ] GC(14)       ResolvedMethodTable weak  Min:  0.0, Avg:  0.0, Max:  0.0, Diff:  0.0, Sum:  0.0, Workers: 5
[15.379s][debug][gc,phases      ] GC(14)         Dead                      Min: 0, Avg:  0.0, Max: 0, Diff: 0, Sum: 0, Workers: 5
[15.379s][debug][gc,phases      ] GC(14)         Total                     Min: 0, Avg: 118.0, Max: 192, Diff: 192, Sum: 590, Workers: 5
[15.379s][debug][gc,phases      ] GC(14)     Merge Per-Thread State: 0.0ms
[15.379s][debug][gc,phases      ] GC(14)       Copied Bytes              Min: 520, Avg: 64493.0, Max: 400920, Diff: 400400, Sum: 515944, Workers: 8
[15.379s][debug][gc,phases      ] GC(14)       LAB Waste                 Min: 0, Avg: 27.0, Max: 72, Diff: 72, Sum: 216, Workers: 8
[15.379s][debug][gc,phases      ] GC(14)       LAB Undo Waste            Min: 0, Avg:  0.0, Max: 0, Diff: 0, Sum: 0, Workers: 8
[15.379s][debug][gc,phases      ] GC(14)     Code Roots Purge: 0.0ms
[15.379s][debug][gc,phases      ] GC(14)     Redirty Cards: 0.0ms
[15.379s][debug][gc,phases      ] GC(14)     DerivedPointerTable Update: 0.0ms
[15.379s][debug][gc,phases      ] GC(14)     Free Collection Set: 0.0ms
[15.379s][debug][gc,phases      ] GC(14)     Rebuild Free List: 0.0ms
[15.379s][debug][gc,phases      ] GC(14)     Humongous Reclaim: 0.0ms
[15.379s][debug][gc,phases      ] GC(14)     Start New Collection Set: 0.0ms
[15.379s][debug][gc,phases      ] GC(14)     Resize TLABs: 0.0ms
[15.379s][debug][gc,phases      ] GC(14)     Expand Heap After Collection: 0.7ms
[15.379s][info ][gc,phases      ] GC(14)   Other: 0.3ms
[15.379s][info ][gc,heap        ] GC(14) Eden regions: 14->0(84)
[15.379s][info ][gc,heap        ] GC(14) Survivor regions: 1->1(2)
[15.379s][info ][gc,heap        ] GC(14) Old regions: 6->6
[15.379s][info ][gc,heap        ] GC(14) Archive regions: 2->2
[15.379s][info ][gc,heap        ] GC(14) Humongous regions: 0->0
[15.379s][info ][gc,metaspace   ] GC(14) Metaspace: 10546K(11136K)->10546K(11136K) NonClass: 9334K(9728K)->9334K(9728K) Class: 1212K(1408K)->1212K(1408K)
[15.379s][debug][gc,heap        ] GC(14) Heap after GC invocations=15 (full 1): garbage-first heap   total 145408K, used 4365K [0x0000000700000000, 0x0000000800000000)
[15.379s][debug][gc,heap        ] GC(14)   region size 1024K, 1 young (1024K), 1 survivors (1024K)
[15.379s][debug][gc,heap        ] GC(14)  Metaspace       used 10546K, capacity 10850K, committed 11136K, reserved 1058816K
[15.379s][debug][gc,heap        ] GC(14)   class space    used 1212K, capacity 1344K, committed 1408K, reserved 1048576K
[15.379s][info ][gc             ] GC(14) Pause Young (Normal) (G1 Evacuation Pause) 18M->4M(142M) 2.182ms
[15.379s][info ][gc,cpu         ] GC(14) User=0.01s Sys=0.00s Real=0.00s
[15.379s][info ][safepoint      ] Safepoint "G1CollectForAllocation", Time since last: 13985572 ns, Reaching safepoint: 120063 ns, At safepoint: 2610526 ns, Total: 2730589 ns
[15.476s][debug][gc,heap        ] GC(15) Heap before GC invocations=15 (full 1): garbage-first heap   total 145408K, used 90381K [0x0000000700000000, 0x0000000800000000)
[15.476s][debug][gc,heap        ] GC(15)   region size 1024K, 85 young (87040K), 1 survivors (1024K)
[15.476s][debug][gc,heap        ] GC(15)  Metaspace       used 10546K, capacity 10850K, committed 11136K, reserved 1058816K
[15.476s][debug][gc,heap        ] GC(15)   class space    used 1212K, capacity 1344K, committed 1408K, reserved 1048576K
[15.476s][info ][gc,start       ] GC(15) Pause Young (Normal) (G1 Evacuation Pause)
[15.476s][info ][gc,task        ] GC(15) Using 8 workers of 8 for evacuation
[15.476s][debug][gc,tlab        ] GC(15) TLAB totals: thrds: 11  refills: 543 max: 75 slow allocs: 0 max 0 waste:  1.5% gc: 990128B max: 232832B slow: 311392B max: 43152B fast: 0B max: 0B
[15.476s][debug][gc,age         ] GC(15) Desired survivor size 5767168 bytes, new threshold 15 (max threshold 15)
[15.476s][debug][gc,alloc,region] GC(15) Mutator Allocation stats, regions: 84, wasted size: 0B ( 0.0%)
[15.476s][debug][gc,ergo        ] GC(15) Running G1 Merge Heap Roots using 8 workers for 85 regions
[15.476s][debug][gc,remset      ] GC(15) Visited cards 4608 Total dirty 10240 (45.00%) Total old 364544 (1.26%)
[15.476s][debug][gc,ergo        ] GC(15) Running G1 Clear Card Table Task using 1 workers for 1 units of work for 90 regions.
[15.476s][debug][gc,ref         ] GC(15) Skipped phase1 of Reference Processing due to unavailable references
[15.476s][debug][gc,ref         ] GC(15) Skipped phase3 of Reference Processing due to unavailable references
[15.476s][debug][gc,ref         ] GC(15) Skipped phase4 of Reference Processing due to unavailable references
[15.477s][debug][gc,ergo        ] GC(15) Running G1 Free Collection Set using 8 workers for collection set length 85 (142)
[15.477s][debug][gc,ergo        ] GC(15) Running G1 Rebuild Free List Task using 8 workers for rebuilding free list of 0 (4096) regions
[15.477s][trace][gc,age         ] GC(15) Age table with threshold 15 (max threshold 15)
[15.477s][trace][gc,age         ] GC(15) - age   1:       1112 bytes,       1112 total
[15.477s][trace][gc,age         ] GC(15) - age  14:        664 bytes,       1776 total
[15.477s][trace][gc,age         ] GC(15) - age  15:     513792 bytes,     515568 total
[15.477s][debug][gc,plab        ] GC(15) Young PLAB allocation: allocated: 28896B, wasted: 176B, unused: 7776B, used: 20944B, undo waste: 0B, 
[15.477s][debug][gc,plab        ] GC(15) Young other allocation: region end waste: 0B, regions filled: 1, direct allocated: 494624B, failure used: 0B, failure wasted: 0B
[15.477s][debug][gc,plab        ] GC(15) Young sizing: calculated: 4184B, actual: 4192B
[15.477s][debug][gc,plab        ] GC(15) Old PLAB allocation: allocated: 0B, wasted: 0B, unused: 0B, used: 0B, undo waste: 0B, 
[15.477s][debug][gc,plab        ] GC(15) Old other allocation: region end waste: 0B, regions filled: 0, direct allocated: 0B, failure used: 0B, failure wasted: 0B
[15.477s][debug][gc,plab        ] GC(15) Old sizing: calculated: 0B, actual: 2064B
[15.477s][debug][gc,ihop        ] GC(15) Basic information (value update), threshold: 67004006B (45.00), target occupancy: 148897792B, current occupancy: 4468584B, recent allocation size: 0B, recent allocation duration: 97.42ms, recent old gen allocation rate: 0.00B/s, recent marking phase length: 0.00ms
[15.477s][debug][gc,ihop        ] GC(15) Adaptive IHOP information (value update), threshold: 67004006B (47.37), internal target occupancy: 141452902B, occupancy: 4468584B, additional buffer size: 89128960B, predicted old gen allocation rate: 0.00B/s, predicted marking phase length: 0.00ms, prediction active: false
[15.477s][debug][gc,ergo,refine ] GC(15) Concurrent refinement times: Logged Cards Scan time goal: 20.00ms Logged Cards Scan time: 0.02ms HCC time: 0.00ms
[15.477s][debug][gc,ergo,refine ] GC(15) Updated Refinement Zones: green: 2048, yellow: 6144, red: 10240
[15.477s][info ][gc,phases      ] GC(15)   Pre Evacuate Collection Set: 0.1ms
[15.477s][debug][gc,phases      ] GC(15)     Prepare TLABs: 0.0ms
[15.477s][debug][gc,phases      ] GC(15)     Choose Collection Set: 0.0ms
[15.477s][debug][gc,phases      ] GC(15)     Region Register: 0.0ms
[15.477s][debug][gc,phases      ] GC(15)     Prepare Heap Roots: 0.0ms
[15.477s][info ][gc,phases      ] GC(15)   Merge Heap Roots: 0.1ms
[15.477s][debug][gc,phases      ] GC(15)     Prepare Merge Heap Roots: 0.0ms
[15.477s][debug][gc,phases      ] GC(15)     Eager Reclaim (ms):       skipped
[15.477s][debug][gc,phases      ] GC(15)     Remembered Sets (ms):     Min:  0.0, Avg:  0.0, Max:  0.0, Diff:  0.0, Sum:  0.0, Workers: 8
[15.477s][debug][gc,phases      ] GC(15)       Merged Sparse:            Min: 0, Avg:  0.0, Max: 0, Diff: 0, Sum: 0, Workers: 8
[15.477s][debug][gc,phases      ] GC(15)       Merged Fine:              Min: 0, Avg:  0.0, Max: 0, Diff: 0, Sum: 0, Workers: 8
[15.477s][debug][gc,phases      ] GC(15)       Merged Coarse:            Min: 0, Avg:  0.0, Max: 0, Diff: 0, Sum: 0, Workers: 8
[15.477s][debug][gc,phases      ] GC(15)       Dirty Cards:              Min: 0, Avg:  0.0, Max: 0, Diff: 0, Sum: 0, Workers: 8
[15.477s][debug][gc,phases      ] GC(15)     Hot Card Cache (ms):      Min:  0.0, Avg:  0.0, Max:  0.0, Diff:  0.0, Sum:  0.0, Workers: 8
[15.477s][debug][gc,phases      ] GC(15)       Dirty Cards:              Min: 0, Avg:  0.0, Max: 0, Diff: 0, Sum: 0, Workers: 8
[15.477s][debug][gc,phases      ] GC(15)       Skipped Cards:            Min: 0, Avg:  0.0, Max: 0, Diff: 0, Sum: 0, Workers: 8
[15.477s][debug][gc,phases      ] GC(15)     Log Buffers (ms):         Min:  0.0, Avg:  0.0, Max:  0.0, Diff:  0.0, Sum:  0.0, Workers: 8
[15.477s][debug][gc,phases      ] GC(15)       Dirty Cards:              Min: 0, Avg:  7.5, Max: 17, Diff: 17, Sum: 60, Workers: 8
[15.477s][debug][gc,phases      ] GC(15)       Skipped Cards:            Min: 0, Avg:  0.0, Max: 0, Diff: 0, Sum: 0, Workers: 8
[15.477s][info ][gc,phases      ] GC(15)   Evacuate Collection Set: 0.5ms
[15.477s][debug][gc,phases      ] GC(15)     Ext Root Scanning (ms):   Min:  0.0, Avg:  0.1, Max:  0.1, Diff:  0.1, Sum:  0.5, Workers: 8
[15.477s][debug][gc,phases      ] GC(15)     Scan Heap Roots (ms):     Min:  0.0, Avg:  0.0, Max:  0.0, Diff:  0.0, Sum:  0.1, Workers: 8
[15.477s][debug][gc,phases      ] GC(15)       Scanned Cards:            Min: 0, Avg:  7.2, Max: 14, Diff: 14, Sum: 58, Workers: 8
[15.477s][debug][gc,phases      ] GC(15)       Scanned Blocks:           Min: 0, Avg:  5.6, Max: 10, Diff: 10, Sum: 45, Workers: 8
[15.477s][debug][gc,phases      ] GC(15)       Claimed Chunks:           Min: 0, Avg:  2.2, Max: 4, Diff: 4, Sum: 18, Workers: 8
[15.477s][debug][gc,phases      ] GC(15)     Code Root Scan (ms):      Min:  0.0, Avg:  0.0, Max:  0.0, Diff:  0.0, Sum:  0.0, Workers: 8
[15.477s][debug][gc,phases      ] GC(15)     Object Copy (ms):         Min:  0.0, Avg:  0.1, Max:  0.2, Diff:  0.2, Sum:  0.5, Workers: 8
[15.477s][debug][gc,phases      ] GC(15)     Termination (ms):         Min:  0.0, Avg:  0.2, Max:  0.4, Diff:  0.4, Sum:  1.7, Workers: 8
[15.477s][debug][gc,phases      ] GC(15)       Termination Attempts:     Min: 1, Avg:  1.0, Max: 1, Diff: 0, Sum: 8, Workers: 8
[15.477s][debug][gc,phases      ] GC(15)     GC Worker Other (ms):     Min:  0.0, Avg:  0.0, Max:  0.0, Diff:  0.0, Sum:  0.1, Workers: 8
[15.477s][debug][gc,phases      ] GC(15)     GC Worker Total (ms):     Min:  0.3, Avg:  0.4, Max:  0.5, Diff:  0.2, Sum:  2.9, Workers: 8
[15.477s][info ][gc,phases      ] GC(15)   Post Evacuate Collection Set: 0.5ms
[15.477s][debug][gc,phases      ] GC(15)     Code Roots Fixup: 0.0ms
[15.477s][debug][gc,phases      ] GC(15)     Clear Card Table: 0.1ms
[15.477s][debug][gc,phases      ] GC(15)     Reference Processing: 0.1ms
[15.477s][debug][gc,phases,ref  ] GC(15)       Reconsider SoftReferences: 0.0ms
[15.477s][debug][gc,phases,ref  ] GC(15)         SoftRef (ms):             skipped
[15.477s][debug][gc,phases,ref  ] GC(15)       Notify Soft/WeakReferences: 0.0ms
[15.477s][debug][gc,phases,ref  ] GC(15)         SoftRef (ms):             Min:  0.0, Avg:  0.0, Max:  0.0, Diff:  0.0, Sum:  0.0, Workers: 1
[15.477s][debug][gc,phases,ref  ] GC(15)         WeakRef (ms):             Min:  0.0, Avg:  0.0, Max:  0.0, Diff:  0.0, Sum:  0.0, Workers: 1
[15.477s][debug][gc,phases,ref  ] GC(15)         FinalRef (ms):            Min:  0.0, Avg:  0.0, Max:  0.0, Diff:  0.0, Sum:  0.0, Workers: 1
[15.477s][debug][gc,phases,ref  ] GC(15)         Total (ms):               Min:  0.0, Avg:  0.0, Max:  0.0, Diff:  0.0, Sum:  0.0, Workers: 1
[15.477s][debug][gc,phases,ref  ] GC(15)       Notify and keep alive finalizable: 0.0ms
[15.477s][debug][gc,phases,ref  ] GC(15)         FinalRef (ms):            skipped
[15.477s][debug][gc,phases,ref  ] GC(15)       Notify PhantomReferences: 0.0ms
[15.477s][debug][gc,phases,ref  ] GC(15)         PhantomRef (ms):          skipped
[15.477s][debug][gc,phases,ref  ] GC(15)       SoftReference:
[15.477s][debug][gc,phases,ref  ] GC(15)         Discovered: 0
[15.477s][debug][gc,phases,ref  ] GC(15)         Cleared: 0
[15.477s][debug][gc,phases,ref  ] GC(15)       WeakReference:
[15.477s][debug][gc,phases,ref  ] GC(15)         Discovered: 1
[15.477s][debug][gc,phases,ref  ] GC(15)         Cleared: 0
[15.477s][debug][gc,phases,ref  ] GC(15)       FinalReference:
[15.477s][debug][gc,phases,ref  ] GC(15)         Discovered: 0
[15.477s][debug][gc,phases,ref  ] GC(15)         Cleared: 0
[15.477s][debug][gc,phases,ref  ] GC(15)       PhantomReference:
[15.477s][debug][gc,phases,ref  ] GC(15)         Discovered: 0
[15.477s][debug][gc,phases,ref  ] GC(15)         Cleared: 0
[15.477s][debug][gc,phases      ] GC(15)     Weak Processing: 0.0ms
[15.477s][debug][gc,phases      ] GC(15)       JVMTI weak processing: 0.0ms
[15.477s][debug][gc,phases      ] GC(15)         Dead: 0
[15.477s][debug][gc,phases      ] GC(15)         Total: 0
[15.477s][debug][gc,phases      ] GC(15)       JFR weak processing: 0.0ms
[15.477s][debug][gc,phases      ] GC(15)         Dead: 0
[15.477s][debug][gc,phases      ] GC(15)         Total: 0
[15.477s][debug][gc,phases      ] GC(15)       JNI weak                  Min:  0.0, Avg:  0.0, Max:  0.0, Diff:  0.0, Sum:  0.0, Workers: 5
[15.477s][debug][gc,phases      ] GC(15)         Dead                      Min: 0, Avg:  0.0, Max: 0, Diff: 0, Sum: 0, Workers: 5
[15.477s][debug][gc,phases      ] GC(15)         Total                     Min: 0, Avg: 15.8, Max: 61, Diff: 61, Sum: 79, Workers: 5
[15.477s][debug][gc,phases      ] GC(15)       VM weak                   Min:  0.0, Avg:  0.0, Max:  0.0, Diff:  0.0, Sum:  0.0, Workers: 5
[15.477s][debug][gc,phases      ] GC(15)         Dead                      Min: 0, Avg:  0.0, Max: 0, Diff: 0, Sum: 0, Workers: 5
[15.477s][debug][gc,phases      ] GC(15)         Total                     Min: 0, Avg: 45.0, Max: 64, Diff: 64, Sum: 225, Workers: 5
[15.477s][debug][gc,phases      ] GC(15)       StringTable weak          Min:  0.0, Avg:  0.0, Max:  0.0, Diff:  0.0, Sum:  0.1, Workers: 5
[15.477s][debug][gc,phases      ] GC(15)         Dead                      Min: 0, Avg:  0.0, Max: 0, Diff: 0, Sum: 0, Workers: 5
[15.477s][debug][gc,phases      ] GC(15)         Total                     Min: 0, Avg: 729.8, Max: 960, Diff: 960, Sum: 3649, Workers: 5
[15.477s][debug][gc,phases      ] GC(15)       ResolvedMethodTable weak  Min:  0.0, Avg:  0.0, Max:  0.0, Diff:  0.0, Sum:  0.0, Workers: 5
[15.477s][debug][gc,phases      ] GC(15)         Dead                      Min: 0, Avg:  0.0, Max: 0, Diff: 0, Sum: 0, Workers: 5
[15.477s][debug][gc,phases      ] GC(15)         Total                     Min: 0, Avg: 118.0, Max: 192, Diff: 192, Sum: 590, Workers: 5
[15.477s][debug][gc,phases      ] GC(15)     Merge Per-Thread State: 0.0ms
[15.477s][debug][gc,phases      ] GC(15)       Copied Bytes              Min: 1928, Avg: 64446.0, Max: 401824, Diff: 399896, Sum: 515568, Workers: 8
[15.477s][debug][gc,phases      ] GC(15)       LAB Waste                 Min: 0, Avg: 22.0, Max: 96, Diff: 96, Sum: 176, Workers: 8
[15.477s][debug][gc,phases      ] GC(15)       LAB Undo Waste            Min: 0, Avg:  0.0, Max: 0, Diff: 0, Sum: 0, Workers: 8
[15.477s][debug][gc,phases      ] GC(15)     Code Roots Purge: 0.0ms
[15.477s][debug][gc,phases      ] GC(15)     Redirty Cards: 0.0ms
[15.477s][debug][gc,phases      ] GC(15)     DerivedPointerTable Update: 0.0ms
[15.477s][debug][gc,phases      ] GC(15)     Free Collection Set: 0.1ms
[15.477s][debug][gc,phases      ] GC(15)     Rebuild Free List: 0.1ms
[15.477s][debug][gc,phases      ] GC(15)     Humongous Reclaim: 0.0ms
[15.477s][debug][gc,phases      ] GC(15)     Start New Collection Set: 0.0ms
[15.478s][debug][gc,phases      ] GC(15)     Resize TLABs: 0.0ms
[15.478s][debug][gc,phases      ] GC(15)     Expand Heap After Collection: 0.0ms
[15.478s][info ][gc,phases      ] GC(15)   Other: 0.3ms
[15.478s][info ][gc,heap        ] GC(15) Eden regions: 84->0(84)
[15.478s][info ][gc,heap        ] GC(15) Survivor regions: 1->1(11)
[15.478s][info ][gc,heap        ] GC(15) Old regions: 6->6
[15.478s][info ][gc,heap        ] GC(15) Archive regions: 2->2
[15.478s][info ][gc,heap        ] GC(15) Humongous regions: 0->0
[15.478s][info ][gc,metaspace   ] GC(15) Metaspace: 10546K(11136K)->10546K(11136K) NonClass: 9334K(9728K)->9334K(9728K) Class: 1212K(1408K)->1212K(1408K)
[15.478s][debug][gc,heap        ] GC(15) Heap after GC invocations=16 (full 1): garbage-first heap   total 145408K, used 4363K [0x0000000700000000, 0x0000000800000000)
[15.478s][debug][gc,heap        ] GC(15)   region size 1024K, 1 young (1024K), 1 survivors (1024K)
[15.478s][debug][gc,heap        ] GC(15)  Metaspace       used 10546K, capacity 10850K, committed 11136K, reserved 1058816K
[15.478s][debug][gc,heap        ] GC(15)   class space    used 1212K, capacity 1344K, committed 1408K, reserved 1048576K
[15.478s][info ][gc             ] GC(15) Pause Young (Normal) (G1 Evacuation Pause) 88M->4M(142M) 1.994ms
[15.478s][info ][gc,cpu         ] GC(15) User=0.01s Sys=0.00s Real=0.00s
[15.479s][info ][safepoint      ] Safepoint "G1CollectForAllocation", Time since last: 96146145 ns, Reaching safepoint: 213763 ns, At safepoint: 3156306 ns, Total: 3370069 ns
[15.554s][debug][gc,heap        ] GC(16) Heap before GC invocations=16 (full 1): garbage-first heap   total 145408K, used 90379K [0x0000000700000000, 0x0000000800000000)
[15.554s][debug][gc,heap        ] GC(16)   region size 1024K, 85 young (87040K), 1 survivors (1024K)
[15.554s][debug][gc,heap        ] GC(16)  Metaspace       used 10546K, capacity 10850K, committed 11136K, reserved 1058816K
[15.554s][debug][gc,heap        ] GC(16)   class space    used 1212K, capacity 1344K, committed 1408K, reserved 1048576K
[15.554s][info ][gc,start       ] GC(16) Pause Young (Normal) (G1 Evacuation Pause)
[15.554s][info ][gc,task        ] GC(16) Using 8 workers of 8 for evacuation
[15.554s][debug][gc,tlab        ] GC(16) TLAB totals: thrds: 8  refills: 545 max: 102 slow allocs: 0 max 0 waste:  1.0% gc: 558736B max: 125088B slow: 314320B max: 58648B fast: 0B max: 0B
[15.554s][debug][gc,age         ] GC(16) Desired survivor size 5767168 bytes, new threshold 15 (max threshold 15)
[15.554s][debug][gc,alloc,region] GC(16) Mutator Allocation stats, regions: 84, wasted size: 0B ( 0.0%)
[15.554s][debug][gc,ergo        ] GC(16) Running G1 Merge Heap Roots using 8 workers for 85 regions
[15.554s][debug][gc,remset      ] GC(16) Visited cards 4352 Total dirty 10240 (42.50%) Total old 364544 (1.19%)
[15.555s][debug][gc,ergo        ] GC(16) Running G1 Clear Card Table Task using 1 workers for 1 units of work for 90 regions.
[15.555s][debug][gc,ref         ] GC(16) Skipped phase1 of Reference Processing due to unavailable references
[15.555s][debug][gc,ref         ] GC(16) Skipped phase2 of Reference Processing due to unavailable references
[15.555s][debug][gc,ref         ] GC(16) Skipped phase3 of Reference Processing due to unavailable references
[15.555s][debug][gc,ref         ] GC(16) Skipped phase4 of Reference Processing due to unavailable references
[15.555s][debug][gc,ergo        ] GC(16) Running G1 Free Collection Set using 8 workers for collection set length 85 (142)
[15.555s][debug][gc,ergo        ] GC(16) Running G1 Rebuild Free List Task using 8 workers for rebuilding free list of 0 (4096) regions
[15.556s][trace][gc,age         ] GC(16) Age table with threshold 15 (max threshold 15)
[15.556s][trace][gc,age         ] GC(16) - age   1:        552 bytes,        552 total
[15.556s][trace][gc,age         ] GC(16) - age   2:        416 bytes,        968 total
[15.556s][trace][gc,age         ] GC(16) - age  15:        664 bytes,       1632 total
[15.556s][debug][gc,plab        ] GC(16) Young PLAB allocation: allocated: 16512B, wasted: 0B, unused: 14880B, used: 1632B, undo waste: 0B, 
[15.556s][debug][gc,plab        ] GC(16) Young other allocation: region end waste: 0B, regions filled: 1, direct allocated: 0B, failure used: 0B, failure wasted: 0B
[15.556s][debug][gc,plab        ] GC(16) Young sizing: calculated: 320B, actual: 2064B
[15.556s][debug][gc,plab        ] GC(16) Old PLAB allocation: allocated: 26832B, wasted: 192B, unused: 7472B, used: 19168B, undo waste: 0B, 
[15.556s][debug][gc,plab        ] GC(16) Old other allocation: region end waste: 0B, regions filled: 1, direct allocated: 494624B, failure used: 0B, failure wasted: 0B
[15.556s][debug][gc,plab        ] GC(16) Old sizing: calculated: 3832B, actual: 2872B
[15.556s][debug][gc,ihop        ] GC(16) Basic information (value update), threshold: 67004006B (45.00), target occupancy: 148897792B, current occupancy: 4483304B, recent allocation size: 26832B, recent allocation duration: 77.28ms, recent old gen allocation rate: 347208.31B/s, recent marking phase length: 0.00ms
[15.556s][debug][gc,ihop        ] GC(16) Adaptive IHOP information (value update), threshold: 67004006B (47.37), internal target occupancy: 141452902B, occupancy: 4483304B, additional buffer size: 89128960B, predicted old gen allocation rate: 54238.53B/s, predicted marking phase length: 0.00ms, prediction active: false
[15.556s][debug][gc,ergo,refine ] GC(16) Concurrent refinement times: Logged Cards Scan time goal: 20.00ms Logged Cards Scan time: 0.02ms HCC time: 0.00ms
[15.556s][debug][gc,ergo,refine ] GC(16) Updated Refinement Zones: green: 2048, yellow: 6144, red: 10240
[15.556s][info ][gc,phases      ] GC(16)   Pre Evacuate Collection Set: 0.1ms
[15.556s][debug][gc,phases      ] GC(16)     Prepare TLABs: 0.0ms
[15.556s][debug][gc,phases      ] GC(16)     Choose Collection Set: 0.0ms
[15.556s][debug][gc,phases      ] GC(16)     Region Register: 0.0ms
[15.556s][debug][gc,phases      ] GC(16)     Prepare Heap Roots: 0.0ms
[15.556s][info ][gc,phases      ] GC(16)   Merge Heap Roots: 0.1ms
[15.556s][debug][gc,phases      ] GC(16)     Prepare Merge Heap Roots: 0.0ms
[15.556s][debug][gc,phases      ] GC(16)     Eager Reclaim (ms):       skipped
[15.556s][debug][gc,phases      ] GC(16)     Remembered Sets (ms):     Min:  0.0, Avg:  0.0, Max:  0.0, Diff:  0.0, Sum:  0.1, Workers: 8
[15.556s][debug][gc,phases      ] GC(16)       Merged Sparse:            Min: 0, Avg:  0.0, Max: 0, Diff: 0, Sum: 0, Workers: 8
[15.556s][debug][gc,phases      ] GC(16)       Merged Fine:              Min: 0, Avg:  0.0, Max: 0, Diff: 0, Sum: 0, Workers: 8
[15.556s][debug][gc,phases      ] GC(16)       Merged Coarse:            Min: 0, Avg:  0.0, Max: 0, Diff: 0, Sum: 0, Workers: 8
[15.556s][debug][gc,phases      ] GC(16)       Dirty Cards:              Min: 0, Avg:  0.0, Max: 0, Diff: 0, Sum: 0, Workers: 8
[15.556s][debug][gc,phases      ] GC(16)     Hot Card Cache (ms):      Min:  0.0, Avg:  0.0, Max:  0.0, Diff:  0.0, Sum:  0.0, Workers: 8
[15.556s][debug][gc,phases      ] GC(16)       Dirty Cards:              Min: 0, Avg:  0.0, Max: 0, Diff: 0, Sum: 0, Workers: 8
[15.556s][debug][gc,phases      ] GC(16)       Skipped Cards:            Min: 0, Avg:  0.0, Max: 0, Diff: 0, Sum: 0, Workers: 8
[15.556s][debug][gc,phases      ] GC(16)     Log Buffers (ms):         Min:  0.0, Avg:  0.0, Max:  0.0, Diff:  0.0, Sum:  0.0, Workers: 8
[15.556s][debug][gc,phases      ] GC(16)       Dirty Cards:              Min: 0, Avg:  6.9, Max: 16, Diff: 16, Sum: 55, Workers: 8
[15.556s][debug][gc,phases      ] GC(16)       Skipped Cards:            Min: 0, Avg:  0.0, Max: 0, Diff: 0, Sum: 0, Workers: 8
[15.556s][info ][gc,phases      ] GC(16)   Evacuate Collection Set: 0.7ms
[15.556s][debug][gc,phases      ] GC(16)     Ext Root Scanning (ms):   Min:  0.0, Avg:  0.0, Max:  0.1, Diff:  0.1, Sum:  0.4, Workers: 8
[15.556s][debug][gc,phases      ] GC(16)     Scan Heap Roots (ms):     Min:  0.0, Avg:  0.0, Max:  0.0, Diff:  0.0, Sum:  0.1, Workers: 8
[15.556s][debug][gc,phases      ] GC(16)       Scanned Cards:            Min: 0, Avg:  6.5, Max: 11, Diff: 11, Sum: 52, Workers: 8
[15.556s][debug][gc,phases      ] GC(16)       Scanned Blocks:           Min: 0, Avg:  5.2, Max: 7, Diff: 7, Sum: 42, Workers: 8
[15.556s][debug][gc,phases      ] GC(16)       Claimed Chunks:           Min: 0, Avg:  2.1, Max: 3, Diff: 3, Sum: 17, Workers: 8
[15.556s][debug][gc,phases      ] GC(16)     Code Root Scan (ms):      Min:  0.0, Avg:  0.0, Max:  0.0, Diff:  0.0, Sum:  0.0, Workers: 8
[15.556s][debug][gc,phases      ] GC(16)     Object Copy (ms):         Min:  0.0, Avg:  0.1, Max:  0.3, Diff:  0.3, Sum:  0.6, Workers: 8
[15.556s][debug][gc,phases      ] GC(16)     Termination (ms):         Min:  0.0, Avg:  0.3, Max:  0.5, Diff:  0.5, Sum:  2.3, Workers: 8
[15.556s][debug][gc,phases      ] GC(16)       Termination Attempts:     Min: 1, Avg:  1.0, Max: 1, Diff: 0, Sum: 8, Workers: 8
[15.556s][debug][gc,phases      ] GC(16)     GC Worker Other (ms):     Min:  0.0, Avg:  0.0, Max:  0.0, Diff:  0.0, Sum:  0.1, Workers: 8
[15.556s][debug][gc,phases      ] GC(16)     GC Worker Total (ms):     Min:  0.4, Avg:  0.4, Max:  0.6, Diff:  0.2, Sum:  3.5, Workers: 8
[15.556s][info ][gc,phases      ] GC(16)   Post Evacuate Collection Set: 0.4ms
[15.556s][debug][gc,phases      ] GC(16)     Code Roots Fixup: 0.0ms
[15.556s][debug][gc,phases      ] GC(16)     Clear Card Table: 0.1ms
[15.556s][debug][gc,phases      ] GC(16)     Reference Processing: 0.0ms
[15.556s][debug][gc,phases,ref  ] GC(16)       Reconsider SoftReferences: 0.0ms
[15.556s][debug][gc,phases,ref  ] GC(16)         SoftRef (ms):             skipped
[15.556s][debug][gc,phases,ref  ] GC(16)       Notify Soft/WeakReferences: 0.0ms
[15.556s][debug][gc,phases,ref  ] GC(16)         SoftRef (ms):             skipped
[15.556s][debug][gc,phases,ref  ] GC(16)         WeakRef (ms):             skipped
[15.556s][debug][gc,phases,ref  ] GC(16)         FinalRef (ms):            skipped
[15.556s][debug][gc,phases,ref  ] GC(16)         Total (ms):               skipped
[15.556s][debug][gc,phases,ref  ] GC(16)       Notify and keep alive finalizable: 0.0ms
[15.556s][debug][gc,phases,ref  ] GC(16)         FinalRef (ms):            skipped
[15.556s][debug][gc,phases,ref  ] GC(16)       Notify PhantomReferences: 0.0ms
[15.556s][debug][gc,phases,ref  ] GC(16)         PhantomRef (ms):          skipped
[15.556s][debug][gc,phases,ref  ] GC(16)       SoftReference:
[15.556s][debug][gc,phases,ref  ] GC(16)         Discovered: 0
[15.556s][debug][gc,phases,ref  ] GC(16)         Cleared: 0
[15.556s][debug][gc,phases,ref  ] GC(16)       WeakReference:
[15.556s][debug][gc,phases,ref  ] GC(16)         Discovered: 0
[15.556s][debug][gc,phases,ref  ] GC(16)         Cleared: 0
[15.556s][debug][gc,phases,ref  ] GC(16)       FinalReference:
[15.556s][debug][gc,phases,ref  ] GC(16)         Discovered: 0
[15.556s][debug][gc,phases,ref  ] GC(16)         Cleared: 0
[15.556s][debug][gc,phases,ref  ] GC(16)       PhantomReference:
[15.556s][debug][gc,phases,ref  ] GC(16)         Discovered: 0
[15.556s][debug][gc,phases,ref  ] GC(16)         Cleared: 0
[15.556s][debug][gc,phases      ] GC(16)     Weak Processing: 0.0ms
[15.556s][debug][gc,phases      ] GC(16)       JVMTI weak processing: 0.0ms
[15.556s][debug][gc,phases      ] GC(16)         Dead: 0
[15.556s][debug][gc,phases      ] GC(16)         Total: 0
[15.556s][debug][gc,phases      ] GC(16)       JFR weak processing: 0.0ms
[15.556s][debug][gc,phases      ] GC(16)         Dead: 0
[15.556s][debug][gc,phases      ] GC(16)         Total: 0
[15.556s][debug][gc,phases      ] GC(16)       JNI weak                  Min:  0.0, Avg:  0.0, Max:  0.0, Diff:  0.0, Sum:  0.0, Workers: 5
[15.556s][debug][gc,phases      ] GC(16)         Dead                      Min: 0, Avg:  0.0, Max: 0, Diff: 0, Sum: 0, Workers: 5
[15.556s][debug][gc,phases      ] GC(16)         Total                     Min: 0, Avg: 15.6, Max: 61, Diff: 61, Sum: 78, Workers: 5
[15.556s][debug][gc,phases      ] GC(16)       VM weak                   Min:  0.0, Avg:  0.0, Max:  0.0, Diff:  0.0, Sum:  0.0, Workers: 5
[15.556s][debug][gc,phases      ] GC(16)         Dead                      Min: 0, Avg:  0.0, Max: 0, Diff: 0, Sum: 0, Workers: 5
[15.556s][debug][gc,phases      ] GC(16)         Total                     Min: 0, Avg: 45.0, Max: 128, Diff: 128, Sum: 225, Workers: 5
[15.556s][debug][gc,phases      ] GC(16)       StringTable weak          Min:  0.0, Avg:  0.0, Max:  0.0, Diff:  0.0, Sum:  0.0, Workers: 5
[15.557s][debug][gc,phases      ] GC(16)         Dead                      Min: 0, Avg:  0.0, Max: 0, Diff: 0, Sum: 0, Workers: 5
[15.557s][debug][gc,phases      ] GC(16)         Total                     Min: 0, Avg: 729.8, Max: 1536, Diff: 1536, Sum: 3649, Workers: 5
[15.557s][debug][gc,phases      ] GC(16)       ResolvedMethodTable weak  Min:  0.0, Avg:  0.0, Max:  0.0, Diff:  0.0, Sum:  0.0, Workers: 5
[15.557s][debug][gc,phases      ] GC(16)         Dead                      Min: 0, Avg:  0.0, Max: 0, Diff: 0, Sum: 0, Workers: 5
[15.557s][debug][gc,phases      ] GC(16)         Total                     Min: 0, Avg: 118.0, Max: 206, Diff: 206, Sum: 590, Workers: 5
[15.557s][debug][gc,phases      ] GC(16)     Merge Per-Thread State: 0.0ms
[15.557s][debug][gc,phases      ] GC(16)       Copied Bytes              Min: 232, Avg: 64428.0, Max: 403456, Diff: 403224, Sum: 515424, Workers: 8
[15.557s][debug][gc,phases      ] GC(16)       LAB Waste                 Min: 0, Avg: 24.0, Max: 64, Diff: 64, Sum: 192, Workers: 8
[15.557s][debug][gc,phases      ] GC(16)       LAB Undo Waste            Min: 0, Avg:  0.0, Max: 0, Diff: 0, Sum: 0, Workers: 8
[15.557s][debug][gc,phases      ] GC(16)     Code Roots Purge: 0.0ms
[15.557s][debug][gc,phases      ] GC(16)     Redirty Cards: 0.1ms
[15.557s][debug][gc,phases      ] GC(16)     DerivedPointerTable Update: 0.0ms
[15.557s][debug][gc,phases      ] GC(16)     Free Collection Set: 0.1ms
[15.557s][debug][gc,phases      ] GC(16)     Rebuild Free List: 0.1ms
[15.557s][debug][gc,phases      ] GC(16)     Humongous Reclaim: 0.0ms
[15.557s][debug][gc,phases      ] GC(16)     Start New Collection Set: 0.0ms
[15.557s][debug][gc,phases      ] GC(16)     Resize TLABs: 0.0ms
[15.557s][debug][gc,phases      ] GC(16)     Expand Heap After Collection: 0.0ms
[15.557s][info ][gc,phases      ] GC(16)   Other: 0.4ms
[15.557s][info ][gc,heap        ] GC(16) Eden regions: 84->0(84)
[15.557s][info ][gc,heap        ] GC(16) Survivor regions: 1->1(11)
[15.557s][info ][gc,heap        ] GC(16) Old regions: 6->7
[15.557s][info ][gc,heap        ] GC(16) Archive regions: 2->2
[15.557s][info ][gc,heap        ] GC(16) Humongous regions: 0->0
[15.557s][info ][gc,metaspace   ] GC(16) Metaspace: 10546K(11136K)->10546K(11136K) NonClass: 9334K(9728K)->9334K(9728K) Class: 1212K(1408K)->1212K(1408K)
[15.557s][debug][gc,heap        ] GC(16) Heap after GC invocations=17 (full 1): garbage-first heap   total 145408K, used 4378K [0x0000000700000000, 0x0000000800000000)
[15.557s][debug][gc,heap        ] GC(16)   region size 1024K, 1 young (1024K), 1 survivors (1024K)
[15.557s][debug][gc,heap        ] GC(16)  Metaspace       used 10546K, capacity 10850K, committed 11136K, reserved 1058816K
[15.557s][debug][gc,heap        ] GC(16)   class space    used 1212K, capacity 1344K, committed 1408K, reserved 1048576K
[15.557s][info ][gc             ] GC(16) Pause Young (Normal) (G1 Evacuation Pause) 88M->4M(142M) 2.627ms
[15.557s][info ][gc,cpu         ] GC(16) User=0.00s Sys=0.00s Real=0.00s
[15.558s][info ][safepoint      ] Safepoint "G1CollectForAllocation", Time since last: 75254398 ns, Reaching safepoint: 139012 ns, At safepoint: 3511342 ns, Total: 3650354 ns
[15.617s][debug][gc,heap        ] GC(17) Heap before GC invocations=17 (full 1): garbage-first heap   total 145408K, used 90394K [0x0000000700000000, 0x0000000800000000)
[15.617s][debug][gc,heap        ] GC(17)   region size 1024K, 85 young (87040K), 1 survivors (1024K)
[15.617s][debug][gc,heap        ] GC(17)  Metaspace       used 10546K, capacity 10850K, committed 11136K, reserved 1058816K
[15.617s][debug][gc,heap        ] GC(17)   class space    used 1212K, capacity 1344K, committed 1408K, reserved 1048576K
[15.617s][info ][gc,start       ] GC(17) Pause Young (Normal) (G1 Evacuation Pause)
[15.617s][info ][gc,task        ] GC(17) Using 8 workers of 8 for evacuation
[15.617s][debug][gc,tlab        ] GC(17) TLAB totals: thrds: 8  refills: 514 max: 80 slow allocs: 0 max 0 waste:  1.2% gc: 773328B max: 170160B slow: 296304B max: 45752B fast: 0B max: 0B
[15.617s][debug][gc,age         ] GC(17) Desired survivor size 5767168 bytes, new threshold 15 (max threshold 15)
[15.617s][debug][gc,alloc,region] GC(17) Mutator Allocation stats, regions: 84, wasted size: 1056B ( 0.0%)
[15.617s][debug][gc,ergo        ] GC(17) Running G1 Merge Heap Roots using 8 workers for 85 regions
[15.617s][debug][gc,remset      ] GC(17) Visited cards 1792 Total dirty 8192 (21.88%) Total old 366592 (0.49%)
[15.617s][debug][gc,ergo        ] GC(17) Running G1 Clear Card Table Task using 1 workers for 1 units of work for 89 regions.
[15.617s][debug][gc,ref         ] GC(17) Skipped phase1 of Reference Processing due to unavailable references
[15.617s][debug][gc,ref         ] GC(17) Skipped phase2 of Reference Processing due to unavailable references
[15.617s][debug][gc,ref         ] GC(17) Skipped phase3 of Reference Processing due to unavailable references
[15.617s][debug][gc,ref         ] GC(17) Skipped phase4 of Reference Processing due to unavailable references
[15.617s][debug][gc,ergo        ] GC(17) Running G1 Free Collection Set using 8 workers for collection set length 85 (142)
[15.617s][debug][gc,ergo        ] GC(17) Running G1 Rebuild Free List Task using 8 workers for rebuilding free list of 0 (4096) regions
[15.617s][trace][gc,age         ] GC(17) Age table with threshold 15 (max threshold 15)
[15.617s][trace][gc,age         ] GC(17) - age   1:        448 bytes,        448 total
[15.617s][trace][gc,age         ] GC(17) - age   3:        416 bytes,        864 total
[15.617s][debug][gc,plab        ] GC(17) Young PLAB allocation: allocated: 14448B, wasted: 0B, unused: 13584B, used: 864B, undo waste: 0B, 
[15.617s][debug][gc,plab        ] GC(17) Young other allocation: region end waste: 0B, regions filled: 1, direct allocated: 0B, failure used: 0B, failure wasted: 0B
[15.617s][debug][gc,plab        ] GC(17) Young sizing: calculated: 168B, actual: 2064B
[15.617s][debug][gc,plab        ] GC(17) Old PLAB allocation: allocated: 12384B, wasted: 0B, unused: 11720B, used: 664B, undo waste: 0B, 
[15.618s][debug][gc,plab        ] GC(17) Old other allocation: region end waste: 0B, regions filled: 1, direct allocated: 0B, failure used: 0B, failure wasted: 0B
[15.618s][debug][gc,plab        ] GC(17) Old sizing: calculated: 128B, actual: 2064B
[15.618s][debug][gc,ihop        ] GC(17) Basic information (value update), threshold: 67004006B (45.00), target occupancy: 148897792B, current occupancy: 4494040B, recent allocation size: 12384B, recent allocation duration: 60.99ms, recent old gen allocation rate: 203058.31B/s, recent marking phase length: 0.00ms
[15.618s][debug][gc,ihop        ] GC(17) Adaptive IHOP information (value update), threshold: 67004006B (47.37), internal target occupancy: 141452902B, occupancy: 4494040B, additional buffer size: 89128960B, predicted old gen allocation rate: 67645.49B/s, predicted marking phase length: 0.00ms, prediction active: false
[15.618s][debug][gc,ergo,refine ] GC(17) Concurrent refinement times: Logged Cards Scan time goal: 20.00ms Logged Cards Scan time: 0.01ms HCC time: 0.00ms
[15.618s][debug][gc,ergo,refine ] GC(17) Updated Refinement Zones: green: 2048, yellow: 6144, red: 10240
[15.618s][info ][gc,phases      ] GC(17)   Pre Evacuate Collection Set: 0.1ms
[15.618s][debug][gc,phases      ] GC(17)     Prepare TLABs: 0.0ms
[15.618s][debug][gc,phases      ] GC(17)     Choose Collection Set: 0.0ms
[15.618s][debug][gc,phases      ] GC(17)     Region Register: 0.1ms
[15.618s][debug][gc,phases      ] GC(17)     Prepare Heap Roots: 0.0ms
[15.618s][info ][gc,phases      ] GC(17)   Merge Heap Roots: 0.1ms
[15.618s][debug][gc,phases      ] GC(17)     Prepare Merge Heap Roots: 0.0ms
[15.618s][debug][gc,phases      ] GC(17)     Eager Reclaim (ms):       skipped
[15.618s][debug][gc,phases      ] GC(17)     Remembered Sets (ms):     Min:  0.0, Avg:  0.0, Max:  0.0, Diff:  0.0, Sum:  0.0, Workers: 8
[15.618s][debug][gc,phases      ] GC(17)       Merged Sparse:            Min: 0, Avg:  0.0, Max: 0, Diff: 0, Sum: 0, Workers: 8
[15.618s][debug][gc,phases      ] GC(17)       Merged Fine:              Min: 0, Avg:  0.0, Max: 0, Diff: 0, Sum: 0, Workers: 8
[15.618s][debug][gc,phases      ] GC(17)       Merged Coarse:            Min: 0, Avg:  0.0, Max: 0, Diff: 0, Sum: 0, Workers: 8
[15.618s][debug][gc,phases      ] GC(17)       Dirty Cards:              Min: 0, Avg:  0.0, Max: 0, Diff: 0, Sum: 0, Workers: 8
[15.618s][debug][gc,phases      ] GC(17)     Hot Card Cache (ms):      Min:  0.0, Avg:  0.0, Max:  0.0, Diff:  0.0, Sum:  0.0, Workers: 8
[15.618s][debug][gc,phases      ] GC(17)       Dirty Cards:              Min: 0, Avg:  0.0, Max: 0, Diff: 0, Sum: 0, Workers: 8
[15.618s][debug][gc,phases      ] GC(17)       Skipped Cards:            Min: 0, Avg:  0.0, Max: 0, Diff: 0, Sum: 0, Workers: 8
[15.618s][debug][gc,phases      ] GC(17)     Log Buffers (ms):         Min:  0.0, Avg:  0.0, Max:  0.0, Diff:  0.0, Sum:  0.0, Workers: 8
[15.618s][debug][gc,phases      ] GC(17)       Dirty Cards:              Min: 0, Avg:  1.5, Max: 4, Diff: 4, Sum: 12, Workers: 8
[15.618s][debug][gc,phases      ] GC(17)       Skipped Cards:            Min: 0, Avg:  0.0, Max: 0, Diff: 0, Sum: 0, Workers: 8
[15.618s][info ][gc,phases      ] GC(17)   Evacuate Collection Set: 0.1ms
[15.618s][debug][gc,phases      ] GC(17)     Ext Root Scanning (ms):   Min:  0.0, Avg:  0.0, Max:  0.1, Diff:  0.1, Sum:  0.3, Workers: 8
[15.618s][debug][gc,phases      ] GC(17)     Scan Heap Roots (ms):     Min:  0.0, Avg:  0.0, Max:  0.0, Diff:  0.0, Sum:  0.0, Workers: 8
[15.618s][debug][gc,phases      ] GC(17)       Scanned Cards:            Min: 0, Avg:  1.5, Max: 4, Diff: 4, Sum: 12, Workers: 8
[15.618s][debug][gc,phases      ] GC(17)       Scanned Blocks:           Min: 0, Avg:  1.5, Max: 4, Diff: 4, Sum: 12, Workers: 8
[15.618s][debug][gc,phases      ] GC(17)       Claimed Chunks:           Min: 0, Avg:  0.9, Max: 2, Diff: 2, Sum: 7, Workers: 8
[15.618s][debug][gc,phases      ] GC(17)     Code Root Scan (ms):      Min:  0.0, Avg:  0.0, Max:  0.0, Diff:  0.0, Sum:  0.0, Workers: 8
[15.618s][debug][gc,phases      ] GC(17)     Object Copy (ms):         Min:  0.0, Avg:  0.0, Max:  0.0, Diff:  0.0, Sum:  0.1, Workers: 8
[15.618s][debug][gc,phases      ] GC(17)     Termination (ms):         Min:  0.0, Avg:  0.1, Max:  0.1, Diff:  0.0, Sum:  0.4, Workers: 8
[15.618s][debug][gc,phases      ] GC(17)       Termination Attempts:     Min: 1, Avg:  1.0, Max: 1, Diff: 0, Sum: 8, Workers: 8
[15.618s][debug][gc,phases      ] GC(17)     GC Worker Other (ms):     Min:  0.0, Avg:  0.0, Max:  0.0, Diff:  0.0, Sum:  0.1, Workers: 8
[15.618s][debug][gc,phases      ] GC(17)     GC Worker Total (ms):     Min:  0.1, Avg:  0.1, Max:  0.1, Diff:  0.1, Sum:  0.9, Workers: 8
[15.618s][info ][gc,phases      ] GC(17)   Post Evacuate Collection Set: 0.5ms
[15.618s][debug][gc,phases      ] GC(17)     Code Roots Fixup: 0.0ms
[15.618s][debug][gc,phases      ] GC(17)     Clear Card Table: 0.0ms
[15.618s][debug][gc,phases      ] GC(17)     Reference Processing: 0.0ms
[15.618s][debug][gc,phases,ref  ] GC(17)       Reconsider SoftReferences: 0.0ms
[15.618s][debug][gc,phases,ref  ] GC(17)         SoftRef (ms):             skipped
[15.618s][debug][gc,phases,ref  ] GC(17)       Notify Soft/WeakReferences: 0.0ms
[15.618s][debug][gc,phases,ref  ] GC(17)         SoftRef (ms):             skipped
[15.618s][debug][gc,phases,ref  ] GC(17)         WeakRef (ms):             skipped
[15.618s][debug][gc,phases,ref  ] GC(17)         FinalRef (ms):            skipped
[15.618s][debug][gc,phases,ref  ] GC(17)         Total (ms):               skipped
[15.618s][debug][gc,phases,ref  ] GC(17)       Notify and keep alive finalizable: 0.0ms
[15.618s][debug][gc,phases,ref  ] GC(17)         FinalRef (ms):            skipped
[15.618s][debug][gc,phases,ref  ] GC(17)       Notify PhantomReferences: 0.0ms
[15.618s][debug][gc,phases,ref  ] GC(17)         PhantomRef (ms):          skipped
[15.618s][debug][gc,phases,ref  ] GC(17)       SoftReference:
[15.618s][debug][gc,phases,ref  ] GC(17)         Discovered: 0
[15.618s][debug][gc,phases,ref  ] GC(17)         Cleared: 0
[15.618s][debug][gc,phases,ref  ] GC(17)       WeakReference:
[15.618s][debug][gc,phases,ref  ] GC(17)         Discovered: 0
[15.618s][debug][gc,phases,ref  ] GC(17)         Cleared: 0
[15.618s][debug][gc,phases,ref  ] GC(17)       FinalReference:
[15.618s][debug][gc,phases,ref  ] GC(17)         Discovered: 0
[15.618s][debug][gc,phases,ref  ] GC(17)         Cleared: 0
[15.618s][debug][gc,phases,ref  ] GC(17)       PhantomReference:
[15.618s][debug][gc,phases,ref  ] GC(17)         Discovered: 0
[15.618s][debug][gc,phases,ref  ] GC(17)         Cleared: 0
[15.618s][debug][gc,phases      ] GC(17)     Weak Processing: 0.1ms
[15.618s][debug][gc,phases      ] GC(17)       JVMTI weak processing: 0.0ms
[15.618s][debug][gc,phases      ] GC(17)         Dead: 0
[15.618s][debug][gc,phases      ] GC(17)         Total: 0
[15.618s][debug][gc,phases      ] GC(17)       JFR weak processing: 0.0ms
[15.618s][debug][gc,phases      ] GC(17)         Dead: 0
[15.618s][debug][gc,phases      ] GC(17)         Total: 0
[15.618s][debug][gc,phases      ] GC(17)       JNI weak                  Min:  0.0, Avg:  0.0, Max:  0.0, Diff:  0.0, Sum:  0.0, Workers: 5
[15.618s][debug][gc,phases      ] GC(17)         Dead                      Min: 0, Avg:  0.0, Max: 0, Diff: 0, Sum: 0, Workers: 5
[15.618s][debug][gc,phases      ] GC(17)         Total                     Min: 0, Avg: 13.8, Max: 61, Diff: 61, Sum: 69, Workers: 5
[15.618s][debug][gc,phases      ] GC(17)       VM weak                   Min:  0.0, Avg:  0.0, Max:  0.0, Diff:  0.0, Sum:  0.0, Workers: 5
[15.618s][debug][gc,phases      ] GC(17)         Dead                      Min: 0, Avg:  0.0, Max: 0, Diff: 0, Sum: 0, Workers: 5
[15.618s][debug][gc,phases      ] GC(17)         Total                     Min: 0, Avg: 45.0, Max: 64, Diff: 64, Sum: 225, Workers: 5
[15.618s][debug][gc,phases      ] GC(17)       StringTable weak          Min:  0.0, Avg:  0.0, Max:  0.0, Diff:  0.0, Sum:  0.1, Workers: 5
[15.618s][debug][gc,phases      ] GC(17)         Dead                      Min: 0, Avg:  0.0, Max: 0, Diff: 0, Sum: 0, Workers: 5
[15.618s][debug][gc,phases      ] GC(17)         Total                     Min: 0, Avg: 729.8, Max: 960, Diff: 960, Sum: 3649, Workers: 5
[15.618s][debug][gc,phases      ] GC(17)       ResolvedMethodTable weak  Min:  0.0, Avg:  0.0, Max:  0.0, Diff:  0.0, Sum:  0.0, Workers: 5
[15.618s][debug][gc,phases      ] GC(17)         Dead                      Min: 0, Avg:  0.0, Max: 0, Diff: 0, Sum: 0, Workers: 5
[15.618s][debug][gc,phases      ] GC(17)         Total                     Min: 0, Avg: 118.0, Max: 192, Diff: 192, Sum: 590, Workers: 5
[15.618s][debug][gc,phases      ] GC(17)     Merge Per-Thread State: 0.0ms
[15.618s][debug][gc,phases      ] GC(17)       Copied Bytes              Min: 24, Avg: 191.0, Max: 520, Diff: 496, Sum: 1528, Workers: 8
[15.618s][debug][gc,phases      ] GC(17)       LAB Waste                 Min: 0, Avg:  0.0, Max: 0, Diff: 0, Sum: 0, Workers: 8
[15.618s][debug][gc,phases      ] GC(17)       LAB Undo Waste            Min: 0, Avg:  0.0, Max: 0, Diff: 0, Sum: 0, Workers: 8
[15.618s][debug][gc,phases      ] GC(17)     Code Roots Purge: 0.0ms
[15.618s][debug][gc,phases      ] GC(17)     Redirty Cards: 0.1ms
[15.618s][debug][gc,phases      ] GC(17)     DerivedPointerTable Update: 0.0ms
[15.618s][debug][gc,phases      ] GC(17)     Free Collection Set: 0.1ms
[15.618s][debug][gc,phases      ] GC(17)     Rebuild Free List: 0.1ms
[15.618s][debug][gc,phases      ] GC(17)     Humongous Reclaim: 0.0ms
[15.618s][debug][gc,phases      ] GC(17)     Start New Collection Set: 0.0ms
[15.618s][debug][gc,phases      ] GC(17)     Resize TLABs: 0.0ms
[15.618s][debug][gc,phases      ] GC(17)     Expand Heap After Collection: 0.0ms
[15.618s][info ][gc,phases      ] GC(17)   Other: 0.3ms
[15.618s][info ][gc,heap        ] GC(17) Eden regions: 84->0(84)
[15.618s][info ][gc,heap        ] GC(17) Survivor regions: 1->1(11)
[15.618s][info ][gc,heap        ] GC(17) Old regions: 7->7
[15.618s][info ][gc,heap        ] GC(17) Archive regions: 2->2
[15.618s][info ][gc,heap        ] GC(17) Humongous regions: 0->0
[15.618s][info ][gc,metaspace   ] GC(17) Metaspace: 10546K(11136K)->10546K(11136K) NonClass: 9334K(9728K)->9334K(9728K) Class: 1212K(1408K)->1212K(1408K)
[15.618s][debug][gc,heap        ] GC(17) Heap after GC invocations=18 (full 1): garbage-first heap   total 145408K, used 4388K [0x0000000700000000, 0x0000000800000000)
[15.618s][debug][gc,heap        ] GC(17)   region size 1024K, 1 young (1024K), 1 survivors (1024K)
[15.618s][debug][gc,heap        ] GC(17)  Metaspace       used 10546K, capacity 10850K, committed 11136K, reserved 1058816K
[15.618s][debug][gc,heap        ] GC(17)   class space    used 1212K, capacity 1344K, committed 1408K, reserved 1048576K
[15.618s][info ][gc             ] GC(17) Pause Young (Normal) (G1 Evacuation Pause) 88M->4M(142M) 1.546ms
[15.618s][info ][gc,cpu         ] GC(17) User=0.00s Sys=0.01s Real=0.00s
[15.618s][info ][safepoint      ] Safepoint "G1CollectForAllocation", Time since last: 58845741 ns, Reaching safepoint: 93674 ns, At safepoint: 1703177 ns, Total: 1796851 ns
[15.674s][debug][gc,heap        ] GC(18) Heap before GC invocations=18 (full 1): garbage-first heap   total 145408K, used 90404K [0x0000000700000000, 0x0000000800000000)
[15.674s][debug][gc,heap        ] GC(18)   region size 1024K, 85 young (87040K), 1 survivors (1024K)
[15.674s][debug][gc,heap        ] GC(18)  Metaspace       used 10547K, capacity 10850K, committed 11136K, reserved 1058816K
[15.674s][debug][gc,heap        ] GC(18)   class space    used 1212K, capacity 1344K, committed 1408K, reserved 1048576K
[15.674s][info ][gc,start       ] GC(18) Pause Young (Normal) (G1 Evacuation Pause)
[15.674s][info ][gc,task        ] GC(18) Using 8 workers of 8 for evacuation
[15.674s][debug][gc,tlab        ] GC(18) TLAB totals: thrds: 11  refills: 509 max: 89 slow allocs: 0 max 0 waste:  1.3% gc: 873120B max: 176640B slow: 292152B max: 51768B fast: 0B max: 0B
[15.674s][debug][gc,age         ] GC(18) Desired survivor size 5767168 bytes, new threshold 15 (max threshold 15)
[15.674s][debug][gc,alloc,region] GC(18) Mutator Allocation stats, regions: 84, wasted size: 4496B ( 0.0%)
[15.674s][debug][gc,ergo        ] GC(18) Running G1 Merge Heap Roots using 8 workers for 85 regions
[15.674s][debug][gc,remset      ] GC(18) Visited cards 1536 Total dirty 8192 (18.75%) Total old 366592 (0.42%)
[15.674s][debug][gc,ergo        ] GC(18) Running G1 Clear Card Table Task using 1 workers for 1 units of work for 89 regions.
[15.674s][debug][gc,ref         ] GC(18) Skipped phase1 of Reference Processing due to unavailable references
[15.674s][debug][gc,ref         ] GC(18) Skipped phase2 of Reference Processing due to unavailable references
[15.674s][debug][gc,ref         ] GC(18) Skipped phase3 of Reference Processing due to unavailable references
[15.674s][debug][gc,ref         ] GC(18) Skipped phase4 of Reference Processing due to unavailable references
[15.674s][debug][gc,ergo        ] GC(18) Running G1 Free Collection Set using 8 workers for collection set length 85 (142)
[15.674s][debug][gc,ergo        ] GC(18) Running G1 Rebuild Free List Task using 8 workers for rebuilding free list of 0 (4096) regions
[15.675s][trace][gc,age         ] GC(18) Age table with threshold 15 (max threshold 15)
[15.675s][trace][gc,age         ] GC(18) - age   1:        928 bytes,        928 total
[15.675s][debug][gc,plab        ] GC(18) Young PLAB allocation: allocated: 12384B, wasted: 0B, unused: 11456B, used: 928B, undo waste: 0B, 
[15.675s][debug][gc,plab        ] GC(18) Young other allocation: region end waste: 0B, regions filled: 1, direct allocated: 0B, failure used: 0B, failure wasted: 0B
[15.675s][debug][gc,plab        ] GC(18) Young sizing: calculated: 184B, actual: 2064B
[15.675s][debug][gc,plab        ] GC(18) Old PLAB allocation: allocated: 0B, wasted: 0B, unused: 0B, used: 0B, undo waste: 0B, 
[15.675s][debug][gc,plab        ] GC(18) Old other allocation: region end waste: 0B, regions filled: 1, direct allocated: 0B, failure used: 0B, failure wasted: 0B
[15.675s][debug][gc,plab        ] GC(18) Old sizing: calculated: 0B, actual: 2064B
[15.675s][debug][gc,ergo,heap   ] GC(18) Attempt heap expansion (recent GC overhead higher than threshold after GC) recent GC overhead: 2.45 % threshold: 1.00 % uncommitted: 4146069504B base expansion amount and scale: 148897792B (42.05%)
[15.675s][debug][gc,ergo,heap   ] GC(18) Expand the heap. requested expansion amount: 62604748B expansion amount: 62914560B
[15.675s][debug][gc,ihop        ] GC(18) Target occupancy update: old: 148897792B, new: 211812352B
[15.675s][debug][gc,ihop        ] GC(18) Basic information (value update), threshold: 95315558B (45.00), target occupancy: 211812352B, current occupancy: 4491976B, recent allocation size: 0B, recent allocation duration: 56.21ms, recent old gen allocation rate: 0.00B/s, recent marking phase length: 0.00ms
[15.675s][debug][gc,ihop        ] GC(18) Adaptive IHOP information (value update), threshold: 95315558B (47.37), internal target occupancy: 201221734B, occupancy: 4491976B, additional buffer size: 126877696B, predicted old gen allocation rate: 65375.17B/s, predicted marking phase length: 0.00ms, prediction active: false
[15.675s][debug][gc,ergo,refine ] GC(18) Concurrent refinement times: Logged Cards Scan time goal: 20.00ms Logged Cards Scan time: 0.00ms HCC time: 0.00ms
[15.675s][debug][gc,ergo,refine ] GC(18) Updated Refinement Zones: green: 2048, yellow: 6144, red: 10240
[15.675s][info ][gc,phases      ] GC(18)   Pre Evacuate Collection Set: 0.1ms
[15.675s][debug][gc,phases      ] GC(18)     Prepare TLABs: 0.0ms
[15.675s][debug][gc,phases      ] GC(18)     Choose Collection Set: 0.0ms
[15.675s][debug][gc,phases      ] GC(18)     Region Register: 0.1ms
[15.675s][debug][gc,phases      ] GC(18)     Prepare Heap Roots: 0.0ms
[15.675s][info ][gc,phases      ] GC(18)   Merge Heap Roots: 0.1ms
[15.675s][debug][gc,phases      ] GC(18)     Prepare Merge Heap Roots: 0.0ms
[15.675s][debug][gc,phases      ] GC(18)     Eager Reclaim (ms):       skipped
[15.675s][debug][gc,phases      ] GC(18)     Remembered Sets (ms):     Min:  0.0, Avg:  0.0, Max:  0.0, Diff:  0.0, Sum:  0.0, Workers: 8
[15.675s][debug][gc,phases      ] GC(18)       Merged Sparse:            Min: 0, Avg:  0.0, Max: 0, Diff: 0, Sum: 0, Workers: 8
[15.675s][debug][gc,phases      ] GC(18)       Merged Fine:              Min: 0, Avg:  0.0, Max: 0, Diff: 0, Sum: 0, Workers: 8
[15.675s][debug][gc,phases      ] GC(18)       Merged Coarse:            Min: 0, Avg:  0.0, Max: 0, Diff: 0, Sum: 0, Workers: 8
[15.675s][debug][gc,phases      ] GC(18)       Dirty Cards:              Min: 0, Avg:  0.0, Max: 0, Diff: 0, Sum: 0, Workers: 8
[15.675s][debug][gc,phases      ] GC(18)     Hot Card Cache (ms):      Min:  0.0, Avg:  0.0, Max:  0.0, Diff:  0.0, Sum:  0.0, Workers: 8
[15.675s][debug][gc,phases      ] GC(18)       Dirty Cards:              Min: 0, Avg:  0.0, Max: 0, Diff: 0, Sum: 0, Workers: 8
[15.675s][debug][gc,phases      ] GC(18)       Skipped Cards:            Min: 0, Avg:  0.0, Max: 0, Diff: 0, Sum: 0, Workers: 8
[15.675s][debug][gc,phases      ] GC(18)     Log Buffers (ms):         Min:  0.0, Avg:  0.0, Max:  0.0, Diff:  0.0, Sum:  0.0, Workers: 8
[15.675s][debug][gc,phases      ] GC(18)       Dirty Cards:              Min: 0, Avg:  1.5, Max: 7, Diff: 7, Sum: 12, Workers: 8
[15.675s][debug][gc,phases      ] GC(18)       Skipped Cards:            Min: 0, Avg:  0.0, Max: 0, Diff: 0, Sum: 0, Workers: 8
[15.675s][info ][gc,phases      ] GC(18)   Evacuate Collection Set: 0.1ms
[15.675s][debug][gc,phases      ] GC(18)     Ext Root Scanning (ms):   Min:  0.0, Avg:  0.0, Max:  0.1, Diff:  0.1, Sum:  0.2, Workers: 8
[15.675s][debug][gc,phases      ] GC(18)     Scan Heap Roots (ms):     Min:  0.0, Avg:  0.0, Max:  0.0, Diff:  0.0, Sum:  0.0, Workers: 8
[15.675s][debug][gc,phases      ] GC(18)       Scanned Cards:            Min: 0, Avg:  1.4, Max: 4, Diff: 4, Sum: 11, Workers: 8
[15.675s][debug][gc,phases      ] GC(18)       Scanned Blocks:           Min: 0, Avg:  1.1, Max: 3, Diff: 3, Sum: 9, Workers: 8
[15.675s][debug][gc,phases      ] GC(18)       Claimed Chunks:           Min: 0, Avg:  0.8, Max: 2, Diff: 2, Sum: 6, Workers: 8
[15.675s][debug][gc,phases      ] GC(18)     Code Root Scan (ms):      Min:  0.0, Avg:  0.0, Max:  0.0, Diff:  0.0, Sum:  0.0, Workers: 8
[15.675s][debug][gc,phases      ] GC(18)     Object Copy (ms):         Min:  0.0, Avg:  0.0, Max:  0.0, Diff:  0.0, Sum:  0.0, Workers: 8
[15.675s][debug][gc,phases      ] GC(18)     Termination (ms):         Min:  0.0, Avg:  0.0, Max:  0.0, Diff:  0.0, Sum:  0.3, Workers: 8
[15.675s][debug][gc,phases      ] GC(18)       Termination Attempts:     Min: 1, Avg:  1.0, Max: 1, Diff: 0, Sum: 8, Workers: 8
[15.675s][debug][gc,phases      ] GC(18)     GC Worker Other (ms):     Min:  0.0, Avg:  0.0, Max:  0.0, Diff:  0.0, Sum:  0.1, Workers: 8
[15.675s][debug][gc,phases      ] GC(18)     GC Worker Total (ms):     Min:  0.0, Avg:  0.1, Max:  0.1, Diff:  0.1, Sum:  0.6, Workers: 8
[15.675s][info ][gc,phases      ] GC(18)   Post Evacuate Collection Set: 0.8ms
[15.675s][debug][gc,phases      ] GC(18)     Code Roots Fixup: 0.0ms
[15.675s][debug][gc,phases      ] GC(18)     Clear Card Table: 0.0ms
[15.675s][debug][gc,phases      ] GC(18)     Reference Processing: 0.1ms
[15.675s][debug][gc,phases,ref  ] GC(18)       Reconsider SoftReferences: 0.0ms
[15.675s][debug][gc,phases,ref  ] GC(18)         SoftRef (ms):             skipped
[15.675s][debug][gc,phases,ref  ] GC(18)       Notify Soft/WeakReferences: 0.0ms
[15.675s][debug][gc,phases,ref  ] GC(18)         SoftRef (ms):             skipped
[15.675s][debug][gc,phases,ref  ] GC(18)         WeakRef (ms):             skipped
[15.675s][debug][gc,phases,ref  ] GC(18)         FinalRef (ms):            skipped
[15.675s][debug][gc,phases,ref  ] GC(18)         Total (ms):               skipped
[15.675s][debug][gc,phases,ref  ] GC(18)       Notify and keep alive finalizable: 0.0ms
[15.675s][debug][gc,phases,ref  ] GC(18)         FinalRef (ms):            skipped
[15.675s][debug][gc,phases,ref  ] GC(18)       Notify PhantomReferences: 0.0ms
[15.675s][debug][gc,phases,ref  ] GC(18)         PhantomRef (ms):          skipped
[15.675s][debug][gc,phases,ref  ] GC(18)       SoftReference:
[15.675s][debug][gc,phases,ref  ] GC(18)         Discovered: 0
[15.675s][debug][gc,phases,ref  ] GC(18)         Cleared: 0
[15.675s][debug][gc,phases,ref  ] GC(18)       WeakReference:
[15.675s][debug][gc,phases,ref  ] GC(18)         Discovered: 0
[15.675s][debug][gc,phases,ref  ] GC(18)         Cleared: 0
[15.675s][debug][gc,phases,ref  ] GC(18)       FinalReference:
[15.675s][debug][gc,phases,ref  ] GC(18)         Discovered: 0
[15.675s][debug][gc,phases,ref  ] GC(18)         Cleared: 0
[15.675s][debug][gc,phases,ref  ] GC(18)       PhantomReference:
[15.675s][debug][gc,phases,ref  ] GC(18)         Discovered: 0
[15.675s][debug][gc,phases,ref  ] GC(18)         Cleared: 0
[15.675s][debug][gc,phases      ] GC(18)     Weak Processing: 0.1ms
[15.675s][debug][gc,phases      ] GC(18)       JVMTI weak processing: 0.0ms
[15.675s][debug][gc,phases      ] GC(18)         Dead: 0
[15.675s][debug][gc,phases      ] GC(18)         Total: 0
[15.675s][debug][gc,phases      ] GC(18)       JFR weak processing: 0.0ms
[15.675s][debug][gc,phases      ] GC(18)         Dead: 0
[15.675s][debug][gc,phases      ] GC(18)         Total: 0
[15.675s][debug][gc,phases      ] GC(18)       JNI weak                  Min:  0.0, Avg:  0.0, Max:  0.0, Diff:  0.0, Sum:  0.1, Workers: 5
[15.675s][debug][gc,phases      ] GC(18)         Dead                      Min: 0, Avg:  0.0, Max: 0, Diff: 0, Sum: 0, Workers: 5
[15.675s][debug][gc,phases      ] GC(18)         Total                     Min: 0, Avg: 13.0, Max: 65, Diff: 65, Sum: 65, Workers: 5
[15.675s][debug][gc,phases      ] GC(18)       VM weak                   Min:  0.0, Avg:  0.0, Max:  0.0, Diff:  0.0, Sum:  0.0, Workers: 5
[15.675s][debug][gc,phases      ] GC(18)         Dead                      Min: 0, Avg:  0.0, Max: 0, Diff: 0, Sum: 0, Workers: 5
[15.675s][debug][gc,phases      ] GC(18)         Total                     Min: 0, Avg: 45.0, Max: 225, Diff: 225, Sum: 225, Workers: 5
[15.675s][debug][gc,phases      ] GC(18)       StringTable weak          Min:  0.0, Avg:  0.0, Max:  0.1, Diff:  0.1, Sum:  0.1, Workers: 5
[15.675s][debug][gc,phases      ] GC(18)         Dead                      Min: 0, Avg:  0.0, Max: 0, Diff: 0, Sum: 0, Workers: 5
[15.675s][debug][gc,phases      ] GC(18)         Total                     Min: 0, Avg: 729.8, Max: 2753, Diff: 2753, Sum: 3649, Workers: 5
[15.675s][debug][gc,phases      ] GC(18)       ResolvedMethodTable weak  Min:  0.0, Avg:  0.0, Max:  0.0, Diff:  0.0, Sum:  0.0, Workers: 5
[15.675s][debug][gc,phases      ] GC(18)         Dead                      Min: 0, Avg:  0.0, Max: 0, Diff: 0, Sum: 0, Workers: 5
[15.675s][debug][gc,phases      ] GC(18)         Total                     Min: 0, Avg: 118.0, Max: 192, Diff: 192, Sum: 590, Workers: 5
[15.675s][debug][gc,phases      ] GC(18)     Merge Per-Thread State: 0.0ms
[15.675s][debug][gc,phases      ] GC(18)       Copied Bytes              Min: 0, Avg: 116.0, Max: 240, Diff: 240, Sum: 928, Workers: 8
[15.675s][debug][gc,phases      ] GC(18)       LAB Waste                 Min: 0, Avg:  0.0, Max: 0, Diff: 0, Sum: 0, Workers: 8
[15.675s][debug][gc,phases      ] GC(18)       LAB Undo Waste            Min: 0, Avg:  0.0, Max: 0, Diff: 0, Sum: 0, Workers: 8
[15.675s][debug][gc,phases      ] GC(18)     Code Roots Purge: 0.0ms
[15.675s][debug][gc,phases      ] GC(18)     Redirty Cards: 0.0ms
[15.676s][debug][gc,phases      ] GC(18)     DerivedPointerTable Update: 0.0ms
[15.676s][debug][gc,phases      ] GC(18)     Free Collection Set: 0.1ms
[15.676s][debug][gc,phases      ] GC(18)     Rebuild Free List: 0.1ms
[15.676s][debug][gc,phases      ] GC(18)     Humongous Reclaim: 0.0ms
[15.676s][debug][gc,phases      ] GC(18)     Start New Collection Set: 0.0ms
[15.676s][debug][gc,phases      ] GC(18)     Resize TLABs: 0.0ms
[15.676s][debug][gc,phases      ] GC(18)     Expand Heap After Collection: 0.4ms
[15.676s][info ][gc,phases      ] GC(18)   Other: 0.3ms
[15.676s][info ][gc,heap        ] GC(18) Eden regions: 84->0(120)
[15.676s][info ][gc,heap        ] GC(18) Survivor regions: 1->1(11)
[15.676s][info ][gc,heap        ] GC(18) Old regions: 7->7
[15.676s][info ][gc,heap        ] GC(18) Archive regions: 2->2
[15.676s][info ][gc,heap        ] GC(18) Humongous regions: 0->0
[15.676s][info ][gc,metaspace   ] GC(18) Metaspace: 10547K(11136K)->10547K(11136K) NonClass: 9335K(9728K)->9335K(9728K) Class: 1212K(1408K)->1212K(1408K)
[15.676s][debug][gc,heap        ] GC(18) Heap after GC invocations=19 (full 1): garbage-first heap   total 206848K, used 4386K [0x0000000700000000, 0x0000000800000000)
[15.676s][debug][gc,heap        ] GC(18)   region size 1024K, 1 young (1024K), 1 survivors (1024K)
[15.676s][debug][gc,heap        ] GC(18)  Metaspace       used 10547K, capacity 10850K, committed 11136K, reserved 1058816K
[15.676s][debug][gc,heap        ] GC(18)   class space    used 1212K, capacity 1344K, committed 1408K, reserved 1048576K
[15.676s][info ][gc             ] GC(18) Pause Young (Normal) (G1 Evacuation Pause) 88M->4M(202M) 1.922ms
[15.676s][info ][gc,cpu         ] GC(18) User=0.00s Sys=0.00s Real=0.01s
[15.676s][info ][safepoint      ] Safepoint "G1CollectForAllocation", Time since last: 55192374 ns, Reaching safepoint: 201209 ns, At safepoint: 2143974 ns, Total: 2345183 ns
[15.765s][debug][gc,heap        ] GC(19) Heap before GC invocations=19 (full 1): garbage-first heap   total 206848K, used 127266K [0x0000000700000000, 0x0000000800000000)
[15.765s][debug][gc,heap        ] GC(19)   region size 1024K, 121 young (123904K), 1 survivors (1024K)
[15.765s][debug][gc,heap        ] GC(19)  Metaspace       used 10547K, capacity 10850K, committed 11136K, reserved 1058816K
[15.765s][debug][gc,heap        ] GC(19)   class space    used 1212K, capacity 1344K, committed 1408K, reserved 1048576K
[15.765s][info ][gc,start       ] GC(19) Pause Young (Normal) (G1 Evacuation Pause)
[15.765s][info ][gc,task        ] GC(19) Using 8 workers of 8 for evacuation
[15.765s][debug][gc,tlab        ] GC(19) TLAB totals: thrds: 11  refills: 605 max: 89 slow allocs: 0 max 0 waste:  0.8% gc: 676512B max: 174072B slow: 348088B max: 51152B fast: 0B max: 0B
[15.765s][debug][gc,age         ] GC(19) Desired survivor size 8388608 bytes, new threshold 15 (max threshold 15)
[15.765s][debug][gc,alloc,region] GC(19) Mutator Allocation stats, regions: 120, wasted size: 0B ( 0.0%)
[15.765s][debug][gc,ergo        ] GC(19) Running G1 Merge Heap Roots using 8 workers for 121 regions
[15.765s][debug][gc,remset      ] GC(19) Visited cards 1536 Total dirty 8192 (18.75%) Total old 514048 (0.30%)
[15.766s][debug][gc,ergo        ] GC(19) Running G1 Clear Card Table Task using 1 workers for 1 units of work for 125 regions.
[15.766s][debug][gc,ref         ] GC(19) Skipped phase1 of Reference Processing due to unavailable references
[15.766s][debug][gc,ref         ] GC(19) Skipped phase3 of Reference Processing due to unavailable references
[15.766s][debug][gc,ref         ] GC(19) Skipped phase4 of Reference Processing due to unavailable references
[15.766s][debug][gc,ergo        ] GC(19) Running G1 Free Collection Set using 8 workers for collection set length 121 (202)
[15.766s][debug][gc,ergo        ] GC(19) Running G1 Rebuild Free List Task using 8 workers for rebuilding free list of 0 (4096) regions
[15.766s][trace][gc,age         ] GC(19) Age table with threshold 15 (max threshold 15)
[15.766s][trace][gc,age         ] GC(19) - age   1:        760 bytes,        760 total
[15.766s][debug][gc,plab        ] GC(19) Young PLAB allocation: allocated: 16512B, wasted: 0B, unused: 15752B, used: 760B, undo waste: 0B, 
[15.766s][debug][gc,plab        ] GC(19) Young other allocation: region end waste: 0B, regions filled: 1, direct allocated: 0B, failure used: 0B, failure wasted: 0B
[15.766s][debug][gc,plab        ] GC(19) Young sizing: calculated: 152B, actual: 2064B
[15.766s][debug][gc,plab        ] GC(19) Old PLAB allocation: allocated: 0B, wasted: 0B, unused: 0B, used: 0B, undo waste: 0B, 
[15.766s][debug][gc,plab        ] GC(19) Old other allocation: region end waste: 0B, regions filled: 1, direct allocated: 0B, failure used: 0B, failure wasted: 0B
[15.766s][debug][gc,plab        ] GC(19) Old sizing: calculated: 0B, actual: 2064B
[15.766s][debug][gc,ihop        ] GC(19) Basic information (value update), threshold: 95315558B (45.00), target occupancy: 211812352B, current occupancy: 4496104B, recent allocation size: 0B, recent allocation duration: 90.12ms, recent old gen allocation rate: 0.00B/s, recent marking phase length: 0.00ms
[15.766s][debug][gc,ihop        ] GC(19) Adaptive IHOP information (value update), threshold: 95315558B (47.37), internal target occupancy: 201221734B, occupancy: 4496104B, additional buffer size: 126877696B, predicted old gen allocation rate: 63187.57B/s, predicted marking phase length: 0.00ms, prediction active: false
[15.766s][debug][gc,ergo,refine ] GC(19) Concurrent refinement times: Logged Cards Scan time goal: 20.00ms Logged Cards Scan time: 0.01ms HCC time: 0.00ms
[15.766s][debug][gc,ergo,refine ] GC(19) Updated Refinement Zones: green: 2048, yellow: 6144, red: 10240
[15.766s][info ][gc,phases      ] GC(19)   Pre Evacuate Collection Set: 0.1ms
[15.766s][debug][gc,phases      ] GC(19)     Prepare TLABs: 0.0ms
[15.766s][debug][gc,phases      ] GC(19)     Choose Collection Set: 0.0ms
[15.766s][debug][gc,phases      ] GC(19)     Region Register: 0.1ms
[15.766s][debug][gc,phases      ] GC(19)     Prepare Heap Roots: 0.0ms
[15.766s][info ][gc,phases      ] GC(19)   Merge Heap Roots: 0.1ms
[15.766s][debug][gc,phases      ] GC(19)     Prepare Merge Heap Roots: 0.0ms
[15.766s][debug][gc,phases      ] GC(19)     Eager Reclaim (ms):       skipped
[15.766s][debug][gc,phases      ] GC(19)     Remembered Sets (ms):     Min:  0.0, Avg:  0.0, Max:  0.0, Diff:  0.0, Sum:  0.1, Workers: 8
[15.766s][debug][gc,phases      ] GC(19)       Merged Sparse:            Min: 0, Avg:  0.0, Max: 0, Diff: 0, Sum: 0, Workers: 8
[15.766s][debug][gc,phases      ] GC(19)       Merged Fine:              Min: 0, Avg:  0.0, Max: 0, Diff: 0, Sum: 0, Workers: 8
[15.766s][debug][gc,phases      ] GC(19)       Merged Coarse:            Min: 0, Avg:  0.0, Max: 0, Diff: 0, Sum: 0, Workers: 8
[15.766s][debug][gc,phases      ] GC(19)       Dirty Cards:              Min: 0, Avg:  0.0, Max: 0, Diff: 0, Sum: 0, Workers: 8
[15.766s][debug][gc,phases      ] GC(19)     Hot Card Cache (ms):      Min:  0.0, Avg:  0.0, Max:  0.0, Diff:  0.0, Sum:  0.0, Workers: 8
[15.766s][debug][gc,phases      ] GC(19)       Dirty Cards:              Min: 0, Avg:  0.0, Max: 0, Diff: 0, Sum: 0, Workers: 8
[15.766s][debug][gc,phases      ] GC(19)       Skipped Cards:            Min: 0, Avg:  0.0, Max: 0, Diff: 0, Sum: 0, Workers: 8
[15.766s][debug][gc,phases      ] GC(19)     Log Buffers (ms):         Min:  0.0, Avg:  0.0, Max:  0.0, Diff:  0.0, Sum:  0.0, Workers: 8
[15.766s][debug][gc,phases      ] GC(19)       Dirty Cards:              Min: 0, Avg:  1.9, Max: 8, Diff: 8, Sum: 15, Workers: 8
[15.766s][debug][gc,phases      ] GC(19)       Skipped Cards:            Min: 0, Avg:  0.0, Max: 0, Diff: 0, Sum: 0, Workers: 8
[15.766s][info ][gc,phases      ] GC(19)   Evacuate Collection Set: 0.2ms
[15.766s][debug][gc,phases      ] GC(19)     Ext Root Scanning (ms):   Min:  0.0, Avg:  0.0, Max:  0.0, Diff:  0.0, Sum:  0.2, Workers: 8
[15.766s][debug][gc,phases      ] GC(19)     Scan Heap Roots (ms):     Min:  0.0, Avg:  0.0, Max:  0.0, Diff:  0.0, Sum:  0.0, Workers: 8
[15.766s][debug][gc,phases      ] GC(19)       Scanned Cards:            Min: 0, Avg:  1.5, Max: 4, Diff: 4, Sum: 12, Workers: 8
[15.766s][debug][gc,phases      ] GC(19)       Scanned Blocks:           Min: 0, Avg:  1.1, Max: 3, Diff: 3, Sum: 9, Workers: 8
[15.766s][debug][gc,phases      ] GC(19)       Claimed Chunks:           Min: 0, Avg:  0.8, Max: 2, Diff: 2, Sum: 6, Workers: 8
[15.766s][debug][gc,phases      ] GC(19)     Code Root Scan (ms):      Min:  0.0, Avg:  0.0, Max:  0.0, Diff:  0.0, Sum:  0.0, Workers: 8
[15.766s][debug][gc,phases      ] GC(19)     Object Copy (ms):         Min:  0.0, Avg:  0.0, Max:  0.0, Diff:  0.0, Sum:  0.0, Workers: 8
[15.766s][debug][gc,phases      ] GC(19)     Termination (ms):         Min:  0.1, Avg:  0.1, Max:  0.1, Diff:  0.0, Sum:  0.5, Workers: 8
[15.766s][debug][gc,phases      ] GC(19)       Termination Attempts:     Min: 1, Avg:  1.0, Max: 1, Diff: 0, Sum: 8, Workers: 8
[15.766s][debug][gc,phases      ] GC(19)     GC Worker Other (ms):     Min:  0.0, Avg:  0.0, Max:  0.0, Diff:  0.0, Sum:  0.1, Workers: 8
[15.766s][debug][gc,phases      ] GC(19)     GC Worker Total (ms):     Min:  0.1, Avg:  0.1, Max:  0.1, Diff:  0.1, Sum:  0.9, Workers: 8
[15.766s][info ][gc,phases      ] GC(19)   Post Evacuate Collection Set: 0.3ms
[15.766s][debug][gc,phases      ] GC(19)     Code Roots Fixup: 0.0ms
[15.766s][debug][gc,phases      ] GC(19)     Clear Card Table: 0.1ms
[15.766s][debug][gc,phases      ] GC(19)     Reference Processing: 0.0ms
[15.766s][debug][gc,phases,ref  ] GC(19)       Reconsider SoftReferences: 0.0ms
[15.766s][debug][gc,phases,ref  ] GC(19)         SoftRef (ms):             skipped
[15.766s][debug][gc,phases,ref  ] GC(19)       Notify Soft/WeakReferences: 0.0ms
[15.766s][debug][gc,phases,ref  ] GC(19)         SoftRef (ms):             Min:  0.0, Avg:  0.0, Max:  0.0, Diff:  0.0, Sum:  0.0, Workers: 1
[15.766s][debug][gc,phases,ref  ] GC(19)         WeakRef (ms):             Min:  0.0, Avg:  0.0, Max:  0.0, Diff:  0.0, Sum:  0.0, Workers: 1
[15.766s][debug][gc,phases,ref  ] GC(19)         FinalRef (ms):            Min:  0.0, Avg:  0.0, Max:  0.0, Diff:  0.0, Sum:  0.0, Workers: 1
[15.766s][debug][gc,phases,ref  ] GC(19)         Total (ms):               Min:  0.0, Avg:  0.0, Max:  0.0, Diff:  0.0, Sum:  0.0, Workers: 1
[15.766s][debug][gc,phases,ref  ] GC(19)       Notify and keep alive finalizable: 0.0ms
[15.766s][debug][gc,phases,ref  ] GC(19)         FinalRef (ms):            skipped
[15.766s][debug][gc,phases,ref  ] GC(19)       Notify PhantomReferences: 0.0ms
[15.766s][debug][gc,phases,ref  ] GC(19)         PhantomRef (ms):          skipped
[15.766s][debug][gc,phases,ref  ] GC(19)       SoftReference:
[15.766s][debug][gc,phases,ref  ] GC(19)         Discovered: 0
[15.766s][debug][gc,phases,ref  ] GC(19)         Cleared: 0
[15.766s][debug][gc,phases,ref  ] GC(19)       WeakReference:
[15.766s][debug][gc,phases,ref  ] GC(19)         Discovered: 1
[15.766s][debug][gc,phases,ref  ] GC(19)         Cleared: 0
[15.767s][debug][gc,phases,ref  ] GC(19)       FinalReference:
[15.767s][debug][gc,phases,ref  ] GC(19)         Discovered: 0
[15.767s][debug][gc,phases,ref  ] GC(19)         Cleared: 0
[15.767s][debug][gc,phases,ref  ] GC(19)       PhantomReference:
[15.767s][debug][gc,phases,ref  ] GC(19)         Discovered: 0
[15.767s][debug][gc,phases,ref  ] GC(19)         Cleared: 0
[15.767s][debug][gc,phases      ] GC(19)     Weak Processing: 0.1ms
[15.767s][debug][gc,phases      ] GC(19)       JVMTI weak processing: 0.0ms
[15.767s][debug][gc,phases      ] GC(19)         Dead: 0
[15.767s][debug][gc,phases      ] GC(19)         Total: 0
[15.767s][debug][gc,phases      ] GC(19)       JFR weak processing: 0.0ms
[15.767s][debug][gc,phases      ] GC(19)         Dead: 0
[15.767s][debug][gc,phases      ] GC(19)         Total: 0
[15.767s][debug][gc,phases      ] GC(19)       JNI weak                  Min:  0.0, Avg:  0.0, Max:  0.0, Diff:  0.0, Sum:  0.0, Workers: 5
[15.767s][debug][gc,phases      ] GC(19)         Dead                      Min: 0, Avg:  0.0, Max: 0, Diff: 0, Sum: 0, Workers: 5
[15.767s][debug][gc,phases      ] GC(19)         Total                     Min: 0, Avg: 13.0, Max: 61, Diff: 61, Sum: 65, Workers: 5
[15.767s][debug][gc,phases      ] GC(19)       VM weak                   Min:  0.0, Avg:  0.0, Max:  0.0, Diff:  0.0, Sum:  0.0, Workers: 5
[15.767s][debug][gc,phases      ] GC(19)         Dead                      Min: 0, Avg:  0.0, Max: 0, Diff: 0, Sum: 0, Workers: 5
[15.767s][debug][gc,phases      ] GC(19)         Total                     Min: 0, Avg: 45.0, Max: 97, Diff: 97, Sum: 225, Workers: 5
[15.767s][debug][gc,phases      ] GC(19)       StringTable weak          Min:  0.0, Avg:  0.0, Max:  0.0, Diff:  0.0, Sum:  0.1, Workers: 5
[15.767s][debug][gc,phases      ] GC(19)         Dead                      Min: 0, Avg:  0.0, Max: 0, Diff: 0, Sum: 0, Workers: 5
[15.767s][debug][gc,phases      ] GC(19)         Total                     Min: 128, Avg: 729.8, Max: 896, Diff: 768, Sum: 3649, Workers: 5
[15.767s][debug][gc,phases      ] GC(19)       ResolvedMethodTable weak  Min:  0.0, Avg:  0.0, Max:  0.0, Diff:  0.0, Sum:  0.0, Workers: 5
[15.767s][debug][gc,phases      ] GC(19)         Dead                      Min: 0, Avg:  0.0, Max: 0, Diff: 0, Sum: 0, Workers: 5
[15.767s][debug][gc,phases      ] GC(19)         Total                     Min: 64, Avg: 118.0, Max: 192, Diff: 128, Sum: 590, Workers: 5
[15.767s][debug][gc,phases      ] GC(19)     Merge Per-Thread State: 0.0ms
[15.767s][debug][gc,phases      ] GC(19)       Copied Bytes              Min: 24, Avg: 95.0, Max: 192, Diff: 168, Sum: 760, Workers: 8
[15.767s][debug][gc,phases      ] GC(19)       LAB Waste                 Min: 0, Avg:  0.0, Max: 0, Diff: 0, Sum: 0, Workers: 8
[15.767s][debug][gc,phases      ] GC(19)       LAB Undo Waste            Min: 0, Avg:  0.0, Max: 0, Diff: 0, Sum: 0, Workers: 8
[15.767s][debug][gc,phases      ] GC(19)     Code Roots Purge: 0.0ms
[15.767s][debug][gc,phases      ] GC(19)     Redirty Cards: 0.0ms
[15.767s][debug][gc,phases      ] GC(19)     DerivedPointerTable Update: 0.0ms
[15.767s][debug][gc,phases      ] GC(19)     Free Collection Set: 0.1ms
[15.767s][debug][gc,phases      ] GC(19)     Rebuild Free List: 0.0ms
[15.767s][debug][gc,phases      ] GC(19)     Humongous Reclaim: 0.0ms
[15.767s][debug][gc,phases      ] GC(19)     Start New Collection Set: 0.0ms
[15.767s][debug][gc,phases      ] GC(19)     Resize TLABs: 0.0ms
[15.767s][debug][gc,phases      ] GC(19)     Expand Heap After Collection: 0.0ms
[15.767s][info ][gc,phases      ] GC(19)   Other: 0.3ms
[15.767s][info ][gc,heap        ] GC(19) Eden regions: 120->0(120)
[15.767s][info ][gc,heap        ] GC(19) Survivor regions: 1->1(16)
[15.767s][info ][gc,heap        ] GC(19) Old regions: 7->7
[15.767s][info ][gc,heap        ] GC(19) Archive regions: 2->2
[15.767s][info ][gc,heap        ] GC(19) Humongous regions: 0->0
[15.767s][info ][gc,metaspace   ] GC(19) Metaspace: 10547K(11136K)->10547K(11136K) NonClass: 9335K(9728K)->9335K(9728K) Class: 1212K(1408K)->1212K(1408K)
[15.767s][debug][gc,heap        ] GC(19) Heap after GC invocations=20 (full 1): garbage-first heap   total 206848K, used 4390K [0x0000000700000000, 0x0000000800000000)
[15.767s][debug][gc,heap        ] GC(19)   region size 1024K, 1 young (1024K), 1 survivors (1024K)
[15.767s][debug][gc,heap        ] GC(19)  Metaspace       used 10547K, capacity 10850K, committed 11136K, reserved 1058816K
[15.767s][debug][gc,heap        ] GC(19)   class space    used 1212K, capacity 1344K, committed 1408K, reserved 1048576K
[15.767s][info ][gc             ] GC(19) Pause Young (Normal) (G1 Evacuation Pause) 124M->4M(202M) 1.784ms
[15.767s][info ][gc,cpu         ] GC(19) User=0.00s Sys=0.00s Real=0.00s
[15.767s][info ][safepoint      ] Safepoint "G1CollectForAllocation", Time since last: 89141428 ns, Reaching safepoint: 97231 ns, At safepoint: 1956025 ns, Total: 2053256 ns
[15.846s][debug][gc,heap        ] GC(20) Heap before GC invocations=20 (full 1): garbage-first heap   total 206848K, used 127270K [0x0000000700000000, 0x0000000800000000)
[15.846s][debug][gc,heap        ] GC(20)   region size 1024K, 121 young (123904K), 1 survivors (1024K)
[15.846s][debug][gc,heap        ] GC(20)  Metaspace       used 10547K, capacity 10850K, committed 11136K, reserved 1058816K
[15.847s][debug][gc,heap        ] GC(20)   class space    used 1212K, capacity 1344K, committed 1408K, reserved 1048576K
[15.847s][info ][gc,start       ] GC(20) Pause Young (Normal) (G1 Evacuation Pause)
[15.847s][info ][gc,task        ] GC(20) Using 8 workers of 8 for evacuation
[15.847s][debug][gc,tlab        ] GC(20) TLAB totals: thrds: 8  refills: 603 max: 87 slow allocs: 0 max 0 waste:  1.0% gc: 911408B max: 283424B slow: 347584B max: 50080B fast: 0B max: 0B
[15.847s][debug][gc,age         ] GC(20) Desired survivor size 8388608 bytes, new threshold 15 (max threshold 15)
[15.847s][debug][gc,alloc,region] GC(20) Mutator Allocation stats, regions: 120, wasted size: 0B ( 0.0%)
[15.847s][debug][gc,ergo        ] GC(20) Running G1 Merge Heap Roots using 8 workers for 121 regions
[15.847s][debug][gc,remset      ] GC(20) Visited cards 1280 Total dirty 8192 (15.62%) Total old 514048 (0.25%)
[15.847s][debug][gc,ergo        ] GC(20) Running G1 Clear Card Table Task using 1 workers for 1 units of work for 125 regions.
[15.847s][debug][gc,ref         ] GC(20) Skipped phase1 of Reference Processing due to unavailable references
[15.847s][debug][gc,ref         ] GC(20) Skipped phase2 of Reference Processing due to unavailable references
[15.847s][debug][gc,ref         ] GC(20) Skipped phase3 of Reference Processing due to unavailable references
[15.847s][debug][gc,ref         ] GC(20) Skipped phase4 of Reference Processing due to unavailable references
[15.847s][debug][gc,ergo        ] GC(20) Running G1 Free Collection Set using 8 workers for collection set length 121 (202)
[15.847s][debug][gc,ergo        ] GC(20) Running G1 Rebuild Free List Task using 8 workers for rebuilding free list of 0 (4096) regions
[15.847s][trace][gc,age         ] GC(20) Age table with threshold 15 (max threshold 15)
[15.847s][trace][gc,age         ] GC(20) - age   1:        400 bytes,        400 total
[15.847s][trace][gc,age         ] GC(20) - age   2:        256 bytes,        656 total
[15.847s][debug][gc,plab        ] GC(20) Young PLAB allocation: allocated: 14448B, wasted: 0B, unused: 13792B, used: 656B, undo waste: 0B, 
[15.847s][debug][gc,plab        ] GC(20) Young other allocation: region end waste: 0B, regions filled: 1, direct allocated: 0B, failure used: 0B, failure wasted: 0B
[15.847s][debug][gc,plab        ] GC(20) Young sizing: calculated: 128B, actual: 2064B
[15.847s][debug][gc,plab        ] GC(20) Old PLAB allocation: allocated: 0B, wasted: 0B, unused: 0B, used: 0B, undo waste: 0B, 
[15.847s][debug][gc,plab        ] GC(20) Old other allocation: region end waste: 0B, regions filled: 1, direct allocated: 0B, failure used: 0B, failure wasted: 0B
[15.847s][debug][gc,plab        ] GC(20) Old sizing: calculated: 0B, actual: 2064B
[15.847s][debug][gc,ihop        ] GC(20) Basic information (value update), threshold: 95315558B (45.00), target occupancy: 211812352B, current occupancy: 4494040B, recent allocation size: 0B, recent allocation duration: 80.64ms, recent old gen allocation rate: 0.00B/s, recent marking phase length: 0.00ms
[15.847s][debug][gc,ihop        ] GC(20) Adaptive IHOP information (value update), threshold: 95315558B (47.37), internal target occupancy: 201221734B, occupancy: 4494040B, additional buffer size: 126877696B, predicted old gen allocation rate: 61079.55B/s, predicted marking phase length: 0.00ms, prediction active: false
[15.847s][debug][gc,ergo,refine ] GC(20) Concurrent refinement times: Logged Cards Scan time goal: 20.00ms Logged Cards Scan time: 0.00ms HCC time: 0.00ms
[15.847s][debug][gc,ergo,refine ] GC(20) Updated Refinement Zones: green: 2048, yellow: 6144, red: 10240
[15.847s][info ][gc,phases      ] GC(20)   Pre Evacuate Collection Set: 0.1ms
[15.847s][debug][gc,phases      ] GC(20)     Prepare TLABs: 0.0ms
[15.847s][debug][gc,phases      ] GC(20)     Choose Collection Set: 0.0ms
[15.847s][debug][gc,phases      ] GC(20)     Region Register: 0.1ms
[15.847s][debug][gc,phases      ] GC(20)     Prepare Heap Roots: 0.0ms
[15.847s][info ][gc,phases      ] GC(20)   Merge Heap Roots: 0.1ms
[15.847s][debug][gc,phases      ] GC(20)     Prepare Merge Heap Roots: 0.0ms
[15.847s][debug][gc,phases      ] GC(20)     Eager Reclaim (ms):       skipped
[15.847s][debug][gc,phases      ] GC(20)     Remembered Sets (ms):     Min:  0.0, Avg:  0.0, Max:  0.0, Diff:  0.0, Sum:  0.2, Workers: 8
[15.847s][debug][gc,phases      ] GC(20)       Merged Sparse:            Min: 0, Avg:  0.0, Max: 0, Diff: 0, Sum: 0, Workers: 8
[15.847s][debug][gc,phases      ] GC(20)       Merged Fine:              Min: 0, Avg:  0.0, Max: 0, Diff: 0, Sum: 0, Workers: 8
[15.847s][debug][gc,phases      ] GC(20)       Merged Coarse:            Min: 0, Avg:  0.0, Max: 0, Diff: 0, Sum: 0, Workers: 8
[15.847s][debug][gc,phases      ] GC(20)       Dirty Cards:              Min: 0, Avg:  0.0, Max: 0, Diff: 0, Sum: 0, Workers: 8
[15.848s][debug][gc,phases      ] GC(20)     Hot Card Cache (ms):      Min:  0.0, Avg:  0.0, Max:  0.0, Diff:  0.0, Sum:  0.0, Workers: 8
[15.848s][debug][gc,phases      ] GC(20)       Dirty Cards:              Min: 0, Avg:  0.0, Max: 0, Diff: 0, Sum: 0, Workers: 8
[15.848s][debug][gc,phases      ] GC(20)       Skipped Cards:            Min: 0, Avg:  0.0, Max: 0, Diff: 0, Sum: 0, Workers: 8
[15.848s][debug][gc,phases      ] GC(20)     Log Buffers (ms):         Min:  0.0, Avg:  0.0, Max:  0.0, Diff:  0.0, Sum:  0.0, Workers: 8
[15.848s][debug][gc,phases      ] GC(20)       Dirty Cards:              Min: 0, Avg:  1.0, Max: 3, Diff: 3, Sum: 8, Workers: 8
[15.848s][debug][gc,phases      ] GC(20)       Skipped Cards:            Min: 0, Avg:  0.0, Max: 0, Diff: 0, Sum: 0, Workers: 8
[15.848s][info ][gc,phases      ] GC(20)   Evacuate Collection Set: 0.1ms
[15.848s][debug][gc,phases      ] GC(20)     Ext Root Scanning (ms):   Min:  0.0, Avg:  0.0, Max:  0.1, Diff:  0.0, Sum:  0.2, Workers: 8
[15.848s][debug][gc,phases      ] GC(20)     Scan Heap Roots (ms):     Min:  0.0, Avg:  0.0, Max:  0.0, Diff:  0.0, Sum:  0.0, Workers: 8
[15.848s][debug][gc,phases      ] GC(20)       Scanned Cards:            Min: 0, Avg:  0.8, Max: 3, Diff: 3, Sum: 6, Workers: 8
[15.848s][debug][gc,phases      ] GC(20)       Scanned Blocks:           Min: 0, Avg:  0.8, Max: 3, Diff: 3, Sum: 6, Workers: 8
[15.848s][debug][gc,phases      ] GC(20)       Claimed Chunks:           Min: 0, Avg:  0.6, Max: 2, Diff: 2, Sum: 5, Workers: 8
[15.848s][debug][gc,phases      ] GC(20)     Code Root Scan (ms):      Min:  0.0, Avg:  0.0, Max:  0.0, Diff:  0.0, Sum:  0.0, Workers: 8
[15.848s][debug][gc,phases      ] GC(20)     Object Copy (ms):         Min:  0.0, Avg:  0.0, Max:  0.0, Diff:  0.0, Sum:  0.0, Workers: 8
[15.848s][debug][gc,phases      ] GC(20)     Termination (ms):         Min:  0.0, Avg:  0.0, Max:  0.0, Diff:  0.0, Sum:  0.3, Workers: 8
[15.848s][debug][gc,phases      ] GC(20)       Termination Attempts:     Min: 1, Avg:  1.0, Max: 1, Diff: 0, Sum: 8, Workers: 8
[15.848s][debug][gc,phases      ] GC(20)     GC Worker Other (ms):     Min:  0.0, Avg:  0.0, Max:  0.0, Diff:  0.0, Sum:  0.1, Workers: 8
[15.848s][debug][gc,phases      ] GC(20)     GC Worker Total (ms):     Min:  0.1, Avg:  0.1, Max:  0.1, Diff:  0.0, Sum:  0.7, Workers: 8
[15.848s][info ][gc,phases      ] GC(20)   Post Evacuate Collection Set: 0.4ms
[15.848s][debug][gc,phases      ] GC(20)     Code Roots Fixup: 0.0ms
[15.848s][debug][gc,phases      ] GC(20)     Clear Card Table: 0.1ms
[15.848s][debug][gc,phases      ] GC(20)     Reference Processing: 0.0ms
[15.848s][debug][gc,phases,ref  ] GC(20)       Reconsider SoftReferences: 0.0ms
[15.848s][debug][gc,phases,ref  ] GC(20)         SoftRef (ms):             skipped
[15.848s][debug][gc,phases,ref  ] GC(20)       Notify Soft/WeakReferences: 0.0ms
[15.848s][debug][gc,phases,ref  ] GC(20)         SoftRef (ms):             skipped
[15.848s][debug][gc,phases,ref  ] GC(20)         WeakRef (ms):             skipped
[15.848s][debug][gc,phases,ref  ] GC(20)         FinalRef (ms):            skipped
[15.848s][debug][gc,phases,ref  ] GC(20)         Total (ms):               skipped
[15.848s][debug][gc,phases,ref  ] GC(20)       Notify and keep alive finalizable: 0.0ms
[15.848s][debug][gc,phases,ref  ] GC(20)         FinalRef (ms):            skipped
[15.848s][debug][gc,phases,ref  ] GC(20)       Notify PhantomReferences: 0.0ms
[15.848s][debug][gc,phases,ref  ] GC(20)         PhantomRef (ms):          skipped
[15.848s][debug][gc,phases,ref  ] GC(20)       SoftReference:
[15.848s][debug][gc,phases,ref  ] GC(20)         Discovered: 0
[15.848s][debug][gc,phases,ref  ] GC(20)         Cleared: 0
[15.848s][debug][gc,phases,ref  ] GC(20)       WeakReference:
[15.848s][debug][gc,phases,ref  ] GC(20)         Discovered: 0
[15.848s][debug][gc,phases,ref  ] GC(20)         Cleared: 0
[15.848s][debug][gc,phases,ref  ] GC(20)       FinalReference:
[15.848s][debug][gc,phases,ref  ] GC(20)         Discovered: 0
[15.848s][debug][gc,phases,ref  ] GC(20)         Cleared: 0
[15.848s][debug][gc,phases,ref  ] GC(20)       PhantomReference:
[15.848s][debug][gc,phases,ref  ] GC(20)         Discovered: 0
[15.848s][debug][gc,phases,ref  ] GC(20)         Cleared: 0
[15.848s][debug][gc,phases      ] GC(20)     Weak Processing: 0.1ms
[15.848s][debug][gc,phases      ] GC(20)       JVMTI weak processing: 0.0ms
[15.848s][debug][gc,phases      ] GC(20)         Dead: 0
[15.848s][debug][gc,phases      ] GC(20)         Total: 0
[15.848s][debug][gc,phases      ] GC(20)       JFR weak processing: 0.0ms
[15.848s][debug][gc,phases      ] GC(20)         Dead: 0
[15.848s][debug][gc,phases      ] GC(20)         Total: 0
[15.848s][debug][gc,phases      ] GC(20)       JNI weak                  Min:  0.0, Avg:  0.0, Max:  0.0, Diff:  0.0, Sum:  0.0, Workers: 5
[15.848s][debug][gc,phases      ] GC(20)         Dead                      Min: 0, Avg:  0.0, Max: 0, Diff: 0, Sum: 0, Workers: 5
[15.848s][debug][gc,phases      ] GC(20)         Total                     Min: 0, Avg: 13.0, Max: 61, Diff: 61, Sum: 65, Workers: 5
[15.848s][debug][gc,phases      ] GC(20)       VM weak                   Min:  0.0, Avg:  0.0, Max:  0.0, Diff:  0.0, Sum:  0.0, Workers: 5
[15.848s][debug][gc,phases      ] GC(20)         Dead                      Min: 0, Avg:  0.0, Max: 0, Diff: 0, Sum: 0, Workers: 5
[15.848s][debug][gc,phases      ] GC(20)         Total                     Min: 0, Avg: 45.0, Max: 128, Diff: 128, Sum: 225, Workers: 5
[15.848s][debug][gc,phases      ] GC(20)       StringTable weak          Min:  0.0, Avg:  0.0, Max:  0.0, Diff:  0.0, Sum:  0.1, Workers: 5
[15.848s][debug][gc,phases      ] GC(20)         Dead                      Min: 0, Avg:  0.0, Max: 0, Diff: 0, Sum: 0, Workers: 5
[15.848s][debug][gc,phases      ] GC(20)         Total                     Min: 192, Avg: 729.8, Max: 960, Diff: 768, Sum: 3649, Workers: 5
[15.848s][debug][gc,phases      ] GC(20)       ResolvedMethodTable weak  Min:  0.0, Avg:  0.0, Max:  0.0, Diff:  0.0, Sum:  0.0, Workers: 5
[15.848s][debug][gc,phases      ] GC(20)         Dead                      Min: 0, Avg:  0.0, Max: 0, Diff: 0, Sum: 0, Workers: 5
[15.848s][debug][gc,phases      ] GC(20)         Total                     Min: 64, Avg: 118.0, Max: 192, Diff: 128, Sum: 590, Workers: 5
[15.848s][debug][gc,phases      ] GC(20)     Merge Per-Thread State: 0.0ms
[15.848s][debug][gc,phases      ] GC(20)       Copied Bytes              Min: 0, Avg: 82.0, Max: 216, Diff: 216, Sum: 656, Workers: 8
[15.848s][debug][gc,phases      ] GC(20)       LAB Waste                 Min: 0, Avg:  0.0, Max: 0, Diff: 0, Sum: 0, Workers: 8
[15.848s][debug][gc,phases      ] GC(20)       LAB Undo Waste            Min: 0, Avg:  0.0, Max: 0, Diff: 0, Sum: 0, Workers: 8
[15.848s][debug][gc,phases      ] GC(20)     Code Roots Purge: 0.0ms
[15.848s][debug][gc,phases      ] GC(20)     Redirty Cards: 0.0ms
[15.848s][debug][gc,phases      ] GC(20)     DerivedPointerTable Update: 0.0ms
[15.848s][debug][gc,phases      ] GC(20)     Free Collection Set: 0.1ms
[15.848s][debug][gc,phases      ] GC(20)     Rebuild Free List: 0.1ms
[15.848s][debug][gc,phases      ] GC(20)     Humongous Reclaim: 0.0ms
[15.848s][debug][gc,phases      ] GC(20)     Start New Collection Set: 0.0ms
[15.848s][debug][gc,phases      ] GC(20)     Resize TLABs: 0.0ms
[15.848s][debug][gc,phases      ] GC(20)     Expand Heap After Collection: 0.0ms
[15.848s][info ][gc,phases      ] GC(20)   Other: 0.3ms
[15.848s][info ][gc,heap        ] GC(20) Eden regions: 120->0(120)
[15.848s][info ][gc,heap        ] GC(20) Survivor regions: 1->1(16)
[15.848s][info ][gc,heap        ] GC(20) Old regions: 7->7
[15.848s][info ][gc,heap        ] GC(20) Archive regions: 2->2
[15.848s][info ][gc,heap        ] GC(20) Humongous regions: 0->0
[15.848s][info ][gc,metaspace   ] GC(20) Metaspace: 10547K(11136K)->10547K(11136K) NonClass: 9335K(9728K)->9335K(9728K) Class: 1212K(1408K)->1212K(1408K)
[15.848s][debug][gc,heap        ] GC(20) Heap after GC invocations=21 (full 1): garbage-first heap   total 206848K, used 4388K [0x0000000700000000, 0x0000000800000000)
[15.848s][debug][gc,heap        ] GC(20)   region size 1024K, 1 young (1024K), 1 survivors (1024K)
[15.848s][debug][gc,heap        ] GC(20)  Metaspace       used 10547K, capacity 10850K, committed 11136K, reserved 1058816K
[15.848s][debug][gc,heap        ] GC(20)   class space    used 1212K, capacity 1344K, committed 1408K, reserved 1048576K
[15.848s][info ][gc             ] GC(20) Pause Young (Normal) (G1 Evacuation Pause) 124M->4M(202M) 1.449ms
[15.848s][info ][gc,cpu         ] GC(20) User=0.00s Sys=0.00s Real=0.00s
[15.848s][info ][safepoint      ] Safepoint "G1CollectForAllocation", Time since last: 79378385 ns, Reaching safepoint: 98466 ns, At safepoint: 1629146 ns, Total: 1727612 ns
[15.932s][debug][gc,heap        ] GC(21) Heap before GC invocations=21 (full 1): garbage-first heap   total 206848K, used 127268K [0x0000000700000000, 0x0000000800000000)
[15.932s][debug][gc,heap        ] GC(21)   region size 1024K, 121 young (123904K), 1 survivors (1024K)
[15.932s][debug][gc,heap        ] GC(21)  Metaspace       used 10547K, capacity 10850K, committed 11136K, reserved 1058816K
[15.932s][debug][gc,heap        ] GC(21)   class space    used 1212K, capacity 1344K, committed 1408K, reserved 1048576K
[15.933s][info ][gc,start       ] GC(21) Pause Young (Normal) (G1 Evacuation Pause)
[15.933s][info ][gc,task        ] GC(21) Using 8 workers of 8 for evacuation
[15.933s][debug][gc,tlab        ] GC(21) TLAB totals: thrds: 8  refills: 600 max: 114 slow allocs: 0 max 0 waste:  1.4% gc: 1467216B max: 300208B slow: 345768B max: 65616B fast: 0B max: 0B
[15.933s][debug][gc,age         ] GC(21) Desired survivor size 8388608 bytes, new threshold 15 (max threshold 15)
[15.933s][debug][gc,alloc,region] GC(21) Mutator Allocation stats, regions: 120, wasted size: 0B ( 0.0%)
[15.933s][debug][gc,ergo        ] GC(21) Running G1 Merge Heap Roots using 8 workers for 121 regions
[15.933s][debug][gc,remset      ] GC(21) Visited cards 1280 Total dirty 8192 (15.62%) Total old 514048 (0.25%)
[15.933s][debug][gc,ergo        ] GC(21) Running G1 Clear Card Table Task using 1 workers for 1 units of work for 125 regions.
[15.933s][debug][gc,ref         ] GC(21) Skipped phase1 of Reference Processing due to unavailable references
[15.933s][debug][gc,ref         ] GC(21) Skipped phase2 of Reference Processing due to unavailable references
[15.933s][debug][gc,ref         ] GC(21) Skipped phase3 of Reference Processing due to unavailable references
[15.933s][debug][gc,ref         ] GC(21) Skipped phase4 of Reference Processing due to unavailable references
[15.933s][debug][gc,ergo        ] GC(21) Running G1 Free Collection Set using 8 workers for collection set length 121 (202)
[15.933s][debug][gc,ergo        ] GC(21) Running G1 Rebuild Free List Task using 8 workers for rebuilding free list of 0 (4096) regions
[15.933s][trace][gc,age         ] GC(21) Age table with threshold 15 (max threshold 15)
[15.933s][trace][gc,age         ] GC(21) - age   1:        504 bytes,        504 total
[15.933s][trace][gc,age         ] GC(21) - age   3:        256 bytes,        760 total
[15.933s][debug][gc,plab        ] GC(21) Young PLAB allocation: allocated: 14448B, wasted: 0B, unused: 13688B, used: 760B, undo waste: 0B, 
[15.933s][debug][gc,plab        ] GC(21) Young other allocation: region end waste: 0B, regions filled: 1, direct allocated: 0B, failure used: 0B, failure wasted: 0B
[15.933s][debug][gc,plab        ] GC(21) Young sizing: calculated: 152B, actual: 2064B
[15.933s][debug][gc,plab        ] GC(21) Old PLAB allocation: allocated: 0B, wasted: 0B, unused: 0B, used: 0B, undo waste: 0B, 
[15.933s][debug][gc,plab        ] GC(21) Old other allocation: region end waste: 0B, regions filled: 1, direct allocated: 0B, failure used: 0B, failure wasted: 0B
[15.933s][debug][gc,plab        ] GC(21) Old sizing: calculated: 0B, actual: 2064B
[15.933s][debug][gc,ihop        ] GC(21) Basic information (value update), threshold: 95315558B (45.00), target occupancy: 211812352B, current occupancy: 4494040B, recent allocation size: 0B, recent allocation duration: 85.15ms, recent old gen allocation rate: 0.00B/s, recent marking phase length: 0.00ms
[15.933s][debug][gc,ihop        ] GC(21) Adaptive IHOP information (value update), threshold: 95315558B (47.37), internal target occupancy: 201221734B, occupancy: 4494040B, additional buffer size: 126877696B, predicted old gen allocation rate: 59048.09B/s, predicted marking phase length: 0.00ms, prediction active: false
[15.933s][debug][gc,ergo,refine ] GC(21) Concurrent refinement times: Logged Cards Scan time goal: 20.00ms Logged Cards Scan time: 0.00ms HCC time: 0.00ms
[15.933s][debug][gc,ergo,refine ] GC(21) Updated Refinement Zones: green: 2048, yellow: 6144, red: 10240
[15.933s][info ][gc,phases      ] GC(21)   Pre Evacuate Collection Set: 0.1ms
[15.933s][debug][gc,phases      ] GC(21)     Prepare TLABs: 0.0ms
[15.933s][debug][gc,phases      ] GC(21)     Choose Collection Set: 0.0ms
[15.933s][debug][gc,phases      ] GC(21)     Region Register: 0.1ms
[15.933s][debug][gc,phases      ] GC(21)     Prepare Heap Roots: 0.0ms
[15.934s][info ][gc,phases      ] GC(21)   Merge Heap Roots: 0.1ms
[15.934s][debug][gc,phases      ] GC(21)     Prepare Merge Heap Roots: 0.0ms
[15.934s][debug][gc,phases      ] GC(21)     Eager Reclaim (ms):       skipped
[15.934s][debug][gc,phases      ] GC(21)     Remembered Sets (ms):     Min:  0.0, Avg:  0.0, Max:  0.0, Diff:  0.0, Sum:  0.0, Workers: 8
[15.934s][debug][gc,phases      ] GC(21)       Merged Sparse:            Min: 0, Avg:  0.0, Max: 0, Diff: 0, Sum: 0, Workers: 8
[15.934s][debug][gc,phases      ] GC(21)       Merged Fine:              Min: 0, Avg:  0.0, Max: 0, Diff: 0, Sum: 0, Workers: 8
[15.934s][debug][gc,phases      ] GC(21)       Merged Coarse:            Min: 0, Avg:  0.0, Max: 0, Diff: 0, Sum: 0, Workers: 8
[15.934s][debug][gc,phases      ] GC(21)       Dirty Cards:              Min: 0, Avg:  0.0, Max: 0, Diff: 0, Sum: 0, Workers: 8
[15.934s][debug][gc,phases      ] GC(21)     Hot Card Cache (ms):      Min:  0.0, Avg:  0.0, Max:  0.0, Diff:  0.0, Sum:  0.0, Workers: 8
[15.934s][debug][gc,phases      ] GC(21)       Dirty Cards:              Min: 0, Avg:  0.0, Max: 0, Diff: 0, Sum: 0, Workers: 8
[15.934s][debug][gc,phases      ] GC(21)       Skipped Cards:            Min: 0, Avg:  0.0, Max: 0, Diff: 0, Sum: 0, Workers: 8
[15.934s][debug][gc,phases      ] GC(21)     Log Buffers (ms):         Min:  0.0, Avg:  0.0, Max:  0.0, Diff:  0.0, Sum:  0.0, Workers: 8
[15.934s][debug][gc,phases      ] GC(21)       Dirty Cards:              Min: 0, Avg:  1.2, Max: 4, Diff: 4, Sum: 10, Workers: 8
[15.934s][debug][gc,phases      ] GC(21)       Skipped Cards:            Min: 0, Avg:  0.0, Max: 0, Diff: 0, Sum: 0, Workers: 8
[15.934s][info ][gc,phases      ] GC(21)   Evacuate Collection Set: 0.2ms
[15.934s][debug][gc,phases      ] GC(21)     Ext Root Scanning (ms):   Min:  0.0, Avg:  0.0, Max:  0.1, Diff:  0.1, Sum:  0.3, Workers: 8
[15.934s][debug][gc,phases      ] GC(21)     Scan Heap Roots (ms):     Min:  0.0, Avg:  0.0, Max:  0.0, Diff:  0.0, Sum:  0.0, Workers: 8
[15.934s][debug][gc,phases      ] GC(21)       Scanned Cards:            Min: 0, Avg:  0.8, Max: 2, Diff: 2, Sum: 6, Workers: 8
[15.934s][debug][gc,phases      ] GC(21)       Scanned Blocks:           Min: 0, Avg:  0.8, Max: 2, Diff: 2, Sum: 6, Workers: 8
[15.934s][debug][gc,phases      ] GC(21)       Claimed Chunks:           Min: 0, Avg:  0.6, Max: 1, Diff: 1, Sum: 5, Workers: 8
[15.934s][debug][gc,phases      ] GC(21)     Code Root Scan (ms):      Min:  0.0, Avg:  0.0, Max:  0.0, Diff:  0.0, Sum:  0.0, Workers: 8
[15.934s][debug][gc,phases      ] GC(21)     Object Copy (ms):         Min:  0.0, Avg:  0.0, Max:  0.0, Diff:  0.0, Sum:  0.0, Workers: 8
[15.934s][debug][gc,phases      ] GC(21)     Termination (ms):         Min:  0.1, Avg:  0.1, Max:  0.1, Diff:  0.0, Sum:  0.7, Workers: 8
[15.934s][debug][gc,phases      ] GC(21)       Termination Attempts:     Min: 1, Avg:  1.0, Max: 1, Diff: 0, Sum: 8, Workers: 8
[15.934s][debug][gc,phases      ] GC(21)     GC Worker Other (ms):     Min:  0.0, Avg:  0.0, Max:  0.0, Diff:  0.0, Sum:  0.1, Workers: 8
[15.934s][debug][gc,phases      ] GC(21)     GC Worker Total (ms):     Min:  0.1, Avg:  0.2, Max:  0.2, Diff:  0.1, Sum:  1.2, Workers: 8
[15.934s][info ][gc,phases      ] GC(21)   Post Evacuate Collection Set: 0.4ms
[15.934s][debug][gc,phases      ] GC(21)     Code Roots Fixup: 0.0ms
[15.934s][debug][gc,phases      ] GC(21)     Clear Card Table: 0.0ms
[15.934s][debug][gc,phases      ] GC(21)     Reference Processing: 0.0ms
[15.934s][debug][gc,phases,ref  ] GC(21)       Reconsider SoftReferences: 0.0ms
[15.934s][debug][gc,phases,ref  ] GC(21)         SoftRef (ms):             skipped
[15.934s][debug][gc,phases,ref  ] GC(21)       Notify Soft/WeakReferences: 0.0ms
[15.934s][debug][gc,phases,ref  ] GC(21)         SoftRef (ms):             skipped
[15.934s][debug][gc,phases,ref  ] GC(21)         WeakRef (ms):             skipped
[15.934s][debug][gc,phases,ref  ] GC(21)         FinalRef (ms):            skipped
[15.934s][debug][gc,phases,ref  ] GC(21)         Total (ms):               skipped
[15.934s][debug][gc,phases,ref  ] GC(21)       Notify and keep alive finalizable: 0.0ms
[15.934s][debug][gc,phases,ref  ] GC(21)         FinalRef (ms):            skipped
[15.934s][debug][gc,phases,ref  ] GC(21)       Notify PhantomReferences: 0.0ms
[15.934s][debug][gc,phases,ref  ] GC(21)         PhantomRef (ms):          skipped
[15.934s][debug][gc,phases,ref  ] GC(21)       SoftReference:
[15.934s][debug][gc,phases,ref  ] GC(21)         Discovered: 0
[15.934s][debug][gc,phases,ref  ] GC(21)         Cleared: 0
[15.934s][debug][gc,phases,ref  ] GC(21)       WeakReference:
[15.934s][debug][gc,phases,ref  ] GC(21)         Discovered: 0
[15.934s][debug][gc,phases,ref  ] GC(21)         Cleared: 0
[15.934s][debug][gc,phases,ref  ] GC(21)       FinalReference:
[15.934s][debug][gc,phases,ref  ] GC(21)         Discovered: 0
[15.934s][debug][gc,phases,ref  ] GC(21)         Cleared: 0
[15.934s][debug][gc,phases,ref  ] GC(21)       PhantomReference:
[15.934s][debug][gc,phases,ref  ] GC(21)         Discovered: 0
[15.934s][debug][gc,phases,ref  ] GC(21)         Cleared: 0
[15.934s][debug][gc,phases      ] GC(21)     Weak Processing: 0.1ms
[15.934s][debug][gc,phases      ] GC(21)       JVMTI weak processing: 0.0ms
[15.934s][debug][gc,phases      ] GC(21)         Dead: 0
[15.934s][debug][gc,phases      ] GC(21)         Total: 0
[15.934s][debug][gc,phases      ] GC(21)       JFR weak processing: 0.0ms
[15.934s][debug][gc,phases      ] GC(21)         Dead: 0
[15.934s][debug][gc,phases      ] GC(21)         Total: 0
[15.934s][debug][gc,phases      ] GC(21)       JNI weak                  Min:  0.0, Avg:  0.0, Max:  0.0, Diff:  0.0, Sum:  0.0, Workers: 5
[15.934s][debug][gc,phases      ] GC(21)         Dead                      Min: 0, Avg:  0.0, Max: 0, Diff: 0, Sum: 0, Workers: 5
[15.934s][debug][gc,phases      ] GC(21)         Total                     Min: 0, Avg: 13.0, Max: 61, Diff: 61, Sum: 65, Workers: 5
[15.934s][debug][gc,phases      ] GC(21)       VM weak                   Min:  0.0, Avg:  0.0, Max:  0.0, Diff:  0.0, Sum:  0.0, Workers: 5
[15.934s][debug][gc,phases      ] GC(21)         Dead                      Min: 0, Avg:  0.0, Max: 0, Diff: 0, Sum: 0, Workers: 5
[15.934s][debug][gc,phases      ] GC(21)         Total                     Min: 0, Avg: 45.0, Max: 128, Diff: 128, Sum: 225, Workers: 5
[15.934s][debug][gc,phases      ] GC(21)       StringTable weak          Min:  0.0, Avg:  0.0, Max:  0.1, Diff:  0.1, Sum:  0.1, Workers: 5
[15.934s][debug][gc,phases      ] GC(21)         Dead                      Min: 0, Avg:  0.0, Max: 0, Diff: 0, Sum: 0, Workers: 5
[15.934s][debug][gc,phases      ] GC(21)         Total                     Min: 0, Avg: 729.8, Max: 1792, Diff: 1792, Sum: 3649, Workers: 5
[15.934s][debug][gc,phases      ] GC(21)       ResolvedMethodTable weak  Min:  0.0, Avg:  0.0, Max:  0.0, Diff:  0.0, Sum:  0.0, Workers: 5
[15.934s][debug][gc,phases      ] GC(21)         Dead                      Min: 0, Avg:  0.0, Max: 0, Diff: 0, Sum: 0, Workers: 5
[15.934s][debug][gc,phases      ] GC(21)         Total                     Min: 0, Avg: 118.0, Max: 320, Diff: 320, Sum: 590, Workers: 5
[15.934s][debug][gc,phases      ] GC(21)     Merge Per-Thread State: 0.0ms
[15.934s][debug][gc,phases      ] GC(21)       Copied Bytes              Min: 0, Avg: 95.0, Max: 240, Diff: 240, Sum: 760, Workers: 8
[15.934s][debug][gc,phases      ] GC(21)       LAB Waste                 Min: 0, Avg:  0.0, Max: 0, Diff: 0, Sum: 0, Workers: 8
[15.934s][debug][gc,phases      ] GC(21)       LAB Undo Waste            Min: 0, Avg:  0.0, Max: 0, Diff: 0, Sum: 0, Workers: 8
[15.934s][debug][gc,phases      ] GC(21)     Code Roots Purge: 0.0ms
[15.934s][debug][gc,phases      ] GC(21)     Redirty Cards: 0.0ms
[15.934s][debug][gc,phases      ] GC(21)     DerivedPointerTable Update: 0.0ms
[15.934s][debug][gc,phases      ] GC(21)     Free Collection Set: 0.1ms
[15.934s][debug][gc,phases      ] GC(21)     Rebuild Free List: 0.1ms
[15.934s][debug][gc,phases      ] GC(21)     Humongous Reclaim: 0.0ms
[15.934s][debug][gc,phases      ] GC(21)     Start New Collection Set: 0.0ms
[15.934s][debug][gc,phases      ] GC(21)     Resize TLABs: 0.0ms
[15.934s][debug][gc,phases      ] GC(21)     Expand Heap After Collection: 0.0ms
[15.934s][info ][gc,phases      ] GC(21)   Other: 0.3ms
[15.934s][info ][gc,heap        ] GC(21) Eden regions: 120->0(120)
[15.934s][info ][gc,heap        ] GC(21) Survivor regions: 1->1(16)
[15.934s][info ][gc,heap        ] GC(21) Old regions: 7->7
[15.934s][info ][gc,heap        ] GC(21) Archive regions: 2->2
[15.934s][info ][gc,heap        ] GC(21) Humongous regions: 0->0
[15.934s][info ][gc,metaspace   ] GC(21) Metaspace: 10547K(11136K)->10547K(11136K) NonClass: 9335K(9728K)->9335K(9728K) Class: 1212K(1408K)->1212K(1408K)
[15.934s][debug][gc,heap        ] GC(21) Heap after GC invocations=22 (full 1): garbage-first heap   total 206848K, used 4388K [0x0000000700000000, 0x0000000800000000)
[15.934s][debug][gc,heap        ] GC(21)   region size 1024K, 1 young (1024K), 1 survivors (1024K)
[15.934s][debug][gc,heap        ] GC(21)  Metaspace       used 10547K, capacity 10850K, committed 11136K, reserved 1058816K
[15.934s][debug][gc,heap        ] GC(21)   class space    used 1212K, capacity 1344K, committed 1408K, reserved 1048576K
[15.934s][info ][gc             ] GC(21) Pause Young (Normal) (G1 Evacuation Pause) 124M->4M(202M) 1.505ms
[15.934s][info ][gc,cpu         ] GC(21) User=0.00s Sys=0.00s Real=0.01s
[15.934s][info ][safepoint      ] Safepoint "G1CollectForAllocation", Time since last: 84218176 ns, Reaching safepoint: 137798 ns, At safepoint: 1688520 ns, Total: 1826318 ns
[16.018s][debug][gc,heap        ] GC(22) Heap before GC invocations=22 (full 1): garbage-first heap   total 206848K, used 126244K [0x0000000700000000, 0x0000000800000000)
[16.018s][debug][gc,heap        ] GC(22)   region size 1024K, 121 young (123904K), 1 survivors (1024K)
[16.018s][debug][gc,heap        ] GC(22)  Metaspace       used 10547K, capacity 10850K, committed 11136K, reserved 1058816K
[16.018s][debug][gc,heap        ] GC(22)   class space    used 1212K, capacity 1344K, committed 1408K, reserved 1048576K
[16.018s][info ][gc,start       ] GC(22) Pause Young (Normal) (G1 Evacuation Pause)
[16.018s][info ][gc,task        ] GC(22) Using 8 workers of 8 for evacuation
[16.018s][debug][gc,tlab        ] GC(22) TLAB totals: thrds: 8  refills: 600 max: 95 slow allocs: 0 max 0 waste:  1.0% gc: 927528B max: 208080B slow: 345896B max: 54776B fast: 0B max: 0B
[16.018s][debug][gc,age         ] GC(22) Desired survivor size 8388608 bytes, new threshold 15 (max threshold 15)
[16.018s][debug][gc,alloc,region] GC(22) Mutator Allocation stats, regions: 120, wasted size: 0B ( 0.0%)
[16.018s][debug][gc,ergo        ] GC(22) Running G1 Merge Heap Roots using 8 workers for 121 regions
[16.018s][debug][gc,remset      ] GC(22) Visited cards 1280 Total dirty 8192 (15.62%) Total old 514048 (0.25%)
[16.018s][debug][gc,ergo        ] GC(22) Running G1 Clear Card Table Task using 1 workers for 1 units of work for 125 regions.
[16.019s][debug][gc,ref         ] GC(22) Skipped phase1 of Reference Processing due to unavailable references
[16.019s][debug][gc,ref         ] GC(22) Skipped phase2 of Reference Processing due to unavailable references
[16.019s][debug][gc,ref         ] GC(22) Skipped phase3 of Reference Processing due to unavailable references
[16.019s][debug][gc,ref         ] GC(22) Skipped phase4 of Reference Processing due to unavailable references
[16.019s][debug][gc,ergo        ] GC(22) Running G1 Free Collection Set using 8 workers for collection set length 121 (202)
[16.019s][debug][gc,ergo        ] GC(22) Running G1 Rebuild Free List Task using 8 workers for rebuilding free list of 0 (4096) regions
[16.019s][trace][gc,age         ] GC(22) Age table with threshold 15 (max threshold 15)
[16.019s][trace][gc,age         ] GC(22) - age   1:        424 bytes,        424 total
[16.019s][trace][gc,age         ] GC(22) - age   4:        256 bytes,        680 total
[16.019s][debug][gc,plab        ] GC(22) Young PLAB allocation: allocated: 16512B, wasted: 0B, unused: 15832B, used: 680B, undo waste: 0B, 
[16.019s][debug][gc,plab        ] GC(22) Young other allocation: region end waste: 0B, regions filled: 1, direct allocated: 0B, failure used: 0B, failure wasted: 0B
[16.019s][debug][gc,plab        ] GC(22) Young sizing: calculated: 136B, actual: 2064B
[16.019s][debug][gc,plab        ] GC(22) Old PLAB allocation: allocated: 0B, wasted: 0B, unused: 0B, used: 0B, undo waste: 0B, 
[16.019s][debug][gc,plab        ] GC(22) Old other allocation: region end waste: 0B, regions filled: 1, direct allocated: 0B, failure used: 0B, failure wasted: 0B
[16.019s][debug][gc,plab        ] GC(22) Old sizing: calculated: 0B, actual: 2064B
[16.019s][debug][gc,ergo,heap   ] GC(22) Attempt heap expansion (recent GC overhead higher than threshold after GC) recent GC overhead: 1.70 % threshold: 1.00 % uncommitted: 4083154944B base expansion amount and scale: 211812352B (20.00%)
[16.019s][debug][gc,ergo,heap   ] GC(22) Expand the heap. requested expansion amount: 42362470B expansion amount: 42991616B
[16.019s][debug][gc,ihop        ] GC(22) Target occupancy update: old: 211812352B, new: 254803968B
[16.019s][debug][gc,ihop        ] GC(22) Basic information (value update), threshold: 114661785B (45.00), target occupancy: 254803968B, current occupancy: 4496104B, recent allocation size: 0B, recent allocation duration: 84.65ms, recent old gen allocation rate: 0.00B/s, recent marking phase length: 0.00ms
[16.019s][debug][gc,ihop        ] GC(22) Adaptive IHOP information (value update), threshold: 114661785B (47.37), internal target occupancy: 242063769B, occupancy: 4496104B, additional buffer size: 152043520B, predicted old gen allocation rate: 57090.27B/s, predicted marking phase length: 0.00ms, prediction active: false
[16.019s][debug][gc,ergo,refine ] GC(22) Concurrent refinement times: Logged Cards Scan time goal: 19.99ms Logged Cards Scan time: 0.00ms HCC time: 0.01ms
[16.019s][debug][gc,ergo,refine ] GC(22) Updated Refinement Zones: green: 2048, yellow: 6144, red: 10240
[16.019s][info ][gc,phases      ] GC(22)   Pre Evacuate Collection Set: 0.1ms
[16.019s][debug][gc,phases      ] GC(22)     Prepare TLABs: 0.0ms
[16.019s][debug][gc,phases      ] GC(22)     Choose Collection Set: 0.0ms
[16.019s][debug][gc,phases      ] GC(22)     Region Register: 0.1ms
[16.019s][debug][gc,phases      ] GC(22)     Prepare Heap Roots: 0.0ms
[16.019s][info ][gc,phases      ] GC(22)   Merge Heap Roots: 0.1ms
[16.019s][debug][gc,phases      ] GC(22)     Prepare Merge Heap Roots: 0.0ms
[16.019s][debug][gc,phases      ] GC(22)     Eager Reclaim (ms):       skipped
[16.019s][debug][gc,phases      ] GC(22)     Remembered Sets (ms):     Min:  0.0, Avg:  0.0, Max:  0.1, Diff:  0.1, Sum:  0.1, Workers: 8
[16.019s][debug][gc,phases      ] GC(22)       Merged Sparse:            Min: 0, Avg:  0.0, Max: 0, Diff: 0, Sum: 0, Workers: 8
[16.019s][debug][gc,phases      ] GC(22)       Merged Fine:              Min: 0, Avg:  0.0, Max: 0, Diff: 0, Sum: 0, Workers: 8
[16.019s][debug][gc,phases      ] GC(22)       Merged Coarse:            Min: 0, Avg:  0.0, Max: 0, Diff: 0, Sum: 0, Workers: 8
[16.019s][debug][gc,phases      ] GC(22)       Dirty Cards:              Min: 0, Avg:  0.0, Max: 0, Diff: 0, Sum: 0, Workers: 8
[16.019s][debug][gc,phases      ] GC(22)     Hot Card Cache (ms):      Min:  0.0, Avg:  0.0, Max:  0.0, Diff:  0.0, Sum:  0.1, Workers: 8
[16.019s][debug][gc,phases      ] GC(22)       Dirty Cards:              Min: 0, Avg:  0.0, Max: 0, Diff: 0, Sum: 0, Workers: 8
[16.019s][debug][gc,phases      ] GC(22)       Skipped Cards:            Min: 0, Avg:  0.0, Max: 0, Diff: 0, Sum: 0, Workers: 8
[16.019s][debug][gc,phases      ] GC(22)     Log Buffers (ms):         Min:  0.0, Avg:  0.0, Max:  0.0, Diff:  0.0, Sum:  0.0, Workers: 8
[16.019s][debug][gc,phases      ] GC(22)       Dirty Cards:              Min: 0, Avg:  1.1, Max: 3, Diff: 3, Sum: 9, Workers: 8
[16.019s][debug][gc,phases      ] GC(22)       Skipped Cards:            Min: 0, Avg:  0.0, Max: 0, Diff: 0, Sum: 0, Workers: 8
[16.019s][info ][gc,phases      ] GC(22)   Evacuate Collection Set: 0.1ms
[16.019s][debug][gc,phases      ] GC(22)     Ext Root Scanning (ms):   Min:  0.0, Avg:  0.0, Max:  0.1, Diff:  0.0, Sum:  0.2, Workers: 8
[16.019s][debug][gc,phases      ] GC(22)     Scan Heap Roots (ms):     Min:  0.0, Avg:  0.0, Max:  0.0, Diff:  0.0, Sum:  0.0, Workers: 8
[16.019s][debug][gc,phases      ] GC(22)       Scanned Cards:            Min: 0, Avg:  0.8, Max: 2, Diff: 2, Sum: 6, Workers: 8
[16.019s][debug][gc,phases      ] GC(22)       Scanned Blocks:           Min: 0, Avg:  0.8, Max: 2, Diff: 2, Sum: 6, Workers: 8
[16.019s][debug][gc,phases      ] GC(22)       Claimed Chunks:           Min: 0, Avg:  0.6, Max: 1, Diff: 1, Sum: 5, Workers: 8
[16.019s][debug][gc,phases      ] GC(22)     Code Root Scan (ms):      Min:  0.0, Avg:  0.0, Max:  0.0, Diff:  0.0, Sum:  0.0, Workers: 8
[16.019s][debug][gc,phases      ] GC(22)     Object Copy (ms):         Min:  0.0, Avg:  0.0, Max:  0.0, Diff:  0.0, Sum:  0.0, Workers: 8
[16.019s][debug][gc,phases      ] GC(22)     Termination (ms):         Min:  0.0, Avg:  0.1, Max:  0.1, Diff:  0.0, Sum:  0.5, Workers: 8
[16.019s][debug][gc,phases      ] GC(22)       Termination Attempts:     Min: 1, Avg:  1.0, Max: 1, Diff: 0, Sum: 8, Workers: 8
[16.019s][debug][gc,phases      ] GC(22)     GC Worker Other (ms):     Min:  0.0, Avg:  0.0, Max:  0.0, Diff:  0.0, Sum:  0.1, Workers: 8
[16.019s][debug][gc,phases      ] GC(22)     GC Worker Total (ms):     Min:  0.1, Avg:  0.1, Max:  0.1, Diff:  0.1, Sum:  0.8, Workers: 8
[16.019s][info ][gc,phases      ] GC(22)   Post Evacuate Collection Set: 0.6ms
[16.019s][debug][gc,phases      ] GC(22)     Code Roots Fixup: 0.0ms
[16.019s][debug][gc,phases      ] GC(22)     Clear Card Table: 0.0ms
[16.019s][debug][gc,phases      ] GC(22)     Reference Processing: 0.0ms
[16.019s][debug][gc,phases,ref  ] GC(22)       Reconsider SoftReferences: 0.0ms
[16.019s][debug][gc,phases,ref  ] GC(22)         SoftRef (ms):             skipped
[16.019s][debug][gc,phases,ref  ] GC(22)       Notify Soft/WeakReferences: 0.0ms
[16.019s][debug][gc,phases,ref  ] GC(22)         SoftRef (ms):             skipped
[16.019s][debug][gc,phases,ref  ] GC(22)         WeakRef (ms):             skipped
[16.019s][debug][gc,phases,ref  ] GC(22)         FinalRef (ms):            skipped
[16.020s][debug][gc,phases,ref  ] GC(22)         Total (ms):               skipped
[16.020s][debug][gc,phases,ref  ] GC(22)       Notify and keep alive finalizable: 0.0ms
[16.020s][debug][gc,phases,ref  ] GC(22)         FinalRef (ms):            skipped
[16.020s][debug][gc,phases,ref  ] GC(22)       Notify PhantomReferences: 0.0ms
[16.020s][debug][gc,phases,ref  ] GC(22)         PhantomRef (ms):          skipped
[16.020s][debug][gc,phases,ref  ] GC(22)       SoftReference:
[16.020s][debug][gc,phases,ref  ] GC(22)         Discovered: 0
[16.020s][debug][gc,phases,ref  ] GC(22)         Cleared: 0
[16.020s][debug][gc,phases,ref  ] GC(22)       WeakReference:
[16.020s][debug][gc,phases,ref  ] GC(22)         Discovered: 0
[16.020s][debug][gc,phases,ref  ] GC(22)         Cleared: 0
[16.020s][debug][gc,phases,ref  ] GC(22)       FinalReference:
[16.020s][debug][gc,phases,ref  ] GC(22)         Discovered: 0
[16.020s][debug][gc,phases,ref  ] GC(22)         Cleared: 0
[16.020s][debug][gc,phases,ref  ] GC(22)       PhantomReference:
[16.020s][debug][gc,phases,ref  ] GC(22)         Discovered: 0
[16.020s][debug][gc,phases,ref  ] GC(22)         Cleared: 0
[16.020s][debug][gc,phases      ] GC(22)     Weak Processing: 0.1ms
[16.020s][debug][gc,phases      ] GC(22)       JVMTI weak processing: 0.0ms
[16.020s][debug][gc,phases      ] GC(22)         Dead: 0
[16.020s][debug][gc,phases      ] GC(22)         Total: 0
[16.020s][debug][gc,phases      ] GC(22)       JFR weak processing: 0.0ms
[16.020s][debug][gc,phases      ] GC(22)         Dead: 0
[16.020s][debug][gc,phases      ] GC(22)         Total: 0
[16.020s][debug][gc,phases      ] GC(22)       JNI weak                  Min:  0.0, Avg:  0.0, Max:  0.0, Diff:  0.0, Sum:  0.0, Workers: 5
[16.020s][debug][gc,phases      ] GC(22)         Dead                      Min: 0, Avg:  0.0, Max: 0, Diff: 0, Sum: 0, Workers: 5
[16.020s][debug][gc,phases      ] GC(22)         Total                     Min: 0, Avg: 13.0, Max: 61, Diff: 61, Sum: 65, Workers: 5
[16.020s][debug][gc,phases      ] GC(22)       VM weak                   Min:  0.0, Avg:  0.0, Max:  0.0, Diff:  0.0, Sum:  0.0, Workers: 5
[16.020s][debug][gc,phases      ] GC(22)         Dead                      Min: 0, Avg:  0.0, Max: 0, Diff: 0, Sum: 0, Workers: 5
[16.020s][debug][gc,phases      ] GC(22)         Total                     Min: 0, Avg: 45.0, Max: 128, Diff: 128, Sum: 225, Workers: 5
[16.020s][debug][gc,phases      ] GC(22)       StringTable weak          Min:  0.0, Avg:  0.0, Max:  0.0, Diff:  0.0, Sum:  0.1, Workers: 5
[16.020s][debug][gc,phases      ] GC(22)         Dead                      Min: 0, Avg:  0.0, Max: 0, Diff: 0, Sum: 0, Workers: 5
[16.020s][debug][gc,phases      ] GC(22)         Total                     Min: 0, Avg: 729.8, Max: 1856, Diff: 1856, Sum: 3649, Workers: 5
[16.020s][debug][gc,phases      ] GC(22)       ResolvedMethodTable weak  Min:  0.0, Avg:  0.0, Max:  0.0, Diff:  0.0, Sum:  0.0, Workers: 5
[16.020s][debug][gc,phases      ] GC(22)         Dead                      Min: 0, Avg:  0.0, Max: 0, Diff: 0, Sum: 0, Workers: 5
[16.020s][debug][gc,phases      ] GC(22)         Total                     Min: 0, Avg: 118.0, Max: 320, Diff: 320, Sum: 590, Workers: 5
[16.020s][debug][gc,phases      ] GC(22)     Merge Per-Thread State: 0.0ms
[16.020s][debug][gc,phases      ] GC(22)       Copied Bytes              Min: 24, Avg: 85.0, Max: 184, Diff: 160, Sum: 680, Workers: 8
[16.020s][debug][gc,phases      ] GC(22)       LAB Waste                 Min: 0, Avg:  0.0, Max: 0, Diff: 0, Sum: 0, Workers: 8
[16.020s][debug][gc,phases      ] GC(22)       LAB Undo Waste            Min: 0, Avg:  0.0, Max: 0, Diff: 0, Sum: 0, Workers: 8
[16.020s][debug][gc,phases      ] GC(22)     Code Roots Purge: 0.0ms
[16.020s][debug][gc,phases      ] GC(22)     Redirty Cards: 0.0ms
[16.020s][debug][gc,phases      ] GC(22)     DerivedPointerTable Update: 0.0ms
[16.020s][debug][gc,phases      ] GC(22)     Free Collection Set: 0.1ms
[16.020s][debug][gc,phases      ] GC(22)     Rebuild Free List: 0.0ms
[16.020s][debug][gc,phases      ] GC(22)     Humongous Reclaim: 0.0ms
[16.020s][debug][gc,phases      ] GC(22)     Start New Collection Set: 0.0ms
[16.020s][debug][gc,phases      ] GC(22)     Resize TLABs: 0.0ms
[16.020s][debug][gc,phases      ] GC(22)     Expand Heap After Collection: 0.3ms
[16.020s][info ][gc,phases      ] GC(22)   Other: 0.3ms
[16.020s][info ][gc,heap        ] GC(22) Eden regions: 120->0(144)
[16.020s][info ][gc,heap        ] GC(22) Survivor regions: 1->1(16)
[16.020s][info ][gc,heap        ] GC(22) Old regions: 7->7
[16.020s][info ][gc,heap        ] GC(22) Archive regions: 2->2
[16.020s][info ][gc,heap        ] GC(22) Humongous regions: 0->0
[16.020s][info ][gc,metaspace   ] GC(22) Metaspace: 10547K(11136K)->10547K(11136K) NonClass: 9335K(9728K)->9335K(9728K) Class: 1212K(1408K)->1212K(1408K)
[16.020s][debug][gc,heap        ] GC(22) Heap after GC invocations=23 (full 1): garbage-first heap   total 248832K, used 4390K [0x0000000700000000, 0x0000000800000000)
[16.020s][debug][gc,heap        ] GC(22)   region size 1024K, 1 young (1024K), 1 survivors (1024K)
[16.020s][debug][gc,heap        ] GC(22)  Metaspace       used 10547K, capacity 10850K, committed 11136K, reserved 1058816K
[16.020s][debug][gc,heap        ] GC(22)   class space    used 1212K, capacity 1344K, committed 1408K, reserved 1048576K
[16.020s][info ][gc             ] GC(22) Pause Young (Normal) (G1 Evacuation Pause) 124M->4M(243M) 1.759ms
[16.020s][info ][gc,cpu         ] GC(22) User=0.00s Sys=0.00s Real=0.00s
[16.020s][info ][safepoint      ] Safepoint "G1CollectForAllocation", Time since last: 83678547 ns, Reaching safepoint: 192759 ns, At safepoint: 1931277 ns, Total: 2124036 ns
[16.124s][debug][gc,heap        ] GC(23) Heap before GC invocations=23 (full 1): garbage-first heap   total 248832K, used 150822K [0x0000000700000000, 0x0000000800000000)
[16.124s][debug][gc,heap        ] GC(23)   region size 1024K, 145 young (148480K), 1 survivors (1024K)
[16.124s][debug][gc,heap        ] GC(23)  Metaspace       used 10547K, capacity 10850K, committed 11136K, reserved 1058816K
[16.124s][debug][gc,heap        ] GC(23)   class space    used 1212K, capacity 1344K, committed 1408K, reserved 1048576K
[16.124s][info ][gc,start       ] GC(23) Pause Young (Normal) (G1 Evacuation Pause)
[16.124s][info ][gc,task        ] GC(23) Using 8 workers of 8 for evacuation
[16.124s][debug][gc,tlab        ] GC(23) TLAB totals: thrds: 8  refills: 601 max: 92 slow allocs: 0 max 0 waste:  0.9% gc: 1054024B max: 241472B slow: 347048B max: 52896B fast: 0B max: 0B
[16.124s][debug][gc,age         ] GC(23) Desired survivor size 9961472 bytes, new threshold 15 (max threshold 15)
[16.124s][debug][gc,alloc,region] GC(23) Mutator Allocation stats, regions: 144, wasted size: 0B ( 0.0%)
[16.124s][debug][gc,ergo        ] GC(23) Running G1 Merge Heap Roots using 8 workers for 145 regions
[16.124s][debug][gc,remset      ] GC(23) Visited cards 1280 Total dirty 8192 (15.62%) Total old 612352 (0.21%)
[16.124s][debug][gc,ergo        ] GC(23) Running G1 Clear Card Table Task using 1 workers for 1 units of work for 149 regions.
[16.124s][debug][gc,ref         ] GC(23) Skipped phase1 of Reference Processing due to unavailable references
[16.124s][debug][gc,ref         ] GC(23) Skipped phase2 of Reference Processing due to unavailable references
[16.124s][debug][gc,ref         ] GC(23) Skipped phase3 of Reference Processing due to unavailable references
[16.124s][debug][gc,ref         ] GC(23) Skipped phase4 of Reference Processing due to unavailable references
[16.124s][debug][gc,ergo        ] GC(23) Running G1 Free Collection Set using 8 workers for collection set length 145 (243)
[16.125s][debug][gc,ergo        ] GC(23) Running G1 Rebuild Free List Task using 8 workers for rebuilding free list of 0 (4096) regions
[16.125s][trace][gc,age         ] GC(23) Age table with threshold 15 (max threshold 15)
[16.125s][trace][gc,age         ] GC(23) - age   1:        456 bytes,        456 total
[16.125s][trace][gc,age         ] GC(23) - age   5:        256 bytes,        712 total
[16.125s][debug][gc,plab        ] GC(23) Young PLAB allocation: allocated: 12384B, wasted: 0B, unused: 11672B, used: 712B, undo waste: 0B, 
[16.125s][debug][gc,plab        ] GC(23) Young other allocation: region end waste: 0B, regions filled: 1, direct allocated: 0B, failure used: 0B, failure wasted: 0B
[16.125s][debug][gc,plab        ] GC(23) Young sizing: calculated: 136B, actual: 2064B
[16.125s][debug][gc,plab        ] GC(23) Old PLAB allocation: allocated: 0B, wasted: 0B, unused: 0B, used: 0B, undo waste: 0B, 
[16.125s][debug][gc,plab        ] GC(23) Old other allocation: region end waste: 0B, regions filled: 1, direct allocated: 0B, failure used: 0B, failure wasted: 0B
[16.125s][debug][gc,plab        ] GC(23) Old sizing: calculated: 0B, actual: 2064B
[16.125s][debug][gc,ihop        ] GC(23) Basic information (value update), threshold: 114661785B (45.00), target occupancy: 254803968B, current occupancy: 4491976B, recent allocation size: 0B, recent allocation duration: 104.57ms, recent old gen allocation rate: 0.00B/s, recent marking phase length: 0.00ms
[16.125s][debug][gc,ihop        ] GC(23) Adaptive IHOP information (value update), threshold: 114661785B (47.37), internal target occupancy: 242063769B, occupancy: 4491976B, additional buffer size: 152043520B, predicted old gen allocation rate: 55203.26B/s, predicted marking phase length: 0.00ms, prediction active: false
[16.125s][debug][gc,ergo,refine ] GC(23) Concurrent refinement times: Logged Cards Scan time goal: 20.00ms Logged Cards Scan time: 0.00ms HCC time: 0.00ms
[16.125s][debug][gc,ergo,refine ] GC(23) Updated Refinement Zones: green: 2048, yellow: 6144, red: 10240
[16.125s][info ][gc,phases      ] GC(23)   Pre Evacuate Collection Set: 0.1ms
[16.125s][debug][gc,phases      ] GC(23)     Prepare TLABs: 0.0ms
[16.125s][debug][gc,phases      ] GC(23)     Choose Collection Set: 0.0ms
[16.125s][debug][gc,phases      ] GC(23)     Region Register: 0.1ms
[16.125s][debug][gc,phases      ] GC(23)     Prepare Heap Roots: 0.0ms
[16.125s][info ][gc,phases      ] GC(23)   Merge Heap Roots: 0.1ms
[16.125s][debug][gc,phases      ] GC(23)     Prepare Merge Heap Roots: 0.0ms
[16.125s][debug][gc,phases      ] GC(23)     Eager Reclaim (ms):       skipped
[16.125s][debug][gc,phases      ] GC(23)     Remembered Sets (ms):     Min:  0.0, Avg:  0.0, Max:  0.0, Diff:  0.0, Sum:  0.1, Workers: 8
[16.125s][debug][gc,phases      ] GC(23)       Merged Sparse:            Min: 0, Avg:  0.0, Max: 0, Diff: 0, Sum: 0, Workers: 8
[16.125s][debug][gc,phases      ] GC(23)       Merged Fine:              Min: 0, Avg:  0.0, Max: 0, Diff: 0, Sum: 0, Workers: 8
[16.125s][debug][gc,phases      ] GC(23)       Merged Coarse:            Min: 0, Avg:  0.0, Max: 0, Diff: 0, Sum: 0, Workers: 8
[16.125s][debug][gc,phases      ] GC(23)       Dirty Cards:              Min: 0, Avg:  0.0, Max: 0, Diff: 0, Sum: 0, Workers: 8
[16.125s][debug][gc,phases      ] GC(23)     Hot Card Cache (ms):      Min:  0.0, Avg:  0.0, Max:  0.0, Diff:  0.0, Sum:  0.0, Workers: 8
[16.125s][debug][gc,phases      ] GC(23)       Dirty Cards:              Min: 0, Avg:  0.0, Max: 0, Diff: 0, Sum: 0, Workers: 8
[16.125s][debug][gc,phases      ] GC(23)       Skipped Cards:            Min: 0, Avg:  0.0, Max: 0, Diff: 0, Sum: 0, Workers: 8
[16.125s][debug][gc,phases      ] GC(23)     Log Buffers (ms):         Min:  0.0, Avg:  0.0, Max:  0.0, Diff:  0.0, Sum:  0.0, Workers: 8
[16.125s][debug][gc,phases      ] GC(23)       Dirty Cards:              Min: 0, Avg:  1.1, Max: 3, Diff: 3, Sum: 9, Workers: 8
[16.125s][debug][gc,phases      ] GC(23)       Skipped Cards:            Min: 0, Avg:  0.0, Max: 0, Diff: 0, Sum: 0, Workers: 8
[16.125s][info ][gc,phases      ] GC(23)   Evacuate Collection Set: 0.2ms
[16.125s][debug][gc,phases      ] GC(23)     Ext Root Scanning (ms):   Min:  0.0, Avg:  0.0, Max:  0.0, Diff:  0.0, Sum:  0.2, Workers: 8
[16.125s][debug][gc,phases      ] GC(23)     Scan Heap Roots (ms):     Min:  0.0, Avg:  0.0, Max:  0.0, Diff:  0.0, Sum:  0.0, Workers: 8
[16.125s][debug][gc,phases      ] GC(23)       Scanned Cards:            Min: 0, Avg:  0.8, Max: 2, Diff: 2, Sum: 6, Workers: 8
[16.125s][debug][gc,phases      ] GC(23)       Scanned Blocks:           Min: 0, Avg:  0.8, Max: 2, Diff: 2, Sum: 6, Workers: 8
[16.125s][debug][gc,phases      ] GC(23)       Claimed Chunks:           Min: 0, Avg:  0.6, Max: 2, Diff: 2, Sum: 5, Workers: 8
[16.125s][debug][gc,phases      ] GC(23)     Code Root Scan (ms):      Min:  0.0, Avg:  0.0, Max:  0.0, Diff:  0.0, Sum:  0.0, Workers: 8
[16.125s][debug][gc,phases      ] GC(23)     Object Copy (ms):         Min:  0.0, Avg:  0.0, Max:  0.0, Diff:  0.0, Sum:  0.0, Workers: 8
[16.125s][debug][gc,phases      ] GC(23)     Termination (ms):         Min:  0.1, Avg:  0.1, Max:  0.1, Diff:  0.0, Sum:  1.0, Workers: 8
[16.125s][debug][gc,phases      ] GC(23)       Termination Attempts:     Min: 1, Avg:  1.0, Max: 1, Diff: 0, Sum: 8, Workers: 8
[16.125s][debug][gc,phases      ] GC(23)     GC Worker Other (ms):     Min:  0.0, Avg:  0.0, Max:  0.0, Diff:  0.0, Sum:  0.1, Workers: 8
[16.125s][debug][gc,phases      ] GC(23)     GC Worker Total (ms):     Min:  0.1, Avg:  0.2, Max:  0.2, Diff:  0.0, Sum:  1.4, Workers: 8
[16.125s][info ][gc,phases      ] GC(23)   Post Evacuate Collection Set: 0.5ms
[16.125s][debug][gc,phases      ] GC(23)     Code Roots Fixup: 0.0ms
[16.125s][debug][gc,phases      ] GC(23)     Clear Card Table: 0.1ms
[16.125s][debug][gc,phases      ] GC(23)     Reference Processing: 0.0ms
[16.125s][debug][gc,phases,ref  ] GC(23)       Reconsider SoftReferences: 0.0ms
[16.125s][debug][gc,phases,ref  ] GC(23)         SoftRef (ms):             skipped
[16.125s][debug][gc,phases,ref  ] GC(23)       Notify Soft/WeakReferences: 0.0ms
[16.125s][debug][gc,phases,ref  ] GC(23)         SoftRef (ms):             skipped
[16.125s][debug][gc,phases,ref  ] GC(23)         WeakRef (ms):             skipped
[16.125s][debug][gc,phases,ref  ] GC(23)         FinalRef (ms):            skipped
[16.125s][debug][gc,phases,ref  ] GC(23)         Total (ms):               skipped
[16.125s][debug][gc,phases,ref  ] GC(23)       Notify and keep alive finalizable: 0.0ms
[16.125s][debug][gc,phases,ref  ] GC(23)         FinalRef (ms):            skipped
[16.125s][debug][gc,phases,ref  ] GC(23)       Notify PhantomReferences: 0.0ms
[16.125s][debug][gc,phases,ref  ] GC(23)         PhantomRef (ms):          skipped
[16.125s][debug][gc,phases,ref  ] GC(23)       SoftReference:
[16.125s][debug][gc,phases,ref  ] GC(23)         Discovered: 0
[16.125s][debug][gc,phases,ref  ] GC(23)         Cleared: 0
[16.125s][debug][gc,phases,ref  ] GC(23)       WeakReference:
[16.125s][debug][gc,phases,ref  ] GC(23)         Discovered: 0
[16.125s][debug][gc,phases,ref  ] GC(23)         Cleared: 0
[16.125s][debug][gc,phases,ref  ] GC(23)       FinalReference:
[16.125s][debug][gc,phases,ref  ] GC(23)         Discovered: 0
[16.125s][debug][gc,phases,ref  ] GC(23)         Cleared: 0
[16.125s][debug][gc,phases,ref  ] GC(23)       PhantomReference:
[16.125s][debug][gc,phases,ref  ] GC(23)         Discovered: 0
[16.125s][debug][gc,phases,ref  ] GC(23)         Cleared: 0
[16.125s][debug][gc,phases      ] GC(23)     Weak Processing: 0.1ms
[16.125s][debug][gc,phases      ] GC(23)       JVMTI weak processing: 0.0ms
[16.125s][debug][gc,phases      ] GC(23)         Dead: 0
[16.125s][debug][gc,phases      ] GC(23)         Total: 0
[16.125s][debug][gc,phases      ] GC(23)       JFR weak processing: 0.0ms
[16.125s][debug][gc,phases      ] GC(23)         Dead: 0
[16.125s][debug][gc,phases      ] GC(23)         Total: 0
[16.125s][debug][gc,phases      ] GC(23)       JNI weak                  Min:  0.0, Avg:  0.0, Max:  0.0, Diff:  0.0, Sum:  0.0, Workers: 5
[16.125s][debug][gc,phases      ] GC(23)         Dead                      Min: 0, Avg:  0.0, Max: 0, Diff: 0, Sum: 0, Workers: 5
[16.125s][debug][gc,phases      ] GC(23)         Total                     Min: 0, Avg: 13.0, Max: 61, Diff: 61, Sum: 65, Workers: 5
[16.125s][debug][gc,phases      ] GC(23)       VM weak                   Min:  0.0, Avg:  0.0, Max:  0.0, Diff:  0.0, Sum:  0.0, Workers: 5
[16.125s][debug][gc,phases      ] GC(23)         Dead                      Min: 0, Avg:  0.0, Max: 0, Diff: 0, Sum: 0, Workers: 5
[16.125s][debug][gc,phases      ] GC(23)         Total                     Min: 0, Avg: 45.0, Max: 97, Diff: 97, Sum: 225, Workers: 5
[16.125s][debug][gc,phases      ] GC(23)       StringTable weak          Min:  0.0, Avg:  0.0, Max:  0.1, Diff:  0.0, Sum:  0.1, Workers: 5
[16.125s][debug][gc,phases      ] GC(23)         Dead                      Min: 0, Avg:  0.0, Max: 0, Diff: 0, Sum: 0, Workers: 5
[16.125s][debug][gc,phases      ] GC(23)         Total                     Min: 384, Avg: 729.8, Max: 1152, Diff: 768, Sum: 3649, Workers: 5
[16.125s][debug][gc,phases      ] GC(23)       ResolvedMethodTable weak  Min:  0.0, Avg:  0.0, Max:  0.0, Diff:  0.0, Sum:  0.0, Workers: 5
[16.125s][debug][gc,phases      ] GC(23)         Dead                      Min: 0, Avg:  0.0, Max: 0, Diff: 0, Sum: 0, Workers: 5
[16.125s][debug][gc,phases      ] GC(23)         Total                     Min: 0, Avg: 118.0, Max: 192, Diff: 192, Sum: 590, Workers: 5
[16.125s][debug][gc,phases      ] GC(23)     Merge Per-Thread State: 0.0ms
[16.125s][debug][gc,phases      ] GC(23)       Copied Bytes              Min: 0, Avg: 89.0, Max: 168, Diff: 168, Sum: 712, Workers: 8
[16.125s][debug][gc,phases      ] GC(23)       LAB Waste                 Min: 0, Avg:  0.0, Max: 0, Diff: 0, Sum: 0, Workers: 8
[16.125s][debug][gc,phases      ] GC(23)       LAB Undo Waste            Min: 0, Avg:  0.0, Max: 0, Diff: 0, Sum: 0, Workers: 8
[16.125s][debug][gc,phases      ] GC(23)     Code Roots Purge: 0.0ms
[16.125s][debug][gc,phases      ] GC(23)     Redirty Cards: 0.0ms
[16.125s][debug][gc,phases      ] GC(23)     DerivedPointerTable Update: 0.0ms
[16.125s][debug][gc,phases      ] GC(23)     Free Collection Set: 0.1ms
[16.125s][debug][gc,phases      ] GC(23)     Rebuild Free List: 0.1ms
[16.125s][debug][gc,phases      ] GC(23)     Humongous Reclaim: 0.0ms
[16.125s][debug][gc,phases      ] GC(23)     Start New Collection Set: 0.0ms
[16.125s][debug][gc,phases      ] GC(23)     Resize TLABs: 0.0ms
[16.125s][debug][gc,phases      ] GC(23)     Expand Heap After Collection: 0.0ms
[16.125s][info ][gc,phases      ] GC(23)   Other: 0.3ms
[16.125s][info ][gc,heap        ] GC(23) Eden regions: 144->0(144)
[16.125s][info ][gc,heap        ] GC(23) Survivor regions: 1->1(19)
[16.126s][info ][gc,heap        ] GC(23) Old regions: 7->7
[16.126s][info ][gc,heap        ] GC(23) Archive regions: 2->2
[16.126s][info ][gc,heap        ] GC(23) Humongous regions: 0->0
[16.126s][info ][gc,metaspace   ] GC(23) Metaspace: 10547K(11136K)->10547K(11136K) NonClass: 9335K(9728K)->9335K(9728K) Class: 1212K(1408K)->1212K(1408K)
[16.126s][debug][gc,heap        ] GC(23) Heap after GC invocations=24 (full 1): garbage-first heap   total 248832K, used 4386K [0x0000000700000000, 0x0000000800000000)
[16.126s][debug][gc,heap        ] GC(23)   region size 1024K, 1 young (1024K), 1 survivors (1024K)
[16.126s][debug][gc,heap        ] GC(23)  Metaspace       used 10547K, capacity 10850K, committed 11136K, reserved 1058816K
[16.126s][debug][gc,heap        ] GC(23)   class space    used 1212K, capacity 1344K, committed 1408K, reserved 1048576K
[16.126s][info ][gc             ] GC(23) Pause Young (Normal) (G1 Evacuation Pause) 148M->4M(243M) 1.784ms
[16.126s][info ][gc,cpu         ] GC(23) User=0.00s Sys=0.00s Real=0.01s
[16.126s][info ][safepoint      ] Safepoint "G1CollectForAllocation", Time since last: 103601362 ns, Reaching safepoint: 173098 ns, At safepoint: 1973113 ns, Total: 2146211 ns
[16.225s][debug][gc,heap        ] GC(24) Heap before GC invocations=24 (full 1): garbage-first heap   total 248832K, used 151842K [0x0000000700000000, 0x0000000800000000)
[16.225s][debug][gc,heap        ] GC(24)   region size 1024K, 145 young (148480K), 1 survivors (1024K)
[16.225s][debug][gc,heap        ] GC(24)  Metaspace       used 10547K, capacity 10850K, committed 11136K, reserved 1058816K
[16.225s][debug][gc,heap        ] GC(24)   class space    used 1212K, capacity 1344K, committed 1408K, reserved 1048576K
[16.225s][info ][gc,start       ] GC(24) Pause Young (Normal) (G1 Evacuation Pause)
[16.225s][info ][gc,task        ] GC(24) Using 8 workers of 8 for evacuation
[16.225s][debug][gc,tlab        ] GC(24) TLAB totals: thrds: 10  refills: 609 max: 123 slow allocs: 0 max 0 waste:  0.9% gc: 964736B max: 293968B slow: 350056B max: 71528B fast: 0B max: 0B
[16.225s][debug][gc,age         ] GC(24) Desired survivor size 9961472 bytes, new threshold 15 (max threshold 15)
[16.225s][debug][gc,alloc,region] GC(24) Mutator Allocation stats, regions: 144, wasted size: 0B ( 0.0%)
[16.225s][debug][gc,ergo        ] GC(24) Running G1 Merge Heap Roots using 8 workers for 145 regions
[16.225s][debug][gc,remset      ] GC(24) Visited cards 1280 Total dirty 8192 (15.62%) Total old 612352 (0.21%)
[16.225s][debug][gc,ergo        ] GC(24) Running G1 Clear Card Table Task using 1 workers for 1 units of work for 149 regions.
[16.225s][debug][gc,ref         ] GC(24) Skipped phase1 of Reference Processing due to unavailable references
[16.225s][debug][gc,ref         ] GC(24) Skipped phase3 of Reference Processing due to unavailable references
[16.225s][debug][gc,ref         ] GC(24) Skipped phase4 of Reference Processing due to unavailable references
[16.225s][debug][gc,ergo        ] GC(24) Running G1 Free Collection Set using 8 workers for collection set length 145 (243)
[16.225s][debug][gc,ergo        ] GC(24) Running G1 Rebuild Free List Task using 8 workers for rebuilding free list of 0 (4096) regions
[16.225s][trace][gc,age         ] GC(24) Age table with threshold 15 (max threshold 15)
[16.225s][trace][gc,age         ] GC(24) - age   1:        704 bytes,        704 total
[16.225s][trace][gc,age         ] GC(24) - age   6:        128 bytes,        832 total
[16.225s][debug][gc,plab        ] GC(24) Young PLAB allocation: allocated: 16512B, wasted: 0B, unused: 15680B, used: 832B, undo waste: 0B, 
[16.225s][debug][gc,plab        ] GC(24) Young other allocation: region end waste: 0B, regions filled: 1, direct allocated: 0B, failure used: 0B, failure wasted: 0B
[16.225s][debug][gc,plab        ] GC(24) Young sizing: calculated: 160B, actual: 2064B
[16.225s][debug][gc,plab        ] GC(24) Old PLAB allocation: allocated: 0B, wasted: 0B, unused: 0B, used: 0B, undo waste: 0B, 
[16.225s][debug][gc,plab        ] GC(24) Old other allocation: region end waste: 0B, regions filled: 1, direct allocated: 0B, failure used: 0B, failure wasted: 0B
[16.225s][debug][gc,plab        ] GC(24) Old sizing: calculated: 0B, actual: 2064B
[16.225s][debug][gc,ihop        ] GC(24) Basic information (value update), threshold: 114661785B (45.00), target occupancy: 254803968B, current occupancy: 4496104B, recent allocation size: 0B, recent allocation duration: 99.84ms, recent old gen allocation rate: 0.00B/s, recent marking phase length: 0.00ms
[16.225s][debug][gc,ihop        ] GC(24) Adaptive IHOP information (value update), threshold: 114661785B (47.37), internal target occupancy: 242063769B, occupancy: 4496104B, additional buffer size: 152043520B, predicted old gen allocation rate: 53384.38B/s, predicted marking phase length: 0.00ms, prediction active: false
[16.225s][debug][gc,ergo,refine ] GC(24) Concurrent refinement times: Logged Cards Scan time goal: 20.00ms Logged Cards Scan time: 0.01ms HCC time: 0.00ms
[16.225s][debug][gc,ergo,refine ] GC(24) Updated Refinement Zones: green: 2048, yellow: 6144, red: 10240
[16.225s][info ][gc,phases      ] GC(24)   Pre Evacuate Collection Set: 0.1ms
[16.225s][debug][gc,phases      ] GC(24)     Prepare TLABs: 0.0ms
[16.225s][debug][gc,phases      ] GC(24)     Choose Collection Set: 0.0ms
[16.225s][debug][gc,phases      ] GC(24)     Region Register: 0.1ms
[16.225s][debug][gc,phases      ] GC(24)     Prepare Heap Roots: 0.0ms
[16.225s][info ][gc,phases      ] GC(24)   Merge Heap Roots: 0.1ms
[16.225s][debug][gc,phases      ] GC(24)     Prepare Merge Heap Roots: 0.0ms
[16.225s][debug][gc,phases      ] GC(24)     Eager Reclaim (ms):       skipped
[16.225s][debug][gc,phases      ] GC(24)     Remembered Sets (ms):     Min:  0.0, Avg:  0.0, Max:  0.0, Diff:  0.0, Sum:  0.1, Workers: 8
[16.226s][debug][gc,phases      ] GC(24)       Merged Sparse:            Min: 0, Avg:  0.0, Max: 0, Diff: 0, Sum: 0, Workers: 8
[16.226s][debug][gc,phases      ] GC(24)       Merged Fine:              Min: 0, Avg:  0.0, Max: 0, Diff: 0, Sum: 0, Workers: 8
[16.226s][debug][gc,phases      ] GC(24)       Merged Coarse:            Min: 0, Avg:  0.0, Max: 0, Diff: 0, Sum: 0, Workers: 8
[16.226s][debug][gc,phases      ] GC(24)       Dirty Cards:              Min: 0, Avg:  0.0, Max: 0, Diff: 0, Sum: 0, Workers: 8
[16.226s][debug][gc,phases      ] GC(24)     Hot Card Cache (ms):      Min:  0.0, Avg:  0.0, Max:  0.0, Diff:  0.0, Sum:  0.0, Workers: 8
[16.226s][debug][gc,phases      ] GC(24)       Dirty Cards:              Min: 0, Avg:  0.0, Max: 0, Diff: 0, Sum: 0, Workers: 8
[16.226s][debug][gc,phases      ] GC(24)       Skipped Cards:            Min: 0, Avg:  0.0, Max: 0, Diff: 0, Sum: 0, Workers: 8
[16.226s][debug][gc,phases      ] GC(24)     Log Buffers (ms):         Min:  0.0, Avg:  0.0, Max:  0.0, Diff:  0.0, Sum:  0.0, Workers: 8
[16.226s][debug][gc,phases      ] GC(24)       Dirty Cards:              Min: 0, Avg:  1.2, Max: 7, Diff: 7, Sum: 10, Workers: 8
[16.226s][debug][gc,phases      ] GC(24)       Skipped Cards:            Min: 0, Avg:  0.0, Max: 0, Diff: 0, Sum: 0, Workers: 8
[16.226s][info ][gc,phases      ] GC(24)   Evacuate Collection Set: 0.1ms
[16.226s][debug][gc,phases      ] GC(24)     Ext Root Scanning (ms):   Min:  0.0, Avg:  0.0, Max:  0.1, Diff:  0.1, Sum:  0.2, Workers: 8
[16.226s][debug][gc,phases      ] GC(24)     Scan Heap Roots (ms):     Min:  0.0, Avg:  0.0, Max:  0.0, Diff:  0.0, Sum:  0.0, Workers: 8
[16.226s][debug][gc,phases      ] GC(24)       Scanned Cards:            Min: 0, Avg:  1.1, Max: 4, Diff: 4, Sum: 9, Workers: 8
[16.226s][debug][gc,phases      ] GC(24)       Scanned Blocks:           Min: 0, Avg:  1.0, Max: 3, Diff: 3, Sum: 8, Workers: 8
[16.226s][debug][gc,phases      ] GC(24)       Claimed Chunks:           Min: 0, Avg:  0.6, Max: 2, Diff: 2, Sum: 5, Workers: 8
[16.226s][debug][gc,phases      ] GC(24)     Code Root Scan (ms):      Min:  0.0, Avg:  0.0, Max:  0.0, Diff:  0.0, Sum:  0.0, Workers: 8
[16.226s][debug][gc,phases      ] GC(24)     Object Copy (ms):         Min:  0.0, Avg:  0.0, Max:  0.0, Diff:  0.0, Sum:  0.0, Workers: 8
[16.226s][debug][gc,phases      ] GC(24)     Termination (ms):         Min:  0.1, Avg:  0.1, Max:  0.1, Diff:  0.0, Sum:  0.5, Workers: 8
[16.226s][debug][gc,phases      ] GC(24)       Termination Attempts:     Min: 1, Avg:  1.0, Max: 1, Diff: 0, Sum: 8, Workers: 8
[16.226s][debug][gc,phases      ] GC(24)     GC Worker Other (ms):     Min:  0.0, Avg:  0.0, Max:  0.0, Diff:  0.0, Sum:  0.1, Workers: 8
[16.226s][debug][gc,phases      ] GC(24)     GC Worker Total (ms):     Min:  0.1, Avg:  0.1, Max:  0.1, Diff:  0.0, Sum:  0.9, Workers: 8
[16.226s][info ][gc,phases      ] GC(24)   Post Evacuate Collection Set: 0.3ms
[16.226s][debug][gc,phases      ] GC(24)     Code Roots Fixup: 0.0ms
[16.226s][debug][gc,phases      ] GC(24)     Clear Card Table: 0.1ms
[16.226s][debug][gc,phases      ] GC(24)     Reference Processing: 0.0ms
[16.226s][debug][gc,phases,ref  ] GC(24)       Reconsider SoftReferences: 0.0ms
[16.226s][debug][gc,phases,ref  ] GC(24)         SoftRef (ms):             skipped
[16.226s][debug][gc,phases,ref  ] GC(24)       Notify Soft/WeakReferences: 0.0ms
[16.226s][debug][gc,phases,ref  ] GC(24)         SoftRef (ms):             Min:  0.0, Avg:  0.0, Max:  0.0, Diff:  0.0, Sum:  0.0, Workers: 1
[16.226s][debug][gc,phases,ref  ] GC(24)         WeakRef (ms):             Min:  0.0, Avg:  0.0, Max:  0.0, Diff:  0.0, Sum:  0.0, Workers: 1
[16.226s][debug][gc,phases,ref  ] GC(24)         FinalRef (ms):            Min:  0.0, Avg:  0.0, Max:  0.0, Diff:  0.0, Sum:  0.0, Workers: 1
[16.226s][debug][gc,phases,ref  ] GC(24)         Total (ms):               Min:  0.0, Avg:  0.0, Max:  0.0, Diff:  0.0, Sum:  0.0, Workers: 1
[16.226s][debug][gc,phases,ref  ] GC(24)       Notify and keep alive finalizable: 0.0ms
[16.226s][debug][gc,phases,ref  ] GC(24)         FinalRef (ms):            skipped
[16.226s][debug][gc,phases,ref  ] GC(24)       Notify PhantomReferences: 0.0ms
[16.226s][debug][gc,phases,ref  ] GC(24)         PhantomRef (ms):          skipped
[16.226s][debug][gc,phases,ref  ] GC(24)       SoftReference:
[16.226s][debug][gc,phases,ref  ] GC(24)         Discovered: 0
[16.226s][debug][gc,phases,ref  ] GC(24)         Cleared: 0
[16.226s][debug][gc,phases,ref  ] GC(24)       WeakReference:
[16.226s][debug][gc,phases,ref  ] GC(24)         Discovered: 1
[16.226s][debug][gc,phases,ref  ] GC(24)         Cleared: 0
[16.226s][debug][gc,phases,ref  ] GC(24)       FinalReference:
[16.226s][debug][gc,phases,ref  ] GC(24)         Discovered: 0
[16.226s][debug][gc,phases,ref  ] GC(24)         Cleared: 0
[16.226s][debug][gc,phases,ref  ] GC(24)       PhantomReference:
[16.226s][debug][gc,phases,ref  ] GC(24)         Discovered: 0
[16.226s][debug][gc,phases,ref  ] GC(24)         Cleared: 0
[16.226s][debug][gc,phases      ] GC(24)     Weak Processing: 0.0ms
[16.226s][debug][gc,phases      ] GC(24)       JVMTI weak processing: 0.0ms
[16.226s][debug][gc,phases      ] GC(24)         Dead: 0
[16.226s][debug][gc,phases      ] GC(24)         Total: 0
[16.226s][debug][gc,phases      ] GC(24)       JFR weak processing: 0.0ms
[16.226s][debug][gc,phases      ] GC(24)         Dead: 0
[16.226s][debug][gc,phases      ] GC(24)         Total: 0
[16.226s][debug][gc,phases      ] GC(24)       JNI weak                  Min:  0.0, Avg:  0.0, Max:  0.0, Diff:  0.0, Sum:  0.0, Workers: 5
[16.226s][debug][gc,phases      ] GC(24)         Dead                      Min: 0, Avg:  0.0, Max: 0, Diff: 0, Sum: 0, Workers: 5
[16.226s][debug][gc,phases      ] GC(24)         Total                     Min: 0, Avg: 13.0, Max: 61, Diff: 61, Sum: 65, Workers: 5
[16.226s][debug][gc,phases      ] GC(24)       VM weak                   Min:  0.0, Avg:  0.0, Max:  0.0, Diff:  0.0, Sum:  0.0, Workers: 5
[16.226s][debug][gc,phases      ] GC(24)         Dead                      Min: 0, Avg:  0.0, Max: 0, Diff: 0, Sum: 0, Workers: 5
[16.226s][debug][gc,phases      ] GC(24)         Total                     Min: 0, Avg: 45.0, Max: 97, Diff: 97, Sum: 225, Workers: 5
[16.226s][debug][gc,phases      ] GC(24)       StringTable weak          Min:  0.0, Avg:  0.0, Max:  0.0, Diff:  0.0, Sum:  0.1, Workers: 5
[16.226s][debug][gc,phases      ] GC(24)         Dead                      Min: 0, Avg:  0.0, Max: 0, Diff: 0, Sum: 0, Workers: 5
[16.226s][debug][gc,phases      ] GC(24)         Total                     Min: 0, Avg: 729.8, Max: 1344, Diff: 1344, Sum: 3649, Workers: 5
[16.226s][debug][gc,phases      ] GC(24)       ResolvedMethodTable weak  Min:  0.0, Avg:  0.0, Max:  0.0, Diff:  0.0, Sum:  0.0, Workers: 5
[16.226s][debug][gc,phases      ] GC(24)         Dead                      Min: 0, Avg:  0.0, Max: 0, Diff: 0, Sum: 0, Workers: 5
[16.226s][debug][gc,phases      ] GC(24)         Total                     Min: 0, Avg: 118.0, Max: 206, Diff: 206, Sum: 590, Workers: 5
[16.226s][debug][gc,phases      ] GC(24)     Merge Per-Thread State: 0.0ms
[16.226s][debug][gc,phases      ] GC(24)       Copied Bytes              Min: 0, Avg: 104.0, Max: 304, Diff: 304, Sum: 832, Workers: 8
[16.226s][debug][gc,phases      ] GC(24)       LAB Waste                 Min: 0, Avg:  0.0, Max: 0, Diff: 0, Sum: 0, Workers: 8
[16.226s][debug][gc,phases      ] GC(24)       LAB Undo Waste            Min: 0, Avg:  0.0, Max: 0, Diff: 0, Sum: 0, Workers: 8
[16.226s][debug][gc,phases      ] GC(24)     Code Roots Purge: 0.0ms
[16.226s][debug][gc,phases      ] GC(24)     Redirty Cards: 0.0ms
[16.226s][debug][gc,phases      ] GC(24)     DerivedPointerTable Update: 0.0ms
[16.226s][debug][gc,phases      ] GC(24)     Free Collection Set: 0.1ms
[16.226s][debug][gc,phases      ] GC(24)     Rebuild Free List: 0.1ms
[16.226s][debug][gc,phases      ] GC(24)     Humongous Reclaim: 0.0ms
[16.226s][debug][gc,phases      ] GC(24)     Start New Collection Set: 0.0ms
[16.226s][debug][gc,phases      ] GC(24)     Resize TLABs: 0.0ms
[16.226s][debug][gc,phases      ] GC(24)     Expand Heap After Collection: 0.0ms
[16.226s][info ][gc,phases      ] GC(24)   Other: 0.3ms
[16.226s][info ][gc,heap        ] GC(24) Eden regions: 144->0(144)
[16.226s][info ][gc,heap        ] GC(24) Survivor regions: 1->1(19)
[16.226s][info ][gc,heap        ] GC(24) Old regions: 7->7
[16.226s][info ][gc,heap        ] GC(24) Archive regions: 2->2
[16.226s][info ][gc,heap        ] GC(24) Humongous regions: 0->0
[16.226s][info ][gc,metaspace   ] GC(24) Metaspace: 10547K(11136K)->10547K(11136K) NonClass: 9335K(9728K)->9335K(9728K) Class: 1212K(1408K)->1212K(1408K)
[16.226s][debug][gc,heap        ] GC(24) Heap after GC invocations=25 (full 1): garbage-first heap   total 248832K, used 4390K [0x0000000700000000, 0x0000000800000000)
[16.226s][debug][gc,heap        ] GC(24)   region size 1024K, 1 young (1024K), 1 survivors (1024K)
[16.226s][debug][gc,heap        ] GC(24)  Metaspace       used 10547K, capacity 10850K, committed 11136K, reserved 1058816K
[16.226s][debug][gc,heap        ] GC(24)   class space    used 1212K, capacity 1344K, committed 1408K, reserved 1048576K
[16.226s][info ][gc             ] GC(24) Pause Young (Normal) (G1 Evacuation Pause) 148M->4M(243M) 1.391ms
[16.226s][info ][gc,cpu         ] GC(24) User=0.00s Sys=0.00s Real=0.00s
[16.226s][info ][safepoint      ] Safepoint "G1CollectForAllocation", Time since last: 98577733 ns, Reaching safepoint: 285282 ns, At safepoint: 1564217 ns, Total: 1849499 ns
[16.329s][debug][gc,heap        ] GC(25) Heap before GC invocations=25 (full 1): garbage-first heap   total 248832K, used 151846K [0x0000000700000000, 0x0000000800000000)
[16.329s][debug][gc,heap        ] GC(25)   region size 1024K, 145 young (148480K), 1 survivors (1024K)
[16.329s][debug][gc,heap        ] GC(25)  Metaspace       used 10547K, capacity 10850K, committed 11136K, reserved 1058816K
[16.329s][debug][gc,heap        ] GC(25)   class space    used 1212K, capacity 1344K, committed 1408K, reserved 1048576K
[16.330s][info ][gc,start       ] GC(25) Pause Young (Normal) (G1 Evacuation Pause)
[16.330s][info ][gc,task        ] GC(25) Using 8 workers of 8 for evacuation
[16.330s][debug][gc,tlab        ] GC(25) TLAB totals: thrds: 8  refills: 617 max: 96 slow allocs: 0 max 0 waste:  1.1% gc: 1264288B max: 298976B slow: 355440B max: 55008B fast: 0B max: 0B
[16.330s][debug][gc,age         ] GC(25) Desired survivor size 9961472 bytes, new threshold 15 (max threshold 15)
[16.330s][debug][gc,alloc,region] GC(25) Mutator Allocation stats, regions: 144, wasted size: 0B ( 0.0%)
[16.330s][debug][gc,ergo        ] GC(25) Running G1 Merge Heap Roots using 8 workers for 145 regions
[16.330s][debug][gc,remset      ] GC(25) Visited cards 1024 Total dirty 6144 (16.67%) Total old 612352 (0.17%)
[16.330s][debug][gc,ergo        ] GC(25) Running G1 Clear Card Table Task using 1 workers for 1 units of work for 148 regions.
[16.330s][debug][gc,ref         ] GC(25) Skipped phase1 of Reference Processing due to unavailable references
[16.330s][debug][gc,ref         ] GC(25) Skipped phase2 of Reference Processing due to unavailable references
[16.330s][debug][gc,ref         ] GC(25) Skipped phase3 of Reference Processing due to unavailable references
[16.330s][debug][gc,ref         ] GC(25) Skipped phase4 of Reference Processing due to unavailable references
[16.330s][debug][gc,ergo        ] GC(25) Running G1 Free Collection Set using 8 workers for collection set length 145 (243)
[16.330s][debug][gc,ergo        ] GC(25) Running G1 Rebuild Free List Task using 8 workers for rebuilding free list of 0 (4096) regions
[16.330s][trace][gc,age         ] GC(25) Age table with threshold 15 (max threshold 15)
[16.330s][trace][gc,age         ] GC(25) - age   1:        424 bytes,        424 total
[16.330s][trace][gc,age         ] GC(25) - age   2:         96 bytes,        520 total
[16.330s][trace][gc,age         ] GC(25) - age   7:        128 bytes,        648 total
[16.330s][debug][gc,plab        ] GC(25) Young PLAB allocation: allocated: 14448B, wasted: 0B, unused: 13800B, used: 648B, undo waste: 0B, 
[16.330s][debug][gc,plab        ] GC(25) Young other allocation: region end waste: 0B, regions filled: 1, direct allocated: 0B, failure used: 0B, failure wasted: 0B
[16.330s][debug][gc,plab        ] GC(25) Young sizing: calculated: 128B, actual: 2064B
[16.330s][debug][gc,plab        ] GC(25) Old PLAB allocation: allocated: 0B, wasted: 0B, unused: 0B, used: 0B, undo waste: 0B, 
[16.330s][debug][gc,plab        ] GC(25) Old other allocation: region end waste: 0B, regions filled: 1, direct allocated: 0B, failure used: 0B, failure wasted: 0B
[16.330s][debug][gc,plab        ] GC(25) Old sizing: calculated: 0B, actual: 2064B
[16.330s][debug][gc,ihop        ] GC(25) Basic information (value update), threshold: 114661785B (45.00), target occupancy: 254803968B, current occupancy: 4494040B, recent allocation size: 0B, recent allocation duration: 104.13ms, recent old gen allocation rate: 0.00B/s, recent marking phase length: 0.00ms
[16.330s][debug][gc,ihop        ] GC(25) Adaptive IHOP information (value update), threshold: 114661785B (47.37), internal target occupancy: 242063769B, occupancy: 4494040B, additional buffer size: 152043520B, predicted old gen allocation rate: 51631.00B/s, predicted marking phase length: 0.00ms, prediction active: false
[16.330s][debug][gc,ergo,refine ] GC(25) Concurrent refinement times: Logged Cards Scan time goal: 20.00ms Logged Cards Scan time: 0.00ms HCC time: 0.00ms
[16.330s][debug][gc,ergo,refine ] GC(25) Updated Refinement Zones: green: 2048, yellow: 6144, red: 10240
[16.330s][info ][gc,phases      ] GC(25)   Pre Evacuate Collection Set: 0.1ms
[16.330s][debug][gc,phases      ] GC(25)     Prepare TLABs: 0.0ms
[16.330s][debug][gc,phases      ] GC(25)     Choose Collection Set: 0.0ms
[16.330s][debug][gc,phases      ] GC(25)     Region Register: 0.1ms
[16.330s][debug][gc,phases      ] GC(25)     Prepare Heap Roots: 0.0ms
[16.330s][info ][gc,phases      ] GC(25)   Merge Heap Roots: 0.1ms
[16.330s][debug][gc,phases      ] GC(25)     Prepare Merge Heap Roots: 0.0ms
[16.330s][debug][gc,phases      ] GC(25)     Eager Reclaim (ms):       skipped
[16.330s][debug][gc,phases      ] GC(25)     Remembered Sets (ms):     Min:  0.0, Avg:  0.0, Max:  0.0, Diff:  0.0, Sum:  0.0, Workers: 8
[16.330s][debug][gc,phases      ] GC(25)       Merged Sparse:            Min: 0, Avg:  0.0, Max: 0, Diff: 0, Sum: 0, Workers: 8
[16.330s][debug][gc,phases      ] GC(25)       Merged Fine:              Min: 0, Avg:  0.0, Max: 0, Diff: 0, Sum: 0, Workers: 8
[16.330s][debug][gc,phases      ] GC(25)       Merged Coarse:            Min: 0, Avg:  0.0, Max: 0, Diff: 0, Sum: 0, Workers: 8
[16.330s][debug][gc,phases      ] GC(25)       Dirty Cards:              Min: 0, Avg:  0.0, Max: 0, Diff: 0, Sum: 0, Workers: 8
[16.330s][debug][gc,phases      ] GC(25)     Hot Card Cache (ms):      Min:  0.0, Avg:  0.0, Max:  0.0, Diff:  0.0, Sum:  0.0, Workers: 8
[16.330s][debug][gc,phases      ] GC(25)       Dirty Cards:              Min: 0, Avg:  0.0, Max: 0, Diff: 0, Sum: 0, Workers: 8
[16.330s][debug][gc,phases      ] GC(25)       Skipped Cards:            Min: 0, Avg:  0.0, Max: 0, Diff: 0, Sum: 0, Workers: 8
[16.330s][debug][gc,phases      ] GC(25)     Log Buffers (ms):         Min:  0.0, Avg:  0.0, Max:  0.0, Diff:  0.0, Sum:  0.0, Workers: 8
[16.330s][debug][gc,phases      ] GC(25)       Dirty Cards:              Min: 0, Avg:  1.1, Max: 6, Diff: 6, Sum: 9, Workers: 8
[16.330s][debug][gc,phases      ] GC(25)       Skipped Cards:            Min: 0, Avg:  0.0, Max: 0, Diff: 0, Sum: 0, Workers: 8
[16.330s][info ][gc,phases      ] GC(25)   Evacuate Collection Set: 0.1ms
[16.330s][debug][gc,phases      ] GC(25)     Ext Root Scanning (ms):   Min:  0.0, Avg:  0.0, Max:  0.1, Diff:  0.0, Sum:  0.2, Workers: 8
[16.330s][debug][gc,phases      ] GC(25)     Scan Heap Roots (ms):     Min:  0.0, Avg:  0.0, Max:  0.0, Diff:  0.0, Sum:  0.0, Workers: 8
[16.330s][debug][gc,phases      ] GC(25)       Scanned Cards:            Min: 0, Avg:  0.6, Max: 2, Diff: 2, Sum: 5, Workers: 8
[16.330s][debug][gc,phases      ] GC(25)       Scanned Blocks:           Min: 0, Avg:  0.6, Max: 2, Diff: 2, Sum: 5, Workers: 8
[16.330s][debug][gc,phases      ] GC(25)       Claimed Chunks:           Min: 0, Avg:  0.5, Max: 1, Diff: 1, Sum: 4, Workers: 8
[16.330s][debug][gc,phases      ] GC(25)     Code Root Scan (ms):      Min:  0.0, Avg:  0.0, Max:  0.0, Diff:  0.0, Sum:  0.0, Workers: 8
[16.331s][debug][gc,phases      ] GC(25)     Object Copy (ms):         Min:  0.0, Avg:  0.0, Max:  0.0, Diff:  0.0, Sum:  0.0, Workers: 8
[16.331s][debug][gc,phases      ] GC(25)     Termination (ms):         Min:  0.0, Avg:  0.0, Max:  0.1, Diff:  0.0, Sum:  0.4, Workers: 8
[16.331s][debug][gc,phases      ] GC(25)       Termination Attempts:     Min: 1, Avg:  1.0, Max: 1, Diff: 0, Sum: 8, Workers: 8
[16.331s][debug][gc,phases      ] GC(25)     GC Worker Other (ms):     Min:  0.0, Avg:  0.0, Max:  0.0, Diff:  0.0, Sum:  0.1, Workers: 8
[16.331s][debug][gc,phases      ] GC(25)     GC Worker Total (ms):     Min:  0.1, Avg:  0.1, Max:  0.1, Diff:  0.1, Sum:  0.8, Workers: 8
[16.331s][info ][gc,phases      ] GC(25)   Post Evacuate Collection Set: 0.3ms
[16.331s][debug][gc,phases      ] GC(25)     Code Roots Fixup: 0.0ms
[16.331s][debug][gc,phases      ] GC(25)     Clear Card Table: 0.1ms
[16.331s][debug][gc,phases      ] GC(25)     Reference Processing: 0.0ms
[16.331s][debug][gc,phases,ref  ] GC(25)       Reconsider SoftReferences: 0.0ms
[16.331s][debug][gc,phases,ref  ] GC(25)         SoftRef (ms):             skipped
[16.331s][debug][gc,phases,ref  ] GC(25)       Notify Soft/WeakReferences: 0.0ms
[16.331s][debug][gc,phases,ref  ] GC(25)         SoftRef (ms):             skipped
[16.331s][debug][gc,phases,ref  ] GC(25)         WeakRef (ms):             skipped
[16.331s][debug][gc,phases,ref  ] GC(25)         FinalRef (ms):            skipped
[16.331s][debug][gc,phases,ref  ] GC(25)         Total (ms):               skipped
[16.331s][debug][gc,phases,ref  ] GC(25)       Notify and keep alive finalizable: 0.0ms
[16.331s][debug][gc,phases,ref  ] GC(25)         FinalRef (ms):            skipped
[16.331s][debug][gc,phases,ref  ] GC(25)       Notify PhantomReferences: 0.0ms
[16.331s][debug][gc,phases,ref  ] GC(25)         PhantomRef (ms):          skipped
[16.331s][debug][gc,phases,ref  ] GC(25)       SoftReference:
[16.331s][debug][gc,phases,ref  ] GC(25)         Discovered: 0
[16.331s][debug][gc,phases,ref  ] GC(25)         Cleared: 0
[16.331s][debug][gc,phases,ref  ] GC(25)       WeakReference:
[16.331s][debug][gc,phases,ref  ] GC(25)         Discovered: 0
[16.331s][debug][gc,phases,ref  ] GC(25)         Cleared: 0
[16.331s][debug][gc,phases,ref  ] GC(25)       FinalReference:
[16.331s][debug][gc,phases,ref  ] GC(25)         Discovered: 0
[16.331s][debug][gc,phases,ref  ] GC(25)         Cleared: 0
[16.331s][debug][gc,phases,ref  ] GC(25)       PhantomReference:
[16.331s][debug][gc,phases,ref  ] GC(25)         Discovered: 0
[16.331s][debug][gc,phases,ref  ] GC(25)         Cleared: 0
[16.331s][debug][gc,phases      ] GC(25)     Weak Processing: 0.1ms
[16.331s][debug][gc,phases      ] GC(25)       JVMTI weak processing: 0.0ms
[16.331s][debug][gc,phases      ] GC(25)         Dead: 0
[16.331s][debug][gc,phases      ] GC(25)         Total: 0
[16.331s][debug][gc,phases      ] GC(25)       JFR weak processing: 0.0ms
[16.331s][debug][gc,phases      ] GC(25)         Dead: 0
[16.331s][debug][gc,phases      ] GC(25)         Total: 0
[16.331s][debug][gc,phases      ] GC(25)       JNI weak                  Min:  0.0, Avg:  0.0, Max:  0.0, Diff:  0.0, Sum:  0.1, Workers: 5
[16.331s][debug][gc,phases      ] GC(25)         Dead                      Min: 0, Avg:  0.0, Max: 0, Diff: 0, Sum: 0, Workers: 5
[16.331s][debug][gc,phases      ] GC(25)         Total                     Min: 0, Avg: 13.0, Max: 61, Diff: 61, Sum: 65, Workers: 5
[16.331s][debug][gc,phases      ] GC(25)       VM weak                   Min:  0.0, Avg:  0.0, Max:  0.0, Diff:  0.0, Sum:  0.0, Workers: 5
[16.331s][debug][gc,phases      ] GC(25)         Dead                      Min: 0, Avg:  0.0, Max: 0, Diff: 0, Sum: 0, Workers: 5
[16.331s][debug][gc,phases      ] GC(25)         Total                     Min: 0, Avg: 45.0, Max: 128, Diff: 128, Sum: 225, Workers: 5
[16.331s][debug][gc,phases      ] GC(25)       StringTable weak          Min:  0.0, Avg:  0.0, Max:  0.0, Diff:  0.0, Sum:  0.1, Workers: 5
[16.331s][debug][gc,phases      ] GC(25)         Dead                      Min: 0, Avg:  0.0, Max: 0, Diff: 0, Sum: 0, Workers: 5
[16.331s][debug][gc,phases      ] GC(25)         Total                     Min: 0, Avg: 729.8, Max: 1217, Diff: 1217, Sum: 3649, Workers: 5
[16.331s][debug][gc,phases      ] GC(25)       ResolvedMethodTable weak  Min:  0.0, Avg:  0.0, Max:  0.0, Diff:  0.0, Sum:  0.1, Workers: 5
[16.331s][debug][gc,phases      ] GC(25)         Dead                      Min: 0, Avg:  0.0, Max: 0, Diff: 0, Sum: 0, Workers: 5
[16.331s][debug][gc,phases      ] GC(25)         Total                     Min: 0, Avg: 118.0, Max: 192, Diff: 192, Sum: 590, Workers: 5
[16.331s][debug][gc,phases      ] GC(25)     Merge Per-Thread State: 0.0ms
[16.331s][debug][gc,phases      ] GC(25)       Copied Bytes              Min: 0, Avg: 81.0, Max: 160, Diff: 160, Sum: 648, Workers: 8
[16.331s][debug][gc,phases      ] GC(25)       LAB Waste                 Min: 0, Avg:  0.0, Max: 0, Diff: 0, Sum: 0, Workers: 8
[16.331s][debug][gc,phases      ] GC(25)       LAB Undo Waste            Min: 0, Avg:  0.0, Max: 0, Diff: 0, Sum: 0, Workers: 8
[16.331s][debug][gc,phases      ] GC(25)     Code Roots Purge: 0.0ms
[16.331s][debug][gc,phases      ] GC(25)     Redirty Cards: 0.0ms
[16.331s][debug][gc,phases      ] GC(25)     DerivedPointerTable Update: 0.0ms
[16.331s][debug][gc,phases      ] GC(25)     Free Collection Set: 0.1ms
[16.331s][debug][gc,phases      ] GC(25)     Rebuild Free List: 0.0ms
[16.331s][debug][gc,phases      ] GC(25)     Humongous Reclaim: 0.0ms
[16.331s][debug][gc,phases      ] GC(25)     Start New Collection Set: 0.0ms
[16.331s][debug][gc,phases      ] GC(25)     Resize TLABs: 0.0ms
[16.331s][debug][gc,phases      ] GC(25)     Expand Heap After Collection: 0.0ms
[16.331s][info ][gc,phases      ] GC(25)   Other: 0.3ms
[16.331s][info ][gc,heap        ] GC(25) Eden regions: 144->0(144)
[16.331s][info ][gc,heap        ] GC(25) Survivor regions: 1->1(19)
[16.331s][info ][gc,heap        ] GC(25) Old regions: 7->7
[16.331s][info ][gc,heap        ] GC(25) Archive regions: 2->2
[16.331s][info ][gc,heap        ] GC(25) Humongous regions: 0->0
[16.331s][info ][gc,metaspace   ] GC(25) Metaspace: 10547K(11136K)->10547K(11136K) NonClass: 9335K(9728K)->9335K(9728K) Class: 1212K(1408K)->1212K(1408K)
[16.331s][debug][gc,heap        ] GC(25) Heap after GC invocations=26 (full 1): garbage-first heap   total 248832K, used 4388K [0x0000000700000000, 0x0000000800000000)
[16.331s][debug][gc,heap        ] GC(25)   region size 1024K, 1 young (1024K), 1 survivors (1024K)
[16.331s][debug][gc,heap        ] GC(25)  Metaspace       used 10547K, capacity 10850K, committed 11136K, reserved 1058816K
[16.331s][debug][gc,heap        ] GC(25)   class space    used 1212K, capacity 1344K, committed 1408K, reserved 1048576K
[16.331s][info ][gc             ] GC(25) Pause Young (Normal) (G1 Evacuation Pause) 148M->4M(243M) 1.395ms
[16.331s][info ][gc,cpu         ] GC(25) User=0.00s Sys=0.00s Real=0.00s
[16.331s][info ][safepoint      ] Safepoint "G1CollectForAllocation", Time since last: 103162750 ns, Reaching safepoint: 178711 ns, At safepoint: 1570991 ns, Total: 1749702 ns
[16.455s][debug][gc,heap        ] GC(26) Heap before GC invocations=26 (full 1): garbage-first heap   total 248832K, used 151844K [0x0000000700000000, 0x0000000800000000)
[16.455s][debug][gc,heap        ] GC(26)   region size 1024K, 145 young (148480K), 1 survivors (1024K)
[16.455s][debug][gc,heap        ] GC(26)  Metaspace       used 10547K, capacity 10850K, committed 11136K, reserved 1058816K
[16.455s][debug][gc,heap        ] GC(26)   class space    used 1212K, capacity 1344K, committed 1408K, reserved 1048576K
[16.455s][info ][gc,start       ] GC(26) Pause Young (Normal) (G1 Evacuation Pause)
[16.455s][info ][gc,task        ] GC(26) Using 8 workers of 8 for evacuation
[16.455s][debug][gc,tlab        ] GC(26) TLAB totals: thrds: 8  refills: 624 max: 88 slow allocs: 0 max 0 waste:  1.0% gc: 1083312B max: 392752B slow: 359992B max: 51176B fast: 0B max: 0B
[16.455s][debug][gc,age         ] GC(26) Desired survivor size 9961472 bytes, new threshold 15 (max threshold 15)
[16.455s][debug][gc,alloc,region] GC(26) Mutator Allocation stats, regions: 144, wasted size: 8344B ( 0.0%)
[16.455s][debug][gc,ergo        ] GC(26) Running G1 Merge Heap Roots using 8 workers for 145 regions
[16.456s][debug][gc,remset      ] GC(26) Visited cards 1024 Total dirty 6144 (16.67%) Total old 612352 (0.17%)
[16.456s][debug][gc,ergo        ] GC(26) Running G1 Clear Card Table Task using 1 workers for 1 units of work for 148 regions.
[16.456s][debug][gc,ref         ] GC(26) Skipped phase1 of Reference Processing due to unavailable references
[16.456s][debug][gc,ref         ] GC(26) Skipped phase2 of Reference Processing due to unavailable references
[16.456s][debug][gc,ref         ] GC(26) Skipped phase3 of Reference Processing due to unavailable references
[16.456s][debug][gc,ref         ] GC(26) Skipped phase4 of Reference Processing due to unavailable references
[16.456s][debug][gc,ergo        ] GC(26) Running G1 Free Collection Set using 8 workers for collection set length 145 (243)
[16.456s][debug][gc,ergo        ] GC(26) Running G1 Rebuild Free List Task using 8 workers for rebuilding free list of 0 (4096) regions
[16.456s][trace][gc,age         ] GC(26) Age table with threshold 15 (max threshold 15)
[16.456s][trace][gc,age         ] GC(26) - age   1:        400 bytes,        400 total
[16.456s][trace][gc,age         ] GC(26) - age   3:         96 bytes,        496 total
[16.456s][trace][gc,age         ] GC(26) - age   8:        128 bytes,        624 total
[16.456s][debug][gc,plab        ] GC(26) Young PLAB allocation: allocated: 16512B, wasted: 0B, unused: 15888B, used: 624B, undo waste: 0B, 
[16.456s][debug][gc,plab        ] GC(26) Young other allocation: region end waste: 0B, regions filled: 1, direct allocated: 0B, failure used: 0B, failure wasted: 0B
[16.456s][debug][gc,plab        ] GC(26) Young sizing: calculated: 120B, actual: 2064B
[16.456s][debug][gc,plab        ] GC(26) Old PLAB allocation: allocated: 0B, wasted: 0B, unused: 0B, used: 0B, undo waste: 0B, 
[16.456s][debug][gc,plab        ] GC(26) Old other allocation: region end waste: 0B, regions filled: 1, direct allocated: 0B, failure used: 0B, failure wasted: 0B
[16.456s][debug][gc,plab        ] GC(26) Old sizing: calculated: 0B, actual: 2064B
[16.456s][debug][gc,ihop        ] GC(26) Basic information (value update), threshold: 114661785B (45.00), target occupancy: 254803968B, current occupancy: 4496104B, recent allocation size: 0B, recent allocation duration: 125.03ms, recent old gen allocation rate: 0.00B/s, recent marking phase length: 0.00ms
[16.456s][debug][gc,ihop        ] GC(26) Adaptive IHOP information (value update), threshold: 114661785B (47.37), internal target occupancy: 242063769B, occupancy: 4496104B, additional buffer size: 152043520B, predicted old gen allocation rate: 49940.63B/s, predicted marking phase length: 0.00ms, prediction active: false
[16.456s][debug][gc,ergo,refine ] GC(26) Concurrent refinement times: Logged Cards Scan time goal: 20.00ms Logged Cards Scan time: 0.01ms HCC time: 0.00ms
[16.456s][debug][gc,ergo,refine ] GC(26) Updated Refinement Zones: green: 2048, yellow: 6144, red: 10240
[16.456s][info ][gc,phases      ] GC(26)   Pre Evacuate Collection Set: 0.1ms
[16.456s][debug][gc,phases      ] GC(26)     Prepare TLABs: 0.0ms
[16.456s][debug][gc,phases      ] GC(26)     Choose Collection Set: 0.0ms
[16.456s][debug][gc,phases      ] GC(26)     Region Register: 0.1ms
[16.456s][debug][gc,phases      ] GC(26)     Prepare Heap Roots: 0.0ms
[16.456s][info ][gc,phases      ] GC(26)   Merge Heap Roots: 0.1ms
[16.456s][debug][gc,phases      ] GC(26)     Prepare Merge Heap Roots: 0.0ms
[16.456s][debug][gc,phases      ] GC(26)     Eager Reclaim (ms):       skipped
[16.456s][debug][gc,phases      ] GC(26)     Remembered Sets (ms):     Min:  0.0, Avg:  0.0, Max:  0.0, Diff:  0.0, Sum:  0.1, Workers: 8
[16.456s][debug][gc,phases      ] GC(26)       Merged Sparse:            Min: 0, Avg:  0.0, Max: 0, Diff: 0, Sum: 0, Workers: 8
[16.456s][debug][gc,phases      ] GC(26)       Merged Fine:              Min: 0, Avg:  0.0, Max: 0, Diff: 0, Sum: 0, Workers: 8
[16.456s][debug][gc,phases      ] GC(26)       Merged Coarse:            Min: 0, Avg:  0.0, Max: 0, Diff: 0, Sum: 0, Workers: 8
[16.456s][debug][gc,phases      ] GC(26)       Dirty Cards:              Min: 0, Avg:  0.0, Max: 0, Diff: 0, Sum: 0, Workers: 8
[16.456s][debug][gc,phases      ] GC(26)     Hot Card Cache (ms):      Min:  0.0, Avg:  0.0, Max:  0.0, Diff:  0.0, Sum:  0.0, Workers: 8
[16.456s][debug][gc,phases      ] GC(26)       Dirty Cards:              Min: 0, Avg:  0.0, Max: 0, Diff: 0, Sum: 0, Workers: 8
[16.456s][debug][gc,phases      ] GC(26)       Skipped Cards:            Min: 0, Avg:  0.0, Max: 0, Diff: 0, Sum: 0, Workers: 8
[16.456s][debug][gc,phases      ] GC(26)     Log Buffers (ms):         Min:  0.0, Avg:  0.0, Max:  0.0, Diff:  0.0, Sum:  0.0, Workers: 8
[16.456s][debug][gc,phases      ] GC(26)       Dirty Cards:              Min: 0, Avg:  1.2, Max: 3, Diff: 3, Sum: 10, Workers: 8
[16.456s][debug][gc,phases      ] GC(26)       Skipped Cards:            Min: 0, Avg:  0.0, Max: 0, Diff: 0, Sum: 0, Workers: 8
[16.456s][info ][gc,phases      ] GC(26)   Evacuate Collection Set: 0.1ms
[16.456s][debug][gc,phases      ] GC(26)     Ext Root Scanning (ms):   Min:  0.0, Avg:  0.0, Max:  0.0, Diff:  0.0, Sum:  0.2, Workers: 8
[16.456s][debug][gc,phases      ] GC(26)     Scan Heap Roots (ms):     Min:  0.0, Avg:  0.0, Max:  0.0, Diff:  0.0, Sum:  0.0, Workers: 8
[16.456s][debug][gc,phases      ] GC(26)       Scanned Cards:            Min: 0, Avg:  0.6, Max: 2, Diff: 2, Sum: 5, Workers: 8
[16.456s][debug][gc,phases      ] GC(26)       Scanned Blocks:           Min: 0, Avg:  0.6, Max: 2, Diff: 2, Sum: 5, Workers: 8
[16.456s][debug][gc,phases      ] GC(26)       Claimed Chunks:           Min: 0, Avg:  0.5, Max: 1, Diff: 1, Sum: 4, Workers: 8
[16.456s][debug][gc,phases      ] GC(26)     Code Root Scan (ms):      Min:  0.0, Avg:  0.0, Max:  0.0, Diff:  0.0, Sum:  0.0, Workers: 8
[16.456s][debug][gc,phases      ] GC(26)     Object Copy (ms):         Min:  0.0, Avg:  0.0, Max:  0.0, Diff:  0.0, Sum:  0.0, Workers: 8
[16.456s][debug][gc,phases      ] GC(26)     Termination (ms):         Min:  0.0, Avg:  0.1, Max:  0.1, Diff:  0.0, Sum:  0.4, Workers: 8
[16.456s][debug][gc,phases      ] GC(26)       Termination Attempts:     Min: 1, Avg:  1.0, Max: 1, Diff: 0, Sum: 8, Workers: 8
[16.456s][debug][gc,phases      ] GC(26)     GC Worker Other (ms):     Min:  0.0, Avg:  0.0, Max:  0.0, Diff:  0.0, Sum:  0.1, Workers: 8
[16.456s][debug][gc,phases      ] GC(26)     GC Worker Total (ms):     Min:  0.1, Avg:  0.1, Max:  0.1, Diff:  0.1, Sum:  0.8, Workers: 8
[16.456s][info ][gc,phases      ] GC(26)   Post Evacuate Collection Set: 0.4ms
[16.456s][debug][gc,phases      ] GC(26)     Code Roots Fixup: 0.0ms
[16.456s][debug][gc,phases      ] GC(26)     Clear Card Table: 0.1ms
[16.456s][debug][gc,phases      ] GC(26)     Reference Processing: 0.0ms
[16.456s][debug][gc,phases,ref  ] GC(26)       Reconsider SoftReferences: 0.0ms
[16.456s][debug][gc,phases,ref  ] GC(26)         SoftRef (ms):             skipped
[16.456s][debug][gc,phases,ref  ] GC(26)       Notify Soft/WeakReferences: 0.0ms
[16.456s][debug][gc,phases,ref  ] GC(26)         SoftRef (ms):             skipped
[16.456s][debug][gc,phases,ref  ] GC(26)         WeakRef (ms):             skipped
[16.456s][debug][gc,phases,ref  ] GC(26)         FinalRef (ms):            skipped
[16.456s][debug][gc,phases,ref  ] GC(26)         Total (ms):               skipped
[16.456s][debug][gc,phases,ref  ] GC(26)       Notify and keep alive finalizable: 0.0ms
[16.456s][debug][gc,phases,ref  ] GC(26)         FinalRef (ms):            skipped
[16.457s][debug][gc,phases,ref  ] GC(26)       Notify PhantomReferences: 0.0ms
[16.457s][debug][gc,phases,ref  ] GC(26)         PhantomRef (ms):          skipped
[16.457s][debug][gc,phases,ref  ] GC(26)       SoftReference:
[16.457s][debug][gc,phases,ref  ] GC(26)         Discovered: 0
[16.457s][debug][gc,phases,ref  ] GC(26)         Cleared: 0
[16.457s][debug][gc,phases,ref  ] GC(26)       WeakReference:
[16.457s][debug][gc,phases,ref  ] GC(26)         Discovered: 0
[16.457s][debug][gc,phases,ref  ] GC(26)         Cleared: 0
[16.457s][debug][gc,phases,ref  ] GC(26)       FinalReference:
[16.457s][debug][gc,phases,ref  ] GC(26)         Discovered: 0
[16.457s][debug][gc,phases,ref  ] GC(26)         Cleared: 0
[16.457s][debug][gc,phases,ref  ] GC(26)       PhantomReference:
[16.457s][debug][gc,phases,ref  ] GC(26)         Discovered: 0
[16.457s][debug][gc,phases,ref  ] GC(26)         Cleared: 0
[16.457s][debug][gc,phases      ] GC(26)     Weak Processing: 0.1ms
[16.457s][debug][gc,phases      ] GC(26)       JVMTI weak processing: 0.0ms
[16.457s][debug][gc,phases      ] GC(26)         Dead: 0
[16.457s][debug][gc,phases      ] GC(26)         Total: 0
[16.457s][debug][gc,phases      ] GC(26)       JFR weak processing: 0.0ms
[16.457s][debug][gc,phases      ] GC(26)         Dead: 0
[16.457s][debug][gc,phases      ] GC(26)         Total: 0
[16.457s][debug][gc,phases      ] GC(26)       JNI weak                  Min:  0.0, Avg:  0.0, Max:  0.0, Diff:  0.0, Sum:  0.0, Workers: 5
[16.457s][debug][gc,phases      ] GC(26)         Dead                      Min: 0, Avg:  0.0, Max: 0, Diff: 0, Sum: 0, Workers: 5
[16.457s][debug][gc,phases      ] GC(26)         Total                     Min: 0, Avg: 13.0, Max: 61, Diff: 61, Sum: 65, Workers: 5
[16.457s][debug][gc,phases      ] GC(26)       VM weak                   Min:  0.0, Avg:  0.0, Max:  0.0, Diff:  0.0, Sum:  0.0, Workers: 5
[16.457s][debug][gc,phases      ] GC(26)         Dead                      Min: 0, Avg:  0.0, Max: 0, Diff: 0, Sum: 0, Workers: 5
[16.457s][debug][gc,phases      ] GC(26)         Total                     Min: 0, Avg: 45.0, Max: 64, Diff: 64, Sum: 225, Workers: 5
[16.457s][debug][gc,phases      ] GC(26)       StringTable weak          Min:  0.0, Avg:  0.0, Max:  0.0, Diff:  0.0, Sum:  0.1, Workers: 5
[16.457s][debug][gc,phases      ] GC(26)         Dead                      Min: 0, Avg:  0.0, Max: 0, Diff: 0, Sum: 0, Workers: 5
[16.457s][debug][gc,phases      ] GC(26)         Total                     Min: 0, Avg: 729.8, Max: 960, Diff: 960, Sum: 3649, Workers: 5
[16.457s][debug][gc,phases      ] GC(26)       ResolvedMethodTable weak  Min:  0.0, Avg:  0.0, Max:  0.0, Diff:  0.0, Sum:  0.0, Workers: 5
[16.457s][debug][gc,phases      ] GC(26)         Dead                      Min: 0, Avg:  0.0, Max: 0, Diff: 0, Sum: 0, Workers: 5
[16.457s][debug][gc,phases      ] GC(26)         Total                     Min: 0, Avg: 118.0, Max: 192, Diff: 192, Sum: 590, Workers: 5
[16.457s][debug][gc,phases      ] GC(26)     Merge Per-Thread State: 0.0ms
[16.457s][debug][gc,phases      ] GC(26)       Copied Bytes              Min: 0, Avg: 78.0, Max: 136, Diff: 136, Sum: 624, Workers: 8
[16.457s][debug][gc,phases      ] GC(26)       LAB Waste                 Min: 0, Avg:  0.0, Max: 0, Diff: 0, Sum: 0, Workers: 8
[16.457s][debug][gc,phases      ] GC(26)       LAB Undo Waste            Min: 0, Avg:  0.0, Max: 0, Diff: 0, Sum: 0, Workers: 8
[16.457s][debug][gc,phases      ] GC(26)     Code Roots Purge: 0.0ms
[16.457s][debug][gc,phases      ] GC(26)     Redirty Cards: 0.0ms
[16.457s][debug][gc,phases      ] GC(26)     DerivedPointerTable Update: 0.0ms
[16.457s][debug][gc,phases      ] GC(26)     Free Collection Set: 0.1ms
[16.457s][debug][gc,phases      ] GC(26)     Rebuild Free List: 0.0ms
[16.457s][debug][gc,phases      ] GC(26)     Humongous Reclaim: 0.0ms
[16.457s][debug][gc,phases      ] GC(26)     Start New Collection Set: 0.0ms
[16.457s][debug][gc,phases      ] GC(26)     Resize TLABs: 0.0ms
[16.457s][debug][gc,phases      ] GC(26)     Expand Heap After Collection: 0.0ms
[16.457s][info ][gc,phases      ] GC(26)   Other: 0.3ms
[16.457s][info ][gc,heap        ] GC(26) Eden regions: 144->0(144)
[16.457s][info ][gc,heap        ] GC(26) Survivor regions: 1->1(19)
[16.457s][info ][gc,heap        ] GC(26) Old regions: 7->7
[16.457s][info ][gc,heap        ] GC(26) Archive regions: 2->2
[16.457s][info ][gc,heap        ] GC(26) Humongous regions: 0->0
[16.457s][info ][gc,metaspace   ] GC(26) Metaspace: 10547K(11136K)->10547K(11136K) NonClass: 9335K(9728K)->9335K(9728K) Class: 1212K(1408K)->1212K(1408K)
[16.457s][debug][gc,heap        ] GC(26) Heap after GC invocations=27 (full 1): garbage-first heap   total 248832K, used 4390K [0x0000000700000000, 0x0000000800000000)
[16.457s][debug][gc,heap        ] GC(26)   region size 1024K, 1 young (1024K), 1 survivors (1024K)
[16.457s][debug][gc,heap        ] GC(26)  Metaspace       used 10547K, capacity 10850K, committed 11136K, reserved 1058816K
[16.457s][debug][gc,heap        ] GC(26)   class space    used 1212K, capacity 1344K, committed 1408K, reserved 1048576K
[16.457s][info ][gc             ] GC(26) Pause Young (Normal) (G1 Evacuation Pause) 148M->4M(243M) 1.514ms
[16.457s][info ][gc,cpu         ] GC(26) User=0.00s Sys=0.00s Real=0.00s
[16.457s][info ][safepoint      ] Safepoint "G1CollectForAllocation", Time since last: 124061277 ns, Reaching safepoint: 160869 ns, At safepoint: 1703812 ns, Total: 1864681 ns
[16.568s][debug][gc,heap        ] GC(27) Heap before GC invocations=27 (full 1): garbage-first heap   total 248832K, used 151846K [0x0000000700000000, 0x0000000800000000)
[16.568s][debug][gc,heap        ] GC(27)   region size 1024K, 145 young (148480K), 1 survivors (1024K)
[16.568s][debug][gc,heap        ] GC(27)  Metaspace       used 10547K, capacity 10850K, committed 11136K, reserved 1058816K
[16.568s][debug][gc,heap        ] GC(27)   class space    used 1212K, capacity 1344K, committed 1408K, reserved 1048576K
[16.568s][info ][gc,start       ] GC(27) Pause Young (Normal) (G1 Evacuation Pause)
[16.568s][info ][gc,task        ] GC(27) Using 8 workers of 8 for evacuation
[16.568s][debug][gc,tlab        ] GC(27) TLAB totals: thrds: 8  refills: 589 max: 88 slow allocs: 0 max 0 waste:  1.0% gc: 1126696B max: 285568B slow: 339168B max: 50608B fast: 0B max: 0B
[16.568s][debug][gc,age         ] GC(27) Desired survivor size 9961472 bytes, new threshold 15 (max threshold 15)
[16.568s][debug][gc,alloc,region] GC(27) Mutator Allocation stats, regions: 144, wasted size: 4456B ( 0.0%)
[16.568s][debug][gc,ergo        ] GC(27) Running G1 Merge Heap Roots using 8 workers for 145 regions
[16.568s][debug][gc,remset      ] GC(27) Visited cards 1024 Total dirty 6144 (16.67%) Total old 612352 (0.17%)
[16.568s][debug][gc,ergo        ] GC(27) Running G1 Clear Card Table Task using 1 workers for 1 units of work for 148 regions.
[16.568s][debug][gc,ref         ] GC(27) Skipped phase1 of Reference Processing due to unavailable references
[16.568s][debug][gc,ref         ] GC(27) Skipped phase2 of Reference Processing due to unavailable references
[16.568s][debug][gc,ref         ] GC(27) Skipped phase3 of Reference Processing due to unavailable references
[16.568s][debug][gc,ref         ] GC(27) Skipped phase4 of Reference Processing due to unavailable references
[16.568s][debug][gc,ergo        ] GC(27) Running G1 Free Collection Set using 8 workers for collection set length 145 (243)
[16.568s][debug][gc,ergo        ] GC(27) Running G1 Rebuild Free List Task using 8 workers for rebuilding free list of 0 (4096) regions
[16.568s][trace][gc,age         ] GC(27) Age table with threshold 15 (max threshold 15)
[16.568s][trace][gc,age         ] GC(27) - age   1:        448 bytes,        448 total
[16.568s][trace][gc,age         ] GC(27) - age   4:         96 bytes,        544 total
[16.568s][trace][gc,age         ] GC(27) - age   9:        128 bytes,        672 total
[16.569s][debug][gc,plab        ] GC(27) Young PLAB allocation: allocated: 16512B, wasted: 0B, unused: 15840B, used: 672B, undo waste: 0B, 
[16.569s][debug][gc,plab        ] GC(27) Young other allocation: region end waste: 0B, regions filled: 1, direct allocated: 0B, failure used: 0B, failure wasted: 0B
[16.569s][debug][gc,plab        ] GC(27) Young sizing: calculated: 128B, actual: 2064B
[16.569s][debug][gc,plab        ] GC(27) Old PLAB allocation: allocated: 0B, wasted: 0B, unused: 0B, used: 0B, undo waste: 0B, 
[16.569s][debug][gc,plab        ] GC(27) Old other allocation: region end waste: 0B, regions filled: 1, direct allocated: 0B, failure used: 0B, failure wasted: 0B
[16.569s][debug][gc,plab        ] GC(27) Old sizing: calculated: 0B, actual: 2064B
[16.569s][debug][gc,ihop        ] GC(27) Basic information (value update), threshold: 114661785B (45.00), target occupancy: 254803968B, current occupancy: 4496104B, recent allocation size: 0B, recent allocation duration: 111.49ms, recent old gen allocation rate: 0.00B/s, recent marking phase length: 0.00ms
[16.569s][debug][gc,ihop        ] GC(27) Adaptive IHOP information (value update), threshold: 114661785B (47.37), internal target occupancy: 242063769B, occupancy: 4496104B, additional buffer size: 152043520B, predicted old gen allocation rate: 48310.86B/s, predicted marking phase length: 0.00ms, prediction active: false
[16.569s][debug][gc,ergo,refine ] GC(27) Concurrent refinement times: Logged Cards Scan time goal: 20.00ms Logged Cards Scan time: 0.00ms HCC time: 0.00ms
[16.569s][debug][gc,ergo,refine ] GC(27) Updated Refinement Zones: green: 2048, yellow: 6144, red: 10240
[16.569s][info ][gc,phases      ] GC(27)   Pre Evacuate Collection Set: 0.1ms
[16.569s][debug][gc,phases      ] GC(27)     Prepare TLABs: 0.0ms
[16.569s][debug][gc,phases      ] GC(27)     Choose Collection Set: 0.0ms
[16.569s][debug][gc,phases      ] GC(27)     Region Register: 0.1ms
[16.569s][debug][gc,phases      ] GC(27)     Prepare Heap Roots: 0.0ms
[16.569s][info ][gc,phases      ] GC(27)   Merge Heap Roots: 0.1ms
[16.569s][debug][gc,phases      ] GC(27)     Prepare Merge Heap Roots: 0.0ms
[16.569s][debug][gc,phases      ] GC(27)     Eager Reclaim (ms):       skipped
[16.569s][debug][gc,phases      ] GC(27)     Remembered Sets (ms):     Min:  0.0, Avg:  0.0, Max:  0.0, Diff:  0.0, Sum:  0.0, Workers: 8
[16.569s][debug][gc,phases      ] GC(27)       Merged Sparse:            Min: 0, Avg:  0.0, Max: 0, Diff: 0, Sum: 0, Workers: 8
[16.569s][debug][gc,phases      ] GC(27)       Merged Fine:              Min: 0, Avg:  0.0, Max: 0, Diff: 0, Sum: 0, Workers: 8
[16.569s][debug][gc,phases      ] GC(27)       Merged Coarse:            Min: 0, Avg:  0.0, Max: 0, Diff: 0, Sum: 0, Workers: 8
[16.569s][debug][gc,phases      ] GC(27)       Dirty Cards:              Min: 0, Avg:  0.0, Max: 0, Diff: 0, Sum: 0, Workers: 8
[16.569s][debug][gc,phases      ] GC(27)     Hot Card Cache (ms):      Min:  0.0, Avg:  0.0, Max:  0.0, Diff:  0.0, Sum:  0.0, Workers: 8
[16.569s][debug][gc,phases      ] GC(27)       Dirty Cards:              Min: 0, Avg:  0.0, Max: 0, Diff: 0, Sum: 0, Workers: 8
[16.569s][debug][gc,phases      ] GC(27)       Skipped Cards:            Min: 0, Avg:  0.0, Max: 0, Diff: 0, Sum: 0, Workers: 8
[16.569s][debug][gc,phases      ] GC(27)     Log Buffers (ms):         Min:  0.0, Avg:  0.0, Max:  0.0, Diff:  0.0, Sum:  0.0, Workers: 8
[16.569s][debug][gc,phases      ] GC(27)       Dirty Cards:              Min: 0, Avg:  1.0, Max: 3, Diff: 3, Sum: 8, Workers: 8
[16.569s][debug][gc,phases      ] GC(27)       Skipped Cards:            Min: 0, Avg:  0.0, Max: 0, Diff: 0, Sum: 0, Workers: 8
[16.569s][info ][gc,phases      ] GC(27)   Evacuate Collection Set: 0.2ms
[16.569s][debug][gc,phases      ] GC(27)     Ext Root Scanning (ms):   Min:  0.0, Avg:  0.0, Max:  0.1, Diff:  0.1, Sum:  0.3, Workers: 8
[16.569s][debug][gc,phases      ] GC(27)     Scan Heap Roots (ms):     Min:  0.0, Avg:  0.0, Max:  0.0, Diff:  0.0, Sum:  0.0, Workers: 8
[16.569s][debug][gc,phases      ] GC(27)       Scanned Cards:            Min: 0, Avg:  0.6, Max: 2, Diff: 2, Sum: 5, Workers: 8
[16.569s][debug][gc,phases      ] GC(27)       Scanned Blocks:           Min: 0, Avg:  0.6, Max: 2, Diff: 2, Sum: 5, Workers: 8
[16.569s][debug][gc,phases      ] GC(27)       Claimed Chunks:           Min: 0, Avg:  0.5, Max: 1, Diff: 1, Sum: 4, Workers: 8
[16.569s][debug][gc,phases      ] GC(27)     Code Root Scan (ms):      Min:  0.0, Avg:  0.0, Max:  0.0, Diff:  0.0, Sum:  0.0, Workers: 8
[16.569s][debug][gc,phases      ] GC(27)     Object Copy (ms):         Min:  0.0, Avg:  0.0, Max:  0.0, Diff:  0.0, Sum:  0.0, Workers: 8
[16.569s][debug][gc,phases      ] GC(27)     Termination (ms):         Min:  0.0, Avg:  0.0, Max:  0.0, Diff:  0.0, Sum:  0.3, Workers: 8
[16.569s][debug][gc,phases      ] GC(27)       Termination Attempts:     Min: 1, Avg:  1.0, Max: 1, Diff: 0, Sum: 8, Workers: 8
[16.569s][debug][gc,phases      ] GC(27)     GC Worker Other (ms):     Min:  0.0, Avg:  0.0, Max:  0.0, Diff:  0.0, Sum:  0.2, Workers: 8
[16.569s][debug][gc,phases      ] GC(27)     GC Worker Total (ms):     Min:  0.1, Avg:  0.1, Max:  0.2, Diff:  0.1, Sum:  0.9, Workers: 8
[16.569s][info ][gc,phases      ] GC(27)   Post Evacuate Collection Set: 0.4ms
[16.569s][debug][gc,phases      ] GC(27)     Code Roots Fixup: 0.0ms
[16.569s][debug][gc,phases      ] GC(27)     Clear Card Table: 0.1ms
[16.569s][debug][gc,phases      ] GC(27)     Reference Processing: 0.0ms
[16.569s][debug][gc,phases,ref  ] GC(27)       Reconsider SoftReferences: 0.0ms
[16.569s][debug][gc,phases,ref  ] GC(27)         SoftRef (ms):             skipped
[16.569s][debug][gc,phases,ref  ] GC(27)       Notify Soft/WeakReferences: 0.0ms
[16.569s][debug][gc,phases,ref  ] GC(27)         SoftRef (ms):             skipped
[16.569s][debug][gc,phases,ref  ] GC(27)         WeakRef (ms):             skipped
[16.569s][debug][gc,phases,ref  ] GC(27)         FinalRef (ms):            skipped
[16.569s][debug][gc,phases,ref  ] GC(27)         Total (ms):               skipped
[16.569s][debug][gc,phases,ref  ] GC(27)       Notify and keep alive finalizable: 0.0ms
[16.569s][debug][gc,phases,ref  ] GC(27)         FinalRef (ms):            skipped
[16.569s][debug][gc,phases,ref  ] GC(27)       Notify PhantomReferences: 0.0ms
[16.569s][debug][gc,phases,ref  ] GC(27)         PhantomRef (ms):          skipped
[16.569s][debug][gc,phases,ref  ] GC(27)       SoftReference:
[16.569s][debug][gc,phases,ref  ] GC(27)         Discovered: 0
[16.569s][debug][gc,phases,ref  ] GC(27)         Cleared: 0
[16.569s][debug][gc,phases,ref  ] GC(27)       WeakReference:
[16.569s][debug][gc,phases,ref  ] GC(27)         Discovered: 0
[16.569s][debug][gc,phases,ref  ] GC(27)         Cleared: 0
[16.569s][debug][gc,phases,ref  ] GC(27)       FinalReference:
[16.569s][debug][gc,phases,ref  ] GC(27)         Discovered: 0
[16.569s][debug][gc,phases,ref  ] GC(27)         Cleared: 0
[16.569s][debug][gc,phases,ref  ] GC(27)       PhantomReference:
[16.569s][debug][gc,phases,ref  ] GC(27)         Discovered: 0
[16.569s][debug][gc,phases,ref  ] GC(27)         Cleared: 0
[16.569s][debug][gc,phases      ] GC(27)     Weak Processing: 0.1ms
[16.569s][debug][gc,phases      ] GC(27)       JVMTI weak processing: 0.0ms
[16.569s][debug][gc,phases      ] GC(27)         Dead: 0
[16.569s][debug][gc,phases      ] GC(27)         Total: 0
[16.569s][debug][gc,phases      ] GC(27)       JFR weak processing: 0.0ms
[16.569s][debug][gc,phases      ] GC(27)         Dead: 0
[16.569s][debug][gc,phases      ] GC(27)         Total: 0
[16.569s][debug][gc,phases      ] GC(27)       JNI weak                  Min:  0.0, Avg:  0.0, Max:  0.0, Diff:  0.0, Sum:  0.0, Workers: 5
[16.569s][debug][gc,phases      ] GC(27)         Dead                      Min: 0, Avg:  0.0, Max: 0, Diff: 0, Sum: 0, Workers: 5
[16.569s][debug][gc,phases      ] GC(27)         Total                     Min: 0, Avg: 13.0, Max: 61, Diff: 61, Sum: 65, Workers: 5
[16.569s][debug][gc,phases      ] GC(27)       VM weak                   Min:  0.0, Avg:  0.0, Max:  0.0, Diff:  0.0, Sum:  0.0, Workers: 5
[16.569s][debug][gc,phases      ] GC(27)         Dead                      Min: 0, Avg:  0.0, Max: 0, Diff: 0, Sum: 0, Workers: 5
[16.569s][debug][gc,phases      ] GC(27)         Total                     Min: 0, Avg: 45.0, Max: 64, Diff: 64, Sum: 225, Workers: 5
[16.569s][debug][gc,phases      ] GC(27)       StringTable weak          Min:  0.0, Avg:  0.0, Max:  0.0, Diff:  0.0, Sum:  0.1, Workers: 5
[16.569s][debug][gc,phases      ] GC(27)         Dead                      Min: 0, Avg:  0.0, Max: 0, Diff: 0, Sum: 0, Workers: 5
[16.569s][debug][gc,phases      ] GC(27)         Total                     Min: 0, Avg: 729.8, Max: 961, Diff: 961, Sum: 3649, Workers: 5
[16.569s][debug][gc,phases      ] GC(27)       ResolvedMethodTable weak  Min:  0.0, Avg:  0.0, Max:  0.0, Diff:  0.0, Sum:  0.0, Workers: 5
[16.569s][debug][gc,phases      ] GC(27)         Dead                      Min: 0, Avg:  0.0, Max: 0, Diff: 0, Sum: 0, Workers: 5
[16.569s][debug][gc,phases      ] GC(27)         Total                     Min: 0, Avg: 118.0, Max: 192, Diff: 192, Sum: 590, Workers: 5
[16.569s][debug][gc,phases      ] GC(27)     Merge Per-Thread State: 0.0ms
[16.569s][debug][gc,phases      ] GC(27)       Copied Bytes              Min: 24, Avg: 84.0, Max: 144, Diff: 120, Sum: 672, Workers: 8
[16.569s][debug][gc,phases      ] GC(27)       LAB Waste                 Min: 0, Avg:  0.0, Max: 0, Diff: 0, Sum: 0, Workers: 8
[16.569s][debug][gc,phases      ] GC(27)       LAB Undo Waste            Min: 0, Avg:  0.0, Max: 0, Diff: 0, Sum: 0, Workers: 8
[16.569s][debug][gc,phases      ] GC(27)     Code Roots Purge: 0.0ms
[16.569s][debug][gc,phases      ] GC(27)     Redirty Cards: 0.0ms
[16.569s][debug][gc,phases      ] GC(27)     DerivedPointerTable Update: 0.0ms
[16.569s][debug][gc,phases      ] GC(27)     Free Collection Set: 0.1ms
[16.569s][debug][gc,phases      ] GC(27)     Rebuild Free List: 0.1ms
[16.569s][debug][gc,phases      ] GC(27)     Humongous Reclaim: 0.0ms
[16.569s][debug][gc,phases      ] GC(27)     Start New Collection Set: 0.0ms
[16.569s][debug][gc,phases      ] GC(27)     Resize TLABs: 0.0ms
[16.569s][debug][gc,phases      ] GC(27)     Expand Heap After Collection: 0.0ms
[16.569s][info ][gc,phases      ] GC(27)   Other: 0.3ms
[16.569s][info ][gc,heap        ] GC(27) Eden regions: 144->0(144)
[16.569s][info ][gc,heap        ] GC(27) Survivor regions: 1->1(19)
[16.569s][info ][gc,heap        ] GC(27) Old regions: 7->7
[16.569s][info ][gc,heap        ] GC(27) Archive regions: 2->2
[16.569s][info ][gc,heap        ] GC(27) Humongous regions: 0->0
[16.569s][info ][gc,metaspace   ] GC(27) Metaspace: 10547K(11136K)->10547K(11136K) NonClass: 9335K(9728K)->9335K(9728K) Class: 1212K(1408K)->1212K(1408K)
[16.569s][debug][gc,heap        ] GC(27) Heap after GC invocations=28 (full 1): garbage-first heap   total 248832K, used 4390K [0x0000000700000000, 0x0000000800000000)
[16.569s][debug][gc,heap        ] GC(27)   region size 1024K, 1 young (1024K), 1 survivors (1024K)
[16.569s][debug][gc,heap        ] GC(27)  Metaspace       used 10547K, capacity 10850K, committed 11136K, reserved 1058816K
[16.569s][debug][gc,heap        ] GC(27)   class space    used 1212K, capacity 1344K, committed 1408K, reserved 1048576K
[16.569s][info ][gc             ] GC(27) Pause Young (Normal) (G1 Evacuation Pause) 148M->4M(243M) 1.491ms
[16.569s][info ][gc,cpu         ] GC(27) User=0.00s Sys=0.00s Real=0.00s
[16.569s][info ][safepoint      ] Safepoint "G1CollectForAllocation", Time since last: 110491895 ns, Reaching safepoint: 172649 ns, At safepoint: 1673161 ns, Total: 1845810 ns
[16.694s][debug][gc,heap        ] GC(28) Heap before GC invocations=28 (full 1): garbage-first heap   total 248832K, used 151846K [0x0000000700000000, 0x0000000800000000)
[16.694s][debug][gc,heap        ] GC(28)   region size 1024K, 145 young (148480K), 1 survivors (1024K)
[16.694s][debug][gc,heap        ] GC(28)  Metaspace       used 10547K, capacity 10850K, committed 11136K, reserved 1058816K
[16.694s][debug][gc,heap        ] GC(28)   class space    used 1212K, capacity 1344K, committed 1408K, reserved 1048576K
[16.694s][info ][gc,start       ] GC(28) Pause Young (Normal) (G1 Evacuation Pause)
[16.694s][info ][gc,task        ] GC(28) Using 8 workers of 8 for evacuation
[16.694s][debug][gc,tlab        ] GC(28) TLAB totals: thrds: 8  refills: 596 max: 87 slow allocs: 0 max 0 waste:  1.1% gc: 1339328B max: 287536B slow: 342072B max: 50672B fast: 0B max: 0B
[16.694s][debug][gc,age         ] GC(28) Desired survivor size 9961472 bytes, new threshold 15 (max threshold 15)
[16.694s][debug][gc,alloc,region] GC(28) Mutator Allocation stats, regions: 144, wasted size: 2584B ( 0.0%)
[16.695s][debug][gc,ergo        ] GC(28) Running G1 Merge Heap Roots using 8 workers for 145 regions
[16.695s][debug][gc,remset      ] GC(28) Visited cards 1024 Total dirty 6144 (16.67%) Total old 612352 (0.17%)
[16.695s][debug][gc,ergo        ] GC(28) Running G1 Clear Card Table Task using 1 workers for 1 units of work for 148 regions.
[16.695s][debug][gc,ref         ] GC(28) Skipped phase1 of Reference Processing due to unavailable references
[16.695s][debug][gc,ref         ] GC(28) Skipped phase2 of Reference Processing due to unavailable references
[16.695s][debug][gc,ref         ] GC(28) Skipped phase3 of Reference Processing due to unavailable references
[16.695s][debug][gc,ref         ] GC(28) Skipped phase4 of Reference Processing due to unavailable references
[16.695s][debug][gc,ergo        ] GC(28) Running G1 Free Collection Set using 8 workers for collection set length 145 (243)
[16.695s][debug][gc,ergo        ] GC(28) Running G1 Rebuild Free List Task using 8 workers for rebuilding free list of 0 (4096) regions
[16.695s][trace][gc,age         ] GC(28) Age table with threshold 15 (max threshold 15)
[16.695s][trace][gc,age         ] GC(28) - age   1:        632 bytes,        632 total
[16.695s][trace][gc,age         ] GC(28) - age   5:         96 bytes,        728 total
[16.695s][trace][gc,age         ] GC(28) - age  10:        128 bytes,        856 total
[16.695s][debug][gc,plab        ] GC(28) Young PLAB allocation: allocated: 16512B, wasted: 0B, unused: 15656B, used: 856B, undo waste: 0B, 
[16.695s][debug][gc,plab        ] GC(28) Young other allocation: region end waste: 0B, regions filled: 1, direct allocated: 0B, failure used: 0B, failure wasted: 0B
[16.695s][debug][gc,plab        ] GC(28) Young sizing: calculated: 168B, actual: 2064B
[16.695s][debug][gc,plab        ] GC(28) Old PLAB allocation: allocated: 0B, wasted: 0B, unused: 0B, used: 0B, undo waste: 0B, 
[16.695s][debug][gc,plab        ] GC(28) Old other allocation: region end waste: 0B, regions filled: 1, direct allocated: 0B, failure used: 0B, failure wasted: 0B
[16.695s][debug][gc,plab        ] GC(28) Old sizing: calculated: 0B, actual: 2064B
[16.695s][debug][gc,ihop        ] GC(28) Basic information (value update), threshold: 114661785B (45.00), target occupancy: 254803968B, current occupancy: 4496104B, recent allocation size: 0B, recent allocation duration: 125.82ms, recent old gen allocation rate: 0.00B/s, recent marking phase length: 0.00ms
[16.695s][debug][gc,ihop        ] GC(28) Adaptive IHOP information (value update), threshold: 114661785B (47.37), internal target occupancy: 242063769B, occupancy: 4496104B, additional buffer size: 152043520B, predicted old gen allocation rate: 46739.36B/s, predicted marking phase length: 0.00ms, prediction active: false
[16.695s][debug][gc,ergo,refine ] GC(28) Concurrent refinement times: Logged Cards Scan time goal: 19.99ms Logged Cards Scan time: 0.01ms HCC time: 0.01ms
[16.695s][debug][gc,ergo,refine ] GC(28) Updated Refinement Zones: green: 2048, yellow: 6144, red: 10240
[16.695s][info ][gc,phases      ] GC(28)   Pre Evacuate Collection Set: 0.1ms
[16.695s][debug][gc,phases      ] GC(28)     Prepare TLABs: 0.0ms
[16.695s][debug][gc,phases      ] GC(28)     Choose Collection Set: 0.0ms
[16.695s][debug][gc,phases      ] GC(28)     Region Register: 0.1ms
[16.695s][debug][gc,phases      ] GC(28)     Prepare Heap Roots: 0.0ms
[16.695s][info ][gc,phases      ] GC(28)   Merge Heap Roots: 0.1ms
[16.695s][debug][gc,phases      ] GC(28)     Prepare Merge Heap Roots: 0.0ms
[16.695s][debug][gc,phases      ] GC(28)     Eager Reclaim (ms):       skipped
[16.695s][debug][gc,phases      ] GC(28)     Remembered Sets (ms):     Min:  0.0, Avg:  0.0, Max:  0.0, Diff:  0.0, Sum:  0.0, Workers: 8
[16.695s][debug][gc,phases      ] GC(28)       Merged Sparse:            Min: 0, Avg:  0.0, Max: 0, Diff: 0, Sum: 0, Workers: 8
[16.695s][debug][gc,phases      ] GC(28)       Merged Fine:              Min: 0, Avg:  0.0, Max: 0, Diff: 0, Sum: 0, Workers: 8
[16.695s][debug][gc,phases      ] GC(28)       Merged Coarse:            Min: 0, Avg:  0.0, Max: 0, Diff: 0, Sum: 0, Workers: 8
[16.695s][debug][gc,phases      ] GC(28)       Dirty Cards:              Min: 0, Avg:  0.0, Max: 0, Diff: 0, Sum: 0, Workers: 8
[16.695s][debug][gc,phases      ] GC(28)     Hot Card Cache (ms):      Min:  0.0, Avg:  0.0, Max:  0.0, Diff:  0.0, Sum:  0.0, Workers: 8
[16.695s][debug][gc,phases      ] GC(28)       Dirty Cards:              Min: 0, Avg:  0.0, Max: 0, Diff: 0, Sum: 0, Workers: 8
[16.695s][debug][gc,phases      ] GC(28)       Skipped Cards:            Min: 0, Avg:  0.0, Max: 0, Diff: 0, Sum: 0, Workers: 8
[16.695s][debug][gc,phases      ] GC(28)     Log Buffers (ms):         Min:  0.0, Avg:  0.0, Max:  0.0, Diff:  0.0, Sum:  0.0, Workers: 8
[16.695s][debug][gc,phases      ] GC(28)       Dirty Cards:              Min: 0, Avg:  0.9, Max: 6, Diff: 6, Sum: 7, Workers: 8
[16.695s][debug][gc,phases      ] GC(28)       Skipped Cards:            Min: 0, Avg:  0.0, Max: 0, Diff: 0, Sum: 0, Workers: 8
[16.695s][info ][gc,phases      ] GC(28)   Evacuate Collection Set: 0.2ms
[16.695s][debug][gc,phases      ] GC(28)     Ext Root Scanning (ms):   Min:  0.0, Avg:  0.1, Max:  0.1, Diff:  0.0, Sum:  0.4, Workers: 8
[16.695s][debug][gc,phases      ] GC(28)     Scan Heap Roots (ms):     Min:  0.0, Avg:  0.0, Max:  0.0, Diff:  0.0, Sum:  0.0, Workers: 8
[16.695s][debug][gc,phases      ] GC(28)       Scanned Cards:            Min: 0, Avg:  0.6, Max: 2, Diff: 2, Sum: 5, Workers: 8
[16.695s][debug][gc,phases      ] GC(28)       Scanned Blocks:           Min: 0, Avg:  0.6, Max: 2, Diff: 2, Sum: 5, Workers: 8
[16.695s][debug][gc,phases      ] GC(28)       Claimed Chunks:           Min: 0, Avg:  0.5, Max: 2, Diff: 2, Sum: 4, Workers: 8
[16.695s][debug][gc,phases      ] GC(28)     Code Root Scan (ms):      Min:  0.0, Avg:  0.0, Max:  0.0, Diff:  0.0, Sum:  0.0, Workers: 8
[16.696s][debug][gc,phases      ] GC(28)     Object Copy (ms):         Min:  0.0, Avg:  0.0, Max:  0.0, Diff:  0.0, Sum:  0.0, Workers: 8
[16.696s][debug][gc,phases      ] GC(28)     Termination (ms):         Min:  0.1, Avg:  0.1, Max:  0.1, Diff:  0.0, Sum:  0.5, Workers: 8
[16.696s][debug][gc,phases      ] GC(28)       Termination Attempts:     Min: 1, Avg:  1.0, Max: 1, Diff: 0, Sum: 8, Workers: 8
[16.696s][debug][gc,phases      ] GC(28)     GC Worker Other (ms):     Min:  0.0, Avg:  0.0, Max:  0.1, Diff:  0.0, Sum:  0.2, Workers: 8
[16.696s][debug][gc,phases      ] GC(28)     GC Worker Total (ms):     Min:  0.1, Avg:  0.1, Max:  0.2, Diff:  0.0, Sum:  1.2, Workers: 8
[16.696s][info ][gc,phases      ] GC(28)   Post Evacuate Collection Set: 0.4ms
[16.696s][debug][gc,phases      ] GC(28)     Code Roots Fixup: 0.0ms
[16.696s][debug][gc,phases      ] GC(28)     Clear Card Table: 0.1ms
[16.696s][debug][gc,phases      ] GC(28)     Reference Processing: 0.0ms
[16.696s][debug][gc,phases,ref  ] GC(28)       Reconsider SoftReferences: 0.0ms
[16.696s][debug][gc,phases,ref  ] GC(28)         SoftRef (ms):             skipped
[16.696s][debug][gc,phases,ref  ] GC(28)       Notify Soft/WeakReferences: 0.0ms
[16.696s][debug][gc,phases,ref  ] GC(28)         SoftRef (ms):             skipped
[16.696s][debug][gc,phases,ref  ] GC(28)         WeakRef (ms):             skipped
[16.696s][debug][gc,phases,ref  ] GC(28)         FinalRef (ms):            skipped
[16.696s][debug][gc,phases,ref  ] GC(28)         Total (ms):               skipped
[16.696s][debug][gc,phases,ref  ] GC(28)       Notify and keep alive finalizable: 0.0ms
[16.696s][debug][gc,phases,ref  ] GC(28)         FinalRef (ms):            skipped
[16.696s][debug][gc,phases,ref  ] GC(28)       Notify PhantomReferences: 0.0ms
[16.696s][debug][gc,phases,ref  ] GC(28)         PhantomRef (ms):          skipped
[16.696s][debug][gc,phases,ref  ] GC(28)       SoftReference:
[16.696s][debug][gc,phases,ref  ] GC(28)         Discovered: 0
[16.696s][debug][gc,phases,ref  ] GC(28)         Cleared: 0
[16.696s][debug][gc,phases,ref  ] GC(28)       WeakReference:
[16.696s][debug][gc,phases,ref  ] GC(28)         Discovered: 0
[16.696s][debug][gc,phases,ref  ] GC(28)         Cleared: 0
[16.696s][debug][gc,phases,ref  ] GC(28)       FinalReference:
[16.696s][debug][gc,phases,ref  ] GC(28)         Discovered: 0
[16.696s][debug][gc,phases,ref  ] GC(28)         Cleared: 0
[16.696s][debug][gc,phases,ref  ] GC(28)       PhantomReference:
[16.696s][debug][gc,phases,ref  ] GC(28)         Discovered: 0
[16.696s][debug][gc,phases,ref  ] GC(28)         Cleared: 0
[16.696s][debug][gc,phases      ] GC(28)     Weak Processing: 0.1ms
[16.696s][debug][gc,phases      ] GC(28)       JVMTI weak processing: 0.0ms
[16.696s][debug][gc,phases      ] GC(28)         Dead: 0
[16.696s][debug][gc,phases      ] GC(28)         Total: 0
[16.696s][debug][gc,phases      ] GC(28)       JFR weak processing: 0.0ms
[16.696s][debug][gc,phases      ] GC(28)         Dead: 0
[16.696s][debug][gc,phases      ] GC(28)         Total: 0
[16.696s][debug][gc,phases      ] GC(28)       JNI weak                  Min:  0.0, Avg:  0.0, Max:  0.0, Diff:  0.0, Sum:  0.0, Workers: 5
[16.696s][debug][gc,phases      ] GC(28)         Dead                      Min: 0, Avg:  0.0, Max: 0, Diff: 0, Sum: 0, Workers: 5
[16.696s][debug][gc,phases      ] GC(28)         Total                     Min: 0, Avg: 13.0, Max: 61, Diff: 61, Sum: 65, Workers: 5
[16.696s][debug][gc,phases      ] GC(28)       VM weak                   Min:  0.0, Avg:  0.0, Max:  0.0, Diff:  0.0, Sum:  0.0, Workers: 5
[16.696s][debug][gc,phases      ] GC(28)         Dead                      Min: 0, Avg:  0.0, Max: 0, Diff: 0, Sum: 0, Workers: 5
[16.696s][debug][gc,phases      ] GC(28)         Total                     Min: 0, Avg: 45.0, Max: 97, Diff: 97, Sum: 225, Workers: 5
[16.696s][debug][gc,phases      ] GC(28)       StringTable weak          Min:  0.0, Avg:  0.0, Max:  0.0, Diff:  0.0, Sum:  0.1, Workers: 5
[16.696s][debug][gc,phases      ] GC(28)         Dead                      Min: 0, Avg:  0.0, Max: 0, Diff: 0, Sum: 0, Workers: 5
[16.696s][debug][gc,phases      ] GC(28)         Total                     Min: 64, Avg: 729.8, Max: 1536, Diff: 1472, Sum: 3649, Workers: 5
[16.696s][debug][gc,phases      ] GC(28)       ResolvedMethodTable weak  Min:  0.0, Avg:  0.0, Max:  0.0, Diff:  0.0, Sum:  0.0, Workers: 5
[16.696s][debug][gc,phases      ] GC(28)         Dead                      Min: 0, Avg:  0.0, Max: 0, Diff: 0, Sum: 0, Workers: 5
[16.696s][debug][gc,phases      ] GC(28)         Total                     Min: 0, Avg: 118.0, Max: 192, Diff: 192, Sum: 590, Workers: 5
[16.696s][debug][gc,phases      ] GC(28)     Merge Per-Thread State: 0.0ms
[16.696s][debug][gc,phases      ] GC(28)       Copied Bytes              Min: 24, Avg: 107.0, Max: 208, Diff: 184, Sum: 856, Workers: 8
[16.696s][debug][gc,phases      ] GC(28)       LAB Waste                 Min: 0, Avg:  0.0, Max: 0, Diff: 0, Sum: 0, Workers: 8
[16.696s][debug][gc,phases      ] GC(28)       LAB Undo Waste            Min: 0, Avg:  0.0, Max: 0, Diff: 0, Sum: 0, Workers: 8
[16.696s][debug][gc,phases      ] GC(28)     Code Roots Purge: 0.0ms
[16.696s][debug][gc,phases      ] GC(28)     Redirty Cards: 0.0ms
[16.696s][debug][gc,phases      ] GC(28)     DerivedPointerTable Update: 0.0ms
[16.696s][debug][gc,phases      ] GC(28)     Free Collection Set: 0.1ms
[16.696s][debug][gc,phases      ] GC(28)     Rebuild Free List: 0.0ms
[16.696s][debug][gc,phases      ] GC(28)     Humongous Reclaim: 0.0ms
[16.696s][debug][gc,phases      ] GC(28)     Start New Collection Set: 0.0ms
[16.696s][debug][gc,phases      ] GC(28)     Resize TLABs: 0.0ms
[16.696s][debug][gc,phases      ] GC(28)     Expand Heap After Collection: 0.0ms
[16.696s][info ][gc,phases      ] GC(28)   Other: 0.3ms
[16.696s][info ][gc,heap        ] GC(28) Eden regions: 144->0(144)
[16.696s][info ][gc,heap        ] GC(28) Survivor regions: 1->1(19)
[16.696s][info ][gc,heap        ] GC(28) Old regions: 7->7
[16.696s][info ][gc,heap        ] GC(28) Archive regions: 2->2
[16.696s][info ][gc,heap        ] GC(28) Humongous regions: 0->0
[16.696s][info ][gc,metaspace   ] GC(28) Metaspace: 10547K(11136K)->10547K(11136K) NonClass: 9335K(9728K)->9335K(9728K) Class: 1212K(1408K)->1212K(1408K)
[16.696s][debug][gc,heap        ] GC(28) Heap after GC invocations=29 (full 1): garbage-first heap   total 248832K, used 4390K [0x0000000700000000, 0x0000000800000000)
[16.696s][debug][gc,heap        ] GC(28)   region size 1024K, 1 young (1024K), 1 survivors (1024K)
[16.696s][debug][gc,heap        ] GC(28)  Metaspace       used 10547K, capacity 10850K, committed 11136K, reserved 1058816K
[16.696s][debug][gc,heap        ] GC(28)   class space    used 1212K, capacity 1344K, committed 1408K, reserved 1048576K
[16.696s][info ][gc             ] GC(28) Pause Young (Normal) (G1 Evacuation Pause) 148M->4M(243M) 1.589ms
[16.696s][info ][gc,cpu         ] GC(28) User=0.01s Sys=0.01s Real=0.00s
[16.696s][info ][safepoint      ] Safepoint "G1CollectForAllocation", Time since last: 124814916 ns, Reaching safepoint: 180339 ns, At safepoint: 1769001 ns, Total: 1949340 ns
[16.817s][debug][gc,heap        ] GC(29) Heap before GC invocations=29 (full 1): garbage-first heap   total 248832K, used 151846K [0x0000000700000000, 0x0000000800000000)
[16.817s][debug][gc,heap        ] GC(29)   region size 1024K, 145 young (148480K), 1 survivors (1024K)
[16.817s][debug][gc,heap        ] GC(29)  Metaspace       used 10547K, capacity 10850K, committed 11136K, reserved 1058816K
[16.817s][debug][gc,heap        ] GC(29)   class space    used 1212K, capacity 1344K, committed 1408K, reserved 1048576K
[16.817s][info ][gc,start       ] GC(29) Pause Young (Normal) (G1 Evacuation Pause)
[16.817s][info ][gc,task        ] GC(29) Using 8 workers of 8 for evacuation
[16.817s][debug][gc,tlab        ] GC(29) TLAB totals: thrds: 8  refills: 578 max: 80 slow allocs: 0 max 0 waste:  1.3% gc: 1582304B max: 439776B slow: 333968B max: 46768B fast: 0B max: 0B
[16.817s][debug][gc,age         ] GC(29) Desired survivor size 9961472 bytes, new threshold 15 (max threshold 15)
[16.817s][debug][gc,alloc,region] GC(29) Mutator Allocation stats, regions: 144, wasted size: 0B ( 0.0%)
[16.818s][debug][gc,ergo        ] GC(29) Running G1 Merge Heap Roots using 8 workers for 145 regions
[16.818s][debug][gc,remset      ] GC(29) Visited cards 1024 Total dirty 6144 (16.67%) Total old 612352 (0.17%)
[16.818s][debug][gc,ergo        ] GC(29) Running G1 Clear Card Table Task using 1 workers for 1 units of work for 148 regions.
[16.818s][debug][gc,ref         ] GC(29) Skipped phase1 of Reference Processing due to unavailable references
[16.818s][debug][gc,ref         ] GC(29) Skipped phase2 of Reference Processing due to unavailable references
[16.818s][debug][gc,ref         ] GC(29) Skipped phase3 of Reference Processing due to unavailable references
[16.818s][debug][gc,ref         ] GC(29) Skipped phase4 of Reference Processing due to unavailable references
[16.818s][debug][gc,ergo        ] GC(29) Running G1 Free Collection Set using 8 workers for collection set length 145 (243)
[16.818s][debug][gc,ergo        ] GC(29) Running G1 Rebuild Free List Task using 8 workers for rebuilding free list of 0 (4096) regions
[16.818s][trace][gc,age         ] GC(29) Age table with threshold 15 (max threshold 15)
[16.818s][trace][gc,age         ] GC(29) - age   1:        552 bytes,        552 total
[16.818s][trace][gc,age         ] GC(29) - age   6:         96 bytes,        648 total
[16.818s][trace][gc,age         ] GC(29) - age  11:        128 bytes,        776 total
[16.818s][debug][gc,plab        ] GC(29) Young PLAB allocation: allocated: 12384B, wasted: 0B, unused: 11608B, used: 776B, undo waste: 0B, 
[16.818s][debug][gc,plab        ] GC(29) Young other allocation: region end waste: 0B, regions filled: 1, direct allocated: 0B, failure used: 0B, failure wasted: 0B
[16.818s][debug][gc,plab        ] GC(29) Young sizing: calculated: 152B, actual: 2064B
[16.818s][debug][gc,plab        ] GC(29) Old PLAB allocation: allocated: 0B, wasted: 0B, unused: 0B, used: 0B, undo waste: 0B, 
[16.818s][debug][gc,plab        ] GC(29) Old other allocation: region end waste: 0B, regions filled: 1, direct allocated: 0B, failure used: 0B, failure wasted: 0B
[16.818s][debug][gc,plab        ] GC(29) Old sizing: calculated: 0B, actual: 2064B
[16.818s][debug][gc,ihop        ] GC(29) Basic information (value update), threshold: 114661785B (45.00), target occupancy: 254803968B, current occupancy: 4491976B, recent allocation size: 0B, recent allocation duration: 122.09ms, recent old gen allocation rate: 0.00B/s, recent marking phase length: 0.00ms
[16.818s][debug][gc,ihop        ] GC(29) Adaptive IHOP information (value update), threshold: 114661785B (47.37), internal target occupancy: 242063769B, occupancy: 4491976B, additional buffer size: 152043520B, predicted old gen allocation rate: 45223.92B/s, predicted marking phase length: 0.00ms, prediction active: false
[16.818s][debug][gc,ergo,refine ] GC(29) Concurrent refinement times: Logged Cards Scan time goal: 20.00ms Logged Cards Scan time: 0.00ms HCC time: 0.00ms
[16.818s][debug][gc,ergo,refine ] GC(29) Updated Refinement Zones: green: 2048, yellow: 6144, red: 10240
[16.818s][info ][gc,phases      ] GC(29)   Pre Evacuate Collection Set: 0.1ms
[16.818s][debug][gc,phases      ] GC(29)     Prepare TLABs: 0.0ms
[16.818s][debug][gc,phases      ] GC(29)     Choose Collection Set: 0.0ms
[16.818s][debug][gc,phases      ] GC(29)     Region Register: 0.1ms
[16.818s][debug][gc,phases      ] GC(29)     Prepare Heap Roots: 0.0ms
[16.818s][info ][gc,phases      ] GC(29)   Merge Heap Roots: 0.1ms
[16.818s][debug][gc,phases      ] GC(29)     Prepare Merge Heap Roots: 0.0ms
[16.818s][debug][gc,phases      ] GC(29)     Eager Reclaim (ms):       skipped
[16.818s][debug][gc,phases      ] GC(29)     Remembered Sets (ms):     Min:  0.0, Avg:  0.0, Max:  0.0, Diff:  0.0, Sum:  0.0, Workers: 8
[16.818s][debug][gc,phases      ] GC(29)       Merged Sparse:            Min: 0, Avg:  0.0, Max: 0, Diff: 0, Sum: 0, Workers: 8
[16.818s][debug][gc,phases      ] GC(29)       Merged Fine:              Min: 0, Avg:  0.0, Max: 0, Diff: 0, Sum: 0, Workers: 8
[16.818s][debug][gc,phases      ] GC(29)       Merged Coarse:            Min: 0, Avg:  0.0, Max: 0, Diff: 0, Sum: 0, Workers: 8
[16.818s][debug][gc,phases      ] GC(29)       Dirty Cards:              Min: 0, Avg:  0.0, Max: 0, Diff: 0, Sum: 0, Workers: 8
[16.818s][debug][gc,phases      ] GC(29)     Hot Card Cache (ms):      Min:  0.0, Avg:  0.0, Max:  0.0, Diff:  0.0, Sum:  0.0, Workers: 8
[16.818s][debug][gc,phases      ] GC(29)       Dirty Cards:              Min: 0, Avg:  0.0, Max: 0, Diff: 0, Sum: 0, Workers: 8
[16.818s][debug][gc,phases      ] GC(29)       Skipped Cards:            Min: 0, Avg:  0.0, Max: 0, Diff: 0, Sum: 0, Workers: 8
[16.818s][debug][gc,phases      ] GC(29)     Log Buffers (ms):         Min:  0.0, Avg:  0.0, Max:  0.0, Diff:  0.0, Sum:  0.0, Workers: 8
[16.818s][debug][gc,phases      ] GC(29)       Dirty Cards:              Min: 0, Avg:  1.0, Max: 3, Diff: 3, Sum: 8, Workers: 8
[16.818s][debug][gc,phases      ] GC(29)       Skipped Cards:            Min: 0, Avg:  0.0, Max: 0, Diff: 0, Sum: 0, Workers: 8
[16.818s][info ][gc,phases      ] GC(29)   Evacuate Collection Set: 0.2ms
[16.818s][debug][gc,phases      ] GC(29)     Ext Root Scanning (ms):   Min:  0.0, Avg:  0.0, Max:  0.1, Diff:  0.1, Sum:  0.2, Workers: 8
[16.818s][debug][gc,phases      ] GC(29)     Scan Heap Roots (ms):     Min:  0.0, Avg:  0.0, Max:  0.0, Diff:  0.0, Sum:  0.0, Workers: 8
[16.818s][debug][gc,phases      ] GC(29)       Scanned Cards:            Min: 0, Avg:  0.6, Max: 2, Diff: 2, Sum: 5, Workers: 8
[16.818s][debug][gc,phases      ] GC(29)       Scanned Blocks:           Min: 0, Avg:  0.6, Max: 2, Diff: 2, Sum: 5, Workers: 8
[16.818s][debug][gc,phases      ] GC(29)       Claimed Chunks:           Min: 0, Avg:  0.5, Max: 1, Diff: 1, Sum: 4, Workers: 8
[16.818s][debug][gc,phases      ] GC(29)     Code Root Scan (ms):      Min:  0.0, Avg:  0.0, Max:  0.0, Diff:  0.0, Sum:  0.0, Workers: 8
[16.818s][debug][gc,phases      ] GC(29)     Object Copy (ms):         Min:  0.0, Avg:  0.0, Max:  0.0, Diff:  0.0, Sum:  0.0, Workers: 8
[16.818s][debug][gc,phases      ] GC(29)     Termination (ms):         Min:  0.1, Avg:  0.1, Max:  0.1, Diff:  0.0, Sum:  0.5, Workers: 8
[16.818s][debug][gc,phases      ] GC(29)       Termination Attempts:     Min: 1, Avg:  1.0, Max: 1, Diff: 0, Sum: 8, Workers: 8
[16.818s][debug][gc,phases      ] GC(29)     GC Worker Other (ms):     Min:  0.0, Avg:  0.0, Max:  0.0, Diff:  0.0, Sum:  0.1, Workers: 8
[16.818s][debug][gc,phases      ] GC(29)     GC Worker Total (ms):     Min:  0.1, Avg:  0.1, Max:  0.1, Diff:  0.0, Sum:  0.9, Workers: 8
[16.818s][info ][gc,phases      ] GC(29)   Post Evacuate Collection Set: 0.3ms
[16.818s][debug][gc,phases      ] GC(29)     Code Roots Fixup: 0.0ms
[16.818s][debug][gc,phases      ] GC(29)     Clear Card Table: 0.1ms
[16.818s][debug][gc,phases      ] GC(29)     Reference Processing: 0.0ms
[16.818s][debug][gc,phases,ref  ] GC(29)       Reconsider SoftReferences: 0.0ms
[16.818s][debug][gc,phases,ref  ] GC(29)         SoftRef (ms):             skipped
[16.818s][debug][gc,phases,ref  ] GC(29)       Notify Soft/WeakReferences: 0.0ms
[16.818s][debug][gc,phases,ref  ] GC(29)         SoftRef (ms):             skipped
[16.818s][debug][gc,phases,ref  ] GC(29)         WeakRef (ms):             skipped
[16.818s][debug][gc,phases,ref  ] GC(29)         FinalRef (ms):            skipped
[16.818s][debug][gc,phases,ref  ] GC(29)         Total (ms):               skipped
[16.818s][debug][gc,phases,ref  ] GC(29)       Notify and keep alive finalizable: 0.0ms
[16.818s][debug][gc,phases,ref  ] GC(29)         FinalRef (ms):            skipped
[16.818s][debug][gc,phases,ref  ] GC(29)       Notify PhantomReferences: 0.0ms
[16.818s][debug][gc,phases,ref  ] GC(29)         PhantomRef (ms):          skipped
[16.818s][debug][gc,phases,ref  ] GC(29)       SoftReference:
[16.818s][debug][gc,phases,ref  ] GC(29)         Discovered: 0
[16.818s][debug][gc,phases,ref  ] GC(29)         Cleared: 0
[16.818s][debug][gc,phases,ref  ] GC(29)       WeakReference:
[16.818s][debug][gc,phases,ref  ] GC(29)         Discovered: 0
[16.818s][debug][gc,phases,ref  ] GC(29)         Cleared: 0
[16.818s][debug][gc,phases,ref  ] GC(29)       FinalReference:
[16.818s][debug][gc,phases,ref  ] GC(29)         Discovered: 0
[16.818s][debug][gc,phases,ref  ] GC(29)         Cleared: 0
[16.818s][debug][gc,phases,ref  ] GC(29)       PhantomReference:
[16.818s][debug][gc,phases,ref  ] GC(29)         Discovered: 0
[16.818s][debug][gc,phases,ref  ] GC(29)         Cleared: 0
[16.818s][debug][gc,phases      ] GC(29)     Weak Processing: 0.1ms
[16.818s][debug][gc,phases      ] GC(29)       JVMTI weak processing: 0.0ms
[16.819s][debug][gc,phases      ] GC(29)         Dead: 0
[16.819s][debug][gc,phases      ] GC(29)         Total: 0
[16.819s][debug][gc,phases      ] GC(29)       JFR weak processing: 0.0ms
[16.819s][debug][gc,phases      ] GC(29)         Dead: 0
[16.819s][debug][gc,phases      ] GC(29)         Total: 0
[16.819s][debug][gc,phases      ] GC(29)       JNI weak                  Min:  0.0, Avg:  0.0, Max:  0.0, Diff:  0.0, Sum:  0.0, Workers: 5
[16.819s][debug][gc,phases      ] GC(29)         Dead                      Min: 0, Avg:  0.0, Max: 0, Diff: 0, Sum: 0, Workers: 5
[16.819s][debug][gc,phases      ] GC(29)         Total                     Min: 0, Avg: 13.0, Max: 61, Diff: 61, Sum: 65, Workers: 5
[16.819s][debug][gc,phases      ] GC(29)       VM weak                   Min:  0.0, Avg:  0.0, Max:  0.0, Diff:  0.0, Sum:  0.0, Workers: 5
[16.819s][debug][gc,phases      ] GC(29)         Dead                      Min: 0, Avg:  0.0, Max: 0, Diff: 0, Sum: 0, Workers: 5
[16.819s][debug][gc,phases      ] GC(29)         Total                     Min: 0, Avg: 45.0, Max: 128, Diff: 128, Sum: 225, Workers: 5
[16.819s][debug][gc,phases      ] GC(29)       StringTable weak          Min:  0.0, Avg:  0.0, Max:  0.0, Diff:  0.0, Sum:  0.1, Workers: 5
[16.819s][debug][gc,phases      ] GC(29)         Dead                      Min: 0, Avg:  0.0, Max: 0, Diff: 0, Sum: 0, Workers: 5
[16.819s][debug][gc,phases      ] GC(29)         Total                     Min: 0, Avg: 729.8, Max: 1857, Diff: 1857, Sum: 3649, Workers: 5
[16.819s][debug][gc,phases      ] GC(29)       ResolvedMethodTable weak  Min:  0.0, Avg:  0.0, Max:  0.0, Diff:  0.0, Sum:  0.0, Workers: 5
[16.819s][debug][gc,phases      ] GC(29)         Dead                      Min: 0, Avg:  0.0, Max: 0, Diff: 0, Sum: 0, Workers: 5
[16.819s][debug][gc,phases      ] GC(29)         Total                     Min: 0, Avg: 118.0, Max: 320, Diff: 320, Sum: 590, Workers: 5
[16.819s][debug][gc,phases      ] GC(29)     Merge Per-Thread State: 0.0ms
[16.819s][debug][gc,phases      ] GC(29)       Copied Bytes              Min: 0, Avg: 97.0, Max: 232, Diff: 232, Sum: 776, Workers: 8
[16.819s][debug][gc,phases      ] GC(29)       LAB Waste                 Min: 0, Avg:  0.0, Max: 0, Diff: 0, Sum: 0, Workers: 8
[16.819s][debug][gc,phases      ] GC(29)       LAB Undo Waste            Min: 0, Avg:  0.0, Max: 0, Diff: 0, Sum: 0, Workers: 8
[16.819s][debug][gc,phases      ] GC(29)     Code Roots Purge: 0.0ms
[16.819s][debug][gc,phases      ] GC(29)     Redirty Cards: 0.0ms
[16.819s][debug][gc,phases      ] GC(29)     DerivedPointerTable Update: 0.0ms
[16.819s][debug][gc,phases      ] GC(29)     Free Collection Set: 0.1ms
[16.819s][debug][gc,phases      ] GC(29)     Rebuild Free List: 0.0ms
[16.819s][debug][gc,phases      ] GC(29)     Humongous Reclaim: 0.0ms
[16.819s][debug][gc,phases      ] GC(29)     Start New Collection Set: 0.0ms
[16.819s][debug][gc,phases      ] GC(29)     Resize TLABs: 0.0ms
[16.819s][debug][gc,phases      ] GC(29)     Expand Heap After Collection: 0.0ms
[16.819s][info ][gc,phases      ] GC(29)   Other: 0.2ms
[16.819s][info ][gc,heap        ] GC(29) Eden regions: 144->0(144)
[16.819s][info ][gc,heap        ] GC(29) Survivor regions: 1->1(19)
[16.819s][info ][gc,heap        ] GC(29) Old regions: 7->7
[16.819s][info ][gc,heap        ] GC(29) Archive regions: 2->2
[16.819s][info ][gc,heap        ] GC(29) Humongous regions: 0->0
[16.819s][info ][gc,metaspace   ] GC(29) Metaspace: 10547K(11136K)->10547K(11136K) NonClass: 9335K(9728K)->9335K(9728K) Class: 1212K(1408K)->1212K(1408K)
[16.819s][debug][gc,heap        ] GC(29) Heap after GC invocations=30 (full 1): garbage-first heap   total 248832K, used 4386K [0x0000000700000000, 0x0000000800000000)
[16.819s][debug][gc,heap        ] GC(29)   region size 1024K, 1 young (1024K), 1 survivors (1024K)
[16.819s][debug][gc,heap        ] GC(29)  Metaspace       used 10547K, capacity 10850K, committed 11136K, reserved 1058816K
[16.819s][debug][gc,heap        ] GC(29)   class space    used 1212K, capacity 1344K, committed 1408K, reserved 1048576K
[16.819s][info ][gc             ] GC(29) Pause Young (Normal) (G1 Evacuation Pause) 148M->4M(243M) 1.384ms
[16.819s][info ][gc,cpu         ] GC(29) User=0.00s Sys=0.00s Real=0.00s
[16.819s][info ][safepoint      ] Safepoint "G1CollectForAllocation", Time since last: 121159770 ns, Reaching safepoint: 114740 ns, At safepoint: 1541951 ns, Total: 1656691 ns
[16.942s][debug][gc,heap        ] GC(30) Heap before GC invocations=30 (full 1): garbage-first heap   total 248832K, used 151842K [0x0000000700000000, 0x0000000800000000)
[16.942s][debug][gc,heap        ] GC(30)   region size 1024K, 145 young (148480K), 1 survivors (1024K)
[16.942s][debug][gc,heap        ] GC(30)  Metaspace       used 10547K, capacity 10850K, committed 11136K, reserved 1058816K
[16.942s][debug][gc,heap        ] GC(30)   class space    used 1212K, capacity 1344K, committed 1408K, reserved 1048576K
[16.942s][info ][gc,start       ] GC(30) Pause Young (Normal) (G1 Evacuation Pause)
[16.942s][info ][gc,task        ] GC(30) Using 8 workers of 8 for evacuation
[16.942s][debug][gc,tlab        ] GC(30) TLAB totals: thrds: 8  refills: 580 max: 79 slow allocs: 0 max 0 waste:  0.9% gc: 1094800B max: 306944B slow: 334016B max: 45680B fast: 0B max: 0B
[16.942s][debug][gc,age         ] GC(30) Desired survivor size 9961472 bytes, new threshold 15 (max threshold 15)
[16.942s][debug][gc,alloc,region] GC(30) Mutator Allocation stats, regions: 144, wasted size: 0B ( 0.0%)
[16.942s][debug][gc,ergo        ] GC(30) Running G1 Merge Heap Roots using 8 workers for 145 regions
[16.942s][debug][gc,remset      ] GC(30) Visited cards 1024 Total dirty 6144 (16.67%) Total old 612352 (0.17%)
[16.942s][debug][gc,ergo        ] GC(30) Running G1 Clear Card Table Task using 1 workers for 1 units of work for 148 regions.
[16.942s][debug][gc,ref         ] GC(30) Skipped phase1 of Reference Processing due to unavailable references
[16.942s][debug][gc,ref         ] GC(30) Skipped phase2 of Reference Processing due to unavailable references
[16.942s][debug][gc,ref         ] GC(30) Skipped phase3 of Reference Processing due to unavailable references
[16.942s][debug][gc,ref         ] GC(30) Skipped phase4 of Reference Processing due to unavailable references
[16.942s][debug][gc,ergo        ] GC(30) Running G1 Free Collection Set using 8 workers for collection set length 145 (243)
[16.942s][debug][gc,ergo        ] GC(30) Running G1 Rebuild Free List Task using 8 workers for rebuilding free list of 0 (4096) regions
[16.943s][trace][gc,age         ] GC(30) Age table with threshold 15 (max threshold 15)
[16.943s][trace][gc,age         ] GC(30) - age   1:        560 bytes,        560 total
[16.943s][trace][gc,age         ] GC(30) - age   7:         96 bytes,        656 total
[16.943s][trace][gc,age         ] GC(30) - age  12:        128 bytes,        784 total
[16.943s][debug][gc,plab        ] GC(30) Young PLAB allocation: allocated: 16512B, wasted: 0B, unused: 15728B, used: 784B, undo waste: 0B, 
[16.943s][debug][gc,plab        ] GC(30) Young other allocation: region end waste: 0B, regions filled: 1, direct allocated: 0B, failure used: 0B, failure wasted: 0B
[16.943s][debug][gc,plab        ] GC(30) Young sizing: calculated: 152B, actual: 2064B
[16.943s][debug][gc,plab        ] GC(30) Old PLAB allocation: allocated: 0B, wasted: 0B, unused: 0B, used: 0B, undo waste: 0B, 
[16.943s][debug][gc,plab        ] GC(30) Old other allocation: region end waste: 0B, regions filled: 1, direct allocated: 0B, failure used: 0B, failure wasted: 0B
[16.943s][debug][gc,plab        ] GC(30) Old sizing: calculated: 0B, actual: 2064B
[16.943s][debug][gc,ihop        ] GC(30) Basic information (value update), threshold: 114661785B (45.00), target occupancy: 254803968B, current occupancy: 4496104B, recent allocation size: 0B, recent allocation duration: 123.54ms, recent old gen allocation rate: 0.00B/s, recent marking phase length: 0.00ms
[16.943s][debug][gc,ihop        ] GC(30) Adaptive IHOP information (value update), threshold: 114661785B (47.37), internal target occupancy: 242063769B, occupancy: 4496104B, additional buffer size: 152043520B, predicted old gen allocation rate: 43762.38B/s, predicted marking phase length: 0.00ms, prediction active: false
[16.943s][debug][gc,ergo,refine ] GC(30) Concurrent refinement times: Logged Cards Scan time goal: 20.00ms Logged Cards Scan time: 0.00ms HCC time: 0.00ms
[16.943s][debug][gc,ergo,refine ] GC(30) Updated Refinement Zones: green: 2048, yellow: 6144, red: 10240
[16.943s][info ][gc,phases      ] GC(30)   Pre Evacuate Collection Set: 0.1ms
[16.943s][debug][gc,phases      ] GC(30)     Prepare TLABs: 0.0ms
[16.943s][debug][gc,phases      ] GC(30)     Choose Collection Set: 0.0ms
[16.943s][debug][gc,phases      ] GC(30)     Region Register: 0.1ms
[16.943s][debug][gc,phases      ] GC(30)     Prepare Heap Roots: 0.0ms
[16.943s][info ][gc,phases      ] GC(30)   Merge Heap Roots: 0.1ms
[16.943s][debug][gc,phases      ] GC(30)     Prepare Merge Heap Roots: 0.0ms
[16.943s][debug][gc,phases      ] GC(30)     Eager Reclaim (ms):       skipped
[16.943s][debug][gc,phases      ] GC(30)     Remembered Sets (ms):     Min:  0.0, Avg:  0.0, Max:  0.0, Diff:  0.0, Sum:  0.1, Workers: 8
[16.943s][debug][gc,phases      ] GC(30)       Merged Sparse:            Min: 0, Avg:  0.0, Max: 0, Diff: 0, Sum: 0, Workers: 8
[16.943s][debug][gc,phases      ] GC(30)       Merged Fine:              Min: 0, Avg:  0.0, Max: 0, Diff: 0, Sum: 0, Workers: 8
[16.943s][debug][gc,phases      ] GC(30)       Merged Coarse:            Min: 0, Avg:  0.0, Max: 0, Diff: 0, Sum: 0, Workers: 8
[16.943s][debug][gc,phases      ] GC(30)       Dirty Cards:              Min: 0, Avg:  0.0, Max: 0, Diff: 0, Sum: 0, Workers: 8
[16.943s][debug][gc,phases      ] GC(30)     Hot Card Cache (ms):      Min:  0.0, Avg:  0.0, Max:  0.0, Diff:  0.0, Sum:  0.0, Workers: 8
[16.943s][debug][gc,phases      ] GC(30)       Dirty Cards:              Min: 0, Avg:  0.0, Max: 0, Diff: 0, Sum: 0, Workers: 8
[16.943s][debug][gc,phases      ] GC(30)       Skipped Cards:            Min: 0, Avg:  0.0, Max: 0, Diff: 0, Sum: 0, Workers: 8
[16.943s][debug][gc,phases      ] GC(30)     Log Buffers (ms):         Min:  0.0, Avg:  0.0, Max:  0.0, Diff:  0.0, Sum:  0.0, Workers: 8
[16.943s][debug][gc,phases      ] GC(30)       Dirty Cards:              Min: 0, Avg:  0.9, Max: 5, Diff: 5, Sum: 7, Workers: 8
[16.943s][debug][gc,phases      ] GC(30)       Skipped Cards:            Min: 0, Avg:  0.0, Max: 0, Diff: 0, Sum: 0, Workers: 8
[16.943s][info ][gc,phases      ] GC(30)   Evacuate Collection Set: 0.2ms
[16.943s][debug][gc,phases      ] GC(30)     Ext Root Scanning (ms):   Min:  0.0, Avg:  0.0, Max:  0.1, Diff:  0.1, Sum:  0.3, Workers: 8
[16.943s][debug][gc,phases      ] GC(30)     Scan Heap Roots (ms):     Min:  0.0, Avg:  0.0, Max:  0.0, Diff:  0.0, Sum:  0.0, Workers: 8
[16.943s][debug][gc,phases      ] GC(30)       Scanned Cards:            Min: 0, Avg:  0.6, Max: 2, Diff: 2, Sum: 5, Workers: 8
[16.943s][debug][gc,phases      ] GC(30)       Scanned Blocks:           Min: 0, Avg:  0.6, Max: 2, Diff: 2, Sum: 5, Workers: 8
[16.943s][debug][gc,phases      ] GC(30)       Claimed Chunks:           Min: 0, Avg:  0.5, Max: 1, Diff: 1, Sum: 4, Workers: 8
[16.943s][debug][gc,phases      ] GC(30)     Code Root Scan (ms):      Min:  0.0, Avg:  0.0, Max:  0.0, Diff:  0.0, Sum:  0.0, Workers: 8
[16.943s][debug][gc,phases      ] GC(30)     Object Copy (ms):         Min:  0.0, Avg:  0.0, Max:  0.0, Diff:  0.0, Sum:  0.0, Workers: 8
[16.943s][debug][gc,phases      ] GC(30)     Termination (ms):         Min:  0.0, Avg:  0.0, Max:  0.1, Diff:  0.0, Sum:  0.4, Workers: 8
[16.943s][debug][gc,phases      ] GC(30)       Termination Attempts:     Min: 1, Avg:  1.0, Max: 1, Diff: 0, Sum: 8, Workers: 8
[16.943s][debug][gc,phases      ] GC(30)     GC Worker Other (ms):     Min:  0.0, Avg:  0.0, Max:  0.0, Diff:  0.0, Sum:  0.2, Workers: 8
[16.943s][debug][gc,phases      ] GC(30)     GC Worker Total (ms):     Min:  0.1, Avg:  0.1, Max:  0.1, Diff:  0.1, Sum:  0.9, Workers: 8
[16.943s][info ][gc,phases      ] GC(30)   Post Evacuate Collection Set: 0.4ms
[16.943s][debug][gc,phases      ] GC(30)     Code Roots Fixup: 0.0ms
[16.943s][debug][gc,phases      ] GC(30)     Clear Card Table: 0.0ms
[16.943s][debug][gc,phases      ] GC(30)     Reference Processing: 0.0ms
[16.943s][debug][gc,phases,ref  ] GC(30)       Reconsider SoftReferences: 0.0ms
[16.943s][debug][gc,phases,ref  ] GC(30)         SoftRef (ms):             skipped
[16.943s][debug][gc,phases,ref  ] GC(30)       Notify Soft/WeakReferences: 0.0ms
[16.943s][debug][gc,phases,ref  ] GC(30)         SoftRef (ms):             skipped
[16.943s][debug][gc,phases,ref  ] GC(30)         WeakRef (ms):             skipped
[16.943s][debug][gc,phases,ref  ] GC(30)         FinalRef (ms):            skipped
[16.943s][debug][gc,phases,ref  ] GC(30)         Total (ms):               skipped
[16.943s][debug][gc,phases,ref  ] GC(30)       Notify and keep alive finalizable: 0.0ms
[16.943s][debug][gc,phases,ref  ] GC(30)         FinalRef (ms):            skipped
[16.943s][debug][gc,phases,ref  ] GC(30)       Notify PhantomReferences: 0.0ms
[16.943s][debug][gc,phases,ref  ] GC(30)         PhantomRef (ms):          skipped
[16.943s][debug][gc,phases,ref  ] GC(30)       SoftReference:
[16.943s][debug][gc,phases,ref  ] GC(30)         Discovered: 0
[16.943s][debug][gc,phases,ref  ] GC(30)         Cleared: 0
[16.943s][debug][gc,phases,ref  ] GC(30)       WeakReference:
[16.943s][debug][gc,phases,ref  ] GC(30)         Discovered: 0
[16.943s][debug][gc,phases,ref  ] GC(30)         Cleared: 0
[16.943s][debug][gc,phases,ref  ] GC(30)       FinalReference:
[16.943s][debug][gc,phases,ref  ] GC(30)         Discovered: 0
[16.943s][debug][gc,phases,ref  ] GC(30)         Cleared: 0
[16.943s][debug][gc,phases,ref  ] GC(30)       PhantomReference:
[16.943s][debug][gc,phases,ref  ] GC(30)         Discovered: 0
[16.943s][debug][gc,phases,ref  ] GC(30)         Cleared: 0
[16.943s][debug][gc,phases      ] GC(30)     Weak Processing: 0.1ms
[16.943s][debug][gc,phases      ] GC(30)       JVMTI weak processing: 0.0ms
[16.943s][debug][gc,phases      ] GC(30)         Dead: 0
[16.943s][debug][gc,phases      ] GC(30)         Total: 0
[16.943s][debug][gc,phases      ] GC(30)       JFR weak processing: 0.0ms
[16.943s][debug][gc,phases      ] GC(30)         Dead: 0
[16.943s][debug][gc,phases      ] GC(30)         Total: 0
[16.943s][debug][gc,phases      ] GC(30)       JNI weak                  Min:  0.0, Avg:  0.0, Max:  0.0, Diff:  0.0, Sum:  0.0, Workers: 5
[16.943s][debug][gc,phases      ] GC(30)         Dead                      Min: 0, Avg:  0.0, Max: 0, Diff: 0, Sum: 0, Workers: 5
[16.943s][debug][gc,phases      ] GC(30)         Total                     Min: 0, Avg: 13.0, Max: 61, Diff: 61, Sum: 65, Workers: 5
[16.943s][debug][gc,phases      ] GC(30)       VM weak                   Min:  0.0, Avg:  0.0, Max:  0.0, Diff:  0.0, Sum:  0.0, Workers: 5
[16.943s][debug][gc,phases      ] GC(30)         Dead                      Min: 0, Avg:  0.0, Max: 0, Diff: 0, Sum: 0, Workers: 5
[16.943s][debug][gc,phases      ] GC(30)         Total                     Min: 0, Avg: 45.0, Max: 128, Diff: 128, Sum: 225, Workers: 5
[16.943s][debug][gc,phases      ] GC(30)       StringTable weak          Min:  0.0, Avg:  0.0, Max:  0.0, Diff:  0.0, Sum:  0.1, Workers: 5
[16.943s][debug][gc,phases      ] GC(30)         Dead                      Min: 0, Avg:  0.0, Max: 0, Diff: 0, Sum: 0, Workers: 5
[16.943s][debug][gc,phases      ] GC(30)         Total                     Min: 0, Avg: 729.8, Max: 960, Diff: 960, Sum: 3649, Workers: 5
[16.943s][debug][gc,phases      ] GC(30)       ResolvedMethodTable weak  Min:  0.0, Avg:  0.0, Max:  0.0, Diff:  0.0, Sum:  0.0, Workers: 5
[16.943s][debug][gc,phases      ] GC(30)         Dead                      Min: 0, Avg:  0.0, Max: 0, Diff: 0, Sum: 0, Workers: 5
[16.943s][debug][gc,phases      ] GC(30)         Total                     Min: 0, Avg: 118.0, Max: 192, Diff: 192, Sum: 590, Workers: 5
[16.943s][debug][gc,phases      ] GC(30)     Merge Per-Thread State: 0.0ms
[16.943s][debug][gc,phases      ] GC(30)       Copied Bytes              Min: 32, Avg: 98.0, Max: 168, Diff: 136, Sum: 784, Workers: 8
[16.943s][debug][gc,phases      ] GC(30)       LAB Waste                 Min: 0, Avg:  0.0, Max: 0, Diff: 0, Sum: 0, Workers: 8
[16.943s][debug][gc,phases      ] GC(30)       LAB Undo Waste            Min: 0, Avg:  0.0, Max: 0, Diff: 0, Sum: 0, Workers: 8
[16.943s][debug][gc,phases      ] GC(30)     Code Roots Purge: 0.0ms
[16.943s][debug][gc,phases      ] GC(30)     Redirty Cards: 0.0ms
[16.943s][debug][gc,phases      ] GC(30)     DerivedPointerTable Update: 0.0ms
[16.943s][debug][gc,phases      ] GC(30)     Free Collection Set: 0.1ms
[16.943s][debug][gc,phases      ] GC(30)     Rebuild Free List: 0.1ms
[16.943s][debug][gc,phases      ] GC(30)     Humongous Reclaim: 0.0ms
[16.943s][debug][gc,phases      ] GC(30)     Start New Collection Set: 0.0ms
[16.943s][debug][gc,phases      ] GC(30)     Resize TLABs: 0.0ms
[16.943s][debug][gc,phases      ] GC(30)     Expand Heap After Collection: 0.0ms
[16.943s][info ][gc,phases      ] GC(30)   Other: 0.3ms
[16.943s][info ][gc,heap        ] GC(30) Eden regions: 144->0(144)
[16.943s][info ][gc,heap        ] GC(30) Survivor regions: 1->1(19)
[16.943s][info ][gc,heap        ] GC(30) Old regions: 7->7
[16.943s][info ][gc,heap        ] GC(30) Archive regions: 2->2
[16.943s][info ][gc,heap        ] GC(30) Humongous regions: 0->0
[16.943s][info ][gc,metaspace   ] GC(30) Metaspace: 10547K(11136K)->10547K(11136K) NonClass: 9335K(9728K)->9335K(9728K) Class: 1212K(1408K)->1212K(1408K)
[16.943s][debug][gc,heap        ] GC(30) Heap after GC invocations=31 (full 1): garbage-first heap   total 248832K, used 4390K [0x0000000700000000, 0x0000000800000000)
[16.943s][debug][gc,heap        ] GC(30)   region size 1024K, 1 young (1024K), 1 survivors (1024K)
[16.943s][debug][gc,heap        ] GC(30)  Metaspace       used 10547K, capacity 10850K, committed 11136K, reserved 1058816K
[16.943s][debug][gc,heap        ] GC(30)   class space    used 1212K, capacity 1344K, committed 1408K, reserved 1048576K
[16.943s][info ][gc             ] GC(30) Pause Young (Normal) (G1 Evacuation Pause) 148M->4M(243M) 1.598ms
[16.943s][info ][gc,cpu         ] GC(30) User=0.00s Sys=0.00s Real=0.00s
[16.943s][info ][safepoint      ] Safepoint "G1CollectForAllocation", Time since last: 122542738 ns, Reaching safepoint: 150025 ns, At safepoint: 1781873 ns, Total: 1931898 ns
[17.054s][debug][gc,heap        ] GC(31) Heap before GC invocations=31 (full 1): garbage-first heap   total 248832K, used 151846K [0x0000000700000000, 0x0000000800000000)
[17.054s][debug][gc,heap        ] GC(31)   region size 1024K, 145 young (148480K), 1 survivors (1024K)
[17.054s][debug][gc,heap        ] GC(31)  Metaspace       used 10547K, capacity 10850K, committed 11136K, reserved 1058816K
[17.054s][debug][gc,heap        ] GC(31)   class space    used 1212K, capacity 1344K, committed 1408K, reserved 1048576K
[17.054s][info ][gc,start       ] GC(31) Pause Young (Normal) (G1 Evacuation Pause)
[17.054s][info ][gc,task        ] GC(31) Using 8 workers of 8 for evacuation
[17.054s][debug][gc,tlab        ] GC(31) TLAB totals: thrds: 8  refills: 579 max: 81 slow allocs: 0 max 0 waste:  1.1% gc: 1317248B max: 309136B slow: 333688B max: 46696B fast: 0B max: 0B
[17.054s][debug][gc,age         ] GC(31) Desired survivor size 9961472 bytes, new threshold 15 (max threshold 15)
[17.054s][debug][gc,alloc,region] GC(31) Mutator Allocation stats, regions: 144, wasted size: 0B ( 0.0%)
[17.055s][debug][gc,ergo        ] GC(31) Running G1 Merge Heap Roots using 8 workers for 145 regions
[17.055s][debug][gc,remset      ] GC(31) Visited cards 1024 Total dirty 6144 (16.67%) Total old 612352 (0.17%)
[17.055s][debug][gc,ergo        ] GC(31) Running G1 Clear Card Table Task using 1 workers for 1 units of work for 148 regions.
[17.055s][debug][gc,ref         ] GC(31) Skipped phase1 of Reference Processing due to unavailable references
[17.055s][debug][gc,ref         ] GC(31) Skipped phase2 of Reference Processing due to unavailable references
[17.055s][debug][gc,ref         ] GC(31) Skipped phase3 of Reference Processing due to unavailable references
[17.055s][debug][gc,ref         ] GC(31) Skipped phase4 of Reference Processing due to unavailable references
[17.055s][debug][gc,ergo        ] GC(31) Running G1 Free Collection Set using 8 workers for collection set length 145 (243)
[17.055s][debug][gc,ergo        ] GC(31) Running G1 Rebuild Free List Task using 8 workers for rebuilding free list of 0 (4096) regions
[17.055s][trace][gc,age         ] GC(31) Age table with threshold 15 (max threshold 15)
[17.055s][trace][gc,age         ] GC(31) - age   1:        480 bytes,        480 total
[17.055s][trace][gc,age         ] GC(31) - age   8:         96 bytes,        576 total
[17.055s][trace][gc,age         ] GC(31) - age  13:        128 bytes,        704 total
[17.055s][debug][gc,plab        ] GC(31) Young PLAB allocation: allocated: 16512B, wasted: 0B, unused: 15808B, used: 704B, undo waste: 0B, 
[17.055s][debug][gc,plab        ] GC(31) Young other allocation: region end waste: 0B, regions filled: 1, direct allocated: 0B, failure used: 0B, failure wasted: 0B
[17.055s][debug][gc,plab        ] GC(31) Young sizing: calculated: 136B, actual: 2064B
[17.055s][debug][gc,plab        ] GC(31) Old PLAB allocation: allocated: 0B, wasted: 0B, unused: 0B, used: 0B, undo waste: 0B, 
[17.055s][debug][gc,plab        ] GC(31) Old other allocation: region end waste: 0B, regions filled: 1, direct allocated: 0B, failure used: 0B, failure wasted: 0B
[17.055s][debug][gc,plab        ] GC(31) Old sizing: calculated: 0B, actual: 2064B
[17.055s][debug][gc,ihop        ] GC(31) Basic information (value update), threshold: 114661785B (45.00), target occupancy: 254803968B, current occupancy: 4496104B, recent allocation size: 0B, recent allocation duration: 111.81ms, recent old gen allocation rate: 0.00B/s, recent marking phase length: 0.00ms
[17.055s][debug][gc,ihop        ] GC(31) Adaptive IHOP information (value update), threshold: 114661785B (47.37), internal target occupancy: 242063769B, occupancy: 4496104B, additional buffer size: 152043520B, predicted old gen allocation rate: 42352.69B/s, predicted marking phase length: 0.00ms, prediction active: false
[17.055s][debug][gc,ergo,refine ] GC(31) Concurrent refinement times: Logged Cards Scan time goal: 20.00ms Logged Cards Scan time: 0.00ms HCC time: 0.00ms
[17.055s][debug][gc,ergo,refine ] GC(31) Updated Refinement Zones: green: 2048, yellow: 6144, red: 10240
[17.055s][info ][gc,phases      ] GC(31)   Pre Evacuate Collection Set: 0.1ms
[17.055s][debug][gc,phases      ] GC(31)     Prepare TLABs: 0.0ms
[17.055s][debug][gc,phases      ] GC(31)     Choose Collection Set: 0.0ms
[17.055s][debug][gc,phases      ] GC(31)     Region Register: 0.1ms
[17.055s][debug][gc,phases      ] GC(31)     Prepare Heap Roots: 0.0ms
[17.055s][info ][gc,phases      ] GC(31)   Merge Heap Roots: 0.1ms
[17.055s][debug][gc,phases      ] GC(31)     Prepare Merge Heap Roots: 0.0ms
[17.055s][debug][gc,phases      ] GC(31)     Eager Reclaim (ms):       skipped
[17.055s][debug][gc,phases      ] GC(31)     Remembered Sets (ms):     Min:  0.0, Avg:  0.0, Max:  0.0, Diff:  0.0, Sum:  0.0, Workers: 8
[17.055s][debug][gc,phases      ] GC(31)       Merged Sparse:            Min: 0, Avg:  0.0, Max: 0, Diff: 0, Sum: 0, Workers: 8
[17.055s][debug][gc,phases      ] GC(31)       Merged Fine:              Min: 0, Avg:  0.0, Max: 0, Diff: 0, Sum: 0, Workers: 8
[17.055s][debug][gc,phases      ] GC(31)       Merged Coarse:            Min: 0, Avg:  0.0, Max: 0, Diff: 0, Sum: 0, Workers: 8
[17.055s][debug][gc,phases      ] GC(31)       Dirty Cards:              Min: 0, Avg:  0.0, Max: 0, Diff: 0, Sum: 0, Workers: 8
[17.055s][debug][gc,phases      ] GC(31)     Hot Card Cache (ms):      Min:  0.0, Avg:  0.0, Max:  0.0, Diff:  0.0, Sum:  0.0, Workers: 8
[17.055s][debug][gc,phases      ] GC(31)       Dirty Cards:              Min: 0, Avg:  0.0, Max: 0, Diff: 0, Sum: 0, Workers: 8
[17.055s][debug][gc,phases      ] GC(31)       Skipped Cards:            Min: 0, Avg:  0.0, Max: 0, Diff: 0, Sum: 0, Workers: 8
[17.055s][debug][gc,phases      ] GC(31)     Log Buffers (ms):         Min:  0.0, Avg:  0.0, Max:  0.0, Diff:  0.0, Sum:  0.0, Workers: 8
[17.055s][debug][gc,phases      ] GC(31)       Dirty Cards:              Min: 0, Avg:  1.0, Max: 4, Diff: 4, Sum: 8, Workers: 8
[17.055s][debug][gc,phases      ] GC(31)       Skipped Cards:            Min: 0, Avg:  0.0, Max: 0, Diff: 0, Sum: 0, Workers: 8
[17.055s][info ][gc,phases      ] GC(31)   Evacuate Collection Set: 0.2ms
[17.055s][debug][gc,phases      ] GC(31)     Ext Root Scanning (ms):   Min:  0.0, Avg:  0.0, Max:  0.0, Diff:  0.0, Sum:  0.2, Workers: 8
[17.055s][debug][gc,phases      ] GC(31)     Scan Heap Roots (ms):     Min:  0.0, Avg:  0.0, Max:  0.0, Diff:  0.0, Sum:  0.0, Workers: 8
[17.055s][debug][gc,phases      ] GC(31)       Scanned Cards:            Min: 0, Avg:  0.6, Max: 2, Diff: 2, Sum: 5, Workers: 8
[17.055s][debug][gc,phases      ] GC(31)       Scanned Blocks:           Min: 0, Avg:  0.6, Max: 2, Diff: 2, Sum: 5, Workers: 8
[17.055s][debug][gc,phases      ] GC(31)       Claimed Chunks:           Min: 0, Avg:  0.5, Max: 1, Diff: 1, Sum: 4, Workers: 8
[17.055s][debug][gc,phases      ] GC(31)     Code Root Scan (ms):      Min:  0.0, Avg:  0.0, Max:  0.0, Diff:  0.0, Sum:  0.0, Workers: 8
[17.055s][debug][gc,phases      ] GC(31)     Object Copy (ms):         Min:  0.0, Avg:  0.0, Max:  0.0, Diff:  0.0, Sum:  0.0, Workers: 8
[17.055s][debug][gc,phases      ] GC(31)     Termination (ms):         Min:  0.1, Avg:  0.1, Max:  0.1, Diff:  0.0, Sum:  0.6, Workers: 8
[17.055s][debug][gc,phases      ] GC(31)       Termination Attempts:     Min: 1, Avg:  1.0, Max: 1, Diff: 0, Sum: 8, Workers: 8
[17.055s][debug][gc,phases      ] GC(31)     GC Worker Other (ms):     Min:  0.0, Avg:  0.0, Max:  0.0, Diff:  0.0, Sum:  0.1, Workers: 8
[17.055s][debug][gc,phases      ] GC(31)     GC Worker Total (ms):     Min:  0.1, Avg:  0.1, Max:  0.1, Diff:  0.0, Sum:  1.0, Workers: 8
[17.055s][info ][gc,phases      ] GC(31)   Post Evacuate Collection Set: 0.4ms
[17.055s][debug][gc,phases      ] GC(31)     Code Roots Fixup: 0.0ms
[17.055s][debug][gc,phases      ] GC(31)     Clear Card Table: 0.1ms
[17.055s][debug][gc,phases      ] GC(31)     Reference Processing: 0.0ms
[17.055s][debug][gc,phases,ref  ] GC(31)       Reconsider SoftReferences: 0.0ms
[17.055s][debug][gc,phases,ref  ] GC(31)         SoftRef (ms):             skipped
[17.055s][debug][gc,phases,ref  ] GC(31)       Notify Soft/WeakReferences: 0.0ms
[17.055s][debug][gc,phases,ref  ] GC(31)         SoftRef (ms):             skipped
[17.055s][debug][gc,phases,ref  ] GC(31)         WeakRef (ms):             skipped
[17.055s][debug][gc,phases,ref  ] GC(31)         FinalRef (ms):            skipped
[17.055s][debug][gc,phases,ref  ] GC(31)         Total (ms):               skipped
[17.056s][debug][gc,phases,ref  ] GC(31)       Notify and keep alive finalizable: 0.0ms
[17.056s][debug][gc,phases,ref  ] GC(31)         FinalRef (ms):            skipped
[17.056s][debug][gc,phases,ref  ] GC(31)       Notify PhantomReferences: 0.0ms
[17.056s][debug][gc,phases,ref  ] GC(31)         PhantomRef (ms):          skipped
[17.056s][debug][gc,phases,ref  ] GC(31)       SoftReference:
[17.056s][debug][gc,phases,ref  ] GC(31)         Discovered: 0
[17.056s][debug][gc,phases,ref  ] GC(31)         Cleared: 0
[17.056s][debug][gc,phases,ref  ] GC(31)       WeakReference:
[17.056s][debug][gc,phases,ref  ] GC(31)         Discovered: 0
[17.056s][debug][gc,phases,ref  ] GC(31)         Cleared: 0
[17.056s][debug][gc,phases,ref  ] GC(31)       FinalReference:
[17.056s][debug][gc,phases,ref  ] GC(31)         Discovered: 0
[17.056s][debug][gc,phases,ref  ] GC(31)         Cleared: 0
[17.056s][debug][gc,phases,ref  ] GC(31)       PhantomReference:
[17.056s][debug][gc,phases,ref  ] GC(31)         Discovered: 0
[17.056s][debug][gc,phases,ref  ] GC(31)         Cleared: 0
[17.056s][debug][gc,phases      ] GC(31)     Weak Processing: 0.1ms
[17.056s][debug][gc,phases      ] GC(31)       JVMTI weak processing: 0.0ms
[17.056s][debug][gc,phases      ] GC(31)         Dead: 0
[17.056s][debug][gc,phases      ] GC(31)         Total: 0
[17.056s][debug][gc,phases      ] GC(31)       JFR weak processing: 0.0ms
[17.056s][debug][gc,phases      ] GC(31)         Dead: 0
[17.056s][debug][gc,phases      ] GC(31)         Total: 0
[17.056s][debug][gc,phases      ] GC(31)       JNI weak                  Min:  0.0, Avg:  0.0, Max:  0.0, Diff:  0.0, Sum:  0.1, Workers: 5
[17.056s][debug][gc,phases      ] GC(31)         Dead                      Min: 0, Avg:  0.0, Max: 0, Diff: 0, Sum: 0, Workers: 5
[17.056s][debug][gc,phases      ] GC(31)         Total                     Min: 0, Avg: 13.0, Max: 61, Diff: 61, Sum: 65, Workers: 5
[17.056s][debug][gc,phases      ] GC(31)       VM weak                   Min:  0.0, Avg:  0.0, Max:  0.0, Diff:  0.0, Sum:  0.0, Workers: 5
[17.056s][debug][gc,phases      ] GC(31)         Dead                      Min: 0, Avg:  0.0, Max: 0, Diff: 0, Sum: 0, Workers: 5
[17.056s][debug][gc,phases      ] GC(31)         Total                     Min: 0, Avg: 45.0, Max: 128, Diff: 128, Sum: 225, Workers: 5
[17.056s][debug][gc,phases      ] GC(31)       StringTable weak          Min:  0.0, Avg:  0.0, Max:  0.0, Diff:  0.0, Sum:  0.1, Workers: 5
[17.056s][debug][gc,phases      ] GC(31)         Dead                      Min: 0, Avg:  0.0, Max: 0, Diff: 0, Sum: 0, Workers: 5
[17.056s][debug][gc,phases      ] GC(31)         Total                     Min: 0, Avg: 729.8, Max: 1856, Diff: 1856, Sum: 3649, Workers: 5
[17.056s][debug][gc,phases      ] GC(31)       ResolvedMethodTable weak  Min:  0.0, Avg:  0.0, Max:  0.0, Diff:  0.0, Sum:  0.1, Workers: 5
[17.056s][debug][gc,phases      ] GC(31)         Dead                      Min: 0, Avg:  0.0, Max: 0, Diff: 0, Sum: 0, Workers: 5
[17.056s][debug][gc,phases      ] GC(31)         Total                     Min: 0, Avg: 118.0, Max: 256, Diff: 256, Sum: 590, Workers: 5
[17.056s][debug][gc,phases      ] GC(31)     Merge Per-Thread State: 0.0ms
[17.056s][debug][gc,phases      ] GC(31)       Copied Bytes              Min: 24, Avg: 88.0, Max: 160, Diff: 136, Sum: 704, Workers: 8
[17.056s][debug][gc,phases      ] GC(31)       LAB Waste                 Min: 0, Avg:  0.0, Max: 0, Diff: 0, Sum: 0, Workers: 8
[17.056s][debug][gc,phases      ] GC(31)       LAB Undo Waste            Min: 0, Avg:  0.0, Max: 0, Diff: 0, Sum: 0, Workers: 8
[17.056s][debug][gc,phases      ] GC(31)     Code Roots Purge: 0.0ms
[17.056s][debug][gc,phases      ] GC(31)     Redirty Cards: 0.0ms
[17.056s][debug][gc,phases      ] GC(31)     DerivedPointerTable Update: 0.0ms
[17.056s][debug][gc,phases      ] GC(31)     Free Collection Set: 0.1ms
[17.056s][debug][gc,phases      ] GC(31)     Rebuild Free List: 0.0ms
[17.056s][debug][gc,phases      ] GC(31)     Humongous Reclaim: 0.0ms
[17.056s][debug][gc,phases      ] GC(31)     Start New Collection Set: 0.0ms
[17.056s][debug][gc,phases      ] GC(31)     Resize TLABs: 0.0ms
[17.056s][debug][gc,phases      ] GC(31)     Expand Heap After Collection: 0.0ms
[17.056s][info ][gc,phases      ] GC(31)   Other: 0.3ms
[17.056s][info ][gc,heap        ] GC(31) Eden regions: 144->0(144)
[17.056s][info ][gc,heap        ] GC(31) Survivor regions: 1->1(19)
[17.056s][info ][gc,heap        ] GC(31) Old regions: 7->7
[17.056s][info ][gc,heap        ] GC(31) Archive regions: 2->2
[17.056s][info ][gc,heap        ] GC(31) Humongous regions: 0->0
[17.056s][info ][gc,metaspace   ] GC(31) Metaspace: 10547K(11136K)->10547K(11136K) NonClass: 9335K(9728K)->9335K(9728K) Class: 1212K(1408K)->1212K(1408K)
[17.056s][debug][gc,heap        ] GC(31) Heap after GC invocations=32 (full 1): garbage-first heap   total 248832K, used 4390K [0x0000000700000000, 0x0000000800000000)
[17.056s][debug][gc,heap        ] GC(31)   region size 1024K, 1 young (1024K), 1 survivors (1024K)
[17.056s][debug][gc,heap        ] GC(31)  Metaspace       used 10547K, capacity 10850K, committed 11136K, reserved 1058816K
[17.056s][debug][gc,heap        ] GC(31)   class space    used 1212K, capacity 1344K, committed 1408K, reserved 1048576K
[17.056s][info ][gc             ] GC(31) Pause Young (Normal) (G1 Evacuation Pause) 148M->4M(243M) 1.461ms
[17.056s][info ][gc,cpu         ] GC(31) User=0.01s Sys=0.00s Real=0.00s
[17.056s][info ][safepoint      ] Safepoint "G1CollectForAllocation", Time since last: 110790444 ns, Reaching safepoint: 187719 ns, At safepoint: 1641450 ns, Total: 1829169 ns
[17.181s][debug][gc,heap        ] GC(32) Heap before GC invocations=32 (full 1): garbage-first heap   total 248832K, used 151846K [0x0000000700000000, 0x0000000800000000)
[17.181s][debug][gc,heap        ] GC(32)   region size 1024K, 145 young (148480K), 1 survivors (1024K)
[17.181s][debug][gc,heap        ] GC(32)  Metaspace       used 10547K, capacity 10850K, committed 11136K, reserved 1058816K
[17.181s][debug][gc,heap        ] GC(32)   class space    used 1212K, capacity 1344K, committed 1408K, reserved 1048576K
[17.181s][info ][gc,start       ] GC(32) Pause Young (Normal) (G1 Evacuation Pause)
[17.181s][info ][gc,task        ] GC(32) Using 8 workers of 8 for evacuation
[17.181s][debug][gc,tlab        ] GC(32) TLAB totals: thrds: 8  refills: 579 max: 78 slow allocs: 0 max 0 waste:  1.0% gc: 1221888B max: 292776B slow: 333008B max: 45144B fast: 0B max: 0B
[17.181s][debug][gc,age         ] GC(32) Desired survivor size 9961472 bytes, new threshold 15 (max threshold 15)
[17.181s][debug][gc,alloc,region] GC(32) Mutator Allocation stats, regions: 144, wasted size: 0B ( 0.0%)
[17.182s][debug][gc,ergo        ] GC(32) Running G1 Merge Heap Roots using 8 workers for 145 regions
[17.182s][debug][gc,remset      ] GC(32) Visited cards 1024 Total dirty 6144 (16.67%) Total old 612352 (0.17%)
[17.182s][debug][gc,ergo        ] GC(32) Running G1 Clear Card Table Task using 1 workers for 1 units of work for 148 regions.
[17.182s][debug][gc,ref         ] GC(32) Skipped phase1 of Reference Processing due to unavailable references
[17.182s][debug][gc,ref         ] GC(32) Skipped phase2 of Reference Processing due to unavailable references
[17.182s][debug][gc,ref         ] GC(32) Skipped phase3 of Reference Processing due to unavailable references
[17.182s][debug][gc,ref         ] GC(32) Skipped phase4 of Reference Processing due to unavailable references
[17.182s][debug][gc,ergo        ] GC(32) Running G1 Free Collection Set using 8 workers for collection set length 145 (243)
[17.182s][debug][gc,ergo        ] GC(32) Running G1 Rebuild Free List Task using 8 workers for rebuilding free list of 0 (4096) regions
[17.182s][trace][gc,age         ] GC(32) Age table with threshold 15 (max threshold 15)
[17.182s][trace][gc,age         ] GC(32) - age   1:        296 bytes,        296 total
[17.182s][trace][gc,age         ] GC(32) - age   9:         96 bytes,        392 total
[17.182s][trace][gc,age         ] GC(32) - age  14:        128 bytes,        520 total
[17.182s][debug][gc,plab        ] GC(32) Young PLAB allocation: allocated: 16512B, wasted: 0B, unused: 15992B, used: 520B, undo waste: 0B, 
[17.182s][debug][gc,plab        ] GC(32) Young other allocation: region end waste: 0B, regions filled: 1, direct allocated: 0B, failure used: 0B, failure wasted: 0B
[17.182s][debug][gc,plab        ] GC(32) Young sizing: calculated: 104B, actual: 2064B
[17.182s][debug][gc,plab        ] GC(32) Old PLAB allocation: allocated: 0B, wasted: 0B, unused: 0B, used: 0B, undo waste: 0B, 
[17.182s][debug][gc,plab        ] GC(32) Old other allocation: region end waste: 0B, regions filled: 1, direct allocated: 0B, failure used: 0B, failure wasted: 0B
[17.182s][debug][gc,plab        ] GC(32) Old sizing: calculated: 0B, actual: 2064B
[17.182s][debug][gc,ihop        ] GC(32) Basic information (value update), threshold: 114661785B (45.00), target occupancy: 254803968B, current occupancy: 4496104B, recent allocation size: 0B, recent allocation duration: 126.23ms, recent old gen allocation rate: 0.00B/s, recent marking phase length: 0.00ms
[17.182s][debug][gc,ihop        ] GC(32) Adaptive IHOP information (value update), threshold: 114661785B (47.37), internal target occupancy: 242063769B, occupancy: 4496104B, additional buffer size: 152043520B, predicted old gen allocation rate: 40992.87B/s, predicted marking phase length: 0.00ms, prediction active: false
[17.182s][debug][gc,ergo,refine ] GC(32) Concurrent refinement times: Logged Cards Scan time goal: 20.00ms Logged Cards Scan time: 0.00ms HCC time: 0.00ms
[17.182s][debug][gc,ergo,refine ] GC(32) Updated Refinement Zones: green: 2048, yellow: 6144, red: 10240
[17.182s][info ][gc,phases      ] GC(32)   Pre Evacuate Collection Set: 0.1ms
[17.182s][debug][gc,phases      ] GC(32)     Prepare TLABs: 0.0ms
[17.182s][debug][gc,phases      ] GC(32)     Choose Collection Set: 0.0ms
[17.182s][debug][gc,phases      ] GC(32)     Region Register: 0.1ms
[17.182s][debug][gc,phases      ] GC(32)     Prepare Heap Roots: 0.0ms
[17.182s][info ][gc,phases      ] GC(32)   Merge Heap Roots: 0.1ms
[17.182s][debug][gc,phases      ] GC(32)     Prepare Merge Heap Roots: 0.0ms
[17.182s][debug][gc,phases      ] GC(32)     Eager Reclaim (ms):       skipped
[17.182s][debug][gc,phases      ] GC(32)     Remembered Sets (ms):     Min:  0.0, Avg:  0.0, Max:  0.0, Diff:  0.0, Sum:  0.1, Workers: 8
[17.182s][debug][gc,phases      ] GC(32)       Merged Sparse:            Min: 0, Avg:  0.0, Max: 0, Diff: 0, Sum: 0, Workers: 8
[17.182s][debug][gc,phases      ] GC(32)       Merged Fine:              Min: 0, Avg:  0.0, Max: 0, Diff: 0, Sum: 0, Workers: 8
[17.182s][debug][gc,phases      ] GC(32)       Merged Coarse:            Min: 0, Avg:  0.0, Max: 0, Diff: 0, Sum: 0, Workers: 8
[17.182s][debug][gc,phases      ] GC(32)       Dirty Cards:              Min: 0, Avg:  0.0, Max: 0, Diff: 0, Sum: 0, Workers: 8
[17.182s][debug][gc,phases      ] GC(32)     Hot Card Cache (ms):      Min:  0.0, Avg:  0.0, Max:  0.0, Diff:  0.0, Sum:  0.0, Workers: 8
[17.182s][debug][gc,phases      ] GC(32)       Dirty Cards:              Min: 0, Avg:  0.0, Max: 0, Diff: 0, Sum: 0, Workers: 8
[17.182s][debug][gc,phases      ] GC(32)       Skipped Cards:            Min: 0, Avg:  0.0, Max: 0, Diff: 0, Sum: 0, Workers: 8
[17.182s][debug][gc,phases      ] GC(32)     Log Buffers (ms):         Min:  0.0, Avg:  0.0, Max:  0.0, Diff:  0.0, Sum:  0.0, Workers: 8
[17.182s][debug][gc,phases      ] GC(32)       Dirty Cards:              Min: 0, Avg:  1.1, Max: 3, Diff: 3, Sum: 9, Workers: 8
[17.182s][debug][gc,phases      ] GC(32)       Skipped Cards:            Min: 0, Avg:  0.0, Max: 0, Diff: 0, Sum: 0, Workers: 8
[17.182s][info ][gc,phases      ] GC(32)   Evacuate Collection Set: 0.1ms
[17.182s][debug][gc,phases      ] GC(32)     Ext Root Scanning (ms):   Min:  0.0, Avg:  0.0, Max:  0.1, Diff:  0.1, Sum:  0.2, Workers: 8
[17.182s][debug][gc,phases      ] GC(32)     Scan Heap Roots (ms):     Min:  0.0, Avg:  0.0, Max:  0.0, Diff:  0.0, Sum:  0.0, Workers: 8
[17.182s][debug][gc,phases      ] GC(32)       Scanned Cards:            Min: 0, Avg:  0.6, Max: 2, Diff: 2, Sum: 5, Workers: 8
[17.182s][debug][gc,phases      ] GC(32)       Scanned Blocks:           Min: 0, Avg:  0.6, Max: 2, Diff: 2, Sum: 5, Workers: 8
[17.182s][debug][gc,phases      ] GC(32)       Claimed Chunks:           Min: 0, Avg:  0.5, Max: 1, Diff: 1, Sum: 4, Workers: 8
[17.182s][debug][gc,phases      ] GC(32)     Code Root Scan (ms):      Min:  0.0, Avg:  0.0, Max:  0.0, Diff:  0.0, Sum:  0.0, Workers: 8
[17.182s][debug][gc,phases      ] GC(32)     Object Copy (ms):         Min:  0.0, Avg:  0.0, Max:  0.0, Diff:  0.0, Sum:  0.0, Workers: 8
[17.182s][debug][gc,phases      ] GC(32)     Termination (ms):         Min:  0.0, Avg:  0.0, Max:  0.0, Diff:  0.0, Sum:  0.3, Workers: 8
[17.182s][debug][gc,phases      ] GC(32)       Termination Attempts:     Min: 1, Avg:  1.0, Max: 1, Diff: 0, Sum: 8, Workers: 8
[17.182s][debug][gc,phases      ] GC(32)     GC Worker Other (ms):     Min:  0.0, Avg:  0.0, Max:  0.0, Diff:  0.0, Sum:  0.1, Workers: 8
[17.182s][debug][gc,phases      ] GC(32)     GC Worker Total (ms):     Min:  0.1, Avg:  0.1, Max:  0.1, Diff:  0.0, Sum:  0.7, Workers: 8
[17.182s][info ][gc,phases      ] GC(32)   Post Evacuate Collection Set: 0.3ms
[17.182s][debug][gc,phases      ] GC(32)     Code Roots Fixup: 0.0ms
[17.182s][debug][gc,phases      ] GC(32)     Clear Card Table: 0.1ms
[17.182s][debug][gc,phases      ] GC(32)     Reference Processing: 0.0ms
[17.182s][debug][gc,phases,ref  ] GC(32)       Reconsider SoftReferences: 0.0ms
[17.182s][debug][gc,phases,ref  ] GC(32)         SoftRef (ms):             skipped
[17.182s][debug][gc,phases,ref  ] GC(32)       Notify Soft/WeakReferences: 0.0ms
[17.182s][debug][gc,phases,ref  ] GC(32)         SoftRef (ms):             skipped
[17.182s][debug][gc,phases,ref  ] GC(32)         WeakRef (ms):             skipped
[17.182s][debug][gc,phases,ref  ] GC(32)         FinalRef (ms):            skipped
[17.182s][debug][gc,phases,ref  ] GC(32)         Total (ms):               skipped
[17.182s][debug][gc,phases,ref  ] GC(32)       Notify and keep alive finalizable: 0.0ms
[17.182s][debug][gc,phases,ref  ] GC(32)         FinalRef (ms):            skipped
[17.182s][debug][gc,phases,ref  ] GC(32)       Notify PhantomReferences: 0.0ms
[17.182s][debug][gc,phases,ref  ] GC(32)         PhantomRef (ms):          skipped
[17.182s][debug][gc,phases,ref  ] GC(32)       SoftReference:
[17.182s][debug][gc,phases,ref  ] GC(32)         Discovered: 0
[17.182s][debug][gc,phases,ref  ] GC(32)         Cleared: 0
[17.182s][debug][gc,phases,ref  ] GC(32)       WeakReference:
[17.182s][debug][gc,phases,ref  ] GC(32)         Discovered: 0
[17.182s][debug][gc,phases,ref  ] GC(32)         Cleared: 0
[17.182s][debug][gc,phases,ref  ] GC(32)       FinalReference:
[17.182s][debug][gc,phases,ref  ] GC(32)         Discovered: 0
[17.182s][debug][gc,phases,ref  ] GC(32)         Cleared: 0
[17.182s][debug][gc,phases,ref  ] GC(32)       PhantomReference:
[17.183s][debug][gc,phases,ref  ] GC(32)         Discovered: 0
[17.183s][debug][gc,phases,ref  ] GC(32)         Cleared: 0
[17.183s][debug][gc,phases      ] GC(32)     Weak Processing: 0.1ms
[17.183s][debug][gc,phases      ] GC(32)       JVMTI weak processing: 0.0ms
[17.183s][debug][gc,phases      ] GC(32)         Dead: 0
[17.183s][debug][gc,phases      ] GC(32)         Total: 0
[17.183s][debug][gc,phases      ] GC(32)       JFR weak processing: 0.0ms
[17.183s][debug][gc,phases      ] GC(32)         Dead: 0
[17.183s][debug][gc,phases      ] GC(32)         Total: 0
[17.183s][debug][gc,phases      ] GC(32)       JNI weak                  Min:  0.0, Avg:  0.0, Max:  0.0, Diff:  0.0, Sum:  0.0, Workers: 5
[17.183s][debug][gc,phases      ] GC(32)         Dead                      Min: 0, Avg:  0.0, Max: 0, Diff: 0, Sum: 0, Workers: 5
[17.183s][debug][gc,phases      ] GC(32)         Total                     Min: 0, Avg: 13.0, Max: 61, Diff: 61, Sum: 65, Workers: 5
[17.183s][debug][gc,phases      ] GC(32)       VM weak                   Min:  0.0, Avg:  0.0, Max:  0.0, Diff:  0.0, Sum:  0.0, Workers: 5
[17.183s][debug][gc,phases      ] GC(32)         Dead                      Min: 0, Avg:  0.0, Max: 0, Diff: 0, Sum: 0, Workers: 5
[17.183s][debug][gc,phases      ] GC(32)         Total                     Min: 0, Avg: 45.0, Max: 128, Diff: 128, Sum: 225, Workers: 5
[17.183s][debug][gc,phases      ] GC(32)       StringTable weak          Min:  0.0, Avg:  0.0, Max:  0.0, Diff:  0.0, Sum:  0.1, Workers: 5
[17.183s][debug][gc,phases      ] GC(32)         Dead                      Min: 0, Avg:  0.0, Max: 0, Diff: 0, Sum: 0, Workers: 5
[17.183s][debug][gc,phases      ] GC(32)         Total                     Min: 0, Avg: 729.8, Max: 1857, Diff: 1857, Sum: 3649, Workers: 5
[17.183s][debug][gc,phases      ] GC(32)       ResolvedMethodTable weak  Min:  0.0, Avg:  0.0, Max:  0.0, Diff:  0.0, Sum:  0.0, Workers: 5
[17.183s][debug][gc,phases      ] GC(32)         Dead                      Min: 0, Avg:  0.0, Max: 0, Diff: 0, Sum: 0, Workers: 5
[17.183s][debug][gc,phases      ] GC(32)         Total                     Min: 0, Avg: 118.0, Max: 192, Diff: 192, Sum: 590, Workers: 5
[17.183s][debug][gc,phases      ] GC(32)     Merge Per-Thread State: 0.0ms
[17.183s][debug][gc,phases      ] GC(32)       Copied Bytes              Min: 24, Avg: 65.0, Max: 136, Diff: 112, Sum: 520, Workers: 8
[17.183s][debug][gc,phases      ] GC(32)       LAB Waste                 Min: 0, Avg:  0.0, Max: 0, Diff: 0, Sum: 0, Workers: 8
[17.183s][debug][gc,phases      ] GC(32)       LAB Undo Waste            Min: 0, Avg:  0.0, Max: 0, Diff: 0, Sum: 0, Workers: 8
[17.183s][debug][gc,phases      ] GC(32)     Code Roots Purge: 0.0ms
[17.183s][debug][gc,phases      ] GC(32)     Redirty Cards: 0.0ms
[17.183s][debug][gc,phases      ] GC(32)     DerivedPointerTable Update: 0.0ms
[17.183s][debug][gc,phases      ] GC(32)     Free Collection Set: 0.1ms
[17.183s][debug][gc,phases      ] GC(32)     Rebuild Free List: 0.0ms
[17.183s][debug][gc,phases      ] GC(32)     Humongous Reclaim: 0.0ms
[17.183s][debug][gc,phases      ] GC(32)     Start New Collection Set: 0.0ms
[17.183s][debug][gc,phases      ] GC(32)     Resize TLABs: 0.0ms
[17.183s][debug][gc,phases      ] GC(32)     Expand Heap After Collection: 0.0ms
[17.183s][info ][gc,phases      ] GC(32)   Other: 0.3ms
[17.183s][info ][gc,heap        ] GC(32) Eden regions: 144->0(144)
[17.183s][info ][gc,heap        ] GC(32) Survivor regions: 1->1(19)
[17.183s][info ][gc,heap        ] GC(32) Old regions: 7->7
[17.183s][info ][gc,heap        ] GC(32) Archive regions: 2->2
[17.183s][info ][gc,heap        ] GC(32) Humongous regions: 0->0
[17.183s][info ][gc,metaspace   ] GC(32) Metaspace: 10547K(11136K)->10547K(11136K) NonClass: 9335K(9728K)->9335K(9728K) Class: 1212K(1408K)->1212K(1408K)
[17.183s][debug][gc,heap        ] GC(32) Heap after GC invocations=33 (full 1): garbage-first heap   total 248832K, used 4390K [0x0000000700000000, 0x0000000800000000)
[17.183s][debug][gc,heap        ] GC(32)   region size 1024K, 1 young (1024K), 1 survivors (1024K)
[17.183s][debug][gc,heap        ] GC(32)  Metaspace       used 10547K, capacity 10850K, committed 11136K, reserved 1058816K
[17.183s][debug][gc,heap        ] GC(32)   class space    used 1212K, capacity 1344K, committed 1408K, reserved 1048576K
[17.183s][info ][gc             ] GC(32) Pause Young (Normal) (G1 Evacuation Pause) 148M->4M(243M) 1.377ms
[17.183s][info ][gc,cpu         ] GC(32) User=0.01s Sys=0.00s Real=0.00s
[17.183s][info ][safepoint      ] Safepoint "G1CollectForAllocation", Time since last: 125196304 ns, Reaching safepoint: 185876 ns, At safepoint: 1560154 ns, Total: 1746030 ns
[17.308s][debug][gc,heap        ] GC(33) Heap before GC invocations=33 (full 1): garbage-first heap   total 248832K, used 151846K [0x0000000700000000, 0x0000000800000000)
[17.308s][debug][gc,heap        ] GC(33)   region size 1024K, 145 young (148480K), 1 survivors (1024K)
[17.308s][debug][gc,heap        ] GC(33)  Metaspace       used 10547K, capacity 10850K, committed 11136K, reserved 1058816K
[17.308s][debug][gc,heap        ] GC(33)   class space    used 1212K, capacity 1344K, committed 1408K, reserved 1048576K
[17.308s][info ][gc,start       ] GC(33) Pause Young (Normal) (G1 Evacuation Pause)
[17.308s][info ][gc,task        ] GC(33) Using 8 workers of 8 for evacuation
[17.308s][debug][gc,tlab        ] GC(33) TLAB totals: thrds: 8  refills: 580 max: 84 slow allocs: 0 max 0 waste:  1.1% gc: 1325192B max: 272096B slow: 333672B max: 48720B fast: 0B max: 0B
[17.308s][debug][gc,age         ] GC(33) Desired survivor size 9961472 bytes, new threshold 15 (max threshold 15)
[17.308s][debug][gc,alloc,region] GC(33) Mutator Allocation stats, regions: 144, wasted size: 0B ( 0.0%)
[17.308s][debug][gc,ergo        ] GC(33) Running G1 Merge Heap Roots using 8 workers for 145 regions
[17.308s][debug][gc,remset      ] GC(33) Visited cards 1024 Total dirty 6144 (16.67%) Total old 612352 (0.17%)
[17.308s][debug][gc,ergo        ] GC(33) Running G1 Clear Card Table Task using 1 workers for 1 units of work for 148 regions.
[17.308s][debug][gc,ref         ] GC(33) Skipped phase1 of Reference Processing due to unavailable references
[17.308s][debug][gc,ref         ] GC(33) Skipped phase2 of Reference Processing due to unavailable references
[17.308s][debug][gc,ref         ] GC(33) Skipped phase3 of Reference Processing due to unavailable references
[17.308s][debug][gc,ref         ] GC(33) Skipped phase4 of Reference Processing due to unavailable references
[17.308s][debug][gc,ergo        ] GC(33) Running G1 Free Collection Set using 8 workers for collection set length 145 (243)
[17.309s][debug][gc,ergo        ] GC(33) Running G1 Rebuild Free List Task using 8 workers for rebuilding free list of 0 (4096) regions
[17.309s][trace][gc,age         ] GC(33) Age table with threshold 15 (max threshold 15)
[17.309s][trace][gc,age         ] GC(33) - age   1:        656 bytes,        656 total
[17.309s][trace][gc,age         ] GC(33) - age  10:         96 bytes,        752 total
[17.309s][trace][gc,age         ] GC(33) - age  15:        128 bytes,        880 total
[17.309s][debug][gc,plab        ] GC(33) Young PLAB allocation: allocated: 16512B, wasted: 0B, unused: 15632B, used: 880B, undo waste: 0B, 
[17.309s][debug][gc,plab        ] GC(33) Young other allocation: region end waste: 0B, regions filled: 1, direct allocated: 0B, failure used: 0B, failure wasted: 0B
[17.309s][debug][gc,plab        ] GC(33) Young sizing: calculated: 176B, actual: 2064B
[17.309s][debug][gc,plab        ] GC(33) Old PLAB allocation: allocated: 0B, wasted: 0B, unused: 0B, used: 0B, undo waste: 0B, 
[17.309s][debug][gc,plab        ] GC(33) Old other allocation: region end waste: 0B, regions filled: 1, direct allocated: 0B, failure used: 0B, failure wasted: 0B
[17.309s][debug][gc,plab        ] GC(33) Old sizing: calculated: 0B, actual: 2064B
[17.309s][debug][gc,ihop        ] GC(33) Basic information (value update), threshold: 114661785B (45.00), target occupancy: 254803968B, current occupancy: 4496104B, recent allocation size: 0B, recent allocation duration: 125.54ms, recent old gen allocation rate: 0.00B/s, recent marking phase length: 0.00ms
[17.309s][debug][gc,ihop        ] GC(33) Adaptive IHOP information (value update), threshold: 114661785B (47.37), internal target occupancy: 242063769B, occupancy: 4496104B, additional buffer size: 152043520B, predicted old gen allocation rate: 39681.02B/s, predicted marking phase length: 0.00ms, prediction active: false
[17.309s][debug][gc,ergo,refine ] GC(33) Concurrent refinement times: Logged Cards Scan time goal: 20.00ms Logged Cards Scan time: 0.01ms HCC time: 0.00ms
[17.309s][debug][gc,ergo,refine ] GC(33) Updated Refinement Zones: green: 2048, yellow: 6144, red: 10240
[17.309s][info ][gc,phases      ] GC(33)   Pre Evacuate Collection Set: 0.1ms
[17.309s][debug][gc,phases      ] GC(33)     Prepare TLABs: 0.0ms
[17.309s][debug][gc,phases      ] GC(33)     Choose Collection Set: 0.0ms
[17.309s][debug][gc,phases      ] GC(33)     Region Register: 0.1ms
[17.309s][debug][gc,phases      ] GC(33)     Prepare Heap Roots: 0.0ms
[17.309s][info ][gc,phases      ] GC(33)   Merge Heap Roots: 0.2ms
[17.309s][debug][gc,phases      ] GC(33)     Prepare Merge Heap Roots: 0.0ms
[17.309s][debug][gc,phases      ] GC(33)     Eager Reclaim (ms):       skipped
[17.309s][debug][gc,phases      ] GC(33)     Remembered Sets (ms):     Min:  0.0, Avg:  0.0, Max:  0.0, Diff:  0.0, Sum:  0.2, Workers: 8
[17.309s][debug][gc,phases      ] GC(33)       Merged Sparse:            Min: 0, Avg:  0.0, Max: 0, Diff: 0, Sum: 0, Workers: 8
[17.309s][debug][gc,phases      ] GC(33)       Merged Fine:              Min: 0, Avg:  0.0, Max: 0, Diff: 0, Sum: 0, Workers: 8
[17.309s][debug][gc,phases      ] GC(33)       Merged Coarse:            Min: 0, Avg:  0.0, Max: 0, Diff: 0, Sum: 0, Workers: 8
[17.309s][debug][gc,phases      ] GC(33)       Dirty Cards:              Min: 0, Avg:  0.0, Max: 0, Diff: 0, Sum: 0, Workers: 8
[17.309s][debug][gc,phases      ] GC(33)     Hot Card Cache (ms):      Min:  0.0, Avg:  0.0, Max:  0.0, Diff:  0.0, Sum:  0.0, Workers: 8
[17.309s][debug][gc,phases      ] GC(33)       Dirty Cards:              Min: 0, Avg:  0.0, Max: 0, Diff: 0, Sum: 0, Workers: 8
[17.309s][debug][gc,phases      ] GC(33)       Skipped Cards:            Min: 0, Avg:  0.0, Max: 0, Diff: 0, Sum: 0, Workers: 8
[17.309s][debug][gc,phases      ] GC(33)     Log Buffers (ms):         Min:  0.0, Avg:  0.0, Max:  0.0, Diff:  0.0, Sum:  0.0, Workers: 8
[17.309s][debug][gc,phases      ] GC(33)       Dirty Cards:              Min: 0, Avg:  1.1, Max: 3, Diff: 3, Sum: 9, Workers: 8
[17.309s][debug][gc,phases      ] GC(33)       Skipped Cards:            Min: 0, Avg:  0.0, Max: 0, Diff: 0, Sum: 0, Workers: 8
[17.309s][info ][gc,phases      ] GC(33)   Evacuate Collection Set: 0.2ms
[17.309s][debug][gc,phases      ] GC(33)     Ext Root Scanning (ms):   Min:  0.0, Avg:  0.0, Max:  0.1, Diff:  0.1, Sum:  0.3, Workers: 8
[17.309s][debug][gc,phases      ] GC(33)     Scan Heap Roots (ms):     Min:  0.0, Avg:  0.0, Max:  0.0, Diff:  0.0, Sum:  0.0, Workers: 8
[17.309s][debug][gc,phases      ] GC(33)       Scanned Cards:            Min: 0, Avg:  0.6, Max: 2, Diff: 2, Sum: 5, Workers: 8
[17.309s][debug][gc,phases      ] GC(33)       Scanned Blocks:           Min: 0, Avg:  0.6, Max: 2, Diff: 2, Sum: 5, Workers: 8
[17.309s][debug][gc,phases      ] GC(33)       Claimed Chunks:           Min: 0, Avg:  0.5, Max: 1, Diff: 1, Sum: 4, Workers: 8
[17.309s][debug][gc,phases      ] GC(33)     Code Root Scan (ms):      Min:  0.0, Avg:  0.0, Max:  0.0, Diff:  0.0, Sum:  0.0, Workers: 8
[17.309s][debug][gc,phases      ] GC(33)     Object Copy (ms):         Min:  0.0, Avg:  0.0, Max:  0.0, Diff:  0.0, Sum:  0.0, Workers: 8
[17.309s][debug][gc,phases      ] GC(33)     Termination (ms):         Min:  0.1, Avg:  0.1, Max:  0.1, Diff:  0.0, Sum:  0.8, Workers: 8
[17.309s][debug][gc,phases      ] GC(33)       Termination Attempts:     Min: 1, Avg:  1.0, Max: 1, Diff: 0, Sum: 8, Workers: 8
[17.309s][debug][gc,phases      ] GC(33)     GC Worker Other (ms):     Min:  0.0, Avg:  0.0, Max:  0.0, Diff:  0.0, Sum:  0.2, Workers: 8
[17.309s][debug][gc,phases      ] GC(33)     GC Worker Total (ms):     Min:  0.1, Avg:  0.2, Max:  0.2, Diff:  0.1, Sum:  1.4, Workers: 8
[17.309s][info ][gc,phases      ] GC(33)   Post Evacuate Collection Set: 0.4ms
[17.309s][debug][gc,phases      ] GC(33)     Code Roots Fixup: 0.0ms
[17.309s][debug][gc,phases      ] GC(33)     Clear Card Table: 0.1ms
[17.309s][debug][gc,phases      ] GC(33)     Reference Processing: 0.0ms
[17.309s][debug][gc,phases,ref  ] GC(33)       Reconsider SoftReferences: 0.0ms
[17.309s][debug][gc,phases,ref  ] GC(33)         SoftRef (ms):             skipped
[17.309s][debug][gc,phases,ref  ] GC(33)       Notify Soft/WeakReferences: 0.0ms
[17.309s][debug][gc,phases,ref  ] GC(33)         SoftRef (ms):             skipped
[17.309s][debug][gc,phases,ref  ] GC(33)         WeakRef (ms):             skipped
[17.309s][debug][gc,phases,ref  ] GC(33)         FinalRef (ms):            skipped
[17.309s][debug][gc,phases,ref  ] GC(33)         Total (ms):               skipped
[17.309s][debug][gc,phases,ref  ] GC(33)       Notify and keep alive finalizable: 0.0ms
[17.309s][debug][gc,phases,ref  ] GC(33)         FinalRef (ms):            skipped
[17.309s][debug][gc,phases,ref  ] GC(33)       Notify PhantomReferences: 0.0ms
[17.309s][debug][gc,phases,ref  ] GC(33)         PhantomRef (ms):          skipped
[17.309s][debug][gc,phases,ref  ] GC(33)       SoftReference:
[17.309s][debug][gc,phases,ref  ] GC(33)         Discovered: 0
[17.309s][debug][gc,phases,ref  ] GC(33)         Cleared: 0
[17.309s][debug][gc,phases,ref  ] GC(33)       WeakReference:
[17.309s][debug][gc,phases,ref  ] GC(33)         Discovered: 0
[17.309s][debug][gc,phases,ref  ] GC(33)         Cleared: 0
[17.309s][debug][gc,phases,ref  ] GC(33)       FinalReference:
[17.309s][debug][gc,phases,ref  ] GC(33)         Discovered: 0
[17.309s][debug][gc,phases,ref  ] GC(33)         Cleared: 0
[17.309s][debug][gc,phases,ref  ] GC(33)       PhantomReference:
[17.309s][debug][gc,phases,ref  ] GC(33)         Discovered: 0
[17.309s][debug][gc,phases,ref  ] GC(33)         Cleared: 0
[17.309s][debug][gc,phases      ] GC(33)     Weak Processing: 0.1ms
[17.309s][debug][gc,phases      ] GC(33)       JVMTI weak processing: 0.0ms
[17.309s][debug][gc,phases      ] GC(33)         Dead: 0
[17.309s][debug][gc,phases      ] GC(33)         Total: 0
[17.309s][debug][gc,phases      ] GC(33)       JFR weak processing: 0.0ms
[17.309s][debug][gc,phases      ] GC(33)         Dead: 0
[17.309s][debug][gc,phases      ] GC(33)         Total: 0
[17.309s][debug][gc,phases      ] GC(33)       JNI weak                  Min:  0.0, Avg:  0.0, Max:  0.0, Diff:  0.0, Sum:  0.0, Workers: 5
[17.309s][debug][gc,phases      ] GC(33)         Dead                      Min: 0, Avg:  0.0, Max: 0, Diff: 0, Sum: 0, Workers: 5
[17.309s][debug][gc,phases      ] GC(33)         Total                     Min: 0, Avg: 13.0, Max: 61, Diff: 61, Sum: 65, Workers: 5
[17.309s][debug][gc,phases      ] GC(33)       VM weak                   Min:  0.0, Avg:  0.0, Max:  0.0, Diff:  0.0, Sum:  0.0, Workers: 5
[17.309s][debug][gc,phases      ] GC(33)         Dead                      Min: 0, Avg:  0.0, Max: 0, Diff: 0, Sum: 0, Workers: 5
[17.309s][debug][gc,phases      ] GC(33)         Total                     Min: 0, Avg: 45.0, Max: 128, Diff: 128, Sum: 225, Workers: 5
[17.309s][debug][gc,phases      ] GC(33)       StringTable weak          Min:  0.0, Avg:  0.0, Max:  0.1, Diff:  0.1, Sum:  0.1, Workers: 5
[17.309s][debug][gc,phases      ] GC(33)         Dead                      Min: 0, Avg:  0.0, Max: 0, Diff: 0, Sum: 0, Workers: 5
[17.309s][debug][gc,phases      ] GC(33)         Total                     Min: 0, Avg: 729.8, Max: 1600, Diff: 1600, Sum: 3649, Workers: 5
[17.309s][debug][gc,phases      ] GC(33)       ResolvedMethodTable weak  Min:  0.0, Avg:  0.0, Max:  0.0, Diff:  0.0, Sum:  0.0, Workers: 5
[17.309s][debug][gc,phases      ] GC(33)         Dead                      Min: 0, Avg:  0.0, Max: 0, Diff: 0, Sum: 0, Workers: 5
[17.309s][debug][gc,phases      ] GC(33)         Total                     Min: 64, Avg: 118.0, Max: 192, Diff: 128, Sum: 590, Workers: 5
[17.309s][debug][gc,phases      ] GC(33)     Merge Per-Thread State: 0.0ms
[17.309s][debug][gc,phases      ] GC(33)       Copied Bytes              Min: 32, Avg: 110.0, Max: 232, Diff: 200, Sum: 880, Workers: 8
[17.309s][debug][gc,phases      ] GC(33)       LAB Waste                 Min: 0, Avg:  0.0, Max: 0, Diff: 0, Sum: 0, Workers: 8
[17.309s][debug][gc,phases      ] GC(33)       LAB Undo Waste            Min: 0, Avg:  0.0, Max: 0, Diff: 0, Sum: 0, Workers: 8
[17.309s][debug][gc,phases      ] GC(33)     Code Roots Purge: 0.0ms
[17.309s][debug][gc,phases      ] GC(33)     Redirty Cards: 0.0ms
[17.309s][debug][gc,phases      ] GC(33)     DerivedPointerTable Update: 0.0ms
[17.309s][debug][gc,phases      ] GC(33)     Free Collection Set: 0.1ms
[17.309s][debug][gc,phases      ] GC(33)     Rebuild Free List: 0.1ms
[17.309s][debug][gc,phases      ] GC(33)     Humongous Reclaim: 0.0ms
[17.309s][debug][gc,phases      ] GC(33)     Start New Collection Set: 0.0ms
[17.309s][debug][gc,phases      ] GC(33)     Resize TLABs: 0.0ms
[17.309s][debug][gc,phases      ] GC(33)     Expand Heap After Collection: 0.0ms
[17.309s][info ][gc,phases      ] GC(33)   Other: 0.3ms
[17.309s][info ][gc,heap        ] GC(33) Eden regions: 144->0(144)
[17.309s][info ][gc,heap        ] GC(33) Survivor regions: 1->1(19)
[17.309s][info ][gc,heap        ] GC(33) Old regions: 7->7
[17.309s][info ][gc,heap        ] GC(33) Archive regions: 2->2
[17.309s][info ][gc,heap        ] GC(33) Humongous regions: 0->0
[17.309s][info ][gc,metaspace   ] GC(33) Metaspace: 10547K(11136K)->10547K(11136K) NonClass: 9335K(9728K)->9335K(9728K) Class: 1212K(1408K)->1212K(1408K)
[17.309s][debug][gc,heap        ] GC(33) Heap after GC invocations=34 (full 1): garbage-first heap   total 248832K, used 4390K [0x0000000700000000, 0x0000000800000000)
[17.309s][debug][gc,heap        ] GC(33)   region size 1024K, 1 young (1024K), 1 survivors (1024K)
[17.309s][debug][gc,heap        ] GC(33)  Metaspace       used 10547K, capacity 10850K, committed 11136K, reserved 1058816K
[17.309s][debug][gc,heap        ] GC(33)   class space    used 1212K, capacity 1344K, committed 1408K, reserved 1048576K
[17.309s][info ][gc             ] GC(33) Pause Young (Normal) (G1 Evacuation Pause) 148M->4M(243M) 1.728ms
[17.309s][info ][gc,cpu         ] GC(33) User=0.00s Sys=0.00s Real=0.00s
[17.309s][info ][safepoint      ] Safepoint "G1CollectForAllocation", Time since last: 124516602 ns, Reaching safepoint: 123098 ns, At safepoint: 1933664 ns, Total: 2056762 ns
[17.433s][debug][gc,heap        ] GC(34) Heap before GC invocations=34 (full 1): garbage-first heap   total 248832K, used 151846K [0x0000000700000000, 0x0000000800000000)
[17.433s][debug][gc,heap        ] GC(34)   region size 1024K, 145 young (148480K), 1 survivors (1024K)
[17.433s][debug][gc,heap        ] GC(34)  Metaspace       used 10547K, capacity 10850K, committed 11136K, reserved 1058816K
[17.433s][debug][gc,heap        ] GC(34)   class space    used 1212K, capacity 1344K, committed 1408K, reserved 1048576K
[17.433s][info ][gc,start       ] GC(34) Pause Young (Normal) (G1 Evacuation Pause)
[17.433s][info ][gc,task        ] GC(34) Using 8 workers of 8 for evacuation
[17.433s][debug][gc,tlab        ] GC(34) TLAB totals: thrds: 11  refills: 584 max: 82 slow allocs: 0 max 0 waste:  1.2% gc: 1514992B max: 330080B slow: 334624B max: 47392B fast: 0B max: 0B
[17.433s][debug][gc,age         ] GC(34) Desired survivor size 9961472 bytes, new threshold 15 (max threshold 15)
[17.433s][debug][gc,alloc,region] GC(34) Mutator Allocation stats, regions: 144, wasted size: 0B ( 0.0%)
[17.433s][debug][gc,ergo        ] GC(34) Running G1 Merge Heap Roots using 8 workers for 145 regions
[17.434s][debug][gc,remset      ] GC(34) Visited cards 1536 Total dirty 8192 (18.75%) Total old 612352 (0.25%)
[17.434s][debug][gc,ergo        ] GC(34) Running G1 Clear Card Table Task using 1 workers for 1 units of work for 149 regions.
[17.434s][debug][gc,ref         ] GC(34) Skipped phase1 of Reference Processing due to unavailable references
[17.434s][debug][gc,ref         ] GC(34) Skipped phase2 of Reference Processing due to unavailable references
[17.434s][debug][gc,ref         ] GC(34) Skipped phase3 of Reference Processing due to unavailable references
[17.434s][debug][gc,ref         ] GC(34) Skipped phase4 of Reference Processing due to unavailable references
[17.434s][debug][gc,ergo        ] GC(34) Running G1 Free Collection Set using 8 workers for collection set length 145 (243)
[17.434s][debug][gc,ergo        ] GC(34) Running G1 Rebuild Free List Task using 8 workers for rebuilding free list of 0 (4096) regions
[17.434s][trace][gc,age         ] GC(34) Age table with threshold 15 (max threshold 15)
[17.434s][trace][gc,age         ] GC(34) - age   1:        864 bytes,        864 total
[17.434s][debug][gc,plab        ] GC(34) Young PLAB allocation: allocated: 14448B, wasted: 0B, unused: 13584B, used: 864B, undo waste: 0B, 
[17.434s][debug][gc,plab        ] GC(34) Young other allocation: region end waste: 0B, regions filled: 1, direct allocated: 0B, failure used: 0B, failure wasted: 0B
[17.434s][debug][gc,plab        ] GC(34) Young sizing: calculated: 168B, actual: 2064B
[17.434s][debug][gc,plab        ] GC(34) Old PLAB allocation: allocated: 0B, wasted: 0B, unused: 0B, used: 0B, undo waste: 0B, 
[17.434s][debug][gc,plab        ] GC(34) Old other allocation: region end waste: 0B, regions filled: 1, direct allocated: 0B, failure used: 0B, failure wasted: 0B
[17.434s][debug][gc,plab        ] GC(34) Old sizing: calculated: 0B, actual: 2064B
[17.434s][debug][gc,ihop        ] GC(34) Basic information (value update), threshold: 114661785B (45.00), target occupancy: 254803968B, current occupancy: 4494040B, recent allocation size: 0B, recent allocation duration: 124.58ms, recent old gen allocation rate: 0.00B/s, recent marking phase length: 0.00ms
[17.434s][debug][gc,ihop        ] GC(34) Adaptive IHOP information (value update), threshold: 114661785B (47.37), internal target occupancy: 242063769B, occupancy: 4494040B, additional buffer size: 152043520B, predicted old gen allocation rate: 38415.31B/s, predicted marking phase length: 0.00ms, prediction active: false
[17.434s][debug][gc,ergo,refine ] GC(34) Concurrent refinement times: Logged Cards Scan time goal: 20.00ms Logged Cards Scan time: 0.00ms HCC time: 0.00ms
[17.434s][debug][gc,ergo,refine ] GC(34) Updated Refinement Zones: green: 2048, yellow: 6144, red: 10240
[17.434s][info ][gc,phases      ] GC(34)   Pre Evacuate Collection Set: 0.1ms
[17.434s][debug][gc,phases      ] GC(34)     Prepare TLABs: 0.0ms
[17.434s][debug][gc,phases      ] GC(34)     Choose Collection Set: 0.0ms
[17.434s][debug][gc,phases      ] GC(34)     Region Register: 0.1ms
[17.434s][debug][gc,phases      ] GC(34)     Prepare Heap Roots: 0.0ms
[17.434s][info ][gc,phases      ] GC(34)   Merge Heap Roots: 0.1ms
[17.434s][debug][gc,phases      ] GC(34)     Prepare Merge Heap Roots: 0.0ms
[17.434s][debug][gc,phases      ] GC(34)     Eager Reclaim (ms):       skipped
[17.434s][debug][gc,phases      ] GC(34)     Remembered Sets (ms):     Min:  0.0, Avg:  0.0, Max:  0.0, Diff:  0.0, Sum:  0.0, Workers: 8
[17.434s][debug][gc,phases      ] GC(34)       Merged Sparse:            Min: 0, Avg:  0.0, Max: 0, Diff: 0, Sum: 0, Workers: 8
[17.434s][debug][gc,phases      ] GC(34)       Merged Fine:              Min: 0, Avg:  0.0, Max: 0, Diff: 0, Sum: 0, Workers: 8
[17.434s][debug][gc,phases      ] GC(34)       Merged Coarse:            Min: 0, Avg:  0.0, Max: 0, Diff: 0, Sum: 0, Workers: 8
[17.434s][debug][gc,phases      ] GC(34)       Dirty Cards:              Min: 0, Avg:  0.0, Max: 0, Diff: 0, Sum: 0, Workers: 8
[17.434s][debug][gc,phases      ] GC(34)     Hot Card Cache (ms):      Min:  0.0, Avg:  0.0, Max:  0.0, Diff:  0.0, Sum:  0.0, Workers: 8
[17.434s][debug][gc,phases      ] GC(34)       Dirty Cards:              Min: 0, Avg:  0.0, Max: 0, Diff: 0, Sum: 0, Workers: 8
[17.434s][debug][gc,phases      ] GC(34)       Skipped Cards:            Min: 0, Avg:  0.0, Max: 0, Diff: 0, Sum: 0, Workers: 8
[17.434s][debug][gc,phases      ] GC(34)     Log Buffers (ms):         Min:  0.0, Avg:  0.0, Max:  0.0, Diff:  0.0, Sum:  0.0, Workers: 8
[17.434s][debug][gc,phases      ] GC(34)       Dirty Cards:              Min: 0, Avg:  1.9, Max: 8, Diff: 8, Sum: 15, Workers: 8
[17.434s][debug][gc,phases      ] GC(34)       Skipped Cards:            Min: 0, Avg:  0.0, Max: 0, Diff: 0, Sum: 0, Workers: 8
[17.434s][info ][gc,phases      ] GC(34)   Evacuate Collection Set: 0.1ms
[17.434s][debug][gc,phases      ] GC(34)     Ext Root Scanning (ms):   Min:  0.0, Avg:  0.0, Max:  0.0, Diff:  0.0, Sum:  0.2, Workers: 8
[17.434s][debug][gc,phases      ] GC(34)     Scan Heap Roots (ms):     Min:  0.0, Avg:  0.0, Max:  0.0, Diff:  0.0, Sum:  0.0, Workers: 8
[17.434s][debug][gc,phases      ] GC(34)       Scanned Cards:            Min: 0, Avg:  1.4, Max: 5, Diff: 5, Sum: 11, Workers: 8
[17.434s][debug][gc,phases      ] GC(34)       Scanned Blocks:           Min: 0, Avg:  1.1, Max: 4, Diff: 4, Sum: 9, Workers: 8
[17.434s][debug][gc,phases      ] GC(34)       Claimed Chunks:           Min: 0, Avg:  0.8, Max: 2, Diff: 2, Sum: 6, Workers: 8
[17.434s][debug][gc,phases      ] GC(34)     Code Root Scan (ms):      Min:  0.0, Avg:  0.0, Max:  0.0, Diff:  0.0, Sum:  0.0, Workers: 8
[17.434s][debug][gc,phases      ] GC(34)     Object Copy (ms):         Min:  0.0, Avg:  0.0, Max:  0.0, Diff:  0.0, Sum:  0.0, Workers: 8
[17.434s][debug][gc,phases      ] GC(34)     Termination (ms):         Min:  0.0, Avg:  0.1, Max:  0.1, Diff:  0.0, Sum:  0.4, Workers: 8
[17.434s][debug][gc,phases      ] GC(34)       Termination Attempts:     Min: 1, Avg:  1.0, Max: 1, Diff: 0, Sum: 8, Workers: 8
[17.434s][debug][gc,phases      ] GC(34)     GC Worker Other (ms):     Min:  0.0, Avg:  0.0, Max:  0.0, Diff:  0.0, Sum:  0.1, Workers: 8
[17.434s][debug][gc,phases      ] GC(34)     GC Worker Total (ms):     Min:  0.1, Avg:  0.1, Max:  0.1, Diff:  0.1, Sum:  0.8, Workers: 8
[17.434s][info ][gc,phases      ] GC(34)   Post Evacuate Collection Set: 0.3ms
[17.434s][debug][gc,phases      ] GC(34)     Code Roots Fixup: 0.0ms
[17.434s][debug][gc,phases      ] GC(34)     Clear Card Table: 0.0ms
[17.434s][debug][gc,phases      ] GC(34)     Reference Processing: 0.0ms
[17.434s][debug][gc,phases,ref  ] GC(34)       Reconsider SoftReferences: 0.0ms
[17.434s][debug][gc,phases,ref  ] GC(34)         SoftRef (ms):             skipped
[17.434s][debug][gc,phases,ref  ] GC(34)       Notify Soft/WeakReferences: 0.0ms
[17.434s][debug][gc,phases,ref  ] GC(34)         SoftRef (ms):             skipped
[17.434s][debug][gc,phases,ref  ] GC(34)         WeakRef (ms):             skipped
[17.434s][debug][gc,phases,ref  ] GC(34)         FinalRef (ms):            skipped
[17.434s][debug][gc,phases,ref  ] GC(34)         Total (ms):               skipped
[17.434s][debug][gc,phases,ref  ] GC(34)       Notify and keep alive finalizable: 0.0ms
[17.434s][debug][gc,phases,ref  ] GC(34)         FinalRef (ms):            skipped
[17.434s][debug][gc,phases,ref  ] GC(34)       Notify PhantomReferences: 0.0ms
[17.434s][debug][gc,phases,ref  ] GC(34)         PhantomRef (ms):          skipped
[17.434s][debug][gc,phases,ref  ] GC(34)       SoftReference:
[17.434s][debug][gc,phases,ref  ] GC(34)         Discovered: 0
[17.434s][debug][gc,phases,ref  ] GC(34)         Cleared: 0
[17.434s][debug][gc,phases,ref  ] GC(34)       WeakReference:
[17.434s][debug][gc,phases,ref  ] GC(34)         Discovered: 0
[17.434s][debug][gc,phases,ref  ] GC(34)         Cleared: 0
[17.434s][debug][gc,phases,ref  ] GC(34)       FinalReference:
[17.434s][debug][gc,phases,ref  ] GC(34)         Discovered: 0
[17.434s][debug][gc,phases,ref  ] GC(34)         Cleared: 0
[17.434s][debug][gc,phases,ref  ] GC(34)       PhantomReference:
[17.434s][debug][gc,phases,ref  ] GC(34)         Discovered: 0
[17.434s][debug][gc,phases,ref  ] GC(34)         Cleared: 0
[17.434s][debug][gc,phases      ] GC(34)     Weak Processing: 0.1ms
[17.434s][debug][gc,phases      ] GC(34)       JVMTI weak processing: 0.0ms
[17.434s][debug][gc,phases      ] GC(34)         Dead: 0
[17.434s][debug][gc,phases      ] GC(34)         Total: 0
[17.434s][debug][gc,phases      ] GC(34)       JFR weak processing: 0.0ms
[17.434s][debug][gc,phases      ] GC(34)         Dead: 0
[17.434s][debug][gc,phases      ] GC(34)         Total: 0
[17.434s][debug][gc,phases      ] GC(34)       JNI weak                  Min:  0.0, Avg:  0.0, Max:  0.0, Diff:  0.0, Sum:  0.0, Workers: 5
[17.434s][debug][gc,phases      ] GC(34)         Dead                      Min: 0, Avg:  0.0, Max: 0, Diff: 0, Sum: 0, Workers: 5
[17.434s][debug][gc,phases      ] GC(34)         Total                     Min: 0, Avg: 13.0, Max: 65, Diff: 65, Sum: 65, Workers: 5
[17.434s][debug][gc,phases      ] GC(34)       VM weak                   Min:  0.0, Avg:  0.0, Max:  0.0, Diff:  0.0, Sum:  0.0, Workers: 5
[17.434s][debug][gc,phases      ] GC(34)         Dead                      Min: 0, Avg:  0.0, Max: 0, Diff: 0, Sum: 0, Workers: 5
[17.434s][debug][gc,phases      ] GC(34)         Total                     Min: 0, Avg: 45.0, Max: 225, Diff: 225, Sum: 225, Workers: 5
[17.434s][debug][gc,phases      ] GC(34)       StringTable weak          Min:  0.0, Avg:  0.0, Max:  0.0, Diff:  0.0, Sum:  0.0, Workers: 5
[17.434s][debug][gc,phases      ] GC(34)         Dead                      Min: 0, Avg:  0.0, Max: 0, Diff: 0, Sum: 0, Workers: 5
[17.434s][debug][gc,phases      ] GC(34)         Total                     Min: 0, Avg: 729.8, Max: 3648, Diff: 3648, Sum: 3649, Workers: 5
[17.434s][debug][gc,phases      ] GC(34)       ResolvedMethodTable weak  Min:  0.0, Avg:  0.0, Max:  0.0, Diff:  0.0, Sum:  0.0, Workers: 5
[17.434s][debug][gc,phases      ] GC(34)         Dead                      Min: 0, Avg:  0.0, Max: 0, Diff: 0, Sum: 0, Workers: 5
[17.434s][debug][gc,phases      ] GC(34)         Total                     Min: 0, Avg: 118.0, Max: 192, Diff: 192, Sum: 590, Workers: 5
[17.434s][debug][gc,phases      ] GC(34)     Merge Per-Thread State: 0.0ms
[17.434s][debug][gc,phases      ] GC(34)       Copied Bytes              Min: 0, Avg: 108.0, Max: 328, Diff: 328, Sum: 864, Workers: 8
[17.435s][debug][gc,phases      ] GC(34)       LAB Waste                 Min: 0, Avg:  0.0, Max: 0, Diff: 0, Sum: 0, Workers: 8
[17.435s][debug][gc,phases      ] GC(34)       LAB Undo Waste            Min: 0, Avg:  0.0, Max: 0, Diff: 0, Sum: 0, Workers: 8
[17.435s][debug][gc,phases      ] GC(34)     Code Roots Purge: 0.0ms
[17.435s][debug][gc,phases      ] GC(34)     Redirty Cards: 0.0ms
[17.435s][debug][gc,phases      ] GC(34)     DerivedPointerTable Update: 0.0ms
[17.435s][debug][gc,phases      ] GC(34)     Free Collection Set: 0.1ms
[17.435s][debug][gc,phases      ] GC(34)     Rebuild Free List: 0.0ms
[17.435s][debug][gc,phases      ] GC(34)     Humongous Reclaim: 0.0ms
[17.435s][debug][gc,phases      ] GC(34)     Start New Collection Set: 0.0ms
[17.435s][debug][gc,phases      ] GC(34)     Resize TLABs: 0.0ms
[17.435s][debug][gc,phases      ] GC(34)     Expand Heap After Collection: 0.0ms
[17.435s][info ][gc,phases      ] GC(34)   Other: 0.2ms
[17.435s][info ][gc,heap        ] GC(34) Eden regions: 144->0(144)
[17.435s][info ][gc,heap        ] GC(34) Survivor regions: 1->1(19)
[17.435s][info ][gc,heap        ] GC(34) Old regions: 7->7
[17.435s][info ][gc,heap        ] GC(34) Archive regions: 2->2
[17.435s][info ][gc,heap        ] GC(34) Humongous regions: 0->0
[17.435s][info ][gc,metaspace   ] GC(34) Metaspace: 10547K(11136K)->10547K(11136K) NonClass: 9335K(9728K)->9335K(9728K) Class: 1212K(1408K)->1212K(1408K)
[17.435s][debug][gc,heap        ] GC(34) Heap after GC invocations=35 (full 1): garbage-first heap   total 248832K, used 4388K [0x0000000700000000, 0x0000000800000000)
[17.435s][debug][gc,heap        ] GC(34)   region size 1024K, 1 young (1024K), 1 survivors (1024K)
[17.435s][debug][gc,heap        ] GC(34)  Metaspace       used 10547K, capacity 10850K, committed 11136K, reserved 1058816K
[17.435s][debug][gc,heap        ] GC(34)   class space    used 1212K, capacity 1344K, committed 1408K, reserved 1048576K
[17.435s][info ][gc             ] GC(34) Pause Young (Normal) (G1 Evacuation Pause) 148M->4M(243M) 1.337ms
[17.435s][info ][gc,cpu         ] GC(34) User=0.00s Sys=0.00s Real=0.01s
[17.435s][info ][safepoint      ] Safepoint "G1CollectForAllocation", Time since last: 123642172 ns, Reaching safepoint: 111287 ns, At safepoint: 1509782 ns, Total: 1621069 ns
[17.558s][debug][gc,heap        ] GC(35) Heap before GC invocations=35 (full 1): garbage-first heap   total 248832K, used 151844K [0x0000000700000000, 0x0000000800000000)
[17.558s][debug][gc,heap        ] GC(35)   region size 1024K, 145 young (148480K), 1 survivors (1024K)
[17.558s][debug][gc,heap        ] GC(35)  Metaspace       used 10547K, capacity 10850K, committed 11136K, reserved 1058816K
[17.558s][debug][gc,heap        ] GC(35)   class space    used 1212K, capacity 1344K, committed 1408K, reserved 1048576K
[17.558s][info ][gc,start       ] GC(35) Pause Young (Normal) (G1 Evacuation Pause)
[17.558s][info ][gc,task        ] GC(35) Using 8 workers of 8 for evacuation
[17.558s][debug][gc,tlab        ] GC(35) TLAB totals: thrds: 11  refills: 585 max: 78 slow allocs: 0 max 0 waste:  1.2% gc: 1524424B max: 355216B slow: 335472B max: 44976B fast: 0B max: 0B
[17.558s][debug][gc,age         ] GC(35) Desired survivor size 9961472 bytes, new threshold 15 (max threshold 15)
[17.558s][debug][gc,alloc,region] GC(35) Mutator Allocation stats, regions: 144, wasted size: 0B ( 0.0%)
[17.558s][debug][gc,ergo        ] GC(35) Running G1 Merge Heap Roots using 8 workers for 145 regions
[17.558s][debug][gc,remset      ] GC(35) Visited cards 1536 Total dirty 8192 (18.75%) Total old 612352 (0.25%)
[17.558s][debug][gc,ergo        ] GC(35) Running G1 Clear Card Table Task using 1 workers for 1 units of work for 149 regions.
[17.558s][debug][gc,ref         ] GC(35) Skipped phase1 of Reference Processing due to unavailable references
[17.558s][debug][gc,ref         ] GC(35) Skipped phase3 of Reference Processing due to unavailable references
[17.558s][debug][gc,ref         ] GC(35) Skipped phase4 of Reference Processing due to unavailable references
[17.559s][debug][gc,ergo        ] GC(35) Running G1 Free Collection Set using 8 workers for collection set length 145 (243)
[17.559s][debug][gc,ergo        ] GC(35) Running G1 Rebuild Free List Task using 8 workers for rebuilding free list of 0 (4096) regions
[17.559s][trace][gc,age         ] GC(35) Age table with threshold 15 (max threshold 15)
[17.559s][trace][gc,age         ] GC(35) - age   1:       1544 bytes,       1544 total
[17.559s][debug][gc,plab        ] GC(35) Young PLAB allocation: allocated: 14448B, wasted: 0B, unused: 12904B, used: 1544B, undo waste: 0B, 
[17.559s][debug][gc,plab        ] GC(35) Young other allocation: region end waste: 0B, regions filled: 1, direct allocated: 0B, failure used: 0B, failure wasted: 0B
[17.559s][debug][gc,plab        ] GC(35) Young sizing: calculated: 304B, actual: 2064B
[17.559s][debug][gc,plab        ] GC(35) Old PLAB allocation: allocated: 0B, wasted: 0B, unused: 0B, used: 0B, undo waste: 0B, 
[17.559s][debug][gc,plab        ] GC(35) Old other allocation: region end waste: 0B, regions filled: 1, direct allocated: 0B, failure used: 0B, failure wasted: 0B
[17.559s][debug][gc,plab        ] GC(35) Old sizing: calculated: 0B, actual: 2064B
[17.559s][debug][gc,ihop        ] GC(35) Basic information (value update), threshold: 114661785B (45.00), target occupancy: 254803968B, current occupancy: 4494040B, recent allocation size: 0B, recent allocation duration: 123.91ms, recent old gen allocation rate: 0.00B/s, recent marking phase length: 0.00ms
[17.559s][debug][gc,ihop        ] GC(35) Adaptive IHOP information (value update), threshold: 114661785B (47.37), internal target occupancy: 242063769B, occupancy: 4494040B, additional buffer size: 152043520B, predicted old gen allocation rate: 37193.98B/s, predicted marking phase length: 0.00ms, prediction active: false
[17.559s][debug][gc,ergo,refine ] GC(35) Concurrent refinement times: Logged Cards Scan time goal: 20.00ms Logged Cards Scan time: 0.01ms HCC time: 0.00ms
[17.559s][debug][gc,ergo,refine ] GC(35) Updated Refinement Zones: green: 2048, yellow: 6144, red: 10240
[17.559s][info ][gc,phases      ] GC(35)   Pre Evacuate Collection Set: 0.1ms
[17.559s][debug][gc,phases      ] GC(35)     Prepare TLABs: 0.0ms
[17.559s][debug][gc,phases      ] GC(35)     Choose Collection Set: 0.0ms
[17.559s][debug][gc,phases      ] GC(35)     Region Register: 0.1ms
[17.559s][debug][gc,phases      ] GC(35)     Prepare Heap Roots: 0.0ms
[17.559s][info ][gc,phases      ] GC(35)   Merge Heap Roots: 0.1ms
[17.559s][debug][gc,phases      ] GC(35)     Prepare Merge Heap Roots: 0.0ms
[17.559s][debug][gc,phases      ] GC(35)     Eager Reclaim (ms):       skipped
[17.559s][debug][gc,phases      ] GC(35)     Remembered Sets (ms):     Min:  0.0, Avg:  0.0, Max:  0.0, Diff:  0.0, Sum:  0.0, Workers: 8
[17.559s][debug][gc,phases      ] GC(35)       Merged Sparse:            Min: 0, Avg:  0.0, Max: 0, Diff: 0, Sum: 0, Workers: 8
[17.559s][debug][gc,phases      ] GC(35)       Merged Fine:              Min: 0, Avg:  0.0, Max: 0, Diff: 0, Sum: 0, Workers: 8
[17.559s][debug][gc,phases      ] GC(35)       Merged Coarse:            Min: 0, Avg:  0.0, Max: 0, Diff: 0, Sum: 0, Workers: 8
[17.559s][debug][gc,phases      ] GC(35)       Dirty Cards:              Min: 0, Avg:  0.0, Max: 0, Diff: 0, Sum: 0, Workers: 8
[17.559s][debug][gc,phases      ] GC(35)     Hot Card Cache (ms):      Min:  0.0, Avg:  0.0, Max:  0.0, Diff:  0.0, Sum:  0.0, Workers: 8
[17.559s][debug][gc,phases      ] GC(35)       Dirty Cards:              Min: 0, Avg:  0.0, Max: 0, Diff: 0, Sum: 0, Workers: 8
[17.559s][debug][gc,phases      ] GC(35)       Skipped Cards:            Min: 0, Avg:  0.0, Max: 0, Diff: 0, Sum: 0, Workers: 8
[17.559s][debug][gc,phases      ] GC(35)     Log Buffers (ms):         Min:  0.0, Avg:  0.0, Max:  0.0, Diff:  0.0, Sum:  0.0, Workers: 8
[17.559s][debug][gc,phases      ] GC(35)       Dirty Cards:              Min: 0, Avg:  2.2, Max: 8, Diff: 8, Sum: 18, Workers: 8
[17.559s][debug][gc,phases      ] GC(35)       Skipped Cards:            Min: 0, Avg:  0.0, Max: 0, Diff: 0, Sum: 0, Workers: 8
[17.559s][info ][gc,phases      ] GC(35)   Evacuate Collection Set: 0.2ms
[17.559s][debug][gc,phases      ] GC(35)     Ext Root Scanning (ms):   Min:  0.0, Avg:  0.0, Max:  0.0, Diff:  0.0, Sum:  0.2, Workers: 8
[17.559s][debug][gc,phases      ] GC(35)     Scan Heap Roots (ms):     Min:  0.0, Avg:  0.0, Max:  0.0, Diff:  0.0, Sum:  0.0, Workers: 8
[17.559s][debug][gc,phases      ] GC(35)       Scanned Cards:            Min: 0, Avg:  1.8, Max: 5, Diff: 5, Sum: 14, Workers: 8
[17.559s][debug][gc,phases      ] GC(35)       Scanned Blocks:           Min: 0, Avg:  1.4, Max: 4, Diff: 4, Sum: 11, Workers: 8
[17.559s][debug][gc,phases      ] GC(35)       Claimed Chunks:           Min: 0, Avg:  0.8, Max: 2, Diff: 2, Sum: 6, Workers: 8
[17.559s][debug][gc,phases      ] GC(35)     Code Root Scan (ms):      Min:  0.0, Avg:  0.0, Max:  0.0, Diff:  0.0, Sum:  0.0, Workers: 8
[17.559s][debug][gc,phases      ] GC(35)     Object Copy (ms):         Min:  0.0, Avg:  0.0, Max:  0.0, Diff:  0.0, Sum:  0.0, Workers: 8
[17.559s][debug][gc,phases      ] GC(35)     Termination (ms):         Min:  0.0, Avg:  0.1, Max:  0.1, Diff:  0.0, Sum:  0.5, Workers: 8
[17.559s][debug][gc,phases      ] GC(35)       Termination Attempts:     Min: 1, Avg:  1.0, Max: 1, Diff: 0, Sum: 8, Workers: 8
[17.559s][debug][gc,phases      ] GC(35)     GC Worker Other (ms):     Min:  0.0, Avg:  0.0, Max:  0.0, Diff:  0.0, Sum:  0.1, Workers: 8
[17.559s][debug][gc,phases      ] GC(35)     GC Worker Total (ms):     Min:  0.1, Avg:  0.1, Max:  0.1, Diff:  0.1, Sum:  0.9, Workers: 8
[17.559s][info ][gc,phases      ] GC(35)   Post Evacuate Collection Set: 0.4ms
[17.559s][debug][gc,phases      ] GC(35)     Code Roots Fixup: 0.0ms
[17.559s][debug][gc,phases      ] GC(35)     Clear Card Table: 0.1ms
[17.559s][debug][gc,phases      ] GC(35)     Reference Processing: 0.1ms
[17.559s][debug][gc,phases,ref  ] GC(35)       Reconsider SoftReferences: 0.0ms
[17.559s][debug][gc,phases,ref  ] GC(35)         SoftRef (ms):             skipped
[17.559s][debug][gc,phases,ref  ] GC(35)       Notify Soft/WeakReferences: 0.0ms
[17.559s][debug][gc,phases,ref  ] GC(35)         SoftRef (ms):             Min:  0.0, Avg:  0.0, Max:  0.0, Diff:  0.0, Sum:  0.0, Workers: 1
[17.559s][debug][gc,phases,ref  ] GC(35)         WeakRef (ms):             Min:  0.0, Avg:  0.0, Max:  0.0, Diff:  0.0, Sum:  0.0, Workers: 1
[17.559s][debug][gc,phases,ref  ] GC(35)         FinalRef (ms):            Min:  0.0, Avg:  0.0, Max:  0.0, Diff:  0.0, Sum:  0.0, Workers: 1
[17.559s][debug][gc,phases,ref  ] GC(35)         Total (ms):               Min:  0.0, Avg:  0.0, Max:  0.0, Diff:  0.0, Sum:  0.0, Workers: 1
[17.559s][debug][gc,phases,ref  ] GC(35)       Notify and keep alive finalizable: 0.0ms
[17.559s][debug][gc,phases,ref  ] GC(35)         FinalRef (ms):            skipped
[17.559s][debug][gc,phases,ref  ] GC(35)       Notify PhantomReferences: 0.0ms
[17.559s][debug][gc,phases,ref  ] GC(35)         PhantomRef (ms):          skipped
[17.559s][debug][gc,phases,ref  ] GC(35)       SoftReference:
[17.559s][debug][gc,phases,ref  ] GC(35)         Discovered: 0
[17.559s][debug][gc,phases,ref  ] GC(35)         Cleared: 0
[17.559s][debug][gc,phases,ref  ] GC(35)       WeakReference:
[17.559s][debug][gc,phases,ref  ] GC(35)         Discovered: 1
[17.559s][debug][gc,phases,ref  ] GC(35)         Cleared: 0
[17.559s][debug][gc,phases,ref  ] GC(35)       FinalReference:
[17.559s][debug][gc,phases,ref  ] GC(35)         Discovered: 0
[17.559s][debug][gc,phases,ref  ] GC(35)         Cleared: 0
[17.559s][debug][gc,phases,ref  ] GC(35)       PhantomReference:
[17.559s][debug][gc,phases,ref  ] GC(35)         Discovered: 0
[17.559s][debug][gc,phases,ref  ] GC(35)         Cleared: 0
[17.559s][debug][gc,phases      ] GC(35)     Weak Processing: 0.1ms
[17.559s][debug][gc,phases      ] GC(35)       JVMTI weak processing: 0.0ms
[17.559s][debug][gc,phases      ] GC(35)         Dead: 0
[17.559s][debug][gc,phases      ] GC(35)         Total: 0
[17.559s][debug][gc,phases      ] GC(35)       JFR weak processing: 0.0ms
[17.559s][debug][gc,phases      ] GC(35)         Dead: 0
[17.559s][debug][gc,phases      ] GC(35)         Total: 0
[17.559s][debug][gc,phases      ] GC(35)       JNI weak                  Min:  0.0, Avg:  0.0, Max:  0.0, Diff:  0.0, Sum:  0.0, Workers: 5
[17.559s][debug][gc,phases      ] GC(35)         Dead                      Min: 0, Avg:  0.0, Max: 0, Diff: 0, Sum: 0, Workers: 5
[17.559s][debug][gc,phases      ] GC(35)         Total                     Min: 0, Avg: 13.0, Max: 61, Diff: 61, Sum: 65, Workers: 5
[17.559s][debug][gc,phases      ] GC(35)       VM weak                   Min:  0.0, Avg:  0.0, Max:  0.0, Diff:  0.0, Sum:  0.0, Workers: 5
[17.559s][debug][gc,phases      ] GC(35)         Dead                      Min: 0, Avg:  0.0, Max: 0, Diff: 0, Sum: 0, Workers: 5
[17.559s][debug][gc,phases      ] GC(35)         Total                     Min: 0, Avg: 45.0, Max: 128, Diff: 128, Sum: 225, Workers: 5
[17.559s][debug][gc,phases      ] GC(35)       StringTable weak          Min:  0.0, Avg:  0.0, Max:  0.1, Diff:  0.1, Sum:  0.1, Workers: 5
[17.559s][debug][gc,phases      ] GC(35)         Dead                      Min: 0, Avg:  0.0, Max: 0, Diff: 0, Sum: 0, Workers: 5
[17.559s][debug][gc,phases      ] GC(35)         Total                     Min: 0, Avg: 732.4, Max: 1856, Diff: 1856, Sum: 3662, Workers: 5
[17.559s][debug][gc,phases      ] GC(35)       ResolvedMethodTable weak  Min:  0.0, Avg:  0.0, Max:  0.0, Diff:  0.0, Sum:  0.0, Workers: 5
[17.559s][debug][gc,phases      ] GC(35)         Dead                      Min: 0, Avg:  0.0, Max: 0, Diff: 0, Sum: 0, Workers: 5
[17.559s][debug][gc,phases      ] GC(35)         Total                     Min: 64, Avg: 118.0, Max: 192, Diff: 128, Sum: 590, Workers: 5
[17.559s][debug][gc,phases      ] GC(35)     Merge Per-Thread State: 0.0ms
[17.559s][debug][gc,phases      ] GC(35)       Copied Bytes              Min: 0, Avg: 193.0, Max: 608, Diff: 608, Sum: 1544, Workers: 8
[17.559s][debug][gc,phases      ] GC(35)       LAB Waste                 Min: 0, Avg:  0.0, Max: 0, Diff: 0, Sum: 0, Workers: 8
[17.559s][debug][gc,phases      ] GC(35)       LAB Undo Waste            Min: 0, Avg:  0.0, Max: 0, Diff: 0, Sum: 0, Workers: 8
[17.559s][debug][gc,phases      ] GC(35)     Code Roots Purge: 0.0ms
[17.559s][debug][gc,phases      ] GC(35)     Redirty Cards: 0.0ms
[17.559s][debug][gc,phases      ] GC(35)     DerivedPointerTable Update: 0.0ms
[17.559s][debug][gc,phases      ] GC(35)     Free Collection Set: 0.1ms
[17.559s][debug][gc,phases      ] GC(35)     Rebuild Free List: 0.1ms
[17.559s][debug][gc,phases      ] GC(35)     Humongous Reclaim: 0.0ms
[17.559s][debug][gc,phases      ] GC(35)     Start New Collection Set: 0.0ms
[17.559s][debug][gc,phases      ] GC(35)     Resize TLABs: 0.0ms
[17.559s][debug][gc,phases      ] GC(35)     Expand Heap After Collection: 0.0ms
[17.559s][info ][gc,phases      ] GC(35)   Other: 0.3ms
[17.559s][info ][gc,heap        ] GC(35) Eden regions: 144->0(144)
[17.559s][info ][gc,heap        ] GC(35) Survivor regions: 1->1(19)
[17.559s][info ][gc,heap        ] GC(35) Old regions: 7->7
[17.559s][info ][gc,heap        ] GC(35) Archive regions: 2->2
[17.559s][info ][gc,heap        ] GC(35) Humongous regions: 0->0
[17.559s][info ][gc,metaspace   ] GC(35) Metaspace: 10547K(11136K)->10547K(11136K) NonClass: 9335K(9728K)->9335K(9728K) Class: 1212K(1408K)->1212K(1408K)
[17.559s][debug][gc,heap        ] GC(35) Heap after GC invocations=36 (full 1): garbage-first heap   total 248832K, used 4388K [0x0000000700000000, 0x0000000800000000)
[17.559s][debug][gc,heap        ] GC(35)   region size 1024K, 1 young (1024K), 1 survivors (1024K)
[17.559s][debug][gc,heap        ] GC(35)  Metaspace       used 10547K, capacity 10850K, committed 11136K, reserved 1058816K
[17.559s][debug][gc,heap        ] GC(35)   class space    used 1212K, capacity 1344K, committed 1408K, reserved 1048576K
[17.559s][info ][gc             ] GC(35) Pause Young (Normal) (G1 Evacuation Pause) 148M->4M(243M) 1.511ms
[17.559s][info ][gc,cpu         ] GC(35) User=0.00s Sys=0.01s Real=0.00s
[17.559s][info ][safepoint      ] Safepoint "G1CollectForAllocation", Time since last: 122971013 ns, Reaching safepoint: 107386 ns, At safepoint: 1683646 ns, Total: 1791032 ns
[17.684s][debug][gc,heap        ] GC(36) Heap before GC invocations=36 (full 1): garbage-first heap   total 248832K, used 151844K [0x0000000700000000, 0x0000000800000000)
[17.684s][debug][gc,heap        ] GC(36)   region size 1024K, 145 young (148480K), 1 survivors (1024K)
[17.684s][debug][gc,heap        ] GC(36)  Metaspace       used 10547K, capacity 10850K, committed 11136K, reserved 1058816K
[17.684s][debug][gc,heap        ] GC(36)   class space    used 1212K, capacity 1344K, committed 1408K, reserved 1048576K
[17.684s][info ][gc,start       ] GC(36) Pause Young (Normal) (G1 Evacuation Pause)
[17.684s][info ][gc,task        ] GC(36) Using 8 workers of 8 for evacuation
[17.684s][debug][gc,tlab        ] GC(36) TLAB totals: thrds: 8  refills: 579 max: 78 slow allocs: 0 max 0 waste:  1.1% gc: 1320784B max: 324040B slow: 333824B max: 44960B fast: 0B max: 0B
[17.684s][debug][gc,age         ] GC(36) Desired survivor size 9961472 bytes, new threshold 15 (max threshold 15)
[17.684s][debug][gc,alloc,region] GC(36) Mutator Allocation stats, regions: 144, wasted size: 528B ( 0.0%)
[17.684s][debug][gc,ergo        ] GC(36) Running G1 Merge Heap Roots using 8 workers for 145 regions
[17.684s][debug][gc,remset      ] GC(36) Visited cards 1280 Total dirty 8192 (15.62%) Total old 612352 (0.21%)
[17.685s][debug][gc,ergo        ] GC(36) Running G1 Clear Card Table Task using 1 workers for 1 units of work for 149 regions.
[17.685s][debug][gc,ref         ] GC(36) Skipped phase1 of Reference Processing due to unavailable references
[17.685s][debug][gc,ref         ] GC(36) Skipped phase2 of Reference Processing due to unavailable references
[17.685s][debug][gc,ref         ] GC(36) Skipped phase3 of Reference Processing due to unavailable references
[17.685s][debug][gc,ref         ] GC(36) Skipped phase4 of Reference Processing due to unavailable references
[17.685s][debug][gc,ergo        ] GC(36) Running G1 Free Collection Set using 8 workers for collection set length 145 (243)
[17.685s][debug][gc,ergo        ] GC(36) Running G1 Rebuild Free List Task using 8 workers for rebuilding free list of 0 (4096) regions
[17.685s][trace][gc,age         ] GC(36) Age table with threshold 15 (max threshold 15)
[17.685s][trace][gc,age         ] GC(36) - age   1:        504 bytes,        504 total
[17.685s][trace][gc,age         ] GC(36) - age   2:       1072 bytes,       1576 total
[17.685s][debug][gc,plab        ] GC(36) Young PLAB allocation: allocated: 14448B, wasted: 0B, unused: 12872B, used: 1576B, undo waste: 0B, 
[17.685s][debug][gc,plab        ] GC(36) Young other allocation: region end waste: 0B, regions filled: 1, direct allocated: 0B, failure used: 0B, failure wasted: 0B
[17.685s][debug][gc,plab        ] GC(36) Young sizing: calculated: 312B, actual: 2064B
[17.685s][debug][gc,plab        ] GC(36) Old PLAB allocation: allocated: 0B, wasted: 0B, unused: 0B, used: 0B, undo waste: 0B, 
[17.685s][debug][gc,plab        ] GC(36) Old other allocation: region end waste: 0B, regions filled: 1, direct allocated: 0B, failure used: 0B, failure wasted: 0B
[17.685s][debug][gc,plab        ] GC(36) Old sizing: calculated: 0B, actual: 2064B
[17.685s][debug][gc,ihop        ] GC(36) Basic information (value update), threshold: 114661785B (45.00), target occupancy: 254803968B, current occupancy: 4494040B, recent allocation size: 0B, recent allocation duration: 125.47ms, recent old gen allocation rate: 0.00B/s, recent marking phase length: 0.00ms
[17.685s][debug][gc,ihop        ] GC(36) Adaptive IHOP information (value update), threshold: 114661785B (47.37), internal target occupancy: 242063769B, occupancy: 4494040B, additional buffer size: 152043520B, predicted old gen allocation rate: 36015.35B/s, predicted marking phase length: 0.00ms, prediction active: false
[17.685s][debug][gc,ergo,refine ] GC(36) Concurrent refinement times: Logged Cards Scan time goal: 20.00ms Logged Cards Scan time: 0.00ms HCC time: 0.00ms
[17.685s][debug][gc,ergo,refine ] GC(36) Updated Refinement Zones: green: 2048, yellow: 6144, red: 10240
[17.685s][info ][gc,phases      ] GC(36)   Pre Evacuate Collection Set: 0.1ms
[17.685s][debug][gc,phases      ] GC(36)     Prepare TLABs: 0.0ms
[17.685s][debug][gc,phases      ] GC(36)     Choose Collection Set: 0.0ms
[17.685s][debug][gc,phases      ] GC(36)     Region Register: 0.1ms
[17.685s][debug][gc,phases      ] GC(36)     Prepare Heap Roots: 0.0ms
[17.685s][info ][gc,phases      ] GC(36)   Merge Heap Roots: 0.1ms
[17.685s][debug][gc,phases      ] GC(36)     Prepare Merge Heap Roots: 0.0ms
[17.685s][debug][gc,phases      ] GC(36)     Eager Reclaim (ms):       skipped
[17.685s][debug][gc,phases      ] GC(36)     Remembered Sets (ms):     Min:  0.0, Avg:  0.0, Max:  0.0, Diff:  0.0, Sum:  0.0, Workers: 8
[17.685s][debug][gc,phases      ] GC(36)       Merged Sparse:            Min: 0, Avg:  0.0, Max: 0, Diff: 0, Sum: 0, Workers: 8
[17.685s][debug][gc,phases      ] GC(36)       Merged Fine:              Min: 0, Avg:  0.0, Max: 0, Diff: 0, Sum: 0, Workers: 8
[17.685s][debug][gc,phases      ] GC(36)       Merged Coarse:            Min: 0, Avg:  0.0, Max: 0, Diff: 0, Sum: 0, Workers: 8
[17.685s][debug][gc,phases      ] GC(36)       Dirty Cards:              Min: 0, Avg:  0.0, Max: 0, Diff: 0, Sum: 0, Workers: 8
[17.685s][debug][gc,phases      ] GC(36)     Hot Card Cache (ms):      Min:  0.0, Avg:  0.0, Max:  0.0, Diff:  0.0, Sum:  0.0, Workers: 8
[17.685s][debug][gc,phases      ] GC(36)       Dirty Cards:              Min: 0, Avg:  0.0, Max: 0, Diff: 0, Sum: 0, Workers: 8
[17.685s][debug][gc,phases      ] GC(36)       Skipped Cards:            Min: 0, Avg:  0.0, Max: 0, Diff: 0, Sum: 0, Workers: 8
[17.685s][debug][gc,phases      ] GC(36)     Log Buffers (ms):         Min:  0.0, Avg:  0.0, Max:  0.0, Diff:  0.0, Sum:  0.0, Workers: 8
[17.685s][debug][gc,phases      ] GC(36)       Dirty Cards:              Min: 0, Avg:  1.6, Max: 5, Diff: 5, Sum: 13, Workers: 8
[17.685s][debug][gc,phases      ] GC(36)       Skipped Cards:            Min: 0, Avg:  0.0, Max: 0, Diff: 0, Sum: 0, Workers: 8
[17.685s][info ][gc,phases      ] GC(36)   Evacuate Collection Set: 0.2ms
[17.685s][debug][gc,phases      ] GC(36)     Ext Root Scanning (ms):   Min:  0.0, Avg:  0.0, Max:  0.1, Diff:  0.1, Sum:  0.2, Workers: 8
[17.685s][debug][gc,phases      ] GC(36)     Scan Heap Roots (ms):     Min:  0.0, Avg:  0.0, Max:  0.0, Diff:  0.0, Sum:  0.0, Workers: 8
[17.685s][debug][gc,phases      ] GC(36)       Scanned Cards:            Min: 0, Avg:  0.9, Max: 2, Diff: 2, Sum: 7, Workers: 8
[17.685s][debug][gc,phases      ] GC(36)       Scanned Blocks:           Min: 0, Avg:  0.9, Max: 2, Diff: 2, Sum: 7, Workers: 8
[17.685s][debug][gc,phases      ] GC(36)       Claimed Chunks:           Min: 0, Avg:  0.6, Max: 1, Diff: 1, Sum: 5, Workers: 8
[17.685s][debug][gc,phases      ] GC(36)     Code Root Scan (ms):      Min:  0.0, Avg:  0.0, Max:  0.0, Diff:  0.0, Sum:  0.0, Workers: 8
[17.685s][debug][gc,phases      ] GC(36)     Object Copy (ms):         Min:  0.0, Avg:  0.0, Max:  0.0, Diff:  0.0, Sum:  0.0, Workers: 8
[17.685s][debug][gc,phases      ] GC(36)     Termination (ms):         Min:  0.0, Avg:  0.0, Max:  0.1, Diff:  0.1, Sum:  0.4, Workers: 8
[17.685s][debug][gc,phases      ] GC(36)       Termination Attempts:     Min: 1, Avg:  1.0, Max: 1, Diff: 0, Sum: 8, Workers: 8
[17.685s][debug][gc,phases      ] GC(36)     GC Worker Other (ms):     Min:  0.0, Avg:  0.0, Max:  0.0, Diff:  0.0, Sum:  0.1, Workers: 8
[17.685s][debug][gc,phases      ] GC(36)     GC Worker Total (ms):     Min:  0.0, Avg:  0.1, Max:  0.2, Diff:  0.1, Sum:  0.8, Workers: 8
[17.685s][info ][gc,phases      ] GC(36)   Post Evacuate Collection Set: 0.3ms
[17.685s][debug][gc,phases      ] GC(36)     Code Roots Fixup: 0.0ms
[17.685s][debug][gc,phases      ] GC(36)     Clear Card Table: 0.1ms
[17.685s][debug][gc,phases      ] GC(36)     Reference Processing: 0.0ms
[17.685s][debug][gc,phases,ref  ] GC(36)       Reconsider SoftReferences: 0.0ms
[17.685s][debug][gc,phases,ref  ] GC(36)         SoftRef (ms):             skipped
[17.685s][debug][gc,phases,ref  ] GC(36)       Notify Soft/WeakReferences: 0.0ms
[17.685s][debug][gc,phases,ref  ] GC(36)         SoftRef (ms):             skipped
[17.685s][debug][gc,phases,ref  ] GC(36)         WeakRef (ms):             skipped
[17.685s][debug][gc,phases,ref  ] GC(36)         FinalRef (ms):            skipped
[17.685s][debug][gc,phases,ref  ] GC(36)         Total (ms):               skipped
[17.685s][debug][gc,phases,ref  ] GC(36)       Notify and keep alive finalizable: 0.0ms
[17.685s][debug][gc,phases,ref  ] GC(36)         FinalRef (ms):            skipped
[17.685s][debug][gc,phases,ref  ] GC(36)       Notify PhantomReferences: 0.0ms
[17.685s][debug][gc,phases,ref  ] GC(36)         PhantomRef (ms):          skipped
[17.685s][debug][gc,phases,ref  ] GC(36)       SoftReference:
[17.685s][debug][gc,phases,ref  ] GC(36)         Discovered: 0
[17.685s][debug][gc,phases,ref  ] GC(36)         Cleared: 0
[17.685s][debug][gc,phases,ref  ] GC(36)       WeakReference:
[17.685s][debug][gc,phases,ref  ] GC(36)         Discovered: 0
[17.685s][debug][gc,phases,ref  ] GC(36)         Cleared: 0
[17.685s][debug][gc,phases,ref  ] GC(36)       FinalReference:
[17.685s][debug][gc,phases,ref  ] GC(36)         Discovered: 0
[17.685s][debug][gc,phases,ref  ] GC(36)         Cleared: 0
[17.685s][debug][gc,phases,ref  ] GC(36)       PhantomReference:
[17.685s][debug][gc,phases,ref  ] GC(36)         Discovered: 0
[17.685s][debug][gc,phases,ref  ] GC(36)         Cleared: 0
[17.685s][debug][gc,phases      ] GC(36)     Weak Processing: 0.1ms
[17.685s][debug][gc,phases      ] GC(36)       JVMTI weak processing: 0.0ms
[17.685s][debug][gc,phases      ] GC(36)         Dead: 0
[17.685s][debug][gc,phases      ] GC(36)         Total: 0
[17.685s][debug][gc,phases      ] GC(36)       JFR weak processing: 0.0ms
[17.685s][debug][gc,phases      ] GC(36)         Dead: 0
[17.685s][debug][gc,phases      ] GC(36)         Total: 0
[17.685s][debug][gc,phases      ] GC(36)       JNI weak                  Min:  0.0, Avg:  0.0, Max:  0.0, Diff:  0.0, Sum:  0.0, Workers: 5
[17.685s][debug][gc,phases      ] GC(36)         Dead                      Min: 0, Avg:  0.0, Max: 0, Diff: 0, Sum: 0, Workers: 5
[17.686s][debug][gc,phases      ] GC(36)         Total                     Min: 0, Avg: 13.0, Max: 61, Diff: 61, Sum: 65, Workers: 5
[17.686s][debug][gc,phases      ] GC(36)       VM weak                   Min:  0.0, Avg:  0.0, Max:  0.0, Diff:  0.0, Sum:  0.0, Workers: 5
[17.686s][debug][gc,phases      ] GC(36)         Dead                      Min: 0, Avg:  0.0, Max: 0, Diff: 0, Sum: 0, Workers: 5
[17.686s][debug][gc,phases      ] GC(36)         Total                     Min: 0, Avg: 45.0, Max: 128, Diff: 128, Sum: 225, Workers: 5
[17.686s][debug][gc,phases      ] GC(36)       StringTable weak          Min:  0.0, Avg:  0.0, Max:  0.0, Diff:  0.0, Sum:  0.2, Workers: 5
[17.686s][debug][gc,phases      ] GC(36)         Dead                      Min: 0, Avg:  0.0, Max: 0, Diff: 0, Sum: 0, Workers: 5
[17.686s][debug][gc,phases      ] GC(36)         Total                     Min: 0, Avg: 732.4, Max: 1216, Diff: 1216, Sum: 3662, Workers: 5
[17.686s][debug][gc,phases      ] GC(36)       ResolvedMethodTable weak  Min:  0.0, Avg:  0.0, Max:  0.0, Diff:  0.0, Sum:  0.0, Workers: 5
[17.686s][debug][gc,phases      ] GC(36)         Dead                      Min: 0, Avg:  0.0, Max: 0, Diff: 0, Sum: 0, Workers: 5
[17.686s][debug][gc,phases      ] GC(36)         Total                     Min: 14, Avg: 118.0, Max: 192, Diff: 178, Sum: 590, Workers: 5
[17.686s][debug][gc,phases      ] GC(36)     Merge Per-Thread State: 0.0ms
[17.686s][debug][gc,phases      ] GC(36)       Copied Bytes              Min: 0, Avg: 197.0, Max: 344, Diff: 344, Sum: 1576, Workers: 8
[17.686s][debug][gc,phases      ] GC(36)       LAB Waste                 Min: 0, Avg:  0.0, Max: 0, Diff: 0, Sum: 0, Workers: 8
[17.686s][debug][gc,phases      ] GC(36)       LAB Undo Waste            Min: 0, Avg:  0.0, Max: 0, Diff: 0, Sum: 0, Workers: 8
[17.686s][debug][gc,phases      ] GC(36)     Code Roots Purge: 0.0ms
[17.686s][debug][gc,phases      ] GC(36)     Redirty Cards: 0.0ms
[17.686s][debug][gc,phases      ] GC(36)     DerivedPointerTable Update: 0.0ms
[17.686s][debug][gc,phases      ] GC(36)     Free Collection Set: 0.1ms
[17.686s][debug][gc,phases      ] GC(36)     Rebuild Free List: 0.1ms
[17.686s][debug][gc,phases      ] GC(36)     Humongous Reclaim: 0.0ms
[17.686s][debug][gc,phases      ] GC(36)     Start New Collection Set: 0.0ms
[17.686s][debug][gc,phases      ] GC(36)     Resize TLABs: 0.0ms
[17.686s][debug][gc,phases      ] GC(36)     Expand Heap After Collection: 0.0ms
[17.686s][info ][gc,phases      ] GC(36)   Other: 0.3ms
[17.686s][info ][gc,heap        ] GC(36) Eden regions: 144->0(144)
[17.686s][info ][gc,heap        ] GC(36) Survivor regions: 1->1(19)
[17.686s][info ][gc,heap        ] GC(36) Old regions: 7->7
[17.686s][info ][gc,heap        ] GC(36) Archive regions: 2->2
[17.686s][info ][gc,heap        ] GC(36) Humongous regions: 0->0
[17.686s][info ][gc,metaspace   ] GC(36) Metaspace: 10547K(11136K)->10547K(11136K) NonClass: 9335K(9728K)->9335K(9728K) Class: 1212K(1408K)->1212K(1408K)
[17.686s][debug][gc,heap        ] GC(36) Heap after GC invocations=37 (full 1): garbage-first heap   total 248832K, used 4388K [0x0000000700000000, 0x0000000800000000)
[17.686s][debug][gc,heap        ] GC(36)   region size 1024K, 1 young (1024K), 1 survivors (1024K)
[17.686s][debug][gc,heap        ] GC(36)  Metaspace       used 10547K, capacity 10850K, committed 11136K, reserved 1058816K
[17.686s][debug][gc,heap        ] GC(36)   class space    used 1212K, capacity 1344K, committed 1408K, reserved 1048576K
[17.686s][info ][gc             ] GC(36) Pause Young (Normal) (G1 Evacuation Pause) 148M->4M(243M) 1.501ms
[17.686s][info ][gc,cpu         ] GC(36) User=0.00s Sys=0.00s Real=0.00s
[17.686s][info ][safepoint      ] Safepoint "G1CollectForAllocation", Time since last: 124530859 ns, Reaching safepoint: 110853 ns, At safepoint: 1683019 ns, Total: 1793872 ns
[17.812s][debug][gc,heap        ] GC(37) Heap before GC invocations=37 (full 1): garbage-first heap   total 248832K, used 151844K [0x0000000700000000, 0x0000000800000000)
[17.812s][debug][gc,heap        ] GC(37)   region size 1024K, 145 young (148480K), 1 survivors (1024K)
[17.812s][debug][gc,heap        ] GC(37)  Metaspace       used 10547K, capacity 10850K, committed 11136K, reserved 1058816K
[17.812s][debug][gc,heap        ] GC(37)   class space    used 1212K, capacity 1344K, committed 1408K, reserved 1048576K
[17.812s][info ][gc,start       ] GC(37) Pause Young (Normal) (G1 Evacuation Pause)
[17.812s][info ][gc,task        ] GC(37) Using 8 workers of 8 for evacuation
[17.812s][debug][gc,tlab        ] GC(37) TLAB totals: thrds: 10  refills: 586 max: 79 slow allocs: 0 max 0 waste:  0.9% gc: 947928B max: 262656B slow: 337608B max: 45824B fast: 0B max: 0B
[17.812s][debug][gc,age         ] GC(37) Desired survivor size 9961472 bytes, new threshold 15 (max threshold 15)
[17.812s][debug][gc,alloc,region] GC(37) Mutator Allocation stats, regions: 144, wasted size: 0B ( 0.0%)
[17.812s][debug][gc,ergo        ] GC(37) Running G1 Merge Heap Roots using 8 workers for 145 regions
[17.812s][debug][gc,remset      ] GC(37) Visited cards 1536 Total dirty 8192 (18.75%) Total old 612352 (0.25%)
[17.812s][debug][gc,ergo        ] GC(37) Running G1 Clear Card Table Task using 1 workers for 1 units of work for 149 regions.
[17.812s][debug][gc,ref         ] GC(37) Skipped phase1 of Reference Processing due to unavailable references
[17.812s][debug][gc,ref         ] GC(37) Skipped phase3 of Reference Processing due to unavailable references
[17.812s][debug][gc,ref         ] GC(37) Skipped phase4 of Reference Processing due to unavailable references
[17.812s][debug][gc,ergo        ] GC(37) Running G1 Free Collection Set using 8 workers for collection set length 145 (243)
[17.812s][debug][gc,ergo        ] GC(37) Running G1 Rebuild Free List Task using 8 workers for rebuilding free list of 0 (4096) regions
[17.812s][trace][gc,age         ] GC(37) Age table with threshold 15 (max threshold 15)
[17.812s][trace][gc,age         ] GC(37) - age   1:        632 bytes,        632 total
[17.812s][trace][gc,age         ] GC(37) - age   3:        912 bytes,       1544 total
[17.812s][debug][gc,plab        ] GC(37) Young PLAB allocation: allocated: 12384B, wasted: 0B, unused: 10840B, used: 1544B, undo waste: 0B, 
[17.812s][debug][gc,plab        ] GC(37) Young other allocation: region end waste: 0B, regions filled: 1, direct allocated: 0B, failure used: 0B, failure wasted: 0B
[17.812s][debug][gc,plab        ] GC(37) Young sizing: calculated: 304B, actual: 2064B
[17.812s][debug][gc,plab        ] GC(37) Old PLAB allocation: allocated: 0B, wasted: 0B, unused: 0B, used: 0B, undo waste: 0B, 
[17.812s][debug][gc,plab        ] GC(37) Old other allocation: region end waste: 0B, regions filled: 1, direct allocated: 0B, failure used: 0B, failure wasted: 0B
[17.812s][debug][gc,plab        ] GC(37) Old sizing: calculated: 0B, actual: 2064B
[17.812s][debug][gc,ihop        ] GC(37) Basic information (value update), threshold: 114661785B (45.00), target occupancy: 254803968B, current occupancy: 4491976B, recent allocation size: 0B, recent allocation duration: 126.54ms, recent old gen allocation rate: 0.00B/s, recent marking phase length: 0.00ms
[17.812s][debug][gc,ihop        ] GC(37) Adaptive IHOP information (value update), threshold: 114661785B (47.37), internal target occupancy: 242063769B, occupancy: 4491976B, additional buffer size: 152043520B, predicted old gen allocation rate: 34877.81B/s, predicted marking phase length: 0.00ms, prediction active: false
[17.812s][debug][gc,ergo,refine ] GC(37) Concurrent refinement times: Logged Cards Scan time goal: 20.00ms Logged Cards Scan time: 0.01ms HCC time: 0.00ms
[17.812s][debug][gc,ergo,refine ] GC(37) Updated Refinement Zones: green: 2048, yellow: 6144, red: 10240
[17.812s][info ][gc,phases      ] GC(37)   Pre Evacuate Collection Set: 0.1ms
[17.812s][debug][gc,phases      ] GC(37)     Prepare TLABs: 0.0ms
[17.812s][debug][gc,phases      ] GC(37)     Choose Collection Set: 0.0ms
[17.812s][debug][gc,phases      ] GC(37)     Region Register: 0.1ms
[17.812s][debug][gc,phases      ] GC(37)     Prepare Heap Roots: 0.0ms
[17.812s][info ][gc,phases      ] GC(37)   Merge Heap Roots: 0.1ms
[17.812s][debug][gc,phases      ] GC(37)     Prepare Merge Heap Roots: 0.0ms
[17.812s][debug][gc,phases      ] GC(37)     Eager Reclaim (ms):       skipped
[17.812s][debug][gc,phases      ] GC(37)     Remembered Sets (ms):     Min:  0.0, Avg:  0.0, Max:  0.0, Diff:  0.0, Sum:  0.1, Workers: 8
[17.812s][debug][gc,phases      ] GC(37)       Merged Sparse:            Min: 0, Avg:  0.0, Max: 0, Diff: 0, Sum: 0, Workers: 8
[17.813s][debug][gc,phases      ] GC(37)       Merged Fine:              Min: 0, Avg:  0.0, Max: 0, Diff: 0, Sum: 0, Workers: 8
[17.813s][debug][gc,phases      ] GC(37)       Merged Coarse:            Min: 0, Avg:  0.0, Max: 0, Diff: 0, Sum: 0, Workers: 8
[17.813s][debug][gc,phases      ] GC(37)       Dirty Cards:              Min: 0, Avg:  0.0, Max: 0, Diff: 0, Sum: 0, Workers: 8
[17.813s][debug][gc,phases      ] GC(37)     Hot Card Cache (ms):      Min:  0.0, Avg:  0.0, Max:  0.0, Diff:  0.0, Sum:  0.0, Workers: 8
[17.813s][debug][gc,phases      ] GC(37)       Dirty Cards:              Min: 0, Avg:  0.0, Max: 0, Diff: 0, Sum: 0, Workers: 8
[17.813s][debug][gc,phases      ] GC(37)       Skipped Cards:            Min: 0, Avg:  0.0, Max: 0, Diff: 0, Sum: 0, Workers: 8
[17.813s][debug][gc,phases      ] GC(37)     Log Buffers (ms):         Min:  0.0, Avg:  0.0, Max:  0.0, Diff:  0.0, Sum:  0.0, Workers: 8
[17.813s][debug][gc,phases      ] GC(37)       Dirty Cards:              Min: 0, Avg:  2.1, Max: 7, Diff: 7, Sum: 17, Workers: 8
[17.813s][debug][gc,phases      ] GC(37)       Skipped Cards:            Min: 0, Avg:  0.0, Max: 0, Diff: 0, Sum: 0, Workers: 8
[17.813s][info ][gc,phases      ] GC(37)   Evacuate Collection Set: 0.2ms
[17.813s][debug][gc,phases      ] GC(37)     Ext Root Scanning (ms):   Min:  0.0, Avg:  0.0, Max:  0.1, Diff:  0.1, Sum:  0.2, Workers: 8
[17.813s][debug][gc,phases      ] GC(37)     Scan Heap Roots (ms):     Min:  0.0, Avg:  0.0, Max:  0.0, Diff:  0.0, Sum:  0.0, Workers: 8
[17.813s][debug][gc,phases      ] GC(37)       Scanned Cards:            Min: 0, Avg:  1.5, Max: 5, Diff: 5, Sum: 12, Workers: 8
[17.813s][debug][gc,phases      ] GC(37)       Scanned Blocks:           Min: 0, Avg:  1.2, Max: 4, Diff: 4, Sum: 10, Workers: 8
[17.813s][debug][gc,phases      ] GC(37)       Claimed Chunks:           Min: 0, Avg:  0.8, Max: 2, Diff: 2, Sum: 6, Workers: 8
[17.813s][debug][gc,phases      ] GC(37)     Code Root Scan (ms):      Min:  0.0, Avg:  0.0, Max:  0.0, Diff:  0.0, Sum:  0.0, Workers: 8
[17.813s][debug][gc,phases      ] GC(37)     Object Copy (ms):         Min:  0.0, Avg:  0.0, Max:  0.0, Diff:  0.0, Sum:  0.0, Workers: 8
[17.813s][debug][gc,phases      ] GC(37)     Termination (ms):         Min:  0.0, Avg:  0.1, Max:  0.1, Diff:  0.0, Sum:  0.5, Workers: 8
[17.813s][debug][gc,phases      ] GC(37)       Termination Attempts:     Min: 1, Avg:  1.0, Max: 1, Diff: 0, Sum: 8, Workers: 8
[17.813s][debug][gc,phases      ] GC(37)     GC Worker Other (ms):     Min:  0.0, Avg:  0.0, Max:  0.0, Diff:  0.0, Sum:  0.1, Workers: 8
[17.813s][debug][gc,phases      ] GC(37)     GC Worker Total (ms):     Min:  0.1, Avg:  0.1, Max:  0.2, Diff:  0.1, Sum:  0.9, Workers: 8
[17.813s][info ][gc,phases      ] GC(37)   Post Evacuate Collection Set: 0.3ms
[17.813s][debug][gc,phases      ] GC(37)     Code Roots Fixup: 0.0ms
[17.813s][debug][gc,phases      ] GC(37)     Clear Card Table: 0.1ms
[17.813s][debug][gc,phases      ] GC(37)     Reference Processing: 0.0ms
[17.813s][debug][gc,phases,ref  ] GC(37)       Reconsider SoftReferences: 0.0ms
[17.813s][debug][gc,phases,ref  ] GC(37)         SoftRef (ms):             skipped
[17.813s][debug][gc,phases,ref  ] GC(37)       Notify Soft/WeakReferences: 0.0ms
[17.813s][debug][gc,phases,ref  ] GC(37)         SoftRef (ms):             Min:  0.0, Avg:  0.0, Max:  0.0, Diff:  0.0, Sum:  0.0, Workers: 1
[17.813s][debug][gc,phases,ref  ] GC(37)         WeakRef (ms):             Min:  0.0, Avg:  0.0, Max:  0.0, Diff:  0.0, Sum:  0.0, Workers: 1
[17.813s][debug][gc,phases,ref  ] GC(37)         FinalRef (ms):            Min:  0.0, Avg:  0.0, Max:  0.0, Diff:  0.0, Sum:  0.0, Workers: 1
[17.813s][debug][gc,phases,ref  ] GC(37)         Total (ms):               Min:  0.0, Avg:  0.0, Max:  0.0, Diff:  0.0, Sum:  0.0, Workers: 1
[17.813s][debug][gc,phases,ref  ] GC(37)       Notify and keep alive finalizable: 0.0ms
[17.813s][debug][gc,phases,ref  ] GC(37)         FinalRef (ms):            skipped
[17.813s][debug][gc,phases,ref  ] GC(37)       Notify PhantomReferences: 0.0ms
[17.813s][debug][gc,phases,ref  ] GC(37)         PhantomRef (ms):          skipped
[17.813s][debug][gc,phases,ref  ] GC(37)       SoftReference:
[17.813s][debug][gc,phases,ref  ] GC(37)         Discovered: 0
[17.813s][debug][gc,phases,ref  ] GC(37)         Cleared: 0
[17.813s][debug][gc,phases,ref  ] GC(37)       WeakReference:
[17.813s][debug][gc,phases,ref  ] GC(37)         Discovered: 1
[17.813s][debug][gc,phases,ref  ] GC(37)         Cleared: 0
[17.813s][debug][gc,phases,ref  ] GC(37)       FinalReference:
[17.813s][debug][gc,phases,ref  ] GC(37)         Discovered: 0
[17.813s][debug][gc,phases,ref  ] GC(37)         Cleared: 0
[17.813s][debug][gc,phases,ref  ] GC(37)       PhantomReference:
[17.813s][debug][gc,phases,ref  ] GC(37)         Discovered: 0
[17.813s][debug][gc,phases,ref  ] GC(37)         Cleared: 0
[17.813s][debug][gc,phases      ] GC(37)     Weak Processing: 0.0ms
[17.813s][debug][gc,phases      ] GC(37)       JVMTI weak processing: 0.0ms
[17.813s][debug][gc,phases      ] GC(37)         Dead: 0
[17.813s][debug][gc,phases      ] GC(37)         Total: 0
[17.813s][debug][gc,phases      ] GC(37)       JFR weak processing: 0.0ms
[17.813s][debug][gc,phases      ] GC(37)         Dead: 0
[17.813s][debug][gc,phases      ] GC(37)         Total: 0
[17.813s][debug][gc,phases      ] GC(37)       JNI weak                  Min:  0.0, Avg:  0.0, Max:  0.0, Diff:  0.0, Sum:  0.0, Workers: 5
[17.813s][debug][gc,phases      ] GC(37)         Dead                      Min: 0, Avg:  0.0, Max: 0, Diff: 0, Sum: 0, Workers: 5
[17.813s][debug][gc,phases      ] GC(37)         Total                     Min: 0, Avg: 13.0, Max: 65, Diff: 65, Sum: 65, Workers: 5
[17.813s][debug][gc,phases      ] GC(37)       VM weak                   Min:  0.0, Avg:  0.0, Max:  0.0, Diff:  0.0, Sum:  0.0, Workers: 5
[17.813s][debug][gc,phases      ] GC(37)         Dead                      Min: 0, Avg:  0.0, Max: 0, Diff: 0, Sum: 0, Workers: 5
[17.813s][debug][gc,phases      ] GC(37)         Total                     Min: 0, Avg: 45.0, Max: 128, Diff: 128, Sum: 225, Workers: 5
[17.813s][debug][gc,phases      ] GC(37)       StringTable weak          Min:  0.0, Avg:  0.0, Max:  0.0, Diff:  0.0, Sum:  0.1, Workers: 5
[17.813s][debug][gc,phases      ] GC(37)         Dead                      Min: 0, Avg:  0.0, Max: 0, Diff: 0, Sum: 0, Workers: 5
[17.813s][debug][gc,phases      ] GC(37)         Total                     Min: 0, Avg: 732.4, Max: 1024, Diff: 1024, Sum: 3662, Workers: 5
[17.813s][debug][gc,phases      ] GC(37)       ResolvedMethodTable weak  Min:  0.0, Avg:  0.0, Max:  0.0, Diff:  0.0, Sum:  0.0, Workers: 5
[17.813s][debug][gc,phases      ] GC(37)         Dead                      Min: 0, Avg:  0.0, Max: 0, Diff: 0, Sum: 0, Workers: 5
[17.813s][debug][gc,phases      ] GC(37)         Total                     Min: 0, Avg: 118.0, Max: 192, Diff: 192, Sum: 590, Workers: 5
[17.813s][debug][gc,phases      ] GC(37)     Merge Per-Thread State: 0.0ms
[17.813s][debug][gc,phases      ] GC(37)       Copied Bytes              Min: 0, Avg: 193.0, Max: 480, Diff: 480, Sum: 1544, Workers: 8
[17.813s][debug][gc,phases      ] GC(37)       LAB Waste                 Min: 0, Avg:  0.0, Max: 0, Diff: 0, Sum: 0, Workers: 8
[17.813s][debug][gc,phases      ] GC(37)       LAB Undo Waste            Min: 0, Avg:  0.0, Max: 0, Diff: 0, Sum: 0, Workers: 8
[17.813s][debug][gc,phases      ] GC(37)     Code Roots Purge: 0.0ms
[17.813s][debug][gc,phases      ] GC(37)     Redirty Cards: 0.0ms
[17.813s][debug][gc,phases      ] GC(37)     DerivedPointerTable Update: 0.0ms
[17.813s][debug][gc,phases      ] GC(37)     Free Collection Set: 0.1ms
[17.813s][debug][gc,phases      ] GC(37)     Rebuild Free List: 0.0ms
[17.813s][debug][gc,phases      ] GC(37)     Humongous Reclaim: 0.0ms
[17.813s][debug][gc,phases      ] GC(37)     Start New Collection Set: 0.0ms
[17.813s][debug][gc,phases      ] GC(37)     Resize TLABs: 0.0ms
[17.813s][debug][gc,phases      ] GC(37)     Expand Heap After Collection: 0.0ms
[17.813s][info ][gc,phases      ] GC(37)   Other: 0.3ms
[17.813s][info ][gc,heap        ] GC(37) Eden regions: 144->0(144)
[17.813s][info ][gc,heap        ] GC(37) Survivor regions: 1->1(19)
[17.813s][info ][gc,heap        ] GC(37) Old regions: 7->7
[17.813s][info ][gc,heap        ] GC(37) Archive regions: 2->2
[17.813s][info ][gc,heap        ] GC(37) Humongous regions: 0->0
[17.813s][info ][gc,metaspace   ] GC(37) Metaspace: 10547K(11136K)->10547K(11136K) NonClass: 9335K(9728K)->9335K(9728K) Class: 1212K(1408K)->1212K(1408K)
[17.813s][debug][gc,heap        ] GC(37) Heap after GC invocations=38 (full 1): garbage-first heap   total 248832K, used 4386K [0x0000000700000000, 0x0000000800000000)
[17.813s][debug][gc,heap        ] GC(37)   region size 1024K, 1 young (1024K), 1 survivors (1024K)
[17.813s][debug][gc,heap        ] GC(37)  Metaspace       used 10547K, capacity 10850K, committed 11136K, reserved 1058816K
[17.813s][debug][gc,heap        ] GC(37)   class space    used 1212K, capacity 1344K, committed 1408K, reserved 1048576K
[17.813s][info ][gc             ] GC(37) Pause Young (Normal) (G1 Evacuation Pause) 148M->4M(243M) 1.436ms
[17.813s][info ][gc,cpu         ] GC(37) User=0.00s Sys=0.01s Real=0.00s
[17.813s][info ][safepoint      ] Safepoint "G1CollectForAllocation", Time since last: 125573048 ns, Reaching safepoint: 138922 ns, At safepoint: 1616703 ns, Total: 1755625 ns
[17.928s][debug][gc,heap        ] GC(38) Heap before GC invocations=38 (full 1): garbage-first heap   total 248832K, used 151842K [0x0000000700000000, 0x0000000800000000)
[17.928s][debug][gc,heap        ] GC(38)   region size 1024K, 145 young (148480K), 1 survivors (1024K)
[17.928s][debug][gc,heap        ] GC(38)  Metaspace       used 10547K, capacity 10850K, committed 11136K, reserved 1058816K
[17.928s][debug][gc,heap        ] GC(38)   class space    used 1212K, capacity 1344K, committed 1408K, reserved 1048576K
[17.928s][info ][gc,start       ] GC(38) Pause Young (Normal) (G1 Evacuation Pause)
[17.928s][info ][gc,task        ] GC(38) Using 8 workers of 8 for evacuation
[17.928s][debug][gc,tlab        ] GC(38) TLAB totals: thrds: 11  refills: 586 max: 80 slow allocs: 0 max 0 waste:  1.1% gc: 1256280B max: 293528B slow: 335504B max: 46616B fast: 0B max: 0B
[17.928s][debug][gc,age         ] GC(38) Desired survivor size 9961472 bytes, new threshold 15 (max threshold 15)
[17.928s][debug][gc,alloc,region] GC(38) Mutator Allocation stats, regions: 144, wasted size: 0B ( 0.0%)
[17.928s][debug][gc,ergo        ] GC(38) Running G1 Merge Heap Roots using 8 workers for 145 regions
[17.928s][debug][gc,remset      ] GC(38) Visited cards 1536 Total dirty 8192 (18.75%) Total old 612352 (0.25%)
[17.928s][debug][gc,ergo        ] GC(38) Running G1 Clear Card Table Task using 1 workers for 1 units of work for 149 regions.
[17.928s][debug][gc,ref         ] GC(38) Skipped phase1 of Reference Processing due to unavailable references
[17.928s][debug][gc,ref         ] GC(38) Skipped phase3 of Reference Processing due to unavailable references
[17.928s][debug][gc,ref         ] GC(38) Skipped phase4 of Reference Processing due to unavailable references
[17.928s][debug][gc,ergo        ] GC(38) Running G1 Free Collection Set using 8 workers for collection set length 145 (243)
[17.928s][debug][gc,ergo        ] GC(38) Running G1 Rebuild Free List Task using 8 workers for rebuilding free list of 0 (4096) regions
[17.929s][trace][gc,age         ] GC(38) Age table with threshold 15 (max threshold 15)
[17.929s][trace][gc,age         ] GC(38) - age   1:        864 bytes,        864 total
[17.929s][trace][gc,age         ] GC(38) - age   4:        912 bytes,       1776 total
[17.929s][debug][gc,plab        ] GC(38) Young PLAB allocation: allocated: 16512B, wasted: 0B, unused: 14736B, used: 1776B, undo waste: 0B, 
[17.929s][debug][gc,plab        ] GC(38) Young other allocation: region end waste: 0B, regions filled: 1, direct allocated: 0B, failure used: 0B, failure wasted: 0B
[17.929s][debug][gc,plab        ] GC(38) Young sizing: calculated: 352B, actual: 2064B
[17.929s][debug][gc,plab        ] GC(38) Old PLAB allocation: allocated: 0B, wasted: 0B, unused: 0B, used: 0B, undo waste: 0B, 
[17.929s][debug][gc,plab        ] GC(38) Old other allocation: region end waste: 0B, regions filled: 1, direct allocated: 0B, failure used: 0B, failure wasted: 0B
[17.929s][debug][gc,plab        ] GC(38) Old sizing: calculated: 0B, actual: 2064B
[17.929s][debug][gc,ihop        ] GC(38) Basic information (value update), threshold: 114661785B (45.00), target occupancy: 254803968B, current occupancy: 4496104B, recent allocation size: 0B, recent allocation duration: 115.37ms, recent old gen allocation rate: 0.00B/s, recent marking phase length: 0.00ms
[17.929s][debug][gc,ihop        ] GC(38) Adaptive IHOP information (value update), threshold: 114661785B (47.37), internal target occupancy: 242063769B, occupancy: 4496104B, additional buffer size: 152043520B, predicted old gen allocation rate: 33779.78B/s, predicted marking phase length: 0.00ms, prediction active: false
[17.929s][debug][gc,ergo,refine ] GC(38) Concurrent refinement times: Logged Cards Scan time goal: 20.00ms Logged Cards Scan time: 0.01ms HCC time: 0.00ms
[17.929s][debug][gc,ergo,refine ] GC(38) Updated Refinement Zones: green: 2048, yellow: 6144, red: 10240
[17.929s][info ][gc,phases      ] GC(38)   Pre Evacuate Collection Set: 0.1ms
[17.929s][debug][gc,phases      ] GC(38)     Prepare TLABs: 0.0ms
[17.929s][debug][gc,phases      ] GC(38)     Choose Collection Set: 0.0ms
[17.929s][debug][gc,phases      ] GC(38)     Region Register: 0.1ms
[17.929s][debug][gc,phases      ] GC(38)     Prepare Heap Roots: 0.0ms
[17.929s][info ][gc,phases      ] GC(38)   Merge Heap Roots: 0.1ms
[17.929s][debug][gc,phases      ] GC(38)     Prepare Merge Heap Roots: 0.0ms
[17.929s][debug][gc,phases      ] GC(38)     Eager Reclaim (ms):       skipped
[17.929s][debug][gc,phases      ] GC(38)     Remembered Sets (ms):     Min:  0.0, Avg:  0.0, Max:  0.0, Diff:  0.0, Sum:  0.1, Workers: 8
[17.929s][debug][gc,phases      ] GC(38)       Merged Sparse:            Min: 0, Avg:  0.0, Max: 0, Diff: 0, Sum: 0, Workers: 8
[17.929s][debug][gc,phases      ] GC(38)       Merged Fine:              Min: 0, Avg:  0.0, Max: 0, Diff: 0, Sum: 0, Workers: 8
[17.929s][debug][gc,phases      ] GC(38)       Merged Coarse:            Min: 0, Avg:  0.0, Max: 0, Diff: 0, Sum: 0, Workers: 8
[17.929s][debug][gc,phases      ] GC(38)       Dirty Cards:              Min: 0, Avg:  0.0, Max: 0, Diff: 0, Sum: 0, Workers: 8
[17.929s][debug][gc,phases      ] GC(38)     Hot Card Cache (ms):      Min:  0.0, Avg:  0.0, Max:  0.0, Diff:  0.0, Sum:  0.0, Workers: 8
[17.929s][debug][gc,phases      ] GC(38)       Dirty Cards:              Min: 0, Avg:  0.0, Max: 0, Diff: 0, Sum: 0, Workers: 8
[17.929s][debug][gc,phases      ] GC(38)       Skipped Cards:            Min: 0, Avg:  0.0, Max: 0, Diff: 0, Sum: 0, Workers: 8
[17.929s][debug][gc,phases      ] GC(38)     Log Buffers (ms):         Min:  0.0, Avg:  0.0, Max:  0.0, Diff:  0.0, Sum:  0.0, Workers: 8
[17.929s][debug][gc,phases      ] GC(38)       Dirty Cards:              Min: 0, Avg:  2.2, Max: 7, Diff: 7, Sum: 18, Workers: 8
[17.929s][debug][gc,phases      ] GC(38)       Skipped Cards:            Min: 0, Avg:  0.0, Max: 0, Diff: 0, Sum: 0, Workers: 8
[17.929s][info ][gc,phases      ] GC(38)   Evacuate Collection Set: 0.2ms
[17.929s][debug][gc,phases      ] GC(38)     Ext Root Scanning (ms):   Min:  0.0, Avg:  0.0, Max:  0.1, Diff:  0.1, Sum:  0.3, Workers: 8
[17.929s][debug][gc,phases      ] GC(38)     Scan Heap Roots (ms):     Min:  0.0, Avg:  0.0, Max:  0.0, Diff:  0.0, Sum:  0.0, Workers: 8
[17.929s][debug][gc,phases      ] GC(38)       Scanned Cards:            Min: 0, Avg:  1.8, Max: 6, Diff: 6, Sum: 14, Workers: 8
[17.929s][debug][gc,phases      ] GC(38)       Scanned Blocks:           Min: 0, Avg:  1.5, Max: 5, Diff: 5, Sum: 12, Workers: 8
[17.929s][debug][gc,phases      ] GC(38)       Claimed Chunks:           Min: 0, Avg:  0.8, Max: 2, Diff: 2, Sum: 6, Workers: 8
[17.929s][debug][gc,phases      ] GC(38)     Code Root Scan (ms):      Min:  0.0, Avg:  0.0, Max:  0.0, Diff:  0.0, Sum:  0.0, Workers: 8
[17.929s][debug][gc,phases      ] GC(38)     Object Copy (ms):         Min:  0.0, Avg:  0.0, Max:  0.0, Diff:  0.0, Sum:  0.1, Workers: 8
[17.929s][debug][gc,phases      ] GC(38)     Termination (ms):         Min:  0.1, Avg:  0.1, Max:  0.1, Diff:  0.0, Sum:  0.5, Workers: 8
[17.929s][debug][gc,phases      ] GC(38)       Termination Attempts:     Min: 1, Avg:  1.0, Max: 1, Diff: 0, Sum: 8, Workers: 8
[17.929s][debug][gc,phases      ] GC(38)     GC Worker Other (ms):     Min:  0.0, Avg:  0.0, Max:  0.0, Diff:  0.0, Sum:  0.2, Workers: 8
[17.929s][debug][gc,phases      ] GC(38)     GC Worker Total (ms):     Min:  0.1, Avg:  0.1, Max:  0.2, Diff:  0.1, Sum:  1.1, Workers: 8
[17.929s][info ][gc,phases      ] GC(38)   Post Evacuate Collection Set: 0.4ms
[17.929s][debug][gc,phases      ] GC(38)     Code Roots Fixup: 0.0ms
[17.929s][debug][gc,phases      ] GC(38)     Clear Card Table: 0.1ms
[17.929s][debug][gc,phases      ] GC(38)     Reference Processing: 0.0ms
[17.929s][debug][gc,phases,ref  ] GC(38)       Reconsider SoftReferences: 0.0ms
[17.929s][debug][gc,phases,ref  ] GC(38)         SoftRef (ms):             skipped
[17.929s][debug][gc,phases,ref  ] GC(38)       Notify Soft/WeakReferences: 0.0ms
[17.929s][debug][gc,phases,ref  ] GC(38)         SoftRef (ms):             Min:  0.0, Avg:  0.0, Max:  0.0, Diff:  0.0, Sum:  0.0, Workers: 1
[17.929s][debug][gc,phases,ref  ] GC(38)         WeakRef (ms):             Min:  0.0, Avg:  0.0, Max:  0.0, Diff:  0.0, Sum:  0.0, Workers: 1
[17.929s][debug][gc,phases,ref  ] GC(38)         FinalRef (ms):            Min:  0.0, Avg:  0.0, Max:  0.0, Diff:  0.0, Sum:  0.0, Workers: 1
[17.929s][debug][gc,phases,ref  ] GC(38)         Total (ms):               Min:  0.0, Avg:  0.0, Max:  0.0, Diff:  0.0, Sum:  0.0, Workers: 1
[17.929s][debug][gc,phases,ref  ] GC(38)       Notify and keep alive finalizable: 0.0ms
[17.929s][debug][gc,phases,ref  ] GC(38)         FinalRef (ms):            skipped
[17.929s][debug][gc,phases,ref  ] GC(38)       Notify PhantomReferences: 0.0ms
[17.929s][debug][gc,phases,ref  ] GC(38)         PhantomRef (ms):          skipped
[17.929s][debug][gc,phases,ref  ] GC(38)       SoftReference:
[17.929s][debug][gc,phases,ref  ] GC(38)         Discovered: 0
[17.929s][debug][gc,phases,ref  ] GC(38)         Cleared: 0
[17.929s][debug][gc,phases,ref  ] GC(38)       WeakReference:
[17.929s][debug][gc,phases,ref  ] GC(38)         Discovered: 1
[17.929s][debug][gc,phases,ref  ] GC(38)         Cleared: 0
[17.929s][debug][gc,phases,ref  ] GC(38)       FinalReference:
[17.929s][debug][gc,phases,ref  ] GC(38)         Discovered: 0
[17.929s][debug][gc,phases,ref  ] GC(38)         Cleared: 0
[17.929s][debug][gc,phases,ref  ] GC(38)       PhantomReference:
[17.929s][debug][gc,phases,ref  ] GC(38)         Discovered: 0
[17.929s][debug][gc,phases,ref  ] GC(38)         Cleared: 0
[17.929s][debug][gc,phases      ] GC(38)     Weak Processing: 0.1ms
[17.929s][debug][gc,phases      ] GC(38)       JVMTI weak processing: 0.0ms
[17.929s][debug][gc,phases      ] GC(38)         Dead: 0
[17.929s][debug][gc,phases      ] GC(38)         Total: 0
[17.929s][debug][gc,phases      ] GC(38)       JFR weak processing: 0.0ms
[17.929s][debug][gc,phases      ] GC(38)         Dead: 0
[17.929s][debug][gc,phases      ] GC(38)         Total: 0
[17.929s][debug][gc,phases      ] GC(38)       JNI weak                  Min:  0.0, Avg:  0.0, Max:  0.0, Diff:  0.0, Sum:  0.0, Workers: 5
[17.929s][debug][gc,phases      ] GC(38)         Dead                      Min: 0, Avg:  0.0, Max: 0, Diff: 0, Sum: 0, Workers: 5
[17.929s][debug][gc,phases      ] GC(38)         Total                     Min: 0, Avg: 13.0, Max: 65, Diff: 65, Sum: 65, Workers: 5
[17.929s][debug][gc,phases      ] GC(38)       VM weak                   Min:  0.0, Avg:  0.0, Max:  0.0, Diff:  0.0, Sum:  0.0, Workers: 5
[17.929s][debug][gc,phases      ] GC(38)         Dead                      Min: 0, Avg:  0.0, Max: 0, Diff: 0, Sum: 0, Workers: 5
[17.929s][debug][gc,phases      ] GC(38)         Total                     Min: 0, Avg: 45.0, Max: 225, Diff: 225, Sum: 225, Workers: 5
[17.929s][debug][gc,phases      ] GC(38)       StringTable weak          Min:  0.0, Avg:  0.0, Max:  0.0, Diff:  0.0, Sum:  0.0, Workers: 5
[17.929s][debug][gc,phases      ] GC(38)         Dead                      Min: 0, Avg:  0.0, Max: 0, Diff: 0, Sum: 0, Workers: 5
[17.929s][debug][gc,phases      ] GC(38)         Total                     Min: 0, Avg: 732.6, Max: 2767, Diff: 2767, Sum: 3663, Workers: 5
[17.929s][debug][gc,phases      ] GC(38)       ResolvedMethodTable weak  Min:  0.0, Avg:  0.0, Max:  0.0, Diff:  0.0, Sum:  0.0, Workers: 5
[17.929s][debug][gc,phases      ] GC(38)         Dead                      Min: 0, Avg:  0.0, Max: 0, Diff: 0, Sum: 0, Workers: 5
[17.929s][debug][gc,phases      ] GC(38)         Total                     Min: 0, Avg: 118.0, Max: 270, Diff: 270, Sum: 590, Workers: 5
[17.929s][debug][gc,phases      ] GC(38)     Merge Per-Thread State: 0.0ms
[17.929s][debug][gc,phases      ] GC(38)       Copied Bytes              Min: 144, Avg: 222.0, Max: 288, Diff: 144, Sum: 1776, Workers: 8
[17.929s][debug][gc,phases      ] GC(38)       LAB Waste                 Min: 0, Avg:  0.0, Max: 0, Diff: 0, Sum: 0, Workers: 8
[17.929s][debug][gc,phases      ] GC(38)       LAB Undo Waste            Min: 0, Avg:  0.0, Max: 0, Diff: 0, Sum: 0, Workers: 8
[17.929s][debug][gc,phases      ] GC(38)     Code Roots Purge: 0.0ms
[17.929s][debug][gc,phases      ] GC(38)     Redirty Cards: 0.0ms
[17.929s][debug][gc,phases      ] GC(38)     DerivedPointerTable Update: 0.0ms
[17.929s][debug][gc,phases      ] GC(38)     Free Collection Set: 0.1ms
[17.929s][debug][gc,phases      ] GC(38)     Rebuild Free List: 0.1ms
[17.929s][debug][gc,phases      ] GC(38)     Humongous Reclaim: 0.0ms
[17.929s][debug][gc,phases      ] GC(38)     Start New Collection Set: 0.0ms
[17.929s][debug][gc,phases      ] GC(38)     Resize TLABs: 0.0ms
[17.929s][debug][gc,phases      ] GC(38)     Expand Heap After Collection: 0.0ms
[17.929s][info ][gc,phases      ] GC(38)   Other: 0.3ms
[17.929s][info ][gc,heap        ] GC(38) Eden regions: 144->0(144)
[17.929s][info ][gc,heap        ] GC(38) Survivor regions: 1->1(19)
[17.929s][info ][gc,heap        ] GC(38) Old regions: 7->7
[17.929s][info ][gc,heap        ] GC(38) Archive regions: 2->2
[17.929s][info ][gc,heap        ] GC(38) Humongous regions: 0->0
[17.930s][info ][gc,metaspace   ] GC(38) Metaspace: 10547K(11136K)->10547K(11136K) NonClass: 9335K(9728K)->9335K(9728K) Class: 1212K(1408K)->1212K(1408K)
[17.930s][debug][gc,heap        ] GC(38) Heap after GC invocations=39 (full 1): garbage-first heap   total 248832K, used 4390K [0x0000000700000000, 0x0000000800000000)
[17.930s][debug][gc,heap        ] GC(38)   region size 1024K, 1 young (1024K), 1 survivors (1024K)
[17.930s][debug][gc,heap        ] GC(38)  Metaspace       used 10547K, capacity 10850K, committed 11136K, reserved 1058816K
[17.930s][debug][gc,heap        ] GC(38)   class space    used 1212K, capacity 1344K, committed 1408K, reserved 1048576K
[17.930s][info ][gc             ] GC(38) Pause Young (Normal) (G1 Evacuation Pause) 148M->4M(243M) 1.860ms
[17.930s][info ][gc,cpu         ] GC(38) User=0.00s Sys=0.00s Real=0.00s
[17.930s][info ][safepoint      ] Safepoint "G1CollectForAllocation", Time since last: 114320353 ns, Reaching safepoint: 150482 ns, At safepoint: 2036827 ns, Total: 2187309 ns
[18.054s][debug][gc,heap        ] GC(39) Heap before GC invocations=39 (full 1): garbage-first heap   total 248832K, used 151846K [0x0000000700000000, 0x0000000800000000)
[18.054s][debug][gc,heap        ] GC(39)   region size 1024K, 145 young (148480K), 1 survivors (1024K)
[18.054s][debug][gc,heap        ] GC(39)  Metaspace       used 10547K, capacity 10850K, committed 11136K, reserved 1058816K
[18.054s][debug][gc,heap        ] GC(39)   class space    used 1212K, capacity 1344K, committed 1408K, reserved 1048576K
[18.054s][info ][gc,start       ] GC(39) Pause Young (Normal) (G1 Evacuation Pause)
[18.054s][info ][gc,task        ] GC(39) Using 8 workers of 8 for evacuation
[18.054s][debug][gc,tlab        ] GC(39) TLAB totals: thrds: 10  refills: 582 max: 77 slow allocs: 0 max 0 waste:  0.7% gc: 762008B max: 141016B slow: 333616B max: 44488B fast: 0B max: 0B
[18.054s][debug][gc,age         ] GC(39) Desired survivor size 9961472 bytes, new threshold 15 (max threshold 15)
[18.054s][debug][gc,alloc,region] GC(39) Mutator Allocation stats, regions: 144, wasted size: 0B ( 0.0%)
[18.054s][debug][gc,ergo        ] GC(39) Running G1 Merge Heap Roots using 8 workers for 145 regions
[18.055s][debug][gc,remset      ] GC(39) Visited cards 1280 Total dirty 8192 (15.62%) Total old 612352 (0.21%)
[18.055s][debug][gc,ergo        ] GC(39) Running G1 Clear Card Table Task using 1 workers for 1 units of work for 149 regions.
[18.055s][debug][gc,ref         ] GC(39) Skipped phase1 of Reference Processing due to unavailable references
[18.055s][debug][gc,ref         ] GC(39) Skipped phase3 of Reference Processing due to unavailable references
[18.055s][debug][gc,ref         ] GC(39) Skipped phase4 of Reference Processing due to unavailable references
[18.055s][debug][gc,ergo        ] GC(39) Running G1 Free Collection Set using 8 workers for collection set length 145 (243)
[18.055s][debug][gc,ergo        ] GC(39) Running G1 Rebuild Free List Task using 8 workers for rebuilding free list of 0 (4096) regions
[18.055s][trace][gc,age         ] GC(39) Age table with threshold 15 (max threshold 15)
[18.055s][trace][gc,age         ] GC(39) - age   1:        728 bytes,        728 total
[18.055s][trace][gc,age         ] GC(39) - age   2:        168 bytes,        896 total
[18.055s][trace][gc,age         ] GC(39) - age   5:        848 bytes,       1744 total
[18.055s][debug][gc,plab        ] GC(39) Young PLAB allocation: allocated: 16512B, wasted: 0B, unused: 14768B, used: 1744B, undo waste: 0B, 
[18.055s][debug][gc,plab        ] GC(39) Young other allocation: region end waste: 0B, regions filled: 1, direct allocated: 0B, failure used: 0B, failure wasted: 0B
[18.055s][debug][gc,plab        ] GC(39) Young sizing: calculated: 344B, actual: 2064B
[18.055s][debug][gc,plab        ] GC(39) Old PLAB allocation: allocated: 0B, wasted: 0B, unused: 0B, used: 0B, undo waste: 0B, 
[18.055s][debug][gc,plab        ] GC(39) Old other allocation: region end waste: 0B, regions filled: 1, direct allocated: 0B, failure used: 0B, failure wasted: 0B
[18.055s][debug][gc,plab        ] GC(39) Old sizing: calculated: 0B, actual: 2064B
[18.055s][debug][gc,ihop        ] GC(39) Basic information (value update), threshold: 114661785B (45.00), target occupancy: 254803968B, current occupancy: 4496104B, recent allocation size: 0B, recent allocation duration: 125.66ms, recent old gen allocation rate: 0.00B/s, recent marking phase length: 0.00ms
[18.055s][debug][gc,ihop        ] GC(39) Adaptive IHOP information (value update), threshold: 114661785B (47.37), internal target occupancy: 242063769B, occupancy: 4496104B, additional buffer size: 152043520B, predicted old gen allocation rate: 32719.79B/s, predicted marking phase length: 0.00ms, prediction active: false
[18.055s][debug][gc,ergo,refine ] GC(39) Concurrent refinement times: Logged Cards Scan time goal: 20.00ms Logged Cards Scan time: 0.01ms HCC time: 0.00ms
[18.055s][debug][gc,ergo,refine ] GC(39) Updated Refinement Zones: green: 2048, yellow: 6144, red: 10240
[18.055s][info ][gc,phases      ] GC(39)   Pre Evacuate Collection Set: 0.1ms
[18.055s][debug][gc,phases      ] GC(39)     Prepare TLABs: 0.0ms
[18.055s][debug][gc,phases      ] GC(39)     Choose Collection Set: 0.0ms
[18.055s][debug][gc,phases      ] GC(39)     Region Register: 0.1ms
[18.055s][debug][gc,phases      ] GC(39)     Prepare Heap Roots: 0.0ms
[18.055s][info ][gc,phases      ] GC(39)   Merge Heap Roots: 0.1ms
[18.055s][debug][gc,phases      ] GC(39)     Prepare Merge Heap Roots: 0.0ms
[18.055s][debug][gc,phases      ] GC(39)     Eager Reclaim (ms):       skipped
[18.055s][debug][gc,phases      ] GC(39)     Remembered Sets (ms):     Min:  0.0, Avg:  0.0, Max:  0.0, Diff:  0.0, Sum:  0.0, Workers: 8
[18.055s][debug][gc,phases      ] GC(39)       Merged Sparse:            Min: 0, Avg:  0.0, Max: 0, Diff: 0, Sum: 0, Workers: 8
[18.055s][debug][gc,phases      ] GC(39)       Merged Fine:              Min: 0, Avg:  0.0, Max: 0, Diff: 0, Sum: 0, Workers: 8
[18.055s][debug][gc,phases      ] GC(39)       Merged Coarse:            Min: 0, Avg:  0.0, Max: 0, Diff: 0, Sum: 0, Workers: 8
[18.055s][debug][gc,phases      ] GC(39)       Dirty Cards:              Min: 0, Avg:  0.0, Max: 0, Diff: 0, Sum: 0, Workers: 8
[18.055s][debug][gc,phases      ] GC(39)     Hot Card Cache (ms):      Min:  0.0, Avg:  0.0, Max:  0.0, Diff:  0.0, Sum:  0.0, Workers: 8
[18.055s][debug][gc,phases      ] GC(39)       Dirty Cards:              Min: 0, Avg:  0.0, Max: 0, Diff: 0, Sum: 0, Workers: 8
[18.055s][debug][gc,phases      ] GC(39)       Skipped Cards:            Min: 0, Avg:  0.0, Max: 0, Diff: 0, Sum: 0, Workers: 8
[18.055s][debug][gc,phases      ] GC(39)     Log Buffers (ms):         Min:  0.0, Avg:  0.0, Max:  0.0, Diff:  0.0, Sum:  0.0, Workers: 8
[18.055s][debug][gc,phases      ] GC(39)       Dirty Cards:              Min: 0, Avg:  2.5, Max: 16, Diff: 16, Sum: 20, Workers: 8
[18.055s][debug][gc,phases      ] GC(39)       Skipped Cards:            Min: 0, Avg:  0.0, Max: 0, Diff: 0, Sum: 0, Workers: 8
[18.055s][info ][gc,phases      ] GC(39)   Evacuate Collection Set: 0.2ms
[18.055s][debug][gc,phases      ] GC(39)     Ext Root Scanning (ms):   Min:  0.0, Avg:  0.0, Max:  0.1, Diff:  0.1, Sum:  0.4, Workers: 8
[18.055s][debug][gc,phases      ] GC(39)     Scan Heap Roots (ms):     Min:  0.0, Avg:  0.0, Max:  0.0, Diff:  0.0, Sum:  0.0, Workers: 8
[18.055s][debug][gc,phases      ] GC(39)       Scanned Cards:            Min: 0, Avg:  1.4, Max: 4, Diff: 4, Sum: 11, Workers: 8
[18.055s][debug][gc,phases      ] GC(39)       Scanned Blocks:           Min: 0, Avg:  1.2, Max: 4, Diff: 4, Sum: 10, Workers: 8
[18.055s][debug][gc,phases      ] GC(39)       Claimed Chunks:           Min: 0, Avg:  0.6, Max: 1, Diff: 1, Sum: 5, Workers: 8
[18.055s][debug][gc,phases      ] GC(39)     Code Root Scan (ms):      Min:  0.0, Avg:  0.0, Max:  0.0, Diff:  0.0, Sum:  0.0, Workers: 8
[18.055s][debug][gc,phases      ] GC(39)     Object Copy (ms):         Min:  0.0, Avg:  0.0, Max:  0.0, Diff:  0.0, Sum:  0.0, Workers: 8
[18.055s][debug][gc,phases      ] GC(39)     Termination (ms):         Min:  0.1, Avg:  0.1, Max:  0.1, Diff:  0.0, Sum:  0.5, Workers: 8
[18.055s][debug][gc,phases      ] GC(39)       Termination Attempts:     Min: 1, Avg:  1.0, Max: 1, Diff: 0, Sum: 8, Workers: 8
[18.055s][debug][gc,phases      ] GC(39)     GC Worker Other (ms):     Min:  0.0, Avg:  0.0, Max:  0.0, Diff:  0.0, Sum:  0.2, Workers: 8
[18.055s][debug][gc,phases      ] GC(39)     GC Worker Total (ms):     Min:  0.1, Avg:  0.1, Max:  0.2, Diff:  0.1, Sum:  1.1, Workers: 8
[18.055s][info ][gc,phases      ] GC(39)   Post Evacuate Collection Set: 0.4ms
[18.055s][debug][gc,phases      ] GC(39)     Code Roots Fixup: 0.0ms
[18.055s][debug][gc,phases      ] GC(39)     Clear Card Table: 0.0ms
[18.056s][debug][gc,phases      ] GC(39)     Reference Processing: 0.0ms
[18.056s][debug][gc,phases,ref  ] GC(39)       Reconsider SoftReferences: 0.0ms
[18.056s][debug][gc,phases,ref  ] GC(39)         SoftRef (ms):             skipped
[18.056s][debug][gc,phases,ref  ] GC(39)       Notify Soft/WeakReferences: 0.0ms
[18.056s][debug][gc,phases,ref  ] GC(39)         SoftRef (ms):             Min:  0.0, Avg:  0.0, Max:  0.0, Diff:  0.0, Sum:  0.0, Workers: 1
[18.056s][debug][gc,phases,ref  ] GC(39)         WeakRef (ms):             Min:  0.0, Avg:  0.0, Max:  0.0, Diff:  0.0, Sum:  0.0, Workers: 1
[18.056s][debug][gc,phases,ref  ] GC(39)         FinalRef (ms):            Min:  0.0, Avg:  0.0, Max:  0.0, Diff:  0.0, Sum:  0.0, Workers: 1
[18.056s][debug][gc,phases,ref  ] GC(39)         Total (ms):               Min:  0.0, Avg:  0.0, Max:  0.0, Diff:  0.0, Sum:  0.0, Workers: 1
[18.056s][debug][gc,phases,ref  ] GC(39)       Notify and keep alive finalizable: 0.0ms
[18.056s][debug][gc,phases,ref  ] GC(39)         FinalRef (ms):            skipped
[18.056s][debug][gc,phases,ref  ] GC(39)       Notify PhantomReferences: 0.0ms
[18.056s][debug][gc,phases,ref  ] GC(39)         PhantomRef (ms):          skipped
[18.056s][debug][gc,phases,ref  ] GC(39)       SoftReference:
[18.056s][debug][gc,phases,ref  ] GC(39)         Discovered: 0
[18.056s][debug][gc,phases,ref  ] GC(39)         Cleared: 0
[18.056s][debug][gc,phases,ref  ] GC(39)       WeakReference:
[18.056s][debug][gc,phases,ref  ] GC(39)         Discovered: 1
[18.056s][debug][gc,phases,ref  ] GC(39)         Cleared: 0
[18.056s][debug][gc,phases,ref  ] GC(39)       FinalReference:
[18.056s][debug][gc,phases,ref  ] GC(39)         Discovered: 0
[18.056s][debug][gc,phases,ref  ] GC(39)         Cleared: 0
[18.056s][debug][gc,phases,ref  ] GC(39)       PhantomReference:
[18.056s][debug][gc,phases,ref  ] GC(39)         Discovered: 0
[18.056s][debug][gc,phases,ref  ] GC(39)         Cleared: 0
[18.056s][debug][gc,phases      ] GC(39)     Weak Processing: 0.1ms
[18.056s][debug][gc,phases      ] GC(39)       JVMTI weak processing: 0.0ms
[18.056s][debug][gc,phases      ] GC(39)         Dead: 0
[18.056s][debug][gc,phases      ] GC(39)         Total: 0
[18.056s][debug][gc,phases      ] GC(39)       JFR weak processing: 0.0ms
[18.056s][debug][gc,phases      ] GC(39)         Dead: 0
[18.056s][debug][gc,phases      ] GC(39)         Total: 0
[18.056s][debug][gc,phases      ] GC(39)       JNI weak                  Min:  0.0, Avg:  0.0, Max:  0.0, Diff:  0.0, Sum:  0.1, Workers: 5
[18.056s][debug][gc,phases      ] GC(39)         Dead                      Min: 0, Avg:  0.0, Max: 0, Diff: 0, Sum: 0, Workers: 5
[18.056s][debug][gc,phases      ] GC(39)         Total                     Min: 0, Avg: 13.0, Max: 61, Diff: 61, Sum: 65, Workers: 5
[18.056s][debug][gc,phases      ] GC(39)       VM weak                   Min:  0.0, Avg:  0.0, Max:  0.0, Diff:  0.0, Sum:  0.0, Workers: 5
[18.056s][debug][gc,phases      ] GC(39)         Dead                      Min: 0, Avg:  0.0, Max: 0, Diff: 0, Sum: 0, Workers: 5
[18.056s][debug][gc,phases      ] GC(39)         Total                     Min: 0, Avg: 45.0, Max: 128, Diff: 128, Sum: 225, Workers: 5
[18.056s][debug][gc,phases      ] GC(39)       StringTable weak          Min:  0.0, Avg:  0.0, Max:  0.1, Diff:  0.1, Sum:  0.1, Workers: 5
[18.056s][debug][gc,phases      ] GC(39)         Dead                      Min: 0, Avg:  0.0, Max: 0, Diff: 0, Sum: 0, Workers: 5
[18.056s][debug][gc,phases      ] GC(39)         Total                     Min: 192, Avg: 732.6, Max: 1807, Diff: 1615, Sum: 3663, Workers: 5
[18.056s][debug][gc,phases      ] GC(39)       ResolvedMethodTable weak  Min:  0.0, Avg:  0.0, Max:  0.0, Diff:  0.0, Sum:  0.0, Workers: 5
[18.056s][debug][gc,phases      ] GC(39)         Dead                      Min: 0, Avg:  0.0, Max: 0, Diff: 0, Sum: 0, Workers: 5
[18.056s][debug][gc,phases      ] GC(39)         Total                     Min: 0, Avg: 118.0, Max: 192, Diff: 192, Sum: 590, Workers: 5
[18.056s][debug][gc,phases      ] GC(39)     Merge Per-Thread State: 0.0ms
[18.056s][debug][gc,phases      ] GC(39)       Copied Bytes              Min: 48, Avg: 218.0, Max: 408, Diff: 360, Sum: 1744, Workers: 8
[18.056s][debug][gc,phases      ] GC(39)       LAB Waste                 Min: 0, Avg:  0.0, Max: 0, Diff: 0, Sum: 0, Workers: 8
[18.056s][debug][gc,phases      ] GC(39)       LAB Undo Waste            Min: 0, Avg:  0.0, Max: 0, Diff: 0, Sum: 0, Workers: 8
[18.056s][debug][gc,phases      ] GC(39)     Code Roots Purge: 0.0ms
[18.056s][debug][gc,phases      ] GC(39)     Redirty Cards: 0.0ms
[18.056s][debug][gc,phases      ] GC(39)     DerivedPointerTable Update: 0.0ms
[18.056s][debug][gc,phases      ] GC(39)     Free Collection Set: 0.1ms
[18.056s][debug][gc,phases      ] GC(39)     Rebuild Free List: 0.1ms
[18.056s][debug][gc,phases      ] GC(39)     Humongous Reclaim: 0.0ms
[18.056s][debug][gc,phases      ] GC(39)     Start New Collection Set: 0.0ms
[18.056s][debug][gc,phases      ] GC(39)     Resize TLABs: 0.0ms
[18.056s][debug][gc,phases      ] GC(39)     Expand Heap After Collection: 0.0ms
[18.056s][info ][gc,phases      ] GC(39)   Other: 0.3ms
[18.056s][info ][gc,heap        ] GC(39) Eden regions: 144->0(144)
[18.056s][info ][gc,heap        ] GC(39) Survivor regions: 1->1(19)
[18.056s][info ][gc,heap        ] GC(39) Old regions: 7->7
[18.056s][info ][gc,heap        ] GC(39) Archive regions: 2->2
[18.056s][info ][gc,heap        ] GC(39) Humongous regions: 0->0
[18.056s][info ][gc,metaspace   ] GC(39) Metaspace: 10547K(11136K)->10547K(11136K) NonClass: 9335K(9728K)->9335K(9728K) Class: 1212K(1408K)->1212K(1408K)
[18.056s][debug][gc,heap        ] GC(39) Heap after GC invocations=40 (full 1): garbage-first heap   total 248832K, used 4390K [0x0000000700000000, 0x0000000800000000)
[18.056s][debug][gc,heap        ] GC(39)   region size 1024K, 1 young (1024K), 1 survivors (1024K)
[18.056s][debug][gc,heap        ] GC(39)  Metaspace       used 10547K, capacity 10850K, committed 11136K, reserved 1058816K
[18.056s][debug][gc,heap        ] GC(39)   class space    used 1212K, capacity 1344K, committed 1408K, reserved 1048576K
[18.056s][info ][gc             ] GC(39) Pause Young (Normal) (G1 Evacuation Pause) 148M->4M(243M) 1.651ms
[18.056s][info ][gc,cpu         ] GC(39) User=0.00s Sys=0.00s Real=0.00s
[18.056s][info ][safepoint      ] Safepoint "G1CollectForAllocation", Time since last: 124385459 ns, Reaching safepoint: 181880 ns, At safepoint: 1841728 ns, Total: 2023608 ns
[18.180s][debug][gc,heap        ] GC(40) Heap before GC invocations=40 (full 1): garbage-first heap   total 248832K, used 151846K [0x0000000700000000, 0x0000000800000000)
[18.180s][debug][gc,heap        ] GC(40)   region size 1024K, 145 young (148480K), 1 survivors (1024K)
[18.180s][debug][gc,heap        ] GC(40)  Metaspace       used 10547K, capacity 10850K, committed 11136K, reserved 1058816K
[18.180s][debug][gc,heap        ] GC(40)   class space    used 1212K, capacity 1344K, committed 1408K, reserved 1048576K
[18.180s][info ][gc,start       ] GC(40) Pause Young (Normal) (G1 Evacuation Pause)
[18.180s][info ][gc,task        ] GC(40) Using 8 workers of 8 for evacuation
[18.180s][debug][gc,tlab        ] GC(40) TLAB totals: thrds: 10  refills: 594 max: 77 slow allocs: 1 max 1 waste:  0.9% gc: 1074128B max: 271192B slow: 340744B max: 44360B fast: 0B max: 0B
[18.180s][debug][gc,age         ] GC(40) Desired survivor size 9961472 bytes, new threshold 15 (max threshold 15)
[18.180s][debug][gc,alloc,region] GC(40) Mutator Allocation stats, regions: 144, wasted size: 0B ( 0.0%)
[18.180s][debug][gc,ergo        ] GC(40) Running G1 Merge Heap Roots using 8 workers for 145 regions
[18.180s][debug][gc,remset      ] GC(40) Visited cards 1536 Total dirty 8192 (18.75%) Total old 612352 (0.25%)
[18.181s][debug][gc,ergo        ] GC(40) Running G1 Clear Card Table Task using 1 workers for 1 units of work for 149 regions.
[18.181s][debug][gc,ref         ] GC(40) Skipped phase1 of Reference Processing due to unavailable references
[18.181s][debug][gc,ref         ] GC(40) Skipped phase3 of Reference Processing due to unavailable references
[18.181s][debug][gc,ref         ] GC(40) Skipped phase4 of Reference Processing due to unavailable references
[18.181s][debug][gc,ergo        ] GC(40) Running G1 Free Collection Set using 8 workers for collection set length 145 (243)
[18.181s][debug][gc,ergo        ] GC(40) Running G1 Rebuild Free List Task using 8 workers for rebuilding free list of 0 (4096) regions
[18.181s][trace][gc,age         ] GC(40) Age table with threshold 15 (max threshold 15)
[18.181s][trace][gc,age         ] GC(40) - age   1:       1024 bytes,       1024 total
[18.181s][trace][gc,age         ] GC(40) - age   2:         32 bytes,       1056 total
[18.181s][trace][gc,age         ] GC(40) - age   3:         72 bytes,       1128 total
[18.181s][trace][gc,age         ] GC(40) - age   6:        848 bytes,       1976 total
[18.181s][debug][gc,plab        ] GC(40) Young PLAB allocation: allocated: 16512B, wasted: 0B, unused: 14536B, used: 1976B, undo waste: 0B, 
[18.181s][debug][gc,plab        ] GC(40) Young other allocation: region end waste: 0B, regions filled: 1, direct allocated: 0B, failure used: 0B, failure wasted: 0B
[18.181s][debug][gc,plab        ] GC(40) Young sizing: calculated: 392B, actual: 2064B
[18.181s][debug][gc,plab        ] GC(40) Old PLAB allocation: allocated: 0B, wasted: 0B, unused: 0B, used: 0B, undo waste: 0B, 
[18.181s][debug][gc,plab        ] GC(40) Old other allocation: region end waste: 0B, regions filled: 1, direct allocated: 0B, failure used: 0B, failure wasted: 0B
[18.181s][debug][gc,plab        ] GC(40) Old sizing: calculated: 0B, actual: 2064B
[18.181s][debug][gc,ihop        ] GC(40) Basic information (value update), threshold: 114661785B (45.00), target occupancy: 254803968B, current occupancy: 4496104B, recent allocation size: 0B, recent allocation duration: 125.02ms, recent old gen allocation rate: 0.00B/s, recent marking phase length: 0.00ms
[18.181s][debug][gc,ihop        ] GC(40) Adaptive IHOP information (value update), threshold: 114661785B (47.37), internal target occupancy: 242063769B, occupancy: 4496104B, additional buffer size: 152043520B, predicted old gen allocation rate: 31696.39B/s, predicted marking phase length: 0.00ms, prediction active: false
[18.181s][debug][gc,ergo,refine ] GC(40) Concurrent refinement times: Logged Cards Scan time goal: 20.00ms Logged Cards Scan time: 0.01ms HCC time: 0.00ms
[18.181s][debug][gc,ergo,refine ] GC(40) Updated Refinement Zones: green: 2048, yellow: 6144, red: 10240
[18.181s][info ][gc,phases      ] GC(40)   Pre Evacuate Collection Set: 0.1ms
[18.181s][debug][gc,phases      ] GC(40)     Prepare TLABs: 0.1ms
[18.181s][debug][gc,phases      ] GC(40)     Choose Collection Set: 0.0ms
[18.181s][debug][gc,phases      ] GC(40)     Region Register: 0.1ms
[18.181s][debug][gc,phases      ] GC(40)     Prepare Heap Roots: 0.0ms
[18.181s][info ][gc,phases      ] GC(40)   Merge Heap Roots: 0.1ms
[18.181s][debug][gc,phases      ] GC(40)     Prepare Merge Heap Roots: 0.0ms
[18.181s][debug][gc,phases      ] GC(40)     Eager Reclaim (ms):       skipped
[18.181s][debug][gc,phases      ] GC(40)     Remembered Sets (ms):     Min:  0.0, Avg:  0.0, Max:  0.0, Diff:  0.0, Sum:  0.0, Workers: 8
[18.181s][debug][gc,phases      ] GC(40)       Merged Sparse:            Min: 0, Avg:  0.0, Max: 0, Diff: 0, Sum: 0, Workers: 8
[18.181s][debug][gc,phases      ] GC(40)       Merged Fine:              Min: 0, Avg:  0.0, Max: 0, Diff: 0, Sum: 0, Workers: 8
[18.181s][debug][gc,phases      ] GC(40)       Merged Coarse:            Min: 0, Avg:  0.0, Max: 0, Diff: 0, Sum: 0, Workers: 8
[18.181s][debug][gc,phases      ] GC(40)       Dirty Cards:              Min: 0, Avg:  0.0, Max: 0, Diff: 0, Sum: 0, Workers: 8
[18.181s][debug][gc,phases      ] GC(40)     Hot Card Cache (ms):      Min:  0.0, Avg:  0.0, Max:  0.0, Diff:  0.0, Sum:  0.0, Workers: 8
[18.181s][debug][gc,phases      ] GC(40)       Dirty Cards:              Min: 0, Avg:  0.0, Max: 0, Diff: 0, Sum: 0, Workers: 8
[18.181s][debug][gc,phases      ] GC(40)       Skipped Cards:            Min: 0, Avg:  0.0, Max: 0, Diff: 0, Sum: 0, Workers: 8
[18.181s][debug][gc,phases      ] GC(40)     Log Buffers (ms):         Min:  0.0, Avg:  0.0, Max:  0.0, Diff:  0.0, Sum:  0.0, Workers: 8
[18.181s][debug][gc,phases      ] GC(40)       Dirty Cards:              Min: 0, Avg:  2.1, Max: 10, Diff: 10, Sum: 17, Workers: 8
[18.181s][debug][gc,phases      ] GC(40)       Skipped Cards:            Min: 0, Avg:  0.0, Max: 0, Diff: 0, Sum: 0, Workers: 8
[18.181s][info ][gc,phases      ] GC(40)   Evacuate Collection Set: 0.2ms
[18.181s][debug][gc,phases      ] GC(40)     Ext Root Scanning (ms):   Min:  0.0, Avg:  0.0, Max:  0.0, Diff:  0.0, Sum:  0.2, Workers: 8
[18.181s][debug][gc,phases      ] GC(40)     Scan Heap Roots (ms):     Min:  0.0, Avg:  0.0, Max:  0.0, Diff:  0.0, Sum:  0.0, Workers: 8
[18.181s][debug][gc,phases      ] GC(40)       Scanned Cards:            Min: 0, Avg:  1.5, Max: 6, Diff: 6, Sum: 12, Workers: 8
[18.181s][debug][gc,phases      ] GC(40)       Scanned Blocks:           Min: 0, Avg:  1.2, Max: 5, Diff: 5, Sum: 10, Workers: 8
[18.181s][debug][gc,phases      ] GC(40)       Claimed Chunks:           Min: 0, Avg:  0.8, Max: 2, Diff: 2, Sum: 6, Workers: 8
[18.181s][debug][gc,phases      ] GC(40)     Code Root Scan (ms):      Min:  0.0, Avg:  0.0, Max:  0.0, Diff:  0.0, Sum:  0.0, Workers: 8
[18.181s][debug][gc,phases      ] GC(40)     Object Copy (ms):         Min:  0.0, Avg:  0.0, Max:  0.0, Diff:  0.0, Sum:  0.0, Workers: 8
[18.181s][debug][gc,phases      ] GC(40)     Termination (ms):         Min:  0.1, Avg:  0.1, Max:  0.1, Diff:  0.0, Sum:  0.8, Workers: 8
[18.181s][debug][gc,phases      ] GC(40)       Termination Attempts:     Min: 1, Avg:  1.0, Max: 1, Diff: 0, Sum: 8, Workers: 8
[18.181s][debug][gc,phases      ] GC(40)     GC Worker Other (ms):     Min:  0.0, Avg:  0.0, Max:  0.0, Diff:  0.0, Sum:  0.1, Workers: 8
[18.181s][debug][gc,phases      ] GC(40)     GC Worker Total (ms):     Min:  0.1, Avg:  0.2, Max:  0.2, Diff:  0.0, Sum:  1.3, Workers: 8
[18.181s][info ][gc,phases      ] GC(40)   Post Evacuate Collection Set: 0.4ms
[18.181s][debug][gc,phases      ] GC(40)     Code Roots Fixup: 0.0ms
[18.181s][debug][gc,phases      ] GC(40)     Clear Card Table: 0.1ms
[18.181s][debug][gc,phases      ] GC(40)     Reference Processing: 0.0ms
[18.181s][debug][gc,phases,ref  ] GC(40)       Reconsider SoftReferences: 0.0ms
[18.181s][debug][gc,phases,ref  ] GC(40)         SoftRef (ms):             skipped
[18.181s][debug][gc,phases,ref  ] GC(40)       Notify Soft/WeakReferences: 0.0ms
[18.181s][debug][gc,phases,ref  ] GC(40)         SoftRef (ms):             Min:  0.0, Avg:  0.0, Max:  0.0, Diff:  0.0, Sum:  0.0, Workers: 1
[18.181s][debug][gc,phases,ref  ] GC(40)         WeakRef (ms):             Min:  0.0, Avg:  0.0, Max:  0.0, Diff:  0.0, Sum:  0.0, Workers: 1
[18.181s][debug][gc,phases,ref  ] GC(40)         FinalRef (ms):            Min:  0.0, Avg:  0.0, Max:  0.0, Diff:  0.0, Sum:  0.0, Workers: 1
[18.181s][debug][gc,phases,ref  ] GC(40)         Total (ms):               Min:  0.0, Avg:  0.0, Max:  0.0, Diff:  0.0, Sum:  0.0, Workers: 1
[18.181s][debug][gc,phases,ref  ] GC(40)       Notify and keep alive finalizable: 0.0ms
[18.181s][debug][gc,phases,ref  ] GC(40)         FinalRef (ms):            skipped
[18.181s][debug][gc,phases,ref  ] GC(40)       Notify PhantomReferences: 0.0ms
[18.181s][debug][gc,phases,ref  ] GC(40)         PhantomRef (ms):          skipped
[18.181s][debug][gc,phases,ref  ] GC(40)       SoftReference:
[18.181s][debug][gc,phases,ref  ] GC(40)         Discovered: 0
[18.181s][debug][gc,phases,ref  ] GC(40)         Cleared: 0
[18.181s][debug][gc,phases,ref  ] GC(40)       WeakReference:
[18.181s][debug][gc,phases,ref  ] GC(40)         Discovered: 1
[18.181s][debug][gc,phases,ref  ] GC(40)         Cleared: 0
[18.181s][debug][gc,phases,ref  ] GC(40)       FinalReference:
[18.181s][debug][gc,phases,ref  ] GC(40)         Discovered: 0
[18.181s][debug][gc,phases,ref  ] GC(40)         Cleared: 0
[18.181s][debug][gc,phases,ref  ] GC(40)       PhantomReference:
[18.181s][debug][gc,phases,ref  ] GC(40)         Discovered: 0
[18.181s][debug][gc,phases,ref  ] GC(40)         Cleared: 0
[18.181s][debug][gc,phases      ] GC(40)     Weak Processing: 0.1ms
[18.182s][debug][gc,phases      ] GC(40)       JVMTI weak processing: 0.0ms
[18.182s][debug][gc,phases      ] GC(40)         Dead: 0
[18.182s][debug][gc,phases      ] GC(40)         Total: 0
[18.182s][debug][gc,phases      ] GC(40)       JFR weak processing: 0.0ms
[18.182s][debug][gc,phases      ] GC(40)         Dead: 0
[18.182s][debug][gc,phases      ] GC(40)         Total: 0
[18.182s][debug][gc,phases      ] GC(40)       JNI weak                  Min:  0.0, Avg:  0.0, Max:  0.0, Diff:  0.0, Sum:  0.0, Workers: 5
[18.182s][debug][gc,phases      ] GC(40)         Dead                      Min: 0, Avg:  0.0, Max: 0, Diff: 0, Sum: 0, Workers: 5
[18.182s][debug][gc,phases      ] GC(40)         Total                     Min: 0, Avg: 13.0, Max: 61, Diff: 61, Sum: 65, Workers: 5
[18.182s][debug][gc,phases      ] GC(40)       VM weak                   Min:  0.0, Avg:  0.0, Max:  0.0, Diff:  0.0, Sum:  0.0, Workers: 5
[18.182s][debug][gc,phases      ] GC(40)         Dead                      Min: 0, Avg:  0.0, Max: 0, Diff: 0, Sum: 0, Workers: 5
[18.182s][debug][gc,phases      ] GC(40)         Total                     Min: 0, Avg: 45.0, Max: 128, Diff: 128, Sum: 225, Workers: 5
[18.182s][debug][gc,phases      ] GC(40)       StringTable weak          Min:  0.0, Avg:  0.0, Max:  0.0, Diff:  0.0, Sum:  0.1, Workers: 5
[18.182s][debug][gc,phases      ] GC(40)         Dead                      Min: 0, Avg:  0.0, Max: 0, Diff: 0, Sum: 0, Workers: 5
[18.182s][debug][gc,phases      ] GC(40)         Total                     Min: 0, Avg: 732.6, Max: 1231, Diff: 1231, Sum: 3663, Workers: 5
[18.182s][debug][gc,phases      ] GC(40)       ResolvedMethodTable weak  Min:  0.0, Avg:  0.0, Max:  0.0, Diff:  0.0, Sum:  0.0, Workers: 5
[18.182s][debug][gc,phases      ] GC(40)         Dead                      Min: 0, Avg:  0.0, Max: 0, Diff: 0, Sum: 0, Workers: 5
[18.182s][debug][gc,phases      ] GC(40)         Total                     Min: 0, Avg: 118.0, Max: 206, Diff: 206, Sum: 590, Workers: 5
[18.182s][debug][gc,phases      ] GC(40)     Merge Per-Thread State: 0.0ms
[18.182s][debug][gc,phases      ] GC(40)       Copied Bytes              Min: 72, Avg: 247.0, Max: 360, Diff: 288, Sum: 1976, Workers: 8
[18.182s][debug][gc,phases      ] GC(40)       LAB Waste                 Min: 0, Avg:  0.0, Max: 0, Diff: 0, Sum: 0, Workers: 8
[18.182s][debug][gc,phases      ] GC(40)       LAB Undo Waste            Min: 0, Avg:  0.0, Max: 0, Diff: 0, Sum: 0, Workers: 8
[18.182s][debug][gc,phases      ] GC(40)     Code Roots Purge: 0.0ms
[18.182s][debug][gc,phases      ] GC(40)     Redirty Cards: 0.0ms
[18.182s][debug][gc,phases      ] GC(40)     DerivedPointerTable Update: 0.0ms
[18.182s][debug][gc,phases      ] GC(40)     Free Collection Set: 0.1ms
[18.182s][debug][gc,phases      ] GC(40)     Rebuild Free List: 0.0ms
[18.182s][debug][gc,phases      ] GC(40)     Humongous Reclaim: 0.0ms
[18.182s][debug][gc,phases      ] GC(40)     Start New Collection Set: 0.0ms
[18.182s][debug][gc,phases      ] GC(40)     Resize TLABs: 0.0ms
[18.182s][debug][gc,phases      ] GC(40)     Expand Heap After Collection: 0.0ms
[18.182s][info ][gc,phases      ] GC(40)   Other: 0.3ms
[18.182s][info ][gc,heap        ] GC(40) Eden regions: 144->0(144)
[18.182s][info ][gc,heap        ] GC(40) Survivor regions: 1->1(19)
[18.182s][info ][gc,heap        ] GC(40) Old regions: 7->7
[18.182s][info ][gc,heap        ] GC(40) Archive regions: 2->2
[18.182s][info ][gc,heap        ] GC(40) Humongous regions: 0->0
[18.182s][info ][gc,metaspace   ] GC(40) Metaspace: 10547K(11136K)->10547K(11136K) NonClass: 9335K(9728K)->9335K(9728K) Class: 1212K(1408K)->1212K(1408K)
[18.182s][debug][gc,heap        ] GC(40) Heap after GC invocations=41 (full 1): garbage-first heap   total 248832K, used 4390K [0x0000000700000000, 0x0000000800000000)
[18.182s][debug][gc,heap        ] GC(40)   region size 1024K, 1 young (1024K), 1 survivors (1024K)
[18.182s][debug][gc,heap        ] GC(40)  Metaspace       used 10547K, capacity 10850K, committed 11136K, reserved 1058816K
[18.182s][debug][gc,heap        ] GC(40)   class space    used 1212K, capacity 1344K, committed 1408K, reserved 1048576K
[18.182s][info ][gc             ] GC(40) Pause Young (Normal) (G1 Evacuation Pause) 148M->4M(243M) 1.605ms
[18.182s][info ][gc,cpu         ] GC(40) User=0.00s Sys=0.00s Real=0.00s
[18.182s][info ][safepoint      ] Safepoint "G1CollectForAllocation", Time since last: 123900953 ns, Reaching safepoint: 118013 ns, At safepoint: 1781276 ns, Total: 1899289 ns
[18.307s][debug][gc,heap        ] GC(41) Heap before GC invocations=41 (full 1): garbage-first heap   total 248832K, used 151846K [0x0000000700000000, 0x0000000800000000)
[18.307s][debug][gc,heap        ] GC(41)   region size 1024K, 145 young (148480K), 1 survivors (1024K)
[18.307s][debug][gc,heap        ] GC(41)  Metaspace       used 10547K, capacity 10850K, committed 11136K, reserved 1058816K
[18.307s][debug][gc,heap        ] GC(41)   class space    used 1212K, capacity 1344K, committed 1408K, reserved 1048576K
[18.307s][info ][gc,start       ] GC(41) Pause Young (Normal) (G1 Evacuation Pause)
[18.307s][info ][gc,task        ] GC(41) Using 8 workers of 8 for evacuation
[18.307s][debug][gc,tlab        ] GC(41) TLAB totals: thrds: 10  refills: 601 max: 77 slow allocs: 3 max 3 waste:  1.0% gc: 1219088B max: 340144B slow: 346056B max: 44144B fast: 0B max: 0B
[18.307s][debug][gc,age         ] GC(41) Desired survivor size 9961472 bytes, new threshold 15 (max threshold 15)
[18.307s][debug][gc,alloc,region] GC(41) Mutator Allocation stats, regions: 144, wasted size: 432B ( 0.0%)
[18.307s][debug][gc,ergo        ] GC(41) Running G1 Merge Heap Roots using 8 workers for 145 regions
[18.307s][debug][gc,remset      ] GC(41) Visited cards 1536 Total dirty 8192 (18.75%) Total old 612352 (0.25%)
[18.308s][debug][gc,ergo        ] GC(41) Running G1 Clear Card Table Task using 1 workers for 1 units of work for 149 regions.
[18.308s][debug][gc,ref         ] GC(41) Skipped phase1 of Reference Processing due to unavailable references
[18.308s][debug][gc,ref         ] GC(41) Skipped phase3 of Reference Processing due to unavailable references
[18.308s][debug][gc,ref         ] GC(41) Skipped phase4 of Reference Processing due to unavailable references
[18.308s][debug][gc,ergo        ] GC(41) Running G1 Free Collection Set using 8 workers for collection set length 145 (243)
[18.308s][debug][gc,ergo        ] GC(41) Running G1 Rebuild Free List Task using 8 workers for rebuilding free list of 0 (4096) regions
[18.308s][trace][gc,age         ] GC(41) Age table with threshold 15 (max threshold 15)
[18.308s][trace][gc,age         ] GC(41) - age   1:        664 bytes,        664 total
[18.308s][trace][gc,age         ] GC(41) - age   3:         32 bytes,        696 total
[18.308s][trace][gc,age         ] GC(41) - age   4:         72 bytes,        768 total
[18.308s][trace][gc,age         ] GC(41) - age   7:        848 bytes,       1616 total
[18.308s][debug][gc,plab        ] GC(41) Young PLAB allocation: allocated: 16512B, wasted: 0B, unused: 14896B, used: 1616B, undo waste: 0B, 
[18.308s][debug][gc,plab        ] GC(41) Young other allocation: region end waste: 0B, regions filled: 1, direct allocated: 0B, failure used: 0B, failure wasted: 0B
[18.308s][debug][gc,plab        ] GC(41) Young sizing: calculated: 320B, actual: 2064B
[18.308s][debug][gc,plab        ] GC(41) Old PLAB allocation: allocated: 0B, wasted: 0B, unused: 0B, used: 0B, undo waste: 0B, 
[18.308s][debug][gc,plab        ] GC(41) Old other allocation: region end waste: 0B, regions filled: 1, direct allocated: 0B, failure used: 0B, failure wasted: 0B
[18.308s][debug][gc,plab        ] GC(41) Old sizing: calculated: 0B, actual: 2064B
[18.308s][debug][gc,ihop        ] GC(41) Basic information (value update), threshold: 114661785B (45.00), target occupancy: 254803968B, current occupancy: 4496104B, recent allocation size: 0B, recent allocation duration: 126.05ms, recent old gen allocation rate: 0.00B/s, recent marking phase length: 0.00ms
[18.308s][debug][gc,ihop        ] GC(41) Adaptive IHOP information (value update), threshold: 114661785B (47.37), internal target occupancy: 242063769B, occupancy: 4496104B, additional buffer size: 152043520B, predicted old gen allocation rate: 30708.21B/s, predicted marking phase length: 0.00ms, prediction active: false
[18.308s][debug][gc,ergo,refine ] GC(41) Concurrent refinement times: Logged Cards Scan time goal: 20.00ms Logged Cards Scan time: 0.01ms HCC time: 0.00ms
[18.308s][debug][gc,ergo,refine ] GC(41) Updated Refinement Zones: green: 2048, yellow: 6144, red: 10240
[18.308s][info ][gc,phases      ] GC(41)   Pre Evacuate Collection Set: 0.1ms
[18.308s][debug][gc,phases      ] GC(41)     Prepare TLABs: 0.0ms
[18.308s][debug][gc,phases      ] GC(41)     Choose Collection Set: 0.0ms
[18.308s][debug][gc,phases      ] GC(41)     Region Register: 0.1ms
[18.308s][debug][gc,phases      ] GC(41)     Prepare Heap Roots: 0.0ms
[18.308s][info ][gc,phases      ] GC(41)   Merge Heap Roots: 0.1ms
[18.308s][debug][gc,phases      ] GC(41)     Prepare Merge Heap Roots: 0.0ms
[18.308s][debug][gc,phases      ] GC(41)     Eager Reclaim (ms):       skipped
[18.308s][debug][gc,phases      ] GC(41)     Remembered Sets (ms):     Min:  0.0, Avg:  0.0, Max:  0.0, Diff:  0.0, Sum:  0.2, Workers: 8
[18.308s][debug][gc,phases      ] GC(41)       Merged Sparse:            Min: 0, Avg:  0.0, Max: 0, Diff: 0, Sum: 0, Workers: 8
[18.308s][debug][gc,phases      ] GC(41)       Merged Fine:              Min: 0, Avg:  0.0, Max: 0, Diff: 0, Sum: 0, Workers: 8
[18.308s][debug][gc,phases      ] GC(41)       Merged Coarse:            Min: 0, Avg:  0.0, Max: 0, Diff: 0, Sum: 0, Workers: 8
[18.308s][debug][gc,phases      ] GC(41)       Dirty Cards:              Min: 0, Avg:  0.0, Max: 0, Diff: 0, Sum: 0, Workers: 8
[18.308s][debug][gc,phases      ] GC(41)     Hot Card Cache (ms):      Min:  0.0, Avg:  0.0, Max:  0.0, Diff:  0.0, Sum:  0.0, Workers: 8
[18.308s][debug][gc,phases      ] GC(41)       Dirty Cards:              Min: 0, Avg:  0.0, Max: 0, Diff: 0, Sum: 0, Workers: 8
[18.308s][debug][gc,phases      ] GC(41)       Skipped Cards:            Min: 0, Avg:  0.0, Max: 0, Diff: 0, Sum: 0, Workers: 8
[18.308s][debug][gc,phases      ] GC(41)     Log Buffers (ms):         Min:  0.0, Avg:  0.0, Max:  0.0, Diff:  0.0, Sum:  0.0, Workers: 8
[18.308s][debug][gc,phases      ] GC(41)       Dirty Cards:              Min: 0, Avg:  2.0, Max: 6, Diff: 6, Sum: 16, Workers: 8
[18.308s][debug][gc,phases      ] GC(41)       Skipped Cards:            Min: 0, Avg:  0.0, Max: 0, Diff: 0, Sum: 0, Workers: 8
[18.308s][info ][gc,phases      ] GC(41)   Evacuate Collection Set: 0.2ms
[18.308s][debug][gc,phases      ] GC(41)     Ext Root Scanning (ms):   Min:  0.0, Avg:  0.0, Max:  0.1, Diff:  0.1, Sum:  0.3, Workers: 8
[18.308s][debug][gc,phases      ] GC(41)     Scan Heap Roots (ms):     Min:  0.0, Avg:  0.0, Max:  0.0, Diff:  0.0, Sum:  0.0, Workers: 8
[18.308s][debug][gc,phases      ] GC(41)       Scanned Cards:            Min: 0, Avg:  1.5, Max: 5, Diff: 5, Sum: 12, Workers: 8
[18.308s][debug][gc,phases      ] GC(41)       Scanned Blocks:           Min: 0, Avg:  1.2, Max: 4, Diff: 4, Sum: 10, Workers: 8
[18.308s][debug][gc,phases      ] GC(41)       Claimed Chunks:           Min: 0, Avg:  0.8, Max: 1, Diff: 1, Sum: 6, Workers: 8
[18.308s][debug][gc,phases      ] GC(41)     Code Root Scan (ms):      Min:  0.0, Avg:  0.0, Max:  0.0, Diff:  0.0, Sum:  0.0, Workers: 8
[18.308s][debug][gc,phases      ] GC(41)     Object Copy (ms):         Min:  0.0, Avg:  0.0, Max:  0.0, Diff:  0.0, Sum:  0.0, Workers: 8
[18.308s][debug][gc,phases      ] GC(41)     Termination (ms):         Min:  0.1, Avg:  0.1, Max:  0.1, Diff:  0.0, Sum:  0.5, Workers: 8
[18.308s][debug][gc,phases      ] GC(41)       Termination Attempts:     Min: 1, Avg:  1.0, Max: 1, Diff: 0, Sum: 8, Workers: 8
[18.308s][debug][gc,phases      ] GC(41)     GC Worker Other (ms):     Min:  0.0, Avg:  0.0, Max:  0.0, Diff:  0.0, Sum:  0.1, Workers: 8
[18.308s][debug][gc,phases      ] GC(41)     GC Worker Total (ms):     Min:  0.1, Avg:  0.1, Max:  0.2, Diff:  0.1, Sum:  1.1, Workers: 8
[18.308s][info ][gc,phases      ] GC(41)   Post Evacuate Collection Set: 0.3ms
[18.308s][debug][gc,phases      ] GC(41)     Code Roots Fixup: 0.0ms
[18.308s][debug][gc,phases      ] GC(41)     Clear Card Table: 0.1ms
[18.308s][debug][gc,phases      ] GC(41)     Reference Processing: 0.0ms
[18.308s][debug][gc,phases,ref  ] GC(41)       Reconsider SoftReferences: 0.0ms
[18.308s][debug][gc,phases,ref  ] GC(41)         SoftRef (ms):             skipped
[18.308s][debug][gc,phases,ref  ] GC(41)       Notify Soft/WeakReferences: 0.0ms
[18.308s][debug][gc,phases,ref  ] GC(41)         SoftRef (ms):             Min:  0.0, Avg:  0.0, Max:  0.0, Diff:  0.0, Sum:  0.0, Workers: 1
[18.308s][debug][gc,phases,ref  ] GC(41)         WeakRef (ms):             Min:  0.0, Avg:  0.0, Max:  0.0, Diff:  0.0, Sum:  0.0, Workers: 1
[18.308s][debug][gc,phases,ref  ] GC(41)         FinalRef (ms):            Min:  0.0, Avg:  0.0, Max:  0.0, Diff:  0.0, Sum:  0.0, Workers: 1
[18.308s][debug][gc,phases,ref  ] GC(41)         Total (ms):               Min:  0.0, Avg:  0.0, Max:  0.0, Diff:  0.0, Sum:  0.0, Workers: 1
[18.308s][debug][gc,phases,ref  ] GC(41)       Notify and keep alive finalizable: 0.0ms
[18.308s][debug][gc,phases,ref  ] GC(41)         FinalRef (ms):            skipped
[18.308s][debug][gc,phases,ref  ] GC(41)       Notify PhantomReferences: 0.0ms
[18.308s][debug][gc,phases,ref  ] GC(41)         PhantomRef (ms):          skipped
[18.308s][debug][gc,phases,ref  ] GC(41)       SoftReference:
[18.308s][debug][gc,phases,ref  ] GC(41)         Discovered: 0
[18.308s][debug][gc,phases,ref  ] GC(41)         Cleared: 0
[18.308s][debug][gc,phases,ref  ] GC(41)       WeakReference:
[18.308s][debug][gc,phases,ref  ] GC(41)         Discovered: 1
[18.308s][debug][gc,phases,ref  ] GC(41)         Cleared: 0
[18.309s][debug][gc,phases,ref  ] GC(41)       FinalReference:
[18.309s][debug][gc,phases,ref  ] GC(41)         Discovered: 0
[18.309s][debug][gc,phases,ref  ] GC(41)         Cleared: 0
[18.309s][debug][gc,phases,ref  ] GC(41)       PhantomReference:
[18.309s][debug][gc,phases,ref  ] GC(41)         Discovered: 0
[18.309s][debug][gc,phases,ref  ] GC(41)         Cleared: 0
[18.309s][debug][gc,phases      ] GC(41)     Weak Processing: 0.1ms
[18.309s][debug][gc,phases      ] GC(41)       JVMTI weak processing: 0.0ms
[18.309s][debug][gc,phases      ] GC(41)         Dead: 0
[18.309s][debug][gc,phases      ] GC(41)         Total: 0
[18.309s][debug][gc,phases      ] GC(41)       JFR weak processing: 0.0ms
[18.309s][debug][gc,phases      ] GC(41)         Dead: 0
[18.309s][debug][gc,phases      ] GC(41)         Total: 0
[18.309s][debug][gc,phases      ] GC(41)       JNI weak                  Min:  0.0, Avg:  0.0, Max:  0.0, Diff:  0.0, Sum:  0.0, Workers: 5
[18.309s][debug][gc,phases      ] GC(41)         Dead                      Min: 0, Avg:  0.0, Max: 0, Diff: 0, Sum: 0, Workers: 5
[18.309s][debug][gc,phases      ] GC(41)         Total                     Min: 0, Avg: 13.0, Max: 61, Diff: 61, Sum: 65, Workers: 5
[18.309s][debug][gc,phases      ] GC(41)       VM weak                   Min:  0.0, Avg:  0.0, Max:  0.0, Diff:  0.0, Sum:  0.0, Workers: 5
[18.309s][debug][gc,phases      ] GC(41)         Dead                      Min: 0, Avg:  0.0, Max: 0, Diff: 0, Sum: 0, Workers: 5
[18.309s][debug][gc,phases      ] GC(41)         Total                     Min: 0, Avg: 45.0, Max: 128, Diff: 128, Sum: 225, Workers: 5
[18.309s][debug][gc,phases      ] GC(41)       StringTable weak          Min:  0.0, Avg:  0.0, Max:  0.1, Diff:  0.1, Sum:  0.1, Workers: 5
[18.309s][debug][gc,phases      ] GC(41)         Dead                      Min: 0, Avg:  0.0, Max: 0, Diff: 0, Sum: 0, Workers: 5
[18.309s][debug][gc,phases      ] GC(41)         Total                     Min: 0, Avg: 732.6, Max: 1679, Diff: 1679, Sum: 3663, Workers: 5
[18.309s][debug][gc,phases      ] GC(41)       ResolvedMethodTable weak  Min:  0.0, Avg:  0.0, Max:  0.0, Diff:  0.0, Sum:  0.0, Workers: 5
[18.309s][debug][gc,phases      ] GC(41)         Dead                      Min: 0, Avg:  0.0, Max: 0, Diff: 0, Sum: 0, Workers: 5
[18.309s][debug][gc,phases      ] GC(41)         Total                     Min: 0, Avg: 118.0, Max: 192, Diff: 192, Sum: 590, Workers: 5
[18.309s][debug][gc,phases      ] GC(41)     Merge Per-Thread State: 0.0ms
[18.309s][debug][gc,phases      ] GC(41)       Copied Bytes              Min: 24, Avg: 202.0, Max: 488, Diff: 464, Sum: 1616, Workers: 8
[18.309s][debug][gc,phases      ] GC(41)       LAB Waste                 Min: 0, Avg:  0.0, Max: 0, Diff: 0, Sum: 0, Workers: 8
[18.309s][debug][gc,phases      ] GC(41)       LAB Undo Waste            Min: 0, Avg:  0.0, Max: 0, Diff: 0, Sum: 0, Workers: 8
[18.309s][debug][gc,phases      ] GC(41)     Code Roots Purge: 0.0ms
[18.309s][debug][gc,phases      ] GC(41)     Redirty Cards: 0.0ms
[18.309s][debug][gc,phases      ] GC(41)     DerivedPointerTable Update: 0.0ms
[18.309s][debug][gc,phases      ] GC(41)     Free Collection Set: 0.1ms
[18.309s][debug][gc,phases      ] GC(41)     Rebuild Free List: 0.0ms
[18.309s][debug][gc,phases      ] GC(41)     Humongous Reclaim: 0.0ms
[18.309s][debug][gc,phases      ] GC(41)     Start New Collection Set: 0.0ms
[18.309s][debug][gc,phases      ] GC(41)     Resize TLABs: 0.0ms
[18.309s][debug][gc,phases      ] GC(41)     Expand Heap After Collection: 0.0ms
[18.309s][info ][gc,phases      ] GC(41)   Other: 0.3ms
[18.309s][info ][gc,heap        ] GC(41) Eden regions: 144->0(144)
[18.309s][info ][gc,heap        ] GC(41) Survivor regions: 1->1(19)
[18.309s][info ][gc,heap        ] GC(41) Old regions: 7->7
[18.309s][info ][gc,heap        ] GC(41) Archive regions: 2->2
[18.309s][info ][gc,heap        ] GC(41) Humongous regions: 0->0
[18.309s][info ][gc,metaspace   ] GC(41) Metaspace: 10547K(11136K)->10547K(11136K) NonClass: 9335K(9728K)->9335K(9728K) Class: 1212K(1408K)->1212K(1408K)
[18.309s][debug][gc,heap        ] GC(41) Heap after GC invocations=42 (full 1): garbage-first heap   total 248832K, used 4390K [0x0000000700000000, 0x0000000800000000)
[18.309s][debug][gc,heap        ] GC(41)   region size 1024K, 1 young (1024K), 1 survivors (1024K)
[18.309s][debug][gc,heap        ] GC(41)  Metaspace       used 10547K, capacity 10850K, committed 11136K, reserved 1058816K
[18.309s][debug][gc,heap        ] GC(41)   class space    used 1212K, capacity 1344K, committed 1408K, reserved 1048576K
[18.309s][info ][gc             ] GC(41) Pause Young (Normal) (G1 Evacuation Pause) 148M->4M(243M) 1.724ms
[18.309s][info ][gc,cpu         ] GC(41) User=0.00s Sys=0.00s Real=0.00s
[18.309s][info ][safepoint      ] Safepoint "G1CollectForAllocation", Time since last: 125024010 ns, Reaching safepoint: 179339 ns, At safepoint: 1900582 ns, Total: 2079921 ns
[18.431s][debug][gc,heap        ] GC(42) Heap before GC invocations=42 (full 1): garbage-first heap   total 248832K, used 151846K [0x0000000700000000, 0x0000000800000000)
[18.431s][debug][gc,heap        ] GC(42)   region size 1024K, 145 young (148480K), 1 survivors (1024K)
[18.431s][debug][gc,heap        ] GC(42)  Metaspace       used 10547K, capacity 10850K, committed 11136K, reserved 1058816K
[18.431s][debug][gc,heap        ] GC(42)   class space    used 1212K, capacity 1344K, committed 1408K, reserved 1048576K
[18.431s][info ][gc,start       ] GC(42) Pause Young (Normal) (G1 Evacuation Pause)
[18.431s][info ][gc,task        ] GC(42) Using 8 workers of 8 for evacuation
[18.431s][debug][gc,tlab        ] GC(42) TLAB totals: thrds: 10  refills: 607 max: 79 slow allocs: 1 max 1 waste:  1.0% gc: 1125344B max: 265264B slow: 348952B max: 45696B fast: 0B max: 0B
[18.431s][debug][gc,age         ] GC(42) Desired survivor size 9961472 bytes, new threshold 15 (max threshold 15)
[18.431s][debug][gc,alloc,region] GC(42) Mutator Allocation stats, regions: 144, wasted size: 0B ( 0.0%)
[18.431s][debug][gc,ergo        ] GC(42) Running G1 Merge Heap Roots using 8 workers for 145 regions
[18.431s][debug][gc,remset      ] GC(42) Visited cards 1536 Total dirty 8192 (18.75%) Total old 612352 (0.25%)
[18.431s][debug][gc,ergo        ] GC(42) Running G1 Clear Card Table Task using 1 workers for 1 units of work for 149 regions.
[18.431s][debug][gc,ref         ] GC(42) Skipped phase1 of Reference Processing due to unavailable references
[18.432s][debug][gc,ref         ] GC(42) Skipped phase3 of Reference Processing due to unavailable references
[18.432s][debug][gc,ref         ] GC(42) Skipped phase4 of Reference Processing due to unavailable references
[18.432s][debug][gc,ergo        ] GC(42) Running G1 Free Collection Set using 8 workers for collection set length 145 (243)
[18.432s][debug][gc,ergo        ] GC(42) Running G1 Rebuild Free List Task using 8 workers for rebuilding free list of 0 (4096) regions
[18.432s][trace][gc,age         ] GC(42) Age table with threshold 15 (max threshold 15)
[18.432s][trace][gc,age         ] GC(42) - age   1:       1232 bytes,       1232 total
[18.432s][trace][gc,age         ] GC(42) - age   4:         32 bytes,       1264 total
[18.432s][trace][gc,age         ] GC(42) - age   5:         72 bytes,       1336 total
[18.432s][trace][gc,age         ] GC(42) - age   8:        848 bytes,       2184 total
[18.432s][debug][gc,plab        ] GC(42) Young PLAB allocation: allocated: 14448B, wasted: 0B, unused: 12264B, used: 2184B, undo waste: 0B, 
[18.432s][debug][gc,plab        ] GC(42) Young other allocation: region end waste: 0B, regions filled: 1, direct allocated: 0B, failure used: 0B, failure wasted: 0B
[18.432s][debug][gc,plab        ] GC(42) Young sizing: calculated: 432B, actual: 2064B
[18.432s][debug][gc,plab        ] GC(42) Old PLAB allocation: allocated: 0B, wasted: 0B, unused: 0B, used: 0B, undo waste: 0B, 
[18.432s][debug][gc,plab        ] GC(42) Old other allocation: region end waste: 0B, regions filled: 1, direct allocated: 0B, failure used: 0B, failure wasted: 0B
[18.432s][debug][gc,plab        ] GC(42) Old sizing: calculated: 0B, actual: 2064B
[18.432s][debug][gc,ihop        ] GC(42) Basic information (value update), threshold: 114661785B (45.00), target occupancy: 254803968B, current occupancy: 4494040B, recent allocation size: 0B, recent allocation duration: 122.92ms, recent old gen allocation rate: 0.00B/s, recent marking phase length: 0.00ms
[18.432s][debug][gc,ihop        ] GC(42) Adaptive IHOP information (value update), threshold: 114661785B (47.37), internal target occupancy: 242063769B, occupancy: 4494040B, additional buffer size: 152043520B, predicted old gen allocation rate: 29753.93B/s, predicted marking phase length: 0.00ms, prediction active: false
[18.432s][debug][gc,ergo,refine ] GC(42) Concurrent refinement times: Logged Cards Scan time goal: 19.99ms Logged Cards Scan time: 0.01ms HCC time: 0.01ms
[18.432s][debug][gc,ergo,refine ] GC(42) Updated Refinement Zones: green: 2048, yellow: 6144, red: 10240
[18.432s][info ][gc,phases      ] GC(42)   Pre Evacuate Collection Set: 0.1ms
[18.432s][debug][gc,phases      ] GC(42)     Prepare TLABs: 0.0ms
[18.432s][debug][gc,phases      ] GC(42)     Choose Collection Set: 0.0ms
[18.432s][debug][gc,phases      ] GC(42)     Region Register: 0.1ms
[18.432s][debug][gc,phases      ] GC(42)     Prepare Heap Roots: 0.0ms
[18.432s][info ][gc,phases      ] GC(42)   Merge Heap Roots: 0.1ms
[18.432s][debug][gc,phases      ] GC(42)     Prepare Merge Heap Roots: 0.0ms
[18.432s][debug][gc,phases      ] GC(42)     Eager Reclaim (ms):       skipped
[18.432s][debug][gc,phases      ] GC(42)     Remembered Sets (ms):     Min:  0.0, Avg:  0.0, Max:  0.1, Diff:  0.1, Sum:  0.2, Workers: 8
[18.432s][debug][gc,phases      ] GC(42)       Merged Sparse:            Min: 0, Avg:  0.0, Max: 0, Diff: 0, Sum: 0, Workers: 8
[18.432s][debug][gc,phases      ] GC(42)       Merged Fine:              Min: 0, Avg:  0.0, Max: 0, Diff: 0, Sum: 0, Workers: 8
[18.432s][debug][gc,phases      ] GC(42)       Merged Coarse:            Min: 0, Avg:  0.0, Max: 0, Diff: 0, Sum: 0, Workers: 8
[18.432s][debug][gc,phases      ] GC(42)       Dirty Cards:              Min: 0, Avg:  0.0, Max: 0, Diff: 0, Sum: 0, Workers: 8
[18.432s][debug][gc,phases      ] GC(42)     Hot Card Cache (ms):      Min:  0.0, Avg:  0.0, Max:  0.0, Diff:  0.0, Sum:  0.0, Workers: 8
[18.432s][debug][gc,phases      ] GC(42)       Dirty Cards:              Min: 0, Avg:  0.0, Max: 0, Diff: 0, Sum: 0, Workers: 8
[18.432s][debug][gc,phases      ] GC(42)       Skipped Cards:            Min: 0, Avg:  0.0, Max: 0, Diff: 0, Sum: 0, Workers: 8
[18.432s][debug][gc,phases      ] GC(42)     Log Buffers (ms):         Min:  0.0, Avg:  0.0, Max:  0.0, Diff:  0.0, Sum:  0.0, Workers: 8
[18.432s][debug][gc,phases      ] GC(42)       Dirty Cards:              Min: 0, Avg:  2.6, Max: 11, Diff: 11, Sum: 21, Workers: 8
[18.432s][debug][gc,phases      ] GC(42)       Skipped Cards:            Min: 0, Avg:  0.0, Max: 0, Diff: 0, Sum: 0, Workers: 8
[18.432s][info ][gc,phases      ] GC(42)   Evacuate Collection Set: 0.2ms
[18.432s][debug][gc,phases      ] GC(42)     Ext Root Scanning (ms):   Min:  0.0, Avg:  0.0, Max:  0.0, Diff:  0.0, Sum:  0.2, Workers: 8
[18.432s][debug][gc,phases      ] GC(42)     Scan Heap Roots (ms):     Min:  0.0, Avg:  0.0, Max:  0.0, Diff:  0.0, Sum:  0.0, Workers: 8
[18.432s][debug][gc,phases      ] GC(42)       Scanned Cards:            Min: 0, Avg:  1.6, Max: 6, Diff: 6, Sum: 13, Workers: 8
[18.432s][debug][gc,phases      ] GC(42)       Scanned Blocks:           Min: 0, Avg:  1.4, Max: 5, Diff: 5, Sum: 11, Workers: 8
[18.432s][debug][gc,phases      ] GC(42)       Claimed Chunks:           Min: 0, Avg:  0.8, Max: 1, Diff: 1, Sum: 6, Workers: 8
[18.432s][debug][gc,phases      ] GC(42)     Code Root Scan (ms):      Min:  0.0, Avg:  0.0, Max:  0.0, Diff:  0.0, Sum:  0.0, Workers: 8
[18.432s][debug][gc,phases      ] GC(42)     Object Copy (ms):         Min:  0.0, Avg:  0.0, Max:  0.0, Diff:  0.0, Sum:  0.0, Workers: 8
[18.432s][debug][gc,phases      ] GC(42)     Termination (ms):         Min:  0.0, Avg:  0.1, Max:  0.1, Diff:  0.0, Sum:  0.5, Workers: 8
[18.432s][debug][gc,phases      ] GC(42)       Termination Attempts:     Min: 1, Avg:  1.0, Max: 1, Diff: 0, Sum: 8, Workers: 8
[18.432s][debug][gc,phases      ] GC(42)     GC Worker Other (ms):     Min:  0.0, Avg:  0.0, Max:  0.0, Diff:  0.0, Sum:  0.1, Workers: 8
[18.432s][debug][gc,phases      ] GC(42)     GC Worker Total (ms):     Min:  0.1, Avg:  0.1, Max:  0.1, Diff:  0.1, Sum:  0.9, Workers: 8
[18.432s][info ][gc,phases      ] GC(42)   Post Evacuate Collection Set: 0.4ms
[18.432s][debug][gc,phases      ] GC(42)     Code Roots Fixup: 0.0ms
[18.432s][debug][gc,phases      ] GC(42)     Clear Card Table: 0.1ms
[18.432s][debug][gc,phases      ] GC(42)     Reference Processing: 0.0ms
[18.432s][debug][gc,phases,ref  ] GC(42)       Reconsider SoftReferences: 0.0ms
[18.432s][debug][gc,phases,ref  ] GC(42)         SoftRef (ms):             skipped
[18.432s][debug][gc,phases,ref  ] GC(42)       Notify Soft/WeakReferences: 0.0ms
[18.432s][debug][gc,phases,ref  ] GC(42)         SoftRef (ms):             Min:  0.0, Avg:  0.0, Max:  0.0, Diff:  0.0, Sum:  0.0, Workers: 1
[18.432s][debug][gc,phases,ref  ] GC(42)         WeakRef (ms):             Min:  0.0, Avg:  0.0, Max:  0.0, Diff:  0.0, Sum:  0.0, Workers: 1
[18.432s][debug][gc,phases,ref  ] GC(42)         FinalRef (ms):            Min:  0.0, Avg:  0.0, Max:  0.0, Diff:  0.0, Sum:  0.0, Workers: 1
[18.432s][debug][gc,phases,ref  ] GC(42)         Total (ms):               Min:  0.0, Avg:  0.0, Max:  0.0, Diff:  0.0, Sum:  0.0, Workers: 1
[18.432s][debug][gc,phases,ref  ] GC(42)       Notify and keep alive finalizable: 0.0ms
[18.432s][debug][gc,phases,ref  ] GC(42)         FinalRef (ms):            skipped
[18.432s][debug][gc,phases,ref  ] GC(42)       Notify PhantomReferences: 0.0ms
[18.432s][debug][gc,phases,ref  ] GC(42)         PhantomRef (ms):          skipped
[18.432s][debug][gc,phases,ref  ] GC(42)       SoftReference:
[18.432s][debug][gc,phases,ref  ] GC(42)         Discovered: 0
[18.432s][debug][gc,phases,ref  ] GC(42)         Cleared: 0
[18.432s][debug][gc,phases,ref  ] GC(42)       WeakReference:
[18.432s][debug][gc,phases,ref  ] GC(42)         Discovered: 1
[18.432s][debug][gc,phases,ref  ] GC(42)         Cleared: 0
[18.432s][debug][gc,phases,ref  ] GC(42)       FinalReference:
[18.432s][debug][gc,phases,ref  ] GC(42)         Discovered: 0
[18.432s][debug][gc,phases,ref  ] GC(42)         Cleared: 0
[18.432s][debug][gc,phases,ref  ] GC(42)       PhantomReference:
[18.432s][debug][gc,phases,ref  ] GC(42)         Discovered: 0
[18.432s][debug][gc,phases,ref  ] GC(42)         Cleared: 0
[18.432s][debug][gc,phases      ] GC(42)     Weak Processing: 0.1ms
[18.432s][debug][gc,phases      ] GC(42)       JVMTI weak processing: 0.0ms
[18.432s][debug][gc,phases      ] GC(42)         Dead: 0
[18.432s][debug][gc,phases      ] GC(42)         Total: 0
[18.432s][debug][gc,phases      ] GC(42)       JFR weak processing: 0.0ms
[18.432s][debug][gc,phases      ] GC(42)         Dead: 0
[18.432s][debug][gc,phases      ] GC(42)         Total: 0
[18.432s][debug][gc,phases      ] GC(42)       JNI weak                  Min:  0.0, Avg:  0.0, Max:  0.0, Diff:  0.0, Sum:  0.0, Workers: 5
[18.432s][debug][gc,phases      ] GC(42)         Dead                      Min: 0, Avg:  0.0, Max: 0, Diff: 0, Sum: 0, Workers: 5
[18.432s][debug][gc,phases      ] GC(42)         Total                     Min: 0, Avg: 13.0, Max: 61, Diff: 61, Sum: 65, Workers: 5
[18.432s][debug][gc,phases      ] GC(42)       VM weak                   Min:  0.0, Avg:  0.0, Max:  0.0, Diff:  0.0, Sum:  0.1, Workers: 5
[18.432s][debug][gc,phases      ] GC(42)         Dead                      Min: 0, Avg:  0.0, Max: 0, Diff: 0, Sum: 0, Workers: 5
[18.432s][debug][gc,phases      ] GC(42)         Total                     Min: 0, Avg: 45.0, Max: 97, Diff: 97, Sum: 225, Workers: 5
[18.432s][debug][gc,phases      ] GC(42)       StringTable weak          Min:  0.0, Avg:  0.0, Max:  0.0, Diff:  0.0, Sum:  0.1, Workers: 5
[18.432s][debug][gc,phases      ] GC(42)         Dead                      Min: 0, Avg:  0.0, Max: 0, Diff: 0, Sum: 0, Workers: 5
[18.432s][debug][gc,phases      ] GC(42)         Total                     Min: 640, Avg: 733.2, Max: 786, Diff: 146, Sum: 3666, Workers: 5
[18.432s][debug][gc,phases      ] GC(42)       ResolvedMethodTable weak  Min:  0.0, Avg:  0.0, Max:  0.0, Diff:  0.0, Sum:  0.0, Workers: 5
[18.432s][debug][gc,phases      ] GC(42)         Dead                      Min: 0, Avg:  0.0, Max: 0, Diff: 0, Sum: 0, Workers: 5
[18.432s][debug][gc,phases      ] GC(42)         Total                     Min: 0, Avg: 118.0, Max: 192, Diff: 192, Sum: 590, Workers: 5
[18.432s][debug][gc,phases      ] GC(42)     Merge Per-Thread State: 0.0ms
[18.432s][debug][gc,phases      ] GC(42)       Copied Bytes              Min: 0, Avg: 273.0, Max: 456, Diff: 456, Sum: 2184, Workers: 8
[18.432s][debug][gc,phases      ] GC(42)       LAB Waste                 Min: 0, Avg:  0.0, Max: 0, Diff: 0, Sum: 0, Workers: 8
[18.432s][debug][gc,phases      ] GC(42)       LAB Undo Waste            Min: 0, Avg:  0.0, Max: 0, Diff: 0, Sum: 0, Workers: 8
[18.432s][debug][gc,phases      ] GC(42)     Code Roots Purge: 0.0ms
[18.432s][debug][gc,phases      ] GC(42)     Redirty Cards: 0.0ms
[18.432s][debug][gc,phases      ] GC(42)     DerivedPointerTable Update: 0.0ms
[18.432s][debug][gc,phases      ] GC(42)     Free Collection Set: 0.1ms
[18.432s][debug][gc,phases      ] GC(42)     Rebuild Free List: 0.0ms
[18.432s][debug][gc,phases      ] GC(42)     Humongous Reclaim: 0.0ms
[18.432s][debug][gc,phases      ] GC(42)     Start New Collection Set: 0.0ms
[18.432s][debug][gc,phases      ] GC(42)     Resize TLABs: 0.0ms
[18.432s][debug][gc,phases      ] GC(42)     Expand Heap After Collection: 0.0ms
[18.432s][info ][gc,phases      ] GC(42)   Other: 0.3ms
[18.432s][info ][gc,heap        ] GC(42) Eden regions: 144->0(144)
[18.432s][info ][gc,heap        ] GC(42) Survivor regions: 1->1(19)
[18.432s][info ][gc,heap        ] GC(42) Old regions: 7->7
[18.432s][info ][gc,heap        ] GC(42) Archive regions: 2->2
[18.432s][info ][gc,heap        ] GC(42) Humongous regions: 0->0
[18.432s][info ][gc,metaspace   ] GC(42) Metaspace: 10547K(11136K)->10547K(11136K) NonClass: 9335K(9728K)->9335K(9728K) Class: 1212K(1408K)->1212K(1408K)
[18.432s][debug][gc,heap        ] GC(42) Heap after GC invocations=43 (full 1): garbage-first heap   total 248832K, used 4388K [0x0000000700000000, 0x0000000800000000)
[18.432s][debug][gc,heap        ] GC(42)   region size 1024K, 1 young (1024K), 1 survivors (1024K)
[18.433s][debug][gc,heap        ] GC(42)  Metaspace       used 10547K, capacity 10850K, committed 11136K, reserved 1058816K
[18.433s][debug][gc,heap        ] GC(42)   class space    used 1212K, capacity 1344K, committed 1408K, reserved 1048576K
[18.433s][info ][gc             ] GC(42) Pause Young (Normal) (G1 Evacuation Pause) 148M->4M(243M) 1.566ms
[18.433s][info ][gc,cpu         ] GC(42) User=0.00s Sys=0.00s Real=0.00s
[18.433s][info ][safepoint      ] Safepoint "G1CollectForAllocation", Time since last: 121825862 ns, Reaching safepoint: 95244 ns, At safepoint: 1751035 ns, Total: 1846279 ns
[18.557s][debug][gc,heap        ] GC(43) Heap before GC invocations=43 (full 1): garbage-first heap   total 248832K, used 151844K [0x0000000700000000, 0x0000000800000000)
[18.557s][debug][gc,heap        ] GC(43)   region size 1024K, 145 young (148480K), 1 survivors (1024K)
[18.557s][debug][gc,heap        ] GC(43)  Metaspace       used 10547K, capacity 10850K, committed 11136K, reserved 1058816K
[18.557s][debug][gc,heap        ] GC(43)   class space    used 1212K, capacity 1344K, committed 1408K, reserved 1048576K
[18.557s][info ][gc,start       ] GC(43) Pause Young (Normal) (G1 Evacuation Pause)
[18.557s][info ][gc,task        ] GC(43) Using 8 workers of 8 for evacuation
[18.557s][debug][gc,tlab        ] GC(43) TLAB totals: thrds: 10  refills: 606 max: 77 slow allocs: 3 max 2 waste:  1.2% gc: 1426776B max: 305168B slow: 348208B max: 44448B fast: 0B max: 0B
[18.557s][debug][gc,age         ] GC(43) Desired survivor size 9961472 bytes, new threshold 15 (max threshold 15)
[18.557s][debug][gc,alloc,region] GC(43) Mutator Allocation stats, regions: 144, wasted size: 0B ( 0.0%)
[18.557s][debug][gc,ergo        ] GC(43) Running G1 Merge Heap Roots using 8 workers for 145 regions
[18.557s][debug][gc,remset      ] GC(43) Visited cards 1536 Total dirty 8192 (18.75%) Total old 612352 (0.25%)
[18.557s][debug][gc,ergo        ] GC(43) Running G1 Clear Card Table Task using 1 workers for 1 units of work for 149 regions.
[18.558s][debug][gc,ref         ] GC(43) Skipped phase1 of Reference Processing due to unavailable references
[18.558s][debug][gc,ref         ] GC(43) Skipped phase3 of Reference Processing due to unavailable references
[18.558s][debug][gc,ref         ] GC(43) Skipped phase4 of Reference Processing due to unavailable references
[18.558s][debug][gc,ergo        ] GC(43) Running G1 Free Collection Set using 8 workers for collection set length 145 (243)
[18.558s][debug][gc,ergo        ] GC(43) Running G1 Rebuild Free List Task using 8 workers for rebuilding free list of 0 (4096) regions
[18.558s][trace][gc,age         ] GC(43) Age table with threshold 15 (max threshold 15)
[18.558s][trace][gc,age         ] GC(43) - age   1:        744 bytes,        744 total
[18.558s][trace][gc,age         ] GC(43) - age   2:        168 bytes,        912 total
[18.558s][trace][gc,age         ] GC(43) - age   5:         32 bytes,        944 total
[18.558s][trace][gc,age         ] GC(43) - age   6:         72 bytes,       1016 total
[18.558s][trace][gc,age         ] GC(43) - age   9:        848 bytes,       1864 total
[18.558s][debug][gc,plab        ] GC(43) Young PLAB allocation: allocated: 14448B, wasted: 0B, unused: 12584B, used: 1864B, undo waste: 0B, 
[18.558s][debug][gc,plab        ] GC(43) Young other allocation: region end waste: 0B, regions filled: 1, direct allocated: 0B, failure used: 0B, failure wasted: 0B
[18.558s][debug][gc,plab        ] GC(43) Young sizing: calculated: 368B, actual: 2064B
[18.558s][debug][gc,plab        ] GC(43) Old PLAB allocation: allocated: 0B, wasted: 0B, unused: 0B, used: 0B, undo waste: 0B, 
[18.558s][debug][gc,plab        ] GC(43) Old other allocation: region end waste: 0B, regions filled: 1, direct allocated: 0B, failure used: 0B, failure wasted: 0B
[18.558s][debug][gc,plab        ] GC(43) Old sizing: calculated: 0B, actual: 2064B
[18.558s][debug][gc,ihop        ] GC(43) Basic information (value update), threshold: 114661785B (45.00), target occupancy: 254803968B, current occupancy: 4494040B, recent allocation size: 0B, recent allocation duration: 125.10ms, recent old gen allocation rate: 0.00B/s, recent marking phase length: 0.00ms
[18.558s][debug][gc,ihop        ] GC(43) Adaptive IHOP information (value update), threshold: 114661785B (47.37), internal target occupancy: 242063769B, occupancy: 4494040B, additional buffer size: 152043520B, predicted old gen allocation rate: 28832.27B/s, predicted marking phase length: 0.00ms, prediction active: false
[18.558s][debug][gc,ergo,refine ] GC(43) Concurrent refinement times: Logged Cards Scan time goal: 20.00ms Logged Cards Scan time: 0.00ms HCC time: 0.00ms
[18.558s][debug][gc,ergo,refine ] GC(43) Updated Refinement Zones: green: 2048, yellow: 6144, red: 10240
[18.558s][info ][gc,phases      ] GC(43)   Pre Evacuate Collection Set: 0.1ms
[18.558s][debug][gc,phases      ] GC(43)     Prepare TLABs: 0.0ms
[18.558s][debug][gc,phases      ] GC(43)     Choose Collection Set: 0.0ms
[18.558s][debug][gc,phases      ] GC(43)     Region Register: 0.1ms
[18.558s][debug][gc,phases      ] GC(43)     Prepare Heap Roots: 0.0ms
[18.558s][info ][gc,phases      ] GC(43)   Merge Heap Roots: 0.1ms
[18.558s][debug][gc,phases      ] GC(43)     Prepare Merge Heap Roots: 0.0ms
[18.558s][debug][gc,phases      ] GC(43)     Eager Reclaim (ms):       skipped
[18.558s][debug][gc,phases      ] GC(43)     Remembered Sets (ms):     Min:  0.0, Avg:  0.0, Max:  0.0, Diff:  0.0, Sum:  0.0, Workers: 8
[18.558s][debug][gc,phases      ] GC(43)       Merged Sparse:            Min: 0, Avg:  0.0, Max: 0, Diff: 0, Sum: 0, Workers: 8
[18.558s][debug][gc,phases      ] GC(43)       Merged Fine:              Min: 0, Avg:  0.0, Max: 0, Diff: 0, Sum: 0, Workers: 8
[18.558s][debug][gc,phases      ] GC(43)       Merged Coarse:            Min: 0, Avg:  0.0, Max: 0, Diff: 0, Sum: 0, Workers: 8
[18.558s][debug][gc,phases      ] GC(43)       Dirty Cards:              Min: 0, Avg:  0.0, Max: 0, Diff: 0, Sum: 0, Workers: 8
[18.558s][debug][gc,phases      ] GC(43)     Hot Card Cache (ms):      Min:  0.0, Avg:  0.0, Max:  0.0, Diff:  0.0, Sum:  0.0, Workers: 8
[18.558s][debug][gc,phases      ] GC(43)       Dirty Cards:              Min: 0, Avg:  0.0, Max: 0, Diff: 0, Sum: 0, Workers: 8
[18.558s][debug][gc,phases      ] GC(43)       Skipped Cards:            Min: 0, Avg:  0.0, Max: 0, Diff: 0, Sum: 0, Workers: 8
[18.558s][debug][gc,phases      ] GC(43)     Log Buffers (ms):         Min:  0.0, Avg:  0.0, Max:  0.0, Diff:  0.0, Sum:  0.0, Workers: 8
[18.558s][debug][gc,phases      ] GC(43)       Dirty Cards:              Min: 0, Avg:  2.1, Max: 11, Diff: 11, Sum: 17, Workers: 8
[18.558s][debug][gc,phases      ] GC(43)       Skipped Cards:            Min: 0, Avg:  0.0, Max: 0, Diff: 0, Sum: 0, Workers: 8
[18.558s][info ][gc,phases      ] GC(43)   Evacuate Collection Set: 0.2ms
[18.558s][debug][gc,phases      ] GC(43)     Ext Root Scanning (ms):   Min:  0.0, Avg:  0.1, Max:  0.1, Diff:  0.1, Sum:  0.4, Workers: 8
[18.558s][debug][gc,phases      ] GC(43)     Scan Heap Roots (ms):     Min:  0.0, Avg:  0.0, Max:  0.0, Diff:  0.0, Sum:  0.0, Workers: 8
[18.558s][debug][gc,phases      ] GC(43)       Scanned Cards:            Min: 0, Avg:  1.6, Max: 6, Diff: 6, Sum: 13, Workers: 8
[18.558s][debug][gc,phases      ] GC(43)       Scanned Blocks:           Min: 0, Avg:  1.4, Max: 5, Diff: 5, Sum: 11, Workers: 8
[18.558s][debug][gc,phases      ] GC(43)       Claimed Chunks:           Min: 0, Avg:  0.8, Max: 2, Diff: 2, Sum: 6, Workers: 8
[18.558s][debug][gc,phases      ] GC(43)     Code Root Scan (ms):      Min:  0.0, Avg:  0.0, Max:  0.0, Diff:  0.0, Sum:  0.0, Workers: 8
[18.558s][debug][gc,phases      ] GC(43)     Object Copy (ms):         Min:  0.0, Avg:  0.0, Max:  0.0, Diff:  0.0, Sum:  0.0, Workers: 8
[18.558s][debug][gc,phases      ] GC(43)     Termination (ms):         Min:  0.1, Avg:  0.1, Max:  0.1, Diff:  0.1, Sum:  0.8, Workers: 8
[18.558s][debug][gc,phases      ] GC(43)       Termination Attempts:     Min: 1, Avg:  1.0, Max: 1, Diff: 0, Sum: 8, Workers: 8
[18.558s][debug][gc,phases      ] GC(43)     GC Worker Other (ms):     Min:  0.0, Avg:  0.0, Max:  0.0, Diff:  0.0, Sum:  0.1, Workers: 8
[18.558s][debug][gc,phases      ] GC(43)     GC Worker Total (ms):     Min:  0.2, Avg:  0.2, Max:  0.2, Diff:  0.1, Sum:  1.4, Workers: 8
[18.558s][info ][gc,phases      ] GC(43)   Post Evacuate Collection Set: 0.5ms
[18.558s][debug][gc,phases      ] GC(43)     Code Roots Fixup: 0.0ms
[18.558s][debug][gc,phases      ] GC(43)     Clear Card Table: 0.1ms
[18.558s][debug][gc,phases      ] GC(43)     Reference Processing: 0.0ms
[18.558s][debug][gc,phases,ref  ] GC(43)       Reconsider SoftReferences: 0.0ms
[18.558s][debug][gc,phases,ref  ] GC(43)         SoftRef (ms):             skipped
[18.558s][debug][gc,phases,ref  ] GC(43)       Notify Soft/WeakReferences: 0.0ms
[18.558s][debug][gc,phases,ref  ] GC(43)         SoftRef (ms):             Min:  0.0, Avg:  0.0, Max:  0.0, Diff:  0.0, Sum:  0.0, Workers: 1
[18.558s][debug][gc,phases,ref  ] GC(43)         WeakRef (ms):             Min:  0.0, Avg:  0.0, Max:  0.0, Diff:  0.0, Sum:  0.0, Workers: 1
[18.558s][debug][gc,phases,ref  ] GC(43)         FinalRef (ms):            Min:  0.0, Avg:  0.0, Max:  0.0, Diff:  0.0, Sum:  0.0, Workers: 1
[18.558s][debug][gc,phases,ref  ] GC(43)         Total (ms):               Min:  0.0, Avg:  0.0, Max:  0.0, Diff:  0.0, Sum:  0.0, Workers: 1
[18.558s][debug][gc,phases,ref  ] GC(43)       Notify and keep alive finalizable: 0.0ms
[18.559s][debug][gc,phases,ref  ] GC(43)         FinalRef (ms):            skipped
[18.559s][debug][gc,phases,ref  ] GC(43)       Notify PhantomReferences: 0.0ms
[18.559s][debug][gc,phases,ref  ] GC(43)         PhantomRef (ms):          skipped
[18.559s][debug][gc,phases,ref  ] GC(43)       SoftReference:
[18.559s][debug][gc,phases,ref  ] GC(43)         Discovered: 0
[18.559s][debug][gc,phases,ref  ] GC(43)         Cleared: 0
[18.559s][debug][gc,phases,ref  ] GC(43)       WeakReference:
[18.559s][debug][gc,phases,ref  ] GC(43)         Discovered: 1
[18.559s][debug][gc,phases,ref  ] GC(43)         Cleared: 0
[18.559s][debug][gc,phases,ref  ] GC(43)       FinalReference:
[18.559s][debug][gc,phases,ref  ] GC(43)         Discovered: 0
[18.559s][debug][gc,phases,ref  ] GC(43)         Cleared: 0
[18.559s][debug][gc,phases,ref  ] GC(43)       PhantomReference:
[18.559s][debug][gc,phases,ref  ] GC(43)         Discovered: 0
[18.559s][debug][gc,phases,ref  ] GC(43)         Cleared: 0
[18.559s][debug][gc,phases      ] GC(43)     Weak Processing: 0.1ms
[18.559s][debug][gc,phases      ] GC(43)       JVMTI weak processing: 0.0ms
[18.559s][debug][gc,phases      ] GC(43)         Dead: 0
[18.559s][debug][gc,phases      ] GC(43)         Total: 0
[18.559s][debug][gc,phases      ] GC(43)       JFR weak processing: 0.0ms
[18.559s][debug][gc,phases      ] GC(43)         Dead: 0
[18.559s][debug][gc,phases      ] GC(43)         Total: 0
[18.559s][debug][gc,phases      ] GC(43)       JNI weak                  Min:  0.0, Avg:  0.0, Max:  0.0, Diff:  0.0, Sum:  0.0, Workers: 5
[18.559s][debug][gc,phases      ] GC(43)         Dead                      Min: 0, Avg:  0.0, Max: 0, Diff: 0, Sum: 0, Workers: 5
[18.559s][debug][gc,phases      ] GC(43)         Total                     Min: 0, Avg: 13.0, Max: 61, Diff: 61, Sum: 65, Workers: 5
[18.559s][debug][gc,phases      ] GC(43)       VM weak                   Min:  0.0, Avg:  0.0, Max:  0.0, Diff:  0.0, Sum:  0.0, Workers: 5
[18.559s][debug][gc,phases      ] GC(43)         Dead                      Min: 0, Avg:  0.0, Max: 0, Diff: 0, Sum: 0, Workers: 5
[18.559s][debug][gc,phases      ] GC(43)         Total                     Min: 0, Avg: 45.0, Max: 128, Diff: 128, Sum: 225, Workers: 5
[18.559s][debug][gc,phases      ] GC(43)       StringTable weak          Min:  0.0, Avg:  0.0, Max:  0.0, Diff:  0.0, Sum:  0.1, Workers: 5
[18.559s][debug][gc,phases      ] GC(43)         Dead                      Min: 0, Avg:  0.0, Max: 0, Diff: 0, Sum: 0, Workers: 5
[18.559s][debug][gc,phases      ] GC(43)         Total                     Min: 448, Avg: 733.2, Max: 896, Diff: 448, Sum: 3666, Workers: 5
[18.559s][debug][gc,phases      ] GC(43)       ResolvedMethodTable weak  Min:  0.0, Avg:  0.0, Max:  0.0, Diff:  0.0, Sum:  0.0, Workers: 5
[18.559s][debug][gc,phases      ] GC(43)         Dead                      Min: 0, Avg:  0.0, Max: 0, Diff: 0, Sum: 0, Workers: 5
[18.559s][debug][gc,phases      ] GC(43)         Total                     Min: 64, Avg: 118.0, Max: 192, Diff: 128, Sum: 590, Workers: 5
[18.559s][debug][gc,phases      ] GC(43)     Merge Per-Thread State: 0.0ms
[18.559s][debug][gc,phases      ] GC(43)       Copied Bytes              Min: 0, Avg: 233.0, Max: 416, Diff: 416, Sum: 1864, Workers: 8
[18.559s][debug][gc,phases      ] GC(43)       LAB Waste                 Min: 0, Avg:  0.0, Max: 0, Diff: 0, Sum: 0, Workers: 8
[18.559s][debug][gc,phases      ] GC(43)       LAB Undo Waste            Min: 0, Avg:  0.0, Max: 0, Diff: 0, Sum: 0, Workers: 8
[18.559s][debug][gc,phases      ] GC(43)     Code Roots Purge: 0.0ms
[18.559s][debug][gc,phases      ] GC(43)     Redirty Cards: 0.1ms
[18.559s][debug][gc,phases      ] GC(43)     DerivedPointerTable Update: 0.0ms
[18.559s][debug][gc,phases      ] GC(43)     Free Collection Set: 0.2ms
[18.559s][debug][gc,phases      ] GC(43)     Rebuild Free List: 0.1ms
[18.559s][debug][gc,phases      ] GC(43)     Humongous Reclaim: 0.0ms
[18.559s][debug][gc,phases      ] GC(43)     Start New Collection Set: 0.0ms
[18.559s][debug][gc,phases      ] GC(43)     Resize TLABs: 0.0ms
[18.559s][debug][gc,phases      ] GC(43)     Expand Heap After Collection: 0.0ms
[18.559s][info ][gc,phases      ] GC(43)   Other: 0.3ms
[18.559s][info ][gc,heap        ] GC(43) Eden regions: 144->0(144)
[18.559s][info ][gc,heap        ] GC(43) Survivor regions: 1->1(19)
[18.559s][info ][gc,heap        ] GC(43) Old regions: 7->7
[18.559s][info ][gc,heap        ] GC(43) Archive regions: 2->2
[18.559s][info ][gc,heap        ] GC(43) Humongous regions: 0->0
[18.559s][info ][gc,metaspace   ] GC(43) Metaspace: 10547K(11136K)->10547K(11136K) NonClass: 9335K(9728K)->9335K(9728K) Class: 1212K(1408K)->1212K(1408K)
[18.559s][debug][gc,heap        ] GC(43) Heap after GC invocations=44 (full 1): garbage-first heap   total 248832K, used 4388K [0x0000000700000000, 0x0000000800000000)
[18.559s][debug][gc,heap        ] GC(43)   region size 1024K, 1 young (1024K), 1 survivors (1024K)
[18.559s][debug][gc,heap        ] GC(43)  Metaspace       used 10547K, capacity 10850K, committed 11136K, reserved 1058816K
[18.559s][debug][gc,heap        ] GC(43)   class space    used 1212K, capacity 1344K, committed 1408K, reserved 1048576K
[18.559s][info ][gc             ] GC(43) Pause Young (Normal) (G1 Evacuation Pause) 148M->4M(243M) 2.101ms
[18.559s][info ][gc,cpu         ] GC(43) User=0.01s Sys=0.00s Real=0.00s
[18.559s][info ][safepoint      ] Safepoint "G1CollectForAllocation", Time since last: 124086410 ns, Reaching safepoint: 159351 ns, At safepoint: 2299748 ns, Total: 2459099 ns
[18.683s][debug][gc,heap        ] GC(44) Heap before GC invocations=44 (full 1): garbage-first heap   total 248832K, used 151844K [0x0000000700000000, 0x0000000800000000)
[18.683s][debug][gc,heap        ] GC(44)   region size 1024K, 145 young (148480K), 1 survivors (1024K)
[18.683s][debug][gc,heap        ] GC(44)  Metaspace       used 10548K, capacity 10850K, committed 11136K, reserved 1058816K
[18.683s][debug][gc,heap        ] GC(44)   class space    used 1212K, capacity 1344K, committed 1408K, reserved 1048576K
[18.683s][info ][gc,start       ] GC(44) Pause Young (Normal) (G1 Evacuation Pause)
[18.683s][info ][gc,task        ] GC(44) Using 8 workers of 8 for evacuation
[18.683s][debug][gc,tlab        ] GC(44) TLAB totals: thrds: 10  refills: 608 max: 76 slow allocs: 9 max 8 waste:  1.1% gc: 1266184B max: 319160B slow: 350880B max: 43992B fast: 0B max: 0B
[18.683s][debug][gc,age         ] GC(44) Desired survivor size 9961472 bytes, new threshold 15 (max threshold 15)
[18.683s][debug][gc,alloc,region] GC(44) Mutator Allocation stats, regions: 144, wasted size: 0B ( 0.0%)
[18.683s][debug][gc,ergo        ] GC(44) Running G1 Merge Heap Roots using 8 workers for 145 regions
[18.683s][debug][gc,remset      ] GC(44) Visited cards 3840 Total dirty 14336 (26.79%) Total old 612352 (0.63%)
[18.684s][debug][gc,ergo        ] GC(44) Running G1 Clear Card Table Task using 1 workers for 1 units of work for 152 regions.
[18.684s][debug][gc,ref         ] GC(44) Skipped phase1 of Reference Processing due to unavailable references
[18.684s][debug][gc,ref         ] GC(44) Skipped phase3 of Reference Processing due to unavailable references
[18.684s][debug][gc,ergo        ] GC(44) Running G1 Free Collection Set using 8 workers for collection set length 145 (243)
[18.684s][debug][gc,ergo        ] GC(44) Running G1 Rebuild Free List Task using 8 workers for rebuilding free list of 0 (4096) regions
[18.684s][trace][gc,age         ] GC(44) Age table with threshold 15 (max threshold 15)
[18.684s][trace][gc,age         ] GC(44) - age   1:      86328 bytes,      86328 total
[18.684s][trace][gc,age         ] GC(44) - age   3:        168 bytes,      86496 total
[18.684s][trace][gc,age         ] GC(44) - age   6:         32 bytes,      86528 total
[18.684s][trace][gc,age         ] GC(44) - age   7:         72 bytes,      86600 total
[18.684s][trace][gc,age         ] GC(44) - age  10:        848 bytes,      87448 total
[18.684s][debug][gc,plab        ] GC(44) Young PLAB allocation: allocated: 16512B, wasted: 0B, unused: 10504B, used: 6008B, undo waste: 0B, 
[18.684s][debug][gc,plab        ] GC(44) Young other allocation: region end waste: 0B, regions filled: 1, direct allocated: 81440B, failure used: 0B, failure wasted: 0B
[18.684s][debug][gc,plab        ] GC(44) Young sizing: calculated: 1200B, actual: 2064B
[18.684s][debug][gc,plab        ] GC(44) Old PLAB allocation: allocated: 0B, wasted: 0B, unused: 0B, used: 0B, undo waste: 0B, 
[18.684s][debug][gc,plab        ] GC(44) Old other allocation: region end waste: 0B, regions filled: 1, direct allocated: 0B, failure used: 0B, failure wasted: 0B
[18.684s][debug][gc,plab        ] GC(44) Old sizing: calculated: 0B, actual: 2064B
[18.684s][debug][gc,ihop        ] GC(44) Basic information (value update), threshold: 114661785B (45.00), target occupancy: 254803968B, current occupancy: 4577544B, recent allocation size: 0B, recent allocation duration: 124.95ms, recent old gen allocation rate: 0.00B/s, recent marking phase length: 0.00ms
[18.684s][debug][gc,ihop        ] GC(44) Adaptive IHOP information (value update), threshold: 114661785B (47.37), internal target occupancy: 242063769B, occupancy: 4577544B, additional buffer size: 152043520B, predicted old gen allocation rate: 27942.01B/s, predicted marking phase length: 0.00ms, prediction active: false
[18.684s][debug][gc,ergo,refine ] GC(44) Concurrent refinement times: Logged Cards Scan time goal: 20.00ms Logged Cards Scan time: 0.01ms HCC time: 0.00ms
[18.684s][debug][gc,ergo,refine ] GC(44) Updated Refinement Zones: green: 2048, yellow: 6144, red: 10240
[18.684s][info ][gc,phases      ] GC(44)   Pre Evacuate Collection Set: 0.1ms
[18.684s][debug][gc,phases      ] GC(44)     Prepare TLABs: 0.0ms
[18.684s][debug][gc,phases      ] GC(44)     Choose Collection Set: 0.0ms
[18.684s][debug][gc,phases      ] GC(44)     Region Register: 0.1ms
[18.684s][debug][gc,phases      ] GC(44)     Prepare Heap Roots: 0.0ms
[18.684s][info ][gc,phases      ] GC(44)   Merge Heap Roots: 0.1ms
[18.684s][debug][gc,phases      ] GC(44)     Prepare Merge Heap Roots: 0.0ms
[18.684s][debug][gc,phases      ] GC(44)     Eager Reclaim (ms):       skipped
[18.684s][debug][gc,phases      ] GC(44)     Remembered Sets (ms):     Min:  0.0, Avg:  0.0, Max:  0.0, Diff:  0.0, Sum:  0.1, Workers: 8
[18.684s][debug][gc,phases      ] GC(44)       Merged Sparse:            Min: 0, Avg:  0.0, Max: 0, Diff: 0, Sum: 0, Workers: 8
[18.684s][debug][gc,phases      ] GC(44)       Merged Fine:              Min: 0, Avg:  0.0, Max: 0, Diff: 0, Sum: 0, Workers: 8
[18.684s][debug][gc,phases      ] GC(44)       Merged Coarse:            Min: 0, Avg:  0.0, Max: 0, Diff: 0, Sum: 0, Workers: 8
[18.684s][debug][gc,phases      ] GC(44)       Dirty Cards:              Min: 0, Avg:  0.0, Max: 0, Diff: 0, Sum: 0, Workers: 8
[18.684s][debug][gc,phases      ] GC(44)     Hot Card Cache (ms):      Min:  0.0, Avg:  0.0, Max:  0.0, Diff:  0.0, Sum:  0.0, Workers: 8
[18.684s][debug][gc,phases      ] GC(44)       Dirty Cards:              Min: 0, Avg:  0.0, Max: 0, Diff: 0, Sum: 0, Workers: 8
[18.684s][debug][gc,phases      ] GC(44)       Skipped Cards:            Min: 0, Avg:  0.0, Max: 0, Diff: 0, Sum: 0, Workers: 8
[18.684s][debug][gc,phases      ] GC(44)     Log Buffers (ms):         Min:  0.0, Avg:  0.0, Max:  0.0, Diff:  0.0, Sum:  0.0, Workers: 8
[18.684s][debug][gc,phases      ] GC(44)       Dirty Cards:              Min: 0, Avg:  6.1, Max: 37, Diff: 37, Sum: 49, Workers: 8
[18.684s][debug][gc,phases      ] GC(44)       Skipped Cards:            Min: 0, Avg:  0.0, Max: 0, Diff: 0, Sum: 0, Workers: 8
[18.684s][info ][gc,phases      ] GC(44)   Evacuate Collection Set: 0.2ms
[18.684s][debug][gc,phases      ] GC(44)     Ext Root Scanning (ms):   Min:  0.0, Avg:  0.0, Max:  0.1, Diff:  0.1, Sum:  0.4, Workers: 8
[18.684s][debug][gc,phases      ] GC(44)     Scan Heap Roots (ms):     Min:  0.0, Avg:  0.0, Max:  0.0, Diff:  0.0, Sum:  0.1, Workers: 8
[18.684s][debug][gc,phases      ] GC(44)       Scanned Cards:            Min: 0, Avg:  5.5, Max: 18, Diff: 18, Sum: 44, Workers: 8
[18.684s][debug][gc,phases      ] GC(44)       Scanned Blocks:           Min: 0, Avg:  4.6, Max: 15, Diff: 15, Sum: 37, Workers: 8
[18.684s][debug][gc,phases      ] GC(44)       Claimed Chunks:           Min: 0, Avg:  1.9, Max: 6, Diff: 6, Sum: 15, Workers: 8
[18.684s][debug][gc,phases      ] GC(44)     Code Root Scan (ms):      Min:  0.0, Avg:  0.0, Max:  0.0, Diff:  0.0, Sum:  0.0, Workers: 8
[18.684s][debug][gc,phases      ] GC(44)     Object Copy (ms):         Min:  0.0, Avg:  0.0, Max:  0.0, Diff:  0.0, Sum:  0.1, Workers: 8
[18.684s][debug][gc,phases      ] GC(44)     Termination (ms):         Min:  0.0, Avg:  0.0, Max:  0.1, Diff:  0.0, Sum:  0.4, Workers: 8
[18.684s][debug][gc,phases      ] GC(44)       Termination Attempts:     Min: 1, Avg:  1.0, Max: 1, Diff: 0, Sum: 8, Workers: 8
[18.684s][debug][gc,phases      ] GC(44)     GC Worker Other (ms):     Min:  0.0, Avg:  0.0, Max:  0.0, Diff:  0.0, Sum:  0.2, Workers: 8
[18.684s][debug][gc,phases      ] GC(44)     GC Worker Total (ms):     Min:  0.1, Avg:  0.1, Max:  0.2, Diff:  0.1, Sum:  1.1, Workers: 8
[18.684s][info ][gc,phases      ] GC(44)   Post Evacuate Collection Set: 0.4ms
[18.684s][debug][gc,phases      ] GC(44)     Code Roots Fixup: 0.0ms
[18.684s][debug][gc,phases      ] GC(44)     Clear Card Table: 0.1ms
[18.684s][debug][gc,phases      ] GC(44)     Reference Processing: 0.0ms
[18.684s][debug][gc,phases,ref  ] GC(44)       Reconsider SoftReferences: 0.0ms
[18.684s][debug][gc,phases,ref  ] GC(44)         SoftRef (ms):             skipped
[18.684s][debug][gc,phases,ref  ] GC(44)       Notify Soft/WeakReferences: 0.0ms
[18.684s][debug][gc,phases,ref  ] GC(44)         SoftRef (ms):             Min:  0.0, Avg:  0.0, Max:  0.0, Diff:  0.0, Sum:  0.0, Workers: 1
[18.684s][debug][gc,phases,ref  ] GC(44)         WeakRef (ms):             Min:  0.0, Avg:  0.0, Max:  0.0, Diff:  0.0, Sum:  0.0, Workers: 1
[18.684s][debug][gc,phases,ref  ] GC(44)         FinalRef (ms):            Min:  0.0, Avg:  0.0, Max:  0.0, Diff:  0.0, Sum:  0.0, Workers: 1
[18.684s][debug][gc,phases,ref  ] GC(44)         Total (ms):               Min:  0.0, Avg:  0.0, Max:  0.0, Diff:  0.0, Sum:  0.0, Workers: 1
[18.684s][debug][gc,phases,ref  ] GC(44)       Notify and keep alive finalizable: 0.0ms
[18.684s][debug][gc,phases,ref  ] GC(44)         FinalRef (ms):            skipped
[18.684s][debug][gc,phases,ref  ] GC(44)       Notify PhantomReferences: 0.0ms
[18.684s][debug][gc,phases,ref  ] GC(44)         PhantomRef (ms):          Min:  0.0, Avg:  0.0, Max:  0.0, Diff:  0.0, Sum:  0.0, Workers: 1
[18.684s][debug][gc,phases,ref  ] GC(44)       SoftReference:
[18.684s][debug][gc,phases,ref  ] GC(44)         Discovered: 0
[18.684s][debug][gc,phases,ref  ] GC(44)         Cleared: 0
[18.684s][debug][gc,phases,ref  ] GC(44)       WeakReference:
[18.684s][debug][gc,phases,ref  ] GC(44)         Discovered: 2
[18.684s][debug][gc,phases,ref  ] GC(44)         Cleared: 0
[18.684s][debug][gc,phases,ref  ] GC(44)       FinalReference:
[18.684s][debug][gc,phases,ref  ] GC(44)         Discovered: 0
[18.684s][debug][gc,phases,ref  ] GC(44)         Cleared: 0
[18.684s][debug][gc,phases,ref  ] GC(44)       PhantomReference:
[18.684s][debug][gc,phases,ref  ] GC(44)         Discovered: 2
[18.684s][debug][gc,phases,ref  ] GC(44)         Cleared: 2
[18.684s][debug][gc,phases      ] GC(44)     Weak Processing: 0.1ms
[18.684s][debug][gc,phases      ] GC(44)       JVMTI weak processing: 0.0ms
[18.684s][debug][gc,phases      ] GC(44)         Dead: 0
[18.684s][debug][gc,phases      ] GC(44)         Total: 0
[18.684s][debug][gc,phases      ] GC(44)       JFR weak processing: 0.0ms
[18.684s][debug][gc,phases      ] GC(44)         Dead: 0
[18.684s][debug][gc,phases      ] GC(44)         Total: 0
[18.684s][debug][gc,phases      ] GC(44)       JNI weak                  Min:  0.0, Avg:  0.0, Max:  0.0, Diff:  0.0, Sum:  0.1, Workers: 5
[18.684s][debug][gc,phases      ] GC(44)         Dead                      Min: 0, Avg:  0.0, Max: 0, Diff: 0, Sum: 0, Workers: 5
[18.684s][debug][gc,phases      ] GC(44)         Total                     Min: 0, Avg: 13.8, Max: 61, Diff: 61, Sum: 69, Workers: 5
[18.684s][debug][gc,phases      ] GC(44)       VM weak                   Min:  0.0, Avg:  0.0, Max:  0.0, Diff:  0.0, Sum:  0.0, Workers: 5
[18.684s][debug][gc,phases      ] GC(44)         Dead                      Min: 0, Avg:  0.0, Max: 0, Diff: 0, Sum: 0, Workers: 5
[18.684s][debug][gc,phases      ] GC(44)         Total                     Min: 0, Avg: 45.0, Max: 128, Diff: 128, Sum: 225, Workers: 5
[18.684s][debug][gc,phases      ] GC(44)       StringTable weak          Min:  0.0, Avg:  0.0, Max:  0.1, Diff:  0.1, Sum:  0.1, Workers: 5
[18.684s][debug][gc,phases      ] GC(44)         Dead                      Min: 0, Avg:  0.0, Max: 0, Diff: 0, Sum: 0, Workers: 5
[18.684s][debug][gc,phases      ] GC(44)         Total                     Min: 0, Avg: 735.2, Max: 1728, Diff: 1728, Sum: 3676, Workers: 5
[18.684s][debug][gc,phases      ] GC(44)       ResolvedMethodTable weak  Min:  0.0, Avg:  0.0, Max:  0.0, Diff:  0.0, Sum:  0.0, Workers: 5
[18.684s][debug][gc,phases      ] GC(44)         Dead                      Min: 0, Avg:  0.0, Max: 0, Diff: 0, Sum: 0, Workers: 5
[18.684s][debug][gc,phases      ] GC(44)         Total                     Min: 0, Avg: 118.0, Max: 206, Diff: 206, Sum: 590, Workers: 5
[18.684s][debug][gc,phases      ] GC(44)     Merge Per-Thread State: 0.0ms
[18.684s][debug][gc,phases      ] GC(44)       Copied Bytes              Min: 472, Avg: 10931.0, Max: 48280, Diff: 47808, Sum: 87448, Workers: 8
[18.684s][debug][gc,phases      ] GC(44)       LAB Waste                 Min: 0, Avg:  0.0, Max: 0, Diff: 0, Sum: 0, Workers: 8
[18.684s][debug][gc,phases      ] GC(44)       LAB Undo Waste            Min: 0, Avg:  0.0, Max: 0, Diff: 0, Sum: 0, Workers: 8
[18.684s][debug][gc,phases      ] GC(44)     Code Roots Purge: 0.0ms
[18.684s][debug][gc,phases      ] GC(44)     Redirty Cards: 0.0ms
[18.684s][debug][gc,phases      ] GC(44)     DerivedPointerTable Update: 0.0ms
[18.685s][debug][gc,phases      ] GC(44)     Free Collection Set: 0.1ms
[18.685s][debug][gc,phases      ] GC(44)     Rebuild Free List: 0.0ms
[18.685s][debug][gc,phases      ] GC(44)     Humongous Reclaim: 0.0ms
[18.685s][debug][gc,phases      ] GC(44)     Start New Collection Set: 0.0ms
[18.685s][debug][gc,phases      ] GC(44)     Resize TLABs: 0.0ms
[18.685s][debug][gc,phases      ] GC(44)     Expand Heap After Collection: 0.0ms
[18.685s][info ][gc,phases      ] GC(44)   Other: 0.3ms
[18.685s][info ][gc,heap        ] GC(44) Eden regions: 144->0(144)
[18.685s][info ][gc,heap        ] GC(44) Survivor regions: 1->1(19)
[18.685s][info ][gc,heap        ] GC(44) Old regions: 7->7
[18.685s][info ][gc,heap        ] GC(44) Archive regions: 2->2
[18.685s][info ][gc,heap        ] GC(44) Humongous regions: 0->0
[18.685s][info ][gc,metaspace   ] GC(44) Metaspace: 10548K(11136K)->10548K(11136K) NonClass: 9336K(9728K)->9336K(9728K) Class: 1212K(1408K)->1212K(1408K)
[18.685s][debug][gc,heap        ] GC(44) Heap after GC invocations=45 (full 1): garbage-first heap   total 248832K, used 4470K [0x0000000700000000, 0x0000000800000000)
[18.685s][debug][gc,heap        ] GC(44)   region size 1024K, 1 young (1024K), 1 survivors (1024K)
[18.685s][debug][gc,heap        ] GC(44)  Metaspace       used 10548K, capacity 10850K, committed 11136K, reserved 1058816K
[18.685s][debug][gc,heap        ] GC(44)   class space    used 1212K, capacity 1344K, committed 1408K, reserved 1048576K
[18.685s][info ][gc             ] GC(44) Pause Young (Normal) (G1 Evacuation Pause) 148M->4M(243M) 1.603ms
[18.685s][info ][gc,cpu         ] GC(44) User=0.00s Sys=0.00s Real=0.01s
[18.685s][info ][safepoint      ] Safepoint "G1CollectForAllocation", Time since last: 123614808 ns, Reaching safepoint: 137474 ns, At safepoint: 1777914 ns, Total: 1915388 ns
[18.745s][debug][gc,refine      ] Stopping 0
[18.745s][info ][gc,heap,exit   ] Heap
[18.745s][info ][gc,heap,exit   ]  garbage-first heap   total 248832K, used 75126K [0x0000000700000000, 0x0000000800000000)
[18.745s][info ][gc,heap,exit   ]   region size 1024K, 71 young (72704K), 1 survivors (1024K)
[18.745s][info ][gc,heap,exit   ]  Metaspace       used 10550K, capacity 10850K, committed 11136K, reserved 1058816K
[18.745s][info ][gc,heap,exit   ]   class space    used 1212K, capacity 1344K, committed 1408K, reserved 1048576K
