Java HotSpot(TM) 64-Bit Server VM (25.20-b23) for bsd-amd64 JRE (1.8.0_20-b26), built on Jul 30 2014 13:37:47 by "java_re" with gcc 4.2.1 (Based on Apple Inc. build 5658) (LLVM build 2336.9.00)
Memory: 4k page, physical 16777216k(3623484k free)

/proc/meminfo:

CommandLine flags: -XX:InitialHeapSize=268435456 -XX:MaxHeapSize=1073741824 -XX:+PrintGC -XX:+PrintGCApplicationStoppedTime -XX:+PrintGCCause -XX:+PrintGCDetails -XX:+PrintGCTimeStamps -XX:+PrintTenuringDistribution -XX:-UseAdaptiveSizePolicy -XX:+UseCompressedClassPointers -XX:+UseCompressedOops -XX:+UseParallelGC -XX:+UseParallelOldGC 
0.148: [GC (Allocation Failure) [PSYoungGen: 65536K->10720K(76288K)] 65536K->57746K(251392K), 0.0264079 secs] [Times: user=0.03 sys=0.13, real=0.02 secs] 
0.174: Total time for which application threads were stopped: 0.0265656 seconds
0.185: [GC (Allocation Failure) [PSYoungGen: 76256K->10736K(76288K)] 123282K->130995K(251392K), 0.0355778 secs] [Times: user=0.03 sys=0.19, real=0.04 secs] 
0.221: [Full GC (Ergonomics) [PSYoungGen: 10736K->0K(76288K)] [ParOldGen: 120258K->115108K(175104K)] 130995K->115108K(251392K), [Metaspace: 4209K->4207K(1056768K)], 0.0235254 secs] [Times: user=0.14 sys=0.00, real=0.02 secs] 
0.244: Total time for which application threads were stopped: 0.0593099 seconds
0.252: [Full GC (Ergonomics) [PSYoungGen: 65536K->5108K(76288K)] [ParOldGen: 115108K->174788K(175104K)] 180644K->179896K(251392K), [Metaspace: 4207K->4207K(1056768K)], 0.0331902 secs] [Times: user=0.10 sys=0.10, real=0.03 secs] 
0.285: Total time for which application threads were stopped: 0.0333463 seconds
0.291: [Full GC (Ergonomics) [PSYoungGen: 65536K->19935K(76288K)] [ParOldGen: 174788K->174822K(175104K)] 240324K->194758K(251392K), [Metaspace: 4208K->4208K(1056768K)], 0.0345862 secs] [Times: user=0.24 sys=0.01, real=0.03 secs] 
0.326: Total time for which application threads were stopped: 0.0347186 seconds
0.330: [Full GC (Ergonomics) [PSYoungGen: 65536K->19935K(76288K)] [ParOldGen: 174822K->174822K(175104K)] 240358K->194758K(251392K), [Metaspace: 4208K->4208K(1056768K)], 0.0301727 secs] [Times: user=0.21 sys=0.00, real=0.03 secs] 
0.360: Total time for which application threads were stopped: 0.0302777 seconds
0.364: [Full GC (Ergonomics) [PSYoungGen: 65536K->19930K(76288K)] [ParOldGen: 174822K->174827K(175104K)] 240358K->194758K(251392K), [Metaspace: 4208K->4208K(1056768K)], 0.0316041 secs] [Times: user=0.21 sys=0.00, real=0.03 secs] 
0.396: Total time for which application threads were stopped: 0.0317453 seconds
0.399: [Full GC (Ergonomics) [PSYoungGen: 65536K->19934K(76288K)] [ParOldGen: 174827K->174823K(175104K)] 240363K->194758K(251392K), [Metaspace: 4208K->4208K(1056768K)], 0.0323075 secs] [Times: user=0.22 sys=0.00, real=0.03 secs] 
0.432: Total time for which application threads were stopped: 0.0324547 seconds
0.435: [Full GC (Ergonomics) [PSYoungGen: 65536K->19925K(76288K)] [ParOldGen: 174823K->174833K(175104K)] 240359K->194758K(251392K), [Metaspace: 4208K->4208K(1056768K)], 0.0310958 secs] [Times: user=0.22 sys=0.00, real=0.03 secs] 
0.466: Total time for which application threads were stopped: 0.0312029 seconds
0.470: [Full GC (Ergonomics) [PSYoungGen: 65536K->19928K(76288K)] [ParOldGen: 174833K->174830K(175104K)] 240369K->194758K(251392K), [Metaspace: 4208K->4208K(1056768K)], 0.0307496 secs] [Times: user=0.20 sys=0.01, real=0.03 secs] 
0.500: Total time for which application threads were stopped: 0.0308504 seconds
0.504: [Full GC (Ergonomics) [PSYoungGen: 65536K->19927K(76288K)] [ParOldGen: 174830K->174831K(175104K)] 240366K->194758K(251392K), [Metaspace: 4208K->4208K(1056768K)], 0.0325636 secs] [Times: user=0.19 sys=0.00, real=0.04 secs] 
0.536: Total time for which application threads were stopped: 0.0326849 seconds
0.540: [Full GC (Ergonomics) [PSYoungGen: 65536K->19926K(76288K)] [ParOldGen: 174831K->174831K(175104K)] 240367K->194758K(251392K), [Metaspace: 4208K->4208K(1056768K)], 0.0316644 secs] [Times: user=0.20 sys=0.00, real=0.03 secs] 
0.572: Total time for which application threads were stopped: 0.0317943 seconds
0.575: [Full GC (Ergonomics) [PSYoungGen: 65536K->19919K(76288K)] [ParOldGen: 174831K->174839K(175104K)] 240367K->194758K(251392K), [Metaspace: 4208K->4208K(1056768K)], 0.0324806 secs] [Times: user=0.22 sys=0.00, real=0.04 secs] 
0.608: Total time for which application threads were stopped: 0.0326227 seconds
0.611: [Full GC (Ergonomics) [PSYoungGen: 65536K->19923K(76288K)] [ParOldGen: 174839K->174834K(175104K)] 240375K->194758K(251392K), [Metaspace: 4208K->4208K(1056768K)], 0.0325992 secs] [Times: user=0.21 sys=0.00, real=0.03 secs] 
0.644: Total time for which application threads were stopped: 0.0327678 seconds
0.648: [Full GC (Ergonomics) [PSYoungGen: 65536K->19927K(76288K)] [ParOldGen: 174834K->174831K(175104K)] 240370K->194758K(251392K), [Metaspace: 4208K->4208K(1056768K)], 0.0325566 secs] [Times: user=0.23 sys=0.00, real=0.03 secs] 
0.680: Total time for which application threads were stopped: 0.0326967 seconds
0.684: [Full GC (Ergonomics) [PSYoungGen: 65536K->19929K(76288K)] [ParOldGen: 174831K->174828K(175104K)] 240367K->194758K(251392K), [Metaspace: 4208K->4208K(1056768K)], 0.0308230 secs] [Times: user=0.20 sys=0.00, real=0.03 secs] 
0.715: Total time for which application threads were stopped: 0.0309485 seconds
0.718: [Full GC (Ergonomics) [PSYoungGen: 65536K->19917K(76288K)] [ParOldGen: 174828K->174841K(175104K)] 240364K->194758K(251392K), [Metaspace: 4208K->4208K(1056768K)], 0.0325491 secs] [Times: user=0.22 sys=0.01, real=0.03 secs] 
0.751: Total time for which application threads were stopped: 0.0326917 seconds
0.754: [Full GC (Ergonomics) [PSYoungGen: 65536K->19924K(76288K)] [ParOldGen: 174841K->174833K(175104K)] 240377K->194758K(251392K), [Metaspace: 4208K->4208K(1056768K)], 0.0322078 secs] [Times: user=0.21 sys=0.00, real=0.04 secs] 
0.787: Total time for which application threads were stopped: 0.0323392 seconds
0.790: [Full GC (Ergonomics) [PSYoungGen: 65536K->19927K(76288K)] [ParOldGen: 174833K->174830K(175104K)] 240369K->194758K(251392K), [Metaspace: 4208K->4208K(1056768K)], 0.0323061 secs] [Times: user=0.22 sys=0.00, real=0.03 secs] 
0.823: Total time for which application threads were stopped: 0.0324392 seconds
0.826: [Full GC (Ergonomics) [PSYoungGen: 65536K->19924K(76288K)] [ParOldGen: 174830K->174834K(175104K)] 240366K->194758K(251392K), [Metaspace: 4208K->4208K(1056768K)], 0.0309225 secs] [Times: user=0.21 sys=0.00, real=0.04 secs] 
0.857: Total time for which application threads were stopped: 0.0310880 seconds
0.860: [Full GC (Ergonomics) [PSYoungGen: 65536K->19931K(76288K)] [ParOldGen: 174834K->174826K(175104K)] 240370K->194758K(251392K), [Metaspace: 4208K->4208K(1056768K)], 0.0325106 secs] [Times: user=0.21 sys=0.00, real=0.03 secs] 
0.893: Total time for which application threads were stopped: 0.0326501 seconds
0.897: [Full GC (Ergonomics) [PSYoungGen: 65536K->19930K(76288K)] [ParOldGen: 174826K->174827K(175104K)] 240362K->194758K(251392K), [Metaspace: 4208K->4208K(1056768K)], 0.0324202 secs] [Times: user=0.21 sys=0.00, real=0.03 secs] 
0.929: Total time for which application threads were stopped: 0.0325583 seconds
0.932: [Full GC (Ergonomics) [PSYoungGen: 65536K->19928K(76288K)] [ParOldGen: 174827K->174830K(175104K)] 240363K->194758K(251392K), [Metaspace: 4208K->4208K(1056768K)], 0.0320869 secs] [Times: user=0.21 sys=0.01, real=0.03 secs] 
0.965: Total time for which application threads were stopped: 0.0321912 seconds
0.968: [Full GC (Ergonomics) [PSYoungGen: 65536K->19934K(76288K)] [ParOldGen: 174830K->174823K(175104K)] 240366K->194758K(251392K), [Metaspace: 4208K->4208K(1056768K)], 0.0320106 secs] [Times: user=0.21 sys=0.00, real=0.03 secs] 
1.000: Total time for which application threads were stopped: 0.0321623 seconds
1.003: [Full GC (Ergonomics) [PSYoungGen: 65536K->19923K(76288K)] [ParOldGen: 174823K->174834K(175104K)] 240359K->194758K(251392K), [Metaspace: 4208K->4208K(1056768K)], 0.0329595 secs] [Times: user=0.23 sys=0.00, real=0.04 secs] 
1.036: Total time for which application threads were stopped: 0.0330807 seconds
1.040: [Full GC (Ergonomics) [PSYoungGen: 65536K->19931K(76288K)] [ParOldGen: 174834K->174827K(175104K)] 240370K->194758K(251392K), [Metaspace: 4208K->4208K(1056768K)], 0.0327433 secs] [Times: user=0.21 sys=0.00, real=0.03 secs] 
1.073: Total time for which application threads were stopped: 0.0328973 seconds
1.076: [Full GC (Ergonomics) [PSYoungGen: 65536K->19927K(76288K)] [ParOldGen: 174827K->174830K(175104K)] 240363K->194758K(251392K), [Metaspace: 4208K->4208K(1056768K)], 0.0316449 secs] [Times: user=0.22 sys=0.00, real=0.04 secs] 
1.108: Total time for which application threads were stopped: 0.0317681 seconds
1.112: [Full GC (Ergonomics) [PSYoungGen: 65536K->19937K(76288K)] [ParOldGen: 174830K->174820K(175104K)] 240366K->194758K(251392K), [Metaspace: 4208K->4208K(1056768K)], 0.0324885 secs] [Times: user=0.22 sys=0.00, real=0.03 secs] 
1.144: Total time for which application threads were stopped: 0.0326630 seconds
1.148: [Full GC (Ergonomics) [PSYoungGen: 65536K->19930K(76288K)] [ParOldGen: 174820K->174827K(175104K)] 240356K->194758K(251392K), [Metaspace: 4208K->4208K(1056768K)], 0.0358651 secs] [Times: user=0.22 sys=0.01, real=0.03 secs] 
1.184: Total time for which application threads were stopped: 0.0360336 seconds
1.187: [Full GC (Ergonomics) [PSYoungGen: 65536K->19922K(76288K)] [ParOldGen: 174827K->174835K(175104K)] 240363K->194758K(251392K), [Metaspace: 4208K->4208K(1056768K)], 0.0319639 secs] [Times: user=0.21 sys=0.00, real=0.03 secs] 
1.219: Total time for which application threads were stopped: 0.0320924 seconds
1.223: [Full GC (Ergonomics) [PSYoungGen: 65536K->19922K(76288K)] [ParOldGen: 174835K->174836K(175104K)] 240371K->194758K(251392K), [Metaspace: 4208K->4208K(1056768K)], 0.0310078 secs] [Times: user=0.21 sys=0.00, real=0.03 secs] 
1.254: Total time for which application threads were stopped: 0.0311693 seconds
1.258: [Full GC (Ergonomics) [PSYoungGen: 65536K->19918K(76288K)] [ParOldGen: 174836K->174840K(175104K)] 240372K->194758K(251392K), [Metaspace: 4208K->4208K(1056768K)], 0.0325846 secs] [Times: user=0.20 sys=0.00, real=0.03 secs] 
1.290: Total time for which application threads were stopped: 0.0327379 seconds
1.294: [Full GC (Ergonomics) [PSYoungGen: 65536K->19921K(76288K)] [ParOldGen: 174840K->174836K(175104K)] 240376K->194758K(251392K), [Metaspace: 4208K->4208K(1056768K)], 0.0330406 secs] [Times: user=0.21 sys=0.00, real=0.04 secs] 
1.327: Total time for which application threads were stopped: 0.0331832 seconds
1.330: [Full GC (Ergonomics) [PSYoungGen: 65536K->19937K(76288K)] [ParOldGen: 174836K->174820K(175104K)] 240372K->194758K(251392K), [Metaspace: 4208K->4208K(1056768K)], 0.0324466 secs] [Times: user=0.21 sys=0.00, real=0.03 secs] 
1.363: Total time for which application threads were stopped: 0.0325869 seconds
1.366: [Full GC (Ergonomics) [PSYoungGen: 65536K->19937K(76288K)] [ParOldGen: 174820K->174820K(175104K)] 240356K->194758K(251392K), [Metaspace: 4208K->4208K(1056768K)], 0.0326673 secs] [Times: user=0.22 sys=0.01, real=0.03 secs] 
1.399: Total time for which application threads were stopped: 0.0328118 seconds
1.403: [Full GC (Ergonomics) [PSYoungGen: 65536K->19920K(76288K)] [ParOldGen: 174820K->174838K(175104K)] 240356K->194758K(251392K), [Metaspace: 4208K->4208K(1056768K)], 0.0325083 secs] [Times: user=0.20 sys=0.00, real=0.03 secs] 
1.435: Total time for which application threads were stopped: 0.0326589 seconds
1.439: [Full GC (Ergonomics) [PSYoungGen: 65536K->19925K(76288K)] [ParOldGen: 174838K->174833K(175104K)] 240374K->194758K(251392K), [Metaspace: 4208K->4208K(1056768K)], 0.0308592 secs] [Times: user=0.20 sys=0.00, real=0.03 secs] 
1.469: Total time for which application threads were stopped: 0.0309621 seconds
1.473: [Full GC (Ergonomics) [PSYoungGen: 65536K->19926K(76288K)] [ParOldGen: 174833K->174831K(175104K)] 240369K->194758K(251392K), [Metaspace: 4208K->4208K(1056768K)], 0.0324343 secs] [Times: user=0.23 sys=0.00, real=0.03 secs] 
1.505: Total time for which application threads were stopped: 0.0325754 seconds
1.509: [Full GC (Ergonomics) [PSYoungGen: 65536K->19928K(76288K)] [ParOldGen: 174831K->174830K(175104K)] 240367K->194758K(251392K), [Metaspace: 4208K->4208K(1056768K)], 0.0327541 secs] [Times: user=0.22 sys=0.00, real=0.03 secs] 
1.542: Total time for which application threads were stopped: 0.0329120 seconds
1.545: [Full GC (Ergonomics) [PSYoungGen: 65536K->19919K(76288K)] [ParOldGen: 174830K->174839K(175104K)] 240366K->194758K(251392K), [Metaspace: 4208K->4208K(1056768K)], 0.0326447 secs] [Times: user=0.23 sys=0.00, real=0.04 secs] 
1.578: Total time for which application threads were stopped: 0.0327944 seconds
1.581: [Full GC (Ergonomics) [PSYoungGen: 65536K->19924K(76288K)] [ParOldGen: 174839K->174833K(175104K)] 240375K->194758K(251392K), [Metaspace: 4208K->4208K(1056768K)], 0.0353199 secs] [Times: user=0.18 sys=0.01, real=0.04 secs] 
1.617: Total time for which application threads were stopped: 0.0354535 seconds
1.621: [Full GC (Ergonomics) [PSYoungGen: 65536K->19925K(76288K)] [ParOldGen: 174833K->174832K(175104K)] 240369K->194758K(251392K), [Metaspace: 4208K->4208K(1056768K)], 0.0351926 secs] [Times: user=0.18 sys=0.00, real=0.03 secs] 
1.656: Total time for which application threads were stopped: 0.0353123 seconds
1.660: [Full GC (Ergonomics) [PSYoungGen: 65536K->19941K(76288K)] [ParOldGen: 174832K->174816K(175104K)] 240368K->194758K(251392K), [Metaspace: 4208K->4208K(1056768K)], 0.0342667 secs] [Times: user=0.20 sys=0.01, real=0.03 secs] 
1.694: Total time for which application threads were stopped: 0.0343832 seconds
1.698: [Full GC (Ergonomics) [PSYoungGen: 65536K->19936K(76288K)] [ParOldGen: 174816K->174821K(175104K)] 240352K->194758K(251392K), [Metaspace: 4208K->4208K(1056768K)], 0.0323606 secs] [Times: user=0.19 sys=0.00, real=0.03 secs] 
1.731: Total time for which application threads were stopped: 0.0324956 seconds
1.735: [Full GC (Ergonomics) [PSYoungGen: 65536K->19936K(76288K)] [ParOldGen: 174821K->174821K(175104K)] 240357K->194758K(251392K), [Metaspace: 4208K->4208K(1056768K)], 0.0332491 secs] [Times: user=0.23 sys=0.00, real=0.04 secs] 
1.768: Total time for which application threads were stopped: 0.0333792 seconds
1.771: [Full GC (Ergonomics) [PSYoungGen: 65536K->19927K(76288K)] [ParOldGen: 174821K->174831K(175104K)] 240357K->194758K(251392K), [Metaspace: 4208K->4208K(1056768K)], 0.0333406 secs] [Times: user=0.20 sys=0.00, real=0.03 secs] 
1.805: Total time for which application threads were stopped: 0.0334552 seconds
1.808: [Full GC (Ergonomics) [PSYoungGen: 65536K->19922K(76288K)] [ParOldGen: 174831K->174836K(175104K)] 240367K->194758K(251392K), [Metaspace: 4208K->4208K(1056768K)], 0.0334295 secs] [Times: user=0.17 sys=0.00, real=0.03 secs] 
1.842: Total time for which application threads were stopped: 0.0335417 seconds
1.846: [Full GC (Ergonomics) [PSYoungGen: 65536K->19935K(76288K)] [ParOldGen: 174836K->174822K(175104K)] 240372K->194758K(251392K), [Metaspace: 4208K->4208K(1056768K)], 0.0361895 secs] [Times: user=0.14 sys=0.01, real=0.04 secs] 
1.882: Total time for which application threads were stopped: 0.0363042 seconds
1.885: [Full GC (Ergonomics) [PSYoungGen: 65536K->19927K(76288K)] [ParOldGen: 174822K->174830K(175104K)] 240358K->194758K(251392K), [Metaspace: 4208K->4208K(1056768K)], 0.0340381 secs] [Times: user=0.17 sys=0.00, real=0.04 secs] 
1.920: Total time for which application threads were stopped: 0.0341803 seconds
1.923: [Full GC (Ergonomics) [PSYoungGen: 65536K->19928K(76288K)] [ParOldGen: 174830K->174830K(175104K)] 240366K->194758K(251392K), [Metaspace: 4208K->4208K(1056768K)], 0.0328605 secs] [Times: user=0.20 sys=0.00, real=0.03 secs] 
1.956: Total time for which application threads were stopped: 0.0329887 seconds
1.960: [Full GC (Ergonomics) [PSYoungGen: 65536K->19933K(76288K)] [ParOldGen: 174830K->174825K(175104K)] 240366K->194758K(251392K), [Metaspace: 4208K->4208K(1056768K)], 0.0326770 secs] [Times: user=0.17 sys=0.00, real=0.03 secs] 
1.993: Total time for which application threads were stopped: 0.0328188 seconds
1.996: [Full GC (Ergonomics) [PSYoungGen: 65536K->19929K(76288K)] [ParOldGen: 174825K->174829K(175104K)] 240361K->194758K(251392K), [Metaspace: 4208K->4208K(1056768K)], 0.0339536 secs] [Times: user=0.20 sys=0.01, real=0.04 secs] 
2.030: Total time for which application threads were stopped: 0.0341122 seconds
2.034: [Full GC (Ergonomics) [PSYoungGen: 65536K->19926K(76288K)] [ParOldGen: 174829K->174832K(175104K)] 240365K->194758K(251392K), [Metaspace: 4208K->4208K(1056768K)], 0.0334267 secs] [Times: user=0.22 sys=0.00, real=0.04 secs] 
2.067: Total time for which application threads were stopped: 0.0335855 seconds
2.071: [Full GC (Ergonomics) [PSYoungGen: 65536K->19918K(76288K)] [ParOldGen: 174832K->174840K(175104K)] 240368K->194758K(251392K), [Metaspace: 4208K->4208K(1056768K)], 0.0328705 secs] [Times: user=0.23 sys=0.00, real=0.03 secs] 
2.104: Total time for which application threads were stopped: 0.0329777 seconds
2.108: [Full GC (Ergonomics) [PSYoungGen: 65536K->19926K(76288K)] [ParOldGen: 174840K->174832K(175104K)] 240376K->194758K(251392K), [Metaspace: 4208K->4208K(1056768K)], 0.0325692 secs] [Times: user=0.24 sys=0.00, real=0.03 secs] 
2.140: Total time for which application threads were stopped: 0.0326976 seconds
2.144: [Full GC (Ergonomics) [PSYoungGen: 65536K->19920K(76288K)] [ParOldGen: 174832K->174805K(175104K)] 240368K->194725K(251392K), [Metaspace: 4209K->4209K(1056768K)], 0.0333637 secs] [Times: user=0.22 sys=0.00, real=0.04 secs] 
2.177: Total time for which application threads were stopped: 0.0334711 seconds
2.181: [Full GC (Ergonomics) [PSYoungGen: 65536K->19932K(76288K)] [ParOldGen: 174805K->174793K(175104K)] 240341K->194725K(251392K), [Metaspace: 4209K->4209K(1056768K)], 0.0328698 secs] [Times: user=0.21 sys=0.00, real=0.03 secs] 
2.214: Total time for which application threads were stopped: 0.0330231 seconds
2.217: [Full GC (Ergonomics) [PSYoungGen: 65536K->19929K(76288K)] [ParOldGen: 174793K->174796K(175104K)] 240329K->194725K(251392K), [Metaspace: 4209K->4209K(1056768K)], 0.0330676 secs] [Times: user=0.21 sys=0.00, real=0.03 secs] 
2.250: Total time for which application threads were stopped: 0.0331899 seconds
2.254: [Full GC (Ergonomics) [PSYoungGen: 65536K->19930K(76288K)] [ParOldGen: 174796K->174795K(175104K)] 240332K->194725K(251392K), [Metaspace: 4209K->4209K(1056768K)], 0.0318618 secs] [Times: user=0.18 sys=0.01, real=0.03 secs] 
2.285: Total time for which application threads were stopped: 0.0319854 seconds
2.290: [Full GC (Ergonomics) [PSYoungGen: 65536K->19930K(76288K)] [ParOldGen: 174795K->174795K(175104K)] 240331K->194725K(251392K), [Metaspace: 4209K->4209K(1056768K)], 0.0325165 secs] [Times: user=0.22 sys=0.00, real=0.03 secs] 
2.322: Total time for which application threads were stopped: 0.0326866 seconds
2.326: [Full GC (Ergonomics) [PSYoungGen: 65536K->19936K(76288K)] [ParOldGen: 174795K->174789K(175104K)] 240331K->194725K(251392K), [Metaspace: 4209K->4209K(1056768K)], 0.0326000 secs] [Times: user=0.19 sys=0.00, real=0.04 secs] 
2.359: Total time for which application threads were stopped: 0.0327126 seconds
2.363: [Full GC (Ergonomics) [PSYoungGen: 65536K->19923K(76288K)] [ParOldGen: 174789K->174801K(175104K)] 240325K->194725K(251392K), [Metaspace: 4209K->4209K(1056768K)], 0.0321482 secs] [Times: user=0.22 sys=0.00, real=0.03 secs] 
2.395: Total time for which application threads were stopped: 0.0322943 seconds
2.399: [Full GC (Ergonomics) [PSYoungGen: 65536K->19929K(76288K)] [ParOldGen: 174801K->174796K(175104K)] 240337K->194725K(251392K), [Metaspace: 4209K->4209K(1056768K)], 0.0320192 secs] [Times: user=0.21 sys=0.00, real=0.03 secs] 
2.431: Total time for which application threads were stopped: 0.0321503 seconds
2.435: [Full GC (Ergonomics) [PSYoungGen: 65536K->19929K(76288K)] [ParOldGen: 174796K->174796K(175104K)] 240332K->194725K(251392K), [Metaspace: 4209K->4209K(1056768K)], 0.0321583 secs] [Times: user=0.23 sys=0.01, real=0.04 secs] 
2.467: Total time for which application threads were stopped: 0.0322789 seconds
2.471: [Full GC (Ergonomics) [PSYoungGen: 65536K->19933K(76288K)] [ParOldGen: 174796K->174792K(175104K)] 240332K->194726K(251392K), [Metaspace: 4216K->4216K(1056768K)], 0.0319012 secs] [Times: user=0.23 sys=0.00, real=0.03 secs] 
2.503: Total time for which application threads were stopped: 0.0320436 seconds
2.508: [Full GC (Ergonomics) [PSYoungGen: 65536K->19921K(76288K)] [ParOldGen: 174792K->174805K(175104K)] 240328K->194726K(251392K), [Metaspace: 4216K->4216K(1056768K)], 0.0326664 secs] [Times: user=0.22 sys=0.00, real=0.03 secs] 
2.541: Total time for which application threads were stopped: 0.0327994 seconds
2.546: [Full GC (Ergonomics) [PSYoungGen: 65536K->19931K(76288K)] [ParOldGen: 174805K->174794K(175104K)] 240341K->194726K(251392K), [Metaspace: 4216K->4216K(1056768K)], 0.0319772 secs] [Times: user=0.23 sys=0.00, real=0.04 secs] 
2.578: Total time for which application threads were stopped: 0.0321262 seconds
2.582: [Full GC (Ergonomics) [PSYoungGen: 65536K->19928K(76288K)] [ParOldGen: 174794K->174797K(175104K)] 240330K->194726K(251392K), [Metaspace: 4216K->4216K(1056768K)], 0.0307884 secs] [Times: user=0.20 sys=0.00, real=0.03 secs] 
2.613: Total time for which application threads were stopped: 0.0309135 seconds
2.617: [Full GC (Ergonomics) [PSYoungGen: 65536K->19927K(76288K)] [ParOldGen: 174797K->174798K(175104K)] 240333K->194726K(251392K), [Metaspace: 4216K->4216K(1056768K)], 0.0309300 secs] [Times: user=0.20 sys=0.00, real=0.03 secs] 
2.648: Total time for which application threads were stopped: 0.0310564 seconds
2.652: [Full GC (Ergonomics) [PSYoungGen: 65536K->19935K(76288K)] [ParOldGen: 174798K->174790K(175104K)] 240334K->194726K(251392K), [Metaspace: 4216K->4216K(1056768K)], 0.0339160 secs] [Times: user=0.22 sys=0.01, real=0.03 secs] 
2.686: Total time for which application threads were stopped: 0.0340837 seconds
2.691: [Full GC (Ergonomics) [PSYoungGen: 65536K->19918K(76288K)] [ParOldGen: 174790K->174808K(175104K)] 240326K->194726K(251392K), [Metaspace: 4216K->4216K(1056768K)], 0.0328144 secs] [Times: user=0.22 sys=0.00, real=0.03 secs] 
2.724: Total time for which application threads were stopped: 0.0329286 seconds
2.727: [Full GC (Ergonomics) [PSYoungGen: 65536K->19922K(76288K)] [ParOldGen: 174808K->174803K(175104K)] 240344K->194726K(251392K), [Metaspace: 4216K->4216K(1056768K)], 0.0312264 secs] [Times: user=0.21 sys=0.00, real=0.03 secs] 
2.758: Total time for which application threads were stopped: 0.0313638 seconds
2.762: [Full GC (Ergonomics) [PSYoungGen: 65536K->19928K(76288K)] [ParOldGen: 174803K->174797K(175104K)] 240339K->194726K(251392K), [Metaspace: 4216K->4216K(1056768K)], 0.0316284 secs] [Times: user=0.22 sys=0.00, real=0.03 secs] 
2.793: Total time for which application threads were stopped: 0.0317668 seconds
2.797: [Full GC (Ergonomics) [PSYoungGen: 65536K->19916K(76288K)] [ParOldGen: 174797K->174809K(175104K)] 240333K->194726K(251392K), [Metaspace: 4216K->4216K(1056768K)], 0.0327384 secs] [Times: user=0.21 sys=0.00, real=0.03 secs] 
2.829: Total time for which application threads were stopped: 0.0328632 seconds
2.833: [Full GC (Ergonomics) [PSYoungGen: 65536K->19934K(76288K)] [ParOldGen: 174809K->174791K(175104K)] 240345K->194726K(251392K), [Metaspace: 4216K->4216K(1056768K)], 0.0325615 secs] [Times: user=0.21 sys=0.00, real=0.03 secs] 
2.866: Total time for which application threads were stopped: 0.0326996 seconds
2.869: [Full GC (Ergonomics) [PSYoungGen: 65536K->19928K(76288K)] [ParOldGen: 174791K->174797K(175104K)] 240327K->194726K(251392K), [Metaspace: 4216K->4216K(1056768K)], 0.0319217 secs] [Times: user=0.21 sys=0.01, real=0.03 secs] 
2.901: Total time for which application threads were stopped: 0.0320632 seconds
2.905: [Full GC (Ergonomics) [PSYoungGen: 65536K->19923K(76288K)] [ParOldGen: 174797K->174802K(175104K)] 240333K->194726K(251392K), [Metaspace: 4216K->4216K(1056768K)], 0.0309938 secs] [Times: user=0.20 sys=0.00, real=0.03 secs] 
2.936: Total time for which application threads were stopped: 0.0311449 seconds
2.939: [Full GC (Ergonomics) [PSYoungGen: 65536K->19929K(76288K)] [ParOldGen: 174802K->174797K(175104K)] 240338K->194726K(251392K), [Metaspace: 4216K->4216K(1056768K)], 0.0310642 secs] [Times: user=0.20 sys=0.00, real=0.03 secs] 
2.970: Total time for which application threads were stopped: 0.0312302 seconds
2.974: [Full GC (Ergonomics) [PSYoungGen: 65536K->19928K(76288K)] [ParOldGen: 174797K->174797K(175104K)] 240333K->194726K(251392K), [Metaspace: 4216K->4216K(1056768K)], 0.0332038 secs] [Times: user=0.22 sys=0.00, real=0.04 secs] 
3.007: Total time for which application threads were stopped: 0.0333313 seconds
3.011: [Full GC (Ergonomics) [PSYoungGen: 65536K->19935K(76288K)] [ParOldGen: 174797K->174790K(175104K)] 240333K->194726K(251392K), [Metaspace: 4216K->4216K(1056768K)], 0.0320571 secs] [Times: user=0.22 sys=0.00, real=0.03 secs] 
3.043: Total time for which application threads were stopped: 0.0321990 seconds
3.046: [Full GC (Ergonomics) [PSYoungGen: 65536K->19938K(76288K)] [ParOldGen: 174790K->174788K(175104K)] 240326K->194726K(251392K), [Metaspace: 4216K->4216K(1056768K)], 0.0328754 secs] [Times: user=0.22 sys=0.00, real=0.04 secs] 
3.079: Total time for which application threads were stopped: 0.0330159 seconds
3.082: [Full GC (Ergonomics) [PSYoungGen: 65536K->19924K(76288K)] [ParOldGen: 174788K->174801K(175104K)] 240324K->194726K(251392K), [Metaspace: 4216K->4216K(1056768K)], 0.0323768 secs] [Times: user=0.20 sys=0.01, real=0.03 secs] 
3.115: Total time for which application threads were stopped: 0.0325175 seconds
3.119: [Full GC (Ergonomics) [PSYoungGen: 65536K->19934K(76288K)] [ParOldGen: 174801K->174791K(175104K)] 240337K->194726K(251392K), [Metaspace: 4216K->4216K(1056768K)], 0.0334100 secs] [Times: user=0.21 sys=0.00, real=0.03 secs] 
3.153: Total time for which application threads were stopped: 0.0335672 seconds
3.156: [Full GC (Ergonomics) [PSYoungGen: 65536K->19931K(76288K)] [ParOldGen: 174791K->174794K(175104K)] 240327K->194726K(251392K), [Metaspace: 4216K->4216K(1056768K)], 0.0310483 secs] [Times: user=0.19 sys=0.00, real=0.04 secs] 
3.187: Total time for which application threads were stopped: 0.0311935 seconds
3.191: [Full GC (Ergonomics) [PSYoungGen: 65536K->19935K(76288K)] [ParOldGen: 174794K->174790K(175104K)] 240330K->194726K(251392K), [Metaspace: 4216K->4216K(1056768K)], 0.0326637 secs] [Times: user=0.21 sys=0.00, real=0.03 secs] 
3.224: Total time for which application threads were stopped: 0.0327935 seconds
3.227: [Full GC (Ergonomics) [PSYoungGen: 65536K->19926K(76288K)] [ParOldGen: 174790K->174799K(175104K)] 240326K->194726K(251392K), [Metaspace: 4216K->4216K(1056768K)], 0.0324799 secs] [Times: user=0.24 sys=0.00, real=0.03 secs] 
3.260: Total time for which application threads were stopped: 0.0326013 seconds
3.263: [Full GC (Ergonomics) [PSYoungGen: 65536K->19936K(76288K)] [ParOldGen: 174799K->174789K(175104K)] 240335K->194726K(251392K), [Metaspace: 4216K->4216K(1056768K)], 0.0328885 secs] [Times: user=0.22 sys=0.00, real=0.03 secs] 
3.296: Total time for which application threads were stopped: 0.0330276 seconds
3.299: [Full GC (Ergonomics) [PSYoungGen: 65536K->19927K(76288K)] [ParOldGen: 174789K->174798K(175104K)] 240325K->194726K(251392K), [Metaspace: 4216K->4216K(1056768K)], 0.0323586 secs] [Times: user=0.21 sys=0.00, real=0.03 secs] 
3.332: Total time for which application threads were stopped: 0.0324973 seconds
3.335: [Full GC (Ergonomics) [PSYoungGen: 65536K->19919K(76288K)] [ParOldGen: 174798K->174806K(175104K)] 240334K->194726K(251392K), [Metaspace: 4216K->4216K(1056768K)], 0.0320036 secs] [Times: user=0.20 sys=0.01, real=0.04 secs] 
3.367: Total time for which application threads were stopped: 0.0321443 seconds
3.371: [Full GC (Ergonomics) [PSYoungGen: 65536K->19908K(76288K)] [ParOldGen: 174806K->174817K(175104K)] 240342K->194726K(251392K), [Metaspace: 4216K->4216K(1056768K)], 0.0309405 secs] [Times: user=0.20 sys=0.00, real=0.03 secs] 
3.402: Total time for which application threads were stopped: 0.0310619 seconds
3.406: [Full GC (Ergonomics) [PSYoungGen: 65536K->19925K(76288K)] [ParOldGen: 174817K->174800K(175104K)] 240353K->194726K(251392K), [Metaspace: 4216K->4216K(1056768K)], 0.0323164 secs] [Times: user=0.22 sys=0.00, real=0.04 secs] 
3.438: Total time for which application threads were stopped: 0.0324255 seconds
3.441: [Full GC (Ergonomics) [PSYoungGen: 65536K->19915K(76288K)] [ParOldGen: 174800K->174810K(175104K)] 240336K->194726K(251392K), [Metaspace: 4216K->4216K(1056768K)], 0.0347586 secs] [Times: user=0.20 sys=0.00, real=0.03 secs] 
3.476: Total time for which application threads were stopped: 0.0349114 seconds
3.480: [Full GC (Ergonomics) [PSYoungGen: 65536K->19934K(76288K)] [ParOldGen: 174810K->174791K(175104K)] 240346K->194726K(251392K), [Metaspace: 4216K->4216K(1056768K)], 0.0315271 secs] [Times: user=0.19 sys=0.00, real=0.03 secs] 
3.511: Total time for which application threads were stopped: 0.0316523 seconds
3.515: [Full GC (Ergonomics) [PSYoungGen: 65536K->19935K(76288K)] [ParOldGen: 174791K->174790K(175104K)] 240327K->194726K(251392K), [Metaspace: 4216K->4216K(1056768K)], 0.0323333 secs] [Times: user=0.21 sys=0.00, real=0.04 secs] 
3.547: Total time for which application threads were stopped: 0.0324819 seconds
3.551: [Full GC (Ergonomics) [PSYoungGen: 65536K->19927K(76288K)] [ParOldGen: 174790K->174798K(175104K)] 240326K->194726K(251392K), [Metaspace: 4216K->4216K(1056768K)], 0.0320206 secs] [Times: user=0.19 sys=0.01, real=0.03 secs] 
3.583: Total time for which application threads were stopped: 0.0321595 seconds
3.586: [Full GC (Ergonomics) [PSYoungGen: 65536K->19919K(76288K)] [ParOldGen: 174798K->174806K(175104K)] 240334K->194726K(251392K), [Metaspace: 4216K->4216K(1056768K)], 0.0321345 secs] [Times: user=0.22 sys=0.00, real=0.04 secs] 
3.618: Total time for which application threads were stopped: 0.0322724 seconds
3.622: [Full GC (Ergonomics) [PSYoungGen: 65536K->19936K(76288K)] [ParOldGen: 174806K->174790K(175104K)] 240342K->194726K(251392K), [Metaspace: 4216K->4216K(1056768K)], 0.0332588 secs] [Times: user=0.22 sys=0.00, real=0.03 secs] 
3.655: Total time for which application threads were stopped: 0.0333773 seconds
3.659: [Full GC (Ergonomics) [PSYoungGen: 65536K->19932K(76288K)] [ParOldGen: 174790K->174793K(175104K)] 240326K->194726K(251392K), [Metaspace: 4216K->4216K(1056768K)], 0.0328650 secs] [Times: user=0.22 sys=0.00, real=0.03 secs] 
3.692: Total time for which application threads were stopped: 0.0329738 seconds
3.695: [Full GC (Ergonomics) [PSYoungGen: 65536K->19931K(76288K)] [ParOldGen: 174793K->174794K(175104K)] 240329K->194726K(251392K), [Metaspace: 4216K->4216K(1056768K)], 0.0306235 secs] [Times: user=0.21 sys=0.00, real=0.03 secs] 
3.726: Total time for which application threads were stopped: 0.0307232 seconds
3.729: [Full GC (Ergonomics) [PSYoungGen: 65536K->19929K(76288K)] [ParOldGen: 174794K->174796K(175104K)] 240330K->194726K(251392K), [Metaspace: 4216K->4216K(1056768K)], 0.0326850 secs] [Times: user=0.24 sys=0.00, real=0.03 secs] 
3.762: Total time for which application threads were stopped: 0.0327838 seconds
3.765: [Full GC (Ergonomics) [PSYoungGen: 65536K->19927K(76288K)] [ParOldGen: 174796K->174798K(175104K)] 240332K->194726K(251392K), [Metaspace: 4216K->4216K(1056768K)], 0.0325644 secs] [Times: user=0.23 sys=0.00, real=0.04 secs] 
3.798: Total time for which application threads were stopped: 0.0326845 seconds
3.801: [Full GC (Ergonomics) [PSYoungGen: 65536K->19926K(76288K)] [ParOldGen: 174798K->174799K(175104K)] 240334K->194726K(251392K), [Metaspace: 4216K->4216K(1056768K)], 0.0321735 secs] [Times: user=0.22 sys=0.00, real=0.03 secs] 
3.833: Total time for which application threads were stopped: 0.0323139 seconds
3.837: [Full GC (Ergonomics) [PSYoungGen: 65536K->19931K(76288K)] [ParOldGen: 174799K->174794K(175104K)] 240335K->194726K(251392K), [Metaspace: 4216K->4216K(1056768K)], 0.0322892 secs] [Times: user=0.21 sys=0.01, real=0.03 secs] 
3.869: Total time for which application threads were stopped: 0.0324033 seconds
3.873: [Full GC (Ergonomics) [PSYoungGen: 65536K->19932K(76288K)] [ParOldGen: 174794K->174793K(175104K)] 240330K->194726K(251392K), [Metaspace: 4216K->4216K(1056768K)], 0.0323437 secs] [Times: user=0.22 sys=0.00, real=0.03 secs] 
3.905: Total time for which application threads were stopped: 0.0324735 seconds
3.909: [Full GC (Ergonomics) [PSYoungGen: 65536K->19925K(76288K)] [ParOldGen: 174793K->174800K(175104K)] 240329K->194726K(251392K), [Metaspace: 4216K->4216K(1056768K)], 0.0322166 secs] [Times: user=0.22 sys=0.00, real=0.03 secs] 
3.941: Total time for which application threads were stopped: 0.0323793 seconds
3.944: [Full GC (Ergonomics) [PSYoungGen: 65536K->19931K(76288K)] [ParOldGen: 174800K->174794K(175104K)] 240336K->194726K(251392K), [Metaspace: 4216K->4216K(1056768K)], 0.0316315 secs] [Times: user=0.21 sys=0.00, real=0.04 secs] 
3.976: Total time for which application threads were stopped: 0.0317698 seconds
3.979: [Full GC (Ergonomics) [PSYoungGen: 65536K->19929K(76288K)] [ParOldGen: 174794K->174797K(175104K)] 240330K->194726K(251392K), [Metaspace: 4216K->4216K(1056768K)], 0.0325562 secs] [Times: user=0.21 sys=0.00, real=0.03 secs] 
4.012: Total time for which application threads were stopped: 0.0326974 seconds
4.016: [Full GC (Ergonomics) [PSYoungGen: 65536K->19918K(76288K)] [ParOldGen: 174797K->174808K(175104K)] 240333K->194726K(251392K), [Metaspace: 4216K->4216K(1056768K)], 0.0308645 secs] [Times: user=0.20 sys=0.00, real=0.04 secs] 
4.046: Total time for which application threads were stopped: 0.0309817 seconds
4.050: [Full GC (Ergonomics) [PSYoungGen: 65536K->19931K(76288K)] [ParOldGen: 174808K->174794K(175104K)] 240344K->194726K(251392K), [Metaspace: 4216K->4216K(1056768K)], 0.0348948 secs] [Times: user=0.20 sys=0.00, real=0.03 secs] 
4.085: Total time for which application threads were stopped: 0.0350421 seconds
4.089: [Full GC (Ergonomics) [PSYoungGen: 65536K->19928K(76288K)] [ParOldGen: 174794K->174798K(175104K)] 240330K->194726K(251392K), [Metaspace: 4216K->4216K(1056768K)], 0.0339363 secs] [Times: user=0.21 sys=0.01, real=0.03 secs] 
4.123: Total time for which application threads were stopped: 0.0340638 seconds
4.126: [Full GC (Ergonomics) [PSYoungGen: 65536K->19923K(76288K)] [ParOldGen: 174798K->174802K(175104K)] 240334K->194726K(251392K), [Metaspace: 4216K->4216K(1056768K)], 0.0329301 secs] [Times: user=0.22 sys=0.00, real=0.03 secs] 
4.159: Total time for which application threads were stopped: 0.0330713 seconds
4.163: [Full GC (Ergonomics) [PSYoungGen: 65536K->19924K(76288K)] [ParOldGen: 174802K->174802K(175104K)] 240338K->194726K(251392K), [Metaspace: 4216K->4216K(1056768K)], 0.0332518 secs] [Times: user=0.23 sys=0.00, real=0.04 secs] 
4.196: Total time for which application threads were stopped: 0.0333650 seconds
4.200: [Full GC (Ergonomics) [PSYoungGen: 65536K->19932K(76288K)] [ParOldGen: 174802K->174793K(175104K)] 240338K->194726K(251392K), [Metaspace: 4216K->4216K(1056768K)], 0.0347785 secs] [Times: user=0.23 sys=0.00, real=0.03 secs] 
4.235: Total time for which application threads were stopped: 0.0349206 seconds
4.239: [Full GC (Ergonomics) [PSYoungGen: 65536K->19929K(76288K)] [ParOldGen: 174793K->174797K(175104K)] 240329K->194726K(251392K), [Metaspace: 4216K->4216K(1056768K)], 0.0324362 secs] [Times: user=0.18 sys=0.00, real=0.03 secs] 
4.271: Total time for which application threads were stopped: 0.0325812 seconds
4.275: [Full GC (Ergonomics) [PSYoungGen: 65536K->19933K(76288K)] [ParOldGen: 174797K->174792K(175104K)] 240333K->194726K(251392K), [Metaspace: 4216K->4216K(1056768K)], 0.0314107 secs] [Times: user=0.16 sys=0.01, real=0.04 secs] 
4.306: Total time for which application threads were stopped: 0.0315612 seconds
4.310: [Full GC (Ergonomics) [PSYoungGen: 65536K->19932K(76288K)] [ParOldGen: 174792K->174793K(175104K)] 240328K->194726K(251392K), [Metaspace: 4216K->4216K(1056768K)], 0.0324143 secs] [Times: user=0.20 sys=0.00, real=0.03 secs] 
4.342: Total time for which application threads were stopped: 0.0325698 seconds
4.346: [Full GC (Ergonomics) [PSYoungGen: 65536K->19923K(76288K)] [ParOldGen: 174793K->174802K(175104K)] 240329K->194726K(251392K), [Metaspace: 4216K->4216K(1056768K)], 0.0329808 secs] [Times: user=0.21 sys=0.00, real=0.03 secs] 
4.379: Total time for which application threads were stopped: 0.0331356 seconds
4.382: [Full GC (Ergonomics) [PSYoungGen: 65536K->19930K(76288K)] [ParOldGen: 174802K->174795K(175104K)] 240338K->194726K(251392K), [Metaspace: 4216K->4216K(1056768K)], 0.0323768 secs] [Times: user=0.22 sys=0.00, real=0.04 secs] 
4.415: Total time for which application threads were stopped: 0.0325437 seconds
4.418: [Full GC (Ergonomics) [PSYoungGen: 65536K->19929K(76288K)] [ParOldGen: 174795K->174796K(175104K)] 240331K->194726K(251392K), [Metaspace: 4216K->4216K(1056768K)], 0.0309763 secs] [Times: user=0.20 sys=0.00, real=0.03 secs] 
4.449: Total time for which application threads were stopped: 0.0310939 seconds
4.453: [Full GC (Ergonomics) [PSYoungGen: 65536K->19932K(76288K)] [ParOldGen: 174796K->174794K(175104K)] 240332K->194726K(251392K), [Metaspace: 4216K->4216K(1056768K)], 0.0326492 secs] [Times: user=0.21 sys=0.00, real=0.04 secs] 
4.485: Total time for which application threads were stopped: 0.0327884 seconds
4.489: [Full GC (Ergonomics) [PSYoungGen: 65536K->19935K(76288K)] [ParOldGen: 174794K->174790K(175104K)] 240330K->194726K(251392K), [Metaspace: 4216K->4216K(1056768K)], 0.0322209 secs] [Times: user=0.20 sys=0.00, real=0.03 secs] 
4.521: Total time for which application threads were stopped: 0.0323638 seconds
4.525: [Full GC (Ergonomics) [PSYoungGen: 65536K->19937K(76288K)] [ParOldGen: 174790K->174788K(175104K)] 240326K->194726K(251392K), [Metaspace: 4216K->4216K(1056768K)], 0.0326823 secs] [Times: user=0.22 sys=0.00, real=0.03 secs] 
4.557: Total time for which application threads were stopped: 0.0328021 seconds
4.561: [Full GC (Ergonomics) [PSYoungGen: 65536K->19926K(76288K)] [ParOldGen: 174788K->174800K(175104K)] 240324K->194726K(251392K), [Metaspace: 4216K->4216K(1056768K)], 0.0327422 secs] [Times: user=0.21 sys=0.00, real=0.03 secs] 
4.594: Total time for which application threads were stopped: 0.0328819 seconds
4.598: [Full GC (Ergonomics) [PSYoungGen: 65536K->19932K(76288K)] [ParOldGen: 174800K->174793K(175104K)] 240336K->194726K(251392K), [Metaspace: 4216K->4216K(1056768K)], 0.0329975 secs] [Times: user=0.23 sys=0.00, real=0.03 secs] 
4.631: Total time for which application threads were stopped: 0.0331380 seconds
4.634: [Full GC (Ergonomics) [PSYoungGen: 65536K->19920K(76288K)] [ParOldGen: 174793K->174805K(175104K)] 240329K->194726K(251392K), [Metaspace: 4216K->4216K(1056768K)], 0.0311602 secs] [Times: user=0.20 sys=0.00, real=0.03 secs] 
4.665: Total time for which application threads were stopped: 0.0312909 seconds
4.669: [Full GC (Ergonomics) [PSYoungGen: 65536K->19919K(76288K)] [ParOldGen: 174805K->174806K(175104K)] 240341K->194726K(251392K), [Metaspace: 4216K->4216K(1056768K)], 0.0321175 secs] [Times: user=0.21 sys=0.00, real=0.03 secs] 
4.701: Total time for which application threads were stopped: 0.0322361 seconds
4.704: [Full GC (Ergonomics) [PSYoungGen: 65536K->19925K(76288K)] [ParOldGen: 174806K->174800K(175104K)] 240342K->194726K(251392K), [Metaspace: 4216K->4216K(1056768K)], 0.0332112 secs] [Times: user=0.22 sys=0.00, real=0.03 secs] 
4.738: Total time for which application threads were stopped: 0.0333293 seconds
4.741: [Full GC (Ergonomics) [PSYoungGen: 65536K->19939K(76288K)] [ParOldGen: 174800K->174786K(175104K)] 240336K->194726K(251392K), [Metaspace: 4216K->4216K(1056768K)], 0.0307782 secs] [Times: user=0.20 sys=0.01, real=0.03 secs] 
4.772: Total time for which application threads were stopped: 0.0309221 seconds
4.775: [Full GC (Ergonomics) [PSYoungGen: 65536K->19931K(76288K)] [ParOldGen: 174786K->174794K(175104K)] 240322K->194726K(251392K), [Metaspace: 4216K->4216K(1056768K)], 0.0306521 secs] [Times: user=0.21 sys=0.00, real=0.03 secs] 
4.806: Total time for which application threads were stopped: 0.0307905 seconds
4.810: [Full GC (Ergonomics) [PSYoungGen: 65536K->19939K(76288K)] [ParOldGen: 174794K->174786K(175104K)] 240330K->194726K(251392K), [Metaspace: 4216K->4216K(1056768K)], 0.0303359 secs] [Times: user=0.20 sys=0.00, real=0.03 secs] 
4.840: Total time for which application threads were stopped: 0.0304643 seconds
4.844: [Full GC (Ergonomics) [PSYoungGen: 65536K->19927K(76288K)] [ParOldGen: 174786K->174798K(175104K)] 240322K->194726K(251392K), [Metaspace: 4216K->4216K(1056768K)], 0.0319004 secs] [Times: user=0.21 sys=0.00, real=0.03 secs] 
4.876: Total time for which application threads were stopped: 0.0320055 seconds
4.880: [Full GC (Ergonomics) [PSYoungGen: 65536K->19937K(76288K)] [ParOldGen: 174798K->174788K(175104K)] 240334K->194726K(251392K), [Metaspace: 4216K->4216K(1056768K)], 0.0322486 secs] [Times: user=0.20 sys=0.00, real=0.03 secs] 
4.912: Total time for which application threads were stopped: 0.0323923 seconds
4.915: [Full GC (Ergonomics) [PSYoungGen: 65536K->19922K(76288K)] [ParOldGen: 174788K->174803K(175104K)] 240324K->194726K(251392K), [Metaspace: 4216K->4216K(1056768K)], 0.0328043 secs] [Times: user=0.23 sys=0.00, real=0.03 secs] 
4.948: Total time for which application threads were stopped: 0.0329294 seconds
4.952: [Full GC (Ergonomics) [PSYoungGen: 65536K->19919K(76288K)] [ParOldGen: 174803K->174806K(175104K)] 240339K->194726K(251392K), [Metaspace: 4216K->4216K(1056768K)], 0.0333743 secs] [Times: user=0.18 sys=0.01, real=0.04 secs] 
4.985: Total time for which application threads were stopped: 0.0335002 seconds
4.989: [Full GC (Ergonomics) [PSYoungGen: 65536K->19926K(76288K)] [ParOldGen: 174806K->174799K(175104K)] 240342K->194726K(251392K), [Metaspace: 4216K->4216K(1056768K)], 0.0333793 secs] [Times: user=0.19 sys=0.00, real=0.03 secs] 
5.022: Total time for which application threads were stopped: 0.0335585 seconds
5.027: [Full GC (Ergonomics) [PSYoungGen: 65536K->19920K(76288K)] [ParOldGen: 174799K->174805K(175104K)] 240335K->194726K(251392K), [Metaspace: 4216K->4216K(1056768K)], 0.0347247 secs] [Times: user=0.20 sys=0.00, real=0.03 secs] 
5.061: Total time for which application threads were stopped: 0.0348355 seconds
5.065: [Full GC (Ergonomics) [PSYoungGen: 65536K->19929K(76288K)] [ParOldGen: 174805K->174796K(175104K)] 240341K->194726K(251392K), [Metaspace: 4216K->4216K(1056768K)], 0.0348342 secs] [Times: user=0.20 sys=0.00, real=0.03 secs] 
5.100: Total time for which application threads were stopped: 0.0349463 seconds
5.103: [Full GC (Ergonomics) [PSYoungGen: 65536K->19933K(76288K)] [ParOldGen: 174796K->174792K(175104K)] 240332K->194726K(251392K), [Metaspace: 4216K->4216K(1056768K)], 0.0342128 secs] [Times: user=0.19 sys=0.01, real=0.03 secs] 
5.138: Total time for which application threads were stopped: 0.0343183 seconds
5.142: [Full GC (Ergonomics) [PSYoungGen: 65536K->19925K(76288K)] [ParOldGen: 174792K->174801K(175104K)] 240328K->194726K(251392K), [Metaspace: 4216K->4216K(1056768K)], 0.0344588 secs] [Times: user=0.19 sys=0.00, real=0.04 secs] 
5.176: Total time for which application threads were stopped: 0.0346188 seconds
5.180: [Full GC (Ergonomics) [PSYoungGen: 65536K->19926K(76288K)] [ParOldGen: 174801K->174799K(175104K)] 240337K->194726K(251392K), [Metaspace: 4216K->4216K(1056768K)], 0.0342454 secs] [Times: user=0.19 sys=0.00, real=0.04 secs] 
5.214: Total time for which application threads were stopped: 0.0343661 seconds
5.218: [Full GC (Ergonomics) [PSYoungGen: 65536K->19923K(76288K)] [ParOldGen: 174799K->174802K(175104K)] 240335K->194726K(251392K), [Metaspace: 4216K->4216K(1056768K)], 0.0337422 secs] [Times: user=0.20 sys=0.00, real=0.03 secs] 
5.252: Total time for which application threads were stopped: 0.0338837 seconds
5.256: [Full GC (Ergonomics) [PSYoungGen: 65536K->19933K(76288K)] [ParOldGen: 174802K->174792K(175104K)] 240338K->194726K(251392K), [Metaspace: 4216K->4216K(1056768K)], 0.0336839 secs] [Times: user=0.18 sys=0.01, real=0.03 secs] 
5.289: Total time for which application threads were stopped: 0.0337971 seconds
5.293: [Full GC (Ergonomics) [PSYoungGen: 65536K->19937K(76288K)] [ParOldGen: 174792K->174788K(175104K)] 240328K->194726K(251392K), [Metaspace: 4216K->4216K(1056768K)], 0.0360470 secs] [Times: user=0.21 sys=0.00, real=0.04 secs] 
5.329: Total time for which application threads were stopped: 0.0361518 seconds
5.333: [Full GC (Ergonomics) [PSYoungGen: 65536K->19933K(76288K)] [ParOldGen: 174788K->174792K(175104K)] 240324K->194726K(251392K), [Metaspace: 4216K->4216K(1056768K)], 0.0335088 secs] [Times: user=0.20 sys=0.00, real=0.04 secs] 
5.366: Total time for which application threads were stopped: 0.0336315 seconds
5.370: [Full GC (Ergonomics) [PSYoungGen: 65536K->19922K(76288K)] [ParOldGen: 174792K->174803K(175104K)] 240328K->194726K(251392K), [Metaspace: 4216K->4216K(1056768K)], 0.0320375 secs] [Times: user=0.21 sys=0.00, real=0.03 secs] 
5.402: Total time for which application threads were stopped: 0.0322076 seconds
5.405: [Full GC (Ergonomics) [PSYoungGen: 65536K->19932K(76288K)] [ParOldGen: 174803K->174794K(175104K)] 240339K->194726K(251392K), [Metaspace: 4216K->4216K(1056768K)], 0.0323373 secs] [Times: user=0.20 sys=0.00, real=0.03 secs] 
5.438: Total time for which application threads were stopped: 0.0324748 seconds
5.441: [Full GC (Ergonomics) [PSYoungGen: 65536K->19930K(76288K)] [ParOldGen: 174794K->174796K(175104K)] 240330K->194726K(251392K), [Metaspace: 4216K->4216K(1056768K)], 0.0327694 secs] [Times: user=0.20 sys=0.00, real=0.04 secs] 
5.474: Total time for which application threads were stopped: 0.0328892 seconds
5.478: [Full GC (Ergonomics) [PSYoungGen: 65536K->19929K(76288K)] [ParOldGen: 174796K->174797K(175104K)] 240332K->194726K(251392K), [Metaspace: 4216K->4216K(1056768K)], 0.0333360 secs] [Times: user=0.21 sys=0.00, real=0.03 secs] 
5.511: Total time for which application threads were stopped: 0.0334328 seconds
5.515: [Full GC (Ergonomics) [PSYoungGen: 65536K->19938K(76288K)] [ParOldGen: 174797K->174787K(175104K)] 240333K->194726K(251392K), [Metaspace: 4216K->4216K(1056768K)], 0.0329030 secs] [Times: user=0.20 sys=0.00, real=0.03 secs] 
5.548: Total time for which application threads were stopped: 0.0330189 seconds
5.551: [Full GC (Ergonomics) [PSYoungGen: 65536K->19935K(76288K)] [ParOldGen: 174787K->174790K(175104K)] 240323K->194726K(251392K), [Metaspace: 4216K->4216K(1056768K)], 0.0355183 secs] [Times: user=0.21 sys=0.00, real=0.04 secs] 
5.587: Total time for which application threads were stopped: 0.0356416 seconds
5.590: [Full GC (Ergonomics) [PSYoungGen: 65536K->19937K(76288K)] [ParOldGen: 174790K->174788K(175104K)] 240326K->194726K(251392K), [Metaspace: 4216K->4216K(1056768K)], 0.0314171 secs] [Times: user=0.20 sys=0.01, real=0.03 secs] 
5.622: Total time for which application threads were stopped: 0.0315559 seconds
5.625: [Full GC (Ergonomics) [PSYoungGen: 65536K->19928K(76288K)] [ParOldGen: 174788K->174797K(175104K)] 240324K->194726K(251392K), [Metaspace: 4216K->4216K(1056768K)], 0.0332329 secs] [Times: user=0.23 sys=0.00, real=0.03 secs] 
5.659: Total time for which application threads were stopped: 0.0333510 seconds
5.662: [Full GC (Ergonomics) [PSYoungGen: 65536K->19934K(76288K)] [ParOldGen: 174797K->174791K(175104K)] 240333K->194726K(251392K), [Metaspace: 4216K->4216K(1056768K)], 0.0330871 secs] [Times: user=0.22 sys=0.00, real=0.04 secs] 
5.695: Total time for which application threads were stopped: 0.0331969 seconds
5.699: [Full GC (Ergonomics) [PSYoungGen: 65536K->19934K(76288K)] [ParOldGen: 174791K->174791K(175104K)] 240327K->194726K(251392K), [Metaspace: 4216K->4216K(1056768K)], 0.0341562 secs] [Times: user=0.22 sys=0.00, real=0.03 secs] 
5.733: Total time for which application threads were stopped: 0.0342766 seconds
5.737: [Full GC (Ergonomics) [PSYoungGen: 65536K->19930K(76288K)] [ParOldGen: 174791K->174795K(175104K)] 240327K->194726K(251392K), [Metaspace: 4216K->4216K(1056768K)], 0.0325655 secs] [Times: user=0.22 sys=0.00, real=0.03 secs] 
5.769: Total time for which application threads were stopped: 0.0326867 seconds
5.773: [Full GC (Ergonomics) [PSYoungGen: 65536K->19925K(76288K)] [ParOldGen: 174795K->174800K(175104K)] 240331K->194726K(251392K), [Metaspace: 4216K->4216K(1056768K)], 0.0335470 secs] [Times: user=0.23 sys=0.00, real=0.04 secs] 
5.806: Total time for which application threads were stopped: 0.0336686 seconds
5.810: [Full GC (Ergonomics) [PSYoungGen: 65536K->19928K(76288K)] [ParOldGen: 174800K->174797K(175104K)] 240336K->194726K(251392K), [Metaspace: 4216K->4216K(1056768K)], 0.0332654 secs] [Times: user=0.24 sys=0.01, real=0.03 secs] 
5.843: Total time for which application threads were stopped: 0.0333851 seconds
5.846: [Full GC (Ergonomics) [PSYoungGen: 65536K->19933K(76288K)] [ParOldGen: 174797K->174793K(175104K)] 240333K->194726K(251392K), [Metaspace: 4216K->4216K(1056768K)], 0.0331857 secs] [Times: user=0.23 sys=0.00, real=0.03 secs] 
5.880: Total time for which application threads were stopped: 0.0333573 seconds
5.883: [Full GC (Ergonomics) [PSYoungGen: 65536K->19933K(76288K)] [ParOldGen: 174793K->174792K(175104K)] 240329K->194726K(251392K), [Metaspace: 4216K->4216K(1056768K)], 0.0323897 secs] [Times: user=0.21 sys=0.00, real=0.04 secs] 
5.916: Total time for which application threads were stopped: 0.0325122 seconds
5.919: [Full GC (Ergonomics) [PSYoungGen: 65536K->19921K(76288K)] [ParOldGen: 174792K->174804K(175104K)] 240328K->194726K(251392K), [Metaspace: 4216K->4216K(1056768K)], 0.0331354 secs] [Times: user=0.21 sys=0.00, real=0.03 secs] 
5.952: Total time for which application threads were stopped: 0.0333585 seconds
5.956: [Full GC (Ergonomics) [PSYoungGen: 65536K->19928K(76288K)] [ParOldGen: 174804K->174798K(175104K)] 240340K->194726K(251392K), [Metaspace: 4216K->4216K(1056768K)], 0.0328129 secs] [Times: user=0.21 sys=0.00, real=0.03 secs] 
5.989: Total time for which application threads were stopped: 0.0329166 seconds
5.992: [Full GC (Ergonomics) [PSYoungGen: 65536K->19929K(76288K)] [ParOldGen: 174798K->174796K(175104K)] 240334K->194726K(251392K), [Metaspace: 4216K->4216K(1056768K)], 0.0330473 secs] [Times: user=0.21 sys=0.00, real=0.04 secs] 
6.025: Total time for which application threads were stopped: 0.0331886 seconds
6.029: [Full GC (Ergonomics) [PSYoungGen: 65536K->19929K(76288K)] [ParOldGen: 174796K->174796K(175104K)] 240332K->194726K(251392K), [Metaspace: 4216K->4216K(1056768K)], 0.0311289 secs] [Times: user=0.19 sys=0.01, real=0.03 secs] 
6.060: Total time for which application threads were stopped: 0.0312282 seconds
6.064: [Full GC (Ergonomics) [PSYoungGen: 65536K->19923K(76288K)] [ParOldGen: 174796K->174802K(175104K)] 240332K->194726K(251392K), [Metaspace: 4216K->4216K(1056768K)], 0.0331021 secs] [Times: user=0.22 sys=0.00, real=0.03 secs] 
6.097: Total time for which application threads were stopped: 0.0332388 seconds
6.100: [Full GC (Ergonomics) [PSYoungGen: 65536K->19925K(76288K)] [ParOldGen: 174802K->174800K(175104K)] 240338K->194726K(251392K), [Metaspace: 4216K->4216K(1056768K)], 0.0325164 secs] [Times: user=0.22 sys=0.00, real=0.03 secs] 
6.133: Total time for which application threads were stopped: 0.0326795 seconds
6.136: [Full GC (Ergonomics) [PSYoungGen: 65536K->19923K(76288K)] [ParOldGen: 174800K->174802K(175104K)] 240336K->194726K(251392K), [Metaspace: 4216K->4216K(1056768K)], 0.0329861 secs] [Times: user=0.22 sys=0.00, real=0.03 secs] 
6.169: Total time for which application threads were stopped: 0.0331157 seconds
6.173: [Full GC (Ergonomics) [PSYoungGen: 65536K->19929K(76288K)] [ParOldGen: 174802K->174763K(175104K)] 240338K->194693K(251392K), [Metaspace: 4216K->4216K(1056768K)], 0.0327910 secs] [Times: user=0.22 sys=0.00, real=0.04 secs] 
6.205: Total time for which application threads were stopped: 0.0329179 seconds
6.209: [Full GC (Ergonomics) [PSYoungGen: 65536K->19922K(76288K)] [ParOldGen: 174763K->174771K(175104K)] 240299K->194693K(251392K), [Metaspace: 4216K->4216K(1056768K)], 0.0327474 secs] [Times: user=0.22 sys=0.00, real=0.03 secs] 
6.242: Total time for which application threads were stopped: 0.0328644 seconds
6.245: [Full GC (Ergonomics) [PSYoungGen: 65536K->19928K(76288K)] [ParOldGen: 174771K->174764K(175104K)] 240307K->194693K(251392K), [Metaspace: 4216K->4216K(1056768K)], 0.0323019 secs] [Times: user=0.21 sys=0.00, real=0.03 secs] 
6.278: Total time for which application threads were stopped: 0.0324417 seconds
6.281: [Full GC (Ergonomics) [PSYoungGen: 65536K->19927K(76288K)] [ParOldGen: 174764K->174766K(175104K)] 240300K->194693K(251392K), [Metaspace: 4216K->4216K(1056768K)], 0.0324731 secs] [Times: user=0.21 sys=0.01, real=0.04 secs] 
6.314: Total time for which application threads were stopped: 0.0326371 seconds
6.317: [Full GC (Ergonomics) [PSYoungGen: 65536K->19922K(76288K)] [ParOldGen: 174766K->174770K(175104K)] 240302K->194693K(251392K), [Metaspace: 4216K->4216K(1056768K)], 0.0331513 secs] [Times: user=0.20 sys=0.00, real=0.03 secs] 
6.350: Total time for which application threads were stopped: 0.0333179 seconds
6.354: [Full GC (Ergonomics) [PSYoungGen: 65536K->19924K(76288K)] [ParOldGen: 174770K->174768K(175104K)] 240306K->194693K(251392K), [Metaspace: 4216K->4216K(1056768K)], 0.0337432 secs] [Times: user=0.22 sys=0.00, real=0.03 secs] 
6.388: Total time for which application threads were stopped: 0.0338784 seconds
6.391: [Full GC (Ergonomics) [PSYoungGen: 65536K->19920K(76288K)] [ParOldGen: 174768K->174772K(175104K)] 240304K->194693K(251392K), [Metaspace: 4216K->4216K(1056768K)], 0.0328550 secs] [Times: user=0.23 sys=0.00, real=0.04 secs] 
6.424: Total time for which application threads were stopped: 0.0329740 seconds
6.427: [Full GC (Ergonomics) [PSYoungGen: 65536K->19932K(76288K)] [ParOldGen: 174772K->174760K(175104K)] 240308K->194693K(251392K), [Metaspace: 4216K->4216K(1056768K)], 0.0332459 secs] [Times: user=0.22 sys=0.00, real=0.03 secs] 
6.461: Total time for which application threads were stopped: 0.0333666 seconds
6.464: [Full GC (Ergonomics) [PSYoungGen: 65536K->19920K(76288K)] [ParOldGen: 174760K->174772K(175104K)] 240296K->194693K(251392K), [Metaspace: 4216K->4216K(1056768K)], 0.0328977 secs] [Times: user=0.23 sys=0.00, real=0.03 secs] 
6.497: Total time for which application threads were stopped: 0.0330252 seconds
6.501: [Full GC (Ergonomics) [PSYoungGen: 65536K->19912K(76288K)] [ParOldGen: 174772K->174780K(175104K)] 240308K->194693K(251392K), [Metaspace: 4216K->4216K(1056768K)], 0.0338081 secs] [Times: user=0.22 sys=0.01, real=0.04 secs] 
6.535: Total time for which application threads were stopped: 0.0339410 seconds
6.538: [Full GC (Ergonomics) [PSYoungGen: 65536K->19928K(76288K)] [ParOldGen: 174780K->174765K(175104K)] 240316K->194693K(251392K), [Metaspace: 4216K->4216K(1056768K)], 0.0337855 secs] [Times: user=0.23 sys=0.00, real=0.03 secs] 
6.572: Total time for which application threads were stopped: 0.0339047 seconds
6.575: [Full GC (Ergonomics) [PSYoungGen: 65536K->19934K(76288K)] [ParOldGen: 174765K->174758K(175104K)] 240301K->194693K(251392K), [Metaspace: 4216K->4216K(1056768K)], 0.0329690 secs] [Times: user=0.23 sys=0.00, real=0.03 secs] 
6.609: Total time for which application threads were stopped: 0.0330795 seconds
6.612: [Full GC (Ergonomics) [PSYoungGen: 65536K->19940K(76288K)] [ParOldGen: 174758K->174753K(175104K)] 240294K->194693K(251392K), [Metaspace: 4216K->4216K(1056768K)], 0.0337239 secs] [Times: user=0.22 sys=0.00, real=0.04 secs] 
6.646: Total time for which application threads were stopped: 0.0339146 seconds
6.649: [Full GC (Ergonomics) [PSYoungGen: 65536K->19926K(76288K)] [ParOldGen: 174753K->174766K(175104K)] 240289K->194693K(251392K), [Metaspace: 4216K->4216K(1056768K)], 0.0332115 secs] [Times: user=0.21 sys=0.00, real=0.03 secs] 
6.683: Total time for which application threads were stopped: 0.0333426 seconds
6.686: [Full GC (Ergonomics) [PSYoungGen: 65536K->19925K(76288K)] [ParOldGen: 174766K->174767K(175104K)] 240302K->194693K(251392K), [Metaspace: 4216K->4216K(1056768K)], 0.0316847 secs] [Times: user=0.17 sys=0.01, real=0.03 secs] 
6.718: Total time for which application threads were stopped: 0.0317853 seconds
6.721: [Full GC (Ergonomics) [PSYoungGen: 65536K->19922K(76288K)] [ParOldGen: 174767K->174770K(175104K)] 240303K->194693K(251392K), [Metaspace: 4216K->4216K(1056768K)], 0.0340246 secs] [Times: user=0.22 sys=0.00, real=0.04 secs] 
6.755: Total time for which application threads were stopped: 0.0341582 seconds
6.759: [Full GC (Ergonomics) [PSYoungGen: 65536K->19932K(76288K)] [ParOldGen: 174770K->174760K(175104K)] 240306K->194693K(251392K), [Metaspace: 4216K->4216K(1056768K)], 0.0329503 secs] [Times: user=0.23 sys=0.00, real=0.03 secs] 
6.792: Total time for which application threads were stopped: 0.0331202 seconds
6.796: [Full GC (Ergonomics) [PSYoungGen: 65536K->19918K(76288K)] [ParOldGen: 174760K->174774K(175104K)] 240296K->194693K(251392K), [Metaspace: 4216K->4216K(1056768K)], 0.0328400 secs] [Times: user=0.20 sys=0.00, real=0.03 secs] 
6.829: Total time for which application threads were stopped: 0.0329613 seconds
6.832: [Full GC (Ergonomics) [PSYoungGen: 65536K->19931K(76288K)] [ParOldGen: 174774K->174761K(175104K)] 240310K->194693K(251392K), [Metaspace: 4216K->4216K(1056768K)], 0.0328706 secs] [Times: user=0.20 sys=0.01, real=0.04 secs] 
6.865: Total time for which application threads were stopped: 0.0329970 seconds
6.869: [Full GC (Ergonomics) [PSYoungGen: 65536K->19931K(76288K)] [ParOldGen: 174761K->174761K(175104K)] 240297K->194693K(251392K), [Metaspace: 4216K->4216K(1056768K)], 0.0322996 secs] [Times: user=0.22 sys=0.00, real=0.03 secs] 
6.901: Total time for which application threads were stopped: 0.0324508 seconds
6.905: [Full GC (Ergonomics) [PSYoungGen: 65536K->19928K(76288K)] [ParOldGen: 174761K->174764K(175104K)] 240297K->194693K(251392K), [Metaspace: 4216K->4216K(1056768K)], 0.0329706 secs] [Times: user=0.22 sys=0.00, real=0.03 secs] 
6.938: Total time for which application threads were stopped: 0.0331529 seconds
6.941: [Full GC (Ergonomics) [PSYoungGen: 65536K->19932K(76288K)] [ParOldGen: 174764K->174761K(175104K)] 240300K->194693K(251392K), [Metaspace: 4216K->4216K(1056768K)], 0.0329627 secs] [Times: user=0.22 sys=0.00, real=0.04 secs] 
6.975: Total time for which application threads were stopped: 0.0331285 seconds
6.978: [Full GC (Ergonomics) [PSYoungGen: 65536K->19931K(76288K)] [ParOldGen: 174761K->174761K(175104K)] 240297K->194693K(251392K), [Metaspace: 4216K->4216K(1056768K)], 0.0333226 secs] [Times: user=0.22 sys=0.00, real=0.03 secs] 
7.011: Total time for which application threads were stopped: 0.0334168 seconds
7.015: [Full GC (Ergonomics) [PSYoungGen: 65536K->19915K(76288K)] [ParOldGen: 174761K->174777K(175104K)] 240297K->194693K(251392K), [Metaspace: 4216K->4216K(1056768K)], 0.0321005 secs] [Times: user=0.21 sys=0.00, real=0.03 secs] 
7.047: Total time for which application threads were stopped: 0.0322368 seconds
7.051: [Full GC (Ergonomics) [PSYoungGen: 65536K->19929K(76288K)] [ParOldGen: 174777K->174763K(175104K)] 240313K->194693K(251392K), [Metaspace: 4216K->4216K(1056768K)], 0.0323787 secs] [Times: user=0.22 sys=0.01, real=0.03 secs] 
7.083: Total time for which application threads were stopped: 0.0325030 seconds
7.086: [Full GC (Ergonomics) [PSYoungGen: 65536K->19932K(76288K)] [ParOldGen: 174763K->174760K(175104K)] 240299K->194693K(251392K), [Metaspace: 4216K->4216K(1056768K)], 0.0333116 secs] [Times: user=0.22 sys=0.00, real=0.03 secs] 
7.120: Total time for which application threads were stopped: 0.0334312 seconds
7.123: [Full GC (Ergonomics) [PSYoungGen: 65536K->19928K(76288K)] [ParOldGen: 174760K->174765K(175104K)] 240296K->194693K(251392K), [Metaspace: 4216K->4216K(1056768K)], 0.0312038 secs] [Times: user=0.18 sys=0.00, real=0.03 secs] 
7.155: Total time for which application threads were stopped: 0.0313027 seconds
7.158: [Full GC (Ergonomics) [PSYoungGen: 65536K->19922K(76288K)] [ParOldGen: 174765K->174770K(175104K)] 240301K->194693K(251392K), [Metaspace: 4216K->4216K(1056768K)], 0.0325428 secs] [Times: user=0.21 sys=0.00, real=0.03 secs] 
7.191: Total time for which application threads were stopped: 0.0326786 seconds
7.194: [Full GC (Ergonomics) [PSYoungGen: 65536K->19930K(76288K)] [ParOldGen: 174770K->174762K(175104K)] 240306K->194693K(251392K), [Metaspace: 4216K->4216K(1056768K)], 0.0289138 secs] [Times: user=0.19 sys=0.00, real=0.03 secs] 
7.223: Total time for which application threads were stopped: 0.0290534 seconds
7.227: [Full GC (Ergonomics) [PSYoungGen: 65536K->19920K(76288K)] [ParOldGen: 174762K->174772K(175104K)] 240298K->194693K(251392K), [Metaspace: 4216K->4216K(1056768K)], 0.0327254 secs] [Times: user=0.20 sys=0.01, real=0.03 secs] 
7.260: Total time for which application threads were stopped: 0.0328556 seconds
7.264: [Full GC (Ergonomics) [PSYoungGen: 65536K->19926K(76288K)] [ParOldGen: 174772K->174766K(175104K)] 240308K->194693K(251392K), [Metaspace: 4216K->4216K(1056768K)], 0.0326092 secs] [Times: user=0.23 sys=0.00, real=0.03 secs] 
7.296: Total time for which application threads were stopped: 0.0327632 seconds
7.300: [Full GC (Ergonomics) [PSYoungGen: 65536K->19932K(76288K)] [ParOldGen: 174766K->174761K(175104K)] 240302K->194693K(251392K), [Metaspace: 4216K->4216K(1056768K)], 0.0335471 secs] [Times: user=0.21 sys=0.00, real=0.04 secs] 
7.333: Total time for which application threads were stopped: 0.0336889 seconds
7.337: [Full GC (Ergonomics) [PSYoungGen: 65536K->19936K(76288K)] [ParOldGen: 174761K->174756K(175104K)] 240297K->194693K(251392K), [Metaspace: 4216K->4216K(1056768K)], 0.0330078 secs] [Times: user=0.22 sys=0.00, real=0.03 secs] 
7.370: Total time for which application threads were stopped: 0.0331638 seconds
7.374: [Full GC (Ergonomics) [PSYoungGen: 65536K->19921K(76288K)] [ParOldGen: 174756K->174771K(175104K)] 240292K->194693K(251392K), [Metaspace: 4216K->4216K(1056768K)], 0.0333065 secs] [Times: user=0.20 sys=0.00, real=0.03 secs] 
7.407: Total time for which application threads were stopped: 0.0334404 seconds
7.412: [Full GC (Ergonomics) [PSYoungGen: 65536K->19924K(76288K)] [ParOldGen: 174771K->174769K(175104K)] 240307K->194693K(251392K), [Metaspace: 4216K->4216K(1056768K)], 0.0331517 secs] [Times: user=0.19 sys=0.00, real=0.04 secs] 
7.445: Total time for which application threads were stopped: 0.0332818 seconds
7.448: [Full GC (Ergonomics) [PSYoungGen: 65536K->19919K(76288K)] [ParOldGen: 174769K->174773K(175104K)] 240305K->194693K(251392K), [Metaspace: 4216K->4216K(1056768K)], 0.0331578 secs] [Times: user=0.24 sys=0.01, real=0.03 secs] 
7.482: Total time for which application threads were stopped: 0.0332828 seconds
7.485: [Full GC (Ergonomics) [PSYoungGen: 65536K->19936K(76288K)] [ParOldGen: 174773K->174756K(175104K)] 240309K->194693K(251392K), [Metaspace: 4216K->4216K(1056768K)], 0.0334059 secs] [Times: user=0.21 sys=0.00, real=0.03 secs] 
7.518: Total time for which application threads were stopped: 0.0335194 seconds
7.522: [Full GC (Ergonomics) [PSYoungGen: 65536K->19926K(76288K)] [ParOldGen: 174756K->174767K(175104K)] 240292K->194693K(251392K), [Metaspace: 4216K->4216K(1056768K)], 0.0336880 secs] [Times: user=0.23 sys=0.00, real=0.04 secs] 
7.556: Total time for which application threads were stopped: 0.0338249 seconds
7.559: [Full GC (Ergonomics) [PSYoungGen: 65536K->19934K(76288K)] [ParOldGen: 174767K->174758K(175104K)] 240303K->194693K(251392K), [Metaspace: 4216K->4216K(1056768K)], 0.0328080 secs] [Times: user=0.22 sys=0.00, real=0.03 secs] 
7.592: Total time for which application threads were stopped: 0.0329462 seconds
7.595: [Full GC (Ergonomics) [PSYoungGen: 65536K->19911K(76288K)] [ParOldGen: 174758K->174781K(175104K)] 240294K->194693K(251392K), [Metaspace: 4216K->4216K(1056768K)], 0.0318778 secs] [Times: user=0.20 sys=0.00, real=0.03 secs] 
7.627: Total time for which application threads were stopped: 0.0320159 seconds
7.631: [Full GC (Ergonomics) [PSYoungGen: 65536K->19930K(76288K)] [ParOldGen: 174781K->174762K(175104K)] 240317K->194693K(251392K), [Metaspace: 4216K->4216K(1056768K)], 0.0322096 secs] [Times: user=0.21 sys=0.00, real=0.04 secs] 
7.663: Total time for which application threads were stopped: 0.0323670 seconds
7.667: [Full GC (Ergonomics) [PSYoungGen: 65536K->19932K(76288K)] [ParOldGen: 174762K->174761K(175104K)] 240298K->194693K(251392K), [Metaspace: 4216K->4216K(1056768K)], 0.0323456 secs] [Times: user=0.22 sys=0.01, real=0.03 secs] 
7.699: Total time for which application threads were stopped: 0.0324409 seconds
7.702: [Full GC (Ergonomics) [PSYoungGen: 65536K->19927K(76288K)] [ParOldGen: 174761K->174765K(175104K)] 240297K->194693K(251392K), [Metaspace: 4216K->4216K(1056768K)], 0.0331758 secs] [Times: user=0.23 sys=0.00, real=0.04 secs] 
7.736: Total time for which application threads were stopped: 0.0333130 seconds
7.739: [Full GC (Ergonomics) [PSYoungGen: 65536K->19932K(76288K)] [ParOldGen: 174765K->174760K(175104K)] 240301K->194693K(251392K), [Metaspace: 4216K->4216K(1056768K)], 0.0328210 secs] [Times: user=0.22 sys=0.00, real=0.03 secs] 
7.772: Total time for which application threads were stopped: 0.0329355 seconds
7.775: [Full GC (Ergonomics) [PSYoungGen: 65536K->19933K(76288K)] [ParOldGen: 174760K->174759K(175104K)] 240296K->194693K(251392K), [Metaspace: 4216K->4216K(1056768K)], 0.0329100 secs] [Times: user=0.23 sys=0.00, real=0.03 secs] 
7.808: Total time for which application threads were stopped: 0.0330428 seconds
7.812: [Full GC (Ergonomics) [PSYoungGen: 65536K->19931K(76288K)] [ParOldGen: 174759K->174761K(175104K)] 240295K->194693K(251392K), [Metaspace: 4216K->4216K(1056768K)], 0.0329629 secs] [Times: user=0.23 sys=0.00, real=0.04 secs] 
7.845: Total time for which application threads were stopped: 0.0331312 seconds
7.849: [Full GC (Ergonomics) [PSYoungGen: 65536K->19932K(76288K)] [ParOldGen: 174761K->174760K(175104K)] 240297K->194693K(251392K), [Metaspace: 4216K->4216K(1056768K)], 0.0337251 secs] [Times: user=0.20 sys=0.00, real=0.03 secs] 
7.882: Total time for which application threads were stopped: 0.0338614 seconds
7.886: [Full GC (Ergonomics) [PSYoungGen: 65536K->19930K(76288K)] [ParOldGen: 174760K->174763K(175104K)] 240296K->194693K(251392K), [Metaspace: 4216K->4216K(1056768K)], 0.0334094 secs] [Times: user=0.19 sys=0.01, real=0.03 secs] 
7.919: Total time for which application threads were stopped: 0.0335577 seconds
7.923: [Full GC (Ergonomics) [PSYoungGen: 65536K->19927K(76288K)] [ParOldGen: 174763K->174766K(175104K)] 240299K->194693K(251392K), [Metaspace: 4216K->4216K(1056768K)], 0.0353130 secs] [Times: user=0.21 sys=0.00, real=0.04 secs] 
7.958: Total time for which application threads were stopped: 0.0354273 seconds
7.962: [Full GC (Ergonomics) [PSYoungGen: 65536K->19930K(76288K)] [ParOldGen: 174766K->174762K(175104K)] 240302K->194693K(251392K), [Metaspace: 4216K->4216K(1056768K)], 0.0425021 secs] [Times: user=0.12 sys=0.00, real=0.05 secs] 
8.005: Total time for which application threads were stopped: 0.0426105 seconds
8.008: [Full GC (Ergonomics) [PSYoungGen: 65536K->19928K(76288K)] [ParOldGen: 174762K->174764K(175104K)] 240298K->194693K(251392K), [Metaspace: 4216K->4216K(1056768K)], 0.0365341 secs] [Times: user=0.10 sys=0.00, real=0.04 secs] 
8.045: Total time for which application threads were stopped: 0.0366563 seconds
8.049: [Full GC (Ergonomics) [PSYoungGen: 65536K->19942K(76288K)] [ParOldGen: 174764K->174750K(175104K)] 240300K->194693K(251392K), [Metaspace: 4216K->4216K(1056768K)], 0.0342523 secs] [Times: user=0.12 sys=0.01, real=0.03 secs] 
8.083: Total time for which application threads were stopped: 0.0343723 seconds
8.087: [Full GC (Ergonomics) [PSYoungGen: 65536K->19930K(76288K)] [ParOldGen: 174750K->174762K(175104K)] 240286K->194693K(251392K), [Metaspace: 4216K->4216K(1056768K)], 0.0342937 secs] [Times: user=0.14 sys=0.00, real=0.03 secs] 
8.121: Total time for which application threads were stopped: 0.0344340 seconds
8.125: [Full GC (Ergonomics) [PSYoungGen: 65536K->19936K(76288K)] [ParOldGen: 174762K->174756K(175104K)] 240298K->194693K(251392K), [Metaspace: 4216K->4216K(1056768K)], 0.0343917 secs] [Times: user=0.15 sys=0.00, real=0.03 secs] 
8.159: Total time for which application threads were stopped: 0.0344945 seconds
8.163: [Full GC (Ergonomics) [PSYoungGen: 65536K->19925K(76288K)] [ParOldGen: 174756K->174767K(175104K)] 240292K->194693K(251392K), [Metaspace: 4216K->4216K(1056768K)], 0.0356626 secs] [Times: user=0.15 sys=0.00, real=0.03 secs] 
8.199: Total time for which application threads were stopped: 0.0357683 seconds
8.203: [Full GC (Ergonomics) [PSYoungGen: 65536K->19936K(76288K)] [ParOldGen: 174767K->174757K(175104K)] 240303K->194693K(251392K), [Metaspace: 4216K->4216K(1056768K)], 0.0354209 secs] [Times: user=0.11 sys=0.00, real=0.04 secs] 
8.238: Total time for which application threads were stopped: 0.0355665 seconds
8.243: [Full GC (Ergonomics) [PSYoungGen: 65536K->19923K(76288K)] [ParOldGen: 174757K->174769K(175104K)] 240293K->194693K(251392K), [Metaspace: 4216K->4216K(1056768K)], 0.0361712 secs] [Times: user=0.14 sys=0.00, real=0.04 secs] 
8.279: Total time for which application threads were stopped: 0.0362883 seconds
8.283: [Full GC (Ergonomics) [PSYoungGen: 65536K->19922K(76288K)] [ParOldGen: 174769K->174770K(175104K)] 240305K->194693K(251392K), [Metaspace: 4216K->4216K(1056768K)], 0.0360775 secs] [Times: user=0.14 sys=0.01, real=0.04 secs] 
8.319: Total time for which application threads were stopped: 0.0362265 seconds
8.323: [Full GC (Ergonomics) [PSYoungGen: 65536K->19940K(76288K)] [ParOldGen: 174770K->174752K(175104K)] 240306K->194693K(251392K), [Metaspace: 4216K->4216K(1056768K)], 0.0348742 secs] [Times: user=0.19 sys=0.00, real=0.03 secs] 
8.358: Total time for which application threads were stopped: 0.0349992 seconds
8.362: [Full GC (Ergonomics) [PSYoungGen: 65536K->19922K(76288K)] [ParOldGen: 174752K->174771K(175104K)] 240288K->194693K(251392K), [Metaspace: 4216K->4216K(1056768K)], 0.0337035 secs] [Times: user=0.19 sys=0.00, real=0.04 secs] 
8.396: Total time for which application threads were stopped: 0.0338517 seconds
8.399: [Full GC (Ergonomics) [PSYoungGen: 65536K->19929K(76288K)] [ParOldGen: 174771K->174764K(175104K)] 240307K->194693K(251392K), [Metaspace: 4216K->4216K(1056768K)], 0.0328912 secs] [Times: user=0.21 sys=0.00, real=0.03 secs] 
8.432: Total time for which application threads were stopped: 0.0330327 seconds
8.436: [Full GC (Ergonomics) [PSYoungGen: 65536K->19926K(76288K)] [ParOldGen: 174764K->174766K(175104K)] 240300K->194693K(251392K), [Metaspace: 4216K->4216K(1056768K)], 0.0305264 secs] [Times: user=0.20 sys=0.00, real=0.03 secs] 
8.466: Total time for which application threads were stopped: 0.0306989 seconds
8.470: [Full GC (Ergonomics) [PSYoungGen: 65536K->19925K(76288K)] [ParOldGen: 174766K->174768K(175104K)] 240302K->194693K(251392K), [Metaspace: 4216K->4216K(1056768K)], 0.0320004 secs] [Times: user=0.19 sys=0.00, real=0.03 secs] 
8.502: Total time for which application threads were stopped: 0.0321256 seconds
8.505: [Full GC (Ergonomics) [PSYoungGen: 65536K->19929K(76288K)] [ParOldGen: 174768K->174763K(175104K)] 240304K->194693K(251392K), [Metaspace: 4216K->4216K(1056768K)], 0.0330388 secs] [Times: user=0.22 sys=0.01, real=0.03 secs] 
8.539: Total time for which application threads were stopped: 0.0331594 seconds
8.542: [Full GC (Ergonomics) [PSYoungGen: 65536K->19929K(76288K)] [ParOldGen: 174763K->174763K(175104K)] 240299K->194693K(251392K), [Metaspace: 4216K->4216K(1056768K)], 0.0311436 secs] [Times: user=0.20 sys=0.00, real=0.04 secs] 
8.573: Total time for which application threads were stopped: 0.0312583 seconds
8.576: [Full GC (Ergonomics) [PSYoungGen: 65536K->19937K(76288K)] [ParOldGen: 174763K->174755K(175104K)] 240299K->194693K(251392K), [Metaspace: 4216K->4216K(1056768K)], 0.0309849 secs] [Times: user=0.19 sys=0.00, real=0.03 secs] 
8.608: Total time for which application threads were stopped: 0.0311078 seconds
8.611: [Full GC (Ergonomics) [PSYoungGen: 65536K->19937K(76288K)] [ParOldGen: 174755K->174756K(175104K)] 240291K->194693K(251392K), [Metaspace: 4216K->4216K(1056768K)], 0.0328353 secs] [Times: user=0.21 sys=0.00, real=0.04 secs] 
8.644: Total time for which application threads were stopped: 0.0329574 seconds
8.647: [Full GC (Ergonomics) [PSYoungGen: 65536K->19925K(76288K)] [ParOldGen: 174756K->174768K(175104K)] 240292K->194693K(251392K), [Metaspace: 4216K->4216K(1056768K)], 0.0312920 secs] [Times: user=0.20 sys=0.00, real=0.03 secs] 
8.679: Total time for which application threads were stopped: 0.0314228 seconds
8.682: [Full GC (Ergonomics) [PSYoungGen: 65536K->19931K(76288K)] [ParOldGen: 174768K->174762K(175104K)] 240304K->194693K(251392K), [Metaspace: 4216K->4216K(1056768K)], 0.0327916 secs] [Times: user=0.22 sys=0.00, real=0.04 secs] 
8.715: Total time for which application threads were stopped: 0.0329051 seconds
8.718: [Full GC (Ergonomics) [PSYoungGen: 65536K->19927K(76288K)] [ParOldGen: 174762K->174766K(175104K)] 240298K->194693K(251392K), [Metaspace: 4216K->4216K(1056768K)], 0.0327779 secs] [Times: user=0.22 sys=0.01, real=0.03 secs] 
8.751: Total time for which application threads were stopped: 0.0328808 seconds
8.755: [Full GC (Ergonomics) [PSYoungGen: 65536K->19925K(76288K)] [ParOldGen: 174766K->174767K(175104K)] 240302K->194693K(251392K), [Metaspace: 4216K->4216K(1056768K)], 0.0314592 secs] [Times: user=0.21 sys=0.00, real=0.03 secs] 
8.786: Total time for which application threads were stopped: 0.0316323 seconds
8.790: [Full GC (Ergonomics) [PSYoungGen: 65536K->19934K(76288K)] [ParOldGen: 174767K->174758K(175104K)] 240303K->194693K(251392K), [Metaspace: 4216K->4216K(1056768K)], 0.0329251 secs] [Times: user=0.22 sys=0.00, real=0.03 secs] 
8.823: Total time for which application threads were stopped: 0.0330596 seconds
8.826: [Full GC (Ergonomics) [PSYoungGen: 65536K->19928K(76288K)] [ParOldGen: 174758K->174764K(175104K)] 240294K->194693K(251392K), [Metaspace: 4216K->4216K(1056768K)], 0.0310273 secs] [Times: user=0.20 sys=0.00, real=0.03 secs] 
8.857: Total time for which application threads were stopped: 0.0311742 seconds
8.861: [Full GC (Ergonomics) [PSYoungGen: 65536K->19924K(76288K)] [ParOldGen: 174764K->174768K(175104K)] 240300K->194693K(251392K), [Metaspace: 4216K->4216K(1056768K)], 0.0359049 secs] [Times: user=0.22 sys=0.00, real=0.04 secs] 
8.896: Total time for which application threads were stopped: 0.0360347 seconds
8.900: [Full GC (Ergonomics) [PSYoungGen: 65536K->19920K(76288K)] [ParOldGen: 174768K->174772K(175104K)] 240304K->194693K(251392K), [Metaspace: 4216K->4216K(1056768K)], 0.0328939 secs] [Times: user=0.23 sys=0.00, real=0.03 secs] 
8.933: Total time for which application threads were stopped: 0.0330088 seconds
8.936: [Full GC (Ergonomics) [PSYoungGen: 65536K->19923K(76288K)] [ParOldGen: 174772K->174770K(175104K)] 240308K->194693K(251392K), [Metaspace: 4216K->4216K(1056768K)], 0.0323126 secs] [Times: user=0.22 sys=0.00, real=0.03 secs] 
8.969: Total time for which application threads were stopped: 0.0324516 seconds
8.972: [Full GC (Ergonomics) [PSYoungGen: 65536K->19930K(76288K)] [ParOldGen: 174770K->174762K(175104K)] 240306K->194693K(251392K), [Metaspace: 4216K->4216K(1056768K)], 0.0325256 secs] [Times: user=0.21 sys=0.00, real=0.04 secs] 
9.005: Total time for which application threads were stopped: 0.0326476 seconds
9.008: [Full GC (Ergonomics) [PSYoungGen: 65536K->19932K(76288K)] [ParOldGen: 174762K->174760K(175104K)] 240298K->194693K(251392K), [Metaspace: 4216K->4216K(1056768K)], 0.0330770 secs] [Times: user=0.21 sys=0.00, real=0.03 secs] 
9.041: Total time for which application threads were stopped: 0.0331890 seconds
9.045: [Full GC (Ergonomics) [PSYoungGen: 65536K->19928K(76288K)] [ParOldGen: 174760K->174764K(175104K)] 240296K->194693K(251392K), [Metaspace: 4216K->4216K(1056768K)], 0.0338953 secs] [Times: user=0.21 sys=0.00, real=0.03 secs] 
9.079: Total time for which application threads were stopped: 0.0340216 seconds
9.083: [Full GC (Ergonomics) [PSYoungGen: 65536K->19926K(76288K)] [ParOldGen: 174764K->174767K(175104K)] 240300K->194693K(251392K), [Metaspace: 4216K->4216K(1056768K)], 0.0358889 secs] [Times: user=0.17 sys=0.01, real=0.04 secs] 
9.119: Total time for which application threads were stopped: 0.0360077 seconds
9.123: [Full GC (Ergonomics) [PSYoungGen: 65536K->19933K(76288K)] [ParOldGen: 174767K->174759K(175104K)] 240303K->194693K(251392K), [Metaspace: 4216K->4216K(1056768K)], 0.0354201 secs] [Times: user=0.13 sys=0.00, real=0.04 secs] 
9.159: Total time for which application threads were stopped: 0.0355513 seconds
9.162: [Full GC (Ergonomics) [PSYoungGen: 65536K->19931K(76288K)] [ParOldGen: 174759K->174762K(175104K)] 240295K->194693K(251392K), [Metaspace: 4216K->4216K(1056768K)], 0.0345652 secs] [Times: user=0.16 sys=0.00, real=0.04 secs] 
9.197: Total time for which application threads were stopped: 0.0346874 seconds
9.201: [Full GC (Ergonomics) [PSYoungGen: 65536K->19927K(76288K)] [ParOldGen: 174762K->174765K(175104K)] 240298K->194693K(251392K), [Metaspace: 4216K->4216K(1056768K)], 0.0346079 secs] [Times: user=0.17 sys=0.00, real=0.04 secs] 
9.235: Total time for which application threads were stopped: 0.0347257 seconds
9.239: [Full GC (Ergonomics) [PSYoungGen: 65536K->19923K(76288K)] [ParOldGen: 174765K->174769K(175104K)] 240301K->194693K(251392K), [Metaspace: 4216K->4216K(1056768K)], 0.0349273 secs] [Times: user=0.17 sys=0.01, real=0.04 secs] 
9.274: Total time for which application threads were stopped: 0.0350422 seconds
9.278: [Full GC (Ergonomics) [PSYoungGen: 65536K->19932K(76288K)] [ParOldGen: 174769K->174761K(175104K)] 240305K->194693K(251392K), [Metaspace: 4216K->4216K(1056768K)], 0.0336696 secs] [Times: user=0.14 sys=0.00, real=0.03 secs] 
9.312: Total time for which application threads were stopped: 0.0338011 seconds
9.315: [Full GC (Ergonomics) [PSYoungGen: 65536K->19932K(76288K)] [ParOldGen: 174761K->174761K(175104K)] 240297K->194693K(251392K), [Metaspace: 4216K->4216K(1056768K)], 0.0367739 secs] [Times: user=0.13 sys=0.00, real=0.03 secs] 
9.352: Total time for which application threads were stopped: 0.0368913 seconds
9.356: [Full GC (Ergonomics) [PSYoungGen: 65536K->19920K(76288K)] [ParOldGen: 174761K->174772K(175104K)] 240297K->194693K(251392K), [Metaspace: 4216K->4216K(1056768K)], 0.0353163 secs] [Times: user=0.13 sys=0.00, real=0.03 secs] 
9.391: Total time for which application threads were stopped: 0.0354597 seconds
9.395: [Full GC (Ergonomics) [PSYoungGen: 65536K->19924K(76288K)] [ParOldGen: 174772K->174769K(175104K)] 240308K->194693K(251392K), [Metaspace: 4216K->4216K(1056768K)], 0.0337517 secs] [Times: user=0.16 sys=0.00, real=0.03 secs] 
9.429: Total time for which application threads were stopped: 0.0338709 seconds
9.433: [Full GC (Ergonomics) [PSYoungGen: 65536K->19929K(76288K)] [ParOldGen: 174769K->174763K(175104K)] 240305K->194693K(251392K), [Metaspace: 4216K->4216K(1056768K)], 0.0349453 secs] [Times: user=0.14 sys=0.01, real=0.04 secs] 
9.468: Total time for which application threads were stopped: 0.0350575 seconds
9.471: [Full GC (Ergonomics) [PSYoungGen: 65536K->19934K(76288K)] [ParOldGen: 174763K->174758K(175104K)] 240299K->194693K(251392K), [Metaspace: 4216K->4216K(1056768K)], 0.0366496 secs] [Times: user=0.12 sys=0.00, real=0.04 secs] 
9.508: Total time for which application threads were stopped: 0.0367672 seconds
9.512: [Full GC (Ergonomics) [PSYoungGen: 65536K->19934K(76288K)] [ParOldGen: 174758K->174758K(175104K)] 240294K->194693K(251392K), [Metaspace: 4216K->4216K(1056768K)], 0.0380412 secs] [Times: user=0.11 sys=0.00, real=0.04 secs] 
9.550: Total time for which application threads were stopped: 0.0381604 seconds
9.554: [Full GC (Ergonomics) [PSYoungGen: 65536K->19939K(76288K)] [ParOldGen: 174758K->174753K(175104K)] 240294K->194693K(251392K), [Metaspace: 4216K->4216K(1056768K)], 0.0363204 secs] [Times: user=0.13 sys=0.00, real=0.03 secs] 
9.590: Total time for which application threads were stopped: 0.0364549 seconds
9.594: [Full GC (Ergonomics) [PSYoungGen: 65536K->19933K(76288K)] [ParOldGen: 174753K->174759K(175104K)] 240289K->194693K(251392K), [Metaspace: 4216K->4216K(1056768K)], 0.0356358 secs] [Times: user=0.13 sys=0.00, real=0.03 secs] 
9.630: Total time for which application threads were stopped: 0.0357666 seconds
9.634: [Full GC (Ergonomics) [PSYoungGen: 65536K->19923K(76288K)] [ParOldGen: 174759K->174769K(175104K)] 240295K->194693K(251392K), [Metaspace: 4216K->4216K(1056768K)], 0.0345966 secs] [Times: user=0.10 sys=0.00, real=0.03 secs] 
9.668: Total time for which application threads were stopped: 0.0347308 seconds
9.673: [Full GC (Ergonomics) [PSYoungGen: 65536K->19934K(76288K)] [ParOldGen: 174769K->174758K(175104K)] 240305K->194693K(251392K), [Metaspace: 4216K->4216K(1056768K)], 0.0370859 secs] [Times: user=0.12 sys=0.01, real=0.04 secs] 
9.710: Total time for which application threads were stopped: 0.0372130 seconds
9.714: [Full GC (Ergonomics) [PSYoungGen: 65536K->19939K(76288K)] [ParOldGen: 174758K->174754K(175104K)] 240294K->194693K(251392K), [Metaspace: 4216K->4216K(1056768K)], 0.0355699 secs] [Times: user=0.14 sys=0.00, real=0.03 secs] 
9.750: Total time for which application threads were stopped: 0.0357045 seconds
9.753: [Full GC (Ergonomics) [PSYoungGen: 65536K->19922K(76288K)] [ParOldGen: 174754K->174770K(175104K)] 240290K->194693K(251392K), [Metaspace: 4216K->4216K(1056768K)], 0.0351226 secs] [Times: user=0.16 sys=0.00, real=0.03 secs] 
9.789: Total time for which application threads were stopped: 0.0352476 seconds
9.792: [Full GC (Ergonomics) [PSYoungGen: 65536K->19922K(76288K)] [ParOldGen: 174770K->174770K(175104K)] 240306K->194693K(251392K), [Metaspace: 4216K->4216K(1056768K)], 0.0350634 secs] [Times: user=0.17 sys=0.00, real=0.04 secs] 
9.827: Total time for which application threads were stopped: 0.0352054 seconds
9.831: [Full GC (Ergonomics) [PSYoungGen: 65536K->19935K(76288K)] [ParOldGen: 174770K->174757K(175104K)] 240306K->194693K(251392K), [Metaspace: 4216K->4216K(1056768K)], 0.0326977 secs] [Times: user=0.19 sys=0.00, real=0.04 secs] 
9.864: Total time for which application threads were stopped: 0.0328310 seconds
9.867: [Full GC (Ergonomics) [PSYoungGen: 65536K->19935K(76288K)] [ParOldGen: 174757K->174758K(175104K)] 240293K->194693K(251392K), [Metaspace: 4216K->4216K(1056768K)], 0.0335255 secs] [Times: user=0.19 sys=0.01, real=0.03 secs] 
9.901: Total time for which application threads were stopped: 0.0336564 seconds
9.904: [Full GC (Ergonomics) [PSYoungGen: 65536K->19925K(76288K)] [ParOldGen: 174758K->174767K(175104K)] 240294K->194693K(251392K), [Metaspace: 4216K->4216K(1056768K)], 0.0329579 secs] [Times: user=0.22 sys=0.00, real=0.03 secs] 
9.937: Total time for which application threads were stopped: 0.0330806 seconds
9.941: [Full GC (Ergonomics) [PSYoungGen: 65536K->19924K(76288K)] [ParOldGen: 174767K->174768K(175104K)] 240303K->194693K(251392K), [Metaspace: 4216K->4216K(1056768K)], 0.0321904 secs] [Times: user=0.19 sys=0.00, real=0.03 secs] 
9.973: Total time for which application threads were stopped: 0.0323145 seconds
9.976: [Full GC (Ergonomics) [PSYoungGen: 65536K->19922K(76288K)] [ParOldGen: 174768K->174770K(175104K)] 240304K->194693K(251392K), [Metaspace: 4216K->4216K(1056768K)], 0.0323654 secs] [Times: user=0.22 sys=0.00, real=0.03 secs] 
10.009: Total time for which application threads were stopped: 0.0324823 seconds
10.012: [Full GC (Ergonomics) [PSYoungGen: 65536K->19937K(76288K)] [ParOldGen: 174770K->174755K(175104K)] 240306K->194693K(251392K), [Metaspace: 4216K->4216K(1056768K)], 0.0309096 secs] [Times: user=0.20 sys=0.00, real=0.04 secs] 
10.043: Total time for which application threads were stopped: 0.0310466 seconds
10.047: [Full GC (Ergonomics) [PSYoungGen: 65536K->19927K(76288K)] [ParOldGen: 174755K->174765K(175104K)] 240291K->194693K(251392K), [Metaspace: 4216K->4216K(1056768K)], 0.0323908 secs] [Times: user=0.20 sys=0.00, real=0.03 secs] 
10.079: Total time for which application threads were stopped: 0.0325325 seconds
10.083: [Full GC (Ergonomics) [PSYoungGen: 65536K->19931K(76288K)] [ParOldGen: 174765K->174761K(175104K)] 240301K->194693K(251392K), [Metaspace: 4216K->4216K(1056768K)], 0.0326211 secs] [Times: user=0.22 sys=0.00, real=0.04 secs] 
10.115: Total time for which application threads were stopped: 0.0327678 seconds
10.119: [Full GC (Ergonomics) [PSYoungGen: 65536K->19931K(76288K)] [ParOldGen: 174761K->174761K(175104K)] 240297K->194693K(251392K), [Metaspace: 4216K->4216K(1056768K)], 0.0309321 secs] [Times: user=0.20 sys=0.01, real=0.03 secs] 
10.150: Total time for which application threads were stopped: 0.0310492 seconds
10.153: [Full GC (Ergonomics) [PSYoungGen: 65536K->19930K(76288K)] [ParOldGen: 174761K->174762K(175104K)] 240297K->194693K(251392K), [Metaspace: 4216K->4216K(1056768K)], 0.0325040 secs] [Times: user=0.22 sys=0.00, real=0.04 secs] 
10.186: Total time for which application threads were stopped: 0.0326762 seconds
10.189: [Full GC (Ergonomics) [PSYoungGen: 65536K->19926K(76288K)] [ParOldGen: 174762K->174766K(175104K)] 240298K->194693K(251392K), [Metaspace: 4216K->4216K(1056768K)], 0.0323443 secs] [Times: user=0.22 sys=0.00, real=0.03 secs] 
10.221: Total time for which application threads were stopped: 0.0324806 seconds
10.225: [Full GC (Ergonomics) [PSYoungGen: 65536K->19928K(76288K)] [ParOldGen: 174766K->174764K(175104K)] 240302K->194693K(251392K), [Metaspace: 4216K->4216K(1056768K)], 0.0324448 secs] [Times: user=0.22 sys=0.00, real=0.03 secs] 
10.257: Total time for which application threads were stopped: 0.0326034 seconds
10.261: [Full GC (Ergonomics) [PSYoungGen: 65536K->19928K(76288K)] [ParOldGen: 174764K->174764K(175104K)] 240300K->194693K(251392K), [Metaspace: 4216K->4216K(1056768K)], 0.0322337 secs] [Times: user=0.21 sys=0.00, real=0.04 secs] 
10.293: Total time for which application threads were stopped: 0.0323978 seconds
10.297: [Full GC (Ergonomics) [PSYoungGen: 65536K->19912K(76288K)] [ParOldGen: 174764K->174780K(175104K)] 240300K->194693K(251392K), [Metaspace: 4216K->4216K(1056768K)], 0.0321164 secs] [Times: user=0.22 sys=0.00, real=0.03 secs] 
10.329: Total time for which application threads were stopped: 0.0322124 seconds
10.332: [Full GC (Ergonomics) [PSYoungGen: 65536K->19933K(76288K)] [ParOldGen: 174780K->174759K(175104K)] 240316K->194693K(251392K), [Metaspace: 4216K->4216K(1056768K)], 0.0305290 secs] [Times: user=0.19 sys=0.00, real=0.03 secs] 
10.363: Total time for which application threads were stopped: 0.0306876 seconds
10.366: [Full GC (Ergonomics) [PSYoungGen: 65536K->19929K(76288K)] [ParOldGen: 174759K->174764K(175104K)] 240295K->194693K(251392K), [Metaspace: 4216K->4216K(1056768K)], 0.0324377 secs] [Times: user=0.21 sys=0.01, real=0.03 secs] 
10.399: Total time for which application threads were stopped: 0.0326177 seconds
10.402: [Full GC (Ergonomics) [PSYoungGen: 65536K->19934K(76288K)] [ParOldGen: 174764K->174758K(175104K)] 240300K->194693K(251392K), [Metaspace: 4216K->4216K(1056768K)], 0.0315780 secs] [Times: user=0.21 sys=0.00, real=0.04 secs] 
10.434: Total time for which application threads were stopped: 0.0317007 seconds
10.437: [Full GC (Ergonomics) [PSYoungGen: 65536K->19927K(76288K)] [ParOldGen: 174758K->174766K(175104K)] 240294K->194693K(251392K), [Metaspace: 4216K->4216K(1056768K)], 0.0330202 secs] [Times: user=0.22 sys=0.00, real=0.03 secs] 
10.470: Total time for which application threads were stopped: 0.0331444 seconds
10.474: [Full GC (Ergonomics) [PSYoungGen: 65536K->19930K(76288K)] [ParOldGen: 174766K->174763K(175104K)] 240302K->194693K(251392K), [Metaspace: 4216K->4216K(1056768K)], 0.0350116 secs] [Times: user=0.20 sys=0.00, real=0.03 secs] 
10.509: Total time for which application threads were stopped: 0.0351154 seconds
10.512: [Full GC (Ergonomics) [PSYoungGen: 65536K->19930K(76288K)] [ParOldGen: 174763K->174763K(175104K)] 240299K->194693K(251392K), [Metaspace: 4216K->4216K(1056768K)], 0.0329312 secs] [Times: user=0.20 sys=0.00, real=0.04 secs] 
10.545: Total time for which application threads were stopped: 0.0330627 seconds
10.549: [Full GC (Ergonomics) [PSYoungGen: 65536K->19935K(76288K)] [ParOldGen: 174763K->174758K(175104K)] 240299K->194693K(251392K), [Metaspace: 4216K->4216K(1056768K)], 0.0328912 secs] [Times: user=0.22 sys=0.01, real=0.03 secs] 
10.582: Total time for which application threads were stopped: 0.0330050 seconds
10.585: [Full GC (Ergonomics) [PSYoungGen: 65536K->19927K(76288K)] [ParOldGen: 174758K->174766K(175104K)] 240294K->194693K(251392K), [Metaspace: 4216K->4216K(1056768K)], 0.0336275 secs] [Times: user=0.22 sys=0.00, real=0.03 secs] 
10.619: Total time for which application threads were stopped: 0.0337667 seconds
10.623: [Full GC (Ergonomics) [PSYoungGen: 65536K->19923K(76288K)] [ParOldGen: 174766K->174769K(175104K)] 240302K->194693K(251392K), [Metaspace: 4216K->4216K(1056768K)], 0.0330264 secs] [Times: user=0.21 sys=0.00, real=0.04 secs] 
10.656: Total time for which application threads were stopped: 0.0331545 seconds
10.659: [Full GC (Ergonomics) [PSYoungGen: 65536K->19932K(76288K)] [ParOldGen: 174769K->174760K(175104K)] 240305K->194693K(251392K), [Metaspace: 4216K->4216K(1056768K)], 0.0311392 secs] [Times: user=0.20 sys=0.00, real=0.03 secs] 
10.690: Total time for which application threads were stopped: 0.0312967 seconds
10.694: [Full GC (Ergonomics) [PSYoungGen: 65536K->19925K(76288K)] [ParOldGen: 174760K->174768K(175104K)] 240296K->194693K(251392K), [Metaspace: 4216K->4216K(1056768K)], 0.0307869 secs] [Times: user=0.21 sys=0.00, real=0.03 secs] 
10.725: Total time for which application threads were stopped: 0.0309046 seconds
10.728: [Full GC (Ergonomics) [PSYoungGen: 65536K->19929K(76288K)] [ParOldGen: 174768K->174764K(175104K)] 240304K->194693K(251392K), [Metaspace: 4216K->4216K(1056768K)], 0.0327495 secs] [Times: user=0.22 sys=0.00, real=0.03 secs] 
10.761: Total time for which application threads were stopped: 0.0328669 seconds
10.764: [Full GC (Ergonomics) [PSYoungGen: 65536K->19925K(76288K)] [ParOldGen: 174764K->174767K(175104K)] 240300K->194693K(251392K), [Metaspace: 4216K->4216K(1056768K)], 0.0307458 secs] [Times: user=0.20 sys=0.01, real=0.03 secs] 
10.795: Total time for which application threads were stopped: 0.0308814 seconds
10.799: [Full GC (Ergonomics) [PSYoungGen: 65536K->19930K(76288K)] [ParOldGen: 174767K->174763K(175104K)] 240303K->194693K(251392K), [Metaspace: 4216K->4216K(1056768K)], 0.0319294 secs] [Times: user=0.22 sys=0.00, real=0.03 secs] 
10.831: Total time for which application threads were stopped: 0.0320623 seconds
10.834: [Full GC (Ergonomics) [PSYoungGen: 65536K->19936K(76288K)] [ParOldGen: 174763K->174756K(175104K)] 240299K->194693K(251392K), [Metaspace: 4216K->4216K(1056768K)], 0.0324107 secs] [Times: user=0.20 sys=0.00, real=0.03 secs] 
10.866: Total time for which application threads were stopped: 0.0325249 seconds
10.870: [Full GC (Ergonomics) [PSYoungGen: 65536K->19929K(76288K)] [ParOldGen: 174756K->174763K(175104K)] 240292K->194693K(251392K), [Metaspace: 4216K->4216K(1056768K)], 0.0323924 secs] [Times: user=0.22 sys=0.00, real=0.03 secs] 
10.902: Total time for which application threads were stopped: 0.0325222 seconds
10.906: [Full GC (Ergonomics) [PSYoungGen: 65536K->19923K(76288K)] [ParOldGen: 174763K->174769K(175104K)] 240299K->194693K(251392K), [Metaspace: 4216K->4216K(1056768K)], 0.0332129 secs] [Times: user=0.23 sys=0.00, real=0.03 secs] 
10.939: Total time for which application threads were stopped: 0.0333399 seconds
10.942: [Full GC (Ergonomics) [PSYoungGen: 65536K->19928K(76288K)] [ParOldGen: 174769K->174764K(175104K)] 240305K->194693K(251392K), [Metaspace: 4216K->4216K(1056768K)], 0.0308205 secs] [Times: user=0.19 sys=0.00, real=0.04 secs] 
10.973: Total time for which application threads were stopped: 0.0309553 seconds
10.977: [Full GC (Ergonomics) [PSYoungGen: 65536K->19929K(76288K)] [ParOldGen: 174764K->174763K(175104K)] 240300K->194693K(251392K), [Metaspace: 4216K->4216K(1056768K)], 0.0313525 secs] [Times: user=0.19 sys=0.01, real=0.03 secs] 
11.008: Total time for which application threads were stopped: 0.0314905 seconds
11.012: [Full GC (Ergonomics) [PSYoungGen: 65536K->19934K(76288K)] [ParOldGen: 174763K->174758K(175104K)] 240299K->194693K(251392K), [Metaspace: 4216K->4216K(1056768K)], 0.0323812 secs] [Times: user=0.20 sys=0.00, real=0.04 secs] 
11.044: Total time for which application threads were stopped: 0.0325165 seconds
11.048: [Full GC (Ergonomics) [PSYoungGen: 65536K->19929K(76288K)] [ParOldGen: 174758K->174763K(175104K)] 240294K->194693K(251392K), [Metaspace: 4216K->4216K(1056768K)], 0.0327677 secs] [Times: user=0.21 sys=0.00, real=0.03 secs] 
11.080: Total time for which application threads were stopped: 0.0328861 seconds
11.084: [Full GC (Ergonomics) [PSYoungGen: 65536K->19934K(76288K)] [ParOldGen: 174763K->174759K(175104K)] 240299K->194693K(251392K), [Metaspace: 4216K->4216K(1056768K)], 0.0337132 secs] [Times: user=0.20 sys=0.00, real=0.03 secs] 
11.118: Total time for which application threads were stopped: 0.0338624 seconds
11.122: [Full GC (Ergonomics) [PSYoungGen: 65536K->19934K(76288K)] [ParOldGen: 174759K->174758K(175104K)] 240295K->194693K(251392K), [Metaspace: 4216K->4216K(1056768K)], 0.0322036 secs] [Times: user=0.22 sys=0.00, real=0.04 secs] 
11.154: Total time for which application threads were stopped: 0.0323375 seconds
11.157: [Full GC (Ergonomics) [PSYoungGen: 65536K->19934K(76288K)] [ParOldGen: 174758K->174758K(175104K)] 240294K->194693K(251392K), [Metaspace: 4216K->4216K(1056768K)], 0.0324582 secs] [Times: user=0.23 sys=0.00, real=0.03 secs] 
11.190: Total time for which application threads were stopped: 0.0325922 seconds
11.193: [Full GC (Ergonomics) [PSYoungGen: 65536K->19928K(76288K)] [ParOldGen: 174758K->174765K(175104K)] 240294K->194693K(251392K), [Metaspace: 4216K->4216K(1056768K)], 0.0314667 secs] [Times: user=0.20 sys=0.00, real=0.03 secs] 
11.225: Total time for which application threads were stopped: 0.0316420 seconds
11.228: [Full GC (Ergonomics) [PSYoungGen: 65536K->19926K(76288K)] [ParOldGen: 174765K->174766K(175104K)] 240301K->194693K(251392K), [Metaspace: 4216K->4216K(1056768K)], 0.0312082 secs] [Times: user=0.21 sys=0.00, real=0.03 secs] 
11.259: Total time for which application threads were stopped: 0.0314541 seconds
11.263: [Full GC (Ergonomics) [PSYoungGen: 65536K->19932K(76288K)] [ParOldGen: 174766K->174761K(175104K)] 240302K->194693K(251392K), [Metaspace: 4216K->4216K(1056768K)], 0.0321883 secs] [Times: user=0.23 sys=0.01, real=0.04 secs] 
11.295: Total time for which application threads were stopped: 0.0323266 seconds
11.299: [Full GC (Ergonomics) [PSYoungGen: 65536K->19922K(76288K)] [ParOldGen: 174761K->174771K(175104K)] 240297K->194693K(251392K), [Metaspace: 4216K->4216K(1056768K)], 0.0328229 secs] [Times: user=0.23 sys=0.00, real=0.03 secs] 
11.332: Total time for which application threads were stopped: 0.0329822 seconds
11.335: [Full GC (Ergonomics) [PSYoungGen: 65536K->19926K(76288K)] [ParOldGen: 174771K->174766K(175104K)] 240307K->194693K(251392K), [Metaspace: 4216K->4216K(1056768K)], 0.0319753 secs] [Times: user=0.20 sys=0.00, real=0.03 secs] 
11.367: Total time for which application threads were stopped: 0.0320748 seconds
11.370: [Full GC (Ergonomics) [PSYoungGen: 65536K->19923K(76288K)] [ParOldGen: 174766K->174769K(175104K)] 240302K->194693K(251392K), [Metaspace: 4216K->4216K(1056768K)], 0.0328612 secs] [Times: user=0.21 sys=0.00, real=0.04 secs] 
11.403: Total time for which application threads were stopped: 0.0329830 seconds
11.407: [Full GC (Ergonomics) [PSYoungGen: 65536K->19927K(76288K)] [ParOldGen: 174769K->174765K(175104K)] 240305K->194693K(251392K), [Metaspace: 4216K->4216K(1056768K)], 0.0325605 secs] [Times: user=0.23 sys=0.00, real=0.03 secs] 
11.439: Total time for which application threads were stopped: 0.0326778 seconds
11.443: [Full GC (Ergonomics) [PSYoungGen: 65536K->19932K(76288K)] [ParOldGen: 174765K->174761K(175104K)] 240301K->194693K(251392K), [Metaspace: 4216K->4216K(1056768K)], 0.0332245 secs] [Times: user=0.22 sys=0.00, real=0.04 secs] 
11.476: Total time for which application threads were stopped: 0.0333422 seconds
11.479: [Full GC (Ergonomics) [PSYoungGen: 65536K->19925K(76288K)] [ParOldGen: 174761K->174767K(175104K)] 240297K->194693K(251392K), [Metaspace: 4216K->4216K(1056768K)], 0.0326305 secs] [Times: user=0.20 sys=0.00, real=0.03 secs] 
11.512: Total time for which application threads were stopped: 0.0327505 seconds
11.516: [Full GC (Ergonomics) [PSYoungGen: 65536K->19929K(76288K)] [ParOldGen: 174767K->174764K(175104K)] 240303K->194693K(251392K), [Metaspace: 4216K->4216K(1056768K)], 0.0327584 secs] [Times: user=0.21 sys=0.00, real=0.03 secs] 
11.548: Total time for which application threads were stopped: 0.0328832 seconds
11.552: [Full GC (Ergonomics) [PSYoungGen: 65536K->19930K(76288K)] [ParOldGen: 174764K->174763K(175104K)] 240300K->194693K(251392K), [Metaspace: 4216K->4216K(1056768K)], 0.0319580 secs] [Times: user=0.21 sys=0.01, real=0.04 secs] 
11.584: Total time for which application threads were stopped: 0.0321017 seconds
11.587: [Full GC (Ergonomics) [PSYoungGen: 65536K->19929K(76288K)] [ParOldGen: 174763K->174763K(175104K)] 240299K->194693K(251392K), [Metaspace: 4216K->4216K(1056768K)], 0.0328338 secs] [Times: user=0.22 sys=0.00, real=0.03 secs] 
11.620: Total time for which application threads were stopped: 0.0329783 seconds
11.625: [Full GC (Ergonomics) [PSYoungGen: 65536K->19928K(76288K)] [ParOldGen: 174763K->174764K(175104K)] 240299K->194693K(251392K), [Metaspace: 4216K->4216K(1056768K)], 0.0337184 secs] [Times: user=0.18 sys=0.00, real=0.03 secs] 
11.659: Total time for which application threads were stopped: 0.0338602 seconds
11.662: [Full GC (Ergonomics) [PSYoungGen: 65536K->19911K(76288K)] [ParOldGen: 174764K->174781K(175104K)] 240300K->194693K(251392K), [Metaspace: 4216K->4216K(1056768K)], 0.0338469 secs] [Times: user=0.22 sys=0.00, real=0.04 secs] 
11.696: Total time for which application threads were stopped: 0.0339961 seconds
11.700: [Full GC (Ergonomics) [PSYoungGen: 65536K->19933K(76288K)] [ParOldGen: 174781K->174759K(175104K)] 240317K->194693K(251392K), [Metaspace: 4216K->4216K(1056768K)], 0.0319252 secs] [Times: user=0.17 sys=0.00, real=0.03 secs] 
11.732: Total time for which application threads were stopped: 0.0320726 seconds
11.735: [Full GC (Ergonomics) [PSYoungGen: 65536K->19936K(76288K)] [ParOldGen: 174759K->174757K(175104K)] 240295K->194693K(251392K), [Metaspace: 4216K->4216K(1056768K)], 0.0336762 secs] [Times: user=0.20 sys=0.00, real=0.03 secs] 
11.769: Total time for which application threads were stopped: 0.0337897 seconds
11.773: [Full GC (Ergonomics) [PSYoungGen: 65536K->19935K(76288K)] [ParOldGen: 174757K->174758K(175104K)] 240293K->194693K(251392K), [Metaspace: 4216K->4216K(1056768K)], 0.0351478 secs] [Times: user=0.17 sys=0.01, real=0.04 secs] 
11.808: Total time for which application threads were stopped: 0.0352555 seconds
11.812: [Full GC (Ergonomics) [PSYoungGen: 65536K->19928K(76288K)] [ParOldGen: 174758K->174764K(175104K)] 240294K->194693K(251392K), [Metaspace: 4216K->4216K(1056768K)], 0.0356877 secs] [Times: user=0.20 sys=0.01, real=0.04 secs] 
11.847: Total time for which application threads were stopped: 0.0358028 seconds
11.851: [Full GC (Ergonomics) [PSYoungGen: 65536K->19926K(76288K)] [ParOldGen: 174764K->174766K(175104K)] 240300K->194693K(251392K), [Metaspace: 4216K->4216K(1056768K)], 0.0345413 secs] [Times: user=0.22 sys=0.00, real=0.04 secs] 
11.886: Total time for which application threads were stopped: 0.0346788 seconds
11.889: [Full GC (Ergonomics) [PSYoungGen: 65536K->19929K(76288K)] [ParOldGen: 174766K->174763K(175104K)] 240302K->194693K(251392K), [Metaspace: 4216K->4216K(1056768K)], 0.0343737 secs] [Times: user=0.21 sys=0.00, real=0.04 secs] 
11.924: Total time for which application threads were stopped: 0.0344906 seconds
11.928: [Full GC (Ergonomics) [PSYoungGen: 65536K->19934K(76288K)] [ParOldGen: 174763K->174758K(175104K)] 240299K->194693K(251392K), [Metaspace: 4216K->4216K(1056768K)], 0.0334118 secs] [Times: user=0.19 sys=0.00, real=0.03 secs] 
11.961: Total time for which application threads were stopped: 0.0335444 seconds
11.965: [Full GC (Ergonomics) [PSYoungGen: 65536K->19929K(76288K)] [ParOldGen: 174758K->174763K(175104K)] 240294K->194693K(251392K), [Metaspace: 4216K->4216K(1056768K)], 0.0318633 secs] [Times: user=0.21 sys=0.00, real=0.03 secs] 
11.997: Total time for which application threads were stopped: 0.0319649 seconds
12.000: [Full GC (Ergonomics) [PSYoungGen: 65536K->19935K(76288K)] [ParOldGen: 174763K->174758K(175104K)] 240299K->194693K(251392K), [Metaspace: 4216K->4216K(1056768K)], 0.0309967 secs] [Times: user=0.22 sys=0.00, real=0.03 secs] 
12.031: Total time for which application threads were stopped: 0.0311308 seconds
12.035: [Full GC (Ergonomics) [PSYoungGen: 65536K->19936K(76288K)] [ParOldGen: 174758K->174756K(175104K)] 240294K->194693K(251392K), [Metaspace: 4216K->4216K(1056768K)], 0.0322593 secs] [Times: user=0.23 sys=0.00, real=0.03 secs] 
12.067: Total time for which application threads were stopped: 0.0323957 seconds
12.071: [Full GC (Ergonomics) [PSYoungGen: 65536K->19929K(76288K)] [ParOldGen: 174756K->174763K(175104K)] 240292K->194693K(251392K), [Metaspace: 4216K->4216K(1056768K)], 0.0328202 secs] [Times: user=0.23 sys=0.01, real=0.04 secs] 
12.104: Total time for which application threads were stopped: 0.0329578 seconds
12.107: [Full GC (Ergonomics) [PSYoungGen: 65536K->19931K(76288K)] [ParOldGen: 174763K->174762K(175104K)] 240299K->194693K(251392K), [Metaspace: 4216K->4216K(1056768K)], 0.0331177 secs] [Times: user=0.23 sys=0.00, real=0.03 secs] 
12.140: Total time for which application threads were stopped: 0.0332821 seconds
12.144: [Full GC (Ergonomics) [PSYoungGen: 65536K->19923K(76288K)] [ParOldGen: 174762K->174769K(175104K)] 240298K->194693K(251392K), [Metaspace: 4216K->4216K(1056768K)], 0.0336121 secs] [Times: user=0.19 sys=0.00, real=0.03 secs] 
12.177: Total time for which application threads were stopped: 0.0337182 seconds
12.182: [Full GC (Ergonomics) [PSYoungGen: 65536K->19930K(76288K)] [ParOldGen: 174769K->174730K(175104K)] 240305K->194660K(251392K), [Metaspace: 4216K->4216K(1056768K)], 0.0330346 secs] [Times: user=0.20 sys=0.00, real=0.04 secs] 
12.215: Total time for which application threads were stopped: 0.0331725 seconds
12.218: [Full GC (Ergonomics) [PSYoungGen: 65536K->19931K(76288K)] [ParOldGen: 174730K->174728K(175104K)] 240266K->194660K(251392K), [Metaspace: 4216K->4216K(1056768K)], 0.0330786 secs] [Times: user=0.22 sys=0.00, real=0.03 secs] 
12.251: Total time for which application threads were stopped: 0.0332256 seconds
12.255: [Full GC (Ergonomics) [PSYoungGen: 65536K->19934K(76288K)] [ParOldGen: 174728K->174725K(175104K)] 240264K->194660K(251392K), [Metaspace: 4216K->4216K(1056768K)], 0.0328741 secs] [Times: user=0.22 sys=0.00, real=0.03 secs] 
12.288: Total time for which application threads were stopped: 0.0330104 seconds
12.292: [Full GC (Ergonomics) [PSYoungGen: 65536K->19925K(76288K)] [ParOldGen: 174725K->174734K(175104K)] 240261K->194660K(251392K), [Metaspace: 4216K->4216K(1056768K)], 0.0320095 secs] [Times: user=0.22 sys=0.01, real=0.04 secs] 
12.324: Total time for which application threads were stopped: 0.0321166 seconds
12.327: [Full GC (Ergonomics) [PSYoungGen: 65536K->19933K(76288K)] [ParOldGen: 174734K->174726K(175104K)] 240270K->194660K(251392K), [Metaspace: 4216K->4216K(1056768K)], 0.0325709 secs] [Times: user=0.24 sys=0.00, real=0.03 secs] 
12.360: Total time for which application threads were stopped: 0.0326971 seconds
12.363: [Full GC (Ergonomics) [PSYoungGen: 65536K->19927K(76288K)] [ParOldGen: 174726K->174732K(175104K)] 240262K->194660K(251392K), [Metaspace: 4216K->4216K(1056768K)], 0.0327356 secs] [Times: user=0.21 sys=0.00, real=0.04 secs] 
12.396: Total time for which application threads were stopped: 0.0328344 seconds
12.399: [Full GC (Ergonomics) [PSYoungGen: 65536K->19928K(76288K)] [ParOldGen: 174732K->174732K(175104K)] 240268K->194660K(251392K), [Metaspace: 4216K->4216K(1056768K)], 0.0326938 secs] [Times: user=0.22 sys=0.00, real=0.03 secs] 
12.432: Total time for which application threads were stopped: 0.0328073 seconds
12.435: [Full GC (Ergonomics) [PSYoungGen: 65536K->19930K(76288K)] [ParOldGen: 174732K->174729K(175104K)] 240268K->194660K(251392K), [Metaspace: 4216K->4216K(1056768K)], 0.0330161 secs] [Times: user=0.24 sys=0.00, real=0.03 secs] 
12.468: Total time for which application threads were stopped: 0.0331375 seconds
12.472: [Full GC (Ergonomics) [PSYoungGen: 65536K->19939K(76288K)] [ParOldGen: 174729K->174721K(175104K)] 240265K->194660K(251392K), [Metaspace: 4216K->4216K(1056768K)], 0.0310206 secs] [Times: user=0.20 sys=0.00, real=0.03 secs] 
12.503: Total time for which application threads were stopped: 0.0311574 seconds
12.506: [Full GC (Ergonomics) [PSYoungGen: 65536K->19923K(76288K)] [ParOldGen: 174721K->174737K(175104K)] 240257K->194660K(251392K), [Metaspace: 4216K->4216K(1056768K)], 0.0308792 secs] [Times: user=0.21 sys=0.01, real=0.03 secs] 
12.537: Total time for which application threads were stopped: 0.0309926 seconds
12.541: [Full GC (Ergonomics) [PSYoungGen: 65536K->19931K(76288K)] [ParOldGen: 174737K->174728K(175104K)] 240273K->194660K(251392K), [Metaspace: 4216K->4216K(1056768K)], 0.0329177 secs] [Times: user=0.22 sys=0.00, real=0.04 secs] 
12.574: Total time for which application threads were stopped: 0.0330541 seconds
12.577: [Full GC (Ergonomics) [PSYoungGen: 65536K->19929K(76288K)] [ParOldGen: 174728K->174731K(175104K)] 240264K->194660K(251392K), [Metaspace: 4216K->4216K(1056768K)], 0.0313751 secs] [Times: user=0.21 sys=0.00, real=0.03 secs] 
12.608: Total time for which application threads were stopped: 0.0314901 seconds
12.612: [Full GC (Ergonomics) [PSYoungGen: 65536K->19937K(76288K)] [ParOldGen: 174731K->174723K(175104K)] 240267K->194660K(251392K), [Metaspace: 4216K->4216K(1056768K)], 0.0336388 secs] [Times: user=0.21 sys=0.00, real=0.04 secs] 
12.646: Total time for which application threads were stopped: 0.0337532 seconds
12.649: [Full GC (Ergonomics) [PSYoungGen: 65536K->19928K(76288K)] [ParOldGen: 174723K->174732K(175104K)] 240259K->194660K(251392K), [Metaspace: 4216K->4216K(1056768K)], 0.0307222 secs] [Times: user=0.21 sys=0.00, real=0.03 secs] 
12.680: Total time for which application threads were stopped: 0.0308408 seconds
12.683: [Full GC (Ergonomics) [PSYoungGen: 65536K->19928K(76288K)] [ParOldGen: 174732K->174731K(175104K)] 240268K->194660K(251392K), [Metaspace: 4216K->4216K(1056768K)], 0.0332367 secs] [Times: user=0.21 sys=0.00, real=0.03 secs] 
12.717: Total time for which application threads were stopped: 0.0333409 seconds
12.720: [Full GC (Ergonomics) [PSYoungGen: 65536K->19915K(76288K)] [ParOldGen: 174731K->174744K(175104K)] 240267K->194660K(251392K), [Metaspace: 4216K->4216K(1056768K)], 0.0325021 secs] [Times: user=0.22 sys=0.01, real=0.03 secs] 
12.753: Total time for which application threads were stopped: 0.0326171 seconds
12.756: [Full GC (Ergonomics) [PSYoungGen: 65536K->19936K(76288K)] [ParOldGen: 174744K->174723K(175104K)] 240280K->194660K(251392K), [Metaspace: 4216K->4216K(1056768K)], 0.0324977 secs] [Times: user=0.22 sys=0.00, real=0.03 secs] 
12.789: Total time for which application threads were stopped: 0.0326099 seconds
12.792: [Full GC (Ergonomics) [PSYoungGen: 65536K->19932K(76288K)] [ParOldGen: 174723K->174727K(175104K)] 240259K->194660K(251392K), [Metaspace: 4216K->4216K(1056768K)], 0.0328600 secs] [Times: user=0.20 sys=0.00, real=0.04 secs] 
12.825: Total time for which application threads were stopped: 0.0329796 seconds
12.828: [Full GC (Ergonomics) [PSYoungGen: 65536K->19931K(76288K)] [ParOldGen: 174727K->174728K(175104K)] 240263K->194660K(251392K), [Metaspace: 4216K->4216K(1056768K)], 0.0333457 secs] [Times: user=0.21 sys=0.00, real=0.03 secs] 
12.862: Total time for which application threads were stopped: 0.0334468 seconds
12.865: [Full GC (Ergonomics) [PSYoungGen: 65536K->19924K(76288K)] [ParOldGen: 174728K->174735K(175104K)] 240264K->194660K(251392K), [Metaspace: 4216K->4216K(1056768K)], 0.0335090 secs] [Times: user=0.21 sys=0.00, real=0.03 secs] 
12.899: Total time for which application threads were stopped: 0.0336579 seconds
12.902: [Full GC (Ergonomics) [PSYoungGen: 65536K->19935K(76288K)] [ParOldGen: 174735K->174725K(175104K)] 240271K->194660K(251392K), [Metaspace: 4216K->4216K(1056768K)], 0.0326494 secs] [Times: user=0.22 sys=0.00, real=0.04 secs] 
12.935: Total time for which application threads were stopped: 0.0327600 seconds
12.939: [Full GC (Ergonomics) [PSYoungGen: 65536K->19932K(76288K)] [ParOldGen: 174725K->174727K(175104K)] 240261K->194660K(251392K), [Metaspace: 4216K->4216K(1056768K)], 0.0335641 secs] [Times: user=0.21 sys=0.01, real=0.03 secs] 
12.972: Total time for which application threads were stopped: 0.0336895 seconds
12.976: [Full GC (Ergonomics) [PSYoungGen: 65536K->19933K(76288K)] [ParOldGen: 174727K->174727K(175104K)] 240263K->194660K(251392K), [Metaspace: 4216K->4216K(1056768K)], 0.0358322 secs] [Times: user=0.22 sys=0.00, real=0.03 secs] 
13.012: Total time for which application threads were stopped: 0.0359589 seconds
13.016: [Full GC (Ergonomics) [PSYoungGen: 65536K->19928K(76288K)] [ParOldGen: 174727K->174731K(175104K)] 240263K->194660K(251392K), [Metaspace: 4216K->4216K(1056768K)], 0.0353033 secs] [Times: user=0.21 sys=0.00, real=0.03 secs] 
13.052: Total time for which application threads were stopped: 0.0354071 seconds
13.055: [Full GC (Ergonomics) [PSYoungGen: 65536K->19929K(76288K)] [ParOldGen: 174731K->174731K(175104K)] 240267K->194660K(251392K), [Metaspace: 4216K->4216K(1056768K)], 0.0327467 secs] [Times: user=0.24 sys=0.00, real=0.03 secs] 
13.088: Total time for which application threads were stopped: 0.0328899 seconds
13.092: [Full GC (Ergonomics) [PSYoungGen: 65536K->19932K(76288K)] [ParOldGen: 174731K->174728K(175104K)] 240267K->194660K(251392K), [Metaspace: 4216K->4216K(1056768K)], 0.0324204 secs] [Times: user=0.21 sys=0.00, real=0.04 secs] 
13.124: Total time for which application threads were stopped: 0.0325551 seconds
13.128: [Full GC (Ergonomics) [PSYoungGen: 65536K->19930K(76288K)] [ParOldGen: 174728K->174730K(175104K)] 240264K->194660K(251392K), [Metaspace: 4216K->4216K(1056768K)], 0.0340092 secs] [Times: user=0.23 sys=0.01, real=0.03 secs] 
13.162: Total time for which application threads were stopped: 0.0341234 seconds
13.165: [Full GC (Ergonomics) [PSYoungGen: 65536K->19931K(76288K)] [ParOldGen: 174730K->174728K(175104K)] 240266K->194660K(251392K), [Metaspace: 4216K->4216K(1056768K)], 0.0329726 secs] [Times: user=0.21 sys=0.00, real=0.03 secs] 
13.198: Total time for which application threads were stopped: 0.0331220 seconds
13.201: [Full GC (Ergonomics) [PSYoungGen: 65536K->19930K(76288K)] [ParOldGen: 174728K->174730K(175104K)] 240264K->194660K(251392K), [Metaspace: 4216K->4216K(1056768K)], 0.0324976 secs] [Times: user=0.22 sys=0.00, real=0.04 secs] 
13.234: Total time for which application threads were stopped: 0.0326158 seconds
13.237: [Full GC (Ergonomics) [PSYoungGen: 65536K->19935K(76288K)] [ParOldGen: 174730K->174724K(175104K)] 240266K->194660K(251392K), [Metaspace: 4216K->4216K(1056768K)], 0.0324615 secs] [Times: user=0.22 sys=0.00, real=0.03 secs] 
13.270: Total time for which application threads were stopped: 0.0325833 seconds
13.273: [Full GC (Ergonomics) [PSYoungGen: 65536K->19918K(76288K)] [ParOldGen: 174724K->174741K(175104K)] 240260K->194660K(251392K), [Metaspace: 4216K->4216K(1056768K)], 0.0320368 secs] [Times: user=0.21 sys=0.00, real=0.03 secs] 
13.305: Total time for which application threads were stopped: 0.0321721 seconds
13.309: [Full GC (Ergonomics) [PSYoungGen: 65536K->19922K(76288K)] [ParOldGen: 174741K->174737K(175104K)] 240277K->194660K(251392K), [Metaspace: 4216K->4216K(1056768K)], 0.0318049 secs] [Times: user=0.20 sys=0.00, real=0.03 secs] 
13.341: Total time for which application threads were stopped: 0.0319084 seconds
13.344: [Full GC (Ergonomics) [PSYoungGen: 65536K->19930K(76288K)] [ParOldGen: 174737K->174729K(175104K)] 240273K->194660K(251392K), [Metaspace: 4216K->4216K(1056768K)], 0.0310550 secs] [Times: user=0.19 sys=0.01, real=0.03 secs] 
13.375: Total time for which application threads were stopped: 0.0311848 seconds
13.379: [Full GC (Ergonomics) [PSYoungGen: 65536K->19930K(76288K)] [ParOldGen: 174729K->174730K(175104K)] 240265K->194660K(251392K), [Metaspace: 4216K->4216K(1056768K)], 0.0323724 secs] [Times: user=0.22 sys=0.00, real=0.03 secs] 
13.411: Total time for which application threads were stopped: 0.0325087 seconds
13.415: [Full GC (Ergonomics) [PSYoungGen: 65536K->19922K(76288K)] [ParOldGen: 174730K->174737K(175104K)] 240266K->194660K(251392K), [Metaspace: 4216K->4216K(1056768K)], 0.0312503 secs] [Times: user=0.22 sys=0.00, real=0.03 secs] 
13.446: Total time for which application threads were stopped: 0.0313855 seconds
13.449: [Full GC (Ergonomics) [PSYoungGen: 65536K->19923K(76288K)] [ParOldGen: 174737K->174736K(175104K)] 240273K->194660K(251392K), [Metaspace: 4216K->4216K(1056768K)], 0.0342047 secs] [Times: user=0.19 sys=0.00, real=0.04 secs] 
13.484: Total time for which application threads were stopped: 0.0343305 seconds
13.488: [Full GC (Ergonomics) [PSYoungGen: 65536K->19932K(76288K)] [ParOldGen: 174736K->174727K(175104K)] 240272K->194660K(251392K), [Metaspace: 4216K->4216K(1056768K)], 0.0336533 secs] [Times: user=0.21 sys=0.00, real=0.03 secs] 
13.521: Total time for which application threads were stopped: 0.0337803 seconds
13.525: [Full GC (Ergonomics) [PSYoungGen: 65536K->19923K(76288K)] [ParOldGen: 174727K->174737K(175104K)] 240263K->194660K(251392K), [Metaspace: 4216K->4216K(1056768K)], 0.0339328 secs] [Times: user=0.21 sys=0.00, real=0.03 secs] 
13.559: Total time for which application threads were stopped: 0.0340647 seconds
13.563: [Full GC (Ergonomics) [PSYoungGen: 65536K->19933K(76288K)] [ParOldGen: 174737K->174727K(175104K)] 240273K->194660K(251392K), [Metaspace: 4216K->4216K(1056768K)], 0.0341826 secs] [Times: user=0.21 sys=0.01, real=0.04 secs] 
13.597: Total time for which application threads were stopped: 0.0343198 seconds
13.601: [Full GC (Ergonomics) [PSYoungGen: 65536K->19932K(76288K)] [ParOldGen: 174727K->174728K(175104K)] 240263K->194660K(251392K), [Metaspace: 4216K->4216K(1056768K)], 0.0333984 secs] [Times: user=0.23 sys=0.00, real=0.04 secs] 
13.634: Total time for which application threads were stopped: 0.0335404 seconds
13.638: [Full GC (Ergonomics) [PSYoungGen: 65536K->19931K(76288K)] [ParOldGen: 174728K->174728K(175104K)] 240264K->194660K(251392K), [Metaspace: 4216K->4216K(1056768K)], 0.0356038 secs] [Times: user=0.19 sys=0.00, real=0.04 secs] 
13.674: Total time for which application threads were stopped: 0.0357399 seconds
13.678: [Full GC (Ergonomics) [PSYoungGen: 65536K->19933K(76288K)] [ParOldGen: 174728K->174726K(175104K)] 240264K->194660K(251392K), [Metaspace: 4216K->4216K(1056768K)], 0.0354766 secs] [Times: user=0.21 sys=0.00, real=0.04 secs] 
13.713: Total time for which application threads were stopped: 0.0355921 seconds
13.717: [Full GC (Ergonomics) [PSYoungGen: 65536K->19928K(76288K)] [ParOldGen: 174726K->174731K(175104K)] 240262K->194660K(251392K), [Metaspace: 4216K->4216K(1056768K)], 0.0333075 secs] [Times: user=0.23 sys=0.01, real=0.03 secs] 
13.751: Total time for which application threads were stopped: 0.0334321 seconds
13.754: [Full GC (Ergonomics) [PSYoungGen: 65536K->19925K(76288K)] [ParOldGen: 174731K->174734K(175104K)] 240267K->194660K(251392K), [Metaspace: 4216K->4216K(1056768K)], 0.0328525 secs] [Times: user=0.23 sys=0.00, real=0.03 secs] 
13.787: Total time for which application threads were stopped: 0.0329763 seconds
13.790: [Full GC (Ergonomics) [PSYoungGen: 65536K->19934K(76288K)] [ParOldGen: 174734K->174726K(175104K)] 240270K->194660K(251392K), [Metaspace: 4216K->4216K(1056768K)], 0.0314983 secs] [Times: user=0.21 sys=0.00, real=0.03 secs] 
13.822: Total time for which application threads were stopped: 0.0316656 seconds
13.825: [Full GC (Ergonomics) [PSYoungGen: 65536K->19934K(76288K)] [ParOldGen: 174726K->174725K(175104K)] 240262K->194660K(251392K), [Metaspace: 4216K->4216K(1056768K)], 0.0320452 secs] [Times: user=0.22 sys=0.00, real=0.03 secs] 
13.857: Total time for which application threads were stopped: 0.0321621 seconds
13.861: [Full GC (Ergonomics) [PSYoungGen: 65536K->19935K(76288K)] [ParOldGen: 174725K->174724K(175104K)] 240261K->194660K(251392K), [Metaspace: 4216K->4216K(1056768K)], 0.0321198 secs] [Times: user=0.21 sys=0.00, real=0.03 secs] 
13.893: Total time for which application threads were stopped: 0.0322326 seconds
13.897: [Full GC (Ergonomics) [PSYoungGen: 65536K->19930K(76288K)] [ParOldGen: 174724K->174729K(175104K)] 240260K->194660K(251392K), [Metaspace: 4216K->4216K(1056768K)], 0.0313738 secs] [Times: user=0.21 sys=0.00, real=0.03 secs] 
13.928: Total time for which application threads were stopped: 0.0315285 seconds
13.931: [Full GC (Ergonomics) [PSYoungGen: 65536K->19931K(76288K)] [ParOldGen: 174729K->174729K(175104K)] 240265K->194660K(251392K), [Metaspace: 4216K->4216K(1056768K)], 0.0327418 secs] [Times: user=0.23 sys=0.01, real=0.04 secs] 
13.964: Total time for which application threads were stopped: 0.0328799 seconds
13.968: [Full GC (Ergonomics) [PSYoungGen: 65536K->19934K(76288K)] [ParOldGen: 174729K->174725K(175104K)] 240265K->194660K(251392K), [Metaspace: 4216K->4216K(1056768K)], 0.0326076 secs] [Times: user=0.22 sys=0.00, real=0.03 secs] 
14.000: Total time for which application threads were stopped: 0.0327436 seconds
14.004: [Full GC (Ergonomics) [PSYoungGen: 65536K->19930K(76288K)] [ParOldGen: 174725K->174729K(175104K)] 240261K->194660K(251392K), [Metaspace: 4216K->4216K(1056768K)], 0.0326625 secs] [Times: user=0.23 sys=0.00, real=0.03 secs] 
14.036: Total time for which application threads were stopped: 0.0327977 seconds
14.040: [Full GC (Ergonomics) [PSYoungGen: 65536K->19918K(76288K)] [ParOldGen: 174729K->174742K(175104K)] 240265K->194660K(251392K), [Metaspace: 4216K->4216K(1056768K)], 0.0330309 secs] [Times: user=0.22 sys=0.00, real=0.04 secs] 
14.073: Total time for which application threads were stopped: 0.0331700 seconds
14.076: [Full GC (Ergonomics) [PSYoungGen: 65536K->19935K(76288K)] [ParOldGen: 174742K->174725K(175104K)] 240278K->194660K(251392K), [Metaspace: 4216K->4216K(1056768K)], 0.0328238 secs] [Times: user=0.22 sys=0.00, real=0.03 secs] 
14.109: Total time for which application threads were stopped: 0.0329892 seconds
14.113: [Full GC (Ergonomics) [PSYoungGen: 65536K->19932K(76288K)] [ParOldGen: 174725K->174728K(175104K)] 240261K->194660K(251392K), [Metaspace: 4216K->4216K(1056768K)], 0.0316976 secs] [Times: user=0.20 sys=0.00, real=0.03 secs] 
14.144: Total time for which application threads were stopped: 0.0318228 seconds
14.148: [Full GC (Ergonomics) [PSYoungGen: 65536K->19932K(76288K)] [ParOldGen: 174728K->174728K(175104K)] 240264K->194660K(251392K), [Metaspace: 4216K->4216K(1056768K)], 0.0308933 secs] [Times: user=0.17 sys=0.01, real=0.03 secs] 
14.179: Total time for which application threads were stopped: 0.0309933 seconds
14.182: [Full GC (Ergonomics) [PSYoungGen: 65536K->19933K(76288K)] [ParOldGen: 174728K->174726K(175104K)] 240264K->194660K(251392K), [Metaspace: 4216K->4216K(1056768K)], 0.0331804 secs] [Times: user=0.21 sys=0.00, real=0.03 secs] 
14.216: Total time for which application threads were stopped: 0.0333151 seconds
14.219: [Full GC (Ergonomics) [PSYoungGen: 65536K->19932K(76288K)] [ParOldGen: 174726K->174727K(175104K)] 240262K->194660K(251392K), [Metaspace: 4216K->4216K(1056768K)], 0.0330673 secs] [Times: user=0.22 sys=0.00, real=0.04 secs] 
14.252: Total time for which application threads were stopped: 0.0332144 seconds
14.256: [Full GC (Ergonomics) [PSYoungGen: 65536K->19922K(76288K)] [ParOldGen: 174727K->174737K(175104K)] 240263K->194660K(251392K), [Metaspace: 4216K->4216K(1056768K)], 0.0334170 secs] [Times: user=0.22 sys=0.00, real=0.03 secs] 
14.290: Total time for which application threads were stopped: 0.0335497 seconds
14.293: [Full GC (Ergonomics) [PSYoungGen: 65536K->19924K(76288K)] [ParOldGen: 174737K->174736K(175104K)] 240273K->194660K(251392K), [Metaspace: 4216K->4216K(1056768K)], 0.0328326 secs] [Times: user=0.23 sys=0.00, real=0.03 secs] 
14.326: Total time for which application threads were stopped: 0.0329474 seconds
14.330: [Full GC (Ergonomics) [PSYoungGen: 65536K->19933K(76288K)] [ParOldGen: 174736K->174726K(175104K)] 240272K->194660K(251392K), [Metaspace: 4216K->4216K(1056768K)], 0.0291498 secs] [Times: user=0.20 sys=0.01, real=0.03 secs] 
14.359: Total time for which application threads were stopped: 0.0292670 seconds
14.363: [Full GC (Ergonomics) [PSYoungGen: 65536K->19938K(76288K)] [ParOldGen: 174726K->174721K(175104K)] 240262K->194660K(251392K), [Metaspace: 4216K->4216K(1056768K)], 0.0317263 secs] [Times: user=0.21 sys=0.00, real=0.03 secs] 
14.394: Total time for which application threads were stopped: 0.0318605 seconds
14.398: [Full GC (Ergonomics) [PSYoungGen: 65536K->19931K(76288K)] [ParOldGen: 174721K->174728K(175104K)] 240257K->194660K(251392K), [Metaspace: 4216K->4216K(1056768K)], 0.0322165 secs] [Times: user=0.20 sys=0.00, real=0.03 secs] 
14.430: Total time for which application threads were stopped: 0.0323386 seconds
14.434: [Full GC (Ergonomics) [PSYoungGen: 65536K->19925K(76288K)] [ParOldGen: 174728K->174734K(175104K)] 240264K->194660K(251392K), [Metaspace: 4216K->4216K(1056768K)], 0.0321979 secs] [Times: user=0.23 sys=0.00, real=0.03 secs] 
14.466: Total time for which application threads were stopped: 0.0323489 seconds
14.470: [Full GC (Ergonomics) [PSYoungGen: 65536K->19936K(76288K)] [ParOldGen: 174734K->174723K(175104K)] 240270K->194660K(251392K), [Metaspace: 4216K->4216K(1056768K)], 0.0328736 secs] [Times: user=0.22 sys=0.00, real=0.04 secs] 
14.502: Total time for which application threads were stopped: 0.0329916 seconds
14.506: [Full GC (Ergonomics) [PSYoungGen: 65536K->19915K(76288K)] [ParOldGen: 174723K->174744K(175104K)] 240259K->194660K(251392K), [Metaspace: 4216K->4216K(1056768K)], 0.0338257 secs] [Times: user=0.20 sys=0.00, real=0.03 secs] 
14.540: Total time for which application threads were stopped: 0.0339796 seconds
14.544: [Full GC (Ergonomics) [PSYoungGen: 65536K->19933K(76288K)] [ParOldGen: 174744K->174726K(175104K)] 240280K->194660K(251392K), [Metaspace: 4216K->4216K(1056768K)], 0.0348838 secs] [Times: user=0.23 sys=0.00, real=0.03 secs] 
14.579: Total time for which application threads were stopped: 0.0350488 seconds
14.583: [Full GC (Ergonomics) [PSYoungGen: 65536K->19922K(76288K)] [ParOldGen: 174726K->174738K(175104K)] 240262K->194660K(251392K), [Metaspace: 4216K->4216K(1056768K)], 0.0340213 secs] [Times: user=0.21 sys=0.01, real=0.03 secs] 
14.617: Total time for which application threads were stopped: 0.0341487 seconds
14.620: [Full GC (Ergonomics) [PSYoungGen: 65536K->19927K(76288K)] [ParOldGen: 174738K->174733K(175104K)] 240274K->194660K(251392K), [Metaspace: 4216K->4216K(1056768K)], 0.0348627 secs] [Times: user=0.20 sys=0.00, real=0.03 secs] 
14.655: Total time for which application threads were stopped: 0.0349964 seconds
14.659: [Full GC (Ergonomics) [PSYoungGen: 65536K->19917K(76288K)] [ParOldGen: 174733K->174742K(175104K)] 240269K->194660K(251392K), [Metaspace: 4216K->4216K(1056768K)], 0.0343032 secs] [Times: user=0.22 sys=0.00, real=0.04 secs] 
14.693: Total time for which application threads were stopped: 0.0344051 seconds
14.697: [Full GC (Ergonomics) [PSYoungGen: 65536K->19932K(76288K)] [ParOldGen: 174742K->174727K(175104K)] 240278K->194660K(251392K), [Metaspace: 4216K->4216K(1056768K)], 0.0345480 secs] [Times: user=0.21 sys=0.00, real=0.04 secs] 
14.731: Total time for which application threads were stopped: 0.0346833 seconds
14.735: [Full GC (Ergonomics) [PSYoungGen: 65536K->19921K(76288K)] [ParOldGen: 174727K->174739K(175104K)] 240263K->194660K(251392K), [Metaspace: 4216K->4216K(1056768K)], 0.0338365 secs] [Times: user=0.20 sys=0.00, real=0.03 secs] 
14.769: Total time for which application threads were stopped: 0.0339667 seconds
14.773: [Full GC (Ergonomics) [PSYoungGen: 65536K->19929K(76288K)] [ParOldGen: 174739K->174730K(175104K)] 240275K->194660K(251392K), [Metaspace: 4216K->4216K(1056768K)], 0.0311998 secs] [Times: user=0.19 sys=0.00, real=0.03 secs] 
14.804: Total time for which application threads were stopped: 0.0313401 seconds
14.807: [Full GC (Ergonomics) [PSYoungGen: 65536K->19926K(76288K)] [ParOldGen: 174730K->174733K(175104K)] 240266K->194660K(251392K), [Metaspace: 4216K->4216K(1056768K)], 0.0348600 secs] [Times: user=0.22 sys=0.00, real=0.04 secs] 
14.842: Total time for which application threads were stopped: 0.0349967 seconds
14.846: [Full GC (Ergonomics) [PSYoungGen: 65536K->19937K(76288K)] [ParOldGen: 174733K->174722K(175104K)] 240269K->194660K(251392K), [Metaspace: 4216K->4216K(1056768K)], 0.0323961 secs] [Times: user=0.19 sys=0.00, real=0.03 secs] 
14.878: Total time for which application threads were stopped: 0.0325204 seconds
14.882: [Full GC (Ergonomics) [PSYoungGen: 65536K->19926K(76288K)] [ParOldGen: 174722K->174733K(175104K)] 240258K->194660K(251392K), [Metaspace: 4216K->4216K(1056768K)], 0.0343363 secs] [Times: user=0.21 sys=0.00, real=0.03 secs] 
14.917: Total time for which application threads were stopped: 0.0344563 seconds
14.920: [Full GC (Ergonomics) [PSYoungGen: 65536K->19926K(76288K)] [ParOldGen: 174733K->174733K(175104K)] 240269K->194660K(251392K), [Metaspace: 4216K->4216K(1056768K)], 0.0346637 secs] [Times: user=0.21 sys=0.00, real=0.03 secs] 
14.955: Total time for which application threads were stopped: 0.0347839 seconds
14.959: [Full GC (Ergonomics) [PSYoungGen: 65536K->19934K(76288K)] [ParOldGen: 174733K->174726K(175104K)] 240269K->194660K(251392K), [Metaspace: 4216K->4216K(1056768K)], 0.0339515 secs] [Times: user=0.21 sys=0.01, real=0.04 secs] 
14.993: Total time for which application threads were stopped: 0.0340914 seconds
14.996: [Full GC (Ergonomics) [PSYoungGen: 65536K->19919K(76288K)] [ParOldGen: 174726K->174740K(175104K)] 240262K->194660K(251392K), [Metaspace: 4216K->4216K(1056768K)], 0.0350236 secs] [Times: user=0.22 sys=0.00, real=0.04 secs] 
15.031: Total time for which application threads were stopped: 0.0351438 seconds
15.035: [Full GC (Ergonomics) [PSYoungGen: 65536K->19932K(76288K)] [ParOldGen: 174740K->174728K(175104K)] 240276K->194660K(251392K), [Metaspace: 4216K->4216K(1056768K)], 0.0339824 secs] [Times: user=0.20 sys=0.00, real=0.03 secs] 
15.069: Total time for which application threads were stopped: 0.0341662 seconds
15.073: [Full GC (Ergonomics) [PSYoungGen: 65536K->19926K(76288K)] [ParOldGen: 174728K->174734K(175104K)] 240264K->194660K(251392K), [Metaspace: 4216K->4216K(1056768K)], 0.0341254 secs] [Times: user=0.22 sys=0.00, real=0.03 secs] 
15.107: Total time for which application threads were stopped: 0.0342427 seconds
15.111: [Full GC (Ergonomics) [PSYoungGen: 65536K->19927K(76288K)] [ParOldGen: 174734K->174733K(175104K)] 240270K->194660K(251392K), [Metaspace: 4216K->4216K(1056768K)], 0.0338435 secs] [Times: user=0.21 sys=0.00, real=0.03 secs] 
15.144: Total time for which application threads were stopped: 0.0339779 seconds
15.148: [Full GC (Ergonomics) [PSYoungGen: 65536K->19933K(76288K)] [ParOldGen: 174733K->174727K(175104K)] 240269K->194660K(251392K), [Metaspace: 4216K->4216K(1056768K)], 0.0346461 secs] [Times: user=0.22 sys=0.01, real=0.04 secs] 
15.183: Total time for which application threads were stopped: 0.0347842 seconds
15.186: [Full GC (Ergonomics) [PSYoungGen: 65536K->19929K(76288K)] [ParOldGen: 174727K->174730K(175104K)] 240263K->194660K(251392K), [Metaspace: 4216K->4216K(1056768K)], 0.0332226 secs] [Times: user=0.21 sys=0.00, real=0.03 secs] 
15.220: Total time for which application threads were stopped: 0.0333398 seconds
15.223: [Full GC (Ergonomics) [PSYoungGen: 65536K->19923K(76288K)] [ParOldGen: 174730K->174737K(175104K)] 240266K->194660K(251392K), [Metaspace: 4216K->4216K(1056768K)], 0.0335527 secs] [Times: user=0.21 sys=0.00, real=0.03 secs] 
15.257: Total time for which application threads were stopped: 0.0336926 seconds
15.261: [Full GC (Ergonomics) [PSYoungGen: 65536K->19925K(76288K)] [ParOldGen: 174737K->174734K(175104K)] 240273K->194660K(251392K), [Metaspace: 4216K->4216K(1056768K)], 0.0347770 secs] [Times: user=0.21 sys=0.00, real=0.03 secs] 
15.296: Total time for which application threads were stopped: 0.0348808 seconds
15.299: [Full GC (Ergonomics) [PSYoungGen: 65536K->19931K(76288K)] [ParOldGen: 174734K->174728K(175104K)] 240270K->194660K(251392K), [Metaspace: 4216K->4216K(1056768K)], 0.0342454 secs] [Times: user=0.21 sys=0.00, real=0.04 secs] 
15.334: Total time for which application threads were stopped: 0.0344065 seconds
15.337: [Full GC (Ergonomics) [PSYoungGen: 65536K->19919K(76288K)] [ParOldGen: 174728K->174741K(175104K)] 240264K->194660K(251392K), [Metaspace: 4216K->4216K(1056768K)], 0.0336127 secs] [Times: user=0.20 sys=0.01, real=0.04 secs] 
15.371: Total time for which application threads were stopped: 0.0337122 seconds
15.375: [Full GC (Ergonomics) [PSYoungGen: 65536K->19928K(76288K)] [ParOldGen: 174741K->174731K(175104K)] 240277K->194660K(251392K), [Metaspace: 4216K->4216K(1056768K)], 0.0346705 secs] [Times: user=0.20 sys=0.00, real=0.03 secs] 
15.409: Total time for which application threads were stopped: 0.0348032 seconds
15.413: [Full GC (Ergonomics) [PSYoungGen: 65536K->19928K(76288K)] [ParOldGen: 174731K->174732K(175104K)] 240267K->194660K(251392K), [Metaspace: 4216K->4216K(1056768K)], 0.0340379 secs] [Times: user=0.22 sys=0.00, real=0.03 secs] 
15.447: Total time for which application threads were stopped: 0.0341772 seconds
15.451: [Full GC (Ergonomics) [PSYoungGen: 65536K->19931K(76288K)] [ParOldGen: 174732K->174728K(175104K)] 240268K->194660K(251392K), [Metaspace: 4216K->4216K(1056768K)], 0.0325897 secs] [Times: user=0.20 sys=0.00, real=0.03 secs] 
15.484: Total time for which application threads were stopped: 0.0327165 seconds
15.487: [Full GC (Ergonomics) [PSYoungGen: 65536K->19926K(76288K)] [ParOldGen: 174728K->174733K(175104K)] 240264K->194660K(251392K), [Metaspace: 4216K->4216K(1056768K)], 0.0348997 secs] [Times: user=0.21 sys=0.00, real=0.04 secs] 
15.522: Total time for which application threads were stopped: 0.0350147 seconds
15.526: [Full GC (Ergonomics) [PSYoungGen: 65536K->19932K(76288K)] [ParOldGen: 174733K->174728K(175104K)] 240269K->194660K(251392K), [Metaspace: 4216K->4216K(1056768K)], 0.0349325 secs] [Times: user=0.21 sys=0.01, real=0.04 secs] 
15.561: Total time for which application threads were stopped: 0.0350838 seconds
15.564: [Full GC (Ergonomics) [PSYoungGen: 65536K->19920K(76288K)] [ParOldGen: 174728K->174740K(175104K)] 240264K->194660K(251392K), [Metaspace: 4216K->4216K(1056768K)], 0.0320221 secs] [Times: user=0.20 sys=0.00, real=0.03 secs] 
15.597: Total time for which application threads were stopped: 0.0321444 seconds
15.600: [Full GC (Ergonomics) [PSYoungGen: 65536K->19929K(76288K)] [ParOldGen: 174740K->174731K(175104K)] 240276K->194660K(251392K), [Metaspace: 4216K->4216K(1056768K)], 0.0343659 secs] [Times: user=0.21 sys=0.00, real=0.03 secs] 
15.634: Total time for which application threads were stopped: 0.0345047 seconds
15.638: [Full GC (Ergonomics) [PSYoungGen: 65536K->19924K(76288K)] [ParOldGen: 174731K->174736K(175104K)] 240267K->194660K(251392K), [Metaspace: 4216K->4216K(1056768K)], 0.0337726 secs] [Times: user=0.20 sys=0.00, real=0.04 secs] 
15.672: Total time for which application threads were stopped: 0.0338935 seconds
15.676: [Full GC (Ergonomics) [PSYoungGen: 65536K->19931K(76288K)] [ParOldGen: 174736K->174728K(175104K)] 240272K->194660K(251392K), [Metaspace: 4216K->4216K(1056768K)], 0.0336092 secs] [Times: user=0.21 sys=0.01, real=0.03 secs] 
15.709: Total time for which application threads were stopped: 0.0337504 seconds
15.713: [Full GC (Ergonomics) [PSYoungGen: 65536K->19927K(76288K)] [ParOldGen: 174728K->174732K(175104K)] 240264K->194660K(251392K), [Metaspace: 4216K->4216K(1056768K)], 0.0339642 secs] [Times: user=0.21 sys=0.00, real=0.03 secs] 
15.747: Total time for which application threads were stopped: 0.0340904 seconds
15.751: [Full GC (Ergonomics) [PSYoungGen: 65536K->19937K(76288K)] [ParOldGen: 174732K->174723K(175104K)] 240268K->194660K(251392K), [Metaspace: 4216K->4216K(1056768K)], 0.0330884 secs] [Times: user=0.21 sys=0.00, real=0.03 secs] 
15.784: Total time for which application threads were stopped: 0.0332270 seconds
15.787: [Full GC (Ergonomics) [PSYoungGen: 65536K->19923K(76288K)] [ParOldGen: 174723K->174736K(175104K)] 240259K->194660K(251392K), [Metaspace: 4216K->4216K(1056768K)], 0.0322173 secs] [Times: user=0.21 sys=0.00, real=0.03 secs] 
15.820: Total time for which application threads were stopped: 0.0323446 seconds
15.823: [Full GC (Ergonomics) [PSYoungGen: 65536K->19926K(76288K)] [ParOldGen: 174736K->174734K(175104K)] 240272K->194660K(251392K), [Metaspace: 4216K->4216K(1056768K)], 0.0314186 secs] [Times: user=0.21 sys=0.00, real=0.03 secs] 
15.855: Total time for which application threads were stopped: 0.0315366 seconds
15.858: [Full GC (Ergonomics) [PSYoungGen: 65536K->19928K(76288K)] [ParOldGen: 174734K->174732K(175104K)] 240270K->194660K(251392K), [Metaspace: 4216K->4216K(1056768K)], 0.0329178 secs] [Times: user=0.22 sys=0.01, real=0.04 secs] 
15.891: Total time for which application threads were stopped: 0.0330250 seconds
15.895: [Full GC (Ergonomics) [PSYoungGen: 65536K->19932K(76288K)] [ParOldGen: 174732K->174728K(175104K)] 240268K->194660K(251392K), [Metaspace: 4216K->4216K(1056768K)], 0.0318893 secs] [Times: user=0.22 sys=0.00, real=0.03 secs] 
15.926: Total time for which application threads were stopped: 0.0320115 seconds
15.930: [Full GC (Ergonomics) [PSYoungGen: 65536K->19935K(76288K)] [ParOldGen: 174728K->174725K(175104K)] 240264K->194660K(251392K), [Metaspace: 4216K->4216K(1056768K)], 0.0327735 secs] [Times: user=0.23 sys=0.00, real=0.03 secs] 
15.963: Total time for which application threads were stopped: 0.0329194 seconds
15.966: [Full GC (Ergonomics) [PSYoungGen: 65536K->19931K(76288K)] [ParOldGen: 174725K->174728K(175104K)] 240261K->194660K(251392K), [Metaspace: 4216K->4216K(1056768K)], 0.0328712 secs] [Times: user=0.23 sys=0.00, real=0.03 secs] 
15.999: Total time for which application threads were stopped: 0.0330071 seconds
16.003: [Full GC (Ergonomics) [PSYoungGen: 65536K->19929K(76288K)] [ParOldGen: 174728K->174731K(175104K)] 240264K->194660K(251392K), [Metaspace: 4216K->4216K(1056768K)], 0.0332412 secs] [Times: user=0.22 sys=0.00, real=0.03 secs] 
16.036: Total time for which application threads were stopped: 0.0333391 seconds
16.039: [Full GC (Ergonomics) [PSYoungGen: 65536K->19933K(76288K)] [ParOldGen: 174731K->174727K(175104K)] 240267K->194660K(251392K), [Metaspace: 4216K->4216K(1056768K)], 0.0317397 secs] [Times: user=0.19 sys=0.00, real=0.04 secs] 
16.071: Total time for which application threads were stopped: 0.0318757 seconds
16.075: [Full GC (Ergonomics) [PSYoungGen: 65536K->19928K(76288K)] [ParOldGen: 174727K->174732K(175104K)] 240263K->194660K(251392K), [Metaspace: 4216K->4216K(1056768K)], 0.0333703 secs] [Times: user=0.21 sys=0.01, real=0.03 secs] 
16.108: Total time for which application threads were stopped: 0.0334849 seconds
16.112: [Full GC (Ergonomics) [PSYoungGen: 65536K->19929K(76288K)] [ParOldGen: 174732K->174730K(175104K)] 240268K->194660K(251392K), [Metaspace: 4216K->4216K(1056768K)], 0.0336372 secs] [Times: user=0.21 sys=0.00, real=0.03 secs] 
16.146: Total time for which application threads were stopped: 0.0337740 seconds
16.149: [Full GC (Ergonomics) [PSYoungGen: 65536K->19924K(76288K)] [ParOldGen: 174730K->174736K(175104K)] 240266K->194660K(251392K), [Metaspace: 4216K->4216K(1056768K)], 0.0360992 secs] [Times: user=0.19 sys=0.00, real=0.04 secs] 
16.185: Total time for which application threads were stopped: 0.0362683 seconds
16.190: [Full GC (Ergonomics) [PSYoungGen: 65536K->19934K(76288K)] [ParOldGen: 174736K->174725K(175104K)] 240272K->194660K(251392K), [Metaspace: 4216K->4216K(1056768K)], 0.0353995 secs] [Times: user=0.20 sys=0.00, real=0.03 secs] 
16.225: Total time for which application threads were stopped: 0.0355403 seconds
16.230: [Full GC (Ergonomics) [PSYoungGen: 65536K->19929K(76288K)] [ParOldGen: 174725K->174730K(175104K)] 240261K->194660K(251392K), [Metaspace: 4216K->4216K(1056768K)], 0.0354595 secs] [Times: user=0.21 sys=0.01, real=0.03 secs] 
16.266: Total time for which application threads were stopped: 0.0356231 seconds
16.270: [Full GC (Ergonomics) [PSYoungGen: 65536K->19924K(76288K)] [ParOldGen: 174730K->174736K(175104K)] 240266K->194660K(251392K), [Metaspace: 4216K->4216K(1056768K)], 0.0351430 secs] [Times: user=0.21 sys=0.00, real=0.04 secs] 
16.305: Total time for which application threads were stopped: 0.0352878 seconds
16.309: [Full GC (Ergonomics) [PSYoungGen: 65536K->19926K(76288K)] [ParOldGen: 174736K->174733K(175104K)] 240272K->194660K(251392K), [Metaspace: 4216K->4216K(1056768K)], 0.0336290 secs] [Times: user=0.23 sys=0.00, real=0.04 secs] 
16.343: Total time for which application threads were stopped: 0.0337651 seconds
16.346: [Full GC (Ergonomics) [PSYoungGen: 65536K->19929K(76288K)] [ParOldGen: 174733K->174730K(175104K)] 240269K->194660K(251392K), [Metaspace: 4216K->4216K(1056768K)], 0.0307515 secs] [Times: user=0.18 sys=0.00, real=0.03 secs] 
16.377: Total time for which application threads were stopped: 0.0308503 seconds
16.380: [Full GC (Ergonomics) [PSYoungGen: 65536K->19931K(76288K)] [ParOldGen: 174730K->174729K(175104K)] 240266K->194660K(251392K), [Metaspace: 4216K->4216K(1056768K)], 0.0327348 secs] [Times: user=0.22 sys=0.00, real=0.03 secs] 
16.413: Total time for which application threads were stopped: 0.0328289 seconds
16.417: [Full GC (Ergonomics) [PSYoungGen: 65536K->19942K(76288K)] [ParOldGen: 174729K->174718K(175104K)] 240265K->194660K(251392K), [Metaspace: 4216K->4216K(1056768K)], 0.0315561 secs] [Times: user=0.21 sys=0.01, real=0.03 secs] 
16.448: Total time for which application threads were stopped: 0.0316486 seconds
16.451: [Full GC (Ergonomics) [PSYoungGen: 65536K->19928K(76288K)] [ParOldGen: 174718K->174732K(175104K)] 240254K->194660K(251392K), [Metaspace: 4216K->4216K(1056768K)], 0.0320611 secs] [Times: user=0.21 sys=0.00, real=0.03 secs] 
16.484: Total time for which application threads were stopped: 0.0321795 seconds
16.487: [Full GC (Ergonomics) [PSYoungGen: 65536K->19924K(76288K)] [ParOldGen: 174732K->174736K(175104K)] 240268K->194660K(251392K), [Metaspace: 4216K->4216K(1056768K)], 0.0350173 secs] [Times: user=0.22 sys=0.00, real=0.04 secs] 
16.522: Total time for which application threads were stopped: 0.0351336 seconds
16.526: [Full GC (Ergonomics) [PSYoungGen: 65536K->19931K(76288K)] [ParOldGen: 174736K->174728K(175104K)] 240272K->194660K(251392K), [Metaspace: 4216K->4216K(1056768K)], 0.0341577 secs] [Times: user=0.20 sys=0.00, real=0.04 secs] 
16.560: Total time for which application threads were stopped: 0.0342902 seconds
16.563: [Full GC (Ergonomics) [PSYoungGen: 65536K->19933K(76288K)] [ParOldGen: 174728K->174726K(175104K)] 240264K->194660K(251392K), [Metaspace: 4216K->4216K(1056768K)], 0.0340074 secs] [Times: user=0.20 sys=0.00, real=0.03 secs] 
16.598: Total time for which application threads were stopped: 0.0341410 seconds
16.601: [Full GC (Ergonomics) [PSYoungGen: 65536K->19918K(76288K)] [ParOldGen: 174726K->174742K(175104K)] 240262K->194660K(251392K), [Metaspace: 4216K->4216K(1056768K)], 0.0345289 secs] [Times: user=0.23 sys=0.01, real=0.03 secs] 
16.636: Total time for which application threads were stopped: 0.0346459 seconds
16.639: [Full GC (Ergonomics) [PSYoungGen: 65536K->19935K(76288K)] [ParOldGen: 174742K->174725K(175104K)] 240278K->194660K(251392K), [Metaspace: 4216K->4216K(1056768K)], 0.0344105 secs] [Times: user=0.21 sys=0.00, real=0.04 secs] 
16.674: Total time for which application threads were stopped: 0.0345130 seconds
16.678: [Full GC (Ergonomics) [PSYoungGen: 65536K->19931K(76288K)] [ParOldGen: 174725K->174729K(175104K)] 240261K->194660K(251392K), [Metaspace: 4216K->4216K(1056768K)], 0.0335408 secs] [Times: user=0.21 sys=0.00, real=0.04 secs] 
16.711: Total time for which application threads were stopped: 0.0336623 seconds
16.715: [Full GC (Ergonomics) [PSYoungGen: 65536K->19928K(76288K)] [ParOldGen: 174729K->174732K(175104K)] 240265K->194660K(251392K), [Metaspace: 4216K->4216K(1056768K)], 0.0336388 secs] [Times: user=0.21 sys=0.00, real=0.03 secs] 
16.749: Total time for which application threads were stopped: 0.0337440 seconds
16.753: [Full GC (Ergonomics) [PSYoungGen: 65536K->19923K(76288K)] [ParOldGen: 174732K->174737K(175104K)] 240268K->194660K(251392K), [Metaspace: 4216K->4216K(1056768K)], 0.0293085 secs] [Times: user=0.17 sys=0.00, real=0.03 secs] 
16.782: Total time for which application threads were stopped: 0.0294453 seconds
16.786: [Full GC (Ergonomics) [PSYoungGen: 65536K->19926K(76288K)] [ParOldGen: 174737K->174734K(175104K)] 240273K->194660K(251392K), [Metaspace: 4216K->4216K(1056768K)], 0.0316976 secs] [Times: user=0.17 sys=0.01, real=0.03 secs] 
16.818: Total time for which application threads were stopped: 0.0318521 seconds
16.822: [Full GC (Ergonomics) [PSYoungGen: 65536K->19928K(76288K)] [ParOldGen: 174734K->174732K(175104K)] 240270K->194660K(251392K), [Metaspace: 4216K->4216K(1056768K)], 0.0338113 secs] [Times: user=0.19 sys=0.00, real=0.03 secs] 
16.856: Total time for which application threads were stopped: 0.0339114 seconds
16.859: [Full GC (Ergonomics) [PSYoungGen: 65536K->19922K(76288K)] [ParOldGen: 174732K->174737K(175104K)] 240268K->194660K(251392K), [Metaspace: 4216K->4216K(1056768K)], 0.0349365 secs] [Times: user=0.19 sys=0.00, real=0.04 secs] 
16.894: Total time for which application threads were stopped: 0.0350380 seconds
16.898: [Full GC (Ergonomics) [PSYoungGen: 65536K->19937K(76288K)] [ParOldGen: 174737K->174722K(175104K)] 240273K->194660K(251392K), [Metaspace: 4216K->4216K(1056768K)], 0.0342488 secs] [Times: user=0.22 sys=0.01, real=0.04 secs] 
16.932: Total time for which application threads were stopped: 0.0343544 seconds
16.936: [Full GC (Ergonomics) [PSYoungGen: 65536K->19931K(76288K)] [ParOldGen: 174722K->174728K(175104K)] 240258K->194660K(251392K), [Metaspace: 4216K->4216K(1056768K)], 0.0343834 secs] [Times: user=0.22 sys=0.00, real=0.04 secs] 
16.970: Total time for which application threads were stopped: 0.0344996 seconds
16.974: [Full GC (Ergonomics) [PSYoungGen: 65536K->19924K(76288K)] [ParOldGen: 174728K->174736K(175104K)] 240264K->194660K(251392K), [Metaspace: 4216K->4216K(1056768K)], 0.0347974 secs] [Times: user=0.23 sys=0.00, real=0.03 secs] 
17.009: Total time for which application threads were stopped: 0.0349207 seconds
17.013: [Full GC (Ergonomics) [PSYoungGen: 65536K->19931K(76288K)] [ParOldGen: 174736K->174728K(175104K)] 240272K->194660K(251392K), [Metaspace: 4216K->4216K(1056768K)], 0.0331544 secs] [Times: user=0.19 sys=0.00, real=0.03 secs] 
17.046: Total time for which application threads were stopped: 0.0333138 seconds
17.050: [Full GC (Ergonomics) [PSYoungGen: 65536K->19927K(76288K)] [ParOldGen: 174728K->174733K(175104K)] 240264K->194660K(251392K), [Metaspace: 4216K->4216K(1056768K)], 0.0332411 secs] [Times: user=0.20 sys=0.00, real=0.04 secs] 
17.083: Total time for which application threads were stopped: 0.0333783 seconds
17.087: [Full GC (Ergonomics) [PSYoungGen: 65536K->19918K(76288K)] [ParOldGen: 174733K->174742K(175104K)] 240269K->194660K(251392K), [Metaspace: 4216K->4216K(1056768K)], 0.0341525 secs] [Times: user=0.21 sys=0.01, real=0.04 secs] 
17.121: Total time for which application threads were stopped: 0.0342728 seconds
17.124: [Full GC (Ergonomics) [PSYoungGen: 65536K->19921K(76288K)] [ParOldGen: 174742K->174739K(175104K)] 240278K->194660K(251392K), [Metaspace: 4216K->4216K(1056768K)], 0.0345750 secs] [Times: user=0.19 sys=0.00, real=0.03 secs] 
17.159: Total time for which application threads were stopped: 0.0346895 seconds
17.163: [Full GC (Ergonomics) [PSYoungGen: 65536K->19918K(76288K)] [ParOldGen: 174739K->174742K(175104K)] 240275K->194660K(251392K), [Metaspace: 4216K->4216K(1056768K)], 0.0341600 secs] [Times: user=0.22 sys=0.00, real=0.03 secs] 
17.197: Total time for which application threads were stopped: 0.0342832 seconds
17.200: [Full GC (Ergonomics) [PSYoungGen: 65536K->19924K(76288K)] [ParOldGen: 174742K->174735K(175104K)] 240278K->194660K(251392K), [Metaspace: 4216K->4216K(1056768K)], 0.0343417 secs] [Times: user=0.21 sys=0.00, real=0.03 secs] 
17.235: Total time for which application threads were stopped: 0.0344580 seconds
17.238: [Full GC (Ergonomics) [PSYoungGen: 65536K->19919K(76288K)] [ParOldGen: 174735K->174740K(175104K)] 240271K->194660K(251392K), [Metaspace: 4216K->4216K(1056768K)], 0.0348358 secs] [Times: user=0.21 sys=0.00, real=0.04 secs] 
17.273: Total time for which application threads were stopped: 0.0349719 seconds
17.277: [Full GC (Ergonomics) [PSYoungGen: 65536K->19923K(76288K)] [ParOldGen: 174740K->174736K(175104K)] 240276K->194660K(251392K), [Metaspace: 4216K->4216K(1056768K)], 0.0343506 secs] [Times: user=0.20 sys=0.01, real=0.04 secs] 
17.311: Total time for which application threads were stopped: 0.0344574 seconds
17.315: [Full GC (Ergonomics) [PSYoungGen: 65536K->19938K(76288K)] [ParOldGen: 174736K->174721K(175104K)] 240272K->194660K(251392K), [Metaspace: 4216K->4216K(1056768K)], 0.0331792 secs] [Times: user=0.20 sys=0.00, real=0.03 secs] 
17.349: Total time for which application threads were stopped: 0.0333115 seconds
17.352: [Full GC (Ergonomics) [PSYoungGen: 65536K->19930K(76288K)] [ParOldGen: 174721K->174729K(175104K)] 240257K->194660K(251392K), [Metaspace: 4216K->4216K(1056768K)], 0.0337214 secs] [Times: user=0.21 sys=0.00, real=0.03 secs] 
17.386: Total time for which application threads were stopped: 0.0338241 seconds
17.390: [Full GC (Ergonomics) [PSYoungGen: 65536K->19942K(76288K)] [ParOldGen: 174729K->174717K(175104K)] 240265K->194660K(251392K), [Metaspace: 4216K->4216K(1056768K)], 0.0353065 secs] [Times: user=0.18 sys=0.00, real=0.03 secs] 
17.426: Total time for which application threads were stopped: 0.0354539 seconds
17.429: [Full GC (Ergonomics) [PSYoungGen: 65536K->19924K(76288K)] [ParOldGen: 174717K->174735K(175104K)] 240253K->194660K(251392K), [Metaspace: 4216K->4216K(1056768K)], 0.0345959 secs] [Times: user=0.22 sys=0.01, real=0.04 secs] 
17.464: Total time for which application threads were stopped: 0.0347313 seconds
17.468: [Full GC (Ergonomics) [PSYoungGen: 65536K->19930K(76288K)] [ParOldGen: 174735K->174730K(175104K)] 240271K->194660K(251392K), [Metaspace: 4216K->4216K(1056768K)], 0.0339666 secs] [Times: user=0.22 sys=0.00, real=0.04 secs] 
17.502: Total time for which application threads were stopped: 0.0341049 seconds
17.506: [Full GC (Ergonomics) [PSYoungGen: 65536K->19921K(76288K)] [ParOldGen: 174730K->174739K(175104K)] 240266K->194660K(251392K), [Metaspace: 4216K->4216K(1056768K)], 0.0336634 secs] [Times: user=0.18 sys=0.00, real=0.03 secs] 
17.539: Total time for which application threads were stopped: 0.0338131 seconds
17.543: [Full GC (Ergonomics) [PSYoungGen: 65536K->19921K(76288K)] [ParOldGen: 174739K->174738K(175104K)] 240275K->194660K(251392K), [Metaspace: 4216K->4216K(1056768K)], 0.0346586 secs] [Times: user=0.20 sys=0.00, real=0.03 secs] 
17.578: Total time for which application threads were stopped: 0.0347558 seconds
17.581: [Full GC (Ergonomics) [PSYoungGen: 65536K->19931K(76288K)] [ParOldGen: 174738K->174728K(175104K)] 240274K->194660K(251392K), [Metaspace: 4216K->4216K(1056768K)], 0.0342990 secs] [Times: user=0.22 sys=0.00, real=0.03 secs] 
17.616: Total time for which application threads were stopped: 0.0344230 seconds
17.619: [Full GC (Ergonomics) [PSYoungGen: 65536K->19931K(76288K)] [ParOldGen: 174728K->174729K(175104K)] 240264K->194660K(251392K), [Metaspace: 4216K->4216K(1056768K)], 0.0346666 secs] [Times: user=0.21 sys=0.00, real=0.04 secs] 
17.654: Total time for which application threads were stopped: 0.0347866 seconds
17.657: [Full GC (Ergonomics) [PSYoungGen: 65536K->19930K(76288K)] [ParOldGen: 174729K->174729K(175104K)] 240265K->194660K(251392K), [Metaspace: 4216K->4216K(1056768K)], 0.0341921 secs] [Times: user=0.20 sys=0.01, real=0.04 secs] 
17.692: Total time for which application threads were stopped: 0.0343440 seconds
17.695: [Full GC (Ergonomics) [PSYoungGen: 65536K->19925K(76288K)] [ParOldGen: 174729K->174735K(175104K)] 240265K->194660K(251392K), [Metaspace: 4216K->4216K(1056768K)], 0.0353138 secs] [Times: user=0.21 sys=0.00, real=0.04 secs] 
17.731: Total time for which application threads were stopped: 0.0354275 seconds
17.734: [Full GC (Ergonomics) [PSYoungGen: 65536K->19929K(76288K)] [ParOldGen: 174735K->174730K(175104K)] 240271K->194660K(251392K), [Metaspace: 4216K->4216K(1056768K)], 0.0347020 secs] [Times: user=0.22 sys=0.00, real=0.03 secs] 
17.769: Total time for which application threads were stopped: 0.0348060 seconds
17.772: [Full GC (Ergonomics) [PSYoungGen: 65536K->19930K(76288K)] [ParOldGen: 174730K->174730K(175104K)] 240266K->194660K(251392K), [Metaspace: 4216K->4216K(1056768K)], 0.0336645 secs] [Times: user=0.22 sys=0.00, real=0.03 secs] 
17.806: Total time for which application threads were stopped: 0.0337884 seconds
17.810: [Full GC (Ergonomics) [PSYoungGen: 65536K->19923K(76288K)] [ParOldGen: 174730K->174737K(175104K)] 240266K->194660K(251392K), [Metaspace: 4216K->4216K(1056768K)], 0.0339998 secs] [Times: user=0.21 sys=0.00, real=0.03 secs] 
17.844: Total time for which application threads were stopped: 0.0341371 seconds
17.848: [Full GC (Ergonomics) [PSYoungGen: 65536K->19922K(76288K)] [ParOldGen: 174737K->174738K(175104K)] 240273K->194660K(251392K), [Metaspace: 4216K->4216K(1056768K)], 0.0348794 secs] [Times: user=0.21 sys=0.01, real=0.04 secs] 
17.883: Total time for which application threads were stopped: 0.0350210 seconds
17.886: [Full GC (Ergonomics) [PSYoungGen: 65536K->19923K(76288K)] [ParOldGen: 174738K->174737K(175104K)] 240274K->194660K(251392K), [Metaspace: 4216K->4216K(1056768K)], 0.0345269 secs] [Times: user=0.22 sys=0.00, real=0.04 secs] 
17.921: Total time for which application threads were stopped: 0.0346451 seconds
17.925: [Full GC (Ergonomics) [PSYoungGen: 65536K->19925K(76288K)] [ParOldGen: 174737K->174734K(175104K)] 240273K->194660K(251392K), [Metaspace: 4216K->4216K(1056768K)], 0.0343799 secs] [Times: user=0.22 sys=0.00, real=0.03 secs] 
17.959: Total time for which application threads were stopped: 0.0345285 seconds
17.963: [Full GC (Ergonomics) [PSYoungGen: 65536K->19923K(76288K)] [ParOldGen: 174734K->174737K(175104K)] 240270K->194660K(251392K), [Metaspace: 4216K->4216K(1056768K)], 0.0343664 secs] [Times: user=0.22 sys=0.00, real=0.03 secs] 
17.997: Total time for which application threads were stopped: 0.0344956 seconds
18.001: [Full GC (Ergonomics) [PSYoungGen: 65536K->19925K(76288K)] [ParOldGen: 174737K->174735K(175104K)] 240273K->194660K(251392K), [Metaspace: 4216K->4216K(1056768K)], 0.0340888 secs] [Times: user=0.22 sys=0.00, real=0.03 secs] 
18.035: Total time for which application threads were stopped: 0.0342285 seconds
18.038: [Full GC (Ergonomics) [PSYoungGen: 65536K->19926K(76288K)] [ParOldGen: 174735K->174734K(175104K)] 240271K->194660K(251392K), [Metaspace: 4216K->4216K(1056768K)], 0.0336200 secs] [Times: user=0.20 sys=0.01, real=0.04 secs] 
18.072: Total time for which application threads were stopped: 0.0337251 seconds
18.076: [Full GC (Ergonomics) [PSYoungGen: 65536K->19925K(76288K)] [ParOldGen: 174734K->174735K(175104K)] 240270K->194660K(251392K), [Metaspace: 4216K->4216K(1056768K)], 0.0343234 secs] [Times: user=0.22 sys=0.00, real=0.04 secs] 
18.110: Total time for which application threads were stopped: 0.0344456 seconds
18.114: [Full GC (Ergonomics) [PSYoungGen: 65536K->19919K(76288K)] [ParOldGen: 174735K->174741K(175104K)] 240271K->194660K(251392K), [Metaspace: 4216K->4216K(1056768K)], 0.0341527 secs] [Times: user=0.22 sys=0.00, real=0.03 secs] 
18.148: Total time for which application threads were stopped: 0.0342764 seconds
18.152: [Full GC (Ergonomics) [PSYoungGen: 65536K->19915K(76288K)] [ParOldGen: 174741K->174744K(175104K)] 240277K->194660K(251392K), [Metaspace: 4216K->4216K(1056768K)], 0.0322032 secs] [Times: user=0.20 sys=0.00, real=0.03 secs] 
18.184: Total time for which application threads were stopped: 0.0323440 seconds
18.188: [Full GC (Ergonomics) [PSYoungGen: 65536K->19925K(76288K)] [ParOldGen: 174744K->174734K(175104K)] 240280K->194660K(251392K), [Metaspace: 4216K->4216K(1056768K)], 0.0341133 secs] [Times: user=0.21 sys=0.00, real=0.04 secs] 
18.222: Total time for which application threads were stopped: 0.0342566 seconds
18.225: [Full GC (Ergonomics) [PSYoungGen: 65536K->19933K(76288K)] [ParOldGen: 174734K->174726K(175104K)] 240270K->194660K(251392K), [Metaspace: 4216K->4216K(1056768K)], 0.0346245 secs] [Times: user=0.21 sys=0.00, real=0.04 secs] 
18.260: Total time for which application threads were stopped: 0.0347661 seconds
18.264: [Full GC (Ergonomics) [PSYoungGen: 65536K->19937K(76288K)] [ParOldGen: 174726K->174723K(175104K)] 240262K->194660K(251392K), [Metaspace: 4216K->4216K(1056768K)], 0.0341316 secs] [Times: user=0.21 sys=0.01, real=0.03 secs] 
18.298: Total time for which application threads were stopped: 0.0343088 seconds
18.302: [Full GC (Ergonomics) [PSYoungGen: 65536K->19923K(76288K)] [ParOldGen: 174723K->174736K(175104K)] 240259K->194660K(251392K), [Metaspace: 4216K->4216K(1056768K)], 0.0337869 secs] [Times: user=0.21 sys=0.00, real=0.03 secs] 
18.336: Total time for which application threads were stopped: 0.0339113 seconds
18.340: [Full GC (Ergonomics) [PSYoungGen: 65536K->19936K(76288K)] [ParOldGen: 174736K->174723K(175104K)] 240272K->194660K(251392K), [Metaspace: 4216K->4216K(1056768K)], 0.0340851 secs] [Times: user=0.21 sys=0.00, real=0.04 secs] 
18.374: Total time for which application threads were stopped: 0.0341912 seconds
18.378: [Full GC (Ergonomics) [PSYoungGen: 65536K->19931K(76288K)] [ParOldGen: 174723K->174728K(175104K)] 240259K->194660K(251392K), [Metaspace: 4216K->4216K(1056768K)], 0.0327501 secs] [Times: user=0.19 sys=0.00, real=0.04 secs] 
18.410: Total time for which application threads were stopped: 0.0328736 seconds
18.414: [Full GC (Ergonomics) [PSYoungGen: 65536K->19924K(76288K)] [ParOldGen: 174728K->174735K(175104K)] 240264K->194660K(251392K), [Metaspace: 4216K->4216K(1056768K)], 0.0346475 secs] [Times: user=0.22 sys=0.00, real=0.03 secs] 
18.449: Total time for which application threads were stopped: 0.0348366 seconds
18.452: [Full GC (Ergonomics) [PSYoungGen: 65536K->19932K(76288K)] [ParOldGen: 174735K->174728K(175104K)] 240271K->194660K(251392K), [Metaspace: 4216K->4216K(1056768K)], 0.0342359 secs] [Times: user=0.22 sys=0.01, real=0.03 secs] 
18.487: Total time for which application threads were stopped: 0.0344034 seconds
18.490: [Full GC (Ergonomics) [PSYoungGen: 65536K->19936K(76288K)] [ParOldGen: 174728K->174723K(175104K)] 240264K->194660K(251392K), [Metaspace: 4216K->4216K(1056768K)], 0.0336751 secs] [Times: user=0.21 sys=0.00, real=0.03 secs] 
18.524: Total time for which application threads were stopped: 0.0338204 seconds
18.528: [Full GC (Ergonomics) [PSYoungGen: 65536K->19929K(76288K)] [ParOldGen: 174723K->174731K(175104K)] 240259K->194660K(251392K), [Metaspace: 4216K->4216K(1056768K)], 0.0352661 secs] [Times: user=0.21 sys=0.00, real=0.04 secs] 
18.563: Total time for which application threads were stopped: 0.0354144 seconds
18.567: [Full GC (Ergonomics) [PSYoungGen: 65536K->19923K(76288K)] [ParOldGen: 174731K->174737K(175104K)] 240267K->194660K(251392K), [Metaspace: 4216K->4216K(1056768K)], 0.0342772 secs] [Times: user=0.23 sys=0.00, real=0.04 secs] 
18.601: Total time for which application threads were stopped: 0.0344435 seconds
18.605: [Full GC (Ergonomics) [PSYoungGen: 65536K->19927K(76288K)] [ParOldGen: 174737K->174732K(175104K)] 240273K->194660K(251392K), [Metaspace: 4216K->4216K(1056768K)], 0.0346595 secs] [Times: user=0.21 sys=0.00, real=0.03 secs] 
18.640: Total time for which application threads were stopped: 0.0347941 seconds
18.643: [Full GC (Ergonomics) [PSYoungGen: 65536K->19925K(76288K)] [ParOldGen: 174732K->174734K(175104K)] 240268K->194660K(251392K), [Metaspace: 4216K->4216K(1056768K)], 0.0341000 secs] [Times: user=0.20 sys=0.01, real=0.03 secs] 
18.678: Total time for which application threads were stopped: 0.0342243 seconds
18.681: [Full GC (Ergonomics) [PSYoungGen: 65536K->19926K(76288K)] [ParOldGen: 174734K->174733K(175104K)] 240270K->194660K(251392K), [Metaspace: 4216K->4216K(1056768K)], 0.0335895 secs] [Times: user=0.20 sys=0.00, real=0.03 secs] 
18.715: Total time for which application threads were stopped: 0.0337138 seconds
18.718: [Full GC (Ergonomics) [PSYoungGen: 65536K->19918K(76288K)] [ParOldGen: 174733K->174742K(175104K)] 240269K->194660K(251392K), [Metaspace: 4216K->4216K(1056768K)], 0.0348254 secs] [Times: user=0.21 sys=0.00, real=0.04 secs] 
18.753: Total time for which application threads were stopped: 0.0349731 seconds
18.757: [Full GC (Ergonomics) [PSYoungGen: 65536K->19935K(76288K)] [ParOldGen: 174742K->174725K(175104K)] 240278K->194660K(251392K), [Metaspace: 4216K->4216K(1056768K)], 0.0340033 secs] [Times: user=0.21 sys=0.00, real=0.04 secs] 
18.791: Total time for which application threads were stopped: 0.0341575 seconds
18.795: [Full GC (Ergonomics) [PSYoungGen: 65536K->19927K(76288K)] [ParOldGen: 174725K->174732K(175104K)] 240261K->194660K(251392K), [Metaspace: 4216K->4216K(1056768K)], 0.0343837 secs] [Times: user=0.21 sys=0.00, real=0.03 secs] 
18.829: Total time for which application threads were stopped: 0.0345052 seconds
18.833: [Full GC (Ergonomics) [PSYoungGen: 65536K->19924K(76288K)] [ParOldGen: 174732K->174735K(175104K)] 240268K->194660K(251392K), [Metaspace: 4216K->4216K(1056768K)], 0.0322450 secs] [Times: user=0.22 sys=0.01, real=0.03 secs] 
18.865: Total time for which application threads were stopped: 0.0323690 seconds
18.870: [Full GC (Ergonomics) [PSYoungGen: 65536K->19932K(76288K)] [ParOldGen: 174735K->174728K(175104K)] 240271K->194660K(251392K), [Metaspace: 4216K->4216K(1056768K)], 0.0341086 secs] [Times: user=0.21 sys=0.00, real=0.03 secs] 
18.904: Total time for which application threads were stopped: 0.0342373 seconds
18.908: [Full GC (Ergonomics) [PSYoungGen: 65536K->19920K(76288K)] [ParOldGen: 174728K->174739K(175104K)] 240264K->194660K(251392K), [Metaspace: 4216K->4216K(1056768K)], 0.0346747 secs] [Times: user=0.21 sys=0.00, real=0.04 secs] 
18.942: Total time for which application threads were stopped: 0.0347948 seconds
18.946: [Full GC (Ergonomics) [PSYoungGen: 65536K->19930K(76288K)] [ParOldGen: 174739K->174730K(175104K)] 240275K->194660K(251392K), [Metaspace: 4216K->4216K(1056768K)], 0.0350640 secs] [Times: user=0.22 sys=0.00, real=0.04 secs] 
18.981: Total time for which application threads were stopped: 0.0351821 seconds
18.984: [Full GC (Ergonomics) [PSYoungGen: 65536K->19936K(76288K)] [ParOldGen: 174730K->174723K(175104K)] 240266K->194660K(251392K), [Metaspace: 4216K->4216K(1056768K)], 0.0327594 secs] [Times: user=0.20 sys=0.00, real=0.03 secs] 
19.017: Total time for which application threads were stopped: 0.0329108 seconds
19.021: [Full GC (Ergonomics) [PSYoungGen: 65536K->19924K(76288K)] [ParOldGen: 174723K->174736K(175104K)] 240259K->194660K(251392K), [Metaspace: 4216K->4216K(1056768K)], 0.0340042 secs] [Times: user=0.21 sys=0.01, real=0.03 secs] 
19.055: Total time for which application threads were stopped: 0.0341228 seconds
19.058: [Full GC (Ergonomics) [PSYoungGen: 65536K->19922K(76288K)] [ParOldGen: 174736K->174737K(175104K)] 240272K->194660K(251392K), [Metaspace: 4216K->4216K(1056768K)], 0.0343117 secs] [Times: user=0.21 sys=0.00, real=0.04 secs] 
19.093: Total time for which application threads were stopped: 0.0344562 seconds
19.096: [Full GC (Ergonomics) [PSYoungGen: 65536K->19927K(76288K)] [ParOldGen: 174737K->174733K(175104K)] 240273K->194660K(251392K), [Metaspace: 4216K->4216K(1056768K)], 0.0325863 secs] [Times: user=0.18 sys=0.00, real=0.03 secs] 
19.129: Total time for which application threads were stopped: 0.0327148 seconds
19.133: [Full GC (Ergonomics) [PSYoungGen: 65536K->19930K(76288K)] [ParOldGen: 174733K->174729K(175104K)] 240269K->194660K(251392K), [Metaspace: 4216K->4216K(1056768K)], 0.0335024 secs] [Times: user=0.18 sys=0.00, real=0.03 secs] 
19.166: Total time for which application threads were stopped: 0.0336538 seconds
19.170: [Full GC (Ergonomics) [PSYoungGen: 65536K->19924K(76288K)] [ParOldGen: 174729K->174735K(175104K)] 240265K->194660K(251392K), [Metaspace: 4216K->4216K(1056768K)], 0.0336555 secs] [Times: user=0.20 sys=0.01, real=0.04 secs] 
19.204: Total time for which application threads were stopped: 0.0338200 seconds
19.207: [Full GC (Ergonomics) [PSYoungGen: 65536K->19935K(76288K)] [ParOldGen: 174735K->174725K(175104K)] 240271K->194660K(251392K), [Metaspace: 4216K->4216K(1056768K)], 0.0307328 secs] [Times: user=0.20 sys=0.00, real=0.03 secs] 
19.238: Total time for which application threads were stopped: 0.0308866 seconds
19.242: [Full GC (Ergonomics) [PSYoungGen: 65536K->19931K(76288K)] [ParOldGen: 174725K->174729K(175104K)] 240261K->194660K(251392K), [Metaspace: 4216K->4216K(1056768K)], 0.0336005 secs] [Times: user=0.22 sys=0.00, real=0.03 secs] 
19.276: Total time for which application threads were stopped: 0.0337465 seconds
19.280: [Full GC (Ergonomics) [PSYoungGen: 65536K->19927K(76288K)] [ParOldGen: 174729K->174733K(175104K)] 240265K->194660K(251392K), [Metaspace: 4216K->4216K(1056768K)], 0.0342386 secs] [Times: user=0.21 sys=0.00, real=0.04 secs] 
19.314: Total time for which application threads were stopped: 0.0344118 seconds
19.318: [Full GC (Ergonomics) [PSYoungGen: 65536K->19939K(76288K)] [ParOldGen: 174733K->174721K(175104K)] 240269K->194660K(251392K), [Metaspace: 4216K->4216K(1056768K)], 0.0324139 secs] [Times: user=0.20 sys=0.00, real=0.04 secs] 
19.350: Total time for which application threads were stopped: 0.0325593 seconds
19.354: [Full GC (Ergonomics) [PSYoungGen: 65536K->19935K(76288K)] [ParOldGen: 174721K->174725K(175104K)] 240257K->194660K(251392K), [Metaspace: 4216K->4216K(1056768K)], 0.0345120 secs] [Times: user=0.21 sys=0.01, real=0.03 secs] 
19.388: Total time for which application threads were stopped: 0.0346371 seconds
19.392: [Full GC (Ergonomics) [PSYoungGen: 65536K->19923K(76288K)] [ParOldGen: 174725K->174736K(175104K)] 240261K->194660K(251392K), [Metaspace: 4216K->4216K(1056768K)], 0.0358606 secs] [Times: user=0.19 sys=0.00, real=0.03 secs] 
19.428: Total time for which application threads were stopped: 0.0360487 seconds
19.432: [Full GC (Ergonomics) [PSYoungGen: 65536K->19928K(76288K)] [ParOldGen: 174736K->174731K(175104K)] 240272K->194660K(251392K), [Metaspace: 4216K->4216K(1056768K)], 0.0354497 secs] [Times: user=0.22 sys=0.00, real=0.03 secs] 
19.467: Total time for which application threads were stopped: 0.0355764 seconds
19.471: [Full GC (Ergonomics) [PSYoungGen: 65536K->19929K(76288K)] [ParOldGen: 174731K->174730K(175104K)] 240267K->194660K(251392K), [Metaspace: 4216K->4216K(1056768K)], 0.0337399 secs] [Times: user=0.21 sys=0.00, real=0.03 secs] 
19.505: Total time for which application threads were stopped: 0.0339602 seconds
19.509: [Full GC (Ergonomics) [PSYoungGen: 65536K->19928K(76288K)] [ParOldGen: 174730K->174732K(175104K)] 240266K->194660K(251392K), [Metaspace: 4216K->4216K(1056768K)], 0.0350818 secs] [Times: user=0.20 sys=0.00, real=0.04 secs] 
19.544: Total time for which application threads were stopped: 0.0352224 seconds
19.547: [Full GC (Ergonomics) [PSYoungGen: 65536K->19934K(76288K)] [ParOldGen: 174732K->174725K(175104K)] 240268K->194660K(251392K), [Metaspace: 4216K->4216K(1056768K)], 0.0340086 secs] [Times: user=0.21 sys=0.01, real=0.04 secs] 
19.581: Total time for which application threads were stopped: 0.0341267 seconds
19.585: [Full GC (Ergonomics) [PSYoungGen: 65536K->19935K(76288K)] [ParOldGen: 174725K->174724K(175104K)] 240261K->194660K(251392K), [Metaspace: 4216K->4216K(1056768K)], 0.0344012 secs] [Times: user=0.22 sys=0.00, real=0.03 secs] 
19.620: Total time for which application threads were stopped: 0.0345287 seconds
19.623: [Full GC (Ergonomics) [PSYoungGen: 65536K->19925K(76288K)] [ParOldGen: 174724K->174734K(175104K)] 240260K->194660K(251392K), [Metaspace: 4216K->4216K(1056768K)], 0.0331247 secs] [Times: user=0.18 sys=0.00, real=0.03 secs] 
19.656: Total time for which application threads were stopped: 0.0332334 seconds
19.660: [Full GC (Ergonomics) [PSYoungGen: 65536K->19939K(76288K)] [ParOldGen: 174734K->174721K(175104K)] 240270K->194660K(251392K), [Metaspace: 4216K->4216K(1056768K)], 0.0329941 secs] [Times: user=0.22 sys=0.00, real=0.03 secs] 
19.693: Total time for which application threads were stopped: 0.0331108 seconds
19.697: [Full GC (Ergonomics) [PSYoungGen: 65536K->19926K(76288K)] [ParOldGen: 174721K->174733K(175104K)] 240257K->194660K(251392K), [Metaspace: 4216K->4216K(1056768K)], 0.0316739 secs] [Times: user=0.21 sys=0.00, real=0.03 secs] 
19.729: Total time for which application threads were stopped: 0.0318032 seconds
19.732: [Full GC (Ergonomics) [PSYoungGen: 65536K->19919K(76288K)] [ParOldGen: 174733K->174741K(175104K)] 240269K->194660K(251392K), [Metaspace: 4216K->4216K(1056768K)], 0.0331122 secs] [Times: user=0.23 sys=0.01, real=0.03 secs] 
19.765: Total time for which application threads were stopped: 0.0332623 seconds
19.769: [Full GC (Ergonomics) [PSYoungGen: 65536K->19938K(76288K)] [ParOldGen: 174741K->174722K(175104K)] 240277K->194660K(251392K), [Metaspace: 4216K->4216K(1056768K)], 0.0318623 secs] [Times: user=0.19 sys=0.00, real=0.04 secs] 
19.800: Total time for which application threads were stopped: 0.0319978 seconds
19.804: [Full GC (Ergonomics) [PSYoungGen: 65536K->19917K(76288K)] [ParOldGen: 174722K->174743K(175104K)] 240258K->194660K(251392K), [Metaspace: 4216K->4216K(1056768K)], 0.0330634 secs] [Times: user=0.22 sys=0.00, real=0.03 secs] 
19.837: Total time for which application threads were stopped: 0.0331797 seconds
19.840: [Full GC (Ergonomics) [PSYoungGen: 65536K->19928K(76288K)] [ParOldGen: 174743K->174731K(175104K)] 240279K->194660K(251392K), [Metaspace: 4216K->4216K(1056768K)], 0.0323554 secs] [Times: user=0.20 sys=0.00, real=0.03 secs] 
19.873: Total time for which application threads were stopped: 0.0324894 seconds
19.876: [Full GC (Ergonomics) [PSYoungGen: 65536K->19925K(76288K)] [ParOldGen: 174731K->174734K(175104K)] 240267K->194660K(251392K), [Metaspace: 4216K->4216K(1056768K)], 0.0324073 secs] [Times: user=0.22 sys=0.00, real=0.03 secs] 
19.909: Total time for which application threads were stopped: 0.0325481 seconds
19.912: [Full GC (Ergonomics) [PSYoungGen: 65536K->19932K(76288K)] [ParOldGen: 174734K->174728K(175104K)] 240270K->194660K(251392K), [Metaspace: 4216K->4216K(1056768K)], 0.0313361 secs] [Times: user=0.20 sys=0.01, real=0.03 secs] 
19.944: Total time for which application threads were stopped: 0.0314714 seconds
19.948: [Full GC (Ergonomics) [PSYoungGen: 65536K->19926K(76288K)] [ParOldGen: 174728K->174734K(175104K)] 240264K->194660K(251392K), [Metaspace: 4216K->4216K(1056768K)], 0.0332682 secs] [Times: user=0.23 sys=0.00, real=0.04 secs] 
19.981: Total time for which application threads were stopped: 0.0333908 seconds
19.984: [Full GC (Ergonomics) [PSYoungGen: 65536K->19926K(76288K)] [ParOldGen: 174734K->174733K(175104K)] 240270K->194660K(251392K), [Metaspace: 4216K->4216K(1056768K)], 0.0332225 secs] [Times: user=0.22 sys=0.00, real=0.03 secs] 
20.018: Total time for which application threads were stopped: 0.0333552 seconds
20.021: [Full GC (Ergonomics) [PSYoungGen: 65536K->19930K(76288K)] [ParOldGen: 174733K->174730K(175104K)] 240269K->194660K(251392K), [Metaspace: 4216K->4216K(1056768K)], 0.0330883 secs] [Times: user=0.21 sys=0.00, real=0.03 secs] 
20.054: Total time for which application threads were stopped: 0.0331945 seconds
20.058: [Full GC (Ergonomics) [PSYoungGen: 65536K->19932K(76288K)] [ParOldGen: 174730K->174727K(175104K)] 240266K->194660K(251392K), [Metaspace: 4216K->4216K(1056768K)], 0.0317807 secs] [Times: user=0.22 sys=0.00, real=0.03 secs] 
20.089: Total time for which application threads were stopped: 0.0318767 seconds
20.093: [Full GC (Ergonomics) [PSYoungGen: 65536K->19922K(76288K)] [ParOldGen: 174727K->174738K(175104K)] 240263K->194660K(251392K), [Metaspace: 4216K->4216K(1056768K)], 0.0326389 secs] [Times: user=0.22 sys=0.00, real=0.03 secs] 
20.126: Total time for which application threads were stopped: 0.0327670 seconds
20.129: [Full GC (Ergonomics) [PSYoungGen: 65536K->19923K(76288K)] [ParOldGen: 174738K->174737K(175104K)] 240274K->194660K(251392K), [Metaspace: 4216K->4216K(1056768K)], 0.0336847 secs] [Times: user=0.21 sys=0.00, real=0.04 secs] 
20.163: Total time for which application threads were stopped: 0.0338172 seconds
20.166: [Full GC (Ergonomics) [PSYoungGen: 65536K->19934K(76288K)] [ParOldGen: 174737K->174725K(175104K)] 240273K->194660K(251392K), [Metaspace: 4216K->4216K(1056768K)], 0.0323957 secs] [Times: user=0.21 sys=0.01, real=0.03 secs] 
20.199: Total time for which application threads were stopped: 0.0324930 seconds
20.202: [Full GC (Ergonomics) [PSYoungGen: 65536K->19938K(76288K)] [ParOldGen: 174725K->174721K(175104K)] 240261K->194660K(251392K), [Metaspace: 4216K->4216K(1056768K)], 0.0327499 secs] [Times: user=0.21 sys=0.00, real=0.03 secs] 
20.235: Total time for which application threads were stopped: 0.0328494 seconds
20.238: [Full GC (Ergonomics) [PSYoungGen: 65536K->19926K(76288K)] [ParOldGen: 174721K->174733K(175104K)] 240257K->194660K(251392K), [Metaspace: 4216K->4216K(1056768K)], 0.0328858 secs] [Times: user=0.22 sys=0.00, real=0.04 secs] 
20.271: Total time for which application threads were stopped: 0.0330010 seconds
20.275: [Full GC (Ergonomics) [PSYoungGen: 65536K->19930K(76288K)] [ParOldGen: 174733K->174729K(175104K)] 240269K->194660K(251392K), [Metaspace: 4216K->4216K(1056768K)], 0.0327421 secs] [Times: user=0.20 sys=0.00, real=0.03 secs] 
20.307: Total time for which application threads were stopped: 0.0328566 seconds
20.311: [Full GC (Ergonomics) [PSYoungGen: 65536K->19931K(76288K)] [ParOldGen: 174729K->174729K(175104K)] 240265K->194660K(251392K), [Metaspace: 4216K->4216K(1056768K)], 0.0323640 secs] [Times: user=0.22 sys=0.00, real=0.03 secs] 
20.343: Total time for which application threads were stopped: 0.0325371 seconds
20.347: [Full GC (Ergonomics) [PSYoungGen: 65536K->19940K(76288K)] [ParOldGen: 174729K->174720K(175104K)] 240265K->194660K(251392K), [Metaspace: 4216K->4216K(1056768K)], 0.0333719 secs] [Times: user=0.21 sys=0.00, real=0.04 secs] 
20.381: Total time for which application threads were stopped: 0.0335115 seconds
20.384: [Full GC (Ergonomics) [PSYoungGen: 65536K->19928K(76288K)] [ParOldGen: 174720K->174731K(175104K)] 240256K->194660K(251392K), [Metaspace: 4216K->4216K(1056768K)], 0.0315102 secs] [Times: user=0.20 sys=0.00, real=0.03 secs] 
20.416: Total time for which application threads were stopped: 0.0316324 seconds
20.419: [Full GC (Ergonomics) [PSYoungGen: 65536K->19931K(76288K)] [ParOldGen: 174731K->174729K(175104K)] 240267K->194660K(251392K), [Metaspace: 4216K->4216K(1056768K)], 0.0325198 secs] [Times: user=0.21 sys=0.01, real=0.04 secs] 
20.452: Total time for which application threads were stopped: 0.0326593 seconds
20.455: [Full GC (Ergonomics) [PSYoungGen: 65536K->19929K(76288K)] [ParOldGen: 174729K->174731K(175104K)] 240265K->194660K(251392K), [Metaspace: 4216K->4216K(1056768K)], 0.0328497 secs] [Times: user=0.22 sys=0.00, real=0.03 secs] 
20.488: Total time for which application threads were stopped: 0.0329721 seconds
20.492: [Full GC (Ergonomics) [PSYoungGen: 65536K->19931K(76288K)] [ParOldGen: 174731K->174728K(175104K)] 240267K->194660K(251392K), [Metaspace: 4216K->4216K(1056768K)], 0.0325140 secs] [Times: user=0.21 sys=0.00, real=0.03 secs] 
20.524: Total time for which application threads were stopped: 0.0326465 seconds
20.528: [Full GC (Ergonomics) [PSYoungGen: 65536K->19937K(76288K)] [ParOldGen: 174728K->174723K(175104K)] 240264K->194660K(251392K), [Metaspace: 4216K->4216K(1056768K)], 0.0324023 secs] [Times: user=0.22 sys=0.00, real=0.04 secs] 
20.560: Total time for which application threads were stopped: 0.0325389 seconds
20.564: [Full GC (Ergonomics) [PSYoungGen: 65536K->19933K(76288K)] [ParOldGen: 174723K->174726K(175104K)] 240259K->194660K(251392K), [Metaspace: 4216K->4216K(1056768K)], 0.0333584 secs] [Times: user=0.22 sys=0.00, real=0.03 secs] 
20.597: Total time for which application threads were stopped: 0.0335069 seconds
20.601: [Full GC (Ergonomics) [PSYoungGen: 65536K->19925K(76288K)] [ParOldGen: 174726K->174734K(175104K)] 240262K->194660K(251392K), [Metaspace: 4216K->4216K(1056768K)], 0.0312270 secs] [Times: user=0.19 sys=0.00, real=0.03 secs] 
20.632: Total time for which application threads were stopped: 0.0313583 seconds
20.635: [Full GC (Ergonomics) [PSYoungGen: 65536K->19922K(76288K)] [ParOldGen: 174734K->174737K(175104K)] 240270K->194660K(251392K), [Metaspace: 4216K->4216K(1056768K)], 0.0334262 secs] [Times: user=0.20 sys=0.00, real=0.03 secs] 
20.669: Total time for which application threads were stopped: 0.0335401 seconds
20.672: [Full GC (Ergonomics) [PSYoungGen: 65536K->19931K(76288K)] [ParOldGen: 174737K->174729K(175104K)] 240273K->194660K(251392K), [Metaspace: 4216K->4216K(1056768K)], 0.0304289 secs] [Times: user=0.15 sys=0.01, real=0.03 secs] 
20.703: Total time for which application threads were stopped: 0.0305677 seconds
20.706: [Full GC (Ergonomics) [PSYoungGen: 65536K->19928K(76288K)] [ParOldGen: 174729K->174732K(175104K)] 240265K->194660K(251392K), [Metaspace: 4216K->4216K(1056768K)], 0.0323541 secs] [Times: user=0.21 sys=0.00, real=0.03 secs] 
20.739: Total time for which application threads were stopped: 0.0324874 seconds
20.742: [Full GC (Ergonomics) [PSYoungGen: 65536K->19938K(76288K)] [ParOldGen: 174732K->174721K(175104K)] 240268K->194660K(251392K), [Metaspace: 4216K->4216K(1056768K)], 0.0321088 secs] [Times: user=0.21 sys=0.00, real=0.03 secs] 
20.774: Total time for which application threads were stopped: 0.0322091 seconds
20.778: [Full GC (Ergonomics) [PSYoungGen: 65536K->19933K(76288K)] [ParOldGen: 174721K->174726K(175104K)] 240257K->194660K(251392K), [Metaspace: 4216K->4216K(1056768K)], 0.0320948 secs] [Times: user=0.20 sys=0.00, real=0.04 secs] 
20.810: Total time for which application threads were stopped: 0.0322403 seconds
20.813: [Full GC (Ergonomics) [PSYoungGen: 65536K->19922K(76288K)] [ParOldGen: 174726K->174738K(175104K)] 240262K->194660K(251392K), [Metaspace: 4216K->4216K(1056768K)], 0.0320300 secs] [Times: user=0.22 sys=0.00, real=0.03 secs] 
20.845: Total time for which application threads were stopped: 0.0321418 seconds
20.849: [Full GC (Ergonomics) [PSYoungGen: 65536K->19935K(76288K)] [ParOldGen: 174738K->174725K(175104K)] 240274K->194660K(251392K), [Metaspace: 4216K->4216K(1056768K)], 0.0330361 secs] [Times: user=0.21 sys=0.00, real=0.04 secs] 
20.882: Total time for which application threads were stopped: 0.0331463 seconds
20.885: [Full GC (Ergonomics) [PSYoungGen: 65536K->19919K(76288K)] [ParOldGen: 174725K->174740K(175104K)] 240261K->194660K(251392K), [Metaspace: 4216K->4216K(1056768K)], 0.0325389 secs] [Times: user=0.22 sys=0.00, real=0.03 secs] 
20.918: Total time for which application threads were stopped: 0.0326723 seconds
20.921: [Full GC (Ergonomics) [PSYoungGen: 65536K->19931K(76288K)] [ParOldGen: 174740K->174729K(175104K)] 240276K->194660K(251392K), [Metaspace: 4216K->4216K(1056768K)], 0.0326671 secs] [Times: user=0.22 sys=0.01, real=0.03 secs] 
20.954: Total time for which application threads were stopped: 0.0328431 seconds
20.958: [Full GC (Ergonomics) [PSYoungGen: 65536K->19919K(76288K)] [ParOldGen: 174729K->174740K(175104K)] 240265K->194660K(251392K), [Metaspace: 4216K->4216K(1056768K)], 0.0327150 secs] [Times: user=0.22 sys=0.00, real=0.04 secs] 
20.990: Total time for which application threads were stopped: 0.0328456 seconds
20.994: [Full GC (Ergonomics) [PSYoungGen: 65536K->19920K(76288K)] [ParOldGen: 174740K->174740K(175104K)] 240276K->194660K(251392K), [Metaspace: 4216K->4216K(1056768K)], 0.0313391 secs] [Times: user=0.21 sys=0.00, real=0.03 secs] 
21.025: Total time for which application threads were stopped: 0.0314841 seconds
21.029: [Full GC (Ergonomics) [PSYoungGen: 65536K->19925K(76288K)] [ParOldGen: 174740K->174734K(175104K)] 240276K->194660K(251392K), [Metaspace: 4216K->4216K(1056768K)], 0.0325137 secs] [Times: user=0.22 sys=0.00, real=0.04 secs] 
21.061: Total time for which application threads were stopped: 0.0326474 seconds
21.065: [Full GC (Ergonomics) [PSYoungGen: 65536K->19922K(76288K)] [ParOldGen: 174734K->174737K(175104K)] 240270K->194660K(251392K), [Metaspace: 4216K->4216K(1056768K)], 0.0326460 secs] [Times: user=0.23 sys=0.00, real=0.03 secs] 
21.097: Total time for which application threads were stopped: 0.0327816 seconds
21.101: [Full GC (Ergonomics) [PSYoungGen: 65536K->19936K(76288K)] [ParOldGen: 174737K->174724K(175104K)] 240273K->194660K(251392K), [Metaspace: 4216K->4216K(1056768K)], 0.0327796 secs] [Times: user=0.22 sys=0.00, real=0.03 secs] 
21.134: Total time for which application threads were stopped: 0.0329244 seconds
21.137: [Full GC (Ergonomics) [PSYoungGen: 65536K->19929K(76288K)] [ParOldGen: 174724K->174731K(175104K)] 240260K->194660K(251392K), [Metaspace: 4216K->4216K(1056768K)], 0.0326465 secs] [Times: user=0.21 sys=0.00, real=0.03 secs] 
21.170: Total time for which application threads were stopped: 0.0327793 seconds
21.173: [Full GC (Ergonomics) [PSYoungGen: 65536K->19935K(76288K)] [ParOldGen: 174731K->174724K(175104K)] 240267K->194660K(251392K), [Metaspace: 4216K->4216K(1056768K)], 0.0321367 secs] [Times: user=0.23 sys=0.01, real=0.03 secs] 
21.205: Total time for which application threads were stopped: 0.0322313 seconds
21.209: [Full GC (Ergonomics) [PSYoungGen: 65536K->19926K(76288K)] [ParOldGen: 174724K->174733K(175104K)] 240260K->194660K(251392K), [Metaspace: 4216K->4216K(1056768K)], 0.0302488 secs] [Times: user=0.19 sys=0.00, real=0.03 secs] 
21.239: Total time for which application threads were stopped: 0.0303671 seconds
21.242: [Full GC (Ergonomics) [PSYoungGen: 65536K->19930K(76288K)] [ParOldGen: 174733K->174729K(175104K)] 240269K->194660K(251392K), [Metaspace: 4216K->4216K(1056768K)], 0.0315746 secs] [Times: user=0.22 sys=0.00, real=0.03 secs] 
21.274: Total time for which application threads were stopped: 0.0317129 seconds
21.277: [Full GC (Ergonomics) [PSYoungGen: 65536K->19932K(76288K)] [ParOldGen: 174729K->174728K(175104K)] 240265K->194660K(251392K), [Metaspace: 4216K->4216K(1056768K)], 0.0308443 secs] [Times: user=0.20 sys=0.00, real=0.03 secs] 
21.308: Total time for which application threads were stopped: 0.0309364 seconds
21.312: [Full GC (Ergonomics) [PSYoungGen: 65536K->19924K(76288K)] [ParOldGen: 174728K->174736K(175104K)] 240264K->194660K(251392K), [Metaspace: 4216K->4216K(1056768K)], 0.0311481 secs] [Times: user=0.20 sys=0.00, real=0.03 secs] 
21.343: Total time for which application threads were stopped: 0.0312792 seconds
21.346: [Full GC (Ergonomics) [PSYoungGen: 65536K->19948K(76288K)] [ParOldGen: 174736K->174712K(175104K)] 240272K->194660K(251392K), [Metaspace: 4216K->4216K(1056768K)], 0.0326096 secs] [Times: user=0.22 sys=0.00, real=0.03 secs] 
21.379: Total time for which application threads were stopped: 0.0327436 seconds
21.382: [Full GC (Ergonomics) [PSYoungGen: 65536K->19938K(76288K)] [ParOldGen: 174712K->174721K(175104K)] 240248K->194660K(251392K), [Metaspace: 4216K->4216K(1056768K)], 0.0320121 secs] [Times: user=0.19 sys=0.01, real=0.03 secs] 
21.414: Total time for which application threads were stopped: 0.0321430 seconds
21.418: [Full GC (Ergonomics) [PSYoungGen: 65536K->19932K(76288K)] [ParOldGen: 174721K->174727K(175104K)] 240257K->194660K(251392K), [Metaspace: 4216K->4216K(1056768K)], 0.0325632 secs] [Times: user=0.22 sys=0.00, real=0.04 secs] 
21.451: Total time for which application threads were stopped: 0.0327010 seconds
21.454: [Full GC (Ergonomics) [PSYoungGen: 65536K->19923K(76288K)] [ParOldGen: 174727K->174736K(175104K)] 240263K->194660K(251392K), [Metaspace: 4216K->4216K(1056768K)], 0.0322174 secs] [Times: user=0.21 sys=0.00, real=0.03 secs] 
21.486: Total time for which application threads were stopped: 0.0323569 seconds
21.490: [Full GC (Ergonomics) [PSYoungGen: 65536K->19928K(76288K)] [ParOldGen: 174736K->174732K(175104K)] 240272K->194660K(251392K), [Metaspace: 4216K->4216K(1056768K)], 0.0325894 secs] [Times: user=0.22 sys=0.00, real=0.04 secs] 
21.522: Total time for which application threads were stopped: 0.0327221 seconds
21.526: [Full GC (Ergonomics) [PSYoungGen: 65536K->19928K(76288K)] [ParOldGen: 174732K->174731K(175104K)] 240268K->194660K(251392K), [Metaspace: 4216K->4216K(1056768K)], 0.0314617 secs] [Times: user=0.20 sys=0.00, real=0.03 secs] 
21.557: Total time for which application threads were stopped: 0.0316155 seconds
21.561: [Full GC (Ergonomics) [PSYoungGen: 65536K->19927K(76288K)] [ParOldGen: 174731K->174732K(175104K)] 240267K->194660K(251392K), [Metaspace: 4216K->4216K(1056768K)], 0.0295410 secs] [Times: user=0.20 sys=0.00, real=0.03 secs] 
21.590: Total time for which application threads were stopped: 0.0296890 seconds
21.594: [Full GC (Ergonomics) [PSYoungGen: 65536K->19944K(76288K)] [ParOldGen: 174732K->174715K(175104K)] 240268K->194660K(251392K), [Metaspace: 4216K->4216K(1056768K)], 0.0308223 secs] [Times: user=0.20 sys=0.00, real=0.03 secs] 
21.625: Total time for which application threads were stopped: 0.0309359 seconds
21.628: [Full GC (Ergonomics) [PSYoungGen: 65536K->19931K(76288K)] [ParOldGen: 174715K->174728K(175104K)] 240251K->194660K(251392K), [Metaspace: 4216K->4216K(1056768K)], 0.0333907 secs] [Times: user=0.20 sys=0.01, real=0.04 secs] 
21.662: Total time for which application threads were stopped: 0.0335065 seconds
21.665: [Full GC (Ergonomics) [PSYoungGen: 65536K->19930K(76288K)] [ParOldGen: 174728K->174729K(175104K)] 240264K->194660K(251392K), [Metaspace: 4216K->4216K(1056768K)], 0.0323905 secs] [Times: user=0.21 sys=0.00, real=0.03 secs] 
21.698: Total time for which application threads were stopped: 0.0325354 seconds
21.701: [Full GC (Ergonomics) [PSYoungGen: 65536K->19920K(76288K)] [ParOldGen: 174729K->174740K(175104K)] 240265K->194660K(251392K), [Metaspace: 4216K->4216K(1056768K)], 0.0329948 secs] [Times: user=0.22 sys=0.00, real=0.03 secs] 
21.734: Total time for which application threads were stopped: 0.0331207 seconds
21.738: [Full GC (Ergonomics) [PSYoungGen: 65536K->19936K(76288K)] [ParOldGen: 174740K->174724K(175104K)] 240276K->194660K(251392K), [Metaspace: 4216K->4216K(1056768K)], 0.0329288 secs] [Times: user=0.22 sys=0.00, real=0.04 secs] 
21.771: Total time for which application threads were stopped: 0.0330376 seconds
21.775: [Full GC (Ergonomics) [PSYoungGen: 65536K->19930K(76288K)] [ParOldGen: 174724K->174730K(175104K)] 240260K->194660K(251392K), [Metaspace: 4216K->4216K(1056768K)], 0.0330184 secs] [Times: user=0.23 sys=0.00, real=0.03 secs] 
21.808: Total time for which application threads were stopped: 0.0331650 seconds
21.811: [Full GC (Ergonomics) [PSYoungGen: 65536K->19925K(76288K)] [ParOldGen: 174730K->174734K(175104K)] 240266K->194660K(251392K), [Metaspace: 4216K->4216K(1056768K)], 0.0308296 secs] [Times: user=0.19 sys=0.00, real=0.03 secs] 
21.842: Total time for which application threads were stopped: 0.0309421 seconds
21.846: [Full GC (Ergonomics) [PSYoungGen: 65536K->19920K(76288K)] [ParOldGen: 174734K->174739K(175104K)] 240270K->194660K(251392K), [Metaspace: 4216K->4216K(1056768K)], 0.0321384 secs] [Times: user=0.21 sys=0.00, real=0.03 secs] 
21.878: Total time for which application threads were stopped: 0.0323006 seconds
21.882: [Full GC (Ergonomics) [PSYoungGen: 65536K->19932K(76288K)] [ParOldGen: 174739K->174727K(175104K)] 240275K->194660K(251392K), [Metaspace: 4216K->4216K(1056768K)], 0.0325118 secs] [Times: user=0.22 sys=0.01, real=0.03 secs] 
21.914: Total time for which application threads were stopped: 0.0326563 seconds
21.918: [Full GC (Ergonomics) [PSYoungGen: 65536K->19922K(76288K)] [ParOldGen: 174727K->174738K(175104K)] 240263K->194660K(251392K), [Metaspace: 4216K->4216K(1056768K)], 0.0328418 secs] [Times: user=0.23 sys=0.00, real=0.04 secs] 
21.950: Total time for which application threads were stopped: 0.0329523 seconds
21.954: [Full GC (Ergonomics) [PSYoungGen: 65536K->19922K(76288K)] [ParOldGen: 174738K->174738K(175104K)] 240274K->194660K(251392K), [Metaspace: 4216K->4216K(1056768K)], 0.0336829 secs] [Times: user=0.20 sys=0.00, real=0.03 secs] 
21.988: Total time for which application threads were stopped: 0.0337961 seconds
21.991: [Full GC (Ergonomics) [PSYoungGen: 65536K->19917K(76288K)] [ParOldGen: 174738K->174743K(175104K)] 240274K->194660K(251392K), [Metaspace: 4216K->4216K(1056768K)], 0.0326017 secs] [Times: user=0.20 sys=0.01, real=0.03 secs] 
22.024: Total time for which application threads were stopped: 0.0327249 seconds
22.027: [Full GC (Ergonomics) [PSYoungGen: 65536K->19933K(76288K)] [ParOldGen: 174743K->174727K(175104K)] 240279K->194660K(251392K), [Metaspace: 4216K->4216K(1056768K)], 0.0319656 secs] [Times: user=0.22 sys=0.00, real=0.03 secs] 
22.059: Total time for which application threads were stopped: 0.0320852 seconds
22.062: [Full GC (Ergonomics) [PSYoungGen: 65536K->19922K(76288K)] [ParOldGen: 174727K->174738K(175104K)] 240263K->194660K(251392K), [Metaspace: 4216K->4216K(1056768K)], 0.0327366 secs] [Times: user=0.23 sys=0.00, real=0.03 secs] 
22.095: Total time for which application threads were stopped: 0.0328703 seconds
22.099: [Full GC (Ergonomics) [PSYoungGen: 65536K->19926K(76288K)] [ParOldGen: 174738K->174734K(175104K)] 240274K->194660K(251392K), [Metaspace: 4216K->4216K(1056768K)], 0.0313600 secs] [Times: user=0.22 sys=0.00, real=0.04 secs] 
22.130: Total time for which application threads were stopped: 0.0315046 seconds
22.133: [Full GC (Ergonomics) [PSYoungGen: 65536K->19925K(76288K)] [ParOldGen: 174734K->174734K(175104K)] 240270K->194660K(251392K), [Metaspace: 4216K->4216K(1056768K)], 0.0335172 secs] [Times: user=0.22 sys=0.00, real=0.03 secs] 
22.167: Total time for which application threads were stopped: 0.0336530 seconds
22.171: [Full GC (Ergonomics) [PSYoungGen: 65536K->19922K(76288K)] [ParOldGen: 174734K->174738K(175104K)] 240270K->194660K(251392K), [Metaspace: 4216K->4216K(1056768K)], 0.0327454 secs] [Times: user=0.22 sys=0.00, real=0.03 secs] 
22.203: Total time for which application threads were stopped: 0.0328777 seconds
22.207: [Full GC (Ergonomics) [PSYoungGen: 65536K->19935K(76288K)] [ParOldGen: 174738K->174725K(175104K)] 240274K->194660K(251392K), [Metaspace: 4216K->4216K(1056768K)], 0.0313916 secs] [Times: user=0.18 sys=0.01, real=0.03 secs] 
22.238: Total time for which application threads were stopped: 0.0315365 seconds
22.242: [Full GC (Ergonomics) [PSYoungGen: 65536K->19920K(76288K)] [ParOldGen: 174725K->174739K(175104K)] 240261K->194660K(251392K), [Metaspace: 4216K->4216K(1056768K)], 0.0323993 secs] [Times: user=0.21 sys=0.00, real=0.03 secs] 
22.275: Total time for which application threads were stopped: 0.0325292 seconds
22.278: [Full GC (Ergonomics) [PSYoungGen: 65536K->19915K(76288K)] [ParOldGen: 174739K->174744K(175104K)] 240275K->194660K(251392K), [Metaspace: 4216K->4216K(1056768K)], 0.0313002 secs] [Times: user=0.20 sys=0.00, real=0.03 secs] 
22.310: Total time for which application threads were stopped: 0.0314088 seconds
22.313: [Full GC (Ergonomics) [PSYoungGen: 65536K->19920K(76288K)] [ParOldGen: 174744K->174739K(175104K)] 240280K->194660K(251392K), [Metaspace: 4216K->4216K(1056768K)], 0.0333538 secs] [Times: user=0.21 sys=0.00, real=0.03 secs] 
22.347: Total time for which application threads were stopped: 0.0334814 seconds
22.350: [Full GC (Ergonomics) [PSYoungGen: 65536K->19937K(76288K)] [ParOldGen: 174739K->174722K(175104K)] 240275K->194660K(251392K), [Metaspace: 4216K->4216K(1056768K)], 0.0348919 secs] [Times: user=0.22 sys=0.01, real=0.03 secs] 
22.385: Total time for which application threads were stopped: 0.0349968 seconds
22.389: [Full GC (Ergonomics) [PSYoungGen: 65536K->19928K(76288K)] [ParOldGen: 174722K->174732K(175104K)] 240258K->194660K(251392K), [Metaspace: 4216K->4216K(1056768K)], 0.0338425 secs] [Times: user=0.21 sys=0.00, real=0.04 secs] 
22.423: Total time for which application threads were stopped: 0.0340085 seconds
22.426: [Full GC (Ergonomics) [PSYoungGen: 65536K->19927K(76288K)] [ParOldGen: 174732K->174732K(175104K)] 240268K->194660K(251392K), [Metaspace: 4216K->4216K(1056768K)], 0.0317981 secs] [Times: user=0.19 sys=0.00, real=0.03 secs] 
22.458: Total time for which application threads were stopped: 0.0319273 seconds
22.462: [Full GC (Ergonomics) [PSYoungGen: 65536K->19934K(76288K)] [ParOldGen: 174732K->174726K(175104K)] 240268K->194660K(251392K), [Metaspace: 4216K->4216K(1056768K)], 0.0333263 secs] [Times: user=0.22 sys=0.00, real=0.03 secs] 
22.495: Total time for which application threads were stopped: 0.0334343 seconds
22.499: [Full GC (Ergonomics) [PSYoungGen: 65536K->19921K(76288K)] [ParOldGen: 174726K->174738K(175104K)] 240262K->194660K(251392K), [Metaspace: 4216K->4216K(1056768K)], 0.0317713 secs] [Times: user=0.21 sys=0.00, real=0.04 secs] 
22.530: Total time for which application threads were stopped: 0.0318862 seconds
22.534: [Full GC (Ergonomics) [PSYoungGen: 65536K->19935K(76288K)] [ParOldGen: 174738K->174724K(175104K)] 240274K->194660K(251392K), [Metaspace: 4216K->4216K(1056768K)], 0.0331320 secs] [Times: user=0.22 sys=0.01, real=0.03 secs] 
22.567: Total time for which application threads were stopped: 0.0332658 seconds
22.571: [Full GC (Ergonomics) [PSYoungGen: 65536K->19929K(76288K)] [ParOldGen: 174724K->174731K(175104K)] 240260K->194660K(251392K), [Metaspace: 4216K->4216K(1056768K)], 0.0334350 secs] [Times: user=0.22 sys=0.00, real=0.03 secs] 
22.604: Total time for which application threads were stopped: 0.0335651 seconds
22.608: [Full GC (Ergonomics) [PSYoungGen: 65536K->19920K(76288K)] [ParOldGen: 174731K->174739K(175104K)] 240267K->194660K(251392K), [Metaspace: 4216K->4216K(1056768K)], 0.0335407 secs] [Times: user=0.22 sys=0.00, real=0.04 secs] 
22.642: Total time for which application threads were stopped: 0.0336761 seconds
22.645: [Full GC (Ergonomics) [PSYoungGen: 65536K->19929K(76288K)] [ParOldGen: 174739K->174731K(175104K)] 240275K->194660K(251392K), [Metaspace: 4216K->4216K(1056768K)], 0.0336270 secs] [Times: user=0.21 sys=0.00, real=0.03 secs] 
22.679: Total time for which application threads were stopped: 0.0338044 seconds
22.683: [Full GC (Ergonomics) [PSYoungGen: 65536K->19929K(76288K)] [ParOldGen: 174731K->174731K(175104K)] 240267K->194660K(251392K), [Metaspace: 4216K->4216K(1056768K)], 0.0333953 secs] [Times: user=0.23 sys=0.00, real=0.03 secs] 
22.716: Total time for which application threads were stopped: 0.0335326 seconds
22.720: [Full GC (Ergonomics) [PSYoungGen: 65536K->19921K(76288K)] [ParOldGen: 174731K->174738K(175104K)] 240267K->194660K(251392K), [Metaspace: 4216K->4216K(1056768K)], 0.0339488 secs] [Times: user=0.22 sys=0.01, real=0.04 secs] 
22.754: Total time for which application threads were stopped: 0.0340706 seconds
22.757: [Full GC (Ergonomics) [PSYoungGen: 65536K->19930K(76288K)] [ParOldGen: 174738K->174730K(175104K)] 240274K->194660K(251392K), [Metaspace: 4216K->4216K(1056768K)], 0.0323438 secs] [Times: user=0.21 sys=0.00, real=0.04 secs] 
22.790: Total time for which application threads were stopped: 0.0324616 seconds
22.794: [Full GC (Ergonomics) [PSYoungGen: 65536K->19926K(76288K)] [ParOldGen: 174730K->174733K(175104K)] 240266K->194660K(251392K), [Metaspace: 4216K->4216K(1056768K)], 0.0324164 secs] [Times: user=0.21 sys=0.00, real=0.03 secs] 
22.826: Total time for which application threads were stopped: 0.0325567 seconds
22.830: [Full GC (Ergonomics) [PSYoungGen: 65536K->19928K(76288K)] [ParOldGen: 174733K->174732K(175104K)] 240269K->194660K(251392K), [Metaspace: 4216K->4216K(1056768K)], 0.0335784 secs] [Times: user=0.22 sys=0.00, real=0.04 secs] 
22.863: Total time for which application threads were stopped: 0.0337034 seconds
22.867: [Full GC (Ergonomics) [PSYoungGen: 65536K->19937K(76288K)] [ParOldGen: 174732K->174722K(175104K)] 240268K->194660K(251392K), [Metaspace: 4216K->4216K(1056768K)], 0.0334724 secs] [Times: user=0.21 sys=0.00, real=0.04 secs] 
22.900: Total time for which application threads were stopped: 0.0335673 seconds
22.904: [Full GC (Ergonomics) [PSYoungGen: 65536K->19933K(76288K)] [ParOldGen: 174722K->174727K(175104K)] 240258K->194660K(251392K), [Metaspace: 4216K->4216K(1056768K)], 0.0330687 secs] [Times: user=0.22 sys=0.00, real=0.03 secs] 
22.937: Total time for which application threads were stopped: 0.0332005 seconds
22.940: [Full GC (Ergonomics) [PSYoungGen: 65536K->19930K(76288K)] [ParOldGen: 174727K->174729K(175104K)] 240263K->194660K(251392K), [Metaspace: 4216K->4216K(1056768K)], 0.0326047 secs] [Times: user=0.22 sys=0.01, real=0.03 secs] 
22.973: Total time for which application threads were stopped: 0.0327204 seconds
22.976: [Full GC (Ergonomics) [PSYoungGen: 65536K->19925K(76288K)] [ParOldGen: 174729K->174735K(175104K)] 240265K->194660K(251392K), [Metaspace: 4216K->4216K(1056768K)], 0.0336976 secs] [Times: user=0.24 sys=0.00, real=0.04 secs] 
23.010: Total time for which application threads were stopped: 0.0338248 seconds
23.014: [Full GC (Ergonomics) [PSYoungGen: 65536K->19925K(76288K)] [ParOldGen: 174735K->174735K(175104K)] 240271K->194660K(251392K), [Metaspace: 4216K->4216K(1056768K)], 0.0329326 secs] [Times: user=0.22 sys=0.00, real=0.03 secs] 
23.047: Total time for which application threads were stopped: 0.0330652 seconds
23.050: [Full GC (Ergonomics) [PSYoungGen: 65536K->19910K(76288K)] [ParOldGen: 174735K->174750K(175104K)] 240271K->194660K(251392K), [Metaspace: 4216K->4216K(1056768K)], 0.0328946 secs] [Times: user=0.22 sys=0.00, real=0.03 secs] 
23.083: Total time for which application threads were stopped: 0.0330131 seconds
23.086: [Full GC (Ergonomics) [PSYoungGen: 65536K->19923K(76288K)] [ParOldGen: 174750K->174736K(175104K)] 240286K->194660K(251392K), [Metaspace: 4216K->4216K(1056768K)], 0.0323823 secs] [Times: user=0.22 sys=0.00, real=0.03 secs] 
23.119: Total time for which application threads were stopped: 0.0325376 seconds
23.122: [Full GC (Ergonomics) [PSYoungGen: 65536K->19936K(76288K)] [ParOldGen: 174736K->174724K(175104K)] 240272K->194660K(251392K), [Metaspace: 4216K->4216K(1056768K)], 0.0328605 secs] [Times: user=0.21 sys=0.00, real=0.03 secs] 
23.155: Total time for which application threads were stopped: 0.0330042 seconds
23.159: [Full GC (Ergonomics) [PSYoungGen: 65536K->19928K(76288K)] [ParOldGen: 174724K->174731K(175104K)] 240260K->194660K(251392K), [Metaspace: 4216K->4216K(1056768K)], 0.0326611 secs] [Times: user=0.22 sys=0.00, real=0.04 secs] 
23.192: Total time for which application threads were stopped: 0.0327834 seconds
23.195: [Full GC (Ergonomics) [PSYoungGen: 65536K->19918K(76288K)] [ParOldGen: 174731K->174741K(175104K)] 240267K->194660K(251392K), [Metaspace: 4216K->4216K(1056768K)], 0.0318131 secs] [Times: user=0.21 sys=0.01, real=0.03 secs] 
23.227: Total time for which application threads were stopped: 0.0319060 seconds
23.230: [Full GC (Ergonomics) [PSYoungGen: 65536K->19934K(76288K)] [ParOldGen: 174741K->174725K(175104K)] 240277K->194660K(251392K), [Metaspace: 4216K->4216K(1056768K)], 0.0327048 secs] [Times: user=0.22 sys=0.00, real=0.03 secs] 
23.263: Total time for which application threads were stopped: 0.0328233 seconds
23.267: [Full GC (Ergonomics) [PSYoungGen: 65536K->19931K(76288K)] [ParOldGen: 174725K->174728K(175104K)] 240261K->194660K(251392K), [Metaspace: 4216K->4216K(1056768K)], 0.0331492 secs] [Times: user=0.22 sys=0.00, real=0.04 secs] 
23.300: Total time for which application threads were stopped: 0.0333086 seconds
23.303: [Full GC (Ergonomics) [PSYoungGen: 65536K->19928K(76288K)] [ParOldGen: 174728K->174732K(175104K)] 240264K->194660K(251392K), [Metaspace: 4216K->4216K(1056768K)], 0.0333945 secs] [Times: user=0.22 sys=0.00, real=0.03 secs] 
23.337: Total time for which application threads were stopped: 0.0335081 seconds
23.340: [Full GC (Ergonomics) [PSYoungGen: 65536K->19928K(76288K)] [ParOldGen: 174732K->174731K(175104K)] 240268K->194660K(251392K), [Metaspace: 4216K->4216K(1056768K)], 0.0316926 secs] [Times: user=0.18 sys=0.00, real=0.03 secs] 
23.372: Total time for which application threads were stopped: 0.0318049 seconds
23.376: [Full GC (Ergonomics) [PSYoungGen: 65536K->19932K(76288K)] [ParOldGen: 174731K->174728K(175104K)] 240267K->194660K(251392K), [Metaspace: 4216K->4216K(1056768K)], 0.0325138 secs] [Times: user=0.21 sys=0.00, real=0.03 secs] 
23.408: Total time for which application threads were stopped: 0.0326245 seconds
23.412: [Full GC (Ergonomics) [PSYoungGen: 65536K->19931K(76288K)] [ParOldGen: 174728K->174728K(175104K)] 240264K->194660K(251392K), [Metaspace: 4216K->4216K(1056768K)], 0.0324717 secs] [Times: user=0.21 sys=0.01, real=0.03 secs] 
23.444: Total time for which application threads were stopped: 0.0326055 seconds
23.448: [Full GC (Ergonomics) [PSYoungGen: 65536K->19929K(76288K)] [ParOldGen: 174728K->174731K(175104K)] 240264K->194660K(251392K), [Metaspace: 4216K->4216K(1056768K)], 0.0325250 secs] [Times: user=0.22 sys=0.00, real=0.04 secs] 
23.480: Total time for which application threads were stopped: 0.0326378 seconds
23.483: [Full GC (Ergonomics) [PSYoungGen: 65536K->19920K(76288K)] [ParOldGen: 174731K->174739K(175104K)] 240267K->194660K(251392K), [Metaspace: 4216K->4216K(1056768K)], 0.0308780 secs] [Times: user=0.21 sys=0.00, real=0.03 secs] 
23.514: Total time for which application threads were stopped: 0.0310295 seconds
23.518: [Full GC (Ergonomics) [PSYoungGen: 65536K->19932K(76288K)] [ParOldGen: 174739K->174728K(175104K)] 240275K->194660K(251392K), [Metaspace: 4216K->4216K(1056768K)], 0.0323931 secs] [Times: user=0.22 sys=0.00, real=0.04 secs] 
23.550: Total time for which application threads were stopped: 0.0325246 seconds
23.554: [Full GC (Ergonomics) [PSYoungGen: 65536K->19915K(76288K)] [ParOldGen: 174728K->174745K(175104K)] 240264K->194660K(251392K), [Metaspace: 4216K->4216K(1056768K)], 0.0326563 secs] [Times: user=0.23 sys=0.00, real=0.03 secs] 
23.586: Total time for which application threads were stopped: 0.0328070 seconds
23.590: [Full GC (Ergonomics) [PSYoungGen: 65536K->19933K(76288K)] [ParOldGen: 174745K->174727K(175104K)] 240281K->194660K(251392K), [Metaspace: 4216K->4216K(1056768K)], 0.0328700 secs] [Times: user=0.22 sys=0.00, real=0.04 secs] 
23.623: Total time for which application threads were stopped: 0.0330057 seconds
23.626: [Full GC (Ergonomics) [PSYoungGen: 65536K->19930K(76288K)] [ParOldGen: 174727K->174730K(175104K)] 240263K->194660K(251392K), [Metaspace: 4216K->4216K(1056768K)], 0.0331585 secs] [Times: user=0.21 sys=0.01, real=0.03 secs] 
23.659: Total time for which application threads were stopped: 0.0332970 seconds
23.663: [Full GC (Ergonomics) [PSYoungGen: 65536K->19919K(76288K)] [ParOldGen: 174730K->174740K(175104K)] 240266K->194660K(251392K), [Metaspace: 4216K->4216K(1056768K)], 0.0326874 secs] [Times: user=0.21 sys=0.00, real=0.03 secs] 
23.696: Total time for which application threads were stopped: 0.0328187 seconds
23.700: [Full GC (Ergonomics) [PSYoungGen: 65536K->19930K(76288K)] [ParOldGen: 174740K->174729K(175104K)] 240276K->194660K(251392K), [Metaspace: 4216K->4216K(1056768K)], 0.0328045 secs] [Times: user=0.22 sys=0.00, real=0.04 secs] 
23.733: Total time for which application threads were stopped: 0.0329662 seconds
23.736: [Full GC (Ergonomics) [PSYoungGen: 65536K->19932K(76288K)] [ParOldGen: 174729K->174728K(175104K)] 240265K->194660K(251392K), [Metaspace: 4216K->4216K(1056768K)], 0.0328432 secs] [Times: user=0.21 sys=0.00, real=0.03 secs] 
23.769: Total time for which application threads were stopped: 0.0329559 seconds
23.772: [Full GC (Ergonomics) [PSYoungGen: 65536K->19922K(76288K)] [ParOldGen: 174728K->174738K(175104K)] 240264K->194660K(251392K), [Metaspace: 4216K->4216K(1056768K)], 0.0322210 secs] [Times: user=0.22 sys=0.00, real=0.03 secs] 
23.805: Total time for which application threads were stopped: 0.0323685 seconds
23.808: [Full GC (Ergonomics) [PSYoungGen: 65536K->19924K(76288K)] [ParOldGen: 174738K->174735K(175104K)] 240274K->194660K(251392K), [Metaspace: 4216K->4216K(1056768K)], 0.0326765 secs] [Times: user=0.20 sys=0.00, real=0.04 secs] 
23.841: Total time for which application threads were stopped: 0.0328121 seconds
23.844: [Full GC (Ergonomics) [PSYoungGen: 65536K->19929K(76288K)] [ParOldGen: 174735K->174730K(175104K)] 240271K->194660K(251392K), [Metaspace: 4216K->4216K(1056768K)], 0.0301850 secs] [Times: user=0.18 sys=0.00, real=0.03 secs] 
23.875: Total time for which application threads were stopped: 0.0303196 seconds
23.878: [Full GC (Ergonomics) [PSYoungGen: 65536K->19928K(76288K)] [ParOldGen: 174730K->174731K(175104K)] 240266K->194660K(251392K), [Metaspace: 4216K->4216K(1056768K)], 0.0342494 secs] [Times: user=0.21 sys=0.01, real=0.04 secs] 
23.912: Total time for which application threads were stopped: 0.0344069 seconds
23.916: [Full GC (Ergonomics) [PSYoungGen: 65536K->19928K(76288K)] [ParOldGen: 174731K->174732K(175104K)] 240267K->194660K(251392K), [Metaspace: 4216K->4216K(1056768K)], 0.0317035 secs] [Times: user=0.23 sys=0.00, real=0.03 secs] 
23.948: Total time for which application threads were stopped: 0.0318372 seconds
23.952: [Full GC (Ergonomics) [PSYoungGen: 65536K->19929K(76288K)] [ParOldGen: 174732K->174730K(175104K)] 240268K->194660K(251392K), [Metaspace: 4216K->4216K(1056768K)], 0.0320033 secs] [Times: user=0.22 sys=0.00, real=0.03 secs] 
23.984: Total time for which application threads were stopped: 0.0321019 seconds
23.987: [Full GC (Ergonomics) [PSYoungGen: 65536K->19926K(76288K)] [ParOldGen: 174730K->174733K(175104K)] 240266K->194660K(251392K), [Metaspace: 4216K->4216K(1056768K)], 0.0325463 secs] [Times: user=0.22 sys=0.00, real=0.03 secs] 
24.020: Total time for which application threads were stopped: 0.0326459 seconds
24.023: [Full GC (Ergonomics) [PSYoungGen: 65536K->19934K(76288K)] [ParOldGen: 174733K->174726K(175104K)] 240269K->194660K(251392K), [Metaspace: 4216K->4216K(1056768K)], 0.0313792 secs] [Times: user=0.20 sys=0.00, real=0.03 secs] 
24.054: Total time for which application threads were stopped: 0.0315235 seconds
24.058: [Full GC (Ergonomics) [PSYoungGen: 65536K->19936K(76288K)] [ParOldGen: 174726K->174723K(175104K)] 240262K->194660K(251392K), [Metaspace: 4216K->4216K(1056768K)], 0.0332524 secs] [Times: user=0.20 sys=0.00, real=0.04 secs] 
24.091: Total time for which application threads were stopped: 0.0333986 seconds
24.095: [Full GC (Ergonomics) [PSYoungGen: 65536K->19931K(76288K)] [ParOldGen: 174723K->174728K(175104K)] 240259K->194660K(251392K), [Metaspace: 4216K->4216K(1056768K)], 0.0326595 secs] [Times: user=0.21 sys=0.01, real=0.03 secs] 
24.128: Total time for which application threads were stopped: 0.0327800 seconds
24.132: [Full GC (Ergonomics) [PSYoungGen: 65536K->19933K(76288K)] [ParOldGen: 174728K->174726K(175104K)] 240264K->194660K(251392K), [Metaspace: 4216K->4216K(1056768K)], 0.0331651 secs] [Times: user=0.21 sys=0.00, real=0.03 secs] 
24.165: Total time for which application threads were stopped: 0.0333048 seconds
24.169: [Full GC (Ergonomics) [PSYoungGen: 65536K->19932K(76288K)] [ParOldGen: 174726K->174727K(175104K)] 240262K->194660K(251392K), [Metaspace: 4216K->4216K(1056768K)], 0.0319994 secs] [Times: user=0.21 sys=0.00, real=0.04 secs] 
24.201: Total time for which application threads were stopped: 0.0321431 seconds
24.204: [Full GC (Ergonomics) [PSYoungGen: 65536K->19936K(76288K)] [ParOldGen: 174727K->174723K(175104K)] 240263K->194660K(251392K), [Metaspace: 4216K->4216K(1056768K)], 0.0327612 secs] [Times: user=0.21 sys=0.00, real=0.03 secs] 
24.237: Total time for which application threads were stopped: 0.0328796 seconds
24.241: [Full GC (Ergonomics) [PSYoungGen: 65536K->19919K(76288K)] [ParOldGen: 174723K->174740K(175104K)] 240259K->194660K(251392K), [Metaspace: 4216K->4216K(1056768K)], 0.0326451 secs] [Times: user=0.21 sys=0.00, real=0.03 secs] 
24.274: Total time for which application threads were stopped: 0.0327654 seconds
24.277: [Full GC (Ergonomics) [PSYoungGen: 65536K->19926K(76288K)] [ParOldGen: 174740K->174733K(175104K)] 240276K->194660K(251392K), [Metaspace: 4216K->4216K(1056768K)], 0.0327962 secs] [Times: user=0.22 sys=0.00, real=0.04 secs] 
24.310: Total time for which application threads were stopped: 0.0329227 seconds
24.313: [Full GC (Ergonomics) [PSYoungGen: 65536K->19936K(76288K)] [ParOldGen: 174733K->174723K(175104K)] 240269K->194660K(251392K), [Metaspace: 4216K->4216K(1056768K)], 0.0333526 secs] [Times: user=0.22 sys=0.01, real=0.03 secs] 
24.347: Total time for which application threads were stopped: 0.0334712 seconds
24.350: [Full GC (Ergonomics) [PSYoungGen: 65536K->19925K(76288K)] [ParOldGen: 174723K->174735K(175104K)] 240259K->194660K(251392K), [Metaspace: 4216K->4216K(1056768K)], 0.0328785 secs] [Times: user=0.22 sys=0.00, real=0.03 secs] 
24.383: Total time for which application threads were stopped: 0.0329750 seconds
24.387: [Full GC (Ergonomics) [PSYoungGen: 65536K->19929K(76288K)] [ParOldGen: 174735K->174730K(175104K)] 240271K->194660K(251392K), [Metaspace: 4216K->4216K(1056768K)], 0.0325783 secs] [Times: user=0.22 sys=0.00, real=0.03 secs] 
24.419: Total time for which application threads were stopped: 0.0327216 seconds
24.423: [Full GC (Ergonomics) [PSYoungGen: 65536K->19935K(76288K)] [ParOldGen: 174730K->174725K(175104K)] 240266K->194660K(251392K), [Metaspace: 4216K->4216K(1056768K)], 0.0327551 secs] [Times: user=0.22 sys=0.00, real=0.03 secs] 
24.456: Total time for which application threads were stopped: 0.0328491 seconds
24.459: [Full GC (Ergonomics) [PSYoungGen: 65536K->19931K(76288K)] [ParOldGen: 174725K->174729K(175104K)] 240261K->194660K(251392K), [Metaspace: 4216K->4216K(1056768K)], 0.0325343 secs] [Times: user=0.21 sys=0.00, real=0.04 secs] 
24.492: Total time for which application threads were stopped: 0.0326496 seconds
24.495: [Full GC (Ergonomics) [PSYoungGen: 65536K->19929K(76288K)] [ParOldGen: 174729K->174731K(175104K)] 240265K->194660K(251392K), [Metaspace: 4216K->4216K(1056768K)], 0.0320501 secs] [Times: user=0.21 sys=0.00, real=0.03 secs] 
24.527: Total time for which application threads were stopped: 0.0321857 seconds
24.531: [Full GC (Ergonomics) [PSYoungGen: 65536K->19934K(76288K)] [ParOldGen: 174731K->174726K(175104K)] 240267K->194660K(251392K), [Metaspace: 4216K->4216K(1056768K)], 0.0331541 secs] [Times: user=0.20 sys=0.01, real=0.03 secs] 
24.564: Total time for which application threads were stopped: 0.0332841 seconds
24.568: [Full GC (Ergonomics) [PSYoungGen: 65536K->19946K(76288K)] [ParOldGen: 174726K->174713K(175104K)] 240262K->194660K(251392K), [Metaspace: 4216K->4216K(1056768K)], 0.0348071 secs] [Times: user=0.20 sys=0.00, real=0.04 secs] 
24.602: Total time for which application threads were stopped: 0.0349154 seconds
24.606: [Full GC (Ergonomics) [PSYoungGen: 65536K->19927K(76288K)] [ParOldGen: 174713K->174732K(175104K)] 240249K->194660K(251392K), [Metaspace: 4216K->4216K(1056768K)], 0.0350792 secs] [Times: user=0.20 sys=0.00, real=0.04 secs] 
24.641: Total time for which application threads were stopped: 0.0351943 seconds
24.645: [Full GC (Ergonomics) [PSYoungGen: 65536K->19936K(76288K)] [ParOldGen: 174732K->174723K(175104K)] 240268K->194660K(251392K), [Metaspace: 4216K->4216K(1056768K)], 0.0350762 secs] [Times: user=0.20 sys=0.00, real=0.04 secs] 
24.680: Total time for which application threads were stopped: 0.0352013 seconds
24.684: [Full GC (Ergonomics) [PSYoungGen: 65536K->19927K(76288K)] [ParOldGen: 174723K->174732K(175104K)] 240259K->194660K(251392K), [Metaspace: 4216K->4216K(1056768K)], 0.0365469 secs] [Times: user=0.21 sys=0.01, real=0.04 secs] 
24.721: Total time for which application threads were stopped: 0.0367199 seconds
24.725: [Full GC (Ergonomics) [PSYoungGen: 65536K->19934K(76288K)] [ParOldGen: 174732K->174726K(175104K)] 240268K->194660K(251392K), [Metaspace: 4216K->4216K(1056768K)], 0.0347504 secs] [Times: user=0.21 sys=0.00, real=0.03 secs] 
24.760: Total time for which application threads were stopped: 0.0348607 seconds
24.763: [Full GC (Ergonomics) [PSYoungGen: 65536K->19924K(76288K)] [ParOldGen: 174726K->174735K(175104K)] 240262K->194660K(251392K), [Metaspace: 4216K->4216K(1056768K)], 0.0360302 secs] [Times: user=0.23 sys=0.00, real=0.03 secs] 
24.799: Total time for which application threads were stopped: 0.0361489 seconds
24.803: [Full GC (Ergonomics) [PSYoungGen: 65536K->19928K(76288K)] [ParOldGen: 174735K->174731K(175104K)] 240271K->194660K(251392K), [Metaspace: 4216K->4216K(1056768K)], 0.0342630 secs] [Times: user=0.20 sys=0.01, real=0.03 secs] 
24.838: Total time for which application threads were stopped: 0.0344152 seconds
24.842: [Full GC (Ergonomics) [PSYoungGen: 65536K->19942K(76288K)] [ParOldGen: 174731K->174717K(175104K)] 240267K->194660K(251392K), [Metaspace: 4216K->4216K(1056768K)], 0.0334852 secs] [Times: user=0.22 sys=0.00, real=0.03 secs] 
24.875: Total time for which application threads were stopped: 0.0335968 seconds
24.879: [Full GC (Ergonomics) [PSYoungGen: 65536K->19919K(76288K)] [ParOldGen: 174717K->174741K(175104K)] 240253K->194660K(251392K), [Metaspace: 4216K->4216K(1056768K)], 0.0343091 secs] [Times: user=0.21 sys=0.00, real=0.04 secs] 
24.913: Total time for which application threads were stopped: 0.0344327 seconds
24.918: [Full GC (Ergonomics) [PSYoungGen: 65536K->19932K(76288K)] [ParOldGen: 174741K->174728K(175104K)] 240277K->194660K(251392K), [Metaspace: 4216K->4216K(1056768K)], 0.0347076 secs] [Times: user=0.21 sys=0.00, real=0.04 secs] 
24.952: Total time for which application threads were stopped: 0.0348346 seconds
24.956: [Full GC (Ergonomics) [PSYoungGen: 65536K->19925K(76288K)] [ParOldGen: 174728K->174735K(175104K)] 240264K->194660K(251392K), [Metaspace: 4216K->4216K(1056768K)], 0.0330229 secs] [Times: user=0.22 sys=0.00, real=0.03 secs] 
24.989: Total time for which application threads were stopped: 0.0331459 seconds
24.993: [Full GC (Ergonomics) [PSYoungGen: 65536K->19920K(76288K)] [ParOldGen: 174735K->174739K(175104K)] 240271K->194660K(251392K), [Metaspace: 4216K->4216K(1056768K)], 0.0329884 secs] [Times: user=0.22 sys=0.00, real=0.03 secs] 
25.026: Total time for which application threads were stopped: 0.0330862 seconds
25.029: [Full GC (Ergonomics) [PSYoungGen: 65536K->19921K(76288K)] [ParOldGen: 174739K->174738K(175104K)] 240275K->194660K(251392K), [Metaspace: 4216K->4216K(1056768K)], 0.0332082 secs] [Times: user=0.21 sys=0.01, real=0.04 secs] 
25.063: Total time for which application threads were stopped: 0.0333403 seconds
25.066: [Full GC (Ergonomics) [PSYoungGen: 65536K->19924K(76288K)] [ParOldGen: 174738K->174735K(175104K)] 240274K->194660K(251392K), [Metaspace: 4216K->4216K(1056768K)], 0.0323077 secs] [Times: user=0.23 sys=0.00, real=0.03 secs] 
25.098: Total time for which application threads were stopped: 0.0324306 seconds
25.102: [Full GC (Ergonomics) [PSYoungGen: 65536K->19930K(76288K)] [ParOldGen: 174735K->174730K(175104K)] 240271K->194660K(251392K), [Metaspace: 4216K->4216K(1056768K)], 0.0329396 secs] [Times: user=0.22 sys=0.00, real=0.03 secs] 
25.135: Total time for which application threads were stopped: 0.0330609 seconds
25.138: [Full GC (Ergonomics) [PSYoungGen: 65536K->19918K(76288K)] [ParOldGen: 174730K->174742K(175104K)] 240266K->194660K(251392K), [Metaspace: 4216K->4216K(1056768K)], 0.0325261 secs] [Times: user=0.15 sys=0.00, real=0.04 secs] 
25.171: Total time for which application threads were stopped: 0.0326598 seconds
25.175: [Full GC (Ergonomics) [PSYoungGen: 65536K->19924K(76288K)] [ParOldGen: 174742K->174735K(175104K)] 240278K->194660K(251392K), [Metaspace: 4216K->4216K(1056768K)], 0.0332259 secs] [Times: user=0.18 sys=0.00, real=0.03 secs] 
25.208: Total time for which application threads were stopped: 0.0333481 seconds
25.212: [Full GC (Ergonomics) [PSYoungGen: 65536K->19930K(76288K)] [ParOldGen: 174735K->174730K(175104K)] 240271K->194660K(251392K), [Metaspace: 4216K->4216K(1056768K)], 0.0309701 secs] [Times: user=0.19 sys=0.01, real=0.03 secs] 
25.243: Total time for which application threads were stopped: 0.0310980 seconds
25.246: [Full GC (Ergonomics) [PSYoungGen: 65536K->19929K(76288K)] [ParOldGen: 174730K->174731K(175104K)] 240266K->194660K(251392K), [Metaspace: 4216K->4216K(1056768K)], 0.0313766 secs] [Times: user=0.21 sys=0.00, real=0.03 secs] 
25.277: Total time for which application threads were stopped: 0.0314880 seconds
25.281: [Full GC (Ergonomics) [PSYoungGen: 65536K->19929K(76288K)] [ParOldGen: 174731K->174731K(175104K)] 240267K->194660K(251392K), [Metaspace: 4216K->4216K(1056768K)], 0.0331513 secs] [Times: user=0.23 sys=0.00, real=0.03 secs] 
25.314: Total time for which application threads were stopped: 0.0332759 seconds
25.318: [Full GC (Ergonomics) [PSYoungGen: 65536K->19935K(76288K)] [ParOldGen: 174731K->174725K(175104K)] 240267K->194660K(251392K), [Metaspace: 4216K->4216K(1056768K)], 0.0328515 secs] [Times: user=0.23 sys=0.00, real=0.04 secs] 
25.351: Total time for which application threads were stopped: 0.0329773 seconds
25.354: [Full GC (Ergonomics) [PSYoungGen: 65536K->19934K(76288K)] [ParOldGen: 174725K->174726K(175104K)] 240261K->194660K(251392K), [Metaspace: 4216K->4216K(1056768K)], 0.0334410 secs] [Times: user=0.22 sys=0.00, real=0.03 secs] 
25.388: Total time for which application threads were stopped: 0.0335588 seconds
25.391: [Full GC (Ergonomics) [PSYoungGen: 65536K->19931K(76288K)] [ParOldGen: 174726K->174729K(175104K)] 240262K->194660K(251392K), [Metaspace: 4216K->4216K(1056768K)], 0.0335088 secs] [Times: user=0.20 sys=0.01, real=0.03 secs] 
25.425: Total time for which application threads were stopped: 0.0336228 seconds
25.428: [Full GC (Ergonomics) [PSYoungGen: 65536K->19933K(76288K)] [ParOldGen: 174729K->174726K(175104K)] 240265K->194660K(251392K), [Metaspace: 4216K->4216K(1056768K)], 0.0332308 secs] [Times: user=0.22 sys=0.00, real=0.04 secs] 
25.461: Total time for which application threads were stopped: 0.0333762 seconds
25.465: [Full GC (Ergonomics) [PSYoungGen: 65536K->19929K(76288K)] [ParOldGen: 174726K->174730K(175104K)] 240262K->194660K(251392K), [Metaspace: 4216K->4216K(1056768K)], 0.0332948 secs] [Times: user=0.24 sys=0.00, real=0.03 secs] 
25.498: Total time for which application threads were stopped: 0.0334301 seconds
25.502: [Full GC (Ergonomics) [PSYoungGen: 65536K->19924K(76288K)] [ParOldGen: 174730K->174735K(175104K)] 240266K->194660K(251392K), [Metaspace: 4216K->4216K(1056768K)], 0.0331054 secs] [Times: user=0.23 sys=0.00, real=0.03 secs] 
25.535: Total time for which application threads were stopped: 0.0332433 seconds
25.538: [Full GC (Ergonomics) [PSYoungGen: 65536K->19924K(76288K)] [ParOldGen: 174735K->174736K(175104K)] 240271K->194660K(251392K), [Metaspace: 4216K->4216K(1056768K)], 0.0332284 secs] [Times: user=0.22 sys=0.00, real=0.04 secs] 
25.572: Total time for which application threads were stopped: 0.0333628 seconds
25.575: [Full GC (Ergonomics) [PSYoungGen: 65536K->19932K(76288K)] [ParOldGen: 174736K->174728K(175104K)] 240272K->194660K(251392K), [Metaspace: 4216K->4216K(1056768K)], 0.0314497 secs] [Times: user=0.22 sys=0.00, real=0.03 secs] 
25.606: Total time for which application threads were stopped: 0.0315740 seconds
25.610: [Full GC (Ergonomics) [PSYoungGen: 65536K->19938K(76288K)] [ParOldGen: 174728K->174721K(175104K)] 240264K->194660K(251392K), [Metaspace: 4216K->4216K(1056768K)], 0.0331756 secs] [Times: user=0.22 sys=0.00, real=0.03 secs] 
25.643: Total time for which application threads were stopped: 0.0333029 seconds
25.647: [Full GC (Ergonomics) [PSYoungGen: 65536K->19937K(76288K)] [ParOldGen: 174721K->174723K(175104K)] 240257K->194660K(251392K), [Metaspace: 4216K->4216K(1056768K)], 0.0328657 secs] [Times: user=0.22 sys=0.00, real=0.04 secs] 
25.680: Total time for which application threads were stopped: 0.0330067 seconds
25.683: [Full GC (Ergonomics) [PSYoungGen: 65536K->19936K(76288K)] [ParOldGen: 174723K->174724K(175104K)] 240259K->194660K(251392K), [Metaspace: 4216K->4216K(1056768K)], 0.0326262 secs] [Times: user=0.24 sys=0.00, real=0.03 secs] 
25.716: Total time for which application threads were stopped: 0.0327681 seconds
25.720: [Full GC (Ergonomics) [PSYoungGen: 65536K->19925K(76288K)] [ParOldGen: 174724K->174735K(175104K)] 240260K->194660K(251392K), [Metaspace: 4216K->4216K(1056768K)], 0.0329415 secs] [Times: user=0.23 sys=0.00, real=0.04 secs] 
25.753: Total time for which application threads were stopped: 0.0330423 seconds
25.756: [Full GC (Ergonomics) [PSYoungGen: 65536K->19919K(76288K)] [ParOldGen: 174735K->174740K(175104K)] 240271K->194660K(251392K), [Metaspace: 4216K->4216K(1056768K)], 0.0325831 secs] [Times: user=0.23 sys=0.00, real=0.03 secs] 
25.789: Total time for which application threads were stopped: 0.0326956 seconds
25.793: [Full GC (Ergonomics) [PSYoungGen: 65536K->19930K(76288K)] [ParOldGen: 174740K->174729K(175104K)] 240276K->194660K(251392K), [Metaspace: 4216K->4216K(1056768K)], 0.0328191 secs] [Times: user=0.23 sys=0.00, real=0.03 secs] 
25.826: Total time for which application threads were stopped: 0.0329244 seconds
25.829: [Full GC (Ergonomics) [PSYoungGen: 65536K->19928K(76288K)] [ParOldGen: 174729K->174731K(175104K)] 240265K->194660K(251392K), [Metaspace: 4216K->4216K(1056768K)], 0.0324793 secs] [Times: user=0.22 sys=0.00, real=0.04 secs] 
25.862: Total time for which application threads were stopped: 0.0326138 seconds
25.865: [Full GC (Ergonomics) [PSYoungGen: 65536K->19927K(76288K)] [ParOldGen: 174731K->174732K(175104K)] 240267K->194660K(251392K), [Metaspace: 4216K->4216K(1056768K)], 0.0320610 secs] [Times: user=0.22 sys=0.01, real=0.03 secs] 
25.897: Total time for which application threads were stopped: 0.0321629 seconds
25.900: [Full GC (Ergonomics) [PSYoungGen: 65536K->19924K(76288K)] [ParOldGen: 174732K->174735K(175104K)] 240268K->194660K(251392K), [Metaspace: 4216K->4216K(1056768K)], 0.0335293 secs] [Times: user=0.22 sys=0.00, real=0.03 secs] 
25.934: Total time for which application threads were stopped: 0.0336516 seconds
25.938: [Full GC (Ergonomics) [PSYoungGen: 65536K->19925K(76288K)] [ParOldGen: 174735K->174735K(175104K)] 240271K->194660K(251392K), [Metaspace: 4216K->4216K(1056768K)], 0.0339511 secs] [Times: user=0.19 sys=0.00, real=0.04 secs] 
25.972: Total time for which application threads were stopped: 0.0340910 seconds
25.976: [Full GC (Ergonomics) [PSYoungGen: 65536K->19937K(76288K)] [ParOldGen: 174735K->174723K(175104K)] 240271K->194660K(251392K), [Metaspace: 4216K->4216K(1056768K)], 0.0353664 secs] [Times: user=0.20 sys=0.00, real=0.04 secs] 
26.011: Total time for which application threads were stopped: 0.0354937 seconds
26.015: [Full GC (Ergonomics) [PSYoungGen: 65536K->19933K(76288K)] [ParOldGen: 174723K->174726K(175104K)] 240259K->194660K(251392K), [Metaspace: 4216K->4216K(1056768K)], 0.0342984 secs] [Times: user=0.20 sys=0.00, real=0.03 secs] 
26.050: Total time for which application threads were stopped: 0.0344159 seconds
26.054: [Full GC (Ergonomics) [PSYoungGen: 65536K->19919K(76288K)] [ParOldGen: 174726K->174740K(175104K)] 240262K->194660K(251392K), [Metaspace: 4216K->4216K(1056768K)], 0.0348359 secs] [Times: user=0.21 sys=0.01, real=0.03 secs] 
26.089: Total time for which application threads were stopped: 0.0349923 seconds
26.093: [Full GC (Ergonomics) [PSYoungGen: 65536K->19931K(76288K)] [ParOldGen: 174740K->174728K(175104K)] 240276K->194660K(251392K), [Metaspace: 4216K->4216K(1056768K)], 0.0350079 secs] [Times: user=0.20 sys=0.00, real=0.03 secs] 
26.128: Total time for which application threads were stopped: 0.0351209 seconds
26.131: [Full GC (Ergonomics) [PSYoungGen: 65536K->19931K(76288K)] [ParOldGen: 174728K->174728K(175104K)] 240264K->194660K(251392K), [Metaspace: 4216K->4216K(1056768K)], 0.0331611 secs] [Times: user=0.20 sys=0.00, real=0.03 secs] 
26.165: Total time for which application threads were stopped: 0.0332741 seconds
26.169: [Full GC (Ergonomics) [PSYoungGen: 65536K->19932K(76288K)] [ParOldGen: 174728K->174727K(175104K)] 240264K->194660K(251392K), [Metaspace: 4216K->4216K(1056768K)], 0.0346801 secs] [Times: user=0.21 sys=0.00, real=0.04 secs] 
26.203: Total time for which application threads were stopped: 0.0348097 seconds
26.207: [Full GC (Ergonomics) [PSYoungGen: 65536K->19920K(76288K)] [ParOldGen: 174727K->174739K(175104K)] 240263K->194660K(251392K), [Metaspace: 4216K->4216K(1056768K)], 0.0362559 secs] [Times: user=0.21 sys=0.01, real=0.04 secs] 
26.243: Total time for which application threads were stopped: 0.0363619 seconds
26.247: [Full GC (Ergonomics) [PSYoungGen: 65536K->19920K(76288K)] [ParOldGen: 174739K->174740K(175104K)] 240275K->194660K(251392K), [Metaspace: 4216K->4216K(1056768K)], 0.0347397 secs] [Times: user=0.19 sys=0.00, real=0.04 secs] 
26.282: Total time for which application threads were stopped: 0.0348526 seconds
26.286: [Full GC (Ergonomics) [PSYoungGen: 65536K->19926K(76288K)] [ParOldGen: 174740K->174733K(175104K)] 240276K->194660K(251392K), [Metaspace: 4216K->4216K(1056768K)], 0.0287460 secs] [Times: user=0.19 sys=0.00, real=0.03 secs] 
26.315: Total time for which application threads were stopped: 0.0288697 seconds
26.319: [Full GC (Ergonomics) [PSYoungGen: 65536K->19920K(76288K)] [ParOldGen: 174733K->174739K(175104K)] 240269K->194660K(251392K), [Metaspace: 4216K->4216K(1056768K)], 0.0323927 secs] [Times: user=0.19 sys=0.00, real=0.04 secs] 
26.351: Total time for which application threads were stopped: 0.0325017 seconds
26.355: [Full GC (Ergonomics) [PSYoungGen: 65536K->19926K(76288K)] [ParOldGen: 174739K->174733K(175104K)] 240275K->194660K(251392K), [Metaspace: 4216K->4216K(1056768K)], 0.0343984 secs] [Times: user=0.20 sys=0.01, real=0.03 secs] 
26.390: Total time for which application threads were stopped: 0.0345139 seconds
26.394: [Full GC (Ergonomics) [PSYoungGen: 65536K->19921K(76288K)] [ParOldGen: 174733K->174738K(175104K)] 240269K->194660K(251392K), [Metaspace: 4216K->4216K(1056768K)], 0.0345955 secs] [Times: user=0.19 sys=0.00, real=0.03 secs] 
26.428: Total time for which application threads were stopped: 0.0347187 seconds
26.432: [Full GC (Ergonomics) [PSYoungGen: 65536K->19934K(76288K)] [ParOldGen: 174738K->174725K(175104K)] 240274K->194660K(251392K), [Metaspace: 4216K->4216K(1056768K)], 0.0342454 secs] [Times: user=0.20 sys=0.00, real=0.03 secs] 
26.467: Total time for which application threads were stopped: 0.0343477 seconds
26.470: [Full GC (Ergonomics) [PSYoungGen: 65536K->19931K(76288K)] [ParOldGen: 174725K->174728K(175104K)] 240261K->194660K(251392K), [Metaspace: 4216K->4216K(1056768K)], 0.0351617 secs] [Times: user=0.21 sys=0.00, real=0.03 secs] 
26.505: Total time for which application threads were stopped: 0.0352732 seconds
26.509: [Full GC (Ergonomics) [PSYoungGen: 65536K->19933K(76288K)] [ParOldGen: 174728K->174727K(175104K)] 240264K->194660K(251392K), [Metaspace: 4216K->4216K(1056768K)], 0.0345824 secs] [Times: user=0.20 sys=0.01, real=0.04 secs] 
26.544: Total time for which application threads were stopped: 0.0346972 seconds
26.548: [Full GC (Ergonomics) [PSYoungGen: 65536K->19923K(76288K)] [ParOldGen: 174727K->174737K(175104K)] 240263K->194660K(251392K), [Metaspace: 4216K->4216K(1056768K)], 0.0348577 secs] [Times: user=0.22 sys=0.00, real=0.04 secs] 
26.583: Total time for which application threads were stopped: 0.0349901 seconds
26.587: [Full GC (Ergonomics) [PSYoungGen: 65536K->19929K(76288K)] [ParOldGen: 174737K->174731K(175104K)] 240273K->194660K(251392K), [Metaspace: 4216K->4216K(1056768K)], 0.0344604 secs] [Times: user=0.18 sys=0.00, real=0.04 secs] 
26.621: Total time for which application threads were stopped: 0.0345719 seconds
26.626: [Full GC (Ergonomics) [PSYoungGen: 65536K->19930K(76288K)] [ParOldGen: 174731K->174730K(175104K)] 240267K->194660K(251392K), [Metaspace: 4216K->4216K(1056768K)], 0.0353983 secs] [Times: user=0.20 sys=0.01, real=0.04 secs] 
26.661: Total time for which application threads were stopped: 0.0355150 seconds
26.665: [Full GC (Ergonomics) [PSYoungGen: 65536K->19929K(76288K)] [ParOldGen: 174730K->174731K(175104K)] 240266K->194660K(251392K), [Metaspace: 4216K->4216K(1056768K)], 0.0346022 secs] [Times: user=0.21 sys=0.00, real=0.03 secs] 
26.700: Total time for which application threads were stopped: 0.0347402 seconds
26.703: [Full GC (Ergonomics) [PSYoungGen: 65536K->19924K(76288K)] [ParOldGen: 174731K->174736K(175104K)] 240267K->194660K(251392K), [Metaspace: 4216K->4216K(1056768K)], 0.0349044 secs] [Times: user=0.22 sys=0.00, real=0.03 secs] 
26.738: Total time for which application threads were stopped: 0.0350272 seconds
26.742: [Full GC (Ergonomics) [PSYoungGen: 65536K->19928K(76288K)] [ParOldGen: 174736K->174732K(175104K)] 240272K->194660K(251392K), [Metaspace: 4216K->4216K(1056768K)], 0.0327726 secs] [Times: user=0.19 sys=0.00, real=0.03 secs] 
26.775: Total time for which application threads were stopped: 0.0328879 seconds
26.779: [Full GC (Ergonomics) [PSYoungGen: 65536K->19928K(76288K)] [ParOldGen: 174732K->174731K(175104K)] 240268K->194660K(251392K), [Metaspace: 4216K->4216K(1056768K)], 0.0333948 secs] [Times: user=0.22 sys=0.00, real=0.04 secs] 
26.812: Total time for which application threads were stopped: 0.0335172 seconds
26.816: [Full GC (Ergonomics) [PSYoungGen: 65536K->19918K(76288K)] [ParOldGen: 174731K->174742K(175104K)] 240267K->194660K(251392K), [Metaspace: 4216K->4216K(1056768K)], 0.0328890 secs] [Times: user=0.24 sys=0.01, real=0.03 secs] 
26.849: Total time for which application threads were stopped: 0.0330227 seconds
26.852: [Full GC (Ergonomics) [PSYoungGen: 65536K->19929K(76288K)] [ParOldGen: 174742K->174730K(175104K)] 240278K->194660K(251392K), [Metaspace: 4216K->4216K(1056768K)], 0.0329444 secs] [Times: user=0.22 sys=0.00, real=0.03 secs] 
26.885: Total time for which application threads were stopped: 0.0330806 seconds
26.889: [Full GC (Ergonomics) [PSYoungGen: 65536K->19926K(76288K)] [ParOldGen: 174730K->174734K(175104K)] 240266K->194660K(251392K), [Metaspace: 4216K->4216K(1056768K)], 0.0315100 secs] [Times: user=0.20 sys=0.00, real=0.04 secs] 
26.920: Total time for which application threads were stopped: 0.0316239 seconds
26.924: [Full GC (Ergonomics) [PSYoungGen: 65536K->19936K(76288K)] [ParOldGen: 174734K->174723K(175104K)] 240270K->194660K(251392K), [Metaspace: 4216K->4216K(1056768K)], 0.0331300 secs] [Times: user=0.23 sys=0.00, real=0.03 secs] 
26.957: Total time for which application threads were stopped: 0.0332527 seconds
26.960: [Full GC (Ergonomics) [PSYoungGen: 65536K->19922K(76288K)] [ParOldGen: 174723K->174737K(175104K)] 240259K->194660K(251392K), [Metaspace: 4216K->4216K(1056768K)], 0.0327328 secs] [Times: user=0.23 sys=0.00, real=0.03 secs] 
26.993: Total time for which application threads were stopped: 0.0328670 seconds
26.997: [Full GC (Ergonomics) [PSYoungGen: 65536K->19928K(76288K)] [ParOldGen: 174737K->174732K(175104K)] 240273K->194660K(251392K), [Metaspace: 4216K->4216K(1056768K)], 0.0332108 secs] [Times: user=0.21 sys=0.01, real=0.03 secs] 
27.030: Total time for which application threads were stopped: 0.0333057 seconds
27.033: [Full GC (Ergonomics) [PSYoungGen: 65536K->19932K(76288K)] [ParOldGen: 174732K->174727K(175104K)] 240268K->194660K(251392K), [Metaspace: 4216K->4216K(1056768K)], 0.0336819 secs] [Times: user=0.20 sys=0.00, real=0.03 secs] 
27.067: Total time for which application threads were stopped: 0.0337799 seconds
27.070: [Full GC (Ergonomics) [PSYoungGen: 65536K->19923K(76288K)] [ParOldGen: 174727K->174736K(175104K)] 240263K->194660K(251392K), [Metaspace: 4216K->4216K(1056768K)], 0.0319602 secs] [Times: user=0.22 sys=0.00, real=0.03 secs] 
27.102: Total time for which application threads were stopped: 0.0320866 seconds
27.106: [Full GC (Ergonomics) [PSYoungGen: 65536K->19939K(76288K)] [ParOldGen: 174736K->174720K(175104K)] 240272K->194660K(251392K), [Metaspace: 4216K->4216K(1056768K)], 0.0313747 secs] [Times: user=0.18 sys=0.00, real=0.03 secs] 
27.137: Total time for which application threads were stopped: 0.0314884 seconds
27.140: [Full GC (Ergonomics) [PSYoungGen: 65536K->19929K(76288K)] [ParOldGen: 174720K->174730K(175104K)] 240256K->194660K(251392K), [Metaspace: 4216K->4216K(1056768K)], 0.0331958 secs] [Times: user=0.20 sys=0.01, real=0.03 secs] 
27.174: Total time for which application threads were stopped: 0.0333431 seconds
27.177: [Full GC (Ergonomics) [PSYoungGen: 65536K->19936K(76288K)] [ParOldGen: 174730K->174723K(175104K)] 240266K->194660K(251392K), [Metaspace: 4216K->4216K(1056768K)], 0.0332698 secs] [Times: user=0.22 sys=0.00, real=0.04 secs] 
27.211: Total time for which application threads were stopped: 0.0333921 seconds
27.214: [Full GC (Ergonomics) [PSYoungGen: 65536K->19921K(76288K)] [ParOldGen: 174723K->174738K(175104K)] 240259K->194660K(251392K), [Metaspace: 4216K->4216K(1056768K)], 0.0319218 secs] [Times: user=0.20 sys=0.00, real=0.03 secs] 
27.246: Total time for which application threads were stopped: 0.0320430 seconds
27.250: [Full GC (Ergonomics) [PSYoungGen: 65536K->19927K(76288K)] [ParOldGen: 174738K->174733K(175104K)] 240274K->194660K(251392K), [Metaspace: 4216K->4216K(1056768K)], 0.0338068 secs] [Times: user=0.17 sys=0.00, real=0.03 secs] 
27.284: Total time for which application threads were stopped: 0.0339153 seconds
27.287: [Full GC (Ergonomics) [PSYoungGen: 65536K->19926K(76288K)] [ParOldGen: 174733K->174734K(175104K)] 240269K->194660K(251392K), [Metaspace: 4216K->4216K(1056768K)], 0.0325129 secs] [Times: user=0.18 sys=0.01, real=0.04 secs] 
27.320: Total time for which application threads were stopped: 0.0326266 seconds
27.324: [Full GC (Ergonomics) [PSYoungGen: 65536K->19936K(76288K)] [ParOldGen: 174734K->174724K(175104K)] 240270K->194660K(251392K), [Metaspace: 4216K->4216K(1056768K)], 0.0310899 secs] [Times: user=0.20 sys=0.00, real=0.03 secs] 
27.355: Total time for which application threads were stopped: 0.0312244 seconds
27.359: [Full GC (Ergonomics) [PSYoungGen: 65536K->19935K(76288K)] [ParOldGen: 174724K->174725K(175104K)] 240260K->194660K(251392K), [Metaspace: 4216K->4216K(1056768K)], 0.0318311 secs] [Times: user=0.20 sys=0.00, real=0.04 secs] 
27.390: Total time for which application threads were stopped: 0.0319272 seconds
27.394: [Full GC (Ergonomics) [PSYoungGen: 65536K->19937K(76288K)] [ParOldGen: 174725K->174723K(175104K)] 240261K->194660K(251392K), [Metaspace: 4216K->4216K(1056768K)], 0.0346465 secs] [Times: user=0.20 sys=0.00, real=0.03 secs] 
27.429: Total time for which application threads were stopped: 0.0347807 seconds
27.432: [Full GC (Ergonomics) [PSYoungGen: 65536K->19936K(76288K)] [ParOldGen: 174723K->174723K(175104K)] 240259K->194660K(251392K), [Metaspace: 4216K->4216K(1056768K)], 0.0316388 secs] [Times: user=0.21 sys=0.01, real=0.03 secs] 
27.464: Total time for which application threads were stopped: 0.0317358 seconds
27.467: [Full GC (Ergonomics) [PSYoungGen: 65536K->19924K(76288K)] [ParOldGen: 174723K->174735K(175104K)] 240259K->194660K(251392K), [Metaspace: 4216K->4216K(1056768K)], 0.0323390 secs] [Times: user=0.21 sys=0.00, real=0.03 secs] 
27.500: Total time for which application threads were stopped: 0.0324527 seconds
27.503: [Full GC (Ergonomics) [PSYoungGen: 65536K->19922K(76288K)] [ParOldGen: 174735K->174737K(175104K)] 240271K->194660K(251392K), [Metaspace: 4216K->4216K(1056768K)], 0.0331080 secs] [Times: user=0.20 sys=0.00, real=0.03 secs] 
27.536: Total time for which application threads were stopped: 0.0332605 seconds
27.540: [Full GC (Ergonomics) [PSYoungGen: 65536K->19923K(76288K)] [ParOldGen: 174737K->174736K(175104K)] 240273K->194660K(251392K), [Metaspace: 4216K->4216K(1056768K)], 0.0334942 secs] [Times: user=0.21 sys=0.00, real=0.03 secs] 
27.573: Total time for which application threads were stopped: 0.0336293 seconds
27.577: [Full GC (Ergonomics) [PSYoungGen: 65536K->19930K(76288K)] [ParOldGen: 174736K->174730K(175104K)] 240272K->194660K(251392K), [Metaspace: 4216K->4216K(1056768K)], 0.0329144 secs] [Times: user=0.22 sys=0.00, real=0.04 secs] 
27.610: Total time for which application threads were stopped: 0.0330663 seconds
27.614: [Full GC (Ergonomics) [PSYoungGen: 65536K->19938K(76288K)] [ParOldGen: 174730K->174721K(175104K)] 240266K->194660K(251392K), [Metaspace: 4216K->4216K(1056768K)], 0.0315967 secs] [Times: user=0.19 sys=0.01, real=0.03 secs] 
27.645: Total time for which application threads were stopped: 0.0317123 seconds
27.649: [Full GC (Ergonomics) [PSYoungGen: 65536K->19931K(76288K)] [ParOldGen: 174721K->174729K(175104K)] 240257K->194660K(251392K), [Metaspace: 4216K->4216K(1056768K)], 0.0338185 secs] [Times: user=0.22 sys=0.00, real=0.04 secs] 
27.683: Total time for which application threads were stopped: 0.0339568 seconds
27.686: [Full GC (Ergonomics) [PSYoungGen: 65536K->19927K(76288K)] [ParOldGen: 174729K->174733K(175104K)] 240265K->194660K(251392K), [Metaspace: 4216K->4216K(1056768K)], 0.0330240 secs] [Times: user=0.22 sys=0.00, real=0.03 secs] 
27.719: Total time for which application threads were stopped: 0.0331527 seconds
27.723: [Full GC (Ergonomics) [PSYoungGen: 65536K->19931K(76288K)] [ParOldGen: 174733K->174729K(175104K)] 240269K->194660K(251392K), [Metaspace: 4216K->4216K(1056768K)], 0.0328785 secs] [Times: user=0.22 sys=0.00, real=0.03 secs] 
27.756: Total time for which application threads were stopped: 0.0329826 seconds
27.759: [Full GC (Ergonomics) [PSYoungGen: 65536K->19946K(76288K)] [ParOldGen: 174729K->174713K(175104K)] 240265K->194660K(251392K), [Metaspace: 4216K->4216K(1056768K)], 0.0329896 secs] [Times: user=0.21 sys=0.00, real=0.04 secs] 
27.792: Total time for which application threads were stopped: 0.0331107 seconds
27.796: [Full GC (Ergonomics) [PSYoungGen: 65536K->19924K(76288K)] [ParOldGen: 174713K->174736K(175104K)] 240249K->194660K(251392K), [Metaspace: 4216K->4216K(1056768K)], 0.0328437 secs] [Times: user=0.22 sys=0.00, real=0.03 secs] 
27.829: Total time for which application threads were stopped: 0.0329766 seconds
27.832: [Full GC (Ergonomics) [PSYoungGen: 65536K->19919K(76288K)] [ParOldGen: 174736K->174741K(175104K)] 240272K->194660K(251392K), [Metaspace: 4216K->4216K(1056768K)], 0.0311298 secs] [Times: user=0.20 sys=0.01, real=0.03 secs] 
27.863: Total time for which application threads were stopped: 0.0312636 seconds
27.867: [Full GC (Ergonomics) [PSYoungGen: 65536K->19922K(76288K)] [ParOldGen: 174741K->174738K(175104K)] 240277K->194660K(251392K), [Metaspace: 4216K->4216K(1056768K)], 0.0330263 secs] [Times: user=0.22 sys=0.00, real=0.04 secs] 
27.900: Total time for which application threads were stopped: 0.0331637 seconds
27.903: [Full GC (Ergonomics) [PSYoungGen: 65536K->19932K(76288K)] [ParOldGen: 174738K->174727K(175104K)] 240274K->194660K(251392K), [Metaspace: 4216K->4216K(1056768K)], 0.0325434 secs] [Times: user=0.22 sys=0.00, real=0.03 secs] 
27.936: Total time for which application threads were stopped: 0.0326685 seconds
27.940: [Full GC (Ergonomics) [PSYoungGen: 65536K->19927K(76288K)] [ParOldGen: 174727K->174733K(175104K)] 240263K->194660K(251392K), [Metaspace: 4216K->4216K(1056768K)], 0.0321830 secs] [Times: user=0.21 sys=0.00, real=0.04 secs] 
27.972: Total time for which application threads were stopped: 0.0323037 seconds
27.975: [Full GC (Ergonomics) [PSYoungGen: 65536K->19925K(76288K)] [ParOldGen: 174733K->174734K(175104K)] 240269K->194660K(251392K), [Metaspace: 4216K->4216K(1056768K)], 0.0326204 secs] [Times: user=0.23 sys=0.00, real=0.03 secs] 
28.008: Total time for which application threads were stopped: 0.0327522 seconds
28.011: [Full GC (Ergonomics) [PSYoungGen: 65536K->19921K(76288K)] [ParOldGen: 174734K->174739K(175104K)] 240270K->194660K(251392K), [Metaspace: 4216K->4216K(1056768K)], 0.0325239 secs] [Times: user=0.20 sys=0.00, real=0.03 secs] 
28.044: Total time for which application threads were stopped: 0.0326407 seconds
28.048: [Full GC (Ergonomics) [PSYoungGen: 65536K->19923K(76288K)] [ParOldGen: 174739K->174736K(175104K)] 240275K->194660K(251392K), [Metaspace: 4216K->4216K(1056768K)], 0.0317869 secs] [Times: user=0.19 sys=0.01, real=0.03 secs] 
28.079: Total time for which application threads were stopped: 0.0319118 seconds
28.083: [Full GC (Ergonomics) [PSYoungGen: 65536K->19931K(76288K)] [ParOldGen: 174736K->174728K(175104K)] 240272K->194660K(251392K), [Metaspace: 4216K->4216K(1056768K)], 0.0349238 secs] [Times: user=0.22 sys=0.00, real=0.03 secs] 
28.118: Total time for which application threads were stopped: 0.0350972 seconds
28.122: [Full GC (Ergonomics) [PSYoungGen: 65536K->19933K(76288K)] [ParOldGen: 174728K->174727K(175104K)] 240264K->194660K(251392K), [Metaspace: 4216K->4216K(1056768K)], 0.0327148 secs] [Times: user=0.22 sys=0.00, real=0.03 secs] 
28.155: Total time for which application threads were stopped: 0.0328758 seconds
28.158: [Full GC (Ergonomics) [PSYoungGen: 65536K->19920K(76288K)] [ParOldGen: 174727K->174740K(175104K)] 240263K->194660K(251392K), [Metaspace: 4216K->4216K(1056768K)], 0.0352823 secs] [Times: user=0.22 sys=0.00, real=0.04 secs] 
28.194: Total time for which application threads were stopped: 0.0354559 seconds
28.198: [Full GC (Ergonomics) [PSYoungGen: 65536K->19935K(76288K)] [ParOldGen: 174740K->174724K(175104K)] 240276K->194660K(251392K), [Metaspace: 4216K->4216K(1056768K)], 0.0355595 secs] [Times: user=0.20 sys=0.01, real=0.04 secs] 
28.233: Total time for which application threads were stopped: 0.0356867 seconds
28.238: [Full GC (Ergonomics) [PSYoungGen: 65536K->19921K(76288K)] [ParOldGen: 174724K->174738K(175104K)] 240260K->194660K(251392K), [Metaspace: 4216K->4216K(1056768K)], 0.0336876 secs] [Times: user=0.21 sys=0.00, real=0.04 secs] 
28.271: Total time for which application threads were stopped: 0.0338178 seconds
28.275: [Full GC (Ergonomics) [PSYoungGen: 65536K->19928K(76288K)] [ParOldGen: 174738K->174732K(175104K)] 240274K->194660K(251392K), [Metaspace: 4216K->4216K(1056768K)], 0.0343980 secs] [Times: user=0.20 sys=0.00, real=0.03 secs] 
28.309: Total time for which application threads were stopped: 0.0345366 seconds
28.313: [Full GC (Ergonomics) [PSYoungGen: 65536K->19919K(76288K)] [ParOldGen: 174732K->174740K(175104K)] 240268K->194660K(251392K), [Metaspace: 4216K->4216K(1056768K)], 0.0337806 secs] [Times: user=0.19 sys=0.00, real=0.03 secs] 
28.347: Total time for which application threads were stopped: 0.0339187 seconds
28.351: [Full GC (Ergonomics) [PSYoungGen: 65536K->19927K(76288K)] [ParOldGen: 174740K->174733K(175104K)] 240276K->194660K(251392K), [Metaspace: 4216K->4216K(1056768K)], 0.0353863 secs] [Times: user=0.21 sys=0.01, real=0.03 secs] 
28.386: Total time for which application threads were stopped: 0.0355204 seconds
28.390: [Full GC (Ergonomics) [PSYoungGen: 65536K->19935K(76288K)] [ParOldGen: 174733K->174725K(175104K)] 240269K->194660K(251392K), [Metaspace: 4216K->4216K(1056768K)], 0.0333050 secs] [Times: user=0.23 sys=0.00, real=0.03 secs] 
28.424: Total time for which application threads were stopped: 0.0334440 seconds
28.427: [Full GC (Ergonomics) [PSYoungGen: 65536K->19919K(76288K)] [ParOldGen: 174725K->174740K(175104K)] 240261K->194660K(251392K), [Metaspace: 4216K->4216K(1056768K)], 0.0331652 secs] [Times: user=0.21 sys=0.00, real=0.04 secs] 
28.460: Total time for which application threads were stopped: 0.0332986 seconds
28.464: [Full GC (Ergonomics) [PSYoungGen: 65536K->19932K(76288K)] [ParOldGen: 174740K->174727K(175104K)] 240276K->194660K(251392K), [Metaspace: 4216K->4216K(1056768K)], 0.0326732 secs] [Times: user=0.22 sys=0.00, real=0.03 secs] 
28.497: Total time for which application threads were stopped: 0.0328203 seconds
28.500: [Full GC (Ergonomics) [PSYoungGen: 65536K->19924K(76288K)] [ParOldGen: 174727K->174736K(175104K)] 240263K->194660K(251392K), [Metaspace: 4216K->4216K(1056768K)], 0.0326489 secs] [Times: user=0.23 sys=0.00, real=0.03 secs] 
28.533: Total time for which application threads were stopped: 0.0327616 seconds
28.536: [Full GC (Ergonomics) [PSYoungGen: 65536K->19929K(76288K)] [ParOldGen: 174736K->174731K(175104K)] 240272K->194660K(251392K), [Metaspace: 4216K->4216K(1056768K)], 0.0314784 secs] [Times: user=0.19 sys=0.00, real=0.03 secs] 
28.568: Total time for which application threads were stopped: 0.0316140 seconds
28.571: [Full GC (Ergonomics) [PSYoungGen: 65536K->19930K(76288K)] [ParOldGen: 174731K->174730K(175104K)] 240267K->194660K(251392K), [Metaspace: 4216K->4216K(1056768K)], 0.0327282 secs] [Times: user=0.21 sys=0.00, real=0.03 secs] 
28.604: Total time for which application threads were stopped: 0.0328461 seconds
28.608: [Full GC (Ergonomics) [PSYoungGen: 65536K->19929K(76288K)] [ParOldGen: 174730K->174730K(175104K)] 240266K->194660K(251392K), [Metaspace: 4216K->4216K(1056768K)], 0.0330295 secs] [Times: user=0.22 sys=0.01, real=0.04 secs] 
28.641: Total time for which application threads were stopped: 0.0332294 seconds
28.644: [Full GC (Ergonomics) [PSYoungGen: 65536K->19931K(76288K)] [ParOldGen: 174730K->174729K(175104K)] 240266K->194660K(251392K), [Metaspace: 4216K->4216K(1056768K)], 0.0326708 secs] [Times: user=0.21 sys=0.00, real=0.03 secs] 
28.677: Total time for which application threads were stopped: 0.0328275 seconds
28.681: [Full GC (Ergonomics) [PSYoungGen: 65536K->19921K(76288K)] [ParOldGen: 174729K->174738K(175104K)] 240265K->194660K(251392K), [Metaspace: 4216K->4216K(1056768K)], 0.0304056 secs] [Times: user=0.21 sys=0.00, real=0.03 secs] 
28.711: Total time for which application threads were stopped: 0.0305212 seconds
28.715: [Full GC (Ergonomics) [PSYoungGen: 65536K->19913K(76288K)] [ParOldGen: 174738K->174746K(175104K)] 240274K->194660K(251392K), [Metaspace: 4216K->4216K(1056768K)], 0.0343135 secs] [Times: user=0.21 sys=0.00, real=0.03 secs] 
28.750: Total time for which application threads were stopped: 0.0344333 seconds
28.753: [Full GC (Ergonomics) [PSYoungGen: 65536K->19927K(76288K)] [ParOldGen: 174746K->174733K(175104K)] 240282K->194660K(251392K), [Metaspace: 4216K->4216K(1056768K)], 0.0323821 secs] [Times: user=0.20 sys=0.00, real=0.03 secs] 
28.786: Total time for which application threads were stopped: 0.0324971 seconds
28.789: [Full GC (Ergonomics) [PSYoungGen: 65536K->19929K(76288K)] [ParOldGen: 174733K->174731K(175104K)] 240269K->194660K(251392K), [Metaspace: 4216K->4216K(1056768K)], 0.0353113 secs] [Times: user=0.20 sys=0.00, real=0.04 secs] 
28.825: Total time for which application threads were stopped: 0.0354427 seconds
28.829: [Full GC (Ergonomics) [PSYoungGen: 65536K->19923K(76288K)] [ParOldGen: 174731K->174736K(175104K)] 240267K->194660K(251392K), [Metaspace: 4216K->4216K(1056768K)], 0.0338749 secs] [Times: user=0.22 sys=0.00, real=0.04 secs] 
28.863: Total time for which application threads were stopped: 0.0340026 seconds
28.866: [Full GC (Ergonomics) [PSYoungGen: 65536K->19940K(76288K)] [ParOldGen: 174736K->174720K(175104K)] 240272K->194660K(251392K), [Metaspace: 4216K->4216K(1056768K)], 0.0351043 secs] [Times: user=0.21 sys=0.00, real=0.04 secs] 
28.901: Total time for which application threads were stopped: 0.0352460 seconds
28.905: [Full GC (Ergonomics) [PSYoungGen: 65536K->19931K(76288K)] [ParOldGen: 174720K->174728K(175104K)] 240256K->194660K(251392K), [Metaspace: 4216K->4216K(1056768K)], 0.0336438 secs] [Times: user=0.22 sys=0.01, real=0.03 secs] 
28.939: Total time for which application threads were stopped: 0.0337748 seconds
28.943: [Full GC (Ergonomics) [PSYoungGen: 65536K->19934K(76288K)] [ParOldGen: 174728K->174726K(175104K)] 240264K->194660K(251392K), [Metaspace: 4216K->4216K(1056768K)], 0.0331287 secs] [Times: user=0.20 sys=0.00, real=0.03 secs] 
28.976: Total time for which application threads were stopped: 0.0332670 seconds
28.980: [Full GC (Ergonomics) [PSYoungGen: 65536K->19933K(76288K)] [ParOldGen: 174726K->174727K(175104K)] 240262K->194660K(251392K), [Metaspace: 4216K->4216K(1056768K)], 0.0345636 secs] [Times: user=0.20 sys=0.00, real=0.04 secs] 
29.014: Total time for which application threads were stopped: 0.0346898 seconds
29.018: [Full GC (Ergonomics) [PSYoungGen: 65536K->19927K(76288K)] [ParOldGen: 174727K->174733K(175104K)] 240263K->194660K(251392K), [Metaspace: 4216K->4216K(1056768K)], 0.0318300 secs] [Times: user=0.19 sys=0.00, real=0.03 secs] 
29.050: Total time for which application threads were stopped: 0.0319673 seconds
29.053: [Full GC (Ergonomics) [PSYoungGen: 65536K->19934K(76288K)] [ParOldGen: 174733K->174725K(175104K)] 240269K->194660K(251392K), [Metaspace: 4216K->4216K(1056768K)], 0.0333293 secs] [Times: user=0.20 sys=0.00, real=0.03 secs] 
29.087: Total time for which application threads were stopped: 0.0334617 seconds
29.091: [Full GC (Ergonomics) [PSYoungGen: 65536K->19924K(76288K)] [ParOldGen: 174725K->174736K(175104K)] 240261K->194660K(251392K), [Metaspace: 4216K->4216K(1056768K)], 0.0345808 secs] [Times: user=0.21 sys=0.01, real=0.03 secs] 
29.125: Total time for which application threads were stopped: 0.0346976 seconds
29.129: [Full GC (Ergonomics) [PSYoungGen: 65536K->19936K(76288K)] [ParOldGen: 174736K->174724K(175104K)] 240272K->194660K(251392K), [Metaspace: 4216K->4216K(1056768K)], 0.0337109 secs] [Times: user=0.20 sys=0.00, real=0.04 secs] 
29.162: Total time for which application threads were stopped: 0.0338099 seconds
29.166: [Full GC (Ergonomics) [PSYoungGen: 65536K->19928K(76288K)] [ParOldGen: 174724K->174731K(175104K)] 240260K->194660K(251392K), [Metaspace: 4216K->4216K(1056768K)], 0.0333341 secs] [Times: user=0.20 sys=0.00, real=0.03 secs] 
29.199: Total time for which application threads were stopped: 0.0334407 seconds
29.203: [Full GC (Ergonomics) [PSYoungGen: 65536K->19928K(76288K)] [ParOldGen: 174731K->174732K(175104K)] 240267K->194660K(251392K), [Metaspace: 4216K->4216K(1056768K)], 0.0332202 secs] [Times: user=0.22 sys=0.00, real=0.03 secs] 
29.237: Total time for which application threads were stopped: 0.0333627 seconds
29.241: [Full GC (Ergonomics) [PSYoungGen: 65536K->19942K(76288K)] [ParOldGen: 174732K->174717K(175104K)] 240268K->194660K(251392K), [Metaspace: 4216K->4216K(1056768K)], 0.0340080 secs] [Times: user=0.22 sys=0.00, real=0.03 secs] 
29.275: Total time for which application threads were stopped: 0.0341355 seconds
29.278: [Full GC (Ergonomics) [PSYoungGen: 65536K->19933K(76288K)] [ParOldGen: 174717K->174726K(175104K)] 240253K->194660K(251392K), [Metaspace: 4216K->4216K(1056768K)], 0.0345790 secs] [Times: user=0.20 sys=0.01, real=0.04 secs] 
29.313: Total time for which application threads were stopped: 0.0347240 seconds
29.317: [Full GC (Ergonomics) [PSYoungGen: 65536K->19934K(76288K)] [ParOldGen: 174726K->174726K(175104K)] 240262K->194660K(251392K), [Metaspace: 4216K->4216K(1056768K)], 0.0333013 secs] [Times: user=0.22 sys=0.00, real=0.04 secs] 
29.350: Total time for which application threads were stopped: 0.0334500 seconds
29.354: [Full GC (Ergonomics) [PSYoungGen: 65536K->19930K(76288K)] [ParOldGen: 174726K->174730K(175104K)] 240262K->194660K(251392K), [Metaspace: 4216K->4216K(1056768K)], 0.0338135 secs] [Times: user=0.21 sys=0.00, real=0.03 secs] 
29.388: Total time for which application threads were stopped: 0.0339348 seconds
29.391: [Full GC (Ergonomics) [PSYoungGen: 65536K->19937K(76288K)] [ParOldGen: 174730K->174722K(175104K)] 240266K->194660K(251392K), [Metaspace: 4216K->4216K(1056768K)], 0.0346273 secs] [Times: user=0.18 sys=0.00, real=0.03 secs] 
29.426: Total time for which application threads were stopped: 0.0347546 seconds
29.430: [Full GC (Ergonomics) [PSYoungGen: 65536K->19924K(76288K)] [ParOldGen: 174722K->174736K(175104K)] 240258K->194660K(251392K), [Metaspace: 4216K->4216K(1056768K)], 0.0346043 secs] [Times: user=0.21 sys=0.01, real=0.04 secs] 
29.464: Total time for which application threads were stopped: 0.0347186 seconds
29.468: [Full GC (Ergonomics) [PSYoungGen: 65536K->19933K(76288K)] [ParOldGen: 174736K->174726K(175104K)] 240272K->194660K(251392K), [Metaspace: 4216K->4216K(1056768K)], 0.0329479 secs] [Times: user=0.22 sys=0.00, real=0.04 secs] 
29.501: Total time for which application threads were stopped: 0.0331123 seconds
29.504: [Full GC (Ergonomics) [PSYoungGen: 65536K->19924K(76288K)] [ParOldGen: 174726K->174735K(175104K)] 240262K->194660K(251392K), [Metaspace: 4216K->4216K(1056768K)], 0.0330204 secs] [Times: user=0.23 sys=0.00, real=0.03 secs] 
29.537: Total time for which application threads were stopped: 0.0331162 seconds
29.540: [Full GC (Ergonomics) [PSYoungGen: 65536K->19923K(76288K)] [ParOldGen: 174735K->174736K(175104K)] 240271K->194660K(251392K), [Metaspace: 4216K->4216K(1056768K)], 0.0317602 secs] [Times: user=0.20 sys=0.00, real=0.03 secs] 
29.572: Total time for which application threads were stopped: 0.0319029 seconds
29.576: [Full GC (Ergonomics) [PSYoungGen: 65536K->19917K(76288K)] [ParOldGen: 174736K->174742K(175104K)] 240272K->194660K(251392K), [Metaspace: 4216K->4216K(1056768K)], 0.0316589 secs] [Times: user=0.21 sys=0.00, real=0.03 secs] 
29.608: Total time for which application threads were stopped: 0.0317958 seconds
29.611: [Full GC (Ergonomics) [PSYoungGen: 65536K->19929K(76288K)] [ParOldGen: 174742K->174730K(175104K)] 240278K->194660K(251392K), [Metaspace: 4216K->4216K(1056768K)], 0.0325430 secs] [Times: user=0.21 sys=0.00, real=0.03 secs] 
29.644: Total time for which application threads were stopped: 0.0326603 seconds
29.647: [Full GC (Ergonomics) [PSYoungGen: 65536K->19925K(76288K)] [ParOldGen: 174730K->174735K(175104K)] 240266K->194660K(251392K), [Metaspace: 4216K->4216K(1056768K)], 0.0325819 secs] [Times: user=0.22 sys=0.01, real=0.04 secs] 
29.680: Total time for which application threads were stopped: 0.0326977 seconds
29.683: [Full GC (Ergonomics) [PSYoungGen: 65536K->19931K(76288K)] [ParOldGen: 174735K->174728K(175104K)] 240271K->194660K(251392K), [Metaspace: 4216K->4216K(1056768K)], 0.0321969 secs] [Times: user=0.22 sys=0.00, real=0.03 secs] 
29.715: Total time for which application threads were stopped: 0.0323318 seconds
29.719: [Full GC (Ergonomics) [PSYoungGen: 65536K->19929K(76288K)] [ParOldGen: 174728K->174730K(175104K)] 240264K->194660K(251392K), [Metaspace: 4216K->4216K(1056768K)], 0.0343550 secs] [Times: user=0.20 sys=0.00, real=0.04 secs] 
29.753: Total time for which application threads were stopped: 0.0344735 seconds
29.757: [Full GC (Ergonomics) [PSYoungGen: 65536K->19930K(76288K)] [ParOldGen: 174730K->174730K(175104K)] 240266K->194660K(251392K), [Metaspace: 4216K->4216K(1056768K)], 0.0338549 secs] [Times: user=0.20 sys=0.00, real=0.04 secs] 
29.791: Total time for which application threads were stopped: 0.0339945 seconds
29.795: [Full GC (Ergonomics) [PSYoungGen: 65536K->19933K(76288K)] [ParOldGen: 174730K->174726K(175104K)] 240266K->194660K(251392K), [Metaspace: 4216K->4216K(1056768K)], 0.0338233 secs] [Times: user=0.22 sys=0.00, real=0.03 secs] 
29.829: Total time for which application threads were stopped: 0.0339596 seconds
29.833: [Full GC (Ergonomics) [PSYoungGen: 65536K->19925K(76288K)] [ParOldGen: 174726K->174734K(175104K)] 240262K->194660K(251392K), [Metaspace: 4216K->4216K(1056768K)], 0.0339899 secs] [Times: user=0.21 sys=0.01, real=0.03 secs] 
29.867: Total time for which application threads were stopped: 0.0341182 seconds
29.871: [Full GC (Ergonomics) [PSYoungGen: 65536K->19926K(76288K)] [ParOldGen: 174734K->174734K(175104K)] 240270K->194660K(251392K), [Metaspace: 4216K->4216K(1056768K)], 0.0340263 secs] [Times: user=0.20 sys=0.00, real=0.03 secs] 
29.905: Total time for which application threads were stopped: 0.0341504 seconds
29.909: [Full GC (Ergonomics) [PSYoungGen: 65536K->19928K(76288K)] [ParOldGen: 174734K->174732K(175104K)] 240270K->194660K(251392K), [Metaspace: 4216K->4216K(1056768K)], 0.0332645 secs] [Times: user=0.20 sys=0.00, real=0.04 secs] 
29.942: Total time for which application threads were stopped: 0.0333957 seconds
29.946: [Full GC (Ergonomics) [PSYoungGen: 65536K->19924K(76288K)] [ParOldGen: 174732K->174735K(175104K)] 240268K->194660K(251392K), [Metaspace: 4216K->4216K(1056768K)], 0.0338856 secs] [Times: user=0.22 sys=0.00, real=0.03 secs] 
29.980: Total time for which application threads were stopped: 0.0340001 seconds
29.983: [Full GC (Ergonomics) [PSYoungGen: 65536K->19923K(76288K)] [ParOldGen: 174735K->174737K(175104K)] 240271K->194660K(251392K), [Metaspace: 4216K->4216K(1056768K)], 0.0341687 secs] [Times: user=0.20 sys=0.00, real=0.03 secs] 
30.017: Total time for which application threads were stopped: 0.0342876 seconds
30.021: [Full GC (Ergonomics) [PSYoungGen: 65536K->19930K(76288K)] [ParOldGen: 174737K->174729K(175104K)] 240273K->194660K(251392K), [Metaspace: 4216K->4216K(1056768K)], 0.0339183 secs] [Times: user=0.22 sys=0.01, real=0.03 secs] 
30.055: Total time for which application threads were stopped: 0.0340782 seconds
30.059: [Full GC (Ergonomics) [PSYoungGen: 65536K->19931K(76288K)] [ParOldGen: 174729K->174729K(175104K)] 240265K->194660K(251392K), [Metaspace: 4216K->4216K(1056768K)], 0.0330351 secs] [Times: user=0.22 sys=0.00, real=0.04 secs] 
30.092: Total time for which application threads were stopped: 0.0331993 seconds
30.095: [Full GC (Ergonomics) [PSYoungGen: 65536K->19926K(76288K)] [ParOldGen: 174729K->174734K(175104K)] 240265K->194660K(251392K), [Metaspace: 4216K->4216K(1056768K)], 0.0326345 secs] [Times: user=0.22 sys=0.00, real=0.03 secs] 
30.128: Total time for which application threads were stopped: 0.0327689 seconds
30.131: [Full GC (Ergonomics) [PSYoungGen: 65536K->19917K(76288K)] [ParOldGen: 174734K->174743K(175104K)] 240270K->194660K(251392K), [Metaspace: 4216K->4216K(1056768K)], 0.0311532 secs] [Times: user=0.20 sys=0.00, real=0.03 secs] 
30.163: Total time for which application threads were stopped: 0.0312875 seconds
30.166: [Full GC (Ergonomics) [PSYoungGen: 65536K->19929K(76288K)] [ParOldGen: 174743K->174731K(175104K)] 240279K->194660K(251392K), [Metaspace: 4216K->4216K(1056768K)], 0.0327520 secs] [Times: user=0.22 sys=0.00, real=0.03 secs] 
30.199: Total time for which application threads were stopped: 0.0329115 seconds
30.203: [Full GC (Ergonomics) [PSYoungGen: 65536K->19932K(76288K)] [ParOldGen: 174731K->174662K(175104K)] 240267K->194594K(251392K), [Metaspace: 4216K->4216K(1056768K)], 0.0334499 secs] [Times: user=0.23 sys=0.00, real=0.03 secs] 
30.236: Total time for which application threads were stopped: 0.0335498 seconds
30.240: [Full GC (Ergonomics) [PSYoungGen: 65536K->19923K(76288K)] [ParOldGen: 174662K->174671K(175104K)] 240198K->194594K(251392K), [Metaspace: 4216K->4216K(1056768K)], 0.0327955 secs] [Times: user=0.21 sys=0.00, real=0.04 secs] 
30.272: Total time for which application threads were stopped: 0.0329278 seconds
30.276: [Full GC (Ergonomics) [PSYoungGen: 65536K->19939K(76288K)] [ParOldGen: 174671K->174655K(175104K)] 240207K->194594K(251392K), [Metaspace: 4216K->4216K(1056768K)], 0.0329296 secs] [Times: user=0.23 sys=0.01, real=0.03 secs] 
30.309: Total time for which application threads were stopped: 0.0330646 seconds
30.312: [Full GC (Ergonomics) [PSYoungGen: 65536K->19926K(76288K)] [ParOldGen: 174655K->174668K(175104K)] 240191K->194594K(251392K), [Metaspace: 4216K->4216K(1056768K)], 0.0312298 secs] [Times: user=0.20 sys=0.00, real=0.03 secs] 
30.344: Total time for which application threads were stopped: 0.0313642 seconds
30.347: [Full GC (Ergonomics) [PSYoungGen: 65536K->19925K(76288K)] [ParOldGen: 174668K->174669K(175104K)] 240204K->194594K(251392K), [Metaspace: 4216K->4216K(1056768K)], 0.0320208 secs] [Times: user=0.20 sys=0.00, real=0.03 secs] 
30.379: Total time for which application threads were stopped: 0.0321312 seconds
30.382: [Full GC (Ergonomics) [PSYoungGen: 65536K->19939K(76288K)] [ParOldGen: 174669K->174655K(175104K)] 240205K->194594K(251392K), [Metaspace: 4216K->4216K(1056768K)], 0.0304959 secs] [Times: user=0.19 sys=0.00, real=0.03 secs] 
30.413: Total time for which application threads were stopped: 0.0306388 seconds
30.416: [Full GC (Ergonomics) [PSYoungGen: 65536K->19927K(76288K)] [ParOldGen: 174655K->174667K(175104K)] 240191K->194594K(251392K), [Metaspace: 4216K->4216K(1056768K)], 0.0319333 secs] [Times: user=0.22 sys=0.00, real=0.03 secs] 
30.448: Total time for which application threads were stopped: 0.0320456 seconds
30.452: [Full GC (Ergonomics) [PSYoungGen: 65536K->19928K(76288K)] [ParOldGen: 174667K->174666K(175104K)] 240203K->194594K(251392K), [Metaspace: 4216K->4216K(1056768K)], 0.0323046 secs] [Times: user=0.23 sys=0.00, real=0.03 secs] 
30.484: Total time for which application threads were stopped: 0.0324409 seconds
30.487: [Full GC (Ergonomics) [PSYoungGen: 65536K->19936K(76288K)] [ParOldGen: 174666K->174658K(175104K)] 240202K->194594K(251392K), [Metaspace: 4216K->4216K(1056768K)], 0.0315621 secs] [Times: user=0.22 sys=0.01, real=0.03 secs] 
30.519: Total time for which application threads were stopped: 0.0317021 seconds
30.523: [Full GC (Ergonomics) [PSYoungGen: 65536K->19928K(76288K)] [ParOldGen: 174658K->174666K(175104K)] 240194K->194594K(251392K), [Metaspace: 4216K->4216K(1056768K)], 0.0333072 secs] [Times: user=0.21 sys=0.00, real=0.03 secs] 
30.556: Total time for which application threads were stopped: 0.0334545 seconds
30.560: [Full GC (Ergonomics) [PSYoungGen: 65536K->19930K(76288K)] [ParOldGen: 174666K->174663K(175104K)] 240202K->194594K(251392K), [Metaspace: 4216K->4216K(1056768K)], 0.0322064 secs] [Times: user=0.21 sys=0.00, real=0.04 secs] 
30.592: Total time for which application threads were stopped: 0.0323132 seconds
30.595: [Full GC (Ergonomics) [PSYoungGen: 65536K->19921K(76288K)] [ParOldGen: 174663K->174673K(175104K)] 240199K->194594K(251392K), [Metaspace: 4216K->4216K(1056768K)], 0.0343945 secs] [Times: user=0.22 sys=0.00, real=0.03 secs] 
30.630: Total time for which application threads were stopped: 0.0345101 seconds
30.633: [Full GC (Ergonomics) [PSYoungGen: 65536K->19932K(76288K)] [ParOldGen: 174673K->174662K(175104K)] 240209K->194594K(251392K), [Metaspace: 4216K->4216K(1056768K)], 0.0329626 secs] [Times: user=0.21 sys=0.00, real=0.03 secs] 
30.666: Total time for which application threads were stopped: 0.0330969 seconds
30.670: [Full GC (Ergonomics) [PSYoungGen: 65536K->19937K(76288K)] [ParOldGen: 174662K->174657K(175104K)] 240198K->194594K(251392K), [Metaspace: 4216K->4216K(1056768K)], 0.0321044 secs] [Times: user=0.22 sys=0.00, real=0.04 secs] 
30.702: Total time for which application threads were stopped: 0.0322071 seconds
30.705: [Full GC (Ergonomics) [PSYoungGen: 65536K->19938K(76288K)] [ParOldGen: 174657K->174656K(175104K)] 240193K->194594K(251392K), [Metaspace: 4216K->4216K(1056768K)], 0.0326887 secs] [Times: user=0.22 sys=0.00, real=0.03 secs] 
30.738: Total time for which application threads were stopped: 0.0328207 seconds
30.741: [Full GC (Ergonomics) [PSYoungGen: 65536K->19934K(76288K)] [ParOldGen: 174656K->174660K(175104K)] 240192K->194594K(251392K), [Metaspace: 4216K->4216K(1056768K)], 0.0324515 secs] [Times: user=0.22 sys=0.01, real=0.03 secs] 
30.774: Total time for which application threads were stopped: 0.0325871 seconds
30.777: [Full GC (Ergonomics) [PSYoungGen: 65536K->19932K(76288K)] [ParOldGen: 174660K->174662K(175104K)] 240196K->194594K(251392K), [Metaspace: 4216K->4216K(1056768K)], 0.0327651 secs] [Times: user=0.22 sys=0.00, real=0.04 secs] 
30.810: Total time for which application threads were stopped: 0.0328674 seconds
30.813: [Full GC (Ergonomics) [PSYoungGen: 65536K->19928K(76288K)] [ParOldGen: 174662K->174666K(175104K)] 240198K->194594K(251392K), [Metaspace: 4216K->4216K(1056768K)], 0.0321000 secs] [Times: user=0.22 sys=0.00, real=0.03 secs] 
30.846: Total time for which application threads were stopped: 0.0322138 seconds
30.849: [Full GC (Ergonomics) [PSYoungGen: 65536K->19931K(76288K)] [ParOldGen: 174666K->174663K(175104K)] 240202K->194594K(251392K), [Metaspace: 4216K->4216K(1056768K)], 0.0309562 secs] [Times: user=0.21 sys=0.00, real=0.04 secs] 
30.880: Total time for which application threads were stopped: 0.0310831 seconds
30.884: [Full GC (Ergonomics) [PSYoungGen: 65536K->19919K(76288K)] [ParOldGen: 174663K->174675K(175104K)] 240199K->194594K(251392K), [Metaspace: 4216K->4216K(1056768K)], 0.0331323 secs] [Times: user=0.22 sys=0.00, real=0.03 secs] 
30.917: Total time for which application threads were stopped: 0.0333226 seconds
30.920: [Full GC (Ergonomics) [PSYoungGen: 65536K->19925K(76288K)] [ParOldGen: 174675K->174669K(175104K)] 240211K->194594K(251392K), [Metaspace: 4216K->4216K(1056768K)], 0.0309519 secs] [Times: user=0.20 sys=0.00, real=0.03 secs] 
30.951: Total time for which application threads were stopped: 0.0311083 seconds
30.955: [Full GC (Ergonomics) [PSYoungGen: 65536K->19932K(76288K)] [ParOldGen: 174669K->174662K(175104K)] 240205K->194594K(251392K), [Metaspace: 4216K->4216K(1056768K)], 0.0348034 secs] [Times: user=0.21 sys=0.00, real=0.03 secs] 
30.989: Total time for which application threads were stopped: 0.0349342 seconds
30.993: [Full GC (Ergonomics) [PSYoungGen: 65536K->19933K(76288K)] [ParOldGen: 174662K->174661K(175104K)] 240198K->194594K(251392K), [Metaspace: 4216K->4216K(1056768K)], 0.0323756 secs] [Times: user=0.22 sys=0.01, real=0.03 secs] 
31.026: Total time for which application threads were stopped: 0.0325262 seconds
31.030: [Full GC (Ergonomics) [PSYoungGen: 65536K->19925K(76288K)] [ParOldGen: 174661K->174669K(175104K)] 240197K->194594K(251392K), [Metaspace: 4216K->4216K(1056768K)], 0.0318494 secs] [Times: user=0.21 sys=0.00, real=0.04 secs] 
31.061: Total time for which application threads were stopped: 0.0319880 seconds
31.065: [Full GC (Ergonomics) [PSYoungGen: 65536K->19925K(76288K)] [ParOldGen: 174669K->174669K(175104K)] 240205K->194594K(251392K), [Metaspace: 4216K->4216K(1056768K)], 0.0286821 secs] [Times: user=0.18 sys=0.00, real=0.03 secs] 
31.094: Total time for which application threads were stopped: 0.0287938 seconds
31.098: [Full GC (Ergonomics) [PSYoungGen: 65536K->19922K(76288K)] [ParOldGen: 174669K->174672K(175104K)] 240205K->194594K(251392K), [Metaspace: 4216K->4216K(1056768K)], 0.0323316 secs] [Times: user=0.21 sys=0.00, real=0.04 secs] 
31.130: Total time for which application threads were stopped: 0.0324440 seconds
31.133: [Full GC (Ergonomics) [PSYoungGen: 65536K->19929K(76288K)] [ParOldGen: 174672K->174665K(175104K)] 240208K->194594K(251392K), [Metaspace: 4216K->4216K(1056768K)], 0.0310579 secs] [Times: user=0.20 sys=0.00, real=0.03 secs] 
31.164: Total time for which application threads were stopped: 0.0311835 seconds
31.168: [Full GC (Ergonomics) [PSYoungGen: 65536K->19919K(76288K)] [ParOldGen: 174665K->174675K(175104K)] 240201K->194594K(251392K), [Metaspace: 4216K->4216K(1056768K)], 0.0325816 secs] [Times: user=0.23 sys=0.00, real=0.04 secs] 
31.201: Total time for which application threads were stopped: 0.0327177 seconds
31.204: [Full GC (Ergonomics) [PSYoungGen: 65536K->19933K(76288K)] [ParOldGen: 174675K->174661K(175104K)] 240211K->194594K(251392K), [Metaspace: 4216K->4216K(1056768K)], 0.0336672 secs] [Times: user=0.22 sys=0.01, real=0.03 secs] 
31.238: Total time for which application threads were stopped: 0.0338423 seconds
31.242: [Full GC (Ergonomics) [PSYoungGen: 65536K->19932K(76288K)] [ParOldGen: 174661K->174662K(175104K)] 240197K->194594K(251392K), [Metaspace: 4216K->4216K(1056768K)], 0.0330510 secs] [Times: user=0.20 sys=0.00, real=0.03 secs] 
31.275: Total time for which application threads were stopped: 0.0331700 seconds
31.279: [Full GC (Ergonomics) [PSYoungGen: 65536K->19916K(76288K)] [ParOldGen: 174662K->174678K(175104K)] 240198K->194594K(251392K), [Metaspace: 4216K->4216K(1056768K)], 0.0328015 secs] [Times: user=0.23 sys=0.00, real=0.04 secs] 
31.312: Total time for which application threads were stopped: 0.0329331 seconds
31.315: [Full GC (Ergonomics) [PSYoungGen: 65536K->19919K(76288K)] [ParOldGen: 174678K->174675K(175104K)] 240214K->194594K(251392K), [Metaspace: 4216K->4216K(1056768K)], 0.0327885 secs] [Times: user=0.22 sys=0.00, real=0.03 secs] 
31.348: Total time for which application threads were stopped: 0.0329203 seconds
31.351: [Full GC (Ergonomics) [PSYoungGen: 65536K->19932K(76288K)] [ParOldGen: 174675K->174662K(175104K)] 240211K->194594K(251392K), [Metaspace: 4216K->4216K(1056768K)], 0.0328885 secs] [Times: user=0.22 sys=0.00, real=0.03 secs] 
31.384: Total time for which application threads were stopped: 0.0330231 seconds
31.388: [Full GC (Ergonomics) [PSYoungGen: 65536K->19934K(76288K)] [ParOldGen: 174662K->174660K(175104K)] 240198K->194594K(251392K), [Metaspace: 4216K->4216K(1056768K)], 0.0326158 secs] [Times: user=0.18 sys=0.00, real=0.04 secs] 
31.420: Total time for which application threads were stopped: 0.0327622 seconds
31.424: [Full GC (Ergonomics) [PSYoungGen: 65536K->19929K(76288K)] [ParOldGen: 174660K->174665K(175104K)] 240196K->194594K(251392K), [Metaspace: 4216K->4216K(1056768K)], 0.0323605 secs] [Times: user=0.21 sys=0.01, real=0.03 secs] 
31.456: Total time for which application threads were stopped: 0.0324949 seconds
31.459: [Full GC (Ergonomics) [PSYoungGen: 65536K->19925K(76288K)] [ParOldGen: 174665K->174668K(175104K)] 240201K->194594K(251392K), [Metaspace: 4216K->4216K(1056768K)], 0.0322632 secs] [Times: user=0.21 sys=0.00, real=0.04 secs] 
31.492: Total time for which application threads were stopped: 0.0323992 seconds
31.495: [Full GC (Ergonomics) [PSYoungGen: 65536K->19929K(76288K)] [ParOldGen: 174668K->174665K(175104K)] 240204K->194594K(251392K), [Metaspace: 4216K->4216K(1056768K)], 0.0317586 secs] [Times: user=0.22 sys=0.00, real=0.03 secs] 
31.527: Total time for which application threads were stopped: 0.0319151 seconds
31.530: [Full GC (Ergonomics) [PSYoungGen: 65536K->19922K(76288K)] [ParOldGen: 174665K->174672K(175104K)] 240201K->194594K(251392K), [Metaspace: 4216K->4216K(1056768K)], 0.0325276 secs] [Times: user=0.23 sys=0.00, real=0.03 secs] 
31.563: Total time for which application threads were stopped: 0.0326624 seconds
31.566: [Full GC (Ergonomics) [PSYoungGen: 65536K->19935K(76288K)] [ParOldGen: 174672K->174658K(175104K)] 240208K->194594K(251392K), [Metaspace: 4216K->4216K(1056768K)], 0.0328328 secs] [Times: user=0.23 sys=0.00, real=0.03 secs] 
31.599: Total time for which application threads were stopped: 0.0329679 seconds
31.603: [Full GC (Ergonomics) [PSYoungGen: 65536K->19927K(76288K)] [ParOldGen: 174658K->174667K(175104K)] 240194K->194594K(251392K), [Metaspace: 4216K->4216K(1056768K)], 0.0330478 secs] [Times: user=0.21 sys=0.00, real=0.03 secs] 
31.636: Total time for which application threads were stopped: 0.0331855 seconds
31.639: [Full GC (Ergonomics) [PSYoungGen: 65536K->19930K(76288K)] [ParOldGen: 174667K->174664K(175104K)] 240203K->194594K(251392K), [Metaspace: 4216K->4216K(1056768K)], 0.0325841 secs] [Times: user=0.21 sys=0.00, real=0.04 secs] 
31.672: Total time for which application threads were stopped: 0.0327010 seconds
31.675: [Full GC (Ergonomics) [PSYoungGen: 65536K->19928K(76288K)] [ParOldGen: 174664K->174666K(175104K)] 240200K->194594K(251392K), [Metaspace: 4216K->4216K(1056768K)], 0.0323311 secs] [Times: user=0.22 sys=0.00, real=0.03 secs] 
31.708: Total time for which application threads were stopped: 0.0324516 seconds
31.711: [Full GC (Ergonomics) [PSYoungGen: 65536K->19940K(76288K)] [ParOldGen: 174666K->174653K(175104K)] 240202K->194594K(251392K), [Metaspace: 4216K->4216K(1056768K)], 0.0322830 secs] [Times: user=0.22 sys=0.01, real=0.03 secs] 
31.744: Total time for which application threads were stopped: 0.0324061 seconds
31.747: [Full GC (Ergonomics) [PSYoungGen: 65536K->19929K(76288K)] [ParOldGen: 174653K->174665K(175104K)] 240189K->194594K(251392K), [Metaspace: 4216K->4216K(1056768K)], 0.0321229 secs] [Times: user=0.21 sys=0.00, real=0.03 secs] 
31.779: Total time for which application threads were stopped: 0.0322378 seconds
31.783: [Full GC (Ergonomics) [PSYoungGen: 65536K->19928K(76288K)] [ParOldGen: 174665K->174666K(175104K)] 240201K->194594K(251392K), [Metaspace: 4216K->4216K(1056768K)], 0.0314076 secs] [Times: user=0.21 sys=0.00, real=0.03 secs] 
31.814: Total time for which application threads were stopped: 0.0315267 seconds
31.818: [Full GC (Ergonomics) [PSYoungGen: 65536K->19930K(76288K)] [ParOldGen: 174666K->174664K(175104K)] 240202K->194594K(251392K), [Metaspace: 4216K->4216K(1056768K)], 0.0325833 secs] [Times: user=0.23 sys=0.00, real=0.04 secs] 
31.850: Total time for which application threads were stopped: 0.0327193 seconds
31.854: [Full GC (Ergonomics) [PSYoungGen: 65536K->19923K(76288K)] [ParOldGen: 174664K->174671K(175104K)] 240200K->194594K(251392K), [Metaspace: 4216K->4216K(1056768K)], 0.0329156 secs] [Times: user=0.22 sys=0.00, real=0.03 secs] 
31.887: Total time for which application threads were stopped: 0.0330427 seconds
31.890: [Full GC (Ergonomics) [PSYoungGen: 65536K->19927K(76288K)] [ParOldGen: 174671K->174667K(175104K)] 240207K->194594K(251392K), [Metaspace: 4216K->4216K(1056768K)], 0.0324390 secs] [Times: user=0.22 sys=0.00, real=0.03 secs] 
31.923: Total time for which application threads were stopped: 0.0325827 seconds
31.926: [Full GC (Ergonomics) [PSYoungGen: 65536K->19932K(76288K)] [ParOldGen: 174667K->174662K(175104K)] 240203K->194594K(251392K), [Metaspace: 4216K->4216K(1056768K)], 0.0327859 secs] [Times: user=0.21 sys=0.00, real=0.03 secs] 
31.959: Total time for which application threads were stopped: 0.0329770 seconds
31.962: [Full GC (Ergonomics) [PSYoungGen: 65536K->19936K(76288K)] [ParOldGen: 174662K->174658K(175104K)] 240198K->194594K(251392K), [Metaspace: 4216K->4216K(1056768K)], 0.0324924 secs] [Times: user=0.23 sys=0.01, real=0.03 secs] 
31.995: Total time for which application threads were stopped: 0.0326255 seconds
31.998: [Full GC (Ergonomics) [PSYoungGen: 65536K->19922K(76288K)] [ParOldGen: 174658K->174671K(175104K)] 240194K->194594K(251392K), [Metaspace: 4216K->4216K(1056768K)], 0.0328733 secs] [Times: user=0.24 sys=0.00, real=0.04 secs] 
32.031: Total time for which application threads were stopped: 0.0329873 seconds
32.034: [Full GC (Ergonomics) [PSYoungGen: 65536K->19933K(76288K)] [ParOldGen: 174671K->174661K(175104K)] 240207K->194594K(251392K), [Metaspace: 4216K->4216K(1056768K)], 0.0310677 secs] [Times: user=0.19 sys=0.00, real=0.03 secs] 
32.066: Total time for which application threads were stopped: 0.0312192 seconds
32.069: [Full GC (Ergonomics) [PSYoungGen: 65536K->19923K(76288K)] [ParOldGen: 174661K->174671K(175104K)] 240197K->194594K(251392K), [Metaspace: 4216K->4216K(1056768K)], 0.0326525 secs] [Times: user=0.20 sys=0.00, real=0.04 secs] 
32.102: Total time for which application threads were stopped: 0.0327734 seconds
32.105: [Full GC (Ergonomics) [PSYoungGen: 65536K->19936K(76288K)] [ParOldGen: 174671K->174657K(175104K)] 240207K->194594K(251392K), [Metaspace: 4216K->4216K(1056768K)], 0.0331265 secs] [Times: user=0.19 sys=0.01, real=0.03 secs] 
32.138: Total time for which application threads were stopped: 0.0332261 seconds
32.142: [Full GC (Ergonomics) [PSYoungGen: 65536K->19924K(76288K)] [ParOldGen: 174657K->174670K(175104K)] 240193K->194594K(251392K), [Metaspace: 4216K->4216K(1056768K)], 0.0322314 secs] [Times: user=0.20 sys=0.00, real=0.03 secs] 
32.174: Total time for which application threads were stopped: 0.0323481 seconds
32.177: [Full GC (Ergonomics) [PSYoungGen: 65536K->19937K(76288K)] [ParOldGen: 174670K->174656K(175104K)] 240206K->194594K(251392K), [Metaspace: 4216K->4216K(1056768K)], 0.0328100 secs] [Times: user=0.21 sys=0.00, real=0.04 secs] 
32.210: Total time for which application threads were stopped: 0.0329241 seconds
32.214: [Full GC (Ergonomics) [PSYoungGen: 65536K->19932K(76288K)] [ParOldGen: 174656K->174662K(175104K)] 240192K->194594K(251392K), [Metaspace: 4216K->4216K(1056768K)], 0.0324092 secs] [Times: user=0.20 sys=0.00, real=0.03 secs] 
32.246: Total time for which application threads were stopped: 0.0325512 seconds
32.250: [Full GC (Ergonomics) [PSYoungGen: 65536K->19934K(76288K)] [ParOldGen: 174662K->174660K(175104K)] 240198K->194594K(251392K), [Metaspace: 4216K->4216K(1056768K)], 0.0326940 secs] [Times: user=0.21 sys=0.00, real=0.04 secs] 
32.282: Total time for which application threads were stopped: 0.0328306 seconds
32.286: [Full GC (Ergonomics) [PSYoungGen: 65536K->19932K(76288K)] [ParOldGen: 174660K->174662K(175104K)] 240196K->194594K(251392K), [Metaspace: 4216K->4216K(1056768K)], 0.0317365 secs] [Times: user=0.22 sys=0.01, real=0.03 secs] 
32.318: Total time for which application threads were stopped: 0.0319202 seconds
32.321: [Full GC (Ergonomics) [PSYoungGen: 65536K->19929K(76288K)] [ParOldGen: 174662K->174665K(175104K)] 240198K->194594K(251392K), [Metaspace: 4216K->4216K(1056768K)], 0.0325196 secs] [Times: user=0.21 sys=0.00, real=0.03 secs] 
32.354: Total time for which application threads were stopped: 0.0326433 seconds
32.357: [Full GC (Ergonomics) [PSYoungGen: 65536K->19925K(76288K)] [ParOldGen: 174665K->174668K(175104K)] 240201K->194594K(251392K), [Metaspace: 4216K->4216K(1056768K)], 0.0325430 secs] [Times: user=0.22 sys=0.00, real=0.03 secs] 
32.390: Total time for which application threads were stopped: 0.0327033 seconds
32.393: [Full GC (Ergonomics) [PSYoungGen: 65536K->19933K(76288K)] [ParOldGen: 174668K->174661K(175104K)] 240204K->194594K(251392K), [Metaspace: 4216K->4216K(1056768K)], 0.0326461 secs] [Times: user=0.23 sys=0.00, real=0.03 secs] 
32.426: Total time for which application threads were stopped: 0.0327606 seconds
32.429: [Full GC (Ergonomics) [PSYoungGen: 65536K->19935K(76288K)] [ParOldGen: 174661K->174659K(175104K)] 240197K->194594K(251392K), [Metaspace: 4216K->4216K(1056768K)], 0.0328478 secs] [Times: user=0.23 sys=0.00, real=0.04 secs] 
32.462: Total time for which application threads were stopped: 0.0329802 seconds
32.465: [Full GC (Ergonomics) [PSYoungGen: 65536K->19930K(76288K)] [ParOldGen: 174659K->174664K(175104K)] 240195K->194594K(251392K), [Metaspace: 4216K->4216K(1056768K)], 0.0314237 secs] [Times: user=0.18 sys=0.00, real=0.03 secs] 
32.497: Total time for which application threads were stopped: 0.0315771 seconds
32.500: [Full GC (Ergonomics) [PSYoungGen: 65536K->19932K(76288K)] [ParOldGen: 174664K->174662K(175104K)] 240200K->194594K(251392K), [Metaspace: 4216K->4216K(1056768K)], 0.0324632 secs] [Times: user=0.23 sys=0.00, real=0.03 secs] 
32.533: Total time for which application threads were stopped: 0.0325966 seconds
32.536: [Full GC (Ergonomics) [PSYoungGen: 65536K->19928K(76288K)] [ParOldGen: 174662K->174666K(175104K)] 240198K->194594K(251392K), [Metaspace: 4216K->4216K(1056768K)], 0.0330112 secs] [Times: user=0.23 sys=0.01, real=0.03 secs] 
32.569: Total time for which application threads were stopped: 0.0331268 seconds
32.573: [Full GC (Ergonomics) [PSYoungGen: 65536K->19917K(76288K)] [ParOldGen: 174666K->174677K(175104K)] 240202K->194594K(251392K), [Metaspace: 4216K->4216K(1056768K)], 0.0319772 secs] [Times: user=0.21 sys=0.00, real=0.03 secs] 
32.605: Total time for which application threads were stopped: 0.0320724 seconds
32.608: [Full GC (Ergonomics) [PSYoungGen: 65536K->19933K(76288K)] [ParOldGen: 174677K->174661K(175104K)] 240213K->194594K(251392K), [Metaspace: 4216K->4216K(1056768K)], 0.0327612 secs] [Times: user=0.22 sys=0.00, real=0.04 secs] 
32.641: Total time for which application threads were stopped: 0.0328966 seconds
32.644: [Full GC (Ergonomics) [PSYoungGen: 65536K->19932K(76288K)] [ParOldGen: 174661K->174662K(175104K)] 240197K->194594K(251392K), [Metaspace: 4216K->4216K(1056768K)], 0.0331374 secs] [Times: user=0.21 sys=0.00, real=0.03 secs] 
32.678: Total time for which application threads were stopped: 0.0332696 seconds
32.681: [Full GC (Ergonomics) [PSYoungGen: 65536K->19931K(76288K)] [ParOldGen: 174662K->174663K(175104K)] 240198K->194594K(251392K), [Metaspace: 4216K->4216K(1056768K)], 0.0363808 secs] [Times: user=0.20 sys=0.00, real=0.03 secs] 
32.717: Total time for which application threads were stopped: 0.0364966 seconds
32.721: [Full GC (Ergonomics) [PSYoungGen: 65536K->19933K(76288K)] [ParOldGen: 174663K->174661K(175104K)] 240199K->194594K(251392K), [Metaspace: 4216K->4216K(1056768K)], 0.0363648 secs] [Times: user=0.20 sys=0.00, real=0.03 secs] 
32.757: Total time for which application threads were stopped: 0.0364907 seconds
32.761: [Full GC (Ergonomics) [PSYoungGen: 65536K->19927K(76288K)] [ParOldGen: 174661K->174667K(175104K)] 240197K->194594K(251392K), [Metaspace: 4216K->4216K(1056768K)], 0.0364166 secs] [Times: user=0.17 sys=0.00, real=0.03 secs] 
32.798: Total time for which application threads were stopped: 0.0365487 seconds
32.802: [Full GC (Ergonomics) [PSYoungGen: 65536K->19924K(76288K)] [ParOldGen: 174667K->174670K(175104K)] 240203K->194594K(251392K), [Metaspace: 4216K->4216K(1056768K)], 0.0340758 secs] [Times: user=0.16 sys=0.01, real=0.03 secs] 
32.836: Total time for which application threads were stopped: 0.0341796 seconds
32.840: [Full GC (Ergonomics) [PSYoungGen: 65536K->19928K(76288K)] [ParOldGen: 174670K->174666K(175104K)] 240206K->194594K(251392K), [Metaspace: 4216K->4216K(1056768K)], 0.0355483 secs] [Times: user=0.16 sys=0.00, real=0.03 secs] 
32.875: Total time for which application threads were stopped: 0.0356629 seconds
32.879: [Full GC (Ergonomics) [PSYoungGen: 65536K->19934K(76288K)] [ParOldGen: 174666K->174660K(175104K)] 240202K->194594K(251392K), [Metaspace: 4216K->4216K(1056768K)], 0.0347424 secs] [Times: user=0.17 sys=0.00, real=0.04 secs] 
32.914: Total time for which application threads were stopped: 0.0348571 seconds
32.917: [Full GC (Ergonomics) [PSYoungGen: 65536K->19925K(76288K)] [ParOldGen: 174660K->174669K(175104K)] 240196K->194594K(251392K), [Metaspace: 4216K->4216K(1056768K)], 0.0351728 secs] [Times: user=0.13 sys=0.00, real=0.04 secs] 
32.953: Total time for which application threads were stopped: 0.0352989 seconds
32.957: [Full GC (Ergonomics) [PSYoungGen: 65536K->19930K(76288K)] [ParOldGen: 174669K->174664K(175104K)] 240205K->194594K(251392K), [Metaspace: 4216K->4216K(1056768K)], 0.0349729 secs] [Times: user=0.14 sys=0.00, real=0.04 secs] 
32.992: Total time for which application threads were stopped: 0.0350763 seconds
32.995: [Full GC (Ergonomics) [PSYoungGen: 65536K->19925K(76288K)] [ParOldGen: 174664K->174669K(175104K)] 240200K->194594K(251392K), [Metaspace: 4216K->4216K(1056768K)], 0.0336354 secs] [Times: user=0.17 sys=0.01, real=0.03 secs] 
33.029: Total time for which application threads were stopped: 0.0337417 seconds
33.033: [Full GC (Ergonomics) [PSYoungGen: 65536K->19920K(76288K)] [ParOldGen: 174669K->174673K(175104K)] 240205K->194594K(251392K), [Metaspace: 4216K->4216K(1056768K)], 0.0342631 secs] [Times: user=0.16 sys=0.00, real=0.03 secs] 
33.067: Total time for which application threads were stopped: 0.0343649 seconds
33.071: [Full GC (Ergonomics) [PSYoungGen: 65536K->19931K(76288K)] [ParOldGen: 174673K->174663K(175104K)] 240209K->194594K(251392K), [Metaspace: 4216K->4216K(1056768K)], 0.0345184 secs] [Times: user=0.15 sys=0.00, real=0.03 secs] 
33.105: Total time for which application threads were stopped: 0.0346324 seconds
33.109: [Full GC (Ergonomics) [PSYoungGen: 65536K->19935K(76288K)] [ParOldGen: 174663K->174659K(175104K)] 240199K->194594K(251392K), [Metaspace: 4216K->4216K(1056768K)], 0.0328383 secs] [Times: user=0.18 sys=0.00, real=0.04 secs] 
33.142: Total time for which application threads were stopped: 0.0329385 seconds
33.145: [Full GC (Ergonomics) [PSYoungGen: 65536K->19928K(76288K)] [ParOldGen: 174659K->174666K(175104K)] 240195K->194594K(251392K), [Metaspace: 4216K->4216K(1056768K)], 0.0330048 secs] [Times: user=0.16 sys=0.00, real=0.03 secs] 
33.178: Total time for which application threads were stopped: 0.0331276 seconds
33.182: [Full GC (Ergonomics) [PSYoungGen: 65536K->19938K(76288K)] [ParOldGen: 174666K->174656K(175104K)] 240202K->194594K(251392K), [Metaspace: 4216K->4216K(1056768K)], 0.0327472 secs] [Times: user=0.23 sys=0.01, real=0.03 secs] 
33.215: Total time for which application threads were stopped: 0.0328760 seconds
33.218: [Full GC (Ergonomics) [PSYoungGen: 65536K->19922K(76288K)] [ParOldGen: 174656K->174672K(175104K)] 240192K->194594K(251392K), [Metaspace: 4216K->4216K(1056768K)], 0.0328576 secs] [Times: user=0.22 sys=0.00, real=0.04 secs] 
33.251: Total time for which application threads were stopped: 0.0329540 seconds
33.254: [Full GC (Ergonomics) [PSYoungGen: 65536K->19924K(76288K)] [ParOldGen: 174672K->174670K(175104K)] 240208K->194594K(251392K), [Metaspace: 4216K->4216K(1056768K)], 0.0318474 secs] [Times: user=0.22 sys=0.00, real=0.03 secs] 
33.286: Total time for which application threads were stopped: 0.0319874 seconds
33.290: [Full GC (Ergonomics) [PSYoungGen: 65536K->19928K(76288K)] [ParOldGen: 174670K->174666K(175104K)] 240206K->194594K(251392K), [Metaspace: 4216K->4216K(1056768K)], 0.0334255 secs] [Times: user=0.18 sys=0.00, real=0.04 secs] 
33.323: Total time for which application threads were stopped: 0.0335378 seconds
33.327: [Full GC (Ergonomics) [PSYoungGen: 65536K->19913K(76288K)] [ParOldGen: 174666K->174681K(175104K)] 240202K->194594K(251392K), [Metaspace: 4216K->4216K(1056768K)], 0.0339238 secs] [Times: user=0.19 sys=0.00, real=0.04 secs] 
33.361: Total time for which application threads were stopped: 0.0340512 seconds
33.364: [Full GC (Ergonomics) [PSYoungGen: 65536K->19926K(76288K)] [ParOldGen: 174681K->174667K(175104K)] 240217K->194594K(251392K), [Metaspace: 4216K->4216K(1056768K)], 0.0324715 secs] [Times: user=0.19 sys=0.00, real=0.03 secs] 
33.397: Total time for which application threads were stopped: 0.0325763 seconds
33.401: [Full GC (Ergonomics) [PSYoungGen: 65536K->19931K(76288K)] [ParOldGen: 174667K->174663K(175104K)] 240203K->194594K(251392K), [Metaspace: 4216K->4216K(1056768K)], 0.0318541 secs] [Times: user=0.19 sys=0.01, real=0.03 secs] 
33.432: Total time for which application threads were stopped: 0.0319866 seconds
33.437: [Full GC (Ergonomics) [PSYoungGen: 65536K->19924K(76288K)] [ParOldGen: 174663K->174670K(175104K)] 240199K->194594K(251392K), [Metaspace: 4216K->4216K(1056768K)], 0.0313700 secs] [Times: user=0.20 sys=0.00, real=0.03 secs] 
33.468: Total time for which application threads were stopped: 0.0315137 seconds
33.472: [Full GC (Ergonomics) [PSYoungGen: 65536K->19929K(76288K)] [ParOldGen: 174670K->174665K(175104K)] 240206K->194594K(251392K), [Metaspace: 4216K->4216K(1056768K)], 0.0323024 secs] [Times: user=0.22 sys=0.00, real=0.03 secs] 
33.504: Total time for which application threads were stopped: 0.0324414 seconds
33.508: [Full GC (Ergonomics) [PSYoungGen: 65536K->19922K(76288K)] [ParOldGen: 174665K->174672K(175104K)] 240201K->194594K(251392K), [Metaspace: 4216K->4216K(1056768K)], 0.0309532 secs] [Times: user=0.18 sys=0.00, real=0.03 secs] 
33.539: Total time for which application threads were stopped: 0.0310772 seconds
33.542: [Full GC (Ergonomics) [PSYoungGen: 65536K->19935K(76288K)] [ParOldGen: 174672K->174659K(175104K)] 240208K->194594K(251392K), [Metaspace: 4216K->4216K(1056768K)], 0.0333066 secs] [Times: user=0.21 sys=0.00, real=0.03 secs] 
33.575: Total time for which application threads were stopped: 0.0334197 seconds
33.579: [Full GC (Ergonomics) [PSYoungGen: 65536K->19915K(76288K)] [ParOldGen: 174659K->174679K(175104K)] 240195K->194594K(251392K), [Metaspace: 4216K->4216K(1056768K)], 0.0322279 secs] [Times: user=0.19 sys=0.00, real=0.04 secs] 
33.612: Total time for which application threads were stopped: 0.0323394 seconds
33.616: [Full GC (Ergonomics) [PSYoungGen: 65536K->19934K(76288K)] [ParOldGen: 174679K->174660K(175104K)] 240215K->194594K(251392K), [Metaspace: 4216K->4216K(1056768K)], 0.0335756 secs] [Times: user=0.22 sys=0.01, real=0.03 secs] 
33.649: Total time for which application threads were stopped: 0.0337039 seconds
33.653: [Full GC (Ergonomics) [PSYoungGen: 65536K->19927K(76288K)] [ParOldGen: 174660K->174667K(175104K)] 240196K->194594K(251392K), [Metaspace: 4216K->4216K(1056768K)], 0.0326873 secs] [Times: user=0.23 sys=0.00, real=0.03 secs] 
33.685: Total time for which application threads were stopped: 0.0328090 seconds
33.689: [Full GC (Ergonomics) [PSYoungGen: 65536K->19928K(76288K)] [ParOldGen: 174667K->174666K(175104K)] 240203K->194594K(251392K), [Metaspace: 4216K->4216K(1056768K)], 0.0327232 secs] [Times: user=0.23 sys=0.00, real=0.04 secs] 
33.722: Total time for which application threads were stopped: 0.0328599 seconds
33.725: [Full GC (Ergonomics) [PSYoungGen: 65536K->19938K(76288K)] [ParOldGen: 174666K->174656K(175104K)] 240202K->194594K(251392K), [Metaspace: 4216K->4216K(1056768K)], 0.0325095 secs] [Times: user=0.22 sys=0.00, real=0.03 secs] 
33.758: Total time for which application threads were stopped: 0.0326437 seconds
33.761: [Full GC (Ergonomics) [PSYoungGen: 65536K->19929K(76288K)] [ParOldGen: 174656K->174665K(175104K)] 240192K->194594K(251392K), [Metaspace: 4216K->4216K(1056768K)], 0.0330657 secs] [Times: user=0.22 sys=0.00, real=0.03 secs] 
33.794: Total time for which application threads were stopped: 0.0331923 seconds
33.798: [Full GC (Ergonomics) [PSYoungGen: 65536K->19927K(76288K)] [ParOldGen: 174665K->174667K(175104K)] 240201K->194594K(251392K), [Metaspace: 4216K->4216K(1056768K)], 0.0314246 secs] [Times: user=0.20 sys=0.00, real=0.03 secs] 
33.829: Total time for which application threads were stopped: 0.0315679 seconds
33.833: [Full GC (Ergonomics) [PSYoungGen: 65536K->19930K(76288K)] [ParOldGen: 174667K->174664K(175104K)] 240203K->194594K(251392K), [Metaspace: 4216K->4216K(1056768K)], 0.0305420 secs] [Times: user=0.20 sys=0.01, real=0.03 secs] 
33.863: Total time for which application threads were stopped: 0.0306595 seconds
33.867: [Full GC (Ergonomics) [PSYoungGen: 65536K->19931K(76288K)] [ParOldGen: 174664K->174662K(175104K)] 240200K->194594K(251392K), [Metaspace: 4216K->4216K(1056768K)], 0.0317741 secs] [Times: user=0.21 sys=0.00, real=0.03 secs] 
33.899: Total time for which application threads were stopped: 0.0318906 seconds
33.902: [Full GC (Ergonomics) [PSYoungGen: 65536K->19924K(76288K)] [ParOldGen: 174662K->174670K(175104K)] 240198K->194594K(251392K), [Metaspace: 4216K->4216K(1056768K)], 0.0325424 secs] [Times: user=0.23 sys=0.00, real=0.03 secs] 
33.935: Total time for which application threads were stopped: 0.0326581 seconds
33.938: [Full GC (Ergonomics) [PSYoungGen: 65536K->19934K(76288K)] [ParOldGen: 174670K->174660K(175104K)] 240206K->194594K(251392K), [Metaspace: 4216K->4216K(1056768K)], 0.0312995 secs] [Times: user=0.21 sys=0.00, real=0.03 secs] 
33.969: Total time for which application threads were stopped: 0.0314341 seconds
33.973: [Full GC (Ergonomics) [PSYoungGen: 65536K->19913K(76288K)] [ParOldGen: 174660K->174680K(175104K)] 240196K->194594K(251392K), [Metaspace: 4216K->4216K(1056768K)], 0.0329621 secs] [Times: user=0.24 sys=0.00, real=0.03 secs] 
34.006: Total time for which application threads were stopped: 0.0330805 seconds
34.009: [Full GC (Ergonomics) [PSYoungGen: 65536K->19935K(76288K)] [ParOldGen: 174680K->174659K(175104K)] 240216K->194594K(251392K), [Metaspace: 4216K->4216K(1056768K)], 0.0329585 secs] [Times: user=0.24 sys=0.00, real=0.04 secs] 
34.042: Total time for which application threads were stopped: 0.0330767 seconds
34.046: [Full GC (Ergonomics) [PSYoungGen: 65536K->19920K(76288K)] [ParOldGen: 174659K->174674K(175104K)] 240195K->194594K(251392K), [Metaspace: 4216K->4216K(1056768K)], 0.0327163 secs] [Times: user=0.20 sys=0.00, real=0.03 secs] 
34.078: Total time for which application threads were stopped: 0.0328143 seconds
34.082: [Full GC (Ergonomics) [PSYoungGen: 65536K->19934K(76288K)] [ParOldGen: 174674K->174660K(175104K)] 240210K->194594K(251392K), [Metaspace: 4216K->4216K(1056768K)], 0.0323961 secs] [Times: user=0.21 sys=0.01, real=0.03 secs] 
34.114: Total time for which application threads were stopped: 0.0325099 seconds
34.118: [Full GC (Ergonomics) [PSYoungGen: 65536K->19936K(76288K)] [ParOldGen: 174660K->174658K(175104K)] 240196K->194594K(251392K), [Metaspace: 4216K->4216K(1056768K)], 0.0306414 secs] [Times: user=0.20 sys=0.00, real=0.03 secs] 
34.148: Total time for which application threads were stopped: 0.0307873 seconds
34.152: [Full GC (Ergonomics) [PSYoungGen: 65536K->19936K(76288K)] [ParOldGen: 174658K->174658K(175104K)] 240194K->194594K(251392K), [Metaspace: 4216K->4216K(1056768K)], 0.0330966 secs] [Times: user=0.22 sys=0.00, real=0.03 secs] 
34.185: Total time for which application threads were stopped: 0.0332290 seconds
34.188: [Full GC (Ergonomics) [PSYoungGen: 65536K->19934K(76288K)] [ParOldGen: 174658K->174659K(175104K)] 240194K->194594K(251392K), [Metaspace: 4216K->4216K(1056768K)], 0.0328504 secs] [Times: user=0.22 sys=0.00, real=0.04 secs] 
34.221: Total time for which application threads were stopped: 0.0329493 seconds
34.225: [Full GC (Ergonomics) [PSYoungGen: 65536K->19920K(76288K)] [ParOldGen: 174659K->174674K(175104K)] 240195K->194594K(251392K), [Metaspace: 4216K->4216K(1056768K)], 0.0312439 secs] [Times: user=0.20 sys=0.00, real=0.03 secs] 
34.256: Total time for which application threads were stopped: 0.0313744 seconds
34.259: [Full GC (Ergonomics) [PSYoungGen: 65536K->19932K(76288K)] [ParOldGen: 174674K->174662K(175104K)] 240210K->194594K(251392K), [Metaspace: 4216K->4216K(1056768K)], 0.0326588 secs] [Times: user=0.21 sys=0.00, real=0.04 secs] 
34.292: Total time for which application threads were stopped: 0.0327726 seconds
34.295: [Full GC (Ergonomics) [PSYoungGen: 65536K->19919K(76288K)] [ParOldGen: 174662K->174675K(175104K)] 240198K->194594K(251392K), [Metaspace: 4216K->4216K(1056768K)], 0.0326406 secs] [Times: user=0.22 sys=0.00, real=0.03 secs] 
34.328: Total time for which application threads were stopped: 0.0327722 seconds
34.332: [Full GC (Ergonomics) [PSYoungGen: 65536K->19930K(76288K)] [ParOldGen: 174675K->174664K(175104K)] 240211K->194594K(251392K), [Metaspace: 4216K->4216K(1056768K)], 0.0321155 secs] [Times: user=0.21 sys=0.01, real=0.03 secs] 
34.364: Total time for which application threads were stopped: 0.0322563 seconds
34.367: [Full GC (Ergonomics) [PSYoungGen: 65536K->19924K(76288K)] [ParOldGen: 174664K->174670K(175104K)] 240200K->194594K(251392K), [Metaspace: 4216K->4216K(1056768K)], 0.0308238 secs] [Times: user=0.20 sys=0.00, real=0.03 secs] 
34.398: Total time for which application threads were stopped: 0.0309559 seconds
34.401: [Full GC (Ergonomics) [PSYoungGen: 65536K->19932K(76288K)] [ParOldGen: 174670K->174662K(175104K)] 240206K->194594K(251392K), [Metaspace: 4216K->4216K(1056768K)], 0.0330260 secs] [Times: user=0.23 sys=0.00, real=0.03 secs] 
34.434: Total time for which application threads were stopped: 0.0331448 seconds
34.438: [Full GC (Ergonomics) [PSYoungGen: 65536K->19917K(76288K)] [ParOldGen: 174662K->174677K(175104K)] 240198K->194594K(251392K), [Metaspace: 4216K->4216K(1056768K)], 0.0322302 secs] [Times: user=0.22 sys=0.00, real=0.04 secs] 
34.470: Total time for which application threads were stopped: 0.0323670 seconds
34.473: [Full GC (Ergonomics) [PSYoungGen: 65536K->19933K(76288K)] [ParOldGen: 174677K->174661K(175104K)] 240213K->194594K(251392K), [Metaspace: 4216K->4216K(1056768K)], 0.0324116 secs] [Times: user=0.22 sys=0.00, real=0.03 secs] 
34.506: Total time for which application threads were stopped: 0.0325277 seconds
34.509: [Full GC (Ergonomics) [PSYoungGen: 65536K->19937K(76288K)] [ParOldGen: 174661K->174657K(175104K)] 240197K->194594K(251392K), [Metaspace: 4216K->4216K(1056768K)], 0.0329955 secs] [Times: user=0.21 sys=0.00, real=0.04 secs] 
34.542: Total time for which application threads were stopped: 0.0331298 seconds
34.546: [Full GC (Ergonomics) [PSYoungGen: 65536K->19933K(76288K)] [ParOldGen: 174657K->174661K(175104K)] 240193K->194594K(251392K), [Metaspace: 4216K->4216K(1056768K)], 0.0326360 secs] [Times: user=0.22 sys=0.00, real=0.03 secs] 
34.578: Total time for which application threads were stopped: 0.0327723 seconds
34.582: [Full GC (Ergonomics) [PSYoungGen: 65536K->19918K(76288K)] [ParOldGen: 174661K->174676K(175104K)] 240197K->194594K(251392K), [Metaspace: 4216K->4216K(1056768K)], 0.0310168 secs] [Times: user=0.20 sys=0.01, real=0.03 secs] 
34.613: Total time for which application threads were stopped: 0.0311151 seconds
34.616: [Full GC (Ergonomics) [PSYoungGen: 65536K->19935K(76288K)] [ParOldGen: 174676K->174659K(175104K)] 240212K->194594K(251392K), [Metaspace: 4216K->4216K(1056768K)], 0.0340651 secs] [Times: user=0.20 sys=0.00, real=0.04 secs] 
34.651: Total time for which application threads were stopped: 0.0342237 seconds
34.655: [Full GC (Ergonomics) [PSYoungGen: 65536K->19927K(76288K)] [ParOldGen: 174659K->174667K(175104K)] 240195K->194594K(251392K), [Metaspace: 4216K->4216K(1056768K)], 0.0330614 secs] [Times: user=0.19 sys=0.00, real=0.03 secs] 
34.688: Total time for which application threads were stopped: 0.0331698 seconds
34.692: [Full GC (Ergonomics) [PSYoungGen: 65536K->19923K(76288K)] [ParOldGen: 174667K->174671K(175104K)] 240203K->194594K(251392K), [Metaspace: 4216K->4216K(1056768K)], 0.0336433 secs] [Times: user=0.24 sys=0.00, real=0.03 secs] 
34.726: Total time for which application threads were stopped: 0.0337923 seconds
34.729: [Full GC (Ergonomics) [PSYoungGen: 65536K->19922K(76288K)] [ParOldGen: 174671K->174672K(175104K)] 240207K->194594K(251392K), [Metaspace: 4216K->4216K(1056768K)], 0.0329056 secs] [Times: user=0.22 sys=0.00, real=0.04 secs] 
34.762: Total time for which application threads were stopped: 0.0330552 seconds
34.766: [Full GC (Ergonomics) [PSYoungGen: 65536K->19928K(76288K)] [ParOldGen: 174672K->174666K(175104K)] 240208K->194594K(251392K), [Metaspace: 4216K->4216K(1056768K)], 0.0326574 secs] [Times: user=0.19 sys=0.00, real=0.03 secs] 
34.798: Total time for which application threads were stopped: 0.0328051 seconds
34.802: [Full GC (Ergonomics) [PSYoungGen: 65536K->19934K(76288K)] [ParOldGen: 174666K->174660K(175104K)] 240202K->194594K(251392K), [Metaspace: 4216K->4216K(1056768K)], 0.0308727 secs] [Times: user=0.20 sys=0.01, real=0.03 secs] 
34.833: Total time for which application threads were stopped: 0.0309901 seconds
34.836: [Full GC (Ergonomics) [PSYoungGen: 65536K->19927K(76288K)] [ParOldGen: 174660K->174667K(175104K)] 240196K->194594K(251392K), [Metaspace: 4216K->4216K(1056768K)], 0.0328402 secs] [Times: user=0.22 sys=0.00, real=0.03 secs] 
34.869: Total time for which application threads were stopped: 0.0330115 seconds
34.872: [Full GC (Ergonomics) [PSYoungGen: 65536K->19921K(76288K)] [ParOldGen: 174667K->174673K(175104K)] 240203K->194594K(251392K), [Metaspace: 4216K->4216K(1056768K)], 0.0324614 secs] [Times: user=0.21 sys=0.00, real=0.03 secs] 
34.905: Total time for which application threads were stopped: 0.0325933 seconds
34.908: [Full GC (Ergonomics) [PSYoungGen: 65536K->19927K(76288K)] [ParOldGen: 174673K->174667K(175104K)] 240209K->194594K(251392K), [Metaspace: 4216K->4216K(1056768K)], 0.0327187 secs] [Times: user=0.23 sys=0.00, real=0.04 secs] 
34.941: Total time for which application threads were stopped: 0.0328346 seconds
34.944: [Full GC (Ergonomics) [PSYoungGen: 65536K->19921K(76288K)] [ParOldGen: 174667K->174672K(175104K)] 240203K->194594K(251392K), [Metaspace: 4216K->4216K(1056768K)], 0.0323247 secs] [Times: user=0.21 sys=0.00, real=0.03 secs] 
34.977: Total time for which application threads were stopped: 0.0324373 seconds
34.981: [Full GC (Ergonomics) [PSYoungGen: 65536K->19921K(76288K)] [ParOldGen: 174672K->174673K(175104K)] 240208K->194594K(251392K), [Metaspace: 4216K->4216K(1056768K)], 0.0330162 secs] [Times: user=0.22 sys=0.00, real=0.03 secs] 
35.014: Total time for which application threads were stopped: 0.0331543 seconds
35.017: [Full GC (Ergonomics) [PSYoungGen: 65536K->19942K(76288K)] [ParOldGen: 174673K->174652K(175104K)] 240209K->194594K(251392K), [Metaspace: 4216K->4216K(1056768K)], 0.0324920 secs] [Times: user=0.23 sys=0.01, real=0.03 secs] 
35.050: Total time for which application threads were stopped: 0.0326088 seconds
35.053: [Full GC (Ergonomics) [PSYoungGen: 65536K->19925K(76288K)] [ParOldGen: 174652K->174669K(175104K)] 240188K->194594K(251392K), [Metaspace: 4216K->4216K(1056768K)], 0.0325756 secs] [Times: user=0.22 sys=0.00, real=0.03 secs] 
35.086: Total time for which application threads were stopped: 0.0326919 seconds
35.090: [Full GC (Ergonomics) [PSYoungGen: 65536K->19932K(76288K)] [ParOldGen: 174669K->174662K(175104K)] 240205K->194594K(251392K), [Metaspace: 4216K->4216K(1056768K)], 0.0335921 secs] [Times: user=0.22 sys=0.00, real=0.03 secs] 
35.123: Total time for which application threads were stopped: 0.0337182 seconds
35.127: [Full GC (Ergonomics) [PSYoungGen: 65536K->19932K(76288K)] [ParOldGen: 174662K->174662K(175104K)] 240198K->194594K(251392K), [Metaspace: 4216K->4216K(1056768K)], 0.0329506 secs] [Times: user=0.22 sys=0.00, real=0.04 secs] 
35.160: Total time for which application threads were stopped: 0.0330830 seconds
35.164: [Full GC (Ergonomics) [PSYoungGen: 65536K->19918K(76288K)] [ParOldGen: 174662K->174675K(175104K)] 240198K->194594K(251392K), [Metaspace: 4216K->4216K(1056768K)], 0.0352778 secs] [Times: user=0.20 sys=0.00, real=0.03 secs] 
35.199: Total time for which application threads were stopped: 0.0354261 seconds
35.203: [Full GC (Ergonomics) [PSYoungGen: 65536K->19924K(76288K)] [ParOldGen: 174675K->174670K(175104K)] 240211K->194594K(251392K), [Metaspace: 4216K->4216K(1056768K)], 0.0337031 secs] [Times: user=0.19 sys=0.01, real=0.03 secs] 
35.236: Total time for which application threads were stopped: 0.0338341 seconds
35.240: [Full GC (Ergonomics) [PSYoungGen: 65536K->19927K(76288K)] [ParOldGen: 174670K->174667K(175104K)] 240206K->194594K(251392K), [Metaspace: 4216K->4216K(1056768K)], 0.0351040 secs] [Times: user=0.20 sys=0.00, real=0.03 secs] 
35.275: Total time for which application threads were stopped: 0.0352150 seconds
35.279: [Full GC (Ergonomics) [PSYoungGen: 65536K->19943K(76288K)] [ParOldGen: 174667K->174651K(175104K)] 240203K->194594K(251392K), [Metaspace: 4216K->4216K(1056768K)], 0.0340061 secs] [Times: user=0.19 sys=0.00, real=0.04 secs] 
35.313: Total time for which application threads were stopped: 0.0341029 seconds
35.316: [Full GC (Ergonomics) [PSYoungGen: 65536K->19930K(76288K)] [ParOldGen: 174651K->174664K(175104K)] 240187K->194594K(251392K), [Metaspace: 4216K->4216K(1056768K)], 0.0326881 secs] [Times: user=0.22 sys=0.00, real=0.03 secs] 
35.349: Total time for which application threads were stopped: 0.0328523 seconds
35.353: [Full GC (Ergonomics) [PSYoungGen: 65536K->19934K(76288K)] [ParOldGen: 174664K->174660K(175104K)] 240200K->194594K(251392K), [Metaspace: 4216K->4216K(1056768K)], 0.0331109 secs] [Times: user=0.21 sys=0.00, real=0.03 secs] 
35.386: Total time for which application threads were stopped: 0.0332463 seconds
35.389: [Full GC (Ergonomics) [PSYoungGen: 65536K->19936K(76288K)] [ParOldGen: 174660K->174658K(175104K)] 240196K->194594K(251392K), [Metaspace: 4216K->4216K(1056768K)], 0.0326039 secs] [Times: user=0.22 sys=0.01, real=0.04 secs] 
35.422: Total time for which application threads were stopped: 0.0326960 seconds
35.425: [Full GC (Ergonomics) [PSYoungGen: 65536K->19931K(76288K)] [ParOldGen: 174658K->174663K(175104K)] 240194K->194594K(251392K), [Metaspace: 4216K->4216K(1056768K)], 0.0325283 secs] [Times: user=0.24 sys=0.00, real=0.03 secs] 
35.458: Total time for which application threads were stopped: 0.0326382 seconds
35.461: [Full GC (Ergonomics) [PSYoungGen: 65536K->19927K(76288K)] [ParOldGen: 174663K->174667K(175104K)] 240199K->194594K(251392K), [Metaspace: 4216K->4216K(1056768K)], 0.0326701 secs] [Times: user=0.21 sys=0.00, real=0.03 secs] 
35.494: Total time for which application threads were stopped: 0.0327923 seconds
35.497: [Full GC (Ergonomics) [PSYoungGen: 65536K->19928K(76288K)] [ParOldGen: 174667K->174666K(175104K)] 240203K->194594K(251392K), [Metaspace: 4216K->4216K(1056768K)], 0.0324681 secs] [Times: user=0.21 sys=0.00, real=0.04 secs] 
35.530: Total time for which application threads were stopped: 0.0325807 seconds
35.533: [Full GC (Ergonomics) [PSYoungGen: 65536K->19928K(76288K)] [ParOldGen: 174666K->174666K(175104K)] 240202K->194594K(251392K), [Metaspace: 4216K->4216K(1056768K)], 0.0327856 secs] [Times: user=0.21 sys=0.00, real=0.03 secs] 
35.566: Total time for which application threads were stopped: 0.0328976 seconds
35.570: [Full GC (Ergonomics) [PSYoungGen: 65536K->19929K(76288K)] [ParOldGen: 174666K->174665K(175104K)] 240202K->194594K(251392K), [Metaspace: 4216K->4216K(1056768K)], 0.0322055 secs] [Times: user=0.23 sys=0.00, real=0.04 secs] 
35.602: Total time for which application threads were stopped: 0.0323424 seconds
35.605: [Full GC (Ergonomics) [PSYoungGen: 65536K->19924K(76288K)] [ParOldGen: 174665K->174670K(175104K)] 240201K->194594K(251392K), [Metaspace: 4216K->4216K(1056768K)], 0.0328602 secs] [Times: user=0.22 sys=0.00, real=0.03 secs] 
35.638: Total time for which application threads were stopped: 0.0329975 seconds
35.642: [Full GC (Ergonomics) [PSYoungGen: 65536K->19939K(76288K)] [ParOldGen: 174670K->174655K(175104K)] 240206K->194594K(251392K), [Metaspace: 4216K->4216K(1056768K)], 0.0323097 secs] [Times: user=0.22 sys=0.00, real=0.03 secs] 
35.675: Total time for which application threads were stopped: 0.0324657 seconds
35.678: [Full GC (Ergonomics) [PSYoungGen: 65536K->19930K(76288K)] [ParOldGen: 174655K->174664K(175104K)] 240191K->194594K(251392K), [Metaspace: 4216K->4216K(1056768K)], 0.0306084 secs] [Times: user=0.20 sys=0.01, real=0.03 secs] 
35.709: Total time for which application threads were stopped: 0.0307213 seconds
35.712: [Full GC (Ergonomics) [PSYoungGen: 65536K->19927K(76288K)] [ParOldGen: 174664K->174667K(175104K)] 240200K->194594K(251392K), [Metaspace: 4216K->4216K(1056768K)], 0.0322575 secs] [Times: user=0.22 sys=0.00, real=0.03 secs] 
35.744: Total time for which application threads were stopped: 0.0324048 seconds
35.748: [Full GC (Ergonomics) [PSYoungGen: 65536K->19924K(76288K)] [ParOldGen: 174667K->174670K(175104K)] 240203K->194594K(251392K), [Metaspace: 4216K->4216K(1056768K)], 0.0297131 secs] [Times: user=0.19 sys=0.00, real=0.03 secs] 
35.778: Total time for which application threads were stopped: 0.0298376 seconds
35.782: [Full GC (Ergonomics) [PSYoungGen: 65536K->19930K(76288K)] [ParOldGen: 174670K->174664K(175104K)] 240206K->194594K(251392K), [Metaspace: 4216K->4216K(1056768K)], 0.0313408 secs] [Times: user=0.23 sys=0.00, real=0.03 secs] 
35.813: Total time for which application threads were stopped: 0.0314549 seconds
35.816: [Full GC (Ergonomics) [PSYoungGen: 65536K->19936K(76288K)] [ParOldGen: 174664K->174658K(175104K)] 240200K->194594K(251392K), [Metaspace: 4216K->4216K(1056768K)], 0.0308471 secs] [Times: user=0.21 sys=0.00, real=0.03 secs] 
35.847: Total time for which application threads were stopped: 0.0309855 seconds
35.851: [Full GC (Ergonomics) [PSYoungGen: 65536K->19933K(76288K)] [ParOldGen: 174658K->174660K(175104K)] 240194K->194594K(251392K), [Metaspace: 4216K->4216K(1056768K)], 0.0328510 secs] [Times: user=0.23 sys=0.00, real=0.03 secs] 
35.884: Total time for which application threads were stopped: 0.0329685 seconds
35.887: [Full GC (Ergonomics) [PSYoungGen: 65536K->19931K(76288K)] [ParOldGen: 174660K->174663K(175104K)] 240196K->194594K(251392K), [Metaspace: 4216K->4216K(1056768K)], 0.0332116 secs] [Times: user=0.22 sys=0.01, real=0.04 secs] 
35.921: Total time for which application threads were stopped: 0.0333443 seconds
35.924: [Full GC (Ergonomics) [PSYoungGen: 65536K->19923K(76288K)] [ParOldGen: 174663K->174670K(175104K)] 240199K->194594K(251392K), [Metaspace: 4216K->4216K(1056768K)], 0.0330008 secs] [Times: user=0.20 sys=0.00, real=0.03 secs] 
35.957: Total time for which application threads were stopped: 0.0331159 seconds
35.961: [Full GC (Ergonomics) [PSYoungGen: 65536K->19943K(76288K)] [ParOldGen: 174670K->174651K(175104K)] 240206K->194594K(251392K), [Metaspace: 4216K->4216K(1056768K)], 0.0331372 secs] [Times: user=0.23 sys=0.00, real=0.03 secs] 
35.994: Total time for which application threads were stopped: 0.0332434 seconds
35.998: [Full GC (Ergonomics) [PSYoungGen: 65536K->19935K(76288K)] [ParOldGen: 174651K->174659K(175104K)] 240187K->194594K(251392K), [Metaspace: 4216K->4216K(1056768K)], 0.0328827 secs] [Times: user=0.23 sys=0.00, real=0.04 secs] 
36.031: Total time for which application threads were stopped: 0.0330185 seconds
36.034: [Full GC (Ergonomics) [PSYoungGen: 65536K->19916K(76288K)] [ParOldGen: 174659K->174678K(175104K)] 240195K->194594K(251392K), [Metaspace: 4216K->4216K(1056768K)], 0.0313797 secs] [Times: user=0.21 sys=0.00, real=0.03 secs] 
36.066: Total time for which application threads were stopped: 0.0315058 seconds
36.069: [Full GC (Ergonomics) [PSYoungGen: 65536K->19935K(76288K)] [ParOldGen: 174678K->174659K(175104K)] 240214K->194594K(251392K), [Metaspace: 4216K->4216K(1056768K)], 0.0328599 secs] [Times: user=0.23 sys=0.00, real=0.04 secs] 
36.102: Total time for which application threads were stopped: 0.0329931 seconds
36.105: [Full GC (Ergonomics) [PSYoungGen: 65536K->19925K(76288K)] [ParOldGen: 174659K->174669K(175104K)] 240195K->194594K(251392K), [Metaspace: 4216K->4216K(1056768K)], 0.0327225 secs] [Times: user=0.21 sys=0.00, real=0.03 secs] 
36.138: Total time for which application threads were stopped: 0.0328398 seconds
36.142: [Full GC (Ergonomics) [PSYoungGen: 65536K->19930K(76288K)] [ParOldGen: 174669K->174664K(175104K)] 240205K->194594K(251392K), [Metaspace: 4216K->4216K(1056768K)], 0.0325081 secs] [Times: user=0.23 sys=0.01, real=0.03 secs] 
36.174: Total time for which application threads were stopped: 0.0326424 seconds
36.178: [Full GC (Ergonomics) [PSYoungGen: 65536K->19923K(76288K)] [ParOldGen: 174664K->174671K(175104K)] 240200K->194594K(251392K), [Metaspace: 4216K->4216K(1056768K)], 0.0313378 secs] [Times: user=0.20 sys=0.00, real=0.03 secs] 
36.209: Total time for which application threads were stopped: 0.0314735 seconds
36.213: [Full GC (Ergonomics) [PSYoungGen: 65536K->19925K(76288K)] [ParOldGen: 174671K->174669K(175104K)] 240207K->194594K(251392K), [Metaspace: 4216K->4216K(1056768K)], 0.0325306 secs] [Times: user=0.23 sys=0.00, real=0.03 secs] 
36.245: Total time for which application threads were stopped: 0.0326666 seconds
36.249: [Full GC (Ergonomics) [PSYoungGen: 65536K->19928K(76288K)] [ParOldGen: 174669K->174666K(175104K)] 240205K->194594K(251392K), [Metaspace: 4216K->4216K(1056768K)], 0.0307544 secs] [Times: user=0.19 sys=0.00, real=0.04 secs] 
36.280: Total time for which application threads were stopped: 0.0312124 seconds
36.284: [Full GC (Ergonomics) [PSYoungGen: 65536K->19930K(76288K)] [ParOldGen: 174666K->174664K(175104K)] 240202K->194594K(251392K), [Metaspace: 4216K->4216K(1056768K)], 0.0314060 secs] [Times: user=0.21 sys=0.00, real=0.03 secs] 
36.315: Total time for which application threads were stopped: 0.0315236 seconds
36.319: [Full GC (Ergonomics) [PSYoungGen: 65536K->19929K(76288K)] [ParOldGen: 174664K->174665K(175104K)] 240200K->194594K(251392K), [Metaspace: 4216K->4216K(1056768K)], 0.0324268 secs] [Times: user=0.22 sys=0.01, real=0.04 secs] 
36.351: Total time for which application threads were stopped: 0.0325619 seconds
36.355: [Full GC (Ergonomics) [PSYoungGen: 65536K->19925K(76288K)] [ParOldGen: 174665K->174669K(175104K)] 240201K->194594K(251392K), [Metaspace: 4216K->4216K(1056768K)], 0.0334334 secs] [Times: user=0.23 sys=0.00, real=0.03 secs] 
36.388: Total time for which application threads were stopped: 0.0335688 seconds
36.392: [Full GC (Ergonomics) [PSYoungGen: 65536K->19931K(76288K)] [ParOldGen: 174669K->174663K(175104K)] 240205K->194594K(251392K), [Metaspace: 4216K->4216K(1056768K)], 0.0331649 secs] [Times: user=0.20 sys=0.00, real=0.03 secs] 
36.425: Total time for which application threads were stopped: 0.0332791 seconds
36.429: [Full GC (Ergonomics) [PSYoungGen: 65536K->19933K(76288K)] [ParOldGen: 174663K->174660K(175104K)] 240199K->194594K(251392K), [Metaspace: 4216K->4216K(1056768K)], 0.0327422 secs] [Times: user=0.19 sys=0.00, real=0.04 secs] 
36.461: Total time for which application threads were stopped: 0.0329066 seconds
36.465: [Full GC (Ergonomics) [PSYoungGen: 65536K->19929K(76288K)] [ParOldGen: 174660K->174665K(175104K)] 240196K->194594K(251392K), [Metaspace: 4216K->4216K(1056768K)], 0.0316906 secs] [Times: user=0.21 sys=0.00, real=0.03 secs] 
36.497: Total time for which application threads were stopped: 0.0318080 seconds
36.500: [Full GC (Ergonomics) [PSYoungGen: 65536K->19926K(76288K)] [ParOldGen: 174665K->174668K(175104K)] 240201K->194594K(251392K), [Metaspace: 4216K->4216K(1056768K)], 0.0328143 secs] [Times: user=0.23 sys=0.00, real=0.03 secs] 
36.533: Total time for which application threads were stopped: 0.0329490 seconds
36.537: [Full GC (Ergonomics) [PSYoungGen: 65536K->19925K(76288K)] [ParOldGen: 174668K->174668K(175104K)] 240204K->194594K(251392K), [Metaspace: 4216K->4216K(1056768K)], 0.0329471 secs] [Times: user=0.22 sys=0.00, real=0.03 secs] 
36.570: Total time for which application threads were stopped: 0.0330826 seconds
36.573: [Full GC (Ergonomics) [PSYoungGen: 65536K->19927K(76288K)] [ParOldGen: 174668K->174667K(175104K)] 240204K->194594K(251392K), [Metaspace: 4216K->4216K(1056768K)], 0.0326568 secs] [Times: user=0.22 sys=0.01, real=0.03 secs] 
36.606: Total time for which application threads were stopped: 0.0327727 seconds
36.609: [Full GC (Ergonomics) [PSYoungGen: 65536K->19927K(76288K)] [ParOldGen: 174667K->174667K(175104K)] 240203K->194594K(251392K), [Metaspace: 4216K->4216K(1056768K)], 0.0318410 secs] [Times: user=0.21 sys=0.00, real=0.04 secs] 
36.641: Total time for which application threads were stopped: 0.0319810 seconds
36.645: [Full GC (Ergonomics) [PSYoungGen: 65536K->19919K(76288K)] [ParOldGen: 174667K->174675K(175104K)] 240203K->194594K(251392K), [Metaspace: 4216K->4216K(1056768K)], 0.0331522 secs] [Times: user=0.23 sys=0.00, real=0.03 secs] 
36.678: Total time for which application threads were stopped: 0.0332698 seconds
36.681: [Full GC (Ergonomics) [PSYoungGen: 65536K->19934K(76288K)] [ParOldGen: 174675K->174660K(175104K)] 240211K->194594K(251392K), [Metaspace: 4216K->4216K(1056768K)], 0.0326661 secs] [Times: user=0.22 sys=0.00, real=0.03 secs] 
36.714: Total time for which application threads were stopped: 0.0327784 seconds
36.717: [Full GC (Ergonomics) [PSYoungGen: 65536K->19921K(76288K)] [ParOldGen: 174660K->174673K(175104K)] 240196K->194594K(251392K), [Metaspace: 4216K->4216K(1056768K)], 0.0314794 secs] [Times: user=0.22 sys=0.00, real=0.03 secs] 
36.749: Total time for which application threads were stopped: 0.0316462 seconds
36.752: [Full GC (Ergonomics) [PSYoungGen: 65536K->19930K(76288K)] [ParOldGen: 174673K->174664K(175104K)] 240209K->194594K(251392K), [Metaspace: 4216K->4216K(1056768K)], 0.0326809 secs] [Times: user=0.22 sys=0.00, real=0.03 secs] 
36.785: Total time for which application threads were stopped: 0.0327933 seconds
36.788: [Full GC (Ergonomics) [PSYoungGen: 65536K->19930K(76288K)] [ParOldGen: 174664K->174663K(175104K)] 240200K->194594K(251392K), [Metaspace: 4216K->4216K(1056768K)], 0.0324221 secs] [Times: user=0.21 sys=0.00, real=0.04 secs] 
36.821: Total time for which application threads were stopped: 0.0325596 seconds
36.824: [Full GC (Ergonomics) [PSYoungGen: 65536K->19920K(76288K)] [ParOldGen: 174663K->174674K(175104K)] 240199K->194594K(251392K), [Metaspace: 4216K->4216K(1056768K)], 0.0325813 secs] [Times: user=0.21 sys=0.01, real=0.03 secs] 
36.857: Total time for which application threads were stopped: 0.0327429 seconds
36.861: [Full GC (Ergonomics) [PSYoungGen: 65536K->19929K(76288K)] [ParOldGen: 174674K->174665K(175104K)] 240210K->194594K(251392K), [Metaspace: 4216K->4216K(1056768K)], 0.0312639 secs] [Times: user=0.21 sys=0.00, real=0.03 secs] 
36.892: Total time for which application threads were stopped: 0.0313841 seconds
36.895: [Full GC (Ergonomics) [PSYoungGen: 65536K->19937K(76288K)] [ParOldGen: 174665K->174657K(175104K)] 240201K->194594K(251392K), [Metaspace: 4216K->4216K(1056768K)], 0.0320875 secs] [Times: user=0.21 sys=0.00, real=0.03 secs] 
36.927: Total time for which application threads were stopped: 0.0322076 seconds
36.931: [Full GC (Ergonomics) [PSYoungGen: 65536K->19928K(76288K)] [ParOldGen: 174657K->174666K(175104K)] 240193K->194594K(251392K), [Metaspace: 4216K->4216K(1056768K)], 0.0315848 secs] [Times: user=0.21 sys=0.00, real=0.03 secs] 
36.963: Total time for which application threads were stopped: 0.0317186 seconds
36.966: [Full GC (Ergonomics) [PSYoungGen: 65536K->19926K(76288K)] [ParOldGen: 174666K->174668K(175104K)] 240202K->194594K(251392K), [Metaspace: 4216K->4216K(1056768K)], 0.0324990 secs] [Times: user=0.23 sys=0.00, real=0.03 secs] 
36.999: Total time for which application threads were stopped: 0.0326242 seconds
37.002: [Full GC (Ergonomics) [PSYoungGen: 65536K->19931K(76288K)] [ParOldGen: 174668K->174662K(175104K)] 240204K->194594K(251392K), [Metaspace: 4216K->4216K(1056768K)], 0.0306112 secs] [Times: user=0.20 sys=0.00, real=0.03 secs] 
37.033: Total time for which application threads were stopped: 0.0307245 seconds
37.036: [Full GC (Ergonomics) [PSYoungGen: 65536K->19934K(76288K)] [ParOldGen: 174662K->174660K(175104K)] 240198K->194594K(251392K), [Metaspace: 4216K->4216K(1056768K)], 0.0330047 secs] [Times: user=0.22 sys=0.01, real=0.03 secs] 
37.069: Total time for which application threads were stopped: 0.0331358 seconds
37.072: [Full GC (Ergonomics) [PSYoungGen: 65536K->19928K(76288K)] [ParOldGen: 174660K->174666K(175104K)] 240196K->194594K(251392K), [Metaspace: 4216K->4216K(1056768K)], 0.0323431 secs] [Times: user=0.23 sys=0.00, real=0.03 secs] 
37.105: Total time for which application threads were stopped: 0.0324559 seconds
37.109: [Full GC (Ergonomics) [PSYoungGen: 65536K->19926K(76288K)] [ParOldGen: 174666K->174668K(175104K)] 240202K->194594K(251392K), [Metaspace: 4216K->4216K(1056768K)], 0.0323023 secs] [Times: user=0.20 sys=0.00, real=0.04 secs] 
37.141: Total time for which application threads were stopped: 0.0324023 seconds
37.144: [Full GC (Ergonomics) [PSYoungGen: 65536K->19918K(76288K)] [ParOldGen: 174668K->174676K(175104K)] 240204K->194594K(251392K), [Metaspace: 4216K->4216K(1056768K)], 0.0327842 secs] [Times: user=0.21 sys=0.00, real=0.03 secs] 
37.177: Total time for which application threads were stopped: 0.0328972 seconds
37.181: [Full GC (Ergonomics) [PSYoungGen: 65536K->19932K(76288K)] [ParOldGen: 174676K->174662K(175104K)] 240212K->194594K(251392K), [Metaspace: 4216K->4216K(1056768K)], 0.0330095 secs] [Times: user=0.20 sys=0.00, real=0.03 secs] 
37.214: Total time for which application threads were stopped: 0.0331337 seconds
37.217: [Full GC (Ergonomics) [PSYoungGen: 65536K->19932K(76288K)] [ParOldGen: 174662K->174662K(175104K)] 240198K->194594K(251392K), [Metaspace: 4216K->4216K(1056768K)], 0.0325826 secs] [Times: user=0.20 sys=0.01, real=0.04 secs] 
37.250: Total time for which application threads were stopped: 0.0327100 seconds
37.253: [Full GC (Ergonomics) [PSYoungGen: 65536K->19938K(76288K)] [ParOldGen: 174662K->174656K(175104K)] 240198K->194594K(251392K), [Metaspace: 4216K->4216K(1056768K)], 0.0316479 secs] [Times: user=0.22 sys=0.00, real=0.03 secs] 
37.285: Total time for which application threads were stopped: 0.0317618 seconds
37.289: [Full GC (Ergonomics) [PSYoungGen: 65536K->19926K(76288K)] [ParOldGen: 174656K->174668K(175104K)] 240192K->194594K(251392K), [Metaspace: 4216K->4216K(1056768K)], 0.0310477 secs] [Times: user=0.20 sys=0.00, real=0.04 secs] 
37.320: Total time for which application threads were stopped: 0.0311692 seconds
37.323: [Full GC (Ergonomics) [PSYoungGen: 65536K->19937K(76288K)] [ParOldGen: 174668K->174657K(175104K)] 240204K->194594K(251392K), [Metaspace: 4216K->4216K(1056768K)], 0.0322018 secs] [Times: user=0.21 sys=0.00, real=0.03 secs] 
37.356: Total time for which application threads were stopped: 0.0323169 seconds
37.359: [Full GC (Ergonomics) [PSYoungGen: 65536K->19922K(76288K)] [ParOldGen: 174657K->174672K(175104K)] 240193K->194594K(251392K), [Metaspace: 4216K->4216K(1056768K)], 0.0330878 secs] [Times: user=0.20 sys=0.00, real=0.04 secs] 
37.392: Total time for which application threads were stopped: 0.0332067 seconds
37.396: [Full GC (Ergonomics) [PSYoungGen: 65536K->19930K(76288K)] [ParOldGen: 174672K->174664K(175104K)] 240208K->194594K(251392K), [Metaspace: 4216K->4216K(1056768K)], 0.0327211 secs] [Times: user=0.21 sys=0.01, real=0.03 secs] 
37.428: Total time for which application threads were stopped: 0.0328601 seconds
37.432: [Full GC (Ergonomics) [PSYoungGen: 65536K->19932K(76288K)] [ParOldGen: 174664K->174662K(175104K)] 240200K->194594K(251392K), [Metaspace: 4216K->4216K(1056768K)], 0.0328510 secs] [Times: user=0.21 sys=0.00, real=0.03 secs] 
37.465: Total time for which application threads were stopped: 0.0329652 seconds
37.468: [Full GC (Ergonomics) [PSYoungGen: 65536K->19935K(76288K)] [ParOldGen: 174662K->174659K(175104K)] 240198K->194594K(251392K), [Metaspace: 4216K->4216K(1056768K)], 0.0311758 secs] [Times: user=0.18 sys=0.00, real=0.03 secs] 
37.499: Total time for which application threads were stopped: 0.0312879 seconds
37.503: [Full GC (Ergonomics) [PSYoungGen: 65536K->19933K(76288K)] [ParOldGen: 174659K->174661K(175104K)] 240195K->194594K(251392K), [Metaspace: 4216K->4216K(1056768K)], 0.0329823 secs] [Times: user=0.22 sys=0.00, real=0.03 secs] 
37.536: Total time for which application threads were stopped: 0.0330950 seconds
37.539: [Full GC (Ergonomics) [PSYoungGen: 65536K->19931K(76288K)] [ParOldGen: 174661K->174663K(175104K)] 240197K->194594K(251392K), [Metaspace: 4216K->4216K(1056768K)], 0.0328626 secs] [Times: user=0.23 sys=0.00, real=0.04 secs] 
37.572: Total time for which application threads were stopped: 0.0330011 seconds
37.576: [Full GC (Ergonomics) [PSYoungGen: 65536K->19933K(76288K)] [ParOldGen: 174663K->174661K(175104K)] 240199K->194594K(251392K), [Metaspace: 4216K->4216K(1056768K)], 0.0321400 secs] [Times: user=0.22 sys=0.00, real=0.03 secs] 
37.608: Total time for which application threads were stopped: 0.0322766 seconds
37.611: [Full GC (Ergonomics) [PSYoungGen: 65536K->19926K(76288K)] [ParOldGen: 174661K->174668K(175104K)] 240197K->194594K(251392K), [Metaspace: 4216K->4216K(1056768K)], 0.0328680 secs] [Times: user=0.23 sys=0.01, real=0.03 secs] 
37.644: Total time for which application threads were stopped: 0.0330213 seconds
37.648: [Full GC (Ergonomics) [PSYoungGen: 65536K->19933K(76288K)] [ParOldGen: 174668K->174660K(175104K)] 240204K->194594K(251392K), [Metaspace: 4216K->4216K(1056768K)], 0.0324926 secs] [Times: user=0.20 sys=0.00, real=0.04 secs] 
37.680: Total time for which application threads were stopped: 0.0326160 seconds
37.684: [Full GC (Ergonomics) [PSYoungGen: 65536K->19927K(76288K)] [ParOldGen: 174660K->174667K(175104K)] 240196K->194594K(251392K), [Metaspace: 4216K->4216K(1056768K)], 0.0325109 secs] [Times: user=0.19 sys=0.00, real=0.03 secs] 
37.716: Total time for which application threads were stopped: 0.0326270 seconds
37.720: [Full GC (Ergonomics) [PSYoungGen: 65536K->19933K(76288K)] [ParOldGen: 174667K->174661K(175104K)] 240203K->194594K(251392K), [Metaspace: 4216K->4216K(1056768K)], 0.0315610 secs] [Times: user=0.20 sys=0.00, real=0.03 secs] 
37.752: Total time for which application threads were stopped: 0.0317083 seconds
37.755: [Full GC (Ergonomics) [PSYoungGen: 65536K->19918K(76288K)] [ParOldGen: 174661K->174676K(175104K)] 240197K->194594K(251392K), [Metaspace: 4216K->4216K(1056768K)], 0.0303187 secs] [Times: user=0.19 sys=0.00, real=0.03 secs] 
37.785: Total time for which application threads were stopped: 0.0304186 seconds
37.789: [Full GC (Ergonomics) [PSYoungGen: 65536K->19930K(76288K)] [ParOldGen: 174676K->174664K(175104K)] 240212K->194594K(251392K), [Metaspace: 4216K->4216K(1056768K)], 0.0324293 secs] [Times: user=0.20 sys=0.00, real=0.04 secs] 
37.821: Total time for which application threads were stopped: 0.0325325 seconds
37.825: [Full GC (Ergonomics) [PSYoungGen: 65536K->19927K(76288K)] [ParOldGen: 174664K->174667K(175104K)] 240200K->194594K(251392K), [Metaspace: 4216K->4216K(1056768K)], 0.0323193 secs] [Times: user=0.21 sys=0.00, real=0.03 secs] 
37.857: Total time for which application threads were stopped: 0.0324532 seconds
37.860: [Full GC (Ergonomics) [PSYoungGen: 65536K->19931K(76288K)] [ParOldGen: 174667K->174663K(175104K)] 240203K->194594K(251392K), [Metaspace: 4216K->4216K(1056768K)], 0.0323504 secs] [Times: user=0.21 sys=0.00, real=0.03 secs] 
37.893: Total time for which application threads were stopped: 0.0324655 seconds
37.896: [Full GC (Ergonomics) [PSYoungGen: 65536K->19929K(76288K)] [ParOldGen: 174663K->174665K(175104K)] 240199K->194594K(251392K), [Metaspace: 4216K->4216K(1056768K)], 0.0325583 secs] [Times: user=0.22 sys=0.01, real=0.03 secs] 
37.929: Total time for which application threads were stopped: 0.0326505 seconds
37.932: [Full GC (Ergonomics) [PSYoungGen: 65536K->19926K(76288K)] [ParOldGen: 174665K->174668K(175104K)] 240201K->194594K(251392K), [Metaspace: 4216K->4216K(1056768K)], 0.0312662 secs] [Times: user=0.21 sys=0.00, real=0.03 secs] 
37.964: Total time for which application threads were stopped: 0.0313822 seconds
37.967: [Full GC (Ergonomics) [PSYoungGen: 65536K->19923K(76288K)] [ParOldGen: 174668K->174671K(175104K)] 240204K->194594K(251392K), [Metaspace: 4216K->4216K(1056768K)], 0.0325669 secs] [Times: user=0.22 sys=0.00, real=0.03 secs] 
38.000: Total time for which application threads were stopped: 0.0327052 seconds
38.003: [Full GC (Ergonomics) [PSYoungGen: 65536K->19930K(76288K)] [ParOldGen: 174671K->174664K(175104K)] 240207K->194594K(251392K), [Metaspace: 4216K->4216K(1056768K)], 0.0322761 secs] [Times: user=0.21 sys=0.00, real=0.03 secs] 
38.035: Total time for which application threads were stopped: 0.0324111 seconds
38.039: [Full GC (Ergonomics) [PSYoungGen: 65536K->19923K(76288K)] [ParOldGen: 174664K->174671K(175104K)] 240200K->194594K(251392K), [Metaspace: 4216K->4216K(1056768K)], 0.0321098 secs] [Times: user=0.22 sys=0.00, real=0.04 secs] 
38.071: Total time for which application threads were stopped: 0.0322045 seconds
38.075: [Full GC (Ergonomics) [PSYoungGen: 65536K->19928K(76288K)] [ParOldGen: 174671K->174666K(175104K)] 240207K->194594K(251392K), [Metaspace: 4216K->4216K(1056768K)], 0.0334994 secs] [Times: user=0.22 sys=0.00, real=0.03 secs] 
38.108: Total time for which application threads were stopped: 0.0336347 seconds
38.112: [Full GC (Ergonomics) [PSYoungGen: 65536K->19920K(76288K)] [ParOldGen: 174666K->174674K(175104K)] 240202K->194594K(251392K), [Metaspace: 4216K->4216K(1056768K)], 0.0311079 secs] [Times: user=0.20 sys=0.00, real=0.03 secs] 
38.143: Total time for which application threads were stopped: 0.0312630 seconds
38.147: [Full GC (Ergonomics) [PSYoungGen: 65536K->19933K(76288K)] [ParOldGen: 174674K->174661K(175104K)] 240210K->194594K(251392K), [Metaspace: 4216K->4216K(1056768K)], 0.0330802 secs] [Times: user=0.20 sys=0.00, real=0.04 secs] 
38.180: Total time for which application threads were stopped: 0.0331774 seconds
38.184: [Full GC (Ergonomics) [PSYoungGen: 65536K->19935K(76288K)] [ParOldGen: 174661K->174659K(175104K)] 240197K->194594K(251392K), [Metaspace: 4216K->4216K(1056768K)], 0.0325583 secs] [Times: user=0.22 sys=0.01, real=0.03 secs] 
38.216: Total time for which application threads were stopped: 0.0326792 seconds
38.220: [Full GC (Ergonomics) [PSYoungGen: 65536K->19930K(76288K)] [ParOldGen: 174659K->174664K(175104K)] 240195K->194594K(251392K), [Metaspace: 4216K->4216K(1056768K)], 0.0330301 secs] [Times: user=0.20 sys=0.00, real=0.04 secs] 
38.253: Total time for which application threads were stopped: 0.0331961 seconds
38.257: [Full GC (Ergonomics) [PSYoungGen: 65536K->19924K(76288K)] [ParOldGen: 174664K->174670K(175104K)] 240200K->194594K(251392K), [Metaspace: 4216K->4216K(1056768K)], 0.0331729 secs] [Times: user=0.22 sys=0.00, real=0.04 secs] 
38.290: Total time for which application threads were stopped: 0.0332992 seconds
38.293: [Full GC (Ergonomics) [PSYoungGen: 65536K->19932K(76288K)] [ParOldGen: 174670K->174662K(175104K)] 240206K->194594K(251392K), [Metaspace: 4216K->4216K(1056768K)], 0.0324657 secs] [Times: user=0.22 sys=0.00, real=0.03 secs] 
38.326: Total time for which application threads were stopped: 0.0326017 seconds
38.330: [Full GC (Ergonomics) [PSYoungGen: 65536K->19925K(76288K)] [ParOldGen: 174662K->174668K(175104K)] 240198K->194594K(251392K), [Metaspace: 4216K->4216K(1056768K)], 0.0327343 secs] [Times: user=0.22 sys=0.00, real=0.04 secs] 
38.363: Total time for which application threads were stopped: 0.0328959 seconds
38.366: [Full GC (Ergonomics) [PSYoungGen: 65536K->19933K(76288K)] [ParOldGen: 174668K->174661K(175104K)] 240204K->194594K(251392K), [Metaspace: 4216K->4216K(1056768K)], 0.0330610 secs] [Times: user=0.22 sys=0.00, real=0.03 secs] 
38.399: Total time for which application threads were stopped: 0.0331754 seconds
38.403: [Full GC (Ergonomics) [PSYoungGen: 65536K->19935K(76288K)] [ParOldGen: 174661K->174659K(175104K)] 240197K->194594K(251392K), [Metaspace: 4216K->4216K(1056768K)], 0.0315427 secs] [Times: user=0.21 sys=0.00, real=0.03 secs] 
38.435: Total time for which application threads were stopped: 0.0316966 seconds
38.438: [Full GC (Ergonomics) [PSYoungGen: 65536K->19935K(76288K)] [ParOldGen: 174659K->174659K(175104K)] 240195K->194594K(251392K), [Metaspace: 4216K->4216K(1056768K)], 0.0303210 secs] [Times: user=0.19 sys=0.00, real=0.03 secs] 
38.468: Total time for which application threads were stopped: 0.0304515 seconds
38.472: [Full GC (Ergonomics) [PSYoungGen: 65536K->19922K(76288K)] [ParOldGen: 174659K->174672K(175104K)] 240195K->194594K(251392K), [Metaspace: 4216K->4216K(1056768K)], 0.0321467 secs] [Times: user=0.19 sys=0.00, real=0.03 secs] 
38.504: Total time for which application threads were stopped: 0.0322803 seconds
38.508: [Full GC (Ergonomics) [PSYoungGen: 65536K->19924K(76288K)] [ParOldGen: 174672K->174670K(175104K)] 240208K->194594K(251392K), [Metaspace: 4216K->4216K(1056768K)], 0.0320369 secs] [Times: user=0.21 sys=0.00, real=0.04 secs] 
38.540: Total time for which application threads were stopped: 0.0321971 seconds
38.544: [Full GC (Ergonomics) [PSYoungGen: 65536K->19923K(76288K)] [ParOldGen: 174670K->174671K(175104K)] 240206K->194594K(251392K), [Metaspace: 4216K->4216K(1056768K)], 0.0326032 secs] [Times: user=0.23 sys=0.00, real=0.03 secs] 
38.576: Total time for which application threads were stopped: 0.0327195 seconds
38.580: [Full GC (Ergonomics) [PSYoungGen: 65536K->19923K(76288K)] [ParOldGen: 174671K->174670K(175104K)] 240207K->194594K(251392K), [Metaspace: 4216K->4216K(1056768K)], 0.0314688 secs] [Times: user=0.21 sys=0.01, real=0.04 secs] 
38.611: Total time for which application threads were stopped: 0.0316031 seconds
38.615: [Full GC (Ergonomics) [PSYoungGen: 65536K->19931K(76288K)] [ParOldGen: 174670K->174663K(175104K)] 240206K->194594K(251392K), [Metaspace: 4216K->4216K(1056768K)], 0.0315851 secs] [Times: user=0.20 sys=0.00, real=0.03 secs] 
38.646: Total time for which application threads were stopped: 0.0317187 seconds
38.650: [Full GC (Ergonomics) [PSYoungGen: 65536K->19930K(76288K)] [ParOldGen: 174663K->174664K(175104K)] 240199K->194594K(251392K), [Metaspace: 4216K->4216K(1056768K)], 0.0321607 secs] [Times: user=0.21 sys=0.00, real=0.04 secs] 
38.682: Total time for which application threads were stopped: 0.0322767 seconds
38.685: [Full GC (Ergonomics) [PSYoungGen: 65536K->19930K(76288K)] [ParOldGen: 174664K->174664K(175104K)] 240200K->194594K(251392K), [Metaspace: 4216K->4216K(1056768K)], 0.0324797 secs] [Times: user=0.21 sys=0.00, real=0.03 secs] 
38.718: Total time for which application threads were stopped: 0.0326114 seconds
38.721: [Full GC (Ergonomics) [PSYoungGen: 65536K->19926K(76288K)] [ParOldGen: 174664K->174668K(175104K)] 240200K->194594K(251392K), [Metaspace: 4216K->4216K(1056768K)], 0.0321408 secs] [Times: user=0.21 sys=0.00, real=0.03 secs] 
38.753: Total time for which application threads were stopped: 0.0322773 seconds
38.757: [Full GC (Ergonomics) [PSYoungGen: 65536K->19928K(76288K)] [ParOldGen: 174668K->174666K(175104K)] 240204K->194594K(251392K), [Metaspace: 4216K->4216K(1056768K)], 0.0326117 secs] [Times: user=0.22 sys=0.00, real=0.03 secs] 
38.790: Total time for which application threads were stopped: 0.0327466 seconds
38.793: [Full GC (Ergonomics) [PSYoungGen: 65536K->19927K(76288K)] [ParOldGen: 174666K->174667K(175104K)] 240202K->194594K(251392K), [Metaspace: 4216K->4216K(1056768K)], 0.0325890 secs] [Times: user=0.21 sys=0.00, real=0.03 secs] 
38.826: Total time for which application threads were stopped: 0.0327205 seconds
38.829: [Full GC (Ergonomics) [PSYoungGen: 65536K->19933K(76288K)] [ParOldGen: 174667K->174661K(175104K)] 240203K->194594K(251392K), [Metaspace: 4216K->4216K(1056768K)], 0.0323971 secs] [Times: user=0.22 sys=0.01, real=0.04 secs] 
38.862: Total time for which application threads were stopped: 0.0325354 seconds
38.865: [Full GC (Ergonomics) [PSYoungGen: 65536K->19929K(76288K)] [ParOldGen: 174661K->174665K(175104K)] 240197K->194594K(251392K), [Metaspace: 4216K->4216K(1056768K)], 0.0341813 secs] [Times: user=0.22 sys=0.00, real=0.03 secs] 
38.899: Total time for which application threads were stopped: 0.0342714 seconds
38.902: [Full GC (Ergonomics) [PSYoungGen: 65536K->19929K(76288K)] [ParOldGen: 174665K->174665K(175104K)] 240201K->194594K(251392K), [Metaspace: 4216K->4216K(1056768K)], 0.0324950 secs] [Times: user=0.23 sys=0.00, real=0.03 secs] 
38.935: Total time for which application threads were stopped: 0.0326304 seconds
38.939: [Full GC (Ergonomics) [PSYoungGen: 65536K->19925K(76288K)] [ParOldGen: 174665K->174669K(175104K)] 240201K->194594K(251392K), [Metaspace: 4216K->4216K(1056768K)], 0.0327860 secs] [Times: user=0.22 sys=0.00, real=0.04 secs] 
38.972: Total time for which application threads were stopped: 0.0329146 seconds
38.975: [Full GC (Ergonomics) [PSYoungGen: 65536K->19922K(76288K)] [ParOldGen: 174669K->174672K(175104K)] 240205K->194594K(251392K), [Metaspace: 4216K->4216K(1056768K)], 0.0325330 secs] [Times: user=0.23 sys=0.00, real=0.03 secs] 
39.008: Total time for which application threads were stopped: 0.0326492 seconds
39.011: [Full GC (Ergonomics) [PSYoungGen: 65536K->19926K(76288K)] [ParOldGen: 174672K->174668K(175104K)] 240208K->194594K(251392K), [Metaspace: 4216K->4216K(1056768K)], 0.0326392 secs] [Times: user=0.23 sys=0.00, real=0.03 secs] 
39.044: Total time for which application threads were stopped: 0.0327758 seconds
39.047: [Full GC (Ergonomics) [PSYoungGen: 65536K->19923K(76288K)] [ParOldGen: 174668K->174671K(175104K)] 240204K->194594K(251392K), [Metaspace: 4216K->4216K(1056768K)], 0.0325053 secs] [Times: user=0.23 sys=0.00, real=0.04 secs] 
39.080: Total time for which application threads were stopped: 0.0326422 seconds
39.083: [Full GC (Ergonomics) [PSYoungGen: 65536K->19919K(76288K)] [ParOldGen: 174671K->174675K(175104K)] 240207K->194594K(251392K), [Metaspace: 4216K->4216K(1056768K)], 0.0329599 secs] [Times: user=0.23 sys=0.01, real=0.03 secs] 
39.116: Total time for which application threads were stopped: 0.0330782 seconds
39.120: [Full GC (Ergonomics) [PSYoungGen: 65536K->19927K(76288K)] [ParOldGen: 174675K->174667K(175104K)] 240211K->194594K(251392K), [Metaspace: 4216K->4216K(1056768K)], 0.0322201 secs] [Times: user=0.20 sys=0.00, real=0.03 secs] 
39.152: Total time for which application threads were stopped: 0.0323573 seconds
39.155: [Full GC (Ergonomics) [PSYoungGen: 65536K->19938K(76288K)] [ParOldGen: 174667K->174656K(175104K)] 240203K->194594K(251392K), [Metaspace: 4216K->4216K(1056768K)], 0.0322408 secs] [Times: user=0.19 sys=0.00, real=0.03 secs] 
39.188: Total time for which application threads were stopped: 0.0323735 seconds
39.191: [Full GC (Ergonomics) [PSYoungGen: 65536K->19928K(76288K)] [ParOldGen: 174656K->174665K(175104K)] 240192K->194594K(251392K), [Metaspace: 4216K->4216K(1056768K)], 0.0325884 secs] [Times: user=0.22 sys=0.00, real=0.03 secs] 
39.224: Total time for which application threads were stopped: 0.0326912 seconds
39.227: [Full GC (Ergonomics) [PSYoungGen: 65536K->19925K(76288K)] [ParOldGen: 174665K->174669K(175104K)] 240201K->194594K(251392K), [Metaspace: 4216K->4216K(1056768K)], 0.0327872 secs] [Times: user=0.22 sys=0.00, real=0.04 secs] 
39.260: Total time for which application threads were stopped: 0.0329087 seconds
39.263: [Full GC (Ergonomics) [PSYoungGen: 65536K->19913K(76288K)] [ParOldGen: 174669K->174681K(175104K)] 240205K->194594K(251392K), [Metaspace: 4216K->4216K(1056768K)], 0.0325105 secs] [Times: user=0.22 sys=0.00, real=0.03 secs] 
39.296: Total time for which application threads were stopped: 0.0326260 seconds
39.299: [Full GC (Ergonomics) [PSYoungGen: 65536K->19934K(76288K)] [ParOldGen: 174681K->174660K(175104K)] 240217K->194594K(251392K), [Metaspace: 4216K->4216K(1056768K)], 0.0329716 secs] [Times: user=0.22 sys=0.00, real=0.03 secs] 
39.332: Total time for which application threads were stopped: 0.0331051 seconds
39.336: [Full GC (Ergonomics) [PSYoungGen: 65536K->19934K(76288K)] [ParOldGen: 174660K->174660K(175104K)] 240196K->194594K(251392K), [Metaspace: 4216K->4216K(1056768K)], 0.0324389 secs] [Times: user=0.23 sys=0.01, real=0.04 secs] 
39.368: Total time for which application threads were stopped: 0.0325767 seconds
39.372: [Full GC (Ergonomics) [PSYoungGen: 65536K->19929K(76288K)] [ParOldGen: 174660K->174665K(175104K)] 240196K->194594K(251392K), [Metaspace: 4216K->4216K(1056768K)], 0.0329335 secs] [Times: user=0.22 sys=0.00, real=0.03 secs] 
39.405: Total time for which application threads were stopped: 0.0330574 seconds
39.408: [Full GC (Ergonomics) [PSYoungGen: 65536K->19927K(76288K)] [ParOldGen: 174665K->174667K(175104K)] 240201K->194594K(251392K), [Metaspace: 4216K->4216K(1056768K)], 0.0313391 secs] [Times: user=0.20 sys=0.00, real=0.03 secs] 
39.440: Total time for which application threads were stopped: 0.0314632 seconds
39.443: [Full GC (Ergonomics) [PSYoungGen: 65536K->19930K(76288K)] [ParOldGen: 174667K->174664K(175104K)] 240203K->194594K(251392K), [Metaspace: 4216K->4216K(1056768K)], 0.0326832 secs] [Times: user=0.23 sys=0.00, real=0.03 secs] 
39.476: Total time for which application threads were stopped: 0.0328207 seconds
39.479: [Full GC (Ergonomics) [PSYoungGen: 65536K->19920K(76288K)] [ParOldGen: 174664K->174674K(175104K)] 240200K->194594K(251392K), [Metaspace: 4216K->4216K(1056768K)], 0.0326260 secs] [Times: user=0.23 sys=0.00, real=0.03 secs] 
39.512: Total time for which application threads were stopped: 0.0327587 seconds
39.515: [Full GC (Ergonomics) [PSYoungGen: 65536K->19929K(76288K)] [ParOldGen: 174674K->174665K(175104K)] 240210K->194594K(251392K), [Metaspace: 4216K->4216K(1056768K)], 0.0311674 secs] [Times: user=0.22 sys=0.00, real=0.03 secs] 
39.547: Total time for which application threads were stopped: 0.0312631 seconds
39.550: [Full GC (Ergonomics) [PSYoungGen: 65536K->19922K(76288K)] [ParOldGen: 174665K->174671K(175104K)] 240201K->194594K(251392K), [Metaspace: 4216K->4216K(1056768K)], 0.0317951 secs] [Times: user=0.22 sys=0.01, real=0.03 secs] 
39.582: Total time for which application threads were stopped: 0.0319155 seconds
39.585: [Full GC (Ergonomics) [PSYoungGen: 65536K->19926K(76288K)] [ParOldGen: 174671K->174668K(175104K)] 240207K->194594K(251392K), [Metaspace: 4216K->4216K(1056768K)], 0.0329355 secs] [Times: user=0.22 sys=0.00, real=0.04 secs] 
39.618: Total time for which application threads were stopped: 0.0330538 seconds
39.622: [Full GC (Ergonomics) [PSYoungGen: 65536K->19927K(76288K)] [ParOldGen: 174668K->174667K(175104K)] 240204K->194594K(251392K), [Metaspace: 4216K->4216K(1056768K)], 0.0330913 secs] [Times: user=0.20 sys=0.00, real=0.03 secs] 
39.655: Total time for which application threads were stopped: 0.0332045 seconds
39.658: [Full GC (Ergonomics) [PSYoungGen: 65536K->19934K(76288K)] [ParOldGen: 174667K->174659K(175104K)] 240203K->194594K(251392K), [Metaspace: 4216K->4216K(1056768K)], 0.0304274 secs] [Times: user=0.21 sys=0.00, real=0.03 secs] 
39.689: Total time for which application threads were stopped: 0.0305829 seconds
39.692: [Full GC (Ergonomics) [PSYoungGen: 65536K->19927K(76288K)] [ParOldGen: 174659K->174667K(175104K)] 240195K->194594K(251392K), [Metaspace: 4216K->4216K(1056768K)], 0.0325058 secs] [Times: user=0.21 sys=0.00, real=0.03 secs] 
39.725: Total time for which application threads were stopped: 0.0326391 seconds
39.728: [Full GC (Ergonomics) [PSYoungGen: 65536K->19932K(76288K)] [ParOldGen: 174667K->174662K(175104K)] 240203K->194594K(251392K), [Metaspace: 4216K->4216K(1056768K)], 0.0326506 secs] [Times: user=0.23 sys=0.00, real=0.03 secs] 
39.761: Total time for which application threads were stopped: 0.0327681 seconds
39.764: [Full GC (Ergonomics) [PSYoungGen: 65536K->19928K(76288K)] [ParOldGen: 174662K->174666K(175104K)] 240198K->194594K(251392K), [Metaspace: 4216K->4216K(1056768K)], 0.0323122 secs] [Times: user=0.20 sys=0.00, real=0.03 secs] 
39.797: Total time for which application threads were stopped: 0.0324576 seconds
39.800: [Full GC (Ergonomics) [PSYoungGen: 65536K->19927K(76288K)] [ParOldGen: 174666K->174667K(175104K)] 240202K->194594K(251392K), [Metaspace: 4216K->4216K(1056768K)], 0.0329190 secs] [Times: user=0.23 sys=0.00, real=0.03 secs] 
39.833: Total time for which application threads were stopped: 0.0330513 seconds
39.836: [Full GC (Ergonomics) [PSYoungGen: 65536K->19932K(76288K)] [ParOldGen: 174667K->174662K(175104K)] 240203K->194594K(251392K), [Metaspace: 4216K->4216K(1056768K)], 0.0324646 secs] [Times: user=0.23 sys=0.01, real=0.04 secs] 
39.869: Total time for which application threads were stopped: 0.0325972 seconds
39.872: [Full GC (Ergonomics) [PSYoungGen: 65536K->19921K(76288K)] [ParOldGen: 174662K->174673K(175104K)] 240198K->194594K(251392K), [Metaspace: 4216K->4216K(1056768K)], 0.0325775 secs] [Times: user=0.21 sys=0.00, real=0.03 secs] 
39.905: Total time for which application threads were stopped: 0.0326846 seconds
39.908: [Full GC (Ergonomics) [PSYoungGen: 65536K->19927K(76288K)] [ParOldGen: 174673K->174667K(175104K)] 240209K->194594K(251392K), [Metaspace: 4216K->4216K(1056768K)], 0.0319200 secs] [Times: user=0.22 sys=0.00, real=0.03 secs] 
39.940: Total time for which application threads were stopped: 0.0320367 seconds
39.944: [Full GC (Ergonomics) [PSYoungGen: 65536K->19926K(76288K)] [ParOldGen: 174667K->174668K(175104K)] 240203K->194594K(251392K), [Metaspace: 4216K->4216K(1056768K)], 0.0326442 secs] [Times: user=0.23 sys=0.00, real=0.03 secs] 
39.976: Total time for which application threads were stopped: 0.0327379 seconds
39.980: [Full GC (Ergonomics) [PSYoungGen: 65536K->19930K(76288K)] [ParOldGen: 174668K->174664K(175104K)] 240204K->194594K(251392K), [Metaspace: 4216K->4216K(1056768K)], 0.0319164 secs] [Times: user=0.23 sys=0.00, real=0.03 secs] 
40.012: Total time for which application threads were stopped: 0.0320629 seconds
40.015: [Full GC (Ergonomics) [PSYoungGen: 65536K->19926K(76288K)] [ParOldGen: 174664K->174668K(175104K)] 240200K->194594K(251392K), [Metaspace: 4216K->4216K(1056768K)], 0.0307646 secs] [Times: user=0.20 sys=0.00, real=0.03 secs] 
40.046: Total time for which application threads were stopped: 0.0309050 seconds
40.049: [Full GC (Ergonomics) [PSYoungGen: 65536K->19922K(76288K)] [ParOldGen: 174668K->174672K(175104K)] 240204K->194594K(251392K), [Metaspace: 4216K->4216K(1056768K)], 0.0321652 secs] [Times: user=0.23 sys=0.00, real=0.03 secs] 
40.082: Total time for which application threads were stopped: 0.0323339 seconds
40.085: [Full GC (Ergonomics) [PSYoungGen: 65536K->19933K(76288K)] [ParOldGen: 174672K->174661K(175104K)] 240208K->194594K(251392K), [Metaspace: 4216K->4216K(1056768K)], 0.0307112 secs] [Times: user=0.21 sys=0.01, real=0.03 secs] 
40.116: Total time for which application threads were stopped: 0.0308288 seconds
40.119: [Full GC (Ergonomics) [PSYoungGen: 65536K->19926K(76288K)] [ParOldGen: 174661K->174668K(175104K)] 240197K->194594K(251392K), [Metaspace: 4216K->4216K(1056768K)], 0.0306523 secs] [Times: user=0.20 sys=0.00, real=0.03 secs] 
40.150: Total time for which application threads were stopped: 0.0307858 seconds
40.153: [Full GC (Ergonomics) [PSYoungGen: 65536K->19937K(76288K)] [ParOldGen: 174668K->174657K(175104K)] 240204K->194594K(251392K), [Metaspace: 4216K->4216K(1056768K)], 0.0309992 secs] [Times: user=0.21 sys=0.00, real=0.03 secs] 
40.184: Total time for which application threads were stopped: 0.0311311 seconds
40.188: [Full GC (Ergonomics) [PSYoungGen: 65536K->19935K(76288K)] [ParOldGen: 174657K->174659K(175104K)] 240193K->194594K(251392K), [Metaspace: 4216K->4216K(1056768K)], 0.0316413 secs] [Times: user=0.21 sys=0.00, real=0.03 secs] 
40.219: Total time for which application threads were stopped: 0.0317769 seconds
40.223: [Full GC (Ergonomics) [PSYoungGen: 65536K->19927K(76288K)] [ParOldGen: 174659K->174667K(175104K)] 240195K->194594K(251392K), [Metaspace: 4216K->4216K(1056768K)], 0.0326931 secs] [Times: user=0.22 sys=0.00, real=0.03 secs] 
40.256: Total time for which application threads were stopped: 0.0328563 seconds
40.259: [Full GC (Ergonomics) [PSYoungGen: 65536K->19925K(76288K)] [ParOldGen: 174667K->174669K(175104K)] 240203K->194594K(251392K), [Metaspace: 4216K->4216K(1056768K)], 0.0322357 secs] [Times: user=0.23 sys=0.00, real=0.03 secs] 
40.291: Total time for which application threads were stopped: 0.0323469 seconds
40.295: [Full GC (Ergonomics) [PSYoungGen: 65536K->19933K(76288K)] [ParOldGen: 174669K->174661K(175104K)] 240205K->194594K(251392K), [Metaspace: 4216K->4216K(1056768K)], 0.0308330 secs] [Times: user=0.20 sys=0.01, real=0.03 secs] 
40.325: Total time for which application threads were stopped: 0.0309677 seconds
40.329: [Full GC (Ergonomics) [PSYoungGen: 65536K->19940K(76288K)] [ParOldGen: 174661K->174654K(175104K)] 240197K->194594K(251392K), [Metaspace: 4216K->4216K(1056768K)], 0.0322888 secs] [Times: user=0.20 sys=0.00, real=0.03 secs] 
40.361: Total time for which application threads were stopped: 0.0324331 seconds
40.365: [Full GC (Ergonomics) [PSYoungGen: 65536K->19926K(76288K)] [ParOldGen: 174654K->174668K(175104K)] 240190K->194594K(251392K), [Metaspace: 4217K->4217K(1056768K)], 0.0317826 secs] [Times: user=0.22 sys=0.00, real=0.04 secs] 
40.397: Total time for which application threads were stopped: 0.0319251 seconds
40.400: [Full GC (Ergonomics) [PSYoungGen: 65536K->19926K(76288K)] [ParOldGen: 174668K->174668K(175104K)] 240204K->194594K(251392K), [Metaspace: 4217K->4217K(1056768K)], 0.0291187 secs] [Times: user=0.19 sys=0.00, real=0.03 secs] 
40.429: Total time for which application threads were stopped: 0.0292235 seconds
40.433: [Full GC (Ergonomics) [PSYoungGen: 65536K->19935K(76288K)] [ParOldGen: 174668K->174659K(175104K)] 240204K->194594K(251392K), [Metaspace: 4217K->4217K(1056768K)], 0.0317810 secs] [Times: user=0.22 sys=0.00, real=0.03 secs] 
40.465: Total time for which application threads were stopped: 0.0319147 seconds
40.469: [Full GC (Ergonomics) [PSYoungGen: 65536K->19929K(76288K)] [ParOldGen: 174659K->174665K(175104K)] 240195K->194594K(251392K), [Metaspace: 4217K->4217K(1056768K)], 0.0307119 secs] [Times: user=0.20 sys=0.00, real=0.03 secs] 
40.499: Total time for which application threads were stopped: 0.0308588 seconds
40.503: [Full GC (Ergonomics) [PSYoungGen: 65536K->19926K(76288K)] [ParOldGen: 174665K->174668K(175104K)] 240201K->194594K(251392K), [Metaspace: 4217K->4217K(1056768K)], 0.0326681 secs] [Times: user=0.23 sys=0.01, real=0.03 secs] 
40.535: Total time for which application threads were stopped: 0.0327801 seconds
40.539: [Full GC (Ergonomics) [PSYoungGen: 65536K->19921K(76288K)] [ParOldGen: 174668K->174673K(175104K)] 240204K->194594K(251392K), [Metaspace: 4217K->4217K(1056768K)], 0.0328506 secs] [Times: user=0.21 sys=0.00, real=0.03 secs] 
40.572: Total time for which application threads were stopped: 0.0329811 seconds
40.576: [Full GC (Ergonomics) [PSYoungGen: 65536K->19926K(76288K)] [ParOldGen: 174673K->174668K(175104K)] 240209K->194594K(251392K), [Metaspace: 4217K->4217K(1056768K)], 0.0328990 secs] [Times: user=0.21 sys=0.00, real=0.04 secs] 
40.609: Total time for which application threads were stopped: 0.0330186 seconds
40.612: [Full GC (Ergonomics) [PSYoungGen: 65536K->19933K(76288K)] [ParOldGen: 174668K->174661K(175104K)] 240204K->194594K(251392K), [Metaspace: 4217K->4217K(1056768K)], 0.0328955 secs] [Times: user=0.22 sys=0.00, real=0.03 secs] 
40.645: Total time for which application threads were stopped: 0.0330093 seconds
40.649: [Full GC (Ergonomics) [PSYoungGen: 65536K->19926K(76288K)] [ParOldGen: 174661K->174668K(175104K)] 240197K->194594K(251392K), [Metaspace: 4217K->4217K(1056768K)], 0.0323969 secs] [Times: user=0.23 sys=0.00, real=0.03 secs] 
40.681: Total time for which application threads were stopped: 0.0325342 seconds
40.685: [Full GC (Ergonomics) [PSYoungGen: 65536K->19931K(76288K)] [ParOldGen: 174668K->174663K(175104K)] 240204K->194594K(251392K), [Metaspace: 4217K->4217K(1056768K)], 0.0314051 secs] [Times: user=0.21 sys=0.00, real=0.03 secs] 
40.716: Total time for which application threads were stopped: 0.0315197 seconds
40.719: [Full GC (Ergonomics) [PSYoungGen: 65536K->19931K(76288K)] [ParOldGen: 174663K->174663K(175104K)] 240199K->194594K(251392K), [Metaspace: 4217K->4217K(1056768K)], 0.0331528 secs] [Times: user=0.23 sys=0.00, real=0.03 secs] 
40.753: Total time for which application threads were stopped: 0.0332913 seconds
40.756: [Full GC (Ergonomics) [PSYoungGen: 65536K->19937K(76288K)] [ParOldGen: 174663K->174657K(175104K)] 240199K->194594K(251392K), [Metaspace: 4217K->4217K(1056768K)], 0.0329061 secs] [Times: user=0.23 sys=0.01, real=0.04 secs] 
40.789: Total time for which application threads were stopped: 0.0330181 seconds
40.793: [Full GC (Ergonomics) [PSYoungGen: 65536K->19930K(76288K)] [ParOldGen: 174657K->174664K(175104K)] 240193K->194594K(251392K), [Metaspace: 4217K->4217K(1056768K)], 0.0328259 secs] [Times: user=0.23 sys=0.00, real=0.03 secs] 
40.825: Total time for which application threads were stopped: 0.0329403 seconds
40.829: [Full GC (Ergonomics) [PSYoungGen: 65536K->19923K(76288K)] [ParOldGen: 174664K->174671K(175104K)] 240200K->194594K(251392K), [Metaspace: 4217K->4217K(1056768K)], 0.0331156 secs] [Times: user=0.22 sys=0.00, real=0.03 secs] 
40.862: Total time for which application threads were stopped: 0.0332522 seconds
40.866: [Full GC (Ergonomics) [PSYoungGen: 65536K->19926K(76288K)] [ParOldGen: 174671K->174668K(175104K)] 240207K->194594K(251392K), [Metaspace: 4217K->4217K(1056768K)], 0.0312669 secs] [Times: user=0.21 sys=0.00, real=0.04 secs] 
40.897: Total time for which application threads were stopped: 0.0314030 seconds
40.900: [Full GC (Ergonomics) [PSYoungGen: 65536K->19922K(76288K)] [ParOldGen: 174668K->174672K(175104K)] 240204K->194594K(251392K), [Metaspace: 4217K->4217K(1056768K)], 0.0331355 secs] [Times: user=0.22 sys=0.00, real=0.03 secs] 
40.933: Total time for which application threads were stopped: 0.0332494 seconds
40.937: [Full GC (Ergonomics) [PSYoungGen: 65536K->19924K(76288K)] [ParOldGen: 174672K->174670K(175104K)] 240208K->194594K(251392K), [Metaspace: 4217K->4217K(1056768K)], 0.0322886 secs] [Times: user=0.22 sys=0.00, real=0.03 secs] 
40.969: Total time for which application threads were stopped: 0.0324900 seconds
40.973: [Full GC (Ergonomics) [PSYoungGen: 65536K->19926K(76288K)] [ParOldGen: 174670K->174668K(175104K)] 240206K->194594K(251392K), [Metaspace: 4217K->4217K(1056768K)], 0.0324311 secs] [Times: user=0.21 sys=0.01, real=0.03 secs] 
41.005: Total time for which application threads were stopped: 0.0325614 seconds
41.009: [Full GC (Ergonomics) [PSYoungGen: 65536K->19927K(76288K)] [ParOldGen: 174668K->174666K(175104K)] 240204K->194594K(251392K), [Metaspace: 4217K->4217K(1056768K)], 0.0328363 secs] [Times: user=0.24 sys=0.00, real=0.03 secs] 
41.042: Total time for which application threads were stopped: 0.0329749 seconds
41.045: [Full GC (Ergonomics) [PSYoungGen: 65536K->19926K(76288K)] [ParOldGen: 174666K->174668K(175104K)] 240202K->194594K(251392K), [Metaspace: 4217K->4217K(1056768K)], 0.0326533 secs] [Times: user=0.22 sys=0.00, real=0.04 secs] 
41.078: Total time for which application threads were stopped: 0.0327708 seconds
41.081: [Full GC (Ergonomics) [PSYoungGen: 65536K->19927K(76288K)] [ParOldGen: 174668K->174666K(175104K)] 240204K->194594K(251392K), [Metaspace: 4217K->4217K(1056768K)], 0.0320097 secs] [Times: user=0.23 sys=0.00, real=0.03 secs] 
41.113: Total time for which application threads were stopped: 0.0321227 seconds
41.116: [Full GC (Ergonomics) [PSYoungGen: 65536K->19926K(76288K)] [ParOldGen: 174666K->174668K(175104K)] 240202K->194594K(251392K), [Metaspace: 4217K->4217K(1056768K)], 0.0326867 secs] [Times: user=0.23 sys=0.00, real=0.04 secs] 
41.149: Total time for which application threads were stopped: 0.0327974 seconds
41.152: [Full GC (Ergonomics) [PSYoungGen: 65536K->19922K(76288K)] [ParOldGen: 174668K->174671K(175104K)] 240204K->194594K(251392K), [Metaspace: 4217K->4217K(1056768K)], 0.0325738 secs] [Times: user=0.21 sys=0.00, real=0.03 secs] 
41.185: Total time for which application threads were stopped: 0.0327353 seconds
41.188: [Full GC (Ergonomics) [PSYoungGen: 65536K->19926K(76288K)] [ParOldGen: 174671K->174668K(175104K)] 240207K->194594K(251392K), [Metaspace: 4217K->4217K(1056768K)], 0.0323147 secs] [Times: user=0.23 sys=0.00, real=0.03 secs] 
41.221: Total time for which application threads were stopped: 0.0324439 seconds
41.224: [Full GC (Ergonomics) [PSYoungGen: 65536K->19941K(76288K)] [ParOldGen: 174668K->174653K(175104K)] 240204K->194594K(251392K), [Metaspace: 4217K->4217K(1056768K)], 0.0327055 secs] [Times: user=0.22 sys=0.00, real=0.04 secs] 
41.257: Total time for which application threads were stopped: 0.0328411 seconds
41.261: [Full GC (Ergonomics) [PSYoungGen: 65536K->19931K(76288K)] [ParOldGen: 174653K->174663K(175104K)] 240189K->194594K(251392K), [Metaspace: 4217K->4217K(1056768K)], 0.0360275 secs] [Times: user=0.22 sys=0.01, real=0.04 secs] 
41.297: Total time for which application threads were stopped: 0.0361647 seconds
41.301: [Full GC (Ergonomics) [PSYoungGen: 65536K->19933K(76288K)] [ParOldGen: 174663K->174661K(175104K)] 240199K->194594K(251392K), [Metaspace: 4217K->4217K(1056768K)], 0.0341101 secs] [Times: user=0.23 sys=0.00, real=0.03 secs] 
41.335: Total time for which application threads were stopped: 0.0342491 seconds
41.339: [Full GC (Ergonomics) [PSYoungGen: 65536K->19918K(76288K)] [ParOldGen: 174661K->174676K(175104K)] 240197K->194594K(251392K), [Metaspace: 4217K->4217K(1056768K)], 0.0353105 secs] [Times: user=0.23 sys=0.00, real=0.03 secs] 
41.374: Total time for which application threads were stopped: 0.0354333 seconds
41.378: [Full GC (Ergonomics) [PSYoungGen: 65536K->19933K(76288K)] [ParOldGen: 174676K->174661K(175104K)] 240212K->194594K(251392K), [Metaspace: 4217K->4217K(1056768K)], 0.0355852 secs] [Times: user=0.21 sys=0.00, real=0.03 secs] 
41.414: Total time for which application threads were stopped: 0.0357409 seconds
41.418: [Full GC (Ergonomics) [PSYoungGen: 65536K->19931K(76288K)] [ParOldGen: 174661K->174663K(175104K)] 240197K->194594K(251392K), [Metaspace: 4217K->4217K(1056768K)], 0.0338586 secs] [Times: user=0.23 sys=0.01, real=0.03 secs] 
41.452: Total time for which application threads were stopped: 0.0340266 seconds
41.456: [Full GC (Ergonomics) [PSYoungGen: 65536K->19926K(76288K)] [ParOldGen: 174663K->174668K(175104K)] 240199K->194594K(251392K), [Metaspace: 4217K->4217K(1056768K)], 0.0345840 secs] [Times: user=0.24 sys=0.00, real=0.04 secs] 
41.491: Total time for which application threads were stopped: 0.0347178 seconds
41.495: [Full GC (Ergonomics) [PSYoungGen: 65536K->19920K(76288K)] [ParOldGen: 174668K->174674K(175104K)] 240204K->194594K(251392K), [Metaspace: 4217K->4217K(1056768K)], 0.0331738 secs] [Times: user=0.23 sys=0.00, real=0.04 secs] 
41.528: Total time for which application threads were stopped: 0.0332799 seconds
41.532: [Full GC (Ergonomics) [PSYoungGen: 65536K->19922K(76288K)] [ParOldGen: 174674K->174672K(175104K)] 240210K->194594K(251392K), [Metaspace: 4217K->4217K(1056768K)], 0.0329282 secs] [Times: user=0.23 sys=0.00, real=0.03 secs] 
41.565: Total time for which application threads were stopped: 0.0330535 seconds
41.568: [Full GC (Ergonomics) [PSYoungGen: 65536K->19928K(76288K)] [ParOldGen: 174672K->174666K(175104K)] 240208K->194594K(251392K), [Metaspace: 4217K->4217K(1056768K)], 0.0326160 secs] [Times: user=0.22 sys=0.00, real=0.03 secs] 
41.601: Total time for which application threads were stopped: 0.0327686 seconds
41.604: [Full GC (Ergonomics) [PSYoungGen: 65536K->19929K(76288K)] [ParOldGen: 174666K->174665K(175104K)] 240202K->194594K(251392K), [Metaspace: 4217K->4217K(1056768K)], 0.0341633 secs] [Times: user=0.22 sys=0.00, real=0.04 secs] 
41.639: Total time for which application threads were stopped: 0.0342785 seconds
41.642: [Full GC (Ergonomics) [PSYoungGen: 65536K->19924K(76288K)] [ParOldGen: 174665K->174670K(175104K)] 240201K->194594K(251392K), [Metaspace: 4217K->4217K(1056768K)], 0.0326828 secs] [Times: user=0.22 sys=0.01, real=0.03 secs] 
41.675: Total time for which application threads were stopped: 0.0328783 seconds
41.678: [Full GC (Ergonomics) [PSYoungGen: 65536K->19924K(76288K)] [ParOldGen: 174670K->174670K(175104K)] 240206K->194594K(251392K), [Metaspace: 4217K->4217K(1056768K)], 0.0328462 secs] [Times: user=0.22 sys=0.00, real=0.03 secs] 
41.711: Total time for which application threads were stopped: 0.0329569 seconds
41.715: [Full GC (Ergonomics) [PSYoungGen: 65536K->19928K(76288K)] [ParOldGen: 174670K->174666K(175104K)] 240206K->194594K(251392K), [Metaspace: 4217K->4217K(1056768K)], 0.0328304 secs] [Times: user=0.23 sys=0.00, real=0.04 secs] 
41.748: Total time for which application threads were stopped: 0.0329336 seconds
41.751: [Full GC (Ergonomics) [PSYoungGen: 65536K->19932K(76288K)] [ParOldGen: 174666K->174662K(175104K)] 240202K->194594K(251392K), [Metaspace: 4217K->4217K(1056768K)], 0.0330522 secs] [Times: user=0.23 sys=0.00, real=0.03 secs] 
41.784: Total time for which application threads were stopped: 0.0331748 seconds
41.788: [Full GC (Ergonomics) [PSYoungGen: 65536K->19924K(76288K)] [ParOldGen: 174662K->174670K(175104K)] 240198K->194594K(251392K), [Metaspace: 4217K->4217K(1056768K)], 0.0324132 secs] [Times: user=0.22 sys=0.00, real=0.03 secs] 
41.820: Total time for which application threads were stopped: 0.0325289 seconds
41.824: [Full GC (Ergonomics) [PSYoungGen: 65536K->19923K(76288K)] [ParOldGen: 174670K->174671K(175104K)] 240206K->194594K(251392K), [Metaspace: 4217K->4217K(1056768K)], 0.0325336 secs] [Times: user=0.22 sys=0.00, real=0.04 secs] 
41.857: Total time for which application threads were stopped: 0.0326785 seconds
41.860: [Full GC (Ergonomics) [PSYoungGen: 65536K->19926K(76288K)] [ParOldGen: 174671K->174668K(175104K)] 240207K->194594K(251392K), [Metaspace: 4217K->4217K(1056768K)], 0.0322210 secs] [Times: user=0.22 sys=0.00, real=0.03 secs] 
41.892: Total time for which application threads were stopped: 0.0323636 seconds
41.896: [Full GC (Ergonomics) [PSYoungGen: 65536K->19936K(76288K)] [ParOldGen: 174668K->174658K(175104K)] 240204K->194594K(251392K), [Metaspace: 4217K->4217K(1056768K)], 0.0324654 secs] [Times: user=0.21 sys=0.01, real=0.04 secs] 
41.928: Total time for which application threads were stopped: 0.0326144 seconds
41.932: [Full GC (Ergonomics) [PSYoungGen: 65536K->19945K(76288K)] [ParOldGen: 174658K->174649K(175104K)] 240194K->194594K(251392K), [Metaspace: 4217K->4217K(1056768K)], 0.0329151 secs] [Times: user=0.22 sys=0.00, real=0.03 secs] 
41.965: Total time for which application threads were stopped: 0.0330428 seconds
41.968: [Full GC (Ergonomics) [PSYoungGen: 65536K->19938K(76288K)] [ParOldGen: 174649K->174656K(175104K)] 240185K->194594K(251392K), [Metaspace: 4217K->4217K(1056768K)], 0.0323495 secs] [Times: user=0.22 sys=0.00, real=0.03 secs] 
42.000: Total time for which application threads were stopped: 0.0324831 seconds
42.004: [Full GC (Ergonomics) [PSYoungGen: 65536K->19925K(76288K)] [ParOldGen: 174656K->174669K(175104K)] 240192K->194594K(251392K), [Metaspace: 4217K->4217K(1056768K)], 0.0324779 secs] [Times: user=0.21 sys=0.00, real=0.03 secs] 
42.036: Total time for which application threads were stopped: 0.0326102 seconds
42.040: [Full GC (Ergonomics) [PSYoungGen: 65536K->19926K(76288K)] [ParOldGen: 174669K->174668K(175104K)] 240205K->194594K(251392K), [Metaspace: 4217K->4217K(1056768K)], 0.0323159 secs] [Times: user=0.22 sys=0.00, real=0.03 secs] 
42.072: Total time for which application threads were stopped: 0.0324506 seconds
42.076: [Full GC (Ergonomics) [PSYoungGen: 65536K->19933K(76288K)] [ParOldGen: 174668K->174661K(175104K)] 240204K->194594K(251392K), [Metaspace: 4217K->4217K(1056768K)], 0.0314003 secs] [Times: user=0.21 sys=0.00, real=0.04 secs] 
42.107: Total time for which application threads were stopped: 0.0315057 seconds
42.111: [Full GC (Ergonomics) [PSYoungGen: 65536K->19929K(76288K)] [ParOldGen: 174661K->174665K(175104K)] 240197K->194594K(251392K), [Metaspace: 4217K->4217K(1056768K)], 0.0338571 secs] [Times: user=0.21 sys=0.01, real=0.03 secs] 
42.145: Total time for which application threads were stopped: 0.0339630 seconds
42.148: [Full GC (Ergonomics) [PSYoungGen: 65536K->19930K(76288K)] [ParOldGen: 174665K->174664K(175104K)] 240201K->194594K(251392K), [Metaspace: 4217K->4217K(1056768K)], 0.0356266 secs] [Times: user=0.23 sys=0.00, real=0.03 secs] 
42.184: Total time for which application threads were stopped: 0.0357282 seconds
42.188: [Full GC (Ergonomics) [PSYoungGen: 65536K->19930K(76288K)] [ParOldGen: 174664K->174664K(175104K)] 240200K->194594K(251392K), [Metaspace: 4217K->4217K(1056768K)], 0.0330587 secs] [Times: user=0.22 sys=0.00, real=0.03 secs] 
42.221: Total time for which application threads were stopped: 0.0332133 seconds
42.225: [Full GC (Ergonomics) [PSYoungGen: 65536K->19942K(76288K)] [ParOldGen: 174664K->174619K(175104K)] 240200K->194562K(251392K), [Metaspace: 4217K->4217K(1056768K)], 0.0358952 secs] [Times: user=0.20 sys=0.01, real=0.04 secs] 
42.261: Total time for which application threads were stopped: 0.0359987 seconds
42.264: [Full GC (Ergonomics) [PSYoungGen: 65536K->19929K(76288K)] [ParOldGen: 174619K->174632K(175104K)] 240155K->194562K(251392K), [Metaspace: 4217K->4217K(1056768K)], 0.0355874 secs] [Times: user=0.21 sys=0.00, real=0.04 secs] 
42.300: Total time for which application threads were stopped: 0.0356815 seconds
42.304: [Full GC (Ergonomics) [PSYoungGen: 65536K->19925K(76288K)] [ParOldGen: 174632K->174636K(175104K)] 240168K->194562K(251392K), [Metaspace: 4217K->4217K(1056768K)], 0.0339438 secs] [Times: user=0.23 sys=0.00, real=0.04 secs] 
42.338: Total time for which application threads were stopped: 0.0340629 seconds
42.342: [Full GC (Ergonomics) [PSYoungGen: 65536K->19922K(76288K)] [ParOldGen: 174636K->174639K(175104K)] 240172K->194562K(251392K), [Metaspace: 4217K->4217K(1056768K)], 0.0352209 secs] [Times: user=0.23 sys=0.00, real=0.04 secs] 
42.377: Total time for which application threads were stopped: 0.0353394 seconds
42.381: [Full GC (Ergonomics) [PSYoungGen: 65536K->19930K(76288K)] [ParOldGen: 174639K->174631K(175104K)] 240175K->194562K(251392K), [Metaspace: 4217K->4217K(1056768K)], 0.0320429 secs] [Times: user=0.21 sys=0.01, real=0.03 secs] 
42.413: Total time for which application threads were stopped: 0.0321564 seconds
42.416: [Full GC (Ergonomics) [PSYoungGen: 65536K->19927K(76288K)] [ParOldGen: 174631K->174634K(175104K)] 240167K->194562K(251392K), [Metaspace: 4217K->4217K(1056768K)], 0.0344416 secs] [Times: user=0.22 sys=0.00, real=0.04 secs] 
42.451: Total time for which application threads were stopped: 0.0345791 seconds
42.455: [Full GC (Ergonomics) [PSYoungGen: 65536K->19931K(76288K)] [ParOldGen: 174634K->174630K(175104K)] 240170K->194562K(251392K), [Metaspace: 4217K->4217K(1056768K)], 0.0343213 secs] [Times: user=0.23 sys=0.00, real=0.04 secs] 
42.489: Total time for which application threads were stopped: 0.0344272 seconds
42.493: [Full GC (Ergonomics) [PSYoungGen: 65536K->19936K(76288K)] [ParOldGen: 174630K->174626K(175104K)] 240166K->194562K(251392K), [Metaspace: 4217K->4217K(1056768K)], 0.0347005 secs] [Times: user=0.22 sys=0.00, real=0.04 secs] 
42.528: Total time for which application threads were stopped: 0.0348529 seconds
42.531: [Full GC (Ergonomics) [PSYoungGen: 65536K->19932K(76288K)] [ParOldGen: 174626K->174629K(175104K)] 240162K->194562K(251392K), [Metaspace: 4217K->4217K(1056768K)], 0.0334137 secs] [Times: user=0.21 sys=0.00, real=0.03 secs] 
42.565: Total time for which application threads were stopped: 0.0335230 seconds
42.568: [Full GC (Ergonomics) [PSYoungGen: 65536K->19922K(76288K)] [ParOldGen: 174629K->174639K(175104K)] 240165K->194562K(251392K), [Metaspace: 4217K->4217K(1056768K)], 0.0352704 secs] [Times: user=0.22 sys=0.01, real=0.03 secs] 
42.604: Total time for which application threads were stopped: 0.0354031 seconds
42.607: [Full GC (Ergonomics) [PSYoungGen: 65536K->19932K(76288K)] [ParOldGen: 174639K->174629K(175104K)] 240175K->194562K(251392K), [Metaspace: 4217K->4217K(1056768K)], 0.0338616 secs] [Times: user=0.20 sys=0.00, real=0.03 secs] 
42.641: Total time for which application threads were stopped: 0.0340019 seconds
42.645: [Full GC (Ergonomics) [PSYoungGen: 65536K->19924K(76288K)] [ParOldGen: 174629K->174637K(175104K)] 240165K->194562K(251392K), [Metaspace: 4217K->4217K(1056768K)], 0.0337351 secs] [Times: user=0.23 sys=0.00, real=0.04 secs] 
42.679: Total time for which application threads were stopped: 0.0338305 seconds
42.682: [Full GC (Ergonomics) [PSYoungGen: 65536K->19928K(76288K)] [ParOldGen: 174637K->174633K(175104K)] 240173K->194562K(251392K), [Metaspace: 4217K->4217K(1056768K)], 0.0341759 secs] [Times: user=0.22 sys=0.00, real=0.03 secs] 
42.716: Total time for which application threads were stopped: 0.0343244 seconds
42.720: [Full GC (Ergonomics) [PSYoungGen: 65536K->19928K(76288K)] [ParOldGen: 174633K->174633K(175104K)] 240169K->194562K(251392K), [Metaspace: 4217K->4217K(1056768K)], 0.0337768 secs] [Times: user=0.22 sys=0.00, real=0.03 secs] 
42.754: Total time for which application threads were stopped: 0.0338936 seconds
42.757: [Full GC (Ergonomics) [PSYoungGen: 65536K->19932K(76288K)] [ParOldGen: 174633K->174629K(175104K)] 240169K->194562K(251392K), [Metaspace: 4217K->4217K(1056768K)], 0.0317346 secs] [Times: user=0.20 sys=0.00, real=0.03 secs] 
42.789: Total time for which application threads were stopped: 0.0318717 seconds
42.793: [Full GC (Ergonomics) [PSYoungGen: 65536K->19934K(76288K)] [ParOldGen: 174629K->174627K(175104K)] 240165K->194562K(251392K), [Metaspace: 4217K->4217K(1056768K)], 0.0312939 secs] [Times: user=0.20 sys=0.00, real=0.03 secs] 
42.824: Total time for which application threads were stopped: 0.0314250 seconds
42.828: [Full GC (Ergonomics) [PSYoungGen: 65536K->19924K(76288K)] [ParOldGen: 174627K->174637K(175104K)] 240163K->194562K(251392K), [Metaspace: 4217K->4217K(1056768K)], 0.0332185 secs] [Times: user=0.20 sys=0.01, real=0.03 secs] 
42.861: Total time for which application threads were stopped: 0.0333128 seconds
42.865: [Full GC (Ergonomics) [PSYoungGen: 65536K->19934K(76288K)] [ParOldGen: 174637K->174627K(175104K)] 240173K->194562K(251392K), [Metaspace: 4217K->4217K(1056768K)], 0.0321748 secs] [Times: user=0.22 sys=0.00, real=0.04 secs] 
42.897: Total time for which application threads were stopped: 0.0322878 seconds
42.900: [Full GC (Ergonomics) [PSYoungGen: 65536K->19936K(76288K)] [ParOldGen: 174627K->174625K(175104K)] 240163K->194562K(251392K), [Metaspace: 4217K->4217K(1056768K)], 0.0328111 secs] [Times: user=0.23 sys=0.00, real=0.03 secs] 
42.933: Total time for which application threads were stopped: 0.0329099 seconds
42.937: [Full GC (Ergonomics) [PSYoungGen: 65536K->19934K(76288K)] [ParOldGen: 174625K->174627K(175104K)] 240161K->194562K(251392K), [Metaspace: 4217K->4217K(1056768K)], 0.0334361 secs] [Times: user=0.23 sys=0.00, real=0.03 secs] 
42.970: Total time for which application threads were stopped: 0.0335675 seconds
42.975: [Full GC (Ergonomics) [PSYoungGen: 65536K->19924K(76288K)] [ParOldGen: 174627K->174637K(175104K)] 240163K->194562K(251392K), [Metaspace: 4217K->4217K(1056768K)], 0.0333169 secs] [Times: user=0.23 sys=0.00, real=0.04 secs] 
43.008: Total time for which application threads were stopped: 0.0334379 seconds
43.011: [Full GC (Ergonomics) [PSYoungGen: 65536K->19928K(76288K)] [ParOldGen: 174637K->174634K(175104K)] 240173K->194562K(251392K), [Metaspace: 4217K->4217K(1056768K)], 0.0340048 secs] [Times: user=0.21 sys=0.00, real=0.03 secs] 
43.045: Total time for which application threads were stopped: 0.0341637 seconds
43.050: [Full GC (Ergonomics) [PSYoungGen: 65536K->19936K(76288K)] [ParOldGen: 174634K->174625K(175104K)] 240170K->194562K(251392K), [Metaspace: 4217K->4217K(1056768K)], 0.0334157 secs] [Times: user=0.21 sys=0.01, real=0.03 secs] 
43.084: Total time for which application threads were stopped: 0.0335372 seconds
43.087: [Full GC (Ergonomics) [PSYoungGen: 65536K->19928K(76288K)] [ParOldGen: 174625K->174633K(175104K)] 240161K->194562K(251392K), [Metaspace: 4217K->4217K(1056768K)], 0.0329369 secs] [Times: user=0.22 sys=0.00, real=0.03 secs] 
43.120: Total time for which application threads were stopped: 0.0330685 seconds
43.124: [Full GC (Ergonomics) [PSYoungGen: 65536K->19933K(76288K)] [ParOldGen: 174633K->174628K(175104K)] 240169K->194562K(251392K), [Metaspace: 4217K->4217K(1056768K)], 0.0327596 secs] [Times: user=0.22 sys=0.00, real=0.04 secs] 
43.157: Total time for which application threads were stopped: 0.0328918 seconds
43.160: [Full GC (Ergonomics) [PSYoungGen: 65536K->19925K(76288K)] [ParOldGen: 174628K->174636K(175104K)] 240164K->194562K(251392K), [Metaspace: 4217K->4217K(1056768K)], 0.0324003 secs] [Times: user=0.22 sys=0.00, real=0.03 secs] 
43.193: Total time for which application threads were stopped: 0.0325191 seconds
43.196: [Full GC (Ergonomics) [PSYoungGen: 65536K->19932K(76288K)] [ParOldGen: 174636K->174629K(175104K)] 240172K->194562K(251392K), [Metaspace: 4217K->4217K(1056768K)], 0.0309054 secs] [Times: user=0.20 sys=0.00, real=0.04 secs] 
43.227: Total time for which application threads were stopped: 0.0310370 seconds
43.231: [Full GC (Ergonomics) [PSYoungGen: 65536K->19913K(76288K)] [ParOldGen: 174629K->174648K(175104K)] 240165K->194562K(251392K), [Metaspace: 4217K->4217K(1056768K)], 0.0324078 secs] [Times: user=0.22 sys=0.00, real=0.03 secs] 
43.263: Total time for which application threads were stopped: 0.0325216 seconds
43.267: [Full GC (Ergonomics) [PSYoungGen: 65536K->19930K(76288K)] [ParOldGen: 174648K->174631K(175104K)] 240184K->194562K(251392K), [Metaspace: 4217K->4217K(1056768K)], 0.0324771 secs] [Times: user=0.22 sys=0.00, real=0.03 secs] 
43.299: Total time for which application threads were stopped: 0.0325919 seconds
43.303: [Full GC (Ergonomics) [PSYoungGen: 65536K->19927K(76288K)] [ParOldGen: 174631K->174634K(175104K)] 240167K->194562K(251392K), [Metaspace: 4217K->4217K(1056768K)], 0.0316977 secs] [Times: user=0.21 sys=0.01, real=0.03 secs] 
43.334: Total time for which application threads were stopped: 0.0318157 seconds
43.338: [Full GC (Ergonomics) [PSYoungGen: 65536K->19926K(76288K)] [ParOldGen: 174634K->174635K(175104K)] 240170K->194562K(251392K), [Metaspace: 4217K->4217K(1056768K)], 0.0325508 secs] [Times: user=0.21 sys=0.00, real=0.03 secs] 
43.370: Total time for which application threads were stopped: 0.0326648 seconds
43.374: [Full GC (Ergonomics) [PSYoungGen: 65536K->19924K(76288K)] [ParOldGen: 174635K->174637K(175104K)] 240171K->194562K(251392K), [Metaspace: 4217K->4217K(1056768K)], 0.0332784 secs] [Times: user=0.21 sys=0.00, real=0.04 secs] 
43.407: Total time for which application threads were stopped: 0.0333963 seconds
43.411: [Full GC (Ergonomics) [PSYoungGen: 65536K->19933K(76288K)] [ParOldGen: 174637K->174628K(175104K)] 240173K->194562K(251392K), [Metaspace: 4217K->4217K(1056768K)], 0.0326840 secs] [Times: user=0.22 sys=0.00, real=0.03 secs] 
43.443: Total time for which application threads were stopped: 0.0328137 seconds
43.447: [Full GC (Ergonomics) [PSYoungGen: 65536K->19919K(76288K)] [ParOldGen: 174628K->174642K(175104K)] 240164K->194562K(251392K), [Metaspace: 4217K->4217K(1056768K)], 0.0323341 secs] [Times: user=0.23 sys=0.00, real=0.03 secs] 
43.479: Total time for which application threads were stopped: 0.0324676 seconds
43.483: [Full GC (Ergonomics) [PSYoungGen: 65536K->19940K(76288K)] [ParOldGen: 174642K->174621K(175104K)] 240178K->194562K(251392K), [Metaspace: 4217K->4217K(1056768K)], 0.0318744 secs] [Times: user=0.22 sys=0.00, real=0.03 secs] 
43.515: Total time for which application threads were stopped: 0.0320056 seconds
43.518: [Full GC (Ergonomics) [PSYoungGen: 65536K->19929K(76288K)] [ParOldGen: 174621K->174632K(175104K)] 240157K->194562K(251392K), [Metaspace: 4217K->4217K(1056768K)], 0.0320483 secs] [Times: user=0.22 sys=0.00, real=0.03 secs] 
43.550: Total time for which application threads were stopped: 0.0321808 seconds
43.554: [Full GC (Ergonomics) [PSYoungGen: 65536K->19934K(76288K)] [ParOldGen: 174632K->174628K(175104K)] 240168K->194562K(251392K), [Metaspace: 4217K->4217K(1056768K)], 0.0327460 secs] [Times: user=0.22 sys=0.01, real=0.04 secs] 
43.587: Total time for which application threads were stopped: 0.0328873 seconds
43.590: [Full GC (Ergonomics) [PSYoungGen: 65536K->19925K(76288K)] [ParOldGen: 174628K->174636K(175104K)] 240164K->194562K(251392K), [Metaspace: 4217K->4217K(1056768K)], 0.0331736 secs] [Times: user=0.23 sys=0.00, real=0.03 secs] 
43.623: Total time for which application threads were stopped: 0.0333205 seconds
43.627: [Full GC (Ergonomics) [PSYoungGen: 65536K->19928K(76288K)] [ParOldGen: 174636K->174633K(175104K)] 240172K->194562K(251392K), [Metaspace: 4217K->4217K(1056768K)], 0.0332036 secs] [Times: user=0.22 sys=0.00, real=0.03 secs] 
43.660: Total time for which application threads were stopped: 0.0333140 seconds
43.663: [Full GC (Ergonomics) [PSYoungGen: 65536K->19922K(76288K)] [ParOldGen: 174633K->174639K(175104K)] 240169K->194562K(251392K), [Metaspace: 4217K->4217K(1056768K)], 0.0326949 secs] [Times: user=0.23 sys=0.00, real=0.03 secs] 
43.696: Total time for which application threads were stopped: 0.0328071 seconds
43.700: [Full GC (Ergonomics) [PSYoungGen: 65536K->19941K(76288K)] [ParOldGen: 174639K->174620K(175104K)] 240175K->194562K(251392K), [Metaspace: 4217K->4217K(1056768K)], 0.0329453 secs] [Times: user=0.22 sys=0.00, real=0.03 secs] 
43.733: Total time for which application threads were stopped: 0.0330656 seconds
43.736: [Full GC (Ergonomics) [PSYoungGen: 65536K->19919K(76288K)] [ParOldGen: 174620K->174642K(175104K)] 240156K->194562K(251392K), [Metaspace: 4217K->4217K(1056768K)], 0.0328982 secs] [Times: user=0.23 sys=0.00, real=0.04 secs] 
43.769: Total time for which application threads were stopped: 0.0330452 seconds
43.772: [Full GC (Ergonomics) [PSYoungGen: 65536K->19917K(76288K)] [ParOldGen: 174642K->174644K(175104K)] 240178K->194562K(251392K), [Metaspace: 4217K->4217K(1056768K)], 0.0330745 secs] [Times: user=0.24 sys=0.01, real=0.03 secs] 
43.806: Total time for which application threads were stopped: 0.0332175 seconds
43.809: [Full GC (Ergonomics) [PSYoungGen: 65536K->19940K(76288K)] [ParOldGen: 174644K->174621K(175104K)] 240180K->194562K(251392K), [Metaspace: 4217K->4217K(1056768K)], 0.0323934 secs] [Times: user=0.21 sys=0.00, real=0.03 secs] 
43.841: Total time for which application threads were stopped: 0.0325066 seconds
43.845: [Full GC (Ergonomics) [PSYoungGen: 65536K->19926K(76288K)] [ParOldGen: 174621K->174635K(175104K)] 240157K->194562K(251392K), [Metaspace: 4217K->4217K(1056768K)], 0.0327024 secs] [Times: user=0.20 sys=0.00, real=0.04 secs] 
43.878: Total time for which application threads were stopped: 0.0328296 seconds
43.881: [Full GC (Ergonomics) [PSYoungGen: 65536K->19926K(76288K)] [ParOldGen: 174635K->174635K(175104K)] 240171K->194562K(251392K), [Metaspace: 4217K->4217K(1056768K)], 0.0336059 secs] [Times: user=0.22 sys=0.00, real=0.03 secs] 
43.915: Total time for which application threads were stopped: 0.0337164 seconds
43.919: [Full GC (Ergonomics) [PSYoungGen: 65536K->19927K(76288K)] [ParOldGen: 174635K->174634K(175104K)] 240171K->194562K(251392K), [Metaspace: 4217K->4217K(1056768K)], 0.0324537 secs] [Times: user=0.23 sys=0.00, real=0.03 secs] 
43.951: Total time for which application threads were stopped: 0.0326194 seconds
43.955: [Full GC (Ergonomics) [PSYoungGen: 65536K->19927K(76288K)] [ParOldGen: 174634K->174634K(175104K)] 240170K->194562K(251392K), [Metaspace: 4217K->4217K(1056768K)], 0.0324578 secs] [Times: user=0.22 sys=0.00, real=0.04 secs] 
43.987: Total time for which application threads were stopped: 0.0325781 seconds
43.991: [Full GC (Ergonomics) [PSYoungGen: 65536K->19923K(76288K)] [ParOldGen: 174634K->174638K(175104K)] 240170K->194562K(251392K), [Metaspace: 4217K->4217K(1056768K)], 0.0324534 secs] [Times: user=0.22 sys=0.01, real=0.03 secs] 
44.023: Total time for which application threads were stopped: 0.0325594 seconds
44.026: [Full GC (Ergonomics) [PSYoungGen: 65536K->19938K(76288K)] [ParOldGen: 174638K->174623K(175104K)] 240174K->194562K(251392K), [Metaspace: 4217K->4217K(1056768K)], 0.0314305 secs] [Times: user=0.21 sys=0.00, real=0.04 secs] 
44.058: Total time for which application threads were stopped: 0.0315725 seconds
44.061: [Full GC (Ergonomics) [PSYoungGen: 65536K->19925K(76288K)] [ParOldGen: 174623K->174636K(175104K)] 240159K->194562K(251392K), [Metaspace: 4217K->4217K(1056768K)], 0.0325520 secs] [Times: user=0.22 sys=0.00, real=0.03 secs] 
44.094: Total time for which application threads were stopped: 0.0326648 seconds
44.097: [Full GC (Ergonomics) [PSYoungGen: 65536K->19920K(76288K)] [ParOldGen: 174636K->174642K(175104K)] 240172K->194562K(251392K), [Metaspace: 4217K->4217K(1056768K)], 0.0327630 secs] [Times: user=0.21 sys=0.00, real=0.03 secs] 
44.130: Total time for which application threads were stopped: 0.0328570 seconds
44.134: [Full GC (Ergonomics) [PSYoungGen: 65536K->19936K(76288K)] [ParOldGen: 174642K->174625K(175104K)] 240178K->194562K(251392K), [Metaspace: 4217K->4217K(1056768K)], 0.0319861 secs] [Times: user=0.22 sys=0.00, real=0.03 secs] 
44.166: Total time for which application threads were stopped: 0.0321315 seconds
44.169: [Full GC (Ergonomics) [PSYoungGen: 65536K->19931K(76288K)] [ParOldGen: 174625K->174630K(175104K)] 240161K->194562K(251392K), [Metaspace: 4217K->4217K(1056768K)], 0.0331933 secs] [Times: user=0.23 sys=0.00, real=0.03 secs] 
44.202: Total time for which application threads were stopped: 0.0333079 seconds
44.206: [Full GC (Ergonomics) [PSYoungGen: 65536K->19936K(76288K)] [ParOldGen: 174630K->174625K(175104K)] 240166K->194562K(251392K), [Metaspace: 4217K->4217K(1056768K)], 0.0324727 secs] [Times: user=0.23 sys=0.00, real=0.04 secs] 
44.238: Total time for which application threads were stopped: 0.0325951 seconds
44.242: [Full GC (Ergonomics) [PSYoungGen: 65536K->19924K(76288K)] [ParOldGen: 174625K->174637K(175104K)] 240161K->194562K(251392K), [Metaspace: 4217K->4217K(1056768K)], 0.0306080 secs] [Times: user=0.19 sys=0.01, real=0.03 secs] 
44.272: Total time for which application threads were stopped: 0.0307212 seconds
44.276: [Full GC (Ergonomics) [PSYoungGen: 65536K->19934K(76288K)] [ParOldGen: 174637K->174627K(175104K)] 240173K->194562K(251392K), [Metaspace: 4217K->4217K(1056768K)], 0.0325169 secs] [Times: user=0.20 sys=0.00, real=0.04 secs] 
44.309: Total time for which application threads were stopped: 0.0326295 seconds
44.312: [Full GC (Ergonomics) [PSYoungGen: 65536K->19931K(76288K)] [ParOldGen: 174627K->174630K(175104K)] 240163K->194562K(251392K), [Metaspace: 4217K->4217K(1056768K)], 0.0319445 secs] [Times: user=0.21 sys=0.00, real=0.03 secs] 
44.344: Total time for which application threads were stopped: 0.0320787 seconds
44.348: [Full GC (Ergonomics) [PSYoungGen: 65536K->19928K(76288K)] [ParOldGen: 174630K->174633K(175104K)] 240166K->194562K(251392K), [Metaspace: 4217K->4217K(1056768K)], 0.0330417 secs] [Times: user=0.22 sys=0.00, real=0.03 secs] 
44.381: Total time for which application threads were stopped: 0.0331743 seconds
44.384: [Full GC (Ergonomics) [PSYoungGen: 65536K->19938K(76288K)] [ParOldGen: 174633K->174623K(175104K)] 240169K->194562K(251392K), [Metaspace: 4217K->4217K(1056768K)], 0.0323186 secs] [Times: user=0.21 sys=0.00, real=0.03 secs] 
44.416: Total time for which application threads were stopped: 0.0324272 seconds
44.420: [Full GC (Ergonomics) [PSYoungGen: 65536K->19928K(76288K)] [ParOldGen: 174623K->174633K(175104K)] 240159K->194562K(251392K), [Metaspace: 4217K->4217K(1056768K)], 0.0306877 secs] [Times: user=0.17 sys=0.00, real=0.03 secs] 
44.451: Total time for which application threads were stopped: 0.0307955 seconds
44.454: [Full GC (Ergonomics) [PSYoungGen: 65536K->19930K(76288K)] [ParOldGen: 174633K->174631K(175104K)] 240169K->194562K(251392K), [Metaspace: 4217K->4217K(1056768K)], 0.0306729 secs] [Times: user=0.21 sys=0.00, real=0.03 secs] 
44.485: Total time for which application threads were stopped: 0.0307829 seconds
44.488: [Full GC (Ergonomics) [PSYoungGen: 65536K->19924K(76288K)] [ParOldGen: 174631K->174637K(175104K)] 240167K->194562K(251392K), [Metaspace: 4217K->4217K(1056768K)], 0.0320218 secs] [Times: user=0.18 sys=0.00, real=0.03 secs] 
44.520: Total time for which application threads were stopped: 0.0321534 seconds
44.524: [Full GC (Ergonomics) [PSYoungGen: 65536K->19928K(76288K)] [ParOldGen: 174637K->174633K(175104K)] 240173K->194562K(251392K), [Metaspace: 4217K->4217K(1056768K)], 0.0301182 secs] [Times: user=0.20 sys=0.01, real=0.03 secs] 
44.554: Total time for which application threads were stopped: 0.0302507 seconds
44.558: [Full GC (Ergonomics) [PSYoungGen: 65536K->19918K(76288K)] [ParOldGen: 174633K->174643K(175104K)] 240169K->194562K(251392K), [Metaspace: 4217K->4217K(1056768K)], 0.0321911 secs] [Times: user=0.21 sys=0.00, real=0.03 secs] 
44.590: Total time for which application threads were stopped: 0.0323260 seconds
44.593: [Full GC (Ergonomics) [PSYoungGen: 65536K->19923K(76288K)] [ParOldGen: 174643K->174638K(175104K)] 240179K->194562K(251392K), [Metaspace: 4217K->4217K(1056768K)], 0.0319673 secs] [Times: user=0.21 sys=0.00, real=0.03 secs] 
44.625: Total time for which application threads were stopped: 0.0320902 seconds
44.629: [Full GC (Ergonomics) [PSYoungGen: 65536K->19931K(76288K)] [ParOldGen: 174638K->174630K(175104K)] 240174K->194562K(251392K), [Metaspace: 4217K->4217K(1056768K)], 0.0328640 secs] [Times: user=0.21 sys=0.00, real=0.03 secs] 
44.661: Total time for which application threads were stopped: 0.0329750 seconds
44.665: [Full GC (Ergonomics) [PSYoungGen: 65536K->19929K(76288K)] [ParOldGen: 174630K->174632K(175104K)] 240166K->194562K(251392K), [Metaspace: 4217K->4217K(1056768K)], 0.0327840 secs] [Times: user=0.20 sys=0.00, real=0.04 secs] 
44.698: Total time for which application threads were stopped: 0.0329195 seconds
44.701: [Full GC (Ergonomics) [PSYoungGen: 65536K->19920K(76288K)] [ParOldGen: 174632K->174641K(175104K)] 240168K->194562K(251392K), [Metaspace: 4217K->4217K(1056768K)], 0.0321911 secs] [Times: user=0.22 sys=0.00, real=0.03 secs] 
44.734: Total time for which application threads were stopped: 0.0323084 seconds
44.737: [Full GC (Ergonomics) [PSYoungGen: 65536K->19936K(76288K)] [ParOldGen: 174641K->174626K(175104K)] 240177K->194562K(251392K), [Metaspace: 4217K->4217K(1056768K)], 0.0323702 secs] [Times: user=0.19 sys=0.00, real=0.03 secs] 
44.769: Total time for which application threads were stopped: 0.0325027 seconds
44.773: [Full GC (Ergonomics) [PSYoungGen: 65536K->19922K(76288K)] [ParOldGen: 174626K->174639K(175104K)] 240162K->194562K(251392K), [Metaspace: 4217K->4217K(1056768K)], 0.0318905 secs] [Times: user=0.21 sys=0.00, real=0.03 secs] 
44.805: Total time for which application threads were stopped: 0.0320163 seconds
44.808: [Full GC (Ergonomics) [PSYoungGen: 65536K->19931K(76288K)] [ParOldGen: 174639K->174630K(175104K)] 240175K->194562K(251392K), [Metaspace: 4217K->4217K(1056768K)], 0.0316589 secs] [Times: user=0.21 sys=0.01, real=0.03 secs] 
44.840: Total time for which application threads were stopped: 0.0317664 seconds
44.843: [Full GC (Ergonomics) [PSYoungGen: 65536K->19931K(76288K)] [ParOldGen: 174630K->174630K(175104K)] 240166K->194562K(251392K), [Metaspace: 4217K->4217K(1056768K)], 0.0324839 secs] [Times: user=0.22 sys=0.00, real=0.03 secs] 
44.876: Total time for which application threads were stopped: 0.0326154 seconds
44.879: [Full GC (Ergonomics) [PSYoungGen: 65536K->19931K(76288K)] [ParOldGen: 174630K->174630K(175104K)] 240166K->194562K(251392K), [Metaspace: 4217K->4217K(1056768K)], 0.0318149 secs] [Times: user=0.22 sys=0.00, real=0.03 secs] 
44.911: Total time for which application threads were stopped: 0.0319382 seconds
44.914: [Full GC (Ergonomics) [PSYoungGen: 65536K->19931K(76288K)] [ParOldGen: 174630K->174630K(175104K)] 240166K->194562K(251392K), [Metaspace: 4217K->4217K(1056768K)], 0.0310509 secs] [Times: user=0.21 sys=0.00, real=0.03 secs] 
44.945: Total time for which application threads were stopped: 0.0311970 seconds
44.949: [Full GC (Ergonomics) [PSYoungGen: 65536K->19939K(76288K)] [ParOldGen: 174630K->174622K(175104K)] 240166K->194562K(251392K), [Metaspace: 4217K->4217K(1056768K)], 0.0326695 secs] [Times: user=0.22 sys=0.00, real=0.03 secs] 
44.981: Total time for which application threads were stopped: 0.0328027 seconds
44.985: [Full GC (Ergonomics) [PSYoungGen: 65536K->19930K(76288K)] [ParOldGen: 174622K->174631K(175104K)] 240158K->194562K(251392K), [Metaspace: 4217K->4217K(1056768K)], 0.0322535 secs] [Times: user=0.21 sys=0.00, real=0.04 secs] 
45.017: Total time for which application threads were stopped: 0.0323650 seconds
45.020: [Full GC (Ergonomics) [PSYoungGen: 65536K->19931K(76288K)] [ParOldGen: 174631K->174630K(175104K)] 240167K->194562K(251392K), [Metaspace: 4217K->4217K(1056768K)], 0.0307446 secs] [Times: user=0.21 sys=0.00, real=0.03 secs] 
45.051: Total time for which application threads were stopped: 0.0308645 seconds
45.055: [Full GC (Ergonomics) [PSYoungGen: 65536K->19929K(76288K)] [ParOldGen: 174630K->174632K(175104K)] 240166K->194562K(251392K), [Metaspace: 4217K->4217K(1056768K)], 0.0324302 secs] [Times: user=0.23 sys=0.01, real=0.04 secs] 
45.087: Total time for which application threads were stopped: 0.0325462 seconds
45.091: [Full GC (Ergonomics) [PSYoungGen: 65536K->19928K(76288K)] [ParOldGen: 174632K->174633K(175104K)] 240168K->194562K(251392K), [Metaspace: 4217K->4217K(1056768K)], 0.0291534 secs] [Times: user=0.19 sys=0.00, real=0.03 secs] 
45.120: Total time for which application threads were stopped: 0.0292904 seconds
45.124: [Full GC (Ergonomics) [PSYoungGen: 65536K->19923K(76288K)] [ParOldGen: 174633K->174638K(175104K)] 240169K->194562K(251392K), [Metaspace: 4217K->4217K(1056768K)], 0.0319056 secs] [Times: user=0.22 sys=0.00, real=0.03 secs] 
45.156: Total time for which application threads were stopped: 0.0320566 seconds
45.159: [Full GC (Ergonomics) [PSYoungGen: 65536K->19929K(76288K)] [ParOldGen: 174638K->174632K(175104K)] 240174K->194562K(251392K), [Metaspace: 4217K->4217K(1056768K)], 0.0322468 secs] [Times: user=0.22 sys=0.00, real=0.03 secs] 
45.192: Total time for which application threads were stopped: 0.0323430 seconds
45.195: [Full GC (Ergonomics) [PSYoungGen: 65536K->19926K(76288K)] [ParOldGen: 174632K->174635K(175104K)] 240168K->194562K(251392K), [Metaspace: 4217K->4217K(1056768K)], 0.0326194 secs] [Times: user=0.22 sys=0.00, real=0.04 secs] 
45.228: Total time for which application threads were stopped: 0.0327226 seconds
45.231: [Full GC (Ergonomics) [PSYoungGen: 65536K->19939K(76288K)] [ParOldGen: 174635K->174622K(175104K)] 240171K->194562K(251392K), [Metaspace: 4217K->4217K(1056768K)], 0.0329327 secs] [Times: user=0.22 sys=0.00, real=0.03 secs] 
45.264: Total time for which application threads were stopped: 0.0331006 seconds
45.268: [Full GC (Ergonomics) [PSYoungGen: 65536K->19934K(76288K)] [ParOldGen: 174622K->174627K(175104K)] 240158K->194562K(251392K), [Metaspace: 4217K->4217K(1056768K)], 0.0329846 secs] [Times: user=0.21 sys=0.00, real=0.03 secs] 
45.301: Total time for which application threads were stopped: 0.0331500 seconds
45.305: [Full GC (Ergonomics) [PSYoungGen: 65536K->19929K(76288K)] [ParOldGen: 174627K->174632K(175104K)] 240163K->194562K(251392K), [Metaspace: 4217K->4217K(1056768K)], 0.0329915 secs] [Times: user=0.21 sys=0.01, real=0.04 secs] 
45.338: Total time for which application threads were stopped: 0.0331161 seconds
45.341: [Full GC (Ergonomics) [PSYoungGen: 65536K->19923K(76288K)] [ParOldGen: 174632K->174638K(175104K)] 240168K->194562K(251392K), [Metaspace: 4217K->4217K(1056768K)], 0.0322192 secs] [Times: user=0.22 sys=0.00, real=0.03 secs] 
45.373: Total time for which application threads were stopped: 0.0323276 seconds
45.377: [Full GC (Ergonomics) [PSYoungGen: 65536K->19935K(76288K)] [ParOldGen: 174638K->174626K(175104K)] 240174K->194562K(251392K), [Metaspace: 4217K->4217K(1056768K)], 0.0323140 secs] [Times: user=0.18 sys=0.00, real=0.03 secs] 
45.409: Total time for which application threads were stopped: 0.0324356 seconds
45.413: [Full GC (Ergonomics) [PSYoungGen: 65536K->19924K(76288K)] [ParOldGen: 174626K->174637K(175104K)] 240162K->194562K(251392K), [Metaspace: 4217K->4217K(1056768K)], 0.0320151 secs] [Times: user=0.22 sys=0.00, real=0.03 secs] 
45.445: Total time for which application threads were stopped: 0.0321454 seconds
45.448: [Full GC (Ergonomics) [PSYoungGen: 65536K->19927K(76288K)] [ParOldGen: 174637K->174634K(175104K)] 240173K->194562K(251392K), [Metaspace: 4217K->4217K(1056768K)], 0.0325018 secs] [Times: user=0.23 sys=0.00, real=0.03 secs] 
45.481: Total time for which application threads were stopped: 0.0326339 seconds
45.484: [Full GC (Ergonomics) [PSYoungGen: 65536K->19930K(76288K)] [ParOldGen: 174634K->174631K(175104K)] 240170K->194562K(251392K), [Metaspace: 4217K->4217K(1056768K)], 0.0329243 secs] [Times: user=0.22 sys=0.00, real=0.04 secs] 
45.517: Total time for which application threads were stopped: 0.0330244 seconds
45.521: [Full GC (Ergonomics) [PSYoungGen: 65536K->19929K(76288K)] [ParOldGen: 174631K->174632K(175104K)] 240167K->194562K(251392K), [Metaspace: 4217K->4217K(1056768K)], 0.0317746 secs] [Times: user=0.21 sys=0.00, real=0.03 secs] 
45.553: Total time for which application threads were stopped: 0.0318765 seconds
45.556: [Full GC (Ergonomics) [PSYoungGen: 65536K->19935K(76288K)] [ParOldGen: 174632K->174626K(175104K)] 240168K->194562K(251392K), [Metaspace: 4217K->4217K(1056768K)], 0.0320215 secs] [Times: user=0.22 sys=0.00, real=0.04 secs] 
45.588: Total time for which application threads were stopped: 0.0321407 seconds
45.592: [Full GC (Ergonomics) [PSYoungGen: 65536K->19933K(76288K)] [ParOldGen: 174626K->174628K(175104K)] 240162K->194562K(251392K), [Metaspace: 4217K->4217K(1056768K)], 0.0320467 secs] [Times: user=0.22 sys=0.01, real=0.03 secs] 
45.624: Total time for which application threads were stopped: 0.0321540 seconds
45.627: [Full GC (Ergonomics) [PSYoungGen: 65536K->19930K(76288K)] [ParOldGen: 174628K->174631K(175104K)] 240164K->194562K(251392K), [Metaspace: 4217K->4217K(1056768K)], 0.0332381 secs] [Times: user=0.20 sys=0.00, real=0.03 secs] 
45.660: Total time for which application threads were stopped: 0.0333504 seconds
45.664: [Full GC (Ergonomics) [PSYoungGen: 65536K->19930K(76288K)] [ParOldGen: 174631K->174631K(175104K)] 240167K->194562K(251392K), [Metaspace: 4217K->4217K(1056768K)], 0.0325069 secs] [Times: user=0.21 sys=0.00, real=0.03 secs] 
45.696: Total time for which application threads were stopped: 0.0326381 seconds
45.700: [Full GC (Ergonomics) [PSYoungGen: 65536K->19926K(76288K)] [ParOldGen: 174631K->174635K(175104K)] 240167K->194562K(251392K), [Metaspace: 4217K->4217K(1056768K)], 0.0321969 secs] [Times: user=0.23 sys=0.00, real=0.03 secs] 
45.732: Total time for which application threads were stopped: 0.0323430 seconds
45.735: [Full GC (Ergonomics) [PSYoungGen: 65536K->19926K(76288K)] [ParOldGen: 174635K->174635K(175104K)] 240171K->194562K(251392K), [Metaspace: 4217K->4217K(1056768K)], 0.0313435 secs] [Times: user=0.20 sys=0.00, real=0.04 secs] 
45.767: Total time for which application threads were stopped: 0.0314546 seconds
45.770: [Full GC (Ergonomics) [PSYoungGen: 65536K->19929K(76288K)] [ParOldGen: 174635K->174632K(175104K)] 240171K->194562K(251392K), [Metaspace: 4217K->4217K(1056768K)], 0.0328120 secs] [Times: user=0.21 sys=0.00, real=0.03 secs] 
45.803: Total time for which application threads were stopped: 0.0329317 seconds
45.807: [Full GC (Ergonomics) [PSYoungGen: 65536K->19932K(76288K)] [ParOldGen: 174632K->174629K(175104K)] 240168K->194562K(251392K), [Metaspace: 4217K->4217K(1056768K)], 0.0322711 secs] [Times: user=0.22 sys=0.00, real=0.03 secs] 
45.839: Total time for which application threads were stopped: 0.0323668 seconds
45.842: [Full GC (Ergonomics) [PSYoungGen: 65536K->19927K(76288K)] [ParOldGen: 174629K->174634K(175104K)] 240165K->194562K(251392K), [Metaspace: 4217K->4217K(1056768K)], 0.0331660 secs] [Times: user=0.22 sys=0.01, real=0.03 secs] 
45.876: Total time for which application threads were stopped: 0.0332818 seconds
45.879: [Full GC (Ergonomics) [PSYoungGen: 65536K->19933K(76288K)] [ParOldGen: 174634K->174628K(175104K)] 240170K->194562K(251392K), [Metaspace: 4217K->4217K(1056768K)], 0.0317189 secs] [Times: user=0.19 sys=0.00, real=0.03 secs] 
45.911: Total time for which application threads were stopped: 0.0318498 seconds
45.914: [Full GC (Ergonomics) [PSYoungGen: 65536K->19929K(76288K)] [ParOldGen: 174628K->174632K(175104K)] 240164K->194562K(251392K), [Metaspace: 4217K->4217K(1056768K)], 0.0306404 secs] [Times: user=0.20 sys=0.00, real=0.03 secs] 
45.945: Total time for which application threads were stopped: 0.0307743 seconds
45.948: [Full GC (Ergonomics) [PSYoungGen: 65536K->19924K(76288K)] [ParOldGen: 174632K->174637K(175104K)] 240168K->194562K(251392K), [Metaspace: 4217K->4217K(1056768K)], 0.0328202 secs] [Times: user=0.23 sys=0.00, real=0.03 secs] 
45.981: Total time for which application threads were stopped: 0.0329378 seconds
45.984: [Full GC (Ergonomics) [PSYoungGen: 65536K->19924K(76288K)] [ParOldGen: 174637K->174637K(175104K)] 240173K->194562K(251392K), [Metaspace: 4217K->4217K(1056768K)], 0.0326617 secs] [Times: user=0.21 sys=0.00, real=0.04 secs] 
46.017: Total time for which application threads were stopped: 0.0328050 seconds
46.021: [Full GC (Ergonomics) [PSYoungGen: 65536K->19920K(76288K)] [ParOldGen: 174637K->174641K(175104K)] 240173K->194562K(251392K), [Metaspace: 4217K->4217K(1056768K)], 0.0322644 secs] [Times: user=0.20 sys=0.01, real=0.03 secs] 
46.053: Total time for which application threads were stopped: 0.0323969 seconds
46.056: [Full GC (Ergonomics) [PSYoungGen: 65536K->19922K(76288K)] [ParOldGen: 174641K->174639K(175104K)] 240177K->194562K(251392K), [Metaspace: 4217K->4217K(1056768K)], 0.0313832 secs] [Times: user=0.20 sys=0.00, real=0.04 secs] 
46.088: Total time for which application threads were stopped: 0.0315247 seconds
46.091: [Full GC (Ergonomics) [PSYoungGen: 65536K->19927K(76288K)] [ParOldGen: 174639K->174634K(175104K)] 240175K->194562K(251392K), [Metaspace: 4217K->4217K(1056768K)], 0.0326302 secs] [Times: user=0.22 sys=0.00, real=0.03 secs] 
46.124: Total time for which application threads were stopped: 0.0327654 seconds
46.127: [Full GC (Ergonomics) [PSYoungGen: 65536K->19923K(76288K)] [ParOldGen: 174634K->174638K(175104K)] 240170K->194562K(251392K), [Metaspace: 4217K->4217K(1056768K)], 0.0308906 secs] [Times: user=0.21 sys=0.00, real=0.03 secs] 
46.158: Total time for which application threads were stopped: 0.0310482 seconds
46.162: [Full GC (Ergonomics) [PSYoungGen: 65536K->19931K(76288K)] [ParOldGen: 174638K->174630K(175104K)] 240174K->194562K(251392K), [Metaspace: 4217K->4217K(1056768K)], 0.0328432 secs] [Times: user=0.22 sys=0.00, real=0.03 secs] 
46.195: Total time for which application threads were stopped: 0.0329762 seconds
46.198: [Full GC (Ergonomics) [PSYoungGen: 65536K->19922K(76288K)] [ParOldGen: 174630K->174639K(175104K)] 240166K->194562K(251392K), [Metaspace: 4217K->4217K(1056768K)], 0.0327620 secs] [Times: user=0.23 sys=0.00, real=0.03 secs] 
46.231: Total time for which application threads were stopped: 0.0328957 seconds
46.235: [Full GC (Ergonomics) [PSYoungGen: 65536K->19925K(76288K)] [ParOldGen: 174639K->174636K(175104K)] 240175K->194562K(251392K), [Metaspace: 4217K->4217K(1056768K)], 0.0326364 secs] [Times: user=0.22 sys=0.00, real=0.04 secs] 
46.267: Total time for which application threads were stopped: 0.0327670 seconds
46.271: [Full GC (Ergonomics) [PSYoungGen: 65536K->19936K(76288K)] [ParOldGen: 174636K->174625K(175104K)] 240172K->194562K(251392K), [Metaspace: 4217K->4217K(1056768K)], 0.0306670 secs] [Times: user=0.19 sys=0.01, real=0.03 secs] 
46.302: Total time for which application threads were stopped: 0.0308057 seconds
46.305: [Full GC (Ergonomics) [PSYoungGen: 65536K->19929K(76288K)] [ParOldGen: 174625K->174632K(175104K)] 240161K->194562K(251392K), [Metaspace: 4217K->4217K(1056768K)], 0.0337115 secs] [Times: user=0.19 sys=0.00, real=0.04 secs] 
46.339: Total time for which application threads were stopped: 0.0338452 seconds
46.343: [Full GC (Ergonomics) [PSYoungGen: 65536K->19927K(76288K)] [ParOldGen: 174632K->174634K(175104K)] 240168K->194562K(251392K), [Metaspace: 4217K->4217K(1056768K)], 0.0333966 secs] [Times: user=0.18 sys=0.00, real=0.03 secs] 
46.376: Total time for which application threads were stopped: 0.0335239 seconds
46.381: [Full GC (Ergonomics) [PSYoungGen: 65536K->19939K(76288K)] [ParOldGen: 174634K->174622K(175104K)] 240170K->194562K(251392K), [Metaspace: 4217K->4217K(1056768K)], 0.0349889 secs] [Times: user=0.21 sys=0.00, real=0.03 secs] 
46.416: Total time for which application threads were stopped: 0.0351333 seconds
46.420: [Full GC (Ergonomics) [PSYoungGen: 65536K->19924K(76288K)] [ParOldGen: 174622K->174637K(175104K)] 240158K->194562K(251392K), [Metaspace: 4217K->4217K(1056768K)], 0.0359462 secs] [Times: user=0.19 sys=0.00, real=0.03 secs] 
46.456: Total time for which application threads were stopped: 0.0360984 seconds
46.460: [Full GC (Ergonomics) [PSYoungGen: 65536K->19926K(76288K)] [ParOldGen: 174637K->174635K(175104K)] 240173K->194562K(251392K), [Metaspace: 4217K->4217K(1056768K)], 0.0325581 secs] [Times: user=0.21 sys=0.01, real=0.03 secs] 
46.492: Total time for which application threads were stopped: 0.0326622 seconds
46.496: [Full GC (Ergonomics) [PSYoungGen: 65536K->19925K(76288K)] [ParOldGen: 174635K->174636K(175104K)] 240171K->194562K(251392K), [Metaspace: 4217K->4217K(1056768K)], 0.0325171 secs] [Times: user=0.21 sys=0.00, real=0.04 secs] 
46.528: Total time for which application threads were stopped: 0.0326307 seconds
46.532: [Full GC (Ergonomics) [PSYoungGen: 65536K->19929K(76288K)] [ParOldGen: 174636K->174632K(175104K)] 240172K->194562K(251392K), [Metaspace: 4217K->4217K(1056768K)], 0.0325158 secs] [Times: user=0.24 sys=0.00, real=0.03 secs] 
46.564: Total time for which application threads were stopped: 0.0326475 seconds
46.568: [Full GC (Ergonomics) [PSYoungGen: 65536K->19929K(76288K)] [ParOldGen: 174632K->174632K(175104K)] 240168K->194562K(251392K), [Metaspace: 4217K->4217K(1056768K)], 0.0312060 secs] [Times: user=0.19 sys=0.00, real=0.03 secs] 
46.599: Total time for which application threads were stopped: 0.0313249 seconds
46.602: [Full GC (Ergonomics) [PSYoungGen: 65536K->19927K(76288K)] [ParOldGen: 174632K->174634K(175104K)] 240168K->194562K(251392K), [Metaspace: 4217K->4217K(1056768K)], 0.0317708 secs] [Times: user=0.21 sys=0.00, real=0.03 secs] 
46.634: Total time for which application threads were stopped: 0.0318885 seconds
46.638: [Full GC (Ergonomics) [PSYoungGen: 65536K->19932K(76288K)] [ParOldGen: 174634K->174629K(175104K)] 240170K->194562K(251392K), [Metaspace: 4217K->4217K(1056768K)], 0.0328247 secs] [Times: user=0.23 sys=0.00, real=0.03 secs] 
46.671: Total time for which application threads were stopped: 0.0329387 seconds
46.674: [Full GC (Ergonomics) [PSYoungGen: 65536K->19928K(76288K)] [ParOldGen: 174629K->174633K(175104K)] 240165K->194562K(251392K), [Metaspace: 4217K->4217K(1056768K)], 0.0325451 secs] [Times: user=0.19 sys=0.01, real=0.04 secs] 
46.707: Total time for which application threads were stopped: 0.0326720 seconds
46.710: [Full GC (Ergonomics) [PSYoungGen: 65536K->19932K(76288K)] [ParOldGen: 174633K->174629K(175104K)] 240169K->194562K(251392K), [Metaspace: 4217K->4217K(1056768K)], 0.0309519 secs] [Times: user=0.20 sys=0.00, real=0.03 secs] 
46.741: Total time for which application threads were stopped: 0.0310641 seconds
46.745: [Full GC (Ergonomics) [PSYoungGen: 65536K->19928K(76288K)] [ParOldGen: 174629K->174633K(175104K)] 240165K->194562K(251392K), [Metaspace: 4217K->4217K(1056768K)], 0.0318183 secs] [Times: user=0.21 sys=0.00, real=0.03 secs] 
46.776: Total time for which application threads were stopped: 0.0319486 seconds
46.780: [Full GC (Ergonomics) [PSYoungGen: 65536K->19925K(76288K)] [ParOldGen: 174633K->174636K(175104K)] 240169K->194562K(251392K), [Metaspace: 4217K->4217K(1056768K)], 0.0325090 secs] [Times: user=0.22 sys=0.00, real=0.03 secs] 
46.812: Total time for which application threads were stopped: 0.0326233 seconds
46.816: [Full GC (Ergonomics) [PSYoungGen: 65536K->19916K(76288K)] [ParOldGen: 174636K->174645K(175104K)] 240172K->194562K(251392K), [Metaspace: 4217K->4217K(1056768K)], 0.0324609 secs] [Times: user=0.23 sys=0.00, real=0.04 secs] 
46.848: Total time for which application threads were stopped: 0.0325534 seconds
46.852: [Full GC (Ergonomics) [PSYoungGen: 65536K->19933K(76288K)] [ParOldGen: 174645K->174628K(175104K)] 240181K->194562K(251392K), [Metaspace: 4217K->4217K(1056768K)], 0.0329494 secs] [Times: user=0.21 sys=0.00, real=0.03 secs] 
46.885: Total time for which application threads were stopped: 0.0330851 seconds
46.888: [Full GC (Ergonomics) [PSYoungGen: 65536K->19915K(76288K)] [ParOldGen: 174628K->174646K(175104K)] 240164K->194562K(251392K), [Metaspace: 4217K->4217K(1056768K)], 0.0319204 secs] [Times: user=0.20 sys=0.00, real=0.03 secs] 
46.920: Total time for which application threads were stopped: 0.0320614 seconds
46.924: [Full GC (Ergonomics) [PSYoungGen: 65536K->19928K(76288K)] [ParOldGen: 174646K->174633K(175104K)] 240182K->194562K(251392K), [Metaspace: 4217K->4217K(1056768K)], 0.0326196 secs] [Times: user=0.22 sys=0.00, real=0.03 secs] 
46.956: Total time for which application threads were stopped: 0.0327360 seconds
46.960: [Full GC (Ergonomics) [PSYoungGen: 65536K->19935K(76288K)] [ParOldGen: 174633K->174626K(175104K)] 240169K->194562K(251392K), [Metaspace: 4217K->4217K(1056768K)], 0.0325547 secs] [Times: user=0.20 sys=0.01, real=0.03 secs] 
46.992: Total time for which application threads were stopped: 0.0326647 seconds
46.996: [Full GC (Ergonomics) [PSYoungGen: 65536K->19936K(76288K)] [ParOldGen: 174626K->174625K(175104K)] 240162K->194562K(251392K), [Metaspace: 4217K->4217K(1056768K)], 0.0325591 secs] [Times: user=0.21 sys=0.00, real=0.04 secs] 
47.028: Total time for which application threads were stopped: 0.0326747 seconds
47.032: [Full GC (Ergonomics) [PSYoungGen: 65536K->19930K(76288K)] [ParOldGen: 174625K->174631K(175104K)] 240161K->194562K(251392K), [Metaspace: 4217K->4217K(1056768K)], 0.0328333 secs] [Times: user=0.22 sys=0.00, real=0.03 secs] 
47.065: Total time for which application threads were stopped: 0.0329932 seconds
47.068: [Full GC (Ergonomics) [PSYoungGen: 65536K->19927K(76288K)] [ParOldGen: 174631K->174634K(175104K)] 240167K->194562K(251392K), [Metaspace: 4217K->4217K(1056768K)], 0.0319541 secs] [Times: user=0.21 sys=0.00, real=0.03 secs] 
47.100: Total time for which application threads were stopped: 0.0320623 seconds
47.103: [Full GC (Ergonomics) [PSYoungGen: 65536K->19928K(76288K)] [ParOldGen: 174634K->174633K(175104K)] 240170K->194562K(251392K), [Metaspace: 4217K->4217K(1056768K)], 0.0320167 secs] [Times: user=0.23 sys=0.00, real=0.03 secs] 
47.136: Total time for which application threads were stopped: 0.0321446 seconds
47.139: [Full GC (Ergonomics) [PSYoungGen: 65536K->19929K(76288K)] [ParOldGen: 174633K->174632K(175104K)] 240169K->194562K(251392K), [Metaspace: 4217K->4217K(1056768K)], 0.0326401 secs] [Times: user=0.23 sys=0.00, real=0.03 secs] 
47.172: Total time for which application threads were stopped: 0.0328020 seconds
47.175: [Full GC (Ergonomics) [PSYoungGen: 65536K->19920K(76288K)] [ParOldGen: 174632K->174641K(175104K)] 240168K->194562K(251392K), [Metaspace: 4217K->4217K(1056768K)], 0.0322483 secs] [Times: user=0.21 sys=0.01, real=0.04 secs] 
47.207: Total time for which application threads were stopped: 0.0323900 seconds
47.211: [Full GC (Ergonomics) [PSYoungGen: 65536K->19934K(76288K)] [ParOldGen: 174641K->174627K(175104K)] 240177K->194562K(251392K), [Metaspace: 4217K->4217K(1056768K)], 0.0320116 secs] [Times: user=0.21 sys=0.00, real=0.03 secs] 
47.243: Total time for which application threads were stopped: 0.0321465 seconds
47.246: [Full GC (Ergonomics) [PSYoungGen: 65536K->19926K(76288K)] [ParOldGen: 174627K->174635K(175104K)] 240163K->194562K(251392K), [Metaspace: 4217K->4217K(1056768K)], 0.0327090 secs] [Times: user=0.21 sys=0.00, real=0.04 secs] 
47.279: Total time for which application threads were stopped: 0.0328313 seconds
47.283: [Full GC (Ergonomics) [PSYoungGen: 65536K->19930K(76288K)] [ParOldGen: 174635K->174631K(175104K)] 240171K->194562K(251392K), [Metaspace: 4217K->4217K(1056768K)], 0.0328434 secs] [Times: user=0.21 sys=0.00, real=0.03 secs] 
47.315: Total time for which application threads were stopped: 0.0329388 seconds
47.319: [Full GC (Ergonomics) [PSYoungGen: 65536K->19918K(76288K)] [ParOldGen: 174631K->174643K(175104K)] 240167K->194562K(251392K), [Metaspace: 4217K->4217K(1056768K)], 0.0337781 secs] [Times: user=0.20 sys=0.01, real=0.03 secs] 
47.353: Total time for which application threads were stopped: 0.0338737 seconds
47.356: [Full GC (Ergonomics) [PSYoungGen: 65536K->19925K(76288K)] [ParOldGen: 174643K->174636K(175104K)] 240179K->194562K(251392K), [Metaspace: 4217K->4217K(1056768K)], 0.0330260 secs] [Times: user=0.22 sys=0.00, real=0.04 secs] 
47.389: Total time for which application threads were stopped: 0.0331502 seconds
47.393: [Full GC (Ergonomics) [PSYoungGen: 65536K->19933K(76288K)] [ParOldGen: 174636K->174629K(175104K)] 240172K->194562K(251392K), [Metaspace: 4217K->4217K(1056768K)], 0.0323604 secs] [Times: user=0.21 sys=0.00, real=0.03 secs] 
47.425: Total time for which application threads were stopped: 0.0324959 seconds
47.429: [Full GC (Ergonomics) [PSYoungGen: 65536K->19936K(76288K)] [ParOldGen: 174629K->174625K(175104K)] 240165K->194562K(251392K), [Metaspace: 4217K->4217K(1056768K)], 0.0166313 secs] [Times: user=0.10 sys=0.00, real=0.01 secs] 
47.446: Total time for which application threads were stopped: 0.0167766 seconds
47.449: [Full GC (Ergonomics) [PSYoungGen: 65536K->19931K(76288K)] [ParOldGen: 174625K->174630K(175104K)] 240161K->194562K(251392K), [Metaspace: 4217K->4217K(1056768K)], 0.0317758 secs] [Times: user=0.20 sys=0.00, real=0.03 secs] 
47.481: Total time for which application threads were stopped: 0.0318767 seconds
47.484: [Full GC (Ergonomics) [PSYoungGen: 65536K->19927K(76288K)] [ParOldGen: 174630K->174635K(175104K)] 240166K->194562K(251392K), [Metaspace: 4217K->4217K(1056768K)], 0.0324599 secs] [Times: user=0.21 sys=0.00, real=0.04 secs] 
47.517: Total time for which application threads were stopped: 0.0325917 seconds
47.520: [Full GC (Ergonomics) [PSYoungGen: 65536K->19926K(76288K)] [ParOldGen: 174635K->174635K(175104K)] 240171K->194562K(251392K), [Metaspace: 4217K->4217K(1056768K)], 0.0307707 secs] [Times: user=0.20 sys=0.01, real=0.03 secs] 
47.551: Total time for which application threads were stopped: 0.0309143 seconds
47.554: [Full GC (Ergonomics) [PSYoungGen: 65536K->19924K(76288K)] [ParOldGen: 174635K->174637K(175104K)] 240171K->194562K(251392K), [Metaspace: 4217K->4217K(1056768K)], 0.0328293 secs] [Times: user=0.21 sys=0.00, real=0.04 secs] 
47.587: Total time for which application threads were stopped: 0.0329390 seconds
47.591: [Full GC (Ergonomics) [PSYoungGen: 65536K->19930K(76288K)] [ParOldGen: 174637K->174631K(175104K)] 240173K->194562K(251392K), [Metaspace: 4217K->4217K(1056768K)], 0.0342649 secs] [Times: user=0.22 sys=0.00, real=0.03 secs] 
47.625: Total time for which application threads were stopped: 0.0344155 seconds
47.629: [Full GC (Ergonomics) [PSYoungGen: 65536K->19928K(76288K)] [ParOldGen: 174631K->174633K(175104K)] 240167K->194562K(251392K), [Metaspace: 4217K->4217K(1056768K)], 0.0335541 secs] [Times: user=0.22 sys=0.00, real=0.03 secs] 
47.662: Total time for which application threads were stopped: 0.0336516 seconds
47.666: [Full GC (Ergonomics) [PSYoungGen: 65536K->19925K(76288K)] [ParOldGen: 174633K->174636K(175104K)] 240169K->194562K(251392K), [Metaspace: 4217K->4217K(1056768K)], 0.0326857 secs] [Times: user=0.21 sys=0.00, real=0.04 secs] 
47.698: Total time for which application threads were stopped: 0.0328535 seconds
47.702: [Full GC (Ergonomics) [PSYoungGen: 65536K->19926K(76288K)] [ParOldGen: 174636K->174635K(175104K)] 240172K->194562K(251392K), [Metaspace: 4217K->4217K(1056768K)], 0.0326612 secs] [Times: user=0.23 sys=0.00, real=0.03 secs] 
47.735: Total time for which application threads were stopped: 0.0327841 seconds
47.738: [Full GC (Ergonomics) [PSYoungGen: 65536K->19922K(76288K)] [ParOldGen: 174635K->174639K(175104K)] 240171K->194562K(251392K), [Metaspace: 4217K->4217K(1056768K)], 0.0331172 secs] [Times: user=0.22 sys=0.01, real=0.03 secs] 
47.771: Total time for which application threads were stopped: 0.0332521 seconds
47.775: [Full GC (Ergonomics) [PSYoungGen: 65536K->19929K(76288K)] [ParOldGen: 174639K->174632K(175104K)] 240175K->194562K(251392K), [Metaspace: 4217K->4217K(1056768K)], 0.0329247 secs] [Times: user=0.23 sys=0.00, real=0.04 secs] 
47.808: Total time for which application threads were stopped: 0.0330573 seconds
47.811: [Full GC (Ergonomics) [PSYoungGen: 65536K->19926K(76288K)] [ParOldGen: 174632K->174635K(175104K)] 240168K->194562K(251392K), [Metaspace: 4217K->4217K(1056768K)], 0.0326458 secs] [Times: user=0.22 sys=0.00, real=0.03 secs] 
47.844: Total time for which application threads were stopped: 0.0327422 seconds
47.847: [Full GC (Ergonomics) [PSYoungGen: 65536K->19931K(76288K)] [ParOldGen: 174635K->174630K(175104K)] 240171K->194562K(251392K), [Metaspace: 4217K->4217K(1056768K)], 0.0324106 secs] [Times: user=0.21 sys=0.00, real=0.03 secs] 
47.879: Total time for which application threads were stopped: 0.0325224 seconds
47.883: [Full GC (Ergonomics) [PSYoungGen: 65536K->19918K(76288K)] [ParOldGen: 174630K->174643K(175104K)] 240166K->194562K(251392K), [Metaspace: 4217K->4217K(1056768K)], 0.0328474 secs] [Times: user=0.23 sys=0.00, real=0.03 secs] 
47.916: Total time for which application threads were stopped: 0.0329631 seconds
47.919: [Full GC (Ergonomics) [PSYoungGen: 65536K->19922K(76288K)] [ParOldGen: 174643K->174639K(175104K)] 240179K->194562K(251392K), [Metaspace: 4217K->4217K(1056768K)], 0.0325037 secs] [Times: user=0.23 sys=0.00, real=0.03 secs] 
47.952: Total time for which application threads were stopped: 0.0326377 seconds
47.955: [Full GC (Ergonomics) [PSYoungGen: 65536K->19945K(76288K)] [ParOldGen: 174639K->174616K(175104K)] 240175K->194562K(251392K), [Metaspace: 4217K->4217K(1056768K)], 0.0327130 secs] [Times: user=0.22 sys=0.00, real=0.04 secs] 
47.988: Total time for which application threads were stopped: 0.0328420 seconds
47.991: [Full GC (Ergonomics) [PSYoungGen: 65536K->19923K(76288K)] [ParOldGen: 174616K->174638K(175104K)] 240152K->194562K(251392K), [Metaspace: 4217K->4217K(1056768K)], 0.0328291 secs] [Times: user=0.22 sys=0.01, real=0.03 secs] 
48.024: Total time for which application threads were stopped: 0.0329433 seconds
48.028: [Full GC (Ergonomics) [PSYoungGen: 65536K->19925K(76288K)] [ParOldGen: 174638K->174636K(175104K)] 240174K->194562K(251392K), [Metaspace: 4217K->4217K(1056768K)], 0.0323769 secs] [Times: user=0.21 sys=0.00, real=0.03 secs] 
48.060: Total time for which application threads were stopped: 0.0324864 seconds
48.064: [Full GC (Ergonomics) [PSYoungGen: 65536K->19926K(76288K)] [ParOldGen: 174636K->174635K(175104K)] 240172K->194562K(251392K), [Metaspace: 4217K->4217K(1056768K)], 0.0318598 secs] [Times: user=0.20 sys=0.00, real=0.03 secs] 
48.095: Total time for which application threads were stopped: 0.0320040 seconds
48.099: [Full GC (Ergonomics) [PSYoungGen: 65536K->19920K(76288K)] [ParOldGen: 174635K->174641K(175104K)] 240171K->194562K(251392K), [Metaspace: 4217K->4217K(1056768K)], 0.0330138 secs] [Times: user=0.22 sys=0.00, real=0.03 secs] 
48.132: Total time for which application threads were stopped: 0.0331718 seconds
48.135: [Full GC (Ergonomics) [PSYoungGen: 65536K->19917K(76288K)] [ParOldGen: 174641K->174644K(175104K)] 240177K->194562K(251392K), [Metaspace: 4217K->4217K(1056768K)], 0.0332943 secs] [Times: user=0.21 sys=0.00, real=0.04 secs] 
48.169: Total time for which application threads were stopped: 0.0333879 seconds
48.172: [Full GC (Ergonomics) [PSYoungGen: 65536K->19934K(76288K)] [ParOldGen: 174644K->174627K(175104K)] 240180K->194562K(251392K), [Metaspace: 4217K->4217K(1056768K)], 0.0335940 secs] [Times: user=0.23 sys=0.00, real=0.03 secs] 
48.206: Total time for which application threads were stopped: 0.0337127 seconds
48.209: [Full GC (Ergonomics) [PSYoungGen: 65536K->19924K(76288K)] [ParOldGen: 174627K->174637K(175104K)] 240163K->194562K(251392K), [Metaspace: 4217K->4217K(1056768K)], 0.0333445 secs] [Times: user=0.23 sys=0.01, real=0.03 secs] 
48.243: Total time for which application threads were stopped: 0.0334404 seconds
48.246: [Full GC (Ergonomics) [PSYoungGen: 65536K->19929K(76288K)] [ParOldGen: 174637K->174632K(175104K)] 240173K->194562K(251392K), [Metaspace: 4217K->4217K(1056768K)], 0.0328942 secs] [Times: user=0.23 sys=0.00, real=0.04 secs] 
48.279: Total time for which application threads were stopped: 0.0330256 seconds
48.282: [Full GC (Ergonomics) [PSYoungGen: 65536K->19928K(76288K)] [ParOldGen: 174632K->174633K(175104K)] 240168K->194562K(251392K), [Metaspace: 4217K->4217K(1056768K)], 0.0327282 secs] [Times: user=0.23 sys=0.00, real=0.03 secs] 
48.315: Total time for which application threads were stopped: 0.0328583 seconds
48.319: [Full GC (Ergonomics) [PSYoungGen: 65536K->19930K(76288K)] [ParOldGen: 174633K->174631K(175104K)] 240169K->194562K(251392K), [Metaspace: 4217K->4217K(1056768K)], 0.0326222 secs] [Times: user=0.21 sys=0.00, real=0.03 secs] 
48.351: Total time for which application threads were stopped: 0.0327375 seconds
48.355: [Full GC (Ergonomics) [PSYoungGen: 65536K->19927K(76288K)] [ParOldGen: 174631K->174634K(175104K)] 240167K->194562K(251392K), [Metaspace: 4217K->4217K(1056768K)], 0.0326568 secs] [Times: user=0.21 sys=0.00, real=0.04 secs] 
48.387: Total time for which application threads were stopped: 0.0327719 seconds
48.391: [Full GC (Ergonomics) [PSYoungGen: 65536K->19927K(76288K)] [ParOldGen: 174634K->174634K(175104K)] 240170K->194562K(251392K), [Metaspace: 4217K->4217K(1056768K)], 0.0332376 secs] [Times: user=0.22 sys=0.00, real=0.03 secs] 
48.424: Total time for which application threads were stopped: 0.0333507 seconds
48.427: [Full GC (Ergonomics) [PSYoungGen: 65536K->19929K(76288K)] [ParOldGen: 174634K->174632K(175104K)] 240170K->194562K(251392K), [Metaspace: 4217K->4217K(1056768K)], 0.0328702 secs] [Times: user=0.22 sys=0.01, real=0.03 secs] 
48.460: Total time for which application threads were stopped: 0.0329835 seconds
48.464: [Full GC (Ergonomics) [PSYoungGen: 65536K->19931K(76288K)] [ParOldGen: 174632K->174630K(175104K)] 240168K->194562K(251392K), [Metaspace: 4217K->4217K(1056768K)], 0.0332443 secs] [Times: user=0.22 sys=0.00, real=0.04 secs] 
48.497: Total time for which application threads were stopped: 0.0333486 seconds
48.501: [Full GC (Ergonomics) [PSYoungGen: 65536K->19933K(76288K)] [ParOldGen: 174630K->174628K(175104K)] 240166K->194562K(251392K), [Metaspace: 4217K->4217K(1056768K)], 0.0309610 secs] [Times: user=0.19 sys=0.00, real=0.03 secs] 
48.532: Total time for which application threads were stopped: 0.0310738 seconds
48.535: [Full GC (Ergonomics) [PSYoungGen: 65536K->19936K(76288K)] [ParOldGen: 174628K->174625K(175104K)] 240164K->194562K(251392K), [Metaspace: 4217K->4217K(1056768K)], 0.0326811 secs] [Times: user=0.23 sys=0.00, real=0.04 secs] 
48.568: Total time for which application threads were stopped: 0.0328447 seconds
48.572: [Full GC (Ergonomics) [PSYoungGen: 65536K->19933K(76288K)] [ParOldGen: 174625K->174628K(175104K)] 240161K->194562K(251392K), [Metaspace: 4217K->4217K(1056768K)], 0.0309222 secs] [Times: user=0.20 sys=0.00, real=0.03 secs] 
48.602: Total time for which application threads were stopped: 0.0310372 seconds
48.606: [Full GC (Ergonomics) [PSYoungGen: 65536K->19932K(76288K)] [ParOldGen: 174628K->174629K(175104K)] 240164K->194562K(251392K), [Metaspace: 4217K->4217K(1056768K)], 0.0321436 secs] [Times: user=0.23 sys=0.00, real=0.04 secs] 
48.638: Total time for which application threads were stopped: 0.0322768 seconds
48.642: [Full GC (Ergonomics) [PSYoungGen: 65536K->19930K(76288K)] [ParOldGen: 174629K->174631K(175104K)] 240165K->194562K(251392K), [Metaspace: 4217K->4217K(1056768K)], 0.0325983 secs] [Times: user=0.21 sys=0.00, real=0.03 secs] 
48.674: Total time for which application threads were stopped: 0.0327338 seconds
48.678: [Full GC (Ergonomics) [PSYoungGen: 65536K->19932K(76288K)] [ParOldGen: 174631K->174629K(175104K)] 240167K->194562K(251392K), [Metaspace: 4217K->4217K(1056768K)], 0.0320671 secs] [Times: user=0.21 sys=0.01, real=0.03 secs] 
48.710: Total time for which application threads were stopped: 0.0321990 seconds
48.713: [Full GC (Ergonomics) [PSYoungGen: 65536K->19927K(76288K)] [ParOldGen: 174629K->174634K(175104K)] 240165K->194562K(251392K), [Metaspace: 4217K->4217K(1056768K)], 0.0327737 secs] [Times: user=0.22 sys=0.00, real=0.03 secs] 
48.746: Total time for which application threads were stopped: 0.0329414 seconds
48.750: [Full GC (Ergonomics) [PSYoungGen: 65536K->19930K(76288K)] [ParOldGen: 174634K->174631K(175104K)] 240170K->194562K(251392K), [Metaspace: 4217K->4217K(1056768K)], 0.0325414 secs] [Times: user=0.23 sys=0.00, real=0.03 secs] 
48.782: Total time for which application threads were stopped: 0.0326696 seconds
48.786: [Full GC (Ergonomics) [PSYoungGen: 65536K->19926K(76288K)] [ParOldGen: 174631K->174635K(175104K)] 240167K->194562K(251392K), [Metaspace: 4217K->4217K(1056768K)], 0.0319709 secs] [Times: user=0.20 sys=0.00, real=0.04 secs] 
48.818: Total time for which application threads were stopped: 0.0321031 seconds
48.821: [Full GC (Ergonomics) [PSYoungGen: 65536K->19926K(76288K)] [ParOldGen: 174635K->174635K(175104K)] 240171K->194562K(251392K), [Metaspace: 4217K->4217K(1056768K)], 0.0317046 secs] [Times: user=0.23 sys=0.00, real=0.03 secs] 
48.853: Total time for which application threads were stopped: 0.0318203 seconds
48.856: [Full GC (Ergonomics) [PSYoungGen: 65536K->19934K(76288K)] [ParOldGen: 174635K->174627K(175104K)] 240171K->194562K(251392K), [Metaspace: 4217K->4217K(1056768K)], 0.0330461 secs] [Times: user=0.20 sys=0.00, real=0.04 secs] 
48.889: Total time for which application threads were stopped: 0.0331565 seconds
48.893: [Full GC (Ergonomics) [PSYoungGen: 65536K->19921K(76288K)] [ParOldGen: 174627K->174640K(175104K)] 240163K->194562K(251392K), [Metaspace: 4217K->4217K(1056768K)], 0.0336623 secs] [Times: user=0.19 sys=0.01, real=0.04 secs] 
48.926: Total time for which application threads were stopped: 0.0337770 seconds
48.930: [Full GC (Ergonomics) [PSYoungGen: 65536K->19932K(76288K)] [ParOldGen: 174640K->174629K(175104K)] 240176K->194562K(251392K), [Metaspace: 4217K->4217K(1056768K)], 0.0319655 secs] [Times: user=0.21 sys=0.00, real=0.03 secs] 
48.962: Total time for which application threads were stopped: 0.0320634 seconds
48.966: [Full GC (Ergonomics) [PSYoungGen: 65536K->19932K(76288K)] [ParOldGen: 174629K->174629K(175104K)] 240165K->194562K(251392K), [Metaspace: 4217K->4217K(1056768K)], 0.0324327 secs] [Times: user=0.20 sys=0.00, real=0.04 secs] 
48.998: Total time for which application threads were stopped: 0.0325566 seconds
49.002: [Full GC (Ergonomics) [PSYoungGen: 65536K->19935K(76288K)] [ParOldGen: 174629K->174626K(175104K)] 240165K->194562K(251392K), [Metaspace: 4217K->4217K(1056768K)], 0.0326843 secs] [Times: user=0.22 sys=0.00, real=0.03 secs] 
49.034: Total time for which application threads were stopped: 0.0327933 seconds
49.038: [Full GC (Ergonomics) [PSYoungGen: 65536K->19928K(76288K)] [ParOldGen: 174626K->174633K(175104K)] 240162K->194562K(251392K), [Metaspace: 4217K->4217K(1056768K)], 0.0327038 secs] [Times: user=0.20 sys=0.00, real=0.03 secs] 
49.071: Total time for which application threads were stopped: 0.0328709 seconds
49.074: [Full GC (Ergonomics) [PSYoungGen: 65536K->19935K(76288K)] [ParOldGen: 174633K->174626K(175104K)] 240169K->194562K(251392K), [Metaspace: 4217K->4217K(1056768K)], 0.0319702 secs] [Times: user=0.21 sys=0.01, real=0.04 secs] 
49.107: Total time for which application threads were stopped: 0.0320928 seconds
49.110: [Full GC (Ergonomics) [PSYoungGen: 65536K->19929K(76288K)] [ParOldGen: 174626K->174632K(175104K)] 240162K->194562K(251392K), [Metaspace: 4217K->4217K(1056768K)], 0.0315084 secs] [Times: user=0.21 sys=0.00, real=0.03 secs] 
49.142: Total time for which application threads were stopped: 0.0316401 seconds
49.145: [Full GC (Ergonomics) [PSYoungGen: 65536K->19930K(76288K)] [ParOldGen: 174632K->174631K(175104K)] 240168K->194562K(251392K), [Metaspace: 4217K->4217K(1056768K)], 0.0328493 secs] [Times: user=0.20 sys=0.00, real=0.04 secs] 
49.178: Total time for which application threads were stopped: 0.0329677 seconds
49.181: [Full GC (Ergonomics) [PSYoungGen: 65536K->19927K(76288K)] [ParOldGen: 174631K->174634K(175104K)] 240167K->194562K(251392K), [Metaspace: 4217K->4217K(1056768K)], 0.0313702 secs] [Times: user=0.20 sys=0.00, real=0.03 secs] 
49.213: Total time for which application threads were stopped: 0.0314991 seconds
49.216: [Full GC (Ergonomics) [PSYoungGen: 65536K->19925K(76288K)] [ParOldGen: 174634K->174636K(175104K)] 240170K->194562K(251392K), [Metaspace: 4217K->4217K(1056768K)], 0.0327741 secs] [Times: user=0.21 sys=0.00, real=0.03 secs] 
49.249: Total time for which application threads were stopped: 0.0328990 seconds
49.253: [Full GC (Ergonomics) [PSYoungGen: 65536K->19935K(76288K)] [ParOldGen: 174636K->174626K(175104K)] 240172K->194562K(251392K), [Metaspace: 4217K->4217K(1056768K)], 0.0311279 secs] [Times: user=0.21 sys=0.00, real=0.03 secs] 
49.284: Total time for which application threads were stopped: 0.0312603 seconds
49.288: [Full GC (Ergonomics) [PSYoungGen: 65536K->19926K(76288K)] [ParOldGen: 174626K->174635K(175104K)] 240162K->194562K(251392K), [Metaspace: 4217K->4217K(1056768K)], 0.0327965 secs] [Times: user=0.22 sys=0.01, real=0.03 secs] 
49.321: Total time for which application threads were stopped: 0.0329203 seconds
49.324: [Full GC (Ergonomics) [PSYoungGen: 65536K->19937K(76288K)] [ParOldGen: 174635K->174624K(175104K)] 240171K->194562K(251392K), [Metaspace: 4217K->4217K(1056768K)], 0.0320658 secs] [Times: user=0.22 sys=0.00, real=0.04 secs] 
49.356: Total time for which application threads were stopped: 0.0321698 seconds
49.360: [Full GC (Ergonomics) [PSYoungGen: 65536K->19929K(76288K)] [ParOldGen: 174624K->174633K(175104K)] 240160K->194562K(251392K), [Metaspace: 4217K->4217K(1056768K)], 0.0332990 secs] [Times: user=0.23 sys=0.00, real=0.03 secs] 
49.393: Total time for which application threads were stopped: 0.0334190 seconds
49.396: [Full GC (Ergonomics) [PSYoungGen: 65536K->19938K(76288K)] [ParOldGen: 174633K->174623K(175104K)] 240169K->194562K(251392K), [Metaspace: 4217K->4217K(1056768K)], 0.0327490 secs] [Times: user=0.19 sys=0.00, real=0.03 secs] 
49.429: Total time for which application threads were stopped: 0.0328426 seconds
49.433: [Full GC (Ergonomics) [PSYoungGen: 65536K->19924K(76288K)] [ParOldGen: 174623K->174638K(175104K)] 240159K->194562K(251392K), [Metaspace: 4217K->4217K(1056768K)], 0.0323420 secs] [Times: user=0.22 sys=0.00, real=0.04 secs] 
49.465: Total time for which application threads were stopped: 0.0324633 seconds
49.468: [Full GC (Ergonomics) [PSYoungGen: 65536K->19929K(76288K)] [ParOldGen: 174638K->174632K(175104K)] 240174K->194562K(251392K), [Metaspace: 4217K->4217K(1056768K)], 0.0326602 secs] [Times: user=0.22 sys=0.00, real=0.03 secs] 
49.501: Total time for which application threads were stopped: 0.0327951 seconds
49.505: [Full GC (Ergonomics) [PSYoungGen: 65536K->19937K(76288K)] [ParOldGen: 174632K->174624K(175104K)] 240168K->194562K(251392K), [Metaspace: 4217K->4217K(1056768K)], 0.0323601 secs] [Times: user=0.22 sys=0.00, real=0.03 secs] 
49.537: Total time for which application threads were stopped: 0.0324944 seconds
49.540: [Full GC (Ergonomics) [PSYoungGen: 65536K->19928K(76288K)] [ParOldGen: 174624K->174633K(175104K)] 240160K->194562K(251392K), [Metaspace: 4217K->4217K(1056768K)], 0.0321660 secs] [Times: user=0.21 sys=0.01, real=0.03 secs] 
49.573: Total time for which application threads were stopped: 0.0322821 seconds
49.576: [Full GC (Ergonomics) [PSYoungGen: 65536K->19931K(76288K)] [ParOldGen: 174633K->174630K(175104K)] 240169K->194562K(251392K), [Metaspace: 4217K->4217K(1056768K)], 0.0340395 secs] [Times: user=0.21 sys=0.00, real=0.03 secs] 
49.610: Total time for which application threads were stopped: 0.0341910 seconds
49.614: [Full GC (Ergonomics) [PSYoungGen: 65536K->19927K(76288K)] [ParOldGen: 174630K->174634K(175104K)] 240166K->194562K(251392K), [Metaspace: 4217K->4217K(1056768K)], 0.0339217 secs] [Times: user=0.20 sys=0.00, real=0.03 secs] 
49.648: Total time for which application threads were stopped: 0.0340559 seconds
49.652: [Full GC (Ergonomics) [PSYoungGen: 65536K->19930K(76288K)] [ParOldGen: 174634K->174631K(175104K)] 240170K->194562K(251392K), [Metaspace: 4217K->4217K(1056768K)], 0.0321908 secs] [Times: user=0.21 sys=0.00, real=0.04 secs] 
49.684: Total time for which application threads were stopped: 0.0323239 seconds
49.687: [Full GC (Ergonomics) [PSYoungGen: 65536K->19928K(76288K)] [ParOldGen: 174631K->174633K(175104K)] 240167K->194562K(251392K), [Metaspace: 4217K->4217K(1056768K)], 0.0310979 secs] [Times: user=0.20 sys=0.00, real=0.03 secs] 
49.718: Total time for which application threads were stopped: 0.0312292 seconds
49.722: [Full GC (Ergonomics) [PSYoungGen: 65536K->19937K(76288K)] [ParOldGen: 174633K->174624K(175104K)] 240169K->194562K(251392K), [Metaspace: 4217K->4217K(1056768K)], 0.0314049 secs] [Times: user=0.22 sys=0.00, real=0.04 secs] 
49.753: Total time for which application threads were stopped: 0.0315369 seconds
49.757: [Full GC (Ergonomics) [PSYoungGen: 65536K->19917K(76288K)] [ParOldGen: 174624K->174644K(175104K)] 240160K->194562K(251392K), [Metaspace: 4217K->4217K(1056768K)], 0.0300246 secs] [Times: user=0.20 sys=0.00, real=0.03 secs] 
49.787: Total time for which application threads were stopped: 0.0301752 seconds
49.791: [Full GC (Ergonomics) [PSYoungGen: 65536K->19922K(76288K)] [ParOldGen: 174644K->174639K(175104K)] 240180K->194562K(251392K), [Metaspace: 4217K->4217K(1056768K)], 0.0321831 secs] [Times: user=0.23 sys=0.01, real=0.03 secs] 
49.823: Total time for which application threads were stopped: 0.0323195 seconds
49.826: [Full GC (Ergonomics) [PSYoungGen: 65536K->19936K(76288K)] [ParOldGen: 174639K->174625K(175104K)] 240175K->194562K(251392K), [Metaspace: 4217K->4217K(1056768K)], 0.0321900 secs] [Times: user=0.23 sys=0.00, real=0.03 secs] 
49.859: Total time for which application threads were stopped: 0.0323222 seconds
49.862: [Full GC (Ergonomics) [PSYoungGen: 65536K->19929K(76288K)] [ParOldGen: 174625K->174633K(175104K)] 240161K->194562K(251392K), [Metaspace: 4217K->4217K(1056768K)], 0.0333189 secs] [Times: user=0.23 sys=0.00, real=0.04 secs] 
49.895: Total time for which application threads were stopped: 0.0334325 seconds
49.899: [Full GC (Ergonomics) [PSYoungGen: 65536K->19925K(76288K)] [ParOldGen: 174633K->174636K(175104K)] 240169K->194562K(251392K), [Metaspace: 4217K->4217K(1056768K)], 0.0323214 secs] [Times: user=0.19 sys=0.00, real=0.03 secs] 
49.931: Total time for which application threads were stopped: 0.0324166 seconds
49.935: [Full GC (Ergonomics) [PSYoungGen: 65536K->19921K(76288K)] [ParOldGen: 174636K->174640K(175104K)] 240172K->194562K(251392K), [Metaspace: 4217K->4217K(1056768K)], 0.0332093 secs] [Times: user=0.23 sys=0.00, real=0.03 secs] 
49.969: Total time for which application threads were stopped: 0.0333125 seconds
49.972: [Full GC (Ergonomics) [PSYoungGen: 65536K->19938K(76288K)] [ParOldGen: 174640K->174623K(175104K)] 240176K->194562K(251392K), [Metaspace: 4217K->4217K(1056768K)], 0.0332288 secs] [Times: user=0.22 sys=0.00, real=0.04 secs] 
50.005: Total time for which application threads were stopped: 0.0333592 seconds
50.009: [Full GC (Ergonomics) [PSYoungGen: 65536K->19930K(76288K)] [ParOldGen: 174623K->174631K(175104K)] 240159K->194562K(251392K), [Metaspace: 4217K->4217K(1056768K)], 0.0328427 secs] [Times: user=0.24 sys=0.01, real=0.03 secs] 
50.042: Total time for which application threads were stopped: 0.0329401 seconds
50.045: [Full GC (Ergonomics) [PSYoungGen: 65536K->19929K(76288K)] [ParOldGen: 174631K->174632K(175104K)] 240167K->194562K(251392K), [Metaspace: 4217K->4217K(1056768K)], 0.0325115 secs] [Times: user=0.24 sys=0.00, real=0.03 secs] 
50.078: Total time for which application threads were stopped: 0.0326461 seconds
50.081: [Full GC (Ergonomics) [PSYoungGen: 65536K->19926K(76288K)] [ParOldGen: 174632K->174635K(175104K)] 240168K->194562K(251392K), [Metaspace: 4217K->4217K(1056768K)], 0.0329669 secs] [Times: user=0.22 sys=0.00, real=0.04 secs] 
50.114: Total time for which application threads were stopped: 0.0330802 seconds
50.118: [Full GC (Ergonomics) [PSYoungGen: 65536K->19930K(76288K)] [ParOldGen: 174635K->174631K(175104K)] 240171K->194562K(251392K), [Metaspace: 4217K->4217K(1056768K)], 0.0330415 secs] [Times: user=0.22 sys=0.00, real=0.03 secs] 
50.151: Total time for which application threads were stopped: 0.0331760 seconds
50.154: [Full GC (Ergonomics) [PSYoungGen: 65536K->19925K(76288K)] [ParOldGen: 174631K->174636K(175104K)] 240167K->194562K(251392K), [Metaspace: 4217K->4217K(1056768K)], 0.0326221 secs] [Times: user=0.21 sys=0.00, real=0.03 secs] 
50.187: Total time for which application threads were stopped: 0.0327604 seconds
50.191: [Full GC (Ergonomics) [PSYoungGen: 65536K->19932K(76288K)] [ParOldGen: 174636K->174629K(175104K)] 240172K->194562K(251392K), [Metaspace: 4217K->4217K(1056768K)], 0.0324355 secs] [Times: user=0.22 sys=0.00, real=0.03 secs] 
50.223: Total time for which application threads were stopped: 0.0325433 seconds
50.227: [Full GC (Ergonomics) [PSYoungGen: 65536K->19936K(76288K)] [ParOldGen: 174629K->174625K(175104K)] 240165K->194562K(251392K), [Metaspace: 4217K->4217K(1056768K)], 0.0330687 secs] [Times: user=0.22 sys=0.00, real=0.03 secs] 
50.260: Total time for which application threads were stopped: 0.0331864 seconds
50.263: [Full GC (Ergonomics) [PSYoungGen: 65536K->19927K(76288K)] [ParOldGen: 174625K->174634K(175104K)] 240161K->194562K(251392K), [Metaspace: 4217K->4217K(1056768K)], 0.0328250 secs] [Times: user=0.23 sys=0.01, real=0.03 secs] 
50.296: Total time for which application threads were stopped: 0.0329599 seconds
50.300: [Full GC (Ergonomics) [PSYoungGen: 65536K->19930K(76288K)] [ParOldGen: 174634K->174631K(175104K)] 240170K->194562K(251392K), [Metaspace: 4217K->4217K(1056768K)], 0.0324310 secs] [Times: user=0.22 sys=0.00, real=0.03 secs] 
50.332: Total time for which application threads were stopped: 0.0325730 seconds
50.336: [Full GC (Ergonomics) [PSYoungGen: 65536K->19935K(76288K)] [ParOldGen: 174631K->174626K(175104K)] 240167K->194562K(251392K), [Metaspace: 4217K->4217K(1056768K)], 0.0329257 secs] [Times: user=0.22 sys=0.00, real=0.03 secs] 
50.369: Total time for which application threads were stopped: 0.0330405 seconds
50.372: [Full GC (Ergonomics) [PSYoungGen: 65536K->19926K(76288K)] [ParOldGen: 174626K->174635K(175104K)] 240162K->194562K(251392K), [Metaspace: 4217K->4217K(1056768K)], 0.0323200 secs] [Times: user=0.22 sys=0.00, real=0.04 secs] 
50.404: Total time for which application threads were stopped: 0.0324184 seconds
50.408: [Full GC (Ergonomics) [PSYoungGen: 65536K->19919K(76288K)] [ParOldGen: 174635K->174642K(175104K)] 240171K->194562K(251392K), [Metaspace: 4217K->4217K(1056768K)], 0.0327720 secs] [Times: user=0.24 sys=0.00, real=0.03 secs] 
50.441: Total time for which application threads were stopped: 0.0328845 seconds
50.444: [Full GC (Ergonomics) [PSYoungGen: 65536K->19933K(76288K)] [ParOldGen: 174642K->174628K(175104K)] 240178K->194562K(251392K), [Metaspace: 4217K->4217K(1056768K)], 0.0345126 secs] [Times: user=0.19 sys=0.00, real=0.03 secs] 
50.478: Total time for which application threads were stopped: 0.0346641 seconds
50.482: [Full GC (Ergonomics) [PSYoungGen: 65536K->19931K(76288K)] [ParOldGen: 174628K->174630K(175104K)] 240164K->194562K(251392K), [Metaspace: 4217K->4217K(1056768K)], 0.0351780 secs] [Times: user=0.20 sys=0.01, real=0.04 secs] 
50.518: Total time for which application threads were stopped: 0.0352999 seconds
50.523: [Full GC (Ergonomics) [PSYoungGen: 65536K->19926K(76288K)] [ParOldGen: 174630K->174635K(175104K)] 240166K->194562K(251392K), [Metaspace: 4217K->4217K(1056768K)], 0.0344548 secs] [Times: user=0.21 sys=0.00, real=0.04 secs] 
50.557: Total time for which application threads were stopped: 0.0345768 seconds
50.561: [Full GC (Ergonomics) [PSYoungGen: 65536K->19928K(76288K)] [ParOldGen: 174635K->174633K(175104K)] 240171K->194562K(251392K), [Metaspace: 4217K->4217K(1056768K)], 0.0341807 secs] [Times: user=0.20 sys=0.00, real=0.04 secs] 
50.595: Total time for which application threads were stopped: 0.0342854 seconds
50.598: [Full GC (Ergonomics) [PSYoungGen: 65536K->19928K(76288K)] [ParOldGen: 174633K->174633K(175104K)] 240169K->194562K(251392K), [Metaspace: 4217K->4217K(1056768K)], 0.0335867 secs] [Times: user=0.22 sys=0.00, real=0.03 secs] 
50.632: Total time for which application threads were stopped: 0.0336967 seconds
50.636: [Full GC (Ergonomics) [PSYoungGen: 65536K->19933K(76288K)] [ParOldGen: 174633K->174628K(175104K)] 240169K->194562K(251392K), [Metaspace: 4217K->4217K(1056768K)], 0.0341389 secs] [Times: user=0.20 sys=0.01, real=0.03 secs] 
50.670: Total time for which application threads were stopped: 0.0342602 seconds
50.674: [Full GC (Ergonomics) [PSYoungGen: 65536K->19924K(76288K)] [ParOldGen: 174628K->174637K(175104K)] 240164K->194562K(251392K), [Metaspace: 4217K->4217K(1056768K)], 0.0350456 secs] [Times: user=0.21 sys=0.00, real=0.03 secs] 
50.710: Total time for which application threads were stopped: 0.0351865 seconds
50.714: [Full GC (Ergonomics) [PSYoungGen: 65536K->19935K(76288K)] [ParOldGen: 174637K->174626K(175104K)] 240173K->194562K(251392K), [Metaspace: 4217K->4217K(1056768K)], 0.0328102 secs] [Times: user=0.23 sys=0.00, real=0.03 secs] 
50.746: Total time for which application threads were stopped: 0.0329322 seconds
50.750: [Full GC (Ergonomics) [PSYoungGen: 65536K->19935K(76288K)] [ParOldGen: 174626K->174626K(175104K)] 240162K->194562K(251392K), [Metaspace: 4217K->4217K(1056768K)], 0.0314266 secs] [Times: user=0.21 sys=0.00, real=0.03 secs] 
50.781: Total time for which application threads were stopped: 0.0315606 seconds
50.785: [Full GC (Ergonomics) [PSYoungGen: 65536K->19927K(76288K)] [ParOldGen: 174626K->174634K(175104K)] 240162K->194562K(251392K), [Metaspace: 4217K->4217K(1056768K)], 0.0324895 secs] [Times: user=0.22 sys=0.00, real=0.03 secs] 
50.817: Total time for which application threads were stopped: 0.0326306 seconds
50.821: [Full GC (Ergonomics) [PSYoungGen: 65536K->19921K(76288K)] [ParOldGen: 174634K->174640K(175104K)] 240170K->194562K(251392K), [Metaspace: 4217K->4217K(1056768K)], 0.0326381 secs] [Times: user=0.21 sys=0.01, real=0.04 secs] 
50.854: Total time for which application threads were stopped: 0.0327699 seconds
50.857: [Full GC (Ergonomics) [PSYoungGen: 65536K->19927K(76288K)] [ParOldGen: 174640K->174634K(175104K)] 240176K->194562K(251392K), [Metaspace: 4217K->4217K(1056768K)], 0.0326364 secs] [Times: user=0.23 sys=0.00, real=0.03 secs] 
50.890: Total time for which application threads were stopped: 0.0327472 seconds
50.893: [Full GC (Ergonomics) [PSYoungGen: 65536K->19920K(76288K)] [ParOldGen: 174634K->174641K(175104K)] 240170K->194562K(251392K), [Metaspace: 4217K->4217K(1056768K)], 0.0326107 secs] [Times: user=0.22 sys=0.00, real=0.04 secs] 
50.926: Total time for which application threads were stopped: 0.0327444 seconds
50.929: [Full GC (Ergonomics) [PSYoungGen: 65536K->19925K(76288K)] [ParOldGen: 174641K->174636K(175104K)] 240177K->194562K(251392K), [Metaspace: 4217K->4217K(1056768K)], 0.0311434 secs] [Times: user=0.22 sys=0.00, real=0.03 secs] 
50.960: Total time for which application threads were stopped: 0.0312926 seconds
50.964: [Full GC (Ergonomics) [PSYoungGen: 65536K->19924K(76288K)] [ParOldGen: 174636K->174637K(175104K)] 240172K->194562K(251392K), [Metaspace: 4217K->4217K(1056768K)], 0.0335358 secs] [Times: user=0.22 sys=0.00, real=0.03 secs] 
50.997: Total time for which application threads were stopped: 0.0336522 seconds
51.001: [Full GC (Ergonomics) [PSYoungGen: 65536K->19921K(76288K)] [ParOldGen: 174637K->174640K(175104K)] 240173K->194562K(251392K), [Metaspace: 4217K->4217K(1056768K)], 0.0326884 secs] [Times: user=0.23 sys=0.00, real=0.04 secs] 
51.034: Total time for which application threads were stopped: 0.0328411 seconds
51.037: [Full GC (Ergonomics) [PSYoungGen: 65536K->19924K(76288K)] [ParOldGen: 174640K->174637K(175104K)] 240176K->194562K(251392K), [Metaspace: 4217K->4217K(1056768K)], 0.0322673 secs] [Times: user=0.23 sys=0.00, real=0.03 secs] 
51.069: Total time for which application threads were stopped: 0.0323807 seconds
51.073: [Full GC (Ergonomics) [PSYoungGen: 65536K->19920K(76288K)] [ParOldGen: 174637K->174641K(175104K)] 240173K->194562K(251392K), [Metaspace: 4217K->4217K(1056768K)], 0.0332073 secs] [Times: user=0.21 sys=0.01, real=0.04 secs] 
51.106: Total time for which application threads were stopped: 0.0333272 seconds
51.110: [Full GC (Ergonomics) [PSYoungGen: 65536K->19923K(76288K)] [ParOldGen: 174641K->174638K(175104K)] 240177K->194562K(251392K), [Metaspace: 4217K->4217K(1056768K)], 0.0322768 secs] [Times: user=0.22 sys=0.00, real=0.03 secs] 
51.142: Total time for which application threads were stopped: 0.0323879 seconds
51.145: [Full GC (Ergonomics) [PSYoungGen: 65536K->19924K(76288K)] [ParOldGen: 174638K->174637K(175104K)] 240174K->194562K(251392K), [Metaspace: 4217K->4217K(1056768K)], 0.0311972 secs] [Times: user=0.20 sys=0.00, real=0.03 secs] 
51.177: Total time for which application threads were stopped: 0.0313549 seconds
51.180: [Full GC (Ergonomics) [PSYoungGen: 65536K->19927K(76288K)] [ParOldGen: 174637K->174634K(175104K)] 240173K->194562K(251392K), [Metaspace: 4217K->4217K(1056768K)], 0.0328115 secs] [Times: user=0.23 sys=0.00, real=0.03 secs] 
51.213: Total time for which application threads were stopped: 0.0329438 seconds
51.216: [Full GC (Ergonomics) [PSYoungGen: 65536K->19923K(76288K)] [ParOldGen: 174634K->174638K(175104K)] 240170K->194562K(251392K), [Metaspace: 4217K->4217K(1056768K)], 0.0324454 secs] [Times: user=0.23 sys=0.00, real=0.03 secs] 
51.249: Total time for which application threads were stopped: 0.0326302 seconds
51.252: [Full GC (Ergonomics) [PSYoungGen: 65536K->19917K(76288K)] [ParOldGen: 174638K->174644K(175104K)] 240174K->194562K(251392K), [Metaspace: 4217K->4217K(1056768K)], 0.0318394 secs] [Times: user=0.21 sys=0.00, real=0.04 secs] 
51.284: Total time for which application threads were stopped: 0.0319565 seconds
51.288: [Full GC (Ergonomics) [PSYoungGen: 65536K->19937K(76288K)] [ParOldGen: 174644K->174624K(175104K)] 240180K->194562K(251392K), [Metaspace: 4217K->4217K(1056768K)], 0.0329141 secs] [Times: user=0.23 sys=0.01, real=0.03 secs] 
51.321: Total time for which application threads were stopped: 0.0330257 seconds
51.324: [Full GC (Ergonomics) [PSYoungGen: 65536K->19933K(76288K)] [ParOldGen: 174624K->174628K(175104K)] 240160K->194562K(251392K), [Metaspace: 4217K->4217K(1056768K)], 0.0325247 secs] [Times: user=0.22 sys=0.00, real=0.03 secs] 
51.357: Total time for which application threads were stopped: 0.0326694 seconds
51.360: [Full GC (Ergonomics) [PSYoungGen: 65536K->19931K(76288K)] [ParOldGen: 174628K->174630K(175104K)] 240164K->194562K(251392K), [Metaspace: 4217K->4217K(1056768K)], 0.0328166 secs] [Times: user=0.22 sys=0.00, real=0.03 secs] 
51.393: Total time for which application threads were stopped: 0.0329288 seconds
51.396: [Full GC (Ergonomics) [PSYoungGen: 65536K->19937K(76288K)] [ParOldGen: 174630K->174624K(175104K)] 240166K->194562K(251392K), [Metaspace: 4217K->4217K(1056768K)], 0.0324078 secs] [Times: user=0.21 sys=0.00, real=0.03 secs] 
51.429: Total time for which application threads were stopped: 0.0325426 seconds
51.432: [Full GC (Ergonomics) [PSYoungGen: 65536K->19931K(76288K)] [ParOldGen: 174624K->174631K(175104K)] 240160K->194562K(251392K), [Metaspace: 4217K->4217K(1056768K)], 0.0332137 secs] [Times: user=0.23 sys=0.00, real=0.04 secs] 
51.466: Total time for which application threads were stopped: 0.0333444 seconds
51.469: [Full GC (Ergonomics) [PSYoungGen: 65536K->19938K(76288K)] [ParOldGen: 174631K->174623K(175104K)] 240167K->194562K(251392K), [Metaspace: 4217K->4217K(1056768K)], 0.0315214 secs] [Times: user=0.19 sys=0.00, real=0.03 secs] 
51.501: Total time for which application threads were stopped: 0.0316534 seconds
51.504: [Full GC (Ergonomics) [PSYoungGen: 65536K->19939K(76288K)] [ParOldGen: 174623K->174622K(175104K)] 240159K->194562K(251392K), [Metaspace: 4217K->4217K(1056768K)], 0.0326623 secs] [Times: user=0.23 sys=0.01, real=0.03 secs] 
51.537: Total time for which application threads were stopped: 0.0327944 seconds
51.540: [Full GC (Ergonomics) [PSYoungGen: 65536K->19930K(76288K)] [ParOldGen: 174622K->174631K(175104K)] 240158K->194562K(251392K), [Metaspace: 4217K->4217K(1056768K)], 0.0328970 secs] [Times: user=0.23 sys=0.00, real=0.04 secs] 
51.573: Total time for which application threads were stopped: 0.0330177 seconds
51.577: [Full GC (Ergonomics) [PSYoungGen: 65536K->19920K(76288K)] [ParOldGen: 174631K->174641K(175104K)] 240167K->194562K(251392K), [Metaspace: 4217K->4217K(1056768K)], 0.0324022 secs] [Times: user=0.22 sys=0.00, real=0.03 secs] 
51.609: Total time for which application threads were stopped: 0.0325310 seconds
51.613: [Full GC (Ergonomics) [PSYoungGen: 65536K->19937K(76288K)] [ParOldGen: 174641K->174624K(175104K)] 240177K->194562K(251392K), [Metaspace: 4217K->4217K(1056768K)], 0.0310933 secs] [Times: user=0.20 sys=0.00, real=0.04 secs] 
51.644: Total time for which application threads were stopped: 0.0312160 seconds
51.647: [Full GC (Ergonomics) [PSYoungGen: 65536K->19939K(76288K)] [ParOldGen: 174624K->174622K(175104K)] 240160K->194562K(251392K), [Metaspace: 4217K->4217K(1056768K)], 0.0329333 secs] [Times: user=0.23 sys=0.00, real=0.03 secs] 
51.680: Total time for which application threads were stopped: 0.0330654 seconds
51.684: [Full GC (Ergonomics) [PSYoungGen: 65536K->19928K(76288K)] [ParOldGen: 174622K->174633K(175104K)] 240158K->194562K(251392K), [Metaspace: 4217K->4217K(1056768K)], 0.0314549 secs] [Times: user=0.21 sys=0.00, real=0.03 secs] 
51.715: Total time for which application threads were stopped: 0.0315801 seconds
51.719: [Full GC (Ergonomics) [PSYoungGen: 65536K->19928K(76288K)] [ParOldGen: 174633K->174633K(175104K)] 240169K->194562K(251392K), [Metaspace: 4217K->4217K(1056768K)], 0.0316828 secs] [Times: user=0.22 sys=0.01, real=0.03 secs] 
51.751: Total time for which application threads were stopped: 0.0318177 seconds
51.754: [Full GC (Ergonomics) [PSYoungGen: 65536K->19925K(76288K)] [ParOldGen: 174633K->174636K(175104K)] 240169K->194562K(251392K), [Metaspace: 4217K->4217K(1056768K)], 0.0320816 secs] [Times: user=0.19 sys=0.00, real=0.03 secs] 
51.786: Total time for which application threads were stopped: 0.0322171 seconds
51.790: [Full GC (Ergonomics) [PSYoungGen: 65536K->19924K(76288K)] [ParOldGen: 174636K->174637K(175104K)] 240172K->194562K(251392K), [Metaspace: 4217K->4217K(1056768K)], 0.0322165 secs] [Times: user=0.21 sys=0.00, real=0.03 secs] 
51.822: Total time for which application threads were stopped: 0.0323519 seconds
51.825: [Full GC (Ergonomics) [PSYoungGen: 65536K->19928K(76288K)] [ParOldGen: 174637K->174633K(175104K)] 240173K->194562K(251392K), [Metaspace: 4217K->4217K(1056768K)], 0.0324097 secs] [Times: user=0.23 sys=0.00, real=0.03 secs] 
51.858: Total time for which application threads were stopped: 0.0325416 seconds
51.861: [Full GC (Ergonomics) [PSYoungGen: 65536K->19929K(76288K)] [ParOldGen: 174633K->174632K(175104K)] 240169K->194562K(251392K), [Metaspace: 4217K->4217K(1056768K)], 0.0329622 secs] [Times: user=0.23 sys=0.00, real=0.04 secs] 
51.894: Total time for which application threads were stopped: 0.0331254 seconds
51.898: [Full GC (Ergonomics) [PSYoungGen: 65536K->19931K(76288K)] [ParOldGen: 174632K->174630K(175104K)] 240168K->194562K(251392K), [Metaspace: 4217K->4217K(1056768K)], 0.0324401 secs] [Times: user=0.24 sys=0.00, real=0.03 secs] 
51.931: Total time for which application threads were stopped: 0.0326160 seconds
51.934: [Full GC (Ergonomics) [PSYoungGen: 65536K->19932K(76288K)] [ParOldGen: 174630K->174629K(175104K)] 240166K->194562K(251392K), [Metaspace: 4217K->4217K(1056768K)], 0.0328166 secs] [Times: user=0.23 sys=0.00, real=0.03 secs] 
51.967: Total time for which application threads were stopped: 0.0329498 seconds
51.971: [Full GC (Ergonomics) [PSYoungGen: 65536K->19930K(76288K)] [ParOldGen: 174629K->174631K(175104K)] 240165K->194562K(251392K), [Metaspace: 4217K->4217K(1056768K)], 0.0326421 secs] [Times: user=0.21 sys=0.00, real=0.04 secs] 
52.004: Total time for which application threads were stopped: 0.0327663 seconds
52.007: [Full GC (Ergonomics) [PSYoungGen: 65536K->19929K(76288K)] [ParOldGen: 174631K->174632K(175104K)] 240167K->194562K(251392K), [Metaspace: 4217K->4217K(1056768K)], 0.0321282 secs] [Times: user=0.20 sys=0.01, real=0.03 secs] 
52.039: Total time for which application threads were stopped: 0.0322585 seconds
52.043: [Full GC (Ergonomics) [PSYoungGen: 65536K->19934K(76288K)] [ParOldGen: 174632K->174627K(175104K)] 240168K->194562K(251392K), [Metaspace: 4217K->4217K(1056768K)], 0.0316183 secs] [Times: user=0.20 sys=0.00, real=0.04 secs] 
52.074: Total time for which application threads were stopped: 0.0317387 seconds
52.078: [Full GC (Ergonomics) [PSYoungGen: 65536K->19925K(76288K)] [ParOldGen: 174627K->174636K(175104K)] 240163K->194562K(251392K), [Metaspace: 4217K->4217K(1056768K)], 0.0313665 secs] [Times: user=0.21 sys=0.00, real=0.03 secs] 
52.109: Total time for which application threads were stopped: 0.0315004 seconds
52.113: [Full GC (Ergonomics) [PSYoungGen: 65536K->19927K(76288K)] [ParOldGen: 174636K->174634K(175104K)] 240172K->194562K(251392K), [Metaspace: 4217K->4217K(1056768K)], 0.0312471 secs] [Times: user=0.21 sys=0.00, real=0.04 secs] 
52.144: Total time for which application threads were stopped: 0.0313948 seconds
52.148: [Full GC (Ergonomics) [PSYoungGen: 65536K->19916K(76288K)] [ParOldGen: 174634K->174645K(175104K)] 240170K->194562K(251392K), [Metaspace: 4217K->4217K(1056768K)], 0.0323241 secs] [Times: user=0.23 sys=0.00, real=0.03 secs] 
52.180: Total time for which application threads were stopped: 0.0324732 seconds
52.184: [Full GC (Ergonomics) [PSYoungGen: 65536K->19937K(76288K)] [ParOldGen: 174645K->174624K(175104K)] 240181K->194562K(251392K), [Metaspace: 4217K->4217K(1056768K)], 0.0310867 secs] [Times: user=0.21 sys=0.00, real=0.03 secs] 
52.215: Total time for which application threads were stopped: 0.0312011 seconds
52.218: [Full GC (Ergonomics) [PSYoungGen: 65536K->19939K(76288K)] [ParOldGen: 174624K->174622K(175104K)] 240160K->194562K(251392K), [Metaspace: 4217K->4217K(1056768K)], 0.0306311 secs] [Times: user=0.20 sys=0.01, real=0.03 secs] 
52.249: Total time for which application threads were stopped: 0.0307254 seconds
52.252: [Full GC (Ergonomics) [PSYoungGen: 65536K->19933K(76288K)] [ParOldGen: 174622K->174628K(175104K)] 240158K->194562K(251392K), [Metaspace: 4217K->4217K(1056768K)], 0.0320866 secs] [Times: user=0.22 sys=0.00, real=0.04 secs] 
52.285: Total time for which application threads were stopped: 0.0322421 seconds
52.289: [Full GC (Ergonomics) [PSYoungGen: 65536K->19933K(76288K)] [ParOldGen: 174628K->174628K(175104K)] 240164K->194562K(251392K), [Metaspace: 4217K->4217K(1056768K)], 0.0331988 secs] [Times: user=0.20 sys=0.00, real=0.03 secs] 
52.322: Total time for which application threads were stopped: 0.0333357 seconds
52.325: [Full GC (Ergonomics) [PSYoungGen: 65536K->19931K(76288K)] [ParOldGen: 174628K->174631K(175104K)] 240164K->194562K(251392K), [Metaspace: 4217K->4217K(1056768K)], 0.0328843 secs] [Times: user=0.21 sys=0.00, real=0.03 secs] 
52.358: Total time for which application threads were stopped: 0.0330303 seconds
52.362: [Full GC (Ergonomics) [PSYoungGen: 65536K->19933K(76288K)] [ParOldGen: 174631K->174628K(175104K)] 240167K->194562K(251392K), [Metaspace: 4217K->4217K(1056768K)], 0.0313616 secs] [Times: user=0.18 sys=0.00, real=0.03 secs] 
52.393: Total time for which application threads were stopped: 0.0314702 seconds
52.397: [Full GC (Ergonomics) [PSYoungGen: 65536K->19926K(76288K)] [ParOldGen: 174628K->174635K(175104K)] 240164K->194562K(251392K), [Metaspace: 4217K->4217K(1056768K)], 0.0335627 secs] [Times: user=0.20 sys=0.01, real=0.03 secs] 
52.430: Total time for which application threads were stopped: 0.0336566 seconds
52.434: [Full GC (Ergonomics) [PSYoungGen: 65536K->19936K(76288K)] [ParOldGen: 174635K->174625K(175104K)] 240171K->194562K(251392K), [Metaspace: 4217K->4217K(1056768K)], 0.0324699 secs] [Times: user=0.22 sys=0.00, real=0.03 secs] 
52.466: Total time for which application threads were stopped: 0.0325876 seconds
52.470: [Full GC (Ergonomics) [PSYoungGen: 65536K->19926K(76288K)] [ParOldGen: 174625K->174635K(175104K)] 240161K->194562K(251392K), [Metaspace: 4217K->4217K(1056768K)], 0.0307698 secs] [Times: user=0.18 sys=0.00, real=0.03 secs] 
52.500: Total time for which application threads were stopped: 0.0309092 seconds
52.504: [Full GC (Ergonomics) [PSYoungGen: 65536K->19929K(76288K)] [ParOldGen: 174635K->174632K(175104K)] 240171K->194562K(251392K), [Metaspace: 4217K->4217K(1056768K)], 0.0316150 secs] [Times: user=0.19 sys=0.01, real=0.03 secs] 
52.535: Total time for which application threads were stopped: 0.0317132 seconds
52.539: [Full GC (Ergonomics) [PSYoungGen: 65536K->19924K(76288K)] [ParOldGen: 174632K->174637K(175104K)] 240168K->194562K(251392K), [Metaspace: 4217K->4217K(1056768K)], 0.0324016 secs] [Times: user=0.20 sys=0.00, real=0.03 secs] 
52.571: Total time for which application threads were stopped: 0.0325157 seconds
52.575: [Full GC (Ergonomics) [PSYoungGen: 65536K->19928K(76288K)] [ParOldGen: 174637K->174633K(175104K)] 240173K->194562K(251392K), [Metaspace: 4217K->4217K(1056768K)], 0.0320817 secs] [Times: user=0.23 sys=0.00, real=0.03 secs] 
52.607: Total time for which application threads were stopped: 0.0322158 seconds
52.611: [Full GC (Ergonomics) [PSYoungGen: 65536K->19934K(76288K)] [ParOldGen: 174633K->174627K(175104K)] 240169K->194562K(251392K), [Metaspace: 4217K->4217K(1056768K)], 0.0333520 secs] [Times: user=0.22 sys=0.00, real=0.04 secs] 
52.644: Total time for which application threads were stopped: 0.0335005 seconds
52.648: [Full GC (Ergonomics) [PSYoungGen: 65536K->19928K(76288K)] [ParOldGen: 174627K->174633K(175104K)] 240163K->194562K(251392K), [Metaspace: 4217K->4217K(1056768K)], 0.0326285 secs] [Times: user=0.21 sys=0.00, real=0.03 secs] 
52.680: Total time for which application threads were stopped: 0.0327478 seconds
52.684: [Full GC (Ergonomics) [PSYoungGen: 65536K->19934K(76288K)] [ParOldGen: 174633K->174627K(175104K)] 240169K->194562K(251392K), [Metaspace: 4217K->4217K(1056768K)], 0.0325585 secs] [Times: user=0.21 sys=0.00, real=0.03 secs] 
52.716: Total time for which application threads were stopped: 0.0326920 seconds
52.720: [Full GC (Ergonomics) [PSYoungGen: 65536K->19928K(76288K)] [ParOldGen: 174627K->174633K(175104K)] 240163K->194562K(251392K), [Metaspace: 4217K->4217K(1056768K)], 0.0324310 secs] [Times: user=0.22 sys=0.00, real=0.03 secs] 
52.752: Total time for which application threads were stopped: 0.0325462 seconds
52.756: [Full GC (Ergonomics) [PSYoungGen: 65536K->19938K(76288K)] [ParOldGen: 174633K->174623K(175104K)] 240169K->194562K(251392K), [Metaspace: 4217K->4217K(1056768K)], 0.0323878 secs] [Times: user=0.22 sys=0.00, real=0.03 secs] 
52.788: Total time for which application threads were stopped: 0.0325346 seconds
52.792: [Full GC (Ergonomics) [PSYoungGen: 65536K->19932K(76288K)] [ParOldGen: 174623K->174629K(175104K)] 240159K->194562K(251392K), [Metaspace: 4217K->4217K(1056768K)], 0.0322956 secs] [Times: user=0.22 sys=0.01, real=0.04 secs] 
52.824: Total time for which application threads were stopped: 0.0324686 seconds
52.828: [Full GC (Ergonomics) [PSYoungGen: 65536K->19936K(76288K)] [ParOldGen: 174629K->174625K(175104K)] 240165K->194562K(251392K), [Metaspace: 4217K->4217K(1056768K)], 0.0324134 secs] [Times: user=0.22 sys=0.00, real=0.03 secs] 
52.860: Total time for which application threads were stopped: 0.0325345 seconds
52.863: [Full GC (Ergonomics) [PSYoungGen: 65536K->19937K(76288K)] [ParOldGen: 174625K->174624K(175104K)] 240161K->194562K(251392K), [Metaspace: 4217K->4217K(1056768K)], 0.0316146 secs] [Times: user=0.22 sys=0.00, real=0.03 secs] 
52.895: Total time for which application threads were stopped: 0.0317239 seconds
52.899: [Full GC (Ergonomics) [PSYoungGen: 65536K->19929K(76288K)] [ParOldGen: 174624K->174632K(175104K)] 240160K->194562K(251392K), [Metaspace: 4217K->4217K(1056768K)], 0.0331807 secs] [Times: user=0.24 sys=0.00, real=0.03 secs] 
52.932: Total time for which application threads were stopped: 0.0333160 seconds
52.935: [Full GC (Ergonomics) [PSYoungGen: 65536K->19933K(76288K)] [ParOldGen: 174632K->174628K(175104K)] 240168K->194562K(251392K), [Metaspace: 4217K->4217K(1056768K)], 0.0327386 secs] [Times: user=0.22 sys=0.00, real=0.03 secs] 
52.968: Total time for which application threads were stopped: 0.0328752 seconds
52.971: [Full GC (Ergonomics) [PSYoungGen: 65536K->19933K(76288K)] [ParOldGen: 174628K->174629K(175104K)] 240164K->194562K(251392K), [Metaspace: 4217K->4217K(1056768K)], 0.0324553 secs] [Times: user=0.20 sys=0.00, real=0.04 secs] 
53.004: Total time for which application threads were stopped: 0.0326110 seconds
53.007: [Full GC (Ergonomics) [PSYoungGen: 65536K->19924K(76288K)] [ParOldGen: 174629K->174637K(175104K)] 240165K->194562K(251392K), [Metaspace: 4217K->4217K(1056768K)], 0.0323805 secs] [Times: user=0.20 sys=0.00, real=0.03 secs] 
53.040: Total time for which application threads were stopped: 0.0324953 seconds
53.043: [Full GC (Ergonomics) [PSYoungGen: 65536K->19920K(76288K)] [ParOldGen: 174637K->174641K(175104K)] 240173K->194562K(251392K), [Metaspace: 4217K->4217K(1056768K)], 0.0313361 secs] [Times: user=0.21 sys=0.01, real=0.04 secs] 
53.075: Total time for which application threads were stopped: 0.0314658 seconds
53.078: [Full GC (Ergonomics) [PSYoungGen: 65536K->19935K(76288K)] [ParOldGen: 174641K->174626K(175104K)] 240177K->194562K(251392K), [Metaspace: 4217K->4217K(1056768K)], 0.0325577 secs] [Times: user=0.22 sys=0.00, real=0.03 secs] 
53.111: Total time for which application threads were stopped: 0.0326686 seconds
53.114: [Full GC (Ergonomics) [PSYoungGen: 65536K->19935K(76288K)] [ParOldGen: 174626K->174626K(175104K)] 240162K->194562K(251392K), [Metaspace: 4217K->4217K(1056768K)], 0.0323396 secs] [Times: user=0.23 sys=0.00, real=0.03 secs] 
53.147: Total time for which application threads were stopped: 0.0324931 seconds
53.150: [Full GC (Ergonomics) [PSYoungGen: 65536K->19928K(76288K)] [ParOldGen: 174626K->174633K(175104K)] 240162K->194562K(251392K), [Metaspace: 4217K->4217K(1056768K)], 0.0328602 secs] [Times: user=0.23 sys=0.00, real=0.03 secs] 
53.183: Total time for which application threads were stopped: 0.0329935 seconds
53.186: [Full GC (Ergonomics) [PSYoungGen: 65536K->19924K(76288K)] [ParOldGen: 174633K->174637K(175104K)] 240169K->194562K(251392K), [Metaspace: 4217K->4217K(1056768K)], 0.0322141 secs] [Times: user=0.23 sys=0.00, real=0.03 secs] 
53.219: Total time for which application threads were stopped: 0.0323489 seconds
53.222: [Full GC (Ergonomics) [PSYoungGen: 65536K->19935K(76288K)] [ParOldGen: 174637K->174626K(175104K)] 240173K->194562K(251392K), [Metaspace: 4217K->4217K(1056768K)], 0.0329039 secs] [Times: user=0.21 sys=0.00, real=0.04 secs] 
53.255: Total time for which application threads were stopped: 0.0330396 seconds
53.258: [Full GC (Ergonomics) [PSYoungGen: 65536K->19921K(76288K)] [ParOldGen: 174626K->174640K(175104K)] 240162K->194562K(251392K), [Metaspace: 4217K->4217K(1056768K)], 0.0326394 secs] [Times: user=0.22 sys=0.00, real=0.03 secs] 
53.291: Total time for which application threads were stopped: 0.0327500 seconds
53.295: [Full GC (Ergonomics) [PSYoungGen: 65536K->19930K(76288K)] [ParOldGen: 174640K->174631K(175104K)] 240176K->194562K(251392K), [Metaspace: 4217K->4217K(1056768K)], 0.0323056 secs] [Times: user=0.20 sys=0.01, real=0.03 secs] 
53.327: Total time for which application threads were stopped: 0.0324342 seconds
53.330: [Full GC (Ergonomics) [PSYoungGen: 65536K->19930K(76288K)] [ParOldGen: 174631K->174631K(175104K)] 240167K->194562K(251392K), [Metaspace: 4217K->4217K(1056768K)], 0.0325820 secs] [Times: user=0.22 sys=0.00, real=0.03 secs] 
53.363: Total time for which application threads were stopped: 0.0326965 seconds
53.366: [Full GC (Ergonomics) [PSYoungGen: 65536K->19923K(76288K)] [ParOldGen: 174631K->174638K(175104K)] 240167K->194562K(251392K), [Metaspace: 4217K->4217K(1056768K)], 0.0328008 secs] [Times: user=0.20 sys=0.00, real=0.03 secs] 
53.399: Total time for which application threads were stopped: 0.0329080 seconds
53.403: [Full GC (Ergonomics) [PSYoungGen: 65536K->19920K(76288K)] [ParOldGen: 174638K->174641K(175104K)] 240174K->194562K(251392K), [Metaspace: 4217K->4217K(1056768K)], 0.0325035 secs] [Times: user=0.22 sys=0.00, real=0.04 secs] 
53.435: Total time for which application threads were stopped: 0.0326189 seconds
53.439: [Full GC (Ergonomics) [PSYoungGen: 65536K->19925K(76288K)] [ParOldGen: 174641K->174636K(175104K)] 240177K->194562K(251392K), [Metaspace: 4217K->4217K(1056768K)], 0.0302279 secs] [Times: user=0.19 sys=0.00, real=0.03 secs] 
53.469: Total time for which application threads were stopped: 0.0303619 seconds
53.472: [Full GC (Ergonomics) [PSYoungGen: 65536K->19936K(76288K)] [ParOldGen: 174636K->174625K(175104K)] 240172K->194562K(251392K), [Metaspace: 4217K->4217K(1056768K)], 0.0332329 secs] [Times: user=0.19 sys=0.00, real=0.04 secs] 
53.506: Total time for which application threads were stopped: 0.0333668 seconds
53.509: [Full GC (Ergonomics) [PSYoungGen: 65536K->19925K(76288K)] [ParOldGen: 174625K->174636K(175104K)] 240161K->194562K(251392K), [Metaspace: 4217K->4217K(1056768K)], 0.0309227 secs] [Times: user=0.19 sys=0.01, real=0.03 secs] 
53.540: Total time for which application threads were stopped: 0.0310340 seconds
53.544: [Full GC (Ergonomics) [PSYoungGen: 65536K->19931K(76288K)] [ParOldGen: 174636K->174630K(175104K)] 240172K->194562K(251392K), [Metaspace: 4217K->4217K(1056768K)], 0.0324864 secs] [Times: user=0.21 sys=0.00, real=0.03 secs] 
53.576: Total time for which application threads were stopped: 0.0326416 seconds
53.580: [Full GC (Ergonomics) [PSYoungGen: 65536K->19935K(76288K)] [ParOldGen: 174630K->174626K(175104K)] 240166K->194562K(251392K), [Metaspace: 4217K->4217K(1056768K)], 0.0308576 secs] [Times: user=0.21 sys=0.00, real=0.03 secs] 
53.611: Total time for which application threads were stopped: 0.0309717 seconds
53.614: [Full GC (Ergonomics) [PSYoungGen: 65536K->19940K(76288K)] [ParOldGen: 174626K->174621K(175104K)] 240162K->194562K(251392K), [Metaspace: 4217K->4217K(1056768K)], 0.0330128 secs] [Times: user=0.22 sys=0.00, real=0.03 secs] 
53.647: Total time for which application threads were stopped: 0.0331361 seconds
53.650: [Full GC (Ergonomics) [PSYoungGen: 65536K->19931K(76288K)] [ParOldGen: 174621K->174630K(175104K)] 240157K->194562K(251392K), [Metaspace: 4217K->4217K(1056768K)], 0.0326209 secs] [Times: user=0.23 sys=0.00, real=0.03 secs] 
53.683: Total time for which application threads were stopped: 0.0327424 seconds
53.687: [Full GC (Ergonomics) [PSYoungGen: 65536K->19928K(76288K)] [ParOldGen: 174630K->174633K(175104K)] 240166K->194562K(251392K), [Metaspace: 4217K->4217K(1056768K)], 0.0311580 secs] [Times: user=0.21 sys=0.00, real=0.03 secs] 
53.718: Total time for which application threads were stopped: 0.0312882 seconds
53.721: [Full GC (Ergonomics) [PSYoungGen: 65536K->19925K(76288K)] [ParOldGen: 174633K->174636K(175104K)] 240169K->194562K(251392K), [Metaspace: 4217K->4217K(1056768K)], 0.0324257 secs] [Times: user=0.22 sys=0.00, real=0.04 secs] 
53.754: Total time for which application threads were stopped: 0.0325450 seconds
53.757: [Full GC (Ergonomics) [PSYoungGen: 65536K->19926K(76288K)] [ParOldGen: 174636K->174635K(175104K)] 240172K->194562K(251392K), [Metaspace: 4217K->4217K(1056768K)], 0.0322782 secs] [Times: user=0.22 sys=0.01, real=0.03 secs] 
53.789: Total time for which application threads were stopped: 0.0323969 seconds
53.793: [Full GC (Ergonomics) [PSYoungGen: 65536K->19930K(76288K)] [ParOldGen: 174635K->174631K(175104K)] 240171K->194562K(251392K), [Metaspace: 4217K->4217K(1056768K)], 0.0323487 secs] [Times: user=0.22 sys=0.00, real=0.04 secs] 
53.825: Total time for which application threads were stopped: 0.0324435 seconds
53.829: [Full GC (Ergonomics) [PSYoungGen: 65536K->19927K(76288K)] [ParOldGen: 174631K->174634K(175104K)] 240167K->194562K(251392K), [Metaspace: 4217K->4217K(1056768K)], 0.0326803 secs] [Times: user=0.22 sys=0.00, real=0.03 secs] 
53.862: Total time for which application threads were stopped: 0.0327921 seconds
53.865: [Full GC (Ergonomics) [PSYoungGen: 65536K->19918K(76288K)] [ParOldGen: 174634K->174643K(175104K)] 240170K->194562K(251392K), [Metaspace: 4217K->4217K(1056768K)], 0.0323525 secs] [Times: user=0.21 sys=0.00, real=0.03 secs] 
53.897: Total time for which application threads were stopped: 0.0324789 seconds
53.901: [Full GC (Ergonomics) [PSYoungGen: 65536K->19934K(76288K)] [ParOldGen: 174643K->174627K(175104K)] 240179K->194562K(251392K), [Metaspace: 4217K->4217K(1056768K)], 0.0323715 secs] [Times: user=0.22 sys=0.00, real=0.04 secs] 
53.934: Total time for which application threads were stopped: 0.0324705 seconds
53.937: [Full GC (Ergonomics) [PSYoungGen: 65536K->19925K(76288K)] [ParOldGen: 174627K->174636K(175104K)] 240163K->194562K(251392K), [Metaspace: 4217K->4217K(1056768K)], 0.0327314 secs] [Times: user=0.23 sys=0.00, real=0.03 secs] 
53.970: Total time for which application threads were stopped: 0.0328275 seconds
53.973: [Full GC (Ergonomics) [PSYoungGen: 65536K->19934K(76288K)] [ParOldGen: 174636K->174627K(175104K)] 240172K->194562K(251392K), [Metaspace: 4217K->4217K(1056768K)], 0.0329422 secs] [Times: user=0.20 sys=0.00, real=0.04 secs] 
54.006: Total time for which application threads were stopped: 0.0330715 seconds
54.010: [Full GC (Ergonomics) [PSYoungGen: 65536K->19932K(76288K)] [ParOldGen: 174627K->174630K(175104K)] 240163K->194562K(251392K), [Metaspace: 4217K->4217K(1056768K)], 0.0307430 secs] [Times: user=0.20 sys=0.00, real=0.03 secs] 
54.041: Total time for which application threads were stopped: 0.0308508 seconds
54.044: [Full GC (Ergonomics) [PSYoungGen: 65536K->19916K(76288K)] [ParOldGen: 174630K->174645K(175104K)] 240166K->194562K(251392K), [Metaspace: 4217K->4217K(1056768K)], 0.0331785 secs] [Times: user=0.23 sys=0.01, real=0.03 secs] 
54.077: Total time for which application threads were stopped: 0.0333162 seconds
54.081: [Full GC (Ergonomics) [PSYoungGen: 65536K->19920K(76288K)] [ParOldGen: 174645K->174641K(175104K)] 240181K->194562K(251392K), [Metaspace: 4217K->4217K(1056768K)], 0.0316280 secs] [Times: user=0.21 sys=0.00, real=0.03 secs] 
54.112: Total time for which application threads were stopped: 0.0317627 seconds
54.116: [Full GC (Ergonomics) [PSYoungGen: 65536K->19933K(76288K)] [ParOldGen: 174641K->174628K(175104K)] 240177K->194562K(251392K), [Metaspace: 4217K->4217K(1056768K)], 0.0326574 secs] [Times: user=0.22 sys=0.00, real=0.03 secs] 
54.149: Total time for which application threads were stopped: 0.0327893 seconds
54.152: [Full GC (Ergonomics) [PSYoungGen: 65536K->19930K(76288K)] [ParOldGen: 174628K->174631K(175104K)] 240164K->194562K(251392K), [Metaspace: 4217K->4217K(1056768K)], 0.0316207 secs] [Times: user=0.20 sys=0.00, real=0.04 secs] 
54.184: Total time for which application threads were stopped: 0.0317539 seconds
54.187: [Full GC (Ergonomics) [PSYoungGen: 65536K->19938K(76288K)] [ParOldGen: 174631K->174623K(175104K)] 240167K->194562K(251392K), [Metaspace: 4217K->4217K(1056768K)], 0.0321980 secs] [Times: user=0.23 sys=0.00, real=0.03 secs] 
54.219: Total time for which application threads were stopped: 0.0323083 seconds
54.223: [Full GC (Ergonomics) [PSYoungGen: 65536K->19929K(76288K)] [ParOldGen: 174623K->174632K(175104K)] 240159K->194562K(251392K), [Metaspace: 4217K->4217K(1056768K)], 0.0307341 secs] [Times: user=0.20 sys=0.00, real=0.04 secs] 
54.254: Total time for which application threads were stopped: 0.0308468 seconds
54.257: [Full GC (Ergonomics) [PSYoungGen: 65536K->19933K(76288K)] [ParOldGen: 174632K->174629K(175104K)] 240168K->194562K(251392K), [Metaspace: 4217K->4217K(1056768K)], 0.0322035 secs] [Times: user=0.21 sys=0.00, real=0.03 secs] 
54.289: Total time for which application threads were stopped: 0.0323369 seconds
54.293: [Full GC (Ergonomics) [PSYoungGen: 65536K->19928K(76288K)] [ParOldGen: 174629K->174633K(175104K)] 240165K->194562K(251392K), [Metaspace: 4217K->4217K(1056768K)], 0.0324621 secs] [Times: user=0.22 sys=0.01, real=0.04 secs] 
54.325: Total time for which application threads were stopped: 0.0325802 seconds
54.328: [Full GC (Ergonomics) [PSYoungGen: 65536K->19928K(76288K)] [ParOldGen: 174633K->174633K(175104K)] 240169K->194562K(251392K), [Metaspace: 4217K->4217K(1056768K)], 0.0318770 secs] [Times: user=0.22 sys=0.00, real=0.03 secs] 
54.360: Total time for which application threads were stopped: 0.0319954 seconds
54.364: [Full GC (Ergonomics) [PSYoungGen: 65536K->19925K(76288K)] [ParOldGen: 174633K->174636K(175104K)] 240169K->194562K(251392K), [Metaspace: 4217K->4217K(1056768K)], 0.0319577 secs] [Times: user=0.23 sys=0.00, real=0.03 secs] 
54.396: Total time for which application threads were stopped: 0.0320723 seconds
54.399: [Full GC (Ergonomics) [PSYoungGen: 65536K->19929K(76288K)] [ParOldGen: 174636K->174632K(175104K)] 240172K->194562K(251392K), [Metaspace: 4217K->4217K(1056768K)], 0.0302284 secs] [Times: user=0.21 sys=0.00, real=0.03 secs] 
54.430: Total time for which application threads were stopped: 0.0303659 seconds
54.433: [Full GC (Ergonomics) [PSYoungGen: 65536K->19929K(76288K)] [ParOldGen: 174632K->174632K(175104K)] 240168K->194562K(251392K), [Metaspace: 4217K->4217K(1056768K)], 0.0321212 secs] [Times: user=0.22 sys=0.00, real=0.03 secs] 
54.466: Total time for which application threads were stopped: 0.0322573 seconds
54.469: [Full GC (Ergonomics) [PSYoungGen: 65536K->19932K(76288K)] [ParOldGen: 174632K->174629K(175104K)] 240168K->194562K(251392K), [Metaspace: 4217K->4217K(1056768K)], 0.0322082 secs] [Times: user=0.19 sys=0.00, real=0.03 secs] 
54.501: Total time for which application threads were stopped: 0.0323404 seconds
54.505: [Full GC (Ergonomics) [PSYoungGen: 65536K->19936K(76288K)] [ParOldGen: 174629K->174625K(175104K)] 240165K->194562K(251392K), [Metaspace: 4217K->4217K(1056768K)], 0.0327621 secs] [Times: user=0.20 sys=0.00, real=0.03 secs] 
54.538: Total time for which application threads were stopped: 0.0328815 seconds
54.541: [Full GC (Ergonomics) [PSYoungGen: 65536K->19930K(76288K)] [ParOldGen: 174625K->174631K(175104K)] 240161K->194562K(251392K), [Metaspace: 4217K->4217K(1056768K)], 0.0317488 secs] [Times: user=0.22 sys=0.01, real=0.03 secs] 
54.573: Total time for which application threads were stopped: 0.0318624 seconds
54.577: [Full GC (Ergonomics) [PSYoungGen: 65536K->19922K(76288K)] [ParOldGen: 174631K->174639K(175104K)] 240167K->194562K(251392K), [Metaspace: 4217K->4217K(1056768K)], 0.0326541 secs] [Times: user=0.20 sys=0.00, real=0.03 secs] 
54.609: Total time for which application threads were stopped: 0.0327766 seconds
54.614: [Full GC (Ergonomics) [PSYoungGen: 65536K->19934K(76288K)] [ParOldGen: 174639K->174627K(175104K)] 240175K->194562K(251392K), [Metaspace: 4217K->4217K(1056768K)], 0.0330707 secs] [Times: user=0.21 sys=0.00, real=0.03 secs] 
54.647: Total time for which application threads were stopped: 0.0331957 seconds
54.650: [Full GC (Ergonomics) [PSYoungGen: 65536K->19933K(76288K)] [ParOldGen: 174627K->174629K(175104K)] 240163K->194562K(251392K), [Metaspace: 4217K->4217K(1056768K)], 0.0315075 secs] [Times: user=0.22 sys=0.00, real=0.03 secs] 
54.682: Total time for which application threads were stopped: 0.0316325 seconds
54.685: [Full GC (Ergonomics) [PSYoungGen: 65536K->19925K(76288K)] [ParOldGen: 174629K->174636K(175104K)] 240165K->194562K(251392K), [Metaspace: 4217K->4217K(1056768K)], 0.0330451 secs] [Times: user=0.23 sys=0.00, real=0.03 secs] 
54.719: Total time for which application threads were stopped: 0.0331765 seconds
54.722: [Full GC (Ergonomics) [PSYoungGen: 65536K->19938K(76288K)] [ParOldGen: 174636K->174623K(175104K)] 240172K->194562K(251392K), [Metaspace: 4217K->4217K(1056768K)], 0.0322551 secs] [Times: user=0.22 sys=0.00, real=0.04 secs] 
54.754: Total time for which application threads were stopped: 0.0323800 seconds
54.758: [Full GC (Ergonomics) [PSYoungGen: 65536K->19941K(76288K)] [ParOldGen: 174623K->174620K(175104K)] 240159K->194562K(251392K), [Metaspace: 4217K->4217K(1056768K)], 0.0320687 secs] [Times: user=0.18 sys=0.00, real=0.03 secs] 
54.790: Total time for which application threads were stopped: 0.0322088 seconds
54.793: [Full GC (Ergonomics) [PSYoungGen: 65536K->19925K(76288K)] [ParOldGen: 174620K->174636K(175104K)] 240156K->194562K(251392K), [Metaspace: 4217K->4217K(1056768K)], 0.0321270 secs] [Times: user=0.23 sys=0.01, real=0.04 secs] 
54.825: Total time for which application threads were stopped: 0.0322849 seconds
54.829: [Full GC (Ergonomics) [PSYoungGen: 65536K->19933K(76288K)] [ParOldGen: 174636K->174628K(175104K)] 240172K->194562K(251392K), [Metaspace: 4217K->4217K(1056768K)], 0.0322921 secs] [Times: user=0.22 sys=0.00, real=0.03 secs] 
54.861: Total time for which application threads were stopped: 0.0324247 seconds
54.865: [Full GC (Ergonomics) [PSYoungGen: 65536K->19928K(76288K)] [ParOldGen: 174628K->174633K(175104K)] 240164K->194562K(251392K), [Metaspace: 4217K->4217K(1056768K)], 0.0309194 secs] [Times: user=0.21 sys=0.00, real=0.03 secs] 
54.896: Total time for which application threads were stopped: 0.0310543 seconds
54.899: [Full GC (Ergonomics) [PSYoungGen: 65536K->19927K(76288K)] [ParOldGen: 174633K->174634K(175104K)] 240169K->194562K(251392K), [Metaspace: 4217K->4217K(1056768K)], 0.0332579 secs] [Times: user=0.23 sys=0.00, real=0.03 secs] 
54.932: Total time for which application threads were stopped: 0.0333871 seconds
54.936: [Full GC (Ergonomics) [PSYoungGen: 65536K->19936K(76288K)] [ParOldGen: 174634K->174625K(175104K)] 240170K->194562K(251392K), [Metaspace: 4217K->4217K(1056768K)], 0.0326941 secs] [Times: user=0.22 sys=0.00, real=0.03 secs] 
54.969: Total time for which application threads were stopped: 0.0328567 seconds
54.972: [Full GC (Ergonomics) [PSYoungGen: 65536K->19925K(76288K)] [ParOldGen: 174625K->174636K(175104K)] 240161K->194562K(251392K), [Metaspace: 4217K->4217K(1056768K)], 0.0319783 secs] [Times: user=0.19 sys=0.00, real=0.04 secs] 
55.004: Total time for which application threads were stopped: 0.0320813 seconds
55.007: [Full GC (Ergonomics) [PSYoungGen: 65536K->19927K(76288K)] [ParOldGen: 174636K->174634K(175104K)] 240172K->194562K(251392K), [Metaspace: 4217K->4217K(1056768K)], 0.0320674 secs] [Times: user=0.20 sys=0.00, real=0.03 secs] 
55.040: Total time for which application threads were stopped: 0.0321991 seconds
55.043: [Full GC (Ergonomics) [PSYoungGen: 65536K->19931K(76288K)] [ParOldGen: 174634K->174630K(175104K)] 240170K->194562K(251392K), [Metaspace: 4217K->4217K(1056768K)], 0.0325549 secs] [Times: user=0.23 sys=0.01, real=0.04 secs] 
55.076: Total time for which application threads were stopped: 0.0326743 seconds
55.079: [Full GC (Ergonomics) [PSYoungGen: 65536K->19936K(76288K)] [ParOldGen: 174630K->174625K(175104K)] 240166K->194562K(251392K), [Metaspace: 4217K->4217K(1056768K)], 0.0322896 secs] [Times: user=0.22 sys=0.00, real=0.03 secs] 
55.112: Total time for which application threads were stopped: 0.0324106 seconds
55.115: [Full GC (Ergonomics) [PSYoungGen: 65536K->19934K(76288K)] [ParOldGen: 174625K->174627K(175104K)] 240161K->194562K(251392K), [Metaspace: 4217K->4217K(1056768K)], 0.0314556 secs] [Times: user=0.22 sys=0.00, real=0.03 secs] 
55.147: Total time for which application threads were stopped: 0.0315703 seconds
55.150: [Full GC (Ergonomics) [PSYoungGen: 65536K->19930K(76288K)] [ParOldGen: 174627K->174631K(175104K)] 240163K->194562K(251392K), [Metaspace: 4217K->4217K(1056768K)], 0.0324799 secs] [Times: user=0.20 sys=0.00, real=0.03 secs] 
55.182: Total time for which application threads were stopped: 0.0326255 seconds
55.186: [Full GC (Ergonomics) [PSYoungGen: 65536K->19936K(76288K)] [ParOldGen: 174631K->174625K(175104K)] 240167K->194562K(251392K), [Metaspace: 4217K->4217K(1056768K)], 0.0326961 secs] [Times: user=0.23 sys=0.00, real=0.03 secs] 
55.219: Total time for which application threads were stopped: 0.0328576 seconds
55.222: [Full GC (Ergonomics) [PSYoungGen: 65536K->19925K(76288K)] [ParOldGen: 174625K->174636K(175104K)] 240161K->194562K(251392K), [Metaspace: 4217K->4217K(1056768K)], 0.0327236 secs] [Times: user=0.23 sys=0.00, real=0.04 secs] 
55.255: Total time for which application threads were stopped: 0.0328353 seconds
55.258: [Full GC (Ergonomics) [PSYoungGen: 65536K->19926K(76288K)] [ParOldGen: 174636K->174635K(175104K)] 240172K->194562K(251392K), [Metaspace: 4217K->4217K(1056768K)], 0.0328535 secs] [Times: user=0.24 sys=0.00, real=0.03 secs] 
55.291: Total time for which application threads were stopped: 0.0329696 seconds
55.295: [Full GC (Ergonomics) [PSYoungGen: 65536K->19928K(76288K)] [ParOldGen: 174635K->174633K(175104K)] 240171K->194562K(251392K), [Metaspace: 4217K->4217K(1056768K)], 0.0327711 secs] [Times: user=0.22 sys=0.01, real=0.03 secs] 
55.327: Total time for which application threads were stopped: 0.0329058 seconds
55.331: [Full GC (Ergonomics) [PSYoungGen: 65536K->19932K(76288K)] [ParOldGen: 174633K->174629K(175104K)] 240169K->194562K(251392K), [Metaspace: 4217K->4217K(1056768K)], 0.0331275 secs] [Times: user=0.23 sys=0.00, real=0.04 secs] 
55.364: Total time for which application threads were stopped: 0.0332513 seconds
55.367: [Full GC (Ergonomics) [PSYoungGen: 65536K->19926K(76288K)] [ParOldGen: 174629K->174635K(175104K)] 240165K->194562K(251392K), [Metaspace: 4217K->4217K(1056768K)], 0.0329322 secs] [Times: user=0.20 sys=0.00, real=0.03 secs] 
55.400: Total time for which application threads were stopped: 0.0330425 seconds
55.404: [Full GC (Ergonomics) [PSYoungGen: 65536K->19935K(76288K)] [ParOldGen: 174635K->174626K(175104K)] 240171K->194562K(251392K), [Metaspace: 4217K->4217K(1056768K)], 0.0325333 secs] [Times: user=0.22 sys=0.00, real=0.03 secs] 
55.436: Total time for which application threads were stopped: 0.0326681 seconds
55.440: [Full GC (Ergonomics) [PSYoungGen: 65536K->19934K(76288K)] [ParOldGen: 174626K->174627K(175104K)] 240162K->194562K(251392K), [Metaspace: 4217K->4217K(1056768K)], 0.0328924 secs] [Times: user=0.21 sys=0.00, real=0.03 secs] 
55.473: Total time for which application threads were stopped: 0.0330422 seconds
55.476: [Full GC (Ergonomics) [PSYoungGen: 65536K->19936K(76288K)] [ParOldGen: 174627K->174626K(175104K)] 240163K->194562K(251392K), [Metaspace: 4217K->4217K(1056768K)], 0.0318492 secs] [Times: user=0.19 sys=0.00, real=0.03 secs] 
55.508: Total time for which application threads were stopped: 0.0319640 seconds
55.511: [Full GC (Ergonomics) [PSYoungGen: 65536K->19925K(76288K)] [ParOldGen: 174626K->174636K(175104K)] 240162K->194562K(251392K), [Metaspace: 4217K->4217K(1056768K)], 0.0327819 secs] [Times: user=0.22 sys=0.00, real=0.04 secs] 
55.544: Total time for which application threads were stopped: 0.0329217 seconds
55.548: [Full GC (Ergonomics) [PSYoungGen: 65536K->19933K(76288K)] [ParOldGen: 174636K->174628K(175104K)] 240172K->194562K(251392K), [Metaspace: 4217K->4217K(1056768K)], 0.0325987 secs] [Times: user=0.22 sys=0.01, real=0.03 secs] 
55.580: Total time for which application threads were stopped: 0.0327150 seconds
55.584: [Full GC (Ergonomics) [PSYoungGen: 65536K->19928K(76288K)] [ParOldGen: 174628K->174633K(175104K)] 240164K->194562K(251392K), [Metaspace: 4217K->4217K(1056768K)], 0.0328445 secs] [Times: user=0.22 sys=0.00, real=0.03 secs] 
55.617: Total time for which application threads were stopped: 0.0329777 seconds
55.620: [Full GC (Ergonomics) [PSYoungGen: 65536K->19937K(76288K)] [ParOldGen: 174633K->174624K(175104K)] 240169K->194562K(251392K), [Metaspace: 4217K->4217K(1056768K)], 0.0318171 secs] [Times: user=0.21 sys=0.00, real=0.03 secs] 
55.652: Total time for which application threads were stopped: 0.0319674 seconds
55.656: [Full GC (Ergonomics) [PSYoungGen: 65536K->19937K(76288K)] [ParOldGen: 174624K->174624K(175104K)] 240160K->194562K(251392K), [Metaspace: 4217K->4217K(1056768K)], 0.0328254 secs] [Times: user=0.22 sys=0.00, real=0.03 secs] 
55.689: Total time for which application threads were stopped: 0.0329467 seconds
55.692: [Full GC (Ergonomics) [PSYoungGen: 65536K->19922K(76288K)] [ParOldGen: 174624K->174639K(175104K)] 240160K->194562K(251392K), [Metaspace: 4217K->4217K(1056768K)], 0.0325959 secs] [Times: user=0.21 sys=0.00, real=0.04 secs] 
55.725: Total time for which application threads were stopped: 0.0327270 seconds
55.728: [Full GC (Ergonomics) [PSYoungGen: 65536K->19928K(76288K)] [ParOldGen: 174639K->174633K(175104K)] 240175K->194562K(251392K), [Metaspace: 4217K->4217K(1056768K)], 0.0323406 secs] [Times: user=0.19 sys=0.00, real=0.03 secs] 
55.760: Total time for which application threads were stopped: 0.0324739 seconds
55.764: [Full GC (Ergonomics) [PSYoungGen: 65536K->19923K(76288K)] [ParOldGen: 174633K->174638K(175104K)] 240169K->194562K(251392K), [Metaspace: 4217K->4217K(1056768K)], 0.0326182 secs] [Times: user=0.23 sys=0.00, real=0.03 secs] 
55.796: Total time for which application threads were stopped: 0.0327536 seconds
55.800: [Full GC (Ergonomics) [PSYoungGen: 65536K->19929K(76288K)] [ParOldGen: 174638K->174632K(175104K)] 240174K->194562K(251392K), [Metaspace: 4217K->4217K(1056768K)], 0.0307249 secs] [Times: user=0.21 sys=0.01, real=0.03 secs] 
55.831: Total time for which application threads were stopped: 0.0308594 seconds
55.834: [Full GC (Ergonomics) [PSYoungGen: 65536K->19934K(76288K)] [ParOldGen: 174632K->174627K(175104K)] 240168K->194562K(251392K), [Metaspace: 4217K->4217K(1056768K)], 0.0323027 secs] [Times: user=0.20 sys=0.00, real=0.03 secs] 
55.866: Total time for which application threads were stopped: 0.0324189 seconds
55.870: [Full GC (Ergonomics) [PSYoungGen: 65536K->19936K(76288K)] [ParOldGen: 174627K->174625K(175104K)] 240163K->194562K(251392K), [Metaspace: 4217K->4217K(1056768K)], 0.0326680 secs] [Times: user=0.23 sys=0.00, real=0.03 secs] 
55.903: Total time for which application threads were stopped: 0.0328230 seconds
55.906: [Full GC (Ergonomics) [PSYoungGen: 65536K->19936K(76288K)] [ParOldGen: 174625K->174625K(175104K)] 240161K->194562K(251392K), [Metaspace: 4217K->4217K(1056768K)], 0.0319682 secs] [Times: user=0.20 sys=0.00, real=0.03 secs] 
55.938: Total time for which application threads were stopped: 0.0320812 seconds
55.941: [Full GC (Ergonomics) [PSYoungGen: 65536K->19933K(76288K)] [ParOldGen: 174625K->174628K(175104K)] 240161K->194562K(251392K), [Metaspace: 4217K->4217K(1056768K)], 0.0316410 secs] [Times: user=0.21 sys=0.00, real=0.03 secs] 
55.973: Total time for which application threads were stopped: 0.0317843 seconds
55.977: [Full GC (Ergonomics) [PSYoungGen: 65536K->19932K(76288K)] [ParOldGen: 174628K->174629K(175104K)] 240164K->194562K(251392K), [Metaspace: 4217K->4217K(1056768K)], 0.0308403 secs] [Times: user=0.18 sys=0.00, real=0.03 secs] 
56.008: Total time for which application threads were stopped: 0.0309510 seconds
56.011: [Full GC (Ergonomics) [PSYoungGen: 65536K->19934K(76288K)] [ParOldGen: 174629K->174627K(175104K)] 240165K->194562K(251392K), [Metaspace: 4217K->4217K(1056768K)], 0.0312817 secs] [Times: user=0.21 sys=0.01, real=0.03 secs] 
56.042: Total time for which application threads were stopped: 0.0314195 seconds
56.046: [Full GC (Ergonomics) [PSYoungGen: 65536K->19924K(76288K)] [ParOldGen: 174627K->174637K(175104K)] 240163K->194562K(251392K), [Metaspace: 4217K->4217K(1056768K)], 0.0317692 secs] [Times: user=0.21 sys=0.00, real=0.03 secs] 
56.078: Total time for which application threads were stopped: 0.0318921 seconds
56.081: [Full GC (Ergonomics) [PSYoungGen: 65536K->19928K(76288K)] [ParOldGen: 174637K->174633K(175104K)] 240173K->194562K(251392K), [Metaspace: 4217K->4217K(1056768K)], 0.0321605 secs] [Times: user=0.20 sys=0.00, real=0.04 secs] 
56.114: Total time for which application threads were stopped: 0.0323265 seconds
56.117: [Full GC (Ergonomics) [PSYoungGen: 65536K->19935K(76288K)] [ParOldGen: 174633K->174626K(175104K)] 240169K->194562K(251392K), [Metaspace: 4217K->4217K(1056768K)], 0.0321367 secs] [Times: user=0.23 sys=0.00, real=0.03 secs] 
56.149: Total time for which application threads were stopped: 0.0322682 seconds
56.153: [Full GC (Ergonomics) [PSYoungGen: 65536K->19925K(76288K)] [ParOldGen: 174626K->174636K(175104K)] 240162K->194562K(251392K), [Metaspace: 4217K->4217K(1056768K)], 0.0328645 secs] [Times: user=0.23 sys=0.00, real=0.04 secs] 
56.186: Total time for which application threads were stopped: 0.0330500 seconds
56.189: [Full GC (Ergonomics) [PSYoungGen: 65536K->19945K(76288K)] [ParOldGen: 174636K->174616K(175104K)] 240172K->194562K(251392K), [Metaspace: 4217K->4217K(1056768K)], 0.0312781 secs] [Times: user=0.21 sys=0.00, real=0.03 secs] 
56.220: Total time for which application threads were stopped: 0.0314103 seconds
56.224: [Full GC (Ergonomics) [PSYoungGen: 65536K->19640K(76288K)] [ParOldGen: 174616K->174921K(175104K)] 240152K->194562K(251392K), [Metaspace: 4217K->4217K(1056768K)], 0.0326772 secs] [Times: user=0.21 sys=0.00, real=0.03 secs] 
56.257: Total time for which application threads were stopped: 0.0328184 seconds
56.260: [Full GC (Ergonomics) [PSYoungGen: 65536K->19927K(76288K)] [ParOldGen: 174921K->174634K(175104K)] 240457K->194562K(251392K), [Metaspace: 4217K->4217K(1056768K)], 0.0324082 secs] [Times: user=0.22 sys=0.01, real=0.03 secs] 
56.293: Total time for which application threads were stopped: 0.0325578 seconds
56.296: [Full GC (Ergonomics) [PSYoungGen: 65536K->19929K(76288K)] [ParOldGen: 174634K->174632K(175104K)] 240170K->194562K(251392K), [Metaspace: 4217K->4217K(1056768K)], 0.0324064 secs] [Times: user=0.23 sys=0.00, real=0.03 secs] 
56.328: Total time for which application threads were stopped: 0.0324983 seconds
56.332: [Full GC (Ergonomics) [PSYoungGen: 65536K->19926K(76288K)] [ParOldGen: 174632K->174635K(175104K)] 240168K->194562K(251392K), [Metaspace: 4217K->4217K(1056768K)], 0.0311142 secs] [Times: user=0.21 sys=0.00, real=0.03 secs] 
56.363: Total time for which application threads were stopped: 0.0312640 seconds
56.366: [Full GC (Ergonomics) [PSYoungGen: 65536K->19925K(76288K)] [ParOldGen: 174635K->174636K(175104K)] 240171K->194562K(251392K), [Metaspace: 4217K->4217K(1056768K)], 0.0322721 secs] [Times: user=0.21 sys=0.00, real=0.03 secs] 
56.399: Total time for which application threads were stopped: 0.0324054 seconds
56.402: [Full GC (Ergonomics) [PSYoungGen: 65536K->19932K(76288K)] [ParOldGen: 174636K->174630K(175104K)] 240172K->194562K(251392K), [Metaspace: 4217K->4217K(1056768K)], 0.0330366 secs] [Times: user=0.22 sys=0.00, real=0.04 secs] 
56.435: Total time for which application threads were stopped: 0.0331388 seconds
56.439: [Full GC (Ergonomics) [PSYoungGen: 65536K->19937K(76288K)] [ParOldGen: 174630K->174624K(175104K)] 240166K->194562K(251392K), [Metaspace: 4217K->4217K(1056768K)], 0.0328666 secs] [Times: user=0.23 sys=0.00, real=0.03 secs] 
56.472: Total time for which application threads were stopped: 0.0329585 seconds
56.475: [Full GC (Ergonomics) [PSYoungGen: 65536K->19929K(76288K)] [ParOldGen: 174624K->174632K(175104K)] 240160K->194562K(251392K), [Metaspace: 4217K->4217K(1056768K)], 0.0332003 secs] [Times: user=0.19 sys=0.00, real=0.03 secs] 
56.508: Total time for which application threads were stopped: 0.0333063 seconds
56.512: [Full GC (Ergonomics) [PSYoungGen: 65536K->19931K(76288K)] [ParOldGen: 174632K->174630K(175104K)] 240168K->194562K(251392K), [Metaspace: 4217K->4217K(1056768K)], 0.0332627 secs] [Times: user=0.21 sys=0.01, real=0.04 secs] 
56.545: Total time for which application threads were stopped: 0.0334025 seconds
56.549: [Full GC (Ergonomics) [PSYoungGen: 65536K->19929K(76288K)] [ParOldGen: 174630K->174632K(175104K)] 240166K->194562K(251392K), [Metaspace: 4217K->4217K(1056768K)], 0.0326169 secs] [Times: user=0.21 sys=0.00, real=0.03 secs] 
56.581: Total time for which application threads were stopped: 0.0327970 seconds
56.585: [Full GC (Ergonomics) [PSYoungGen: 65536K->19932K(76288K)] [ParOldGen: 174632K->174629K(175104K)] 240168K->194562K(251392K), [Metaspace: 4217K->4217K(1056768K)], 0.0329083 secs] [Times: user=0.23 sys=0.00, real=0.03 secs] 
56.618: Total time for which application threads were stopped: 0.0330405 seconds
56.621: [Full GC (Ergonomics) [PSYoungGen: 65536K->19925K(76288K)] [ParOldGen: 174629K->174636K(175104K)] 240165K->194562K(251392K), [Metaspace: 4217K->4217K(1056768K)], 0.0320674 secs] [Times: user=0.22 sys=0.00, real=0.04 secs] 
56.653: Total time for which application threads were stopped: 0.0321948 seconds
56.657: [Full GC (Ergonomics) [PSYoungGen: 65536K->19927K(76288K)] [ParOldGen: 174636K->174634K(175104K)] 240172K->194562K(251392K), [Metaspace: 4217K->4217K(1056768K)], 0.0313534 secs] [Times: user=0.18 sys=0.00, real=0.03 secs] 
56.688: Total time for which application threads were stopped: 0.0314461 seconds
56.692: [Full GC (Ergonomics) [PSYoungGen: 65536K->19923K(76288K)] [ParOldGen: 174634K->174638K(175104K)] 240170K->194562K(251392K), [Metaspace: 4217K->4217K(1056768K)], 0.0325262 secs] [Times: user=0.22 sys=0.00, real=0.04 secs] 
56.724: Total time for which application threads were stopped: 0.0326425 seconds
56.728: [Full GC (Ergonomics) [PSYoungGen: 65536K->19923K(76288K)] [ParOldGen: 174638K->174638K(175104K)] 240174K->194562K(251392K), [Metaspace: 4217K->4217K(1056768K)], 0.0326252 secs] [Times: user=0.23 sys=0.00, real=0.03 secs] 
56.760: Total time for which application threads were stopped: 0.0327591 seconds
56.764: [Full GC (Ergonomics) [PSYoungGen: 65536K->19921K(76288K)] [ParOldGen: 174638K->174640K(175104K)] 240174K->194562K(251392K), [Metaspace: 4217K->4217K(1056768K)], 0.0313380 secs] [Times: user=0.20 sys=0.01, real=0.03 secs] 
56.796: Total time for which application threads were stopped: 0.0314728 seconds
56.799: [Full GC (Ergonomics) [PSYoungGen: 65536K->19928K(76288K)] [ParOldGen: 174640K->174633K(175104K)] 240176K->194562K(251392K), [Metaspace: 4217K->4217K(1056768K)], 0.0308074 secs] [Times: user=0.21 sys=0.00, real=0.03 secs] 
56.830: Total time for which application threads were stopped: 0.0309433 seconds
56.833: [Full GC (Ergonomics) [PSYoungGen: 65536K->19922K(76288K)] [ParOldGen: 174633K->174639K(175104K)] 240169K->194562K(251392K), [Metaspace: 4217K->4217K(1056768K)], 0.0311545 secs] [Times: user=0.21 sys=0.00, real=0.03 secs] 
56.865: Total time for which application threads were stopped: 0.0312894 seconds
56.868: [Full GC (Ergonomics) [PSYoungGen: 65536K->19925K(76288K)] [ParOldGen: 174639K->174636K(175104K)] 240175K->194562K(251392K), [Metaspace: 4217K->4217K(1056768K)], 0.0320546 secs] [Times: user=0.22 sys=0.00, real=0.03 secs] 
56.900: Total time for which application threads were stopped: 0.0321724 seconds
56.904: [Full GC (Ergonomics) [PSYoungGen: 65536K->19920K(76288K)] [ParOldGen: 174636K->174641K(175104K)] 240172K->194562K(251392K), [Metaspace: 4217K->4217K(1056768K)], 0.0337416 secs] [Times: user=0.23 sys=0.00, real=0.03 secs] 
56.937: Total time for which application threads were stopped: 0.0338935 seconds
56.942: [Full GC (Ergonomics) [PSYoungGen: 65536K->19930K(76288K)] [ParOldGen: 174641K->174631K(175104K)] 240177K->194562K(251392K), [Metaspace: 4217K->4217K(1056768K)], 0.0332719 secs] [Times: user=0.22 sys=0.00, real=0.04 secs] 
56.975: Total time for which application threads were stopped: 0.0334253 seconds
56.978: [Full GC (Ergonomics) [PSYoungGen: 65536K->19933K(76288K)] [ParOldGen: 174631K->174628K(175104K)] 240167K->194562K(251392K), [Metaspace: 4217K->4217K(1056768K)], 0.0329592 secs] [Times: user=0.19 sys=0.01, real=0.03 secs] 
57.011: Total time for which application threads were stopped: 0.0330761 seconds
57.015: [Full GC (Ergonomics) [PSYoungGen: 65536K->19931K(76288K)] [ParOldGen: 174628K->174630K(175104K)] 240164K->194562K(251392K), [Metaspace: 4217K->4217K(1056768K)], 0.0326331 secs] [Times: user=0.19 sys=0.00, real=0.03 secs] 
57.048: Total time for which application threads were stopped: 0.0327747 seconds
57.051: [Full GC (Ergonomics) [PSYoungGen: 65536K->19926K(76288K)] [ParOldGen: 174630K->174635K(175104K)] 240166K->194562K(251392K), [Metaspace: 4217K->4217K(1056768K)], 0.0327750 secs] [Times: user=0.21 sys=0.00, real=0.04 secs] 
57.084: Total time for which application threads were stopped: 0.0328901 seconds
57.088: [Full GC (Ergonomics) [PSYoungGen: 65536K->19930K(76288K)] [ParOldGen: 174635K->174631K(175104K)] 240171K->194562K(251392K), [Metaspace: 4217K->4217K(1056768K)], 0.0322939 secs] [Times: user=0.23 sys=0.00, real=0.03 secs] 
57.120: Total time for which application threads were stopped: 0.0324269 seconds
57.123: [Full GC (Ergonomics) [PSYoungGen: 65536K->19929K(76288K)] [ParOldGen: 174631K->174632K(175104K)] 240167K->194562K(251392K), [Metaspace: 4217K->4217K(1056768K)], 0.0311839 secs] [Times: user=0.22 sys=0.00, real=0.03 secs] 
57.155: Total time for which application threads were stopped: 0.0313332 seconds
57.158: [Full GC (Ergonomics) [PSYoungGen: 65536K->19926K(76288K)] [ParOldGen: 174632K->174635K(175104K)] 240168K->194562K(251392K), [Metaspace: 4217K->4217K(1056768K)], 0.0329172 secs] [Times: user=0.22 sys=0.00, real=0.03 secs] 
57.191: Total time for which application threads were stopped: 0.0330435 seconds
57.195: [Full GC (Ergonomics) [PSYoungGen: 65536K->19935K(76288K)] [ParOldGen: 174635K->174626K(175104K)] 240171K->194562K(251392K), [Metaspace: 4217K->4217K(1056768K)], 0.0329859 secs] [Times: user=0.22 sys=0.01, real=0.03 secs] 
57.228: Total time for which application threads were stopped: 0.0331127 seconds
57.232: [Full GC (Ergonomics) [PSYoungGen: 65536K->19924K(76288K)] [ParOldGen: 174626K->174637K(175104K)] 240162K->194562K(251392K), [Metaspace: 4217K->4217K(1056768K)], 0.0321097 secs] [Times: user=0.22 sys=0.00, real=0.04 secs] 
57.264: Total time for which application threads were stopped: 0.0322294 seconds
57.267: [Full GC (Ergonomics) [PSYoungGen: 65536K->19934K(76288K)] [ParOldGen: 174637K->174627K(175104K)] 240173K->194562K(251392K), [Metaspace: 4217K->4217K(1056768K)], 0.0320600 secs] [Times: user=0.20 sys=0.00, real=0.03 secs] 
57.299: Total time for which application threads were stopped: 0.0321952 seconds
57.303: [Full GC (Ergonomics) [PSYoungGen: 65536K->19935K(76288K)] [ParOldGen: 174627K->174626K(175104K)] 240163K->194562K(251392K), [Metaspace: 4217K->4217K(1056768K)], 0.0313510 secs] [Times: user=0.22 sys=0.00, real=0.04 secs] 
57.334: Total time for which application threads were stopped: 0.0314812 seconds
57.338: [Full GC (Ergonomics) [PSYoungGen: 65536K->19923K(76288K)] [ParOldGen: 174626K->174638K(175104K)] 240162K->194562K(251392K), [Metaspace: 4217K->4217K(1056768K)], 0.0308144 secs] [Times: user=0.21 sys=0.00, real=0.03 secs] 
57.368: Total time for which application threads were stopped: 0.0309532 seconds
57.372: [Full GC (Ergonomics) [PSYoungGen: 65536K->19927K(76288K)] [ParOldGen: 174638K->174634K(175104K)] 240174K->194562K(251392K), [Metaspace: 4217K->4217K(1056768K)], 0.0343799 secs] [Times: user=0.20 sys=0.00, real=0.04 secs] 
57.406: Total time for which application threads were stopped: 0.0345385 seconds
57.410: [Full GC (Ergonomics) [PSYoungGen: 65536K->19928K(76288K)] [ParOldGen: 174634K->174633K(175104K)] 240170K->194562K(251392K), [Metaspace: 4217K->4217K(1056768K)], 0.0327876 secs] [Times: user=0.23 sys=0.01, real=0.03 secs] 
57.443: Total time for which application threads were stopped: 0.0329013 seconds
57.446: [Full GC (Ergonomics) [PSYoungGen: 65536K->19938K(76288K)] [ParOldGen: 174633K->174623K(175104K)] 240169K->194562K(251392K), [Metaspace: 4217K->4217K(1056768K)], 0.0332016 secs] [Times: user=0.23 sys=0.00, real=0.03 secs] 
57.479: Total time for which application threads were stopped: 0.0332978 seconds
57.483: [Full GC (Ergonomics) [PSYoungGen: 65536K->19934K(76288K)] [ParOldGen: 174623K->174627K(175104K)] 240159K->194562K(251392K), [Metaspace: 4217K->4217K(1056768K)], 0.0330480 secs] [Times: user=0.19 sys=0.00, real=0.04 secs] 
57.516: Total time for which application threads were stopped: 0.0331451 seconds
57.519: [Full GC (Ergonomics) [PSYoungGen: 65536K->19925K(76288K)] [ParOldGen: 174627K->174636K(175104K)] 240163K->194562K(251392K), [Metaspace: 4217K->4217K(1056768K)], 0.0337251 secs] [Times: user=0.20 sys=0.01, real=0.03 secs] 
57.553: Total time for which application threads were stopped: 0.0338437 seconds
57.556: [Full GC (Ergonomics) [PSYoungGen: 65536K->19926K(76288K)] [ParOldGen: 174636K->174635K(175104K)] 240172K->194562K(251392K), [Metaspace: 4217K->4217K(1056768K)], 0.0330493 secs] [Times: user=0.23 sys=0.00, real=0.03 secs] 
57.590: Total time for which application threads were stopped: 0.0331616 seconds
57.593: [Full GC (Ergonomics) [PSYoungGen: 65536K->19923K(76288K)] [ParOldGen: 174635K->174638K(175104K)] 240171K->194562K(251392K), [Metaspace: 4217K->4217K(1056768K)], 0.0321957 secs] [Times: user=0.22 sys=0.00, real=0.04 secs] 
57.625: Total time for which application threads were stopped: 0.0323288 seconds
57.629: [Full GC (Ergonomics) [PSYoungGen: 65536K->19932K(76288K)] [ParOldGen: 174638K->174629K(175104K)] 240174K->194562K(251392K), [Metaspace: 4217K->4217K(1056768K)], 0.0335126 secs] [Times: user=0.21 sys=0.00, real=0.03 secs] 
57.662: Total time for which application threads were stopped: 0.0336222 seconds
57.666: [Full GC (Ergonomics) [PSYoungGen: 65536K->19930K(76288K)] [ParOldGen: 174629K->174631K(175104K)] 240165K->194562K(251392K), [Metaspace: 4217K->4217K(1056768K)], 0.0328013 secs] [Times: user=0.21 sys=0.00, real=0.03 secs] 
57.699: Total time for which application threads were stopped: 0.0329326 seconds
57.702: [Full GC (Ergonomics) [PSYoungGen: 65536K->19936K(76288K)] [ParOldGen: 174631K->174625K(175104K)] 240167K->194562K(251392K), [Metaspace: 4217K->4217K(1056768K)], 0.0326018 secs] [Times: user=0.23 sys=0.00, real=0.04 secs] 
57.735: Total time for which application threads were stopped: 0.0327351 seconds
57.738: [Full GC (Ergonomics) [PSYoungGen: 65536K->19925K(76288K)] [ParOldGen: 174625K->174636K(175104K)] 240161K->194562K(251392K), [Metaspace: 4217K->4217K(1056768K)], 0.0308711 secs] [Times: user=0.20 sys=0.01, real=0.03 secs] 
57.769: Total time for which application threads were stopped: 0.0310120 seconds
57.772: [Full GC (Ergonomics) [PSYoungGen: 65536K->19922K(76288K)] [ParOldGen: 174636K->174639K(175104K)] 240172K->194562K(251392K), [Metaspace: 4217K->4217K(1056768K)], 0.0313308 secs] [Times: user=0.21 sys=0.00, real=0.04 secs] 
57.804: Total time for which application threads were stopped: 0.0314627 seconds
57.807: [Full GC (Ergonomics) [PSYoungGen: 65536K->19922K(76288K)] [ParOldGen: 174639K->174639K(175104K)] 240175K->194562K(251392K), [Metaspace: 4217K->4217K(1056768K)], 0.0323964 secs] [Times: user=0.22 sys=0.00, real=0.03 secs] 
57.840: Total time for which application threads were stopped: 0.0325227 seconds
57.843: [Full GC (Ergonomics) [PSYoungGen: 65536K->19926K(76288K)] [ParOldGen: 174639K->174635K(175104K)] 240175K->194562K(251392K), [Metaspace: 4217K->4217K(1056768K)], 0.0324518 secs] [Times: user=0.21 sys=0.00, real=0.04 secs] 
57.876: Total time for which application threads were stopped: 0.0325857 seconds
57.879: [Full GC (Ergonomics) [PSYoungGen: 65536K->19930K(76288K)] [ParOldGen: 174635K->174631K(175104K)] 240171K->194562K(251392K), [Metaspace: 4217K->4217K(1056768K)], 0.0313108 secs] [Times: user=0.20 sys=0.00, real=0.03 secs] 
57.910: Total time for which application threads were stopped: 0.0314526 seconds
57.914: [Full GC (Ergonomics) [PSYoungGen: 65536K->19929K(76288K)] [ParOldGen: 174631K->174633K(175104K)] 240167K->194562K(251392K), [Metaspace: 4217K->4217K(1056768K)], 0.0332130 secs] [Times: user=0.23 sys=0.00, real=0.03 secs] 
57.947: Total time for which application threads were stopped: 0.0333622 seconds
57.951: [Full GC (Ergonomics) [PSYoungGen: 65536K->19924K(76288K)] [ParOldGen: 174633K->174637K(175104K)] 240169K->194562K(251392K), [Metaspace: 4217K->4217K(1056768K)], 0.0324635 secs] [Times: user=0.23 sys=0.00, real=0.04 secs] 
57.983: Total time for which application threads were stopped: 0.0325985 seconds
57.987: [Full GC (Ergonomics) [PSYoungGen: 65536K->19919K(76288K)] [ParOldGen: 174637K->174642K(175104K)] 240173K->194562K(251392K), [Metaspace: 4217K->4217K(1056768K)], 0.0333979 secs] [Times: user=0.20 sys=0.01, real=0.03 secs] 
58.020: Total time for which application threads were stopped: 0.0335186 seconds
58.024: [Full GC (Ergonomics) [PSYoungGen: 65536K->19932K(76288K)] [ParOldGen: 174642K->174629K(175104K)] 240178K->194562K(251392K), [Metaspace: 4217K->4217K(1056768K)], 0.0324391 secs] [Times: user=0.21 sys=0.00, real=0.03 secs] 
58.056: Total time for which application threads were stopped: 0.0325750 seconds
58.060: [Full GC (Ergonomics) [PSYoungGen: 65536K->19929K(76288K)] [ParOldGen: 174629K->174632K(175104K)] 240165K->194562K(251392K), [Metaspace: 4217K->4217K(1056768K)], 0.0329065 secs] [Times: user=0.21 sys=0.00, real=0.03 secs] 
58.093: Total time for which application threads were stopped: 0.0330226 seconds
58.096: [Full GC (Ergonomics) [PSYoungGen: 65536K->19934K(76288K)] [ParOldGen: 174632K->174627K(175104K)] 240168K->194562K(251392K), [Metaspace: 4217K->4217K(1056768K)], 0.0328157 secs] [Times: user=0.22 sys=0.00, real=0.03 secs] 
58.129: Total time for which application threads were stopped: 0.0329398 seconds
58.132: [Full GC (Ergonomics) [PSYoungGen: 65536K->19935K(76288K)] [ParOldGen: 174627K->174626K(175104K)] 240163K->194562K(251392K), [Metaspace: 4217K->4217K(1056768K)], 0.0307294 secs] [Times: user=0.20 sys=0.00, real=0.03 secs] 
58.163: Total time for which application threads were stopped: 0.0308522 seconds
58.167: [Full GC (Ergonomics) [PSYoungGen: 65536K->19939K(76288K)] [ParOldGen: 174626K->174622K(175104K)] 240162K->194562K(251392K), [Metaspace: 4217K->4217K(1056768K)], 0.0326409 secs] [Times: user=0.23 sys=0.00, real=0.03 secs] 
58.199: Total time for which application threads were stopped: 0.0327613 seconds
58.203: [Full GC (Ergonomics) [PSYoungGen: 65536K->19931K(76288K)] [ParOldGen: 174622K->174630K(175104K)] 240158K->194562K(251392K), [Metaspace: 4217K->4217K(1056768K)], 0.0329812 secs] [Times: user=0.24 sys=0.01, real=0.04 secs] 
58.236: Total time for which application threads were stopped: 0.0330898 seconds
58.239: [Full GC (Ergonomics) [PSYoungGen: 65536K->19923K(76288K)] [ParOldGen: 174630K->174638K(175104K)] 240166K->194562K(251392K), [Metaspace: 4217K->4217K(1056768K)], 0.0325640 secs] [Times: user=0.23 sys=0.00, real=0.03 secs] 
58.272: Total time for which application threads were stopped: 0.0326965 seconds
58.275: [Full GC (Ergonomics) [PSYoungGen: 65536K->19927K(76288K)] [ParOldGen: 174638K->174634K(175104K)] 240174K->194562K(251392K), [Metaspace: 4217K->4217K(1056768K)], 0.0308202 secs] [Times: user=0.19 sys=0.00, real=0.03 secs] 
58.306: Total time for which application threads were stopped: 0.0309537 seconds
58.309: [Full GC (Ergonomics) [PSYoungGen: 65536K->19920K(76288K)] [ParOldGen: 174634K->174641K(175104K)] 240170K->194562K(251392K), [Metaspace: 4217K->4217K(1056768K)], 0.0324180 secs] [Times: user=0.22 sys=0.00, real=0.03 secs] 
58.342: Total time for which application threads were stopped: 0.0325334 seconds
58.345: [Full GC (Ergonomics) [PSYoungGen: 65536K->19932K(76288K)] [ParOldGen: 174641K->174629K(175104K)] 240177K->194562K(251392K), [Metaspace: 4217K->4217K(1056768K)], 0.0329098 secs] [Times: user=0.22 sys=0.00, real=0.03 secs] 
58.378: Total time for which application threads were stopped: 0.0330137 seconds
58.382: [Full GC (Ergonomics) [PSYoungGen: 65536K->19918K(76288K)] [ParOldGen: 174629K->174643K(175104K)] 240165K->194562K(251392K), [Metaspace: 4217K->4217K(1056768K)], 0.0327440 secs] [Times: user=0.23 sys=0.00, real=0.04 secs] 
58.414: Total time for which application threads were stopped: 0.0328757 seconds
58.418: [Full GC (Ergonomics) [PSYoungGen: 65536K->19930K(76288K)] [ParOldGen: 174643K->174631K(175104K)] 240179K->194562K(251392K), [Metaspace: 4217K->4217K(1056768K)], 0.0323671 secs] [Times: user=0.21 sys=0.00, real=0.03 secs] 
58.450: Total time for which application threads were stopped: 0.0324603 seconds
58.454: [Full GC (Ergonomics) [PSYoungGen: 65536K->19927K(76288K)] [ParOldGen: 174631K->174634K(175104K)] 240167K->194562K(251392K), [Metaspace: 4217K->4217K(1056768K)], 0.0324655 secs] [Times: user=0.22 sys=0.01, real=0.03 secs] 
58.486: Total time for which application threads were stopped: 0.0326230 seconds
58.489: [Full GC (Ergonomics) [PSYoungGen: 65536K->19927K(76288K)] [ParOldGen: 174634K->174635K(175104K)] 240170K->194562K(251392K), [Metaspace: 4217K->4217K(1056768K)], 0.0324638 secs] [Times: user=0.20 sys=0.00, real=0.03 secs] 
58.522: Total time for which application threads were stopped: 0.0325830 seconds
58.525: [Full GC (Ergonomics) [PSYoungGen: 65536K->19929K(76288K)] [ParOldGen: 174635K->174632K(175104K)] 240171K->194562K(251392K), [Metaspace: 4217K->4217K(1056768K)], 0.0320567 secs] [Times: user=0.23 sys=0.00, real=0.03 secs] 
58.558: Total time for which application threads were stopped: 0.0321665 seconds
58.561: [Full GC (Ergonomics) [PSYoungGen: 65536K->19929K(76288K)] [ParOldGen: 174632K->174632K(175104K)] 240168K->194562K(251392K), [Metaspace: 4217K->4217K(1056768K)], 0.0332208 secs] [Times: user=0.21 sys=0.00, real=0.04 secs] 
58.594: Total time for which application threads were stopped: 0.0333539 seconds
58.598: [Full GC (Ergonomics) [PSYoungGen: 65536K->19922K(76288K)] [ParOldGen: 174632K->174639K(175104K)] 240168K->194562K(251392K), [Metaspace: 4217K->4217K(1056768K)], 0.0310934 secs] [Times: user=0.20 sys=0.00, real=0.03 secs] 
58.629: Total time for which application threads were stopped: 0.0312310 seconds
58.632: [Full GC (Ergonomics) [PSYoungGen: 65536K->19927K(76288K)] [ParOldGen: 174639K->174634K(175104K)] 240175K->194562K(251392K), [Metaspace: 4217K->4217K(1056768K)], 0.0335072 secs] [Times: user=0.23 sys=0.00, real=0.04 secs] 
58.666: Total time for which application threads were stopped: 0.0336389 seconds
58.669: [Full GC (Ergonomics) [PSYoungGen: 65536K->19940K(76288K)] [ParOldGen: 174634K->174621K(175104K)] 240170K->194562K(251392K), [Metaspace: 4217K->4217K(1056768K)], 0.0324424 secs] [Times: user=0.23 sys=0.01, real=0.03 secs] 
58.702: Total time for which application threads were stopped: 0.0325788 seconds
58.705: [Full GC (Ergonomics) [PSYoungGen: 65536K->19929K(76288K)] [ParOldGen: 174621K->174632K(175104K)] 240157K->194562K(251392K), [Metaspace: 4217K->4217K(1056768K)], 0.0328535 secs] [Times: user=0.23 sys=0.00, real=0.03 secs] 
58.738: Total time for which application threads were stopped: 0.0329644 seconds
58.742: [Full GC (Ergonomics) [PSYoungGen: 65536K->19924K(76288K)] [ParOldGen: 174632K->174637K(175104K)] 240168K->194562K(251392K), [Metaspace: 4217K->4217K(1056768K)], 0.0326078 secs] [Times: user=0.23 sys=0.00, real=0.04 secs] 
58.775: Total time for which application threads were stopped: 0.0327545 seconds
58.778: [Full GC (Ergonomics) [PSYoungGen: 65536K->19933K(76288K)] [ParOldGen: 174637K->174628K(175104K)] 240173K->194562K(251392K), [Metaspace: 4217K->4217K(1056768K)], 0.0329054 secs] [Times: user=0.23 sys=0.00, real=0.03 secs] 
58.811: Total time for which application threads were stopped: 0.0330183 seconds
58.814: [Full GC (Ergonomics) [PSYoungGen: 65536K->19918K(76288K)] [ParOldGen: 174628K->174643K(175104K)] 240164K->194562K(251392K), [Metaspace: 4217K->4217K(1056768K)], 0.0325569 secs] [Times: user=0.23 sys=0.00, real=0.03 secs] 
58.847: Total time for which application threads were stopped: 0.0326887 seconds
58.850: [Full GC (Ergonomics) [PSYoungGen: 65536K->19933K(76288K)] [ParOldGen: 174643K->174628K(175104K)] 240179K->194562K(251392K), [Metaspace: 4217K->4217K(1056768K)], 0.0326468 secs] [Times: user=0.23 sys=0.00, real=0.03 secs] 
58.883: Total time for which application threads were stopped: 0.0327736 seconds
58.887: [Full GC (Ergonomics) [PSYoungGen: 65536K->19933K(76288K)] [ParOldGen: 174628K->174628K(175104K)] 240164K->194562K(251392K), [Metaspace: 4217K->4217K(1056768K)], 0.0323721 secs] [Times: user=0.22 sys=0.00, real=0.03 secs] 
58.919: Total time for which application threads were stopped: 0.0324882 seconds
58.923: [Full GC (Ergonomics) [PSYoungGen: 65536K->19934K(76288K)] [ParOldGen: 174628K->174627K(175104K)] 240164K->194562K(251392K), [Metaspace: 4217K->4217K(1056768K)], 0.0333514 secs] [Times: user=0.22 sys=0.01, real=0.04 secs] 
58.956: Total time for which application threads were stopped: 0.0334871 seconds
58.960: [Full GC (Ergonomics) [PSYoungGen: 65536K->19927K(76288K)] [ParOldGen: 174627K->174634K(175104K)] 240163K->194562K(251392K), [Metaspace: 4217K->4217K(1056768K)], 0.0323532 secs] [Times: user=0.22 sys=0.00, real=0.03 secs] 
58.992: Total time for which application threads were stopped: 0.0324809 seconds
58.996: [Full GC (Ergonomics) [PSYoungGen: 65536K->19935K(76288K)] [ParOldGen: 174634K->174626K(175104K)] 240170K->194562K(251392K), [Metaspace: 4217K->4217K(1056768K)], 0.0322408 secs] [Times: user=0.23 sys=0.00, real=0.03 secs] 
59.028: Total time for which application threads were stopped: 0.0323774 seconds
59.032: [Full GC (Ergonomics) [PSYoungGen: 65536K->19924K(76288K)] [ParOldGen: 174626K->174637K(175104K)] 240162K->194562K(251392K), [Metaspace: 4217K->4217K(1056768K)], 0.0320375 secs] [Times: user=0.21 sys=0.00, real=0.04 secs] 
59.064: Total time for which application threads were stopped: 0.0321654 seconds
59.067: [Full GC (Ergonomics) [PSYoungGen: 65536K->19933K(76288K)] [ParOldGen: 174637K->174628K(175104K)] 240173K->194562K(251392K), [Metaspace: 4217K->4217K(1056768K)], 0.0300602 secs] [Times: user=0.19 sys=0.00, real=0.03 secs] 
59.098: Total time for which application threads were stopped: 0.0301936 seconds
59.101: [Full GC (Ergonomics) [PSYoungGen: 65536K->19925K(76288K)] [ParOldGen: 174628K->174636K(175104K)] 240164K->194562K(251392K), [Metaspace: 4217K->4217K(1056768K)], 0.0321533 secs] [Times: user=0.22 sys=0.00, real=0.04 secs] 
59.134: Total time for which application threads were stopped: 0.0322498 seconds
59.137: [Full GC (Ergonomics) [PSYoungGen: 65536K->19936K(76288K)] [ParOldGen: 174636K->174625K(175104K)] 240172K->194562K(251392K), [Metaspace: 4217K->4217K(1056768K)], 0.0309907 secs] [Times: user=0.20 sys=0.00, real=0.03 secs] 
59.168: Total time for which application threads were stopped: 0.0310952 seconds
59.172: [Full GC (Ergonomics) [PSYoungGen: 65536K->19933K(76288K)] [ParOldGen: 174625K->174629K(175104K)] 240161K->194562K(251392K), [Metaspace: 4217K->4217K(1056768K)], 0.0331363 secs] [Times: user=0.23 sys=0.01, real=0.03 secs] 
59.205: Total time for which application threads were stopped: 0.0332962 seconds
59.209: [Full GC (Ergonomics) [PSYoungGen: 65536K->19925K(76288K)] [ParOldGen: 174629K->174636K(175104K)] 240165K->194562K(251392K), [Metaspace: 4217K->4217K(1056768K)], 0.0330820 secs] [Times: user=0.23 sys=0.00, real=0.03 secs] 
59.242: Total time for which application threads were stopped: 0.0331751 seconds
59.246: [Full GC (Ergonomics) [PSYoungGen: 65536K->19930K(76288K)] [ParOldGen: 174636K->174631K(175104K)] 240172K->194562K(251392K), [Metaspace: 4217K->4217K(1056768K)], 0.0316128 secs] [Times: user=0.19 sys=0.00, real=0.03 secs] 
59.278: Total time for which application threads were stopped: 0.0317359 seconds
59.281: [Full GC (Ergonomics) [PSYoungGen: 65536K->19928K(76288K)] [ParOldGen: 174631K->174633K(175104K)] 240167K->194562K(251392K), [Metaspace: 4217K->4217K(1056768K)], 0.0319557 secs] [Times: user=0.22 sys=0.00, real=0.04 secs] 
59.313: Total time for which application threads were stopped: 0.0320679 seconds
59.317: [Full GC (Ergonomics) [PSYoungGen: 65536K->19923K(76288K)] [ParOldGen: 174633K->174638K(175104K)] 240169K->194562K(251392K), [Metaspace: 4217K->4217K(1056768K)], 0.0314628 secs] [Times: user=0.22 sys=0.00, real=0.03 secs] 
59.348: Total time for which application threads were stopped: 0.0315888 seconds
59.352: [Full GC (Ergonomics) [PSYoungGen: 65536K->19925K(76288K)] [ParOldGen: 174638K->174636K(175104K)] 240174K->194562K(251392K), [Metaspace: 4217K->4217K(1056768K)], 0.0322819 secs] [Times: user=0.21 sys=0.00, real=0.03 secs] 
59.384: Total time for which application threads were stopped: 0.0324093 seconds
59.387: [Full GC (Ergonomics) [PSYoungGen: 65536K->19926K(76288K)] [ParOldGen: 174636K->174635K(175104K)] 240172K->194562K(251392K), [Metaspace: 4217K->4217K(1056768K)], 0.0315092 secs] [Times: user=0.18 sys=0.01, real=0.03 secs] 
59.419: Total time for which application threads were stopped: 0.0317371 seconds
59.423: [Full GC (Ergonomics) [PSYoungGen: 65536K->19929K(76288K)] [ParOldGen: 174635K->174632K(175104K)] 240171K->194562K(251392K), [Metaspace: 4217K->4217K(1056768K)], 0.0328568 secs] [Times: user=0.22 sys=0.00, real=0.03 secs] 
59.456: Total time for which application threads were stopped: 0.0329508 seconds
59.459: [Full GC (Ergonomics) [PSYoungGen: 65536K->19933K(76288K)] [ParOldGen: 174632K->174628K(175104K)] 240168K->194562K(251392K), [Metaspace: 4217K->4217K(1056768K)], 0.0322995 secs] [Times: user=0.21 sys=0.00, real=0.04 secs] 
59.491: Total time for which application threads were stopped: 0.0324294 seconds
59.495: [Full GC (Ergonomics) [PSYoungGen: 65536K->19926K(76288K)] [ParOldGen: 174628K->174635K(175104K)] 240164K->194562K(251392K), [Metaspace: 4217K->4217K(1056768K)], 0.0305892 secs] [Times: user=0.21 sys=0.00, real=0.03 secs] 
59.525: Total time for which application threads were stopped: 0.0306858 seconds
59.529: [Full GC (Ergonomics) [PSYoungGen: 65536K->19930K(76288K)] [ParOldGen: 174635K->174631K(175104K)] 240171K->194562K(251392K), [Metaspace: 4217K->4217K(1056768K)], 0.0319141 secs] [Times: user=0.21 sys=0.00, real=0.04 secs] 
59.561: Total time for which application threads were stopped: 0.0320464 seconds
59.564: [Full GC (Ergonomics) [PSYoungGen: 65536K->19925K(76288K)] [ParOldGen: 174631K->174636K(175104K)] 240167K->194562K(251392K), [Metaspace: 4217K->4217K(1056768K)], 0.0328721 secs] [Times: user=0.22 sys=0.00, real=0.03 secs] 
59.597: Total time for which application threads were stopped: 0.0330023 seconds
59.601: [Full GC (Ergonomics) [PSYoungGen: 65536K->19939K(76288K)] [ParOldGen: 174636K->174622K(175104K)] 240172K->194562K(251392K), [Metaspace: 4217K->4217K(1056768K)], 0.0327277 secs] [Times: user=0.22 sys=0.01, real=0.03 secs] 
59.634: Total time for which application threads were stopped: 0.0328616 seconds
59.637: [Full GC (Ergonomics) [PSYoungGen: 65536K->19930K(76288K)] [ParOldGen: 174622K->174631K(175104K)] 240158K->194562K(251392K), [Metaspace: 4217K->4217K(1056768K)], 0.0327533 secs] [Times: user=0.22 sys=0.00, real=0.03 secs] 
59.670: Total time for which application threads were stopped: 0.0328673 seconds
59.673: [Full GC (Ergonomics) [PSYoungGen: 65536K->19931K(76288K)] [ParOldGen: 174631K->174630K(175104K)] 240167K->194562K(251392K), [Metaspace: 4217K->4217K(1056768K)], 0.0326698 secs] [Times: user=0.21 sys=0.00, real=0.03 secs] 
59.706: Total time for which application threads were stopped: 0.0327846 seconds
59.710: [Full GC (Ergonomics) [PSYoungGen: 65536K->19919K(76288K)] [ParOldGen: 174630K->174642K(175104K)] 240166K->194562K(251392K), [Metaspace: 4217K->4217K(1056768K)], 0.0329526 secs] [Times: user=0.23 sys=0.00, real=0.04 secs] 
59.743: Total time for which application threads were stopped: 0.0330862 seconds
59.746: [Full GC (Ergonomics) [PSYoungGen: 65536K->19930K(76288K)] [ParOldGen: 174642K->174631K(175104K)] 240178K->194562K(251392K), [Metaspace: 4217K->4217K(1056768K)], 0.0326001 secs] [Times: user=0.20 sys=0.00, real=0.03 secs] 
59.779: Total time for which application threads were stopped: 0.0327146 seconds
59.782: [Full GC (Ergonomics) [PSYoungGen: 65536K->19937K(76288K)] [ParOldGen: 174631K->174624K(175104K)] 240167K->194562K(251392K), [Metaspace: 4217K->4217K(1056768K)], 0.0327978 secs] [Times: user=0.22 sys=0.00, real=0.03 secs] 
59.815: Total time for which application threads were stopped: 0.0329258 seconds
59.818: [Full GC (Ergonomics) [PSYoungGen: 65536K->19931K(76288K)] [ParOldGen: 174624K->174630K(175104K)] 240160K->194562K(251392K), [Metaspace: 4217K->4217K(1056768K)], 0.0323561 secs] [Times: user=0.23 sys=0.00, real=0.04 secs] 
59.851: Total time for which application threads were stopped: 0.0324933 seconds
59.854: [Full GC (Ergonomics) [PSYoungGen: 65536K->19931K(76288K)] [ParOldGen: 174630K->174630K(175104K)] 240166K->194562K(251392K), [Metaspace: 4217K->4217K(1056768K)], 0.0321766 secs] [Times: user=0.22 sys=0.01, real=0.03 secs] 
59.886: Total time for which application threads were stopped: 0.0322874 seconds
59.890: [Full GC (Ergonomics) [PSYoungGen: 65536K->19929K(76288K)] [ParOldGen: 174630K->174633K(175104K)] 240166K->194562K(251392K), [Metaspace: 4217K->4217K(1056768K)], 0.0314865 secs] [Times: user=0.20 sys=0.00, real=0.04 secs] 
59.921: Total time for which application threads were stopped: 0.0316098 seconds
59.925: [Full GC (Ergonomics) [PSYoungGen: 65536K->19928K(76288K)] [ParOldGen: 174633K->174633K(175104K)] 240169K->194562K(251392K), [Metaspace: 4217K->4217K(1056768K)], 0.0332299 secs] [Times: user=0.21 sys=0.00, real=0.03 secs] 
59.958: Total time for which application threads were stopped: 0.0333597 seconds
59.962: [Full GC (Ergonomics) [PSYoungGen: 65536K->19929K(76288K)] [ParOldGen: 174633K->174632K(175104K)] 240169K->194562K(251392K), [Metaspace: 4217K->4217K(1056768K)], 0.0321235 secs] [Times: user=0.19 sys=0.00, real=0.03 secs] 
59.994: Total time for which application threads were stopped: 0.0322340 seconds
59.997: [Full GC (Ergonomics) [PSYoungGen: 65536K->19928K(76288K)] [ParOldGen: 174632K->174633K(175104K)] 240168K->194562K(251392K), [Metaspace: 4217K->4217K(1056768K)], 0.0319933 secs] [Times: user=0.20 sys=0.00, real=0.03 secs] 
60.029: Total time for which application threads were stopped: 0.0321306 seconds
60.033: [Full GC (Ergonomics) [PSYoungGen: 65536K->19944K(76288K)] [ParOldGen: 174633K->174617K(175104K)] 240169K->194562K(251392K), [Metaspace: 4217K->4217K(1056768K)], 0.0321078 secs] [Times: user=0.21 sys=0.00, real=0.03 secs] 
60.065: Total time for which application threads were stopped: 0.0322324 seconds
60.069: [Full GC (Ergonomics) [PSYoungGen: 65536K->19929K(76288K)] [ParOldGen: 174617K->174632K(175104K)] 240153K->194562K(251392K), [Metaspace: 4217K->4217K(1056768K)], 0.0322194 secs] [Times: user=0.21 sys=0.00, real=0.04 secs] 
60.101: Total time for which application threads were stopped: 0.0323179 seconds
60.104: [Full GC (Ergonomics) [PSYoungGen: 65536K->19922K(76288K)] [ParOldGen: 174632K->174639K(175104K)] 240168K->194562K(251392K), [Metaspace: 4217K->4217K(1056768K)], 0.0327264 secs] [Times: user=0.23 sys=0.01, real=0.03 secs] 
60.137: Total time for which application threads were stopped: 0.0328770 seconds
60.141: [Full GC (Ergonomics) [PSYoungGen: 65536K->19927K(76288K)] [ParOldGen: 174639K->174634K(175104K)] 240175K->194562K(251392K), [Metaspace: 4217K->4217K(1056768K)], 0.0329827 secs] [Times: user=0.22 sys=0.00, real=0.03 secs] 
60.174: Total time for which application threads were stopped: 0.0330940 seconds
60.177: [Full GC (Ergonomics) [PSYoungGen: 65536K->19933K(76288K)] [ParOldGen: 174634K->174628K(175104K)] 240170K->194562K(251392K), [Metaspace: 4217K->4217K(1056768K)], 0.0324491 secs] [Times: user=0.24 sys=0.00, real=0.03 secs] 
60.210: Total time for which application threads were stopped: 0.0325680 seconds
60.213: [Full GC (Ergonomics) [PSYoungGen: 65536K->19927K(76288K)] [ParOldGen: 174628K->174634K(175104K)] 240164K->194562K(251392K), [Metaspace: 4217K->4217K(1056768K)], 0.0318582 secs] [Times: user=0.22 sys=0.00, real=0.03 secs] 
60.245: Total time for which application threads were stopped: 0.0320139 seconds
60.248: [Full GC (Ergonomics) [PSYoungGen: 65536K->19921K(76288K)] [ParOldGen: 174634K->174640K(175104K)] 240170K->194562K(251392K), [Metaspace: 4217K->4217K(1056768K)], 0.0322471 secs] [Times: user=0.22 sys=0.00, real=0.04 secs] 
60.281: Total time for which application threads were stopped: 0.0323786 seconds
60.284: [Full GC (Ergonomics) [PSYoungGen: 65536K->19923K(76288K)] [ParOldGen: 174640K->174638K(175104K)] 240176K->194562K(251392K), [Metaspace: 4217K->4217K(1056768K)], 0.0325679 secs] [Times: user=0.22 sys=0.00, real=0.03 secs] 
60.317: Total time for which application threads were stopped: 0.0326912 seconds
60.320: [Full GC (Ergonomics) [PSYoungGen: 65536K->19919K(76288K)] [ParOldGen: 174638K->174642K(175104K)] 240174K->194562K(251392K), [Metaspace: 4217K->4217K(1056768K)], 0.0313533 secs] [Times: user=0.19 sys=0.01, real=0.03 secs] 
60.352: Total time for which application threads were stopped: 0.0314620 seconds
60.355: [Full GC (Ergonomics) [PSYoungGen: 65536K->19925K(76288K)] [ParOldGen: 174642K->174636K(175104K)] 240178K->194562K(251392K), [Metaspace: 4217K->4217K(1056768K)], 0.0324731 secs] [Times: user=0.22 sys=0.00, real=0.03 secs] 
60.387: Total time for which application threads were stopped: 0.0326020 seconds
60.391: [Full GC (Ergonomics) [PSYoungGen: 65536K->19932K(76288K)] [ParOldGen: 174636K->174629K(175104K)] 240172K->194562K(251392K), [Metaspace: 4217K->4217K(1056768K)], 0.0331200 secs] [Times: user=0.22 sys=0.00, real=0.03 secs] 
60.424: Total time for which application threads were stopped: 0.0332734 seconds
60.428: [Full GC (Ergonomics) [PSYoungGen: 65536K->19935K(76288K)] [ParOldGen: 174629K->174627K(175104K)] 240165K->194562K(251392K), [Metaspace: 4217K->4217K(1056768K)], 0.0312925 secs] [Times: user=0.20 sys=0.00, real=0.03 secs] 
60.459: Total time for which application threads were stopped: 0.0314019 seconds
60.462: [Full GC (Ergonomics) [PSYoungGen: 65536K->19933K(76288K)] [ParOldGen: 174627K->174628K(175104K)] 240163K->194562K(251392K), [Metaspace: 4217K->4217K(1056768K)], 0.0327938 secs] [Times: user=0.22 sys=0.00, real=0.03 secs] 
60.495: Total time for which application threads were stopped: 0.0329179 seconds
60.499: [Full GC (Ergonomics) [PSYoungGen: 65536K->19932K(76288K)] [ParOldGen: 174628K->174629K(175104K)] 240164K->194562K(251392K), [Metaspace: 4217K->4217K(1056768K)], 0.0320407 secs] [Times: user=0.23 sys=0.00, real=0.04 secs] 
60.531: Total time for which application threads were stopped: 0.0321540 seconds
60.534: [Full GC (Ergonomics) [PSYoungGen: 65536K->19929K(76288K)] [ParOldGen: 174629K->174632K(175104K)] 240165K->194562K(251392K), [Metaspace: 4217K->4217K(1056768K)], 0.0330201 secs] [Times: user=0.23 sys=0.00, real=0.03 secs] 
60.567: Total time for which application threads were stopped: 0.0331387 seconds
60.571: [Full GC (Ergonomics) [PSYoungGen: 65536K->19930K(76288K)] [ParOldGen: 174632K->174631K(175104K)] 240168K->194562K(251392K), [Metaspace: 4217K->4217K(1056768K)], 0.0328708 secs] [Times: user=0.21 sys=0.01, real=0.03 secs] 
60.604: Total time for which application threads were stopped: 0.0329885 seconds
60.607: [Full GC (Ergonomics) [PSYoungGen: 65536K->19928K(76288K)] [ParOldGen: 174631K->174633K(175104K)] 240167K->194562K(251392K), [Metaspace: 4217K->4217K(1056768K)], 0.0324929 secs] [Times: user=0.21 sys=0.00, real=0.03 secs] 
60.640: Total time for which application threads were stopped: 0.0326155 seconds
60.643: [Full GC (Ergonomics) [PSYoungGen: 65536K->19929K(76288K)] [ParOldGen: 174633K->174632K(175104K)] 240169K->194562K(251392K), [Metaspace: 4217K->4217K(1056768K)], 0.0311313 secs] [Times: user=0.20 sys=0.00, real=0.03 secs] 
60.674: Total time for which application threads were stopped: 0.0312451 seconds
60.678: [Full GC (Ergonomics) [PSYoungGen: 65536K->19923K(76288K)] [ParOldGen: 174632K->174638K(175104K)] 240168K->194562K(251392K), [Metaspace: 4217K->4217K(1056768K)], 0.0324998 secs] [Times: user=0.23 sys=0.00, real=0.04 secs] 
60.710: Total time for which application threads were stopped: 0.0325991 seconds
60.714: [Full GC (Ergonomics) [PSYoungGen: 65536K->19939K(76288K)] [ParOldGen: 174638K->174622K(175104K)] 240174K->194562K(251392K), [Metaspace: 4217K->4217K(1056768K)], 0.0329824 secs] [Times: user=0.23 sys=0.00, real=0.03 secs] 
60.747: Total time for which application threads were stopped: 0.0331123 seconds
60.750: [Full GC (Ergonomics) [PSYoungGen: 65536K->19924K(76288K)] [ParOldGen: 174622K->174638K(175104K)] 240158K->194562K(251392K), [Metaspace: 4217K->4217K(1056768K)], 0.0308804 secs] [Times: user=0.20 sys=0.00, real=0.03 secs] 
60.781: Total time for which application threads were stopped: 0.0310106 seconds
60.785: [Full GC (Ergonomics) [PSYoungGen: 65536K->19919K(76288K)] [ParOldGen: 174638K->174642K(175104K)] 240174K->194562K(251392K), [Metaspace: 4217K->4217K(1056768K)], 0.0322068 secs] [Times: user=0.22 sys=0.00, real=0.03 secs] 
60.818: Total time for which application threads were stopped: 0.0323101 seconds
60.821: [Full GC (Ergonomics) [PSYoungGen: 65536K->19918K(76288K)] [ParOldGen: 174642K->174643K(175104K)] 240178K->194562K(251392K), [Metaspace: 4217K->4217K(1056768K)], 0.0322838 secs] [Times: user=0.23 sys=0.01, real=0.03 secs] 
60.853: Total time for which application threads were stopped: 0.0324045 seconds
60.857: [Full GC (Ergonomics) [PSYoungGen: 65536K->19934K(76288K)] [ParOldGen: 174643K->174627K(175104K)] 240179K->194562K(251392K), [Metaspace: 4217K->4217K(1056768K)], 0.0320941 secs] [Times: user=0.21 sys=0.00, real=0.03 secs] 
60.889: Total time for which application threads were stopped: 0.0322104 seconds
60.893: [Full GC (Ergonomics) [PSYoungGen: 65536K->19927K(76288K)] [ParOldGen: 174627K->174634K(175104K)] 240163K->194562K(251392K), [Metaspace: 4217K->4217K(1056768K)], 0.0308225 secs] [Times: user=0.18 sys=0.00, real=0.03 secs] 
60.923: Total time for which application threads were stopped: 0.0309543 seconds
60.927: [Full GC (Ergonomics) [PSYoungGen: 65536K->19932K(76288K)] [ParOldGen: 174634K->174629K(175104K)] 240170K->194562K(251392K), [Metaspace: 4217K->4217K(1056768K)], 0.0325463 secs] [Times: user=0.21 sys=0.00, real=0.03 secs] 
60.960: Total time for which application threads were stopped: 0.0326931 seconds
60.963: [Full GC (Ergonomics) [PSYoungGen: 65536K->19936K(76288K)] [ParOldGen: 174629K->174625K(175104K)] 240165K->194562K(251392K), [Metaspace: 4217K->4217K(1056768K)], 0.0321974 secs] [Times: user=0.20 sys=0.00, real=0.03 secs] 
60.996: Total time for which application threads were stopped: 0.0323309 seconds
60.999: [Full GC (Ergonomics) [PSYoungGen: 65536K->19926K(76288K)] [ParOldGen: 174625K->174635K(175104K)] 240161K->194562K(251392K), [Metaspace: 4217K->4217K(1056768K)], 0.0320861 secs] [Times: user=0.21 sys=0.00, real=0.04 secs] 
61.031: Total time for which application threads were stopped: 0.0322294 seconds
61.035: [Full GC (Ergonomics) [PSYoungGen: 65536K->19931K(76288K)] [ParOldGen: 174635K->174630K(175104K)] 240171K->194562K(251392K), [Metaspace: 4217K->4217K(1056768K)], 0.0319176 secs] [Times: user=0.22 sys=0.00, real=0.03 secs] 
61.067: Total time for which application threads were stopped: 0.0320512 seconds
61.070: [Full GC (Ergonomics) [PSYoungGen: 65536K->19934K(76288K)] [ParOldGen: 174630K->174627K(175104K)] 240166K->194562K(251392K), [Metaspace: 4217K->4217K(1056768K)], 0.0329014 secs] [Times: user=0.23 sys=0.00, real=0.03 secs] 
61.103: Total time for which application threads were stopped: 0.0330156 seconds
61.106: [Full GC (Ergonomics) [PSYoungGen: 65536K->19932K(76288K)] [ParOldGen: 174627K->174629K(175104K)] 240163K->194562K(251392K), [Metaspace: 4217K->4217K(1056768K)], 0.0324837 secs] [Times: user=0.22 sys=0.00, real=0.03 secs] 
61.139: Total time for which application threads were stopped: 0.0326226 seconds
61.143: [Full GC (Ergonomics) [PSYoungGen: 65536K->19921K(76288K)] [ParOldGen: 174629K->174640K(175104K)] 240165K->194562K(251392K), [Metaspace: 4217K->4217K(1056768K)], 0.0340404 secs] [Times: user=0.22 sys=0.00, real=0.03 secs] 
61.177: Total time for which application threads were stopped: 0.0341769 seconds
61.181: [Full GC (Ergonomics) [PSYoungGen: 65536K->19931K(76288K)] [ParOldGen: 174640K->174630K(175104K)] 240176K->194562K(251392K), [Metaspace: 4217K->4217K(1056768K)], 0.0317502 secs] [Times: user=0.21 sys=0.00, real=0.03 secs] 
61.213: Total time for which application threads were stopped: 0.0318862 seconds
61.216: [Full GC (Ergonomics) [PSYoungGen: 65536K->19928K(76288K)] [ParOldGen: 174630K->174633K(175104K)] 240166K->194562K(251392K), [Metaspace: 4217K->4217K(1056768K)], 0.0324925 secs] [Times: user=0.23 sys=0.00, real=0.03 secs] 
61.249: Total time for which application threads were stopped: 0.0325916 seconds
61.252: [Full GC (Ergonomics) [PSYoungGen: 65536K->19927K(76288K)] [ParOldGen: 174633K->174634K(175104K)] 240169K->194562K(251392K), [Metaspace: 4217K->4217K(1056768K)], 0.0323724 secs] [Times: user=0.21 sys=0.00, real=0.03 secs] 
61.285: Total time for which application threads were stopped: 0.0325289 seconds
61.288: [Full GC (Ergonomics) [PSYoungGen: 65536K->19927K(76288K)] [ParOldGen: 174634K->174634K(175104K)] 240170K->194562K(251392K), [Metaspace: 4217K->4217K(1056768K)], 0.0325201 secs] [Times: user=0.23 sys=0.01, real=0.04 secs] 
61.321: Total time for which application threads were stopped: 0.0326528 seconds
61.324: [Full GC (Ergonomics) [PSYoungGen: 65536K->19932K(76288K)] [ParOldGen: 174634K->174629K(175104K)] 240170K->194562K(251392K), [Metaspace: 4217K->4217K(1056768K)], 0.0325560 secs] [Times: user=0.21 sys=0.00, real=0.03 secs] 
61.357: Total time for which application threads were stopped: 0.0326899 seconds
61.360: [Full GC (Ergonomics) [PSYoungGen: 65536K->19930K(76288K)] [ParOldGen: 174629K->174631K(175104K)] 240165K->194562K(251392K), [Metaspace: 4217K->4217K(1056768K)], 0.0317466 secs] [Times: user=0.21 sys=0.00, real=0.03 secs] 
61.392: Total time for which application threads were stopped: 0.0318637 seconds
61.396: [Full GC (Ergonomics) [PSYoungGen: 65536K->19916K(76288K)] [ParOldGen: 174631K->174645K(175104K)] 240167K->194562K(251392K), [Metaspace: 4217K->4217K(1056768K)], 0.0311494 secs] [Times: user=0.20 sys=0.00, real=0.03 secs] 
61.427: Total time for which application threads were stopped: 0.0313003 seconds
61.431: [Full GC (Ergonomics) [PSYoungGen: 65536K->19941K(76288K)] [ParOldGen: 174645K->174620K(175104K)] 240181K->194562K(251392K), [Metaspace: 4217K->4217K(1056768K)], 0.0324570 secs] [Times: user=0.22 sys=0.00, real=0.03 secs] 
61.463: Total time for which application threads were stopped: 0.0325906 seconds
61.467: [Full GC (Ergonomics) [PSYoungGen: 65536K->19924K(76288K)] [ParOldGen: 174620K->174637K(175104K)] 240156K->194562K(251392K), [Metaspace: 4217K->4217K(1056768K)], 0.0325070 secs] [Times: user=0.19 sys=0.00, real=0.03 secs] 
61.499: Total time for which application threads were stopped: 0.0326388 seconds
61.503: [Full GC (Ergonomics) [PSYoungGen: 65536K->19929K(76288K)] [ParOldGen: 174637K->174632K(175104K)] 240173K->194562K(251392K), [Metaspace: 4217K->4217K(1056768K)], 0.0322200 secs] [Times: user=0.21 sys=0.00, real=0.03 secs] 
61.535: Total time for which application threads were stopped: 0.0323342 seconds
61.538: [Full GC (Ergonomics) [PSYoungGen: 65536K->19935K(76288K)] [ParOldGen: 174632K->174626K(175104K)] 240168K->194562K(251392K), [Metaspace: 4217K->4217K(1056768K)], 0.0310904 secs] [Times: user=0.21 sys=0.01, real=0.03 secs] 
61.570: Total time for which application threads were stopped: 0.0312109 seconds
61.574: [Full GC (Ergonomics) [PSYoungGen: 65536K->19927K(76288K)] [ParOldGen: 174626K->174634K(175104K)] 240162K->194562K(251392K), [Metaspace: 4217K->4217K(1056768K)], 0.0334999 secs] [Times: user=0.22 sys=0.00, real=0.03 secs] 
61.607: Total time for which application threads were stopped: 0.0335998 seconds
61.611: [Full GC (Ergonomics) [PSYoungGen: 65536K->19923K(76288K)] [ParOldGen: 174634K->174638K(175104K)] 240170K->194562K(251392K), [Metaspace: 4217K->4217K(1056768K)], 0.0320866 secs] [Times: user=0.20 sys=0.00, real=0.03 secs] 
61.643: Total time for which application threads were stopped: 0.0322012 seconds
61.647: [Full GC (Ergonomics) [PSYoungGen: 65536K->19939K(76288K)] [ParOldGen: 174638K->174622K(175104K)] 240174K->194562K(251392K), [Metaspace: 4217K->4217K(1056768K)], 0.0328079 secs] [Times: user=0.22 sys=0.00, real=0.03 secs] 
61.679: Total time for which application threads were stopped: 0.0329303 seconds
61.683: [Full GC (Ergonomics) [PSYoungGen: 65536K->19928K(76288K)] [ParOldGen: 174622K->174633K(175104K)] 240158K->194562K(251392K), [Metaspace: 4217K->4217K(1056768K)], 0.0324328 secs] [Times: user=0.21 sys=0.00, real=0.03 secs] 
61.715: Total time for which application threads were stopped: 0.0325627 seconds
61.719: [Full GC (Ergonomics) [PSYoungGen: 65536K->19922K(76288K)] [ParOldGen: 174633K->174639K(175104K)] 240169K->194562K(251392K), [Metaspace: 4217K->4217K(1056768K)], 0.0322857 secs] [Times: user=0.22 sys=0.00, real=0.04 secs] 
61.751: Total time for which application threads were stopped: 0.0324119 seconds
61.755: [Full GC (Ergonomics) [PSYoungGen: 65536K->19922K(76288K)] [ParOldGen: 174639K->174639K(175104K)] 240175K->194562K(251392K), [Metaspace: 4217K->4217K(1056768K)], 0.0325883 secs] [Times: user=0.24 sys=0.00, real=0.03 secs] 
61.787: Total time for which application threads were stopped: 0.0327047 seconds
61.791: [Full GC (Ergonomics) [PSYoungGen: 65536K->19923K(76288K)] [ParOldGen: 174639K->174638K(175104K)] 240175K->194562K(251392K), [Metaspace: 4217K->4217K(1056768K)], 0.0330685 secs] [Times: user=0.22 sys=0.01, real=0.03 secs] 
61.824: Total time for which application threads were stopped: 0.0332069 seconds
61.827: [Full GC (Ergonomics) [PSYoungGen: 65536K->19925K(76288K)] [ParOldGen: 174638K->174636K(175104K)] 240174K->194562K(251392K), [Metaspace: 4217K->4217K(1056768K)], 0.0309629 secs] [Times: user=0.20 sys=0.00, real=0.03 secs] 
61.858: Total time for which application threads were stopped: 0.0310763 seconds
61.862: [Full GC (Ergonomics) [PSYoungGen: 65536K->19927K(76288K)] [ParOldGen: 174636K->174634K(175104K)] 240172K->194562K(251392K), [Metaspace: 4217K->4217K(1056768K)], 0.0320712 secs] [Times: user=0.21 sys=0.00, real=0.03 secs] 
61.894: Total time for which application threads were stopped: 0.0321915 seconds
61.897: [Full GC (Ergonomics) [PSYoungGen: 65536K->19936K(76288K)] [ParOldGen: 174634K->174625K(175104K)] 240170K->194562K(251392K), [Metaspace: 4217K->4217K(1056768K)], 0.0330547 secs] [Times: user=0.21 sys=0.00, real=0.04 secs] 
61.930: Total time for which application threads were stopped: 0.0331793 seconds
61.934: [Full GC (Ergonomics) [PSYoungGen: 65536K->19923K(76288K)] [ParOldGen: 174625K->174638K(175104K)] 240161K->194562K(251392K), [Metaspace: 4217K->4217K(1056768K)], 0.0316462 secs] [Times: user=0.22 sys=0.00, real=0.03 secs] 
61.966: Total time for which application threads were stopped: 0.0317855 seconds
61.969: [Full GC (Ergonomics) [PSYoungGen: 65536K->19923K(76288K)] [ParOldGen: 174638K->174638K(175104K)] 240174K->194562K(251392K), [Metaspace: 4217K->4217K(1056768K)], 0.0318069 secs] [Times: user=0.20 sys=0.00, real=0.04 secs] 
62.001: Total time for which application threads were stopped: 0.0319238 seconds
62.005: [Full GC (Ergonomics) [PSYoungGen: 65536K->19931K(76288K)] [ParOldGen: 174638K->174630K(175104K)] 240174K->194562K(251392K), [Metaspace: 4217K->4217K(1056768K)], 0.0316716 secs] [Times: user=0.21 sys=0.01, real=0.03 secs] 
62.036: Total time for which application threads were stopped: 0.0317888 seconds
62.040: [Full GC (Ergonomics) [PSYoungGen: 65536K->19922K(76288K)] [ParOldGen: 174630K->174639K(175104K)] 240166K->194562K(251392K), [Metaspace: 4217K->4217K(1056768K)], 0.0326460 secs] [Times: user=0.24 sys=0.00, real=0.04 secs] 
62.072: Total time for which application threads were stopped: 0.0327530 seconds
62.076: [Full GC (Ergonomics) [PSYoungGen: 65536K->19923K(76288K)] [ParOldGen: 174639K->174639K(175104K)] 240175K->194562K(251392K), [Metaspace: 4217K->4217K(1056768K)], 0.0339104 secs] [Times: user=0.22 sys=0.00, real=0.03 secs] 
62.110: Total time for which application threads were stopped: 0.0340471 seconds
62.114: [Full GC (Ergonomics) [PSYoungGen: 65536K->19924K(76288K)] [ParOldGen: 174639K->174637K(175104K)] 240175K->194562K(251392K), [Metaspace: 4217K->4217K(1056768K)], 0.0342989 secs] [Times: user=0.19 sys=0.00, real=0.03 secs] 
62.149: Total time for which application threads were stopped: 0.0344189 seconds
62.153: [Full GC (Ergonomics) [PSYoungGen: 65536K->19934K(76288K)] [ParOldGen: 174637K->174627K(175104K)] 240173K->194562K(251392K), [Metaspace: 4217K->4217K(1056768K)], 0.0355785 secs] [Times: user=0.19 sys=0.00, real=0.03 secs] 
62.188: Total time for which application threads were stopped: 0.0356912 seconds
62.192: [Full GC (Ergonomics) [PSYoungGen: 65536K->19938K(76288K)] [ParOldGen: 174627K->174623K(175104K)] 240163K->194562K(251392K), [Metaspace: 4217K->4217K(1056768K)], 0.0356250 secs] [Times: user=0.18 sys=0.01, real=0.03 secs] 
62.228: Total time for which application threads were stopped: 0.0357550 seconds
62.232: [Full GC (Ergonomics) [PSYoungGen: 65536K->19934K(76288K)] [ParOldGen: 174623K->174627K(175104K)] 240159K->194562K(251392K), [Metaspace: 4217K->4217K(1056768K)], 0.0336425 secs] [Times: user=0.20 sys=0.00, real=0.03 secs] 
62.266: Total time for which application threads were stopped: 0.0337984 seconds
62.270: [Full GC (Ergonomics) [PSYoungGen: 65536K->19929K(76288K)] [ParOldGen: 174627K->174632K(175104K)] 240163K->194562K(251392K), [Metaspace: 4217K->4217K(1056768K)], 0.0337422 secs] [Times: user=0.19 sys=0.00, real=0.03 secs] 
62.304: Total time for which application threads were stopped: 0.0339486 seconds
62.307: [Full GC (Ergonomics) [PSYoungGen: 65536K->19933K(76288K)] [ParOldGen: 174632K->174628K(175104K)] 240168K->194562K(251392K), [Metaspace: 4217K->4217K(1056768K)], 0.0316411 secs] [Times: user=0.18 sys=0.00, real=0.03 secs] 
62.339: Total time for which application threads were stopped: 0.0317629 seconds
62.343: [Full GC (Ergonomics) [PSYoungGen: 65536K->19925K(76288K)] [ParOldGen: 174628K->174636K(175104K)] 240164K->194562K(251392K), [Metaspace: 4217K->4217K(1056768K)], 0.0349015 secs] [Times: user=0.18 sys=0.01, real=0.03 secs] 
62.378: Total time for which application threads were stopped: 0.0350553 seconds
62.383: [Full GC (Ergonomics) [PSYoungGen: 65536K->19919K(76288K)] [ParOldGen: 174636K->174642K(175104K)] 240172K->194562K(251392K), [Metaspace: 4217K->4217K(1056768K)], 0.0327985 secs] [Times: user=0.19 sys=0.00, real=0.03 secs] 
62.416: Total time for which application threads were stopped: 0.0329777 seconds
62.420: [Full GC (Ergonomics) [PSYoungGen: 65536K->19940K(76288K)] [ParOldGen: 174642K->174621K(175104K)] 240178K->194562K(251392K), [Metaspace: 4217K->4217K(1056768K)], 0.0320341 secs] [Times: user=0.18 sys=0.00, real=0.03 secs] 
62.452: Total time for which application threads were stopped: 0.0321794 seconds
62.456: [Full GC (Ergonomics) [PSYoungGen: 65536K->19926K(76288K)] [ParOldGen: 174621K->174635K(175104K)] 240157K->194562K(251392K), [Metaspace: 4217K->4217K(1056768K)], 0.0339203 secs] [Times: user=0.15 sys=0.00, real=0.04 secs] 
62.490: Total time for which application threads were stopped: 0.0340715 seconds
62.495: [Full GC (Ergonomics) [PSYoungGen: 65536K->19934K(76288K)] [ParOldGen: 174635K->174627K(175104K)] 240171K->194562K(251392K), [Metaspace: 4217K->4217K(1056768K)], 0.0319841 secs] [Times: user=0.21 sys=0.01, real=0.03 secs] 
62.527: Total time for which application threads were stopped: 0.0321247 seconds
62.531: [Full GC (Ergonomics) [PSYoungGen: 65536K->19934K(76288K)] [ParOldGen: 174627K->174627K(175104K)] 240163K->194562K(251392K), [Metaspace: 4217K->4217K(1056768K)], 0.0331626 secs] [Times: user=0.22 sys=0.00, real=0.03 secs] 
62.564: Total time for which application threads were stopped: 0.0332791 seconds
62.567: [Full GC (Ergonomics) [PSYoungGen: 65536K->19931K(76288K)] [ParOldGen: 174627K->174630K(175104K)] 240163K->194562K(251392K), [Metaspace: 4217K->4217K(1056768K)], 0.0332740 secs] [Times: user=0.20 sys=0.00, real=0.04 secs] 
62.601: Total time for which application threads were stopped: 0.0333704 seconds
62.604: [Full GC (Ergonomics) [PSYoungGen: 65536K->19936K(76288K)] [ParOldGen: 174630K->174625K(175104K)] 240166K->194562K(251392K), [Metaspace: 4217K->4217K(1056768K)], 0.0333146 secs] [Times: user=0.24 sys=0.00, real=0.03 secs] 
62.637: Total time for which application threads were stopped: 0.0334343 seconds
62.641: [Full GC (Ergonomics) [PSYoungGen: 65536K->19940K(76288K)] [ParOldGen: 174625K->174621K(175104K)] 240161K->194562K(251392K), [Metaspace: 4217K->4217K(1056768K)], 0.0333403 secs] [Times: user=0.22 sys=0.01, real=0.03 secs] 
62.674: Total time for which application threads were stopped: 0.0334839 seconds
62.679: [Full GC (Ergonomics) [PSYoungGen: 65536K->19932K(76288K)] [ParOldGen: 174621K->174629K(175104K)] 240157K->194562K(251392K), [Metaspace: 4217K->4217K(1056768K)], 0.0345093 secs] [Times: user=0.21 sys=0.00, real=0.04 secs] 
62.713: Total time for which application threads were stopped: 0.0346554 seconds
62.718: [Full GC (Ergonomics) [PSYoungGen: 65536K->19925K(76288K)] [ParOldGen: 174629K->174636K(175104K)] 240165K->194562K(251392K), [Metaspace: 4217K->4217K(1056768K)], 0.0350581 secs] [Times: user=0.21 sys=0.00, real=0.04 secs] 
62.753: Total time for which application threads were stopped: 0.0351810 seconds
62.756: [Full GC (Ergonomics) [PSYoungGen: 65536K->19934K(76288K)] [ParOldGen: 174636K->174627K(175104K)] 240172K->194562K(251392K), [Metaspace: 4217K->4217K(1056768K)], 0.0338076 secs] [Times: user=0.21 sys=0.00, real=0.04 secs] 
62.790: Total time for which application threads were stopped: 0.0339102 seconds
62.794: [Full GC (Ergonomics) [PSYoungGen: 65536K->19934K(76288K)] [ParOldGen: 174627K->174627K(175104K)] 240163K->194562K(251392K), [Metaspace: 4217K->4217K(1056768K)], 0.0333171 secs] [Times: user=0.22 sys=0.01, real=0.03 secs] 
62.827: Total time for which application threads were stopped: 0.0334524 seconds
62.831: [Full GC (Ergonomics) [PSYoungGen: 65536K->19926K(76288K)] [ParOldGen: 174627K->174635K(175104K)] 240163K->194562K(251392K), [Metaspace: 4217K->4217K(1056768K)], 0.0362238 secs] [Times: user=0.18 sys=0.00, real=0.03 secs] 
62.867: Total time for which application threads were stopped: 0.0363702 seconds
62.870: [Full GC (Ergonomics) [PSYoungGen: 65536K->19935K(76288K)] [ParOldGen: 174635K->174626K(175104K)] 240171K->194562K(251392K), [Metaspace: 4217K->4217K(1056768K)], 0.0356635 secs] [Times: user=0.19 sys=0.00, real=0.03 secs] 
62.906: Total time for which application threads were stopped: 0.0357618 seconds
62.910: [Full GC (Ergonomics) [PSYoungGen: 65536K->19924K(76288K)] [ParOldGen: 174626K->174637K(175104K)] 240162K->194562K(251392K), [Metaspace: 4217K->4217K(1056768K)], 0.0325800 secs] [Times: user=0.22 sys=0.00, real=0.04 secs] 
62.942: Total time for which application threads were stopped: 0.0327159 seconds
62.946: [Full GC (Ergonomics) [PSYoungGen: 65536K->19925K(76288K)] [ParOldGen: 174637K->174636K(175104K)] 240173K->194562K(251392K), [Metaspace: 4217K->4217K(1056768K)], 0.0328481 secs] [Times: user=0.22 sys=0.00, real=0.03 secs] 
62.979: Total time for which application threads were stopped: 0.0329605 seconds
62.982: [Full GC (Ergonomics) [PSYoungGen: 65536K->19929K(76288K)] [ParOldGen: 174636K->174632K(175104K)] 240172K->194562K(251392K), [Metaspace: 4217K->4217K(1056768K)], 0.0326412 secs] [Times: user=0.22 sys=0.01, real=0.03 secs] 
63.015: Total time for which application threads were stopped: 0.0327556 seconds
63.018: [Full GC (Ergonomics) [PSYoungGen: 65536K->19925K(76288K)] [ParOldGen: 174632K->174636K(175104K)] 240168K->194562K(251392K), [Metaspace: 4217K->4217K(1056768K)], 0.0325717 secs] [Times: user=0.23 sys=0.00, real=0.04 secs] 
63.051: Total time for which application threads were stopped: 0.0326997 seconds
63.054: [Full GC (Ergonomics) [PSYoungGen: 65536K->19929K(76288K)] [ParOldGen: 174636K->174632K(175104K)] 240172K->194562K(251392K), [Metaspace: 4217K->4217K(1056768K)], 0.0324784 secs] [Times: user=0.22 sys=0.00, real=0.03 secs] 
63.087: Total time for which application threads were stopped: 0.0325939 seconds
63.090: [Full GC (Ergonomics) [PSYoungGen: 65536K->19926K(76288K)] [ParOldGen: 174632K->174635K(175104K)] 240168K->194562K(251392K), [Metaspace: 4217K->4217K(1056768K)], 0.0318386 secs] [Times: user=0.21 sys=0.00, real=0.03 secs] 
63.122: Total time for which application threads were stopped: 0.0319708 seconds
63.126: [Full GC (Ergonomics) [PSYoungGen: 65536K->19938K(76288K)] [ParOldGen: 174635K->174623K(175104K)] 240171K->194562K(251392K), [Metaspace: 4217K->4217K(1056768K)], 0.0323736 secs] [Times: user=0.22 sys=0.00, real=0.03 secs] 
63.158: Total time for which application threads were stopped: 0.0324880 seconds
63.161: [Full GC (Ergonomics) [PSYoungGen: 65536K->19930K(76288K)] [ParOldGen: 174623K->174631K(175104K)] 240159K->194562K(251392K), [Metaspace: 4217K->4217K(1056768K)], 0.0312994 secs] [Times: user=0.19 sys=0.00, real=0.03 secs] 
63.193: Total time for which application threads were stopped: 0.0314421 seconds
63.196: [Full GC (Ergonomics) [PSYoungGen: 65536K->19928K(76288K)] [ParOldGen: 174631K->174633K(175104K)] 240167K->194562K(251392K), [Metaspace: 4217K->4217K(1056768K)], 0.0329738 secs] [Times: user=0.20 sys=0.00, real=0.03 secs] 
63.229: Total time for which application threads were stopped: 0.0331307 seconds
63.233: [Full GC (Ergonomics) [PSYoungGen: 65536K->19926K(76288K)] [ParOldGen: 174633K->174635K(175104K)] 240169K->194562K(251392K), [Metaspace: 4217K->4217K(1056768K)], 0.0324853 secs] [Times: user=0.21 sys=0.01, real=0.03 secs] 
63.265: Total time for which application threads were stopped: 0.0325754 seconds
63.269: [Full GC (Ergonomics) [PSYoungGen: 65536K->19929K(76288K)] [ParOldGen: 174635K->174632K(175104K)] 240171K->194562K(251392K), [Metaspace: 4217K->4217K(1056768K)], 0.0327901 secs] [Times: user=0.22 sys=0.00, real=0.04 secs] 
63.302: Total time for which application threads were stopped: 0.0329284 seconds
63.305: [Full GC (Ergonomics) [PSYoungGen: 65536K->19923K(76288K)] [ParOldGen: 174632K->174638K(175104K)] 240168K->194562K(251392K), [Metaspace: 4217K->4217K(1056768K)], 0.0320707 secs] [Times: user=0.21 sys=0.00, real=0.03 secs] 
63.337: Total time for which application threads were stopped: 0.0322028 seconds
63.341: [Full GC (Ergonomics) [PSYoungGen: 65536K->19928K(76288K)] [ParOldGen: 174638K->174633K(175104K)] 240174K->194562K(251392K), [Metaspace: 4217K->4217K(1056768K)], 0.0325244 secs] [Times: user=0.21 sys=0.00, real=0.03 secs] 
63.373: Total time for which application threads were stopped: 0.0326298 seconds
63.377: [Full GC (Ergonomics) [PSYoungGen: 65536K->19936K(76288K)] [ParOldGen: 174633K->174625K(175104K)] 240169K->194562K(251392K), [Metaspace: 4217K->4217K(1056768K)], 0.0327085 secs] [Times: user=0.18 sys=0.00, real=0.03 secs] 
63.410: Total time for which application threads were stopped: 0.0328480 seconds
63.414: [Full GC (Ergonomics) [PSYoungGen: 65536K->19939K(76288K)] [ParOldGen: 174625K->174622K(175104K)] 240161K->194562K(251392K), [Metaspace: 4217K->4217K(1056768K)], 0.0347935 secs] [Times: user=0.22 sys=0.01, real=0.03 secs] 
63.448: Total time for which application threads were stopped: 0.0349175 seconds
63.452: [Full GC (Ergonomics) [PSYoungGen: 65536K->19935K(76288K)] [ParOldGen: 174622K->174626K(175104K)] 240158K->194562K(251392K), [Metaspace: 4217K->4217K(1056768K)], 0.0331649 secs] [Times: user=0.21 sys=0.00, real=0.03 secs] 
63.485: Total time for which application threads were stopped: 0.0332865 seconds
63.489: [Full GC (Ergonomics) [PSYoungGen: 65536K->19930K(76288K)] [ParOldGen: 174626K->174631K(175104K)] 240162K->194562K(251392K), [Metaspace: 4217K->4217K(1056768K)], 0.0312285 secs] [Times: user=0.18 sys=0.00, real=0.04 secs] 
63.520: Total time for which application threads were stopped: 0.0313406 seconds
63.525: [Full GC (Ergonomics) [PSYoungGen: 65536K->19919K(76288K)] [ParOldGen: 174631K->174642K(175104K)] 240167K->194562K(251392K), [Metaspace: 4217K->4217K(1056768K)], 0.0343434 secs] [Times: user=0.21 sys=0.00, real=0.03 secs] 
63.559: Total time for which application threads were stopped: 0.0344510 seconds
63.563: [Full GC (Ergonomics) [PSYoungGen: 65536K->19925K(76288K)] [ParOldGen: 174642K->174636K(175104K)] 240178K->194562K(251392K), [Metaspace: 4217K->4217K(1056768K)], 0.0341232 secs] [Times: user=0.20 sys=0.00, real=0.03 secs] 
63.597: Total time for which application threads were stopped: 0.0342439 seconds
63.601: [Full GC (Ergonomics) [PSYoungGen: 65536K->19914K(76288K)] [ParOldGen: 174636K->174647K(175104K)] 240172K->194562K(251392K), [Metaspace: 4217K->4217K(1056768K)], 0.0312312 secs] [Times: user=0.19 sys=0.01, real=0.03 secs] 
63.632: Total time for which application threads were stopped: 0.0313854 seconds
63.636: [Full GC (Ergonomics) [PSYoungGen: 65536K->19931K(76288K)] [ParOldGen: 174647K->174630K(175104K)] 240183K->194562K(251392K), [Metaspace: 4217K->4217K(1056768K)], 0.0327257 secs] [Times: user=0.20 sys=0.00, real=0.03 secs] 
63.669: Total time for which application threads were stopped: 0.0328548 seconds
63.672: [Full GC (Ergonomics) [PSYoungGen: 65536K->19928K(76288K)] [ParOldGen: 174630K->174633K(175104K)] 240166K->194562K(251392K), [Metaspace: 4217K->4217K(1056768K)], 0.0327359 secs] [Times: user=0.21 sys=0.00, real=0.03 secs] 
63.705: Total time for which application threads were stopped: 0.0328631 seconds
63.708: [Full GC (Ergonomics) [PSYoungGen: 65536K->19929K(76288K)] [ParOldGen: 174633K->174632K(175104K)] 240169K->194562K(251392K), [Metaspace: 4217K->4217K(1056768K)], 0.0331317 secs] [Times: user=0.22 sys=0.00, real=0.04 secs] 
63.741: Total time for which application threads were stopped: 0.0332597 seconds
63.745: [Full GC (Ergonomics) [PSYoungGen: 65536K->19923K(76288K)] [ParOldGen: 174632K->174638K(175104K)] 240168K->194562K(251392K), [Metaspace: 4217K->4217K(1056768K)], 0.0307160 secs] [Times: user=0.21 sys=0.00, real=0.03 secs] 
63.776: Total time for which application threads were stopped: 0.0308540 seconds
63.779: [Full GC (Ergonomics) [PSYoungGen: 65536K->19917K(76288K)] [ParOldGen: 174638K->174644K(175104K)] 240174K->194562K(251392K), [Metaspace: 4217K->4217K(1056768K)], 0.0298056 secs] [Times: user=0.18 sys=0.00, real=0.03 secs] 
63.809: Total time for which application threads were stopped: 0.0299199 seconds
63.813: [Full GC (Ergonomics) [PSYoungGen: 65536K->19928K(76288K)] [ParOldGen: 174644K->174633K(175104K)] 240180K->194562K(251392K), [Metaspace: 4217K->4217K(1056768K)], 0.0321019 secs] [Times: user=0.21 sys=0.01, real=0.03 secs] 
63.845: Total time for which application threads were stopped: 0.0322344 seconds
63.848: [Full GC (Ergonomics) [PSYoungGen: 65536K->19924K(76288K)] [ParOldGen: 174633K->174637K(175104K)] 240169K->194562K(251392K), [Metaspace: 4217K->4217K(1056768K)], 0.0328799 secs] [Times: user=0.21 sys=0.00, real=0.04 secs] 
63.881: Total time for which application threads were stopped: 0.0330485 seconds
63.885: [Full GC (Ergonomics) [PSYoungGen: 65536K->19935K(76288K)] [ParOldGen: 174637K->174626K(175104K)] 240173K->194562K(251392K), [Metaspace: 4217K->4217K(1056768K)], 0.0326340 secs] [Times: user=0.22 sys=0.00, real=0.03 secs] 
63.918: Total time for which application threads were stopped: 0.0327655 seconds
63.921: [Full GC (Ergonomics) [PSYoungGen: 65536K->19929K(76288K)] [ParOldGen: 174626K->174632K(175104K)] 240162K->194562K(251392K), [Metaspace: 4217K->4217K(1056768K)], 0.0331608 secs] [Times: user=0.20 sys=0.00, real=0.03 secs] 
63.954: Total time for which application threads were stopped: 0.0332928 seconds
63.958: [Full GC (Ergonomics) [PSYoungGen: 65536K->19936K(76288K)] [ParOldGen: 174632K->174625K(175104K)] 240168K->194562K(251392K), [Metaspace: 4217K->4217K(1056768K)], 0.0338529 secs] [Times: user=0.21 sys=0.00, real=0.04 secs] 
63.992: Total time for which application threads were stopped: 0.0339496 seconds
63.995: [Full GC (Ergonomics) [PSYoungGen: 65536K->19927K(76288K)] [ParOldGen: 174625K->174634K(175104K)] 240161K->194562K(251392K), [Metaspace: 4217K->4217K(1056768K)], 0.0344106 secs] [Times: user=0.21 sys=0.00, real=0.04 secs] 
64.030: Total time for which application threads were stopped: 0.0345078 seconds
64.034: [Full GC (Ergonomics) [PSYoungGen: 65536K->19931K(76288K)] [ParOldGen: 174634K->174630K(175104K)] 240170K->194562K(251392K), [Metaspace: 4217K->4217K(1056768K)], 0.0333270 secs] [Times: user=0.20 sys=0.01, real=0.03 secs] 
64.067: Total time for which application threads were stopped: 0.0334680 seconds
64.071: [Full GC (Ergonomics) [PSYoungGen: 65536K->19917K(76288K)] [ParOldGen: 174630K->174644K(175104K)] 240166K->194562K(251392K), [Metaspace: 4217K->4217K(1056768K)], 0.0331313 secs] [Times: user=0.21 sys=0.00, real=0.03 secs] 
64.104: Total time for which application threads were stopped: 0.0332531 seconds
64.108: [Full GC (Ergonomics) [PSYoungGen: 65536K->19914K(76288K)] [ParOldGen: 174644K->174647K(175104K)] 240180K->194562K(251392K), [Metaspace: 4217K->4217K(1056768K)], 0.0335420 secs] [Times: user=0.17 sys=0.00, real=0.04 secs] 
64.142: Total time for which application threads were stopped: 0.0336994 seconds
64.146: [Full GC (Ergonomics) [PSYoungGen: 65536K->19929K(76288K)] [ParOldGen: 174647K->174632K(175104K)] 240183K->194562K(251392K), [Metaspace: 4217K->4217K(1056768K)], 0.0344628 secs] [Times: user=0.22 sys=0.00, real=0.04 secs] 
64.181: Total time for which application threads were stopped: 0.0346093 seconds
64.185: [Full GC (Ergonomics) [PSYoungGen: 65536K->19931K(76288K)] [ParOldGen: 174632K->174630K(175104K)] 240168K->194562K(251392K), [Metaspace: 4217K->4217K(1056768K)], 0.0334722 secs] [Times: user=0.20 sys=0.01, real=0.03 secs] 
64.218: Total time for which application threads were stopped: 0.0335763 seconds
64.222: [Full GC (Ergonomics) [PSYoungGen: 65536K->19922K(76288K)] [ParOldGen: 174630K->174639K(175104K)] 240166K->194562K(251392K), [Metaspace: 4217K->4217K(1056768K)], 0.0334721 secs] [Times: user=0.21 sys=0.00, real=0.03 secs] 
64.255: Total time for which application threads were stopped: 0.0335929 seconds
64.259: [Full GC (Ergonomics) [PSYoungGen: 65536K->19931K(76288K)] [ParOldGen: 174639K->174630K(175104K)] 240175K->194562K(251392K), [Metaspace: 4217K->4217K(1056768K)], 0.0332572 secs] [Times: user=0.23 sys=0.00, real=0.03 secs] 
64.292: Total time for which application threads were stopped: 0.0333692 seconds
64.295: [Full GC (Ergonomics) [PSYoungGen: 65536K->19932K(76288K)] [ParOldGen: 174630K->174629K(175104K)] 240166K->194562K(251392K), [Metaspace: 4217K->4217K(1056768K)], 0.0323396 secs] [Times: user=0.23 sys=0.00, real=0.03 secs] 
64.328: Total time for which application threads were stopped: 0.0324335 seconds
64.331: [Full GC (Ergonomics) [PSYoungGen: 65536K->19928K(76288K)] [ParOldGen: 174629K->174633K(175104K)] 240165K->194562K(251392K), [Metaspace: 4217K->4217K(1056768K)], 0.0324560 secs] [Times: user=0.23 sys=0.00, real=0.03 secs] 
64.364: Total time for which application threads were stopped: 0.0325710 seconds
64.368: [Full GC (Ergonomics) [PSYoungGen: 65536K->19928K(76288K)] [ParOldGen: 174633K->174633K(175104K)] 240169K->194562K(251392K), [Metaspace: 4217K->4217K(1056768K)], 0.0332007 secs] [Times: user=0.22 sys=0.00, real=0.04 secs] 
64.401: Total time for which application threads were stopped: 0.0333031 seconds
64.404: [Full GC (Ergonomics) [PSYoungGen: 65536K->19928K(76288K)] [ParOldGen: 174633K->174633K(175104K)] 240169K->194562K(251392K), [Metaspace: 4217K->4217K(1056768K)], 0.0320741 secs] [Times: user=0.23 sys=0.00, real=0.03 secs] 
64.436: Total time for which application threads were stopped: 0.0322445 seconds
64.440: [Full GC (Ergonomics) [PSYoungGen: 65536K->19932K(76288K)] [ParOldGen: 174633K->174629K(175104K)] 240169K->194562K(251392K), [Metaspace: 4217K->4217K(1056768K)], 0.0324200 secs] [Times: user=0.21 sys=0.01, real=0.03 secs] 
64.472: Total time for which application threads were stopped: 0.0325548 seconds
64.476: [Full GC (Ergonomics) [PSYoungGen: 65536K->19932K(76288K)] [ParOldGen: 174629K->174629K(175104K)] 240165K->194562K(251392K), [Metaspace: 4217K->4217K(1056768K)], 0.0316567 secs] [Times: user=0.20 sys=0.00, real=0.04 secs] 
64.508: Total time for which application threads were stopped: 0.0317929 seconds
64.511: [Full GC (Ergonomics) [PSYoungGen: 65536K->19934K(76288K)] [ParOldGen: 174629K->174627K(175104K)] 240165K->194562K(251392K), [Metaspace: 4217K->4217K(1056768K)], 0.0333118 secs] [Times: user=0.22 sys=0.00, real=0.03 secs] 
64.544: Total time for which application threads were stopped: 0.0334330 seconds
64.548: [Full GC (Ergonomics) [PSYoungGen: 65536K->19927K(76288K)] [ParOldGen: 174627K->174634K(175104K)] 240163K->194562K(251392K), [Metaspace: 4217K->4217K(1056768K)], 0.0317569 secs] [Times: user=0.21 sys=0.00, real=0.03 secs] 
64.580: Total time for which application threads were stopped: 0.0319216 seconds
64.583: [Full GC (Ergonomics) [PSYoungGen: 65536K->19935K(76288K)] [ParOldGen: 174634K->174626K(175104K)] 240170K->194562K(251392K), [Metaspace: 4217K->4217K(1056768K)], 0.0322870 secs] [Times: user=0.22 sys=0.00, real=0.03 secs] 
64.616: Total time for which application threads were stopped: 0.0324202 seconds
64.619: [Full GC (Ergonomics) [PSYoungGen: 65536K->19926K(76288K)] [ParOldGen: 174626K->174635K(175104K)] 240162K->194562K(251392K), [Metaspace: 4217K->4217K(1056768K)], 0.0328425 secs] [Times: user=0.21 sys=0.00, real=0.03 secs] 
64.652: Total time for which application threads were stopped: 0.0329581 seconds
64.656: [Full GC (Ergonomics) [PSYoungGen: 65536K->19937K(76288K)] [ParOldGen: 174635K->174624K(175104K)] 240171K->194562K(251392K), [Metaspace: 4217K->4217K(1056768K)], 0.0331472 secs] [Times: user=0.22 sys=0.01, real=0.04 secs] 
64.689: Total time for which application threads were stopped: 0.0332845 seconds
64.693: [Full GC (Ergonomics) [PSYoungGen: 65536K->19926K(76288K)] [ParOldGen: 174624K->174635K(175104K)] 240160K->194562K(251392K), [Metaspace: 4217K->4217K(1056768K)], 0.0331060 secs] [Times: user=0.20 sys=0.00, real=0.03 secs] 
64.726: Total time for which application threads were stopped: 0.0332294 seconds
64.729: [Full GC (Ergonomics) [PSYoungGen: 65536K->19921K(76288K)] [ParOldGen: 174635K->174640K(175104K)] 240171K->194562K(251392K), [Metaspace: 4217K->4217K(1056768K)], 0.0332710 secs] [Times: user=0.21 sys=0.00, real=0.03 secs] 
64.763: Total time for which application threads were stopped: 0.0334011 seconds
64.766: [Full GC (Ergonomics) [PSYoungGen: 65536K->19930K(76288K)] [ParOldGen: 174640K->174631K(175104K)] 240176K->194562K(251392K), [Metaspace: 4217K->4217K(1056768K)], 0.0327158 secs] [Times: user=0.21 sys=0.00, real=0.04 secs] 
64.799: Total time for which application threads were stopped: 0.0328396 seconds
64.802: [Full GC (Ergonomics) [PSYoungGen: 65536K->19930K(76288K)] [ParOldGen: 174631K->174632K(175104K)] 240167K->194562K(251392K), [Metaspace: 4217K->4217K(1056768K)], 0.0320264 secs] [Times: user=0.21 sys=0.00, real=0.03 secs] 
64.835: Total time for which application threads were stopped: 0.0321591 seconds
64.838: [Full GC (Ergonomics) [PSYoungGen: 65536K->19927K(76288K)] [ParOldGen: 174632K->174634K(175104K)] 240168K->194562K(251392K), [Metaspace: 4217K->4217K(1056768K)], 0.0319362 secs] [Times: user=0.22 sys=0.01, real=0.03 secs] 
64.870: Total time for which application threads were stopped: 0.0320530 seconds
64.873: [Full GC (Ergonomics) [PSYoungGen: 65536K->19924K(76288K)] [ParOldGen: 174634K->174637K(175104K)] 240170K->194562K(251392K), [Metaspace: 4217K->4217K(1056768K)], 0.0323433 secs] [Times: user=0.22 sys=0.00, real=0.03 secs] 
64.906: Total time for which application threads were stopped: 0.0324848 seconds
64.909: [Full GC (Ergonomics) [PSYoungGen: 65536K->19921K(76288K)] [ParOldGen: 174637K->174640K(175104K)] 240173K->194562K(251392K), [Metaspace: 4217K->4217K(1056768K)], 0.0327905 secs] [Times: user=0.23 sys=0.00, real=0.03 secs] 
64.942: Total time for which application threads were stopped: 0.0329040 seconds
64.945: [Full GC (Ergonomics) [PSYoungGen: 65536K->19929K(76288K)] [ParOldGen: 174640K->174632K(175104K)] 240176K->194562K(251392K), [Metaspace: 4217K->4217K(1056768K)], 0.0325183 secs] [Times: user=0.23 sys=0.00, real=0.04 secs] 
64.978: Total time for which application threads were stopped: 0.0326437 seconds
64.981: [Full GC (Ergonomics) [PSYoungGen: 65536K->19931K(76288K)] [ParOldGen: 174632K->174630K(175104K)] 240168K->194562K(251392K), [Metaspace: 4217K->4217K(1056768K)], 0.0315776 secs] [Times: user=0.21 sys=0.00, real=0.03 secs] 
65.013: Total time for which application threads were stopped: 0.0317244 seconds
65.016: [Full GC (Ergonomics) [PSYoungGen: 65536K->19930K(76288K)] [ParOldGen: 174630K->174632K(175104K)] 240166K->194562K(251392K), [Metaspace: 4217K->4217K(1056768K)], 0.0323712 secs] [Times: user=0.22 sys=0.00, real=0.04 secs] 
65.049: Total time for which application threads were stopped: 0.0325040 seconds
65.052: [Full GC (Ergonomics) [PSYoungGen: 65536K->19936K(76288K)] [ParOldGen: 174632K->174625K(175104K)] 240168K->194562K(251392K), [Metaspace: 4217K->4217K(1056768K)], 0.0328136 secs] [Times: user=0.23 sys=0.00, real=0.03 secs] 
65.085: Total time for which application threads were stopped: 0.0329292 seconds
65.089: [Full GC (Ergonomics) [PSYoungGen: 65536K->19928K(76288K)] [ParOldGen: 174625K->174633K(175104K)] 240161K->194562K(251392K), [Metaspace: 4217K->4217K(1056768K)], 0.0320975 secs] [Times: user=0.22 sys=0.01, real=0.03 secs] 
65.121: Total time for which application threads were stopped: 0.0322293 seconds
65.124: [Full GC (Ergonomics) [PSYoungGen: 65536K->19928K(76288K)] [ParOldGen: 174633K->174633K(175104K)] 240169K->194562K(251392K), [Metaspace: 4217K->4217K(1056768K)], 0.0326831 secs] [Times: user=0.22 sys=0.00, real=0.04 secs] 
65.157: Total time for which application threads were stopped: 0.0327939 seconds
65.160: [Full GC (Ergonomics) [PSYoungGen: 65536K->19932K(76288K)] [ParOldGen: 174633K->174629K(175104K)] 240169K->194562K(251392K), [Metaspace: 4217K->4217K(1056768K)], 0.0325784 secs] [Times: user=0.20 sys=0.00, real=0.03 secs] 
65.193: Total time for which application threads were stopped: 0.0326898 seconds
65.196: [Full GC (Ergonomics) [PSYoungGen: 65536K->19935K(76288K)] [ParOldGen: 174629K->174626K(175104K)] 240165K->194562K(251392K), [Metaspace: 4217K->4217K(1056768K)], 0.0327122 secs] [Times: user=0.23 sys=0.00, real=0.04 secs] 
65.229: Total time for which application threads were stopped: 0.0328469 seconds
65.233: [Full GC (Ergonomics) [PSYoungGen: 65536K->19923K(76288K)] [ParOldGen: 174626K->174639K(175104K)] 240162K->194562K(251392K), [Metaspace: 4217K->4217K(1056768K)], 0.0327017 secs] [Times: user=0.23 sys=0.00, real=0.03 secs] 
65.265: Total time for which application threads were stopped: 0.0328330 seconds
65.269: [Full GC (Ergonomics) [PSYoungGen: 65536K->19932K(76288K)] [ParOldGen: 174639K->174629K(175104K)] 240175K->194562K(251392K), [Metaspace: 4217K->4217K(1056768K)], 0.0322531 secs] [Times: user=0.20 sys=0.00, real=0.03 secs] 
65.301: Total time for which application threads were stopped: 0.0323459 seconds
65.304: [Full GC (Ergonomics) [PSYoungGen: 65536K->19928K(76288K)] [ParOldGen: 174629K->174634K(175104K)] 240165K->194562K(251392K), [Metaspace: 4217K->4217K(1056768K)], 0.0322574 secs] [Times: user=0.22 sys=0.00, real=0.03 secs] 
65.337: Total time for which application threads were stopped: 0.0323694 seconds
65.340: [Full GC (Ergonomics) [PSYoungGen: 65536K->19930K(76288K)] [ParOldGen: 174634K->174631K(175104K)] 240170K->194562K(251392K), [Metaspace: 4217K->4217K(1056768K)], 0.0323165 secs] [Times: user=0.21 sys=0.00, real=0.03 secs] 
65.373: Total time for which application threads were stopped: 0.0324452 seconds
65.376: [Full GC (Ergonomics) [PSYoungGen: 65536K->19930K(76288K)] [ParOldGen: 174631K->174631K(175104K)] 240167K->194562K(251392K), [Metaspace: 4217K->4217K(1056768K)], 0.0318261 secs] [Times: user=0.20 sys=0.01, real=0.04 secs] 
65.408: Total time for which application threads were stopped: 0.0319753 seconds
65.411: [Full GC (Ergonomics) [PSYoungGen: 65536K->19930K(76288K)] [ParOldGen: 174631K->174631K(175104K)] 240167K->194562K(251392K), [Metaspace: 4217K->4217K(1056768K)], 0.0329520 secs] [Times: user=0.22 sys=0.00, real=0.03 secs] 
65.444: Total time for which application threads were stopped: 0.0330839 seconds
65.448: [Full GC (Ergonomics) [PSYoungGen: 65536K->19928K(76288K)] [ParOldGen: 174631K->174633K(175104K)] 240167K->194562K(251392K), [Metaspace: 4217K->4217K(1056768K)], 0.0328998 secs] [Times: user=0.22 sys=0.00, real=0.03 secs] 
65.481: Total time for which application threads were stopped: 0.0330131 seconds
65.484: [Full GC (Ergonomics) [PSYoungGen: 65536K->19933K(76288K)] [ParOldGen: 174633K->174628K(175104K)] 240169K->194562K(251392K), [Metaspace: 4217K->4217K(1056768K)], 0.0318694 secs] [Times: user=0.22 sys=0.00, real=0.03 secs] 
65.516: Total time for which application threads were stopped: 0.0320045 seconds
65.520: [Full GC (Ergonomics) [PSYoungGen: 65536K->19918K(76288K)] [ParOldGen: 174628K->174643K(175104K)] 240164K->194562K(251392K), [Metaspace: 4217K->4217K(1056768K)], 0.0327045 secs] [Times: user=0.21 sys=0.00, real=0.03 secs] 
65.553: Total time for which application threads were stopped: 0.0328106 seconds
65.556: [Full GC (Ergonomics) [PSYoungGen: 65536K->19930K(76288K)] [ParOldGen: 174643K->174631K(175104K)] 240179K->194562K(251392K), [Metaspace: 4217K->4217K(1056768K)], 0.0311362 secs] [Times: user=0.21 sys=0.00, real=0.04 secs] 
65.587: Total time for which application threads were stopped: 0.0312556 seconds
65.591: [Full GC (Ergonomics) [PSYoungGen: 65536K->19918K(76288K)] [ParOldGen: 174631K->174643K(175104K)] 240167K->194562K(251392K), [Metaspace: 4217K->4217K(1056768K)], 0.0322494 secs] [Times: user=0.22 sys=0.00, real=0.03 secs] 
65.623: Total time for which application threads were stopped: 0.0324002 seconds
65.626: [Full GC (Ergonomics) [PSYoungGen: 65536K->19928K(76288K)] [ParOldGen: 174643K->174633K(175104K)] 240179K->194562K(251392K), [Metaspace: 4217K->4217K(1056768K)], 0.0321451 secs] [Times: user=0.21 sys=0.01, real=0.04 secs] 
65.659: Total time for which application threads were stopped: 0.0322864 seconds
65.662: [Full GC (Ergonomics) [PSYoungGen: 65536K->19923K(76288K)] [ParOldGen: 174633K->174638K(175104K)] 240169K->194562K(251392K), [Metaspace: 4217K->4217K(1056768K)], 0.0326516 secs] [Times: user=0.21 sys=0.00, real=0.03 secs] 
65.695: Total time for which application threads were stopped: 0.0327678 seconds
65.698: [Full GC (Ergonomics) [PSYoungGen: 65536K->19930K(76288K)] [ParOldGen: 174638K->174631K(175104K)] 240174K->194562K(251392K), [Metaspace: 4217K->4217K(1056768K)], 0.0323752 secs] [Times: user=0.23 sys=0.00, real=0.03 secs] 
65.731: Total time for which application threads were stopped: 0.0325201 seconds
65.734: [Full GC (Ergonomics) [PSYoungGen: 65536K->19927K(76288K)] [ParOldGen: 174631K->174634K(175104K)] 240167K->194562K(251392K), [Metaspace: 4217K->4217K(1056768K)], 0.0325166 secs] [Times: user=0.20 sys=0.00, real=0.04 secs] 
65.767: Total time for which application threads were stopped: 0.0326598 seconds
65.770: [Full GC (Ergonomics) [PSYoungGen: 65536K->19933K(76288K)] [ParOldGen: 174634K->174628K(175104K)] 240170K->194562K(251392K), [Metaspace: 4217K->4217K(1056768K)], 0.0309522 secs] [Times: user=0.21 sys=0.00, real=0.03 secs] 
65.801: Total time for which application threads were stopped: 0.0310631 seconds
65.804: [Full GC (Ergonomics) [PSYoungGen: 65536K->19925K(76288K)] [ParOldGen: 174628K->174636K(175104K)] 240164K->194562K(251392K), [Metaspace: 4217K->4217K(1056768K)], 0.0326191 secs] [Times: user=0.21 sys=0.00, real=0.04 secs] 
65.837: Total time for which application threads were stopped: 0.0327236 seconds
65.840: [Full GC (Ergonomics) [PSYoungGen: 65536K->19928K(76288K)] [ParOldGen: 174636K->174633K(175104K)] 240172K->194562K(251392K), [Metaspace: 4217K->4217K(1056768K)], 0.0327097 secs] [Times: user=0.23 sys=0.00, real=0.03 secs] 
65.873: Total time for which application threads were stopped: 0.0328018 seconds
65.877: [Full GC (Ergonomics) [PSYoungGen: 65536K->19924K(76288K)] [ParOldGen: 174633K->174637K(175104K)] 240169K->194562K(251392K), [Metaspace: 4217K->4217K(1056768K)], 0.0328517 secs] [Times: user=0.23 sys=0.00, real=0.03 secs] 
65.910: Total time for which application threads were stopped: 0.0329659 seconds
65.914: [Full GC (Ergonomics) [PSYoungGen: 65536K->19928K(76288K)] [ParOldGen: 174637K->174633K(175104K)] 240173K->194562K(251392K), [Metaspace: 4217K->4217K(1056768K)], 0.0326237 secs] [Times: user=0.22 sys=0.00, real=0.03 secs] 
65.946: Total time for which application threads were stopped: 0.0327351 seconds
65.950: [Full GC (Ergonomics) [PSYoungGen: 65536K->19925K(76288K)] [ParOldGen: 174633K->174636K(175104K)] 240169K->194562K(251392K), [Metaspace: 4217K->4217K(1056768K)], 0.0305117 secs] [Times: user=0.21 sys=0.00, real=0.03 secs] 
65.980: Total time for which application threads were stopped: 0.0306442 seconds
65.984: [Full GC (Ergonomics) [PSYoungGen: 65536K->19922K(76288K)] [ParOldGen: 174636K->174639K(175104K)] 240172K->194562K(251392K), [Metaspace: 4217K->4217K(1056768K)], 0.0323541 secs] [Times: user=0.20 sys=0.00, real=0.03 secs] 
66.016: Total time for which application threads were stopped: 0.0324899 seconds
66.019: [Full GC (Ergonomics) [PSYoungGen: 65536K->19931K(76288K)] [ParOldGen: 174639K->174630K(175104K)] 240175K->194562K(251392K), [Metaspace: 4217K->4217K(1056768K)], 0.0318068 secs] [Times: user=0.20 sys=0.00, real=0.03 secs] 
66.051: Total time for which application threads were stopped: 0.0319197 seconds
66.055: [Full GC (Ergonomics) [PSYoungGen: 65536K->19930K(76288K)] [ParOldGen: 174630K->174631K(175104K)] 240166K->194562K(251392K), [Metaspace: 4217K->4217K(1056768K)], 0.0329211 secs] [Times: user=0.21 sys=0.00, real=0.04 secs] 
66.088: Total time for which application threads were stopped: 0.0330459 seconds
66.091: [Full GC (Ergonomics) [PSYoungGen: 65536K->19921K(76288K)] [ParOldGen: 174631K->174640K(175104K)] 240167K->194562K(251392K), [Metaspace: 4217K->4217K(1056768K)], 0.0286943 secs] [Times: user=0.21 sys=0.00, real=0.03 secs] 
66.120: Total time for which application threads were stopped: 0.0288164 seconds
66.124: [Full GC (Ergonomics) [PSYoungGen: 65536K->19928K(76288K)] [ParOldGen: 174640K->174633K(175104K)] 240176K->194562K(251392K), [Metaspace: 4217K->4217K(1056768K)], 0.0306655 secs] [Times: user=0.20 sys=0.01, real=0.03 secs] 
66.155: Total time for which application threads were stopped: 0.0308007 seconds
66.158: [Full GC (Ergonomics) [PSYoungGen: 65536K->19926K(76288K)] [ParOldGen: 174633K->174635K(175104K)] 240169K->194562K(251392K), [Metaspace: 4217K->4217K(1056768K)], 0.0320702 secs] [Times: user=0.21 sys=0.00, real=0.03 secs] 
66.190: Total time for which application threads were stopped: 0.0322000 seconds
66.194: [Full GC (Ergonomics) [PSYoungGen: 65536K->19939K(76288K)] [ParOldGen: 174635K->174622K(175104K)] 240171K->194562K(251392K), [Metaspace: 4217K->4217K(1056768K)], 0.0327537 secs] [Times: user=0.22 sys=0.00, real=0.04 secs] 
66.227: Total time for which application threads were stopped: 0.0328853 seconds
66.230: [Full GC (Ergonomics) [PSYoungGen: 65536K->19938K(76288K)] [ParOldGen: 174622K->174623K(175104K)] 240158K->194562K(251392K), [Metaspace: 4217K->4217K(1056768K)], 0.0326672 secs] [Times: user=0.21 sys=0.00, real=0.03 secs] 
66.263: Total time for which application threads were stopped: 0.0327916 seconds
66.266: [Full GC (Ergonomics) [PSYoungGen: 65536K->19938K(76288K)] [ParOldGen: 174623K->174623K(175104K)] 240159K->194562K(251392K), [Metaspace: 4217K->4217K(1056768K)], 0.0327959 secs] [Times: user=0.23 sys=0.00, real=0.04 secs] 
66.299: Total time for which application threads were stopped: 0.0329218 seconds
66.303: [Full GC (Ergonomics) [PSYoungGen: 65536K->19930K(76288K)] [ParOldGen: 174623K->174631K(175104K)] 240159K->194562K(251392K), [Metaspace: 4217K->4217K(1056768K)], 0.0318125 secs] [Times: user=0.20 sys=0.00, real=0.03 secs] 
66.335: Total time for which application threads were stopped: 0.0319337 seconds
66.339: [Full GC (Ergonomics) [PSYoungGen: 65536K->19925K(76288K)] [ParOldGen: 174631K->174636K(175104K)] 240167K->194562K(251392K), [Metaspace: 4217K->4217K(1056768K)], 0.0327671 secs] [Times: user=0.23 sys=0.00, real=0.03 secs] 
66.371: Total time for which application threads were stopped: 0.0328967 seconds
66.375: [Full GC (Ergonomics) [PSYoungGen: 65536K->19931K(76288K)] [ParOldGen: 174636K->174630K(175104K)] 240172K->194562K(251392K), [Metaspace: 4217K->4217K(1056768K)], 0.0320109 secs] [Times: user=0.20 sys=0.01, real=0.04 secs] 
66.407: Total time for which application threads were stopped: 0.0321639 seconds
66.410: [Full GC (Ergonomics) [PSYoungGen: 65536K->19930K(76288K)] [ParOldGen: 174630K->174631K(175104K)] 240166K->194562K(251392K), [Metaspace: 4217K->4217K(1056768K)], 0.0326595 secs] [Times: user=0.21 sys=0.00, real=0.03 secs] 
66.443: Total time for which application threads were stopped: 0.0327914 seconds
66.447: [Full GC (Ergonomics) [PSYoungGen: 65536K->19939K(76288K)] [ParOldGen: 174631K->174622K(175104K)] 240167K->194562K(251392K), [Metaspace: 4217K->4217K(1056768K)], 0.0323365 secs] [Times: user=0.23 sys=0.00, real=0.04 secs] 
66.479: Total time for which application threads were stopped: 0.0324712 seconds
66.482: [Full GC (Ergonomics) [PSYoungGen: 65536K->19935K(76288K)] [ParOldGen: 174622K->174626K(175104K)] 240158K->194562K(251392K), [Metaspace: 4217K->4217K(1056768K)], 0.0328382 secs] [Times: user=0.21 sys=0.00, real=0.03 secs] 
66.515: Total time for which application threads were stopped: 0.0329711 seconds
66.519: [Full GC (Ergonomics) [PSYoungGen: 65536K->19930K(76288K)] [ParOldGen: 174626K->174631K(175104K)] 240162K->194562K(251392K), [Metaspace: 4217K->4217K(1056768K)], 0.0322934 secs] [Times: user=0.22 sys=0.00, real=0.03 secs] 
66.551: Total time for which application threads were stopped: 0.0324199 seconds
66.554: [Full GC (Ergonomics) [PSYoungGen: 65536K->19917K(76288K)] [ParOldGen: 174631K->174644K(175104K)] 240167K->194562K(251392K), [Metaspace: 4217K->4217K(1056768K)], 0.0327895 secs] [Times: user=0.23 sys=0.00, real=0.04 secs] 
66.587: Total time for which application threads were stopped: 0.0329057 seconds
66.591: [Full GC (Ergonomics) [PSYoungGen: 65536K->19924K(76288K)] [ParOldGen: 174644K->174637K(175104K)] 240180K->194562K(251392K), [Metaspace: 4217K->4217K(1056768K)], 0.0318380 secs] [Times: user=0.22 sys=0.00, real=0.03 secs] 
66.623: Total time for which application threads were stopped: 0.0319729 seconds
66.626: [Full GC (Ergonomics) [PSYoungGen: 65536K->19926K(76288K)] [ParOldGen: 174637K->174635K(175104K)] 240173K->194562K(251392K), [Metaspace: 4217K->4217K(1056768K)], 0.0333669 secs] [Times: user=0.22 sys=0.01, real=0.04 secs] 
66.660: Total time for which application threads were stopped: 0.0334638 seconds
66.663: [Full GC (Ergonomics) [PSYoungGen: 65536K->19928K(76288K)] [ParOldGen: 174635K->174633K(175104K)] 240171K->194562K(251392K), [Metaspace: 4217K->4217K(1056768K)], 0.0326041 secs] [Times: user=0.22 sys=0.00, real=0.03 secs] 
66.696: Total time for which application threads were stopped: 0.0327297 seconds
66.699: [Full GC (Ergonomics) [PSYoungGen: 65536K->19924K(76288K)] [ParOldGen: 174633K->174637K(175104K)] 240169K->194562K(251392K), [Metaspace: 4217K->4217K(1056768K)], 0.0325672 secs] [Times: user=0.21 sys=0.00, real=0.03 secs] 
66.732: Total time for which application threads were stopped: 0.0327258 seconds
66.735: [Full GC (Ergonomics) [PSYoungGen: 65536K->19935K(76288K)] [ParOldGen: 174637K->174626K(175104K)] 240173K->194562K(251392K), [Metaspace: 4217K->4217K(1056768K)], 0.0327528 secs] [Times: user=0.22 sys=0.00, real=0.04 secs] 
66.768: Total time for which application threads were stopped: 0.0328846 seconds
66.771: [Full GC (Ergonomics) [PSYoungGen: 65536K->19933K(76288K)] [ParOldGen: 174626K->174628K(175104K)] 240162K->194562K(251392K), [Metaspace: 4217K->4217K(1056768K)], 0.0329770 secs] [Times: user=0.24 sys=0.00, real=0.03 secs] 
66.804: Total time for which application threads were stopped: 0.0330897 seconds
66.808: [Full GC (Ergonomics) [PSYoungGen: 65536K->19935K(76288K)] [ParOldGen: 174628K->174626K(175104K)] 240164K->194562K(251392K), [Metaspace: 4217K->4217K(1056768K)], 0.0329658 secs] [Times: user=0.24 sys=0.00, real=0.03 secs] 
66.841: Total time for which application threads were stopped: 0.0330930 seconds
66.844: [Full GC (Ergonomics) [PSYoungGen: 65536K->19936K(76288K)] [ParOldGen: 174626K->174625K(175104K)] 240162K->194562K(251392K), [Metaspace: 4217K->4217K(1056768K)], 0.0331478 secs] [Times: user=0.22 sys=0.00, real=0.04 secs] 
66.878: Total time for which application threads were stopped: 0.0332619 seconds
66.881: [Full GC (Ergonomics) [PSYoungGen: 65536K->19936K(76288K)] [ParOldGen: 174625K->174625K(175104K)] 240161K->194562K(251392K), [Metaspace: 4217K->4217K(1056768K)], 0.0325716 secs] [Times: user=0.22 sys=0.01, real=0.03 secs] 
66.914: Total time for which application threads were stopped: 0.0326847 seconds
66.917: [Full GC (Ergonomics) [PSYoungGen: 65536K->19935K(76288K)] [ParOldGen: 174625K->174626K(175104K)] 240161K->194562K(251392K), [Metaspace: 4217K->4217K(1056768K)], 0.0322403 secs] [Times: user=0.22 sys=0.00, real=0.03 secs] 
66.950: Total time for which application threads were stopped: 0.0323809 seconds
66.953: [Full GC (Ergonomics) [PSYoungGen: 65536K->19925K(76288K)] [ParOldGen: 174626K->174636K(175104K)] 240162K->194562K(251392K), [Metaspace: 4217K->4217K(1056768K)], 0.0328645 secs] [Times: user=0.23 sys=0.00, real=0.03 secs] 
66.986: Total time for which application threads were stopped: 0.0329867 seconds
66.989: [Full GC (Ergonomics) [PSYoungGen: 65536K->19934K(76288K)] [ParOldGen: 174636K->174627K(175104K)] 240172K->194562K(251392K), [Metaspace: 4217K->4217K(1056768K)], 0.0329959 secs] [Times: user=0.21 sys=0.00, real=0.03 secs] 
67.022: Total time for which application threads were stopped: 0.0331521 seconds
67.026: [Full GC (Ergonomics) [PSYoungGen: 65536K->19922K(76288K)] [ParOldGen: 174627K->174639K(175104K)] 240163K->194562K(251392K), [Metaspace: 4217K->4217K(1056768K)], 0.0321686 secs] [Times: user=0.22 sys=0.00, real=0.04 secs] 
67.058: Total time for which application threads were stopped: 0.0322902 seconds
67.062: [Full GC (Ergonomics) [PSYoungGen: 65536K->19920K(76288K)] [ParOldGen: 174639K->174641K(175104K)] 240175K->194562K(251392K), [Metaspace: 4217K->4217K(1056768K)], 0.0326511 secs] [Times: user=0.23 sys=0.00, real=0.03 secs] 
67.095: Total time for which application threads were stopped: 0.0327965 seconds
67.098: [Full GC (Ergonomics) [PSYoungGen: 65536K->19925K(76288K)] [ParOldGen: 174641K->174636K(175104K)] 240177K->194562K(251392K), [Metaspace: 4217K->4217K(1056768K)], 0.0324684 secs] [Times: user=0.23 sys=0.00, real=0.03 secs] 
67.131: Total time for which application threads were stopped: 0.0326149 seconds
67.134: [Full GC (Ergonomics) [PSYoungGen: 65536K->19926K(76288K)] [ParOldGen: 174636K->174635K(175104K)] 240172K->194562K(251392K), [Metaspace: 4217K->4217K(1056768K)], 0.0323879 secs] [Times: user=0.23 sys=0.00, real=0.03 secs] 
67.166: Total time for which application threads were stopped: 0.0325093 seconds
67.170: [Full GC (Ergonomics) [PSYoungGen: 65536K->19932K(76288K)] [ParOldGen: 174635K->174629K(175104K)] 240171K->194562K(251392K), [Metaspace: 4217K->4217K(1056768K)], 0.0334005 secs] [Times: user=0.21 sys=0.01, real=0.03 secs] 
67.203: Total time for which application threads were stopped: 0.0334936 seconds
67.207: [Full GC (Ergonomics) [PSYoungGen: 65536K->19922K(76288K)] [ParOldGen: 174629K->174639K(175104K)] 240165K->194562K(251392K), [Metaspace: 4217K->4217K(1056768K)], 0.0327629 secs] [Times: user=0.22 sys=0.00, real=0.04 secs] 
67.239: Total time for which application threads were stopped: 0.0328886 seconds
67.243: [Full GC (Ergonomics) [PSYoungGen: 65536K->19929K(76288K)] [ParOldGen: 174639K->174632K(175104K)] 240175K->194562K(251392K), [Metaspace: 4217K->4217K(1056768K)], 0.0326726 secs] [Times: user=0.23 sys=0.00, real=0.03 secs] 
67.276: Total time for which application threads were stopped: 0.0327674 seconds
67.279: [Full GC (Ergonomics) [PSYoungGen: 65536K->19928K(76288K)] [ParOldGen: 174632K->174633K(175104K)] 240168K->194562K(251392K), [Metaspace: 4217K->4217K(1056768K)], 0.0329831 secs] [Times: user=0.23 sys=0.00, real=0.03 secs] 
67.312: Total time for which application threads were stopped: 0.0331028 seconds
67.315: [Full GC (Ergonomics) [PSYoungGen: 65536K->19925K(76288K)] [ParOldGen: 174633K->174636K(175104K)] 240169K->194562K(251392K), [Metaspace: 4217K->4217K(1056768K)], 0.0323798 secs] [Times: user=0.20 sys=0.00, real=0.04 secs] 
67.348: Total time for which application threads were stopped: 0.0325136 seconds
67.351: [Full GC (Ergonomics) [PSYoungGen: 65536K->19932K(76288K)] [ParOldGen: 174636K->174629K(175104K)] 240172K->194562K(251392K), [Metaspace: 4217K->4217K(1056768K)], 0.0316187 secs] [Times: user=0.19 sys=0.00, real=0.03 secs] 
67.383: Total time for which application threads were stopped: 0.0317606 seconds
67.387: [Full GC (Ergonomics) [PSYoungGen: 65536K->19925K(76288K)] [ParOldGen: 174629K->174636K(175104K)] 240165K->194562K(251392K), [Metaspace: 4217K->4217K(1056768K)], 0.0338979 secs] [Times: user=0.21 sys=0.00, real=0.03 secs] 
67.421: Total time for which application threads were stopped: 0.0339998 seconds
67.425: [Full GC (Ergonomics) [PSYoungGen: 65536K->19925K(76288K)] [ParOldGen: 174636K->174637K(175104K)] 240172K->194562K(251392K), [Metaspace: 4217K->4217K(1056768K)], 0.0307760 secs] [Times: user=0.19 sys=0.01, real=0.03 secs] 
67.455: Total time for which application threads were stopped: 0.0309069 seconds
67.459: [Full GC (Ergonomics) [PSYoungGen: 65536K->19932K(76288K)] [ParOldGen: 174637K->174629K(175104K)] 240173K->194562K(251392K), [Metaspace: 4217K->4217K(1056768K)], 0.0320600 secs] [Times: user=0.23 sys=0.00, real=0.03 secs] 
67.491: Total time for which application threads were stopped: 0.0322098 seconds
67.494: [Full GC (Ergonomics) [PSYoungGen: 65536K->19933K(76288K)] [ParOldGen: 174629K->174628K(175104K)] 240165K->194562K(251392K), [Metaspace: 4217K->4217K(1056768K)], 0.0324360 secs] [Times: user=0.22 sys=0.00, real=0.04 secs] 
67.527: Total time for which application threads were stopped: 0.0325543 seconds
67.530: [Full GC (Ergonomics) [PSYoungGen: 65536K->19936K(76288K)] [ParOldGen: 174628K->174625K(175104K)] 240164K->194562K(251392K), [Metaspace: 4217K->4217K(1056768K)], 0.0328262 secs] [Times: user=0.23 sys=0.00, real=0.03 secs] 
67.563: Total time for which application threads were stopped: 0.0329469 seconds
67.567: [Full GC (Ergonomics) [PSYoungGen: 65536K->19928K(76288K)] [ParOldGen: 174625K->174633K(175104K)] 240161K->194562K(251392K), [Metaspace: 4217K->4217K(1056768K)], 0.0327889 secs] [Times: user=0.23 sys=0.00, real=0.04 secs] 
67.599: Total time for which application threads were stopped: 0.0329020 seconds
67.603: [Full GC (Ergonomics) [PSYoungGen: 65536K->19933K(76288K)] [ParOldGen: 174633K->174628K(175104K)] 240169K->194562K(251392K), [Metaspace: 4217K->4217K(1056768K)], 0.0331241 secs] [Times: user=0.23 sys=0.00, real=0.03 secs] 
67.636: Total time for which application threads were stopped: 0.0332541 seconds
67.639: [Full GC (Ergonomics) [PSYoungGen: 65536K->19931K(76288K)] [ParOldGen: 174628K->174630K(175104K)] 240164K->194562K(251392K), [Metaspace: 4217K->4217K(1056768K)], 0.0332998 secs] [Times: user=0.20 sys=0.01, real=0.03 secs] 
67.673: Total time for which application threads were stopped: 0.0334161 seconds
67.677: [Full GC (Ergonomics) [PSYoungGen: 65536K->19930K(76288K)] [ParOldGen: 174630K->174631K(175104K)] 240166K->194562K(251392K), [Metaspace: 4217K->4217K(1056768K)], 0.0334766 secs] [Times: user=0.20 sys=0.00, real=0.04 secs] 
67.710: Total time for which application threads were stopped: 0.0335758 seconds
67.713: [Full GC (Ergonomics) [PSYoungGen: 65536K->19929K(76288K)] [ParOldGen: 174631K->174632K(175104K)] 240167K->194562K(251392K), [Metaspace: 4217K->4217K(1056768K)], 0.0332757 secs] [Times: user=0.22 sys=0.00, real=0.04 secs] 
67.747: Total time for which application threads were stopped: 0.0333954 seconds
67.750: [Full GC (Ergonomics) [PSYoungGen: 65536K->19936K(76288K)] [ParOldGen: 174632K->174625K(175104K)] 240168K->194562K(251392K), [Metaspace: 4217K->4217K(1056768K)], 0.0322424 secs] [Times: user=0.19 sys=0.01, real=0.03 secs] 
67.783: Total time for which application threads were stopped: 0.0323990 seconds
67.786: [Full GC (Ergonomics) [PSYoungGen: 65536K->19936K(76288K)] [ParOldGen: 174625K->174625K(175104K)] 240161K->194562K(251392K), [Metaspace: 4217K->4217K(1056768K)], 0.0322237 secs] [Times: user=0.21 sys=0.00, real=0.04 secs] 
67.818: Total time for which application threads were stopped: 0.0323465 seconds
67.822: [Full GC (Ergonomics) [PSYoungGen: 65536K->19924K(76288K)] [ParOldGen: 174625K->174637K(175104K)] 240161K->194562K(251392K), [Metaspace: 4217K->4217K(1056768K)], 0.0326898 secs] [Times: user=0.23 sys=0.00, real=0.03 secs] 
67.855: Total time for which application threads were stopped: 0.0328217 seconds
67.858: [Full GC (Ergonomics) [PSYoungGen: 65536K->19935K(76288K)] [ParOldGen: 174637K->174626K(175104K)] 240173K->194562K(251392K), [Metaspace: 4217K->4217K(1056768K)], 0.0325382 secs] [Times: user=0.22 sys=0.00, real=0.03 secs] 
67.891: Total time for which application threads were stopped: 0.0326568 seconds
67.894: [Full GC (Ergonomics) [PSYoungGen: 65536K->19924K(76288K)] [ParOldGen: 174626K->174637K(175104K)] 240162K->194562K(251392K), [Metaspace: 4217K->4217K(1056768K)], 0.0329388 secs] [Times: user=0.22 sys=0.00, real=0.04 secs] 
67.927: Total time for which application threads were stopped: 0.0330627 seconds
67.930: [Full GC (Ergonomics) [PSYoungGen: 65536K->19925K(76288K)] [ParOldGen: 174637K->174636K(175104K)] 240173K->194562K(251392K), [Metaspace: 4217K->4217K(1056768K)], 0.0323903 secs] [Times: user=0.22 sys=0.00, real=0.03 secs] 
67.963: Total time for which application threads were stopped: 0.0325227 seconds
67.966: [Full GC (Ergonomics) [PSYoungGen: 65536K->19929K(76288K)] [ParOldGen: 174636K->174632K(175104K)] 240172K->194562K(251392K), [Metaspace: 4217K->4217K(1056768K)], 0.0322455 secs] [Times: user=0.18 sys=0.00, real=0.04 secs] 
67.999: Total time for which application threads were stopped: 0.0323799 seconds
68.002: [Full GC (Ergonomics) [PSYoungGen: 65536K->19927K(76288K)] [ParOldGen: 174632K->174634K(175104K)] 240168K->194562K(251392K), [Metaspace: 4217K->4217K(1056768K)], 0.0319672 secs] [Times: user=0.22 sys=0.00, real=0.03 secs] 
68.034: Total time for which application threads were stopped: 0.0321064 seconds
68.038: [Full GC (Ergonomics) [PSYoungGen: 65536K->19928K(76288K)] [ParOldGen: 174634K->174633K(175104K)] 240170K->194562K(251392K), [Metaspace: 4217K->4217K(1056768K)], 0.0332405 secs] [Times: user=0.22 sys=0.01, real=0.03 secs] 
68.071: Total time for which application threads were stopped: 0.0333544 seconds
68.074: [Full GC (Ergonomics) [PSYoungGen: 65536K->19927K(76288K)] [ParOldGen: 174633K->174634K(175104K)] 240169K->194562K(251392K), [Metaspace: 4217K->4217K(1056768K)], 0.0326029 secs] [Times: user=0.23 sys=0.00, real=0.04 secs] 
68.107: Total time for which application threads were stopped: 0.0327265 seconds
68.110: [Full GC (Ergonomics) [PSYoungGen: 65536K->19937K(76288K)] [ParOldGen: 174634K->174624K(175104K)] 240170K->194562K(251392K), [Metaspace: 4217K->4217K(1056768K)], 0.0310535 secs] [Times: user=0.22 sys=0.00, real=0.03 secs] 
68.142: Total time for which application threads were stopped: 0.0311760 seconds
68.145: [Full GC (Ergonomics) [PSYoungGen: 65536K->19931K(76288K)] [ParOldGen: 174624K->174630K(175104K)] 240160K->194562K(251392K), [Metaspace: 4217K->4217K(1056768K)], 0.0330377 secs] [Times: user=0.24 sys=0.00, real=0.04 secs] 
68.178: Total time for which application threads were stopped: 0.0331650 seconds
68.181: [Full GC (Ergonomics) [PSYoungGen: 65536K->19930K(76288K)] [ParOldGen: 174630K->174631K(175104K)] 240166K->194562K(251392K), [Metaspace: 4217K->4217K(1056768K)], 0.0328795 secs] [Times: user=0.23 sys=0.00, real=0.03 secs] 
68.214: Total time for which application threads were stopped: 0.0330224 seconds
68.218: [Full GC (Ergonomics) [PSYoungGen: 65536K->19936K(76288K)] [ParOldGen: 174631K->174625K(175104K)] 240167K->194562K(251392K), [Metaspace: 4217K->4217K(1056768K)], 0.0324420 secs] [Times: user=0.23 sys=0.00, real=0.03 secs] 
68.250: Total time for which application threads were stopped: 0.0325708 seconds
68.253: [Full GC (Ergonomics) [PSYoungGen: 65536K->19927K(76288K)] [ParOldGen: 174625K->174634K(175104K)] 240161K->194562K(251392K), [Metaspace: 4217K->4217K(1056768K)], 0.0304216 secs] [Times: user=0.18 sys=0.01, real=0.03 secs] 
68.284: Total time for which application threads were stopped: 0.0305179 seconds
68.287: [Full GC (Ergonomics) [PSYoungGen: 65536K->19921K(76288K)] [ParOldGen: 174634K->174640K(175104K)] 240170K->194562K(251392K), [Metaspace: 4217K->4217K(1056768K)], 0.0322590 secs] [Times: user=0.21 sys=0.00, real=0.03 secs] 
68.320: Total time for which application threads were stopped: 0.0323730 seconds
68.323: [Full GC (Ergonomics) [PSYoungGen: 65536K->19935K(76288K)] [ParOldGen: 174640K->174626K(175104K)] 240176K->194562K(251392K), [Metaspace: 4217K->4217K(1056768K)], 0.0309741 secs] [Times: user=0.19 sys=0.00, real=0.03 secs] 
68.354: Total time for which application threads were stopped: 0.0310850 seconds
68.357: [Full GC (Ergonomics) [PSYoungGen: 65536K->19925K(76288K)] [ParOldGen: 174626K->174636K(175104K)] 240162K->194562K(251392K), [Metaspace: 4217K->4217K(1056768K)], 0.0316898 secs] [Times: user=0.22 sys=0.00, real=0.03 secs] 
68.389: Total time for which application threads were stopped: 0.0318102 seconds
68.393: [Full GC (Ergonomics) [PSYoungGen: 65536K->19924K(76288K)] [ParOldGen: 174636K->174637K(175104K)] 240172K->194562K(251392K), [Metaspace: 4217K->4217K(1056768K)], 0.0322777 secs] [Times: user=0.22 sys=0.00, real=0.03 secs] 
68.425: Total time for which application threads were stopped: 0.0324734 seconds
68.429: [Full GC (Ergonomics) [PSYoungGen: 65536K->19934K(76288K)] [ParOldGen: 174637K->174627K(175104K)] 240173K->194562K(251392K), [Metaspace: 4217K->4217K(1056768K)], 0.0293339 secs] [Times: user=0.19 sys=0.00, real=0.03 secs] 
68.458: Total time for which application threads were stopped: 0.0294659 seconds
68.462: [Full GC (Ergonomics) [PSYoungGen: 65536K->19915K(76288K)] [ParOldGen: 174627K->174646K(175104K)] 240163K->194562K(251392K), [Metaspace: 4217K->4217K(1056768K)], 0.0315453 secs] [Times: user=0.22 sys=0.00, real=0.03 secs] 
68.494: Total time for which application threads were stopped: 0.0316807 seconds
68.497: [Full GC (Ergonomics) [PSYoungGen: 65536K->19932K(76288K)] [ParOldGen: 174646K->174629K(175104K)] 240182K->194562K(251392K), [Metaspace: 4217K->4217K(1056768K)], 0.0320722 secs] [Times: user=0.21 sys=0.00, real=0.03 secs] 
68.529: Total time for which application threads were stopped: 0.0322014 seconds
68.533: [Full GC (Ergonomics) [PSYoungGen: 65536K->19926K(76288K)] [ParOldGen: 174629K->174635K(175104K)] 240165K->194562K(251392K), [Metaspace: 4217K->4217K(1056768K)], 0.0330195 secs] [Times: user=0.22 sys=0.01, real=0.03 secs] 
68.566: Total time for which application threads were stopped: 0.0331650 seconds
68.570: [Full GC (Ergonomics) [PSYoungGen: 65536K->19921K(76288K)] [ParOldGen: 174635K->174640K(175104K)] 240171K->194562K(251392K), [Metaspace: 4217K->4217K(1056768K)], 0.0309413 secs] [Times: user=0.21 sys=0.00, real=0.03 secs] 
68.601: Total time for which application threads were stopped: 0.0310779 seconds
68.605: [Full GC (Ergonomics) [PSYoungGen: 65536K->19931K(76288K)] [ParOldGen: 174640K->174630K(175104K)] 240176K->194562K(251392K), [Metaspace: 4217K->4217K(1056768K)], 0.0323656 secs] [Times: user=0.20 sys=0.00, real=0.04 secs] 
68.637: Total time for which application threads were stopped: 0.0324915 seconds
68.641: [Full GC (Ergonomics) [PSYoungGen: 65536K->19932K(76288K)] [ParOldGen: 174630K->174629K(175104K)] 240166K->194562K(251392K), [Metaspace: 4217K->4217K(1056768K)], 0.0336496 secs] [Times: user=0.23 sys=0.00, real=0.03 secs] 
68.674: Total time for which application threads were stopped: 0.0337851 seconds
68.678: [Full GC (Ergonomics) [PSYoungGen: 65536K->19941K(76288K)] [ParOldGen: 174629K->174620K(175104K)] 240165K->194562K(251392K), [Metaspace: 4217K->4217K(1056768K)], 0.0331908 secs] [Times: user=0.22 sys=0.00, real=0.03 secs] 
68.711: Total time for which application threads were stopped: 0.0332926 seconds
68.715: [Full GC (Ergonomics) [PSYoungGen: 65536K->19930K(76288K)] [ParOldGen: 174620K->174631K(175104K)] 240156K->194562K(251392K), [Metaspace: 4217K->4217K(1056768K)], 0.0325781 secs] [Times: user=0.23 sys=0.00, real=0.04 secs] 
68.747: Total time for which application threads were stopped: 0.0327375 seconds
68.751: [Full GC (Ergonomics) [PSYoungGen: 65536K->19933K(76288K)] [ParOldGen: 174631K->174628K(175104K)] 240167K->194562K(251392K), [Metaspace: 4217K->4217K(1056768K)], 0.0311083 secs] [Times: user=0.20 sys=0.01, real=0.03 secs] 
68.782: Total time for which application threads were stopped: 0.0312566 seconds
68.785: [Full GC (Ergonomics) [PSYoungGen: 65536K->19936K(76288K)] [ParOldGen: 174628K->174625K(175104K)] 240164K->194562K(251392K), [Metaspace: 4217K->4217K(1056768K)], 0.0329211 secs] [Times: user=0.22 sys=0.00, real=0.04 secs] 
68.818: Total time for which application threads were stopped: 0.0330172 seconds
68.821: [Full GC (Ergonomics) [PSYoungGen: 65536K->19924K(76288K)] [ParOldGen: 174625K->174637K(175104K)] 240161K->194562K(251392K), [Metaspace: 4217K->4217K(1056768K)], 0.0329830 secs] [Times: user=0.23 sys=0.00, real=0.03 secs] 
68.855: Total time for which application threads were stopped: 0.0331536 seconds
68.858: [Full GC (Ergonomics) [PSYoungGen: 65536K->19927K(76288K)] [ParOldGen: 174637K->174635K(175104K)] 240173K->194562K(251392K), [Metaspace: 4217K->4217K(1056768K)], 0.0325188 secs] [Times: user=0.23 sys=0.00, real=0.03 secs] 
68.891: Total time for which application threads were stopped: 0.0326658 seconds
68.894: [Full GC (Ergonomics) [PSYoungGen: 65536K->19933K(76288K)] [ParOldGen: 174635K->174628K(175104K)] 240171K->194562K(251392K), [Metaspace: 4217K->4217K(1056768K)], 0.0333876 secs] [Times: user=0.21 sys=0.00, real=0.04 secs] 
68.928: Total time for which application threads were stopped: 0.0335154 seconds
68.931: [Full GC (Ergonomics) [PSYoungGen: 65536K->19940K(76288K)] [ParOldGen: 174628K->174621K(175104K)] 240164K->194562K(251392K), [Metaspace: 4217K->4217K(1056768K)], 0.0312566 secs] [Times: user=0.21 sys=0.01, real=0.03 secs] 
68.963: Total time for which application threads were stopped: 0.0313778 seconds
68.966: [Full GC (Ergonomics) [PSYoungGen: 65536K->19927K(76288K)] [ParOldGen: 174621K->174634K(175104K)] 240157K->194562K(251392K), [Metaspace: 4217K->4217K(1056768K)], 0.0324111 secs] [Times: user=0.20 sys=0.00, real=0.04 secs] 
68.999: Total time for which application threads were stopped: 0.0325131 seconds
69.002: [Full GC (Ergonomics) [PSYoungGen: 65536K->19937K(76288K)] [ParOldGen: 174634K->174624K(175104K)] 240170K->194562K(251392K), [Metaspace: 4217K->4217K(1056768K)], 0.0319270 secs] [Times: user=0.22 sys=0.00, real=0.03 secs] 
69.034: Total time for which application threads were stopped: 0.0320507 seconds
69.037: [Full GC (Ergonomics) [PSYoungGen: 65536K->19923K(76288K)] [ParOldGen: 174624K->174638K(175104K)] 240160K->194562K(251392K), [Metaspace: 4217K->4217K(1056768K)], 0.0327149 secs] [Times: user=0.21 sys=0.00, real=0.03 secs] 
69.070: Total time for which application threads were stopped: 0.0328283 seconds
69.074: [Full GC (Ergonomics) [PSYoungGen: 65536K->19924K(76288K)] [ParOldGen: 174638K->174637K(175104K)] 240174K->194562K(251392K), [Metaspace: 4217K->4217K(1056768K)], 0.0325216 secs] [Times: user=0.22 sys=0.00, real=0.03 secs] 
69.106: Total time for which application threads were stopped: 0.0326229 seconds
69.110: [Full GC (Ergonomics) [PSYoungGen: 65536K->19926K(76288K)] [ParOldGen: 174637K->174635K(175104K)] 240173K->194562K(251392K), [Metaspace: 4217K->4217K(1056768K)], 0.0322637 secs] [Times: user=0.21 sys=0.00, real=0.03 secs] 
69.142: Total time for which application threads were stopped: 0.0323948 seconds
69.146: [Full GC (Ergonomics) [PSYoungGen: 65536K->19932K(76288K)] [ParOldGen: 174635K->174629K(175104K)] 240171K->194562K(251392K), [Metaspace: 4217K->4217K(1056768K)], 0.0329535 secs] [Times: user=0.22 sys=0.00, real=0.04 secs] 
69.179: Total time for which application threads were stopped: 0.0330882 seconds
69.182: [Full GC (Ergonomics) [PSYoungGen: 65536K->19927K(76288K)] [ParOldGen: 174629K->174634K(175104K)] 240165K->194562K(251392K), [Metaspace: 4217K->4217K(1056768K)], 0.0311940 secs] [Times: user=0.18 sys=0.01, real=0.03 secs] 
69.213: Total time for which application threads were stopped: 0.0313271 seconds
69.217: [Full GC (Ergonomics) [PSYoungGen: 65536K->19936K(76288K)] [ParOldGen: 174634K->174625K(175104K)] 240170K->194562K(251392K), [Metaspace: 4217K->4217K(1056768K)], 0.0309441 secs] [Times: user=0.20 sys=0.00, real=0.03 secs] 
69.248: Total time for which application threads were stopped: 0.0310618 seconds
69.251: [Full GC (Ergonomics) [PSYoungGen: 65536K->19926K(76288K)] [ParOldGen: 174625K->174635K(175104K)] 240161K->194562K(251392K), [Metaspace: 4217K->4217K(1056768K)], 0.0329784 secs] [Times: user=0.21 sys=0.00, real=0.03 secs] 
69.284: Total time for which application threads were stopped: 0.0331137 seconds
69.288: [Full GC (Ergonomics) [PSYoungGen: 65536K->19939K(76288K)] [ParOldGen: 174635K->174622K(175104K)] 240171K->194562K(251392K), [Metaspace: 4217K->4217K(1056768K)], 0.0329473 secs] [Times: user=0.20 sys=0.00, real=0.03 secs] 
69.321: Total time for which application threads were stopped: 0.0330763 seconds
69.324: [Full GC (Ergonomics) [PSYoungGen: 65536K->19932K(76288K)] [ParOldGen: 174622K->174629K(175104K)] 240158K->194562K(251392K), [Metaspace: 4217K->4217K(1056768K)], 0.0317240 secs] [Times: user=0.20 sys=0.00, real=0.03 secs] 
69.356: Total time for which application threads were stopped: 0.0318561 seconds
69.360: [Full GC (Ergonomics) [PSYoungGen: 65536K->19934K(76288K)] [ParOldGen: 174629K->174627K(175104K)] 240165K->194562K(251392K), [Metaspace: 4217K->4217K(1056768K)], 0.0324726 secs] [Times: user=0.20 sys=0.00, real=0.03 secs] 
69.392: Total time for which application threads were stopped: 0.0326018 seconds
69.396: [Full GC (Ergonomics) [PSYoungGen: 65536K->19934K(76288K)] [ParOldGen: 174627K->174627K(175104K)] 240163K->194562K(251392K), [Metaspace: 4217K->4217K(1056768K)], 0.0327407 secs] [Times: user=0.22 sys=0.00, real=0.04 secs] 
69.429: Total time for which application threads were stopped: 0.0328410 seconds
69.432: [Full GC (Ergonomics) [PSYoungGen: 65536K->19923K(76288K)] [ParOldGen: 174627K->174638K(175104K)] 240163K->194562K(251392K), [Metaspace: 4217K->4217K(1056768K)], 0.0327979 secs] [Times: user=0.22 sys=0.00, real=0.03 secs] 
69.465: Total time for which application threads were stopped: 0.0329199 seconds
69.469: [Full GC (Ergonomics) [PSYoungGen: 65536K->19936K(76288K)] [ParOldGen: 174638K->174625K(175104K)] 240174K->194562K(251392K), [Metaspace: 4217K->4217K(1056768K)], 0.0303372 secs] [Times: user=0.18 sys=0.01, real=0.03 secs] 
69.499: Total time for which application threads were stopped: 0.0304686 seconds
69.502: [Full GC (Ergonomics) [PSYoungGen: 65536K->19922K(76288K)] [ParOldGen: 174625K->174639K(175104K)] 240161K->194562K(251392K), [Metaspace: 4217K->4217K(1056768K)], 0.0321900 secs] [Times: user=0.21 sys=0.00, real=0.03 secs] 
69.535: Total time for which application threads were stopped: 0.0323205 seconds
69.538: [Full GC (Ergonomics) [PSYoungGen: 65536K->19923K(76288K)] [ParOldGen: 174639K->174638K(175104K)] 240175K->194562K(251392K), [Metaspace: 4217K->4217K(1056768K)], 0.0329569 secs] [Times: user=0.20 sys=0.00, real=0.03 secs] 
69.571: Total time for which application threads were stopped: 0.0330773 seconds
69.575: [Full GC (Ergonomics) [PSYoungGen: 65536K->19928K(76288K)] [ParOldGen: 174638K->174633K(175104K)] 240174K->194562K(251392K), [Metaspace: 4217K->4217K(1056768K)], 0.0321068 secs] [Times: user=0.21 sys=0.00, real=0.04 secs] 
69.607: Total time for which application threads were stopped: 0.0322169 seconds
69.610: [Full GC (Ergonomics) [PSYoungGen: 65536K->19930K(76288K)] [ParOldGen: 174633K->174631K(175104K)] 240169K->194562K(251392K), [Metaspace: 4217K->4217K(1056768K)], 0.0323550 secs] [Times: user=0.21 sys=0.00, real=0.03 secs] 
69.643: Total time for which application threads were stopped: 0.0324706 seconds
69.647: [Full GC (Ergonomics) [PSYoungGen: 65536K->19937K(76288K)] [ParOldGen: 174631K->174624K(175104K)] 240167K->194562K(251392K), [Metaspace: 4217K->4217K(1056768K)], 0.0323989 secs] [Times: user=0.22 sys=0.00, real=0.04 secs] 
69.679: Total time for which application threads were stopped: 0.0325301 seconds
69.682: [Full GC (Ergonomics) [PSYoungGen: 65536K->19918K(76288K)] [ParOldGen: 174624K->174643K(175104K)] 240160K->194562K(251392K), [Metaspace: 4217K->4217K(1056768K)], 0.0327238 secs] [Times: user=0.21 sys=0.00, real=0.03 secs] 
69.715: Total time for which application threads were stopped: 0.0328542 seconds
69.719: [Full GC (Ergonomics) [PSYoungGen: 65536K->19928K(76288K)] [ParOldGen: 174643K->174633K(175104K)] 240179K->194562K(251392K), [Metaspace: 4217K->4217K(1056768K)], 0.0304571 secs] [Times: user=0.20 sys=0.01, real=0.03 secs] 
69.749: Total time for which application threads were stopped: 0.0305593 seconds
69.753: [Full GC (Ergonomics) [PSYoungGen: 65536K->19932K(76288K)] [ParOldGen: 174633K->174629K(175104K)] 240169K->194562K(251392K), [Metaspace: 4217K->4217K(1056768K)], 0.0328110 secs] [Times: user=0.23 sys=0.00, real=0.03 secs] 
69.785: Total time for which application threads were stopped: 0.0329209 seconds
69.789: [Full GC (Ergonomics) [PSYoungGen: 65536K->19926K(76288K)] [ParOldGen: 174629K->174635K(175104K)] 240165K->194562K(251392K), [Metaspace: 4217K->4217K(1056768K)], 0.0310581 secs] [Times: user=0.20 sys=0.00, real=0.03 secs] 
69.820: Total time for which application threads were stopped: 0.0312041 seconds
69.823: [Full GC (Ergonomics) [PSYoungGen: 65536K->19926K(76288K)] [ParOldGen: 174635K->174635K(175104K)] 240171K->194562K(251392K), [Metaspace: 4217K->4217K(1056768K)], 0.0325407 secs] [Times: user=0.22 sys=0.00, real=0.03 secs] 
69.856: Total time for which application threads were stopped: 0.0326722 seconds
69.859: [Full GC (Ergonomics) [PSYoungGen: 65536K->19934K(76288K)] [ParOldGen: 174635K->174627K(175104K)] 240171K->194562K(251392K), [Metaspace: 4217K->4217K(1056768K)], 0.0305222 secs] [Times: user=0.19 sys=0.00, real=0.03 secs] 
69.890: Total time for which application threads were stopped: 0.0306947 seconds
69.893: [Full GC (Ergonomics) [PSYoungGen: 65536K->19934K(76288K)] [ParOldGen: 174627K->174627K(175104K)] 240163K->194562K(251392K), [Metaspace: 4217K->4217K(1056768K)], 0.0325947 secs] [Times: user=0.22 sys=0.00, real=0.03 secs] 
69.926: Total time for which application threads were stopped: 0.0327119 seconds
69.930: [Full GC (Ergonomics) [PSYoungGen: 65536K->19933K(76288K)] [ParOldGen: 174627K->174628K(175104K)] 240163K->194562K(251392K), [Metaspace: 4217K->4217K(1056768K)], 0.0310967 secs] [Times: user=0.22 sys=0.01, real=0.03 secs] 
69.961: Total time for which application threads were stopped: 0.0312038 seconds
69.964: [Full GC (Ergonomics) [PSYoungGen: 65536K->19934K(76288K)] [ParOldGen: 174628K->174627K(175104K)] 240164K->194562K(251392K), [Metaspace: 4217K->4217K(1056768K)], 0.0327004 secs] [Times: user=0.21 sys=0.00, real=0.04 secs] 
69.997: Total time for which application threads were stopped: 0.0327899 seconds
70.000: [Full GC (Ergonomics) [PSYoungGen: 65536K->19930K(76288K)] [ParOldGen: 174627K->174631K(175104K)] 240163K->194562K(251392K), [Metaspace: 4217K->4217K(1056768K)], 0.0325091 secs] [Times: user=0.21 sys=0.00, real=0.03 secs] 
70.033: Total time for which application threads were stopped: 0.0326057 seconds
70.036: [Full GC (Ergonomics) [PSYoungGen: 65536K->19928K(76288K)] [ParOldGen: 174631K->174633K(175104K)] 240167K->194562K(251392K), [Metaspace: 4217K->4217K(1056768K)], 0.0326652 secs] [Times: user=0.22 sys=0.00, real=0.04 secs] 
70.069: Total time for which application threads were stopped: 0.0327799 seconds
70.073: [Full GC (Ergonomics) [PSYoungGen: 65536K->19931K(76288K)] [ParOldGen: 174633K->174630K(175104K)] 240169K->194562K(251392K), [Metaspace: 4217K->4217K(1056768K)], 0.0322169 secs] [Times: user=0.21 sys=0.00, real=0.03 secs] 
70.105: Total time for which application threads were stopped: 0.0323560 seconds
70.108: [Full GC (Ergonomics) [PSYoungGen: 65536K->19937K(76288K)] [ParOldGen: 174630K->174624K(175104K)] 240166K->194562K(251392K), [Metaspace: 4217K->4217K(1056768K)], 0.0324640 secs] [Times: user=0.22 sys=0.00, real=0.03 secs] 
70.141: Total time for which application threads were stopped: 0.0325981 seconds
70.144: [Full GC (Ergonomics) [PSYoungGen: 65536K->19925K(76288K)] [ParOldGen: 174624K->174636K(175104K)] 240160K->194562K(251392K), [Metaspace: 4217K->4217K(1056768K)], 0.0327626 secs] [Times: user=0.24 sys=0.01, real=0.04 secs] 
70.177: Total time for which application threads were stopped: 0.0328730 seconds
70.181: [Full GC (Ergonomics) [PSYoungGen: 65536K->19921K(76288K)] [ParOldGen: 174636K->174641K(175104K)] 240172K->194562K(251392K), [Metaspace: 4217K->4217K(1056768K)], 0.0316675 secs] [Times: user=0.19 sys=0.00, real=0.03 secs] 
70.213: Total time for which application threads were stopped: 0.0318063 seconds
70.216: [Full GC (Ergonomics) [PSYoungGen: 65536K->19928K(76288K)] [ParOldGen: 174641K->174633K(175104K)] 240177K->194562K(251392K), [Metaspace: 4217K->4217K(1056768K)], 0.0322989 secs] [Times: user=0.22 sys=0.00, real=0.04 secs] 
70.248: Total time for which application threads were stopped: 0.0324128 seconds
70.249: Total time for which application threads were stopped: 0.0001449 seconds
70.252: [Full GC (Ergonomics) [PSYoungGen: 65536K->19925K(76288K)] [ParOldGen: 174633K->174636K(175104K)] 240169K->194562K(251392K), [Metaspace: 4217K->4217K(1056768K)], 0.0309045 secs] [Times: user=0.20 sys=0.00, real=0.03 secs] 
70.283: Total time for which application threads were stopped: 0.0310656 seconds
70.286: [Full GC (Ergonomics) [PSYoungGen: 65536K->19936K(76288K)] [ParOldGen: 174636K->174625K(175104K)] 240172K->194562K(251392K), [Metaspace: 4217K->4217K(1056768K)], 0.0321596 secs] [Times: user=0.22 sys=0.00, real=0.04 secs] 
70.319: Total time for which application threads were stopped: 0.0322884 seconds
70.322: [Full GC (Ergonomics) [PSYoungGen: 65536K->19931K(76288K)] [ParOldGen: 174625K->174630K(175104K)] 240161K->194562K(251392K), [Metaspace: 4217K->4217K(1056768K)], 0.0328972 secs] [Times: user=0.21 sys=0.00, real=0.03 secs] 
70.355: Total time for which application threads were stopped: 0.0330285 seconds
70.358: [Full GC (Ergonomics) [PSYoungGen: 65536K->19928K(76288K)] [ParOldGen: 174630K->174633K(175104K)] 240166K->194562K(251392K), [Metaspace: 4217K->4217K(1056768K)], 0.0322562 secs] [Times: user=0.22 sys=0.00, real=0.03 secs] 
70.391: Total time for which application threads were stopped: 0.0323901 seconds
70.394: [Full GC (Ergonomics) [PSYoungGen: 65536K->19925K(76288K)] [ParOldGen: 174633K->174636K(175104K)] 240169K->194562K(251392K), [Metaspace: 4217K->4217K(1056768K)], 0.0325659 secs] [Times: user=0.22 sys=0.01, real=0.04 secs] 
70.427: Total time for which application threads were stopped: 0.0326991 seconds
70.430: [Full GC (Ergonomics) [PSYoungGen: 65536K->19936K(76288K)] [ParOldGen: 174636K->174625K(175104K)] 240172K->194562K(251392K), [Metaspace: 4217K->4217K(1056768K)], 0.0331739 secs] [Times: user=0.23 sys=0.00, real=0.03 secs] 
70.463: Total time for which application threads were stopped: 0.0333076 seconds
70.467: [Full GC (Ergonomics) [PSYoungGen: 65536K->19929K(76288K)] [ParOldGen: 174625K->174632K(175104K)] 240161K->194562K(251392K), [Metaspace: 4217K->4217K(1056768K)], 0.0325472 secs] [Times: user=0.21 sys=0.00, real=0.03 secs] 
70.499: Total time for which application threads were stopped: 0.0326663 seconds
70.503: [Full GC (Ergonomics) [PSYoungGen: 65536K->19931K(76288K)] [ParOldGen: 174632K->174630K(175104K)] 240168K->194562K(251392K), [Metaspace: 4217K->4217K(1056768K)], 0.0327787 secs] [Times: user=0.23 sys=0.00, real=0.03 secs] 
70.536: Total time for which application threads were stopped: 0.0328922 seconds
70.539: [Full GC (Ergonomics) [PSYoungGen: 65536K->19931K(76288K)] [ParOldGen: 174630K->174630K(175104K)] 240166K->194562K(251392K), [Metaspace: 4217K->4217K(1056768K)], 0.0331518 secs] [Times: user=0.22 sys=0.00, real=0.03 secs] 
70.572: Total time for which application threads were stopped: 0.0332657 seconds
70.576: [Full GC (Ergonomics) [PSYoungGen: 65536K->19932K(76288K)] [ParOldGen: 174630K->174629K(175104K)] 240166K->194562K(251392K), [Metaspace: 4217K->4217K(1056768K)], 0.0324816 secs] [Times: user=0.19 sys=0.00, real=0.04 secs] 
70.608: Total time for which application threads were stopped: 0.0325927 seconds
70.612: [Full GC (Ergonomics) [PSYoungGen: 65536K->19925K(76288K)] [ParOldGen: 174629K->174636K(175104K)] 240165K->194562K(251392K), [Metaspace: 4217K->4217K(1056768K)], 0.0310667 secs] [Times: user=0.20 sys=0.00, real=0.03 secs] 
70.643: Total time for which application threads were stopped: 0.0311845 seconds
70.646: [Full GC (Ergonomics) [PSYoungGen: 65536K->19936K(76288K)] [ParOldGen: 174636K->174625K(175104K)] 240172K->194562K(251392K), [Metaspace: 4217K->4217K(1056768K)], 0.0321786 secs] [Times: user=0.20 sys=0.01, real=0.04 secs] 
70.679: Total time for which application threads were stopped: 0.0322929 seconds
70.682: [Full GC (Ergonomics) [PSYoungGen: 65536K->19925K(76288K)] [ParOldGen: 174625K->174636K(175104K)] 240161K->194562K(251392K), [Metaspace: 4217K->4217K(1056768K)], 0.0324064 secs] [Times: user=0.20 sys=0.00, real=0.03 secs] 
70.715: Total time for which application threads were stopped: 0.0325114 seconds
Heap
 PSYoungGen      total 76288K, used 48653K [0x00000007aab00000, 0x00000007b0000000, 0x00000007c0000000)
  eden space 65536K, 74% used [0x00000007aab00000,0x00000007ada83478,0x00000007aeb00000)
  from space 10752K, 0% used [0x00000007af580000,0x00000007af580000,0x00000007b0000000)
  to   space 10752K, 0% used [0x00000007aeb00000,0x00000007aeb00000,0x00000007af580000)
 ParOldGen       total 175104K, used 174636K [0x0000000780000000, 0x000000078ab00000, 0x00000007aab00000)
  object space 175104K, 99% used [0x0000000780000000,0x000000078aa8b090,0x000000078ab00000)
 Metaspace       used 4223K, capacity 4640K, committed 4864K, reserved 1056768K
  class space    used 470K, capacity 495K, committed 512K, reserved 1048576K
